<?xml version="1.0" ?>

<verbosegc xmlns="http://www.ibm.com/j9/verbosegc" version="10b4217_CMPRSS">

<initialized id="1" timestamp="2019-06-14T20:52:15.535">
  <attribute name="gcPolicy" value="-Xgcpolicy:gencon" />
  <attribute name="elasticGC enabled" value="1" />
  <attribute name= "numThreadsSpecified" value="0" />
  <attribute name="heapSize specified" value="0" />
  <attribute name="Current GC Util" value="0" />
  <attribute name= "Current Time Running" value="0" />
  <attribute name ="GC Interval" value="0" />
  <attribute name="ProportionalT" value="0.000000" />
  <attribute name="ProportionalI" value="0.000000" />
  <attribute name="ProportionalH" value="0.000000" />
  <attribute name="IntegralT" value="0.000000" />
  <attribute name="IntegralI" value="0.000000" />
  <attribute name="IntegralH" value="0.000000" />
  <attribute name="DerivativeT" value="0.000000" />
  <attribute name="DerivativeI" value="0.000000" />
  <attribute name="DerivativeH" value="0.000000" />
  <attribute name="Target GC Util Change" value ="0.000000" />
  <attribute name="Current GC Util Change" value="0.000000"/>
  <attribute name="Current Error" value="0.000000" />
  <attribute name="Loop Time for DT" value="0.000000" />
  <attribute name="Output H" value="0"/>
  <attribute name="Output I" value="0"/>
  <attribute name="Output T" value="0"/>
  <attribute name="GC Util currently" value="0" />
  <attribute name="CPU Util currently" value="0" />
  <attribute name="maxHeapSize" value="0x7cbc0000" />
  <attribute name="initialHeapSize" value="0x800000" />
  <attribute name="compressedRefs" value="true" />
  <attribute name="compressedRefsDisplacement" value="0x0" />
  <attribute name="compressedRefsShift" value="0x0" />
  <attribute name="pageSize" value="0x1000" />
  <attribute name="pageType" value="not used" />
  <attribute name="requestedPageSize" value="0x1000" />
  <attribute name="requestedPageType" value="not used" />
  <attribute name="gcthreads" value="4" />
  <attribute name="gcthreads Concurrent Mark" value="1" />
  <attribute name="packetListSplit" value="4" />
  <attribute name="cacheListSplit" value="4" />
  <attribute name="splitFreeListSplitAmount" value="1" />
  <attribute name="numaNodes" value="0" />
  <system>
    <attribute name="physicalMemory" value="8370962432" />
    <attribute name="numCPUs" value="4" />
    <attribute name="architecture" value="amd64" />
    <attribute name="os" value="Linux" />
    <attribute name="osVersion" value="4.4.0-148-generic" />
  </system>
  <vmargs>
    <vmarg name="-Xoptionsfile=/vagrant/jdk/lib/options.default" />
    <vmarg name="-Xlockword:mode=default,noLockword=java/lang/String,noLockword=java/util/MapEntry,noLockword=java/util/HashMap$Entry,noLockword..." />
    <vmarg name="-Xjcl:jclse29" />
    <vmarg name="-Dcom.ibm.oti.vm.bootstrap.library.path=/vagrant/jdk/lib/compressedrefs:/vagrant/jdk/lib" />
    <vmarg name="-Dsun.boot.library.path=/vagrant/jdk/lib/compressedrefs:/vagrant/jdk/lib" />
    <vmarg name="-Djava.library.path=/vagrant/jdk/lib/compressedrefs:/vagrant/jdk/lib:/usr/lib64:/usr/lib" />
    <vmarg name="-Djava.home=/vagrant/jdk" />
    <vmarg name="-Duser.dir=/vagrant" />
    <vmarg name="-verbose:gc" />
    <vmarg name="-Xgcelastic" />
    <vmarg name="-Xcheck:gc:::elasticGC" />
    <vmarg name="-Xloggc:large-jdk0.5-1-0.5-verbose15jython.txt" />
    <vmarg name="-Djava.class.path=dacapo-9.12-MR1-bach.jar" />
    <vmarg name="-Dsun.java.command=dacapo-9.12-MR1-bach.jar jython --size=large" />
    <vmarg name="-Dsun.java.launcher=SUN_STANDARD" />
    <vmarg name="-Dsun.java.launcher.pid=22309" />
  </vmargs>
</initialized>

<exclusive-start id="2" timestamp="2019-06-14T20:52:15.755" intervalms="219.818">
  <response-info timems="0.073" idlems="0.073" threads="0" lastid="00000000015BE700" lastname="main" />
</exclusive-start>
<af-start id="3" threadId="00000000015BF088" totalBytesRequested="7176" timestamp="2019-06-14T20:52:15.755" intervalms="220.128" type="nursery" />
<cycle-start id="4" type="scavenge" contextid="0" timestamp="2019-06-14T20:52:15.755" intervalms="220.607" />
<gc-start id="5" type="scavenge" contextid="4" timestamp="2019-06-14T20:52:15.761">
  <mem-info id="6" free="6062624" total="8388608" percent="72">
    <mem type="nursery" free="0" total="2097152" percent="0">
      <mem type="allocate" free="0" total="1048576" percent="0" />
      <mem type="survivor" free="0" total="1048576" percent="0" />
    </mem>
    <mem type="tenure" free="6062624" total="6291456" percent="96">
      <mem type="soa" free="5748256" total="5977088" percent="96" />
      <mem type="loa" free="314368" total="314368" percent="100" />
    </mem>
    <remembered-set count="3161" />
  </mem-info>
</gc-start>
<allocation-stats totalBytes="1276336" >
  <allocated-bytes non-tlh="344784" tlh="931552" />
  <largest-consumer threadName="main" threadId="00000000015BE700" bytes="1200424" />
</allocation-stats>
<gc-op id="7" type="scavenge" timems="2.463" contextid="4" timestamp="2019-06-14T20:52:15.764">
  <scavenger-info tenureage="2" tenuremask="fffc" tiltratio="50" />
  <memory-copied type="nursery" objects="10578" bytes="479600" bytesdiscarded="82648" />
  <finalization candidates="11" enqueued="0" />
  <references type="soft" candidates="62" cleared="0" enqueued="0" dynamicThreshold="32" maxThreshold="32" />
  <references type="weak" candidates="309" cleared="177" enqueued="141" />
  <references type="phantom" candidates="25" cleared="6" enqueued="6" />
</gc-op>
<gc-end id="8" type="scavenge" contextid="4" durationms="6.471" usertimems="4.000" systemtimems="4.000" timestamp="2019-06-14T20:52:15.767" activeThreads="4">
  <mem-info id="9" free="6546856" total="8388608" percent="78">
    <mem type="nursery" free="484232" total="2097152" percent="23">
      <mem type="allocate" free="484232" total="1048576" percent="46" />
      <mem type="survivor" free="0" total="1048576" percent="0" />
    </mem>
    <mem type="tenure" free="6062624" total="6291456" percent="96">
      <mem type="soa" free="5748256" total="5977088" percent="96" />
      <mem type="loa" free="314368" total="314368" percent="100" />
    </mem>
    <pending-finalizers system="0" default="0" reference="147" classloader="0" />
    <remembered-set count="3161" />
  </mem-info>
</gc-end>
<cycle-end id="10" type="scavenge" contextid="4" timestamp="2019-06-14T20:52:15.768" />
  <attribute name="elasticGC enabled" value="1" />
  <attribute name= "numThreadsSpecified" value="0" />
  <attribute name="heapSize specified" value="0" />
  <attribute name="Current GC Util" value="0" />
  <attribute name= "Current Time Running" value="79" />
  <attribute name ="GC Interval" value="1" />
  <attribute name="ProportionalT" value="0.000000" />
  <attribute name="ProportionalI" value="0.000000" />
  <attribute name="ProportionalH" value="0.000000" />
  <attribute name="Current Error" value="0.000000" />
  <attribute name="IntegralT" value="0.000000" />
  <attribute name="IntegralI" value="0.000000" />
  <attribute name="IntegralH" value="0.000000" />
  <attribute name="DerivativeT" value="0.000000" />
  <attribute name="DerivativeI" value="0.000000" />
  <attribute name="DerivativeH" value="0.000000" />
  <attribute name="Loop Time for DT" value="0.000000" />
  <attribute name="Output H" value="0"/>
  <attribute name="Output I" value="0"/>
  <attribute name="Output T" value="0"/>
  <attribute name="Target GC Util Change" value ="20.000000" />
  <attribute name="Current GC Util Change" value="0.000000"/>
  <attribute name="GC Util currently" value="0" />
  <attribute name="CPU Util currently" value="28" />
<allocation-satisfied id="11" threadId="00000000015BE700" bytesRequested="7176" />
<af-end id="12" timestamp="2019-06-14T20:52:15.768" threadId="00000000015BF088" success="true" from="nursery"/>
<exclusive-end id="13" timestamp="2019-06-14T20:52:15.768" durationms="13.489" />

<exclusive-start id="14" timestamp="2019-06-14T20:52:15.790" intervalms="35.886">
  <response-info timems="0.027" idlems="0.027" threads="0" lastid="00000000015BE700" lastname="main" />
</exclusive-start>
<af-start id="15" threadId="00000000015BF088" totalBytesRequested="3616" timestamp="2019-06-14T20:52:15.790" intervalms="35.657" type="nursery" />
<cycle-start id="16" type="scavenge" contextid="0" timestamp="2019-06-14T20:52:15.791" intervalms="35.247" />
<gc-start id="17" type="scavenge" contextid="16" timestamp="2019-06-14T20:52:15.794">
  <mem-info id="18" free="6054720" total="8388608" percent="72">
    <mem type="nursery" free="0" total="2097152" percent="0">
      <mem type="allocate" free="0" total="1048576" percent="0" />
      <mem type="survivor" free="0" total="1048576" percent="0" />
    </mem>
    <mem type="tenure" free="6054720" total="6291456" percent="96">
      <mem type="soa" free="5740352" total="5977088" percent="96" />
      <mem type="loa" free="314368" total="314368" percent="100" />
    </mem>
    <remembered-set count="3264" />
  </mem-info>
</gc-start>
<allocation-stats totalBytes="486152" >
  <allocated-bytes non-tlh="15080" tlh="471072" />
  <largest-consumer threadName="main" threadId="00000000015BE700" bytes="474176" />
</allocation-stats>
<gc-op id="19" type="scavenge" timems="0.904" contextid="16" timestamp="2019-06-14T20:52:15.795">
  <scavenger-info tenureage="5" tenuremask="7fe0" tiltratio="50" />
  <memory-copied type="nursery" objects="10917" bytes="486760" bytesdiscarded="28752" />
  <finalization candidates="11" enqueued="0" />
  <references type="soft" candidates="62" cleared="0" enqueued="0" dynamicThreshold="32" maxThreshold="32" />
  <references type="weak" candidates="249" cleared="104" enqueued="101" />
  <references type="phantom" candidates="39" cleared="13" enqueued="13" />
</gc-op>
<gc-end id="20" type="scavenge" contextid="16" durationms="1.087" usertimems="4.000" systemtimems="0.000" timestamp="2019-06-14T20:52:15.795" activeThreads="4">
  <mem-info id="21" free="6586320" total="8388608" percent="78">
    <mem type="nursery" free="531600" total="2097152" percent="25">
      <mem type="allocate" free="531600" total="1048576" percent="50" />
      <mem type="survivor" free="0" total="1048576" percent="0" />
    </mem>
    <mem type="tenure" free="6054720" total="6291456" percent="96">
      <mem type="soa" free="5740352" total="5977088" percent="96" />
      <mem type="loa" free="314368" total="314368" percent="100" />
    </mem>
    <pending-finalizers system="0" default="0" reference="114" classloader="0" />
    <remembered-set count="3264" />
  </mem-info>
</gc-end>
<cycle-end id="22" type="scavenge" contextid="16" timestamp="2019-06-14T20:52:15.796" />
  <attribute name="elasticGC enabled" value="1" />
  <attribute name= "numThreadsSpecified" value="4" />
  <attribute name="heapSize specified" value="0" />
  <attribute name="Current GC Util" value="34" />
  <attribute name= "Current Time Running" value="113" />
  <attribute name ="GC Interval" value="488" />
  <attribute name="ProportionalT" value="7.000000" />
  <attribute name="ProportionalI" value="7.000000" />
  <attribute name="ProportionalH" value="7.000000" />
  <attribute name="Current Error" value="14.000000" />
  <attribute name="IntegralT" value="476.000000" />
  <attribute name="IntegralI" value="476.000000" />
  <attribute name="IntegralH" value="476.000000" />
  <attribute name="DerivativeT" value="0.205882" />
  <attribute name="DerivativeI" value="0.205882" />
  <attribute name="DerivativeH" value="0.205882" />
  <attribute name="Loop Time for DT" value="34.000000" />
  <attribute name="Output H" value="8388608"/>
  <attribute name="Output I" value="488"/>
  <attribute name="Output T" value="4"/>
  <attribute name="Target GC Util Change" value ="20.000000" />
  <attribute name="Current GC Util Change" value="34.000000"/>
  <attribute name="GC Util currently" value="34" />
  <attribute name="CPU Util currently" value="6" />
<allocation-satisfied id="23" threadId="00000000015BE700" bytesRequested="3616" />
<af-end id="24" timestamp="2019-06-14T20:52:15.796" threadId="00000000015BF088" success="true" from="nursery"/>
<exclusive-end id="25" timestamp="2019-06-14T20:52:15.796" durationms="5.282" />

<exclusive-start id="26" timestamp="2019-06-14T20:52:15.810" intervalms="19.103">
  <response-info timems="0.058" idlems="0.058" threads="0" lastid="00000000015BE700" lastname="main" />
</exclusive-start>
<af-start id="27" threadId="00000000015BF088" totalBytesRequested="1152" timestamp="2019-06-14T20:52:15.810" intervalms="19.129" type="nursery" />
<cycle-start id="28" type="scavenge" contextid="0" timestamp="2019-06-14T20:52:15.810" intervalms="19.152" />
<gc-start id="29" type="scavenge" contextid="28" timestamp="2019-06-14T20:52:15.810">
  <mem-info id="30" free="6049304" total="8388608" percent="72">
    <mem type="nursery" free="0" total="2097152" percent="0">
      <mem type="allocate" free="0" total="1048576" percent="0" />
      <mem type="survivor" free="0" total="1048576" percent="0" />
    </mem>
    <mem type="tenure" free="6049304" total="6291456" percent="96">
      <mem type="soa" free="5734936" total="5977088" percent="95" />
      <mem type="loa" free="314368" total="314368" percent="100" />
    </mem>
    <remembered-set count="3349" />
  </mem-info>
</gc-start>
<allocation-stats totalBytes="508448" >
  <allocated-bytes non-tlh="9032" tlh="499416" />
  <largest-consumer threadName="main" threadId="00000000015BE700" bytes="500256" />
</allocation-stats>
<gc-op id="31" type="scavenge" timems="0.854" contextid="28" timestamp="2019-06-14T20:52:15.811">
  <scavenger-info tenureage="4" tenuremask="7ff0" tiltratio="50" />
  <memory-copied type="nursery" objects="11062" bytes="546328" bytesdiscarded="173536" />
  <finalization candidates="11" enqueued="0" />
  <references type="soft" candidates="62" cleared="0" enqueued="0" dynamicThreshold="32" maxThreshold="32" />
  <references type="weak" candidates="242" cleared="94" enqueued="94" />
  <references type="phantom" candidates="44" cleared="14" enqueued="14" />
</gc-op>
<gc-end id="32" type="scavenge" contextid="28" durationms="1.130" usertimems="0.000" systemtimems="0.000" timestamp="2019-06-14T20:52:15.811" activeThreads="4">
  <mem-info id="33" free="6376544" total="8388608" percent="76">
    <mem type="nursery" free="327240" total="2097152" percent="15">
      <mem type="allocate" free="327240" total="1048576" percent="31" />
      <mem type="survivor" free="0" total="1048576" percent="0" />
    </mem>
    <mem type="tenure" free="6049304" total="6291456" percent="96">
      <mem type="soa" free="5734936" total="5977088" percent="95" />
      <mem type="loa" free="314368" total="314368" percent="100" />
    </mem>
    <pending-finalizers system="0" default="0" reference="108" classloader="0" />
    <remembered-set count="1079" />
  </mem-info>
</gc-end>
<cycle-end id="34" type="scavenge" contextid="28" timestamp="2019-06-14T20:52:15.811" />
  <attribute name="elasticGC enabled" value="1" />
  <attribute name= "numThreadsSpecified" value="4" />
  <attribute name="heapSize specified" value="0" />
  <attribute name="Current GC Util" value="34" />
  <attribute name= "Current Time Running" value="128" />
  <attribute name ="GC Interval" value="696" />
  <attribute name="ProportionalT" value="7.000000" />
  <attribute name="ProportionalI" value="7.000000" />
  <attribute name="ProportionalH" value="7.000000" />
  <attribute name="Current Error" value="14.000000" />
  <attribute name="IntegralT" value="686.000000" />
  <attribute name="IntegralI" value="686.000000" />
  <attribute name="IntegralH" value="686.000000" />
  <attribute name="DerivativeT" value="0.000000" />
  <attribute name="DerivativeI" value="0.000000" />
  <attribute name="DerivativeH" value="0.000000" />
  <attribute name="Loop Time for DT" value="15.000000" />
  <attribute name="Output H" value="8388608"/>
  <attribute name="Output I" value="696"/>
  <attribute name="Output T" value="4"/>
  <attribute name="Target GC Util Change" value ="20.000000" />
  <attribute name="Current GC Util Change" value="34.000000"/>
  <attribute name="GC Util currently" value="34" />
  <attribute name="CPU Util currently" value="298192792325" />
<allocation-satisfied id="35" threadId="00000000015BE700" bytesRequested="1152" />
<af-end id="36" timestamp="2019-06-14T20:52:15.811" threadId="00000000015BF088" success="true" from="nursery"/>
<exclusive-end id="37" timestamp="2019-06-14T20:52:15.811" durationms="1.840" />

<exclusive-start id="38" timestamp="2019-06-14T20:52:16.071" intervalms="261.201">
  <response-info timems="0.035" idlems="0.035" threads="0" lastid="00000000015BE700" lastname="main" />
</exclusive-start>
<af-start id="39" threadId="00000000015BF088" totalBytesRequested="88" timestamp="2019-06-14T20:52:16.071" intervalms="261.237" type="nursery" />
<cycle-start id="40" type="scavenge" contextid="0" timestamp="2019-06-14T20:52:16.071" intervalms="261.268" />
<gc-start id="41" type="scavenge" contextid="40" timestamp="2019-06-14T20:52:16.071">
  <mem-info id="42" free="6048480" total="8388608" percent="72">
    <mem type="nursery" free="0" total="2097152" percent="0">
      <mem type="allocate" free="0" total="1048576" percent="0" />
      <mem type="survivor" free="0" total="1048576" percent="0" />
    </mem>
    <mem type="tenure" free="6048480" total="6291456" percent="96">
      <mem type="soa" free="5734112" total="5977088" percent="95" />
      <mem type="loa" free="314368" total="314368" percent="100" />
    </mem>
    <remembered-set count="1091" />
  </mem-info>
</gc-start>
<allocation-stats totalBytes="327920" >
  <allocated-bytes non-tlh="45024" tlh="282896" />
  <largest-consumer threadName="main" threadId="00000000015BE700" bytes="327920" />
</allocation-stats>
<gc-op id="43" type="scavenge" timems="1.072" contextid="40" timestamp="2019-06-14T20:52:16.072">
  <scavenger-info tenureage="3" tenuremask="fff8" tiltratio="50" />
  <memory-copied type="nursery" objects="651" bytes="169552" bytesdiscarded="48240" />
  <memory-copied type="tenure" objects="10289" bytes="459840" bytesdiscarded="264" />
  <finalization candidates="13" enqueued="0" />
  <references type="soft" candidates="1" cleared="0" enqueued="0" dynamicThreshold="32" maxThreshold="32" />
  <references type="weak" candidates="36" cleared="21" enqueued="21" />
  <references type="phantom" candidates="17" cleared="6" enqueued="6" />
</gc-op>
<gc-end id="44" type="scavenge" contextid="40" durationms="1.420" usertimems="4.000" systemtimems="0.000" timestamp="2019-06-14T20:52:16.072" activeThreads="4">
  <mem-info id="45" free="6291024" total="8388608" percent="74">
    <mem type="nursery" free="830728" total="2097152" percent="39">
      <mem type="allocate" free="830728" total="1048576" percent="79" />
      <mem type="survivor" free="0" total="1048576" percent="0" />
    </mem>
    <mem type="tenure" free="5460296" total="6291456" percent="86">
      <mem type="soa" free="5145928" total="5977088" percent="86" />
      <mem type="loa" free="314368" total="314368" percent="100" />
    </mem>
    <pending-finalizers system="0" default="0" reference="27" classloader="0" />
    <remembered-set count="208" />
  </mem-info>
</gc-end>
<cycle-end id="46" type="scavenge" contextid="40" timestamp="2019-06-14T20:52:16.073" />
  <attribute name="elasticGC enabled" value="1" />
  <attribute name= "numThreadsSpecified" value="4" />
  <attribute name="heapSize specified" value="0" />
  <attribute name="Current GC Util" value="0" />
  <attribute name= "Current Time Running" value="390" />
  <attribute name ="GC Interval" value="200" />
  <attribute name="ProportionalT" value="-10.000000" />
  <attribute name="ProportionalI" value="-10.000000" />
  <attribute name="ProportionalH" value="-10.000000" />
  <attribute name="Current Error" value="-20.000000" />
  <attribute name="IntegralT" value="-4554.000000" />
  <attribute name="IntegralI" value="-4554.000000" />
  <attribute name="IntegralH" value="-4554.000000" />
  <attribute name="DerivativeT" value="-0.064885" />
  <attribute name="DerivativeI" value="-0.064885" />
  <attribute name="DerivativeH" value="-0.064885" />
  <attribute name="Loop Time for DT" value="262.000000" />
  <attribute name="Output H" value="2092630016"/>
  <attribute name="Output I" value="200"/>
  <attribute name="Output T" value="4"/>
  <attribute name="Target GC Util Change" value ="20.000000" />
  <attribute name="Current GC Util Change" value="0.000000"/>
  <attribute name="GC Util currently" value="0" />
  <attribute name="CPU Util currently" value="5" />
<allocation-satisfied id="47" threadId="00000000015BE700" bytesRequested="88" />
<af-end id="48" timestamp="2019-06-14T20:52:16.073" threadId="00000000015BF088" success="true" from="nursery"/>
<exclusive-end id="49" timestamp="2019-06-14T20:52:16.073" durationms="2.114" />

<exclusive-start id="50" timestamp="2019-06-14T20:52:16.324" intervalms="252.801">
  <response-info timems="0.031" idlems="0.031" threads="0" lastid="00000000015BE700" lastname="main" />
</exclusive-start>
<af-start id="51" threadId="00000000015BF088" totalBytesRequested="2056" timestamp="2019-06-14T20:52:16.324" intervalms="252.738" type="nursery" />
<cycle-start id="52" type="scavenge" contextid="0" timestamp="2019-06-14T20:52:16.324" intervalms="252.677" />
<gc-start id="53" type="scavenge" contextid="52" timestamp="2019-06-14T20:52:16.324">
  <mem-info id="54" free="5459376" total="8388608" percent="65">
    <mem type="nursery" free="0" total="2097152" percent="0">
      <mem type="allocate" free="0" total="1048576" percent="0" />
      <mem type="survivor" free="0" total="1048576" percent="0" />
    </mem>
    <mem type="tenure" free="5459376" total="6291456" percent="86">
      <mem type="soa" free="5145008" total="5977088" percent="86" />
      <mem type="loa" free="314368" total="314368" percent="100" />
    </mem>
    <remembered-set count="230" />
  </mem-info>
</gc-start>
<allocation-stats totalBytes="823680" >
  <allocated-bytes non-tlh="1008" tlh="822672" />
  <largest-consumer threadName="main" threadId="00000000015BE700" bytes="823680" />
</allocation-stats>
<gc-op id="55" type="scavenge" timems="0.512" contextid="52" timestamp="2019-06-14T20:52:16.324">
  <scavenger-info tenureage="3" tenuremask="fff8" tiltratio="50" />
  <memory-copied type="nursery" objects="449" bytes="128528" bytesdiscarded="52400" />
  <memory-copied type="tenure" objects="307" bytes="15688" bytesdiscarded="0" />
  <finalization candidates="3" enqueued="1" />
  <references type="soft" candidates="1" cleared="0" enqueued="0" dynamicThreshold="32" maxThreshold="32" />
  <references type="weak" candidates="9" cleared="7" enqueued="7" />
  <references type="phantom" candidates="11" cleared="5" enqueued="5" />
</gc-op>
<gc-end id="56" type="scavenge" contextid="52" durationms="0.695" usertimems="0.000" systemtimems="0.000" timestamp="2019-06-14T20:52:16.324" activeThreads="4">
  <mem-info id="57" free="6287776" total="8388608" percent="74">
    <mem type="nursery" free="867568" total="2097152" percent="41">
      <mem type="allocate" free="867568" total="1048576" percent="82" />
      <mem type="survivor" free="0" total="1048576" percent="0" />
    </mem>
    <mem type="tenure" free="5420208" total="6291456" percent="86">
      <mem type="soa" free="5105840" total="5977088" percent="85" />
      <mem type="loa" free="314368" total="314368" percent="100" />
    </mem>
    <pending-finalizers system="1" default="0" reference="12" classloader="0" />
    <remembered-set count="133" />
  </mem-info>
</gc-end>
<cycle-end id="58" type="scavenge" contextid="52" timestamp="2019-06-14T20:52:16.324" />
  <attribute name="elasticGC enabled" value="1" />
  <attribute name= "numThreadsSpecified" value="4" />
  <attribute name="heapSize specified" value="0" />
  <attribute name="Current GC Util" value="0" />
  <attribute name= "Current Time Running" value="642" />
  <attribute name ="GC Interval" value="200" />
  <attribute name="ProportionalT" value="-10.000000" />
  <attribute name="ProportionalI" value="-10.000000" />
  <attribute name="ProportionalH" value="-10.000000" />
  <attribute name="Current Error" value="-20.000000" />
  <attribute name="IntegralT" value="-9594.000000" />
  <attribute name="IntegralI" value="-9594.000000" />
  <attribute name="IntegralH" value="-9594.000000" />
  <attribute name="DerivativeT" value="-0.039683" />
  <attribute name="DerivativeI" value="-0.039683" />
  <attribute name="DerivativeH" value="-0.039683" />
  <attribute name="Loop Time for DT" value="252.000000" />
  <attribute name="Output H" value="2092630016"/>
  <attribute name="Output I" value="200"/>
  <attribute name="Output T" value="4"/>
  <attribute name="Target GC Util Change" value ="20.000000" />
  <attribute name="Current GC Util Change" value="0.000000"/>
  <attribute name="GC Util currently" value="0" />
  <attribute name="CPU Util currently" value="13" />
<allocation-satisfied id="59" threadId="00000000015BE700" bytesRequested="2056" />
<af-end id="60" timestamp="2019-06-14T20:52:16.325" threadId="00000000015BF088" success="true" from="nursery"/>
<exclusive-end id="61" timestamp="2019-06-14T20:52:16.325" durationms="1.134" />

<exclusive-start id="62" timestamp="2019-06-14T20:52:16.538" intervalms="214.801">
  <response-info timems="0.028" idlems="0.028" threads="0" lastid="00000000015BE700" lastname="main" />
</exclusive-start>
<af-start id="63" threadId="00000000015BF088" totalBytesRequested="2056" timestamp="2019-06-14T20:52:16.538" intervalms="214.810" type="nursery" />
<cycle-start id="64" type="scavenge" contextid="0" timestamp="2019-06-14T20:52:16.538" intervalms="214.811" />
<gc-start id="65" type="scavenge" contextid="64" timestamp="2019-06-14T20:52:16.539">
  <mem-info id="66" free="5420208" total="8388608" percent="64">
    <mem type="nursery" free="0" total="2097152" percent="0">
      <mem type="allocate" free="0" total="1048576" percent="0" />
      <mem type="survivor" free="0" total="1048576" percent="0" />
    </mem>
    <mem type="tenure" free="5420208" total="6291456" percent="86">
      <mem type="soa" free="5105840" total="5977088" percent="85" />
      <mem type="loa" free="314368" total="314368" percent="100" />
    </mem>
    <remembered-set count="135" />
  </mem-info>
</gc-start>
<allocation-stats totalBytes="854536" >
  <allocated-bytes non-tlh="2056" tlh="852480" />
  <largest-consumer threadName="main" threadId="00000000015BE700" bytes="854536" />
</allocation-stats>
<gc-op id="67" type="scavenge" timems="0.330" contextid="64" timestamp="2019-06-14T20:52:16.539">
  <scavenger-info tenureage="3" tenuremask="fff8" tiltratio="50" />
  <memory-copied type="nursery" objects="328" bytes="80648" bytesdiscarded="22200" />
  <memory-copied type="tenure" objects="89" bytes="3936" bytesdiscarded="0" />
  <finalization candidates="2" enqueued="0" />
  <references type="soft" candidates="1" cleared="0" enqueued="0" dynamicThreshold="32" maxThreshold="32" />
  <references type="weak" candidates="1" cleared="0" enqueued="0" />
  <references type="phantom" candidates="5" cleared="0" enqueued="0" />
</gc-op>
<gc-end id="68" type="scavenge" contextid="64" durationms="0.563" usertimems="0.000" systemtimems="0.000" timestamp="2019-06-14T20:52:16.539" activeThreads="4">
  <mem-info id="69" free="6496928" total="8388608" percent="77">
    <mem type="nursery" free="1076720" total="2097152" percent="51">
      <mem type="allocate" free="1076720" total="1179648" percent="91" />
      <mem type="survivor" free="0" total="917504" percent="0" />
    </mem>
    <mem type="tenure" free="5420208" total="6291456" percent="86">
      <mem type="soa" free="5105840" total="5977088" percent="85" />
      <mem type="loa" free="314368" total="314368" percent="100" />
    </mem>
    <remembered-set count="100" />
  </mem-info>
</gc-end>
<cycle-end id="70" type="scavenge" contextid="64" timestamp="2019-06-14T20:52:16.539" />
  <attribute name="elasticGC enabled" value="1" />
  <attribute name= "numThreadsSpecified" value="4" />
  <attribute name="heapSize specified" value="0" />
  <attribute name="Current GC Util" value="0" />
  <attribute name= "Current Time Running" value="857" />
  <attribute name ="GC Interval" value="200" />
  <attribute name="ProportionalT" value="-10.000000" />
  <attribute name="ProportionalI" value="-10.000000" />
  <attribute name="ProportionalH" value="-10.000000" />
  <attribute name="Current Error" value="-20.000000" />
  <attribute name="IntegralT" value="-13894.000000" />
  <attribute name="IntegralI" value="-13894.000000" />
  <attribute name="IntegralH" value="-13894.000000" />
  <attribute name="DerivativeT" value="-0.046512" />
  <attribute name="DerivativeI" value="-0.046512" />
  <attribute name="DerivativeH" value="-0.046512" />
  <attribute name="Loop Time for DT" value="215.000000" />
  <attribute name="Output H" value="2092630016"/>
  <attribute name="Output I" value="200"/>
  <attribute name="Output T" value="4"/>
  <attribute name="Target GC Util Change" value ="20.000000" />
  <attribute name="Current GC Util Change" value="0.000000"/>
  <attribute name="GC Util currently" value="0" />
  <attribute name="CPU Util currently" value="12" />
<allocation-satisfied id="71" threadId="00000000015BE700" bytesRequested="2056" />
<af-end id="72" timestamp="2019-06-14T20:52:16.539" threadId="00000000015BF088" success="true" from="nursery"/>
<exclusive-end id="73" timestamp="2019-06-14T20:52:16.539" durationms="1.013" />

<exclusive-start id="74" timestamp="2019-06-14T20:52:16.748" intervalms="210.178">
  <response-info timems="0.026" idlems="0.026" threads="0" lastid="00000000015BE700" lastname="main" />
</exclusive-start>
<af-start id="75" threadId="00000000015BF088" totalBytesRequested="2056" timestamp="2019-06-14T20:52:16.749" intervalms="210.163" type="nursery" />
<cycle-start id="76" type="scavenge" contextid="0" timestamp="2019-06-14T20:52:16.749" intervalms="210.158" />
<gc-start id="77" type="scavenge" contextid="76" timestamp="2019-06-14T20:52:16.749">
  <mem-info id="78" free="5420208" total="8388608" percent="64">
    <mem type="nursery" free="0" total="2097152" percent="0">
      <mem type="allocate" free="0" total="1179648" percent="0" />
      <mem type="survivor" free="0" total="917504" percent="0" />
    </mem>
    <mem type="tenure" free="5420208" total="6291456" percent="86">
      <mem type="soa" free="5105840" total="5977088" percent="85" />
      <mem type="loa" free="314368" total="314368" percent="100" />
    </mem>
    <remembered-set count="100" />
  </mem-info>
</gc-start>
<allocation-stats totalBytes="1064168" >
  <allocated-bytes non-tlh="2056" tlh="1062112" />
  <largest-consumer threadName="main" threadId="00000000015BE700" bytes="1064168" />
</allocation-stats>
<gc-op id="79" type="scavenge" timems="0.333" contextid="76" timestamp="2019-06-14T20:52:16.749">
  <scavenger-info tenureage="3" tenuremask="fff8" tiltratio="56" />
  <memory-copied type="nursery" objects="150" bytes="25376" bytesdiscarded="52928" />
  <memory-copied type="tenure" objects="178" bytes="55264" bytesdiscarded="688" />
  <finalization candidates="2" enqueued="0" />
  <references type="weak" candidates="1" cleared="0" enqueued="0" />
  <references type="phantom" candidates="3" cleared="0" enqueued="0" />
</gc-op>
<gc-end id="80" type="scavenge" contextid="76" durationms="0.520" usertimems="0.000" systemtimems="0.000" timestamp="2019-06-14T20:52:16.749" activeThreads="4">
  <mem-info id="81" free="6580640" total="8388608" percent="78">
    <mem type="nursery" free="1232384" total="2097152" percent="58">
      <mem type="allocate" free="1232384" total="1310720" percent="94" />
      <mem type="survivor" free="0" total="786432" percent="0" />
    </mem>
    <mem type="tenure" free="5348256" total="6291456" percent="85">
      <mem type="soa" free="5033888" total="5977088" percent="84" />
      <mem type="loa" free="314368" total="314368" percent="100" />
    </mem>
    <remembered-set count="84" />
  </mem-info>
</gc-end>
<cycle-end id="82" type="scavenge" contextid="76" timestamp="2019-06-14T20:52:16.749" />
  <attribute name="elasticGC enabled" value="1" />
  <attribute name= "numThreadsSpecified" value="4" />
  <attribute name="heapSize specified" value="0" />
  <attribute name="Current GC Util" value="0" />
  <attribute name= "Current Time Running" value="1067" />
  <attribute name ="GC Interval" value="200" />
  <attribute name="ProportionalT" value="-10.000000" />
  <attribute name="ProportionalI" value="-10.000000" />
  <attribute name="ProportionalH" value="-10.000000" />
  <attribute name="Current Error" value="-20.000000" />
  <attribute name="IntegralT" value="-4200.000000" />
  <attribute name="IntegralI" value="-4200.000000" />
  <attribute name="IntegralH" value="-4200.000000" />
  <attribute name="DerivativeT" value="-0.047619" />
  <attribute name="DerivativeI" value="-0.047619" />
  <attribute name="DerivativeH" value="-0.047619" />
  <attribute name="Loop Time for DT" value="210.000000" />
  <attribute name="Output H" value="2092630016"/>
  <attribute name="Output I" value="200"/>
  <attribute name="Output T" value="4"/>
  <attribute name="Target GC Util Change" value ="20.000000" />
  <attribute name="Current GC Util Change" value="0.000000"/>
  <attribute name="GC Util currently" value="0" />
  <attribute name="CPU Util currently" value="11" />
<allocation-satisfied id="83" threadId="00000000015BE700" bytesRequested="2056" />
<af-end id="84" timestamp="2019-06-14T20:52:16.749" threadId="00000000015BF088" success="true" from="nursery"/>
<exclusive-end id="85" timestamp="2019-06-14T20:52:16.749" durationms="0.969" />

<exclusive-start id="86" timestamp="2019-06-14T20:52:16.979" intervalms="230.513">
  <response-info timems="0.029" idlems="0.029" threads="0" lastid="00000000015BE700" lastname="main" />
</exclusive-start>
<af-start id="87" threadId="00000000015BF088" totalBytesRequested="2056" timestamp="2019-06-14T20:52:16.979" intervalms="230.515" type="nursery" />
<cycle-start id="88" type="scavenge" contextid="0" timestamp="2019-06-14T20:52:16.979" intervalms="230.515" />
<gc-start id="89" type="scavenge" contextid="88" timestamp="2019-06-14T20:52:16.979">
  <mem-info id="90" free="5348256" total="8388608" percent="63">
    <mem type="nursery" free="0" total="2097152" percent="0">
      <mem type="allocate" free="0" total="1310720" percent="0" />
      <mem type="survivor" free="0" total="786432" percent="0" />
    </mem>
    <mem type="tenure" free="5348256" total="6291456" percent="85">
      <mem type="soa" free="5033888" total="5977088" percent="84" />
      <mem type="loa" free="314368" total="314368" percent="100" />
    </mem>
    <remembered-set count="84" />
  </mem-info>
</gc-start>
<allocation-stats totalBytes="1222600" >
  <allocated-bytes non-tlh="2056" tlh="1220544" />
  <largest-consumer threadName="main" threadId="00000000015BE700" bytes="1222600" />
</allocation-stats>
<gc-op id="91" type="scavenge" timems="0.287" contextid="88" timestamp="2019-06-14T20:52:16.980">
  <scavenger-info tenureage="3" tenuremask="ffe8" tiltratio="62" />
  <memory-copied type="nursery" objects="13" bytes="2536" bytesdiscarded="75784" />
  <memory-copied type="tenure" objects="138" bytes="24872" bytesdiscarded="0" />
  <references type="phantom" candidates="1" cleared="0" enqueued="0" />
</gc-op>
<gc-end id="92" type="scavenge" contextid="88" durationms="0.469" usertimems="0.000" systemtimems="0.000" timestamp="2019-06-14T20:52:16.980" activeThreads="4">
  <mem-info id="93" free="6711712" total="8388608" percent="80">
    <mem type="nursery" free="1363456" total="2097152" percent="65">
      <mem type="allocate" free="1363456" total="1441792" percent="94" />
      <mem type="survivor" free="0" total="655360" percent="0" />
    </mem>
    <mem type="tenure" free="5348256" total="6291456" percent="85">
      <mem type="soa" free="5033888" total="5977088" percent="84" />
      <mem type="loa" free="314368" total="314368" percent="100" />
    </mem>
    <remembered-set count="62" />
  </mem-info>
</gc-end>
<cycle-end id="94" type="scavenge" contextid="88" timestamp="2019-06-14T20:52:16.980" />
  <attribute name="elasticGC enabled" value="1" />
  <attribute name= "numThreadsSpecified" value="4" />
  <attribute name="heapSize specified" value="0" />
  <attribute name="Current GC Util" value="0" />
  <attribute name= "Current Time Running" value="1298" />
  <attribute name ="GC Interval" value="200" />
  <attribute name="ProportionalT" value="-10.000000" />
  <attribute name="ProportionalI" value="-10.000000" />
  <attribute name="ProportionalH" value="-10.000000" />
  <attribute name="Current Error" value="-20.000000" />
  <attribute name="IntegralT" value="-4620.000000" />
  <attribute name="IntegralI" value="-4620.000000" />
  <attribute name="IntegralH" value="-4620.000000" />
  <attribute name="DerivativeT" value="-0.043290" />
  <attribute name="DerivativeI" value="-0.043290" />
  <attribute name="DerivativeH" value="-0.043290" />
  <attribute name="Loop Time for DT" value="231.000000" />
  <attribute name="Output H" value="2092630016"/>
  <attribute name="Output I" value="200"/>
  <attribute name="Output T" value="4"/>
  <attribute name="Target GC Util Change" value ="20.000000" />
  <attribute name="Current GC Util Change" value="0.000000"/>
  <attribute name="GC Util currently" value="0" />
  <attribute name="CPU Util currently" value="12" />
<allocation-satisfied id="95" threadId="00000000015BE700" bytesRequested="2056" />
<af-end id="96" timestamp="2019-06-14T20:52:16.980" threadId="00000000015BF088" success="true" from="nursery"/>
<exclusive-end id="97" timestamp="2019-06-14T20:52:16.980" durationms="0.929" />

<exclusive-start id="98" timestamp="2019-06-14T20:52:17.258" intervalms="279.354">
  <response-info timems="0.026" idlems="0.026" threads="0" lastid="00000000015BE700" lastname="main" />
</exclusive-start>
<af-start id="99" threadId="00000000015BF088" totalBytesRequested="2056" timestamp="2019-06-14T20:52:17.258" intervalms="279.408" type="nursery" />
<cycle-start id="100" type="scavenge" contextid="0" timestamp="2019-06-14T20:52:17.259" intervalms="279.455" />
<gc-start id="101" type="scavenge" contextid="100" timestamp="2019-06-14T20:52:17.259">
  <mem-info id="102" free="5348256" total="8388608" percent="63">
    <mem type="nursery" free="0" total="2097152" percent="0">
      <mem type="allocate" free="0" total="1441792" percent="0" />
      <mem type="survivor" free="0" total="655360" percent="0" />
    </mem>
    <mem type="tenure" free="5348256" total="6291456" percent="85">
      <mem type="soa" free="5033888" total="5977088" percent="84" />
      <mem type="loa" free="314368" total="314368" percent="100" />
    </mem>
    <remembered-set count="62" />
  </mem-info>
</gc-start>
<allocation-stats totalBytes="1355584" >
  <allocated-bytes non-tlh="2056" tlh="1353528" />
  <largest-consumer threadName="main" threadId="00000000015BE700" bytes="1355584" />
</allocation-stats>
<gc-op id="103" type="scavenge" timems="0.265" contextid="100" timestamp="2019-06-14T20:52:17.259">
  <scavenger-info tenureage="3" tenuremask="ffe8" tiltratio="68" />
  <memory-copied type="nursery" objects="13" bytes="2616" bytesdiscarded="36536" />
  <references type="phantom" candidates="1" cleared="0" enqueued="0" />
</gc-op>
<gc-end id="104" type="scavenge" contextid="100" durationms="0.560" usertimems="0.000" systemtimems="0.000" timestamp="2019-06-14T20:52:17.259" activeThreads="4">
  <mem-info id="105" free="6881952" total="8388608" percent="82">
    <mem type="nursery" free="1533696" total="2097152" percent="73">
      <mem type="allocate" free="1533696" total="1572864" percent="97" />
      <mem type="survivor" free="0" total="524288" percent="0" />
    </mem>
    <mem type="tenure" free="5348256" total="6291456" percent="85">
      <mem type="soa" free="5033888" total="5977088" percent="84" />
      <mem type="loa" free="314368" total="314368" percent="100" />
    </mem>
    <remembered-set count="62" />
  </mem-info>
</gc-end>
<cycle-end id="106" type="scavenge" contextid="100" timestamp="2019-06-14T20:52:17.259" />
  <attribute name="elasticGC enabled" value="1" />
  <attribute name= "numThreadsSpecified" value="4" />
  <attribute name="heapSize specified" value="0" />
  <attribute name="Current GC Util" value="0" />
  <attribute name= "Current Time Running" value="1577" />
  <attribute name ="GC Interval" value="200" />
  <attribute name="ProportionalT" value="-10.000000" />
  <attribute name="ProportionalI" value="-10.000000" />
  <attribute name="ProportionalH" value="-10.000000" />
  <attribute name="Current Error" value="-20.000000" />
  <attribute name="IntegralT" value="-5580.000000" />
  <attribute name="IntegralI" value="-5580.000000" />
  <attribute name="IntegralH" value="-5580.000000" />
  <attribute name="DerivativeT" value="-0.035842" />
  <attribute name="DerivativeI" value="-0.035842" />
  <attribute name="DerivativeH" value="-0.035842" />
  <attribute name="Loop Time for DT" value="279.000000" />
  <attribute name="Output H" value="2092630016"/>
  <attribute name="Output I" value="200"/>
  <attribute name="Output T" value="4"/>
  <attribute name="Target GC Util Change" value ="20.000000" />
  <attribute name="Current GC Util Change" value="0.000000"/>
  <attribute name="GC Util currently" value="0" />
  <attribute name="CPU Util currently" value="13" />
<allocation-satisfied id="107" threadId="00000000015BE700" bytesRequested="2056" />
<af-end id="108" timestamp="2019-06-14T20:52:17.260" threadId="00000000015BF088" success="true" from="nursery"/>
<exclusive-end id="109" timestamp="2019-06-14T20:52:17.260" durationms="1.204" />

<exclusive-start id="110" timestamp="2019-06-14T20:52:17.533" intervalms="274.205">
  <response-info timems="0.024" idlems="0.024" threads="0" lastid="00000000015BE700" lastname="main" />
</exclusive-start>
<af-start id="111" threadId="00000000015BF088" totalBytesRequested="2056" timestamp="2019-06-14T20:52:17.533" intervalms="274.156" type="nursery" />
<cycle-start id="112" type="scavenge" contextid="0" timestamp="2019-06-14T20:52:17.533" intervalms="274.111" />
<gc-start id="113" type="scavenge" contextid="112" timestamp="2019-06-14T20:52:17.533">
  <mem-info id="114" free="5348256" total="8388608" percent="63">
    <mem type="nursery" free="0" total="2097152" percent="0">
      <mem type="allocate" free="0" total="1572864" percent="0" />
      <mem type="survivor" free="0" total="524288" percent="0" />
    </mem>
    <mem type="tenure" free="5348256" total="6291456" percent="85">
      <mem type="soa" free="5033888" total="5977088" percent="84" />
      <mem type="loa" free="314368" total="314368" percent="100" />
    </mem>
    <remembered-set count="62" />
  </mem-info>
</gc-start>
<allocation-stats totalBytes="1518576" >
  <allocated-bytes non-tlh="2056" tlh="1516520" />
  <largest-consumer threadName="main" threadId="00000000015BE700" bytes="1518576" />
</allocation-stats>
<gc-op id="115" type="scavenge" timems="0.209" contextid="112" timestamp="2019-06-14T20:52:17.533">
  <scavenger-info tenureage="3" tenuremask="fff8" tiltratio="75" />
  <memory-copied type="nursery" objects="12" bytes="488" bytesdiscarded="77832" />
  <references type="phantom" candidates="1" cleared="0" enqueued="0" />
</gc-op>
<gc-end id="116" type="scavenge" contextid="112" durationms="0.380" usertimems="0.000" systemtimems="0.000" timestamp="2019-06-14T20:52:17.533" activeThreads="4">
  <mem-info id="117" free="6973856" total="8388608" percent="83">
    <mem type="nursery" free="1625600" total="2097152" percent="77">
      <mem type="allocate" free="1625600" total="1703936" percent="95" />
      <mem type="survivor" free="0" total="393216" percent="0" />
    </mem>
    <mem type="tenure" free="5348256" total="6291456" percent="85">
      <mem type="soa" free="5033888" total="5977088" percent="84" />
      <mem type="loa" free="314368" total="314368" percent="100" />
    </mem>
    <remembered-set count="62" />
  </mem-info>
</gc-end>
<cycle-end id="118" type="scavenge" contextid="112" timestamp="2019-06-14T20:52:17.533" />
  <attribute name="elasticGC enabled" value="1" />
  <attribute name= "numThreadsSpecified" value="4" />
  <attribute name="heapSize specified" value="0" />
  <attribute name="Current GC Util" value="0" />
  <attribute name= "Current Time Running" value="1851" />
  <attribute name ="GC Interval" value="200" />
  <attribute name="ProportionalT" value="-10.000000" />
  <attribute name="ProportionalI" value="-10.000000" />
  <attribute name="ProportionalH" value="-10.000000" />
  <attribute name="Current Error" value="-20.000000" />
  <attribute name="IntegralT" value="-5480.000000" />
  <attribute name="IntegralI" value="-5480.000000" />
  <attribute name="IntegralH" value="-5480.000000" />
  <attribute name="DerivativeT" value="-0.036496" />
  <attribute name="DerivativeI" value="-0.036496" />
  <attribute name="DerivativeH" value="-0.036496" />
  <attribute name="Loop Time for DT" value="274.000000" />
  <attribute name="Output H" value="2092630016"/>
  <attribute name="Output I" value="200"/>
  <attribute name="Output T" value="4"/>
  <attribute name="Target GC Util Change" value ="20.000000" />
  <attribute name="Current GC Util Change" value="0.000000"/>
  <attribute name="GC Util currently" value="0" />
  <attribute name="CPU Util currently" value="9" />
<allocation-satisfied id="119" threadId="00000000015BE700" bytesRequested="2056" />
<af-end id="120" timestamp="2019-06-14T20:52:17.533" threadId="00000000015BF088" success="true" from="nursery"/>
<exclusive-end id="121" timestamp="2019-06-14T20:52:17.533" durationms="0.813" />

<exclusive-start id="122" timestamp="2019-06-14T20:52:17.740" intervalms="207.249">
  <response-info timems="0.023" idlems="0.023" threads="0" lastid="00000000015BE700" lastname="main" />
</exclusive-start>
<af-start id="123" threadId="00000000015BF088" totalBytesRequested="2056" timestamp="2019-06-14T20:52:17.740" intervalms="207.246" type="nursery" />
<cycle-start id="124" type="scavenge" contextid="0" timestamp="2019-06-14T20:52:17.740" intervalms="207.244" />
<gc-start id="125" type="scavenge" contextid="124" timestamp="2019-06-14T20:52:17.740">
  <mem-info id="126" free="5348256" total="8388608" percent="63">
    <mem type="nursery" free="0" total="2097152" percent="0">
      <mem type="allocate" free="0" total="1703936" percent="0" />
      <mem type="survivor" free="0" total="393216" percent="0" />
    </mem>
    <mem type="tenure" free="5348256" total="6291456" percent="85">
      <mem type="soa" free="5033888" total="5977088" percent="84" />
      <mem type="loa" free="314368" total="314368" percent="100" />
    </mem>
    <remembered-set count="62" />
  </mem-info>
</gc-start>
<allocation-stats totalBytes="1608840" >
  <allocated-bytes non-tlh="2056" tlh="1606784" />
  <largest-consumer threadName="main" threadId="00000000015BE700" bytes="1608840" />
</allocation-stats>
<gc-op id="127" type="scavenge" timems="0.207" contextid="124" timestamp="2019-06-14T20:52:17.740">
  <scavenger-info tenureage="3" tenuremask="fff8" tiltratio="81" />
  <memory-copied type="nursery" objects="12" bytes="480" bytesdiscarded="77840" />
  <references type="phantom" candidates="1" cleared="0" enqueued="0" />
</gc-op>
<gc-end id="128" type="scavenge" contextid="124" durationms="0.384" usertimems="0.000" systemtimems="0.000" timestamp="2019-06-14T20:52:17.740" activeThreads="4">
  <mem-info id="129" free="7039392" total="8388608" percent="83">
    <mem type="nursery" free="1691136" total="2097152" percent="80">
      <mem type="allocate" free="1691136" total="1769472" percent="95" />
      <mem type="survivor" free="0" total="327680" percent="0" />
    </mem>
    <mem type="tenure" free="5348256" total="6291456" percent="85">
      <mem type="soa" free="5033888" total="5977088" percent="84" />
      <mem type="loa" free="314368" total="314368" percent="100" />
    </mem>
    <remembered-set count="62" />
  </mem-info>
</gc-end>
<cycle-end id="130" type="scavenge" contextid="124" timestamp="2019-06-14T20:52:17.740" />
  <attribute name="elasticGC enabled" value="1" />
  <attribute name= "numThreadsSpecified" value="4" />
  <attribute name="heapSize specified" value="0" />
  <attribute name="Current GC Util" value="0" />
  <attribute name= "Current Time Running" value="2058" />
  <attribute name ="GC Interval" value="200" />
  <attribute name="ProportionalT" value="-10.000000" />
  <attribute name="ProportionalI" value="-10.000000" />
  <attribute name="ProportionalH" value="-10.000000" />
  <attribute name="Current Error" value="-20.000000" />
  <attribute name="IntegralT" value="-4140.000000" />
  <attribute name="IntegralI" value="-4140.000000" />
  <attribute name="IntegralH" value="-4140.000000" />
  <attribute name="DerivativeT" value="-0.048309" />
  <attribute name="DerivativeI" value="-0.048309" />
  <attribute name="DerivativeH" value="-0.048309" />
  <attribute name="Loop Time for DT" value="207.000000" />
  <attribute name="Output H" value="2092630016"/>
  <attribute name="Output I" value="200"/>
  <attribute name="Output T" value="4"/>
  <attribute name="Target GC Util Change" value ="20.000000" />
  <attribute name="Current GC Util Change" value="0.000000"/>
  <attribute name="GC Util currently" value="0" />
  <attribute name="CPU Util currently" value="22" />
<allocation-satisfied id="131" threadId="00000000015BE700" bytesRequested="2056" />
<af-end id="132" timestamp="2019-06-14T20:52:17.741" threadId="00000000015BF088" success="true" from="nursery"/>
<exclusive-end id="133" timestamp="2019-06-14T20:52:17.741" durationms="0.810" />

<exclusive-start id="134" timestamp="2019-06-14T20:52:17.928" intervalms="188.422">
  <response-info timems="0.055" idlems="0.055" threads="0" lastid="00000000015BE700" lastname="main" />
</exclusive-start>
<af-start id="135" threadId="00000000015BF088" totalBytesRequested="64064" timestamp="2019-06-14T20:52:17.928" intervalms="188.482" type="nursery" />
<cycle-start id="136" type="scavenge" contextid="0" timestamp="2019-06-14T20:52:17.929" intervalms="188.549" />
<gc-start id="137" type="scavenge" contextid="136" timestamp="2019-06-14T20:52:17.929">
  <mem-info id="138" free="5347312" total="8388608" percent="63">
    <mem type="nursery" free="0" total="2097152" percent="0">
      <mem type="allocate" free="0" total="1769472" percent="0" />
      <mem type="survivor" free="0" total="327680" percent="0" />
    </mem>
    <mem type="tenure" free="5347312" total="6291456" percent="84">
      <mem type="soa" free="5032944" total="5977088" percent="84" />
      <mem type="loa" free="314368" total="314368" percent="100" />
    </mem>
    <remembered-set count="97" />
  </mem-info>
</gc-start>
<allocation-stats totalBytes="1614912" >
  <allocated-bytes non-tlh="536440" tlh="1078472" />
  <largest-consumer threadName="main" threadId="00000000015BE700" bytes="1614912" />
</allocation-stats>
<gc-op id="139" type="scavenge" timems="0.414" contextid="136" timestamp="2019-06-14T20:52:17.929">
  <scavenger-info tenureage="3" tenuremask="fff8" tiltratio="84" />
  <memory-copied type="nursery" objects="313" bytes="284328" bytesdiscarded="43344" />
  <memory-copied type="tenure" objects="154" bytes="437280" bytesdiscarded="0" />
  <copy-failed type="nursery" objects="154" bytes="437280" />
  <references type="soft" candidates="1" cleared="0" enqueued="0" dynamicThreshold="32" maxThreshold="32" />
  <references type="weak" candidates="5" cleared="4" enqueued="4" />
  <references type="phantom" candidates="30" cleared="1" enqueued="1" />
</gc-op>
<gc-end id="140" type="scavenge" contextid="136" durationms="0.602" usertimems="0.000" systemtimems="0.000" timestamp="2019-06-14T20:52:17.929" activeThreads="4">
  <mem-info id="141" free="5643112" total="8388608" percent="67">
    <mem type="nursery" free="720896" total="2097152" percent="34">
      <mem type="allocate" free="720896" total="1048576" percent="68" />
      <mem type="survivor" free="0" total="1048576" percent="0" />
    </mem>
    <mem type="tenure" free="4922216" total="6291456" percent="78">
      <mem type="soa" free="4607848" total="5977088" percent="77" />
      <mem type="loa" free="314368" total="314368" percent="100" />
    </mem>
    <pending-finalizers system="0" default="0" reference="5" classloader="0" />
    <remembered-set count="126" />
  </mem-info>
</gc-end>
<cycle-end id="142" type="scavenge" contextid="136" timestamp="2019-06-14T20:52:17.929" />
  <attribute name="elasticGC enabled" value="1" />
  <attribute name= "numThreadsSpecified" value="4" />
  <attribute name="heapSize specified" value="0" />
  <attribute name="Current GC Util" value="0" />
  <attribute name= "Current Time Running" value="2247" />
  <attribute name ="GC Interval" value="200" />
  <attribute name="ProportionalT" value="-10.000000" />
  <attribute name="ProportionalI" value="-10.000000" />
  <attribute name="ProportionalH" value="-10.000000" />
  <attribute name="Current Error" value="-20.000000" />
  <attribute name="IntegralT" value="-3780.000000" />
  <attribute name="IntegralI" value="-3780.000000" />
  <attribute name="IntegralH" value="-3780.000000" />
  <attribute name="DerivativeT" value="-0.052910" />
  <attribute name="DerivativeI" value="-0.052910" />
  <attribute name="DerivativeH" value="-0.052910" />
  <attribute name="Loop Time for DT" value="189.000000" />
  <attribute name="Output H" value="2092630016"/>
  <attribute name="Output I" value="200"/>
  <attribute name="Output T" value="4"/>
  <attribute name="Target GC Util Change" value ="20.000000" />
  <attribute name="Current GC Util Change" value="0.000000"/>
  <attribute name="GC Util currently" value="0" />
  <attribute name="CPU Util currently" value="12" />
<allocation-satisfied id="143" threadId="00000000015BE700" bytesRequested="64064" />
<af-end id="144" timestamp="2019-06-14T20:52:17.929" threadId="00000000015BF088" success="true" from="nursery"/>
<exclusive-end id="145" timestamp="2019-06-14T20:52:17.929" durationms="1.172" />

<exclusive-start id="146" timestamp="2019-06-14T20:52:17.938" intervalms="9.949">
  <response-info timems="0.033" idlems="0.033" threads="0" lastid="00000000015BE700" lastname="main" />
</exclusive-start>
<af-start id="147" threadId="00000000015BF088" totalBytesRequested="7176" timestamp="2019-06-14T20:52:17.938" intervalms="9.969" type="nursery" />
<cycle-start id="148" type="scavenge" contextid="0" timestamp="2019-06-14T20:52:17.938" intervalms="9.923" />
<gc-start id="149" type="scavenge" contextid="148" timestamp="2019-06-14T20:52:17.938">
  <mem-info id="150" free="4920648" total="8388608" percent="58">
    <mem type="nursery" free="0" total="2097152" percent="0">
      <mem type="allocate" free="0" total="1048576" percent="0" />
      <mem type="survivor" free="0" total="1048576" percent="0" />
    </mem>
    <mem type="tenure" free="4920648" total="6291456" percent="78">
      <mem type="soa" free="4606280" total="5977088" percent="77" />
      <mem type="loa" free="314368" total="314368" percent="100" />
    </mem>
    <remembered-set count="146" />
  </mem-info>
</gc-start>
<allocation-stats totalBytes="651728" >
  <allocated-bytes non-tlh="197720" tlh="454008" />
  <largest-consumer threadName="main" threadId="00000000015BE700" bytes="647632" />
</allocation-stats>
<gc-op id="151" type="scavenge" timems="0.242" contextid="148" timestamp="2019-06-14T20:52:17.939">
  <scavenger-info tenureage="3" tenuremask="fff8" tiltratio="50" />
  <memory-copied type="nursery" objects="381" bytes="216496" bytesdiscarded="21000" />
  <references type="soft" candidates="1" cleared="0" enqueued="0" dynamicThreshold="32" maxThreshold="32" />
  <references type="weak" candidates="8" cleared="7" enqueued="7" />
  <references type="phantom" candidates="29" cleared="0" enqueued="0" />
</gc-op>
<gc-end id="152" type="scavenge" contextid="148" durationms="0.467" usertimems="0.000" systemtimems="0.000" timestamp="2019-06-14T20:52:17.939" activeThreads="4">
  <mem-info id="153" free="5731704" total="8388608" percent="68">
    <mem type="nursery" free="811056" total="2097152" percent="38">
      <mem type="allocate" free="811056" total="1048576" percent="77" />
      <mem type="survivor" free="0" total="1048576" percent="0" />
    </mem>
    <mem type="tenure" free="4920648" total="6291456" percent="78">
      <mem type="soa" free="4606280" total="5977088" percent="77" />
      <mem type="loa" free="314368" total="314368" percent="100" />
    </mem>
    <pending-finalizers system="0" default="0" reference="7" classloader="0" />
    <remembered-set count="144" />
  </mem-info>
</gc-end>
<cycle-end id="154" type="scavenge" contextid="148" timestamp="2019-06-14T20:52:17.939" />
  <attribute name="elasticGC enabled" value="1" />
  <attribute name= "numThreadsSpecified" value="4" />
  <attribute name="heapSize specified" value="0" />
  <attribute name="Current GC Util" value="7" />
  <attribute name= "Current Time Running" value="2257" />
  <attribute name ="GC Interval" value="200" />
  <attribute name="ProportionalT" value="-6.500000" />
  <attribute name="ProportionalI" value="-6.500000" />
  <attribute name="ProportionalH" value="-6.500000" />
  <attribute name="Current Error" value="-13.000000" />
  <attribute name="IntegralT" value="-130.000000" />
  <attribute name="IntegralI" value="-130.000000" />
  <attribute name="IntegralH" value="-130.000000" />
  <attribute name="DerivativeT" value="-0.650000" />
  <attribute name="DerivativeI" value="-0.650000" />
  <attribute name="DerivativeH" value="-0.650000" />
  <attribute name="Loop Time for DT" value="10.000000" />
  <attribute name="Output H" value="2092630016"/>
  <attribute name="Output I" value="200"/>
  <attribute name="Output T" value="4"/>
  <attribute name="Target GC Util Change" value ="20.000000" />
  <attribute name="Current GC Util Change" value="7.000000"/>
  <attribute name="GC Util currently" value="7" />
  <attribute name="CPU Util currently" value="463286609171" />
<allocation-satisfied id="155" threadId="00000000015BE700" bytesRequested="7176" />
<af-end id="156" timestamp="2019-06-14T20:52:17.939" threadId="00000000015BF088" success="true" from="nursery"/>
<exclusive-end id="157" timestamp="2019-06-14T20:52:17.939" durationms="1.025" />

<exclusive-start id="158" timestamp="2019-06-14T20:52:17.957" intervalms="19.211">
  <response-info timems="0.055" idlems="0.055" threads="0" lastid="00000000015BE700" lastname="main" />
</exclusive-start>
<af-start id="159" threadId="00000000015BF088" totalBytesRequested="1032" timestamp="2019-06-14T20:52:17.958" intervalms="19.204" type="nursery" />
<cycle-start id="160" type="scavenge" contextid="0" timestamp="2019-06-14T20:52:17.958" intervalms="19.257" />
<gc-start id="161" type="scavenge" contextid="160" timestamp="2019-06-14T20:52:17.958">
  <mem-info id="162" free="4911584" total="8388608" percent="58">
    <mem type="nursery" free="0" total="2097152" percent="0">
      <mem type="allocate" free="0" total="1048576" percent="0" />
      <mem type="survivor" free="0" total="1048576" percent="0" />
    </mem>
    <mem type="tenure" free="4911584" total="6291456" percent="78">
      <mem type="soa" free="4597216" total="5977088" percent="76" />
      <mem type="loa" free="314368" total="314368" percent="100" />
    </mem>
    <remembered-set count="218" />
  </mem-info>
</gc-start>
<allocation-stats totalBytes="813096" >
  <allocated-bytes non-tlh="177952" tlh="635144" />
  <largest-consumer threadName="main" threadId="00000000015BE700" bytes="813096" />
</allocation-stats>
<gc-op id="163" type="scavenge" timems="0.262" contextid="160" timestamp="2019-06-14T20:52:17.958">
  <scavenger-info tenureage="3" tenuremask="fff8" tiltratio="50" />
  <memory-copied type="nursery" objects="443" bytes="196832" bytesdiscarded="159320" />
  <references type="soft" candidates="3" cleared="0" enqueued="0" dynamicThreshold="32" maxThreshold="32" />
  <references type="weak" candidates="18" cleared="17" enqueued="17" />
  <references type="phantom" candidates="29" cleared="0" enqueued="0" />
</gc-op>
<gc-end id="164" type="scavenge" contextid="160" durationms="0.601" usertimems="0.000" systemtimems="0.000" timestamp="2019-06-14T20:52:17.958" activeThreads="4">
  <mem-info id="165" free="5604008" total="8388608" percent="66">
    <mem type="nursery" free="692424" total="2097152" percent="33">
      <mem type="allocate" free="692424" total="1048576" percent="66" />
      <mem type="survivor" free="0" total="1048576" percent="0" />
    </mem>
    <mem type="tenure" free="4911584" total="6291456" percent="78">
      <mem type="soa" free="4597216" total="5977088" percent="76" />
      <mem type="loa" free="314368" total="314368" percent="100" />
    </mem>
    <pending-finalizers system="0" default="0" reference="17" classloader="0" />
    <remembered-set count="197" />
  </mem-info>
</gc-end>
<cycle-end id="166" type="scavenge" contextid="160" timestamp="2019-06-14T20:52:17.958" />
  <attribute name="elasticGC enabled" value="1" />
  <attribute name= "numThreadsSpecified" value="4" />
  <attribute name="heapSize specified" value="0" />
  <attribute name="Current GC Util" value="2" />
  <attribute name= "Current Time Running" value="2276" />
  <attribute name ="GC Interval" value="200" />
  <attribute name="ProportionalT" value="-9.000000" />
  <attribute name="ProportionalI" value="-9.000000" />
  <attribute name="ProportionalH" value="-9.000000" />
  <attribute name="Current Error" value="-18.000000" />
  <attribute name="IntegralT" value="-342.000000" />
  <attribute name="IntegralI" value="-342.000000" />
  <attribute name="IntegralH" value="-342.000000" />
  <attribute name="DerivativeT" value="-0.473684" />
  <attribute name="DerivativeI" value="-0.473684" />
  <attribute name="DerivativeH" value="-0.473684" />
  <attribute name="Loop Time for DT" value="19.000000" />
  <attribute name="Output H" value="2092630016"/>
  <attribute name="Output I" value="200"/>
  <attribute name="Output T" value="4"/>
  <attribute name="Target GC Util Change" value ="20.000000" />
  <attribute name="Current GC Util Change" value="2.000000"/>
  <attribute name="GC Util currently" value="2" />
  <attribute name="CPU Util currently" value="5" />
<allocation-satisfied id="167" threadId="00000000015BE700" bytesRequested="1032" />
<af-end id="168" timestamp="2019-06-14T20:52:17.959" threadId="00000000015BF088" success="true" from="nursery"/>
<exclusive-end id="169" timestamp="2019-06-14T20:52:17.959" durationms="1.325" />

<exclusive-start id="170" timestamp="2019-06-14T20:52:17.978" intervalms="20.635">
  <response-info timems="0.034" idlems="0.034" threads="0" lastid="00000000015BE700" lastname="main" />
</exclusive-start>
<af-start id="171" threadId="00000000015BF088" totalBytesRequested="200" timestamp="2019-06-14T20:52:17.978" intervalms="20.558" type="nursery" />
<cycle-start id="172" type="scavenge" contextid="0" timestamp="2019-06-14T20:52:17.978" intervalms="20.512" />
<gc-start id="173" type="scavenge" contextid="172" timestamp="2019-06-14T20:52:17.978">
  <mem-info id="174" free="4901880" total="8388608" percent="58">
    <mem type="nursery" free="0" total="2097152" percent="0">
      <mem type="allocate" free="0" total="1048576" percent="0" />
      <mem type="survivor" free="0" total="1048576" percent="0" />
    </mem>
    <mem type="tenure" free="4901880" total="6291456" percent="77">
      <mem type="soa" free="4587512" total="5977088" percent="76" />
      <mem type="loa" free="314368" total="314368" percent="100" />
    </mem>
    <remembered-set count="310" />
  </mem-info>
</gc-start>
<allocation-stats totalBytes="701000" >
  <allocated-bytes non-tlh="10736" tlh="690264" />
  <largest-consumer threadName="main" threadId="00000000015BE700" bytes="701000" />
</allocation-stats>
<gc-op id="175" type="scavenge" timems="0.363" contextid="172" timestamp="2019-06-14T20:52:17.979">
  <scavenger-info tenureage="3" tenuremask="fff8" tiltratio="50" />
  <memory-copied type="nursery" objects="222" bytes="9480" bytesdiscarded="68856" />
  <memory-copied type="tenure" objects="276" bytes="186312" bytesdiscarded="368" />
  <references type="soft" candidates="3" cleared="0" enqueued="0" dynamicThreshold="32" maxThreshold="32" />
  <references type="weak" candidates="7" cleared="7" enqueued="7" />
  <references type="phantom" candidates="2" cleared="1" enqueued="1" />
</gc-op>
<gc-end id="176" type="scavenge" contextid="172" durationms="0.548" usertimems="0.000" systemtimems="0.000" timestamp="2019-06-14T20:52:17.979" activeThreads="4">
  <mem-info id="177" free="5727056" total="8388608" percent="68">
    <mem type="nursery" free="1035776" total="2097152" percent="49">
      <mem type="allocate" free="1035776" total="1114112" percent="92" />
      <mem type="survivor" free="0" total="983040" percent="0" />
    </mem>
    <mem type="tenure" free="4691280" total="6291456" percent="74">
      <mem type="soa" free="4376912" total="5977088" percent="73" />
      <mem type="loa" free="314368" total="314368" percent="100" />
    </mem>
    <pending-finalizers system="0" default="0" reference="8" classloader="0" />
    <remembered-set count="268" />
  </mem-info>
</gc-end>
<cycle-end id="178" type="scavenge" contextid="172" timestamp="2019-06-14T20:52:17.979" />
  <attribute name="elasticGC enabled" value="1" />
  <attribute name= "numThreadsSpecified" value="4" />
  <attribute name="heapSize specified" value="0" />
  <attribute name="Current GC Util" value="2" />
  <attribute name= "Current Time Running" value="2297" />
  <attribute name ="GC Interval" value="200" />
  <attribute name="ProportionalT" value="-9.000000" />
  <attribute name="ProportionalI" value="-9.000000" />
  <attribute name="ProportionalH" value="-9.000000" />
  <attribute name="Current Error" value="-18.000000" />
  <attribute name="IntegralT" value="-378.000000" />
  <attribute name="IntegralI" value="-378.000000" />
  <attribute name="IntegralH" value="-378.000000" />
  <attribute name="DerivativeT" value="-0.428571" />
  <attribute name="DerivativeI" value="-0.428571" />
  <attribute name="DerivativeH" value="-0.428571" />
  <attribute name="Loop Time for DT" value="21.000000" />
  <attribute name="Output H" value="2092630016"/>
  <attribute name="Output I" value="200"/>
  <attribute name="Output T" value="4"/>
  <attribute name="Target GC Util Change" value ="20.000000" />
  <attribute name="Current GC Util Change" value="2.000000"/>
  <attribute name="GC Util currently" value="2" />
  <attribute name="CPU Util currently" value="226782585682" />
<allocation-satisfied id="179" threadId="00000000015BE700" bytesRequested="200" />
<af-end id="180" timestamp="2019-06-14T20:52:17.979" threadId="00000000015BF088" success="true" from="nursery"/>
<exclusive-end id="181" timestamp="2019-06-14T20:52:17.979" durationms="1.056" />

<exclusive-start id="182" timestamp="2019-06-14T20:52:18.025" intervalms="47.185">
  <response-info timems="0.053" idlems="0.053" threads="0" lastid="00000000015BE700" lastname="main" />
</exclusive-start>
<af-start id="183" threadId="00000000015BF088" totalBytesRequested="24" timestamp="2019-06-14T20:52:18.025" intervalms="47.264" type="nursery" />
<cycle-start id="184" type="scavenge" contextid="0" timestamp="2019-06-14T20:52:18.026" intervalms="47.308" />
<gc-start id="185" type="scavenge" contextid="184" timestamp="2019-06-14T20:52:18.026">
  <mem-info id="186" free="4663960" total="8388608" percent="55">
    <mem type="nursery" free="0" total="2097152" percent="0">
      <mem type="allocate" free="0" total="1114112" percent="0" />
      <mem type="survivor" free="0" total="983040" percent="0" />
    </mem>
    <mem type="tenure" free="4663960" total="6291456" percent="74">
      <mem type="soa" free="4349592" total="5977088" percent="72" />
      <mem type="loa" free="314368" total="314368" percent="100" />
    </mem>
    <remembered-set count="658" />
  </mem-info>
</gc-start>
<allocation-stats totalBytes="1062200" >
  <allocated-bytes non-tlh="27520" tlh="1034680" />
  <largest-consumer threadName="main" threadId="00000000015BE700" bytes="1058104" />
</allocation-stats>
<gc-op id="187" type="scavenge" timems="0.523" contextid="184" timestamp="2019-06-14T20:52:18.026">
  <scavenger-info tenureage="3" tenuremask="ffe8" tiltratio="53" />
  <memory-copied type="nursery" objects="2637" bytes="101632" bytesdiscarded="94040" />
  <memory-copied type="tenure" objects="17" bytes="904" bytesdiscarded="0" />
  <finalization candidates="39" enqueued="1" />
  <ownableSynchronizers candidates="17" cleared="0" />
  <references type="soft" candidates="8" cleared="0" enqueued="0" dynamicThreshold="32" maxThreshold="32" />
  <references type="weak" candidates="677" cleared="341" enqueued="243" />
  <references type="phantom" candidates="5" cleared="1" enqueued="1" />
</gc-op>
<gc-end id="188" type="scavenge" contextid="184" durationms="0.873" usertimems="0.000" systemtimems="0.000" timestamp="2019-06-14T20:52:18.027" activeThreads="4">
  <mem-info id="189" free="5713304" total="8388608" percent="68">
    <mem type="nursery" free="1049344" total="2097152" percent="50">
      <mem type="allocate" free="1049344" total="1245184" percent="84" />
      <mem type="survivor" free="0" total="851968" percent="0" />
    </mem>
    <mem type="tenure" free="4663960" total="6291456" percent="74">
      <mem type="soa" free="4349592" total="5977088" percent="72" />
      <mem type="loa" free="314368" total="314368" percent="100" />
    </mem>
    <pending-finalizers system="1" default="0" reference="244" classloader="0" />
    <remembered-set count="600" />
  </mem-info>
</gc-end>
<cycle-end id="190" type="scavenge" contextid="184" timestamp="2019-06-14T20:52:18.027" />
  <attribute name="elasticGC enabled" value="1" />
  <attribute name= "numThreadsSpecified" value="4" />
  <attribute name="heapSize specified" value="0" />
  <attribute name="Current GC Util" value="1" />
  <attribute name= "Current Time Running" value="2344" />
  <attribute name ="GC Interval" value="200" />
  <attribute name="ProportionalT" value="-9.500000" />
  <attribute name="ProportionalI" value="-9.500000" />
  <attribute name="ProportionalH" value="-9.500000" />
  <attribute name="Current Error" value="-19.000000" />
  <attribute name="IntegralT" value="-893.000000" />
  <attribute name="IntegralI" value="-893.000000" />
  <attribute name="IntegralH" value="-893.000000" />
  <attribute name="DerivativeT" value="-0.202128" />
  <attribute name="DerivativeI" value="-0.202128" />
  <attribute name="DerivativeH" value="-0.202128" />
  <attribute name="Loop Time for DT" value="47.000000" />
  <attribute name="Output H" value="2092630016"/>
  <attribute name="Output I" value="200"/>
  <attribute name="Output T" value="4"/>
  <attribute name="Target GC Util Change" value ="20.000000" />
  <attribute name="Current GC Util Change" value="1.000000"/>
  <attribute name="GC Util currently" value="1" />
  <attribute name="CPU Util currently" value="22" />
<allocation-satisfied id="191" threadId="00000000015BE700" bytesRequested="24" />
<af-end id="192" timestamp="2019-06-14T20:52:18.027" threadId="00000000015BF088" success="true" from="nursery"/>
<exclusive-end id="193" timestamp="2019-06-14T20:52:18.027" durationms="1.590" />

<exclusive-start id="194" timestamp="2019-06-14T20:52:18.057" intervalms="31.408">
  <response-info timems="0.025" idlems="0.025" threads="0" lastid="00000000015BE700" lastname="main" />
</exclusive-start>
<af-start id="195" threadId="00000000015BF088" totalBytesRequested="15368" timestamp="2019-06-14T20:52:18.057" intervalms="31.331" type="nursery" />
<cycle-start id="196" type="scavenge" contextid="0" timestamp="2019-06-14T20:52:18.057" intervalms="31.265" />
<gc-start id="197" type="scavenge" contextid="196" timestamp="2019-06-14T20:52:18.057">
  <mem-info id="198" free="4643424" total="8388608" percent="55">
    <mem type="nursery" free="0" total="2097152" percent="0">
      <mem type="allocate" free="0" total="1245184" percent="0" />
      <mem type="survivor" free="0" total="851968" percent="0" />
    </mem>
    <mem type="tenure" free="4643424" total="6291456" percent="73">
      <mem type="soa" free="4329056" total="5977088" percent="72" />
      <mem type="loa" free="314368" total="314368" percent="100" />
    </mem>
    <remembered-set count="859" />
  </mem-info>
</gc-start>
<allocation-stats totalBytes="1055768" >
  <allocated-bytes non-tlh="148952" tlh="906816" />
  <largest-consumer threadName="main" threadId="00000000015BE700" bytes="1043936" />
</allocation-stats>
<gc-op id="199" type="scavenge" timems="0.545" contextid="196" timestamp="2019-06-14T20:52:18.057">
  <scavenger-info tenureage="3" tenuremask="ffe8" tiltratio="59" />
  <memory-copied type="nursery" objects="2906" bytes="149328" bytesdiscarded="77048" />
  <memory-copied type="tenure" objects="63" bytes="3976" bytesdiscarded="0" />
  <finalization candidates="38" enqueued="0" />
  <ownableSynchronizers candidates="17" cleared="0" />
  <references type="soft" candidates="6" cleared="0" enqueued="0" dynamicThreshold="32" maxThreshold="32" />
  <references type="weak" candidates="499" cleared="34" enqueued="27" />
  <references type="phantom" candidates="6" cleared="0" enqueued="0" />
</gc-op>
<gc-end id="200" type="scavenge" contextid="196" durationms="0.730" usertimems="0.000" systemtimems="4.000" timestamp="2019-06-14T20:52:18.058" activeThreads="4">
  <mem-info id="201" free="5793120" total="8388608" percent="69">
    <mem type="nursery" free="1149696" total="2097152" percent="54">
      <mem type="allocate" free="1149696" total="1376256" percent="83" />
      <mem type="survivor" free="0" total="720896" percent="0" />
    </mem>
    <mem type="tenure" free="4643424" total="6291456" percent="73">
      <mem type="soa" free="4329056" total="5977088" percent="72" />
      <mem type="loa" free="314368" total="314368" percent="100" />
    </mem>
    <pending-finalizers system="0" default="0" reference="27" classloader="0" />
    <remembered-set count="756" />
  </mem-info>
</gc-end>
<cycle-end id="202" type="scavenge" contextid="196" timestamp="2019-06-14T20:52:18.058" />
  <attribute name="elasticGC enabled" value="1" />
  <attribute name= "numThreadsSpecified" value="4" />
  <attribute name="heapSize specified" value="0" />
  <attribute name="Current GC Util" value="2" />
  <attribute name= "Current Time Running" value="2375" />
  <attribute name ="GC Interval" value="200" />
  <attribute name="ProportionalT" value="-9.000000" />
  <attribute name="ProportionalI" value="-9.000000" />
  <attribute name="ProportionalH" value="-9.000000" />
  <attribute name="Current Error" value="-18.000000" />
  <attribute name="IntegralT" value="-558.000000" />
  <attribute name="IntegralI" value="-558.000000" />
  <attribute name="IntegralH" value="-558.000000" />
  <attribute name="DerivativeT" value="-0.290323" />
  <attribute name="DerivativeI" value="-0.290323" />
  <attribute name="DerivativeH" value="-0.290323" />
  <attribute name="Loop Time for DT" value="31.000000" />
  <attribute name="Output H" value="2092630016"/>
  <attribute name="Output I" value="200"/>
  <attribute name="Output T" value="4"/>
  <attribute name="Target GC Util Change" value ="20.000000" />
  <attribute name="Current GC Util Change" value="2.000000"/>
  <attribute name="GC Util currently" value="2" />
  <attribute name="CPU Util currently" value="9" />
<allocation-satisfied id="203" threadId="00000000015BE700" bytesRequested="15368" />
<af-end id="204" timestamp="2019-06-14T20:52:18.058" threadId="00000000015BF088" success="true" from="nursery"/>
<exclusive-end id="205" timestamp="2019-06-14T20:52:18.058" durationms="1.169" />

<exclusive-start id="206" timestamp="2019-06-14T20:52:18.106" intervalms="49.376">
  <response-info timems="0.055" idlems="0.055" threads="0" lastid="00000000015BE700" lastname="main" />
</exclusive-start>
<af-start id="207" threadId="00000000015BF088" totalBytesRequested="208" timestamp="2019-06-14T20:52:18.106" intervalms="49.419" type="nursery" />
<cycle-start id="208" type="scavenge" contextid="0" timestamp="2019-06-14T20:52:18.106" intervalms="49.454" />
<gc-start id="209" type="scavenge" contextid="208" timestamp="2019-06-14T20:52:18.106">
  <mem-info id="210" free="4590024" total="8388608" percent="54">
    <mem type="nursery" free="0" total="2097152" percent="0">
      <mem type="allocate" free="0" total="1376256" percent="0" />
      <mem type="survivor" free="0" total="720896" percent="0" />
    </mem>
    <mem type="tenure" free="4590024" total="6291456" percent="72">
      <mem type="soa" free="4275656" total="5977088" percent="71" />
      <mem type="loa" free="314368" total="314368" percent="100" />
    </mem>
    <remembered-set count="1215" />
  </mem-info>
</gc-start>
<allocation-stats totalBytes="1201344" >
  <allocated-bytes non-tlh="68768" tlh="1132576" />
  <largest-consumer threadName="main" threadId="00000000015BE700" bytes="1193152" />
</allocation-stats>
<gc-op id="211" type="scavenge" timems="0.618" contextid="208" timestamp="2019-06-14T20:52:18.107">
  <scavenger-info tenureage="5" tenuremask="ffe0" tiltratio="65" />
  <memory-copied type="nursery" objects="5983" bytes="214960" bytesdiscarded="81232" />
  <finalization candidates="38" enqueued="0" />
  <ownableSynchronizers candidates="17" cleared="0" />
  <references type="soft" candidates="6" cleared="0" enqueued="0" dynamicThreshold="32" maxThreshold="32" />
  <references type="weak" candidates="726" cleared="6" enqueued="6" />
  <references type="phantom" candidates="5" cleared="0" enqueued="0" />
</gc-op>
<gc-end id="212" type="scavenge" contextid="208" durationms="0.814" usertimems="0.000" systemtimems="0.000" timestamp="2019-06-14T20:52:18.107" activeThreads="4">
  <mem-info id="213" free="5735368" total="8388608" percent="68">
    <mem type="nursery" free="1145344" total="2097152" percent="54">
      <mem type="allocate" free="1145344" total="1441792" percent="79" />
      <mem type="survivor" free="0" total="655360" percent="0" />
    </mem>
    <mem type="tenure" free="4590024" total="6291456" percent="72">
      <mem type="soa" free="4275656" total="5977088" percent="71" />
      <mem type="loa" free="314368" total="314368" percent="100" />
    </mem>
    <pending-finalizers system="0" default="0" reference="6" classloader="0" />
    <remembered-set count="1037" />
  </mem-info>
</gc-end>
<cycle-end id="214" type="scavenge" contextid="208" timestamp="2019-06-14T20:52:18.107" />
  <attribute name="elasticGC enabled" value="1" />
  <attribute name= "numThreadsSpecified" value="4" />
  <attribute name="heapSize specified" value="0" />
  <attribute name="Current GC Util" value="1" />
  <attribute name= "Current Time Running" value="2425" />
  <attribute name ="GC Interval" value="200" />
  <attribute name="ProportionalT" value="-9.500000" />
  <attribute name="ProportionalI" value="-9.500000" />
  <attribute name="ProportionalH" value="-9.500000" />
  <attribute name="Current Error" value="-19.000000" />
  <attribute name="IntegralT" value="-950.000000" />
  <attribute name="IntegralI" value="-950.000000" />
  <attribute name="IntegralH" value="-950.000000" />
  <attribute name="DerivativeT" value="-0.190000" />
  <attribute name="DerivativeI" value="-0.190000" />
  <attribute name="DerivativeH" value="-0.190000" />
  <attribute name="Loop Time for DT" value="50.000000" />
  <attribute name="Output H" value="2092630016"/>
  <attribute name="Output I" value="200"/>
  <attribute name="Output T" value="4"/>
  <attribute name="Target GC Util Change" value ="20.000000" />
  <attribute name="Current GC Util Change" value="1.000000"/>
  <attribute name="GC Util currently" value="1" />
  <attribute name="CPU Util currently" value="10" />
<allocation-satisfied id="215" threadId="00000000015BE700" bytesRequested="208" />
<af-end id="216" timestamp="2019-06-14T20:52:18.107" threadId="00000000015BF088" success="true" from="nursery"/>
<exclusive-end id="217" timestamp="2019-06-14T20:52:18.107" durationms="1.400" />

<exclusive-start id="218" timestamp="2019-06-14T20:52:18.159" intervalms="52.621">
  <response-info timems="0.054" idlems="0.054" threads="0" lastid="00000000015BE700" lastname="main" />
</exclusive-start>
<af-start id="219" threadId="00000000015BF088" totalBytesRequested="160" timestamp="2019-06-14T20:52:18.159" intervalms="52.602" type="nursery" />
<cycle-start id="220" type="scavenge" contextid="0" timestamp="2019-06-14T20:52:18.159" intervalms="52.570" />
<gc-start id="221" type="scavenge" contextid="220" timestamp="2019-06-14T20:52:18.159">
  <mem-info id="222" free="4509352" total="8388608" percent="53">
    <mem type="nursery" free="0" total="2097152" percent="0">
      <mem type="allocate" free="0" total="1441792" percent="0" />
      <mem type="survivor" free="0" total="655360" percent="0" />
    </mem>
    <mem type="tenure" free="4509352" total="6291456" percent="71">
      <mem type="soa" free="4194984" total="5977088" percent="70" />
      <mem type="loa" free="314368" total="314368" percent="100" />
    </mem>
    <remembered-set count="2267" />
  </mem-info>
</gc-start>
<allocation-stats totalBytes="1224264" >
  <allocated-bytes non-tlh="80880" tlh="1143384" />
  <largest-consumer threadName="main" threadId="00000000015BE700" bytes="1224264" />
</allocation-stats>
<gc-op id="223" type="scavenge" timems="0.839" contextid="220" timestamp="2019-06-14T20:52:18.160">
  <scavenger-info tenureage="3" tenuremask="ffe8" tiltratio="68" />
  <memory-copied type="nursery" objects="7924" bytes="245760" bytesdiscarded="93792" />
  <memory-copied type="tenure" objects="2235" bytes="87632" bytesdiscarded="8" />
  <finalization candidates="49" enqueued="0" />
  <ownableSynchronizers candidates="17" cleared="0" />
  <references type="soft" candidates="36" cleared="0" enqueued="0" dynamicThreshold="32" maxThreshold="32" />
  <references type="weak" candidates="663" cleared="69" enqueued="53" />
  <references type="phantom" candidates="3" cleared="0" enqueued="0" />
</gc-op>
<gc-end id="224" type="scavenge" contextid="220" durationms="1.037" usertimems="0.000" systemtimems="0.000" timestamp="2019-06-14T20:52:18.160" activeThreads="4">
  <mem-info id="225" free="5607072" total="8388608" percent="66">
    <mem type="nursery" free="1167608" total="2097152" percent="55">
      <mem type="allocate" free="1167608" total="1507328" percent="77" />
      <mem type="survivor" free="0" total="589824" percent="0" />
    </mem>
    <mem type="tenure" free="4439464" total="6291456" percent="70">
      <mem type="soa" free="4125096" total="5977088" percent="69" />
      <mem type="loa" free="314368" total="314368" percent="100" />
    </mem>
    <pending-finalizers system="0" default="0" reference="53" classloader="0" />
    <remembered-set count="1946" />
  </mem-info>
</gc-end>
<cycle-end id="226" type="scavenge" contextid="220" timestamp="2019-06-14T20:52:18.160" />
  <attribute name="elasticGC enabled" value="1" />
  <attribute name= "numThreadsSpecified" value="4" />
  <attribute name="heapSize specified" value="0" />
  <attribute name="Current GC Util" value="2" />
  <attribute name= "Current Time Running" value="2477" />
  <attribute name ="GC Interval" value="200" />
  <attribute name="ProportionalT" value="-9.000000" />
  <attribute name="ProportionalI" value="-9.000000" />
  <attribute name="ProportionalH" value="-9.000000" />
  <attribute name="Current Error" value="-18.000000" />
  <attribute name="IntegralT" value="-936.000000" />
  <attribute name="IntegralI" value="-936.000000" />
  <attribute name="IntegralH" value="-936.000000" />
  <attribute name="DerivativeT" value="-0.173077" />
  <attribute name="DerivativeI" value="-0.173077" />
  <attribute name="DerivativeH" value="-0.173077" />
  <attribute name="Loop Time for DT" value="52.000000" />
  <attribute name="Output H" value="2092630016"/>
  <attribute name="Output I" value="200"/>
  <attribute name="Output T" value="4"/>
  <attribute name="Target GC Util Change" value ="20.000000" />
  <attribute name="Current GC Util Change" value="2.000000"/>
  <attribute name="GC Util currently" value="2" />
  <attribute name="CPU Util currently" value="19" />
<allocation-satisfied id="227" threadId="00000000015BE700" bytesRequested="160" />
<af-end id="228" timestamp="2019-06-14T20:52:18.160" threadId="00000000015BF088" success="true" from="nursery"/>
<exclusive-end id="229" timestamp="2019-06-14T20:52:18.160" durationms="1.507" />

<exclusive-start id="230" timestamp="2019-06-14T20:52:18.195" intervalms="36.301">
  <response-info timems="0.057" idlems="0.057" threads="0" lastid="00000000015BE700" lastname="main" />
</exclusive-start>
<af-start id="231" threadId="00000000015BF088" totalBytesRequested="5904" timestamp="2019-06-14T20:52:18.195" intervalms="36.327" type="nursery" />
<cycle-start id="232" type="scavenge" contextid="0" timestamp="2019-06-14T20:52:18.195" intervalms="36.360" />
<gc-start id="233" type="scavenge" contextid="232" timestamp="2019-06-14T20:52:18.195">
  <mem-info id="234" free="4401184" total="8388608" percent="52">
    <mem type="nursery" free="0" total="2097152" percent="0">
      <mem type="allocate" free="0" total="1507328" percent="0" />
      <mem type="survivor" free="0" total="589824" percent="0" />
    </mem>
    <mem type="tenure" free="4401184" total="6291456" percent="69">
      <mem type="soa" free="4086816" total="5977088" percent="68" />
      <mem type="loa" free="314368" total="314368" percent="100" />
    </mem>
    <remembered-set count="2422" />
  </mem-info>
</gc-start>
<allocation-stats totalBytes="1200800" >
  <allocated-bytes non-tlh="38440" tlh="1162360" />
  <largest-consumer threadName="main" threadId="00000000015BE700" bytes="1188968" />
</allocation-stats>
<gc-op id="235" type="scavenge" timems="0.910" contextid="232" timestamp="2019-06-14T20:52:18.196">
  <scavenger-info tenureage="3" tenuremask="ffc8" tiltratio="71" />
  <memory-copied type="nursery" objects="10407" bytes="357104" bytesdiscarded="95536" />
  <memory-copied type="tenure" objects="382" bytes="23704" bytesdiscarded="0" />
  <finalization candidates="11" enqueued="0" />
  <references type="soft" candidates="271" cleared="0" enqueued="0" dynamicThreshold="32" maxThreshold="32" />
  <references type="weak" candidates="546" cleared="18" enqueued="18" />
  <references type="phantom" candidates="8" cleared="3" enqueued="3" />
</gc-op>
<gc-end id="236" type="scavenge" contextid="232" durationms="1.220" usertimems="4.000" systemtimems="0.000" timestamp="2019-06-14T20:52:18.196" activeThreads="4">
  <mem-info id="237" free="5482008" total="8388608" percent="65">
    <mem type="nursery" free="1119992" total="2097152" percent="53">
      <mem type="allocate" free="1119992" total="1572864" percent="71" />
      <mem type="survivor" free="0" total="524288" percent="0" />
    </mem>
    <mem type="tenure" free="4362016" total="6291456" percent="69">
      <mem type="soa" free="4047648" total="5977088" percent="67" />
      <mem type="loa" free="314368" total="314368" percent="100" />
    </mem>
    <pending-finalizers system="0" default="0" reference="21" classloader="0" />
    <remembered-set count="1967" />
  </mem-info>
</gc-end>
<cycle-end id="238" type="scavenge" contextid="232" timestamp="2019-06-14T20:52:18.197" />
  <attribute name="elasticGC enabled" value="1" />
  <attribute name= "numThreadsSpecified" value="4" />
  <attribute name="heapSize specified" value="0" />
  <attribute name="Current GC Util" value="4" />
  <attribute name= "Current Time Running" value="2514" />
  <attribute name ="GC Interval" value="200" />
  <attribute name="ProportionalT" value="-8.000000" />
  <attribute name="ProportionalI" value="-8.000000" />
  <attribute name="ProportionalH" value="-8.000000" />
  <attribute name="Current Error" value="-16.000000" />
  <attribute name="IntegralT" value="-592.000000" />
  <attribute name="IntegralI" value="-592.000000" />
  <attribute name="IntegralH" value="-592.000000" />
  <attribute name="DerivativeT" value="-0.216216" />
  <attribute name="DerivativeI" value="-0.216216" />
  <attribute name="DerivativeH" value="-0.216216" />
  <attribute name="Loop Time for DT" value="37.000000" />
  <attribute name="Output H" value="2092630016"/>
  <attribute name="Output I" value="200"/>
  <attribute name="Output T" value="4"/>
  <attribute name="Target GC Util Change" value ="20.000000" />
  <attribute name="Current GC Util Change" value="4.000000"/>
  <attribute name="GC Util currently" value="4" />
  <attribute name="CPU Util currently" value="6" />
<allocation-satisfied id="239" threadId="00000000015BE700" bytesRequested="5904" />
<af-end id="240" timestamp="2019-06-14T20:52:18.197" threadId="00000000015BF088" success="true" from="nursery"/>
<exclusive-end id="241" timestamp="2019-06-14T20:52:18.197" durationms="1.962" />

<exclusive-start id="242" timestamp="2019-06-14T20:52:18.231" intervalms="35.824">
  <response-info timems="0.153" idlems="0.153" threads="0" lastid="00000000015BE700" lastname="main" />
</exclusive-start>
<af-start id="243" threadId="00000000015BF088" totalBytesRequested="4944" timestamp="2019-06-14T20:52:18.231" intervalms="35.778" type="nursery" />
<cycle-start id="244" type="scavenge" contextid="0" timestamp="2019-06-14T20:52:18.231" intervalms="35.743" />
<gc-start id="245" type="scavenge" contextid="244" timestamp="2019-06-14T20:52:18.231">
  <mem-info id="246" free="4345112" total="8388608" percent="51">
    <mem type="nursery" free="0" total="2097152" percent="0">
      <mem type="allocate" free="0" total="1572864" percent="0" />
      <mem type="survivor" free="0" total="524288" percent="0" />
    </mem>
    <mem type="tenure" free="4345112" total="6291456" percent="69">
      <mem type="soa" free="4030744" total="5977088" percent="67" />
      <mem type="loa" free="314368" total="314368" percent="100" />
    </mem>
    <remembered-set count="2155" />
  </mem-info>
</gc-start>
<allocation-stats totalBytes="1132240" >
  <allocated-bytes non-tlh="22808" tlh="1109432" />
  <largest-consumer threadName="main" threadId="00000000015BE700" bytes="1124048" />
</allocation-stats>
<gc-op id="247" type="scavenge" timems="1.108" contextid="244" timestamp="2019-06-14T20:52:18.232">
  <scavenger-info tenureage="3" tenuremask="ffa8" tiltratio="75" />
  <memory-copied type="nursery" objects="7877" bytes="263152" bytesdiscarded="89088" />
  <memory-copied type="tenure" objects="3154" bytes="96016" bytesdiscarded="24" />
  <finalization candidates="11" enqueued="0" />
  <references type="soft" candidates="350" cleared="0" enqueued="0" dynamicThreshold="32" maxThreshold="32" />
  <references type="weak" candidates="426" cleared="6" enqueued="6" />
  <references type="phantom" candidates="5" cleared="0" enqueued="0" />
</gc-op>
<gc-end id="248" type="scavenge" contextid="244" durationms="1.336" usertimems="0.000" systemtimems="0.000" timestamp="2019-06-14T20:52:18.232" activeThreads="4">
  <mem-info id="249" free="5487128" total="8388608" percent="65">
    <mem type="nursery" free="1220352" total="2097152" percent="58">
      <mem type="allocate" free="1220352" total="1572864" percent="77" />
      <mem type="survivor" free="0" total="524288" percent="0" />
    </mem>
    <mem type="tenure" free="4266776" total="6291456" percent="67">
      <mem type="soa" free="3952408" total="5977088" percent="66" />
      <mem type="loa" free="314368" total="314368" percent="100" />
    </mem>
    <pending-finalizers system="0" default="0" reference="6" classloader="0" />
    <remembered-set count="1013" />
  </mem-info>
</gc-end>
<cycle-end id="250" type="scavenge" contextid="244" timestamp="2019-06-14T20:52:18.232" />
  <attribute name="elasticGC enabled" value="1" />
  <attribute name= "numThreadsSpecified" value="4" />
  <attribute name="heapSize specified" value="0" />
  <attribute name="Current GC Util" value="4" />
  <attribute name= "Current Time Running" value="2549" />
  <attribute name ="GC Interval" value="200" />
  <attribute name="ProportionalT" value="-8.000000" />
  <attribute name="ProportionalI" value="-8.000000" />
  <attribute name="ProportionalH" value="-8.000000" />
  <attribute name="Current Error" value="-16.000000" />
  <attribute name="IntegralT" value="-560.000000" />
  <attribute name="IntegralI" value="-560.000000" />
  <attribute name="IntegralH" value="-560.000000" />
  <attribute name="DerivativeT" value="-0.228571" />
  <attribute name="DerivativeI" value="-0.228571" />
  <attribute name="DerivativeH" value="-0.228571" />
  <attribute name="Loop Time for DT" value="35.000000" />
  <attribute name="Output H" value="2092630016"/>
  <attribute name="Output I" value="200"/>
  <attribute name="Output T" value="4"/>
  <attribute name="Target GC Util Change" value ="20.000000" />
  <attribute name="Current GC Util Change" value="4.000000"/>
  <attribute name="GC Util currently" value="4" />
  <attribute name="CPU Util currently" value="5" />
<allocation-satisfied id="251" threadId="00000000015BE700" bytesRequested="4944" />
<af-end id="252" timestamp="2019-06-14T20:52:18.233" threadId="00000000015BF088" success="true" from="nursery"/>
<exclusive-end id="253" timestamp="2019-06-14T20:52:18.233" durationms="1.886" />

<exclusive-start id="254" timestamp="2019-06-14T20:52:21.019" intervalms="2788.531">
  <response-info timems="0.066" idlems="0.066" threads="0" lastid="00000000015BE700" lastname="main" />
</exclusive-start>
<af-start id="255" threadId="00000000015BF088" totalBytesRequested="3944" timestamp="2019-06-14T20:52:21.019" intervalms="2788.594" type="nursery" />
<cycle-start id="256" type="scavenge" contextid="0" timestamp="2019-06-14T20:52:21.020" intervalms="2788.664" />
<gc-start id="257" type="scavenge" contextid="256" timestamp="2019-06-14T20:52:21.020">
  <mem-info id="258" free="4247872" total="8388608" percent="50">
    <mem type="nursery" free="0" total="2097152" percent="0">
      <mem type="allocate" free="0" total="1572864" percent="0" />
      <mem type="survivor" free="0" total="524288" percent="0" />
    </mem>
    <mem type="tenure" free="4247872" total="6291456" percent="67">
      <mem type="soa" free="3933504" total="5977088" percent="65" />
      <mem type="loa" free="314368" total="314368" percent="100" />
    </mem>
    <remembered-set count="1294" />
  </mem-info>
</gc-start>
<allocation-stats totalBytes="1236560" >
  <allocated-bytes non-tlh="23848" tlh="1212712" />
  <largest-consumer threadName="main" threadId="00000000015BE700" bytes="1236560" />
</allocation-stats>
<gc-op id="259" type="scavenge" timems="1.215" contextid="256" timestamp="2019-06-14T20:52:21.021">
  <scavenger-info tenureage="3" tenuremask="ff68" tiltratio="75" />
  <memory-copied type="nursery" objects="6011" bytes="229536" bytesdiscarded="45248" />
  <memory-copied type="tenure" objects="4107" bytes="116064" bytesdiscarded="16" />
  <finalization candidates="11" enqueued="0" />
  <references type="soft" candidates="478" cleared="0" enqueued="0" dynamicThreshold="32" maxThreshold="32" />
  <references type="weak" candidates="282" cleared="12" enqueued="12" />
  <references type="phantom" candidates="6" cleared="2" enqueued="2" />
</gc-op>
<gc-end id="260" type="scavenge" contextid="256" durationms="1.500" usertimems="0.000" systemtimems="0.000" timestamp="2019-06-14T20:52:21.021" activeThreads="4">
  <mem-info id="261" free="5493712" total="8388608" percent="65">
    <mem type="nursery" free="1363344" total="2097152" percent="65">
      <mem type="allocate" free="1363344" total="1638400" percent="83" />
      <mem type="survivor" free="0" total="458752" percent="0" />
    </mem>
    <mem type="tenure" free="4130368" total="6291456" percent="65">
      <mem type="soa" free="3816000" total="5977088" percent="63" />
      <mem type="loa" free="314368" total="314368" percent="100" />
    </mem>
    <pending-finalizers system="0" default="0" reference="14" classloader="0" />
    <remembered-set count="740" />
  </mem-info>
</gc-end>
<cycle-end id="262" type="scavenge" contextid="256" timestamp="2019-06-14T20:52:21.021" />
  <attribute name="elasticGC enabled" value="1" />
  <attribute name= "numThreadsSpecified" value="4" />
  <attribute name="heapSize specified" value="0" />
  <attribute name="Current GC Util" value="0" />
  <attribute name= "Current Time Running" value="5338" />
  <attribute name ="GC Interval" value="200" />
  <attribute name="ProportionalT" value="-10.000000" />
  <attribute name="ProportionalI" value="-10.000000" />
  <attribute name="ProportionalH" value="-10.000000" />
  <attribute name="Current Error" value="-20.000000" />
  <attribute name="IntegralT" value="-55780.000000" />
  <attribute name="IntegralI" value="-55780.000000" />
  <attribute name="IntegralH" value="-55780.000000" />
  <attribute name="DerivativeT" value="-0.003586" />
  <attribute name="DerivativeI" value="-0.003586" />
  <attribute name="DerivativeH" value="-0.003586" />
  <attribute name="Loop Time for DT" value="2789.000000" />
  <attribute name="Output H" value="2092630016"/>
  <attribute name="Output I" value="200"/>
  <attribute name="Output T" value="4"/>
  <attribute name="Target GC Util Change" value ="20.000000" />
  <attribute name="Current GC Util Change" value="0.000000"/>
  <attribute name="GC Util currently" value="0" />
  <attribute name="CPU Util currently" value="3" />
<allocation-satisfied id="263" threadId="00000000015BE700" bytesRequested="3944" />
<af-end id="264" timestamp="2019-06-14T20:52:21.021" threadId="00000000015BF088" success="true" from="nursery"/>
<exclusive-end id="265" timestamp="2019-06-14T20:52:21.021" durationms="2.211" />

<exclusive-start id="266" timestamp="2019-06-14T20:52:21.063" intervalms="43.308">
  <response-info timems="0.034" idlems="0.034" threads="0" lastid="00000000015BE700" lastname="main" />
</exclusive-start>
<af-start id="267" threadId="00000000015BF088" totalBytesRequested="33248" timestamp="2019-06-14T20:52:21.063" intervalms="43.277" type="nursery" />
<cycle-start id="268" type="scavenge" contextid="0" timestamp="2019-06-14T20:52:21.063" intervalms="43.215" />
<gc-start id="269" type="scavenge" contextid="268" timestamp="2019-06-14T20:52:21.063">
  <mem-info id="270" free="4094208" total="8388608" percent="48">
    <mem type="nursery" free="0" total="2097152" percent="0">
      <mem type="allocate" free="0" total="1638400" percent="0" />
      <mem type="survivor" free="0" total="458752" percent="0" />
    </mem>
    <mem type="tenure" free="4094208" total="6291456" percent="65">
      <mem type="soa" free="3779840" total="5977088" percent="63" />
      <mem type="loa" free="314368" total="314368" percent="100" />
    </mem>
    <remembered-set count="1075" />
  </mem-info>
</gc-start>
<allocation-stats totalBytes="1397024" >
  <allocated-bytes non-tlh="40104" tlh="1356920" />
  <largest-consumer threadName="main" threadId="00000000015BE700" bytes="1397024" />
</allocation-stats>
<gc-op id="271" type="scavenge" timems="0.654" contextid="268" timestamp="2019-06-14T20:52:21.064">
  <scavenger-info tenureage="3" tenuremask="fee8" tiltratio="78" />
  <memory-copied type="nursery" objects="4071" bytes="171480" bytesdiscarded="102384" />
  <memory-copied type="tenure" objects="2463" bytes="96104" bytesdiscarded="48" />
  <finalization candidates="3" enqueued="0" />
  <references type="soft" candidates="245" cleared="0" enqueued="0" dynamicThreshold="32" maxThreshold="32" />
  <references type="weak" candidates="363" cleared="11" enqueued="11" />
  <references type="phantom" candidates="1" cleared="0" enqueued="0" />
</gc-op>
<gc-end id="272" type="scavenge" contextid="268" durationms="0.861" usertimems="4.000" systemtimems="0.000" timestamp="2019-06-14T20:52:21.064" activeThreads="4">
  <mem-info id="273" free="5340928" total="8388608" percent="63">
    <mem type="nursery" free="1364224" total="2097152" percent="65">
      <mem type="allocate" free="1364224" total="1638400" percent="83" />
      <mem type="survivor" free="0" total="458752" percent="0" />
    </mem>
    <mem type="tenure" free="3976704" total="6291456" percent="63">
      <mem type="soa" free="3662336" total="5977088" percent="61" />
      <mem type="loa" free="314368" total="314368" percent="100" />
    </mem>
    <pending-finalizers system="0" default="0" reference="11" classloader="0" />
    <remembered-set count="842" />
  </mem-info>
</gc-end>
<cycle-end id="274" type="scavenge" contextid="268" timestamp="2019-06-14T20:52:21.064" />
  <attribute name="elasticGC enabled" value="1" />
  <attribute name= "numThreadsSpecified" value="4" />
  <attribute name="heapSize specified" value="0" />
  <attribute name="Current GC Util" value="3" />
  <attribute name= "Current Time Running" value="5381" />
  <attribute name ="GC Interval" value="200" />
  <attribute name="ProportionalT" value="-8.500000" />
  <attribute name="ProportionalI" value="-8.500000" />
  <attribute name="ProportionalH" value="-8.500000" />
  <attribute name="Current Error" value="-17.000000" />
  <attribute name="IntegralT" value="-731.000000" />
  <attribute name="IntegralI" value="-731.000000" />
  <attribute name="IntegralH" value="-731.000000" />
  <attribute name="DerivativeT" value="-0.197674" />
  <attribute name="DerivativeI" value="-0.197674" />
  <attribute name="DerivativeH" value="-0.197674" />
  <attribute name="Loop Time for DT" value="43.000000" />
  <attribute name="Output H" value="2092630016"/>
  <attribute name="Output I" value="200"/>
  <attribute name="Output T" value="4"/>
  <attribute name="Target GC Util Change" value ="20.000000" />
  <attribute name="Current GC Util Change" value="3.000000"/>
  <attribute name="GC Util currently" value="3" />
  <attribute name="CPU Util currently" value="25" />
<allocation-satisfied id="275" threadId="00000000015BE700" bytesRequested="33248" />
<af-end id="276" timestamp="2019-06-14T20:52:21.064" threadId="00000000015BF088" success="true" from="nursery"/>
<exclusive-end id="277" timestamp="2019-06-14T20:52:21.064" durationms="1.370" />

<exclusive-start id="278" timestamp="2019-06-14T20:52:21.097" intervalms="34.579">
  <response-info timems="0.048" idlems="0.048" threads="0" lastid="00000000015BE700" lastname="main" />
</exclusive-start>
<af-start id="279" threadId="00000000015BF088" totalBytesRequested="1032" timestamp="2019-06-14T20:52:21.097" intervalms="34.594" type="nursery" />
<cycle-start id="280" type="scavenge" contextid="0" timestamp="2019-06-14T20:52:21.097" intervalms="34.618" />
<gc-start id="281" type="scavenge" contextid="280" timestamp="2019-06-14T20:52:21.098">
  <mem-info id="282" free="3953408" total="8388608" percent="47">
    <mem type="nursery" free="0" total="2097152" percent="0">
      <mem type="allocate" free="0" total="1638400" percent="0" />
      <mem type="survivor" free="0" total="458752" percent="0" />
    </mem>
    <mem type="tenure" free="3953408" total="6291456" percent="62">
      <mem type="soa" free="3639040" total="5977088" percent="60" />
      <mem type="loa" free="314368" total="314368" percent="100" />
    </mem>
    <remembered-set count="1093" />
  </mem-info>
</gc-start>
<allocation-stats totalBytes="1348160" >
  <allocated-bytes non-tlh="56544" tlh="1291616" />
  <largest-consumer threadName="main" threadId="00000000015BE700" bytes="1348160" />
</allocation-stats>
<gc-op id="283" type="scavenge" timems="0.693" contextid="280" timestamp="2019-06-14T20:52:21.098">
  <scavenger-info tenureage="3" tenuremask="ffe8" tiltratio="78" />
  <memory-copied type="nursery" objects="4136" bytes="172704" bytesdiscarded="22936" />
  <memory-copied type="tenure" objects="1237" bytes="47224" bytesdiscarded="16" />
  <finalization candidates="3" enqueued="0" />
  <references type="soft" candidates="208" cleared="0" enqueued="0" dynamicThreshold="32" maxThreshold="32" />
  <references type="weak" candidates="357" cleared="13" enqueued="13" />
  <references type="phantom" candidates="3" cleared="1" enqueued="1" />
</gc-op>
<gc-end id="284" type="scavenge" contextid="280" durationms="0.915" usertimems="0.000" systemtimems="0.000" timestamp="2019-06-14T20:52:21.098" activeThreads="4">
  <mem-info id="285" free="5422336" total="8388608" percent="64">
    <mem type="nursery" free="1508096" total="2097152" percent="71">
      <mem type="allocate" free="1508096" total="1703936" percent="88" />
      <mem type="survivor" free="0" total="393216" percent="0" />
    </mem>
    <mem type="tenure" free="3914240" total="6291456" percent="62">
      <mem type="soa" free="3599872" total="5977088" percent="60" />
      <mem type="loa" free="314368" total="314368" percent="100" />
    </mem>
    <pending-finalizers system="0" default="0" reference="14" classloader="0" />
    <remembered-set count="706" />
  </mem-info>
</gc-end>
<cycle-end id="286" type="scavenge" contextid="280" timestamp="2019-06-14T20:52:21.098" />
  <attribute name="elasticGC enabled" value="1" />
  <attribute name= "numThreadsSpecified" value="4" />
  <attribute name="heapSize specified" value="0" />
  <attribute name="Current GC Util" value="3" />
  <attribute name= "Current Time Running" value="5416" />
  <attribute name ="GC Interval" value="200" />
  <attribute name="ProportionalT" value="-8.500000" />
  <attribute name="ProportionalI" value="-8.500000" />
  <attribute name="ProportionalH" value="-8.500000" />
  <attribute name="Current Error" value="-17.000000" />
  <attribute name="IntegralT" value="-595.000000" />
  <attribute name="IntegralI" value="-595.000000" />
  <attribute name="IntegralH" value="-595.000000" />
  <attribute name="DerivativeT" value="-0.242857" />
  <attribute name="DerivativeI" value="-0.242857" />
  <attribute name="DerivativeH" value="-0.242857" />
  <attribute name="Loop Time for DT" value="35.000000" />
  <attribute name="Output H" value="2092630016"/>
  <attribute name="Output I" value="200"/>
  <attribute name="Output T" value="4"/>
  <attribute name="Target GC Util Change" value ="20.000000" />
  <attribute name="Current GC Util Change" value="3.000000"/>
  <attribute name="GC Util currently" value="3" />
  <attribute name="CPU Util currently" value="23" />
<allocation-satisfied id="287" threadId="00000000015BE700" bytesRequested="1032" />
<af-end id="288" timestamp="2019-06-14T20:52:21.099" threadId="00000000015BF088" success="true" from="nursery"/>
<exclusive-end id="289" timestamp="2019-06-14T20:52:21.099" durationms="1.507" />

<exclusive-start id="290" timestamp="2019-06-14T20:52:21.150" intervalms="52.633">
  <response-info timems="0.025" idlems="0.025" threads="0" lastid="00000000015BE700" lastname="main" />
</exclusive-start>
<af-start id="291" threadId="00000000015BF088" totalBytesRequested="1592" timestamp="2019-06-14T20:52:21.150" intervalms="52.601" type="nursery" />
<cycle-start id="292" type="scavenge" contextid="0" timestamp="2019-06-14T20:52:21.150" intervalms="52.570" />
<gc-start id="293" type="scavenge" contextid="292" timestamp="2019-06-14T20:52:21.150">
  <mem-info id="294" free="3867328" total="8388608" percent="46">
    <mem type="nursery" free="0" total="2097152" percent="0">
      <mem type="allocate" free="0" total="1703936" percent="0" />
      <mem type="survivor" free="0" total="393216" percent="0" />
    </mem>
    <mem type="tenure" free="3867328" total="6291456" percent="61">
      <mem type="soa" free="3552960" total="5977088" percent="59" />
      <mem type="loa" free="314368" total="314368" percent="100" />
    </mem>
    <remembered-set count="1135" />
  </mem-info>
</gc-start>
<allocation-stats totalBytes="1552536" >
  <allocated-bytes non-tlh="47944" tlh="1504592" />
  <largest-consumer threadName="main" threadId="00000000015BE700" bytes="1548440" />
</allocation-stats>
<gc-op id="295" type="scavenge" timems="0.697" contextid="292" timestamp="2019-06-14T20:52:21.151">
  <scavenger-info tenureage="3" tenuremask="fbe8" tiltratio="81" />
  <memory-copied type="nursery" objects="2869" bytes="123200" bytesdiscarded="33232" />
  <memory-copied type="tenure" objects="2226" bytes="81904" bytesdiscarded="40" />
  <finalization candidates="3" enqueued="0" />
  <references type="soft" candidates="45" cleared="0" enqueued="0" dynamicThreshold="32" maxThreshold="32" />
  <references type="weak" candidates="652" cleared="1" enqueued="1" />
  <references type="phantom" candidates="1" cleared="0" enqueued="0" />
</gc-op>
<gc-end id="296" type="scavenge" contextid="292" durationms="0.891" usertimems="0.000" systemtimems="0.000" timestamp="2019-06-14T20:52:21.151" activeThreads="4">
  <mem-info id="297" free="5336256" total="8388608" percent="63">
    <mem type="nursery" free="1547264" total="2097152" percent="73">
      <mem type="allocate" free="1547264" total="1703936" percent="90" />
      <mem type="survivor" free="0" total="393216" percent="0" />
    </mem>
    <mem type="tenure" free="3788992" total="6291456" percent="60">
      <mem type="soa" free="3474624" total="5977088" percent="58" />
      <mem type="loa" free="314368" total="314368" percent="100" />
    </mem>
    <pending-finalizers system="0" default="0" reference="1" classloader="0" />
    <remembered-set count="817" />
  </mem-info>
</gc-end>
<cycle-end id="298" type="scavenge" contextid="292" timestamp="2019-06-14T20:52:21.151" />
  <attribute name="elasticGC enabled" value="1" />
  <attribute name= "numThreadsSpecified" value="4" />
  <attribute name="heapSize specified" value="0" />
  <attribute name="Current GC Util" value="2" />
  <attribute name= "Current Time Running" value="5469" />
  <attribute name ="GC Interval" value="200" />
  <attribute name="ProportionalT" value="-9.000000" />
  <attribute name="ProportionalI" value="-9.000000" />
  <attribute name="ProportionalH" value="-9.000000" />
  <attribute name="Current Error" value="-18.000000" />
  <attribute name="IntegralT" value="-954.000000" />
  <attribute name="IntegralI" value="-954.000000" />
  <attribute name="IntegralH" value="-954.000000" />
  <attribute name="DerivativeT" value="-0.169811" />
  <attribute name="DerivativeI" value="-0.169811" />
  <attribute name="DerivativeH" value="-0.169811" />
  <attribute name="Loop Time for DT" value="53.000000" />
  <attribute name="Output H" value="2092630016"/>
  <attribute name="Output I" value="200"/>
  <attribute name="Output T" value="4"/>
  <attribute name="Target GC Util Change" value ="20.000000" />
  <attribute name="Current GC Util Change" value="2.000000"/>
  <attribute name="GC Util currently" value="2" />
  <attribute name="CPU Util currently" value="10" />
<allocation-satisfied id="299" threadId="00000000015BE700" bytesRequested="1592" />
<af-end id="300" timestamp="2019-06-14T20:52:21.151" threadId="00000000015BF088" success="true" from="nursery"/>
<exclusive-end id="301" timestamp="2019-06-14T20:52:21.151" durationms="1.372" />

<exclusive-start id="302" timestamp="2019-06-14T20:52:21.196" intervalms="46.417">
  <response-info timems="0.020" idlems="0.020" threads="0" lastid="00000000015BE700" lastname="main" />
</exclusive-start>
<af-start id="303" threadId="00000000015BF088" totalBytesRequested="40" timestamp="2019-06-14T20:52:21.196" intervalms="46.441" type="nursery" />
<cycle-start id="304" type="scavenge" contextid="0" timestamp="2019-06-14T20:52:21.196" intervalms="46.487" />
<gc-start id="305" type="scavenge" contextid="304" timestamp="2019-06-14T20:52:21.197">
  <mem-info id="306" free="3735712" total="8388608" percent="44">
    <mem type="nursery" free="0" total="2097152" percent="0">
      <mem type="allocate" free="0" total="1703936" percent="0" />
      <mem type="survivor" free="0" total="393216" percent="0" />
    </mem>
    <mem type="tenure" free="3735712" total="6291456" percent="59">
      <mem type="soa" free="3421344" total="5977088" percent="57" />
      <mem type="loa" free="314368" total="314368" percent="100" />
    </mem>
    <remembered-set count="1437" />
  </mem-info>
</gc-start>
<allocation-stats totalBytes="1598416" >
  <allocated-bytes non-tlh="54872" tlh="1543544" />
  <largest-consumer threadName="main" threadId="00000000015BE700" bytes="1598416" />
</allocation-stats>
<gc-op id="307" type="scavenge" timems="0.874" contextid="304" timestamp="2019-06-14T20:52:21.198">
  <scavenger-info tenureage="3" tenuremask="ffe8" tiltratio="81" />
  <memory-copied type="nursery" objects="6955" bytes="254552" bytesdiscarded="49136" />
  <memory-copied type="tenure" objects="528" bytes="38104" bytesdiscarded="0" />
  <finalization candidates="3" enqueued="0" />
  <ownableSynchronizers candidates="1" cleared="0" />
  <references type="soft" candidates="249" cleared="0" enqueued="0" dynamicThreshold="32" maxThreshold="32" />
  <references type="weak" candidates="1063" cleared="1" enqueued="1" />
  <references type="phantom" candidates="1" cleared="0" enqueued="0" />
</gc-op>
<gc-end id="308" type="scavenge" contextid="304" durationms="1.130" usertimems="0.000" systemtimems="0.000" timestamp="2019-06-14T20:52:21.198" activeThreads="4">
  <mem-info id="309" free="5061016" total="8388608" percent="60">
    <mem type="nursery" free="1333504" total="2097152" percent="63">
      <mem type="allocate" free="1333504" total="1638400" percent="81" />
      <mem type="survivor" free="0" total="458752" percent="0" />
    </mem>
    <mem type="tenure" free="3727512" total="6291456" percent="59">
      <mem type="soa" free="3413144" total="5977088" percent="57" />
      <mem type="loa" free="314368" total="314368" percent="100" />
    </mem>
    <pending-finalizers system="0" default="0" reference="1" classloader="0" />
    <remembered-set count="1191" />
  </mem-info>
</gc-end>
<cycle-end id="310" type="scavenge" contextid="304" timestamp="2019-06-14T20:52:21.198" />
  <attribute name="elasticGC enabled" value="1" />
  <attribute name= "numThreadsSpecified" value="4" />
  <attribute name="heapSize specified" value="0" />
  <attribute name="Current GC Util" value="2" />
  <attribute name= "Current Time Running" value="5515" />
  <attribute name ="GC Interval" value="200" />
  <attribute name="ProportionalT" value="-9.000000" />
  <attribute name="ProportionalI" value="-9.000000" />
  <attribute name="ProportionalH" value="-9.000000" />
  <attribute name="Current Error" value="-18.000000" />
  <attribute name="IntegralT" value="-828.000000" />
  <attribute name="IntegralI" value="-828.000000" />
  <attribute name="IntegralH" value="-828.000000" />
  <attribute name="DerivativeT" value="-0.195652" />
  <attribute name="DerivativeI" value="-0.195652" />
  <attribute name="DerivativeH" value="-0.195652" />
  <attribute name="Loop Time for DT" value="46.000000" />
  <attribute name="Output H" value="2092630016"/>
  <attribute name="Output I" value="200"/>
  <attribute name="Output T" value="4"/>
  <attribute name="Target GC Util Change" value ="20.000000" />
  <attribute name="Current GC Util Change" value="2.000000"/>
  <attribute name="GC Util currently" value="2" />
  <attribute name="CPU Util currently" value="21" />
<allocation-satisfied id="311" threadId="00000000015BE700" bytesRequested="40" />
<af-end id="312" timestamp="2019-06-14T20:52:21.198" threadId="00000000015BF088" success="true" from="nursery"/>
<exclusive-end id="313" timestamp="2019-06-14T20:52:21.198" durationms="1.743" />

<exclusive-start id="314" timestamp="2019-06-14T20:52:21.243" intervalms="46.282">
  <response-info timems="0.040" idlems="0.040" threads="0" lastid="00000000015BE700" lastname="main" />
</exclusive-start>
<af-start id="315" threadId="00000000015BF088" totalBytesRequested="262152" timestamp="2019-06-14T20:52:21.243" intervalms="46.278" type="nursery" />
<cycle-start id="316" type="scavenge" contextid="0" timestamp="2019-06-14T20:52:21.243" intervalms="46.257" />
<gc-start id="317" type="scavenge" contextid="316" timestamp="2019-06-14T20:52:21.243">
  <mem-info id="318" free="3686872" total="8388608" percent="43">
    <mem type="nursery" free="0" total="2097152" percent="0">
      <mem type="allocate" free="0" total="1638400" percent="0" />
      <mem type="survivor" free="0" total="458752" percent="0" />
    </mem>
    <mem type="tenure" free="3686872" total="6291456" percent="58">
      <mem type="soa" free="3372504" total="5977088" percent="56" />
      <mem type="loa" free="314368" total="314368" percent="100" />
    </mem>
    <remembered-set count="1888" />
  </mem-info>
</gc-start>
<allocation-stats totalBytes="1367408" >
  <allocated-bytes non-tlh="40680" tlh="1326728" />
  <largest-consumer threadName="main" threadId="00000000015BE700" bytes="1306280" />
</allocation-stats>
<gc-op id="319" type="scavenge" timems="0.945" contextid="316" timestamp="2019-06-14T20:52:21.244">
  <scavenger-info tenureage="3" tenuremask="ffe8" tiltratio="78" />
  <memory-copied type="nursery" objects="8718" bytes="354648" bytesdiscarded="103328" />
  <memory-copied type="tenure" objects="1279" bytes="46624" bytesdiscarded="0" />
  <finalization candidates="15" enqueued="0" />
  <ownableSynchronizers candidates="4" cleared="0" />
  <references type="soft" candidates="250" cleared="0" enqueued="0" dynamicThreshold="32" maxThreshold="32" />
  <references type="weak" candidates="1914" cleared="431" enqueued="289" />
  <references type="phantom" candidates="4" cleared="1" enqueued="1" />
</gc-op>
<gc-end id="320" type="scavenge" contextid="316" durationms="1.130" usertimems="0.000" systemtimems="0.000" timestamp="2019-06-14T20:52:21.244" activeThreads="4">
  <mem-info id="321" free="4761816" total="8388608" percent="56">
    <mem type="nursery" free="1114112" total="2097152" percent="53">
      <mem type="allocate" free="1114112" total="1572864" percent="70" />
      <mem type="survivor" free="0" total="524288" percent="0" />
    </mem>
    <mem type="tenure" free="3647704" total="6291456" percent="57">
      <mem type="soa" free="3333336" total="5977088" percent="55" />
      <mem type="loa" free="314368" total="314368" percent="100" />
    </mem>
    <pending-finalizers system="0" default="0" reference="290" classloader="0" />
    <remembered-set count="1433" />
  </mem-info>
</gc-end>
<cycle-end id="322" type="scavenge" contextid="316" timestamp="2019-06-14T20:52:21.244" />
  <attribute name="elasticGC enabled" value="1" />
  <attribute name= "numThreadsSpecified" value="4" />
  <attribute name="heapSize specified" value="0" />
  <attribute name="Current GC Util" value="2" />
  <attribute name= "Current Time Running" value="5561" />
  <attribute name ="GC Interval" value="200" />
  <attribute name="ProportionalT" value="-9.000000" />
  <attribute name="ProportionalI" value="-9.000000" />
  <attribute name="ProportionalH" value="-9.000000" />
  <attribute name="Current Error" value="-18.000000" />
  <attribute name="IntegralT" value="-828.000000" />
  <attribute name="IntegralI" value="-828.000000" />
  <attribute name="IntegralH" value="-828.000000" />
  <attribute name="DerivativeT" value="-0.195652" />
  <attribute name="DerivativeI" value="-0.195652" />
  <attribute name="DerivativeH" value="-0.195652" />
  <attribute name="Loop Time for DT" value="46.000000" />
  <attribute name="Output H" value="2092630016"/>
  <attribute name="Output I" value="200"/>
  <attribute name="Output T" value="4"/>
  <attribute name="Target GC Util Change" value ="20.000000" />
  <attribute name="Current GC Util Change" value="2.000000"/>
  <attribute name="GC Util currently" value="2" />
  <attribute name="CPU Util currently" value="10" />
<allocation-satisfied id="323" threadId="00000000015BE700" bytesRequested="262152" />
<af-end id="324" timestamp="2019-06-14T20:52:21.244" threadId="00000000015BF088" success="true" from="nursery"/>
<exclusive-end id="325" timestamp="2019-06-14T20:52:21.244" durationms="1.767" />

<exclusive-start id="326" timestamp="2019-06-14T20:52:21.265" intervalms="22.712">
  <response-info timems="0.030" idlems="0.030" threads="0" lastid="00000000015BE700" lastname="main" />
</exclusive-start>
<af-start id="327" threadId="00000000015BF088" totalBytesRequested="776" timestamp="2019-06-14T20:52:21.265" intervalms="22.676" type="nursery" />
<cycle-start id="328" type="scavenge" contextid="0" timestamp="2019-06-14T20:52:21.265" intervalms="22.647" />
<gc-start id="329" type="scavenge" contextid="328" timestamp="2019-06-14T20:52:21.265">
  <mem-info id="330" free="3641608" total="8388608" percent="43">
    <mem type="nursery" free="0" total="2097152" percent="0">
      <mem type="allocate" free="0" total="1572864" percent="0" />
      <mem type="survivor" free="0" total="524288" percent="0" />
    </mem>
    <mem type="tenure" free="3641608" total="6291456" percent="57">
      <mem type="soa" free="3327240" total="5977088" percent="55" />
      <mem type="loa" free="314368" total="314368" percent="100" />
    </mem>
    <remembered-set count="1554" />
  </mem-info>
</gc-start>
<allocation-stats totalBytes="1098088" >
  <allocated-bytes non-tlh="367560" tlh="730528" />
  <largest-consumer threadName="main" threadId="00000000015BE700" bytes="1086256" />
</allocation-stats>
<gc-op id="331" type="scavenge" timems="0.842" contextid="328" timestamp="2019-06-14T20:52:21.266">
  <scavenger-info tenureage="3" tenuremask="7008" tiltratio="75" />
  <memory-copied type="nursery" objects="5799" bytes="523512" bytesdiscarded="72" />
  <memory-copied type="tenure" objects="3803" bytes="141248" bytesdiscarded="8" />
  <copy-failed type="nursery" objects="2814" bytes="105992" />
  <finalization candidates="15" enqueued="0" />
  <ownableSynchronizers candidates="4" cleared="0" />
  <references type="soft" candidates="271" cleared="0" enqueued="0" dynamicThreshold="32" maxThreshold="32" />
  <references type="weak" candidates="969" cleared="3" enqueued="3" />
  <references type="phantom" candidates="8" cleared="2" enqueued="2" />
</gc-op>
<gc-end id="332" type="scavenge" contextid="328" durationms="1.032" usertimems="0.000" systemtimems="0.000" timestamp="2019-06-14T20:52:21.266" activeThreads="4">
  <mem-info id="333" free="4091656" total="8388608" percent="48">
    <mem type="nursery" free="589824" total="2097152" percent="28">
      <mem type="allocate" free="589824" total="1114112" percent="52" />
      <mem type="survivor" free="0" total="983040" percent="0" />
    </mem>
    <mem type="tenure" free="3501832" total="6291456" percent="55">
      <mem type="soa" free="3187464" total="5977088" percent="53" />
      <mem type="loa" free="314368" total="314368" percent="100" />
    </mem>
    <pending-finalizers system="0" default="0" reference="5" classloader="0" />
    <remembered-set count="1418" />
  </mem-info>
</gc-end>
<cycle-end id="334" type="scavenge" contextid="328" timestamp="2019-06-14T20:52:21.267" />
  <attribute name="elasticGC enabled" value="1" />
  <attribute name= "numThreadsSpecified" value="4" />
  <attribute name="heapSize specified" value="0" />
  <attribute name="Current GC Util" value="7" />
  <attribute name= "Current Time Running" value="5584" />
  <attribute name ="GC Interval" value="200" />
  <attribute name="ProportionalT" value="-6.500000" />
  <attribute name="ProportionalI" value="-6.500000" />
  <attribute name="ProportionalH" value="-6.500000" />
  <attribute name="Current Error" value="-13.000000" />
  <attribute name="IntegralT" value="-299.000000" />
  <attribute name="IntegralI" value="-299.000000" />
  <attribute name="IntegralH" value="-299.000000" />
  <attribute name="DerivativeT" value="-0.282609" />
  <attribute name="DerivativeI" value="-0.282609" />
  <attribute name="DerivativeH" value="-0.282609" />
  <attribute name="Loop Time for DT" value="23.000000" />
  <attribute name="Output H" value="2092630016"/>
  <attribute name="Output I" value="200"/>
  <attribute name="Output T" value="4"/>
  <attribute name="Target GC Util Change" value ="20.000000" />
  <attribute name="Current GC Util Change" value="7.000000"/>
  <attribute name="GC Util currently" value="7" />
  <attribute name="CPU Util currently" value="203898043411" />
<allocation-satisfied id="335" threadId="00000000015BE700" bytesRequested="776" />
<af-end id="336" timestamp="2019-06-14T20:52:21.267" threadId="00000000015BF088" success="true" from="nursery"/>
<exclusive-end id="337" timestamp="2019-06-14T20:52:21.267" durationms="1.515" />

<exclusive-start id="338" timestamp="2019-06-14T20:52:21.275" intervalms="10.240">
  <response-info timems="0.054" idlems="0.054" threads="0" lastid="00000000015BE700" lastname="main" />
</exclusive-start>
<af-start id="339" threadId="00000000015BF088" totalBytesRequested="16392" timestamp="2019-06-14T20:52:21.276" intervalms="10.295" type="nursery" />
<cycle-start id="340" type="scavenge" contextid="0" timestamp="2019-06-14T20:52:21.276" intervalms="10.357" />
<gc-start id="341" type="scavenge" contextid="340" timestamp="2019-06-14T20:52:21.276">
  <mem-info id="342" free="3497632" total="8388608" percent="41">
    <mem type="nursery" free="0" total="2097152" percent="0">
      <mem type="allocate" free="0" total="1114112" percent="0" />
      <mem type="survivor" free="0" total="983040" percent="0" />
    </mem>
    <mem type="tenure" free="3497632" total="6291456" percent="55">
      <mem type="soa" free="3183264" total="5977088" percent="53" />
      <mem type="loa" free="314368" total="314368" percent="100" />
    </mem>
    <remembered-set count="1486" />
  </mem-info>
</gc-start>
<allocation-stats totalBytes="562200" >
  <allocated-bytes non-tlh="204984" tlh="357216" />
  <largest-consumer threadName="main" threadId="00000000015BE700" bytes="554008" />
</allocation-stats>
<gc-op id="343" type="scavenge" timems="0.711" contextid="340" timestamp="2019-06-14T20:52:21.277">
  <scavenger-info tenureage="3" tenuremask="7808" tiltratio="53" />
  <memory-copied type="nursery" objects="3385" bytes="719112" bytesdiscarded="43392" />
  <memory-copied type="tenure" objects="2612" bytes="92896" bytesdiscarded="48" />
  <finalization candidates="15" enqueued="0" />
  <ownableSynchronizers candidates="4" cleared="0" />
  <references type="soft" candidates="104" cleared="0" enqueued="0" dynamicThreshold="32" maxThreshold="32" />
  <references type="weak" candidates="483" cleared="11" enqueued="8" />
  <references type="phantom" candidates="7" cleared="1" enqueued="1" />
</gc-op>
<heap-resize id="344" type="expand" space="nursery" amount="131072" count="1" timems="0.155" reason="excessive time being spent scavenging" timestamp="2019-06-14T20:52:21.277" />
<gc-end id="345" type="scavenge" contextid="340" durationms="1.453" usertimems="4.000" systemtimems="0.000" timestamp="2019-06-14T20:52:21.277" activeThreads="4">
  <mem-info id="346" free="3901736" total="8519680" percent="45">
    <mem type="nursery" free="482440" total="2228224" percent="21">
      <mem type="allocate" free="482440" total="1245184" percent="38" />
      <mem type="survivor" free="0" total="983040" percent="0" />
    </mem>
    <mem type="tenure" free="3419296" total="6291456" percent="54">
      <mem type="soa" free="3104928" total="5977088" percent="51" />
      <mem type="loa" free="314368" total="314368" percent="100" />
    </mem>
    <pending-finalizers system="0" default="0" reference="9" classloader="0" />
    <remembered-set count="755" />
  </mem-info>
</gc-end>
<cycle-end id="347" type="scavenge" contextid="340" timestamp="2019-06-14T20:52:21.277" />
  <attribute name="elasticGC enabled" value="1" />
  <attribute name= "numThreadsSpecified" value="4" />
  <attribute name="heapSize specified" value="0" />
  <attribute name="Current GC Util" value="15" />
  <attribute name= "Current Time Running" value="5594" />
  <attribute name ="GC Interval" value="200" />
  <attribute name="ProportionalT" value="-2.500000" />
  <attribute name="ProportionalI" value="-2.500000" />
  <attribute name="ProportionalH" value="-2.500000" />
  <attribute name="Current Error" value="-5.000000" />
  <attribute name="IntegralT" value="-50.000000" />
  <attribute name="IntegralI" value="-50.000000" />
  <attribute name="IntegralH" value="-50.000000" />
  <attribute name="DerivativeT" value="-0.250000" />
  <attribute name="DerivativeI" value="-0.250000" />
  <attribute name="DerivativeH" value="-0.250000" />
  <attribute name="Loop Time for DT" value="10.000000" />
  <attribute name="Output H" value="2092630016"/>
  <attribute name="Output I" value="200"/>
  <attribute name="Output T" value="4"/>
  <attribute name="Target GC Util Change" value ="20.000000" />
  <attribute name="Current GC Util Change" value="15.000000"/>
  <attribute name="GC Util currently" value="15" />
  <attribute name="CPU Util currently" value="437243179657" />
<allocation-satisfied id="348" threadId="00000000015BE700" bytesRequested="16392" />
<af-end id="349" timestamp="2019-06-14T20:52:21.277" threadId="00000000015BF088" success="true" from="nursery"/>
<exclusive-end id="350" timestamp="2019-06-14T20:52:21.278" durationms="2.081" />

<exclusive-start id="351" timestamp="2019-06-14T20:52:21.287" intervalms="11.572">
  <response-info timems="0.063" idlems="0.063" threads="0" lastid="00000000015BE700" lastname="main" />
</exclusive-start>
<af-start id="352" threadId="00000000015BF088" totalBytesRequested="131080" timestamp="2019-06-14T20:52:21.287" intervalms="11.532" type="nursery" />
<cycle-start id="353" type="scavenge" contextid="0" timestamp="2019-06-14T20:52:21.287" intervalms="11.492" />
<gc-start id="354" type="scavenge" contextid="353" timestamp="2019-06-14T20:52:21.287">
  <mem-info id="355" free="3411736" total="8519680" percent="40">
    <mem type="nursery" free="0" total="2228224" percent="0">
      <mem type="allocate" free="0" total="1245184" percent="0" />
      <mem type="survivor" free="0" total="983040" percent="0" />
    </mem>
    <mem type="tenure" free="3411736" total="6291456" percent="54">
      <mem type="soa" free="3097368" total="5977088" percent="51" />
      <mem type="loa" free="314368" total="314368" percent="100" />
    </mem>
    <remembered-set count="839" />
  </mem-info>
</gc-start>
<allocation-stats totalBytes="482016" >
  <allocated-bytes non-tlh="119792" tlh="362224" />
  <largest-consumer threadName="main" threadId="00000000015BE700" bytes="473824" />
</allocation-stats>
<gc-op id="356" type="scavenge" timems="0.505" contextid="353" timestamp="2019-06-14T20:52:21.288">
  <scavenger-info tenureage="2" tenuremask="7c0c" tiltratio="55" />
  <memory-copied type="nursery" objects="290" bytes="278608" bytesdiscarded="32480" />
  <memory-copied type="tenure" objects="3151" bytes="427664" bytesdiscarded="640" />
  <finalization candidates="15" enqueued="0" />
  <ownableSynchronizers candidates="3" cleared="0" />
  <references type="soft" candidates="9" cleared="0" enqueued="0" dynamicThreshold="32" maxThreshold="32" />
  <references type="weak" candidates="5" cleared="0" enqueued="0" />
  <references type="phantom" candidates="1" cleared="0" enqueued="0" />
</gc-op>
<gc-end id="357" type="scavenge" contextid="353" durationms="0.737" usertimems="0.000" systemtimems="0.000" timestamp="2019-06-14T20:52:21.288" activeThreads="4">
  <mem-info id="358" free="4040112" total="8519680" percent="47">
    <mem type="nursery" free="999584" total="2228224" percent="44">
      <mem type="allocate" free="999584" total="1310720" percent="76" />
      <mem type="survivor" free="0" total="917504" percent="0" />
    </mem>
    <mem type="tenure" free="3040528" total="6291456" percent="48">
      <mem type="soa" free="2726160" total="5977088" percent="45" />
      <mem type="loa" free="314368" total="314368" percent="100" />
    </mem>
    <remembered-set count="229" />
  </mem-info>
</gc-end>
<cycle-end id="359" type="scavenge" contextid="353" timestamp="2019-06-14T20:52:21.288" />
  <attribute name="elasticGC enabled" value="1" />
  <attribute name= "numThreadsSpecified" value="4" />
  <attribute name="heapSize specified" value="0" />
  <attribute name="Current GC Util" value="13" />
  <attribute name= "Current Time Running" value="5606" />
  <attribute name ="GC Interval" value="200" />
  <attribute name="ProportionalT" value="-3.500000" />
  <attribute name="ProportionalI" value="-3.500000" />
  <attribute name="ProportionalH" value="-3.500000" />
  <attribute name="Current Error" value="-7.000000" />
  <attribute name="IntegralT" value="-84.000000" />
  <attribute name="IntegralI" value="-84.000000" />
  <attribute name="IntegralH" value="-84.000000" />
  <attribute name="DerivativeT" value="-0.291667" />
  <attribute name="DerivativeI" value="-0.291667" />
  <attribute name="DerivativeH" value="-0.291667" />
  <attribute name="Loop Time for DT" value="12.000000" />
  <attribute name="Output H" value="2092630016"/>
  <attribute name="Output I" value="200"/>
  <attribute name="Output T" value="4"/>
  <attribute name="Target GC Util Change" value ="20.000000" />
  <attribute name="Current GC Util Change" value="13.000000"/>
  <attribute name="GC Util currently" value="13" />
  <attribute name="CPU Util currently" value="406715389777" />
<allocation-satisfied id="360" threadId="00000000015BE700" bytesRequested="131080" />
<af-end id="361" timestamp="2019-06-14T20:52:21.288" threadId="00000000015BF088" success="true" from="nursery"/>
<exclusive-end id="362" timestamp="2019-06-14T20:52:21.288" durationms="1.310" />

<exclusive-start id="363" timestamp="2019-06-14T20:52:21.299" intervalms="12.067">
  <response-info timems="0.065" idlems="0.065" threads="0" lastid="00000000015BE700" lastname="main" />
</exclusive-start>
<af-start id="364" threadId="00000000015BF088" totalBytesRequested="262168" timestamp="2019-06-14T20:52:21.299" intervalms="12.092" type="nursery" />
<cycle-start id="365" type="scavenge" contextid="0" timestamp="2019-06-14T20:52:21.299" intervalms="12.116" />
<gc-start id="366" type="scavenge" contextid="365" timestamp="2019-06-14T20:52:21.299">
  <mem-info id="367" free="3065488" total="8519680" percent="35">
    <mem type="nursery" free="31880" total="2228224" percent="1">
      <mem type="allocate" free="31880" total="1310720" percent="2" />
      <mem type="survivor" free="0" total="917504" percent="0" />
    </mem>
    <mem type="tenure" free="3033608" total="6291456" percent="48">
      <mem type="soa" free="2719240" total="5977088" percent="45" />
      <mem type="loa" free="314368" total="314368" percent="100" />
    </mem>
    <remembered-set count="383" />
  </mem-info>
</gc-start>
<allocation-stats totalBytes="963656" >
  <allocated-bytes non-tlh="724784" tlh="238872" />
  <largest-consumer threadName="main" threadId="00000000015BE700" bytes="963656" />
</allocation-stats>
<gc-op id="368" type="scavenge" timems="0.288" contextid="365" timestamp="2019-06-14T20:52:21.300">
  <scavenger-info tenureage="10" tenuremask="7c00" tiltratio="58" />
  <memory-copied type="nursery" objects="592" bytes="833608" bytesdiscarded="48064" />
  <references type="soft" candidates="9" cleared="0" enqueued="0" dynamicThreshold="32" maxThreshold="32" />
  <references type="weak" candidates="7" cleared="1" enqueued="1" />
  <references type="phantom" candidates="2" cleared="0" enqueued="0" />
</gc-op>
<gc-end id="369" type="scavenge" contextid="365" durationms="0.516" usertimems="0.000" systemtimems="0.000" timestamp="2019-06-14T20:52:21.300" activeThreads="4">
  <mem-info id="370" free="3265992" total="8519680" percent="38">
    <mem type="nursery" free="232384" total="2228224" percent="10">
      <mem type="allocate" free="232384" total="1114112" percent="20" />
      <mem type="survivor" free="0" total="1114112" percent="0" />
    </mem>
    <mem type="tenure" free="3033608" total="6291456" percent="48">
      <mem type="soa" free="2719240" total="5977088" percent="45" />
      <mem type="loa" free="314368" total="314368" percent="100" />
    </mem>
    <pending-finalizers system="0" default="0" reference="1" classloader="0" />
    <remembered-set count="350" />
  </mem-info>
</gc-end>
<cycle-end id="371" type="scavenge" contextid="365" timestamp="2019-06-14T20:52:21.300" />
  <attribute name="elasticGC enabled" value="1" />
  <attribute name= "numThreadsSpecified" value="4" />
  <attribute name="heapSize specified" value="0" />
  <attribute name="Current GC Util" value="9" />
  <attribute name= "Current Time Running" value="5618" />
  <attribute name ="GC Interval" value="200" />
  <attribute name="ProportionalT" value="-5.500000" />
  <attribute name="ProportionalI" value="-5.500000" />
  <attribute name="ProportionalH" value="-5.500000" />
  <attribute name="Current Error" value="-11.000000" />
  <attribute name="IntegralT" value="-132.000000" />
  <attribute name="IntegralI" value="-132.000000" />
  <attribute name="IntegralH" value="-132.000000" />
  <attribute name="DerivativeT" value="-0.458333" />
  <attribute name="DerivativeI" value="-0.458333" />
  <attribute name="DerivativeH" value="-0.458333" />
  <attribute name="Loop Time for DT" value="12.000000" />
  <attribute name="Output H" value="2092630016"/>
  <attribute name="Output I" value="200"/>
  <attribute name="Output T" value="4"/>
  <attribute name="Target GC Util Change" value ="20.000000" />
  <attribute name="Current GC Util Change" value="9.000000"/>
  <attribute name="GC Util currently" value="9" />
  <attribute name="CPU Util currently" value="379077322612" />
<allocation-satisfied id="372" threadId="00000000015BE700" bytesRequested="262168" />
<af-end id="373" timestamp="2019-06-14T20:52:21.300" threadId="00000000015BF088" success="true" from="tenure-soa"/>
<exclusive-end id="374" timestamp="2019-06-14T20:52:21.300" durationms="1.209" />

<exclusive-start id="375" timestamp="2019-06-14T20:52:21.310" intervalms="10.538">
  <response-info timems="0.046" idlems="0.046" threads="0" lastid="00000000015BE700" lastname="main" />
</exclusive-start>
<af-start id="376" threadId="00000000015BF088" totalBytesRequested="8096" timestamp="2019-06-14T20:52:21.310" intervalms="10.543" type="nursery" />
<cycle-start id="377" type="scavenge" contextid="0" timestamp="2019-06-14T20:52:21.310" intervalms="10.548" />
<gc-start id="378" type="scavenge" contextid="377" timestamp="2019-06-14T20:52:21.310">
  <mem-info id="379" free="2768944" total="8519680" percent="32">
    <mem type="nursery" free="0" total="2228224" percent="0">
      <mem type="allocate" free="0" total="1114112" percent="0" />
      <mem type="survivor" free="0" total="1114112" percent="0" />
    </mem>
    <mem type="tenure" free="2768944" total="6291456" percent="44">
      <mem type="soa" free="2454576" total="5977088" percent="41" />
      <mem type="loa" free="314368" total="314368" percent="100" />
    </mem>
    <remembered-set count="383" />
  </mem-info>
</gc-start>
<allocation-stats totalBytes="483464" >
  <allocated-bytes non-tlh="264664" tlh="218800" />
  <largest-consumer threadName="main" threadId="00000000015BE700" bytes="483464" />
</allocation-stats>
<gc-op id="380" type="scavenge" timems="0.359" contextid="377" timestamp="2019-06-14T20:52:21.311">
  <scavenger-info tenureage="2" tenuremask="7e0c" tiltratio="50" />
  <memory-copied type="nursery" objects="338" bytes="302160" bytesdiscarded="77496" />
  <memory-copied type="tenure" objects="278" bytes="277848" bytesdiscarded="488" />
  <references type="weak" candidates="1" cleared="0" enqueued="0" />
  <references type="phantom" candidates="1" cleared="0" enqueued="0" />
</gc-op>
<gc-end id="381" type="scavenge" contextid="377" durationms="0.621" usertimems="0.000" systemtimems="0.000" timestamp="2019-06-14T20:52:21.311" activeThreads="4">
  <mem-info id="382" free="3175880" total="8519680" percent="37">
    <mem type="nursery" free="734448" total="2228224" percent="32">
      <mem type="allocate" free="734448" total="1114112" percent="65" />
      <mem type="survivor" free="0" total="1114112" percent="0" />
    </mem>
    <mem type="tenure" free="2441432" total="6291456" percent="38">
      <mem type="soa" free="2127064" total="5977088" percent="35" />
      <mem type="loa" free="314368" total="314368" percent="100" />
    </mem>
    <remembered-set count="269" />
  </mem-info>
</gc-end>
<cycle-end id="383" type="scavenge" contextid="377" timestamp="2019-06-14T20:52:21.311" />
  <attribute name="elasticGC enabled" value="1" />
  <attribute name= "numThreadsSpecified" value="4" />
  <attribute name="heapSize specified" value="0" />
  <attribute name="Current GC Util" value="6" />
  <attribute name= "Current Time Running" value="5629" />
  <attribute name ="GC Interval" value="200" />
  <attribute name="ProportionalT" value="-7.000000" />
  <attribute name="ProportionalI" value="-7.000000" />
  <attribute name="ProportionalH" value="-7.000000" />
  <attribute name="Current Error" value="-14.000000" />
  <attribute name="IntegralT" value="-154.000000" />
  <attribute name="IntegralI" value="-154.000000" />
  <attribute name="IntegralH" value="-154.000000" />
  <attribute name="DerivativeT" value="-0.636364" />
  <attribute name="DerivativeI" value="-0.636364" />
  <attribute name="DerivativeH" value="-0.636364" />
  <attribute name="Loop Time for DT" value="11.000000" />
  <attribute name="Output H" value="2092630016"/>
  <attribute name="Output I" value="200"/>
  <attribute name="Output T" value="4"/>
  <attribute name="Target GC Util Change" value ="20.000000" />
  <attribute name="Current GC Util Change" value="6.000000"/>
  <attribute name="GC Util currently" value="6" />
  <attribute name="CPU Util currently" value="435371285732" />
<allocation-satisfied id="384" threadId="00000000015BE700" bytesRequested="8096" />
<af-end id="385" timestamp="2019-06-14T20:52:21.311" threadId="00000000015BF088" success="true" from="nursery"/>
<exclusive-end id="386" timestamp="2019-06-14T20:52:21.311" durationms="1.205" />

<exclusive-start id="387" timestamp="2019-06-14T20:52:21.334" intervalms="24.255">
  <response-info timems="0.056" idlems="0.056" threads="0" lastid="00000000015BE700" lastname="main" />
</exclusive-start>
<af-start id="388" threadId="00000000015BF088" totalBytesRequested="10184" timestamp="2019-06-14T20:52:21.334" intervalms="24.282" type="nursery" />
<cycle-start id="389" type="scavenge" contextid="0" timestamp="2019-06-14T20:52:21.334" intervalms="24.305" />
<gc-start id="390" type="scavenge" contextid="389" timestamp="2019-06-14T20:52:21.334">
  <mem-info id="391" free="2428864" total="8519680" percent="28">
    <mem type="nursery" free="0" total="2228224" percent="0">
      <mem type="allocate" free="0" total="1114112" percent="0" />
      <mem type="survivor" free="0" total="1114112" percent="0" />
    </mem>
    <mem type="tenure" free="2428864" total="6291456" percent="38">
      <mem type="soa" free="2114496" total="5977088" percent="35" />
      <mem type="loa" free="314368" total="314368" percent="100" />
    </mem>
    <remembered-set count="507" />
  </mem-info>
</gc-start>
<allocation-stats totalBytes="741840" >
  <allocated-bytes non-tlh="20664" tlh="721176" />
  <largest-consumer threadName="main" threadId="00000000015BE700" bytes="741840" />
</allocation-stats>
<gc-op id="392" type="scavenge" timems="0.387" contextid="389" timestamp="2019-06-14T20:52:21.335">
  <scavenger-info tenureage="2" tenuremask="7e04" tiltratio="50" />
  <memory-copied type="nursery" objects="1523" bytes="43768" bytesdiscarded="73736" />
  <memory-copied type="tenure" objects="286" bytes="284568" bytesdiscarded="456" />
  <references type="weak" candidates="1" cleared="1" enqueued="1" />
</gc-op>
<gc-end id="393" type="scavenge" contextid="389" durationms="0.620" usertimems="0.000" systemtimems="0.000" timestamp="2019-06-14T20:52:21.335" activeThreads="4">
  <mem-info id="394" free="3122136" total="8519680" percent="36">
    <mem type="nursery" free="996608" total="2228224" percent="44">
      <mem type="allocate" free="996608" total="1114112" percent="89" />
      <mem type="survivor" free="0" total="1114112" percent="0" />
    </mem>
    <mem type="tenure" free="2125528" total="6291456" percent="33">
      <mem type="soa" free="1811160" total="5977088" percent="30" />
      <mem type="loa" free="314368" total="314368" percent="100" />
    </mem>
    <pending-finalizers system="0" default="0" reference="1" classloader="0" />
    <remembered-set count="346" />
  </mem-info>
</gc-end>
<cycle-end id="395" type="scavenge" contextid="389" timestamp="2019-06-14T20:52:21.335" />
  <attribute name="elasticGC enabled" value="1" />
  <attribute name= "numThreadsSpecified" value="4" />
  <attribute name="heapSize specified" value="0" />
  <attribute name="Current GC Util" value="3" />
  <attribute name= "Current Time Running" value="5653" />
  <attribute name ="GC Interval" value="200" />
  <attribute name="ProportionalT" value="-8.500000" />
  <attribute name="ProportionalI" value="-8.500000" />
  <attribute name="ProportionalH" value="-8.500000" />
  <attribute name="Current Error" value="-17.000000" />
  <attribute name="IntegralT" value="-408.000000" />
  <attribute name="IntegralI" value="-408.000000" />
  <attribute name="IntegralH" value="-408.000000" />
  <attribute name="DerivativeT" value="-0.354167" />
  <attribute name="DerivativeI" value="-0.354167" />
  <attribute name="DerivativeH" value="-0.354167" />
  <attribute name="Loop Time for DT" value="24.000000" />
  <attribute name="Output H" value="2092630016"/>
  <attribute name="Output I" value="200"/>
  <attribute name="Output T" value="4"/>
  <attribute name="Target GC Util Change" value ="20.000000" />
  <attribute name="Current GC Util Change" value="3.000000"/>
  <attribute name="GC Util currently" value="3" />
  <attribute name="CPU Util currently" value="190096956778" />
<allocation-satisfied id="396" threadId="00000000015BE700" bytesRequested="10184" />
<af-end id="397" timestamp="2019-06-14T20:52:21.335" threadId="00000000015BF088" success="true" from="nursery"/>
<exclusive-end id="398" timestamp="2019-06-14T20:52:21.335" durationms="1.480" />

<exclusive-start id="399" timestamp="2019-06-14T20:52:21.374" intervalms="40.200">
  <response-info timems="0.066" idlems="0.066" threads="0" lastid="00000000015BE700" lastname="main" />
</exclusive-start>
<af-start id="400" threadId="00000000015BF088" totalBytesRequested="600" timestamp="2019-06-14T20:52:21.374" intervalms="40.209" type="nursery" />
<cycle-start id="401" type="scavenge" contextid="0" timestamp="2019-06-14T20:52:21.374" intervalms="40.220" />
<gc-start id="402" type="scavenge" contextid="401" timestamp="2019-06-14T20:52:21.374">
  <mem-info id="403" free="2114656" total="8519680" percent="24">
    <mem type="nursery" free="0" total="2228224" percent="0">
      <mem type="allocate" free="0" total="1114112" percent="0" />
      <mem type="survivor" free="0" total="1114112" percent="0" />
    </mem>
    <mem type="tenure" free="2114656" total="6291456" percent="33">
      <mem type="soa" free="1800288" total="5977088" percent="30" />
      <mem type="loa" free="314368" total="314368" percent="100" />
    </mem>
    <remembered-set count="523" />
  </mem-info>
</gc-start>
<allocation-stats totalBytes="1005672" >
  <allocated-bytes non-tlh="21056" tlh="984616" />
  <largest-consumer threadName="main" threadId="00000000015BE700" bytes="1005672" />
</allocation-stats>
<gc-op id="404" type="scavenge" timems="0.437" contextid="401" timestamp="2019-06-14T20:52:21.375">
  <scavenger-info tenureage="2" tenuremask="fff4" tiltratio="50" />
  <memory-copied type="nursery" objects="5547" bytes="247760" bytesdiscarded="125296" />
  <memory-copied type="tenure" objects="22" bytes="472" bytesdiscarded="0" />
  <references type="soft" candidates="54" cleared="0" enqueued="0" dynamicThreshold="32" maxThreshold="32" />
  <references type="weak" candidates="5" cleared="1" enqueued="1" />
</gc-op>
<gc-end id="405" type="scavenge" contextid="401" durationms="0.827" usertimems="0.000" systemtimems="0.000" timestamp="2019-06-14T20:52:21.375" activeThreads="4">
  <mem-info id="406" free="2986760" total="8519680" percent="35">
    <mem type="nursery" free="872104" total="2228224" percent="39">
      <mem type="allocate" free="872104" total="1245184" percent="70" />
      <mem type="survivor" free="0" total="983040" percent="0" />
    </mem>
    <mem type="tenure" free="2114656" total="6291456" percent="33">
      <mem type="soa" free="1800288" total="5977088" percent="30" />
      <mem type="loa" free="314368" total="314368" percent="100" />
    </mem>
    <pending-finalizers system="0" default="0" reference="1" classloader="0" />
    <remembered-set count="484" />
  </mem-info>
</gc-end>
<cycle-end id="407" type="scavenge" contextid="401" timestamp="2019-06-14T20:52:21.375" />
  <attribute name="elasticGC enabled" value="1" />
  <attribute name= "numThreadsSpecified" value="4" />
  <attribute name="heapSize specified" value="0" />
  <attribute name="Current GC Util" value="1" />
  <attribute name= "Current Time Running" value="5693" />
  <attribute name ="GC Interval" value="200" />
  <attribute name="ProportionalT" value="-9.500000" />
  <attribute name="ProportionalI" value="-9.500000" />
  <attribute name="ProportionalH" value="-9.500000" />
  <attribute name="Current Error" value="-19.000000" />
  <attribute name="IntegralT" value="-760.000000" />
  <attribute name="IntegralI" value="-760.000000" />
  <attribute name="IntegralH" value="-760.000000" />
  <attribute name="DerivativeT" value="-0.237500" />
  <attribute name="DerivativeI" value="-0.237500" />
  <attribute name="DerivativeH" value="-0.237500" />
  <attribute name="Loop Time for DT" value="40.000000" />
  <attribute name="Output H" value="2092630016"/>
  <attribute name="Output I" value="200"/>
  <attribute name="Output T" value="4"/>
  <attribute name="Target GC Util Change" value ="20.000000" />
  <attribute name="Current GC Util Change" value="1.000000"/>
  <attribute name="GC Util currently" value="1" />
  <attribute name="CPU Util currently" value="6" />
<allocation-satisfied id="408" threadId="00000000015BE700" bytesRequested="600" />
<af-end id="409" timestamp="2019-06-14T20:52:21.376" threadId="00000000015BF088" success="true" from="nursery"/>
<exclusive-end id="410" timestamp="2019-06-14T20:52:21.376" durationms="1.668" />

<exclusive-start id="411" timestamp="2019-06-14T20:52:21.401" intervalms="27.073">
  <response-info timems="0.053" idlems="0.053" threads="0" lastid="00000000015BE700" lastname="main" />
</exclusive-start>
<af-start id="412" threadId="00000000015BF088" totalBytesRequested="32" timestamp="2019-06-14T20:52:21.401" intervalms="26.986" type="nursery" />
<cycle-start id="413" type="scavenge" contextid="0" timestamp="2019-06-14T20:52:21.401" intervalms="26.900" />
<gc-start id="414" type="scavenge" contextid="413" timestamp="2019-06-14T20:52:21.401">
  <mem-info id="415" free="2094600" total="8519680" percent="24">
    <mem type="nursery" free="0" total="2228224" percent="0">
      <mem type="allocate" free="0" total="1245184" percent="0" />
      <mem type="survivor" free="0" total="983040" percent="0" />
    </mem>
    <mem type="tenure" free="2094600" total="6291456" percent="33">
      <mem type="soa" free="1780232" total="5977088" percent="29" />
      <mem type="loa" free="314368" total="314368" percent="100" />
    </mem>
    <remembered-set count="755" />
  </mem-info>
</gc-start>
<allocation-stats totalBytes="891696" >
  <allocated-bytes non-tlh="20656" tlh="871040" />
  <largest-consumer threadName="main" threadId="00000000015BE700" bytes="891696" />
</allocation-stats>
<gc-op id="416" type="scavenge" timems="0.403" contextid="413" timestamp="2019-06-14T20:52:21.402">
  <scavenger-info tenureage="10" tenuremask="7c00" tiltratio="55" />
  <memory-copied type="nursery" objects="5985" bytes="272144" bytesdiscarded="170712" />
  <references type="soft" candidates="54" cleared="0" enqueued="0" dynamicThreshold="32" maxThreshold="32" />
  <references type="weak" candidates="152" cleared="0" enqueued="0" />
</gc-op>
<gc-end id="417" type="scavenge" contextid="413" durationms="0.586" usertimems="0.000" systemtimems="0.000" timestamp="2019-06-14T20:52:21.402" activeThreads="4">
  <mem-info id="418" free="3027888" total="8519680" percent="35">
    <mem type="nursery" free="933288" total="2228224" percent="41">
      <mem type="allocate" free="933288" total="1376256" percent="67" />
      <mem type="survivor" free="0" total="851968" percent="0" />
    </mem>
    <mem type="tenure" free="2094600" total="6291456" percent="33">
      <mem type="soa" free="1780232" total="5977088" percent="29" />
      <mem type="loa" free="314368" total="314368" percent="100" />
    </mem>
    <remembered-set count="532" />
  </mem-info>
</gc-end>
<cycle-end id="419" type="scavenge" contextid="413" timestamp="2019-06-14T20:52:21.402" />
  <attribute name="elasticGC enabled" value="1" />
  <attribute name= "numThreadsSpecified" value="4" />
  <attribute name="heapSize specified" value="0" />
  <attribute name="Current GC Util" value="4" />
  <attribute name= "Current Time Running" value="5720" />
  <attribute name ="GC Interval" value="200" />
  <attribute name="ProportionalT" value="-8.000000" />
  <attribute name="ProportionalI" value="-8.000000" />
  <attribute name="ProportionalH" value="-8.000000" />
  <attribute name="Current Error" value="-16.000000" />
  <attribute name="IntegralT" value="-432.000000" />
  <attribute name="IntegralI" value="-432.000000" />
  <attribute name="IntegralH" value="-432.000000" />
  <attribute name="DerivativeT" value="-0.296296" />
  <attribute name="DerivativeI" value="-0.296296" />
  <attribute name="DerivativeH" value="-0.296296" />
  <attribute name="Loop Time for DT" value="27.000000" />
  <attribute name="Output H" value="2092630016"/>
  <attribute name="Output I" value="200"/>
  <attribute name="Output T" value="4"/>
  <attribute name="Target GC Util Change" value ="20.000000" />
  <attribute name="Current GC Util Change" value="4.000000"/>
  <attribute name="GC Util currently" value="4" />
  <attribute name="CPU Util currently" value="172308891120" />
<allocation-satisfied id="420" threadId="00000000015BE700" bytesRequested="32" />
<af-end id="421" timestamp="2019-06-14T20:52:21.402" threadId="00000000015BF088" success="true" from="nursery"/>
<exclusive-end id="422" timestamp="2019-06-14T20:52:21.402" durationms="1.014" />

<exclusive-start id="423" timestamp="2019-06-14T20:52:21.424" intervalms="23.241">
  <response-info timems="0.049" idlems="0.049" threads="0" lastid="00000000015BE700" lastname="main" />
</exclusive-start>
<af-start id="424" threadId="00000000015BF088" totalBytesRequested="6360" timestamp="2019-06-14T20:52:21.424" intervalms="23.243" type="nursery" />
<cycle-start id="425" type="scavenge" contextid="0" timestamp="2019-06-14T20:52:21.425" intervalms="23.243" />
<gc-start id="426" type="scavenge" contextid="425" timestamp="2019-06-14T20:52:21.425">
  <mem-info id="427" free="2079304" total="8519680" percent="24">
    <mem type="nursery" free="0" total="2228224" percent="0">
      <mem type="allocate" free="0" total="1376256" percent="0" />
      <mem type="survivor" free="0" total="851968" percent="0" />
    </mem>
    <mem type="tenure" free="2079304" total="6291456" percent="33">
      <mem type="soa" free="1764936" total="5977088" percent="29" />
      <mem type="loa" free="314368" total="314368" percent="100" />
    </mem>
    <remembered-set count="713" />
  </mem-info>
</gc-start>
<allocation-stats totalBytes="909352" >
  <allocated-bytes non-tlh="15328" tlh="894024" />
  <largest-consumer threadName="main" threadId="00000000015BE700" bytes="909352" />
</allocation-stats>
<gc-op id="428" type="scavenge" timems="0.575" contextid="425" timestamp="2019-06-14T20:52:21.425">
  <scavenger-info tenureage="2" tenuremask="fffc" tiltratio="61" />
  <memory-copied type="nursery" objects="833" bytes="48328" bytesdiscarded="32912" />
  <memory-copied type="tenure" objects="5518" bytes="245984" bytesdiscarded="48" />
  <references type="weak" candidates="235" cleared="0" enqueued="0" />
  <references type="phantom" candidates="1" cleared="0" enqueued="0" />
</gc-op>
<gc-end id="429" type="scavenge" contextid="425" durationms="0.766" usertimems="0.000" systemtimems="0.000" timestamp="2019-06-14T20:52:21.425" activeThreads="4">
  <mem-info id="430" free="3098688" total="8519680" percent="36">
    <mem type="nursery" free="1360376" total="2228224" percent="61">
      <mem type="allocate" free="1360376" total="1441792" percent="94" />
      <mem type="survivor" free="0" total="786432" percent="0" />
    </mem>
    <mem type="tenure" free="1738312" total="6291456" percent="27">
      <mem type="soa" free="1423944" total="5977088" percent="23" />
      <mem type="loa" free="314368" total="314368" percent="100" />
    </mem>
    <remembered-set count="545" />
  </mem-info>
</gc-end>
<cycle-end id="431" type="scavenge" contextid="425" timestamp="2019-06-14T20:52:21.425" />
  <attribute name="elasticGC enabled" value="1" />
  <attribute name= "numThreadsSpecified" value="4" />
  <attribute name="heapSize specified" value="0" />
  <attribute name="Current GC Util" value="4" />
  <attribute name= "Current Time Running" value="5743" />
  <attribute name ="GC Interval" value="200" />
  <attribute name="ProportionalT" value="-8.000000" />
  <attribute name="ProportionalI" value="-8.000000" />
  <attribute name="ProportionalH" value="-8.000000" />
  <attribute name="Current Error" value="-16.000000" />
  <attribute name="IntegralT" value="-368.000000" />
  <attribute name="IntegralI" value="-368.000000" />
  <attribute name="IntegralH" value="-368.000000" />
  <attribute name="DerivativeT" value="-0.347826" />
  <attribute name="DerivativeI" value="-0.347826" />
  <attribute name="DerivativeH" value="-0.347826" />
  <attribute name="Loop Time for DT" value="23.000000" />
  <attribute name="Output H" value="2092630016"/>
  <attribute name="Output I" value="200"/>
  <attribute name="Output T" value="4"/>
  <attribute name="Target GC Util Change" value ="20.000000" />
  <attribute name="Current GC Util Change" value="4.000000"/>
  <attribute name="GC Util currently" value="4" />
  <attribute name="CPU Util currently" value="198337985599" />
<allocation-satisfied id="432" threadId="00000000015BE700" bytesRequested="6360" />
<af-end id="433" timestamp="2019-06-14T20:52:21.426" threadId="00000000015BF088" success="true" from="nursery"/>
<exclusive-end id="434" timestamp="2019-06-14T20:52:21.426" durationms="1.210" />

<exclusive-start id="435" timestamp="2019-06-14T20:52:21.455" intervalms="30.843">
  <response-info timems="0.055" idlems="0.055" threads="0" lastid="00000000015BE700" lastname="main" />
</exclusive-start>
<af-start id="436" threadId="00000000015BF088" totalBytesRequested="1448" timestamp="2019-06-14T20:52:21.455" intervalms="30.866" type="nursery" />
<cycle-start id="437" type="scavenge" contextid="0" timestamp="2019-06-14T20:52:21.455" intervalms="30.882" />
<gc-start id="438" type="scavenge" contextid="437" timestamp="2019-06-14T20:52:21.456">
  <mem-info id="439" free="1717000" total="8519680" percent="20">
    <mem type="nursery" free="0" total="2228224" percent="0">
      <mem type="allocate" free="0" total="1441792" percent="0" />
      <mem type="survivor" free="0" total="786432" percent="0" />
    </mem>
    <mem type="tenure" free="1717000" total="6291456" percent="27">
      <mem type="soa" free="1402632" total="5977088" percent="23" />
      <mem type="loa" free="314368" total="314368" percent="100" />
    </mem>
    <remembered-set count="823" />
  </mem-info>
</gc-start>
<allocation-stats totalBytes="1302512" >
  <allocated-bytes non-tlh="50960" tlh="1251552" />
  <largest-consumer threadName="main" threadId="00000000015BE700" bytes="1302512" />
</allocation-stats>
<gc-op id="440" type="scavenge" timems="0.421" contextid="437" timestamp="2019-06-14T20:52:21.456">
  <scavenger-info tenureage="5" tenuremask="ffe0" tiltratio="64" />
  <memory-copied type="nursery" objects="1709" bytes="70216" bytesdiscarded="47032" />
  <references type="weak" candidates="426" cleared="0" enqueued="0" />
</gc-op>
<gc-end id="441" type="scavenge" contextid="437" durationms="0.642" usertimems="0.000" systemtimems="0.000" timestamp="2019-06-14T20:52:21.456" activeThreads="4">
  <mem-info id="442" free="3172360" total="8519680" percent="37">
    <mem type="nursery" free="1455360" total="2228224" percent="65">
      <mem type="allocate" free="1455360" total="1572864" percent="92" />
      <mem type="survivor" free="0" total="655360" percent="0" />
    </mem>
    <mem type="tenure" free="1717000" total="6291456" percent="27">
      <mem type="soa" free="1402632" total="5977088" percent="23" />
      <mem type="loa" free="314368" total="314368" percent="100" />
    </mem>
    <remembered-set count="582" />
  </mem-info>
</gc-end>
<cycle-end id="443" type="scavenge" contextid="437" timestamp="2019-06-14T20:52:21.456" />
  <attribute name="elasticGC enabled" value="1" />
  <attribute name= "numThreadsSpecified" value="4" />
  <attribute name="heapSize specified" value="0" />
  <attribute name="Current GC Util" value="4" />
  <attribute name= "Current Time Running" value="5774" />
  <attribute name ="GC Interval" value="200" />
  <attribute name="ProportionalT" value="-8.000000" />
  <attribute name="ProportionalI" value="-8.000000" />
  <attribute name="ProportionalH" value="-8.000000" />
  <attribute name="Current Error" value="-16.000000" />
  <attribute name="IntegralT" value="-496.000000" />
  <attribute name="IntegralI" value="-496.000000" />
  <attribute name="IntegralH" value="-496.000000" />
  <attribute name="DerivativeT" value="-0.258065" />
  <attribute name="DerivativeI" value="-0.258065" />
  <attribute name="DerivativeH" value="-0.258065" />
  <attribute name="Loop Time for DT" value="31.000000" />
  <attribute name="Output H" value="2092630016"/>
  <attribute name="Output I" value="200"/>
  <attribute name="Output T" value="4"/>
  <attribute name="Target GC Util Change" value ="20.000000" />
  <attribute name="Current GC Util Change" value="4.000000"/>
  <attribute name="GC Util currently" value="4" />
  <attribute name="CPU Util currently" value="149160934237" />
<allocation-satisfied id="444" threadId="00000000015BE700" bytesRequested="1448" />
<af-end id="445" timestamp="2019-06-14T20:52:21.456" threadId="00000000015BF088" success="true" from="nursery"/>
<exclusive-end id="446" timestamp="2019-06-14T20:52:21.456" durationms="1.160" />

<exclusive-start id="447" timestamp="2019-06-14T20:52:21.494" intervalms="38.581">
  <response-info timems="0.098" idlems="0.098" threads="0" lastid="00000000015BE700" lastname="main" />
</exclusive-start>
<af-start id="448" threadId="00000000015BF088" totalBytesRequested="32" timestamp="2019-06-14T20:52:21.494" intervalms="38.573" type="nursery" />
<cycle-start id="449" type="scavenge" contextid="0" timestamp="2019-06-14T20:52:21.494" intervalms="38.557" />
<gc-start id="450" type="scavenge" contextid="449" timestamp="2019-06-14T20:52:21.494">
  <mem-info id="451" free="1697744" total="8519680" percent="19">
    <mem type="nursery" free="0" total="2228224" percent="0">
      <mem type="allocate" free="0" total="1572864" percent="0" />
      <mem type="survivor" free="0" total="655360" percent="0" />
    </mem>
    <mem type="tenure" free="1697744" total="6291456" percent="26">
      <mem type="soa" free="1383376" total="5977088" percent="23" />
      <mem type="loa" free="314368" total="314368" percent="100" />
    </mem>
    <remembered-set count="862" />
  </mem-info>
</gc-start>
<allocation-stats totalBytes="1474008" >
  <allocated-bytes non-tlh="20704" tlh="1453304" />
  <largest-consumer threadName="main" threadId="00000000015BE700" bytes="1474008" />
</allocation-stats>
<gc-op id="452" type="scavenge" timems="0.601" contextid="449" timestamp="2019-06-14T20:52:21.495">
  <scavenger-info tenureage="3" tenuremask="fff8" tiltratio="70" />
  <memory-copied type="nursery" objects="2479" bytes="87240" bytesdiscarded="69152" />
  <memory-copied type="tenure" objects="440" bytes="25320" bytesdiscarded="0" />
  <references type="weak" candidates="480" cleared="0" enqueued="0" />
</gc-op>
<gc-end id="453" type="scavenge" contextid="449" durationms="0.795" usertimems="0.000" systemtimems="0.000" timestamp="2019-06-14T20:52:21.495" activeThreads="4">
  <mem-info id="454" free="3245008" total="8519680" percent="38">
    <mem type="nursery" free="1547264" total="2228224" percent="69">
      <mem type="allocate" free="1547264" total="1703936" percent="90" />
      <mem type="survivor" free="0" total="524288" percent="0" />
    </mem>
    <mem type="tenure" free="1697744" total="6291456" percent="26">
      <mem type="soa" free="1383376" total="5977088" percent="23" />
      <mem type="loa" free="314368" total="314368" percent="100" />
    </mem>
    <remembered-set count="705" />
  </mem-info>
</gc-end>
<cycle-end id="455" type="scavenge" contextid="449" timestamp="2019-06-14T20:52:21.495" />
  <attribute name="elasticGC enabled" value="1" />
  <attribute name= "numThreadsSpecified" value="4" />
  <attribute name="heapSize specified" value="0" />
  <attribute name="Current GC Util" value="2" />
  <attribute name= "Current Time Running" value="5813" />
  <attribute name ="GC Interval" value="200" />
  <attribute name="ProportionalT" value="-9.000000" />
  <attribute name="ProportionalI" value="-9.000000" />
  <attribute name="ProportionalH" value="-9.000000" />
  <attribute name="Current Error" value="-18.000000" />
  <attribute name="IntegralT" value="-702.000000" />
  <attribute name="IntegralI" value="-702.000000" />
  <attribute name="IntegralH" value="-702.000000" />
  <attribute name="DerivativeT" value="-0.230769" />
  <attribute name="DerivativeI" value="-0.230769" />
  <attribute name="DerivativeH" value="-0.230769" />
  <attribute name="Loop Time for DT" value="39.000000" />
  <attribute name="Output H" value="2092630016"/>
  <attribute name="Output I" value="200"/>
  <attribute name="Output T" value="4"/>
  <attribute name="Target GC Util Change" value ="20.000000" />
  <attribute name="Current GC Util Change" value="2.000000"/>
  <attribute name="GC Util currently" value="2" />
  <attribute name="CPU Util currently" value="119698777143" />
<allocation-satisfied id="456" threadId="00000000015BE700" bytesRequested="32" />
<af-end id="457" timestamp="2019-06-14T20:52:21.495" threadId="00000000015BF088" success="true" from="nursery"/>
<exclusive-end id="458" timestamp="2019-06-14T20:52:21.495" durationms="1.251" />

<exclusive-start id="459" timestamp="2019-06-14T20:52:21.529" intervalms="35.397">
  <response-info timems="0.059" idlems="0.059" threads="0" lastid="00000000015BE700" lastname="main" />
</exclusive-start>
<af-start id="460" threadId="00000000015BF088" totalBytesRequested="88" timestamp="2019-06-14T20:52:21.529" intervalms="35.475" type="nursery" />
<cycle-start id="461" type="scavenge" contextid="0" timestamp="2019-06-14T20:52:21.530" intervalms="35.564" />
<gc-start id="462" type="scavenge" contextid="461" timestamp="2019-06-14T20:52:21.530">
  <mem-info id="463" free="1678192" total="8519680" percent="19">
    <mem type="nursery" free="0" total="2228224" percent="0">
      <mem type="allocate" free="0" total="1703936" percent="0" />
      <mem type="survivor" free="0" total="524288" percent="0" />
    </mem>
    <mem type="tenure" free="1678192" total="6291456" percent="26">
      <mem type="soa" free="1363824" total="5977088" percent="22" />
      <mem type="loa" free="314368" total="314368" percent="100" />
    </mem>
    <remembered-set count="1014" />
  </mem-info>
</gc-start>
<allocation-stats totalBytes="1565408" >
  <allocated-bytes non-tlh="19584" tlh="1545824" />
  <largest-consumer threadName="main" threadId="00000000015BE700" bytes="1565408" />
</allocation-stats>
<gc-op id="464" type="scavenge" timems="0.634" contextid="461" timestamp="2019-06-14T20:52:21.530">
  <scavenger-info tenureage="3" tenuremask="ffe8" tiltratio="76" />
  <memory-copied type="nursery" objects="3573" bytes="127872" bytesdiscarded="28560" />
  <memory-copied type="tenure" objects="357" bytes="11728" bytesdiscarded="144" />
  <references type="weak" candidates="522" cleared="0" enqueued="0" />
</gc-op>
<gc-end id="465" type="scavenge" contextid="461" durationms="0.890" usertimems="0.000" systemtimems="0.000" timestamp="2019-06-14T20:52:21.531" activeThreads="4">
  <mem-info id="466" free="3251824" total="8519680" percent="38">
    <mem type="nursery" free="1612800" total="2228224" percent="72">
      <mem type="allocate" free="1612800" total="1769472" percent="91" />
      <mem type="survivor" free="0" total="458752" percent="0" />
    </mem>
    <mem type="tenure" free="1639024" total="6291456" percent="26">
      <mem type="soa" free="1324656" total="5977088" percent="22" />
      <mem type="loa" free="314368" total="314368" percent="100" />
    </mem>
    <remembered-set count="737" />
  </mem-info>
</gc-end>
<cycle-end id="467" type="scavenge" contextid="461" timestamp="2019-06-14T20:52:21.531" />
  <attribute name="elasticGC enabled" value="1" />
  <attribute name= "numThreadsSpecified" value="4" />
  <attribute name="heapSize specified" value="0" />
  <attribute name="Current GC Util" value="2" />
  <attribute name= "Current Time Running" value="5848" />
  <attribute name ="GC Interval" value="200" />
  <attribute name="ProportionalT" value="-9.000000" />
  <attribute name="ProportionalI" value="-9.000000" />
  <attribute name="ProportionalH" value="-9.000000" />
  <attribute name="Current Error" value="-18.000000" />
  <attribute name="IntegralT" value="-630.000000" />
  <attribute name="IntegralI" value="-630.000000" />
  <attribute name="IntegralH" value="-630.000000" />
  <attribute name="DerivativeT" value="-0.257143" />
  <attribute name="DerivativeI" value="-0.257143" />
  <attribute name="DerivativeH" value="-0.257143" />
  <attribute name="Loop Time for DT" value="35.000000" />
  <attribute name="Output H" value="2092630016"/>
  <attribute name="Output I" value="200"/>
  <attribute name="Output T" value="4"/>
  <attribute name="Target GC Util Change" value ="20.000000" />
  <attribute name="Current GC Util Change" value="2.000000"/>
  <attribute name="GC Util currently" value="2" />
  <attribute name="CPU Util currently" value="129423704753" />
<allocation-satisfied id="468" threadId="00000000015BE700" bytesRequested="88" />
<af-end id="469" timestamp="2019-06-14T20:52:21.531" threadId="00000000015BF088" success="true" from="nursery"/>
<exclusive-end id="470" timestamp="2019-06-14T20:52:21.531" durationms="1.764" />

<exclusive-start id="471" timestamp="2019-06-14T20:52:21.559" intervalms="30.149">
  <response-info timems="0.063" idlems="0.063" threads="0" lastid="00000000015BE700" lastname="main" />
</exclusive-start>
<af-start id="472" threadId="00000000015BF088" totalBytesRequested="32" timestamp="2019-06-14T20:52:21.560" intervalms="30.144" type="nursery" />
<cycle-start id="473" type="scavenge" contextid="0" timestamp="2019-06-14T20:52:21.560" intervalms="30.135" />
<gc-start id="474" type="scavenge" contextid="473" timestamp="2019-06-14T20:52:21.560">
  <mem-info id="475" free="1634368" total="8519680" percent="19">
    <mem type="nursery" free="0" total="2228224" percent="0">
      <mem type="allocate" free="0" total="1769472" percent="0" />
      <mem type="survivor" free="0" total="458752" percent="0" />
    </mem>
    <mem type="tenure" free="1634368" total="6291456" percent="25">
      <mem type="soa" free="1320000" total="5977088" percent="22" />
      <mem type="loa" free="314368" total="314368" percent="100" />
    </mem>
    <remembered-set count="973" />
  </mem-info>
</gc-start>
<allocation-stats totalBytes="1617248" >
  <allocated-bytes non-tlh="4744" tlh="1612504" />
  <largest-consumer threadName="main" threadId="00000000015BE700" bytes="1617248" />
</allocation-stats>
<gc-op id="476" type="scavenge" timems="0.653" contextid="473" timestamp="2019-06-14T20:52:21.561">
  <scavenger-info tenureage="3" tenuremask="ffe8" tiltratio="79" />
  <memory-copied type="nursery" objects="4914" bytes="172864" bytesdiscarded="61992" />
  <memory-copied type="tenure" objects="860" bytes="30544" bytesdiscarded="0" />
  <references type="weak" candidates="370" cleared="0" enqueued="0" />
</gc-op>
<gc-end id="477" type="scavenge" contextid="473" durationms="1.083" usertimems="0.000" systemtimems="0.000" timestamp="2019-06-14T20:52:21.561" activeThreads="4">
  <mem-info id="478" free="3168832" total="8519680" percent="37">
    <mem type="nursery" free="1534464" total="2228224" percent="68">
      <mem type="allocate" free="1534464" total="1769472" percent="86" />
      <mem type="survivor" free="0" total="458752" percent="0" />
    </mem>
    <mem type="tenure" free="1634368" total="6291456" percent="25">
      <mem type="soa" free="1320000" total="5977088" percent="22" />
      <mem type="loa" free="314368" total="314368" percent="100" />
    </mem>
    <remembered-set count="729" />
  </mem-info>
</gc-end>
<cycle-end id="479" type="scavenge" contextid="473" timestamp="2019-06-14T20:52:21.561" />
  <attribute name="elasticGC enabled" value="1" />
  <attribute name= "numThreadsSpecified" value="4" />
  <attribute name="heapSize specified" value="0" />
  <attribute name="Current GC Util" value="3" />
  <attribute name= "Current Time Running" value="5878" />
  <attribute name ="GC Interval" value="200" />
  <attribute name="ProportionalT" value="-8.500000" />
  <attribute name="ProportionalI" value="-8.500000" />
  <attribute name="ProportionalH" value="-8.500000" />
  <attribute name="Current Error" value="-17.000000" />
  <attribute name="IntegralT" value="-510.000000" />
  <attribute name="IntegralI" value="-510.000000" />
  <attribute name="IntegralH" value="-510.000000" />
  <attribute name="DerivativeT" value="-0.283333" />
  <attribute name="DerivativeI" value="-0.283333" />
  <attribute name="DerivativeH" value="-0.283333" />
  <attribute name="Loop Time for DT" value="30.000000" />
  <attribute name="Output H" value="2092630016"/>
  <attribute name="Output I" value="200"/>
  <attribute name="Output T" value="4"/>
  <attribute name="Target GC Util Change" value ="20.000000" />
  <attribute name="Current GC Util Change" value="3.000000"/>
  <attribute name="GC Util currently" value="3" />
  <attribute name="CPU Util currently" value="152175636707" />
<allocation-satisfied id="480" threadId="00000000015BE700" bytesRequested="32" />
<af-end id="481" timestamp="2019-06-14T20:52:21.561" threadId="00000000015BF088" success="true" from="nursery"/>
<exclusive-end id="482" timestamp="2019-06-14T20:52:21.561" durationms="1.916" />

<exclusive-start id="483" timestamp="2019-06-14T20:52:21.592" intervalms="32.449">
  <response-info timems="0.025" idlems="0.025" threads="0" lastid="00000000015BE700" lastname="main" />
</exclusive-start>
<af-start id="484" threadId="00000000015BF088" totalBytesRequested="40" timestamp="2019-06-14T20:52:21.592" intervalms="32.444" type="nursery" />
<cycle-start id="485" type="scavenge" contextid="0" timestamp="2019-06-14T20:52:21.592" intervalms="32.441" />
<gc-start id="486" type="scavenge" contextid="485" timestamp="2019-06-14T20:52:21.592">
  <mem-info id="487" free="1626176" total="8519680" percent="19">
    <mem type="nursery" free="0" total="2228224" percent="0">
      <mem type="allocate" free="0" total="1769472" percent="0" />
      <mem type="survivor" free="0" total="458752" percent="0" />
    </mem>
    <mem type="tenure" free="1626176" total="6291456" percent="25">
      <mem type="soa" free="1311808" total="5977088" percent="21" />
      <mem type="loa" free="314368" total="314368" percent="100" />
    </mem>
    <remembered-set count="966" />
  </mem-info>
</gc-start>
<allocation-stats totalBytes="1541816" >
  <allocated-bytes non-tlh="8224" tlh="1533592" />
  <largest-consumer threadName="main" threadId="00000000015BE700" bytes="1541816" />
</allocation-stats>
<gc-op id="488" type="scavenge" timems="1.871" contextid="485" timestamp="2019-06-14T20:52:21.594">
  <scavenger-info tenureage="3" tenuremask="ffe8" tiltratio="79" />
  <memory-copied type="nursery" objects="5540" bytes="196432" bytesdiscarded="38456" />
  <memory-copied type="tenure" objects="1203" bytes="42960" bytesdiscarded="0" />
  <references type="weak" candidates="230" cleared="0" enqueued="0" />
</gc-op>
<gc-end id="489" type="scavenge" contextid="485" durationms="2.432" usertimems="4.000" systemtimems="0.000" timestamp="2019-06-14T20:52:21.595" activeThreads="4">
  <mem-info id="490" free="3187008" total="8519680" percent="37">
    <mem type="nursery" free="1600000" total="2228224" percent="71">
      <mem type="allocate" free="1600000" total="1835008" percent="87" />
      <mem type="survivor" free="0" total="393216" percent="0" />
    </mem>
    <mem type="tenure" free="1587008" total="6291456" percent="25">
      <mem type="soa" free="1272640" total="5977088" percent="21" />
      <mem type="loa" free="314368" total="314368" percent="100" />
    </mem>
    <remembered-set count="675" />
  </mem-info>
</gc-end>
<cycle-end id="491" type="scavenge" contextid="485" timestamp="2019-06-14T20:52:21.595" />
  <attribute name="elasticGC enabled" value="1" />
  <attribute name= "numThreadsSpecified" value="4" />
  <attribute name="heapSize specified" value="0" />
  <attribute name="Current GC Util" value="3" />
  <attribute name= "Current Time Running" value="5911" />
  <attribute name ="GC Interval" value="200" />
  <attribute name="ProportionalT" value="-8.500000" />
  <attribute name="ProportionalI" value="-8.500000" />
  <attribute name="ProportionalH" value="-8.500000" />
  <attribute name="Current Error" value="-17.000000" />
  <attribute name="IntegralT" value="-561.000000" />
  <attribute name="IntegralI" value="-561.000000" />
  <attribute name="IntegralH" value="-561.000000" />
  <attribute name="DerivativeT" value="-0.257576" />
  <attribute name="DerivativeI" value="-0.257576" />
  <attribute name="DerivativeH" value="-0.257576" />
  <attribute name="Loop Time for DT" value="33.000000" />
  <attribute name="Output H" value="2092630016"/>
  <attribute name="Output I" value="200"/>
  <attribute name="Output T" value="4"/>
  <attribute name="Target GC Util Change" value ="20.000000" />
  <attribute name="Current GC Util Change" value="3.000000"/>
  <attribute name="GC Util currently" value="3" />
  <attribute name="CPU Util currently" value="10" />
<allocation-satisfied id="492" threadId="00000000015BE700" bytesRequested="40" />
<af-end id="493" timestamp="2019-06-14T20:52:21.595" threadId="00000000015BF088" success="true" from="nursery"/>
<exclusive-end id="494" timestamp="2019-06-14T20:52:21.595" durationms="3.456" />

<exclusive-start id="495" timestamp="2019-06-14T20:52:21.620" intervalms="28.223">
  <response-info timems="0.029" idlems="0.029" threads="0" lastid="00000000015BE700" lastname="main" />
</exclusive-start>
<af-start id="496" threadId="00000000015BF088" totalBytesRequested="32" timestamp="2019-06-14T20:52:21.620" intervalms="28.221" type="nursery" />
<cycle-start id="497" type="scavenge" contextid="0" timestamp="2019-06-14T20:52:21.620" intervalms="28.216" />
<gc-start id="498" type="scavenge" contextid="497" timestamp="2019-06-14T20:52:21.620">
  <mem-info id="499" free="1576160" total="8519680" percent="18">
    <mem type="nursery" free="0" total="2228224" percent="0">
      <mem type="allocate" free="0" total="1835008" percent="0" />
      <mem type="survivor" free="0" total="393216" percent="0" />
    </mem>
    <mem type="tenure" free="1576160" total="6291456" percent="25">
      <mem type="soa" free="1261792" total="5977088" percent="21" />
      <mem type="loa" free="314368" total="314368" percent="100" />
    </mem>
    <remembered-set count="958" />
  </mem-info>
</gc-start>
<allocation-stats totalBytes="1609520" >
  <allocated-bytes non-tlh="10888" tlh="1598632" />
  <largest-consumer threadName="main" threadId="00000000015BE700" bytes="1609520" />
</allocation-stats>
<gc-op id="500" type="scavenge" timems="2.028" contextid="497" timestamp="2019-06-14T20:52:21.623">
  <scavenger-info tenureage="3" tenuremask="ffe8" tiltratio="82" />
  <memory-copied type="nursery" objects="6115" bytes="219496" bytesdiscarded="54576" />
  <memory-copied type="tenure" objects="1370" bytes="47232" bytesdiscarded="8" />
  <references type="weak" candidates="184" cleared="0" enqueued="0" />
</gc-op>
<heap-resize id="501" type="expand" space="nursery" amount="131072" count="1" timems="0.013" reason="excessive time being spent scavenging" timestamp="2019-06-14T20:52:21.623" />
<gc-end id="502" type="scavenge" contextid="497" durationms="2.731" usertimems="4.000" systemtimems="0.000" timestamp="2019-06-14T20:52:21.623" activeThreads="4">
  <mem-info id="503" free="3163360" total="8650752" percent="36">
    <mem type="nursery" free="1626368" total="2359296" percent="68">
      <mem type="allocate" free="1626368" total="1900544" percent="85" />
      <mem type="survivor" free="0" total="458752" percent="0" />
    </mem>
    <mem type="tenure" free="1536992" total="6291456" percent="24">
      <mem type="soa" free="1222624" total="5977088" percent="20" />
      <mem type="loa" free="314368" total="314368" percent="100" />
    </mem>
    <remembered-set count="811" />
  </mem-info>
</gc-end>
<cycle-end id="504" type="scavenge" contextid="497" timestamp="2019-06-14T20:52:21.623" />
  <attribute name="elasticGC enabled" value="1" />
  <attribute name= "numThreadsSpecified" value="4" />
  <attribute name="heapSize specified" value="0" />
  <attribute name="Current GC Util" value="9" />
  <attribute name= "Current Time Running" value="5939" />
  <attribute name ="GC Interval" value="200" />
  <attribute name="ProportionalT" value="-5.500000" />
  <attribute name="ProportionalI" value="-5.500000" />
  <attribute name="ProportionalH" value="-5.500000" />
  <attribute name="Current Error" value="-11.000000" />
  <attribute name="IntegralT" value="-308.000000" />
  <attribute name="IntegralI" value="-308.000000" />
  <attribute name="IntegralH" value="-308.000000" />
  <attribute name="DerivativeT" value="-0.196429" />
  <attribute name="DerivativeI" value="-0.196429" />
  <attribute name="DerivativeH" value="-0.196429" />
  <attribute name="Loop Time for DT" value="28.000000" />
  <attribute name="Output H" value="2092630016"/>
  <attribute name="Output I" value="200"/>
  <attribute name="Output T" value="4"/>
  <attribute name="Target GC Util Change" value ="20.000000" />
  <attribute name="Current GC Util Change" value="9.000000"/>
  <attribute name="GC Util currently" value="9" />
  <attribute name="CPU Util currently" value="163320656041" />
<allocation-satisfied id="505" threadId="00000000015BE700" bytesRequested="32" />
<af-end id="506" timestamp="2019-06-14T20:52:21.624" threadId="00000000015BF088" success="true" from="nursery"/>
<exclusive-end id="507" timestamp="2019-06-14T20:52:21.624" durationms="3.573" />

<exclusive-start id="508" timestamp="2019-06-14T20:52:21.648" intervalms="28.381">
  <response-info timems="0.027" idlems="0.027" threads="0" lastid="00000000015BE700" lastname="main" />
</exclusive-start>
<af-start id="509" threadId="00000000015BF088" totalBytesRequested="9160" timestamp="2019-06-14T20:52:21.649" intervalms="28.308" type="nursery" />
<cycle-start id="510" type="scavenge" contextid="0" timestamp="2019-06-14T20:52:21.649" intervalms="28.235" />
<gc-start id="511" type="scavenge" contextid="510" timestamp="2019-06-14T20:52:21.649">
  <mem-info id="512" free="1524112" total="8650752" percent="17">
    <mem type="nursery" free="0" total="2359296" percent="0">
      <mem type="allocate" free="0" total="1900544" percent="0" />
      <mem type="survivor" free="0" total="458752" percent="0" />
    </mem>
    <mem type="tenure" free="1524112" total="6291456" percent="24">
      <mem type="soa" free="1209744" total="5977088" percent="20" />
      <mem type="loa" free="314368" total="314368" percent="100" />
    </mem>
    <remembered-set count="1105" />
  </mem-info>
</gc-start>
<allocation-stats totalBytes="1633424" >
  <allocated-bytes non-tlh="12912" tlh="1620512" />
  <largest-consumer threadName="main" threadId="00000000015BE700" bytes="1633424" />
</allocation-stats>
<gc-op id="513" type="scavenge" timems="2.133" contextid="510" timestamp="2019-06-14T20:52:21.651">
  <scavenger-info tenureage="3" tenuremask="ffe8" tiltratio="80" />
  <memory-copied type="nursery" objects="5537" bytes="202240" bytesdiscarded="32664" />
  <memory-copied type="tenure" objects="2128" bytes="75864" bytesdiscarded="56" />
  <references type="soft" candidates="2" cleared="0" enqueued="0" dynamicThreshold="32" maxThreshold="32" />
  <references type="weak" candidates="183" cleared="1" enqueued="1" />
</gc-op>
<gc-end id="514" type="scavenge" contextid="510" durationms="2.493" usertimems="0.000" systemtimems="0.000" timestamp="2019-06-14T20:52:21.651" activeThreads="4">
  <mem-info id="515" free="3242384" total="8650752" percent="37">
    <mem type="nursery" free="1796608" total="2359296" percent="76">
      <mem type="allocate" free="1796608" total="2031616" percent="88" />
      <mem type="survivor" free="0" total="327680" percent="0" />
    </mem>
    <mem type="tenure" free="1445776" total="6291456" percent="22">
      <mem type="soa" free="1131408" total="5977088" percent="18" />
      <mem type="loa" free="314368" total="314368" percent="100" />
    </mem>
    <pending-finalizers system="0" default="0" reference="1" classloader="0" />
    <remembered-set count="833" />
  </mem-info>
</gc-end>
<cycle-end id="516" type="scavenge" contextid="510" timestamp="2019-06-14T20:52:21.651" />
  <attribute name="elasticGC enabled" value="1" />
  <attribute name= "numThreadsSpecified" value="4" />
  <attribute name="heapSize specified" value="0" />
  <attribute name="Current GC Util" value="10" />
  <attribute name= "Current Time Running" value="5967" />
  <attribute name ="GC Interval" value="200" />
  <attribute name="ProportionalT" value="-5.000000" />
  <attribute name="ProportionalI" value="-5.000000" />
  <attribute name="ProportionalH" value="-5.000000" />
  <attribute name="Current Error" value="-10.000000" />
  <attribute name="IntegralT" value="-280.000000" />
  <attribute name="IntegralI" value="-280.000000" />
  <attribute name="IntegralH" value="-280.000000" />
  <attribute name="DerivativeT" value="-0.178571" />
  <attribute name="DerivativeI" value="-0.178571" />
  <attribute name="DerivativeH" value="-0.178571" />
  <attribute name="Loop Time for DT" value="28.000000" />
  <attribute name="Output H" value="2092630016"/>
  <attribute name="Output I" value="200"/>
  <attribute name="Output T" value="4"/>
  <attribute name="Target GC Util Change" value ="20.000000" />
  <attribute name="Current GC Util Change" value="10.000000"/>
  <attribute name="GC Util currently" value="10" />
  <attribute name="CPU Util currently" value="164595849636" />
<allocation-satisfied id="517" threadId="00000000015BE700" bytesRequested="9160" />
<af-end id="518" timestamp="2019-06-14T20:52:21.651" threadId="00000000015BF088" success="true" from="nursery"/>
<exclusive-end id="519" timestamp="2019-06-14T20:52:21.651" durationms="2.955" />

<exclusive-start id="520" timestamp="2019-06-14T20:52:21.677" intervalms="28.918">
  <response-info timems="0.025" idlems="0.025" threads="0" lastid="00000000015BE700" lastname="main" />
</exclusive-start>
<af-start id="521" threadId="00000000015BF088" totalBytesRequested="48" timestamp="2019-06-14T20:52:21.678" intervalms="28.999" type="nursery" />
<cycle-start id="522" type="scavenge" contextid="0" timestamp="2019-06-14T20:52:21.678" intervalms="29.079" />
<gc-start id="523" type="scavenge" contextid="522" timestamp="2019-06-14T20:52:21.678">
  <mem-info id="524" free="1439576" total="8650752" percent="16">
    <mem type="nursery" free="0" total="2359296" percent="0">
      <mem type="allocate" free="0" total="2031616" percent="0" />
      <mem type="survivor" free="0" total="327680" percent="0" />
    </mem>
    <mem type="tenure" free="1439576" total="6291456" percent="22">
      <mem type="soa" free="1125208" total="5977088" percent="18" />
      <mem type="loa" free="314368" total="314368" percent="100" />
    </mem>
    <remembered-set count="961" />
  </mem-info>
</gc-start>
<allocation-stats totalBytes="1801832" >
  <allocated-bytes non-tlh="72296" tlh="1729536" />
  <largest-consumer threadName="main" threadId="00000000015BE700" bytes="1801832" />
</allocation-stats>
<gc-op id="525" type="scavenge" timems="1.751" contextid="522" timestamp="2019-06-14T20:52:21.680">
  <scavenger-info tenureage="3" tenuremask="ffe8" tiltratio="86" />
  <memory-copied type="nursery" objects="5797" bytes="253328" bytesdiscarded="74280" />
  <memory-copied type="tenure" objects="3036" bytes="112984" bytesdiscarded="40" />
  <copy-failed type="nursery" objects="1291" bytes="48448" />
  <references type="soft" candidates="2" cleared="0" enqueued="0" dynamicThreshold="32" maxThreshold="32" />
  <references type="weak" candidates="138" cleared="4" enqueued="4" />
</gc-op>
<heap-resize id="526" type="expand" space="nursery" amount="131072" count="1" timems="0.014" reason="excessive time being spent scavenging" timestamp="2019-06-14T20:52:21.680" />
<gc-end id="527" type="scavenge" contextid="522" durationms="2.560" usertimems="4.000" systemtimems="0.000" timestamp="2019-06-14T20:52:21.680" activeThreads="4">
  <mem-info id="528" free="2960472" total="8781824" percent="33">
    <mem type="nursery" free="1638400" total="2490368" percent="65">
      <mem type="allocate" free="1638400" total="1966080" percent="83" />
      <mem type="survivor" free="0" total="524288" percent="0" />
    </mem>
    <mem type="tenure" free="1322072" total="6291456" percent="21">
      <mem type="soa" free="1007704" total="5977088" percent="16" />
      <mem type="loa" free="314368" total="314368" percent="100" />
    </mem>
    <pending-finalizers system="0" default="0" reference="4" classloader="0" />
    <remembered-set count="763" />
  </mem-info>
</gc-end>
<cycle-end id="529" type="scavenge" contextid="522" timestamp="2019-06-14T20:52:21.681" />
  <attribute name="elasticGC enabled" value="1" />
  <attribute name= "numThreadsSpecified" value="4" />
  <attribute name="heapSize specified" value="0" />
  <attribute name="Current GC Util" value="9" />
  <attribute name= "Current Time Running" value="5996" />
  <attribute name ="GC Interval" value="200" />
  <attribute name="ProportionalT" value="-5.500000" />
  <attribute name="ProportionalI" value="-5.500000" />
  <attribute name="ProportionalH" value="-5.500000" />
  <attribute name="Current Error" value="-11.000000" />
  <attribute name="IntegralT" value="-319.000000" />
  <attribute name="IntegralI" value="-319.000000" />
  <attribute name="IntegralH" value="-319.000000" />
  <attribute name="DerivativeT" value="-0.189655" />
  <attribute name="DerivativeI" value="-0.189655" />
  <attribute name="DerivativeH" value="-0.189655" />
  <attribute name="Loop Time for DT" value="29.000000" />
  <attribute name="Output H" value="2092630016"/>
  <attribute name="Output I" value="200"/>
  <attribute name="Output T" value="4"/>
  <attribute name="Target GC Util Change" value ="20.000000" />
  <attribute name="Current GC Util Change" value="9.000000"/>
  <attribute name="GC Util currently" value="9" />
  <attribute name="CPU Util currently" value="157111318487" />
<allocation-satisfied id="530" threadId="00000000015BE700" bytesRequested="48" />
<af-end id="531" timestamp="2019-06-14T20:52:21.681" threadId="00000000015BF088" success="true" from="nursery"/>
<exclusive-end id="532" timestamp="2019-06-14T20:52:21.681" durationms="3.513" />

<exclusive-start id="533" timestamp="2019-06-14T20:52:21.702" intervalms="25.009">
  <response-info timems="0.020" idlems="0.020" threads="0" lastid="00000000015BE700" lastname="main" />
</exclusive-start>
<af-start id="534" threadId="00000000015BF088" totalBytesRequested="64" timestamp="2019-06-14T20:52:21.703" intervalms="25.009" type="nursery" />
<cycle-start id="535" type="scavenge" contextid="0" timestamp="2019-06-14T20:52:21.703" intervalms="24.981" />
<gc-start id="536" type="scavenge" contextid="535" timestamp="2019-06-14T20:52:21.703">
  <mem-info id="537" free="1308120" total="8781824" percent="14">
    <mem type="nursery" free="0" total="2490368" percent="0">
      <mem type="allocate" free="0" total="1966080" percent="0" />
      <mem type="survivor" free="0" total="524288" percent="0" />
    </mem>
    <mem type="tenure" free="1308120" total="6291456" percent="20">
      <mem type="soa" free="993752" total="5977088" percent="16" />
      <mem type="loa" free="314368" total="314368" percent="100" />
    </mem>
    <remembered-set count="961" />
  </mem-info>
</gc-start>
<allocation-stats totalBytes="1651680" >
  <allocated-bytes non-tlh="14000" tlh="1637680" />
  <largest-consumer threadName="main" threadId="00000000015BE700" bytes="1651680" />
</allocation-stats>
<gc-op id="538" type="scavenge" timems="1.559" contextid="535" timestamp="2019-06-14T20:52:21.705">
  <scavenger-info tenureage="5" tenuremask="ffe0" tiltratio="78" />
  <memory-copied type="nursery" objects="3603" bytes="166040" bytesdiscarded="108840" />
  <references type="soft" candidates="36" cleared="0" enqueued="0" dynamicThreshold="32" maxThreshold="32" />
  <references type="weak" candidates="140" cleared="0" enqueued="0" />
</gc-op>
<gc-end id="539" type="scavenge" contextid="535" durationms="2.163" usertimems="0.000" systemtimems="0.000" timestamp="2019-06-14T20:52:21.705" activeThreads="4">
  <mem-info id="540" free="3064744" total="8781824" percent="34">
    <mem type="nursery" free="1756624" total="2490368" percent="70">
      <mem type="allocate" free="1756624" total="2031616" percent="86" />
      <mem type="survivor" free="0" total="458752" percent="0" />
    </mem>
    <mem type="tenure" free="1308120" total="6291456" percent="20">
      <mem type="soa" free="993752" total="5977088" percent="16" />
      <mem type="loa" free="314368" total="314368" percent="100" />
    </mem>
    <remembered-set count="802" />
  </mem-info>
</gc-end>
<cycle-end id="541" type="scavenge" contextid="535" timestamp="2019-06-14T20:52:21.705" />
  <attribute name="elasticGC enabled" value="1" />
  <attribute name= "numThreadsSpecified" value="4" />
  <attribute name="heapSize specified" value="0" />
  <attribute name="Current GC Util" value="9" />
  <attribute name= "Current Time Running" value="6021" />
  <attribute name ="GC Interval" value="200" />
  <attribute name="ProportionalT" value="-5.500000" />
  <attribute name="ProportionalI" value="-5.500000" />
  <attribute name="ProportionalH" value="-5.500000" />
  <attribute name="Current Error" value="-11.000000" />
  <attribute name="IntegralT" value="-275.000000" />
  <attribute name="IntegralI" value="-275.000000" />
  <attribute name="IntegralH" value="-275.000000" />
  <attribute name="DerivativeT" value="-0.220000" />
  <attribute name="DerivativeI" value="-0.220000" />
  <attribute name="DerivativeH" value="-0.220000" />
  <attribute name="Loop Time for DT" value="25.000000" />
  <attribute name="Output H" value="2092630016"/>
  <attribute name="Output I" value="200"/>
  <attribute name="Output T" value="4"/>
  <attribute name="Target GC Util Change" value ="20.000000" />
  <attribute name="Current GC Util Change" value="9.000000"/>
  <attribute name="GC Util currently" value="9" />
  <attribute name="CPU Util currently" value="184598852940" />
<allocation-satisfied id="542" threadId="00000000015BE700" bytesRequested="64" />
<af-end id="543" timestamp="2019-06-14T20:52:21.705" threadId="00000000015BF088" success="true" from="nursery"/>
<exclusive-end id="544" timestamp="2019-06-14T20:52:21.705" durationms="3.065" />

<exclusive-start id="545" timestamp="2019-06-14T20:52:21.741" intervalms="38.953">
  <response-info timems="0.023" idlems="0.023" threads="0" lastid="00000000015BE700" lastname="main" />
</exclusive-start>
<af-start id="546" threadId="00000000015BF088" totalBytesRequested="32" timestamp="2019-06-14T20:52:21.741" intervalms="38.970" type="nursery" />
<cycle-start id="547" type="scavenge" contextid="0" timestamp="2019-06-14T20:52:21.742" intervalms="39.021" />
<gc-start id="548" type="scavenge" contextid="547" timestamp="2019-06-14T20:52:21.742">
  <mem-info id="549" free="1305168" total="8781824" percent="14">
    <mem type="nursery" free="0" total="2490368" percent="0">
      <mem type="allocate" free="0" total="2031616" percent="0" />
      <mem type="survivor" free="0" total="458752" percent="0" />
    </mem>
    <mem type="tenure" free="1305168" total="6291456" percent="20">
      <mem type="soa" free="990800" total="5977088" percent="16" />
      <mem type="loa" free="314368" total="314368" percent="100" />
    </mem>
    <remembered-set count="876" />
  </mem-info>
</gc-start>
<allocation-stats totalBytes="1759432" >
  <allocated-bytes non-tlh="316184" tlh="1443248" />
  <largest-consumer threadName="main" threadId="00000000015BE700" bytes="1759432" />
</allocation-stats>
<gc-op id="550" type="scavenge" timems="2.728" contextid="547" timestamp="2019-06-14T20:52:21.745">
  <scavenger-info tenureage="5" tenuremask="ffe0" tiltratio="81" />
  <memory-copied type="nursery" objects="2072" bytes="458656" bytesdiscarded="16" />
  <memory-copied type="tenure" objects="7203" bytes="318704" bytesdiscarded="64" />
  <copy-failed type="nursery" objects="7690" bytes="342152" />
  <references type="weak" candidates="69" cleared="0" enqueued="0" />
  <references type="phantom" candidates="1" cleared="0" enqueued="0" />
</gc-op>
<heap-resize id="551" type="expand" space="nursery" amount="131072" count="1" timems="0.012" reason="excessive time being spent scavenging" timestamp="2019-06-14T20:52:21.745" />
<gc-end id="552" type="scavenge" contextid="547" durationms="3.393" usertimems="4.000" systemtimems="0.000" timestamp="2019-06-14T20:52:21.745" activeThreads="4">
  <mem-info id="553" free="1869136" total="8912896" percent="20">
    <mem type="nursery" free="851968" total="2621440" percent="32">
      <mem type="allocate" free="851968" total="1310720" percent="65" />
      <mem type="survivor" free="0" total="1310720" percent="0" />
    </mem>
    <mem type="tenure" free="1017168" total="6291456" percent="16">
      <mem type="soa" free="702800" total="5977088" percent="11" />
      <mem type="loa" free="314368" total="314368" percent="100" />
    </mem>
    <remembered-set count="3517" />
  </mem-info>
</gc-end>
<cycle-end id="554" type="scavenge" contextid="547" timestamp="2019-06-14T20:52:21.745" />
  <attribute name="elasticGC enabled" value="1" />
  <attribute name= "numThreadsSpecified" value="4" />
  <attribute name="heapSize specified" value="0" />
  <attribute name="Current GC Util" value="5" />
  <attribute name= "Current Time Running" value="6060" />
  <attribute name ="GC Interval" value="200" />
  <attribute name="ProportionalT" value="-7.500000" />
  <attribute name="ProportionalI" value="-7.500000" />
  <attribute name="ProportionalH" value="-7.500000" />
  <attribute name="Current Error" value="-15.000000" />
  <attribute name="IntegralT" value="-585.000000" />
  <attribute name="IntegralI" value="-585.000000" />
  <attribute name="IntegralH" value="-585.000000" />
  <attribute name="DerivativeT" value="-0.192308" />
  <attribute name="DerivativeI" value="-0.192308" />
  <attribute name="DerivativeH" value="-0.192308" />
  <attribute name="Loop Time for DT" value="39.000000" />
  <attribute name="Output H" value="2092630016"/>
  <attribute name="Output I" value="200"/>
  <attribute name="Output T" value="4"/>
  <attribute name="Target GC Util Change" value ="20.000000" />
  <attribute name="Current GC Util Change" value="5.000000"/>
  <attribute name="GC Util currently" value="5" />
  <attribute name="CPU Util currently" value="118677952333" />
<allocation-satisfied id="555" threadId="00000000015BE700" bytesRequested="32" />
<af-end id="556" timestamp="2019-06-14T20:52:21.746" threadId="00000000015BF088" success="true" from="nursery"/>
<exclusive-end id="557" timestamp="2019-06-14T20:52:21.746" durationms="4.473" />

<exclusive-start id="558" timestamp="2019-06-14T20:52:21.758" intervalms="16.886">
  <response-info timems="0.051" idlems="0.051" threads="0" lastid="00000000015BE700" lastname="main" />
</exclusive-start>
<af-start id="559" threadId="00000000015BF088" totalBytesRequested="32" timestamp="2019-06-14T20:52:21.758" intervalms="16.789" type="nursery" />
<cycle-start id="560" type="scavenge" contextid="0" timestamp="2019-06-14T20:52:21.758" intervalms="16.719" />
<gc-start id="561" type="scavenge" contextid="560" timestamp="2019-06-14T20:52:21.758">
  <mem-info id="562" free="1011904" total="8912896" percent="11">
    <mem type="nursery" free="0" total="2621440" percent="0">
      <mem type="allocate" free="0" total="1310720" percent="0" />
      <mem type="survivor" free="0" total="1310720" percent="0" />
    </mem>
    <mem type="tenure" free="1011904" total="6291456" percent="16">
      <mem type="soa" free="697536" total="5977088" percent="11" />
      <mem type="loa" free="314368" total="314368" percent="100" />
    </mem>
    <remembered-set count="3575" />
  </mem-info>
</gc-start>
<allocation-stats totalBytes="856752" >
  <allocated-bytes non-tlh="5296" tlh="851456" />
  <largest-consumer threadName="main" threadId="00000000015BE700" bytes="856752" />
</allocation-stats>
<gc-op id="563" type="scavenge" timems="1.995" contextid="560" timestamp="2019-06-14T20:52:21.761">
  <scavenger-info tenureage="3" tenuremask="fff8" tiltratio="50" />
  <memory-copied type="nursery" objects="3186" bytes="496584" bytesdiscarded="67000" />
  <memory-copied type="tenure" objects="142" bytes="5000" bytesdiscarded="0" />
  <references type="weak" candidates="41" cleared="0" enqueued="0" />
  <references type="phantom" candidates="1" cleared="0" enqueued="0" />
</gc-op>
<heap-resize id="564" type="expand" space="nursery" amount="262144" count="1" timems="0.015" reason="excessive time being spent scavenging" timestamp="2019-06-14T20:52:21.761" />
<gc-end id="565" type="scavenge" contextid="560" durationms="2.573" usertimems="0.000" systemtimems="4.000" timestamp="2019-06-14T20:52:21.761" activeThreads="4">
  <mem-info id="566" free="1890000" total="9175040" percent="20">
    <mem type="nursery" free="878096" total="2883584" percent="30">
      <mem type="allocate" free="878096" total="1441792" percent="60" />
      <mem type="survivor" free="0" total="1441792" percent="0" />
    </mem>
    <mem type="tenure" free="1011904" total="6291456" percent="16">
      <mem type="soa" free="697536" total="5977088" percent="11" />
      <mem type="loa" free="314368" total="314368" percent="100" />
    </mem>
    <remembered-set count="3251" />
  </mem-info>
</gc-end>
<cycle-end id="567" type="scavenge" contextid="560" timestamp="2019-06-14T20:52:21.761" />
  <attribute name="elasticGC enabled" value="1" />
  <attribute name= "numThreadsSpecified" value="4" />
  <attribute name="heapSize specified" value="0" />
  <attribute name="Current GC Util" value="22" />
  <attribute name= "Current Time Running" value="6077" />
  <attribute name ="GC Interval" value="200" />
  <attribute name="ProportionalT" value="1.000000" />
  <attribute name="ProportionalI" value="1.000000" />
  <attribute name="ProportionalH" value="1.000000" />
  <attribute name="Current Error" value="2.000000" />
  <attribute name="IntegralT" value="34.000000" />
  <attribute name="IntegralI" value="34.000000" />
  <attribute name="IntegralH" value="34.000000" />
  <attribute name="DerivativeT" value="0.058824" />
  <attribute name="DerivativeI" value="0.058824" />
  <attribute name="DerivativeH" value="0.058824" />
  <attribute name="Loop Time for DT" value="17.000000" />
  <attribute name="Output H" value="8388608"/>
  <attribute name="Output I" value="200"/>
  <attribute name="Output T" value="4"/>
  <attribute name="Target GC Util Change" value ="20.000000" />
  <attribute name="Current GC Util Change" value="22.000000"/>
  <attribute name="GC Util currently" value="22" />
  <attribute name="CPU Util currently" value="275743503806" />
<allocation-satisfied id="568" threadId="00000000015BE700" bytesRequested="32" />
<af-end id="569" timestamp="2019-06-14T20:52:21.761" threadId="00000000015BF088" success="true" from="nursery"/>
<exclusive-end id="570" timestamp="2019-06-14T20:52:21.761" durationms="3.105" />

<exclusive-start id="571" timestamp="2019-06-14T20:52:21.767" intervalms="8.354">
  <response-info timems="0.025" idlems="0.025" threads="0" lastid="00000000015BE700" lastname="main" />
</exclusive-start>
<af-start id="572" threadId="00000000015BF088" totalBytesRequested="32" timestamp="2019-06-14T20:52:21.767" intervalms="8.409" type="nursery" />
<cycle-start id="573" type="scavenge" contextid="0" timestamp="2019-06-14T20:52:21.767" intervalms="8.449" />
<gc-start id="574" type="scavenge" contextid="573" timestamp="2019-06-14T20:52:21.767">
  <mem-info id="575" free="1011904" total="9175040" percent="11">
    <mem type="nursery" free="0" total="2883584" percent="0">
      <mem type="allocate" free="0" total="1441792" percent="0" />
      <mem type="survivor" free="0" total="1441792" percent="0" />
    </mem>
    <mem type="tenure" free="1011904" total="6291456" percent="16">
      <mem type="soa" free="697536" total="5977088" percent="11" />
      <mem type="loa" free="314368" total="314368" percent="100" />
    </mem>
    <remembered-set count="3251" />
  </mem-info>
</gc-start>
<allocation-stats totalBytes="877952" >
  <allocated-bytes non-tlh="32" tlh="877920" />
  <largest-consumer threadName="main" threadId="00000000015BE700" bytes="877952" />
</allocation-stats>
<gc-op id="576" type="scavenge" timems="2.105" contextid="573" timestamp="2019-06-14T20:52:21.769">
  <scavenger-info tenureage="3" tenuremask="ff88" tiltratio="50" />
  <memory-copied type="nursery" objects="4100" bytes="497584" bytesdiscarded="95952" />
  <memory-copied type="tenure" objects="283" bytes="44264" bytesdiscarded="0" />
  <references type="weak" candidates="38" cleared="0" enqueued="0" />
  <references type="phantom" candidates="1" cleared="0" enqueued="0" />
</gc-op>
<heap-resize id="577" type="expand" space="nursery" amount="393216" count="1" timems="0.010" reason="excessive time being spent scavenging" timestamp="2019-06-14T20:52:21.770" />
<gc-end id="578" type="scavenge" contextid="573" durationms="2.760" usertimems="4.000" systemtimems="0.000" timestamp="2019-06-14T20:52:21.770" activeThreads="4">
  <mem-info id="579" free="2253312" total="9568256" percent="23">
    <mem type="nursery" free="1241408" total="3276800" percent="37">
      <mem type="allocate" free="1241408" total="1835008" percent="67" />
      <mem type="survivor" free="0" total="1441792" percent="0" />
    </mem>
    <mem type="tenure" free="1011904" total="6291456" percent="16">
      <mem type="soa" free="697536" total="5977088" percent="11" />
      <mem type="loa" free="314368" total="314368" percent="100" />
    </mem>
    <remembered-set count="3037" />
  </mem-info>
</gc-end>
<cycle-end id="580" type="scavenge" contextid="573" timestamp="2019-06-14T20:52:21.770" />
  <attribute name="elasticGC enabled" value="1" />
  <attribute name= "numThreadsSpecified" value="4" />
  <attribute name="heapSize specified" value="0" />
  <attribute name="Current GC Util" value="35" />
  <attribute name= "Current Time Running" value="6086" />
  <attribute name ="GC Interval" value="200" />
  <attribute name="ProportionalT" value="7.500000" />
  <attribute name="ProportionalI" value="7.500000" />
  <attribute name="ProportionalH" value="7.500000" />
  <attribute name="Current Error" value="15.000000" />
  <attribute name="IntegralT" value="135.000000" />
  <attribute name="IntegralI" value="135.000000" />
  <attribute name="IntegralH" value="135.000000" />
  <attribute name="DerivativeT" value="0.722222" />
  <attribute name="DerivativeI" value="0.722222" />
  <attribute name="DerivativeH" value="0.722222" />
  <attribute name="Loop Time for DT" value="9.000000" />
  <attribute name="Output H" value="8388608"/>
  <attribute name="Output I" value="200"/>
  <attribute name="Output T" value="4"/>
  <attribute name="Target GC Util Change" value ="20.000000" />
  <attribute name="Current GC Util Change" value="35.000000"/>
  <attribute name="GC Util currently" value="35" />
  <attribute name="CPU Util currently" value="543585835890" />
<allocation-satisfied id="581" threadId="00000000015BE700" bytesRequested="32" />
<af-end id="582" timestamp="2019-06-14T20:52:21.770" threadId="00000000015BF088" success="true" from="nursery"/>
<exclusive-end id="583" timestamp="2019-06-14T20:52:21.770" durationms="3.527" />

<exclusive-start id="584" timestamp="2019-06-14T20:52:21.782" intervalms="15.672">
  <response-info timems="0.026" idlems="0.026" threads="0" lastid="00000000015BE700" lastname="main" />
</exclusive-start>
<af-start id="585" threadId="00000000015BF088" totalBytesRequested="24" timestamp="2019-06-14T20:52:21.782" intervalms="15.664" type="nursery" />
<cycle-start id="586" type="scavenge" contextid="0" timestamp="2019-06-14T20:52:21.782" intervalms="15.594" />
<gc-start id="587" type="scavenge" contextid="586" timestamp="2019-06-14T20:52:21.782">
  <mem-info id="588" free="1009376" total="9568256" percent="10">
    <mem type="nursery" free="0" total="3276800" percent="0">
      <mem type="allocate" free="0" total="1835008" percent="0" />
      <mem type="survivor" free="0" total="1441792" percent="0" />
    </mem>
    <mem type="tenure" free="1009376" total="6291456" percent="16">
      <mem type="soa" free="695008" total="5977088" percent="11" />
      <mem type="loa" free="314368" total="314368" percent="100" />
    </mem>
    <remembered-set count="3068" />
  </mem-info>
</gc-start>
<allocation-stats totalBytes="1243664" >
  <allocated-bytes non-tlh="2560" tlh="1241104" />
  <largest-consumer threadName="main" threadId="00000000015BE700" bytes="1243664" />
</allocation-stats>
<gc-op id="589" type="scavenge" timems="1.425" contextid="586" timestamp="2019-06-14T20:52:21.784">
  <scavenger-info tenureage="3" tenuremask="ffe8" tiltratio="56" />
  <memory-copied type="nursery" objects="4131" bytes="160408" bytesdiscarded="50384" />
  <memory-copied type="tenure" objects="1515" bytes="405208" bytesdiscarded="312" />
  <references type="weak" candidates="56" cleared="0" enqueued="0" />
</gc-op>
<gc-end id="590" type="scavenge" contextid="586" durationms="1.904" usertimems="4.000" systemtimems="0.000" timestamp="2019-06-14T20:52:21.784" activeThreads="1">
  <mem-info id="591" free="2567960" total="9568256" percent="26">
    <mem type="nursery" free="1951864" total="3276800" percent="59">
      <mem type="allocate" free="1951864" total="2162688" percent="90" />
      <mem type="survivor" free="0" total="1114112" percent="0" />
    </mem>
    <mem type="tenure" free="616096" total="6291456" percent="9">
      <mem type="soa" free="301728" total="5977088" percent="5" />
      <mem type="loa" free="314368" total="314368" percent="100" />
    </mem>
    <remembered-set count="528" />
  </mem-info>
</gc-end>
<cycle-end id="592" type="scavenge" contextid="586" timestamp="2019-06-14T20:52:21.784" />
  <attribute name="elasticGC enabled" value="1" />
  <attribute name= "numThreadsSpecified" value="1" />
  <attribute name="heapSize specified" value="0" />
  <attribute name="Current GC Util" value="20" />
  <attribute name= "Current Time Running" value="6101" />
  <attribute name ="GC Interval" value="200" />
  <attribute name="ProportionalT" value="0.000000" />
  <attribute name="ProportionalI" value="0.000000" />
  <attribute name="ProportionalH" value="0.000000" />
  <attribute name="Current Error" value="0.000000" />
  <attribute name="IntegralT" value="0.000000" />
  <attribute name="IntegralI" value="0.000000" />
  <attribute name="IntegralH" value="0.000000" />
  <attribute name="DerivativeT" value="-0.500000" />
  <attribute name="DerivativeI" value="-0.500000" />
  <attribute name="DerivativeH" value="-0.500000" />
  <attribute name="Loop Time for DT" value="15.000000" />
  <attribute name="Output H" value="8388608"/>
  <attribute name="Output I" value="200"/>
  <attribute name="Output T" value="1"/>
  <attribute name="Target GC Util Change" value ="20.000000" />
  <attribute name="Current GC Util Change" value="20.000000"/>
  <attribute name="GC Util currently" value="20" />
  <attribute name="CPU Util currently" value="296742241815" />
<allocation-satisfied id="593" threadId="00000000015BE700" bytesRequested="24" />
<af-end id="594" timestamp="2019-06-14T20:52:21.785" threadId="00000000015BF088" success="true" from="nursery"/>
<exclusive-end id="595" timestamp="2019-06-14T20:52:21.785" durationms="2.576" />

<exclusive-start id="596" timestamp="2019-06-14T20:52:21.801" intervalms="18.631">
  <response-info timems="0.029" idlems="0.029" threads="0" lastid="00000000015BE700" lastname="main" />
</exclusive-start>
<af-start id="597" threadId="00000000015BF088" totalBytesRequested="32" timestamp="2019-06-14T20:52:21.801" intervalms="18.677" type="nursery" />
<cycle-start id="598" type="scavenge" contextid="0" timestamp="2019-06-14T20:52:21.801" intervalms="18.754" />
<gc-start id="599" type="scavenge" contextid="598" timestamp="2019-06-14T20:52:21.801">
  <mem-info id="600" free="613864" total="9568256" percent="6">
    <mem type="nursery" free="0" total="3276800" percent="0">
      <mem type="allocate" free="0" total="2162688" percent="0" />
      <mem type="survivor" free="0" total="1114112" percent="0" />
    </mem>
    <mem type="tenure" free="613864" total="6291456" percent="9">
      <mem type="soa" free="299496" total="5977088" percent="5" />
      <mem type="loa" free="314368" total="314368" percent="100" />
    </mem>
    <remembered-set count="761" />
  </mem-info>
</gc-start>
<allocation-stats totalBytes="1953256" >
  <allocated-bytes non-tlh="2256" tlh="1951000" />
  <largest-consumer threadName="main" threadId="00000000015BE700" bytes="1953256" />
</allocation-stats>
<gc-op id="601" type="scavenge" timems="1.600" contextid="598" timestamp="2019-06-14T20:52:21.803">
  <scavenger-info tenureage="3" tenuremask="ffe8" tiltratio="66" />
  <memory-copied type="nursery" objects="5487" bytes="213920" bytesdiscarded="26312" />
  <memory-copied type="tenure" objects="1159" bytes="39696" bytesdiscarded="16" />
  <references type="weak" candidates="38" cleared="0" enqueued="0" />
</gc-op>
<heap-resize id="602" type="expand" space="nursery" amount="262144" count="1" timems="0.013" reason="excessive time being spent scavenging" timestamp="2019-06-14T20:52:21.804" />
<gc-end id="603" type="scavenge" contextid="598" durationms="2.378" usertimems="4.000" systemtimems="0.000" timestamp="2019-06-14T20:52:21.804" activeThreads="4">
  <mem-info id="604" free="2759272" total="9830400" percent="28">
    <mem type="nursery" free="2184576" total="3538944" percent="61">
      <mem type="allocate" free="2184576" total="2424832" percent="90" />
      <mem type="survivor" free="0" total="1114112" percent="0" />
    </mem>
    <mem type="tenure" free="574696" total="6291456" percent="9">
      <mem type="soa" free="260328" total="5977088" percent="4" />
      <mem type="loa" free="314368" total="314368" percent="100" />
    </mem>
    <remembered-set count="656" />
  </mem-info>
</gc-end>
<cycle-end id="605" type="scavenge" contextid="598" timestamp="2019-06-14T20:52:21.804" />
  <attribute name="elasticGC enabled" value="1" />
  <attribute name= "numThreadsSpecified" value="4" />
  <attribute name="heapSize specified" value="0" />
  <attribute name="Current GC Util" value="6" />
  <attribute name= "Current Time Running" value="6120" />
  <attribute name ="GC Interval" value="200" />
  <attribute name="ProportionalT" value="-7.000000" />
  <attribute name="ProportionalI" value="-7.000000" />
  <attribute name="ProportionalH" value="-7.000000" />
  <attribute name="Current Error" value="-14.000000" />
  <attribute name="IntegralT" value="-266.000000" />
  <attribute name="IntegralI" value="-266.000000" />
  <attribute name="IntegralH" value="-266.000000" />
  <attribute name="DerivativeT" value="-0.368421" />
  <attribute name="DerivativeI" value="-0.368421" />
  <attribute name="DerivativeH" value="-0.368421" />
  <attribute name="Loop Time for DT" value="19.000000" />
  <attribute name="Output H" value="2092630016"/>
  <attribute name="Output I" value="200"/>
  <attribute name="Output T" value="4"/>
  <attribute name="Target GC Util Change" value ="20.000000" />
  <attribute name="Current GC Util Change" value="6.000000"/>
  <attribute name="GC Util currently" value="6" />
  <attribute name="CPU Util currently" value="244249084567" />
<allocation-satisfied id="606" threadId="00000000015BE700" bytesRequested="32" />
<af-end id="607" timestamp="2019-06-14T20:52:21.804" threadId="00000000015BF088" success="true" from="nursery"/>
<exclusive-end id="608" timestamp="2019-06-14T20:52:21.804" durationms="3.357" />

<exclusive-start id="609" timestamp="2019-06-14T20:52:21.818" intervalms="16.933">
  <response-info timems="0.152" idlems="0.152" threads="0" lastid="00000000015BE700" lastname="main" />
</exclusive-start>
<af-start id="610" threadId="00000000015BF088" totalBytesRequested="32" timestamp="2019-06-14T20:52:21.818" intervalms="16.932" type="nursery" />
<cycle-start id="611" type="scavenge" contextid="0" timestamp="2019-06-14T20:52:21.818" intervalms="16.947" />
<gc-start id="612" type="scavenge" contextid="611" timestamp="2019-06-14T20:52:21.818">
  <mem-info id="613" free="574696" total="9830400" percent="5">
    <mem type="nursery" free="0" total="3538944" percent="0">
      <mem type="allocate" free="0" total="2424832" percent="0" />
      <mem type="survivor" free="0" total="1114112" percent="0" />
    </mem>
    <mem type="tenure" free="574696" total="6291456" percent="9">
      <mem type="soa" free="260328" total="5977088" percent="4" />
      <mem type="loa" free="314368" total="314368" percent="100" />
    </mem>
    <remembered-set count="984" />
  </mem-info>
</gc-start>
<allocation-stats totalBytes="2184328" >
  <allocated-bytes non-tlh="32" tlh="2184296" />
  <largest-consumer threadName="main" threadId="00000000015BE700" bytes="2184328" />
</allocation-stats>
<gc-op id="614" type="scavenge" timems="1.740" contextid="611" timestamp="2019-06-14T20:52:21.820">
  <scavenger-info tenureage="3" tenuremask="ffe8" tiltratio="68" />
  <memory-copied type="nursery" objects="7703" bytes="304424" bytesdiscarded="48072" />
  <memory-copied type="tenure" objects="1356" bytes="50328" bytesdiscarded="40" />
  <references type="weak" candidates="38" cleared="0" enqueued="0" />
</gc-op>
<heap-resize id="615" type="expand" space="nursery" amount="262144" count="1" timems="0.013" reason="excessive time being spent scavenging" timestamp="2019-06-14T20:52:21.820" />
<gc-end id="616" type="scavenge" contextid="611" durationms="2.386" usertimems="4.000" systemtimems="0.000" timestamp="2019-06-14T20:52:21.821" activeThreads="4">
  <mem-info id="617" free="3027432" total="10092544" percent="29">
    <mem type="nursery" free="2531072" total="3801088" percent="66">
      <mem type="allocate" free="2531072" total="2883584" percent="87" />
      <mem type="survivor" free="0" total="917504" percent="0" />
    </mem>
    <mem type="tenure" free="496360" total="6291456" percent="7">
      <mem type="soa" free="181992" total="5977088" percent="3" />
      <mem type="loa" free="314368" total="314368" percent="100" />
    </mem>
    <remembered-set count="805" />
  </mem-info>
</gc-end>
<cycle-end id="618" type="scavenge" contextid="611" timestamp="2019-06-14T20:52:21.821" />
  <attribute name="elasticGC enabled" value="1" />
  <attribute name= "numThreadsSpecified" value="4" />
  <attribute name="heapSize specified" value="0" />
  <attribute name="Current GC Util" value="16" />
  <attribute name= "Current Time Running" value="6137" />
  <attribute name ="GC Interval" value="200" />
  <attribute name="ProportionalT" value="-2.000000" />
  <attribute name="ProportionalI" value="-2.000000" />
  <attribute name="ProportionalH" value="-2.000000" />
  <attribute name="Current Error" value="-4.000000" />
  <attribute name="IntegralT" value="-68.000000" />
  <attribute name="IntegralI" value="-68.000000" />
  <attribute name="IntegralH" value="-68.000000" />
  <attribute name="DerivativeT" value="-0.117647" />
  <attribute name="DerivativeI" value="-0.117647" />
  <attribute name="DerivativeH" value="-0.117647" />
  <attribute name="Loop Time for DT" value="17.000000" />
  <attribute name="Output H" value="2092630016"/>
  <attribute name="Output I" value="200"/>
  <attribute name="Output T" value="4"/>
  <attribute name="Target GC Util Change" value ="20.000000" />
  <attribute name="Current GC Util Change" value="16.000000"/>
  <attribute name="GC Util currently" value="16" />
  <attribute name="CPU Util currently" value="274638875735" />
<allocation-satisfied id="619" threadId="00000000015BE700" bytesRequested="32" />
<af-end id="620" timestamp="2019-06-14T20:52:21.821" threadId="00000000015BF088" success="true" from="nursery"/>
<exclusive-end id="621" timestamp="2019-06-14T20:52:21.821" durationms="3.251" />

<concurrent-kickoff id="622" timestamp="2019-06-14T20:52:21.841">
  <kickoff reason="threshold reached" targetBytes="1867303" thresholdFreeBytes="258463"  remainingFree="179968" tenureFreeBytes="494312" nurseryFreeBytes="179968" />
</concurrent-kickoff>
<exclusive-start id="623" timestamp="2019-06-14T20:52:21.841" intervalms="23.705">
  <response-info timems="0.027" idlems="0.027" threads="0" lastid="00000000015BE700" lastname="main" />
</exclusive-start>
<cycle-start id="624" type="global" contextid="0" timestamp="2019-06-14T20:52:21.842" intervalms="6307.003" />
<exclusive-end id="625" timestamp="2019-06-14T20:52:21.842" durationms="0.355" />

<exclusive-start id="626" timestamp="2019-06-14T20:52:21.848" intervalms="6.951">
  <response-info timems="0.024" idlems="0.024" threads="0" lastid="00000000015BE700" lastname="main" />
</exclusive-start>
<af-start id="627" threadId="00000000015BF088" totalBytesRequested="432" timestamp="2019-06-14T20:52:21.849" intervalms="30.597" type="nursery" />
<percolate-collect id="628" from="nursery" to="global" reason="concurrent mark exhausted" timestamp="2019-06-14T20:52:21.849"/>
<gc-start id="629" type="global" contextid="624" timestamp="2019-06-14T20:52:21.849">
  <mem-info id="630" free="494192" total="10092544" percent="4">
    <mem type="nursery" free="0" total="3801088" percent="0">
      <mem type="allocate" free="0" total="2883584" percent="0" />
      <mem type="survivor" free="0" total="917504" percent="0" />
    </mem>
    <mem type="tenure" free="494192" total="6291456" percent="7">
      <mem type="soa" free="179824" total="5977088" percent="3" />
      <mem type="loa" free="314368" total="314368" percent="100" />
    </mem>
    <remembered-set count="1115" />
  </mem-info>
</gc-start>
<allocation-stats totalBytes="2531616" >
  <allocated-bytes non-tlh="2200" tlh="2529416" />
  <largest-consumer threadName="main" threadId="00000000015BE700" bytes="2531616" />
</allocation-stats>
<concurrent-halted id="631" timestamp="2019-06-14T20:52:21.849">
  <halted state="Complete" status="exhausted" />
  <traced bytesTarget="1867303" bytesTotal="1743368" bytesByMutator="243080" bytesByHelper="1500288" percent="93" />
  <cards cleaned="2" thresholdBytes="101818" />
</concurrent-halted>
<gc-op id="632" type="rs-scan" timems="0.978" contextid="624" timestamp="2019-06-14T20:52:21.850">
  <scan objectsFound="130" bytesTraced="14340" workStackOverflowCount="0" />
</gc-op>
<gc-op id="633" type="card-cleaning" timems="0.592" contextid="624" timestamp="2019-06-14T20:52:21.851">
  <card-cleaning cardsCleaned="0" bytesTraced="6436" workStackOverflowCount="0" />
</gc-op>
<gc-op id="634" type="mark" timems="5.336" contextid="624" timestamp="2019-06-14T20:52:21.856">
  <trace-info objectcount="18265" scancount="16420" scanbytes="629028" />
  <finalization candidates="80" enqueued="0" />
  <ownableSynchronizers candidates="21" cleared="0" />
  <references type="soft" candidates="1095" cleared="0" enqueued="0" dynamicThreshold="32" maxThreshold="32" />
  <references type="weak" candidates="3845" cleared="76" enqueued="38" />
  <references type="phantom" candidates="72" cleared="0" enqueued="0" />
  <stringconstants candidates="7862" cleared="0"  />
</gc-op>
<gc-op id="635" type="classunload" timems="0.117" contextid="624" timestamp="2019-06-14T20:52:21.856">
  <classunload-info classloadercandidates="12" classloadersunloaded="0" classesunloaded="0" anonymousclassesunloaded="0" quiescems="0.000" setupms="0.116" scanms="0.000" postms="0.001" />
</gc-op>
<gc-op id="636" type="sweep" timems="1.876" contextid="624" timestamp="2019-06-14T20:52:21.859" />
<mem-info id="637" free="4163120" total="10092544" percent="41">
  <mem type="nursery" free="2085184" total="3801088" percent="54">
    <mem type="allocate" free="2085184" total="2883584" percent="72" />
    <mem type="survivor" free="0" total="917504" percent="0" />
  </mem>
  <mem type="tenure" free="2077936" total="6291456" percent="33" micro-fragmented="127725" macro-fragmented="0">
    <mem type="soa" free="1763568" total="5977088" percent="29" />
    <mem type="loa" free="314368" total="314368" percent="100" />
  </mem>
  <pending-finalizers system="0" default="0" reference="38" classloader="0" />
  <remembered-set count="445" />
</mem-info>
<gc-op id="638" type="compact" timems="20.051" contextid="624" timestamp="2019-06-14T20:52:21.879">
  <compact-info movecount="77196" movebytes="4469352" reason="compact to aid heap contraction" />
</gc-op>
<heap-resize id="639" type="contract" space="tenure" amount="262144" count="1" timems="0.168" reason="heap reconfiguration" timestamp="2019-06-14T20:52:21.880" />
<gc-end id="640" type="global" contextid="624" durationms="30.977" usertimems="32.000" systemtimems="4.000" timestamp="2019-06-14T20:52:21.880" activeThreads="4">
  <mem-info id="641" free="4223688" total="9830400" percent="42">
    <mem type="nursery" free="2291448" total="3801088" percent="60">
      <mem type="allocate" free="2291448" total="2883584" percent="79" />
      <mem type="survivor" free="0" total="917504" percent="0" />
    </mem>
    <mem type="tenure" free="1932240" total="6029312" percent="32">
      <mem type="soa" free="1683408" total="5728256" percent="29" />
      <mem type="loa" free="248832" total="301056" percent="82" />
    </mem>
    <pending-finalizers system="0" default="0" reference="38" classloader="0" />
    <remembered-set count="445" />
  </mem-info>
</gc-end>
<cycle-end id="642" type="global" contextid="624" timestamp="2019-06-14T20:52:21.880" />
  <attribute name="elasticGC enabled" value="1" />
  <attribute name= "numThreadsSpecified" value="4" />
  <attribute name="heapSize specified" value="10092544" />
  <attribute name="Current GC Util" value="47" />
  <attribute name= "Current Time Running" value="6198" />
  <attribute name ="GC Interval" value="200" />
  <attribute name="ProportionalT" value="13.500000" />
  <attribute name="ProportionalI" value="13.500000" />
  <attribute name="ProportionalH" value="13.500000" />
  <attribute name="Current Error" value="27.000000" />
  <attribute name="IntegralT" value="540.000000" />
  <attribute name="IntegralI" value="540.000000" />
  <attribute name="IntegralH" value="540.000000" />
  <attribute name="DerivativeT" value="-0.525000" />
  <attribute name="DerivativeI" value="-0.525000" />
  <attribute name="DerivativeH" value="-0.525000" />
  <attribute name="Loop Time for DT" value="20.000000" />
  <attribute name="Output H" value="8388608"/>
  <attribute name="Output I" value="552"/>
  <attribute name="Output T" value="4"/>
  <attribute name="Target GC Util Change" value ="20.000000" />
  <attribute name="Current GC Util Change" value="47.000000"/>
  <attribute name="GC Util currently" value="47" />
  <attribute name="CPU Util currently" value="228647224393" />
<allocation-satisfied id="643" threadId="00000000015BE700" bytesRequested="432" />
<af-end id="644" timestamp="2019-06-14T20:52:21.880" threadId="00000000015BF088" success="true" from="nursery"/>
<exclusive-end id="645" timestamp="2019-06-14T20:52:21.880" durationms="31.639" />

<exclusive-start id="646" timestamp="2019-06-14T20:52:21.937" intervalms="89.054">
  <response-info timems="0.028" idlems="0.028" threads="0" lastid="00000000015BE700" lastname="main" />
</exclusive-start>
<af-start id="647" threadId="00000000015BF088" totalBytesRequested="1096" timestamp="2019-06-14T20:52:21.938" intervalms="89.072" type="nursery" />
<cycle-start id="648" type="scavenge" contextid="0" timestamp="2019-06-14T20:52:21.938" intervalms="119.623" />
<gc-start id="649" type="scavenge" contextid="648" timestamp="2019-06-14T20:52:21.938">
  <mem-info id="650" free="1903448" total="9830400" percent="19">
    <mem type="nursery" free="0" total="3801088" percent="0">
      <mem type="allocate" free="0" total="2883584" percent="0" />
      <mem type="survivor" free="0" total="917504" percent="0" />
    </mem>
    <mem type="tenure" free="1903448" total="6029312" percent="31">
      <mem type="soa" free="1654616" total="5728256" percent="28" />
      <mem type="loa" free="248832" total="301056" percent="82" />
    </mem>
    <remembered-set count="643" />
  </mem-info>
</gc-start>
<allocation-stats totalBytes="2319800" >
  <allocated-bytes non-tlh="29224" tlh="2290576" />
  <largest-consumer threadName="main" threadId="00000000015BE700" bytes="2315704" />
</allocation-stats>
<gc-op id="651" type="scavenge" timems="1.066" contextid="648" timestamp="2019-06-14T20:52:21.939">
  <scavenger-info tenureage="3" tenuremask="ffe8" tiltratio="75" />
  <memory-copied type="nursery" objects="9373" bytes="408704" bytesdiscarded="69656" />
  <memory-copied type="tenure" objects="1445" bytes="65904" bytesdiscarded="8" />
  <ownableSynchronizers candidates="42" cleared="42" />
  <references type="soft" candidates="11" cleared="0" enqueued="0" dynamicThreshold="10" maxThreshold="32" />
  <references type="weak" candidates="44" cleared="0" enqueued="0" />
</gc-op>
<gc-end id="652" type="scavenge" contextid="648" durationms="1.357" usertimems="4.000" systemtimems="0.000" timestamp="2019-06-14T20:52:21.939" activeThreads="4">
  <mem-info id="653" free="4322176" total="9830400" percent="43">
    <mem type="nursery" free="2536232" total="3801088" percent="66">
      <mem type="allocate" free="2536232" total="3014656" percent="84" />
      <mem type="survivor" free="0" total="786432" percent="0" />
    </mem>
    <mem type="tenure" free="1785944" total="6029312" percent="29">
      <mem type="soa" free="1537112" total="5728256" percent="26" />
      <mem type="loa" free="248832" total="301056" percent="82" />
    </mem>
    <remembered-set count="596" />
  </mem-info>
</gc-end>
<cycle-end id="654" type="scavenge" contextid="648" timestamp="2019-06-14T20:52:21.939" />
  <attribute name="elasticGC enabled" value="1" />
  <attribute name= "numThreadsSpecified" value="4" />
  <attribute name="heapSize specified" value="10092544" />
  <attribute name="Current GC Util" value="56" />
  <attribute name= "Current Time Running" value="6256" />
  <attribute name ="GC Interval" value="2112" />
  <attribute name="ProportionalT" value="18.000000" />
  <attribute name="ProportionalI" value="18.000000" />
  <attribute name="ProportionalH" value="18.000000" />
  <attribute name="Current Error" value="36.000000" />
  <attribute name="IntegralT" value="2088.000000" />
  <attribute name="IntegralI" value="2088.000000" />
  <attribute name="IntegralH" value="2088.000000" />
  <attribute name="DerivativeT" value="0.077586" />
  <attribute name="DerivativeI" value="0.077586" />
  <attribute name="DerivativeH" value="0.077586" />
  <attribute name="Loop Time for DT" value="58.000000" />
  <attribute name="Output H" value="8388608"/>
  <attribute name="Output I" value="2112"/>
  <attribute name="Output T" value="4"/>
  <attribute name="Target GC Util Change" value ="20.000000" />
  <attribute name="Current GC Util Change" value="56.000000"/>
  <attribute name="GC Util currently" value="56" />
  <attribute name="CPU Util currently" value="78611219798" />
<allocation-satisfied id="655" threadId="00000000015BE700" bytesRequested="1096" />
<af-end id="656" timestamp="2019-06-14T20:52:21.939" threadId="00000000015BF088" success="true" from="nursery"/>
<exclusive-end id="657" timestamp="2019-06-14T20:52:21.939" durationms="1.969" />

<exclusive-start id="658" timestamp="2019-06-14T20:52:21.994" intervalms="56.144">
  <response-info timems="0.064" idlems="0.064" threads="0" lastid="00000000015BE700" lastname="main" />
</exclusive-start>
<af-start id="659" threadId="00000000015BF088" totalBytesRequested="32" timestamp="2019-06-14T20:52:21.994" intervalms="56.153" type="nursery" />
<cycle-start id="660" type="scavenge" contextid="0" timestamp="2019-06-14T20:52:21.994" intervalms="56.155" />
<gc-start id="661" type="scavenge" contextid="660" timestamp="2019-06-14T20:52:21.994">
  <mem-info id="662" free="1757200" total="9830400" percent="17">
    <mem type="nursery" free="0" total="3801088" percent="0">
      <mem type="allocate" free="0" total="3014656" percent="0" />
      <mem type="survivor" free="0" total="786432" percent="0" />
    </mem>
    <mem type="tenure" free="1757200" total="6029312" percent="29">
      <mem type="soa" free="1508368" total="5728256" percent="26" />
      <mem type="loa" free="248832" total="301056" percent="82" />
    </mem>
    <remembered-set count="1052" />
  </mem-info>
</gc-start>
<allocation-stats totalBytes="2564032" >
  <allocated-bytes non-tlh="229848" tlh="2334184" />
  <largest-consumer threadName="main" threadId="00000000015BE700" bytes="2564032" />
</allocation-stats>
<gc-op id="663" type="scavenge" timems="1.164" contextid="660" timestamp="2019-06-14T20:52:21.995">
  <scavenger-info tenureage="5" tenuremask="ffe0" tiltratio="79" />
  <memory-copied type="nursery" objects="10453" bytes="786072" bytesdiscarded="176" />
  <memory-copied type="tenure" objects="7378" bytes="283960" bytesdiscarded="88" />
  <copy-failed type="nursery" objects="7398" bytes="284960" />
  <references type="soft" candidates="214" cleared="0" enqueued="0" dynamicThreshold="10" maxThreshold="32" />
  <references type="weak" candidates="348" cleared="18" enqueued="12" />
  <references type="phantom" candidates="1" cleared="0" enqueued="0" />
</gc-op>
<gc-end id="664" type="scavenge" contextid="660" durationms="1.500" usertimems="4.000" systemtimems="0.000" timestamp="2019-06-14T20:52:21.996" activeThreads="4">
  <mem-info id="665" free="2474256" total="9830400" percent="25">
    <mem type="nursery" free="1114112" total="3801088" percent="29">
      <mem type="allocate" free="1114112" total="1900544" percent="58" />
      <mem type="survivor" free="0" total="1900544" percent="0" />
    </mem>
    <mem type="tenure" free="1360144" total="6029312" percent="22">
      <mem type="soa" free="1111312" total="5728256" percent="19" />
      <mem type="loa" free="248832" total="301056" percent="82" />
    </mem>
    <pending-finalizers system="0" default="0" reference="12" classloader="0" />
    <remembered-set count="2903" />
  </mem-info>
</gc-end>
<cycle-end id="666" type="scavenge" contextid="660" timestamp="2019-06-14T20:52:21.996" />
  <attribute name="elasticGC enabled" value="1" />
  <attribute name= "numThreadsSpecified" value="4" />
  <attribute name="heapSize specified" value="10092544" />
  <attribute name="Current GC Util" value="2" />
  <attribute name= "Current Time Running" value="6313" />
  <attribute name ="GC Interval" value="200" />
  <attribute name="ProportionalT" value="-9.000000" />
  <attribute name="ProportionalI" value="-9.000000" />
  <attribute name="ProportionalH" value="-9.000000" />
  <attribute name="Current Error" value="-18.000000" />
  <attribute name="IntegralT" value="-1026.000000" />
  <attribute name="IntegralI" value="-1026.000000" />
  <attribute name="IntegralH" value="-1026.000000" />
  <attribute name="DerivativeT" value="-0.473684" />
  <attribute name="DerivativeI" value="-0.473684" />
  <attribute name="DerivativeH" value="-0.473684" />
  <attribute name="Loop Time for DT" value="57.000000" />
  <attribute name="Output H" value="2092630016"/>
  <attribute name="Output I" value="200"/>
  <attribute name="Output T" value="4"/>
  <attribute name="Target GC Util Change" value ="20.000000" />
  <attribute name="Current GC Util Change" value="2.000000"/>
  <attribute name="GC Util currently" value="2" />
  <attribute name="CPU Util currently" value="82108098704" />
<allocation-satisfied id="667" threadId="00000000015BE700" bytesRequested="32" />
<af-end id="668" timestamp="2019-06-14T20:52:21.996" threadId="00000000015BF088" success="true" from="nursery"/>
<exclusive-end id="669" timestamp="2019-06-14T20:52:21.996" durationms="2.238" />

<exclusive-start id="670" timestamp="2019-06-14T20:52:21.999" intervalms="5.835">
  <response-info timems="0.027" idlems="0.027" threads="0" lastid="00000000015BE700" lastname="main" />
</exclusive-start>
<af-start id="671" threadId="00000000015BF088" totalBytesRequested="40" timestamp="2019-06-14T20:52:22.000" intervalms="5.762" type="nursery" />
<cycle-start id="672" type="scavenge" contextid="0" timestamp="2019-06-14T20:52:22.000" intervalms="5.714" />
<gc-start id="673" type="scavenge" contextid="672" timestamp="2019-06-14T20:52:22.000">
  <mem-info id="674" free="1360144" total="9830400" percent="13">
    <mem type="nursery" free="0" total="3801088" percent="0">
      <mem type="allocate" free="0" total="1900544" percent="0" />
      <mem type="survivor" free="0" total="1900544" percent="0" />
    </mem>
    <mem type="tenure" free="1360144" total="6029312" percent="22">
      <mem type="soa" free="1111312" total="5728256" percent="19" />
      <mem type="loa" free="248832" total="301056" percent="82" />
    </mem>
    <remembered-set count="2905" />
  </mem-info>
</gc-start>
<allocation-stats totalBytes="1113952" >
  <allocated-bytes non-tlh="32" tlh="1113920" />
  <largest-consumer threadName="main" threadId="00000000015BE700" bytes="1109856" />
</allocation-stats>
<gc-op id="675" type="scavenge" timems="0.739" contextid="672" timestamp="2019-06-14T20:52:22.001">
  <scavenger-info tenureage="2" tenuremask="fffc" tiltratio="50" />
  <memory-copied type="nursery" objects="9090" bytes="684184" bytesdiscarded="271704" />
  <memory-copied type="tenure" objects="3560" bytes="185880" bytesdiscarded="16" />
  <references type="soft" candidates="213" cleared="0" enqueued="0" dynamicThreshold="10" maxThreshold="32" />
  <references type="weak" candidates="309" cleared="0" enqueued="0" />
  <references type="phantom" candidates="1" cleared="0" enqueued="0" />
</gc-op>
<gc-end id="676" type="scavenge" contextid="672" durationms="0.932" usertimems="0.000" systemtimems="0.000" timestamp="2019-06-14T20:52:22.001" activeThreads="4">
  <mem-info id="677" free="2279144" total="9830400" percent="23">
    <mem type="nursery" free="1075632" total="3801088" percent="28">
      <mem type="allocate" free="1075632" total="2031616" percent="52" />
      <mem type="survivor" free="0" total="1769472" percent="0" />
    </mem>
    <mem type="tenure" free="1203512" total="6029312" percent="19">
      <mem type="soa" free="954680" total="5728256" percent="16" />
      <mem type="loa" free="248832" total="301056" percent="82" />
    </mem>
    <remembered-set count="1315" />
  </mem-info>
</gc-end>
<cycle-end id="678" type="scavenge" contextid="672" timestamp="2019-06-14T20:52:22.001" />
  <attribute name="elasticGC enabled" value="1" />
  <attribute name= "numThreadsSpecified" value="4" />
  <attribute name="heapSize specified" value="10092544" />
  <attribute name="Current GC Util" value="46" />
  <attribute name= "Current Time Running" value="6318" />
  <attribute name ="GC Interval" value="200" />
  <attribute name="ProportionalT" value="13.000000" />
  <attribute name="ProportionalI" value="13.000000" />
  <attribute name="ProportionalH" value="13.000000" />
  <attribute name="Current Error" value="26.000000" />
  <attribute name="IntegralT" value="130.000000" />
  <attribute name="IntegralI" value="130.000000" />
  <attribute name="IntegralH" value="130.000000" />
  <attribute name="DerivativeT" value="2.600000" />
  <attribute name="DerivativeI" value="2.600000" />
  <attribute name="DerivativeH" value="2.600000" />
  <attribute name="Loop Time for DT" value="5.000000" />
  <attribute name="Output H" value="8388608"/>
  <attribute name="Output I" value="200"/>
  <attribute name="Output T" value="4"/>
  <attribute name="Target GC Util Change" value ="20.000000" />
  <attribute name="Current GC Util Change" value="46.000000"/>
  <attribute name="GC Util currently" value="46" />
  <attribute name="CPU Util currently" value="830381278426" />
<allocation-satisfied id="679" threadId="00000000015BE700" bytesRequested="40" />
<af-end id="680" timestamp="2019-06-14T20:52:22.001" threadId="00000000015BF088" success="true" from="nursery"/>
<exclusive-end id="681" timestamp="2019-06-14T20:52:22.001" durationms="1.407" />

<exclusive-start id="682" timestamp="2019-06-14T20:52:22.004" intervalms="5.027">
  <response-info timems="0.026" idlems="0.026" threads="0" lastid="00000000015BE700" lastname="main" />
</exclusive-start>
<af-start id="683" threadId="00000000015BF088" totalBytesRequested="24" timestamp="2019-06-14T20:52:22.005" intervalms="5.065" type="nursery" />
<cycle-start id="684" type="scavenge" contextid="0" timestamp="2019-06-14T20:52:22.005" intervalms="5.104" />
<gc-start id="685" type="scavenge" contextid="684" timestamp="2019-06-14T20:52:22.005">
  <mem-info id="686" free="1203512" total="9830400" percent="12">
    <mem type="nursery" free="0" total="3801088" percent="0">
      <mem type="allocate" free="0" total="2031616" percent="0" />
      <mem type="survivor" free="0" total="1769472" percent="0" />
    </mem>
    <mem type="tenure" free="1203512" total="6029312" percent="19">
      <mem type="soa" free="954680" total="5728256" percent="16" />
      <mem type="loa" free="248832" total="301056" percent="82" />
    </mem>
    <remembered-set count="1315" />
  </mem-info>
</gc-start>
<allocation-stats totalBytes="1075424" >
  <allocated-bytes non-tlh="40" tlh="1075384" />
  <largest-consumer threadName="main" threadId="00000000015BE700" bytes="1075424" />
</allocation-stats>
<gc-op id="687" type="scavenge" timems="0.878" contextid="684" timestamp="2019-06-14T20:52:22.006">
  <scavenger-info tenureage="2" tenuremask="ffc4" tiltratio="53" />
  <memory-copied type="nursery" objects="4309" bytes="163312" bytesdiscarded="102416" />
  <memory-copied type="tenure" objects="6790" bytes="596888" bytesdiscarded="48" />
</gc-op>
<heap-resize id="688" type="expand" space="nursery" amount="393216" count="1" timems="0.015" reason="excessive time being spent scavenging" timestamp="2019-06-14T20:52:22.006" />
<gc-end id="689" type="scavenge" contextid="684" durationms="1.336" usertimems="4.000" systemtimems="0.000" timestamp="2019-06-14T20:52:22.006" activeThreads="4">
  <mem-info id="690" free="2638816" total="10223616" percent="25">
    <mem type="nursery" free="2159104" total="4194304" percent="51">
      <mem type="allocate" free="2159104" total="2424832" percent="89" />
      <mem type="survivor" free="0" total="1769472" percent="0" />
    </mem>
    <mem type="tenure" free="479712" total="6029312" percent="7">
      <mem type="soa" free="230880" total="5728256" percent="4" />
      <mem type="loa" free="248832" total="301056" percent="82" />
    </mem>
    <remembered-set count="459" />
  </mem-info>
</gc-end>
<cycle-end id="691" type="scavenge" contextid="684" timestamp="2019-06-14T20:52:22.006" />
  <attribute name="elasticGC enabled" value="1" />
  <attribute name= "numThreadsSpecified" value="4" />
  <attribute name="heapSize specified" value="10092544" />
  <attribute name="Current GC Util" value="41" />
  <attribute name= "Current Time Running" value="6323" />
  <attribute name ="GC Interval" value="200" />
  <attribute name="ProportionalT" value="10.500000" />
  <attribute name="ProportionalI" value="10.500000" />
  <attribute name="ProportionalH" value="10.500000" />
  <attribute name="Current Error" value="21.000000" />
  <attribute name="IntegralT" value="105.000000" />
  <attribute name="IntegralI" value="105.000000" />
  <attribute name="IntegralH" value="105.000000" />
  <attribute name="DerivativeT" value="-0.500000" />
  <attribute name="DerivativeI" value="-0.500000" />
  <attribute name="DerivativeH" value="-0.500000" />
  <attribute name="Loop Time for DT" value="5.000000" />
  <attribute name="Output H" value="8388608"/>
  <attribute name="Output I" value="200"/>
  <attribute name="Output T" value="4"/>
  <attribute name="Target GC Util Change" value ="20.000000" />
  <attribute name="Current GC Util Change" value="41.000000"/>
  <attribute name="GC Util currently" value="41" />
  <attribute name="CPU Util currently" value="886110864214" />
<allocation-satisfied id="692" threadId="00000000015BE700" bytesRequested="24" />
<af-end id="693" timestamp="2019-06-14T20:52:22.006" threadId="00000000015BF088" success="true" from="nursery"/>
<exclusive-end id="694" timestamp="2019-06-14T20:52:22.006" durationms="1.909" />

<concurrent-kickoff id="695" timestamp="2019-06-14T20:52:22.015">
  <kickoff reason="threshold reached" targetBytes="1757277" thresholdFreeBytes="243761"  remainingFree="172544" tenureFreeBytes="477368" nurseryFreeBytes="172544" />
</concurrent-kickoff>
<exclusive-start id="696" timestamp="2019-06-14T20:52:22.015" intervalms="10.647">
  <response-info timems="0.058" idlems="0.058" threads="0" lastid="00000000015BE700" lastname="main" />
</exclusive-start>
<cycle-start id="697" type="global" contextid="0" timestamp="2019-06-14T20:52:22.015" intervalms="173.526" />
<exclusive-end id="698" timestamp="2019-06-14T20:52:22.015" durationms="0.191" />

<exclusive-start id="699" timestamp="2019-06-14T20:52:22.016" intervalms="1.238">
  <response-info timems="0.023" idlems="0.023" threads="0" lastid="00000000015BE700" lastname="main" />
</exclusive-start>
<af-start id="700" threadId="00000000015BF088" totalBytesRequested="32" timestamp="2019-06-14T20:52:22.016" intervalms="11.890" type="nursery" />
<cycle-start id="701" type="scavenge" contextid="0" timestamp="2019-06-14T20:52:22.017" intervalms="11.893" />
<gc-start id="702" type="scavenge" contextid="701" timestamp="2019-06-14T20:52:22.017">
  <mem-info id="703" free="477368" total="10223616" percent="4">
    <mem type="nursery" free="0" total="4194304" percent="0">
      <mem type="allocate" free="0" total="2424832" percent="0" />
      <mem type="survivor" free="0" total="1769472" percent="0" />
    </mem>
    <mem type="tenure" free="477368" total="6029312" percent="7">
      <mem type="soa" free="228536" total="5728256" percent="3" />
      <mem type="loa" free="248832" total="301056" percent="82" />
    </mem>
    <remembered-set count="776" />
  </mem-info>
</gc-start>
<allocation-stats totalBytes="2161168" >
  <allocated-bytes non-tlh="2368" tlh="2158800" />
  <largest-consumer threadName="main" threadId="00000000015BE700" bytes="2161168" />
</allocation-stats>
<gc-op id="704" type="scavenge" timems="0.729" contextid="701" timestamp="2019-06-14T20:52:22.018">
  <scavenger-info tenureage="4" tenuremask="fff0" tiltratio="57" />
  <memory-copied type="nursery" objects="7364" bytes="274216" bytesdiscarded="39112" />
  <references type="weak" candidates="18" cleared="0" enqueued="0" />
</gc-op>
<gc-end id="705" type="scavenge" contextid="701" durationms="0.926" usertimems="0.000" systemtimems="0.000" timestamp="2019-06-14T20:52:22.018" activeThreads="4">
  <mem-info id="706" free="2982072" total="10223616" percent="29">
    <mem type="nursery" free="2504704" total="4194304" percent="59">
      <mem type="allocate" free="2504704" total="2818048" percent="88" />
      <mem type="survivor" free="0" total="1376256" percent="0" />
    </mem>
    <mem type="tenure" free="477368" total="6029312" percent="7">
      <mem type="soa" free="228536" total="5728256" percent="3" />
      <mem type="loa" free="248832" total="301056" percent="82" />
    </mem>
    <remembered-set count="769" />
  </mem-info>
</gc-end>
<cycle-end id="707" type="scavenge" contextid="701" timestamp="2019-06-14T20:52:22.018" />
  <attribute name="elasticGC enabled" value="1" />
  <attribute name= "numThreadsSpecified" value="4" />
  <attribute name="heapSize specified" value="10092544" />
  <attribute name="Current GC Util" value="15" />
  <attribute name= "Current Time Running" value="6335" />
  <attribute name ="GC Interval" value="200" />
  <attribute name="ProportionalT" value="-2.500000" />
  <attribute name="ProportionalI" value="-2.500000" />
  <attribute name="ProportionalH" value="-2.500000" />
  <attribute name="Current Error" value="-5.000000" />
  <attribute name="IntegralT" value="-60.000000" />
  <attribute name="IntegralI" value="-60.000000" />
  <attribute name="IntegralH" value="-60.000000" />
  <attribute name="DerivativeT" value="-1.083333" />
  <attribute name="DerivativeI" value="-1.083333" />
  <attribute name="DerivativeH" value="-1.083333" />
  <attribute name="Loop Time for DT" value="12.000000" />
  <attribute name="Output H" value="2092630016"/>
  <attribute name="Output I" value="200"/>
  <attribute name="Output T" value="4"/>
  <attribute name="Target GC Util Change" value ="20.000000" />
  <attribute name="Current GC Util Change" value="15.000000"/>
  <attribute name="GC Util currently" value="15" />
  <attribute name="CPU Util currently" value="389045942034" />
<allocation-satisfied id="708" threadId="00000000015BE700" bytesRequested="32" />
<af-end id="709" timestamp="2019-06-14T20:52:22.018" threadId="00000000015BF088" success="true" from="nursery"/>
<exclusive-end id="710" timestamp="2019-06-14T20:52:22.018" durationms="1.553" />

<exclusive-start id="711" timestamp="2019-06-14T20:52:22.037" intervalms="21.010">
  <response-info timems="0.056" idlems="0.056" threads="0" lastid="00000000015BE700" lastname="main" />
</exclusive-start>
<af-start id="712" threadId="00000000015BF088" totalBytesRequested="31064" timestamp="2019-06-14T20:52:22.038" intervalms="21.046" type="nursery" />
<percolate-collect id="713" from="nursery" to="global" reason="concurrent mark exhausted" timestamp="2019-06-14T20:52:22.038"/>
<gc-start id="714" type="global" contextid="697" timestamp="2019-06-14T20:52:22.038">
  <mem-info id="715" free="477160" total="10223616" percent="4">
    <mem type="nursery" free="0" total="4194304" percent="0">
      <mem type="allocate" free="0" total="2818048" percent="0" />
      <mem type="survivor" free="0" total="1376256" percent="0" />
    </mem>
    <mem type="tenure" free="477160" total="6029312" percent="7">
      <mem type="soa" free="228328" total="5728256" percent="3" />
      <mem type="loa" free="248832" total="301056" percent="82" />
    </mem>
    <remembered-set count="916" />
  </mem-info>
</gc-start>
<allocation-stats totalBytes="2472488" >
  <allocated-bytes non-tlh="240" tlh="2472248" />
  <largest-consumer threadName="main" threadId="00000000015BE700" bytes="2472488" />
</allocation-stats>
<concurrent-halted id="716" timestamp="2019-06-14T20:52:22.038">
  <halted state="Complete" status="exhausted" />
  <traced bytesTarget="1757277" bytesTotal="2153980" bytesByMutator="431372" bytesByHelper="1722608" percent="122" />
  <cards cleaned="83" thresholdBytes="96027" />
</concurrent-halted>
<gc-op id="717" type="rs-scan" timems="0.554" contextid="697" timestamp="2019-06-14T20:52:22.039">
  <scan objectsFound="894" bytesTraced="370432" workStackOverflowCount="0" />
</gc-op>
<gc-op id="718" type="card-cleaning" timems="0.140" contextid="697" timestamp="2019-06-14T20:52:22.039">
  <card-cleaning cardsCleaned="0" bytesTraced="5124" workStackOverflowCount="0" />
</gc-op>
<gc-op id="719" type="mark" timems="1.603" contextid="697" timestamp="2019-06-14T20:52:22.040">
  <trace-info objectcount="51" scancount="50" scanbytes="900" />
  <finalization candidates="80" enqueued="0" />
  <ownableSynchronizers candidates="21" cleared="0" />
  <references type="soft" candidates="1319" cleared="0" enqueued="0" dynamicThreshold="10" maxThreshold="32" />
  <references type="weak" candidates="4155" cleared="2" enqueued="1" />
  <references type="phantom" candidates="73" cleared="0" enqueued="0" />
  <stringconstants candidates="8310" cleared="0"  />
</gc-op>
<gc-op id="720" type="sweep" timems="0.317" contextid="697" timestamp="2019-06-14T20:52:22.041" />
<mem-info id="721" free="3852152" total="10223616" percent="37">
  <mem type="nursery" free="2429184" total="4194304" percent="57">
    <mem type="allocate" free="2429184" total="2818048" percent="86" />
    <mem type="survivor" free="0" total="1376256" percent="0" />
  </mem>
  <mem type="tenure" free="1422968" total="6029312" percent="23" micro-fragmented="5389" macro-fragmented="0">
    <mem type="soa" free="1121912" total="5728256" percent="19" />
    <mem type="loa" free="301056" total="301056" percent="100" />
  </mem>
  <pending-finalizers system="0" default="0" reference="1" classloader="0" />
  <remembered-set count="916" />
</mem-info>
<gc-op id="722" type="compact" timems="21.229" contextid="697" timestamp="2019-06-14T20:52:22.062">
  <compact-info movecount="76119" movebytes="4696392" reason="compact to aid heap contraction" />
</gc-op>
<heap-resize id="723" type="expand" space="tenure" amount="2082406400" count="1" timems="0.023" reason="satisfy allocation request" timestamp="2019-06-14T20:52:22.063" />
<gc-end id="724" type="global" contextid="697" durationms="25.004" usertimems="24.000" systemtimems="0.000" timestamp="2019-06-14T20:52:22.063" activeThreads="4">
  <mem-info id="725" free="2086311816" total="2092630016" percent="99">
    <mem type="nursery" free="2471272" total="4194304" percent="58">
      <mem type="allocate" free="2471272" total="2818048" percent="87" />
      <mem type="survivor" free="0" total="1376256" percent="0" />
    </mem>
    <mem type="tenure" free="2083840544" total="2088435712" percent="99">
      <mem type="soa" free="1979419168" total="1984014336" percent="99" />
      <mem type="loa" free="104421376" total="104421376" percent="100" />
    </mem>
    <pending-finalizers system="0" default="0" reference="1" classloader="0" />
    <remembered-set count="916" />
  </mem-info>
</gc-end>
<cycle-end id="726" type="global" contextid="697" timestamp="2019-06-14T20:52:22.063" />
  <attribute name="elasticGC enabled" value="1" />
  <attribute name= "numThreadsSpecified" value="4" />
  <attribute name="heapSize specified" value="10223616" />
  <attribute name="Current GC Util" value="0" />
  <attribute name= "Current Time Running" value="6381" />
  <attribute name ="GC Interval" value="200" />
  <attribute name="ProportionalT" value="-10.000000" />
  <attribute name="ProportionalI" value="-10.000000" />
  <attribute name="ProportionalH" value="-10.000000" />
  <attribute name="Current Error" value="-20.000000" />
  <attribute name="IntegralT" value="-440.000000" />
  <attribute name="IntegralI" value="-440.000000" />
  <attribute name="IntegralH" value="-440.000000" />
  <attribute name="DerivativeT" value="-0.613636" />
  <attribute name="DerivativeI" value="-0.613636" />
  <attribute name="DerivativeH" value="-0.613636" />
  <attribute name="Loop Time for DT" value="22.000000" />
  <attribute name="Output H" value="2092630016"/>
  <attribute name="Output I" value="200"/>
  <attribute name="Output T" value="4"/>
  <attribute name="Target GC Util Change" value ="20.000000" />
  <attribute name="Current GC Util Change" value="0.000000"/>
  <attribute name="GC Util currently" value="0" />
  <attribute name="CPU Util currently" value="216081008307" />
<allocation-satisfied id="727" threadId="00000000015BE700" bytesRequested="31064" />
<af-end id="728" timestamp="2019-06-14T20:52:22.063" threadId="00000000015BF088" success="true" from="nursery"/>
<exclusive-end id="729" timestamp="2019-06-14T20:52:22.063" durationms="25.673" />

<exclusive-start id="730" timestamp="2019-06-14T20:52:22.094" intervalms="56.317">
  <response-info timems="0.021" idlems="0.021" threads="0" lastid="00000000015BE700" lastname="main" />
</exclusive-start>
<af-start id="731" threadId="00000000015BF088" totalBytesRequested="40" timestamp="2019-06-14T20:52:22.094" intervalms="56.257" type="nursery" />
<cycle-start id="732" type="scavenge" contextid="0" timestamp="2019-06-14T20:52:22.094" intervalms="77.263" />
<gc-start id="733" type="scavenge" contextid="732" timestamp="2019-06-14T20:52:22.094">
  <mem-info id="734" free="2083820280" total="2092630016" percent="99">
    <mem type="nursery" free="0" total="4194304" percent="0">
      <mem type="allocate" free="0" total="2818048" percent="0" />
      <mem type="survivor" free="0" total="1376256" percent="0" />
    </mem>
    <mem type="tenure" free="2083820280" total="2088435712" percent="99">
      <mem type="soa" free="1979398904" total="1984014336" percent="99" />
      <mem type="loa" free="104421376" total="104421376" percent="100" />
    </mem>
    <remembered-set count="1223" />
  </mem-info>
</gc-start>
<allocation-stats totalBytes="2490552" >
  <allocated-bytes non-tlh="251336" tlh="2239216" />
  <largest-consumer threadName="main" threadId="00000000015BE700" bytes="2490552" />
</allocation-stats>
<gc-op id="735" type="scavenge" timems="0.845" contextid="732" timestamp="2019-06-14T20:52:22.095">
  <scavenger-info tenureage="3" tenuremask="fff8" tiltratio="67" />
  <memory-copied type="nursery" objects="7911" bytes="326872" bytesdiscarded="187864" />
  <memory-copied type="tenure" objects="2079" bytes="81376" bytesdiscarded="16" />
  <ownableSynchronizers candidates="42" cleared="42" />
  <references type="soft" candidates="83" cleared="0" enqueued="0" dynamicThreshold="31" maxThreshold="32" />
  <references type="weak" candidates="88" cleared="6" enqueued="6" />
</gc-op>
<gc-end id="736" type="scavenge" contextid="732" durationms="1.096" usertimems="0.000" systemtimems="0.000" timestamp="2019-06-14T20:52:22.095" activeThreads="4">
  <mem-info id="737" free="2086210976" total="2092630016" percent="99">
    <mem type="nursery" free="2499752" total="4194304" percent="59">
      <mem type="allocate" free="2499752" total="3014656" percent="82" />
      <mem type="survivor" free="0" total="1179648" percent="0" />
    </mem>
    <mem type="tenure" free="2083711224" total="2088435712" percent="99">
      <mem type="soa" free="1979289848" total="1984014336" percent="99" />
      <mem type="loa" free="104421376" total="104421376" percent="100" />
    </mem>
    <pending-finalizers system="0" default="0" reference="6" classloader="0" />
    <remembered-set count="1094" />
  </mem-info>
</gc-end>
<cycle-end id="738" type="scavenge" contextid="732" timestamp="2019-06-14T20:52:22.095" />
  <attribute name="elasticGC enabled" value="1" />
  <attribute name= "numThreadsSpecified" value="4" />
  <attribute name="heapSize specified" value="10223616" />
  <attribute name="Current GC Util" value="152" />
  <attribute name= "Current Time Running" value="6412" />
  <attribute name ="GC Interval" value="4000" />
  <attribute name="ProportionalT" value="66.000000" />
  <attribute name="ProportionalI" value="66.000000" />
  <attribute name="ProportionalH" value="66.000000" />
  <attribute name="Current Error" value="132.000000" />
  <attribute name="IntegralT" value="4092.000000" />
  <attribute name="IntegralI" value="4092.000000" />
  <attribute name="IntegralH" value="4092.000000" />
  <attribute name="DerivativeT" value="2.129032" />
  <attribute name="DerivativeI" value="2.129032" />
  <attribute name="DerivativeH" value="2.129032" />
  <attribute name="Loop Time for DT" value="31.000000" />
  <attribute name="Output H" value="8388608"/>
  <attribute name="Output I" value="4000"/>
  <attribute name="Output T" value="4"/>
  <attribute name="Target GC Util Change" value ="20.000000" />
  <attribute name="Current GC Util Change" value="152.000000"/>
  <attribute name="GC Util currently" value="152" />
  <attribute name="CPU Util currently" value="145643189817" />
<allocation-satisfied id="739" threadId="00000000015BE700" bytesRequested="40" />
<af-end id="740" timestamp="2019-06-14T20:52:22.095" threadId="00000000015BF088" success="true" from="nursery"/>
<exclusive-end id="741" timestamp="2019-06-14T20:52:22.095" durationms="1.696" />

<exclusive-start id="742" timestamp="2019-06-14T20:52:22.142" intervalms="47.872">
  <response-info timems="0.019" idlems="0.019" threads="0" lastid="00000000015BE700" lastname="main" />
</exclusive-start>
<sys-start reason="explicit" id="743" timestamp="2019-06-14T20:52:22.142" intervalms="6606.998" />
<cycle-start id="744" type="global" contextid="0" timestamp="2019-06-14T20:52:22.142" intervalms="126.557" />
<gc-start id="745" type="global" contextid="744" timestamp="2019-06-14T20:52:22.142">
  <mem-info id="746" free="2084797536" total="2092630016" percent="99">
    <mem type="nursery" free="1099576" total="4194304" percent="26">
      <mem type="allocate" free="1099576" total="3014656" percent="36" />
      <mem type="survivor" free="0" total="1179648" percent="0" />
    </mem>
    <mem type="tenure" free="2083697960" total="2088435712" percent="99">
      <mem type="soa" free="1979276584" total="1984014336" percent="99" />
      <mem type="loa" free="104421376" total="104421376" percent="100" />
    </mem>
    <remembered-set count="1393" />
  </mem-info>
</gc-start>
<allocation-stats totalBytes="1412144" >
  <allocated-bytes non-tlh="213312" tlh="1198832" />
  <largest-consumer threadName="main" threadId="00000000015BE700" bytes="1412144" />
</allocation-stats>
<gc-op id="747" type="mark" timems="5.699" contextid="744" timestamp="2019-06-14T20:52:22.148">
  <trace-info objectcount="74500" scancount="62248" scanbytes="2119804" />
  <finalization candidates="80" enqueued="0" />
  <ownableSynchronizers candidates="21" cleared="0" />
  <references type="soft" candidates="1640" cleared="0" enqueued="0" dynamicThreshold="31" maxThreshold="32" />
  <references type="weak" candidates="4429" cleared="42" enqueued="32" />
  <references type="phantom" candidates="74" cleared="2" enqueued="2" />
  <stringconstants candidates="8680" cleared="15"  />
</gc-op>
<gc-op id="748" type="classunload" timems="0.354" contextid="744" timestamp="2019-06-14T20:52:22.148">
  <classunload-info classloadercandidates="17" classloadersunloaded="1" classesunloaded="1" anonymousclassesunloaded="0" quiescems="0.000" setupms="0.344" scanms="0.008" postms="0.002" />
</gc-op>
<gc-op id="749" type="sweep" timems="1.424" contextid="744" timestamp="2019-06-14T20:52:22.150" />
<mem-info id="750" free="2087085408" total="2092630016" percent="99">
  <mem type="nursery" free="2741680" total="4194304" percent="65">
    <mem type="allocate" free="2741680" total="3014656" percent="90" />
    <mem type="survivor" free="0" total="1179648" percent="0" />
  </mem>
  <mem type="tenure" free="2084343728" total="2088435712" percent="99" micro-fragmented="8968" macro-fragmented="0">
    <mem type="soa" free="1979922352" total="1984014336" percent="99" />
    <mem type="loa" free="104421376" total="104421376" percent="100" />
  </mem>
  <pending-finalizers system="0" default="0" reference="34" classloader="0" />
  <remembered-set count="685" />
</mem-info>
<gc-op id="751" type="compact" timems="20.805" contextid="744" timestamp="2019-06-14T20:52:22.171">
  <compact-info movecount="62482" movebytes="3751584" reason="compact to aid heap contraction" />
</gc-op>
<heap-resize id="752" type="contract" space="tenure" amount="104398848" count="1" timems="0.117" reason="heap reconfiguration" timestamp="2019-06-14T20:52:22.171" />
<gc-end id="753" type="global" contextid="744" durationms="29.576" usertimems="44.000" systemtimems="12.000" timestamp="2019-06-14T20:52:22.171" activeThreads="4">
  <mem-info id="754" free="1982757208" total="1988231168" percent="99">
    <mem type="nursery" free="2829272" total="4194304" percent="67">
      <mem type="allocate" free="2829272" total="3014656" percent="93" />
      <mem type="survivor" free="0" total="1179648" percent="0" />
    </mem>
    <mem type="tenure" free="1979927936" total="1984036864" percent="99">
      <mem type="soa" free="1880749440" total="1884835840" percent="99" />
      <mem type="loa" free="99178496" total="99201024" percent="99" />
    </mem>
    <pending-finalizers system="0" default="0" reference="34" classloader="0" />
    <remembered-set count="685" />
  </mem-info>
</gc-end>
<cycle-end id="755" type="global" contextid="744" timestamp="2019-06-14T20:52:22.172" />
  <attribute name="elasticGC enabled" value="1" />
  <attribute name= "numThreadsSpecified" value="4" />
  <attribute name="heapSize specified" value="2092630016" />
  <attribute name="Current GC Util" value="129" />
  <attribute name= "Current Time Running" value="6489" />
  <attribute name ="GC Interval" value="4000" />
  <attribute name="ProportionalT" value="54.500000" />
  <attribute name="ProportionalI" value="54.500000" />
  <attribute name="ProportionalH" value="54.500000" />
  <attribute name="Current Error" value="109.000000" />
  <attribute name="IntegralT" value="2289.000000" />
  <attribute name="IntegralI" value="2289.000000" />
  <attribute name="IntegralH" value="2289.000000" />
  <attribute name="DerivativeT" value="-2.071429" />
  <attribute name="DerivativeI" value="-2.071429" />
  <attribute name="DerivativeH" value="-2.071429" />
  <attribute name="Loop Time for DT" value="21.000000" />
  <attribute name="Output H" value="8388608"/>
  <attribute name="Output I" value="2344"/>
  <attribute name="Output T" value="4"/>
  <attribute name="Target GC Util Change" value ="20.000000" />
  <attribute name="Current GC Util Change" value="129.000000"/>
  <attribute name="GC Util currently" value="129" />
  <attribute name="CPU Util currently" value="220080381261" />
<sys-end id="756" timestamp="2019-06-14T20:52:22.172" />
<exclusive-end id="757" timestamp="2019-06-14T20:52:22.172" durationms="30.174" />

<exclusive-start id="758" timestamp="2019-06-14T20:52:22.218" intervalms="76.729">
  <response-info timems="0.030" idlems="0.030" threads="0" lastid="00000000015BE700" lastname="main" />
</exclusive-start>
<af-start id="759" threadId="00000000015BF088" totalBytesRequested="32" timestamp="2019-06-14T20:52:22.218" intervalms="124.611" type="nursery" />
<cycle-start id="760" type="scavenge" contextid="0" timestamp="2019-06-14T20:52:22.218" intervalms="124.625" />
<gc-start id="761" type="scavenge" contextid="760" timestamp="2019-06-14T20:52:22.219">
  <mem-info id="762" free="1979925800" total="1988231168" percent="99">
    <mem type="nursery" free="0" total="4194304" percent="0">
      <mem type="allocate" free="0" total="3014656" percent="0" />
      <mem type="survivor" free="0" total="1179648" percent="0" />
    </mem>
    <mem type="tenure" free="1979925800" total="1984036864" percent="99">
      <mem type="soa" free="1880747304" total="1884835840" percent="99" />
      <mem type="loa" free="99178496" total="99201024" percent="99" />
    </mem>
    <remembered-set count="745" />
  </mem-info>
</gc-start>
<allocation-stats totalBytes="2830728" >
  <allocated-bytes non-tlh="529840" tlh="2300888" />
  <largest-consumer threadName="main" threadId="00000000015BE700" bytes="2822480" />
</allocation-stats>
<gc-op id="763" type="scavenge" timems="0.757" contextid="760" timestamp="2019-06-14T20:52:22.219">
  <scavenger-info tenureage="5" tenuremask="ffe0" tiltratio="71" />
  <memory-copied type="nursery" objects="13116" bytes="1172536" bytesdiscarded="6840" />
  <memory-copied type="tenure" objects="943" bytes="38768" bytesdiscarded="0" />
  <copy-failed type="nursery" objects="1066" bytes="44672" />
  <ownableSynchronizers candidates="42" cleared="42" />
  <references type="soft" candidates="292" cleared="0" enqueued="0" dynamicThreshold="31" maxThreshold="32" />
  <references type="weak" candidates="279" cleared="10" enqueued="10" />
  <references type="phantom" candidates="6" cleared="2" enqueued="2" />
</gc-op>
<gc-end id="764" type="scavenge" contextid="760" durationms="1.026" usertimems="0.000" systemtimems="0.000" timestamp="2019-06-14T20:52:22.220" activeThreads="4">
  <mem-info id="765" free="1980664360" total="1988231168" percent="99">
    <mem type="nursery" free="917504" total="4194304" percent="21">
      <mem type="allocate" free="917504" total="2097152" percent="43" />
      <mem type="survivor" free="0" total="2097152" percent="0" />
    </mem>
    <mem type="tenure" free="1979746856" total="1984036864" percent="99">
      <mem type="soa" free="1880568360" total="1884835840" percent="99" />
      <mem type="loa" free="99178496" total="99201024" percent="99" />
    </mem>
    <pending-finalizers system="0" default="0" reference="12" classloader="0" />
    <remembered-set count="1186" />
  </mem-info>
</gc-end>
<cycle-end id="766" type="scavenge" contextid="760" timestamp="2019-06-14T20:52:22.220" />
  <attribute name="elasticGC enabled" value="1" />
  <attribute name= "numThreadsSpecified" value="4" />
  <attribute name="heapSize specified" value="2092630016" />
  <attribute name="Current GC Util" value="23" />
  <attribute name= "Current Time Running" value="6537" />
  <attribute name ="GC Interval" value="200" />
  <attribute name="ProportionalT" value="1.500000" />
  <attribute name="ProportionalI" value="1.500000" />
  <attribute name="ProportionalH" value="1.500000" />
  <attribute name="Current Error" value="3.000000" />
  <attribute name="IntegralT" value="144.000000" />
  <attribute name="IntegralI" value="144.000000" />
  <attribute name="IntegralH" value="144.000000" />
  <attribute name="DerivativeT" value="-1.104167" />
  <attribute name="DerivativeI" value="-1.104167" />
  <attribute name="DerivativeH" value="-1.104167" />
  <attribute name="Loop Time for DT" value="48.000000" />
  <attribute name="Output H" value="8388608"/>
  <attribute name="Output I" value="200"/>
  <attribute name="Output T" value="4"/>
  <attribute name="Target GC Util Change" value ="20.000000" />
  <attribute name="Current GC Util Change" value="23.000000"/>
  <attribute name="GC Util currently" value="23" />
  <attribute name="CPU Util currently" value="96374885489" />
<allocation-satisfied id="767" threadId="00000000015BE700" bytesRequested="32" />
<af-end id="768" timestamp="2019-06-14T20:52:22.220" threadId="00000000015BF088" success="true" from="nursery"/>
<exclusive-end id="769" timestamp="2019-06-14T20:52:22.220" durationms="1.668" />

<exclusive-start id="770" timestamp="2019-06-14T20:52:22.222" intervalms="4.068">
  <response-info timems="0.027" idlems="0.027" threads="0" lastid="00000000015BE700" lastname="main" />
</exclusive-start>
<af-start id="771" threadId="00000000015BF088" totalBytesRequested="32" timestamp="2019-06-14T20:52:22.222" intervalms="4.042" type="nursery" />
<cycle-start id="772" type="scavenge" contextid="0" timestamp="2019-06-14T20:52:22.223" intervalms="4.082" />
<gc-start id="773" type="scavenge" contextid="772" timestamp="2019-06-14T20:52:22.223">
  <mem-info id="774" free="1979746856" total="1988231168" percent="99">
    <mem type="nursery" free="0" total="4194304" percent="0">
      <mem type="allocate" free="0" total="2097152" percent="0" />
      <mem type="survivor" free="0" total="2097152" percent="0" />
    </mem>
    <mem type="tenure" free="1979746856" total="1984036864" percent="99">
      <mem type="soa" free="1880568360" total="1884835840" percent="99" />
      <mem type="loa" free="99178496" total="99201024" percent="99" />
    </mem>
    <remembered-set count="1188" />
  </mem-info>
</gc-start>
<allocation-stats totalBytes="917384" >
  <allocated-bytes non-tlh="32" tlh="917352" />
  <largest-consumer threadName="main" threadId="00000000015BE700" bytes="917384" />
</allocation-stats>
<gc-op id="775" type="scavenge" timems="0.614" contextid="772" timestamp="2019-06-14T20:52:22.223">
  <scavenger-info tenureage="5" tenuremask="ffe0" tiltratio="50" />
  <memory-copied type="nursery" objects="14516" bytes="1227128" bytesdiscarded="156856" />
  <references type="soft" candidates="292" cleared="0" enqueued="0" dynamicThreshold="31" maxThreshold="32" />
  <references type="weak" candidates="269" cleared="0" enqueued="0" />
  <references type="phantom" candidates="4" cleared="0" enqueued="0" />
</gc-op>
<gc-end id="776" type="scavenge" contextid="772" durationms="0.806" usertimems="4.000" systemtimems="0.000" timestamp="2019-06-14T20:52:22.223" activeThreads="4">
  <mem-info id="777" free="1980852968" total="1988231168" percent="99">
    <mem type="nursery" free="1106112" total="4194304" percent="26">
      <mem type="allocate" free="1106112" total="2490368" percent="44" />
      <mem type="survivor" free="0" total="1703936" percent="0" />
    </mem>
    <mem type="tenure" free="1979746856" total="1984036864" percent="99">
      <mem type="soa" free="1880568360" total="1884835840" percent="99" />
      <mem type="loa" free="99178496" total="99201024" percent="99" />
    </mem>
    <remembered-set count="920" />
  </mem-info>
</gc-end>
<cycle-end id="778" type="scavenge" contextid="772" timestamp="2019-06-14T20:52:22.224" />
  <attribute name="elasticGC enabled" value="1" />
  <attribute name= "numThreadsSpecified" value="4" />
  <attribute name="heapSize specified" value="2092630016" />
  <attribute name="Current GC Util" value="56" />
  <attribute name= "Current Time Running" value="6541" />
  <attribute name ="GC Interval" value="200" />
  <attribute name="ProportionalT" value="18.000000" />
  <attribute name="ProportionalI" value="18.000000" />
  <attribute name="ProportionalH" value="18.000000" />
  <attribute name="Current Error" value="36.000000" />
  <attribute name="IntegralT" value="144.000000" />
  <attribute name="IntegralI" value="144.000000" />
  <attribute name="IntegralH" value="144.000000" />
  <attribute name="DerivativeT" value="4.125000" />
  <attribute name="DerivativeI" value="4.125000" />
  <attribute name="DerivativeH" value="4.125000" />
  <attribute name="Loop Time for DT" value="4.000000" />
  <attribute name="Output H" value="8388608"/>
  <attribute name="Output I" value="200"/>
  <attribute name="Output T" value="4"/>
  <attribute name="Target GC Util Change" value ="20.000000" />
  <attribute name="Current GC Util Change" value="56.000000"/>
  <attribute name="GC Util currently" value="56" />
  <attribute name="CPU Util currently" value="1149508038894" />
<allocation-satisfied id="779" threadId="00000000015BE700" bytesRequested="32" />
<af-end id="780" timestamp="2019-06-14T20:52:22.224" threadId="00000000015BF088" success="true" from="nursery"/>
<exclusive-end id="781" timestamp="2019-06-14T20:52:22.224" durationms="1.344" />

<exclusive-start id="782" timestamp="2019-06-14T20:52:22.227" intervalms="4.182">
  <response-info timems="0.023" idlems="0.023" threads="0" lastid="00000000015BE700" lastname="main" />
</exclusive-start>
<af-start id="783" threadId="00000000015BF088" totalBytesRequested="24" timestamp="2019-06-14T20:52:22.227" intervalms="4.217" type="nursery" />
<cycle-start id="784" type="scavenge" contextid="0" timestamp="2019-06-14T20:52:22.227" intervalms="4.201" />
<gc-start id="785" type="scavenge" contextid="784" timestamp="2019-06-14T20:52:22.227">
  <mem-info id="786" free="1979746856" total="1988231168" percent="99">
    <mem type="nursery" free="0" total="4194304" percent="0">
      <mem type="allocate" free="0" total="2490368" percent="0" />
      <mem type="survivor" free="0" total="1703936" percent="0" />
    </mem>
    <mem type="tenure" free="1979746856" total="1984036864" percent="99">
      <mem type="soa" free="1880568360" total="1884835840" percent="99" />
      <mem type="loa" free="99178496" total="99201024" percent="99" />
    </mem>
    <remembered-set count="920" />
  </mem-info>
</gc-start>
<allocation-stats totalBytes="1105896" >
  <allocated-bytes non-tlh="32" tlh="1105864" />
  <largest-consumer threadName="main" threadId="00000000015BE700" bytes="1105896" />
</allocation-stats>
<gc-op id="787" type="scavenge" timems="0.823" contextid="784" timestamp="2019-06-14T20:52:22.228">
  <scavenger-info tenureage="2" tenuremask="fffc" tiltratio="59" />
  <memory-copied type="nursery" objects="3263" bytes="124432" bytesdiscarded="202736" />
  <memory-copied type="tenure" objects="12902" bytes="1166016" bytesdiscarded="480" />
</gc-op>
<heap-resize id="788" type="expand" space="nursery" amount="524288" count="1" timems="0.019" reason="excessive time being spent scavenging" timestamp="2019-06-14T20:52:22.228" />
<gc-end id="789" type="scavenge" contextid="784" durationms="1.090" usertimems="0.000" systemtimems="0.000" timestamp="2019-06-14T20:52:22.228" activeThreads="4">
  <mem-info id="790" free="1981123384" total="1988755456" percent="99">
    <mem type="nursery" free="2687488" total="4718592" percent="56">
      <mem type="allocate" free="2687488" total="3014656" percent="89" />
      <mem type="survivor" free="0" total="1703936" percent="0" />
    </mem>
    <mem type="tenure" free="1978435896" total="1984036864" percent="99">
      <mem type="soa" free="1879257400" total="1884835840" percent="99" />
      <mem type="loa" free="99178496" total="99201024" percent="99" />
    </mem>
    <remembered-set count="386" />
  </mem-info>
</gc-end>
<cycle-end id="791" type="scavenge" contextid="784" timestamp="2019-06-14T20:52:22.228" />
  <attribute name="elasticGC enabled" value="1" />
  <attribute name= "numThreadsSpecified" value="4" />
  <attribute name="heapSize specified" value="2092630016" />
  <attribute name="Current GC Util" value="46" />
  <attribute name= "Current Time Running" value="6545" />
  <attribute name ="GC Interval" value="200" />
  <attribute name="ProportionalT" value="13.000000" />
  <attribute name="ProportionalI" value="13.000000" />
  <attribute name="ProportionalH" value="13.000000" />
  <attribute name="Current Error" value="26.000000" />
  <attribute name="IntegralT" value="104.000000" />
  <attribute name="IntegralI" value="104.000000" />
  <attribute name="IntegralH" value="104.000000" />
  <attribute name="DerivativeT" value="-1.250000" />
  <attribute name="DerivativeI" value="-1.250000" />
  <attribute name="DerivativeH" value="-1.250000" />
  <attribute name="Loop Time for DT" value="4.000000" />
  <attribute name="Output H" value="8388608"/>
  <attribute name="Output I" value="200"/>
  <attribute name="Output T" value="4"/>
  <attribute name="Target GC Util Change" value ="20.000000" />
  <attribute name="Current GC Util Change" value="46.000000"/>
  <attribute name="GC Util currently" value="46" />
  <attribute name="CPU Util currently" value="1099943809368" />
<allocation-satisfied id="792" threadId="00000000015BE700" bytesRequested="24" />
<af-end id="793" timestamp="2019-06-14T20:52:22.228" threadId="00000000015BF088" success="true" from="nursery"/>
<exclusive-end id="794" timestamp="2019-06-14T20:52:22.228" durationms="1.744" />

<exclusive-start id="795" timestamp="2019-06-14T20:52:22.235" intervalms="8.936">
  <response-info timems="0.030" idlems="0.030" threads="0" lastid="00000000015BE700" lastname="main" />
</exclusive-start>
<af-start id="796" threadId="00000000015BF088" totalBytesRequested="32" timestamp="2019-06-14T20:52:22.236" intervalms="8.945" type="nursery" />
<cycle-start id="797" type="scavenge" contextid="0" timestamp="2019-06-14T20:52:22.236" intervalms="8.949" />
<gc-start id="798" type="scavenge" contextid="797" timestamp="2019-06-14T20:52:22.236">
  <mem-info id="799" free="1978435896" total="1988755456" percent="99">
    <mem type="nursery" free="0" total="4718592" percent="0">
      <mem type="allocate" free="0" total="3014656" percent="0" />
      <mem type="survivor" free="0" total="1703936" percent="0" />
    </mem>
    <mem type="tenure" free="1978435896" total="1984036864" percent="99">
      <mem type="soa" free="1879257400" total="1884835840" percent="99" />
      <mem type="loa" free="99178496" total="99201024" percent="99" />
    </mem>
    <remembered-set count="818" />
  </mem-info>
</gc-start>
<allocation-stats totalBytes="2687104" >
  <allocated-bytes non-tlh="24" tlh="2687080" />
  <largest-consumer threadName="main" threadId="00000000015BE700" bytes="2687104" />
</allocation-stats>
<gc-op id="800" type="scavenge" timems="0.536" contextid="797" timestamp="2019-06-14T20:52:22.237">
  <scavenger-info tenureage="6" tenuremask="ffc0" tiltratio="63" />
  <memory-copied type="nursery" objects="7744" bytes="290048" bytesdiscarded="62464" />
</gc-op>
<gc-end id="801" type="scavenge" contextid="797" durationms="0.816" usertimems="0.000" systemtimems="0.000" timestamp="2019-06-14T20:52:22.237" activeThreads="4">
  <mem-info id="802" free="1981491256" total="1988755456" percent="99">
    <mem type="nursery" free="3055360" total="4718592" percent="64">
      <mem type="allocate" free="3055360" total="3407872" percent="89" />
      <mem type="survivor" free="0" total="1310720" percent="0" />
    </mem>
    <mem type="tenure" free="1978435896" total="1984036864" percent="99">
      <mem type="soa" free="1879257400" total="1884835840" percent="99" />
      <mem type="loa" free="99178496" total="99201024" percent="99" />
    </mem>
    <remembered-set count="817" />
  </mem-info>
</gc-end>
<cycle-end id="803" type="scavenge" contextid="797" timestamp="2019-06-14T20:52:22.237" />
  <attribute name="elasticGC enabled" value="1" />
  <attribute name= "numThreadsSpecified" value="4" />
  <attribute name="heapSize specified" value="2092630016" />
  <attribute name="Current GC Util" value="24" />
  <attribute name= "Current Time Running" value="6554" />
  <attribute name ="GC Interval" value="200" />
  <attribute name="ProportionalT" value="2.000000" />
  <attribute name="ProportionalI" value="2.000000" />
  <attribute name="ProportionalH" value="2.000000" />
  <attribute name="Current Error" value="4.000000" />
  <attribute name="IntegralT" value="36.000000" />
  <attribute name="IntegralI" value="36.000000" />
  <attribute name="IntegralH" value="36.000000" />
  <attribute name="DerivativeT" value="-1.222222" />
  <attribute name="DerivativeI" value="-1.222222" />
  <attribute name="DerivativeH" value="-1.222222" />
  <attribute name="Loop Time for DT" value="9.000000" />
  <attribute name="Output H" value="8388608"/>
  <attribute name="Output I" value="200"/>
  <attribute name="Output T" value="4"/>
  <attribute name="Target GC Util Change" value ="20.000000" />
  <attribute name="Current GC Util Change" value="24.000000"/>
  <attribute name="GC Util currently" value="24" />
  <attribute name="CPU Util currently" value="507652905619" />
<allocation-satisfied id="804" threadId="00000000015BE700" bytesRequested="32" />
<af-end id="805" timestamp="2019-06-14T20:52:22.237" threadId="00000000015BF088" success="true" from="nursery"/>
<exclusive-end id="806" timestamp="2019-06-14T20:52:22.237" durationms="1.411" />

<exclusive-start id="807" timestamp="2019-06-14T20:52:22.244" intervalms="8.466">
  <response-info timems="0.068" idlems="0.068" threads="0" lastid="00000000015BE700" lastname="main" />
</exclusive-start>
<af-start id="808" threadId="00000000015BF088" totalBytesRequested="32" timestamp="2019-06-14T20:52:22.244" intervalms="8.464" type="nursery" />
<cycle-start id="809" type="scavenge" contextid="0" timestamp="2019-06-14T20:52:22.244" intervalms="8.468" />
<gc-start id="810" type="scavenge" contextid="809" timestamp="2019-06-14T20:52:22.244">
  <mem-info id="811" free="1978435896" total="1988755456" percent="99">
    <mem type="nursery" free="0" total="4718592" percent="0">
      <mem type="allocate" free="0" total="3407872" percent="0" />
      <mem type="survivor" free="0" total="1310720" percent="0" />
    </mem>
    <mem type="tenure" free="1978435896" total="1984036864" percent="99">
      <mem type="soa" free="1879257400" total="1884835840" percent="99" />
      <mem type="loa" free="99178496" total="99201024" percent="99" />
    </mem>
    <remembered-set count="1240" />
  </mem-info>
</gc-start>
<allocation-stats totalBytes="3054976" >
  <allocated-bytes non-tlh="32" tlh="3054944" />
  <largest-consumer threadName="main" threadId="00000000015BE700" bytes="3054976" />
</allocation-stats>
<gc-op id="812" type="scavenge" timems="0.867" contextid="809" timestamp="2019-06-14T20:52:22.245">
  <scavenger-info tenureage="4" tenuremask="fff0" tiltratio="72" />
  <memory-copied type="nursery" objects="11808" bytes="441184" bytesdiscarded="28832" />
</gc-op>
<heap-resize id="813" type="expand" space="nursery" amount="262144" count="1" timems="0.012" reason="excessive time being spent scavenging" timestamp="2019-06-14T20:52:22.245" />
<gc-end id="814" type="scavenge" contextid="809" durationms="1.220" usertimems="0.000" systemtimems="0.000" timestamp="2019-06-14T20:52:22.246" activeThreads="4">
  <mem-info id="815" free="1981701432" total="1989017600" percent="99">
    <mem type="nursery" free="3265536" total="4980736" percent="65">
      <mem type="allocate" free="3265536" total="3735552" percent="87" />
      <mem type="survivor" free="0" total="1245184" percent="0" />
    </mem>
    <mem type="tenure" free="1978435896" total="1984036864" percent="99">
      <mem type="soa" free="1879257400" total="1884835840" percent="99" />
      <mem type="loa" free="99178496" total="99201024" percent="99" />
    </mem>
    <remembered-set count="1237" />
  </mem-info>
</gc-end>
<cycle-end id="816" type="scavenge" contextid="809" timestamp="2019-06-14T20:52:22.246" />
  <attribute name="elasticGC enabled" value="1" />
  <attribute name= "numThreadsSpecified" value="4" />
  <attribute name="heapSize specified" value="2092630016" />
  <attribute name="Current GC Util" value="13" />
  <attribute name= "Current Time Running" value="6563" />
  <attribute name ="GC Interval" value="200" />
  <attribute name="ProportionalT" value="-3.500000" />
  <attribute name="ProportionalI" value="-3.500000" />
  <attribute name="ProportionalH" value="-3.500000" />
  <attribute name="Current Error" value="-7.000000" />
  <attribute name="IntegralT" value="-63.000000" />
  <attribute name="IntegralI" value="-63.000000" />
  <attribute name="IntegralH" value="-63.000000" />
  <attribute name="DerivativeT" value="-0.611111" />
  <attribute name="DerivativeI" value="-0.611111" />
  <attribute name="DerivativeH" value="-0.611111" />
  <attribute name="Loop Time for DT" value="9.000000" />
  <attribute name="Output H" value="2092630016"/>
  <attribute name="Output I" value="200"/>
  <attribute name="Output T" value="4"/>
  <attribute name="Target GC Util Change" value ="20.000000" />
  <attribute name="Current GC Util Change" value="13.000000"/>
  <attribute name="GC Util currently" value="13" />
  <attribute name="CPU Util currently" value="544735106578" />
<allocation-satisfied id="817" threadId="00000000015BE700" bytesRequested="32" />
<af-end id="818" timestamp="2019-06-14T20:52:22.246" threadId="00000000015BF088" success="true" from="nursery"/>
<exclusive-end id="819" timestamp="2019-06-14T20:52:22.246" durationms="1.810" />

<exclusive-start id="820" timestamp="2019-06-14T20:52:22.261" intervalms="17.044">
  <response-info timems="0.100" idlems="0.100" threads="0" lastid="00000000015BE700" lastname="main" />
</exclusive-start>
<af-start id="821" threadId="00000000015BF088" totalBytesRequested="56" timestamp="2019-06-14T20:52:22.261" intervalms="17.050" type="nursery" />
<cycle-start id="822" type="scavenge" contextid="0" timestamp="2019-06-14T20:52:22.261" intervalms="17.045" />
<gc-start id="823" type="scavenge" contextid="822" timestamp="2019-06-14T20:52:22.261">
  <mem-info id="824" free="1978435896" total="1989017600" percent="99">
    <mem type="nursery" free="0" total="4980736" percent="0">
      <mem type="allocate" free="0" total="3735552" percent="0" />
      <mem type="survivor" free="0" total="1245184" percent="0" />
    </mem>
    <mem type="tenure" free="1978435896" total="1984036864" percent="99">
      <mem type="soa" free="1879257400" total="1884835840" percent="99" />
      <mem type="loa" free="99178496" total="99201024" percent="99" />
    </mem>
    <remembered-set count="1538" />
  </mem-info>
</gc-start>
<allocation-stats totalBytes="3265144" >
  <allocated-bytes non-tlh="32" tlh="3265112" />
  <largest-consumer threadName="main" threadId="00000000015BE700" bytes="3265144" />
</allocation-stats>
<gc-op id="825" type="scavenge" timems="0.648" contextid="822" timestamp="2019-06-14T20:52:22.262">
  <scavenger-info tenureage="3" tenuremask="fff8" tiltratio="75" />
  <memory-copied type="nursery" objects="14984" bytes="603528" bytesdiscarded="152200" />
  <memory-copied type="tenure" objects="2952" bytes="115680" bytesdiscarded="8" />
</gc-op>
<gc-end id="826" type="scavenge" contextid="822" durationms="0.933" usertimems="0.000" systemtimems="0.000" timestamp="2019-06-14T20:52:22.262" activeThreads="4">
  <mem-info id="827" free="1981476904" total="1989017600" percent="99">
    <mem type="nursery" free="3110896" total="4980736" percent="62">
      <mem type="allocate" free="3110896" total="3866624" percent="80" />
      <mem type="survivor" free="0" total="1114112" percent="0" />
    </mem>
    <mem type="tenure" free="1978366008" total="1984036864" percent="99">
      <mem type="soa" free="1879187512" total="1884835840" percent="99" />
      <mem type="loa" free="99178496" total="99201024" percent="99" />
    </mem>
    <remembered-set count="1297" />
  </mem-info>
</gc-end>
<cycle-end id="828" type="scavenge" contextid="822" timestamp="2019-06-14T20:52:22.262" />
  <attribute name="elasticGC enabled" value="1" />
  <attribute name= "numThreadsSpecified" value="4" />
  <attribute name="heapSize specified" value="2092630016" />
  <attribute name="Current GC Util" value="7" />
  <attribute name= "Current Time Running" value="6580" />
  <attribute name ="GC Interval" value="200" />
  <attribute name="ProportionalT" value="-6.500000" />
  <attribute name="ProportionalI" value="-6.500000" />
  <attribute name="ProportionalH" value="-6.500000" />
  <attribute name="Current Error" value="-13.000000" />
  <attribute name="IntegralT" value="-221.000000" />
  <attribute name="IntegralI" value="-221.000000" />
  <attribute name="IntegralH" value="-221.000000" />
  <attribute name="DerivativeT" value="-0.382353" />
  <attribute name="DerivativeI" value="-0.382353" />
  <attribute name="DerivativeH" value="-0.382353" />
  <attribute name="Loop Time for DT" value="17.000000" />
  <attribute name="Output H" value="2092630016"/>
  <attribute name="Output I" value="200"/>
  <attribute name="Output T" value="4"/>
  <attribute name="Target GC Util Change" value ="20.000000" />
  <attribute name="Current GC Util Change" value="7.000000"/>
  <attribute name="GC Util currently" value="7" />
  <attribute name="CPU Util currently" value="270503884294" />
<allocation-satisfied id="829" threadId="00000000015BE700" bytesRequested="56" />
<af-end id="830" timestamp="2019-06-14T20:52:22.263" threadId="00000000015BF088" success="true" from="nursery"/>
<exclusive-end id="831" timestamp="2019-06-14T20:52:22.263" durationms="1.601" />

<exclusive-start id="832" timestamp="2019-06-14T20:52:22.319" intervalms="57.928">
  <response-info timems="0.026" idlems="0.026" threads="0" lastid="00000000015BE700" lastname="main" />
</exclusive-start>
<af-start id="833" threadId="00000000015BF088" totalBytesRequested="6760" timestamp="2019-06-14T20:52:22.319" intervalms="57.938" type="nursery" />
<cycle-start id="834" type="scavenge" contextid="0" timestamp="2019-06-14T20:52:22.319" intervalms="57.943" />
<gc-start id="835" type="scavenge" contextid="834" timestamp="2019-06-14T20:52:22.319">
  <mem-info id="836" free="1978224336" total="1989017600" percent="99">
    <mem type="nursery" free="0" total="4980736" percent="0">
      <mem type="allocate" free="0" total="3866624" percent="0" />
      <mem type="survivor" free="0" total="1114112" percent="0" />
    </mem>
    <mem type="tenure" free="1978224336" total="1984036864" percent="99">
      <mem type="soa" free="1879045840" total="1884835840" percent="99" />
      <mem type="loa" free="99178496" total="99201024" percent="99" />
    </mem>
    <remembered-set count="3664" />
  </mem-info>
</gc-start>
<allocation-stats totalBytes="3247968" >
  <allocated-bytes non-tlh="407280" tlh="2840688" />
  <largest-consumer threadName="main" threadId="00000000015BE700" bytes="3247968" />
</allocation-stats>
<gc-op id="837" type="scavenge" timems="1.229" contextid="834" timestamp="2019-06-14T20:52:22.321">
  <scavenger-info tenureage="6" tenuremask="ffc0" tiltratio="77" />
  <memory-copied type="nursery" objects="18176" bytes="1041632" bytesdiscarded="72336" />
  <memory-copied type="tenure" objects="1605" bytes="64728" bytesdiscarded="8" />
  <copy-failed type="nursery" objects="1605" bytes="64728" />
  <references type="soft" candidates="57" cleared="0" enqueued="0" dynamicThreshold="31" maxThreshold="32" />
  <references type="weak" candidates="123" cleared="29" enqueued="20" />
  <references type="phantom" candidates="1" cleared="0" enqueued="0" />
</gc-op>
<gc-end id="838" type="scavenge" contextid="834" durationms="1.441" usertimems="4.000" systemtimems="0.000" timestamp="2019-06-14T20:52:22.321" activeThreads="4">
  <mem-info id="839" free="1980282320" total="1989017600" percent="99">
    <mem type="nursery" free="2097152" total="4980736" percent="42">
      <mem type="allocate" free="2097152" total="3211264" percent="65" />
      <mem type="survivor" free="0" total="1769472" percent="0" />
    </mem>
    <mem type="tenure" free="1978185168" total="1984036864" percent="99">
      <mem type="soa" free="1879006672" total="1884835840" percent="99" />
      <mem type="loa" free="99178496" total="99201024" percent="99" />
    </mem>
    <pending-finalizers system="0" default="0" reference="20" classloader="0" />
    <remembered-set count="4237" />
  </mem-info>
</gc-end>
<cycle-end id="840" type="scavenge" contextid="834" timestamp="2019-06-14T20:52:22.321" />
  <attribute name="elasticGC enabled" value="1" />
  <attribute name= "numThreadsSpecified" value="4" />
  <attribute name="heapSize specified" value="2092630016" />
  <attribute name="Current GC Util" value="3" />
  <attribute name= "Current Time Running" value="6638" />
  <attribute name ="GC Interval" value="200" />
  <attribute name="ProportionalT" value="-8.500000" />
  <attribute name="ProportionalI" value="-8.500000" />
  <attribute name="ProportionalH" value="-8.500000" />
  <attribute name="Current Error" value="-17.000000" />
  <attribute name="IntegralT" value="-986.000000" />
  <attribute name="IntegralI" value="-986.000000" />
  <attribute name="IntegralH" value="-986.000000" />
  <attribute name="DerivativeT" value="-0.146552" />
  <attribute name="DerivativeI" value="-0.146552" />
  <attribute name="DerivativeH" value="-0.146552" />
  <attribute name="Loop Time for DT" value="58.000000" />
  <attribute name="Output H" value="2092630016"/>
  <attribute name="Output I" value="200"/>
  <attribute name="Output T" value="4"/>
  <attribute name="Target GC Util Change" value ="20.000000" />
  <attribute name="Current GC Util Change" value="3.000000"/>
  <attribute name="GC Util currently" value="3" />
  <attribute name="CPU Util currently" value="79677094616" />
<allocation-satisfied id="841" threadId="00000000015BE700" bytesRequested="6760" />
<af-end id="842" timestamp="2019-06-14T20:52:22.321" threadId="00000000015BF088" success="true" from="nursery"/>
<exclusive-end id="843" timestamp="2019-06-14T20:52:22.321" durationms="2.127" />

<exclusive-start id="844" timestamp="2019-06-14T20:52:22.329" intervalms="9.883">
  <response-info timems="0.062" idlems="0.062" threads="0" lastid="00000000015BE700" lastname="main" />
</exclusive-start>
<af-start id="845" threadId="00000000015BF088" totalBytesRequested="32" timestamp="2019-06-14T20:52:22.329" intervalms="9.876" type="nursery" />
<cycle-start id="846" type="scavenge" contextid="0" timestamp="2019-06-14T20:52:22.329" intervalms="9.870" />
<gc-start id="847" type="scavenge" contextid="846" timestamp="2019-06-14T20:52:22.329">
  <mem-info id="848" free="1978185168" total="1989017600" percent="99">
    <mem type="nursery" free="0" total="4980736" percent="0">
      <mem type="allocate" free="0" total="3211264" percent="0" />
      <mem type="survivor" free="0" total="1769472" percent="0" />
    </mem>
    <mem type="tenure" free="1978185168" total="1984036864" percent="99">
      <mem type="soa" free="1879006672" total="1884835840" percent="99" />
      <mem type="loa" free="99178496" total="99201024" percent="99" />
    </mem>
    <remembered-set count="4239" />
  </mem-info>
</gc-start>
<allocation-stats totalBytes="2096952" >
  <allocated-bytes non-tlh="6760" tlh="2090192" />
  <largest-consumer threadName="main" threadId="00000000015BE700" bytes="2092856" />
</allocation-stats>
<gc-op id="849" type="scavenge" timems="0.958" contextid="846" timestamp="2019-06-14T20:52:22.330">
  <scavenger-info tenureage="4" tenuremask="fff0" tiltratio="64" />
  <memory-copied type="nursery" objects="18367" bytes="1078232" bytesdiscarded="183368" />
  <memory-copied type="tenure" objects="3896" bytes="146504" bytesdiscarded="0" />
  <references type="soft" candidates="57" cleared="0" enqueued="0" dynamicThreshold="31" maxThreshold="32" />
  <references type="weak" candidates="94" cleared="0" enqueued="0" />
  <references type="phantom" candidates="1" cleared="0" enqueued="0" />
</gc-op>
<heap-resize id="850" type="expand" space="nursery" amount="262144" count="1" timems="0.014" reason="excessive time being spent scavenging" timestamp="2019-06-14T20:52:22.330" />
<gc-end id="851" type="scavenge" contextid="846" durationms="1.325" usertimems="4.000" systemtimems="0.000" timestamp="2019-06-14T20:52:22.330" activeThreads="4">
  <mem-info id="852" free="1980396872" total="1989279744" percent="99">
    <mem type="nursery" free="2211704" total="5242880" percent="42">
      <mem type="allocate" free="2211704" total="3473408" percent="63" />
      <mem type="survivor" free="0" total="1769472" percent="0" />
    </mem>
    <mem type="tenure" free="1978185168" total="1984036864" percent="99">
      <mem type="soa" free="1879006672" total="1884835840" percent="99" />
      <mem type="loa" free="99178496" total="99201024" percent="99" />
    </mem>
    <remembered-set count="3770" />
  </mem-info>
</gc-end>
<cycle-end id="853" type="scavenge" contextid="846" timestamp="2019-06-14T20:52:22.331" />
  <attribute name="elasticGC enabled" value="1" />
  <attribute name= "numThreadsSpecified" value="4" />
  <attribute name="heapSize specified" value="2092630016" />
  <attribute name="Current GC Util" value="23" />
  <attribute name= "Current Time Running" value="6648" />
  <attribute name ="GC Interval" value="200" />
  <attribute name="ProportionalT" value="1.500000" />
  <attribute name="ProportionalI" value="1.500000" />
  <attribute name="ProportionalH" value="1.500000" />
  <attribute name="Current Error" value="3.000000" />
  <attribute name="IntegralT" value="30.000000" />
  <attribute name="IntegralI" value="30.000000" />
  <attribute name="IntegralH" value="30.000000" />
  <attribute name="DerivativeT" value="0.150000" />
  <attribute name="DerivativeI" value="0.150000" />
  <attribute name="DerivativeH" value="0.150000" />
  <attribute name="Loop Time for DT" value="10.000000" />
  <attribute name="Output H" value="8388608"/>
  <attribute name="Output I" value="200"/>
  <attribute name="Output T" value="4"/>
  <attribute name="Target GC Util Change" value ="20.000000" />
  <attribute name="Current GC Util Change" value="23.000000"/>
  <attribute name="GC Util currently" value="23" />
  <attribute name="CPU Util currently" value="464248565511" />
<allocation-satisfied id="854" threadId="00000000015BE700" bytesRequested="32" />
<af-end id="855" timestamp="2019-06-14T20:52:22.331" threadId="00000000015BF088" success="true" from="nursery"/>
<exclusive-end id="856" timestamp="2019-06-14T20:52:22.331" durationms="2.002" />

<exclusive-start id="857" timestamp="2019-06-14T20:52:22.337" intervalms="8.326">
  <response-info timems="0.030" idlems="0.030" threads="0" lastid="00000000015BE700" lastname="main" />
</exclusive-start>
<af-start id="858" threadId="00000000015BF088" totalBytesRequested="32" timestamp="2019-06-14T20:52:22.337" intervalms="8.296" type="nursery" />
<cycle-start id="859" type="scavenge" contextid="0" timestamp="2019-06-14T20:52:22.337" intervalms="8.257" />
<gc-start id="860" type="scavenge" contextid="859" timestamp="2019-06-14T20:52:22.337">
  <mem-info id="861" free="1978185168" total="1989279744" percent="99">
    <mem type="nursery" free="0" total="5242880" percent="0">
      <mem type="allocate" free="0" total="3473408" percent="0" />
      <mem type="survivor" free="0" total="1769472" percent="0" />
    </mem>
    <mem type="tenure" free="1978185168" total="1984036864" percent="99">
      <mem type="soa" free="1879006672" total="1884835840" percent="99" />
      <mem type="loa" free="99178496" total="99201024" percent="99" />
    </mem>
    <remembered-set count="3770" />
  </mem-info>
</gc-start>
<allocation-stats totalBytes="2211376" >
  <allocated-bytes non-tlh="32" tlh="2211344" />
  <largest-consumer threadName="main" threadId="00000000015BE700" bytes="2211376" />
</allocation-stats>
<gc-op id="862" type="scavenge" timems="0.908" contextid="859" timestamp="2019-06-14T20:52:22.338">
  <scavenger-info tenureage="3" tenuremask="ffd8" tiltratio="66" />
  <memory-copied type="nursery" objects="17601" bytes="1066040" bytesdiscarded="288168" />
  <memory-copied type="tenure" objects="5265" bytes="195216" bytesdiscarded="136" />
  <references type="soft" candidates="57" cleared="0" enqueued="0" dynamicThreshold="31" maxThreshold="32" />
  <references type="weak" candidates="94" cleared="0" enqueued="0" />
  <references type="phantom" candidates="1" cleared="0" enqueued="0" />
</gc-op>
<heap-resize id="863" type="expand" space="nursery" amount="393216" count="1" timems="0.014" reason="excessive time being spent scavenging" timestamp="2019-06-14T20:52:22.339" />
<gc-end id="864" type="scavenge" contextid="859" durationms="1.248" usertimems="4.000" systemtimems="0.000" timestamp="2019-06-14T20:52:22.339" activeThreads="4">
  <mem-info id="865" free="1980290696" total="1989672960" percent="99">
    <mem type="nursery" free="2577848" total="5636096" percent="45">
      <mem type="allocate" free="2577848" total="3932160" percent="65" />
      <mem type="survivor" free="0" total="1703936" percent="0" />
    </mem>
    <mem type="tenure" free="1977712848" total="1984036864" percent="99">
      <mem type="soa" free="1878534352" total="1884835840" percent="99" />
      <mem type="loa" free="99178496" total="99201024" percent="99" />
    </mem>
    <remembered-set count="263" />
  </mem-info>
</gc-end>
<cycle-end id="866" type="scavenge" contextid="859" timestamp="2019-06-14T20:52:22.339" />
  <attribute name="elasticGC enabled" value="1" />
  <attribute name= "numThreadsSpecified" value="4" />
  <attribute name="heapSize specified" value="2092630016" />
  <attribute name="Current GC Util" value="34" />
  <attribute name= "Current Time Running" value="6656" />
  <attribute name ="GC Interval" value="200" />
  <attribute name="ProportionalT" value="7.000000" />
  <attribute name="ProportionalI" value="7.000000" />
  <attribute name="ProportionalH" value="7.000000" />
  <attribute name="Current Error" value="14.000000" />
  <attribute name="IntegralT" value="112.000000" />
  <attribute name="IntegralI" value="112.000000" />
  <attribute name="IntegralH" value="112.000000" />
  <attribute name="DerivativeT" value="0.687500" />
  <attribute name="DerivativeI" value="0.687500" />
  <attribute name="DerivativeH" value="0.687500" />
  <attribute name="Loop Time for DT" value="8.000000" />
  <attribute name="Output H" value="8388608"/>
  <attribute name="Output I" value="200"/>
  <attribute name="Output T" value="4"/>
  <attribute name="Target GC Util Change" value ="20.000000" />
  <attribute name="Current GC Util Change" value="34.000000"/>
  <attribute name="GC Util currently" value="34" />
  <attribute name="CPU Util currently" value="566357847852" />
<allocation-satisfied id="867" threadId="00000000015BE700" bytesRequested="32" />
<af-end id="868" timestamp="2019-06-14T20:52:22.339" threadId="00000000015BF088" success="true" from="nursery"/>
<exclusive-end id="869" timestamp="2019-06-14T20:52:22.339" durationms="1.866" />

<exclusive-start id="870" timestamp="2019-06-14T20:52:22.365" intervalms="28.002">
  <response-info timems="0.055" idlems="0.055" threads="0" lastid="00000000015BE700" lastname="main" />
</exclusive-start>
<af-start id="871" threadId="00000000015BF088" totalBytesRequested="2008" timestamp="2019-06-14T20:52:22.365" intervalms="28.033" type="nursery" />
<cycle-start id="872" type="scavenge" contextid="0" timestamp="2019-06-14T20:52:22.365" intervalms="28.072" />
<gc-start id="873" type="scavenge" contextid="872" timestamp="2019-06-14T20:52:22.366">
  <mem-info id="874" free="1977693232" total="1989672960" percent="99">
    <mem type="nursery" free="0" total="5636096" percent="0">
      <mem type="allocate" free="0" total="3932160" percent="0" />
      <mem type="survivor" free="0" total="1703936" percent="0" />
    </mem>
    <mem type="tenure" free="1977693232" total="1984036864" percent="99">
      <mem type="soa" free="1878514736" total="1884835840" percent="99" />
      <mem type="loa" free="99178496" total="99201024" percent="99" />
    </mem>
    <remembered-set count="378" />
  </mem-info>
</gc-start>
<allocation-stats totalBytes="2582072" >
  <allocated-bytes non-tlh="219656" tlh="2362416" />
  <largest-consumer threadName="main" threadId="00000000015BE700" bytes="2582072" />
</allocation-stats>
<gc-op id="875" type="scavenge" timems="0.818" contextid="872" timestamp="2019-06-14T20:52:22.367">
  <scavenger-info tenureage="3" tenuremask="ffc8" tiltratio="69" />
  <memory-copied type="nursery" objects="608" bytes="294544" bytesdiscarded="92800" />
  <memory-copied type="tenure" objects="7599" bytes="314152" bytesdiscarded="144" />
  <references type="soft" candidates="32" cleared="0" enqueued="0" dynamicThreshold="31" maxThreshold="32" />
  <references type="weak" candidates="8" cleared="2" enqueued="2" />
  <references type="phantom" candidates="1" cleared="0" enqueued="0" />
</gc-op>
<gc-end id="876" type="scavenge" contextid="872" durationms="1.146" usertimems="4.000" systemtimems="0.000" timestamp="2019-06-14T20:52:22.367" activeThreads="4">
  <mem-info id="877" free="1981277928" total="1989672960" percent="99">
    <mem type="nursery" free="3741368" total="5636096" percent="66">
      <mem type="allocate" free="3741368" total="4128768" percent="90" />
      <mem type="survivor" free="0" total="1507328" percent="0" />
    </mem>
    <mem type="tenure" free="1977536560" total="1984036864" percent="99">
      <mem type="soa" free="1878358064" total="1884835840" percent="99" />
      <mem type="loa" free="99178496" total="99201024" percent="99" />
    </mem>
    <pending-finalizers system="0" default="0" reference="2" classloader="0" />
    <remembered-set count="198" />
  </mem-info>
</gc-end>
<cycle-end id="878" type="scavenge" contextid="872" timestamp="2019-06-14T20:52:22.367" />
  <attribute name="elasticGC enabled" value="1" />
  <attribute name= "numThreadsSpecified" value="4" />
  <attribute name="heapSize specified" value="2092630016" />
  <attribute name="Current GC Util" value="9" />
  <attribute name= "Current Time Running" value="6684" />
  <attribute name ="GC Interval" value="200" />
  <attribute name="ProportionalT" value="-5.500000" />
  <attribute name="ProportionalI" value="-5.500000" />
  <attribute name="ProportionalH" value="-5.500000" />
  <attribute name="Current Error" value="-11.000000" />
  <attribute name="IntegralT" value="-308.000000" />
  <attribute name="IntegralI" value="-308.000000" />
  <attribute name="IntegralH" value="-308.000000" />
  <attribute name="DerivativeT" value="-0.446429" />
  <attribute name="DerivativeI" value="-0.446429" />
  <attribute name="DerivativeH" value="-0.446429" />
  <attribute name="Loop Time for DT" value="28.000000" />
  <attribute name="Output H" value="2092630016"/>
  <attribute name="Output I" value="200"/>
  <attribute name="Output T" value="4"/>
  <attribute name="Target GC Util Change" value ="20.000000" />
  <attribute name="Current GC Util Change" value="9.000000"/>
  <attribute name="GC Util currently" value="9" />
  <attribute name="CPU Util currently" value="163526719074" />
<allocation-satisfied id="879" threadId="00000000015BE700" bytesRequested="2008" />
<af-end id="880" timestamp="2019-06-14T20:52:22.367" threadId="00000000015BF088" success="true" from="nursery"/>
<exclusive-end id="881" timestamp="2019-06-14T20:52:22.367" durationms="1.798" />

<exclusive-start id="882" timestamp="2019-06-14T20:52:22.377" intervalms="12.322">
  <response-info timems="0.059" idlems="0.059" threads="0" lastid="00000000015BE700" lastname="main" />
</exclusive-start>
<af-start id="883" threadId="00000000015BF088" totalBytesRequested="40" timestamp="2019-06-14T20:52:22.378" intervalms="12.330" type="nursery" />
<cycle-start id="884" type="scavenge" contextid="0" timestamp="2019-06-14T20:52:22.378" intervalms="12.335" />
<gc-start id="885" type="scavenge" contextid="884" timestamp="2019-06-14T20:52:22.378">
  <mem-info id="886" free="1977536528" total="1989672960" percent="99">
    <mem type="nursery" free="0" total="5636096" percent="0">
      <mem type="allocate" free="0" total="4128768" percent="0" />
      <mem type="survivor" free="0" total="1507328" percent="0" />
    </mem>
    <mem type="tenure" free="1977536528" total="1984036864" percent="99">
      <mem type="soa" free="1878358032" total="1884835840" percent="99" />
      <mem type="loa" free="99178496" total="99201024" percent="99" />
    </mem>
    <remembered-set count="200" />
  </mem-info>
</gc-start>
<allocation-stats totalBytes="3740920" >
  <allocated-bytes non-tlh="2040" tlh="3738880" />
  <largest-consumer threadName="main" threadId="00000000015BE700" bytes="3736824" />
</allocation-stats>
<gc-op id="887" type="scavenge" timems="0.864" contextid="884" timestamp="2019-06-14T20:52:22.379">
  <scavenger-info tenureage="5" tenuremask="ffe0" tiltratio="73" />
  <memory-copied type="nursery" objects="7777" bytes="609208" bytesdiscarded="105056" />
  <references type="soft" candidates="32" cleared="0" enqueued="0" dynamicThreshold="31" maxThreshold="32" />
  <references type="weak" candidates="4" cleared="0" enqueued="0" />
  <references type="phantom" candidates="1" cleared="0" enqueued="0" />
</gc-op>
<heap-resize id="888" type="expand" space="nursery" amount="262144" count="1" timems="0.012" reason="excessive time being spent scavenging" timestamp="2019-06-14T20:52:22.379" />
<gc-end id="889" type="scavenge" contextid="884" durationms="1.299" usertimems="0.000" systemtimems="0.000" timestamp="2019-06-14T20:52:22.379" activeThreads="4">
  <mem-info id="890" free="1981278656" total="1989935104" percent="99">
    <mem type="nursery" free="3742128" total="5898240" percent="63">
      <mem type="allocate" free="3742128" total="4456448" percent="83" />
      <mem type="survivor" free="0" total="1441792" percent="0" />
    </mem>
    <mem type="tenure" free="1977536528" total="1984036864" percent="99">
      <mem type="soa" free="1878358032" total="1884835840" percent="99" />
      <mem type="loa" free="99178496" total="99201024" percent="99" />
    </mem>
    <remembered-set count="197" />
  </mem-info>
</gc-end>
<cycle-end id="891" type="scavenge" contextid="884" timestamp="2019-06-14T20:52:22.379" />
  <attribute name="elasticGC enabled" value="1" />
  <attribute name= "numThreadsSpecified" value="4" />
  <attribute name="heapSize specified" value="2092630016" />
  <attribute name="Current GC Util" value="12" />
  <attribute name= "Current Time Running" value="6696" />
  <attribute name ="GC Interval" value="200" />
  <attribute name="ProportionalT" value="-4.000000" />
  <attribute name="ProportionalI" value="-4.000000" />
  <attribute name="ProportionalH" value="-4.000000" />
  <attribute name="Current Error" value="-8.000000" />
  <attribute name="IntegralT" value="-96.000000" />
  <attribute name="IntegralI" value="-96.000000" />
  <attribute name="IntegralH" value="-96.000000" />
  <attribute name="DerivativeT" value="-0.333333" />
  <attribute name="DerivativeI" value="-0.333333" />
  <attribute name="DerivativeH" value="-0.333333" />
  <attribute name="Loop Time for DT" value="12.000000" />
  <attribute name="Output H" value="2092630016"/>
  <attribute name="Output I" value="200"/>
  <attribute name="Output T" value="4"/>
  <attribute name="Target GC Util Change" value ="20.000000" />
  <attribute name="Current GC Util Change" value="12.000000"/>
  <attribute name="GC Util currently" value="12" />
  <attribute name="CPU Util currently" value="373853173688" />
<allocation-satisfied id="892" threadId="00000000015BE700" bytesRequested="40" />
<af-end id="893" timestamp="2019-06-14T20:52:22.379" threadId="00000000015BF088" success="true" from="nursery"/>
<exclusive-end id="894" timestamp="2019-06-14T20:52:22.379" durationms="1.986" />

<exclusive-start id="895" timestamp="2019-06-14T20:52:22.410" intervalms="32.441">
  <response-info timems="0.031" idlems="0.031" threads="0" lastid="00000000015BE700" lastname="main" />
</exclusive-start>
<af-start id="896" threadId="00000000015BF088" totalBytesRequested="48" timestamp="2019-06-14T20:52:22.410" intervalms="32.406" type="nursery" />
<cycle-start id="897" type="scavenge" contextid="0" timestamp="2019-06-14T20:52:22.410" intervalms="32.366" />
<gc-start id="898" type="scavenge" contextid="897" timestamp="2019-06-14T20:52:22.410">
  <mem-info id="899" free="1977518792" total="1989935104" percent="99">
    <mem type="nursery" free="0" total="5898240" percent="0">
      <mem type="allocate" free="0" total="4456448" percent="0" />
      <mem type="survivor" free="0" total="1441792" percent="0" />
    </mem>
    <mem type="tenure" free="1977518792" total="1984036864" percent="99">
      <mem type="soa" free="1878340296" total="1884835840" percent="99" />
      <mem type="loa" free="99178496" total="99201024" percent="99" />
    </mem>
    <remembered-set count="291" />
  </mem-info>
</gc-start>
<allocation-stats totalBytes="3758920" >
  <allocated-bytes non-tlh="217784" tlh="3541136" />
  <largest-consumer threadName="main" threadId="00000000015BE700" bytes="3758920" />
</allocation-stats>
<gc-op id="900" type="scavenge" timems="0.782" contextid="897" timestamp="2019-06-14T20:52:22.411">
  <scavenger-info tenureage="2" tenuremask="fffc" tiltratio="75" />
  <memory-copied type="nursery" objects="7071" bytes="664920" bytesdiscarded="159656" />
  <memory-copied type="tenure" objects="545" bytes="22728" bytesdiscarded="480" />
  <references type="soft" candidates="1" cleared="0" enqueued="0" dynamicThreshold="31" maxThreshold="32" />
  <references type="weak" candidates="20" cleared="0" enqueued="0" />
  <references type="phantom" candidates="1" cleared="0" enqueued="0" />
</gc-op>
<gc-end id="901" type="scavenge" contextid="897" durationms="1.000" usertimems="0.000" systemtimems="0.000" timestamp="2019-06-14T20:52:22.411" activeThreads="4">
  <mem-info id="902" free="1981242496" total="1989935104" percent="99">
    <mem type="nursery" free="3762872" total="5898240" percent="63">
      <mem type="allocate" free="3762872" total="4587520" percent="82" />
      <mem type="survivor" free="0" total="1310720" percent="0" />
    </mem>
    <mem type="tenure" free="1977479624" total="1984036864" percent="99">
      <mem type="soa" free="1878301128" total="1884835840" percent="99" />
      <mem type="loa" free="99178496" total="99201024" percent="99" />
    </mem>
    <remembered-set count="170" />
  </mem-info>
</gc-end>
<cycle-end id="903" type="scavenge" contextid="897" timestamp="2019-06-14T20:52:22.411" />
  <attribute name="elasticGC enabled" value="1" />
  <attribute name= "numThreadsSpecified" value="4" />
  <attribute name="heapSize specified" value="2092630016" />
  <attribute name="Current GC Util" value="4" />
  <attribute name= "Current Time Running" value="6729" />
  <attribute name ="GC Interval" value="200" />
  <attribute name="ProportionalT" value="-8.000000" />
  <attribute name="ProportionalI" value="-8.000000" />
  <attribute name="ProportionalH" value="-8.000000" />
  <attribute name="Current Error" value="-16.000000" />
  <attribute name="IntegralT" value="-528.000000" />
  <attribute name="IntegralI" value="-528.000000" />
  <attribute name="IntegralH" value="-528.000000" />
  <attribute name="DerivativeT" value="-0.242424" />
  <attribute name="DerivativeI" value="-0.242424" />
  <attribute name="DerivativeH" value="-0.242424" />
  <attribute name="Loop Time for DT" value="33.000000" />
  <attribute name="Output H" value="2092630016"/>
  <attribute name="Output I" value="200"/>
  <attribute name="Output T" value="4"/>
  <attribute name="Target GC Util Change" value ="20.000000" />
  <attribute name="Current GC Util Change" value="4.000000"/>
  <attribute name="GC Util currently" value="4" />
  <attribute name="CPU Util currently" value="143011456768" />
<allocation-satisfied id="904" threadId="00000000015BE700" bytesRequested="48" />
<af-end id="905" timestamp="2019-06-14T20:52:22.411" threadId="00000000015BF088" success="true" from="nursery"/>
<exclusive-end id="906" timestamp="2019-06-14T20:52:22.411" durationms="1.492" />

<exclusive-start id="907" timestamp="2019-06-14T20:52:22.417" intervalms="6.977">
  <response-info timems="0.060" idlems="0.060" threads="0" lastid="00000000015BE700" lastname="main" />
</exclusive-start>
<af-start id="908" threadId="00000000015BF088" totalBytesRequested="32" timestamp="2019-06-14T20:52:22.417" intervalms="6.990" type="nursery" />
<cycle-start id="909" type="scavenge" contextid="0" timestamp="2019-06-14T20:52:22.417" intervalms="7.031" />
<gc-start id="910" type="scavenge" contextid="909" timestamp="2019-06-14T20:52:22.417">
  <mem-info id="911" free="1977479624" total="1989935104" percent="99">
    <mem type="nursery" free="0" total="5898240" percent="0">
      <mem type="allocate" free="0" total="4587520" percent="0" />
      <mem type="survivor" free="0" total="1310720" percent="0" />
    </mem>
    <mem type="tenure" free="1977479624" total="1984036864" percent="99">
      <mem type="soa" free="1878301128" total="1884835840" percent="99" />
      <mem type="loa" free="99178496" total="99201024" percent="99" />
    </mem>
    <remembered-set count="170" />
  </mem-info>
</gc-start>
<allocation-stats totalBytes="3762504" >
  <allocated-bytes non-tlh="48" tlh="3762456" />
  <largest-consumer threadName="main" threadId="00000000015BE700" bytes="3762504" />
</allocation-stats>
<gc-op id="912" type="scavenge" timems="0.766" contextid="909" timestamp="2019-06-14T20:52:22.418">
  <scavenger-info tenureage="13" tenuremask="6000" tiltratio="77" />
  <memory-copied type="nursery" objects="9997" bytes="772968" bytesdiscarded="252840" />
  <references type="soft" candidates="1" cleared="0" enqueued="0" dynamicThreshold="31" maxThreshold="32" />
  <references type="weak" candidates="20" cleared="0" enqueued="0" />
  <references type="phantom" candidates="1" cleared="0" enqueued="0" />
</gc-op>
<heap-resize id="913" type="expand" space="nursery" amount="524288" count="1" timems="0.013" reason="excessive time being spent scavenging" timestamp="2019-06-14T20:52:22.418" />
<gc-end id="914" type="scavenge" contextid="909" durationms="1.107" usertimems="0.000" systemtimems="0.000" timestamp="2019-06-14T20:52:22.418" activeThreads="4">
  <mem-info id="915" free="1981500024" total="1990459392" percent="99">
    <mem type="nursery" free="4020400" total="6422528" percent="62">
      <mem type="allocate" free="4020400" total="5046272" percent="79" />
      <mem type="survivor" free="0" total="1376256" percent="0" />
    </mem>
    <mem type="tenure" free="1977479624" total="1984036864" percent="99">
      <mem type="soa" free="1878301128" total="1884835840" percent="99" />
      <mem type="loa" free="99178496" total="99201024" percent="99" />
    </mem>
    <remembered-set count="169" />
  </mem-info>
</gc-end>
<cycle-end id="916" type="scavenge" contextid="909" timestamp="2019-06-14T20:52:22.418" />
  <attribute name="elasticGC enabled" value="1" />
  <attribute name= "numThreadsSpecified" value="4" />
  <attribute name="heapSize specified" value="2092630016" />
  <attribute name="Current GC Util" value="24" />
  <attribute name= "Current Time Running" value="6736" />
  <attribute name ="GC Interval" value="200" />
  <attribute name="ProportionalT" value="2.000000" />
  <attribute name="ProportionalI" value="2.000000" />
  <attribute name="ProportionalH" value="2.000000" />
  <attribute name="Current Error" value="4.000000" />
  <attribute name="IntegralT" value="28.000000" />
  <attribute name="IntegralI" value="28.000000" />
  <attribute name="IntegralH" value="28.000000" />
  <attribute name="DerivativeT" value="0.285714" />
  <attribute name="DerivativeI" value="0.285714" />
  <attribute name="DerivativeH" value="0.285714" />
  <attribute name="Loop Time for DT" value="7.000000" />
  <attribute name="Output H" value="8388608"/>
  <attribute name="Output I" value="200"/>
  <attribute name="Output T" value="4"/>
  <attribute name="Target GC Util Change" value ="20.000000" />
  <attribute name="Current GC Util Change" value="24.000000"/>
  <attribute name="GC Util currently" value="24" />
  <attribute name="CPU Util currently" value="647236009063" />
<allocation-satisfied id="917" threadId="00000000015BE700" bytesRequested="32" />
<af-end id="918" timestamp="2019-06-14T20:52:22.419" threadId="00000000015BF088" success="true" from="nursery"/>
<exclusive-end id="919" timestamp="2019-06-14T20:52:22.419" durationms="1.686" />

<exclusive-start id="920" timestamp="2019-06-14T20:52:22.424" intervalms="7.371">
  <response-info timems="0.056" idlems="0.056" threads="0" lastid="00000000015BE700" lastname="main" />
</exclusive-start>
<af-start id="921" threadId="00000000015BF088" totalBytesRequested="32" timestamp="2019-06-14T20:52:22.424" intervalms="7.337" type="nursery" />
<cycle-start id="922" type="scavenge" contextid="0" timestamp="2019-06-14T20:52:22.424" intervalms="7.287" />
<gc-start id="923" type="scavenge" contextid="922" timestamp="2019-06-14T20:52:22.424">
  <mem-info id="924" free="1977479624" total="1990459392" percent="99">
    <mem type="nursery" free="0" total="6422528" percent="0">
      <mem type="allocate" free="0" total="5046272" percent="0" />
      <mem type="survivor" free="0" total="1376256" percent="0" />
    </mem>
    <mem type="tenure" free="1977479624" total="1984036864" percent="99">
      <mem type="soa" free="1878301128" total="1884835840" percent="99" />
      <mem type="loa" free="99178496" total="99201024" percent="99" />
    </mem>
    <remembered-set count="169" />
  </mem-info>
</gc-start>
<allocation-stats totalBytes="4019840" >
  <allocated-bytes non-tlh="32" tlh="4019808" />
  <largest-consumer threadName="main" threadId="00000000015BE700" bytes="4019840" />
</allocation-stats>
<gc-op id="925" type="scavenge" timems="1.210" contextid="922" timestamp="2019-06-14T20:52:22.426">
  <scavenger-info tenureage="2" tenuremask="6004" tiltratio="78" />
  <memory-copied type="nursery" objects="6255" bytes="233480" bytesdiscarded="1528" />
  <memory-copied type="tenure" objects="6961" bytes="661472" bytesdiscarded="32" />
</gc-op>
<heap-resize id="926" type="expand" space="nursery" amount="524288" count="1" timems="0.010" reason="excessive time being spent scavenging" timestamp="2019-06-14T20:52:22.426" />
<gc-end id="927" type="scavenge" contextid="922" durationms="1.467" usertimems="4.000" systemtimems="0.000" timestamp="2019-06-14T20:52:22.426" activeThreads="4">
  <mem-info id="928" free="1982202224" total="1990983680" percent="99">
    <mem type="nursery" free="5401088" total="6946816" percent="77">
      <mem type="allocate" free="5401088" total="5636096" percent="95" />
      <mem type="survivor" free="0" total="1310720" percent="0" />
    </mem>
    <mem type="tenure" free="1976801136" total="1984036864" percent="99">
      <mem type="soa" free="1877622640" total="1884835840" percent="99" />
      <mem type="loa" free="99178496" total="99201024" percent="99" />
    </mem>
    <remembered-set count="674" />
  </mem-info>
</gc-end>
<cycle-end id="929" type="scavenge" contextid="922" timestamp="2019-06-14T20:52:22.426" />
  <attribute name="elasticGC enabled" value="1" />
  <attribute name= "numThreadsSpecified" value="4" />
  <attribute name="heapSize specified" value="2092630016" />
  <attribute name="Current GC Util" value="22" />
  <attribute name= "Current Time Running" value="6743" />
  <attribute name ="GC Interval" value="200" />
  <attribute name="ProportionalT" value="1.000000" />
  <attribute name="ProportionalI" value="1.000000" />
  <attribute name="ProportionalH" value="1.000000" />
  <attribute name="Current Error" value="2.000000" />
  <attribute name="IntegralT" value="14.000000" />
  <attribute name="IntegralI" value="14.000000" />
  <attribute name="IntegralH" value="14.000000" />
  <attribute name="DerivativeT" value="-0.142857" />
  <attribute name="DerivativeI" value="-0.142857" />
  <attribute name="DerivativeH" value="-0.142857" />
  <attribute name="Loop Time for DT" value="7.000000" />
  <attribute name="Output H" value="8388608"/>
  <attribute name="Output I" value="200"/>
  <attribute name="Output T" value="4"/>
  <attribute name="Target GC Util Change" value ="20.000000" />
  <attribute name="Current GC Util Change" value="22.000000"/>
  <attribute name="GC Util currently" value="22" />
  <attribute name="CPU Util currently" value="643903079564" />
<allocation-satisfied id="930" threadId="00000000015BE700" bytesRequested="32" />
<af-end id="931" timestamp="2019-06-14T20:52:22.426" threadId="00000000015BF088" success="true" from="nursery"/>
<exclusive-end id="932" timestamp="2019-06-14T20:52:22.426" durationms="1.930" />

<exclusive-start id="933" timestamp="2019-06-14T20:52:22.435" intervalms="10.960">
  <response-info timems="0.030" idlems="0.030" threads="0" lastid="00000000015BE700" lastname="main" />
</exclusive-start>
<af-start id="934" threadId="00000000015BF088" totalBytesRequested="32" timestamp="2019-06-14T20:52:22.435" intervalms="11.014" type="nursery" />
<cycle-start id="935" type="scavenge" contextid="0" timestamp="2019-06-14T20:52:22.435" intervalms="11.061" />
<gc-start id="936" type="scavenge" contextid="935" timestamp="2019-06-14T20:52:22.436">
  <mem-info id="937" free="1976801136" total="1990983680" percent="99">
    <mem type="nursery" free="0" total="6946816" percent="0">
      <mem type="allocate" free="0" total="5636096" percent="0" />
      <mem type="survivor" free="0" total="1310720" percent="0" />
    </mem>
    <mem type="tenure" free="1976801136" total="1984036864" percent="99">
      <mem type="soa" free="1877622640" total="1884835840" percent="99" />
      <mem type="loa" free="99178496" total="99201024" percent="99" />
    </mem>
    <remembered-set count="1254" />
  </mem-info>
</gc-start>
<allocation-stats totalBytes="5400496" >
  <allocated-bytes non-tlh="32" tlh="5400464" />
  <largest-consumer threadName="main" threadId="00000000015BE700" bytes="5400496" />
</allocation-stats>
<gc-op id="938" type="scavenge" timems="1.063" contextid="935" timestamp="2019-06-14T20:52:22.437">
  <scavenger-info tenureage="14" tenuremask="4000" tiltratio="81" />
  <memory-copied type="nursery" objects="12329" bytes="457712" bytesdiscarded="51472" />
</gc-op>
<heap-resize id="939" type="expand" space="nursery" amount="393216" count="1" timems="0.012" reason="excessive time being spent scavenging" timestamp="2019-06-14T20:52:22.437" />
<gc-end id="940" type="scavenge" contextid="935" durationms="1.420" usertimems="0.000" systemtimems="0.000" timestamp="2019-06-14T20:52:22.437" activeThreads="4">
  <mem-info id="941" free="1982517872" total="1991376896" percent="99">
    <mem type="nursery" free="5716736" total="7340032" percent="77">
      <mem type="allocate" free="5716736" total="6225920" percent="91" />
      <mem type="survivor" free="0" total="1114112" percent="0" />
    </mem>
    <mem type="tenure" free="1976801136" total="1984036864" percent="99">
      <mem type="soa" free="1877622640" total="1884835840" percent="99" />
      <mem type="loa" free="99178496" total="99201024" percent="99" />
    </mem>
    <remembered-set count="1252" />
  </mem-info>
</gc-end>
<cycle-end id="942" type="scavenge" contextid="935" timestamp="2019-06-14T20:52:22.437" />
  <attribute name="elasticGC enabled" value="1" />
  <attribute name= "numThreadsSpecified" value="4" />
  <attribute name="heapSize specified" value="2092630016" />
  <attribute name="Current GC Util" value="18" />
  <attribute name= "Current Time Running" value="6754" />
  <attribute name ="GC Interval" value="200" />
  <attribute name="ProportionalT" value="-1.000000" />
  <attribute name="ProportionalI" value="-1.000000" />
  <attribute name="ProportionalH" value="-1.000000" />
  <attribute name="Current Error" value="-2.000000" />
  <attribute name="IntegralT" value="-22.000000" />
  <attribute name="IntegralI" value="-22.000000" />
  <attribute name="IntegralH" value="-22.000000" />
  <attribute name="DerivativeT" value="-0.181818" />
  <attribute name="DerivativeI" value="-0.181818" />
  <attribute name="DerivativeH" value="-0.181818" />
  <attribute name="Loop Time for DT" value="11.000000" />
  <attribute name="Output H" value="2092630016"/>
  <attribute name="Output I" value="200"/>
  <attribute name="Output T" value="4"/>
  <attribute name="Target GC Util Change" value ="20.000000" />
  <attribute name="Current GC Util Change" value="18.000000"/>
  <attribute name="GC Util currently" value="18" />
  <attribute name="CPU Util currently" value="411178395360" />
<allocation-satisfied id="943" threadId="00000000015BE700" bytesRequested="32" />
<af-end id="944" timestamp="2019-06-14T20:52:22.437" threadId="00000000015BF088" success="true" from="nursery"/>
<exclusive-end id="945" timestamp="2019-06-14T20:52:22.437" durationms="2.050" />

<exclusive-start id="946" timestamp="2019-06-14T20:52:22.466" intervalms="30.328">
  <response-info timems="0.027" idlems="0.027" threads="0" lastid="00000000015BE700" lastname="main" />
</exclusive-start>
<af-start id="947" threadId="00000000015BF088" totalBytesRequested="32" timestamp="2019-06-14T20:52:22.466" intervalms="30.326" type="nursery" />
<cycle-start id="948" type="scavenge" contextid="0" timestamp="2019-06-14T20:52:22.466" intervalms="30.326" />
<gc-start id="949" type="scavenge" contextid="948" timestamp="2019-06-14T20:52:22.466">
  <mem-info id="950" free="1976797360" total="1991376896" percent="99">
    <mem type="nursery" free="0" total="7340032" percent="0">
      <mem type="allocate" free="0" total="6225920" percent="0" />
      <mem type="survivor" free="0" total="1114112" percent="0" />
    </mem>
    <mem type="tenure" free="1976797360" total="1984036864" percent="99">
      <mem type="soa" free="1877618864" total="1884835840" percent="99" />
      <mem type="loa" free="99178496" total="99201024" percent="99" />
    </mem>
    <remembered-set count="1398" />
  </mem-info>
</gc-start>
<allocation-stats totalBytes="5719784" >
  <allocated-bytes non-tlh="203816" tlh="5515968" />
  <largest-consumer threadName="main" threadId="00000000015BE700" bytes="5719784" />
</allocation-stats>
<gc-op id="951" type="scavenge" timems="0.958" contextid="948" timestamp="2019-06-14T20:52:22.467">
  <scavenger-info tenureage="3" tenuremask="4008" tiltratio="84" />
  <memory-copied type="nursery" objects="13919" bytes="824776" bytesdiscarded="83320" />
  <memory-copied type="tenure" objects="2439" bytes="94744" bytesdiscarded="8" />
  <references type="soft" candidates="10" cleared="0" enqueued="0" dynamicThreshold="31" maxThreshold="32" />
  <references type="weak" candidates="2" cleared="0" enqueued="0" />
  <references type="phantom" candidates="1" cleared="0" enqueued="0" />
</gc-op>
<gc-end id="952" type="scavenge" contextid="948" durationms="1.284" usertimems="4.000" systemtimems="0.000" timestamp="2019-06-14T20:52:22.467" activeThreads="4">
  <mem-info id="953" free="1981944872" total="1991376896" percent="99">
    <mem type="nursery" free="5186680" total="7340032" percent="70">
      <mem type="allocate" free="5186680" total="6094848" percent="85" />
      <mem type="survivor" free="0" total="1245184" percent="0" />
    </mem>
    <mem type="tenure" free="1976758192" total="1984036864" percent="99">
      <mem type="soa" free="1877579696" total="1884835840" percent="99" />
      <mem type="loa" free="99178496" total="99201024" percent="99" />
    </mem>
    <remembered-set count="1192" />
  </mem-info>
</gc-end>
<cycle-end id="954" type="scavenge" contextid="948" timestamp="2019-06-14T20:52:22.467" />
  <attribute name="elasticGC enabled" value="1" />
  <attribute name= "numThreadsSpecified" value="4" />
  <attribute name="heapSize specified" value="2092630016" />
  <attribute name="Current GC Util" value="4" />
  <attribute name= "Current Time Running" value="6784" />
  <attribute name ="GC Interval" value="200" />
  <attribute name="ProportionalT" value="-8.000000" />
  <attribute name="ProportionalI" value="-8.000000" />
  <attribute name="ProportionalH" value="-8.000000" />
  <attribute name="Current Error" value="-16.000000" />
  <attribute name="IntegralT" value="-480.000000" />
  <attribute name="IntegralI" value="-480.000000" />
  <attribute name="IntegralH" value="-480.000000" />
  <attribute name="DerivativeT" value="-0.266667" />
  <attribute name="DerivativeI" value="-0.266667" />
  <attribute name="DerivativeH" value="-0.266667" />
  <attribute name="Loop Time for DT" value="30.000000" />
  <attribute name="Output H" value="2092630016"/>
  <attribute name="Output I" value="200"/>
  <attribute name="Output T" value="4"/>
  <attribute name="Target GC Util Change" value ="20.000000" />
  <attribute name="Current GC Util Change" value="4.000000"/>
  <attribute name="GC Util currently" value="4" />
  <attribute name="CPU Util currently" value="152130446708" />
<allocation-satisfied id="955" threadId="00000000015BE700" bytesRequested="32" />
<af-end id="956" timestamp="2019-06-14T20:52:22.467" threadId="00000000015BF088" success="true" from="nursery"/>
<exclusive-end id="957" timestamp="2019-06-14T20:52:22.468" durationms="1.986" />

<exclusive-start id="958" timestamp="2019-06-14T20:52:22.501" intervalms="35.390">
  <response-info timems="0.024" idlems="0.024" threads="0" lastid="00000000015BE700" lastname="main" />
</exclusive-start>
<af-start id="959" threadId="00000000015BF088" totalBytesRequested="48" timestamp="2019-06-14T20:52:22.501" intervalms="35.403" type="nursery" />
<cycle-start id="960" type="scavenge" contextid="0" timestamp="2019-06-14T20:52:22.501" intervalms="35.407" />
<gc-start id="961" type="scavenge" contextid="960" timestamp="2019-06-14T20:52:22.501">
  <mem-info id="962" free="1976744880" total="1991376896" percent="99">
    <mem type="nursery" free="0" total="7340032" percent="0">
      <mem type="allocate" free="0" total="6094848" percent="0" />
      <mem type="survivor" free="0" total="1245184" percent="0" />
    </mem>
    <mem type="tenure" free="1976744880" total="1984036864" percent="99">
      <mem type="soa" free="1877566384" total="1884835840" percent="99" />
      <mem type="loa" free="99178496" total="99201024" percent="99" />
    </mem>
    <remembered-set count="1411" />
  </mem-info>
</gc-start>
<allocation-stats totalBytes="5198896" >
  <allocated-bytes non-tlh="278896" tlh="4920000" />
  <largest-consumer threadName="main" threadId="00000000015BE700" bytes="5198896" />
</allocation-stats>
<gc-op id="963" type="scavenge" timems="1.121" contextid="960" timestamp="2019-06-14T20:52:22.503">
  <scavenger-info tenureage="14" tenuremask="4000" tiltratio="83" />
  <memory-copied type="nursery" objects="18288" bytes="1152688" bytesdiscarded="92368" />
  <memory-copied type="tenure" objects="2566" bytes="106760" bytesdiscarded="24" />
  <copy-failed type="nursery" objects="2566" bytes="106760" />
  <references type="soft" candidates="11" cleared="0" enqueued="0" dynamicThreshold="31" maxThreshold="32" />
  <references type="weak" candidates="207" cleared="0" enqueued="0" />
  <references type="phantom" candidates="1" cleared="0" enqueued="0" />
</gc-op>
<gc-end id="964" type="scavenge" contextid="960" durationms="1.419" usertimems="0.000" systemtimems="0.000" timestamp="2019-06-14T20:52:22.503" activeThreads="4">
  <mem-info id="965" free="1980965552" total="1991376896" percent="99">
    <mem type="nursery" free="4259840" total="7340032" percent="58">
      <mem type="allocate" free="4259840" total="5505024" percent="77" />
      <mem type="survivor" free="0" total="1835008" percent="0" />
    </mem>
    <mem type="tenure" free="1976705712" total="1984036864" percent="99">
      <mem type="soa" free="1877527216" total="1884835840" percent="99" />
      <mem type="loa" free="99178496" total="99201024" percent="99" />
    </mem>
    <remembered-set count="2256" />
  </mem-info>
</gc-end>
<cycle-end id="966" type="scavenge" contextid="960" timestamp="2019-06-14T20:52:22.503" />
  <attribute name="elasticGC enabled" value="1" />
  <attribute name= "numThreadsSpecified" value="4" />
  <attribute name="heapSize specified" value="2092630016" />
  <attribute name="Current GC Util" value="5" />
  <attribute name= "Current Time Running" value="6820" />
  <attribute name ="GC Interval" value="200" />
  <attribute name="ProportionalT" value="-7.500000" />
  <attribute name="ProportionalI" value="-7.500000" />
  <attribute name="ProportionalH" value="-7.500000" />
  <attribute name="Current Error" value="-15.000000" />
  <attribute name="IntegralT" value="-540.000000" />
  <attribute name="IntegralI" value="-540.000000" />
  <attribute name="IntegralH" value="-540.000000" />
  <attribute name="DerivativeT" value="-0.208333" />
  <attribute name="DerivativeI" value="-0.208333" />
  <attribute name="DerivativeH" value="-0.208333" />
  <attribute name="Loop Time for DT" value="36.000000" />
  <attribute name="Output H" value="2092630016"/>
  <attribute name="Output I" value="200"/>
  <attribute name="Output T" value="4"/>
  <attribute name="Target GC Util Change" value ="20.000000" />
  <attribute name="Current GC Util Change" value="5.000000"/>
  <attribute name="GC Util currently" value="5" />
  <attribute name="CPU Util currently" value="130179489791" />
<allocation-satisfied id="967" threadId="00000000015BE700" bytesRequested="48" />
<af-end id="968" timestamp="2019-06-14T20:52:22.503" threadId="00000000015BF088" success="true" from="nursery"/>
<exclusive-end id="969" timestamp="2019-06-14T20:52:22.503" durationms="2.075" />

<exclusive-start id="970" timestamp="2019-06-14T20:52:22.512" intervalms="10.717">
  <response-info timems="0.055" idlems="0.055" threads="0" lastid="00000000015BE700" lastname="main" />
</exclusive-start>
<af-start id="971" threadId="00000000015BF088" totalBytesRequested="32" timestamp="2019-06-14T20:52:22.512" intervalms="10.692" type="nursery" />
<cycle-start id="972" type="scavenge" contextid="0" timestamp="2019-06-14T20:52:22.512" intervalms="10.685" />
<gc-start id="973" type="scavenge" contextid="972" timestamp="2019-06-14T20:52:22.512">
  <mem-info id="974" free="1976705712" total="1991376896" percent="99">
    <mem type="nursery" free="0" total="7340032" percent="0">
      <mem type="allocate" free="0" total="5505024" percent="0" />
      <mem type="survivor" free="0" total="1835008" percent="0" />
    </mem>
    <mem type="tenure" free="1976705712" total="1984036864" percent="99">
      <mem type="soa" free="1877527216" total="1884835840" percent="99" />
      <mem type="loa" free="99178496" total="99201024" percent="99" />
    </mem>
    <remembered-set count="2256" />
  </mem-info>
</gc-start>
<allocation-stats totalBytes="4259392" >
  <allocated-bytes non-tlh="48" tlh="4259344" />
  <largest-consumer threadName="main" threadId="00000000015BE700" bytes="4259392" />
</allocation-stats>
<gc-op id="975" type="scavenge" timems="1.248" contextid="972" timestamp="2019-06-14T20:52:22.513">
  <scavenger-info tenureage="3" tenuremask="4018" tiltratio="75" />
  <memory-copied type="nursery" objects="18942" bytes="1172936" bytesdiscarded="187192" />
  <memory-copied type="tenure" objects="6536" bytes="239832" bytesdiscarded="32" />
  <references type="soft" candidates="11" cleared="0" enqueued="0" dynamicThreshold="31" maxThreshold="32" />
  <references type="weak" candidates="207" cleared="0" enqueued="0" />
  <references type="phantom" candidates="1" cleared="0" enqueued="0" />
</gc-op>
<heap-resize id="976" type="expand" space="nursery" amount="393216" count="1" timems="0.012" reason="excessive time being spent scavenging" timestamp="2019-06-14T20:52:22.514" />
<gc-end id="977" type="scavenge" contextid="972" durationms="1.598" usertimems="4.000" systemtimems="0.000" timestamp="2019-06-14T20:52:22.514" activeThreads="4">
  <mem-info id="978" free="1980943176" total="1991770112" percent="99">
    <mem type="nursery" free="4472472" total="7733248" percent="57">
      <mem type="allocate" free="4472472" total="5832704" percent="76" />
      <mem type="survivor" free="0" total="1900544" percent="0" />
    </mem>
    <mem type="tenure" free="1976470704" total="1984036864" percent="99">
      <mem type="soa" free="1877292208" total="1884835840" percent="99" />
      <mem type="loa" free="99178496" total="99201024" percent="99" />
    </mem>
    <remembered-set count="483" />
  </mem-info>
</gc-end>
<cycle-end id="979" type="scavenge" contextid="972" timestamp="2019-06-14T20:52:22.514" />
  <attribute name="elasticGC enabled" value="1" />
  <attribute name= "numThreadsSpecified" value="4" />
  <attribute name="heapSize specified" value="2092630016" />
  <attribute name="Current GC Util" value="24" />
  <attribute name= "Current Time Running" value="6831" />
  <attribute name ="GC Interval" value="200" />
  <attribute name="ProportionalT" value="2.000000" />
  <attribute name="ProportionalI" value="2.000000" />
  <attribute name="ProportionalH" value="2.000000" />
  <attribute name="Current Error" value="4.000000" />
  <attribute name="IntegralT" value="44.000000" />
  <attribute name="IntegralI" value="44.000000" />
  <attribute name="IntegralH" value="44.000000" />
  <attribute name="DerivativeT" value="0.181818" />
  <attribute name="DerivativeI" value="0.181818" />
  <attribute name="DerivativeH" value="0.181818" />
  <attribute name="Loop Time for DT" value="11.000000" />
  <attribute name="Output H" value="8388608"/>
  <attribute name="Output I" value="200"/>
  <attribute name="Output T" value="4"/>
  <attribute name="Target GC Util Change" value ="20.000000" />
  <attribute name="Current GC Util Change" value="24.000000"/>
  <attribute name="GC Util currently" value="24" />
  <attribute name="CPU Util currently" value="432759010744" />
<allocation-satisfied id="980" threadId="00000000015BE700" bytesRequested="32" />
<af-end id="981" timestamp="2019-06-14T20:52:22.514" threadId="00000000015BF088" success="true" from="nursery"/>
<exclusive-end id="982" timestamp="2019-06-14T20:52:22.514" durationms="2.194" />

<exclusive-start id="983" timestamp="2019-06-14T20:52:22.522" intervalms="10.656">
  <response-info timems="0.024" idlems="0.024" threads="0" lastid="00000000015BE700" lastname="main" />
</exclusive-start>
<af-start id="984" threadId="00000000015BF088" totalBytesRequested="24" timestamp="2019-06-14T20:52:22.522" intervalms="10.653" type="nursery" />
<cycle-start id="985" type="scavenge" contextid="0" timestamp="2019-06-14T20:52:22.523" intervalms="10.651" />
<gc-start id="986" type="scavenge" contextid="985" timestamp="2019-06-14T20:52:22.523">
  <mem-info id="987" free="1976470704" total="1991770112" percent="99">
    <mem type="nursery" free="0" total="7733248" percent="0">
      <mem type="allocate" free="0" total="5832704" percent="0" />
      <mem type="survivor" free="0" total="1900544" percent="0" />
    </mem>
    <mem type="tenure" free="1976470704" total="1984036864" percent="99">
      <mem type="soa" free="1877292208" total="1884835840" percent="99" />
      <mem type="loa" free="99178496" total="99201024" percent="99" />
    </mem>
    <remembered-set count="483" />
  </mem-info>
</gc-start>
<allocation-stats totalBytes="4471888" >
  <allocated-bytes non-tlh="32" tlh="4471856" />
  <largest-consumer threadName="main" threadId="00000000015BE700" bytes="4471888" />
</allocation-stats>
<gc-op id="988" type="scavenge" timems="1.417" contextid="985" timestamp="2019-06-14T20:52:22.524">
  <scavenger-info tenureage="2" tenuremask="4004" tiltratio="75" />
  <memory-copied type="nursery" objects="14120" bytes="542480" bytesdiscarded="171528" />
  <memory-copied type="tenure" objects="10795" bytes="848952" bytesdiscarded="728" />
  <references type="soft" candidates="10" cleared="0" enqueued="0" dynamicThreshold="31" maxThreshold="32" />
  <references type="weak" candidates="2" cleared="0" enqueued="0" />
</gc-op>
<heap-resize id="989" type="expand" space="nursery" amount="393216" count="1" timems="0.010" reason="excessive time being spent scavenging" timestamp="2019-06-14T20:52:22.524" />
<gc-end id="990" type="scavenge" contextid="985" durationms="1.859" usertimems="0.000" systemtimems="0.000" timestamp="2019-06-14T20:52:22.525" activeThreads="4">
  <mem-info id="991" free="1981208392" total="1992163328" percent="99">
    <mem type="nursery" free="5577424" total="8126464" percent="68">
      <mem type="allocate" free="5577424" total="6291456" percent="88" />
      <mem type="survivor" free="0" total="1835008" percent="0" />
    </mem>
    <mem type="tenure" free="1975630968" total="1984036864" percent="99">
      <mem type="soa" free="1876452472" total="1884835840" percent="99" />
      <mem type="loa" free="99178496" total="99201024" percent="99" />
    </mem>
    <remembered-set count="1549" />
  </mem-info>
</gc-end>
<cycle-end id="992" type="scavenge" contextid="985" timestamp="2019-06-14T20:52:22.525" />
  <attribute name="elasticGC enabled" value="1" />
  <attribute name= "numThreadsSpecified" value="4" />
  <attribute name="heapSize specified" value="2092630016" />
  <attribute name="Current GC Util" value="29" />
  <attribute name= "Current Time Running" value="6841" />
  <attribute name ="GC Interval" value="200" />
  <attribute name="ProportionalT" value="4.500000" />
  <attribute name="ProportionalI" value="4.500000" />
  <attribute name="ProportionalH" value="4.500000" />
  <attribute name="Current Error" value="9.000000" />
  <attribute name="IntegralT" value="90.000000" />
  <attribute name="IntegralI" value="90.000000" />
  <attribute name="IntegralH" value="90.000000" />
  <attribute name="DerivativeT" value="0.250000" />
  <attribute name="DerivativeI" value="0.250000" />
  <attribute name="DerivativeH" value="0.250000" />
  <attribute name="Loop Time for DT" value="10.000000" />
  <attribute name="Output H" value="8388608"/>
  <attribute name="Output I" value="200"/>
  <attribute name="Output T" value="4"/>
  <attribute name="Target GC Util Change" value ="20.000000" />
  <attribute name="Current GC Util Change" value="29.000000"/>
  <attribute name="GC Util currently" value="29" />
  <attribute name="CPU Util currently" value="430925797734" />
<allocation-satisfied id="993" threadId="00000000015BE700" bytesRequested="24" />
<af-end id="994" timestamp="2019-06-14T20:52:22.525" threadId="00000000015BF088" success="true" from="nursery"/>
<exclusive-end id="995" timestamp="2019-06-14T20:52:22.525" durationms="2.461" />

<exclusive-start id="996" timestamp="2019-06-14T20:52:22.536" intervalms="13.863">
  <response-info timems="0.060" idlems="0.060" threads="0" lastid="00000000015BE700" lastname="main" />
</exclusive-start>
<af-start id="997" threadId="00000000015BF088" totalBytesRequested="40" timestamp="2019-06-14T20:52:22.536" intervalms="13.875" type="nursery" />
<cycle-start id="998" type="scavenge" contextid="0" timestamp="2019-06-14T20:52:22.536" intervalms="13.877" />
<gc-start id="999" type="scavenge" contextid="998" timestamp="2019-06-14T20:52:22.537">
  <mem-info id="1000" free="1975630968" total="1992163328" percent="99">
    <mem type="nursery" free="0" total="8126464" percent="0">
      <mem type="allocate" free="0" total="6291456" percent="0" />
      <mem type="survivor" free="0" total="1835008" percent="0" />
    </mem>
    <mem type="tenure" free="1975630968" total="1984036864" percent="99">
      <mem type="soa" free="1876452472" total="1884835840" percent="99" />
      <mem type="loa" free="99178496" total="99201024" percent="99" />
    </mem>
    <remembered-set count="2275" />
  </mem-info>
</gc-start>
<allocation-stats totalBytes="5576840" >
  <allocated-bytes non-tlh="24" tlh="5576816" />
  <largest-consumer threadName="main" threadId="00000000015BE700" bytes="5576840" />
</allocation-stats>
<gc-op id="1001" type="scavenge" timems="1.422" contextid="998" timestamp="2019-06-14T20:52:22.538">
  <scavenger-info tenureage="14" tenuremask="4000" tiltratio="77" />
  <memory-copied type="nursery" objects="21651" bytes="821360" bytesdiscarded="108456" />
  <references type="soft" candidates="10" cleared="0" enqueued="0" dynamicThreshold="31" maxThreshold="32" />
  <references type="weak" candidates="2" cleared="0" enqueued="0" />
</gc-op>
<gc-end id="1002" type="scavenge" contextid="998" durationms="1.743" usertimems="4.000" systemtimems="0.000" timestamp="2019-06-14T20:52:22.538" activeThreads="4">
  <mem-info id="1003" free="1981254728" total="1992163328" percent="99">
    <mem type="nursery" free="5623760" total="8126464" percent="69">
      <mem type="allocate" free="5623760" total="6553600" percent="85" />
      <mem type="survivor" free="0" total="1572864" percent="0" />
    </mem>
    <mem type="tenure" free="1975630968" total="1984036864" percent="99">
      <mem type="soa" free="1876452472" total="1884835840" percent="99" />
      <mem type="loa" free="99178496" total="99201024" percent="99" />
    </mem>
    <remembered-set count="2272" />
  </mem-info>
</gc-end>
<cycle-end id="1004" type="scavenge" contextid="998" timestamp="2019-06-14T20:52:22.538" />
  <attribute name="elasticGC enabled" value="1" />
  <attribute name= "numThreadsSpecified" value="4" />
  <attribute name="heapSize specified" value="2092630016" />
  <attribute name="Current GC Util" value="23" />
  <attribute name= "Current Time Running" value="6855" />
  <attribute name ="GC Interval" value="200" />
  <attribute name="ProportionalT" value="1.500000" />
  <attribute name="ProportionalI" value="1.500000" />
  <attribute name="ProportionalH" value="1.500000" />
  <attribute name="Current Error" value="3.000000" />
  <attribute name="IntegralT" value="42.000000" />
  <attribute name="IntegralI" value="42.000000" />
  <attribute name="IntegralH" value="42.000000" />
  <attribute name="DerivativeT" value="-0.214286" />
  <attribute name="DerivativeI" value="-0.214286" />
  <attribute name="DerivativeH" value="-0.214286" />
  <attribute name="Loop Time for DT" value="14.000000" />
  <attribute name="Output H" value="8388608"/>
  <attribute name="Output I" value="200"/>
  <attribute name="Output T" value="4"/>
  <attribute name="Target GC Util Change" value ="20.000000" />
  <attribute name="Current GC Util Change" value="23.000000"/>
  <attribute name="GC Util currently" value="23" />
  <attribute name="CPU Util currently" value="333187512584" />
<allocation-satisfied id="1005" threadId="00000000015BE700" bytesRequested="40" />
<af-end id="1006" timestamp="2019-06-14T20:52:22.539" threadId="00000000015BF088" success="true" from="nursery"/>
<exclusive-end id="1007" timestamp="2019-06-14T20:52:22.539" durationms="2.490" />

<exclusive-start id="1008" timestamp="2019-06-14T20:52:22.592" intervalms="55.475">
  <response-info timems="0.027" idlems="0.027" threads="0" lastid="00000000015BE700" lastname="main" />
</exclusive-start>
<af-start id="1009" threadId="00000000015BF088" totalBytesRequested="48" timestamp="2019-06-14T20:52:22.592" intervalms="55.484" type="nursery" />
<cycle-start id="1010" type="scavenge" contextid="0" timestamp="2019-06-14T20:52:22.592" intervalms="55.489" />
<gc-start id="1011" type="scavenge" contextid="1010" timestamp="2019-06-14T20:52:22.592">
  <mem-info id="1012" free="1975606448" total="1992163328" percent="99">
    <mem type="nursery" free="0" total="8126464" percent="0">
      <mem type="allocate" free="0" total="6553600" percent="0" />
      <mem type="survivor" free="0" total="1572864" percent="0" />
    </mem>
    <mem type="tenure" free="1975606448" total="1984036864" percent="99">
      <mem type="soa" free="1876427952" total="1884835840" percent="99" />
      <mem type="loa" free="99178496" total="99201024" percent="99" />
    </mem>
    <remembered-set count="2617" />
  </mem-info>
</gc-start>
<allocation-stats totalBytes="5647184" >
  <allocated-bytes non-tlh="224568" tlh="5422616" />
  <largest-consumer threadName="main" threadId="00000000015BE700" bytes="5647184" />
</allocation-stats>
<gc-op id="1013" type="scavenge" timems="0.986" contextid="1010" timestamp="2019-06-14T20:52:22.593">
  <scavenger-info tenureage="3" tenuremask="4028" tiltratio="80" />
  <memory-copied type="nursery" objects="17021" bytes="951152" bytesdiscarded="94384" />
  <memory-copied type="tenure" objects="7638" bytes="312504" bytesdiscarded="80" />
  <references type="soft" candidates="24" cleared="0" enqueued="0" dynamicThreshold="31" maxThreshold="32" />
  <references type="weak" candidates="216" cleared="2" enqueued="2" />
  <references type="phantom" candidates="1" cleared="0" enqueued="0" />
</gc-op>
<gc-end id="1014" type="scavenge" contextid="1010" durationms="1.281" usertimems="0.000" systemtimems="4.000" timestamp="2019-06-14T20:52:22.593" activeThreads="4">
  <mem-info id="1015" free="1980740096" total="1992163328" percent="99">
    <mem type="nursery" free="5573504" total="8126464" percent="68">
      <mem type="allocate" free="5573504" total="6619136" percent="84" />
      <mem type="survivor" free="0" total="1507328" percent="0" />
    </mem>
    <mem type="tenure" free="1975166592" total="1984036864" percent="99">
      <mem type="soa" free="1875988096" total="1884835840" percent="99" />
      <mem type="loa" free="99178496" total="99201024" percent="99" />
    </mem>
    <pending-finalizers system="0" default="0" reference="2" classloader="0" />
    <remembered-set count="1862" />
  </mem-info>
</gc-end>
<cycle-end id="1016" type="scavenge" contextid="1010" timestamp="2019-06-14T20:52:22.593" />
  <attribute name="elasticGC enabled" value="1" />
  <attribute name= "numThreadsSpecified" value="4" />
  <attribute name="heapSize specified" value="2092630016" />
  <attribute name="Current GC Util" value="4" />
  <attribute name= "Current Time Running" value="6911" />
  <attribute name ="GC Interval" value="200" />
  <attribute name="ProportionalT" value="-8.000000" />
  <attribute name="ProportionalI" value="-8.000000" />
  <attribute name="ProportionalH" value="-8.000000" />
  <attribute name="Current Error" value="-16.000000" />
  <attribute name="IntegralT" value="-896.000000" />
  <attribute name="IntegralI" value="-896.000000" />
  <attribute name="IntegralH" value="-896.000000" />
  <attribute name="DerivativeT" value="-0.169643" />
  <attribute name="DerivativeI" value="-0.169643" />
  <attribute name="DerivativeH" value="-0.169643" />
  <attribute name="Loop Time for DT" value="56.000000" />
  <attribute name="Output H" value="2092630016"/>
  <attribute name="Output I" value="200"/>
  <attribute name="Output T" value="4"/>
  <attribute name="Target GC Util Change" value ="20.000000" />
  <attribute name="Current GC Util Change" value="4.000000"/>
  <attribute name="GC Util currently" value="4" />
  <attribute name="CPU Util currently" value="83107510056" />
<allocation-satisfied id="1017" threadId="00000000015BE700" bytesRequested="48" />
<af-end id="1018" timestamp="2019-06-14T20:52:22.594" threadId="00000000015BF088" success="true" from="nursery"/>
<exclusive-end id="1019" timestamp="2019-06-14T20:52:22.594" durationms="1.928" />

<exclusive-start id="1020" timestamp="2019-06-14T20:52:22.667" intervalms="74.910">
  <response-info timems="0.028" idlems="0.028" threads="0" lastid="00000000015BE700" lastname="main" />
</exclusive-start>
<af-start id="1021" threadId="00000000015BF088" totalBytesRequested="160" timestamp="2019-06-14T20:52:22.667" intervalms="74.874" type="nursery" />
<cycle-start id="1022" type="scavenge" contextid="0" timestamp="2019-06-14T20:52:22.667" intervalms="74.834" />
<gc-start id="1023" type="scavenge" contextid="1022" timestamp="2019-06-14T20:52:22.667">
  <mem-info id="1024" free="1975152664" total="1992163328" percent="99">
    <mem type="nursery" free="0" total="8126464" percent="0">
      <mem type="allocate" free="0" total="6619136" percent="0" />
      <mem type="survivor" free="0" total="1507328" percent="0" />
    </mem>
    <mem type="tenure" free="1975152664" total="1984036864" percent="99">
      <mem type="soa" free="1875974168" total="1884835840" percent="99" />
      <mem type="loa" free="99178496" total="99201024" percent="99" />
    </mem>
    <remembered-set count="2074" />
  </mem-info>
</gc-start>
<allocation-stats totalBytes="5585968" >
  <allocated-bytes non-tlh="213984" tlh="5371984" />
  <largest-consumer threadName="main" threadId="00000000015BE700" bytes="5581872" />
</allocation-stats>
<gc-op id="1025" type="scavenge" timems="1.441" contextid="1022" timestamp="2019-06-14T20:52:22.668">
  <scavenger-info tenureage="14" tenuremask="4000" tiltratio="81" />
  <memory-copied type="nursery" objects="15131" bytes="613880" bytesdiscarded="133992" />
  <finalization candidates="1" enqueued="1" />
  <references type="soft" candidates="26" cleared="0" enqueued="0" dynamicThreshold="31" maxThreshold="32" />
  <references type="weak" candidates="441" cleared="13" enqueued="13" />
</gc-op>
<gc-end id="1026" type="scavenge" contextid="1022" durationms="1.643" usertimems="4.000" systemtimems="0.000" timestamp="2019-06-14T20:52:22.668" activeThreads="4">
  <mem-info id="1027" free="1981089248" total="1992163328" percent="99">
    <mem type="nursery" free="5936584" total="8126464" percent="73">
      <mem type="allocate" free="5936584" total="6684672" percent="88" />
      <mem type="survivor" free="0" total="1441792" percent="0" />
    </mem>
    <mem type="tenure" free="1975152664" total="1984036864" percent="99">
      <mem type="soa" free="1875974168" total="1884835840" percent="99" />
      <mem type="loa" free="99178496" total="99201024" percent="99" />
    </mem>
    <pending-finalizers system="0" default="1" reference="13" classloader="0" />
    <remembered-set count="2064" />
  </mem-info>
</gc-end>
<cycle-end id="1028" type="scavenge" contextid="1022" timestamp="2019-06-14T20:52:22.669" />
  <attribute name="elasticGC enabled" value="1" />
  <attribute name= "numThreadsSpecified" value="4" />
  <attribute name="heapSize specified" value="2092630016" />
  <attribute name="Current GC Util" value="3" />
  <attribute name= "Current Time Running" value="6985" />
  <attribute name ="GC Interval" value="200" />
  <attribute name="ProportionalT" value="-8.500000" />
  <attribute name="ProportionalI" value="-8.500000" />
  <attribute name="ProportionalH" value="-8.500000" />
  <attribute name="Current Error" value="-17.000000" />
  <attribute name="IntegralT" value="-1258.000000" />
  <attribute name="IntegralI" value="-1258.000000" />
  <attribute name="IntegralH" value="-1258.000000" />
  <attribute name="DerivativeT" value="-0.114865" />
  <attribute name="DerivativeI" value="-0.114865" />
  <attribute name="DerivativeH" value="-0.114865" />
  <attribute name="Loop Time for DT" value="74.000000" />
  <attribute name="Output H" value="2092630016"/>
  <attribute name="Output I" value="200"/>
  <attribute name="Output T" value="4"/>
  <attribute name="Target GC Util Change" value ="20.000000" />
  <attribute name="Current GC Util Change" value="3.000000"/>
  <attribute name="GC Util currently" value="3" />
  <attribute name="CPU Util currently" value="61730204949" />
<allocation-satisfied id="1029" threadId="00000000015BE700" bytesRequested="160" />
<af-end id="1030" timestamp="2019-06-14T20:52:22.669" threadId="00000000015BF088" success="true" from="nursery"/>
<exclusive-end id="1031" timestamp="2019-06-14T20:52:22.669" durationms="2.204" />

<exclusive-start id="1032" timestamp="2019-06-14T20:52:22.690" intervalms="23.636">
  <response-info timems="0.061" idlems="0.061" threads="0" lastid="00000000015BE700" lastname="main" />
</exclusive-start>
<af-start id="1033" threadId="00000000015BF088" totalBytesRequested="16" timestamp="2019-06-14T20:52:22.690" intervalms="23.663" type="nursery" />
<cycle-start id="1034" type="scavenge" contextid="0" timestamp="2019-06-14T20:52:22.690" intervalms="23.699" />
<gc-start id="1035" type="scavenge" contextid="1034" timestamp="2019-06-14T20:52:22.691">
  <mem-info id="1036" free="1975152544" total="1992163328" percent="99">
    <mem type="nursery" free="0" total="8126464" percent="0">
      <mem type="allocate" free="0" total="6684672" percent="0" />
      <mem type="survivor" free="0" total="1441792" percent="0" />
    </mem>
    <mem type="tenure" free="1975152544" total="1984036864" percent="99">
      <mem type="soa" free="1875974048" total="1884835840" percent="99" />
      <mem type="loa" free="99178496" total="99201024" percent="99" />
    </mem>
    <remembered-set count="2071" />
  </mem-info>
</gc-start>
<allocation-stats totalBytes="5935456" >
  <allocated-bytes non-tlh="265832" tlh="5669624" />
  <largest-consumer threadName="main" threadId="00000000015BE700" bytes="5927144" />
</allocation-stats>
<gc-op id="1037" type="scavenge" timems="1.214" contextid="1034" timestamp="2019-06-14T20:52:22.692">
  <scavenger-info tenureage="3" tenuremask="4018" tiltratio="82" />
  <memory-copied type="nursery" objects="13895" bytes="940840" bytesdiscarded="116136" />
  <memory-copied type="tenure" objects="12364" bytes="462808" bytesdiscarded="72" />
  <references type="soft" candidates="26" cleared="0" enqueued="0" dynamicThreshold="31" maxThreshold="32" />
  <references type="weak" candidates="437" cleared="4" enqueued="4" />
  <references type="phantom" candidates="1" cleared="0" enqueued="0" />
</gc-op>
<gc-end id="1038" type="scavenge" contextid="1034" durationms="1.520" usertimems="4.000" systemtimems="0.000" timestamp="2019-06-14T20:52:22.692" activeThreads="4">
  <mem-info id="1039" free="1980391440" total="1992163328" percent="99">
    <mem type="nursery" free="5627504" total="8126464" percent="69">
      <mem type="allocate" free="5627504" total="6684672" percent="84" />
      <mem type="survivor" free="0" total="1441792" percent="0" />
    </mem>
    <mem type="tenure" free="1974763936" total="1984036864" percent="99">
      <mem type="soa" free="1875585440" total="1884835840" percent="99" />
      <mem type="loa" free="99178496" total="99201024" percent="99" />
    </mem>
    <pending-finalizers system="0" default="0" reference="4" classloader="0" />
    <remembered-set count="476" />
  </mem-info>
</gc-end>
<cycle-end id="1040" type="scavenge" contextid="1034" timestamp="2019-06-14T20:52:22.692" />
  <attribute name="elasticGC enabled" value="1" />
  <attribute name= "numThreadsSpecified" value="4" />
  <attribute name="heapSize specified" value="2092630016" />
  <attribute name="Current GC Util" value="8" />
  <attribute name= "Current Time Running" value="7009" />
  <attribute name ="GC Interval" value="200" />
  <attribute name="ProportionalT" value="-6.000000" />
  <attribute name="ProportionalI" value="-6.000000" />
  <attribute name="ProportionalH" value="-6.000000" />
  <attribute name="Current Error" value="-12.000000" />
  <attribute name="IntegralT" value="-288.000000" />
  <attribute name="IntegralI" value="-288.000000" />
  <attribute name="IntegralH" value="-288.000000" />
  <attribute name="DerivativeT" value="-0.250000" />
  <attribute name="DerivativeI" value="-0.250000" />
  <attribute name="DerivativeH" value="-0.250000" />
  <attribute name="Loop Time for DT" value="24.000000" />
  <attribute name="Output H" value="2092630016"/>
  <attribute name="Output I" value="200"/>
  <attribute name="Output T" value="4"/>
  <attribute name="Target GC Util Change" value ="20.000000" />
  <attribute name="Current GC Util Change" value="8.000000"/>
  <attribute name="GC Util currently" value="8" />
  <attribute name="CPU Util currently" value="193557017353" />
<allocation-satisfied id="1041" threadId="00000000015BE700" bytesRequested="16" />
<af-end id="1042" timestamp="2019-06-14T20:52:22.692" threadId="00000000015BF088" success="true" from="nursery"/>
<exclusive-end id="1043" timestamp="2019-06-14T20:52:22.692" durationms="2.132" />

<exclusive-start id="1044" timestamp="2019-06-14T20:52:22.723" intervalms="33.139">
  <response-info timems="0.025" idlems="0.025" threads="0" lastid="00000000015BE700" lastname="main" />
</exclusive-start>
<af-start id="1045" threadId="00000000015BF088" totalBytesRequested="32" timestamp="2019-06-14T20:52:22.723" intervalms="33.145" type="nursery" />
<cycle-start id="1046" type="scavenge" contextid="0" timestamp="2019-06-14T20:52:22.724" intervalms="33.146" />
<gc-start id="1047" type="scavenge" contextid="1046" timestamp="2019-06-14T20:52:22.724">
  <mem-info id="1048" free="1974752472" total="1992163328" percent="99">
    <mem type="nursery" free="0" total="8126464" percent="0">
      <mem type="allocate" free="0" total="6684672" percent="0" />
      <mem type="survivor" free="0" total="1441792" percent="0" />
    </mem>
    <mem type="tenure" free="1974752472" total="1984036864" percent="99">
      <mem type="soa" free="1875573976" total="1884835840" percent="99" />
      <mem type="loa" free="99178496" total="99201024" percent="99" />
    </mem>
    <remembered-set count="584" />
  </mem-info>
</gc-start>
<allocation-stats totalBytes="5637048" >
  <allocated-bytes non-tlh="411496" tlh="5225552" />
  <largest-consumer threadName="main" threadId="00000000015BE700" bytes="5637048" />
</allocation-stats>
<gc-op id="1049" type="scavenge" timems="0.661" contextid="1046" timestamp="2019-06-14T20:52:22.724">
  <scavenger-info tenureage="14" tenuremask="4000" tiltratio="82" />
  <memory-copied type="nursery" objects="6615" bytes="847336" bytesdiscarded="168928" />
  <references type="soft" candidates="50" cleared="0" enqueued="0" dynamicThreshold="31" maxThreshold="32" />
  <references type="weak" candidates="437" cleared="0" enqueued="0" />
  <references type="phantom" candidates="2" cleared="0" enqueued="0" />
</gc-op>
<gc-end id="1050" type="scavenge" contextid="1046" durationms="0.963" usertimems="0.000" systemtimems="0.000" timestamp="2019-06-14T20:52:22.725" activeThreads="4">
  <mem-info id="1051" free="1980551696" total="1992163328" percent="99">
    <mem type="nursery" free="5799224" total="8126464" percent="71">
      <mem type="allocate" free="5799224" total="6815744" percent="85" />
      <mem type="survivor" free="0" total="1310720" percent="0" />
    </mem>
    <mem type="tenure" free="1974752472" total="1984036864" percent="99">
      <mem type="soa" free="1875573976" total="1884835840" percent="99" />
      <mem type="loa" free="99178496" total="99201024" percent="99" />
    </mem>
    <remembered-set count="418" />
  </mem-info>
</gc-end>
<cycle-end id="1052" type="scavenge" contextid="1046" timestamp="2019-06-14T20:52:22.725" />
  <attribute name="elasticGC enabled" value="1" />
  <attribute name= "numThreadsSpecified" value="4" />
  <attribute name="heapSize specified" value="2092630016" />
  <attribute name="Current GC Util" value="9" />
  <attribute name= "Current Time Running" value="7042" />
  <attribute name ="GC Interval" value="200" />
  <attribute name="ProportionalT" value="-5.500000" />
  <attribute name="ProportionalI" value="-5.500000" />
  <attribute name="ProportionalH" value="-5.500000" />
  <attribute name="Current Error" value="-11.000000" />
  <attribute name="IntegralT" value="-363.000000" />
  <attribute name="IntegralI" value="-363.000000" />
  <attribute name="IntegralH" value="-363.000000" />
  <attribute name="DerivativeT" value="-0.166667" />
  <attribute name="DerivativeI" value="-0.166667" />
  <attribute name="DerivativeH" value="-0.166667" />
  <attribute name="Loop Time for DT" value="33.000000" />
  <attribute name="Output H" value="2092630016"/>
  <attribute name="Output I" value="200"/>
  <attribute name="Output T" value="4"/>
  <attribute name="Target GC Util Change" value ="20.000000" />
  <attribute name="Current GC Util Change" value="9.000000"/>
  <attribute name="GC Util currently" value="9" />
  <attribute name="CPU Util currently" value="139363312667" />
<allocation-satisfied id="1053" threadId="00000000015BE700" bytesRequested="32" />
<af-end id="1054" timestamp="2019-06-14T20:52:22.725" threadId="00000000015BF088" success="true" from="nursery"/>
<exclusive-end id="1055" timestamp="2019-06-14T20:52:22.725" durationms="1.531" />

<exclusive-start id="1056" timestamp="2019-06-14T20:52:22.762" intervalms="38.525">
  <response-info timems="0.029" idlems="0.029" threads="0" lastid="00000000015BE700" lastname="main" />
</exclusive-start>
<af-start id="1057" threadId="00000000015BF088" totalBytesRequested="16" timestamp="2019-06-14T20:52:22.762" intervalms="38.539" type="nursery" />
<cycle-start id="1058" type="scavenge" contextid="0" timestamp="2019-06-14T20:52:22.762" intervalms="38.537" />
<gc-start id="1059" type="scavenge" contextid="1058" timestamp="2019-06-14T20:52:22.762">
  <mem-info id="1060" free="1974747408" total="1992163328" percent="99">
    <mem type="nursery" free="0" total="8126464" percent="0">
      <mem type="allocate" free="0" total="6815744" percent="0" />
      <mem type="survivor" free="0" total="1310720" percent="0" />
    </mem>
    <mem type="tenure" free="1974747408" total="1984036864" percent="99">
      <mem type="soa" free="1875568912" total="1884835840" percent="99" />
      <mem type="loa" free="99178496" total="99201024" percent="99" />
    </mem>
    <remembered-set count="449" />
  </mem-info>
</gc-start>
<allocation-stats totalBytes="5803632" >
  <allocated-bytes non-tlh="467272" tlh="5336360" />
  <largest-consumer threadName="main" threadId="00000000015BE700" bytes="5803632" />
</allocation-stats>
<gc-op id="1061" type="scavenge" timems="0.872" contextid="1058" timestamp="2019-06-14T20:52:22.763">
  <scavenger-info tenureage="4" tenuremask="4010" tiltratio="83" />
  <memory-copied type="nursery" objects="10626" bytes="1181960" bytesdiscarded="128528" />
  <memory-copied type="tenure" objects="3348" bytes="182400" bytesdiscarded="64" />
  <copy-failed type="nursery" objects="1638" bytes="71352" />
  <references type="soft" candidates="27" cleared="0" enqueued="0" dynamicThreshold="31" maxThreshold="32" />
  <references type="weak" candidates="229" cleared="2" enqueued="2" />
  <references type="phantom" candidates="2" cleared="0" enqueued="0" />
</gc-op>
<gc-end id="1062" type="scavenge" contextid="1058" durationms="1.127" usertimems="4.000" systemtimems="0.000" timestamp="2019-06-14T20:52:22.763" activeThreads="4">
  <mem-info id="1063" free="1979497688" total="1992163328" percent="99">
    <mem type="nursery" free="4980736" total="8126464" percent="61">
      <mem type="allocate" free="4980736" total="6291456" percent="79" />
      <mem type="survivor" free="0" total="1835008" percent="0" />
    </mem>
    <mem type="tenure" free="1974516952" total="1984036864" percent="99">
      <mem type="soa" free="1875338456" total="1884835840" percent="99" />
      <mem type="loa" free="99178496" total="99201024" percent="99" />
    </mem>
    <pending-finalizers system="0" default="0" reference="2" classloader="0" />
    <remembered-set count="1353" />
  </mem-info>
</gc-end>
<cycle-end id="1064" type="scavenge" contextid="1058" timestamp="2019-06-14T20:52:22.763" />
  <attribute name="elasticGC enabled" value="1" />
  <attribute name= "numThreadsSpecified" value="4" />
  <attribute name="heapSize specified" value="2092630016" />
  <attribute name="Current GC Util" value="4" />
  <attribute name= "Current Time Running" value="7081" />
  <attribute name ="GC Interval" value="200" />
  <attribute name="ProportionalT" value="-8.000000" />
  <attribute name="ProportionalI" value="-8.000000" />
  <attribute name="ProportionalH" value="-8.000000" />
  <attribute name="Current Error" value="-16.000000" />
  <attribute name="IntegralT" value="-624.000000" />
  <attribute name="IntegralI" value="-624.000000" />
  <attribute name="IntegralH" value="-624.000000" />
  <attribute name="DerivativeT" value="-0.205128" />
  <attribute name="DerivativeI" value="-0.205128" />
  <attribute name="DerivativeH" value="-0.205128" />
  <attribute name="Loop Time for DT" value="39.000000" />
  <attribute name="Output H" value="2092630016"/>
  <attribute name="Output I" value="200"/>
  <attribute name="Output T" value="4"/>
  <attribute name="Target GC Util Change" value ="20.000000" />
  <attribute name="Current GC Util Change" value="4.000000"/>
  <attribute name="GC Util currently" value="4" />
  <attribute name="CPU Util currently" value="119631930176" />
<allocation-satisfied id="1065" threadId="00000000015BE700" bytesRequested="16" />
<af-end id="1066" timestamp="2019-06-14T20:52:22.764" threadId="00000000015BF088" success="true" from="nursery"/>
<exclusive-end id="1067" timestamp="2019-06-14T20:52:22.764" durationms="1.766" />

<exclusive-start id="1068" timestamp="2019-06-14T20:52:22.774" intervalms="11.668">
  <response-info timems="0.064" idlems="0.064" threads="0" lastid="00000000015BE700" lastname="main" />
</exclusive-start>
<af-start id="1069" threadId="00000000015BF088" totalBytesRequested="40" timestamp="2019-06-14T20:52:22.774" intervalms="11.656" type="nursery" />
<cycle-start id="1070" type="scavenge" contextid="0" timestamp="2019-06-14T20:52:22.774" intervalms="11.652" />
<gc-start id="1071" type="scavenge" contextid="1070" timestamp="2019-06-14T20:52:22.774">
  <mem-info id="1072" free="1974516952" total="1992163328" percent="99">
    <mem type="nursery" free="0" total="8126464" percent="0">
      <mem type="allocate" free="0" total="6291456" percent="0" />
      <mem type="survivor" free="0" total="1835008" percent="0" />
    </mem>
    <mem type="tenure" free="1974516952" total="1984036864" percent="99">
      <mem type="soa" free="1875338456" total="1884835840" percent="99" />
      <mem type="loa" free="99178496" total="99201024" percent="99" />
    </mem>
    <remembered-set count="1353" />
  </mem-info>
</gc-start>
<allocation-stats totalBytes="4980128" >
  <allocated-bytes non-tlh="16" tlh="4980112" />
  <largest-consumer threadName="main" threadId="00000000015BE700" bytes="4980128" />
</allocation-stats>
<gc-op id="1073" type="scavenge" timems="1.871" contextid="1070" timestamp="2019-06-14T20:52:22.776">
  <scavenger-info tenureage="14" tenuremask="4000" tiltratio="77" />
  <memory-copied type="nursery" objects="19639" bytes="1538568" bytesdiscarded="51872" />
  <references type="soft" candidates="27" cleared="0" enqueued="0" dynamicThreshold="31" maxThreshold="32" />
  <references type="weak" candidates="227" cleared="0" enqueued="0" />
  <references type="phantom" candidates="2" cleared="0" enqueued="0" />
</gc-op>
<heap-resize id="1074" type="expand" space="nursery" amount="786432" count="1" timems="0.015" reason="excessive time being spent scavenging" timestamp="2019-06-14T20:52:22.776" />
<gc-end id="1075" type="scavenge" contextid="1070" durationms="2.327" usertimems="4.000" systemtimems="0.000" timestamp="2019-06-14T20:52:22.776" activeThreads="1">
  <mem-info id="1076" free="1979676488" total="1992949760" percent="99">
    <mem type="nursery" free="5159536" total="8912896" percent="57">
      <mem type="allocate" free="5159536" total="6750208" percent="76" />
      <mem type="survivor" free="0" total="2162688" percent="0" />
    </mem>
    <mem type="tenure" free="1974516952" total="1984036864" percent="99">
      <mem type="soa" free="1875338456" total="1884835840" percent="99" />
      <mem type="loa" free="99178496" total="99201024" percent="99" />
    </mem>
    <remembered-set count="1249" />
  </mem-info>
</gc-end>
<cycle-end id="1077" type="scavenge" contextid="1070" timestamp="2019-06-14T20:52:22.776" />
  <attribute name="elasticGC enabled" value="1" />
  <attribute name= "numThreadsSpecified" value="1" />
  <attribute name="heapSize specified" value="2092630016" />
  <attribute name="Current GC Util" value="20" />
  <attribute name= "Current Time Running" value="7092" />
  <attribute name ="GC Interval" value="200" />
  <attribute name="ProportionalT" value="0.000000" />
  <attribute name="ProportionalI" value="0.000000" />
  <attribute name="ProportionalH" value="0.000000" />
  <attribute name="Current Error" value="0.000000" />
  <attribute name="IntegralT" value="0.000000" />
  <attribute name="IntegralI" value="0.000000" />
  <attribute name="IntegralH" value="0.000000" />
  <attribute name="DerivativeT" value="0.000000" />
  <attribute name="DerivativeI" value="0.000000" />
  <attribute name="DerivativeH" value="0.000000" />
  <attribute name="Loop Time for DT" value="11.000000" />
  <attribute name="Output H" value="8388608"/>
  <attribute name="Output I" value="200"/>
  <attribute name="Output T" value="1"/>
  <attribute name="Target GC Util Change" value ="20.000000" />
  <attribute name="Current GC Util Change" value="20.000000"/>
  <attribute name="GC Util currently" value="20" />
  <attribute name="CPU Util currently" value="394770865473" />
<allocation-satisfied id="1078" threadId="00000000015BE700" bytesRequested="40" />
<af-end id="1079" timestamp="2019-06-14T20:52:22.777" threadId="00000000015BF088" success="true" from="nursery"/>
<exclusive-end id="1080" timestamp="2019-06-14T20:52:22.777" durationms="3.223" />

<exclusive-start id="1081" timestamp="2019-06-14T20:52:22.799" intervalms="25.539">
  <response-info timems="0.092" idlems="0.092" threads="0" lastid="00000000015BE700" lastname="main" />
</exclusive-start>
<af-start id="1082" threadId="00000000015BF088" totalBytesRequested="3680" timestamp="2019-06-14T20:52:22.799" intervalms="25.524" type="nursery" />
<cycle-start id="1083" type="scavenge" contextid="0" timestamp="2019-06-14T20:52:22.799" intervalms="25.524" />
<gc-start id="1084" type="scavenge" contextid="1083" timestamp="2019-06-14T20:52:22.799">
  <mem-info id="1085" free="1974480768" total="1992949760" percent="99">
    <mem type="nursery" free="0" total="8912896" percent="0">
      <mem type="allocate" free="0" total="6750208" percent="0" />
      <mem type="survivor" free="0" total="2162688" percent="0" />
    </mem>
    <mem type="tenure" free="1974480768" total="1984036864" percent="99">
      <mem type="soa" free="1875302272" total="1884835840" percent="99" />
      <mem type="loa" free="99178496" total="99201024" percent="99" />
    </mem>
    <remembered-set count="1407" />
  </mem-info>
</gc-start>
<allocation-stats totalBytes="5163256" >
  <allocated-bytes non-tlh="36224" tlh="5127032" />
  <largest-consumer threadName="main" threadId="00000000015BE700" bytes="5163256" />
</allocation-stats>
<gc-op id="1086" type="scavenge" timems="0.727" contextid="1083" timestamp="2019-06-14T20:52:22.800">
  <scavenger-info tenureage="2" tenuremask="400c" tiltratio="75" />
  <memory-copied type="nursery" objects="2785" bytes="109160" bytesdiscarded="120312" />
  <memory-copied type="tenure" objects="2523" bytes="511744" bytesdiscarded="0" />
  <references type="soft" candidates="70" cleared="0" enqueued="0" dynamicThreshold="31" maxThreshold="32" />
  <references type="weak" candidates="224" cleared="0" enqueued="0" />
  <references type="phantom" candidates="1" cleared="0" enqueued="0" />
</gc-op>
<gc-end id="1087" type="scavenge" contextid="1083" durationms="1.007" usertimems="4.000" systemtimems="0.000" timestamp="2019-06-14T20:52:22.800" activeThreads="4">
  <mem-info id="1088" free="1980862504" total="1992949760" percent="99">
    <mem type="nursery" free="6782712" total="8912896" percent="76">
      <mem type="allocate" free="6782712" total="7012352" percent="96" />
      <mem type="survivor" free="0" total="1900544" percent="0" />
    </mem>
    <mem type="tenure" free="1974079792" total="1984036864" percent="99">
      <mem type="soa" free="1874901296" total="1884835840" percent="99" />
      <mem type="loa" free="99178496" total="99201024" percent="99" />
    </mem>
    <remembered-set count="799" />
  </mem-info>
</gc-end>
<cycle-end id="1089" type="scavenge" contextid="1083" timestamp="2019-06-14T20:52:22.800" />
  <attribute name="elasticGC enabled" value="1" />
  <attribute name= "numThreadsSpecified" value="4" />
  <attribute name="heapSize specified" value="2092630016" />
  <attribute name="Current GC Util" value="8" />
  <attribute name= "Current Time Running" value="7118" />
  <attribute name ="GC Interval" value="200" />
  <attribute name="ProportionalT" value="-6.000000" />
  <attribute name="ProportionalI" value="-6.000000" />
  <attribute name="ProportionalH" value="-6.000000" />
  <attribute name="Current Error" value="-12.000000" />
  <attribute name="IntegralT" value="-312.000000" />
  <attribute name="IntegralI" value="-312.000000" />
  <attribute name="IntegralH" value="-312.000000" />
  <attribute name="DerivativeT" value="-0.230769" />
  <attribute name="DerivativeI" value="-0.230769" />
  <attribute name="DerivativeH" value="-0.230769" />
  <attribute name="Loop Time for DT" value="26.000000" />
  <attribute name="Output H" value="2092630016"/>
  <attribute name="Output I" value="200"/>
  <attribute name="Output T" value="4"/>
  <attribute name="Target GC Util Change" value ="20.000000" />
  <attribute name="Current GC Util Change" value="8.000000"/>
  <attribute name="GC Util currently" value="8" />
  <attribute name="CPU Util currently" value="180748092960" />
<allocation-satisfied id="1090" threadId="00000000015BE700" bytesRequested="3680" />
<af-end id="1091" timestamp="2019-06-14T20:52:22.801" threadId="00000000015BF088" success="true" from="nursery"/>
<exclusive-end id="1092" timestamp="2019-06-14T20:52:22.801" durationms="1.622" />

<exclusive-start id="1093" timestamp="2019-06-14T20:52:22.841" intervalms="41.554">
  <response-info timems="0.018" idlems="0.018" threads="0" lastid="00000000015BE700" lastname="main" />
</exclusive-start>
<af-start id="1094" threadId="00000000015BF088" totalBytesRequested="24" timestamp="2019-06-14T20:52:22.841" intervalms="41.522" type="nursery" />
<cycle-start id="1095" type="scavenge" contextid="0" timestamp="2019-06-14T20:52:22.841" intervalms="41.491" />
<gc-start id="1096" type="scavenge" contextid="1095" timestamp="2019-06-14T20:52:22.841">
  <mem-info id="1097" free="1974064016" total="1992949760" percent="99">
    <mem type="nursery" free="0" total="8912896" percent="0">
      <mem type="allocate" free="0" total="7012352" percent="0" />
      <mem type="survivor" free="0" total="1900544" percent="0" />
    </mem>
    <mem type="tenure" free="1974064016" total="1984036864" percent="99">
      <mem type="soa" free="1874885520" total="1884835840" percent="99" />
      <mem type="loa" free="99178496" total="99201024" percent="99" />
    </mem>
    <remembered-set count="1130" />
  </mem-info>
</gc-start>
<allocation-stats totalBytes="6797032" >
  <allocated-bytes non-tlh="219464" tlh="6577568" />
  <largest-consumer threadName="main" threadId="00000000015BE700" bytes="6797032" />
</allocation-stats>
<gc-op id="1098" type="scavenge" timems="0.598" contextid="1095" timestamp="2019-06-14T20:52:22.842">
  <scavenger-info tenureage="6" tenuremask="4040" tiltratio="78" />
  <memory-copied type="nursery" objects="3716" bytes="124840" bytesdiscarded="140744" />
  <memory-copied type="tenure" objects="889" bytes="33352" bytesdiscarded="8" />
  <references type="soft" candidates="91" cleared="0" enqueued="0" dynamicThreshold="31" maxThreshold="32" />
  <references type="weak" candidates="201" cleared="9" enqueued="9" />
</gc-op>
<gc-end id="1099" type="scavenge" contextid="1095" durationms="0.799" usertimems="0.000" systemtimems="0.000" timestamp="2019-06-14T20:52:22.842" activeThreads="4">
  <mem-info id="1100" free="1981099152" total="1992949760" percent="99">
    <mem type="nursery" free="7074304" total="8912896" percent="79">
      <mem type="allocate" free="7074304" total="7340032" percent="96" />
      <mem type="survivor" free="0" total="1572864" percent="0" />
    </mem>
    <mem type="tenure" free="1974024848" total="1984036864" percent="99">
      <mem type="soa" free="1874846352" total="1884835840" percent="99" />
      <mem type="loa" free="99178496" total="99201024" percent="99" />
    </mem>
    <pending-finalizers system="0" default="0" reference="9" classloader="0" />
    <remembered-set count="1067" />
  </mem-info>
</gc-end>
<cycle-end id="1101" type="scavenge" contextid="1095" timestamp="2019-06-14T20:52:22.842" />
  <attribute name="elasticGC enabled" value="1" />
  <attribute name= "numThreadsSpecified" value="4" />
  <attribute name="heapSize specified" value="2092630016" />
  <attribute name="Current GC Util" value="3" />
  <attribute name= "Current Time Running" value="7159" />
  <attribute name ="GC Interval" value="200" />
  <attribute name="ProportionalT" value="-8.500000" />
  <attribute name="ProportionalI" value="-8.500000" />
  <attribute name="ProportionalH" value="-8.500000" />
  <attribute name="Current Error" value="-17.000000" />
  <attribute name="IntegralT" value="-697.000000" />
  <attribute name="IntegralI" value="-697.000000" />
  <attribute name="IntegralH" value="-697.000000" />
  <attribute name="DerivativeT" value="-0.207317" />
  <attribute name="DerivativeI" value="-0.207317" />
  <attribute name="DerivativeH" value="-0.207317" />
  <attribute name="Loop Time for DT" value="41.000000" />
  <attribute name="Output H" value="2092630016"/>
  <attribute name="Output I" value="200"/>
  <attribute name="Output T" value="4"/>
  <attribute name="Target GC Util Change" value ="20.000000" />
  <attribute name="Current GC Util Change" value="3.000000"/>
  <attribute name="GC Util currently" value="3" />
  <attribute name="CPU Util currently" value="111402512105" />
<allocation-satisfied id="1102" threadId="00000000015BE700" bytesRequested="24" />
<af-end id="1103" timestamp="2019-06-14T20:52:22.842" threadId="00000000015BF088" success="true" from="nursery"/>
<exclusive-end id="1104" timestamp="2019-06-14T20:52:22.842" durationms="1.293" />

<exclusive-start id="1105" timestamp="2019-06-14T20:52:22.874" intervalms="33.256">
  <response-info timems="0.024" idlems="0.024" threads="0" lastid="00000000015BE700" lastname="main" />
</exclusive-start>
<af-start id="1106" threadId="00000000015BF088" totalBytesRequested="48" timestamp="2019-06-14T20:52:22.874" intervalms="33.255" type="nursery" />
<cycle-start id="1107" type="scavenge" contextid="0" timestamp="2019-06-14T20:52:22.874" intervalms="33.311" />
<gc-start id="1108" type="scavenge" contextid="1107" timestamp="2019-06-14T20:52:22.874">
  <mem-info id="1109" free="1974015800" total="1992949760" percent="99">
    <mem type="nursery" free="0" total="8912896" percent="0">
      <mem type="allocate" free="0" total="7340032" percent="0" />
      <mem type="survivor" free="0" total="1572864" percent="0" />
    </mem>
    <mem type="tenure" free="1974015800" total="1984036864" percent="99">
      <mem type="soa" free="1874837304" total="1884835840" percent="99" />
      <mem type="loa" free="99178496" total="99201024" percent="99" />
    </mem>
    <remembered-set count="1531" />
  </mem-info>
</gc-start>
<allocation-stats totalBytes="7081280" >
  <allocated-bytes non-tlh="609096" tlh="6472184" />
  <largest-consumer threadName="main" threadId="00000000015BE700" bytes="7081280" />
</allocation-stats>
<gc-op id="1110" type="scavenge" timems="0.811" contextid="1107" timestamp="2019-06-14T20:52:22.875">
  <scavenger-info tenureage="14" tenuremask="4000" tiltratio="82" />
  <memory-copied type="nursery" objects="8952" bytes="581840" bytesdiscarded="121056" />
  <references type="soft" candidates="94" cleared="0" enqueued="0" dynamicThreshold="31" maxThreshold="32" />
  <references type="weak" candidates="252" cleared="1" enqueued="1" />
  <references type="phantom" candidates="1" cleared="0" enqueued="0" />
</gc-op>
<gc-end id="1111" type="scavenge" contextid="1107" durationms="1.062" usertimems="0.000" systemtimems="0.000" timestamp="2019-06-14T20:52:22.875" activeThreads="4">
  <mem-info id="1112" free="1980718176" total="1992949760" percent="99">
    <mem type="nursery" free="6702376" total="8912896" percent="75">
      <mem type="allocate" free="6702376" total="7405568" percent="90" />
      <mem type="survivor" free="0" total="1507328" percent="0" />
    </mem>
    <mem type="tenure" free="1974015800" total="1984036864" percent="99">
      <mem type="soa" free="1874837304" total="1884835840" percent="99" />
      <mem type="loa" free="99178496" total="99201024" percent="99" />
    </mem>
    <pending-finalizers system="0" default="0" reference="1" classloader="0" />
    <remembered-set count="1371" />
  </mem-info>
</gc-end>
<cycle-end id="1113" type="scavenge" contextid="1107" timestamp="2019-06-14T20:52:22.875" />
  <attribute name="elasticGC enabled" value="1" />
  <attribute name= "numThreadsSpecified" value="4" />
  <attribute name="heapSize specified" value="2092630016" />
  <attribute name="Current GC Util" value="3" />
  <attribute name= "Current Time Running" value="7193" />
  <attribute name ="GC Interval" value="200" />
  <attribute name="ProportionalT" value="-8.500000" />
  <attribute name="ProportionalI" value="-8.500000" />
  <attribute name="ProportionalH" value="-8.500000" />
  <attribute name="Current Error" value="-17.000000" />
  <attribute name="IntegralT" value="-578.000000" />
  <attribute name="IntegralI" value="-578.000000" />
  <attribute name="IntegralH" value="-578.000000" />
  <attribute name="DerivativeT" value="-0.250000" />
  <attribute name="DerivativeI" value="-0.250000" />
  <attribute name="DerivativeH" value="-0.250000" />
  <attribute name="Loop Time for DT" value="34.000000" />
  <attribute name="Output H" value="2092630016"/>
  <attribute name="Output I" value="200"/>
  <attribute name="Output T" value="4"/>
  <attribute name="Target GC Util Change" value ="20.000000" />
  <attribute name="Current GC Util Change" value="3.000000"/>
  <attribute name="GC Util currently" value="3" />
  <attribute name="CPU Util currently" value="138268218112" />
<allocation-satisfied id="1114" threadId="00000000015BE700" bytesRequested="48" />
<af-end id="1115" timestamp="2019-06-14T20:52:22.876" threadId="00000000015BF088" success="true" from="nursery"/>
<exclusive-end id="1116" timestamp="2019-06-14T20:52:22.876" durationms="1.907" />

<exclusive-start id="1117" timestamp="2019-06-14T20:52:22.901" intervalms="27.406">
  <response-info timems="0.461" idlems="0.242" threads="1" lastid="00000000015C5F00" lastname="JIT Compilation Thread-1" />
</exclusive-start>
<af-start id="1118" threadId="00000000015BF088" totalBytesRequested="32" timestamp="2019-06-14T20:52:22.901" intervalms="27.475" type="nursery" />
<cycle-start id="1119" type="scavenge" contextid="0" timestamp="2019-06-14T20:52:22.902" intervalms="27.480" />
<gc-start id="1120" type="scavenge" contextid="1119" timestamp="2019-06-14T20:52:22.902">
  <mem-info id="1121" free="1974010192" total="1992949760" percent="99">
    <mem type="nursery" free="0" total="8912896" percent="0">
      <mem type="allocate" free="0" total="7405568" percent="0" />
      <mem type="survivor" free="0" total="1507328" percent="0" />
    </mem>
    <mem type="tenure" free="1974010192" total="1984036864" percent="99">
      <mem type="soa" free="1874831696" total="1884835840" percent="99" />
      <mem type="loa" free="99178496" total="99201024" percent="99" />
    </mem>
    <remembered-set count="1427" />
  </mem-info>
</gc-start>
<allocation-stats totalBytes="6707200" >
  <allocated-bytes non-tlh="205664" tlh="6501536" />
  <largest-consumer threadName="main" threadId="00000000015BE700" bytes="6707200" />
</allocation-stats>
<gc-op id="1122" type="scavenge" timems="0.791" contextid="1119" timestamp="2019-06-14T20:52:22.903">
  <scavenger-info tenureage="14" tenuremask="4000" tiltratio="83" />
  <memory-copied type="nursery" objects="16348" bytes="929512" bytesdiscarded="166624" />
  <references type="soft" candidates="95" cleared="0" enqueued="0" dynamicThreshold="31" maxThreshold="32" />
  <references type="weak" candidates="311" cleared="0" enqueued="0" />
  <references type="phantom" candidates="1" cleared="0" enqueued="0" />
</gc-op>
<gc-end id="1123" type="scavenge" contextid="1119" durationms="1.183" usertimems="4.000" systemtimems="0.000" timestamp="2019-06-14T20:52:22.903" activeThreads="4">
  <mem-info id="1124" free="1980384872" total="1992949760" percent="99">
    <mem type="nursery" free="6374680" total="8912896" percent="71">
      <mem type="allocate" free="6374680" total="7471104" percent="85" />
      <mem type="survivor" free="0" total="1441792" percent="0" />
    </mem>
    <mem type="tenure" free="1974010192" total="1984036864" percent="99">
      <mem type="soa" free="1874831696" total="1884835840" percent="99" />
      <mem type="loa" free="99178496" total="99201024" percent="99" />
    </mem>
    <remembered-set count="1081" />
  </mem-info>
</gc-end>
<cycle-end id="1125" type="scavenge" contextid="1119" timestamp="2019-06-14T20:52:22.903" />
  <attribute name="elasticGC enabled" value="1" />
  <attribute name= "numThreadsSpecified" value="4" />
  <attribute name="heapSize specified" value="2092630016" />
  <attribute name="Current GC Util" value="5" />
  <attribute name= "Current Time Running" value="7220" />
  <attribute name ="GC Interval" value="200" />
  <attribute name="ProportionalT" value="-7.500000" />
  <attribute name="ProportionalI" value="-7.500000" />
  <attribute name="ProportionalH" value="-7.500000" />
  <attribute name="Current Error" value="-15.000000" />
  <attribute name="IntegralT" value="-405.000000" />
  <attribute name="IntegralI" value="-405.000000" />
  <attribute name="IntegralH" value="-405.000000" />
  <attribute name="DerivativeT" value="-0.277778" />
  <attribute name="DerivativeI" value="-0.277778" />
  <attribute name="DerivativeH" value="-0.277778" />
  <attribute name="Loop Time for DT" value="27.000000" />
  <attribute name="Output H" value="2092630016"/>
  <attribute name="Output I" value="200"/>
  <attribute name="Output T" value="4"/>
  <attribute name="Target GC Util Change" value ="20.000000" />
  <attribute name="Current GC Util Change" value="5.000000"/>
  <attribute name="GC Util currently" value="5" />
  <attribute name="CPU Util currently" value="166946130246" />
<allocation-satisfied id="1126" threadId="00000000015BE700" bytesRequested="32" />
<af-end id="1127" timestamp="2019-06-14T20:52:22.903" threadId="00000000015BF088" success="true" from="nursery"/>
<exclusive-end id="1128" timestamp="2019-06-14T20:52:22.903" durationms="2.038" />

<exclusive-start id="1129" timestamp="2019-06-14T20:52:22.936" intervalms="34.672">
  <response-info timems="0.029" idlems="0.029" threads="0" lastid="00000000015BE700" lastname="main" />
</exclusive-start>
<af-start id="1130" threadId="00000000015BF088" totalBytesRequested="200008" timestamp="2019-06-14T20:52:22.936" intervalms="34.601" type="nursery" />
<cycle-start id="1131" type="scavenge" contextid="0" timestamp="2019-06-14T20:52:22.936" intervalms="34.533" />
<gc-start id="1132" type="scavenge" contextid="1131" timestamp="2019-06-14T20:52:22.936">
  <mem-info id="1133" free="1974171384" total="1992949760" percent="99">
    <mem type="nursery" free="178096" total="8912896" percent="1">
      <mem type="allocate" free="178096" total="7471104" percent="2" />
      <mem type="survivor" free="0" total="1441792" percent="0" />
    </mem>
    <mem type="tenure" free="1973993288" total="1984036864" percent="99">
      <mem type="soa" free="1874814792" total="1884835840" percent="99" />
      <mem type="loa" free="99178496" total="99201024" percent="99" />
    </mem>
    <remembered-set count="1240" />
  </mem-info>
</gc-start>
<allocation-stats totalBytes="6201784" >
  <allocated-bytes non-tlh="216944" tlh="5984840" />
  <largest-consumer threadName="main" threadId="00000000015BE700" bytes="6201784" />
</allocation-stats>
<gc-op id="1134" type="scavenge" timems="0.847" contextid="1131" timestamp="2019-06-14T20:52:22.937">
  <scavenger-info tenureage="14" tenuremask="4000" tiltratio="83" />
  <memory-copied type="nursery" objects="10155" bytes="418376" bytesdiscarded="154528" />
  <references type="soft" candidates="130" cleared="0" enqueued="0" dynamicThreshold="31" maxThreshold="32" />
  <references type="weak" candidates="372" cleared="2" enqueued="2" />
  <references type="phantom" candidates="1" cleared="0" enqueued="0" />
</gc-op>
<gc-end id="1135" type="scavenge" contextid="1131" durationms="1.066" usertimems="0.000" systemtimems="0.000" timestamp="2019-06-14T20:52:22.937" activeThreads="4">
  <mem-info id="1136" free="1980956608" total="1992949760" percent="99">
    <mem type="nursery" free="6963320" total="8912896" percent="78">
      <mem type="allocate" free="6963320" total="7536640" percent="92" />
      <mem type="survivor" free="0" total="1376256" percent="0" />
    </mem>
    <mem type="tenure" free="1973993288" total="1984036864" percent="99">
      <mem type="soa" free="1874814792" total="1884835840" percent="99" />
      <mem type="loa" free="99178496" total="99201024" percent="99" />
    </mem>
    <pending-finalizers system="0" default="0" reference="2" classloader="0" />
    <remembered-set count="1178" />
  </mem-info>
</gc-end>
<cycle-end id="1137" type="scavenge" contextid="1131" timestamp="2019-06-14T20:52:22.937" />
  <attribute name="elasticGC enabled" value="1" />
  <attribute name= "numThreadsSpecified" value="4" />
  <attribute name="heapSize specified" value="2092630016" />
  <attribute name="Current GC Util" value="6" />
  <attribute name= "Current Time Running" value="7255" />
  <attribute name ="GC Interval" value="200" />
  <attribute name="ProportionalT" value="-7.000000" />
  <attribute name="ProportionalI" value="-7.000000" />
  <attribute name="ProportionalH" value="-7.000000" />
  <attribute name="Current Error" value="-14.000000" />
  <attribute name="IntegralT" value="-490.000000" />
  <attribute name="IntegralI" value="-490.000000" />
  <attribute name="IntegralH" value="-490.000000" />
  <attribute name="DerivativeT" value="-0.200000" />
  <attribute name="DerivativeI" value="-0.200000" />
  <attribute name="DerivativeH" value="-0.200000" />
  <attribute name="Loop Time for DT" value="35.000000" />
  <attribute name="Output H" value="2092630016"/>
  <attribute name="Output I" value="200"/>
  <attribute name="Output T" value="4"/>
  <attribute name="Target GC Util Change" value ="20.000000" />
  <attribute name="Current GC Util Change" value="6.000000"/>
  <attribute name="GC Util currently" value="6" />
  <attribute name="CPU Util currently" value="134335375253" />
<allocation-satisfied id="1138" threadId="00000000015BE700" bytesRequested="200008" />
<af-end id="1139" timestamp="2019-06-14T20:52:22.938" threadId="00000000015BF088" success="true" from="nursery"/>
<exclusive-end id="1140" timestamp="2019-06-14T20:52:22.938" durationms="1.689" />

<exclusive-start id="1141" timestamp="2019-06-14T20:52:22.952" intervalms="16.063">
  <response-info timems="0.027" idlems="0.027" threads="0" lastid="00000000015BE700" lastname="main" />
</exclusive-start>
<af-start id="1142" threadId="00000000015BF088" totalBytesRequested="24" timestamp="2019-06-14T20:52:22.952" intervalms="16.146" type="nursery" />
<cycle-start id="1143" type="scavenge" contextid="0" timestamp="2019-06-14T20:52:22.952" intervalms="16.220" />
<gc-start id="1144" type="scavenge" contextid="1143" timestamp="2019-06-14T20:52:22.952">
  <mem-info id="1145" free="1973992904" total="1992949760" percent="99">
    <mem type="nursery" free="0" total="8912896" percent="0">
      <mem type="allocate" free="0" total="7536640" percent="0" />
      <mem type="survivor" free="0" total="1376256" percent="0" />
    </mem>
    <mem type="tenure" free="1973992904" total="1984036864" percent="99">
      <mem type="soa" free="1874814408" total="1884835840" percent="99" />
      <mem type="loa" free="99178496" total="99201024" percent="99" />
    </mem>
    <remembered-set count="1186" />
  </mem-info>
</gc-start>
<allocation-stats totalBytes="6962968" >
  <allocated-bytes non-tlh="400400" tlh="6562568" />
  <largest-consumer threadName="main" threadId="00000000015BE700" bytes="6958872" />
</allocation-stats>
<gc-op id="1146" type="scavenge" timems="0.997" contextid="1143" timestamp="2019-06-14T20:52:22.954">
  <scavenger-info tenureage="3" tenuremask="4028" tiltratio="84" />
  <memory-copied type="nursery" objects="16526" bytes="982840" bytesdiscarded="127888" />
  <memory-copied type="tenure" objects="6538" bytes="266824" bytesdiscarded="40" />
  <references type="soft" candidates="60" cleared="0" enqueued="0" dynamicThreshold="31" maxThreshold="32" />
  <references type="weak" candidates="309" cleared="0" enqueued="0" />
  <references type="phantom" candidates="1" cleared="0" enqueued="0" />
</gc-op>
<gc-end id="1147" type="scavenge" contextid="1143" durationms="1.389" usertimems="4.000" systemtimems="0.000" timestamp="2019-06-14T20:52:22.954" activeThreads="4">
  <mem-info id="1148" free="1979916040" total="1992949760" percent="99">
    <mem type="nursery" free="6163520" total="8912896" percent="69">
      <mem type="allocate" free="6163520" total="7274496" percent="84" />
      <mem type="survivor" free="0" total="1638400" percent="0" />
    </mem>
    <mem type="tenure" free="1973752520" total="1984036864" percent="99">
      <mem type="soa" free="1874574024" total="1884835840" percent="99" />
      <mem type="loa" free="99178496" total="99201024" percent="99" />
    </mem>
    <remembered-set count="822" />
  </mem-info>
</gc-end>
<cycle-end id="1149" type="scavenge" contextid="1143" timestamp="2019-06-14T20:52:22.954" />
  <attribute name="elasticGC enabled" value="1" />
  <attribute name= "numThreadsSpecified" value="4" />
  <attribute name="heapSize specified" value="2092630016" />
  <attribute name="Current GC Util" value="9" />
  <attribute name= "Current Time Running" value="7271" />
  <attribute name ="GC Interval" value="200" />
  <attribute name="ProportionalT" value="-5.500000" />
  <attribute name="ProportionalI" value="-5.500000" />
  <attribute name="ProportionalH" value="-5.500000" />
  <attribute name="Current Error" value="-11.000000" />
  <attribute name="IntegralT" value="-176.000000" />
  <attribute name="IntegralI" value="-176.000000" />
  <attribute name="IntegralH" value="-176.000000" />
  <attribute name="DerivativeT" value="-0.343750" />
  <attribute name="DerivativeI" value="-0.343750" />
  <attribute name="DerivativeH" value="-0.343750" />
  <attribute name="Loop Time for DT" value="16.000000" />
  <attribute name="Output H" value="2092630016"/>
  <attribute name="Output I" value="200"/>
  <attribute name="Output T" value="4"/>
  <attribute name="Target GC Util Change" value ="20.000000" />
  <attribute name="Current GC Util Change" value="9.000000"/>
  <attribute name="GC Util currently" value="9" />
  <attribute name="CPU Util currently" value="280392272576" />
<allocation-satisfied id="1150" threadId="00000000015BE700" bytesRequested="24" />
<af-end id="1151" timestamp="2019-06-14T20:52:22.954" threadId="00000000015BF088" success="true" from="nursery"/>
<exclusive-end id="1152" timestamp="2019-06-14T20:52:22.954" durationms="2.249" />

<exclusive-start id="1153" timestamp="2019-06-14T20:52:22.963" intervalms="10.539">
  <response-info timems="0.061" idlems="0.061" threads="0" lastid="00000000015BE700" lastname="main" />
</exclusive-start>
<af-start id="1154" threadId="00000000015BF088" totalBytesRequested="32" timestamp="2019-06-14T20:52:22.963" intervalms="10.515" type="nursery" />
<cycle-start id="1155" type="scavenge" contextid="0" timestamp="2019-06-14T20:52:22.963" intervalms="10.513" />
<gc-start id="1156" type="scavenge" contextid="1155" timestamp="2019-06-14T20:52:22.963">
  <mem-info id="1157" free="1973752520" total="1992949760" percent="99">
    <mem type="nursery" free="0" total="8912896" percent="0">
      <mem type="allocate" free="0" total="7274496" percent="0" />
      <mem type="survivor" free="0" total="1638400" percent="0" />
    </mem>
    <mem type="tenure" free="1973752520" total="1984036864" percent="99">
      <mem type="soa" free="1874574024" total="1884835840" percent="99" />
      <mem type="loa" free="99178496" total="99201024" percent="99" />
    </mem>
    <remembered-set count="822" />
  </mem-info>
</gc-start>
<allocation-stats totalBytes="6162752" >
  <allocated-bytes non-tlh="24" tlh="6162728" />
  <largest-consumer threadName="main" threadId="00000000015BE700" bytes="6162752" />
</allocation-stats>
<gc-op id="1158" type="scavenge" timems="0.917" contextid="1155" timestamp="2019-06-14T20:52:22.964">
  <scavenger-info tenureage="5" tenuremask="40a0" tiltratio="81" />
  <memory-copied type="nursery" objects="20417" bytes="1141856" bytesdiscarded="129048" />
  <memory-copied type="tenure" objects="2044" bytes="60400" bytesdiscarded="32" />
  <references type="soft" candidates="37" cleared="0" enqueued="0" dynamicThreshold="31" maxThreshold="32" />
  <references type="weak" candidates="134" cleared="0" enqueued="0" />
  <references type="phantom" candidates="1" cleared="0" enqueued="0" />
</gc-op>
<heap-resize id="1159" type="expand" space="nursery" amount="524288" count="1" timems="0.012" reason="excessive time being spent scavenging" timestamp="2019-06-14T20:52:22.964" />
<gc-end id="1160" type="scavenge" contextid="1155" durationms="1.317" usertimems="4.000" systemtimems="0.000" timestamp="2019-06-14T20:52:22.964" activeThreads="4">
  <mem-info id="1161" free="1980171160" total="1993474048" percent="99">
    <mem type="nursery" free="6527696" total="9437184" percent="69">
      <mem type="allocate" free="6527696" total="7798784" percent="83" />
      <mem type="survivor" free="0" total="1638400" percent="0" />
    </mem>
    <mem type="tenure" free="1973643464" total="1984036864" percent="99">
      <mem type="soa" free="1874464968" total="1884835840" percent="99" />
      <mem type="loa" free="99178496" total="99201024" percent="99" />
    </mem>
    <remembered-set count="158" />
  </mem-info>
</gc-end>
<cycle-end id="1162" type="scavenge" contextid="1155" timestamp="2019-06-14T20:52:22.964" />
  <attribute name="elasticGC enabled" value="1" />
  <attribute name= "numThreadsSpecified" value="4" />
  <attribute name="heapSize specified" value="2092630016" />
  <attribute name="Current GC Util" value="27" />
  <attribute name= "Current Time Running" value="7282" />
  <attribute name ="GC Interval" value="200" />
  <attribute name="ProportionalT" value="3.500000" />
  <attribute name="ProportionalI" value="3.500000" />
  <attribute name="ProportionalH" value="3.500000" />
  <attribute name="Current Error" value="7.000000" />
  <attribute name="IntegralT" value="77.000000" />
  <attribute name="IntegralI" value="77.000000" />
  <attribute name="IntegralH" value="77.000000" />
  <attribute name="DerivativeT" value="0.318182" />
  <attribute name="DerivativeI" value="0.318182" />
  <attribute name="DerivativeH" value="0.318182" />
  <attribute name="Loop Time for DT" value="11.000000" />
  <attribute name="Output H" value="8388608"/>
  <attribute name="Output I" value="200"/>
  <attribute name="Output T" value="4"/>
  <attribute name="Target GC Util Change" value ="20.000000" />
  <attribute name="Current GC Util Change" value="27.000000"/>
  <attribute name="GC Util currently" value="27" />
  <attribute name="CPU Util currently" value="442210336434" />
<allocation-satisfied id="1163" threadId="00000000015BE700" bytesRequested="32" />
<af-end id="1164" timestamp="2019-06-14T20:52:22.965" threadId="00000000015BF088" success="true" from="nursery"/>
<exclusive-end id="1165" timestamp="2019-06-14T20:52:22.965" durationms="2.142" />

<exclusive-start id="1166" timestamp="2019-06-14T20:52:22.977" intervalms="14.490">
  <response-info timems="0.063" idlems="0.063" threads="0" lastid="00000000015BE700" lastname="main" />
</exclusive-start>
<af-start id="1167" threadId="00000000015BF088" totalBytesRequested="28728" timestamp="2019-06-14T20:52:22.977" intervalms="14.502" type="nursery" />
<cycle-start id="1168" type="scavenge" contextid="0" timestamp="2019-06-14T20:52:22.977" intervalms="14.505" />
<gc-start id="1169" type="scavenge" contextid="1168" timestamp="2019-06-14T20:52:22.977">
  <mem-info id="1170" free="1973643464" total="1993474048" percent="99">
    <mem type="nursery" free="0" total="9437184" percent="0">
      <mem type="allocate" free="0" total="7798784" percent="0" />
      <mem type="survivor" free="0" total="1638400" percent="0" />
    </mem>
    <mem type="tenure" free="1973643464" total="1984036864" percent="99">
      <mem type="soa" free="1874464968" total="1884835840" percent="99" />
      <mem type="loa" free="99178496" total="99201024" percent="99" />
    </mem>
    <remembered-set count="158" />
  </mem-info>
</gc-start>
<allocation-stats totalBytes="6519672" >
  <allocated-bytes non-tlh="32" tlh="6519640" />
  <largest-consumer threadName="main" threadId="00000000015BE700" bytes="6519672" />
</allocation-stats>
<gc-op id="1171" type="scavenge" timems="0.323" contextid="1168" timestamp="2019-06-14T20:52:22.978">
  <scavenger-info tenureage="14" tenuremask="4000" tiltratio="82" />
  <memory-copied type="nursery" objects="1600" bytes="84744" bytesdiscarded="141664" />
  <references type="soft" candidates="37" cleared="0" enqueued="0" dynamicThreshold="31" maxThreshold="32" />
  <references type="weak" candidates="134" cleared="0" enqueued="0" />
</gc-op>
<gc-end id="1172" type="scavenge" contextid="1168" durationms="0.688" usertimems="0.000" systemtimems="0.000" timestamp="2019-06-14T20:52:22.978" activeThreads="4">
  <mem-info id="1173" free="1981412296" total="1993474048" percent="99">
    <mem type="nursery" free="7768832" total="9437184" percent="82">
      <mem type="allocate" free="7768832" total="7995392" percent="97" />
      <mem type="survivor" free="0" total="1441792" percent="0" />
    </mem>
    <mem type="tenure" free="1973643464" total="1984036864" percent="99">
      <mem type="soa" free="1874464968" total="1884835840" percent="99" />
      <mem type="loa" free="99178496" total="99201024" percent="99" />
    </mem>
    <remembered-set count="152" />
  </mem-info>
</gc-end>
<cycle-end id="1174" type="scavenge" contextid="1168" timestamp="2019-06-14T20:52:22.978" />
  <attribute name="elasticGC enabled" value="1" />
  <attribute name= "numThreadsSpecified" value="4" />
  <attribute name="heapSize specified" value="2092630016" />
  <attribute name="Current GC Util" value="18" />
  <attribute name= "Current Time Running" value="7296" />
  <attribute name ="GC Interval" value="200" />
  <attribute name="ProportionalT" value="-1.000000" />
  <attribute name="ProportionalI" value="-1.000000" />
  <attribute name="ProportionalH" value="-1.000000" />
  <attribute name="Current Error" value="-2.000000" />
  <attribute name="IntegralT" value="-28.000000" />
  <attribute name="IntegralI" value="-28.000000" />
  <attribute name="IntegralH" value="-28.000000" />
  <attribute name="DerivativeT" value="-0.321429" />
  <attribute name="DerivativeI" value="-0.321429" />
  <attribute name="DerivativeH" value="-0.321429" />
  <attribute name="Loop Time for DT" value="14.000000" />
  <attribute name="Output H" value="2092630016"/>
  <attribute name="Output I" value="200"/>
  <attribute name="Output T" value="4"/>
  <attribute name="Target GC Util Change" value ="20.000000" />
  <attribute name="Current GC Util Change" value="18.000000"/>
  <attribute name="GC Util currently" value="18" />
  <attribute name="CPU Util currently" value="316224072171" />
<allocation-satisfied id="1175" threadId="00000000015BE700" bytesRequested="28728" />
<af-end id="1176" timestamp="2019-06-14T20:52:22.978" threadId="00000000015BF088" success="true" from="nursery"/>
<exclusive-end id="1177" timestamp="2019-06-14T20:52:22.978" durationms="1.400" />

<exclusive-start id="1178" timestamp="2019-06-14T20:52:22.999" intervalms="21.618">
  <response-info timems="0.028" idlems="0.028" threads="0" lastid="00000000015BE700" lastname="main" />
</exclusive-start>
<af-start id="1179" threadId="00000000015BF088" totalBytesRequested="32" timestamp="2019-06-14T20:52:22.999" intervalms="21.628" type="nursery" />
<cycle-start id="1180" type="scavenge" contextid="0" timestamp="2019-06-14T20:52:22.999" intervalms="21.594" />
<gc-start id="1181" type="scavenge" contextid="1180" timestamp="2019-06-14T20:52:22.999">
  <mem-info id="1182" free="1973642688" total="1993474048" percent="99">
    <mem type="nursery" free="0" total="9437184" percent="0">
      <mem type="allocate" free="0" total="7995392" percent="0" />
      <mem type="survivor" free="0" total="1441792" percent="0" />
    </mem>
    <mem type="tenure" free="1973642688" total="1984036864" percent="99">
      <mem type="soa" free="1874464192" total="1884835840" percent="99" />
      <mem type="loa" free="99178496" total="99201024" percent="99" />
    </mem>
    <remembered-set count="166" />
  </mem-info>
</gc-start>
<allocation-stats totalBytes="7768864" >
  <allocated-bytes non-tlh="295056" tlh="7473808" />
  <largest-consumer threadName="main" threadId="00000000015BE700" bytes="7768864" />
</allocation-stats>
<gc-op id="1183" type="scavenge" timems="1.190" contextid="1180" timestamp="2019-06-14T20:52:23.000">
  <scavenger-info tenureage="14" tenuremask="4000" tiltratio="84" />
  <memory-copied type="nursery" objects="18675" bytes="1104792" bytesdiscarded="180968" />
  <references type="soft" candidates="38" cleared="0" enqueued="0" dynamicThreshold="31" maxThreshold="32" />
  <references type="weak" candidates="134" cleared="0" enqueued="0" />
  <references type="phantom" candidates="1" cleared="0" enqueued="0" />
</gc-op>
<gc-end id="1184" type="scavenge" contextid="1180" durationms="1.564" usertimems="0.000" systemtimems="4.000" timestamp="2019-06-14T20:52:23.001" activeThreads="4">
  <mem-info id="1185" free="1979631216" total="1993474048" percent="99">
    <mem type="nursery" free="5988528" total="9437184" percent="63">
      <mem type="allocate" free="5988528" total="7274496" percent="82" />
      <mem type="survivor" free="0" total="2162688" percent="0" />
    </mem>
    <mem type="tenure" free="1973642688" total="1984036864" percent="99">
      <mem type="soa" free="1874464192" total="1884835840" percent="99" />
      <mem type="loa" free="99178496" total="99201024" percent="99" />
    </mem>
    <remembered-set count="166" />
  </mem-info>
</gc-end>
<cycle-end id="1186" type="scavenge" contextid="1180" timestamp="2019-06-14T20:52:23.001" />
  <attribute name="elasticGC enabled" value="1" />
  <attribute name= "numThreadsSpecified" value="4" />
  <attribute name="heapSize specified" value="2092630016" />
  <attribute name="Current GC Util" value="3" />
  <attribute name= "Current Time Running" value="7318" />
  <attribute name ="GC Interval" value="200" />
  <attribute name="ProportionalT" value="-8.500000" />
  <attribute name="ProportionalI" value="-8.500000" />
  <attribute name="ProportionalH" value="-8.500000" />
  <attribute name="Current Error" value="-17.000000" />
  <attribute name="IntegralT" value="-374.000000" />
  <attribute name="IntegralI" value="-374.000000" />
  <attribute name="IntegralH" value="-374.000000" />
  <attribute name="DerivativeT" value="-0.386364" />
  <attribute name="DerivativeI" value="-0.386364" />
  <attribute name="DerivativeH" value="-0.386364" />
  <attribute name="Loop Time for DT" value="22.000000" />
  <attribute name="Output H" value="2092630016"/>
  <attribute name="Output I" value="200"/>
  <attribute name="Output T" value="4"/>
  <attribute name="Target GC Util Change" value ="20.000000" />
  <attribute name="Current GC Util Change" value="3.000000"/>
  <attribute name="GC Util currently" value="3" />
  <attribute name="CPU Util currently" value="213858006103" />
<allocation-satisfied id="1187" threadId="00000000015BE700" bytesRequested="32" />
<af-end id="1188" timestamp="2019-06-14T20:52:23.001" threadId="00000000015BF088" success="true" from="nursery"/>
<exclusive-end id="1189" timestamp="2019-06-14T20:52:23.001" durationms="2.350" />

<exclusive-start id="1190" timestamp="2019-06-14T20:52:23.014" intervalms="15.272">
  <response-info timems="0.071" idlems="0.071" threads="0" lastid="00000000015BE700" lastname="main" />
</exclusive-start>
<af-start id="1191" threadId="00000000015BF088" totalBytesRequested="32" timestamp="2019-06-14T20:52:23.014" intervalms="15.268" type="nursery" />
<cycle-start id="1192" type="scavenge" contextid="0" timestamp="2019-06-14T20:52:23.014" intervalms="15.289" />
<gc-start id="1193" type="scavenge" contextid="1192" timestamp="2019-06-14T20:52:23.014">
  <mem-info id="1194" free="1973642688" total="1993474048" percent="99">
    <mem type="nursery" free="0" total="9437184" percent="0">
      <mem type="allocate" free="0" total="7274496" percent="0" />
      <mem type="survivor" free="0" total="2162688" percent="0" />
    </mem>
    <mem type="tenure" free="1973642688" total="1984036864" percent="99">
      <mem type="soa" free="1874464192" total="1884835840" percent="99" />
      <mem type="loa" free="99178496" total="99201024" percent="99" />
    </mem>
    <remembered-set count="166" />
  </mem-info>
</gc-start>
<allocation-stats totalBytes="5987680" >
  <allocated-bytes non-tlh="32" tlh="5987648" />
  <largest-consumer threadName="main" threadId="00000000015BE700" bytes="5987680" />
</allocation-stats>
<gc-op id="1195" type="scavenge" timems="1.316" contextid="1192" timestamp="2019-06-14T20:52:23.016">
  <scavenger-info tenureage="5" tenuremask="4020" tiltratio="77" />
  <memory-copied type="nursery" objects="21099" bytes="917544" bytesdiscarded="163216" />
  <memory-copied type="tenure" objects="1222" bytes="42376" bytesdiscarded="8" />
  <references type="soft" candidates="3" cleared="0" enqueued="0" dynamicThreshold="31" maxThreshold="32" />
  <references type="weak" candidates="71" cleared="0" enqueued="0" />
</gc-op>
<gc-end id="1196" type="scavenge" contextid="1192" durationms="1.682" usertimems="0.000" systemtimems="0.000" timestamp="2019-06-14T20:52:23.016" activeThreads="4">
  <mem-info id="1197" free="1979993784" total="1993474048" percent="99">
    <mem type="nursery" free="6390264" total="9437184" percent="67">
      <mem type="allocate" free="6390264" total="7471104" percent="85" />
      <mem type="survivor" free="0" total="1966080" percent="0" />
    </mem>
    <mem type="tenure" free="1973603520" total="1984036864" percent="99">
      <mem type="soa" free="1874425024" total="1884835840" percent="99" />
      <mem type="loa" free="99178496" total="99201024" percent="99" />
    </mem>
    <remembered-set count="170" />
  </mem-info>
</gc-end>
<cycle-end id="1198" type="scavenge" contextid="1192" timestamp="2019-06-14T20:52:23.016" />
  <attribute name="elasticGC enabled" value="1" />
  <attribute name= "numThreadsSpecified" value="4" />
  <attribute name="heapSize specified" value="2092630016" />
  <attribute name="Current GC Util" value="17" />
  <attribute name= "Current Time Running" value="7333" />
  <attribute name ="GC Interval" value="200" />
  <attribute name="ProportionalT" value="-1.500000" />
  <attribute name="ProportionalI" value="-1.500000" />
  <attribute name="ProportionalH" value="-1.500000" />
  <attribute name="Current Error" value="-3.000000" />
  <attribute name="IntegralT" value="-45.000000" />
  <attribute name="IntegralI" value="-45.000000" />
  <attribute name="IntegralH" value="-45.000000" />
  <attribute name="DerivativeT" value="-0.100000" />
  <attribute name="DerivativeI" value="-0.100000" />
  <attribute name="DerivativeH" value="-0.100000" />
  <attribute name="Loop Time for DT" value="15.000000" />
  <attribute name="Output H" value="2092630016"/>
  <attribute name="Output I" value="200"/>
  <attribute name="Output T" value="4"/>
  <attribute name="Target GC Util Change" value ="20.000000" />
  <attribute name="Current GC Util Change" value="17.000000"/>
  <attribute name="GC Util currently" value="17" />
  <attribute name="CPU Util currently" value="301640876618" />
<allocation-satisfied id="1199" threadId="00000000015BE700" bytesRequested="32" />
<af-end id="1200" timestamp="2019-06-14T20:52:23.016" threadId="00000000015BF088" success="true" from="nursery"/>
<exclusive-end id="1201" timestamp="2019-06-14T20:52:23.017" durationms="2.580" />

<exclusive-start id="1202" timestamp="2019-06-14T20:52:23.031" intervalms="17.372">
  <response-info timems="0.054" idlems="0.054" threads="0" lastid="00000000015BE700" lastname="main" />
</exclusive-start>
<af-start id="1203" threadId="00000000015BF088" totalBytesRequested="40" timestamp="2019-06-14T20:52:23.031" intervalms="17.372" type="nursery" />
<cycle-start id="1204" type="scavenge" contextid="0" timestamp="2019-06-14T20:52:23.032" intervalms="17.391" />
<gc-start id="1205" type="scavenge" contextid="1204" timestamp="2019-06-14T20:52:23.032">
  <mem-info id="1206" free="1973603128" total="1993474048" percent="99">
    <mem type="nursery" free="0" total="9437184" percent="0">
      <mem type="allocate" free="0" total="7471104" percent="0" />
      <mem type="survivor" free="0" total="1966080" percent="0" />
    </mem>
    <mem type="tenure" free="1973603128" total="1984036864" percent="99">
      <mem type="soa" free="1874424632" total="1884835840" percent="99" />
      <mem type="loa" free="99178496" total="99201024" percent="99" />
    </mem>
    <remembered-set count="178" />
  </mem-info>
</gc-start>
<allocation-stats totalBytes="6389680" >
  <allocated-bytes non-tlh="200432" tlh="6189248" />
  <largest-consumer threadName="main" threadId="00000000015BE700" bytes="6389680" />
</allocation-stats>
<gc-op id="1207" type="scavenge" timems="0.642" contextid="1204" timestamp="2019-06-14T20:52:23.033">
  <scavenger-info tenureage="7" tenuremask="4080" tiltratio="79" />
  <memory-copied type="nursery" objects="8000" bytes="600888" bytesdiscarded="183816" />
  <memory-copied type="tenure" objects="306" bytes="11136" bytesdiscarded="24" />
  <references type="soft" candidates="3" cleared="0" enqueued="0" dynamicThreshold="31" maxThreshold="32" />
  <references type="weak" candidates="16" cleared="0" enqueued="0" />
  <references type="phantom" candidates="1" cleared="0" enqueued="0" />
</gc-op>
<heap-resize id="1208" type="expand" space="nursery" amount="393216" count="1" timems="0.011" reason="excessive time being spent scavenging" timestamp="2019-06-14T20:52:23.033" />
<gc-end id="1209" type="scavenge" contextid="1204" durationms="1.188" usertimems="0.000" systemtimems="0.000" timestamp="2019-06-14T20:52:23.033" activeThreads="4">
  <mem-info id="1210" free="1980709008" total="1993867264" percent="99">
    <mem type="nursery" free="7145048" total="9830400" percent="72">
      <mem type="allocate" free="7145048" total="7929856" percent="90" />
      <mem type="survivor" free="0" total="1900544" percent="0" />
    </mem>
    <mem type="tenure" free="1973563960" total="1984036864" percent="99">
      <mem type="soa" free="1874385464" total="1884835840" percent="99" />
      <mem type="loa" free="99178496" total="99201024" percent="99" />
    </mem>
    <remembered-set count="89" />
  </mem-info>
</gc-end>
<cycle-end id="1211" type="scavenge" contextid="1204" timestamp="2019-06-14T20:52:23.033" />
  <attribute name="elasticGC enabled" value="1" />
  <attribute name= "numThreadsSpecified" value="4" />
  <attribute name="heapSize specified" value="2092630016" />
  <attribute name="Current GC Util" value="15" />
  <attribute name= "Current Time Running" value="7350" />
  <attribute name ="GC Interval" value="200" />
  <attribute name="ProportionalT" value="-2.500000" />
  <attribute name="ProportionalI" value="-2.500000" />
  <attribute name="ProportionalH" value="-2.500000" />
  <attribute name="Current Error" value="-5.000000" />
  <attribute name="IntegralT" value="-85.000000" />
  <attribute name="IntegralI" value="-85.000000" />
  <attribute name="IntegralH" value="-85.000000" />
  <attribute name="DerivativeT" value="-0.147059" />
  <attribute name="DerivativeI" value="-0.147059" />
  <attribute name="DerivativeH" value="-0.147059" />
  <attribute name="Loop Time for DT" value="17.000000" />
  <attribute name="Output H" value="2092630016"/>
  <attribute name="Output I" value="200"/>
  <attribute name="Output T" value="4"/>
  <attribute name="Target GC Util Change" value ="20.000000" />
  <attribute name="Current GC Util Change" value="15.000000"/>
  <attribute name="GC Util currently" value="15" />
  <attribute name="CPU Util currently" value="264632819097" />
<allocation-satisfied id="1212" threadId="00000000015BE700" bytesRequested="40" />
<af-end id="1213" timestamp="2019-06-14T20:52:23.033" threadId="00000000015BF088" success="true" from="nursery"/>
<exclusive-end id="1214" timestamp="2019-06-14T20:52:23.033" durationms="2.086" />

<exclusive-start id="1215" timestamp="2019-06-14T20:52:23.040" intervalms="8.210">
  <response-info timems="0.026" idlems="0.026" threads="0" lastid="00000000015BE700" lastname="main" />
</exclusive-start>
<af-start id="1216" threadId="00000000015BF088" totalBytesRequested="32" timestamp="2019-06-14T20:52:23.040" intervalms="8.101" type="nursery" />
<cycle-start id="1217" type="scavenge" contextid="0" timestamp="2019-06-14T20:52:23.040" intervalms="8.092" />
<gc-start id="1218" type="scavenge" contextid="1217" timestamp="2019-06-14T20:52:23.040">
  <mem-info id="1219" free="1973563960" total="1993867264" percent="98">
    <mem type="nursery" free="0" total="9830400" percent="0">
      <mem type="allocate" free="0" total="7929856" percent="0" />
      <mem type="survivor" free="0" total="1900544" percent="0" />
    </mem>
    <mem type="tenure" free="1973563960" total="1984036864" percent="99">
      <mem type="soa" free="1874385464" total="1884835840" percent="99" />
      <mem type="loa" free="99178496" total="99201024" percent="99" />
    </mem>
    <remembered-set count="89" />
  </mem-info>
</gc-start>
<allocation-stats totalBytes="7144352" >
  <allocated-bytes non-tlh="40" tlh="7144312" />
  <largest-consumer threadName="main" threadId="00000000015BE700" bytes="7144352" />
</allocation-stats>
<gc-op id="1220" type="scavenge" timems="1.128" contextid="1217" timestamp="2019-06-14T20:52:23.041">
  <scavenger-info tenureage="14" tenuremask="4000" tiltratio="80" />
  <memory-copied type="nursery" objects="13375" bytes="796080" bytesdiscarded="247360" />
  <references type="soft" candidates="3" cleared="0" enqueued="0" dynamicThreshold="31" maxThreshold="32" />
  <references type="weak" candidates="16" cleared="0" enqueued="0" />
  <references type="phantom" candidates="1" cleared="0" enqueued="0" />
</gc-op>
<heap-resize id="1221" type="expand" space="nursery" amount="655360" count="1" timems="0.011" reason="excessive time being spent scavenging" timestamp="2019-06-14T20:52:23.041" />
<gc-end id="1222" type="scavenge" contextid="1217" durationms="1.635" usertimems="0.000" systemtimems="0.000" timestamp="2019-06-14T20:52:23.041" activeThreads="4">
  <mem-info id="1223" free="1981236704" total="1994522624" percent="99">
    <mem type="nursery" free="7672744" total="10485760" percent="73">
      <mem type="allocate" free="7672744" total="8716288" percent="88" />
      <mem type="survivor" free="0" total="1769472" percent="0" />
    </mem>
    <mem type="tenure" free="1973563960" total="1984036864" percent="99">
      <mem type="soa" free="1874385464" total="1884835840" percent="99" />
      <mem type="loa" free="99178496" total="99201024" percent="99" />
    </mem>
    <remembered-set count="87" />
  </mem-info>
</gc-end>
<cycle-end id="1224" type="scavenge" contextid="1217" timestamp="2019-06-14T20:52:23.042" />
  <attribute name="elasticGC enabled" value="1" />
  <attribute name= "numThreadsSpecified" value="4" />
  <attribute name="heapSize specified" value="2092630016" />
  <attribute name="Current GC Util" value="19" />
  <attribute name= "Current Time Running" value="7358" />
  <attribute name ="GC Interval" value="200" />
  <attribute name="ProportionalT" value="-0.500000" />
  <attribute name="ProportionalI" value="-0.500000" />
  <attribute name="ProportionalH" value="-0.500000" />
  <attribute name="Current Error" value="-1.000000" />
  <attribute name="IntegralT" value="-8.000000" />
  <attribute name="IntegralI" value="-8.000000" />
  <attribute name="IntegralH" value="-8.000000" />
  <attribute name="DerivativeT" value="-0.062500" />
  <attribute name="DerivativeI" value="-0.062500" />
  <attribute name="DerivativeH" value="-0.062500" />
  <attribute name="Loop Time for DT" value="8.000000" />
  <attribute name="Output H" value="2092630016"/>
  <attribute name="Output I" value="200"/>
  <attribute name="Output T" value="4"/>
  <attribute name="Target GC Util Change" value ="20.000000" />
  <attribute name="Current GC Util Change" value="19.000000"/>
  <attribute name="GC Util currently" value="19" />
  <attribute name="CPU Util currently" value="571093754968" />
<allocation-satisfied id="1225" threadId="00000000015BE700" bytesRequested="32" />
<af-end id="1226" timestamp="2019-06-14T20:52:23.042" threadId="00000000015BF088" success="true" from="nursery"/>
<exclusive-end id="1227" timestamp="2019-06-14T20:52:23.042" durationms="2.370" />

<exclusive-start id="1228" timestamp="2019-06-14T20:52:23.060" intervalms="20.615">
  <response-info timems="0.022" idlems="0.022" threads="0" lastid="00000000015BE700" lastname="main" />
</exclusive-start>
<af-start id="1229" threadId="00000000015BF088" totalBytesRequested="32" timestamp="2019-06-14T20:52:23.060" intervalms="20.731" type="nursery" />
<cycle-start id="1230" type="scavenge" contextid="0" timestamp="2019-06-14T20:52:23.060" intervalms="20.734" />
<gc-start id="1231" type="scavenge" contextid="1230" timestamp="2019-06-14T20:52:23.061">
  <mem-info id="1232" free="1973561928" total="1994522624" percent="98">
    <mem type="nursery" free="0" total="10485760" percent="0">
      <mem type="allocate" free="0" total="8716288" percent="0" />
      <mem type="survivor" free="0" total="1769472" percent="0" />
    </mem>
    <mem type="tenure" free="1973561928" total="1984036864" percent="99">
      <mem type="soa" free="1874383432" total="1884835840" percent="99" />
      <mem type="loa" free="99178496" total="99201024" percent="99" />
    </mem>
    <remembered-set count="102" />
  </mem-info>
</gc-start>
<allocation-stats totalBytes="7673408" >
  <allocated-bytes non-tlh="202072" tlh="7471336" />
  <largest-consumer threadName="main" threadId="00000000015BE700" bytes="7673408" />
</allocation-stats>
<gc-op id="1233" type="scavenge" timems="0.896" contextid="1230" timestamp="2019-06-14T20:52:23.062">
  <scavenger-info tenureage="14" tenuremask="4000" tiltratio="83" />
  <memory-copied type="nursery" objects="11094" bytes="754968" bytesdiscarded="193968" />
  <references type="soft" candidates="4" cleared="0" enqueued="0" dynamicThreshold="31" maxThreshold="32" />
  <references type="weak" candidates="24" cleared="0" enqueued="0" />
  <references type="phantom" candidates="1" cleared="0" enqueued="0" />
</gc-op>
<gc-end id="1234" type="scavenge" contextid="1230" durationms="1.310" usertimems="4.000" systemtimems="0.000" timestamp="2019-06-14T20:52:23.062" activeThreads="4">
  <mem-info id="1235" free="1981591296" total="1994522624" percent="99">
    <mem type="nursery" free="8029368" total="10485760" percent="76">
      <mem type="allocate" free="8029368" total="8978432" percent="89" />
      <mem type="survivor" free="0" total="1507328" percent="0" />
    </mem>
    <mem type="tenure" free="1973561928" total="1984036864" percent="99">
      <mem type="soa" free="1874383432" total="1884835840" percent="99" />
      <mem type="loa" free="99178496" total="99201024" percent="99" />
    </mem>
    <remembered-set count="98" />
  </mem-info>
</gc-end>
<cycle-end id="1236" type="scavenge" contextid="1230" timestamp="2019-06-14T20:52:23.062" />
  <attribute name="elasticGC enabled" value="1" />
  <attribute name= "numThreadsSpecified" value="4" />
  <attribute name="heapSize specified" value="2092630016" />
  <attribute name="Current GC Util" value="9" />
  <attribute name= "Current Time Running" value="7379" />
  <attribute name ="GC Interval" value="200" />
  <attribute name="ProportionalT" value="-5.500000" />
  <attribute name="ProportionalI" value="-5.500000" />
  <attribute name="ProportionalH" value="-5.500000" />
  <attribute name="Current Error" value="-11.000000" />
  <attribute name="IntegralT" value="-231.000000" />
  <attribute name="IntegralI" value="-231.000000" />
  <attribute name="IntegralH" value="-231.000000" />
  <attribute name="DerivativeT" value="-0.261905" />
  <attribute name="DerivativeI" value="-0.261905" />
  <attribute name="DerivativeH" value="-0.261905" />
  <attribute name="Loop Time for DT" value="21.000000" />
  <attribute name="Output H" value="2092630016"/>
  <attribute name="Output I" value="200"/>
  <attribute name="Output T" value="4"/>
  <attribute name="Target GC Util Change" value ="20.000000" />
  <attribute name="Current GC Util Change" value="9.000000"/>
  <attribute name="GC Util currently" value="9" />
  <attribute name="CPU Util currently" value="222233070664" />
<allocation-satisfied id="1237" threadId="00000000015BE700" bytesRequested="32" />
<af-end id="1238" timestamp="2019-06-14T20:52:23.062" threadId="00000000015BF088" success="true" from="nursery"/>
<exclusive-end id="1239" timestamp="2019-06-14T20:52:23.062" durationms="2.202" />

<exclusive-start id="1240" timestamp="2019-06-14T20:52:23.081" intervalms="20.856">
  <response-info timems="0.055" idlems="0.055" threads="0" lastid="00000000015BE700" lastname="main" />
</exclusive-start>
<af-start id="1241" threadId="00000000015BF088" totalBytesRequested="32" timestamp="2019-06-14T20:52:23.081" intervalms="20.845" type="nursery" />
<cycle-start id="1242" type="scavenge" contextid="0" timestamp="2019-06-14T20:52:23.081" intervalms="20.837" />
<gc-start id="1243" type="scavenge" contextid="1242" timestamp="2019-06-14T20:52:23.081">
  <mem-info id="1244" free="1973561480" total="1994522624" percent="98">
    <mem type="nursery" free="0" total="10485760" percent="0">
      <mem type="allocate" free="0" total="8978432" percent="0" />
      <mem type="survivor" free="0" total="1507328" percent="0" />
    </mem>
    <mem type="tenure" free="1973561480" total="1984036864" percent="99">
      <mem type="soa" free="1874382984" total="1884835840" percent="99" />
      <mem type="loa" free="99178496" total="99201024" percent="99" />
    </mem>
    <remembered-set count="106" />
  </mem-info>
</gc-start>
<allocation-stats totalBytes="8029016" >
  <allocated-bytes non-tlh="200488" tlh="7828528" />
  <largest-consumer threadName="main" threadId="00000000015BE700" bytes="8029016" />
</allocation-stats>
<gc-op id="1245" type="scavenge" timems="0.640" contextid="1242" timestamp="2019-06-14T20:52:23.082">
  <scavenger-info tenureage="14" tenuremask="4000" tiltratio="85" />
  <memory-copied type="nursery" objects="10013" bytes="719992" bytesdiscarded="250688" />
  <references type="soft" candidates="5" cleared="0" enqueued="0" dynamicThreshold="31" maxThreshold="32" />
  <references type="weak" candidates="30" cleared="0" enqueued="0" />
  <references type="phantom" candidates="1" cleared="0" enqueued="0" />
</gc-op>
<gc-end id="1246" type="scavenge" contextid="1242" durationms="0.943" usertimems="4.000" systemtimems="0.000" timestamp="2019-06-14T20:52:23.082" activeThreads="4">
  <mem-info id="1247" free="1981700152" total="1994522624" percent="99">
    <mem type="nursery" free="8138672" total="10485760" percent="77">
      <mem type="allocate" free="8138672" total="9109504" percent="89" />
      <mem type="survivor" free="0" total="1376256" percent="0" />
    </mem>
    <mem type="tenure" free="1973561480" total="1984036864" percent="99">
      <mem type="soa" free="1874382984" total="1884835840" percent="99" />
      <mem type="loa" free="99178496" total="99201024" percent="99" />
    </mem>
    <remembered-set count="105" />
  </mem-info>
</gc-end>
<cycle-end id="1248" type="scavenge" contextid="1242" timestamp="2019-06-14T20:52:23.082" />
  <attribute name="elasticGC enabled" value="1" />
  <attribute name= "numThreadsSpecified" value="4" />
  <attribute name="heapSize specified" value="2092630016" />
  <attribute name="Current GC Util" value="8" />
  <attribute name= "Current Time Running" value="7400" />
  <attribute name ="GC Interval" value="200" />
  <attribute name="ProportionalT" value="-6.000000" />
  <attribute name="ProportionalI" value="-6.000000" />
  <attribute name="ProportionalH" value="-6.000000" />
  <attribute name="Current Error" value="-12.000000" />
  <attribute name="IntegralT" value="-252.000000" />
  <attribute name="IntegralI" value="-252.000000" />
  <attribute name="IntegralH" value="-252.000000" />
  <attribute name="DerivativeT" value="-0.285714" />
  <attribute name="DerivativeI" value="-0.285714" />
  <attribute name="DerivativeH" value="-0.285714" />
  <attribute name="Loop Time for DT" value="21.000000" />
  <attribute name="Output H" value="2092630016"/>
  <attribute name="Output I" value="200"/>
  <attribute name="Output T" value="4"/>
  <attribute name="Target GC Util Change" value ="20.000000" />
  <attribute name="Current GC Util Change" value="8.000000"/>
  <attribute name="GC Util currently" value="8" />
  <attribute name="CPU Util currently" value="221862220006" />
<allocation-satisfied id="1249" threadId="00000000015BE700" bytesRequested="32" />
<af-end id="1250" timestamp="2019-06-14T20:52:23.083" threadId="00000000015BF088" success="true" from="nursery"/>
<exclusive-end id="1251" timestamp="2019-06-14T20:52:23.083" durationms="1.636" />

<exclusive-start id="1252" timestamp="2019-06-14T20:52:23.091" intervalms="9.874">
  <response-info timems="0.028" idlems="0.028" threads="0" lastid="00000000015BE700" lastname="main" />
</exclusive-start>
<af-start id="1253" threadId="00000000015BF088" totalBytesRequested="40" timestamp="2019-06-14T20:52:23.091" intervalms="9.824" type="nursery" />
<cycle-start id="1254" type="scavenge" contextid="0" timestamp="2019-06-14T20:52:23.091" intervalms="9.828" />
<gc-start id="1255" type="scavenge" contextid="1254" timestamp="2019-06-14T20:52:23.091">
  <mem-info id="1256" free="1973561480" total="1994522624" percent="98">
    <mem type="nursery" free="0" total="10485760" percent="0">
      <mem type="allocate" free="0" total="9109504" percent="0" />
      <mem type="survivor" free="0" total="1376256" percent="0" />
    </mem>
    <mem type="tenure" free="1973561480" total="1984036864" percent="99">
      <mem type="soa" free="1874382984" total="1884835840" percent="99" />
      <mem type="loa" free="99178496" total="99201024" percent="99" />
    </mem>
    <remembered-set count="105" />
  </mem-info>
</gc-start>
<allocation-stats totalBytes="8137744" >
  <allocated-bytes non-tlh="32" tlh="8137712" />
  <largest-consumer threadName="main" threadId="00000000015BE700" bytes="8137744" />
</allocation-stats>
<gc-op id="1257" type="scavenge" timems="0.985" contextid="1254" timestamp="2019-06-14T20:52:23.092">
  <scavenger-info tenureage="14" tenuremask="4000" tiltratio="86" />
  <memory-copied type="nursery" objects="18752" bytes="1032376" bytesdiscarded="103680" />
  <references type="soft" candidates="5" cleared="0" enqueued="0" dynamicThreshold="31" maxThreshold="32" />
  <references type="weak" candidates="30" cleared="0" enqueued="0" />
  <references type="phantom" candidates="1" cleared="0" enqueued="0" />
</gc-op>
<heap-resize id="1258" type="expand" space="nursery" amount="524288" count="1" timems="0.015" reason="excessive time being spent scavenging" timestamp="2019-06-14T20:52:23.093" />
<gc-end id="1259" type="scavenge" contextid="1254" durationms="1.502" usertimems="4.000" systemtimems="0.000" timestamp="2019-06-14T20:52:23.093" activeThreads="4">
  <mem-info id="1260" free="1981862456" total="1995046912" percent="99">
    <mem type="nursery" free="8300976" total="11010048" percent="75">
      <mem type="allocate" free="8300976" total="9437184" percent="87" />
      <mem type="survivor" free="0" total="1572864" percent="0" />
    </mem>
    <mem type="tenure" free="1973561480" total="1984036864" percent="99">
      <mem type="soa" free="1874382984" total="1884835840" percent="99" />
      <mem type="loa" free="99178496" total="99201024" percent="99" />
    </mem>
    <remembered-set count="92" />
  </mem-info>
</gc-end>
<cycle-end id="1261" type="scavenge" contextid="1254" timestamp="2019-06-14T20:52:23.093" />
  <attribute name="elasticGC enabled" value="1" />
  <attribute name= "numThreadsSpecified" value="4" />
  <attribute name="heapSize specified" value="2092630016" />
  <attribute name="Current GC Util" value="15" />
  <attribute name= "Current Time Running" value="7410" />
  <attribute name ="GC Interval" value="200" />
  <attribute name="ProportionalT" value="-2.500000" />
  <attribute name="ProportionalI" value="-2.500000" />
  <attribute name="ProportionalH" value="-2.500000" />
  <attribute name="Current Error" value="-5.000000" />
  <attribute name="IntegralT" value="-50.000000" />
  <attribute name="IntegralI" value="-50.000000" />
  <attribute name="IntegralH" value="-50.000000" />
  <attribute name="DerivativeT" value="-0.250000" />
  <attribute name="DerivativeI" value="-0.250000" />
  <attribute name="DerivativeH" value="-0.250000" />
  <attribute name="Loop Time for DT" value="10.000000" />
  <attribute name="Output H" value="2092630016"/>
  <attribute name="Output I" value="200"/>
  <attribute name="Output T" value="4"/>
  <attribute name="Target GC Util Change" value ="20.000000" />
  <attribute name="Current GC Util Change" value="15.000000"/>
  <attribute name="GC Util currently" value="15" />
  <attribute name="CPU Util currently" value="467685186107" />
<allocation-satisfied id="1262" threadId="00000000015BE700" bytesRequested="40" />
<af-end id="1263" timestamp="2019-06-14T20:52:23.093" threadId="00000000015BF088" success="true" from="nursery"/>
<exclusive-end id="1264" timestamp="2019-06-14T20:52:23.093" durationms="2.294" />

<exclusive-start id="1265" timestamp="2019-06-14T20:52:23.103" intervalms="12.210">
  <response-info timems="0.066" idlems="0.066" threads="0" lastid="00000000015BE700" lastname="main" />
</exclusive-start>
<af-start id="1266" threadId="00000000015BF088" totalBytesRequested="56" timestamp="2019-06-14T20:52:23.103" intervalms="12.252" type="nursery" />
<cycle-start id="1267" type="scavenge" contextid="0" timestamp="2019-06-14T20:52:23.103" intervalms="12.256" />
<gc-start id="1268" type="scavenge" contextid="1267" timestamp="2019-06-14T20:52:23.104">
  <mem-info id="1269" free="1973561480" total="1995046912" percent="98">
    <mem type="nursery" free="0" total="11010048" percent="0">
      <mem type="allocate" free="0" total="9437184" percent="0" />
      <mem type="survivor" free="0" total="1572864" percent="0" />
    </mem>
    <mem type="tenure" free="1973561480" total="1984036864" percent="99">
      <mem type="soa" free="1874382984" total="1884835840" percent="99" />
      <mem type="loa" free="99178496" total="99201024" percent="99" />
    </mem>
    <remembered-set count="92" />
  </mem-info>
</gc-start>
<allocation-stats totalBytes="8300224" >
  <allocated-bytes non-tlh="40" tlh="8300184" />
  <largest-consumer threadName="main" threadId="00000000015BE700" bytes="8300224" />
</allocation-stats>
<gc-op id="1270" type="scavenge" timems="0.924" contextid="1267" timestamp="2019-06-14T20:52:23.105">
  <scavenger-info tenureage="14" tenuremask="4000" tiltratio="85" />
  <memory-copied type="nursery" objects="20786" bytes="814992" bytesdiscarded="115456" />
  <references type="soft" candidates="5" cleared="0" enqueued="0" dynamicThreshold="31" maxThreshold="32" />
  <references type="weak" candidates="30" cleared="0" enqueued="0" />
</gc-op>
<gc-end id="1271" type="scavenge" contextid="1267" durationms="1.309" usertimems="4.000" systemtimems="0.000" timestamp="2019-06-14T20:52:23.105" activeThreads="4">
  <mem-info id="1272" free="1982264704" total="1995046912" percent="99">
    <mem type="nursery" free="8703224" total="11010048" percent="79">
      <mem type="allocate" free="8703224" total="9633792" percent="90" />
      <mem type="survivor" free="0" total="1376256" percent="0" />
    </mem>
    <mem type="tenure" free="1973561480" total="1984036864" percent="99">
      <mem type="soa" free="1874382984" total="1884835840" percent="99" />
      <mem type="loa" free="99178496" total="99201024" percent="99" />
    </mem>
    <remembered-set count="85" />
  </mem-info>
</gc-end>
<cycle-end id="1273" type="scavenge" contextid="1267" timestamp="2019-06-14T20:52:23.105" />
  <attribute name="elasticGC enabled" value="1" />
  <attribute name= "numThreadsSpecified" value="4" />
  <attribute name="heapSize specified" value="2092630016" />
  <attribute name="Current GC Util" value="18" />
  <attribute name= "Current Time Running" value="7422" />
  <attribute name ="GC Interval" value="200" />
  <attribute name="ProportionalT" value="-1.000000" />
  <attribute name="ProportionalI" value="-1.000000" />
  <attribute name="ProportionalH" value="-1.000000" />
  <attribute name="Current Error" value="-2.000000" />
  <attribute name="IntegralT" value="-24.000000" />
  <attribute name="IntegralI" value="-24.000000" />
  <attribute name="IntegralH" value="-24.000000" />
  <attribute name="DerivativeT" value="-0.083333" />
  <attribute name="DerivativeI" value="-0.083333" />
  <attribute name="DerivativeH" value="-0.083333" />
  <attribute name="Loop Time for DT" value="12.000000" />
  <attribute name="Output H" value="2092630016"/>
  <attribute name="Output I" value="200"/>
  <attribute name="Output T" value="4"/>
  <attribute name="Target GC Util Change" value ="20.000000" />
  <attribute name="Current GC Util Change" value="18.000000"/>
  <attribute name="GC Util currently" value="18" />
  <attribute name="CPU Util currently" value="376162282375" />
<allocation-satisfied id="1274" threadId="00000000015BE700" bytesRequested="56" />
<af-end id="1275" timestamp="2019-06-14T20:52:23.105" threadId="00000000015BF088" success="true" from="nursery"/>
<exclusive-end id="1276" timestamp="2019-06-14T20:52:23.105" durationms="2.199" />

<exclusive-start id="1277" timestamp="2019-06-14T20:52:23.130" intervalms="27.395">
  <response-info timems="0.028" idlems="0.028" threads="0" lastid="00000000015BE700" lastname="main" />
</exclusive-start>
<af-start id="1278" threadId="00000000015BF088" totalBytesRequested="32" timestamp="2019-06-14T20:52:23.131" intervalms="27.368" type="nursery" />
<cycle-start id="1279" type="scavenge" contextid="0" timestamp="2019-06-14T20:52:23.131" intervalms="27.340" />
<gc-start id="1280" type="scavenge" contextid="1279" timestamp="2019-06-14T20:52:23.131">
  <mem-info id="1281" free="1973559768" total="1995046912" percent="98">
    <mem type="nursery" free="0" total="11010048" percent="0">
      <mem type="allocate" free="0" total="9633792" percent="0" />
      <mem type="survivor" free="0" total="1376256" percent="0" />
    </mem>
    <mem type="tenure" free="1973559768" total="1984036864" percent="99">
      <mem type="soa" free="1874381272" total="1884835840" percent="99" />
      <mem type="loa" free="99178496" total="99201024" percent="99" />
    </mem>
    <remembered-set count="119" />
  </mem-info>
</gc-start>
<allocation-stats totalBytes="8702728" >
  <allocated-bytes non-tlh="601792" tlh="8100936" />
  <largest-consumer threadName="main" threadId="00000000015BE700" bytes="8702728" />
</allocation-stats>
<gc-op id="1282" type="scavenge" timems="0.581" contextid="1279" timestamp="2019-06-14T20:52:23.132">
  <scavenger-info tenureage="14" tenuremask="4000" tiltratio="87" />
  <memory-copied type="nursery" objects="6369" bytes="510648" bytesdiscarded="125344" />
  <references type="soft" candidates="8" cleared="0" enqueued="0" dynamicThreshold="31" maxThreshold="32" />
  <references type="weak" candidates="47" cleared="0" enqueued="0" />
  <references type="phantom" candidates="1" cleared="0" enqueued="0" />
</gc-op>
<gc-end id="1283" type="scavenge" contextid="1279" durationms="0.927" usertimems="0.000" systemtimems="0.000" timestamp="2019-06-14T20:52:23.132" activeThreads="4">
  <mem-info id="1284" free="1982622864" total="1995046912" percent="99">
    <mem type="nursery" free="9063096" total="11010048" percent="82">
      <mem type="allocate" free="9063096" total="9699328" percent="93" />
      <mem type="survivor" free="0" total="1310720" percent="0" />
    </mem>
    <mem type="tenure" free="1973559768" total="1984036864" percent="99">
      <mem type="soa" free="1874381272" total="1884835840" percent="99" />
      <mem type="loa" free="99178496" total="99201024" percent="99" />
    </mem>
    <remembered-set count="119" />
  </mem-info>
</gc-end>
<cycle-end id="1285" type="scavenge" contextid="1279" timestamp="2019-06-14T20:52:23.132" />
  <attribute name="elasticGC enabled" value="1" />
  <attribute name= "numThreadsSpecified" value="4" />
  <attribute name="heapSize specified" value="2092630016" />
  <attribute name="Current GC Util" value="7" />
  <attribute name= "Current Time Running" value="7449" />
  <attribute name ="GC Interval" value="200" />
  <attribute name="ProportionalT" value="-6.500000" />
  <attribute name="ProportionalI" value="-6.500000" />
  <attribute name="ProportionalH" value="-6.500000" />
  <attribute name="Current Error" value="-13.000000" />
  <attribute name="IntegralT" value="-351.000000" />
  <attribute name="IntegralI" value="-351.000000" />
  <attribute name="IntegralH" value="-351.000000" />
  <attribute name="DerivativeT" value="-0.240741" />
  <attribute name="DerivativeI" value="-0.240741" />
  <attribute name="DerivativeH" value="-0.240741" />
  <attribute name="Loop Time for DT" value="27.000000" />
  <attribute name="Output H" value="2092630016"/>
  <attribute name="Output I" value="200"/>
  <attribute name="Output T" value="4"/>
  <attribute name="Target GC Util Change" value ="20.000000" />
  <attribute name="Current GC Util Change" value="7.000000"/>
  <attribute name="GC Util currently" value="7" />
  <attribute name="CPU Util currently" value="168812585091" />
<allocation-satisfied id="1286" threadId="00000000015BE700" bytesRequested="32" />
<af-end id="1287" timestamp="2019-06-14T20:52:23.132" threadId="00000000015BF088" success="true" from="nursery"/>
<exclusive-end id="1288" timestamp="2019-06-14T20:52:23.132" durationms="1.665" />

<exclusive-start id="1289" timestamp="2019-06-14T20:52:23.151" intervalms="20.252">
  <response-info timems="0.026" idlems="0.026" threads="0" lastid="00000000015BE700" lastname="main" />
</exclusive-start>
<af-start id="1290" threadId="00000000015BF088" totalBytesRequested="32" timestamp="2019-06-14T20:52:23.151" intervalms="20.289" type="nursery" />
<cycle-start id="1291" type="scavenge" contextid="0" timestamp="2019-06-14T20:52:23.151" intervalms="20.315" />
<gc-start id="1292" type="scavenge" contextid="1291" timestamp="2019-06-14T20:52:23.151">
  <mem-info id="1293" free="1973559328" total="1995046912" percent="98">
    <mem type="nursery" free="0" total="11010048" percent="0">
      <mem type="allocate" free="0" total="9699328" percent="0" />
      <mem type="survivor" free="0" total="1310720" percent="0" />
    </mem>
    <mem type="tenure" free="1973559328" total="1984036864" percent="99">
      <mem type="soa" free="1874380832" total="1884835840" percent="99" />
      <mem type="loa" free="99178496" total="99201024" percent="99" />
    </mem>
    <remembered-set count="127" />
  </mem-info>
</gc-start>
<allocation-stats totalBytes="9062312" >
  <allocated-bytes non-tlh="200480" tlh="8861832" />
  <largest-consumer threadName="main" threadId="00000000015BE700" bytes="9062312" />
</allocation-stats>
<gc-op id="1294" type="scavenge" timems="0.444" contextid="1291" timestamp="2019-06-14T20:52:23.152">
  <scavenger-info tenureage="7" tenuremask="4080" tiltratio="88" />
  <memory-copied type="nursery" objects="5747" bytes="534416" bytesdiscarded="234472" />
  <memory-copied type="tenure" objects="829" bytes="25432" bytesdiscarded="0" />
  <references type="soft" candidates="8" cleared="0" enqueued="0" dynamicThreshold="31" maxThreshold="32" />
  <references type="weak" candidates="37" cleared="0" enqueued="0" />
  <references type="phantom" candidates="1" cleared="0" enqueued="0" />
</gc-op>
<gc-end id="1295" type="scavenge" contextid="1291" durationms="0.830" usertimems="4.000" systemtimems="0.000" timestamp="2019-06-14T20:52:23.152" activeThreads="4">
  <mem-info id="1296" free="1982620608" total="1995046912" percent="99">
    <mem type="nursery" free="9061280" total="11010048" percent="82">
      <mem type="allocate" free="9061280" total="9830400" percent="92" />
      <mem type="survivor" free="0" total="1179648" percent="0" />
    </mem>
    <mem type="tenure" free="1973559328" total="1984036864" percent="99">
      <mem type="soa" free="1874380832" total="1884835840" percent="99" />
      <mem type="loa" free="99178496" total="99201024" percent="99" />
    </mem>
    <remembered-set count="180" />
  </mem-info>
</gc-end>
<cycle-end id="1297" type="scavenge" contextid="1291" timestamp="2019-06-14T20:52:23.152" />
  <attribute name="elasticGC enabled" value="1" />
  <attribute name= "numThreadsSpecified" value="4" />
  <attribute name="heapSize specified" value="2092630016" />
  <attribute name="Current GC Util" value="6" />
  <attribute name= "Current Time Running" value="7470" />
  <attribute name ="GC Interval" value="200" />
  <attribute name="ProportionalT" value="-7.000000" />
  <attribute name="ProportionalI" value="-7.000000" />
  <attribute name="ProportionalH" value="-7.000000" />
  <attribute name="Current Error" value="-14.000000" />
  <attribute name="IntegralT" value="-294.000000" />
  <attribute name="IntegralI" value="-294.000000" />
  <attribute name="IntegralH" value="-294.000000" />
  <attribute name="DerivativeT" value="-0.333333" />
  <attribute name="DerivativeI" value="-0.333333" />
  <attribute name="DerivativeH" value="-0.333333" />
  <attribute name="Loop Time for DT" value="21.000000" />
  <attribute name="Output H" value="2092630016"/>
  <attribute name="Output I" value="200"/>
  <attribute name="Output T" value="4"/>
  <attribute name="Target GC Util Change" value ="20.000000" />
  <attribute name="Current GC Util Change" value="6.000000"/>
  <attribute name="GC Util currently" value="6" />
  <attribute name="CPU Util currently" value="226510041773" />
<allocation-satisfied id="1298" threadId="00000000015BE700" bytesRequested="32" />
<af-end id="1299" timestamp="2019-06-14T20:52:23.152" threadId="00000000015BF088" success="true" from="nursery"/>
<exclusive-end id="1300" timestamp="2019-06-14T20:52:23.152" durationms="1.640" />

<exclusive-start id="1301" timestamp="2019-06-14T20:52:23.164" intervalms="13.414">
  <response-info timems="0.032" idlems="0.032" threads="0" lastid="00000000015BE700" lastname="main" />
</exclusive-start>
<af-start id="1302" threadId="00000000015BF088" totalBytesRequested="32" timestamp="2019-06-14T20:52:23.164" intervalms="13.419" type="nursery" />
<cycle-start id="1303" type="scavenge" contextid="0" timestamp="2019-06-14T20:52:23.164" intervalms="13.423" />
<gc-start id="1304" type="scavenge" contextid="1303" timestamp="2019-06-14T20:52:23.165">
  <mem-info id="1305" free="1973559328" total="1995046912" percent="98">
    <mem type="nursery" free="0" total="11010048" percent="0">
      <mem type="allocate" free="0" total="9830400" percent="0" />
      <mem type="survivor" free="0" total="1179648" percent="0" />
    </mem>
    <mem type="tenure" free="1973559328" total="1984036864" percent="99">
      <mem type="soa" free="1874380832" total="1884835840" percent="99" />
      <mem type="loa" free="99178496" total="99201024" percent="99" />
    </mem>
    <remembered-set count="180" />
  </mem-info>
</gc-start>
<allocation-stats totalBytes="9059968" >
  <allocated-bytes non-tlh="32" tlh="9059936" />
  <largest-consumer threadName="main" threadId="00000000015BE700" bytes="9059968" />
</allocation-stats>
<gc-op id="1306" type="scavenge" timems="0.816" contextid="1303" timestamp="2019-06-14T20:52:23.166">
  <scavenger-info tenureage="10" tenuremask="4400" tiltratio="89" />
  <memory-copied type="nursery" objects="13686" bytes="830624" bytesdiscarded="165344" />
  <memory-copied type="tenure" objects="139" bytes="4920" bytesdiscarded="0" />
  <references type="soft" candidates="7" cleared="0" enqueued="0" dynamicThreshold="31" maxThreshold="32" />
  <references type="weak" candidates="37" cleared="0" enqueued="0" />
  <references type="phantom" candidates="1" cleared="0" enqueued="0" />
</gc-op>
<heap-resize id="1307" type="expand" space="nursery" amount="655360" count="1" timems="0.012" reason="excessive time being spent scavenging" timestamp="2019-06-14T20:52:23.166" />
<gc-end id="1308" type="scavenge" contextid="1303" durationms="1.297" usertimems="0.000" systemtimems="4.000" timestamp="2019-06-14T20:52:23.166" activeThreads="4">
  <mem-info id="1309" free="1982852304" total="1995702272" percent="99">
    <mem type="nursery" free="9292976" total="11665408" percent="79">
      <mem type="allocate" free="9292976" total="10289152" percent="90" />
      <mem type="survivor" free="0" total="1376256" percent="0" />
    </mem>
    <mem type="tenure" free="1973559328" total="1984036864" percent="99">
      <mem type="soa" free="1874380832" total="1884835840" percent="99" />
      <mem type="loa" free="99178496" total="99201024" percent="99" />
    </mem>
    <remembered-set count="115" />
  </mem-info>
</gc-end>
<cycle-end id="1310" type="scavenge" contextid="1303" timestamp="2019-06-14T20:52:23.166" />
  <attribute name="elasticGC enabled" value="1" />
  <attribute name= "numThreadsSpecified" value="4" />
  <attribute name="heapSize specified" value="2092630016" />
  <attribute name="Current GC Util" value="9" />
  <attribute name= "Current Time Running" value="7483" />
  <attribute name ="GC Interval" value="200" />
  <attribute name="ProportionalT" value="-5.500000" />
  <attribute name="ProportionalI" value="-5.500000" />
  <attribute name="ProportionalH" value="-5.500000" />
  <attribute name="Current Error" value="-11.000000" />
  <attribute name="IntegralT" value="-143.000000" />
  <attribute name="IntegralI" value="-143.000000" />
  <attribute name="IntegralH" value="-143.000000" />
  <attribute name="DerivativeT" value="-0.423077" />
  <attribute name="DerivativeI" value="-0.423077" />
  <attribute name="DerivativeH" value="-0.423077" />
  <attribute name="Loop Time for DT" value="13.000000" />
  <attribute name="Output H" value="2092630016"/>
  <attribute name="Output I" value="200"/>
  <attribute name="Output T" value="4"/>
  <attribute name="Target GC Util Change" value ="20.000000" />
  <attribute name="Current GC Util Change" value="9.000000"/>
  <attribute name="GC Util currently" value="9" />
  <attribute name="CPU Util currently" value="344534712041" />
<allocation-satisfied id="1311" threadId="00000000015BE700" bytesRequested="32" />
<af-end id="1312" timestamp="2019-06-14T20:52:23.166" threadId="00000000015BF088" success="true" from="nursery"/>
<exclusive-end id="1313" timestamp="2019-06-14T20:52:23.166" durationms="2.147" />

<exclusive-start id="1314" timestamp="2019-06-14T20:52:23.185" intervalms="20.608">
  <response-info timems="0.029" idlems="0.029" threads="0" lastid="00000000015BE700" lastname="main" />
</exclusive-start>
<af-start id="1315" threadId="00000000015BF088" totalBytesRequested="40" timestamp="2019-06-14T20:52:23.185" intervalms="20.626" type="nursery" />
<cycle-start id="1316" type="scavenge" contextid="0" timestamp="2019-06-14T20:52:23.185" intervalms="20.627" />
<gc-start id="1317" type="scavenge" contextid="1316" timestamp="2019-06-14T20:52:23.185">
  <mem-info id="1318" free="1973558952" total="1995702272" percent="98">
    <mem type="nursery" free="0" total="11665408" percent="0">
      <mem type="allocate" free="0" total="10289152" percent="0" />
      <mem type="survivor" free="0" total="1376256" percent="0" />
    </mem>
    <mem type="tenure" free="1973558952" total="1984036864" percent="99">
      <mem type="soa" free="1874380456" total="1884835840" percent="99" />
      <mem type="loa" free="99178496" total="99201024" percent="99" />
    </mem>
    <remembered-set count="121" />
  </mem-info>
</gc-start>
<allocation-stats totalBytes="9292312" >
  <allocated-bytes non-tlh="200416" tlh="9091896" />
  <largest-consumer threadName="main" threadId="00000000015BE700" bytes="9292312" />
</allocation-stats>
<gc-op id="1319" type="scavenge" timems="0.787" contextid="1316" timestamp="2019-06-14T20:52:23.186">
  <scavenger-info tenureage="2" tenuremask="4004" tiltratio="88" />
  <memory-copied type="nursery" objects="9274" bytes="665144" bytesdiscarded="203704" />
  <memory-copied type="tenure" objects="220" bytes="7776" bytesdiscarded="0" />
  <references type="soft" candidates="6" cleared="0" enqueued="0" dynamicThreshold="31" maxThreshold="32" />
  <references type="weak" candidates="35" cleared="0" enqueued="0" />
  <references type="phantom" candidates="1" cleared="0" enqueued="0" />
</gc-op>
<gc-end id="1320" type="scavenge" contextid="1316" durationms="1.139" usertimems="4.000" systemtimems="0.000" timestamp="2019-06-14T20:52:23.186" activeThreads="4">
  <mem-info id="1321" free="1983175680" total="1995702272" percent="99">
    <mem type="nursery" free="9616728" total="11665408" percent="82">
      <mem type="allocate" free="9616728" total="10485760" percent="91" />
      <mem type="survivor" free="0" total="1179648" percent="0" />
    </mem>
    <mem type="tenure" free="1973558952" total="1984036864" percent="99">
      <mem type="soa" free="1874380456" total="1884835840" percent="99" />
      <mem type="loa" free="99178496" total="99201024" percent="99" />
    </mem>
    <remembered-set count="108" />
  </mem-info>
</gc-end>
<cycle-end id="1322" type="scavenge" contextid="1316" timestamp="2019-06-14T20:52:23.186" />
  <attribute name="elasticGC enabled" value="1" />
  <attribute name= "numThreadsSpecified" value="4" />
  <attribute name="heapSize specified" value="2092630016" />
  <attribute name="Current GC Util" value="9" />
  <attribute name= "Current Time Running" value="7504" />
  <attribute name ="GC Interval" value="200" />
  <attribute name="ProportionalT" value="-5.500000" />
  <attribute name="ProportionalI" value="-5.500000" />
  <attribute name="ProportionalH" value="-5.500000" />
  <attribute name="Current Error" value="-11.000000" />
  <attribute name="IntegralT" value="-231.000000" />
  <attribute name="IntegralI" value="-231.000000" />
  <attribute name="IntegralH" value="-231.000000" />
  <attribute name="DerivativeT" value="-0.261905" />
  <attribute name="DerivativeI" value="-0.261905" />
  <attribute name="DerivativeH" value="-0.261905" />
  <attribute name="Loop Time for DT" value="21.000000" />
  <attribute name="Output H" value="2092630016"/>
  <attribute name="Output I" value="200"/>
  <attribute name="Output T" value="4"/>
  <attribute name="Target GC Util Change" value ="20.000000" />
  <attribute name="Current GC Util Change" value="9.000000"/>
  <attribute name="GC Util currently" value="9" />
  <attribute name="CPU Util currently" value="223420338556" />
<allocation-satisfied id="1323" threadId="00000000015BE700" bytesRequested="40" />
<af-end id="1324" timestamp="2019-06-14T20:52:23.187" threadId="00000000015BF088" success="true" from="nursery"/>
<exclusive-end id="1325" timestamp="2019-06-14T20:52:23.187" durationms="1.887" />

<exclusive-start id="1326" timestamp="2019-06-14T20:52:23.198" intervalms="13.037">
  <response-info timems="0.028" idlems="0.028" threads="0" lastid="00000000015BE700" lastname="main" />
</exclusive-start>
<af-start id="1327" threadId="00000000015BF088" totalBytesRequested="40" timestamp="2019-06-14T20:52:23.198" intervalms="12.951" type="nursery" />
<cycle-start id="1328" type="scavenge" contextid="0" timestamp="2019-06-14T20:52:23.198" intervalms="12.953" />
<gc-start id="1329" type="scavenge" contextid="1328" timestamp="2019-06-14T20:52:23.198">
  <mem-info id="1330" free="1973558952" total="1995702272" percent="98">
    <mem type="nursery" free="0" total="11665408" percent="0">
      <mem type="allocate" free="0" total="10485760" percent="0" />
      <mem type="survivor" free="0" total="1179648" percent="0" />
    </mem>
    <mem type="tenure" free="1973558952" total="1984036864" percent="99">
      <mem type="soa" free="1874380456" total="1884835840" percent="99" />
      <mem type="loa" free="99178496" total="99201024" percent="99" />
    </mem>
    <remembered-set count="108" />
  </mem-info>
</gc-start>
<allocation-stats totalBytes="9615936" >
  <allocated-bytes non-tlh="40" tlh="9615896" />
  <largest-consumer threadName="main" threadId="00000000015BE700" bytes="9615936" />
</allocation-stats>
<gc-op id="1331" type="scavenge" timems="0.930" contextid="1328" timestamp="2019-06-14T20:52:23.199">
  <scavenger-info tenureage="14" tenuremask="4000" tiltratio="89" />
  <memory-copied type="nursery" objects="15393" bytes="893136" bytesdiscarded="68376" />
  <references type="soft" candidates="6" cleared="0" enqueued="0" dynamicThreshold="31" maxThreshold="32" />
  <references type="weak" candidates="35" cleared="0" enqueued="0" />
  <references type="phantom" candidates="1" cleared="0" enqueued="0" />
</gc-op>
<heap-resize id="1332" type="expand" space="nursery" amount="524288" count="1" timems="0.012" reason="excessive time being spent scavenging" timestamp="2019-06-14T20:52:23.199" />
<gc-end id="1333" type="scavenge" contextid="1328" durationms="1.365" usertimems="0.000" systemtimems="0.000" timestamp="2019-06-14T20:52:23.200" activeThreads="4">
  <mem-info id="1334" free="1983476232" total="1996226560" percent="99">
    <mem type="nursery" free="9917280" total="12189696" percent="81">
      <mem type="allocate" free="9917280" total="10878976" percent="91" />
      <mem type="survivor" free="0" total="1310720" percent="0" />
    </mem>
    <mem type="tenure" free="1973558952" total="1984036864" percent="99">
      <mem type="soa" free="1874380456" total="1884835840" percent="99" />
      <mem type="loa" free="99178496" total="99201024" percent="99" />
    </mem>
    <remembered-set count="107" />
  </mem-info>
</gc-end>
<cycle-end id="1335" type="scavenge" contextid="1328" timestamp="2019-06-14T20:52:23.200" />
  <attribute name="elasticGC enabled" value="1" />
  <attribute name= "numThreadsSpecified" value="4" />
  <attribute name="heapSize specified" value="2092630016" />
  <attribute name="Current GC Util" value="14" />
  <attribute name= "Current Time Running" value="7517" />
  <attribute name ="GC Interval" value="200" />
  <attribute name="ProportionalT" value="-3.000000" />
  <attribute name="ProportionalI" value="-3.000000" />
  <attribute name="ProportionalH" value="-3.000000" />
  <attribute name="Current Error" value="-6.000000" />
  <attribute name="IntegralT" value="-78.000000" />
  <attribute name="IntegralI" value="-78.000000" />
  <attribute name="IntegralH" value="-78.000000" />
  <attribute name="DerivativeT" value="-0.230769" />
  <attribute name="DerivativeI" value="-0.230769" />
  <attribute name="DerivativeH" value="-0.230769" />
  <attribute name="Loop Time for DT" value="13.000000" />
  <attribute name="Output H" value="2092630016"/>
  <attribute name="Output I" value="200"/>
  <attribute name="Output T" value="4"/>
  <attribute name="Target GC Util Change" value ="20.000000" />
  <attribute name="Current GC Util Change" value="14.000000"/>
  <attribute name="GC Util currently" value="14" />
  <attribute name="CPU Util currently" value="358047765405" />
<allocation-satisfied id="1336" threadId="00000000015BE700" bytesRequested="40" />
<af-end id="1337" timestamp="2019-06-14T20:52:23.200" threadId="00000000015BF088" success="true" from="nursery"/>
<exclusive-end id="1338" timestamp="2019-06-14T20:52:23.200" durationms="2.178" />

<exclusive-start id="1339" timestamp="2019-06-14T20:52:23.239" intervalms="41.148">
  <response-info timems="0.023" idlems="0.023" threads="0" lastid="00000000015BE700" lastname="main" />
</exclusive-start>
<af-start id="1340" threadId="00000000015BF088" totalBytesRequested="200008" timestamp="2019-06-14T20:52:23.239" intervalms="41.129" type="nursery" />
<cycle-start id="1341" type="scavenge" contextid="0" timestamp="2019-06-14T20:52:23.239" intervalms="41.049" />
<gc-start id="1342" type="scavenge" contextid="1341" timestamp="2019-06-14T20:52:23.239">
  <mem-info id="1343" free="1973574768" total="1996226560" percent="98">
    <mem type="nursery" free="17944" total="12189696" percent="0">
      <mem type="allocate" free="17944" total="10878976" percent="0" />
      <mem type="survivor" free="0" total="1310720" percent="0" />
    </mem>
    <mem type="tenure" free="1973556824" total="1984036864" percent="99">
      <mem type="soa" free="1874378328" total="1884835840" percent="99" />
      <mem type="loa" free="99178496" total="99201024" percent="99" />
    </mem>
    <remembered-set count="148" />
  </mem-info>
</gc-start>
<allocation-stats totalBytes="9885624" >
  <allocated-bytes non-tlh="602192" tlh="9283432" />
  <largest-consumer threadName="main" threadId="00000000015BE700" bytes="9885624" />
</allocation-stats>
<gc-op id="1344" type="scavenge" timems="0.351" contextid="1341" timestamp="2019-06-14T20:52:23.240">
  <scavenger-info tenureage="2" tenuremask="4004" tiltratio="89" />
  <memory-copied type="nursery" objects="1609" bytes="93536" bytesdiscarded="171944" />
  <memory-copied type="tenure" objects="128" bytes="4496" bytesdiscarded="8" />
  <references type="soft" candidates="9" cleared="0" enqueued="0" dynamicThreshold="31" maxThreshold="32" />
  <references type="weak" candidates="45" cleared="0" enqueued="0" />
  <references type="phantom" candidates="1" cleared="0" enqueued="0" />
</gc-op>
<gc-end id="1345" type="scavenge" contextid="1341" durationms="0.580" usertimems="4.000" systemtimems="0.000" timestamp="2019-06-14T20:52:23.240" activeThreads="4">
  <mem-info id="1346" free="1984196440" total="1996226560" percent="99">
    <mem type="nursery" free="10678784" total="12189696" percent="87">
      <mem type="allocate" free="10678784" total="10944512" percent="97" />
      <mem type="survivor" free="0" total="1245184" percent="0" />
    </mem>
    <mem type="tenure" free="1973517656" total="1984036864" percent="99">
      <mem type="soa" free="1874339160" total="1884835840" percent="99" />
      <mem type="loa" free="99178496" total="99201024" percent="99" />
    </mem>
    <remembered-set count="143" />
  </mem-info>
</gc-end>
<cycle-end id="1347" type="scavenge" contextid="1341" timestamp="2019-06-14T20:52:23.240" />
  <attribute name="elasticGC enabled" value="1" />
  <attribute name= "numThreadsSpecified" value="4" />
  <attribute name="heapSize specified" value="2092630016" />
  <attribute name="Current GC Util" value="4" />
  <attribute name= "Current Time Running" value="7558" />
  <attribute name ="GC Interval" value="200" />
  <attribute name="ProportionalT" value="-8.000000" />
  <attribute name="ProportionalI" value="-8.000000" />
  <attribute name="ProportionalH" value="-8.000000" />
  <attribute name="Current Error" value="-16.000000" />
  <attribute name="IntegralT" value="-656.000000" />
  <attribute name="IntegralI" value="-656.000000" />
  <attribute name="IntegralH" value="-656.000000" />
  <attribute name="DerivativeT" value="-0.195122" />
  <attribute name="DerivativeI" value="-0.195122" />
  <attribute name="DerivativeH" value="-0.195122" />
  <attribute name="Loop Time for DT" value="41.000000" />
  <attribute name="Output H" value="2092630016"/>
  <attribute name="Output I" value="200"/>
  <attribute name="Output T" value="4"/>
  <attribute name="Target GC Util Change" value ="20.000000" />
  <attribute name="Current GC Util Change" value="4.000000"/>
  <attribute name="GC Util currently" value="4" />
  <attribute name="CPU Util currently" value="112731678491" />
<allocation-satisfied id="1348" threadId="00000000015BE700" bytesRequested="200008" />
<af-end id="1349" timestamp="2019-06-14T20:52:23.240" threadId="00000000015BF088" success="true" from="nursery"/>
<exclusive-end id="1350" timestamp="2019-06-14T20:52:23.240" durationms="1.197" />

<exclusive-start id="1351" timestamp="2019-06-14T20:52:23.255" intervalms="16.556">
  <response-info timems="0.031" idlems="0.031" threads="0" lastid="00000000015BE700" lastname="main" />
</exclusive-start>
<af-start id="1352" threadId="00000000015BF088" totalBytesRequested="32" timestamp="2019-06-14T20:52:23.256" intervalms="16.675" type="nursery" />
<cycle-start id="1353" type="scavenge" contextid="0" timestamp="2019-06-14T20:52:23.256" intervalms="16.751" />
<gc-start id="1354" type="scavenge" contextid="1353" timestamp="2019-06-14T20:52:23.256">
  <mem-info id="1355" free="1973517336" total="1996226560" percent="98">
    <mem type="nursery" free="0" total="12189696" percent="0">
      <mem type="allocate" free="0" total="10944512" percent="0" />
      <mem type="survivor" free="0" total="1245184" percent="0" />
    </mem>
    <mem type="tenure" free="1973517336" total="1984036864" percent="99">
      <mem type="soa" free="1874338840" total="1884835840" percent="99" />
      <mem type="loa" free="99178496" total="99201024" percent="99" />
    </mem>
    <remembered-set count="148" />
  </mem-info>
</gc-start>
<allocation-stats totalBytes="10677896" >
  <allocated-bytes non-tlh="400336" tlh="10277560" />
  <largest-consumer threadName="main" threadId="00000000015BE700" bytes="10677896" />
</allocation-stats>
<gc-op id="1356" type="scavenge" timems="1.061" contextid="1353" timestamp="2019-06-14T20:52:23.257">
  <scavenger-info tenureage="14" tenuremask="4000" tiltratio="89" />
  <memory-copied type="nursery" objects="15104" bytes="881752" bytesdiscarded="169704" />
  <references type="soft" candidates="10" cleared="0" enqueued="0" dynamicThreshold="31" maxThreshold="32" />
  <references type="weak" candidates="53" cleared="0" enqueued="0" />
  <references type="phantom" candidates="1" cleared="0" enqueued="0" />
</gc-op>
<gc-end id="1357" type="scavenge" contextid="1353" durationms="1.479" usertimems="0.000" systemtimems="0.000" timestamp="2019-06-14T20:52:23.257" activeThreads="4">
  <mem-info id="1358" free="1982951360" total="1996226560" percent="99">
    <mem type="nursery" free="9434024" total="12189696" percent="77">
      <mem type="allocate" free="9434024" total="10485760" percent="89" />
      <mem type="survivor" free="0" total="1703936" percent="0" />
    </mem>
    <mem type="tenure" free="1973517336" total="1984036864" percent="99">
      <mem type="soa" free="1874338840" total="1884835840" percent="99" />
      <mem type="loa" free="99178496" total="99201024" percent="99" />
    </mem>
    <remembered-set count="146" />
  </mem-info>
</gc-end>
<cycle-end id="1359" type="scavenge" contextid="1353" timestamp="2019-06-14T20:52:23.258" />
  <attribute name="elasticGC enabled" value="1" />
  <attribute name= "numThreadsSpecified" value="4" />
  <attribute name="heapSize specified" value="2092630016" />
  <attribute name="Current GC Util" value="4" />
  <attribute name= "Current Time Running" value="7575" />
  <attribute name ="GC Interval" value="200" />
  <attribute name="ProportionalT" value="-8.000000" />
  <attribute name="ProportionalI" value="-8.000000" />
  <attribute name="ProportionalH" value="-8.000000" />
  <attribute name="Current Error" value="-16.000000" />
  <attribute name="IntegralT" value="-272.000000" />
  <attribute name="IntegralI" value="-272.000000" />
  <attribute name="IntegralH" value="-272.000000" />
  <attribute name="DerivativeT" value="-0.470588" />
  <attribute name="DerivativeI" value="-0.470588" />
  <attribute name="DerivativeH" value="-0.470588" />
  <attribute name="Loop Time for DT" value="17.000000" />
  <attribute name="Output H" value="2092630016"/>
  <attribute name="Output I" value="200"/>
  <attribute name="Output T" value="4"/>
  <attribute name="Target GC Util Change" value ="20.000000" />
  <attribute name="Current GC Util Change" value="4.000000"/>
  <attribute name="GC Util currently" value="4" />
  <attribute name="CPU Util currently" value="271474191122" />
<allocation-satisfied id="1360" threadId="00000000015BE700" bytesRequested="32" />
<af-end id="1361" timestamp="2019-06-14T20:52:23.258" threadId="00000000015BF088" success="true" from="nursery"/>
<exclusive-end id="1362" timestamp="2019-06-14T20:52:23.258" durationms="2.402" />

<exclusive-start id="1363" timestamp="2019-06-14T20:52:23.279" intervalms="23.590">
  <response-info timems="0.024" idlems="0.024" threads="0" lastid="00000000015BE700" lastname="main" />
</exclusive-start>
<af-start id="1364" threadId="00000000015BF088" totalBytesRequested="32" timestamp="2019-06-14T20:52:23.279" intervalms="23.560" type="nursery" />
<cycle-start id="1365" type="scavenge" contextid="0" timestamp="2019-06-14T20:52:23.279" intervalms="23.565" />
<gc-start id="1366" type="scavenge" contextid="1365" timestamp="2019-06-14T20:52:23.280">
  <mem-info id="1367" free="1973516160" total="1996226560" percent="98">
    <mem type="nursery" free="0" total="12189696" percent="0">
      <mem type="allocate" free="0" total="10485760" percent="0" />
      <mem type="survivor" free="0" total="1703936" percent="0" />
    </mem>
    <mem type="tenure" free="1973516160" total="1984036864" percent="99">
      <mem type="soa" free="1874337664" total="1884835840" percent="99" />
      <mem type="loa" free="99178496" total="99201024" percent="99" />
    </mem>
    <remembered-set count="171" />
  </mem-info>
</gc-start>
<allocation-stats totalBytes="9434168" >
  <allocated-bytes non-tlh="266760" tlh="9167408" />
  <largest-consumer threadName="main" threadId="00000000015BE700" bytes="9434168" />
</allocation-stats>
<gc-op id="1368" type="scavenge" timems="0.770" contextid="1365" timestamp="2019-06-14T20:52:23.281">
  <scavenger-info tenureage="7" tenuremask="4880" tiltratio="86" />
  <memory-copied type="nursery" objects="10163" bytes="769352" bytesdiscarded="172864" />
  <memory-copied type="tenure" objects="843" bytes="30568" bytesdiscarded="0" />
  <references type="soft" candidates="7" cleared="0" enqueued="0" dynamicThreshold="31" maxThreshold="32" />
  <references type="weak" candidates="44" cleared="0" enqueued="0" />
  <references type="phantom" candidates="1" cleared="0" enqueued="0" />
</gc-op>
<gc-end id="1369" type="scavenge" contextid="1365" durationms="1.180" usertimems="0.000" systemtimems="0.000" timestamp="2019-06-14T20:52:23.281" activeThreads="4">
  <mem-info id="1370" free="1983190576" total="1996226560" percent="99">
    <mem type="nursery" free="9674416" total="12189696" percent="79">
      <mem type="allocate" free="9674416" total="10616832" percent="91" />
      <mem type="survivor" free="0" total="1572864" percent="0" />
    </mem>
    <mem type="tenure" free="1973516160" total="1984036864" percent="99">
      <mem type="soa" free="1874337664" total="1884835840" percent="99" />
      <mem type="loa" free="99178496" total="99201024" percent="99" />
    </mem>
    <remembered-set count="145" />
  </mem-info>
</gc-end>
<cycle-end id="1371" type="scavenge" contextid="1365" timestamp="2019-06-14T20:52:23.281" />
  <attribute name="elasticGC enabled" value="1" />
  <attribute name= "numThreadsSpecified" value="4" />
  <attribute name="heapSize specified" value="2092630016" />
  <attribute name="Current GC Util" value="8" />
  <attribute name= "Current Time Running" value="7598" />
  <attribute name ="GC Interval" value="200" />
  <attribute name="ProportionalT" value="-6.000000" />
  <attribute name="ProportionalI" value="-6.000000" />
  <attribute name="ProportionalH" value="-6.000000" />
  <attribute name="Current Error" value="-12.000000" />
  <attribute name="IntegralT" value="-276.000000" />
  <attribute name="IntegralI" value="-276.000000" />
  <attribute name="IntegralH" value="-276.000000" />
  <attribute name="DerivativeT" value="-0.260870" />
  <attribute name="DerivativeI" value="-0.260870" />
  <attribute name="DerivativeH" value="-0.260870" />
  <attribute name="Loop Time for DT" value="23.000000" />
  <attribute name="Output H" value="2092630016"/>
  <attribute name="Output I" value="200"/>
  <attribute name="Output T" value="4"/>
  <attribute name="Target GC Util Change" value ="20.000000" />
  <attribute name="Current GC Util Change" value="8.000000"/>
  <attribute name="GC Util currently" value="8" />
  <attribute name="CPU Util currently" value="195572086045" />
<allocation-satisfied id="1372" threadId="00000000015BE700" bytesRequested="32" />
<af-end id="1373" timestamp="2019-06-14T20:52:23.281" threadId="00000000015BF088" success="true" from="nursery"/>
<exclusive-end id="1374" timestamp="2019-06-14T20:52:23.281" durationms="2.055" />

<exclusive-start id="1375" timestamp="2019-06-14T20:52:23.294" intervalms="14.655">
  <response-info timems="0.057" idlems="0.057" threads="0" lastid="00000000015BE700" lastname="main" />
</exclusive-start>
<af-start id="1376" threadId="00000000015BF088" totalBytesRequested="24" timestamp="2019-06-14T20:52:23.294" intervalms="14.655" type="nursery" />
<cycle-start id="1377" type="scavenge" contextid="0" timestamp="2019-06-14T20:52:23.294" intervalms="14.610" />
<gc-start id="1378" type="scavenge" contextid="1377" timestamp="2019-06-14T20:52:23.294">
  <mem-info id="1379" free="1973516160" total="1996226560" percent="98">
    <mem type="nursery" free="0" total="12189696" percent="0">
      <mem type="allocate" free="0" total="10616832" percent="0" />
      <mem type="survivor" free="0" total="1572864" percent="0" />
    </mem>
    <mem type="tenure" free="1973516160" total="1984036864" percent="99">
      <mem type="soa" free="1874337664" total="1884835840" percent="99" />
      <mem type="loa" free="99178496" total="99201024" percent="99" />
    </mem>
    <remembered-set count="145" />
  </mem-info>
</gc-start>
<allocation-stats totalBytes="9673280" >
  <allocated-bytes non-tlh="32" tlh="9673248" />
  <largest-consumer threadName="main" threadId="00000000015BE700" bytes="9673280" />
</allocation-stats>
<gc-op id="1380" type="scavenge" timems="0.872" contextid="1377" timestamp="2019-06-14T20:52:23.295">
  <scavenger-info tenureage="11" tenuremask="4800" tiltratio="87" />
  <memory-copied type="nursery" objects="18035" bytes="1056144" bytesdiscarded="243216" />
  <memory-copied type="tenure" objects="162" bytes="5688" bytesdiscarded="0" />
  <references type="soft" candidates="6" cleared="0" enqueued="0" dynamicThreshold="31" maxThreshold="32" />
  <references type="weak" candidates="38" cleared="0" enqueued="0" />
  <references type="phantom" candidates="1" cleared="0" enqueued="0" />
</gc-op>
<heap-resize id="1381" type="expand" space="nursery" amount="524288" count="1" timems="0.013" reason="excessive time being spent scavenging" timestamp="2019-06-14T20:52:23.295" />
<gc-end id="1382" type="scavenge" contextid="1377" durationms="1.274" usertimems="4.000" systemtimems="0.000" timestamp="2019-06-14T20:52:23.295" activeThreads="4">
  <mem-info id="1383" free="1983357744" total="1996750848" percent="99">
    <mem type="nursery" free="9841584" total="12713984" percent="77">
      <mem type="allocate" free="9841584" total="11141120" percent="88" />
      <mem type="survivor" free="0" total="1572864" percent="0" />
    </mem>
    <mem type="tenure" free="1973516160" total="1984036864" percent="99">
      <mem type="soa" free="1874337664" total="1884835840" percent="99" />
      <mem type="loa" free="99178496" total="99201024" percent="99" />
    </mem>
    <remembered-set count="116" />
  </mem-info>
</gc-end>
<cycle-end id="1384" type="scavenge" contextid="1377" timestamp="2019-06-14T20:52:23.296" />
  <attribute name="elasticGC enabled" value="1" />
  <attribute name= "numThreadsSpecified" value="4" />
  <attribute name="heapSize specified" value="2092630016" />
  <attribute name="Current GC Util" value="11" />
  <attribute name= "Current Time Running" value="7613" />
  <attribute name ="GC Interval" value="200" />
  <attribute name="ProportionalT" value="-4.500000" />
  <attribute name="ProportionalI" value="-4.500000" />
  <attribute name="ProportionalH" value="-4.500000" />
  <attribute name="Current Error" value="-9.000000" />
  <attribute name="IntegralT" value="-135.000000" />
  <attribute name="IntegralI" value="-135.000000" />
  <attribute name="IntegralH" value="-135.000000" />
  <attribute name="DerivativeT" value="-0.300000" />
  <attribute name="DerivativeI" value="-0.300000" />
  <attribute name="DerivativeH" value="-0.300000" />
  <attribute name="Loop Time for DT" value="15.000000" />
  <attribute name="Output H" value="2092630016"/>
  <attribute name="Output I" value="200"/>
  <attribute name="Output T" value="4"/>
  <attribute name="Target GC Util Change" value ="20.000000" />
  <attribute name="Current GC Util Change" value="11.000000"/>
  <attribute name="GC Util currently" value="11" />
  <attribute name="CPU Util currently" value="318710118205" />
<allocation-satisfied id="1385" threadId="00000000015BE700" bytesRequested="24" />
<af-end id="1386" timestamp="2019-06-14T20:52:23.296" threadId="00000000015BF088" success="true" from="nursery"/>
<exclusive-end id="1387" timestamp="2019-06-14T20:52:23.296" durationms="2.202" />

<exclusive-start id="1388" timestamp="2019-06-14T20:52:23.320" intervalms="25.985">
  <response-info timems="0.023" idlems="0.023" threads="0" lastid="00000000015BE700" lastname="main" />
</exclusive-start>
<af-start id="1389" threadId="00000000015BF088" totalBytesRequested="48" timestamp="2019-06-14T20:52:23.320" intervalms="25.985" type="nursery" />
<cycle-start id="1390" type="scavenge" contextid="0" timestamp="2019-06-14T20:52:23.320" intervalms="26.023" />
<gc-start id="1391" type="scavenge" contextid="1390" timestamp="2019-06-14T20:52:23.320">
  <mem-info id="1392" free="1973515536" total="1996750848" percent="98">
    <mem type="nursery" free="0" total="12713984" percent="0">
      <mem type="allocate" free="0" total="11141120" percent="0" />
      <mem type="survivor" free="0" total="1572864" percent="0" />
    </mem>
    <mem type="tenure" free="1973515536" total="1984036864" percent="99">
      <mem type="soa" free="1874337040" total="1884835840" percent="99" />
      <mem type="loa" free="99178496" total="99201024" percent="99" />
    </mem>
    <remembered-set count="128" />
  </mem-info>
</gc-start>
<allocation-stats totalBytes="9840968" >
  <allocated-bytes non-tlh="200656" tlh="9640312" />
  <largest-consumer threadName="main" threadId="00000000015BE700" bytes="9840968" />
</allocation-stats>
<gc-op id="1393" type="scavenge" timems="0.755" contextid="1390" timestamp="2019-06-14T20:52:23.321">
  <scavenger-info tenureage="14" tenuremask="4000" tiltratio="87" />
  <memory-copied type="nursery" objects="8168" bytes="627536" bytesdiscarded="146568" />
  <references type="soft" candidates="7" cleared="0" enqueued="0" dynamicThreshold="31" maxThreshold="32" />
  <references type="weak" candidates="44" cleared="0" enqueued="0" />
  <references type="phantom" candidates="1" cleared="0" enqueued="0" />
</gc-op>
<gc-end id="1394" type="scavenge" contextid="1390" durationms="1.090" usertimems="0.000" systemtimems="0.000" timestamp="2019-06-14T20:52:23.321" activeThreads="4">
  <mem-info id="1395" free="1984013424" total="1996750848" percent="99">
    <mem type="nursery" free="10497888" total="12713984" percent="82">
      <mem type="allocate" free="10497888" total="11272192" percent="93" />
      <mem type="survivor" free="0" total="1441792" percent="0" />
    </mem>
    <mem type="tenure" free="1973515536" total="1984036864" percent="99">
      <mem type="soa" free="1874337040" total="1884835840" percent="99" />
      <mem type="loa" free="99178496" total="99201024" percent="99" />
    </mem>
    <remembered-set count="105" />
  </mem-info>
</gc-end>
<cycle-end id="1396" type="scavenge" contextid="1390" timestamp="2019-06-14T20:52:23.321" />
  <attribute name="elasticGC enabled" value="1" />
  <attribute name= "numThreadsSpecified" value="4" />
  <attribute name="heapSize specified" value="2092630016" />
  <attribute name="Current GC Util" value="8" />
  <attribute name= "Current Time Running" value="7639" />
  <attribute name ="GC Interval" value="200" />
  <attribute name="ProportionalT" value="-6.000000" />
  <attribute name="ProportionalI" value="-6.000000" />
  <attribute name="ProportionalH" value="-6.000000" />
  <attribute name="Current Error" value="-12.000000" />
  <attribute name="IntegralT" value="-312.000000" />
  <attribute name="IntegralI" value="-312.000000" />
  <attribute name="IntegralH" value="-312.000000" />
  <attribute name="DerivativeT" value="-0.230769" />
  <attribute name="DerivativeI" value="-0.230769" />
  <attribute name="DerivativeH" value="-0.230769" />
  <attribute name="Loop Time for DT" value="26.000000" />
  <attribute name="Output H" value="2092630016"/>
  <attribute name="Output I" value="200"/>
  <attribute name="Output T" value="4"/>
  <attribute name="Target GC Util Change" value ="20.000000" />
  <attribute name="Current GC Util Change" value="8.000000"/>
  <attribute name="GC Util currently" value="8" />
  <attribute name="CPU Util currently" value="176432216227" />
<allocation-satisfied id="1397" threadId="00000000015BE700" bytesRequested="48" />
<af-end id="1398" timestamp="2019-06-14T20:52:23.322" threadId="00000000015BF088" success="true" from="nursery"/>
<exclusive-end id="1399" timestamp="2019-06-14T20:52:23.322" durationms="1.860" />

<exclusive-start id="1400" timestamp="2019-06-14T20:52:23.333" intervalms="13.012">
  <response-info timems="0.070" idlems="0.070" threads="0" lastid="00000000015BE700" lastname="main" />
</exclusive-start>
<af-start id="1401" threadId="00000000015BF088" totalBytesRequested="48" timestamp="2019-06-14T20:52:23.333" intervalms="13.001" type="nursery" />
<cycle-start id="1402" type="scavenge" contextid="0" timestamp="2019-06-14T20:52:23.333" intervalms="13.000" />
<gc-start id="1403" type="scavenge" contextid="1402" timestamp="2019-06-14T20:52:23.333">
  <mem-info id="1404" free="1973515480" total="1996750848" percent="98">
    <mem type="nursery" free="0" total="12713984" percent="0">
      <mem type="allocate" free="0" total="11272192" percent="0" />
      <mem type="survivor" free="0" total="1441792" percent="0" />
    </mem>
    <mem type="tenure" free="1973515480" total="1984036864" percent="99">
      <mem type="soa" free="1874336984" total="1884835840" percent="99" />
      <mem type="loa" free="99178496" total="99201024" percent="99" />
    </mem>
    <remembered-set count="106" />
  </mem-info>
</gc-start>
<allocation-stats totalBytes="10496920" >
  <allocated-bytes non-tlh="104" tlh="10496816" />
  <largest-consumer threadName="main" threadId="00000000015BE700" bytes="10496920" />
</allocation-stats>
<gc-op id="1405" type="scavenge" timems="1.083" contextid="1402" timestamp="2019-06-14T20:52:23.334">
  <scavenger-info tenureage="14" tenuremask="4000" tiltratio="88" />
  <memory-copied type="nursery" objects="14425" bytes="580736" bytesdiscarded="61664" />
  <references type="soft" candidates="7" cleared="0" enqueued="0" dynamicThreshold="31" maxThreshold="32" />
  <references type="weak" candidates="44" cleared="0" enqueued="0" />
</gc-op>
<heap-resize id="1406" type="expand" space="nursery" amount="524288" count="1" timems="0.012" reason="excessive time being spent scavenging" timestamp="2019-06-14T20:52:23.335" />
<gc-end id="1407" type="scavenge" contextid="1402" durationms="1.518" usertimems="0.000" systemtimems="0.000" timestamp="2019-06-14T20:52:23.335" activeThreads="4">
  <mem-info id="1408" free="1984734928" total="1997275136" percent="99">
    <mem type="nursery" free="11219448" total="13238272" percent="84">
      <mem type="allocate" free="11219448" total="11862016" percent="94" />
      <mem type="survivor" free="0" total="1376256" percent="0" />
    </mem>
    <mem type="tenure" free="1973515480" total="1984036864" percent="99">
      <mem type="soa" free="1874336984" total="1884835840" percent="99" />
      <mem type="loa" free="99178496" total="99201024" percent="99" />
    </mem>
    <remembered-set count="103" />
  </mem-info>
</gc-end>
<cycle-end id="1409" type="scavenge" contextid="1402" timestamp="2019-06-14T20:52:23.335" />
  <attribute name="elasticGC enabled" value="1" />
  <attribute name= "numThreadsSpecified" value="4" />
  <attribute name="heapSize specified" value="2092630016" />
  <attribute name="Current GC Util" value="12" />
  <attribute name= "Current Time Running" value="7652" />
  <attribute name ="GC Interval" value="200" />
  <attribute name="ProportionalT" value="-4.000000" />
  <attribute name="ProportionalI" value="-4.000000" />
  <attribute name="ProportionalH" value="-4.000000" />
  <attribute name="Current Error" value="-8.000000" />
  <attribute name="IntegralT" value="-104.000000" />
  <attribute name="IntegralI" value="-104.000000" />
  <attribute name="IntegralH" value="-104.000000" />
  <attribute name="DerivativeT" value="-0.307692" />
  <attribute name="DerivativeI" value="-0.307692" />
  <attribute name="DerivativeH" value="-0.307692" />
  <attribute name="Loop Time for DT" value="13.000000" />
  <attribute name="Output H" value="2092630016"/>
  <attribute name="Output I" value="200"/>
  <attribute name="Output T" value="4"/>
  <attribute name="Target GC Util Change" value ="20.000000" />
  <attribute name="Current GC Util Change" value="12.000000"/>
  <attribute name="GC Util currently" value="12" />
  <attribute name="CPU Util currently" value="356342588950" />
<allocation-satisfied id="1410" threadId="00000000015BE700" bytesRequested="48" />
<af-end id="1411" timestamp="2019-06-14T20:52:23.335" threadId="00000000015BF088" success="true" from="nursery"/>
<exclusive-end id="1412" timestamp="2019-06-14T20:52:23.335" durationms="2.295" />

<exclusive-start id="1413" timestamp="2019-06-14T20:52:23.417" intervalms="84.181">
  <response-info timems="0.063" idlems="0.063" threads="0" lastid="00000000015BE700" lastname="main" />
</exclusive-start>
<af-start id="1414" threadId="00000000015BF088" totalBytesRequested="200008" timestamp="2019-06-14T20:52:23.417" intervalms="84.114" type="nursery" />
<cycle-start id="1415" type="scavenge" contextid="0" timestamp="2019-06-14T20:52:23.417" intervalms="84.039" />
<gc-start id="1416" type="scavenge" contextid="1415" timestamp="2019-06-14T20:52:23.417">
  <mem-info id="1417" free="1973495360" total="1997275136" percent="98">
    <mem type="nursery" free="12792" total="13238272" percent="0">
      <mem type="allocate" free="12792" total="11862016" percent="0" />
      <mem type="survivor" free="0" total="1376256" percent="0" />
    </mem>
    <mem type="tenure" free="1973482568" total="1984036864" percent="99">
      <mem type="soa" free="1874304072" total="1884835840" percent="99" />
      <mem type="loa" free="99178496" total="99201024" percent="99" />
    </mem>
    <remembered-set count="647" />
  </mem-info>
</gc-start>
<allocation-stats totalBytes="11236672" >
  <allocated-bytes non-tlh="432976" tlh="10803696" />
  <largest-consumer threadName="main" threadId="00000000015BE700" bytes="11236672" />
</allocation-stats>
<gc-op id="1418" type="scavenge" timems="0.754" contextid="1415" timestamp="2019-06-14T20:52:23.418">
  <scavenger-info tenureage="14" tenuremask="4000" tiltratio="89" />
  <memory-copied type="nursery" objects="7118" bytes="305112" bytesdiscarded="164272" />
  <references type="soft" candidates="641" cleared="0" enqueued="0" dynamicThreshold="31" maxThreshold="32" />
  <references type="weak" candidates="111" cleared="19" enqueued="19" />
  <references type="phantom" candidates="1" cleared="0" enqueued="0" />
</gc-op>
<gc-end id="1419" type="scavenge" contextid="1415" durationms="0.943" usertimems="4.000" systemtimems="0.000" timestamp="2019-06-14T20:52:23.418" activeThreads="4">
  <mem-info id="1420" free="1984874816" total="1997275136" percent="99">
    <mem type="nursery" free="11392248" total="13238272" percent="86">
      <mem type="allocate" free="11392248" total="11862016" percent="96" />
      <mem type="survivor" free="0" total="1376256" percent="0" />
    </mem>
    <mem type="tenure" free="1973482568" total="1984036864" percent="99">
      <mem type="soa" free="1874304072" total="1884835840" percent="99" />
      <mem type="loa" free="99178496" total="99201024" percent="99" />
    </mem>
    <pending-finalizers system="0" default="0" reference="19" classloader="0" />
    <remembered-set count="639" />
  </mem-info>
</gc-end>
<cycle-end id="1421" type="scavenge" contextid="1415" timestamp="2019-06-14T20:52:23.418" />
  <attribute name="elasticGC enabled" value="1" />
  <attribute name= "numThreadsSpecified" value="4" />
  <attribute name="heapSize specified" value="2092630016" />
  <attribute name="Current GC Util" value="2" />
  <attribute name= "Current Time Running" value="7736" />
  <attribute name ="GC Interval" value="200" />
  <attribute name="ProportionalT" value="-9.000000" />
  <attribute name="ProportionalI" value="-9.000000" />
  <attribute name="ProportionalH" value="-9.000000" />
  <attribute name="Current Error" value="-18.000000" />
  <attribute name="IntegralT" value="-1512.000000" />
  <attribute name="IntegralI" value="-1512.000000" />
  <attribute name="IntegralH" value="-1512.000000" />
  <attribute name="DerivativeT" value="-0.107143" />
  <attribute name="DerivativeI" value="-0.107143" />
  <attribute name="DerivativeH" value="-0.107143" />
  <attribute name="Loop Time for DT" value="84.000000" />
  <attribute name="Output H" value="2092630016"/>
  <attribute name="Output I" value="200"/>
  <attribute name="Output T" value="4"/>
  <attribute name="Target GC Util Change" value ="20.000000" />
  <attribute name="Current GC Util Change" value="2.000000"/>
  <attribute name="GC Util currently" value="2" />
  <attribute name="CPU Util currently" value="54979764810" />
<allocation-satisfied id="1422" threadId="00000000015BE700" bytesRequested="200008" />
<af-end id="1423" timestamp="2019-06-14T20:52:23.418" threadId="00000000015BF088" success="true" from="nursery"/>
<exclusive-end id="1424" timestamp="2019-06-14T20:52:23.418" durationms="1.458" />

<exclusive-start id="1425" timestamp="2019-06-14T20:52:23.454" intervalms="37.069">
  <response-info timems="0.033" idlems="0.033" threads="0" lastid="00000000015BE700" lastname="main" />
</exclusive-start>
<af-start id="1426" threadId="00000000015BF088" totalBytesRequested="24" timestamp="2019-06-14T20:52:23.454" intervalms="37.078" type="nursery" />
<cycle-start id="1427" type="scavenge" contextid="0" timestamp="2019-06-14T20:52:23.454" intervalms="37.083" />
<gc-start id="1428" type="scavenge" contextid="1427" timestamp="2019-06-14T20:52:23.454">
  <mem-info id="1429" free="1973463048" total="1997275136" percent="98">
    <mem type="nursery" free="0" total="13238272" percent="0">
      <mem type="allocate" free="0" total="11862016" percent="0" />
      <mem type="survivor" free="0" total="1376256" percent="0" />
    </mem>
    <mem type="tenure" free="1973463048" total="1984036864" percent="99">
      <mem type="soa" free="1874284552" total="1884835840" percent="99" />
      <mem type="loa" free="99178496" total="99201024" percent="99" />
    </mem>
    <remembered-set count="806" />
  </mem-info>
</gc-start>
<allocation-stats totalBytes="11410040" >
  <allocated-bytes non-tlh="485080" tlh="10924960" />
  <largest-consumer threadName="main" threadId="00000000015BE700" bytes="11410040" />
</allocation-stats>
<gc-op id="1430" type="scavenge" timems="0.596" contextid="1427" timestamp="2019-06-14T20:52:23.455">
  <scavenger-info tenureage="7" tenuremask="4080" tiltratio="89" />
  <memory-copied type="nursery" objects="11537" bytes="744368" bytesdiscarded="129056" />
  <memory-copied type="tenure" objects="549" bytes="18968" bytesdiscarded="48" />
  <references type="soft" candidates="781" cleared="0" enqueued="0" dynamicThreshold="31" maxThreshold="32" />
  <references type="weak" candidates="155" cleared="1" enqueued="1" />
  <references type="phantom" candidates="1" cleared="0" enqueued="0" />
</gc-op>
<gc-end id="1431" type="scavenge" contextid="1427" durationms="0.799" usertimems="4.000" systemtimems="0.000" timestamp="2019-06-14T20:52:23.455" activeThreads="4">
  <mem-info id="1432" free="1984381352" total="1997275136" percent="99">
    <mem type="nursery" free="10988192" total="13238272" percent="83">
      <mem type="allocate" free="10988192" total="11862016" percent="92" />
      <mem type="survivor" free="0" total="1376256" percent="0" />
    </mem>
    <mem type="tenure" free="1973393160" total="1984036864" percent="99">
      <mem type="soa" free="1874214664" total="1884835840" percent="99" />
      <mem type="loa" free="99178496" total="99201024" percent="99" />
    </mem>
    <pending-finalizers system="0" default="0" reference="1" classloader="0" />
    <remembered-set count="798" />
  </mem-info>
</gc-end>
<cycle-end id="1433" type="scavenge" contextid="1427" timestamp="2019-06-14T20:52:23.455" />
  <attribute name="elasticGC enabled" value="1" />
  <attribute name= "numThreadsSpecified" value="4" />
  <attribute name="heapSize specified" value="2092630016" />
  <attribute name="Current GC Util" value="3" />
  <attribute name= "Current Time Running" value="7773" />
  <attribute name ="GC Interval" value="200" />
  <attribute name="ProportionalT" value="-8.500000" />
  <attribute name="ProportionalI" value="-8.500000" />
  <attribute name="ProportionalH" value="-8.500000" />
  <attribute name="Current Error" value="-17.000000" />
  <attribute name="IntegralT" value="-629.000000" />
  <attribute name="IntegralI" value="-629.000000" />
  <attribute name="IntegralH" value="-629.000000" />
  <attribute name="DerivativeT" value="-0.229730" />
  <attribute name="DerivativeI" value="-0.229730" />
  <attribute name="DerivativeH" value="-0.229730" />
  <attribute name="Loop Time for DT" value="37.000000" />
  <attribute name="Output H" value="2092630016"/>
  <attribute name="Output I" value="200"/>
  <attribute name="Output T" value="4"/>
  <attribute name="Target GC Util Change" value ="20.000000" />
  <attribute name="Current GC Util Change" value="3.000000"/>
  <attribute name="GC Util currently" value="3" />
  <attribute name="CPU Util currently" value="124368162597" />
<allocation-satisfied id="1434" threadId="00000000015BE700" bytesRequested="24" />
<af-end id="1435" timestamp="2019-06-14T20:52:23.455" threadId="00000000015BF088" success="true" from="nursery"/>
<exclusive-end id="1436" timestamp="2019-06-14T20:52:23.455" durationms="1.371" />

<exclusive-start id="1437" timestamp="2019-06-14T20:52:23.608" intervalms="154.464">
  <response-info timems="0.037" idlems="0.037" threads="0" lastid="00000000015BE700" lastname="main" />
</exclusive-start>
<af-start id="1438" threadId="00000000015BF088" totalBytesRequested="752" timestamp="2019-06-14T20:52:23.609" intervalms="154.559" type="nursery" />
<cycle-start id="1439" type="scavenge" contextid="0" timestamp="2019-06-14T20:52:23.609" intervalms="154.625" />
<gc-start id="1440" type="scavenge" contextid="1439" timestamp="2019-06-14T20:52:23.609">
  <mem-info id="1441" free="1973378144" total="1997275136" percent="98">
    <mem type="nursery" free="0" total="13238272" percent="0">
      <mem type="allocate" free="0" total="11862016" percent="0" />
      <mem type="survivor" free="0" total="1376256" percent="0" />
    </mem>
    <mem type="tenure" free="1973378144" total="1984036864" percent="99">
      <mem type="soa" free="1874199648" total="1884835840" percent="99" />
      <mem type="loa" free="99178496" total="99201024" percent="99" />
    </mem>
    <remembered-set count="896" />
  </mem-info>
</gc-start>
<allocation-stats totalBytes="10997224" >
  <allocated-bytes non-tlh="2914176" tlh="8083048" />
  <largest-consumer threadName="main" threadId="00000000015BE700" bytes="10997224" />
</allocation-stats>
<gc-op id="1442" type="scavenge" timems="1.275" contextid="1439" timestamp="2019-06-14T20:52:23.610">
  <scavenger-info tenureage="14" tenuremask="4000" tiltratio="89" />
  <memory-copied type="nursery" objects="13513" bytes="469536" bytesdiscarded="92280" />
  <memory-copied type="tenure" objects="1" bytes="1932752" bytesdiscarded="0" />
  <copy-failed type="nursery" objects="1" bytes="1932752" />
  <finalization candidates="3" enqueued="2" />
  <references type="soft" candidates="782" cleared="0" enqueued="0" dynamicThreshold="31" maxThreshold="32" />
  <references type="weak" candidates="200" cleared="3" enqueued="3" />
  <references type="phantom" candidates="2" cleared="0" enqueued="0" />
</gc-op>
<gc-end id="1443" type="scavenge" contextid="1439" durationms="1.683" usertimems="4.000" systemtimems="0.000" timestamp="2019-06-14T20:52:23.611" activeThreads="4">
  <mem-info id="1444" free="1979730576" total="1997275136" percent="99">
    <mem type="nursery" free="8285184" total="13238272" percent="62">
      <mem type="allocate" free="8285184" total="8847360" percent="93" />
      <mem type="survivor" free="0" total="4390912" percent="0" />
    </mem>
    <mem type="tenure" free="1971445392" total="1984036864" percent="99">
      <mem type="soa" free="1872266896" total="1884835840" percent="99" />
      <mem type="loa" free="99178496" total="99201024" percent="99" />
    </mem>
    <pending-finalizers system="0" default="2" reference="3" classloader="0" />
    <remembered-set count="383" />
  </mem-info>
</gc-end>
<cycle-end id="1445" type="scavenge" contextid="1439" timestamp="2019-06-14T20:52:23.611" />
  <attribute name="elasticGC enabled" value="1" />
  <attribute name= "numThreadsSpecified" value="4" />
  <attribute name="heapSize specified" value="2092630016" />
  <attribute name="Current GC Util" value="1" />
  <attribute name= "Current Time Running" value="7928" />
  <attribute name ="GC Interval" value="200" />
  <attribute name="ProportionalT" value="-9.500000" />
  <attribute name="ProportionalI" value="-9.500000" />
  <attribute name="ProportionalH" value="-9.500000" />
  <attribute name="Current Error" value="-19.000000" />
  <attribute name="IntegralT" value="-2945.000000" />
  <attribute name="IntegralI" value="-2945.000000" />
  <attribute name="IntegralH" value="-2945.000000" />
  <attribute name="DerivativeT" value="-0.061290" />
  <attribute name="DerivativeI" value="-0.061290" />
  <attribute name="DerivativeH" value="-0.061290" />
  <attribute name="Loop Time for DT" value="155.000000" />
  <attribute name="Output H" value="2092630016"/>
  <attribute name="Output I" value="200"/>
  <attribute name="Output T" value="4"/>
  <attribute name="Target GC Util Change" value ="20.000000" />
  <attribute name="Current GC Util Change" value="1.000000"/>
  <attribute name="GC Util currently" value="1" />
  <attribute name="CPU Util currently" value="7" />
<allocation-satisfied id="1446" threadId="00000000015BE700" bytesRequested="752" />
<af-end id="1447" timestamp="2019-06-14T20:52:23.611" threadId="00000000015BF088" success="true" from="nursery"/>
<exclusive-end id="1448" timestamp="2019-06-14T20:52:23.611" durationms="2.612" />

<exclusive-start id="1449" timestamp="2019-06-14T20:52:23.749" intervalms="140.477">
  <response-info timems="0.084" idlems="0.084" threads="0" lastid="00000000015BE700" lastname="main" />
</exclusive-start>
<af-start id="1450" threadId="00000000015BF088" totalBytesRequested="16" timestamp="2019-06-14T20:52:23.749" intervalms="140.460" type="nursery" />
<cycle-start id="1451" type="scavenge" contextid="0" timestamp="2019-06-14T20:52:23.749" intervalms="140.434" />
<gc-start id="1452" type="scavenge" contextid="1451" timestamp="2019-06-14T20:52:23.749">
  <mem-info id="1453" free="1971445392" total="1997275136" percent="98">
    <mem type="nursery" free="0" total="13238272" percent="0">
      <mem type="allocate" free="0" total="8847360" percent="0" />
      <mem type="survivor" free="0" total="4390912" percent="0" />
    </mem>
    <mem type="tenure" free="1971445392" total="1984036864" percent="99">
      <mem type="soa" free="1872266896" total="1884835840" percent="99" />
      <mem type="loa" free="99178496" total="99201024" percent="99" />
    </mem>
    <remembered-set count="384" />
  </mem-info>
</gc-start>
<allocation-stats totalBytes="8272632" >
  <allocated-bytes non-tlh="752" tlh="8271880" />
  <largest-consumer threadName="main" threadId="00000000015BE700" bytes="8268536" />
</allocation-stats>
<gc-op id="1454" type="scavenge" timems="1.083" contextid="1451" timestamp="2019-06-14T20:52:23.751">
  <scavenger-info tenureage="3" tenuremask="4108" tiltratio="66" />
  <memory-copied type="nursery" objects="22466" bytes="620688" bytesdiscarded="100272" />
  <memory-copied type="tenure" objects="5932" bytes="227616" bytesdiscarded="24" />
  <finalization candidates="1" enqueued="0" />
  <references type="soft" candidates="147" cleared="0" enqueued="0" dynamicThreshold="31" maxThreshold="32" />
  <references type="weak" candidates="141" cleared="0" enqueued="0" />
  <references type="phantom" candidates="2" cleared="0" enqueued="0" />
</gc-op>
<gc-end id="1455" type="scavenge" contextid="1451" durationms="1.477" usertimems="4.000" systemtimems="0.000" timestamp="2019-06-14T20:52:23.751" activeThreads="4">
  <mem-info id="1456" free="1979650448" total="1997275136" percent="99">
    <mem type="nursery" free="8453888" total="13238272" percent="63">
      <mem type="allocate" free="8453888" total="9175040" percent="92" />
      <mem type="survivor" free="0" total="4063232" percent="0" />
    </mem>
    <mem type="tenure" free="1971196560" total="1984036864" percent="99">
      <mem type="soa" free="1872018064" total="1884835840" percent="99" />
      <mem type="loa" free="99178496" total="99201024" percent="99" />
    </mem>
    <remembered-set count="248" />
  </mem-info>
</gc-end>
<cycle-end id="1457" type="scavenge" contextid="1451" timestamp="2019-06-14T20:52:23.751" />
  <attribute name="elasticGC enabled" value="1" />
  <attribute name= "numThreadsSpecified" value="4" />
  <attribute name="heapSize specified" value="2092630016" />
  <attribute name="Current GC Util" value="1" />
  <attribute name= "Current Time Running" value="8068" />
  <attribute name ="GC Interval" value="200" />
  <attribute name="ProportionalT" value="-9.500000" />
  <attribute name="ProportionalI" value="-9.500000" />
  <attribute name="ProportionalH" value="-9.500000" />
  <attribute name="Current Error" value="-19.000000" />
  <attribute name="IntegralT" value="-2660.000000" />
  <attribute name="IntegralI" value="-2660.000000" />
  <attribute name="IntegralH" value="-2660.000000" />
  <attribute name="DerivativeT" value="-0.067857" />
  <attribute name="DerivativeI" value="-0.067857" />
  <attribute name="DerivativeH" value="-0.067857" />
  <attribute name="Loop Time for DT" value="140.000000" />
  <attribute name="Output H" value="2092630016"/>
  <attribute name="Output I" value="200"/>
  <attribute name="Output T" value="4"/>
  <attribute name="Target GC Util Change" value ="20.000000" />
  <attribute name="Current GC Util Change" value="1.000000"/>
  <attribute name="GC Util currently" value="1" />
  <attribute name="CPU Util currently" value="15" />
<allocation-satisfied id="1458" threadId="00000000015BE700" bytesRequested="16" />
<af-end id="1459" timestamp="2019-06-14T20:52:23.751" threadId="00000000015BF088" success="true" from="nursery"/>
<exclusive-end id="1460" timestamp="2019-06-14T20:52:23.751" durationms="2.352" />

<exclusive-start id="1461" timestamp="2019-06-14T20:52:23.840" intervalms="91.179">
  <response-info timems="0.032" idlems="0.032" threads="0" lastid="00000000015BE700" lastname="main" />
</exclusive-start>
<af-start id="1462" threadId="00000000015BF088" totalBytesRequested="16" timestamp="2019-06-14T20:52:23.840" intervalms="91.183" type="nursery" />
<cycle-start id="1463" type="scavenge" contextid="0" timestamp="2019-06-14T20:52:23.840" intervalms="91.184" />
<gc-start id="1464" type="scavenge" contextid="1463" timestamp="2019-06-14T20:52:23.841">
  <mem-info id="1465" free="1971196560" total="1997275136" percent="98">
    <mem type="nursery" free="0" total="13238272" percent="0">
      <mem type="allocate" free="0" total="9175040" percent="0" />
      <mem type="survivor" free="0" total="4063232" percent="0" />
    </mem>
    <mem type="tenure" free="1971196560" total="1984036864" percent="99">
      <mem type="soa" free="1872018064" total="1884835840" percent="99" />
      <mem type="loa" free="99178496" total="99201024" percent="99" />
    </mem>
    <remembered-set count="248" />
  </mem-info>
</gc-start>
<allocation-stats totalBytes="8439888" >
  <allocated-bytes non-tlh="16" tlh="8439872" />
  <largest-consumer threadName="main" threadId="00000000015BE700" bytes="8439888" />
</allocation-stats>
<gc-op id="1466" type="scavenge" timems="1.180" contextid="1463" timestamp="2019-06-14T20:52:23.842">
  <scavenger-info tenureage="8" tenuremask="4100" tiltratio="69" />
  <memory-copied type="nursery" objects="38841" bytes="1021016" bytesdiscarded="57856" />
  <memory-copied type="tenure" objects="329" bytes="11680" bytesdiscarded="0" />
  <finalization candidates="1" enqueued="0" />
  <references type="soft" candidates="146" cleared="0" enqueued="0" dynamicThreshold="31" maxThreshold="32" />
  <references type="weak" candidates="127" cleared="0" enqueued="0" />
  <references type="phantom" candidates="2" cleared="0" enqueued="0" />
</gc-op>
<gc-end id="1467" type="scavenge" contextid="1463" durationms="1.546" usertimems="4.000" systemtimems="0.000" timestamp="2019-06-14T20:52:23.842" activeThreads="4">
  <mem-info id="1468" free="1979816848" total="1997275136" percent="99">
    <mem type="nursery" free="8620288" total="13238272" percent="65">
      <mem type="allocate" free="8620288" total="9699328" percent="88" />
      <mem type="survivor" free="0" total="3538944" percent="0" />
    </mem>
    <mem type="tenure" free="1971196560" total="1984036864" percent="99">
      <mem type="soa" free="1872018064" total="1884835840" percent="99" />
      <mem type="loa" free="99178496" total="99201024" percent="99" />
    </mem>
    <remembered-set count="172" />
  </mem-info>
</gc-end>
<cycle-end id="1469" type="scavenge" contextid="1463" timestamp="2019-06-14T20:52:23.842" />
  <attribute name="elasticGC enabled" value="1" />
  <attribute name= "numThreadsSpecified" value="4" />
  <attribute name="heapSize specified" value="2092630016" />
  <attribute name="Current GC Util" value="3" />
  <attribute name= "Current Time Running" value="8159" />
  <attribute name ="GC Interval" value="200" />
  <attribute name="ProportionalT" value="-8.500000" />
  <attribute name="ProportionalI" value="-8.500000" />
  <attribute name="ProportionalH" value="-8.500000" />
  <attribute name="Current Error" value="-17.000000" />
  <attribute name="IntegralT" value="-1547.000000" />
  <attribute name="IntegralI" value="-1547.000000" />
  <attribute name="IntegralH" value="-1547.000000" />
  <attribute name="DerivativeT" value="-0.093407" />
  <attribute name="DerivativeI" value="-0.093407" />
  <attribute name="DerivativeH" value="-0.093407" />
  <attribute name="Loop Time for DT" value="91.000000" />
  <attribute name="Output H" value="2092630016"/>
  <attribute name="Output I" value="200"/>
  <attribute name="Output T" value="4"/>
  <attribute name="Target GC Util Change" value ="20.000000" />
  <attribute name="Current GC Util Change" value="3.000000"/>
  <attribute name="GC Util currently" value="3" />
  <attribute name="CPU Util currently" value="0" />
<allocation-satisfied id="1470" threadId="00000000015BE700" bytesRequested="16" />
<af-end id="1471" timestamp="2019-06-14T20:52:23.842" threadId="00000000015BF088" success="true" from="nursery"/>
<exclusive-end id="1472" timestamp="2019-06-14T20:52:23.842" durationms="2.381" />

<exclusive-start id="1473" timestamp="2019-06-14T20:52:23.908" intervalms="67.686">
  <response-info timems="0.042" idlems="0.042" threads="0" lastid="00000000015BE700" lastname="main" />
</exclusive-start>
<af-start id="1474" threadId="00000000015BF088" totalBytesRequested="664" timestamp="2019-06-14T20:52:23.908" intervalms="67.679" type="nursery" />
<cycle-start id="1475" type="scavenge" contextid="0" timestamp="2019-06-14T20:52:23.908" intervalms="67.676" />
<gc-start id="1476" type="scavenge" contextid="1475" timestamp="2019-06-14T20:52:23.908">
  <mem-info id="1477" free="1971196560" total="1997275136" percent="98">
    <mem type="nursery" free="0" total="13238272" percent="0">
      <mem type="allocate" free="0" total="9699328" percent="0" />
      <mem type="survivor" free="0" total="3538944" percent="0" />
    </mem>
    <mem type="tenure" free="1971196560" total="1984036864" percent="99">
      <mem type="soa" free="1872018064" total="1884835840" percent="99" />
      <mem type="loa" free="99178496" total="99201024" percent="99" />
    </mem>
    <remembered-set count="172" />
  </mem-info>
</gc-start>
<allocation-stats totalBytes="8612672" >
  <allocated-bytes non-tlh="16" tlh="8612656" />
  <largest-consumer threadName="main" threadId="00000000015BE700" bytes="8612672" />
</allocation-stats>
<gc-op id="1478" type="scavenge" timems="1.474" contextid="1475" timestamp="2019-06-14T20:52:23.910">
  <scavenger-info tenureage="2" tenuremask="401c" tiltratio="73" />
  <memory-copied type="nursery" objects="35436" bytes="901376" bytesdiscarded="222184" />
  <memory-copied type="tenure" objects="21673" bytes="578480" bytesdiscarded="184" />
  <finalization candidates="1" enqueued="0" />
  <references type="soft" candidates="1" cleared="0" enqueued="0" dynamicThreshold="31" maxThreshold="32" />
  <references type="weak" candidates="8" cleared="0" enqueued="0" />
</gc-op>
<gc-end id="1479" type="scavenge" contextid="1475" durationms="1.793" usertimems="4.000" systemtimems="0.000" timestamp="2019-06-14T20:52:23.910" activeThreads="4">
  <mem-info id="1480" free="1979627656" total="1997275136" percent="99">
    <mem type="nursery" free="9034496" total="13238272" percent="68">
      <mem type="allocate" free="9034496" total="10158080" percent="88" />
      <mem type="survivor" free="0" total="3080192" percent="0" />
    </mem>
    <mem type="tenure" free="1970593160" total="1984036864" percent="99">
      <mem type="soa" free="1871414664" total="1884835840" percent="99" />
      <mem type="loa" free="99178496" total="99201024" percent="99" />
    </mem>
    <remembered-set count="260" />
  </mem-info>
</gc-end>
<cycle-end id="1481" type="scavenge" contextid="1475" timestamp="2019-06-14T20:52:23.910" />
  <attribute name="elasticGC enabled" value="1" />
  <attribute name= "numThreadsSpecified" value="4" />
  <attribute name="heapSize specified" value="2092630016" />
  <attribute name="Current GC Util" value="5" />
  <attribute name= "Current Time Running" value="8227" />
  <attribute name ="GC Interval" value="200" />
  <attribute name="ProportionalT" value="-7.500000" />
  <attribute name="ProportionalI" value="-7.500000" />
  <attribute name="ProportionalH" value="-7.500000" />
  <attribute name="Current Error" value="-15.000000" />
  <attribute name="IntegralT" value="-1020.000000" />
  <attribute name="IntegralI" value="-1020.000000" />
  <attribute name="IntegralH" value="-1020.000000" />
  <attribute name="DerivativeT" value="-0.110294" />
  <attribute name="DerivativeI" value="-0.110294" />
  <attribute name="DerivativeH" value="-0.110294" />
  <attribute name="Loop Time for DT" value="68.000000" />
  <attribute name="Output H" value="2092630016"/>
  <attribute name="Output I" value="200"/>
  <attribute name="Output T" value="4"/>
  <attribute name="Target GC Util Change" value ="20.000000" />
  <attribute name="Current GC Util Change" value="5.000000"/>
  <attribute name="GC Util currently" value="5" />
  <attribute name="CPU Util currently" value="68224508706" />
<allocation-satisfied id="1482" threadId="00000000015BE700" bytesRequested="664" />
<af-end id="1483" timestamp="2019-06-14T20:52:23.910" threadId="00000000015BF088" success="true" from="nursery"/>
<exclusive-end id="1484" timestamp="2019-06-14T20:52:23.910" durationms="2.567" />

<exclusive-start id="1485" timestamp="2019-06-14T20:52:23.962" intervalms="54.695">
  <response-info timems="0.048" idlems="0.048" threads="0" lastid="00000000015BE700" lastname="main" />
</exclusive-start>
<af-start id="1486" threadId="00000000015BF088" totalBytesRequested="664" timestamp="2019-06-14T20:52:23.963" intervalms="54.705" type="nursery" />
<cycle-start id="1487" type="scavenge" contextid="0" timestamp="2019-06-14T20:52:23.963" intervalms="54.668" />
<gc-start id="1488" type="scavenge" contextid="1487" timestamp="2019-06-14T20:52:23.963">
  <mem-info id="1489" free="1970593160" total="1997275136" percent="98">
    <mem type="nursery" free="0" total="13238272" percent="0">
      <mem type="allocate" free="0" total="10158080" percent="0" />
      <mem type="survivor" free="0" total="3080192" percent="0" />
    </mem>
    <mem type="tenure" free="1970593160" total="1984036864" percent="99">
      <mem type="soa" free="1871414664" total="1884835840" percent="99" />
      <mem type="loa" free="99178496" total="99201024" percent="99" />
    </mem>
    <remembered-set count="393" />
  </mem-info>
</gc-start>
<allocation-stats totalBytes="9021264" >
  <allocated-bytes non-tlh="664" tlh="9020600" />
  <largest-consumer threadName="main" threadId="00000000015BE700" bytes="9021264" />
</allocation-stats>
<gc-op id="1490" type="scavenge" timems="1.334" contextid="1487" timestamp="2019-06-14T20:52:23.964">
  <scavenger-info tenureage="2" tenuremask="4104" tiltratio="76" />
  <memory-copied type="nursery" objects="37887" bytes="950432" bytesdiscarded="234592" />
  <memory-copied type="tenure" objects="16880" bytes="418968" bytesdiscarded="88" />
</gc-op>
<gc-end id="1491" type="scavenge" contextid="1487" durationms="1.608" usertimems="4.000" systemtimems="0.000" timestamp="2019-06-14T20:52:23.964" activeThreads="4">
  <mem-info id="1492" free="1979526280" total="1997275136" percent="99">
    <mem type="nursery" free="9366272" total="13238272" percent="70">
      <mem type="allocate" free="9366272" total="10551296" percent="88" />
      <mem type="survivor" free="0" total="2686976" percent="0" />
    </mem>
    <mem type="tenure" free="1970160008" total="1984036864" percent="99">
      <mem type="soa" free="1870981512" total="1884835840" percent="99" />
      <mem type="loa" free="99178496" total="99201024" percent="99" />
    </mem>
    <remembered-set count="457" />
  </mem-info>
</gc-end>
<cycle-end id="1493" type="scavenge" contextid="1487" timestamp="2019-06-14T20:52:23.965" />
  <attribute name="elasticGC enabled" value="1" />
  <attribute name= "numThreadsSpecified" value="4" />
  <attribute name="heapSize specified" value="2092630016" />
  <attribute name="Current GC Util" value="9" />
  <attribute name= "Current Time Running" value="8281" />
  <attribute name ="GC Interval" value="200" />
  <attribute name="ProportionalT" value="-5.500000" />
  <attribute name="ProportionalI" value="-5.500000" />
  <attribute name="ProportionalH" value="-5.500000" />
  <attribute name="Current Error" value="-11.000000" />
  <attribute name="IntegralT" value="-594.000000" />
  <attribute name="IntegralI" value="-594.000000" />
  <attribute name="IntegralH" value="-594.000000" />
  <attribute name="DerivativeT" value="-0.101852" />
  <attribute name="DerivativeI" value="-0.101852" />
  <attribute name="DerivativeH" value="-0.101852" />
  <attribute name="Loop Time for DT" value="54.000000" />
  <attribute name="Output H" value="2092630016"/>
  <attribute name="Output I" value="200"/>
  <attribute name="Output T" value="4"/>
  <attribute name="Target GC Util Change" value ="20.000000" />
  <attribute name="Current GC Util Change" value="9.000000"/>
  <attribute name="GC Util currently" value="9" />
  <attribute name="CPU Util currently" value="84492361166" />
<allocation-satisfied id="1494" threadId="00000000015BE700" bytesRequested="664" />
<af-end id="1495" timestamp="2019-06-14T20:52:23.965" threadId="00000000015BF088" success="true" from="nursery"/>
<exclusive-end id="1496" timestamp="2019-06-14T20:52:23.965" durationms="2.265" />

<exclusive-start id="1497" timestamp="2019-06-14T20:52:24.002" intervalms="39.048">
  <response-info timems="0.037" idlems="0.037" threads="0" lastid="00000000015BE700" lastname="main" />
</exclusive-start>
<af-start id="1498" threadId="00000000015BF088" totalBytesRequested="32" timestamp="2019-06-14T20:52:24.002" intervalms="39.058" type="nursery" />
<cycle-start id="1499" type="scavenge" contextid="0" timestamp="2019-06-14T20:52:24.002" intervalms="39.096" />
<gc-start id="1500" type="scavenge" contextid="1499" timestamp="2019-06-14T20:52:24.002">
  <mem-info id="1501" free="1970160008" total="1997275136" percent="98">
    <mem type="nursery" free="0" total="13238272" percent="0">
      <mem type="allocate" free="0" total="10551296" percent="0" />
      <mem type="survivor" free="0" total="2686976" percent="0" />
    </mem>
    <mem type="tenure" free="1970160008" total="1984036864" percent="99">
      <mem type="soa" free="1870981512" total="1884835840" percent="99" />
      <mem type="loa" free="99178496" total="99201024" percent="99" />
    </mem>
    <remembered-set count="535" />
  </mem-info>
</gc-start>
<allocation-stats totalBytes="9353704" >
  <allocated-bytes non-tlh="664" tlh="9353040" />
  <largest-consumer threadName="main" threadId="00000000015BE700" bytes="9353704" />
</allocation-stats>
<gc-op id="1502" type="scavenge" timems="3.769" contextid="1499" timestamp="2019-06-14T20:52:24.006">
  <scavenger-info tenureage="2" tenuremask="4004" tiltratio="79" />
  <memory-copied type="nursery" objects="38422" bytes="998328" bytesdiscarded="152656" />
  <memory-copied type="tenure" objects="18357" bytes="444096" bytesdiscarded="80" />
</gc-op>
<heap-resize id="1503" type="expand" space="nursery" amount="655360" count="1" timems="0.013" reason="excessive time being spent scavenging" timestamp="2019-06-14T20:52:24.006" />
<gc-end id="1504" type="scavenge" contextid="1499" durationms="4.309" usertimems="4.000" systemtimems="4.000" timestamp="2019-06-14T20:52:24.006" activeThreads="4">
  <mem-info id="1505" free="1979962240" total="1997930496" percent="99">
    <mem type="nursery" free="10252280" total="13893632" percent="73">
      <mem type="allocate" free="10252280" total="11403264" percent="89" />
      <mem type="survivor" free="0" total="2490368" percent="0" />
    </mem>
    <mem type="tenure" free="1969709960" total="1984036864" percent="99">
      <mem type="soa" free="1870531464" total="1884835840" percent="99" />
      <mem type="loa" free="99178496" total="99201024" percent="99" />
    </mem>
    <remembered-set count="533" />
  </mem-info>
</gc-end>
<cycle-end id="1506" type="scavenge" contextid="1499" timestamp="2019-06-14T20:52:24.006" />
  <attribute name="elasticGC enabled" value="1" />
  <attribute name= "numThreadsSpecified" value="4" />
  <attribute name="heapSize specified" value="2092630016" />
  <attribute name="Current GC Util" value="11" />
  <attribute name= "Current Time Running" value="8321" />
  <attribute name ="GC Interval" value="200" />
  <attribute name="ProportionalT" value="-4.500000" />
  <attribute name="ProportionalI" value="-4.500000" />
  <attribute name="ProportionalH" value="-4.500000" />
  <attribute name="Current Error" value="-9.000000" />
  <attribute name="IntegralT" value="-360.000000" />
  <attribute name="IntegralI" value="-360.000000" />
  <attribute name="IntegralH" value="-360.000000" />
  <attribute name="DerivativeT" value="-0.112500" />
  <attribute name="DerivativeI" value="-0.112500" />
  <attribute name="DerivativeH" value="-0.112500" />
  <attribute name="Loop Time for DT" value="40.000000" />
  <attribute name="Output H" value="2092630016"/>
  <attribute name="Output I" value="200"/>
  <attribute name="Output T" value="4"/>
  <attribute name="Target GC Util Change" value ="20.000000" />
  <attribute name="Current GC Util Change" value="11.000000"/>
  <attribute name="GC Util currently" value="11" />
  <attribute name="CPU Util currently" value="117606067345" />
<allocation-satisfied id="1507" threadId="00000000015BE700" bytesRequested="32" />
<af-end id="1508" timestamp="2019-06-14T20:52:24.007" threadId="00000000015BF088" success="true" from="nursery"/>
<exclusive-end id="1509" timestamp="2019-06-14T20:52:24.007" durationms="5.147" />

<exclusive-start id="1510" timestamp="2019-06-14T20:52:24.039" intervalms="37.937">
  <response-info timems="0.041" idlems="0.041" threads="0" lastid="00000000015BE700" lastname="main" />
</exclusive-start>
<af-start id="1511" threadId="00000000015BF088" totalBytesRequested="80" timestamp="2019-06-14T20:52:24.040" intervalms="37.982" type="nursery" />
<cycle-start id="1512" type="scavenge" contextid="0" timestamp="2019-06-14T20:52:24.040" intervalms="38.004" />
<gc-start id="1513" type="scavenge" contextid="1512" timestamp="2019-06-14T20:52:24.040">
  <mem-info id="1514" free="1969709960" total="1997930496" percent="98">
    <mem type="nursery" free="0" total="13893632" percent="0">
      <mem type="allocate" free="0" total="11403264" percent="0" />
      <mem type="survivor" free="0" total="2490368" percent="0" />
    </mem>
    <mem type="tenure" free="1969709960" total="1984036864" percent="99">
      <mem type="soa" free="1870531464" total="1884835840" percent="99" />
      <mem type="loa" free="99178496" total="99201024" percent="99" />
    </mem>
    <remembered-set count="642" />
  </mem-info>
</gc-start>
<allocation-stats totalBytes="10238240" >
  <allocated-bytes non-tlh="32" tlh="10238208" />
  <largest-consumer threadName="main" threadId="00000000015BE700" bytes="10238240" />
</allocation-stats>
<gc-op id="1515" type="scavenge" timems="2.660" contextid="1512" timestamp="2019-06-14T20:52:24.043">
  <scavenger-info tenureage="2" tenuremask="4004" tiltratio="82" />
  <memory-copied type="nursery" objects="39349" bytes="1028248" bytesdiscarded="161904" />
  <memory-copied type="tenure" objects="19287" bytes="466816" bytesdiscarded="8" />
</gc-op>
<gc-end id="1516" type="scavenge" contextid="1512" durationms="3.184" usertimems="4.000" systemtimems="0.000" timestamp="2019-06-14T20:52:24.043" activeThreads="4">
  <mem-info id="1517" free="1979809152" total="1997930496" percent="99">
    <mem type="nursery" free="10540792" total="13893632" percent="75">
      <mem type="allocate" free="10540792" total="11730944" percent="89" />
      <mem type="survivor" free="0" total="2162688" percent="0" />
    </mem>
    <mem type="tenure" free="1969268360" total="1984036864" percent="99">
      <mem type="soa" free="1870089864" total="1884835840" percent="99" />
      <mem type="loa" free="99178496" total="99201024" percent="99" />
    </mem>
    <remembered-set count="475" />
  </mem-info>
</gc-end>
<cycle-end id="1518" type="scavenge" contextid="1512" timestamp="2019-06-14T20:52:24.043" />
  <attribute name="elasticGC enabled" value="1" />
  <attribute name= "numThreadsSpecified" value="4" />
  <attribute name="heapSize specified" value="2092630016" />
  <attribute name="Current GC Util" value="12" />
  <attribute name= "Current Time Running" value="8359" />
  <attribute name ="GC Interval" value="200" />
  <attribute name="ProportionalT" value="-4.000000" />
  <attribute name="ProportionalI" value="-4.000000" />
  <attribute name="ProportionalH" value="-4.000000" />
  <attribute name="Current Error" value="-8.000000" />
  <attribute name="IntegralT" value="-304.000000" />
  <attribute name="IntegralI" value="-304.000000" />
  <attribute name="IntegralH" value="-304.000000" />
  <attribute name="DerivativeT" value="-0.105263" />
  <attribute name="DerivativeI" value="-0.105263" />
  <attribute name="DerivativeH" value="-0.105263" />
  <attribute name="Loop Time for DT" value="38.000000" />
  <attribute name="Output H" value="2092630016"/>
  <attribute name="Output I" value="200"/>
  <attribute name="Output T" value="4"/>
  <attribute name="Target GC Util Change" value ="20.000000" />
  <attribute name="Current GC Util Change" value="12.000000"/>
  <attribute name="GC Util currently" value="12" />
  <attribute name="CPU Util currently" value="120828066377" />
<allocation-satisfied id="1519" threadId="00000000015BE700" bytesRequested="80" />
<af-end id="1520" timestamp="2019-06-14T20:52:24.044" threadId="00000000015BF088" success="true" from="nursery"/>
<exclusive-end id="1521" timestamp="2019-06-14T20:52:24.044" durationms="4.249" />

<exclusive-start id="1522" timestamp="2019-06-14T20:52:24.068" intervalms="28.531">
  <response-info timems="0.057" idlems="0.057" threads="0" lastid="00000000015BE700" lastname="main" />
</exclusive-start>
<af-start id="1523" threadId="00000000015BF088" totalBytesRequested="664" timestamp="2019-06-14T20:52:24.068" intervalms="28.441" type="nursery" />
<cycle-start id="1524" type="scavenge" contextid="0" timestamp="2019-06-14T20:52:24.068" intervalms="28.416" />
<gc-start id="1525" type="scavenge" contextid="1524" timestamp="2019-06-14T20:52:24.068">
  <mem-info id="1526" free="1969268360" total="1997930496" percent="98">
    <mem type="nursery" free="0" total="13893632" percent="0">
      <mem type="allocate" free="0" total="11730944" percent="0" />
      <mem type="survivor" free="0" total="2162688" percent="0" />
    </mem>
    <mem type="tenure" free="1969268360" total="1984036864" percent="99">
      <mem type="soa" free="1870089864" total="1884835840" percent="99" />
      <mem type="loa" free="99178496" total="99201024" percent="99" />
    </mem>
    <remembered-set count="649" />
  </mem-info>
</gc-start>
<allocation-stats totalBytes="10529824" >
  <allocated-bytes non-tlh="80" tlh="10529744" />
  <largest-consumer threadName="main" threadId="00000000015BE700" bytes="10529824" />
</allocation-stats>
<gc-op id="1527" type="scavenge" timems="2.344" contextid="1524" timestamp="2019-06-14T20:52:24.071">
  <scavenger-info tenureage="2" tenuremask="4004" tiltratio="84" />
  <memory-copied type="nursery" objects="42223" bytes="1043232" bytesdiscarded="180960" />
  <memory-copied type="tenure" objects="19083" bytes="530232" bytesdiscarded="48" />
</gc-op>
<heap-resize id="1528" type="expand" space="nursery" amount="655360" count="1" timems="0.012" reason="excessive time being spent scavenging" timestamp="2019-06-14T20:52:24.071" />
<gc-end id="1529" type="scavenge" contextid="1524" durationms="2.954" usertimems="4.000" systemtimems="0.000" timestamp="2019-06-14T20:52:24.071" activeThreads="4">
  <mem-info id="1530" free="1979988856" total="1998585856" percent="99">
    <mem type="nursery" free="11227648" total="14548992" percent="77">
      <mem type="allocate" free="11227648" total="12451840" percent="90" />
      <mem type="survivor" free="0" total="2097152" percent="0" />
    </mem>
    <mem type="tenure" free="1968761208" total="1984036864" percent="99">
      <mem type="soa" free="1869582712" total="1884835840" percent="99" />
      <mem type="loa" free="99178496" total="99201024" percent="99" />
    </mem>
    <remembered-set count="655" />
  </mem-info>
</gc-end>
<cycle-end id="1531" type="scavenge" contextid="1524" timestamp="2019-06-14T20:52:24.072" />
  <attribute name="elasticGC enabled" value="1" />
  <attribute name= "numThreadsSpecified" value="4" />
  <attribute name="heapSize specified" value="2092630016" />
  <attribute name="Current GC Util" value="19" />
  <attribute name= "Current Time Running" value="8387" />
  <attribute name ="GC Interval" value="200" />
  <attribute name="ProportionalT" value="-0.500000" />
  <attribute name="ProportionalI" value="-0.500000" />
  <attribute name="ProportionalH" value="-0.500000" />
  <attribute name="Current Error" value="-1.000000" />
  <attribute name="IntegralT" value="-28.000000" />
  <attribute name="IntegralI" value="-28.000000" />
  <attribute name="IntegralH" value="-28.000000" />
  <attribute name="DerivativeT" value="-0.017857" />
  <attribute name="DerivativeI" value="-0.017857" />
  <attribute name="DerivativeH" value="-0.017857" />
  <attribute name="Loop Time for DT" value="28.000000" />
  <attribute name="Output H" value="2092630016"/>
  <attribute name="Output I" value="200"/>
  <attribute name="Output T" value="4"/>
  <attribute name="Target GC Util Change" value ="20.000000" />
  <attribute name="Current GC Util Change" value="19.000000"/>
  <attribute name="GC Util currently" value="19" />
  <attribute name="CPU Util currently" value="162695731860" />
<allocation-satisfied id="1532" threadId="00000000015BE700" bytesRequested="664" />
<af-end id="1533" timestamp="2019-06-14T20:52:24.072" threadId="00000000015BF088" success="true" from="nursery"/>
<exclusive-end id="1534" timestamp="2019-06-14T20:52:24.072" durationms="3.926" />

<exclusive-start id="1535" timestamp="2019-06-14T20:52:24.095" intervalms="26.999">
  <response-info timems="0.060" idlems="0.060" threads="0" lastid="00000000015BE700" lastname="main" />
</exclusive-start>
<af-start id="1536" threadId="00000000015BF088" totalBytesRequested="16" timestamp="2019-06-14T20:52:24.095" intervalms="27.060" type="nursery" />
<cycle-start id="1537" type="scavenge" contextid="0" timestamp="2019-06-14T20:52:24.095" intervalms="27.217" />
<gc-start id="1538" type="scavenge" contextid="1537" timestamp="2019-06-14T20:52:24.096">
  <mem-info id="1539" free="1968761208" total="1998585856" percent="98">
    <mem type="nursery" free="0" total="14548992" percent="0">
      <mem type="allocate" free="0" total="12451840" percent="0" />
      <mem type="survivor" free="0" total="2097152" percent="0" />
    </mem>
    <mem type="tenure" free="1968761208" total="1984036864" percent="99">
      <mem type="soa" free="1869582712" total="1884835840" percent="99" />
      <mem type="loa" free="99178496" total="99201024" percent="99" />
    </mem>
    <remembered-set count="1163" />
  </mem-info>
</gc-start>
<allocation-stats totalBytes="11215088" >
  <allocated-bytes non-tlh="66208" tlh="11148880" />
  <largest-consumer threadName="main" threadId="00000000015BE700" bytes="11215088" />
</allocation-stats>
<gc-op id="1540" type="scavenge" timems="2.976" contextid="1537" timestamp="2019-06-14T20:52:24.099">
  <scavenger-info tenureage="2" tenuremask="4004" tiltratio="85" />
  <memory-copied type="nursery" objects="46612" bytes="1286208" bytesdiscarded="75216" />
  <memory-copied type="tenure" objects="20156" bytes="495304" bytesdiscarded="72" />
</gc-op>
<heap-resize id="1541" type="expand" space="nursery" amount="786432" count="1" timems="0.013" reason="excessive time being spent scavenging" timestamp="2019-06-14T20:52:24.099" />
<gc-end id="1542" type="scavenge" contextid="1537" durationms="3.600" usertimems="8.000" systemtimems="0.000" timestamp="2019-06-14T20:52:24.099" activeThreads="4">
  <mem-info id="1543" free="1980305000" total="1999372288" percent="99">
    <mem type="nursery" free="12138992" total="15335424" percent="79">
      <mem type="allocate" free="12138992" total="13500416" percent="89" />
      <mem type="survivor" free="0" total="1835008" percent="0" />
    </mem>
    <mem type="tenure" free="1968166008" total="1984036864" percent="99">
      <mem type="soa" free="1868987512" total="1884835840" percent="99" />
      <mem type="loa" free="99178496" total="99201024" percent="99" />
    </mem>
    <remembered-set count="978" />
  </mem-info>
</gc-end>
<cycle-end id="1544" type="scavenge" contextid="1537" timestamp="2019-06-14T20:52:24.099" />
  <attribute name="elasticGC enabled" value="1" />
  <attribute name= "numThreadsSpecified" value="4" />
  <attribute name="heapSize specified" value="2092630016" />
  <attribute name="Current GC Util" value="23" />
  <attribute name= "Current Time Running" value="8414" />
  <attribute name ="GC Interval" value="200" />
  <attribute name="ProportionalT" value="1.500000" />
  <attribute name="ProportionalI" value="1.500000" />
  <attribute name="ProportionalH" value="1.500000" />
  <attribute name="Current Error" value="3.000000" />
  <attribute name="IntegralT" value="81.000000" />
  <attribute name="IntegralI" value="81.000000" />
  <attribute name="IntegralH" value="81.000000" />
  <attribute name="DerivativeT" value="0.055556" />
  <attribute name="DerivativeI" value="0.055556" />
  <attribute name="DerivativeH" value="0.055556" />
  <attribute name="Loop Time for DT" value="27.000000" />
  <attribute name="Output H" value="8388608"/>
  <attribute name="Output I" value="200"/>
  <attribute name="Output T" value="4"/>
  <attribute name="Target GC Util Change" value ="20.000000" />
  <attribute name="Current GC Util Change" value="23.000000"/>
  <attribute name="GC Util currently" value="23" />
  <attribute name="CPU Util currently" value="169185161324" />
<allocation-satisfied id="1545" threadId="00000000015BE700" bytesRequested="16" />
<af-end id="1546" timestamp="2019-06-14T20:52:24.100" threadId="00000000015BF088" success="true" from="nursery"/>
<exclusive-end id="1547" timestamp="2019-06-14T20:52:24.100" durationms="4.715" />

<exclusive-start id="1548" timestamp="2019-06-14T20:52:24.123" intervalms="28.200">
  <response-info timems="0.024" idlems="0.024" threads="0" lastid="00000000015BE700" lastname="main" />
</exclusive-start>
<af-start id="1549" threadId="00000000015BF088" totalBytesRequested="40" timestamp="2019-06-14T20:52:24.123" intervalms="28.137" type="nursery" />
<cycle-start id="1550" type="scavenge" contextid="0" timestamp="2019-06-14T20:52:24.123" intervalms="28.036" />
<gc-start id="1551" type="scavenge" contextid="1550" timestamp="2019-06-14T20:52:24.124">
  <mem-info id="1552" free="1968166008" total="1999372288" percent="98">
    <mem type="nursery" free="0" total="15335424" percent="0">
      <mem type="allocate" free="0" total="13500416" percent="0" />
      <mem type="survivor" free="0" total="1835008" percent="0" />
    </mem>
    <mem type="tenure" free="1968166008" total="1984036864" percent="99">
      <mem type="soa" free="1868987512" total="1884835840" percent="99" />
      <mem type="loa" free="99178496" total="99201024" percent="99" />
    </mem>
    <remembered-set count="1149" />
  </mem-info>
</gc-start>
<allocation-stats totalBytes="12126728" >
  <allocated-bytes non-tlh="16" tlh="12126712" />
  <largest-consumer threadName="main" threadId="00000000015BE700" bytes="12126728" />
</allocation-stats>
<gc-op id="1553" type="scavenge" timems="2.842" contextid="1550" timestamp="2019-06-14T20:52:24.127">
  <scavenger-info tenureage="2" tenuremask="4004" tiltratio="88" />
  <memory-copied type="nursery" objects="50555" bytes="1375608" bytesdiscarded="91800" />
  <memory-copied type="tenure" objects="21918" bytes="543480" bytesdiscarded="32" />
</gc-op>
<heap-resize id="1554" type="expand" space="nursery" amount="786432" count="1" timems="0.010" reason="excessive time being spent scavenging" timestamp="2019-06-14T20:52:24.127" />
<gc-end id="1555" type="scavenge" contextid="1550" durationms="3.467" usertimems="4.000" systemtimems="4.000" timestamp="2019-06-14T20:52:24.127" activeThreads="4">
  <mem-info id="1556" free="1980547944" total="2000158720" percent="99">
    <mem type="nursery" free="12884976" total="16121856" percent="79">
      <mem type="allocate" free="12884976" total="14352384" percent="89" />
      <mem type="survivor" free="0" total="1769472" percent="0" />
    </mem>
    <mem type="tenure" free="1967662968" total="1984036864" percent="99">
      <mem type="soa" free="1868484472" total="1884835840" percent="99" />
      <mem type="loa" free="99178496" total="99201024" percent="99" />
    </mem>
    <remembered-set count="926" />
  </mem-info>
</gc-end>
<cycle-end id="1557" type="scavenge" contextid="1550" timestamp="2019-06-14T20:52:24.127" />
  <attribute name="elasticGC enabled" value="1" />
  <attribute name= "numThreadsSpecified" value="4" />
  <attribute name="heapSize specified" value="2092630016" />
  <attribute name="Current GC Util" value="25" />
  <attribute name= "Current Time Running" value="8442" />
  <attribute name ="GC Interval" value="200" />
  <attribute name="ProportionalT" value="2.500000" />
  <attribute name="ProportionalI" value="2.500000" />
  <attribute name="ProportionalH" value="2.500000" />
  <attribute name="Current Error" value="5.000000" />
  <attribute name="IntegralT" value="140.000000" />
  <attribute name="IntegralI" value="140.000000" />
  <attribute name="IntegralH" value="140.000000" />
  <attribute name="DerivativeT" value="0.035714" />
  <attribute name="DerivativeI" value="0.035714" />
  <attribute name="DerivativeH" value="0.035714" />
  <attribute name="Loop Time for DT" value="28.000000" />
  <attribute name="Output H" value="8388608"/>
  <attribute name="Output I" value="200"/>
  <attribute name="Output T" value="4"/>
  <attribute name="Target GC Util Change" value ="20.000000" />
  <attribute name="Current GC Util Change" value="25.000000"/>
  <attribute name="GC Util currently" value="25" />
  <attribute name="CPU Util currently" value="164653610975" />
<allocation-satisfied id="1558" threadId="00000000015BE700" bytesRequested="40" />
<af-end id="1559" timestamp="2019-06-14T20:52:24.127" threadId="00000000015BF088" success="true" from="nursery"/>
<exclusive-end id="1560" timestamp="2019-06-14T20:52:24.127" durationms="4.281" />

<exclusive-start id="1561" timestamp="2019-06-14T20:52:24.152" intervalms="28.835">
  <response-info timems="0.057" idlems="0.057" threads="0" lastid="00000000015BE700" lastname="main" />
</exclusive-start>
<af-start id="1562" threadId="00000000015BF088" totalBytesRequested="16" timestamp="2019-06-14T20:52:24.152" intervalms="28.852" type="nursery" />
<cycle-start id="1563" type="scavenge" contextid="0" timestamp="2019-06-14T20:52:24.152" intervalms="28.856" />
<gc-start id="1564" type="scavenge" contextid="1563" timestamp="2019-06-14T20:52:24.153">
  <mem-info id="1565" free="1967662968" total="2000158720" percent="98">
    <mem type="nursery" free="0" total="16121856" percent="0">
      <mem type="allocate" free="0" total="14352384" percent="0" />
      <mem type="survivor" free="0" total="1769472" percent="0" />
    </mem>
    <mem type="tenure" free="1967662968" total="1984036864" percent="99">
      <mem type="soa" free="1868484472" total="1884835840" percent="99" />
      <mem type="loa" free="99178496" total="99201024" percent="99" />
    </mem>
    <remembered-set count="1129" />
  </mem-info>
</gc-start>
<allocation-stats totalBytes="12870040" >
  <allocated-bytes non-tlh="40" tlh="12870000" />
  <largest-consumer threadName="main" threadId="00000000015BE700" bytes="12870040" />
</allocation-stats>
<gc-op id="1566" type="scavenge" timems="2.898" contextid="1563" timestamp="2019-06-14T20:52:24.156">
  <scavenger-info tenureage="2" tenuremask="4004" tiltratio="89" />
  <memory-copied type="nursery" objects="52281" bytes="1286624" bytesdiscarded="164128" />
  <memory-copied type="tenure" objects="24619" bytes="740928" bytesdiscarded="80" />
</gc-op>
<heap-resize id="1567" type="expand" space="nursery" amount="786432" count="1" timems="0.011" reason="excessive time being spent scavenging" timestamp="2019-06-14T20:52:24.156" />
<gc-end id="1568" type="scavenge" contextid="1563" durationms="3.452" usertimems="4.000" systemtimems="4.000" timestamp="2019-06-14T20:52:24.156" activeThreads="4">
  <mem-info id="1569" free="1980647016" total="2000945152" percent="98">
    <mem type="nursery" free="13688064" total="16908288" percent="80">
      <mem type="allocate" free="13688064" total="15138816" percent="90" />
      <mem type="survivor" free="0" total="1769472" percent="0" />
    </mem>
    <mem type="tenure" free="1966958952" total="1984036864" percent="99">
      <mem type="soa" free="1867780456" total="1884835840" percent="99" />
      <mem type="loa" free="99178496" total="99201024" percent="99" />
    </mem>
    <remembered-set count="697" />
  </mem-info>
</gc-end>
<cycle-end id="1570" type="scavenge" contextid="1563" timestamp="2019-06-14T20:52:24.156" />
  <attribute name="elasticGC enabled" value="1" />
  <attribute name= "numThreadsSpecified" value="4" />
  <attribute name="heapSize specified" value="2092630016" />
  <attribute name="Current GC Util" value="22" />
  <attribute name= "Current Time Running" value="8471" />
  <attribute name ="GC Interval" value="200" />
  <attribute name="ProportionalT" value="1.000000" />
  <attribute name="ProportionalI" value="1.000000" />
  <attribute name="ProportionalH" value="1.000000" />
  <attribute name="Current Error" value="2.000000" />
  <attribute name="IntegralT" value="58.000000" />
  <attribute name="IntegralI" value="58.000000" />
  <attribute name="IntegralH" value="58.000000" />
  <attribute name="DerivativeT" value="-0.051724" />
  <attribute name="DerivativeI" value="-0.051724" />
  <attribute name="DerivativeH" value="-0.051724" />
  <attribute name="Loop Time for DT" value="29.000000" />
  <attribute name="Output H" value="8388608"/>
  <attribute name="Output I" value="200"/>
  <attribute name="Output T" value="4"/>
  <attribute name="Target GC Util Change" value ="20.000000" />
  <attribute name="Current GC Util Change" value="22.000000"/>
  <attribute name="GC Util currently" value="22" />
  <attribute name="CPU Util currently" value="159923389978" />
<allocation-satisfied id="1571" threadId="00000000015BE700" bytesRequested="16" />
<af-end id="1572" timestamp="2019-06-14T20:52:24.156" threadId="00000000015BF088" success="true" from="nursery"/>
<exclusive-end id="1573" timestamp="2019-06-14T20:52:24.156" durationms="4.335" />

<exclusive-start id="1574" timestamp="2019-06-14T20:52:24.183" intervalms="30.687">
  <response-info timems="0.069" idlems="0.069" threads="0" lastid="00000000015BE700" lastname="main" />
</exclusive-start>
<af-start id="1575" threadId="00000000015BF088" totalBytesRequested="56" timestamp="2019-06-14T20:52:24.183" intervalms="30.634" type="nursery" />
<cycle-start id="1576" type="scavenge" contextid="0" timestamp="2019-06-14T20:52:24.183" intervalms="30.628" />
<gc-start id="1577" type="scavenge" contextid="1576" timestamp="2019-06-14T20:52:24.183">
  <mem-info id="1578" free="1966958952" total="2000945152" percent="98">
    <mem type="nursery" free="0" total="16908288" percent="0">
      <mem type="allocate" free="0" total="15138816" percent="0" />
      <mem type="survivor" free="0" total="1769472" percent="0" />
    </mem>
    <mem type="tenure" free="1966958952" total="1984036864" percent="99">
      <mem type="soa" free="1867780456" total="1884835840" percent="99" />
      <mem type="loa" free="99178496" total="99201024" percent="99" />
    </mem>
    <remembered-set count="1031" />
  </mem-info>
</gc-start>
<allocation-stats totalBytes="13678744" >
  <allocated-bytes non-tlh="16" tlh="13678728" />
  <largest-consumer threadName="main" threadId="00000000015BE700" bytes="13678744" />
</allocation-stats>
<gc-op id="1579" type="scavenge" timems="2.640" contextid="1576" timestamp="2019-06-14T20:52:24.186">
  <scavenger-info tenureage="2" tenuremask="4004" tiltratio="89" />
  <memory-copied type="nursery" objects="54707" bytes="1347240" bytesdiscarded="98136" />
  <memory-copied type="tenure" objects="25888" bytes="633400" bytesdiscarded="160" />
</gc-op>
<heap-resize id="1580" type="expand" space="nursery" amount="786432" count="1" timems="0.009" reason="excessive time being spent scavenging" timestamp="2019-06-14T20:52:24.186" />
<gc-end id="1581" type="scavenge" contextid="1576" durationms="3.246" usertimems="4.000" systemtimems="0.000" timestamp="2019-06-14T20:52:24.186" activeThreads="4">
  <mem-info id="1582" free="1980761192" total="2001731584" percent="98">
    <mem type="nursery" free="14414336" total="17694720" percent="81">
      <mem type="allocate" free="14414336" total="15859712" percent="90" />
      <mem type="survivor" free="0" total="1835008" percent="0" />
    </mem>
    <mem type="tenure" free="1966346856" total="1984036864" percent="99">
      <mem type="soa" free="1867168360" total="1884835840" percent="99" />
      <mem type="loa" free="99178496" total="99201024" percent="99" />
    </mem>
    <remembered-set count="859" />
  </mem-info>
</gc-end>
<cycle-end id="1583" type="scavenge" contextid="1576" timestamp="2019-06-14T20:52:24.186" />
  <attribute name="elasticGC enabled" value="1" />
  <attribute name= "numThreadsSpecified" value="4" />
  <attribute name="heapSize specified" value="2092630016" />
  <attribute name="Current GC Util" value="24" />
  <attribute name= "Current Time Running" value="8502" />
  <attribute name ="GC Interval" value="200" />
  <attribute name="ProportionalT" value="2.000000" />
  <attribute name="ProportionalI" value="2.000000" />
  <attribute name="ProportionalH" value="2.000000" />
  <attribute name="Current Error" value="4.000000" />
  <attribute name="IntegralT" value="124.000000" />
  <attribute name="IntegralI" value="124.000000" />
  <attribute name="IntegralH" value="124.000000" />
  <attribute name="DerivativeT" value="0.032258" />
  <attribute name="DerivativeI" value="0.032258" />
  <attribute name="DerivativeH" value="0.032258" />
  <attribute name="Loop Time for DT" value="31.000000" />
  <attribute name="Output H" value="8388608"/>
  <attribute name="Output I" value="200"/>
  <attribute name="Output T" value="4"/>
  <attribute name="Target GC Util Change" value ="20.000000" />
  <attribute name="Current GC Util Change" value="24.000000"/>
  <attribute name="GC Util currently" value="24" />
  <attribute name="CPU Util currently" value="150494489280" />
<allocation-satisfied id="1584" threadId="00000000015BE700" bytesRequested="56" />
<af-end id="1585" timestamp="2019-06-14T20:52:24.187" threadId="00000000015BF088" success="true" from="nursery"/>
<exclusive-end id="1586" timestamp="2019-06-14T20:52:24.187" durationms="4.077" />

<exclusive-start id="1587" timestamp="2019-06-14T20:52:24.214" intervalms="31.660">
  <response-info timems="0.238" idlems="0.238" threads="0" lastid="00000000015BE700" lastname="main" />
</exclusive-start>
<af-start id="1588" threadId="00000000015BF088" totalBytesRequested="664" timestamp="2019-06-14T20:52:24.215" intervalms="31.692" type="nursery" />
<cycle-start id="1589" type="scavenge" contextid="0" timestamp="2019-06-14T20:52:24.215" intervalms="31.692" />
<gc-start id="1590" type="scavenge" contextid="1589" timestamp="2019-06-14T20:52:24.215">
  <mem-info id="1591" free="1966346856" total="2001731584" percent="98">
    <mem type="nursery" free="0" total="17694720" percent="0">
      <mem type="allocate" free="0" total="15859712" percent="0" />
      <mem type="survivor" free="0" total="1835008" percent="0" />
    </mem>
    <mem type="tenure" free="1966346856" total="1984036864" percent="99">
      <mem type="soa" free="1867168360" total="1884835840" percent="99" />
      <mem type="loa" free="99178496" total="99201024" percent="99" />
    </mem>
    <remembered-set count="1905" />
  </mem-info>
</gc-start>
<allocation-stats totalBytes="14393176" >
  <allocated-bytes non-tlh="56" tlh="14393120" />
  <largest-consumer threadName="main" threadId="00000000015BE700" bytes="14393176" />
</allocation-stats>
<gc-op id="1592" type="scavenge" timems="2.901" contextid="1589" timestamp="2019-06-14T20:52:24.218">
  <scavenger-info tenureage="2" tenuremask="4004" tiltratio="89" />
  <memory-copied type="nursery" objects="57509" bytes="1402504" bytesdiscarded="68216" />
  <memory-copied type="tenure" objects="26331" bytes="650904" bytesdiscarded="104" />
</gc-op>
<heap-resize id="1593" type="expand" space="nursery" amount="786432" count="1" timems="0.011" reason="excessive time being spent scavenging" timestamp="2019-06-14T20:52:24.218" />
<gc-end id="1594" type="scavenge" contextid="1589" durationms="3.587" usertimems="8.000" systemtimems="0.000" timestamp="2019-06-14T20:52:24.218" activeThreads="4">
  <mem-info id="1595" free="1980866920" total="2002518016" percent="98">
    <mem type="nursery" free="15109888" total="18481152" percent="81">
      <mem type="allocate" free="15109888" total="16580608" percent="91" />
      <mem type="survivor" free="0" total="1900544" percent="0" />
    </mem>
    <mem type="tenure" free="1965757032" total="1984036864" percent="99">
      <mem type="soa" free="1866578536" total="1884835840" percent="99" />
      <mem type="loa" free="99178496" total="99201024" percent="99" />
    </mem>
    <remembered-set count="1680" />
  </mem-info>
</gc-end>
<cycle-end id="1596" type="scavenge" contextid="1589" timestamp="2019-06-14T20:52:24.219" />
  <attribute name="elasticGC enabled" value="1" />
  <attribute name= "numThreadsSpecified" value="4" />
  <attribute name="heapSize specified" value="2092630016" />
  <attribute name="Current GC Util" value="21" />
  <attribute name= "Current Time Running" value="8534" />
  <attribute name ="GC Interval" value="200" />
  <attribute name="ProportionalT" value="0.500000" />
  <attribute name="ProportionalI" value="0.500000" />
  <attribute name="ProportionalH" value="0.500000" />
  <attribute name="Current Error" value="1.000000" />
  <attribute name="IntegralT" value="32.000000" />
  <attribute name="IntegralI" value="32.000000" />
  <attribute name="IntegralH" value="32.000000" />
  <attribute name="DerivativeT" value="-0.046875" />
  <attribute name="DerivativeI" value="-0.046875" />
  <attribute name="DerivativeH" value="-0.046875" />
  <attribute name="Loop Time for DT" value="32.000000" />
  <attribute name="Output H" value="8388608"/>
  <attribute name="Output I" value="200"/>
  <attribute name="Output T" value="4"/>
  <attribute name="Target GC Util Change" value ="20.000000" />
  <attribute name="Current GC Util Change" value="21.000000"/>
  <attribute name="GC Util currently" value="21" />
  <attribute name="CPU Util currently" value="145462974961" />
<allocation-satisfied id="1597" threadId="00000000015BE700" bytesRequested="664" />
<af-end id="1598" timestamp="2019-06-14T20:52:24.219" threadId="00000000015BF088" success="true" from="nursery"/>
<exclusive-end id="1599" timestamp="2019-06-14T20:52:24.219" durationms="4.426" />

<exclusive-start id="1600" timestamp="2019-06-14T20:52:24.248" intervalms="33.503">
  <response-info timems="0.074" idlems="0.074" threads="0" lastid="00000000015BE700" lastname="main" />
</exclusive-start>
<af-start id="1601" threadId="00000000015BF088" totalBytesRequested="680" timestamp="2019-06-14T20:52:24.248" intervalms="33.531" type="nursery" />
<cycle-start id="1602" type="scavenge" contextid="0" timestamp="2019-06-14T20:52:24.248" intervalms="33.526" />
<gc-start id="1603" type="scavenge" contextid="1602" timestamp="2019-06-14T20:52:24.248">
  <mem-info id="1604" free="1965757032" total="2002518016" percent="98">
    <mem type="nursery" free="0" total="18481152" percent="0">
      <mem type="allocate" free="0" total="16580608" percent="0" />
      <mem type="survivor" free="0" total="1900544" percent="0" />
    </mem>
    <mem type="tenure" free="1965757032" total="1984036864" percent="99">
      <mem type="soa" free="1866578536" total="1884835840" percent="99" />
      <mem type="loa" free="99178496" total="99201024" percent="99" />
    </mem>
    <remembered-set count="2575" />
  </mem-info>
</gc-start>
<allocation-stats totalBytes="15084832" >
  <allocated-bytes non-tlh="664" tlh="15084168" />
  <largest-consumer threadName="main" threadId="00000000015BE700" bytes="15084832" />
</allocation-stats>
<gc-op id="1605" type="scavenge" timems="2.900" contextid="1602" timestamp="2019-06-14T20:52:24.251">
  <scavenger-info tenureage="2" tenuremask="4004" tiltratio="89" />
  <memory-copied type="nursery" objects="59786" bytes="1455648" bytesdiscarded="115680" />
  <memory-copied type="tenure" objects="28309" bytes="693728" bytesdiscarded="144" />
</gc-op>
<heap-resize id="1606" type="expand" space="nursery" amount="786432" count="1" timems="0.013" reason="excessive time being spent scavenging" timestamp="2019-06-14T20:52:24.252" />
<gc-end id="1607" type="scavenge" contextid="1602" durationms="3.429" usertimems="4.000" systemtimems="4.000" timestamp="2019-06-14T20:52:24.252" activeThreads="4">
  <mem-info id="1608" free="1980630632" total="2003304448" percent="98">
    <mem type="nursery" free="15664640" total="19267584" percent="81">
      <mem type="allocate" free="15664640" total="17235968" percent="90" />
      <mem type="survivor" free="0" total="2031616" percent="0" />
    </mem>
    <mem type="tenure" free="1964965992" total="1984036864" percent="99">
      <mem type="soa" free="1865787496" total="1884835840" percent="98" />
      <mem type="loa" free="99178496" total="99201024" percent="99" />
    </mem>
    <remembered-set count="2258" />
  </mem-info>
</gc-end>
<cycle-end id="1609" type="scavenge" contextid="1602" timestamp="2019-06-14T20:52:24.252" />
  <attribute name="elasticGC enabled" value="1" />
  <attribute name= "numThreadsSpecified" value="4" />
  <attribute name="heapSize specified" value="2092630016" />
  <attribute name="Current GC Util" value="21" />
  <attribute name= "Current Time Running" value="8567" />
  <attribute name ="GC Interval" value="200" />
  <attribute name="ProportionalT" value="0.500000" />
  <attribute name="ProportionalI" value="0.500000" />
  <attribute name="ProportionalH" value="0.500000" />
  <attribute name="Current Error" value="1.000000" />
  <attribute name="IntegralT" value="33.000000" />
  <attribute name="IntegralI" value="33.000000" />
  <attribute name="IntegralH" value="33.000000" />
  <attribute name="DerivativeT" value="0.000000" />
  <attribute name="DerivativeI" value="0.000000" />
  <attribute name="DerivativeH" value="0.000000" />
  <attribute name="Loop Time for DT" value="33.000000" />
  <attribute name="Output H" value="8388608"/>
  <attribute name="Output I" value="200"/>
  <attribute name="Output T" value="4"/>
  <attribute name="Target GC Util Change" value ="20.000000" />
  <attribute name="Current GC Util Change" value="21.000000"/>
  <attribute name="GC Util currently" value="21" />
  <attribute name="CPU Util currently" value="137989881607" />
<allocation-satisfied id="1610" threadId="00000000015BE700" bytesRequested="680" />
<af-end id="1611" timestamp="2019-06-14T20:52:24.252" threadId="00000000015BF088" success="true" from="nursery"/>
<exclusive-end id="1612" timestamp="2019-06-14T20:52:24.252" durationms="4.350" />

<exclusive-start id="1613" timestamp="2019-06-14T20:52:24.283" intervalms="35.214">
  <response-info timems="0.058" idlems="0.058" threads="0" lastid="00000000015BE700" lastname="main" />
</exclusive-start>
<af-start id="1614" threadId="00000000015BF088" totalBytesRequested="24" timestamp="2019-06-14T20:52:24.283" intervalms="35.220" type="nursery" />
<cycle-start id="1615" type="scavenge" contextid="0" timestamp="2019-06-14T20:52:24.283" intervalms="35.218" />
<gc-start id="1616" type="scavenge" contextid="1615" timestamp="2019-06-14T20:52:24.284">
  <mem-info id="1617" free="1964965992" total="2003304448" percent="98">
    <mem type="nursery" free="0" total="19267584" percent="0">
      <mem type="allocate" free="0" total="17235968" percent="0" />
      <mem type="survivor" free="0" total="2031616" percent="0" />
    </mem>
    <mem type="tenure" free="1964965992" total="1984036864" percent="99">
      <mem type="soa" free="1865787496" total="1884835840" percent="98" />
      <mem type="loa" free="99178496" total="99201024" percent="99" />
    </mem>
    <remembered-set count="2912" />
  </mem-info>
</gc-start>
<allocation-stats totalBytes="15648424" >
  <allocated-bytes non-tlh="262840" tlh="15385584" />
  <largest-consumer threadName="main" threadId="00000000015BE700" bytes="15648424" />
</allocation-stats>
<gc-op id="1618" type="scavenge" timems="3.279" contextid="1615" timestamp="2019-06-14T20:52:24.287">
  <scavenger-info tenureage="2" tenuremask="4004" tiltratio="89" />
  <memory-copied type="nursery" objects="65483" bytes="1899776" bytesdiscarded="114960" />
  <memory-copied type="tenure" objects="29123" bytes="706136" bytesdiscarded="72" />
</gc-op>
<heap-resize id="1619" type="expand" space="nursery" amount="786432" count="1" timems="0.011" reason="excessive time being spent scavenging" timestamp="2019-06-14T20:52:24.287" />
<gc-end id="1620" type="scavenge" contextid="1615" durationms="3.786" usertimems="8.000" systemtimems="0.000" timestamp="2019-06-14T20:52:24.287" activeThreads="4">
  <mem-info id="1621" free="1979925080" total="2004090880" percent="98">
    <mem type="nursery" free="15548912" total="20054016" percent="77">
      <mem type="allocate" free="15548912" total="17563648" percent="88" />
      <mem type="survivor" free="0" total="2490368" percent="0" />
    </mem>
    <mem type="tenure" free="1964376168" total="1984036864" percent="99">
      <mem type="soa" free="1865197672" total="1884835840" percent="98" />
      <mem type="loa" free="99178496" total="99201024" percent="99" />
    </mem>
    <remembered-set count="1831" />
  </mem-info>
</gc-end>
<cycle-end id="1622" type="scavenge" contextid="1615" timestamp="2019-06-14T20:52:24.287" />
  <attribute name="elasticGC enabled" value="1" />
  <attribute name= "numThreadsSpecified" value="4" />
  <attribute name="heapSize specified" value="2092630016" />
  <attribute name="Current GC Util" value="21" />
  <attribute name= "Current Time Running" value="8602" />
  <attribute name ="GC Interval" value="200" />
  <attribute name="ProportionalT" value="0.500000" />
  <attribute name="ProportionalI" value="0.500000" />
  <attribute name="ProportionalH" value="0.500000" />
  <attribute name="Current Error" value="1.000000" />
  <attribute name="IntegralT" value="35.000000" />
  <attribute name="IntegralI" value="35.000000" />
  <attribute name="IntegralH" value="35.000000" />
  <attribute name="DerivativeT" value="0.000000" />
  <attribute name="DerivativeI" value="0.000000" />
  <attribute name="DerivativeH" value="0.000000" />
  <attribute name="Loop Time for DT" value="35.000000" />
  <attribute name="Output H" value="8388608"/>
  <attribute name="Output I" value="200"/>
  <attribute name="Output T" value="4"/>
  <attribute name="Target GC Util Change" value ="20.000000" />
  <attribute name="Current GC Util Change" value="21.000000"/>
  <attribute name="GC Util currently" value="21" />
  <attribute name="CPU Util currently" value="130597020757" />
<allocation-satisfied id="1623" threadId="00000000015BE700" bytesRequested="24" />
<af-end id="1624" timestamp="2019-06-14T20:52:24.288" threadId="00000000015BF088" success="true" from="nursery"/>
<exclusive-end id="1625" timestamp="2019-06-14T20:52:24.288" durationms="4.546" />

<exclusive-start id="1626" timestamp="2019-06-14T20:52:24.318" intervalms="35.405">
  <response-info timems="0.061" idlems="0.061" threads="0" lastid="00000000015BE700" lastname="main" />
</exclusive-start>
<af-start id="1627" threadId="00000000015BF088" totalBytesRequested="32" timestamp="2019-06-14T20:52:24.319" intervalms="35.345" type="nursery" />
<cycle-start id="1628" type="scavenge" contextid="0" timestamp="2019-06-14T20:52:24.319" intervalms="35.249" />
<gc-start id="1629" type="scavenge" contextid="1628" timestamp="2019-06-14T20:52:24.319">
  <mem-info id="1630" free="1964376168" total="2004090880" percent="98">
    <mem type="nursery" free="0" total="20054016" percent="0">
      <mem type="allocate" free="0" total="17563648" percent="0" />
      <mem type="survivor" free="0" total="2490368" percent="0" />
    </mem>
    <mem type="tenure" free="1964376168" total="1984036864" percent="99">
      <mem type="soa" free="1865197672" total="1884835840" percent="98" />
      <mem type="loa" free="99178496" total="99201024" percent="99" />
    </mem>
    <remembered-set count="2392" />
  </mem-info>
</gc-start>
<allocation-stats totalBytes="15532448" >
  <allocated-bytes non-tlh="24" tlh="15532424" />
  <largest-consumer threadName="main" threadId="00000000015BE700" bytes="15532448" />
</allocation-stats>
<gc-op id="1631" type="scavenge" timems="3.880" contextid="1628" timestamp="2019-06-14T20:52:24.323">
  <scavenger-info tenureage="2" tenuremask="4004" tiltratio="87" />
  <memory-copied type="nursery" objects="66358" bytes="1936080" bytesdiscarded="87104" />
  <memory-copied type="tenure" objects="30578" bytes="747288" bytesdiscarded="104" />
</gc-op>
<heap-resize id="1632" type="expand" space="nursery" amount="1048576" count="1" timems="0.013" reason="excessive time being spent scavenging" timestamp="2019-06-14T20:52:24.323" />
<gc-end id="1633" type="scavenge" contextid="1628" durationms="4.134" usertimems="8.000" systemtimems="0.000" timestamp="2019-06-14T20:52:24.323" activeThreads="4">
  <mem-info id="1634" free="1980282968" total="2005139456" percent="98">
    <mem type="nursery" free="16720112" total="21102592" percent="79">
      <mem type="allocate" free="16720112" total="18743296" percent="89" />
      <mem type="survivor" free="0" total="2359296" percent="0" />
    </mem>
    <mem type="tenure" free="1963562856" total="1984036864" percent="98">
      <mem type="soa" free="1864384360" total="1884835840" percent="98" />
      <mem type="loa" free="99178496" total="99201024" percent="99" />
    </mem>
    <remembered-set count="1445" />
  </mem-info>
</gc-end>
<cycle-end id="1635" type="scavenge" contextid="1628" timestamp="2019-06-14T20:52:24.323" />
  <attribute name="elasticGC enabled" value="1" />
  <attribute name= "numThreadsSpecified" value="4" />
  <attribute name="heapSize specified" value="2092630016" />
  <attribute name="Current GC Util" value="24" />
  <attribute name= "Current Time Running" value="8637" />
  <attribute name ="GC Interval" value="200" />
  <attribute name="ProportionalT" value="2.000000" />
  <attribute name="ProportionalI" value="2.000000" />
  <attribute name="ProportionalH" value="2.000000" />
  <attribute name="Current Error" value="4.000000" />
  <attribute name="IntegralT" value="140.000000" />
  <attribute name="IntegralI" value="140.000000" />
  <attribute name="IntegralH" value="140.000000" />
  <attribute name="DerivativeT" value="0.042857" />
  <attribute name="DerivativeI" value="0.042857" />
  <attribute name="DerivativeH" value="0.042857" />
  <attribute name="Loop Time for DT" value="35.000000" />
  <attribute name="Output H" value="8388608"/>
  <attribute name="Output I" value="200"/>
  <attribute name="Output T" value="4"/>
  <attribute name="Target GC Util Change" value ="20.000000" />
  <attribute name="Current GC Util Change" value="24.000000"/>
  <attribute name="GC Util currently" value="24" />
  <attribute name="CPU Util currently" value="131650099645" />
<allocation-satisfied id="1636" threadId="00000000015BE700" bytesRequested="32" />
<af-end id="1637" timestamp="2019-06-14T20:52:24.323" threadId="00000000015BF088" success="true" from="nursery"/>
<exclusive-end id="1638" timestamp="2019-06-14T20:52:24.323" durationms="4.587" />

<exclusive-start id="1639" timestamp="2019-06-14T20:52:24.358" intervalms="39.302">
  <response-info timems="0.059" idlems="0.059" threads="0" lastid="00000000015BE700" lastname="main" />
</exclusive-start>
<af-start id="1640" threadId="00000000015BF088" totalBytesRequested="72" timestamp="2019-06-14T20:52:24.358" intervalms="39.336" type="nursery" />
<cycle-start id="1641" type="scavenge" contextid="0" timestamp="2019-06-14T20:52:24.358" intervalms="39.382" />
<gc-start id="1642" type="scavenge" contextid="1641" timestamp="2019-06-14T20:52:24.358">
  <mem-info id="1643" free="1963562856" total="2005139456" percent="97">
    <mem type="nursery" free="0" total="21102592" percent="0">
      <mem type="allocate" free="0" total="18743296" percent="0" />
      <mem type="survivor" free="0" total="2359296" percent="0" />
    </mem>
    <mem type="tenure" free="1963562856" total="1984036864" percent="98">
      <mem type="soa" free="1864384360" total="1884835840" percent="98" />
      <mem type="loa" free="99178496" total="99201024" percent="99" />
    </mem>
    <remembered-set count="2127" />
  </mem-info>
</gc-start>
<allocation-stats totalBytes="16701104" >
  <allocated-bytes non-tlh="32" tlh="16701072" />
  <largest-consumer threadName="main" threadId="00000000015BE700" bytes="16701104" />
</allocation-stats>
<gc-op id="1644" type="scavenge" timems="3.285" contextid="1641" timestamp="2019-06-14T20:52:24.362">
  <scavenger-info tenureage="1" tenuremask="4006" tiltratio="88" />
  <memory-copied type="nursery" objects="35175" bytes="888872" bytesdiscarded="164824" />
  <memory-copied type="tenure" objects="66290" bytes="1932880" bytesdiscarded="224" />
</gc-op>
<gc-end id="1645" type="scavenge" contextid="1641" durationms="3.770" usertimems="8.000" systemtimems="0.000" timestamp="2019-06-14T20:52:24.362" activeThreads="4">
  <mem-info id="1646" free="1979534936" total="2005139456" percent="98">
    <mem type="nursery" free="17886208" total="21102592" percent="84">
      <mem type="allocate" free="17886208" total="18939904" percent="94" />
      <mem type="survivor" free="0" total="2162688" percent="0" />
    </mem>
    <mem type="tenure" free="1961648728" total="1984036864" percent="98">
      <mem type="soa" free="1862470232" total="1884835840" percent="98" />
      <mem type="loa" free="99178496" total="99201024" percent="99" />
    </mem>
    <remembered-set count="1036" />
  </mem-info>
</gc-end>
<cycle-end id="1647" type="scavenge" contextid="1641" timestamp="2019-06-14T20:52:24.362" />
  <attribute name="elasticGC enabled" value="1" />
  <attribute name= "numThreadsSpecified" value="4" />
  <attribute name="heapSize specified" value="2092630016" />
  <attribute name="Current GC Util" value="22" />
  <attribute name= "Current Time Running" value="8677" />
  <attribute name ="GC Interval" value="200" />
  <attribute name="ProportionalT" value="1.000000" />
  <attribute name="ProportionalI" value="1.000000" />
  <attribute name="ProportionalH" value="1.000000" />
  <attribute name="Current Error" value="2.000000" />
  <attribute name="IntegralT" value="80.000000" />
  <attribute name="IntegralI" value="80.000000" />
  <attribute name="IntegralH" value="80.000000" />
  <attribute name="DerivativeT" value="-0.025000" />
  <attribute name="DerivativeI" value="-0.025000" />
  <attribute name="DerivativeH" value="-0.025000" />
  <attribute name="Loop Time for DT" value="40.000000" />
  <attribute name="Output H" value="8388608"/>
  <attribute name="Output I" value="200"/>
  <attribute name="Output T" value="4"/>
  <attribute name="Target GC Util Change" value ="20.000000" />
  <attribute name="Current GC Util Change" value="22.000000"/>
  <attribute name="GC Util currently" value="22" />
  <attribute name="CPU Util currently" value="116944271632" />
<allocation-satisfied id="1648" threadId="00000000015BE700" bytesRequested="72" />
<af-end id="1649" timestamp="2019-06-14T20:52:24.362" threadId="00000000015BF088" success="true" from="nursery"/>
<exclusive-end id="1650" timestamp="2019-06-14T20:52:24.362" durationms="4.654" />

<exclusive-start id="1651" timestamp="2019-06-14T20:52:24.454" intervalms="96.632">
  <response-info timems="0.070" idlems="0.070" threads="0" lastid="00000000015BE700" lastname="main" />
</exclusive-start>
<af-start id="1652" threadId="00000000015BF088" totalBytesRequested="32" timestamp="2019-06-14T20:52:24.455" intervalms="96.653" type="nursery" />
<cycle-start id="1653" type="scavenge" contextid="0" timestamp="2019-06-14T20:52:24.455" intervalms="96.662" />
<gc-start id="1654" type="scavenge" contextid="1653" timestamp="2019-06-14T20:52:24.455">
  <mem-info id="1655" free="1961648728" total="2005139456" percent="97">
    <mem type="nursery" free="0" total="21102592" percent="0">
      <mem type="allocate" free="0" total="18939904" percent="0" />
      <mem type="survivor" free="0" total="2162688" percent="0" />
    </mem>
    <mem type="tenure" free="1961648728" total="1984036864" percent="98">
      <mem type="soa" free="1862470232" total="1884835840" percent="98" />
      <mem type="loa" free="99178496" total="99201024" percent="99" />
    </mem>
    <remembered-set count="1293" />
  </mem-info>
</gc-start>
<allocation-stats totalBytes="17882640" >
  <allocated-bytes non-tlh="1875128" tlh="16007512" />
  <largest-consumer threadName="main" threadId="00000000015BE700" bytes="17882640" />
</allocation-stats>
<gc-op id="1656" type="scavenge" timems="3.367" contextid="1653" timestamp="2019-06-14T20:52:24.458">
  <scavenger-info tenureage="1" tenuremask="4002" tiltratio="89" />
  <memory-copied type="nursery" objects="37594" bytes="2130984" bytesdiscarded="31680" />
  <memory-copied type="tenure" objects="35269" bytes="889264" bytesdiscarded="216" />
  <copy-failed type="nursery" objects="144" bytes="2352" />
  <finalization candidates="1" enqueued="1" />
  <references type="weak" candidates="6" cleared="0" enqueued="0" />
</gc-op>
<gc-end id="1657" type="scavenge" contextid="1653" durationms="3.832" usertimems="4.000" systemtimems="4.000" timestamp="2019-06-14T20:52:24.459" activeThreads="4">
  <mem-info id="1658" free="1975909464" total="2005139456" percent="98">
    <mem type="nursery" free="15269888" total="21102592" percent="72">
      <mem type="allocate" free="15269888" total="17432576" percent="87" />
      <mem type="survivor" free="0" total="3670016" percent="0" />
    </mem>
    <mem type="tenure" free="1960639576" total="1984036864" percent="98">
      <mem type="soa" free="1861461080" total="1884835840" percent="98" />
      <mem type="loa" free="99178496" total="99201024" percent="99" />
    </mem>
    <pending-finalizers system="0" default="1" reference="0" classloader="0" />
    <remembered-set count="345" />
  </mem-info>
</gc-end>
<cycle-end id="1659" type="scavenge" contextid="1653" timestamp="2019-06-14T20:52:24.459" />
  <attribute name="elasticGC enabled" value="1" />
  <attribute name= "numThreadsSpecified" value="4" />
  <attribute name="heapSize specified" value="2092630016" />
  <attribute name="Current GC Util" value="8" />
  <attribute name= "Current Time Running" value="8773" />
  <attribute name ="GC Interval" value="200" />
  <attribute name="ProportionalT" value="-6.000000" />
  <attribute name="ProportionalI" value="-6.000000" />
  <attribute name="ProportionalH" value="-6.000000" />
  <attribute name="Current Error" value="-12.000000" />
  <attribute name="IntegralT" value="-1152.000000" />
  <attribute name="IntegralI" value="-1152.000000" />
  <attribute name="IntegralH" value="-1152.000000" />
  <attribute name="DerivativeT" value="-0.072917" />
  <attribute name="DerivativeI" value="-0.072917" />
  <attribute name="DerivativeH" value="-0.072917" />
  <attribute name="Loop Time for DT" value="96.000000" />
  <attribute name="Output H" value="2092630016"/>
  <attribute name="Output I" value="200"/>
  <attribute name="Output T" value="4"/>
  <attribute name="Target GC Util Change" value ="20.000000" />
  <attribute name="Current GC Util Change" value="8.000000"/>
  <attribute name="GC Util currently" value="8" />
  <attribute name="CPU Util currently" value="47712424169" />
<allocation-satisfied id="1660" threadId="00000000015BE700" bytesRequested="32" />
<af-end id="1661" timestamp="2019-06-14T20:52:24.459" threadId="00000000015BF088" success="true" from="nursery"/>
<exclusive-end id="1662" timestamp="2019-06-14T20:52:24.459" durationms="4.763" />

<exclusive-start id="1663" timestamp="2019-06-14T20:52:24.491" intervalms="36.463">
  <response-info timems="0.074" idlems="0.074" threads="0" lastid="00000000015BE700" lastname="main" />
</exclusive-start>
<af-start id="1664" threadId="00000000015BF088" totalBytesRequested="32" timestamp="2019-06-14T20:52:24.491" intervalms="36.480" type="nursery" />
<cycle-start id="1665" type="scavenge" contextid="0" timestamp="2019-06-14T20:52:24.491" intervalms="36.530" />
<gc-start id="1666" type="scavenge" contextid="1665" timestamp="2019-06-14T20:52:24.491">
  <mem-info id="1667" free="1960639576" total="2005139456" percent="97">
    <mem type="nursery" free="0" total="21102592" percent="0">
      <mem type="allocate" free="0" total="17432576" percent="0" />
      <mem type="survivor" free="0" total="3670016" percent="0" />
    </mem>
    <mem type="tenure" free="1960639576" total="1984036864" percent="98">
      <mem type="soa" free="1861461080" total="1884835840" percent="98" />
      <mem type="loa" free="99178496" total="99201024" percent="99" />
    </mem>
    <remembered-set count="346" />
  </mem-info>
</gc-start>
<allocation-stats totalBytes="15268232" >
  <allocated-bytes non-tlh="131112" tlh="15137120" />
  <largest-consumer threadName="main" threadId="00000000015BE700" bytes="15268232" />
</allocation-stats>
<gc-op id="1668" type="scavenge" timems="2.665" contextid="1665" timestamp="2019-06-14T20:52:24.494">
  <scavenger-info tenureage="1" tenuremask="4002" tiltratio="82" />
  <memory-copied type="nursery" objects="37764" bytes="977152" bytesdiscarded="93192" />
  <memory-copied type="tenure" objects="37519" bytes="2053792" bytesdiscarded="40" />
</gc-op>
<heap-resize id="1669" type="expand" space="nursery" amount="1048576" count="1" timems="0.012" reason="excessive time being spent scavenging" timestamp="2019-06-14T20:52:24.495" />
<gc-end id="1670" type="scavenge" contextid="1665" durationms="3.418" usertimems="8.000" systemtimems="0.000" timestamp="2019-06-14T20:52:24.495" activeThreads="4">
  <mem-info id="1671" free="1975973392" total="2006188032" percent="98">
    <mem type="nursery" free="17476344" total="22151168" percent="78">
      <mem type="allocate" free="17476344" total="18546688" percent="94" />
      <mem type="survivor" free="0" total="3604480" percent="0" />
    </mem>
    <mem type="tenure" free="1958497048" total="1984036864" percent="98">
      <mem type="soa" free="1859318552" total="1884835840" percent="98" />
      <mem type="loa" free="99178496" total="99201024" percent="99" />
    </mem>
    <remembered-set count="1608" />
  </mem-info>
</gc-end>
<cycle-end id="1672" type="scavenge" contextid="1665" timestamp="2019-06-14T20:52:24.495" />
  <attribute name="elasticGC enabled" value="1" />
  <attribute name= "numThreadsSpecified" value="4" />
  <attribute name="heapSize specified" value="2092630016" />
  <attribute name="Current GC Util" value="22" />
  <attribute name= "Current Time Running" value="8810" />
  <attribute name ="GC Interval" value="200" />
  <attribute name="ProportionalT" value="1.000000" />
  <attribute name="ProportionalI" value="1.000000" />
  <attribute name="ProportionalH" value="1.000000" />
  <attribute name="Current Error" value="2.000000" />
  <attribute name="IntegralT" value="74.000000" />
  <attribute name="IntegralI" value="74.000000" />
  <attribute name="IntegralH" value="74.000000" />
  <attribute name="DerivativeT" value="0.027027" />
  <attribute name="DerivativeI" value="0.027027" />
  <attribute name="DerivativeH" value="0.027027" />
  <attribute name="Loop Time for DT" value="37.000000" />
  <attribute name="Output H" value="8388608"/>
  <attribute name="Output I" value="200"/>
  <attribute name="Output T" value="4"/>
  <attribute name="Target GC Util Change" value ="20.000000" />
  <attribute name="Current GC Util Change" value="22.000000"/>
  <attribute name="GC Util currently" value="22" />
  <attribute name="CPU Util currently" value="125675870811" />
<allocation-satisfied id="1673" threadId="00000000015BE700" bytesRequested="32" />
<af-end id="1674" timestamp="2019-06-14T20:52:24.495" threadId="00000000015BF088" success="true" from="nursery"/>
<exclusive-end id="1675" timestamp="2019-06-14T20:52:24.495" durationms="4.546" />

<exclusive-start id="1676" timestamp="2019-06-14T20:52:24.636" intervalms="144.650">
  <response-info timems="0.032" idlems="0.032" threads="0" lastid="00000000015BE700" lastname="main" />
</exclusive-start>
<af-start id="1677" threadId="00000000015BF088" totalBytesRequested="16" timestamp="2019-06-14T20:52:24.636" intervalms="144.657" type="nursery" />
<cycle-start id="1678" type="scavenge" contextid="0" timestamp="2019-06-14T20:52:24.636" intervalms="144.656" />
<gc-start id="1679" type="scavenge" contextid="1678" timestamp="2019-06-14T20:52:24.636">
  <mem-info id="1680" free="1958478512" total="2006188032" percent="97">
    <mem type="nursery" free="0" total="22151168" percent="0">
      <mem type="allocate" free="0" total="18546688" percent="0" />
      <mem type="survivor" free="0" total="3604480" percent="0" />
    </mem>
    <mem type="tenure" free="1958478512" total="1984036864" percent="98">
      <mem type="soa" free="1859300016" total="1884835840" percent="98" />
      <mem type="loa" free="99178496" total="99201024" percent="99" />
    </mem>
    <remembered-set count="2316" />
  </mem-info>
</gc-start>
<allocation-stats totalBytes="17493424" >
  <allocated-bytes non-tlh="18568" tlh="17474856" />
  <largest-consumer threadName="main" threadId="00000000015BE700" bytes="17493424" />
</allocation-stats>
<gc-op id="1681" type="scavenge" timems="2.747" contextid="1678" timestamp="2019-06-14T20:52:24.639">
  <scavenger-info tenureage="14" tenuremask="4000" tiltratio="83" />
  <memory-copied type="nursery" objects="58373" bytes="1501112" bytesdiscarded="84800" />
  <references type="soft" candidates="2139" cleared="0" enqueued="0" dynamicThreshold="31" maxThreshold="32" />
  <references type="weak" candidates="74" cleared="6" enqueued="4" />
</gc-op>
<gc-end id="1682" type="scavenge" contextid="1678" durationms="3.326" usertimems="4.000" systemtimems="0.000" timestamp="2019-06-14T20:52:24.639" activeThreads="4">
  <mem-info id="1683" free="1975898016" total="2006188032" percent="98">
    <mem type="nursery" free="17419504" total="22151168" percent="78">
      <mem type="allocate" free="17419504" total="19005440" percent="91" />
      <mem type="survivor" free="0" total="3145728" percent="0" />
    </mem>
    <mem type="tenure" free="1958478512" total="1984036864" percent="98">
      <mem type="soa" free="1859300016" total="1884835840" percent="98" />
      <mem type="loa" free="99178496" total="99201024" percent="99" />
    </mem>
    <pending-finalizers system="0" default="0" reference="4" classloader="0" />
    <remembered-set count="2315" />
  </mem-info>
</gc-end>
<cycle-end id="1684" type="scavenge" contextid="1678" timestamp="2019-06-14T20:52:24.640" />
  <attribute name="elasticGC enabled" value="1" />
  <attribute name= "numThreadsSpecified" value="4" />
  <attribute name="heapSize specified" value="2092630016" />
  <attribute name="Current GC Util" value="4" />
  <attribute name= "Current Time Running" value="8955" />
  <attribute name ="GC Interval" value="200" />
  <attribute name="ProportionalT" value="-8.000000" />
  <attribute name="ProportionalI" value="-8.000000" />
  <attribute name="ProportionalH" value="-8.000000" />
  <attribute name="Current Error" value="-16.000000" />
  <attribute name="IntegralT" value="-2320.000000" />
  <attribute name="IntegralI" value="-2320.000000" />
  <attribute name="IntegralH" value="-2320.000000" />
  <attribute name="DerivativeT" value="-0.062069" />
  <attribute name="DerivativeI" value="-0.062069" />
  <attribute name="DerivativeH" value="-0.062069" />
  <attribute name="Loop Time for DT" value="145.000000" />
  <attribute name="Output H" value="2092630016"/>
  <attribute name="Output I" value="200"/>
  <attribute name="Output T" value="4"/>
  <attribute name="Target GC Util Change" value ="20.000000" />
  <attribute name="Current GC Util Change" value="4.000000"/>
  <attribute name="GC Util currently" value="4" />
  <attribute name="CPU Util currently" value="31886593685" />
<allocation-satisfied id="1685" threadId="00000000015BE700" bytesRequested="16" />
<af-end id="1686" timestamp="2019-06-14T20:52:24.640" threadId="00000000015BF088" success="true" from="nursery"/>
<exclusive-end id="1687" timestamp="2019-06-14T20:52:24.640" durationms="4.477" />

<exclusive-start id="1688" timestamp="2019-06-14T20:52:24.749" intervalms="113.664">
  <response-info timems="0.063" idlems="0.063" threads="0" lastid="00000000015BE700" lastname="main" />
</exclusive-start>
<af-start id="1689" threadId="00000000015BF088" totalBytesRequested="32" timestamp="2019-06-14T20:52:24.749" intervalms="113.658" type="nursery" />
<cycle-start id="1690" type="scavenge" contextid="0" timestamp="2019-06-14T20:52:24.750" intervalms="113.661" />
<gc-start id="1691" type="scavenge" contextid="1690" timestamp="2019-06-14T20:52:24.750">
  <mem-info id="1692" free="1958478512" total="2006188032" percent="97">
    <mem type="nursery" free="0" total="22151168" percent="0">
      <mem type="allocate" free="0" total="19005440" percent="0" />
      <mem type="survivor" free="0" total="3145728" percent="0" />
    </mem>
    <mem type="tenure" free="1958478512" total="1984036864" percent="98">
      <mem type="soa" free="1859300016" total="1884835840" percent="98" />
      <mem type="loa" free="99178496" total="99201024" percent="99" />
    </mem>
    <remembered-set count="2316" />
  </mem-info>
</gc-start>
<allocation-stats totalBytes="17418576" >
  <allocated-bytes non-tlh="16" tlh="17418560" />
  <largest-consumer threadName="main" threadId="00000000015BE700" bytes="17414480" />
</allocation-stats>
<gc-op id="1693" type="scavenge" timems="2.640" contextid="1690" timestamp="2019-06-14T20:52:24.753">
  <scavenger-info tenureage="2" tenuremask="4004" tiltratio="85" />
  <memory-copied type="nursery" objects="20647" bytes="525544" bytesdiscarded="156176" />
  <memory-copied type="tenure" objects="37732" bytes="976256" bytesdiscarded="64" />
  <references type="soft" candidates="2139" cleared="0" enqueued="0" dynamicThreshold="31" maxThreshold="32" />
  <references type="weak" candidates="70" cleared="0" enqueued="0" />
</gc-op>
<gc-end id="1694" type="scavenge" contextid="1690" durationms="3.238" usertimems="8.000" systemtimems="0.000" timestamp="2019-06-14T20:52:24.753" activeThreads="4">
  <mem-info id="1695" free="1976321176" total="2006188032" percent="98">
    <mem type="nursery" free="18585840" total="22151168" percent="83">
      <mem type="allocate" free="18585840" total="19267584" percent="96" />
      <mem type="survivor" free="0" total="2883584" percent="0" />
    </mem>
    <mem type="tenure" free="1957735336" total="1984036864" percent="98">
      <mem type="soa" free="1858556840" total="1884835840" percent="98" />
      <mem type="loa" free="99178496" total="99201024" percent="99" />
    </mem>
    <remembered-set count="1256" />
  </mem-info>
</gc-end>
<cycle-end id="1696" type="scavenge" contextid="1690" timestamp="2019-06-14T20:52:24.753" />
  <attribute name="elasticGC enabled" value="1" />
  <attribute name= "numThreadsSpecified" value="4" />
  <attribute name="heapSize specified" value="2092630016" />
  <attribute name="Current GC Util" value="5" />
  <attribute name= "Current Time Running" value="9068" />
  <attribute name ="GC Interval" value="200" />
  <attribute name="ProportionalT" value="-7.500000" />
  <attribute name="ProportionalI" value="-7.500000" />
  <attribute name="ProportionalH" value="-7.500000" />
  <attribute name="Current Error" value="-15.000000" />
  <attribute name="IntegralT" value="-1695.000000" />
  <attribute name="IntegralI" value="-1695.000000" />
  <attribute name="IntegralH" value="-1695.000000" />
  <attribute name="DerivativeT" value="-0.066372" />
  <attribute name="DerivativeI" value="-0.066372" />
  <attribute name="DerivativeH" value="-0.066372" />
  <attribute name="Loop Time for DT" value="113.000000" />
  <attribute name="Output H" value="2092630016"/>
  <attribute name="Output I" value="200"/>
  <attribute name="Output T" value="4"/>
  <attribute name="Target GC Util Change" value ="20.000000" />
  <attribute name="Current GC Util Change" value="5.000000"/>
  <attribute name="GC Util currently" value="5" />
  <attribute name="CPU Util currently" value="40576963921" />
<allocation-satisfied id="1697" threadId="00000000015BE700" bytesRequested="32" />
<af-end id="1698" timestamp="2019-06-14T20:52:24.754" threadId="00000000015BF088" success="true" from="nursery"/>
<exclusive-end id="1699" timestamp="2019-06-14T20:52:24.754" durationms="4.428" />

<exclusive-start id="1700" timestamp="2019-06-14T20:52:24.836" intervalms="86.719">
  <response-info timems="0.097" idlems="0.097" threads="0" lastid="00000000015BE700" lastname="main" />
</exclusive-start>
<af-start id="1701" threadId="00000000015BF088" totalBytesRequested="32" timestamp="2019-06-14T20:52:24.836" intervalms="86.712" type="nursery" />
<cycle-start id="1702" type="scavenge" contextid="0" timestamp="2019-06-14T20:52:24.836" intervalms="86.697" />
<gc-start id="1703" type="scavenge" contextid="1702" timestamp="2019-06-14T20:52:24.836">
  <mem-info id="1704" free="1957735336" total="2006188032" percent="97">
    <mem type="nursery" free="0" total="22151168" percent="0">
      <mem type="allocate" free="0" total="19267584" percent="0" />
      <mem type="survivor" free="0" total="2883584" percent="0" />
    </mem>
    <mem type="tenure" free="1957735336" total="1984036864" percent="98">
      <mem type="soa" free="1858556840" total="1884835840" percent="98" />
      <mem type="loa" free="99178496" total="99201024" percent="99" />
    </mem>
    <remembered-set count="1256" />
  </mem-info>
</gc-start>
<allocation-stats totalBytes="18583040" >
  <allocated-bytes non-tlh="32" tlh="18583008" />
  <largest-consumer threadName="main" threadId="00000000015BE700" bytes="18583040" />
</allocation-stats>
<gc-op id="1705" type="scavenge" timems="1.895" contextid="1702" timestamp="2019-06-14T20:52:24.838">
  <scavenger-info tenureage="2" tenuremask="4004" tiltratio="86" />
  <memory-copied type="nursery" objects="27" bytes="1336" bytesdiscarded="77000" />
  <memory-copied type="tenure" objects="20620" bytes="524208" bytesdiscarded="88" />
  <references type="weak" candidates="2" cleared="0" enqueued="0" />
</gc-op>
<gc-end id="1706" type="scavenge" contextid="1702" durationms="2.293" usertimems="8.000" systemtimems="0.000" timestamp="2019-06-14T20:52:24.839" activeThreads="4">
  <mem-info id="1707" free="1976836000" total="2006188032" percent="98">
    <mem type="nursery" free="19648000" total="22151168" percent="88">
      <mem type="allocate" free="19648000" total="19726336" percent="99" />
      <mem type="survivor" free="0" total="2424832" percent="0" />
    </mem>
    <mem type="tenure" free="1957188000" total="1984036864" percent="98">
      <mem type="soa" free="1858009504" total="1884835840" percent="98" />
      <mem type="loa" free="99178496" total="99201024" percent="99" />
    </mem>
    <remembered-set count="88" />
  </mem-info>
</gc-end>
<cycle-end id="1708" type="scavenge" contextid="1702" timestamp="2019-06-14T20:52:24.839" />
  <attribute name="elasticGC enabled" value="1" />
  <attribute name= "numThreadsSpecified" value="4" />
  <attribute name="heapSize specified" value="2092630016" />
  <attribute name="Current GC Util" value="7" />
  <attribute name= "Current Time Running" value="9155" />
  <attribute name ="GC Interval" value="200" />
  <attribute name="ProportionalT" value="-6.500000" />
  <attribute name="ProportionalI" value="-6.500000" />
  <attribute name="ProportionalH" value="-6.500000" />
  <attribute name="Current Error" value="-13.000000" />
  <attribute name="IntegralT" value="-1131.000000" />
  <attribute name="IntegralI" value="-1131.000000" />
  <attribute name="IntegralH" value="-1131.000000" />
  <attribute name="DerivativeT" value="-0.074713" />
  <attribute name="DerivativeI" value="-0.074713" />
  <attribute name="DerivativeH" value="-0.074713" />
  <attribute name="Loop Time for DT" value="87.000000" />
  <attribute name="Output H" value="2092630016"/>
  <attribute name="Output I" value="200"/>
  <attribute name="Output T" value="4"/>
  <attribute name="Target GC Util Change" value ="20.000000" />
  <attribute name="Current GC Util Change" value="7.000000"/>
  <attribute name="GC Util currently" value="7" />
  <attribute name="CPU Util currently" value="53279333585" />
<allocation-satisfied id="1709" threadId="00000000015BE700" bytesRequested="32" />
<af-end id="1710" timestamp="2019-06-14T20:52:24.839" threadId="00000000015BF088" success="true" from="nursery"/>
<exclusive-end id="1711" timestamp="2019-06-14T20:52:24.839" durationms="3.201" />

<exclusive-start id="1712" timestamp="2019-06-14T20:52:25.984" intervalms="1147.977">
  <response-info timems="0.070" idlems="0.070" threads="0" lastid="00000000015BE700" lastname="main" />
</exclusive-start>
<af-start id="1713" threadId="00000000015BF088" totalBytesRequested="1168" timestamp="2019-06-14T20:52:25.984" intervalms="1148.109" type="nursery" />
<cycle-start id="1714" type="scavenge" contextid="0" timestamp="2019-06-14T20:52:25.984" intervalms="1148.187" />
<gc-start id="1715" type="scavenge" contextid="1714" timestamp="2019-06-14T20:52:25.985">
  <mem-info id="1716" free="1957187936" total="2006188032" percent="97">
    <mem type="nursery" free="0" total="22151168" percent="0">
      <mem type="allocate" free="0" total="19726336" percent="0" />
      <mem type="survivor" free="0" total="2424832" percent="0" />
    </mem>
    <mem type="tenure" free="1957187936" total="1984036864" percent="98">
      <mem type="soa" free="1858009440" total="1884835840" percent="98" />
      <mem type="loa" free="99178496" total="99201024" percent="99" />
    </mem>
    <remembered-set count="106" />
  </mem-info>
</gc-start>
<allocation-stats totalBytes="19607656" >
  <allocated-bytes non-tlh="96" tlh="19607560" />
  <largest-consumer threadName="main" threadId="00000000015BE700" bytes="19607656" />
</allocation-stats>
<gc-op id="1717" type="scavenge" timems="0.736" contextid="1714" timestamp="2019-06-14T20:52:25.986">
  <scavenger-info tenureage="14" tenuremask="4000" tiltratio="89" />
  <memory-copied type="nursery" objects="91" bytes="3920" bytesdiscarded="105136" />
  <references type="weak" candidates="4" cleared="0" enqueued="0" />
</gc-op>
<gc-end id="1718" type="scavenge" contextid="1714" durationms="1.425" usertimems="4.000" systemtimems="0.000" timestamp="2019-06-14T20:52:25.986" activeThreads="4">
  <mem-info id="1719" free="1977001824" total="2006188032" percent="98">
    <mem type="nursery" free="19813888" total="22151168" percent="89">
      <mem type="allocate" free="19813888" total="19922944" percent="99" />
      <mem type="survivor" free="0" total="2228224" percent="0" />
    </mem>
    <mem type="tenure" free="1957187936" total="1984036864" percent="98">
      <mem type="soa" free="1858009440" total="1884835840" percent="98" />
      <mem type="loa" free="99178496" total="99201024" percent="99" />
    </mem>
    <remembered-set count="106" />
  </mem-info>
</gc-end>
<cycle-end id="1720" type="scavenge" contextid="1714" timestamp="2019-06-14T20:52:25.986" />
  <attribute name="elasticGC enabled" value="1" />
  <attribute name= "numThreadsSpecified" value="4" />
  <attribute name="heapSize specified" value="2092630016" />
  <attribute name="Current GC Util" value="0" />
  <attribute name= "Current Time Running" value="10303" />
  <attribute name ="GC Interval" value="200" />
  <attribute name="ProportionalT" value="-10.000000" />
  <attribute name="ProportionalI" value="-10.000000" />
  <attribute name="ProportionalH" value="-10.000000" />
  <attribute name="Current Error" value="-20.000000" />
  <attribute name="IntegralT" value="-22960.000000" />
  <attribute name="IntegralI" value="-22960.000000" />
  <attribute name="IntegralH" value="-22960.000000" />
  <attribute name="DerivativeT" value="-0.008711" />
  <attribute name="DerivativeI" value="-0.008711" />
  <attribute name="DerivativeH" value="-0.008711" />
  <attribute name="Loop Time for DT" value="1148.000000" />
  <attribute name="Output H" value="2092630016"/>
  <attribute name="Output I" value="200"/>
  <attribute name="Output T" value="4"/>
  <attribute name="Target GC Util Change" value ="20.000000" />
  <attribute name="Current GC Util Change" value="0.000000"/>
  <attribute name="GC Util currently" value="0" />
  <attribute name="CPU Util currently" value="31" />
<allocation-satisfied id="1721" threadId="00000000015BE700" bytesRequested="1168" />
<af-end id="1722" timestamp="2019-06-14T20:52:25.987" threadId="00000000015BF088" success="true" from="nursery"/>
<exclusive-end id="1723" timestamp="2019-06-14T20:52:25.987" durationms="2.758" />

<exclusive-start id="1724" timestamp="2019-06-14T20:52:25.992" intervalms="7.620">
  <response-info timems="0.087" idlems="0.087" threads="0" lastid="00000000015BE700" lastname="main" />
</exclusive-start>
<af-start id="1725" threadId="00000000015BF088" totalBytesRequested="1168" timestamp="2019-06-14T20:52:25.992" intervalms="7.511" type="nursery" />
<cycle-start id="1726" type="scavenge" contextid="0" timestamp="2019-06-14T20:52:25.992" intervalms="7.460" />
<gc-start id="1727" type="scavenge" contextid="1726" timestamp="2019-06-14T20:52:25.992">
  <mem-info id="1728" free="1957187936" total="2006188032" percent="97">
    <mem type="nursery" free="0" total="22151168" percent="0">
      <mem type="allocate" free="0" total="19922944" percent="0" />
      <mem type="survivor" free="0" total="2228224" percent="0" />
    </mem>
    <mem type="tenure" free="1957187936" total="1984036864" percent="98">
      <mem type="soa" free="1858009440" total="1884835840" percent="98" />
      <mem type="loa" free="99178496" total="99201024" percent="99" />
    </mem>
    <remembered-set count="106" />
  </mem-info>
</gc-start>
<allocation-stats totalBytes="19737872" >
  <allocated-bytes non-tlh="1168" tlh="19736704" />
  <largest-consumer threadName="main" threadId="00000000015BE700" bytes="19737872" />
</allocation-stats>
<gc-op id="1729" type="scavenge" timems="0.713" contextid="1726" timestamp="2019-06-14T20:52:25.993">
  <scavenger-info tenureage="14" tenuremask="4000" tiltratio="89" />
  <memory-copied type="nursery" objects="91" bytes="3920" bytesdiscarded="105136" />
  <references type="weak" candidates="4" cleared="0" enqueued="0" />
</gc-op>
<heap-resize id="1730" type="expand" space="nursery" amount="1572864" count="1" timems="0.016" reason="excessive time being spent scavenging" timestamp="2019-06-14T20:52:25.993" />
<gc-end id="1731" type="scavenge" contextid="1726" durationms="1.525" usertimems="4.000" systemtimems="0.000" timestamp="2019-06-14T20:52:25.994" activeThreads="4">
  <mem-info id="1732" free="1978378080" total="2007760896" percent="98">
    <mem type="nursery" free="21190144" total="23724032" percent="89">
      <mem type="allocate" free="21190144" total="21299200" percent="99" />
      <mem type="survivor" free="0" total="2424832" percent="0" />
    </mem>
    <mem type="tenure" free="1957187936" total="1984036864" percent="98">
      <mem type="soa" free="1858009440" total="1884835840" percent="98" />
      <mem type="loa" free="99178496" total="99201024" percent="99" />
    </mem>
    <remembered-set count="106" />
  </mem-info>
</gc-end>
<cycle-end id="1733" type="scavenge" contextid="1726" timestamp="2019-06-14T20:52:25.994" />
  <attribute name="elasticGC enabled" value="1" />
  <attribute name= "numThreadsSpecified" value="4" />
  <attribute name="heapSize specified" value="2092630016" />
  <attribute name="Current GC Util" value="23" />
  <attribute name= "Current Time Running" value="10311" />
  <attribute name ="GC Interval" value="200" />
  <attribute name="ProportionalT" value="1.500000" />
  <attribute name="ProportionalI" value="1.500000" />
  <attribute name="ProportionalH" value="1.500000" />
  <attribute name="Current Error" value="3.000000" />
  <attribute name="IntegralT" value="24.000000" />
  <attribute name="IntegralI" value="24.000000" />
  <attribute name="IntegralH" value="24.000000" />
  <attribute name="DerivativeT" value="0.187500" />
  <attribute name="DerivativeI" value="0.187500" />
  <attribute name="DerivativeH" value="0.187500" />
  <attribute name="Loop Time for DT" value="8.000000" />
  <attribute name="Output H" value="8388608"/>
  <attribute name="Output I" value="200"/>
  <attribute name="Output T" value="4"/>
  <attribute name="Target GC Util Change" value ="20.000000" />
  <attribute name="Current GC Util Change" value="23.000000"/>
  <attribute name="GC Util currently" value="23" />
  <attribute name="CPU Util currently" value="628995131766" />
<allocation-satisfied id="1734" threadId="00000000015BE700" bytesRequested="1168" />
<af-end id="1735" timestamp="2019-06-14T20:52:25.994" threadId="00000000015BF088" success="true" from="nursery"/>
<exclusive-end id="1736" timestamp="2019-06-14T20:52:25.994" durationms="2.712" />

<exclusive-start id="1737" timestamp="2019-06-14T20:52:26.000" intervalms="8.865">
  <response-info timems="0.031" idlems="0.031" threads="0" lastid="00000000015BE700" lastname="main" />
</exclusive-start>
<af-start id="1738" threadId="00000000015BF088" totalBytesRequested="1168" timestamp="2019-06-14T20:52:26.001" intervalms="8.839" type="nursery" />
<cycle-start id="1739" type="scavenge" contextid="0" timestamp="2019-06-14T20:52:26.001" intervalms="8.809" />
<gc-start id="1740" type="scavenge" contextid="1739" timestamp="2019-06-14T20:52:26.001">
  <mem-info id="1741" free="1957187936" total="2007760896" percent="97">
    <mem type="nursery" free="0" total="23724032" percent="0">
      <mem type="allocate" free="0" total="21299200" percent="0" />
      <mem type="survivor" free="0" total="2424832" percent="0" />
    </mem>
    <mem type="tenure" free="1957187936" total="1984036864" percent="98">
      <mem type="soa" free="1858009440" total="1884835840" percent="98" />
      <mem type="loa" free="99178496" total="99201024" percent="99" />
    </mem>
    <remembered-set count="106" />
  </mem-info>
</gc-start>
<allocation-stats totalBytes="21107856" >
  <allocated-bytes non-tlh="1168" tlh="21106688" />
  <largest-consumer threadName="main" threadId="00000000015BE700" bytes="21107856" />
</allocation-stats>
<gc-op id="1742" type="scavenge" timems="0.868" contextid="1739" timestamp="2019-06-14T20:52:26.002">
  <scavenger-info tenureage="14" tenuremask="4000" tiltratio="89" />
  <memory-copied type="nursery" objects="91" bytes="3920" bytesdiscarded="74416" />
  <references type="weak" candidates="4" cleared="0" enqueued="0" />
</gc-op>
<heap-resize id="1743" type="expand" space="nursery" amount="1310720" count="1" timems="0.011" reason="excessive time being spent scavenging" timestamp="2019-06-14T20:52:26.002" />
<gc-end id="1744" type="scavenge" contextid="1739" durationms="1.508" usertimems="4.000" systemtimems="0.000" timestamp="2019-06-14T20:52:26.002" activeThreads="4">
  <mem-info id="1745" free="1979588448" total="2009071616" percent="98">
    <mem type="nursery" free="22400512" total="25034752" percent="89">
      <mem type="allocate" free="22400512" total="22478848" percent="99" />
      <mem type="survivor" free="0" total="2555904" percent="0" />
    </mem>
    <mem type="tenure" free="1957187936" total="1984036864" percent="98">
      <mem type="soa" free="1858009440" total="1884835840" percent="98" />
      <mem type="loa" free="99178496" total="99201024" percent="99" />
    </mem>
    <remembered-set count="105" />
  </mem-info>
</gc-end>
<cycle-end id="1746" type="scavenge" contextid="1739" timestamp="2019-06-14T20:52:26.002" />
  <attribute name="elasticGC enabled" value="1" />
  <attribute name= "numThreadsSpecified" value="4" />
  <attribute name="heapSize specified" value="2092630016" />
  <attribute name="Current GC Util" value="19" />
  <attribute name= "Current Time Running" value="10319" />
  <attribute name ="GC Interval" value="200" />
  <attribute name="ProportionalT" value="-0.500000" />
  <attribute name="ProportionalI" value="-0.500000" />
  <attribute name="ProportionalH" value="-0.500000" />
  <attribute name="Current Error" value="-1.000000" />
  <attribute name="IntegralT" value="-8.000000" />
  <attribute name="IntegralI" value="-8.000000" />
  <attribute name="IntegralH" value="-8.000000" />
  <attribute name="DerivativeT" value="-0.250000" />
  <attribute name="DerivativeI" value="-0.250000" />
  <attribute name="DerivativeH" value="-0.250000" />
  <attribute name="Loop Time for DT" value="8.000000" />
  <attribute name="Output H" value="2092630016"/>
  <attribute name="Output I" value="200"/>
  <attribute name="Output T" value="4"/>
  <attribute name="Target GC Util Change" value ="20.000000" />
  <attribute name="Current GC Util Change" value="19.000000"/>
  <attribute name="GC Util currently" value="19" />
  <attribute name="CPU Util currently" value="526566050504" />
<allocation-satisfied id="1747" threadId="00000000015BE700" bytesRequested="1168" />
<af-end id="1748" timestamp="2019-06-14T20:52:26.003" threadId="00000000015BF088" success="true" from="nursery"/>
<exclusive-end id="1749" timestamp="2019-06-14T20:52:26.003" durationms="2.527" />

<exclusive-start id="1750" timestamp="2019-06-14T20:52:26.008" intervalms="7.593">
  <response-info timems="0.048" idlems="0.048" threads="0" lastid="00000000015BE700" lastname="main" />
</exclusive-start>
<af-start id="1751" threadId="00000000015BF088" totalBytesRequested="1168" timestamp="2019-06-14T20:52:26.008" intervalms="7.514" type="nursery" />
<cycle-start id="1752" type="scavenge" contextid="0" timestamp="2019-06-14T20:52:26.008" intervalms="7.473" />
<gc-start id="1753" type="scavenge" contextid="1752" timestamp="2019-06-14T20:52:26.008">
  <mem-info id="1754" free="1957187936" total="2009071616" percent="97">
    <mem type="nursery" free="0" total="25034752" percent="0">
      <mem type="allocate" free="0" total="22478848" percent="0" />
      <mem type="survivor" free="0" total="2555904" percent="0" />
    </mem>
    <mem type="tenure" free="1957187936" total="1984036864" percent="98">
      <mem type="soa" free="1858009440" total="1884835840" percent="98" />
      <mem type="loa" free="99178496" total="99201024" percent="99" />
    </mem>
    <remembered-set count="105" />
  </mem-info>
</gc-start>
<allocation-stats totalBytes="22322248" >
  <allocated-bytes non-tlh="1168" tlh="22321080" />
  <largest-consumer threadName="main" threadId="00000000015BE700" bytes="22322248" />
</allocation-stats>
<gc-op id="1755" type="scavenge" timems="0.824" contextid="1752" timestamp="2019-06-14T20:52:26.009">
  <scavenger-info tenureage="14" tenuremask="4000" tiltratio="89" />
  <memory-copied type="nursery" objects="92" bytes="3944" bytesdiscarded="144280" />
  <references type="weak" candidates="4" cleared="0" enqueued="0" />
</gc-op>
<heap-resize id="1756" type="expand" space="nursery" amount="1703936" count="1" timems="0.013" reason="excessive time being spent scavenging" timestamp="2019-06-14T20:52:26.009" />
<gc-end id="1757" type="scavenge" contextid="1752" durationms="1.293" usertimems="0.000" systemtimems="0.000" timestamp="2019-06-14T20:52:26.010" activeThreads="4">
  <mem-info id="1758" free="1981025888" total="2010775552" percent="98">
    <mem type="nursery" free="23837952" total="26738688" percent="89">
      <mem type="allocate" free="23837952" total="23986176" percent="99" />
      <mem type="survivor" free="0" total="2752512" percent="0" />
    </mem>
    <mem type="tenure" free="1957187936" total="1984036864" percent="98">
      <mem type="soa" free="1858009440" total="1884835840" percent="98" />
      <mem type="loa" free="99178496" total="99201024" percent="99" />
    </mem>
    <remembered-set count="105" />
  </mem-info>
</gc-end>
<cycle-end id="1759" type="scavenge" contextid="1752" timestamp="2019-06-14T20:52:26.010" />
  <attribute name="elasticGC enabled" value="1" />
  <attribute name= "numThreadsSpecified" value="4" />
  <attribute name="heapSize specified" value="2092630016" />
  <attribute name="Current GC Util" value="30" />
  <attribute name= "Current Time Running" value="10327" />
  <attribute name ="GC Interval" value="200" />
  <attribute name="ProportionalT" value="5.000000" />
  <attribute name="ProportionalI" value="5.000000" />
  <attribute name="ProportionalH" value="5.000000" />
  <attribute name="Current Error" value="10.000000" />
  <attribute name="IntegralT" value="80.000000" />
  <attribute name="IntegralI" value="80.000000" />
  <attribute name="IntegralH" value="80.000000" />
  <attribute name="DerivativeT" value="0.625000" />
  <attribute name="DerivativeI" value="0.625000" />
  <attribute name="DerivativeH" value="0.625000" />
  <attribute name="Loop Time for DT" value="8.000000" />
  <attribute name="Output H" value="8388608"/>
  <attribute name="Output I" value="200"/>
  <attribute name="Output T" value="4"/>
  <attribute name="Target GC Util Change" value ="20.000000" />
  <attribute name="Current GC Util Change" value="30.000000"/>
  <attribute name="GC Util currently" value="30" />
  <attribute name="CPU Util currently" value="631749232463" />
<allocation-satisfied id="1760" threadId="00000000015BE700" bytesRequested="1168" />
<af-end id="1761" timestamp="2019-06-14T20:52:26.010" threadId="00000000015BF088" success="true" from="nursery"/>
<exclusive-end id="1762" timestamp="2019-06-14T20:52:26.010" durationms="2.020" />

<exclusive-start id="1763" timestamp="2019-06-14T20:52:26.015" intervalms="6.607">
  <response-info timems="0.035" idlems="0.035" threads="0" lastid="00000000015BE700" lastname="main" />
</exclusive-start>
<af-start id="1764" threadId="00000000015BF088" totalBytesRequested="1168" timestamp="2019-06-14T20:52:26.015" intervalms="6.681" type="nursery" />
<cycle-start id="1765" type="scavenge" contextid="0" timestamp="2019-06-14T20:52:26.015" intervalms="6.693" />
<gc-start id="1766" type="scavenge" contextid="1765" timestamp="2019-06-14T20:52:26.015">
  <mem-info id="1767" free="1957187936" total="2010775552" percent="97">
    <mem type="nursery" free="0" total="26738688" percent="0">
      <mem type="allocate" free="0" total="23986176" percent="0" />
      <mem type="survivor" free="0" total="2752512" percent="0" />
    </mem>
    <mem type="tenure" free="1957187936" total="1984036864" percent="98">
      <mem type="soa" free="1858009440" total="1884835840" percent="98" />
      <mem type="loa" free="99178496" total="99201024" percent="99" />
    </mem>
    <remembered-set count="105" />
  </mem-info>
</gc-start>
<allocation-stats totalBytes="23756040" >
  <allocated-bytes non-tlh="1168" tlh="23754872" />
  <largest-consumer threadName="main" threadId="00000000015BE700" bytes="23756040" />
</allocation-stats>
<gc-op id="1768" type="scavenge" timems="0.758" contextid="1765" timestamp="2019-06-14T20:52:26.016">
  <scavenger-info tenureage="14" tenuremask="4000" tiltratio="89" />
  <memory-copied type="nursery" objects="92" bytes="3944" bytesdiscarded="144280" />
  <references type="weak" candidates="4" cleared="0" enqueued="0" />
</gc-op>
<heap-resize id="1769" type="expand" space="nursery" amount="2097152" count="1" timems="0.011" reason="excessive time being spent scavenging" timestamp="2019-06-14T20:52:26.016" />
<gc-end id="1770" type="scavenge" contextid="1765" durationms="1.349" usertimems="4.000" systemtimems="0.000" timestamp="2019-06-14T20:52:26.016" activeThreads="4">
  <mem-info id="1771" free="1982926432" total="2012872704" percent="98">
    <mem type="nursery" free="25738496" total="28835840" percent="89">
      <mem type="allocate" free="25738496" total="25886720" percent="99" />
      <mem type="survivor" free="0" total="2949120" percent="0" />
    </mem>
    <mem type="tenure" free="1957187936" total="1984036864" percent="98">
      <mem type="soa" free="1858009440" total="1884835840" percent="98" />
      <mem type="loa" free="99178496" total="99201024" percent="99" />
    </mem>
    <remembered-set count="105" />
  </mem-info>
</gc-end>
<cycle-end id="1772" type="scavenge" contextid="1765" timestamp="2019-06-14T20:52:26.016" />
  <attribute name="elasticGC enabled" value="1" />
  <attribute name= "numThreadsSpecified" value="4" />
  <attribute name="heapSize specified" value="2092630016" />
  <attribute name="Current GC Util" value="29" />
  <attribute name= "Current Time Running" value="10334" />
  <attribute name ="GC Interval" value="200" />
  <attribute name="ProportionalT" value="4.500000" />
  <attribute name="ProportionalI" value="4.500000" />
  <attribute name="ProportionalH" value="4.500000" />
  <attribute name="Current Error" value="9.000000" />
  <attribute name="IntegralT" value="63.000000" />
  <attribute name="IntegralI" value="63.000000" />
  <attribute name="IntegralH" value="63.000000" />
  <attribute name="DerivativeT" value="-0.071429" />
  <attribute name="DerivativeI" value="-0.071429" />
  <attribute name="DerivativeH" value="-0.071429" />
  <attribute name="Loop Time for DT" value="7.000000" />
  <attribute name="Output H" value="8388608"/>
  <attribute name="Output I" value="200"/>
  <attribute name="Output T" value="4"/>
  <attribute name="Target GC Util Change" value ="20.000000" />
  <attribute name="Current GC Util Change" value="29.000000"/>
  <attribute name="GC Util currently" value="29" />
  <attribute name="CPU Util currently" value="682410934061" />
<allocation-satisfied id="1773" threadId="00000000015BE700" bytesRequested="1168" />
<af-end id="1774" timestamp="2019-06-14T20:52:26.017" threadId="00000000015BF088" success="true" from="nursery"/>
<exclusive-end id="1775" timestamp="2019-06-14T20:52:26.017" durationms="2.212" />

<exclusive-start id="1776" timestamp="2019-06-14T20:52:26.023" intervalms="8.051">
  <response-info timems="0.036" idlems="0.036" threads="0" lastid="00000000015BE700" lastname="main" />
</exclusive-start>
<af-start id="1777" threadId="00000000015BF088" totalBytesRequested="1168" timestamp="2019-06-14T20:52:26.023" intervalms="8.022" type="nursery" />
<cycle-start id="1778" type="scavenge" contextid="0" timestamp="2019-06-14T20:52:26.023" intervalms="8.061" />
<gc-start id="1779" type="scavenge" contextid="1778" timestamp="2019-06-14T20:52:26.023">
  <mem-info id="1780" free="1957187936" total="2012872704" percent="97">
    <mem type="nursery" free="0" total="28835840" percent="0">
      <mem type="allocate" free="0" total="25886720" percent="0" />
      <mem type="survivor" free="0" total="2949120" percent="0" />
    </mem>
    <mem type="tenure" free="1957187936" total="1984036864" percent="98">
      <mem type="soa" free="1858009440" total="1884835840" percent="98" />
      <mem type="loa" free="99178496" total="99201024" percent="99" />
    </mem>
    <remembered-set count="105" />
  </mem-info>
</gc-start>
<allocation-stats totalBytes="25650392" >
  <allocated-bytes non-tlh="1168" tlh="25649224" />
  <largest-consumer threadName="main" threadId="00000000015BE700" bytes="25650392" />
</allocation-stats>
<gc-op id="1781" type="scavenge" timems="0.816" contextid="1778" timestamp="2019-06-14T20:52:26.024">
  <scavenger-info tenureage="5" tenuremask="40a0" tiltratio="89" />
  <memory-copied type="nursery" objects="1" bytes="24" bytesdiscarded="39144" />
  <memory-copied type="tenure" objects="91" bytes="3920" bytesdiscarded="0" />
</gc-op>
<heap-resize id="1782" type="expand" space="nursery" amount="1703936" count="1" timems="0.016" reason="excessive time being spent scavenging" timestamp="2019-06-14T20:52:26.024" />
<gc-end id="1783" type="scavenge" contextid="1778" durationms="1.446" usertimems="0.000" systemtimems="0.000" timestamp="2019-06-14T20:52:26.025" activeThreads="4">
  <mem-info id="1784" free="1984608352" total="2014576640" percent="98">
    <mem type="nursery" free="27420416" total="30539776" percent="89">
      <mem type="allocate" free="27420416" total="27459584" percent="99" />
      <mem type="survivor" free="0" total="3080192" percent="0" />
    </mem>
    <mem type="tenure" free="1957187936" total="1984036864" percent="98">
      <mem type="soa" free="1858009440" total="1884835840" percent="98" />
      <mem type="loa" free="99178496" total="99201024" percent="99" />
    </mem>
    <remembered-set count="93" />
  </mem-info>
</gc-end>
<cycle-end id="1785" type="scavenge" contextid="1778" timestamp="2019-06-14T20:52:26.025" />
  <attribute name="elasticGC enabled" value="1" />
  <attribute name= "numThreadsSpecified" value="4" />
  <attribute name="heapSize specified" value="2092630016" />
  <attribute name="Current GC Util" value="24" />
  <attribute name= "Current Time Running" value="10342" />
  <attribute name ="GC Interval" value="200" />
  <attribute name="ProportionalT" value="2.000000" />
  <attribute name="ProportionalI" value="2.000000" />
  <attribute name="ProportionalH" value="2.000000" />
  <attribute name="Current Error" value="4.000000" />
  <attribute name="IntegralT" value="32.000000" />
  <attribute name="IntegralI" value="32.000000" />
  <attribute name="IntegralH" value="32.000000" />
  <attribute name="DerivativeT" value="-0.312500" />
  <attribute name="DerivativeI" value="-0.312500" />
  <attribute name="DerivativeH" value="-0.312500" />
  <attribute name="Loop Time for DT" value="8.000000" />
  <attribute name="Output H" value="8388608"/>
  <attribute name="Output I" value="200"/>
  <attribute name="Output T" value="4"/>
  <attribute name="Target GC Util Change" value ="20.000000" />
  <attribute name="Current GC Util Change" value="24.000000"/>
  <attribute name="GC Util currently" value="24" />
  <attribute name="CPU Util currently" value="569449264349" />
<allocation-satisfied id="1786" threadId="00000000015BE700" bytesRequested="1168" />
<af-end id="1787" timestamp="2019-06-14T20:52:26.025" threadId="00000000015BF088" success="true" from="nursery"/>
<exclusive-end id="1788" timestamp="2019-06-14T20:52:26.025" durationms="2.300" />

<exclusive-start id="1789" timestamp="2019-06-14T20:52:26.030" intervalms="7.686">
  <response-info timems="0.061" idlems="0.061" threads="0" lastid="00000000015BE700" lastname="main" />
</exclusive-start>
<af-start id="1790" threadId="00000000015BF088" totalBytesRequested="1168" timestamp="2019-06-14T20:52:26.030" intervalms="7.721" type="nursery" />
<cycle-start id="1791" type="scavenge" contextid="0" timestamp="2019-06-14T20:52:26.031" intervalms="7.738" />
<gc-start id="1792" type="scavenge" contextid="1791" timestamp="2019-06-14T20:52:26.031">
  <mem-info id="1793" free="1957187936" total="2014576640" percent="97">
    <mem type="nursery" free="0" total="30539776" percent="0">
      <mem type="allocate" free="0" total="27459584" percent="0" />
      <mem type="survivor" free="0" total="3080192" percent="0" />
    </mem>
    <mem type="tenure" free="1957187936" total="1984036864" percent="98">
      <mem type="soa" free="1858009440" total="1884835840" percent="98" />
      <mem type="loa" free="99178496" total="99201024" percent="99" />
    </mem>
    <remembered-set count="93" />
  </mem-info>
</gc-start>
<allocation-stats totalBytes="27326536" >
  <allocated-bytes non-tlh="1168" tlh="27325368" />
  <largest-consumer threadName="main" threadId="00000000015BE700" bytes="27326536" />
</allocation-stats>
<gc-op id="1794" type="scavenge" timems="0.502" contextid="1791" timestamp="2019-06-14T20:52:26.031">
  <scavenger-info tenureage="3" tenuremask="feb8" tiltratio="89" />
  <memory-copied type="nursery" objects="1" bytes="24" bytesdiscarded="39144" />
</gc-op>
<heap-resize id="1795" type="expand" space="nursery" amount="1966080" count="1" timems="0.011" reason="excessive time being spent scavenging" timestamp="2019-06-14T20:52:26.032" />
<gc-end id="1796" type="scavenge" contextid="1791" durationms="1.149" usertimems="0.000" systemtimems="0.000" timestamp="2019-06-14T20:52:26.032" activeThreads="4">
  <mem-info id="1797" free="1986377824" total="2016542720" percent="98">
    <mem type="nursery" free="29189888" total="32505856" percent="89">
      <mem type="allocate" free="29189888" total="29229056" percent="99" />
      <mem type="survivor" free="0" total="3276800" percent="0" />
    </mem>
    <mem type="tenure" free="1957187936" total="1984036864" percent="98">
      <mem type="soa" free="1858009440" total="1884835840" percent="98" />
      <mem type="loa" free="99178496" total="99201024" percent="99" />
    </mem>
    <remembered-set count="93" />
  </mem-info>
</gc-end>
<cycle-end id="1798" type="scavenge" contextid="1791" timestamp="2019-06-14T20:52:26.032" />
  <attribute name="elasticGC enabled" value="1" />
  <attribute name= "numThreadsSpecified" value="4" />
  <attribute name="heapSize specified" value="2092630016" />
  <attribute name="Current GC Util" value="27" />
  <attribute name= "Current Time Running" value="10349" />
  <attribute name ="GC Interval" value="200" />
  <attribute name="ProportionalT" value="3.500000" />
  <attribute name="ProportionalI" value="3.500000" />
  <attribute name="ProportionalH" value="3.500000" />
  <attribute name="Current Error" value="7.000000" />
  <attribute name="IntegralT" value="49.000000" />
  <attribute name="IntegralI" value="49.000000" />
  <attribute name="IntegralH" value="49.000000" />
  <attribute name="DerivativeT" value="0.214286" />
  <attribute name="DerivativeI" value="0.214286" />
  <attribute name="DerivativeH" value="0.214286" />
  <attribute name="Loop Time for DT" value="7.000000" />
  <attribute name="Output H" value="8388608"/>
  <attribute name="Output I" value="200"/>
  <attribute name="Output T" value="4"/>
  <attribute name="Target GC Util Change" value ="20.000000" />
  <attribute name="Current GC Util Change" value="27.000000"/>
  <attribute name="GC Util currently" value="27" />
  <attribute name="CPU Util currently" value="598490668572" />
<allocation-satisfied id="1799" threadId="00000000015BE700" bytesRequested="1168" />
<af-end id="1800" timestamp="2019-06-14T20:52:26.032" threadId="00000000015BF088" success="true" from="nursery"/>
<exclusive-end id="1801" timestamp="2019-06-14T20:52:26.032" durationms="2.132" />

<exclusive-start id="1802" timestamp="2019-06-14T20:52:26.039" intervalms="8.627">
  <response-info timems="0.042" idlems="0.042" threads="0" lastid="00000000015BE700" lastname="main" />
</exclusive-start>
<af-start id="1803" threadId="00000000015BF088" totalBytesRequested="1168" timestamp="2019-06-14T20:52:26.039" intervalms="8.599" type="nursery" />
<cycle-start id="1804" type="scavenge" contextid="0" timestamp="2019-06-14T20:52:26.039" intervalms="8.557" />
<gc-start id="1805" type="scavenge" contextid="1804" timestamp="2019-06-14T20:52:26.039">
  <mem-info id="1806" free="1957187936" total="2016542720" percent="97">
    <mem type="nursery" free="0" total="32505856" percent="0">
      <mem type="allocate" free="0" total="29229056" percent="0" />
      <mem type="survivor" free="0" total="3276800" percent="0" />
    </mem>
    <mem type="tenure" free="1957187936" total="1984036864" percent="98">
      <mem type="soa" free="1858009440" total="1884835840" percent="98" />
      <mem type="loa" free="99178496" total="99201024" percent="99" />
    </mem>
    <remembered-set count="93" />
  </mem-info>
</gc-start>
<allocation-stats totalBytes="29090224" >
  <allocated-bytes non-tlh="1168" tlh="29089056" />
  <largest-consumer threadName="main" threadId="00000000015BE700" bytes="29090224" />
</allocation-stats>
<gc-op id="1807" type="scavenge" timems="0.473" contextid="1804" timestamp="2019-06-14T20:52:26.040">
  <scavenger-info tenureage="3" tenuremask="fff8" tiltratio="89" />
  <memory-copied type="nursery" objects="1" bytes="24" bytesdiscarded="39144" />
</gc-op>
<heap-resize id="1808" type="expand" space="nursery" amount="1835008" count="1" timems="0.012" reason="excessive time being spent scavenging" timestamp="2019-06-14T20:52:26.040" />
<gc-end id="1809" type="scavenge" contextid="1804" durationms="1.176" usertimems="0.000" systemtimems="0.000" timestamp="2019-06-14T20:52:26.041" activeThreads="4">
  <mem-info id="1810" free="1988016224" total="2018377728" percent="98">
    <mem type="nursery" free="30828288" total="34340864" percent="89">
      <mem type="allocate" free="30828288" total="30867456" percent="99" />
      <mem type="survivor" free="0" total="3473408" percent="0" />
    </mem>
    <mem type="tenure" free="1957187936" total="1984036864" percent="98">
      <mem type="soa" free="1858009440" total="1884835840" percent="98" />
      <mem type="loa" free="99178496" total="99201024" percent="99" />
    </mem>
    <remembered-set count="93" />
  </mem-info>
</gc-end>
<cycle-end id="1811" type="scavenge" contextid="1804" timestamp="2019-06-14T20:52:26.041" />
  <attribute name="elasticGC enabled" value="1" />
  <attribute name= "numThreadsSpecified" value="4" />
  <attribute name="heapSize specified" value="2092630016" />
  <attribute name="Current GC Util" value="13" />
  <attribute name= "Current Time Running" value="10358" />
  <attribute name ="GC Interval" value="200" />
  <attribute name="ProportionalT" value="-3.500000" />
  <attribute name="ProportionalI" value="-3.500000" />
  <attribute name="ProportionalH" value="-3.500000" />
  <attribute name="Current Error" value="-7.000000" />
  <attribute name="IntegralT" value="-63.000000" />
  <attribute name="IntegralI" value="-63.000000" />
  <attribute name="IntegralH" value="-63.000000" />
  <attribute name="DerivativeT" value="-0.777778" />
  <attribute name="DerivativeI" value="-0.777778" />
  <attribute name="DerivativeH" value="-0.777778" />
  <attribute name="Loop Time for DT" value="9.000000" />
  <attribute name="Output H" value="2092630016"/>
  <attribute name="Output I" value="200"/>
  <attribute name="Output T" value="4"/>
  <attribute name="Target GC Util Change" value ="20.000000" />
  <attribute name="Current GC Util Change" value="13.000000"/>
  <attribute name="GC Util currently" value="13" />
  <attribute name="CPU Util currently" value="532073760909" />
<allocation-satisfied id="1812" threadId="00000000015BE700" bytesRequested="1168" />
<af-end id="1813" timestamp="2019-06-14T20:52:26.041" threadId="00000000015BF088" success="true" from="nursery"/>
<exclusive-end id="1814" timestamp="2019-06-14T20:52:26.041" durationms="1.965" />

<exclusive-start id="1815" timestamp="2019-06-14T20:52:26.047" intervalms="7.951">
  <response-info timems="0.049" idlems="0.049" threads="0" lastid="00000000015BE700" lastname="main" />
</exclusive-start>
<af-start id="1816" threadId="00000000015BF088" totalBytesRequested="1168" timestamp="2019-06-14T20:52:26.047" intervalms="7.996" type="nursery" />
<cycle-start id="1817" type="scavenge" contextid="0" timestamp="2019-06-14T20:52:26.047" intervalms="7.999" />
<gc-start id="1818" type="scavenge" contextid="1817" timestamp="2019-06-14T20:52:26.047">
  <mem-info id="1819" free="1957187936" total="2018377728" percent="96">
    <mem type="nursery" free="0" total="34340864" percent="0">
      <mem type="allocate" free="0" total="30867456" percent="0" />
      <mem type="survivor" free="0" total="3473408" percent="0" />
    </mem>
    <mem type="tenure" free="1957187936" total="1984036864" percent="98">
      <mem type="soa" free="1858009440" total="1884835840" percent="98" />
      <mem type="loa" free="99178496" total="99201024" percent="99" />
    </mem>
    <remembered-set count="93" />
  </mem-info>
</gc-start>
<allocation-stats totalBytes="30723272" >
  <allocated-bytes non-tlh="1168" tlh="30722104" />
  <largest-consumer threadName="main" threadId="00000000015BE700" bytes="30723272" />
</allocation-stats>
<gc-op id="1820" type="scavenge" timems="0.458" contextid="1817" timestamp="2019-06-14T20:52:26.048">
  <scavenger-info tenureage="3" tenuremask="fff8" tiltratio="89" />
  <memory-copied type="nursery" objects="1" bytes="24" bytesdiscarded="39144" />
</gc-op>
<heap-resize id="1821" type="expand" space="nursery" amount="2228224" count="1" timems="0.013" reason="excessive time being spent scavenging" timestamp="2019-06-14T20:52:26.048" />
<gc-end id="1822" type="scavenge" contextid="1817" durationms="1.111" usertimems="4.000" systemtimems="0.000" timestamp="2019-06-14T20:52:26.048" activeThreads="4">
  <mem-info id="1823" free="1989982304" total="2020605952" percent="98">
    <mem type="nursery" free="32794368" total="36569088" percent="89">
      <mem type="allocate" free="32794368" total="32833536" percent="99" />
      <mem type="survivor" free="0" total="3735552" percent="0" />
    </mem>
    <mem type="tenure" free="1957187936" total="1984036864" percent="98">
      <mem type="soa" free="1858009440" total="1884835840" percent="98" />
      <mem type="loa" free="99178496" total="99201024" percent="99" />
    </mem>
    <remembered-set count="93" />
  </mem-info>
</gc-end>
<cycle-end id="1824" type="scavenge" contextid="1817" timestamp="2019-06-14T20:52:26.049" />
  <attribute name="elasticGC enabled" value="1" />
  <attribute name= "numThreadsSpecified" value="4" />
  <attribute name="heapSize specified" value="2092630016" />
  <attribute name="Current GC Util" value="15" />
  <attribute name= "Current Time Running" value="10366" />
  <attribute name ="GC Interval" value="200" />
  <attribute name="ProportionalT" value="-2.500000" />
  <attribute name="ProportionalI" value="-2.500000" />
  <attribute name="ProportionalH" value="-2.500000" />
  <attribute name="Current Error" value="-5.000000" />
  <attribute name="IntegralT" value="-40.000000" />
  <attribute name="IntegralI" value="-40.000000" />
  <attribute name="IntegralH" value="-40.000000" />
  <attribute name="DerivativeT" value="-0.312500" />
  <attribute name="DerivativeI" value="-0.312500" />
  <attribute name="DerivativeH" value="-0.312500" />
  <attribute name="Loop Time for DT" value="8.000000" />
  <attribute name="Output H" value="2092630016"/>
  <attribute name="Output I" value="200"/>
  <attribute name="Output T" value="4"/>
  <attribute name="Target GC Util Change" value ="20.000000" />
  <attribute name="Current GC Util Change" value="15.000000"/>
  <attribute name="GC Util currently" value="15" />
  <attribute name="CPU Util currently" value="582404700272" />
<allocation-satisfied id="1825" threadId="00000000015BE700" bytesRequested="1168" />
<af-end id="1826" timestamp="2019-06-14T20:52:26.049" threadId="00000000015BF088" success="true" from="nursery"/>
<exclusive-end id="1827" timestamp="2019-06-14T20:52:26.049" durationms="2.046" />

<exclusive-start id="1828" timestamp="2019-06-14T20:52:26.056" intervalms="9.453">
  <response-info timems="0.090" idlems="0.090" threads="0" lastid="00000000015BE700" lastname="main" />
</exclusive-start>
<af-start id="1829" threadId="00000000015BF088" totalBytesRequested="1168" timestamp="2019-06-14T20:52:26.057" intervalms="9.423" type="nursery" />
<cycle-start id="1830" type="scavenge" contextid="0" timestamp="2019-06-14T20:52:26.057" intervalms="9.395" />
<gc-start id="1831" type="scavenge" contextid="1830" timestamp="2019-06-14T20:52:26.057">
  <mem-info id="1832" free="1957187936" total="2020605952" percent="96">
    <mem type="nursery" free="0" total="36569088" percent="0">
      <mem type="allocate" free="0" total="32833536" percent="0" />
      <mem type="survivor" free="0" total="3735552" percent="0" />
    </mem>
    <mem type="tenure" free="1957187936" total="1984036864" percent="98">
      <mem type="soa" free="1858009440" total="1884835840" percent="98" />
      <mem type="loa" free="99178496" total="99201024" percent="99" />
    </mem>
    <remembered-set count="93" />
  </mem-info>
</gc-start>
<allocation-stats totalBytes="32682896" >
  <allocated-bytes non-tlh="1168" tlh="32681728" />
  <largest-consumer threadName="main" threadId="00000000015BE700" bytes="32682896" />
</allocation-stats>
<gc-op id="1833" type="scavenge" timems="0.697" contextid="1830" timestamp="2019-06-14T20:52:26.058">
  <scavenger-info tenureage="3" tenuremask="fff8" tiltratio="89" />
  <memory-copied type="nursery" objects="1" bytes="24" bytesdiscarded="39144" />
</gc-op>
<heap-resize id="1834" type="expand" space="nursery" amount="1835008" count="1" timems="0.013" reason="excessive time being spent scavenging" timestamp="2019-06-14T20:52:26.058" />
<gc-end id="1835" type="scavenge" contextid="1830" durationms="1.168" usertimems="0.000" systemtimems="0.000" timestamp="2019-06-14T20:52:26.058" activeThreads="4">
  <mem-info id="1836" free="1991686240" total="2022440960" percent="98">
    <mem type="nursery" free="34498304" total="38404096" percent="89">
      <mem type="allocate" free="34498304" total="34537472" percent="99" />
      <mem type="survivor" free="0" total="3866624" percent="0" />
    </mem>
    <mem type="tenure" free="1957187936" total="1984036864" percent="98">
      <mem type="soa" free="1858009440" total="1884835840" percent="98" />
      <mem type="loa" free="99178496" total="99201024" percent="99" />
    </mem>
    <remembered-set count="93" />
  </mem-info>
</gc-end>
<cycle-end id="1837" type="scavenge" contextid="1830" timestamp="2019-06-14T20:52:26.058" />
  <attribute name="elasticGC enabled" value="1" />
  <attribute name= "numThreadsSpecified" value="4" />
  <attribute name="heapSize specified" value="2092630016" />
  <attribute name="Current GC Util" value="14" />
  <attribute name= "Current Time Running" value="10375" />
  <attribute name ="GC Interval" value="200" />
  <attribute name="ProportionalT" value="-3.000000" />
  <attribute name="ProportionalI" value="-3.000000" />
  <attribute name="ProportionalH" value="-3.000000" />
  <attribute name="Current Error" value="-6.000000" />
  <attribute name="IntegralT" value="-54.000000" />
  <attribute name="IntegralI" value="-54.000000" />
  <attribute name="IntegralH" value="-54.000000" />
  <attribute name="DerivativeT" value="-0.333333" />
  <attribute name="DerivativeI" value="-0.333333" />
  <attribute name="DerivativeH" value="-0.333333" />
  <attribute name="Loop Time for DT" value="9.000000" />
  <attribute name="Output H" value="2092630016"/>
  <attribute name="Output I" value="200"/>
  <attribute name="Output T" value="4"/>
  <attribute name="Target GC Util Change" value ="20.000000" />
  <attribute name="Current GC Util Change" value="14.000000"/>
  <attribute name="GC Util currently" value="14" />
  <attribute name="CPU Util currently" value="497356562537" />
<allocation-satisfied id="1838" threadId="00000000015BE700" bytesRequested="1168" />
<af-end id="1839" timestamp="2019-06-14T20:52:26.058" threadId="00000000015BF088" success="true" from="nursery"/>
<exclusive-end id="1840" timestamp="2019-06-14T20:52:26.058" durationms="1.853" />

<exclusive-start id="1841" timestamp="2019-06-14T20:52:26.065" intervalms="8.642">
  <response-info timems="0.072" idlems="0.072" threads="0" lastid="00000000015BE700" lastname="main" />
</exclusive-start>
<af-start id="1842" threadId="00000000015BF088" totalBytesRequested="1168" timestamp="2019-06-14T20:52:26.065" intervalms="8.659" type="nursery" />
<cycle-start id="1843" type="scavenge" contextid="0" timestamp="2019-06-14T20:52:26.065" intervalms="8.663" />
<gc-start id="1844" type="scavenge" contextid="1843" timestamp="2019-06-14T20:52:26.065">
  <mem-info id="1845" free="1957187936" total="2022440960" percent="96">
    <mem type="nursery" free="0" total="38404096" percent="0">
      <mem type="allocate" free="0" total="34537472" percent="0" />
      <mem type="survivor" free="0" total="3866624" percent="0" />
    </mem>
    <mem type="tenure" free="1957187936" total="1984036864" percent="98">
      <mem type="soa" free="1858009440" total="1884835840" percent="98" />
      <mem type="loa" free="99178496" total="99201024" percent="99" />
    </mem>
    <remembered-set count="93" />
  </mem-info>
</gc-start>
<allocation-stats totalBytes="34381264" >
  <allocated-bytes non-tlh="1168" tlh="34380096" />
  <largest-consumer threadName="main" threadId="00000000015BE700" bytes="34381264" />
</allocation-stats>
<gc-op id="1846" type="scavenge" timems="0.701" contextid="1843" timestamp="2019-06-14T20:52:26.066">
  <scavenger-info tenureage="3" tenuremask="fff8" tiltratio="89" />
  <memory-copied type="nursery" objects="1" bytes="24" bytesdiscarded="39144" />
</gc-op>
<heap-resize id="1847" type="expand" space="nursery" amount="2228224" count="1" timems="0.013" reason="excessive time being spent scavenging" timestamp="2019-06-14T20:52:26.067" />
<gc-end id="1848" type="scavenge" contextid="1843" durationms="1.246" usertimems="4.000" systemtimems="0.000" timestamp="2019-06-14T20:52:26.067" activeThreads="4">
  <mem-info id="1849" free="1993652320" total="2024669184" percent="98">
    <mem type="nursery" free="36464384" total="40632320" percent="89">
      <mem type="allocate" free="36464384" total="36503552" percent="99" />
      <mem type="survivor" free="0" total="4128768" percent="0" />
    </mem>
    <mem type="tenure" free="1957187936" total="1984036864" percent="98">
      <mem type="soa" free="1858009440" total="1884835840" percent="98" />
      <mem type="loa" free="99178496" total="99201024" percent="99" />
    </mem>
    <remembered-set count="93" />
  </mem-info>
</gc-end>
<cycle-end id="1850" type="scavenge" contextid="1843" timestamp="2019-06-14T20:52:26.067" />
  <attribute name="elasticGC enabled" value="1" />
  <attribute name= "numThreadsSpecified" value="4" />
  <attribute name="heapSize specified" value="2092630016" />
  <attribute name="Current GC Util" value="22" />
  <attribute name= "Current Time Running" value="10384" />
  <attribute name ="GC Interval" value="200" />
  <attribute name="ProportionalT" value="1.000000" />
  <attribute name="ProportionalI" value="1.000000" />
  <attribute name="ProportionalH" value="1.000000" />
  <attribute name="Current Error" value="2.000000" />
  <attribute name="IntegralT" value="18.000000" />
  <attribute name="IntegralI" value="18.000000" />
  <attribute name="IntegralH" value="18.000000" />
  <attribute name="DerivativeT" value="0.111111" />
  <attribute name="DerivativeI" value="0.111111" />
  <attribute name="DerivativeH" value="0.111111" />
  <attribute name="Loop Time for DT" value="9.000000" />
  <attribute name="Output H" value="8388608"/>
  <attribute name="Output I" value="200"/>
  <attribute name="Output T" value="4"/>
  <attribute name="Target GC Util Change" value ="20.000000" />
  <attribute name="Current GC Util Change" value="22.000000"/>
  <attribute name="GC Util currently" value="22" />
  <attribute name="CPU Util currently" value="529629214300" />
<allocation-satisfied id="1851" threadId="00000000015BE700" bytesRequested="1168" />
<af-end id="1852" timestamp="2019-06-14T20:52:26.067" threadId="00000000015BF088" success="true" from="nursery"/>
<exclusive-end id="1853" timestamp="2019-06-14T20:52:26.067" durationms="1.922" />

<exclusive-start id="1854" timestamp="2019-06-14T20:52:26.075" intervalms="9.863">
  <response-info timems="0.061" idlems="0.061" threads="0" lastid="00000000015BE700" lastname="main" />
</exclusive-start>
<af-start id="1855" threadId="00000000015BF088" totalBytesRequested="1168" timestamp="2019-06-14T20:52:26.075" intervalms="9.802" type="nursery" />
<cycle-start id="1856" type="scavenge" contextid="0" timestamp="2019-06-14T20:52:26.075" intervalms="9.809" />
<gc-start id="1857" type="scavenge" contextid="1856" timestamp="2019-06-14T20:52:26.075">
  <mem-info id="1858" free="1957187936" total="2024669184" percent="96">
    <mem type="nursery" free="0" total="40632320" percent="0">
      <mem type="allocate" free="0" total="36503552" percent="0" />
      <mem type="survivor" free="0" total="4128768" percent="0" />
    </mem>
    <mem type="tenure" free="1957187936" total="1984036864" percent="98">
      <mem type="soa" free="1858009440" total="1884835840" percent="98" />
      <mem type="loa" free="99178496" total="99201024" percent="99" />
    </mem>
    <remembered-set count="93" />
  </mem-info>
</gc-start>
<allocation-stats totalBytes="36340912" >
  <allocated-bytes non-tlh="1168" tlh="36339744" />
  <largest-consumer threadName="main" threadId="00000000015BE700" bytes="36340912" />
</allocation-stats>
<gc-op id="1859" type="scavenge" timems="0.464" contextid="1856" timestamp="2019-06-14T20:52:26.076">
  <scavenger-info tenureage="3" tenuremask="fff8" tiltratio="89" />
  <memory-copied type="nursery" objects="1" bytes="24" bytesdiscarded="39144" />
</gc-op>
<gc-end id="1860" type="scavenge" contextid="1856" durationms="0.923" usertimems="0.000" systemtimems="0.000" timestamp="2019-06-14T20:52:26.076" activeThreads="4">
  <mem-info id="1861" free="1993717856" total="2024669184" percent="98">
    <mem type="nursery" free="36529920" total="40632320" percent="89">
      <mem type="allocate" free="36529920" total="36569088" percent="99" />
      <mem type="survivor" free="0" total="4063232" percent="0" />
    </mem>
    <mem type="tenure" free="1957187936" total="1984036864" percent="98">
      <mem type="soa" free="1858009440" total="1884835840" percent="98" />
      <mem type="loa" free="99178496" total="99201024" percent="99" />
    </mem>
    <remembered-set count="93" />
  </mem-info>
</gc-end>
<cycle-end id="1862" type="scavenge" contextid="1856" timestamp="2019-06-14T20:52:26.076" />
  <attribute name="elasticGC enabled" value="1" />
  <attribute name= "numThreadsSpecified" value="4" />
  <attribute name="heapSize specified" value="2092630016" />
  <attribute name="Current GC Util" value="19" />
  <attribute name= "Current Time Running" value="10394" />
  <attribute name ="GC Interval" value="200" />
  <attribute name="ProportionalT" value="-0.500000" />
  <attribute name="ProportionalI" value="-0.500000" />
  <attribute name="ProportionalH" value="-0.500000" />
  <attribute name="Current Error" value="-1.000000" />
  <attribute name="IntegralT" value="-10.000000" />
  <attribute name="IntegralI" value="-10.000000" />
  <attribute name="IntegralH" value="-10.000000" />
  <attribute name="DerivativeT" value="-0.150000" />
  <attribute name="DerivativeI" value="-0.150000" />
  <attribute name="DerivativeH" value="-0.150000" />
  <attribute name="Loop Time for DT" value="10.000000" />
  <attribute name="Output H" value="2092630016"/>
  <attribute name="Output I" value="200"/>
  <attribute name="Output T" value="4"/>
  <attribute name="Target GC Util Change" value ="20.000000" />
  <attribute name="Current GC Util Change" value="19.000000"/>
  <attribute name="GC Util currently" value="19" />
  <attribute name="CPU Util currently" value="467531659734" />
<allocation-satisfied id="1863" threadId="00000000015BE700" bytesRequested="1168" />
<af-end id="1864" timestamp="2019-06-14T20:52:26.076" threadId="00000000015BF088" success="true" from="nursery"/>
<exclusive-end id="1865" timestamp="2019-06-14T20:52:26.077" durationms="1.654" />

<exclusive-start id="1866" timestamp="2019-06-14T20:52:26.083" intervalms="8.646">
  <response-info timems="0.052" idlems="0.052" threads="0" lastid="00000000015BE700" lastname="main" />
</exclusive-start>
<af-start id="1867" threadId="00000000015BF088" totalBytesRequested="1168" timestamp="2019-06-14T20:52:26.084" intervalms="8.727" type="nursery" />
<cycle-start id="1868" type="scavenge" contextid="0" timestamp="2019-06-14T20:52:26.084" intervalms="8.771" />
<gc-start id="1869" type="scavenge" contextid="1868" timestamp="2019-06-14T20:52:26.084">
  <mem-info id="1870" free="1957187936" total="2024669184" percent="96">
    <mem type="nursery" free="0" total="40632320" percent="0">
      <mem type="allocate" free="0" total="36569088" percent="0" />
      <mem type="survivor" free="0" total="4063232" percent="0" />
    </mem>
    <mem type="tenure" free="1957187936" total="1984036864" percent="98">
      <mem type="soa" free="1858009440" total="1884835840" percent="98" />
      <mem type="loa" free="99178496" total="99201024" percent="99" />
    </mem>
    <remembered-set count="93" />
  </mem-info>
</gc-start>
<allocation-stats totalBytes="36406232" >
  <allocated-bytes non-tlh="1168" tlh="36405064" />
  <largest-consumer threadName="main" threadId="00000000015BE700" bytes="36406232" />
</allocation-stats>
<gc-op id="1871" type="scavenge" timems="0.661" contextid="1868" timestamp="2019-06-14T20:52:26.085">
  <scavenger-info tenureage="3" tenuremask="fff8" tiltratio="90" />
  <memory-copied type="nursery" objects="1" bytes="24" bytesdiscarded="39144" />
</gc-op>
<heap-resize id="1872" type="expand" space="nursery" amount="1966080" count="1" timems="0.014" reason="excessive time being spent scavenging" timestamp="2019-06-14T20:52:26.085" />
<gc-end id="1873" type="scavenge" contextid="1868" durationms="1.356" usertimems="0.000" systemtimems="0.000" timestamp="2019-06-14T20:52:26.085" activeThreads="4">
  <mem-info id="1874" free="1995487328" total="2026635264" percent="98">
    <mem type="nursery" free="38299392" total="42598400" percent="89">
      <mem type="allocate" free="38299392" total="38338560" percent="99" />
      <mem type="survivor" free="0" total="4259840" percent="0" />
    </mem>
    <mem type="tenure" free="1957187936" total="1984036864" percent="98">
      <mem type="soa" free="1858009440" total="1884835840" percent="98" />
      <mem type="loa" free="99178496" total="99201024" percent="99" />
    </mem>
    <remembered-set count="93" />
  </mem-info>
</gc-end>
<cycle-end id="1875" type="scavenge" contextid="1868" timestamp="2019-06-14T20:52:26.086" />
  <attribute name="elasticGC enabled" value="1" />
  <attribute name= "numThreadsSpecified" value="4" />
  <attribute name="heapSize specified" value="2092630016" />
  <attribute name="Current GC Util" value="14" />
  <attribute name= "Current Time Running" value="10403" />
  <attribute name ="GC Interval" value="200" />
  <attribute name="ProportionalT" value="-3.000000" />
  <attribute name="ProportionalI" value="-3.000000" />
  <attribute name="ProportionalH" value="-3.000000" />
  <attribute name="Current Error" value="-6.000000" />
  <attribute name="IntegralT" value="-54.000000" />
  <attribute name="IntegralI" value="-54.000000" />
  <attribute name="IntegralH" value="-54.000000" />
  <attribute name="DerivativeT" value="-0.333333" />
  <attribute name="DerivativeI" value="-0.333333" />
  <attribute name="DerivativeH" value="-0.333333" />
  <attribute name="Loop Time for DT" value="9.000000" />
  <attribute name="Output H" value="2092630016"/>
  <attribute name="Output I" value="200"/>
  <attribute name="Output T" value="4"/>
  <attribute name="Target GC Util Change" value ="20.000000" />
  <attribute name="Current GC Util Change" value="14.000000"/>
  <attribute name="GC Util currently" value="14" />
  <attribute name="CPU Util currently" value="524341053379" />
<allocation-satisfied id="1876" threadId="00000000015BE700" bytesRequested="1168" />
<af-end id="1877" timestamp="2019-06-14T20:52:26.086" threadId="00000000015BF088" success="true" from="nursery"/>
<exclusive-end id="1878" timestamp="2019-06-14T20:52:26.086" durationms="2.354" />

<exclusive-start id="1879" timestamp="2019-06-14T20:52:26.094" intervalms="10.150">
  <response-info timems="0.048" idlems="0.048" threads="0" lastid="00000000015BE700" lastname="main" />
</exclusive-start>
<af-start id="1880" threadId="00000000015BF088" totalBytesRequested="1168" timestamp="2019-06-14T20:52:26.094" intervalms="10.113" type="nursery" />
<cycle-start id="1881" type="scavenge" contextid="0" timestamp="2019-06-14T20:52:26.094" intervalms="10.118" />
<gc-start id="1882" type="scavenge" contextid="1881" timestamp="2019-06-14T20:52:26.094">
  <mem-info id="1883" free="1957187936" total="2026635264" percent="96">
    <mem type="nursery" free="0" total="42598400" percent="0">
      <mem type="allocate" free="0" total="38338560" percent="0" />
      <mem type="survivor" free="0" total="4259840" percent="0" />
    </mem>
    <mem type="tenure" free="1957187936" total="1984036864" percent="98">
      <mem type="soa" free="1858009440" total="1884835840" percent="98" />
      <mem type="loa" free="99178496" total="99201024" percent="99" />
    </mem>
    <remembered-set count="93" />
  </mem-info>
</gc-start>
<allocation-stats totalBytes="38169896" >
  <allocated-bytes non-tlh="1168" tlh="38168728" />
  <largest-consumer threadName="main" threadId="00000000015BE700" bytes="38169896" />
</allocation-stats>
<gc-op id="1884" type="scavenge" timems="0.515" contextid="1881" timestamp="2019-06-14T20:52:26.095">
  <scavenger-info tenureage="3" tenuremask="fff8" tiltratio="90" />
  <memory-copied type="nursery" objects="1" bytes="24" bytesdiscarded="39144" />
</gc-op>
<gc-end id="1885" type="scavenge" contextid="1881" durationms="0.960" usertimems="4.000" systemtimems="0.000" timestamp="2019-06-14T20:52:26.095" activeThreads="4">
  <mem-info id="1886" free="1995487328" total="2026635264" percent="98">
    <mem type="nursery" free="38299392" total="42598400" percent="89">
      <mem type="allocate" free="38299392" total="38338560" percent="99" />
      <mem type="survivor" free="0" total="4259840" percent="0" />
    </mem>
    <mem type="tenure" free="1957187936" total="1984036864" percent="98">
      <mem type="soa" free="1858009440" total="1884835840" percent="98" />
      <mem type="loa" free="99178496" total="99201024" percent="99" />
    </mem>
    <remembered-set count="93" />
  </mem-info>
</gc-end>
<cycle-end id="1887" type="scavenge" contextid="1881" timestamp="2019-06-14T20:52:26.095" />
  <attribute name="elasticGC enabled" value="1" />
  <attribute name= "numThreadsSpecified" value="4" />
  <attribute name="heapSize specified" value="2092630016" />
  <attribute name="Current GC Util" value="12" />
  <attribute name= "Current Time Running" value="10413" />
  <attribute name ="GC Interval" value="200" />
  <attribute name="ProportionalT" value="-4.000000" />
  <attribute name="ProportionalI" value="-4.000000" />
  <attribute name="ProportionalH" value="-4.000000" />
  <attribute name="Current Error" value="-8.000000" />
  <attribute name="IntegralT" value="-80.000000" />
  <attribute name="IntegralI" value="-80.000000" />
  <attribute name="IntegralH" value="-80.000000" />
  <attribute name="DerivativeT" value="-0.400000" />
  <attribute name="DerivativeI" value="-0.400000" />
  <attribute name="DerivativeH" value="-0.400000" />
  <attribute name="Loop Time for DT" value="10.000000" />
  <attribute name="Output H" value="2092630016"/>
  <attribute name="Output I" value="200"/>
  <attribute name="Output T" value="4"/>
  <attribute name="Target GC Util Change" value ="20.000000" />
  <attribute name="Current GC Util Change" value="12.000000"/>
  <attribute name="GC Util currently" value="12" />
  <attribute name="CPU Util currently" value="459859747778" />
<allocation-satisfied id="1888" threadId="00000000015BE700" bytesRequested="1168" />
<af-end id="1889" timestamp="2019-06-14T20:52:26.095" threadId="00000000015BF088" success="true" from="nursery"/>
<exclusive-end id="1890" timestamp="2019-06-14T20:52:26.095" durationms="1.757" />

<exclusive-start id="1891" timestamp="2019-06-14T20:52:26.103" intervalms="9.194">
  <response-info timems="0.055" idlems="0.055" threads="0" lastid="00000000015BE700" lastname="main" />
</exclusive-start>
<af-start id="1892" threadId="00000000015BF088" totalBytesRequested="1168" timestamp="2019-06-14T20:52:26.103" intervalms="9.207" type="nursery" />
<cycle-start id="1893" type="scavenge" contextid="0" timestamp="2019-06-14T20:52:26.103" intervalms="9.149" />
<gc-start id="1894" type="scavenge" contextid="1893" timestamp="2019-06-14T20:52:26.103">
  <mem-info id="1895" free="1957187936" total="2026635264" percent="96">
    <mem type="nursery" free="0" total="42598400" percent="0">
      <mem type="allocate" free="0" total="38338560" percent="0" />
      <mem type="survivor" free="0" total="4259840" percent="0" />
    </mem>
    <mem type="tenure" free="1957187936" total="1984036864" percent="98">
      <mem type="soa" free="1858009440" total="1884835840" percent="98" />
      <mem type="loa" free="99178496" total="99201024" percent="99" />
    </mem>
    <remembered-set count="93" />
  </mem-info>
</gc-start>
<allocation-stats totalBytes="38169896" >
  <allocated-bytes non-tlh="1168" tlh="38168728" />
  <largest-consumer threadName="main" threadId="00000000015BE700" bytes="38169896" />
</allocation-stats>
<gc-op id="1896" type="scavenge" timems="0.750" contextid="1893" timestamp="2019-06-14T20:52:26.104">
  <scavenger-info tenureage="3" tenuremask="fff8" tiltratio="90" />
  <memory-copied type="nursery" objects="1" bytes="24" bytesdiscarded="39144" />
</gc-op>
<heap-resize id="1897" type="expand" space="nursery" amount="2097152" count="1" timems="0.014" reason="excessive time being spent scavenging" timestamp="2019-06-14T20:52:26.105" />
<gc-end id="1898" type="scavenge" contextid="1893" durationms="1.387" usertimems="0.000" systemtimems="0.000" timestamp="2019-06-14T20:52:26.105" activeThreads="4">
  <mem-info id="1899" free="1997322336" total="2028732416" percent="98">
    <mem type="nursery" free="40134400" total="44695552" percent="89">
      <mem type="allocate" free="40134400" total="40173568" percent="99" />
      <mem type="survivor" free="0" total="4521984" percent="0" />
    </mem>
    <mem type="tenure" free="1957187936" total="1984036864" percent="98">
      <mem type="soa" free="1858009440" total="1884835840" percent="98" />
      <mem type="loa" free="99178496" total="99201024" percent="99" />
    </mem>
    <remembered-set count="93" />
  </mem-info>
</gc-end>
<cycle-end id="1900" type="scavenge" contextid="1893" timestamp="2019-06-14T20:52:26.105" />
  <attribute name="elasticGC enabled" value="1" />
  <attribute name= "numThreadsSpecified" value="4" />
  <attribute name="heapSize specified" value="2092630016" />
  <attribute name="Current GC Util" value="13" />
  <attribute name= "Current Time Running" value="10422" />
  <attribute name ="GC Interval" value="200" />
  <attribute name="ProportionalT" value="-3.500000" />
  <attribute name="ProportionalI" value="-3.500000" />
  <attribute name="ProportionalH" value="-3.500000" />
  <attribute name="Current Error" value="-7.000000" />
  <attribute name="IntegralT" value="-63.000000" />
  <attribute name="IntegralI" value="-63.000000" />
  <attribute name="IntegralH" value="-63.000000" />
  <attribute name="DerivativeT" value="-0.388889" />
  <attribute name="DerivativeI" value="-0.388889" />
  <attribute name="DerivativeH" value="-0.388889" />
  <attribute name="Loop Time for DT" value="9.000000" />
  <attribute name="Output H" value="2092630016"/>
  <attribute name="Output I" value="200"/>
  <attribute name="Output T" value="4"/>
  <attribute name="Target GC Util Change" value ="20.000000" />
  <attribute name="Current GC Util Change" value="13.000000"/>
  <attribute name="GC Util currently" value="13" />
  <attribute name="CPU Util currently" value="501659876861" />
<allocation-satisfied id="1901" threadId="00000000015BE700" bytesRequested="1168" />
<af-end id="1902" timestamp="2019-06-14T20:52:26.105" threadId="00000000015BF088" success="true" from="nursery"/>
<exclusive-end id="1903" timestamp="2019-06-14T20:52:26.105" durationms="2.425" />

<exclusive-start id="1904" timestamp="2019-06-14T20:52:26.113" intervalms="10.640">
  <response-info timems="0.053" idlems="0.053" threads="0" lastid="00000000015BE700" lastname="main" />
</exclusive-start>
<af-start id="1905" threadId="00000000015BF088" totalBytesRequested="1168" timestamp="2019-06-14T20:52:26.114" intervalms="10.597" type="nursery" />
<cycle-start id="1906" type="scavenge" contextid="0" timestamp="2019-06-14T20:52:26.114" intervalms="10.608" />
<gc-start id="1907" type="scavenge" contextid="1906" timestamp="2019-06-14T20:52:26.114">
  <mem-info id="1908" free="1957187936" total="2028732416" percent="96">
    <mem type="nursery" free="0" total="44695552" percent="0">
      <mem type="allocate" free="0" total="40173568" percent="0" />
      <mem type="survivor" free="0" total="4521984" percent="0" />
    </mem>
    <mem type="tenure" free="1957187936" total="1984036864" percent="98">
      <mem type="soa" free="1858009440" total="1884835840" percent="98" />
      <mem type="loa" free="99178496" total="99201024" percent="99" />
    </mem>
    <remembered-set count="93" />
  </mem-info>
</gc-start>
<allocation-stats totalBytes="39998904" >
  <allocated-bytes non-tlh="1168" tlh="39997736" />
  <largest-consumer threadName="main" threadId="00000000015BE700" bytes="39998904" />
</allocation-stats>
<gc-op id="1909" type="scavenge" timems="0.705" contextid="1906" timestamp="2019-06-14T20:52:26.115">
  <scavenger-info tenureage="3" tenuremask="fff8" tiltratio="89" />
  <memory-copied type="nursery" objects="1" bytes="24" bytesdiscarded="39144" />
</gc-op>
<heap-resize id="1910" type="expand" space="nursery" amount="1966080" count="1" timems="0.013" reason="excessive time being spent scavenging" timestamp="2019-06-14T20:52:26.115" />
<gc-end id="1911" type="scavenge" contextid="1906" durationms="1.283" usertimems="4.000" systemtimems="0.000" timestamp="2019-06-14T20:52:26.115" activeThreads="4">
  <mem-info id="1912" free="1999091808" total="2030698496" percent="98">
    <mem type="nursery" free="41903872" total="46661632" percent="89">
      <mem type="allocate" free="41903872" total="41943040" percent="99" />
      <mem type="survivor" free="0" total="4718592" percent="0" />
    </mem>
    <mem type="tenure" free="1957187936" total="1984036864" percent="98">
      <mem type="soa" free="1858009440" total="1884835840" percent="98" />
      <mem type="loa" free="99178496" total="99201024" percent="99" />
    </mem>
    <remembered-set count="93" />
  </mem-info>
</gc-end>
<cycle-end id="1913" type="scavenge" contextid="1906" timestamp="2019-06-14T20:52:26.115" />
  <attribute name="elasticGC enabled" value="1" />
  <attribute name= "numThreadsSpecified" value="4" />
  <attribute name="heapSize specified" value="2092630016" />
  <attribute name="Current GC Util" value="18" />
  <attribute name= "Current Time Running" value="10432" />
  <attribute name ="GC Interval" value="200" />
  <attribute name="ProportionalT" value="-1.000000" />
  <attribute name="ProportionalI" value="-1.000000" />
  <attribute name="ProportionalH" value="-1.000000" />
  <attribute name="Current Error" value="-2.000000" />
  <attribute name="IntegralT" value="-20.000000" />
  <attribute name="IntegralI" value="-20.000000" />
  <attribute name="IntegralH" value="-20.000000" />
  <attribute name="DerivativeT" value="-0.100000" />
  <attribute name="DerivativeI" value="-0.100000" />
  <attribute name="DerivativeH" value="-0.100000" />
  <attribute name="Loop Time for DT" value="10.000000" />
  <attribute name="Output H" value="2092630016"/>
  <attribute name="Output I" value="200"/>
  <attribute name="Output T" value="4"/>
  <attribute name="Target GC Util Change" value ="20.000000" />
  <attribute name="Current GC Util Change" value="18.000000"/>
  <attribute name="GC Util currently" value="18" />
  <attribute name="CPU Util currently" value="433876918095" />
<allocation-satisfied id="1914" threadId="00000000015BE700" bytesRequested="1168" />
<af-end id="1915" timestamp="2019-06-14T20:52:26.115" threadId="00000000015BF088" success="true" from="nursery"/>
<exclusive-end id="1916" timestamp="2019-06-14T20:52:26.115" durationms="1.988" />

<exclusive-start id="1917" timestamp="2019-06-14T20:52:26.124" intervalms="10.102">
  <response-info timems="0.091" idlems="0.091" threads="0" lastid="00000000015BE700" lastname="main" />
</exclusive-start>
<af-start id="1918" threadId="00000000015BF088" totalBytesRequested="1168" timestamp="2019-06-14T20:52:26.124" intervalms="10.139" type="nursery" />
<cycle-start id="1919" type="scavenge" contextid="0" timestamp="2019-06-14T20:52:26.124" intervalms="10.134" />
<gc-start id="1920" type="scavenge" contextid="1919" timestamp="2019-06-14T20:52:26.124">
  <mem-info id="1921" free="1957187936" total="2030698496" percent="96">
    <mem type="nursery" free="0" total="46661632" percent="0">
      <mem type="allocate" free="0" total="41943040" percent="0" />
      <mem type="survivor" free="0" total="4718592" percent="0" />
    </mem>
    <mem type="tenure" free="1957187936" total="1984036864" percent="98">
      <mem type="soa" free="1858009440" total="1884835840" percent="98" />
      <mem type="loa" free="99178496" total="99201024" percent="99" />
    </mem>
    <remembered-set count="93" />
  </mem-info>
</gc-start>
<allocation-stats totalBytes="41762592" >
  <allocated-bytes non-tlh="1168" tlh="41761424" />
  <largest-consumer threadName="main" threadId="00000000015BE700" bytes="41762592" />
</allocation-stats>
<gc-op id="1922" type="scavenge" timems="0.446" contextid="1919" timestamp="2019-06-14T20:52:26.125">
  <scavenger-info tenureage="8" tenuremask="ff00" tiltratio="89" />
  <memory-copied type="nursery" objects="1" bytes="24" bytesdiscarded="39144" />
</gc-op>
<gc-end id="1923" type="scavenge" contextid="1919" durationms="0.878" usertimems="4.000" systemtimems="0.000" timestamp="2019-06-14T20:52:26.125" activeThreads="4">
  <mem-info id="1924" free="1999091808" total="2030698496" percent="98">
    <mem type="nursery" free="41903872" total="46661632" percent="89">
      <mem type="allocate" free="41903872" total="41943040" percent="99" />
      <mem type="survivor" free="0" total="4718592" percent="0" />
    </mem>
    <mem type="tenure" free="1957187936" total="1984036864" percent="98">
      <mem type="soa" free="1858009440" total="1884835840" percent="98" />
      <mem type="loa" free="99178496" total="99201024" percent="99" />
    </mem>
    <remembered-set count="93" />
  </mem-info>
</gc-end>
<cycle-end id="1925" type="scavenge" contextid="1919" timestamp="2019-06-14T20:52:26.125" />
  <attribute name="elasticGC enabled" value="1" />
  <attribute name= "numThreadsSpecified" value="4" />
  <attribute name="heapSize specified" value="2092630016" />
  <attribute name="Current GC Util" value="19" />
  <attribute name= "Current Time Running" value="10442" />
  <attribute name ="GC Interval" value="200" />
  <attribute name="ProportionalT" value="-0.500000" />
  <attribute name="ProportionalI" value="-0.500000" />
  <attribute name="ProportionalH" value="-0.500000" />
  <attribute name="Current Error" value="-1.000000" />
  <attribute name="IntegralT" value="-10.000000" />
  <attribute name="IntegralI" value="-10.000000" />
  <attribute name="IntegralH" value="-10.000000" />
  <attribute name="DerivativeT" value="-0.050000" />
  <attribute name="DerivativeI" value="-0.050000" />
  <attribute name="DerivativeH" value="-0.050000" />
  <attribute name="Loop Time for DT" value="10.000000" />
  <attribute name="Output H" value="2092630016"/>
  <attribute name="Output I" value="200"/>
  <attribute name="Output T" value="4"/>
  <attribute name="Target GC Util Change" value ="20.000000" />
  <attribute name="Current GC Util Change" value="19.000000"/>
  <attribute name="GC Util currently" value="19" />
  <attribute name="CPU Util currently" value="458295545803" />
<allocation-satisfied id="1926" threadId="00000000015BE700" bytesRequested="1168" />
<af-end id="1927" timestamp="2019-06-14T20:52:26.125" threadId="00000000015BF088" success="true" from="nursery"/>
<exclusive-end id="1928" timestamp="2019-06-14T20:52:26.125" durationms="1.613" />

<exclusive-start id="1929" timestamp="2019-06-14T20:52:26.134" intervalms="10.158">
  <response-info timems="0.050" idlems="0.050" threads="0" lastid="00000000015BE700" lastname="main" />
</exclusive-start>
<af-start id="1930" threadId="00000000015BF088" totalBytesRequested="1168" timestamp="2019-06-14T20:52:26.134" intervalms="10.160" type="nursery" />
<cycle-start id="1931" type="scavenge" contextid="0" timestamp="2019-06-14T20:52:26.134" intervalms="10.161" />
<gc-start id="1932" type="scavenge" contextid="1931" timestamp="2019-06-14T20:52:26.134">
  <mem-info id="1933" free="1957187936" total="2030698496" percent="96">
    <mem type="nursery" free="0" total="46661632" percent="0">
      <mem type="allocate" free="0" total="41943040" percent="0" />
      <mem type="survivor" free="0" total="4718592" percent="0" />
    </mem>
    <mem type="tenure" free="1957187936" total="1984036864" percent="98">
      <mem type="soa" free="1858009440" total="1884835840" percent="98" />
      <mem type="loa" free="99178496" total="99201024" percent="99" />
    </mem>
    <remembered-set count="93" />
  </mem-info>
</gc-start>
<allocation-stats totalBytes="41763824" >
  <allocated-bytes non-tlh="1168" tlh="41762656" />
  <largest-consumer threadName="main" threadId="00000000015BE700" bytes="41763824" />
</allocation-stats>
<gc-op id="1934" type="scavenge" timems="0.774" contextid="1931" timestamp="2019-06-14T20:52:26.135">
  <scavenger-info tenureage="8" tenuremask="ff00" tiltratio="89" />
  <memory-copied type="nursery" objects="1" bytes="24" bytesdiscarded="39144" />
</gc-op>
<heap-resize id="1935" type="expand" space="nursery" amount="2097152" count="1" timems="0.015" reason="excessive time being spent scavenging" timestamp="2019-06-14T20:52:26.135" />
<gc-end id="1936" type="scavenge" contextid="1931" durationms="1.313" usertimems="4.000" systemtimems="0.000" timestamp="2019-06-14T20:52:26.135" activeThreads="4">
  <mem-info id="1937" free="2000926816" total="2032795648" percent="98">
    <mem type="nursery" free="43738880" total="48758784" percent="89">
      <mem type="allocate" free="43738880" total="43778048" percent="99" />
      <mem type="survivor" free="0" total="4980736" percent="0" />
    </mem>
    <mem type="tenure" free="1957187936" total="1984036864" percent="98">
      <mem type="soa" free="1858009440" total="1884835840" percent="98" />
      <mem type="loa" free="99178496" total="99201024" percent="99" />
    </mem>
    <remembered-set count="93" />
  </mem-info>
</gc-end>
<cycle-end id="1938" type="scavenge" contextid="1931" timestamp="2019-06-14T20:52:26.136" />
  <attribute name="elasticGC enabled" value="1" />
  <attribute name= "numThreadsSpecified" value="4" />
  <attribute name="heapSize specified" value="2092630016" />
  <attribute name="Current GC Util" value="12" />
  <attribute name= "Current Time Running" value="10453" />
  <attribute name ="GC Interval" value="200" />
  <attribute name="ProportionalT" value="-4.000000" />
  <attribute name="ProportionalI" value="-4.000000" />
  <attribute name="ProportionalH" value="-4.000000" />
  <attribute name="Current Error" value="-8.000000" />
  <attribute name="IntegralT" value="-88.000000" />
  <attribute name="IntegralI" value="-88.000000" />
  <attribute name="IntegralH" value="-88.000000" />
  <attribute name="DerivativeT" value="-0.363636" />
  <attribute name="DerivativeI" value="-0.363636" />
  <attribute name="DerivativeH" value="-0.363636" />
  <attribute name="Loop Time for DT" value="11.000000" />
  <attribute name="Output H" value="2092630016"/>
  <attribute name="Output I" value="200"/>
  <attribute name="Output T" value="4"/>
  <attribute name="Target GC Util Change" value ="20.000000" />
  <attribute name="Current GC Util Change" value="12.000000"/>
  <attribute name="GC Util currently" value="12" />
  <attribute name="CPU Util currently" value="452209383033" />
<allocation-satisfied id="1939" threadId="00000000015BE700" bytesRequested="1168" />
<af-end id="1940" timestamp="2019-06-14T20:52:26.136" threadId="00000000015BF088" success="true" from="nursery"/>
<exclusive-end id="1941" timestamp="2019-06-14T20:52:26.136" durationms="2.133" />

<exclusive-start id="1942" timestamp="2019-06-14T20:52:26.144" intervalms="10.608">
  <response-info timems="0.087" idlems="0.087" threads="0" lastid="00000000015BE700" lastname="main" />
</exclusive-start>
<af-start id="1943" threadId="00000000015BF088" totalBytesRequested="1168" timestamp="2019-06-14T20:52:26.145" intervalms="10.609" type="nursery" />
<cycle-start id="1944" type="scavenge" contextid="0" timestamp="2019-06-14T20:52:26.145" intervalms="10.600" />
<gc-start id="1945" type="scavenge" contextid="1944" timestamp="2019-06-14T20:52:26.145">
  <mem-info id="1946" free="1957187936" total="2032795648" percent="96">
    <mem type="nursery" free="0" total="48758784" percent="0">
      <mem type="allocate" free="0" total="43778048" percent="0" />
      <mem type="survivor" free="0" total="4980736" percent="0" />
    </mem>
    <mem type="tenure" free="1957187936" total="1984036864" percent="98">
      <mem type="soa" free="1858009440" total="1884835840" percent="98" />
      <mem type="loa" free="99178496" total="99201024" percent="99" />
    </mem>
    <remembered-set count="93" />
  </mem-info>
</gc-start>
<allocation-stats totalBytes="43591576" >
  <allocated-bytes non-tlh="1168" tlh="43590408" />
  <largest-consumer threadName="main" threadId="00000000015BE700" bytes="43591576" />
</allocation-stats>
<gc-op id="1947" type="scavenge" timems="0.701" contextid="1944" timestamp="2019-06-14T20:52:26.146">
  <scavenger-info tenureage="8" tenuremask="ff00" tiltratio="89" />
  <memory-copied type="nursery" objects="1" bytes="24" bytesdiscarded="39144" />
</gc-op>
<heap-resize id="1948" type="expand" space="nursery" amount="2097152" count="1" timems="0.013" reason="excessive time being spent scavenging" timestamp="2019-06-14T20:52:26.146" />
<gc-end id="1949" type="scavenge" contextid="1944" durationms="1.198" usertimems="0.000" systemtimems="0.000" timestamp="2019-06-14T20:52:26.146" activeThreads="4">
  <mem-info id="1950" free="2002827360" total="2034892800" percent="98">
    <mem type="nursery" free="45639424" total="50855936" percent="89">
      <mem type="allocate" free="45639424" total="45678592" percent="99" />
      <mem type="survivor" free="0" total="5177344" percent="0" />
    </mem>
    <mem type="tenure" free="1957187936" total="1984036864" percent="98">
      <mem type="soa" free="1858009440" total="1884835840" percent="98" />
      <mem type="loa" free="99178496" total="99201024" percent="99" />
    </mem>
    <remembered-set count="93" />
  </mem-info>
</gc-end>
<cycle-end id="1951" type="scavenge" contextid="1944" timestamp="2019-06-14T20:52:26.146" />
  <attribute name="elasticGC enabled" value="1" />
  <attribute name= "numThreadsSpecified" value="4" />
  <attribute name="heapSize specified" value="2092630016" />
  <attribute name="Current GC Util" value="19" />
  <attribute name= "Current Time Running" value="10463" />
  <attribute name ="GC Interval" value="200" />
  <attribute name="ProportionalT" value="-0.500000" />
  <attribute name="ProportionalI" value="-0.500000" />
  <attribute name="ProportionalH" value="-0.500000" />
  <attribute name="Current Error" value="-1.000000" />
  <attribute name="IntegralT" value="-10.000000" />
  <attribute name="IntegralI" value="-10.000000" />
  <attribute name="IntegralH" value="-10.000000" />
  <attribute name="DerivativeT" value="-0.050000" />
  <attribute name="DerivativeI" value="-0.050000" />
  <attribute name="DerivativeH" value="-0.050000" />
  <attribute name="Loop Time for DT" value="10.000000" />
  <attribute name="Output H" value="2092630016"/>
  <attribute name="Output I" value="200"/>
  <attribute name="Output T" value="4"/>
  <attribute name="Target GC Util Change" value ="20.000000" />
  <attribute name="Current GC Util Change" value="19.000000"/>
  <attribute name="GC Util currently" value="19" />
  <attribute name="CPU Util currently" value="438282579976" />
<allocation-satisfied id="1952" threadId="00000000015BE700" bytesRequested="1168" />
<af-end id="1953" timestamp="2019-06-14T20:52:26.146" threadId="00000000015BF088" success="true" from="nursery"/>
<exclusive-end id="1954" timestamp="2019-06-14T20:52:26.146" durationms="1.883" />

<exclusive-start id="1955" timestamp="2019-06-14T20:52:26.170" intervalms="25.337">
  <response-info timems="0.038" idlems="0.038" threads="0" lastid="00000000015BE700" lastname="main" />
</exclusive-start>
<af-start id="1956" threadId="00000000015BF088" totalBytesRequested="1168" timestamp="2019-06-14T20:52:26.170" intervalms="25.339" type="nursery" />
<cycle-start id="1957" type="scavenge" contextid="0" timestamp="2019-06-14T20:52:26.170" intervalms="25.340" />
<gc-start id="1958" type="scavenge" contextid="1957" timestamp="2019-06-14T20:52:26.170">
  <mem-info id="1959" free="1957187936" total="2034892800" percent="96">
    <mem type="nursery" free="0" total="50855936" percent="0">
      <mem type="allocate" free="0" total="45678592" percent="0" />
      <mem type="survivor" free="0" total="5177344" percent="0" />
    </mem>
    <mem type="tenure" free="1957187936" total="1984036864" percent="98">
      <mem type="soa" free="1858009440" total="1884835840" percent="98" />
      <mem type="loa" free="99178496" total="99201024" percent="99" />
    </mem>
    <remembered-set count="98" />
  </mem-info>
</gc-start>
<allocation-stats totalBytes="45415496" >
  <allocated-bytes non-tlh="1168" tlh="45414328" />
  <largest-consumer threadName="main" threadId="00000000015BE700" bytes="45415496" />
</allocation-stats>
<gc-op id="1960" type="scavenge" timems="0.473" contextid="1957" timestamp="2019-06-14T20:52:26.171">
  <scavenger-info tenureage="8" tenuremask="ff00" tiltratio="89" />
  <memory-copied type="nursery" objects="28" bytes="1960" bytesdiscarded="76376" />
</gc-op>
<gc-end id="1961" type="scavenge" contextid="1957" durationms="0.960" usertimems="0.000" systemtimems="0.000" timestamp="2019-06-14T20:52:26.171" activeThreads="4">
  <mem-info id="1962" free="2002853728" total="2034892800" percent="98">
    <mem type="nursery" free="45665792" total="50855936" percent="89">
      <mem type="allocate" free="45665792" total="45744128" percent="99" />
      <mem type="survivor" free="0" total="5111808" percent="0" />
    </mem>
    <mem type="tenure" free="1957187936" total="1984036864" percent="98">
      <mem type="soa" free="1858009440" total="1884835840" percent="98" />
      <mem type="loa" free="99178496" total="99201024" percent="99" />
    </mem>
    <remembered-set count="98" />
  </mem-info>
</gc-end>
<cycle-end id="1963" type="scavenge" contextid="1957" timestamp="2019-06-14T20:52:26.171" />
  <attribute name="elasticGC enabled" value="1" />
  <attribute name= "numThreadsSpecified" value="4" />
  <attribute name="heapSize specified" value="2092630016" />
  <attribute name="Current GC Util" value="7" />
  <attribute name= "Current Time Running" value="10489" />
  <attribute name ="GC Interval" value="200" />
  <attribute name="ProportionalT" value="-6.500000" />
  <attribute name="ProportionalI" value="-6.500000" />
  <attribute name="ProportionalH" value="-6.500000" />
  <attribute name="Current Error" value="-13.000000" />
  <attribute name="IntegralT" value="-338.000000" />
  <attribute name="IntegralI" value="-338.000000" />
  <attribute name="IntegralH" value="-338.000000" />
  <attribute name="DerivativeT" value="-0.250000" />
  <attribute name="DerivativeI" value="-0.250000" />
  <attribute name="DerivativeH" value="-0.250000" />
  <attribute name="Loop Time for DT" value="26.000000" />
  <attribute name="Output H" value="2092630016"/>
  <attribute name="Output I" value="200"/>
  <attribute name="Output T" value="4"/>
  <attribute name="Target GC Util Change" value ="20.000000" />
  <attribute name="Current GC Util Change" value="7.000000"/>
  <attribute name="GC Util currently" value="7" />
  <attribute name="CPU Util currently" value="181703612027" />
<allocation-satisfied id="1964" threadId="00000000015BE700" bytesRequested="1168" />
<af-end id="1965" timestamp="2019-06-14T20:52:26.171" threadId="00000000015BF088" success="true" from="nursery"/>
<exclusive-end id="1966" timestamp="2019-06-14T20:52:26.172" durationms="1.910" />

<exclusive-start id="1967" timestamp="2019-06-14T20:52:26.207" intervalms="37.583">
  <response-info timems="0.147" idlems="0.147" threads="0" lastid="00000000015BE700" lastname="main" />
</exclusive-start>
<af-start id="1968" threadId="00000000015BF088" totalBytesRequested="1168" timestamp="2019-06-14T20:52:26.207" intervalms="37.590" type="nursery" />
<cycle-start id="1969" type="scavenge" contextid="0" timestamp="2019-06-14T20:52:26.208" intervalms="37.594" />
<gc-start id="1970" type="scavenge" contextid="1969" timestamp="2019-06-14T20:52:26.208">
  <mem-info id="1971" free="1957187936" total="2034892800" percent="96">
    <mem type="nursery" free="0" total="50855936" percent="0">
      <mem type="allocate" free="0" total="45744128" percent="0" />
      <mem type="survivor" free="0" total="5111808" percent="0" />
    </mem>
    <mem type="tenure" free="1957187936" total="1984036864" percent="98">
      <mem type="soa" free="1858009440" total="1884835840" percent="98" />
      <mem type="loa" free="99178496" total="99201024" percent="99" />
    </mem>
    <remembered-set count="98" />
  </mem-info>
</gc-start>
<allocation-stats totalBytes="45367576" >
  <allocated-bytes non-tlh="1168" tlh="45366408" />
  <largest-consumer threadName="main" threadId="00000000015BE700" bytes="45367576" />
</allocation-stats>
<gc-op id="1972" type="scavenge" timems="0.974" contextid="1969" timestamp="2019-06-14T20:52:26.209">
  <scavenger-info tenureage="3" tenuremask="fff8" tiltratio="89" />
  <memory-copied type="nursery" objects="29" bytes="1984" bytesdiscarded="76352" />
</gc-op>
<gc-end id="1973" type="scavenge" contextid="1969" durationms="1.375" usertimems="4.000" systemtimems="0.000" timestamp="2019-06-14T20:52:26.209" activeThreads="4">
  <mem-info id="1974" free="2002853728" total="2034892800" percent="98">
    <mem type="nursery" free="45665792" total="50855936" percent="89">
      <mem type="allocate" free="45665792" total="45744128" percent="99" />
      <mem type="survivor" free="0" total="5111808" percent="0" />
    </mem>
    <mem type="tenure" free="1957187936" total="1984036864" percent="98">
      <mem type="soa" free="1858009440" total="1884835840" percent="98" />
      <mem type="loa" free="99178496" total="99201024" percent="99" />
    </mem>
    <remembered-set count="88" />
  </mem-info>
</gc-end>
<cycle-end id="1975" type="scavenge" contextid="1969" timestamp="2019-06-14T20:52:26.209" />
  <attribute name="elasticGC enabled" value="1" />
  <attribute name= "numThreadsSpecified" value="4" />
  <attribute name="heapSize specified" value="2092630016" />
  <attribute name="Current GC Util" value="3" />
  <attribute name= "Current Time Running" value="10526" />
  <attribute name ="GC Interval" value="200" />
  <attribute name="ProportionalT" value="-8.500000" />
  <attribute name="ProportionalI" value="-8.500000" />
  <attribute name="ProportionalH" value="-8.500000" />
  <attribute name="Current Error" value="-17.000000" />
  <attribute name="IntegralT" value="-629.000000" />
  <attribute name="IntegralI" value="-629.000000" />
  <attribute name="IntegralH" value="-629.000000" />
  <attribute name="DerivativeT" value="-0.229730" />
  <attribute name="DerivativeI" value="-0.229730" />
  <attribute name="DerivativeH" value="-0.229730" />
  <attribute name="Loop Time for DT" value="37.000000" />
  <attribute name="Output H" value="2092630016"/>
  <attribute name="Output I" value="200"/>
  <attribute name="Output T" value="4"/>
  <attribute name="Target GC Util Change" value ="20.000000" />
  <attribute name="Current GC Util Change" value="3.000000"/>
  <attribute name="GC Util currently" value="3" />
  <attribute name="CPU Util currently" value="122639240167" />
<allocation-satisfied id="1976" threadId="00000000015BE700" bytesRequested="1168" />
<af-end id="1977" timestamp="2019-06-14T20:52:26.209" threadId="00000000015BF088" success="true" from="nursery"/>
<exclusive-end id="1978" timestamp="2019-06-14T20:52:26.209" durationms="2.165" />

<exclusive-start id="1979" timestamp="2019-06-14T20:52:26.229" intervalms="22.068">
  <response-info timems="0.072" idlems="0.072" threads="0" lastid="00000000015BE700" lastname="main" />
</exclusive-start>
<af-start id="1980" threadId="00000000015BF088" totalBytesRequested="1168" timestamp="2019-06-14T20:52:26.230" intervalms="22.053" type="nursery" />
<cycle-start id="1981" type="scavenge" contextid="0" timestamp="2019-06-14T20:52:26.230" intervalms="22.055" />
<gc-start id="1982" type="scavenge" contextid="1981" timestamp="2019-06-14T20:52:26.230">
  <mem-info id="1983" free="1957187936" total="2034892800" percent="96">
    <mem type="nursery" free="0" total="50855936" percent="0">
      <mem type="allocate" free="0" total="45744128" percent="0" />
      <mem type="survivor" free="0" total="5111808" percent="0" />
    </mem>
    <mem type="tenure" free="1957187936" total="1984036864" percent="98">
      <mem type="soa" free="1858009440" total="1884835840" percent="98" />
      <mem type="loa" free="99178496" total="99201024" percent="99" />
    </mem>
    <remembered-set count="88" />
  </mem-info>
</gc-start>
<allocation-stats totalBytes="45380464" >
  <allocated-bytes non-tlh="1168" tlh="45379296" />
  <largest-consumer threadName="main" threadId="00000000015BE700" bytes="45380464" />
</allocation-stats>
<gc-op id="1984" type="scavenge" timems="0.393" contextid="1981" timestamp="2019-06-14T20:52:26.230">
  <scavenger-info tenureage="3" tenuremask="fff8" tiltratio="89" />
  <memory-copied type="nursery" objects="29" bytes="1984" bytesdiscarded="76352" />
</gc-op>
<gc-end id="1985" type="scavenge" contextid="1981" durationms="0.797" usertimems="4.000" systemtimems="0.000" timestamp="2019-06-14T20:52:26.231" activeThreads="4">
  <mem-info id="1986" free="2002853728" total="2034892800" percent="98">
    <mem type="nursery" free="45665792" total="50855936" percent="89">
      <mem type="allocate" free="45665792" total="45744128" percent="99" />
      <mem type="survivor" free="0" total="5111808" percent="0" />
    </mem>
    <mem type="tenure" free="1957187936" total="1984036864" percent="98">
      <mem type="soa" free="1858009440" total="1884835840" percent="98" />
      <mem type="loa" free="99178496" total="99201024" percent="99" />
    </mem>
    <remembered-set count="88" />
  </mem-info>
</gc-end>
<cycle-end id="1987" type="scavenge" contextid="1981" timestamp="2019-06-14T20:52:26.231" />
  <attribute name="elasticGC enabled" value="1" />
  <attribute name= "numThreadsSpecified" value="4" />
  <attribute name="heapSize specified" value="2092630016" />
  <attribute name="Current GC Util" value="10" />
  <attribute name= "Current Time Running" value="10548" />
  <attribute name ="GC Interval" value="200" />
  <attribute name="ProportionalT" value="-5.000000" />
  <attribute name="ProportionalI" value="-5.000000" />
  <attribute name="ProportionalH" value="-5.000000" />
  <attribute name="Current Error" value="-10.000000" />
  <attribute name="IntegralT" value="-220.000000" />
  <attribute name="IntegralI" value="-220.000000" />
  <attribute name="IntegralH" value="-220.000000" />
  <attribute name="DerivativeT" value="-0.227273" />
  <attribute name="DerivativeI" value="-0.227273" />
  <attribute name="DerivativeH" value="-0.227273" />
  <attribute name="Loop Time for DT" value="22.000000" />
  <attribute name="Output H" value="2092630016"/>
  <attribute name="Output I" value="200"/>
  <attribute name="Output T" value="4"/>
  <attribute name="Target GC Util Change" value ="20.000000" />
  <attribute name="Current GC Util Change" value="10.000000"/>
  <attribute name="GC Util currently" value="10" />
  <attribute name="CPU Util currently" value="209224839786" />
<allocation-satisfied id="1988" threadId="00000000015BE700" bytesRequested="1168" />
<af-end id="1989" timestamp="2019-06-14T20:52:26.231" threadId="00000000015BF088" success="true" from="nursery"/>
<exclusive-end id="1990" timestamp="2019-06-14T20:52:26.231" durationms="1.535" />

<exclusive-start id="1991" timestamp="2019-06-14T20:52:26.249" intervalms="19.386">
  <response-info timems="0.025" idlems="0.025" threads="0" lastid="00000000015BE700" lastname="main" />
</exclusive-start>
<af-start id="1992" threadId="00000000015BF088" totalBytesRequested="1168" timestamp="2019-06-14T20:52:26.249" intervalms="19.387" type="nursery" />
<cycle-start id="1993" type="scavenge" contextid="0" timestamp="2019-06-14T20:52:26.249" intervalms="19.385" />
<gc-start id="1994" type="scavenge" contextid="1993" timestamp="2019-06-14T20:52:26.249">
  <mem-info id="1995" free="1957187936" total="2034892800" percent="96">
    <mem type="nursery" free="0" total="50855936" percent="0">
      <mem type="allocate" free="0" total="45744128" percent="0" />
      <mem type="survivor" free="0" total="5111808" percent="0" />
    </mem>
    <mem type="tenure" free="1957187936" total="1984036864" percent="98">
      <mem type="soa" free="1858009440" total="1884835840" percent="98" />
      <mem type="loa" free="99178496" total="99201024" percent="99" />
    </mem>
    <remembered-set count="88" />
  </mem-info>
</gc-start>
<allocation-stats totalBytes="45379208" >
  <allocated-bytes non-tlh="1168" tlh="45378040" />
  <largest-consumer threadName="main" threadId="00000000015BE700" bytes="45379208" />
</allocation-stats>
<gc-op id="1996" type="scavenge" timems="0.445" contextid="1993" timestamp="2019-06-14T20:52:26.250">
  <scavenger-info tenureage="3" tenuremask="fff8" tiltratio="89" />
  <memory-copied type="nursery" objects="1" bytes="24" bytesdiscarded="39144" />
  <memory-copied type="tenure" objects="27" bytes="1920" bytesdiscarded="0" />
</gc-op>
<gc-end id="1997" type="scavenge" contextid="1993" durationms="0.909" usertimems="0.000" systemtimems="0.000" timestamp="2019-06-14T20:52:26.250" activeThreads="4">
  <mem-info id="1998" free="2002892896" total="2034892800" percent="98">
    <mem type="nursery" free="45704960" total="50855936" percent="89">
      <mem type="allocate" free="45704960" total="45744128" percent="99" />
      <mem type="survivor" free="0" total="5111808" percent="0" />
    </mem>
    <mem type="tenure" free="1957187936" total="1984036864" percent="98">
      <mem type="soa" free="1858009440" total="1884835840" percent="98" />
      <mem type="loa" free="99178496" total="99201024" percent="99" />
    </mem>
    <remembered-set count="93" />
  </mem-info>
</gc-end>
<cycle-end id="1999" type="scavenge" contextid="1993" timestamp="2019-06-14T20:52:26.250" />
  <attribute name="elasticGC enabled" value="1" />
  <attribute name= "numThreadsSpecified" value="4" />
  <attribute name="heapSize specified" value="2092630016" />
  <attribute name="Current GC Util" value="6" />
  <attribute name= "Current Time Running" value="10568" />
  <attribute name ="GC Interval" value="200" />
  <attribute name="ProportionalT" value="-7.000000" />
  <attribute name="ProportionalI" value="-7.000000" />
  <attribute name="ProportionalH" value="-7.000000" />
  <attribute name="Current Error" value="-14.000000" />
  <attribute name="IntegralT" value="-280.000000" />
  <attribute name="IntegralI" value="-280.000000" />
  <attribute name="IntegralH" value="-280.000000" />
  <attribute name="DerivativeT" value="-0.350000" />
  <attribute name="DerivativeI" value="-0.350000" />
  <attribute name="DerivativeH" value="-0.350000" />
  <attribute name="Loop Time for DT" value="20.000000" />
  <attribute name="Output H" value="2092630016"/>
  <attribute name="Output I" value="200"/>
  <attribute name="Output T" value="4"/>
  <attribute name="Target GC Util Change" value ="20.000000" />
  <attribute name="Current GC Util Change" value="6.000000"/>
  <attribute name="GC Util currently" value="6" />
  <attribute name="CPU Util currently" value="237708593224" />
<allocation-satisfied id="2000" threadId="00000000015BE700" bytesRequested="1168" />
<af-end id="2001" timestamp="2019-06-14T20:52:26.250" threadId="00000000015BF088" success="true" from="nursery"/>
<exclusive-end id="2002" timestamp="2019-06-14T20:52:26.250" durationms="1.677" />

<exclusive-start id="2003" timestamp="2019-06-14T20:52:26.259" intervalms="10.610">
  <response-info timems="0.069" idlems="0.069" threads="0" lastid="00000000015BE700" lastname="main" />
</exclusive-start>
<af-start id="2004" threadId="00000000015BF088" totalBytesRequested="1168" timestamp="2019-06-14T20:52:26.260" intervalms="10.662" type="nursery" />
<cycle-start id="2005" type="scavenge" contextid="0" timestamp="2019-06-14T20:52:26.260" intervalms="10.717" />
<gc-start id="2006" type="scavenge" contextid="2005" timestamp="2019-06-14T20:52:26.260">
  <mem-info id="2007" free="1957187936" total="2034892800" percent="96">
    <mem type="nursery" free="0" total="50855936" percent="0">
      <mem type="allocate" free="0" total="45744128" percent="0" />
      <mem type="survivor" free="0" total="5111808" percent="0" />
    </mem>
    <mem type="tenure" free="1957187936" total="1984036864" percent="98">
      <mem type="soa" free="1858009440" total="1884835840" percent="98" />
      <mem type="loa" free="99178496" total="99201024" percent="99" />
    </mem>
    <remembered-set count="93" />
  </mem-info>
</gc-start>
<allocation-stats totalBytes="45420168" >
  <allocated-bytes non-tlh="1168" tlh="45419000" />
  <largest-consumer threadName="main" threadId="00000000015BE700" bytes="45420168" />
</allocation-stats>
<gc-op id="2008" type="scavenge" timems="0.516" contextid="2005" timestamp="2019-06-14T20:52:26.261">
  <scavenger-info tenureage="3" tenuremask="ffe8" tiltratio="89" />
  <memory-copied type="nursery" objects="1" bytes="24" bytesdiscarded="39144" />
</gc-op>
<heap-resize id="2009" type="expand" space="nursery" amount="2097152" count="1" timems="0.016" reason="excessive time being spent scavenging" timestamp="2019-06-14T20:52:26.261" />
<gc-end id="2010" type="scavenge" contextid="2005" durationms="1.248" usertimems="4.000" systemtimems="0.000" timestamp="2019-06-14T20:52:26.261" activeThreads="4">
  <mem-info id="2011" free="2004727904" total="2036989952" percent="98">
    <mem type="nursery" free="47539968" total="52953088" percent="89">
      <mem type="allocate" free="47539968" total="47579136" percent="99" />
      <mem type="survivor" free="0" total="5373952" percent="0" />
    </mem>
    <mem type="tenure" free="1957187936" total="1984036864" percent="98">
      <mem type="soa" free="1858009440" total="1884835840" percent="98" />
      <mem type="loa" free="99178496" total="99201024" percent="99" />
    </mem>
    <remembered-set count="93" />
  </mem-info>
</gc-end>
<cycle-end id="2012" type="scavenge" contextid="2005" timestamp="2019-06-14T20:52:26.261" />
  <attribute name="elasticGC enabled" value="1" />
  <attribute name= "numThreadsSpecified" value="4" />
  <attribute name="heapSize specified" value="2092630016" />
  <attribute name="Current GC Util" value="9" />
  <attribute name= "Current Time Running" value="10579" />
  <attribute name ="GC Interval" value="200" />
  <attribute name="ProportionalT" value="-5.500000" />
  <attribute name="ProportionalI" value="-5.500000" />
  <attribute name="ProportionalH" value="-5.500000" />
  <attribute name="Current Error" value="-11.000000" />
  <attribute name="IntegralT" value="-121.000000" />
  <attribute name="IntegralI" value="-121.000000" />
  <attribute name="IntegralH" value="-121.000000" />
  <attribute name="DerivativeT" value="-0.500000" />
  <attribute name="DerivativeI" value="-0.500000" />
  <attribute name="DerivativeH" value="-0.500000" />
  <attribute name="Loop Time for DT" value="11.000000" />
  <attribute name="Output H" value="2092630016"/>
  <attribute name="Output I" value="200"/>
  <attribute name="Output T" value="4"/>
  <attribute name="Target GC Util Change" value ="20.000000" />
  <attribute name="Current GC Util Change" value="9.000000"/>
  <attribute name="GC Util currently" value="9" />
  <attribute name="CPU Util currently" value="421400450136" />
<allocation-satisfied id="2013" threadId="00000000015BE700" bytesRequested="1168" />
<af-end id="2014" timestamp="2019-06-14T20:52:26.261" threadId="00000000015BF088" success="true" from="nursery"/>
<exclusive-end id="2015" timestamp="2019-06-14T20:52:26.261" durationms="2.126" />

<exclusive-start id="2016" timestamp="2019-06-14T20:52:26.271" intervalms="11.383">
  <response-info timems="0.069" idlems="0.069" threads="0" lastid="00000000015BE700" lastname="main" />
</exclusive-start>
<af-start id="2017" threadId="00000000015BF088" totalBytesRequested="1168" timestamp="2019-06-14T20:52:26.271" intervalms="11.370" type="nursery" />
<cycle-start id="2018" type="scavenge" contextid="0" timestamp="2019-06-14T20:52:26.271" intervalms="11.374" />
<gc-start id="2019" type="scavenge" contextid="2018" timestamp="2019-06-14T20:52:26.271">
  <mem-info id="2020" free="1957187936" total="2036989952" percent="96">
    <mem type="nursery" free="0" total="52953088" percent="0">
      <mem type="allocate" free="0" total="47579136" percent="0" />
      <mem type="survivor" free="0" total="5373952" percent="0" />
    </mem>
    <mem type="tenure" free="1957187936" total="1984036864" percent="98">
      <mem type="soa" free="1858009440" total="1884835840" percent="98" />
      <mem type="loa" free="99178496" total="99201024" percent="99" />
    </mem>
    <remembered-set count="93" />
  </mem-info>
</gc-start>
<allocation-stats totalBytes="47242448" >
  <allocated-bytes non-tlh="1168" tlh="47241280" />
  <largest-consumer threadName="main" threadId="00000000015BE700" bytes="47242448" />
</allocation-stats>
<gc-op id="2021" type="scavenge" timems="0.578" contextid="2018" timestamp="2019-06-14T20:52:26.272">
  <scavenger-info tenureage="3" tenuremask="fff8" tiltratio="89" />
  <memory-copied type="nursery" objects="1" bytes="24" bytesdiscarded="39144" />
</gc-op>
<heap-resize id="2022" type="expand" space="nursery" amount="2097152" count="1" timems="0.012" reason="excessive time being spent scavenging" timestamp="2019-06-14T20:52:26.272" />
<gc-end id="2023" type="scavenge" contextid="2018" durationms="1.184" usertimems="4.000" systemtimems="0.000" timestamp="2019-06-14T20:52:26.272" activeThreads="4">
  <mem-info id="2024" free="2006628448" total="2039087104" percent="98">
    <mem type="nursery" free="49440512" total="55050240" percent="89">
      <mem type="allocate" free="49440512" total="49479680" percent="99" />
      <mem type="survivor" free="0" total="5570560" percent="0" />
    </mem>
    <mem type="tenure" free="1957187936" total="1984036864" percent="98">
      <mem type="soa" free="1858009440" total="1884835840" percent="98" />
      <mem type="loa" free="99178496" total="99201024" percent="99" />
    </mem>
    <remembered-set count="93" />
  </mem-info>
</gc-end>
<cycle-end id="2025" type="scavenge" contextid="2018" timestamp="2019-06-14T20:52:26.273" />
  <attribute name="elasticGC enabled" value="1" />
  <attribute name= "numThreadsSpecified" value="4" />
  <attribute name="heapSize specified" value="2092630016" />
  <attribute name="Current GC Util" value="13" />
  <attribute name= "Current Time Running" value="10590" />
  <attribute name ="GC Interval" value="200" />
  <attribute name="ProportionalT" value="-3.500000" />
  <attribute name="ProportionalI" value="-3.500000" />
  <attribute name="ProportionalH" value="-3.500000" />
  <attribute name="Current Error" value="-7.000000" />
  <attribute name="IntegralT" value="-77.000000" />
  <attribute name="IntegralI" value="-77.000000" />
  <attribute name="IntegralH" value="-77.000000" />
  <attribute name="DerivativeT" value="-0.318182" />
  <attribute name="DerivativeI" value="-0.318182" />
  <attribute name="DerivativeH" value="-0.318182" />
  <attribute name="Loop Time for DT" value="11.000000" />
  <attribute name="Output H" value="2092630016"/>
  <attribute name="Output I" value="200"/>
  <attribute name="Output T" value="4"/>
  <attribute name="Target GC Util Change" value ="20.000000" />
  <attribute name="Current GC Util Change" value="13.000000"/>
  <attribute name="GC Util currently" value="13" />
  <attribute name="CPU Util currently" value="410980595483" />
<allocation-satisfied id="2026" threadId="00000000015BE700" bytesRequested="1168" />
<af-end id="2027" timestamp="2019-06-14T20:52:26.273" threadId="00000000015BF088" success="true" from="nursery"/>
<exclusive-end id="2028" timestamp="2019-06-14T20:52:26.273" durationms="2.207" />

<exclusive-start id="2029" timestamp="2019-06-14T20:52:26.284" intervalms="12.816">
  <response-info timems="0.150" idlems="0.150" threads="0" lastid="00000000015BE700" lastname="main" />
</exclusive-start>
<af-start id="2030" threadId="00000000015BF088" totalBytesRequested="1168" timestamp="2019-06-14T20:52:26.284" intervalms="12.782" type="nursery" />
<cycle-start id="2031" type="scavenge" contextid="0" timestamp="2019-06-14T20:52:26.284" intervalms="12.718" />
<gc-start id="2032" type="scavenge" contextid="2031" timestamp="2019-06-14T20:52:26.284">
  <mem-info id="2033" free="1957187936" total="2039087104" percent="95">
    <mem type="nursery" free="0" total="55050240" percent="0">
      <mem type="allocate" free="0" total="49479680" percent="0" />
      <mem type="survivor" free="0" total="5570560" percent="0" />
    </mem>
    <mem type="tenure" free="1957187936" total="1984036864" percent="98">
      <mem type="soa" free="1858009440" total="1884835840" percent="98" />
      <mem type="loa" free="99178496" total="99201024" percent="99" />
    </mem>
    <remembered-set count="93" />
  </mem-info>
</gc-start>
<allocation-stats totalBytes="49131688" >
  <allocated-bytes non-tlh="1168" tlh="49130520" />
  <largest-consumer threadName="main" threadId="00000000015BE700" bytes="49131688" />
</allocation-stats>
<gc-op id="2034" type="scavenge" timems="0.516" contextid="2031" timestamp="2019-06-14T20:52:26.285">
  <scavenger-info tenureage="3" tenuremask="fff8" tiltratio="89" />
  <memory-copied type="nursery" objects="1" bytes="24" bytesdiscarded="39144" />
</gc-op>
<gc-end id="2035" type="scavenge" contextid="2031" durationms="1.038" usertimems="0.000" systemtimems="0.000" timestamp="2019-06-14T20:52:26.285" activeThreads="4">
  <mem-info id="2036" free="2006693984" total="2039087104" percent="98">
    <mem type="nursery" free="49506048" total="55050240" percent="89">
      <mem type="allocate" free="49506048" total="49545216" percent="99" />
      <mem type="survivor" free="0" total="5505024" percent="0" />
    </mem>
    <mem type="tenure" free="1957187936" total="1984036864" percent="98">
      <mem type="soa" free="1858009440" total="1884835840" percent="98" />
      <mem type="loa" free="99178496" total="99201024" percent="99" />
    </mem>
    <remembered-set count="93" />
  </mem-info>
</gc-end>
<cycle-end id="2037" type="scavenge" contextid="2031" timestamp="2019-06-14T20:52:26.285" />
  <attribute name="elasticGC enabled" value="1" />
  <attribute name= "numThreadsSpecified" value="4" />
  <attribute name="heapSize specified" value="2092630016" />
  <attribute name="Current GC Util" value="11" />
  <attribute name= "Current Time Running" value="10603" />
  <attribute name ="GC Interval" value="200" />
  <attribute name="ProportionalT" value="-4.500000" />
  <attribute name="ProportionalI" value="-4.500000" />
  <attribute name="ProportionalH" value="-4.500000" />
  <attribute name="Current Error" value="-9.000000" />
  <attribute name="IntegralT" value="-117.000000" />
  <attribute name="IntegralI" value="-117.000000" />
  <attribute name="IntegralH" value="-117.000000" />
  <attribute name="DerivativeT" value="-0.346154" />
  <attribute name="DerivativeI" value="-0.346154" />
  <attribute name="DerivativeH" value="-0.346154" />
  <attribute name="Loop Time for DT" value="13.000000" />
  <attribute name="Output H" value="2092630016"/>
  <attribute name="Output I" value="200"/>
  <attribute name="Output T" value="4"/>
  <attribute name="Target GC Util Change" value ="20.000000" />
  <attribute name="Current GC Util Change" value="11.000000"/>
  <attribute name="GC Util currently" value="11" />
  <attribute name="CPU Util currently" value="362968805732" />
<allocation-satisfied id="2038" threadId="00000000015BE700" bytesRequested="1168" />
<af-end id="2039" timestamp="2019-06-14T20:52:26.285" threadId="00000000015BF088" success="true" from="nursery"/>
<exclusive-end id="2040" timestamp="2019-06-14T20:52:26.285" durationms="1.921" />

<exclusive-start id="2041" timestamp="2019-06-14T20:52:26.295" intervalms="11.561">
  <response-info timems="0.093" idlems="0.093" threads="0" lastid="00000000015BE700" lastname="main" />
</exclusive-start>
<af-start id="2042" threadId="00000000015BF088" totalBytesRequested="1168" timestamp="2019-06-14T20:52:26.295" intervalms="11.555" type="nursery" />
<cycle-start id="2043" type="scavenge" contextid="0" timestamp="2019-06-14T20:52:26.295" intervalms="11.566" />
<gc-start id="2044" type="scavenge" contextid="2043" timestamp="2019-06-14T20:52:26.296">
  <mem-info id="2045" free="1957187936" total="2039087104" percent="95">
    <mem type="nursery" free="0" total="55050240" percent="0">
      <mem type="allocate" free="0" total="49545216" percent="0" />
      <mem type="survivor" free="0" total="5505024" percent="0" />
    </mem>
    <mem type="tenure" free="1957187936" total="1984036864" percent="98">
      <mem type="soa" free="1858009440" total="1884835840" percent="98" />
      <mem type="loa" free="99178496" total="99201024" percent="99" />
    </mem>
    <remembered-set count="93" />
  </mem-info>
</gc-start>
<allocation-stats totalBytes="49196192" >
  <allocated-bytes non-tlh="1168" tlh="49195024" />
  <largest-consumer threadName="main" threadId="00000000015BE700" bytes="49196192" />
</allocation-stats>
<gc-op id="2046" type="scavenge" timems="0.531" contextid="2043" timestamp="2019-06-14T20:52:26.296">
  <scavenger-info tenureage="3" tenuremask="fff8" tiltratio="90" />
  <memory-copied type="nursery" objects="1" bytes="24" bytesdiscarded="39144" />
</gc-op>
<heap-resize id="2047" type="expand" space="nursery" amount="3145728" count="1" timems="0.014" reason="excessive time being spent scavenging" timestamp="2019-06-14T20:52:26.297" />
<gc-end id="2048" type="scavenge" contextid="2043" durationms="1.098" usertimems="4.000" systemtimems="0.000" timestamp="2019-06-14T20:52:26.297" activeThreads="4">
  <mem-info id="2049" free="2009512032" total="2042232832" percent="98">
    <mem type="nursery" free="52324096" total="58195968" percent="89">
      <mem type="allocate" free="52324096" total="52363264" percent="99" />
      <mem type="survivor" free="0" total="5832704" percent="0" />
    </mem>
    <mem type="tenure" free="1957187936" total="1984036864" percent="98">
      <mem type="soa" free="1858009440" total="1884835840" percent="98" />
      <mem type="loa" free="99178496" total="99201024" percent="99" />
    </mem>
    <remembered-set count="93" />
  </mem-info>
</gc-end>
<cycle-end id="2050" type="scavenge" contextid="2043" timestamp="2019-06-14T20:52:26.297" />
  <attribute name="elasticGC enabled" value="1" />
  <attribute name= "numThreadsSpecified" value="4" />
  <attribute name="heapSize specified" value="2092630016" />
  <attribute name="Current GC Util" value="12" />
  <attribute name= "Current Time Running" value="10614" />
  <attribute name ="GC Interval" value="200" />
  <attribute name="ProportionalT" value="-4.000000" />
  <attribute name="ProportionalI" value="-4.000000" />
  <attribute name="ProportionalH" value="-4.000000" />
  <attribute name="Current Error" value="-8.000000" />
  <attribute name="IntegralT" value="-88.000000" />
  <attribute name="IntegralI" value="-88.000000" />
  <attribute name="IntegralH" value="-88.000000" />
  <attribute name="DerivativeT" value="-0.363636" />
  <attribute name="DerivativeI" value="-0.363636" />
  <attribute name="DerivativeH" value="-0.363636" />
  <attribute name="Loop Time for DT" value="11.000000" />
  <attribute name="Output H" value="2092630016"/>
  <attribute name="Output I" value="200"/>
  <attribute name="Output T" value="4"/>
  <attribute name="Target GC Util Change" value ="20.000000" />
  <attribute name="Current GC Util Change" value="12.000000"/>
  <attribute name="GC Util currently" value="12" />
  <attribute name="CPU Util currently" value="398734408065" />
<allocation-satisfied id="2051" threadId="00000000015BE700" bytesRequested="1168" />
<af-end id="2052" timestamp="2019-06-14T20:52:26.297" threadId="00000000015BF088" success="true" from="nursery"/>
<exclusive-end id="2053" timestamp="2019-06-14T20:52:26.297" durationms="1.826" />

<exclusive-start id="2054" timestamp="2019-06-14T20:52:26.415" intervalms="119.934">
  <response-info timems="0.033" idlems="0.033" threads="0" lastid="00000000015BE700" lastname="main" />
</exclusive-start>
<af-start id="2055" threadId="00000000015BF088" totalBytesRequested="40" timestamp="2019-06-14T20:52:26.415" intervalms="119.947" type="nursery" />
<cycle-start id="2056" type="scavenge" contextid="0" timestamp="2019-06-14T20:52:26.415" intervalms="119.937" />
<gc-start id="2057" type="scavenge" contextid="2056" timestamp="2019-06-14T20:52:26.415">
  <mem-info id="2058" free="1957187936" total="2042232832" percent="95">
    <mem type="nursery" free="0" total="58195968" percent="0">
      <mem type="allocate" free="0" total="52363264" percent="0" />
      <mem type="survivor" free="0" total="5832704" percent="0" />
    </mem>
    <mem type="tenure" free="1957187936" total="1984036864" percent="98">
      <mem type="soa" free="1858009440" total="1884835840" percent="98" />
      <mem type="loa" free="99178496" total="99201024" percent="99" />
    </mem>
    <remembered-set count="98" />
  </mem-info>
</gc-start>
<allocation-stats totalBytes="52311464" >
  <allocated-bytes non-tlh="1168" tlh="52310296" />
  <largest-consumer threadName="main" threadId="00000000015BE700" bytes="52311464" />
</allocation-stats>
<gc-op id="2059" type="scavenge" timems="0.726" contextid="2056" timestamp="2019-06-14T20:52:26.416">
  <scavenger-info tenureage="3" tenuremask="fff8" tiltratio="89" />
  <memory-copied type="nursery" objects="157" bytes="5208" bytesdiscarded="73128" />
</gc-op>
<gc-end id="2060" type="scavenge" contextid="2056" durationms="1.209" usertimems="4.000" systemtimems="0.000" timestamp="2019-06-14T20:52:26.417" activeThreads="4">
  <mem-info id="2061" free="2009472864" total="2042232832" percent="98">
    <mem type="nursery" free="52284928" total="58195968" percent="89">
      <mem type="allocate" free="52284928" total="52363264" percent="99" />
      <mem type="survivor" free="0" total="5832704" percent="0" />
    </mem>
    <mem type="tenure" free="1957187936" total="1984036864" percent="98">
      <mem type="soa" free="1858009440" total="1884835840" percent="98" />
      <mem type="loa" free="99178496" total="99201024" percent="99" />
    </mem>
    <remembered-set count="98" />
  </mem-info>
</gc-end>
<cycle-end id="2062" type="scavenge" contextid="2056" timestamp="2019-06-14T20:52:26.417" />
  <attribute name="elasticGC enabled" value="1" />
  <attribute name= "numThreadsSpecified" value="4" />
  <attribute name="heapSize specified" value="2092630016" />
  <attribute name="Current GC Util" value="1" />
  <attribute name= "Current Time Running" value="10734" />
  <attribute name ="GC Interval" value="200" />
  <attribute name="ProportionalT" value="-9.500000" />
  <attribute name="ProportionalI" value="-9.500000" />
  <attribute name="ProportionalH" value="-9.500000" />
  <attribute name="Current Error" value="-19.000000" />
  <attribute name="IntegralT" value="-2280.000000" />
  <attribute name="IntegralI" value="-2280.000000" />
  <attribute name="IntegralH" value="-2280.000000" />
  <attribute name="DerivativeT" value="-0.079167" />
  <attribute name="DerivativeI" value="-0.079167" />
  <attribute name="DerivativeH" value="-0.079167" />
  <attribute name="Loop Time for DT" value="120.000000" />
  <attribute name="Output H" value="2092630016"/>
  <attribute name="Output I" value="200"/>
  <attribute name="Output T" value="4"/>
  <attribute name="Target GC Util Change" value ="20.000000" />
  <attribute name="Current GC Util Change" value="1.000000"/>
  <attribute name="GC Util currently" value="1" />
  <attribute name="CPU Util currently" value="38443750809" />
<allocation-satisfied id="2063" threadId="00000000015BE700" bytesRequested="40" />
<af-end id="2064" timestamp="2019-06-14T20:52:26.417" threadId="00000000015BF088" success="true" from="nursery"/>
<exclusive-end id="2065" timestamp="2019-06-14T20:52:26.417" durationms="1.991" />

<exclusive-start id="2066" timestamp="2019-06-14T20:52:26.557" intervalms="141.540">
  <response-info timems="0.095" idlems="0.095" threads="0" lastid="00000000015BE700" lastname="main" />
</exclusive-start>
<af-start id="2067" threadId="00000000015BF088" totalBytesRequested="64" timestamp="2019-06-14T20:52:26.557" intervalms="141.591" type="nursery" />
<cycle-start id="2068" type="scavenge" contextid="0" timestamp="2019-06-14T20:52:26.557" intervalms="141.650" />
<gc-start id="2069" type="scavenge" contextid="2068" timestamp="2019-06-14T20:52:26.557">
  <mem-info id="2070" free="1957187936" total="2042232832" percent="95">
    <mem type="nursery" free="0" total="58195968" percent="0">
      <mem type="allocate" free="0" total="52363264" percent="0" />
      <mem type="survivor" free="0" total="5832704" percent="0" />
    </mem>
    <mem type="tenure" free="1957187936" total="1984036864" percent="98">
      <mem type="soa" free="1858009440" total="1884835840" percent="98" />
      <mem type="loa" free="99178496" total="99201024" percent="99" />
    </mem>
    <remembered-set count="102" />
  </mem-info>
</gc-start>
<allocation-stats totalBytes="52278136" >
  <allocated-bytes non-tlh="40" tlh="52278096" />
  <largest-consumer threadName="main" threadId="00000000015BE700" bytes="52278136" />
</allocation-stats>
<gc-op id="2071" type="scavenge" timems="0.744" contextid="2068" timestamp="2019-06-14T20:52:26.558">
  <scavenger-info tenureage="3" tenuremask="fff8" tiltratio="89" />
  <memory-copied type="nursery" objects="240" bytes="7704" bytesdiscarded="70584" />
  <references type="weak" candidates="37" cleared="0" enqueued="0" />
</gc-op>
<gc-end id="2072" type="scavenge" contextid="2068" durationms="1.371" usertimems="0.000" systemtimems="0.000" timestamp="2019-06-14T20:52:26.559" activeThreads="4">
  <mem-info id="2073" free="2009472864" total="2042232832" percent="98">
    <mem type="nursery" free="52284928" total="58195968" percent="89">
      <mem type="allocate" free="52284928" total="52363264" percent="99" />
      <mem type="survivor" free="0" total="5832704" percent="0" />
    </mem>
    <mem type="tenure" free="1957187936" total="1984036864" percent="98">
      <mem type="soa" free="1858009440" total="1884835840" percent="98" />
      <mem type="loa" free="99178496" total="99201024" percent="99" />
    </mem>
    <remembered-set count="92" />
  </mem-info>
</gc-end>
<cycle-end id="2074" type="scavenge" contextid="2068" timestamp="2019-06-14T20:52:26.559" />
  <attribute name="elasticGC enabled" value="1" />
  <attribute name= "numThreadsSpecified" value="4" />
  <attribute name="heapSize specified" value="2092630016" />
  <attribute name="Current GC Util" value="1" />
  <attribute name= "Current Time Running" value="10876" />
  <attribute name ="GC Interval" value="200" />
  <attribute name="ProportionalT" value="-9.500000" />
  <attribute name="ProportionalI" value="-9.500000" />
  <attribute name="ProportionalH" value="-9.500000" />
  <attribute name="Current Error" value="-19.000000" />
  <attribute name="IntegralT" value="-2698.000000" />
  <attribute name="IntegralI" value="-2698.000000" />
  <attribute name="IntegralH" value="-2698.000000" />
  <attribute name="DerivativeT" value="-0.066901" />
  <attribute name="DerivativeI" value="-0.066901" />
  <attribute name="DerivativeH" value="-0.066901" />
  <attribute name="Loop Time for DT" value="142.000000" />
  <attribute name="Output H" value="2092630016"/>
  <attribute name="Output I" value="200"/>
  <attribute name="Output T" value="4"/>
  <attribute name="Target GC Util Change" value ="20.000000" />
  <attribute name="Current GC Util Change" value="1.000000"/>
  <attribute name="GC Util currently" value="1" />
  <attribute name="CPU Util currently" value="32526199931" />
<allocation-satisfied id="2075" threadId="00000000015BE700" bytesRequested="64" />
<af-end id="2076" timestamp="2019-06-14T20:52:26.559" threadId="00000000015BF088" success="true" from="nursery"/>
<exclusive-end id="2077" timestamp="2019-06-14T20:52:26.559" durationms="2.504" />

<exclusive-start id="2078" timestamp="2019-06-14T20:52:26.607" intervalms="50.522">
  <response-info timems="0.098" idlems="0.098" threads="0" lastid="00000000015BE700" lastname="main" />
</exclusive-start>
<af-start id="2079" threadId="00000000015BF088" totalBytesRequested="32" timestamp="2019-06-14T20:52:26.607" intervalms="50.524" type="nursery" />
<cycle-start id="2080" type="scavenge" contextid="0" timestamp="2019-06-14T20:52:26.607" intervalms="50.524" />
<gc-start id="2081" type="scavenge" contextid="2080" timestamp="2019-06-14T20:52:26.608">
  <mem-info id="2082" free="1957187936" total="2042232832" percent="95">
    <mem type="nursery" free="0" total="58195968" percent="0">
      <mem type="allocate" free="0" total="52363264" percent="0" />
      <mem type="survivor" free="0" total="5832704" percent="0" />
    </mem>
    <mem type="tenure" free="1957187936" total="1984036864" percent="98">
      <mem type="soa" free="1858009440" total="1884835840" percent="98" />
      <mem type="loa" free="99178496" total="99201024" percent="99" />
    </mem>
    <remembered-set count="94" />
  </mem-info>
</gc-start>
<allocation-stats totalBytes="52260280" >
  <allocated-bytes non-tlh="64" tlh="52260216" />
  <largest-consumer threadName="main" threadId="00000000015BE700" bytes="52260280" />
</allocation-stats>
<gc-op id="2083" type="scavenge" timems="0.551" contextid="2080" timestamp="2019-06-14T20:52:26.608">
  <scavenger-info tenureage="3" tenuremask="fff8" tiltratio="89" />
  <memory-copied type="nursery" objects="83" bytes="2376" bytesdiscarded="106680" />
  <references type="weak" candidates="37" cleared="7" enqueued="3" />
</gc-op>
<gc-end id="2084" type="scavenge" contextid="2080" durationms="1.077" usertimems="0.000" systemtimems="0.000" timestamp="2019-06-14T20:52:26.609" activeThreads="4">
  <mem-info id="2085" free="2009442144" total="2042232832" percent="98">
    <mem type="nursery" free="52254208" total="58195968" percent="89">
      <mem type="allocate" free="52254208" total="52363264" percent="99" />
      <mem type="survivor" free="0" total="5832704" percent="0" />
    </mem>
    <mem type="tenure" free="1957187936" total="1984036864" percent="98">
      <mem type="soa" free="1858009440" total="1884835840" percent="98" />
      <mem type="loa" free="99178496" total="99201024" percent="99" />
    </mem>
    <pending-finalizers system="0" default="0" reference="3" classloader="0" />
    <remembered-set count="94" />
  </mem-info>
</gc-end>
<cycle-end id="2086" type="scavenge" contextid="2080" timestamp="2019-06-14T20:52:26.609" />
  <attribute name="elasticGC enabled" value="1" />
  <attribute name= "numThreadsSpecified" value="4" />
  <attribute name="heapSize specified" value="2092630016" />
  <attribute name="Current GC Util" value="3" />
  <attribute name= "Current Time Running" value="10926" />
  <attribute name ="GC Interval" value="200" />
  <attribute name="ProportionalT" value="-8.500000" />
  <attribute name="ProportionalI" value="-8.500000" />
  <attribute name="ProportionalH" value="-8.500000" />
  <attribute name="Current Error" value="-17.000000" />
  <attribute name="IntegralT" value="-850.000000" />
  <attribute name="IntegralI" value="-850.000000" />
  <attribute name="IntegralH" value="-850.000000" />
  <attribute name="DerivativeT" value="-0.170000" />
  <attribute name="DerivativeI" value="-0.170000" />
  <attribute name="DerivativeH" value="-0.170000" />
  <attribute name="Loop Time for DT" value="50.000000" />
  <attribute name="Output H" value="2092630016"/>
  <attribute name="Output I" value="200"/>
  <attribute name="Output T" value="4"/>
  <attribute name="Target GC Util Change" value ="20.000000" />
  <attribute name="Current GC Util Change" value="3.000000"/>
  <attribute name="GC Util currently" value="3" />
  <attribute name="CPU Util currently" value="91476557710" />
<allocation-satisfied id="2087" threadId="00000000015BE700" bytesRequested="32" />
<af-end id="2088" timestamp="2019-06-14T20:52:26.609" threadId="00000000015BF088" success="true" from="nursery"/>
<exclusive-end id="2089" timestamp="2019-06-14T20:52:26.609" durationms="2.248" />

<exclusive-start id="2090" timestamp="2019-06-14T20:52:26.647" intervalms="39.835">
  <response-info timems="0.142" idlems="0.142" threads="0" lastid="00000000015BE700" lastname="main" />
</exclusive-start>
<af-start id="2091" threadId="00000000015BF088" totalBytesRequested="296" timestamp="2019-06-14T20:52:26.647" intervalms="39.782" type="nursery" />
<cycle-start id="2092" type="scavenge" contextid="0" timestamp="2019-06-14T20:52:26.647" intervalms="39.739" />
<gc-start id="2093" type="scavenge" contextid="2092" timestamp="2019-06-14T20:52:26.647">
  <mem-info id="2094" free="1957187936" total="2042232832" percent="95">
    <mem type="nursery" free="0" total="58195968" percent="0">
      <mem type="allocate" free="0" total="52363264" percent="0" />
      <mem type="survivor" free="0" total="5832704" percent="0" />
    </mem>
    <mem type="tenure" free="1957187936" total="1984036864" percent="98">
      <mem type="soa" free="1858009440" total="1884835840" percent="98" />
      <mem type="loa" free="99178496" total="99201024" percent="99" />
    </mem>
    <remembered-set count="95" />
  </mem-info>
</gc-start>
<allocation-stats totalBytes="52227208" >
  <allocated-bytes non-tlh="32" tlh="52227176" />
  <largest-consumer threadName="main" threadId="00000000015BE700" bytes="52223112" />
</allocation-stats>
<gc-op id="2095" type="scavenge" timems="0.769" contextid="2092" timestamp="2019-06-14T20:52:26.648">
  <scavenger-info tenureage="3" tenuremask="fff8" tiltratio="89" />
  <memory-copied type="nursery" objects="74" bytes="2928" bytesdiscarded="106128" />
  <memory-copied type="tenure" objects="8" bytes="184" bytesdiscarded="0" />
  <references type="weak" candidates="30" cleared="0" enqueued="0" />
</gc-op>
<gc-end id="2096" type="scavenge" contextid="2092" durationms="1.269" usertimems="0.000" systemtimems="0.000" timestamp="2019-06-14T20:52:26.649" activeThreads="4">
  <mem-info id="2097" free="2009442144" total="2042232832" percent="98">
    <mem type="nursery" free="52254208" total="58195968" percent="89">
      <mem type="allocate" free="52254208" total="52363264" percent="99" />
      <mem type="survivor" free="0" total="5832704" percent="0" />
    </mem>
    <mem type="tenure" free="1957187936" total="1984036864" percent="98">
      <mem type="soa" free="1858009440" total="1884835840" percent="98" />
      <mem type="loa" free="99178496" total="99201024" percent="99" />
    </mem>
    <remembered-set count="91" />
  </mem-info>
</gc-end>
<cycle-end id="2098" type="scavenge" contextid="2092" timestamp="2019-06-14T20:52:26.649" />
  <attribute name="elasticGC enabled" value="1" />
  <attribute name= "numThreadsSpecified" value="4" />
  <attribute name="heapSize specified" value="2092630016" />
  <attribute name="Current GC Util" value="3" />
  <attribute name= "Current Time Running" value="10966" />
  <attribute name ="GC Interval" value="200" />
  <attribute name="ProportionalT" value="-8.500000" />
  <attribute name="ProportionalI" value="-8.500000" />
  <attribute name="ProportionalH" value="-8.500000" />
  <attribute name="Current Error" value="-17.000000" />
  <attribute name="IntegralT" value="-680.000000" />
  <attribute name="IntegralI" value="-680.000000" />
  <attribute name="IntegralH" value="-680.000000" />
  <attribute name="DerivativeT" value="-0.212500" />
  <attribute name="DerivativeI" value="-0.212500" />
  <attribute name="DerivativeH" value="-0.212500" />
  <attribute name="Loop Time for DT" value="40.000000" />
  <attribute name="Output H" value="2092630016"/>
  <attribute name="Output I" value="200"/>
  <attribute name="Output T" value="4"/>
  <attribute name="Target GC Util Change" value ="20.000000" />
  <attribute name="Current GC Util Change" value="3.000000"/>
  <attribute name="GC Util currently" value="3" />
  <attribute name="CPU Util currently" value="116111221944" />
<allocation-satisfied id="2099" threadId="00000000015BE700" bytesRequested="296" />
<af-end id="2100" timestamp="2019-06-14T20:52:26.649" threadId="00000000015BF088" success="true" from="nursery"/>
<exclusive-end id="2101" timestamp="2019-06-14T20:52:26.649" durationms="2.269" />

<exclusive-start id="2102" timestamp="2019-06-14T20:52:26.687" intervalms="40.493">
  <response-info timems="0.168" idlems="0.168" threads="0" lastid="00000000015BE700" lastname="main" />
</exclusive-start>
<af-start id="2103" threadId="00000000015BF088" totalBytesRequested="16" timestamp="2019-06-14T20:52:26.688" intervalms="40.490" type="nursery" />
<cycle-start id="2104" type="scavenge" contextid="0" timestamp="2019-06-14T20:52:26.688" intervalms="40.477" />
<gc-start id="2105" type="scavenge" contextid="2104" timestamp="2019-06-14T20:52:26.688">
  <mem-info id="2106" free="1957187936" total="2042232832" percent="95">
    <mem type="nursery" free="0" total="58195968" percent="0">
      <mem type="allocate" free="0" total="52363264" percent="0" />
      <mem type="survivor" free="0" total="5832704" percent="0" />
    </mem>
    <mem type="tenure" free="1957187936" total="1984036864" percent="98">
      <mem type="soa" free="1858009440" total="1884835840" percent="98" />
      <mem type="loa" free="99178496" total="99201024" percent="99" />
    </mem>
    <remembered-set count="91" />
  </mem-info>
</gc-start>
<allocation-stats totalBytes="52227312" >
  <allocated-bytes non-tlh="296" tlh="52227016" />
  <largest-consumer threadName="main" threadId="00000000015BE700" bytes="52227312" />
</allocation-stats>
<gc-op id="2107" type="scavenge" timems="0.626" contextid="2104" timestamp="2019-06-14T20:52:26.689">
  <scavenger-info tenureage="3" tenuremask="ffe8" tiltratio="89" />
  <memory-copied type="nursery" objects="27" bytes="1416" bytesdiscarded="76920" />
  <memory-copied type="tenure" objects="50" bytes="1464" bytesdiscarded="0" />
</gc-op>
<gc-end id="2108" type="scavenge" contextid="2104" durationms="1.024" usertimems="0.000" systemtimems="0.000" timestamp="2019-06-14T20:52:26.689" activeThreads="4">
  <mem-info id="2109" free="2009472864" total="2042232832" percent="98">
    <mem type="nursery" free="52284928" total="58195968" percent="89">
      <mem type="allocate" free="52284928" total="52363264" percent="99" />
      <mem type="survivor" free="0" total="5832704" percent="0" />
    </mem>
    <mem type="tenure" free="1957187936" total="1984036864" percent="98">
      <mem type="soa" free="1858009440" total="1884835840" percent="98" />
      <mem type="loa" free="99178496" total="99201024" percent="99" />
    </mem>
    <remembered-set count="87" />
  </mem-info>
</gc-end>
<cycle-end id="2110" type="scavenge" contextid="2104" timestamp="2019-06-14T20:52:26.689" />
  <attribute name="elasticGC enabled" value="1" />
  <attribute name= "numThreadsSpecified" value="4" />
  <attribute name="heapSize specified" value="2092630016" />
  <attribute name="Current GC Util" value="5" />
  <attribute name= "Current Time Running" value="11006" />
  <attribute name ="GC Interval" value="200" />
  <attribute name="ProportionalT" value="-7.500000" />
  <attribute name="ProportionalI" value="-7.500000" />
  <attribute name="ProportionalH" value="-7.500000" />
  <attribute name="Current Error" value="-15.000000" />
  <attribute name="IntegralT" value="-600.000000" />
  <attribute name="IntegralI" value="-600.000000" />
  <attribute name="IntegralH" value="-600.000000" />
  <attribute name="DerivativeT" value="-0.187500" />
  <attribute name="DerivativeI" value="-0.187500" />
  <attribute name="DerivativeH" value="-0.187500" />
  <attribute name="Loop Time for DT" value="40.000000" />
  <attribute name="Output H" value="2092630016"/>
  <attribute name="Output I" value="200"/>
  <attribute name="Output T" value="4"/>
  <attribute name="Target GC Util Change" value ="20.000000" />
  <attribute name="Current GC Util Change" value="5.000000"/>
  <attribute name="GC Util currently" value="5" />
  <attribute name="CPU Util currently" value="114182920182" />
<allocation-satisfied id="2111" threadId="00000000015BE700" bytesRequested="16" />
<af-end id="2112" timestamp="2019-06-14T20:52:26.689" threadId="00000000015BF088" success="true" from="nursery"/>
<exclusive-end id="2113" timestamp="2019-06-14T20:52:26.689" durationms="1.819" />

<exclusive-start id="2114" timestamp="2019-06-14T20:52:26.727" intervalms="39.900">
  <response-info timems="0.091" idlems="0.091" threads="0" lastid="00000000015BE700" lastname="main" />
</exclusive-start>
<af-start id="2115" threadId="00000000015BF088" totalBytesRequested="64" timestamp="2019-06-14T20:52:26.728" intervalms="39.901" type="nursery" />
<cycle-start id="2116" type="scavenge" contextid="0" timestamp="2019-06-14T20:52:26.728" intervalms="39.905" />
<gc-start id="2117" type="scavenge" contextid="2116" timestamp="2019-06-14T20:52:26.728">
  <mem-info id="2118" free="1957187936" total="2042232832" percent="95">
    <mem type="nursery" free="0" total="58195968" percent="0">
      <mem type="allocate" free="0" total="52363264" percent="0" />
      <mem type="survivor" free="0" total="5832704" percent="0" />
    </mem>
    <mem type="tenure" free="1957187936" total="1984036864" percent="98">
      <mem type="soa" free="1858009440" total="1884835840" percent="98" />
      <mem type="loa" free="99178496" total="99201024" percent="99" />
    </mem>
    <remembered-set count="87" />
  </mem-info>
</gc-start>
<allocation-stats totalBytes="52257208" >
  <allocated-bytes non-tlh="16" tlh="52257192" />
  <largest-consumer threadName="main" threadId="00000000015BE700" bytes="52257208" />
</allocation-stats>
<gc-op id="2119" type="scavenge" timems="0.575" contextid="2116" timestamp="2019-06-14T20:52:26.728">
  <scavenger-info tenureage="3" tenuremask="ffe8" tiltratio="89" />
  <memory-copied type="nursery" objects="6" bytes="664" bytesdiscarded="77672" />
  <memory-copied type="tenure" objects="18" bytes="568" bytesdiscarded="0" />
</gc-op>
<gc-end id="2120" type="scavenge" contextid="2116" durationms="1.015" usertimems="0.000" systemtimems="0.000" timestamp="2019-06-14T20:52:26.729" activeThreads="4">
  <mem-info id="2121" free="2009472864" total="2042232832" percent="98">
    <mem type="nursery" free="52284928" total="58195968" percent="89">
      <mem type="allocate" free="52284928" total="52363264" percent="99" />
      <mem type="survivor" free="0" total="5832704" percent="0" />
    </mem>
    <mem type="tenure" free="1957187936" total="1984036864" percent="98">
      <mem type="soa" free="1858009440" total="1884835840" percent="98" />
      <mem type="loa" free="99178496" total="99201024" percent="99" />
    </mem>
    <remembered-set count="89" />
  </mem-info>
</gc-end>
<cycle-end id="2122" type="scavenge" contextid="2116" timestamp="2019-06-14T20:52:26.729" />
  <attribute name="elasticGC enabled" value="1" />
  <attribute name= "numThreadsSpecified" value="4" />
  <attribute name="heapSize specified" value="2092630016" />
  <attribute name="Current GC Util" value="4" />
  <attribute name= "Current Time Running" value="11046" />
  <attribute name ="GC Interval" value="200" />
  <attribute name="ProportionalT" value="-8.000000" />
  <attribute name="ProportionalI" value="-8.000000" />
  <attribute name="ProportionalH" value="-8.000000" />
  <attribute name="Current Error" value="-16.000000" />
  <attribute name="IntegralT" value="-640.000000" />
  <attribute name="IntegralI" value="-640.000000" />
  <attribute name="IntegralH" value="-640.000000" />
  <attribute name="DerivativeT" value="-0.200000" />
  <attribute name="DerivativeI" value="-0.200000" />
  <attribute name="DerivativeH" value="-0.200000" />
  <attribute name="Loop Time for DT" value="40.000000" />
  <attribute name="Output H" value="2092630016"/>
  <attribute name="Output I" value="200"/>
  <attribute name="Output T" value="4"/>
  <attribute name="Target GC Util Change" value ="20.000000" />
  <attribute name="Current GC Util Change" value="4.000000"/>
  <attribute name="GC Util currently" value="4" />
  <attribute name="CPU Util currently" value="115458684886" />
<allocation-satisfied id="2123" threadId="00000000015BE700" bytesRequested="64" />
<af-end id="2124" timestamp="2019-06-14T20:52:26.729" threadId="00000000015BF088" success="true" from="nursery"/>
<exclusive-end id="2125" timestamp="2019-06-14T20:52:26.729" durationms="1.800" />

<exclusive-start id="2126" timestamp="2019-06-14T20:52:26.773" intervalms="45.384">
  <response-info timems="0.078" idlems="0.078" threads="0" lastid="00000000015BE700" lastname="main" />
</exclusive-start>
<af-start id="2127" threadId="00000000015BF088" totalBytesRequested="240" timestamp="2019-06-14T20:52:26.773" intervalms="45.426" type="nursery" />
<cycle-start id="2128" type="scavenge" contextid="0" timestamp="2019-06-14T20:52:26.773" intervalms="45.478" />
<gc-start id="2129" type="scavenge" contextid="2128" timestamp="2019-06-14T20:52:26.773">
  <mem-info id="2130" free="1957187936" total="2042232832" percent="95">
    <mem type="nursery" free="0" total="58195968" percent="0">
      <mem type="allocate" free="0" total="52363264" percent="0" />
      <mem type="survivor" free="0" total="5832704" percent="0" />
    </mem>
    <mem type="tenure" free="1957187936" total="1984036864" percent="98">
      <mem type="soa" free="1858009440" total="1884835840" percent="98" />
      <mem type="loa" free="99178496" total="99201024" percent="99" />
    </mem>
    <remembered-set count="94" />
  </mem-info>
</gc-start>
<allocation-stats totalBytes="52254624" >
  <allocated-bytes non-tlh="64" tlh="52254560" />
  <largest-consumer threadName="main" threadId="00000000015BE700" bytes="52254624" />
</allocation-stats>
<gc-op id="2131" type="scavenge" timems="0.523" contextid="2128" timestamp="2019-06-14T20:52:26.774">
  <scavenger-info tenureage="3" tenuremask="ffe8" tiltratio="89" />
  <memory-copied type="nursery" objects="28" bytes="1304" bytesdiscarded="77032" />
  <memory-copied type="tenure" objects="1" bytes="520" bytesdiscarded="0" />
</gc-op>
<gc-end id="2132" type="scavenge" contextid="2128" durationms="1.074" usertimems="4.000" systemtimems="0.000" timestamp="2019-06-14T20:52:26.774" activeThreads="4">
  <mem-info id="2133" free="2009472864" total="2042232832" percent="98">
    <mem type="nursery" free="52284928" total="58195968" percent="89">
      <mem type="allocate" free="52284928" total="52363264" percent="99" />
      <mem type="survivor" free="0" total="5832704" percent="0" />
    </mem>
    <mem type="tenure" free="1957187936" total="1984036864" percent="98">
      <mem type="soa" free="1858009440" total="1884835840" percent="98" />
      <mem type="loa" free="99178496" total="99201024" percent="99" />
    </mem>
    <remembered-set count="93" />
  </mem-info>
</gc-end>
<cycle-end id="2134" type="scavenge" contextid="2128" timestamp="2019-06-14T20:52:26.774" />
  <attribute name="elasticGC enabled" value="1" />
  <attribute name= "numThreadsSpecified" value="4" />
  <attribute name="heapSize specified" value="2092630016" />
  <attribute name="Current GC Util" value="3" />
  <attribute name= "Current Time Running" value="11092" />
  <attribute name ="GC Interval" value="200" />
  <attribute name="ProportionalT" value="-8.500000" />
  <attribute name="ProportionalI" value="-8.500000" />
  <attribute name="ProportionalH" value="-8.500000" />
  <attribute name="Current Error" value="-17.000000" />
  <attribute name="IntegralT" value="-782.000000" />
  <attribute name="IntegralI" value="-782.000000" />
  <attribute name="IntegralH" value="-782.000000" />
  <attribute name="DerivativeT" value="-0.184783" />
  <attribute name="DerivativeI" value="-0.184783" />
  <attribute name="DerivativeH" value="-0.184783" />
  <attribute name="Loop Time for DT" value="46.000000" />
  <attribute name="Output H" value="2092630016"/>
  <attribute name="Output I" value="200"/>
  <attribute name="Output T" value="4"/>
  <attribute name="Target GC Util Change" value ="20.000000" />
  <attribute name="Current GC Util Change" value="3.000000"/>
  <attribute name="GC Util currently" value="3" />
  <attribute name="CPU Util currently" value="101026620549" />
<allocation-satisfied id="2135" threadId="00000000015BE700" bytesRequested="240" />
<af-end id="2136" timestamp="2019-06-14T20:52:26.775" threadId="00000000015BF088" success="true" from="nursery"/>
<exclusive-end id="2137" timestamp="2019-06-14T20:52:26.775" durationms="2.090" />

<exclusive-start id="2138" timestamp="2019-06-14T20:52:26.815" intervalms="42.681">
  <response-info timems="0.167" idlems="0.167" threads="0" lastid="00000000015BE700" lastname="main" />
</exclusive-start>
<af-start id="2139" threadId="00000000015BF088" totalBytesRequested="200" timestamp="2019-06-14T20:52:26.816" intervalms="42.618" type="nursery" />
<cycle-start id="2140" type="scavenge" contextid="0" timestamp="2019-06-14T20:52:26.816" intervalms="42.562" />
<gc-start id="2141" type="scavenge" contextid="2140" timestamp="2019-06-14T20:52:26.816">
  <mem-info id="2142" free="1957187936" total="2042232832" percent="95">
    <mem type="nursery" free="0" total="58195968" percent="0">
      <mem type="allocate" free="0" total="52363264" percent="0" />
      <mem type="survivor" free="0" total="5832704" percent="0" />
    </mem>
    <mem type="tenure" free="1957187936" total="1984036864" percent="98">
      <mem type="soa" free="1858009440" total="1884835840" percent="98" />
      <mem type="loa" free="99178496" total="99201024" percent="99" />
    </mem>
    <remembered-set count="93" />
  </mem-info>
</gc-start>
<allocation-stats totalBytes="52238280" >
  <allocated-bytes non-tlh="240" tlh="52238040" />
  <largest-consumer threadName="main" threadId="00000000015BE700" bytes="52238280" />
</allocation-stats>
<gc-op id="2143" type="scavenge" timems="0.251" contextid="2140" timestamp="2019-06-14T20:52:26.816">
  <scavenger-info tenureage="3" tenuremask="ffe8" tiltratio="89" />
  <memory-copied type="nursery" objects="28" bytes="1256" bytesdiscarded="77080" />
</gc-op>
<gc-end id="2144" type="scavenge" contextid="2140" durationms="0.596" usertimems="0.000" systemtimems="0.000" timestamp="2019-06-14T20:52:26.816" activeThreads="4">
  <mem-info id="2145" free="2009472864" total="2042232832" percent="98">
    <mem type="nursery" free="52284928" total="58195968" percent="89">
      <mem type="allocate" free="52284928" total="52363264" percent="99" />
      <mem type="survivor" free="0" total="5832704" percent="0" />
    </mem>
    <mem type="tenure" free="1957187936" total="1984036864" percent="98">
      <mem type="soa" free="1858009440" total="1884835840" percent="98" />
      <mem type="loa" free="99178496" total="99201024" percent="99" />
    </mem>
    <remembered-set count="88" />
  </mem-info>
</gc-end>
<cycle-end id="2146" type="scavenge" contextid="2140" timestamp="2019-06-14T20:52:26.817" />
  <attribute name="elasticGC enabled" value="1" />
  <attribute name= "numThreadsSpecified" value="4" />
  <attribute name="heapSize specified" value="2092630016" />
  <attribute name="Current GC Util" value="3" />
  <attribute name= "Current Time Running" value="11134" />
  <attribute name ="GC Interval" value="200" />
  <attribute name="ProportionalT" value="-8.500000" />
  <attribute name="ProportionalI" value="-8.500000" />
  <attribute name="ProportionalH" value="-8.500000" />
  <attribute name="Current Error" value="-17.000000" />
  <attribute name="IntegralT" value="-714.000000" />
  <attribute name="IntegralI" value="-714.000000" />
  <attribute name="IntegralH" value="-714.000000" />
  <attribute name="DerivativeT" value="-0.202381" />
  <attribute name="DerivativeI" value="-0.202381" />
  <attribute name="DerivativeH" value="-0.202381" />
  <attribute name="Loop Time for DT" value="42.000000" />
  <attribute name="Output H" value="2092630016"/>
  <attribute name="Output I" value="200"/>
  <attribute name="Output T" value="4"/>
  <attribute name="Target GC Util Change" value ="20.000000" />
  <attribute name="Current GC Util Change" value="3.000000"/>
  <attribute name="GC Util currently" value="3" />
  <attribute name="CPU Util currently" value="108909369535" />
<allocation-satisfied id="2147" threadId="00000000015BE700" bytesRequested="200" />
<af-end id="2148" timestamp="2019-06-14T20:52:26.817" threadId="00000000015BF088" success="true" from="nursery"/>
<exclusive-end id="2149" timestamp="2019-06-14T20:52:26.817" durationms="1.347" />

<exclusive-start id="2150" timestamp="2019-06-14T20:52:26.912" intervalms="96.399">
  <response-info timems="0.121" idlems="0.121" threads="0" lastid="00000000015BE700" lastname="main" />
</exclusive-start>
<af-start id="2151" threadId="00000000015BF088" totalBytesRequested="64" timestamp="2019-06-14T20:52:26.912" intervalms="96.410" type="nursery" />
<cycle-start id="2152" type="scavenge" contextid="0" timestamp="2019-06-14T20:52:26.912" intervalms="96.417" />
<gc-start id="2153" type="scavenge" contextid="2152" timestamp="2019-06-14T20:52:26.912">
  <mem-info id="2154" free="1957187936" total="2042232832" percent="95">
    <mem type="nursery" free="0" total="58195968" percent="0">
      <mem type="allocate" free="0" total="52363264" percent="0" />
      <mem type="survivor" free="0" total="5832704" percent="0" />
    </mem>
    <mem type="tenure" free="1957187936" total="1984036864" percent="98">
      <mem type="soa" free="1858009440" total="1884835840" percent="98" />
      <mem type="loa" free="99178496" total="99201024" percent="99" />
    </mem>
    <remembered-set count="90" />
  </mem-info>
</gc-start>
<allocation-stats totalBytes="52258744" >
  <allocated-bytes non-tlh="200" tlh="52258544" />
  <largest-consumer threadName="main" threadId="00000000015BE700" bytes="52258744" />
</allocation-stats>
<gc-op id="2155" type="scavenge" timems="0.566" contextid="2152" timestamp="2019-06-14T20:52:26.913">
  <scavenger-info tenureage="3" tenuremask="fff8" tiltratio="89" />
  <memory-copied type="nursery" objects="46" bytes="1840" bytesdiscarded="76496" />
</gc-op>
<gc-end id="2156" type="scavenge" contextid="2152" durationms="1.031" usertimems="0.000" systemtimems="0.000" timestamp="2019-06-14T20:52:26.913" activeThreads="4">
  <mem-info id="2157" free="2009472864" total="2042232832" percent="98">
    <mem type="nursery" free="52284928" total="58195968" percent="89">
      <mem type="allocate" free="52284928" total="52363264" percent="99" />
      <mem type="survivor" free="0" total="5832704" percent="0" />
    </mem>
    <mem type="tenure" free="1957187936" total="1984036864" percent="98">
      <mem type="soa" free="1858009440" total="1884835840" percent="98" />
      <mem type="loa" free="99178496" total="99201024" percent="99" />
    </mem>
    <remembered-set count="90" />
  </mem-info>
</gc-end>
<cycle-end id="2158" type="scavenge" contextid="2152" timestamp="2019-06-14T20:52:26.913" />
  <attribute name="elasticGC enabled" value="1" />
  <attribute name= "numThreadsSpecified" value="4" />
  <attribute name="heapSize specified" value="2092630016" />
  <attribute name="Current GC Util" value="0" />
  <attribute name= "Current Time Running" value="11231" />
  <attribute name ="GC Interval" value="200" />
  <attribute name="ProportionalT" value="-10.000000" />
  <attribute name="ProportionalI" value="-10.000000" />
  <attribute name="ProportionalH" value="-10.000000" />
  <attribute name="Current Error" value="-20.000000" />
  <attribute name="IntegralT" value="-1940.000000" />
  <attribute name="IntegralI" value="-1940.000000" />
  <attribute name="IntegralH" value="-1940.000000" />
  <attribute name="DerivativeT" value="-0.103093" />
  <attribute name="DerivativeI" value="-0.103093" />
  <attribute name="DerivativeH" value="-0.103093" />
  <attribute name="Loop Time for DT" value="97.000000" />
  <attribute name="Output H" value="2092630016"/>
  <attribute name="Output I" value="200"/>
  <attribute name="Output T" value="4"/>
  <attribute name="Target GC Util Change" value ="20.000000" />
  <attribute name="Current GC Util Change" value="0.000000"/>
  <attribute name="GC Util currently" value="0" />
  <attribute name="CPU Util currently" value="47787959645" />
<allocation-satisfied id="2159" threadId="00000000015BE700" bytesRequested="64" />
<af-end id="2160" timestamp="2019-06-14T20:52:26.914" threadId="00000000015BF088" success="true" from="nursery"/>
<exclusive-end id="2161" timestamp="2019-06-14T20:52:26.914" durationms="1.814" />

<exclusive-start id="2162" timestamp="2019-06-14T20:52:27.169" intervalms="257.241">
  <response-info timems="0.054" idlems="0.054" threads="0" lastid="00000000015BE700" lastname="main" />
</exclusive-start>
<af-start id="2163" threadId="00000000015BF088" totalBytesRequested="24" timestamp="2019-06-14T20:52:27.169" intervalms="257.317" type="nursery" />
<cycle-start id="2164" type="scavenge" contextid="0" timestamp="2019-06-14T20:52:27.169" intervalms="257.404" />
<gc-start id="2165" type="scavenge" contextid="2164" timestamp="2019-06-14T20:52:27.170">
  <mem-info id="2166" free="1957187936" total="2042232832" percent="95">
    <mem type="nursery" free="0" total="58195968" percent="0">
      <mem type="allocate" free="0" total="52363264" percent="0" />
      <mem type="survivor" free="0" total="5832704" percent="0" />
    </mem>
    <mem type="tenure" free="1957187936" total="1984036864" percent="98">
      <mem type="soa" free="1858009440" total="1884835840" percent="98" />
      <mem type="loa" free="99178496" total="99201024" percent="99" />
    </mem>
    <remembered-set count="92" />
  </mem-info>
</gc-start>
<allocation-stats totalBytes="52273656" >
  <allocated-bytes non-tlh="64" tlh="52273592" />
  <largest-consumer threadName="main" threadId="00000000015BE700" bytes="52273656" />
</allocation-stats>
<gc-op id="2167" type="scavenge" timems="0.581" contextid="2164" timestamp="2019-06-14T20:52:27.171">
  <scavenger-info tenureage="4" tenuremask="fff0" tiltratio="89" />
  <memory-copied type="nursery" objects="47" bytes="1680" bytesdiscarded="76656" />
</gc-op>
<gc-end id="2168" type="scavenge" contextid="2164" durationms="1.262" usertimems="4.000" systemtimems="0.000" timestamp="2019-06-14T20:52:27.171" activeThreads="4">
  <mem-info id="2169" free="2009472864" total="2042232832" percent="98">
    <mem type="nursery" free="52284928" total="58195968" percent="89">
      <mem type="allocate" free="52284928" total="52363264" percent="99" />
      <mem type="survivor" free="0" total="5832704" percent="0" />
    </mem>
    <mem type="tenure" free="1957187936" total="1984036864" percent="98">
      <mem type="soa" free="1858009440" total="1884835840" percent="98" />
      <mem type="loa" free="99178496" total="99201024" percent="99" />
    </mem>
    <remembered-set count="92" />
  </mem-info>
</gc-end>
<cycle-end id="2170" type="scavenge" contextid="2164" timestamp="2019-06-14T20:52:27.171" />
  <attribute name="elasticGC enabled" value="1" />
  <attribute name= "numThreadsSpecified" value="4" />
  <attribute name="heapSize specified" value="2092630016" />
  <attribute name="Current GC Util" value="0" />
  <attribute name= "Current Time Running" value="11488" />
  <attribute name ="GC Interval" value="200" />
  <attribute name="ProportionalT" value="-10.000000" />
  <attribute name="ProportionalI" value="-10.000000" />
  <attribute name="ProportionalH" value="-10.000000" />
  <attribute name="Current Error" value="-20.000000" />
  <attribute name="IntegralT" value="-5140.000000" />
  <attribute name="IntegralI" value="-5140.000000" />
  <attribute name="IntegralH" value="-5140.000000" />
  <attribute name="DerivativeT" value="-0.038911" />
  <attribute name="DerivativeI" value="-0.038911" />
  <attribute name="DerivativeH" value="-0.038911" />
  <attribute name="Loop Time for DT" value="257.000000" />
  <attribute name="Output H" value="2092630016"/>
  <attribute name="Output I" value="200"/>
  <attribute name="Output T" value="4"/>
  <attribute name="Target GC Util Change" value ="20.000000" />
  <attribute name="Current GC Util Change" value="0.000000"/>
  <attribute name="GC Util currently" value="0" />
  <attribute name="CPU Util currently" value="17900331578" />
<allocation-satisfied id="2171" threadId="00000000015BE700" bytesRequested="24" />
<af-end id="2172" timestamp="2019-06-14T20:52:27.171" threadId="00000000015BF088" success="true" from="nursery"/>
<exclusive-end id="2173" timestamp="2019-06-14T20:52:27.171" durationms="2.448" />

<exclusive-start id="2174" timestamp="2019-06-14T20:52:27.954" intervalms="784.956">
  <response-info timems="0.077" idlems="0.077" threads="0" lastid="00000000015BE700" lastname="main" />
</exclusive-start>
<af-start id="2175" threadId="00000000015BF088" totalBytesRequested="16472" timestamp="2019-06-14T20:52:27.954" intervalms="784.935" type="nursery" />
<cycle-start id="2176" type="scavenge" contextid="0" timestamp="2019-06-14T20:52:27.954" intervalms="784.892" />
<gc-start id="2177" type="scavenge" contextid="2176" timestamp="2019-06-14T20:52:27.955">
  <mem-info id="2178" free="1957187936" total="2042232832" percent="95">
    <mem type="nursery" free="0" total="58195968" percent="0">
      <mem type="allocate" free="0" total="52363264" percent="0" />
      <mem type="survivor" free="0" total="5832704" percent="0" />
    </mem>
    <mem type="tenure" free="1957187936" total="1984036864" percent="98">
      <mem type="soa" free="1858009440" total="1884835840" percent="98" />
      <mem type="loa" free="99178496" total="99201024" percent="99" />
    </mem>
    <remembered-set count="102" />
  </mem-info>
</gc-start>
<allocation-stats totalBytes="49071456" >
  <allocated-bytes non-tlh="24" tlh="49071432" />
  <largest-consumer threadName="main" threadId="00000000015BE700" bytes="49071456" />
</allocation-stats>
<gc-op id="2179" type="scavenge" timems="0.585" contextid="2176" timestamp="2019-06-14T20:52:27.955">
  <scavenger-info tenureage="3" tenuremask="fff8" tiltratio="89" />
  <memory-copied type="nursery" objects="79" bytes="22704" bytesdiscarded="75864" />
  <memory-copied type="tenure" objects="12" bytes="560" bytesdiscarded="0" />
</gc-op>
<gc-end id="2180" type="scavenge" contextid="2176" durationms="1.238" usertimems="4.000" systemtimems="0.000" timestamp="2019-06-14T20:52:27.956" activeThreads="4">
  <mem-info id="2181" free="2009452632" total="2042232832" percent="98">
    <mem type="nursery" free="52264696" total="58195968" percent="89">
      <mem type="allocate" free="52264696" total="52363264" percent="99" />
      <mem type="survivor" free="0" total="5832704" percent="0" />
    </mem>
    <mem type="tenure" free="1957187936" total="1984036864" percent="98">
      <mem type="soa" free="1858009440" total="1884835840" percent="98" />
      <mem type="loa" free="99178496" total="99201024" percent="99" />
    </mem>
    <remembered-set count="98" />
  </mem-info>
</gc-end>
<cycle-end id="2182" type="scavenge" contextid="2176" timestamp="2019-06-14T20:52:27.956" />
  <attribute name="elasticGC enabled" value="1" />
  <attribute name= "numThreadsSpecified" value="4" />
  <attribute name="heapSize specified" value="2092630016" />
  <attribute name="Current GC Util" value="0" />
  <attribute name= "Current Time Running" value="12273" />
  <attribute name ="GC Interval" value="200" />
  <attribute name="ProportionalT" value="-10.000000" />
  <attribute name="ProportionalI" value="-10.000000" />
  <attribute name="ProportionalH" value="-10.000000" />
  <attribute name="Current Error" value="-20.000000" />
  <attribute name="IntegralT" value="-15700.000000" />
  <attribute name="IntegralI" value="-15700.000000" />
  <attribute name="IntegralH" value="-15700.000000" />
  <attribute name="DerivativeT" value="-0.012739" />
  <attribute name="DerivativeI" value="-0.012739" />
  <attribute name="DerivativeH" value="-0.012739" />
  <attribute name="Loop Time for DT" value="785.000000" />
  <attribute name="Output H" value="2092630016"/>
  <attribute name="Output I" value="200"/>
  <attribute name="Output T" value="4"/>
  <attribute name="Target GC Util Change" value ="20.000000" />
  <attribute name="Current GC Util Change" value="0.000000"/>
  <attribute name="GC Util currently" value="0" />
  <attribute name="CPU Util currently" value="29" />
<allocation-satisfied id="2183" threadId="00000000015BE700" bytesRequested="16472" />
<af-end id="2184" timestamp="2019-06-14T20:52:27.956" threadId="00000000015BF088" success="true" from="nursery"/>
<exclusive-end id="2185" timestamp="2019-06-14T20:52:27.957" durationms="2.575" />

<exclusive-start id="2186" timestamp="2019-06-14T20:52:28.612" intervalms="658.483">
  <response-info timems="0.110" idlems="0.110" threads="0" lastid="00000000015BE700" lastname="main" />
</exclusive-start>
<af-start id="2187" threadId="00000000015BF088" totalBytesRequested="80" timestamp="2019-06-14T20:52:28.613" intervalms="658.442" type="nursery" />
<cycle-start id="2188" type="scavenge" contextid="0" timestamp="2019-06-14T20:52:28.613" intervalms="658.415" />
<gc-start id="2189" type="scavenge" contextid="2188" timestamp="2019-06-14T20:52:28.613">
  <mem-info id="2190" free="1957187936" total="2042232832" percent="95">
    <mem type="nursery" free="0" total="58195968" percent="0">
      <mem type="allocate" free="0" total="52363264" percent="0" />
      <mem type="survivor" free="0" total="5832704" percent="0" />
    </mem>
    <mem type="tenure" free="1957187936" total="1984036864" percent="98">
      <mem type="soa" free="1858009440" total="1884835840" percent="98" />
      <mem type="loa" free="99178496" total="99201024" percent="99" />
    </mem>
    <remembered-set count="108" />
  </mem-info>
</gc-start>
<allocation-stats totalBytes="52259352" >
  <allocated-bytes non-tlh="16472" tlh="52242880" />
  <largest-consumer threadName="main" threadId="00000000015BE700" bytes="52259352" />
</allocation-stats>
<gc-op id="2191" type="scavenge" timems="0.605" contextid="2188" timestamp="2019-06-14T20:52:28.614">
  <scavenger-info tenureage="3" tenuremask="ffd8" tiltratio="89" />
  <memory-copied type="nursery" objects="93" bytes="2504" bytesdiscarded="75832" />
  <memory-copied type="tenure" objects="7" bytes="160" bytesdiscarded="0" />
</gc-op>
<gc-end id="2192" type="scavenge" contextid="2188" durationms="1.195" usertimems="0.000" systemtimems="0.000" timestamp="2019-06-14T20:52:28.614" activeThreads="4">
  <mem-info id="2193" free="2009472864" total="2042232832" percent="98">
    <mem type="nursery" free="52284928" total="58195968" percent="89">
      <mem type="allocate" free="52284928" total="52363264" percent="99" />
      <mem type="survivor" free="0" total="5832704" percent="0" />
    </mem>
    <mem type="tenure" free="1957187936" total="1984036864" percent="98">
      <mem type="soa" free="1858009440" total="1884835840" percent="98" />
      <mem type="loa" free="99178496" total="99201024" percent="99" />
    </mem>
    <remembered-set count="106" />
  </mem-info>
</gc-end>
<cycle-end id="2194" type="scavenge" contextid="2188" timestamp="2019-06-14T20:52:28.614" />
  <attribute name="elasticGC enabled" value="1" />
  <attribute name= "numThreadsSpecified" value="4" />
  <attribute name="heapSize specified" value="2092630016" />
  <attribute name="Current GC Util" value="0" />
  <attribute name= "Current Time Running" value="12932" />
  <attribute name ="GC Interval" value="200" />
  <attribute name="ProportionalT" value="-10.000000" />
  <attribute name="ProportionalI" value="-10.000000" />
  <attribute name="ProportionalH" value="-10.000000" />
  <attribute name="Current Error" value="-20.000000" />
  <attribute name="IntegralT" value="-13180.000000" />
  <attribute name="IntegralI" value="-13180.000000" />
  <attribute name="IntegralH" value="-13180.000000" />
  <attribute name="DerivativeT" value="-0.015175" />
  <attribute name="DerivativeI" value="-0.015175" />
  <attribute name="DerivativeH" value="-0.015175" />
  <attribute name="Loop Time for DT" value="659.000000" />
  <attribute name="Output H" value="2092630016"/>
  <attribute name="Output I" value="200"/>
  <attribute name="Output T" value="4"/>
  <attribute name="Target GC Util Change" value ="20.000000" />
  <attribute name="Current GC Util Change" value="0.000000"/>
  <attribute name="GC Util currently" value="0" />
  <attribute name="CPU Util currently" value="24" />
<allocation-satisfied id="2195" threadId="00000000015BE700" bytesRequested="80" />
<af-end id="2196" timestamp="2019-06-14T20:52:28.614" threadId="00000000015BF088" success="true" from="nursery"/>
<exclusive-end id="2197" timestamp="2019-06-14T20:52:28.615" durationms="2.146" />

<exclusive-start id="2198" timestamp="2019-06-14T20:52:28.829" intervalms="216.965">
  <response-info timems="0.054" idlems="0.054" threads="0" lastid="00000000015BE700" lastname="main" />
</exclusive-start>
<af-start id="2199" threadId="00000000015BF088" totalBytesRequested="80" timestamp="2019-06-14T20:52:28.830" intervalms="217.029" type="nursery" />
<cycle-start id="2200" type="scavenge" contextid="0" timestamp="2019-06-14T20:52:28.830" intervalms="217.082" />
<gc-start id="2201" type="scavenge" contextid="2200" timestamp="2019-06-14T20:52:28.830">
  <mem-info id="2202" free="1957187904" total="2042232832" percent="95">
    <mem type="nursery" free="0" total="58195968" percent="0">
      <mem type="allocate" free="0" total="52363264" percent="0" />
      <mem type="survivor" free="0" total="5832704" percent="0" />
    </mem>
    <mem type="tenure" free="1957187904" total="1984036864" percent="98">
      <mem type="soa" free="1858009408" total="1884835840" percent="98" />
      <mem type="loa" free="99178496" total="99201024" percent="99" />
    </mem>
    <remembered-set count="109" />
  </mem-info>
</gc-start>
<allocation-stats totalBytes="52277368" >
  <allocated-bytes non-tlh="112" tlh="52277256" />
  <largest-consumer threadName="main" threadId="00000000015BE700" bytes="52277368" />
</allocation-stats>
<gc-op id="2203" type="scavenge" timems="0.500" contextid="2200" timestamp="2019-06-14T20:52:28.831">
  <scavenger-info tenureage="3" tenuremask="ffe8" tiltratio="89" />
  <memory-copied type="nursery" objects="119" bytes="3376" bytesdiscarded="74960" />
  <memory-copied type="tenure" objects="7" bytes="160" bytesdiscarded="0" />
</gc-op>
<gc-end id="2204" type="scavenge" contextid="2200" durationms="1.130" usertimems="0.000" systemtimems="0.000" timestamp="2019-06-14T20:52:28.831" activeThreads="4">
  <mem-info id="2205" free="2009472832" total="2042232832" percent="98">
    <mem type="nursery" free="52284928" total="58195968" percent="89">
      <mem type="allocate" free="52284928" total="52363264" percent="99" />
      <mem type="survivor" free="0" total="5832704" percent="0" />
    </mem>
    <mem type="tenure" free="1957187904" total="1984036864" percent="98">
      <mem type="soa" free="1858009408" total="1884835840" percent="98" />
      <mem type="loa" free="99178496" total="99201024" percent="99" />
    </mem>
    <remembered-set count="107" />
  </mem-info>
</gc-end>
<cycle-end id="2206" type="scavenge" contextid="2200" timestamp="2019-06-14T20:52:28.831" />
  <attribute name="elasticGC enabled" value="1" />
  <attribute name= "numThreadsSpecified" value="4" />
  <attribute name="heapSize specified" value="2092630016" />
  <attribute name="Current GC Util" value="0" />
  <attribute name= "Current Time Running" value="13149" />
  <attribute name ="GC Interval" value="200" />
  <attribute name="ProportionalT" value="-10.000000" />
  <attribute name="ProportionalI" value="-10.000000" />
  <attribute name="ProportionalH" value="-10.000000" />
  <attribute name="Current Error" value="-20.000000" />
  <attribute name="IntegralT" value="-4340.000000" />
  <attribute name="IntegralI" value="-4340.000000" />
  <attribute name="IntegralH" value="-4340.000000" />
  <attribute name="DerivativeT" value="-0.046083" />
  <attribute name="DerivativeI" value="-0.046083" />
  <attribute name="DerivativeH" value="-0.046083" />
  <attribute name="Loop Time for DT" value="217.000000" />
  <attribute name="Output H" value="2092630016"/>
  <attribute name="Output I" value="200"/>
  <attribute name="Output T" value="4"/>
  <attribute name="Target GC Util Change" value ="20.000000" />
  <attribute name="Current GC Util Change" value="0.000000"/>
  <attribute name="GC Util currently" value="0" />
  <attribute name="CPU Util currently" value="21237538701" />
<allocation-satisfied id="2207" threadId="00000000015BE700" bytesRequested="80" />
<af-end id="2208" timestamp="2019-06-14T20:52:28.832" threadId="00000000015BF088" success="true" from="nursery"/>
<exclusive-end id="2209" timestamp="2019-06-14T20:52:28.832" durationms="2.445" />

<exclusive-start id="2210" timestamp="2019-06-14T20:52:29.053" intervalms="223.855">
  <response-info timems="0.069" idlems="0.069" threads="0" lastid="00000000015BE700" lastname="main" />
</exclusive-start>
<af-start id="2211" threadId="00000000015BF088" totalBytesRequested="80" timestamp="2019-06-14T20:52:29.054" intervalms="223.834" type="nursery" />
<cycle-start id="2212" type="scavenge" contextid="0" timestamp="2019-06-14T20:52:29.054" intervalms="223.823" />
<gc-start id="2213" type="scavenge" contextid="2212" timestamp="2019-06-14T20:52:29.054">
  <mem-info id="2214" free="1957187904" total="2042232832" percent="95">
    <mem type="nursery" free="0" total="58195968" percent="0">
      <mem type="allocate" free="0" total="52363264" percent="0" />
      <mem type="survivor" free="0" total="5832704" percent="0" />
    </mem>
    <mem type="tenure" free="1957187904" total="1984036864" percent="98">
      <mem type="soa" free="1858009408" total="1884835840" percent="98" />
      <mem type="loa" free="99178496" total="99201024" percent="99" />
    </mem>
    <remembered-set count="109" />
  </mem-info>
</gc-start>
<allocation-stats totalBytes="52267000" >
  <allocated-bytes non-tlh="80" tlh="52266920" />
  <largest-consumer threadName="main" threadId="00000000015BE700" bytes="52267000" />
</allocation-stats>
<gc-op id="2215" type="scavenge" timems="0.603" contextid="2212" timestamp="2019-06-14T20:52:29.055">
  <scavenger-info tenureage="3" tenuremask="ffe8" tiltratio="89" />
  <memory-copied type="nursery" objects="83" bytes="2728" bytesdiscarded="75608" />
  <memory-copied type="tenure" objects="35" bytes="800" bytesdiscarded="0" />
</gc-op>
<gc-end id="2216" type="scavenge" contextid="2212" durationms="1.170" usertimems="4.000" systemtimems="0.000" timestamp="2019-06-14T20:52:29.055" activeThreads="4">
  <mem-info id="2217" free="2009472832" total="2042232832" percent="98">
    <mem type="nursery" free="52284928" total="58195968" percent="89">
      <mem type="allocate" free="52284928" total="52363264" percent="99" />
      <mem type="survivor" free="0" total="5832704" percent="0" />
    </mem>
    <mem type="tenure" free="1957187904" total="1984036864" percent="98">
      <mem type="soa" free="1858009408" total="1884835840" percent="98" />
      <mem type="loa" free="99178496" total="99201024" percent="99" />
    </mem>
    <remembered-set count="99" />
  </mem-info>
</gc-end>
<cycle-end id="2218" type="scavenge" contextid="2212" timestamp="2019-06-14T20:52:29.055" />
  <attribute name="elasticGC enabled" value="1" />
  <attribute name= "numThreadsSpecified" value="4" />
  <attribute name="heapSize specified" value="2092630016" />
  <attribute name="Current GC Util" value="0" />
  <attribute name= "Current Time Running" value="13373" />
  <attribute name ="GC Interval" value="200" />
  <attribute name="ProportionalT" value="-10.000000" />
  <attribute name="ProportionalI" value="-10.000000" />
  <attribute name="ProportionalH" value="-10.000000" />
  <attribute name="Current Error" value="-20.000000" />
  <attribute name="IntegralT" value="-4480.000000" />
  <attribute name="IntegralI" value="-4480.000000" />
  <attribute name="IntegralH" value="-4480.000000" />
  <attribute name="DerivativeT" value="-0.044643" />
  <attribute name="DerivativeI" value="-0.044643" />
  <attribute name="DerivativeH" value="-0.044643" />
  <attribute name="Loop Time for DT" value="224.000000" />
  <attribute name="Output H" value="2092630016"/>
  <attribute name="Output I" value="200"/>
  <attribute name="Output T" value="4"/>
  <attribute name="Target GC Util Change" value ="20.000000" />
  <attribute name="Current GC Util Change" value="0.000000"/>
  <attribute name="GC Util currently" value="0" />
  <attribute name="CPU Util currently" value="9" />
<allocation-satisfied id="2219" threadId="00000000015BE700" bytesRequested="80" />
<af-end id="2220" timestamp="2019-06-14T20:52:29.055" threadId="00000000015BF088" success="true" from="nursery"/>
<exclusive-end id="2221" timestamp="2019-06-14T20:52:29.055" durationms="2.126" />

<exclusive-start id="2222" timestamp="2019-06-14T20:52:29.210" intervalms="156.982">
  <response-info timems="0.092" idlems="0.092" threads="0" lastid="00000000015BE700" lastname="main" />
</exclusive-start>
<af-start id="2223" threadId="00000000015BF088" totalBytesRequested="24" timestamp="2019-06-14T20:52:29.210" intervalms="156.966" type="nursery" />
<cycle-start id="2224" type="scavenge" contextid="0" timestamp="2019-06-14T20:52:29.211" intervalms="156.988" />
<gc-start id="2225" type="scavenge" contextid="2224" timestamp="2019-06-14T20:52:29.211">
  <mem-info id="2226" free="1957187904" total="2042232832" percent="95">
    <mem type="nursery" free="0" total="58195968" percent="0">
      <mem type="allocate" free="0" total="52363264" percent="0" />
      <mem type="survivor" free="0" total="5832704" percent="0" />
    </mem>
    <mem type="tenure" free="1957187904" total="1984036864" percent="98">
      <mem type="soa" free="1858009408" total="1884835840" percent="98" />
      <mem type="loa" free="99178496" total="99201024" percent="99" />
    </mem>
    <remembered-set count="104" />
  </mem-info>
</gc-start>
<allocation-stats totalBytes="52277768" >
  <allocated-bytes non-tlh="80" tlh="52277688" />
  <largest-consumer threadName="main" threadId="00000000015BE700" bytes="52277768" />
</allocation-stats>
<gc-op id="2227" type="scavenge" timems="0.581" contextid="2224" timestamp="2019-06-14T20:52:29.212">
  <scavenger-info tenureage="5" tenuremask="ffe0" tiltratio="89" />
  <memory-copied type="nursery" objects="85" bytes="2392" bytesdiscarded="75944" />
</gc-op>
<gc-end id="2228" type="scavenge" contextid="2224" durationms="1.237" usertimems="4.000" systemtimems="0.000" timestamp="2019-06-14T20:52:29.212" activeThreads="4">
  <mem-info id="2229" free="2009472832" total="2042232832" percent="98">
    <mem type="nursery" free="52284928" total="58195968" percent="89">
      <mem type="allocate" free="52284928" total="52363264" percent="99" />
      <mem type="survivor" free="0" total="5832704" percent="0" />
    </mem>
    <mem type="tenure" free="1957187904" total="1984036864" percent="98">
      <mem type="soa" free="1858009408" total="1884835840" percent="98" />
      <mem type="loa" free="99178496" total="99201024" percent="99" />
    </mem>
    <remembered-set count="102" />
  </mem-info>
</gc-end>
<cycle-end id="2230" type="scavenge" contextid="2224" timestamp="2019-06-14T20:52:29.212" />
  <attribute name="elasticGC enabled" value="1" />
  <attribute name= "numThreadsSpecified" value="4" />
  <attribute name="heapSize specified" value="2092630016" />
  <attribute name="Current GC Util" value="1" />
  <attribute name= "Current Time Running" value="13530" />
  <attribute name ="GC Interval" value="200" />
  <attribute name="ProportionalT" value="-9.500000" />
  <attribute name="ProportionalI" value="-9.500000" />
  <attribute name="ProportionalH" value="-9.500000" />
  <attribute name="Current Error" value="-19.000000" />
  <attribute name="IntegralT" value="-2983.000000" />
  <attribute name="IntegralI" value="-2983.000000" />
  <attribute name="IntegralH" value="-2983.000000" />
  <attribute name="DerivativeT" value="-0.060510" />
  <attribute name="DerivativeI" value="-0.060510" />
  <attribute name="DerivativeH" value="-0.060510" />
  <attribute name="Loop Time for DT" value="157.000000" />
  <attribute name="Output H" value="2092630016"/>
  <attribute name="Output I" value="200"/>
  <attribute name="Output T" value="4"/>
  <attribute name="Target GC Util Change" value ="20.000000" />
  <attribute name="Current GC Util Change" value="1.000000"/>
  <attribute name="GC Util currently" value="1" />
  <attribute name="CPU Util currently" value="29360009404" />
<allocation-satisfied id="2231" threadId="00000000015BE700" bytesRequested="24" />
<af-end id="2232" timestamp="2019-06-14T20:52:29.213" threadId="00000000015BF088" success="true" from="nursery"/>
<exclusive-end id="2233" timestamp="2019-06-14T20:52:29.213" durationms="2.394" />

<exclusive-start id="2234" timestamp="2019-06-14T20:52:29.293" intervalms="83.229">
  <response-info timems="0.040" idlems="0.040" threads="0" lastid="00000000015BE700" lastname="main" />
</exclusive-start>
<af-start id="2235" threadId="00000000015BF088" totalBytesRequested="16" timestamp="2019-06-14T20:52:29.294" intervalms="83.233" type="nursery" />
<cycle-start id="2236" type="scavenge" contextid="0" timestamp="2019-06-14T20:52:29.294" intervalms="83.201" />
<gc-start id="2237" type="scavenge" contextid="2236" timestamp="2019-06-14T20:52:29.294">
  <mem-info id="2238" free="1957187904" total="2042232832" percent="95">
    <mem type="nursery" free="0" total="58195968" percent="0">
      <mem type="allocate" free="0" total="52363264" percent="0" />
      <mem type="survivor" free="0" total="5832704" percent="0" />
    </mem>
    <mem type="tenure" free="1957187904" total="1984036864" percent="98">
      <mem type="soa" free="1858009408" total="1884835840" percent="98" />
      <mem type="loa" free="99178496" total="99201024" percent="99" />
    </mem>
    <remembered-set count="104" />
  </mem-info>
</gc-start>
<allocation-stats totalBytes="52277912" >
  <allocated-bytes non-tlh="24" tlh="52277888" />
  <largest-consumer threadName="main" threadId="00000000015BE700" bytes="52277912" />
</allocation-stats>
<gc-op id="2239" type="scavenge" timems="0.412" contextid="2236" timestamp="2019-06-14T20:52:29.295">
  <scavenger-info tenureage="3" tenuremask="fff8" tiltratio="89" />
  <memory-copied type="nursery" objects="52" bytes="1456" bytesdiscarded="76880" />
  <memory-copied type="tenure" objects="45" bytes="1232" bytesdiscarded="0" />
</gc-op>
<gc-end id="2240" type="scavenge" contextid="2236" durationms="0.966" usertimems="0.000" systemtimems="0.000" timestamp="2019-06-14T20:52:29.295" activeThreads="4">
  <mem-info id="2241" free="2009472832" total="2042232832" percent="98">
    <mem type="nursery" free="52284928" total="58195968" percent="89">
      <mem type="allocate" free="52284928" total="52363264" percent="99" />
      <mem type="survivor" free="0" total="5832704" percent="0" />
    </mem>
    <mem type="tenure" free="1957187904" total="1984036864" percent="98">
      <mem type="soa" free="1858009408" total="1884835840" percent="98" />
      <mem type="loa" free="99178496" total="99201024" percent="99" />
    </mem>
    <remembered-set count="93" />
  </mem-info>
</gc-end>
<cycle-end id="2242" type="scavenge" contextid="2236" timestamp="2019-06-14T20:52:29.295" />
  <attribute name="elasticGC enabled" value="1" />
  <attribute name= "numThreadsSpecified" value="4" />
  <attribute name="heapSize specified" value="2092630016" />
  <attribute name="Current GC Util" value="1" />
  <attribute name= "Current Time Running" value="13613" />
  <attribute name ="GC Interval" value="200" />
  <attribute name="ProportionalT" value="-9.500000" />
  <attribute name="ProportionalI" value="-9.500000" />
  <attribute name="ProportionalH" value="-9.500000" />
  <attribute name="Current Error" value="-19.000000" />
  <attribute name="IntegralT" value="-1577.000000" />
  <attribute name="IntegralI" value="-1577.000000" />
  <attribute name="IntegralH" value="-1577.000000" />
  <attribute name="DerivativeT" value="-0.114458" />
  <attribute name="DerivativeI" value="-0.114458" />
  <attribute name="DerivativeH" value="-0.114458" />
  <attribute name="Loop Time for DT" value="83.000000" />
  <attribute name="Output H" value="2092630016"/>
  <attribute name="Output I" value="200"/>
  <attribute name="Output T" value="4"/>
  <attribute name="Target GC Util Change" value ="20.000000" />
  <attribute name="Current GC Util Change" value="1.000000"/>
  <attribute name="GC Util currently" value="1" />
  <attribute name="CPU Util currently" value="55469763973" />
<allocation-satisfied id="2243" threadId="00000000015BE700" bytesRequested="16" />
<af-end id="2244" timestamp="2019-06-14T20:52:29.295" threadId="00000000015BF088" success="true" from="nursery"/>
<exclusive-end id="2245" timestamp="2019-06-14T20:52:29.295" durationms="1.916" />

<exclusive-start id="2246" timestamp="2019-06-14T20:52:29.723" intervalms="429.763">
  <response-info timems="0.078" idlems="0.078" threads="0" lastid="00000000015BE700" lastname="main" />
</exclusive-start>
<af-start id="2247" threadId="00000000015BF088" totalBytesRequested="24" timestamp="2019-06-14T20:52:29.723" intervalms="429.779" type="nursery" />
<cycle-start id="2248" type="scavenge" contextid="0" timestamp="2019-06-14T20:52:29.724" intervalms="429.805" />
<gc-start id="2249" type="scavenge" contextid="2248" timestamp="2019-06-14T20:52:29.724">
  <mem-info id="2250" free="1957187904" total="2042232832" percent="95">
    <mem type="nursery" free="0" total="58195968" percent="0">
      <mem type="allocate" free="0" total="52363264" percent="0" />
      <mem type="survivor" free="0" total="5832704" percent="0" />
    </mem>
    <mem type="tenure" free="1957187904" total="1984036864" percent="98">
      <mem type="soa" free="1858009408" total="1884835840" percent="98" />
      <mem type="loa" free="99178496" total="99201024" percent="99" />
    </mem>
    <remembered-set count="99" />
  </mem-info>
</gc-start>
<allocation-stats totalBytes="52282168" >
  <allocated-bytes non-tlh="16" tlh="52282152" />
  <largest-consumer threadName="main" threadId="00000000015BE700" bytes="52282168" />
</allocation-stats>
<gc-op id="2251" type="scavenge" timems="0.544" contextid="2248" timestamp="2019-06-14T20:52:29.725">
  <scavenger-info tenureage="3" tenuremask="ffc8" tiltratio="89" />
  <memory-copied type="nursery" objects="54" bytes="1400" bytesdiscarded="76936" />
  <memory-copied type="tenure" objects="8" bytes="208" bytesdiscarded="0" />
</gc-op>
<gc-end id="2252" type="scavenge" contextid="2248" durationms="1.163" usertimems="0.000" systemtimems="0.000" timestamp="2019-06-14T20:52:29.725" activeThreads="4">
  <mem-info id="2253" free="2009472832" total="2042232832" percent="98">
    <mem type="nursery" free="52284928" total="58195968" percent="89">
      <mem type="allocate" free="52284928" total="52363264" percent="99" />
      <mem type="survivor" free="0" total="5832704" percent="0" />
    </mem>
    <mem type="tenure" free="1957187904" total="1984036864" percent="98">
      <mem type="soa" free="1858009408" total="1884835840" percent="98" />
      <mem type="loa" free="99178496" total="99201024" percent="99" />
    </mem>
    <remembered-set count="96" />
  </mem-info>
</gc-end>
<cycle-end id="2254" type="scavenge" contextid="2248" timestamp="2019-06-14T20:52:29.725" />
  <attribute name="elasticGC enabled" value="1" />
  <attribute name= "numThreadsSpecified" value="4" />
  <attribute name="heapSize specified" value="2092630016" />
  <attribute name="Current GC Util" value="0" />
  <attribute name= "Current Time Running" value="14043" />
  <attribute name ="GC Interval" value="200" />
  <attribute name="ProportionalT" value="-10.000000" />
  <attribute name="ProportionalI" value="-10.000000" />
  <attribute name="ProportionalH" value="-10.000000" />
  <attribute name="Current Error" value="-20.000000" />
  <attribute name="IntegralT" value="-8600.000000" />
  <attribute name="IntegralI" value="-8600.000000" />
  <attribute name="IntegralH" value="-8600.000000" />
  <attribute name="DerivativeT" value="-0.023256" />
  <attribute name="DerivativeI" value="-0.023256" />
  <attribute name="DerivativeH" value="-0.023256" />
  <attribute name="Loop Time for DT" value="430.000000" />
  <attribute name="Output H" value="2092630016"/>
  <attribute name="Output I" value="200"/>
  <attribute name="Output T" value="4"/>
  <attribute name="Target GC Util Change" value ="20.000000" />
  <attribute name="Current GC Util Change" value="0.000000"/>
  <attribute name="GC Util currently" value="0" />
  <attribute name="CPU Util currently" value="17" />
<allocation-satisfied id="2255" threadId="00000000015BE700" bytesRequested="24" />
<af-end id="2256" timestamp="2019-06-14T20:52:29.725" threadId="00000000015BF088" success="true" from="nursery"/>
<exclusive-end id="2257" timestamp="2019-06-14T20:52:29.725" durationms="2.159" />

<exclusive-start id="2258" timestamp="2019-06-14T20:52:30.921" intervalms="1198.042">
  <response-info timems="0.172" idlems="0.172" threads="0" lastid="00000000015BE700" lastname="main" />
</exclusive-start>
<af-start id="2259" threadId="00000000015BF088" totalBytesRequested="32" timestamp="2019-06-14T20:52:30.922" intervalms="1198.044" type="nursery" />
<cycle-start id="2260" type="scavenge" contextid="0" timestamp="2019-06-14T20:52:30.922" intervalms="1198.044" />
<gc-start id="2261" type="scavenge" contextid="2260" timestamp="2019-06-14T20:52:30.922">
  <mem-info id="2262" free="1957187904" total="2042232832" percent="95">
    <mem type="nursery" free="0" total="58195968" percent="0">
      <mem type="allocate" free="0" total="52363264" percent="0" />
      <mem type="survivor" free="0" total="5832704" percent="0" />
    </mem>
    <mem type="tenure" free="1957187904" total="1984036864" percent="98">
      <mem type="soa" free="1858009408" total="1884835840" percent="98" />
      <mem type="loa" free="99178496" total="99201024" percent="99" />
    </mem>
    <remembered-set count="105" />
  </mem-info>
</gc-start>
<allocation-stats totalBytes="52281664" >
  <allocated-bytes non-tlh="24" tlh="52281640" />
  <largest-consumer threadName="main" threadId="00000000015BE700" bytes="52281664" />
</allocation-stats>
<gc-op id="2263" type="scavenge" timems="0.841" contextid="2260" timestamp="2019-06-14T20:52:30.923">
  <scavenger-info tenureage="3" tenuremask="ffe8" tiltratio="89" />
  <memory-copied type="nursery" objects="74" bytes="1872" bytesdiscarded="76464" />
  <memory-copied type="tenure" objects="14" bytes="320" bytesdiscarded="0" />
  <references type="weak" candidates="2" cleared="0" enqueued="0" />
</gc-op>
<gc-end id="2264" type="scavenge" contextid="2260" durationms="1.519" usertimems="0.000" systemtimems="4.000" timestamp="2019-06-14T20:52:30.923" activeThreads="4">
  <mem-info id="2265" free="2009472832" total="2042232832" percent="98">
    <mem type="nursery" free="52284928" total="58195968" percent="89">
      <mem type="allocate" free="52284928" total="52363264" percent="99" />
      <mem type="survivor" free="0" total="5832704" percent="0" />
    </mem>
    <mem type="tenure" free="1957187904" total="1984036864" percent="98">
      <mem type="soa" free="1858009408" total="1884835840" percent="98" />
      <mem type="loa" free="99178496" total="99201024" percent="99" />
    </mem>
    <remembered-set count="101" />
  </mem-info>
</gc-end>
<cycle-end id="2266" type="scavenge" contextid="2260" timestamp="2019-06-14T20:52:30.924" />
  <attribute name="elasticGC enabled" value="1" />
  <attribute name= "numThreadsSpecified" value="4" />
  <attribute name="heapSize specified" value="2092630016" />
  <attribute name="Current GC Util" value="0" />
  <attribute name= "Current Time Running" value="15241" />
  <attribute name ="GC Interval" value="200" />
  <attribute name="ProportionalT" value="-10.000000" />
  <attribute name="ProportionalI" value="-10.000000" />
  <attribute name="ProportionalH" value="-10.000000" />
  <attribute name="Current Error" value="-20.000000" />
  <attribute name="IntegralT" value="-23960.000000" />
  <attribute name="IntegralI" value="-23960.000000" />
  <attribute name="IntegralH" value="-23960.000000" />
  <attribute name="DerivativeT" value="-0.008347" />
  <attribute name="DerivativeI" value="-0.008347" />
  <attribute name="DerivativeH" value="-0.008347" />
  <attribute name="Loop Time for DT" value="1198.000000" />
  <attribute name="Output H" value="2092630016"/>
  <attribute name="Output I" value="200"/>
  <attribute name="Output T" value="4"/>
  <attribute name="Target GC Util Change" value ="20.000000" />
  <attribute name="Current GC Util Change" value="0.000000"/>
  <attribute name="GC Util currently" value="0" />
  <attribute name="CPU Util currently" value="36" />
<allocation-satisfied id="2267" threadId="00000000015BE700" bytesRequested="32" />
<af-end id="2268" timestamp="2019-06-14T20:52:30.924" threadId="00000000015BF088" success="true" from="nursery"/>
<exclusive-end id="2269" timestamp="2019-06-14T20:52:30.924" durationms="2.896" />

<exclusive-start id="2270" timestamp="2019-06-14T20:52:31.067" intervalms="146.172">
  <response-info timems="0.112" idlems="0.112" threads="0" lastid="00000000015BE700" lastname="main" />
</exclusive-start>
<af-start id="2271" threadId="00000000015BF088" totalBytesRequested="24" timestamp="2019-06-14T20:52:31.068" intervalms="146.162" type="nursery" />
<cycle-start id="2272" type="scavenge" contextid="0" timestamp="2019-06-14T20:52:31.068" intervalms="146.357" />
<gc-start id="2273" type="scavenge" contextid="2272" timestamp="2019-06-14T20:52:31.068">
  <mem-info id="2274" free="1957187904" total="2042232832" percent="95">
    <mem type="nursery" free="0" total="58195968" percent="0">
      <mem type="allocate" free="0" total="52363264" percent="0" />
      <mem type="survivor" free="0" total="5832704" percent="0" />
    </mem>
    <mem type="tenure" free="1957187904" total="1984036864" percent="98">
      <mem type="soa" free="1858009408" total="1884835840" percent="98" />
      <mem type="loa" free="99178496" total="99201024" percent="99" />
    </mem>
    <remembered-set count="103" />
  </mem-info>
</gc-start>
<allocation-stats totalBytes="52281032" >
  <allocated-bytes non-tlh="32" tlh="52281000" />
  <largest-consumer threadName="main" threadId="00000000015BE700" bytes="52281032" />
</allocation-stats>
<gc-op id="2275" type="scavenge" timems="0.556" contextid="2272" timestamp="2019-06-14T20:52:31.069">
  <scavenger-info tenureage="3" tenuremask="ffe8" tiltratio="89" />
  <memory-copied type="nursery" objects="83" bytes="2120" bytesdiscarded="115384" />
  <memory-copied type="tenure" objects="7" bytes="160" bytesdiscarded="0" />
  <references type="weak" candidates="2" cleared="0" enqueued="0" />
</gc-op>
<gc-end id="2276" type="scavenge" contextid="2272" durationms="1.327" usertimems="4.000" systemtimems="0.000" timestamp="2019-06-14T20:52:31.070" activeThreads="4">
  <mem-info id="2277" free="2009433664" total="2042232832" percent="98">
    <mem type="nursery" free="52245760" total="58195968" percent="89">
      <mem type="allocate" free="52245760" total="52363264" percent="99" />
      <mem type="survivor" free="0" total="5832704" percent="0" />
    </mem>
    <mem type="tenure" free="1957187904" total="1984036864" percent="98">
      <mem type="soa" free="1858009408" total="1884835840" percent="98" />
      <mem type="loa" free="99178496" total="99201024" percent="99" />
    </mem>
    <remembered-set count="101" />
  </mem-info>
</gc-end>
<cycle-end id="2278" type="scavenge" contextid="2272" timestamp="2019-06-14T20:52:31.070" />
  <attribute name="elasticGC enabled" value="1" />
  <attribute name= "numThreadsSpecified" value="4" />
  <attribute name="heapSize specified" value="2092630016" />
  <attribute name="Current GC Util" value="1" />
  <attribute name= "Current Time Running" value="15387" />
  <attribute name ="GC Interval" value="200" />
  <attribute name="ProportionalT" value="-9.500000" />
  <attribute name="ProportionalI" value="-9.500000" />
  <attribute name="ProportionalH" value="-9.500000" />
  <attribute name="Current Error" value="-19.000000" />
  <attribute name="IntegralT" value="-2774.000000" />
  <attribute name="IntegralI" value="-2774.000000" />
  <attribute name="IntegralH" value="-2774.000000" />
  <attribute name="DerivativeT" value="-0.065068" />
  <attribute name="DerivativeI" value="-0.065068" />
  <attribute name="DerivativeH" value="-0.065068" />
  <attribute name="Loop Time for DT" value="146.000000" />
  <attribute name="Output H" value="2092630016"/>
  <attribute name="Output I" value="200"/>
  <attribute name="Output T" value="4"/>
  <attribute name="Target GC Util Change" value ="20.000000" />
  <attribute name="Current GC Util Change" value="1.000000"/>
  <attribute name="GC Util currently" value="1" />
  <attribute name="CPU Util currently" value="31500589012" />
<allocation-satisfied id="2279" threadId="00000000015BE700" bytesRequested="24" />
<af-end id="2280" timestamp="2019-06-14T20:52:31.070" threadId="00000000015BF088" success="true" from="nursery"/>
<exclusive-end id="2281" timestamp="2019-06-14T20:52:31.070" durationms="2.580" />

<exclusive-start id="2282" timestamp="2019-06-14T20:52:31.258" intervalms="190.688">
  <response-info timems="0.114" idlems="0.114" threads="0" lastid="00000000015BE700" lastname="main" />
</exclusive-start>
<af-start id="2283" threadId="00000000015BF088" totalBytesRequested="24" timestamp="2019-06-14T20:52:31.258" intervalms="190.655" type="nursery" />
<cycle-start id="2284" type="scavenge" contextid="0" timestamp="2019-06-14T20:52:31.258" intervalms="190.356" />
<gc-start id="2285" type="scavenge" contextid="2284" timestamp="2019-06-14T20:52:31.259">
  <mem-info id="2286" free="1957187904" total="2042232832" percent="95">
    <mem type="nursery" free="0" total="58195968" percent="0">
      <mem type="allocate" free="0" total="52363264" percent="0" />
      <mem type="survivor" free="0" total="5832704" percent="0" />
    </mem>
    <mem type="tenure" free="1957187904" total="1984036864" percent="98">
      <mem type="soa" free="1858009408" total="1884835840" percent="98" />
      <mem type="loa" free="99178496" total="99201024" percent="99" />
    </mem>
    <remembered-set count="103" />
  </mem-info>
</gc-start>
<allocation-stats totalBytes="52242072" >
  <allocated-bytes non-tlh="24" tlh="52242048" />
  <largest-consumer threadName="main" threadId="00000000015BE700" bytes="52242072" />
</allocation-stats>
<gc-op id="2287" type="scavenge" timems="0.782" contextid="2284" timestamp="2019-06-14T20:52:31.260">
  <scavenger-info tenureage="3" tenuremask="ffe8" tiltratio="89" />
  <memory-copied type="nursery" objects="63" bytes="1680" bytesdiscarded="115824" />
  <memory-copied type="tenure" objects="21" bytes="480" bytesdiscarded="0" />
  <references type="weak" candidates="2" cleared="0" enqueued="0" />
</gc-op>
<gc-end id="2288" type="scavenge" contextid="2284" durationms="1.347" usertimems="0.000" systemtimems="4.000" timestamp="2019-06-14T20:52:31.260" activeThreads="4">
  <mem-info id="2289" free="2009433664" total="2042232832" percent="98">
    <mem type="nursery" free="52245760" total="58195968" percent="89">
      <mem type="allocate" free="52245760" total="52363264" percent="99" />
      <mem type="survivor" free="0" total="5832704" percent="0" />
    </mem>
    <mem type="tenure" free="1957187904" total="1984036864" percent="98">
      <mem type="soa" free="1858009408" total="1884835840" percent="98" />
      <mem type="loa" free="99178496" total="99201024" percent="99" />
    </mem>
    <remembered-set count="97" />
  </mem-info>
</gc-end>
<cycle-end id="2290" type="scavenge" contextid="2284" timestamp="2019-06-14T20:52:31.260" />
  <attribute name="elasticGC enabled" value="1" />
  <attribute name= "numThreadsSpecified" value="4" />
  <attribute name="heapSize specified" value="2092630016" />
  <attribute name="Current GC Util" value="0" />
  <attribute name= "Current Time Running" value="15577" />
  <attribute name ="GC Interval" value="200" />
  <attribute name="ProportionalT" value="-10.000000" />
  <attribute name="ProportionalI" value="-10.000000" />
  <attribute name="ProportionalH" value="-10.000000" />
  <attribute name="Current Error" value="-20.000000" />
  <attribute name="IntegralT" value="-3800.000000" />
  <attribute name="IntegralI" value="-3800.000000" />
  <attribute name="IntegralH" value="-3800.000000" />
  <attribute name="DerivativeT" value="-0.052632" />
  <attribute name="DerivativeI" value="-0.052632" />
  <attribute name="DerivativeH" value="-0.052632" />
  <attribute name="Loop Time for DT" value="190.000000" />
  <attribute name="Output H" value="2092630016"/>
  <attribute name="Output I" value="200"/>
  <attribute name="Output T" value="4"/>
  <attribute name="Target GC Util Change" value ="20.000000" />
  <attribute name="Current GC Util Change" value="0.000000"/>
  <attribute name="GC Util currently" value="0" />
  <attribute name="CPU Util currently" value="24249120581" />
<allocation-satisfied id="2291" threadId="00000000015BE700" bytesRequested="24" />
<af-end id="2292" timestamp="2019-06-14T20:52:31.260" threadId="00000000015BF088" success="true" from="nursery"/>
<exclusive-end id="2293" timestamp="2019-06-14T20:52:31.260" durationms="2.230" />

<exclusive-start id="2294" timestamp="2019-06-14T20:52:31.923" intervalms="665.122">
  <response-info timems="0.206" idlems="0.206" threads="0" lastid="00000000015BE700" lastname="main" />
</exclusive-start>
<af-start id="2295" threadId="00000000015BF088" totalBytesRequested="16" timestamp="2019-06-14T20:52:31.923" intervalms="665.104" type="nursery" />
<cycle-start id="2296" type="scavenge" contextid="0" timestamp="2019-06-14T20:52:31.924" intervalms="665.112" />
<gc-start id="2297" type="scavenge" contextid="2296" timestamp="2019-06-14T20:52:31.924">
  <mem-info id="2298" free="1957187544" total="2042232832" percent="95">
    <mem type="nursery" free="0" total="58195968" percent="0">
      <mem type="allocate" free="0" total="52363264" percent="0" />
      <mem type="survivor" free="0" total="5832704" percent="0" />
    </mem>
    <mem type="tenure" free="1957187544" total="1984036864" percent="98">
      <mem type="soa" free="1858009048" total="1884835840" percent="98" />
      <mem type="loa" free="99178496" total="99201024" percent="99" />
    </mem>
    <remembered-set count="109" />
  </mem-info>
</gc-start>
<allocation-stats totalBytes="52231816" >
  <allocated-bytes non-tlh="384" tlh="52231432" />
  <largest-consumer threadName="main" threadId="00000000015BE700" bytes="52231816" />
</allocation-stats>
<gc-op id="2299" type="scavenge" timems="0.766" contextid="2296" timestamp="2019-06-14T20:52:31.925">
  <scavenger-info tenureage="3" tenuremask="ffe8" tiltratio="89" />
  <memory-copied type="nursery" objects="69" bytes="2656" bytesdiscarded="75680" />
  <memory-copied type="tenure" objects="30" bytes="704" bytesdiscarded="0" />
  <references type="weak" candidates="4" cleared="0" enqueued="0" />
</gc-op>
<gc-end id="2300" type="scavenge" contextid="2296" durationms="1.224" usertimems="4.000" systemtimems="0.000" timestamp="2019-06-14T20:52:31.925" activeThreads="4">
  <mem-info id="2301" free="2009472472" total="2042232832" percent="98">
    <mem type="nursery" free="52284928" total="58195968" percent="89">
      <mem type="allocate" free="52284928" total="52363264" percent="99" />
      <mem type="survivor" free="0" total="5832704" percent="0" />
    </mem>
    <mem type="tenure" free="1957187544" total="1984036864" percent="98">
      <mem type="soa" free="1858009048" total="1884835840" percent="98" />
      <mem type="loa" free="99178496" total="99201024" percent="99" />
    </mem>
    <remembered-set count="101" />
  </mem-info>
</gc-end>
<cycle-end id="2302" type="scavenge" contextid="2296" timestamp="2019-06-14T20:52:31.925" />
  <attribute name="elasticGC enabled" value="1" />
  <attribute name= "numThreadsSpecified" value="4" />
  <attribute name="heapSize specified" value="2092630016" />
  <attribute name="Current GC Util" value="0" />
  <attribute name= "Current Time Running" value="16242" />
  <attribute name ="GC Interval" value="200" />
  <attribute name="ProportionalT" value="-10.000000" />
  <attribute name="ProportionalI" value="-10.000000" />
  <attribute name="ProportionalH" value="-10.000000" />
  <attribute name="Current Error" value="-20.000000" />
  <attribute name="IntegralT" value="-13300.000000" />
  <attribute name="IntegralI" value="-13300.000000" />
  <attribute name="IntegralH" value="-13300.000000" />
  <attribute name="DerivativeT" value="-0.015038" />
  <attribute name="DerivativeI" value="-0.015038" />
  <attribute name="DerivativeH" value="-0.015038" />
  <attribute name="Loop Time for DT" value="665.000000" />
  <attribute name="Output H" value="2092630016"/>
  <attribute name="Output I" value="200"/>
  <attribute name="Output T" value="4"/>
  <attribute name="Target GC Util Change" value ="20.000000" />
  <attribute name="Current GC Util Change" value="0.000000"/>
  <attribute name="GC Util currently" value="0" />
  <attribute name="CPU Util currently" value="40" />
<allocation-satisfied id="2303" threadId="00000000015BE700" bytesRequested="16" />
<af-end id="2304" timestamp="2019-06-14T20:52:31.925" threadId="00000000015BF088" success="true" from="nursery"/>
<exclusive-end id="2305" timestamp="2019-06-14T20:52:31.925" durationms="1.903" />

<exclusive-start id="2306" timestamp="2019-06-14T20:52:32.074" intervalms="150.305">
  <response-info timems="0.104" idlems="0.104" threads="0" lastid="00000000015BE700" lastname="main" />
</exclusive-start>
<af-start id="2307" threadId="00000000015BF088" totalBytesRequested="112" timestamp="2019-06-14T20:52:32.074" intervalms="150.349" type="nursery" />
<cycle-start id="2308" type="scavenge" contextid="0" timestamp="2019-06-14T20:52:32.074" intervalms="150.416" />
<gc-start id="2309" type="scavenge" contextid="2308" timestamp="2019-06-14T20:52:32.074">
  <mem-info id="2310" free="1957187544" total="2042232832" percent="95">
    <mem type="nursery" free="0" total="58195968" percent="0">
      <mem type="allocate" free="0" total="52363264" percent="0" />
      <mem type="survivor" free="0" total="5832704" percent="0" />
    </mem>
    <mem type="tenure" free="1957187544" total="1984036864" percent="98">
      <mem type="soa" free="1858009048" total="1884835840" percent="98" />
      <mem type="loa" free="99178496" total="99201024" percent="99" />
    </mem>
    <remembered-set count="101" />
  </mem-info>
</gc-start>
<allocation-stats totalBytes="52259840" >
  <allocated-bytes non-tlh="16" tlh="52259824" />
  <largest-consumer threadName="main" threadId="00000000015BE700" bytes="52259840" />
</allocation-stats>
<gc-op id="2311" type="scavenge" timems="0.752" contextid="2308" timestamp="2019-06-14T20:52:32.075">
  <scavenger-info tenureage="3" tenuremask="ffe8" tiltratio="89" />
  <memory-copied type="nursery" objects="61" bytes="2384" bytesdiscarded="75952" />
  <memory-copied type="tenure" objects="7" bytes="160" bytesdiscarded="0" />
  <references type="weak" candidates="4" cleared="0" enqueued="0" />
</gc-op>
<gc-end id="2312" type="scavenge" contextid="2308" durationms="1.318" usertimems="4.000" systemtimems="0.000" timestamp="2019-06-14T20:52:32.076" activeThreads="4">
  <mem-info id="2313" free="2009472472" total="2042232832" percent="98">
    <mem type="nursery" free="52284928" total="58195968" percent="89">
      <mem type="allocate" free="52284928" total="52363264" percent="99" />
      <mem type="survivor" free="0" total="5832704" percent="0" />
    </mem>
    <mem type="tenure" free="1957187544" total="1984036864" percent="98">
      <mem type="soa" free="1858009048" total="1884835840" percent="98" />
      <mem type="loa" free="99178496" total="99201024" percent="99" />
    </mem>
    <remembered-set count="99" />
  </mem-info>
</gc-end>
<cycle-end id="2314" type="scavenge" contextid="2308" timestamp="2019-06-14T20:52:32.076" />
  <attribute name="elasticGC enabled" value="1" />
  <attribute name= "numThreadsSpecified" value="4" />
  <attribute name="heapSize specified" value="2092630016" />
  <attribute name="Current GC Util" value="1" />
  <attribute name= "Current Time Running" value="16393" />
  <attribute name ="GC Interval" value="200" />
  <attribute name="ProportionalT" value="-9.500000" />
  <attribute name="ProportionalI" value="-9.500000" />
  <attribute name="ProportionalH" value="-9.500000" />
  <attribute name="Current Error" value="-19.000000" />
  <attribute name="IntegralT" value="-2869.000000" />
  <attribute name="IntegralI" value="-2869.000000" />
  <attribute name="IntegralH" value="-2869.000000" />
  <attribute name="DerivativeT" value="-0.062914" />
  <attribute name="DerivativeI" value="-0.062914" />
  <attribute name="DerivativeH" value="-0.062914" />
  <attribute name="Loop Time for DT" value="151.000000" />
  <attribute name="Output H" value="2092630016"/>
  <attribute name="Output I" value="200"/>
  <attribute name="Output T" value="4"/>
  <attribute name="Target GC Util Change" value ="20.000000" />
  <attribute name="Current GC Util Change" value="1.000000"/>
  <attribute name="GC Util currently" value="1" />
  <attribute name="CPU Util currently" value="30625856783" />
<allocation-satisfied id="2315" threadId="00000000015BE700" bytesRequested="112" />
<af-end id="2316" timestamp="2019-06-14T20:52:32.076" threadId="00000000015BF088" success="true" from="nursery"/>
<exclusive-end id="2317" timestamp="2019-06-14T20:52:32.076" durationms="2.343" />

<exclusive-start id="2318" timestamp="2019-06-14T20:52:32.288" intervalms="214.014">
  <response-info timems="0.046" idlems="0.046" threads="0" lastid="00000000015BE700" lastname="main" />
</exclusive-start>
<af-start id="2319" threadId="00000000015BF088" totalBytesRequested="24" timestamp="2019-06-14T20:52:32.288" intervalms="214.043" type="nursery" />
<cycle-start id="2320" type="scavenge" contextid="0" timestamp="2019-06-14T20:52:32.288" intervalms="214.053" />
<gc-start id="2321" type="scavenge" contextid="2320" timestamp="2019-06-14T20:52:32.288">
  <mem-info id="2322" free="1957187544" total="2042232832" percent="95">
    <mem type="nursery" free="0" total="58195968" percent="0">
      <mem type="allocate" free="0" total="52363264" percent="0" />
      <mem type="survivor" free="0" total="5832704" percent="0" />
    </mem>
    <mem type="tenure" free="1957187544" total="1984036864" percent="98">
      <mem type="soa" free="1858009048" total="1884835840" percent="98" />
      <mem type="loa" free="99178496" total="99201024" percent="99" />
    </mem>
    <remembered-set count="103" />
  </mem-info>
</gc-start>
<allocation-stats totalBytes="52264576" >
  <allocated-bytes non-tlh="112" tlh="52264464" />
  <largest-consumer threadName="main" threadId="00000000015BE700" bytes="52264576" />
</allocation-stats>
<gc-op id="2323" type="scavenge" timems="0.630" contextid="2320" timestamp="2019-06-14T20:52:32.289">
  <scavenger-info tenureage="3" tenuremask="ffe8" tiltratio="89" />
  <memory-copied type="nursery" objects="70" bytes="2496" bytesdiscarded="115008" />
  <memory-copied type="tenure" objects="7" bytes="160" bytesdiscarded="0" />
  <references type="weak" candidates="18" cleared="0" enqueued="0" />
</gc-op>
<gc-end id="2324" type="scavenge" contextid="2320" durationms="1.229" usertimems="4.000" systemtimems="0.000" timestamp="2019-06-14T20:52:32.289" activeThreads="4">
  <mem-info id="2325" free="2009433304" total="2042232832" percent="98">
    <mem type="nursery" free="52245760" total="58195968" percent="89">
      <mem type="allocate" free="52245760" total="52363264" percent="99" />
      <mem type="survivor" free="0" total="5832704" percent="0" />
    </mem>
    <mem type="tenure" free="1957187544" total="1984036864" percent="98">
      <mem type="soa" free="1858009048" total="1884835840" percent="98" />
      <mem type="loa" free="99178496" total="99201024" percent="99" />
    </mem>
    <remembered-set count="95" />
  </mem-info>
</gc-end>
<cycle-end id="2326" type="scavenge" contextid="2320" timestamp="2019-06-14T20:52:32.290" />
  <attribute name="elasticGC enabled" value="1" />
  <attribute name= "numThreadsSpecified" value="4" />
  <attribute name="heapSize specified" value="2092630016" />
  <attribute name="Current GC Util" value="0" />
  <attribute name= "Current Time Running" value="16607" />
  <attribute name ="GC Interval" value="200" />
  <attribute name="ProportionalT" value="-10.000000" />
  <attribute name="ProportionalI" value="-10.000000" />
  <attribute name="ProportionalH" value="-10.000000" />
  <attribute name="Current Error" value="-20.000000" />
  <attribute name="IntegralT" value="-4280.000000" />
  <attribute name="IntegralI" value="-4280.000000" />
  <attribute name="IntegralH" value="-4280.000000" />
  <attribute name="DerivativeT" value="-0.046729" />
  <attribute name="DerivativeI" value="-0.046729" />
  <attribute name="DerivativeH" value="-0.046729" />
  <attribute name="Loop Time for DT" value="214.000000" />
  <attribute name="Output H" value="2092630016"/>
  <attribute name="Output I" value="200"/>
  <attribute name="Output T" value="4"/>
  <attribute name="Target GC Util Change" value ="20.000000" />
  <attribute name="Current GC Util Change" value="0.000000"/>
  <attribute name="GC Util currently" value="0" />
  <attribute name="CPU Util currently" value="21548676976" />
<allocation-satisfied id="2327" threadId="00000000015BE700" bytesRequested="24" />
<af-end id="2328" timestamp="2019-06-14T20:52:32.290" threadId="00000000015BF088" success="true" from="nursery"/>
<exclusive-end id="2329" timestamp="2019-06-14T20:52:32.290" durationms="2.354" />

<exclusive-start id="2330" timestamp="2019-06-14T20:52:32.315" intervalms="27.122">
  <response-info timems="0.029" idlems="0.029" threads="0" lastid="00000000015BE700" lastname="main" />
</exclusive-start>
<af-start id="2331" threadId="00000000015BF088" totalBytesRequested="544" timestamp="2019-06-14T20:52:32.315" intervalms="27.117" type="nursery" />
<cycle-start id="2332" type="scavenge" contextid="0" timestamp="2019-06-14T20:52:32.315" intervalms="27.093" />
<gc-start id="2333" type="scavenge" contextid="2332" timestamp="2019-06-14T20:52:32.315">
  <mem-info id="2334" free="1957187544" total="2042232832" percent="95">
    <mem type="nursery" free="0" total="58195968" percent="0">
      <mem type="allocate" free="0" total="52363264" percent="0" />
      <mem type="survivor" free="0" total="5832704" percent="0" />
    </mem>
    <mem type="tenure" free="1957187544" total="1984036864" percent="98">
      <mem type="soa" free="1858009048" total="1884835840" percent="98" />
      <mem type="loa" free="99178496" total="99201024" percent="99" />
    </mem>
    <remembered-set count="95" />
  </mem-info>
</gc-start>
<allocation-stats totalBytes="52152328" >
  <allocated-bytes non-tlh="24" tlh="52152304" />
  <largest-consumer threadName="main" threadId="00000000015BE700" bytes="52152328" />
</allocation-stats>
<gc-op id="2335" type="scavenge" timems="0.811" contextid="2332" timestamp="2019-06-14T20:52:32.316">
  <scavenger-info tenureage="5" tenuremask="ffe0" tiltratio="89" />
  <memory-copied type="nursery" objects="70" bytes="2480" bytesdiscarded="75856" />
  <references type="weak" candidates="18" cleared="0" enqueued="0" />
</gc-op>
<gc-end id="2336" type="scavenge" contextid="2332" durationms="1.424" usertimems="4.000" systemtimems="0.000" timestamp="2019-06-14T20:52:32.317" activeThreads="4">
  <mem-info id="2337" free="2009472472" total="2042232832" percent="98">
    <mem type="nursery" free="52284928" total="58195968" percent="89">
      <mem type="allocate" free="52284928" total="52363264" percent="99" />
      <mem type="survivor" free="0" total="5832704" percent="0" />
    </mem>
    <mem type="tenure" free="1957187544" total="1984036864" percent="98">
      <mem type="soa" free="1858009048" total="1884835840" percent="98" />
      <mem type="loa" free="99178496" total="99201024" percent="99" />
    </mem>
    <remembered-set count="95" />
  </mem-info>
</gc-end>
<cycle-end id="2338" type="scavenge" contextid="2332" timestamp="2019-06-14T20:52:32.317" />
  <attribute name="elasticGC enabled" value="1" />
  <attribute name= "numThreadsSpecified" value="4" />
  <attribute name="heapSize specified" value="2092630016" />
  <attribute name="Current GC Util" value="6" />
  <attribute name= "Current Time Running" value="16634" />
  <attribute name ="GC Interval" value="200" />
  <attribute name="ProportionalT" value="-7.000000" />
  <attribute name="ProportionalI" value="-7.000000" />
  <attribute name="ProportionalH" value="-7.000000" />
  <attribute name="Current Error" value="-14.000000" />
  <attribute name="IntegralT" value="-378.000000" />
  <attribute name="IntegralI" value="-378.000000" />
  <attribute name="IntegralH" value="-378.000000" />
  <attribute name="DerivativeT" value="-0.259259" />
  <attribute name="DerivativeI" value="-0.259259" />
  <attribute name="DerivativeH" value="-0.259259" />
  <attribute name="Loop Time for DT" value="27.000000" />
  <attribute name="Output H" value="2092630016"/>
  <attribute name="Output I" value="200"/>
  <attribute name="Output T" value="4"/>
  <attribute name="Target GC Util Change" value ="20.000000" />
  <attribute name="Current GC Util Change" value="6.000000"/>
  <attribute name="GC Util currently" value="6" />
  <attribute name="CPU Util currently" value="169829177323" />
<allocation-satisfied id="2339" threadId="00000000015BE700" bytesRequested="544" />
<af-end id="2340" timestamp="2019-06-14T20:52:32.317" threadId="00000000015BF088" success="true" from="nursery"/>
<exclusive-end id="2341" timestamp="2019-06-14T20:52:32.317" durationms="2.407" />

<exclusive-start id="2342" timestamp="2019-06-14T20:52:32.339" intervalms="24.055">
  <response-info timems="0.101" idlems="0.101" threads="0" lastid="00000000015BE700" lastname="main" />
</exclusive-start>
<af-start id="2343" threadId="00000000015BF088" totalBytesRequested="584" timestamp="2019-06-14T20:52:32.339" intervalms="24.043" type="nursery" />
<cycle-start id="2344" type="scavenge" contextid="0" timestamp="2019-06-14T20:52:32.339" intervalms="24.079" />
<gc-start id="2345" type="scavenge" contextid="2344" timestamp="2019-06-14T20:52:32.339">
  <mem-info id="2346" free="1957187544" total="2042232832" percent="95">
    <mem type="nursery" free="0" total="58195968" percent="0">
      <mem type="allocate" free="0" total="52363264" percent="0" />
      <mem type="survivor" free="0" total="5832704" percent="0" />
    </mem>
    <mem type="tenure" free="1957187544" total="1984036864" percent="98">
      <mem type="soa" free="1858009048" total="1884835840" percent="98" />
      <mem type="loa" free="99178496" total="99201024" percent="99" />
    </mem>
    <remembered-set count="95" />
  </mem-info>
</gc-start>
<allocation-stats totalBytes="52191064" >
  <allocated-bytes non-tlh="544" tlh="52190520" />
  <largest-consumer threadName="main" threadId="00000000015BE700" bytes="52191064" />
</allocation-stats>
<gc-op id="2347" type="scavenge" timems="0.635" contextid="2344" timestamp="2019-06-14T20:52:32.340">
  <scavenger-info tenureage="3" tenuremask="fff8" tiltratio="89" />
  <memory-copied type="nursery" objects="45" bytes="1872" bytesdiscarded="115632" />
  <memory-copied type="tenure" objects="25" bytes="608" bytesdiscarded="0" />
  <references type="weak" candidates="14" cleared="0" enqueued="0" />
</gc-op>
<gc-end id="2348" type="scavenge" contextid="2344" durationms="1.274" usertimems="0.000" systemtimems="0.000" timestamp="2019-06-14T20:52:32.341" activeThreads="4">
  <mem-info id="2349" free="2009433304" total="2042232832" percent="98">
    <mem type="nursery" free="52245760" total="58195968" percent="89">
      <mem type="allocate" free="52245760" total="52363264" percent="99" />
      <mem type="survivor" free="0" total="5832704" percent="0" />
    </mem>
    <mem type="tenure" free="1957187544" total="1984036864" percent="98">
      <mem type="soa" free="1858009048" total="1884835840" percent="98" />
      <mem type="loa" free="99178496" total="99201024" percent="99" />
    </mem>
    <remembered-set count="89" />
  </mem-info>
</gc-end>
<cycle-end id="2350" type="scavenge" contextid="2344" timestamp="2019-06-14T20:52:32.341" />
  <attribute name="elasticGC enabled" value="1" />
  <attribute name= "numThreadsSpecified" value="4" />
  <attribute name="heapSize specified" value="2092630016" />
  <attribute name="Current GC Util" value="7" />
  <attribute name= "Current Time Running" value="16658" />
  <attribute name ="GC Interval" value="200" />
  <attribute name="ProportionalT" value="-6.500000" />
  <attribute name="ProportionalI" value="-6.500000" />
  <attribute name="ProportionalH" value="-6.500000" />
  <attribute name="Current Error" value="-13.000000" />
  <attribute name="IntegralT" value="-312.000000" />
  <attribute name="IntegralI" value="-312.000000" />
  <attribute name="IntegralH" value="-312.000000" />
  <attribute name="DerivativeT" value="-0.270833" />
  <attribute name="DerivativeI" value="-0.270833" />
  <attribute name="DerivativeH" value="-0.270833" />
  <attribute name="Loop Time for DT" value="24.000000" />
  <attribute name="Output H" value="2092630016"/>
  <attribute name="Output I" value="200"/>
  <attribute name="Output T" value="4"/>
  <attribute name="Target GC Util Change" value ="20.000000" />
  <attribute name="Current GC Util Change" value="7.000000"/>
  <attribute name="GC Util currently" value="7" />
  <attribute name="CPU Util currently" value="191513147611" />
<allocation-satisfied id="2351" threadId="00000000015BE700" bytesRequested="584" />
<af-end id="2352" timestamp="2019-06-14T20:52:32.341" threadId="00000000015BF088" success="true" from="nursery"/>
<exclusive-end id="2353" timestamp="2019-06-14T20:52:32.341" durationms="2.526" />

<exclusive-start id="2354" timestamp="2019-06-14T20:52:32.363" intervalms="24.437">
  <response-info timems="0.107" idlems="0.107" threads="0" lastid="00000000015BE700" lastname="main" />
</exclusive-start>
<af-start id="2355" threadId="00000000015BF088" totalBytesRequested="584" timestamp="2019-06-14T20:52:32.363" intervalms="24.412" type="nursery" />
<cycle-start id="2356" type="scavenge" contextid="0" timestamp="2019-06-14T20:52:32.364" intervalms="24.369" />
<gc-start id="2357" type="scavenge" contextid="2356" timestamp="2019-06-14T20:52:32.364">
  <mem-info id="2358" free="1957187544" total="2042232832" percent="95">
    <mem type="nursery" free="0" total="58195968" percent="0">
      <mem type="allocate" free="0" total="52363264" percent="0" />
      <mem type="survivor" free="0" total="5832704" percent="0" />
    </mem>
    <mem type="tenure" free="1957187544" total="1984036864" percent="98">
      <mem type="soa" free="1858009048" total="1884835840" percent="98" />
      <mem type="loa" free="99178496" total="99201024" percent="99" />
    </mem>
    <remembered-set count="89" />
  </mem-info>
</gc-start>
<allocation-stats totalBytes="52153536" >
  <allocated-bytes non-tlh="584" tlh="52152952" />
  <largest-consumer threadName="main" threadId="00000000015BE700" bytes="52153536" />
</allocation-stats>
<gc-op id="2359" type="scavenge" timems="0.865" contextid="2356" timestamp="2019-06-14T20:52:32.365">
  <scavenger-info tenureage="3" tenuremask="ffd8" tiltratio="89" />
  <memory-copied type="nursery" objects="2" bytes="40" bytesdiscarded="39128" />
  <memory-copied type="tenure" objects="43" bytes="1832" bytesdiscarded="0" />
</gc-op>
<gc-end id="2360" type="scavenge" contextid="2356" durationms="1.351" usertimems="4.000" systemtimems="0.000" timestamp="2019-06-14T20:52:32.365" activeThreads="4">
  <mem-info id="2361" free="2009511640" total="2042232832" percent="98">
    <mem type="nursery" free="52324096" total="58195968" percent="89">
      <mem type="allocate" free="52324096" total="52363264" percent="99" />
      <mem type="survivor" free="0" total="5832704" percent="0" />
    </mem>
    <mem type="tenure" free="1957187544" total="1984036864" percent="98">
      <mem type="soa" free="1858009048" total="1884835840" percent="98" />
      <mem type="loa" free="99178496" total="99201024" percent="99" />
    </mem>
    <remembered-set count="92" />
  </mem-info>
</gc-end>
<cycle-end id="2362" type="scavenge" contextid="2356" timestamp="2019-06-14T20:52:32.365" />
  <attribute name="elasticGC enabled" value="1" />
  <attribute name= "numThreadsSpecified" value="4" />
  <attribute name="heapSize specified" value="2092630016" />
  <attribute name="Current GC Util" value="6" />
  <attribute name= "Current Time Running" value="16682" />
  <attribute name ="GC Interval" value="200" />
  <attribute name="ProportionalT" value="-7.000000" />
  <attribute name="ProportionalI" value="-7.000000" />
  <attribute name="ProportionalH" value="-7.000000" />
  <attribute name="Current Error" value="-14.000000" />
  <attribute name="IntegralT" value="-336.000000" />
  <attribute name="IntegralI" value="-336.000000" />
  <attribute name="IntegralH" value="-336.000000" />
  <attribute name="DerivativeT" value="-0.291667" />
  <attribute name="DerivativeI" value="-0.291667" />
  <attribute name="DerivativeH" value="-0.291667" />
  <attribute name="Loop Time for DT" value="24.000000" />
  <attribute name="Output H" value="2092630016"/>
  <attribute name="Output I" value="200"/>
  <attribute name="Output T" value="4"/>
  <attribute name="Target GC Util Change" value ="20.000000" />
  <attribute name="Current GC Util Change" value="6.000000"/>
  <attribute name="GC Util currently" value="6" />
  <attribute name="CPU Util currently" value="190114165510" />
<allocation-satisfied id="2363" threadId="00000000015BE700" bytesRequested="584" />
<af-end id="2364" timestamp="2019-06-14T20:52:32.365" threadId="00000000015BF088" success="true" from="nursery"/>
<exclusive-end id="2365" timestamp="2019-06-14T20:52:32.366" durationms="2.364" />

<exclusive-start id="2366" timestamp="2019-06-14T20:52:32.507" intervalms="143.371">
  <response-info timems="0.045" idlems="0.045" threads="0" lastid="00000000015BE700" lastname="main" />
</exclusive-start>
<af-start id="2367" threadId="00000000015BF088" totalBytesRequested="16" timestamp="2019-06-14T20:52:32.507" intervalms="143.408" type="nursery" />
<cycle-start id="2368" type="scavenge" contextid="0" timestamp="2019-06-14T20:52:32.507" intervalms="143.425" />
<gc-start id="2369" type="scavenge" contextid="2368" timestamp="2019-06-14T20:52:32.507">
  <mem-info id="2370" free="1957187544" total="2042232832" percent="95">
    <mem type="nursery" free="0" total="58195968" percent="0">
      <mem type="allocate" free="0" total="52363264" percent="0" />
      <mem type="survivor" free="0" total="5832704" percent="0" />
    </mem>
    <mem type="tenure" free="1957187544" total="1984036864" percent="98">
      <mem type="soa" free="1858009048" total="1884835840" percent="98" />
      <mem type="loa" free="99178496" total="99201024" percent="99" />
    </mem>
    <remembered-set count="99" />
  </mem-info>
</gc-start>
<allocation-stats totalBytes="52247104" >
  <allocated-bytes non-tlh="584" tlh="52246520" />
  <largest-consumer threadName="main" threadId="00000000015BE700" bytes="52247104" />
</allocation-stats>
<gc-op id="2371" type="scavenge" timems="0.486" contextid="2368" timestamp="2019-06-14T20:52:32.508">
  <scavenger-info tenureage="14" tenuremask="c000" tiltratio="89" />
  <memory-copied type="nursery" objects="35" bytes="1440" bytesdiscarded="76896" />
</gc-op>
<gc-end id="2372" type="scavenge" contextid="2368" durationms="1.053" usertimems="4.000" systemtimems="0.000" timestamp="2019-06-14T20:52:32.508" activeThreads="4">
  <mem-info id="2373" free="2009472472" total="2042232832" percent="98">
    <mem type="nursery" free="52284928" total="58195968" percent="89">
      <mem type="allocate" free="52284928" total="52363264" percent="99" />
      <mem type="survivor" free="0" total="5832704" percent="0" />
    </mem>
    <mem type="tenure" free="1957187544" total="1984036864" percent="98">
      <mem type="soa" free="1858009048" total="1884835840" percent="98" />
      <mem type="loa" free="99178496" total="99201024" percent="99" />
    </mem>
    <remembered-set count="99" />
  </mem-info>
</gc-end>
<cycle-end id="2374" type="scavenge" contextid="2368" timestamp="2019-06-14T20:52:32.508" />
  <attribute name="elasticGC enabled" value="1" />
  <attribute name= "numThreadsSpecified" value="4" />
  <attribute name="heapSize specified" value="2092630016" />
  <attribute name="Current GC Util" value="1" />
  <attribute name= "Current Time Running" value="16826" />
  <attribute name ="GC Interval" value="200" />
  <attribute name="ProportionalT" value="-9.500000" />
  <attribute name="ProportionalI" value="-9.500000" />
  <attribute name="ProportionalH" value="-9.500000" />
  <attribute name="Current Error" value="-19.000000" />
  <attribute name="IntegralT" value="-2736.000000" />
  <attribute name="IntegralI" value="-2736.000000" />
  <attribute name="IntegralH" value="-2736.000000" />
  <attribute name="DerivativeT" value="-0.065972" />
  <attribute name="DerivativeI" value="-0.065972" />
  <attribute name="DerivativeH" value="-0.065972" />
  <attribute name="Loop Time for DT" value="144.000000" />
  <attribute name="Output H" value="2092630016"/>
  <attribute name="Output I" value="200"/>
  <attribute name="Output T" value="4"/>
  <attribute name="Target GC Util Change" value ="20.000000" />
  <attribute name="Current GC Util Change" value="1.000000"/>
  <attribute name="GC Util currently" value="1" />
  <attribute name="CPU Util currently" value="32141586017" />
<allocation-satisfied id="2375" threadId="00000000015BE700" bytesRequested="16" />
<af-end id="2376" timestamp="2019-06-14T20:52:32.509" threadId="00000000015BF088" success="true" from="nursery"/>
<exclusive-end id="2377" timestamp="2019-06-14T20:52:32.509" durationms="2.156" />

<exclusive-start id="2378" timestamp="2019-06-14T20:52:32.603" intervalms="96.911">
  <response-info timems="0.037" idlems="0.037" threads="0" lastid="00000000015BE700" lastname="main" />
</exclusive-start>
<af-start id="2379" threadId="00000000015BF088" totalBytesRequested="408" timestamp="2019-06-14T20:52:32.604" intervalms="96.889" type="nursery" />
<cycle-start id="2380" type="scavenge" contextid="0" timestamp="2019-06-14T20:52:32.604" intervalms="96.910" />
<gc-start id="2381" type="scavenge" contextid="2380" timestamp="2019-06-14T20:52:32.604">
  <mem-info id="2382" free="1957187544" total="2042232832" percent="95">
    <mem type="nursery" free="0" total="58195968" percent="0">
      <mem type="allocate" free="0" total="52363264" percent="0" />
      <mem type="survivor" free="0" total="5832704" percent="0" />
    </mem>
    <mem type="tenure" free="1957187544" total="1984036864" percent="98">
      <mem type="soa" free="1858009048" total="1884835840" percent="98" />
      <mem type="loa" free="99178496" total="99201024" percent="99" />
    </mem>
    <remembered-set count="101" />
  </mem-info>
</gc-start>
<allocation-stats totalBytes="52233032" >
  <allocated-bytes non-tlh="16" tlh="52233016" />
  <largest-consumer threadName="main" threadId="00000000015BE700" bytes="52233032" />
</allocation-stats>
<gc-op id="2383" type="scavenge" timems="0.558" contextid="2380" timestamp="2019-06-14T20:52:32.605">
  <scavenger-info tenureage="14" tenuremask="c000" tiltratio="89" />
  <memory-copied type="nursery" objects="44" bytes="2048" bytesdiscarded="76288" />
</gc-op>
<gc-end id="2384" type="scavenge" contextid="2380" durationms="1.225" usertimems="0.000" systemtimems="0.000" timestamp="2019-06-14T20:52:32.605" activeThreads="4">
  <mem-info id="2385" free="2009472472" total="2042232832" percent="98">
    <mem type="nursery" free="52284928" total="58195968" percent="89">
      <mem type="allocate" free="52284928" total="52363264" percent="99" />
      <mem type="survivor" free="0" total="5832704" percent="0" />
    </mem>
    <mem type="tenure" free="1957187544" total="1984036864" percent="98">
      <mem type="soa" free="1858009048" total="1884835840" percent="98" />
      <mem type="loa" free="99178496" total="99201024" percent="99" />
    </mem>
    <remembered-set count="92" />
  </mem-info>
</gc-end>
<cycle-end id="2386" type="scavenge" contextid="2380" timestamp="2019-06-14T20:52:32.605" />
  <attribute name="elasticGC enabled" value="1" />
  <attribute name= "numThreadsSpecified" value="4" />
  <attribute name="heapSize specified" value="2092630016" />
  <attribute name="Current GC Util" value="1" />
  <attribute name= "Current Time Running" value="16923" />
  <attribute name ="GC Interval" value="200" />
  <attribute name="ProportionalT" value="-9.500000" />
  <attribute name="ProportionalI" value="-9.500000" />
  <attribute name="ProportionalH" value="-9.500000" />
  <attribute name="Current Error" value="-19.000000" />
  <attribute name="IntegralT" value="-1843.000000" />
  <attribute name="IntegralI" value="-1843.000000" />
  <attribute name="IntegralH" value="-1843.000000" />
  <attribute name="DerivativeT" value="-0.097938" />
  <attribute name="DerivativeI" value="-0.097938" />
  <attribute name="DerivativeH" value="-0.097938" />
  <attribute name="Loop Time for DT" value="97.000000" />
  <attribute name="Output H" value="2092630016"/>
  <attribute name="Output I" value="200"/>
  <attribute name="Output T" value="4"/>
  <attribute name="Target GC Util Change" value ="20.000000" />
  <attribute name="Current GC Util Change" value="1.000000"/>
  <attribute name="GC Util currently" value="1" />
  <attribute name="CPU Util currently" value="47540407672" />
<allocation-satisfied id="2387" threadId="00000000015BE700" bytesRequested="408" />
<af-end id="2388" timestamp="2019-06-14T20:52:32.606" threadId="00000000015BF088" success="true" from="nursery"/>
<exclusive-end id="2389" timestamp="2019-06-14T20:52:32.606" durationms="2.282" />

<exclusive-start id="2390" timestamp="2019-06-14T20:52:32.642" intervalms="38.017">
  <response-info timems="0.137" idlems="0.137" threads="0" lastid="00000000015BE700" lastname="main" />
</exclusive-start>
<af-start id="2391" threadId="00000000015BF088" totalBytesRequested="408" timestamp="2019-06-14T20:52:32.642" intervalms="38.034" type="nursery" />
<cycle-start id="2392" type="scavenge" contextid="0" timestamp="2019-06-14T20:52:32.642" intervalms="38.066" />
<gc-start id="2393" type="scavenge" contextid="2392" timestamp="2019-06-14T20:52:32.642">
  <mem-info id="2394" free="1957187544" total="2042232832" percent="95">
    <mem type="nursery" free="0" total="58195968" percent="0">
      <mem type="allocate" free="0" total="52363264" percent="0" />
      <mem type="survivor" free="0" total="5832704" percent="0" />
    </mem>
    <mem type="tenure" free="1957187544" total="1984036864" percent="98">
      <mem type="soa" free="1858009048" total="1884835840" percent="98" />
      <mem type="loa" free="99178496" total="99201024" percent="99" />
    </mem>
    <remembered-set count="92" />
  </mem-info>
</gc-start>
<allocation-stats totalBytes="52245304" >
  <allocated-bytes non-tlh="408" tlh="52244896" />
  <largest-consumer threadName="main" threadId="00000000015BE700" bytes="52245304" />
</allocation-stats>
<gc-op id="2395" type="scavenge" timems="0.467" contextid="2392" timestamp="2019-06-14T20:52:32.643">
  <scavenger-info tenureage="14" tenuremask="c000" tiltratio="89" />
  <memory-copied type="nursery" objects="44" bytes="2048" bytesdiscarded="76288" />
</gc-op>
<gc-end id="2396" type="scavenge" contextid="2392" durationms="1.092" usertimems="0.000" systemtimems="0.000" timestamp="2019-06-14T20:52:32.643" activeThreads="4">
  <mem-info id="2397" free="2009472472" total="2042232832" percent="98">
    <mem type="nursery" free="52284928" total="58195968" percent="89">
      <mem type="allocate" free="52284928" total="52363264" percent="99" />
      <mem type="survivor" free="0" total="5832704" percent="0" />
    </mem>
    <mem type="tenure" free="1957187544" total="1984036864" percent="98">
      <mem type="soa" free="1858009048" total="1884835840" percent="98" />
      <mem type="loa" free="99178496" total="99201024" percent="99" />
    </mem>
    <remembered-set count="92" />
  </mem-info>
</gc-end>
<cycle-end id="2398" type="scavenge" contextid="2392" timestamp="2019-06-14T20:52:32.643" />
  <attribute name="elasticGC enabled" value="1" />
  <attribute name= "numThreadsSpecified" value="4" />
  <attribute name="heapSize specified" value="2092630016" />
  <attribute name="Current GC Util" value="4" />
  <attribute name= "Current Time Running" value="16961" />
  <attribute name ="GC Interval" value="200" />
  <attribute name="ProportionalT" value="-8.000000" />
  <attribute name="ProportionalI" value="-8.000000" />
  <attribute name="ProportionalH" value="-8.000000" />
  <attribute name="Current Error" value="-16.000000" />
  <attribute name="IntegralT" value="-608.000000" />
  <attribute name="IntegralI" value="-608.000000" />
  <attribute name="IntegralH" value="-608.000000" />
  <attribute name="DerivativeT" value="-0.210526" />
  <attribute name="DerivativeI" value="-0.210526" />
  <attribute name="DerivativeH" value="-0.210526" />
  <attribute name="Loop Time for DT" value="38.000000" />
  <attribute name="Output H" value="2092630016"/>
  <attribute name="Output I" value="200"/>
  <attribute name="Output T" value="4"/>
  <attribute name="Target GC Util Change" value ="20.000000" />
  <attribute name="Current GC Util Change" value="4.000000"/>
  <attribute name="GC Util currently" value="4" />
  <attribute name="CPU Util currently" value="121353598563" />
<allocation-satisfied id="2399" threadId="00000000015BE700" bytesRequested="408" />
<af-end id="2400" timestamp="2019-06-14T20:52:32.644" threadId="00000000015BF088" success="true" from="nursery"/>
<exclusive-end id="2401" timestamp="2019-06-14T20:52:32.644" durationms="2.369" />

<exclusive-start id="2402" timestamp="2019-06-14T20:52:32.784" intervalms="142.022">
  <response-info timems="0.034" idlems="0.034" threads="0" lastid="00000000015BE700" lastname="main" />
</exclusive-start>
<af-start id="2403" threadId="00000000015BF088" totalBytesRequested="2008" timestamp="2019-06-14T20:52:32.784" intervalms="141.997" type="nursery" />
<cycle-start id="2404" type="scavenge" contextid="0" timestamp="2019-06-14T20:52:32.784" intervalms="141.936" />
<gc-start id="2405" type="scavenge" contextid="2404" timestamp="2019-06-14T20:52:32.784">
  <mem-info id="2406" free="1957160600" total="2042232832" percent="95">
    <mem type="nursery" free="0" total="58195968" percent="0">
      <mem type="allocate" free="0" total="52363264" percent="0" />
      <mem type="survivor" free="0" total="5832704" percent="0" />
    </mem>
    <mem type="tenure" free="1957160600" total="1984036864" percent="98">
      <mem type="soa" free="1857982104" total="1884835840" percent="98" />
      <mem type="loa" free="99178496" total="99201024" percent="99" />
    </mem>
    <remembered-set count="200" />
  </mem-info>
</gc-start>
<allocation-stats totalBytes="52243896" >
  <allocated-bytes non-tlh="27352" tlh="52216544" />
  <largest-consumer threadName="main" threadId="00000000015BE700" bytes="52243896" />
</allocation-stats>
<gc-op id="2407" type="scavenge" timems="0.645" contextid="2404" timestamp="2019-06-14T20:52:32.785">
  <scavenger-info tenureage="3" tenuremask="e008" tiltratio="89" />
  <memory-copied type="nursery" objects="1217" bytes="74384" bytesdiscarded="82280" />
  <memory-copied type="tenure" objects="15" bytes="344" bytesdiscarded="0" />
  <references type="soft" candidates="9" cleared="0" enqueued="0" dynamicThreshold="31" maxThreshold="32" />
  <references type="weak" candidates="62" cleared="18" enqueued="11" />
</gc-op>
<gc-end id="2408" type="scavenge" contextid="2404" durationms="1.218" usertimems="4.000" systemtimems="0.000" timestamp="2019-06-14T20:52:32.785" activeThreads="4">
  <mem-info id="2409" free="2009367192" total="2042232832" percent="98">
    <mem type="nursery" free="52206592" total="58195968" percent="89">
      <mem type="allocate" free="52206592" total="52363264" percent="99" />
      <mem type="survivor" free="0" total="5832704" percent="0" />
    </mem>
    <mem type="tenure" free="1957160600" total="1984036864" percent="98">
      <mem type="soa" free="1857982104" total="1884835840" percent="98" />
      <mem type="loa" free="99178496" total="99201024" percent="99" />
    </mem>
    <pending-finalizers system="0" default="0" reference="11" classloader="0" />
    <remembered-set count="194" />
  </mem-info>
</gc-end>
<cycle-end id="2410" type="scavenge" contextid="2404" timestamp="2019-06-14T20:52:32.785" />
  <attribute name="elasticGC enabled" value="1" />
  <attribute name= "numThreadsSpecified" value="4" />
  <attribute name="heapSize specified" value="2092630016" />
  <attribute name="Current GC Util" value="0" />
  <attribute name= "Current Time Running" value="17103" />
  <attribute name ="GC Interval" value="200" />
  <attribute name="ProportionalT" value="-10.000000" />
  <attribute name="ProportionalI" value="-10.000000" />
  <attribute name="ProportionalH" value="-10.000000" />
  <attribute name="Current Error" value="-20.000000" />
  <attribute name="IntegralT" value="-2840.000000" />
  <attribute name="IntegralI" value="-2840.000000" />
  <attribute name="IntegralH" value="-2840.000000" />
  <attribute name="DerivativeT" value="-0.070423" />
  <attribute name="DerivativeI" value="-0.070423" />
  <attribute name="DerivativeH" value="-0.070423" />
  <attribute name="Loop Time for DT" value="142.000000" />
  <attribute name="Output H" value="2092630016"/>
  <attribute name="Output I" value="200"/>
  <attribute name="Output T" value="4"/>
  <attribute name="Target GC Util Change" value ="20.000000" />
  <attribute name="Current GC Util Change" value="0.000000"/>
  <attribute name="GC Util currently" value="0" />
  <attribute name="CPU Util currently" value="32506351806" />
<allocation-satisfied id="2411" threadId="00000000015BE700" bytesRequested="2008" />
<af-end id="2412" timestamp="2019-06-14T20:52:32.786" threadId="00000000015BF088" success="true" from="nursery"/>
<exclusive-end id="2413" timestamp="2019-06-14T20:52:32.786" durationms="2.260" />

<exclusive-start id="2414" timestamp="2019-06-14T20:52:33.053" intervalms="269.904">
  <response-info timems="0.072" idlems="0.072" threads="0" lastid="00000000015BE700" lastname="main" />
</exclusive-start>
<af-start id="2415" threadId="00000000015BF088" totalBytesRequested="80" timestamp="2019-06-14T20:52:33.054" intervalms="269.864" type="nursery" />
<cycle-start id="2416" type="scavenge" contextid="0" timestamp="2019-06-14T20:52:33.054" intervalms="269.822" />
<gc-start id="2417" type="scavenge" contextid="2416" timestamp="2019-06-14T20:52:33.054">
  <mem-info id="2418" free="1957160600" total="2042232832" percent="95">
    <mem type="nursery" free="0" total="58195968" percent="0">
      <mem type="allocate" free="0" total="52363264" percent="0" />
      <mem type="survivor" free="0" total="5832704" percent="0" />
    </mem>
    <mem type="tenure" free="1957160600" total="1984036864" percent="98">
      <mem type="soa" free="1857982104" total="1884835840" percent="98" />
      <mem type="loa" free="99178496" total="99201024" percent="99" />
    </mem>
    <remembered-set count="200" />
  </mem-info>
</gc-start>
<allocation-stats totalBytes="52163200" >
  <allocated-bytes non-tlh="2008" tlh="52161192" />
  <largest-consumer threadName="main" threadId="00000000015BE700" bytes="52159104" />
</allocation-stats>
<gc-op id="2419" type="scavenge" timems="0.862" contextid="2416" timestamp="2019-06-14T20:52:33.055">
  <scavenger-info tenureage="5" tenuremask="ffe0" tiltratio="89" />
  <memory-copied type="nursery" objects="1246" bytes="74560" bytesdiscarded="82104" />
  <references type="soft" candidates="9" cleared="0" enqueued="0" dynamicThreshold="31" maxThreshold="32" />
  <references type="weak" candidates="78" cleared="0" enqueued="0" />
</gc-op>
<gc-end id="2420" type="scavenge" contextid="2416" durationms="1.478" usertimems="4.000" systemtimems="0.000" timestamp="2019-06-14T20:52:33.055" activeThreads="4">
  <mem-info id="2421" free="2009367192" total="2042232832" percent="98">
    <mem type="nursery" free="52206592" total="58195968" percent="89">
      <mem type="allocate" free="52206592" total="52363264" percent="99" />
      <mem type="survivor" free="0" total="5832704" percent="0" />
    </mem>
    <mem type="tenure" free="1957160600" total="1984036864" percent="98">
      <mem type="soa" free="1857982104" total="1884835840" percent="98" />
      <mem type="loa" free="99178496" total="99201024" percent="99" />
    </mem>
    <remembered-set count="199" />
  </mem-info>
</gc-end>
<cycle-end id="2422" type="scavenge" contextid="2416" timestamp="2019-06-14T20:52:33.056" />
  <attribute name="elasticGC enabled" value="1" />
  <attribute name= "numThreadsSpecified" value="4" />
  <attribute name="heapSize specified" value="2092630016" />
  <attribute name="Current GC Util" value="0" />
  <attribute name= "Current Time Running" value="17373" />
  <attribute name ="GC Interval" value="200" />
  <attribute name="ProportionalT" value="-10.000000" />
  <attribute name="ProportionalI" value="-10.000000" />
  <attribute name="ProportionalH" value="-10.000000" />
  <attribute name="Current Error" value="-20.000000" />
  <attribute name="IntegralT" value="-5400.000000" />
  <attribute name="IntegralI" value="-5400.000000" />
  <attribute name="IntegralH" value="-5400.000000" />
  <attribute name="DerivativeT" value="-0.037037" />
  <attribute name="DerivativeI" value="-0.037037" />
  <attribute name="DerivativeH" value="-0.037037" />
  <attribute name="Loop Time for DT" value="270.000000" />
  <attribute name="Output H" value="2092630016"/>
  <attribute name="Output I" value="200"/>
  <attribute name="Output T" value="4"/>
  <attribute name="Target GC Util Change" value ="20.000000" />
  <attribute name="Current GC Util Change" value="0.000000"/>
  <attribute name="GC Util currently" value="0" />
  <attribute name="CPU Util currently" value="13" />
<allocation-satisfied id="2423" threadId="00000000015BE700" bytesRequested="80" />
<af-end id="2424" timestamp="2019-06-14T20:52:33.056" threadId="00000000015BF088" success="true" from="nursery"/>
<exclusive-end id="2425" timestamp="2019-06-14T20:52:33.056" durationms="2.426" />

<exclusive-start id="2426" timestamp="2019-06-14T20:52:33.261" intervalms="207.351">
  <response-info timems="0.085" idlems="0.085" threads="0" lastid="00000000015BE700" lastname="main" />
</exclusive-start>
<af-start id="2427" threadId="00000000015BF088" totalBytesRequested="80" timestamp="2019-06-14T20:52:33.261" intervalms="207.428" type="nursery" />
<cycle-start id="2428" type="scavenge" contextid="0" timestamp="2019-06-14T20:52:33.261" intervalms="207.502" />
<gc-start id="2429" type="scavenge" contextid="2428" timestamp="2019-06-14T20:52:33.261">
  <mem-info id="2430" free="1957160600" total="2042232832" percent="95">
    <mem type="nursery" free="0" total="58195968" percent="0">
      <mem type="allocate" free="0" total="52363264" percent="0" />
      <mem type="survivor" free="0" total="5832704" percent="0" />
    </mem>
    <mem type="tenure" free="1957160600" total="1984036864" percent="98">
      <mem type="soa" free="1857982104" total="1884835840" percent="98" />
      <mem type="loa" free="99178496" total="99201024" percent="99" />
    </mem>
    <remembered-set count="199" />
  </mem-info>
</gc-start>
<allocation-stats totalBytes="52197136" >
  <allocated-bytes non-tlh="80" tlh="52197056" />
  <largest-consumer threadName="main" threadId="00000000015BE700" bytes="52197136" />
</allocation-stats>
<gc-op id="2431" type="scavenge" timems="0.656" contextid="2428" timestamp="2019-06-14T20:52:33.262">
  <scavenger-info tenureage="3" tenuremask="fff8" tiltratio="89" />
  <memory-copied type="nursery" objects="1244" bytes="74640" bytesdiscarded="112744" />
  <memory-copied type="tenure" objects="7" bytes="160" bytesdiscarded="0" />
  <references type="soft" candidates="9" cleared="0" enqueued="0" dynamicThreshold="31" maxThreshold="32" />
  <references type="weak" candidates="78" cleared="0" enqueued="0" />
</gc-op>
<gc-end id="2432" type="scavenge" contextid="2428" durationms="1.293" usertimems="0.000" systemtimems="0.000" timestamp="2019-06-14T20:52:33.263" activeThreads="4">
  <mem-info id="2433" free="2009336472" total="2042232832" percent="98">
    <mem type="nursery" free="52175872" total="58195968" percent="89">
      <mem type="allocate" free="52175872" total="52363264" percent="99" />
      <mem type="survivor" free="0" total="5832704" percent="0" />
    </mem>
    <mem type="tenure" free="1957160600" total="1984036864" percent="98">
      <mem type="soa" free="1857982104" total="1884835840" percent="98" />
      <mem type="loa" free="99178496" total="99201024" percent="99" />
    </mem>
    <remembered-set count="148" />
  </mem-info>
</gc-end>
<cycle-end id="2434" type="scavenge" contextid="2428" timestamp="2019-06-14T20:52:33.263" />
  <attribute name="elasticGC enabled" value="1" />
  <attribute name= "numThreadsSpecified" value="4" />
  <attribute name="heapSize specified" value="2092630016" />
  <attribute name="Current GC Util" value="0" />
  <attribute name= "Current Time Running" value="17580" />
  <attribute name ="GC Interval" value="200" />
  <attribute name="ProportionalT" value="-10.000000" />
  <attribute name="ProportionalI" value="-10.000000" />
  <attribute name="ProportionalH" value="-10.000000" />
  <attribute name="Current Error" value="-20.000000" />
  <attribute name="IntegralT" value="-4140.000000" />
  <attribute name="IntegralI" value="-4140.000000" />
  <attribute name="IntegralH" value="-4140.000000" />
  <attribute name="DerivativeT" value="-0.048309" />
  <attribute name="DerivativeI" value="-0.048309" />
  <attribute name="DerivativeH" value="-0.048309" />
  <attribute name="Loop Time for DT" value="207.000000" />
  <attribute name="Output H" value="2092630016"/>
  <attribute name="Output I" value="200"/>
  <attribute name="Output T" value="4"/>
  <attribute name="Target GC Util Change" value ="20.000000" />
  <attribute name="Current GC Util Change" value="0.000000"/>
  <attribute name="GC Util currently" value="0" />
  <attribute name="CPU Util currently" value="22219570520" />
<allocation-satisfied id="2435" threadId="00000000015BE700" bytesRequested="80" />
<af-end id="2436" timestamp="2019-06-14T20:52:33.263" threadId="00000000015BF088" success="true" from="nursery"/>
<exclusive-end id="2437" timestamp="2019-06-14T20:52:33.263" durationms="2.435" />

<exclusive-start id="2438" timestamp="2019-06-14T20:52:33.355" intervalms="94.072">
  <response-info timems="0.065" idlems="0.065" threads="0" lastid="00000000015BE700" lastname="main" />
</exclusive-start>
<af-start id="2439" threadId="00000000015BF088" totalBytesRequested="80" timestamp="2019-06-14T20:52:33.355" intervalms="94.057" type="nursery" />
<cycle-start id="2440" type="scavenge" contextid="0" timestamp="2019-06-14T20:52:33.355" intervalms="94.080" />
<gc-start id="2441" type="scavenge" contextid="2440" timestamp="2019-06-14T20:52:33.356">
  <mem-info id="2442" free="1957160600" total="2042232832" percent="95">
    <mem type="nursery" free="0" total="58195968" percent="0">
      <mem type="allocate" free="0" total="52363264" percent="0" />
      <mem type="survivor" free="0" total="5832704" percent="0" />
    </mem>
    <mem type="tenure" free="1957160600" total="1984036864" percent="98">
      <mem type="soa" free="1857982104" total="1884835840" percent="98" />
      <mem type="loa" free="99178496" total="99201024" percent="99" />
    </mem>
    <remembered-set count="148" />
  </mem-info>
</gc-start>
<allocation-stats totalBytes="52166360" >
  <allocated-bytes non-tlh="80" tlh="52166280" />
  <largest-consumer threadName="main" threadId="00000000015BE700" bytes="52166360" />
</allocation-stats>
<gc-op id="2443" type="scavenge" timems="0.998" contextid="2440" timestamp="2019-06-14T20:52:33.357">
  <scavenger-info tenureage="2" tenuremask="ffdc" tiltratio="89" />
  <memory-copied type="nursery" objects="5" bytes="240" bytesdiscarded="38928" />
  <memory-copied type="tenure" objects="1239" bytes="74400" bytesdiscarded="24" />
</gc-op>
<gc-end id="2444" type="scavenge" contextid="2440" durationms="1.687" usertimems="0.000" systemtimems="4.000" timestamp="2019-06-14T20:52:33.357" activeThreads="4">
  <mem-info id="2445" free="2009394608" total="2042232832" percent="98">
    <mem type="nursery" free="52324096" total="58195968" percent="89">
      <mem type="allocate" free="52324096" total="52363264" percent="99" />
      <mem type="survivor" free="0" total="5832704" percent="0" />
    </mem>
    <mem type="tenure" free="1957070512" total="1984036864" percent="98">
      <mem type="soa" free="1857892016" total="1884835840" percent="98" />
      <mem type="loa" free="99178496" total="99201024" percent="99" />
    </mem>
    <remembered-set count="89" />
  </mem-info>
</gc-end>
<cycle-end id="2446" type="scavenge" contextid="2440" timestamp="2019-06-14T20:52:33.357" />
  <attribute name="elasticGC enabled" value="1" />
  <attribute name= "numThreadsSpecified" value="4" />
  <attribute name="heapSize specified" value="2092630016" />
  <attribute name="Current GC Util" value="1" />
  <attribute name= "Current Time Running" value="17674" />
  <attribute name ="GC Interval" value="200" />
  <attribute name="ProportionalT" value="-9.500000" />
  <attribute name="ProportionalI" value="-9.500000" />
  <attribute name="ProportionalH" value="-9.500000" />
  <attribute name="Current Error" value="-19.000000" />
  <attribute name="IntegralT" value="-1786.000000" />
  <attribute name="IntegralI" value="-1786.000000" />
  <attribute name="IntegralH" value="-1786.000000" />
  <attribute name="DerivativeT" value="-0.101064" />
  <attribute name="DerivativeI" value="-0.101064" />
  <attribute name="DerivativeH" value="-0.101064" />
  <attribute name="Loop Time for DT" value="94.000000" />
  <attribute name="Output H" value="2092630016"/>
  <attribute name="Output I" value="200"/>
  <attribute name="Output T" value="4"/>
  <attribute name="Target GC Util Change" value ="20.000000" />
  <attribute name="Current GC Util Change" value="1.000000"/>
  <attribute name="GC Util currently" value="1" />
  <attribute name="CPU Util currently" value="48998487595" />
<allocation-satisfied id="2447" threadId="00000000015BE700" bytesRequested="80" />
<af-end id="2448" timestamp="2019-06-14T20:52:33.358" threadId="00000000015BF088" success="true" from="nursery"/>
<exclusive-end id="2449" timestamp="2019-06-14T20:52:33.358" durationms="2.991" />

<exclusive-start id="2450" timestamp="2019-06-14T20:52:33.448" intervalms="93.108">
  <response-info timems="0.082" idlems="0.082" threads="0" lastid="00000000015BE700" lastname="main" />
</exclusive-start>
<af-start id="2451" threadId="00000000015BF088" totalBytesRequested="80" timestamp="2019-06-14T20:52:33.448" intervalms="93.119" type="nursery" />
<cycle-start id="2452" type="scavenge" contextid="0" timestamp="2019-06-14T20:52:33.448" intervalms="93.102" />
<gc-start id="2453" type="scavenge" contextid="2452" timestamp="2019-06-14T20:52:33.449">
  <mem-info id="2454" free="1957070512" total="2042232832" percent="95">
    <mem type="nursery" free="0" total="58195968" percent="0">
      <mem type="allocate" free="0" total="52363264" percent="0" />
      <mem type="survivor" free="0" total="5832704" percent="0" />
    </mem>
    <mem type="tenure" free="1957070512" total="1984036864" percent="98">
      <mem type="soa" free="1857892016" total="1884835840" percent="98" />
      <mem type="loa" free="99178496" total="99201024" percent="99" />
    </mem>
    <remembered-set count="89" />
  </mem-info>
</gc-start>
<allocation-stats totalBytes="52314864" >
  <allocated-bytes non-tlh="80" tlh="52314784" />
  <largest-consumer threadName="main" threadId="00000000015BE700" bytes="52314864" />
</allocation-stats>
<gc-op id="2455" type="scavenge" timems="0.389" contextid="2452" timestamp="2019-06-14T20:52:33.449">
  <scavenger-info tenureage="5" tenuremask="ffe0" tiltratio="89" />
  <memory-copied type="nursery" objects="3" bytes="120" bytesdiscarded="78216" />
</gc-op>
<gc-end id="2456" type="scavenge" contextid="2452" durationms="1.041" usertimems="4.000" systemtimems="0.000" timestamp="2019-06-14T20:52:33.450" activeThreads="4">
  <mem-info id="2457" free="2009355440" total="2042232832" percent="98">
    <mem type="nursery" free="52284928" total="58195968" percent="89">
      <mem type="allocate" free="52284928" total="52363264" percent="99" />
      <mem type="survivor" free="0" total="5832704" percent="0" />
    </mem>
    <mem type="tenure" free="1957070512" total="1984036864" percent="98">
      <mem type="soa" free="1857892016" total="1884835840" percent="98" />
      <mem type="loa" free="99178496" total="99201024" percent="99" />
    </mem>
    <remembered-set count="89" />
  </mem-info>
</gc-end>
<cycle-end id="2458" type="scavenge" contextid="2452" timestamp="2019-06-14T20:52:33.450" />
  <attribute name="elasticGC enabled" value="1" />
  <attribute name= "numThreadsSpecified" value="4" />
  <attribute name="heapSize specified" value="2092630016" />
  <attribute name="Current GC Util" value="2" />
  <attribute name= "Current Time Running" value="17767" />
  <attribute name ="GC Interval" value="200" />
  <attribute name="ProportionalT" value="-9.000000" />
  <attribute name="ProportionalI" value="-9.000000" />
  <attribute name="ProportionalH" value="-9.000000" />
  <attribute name="Current Error" value="-18.000000" />
  <attribute name="IntegralT" value="-1674.000000" />
  <attribute name="IntegralI" value="-1674.000000" />
  <attribute name="IntegralH" value="-1674.000000" />
  <attribute name="DerivativeT" value="-0.096774" />
  <attribute name="DerivativeI" value="-0.096774" />
  <attribute name="DerivativeH" value="-0.096774" />
  <attribute name="Loop Time for DT" value="93.000000" />
  <attribute name="Output H" value="2092630016"/>
  <attribute name="Output I" value="200"/>
  <attribute name="Output T" value="4"/>
  <attribute name="Target GC Util Change" value ="20.000000" />
  <attribute name="Current GC Util Change" value="2.000000"/>
  <attribute name="GC Util currently" value="2" />
  <attribute name="CPU Util currently" value="49541586190" />
<allocation-satisfied id="2459" threadId="00000000015BE700" bytesRequested="80" />
<af-end id="2460" timestamp="2019-06-14T20:52:33.450" threadId="00000000015BF088" success="true" from="nursery"/>
<exclusive-end id="2461" timestamp="2019-06-14T20:52:33.450" durationms="2.153" />

<exclusive-start id="2462" timestamp="2019-06-14T20:52:33.536" intervalms="87.712">
  <response-info timems="0.059" idlems="0.059" threads="0" lastid="00000000015BE700" lastname="main" />
</exclusive-start>
<af-start id="2463" threadId="00000000015BF088" totalBytesRequested="584" timestamp="2019-06-14T20:52:33.536" intervalms="87.684" type="nursery" />
<cycle-start id="2464" type="scavenge" contextid="0" timestamp="2019-06-14T20:52:33.536" intervalms="87.675" />
<gc-start id="2465" type="scavenge" contextid="2464" timestamp="2019-06-14T20:52:33.536">
  <mem-info id="2466" free="1957070512" total="2042232832" percent="95">
    <mem type="nursery" free="0" total="58195968" percent="0">
      <mem type="allocate" free="0" total="52363264" percent="0" />
      <mem type="survivor" free="0" total="5832704" percent="0" />
    </mem>
    <mem type="tenure" free="1957070512" total="1984036864" percent="98">
      <mem type="soa" free="1857892016" total="1884835840" percent="98" />
      <mem type="loa" free="99178496" total="99201024" percent="99" />
    </mem>
    <remembered-set count="93" />
  </mem-info>
</gc-start>
<allocation-stats totalBytes="52263936" >
  <allocated-bytes non-tlh="80" tlh="52263856" />
  <largest-consumer threadName="main" threadId="00000000015BE700" bytes="52263936" />
</allocation-stats>
<gc-op id="2467" type="scavenge" timems="0.380" contextid="2464" timestamp="2019-06-14T20:52:33.537">
  <scavenger-info tenureage="3" tenuremask="fff8" tiltratio="89" />
  <memory-copied type="nursery" objects="24" bytes="1272" bytesdiscarded="77064" />
</gc-op>
<gc-end id="2468" type="scavenge" contextid="2464" durationms="1.015" usertimems="4.000" systemtimems="0.000" timestamp="2019-06-14T20:52:33.537" activeThreads="4">
  <mem-info id="2469" free="2009355440" total="2042232832" percent="98">
    <mem type="nursery" free="52284928" total="58195968" percent="89">
      <mem type="allocate" free="52284928" total="52363264" percent="99" />
      <mem type="survivor" free="0" total="5832704" percent="0" />
    </mem>
    <mem type="tenure" free="1957070512" total="1984036864" percent="98">
      <mem type="soa" free="1857892016" total="1884835840" percent="98" />
      <mem type="loa" free="99178496" total="99201024" percent="99" />
    </mem>
    <remembered-set count="93" />
  </mem-info>
</gc-end>
<cycle-end id="2470" type="scavenge" contextid="2464" timestamp="2019-06-14T20:52:33.537" />
  <attribute name="elasticGC enabled" value="1" />
  <attribute name= "numThreadsSpecified" value="4" />
  <attribute name="heapSize specified" value="2092630016" />
  <attribute name="Current GC Util" value="1" />
  <attribute name= "Current Time Running" value="17855" />
  <attribute name ="GC Interval" value="200" />
  <attribute name="ProportionalT" value="-9.500000" />
  <attribute name="ProportionalI" value="-9.500000" />
  <attribute name="ProportionalH" value="-9.500000" />
  <attribute name="Current Error" value="-19.000000" />
  <attribute name="IntegralT" value="-1672.000000" />
  <attribute name="IntegralI" value="-1672.000000" />
  <attribute name="IntegralH" value="-1672.000000" />
  <attribute name="DerivativeT" value="-0.107955" />
  <attribute name="DerivativeI" value="-0.107955" />
  <attribute name="DerivativeH" value="-0.107955" />
  <attribute name="Loop Time for DT" value="88.000000" />
  <attribute name="Output H" value="2092630016"/>
  <attribute name="Output I" value="200"/>
  <attribute name="Output T" value="4"/>
  <attribute name="Target GC Util Change" value ="20.000000" />
  <attribute name="Current GC Util Change" value="1.000000"/>
  <attribute name="GC Util currently" value="1" />
  <attribute name="CPU Util currently" value="52614178664" />
<allocation-satisfied id="2471" threadId="00000000015BE700" bytesRequested="584" />
<af-end id="2472" timestamp="2019-06-14T20:52:33.538" threadId="00000000015BF088" success="true" from="nursery"/>
<exclusive-end id="2473" timestamp="2019-06-14T20:52:33.538" durationms="2.028" />

<exclusive-start id="2474" timestamp="2019-06-14T20:52:33.561" intervalms="25.495">
  <response-info timems="0.109" idlems="0.109" threads="0" lastid="00000000015BE700" lastname="main" />
</exclusive-start>
<af-start id="2475" threadId="00000000015BF088" totalBytesRequested="24" timestamp="2019-06-14T20:52:33.561" intervalms="25.486" type="nursery" />
<cycle-start id="2476" type="scavenge" contextid="0" timestamp="2019-06-14T20:52:33.562" intervalms="25.446" />
<gc-start id="2477" type="scavenge" contextid="2476" timestamp="2019-06-14T20:52:33.716">
  <mem-info id="2478" free="1957070512" total="2042232832" percent="95">
    <mem type="nursery" free="0" total="58195968" percent="0">
      <mem type="allocate" free="0" total="52363264" percent="0" />
      <mem type="survivor" free="0" total="5832704" percent="0" />
    </mem>
    <mem type="tenure" free="1957070512" total="1984036864" percent="98">
      <mem type="soa" free="1857892016" total="1884835840" percent="98" />
      <mem type="loa" free="99178496" total="99201024" percent="99" />
    </mem>
    <remembered-set count="93" />
  </mem-info>
</gc-start>
<allocation-stats totalBytes="52212032" >
  <allocated-bytes non-tlh="584" tlh="52211448" />
  <largest-consumer threadName="main" threadId="00000000015BE700" bytes="52212032" />
</allocation-stats>
<gc-op id="2479" type="scavenge" timems="0.537" contextid="2476" timestamp="2019-06-14T20:52:33.717">
  <scavenger-info tenureage="3" tenuremask="fff8" tiltratio="89" />
  <memory-copied type="nursery" objects="25" bytes="1312" bytesdiscarded="77024" />
</gc-op>
<gc-end id="2480" type="scavenge" contextid="2476" durationms="81.711" usertimems="76.000" systemtimems="8.000" timestamp="2019-06-14T20:52:33.798" activeThreads="4">
  <mem-info id="2481" free="2009355440" total="2042232832" percent="98">
    <mem type="nursery" free="52284928" total="58195968" percent="89">
      <mem type="allocate" free="52284928" total="52363264" percent="99" />
      <mem type="survivor" free="0" total="5832704" percent="0" />
    </mem>
    <mem type="tenure" free="1957070512" total="1984036864" percent="98">
      <mem type="soa" free="1857892016" total="1884835840" percent="98" />
      <mem type="loa" free="99178496" total="99201024" percent="99" />
    </mem>
    <remembered-set count="88" />
  </mem-info>
</gc-end>
<cycle-end id="2482" type="scavenge" contextid="2476" timestamp="2019-06-14T20:52:33.798" />
  <attribute name="elasticGC enabled" value="1" />
  <attribute name= "numThreadsSpecified" value="4" />
  <attribute name="heapSize specified" value="2092630016" />
  <attribute name="Current GC Util" value="0" />
  <attribute name= "Current Time Running" value="18035" />
  <attribute name ="GC Interval" value="200" />
  <attribute name="ProportionalT" value="-10.000000" />
  <attribute name="ProportionalI" value="-10.000000" />
  <attribute name="ProportionalH" value="-10.000000" />
  <attribute name="Current Error" value="-20.000000" />
  <attribute name="IntegralT" value="-3600.000000" />
  <attribute name="IntegralI" value="-3600.000000" />
  <attribute name="IntegralH" value="-3600.000000" />
  <attribute name="DerivativeT" value="-0.055556" />
  <attribute name="DerivativeI" value="-0.055556" />
  <attribute name="DerivativeH" value="-0.055556" />
  <attribute name="Loop Time for DT" value="180.000000" />
  <attribute name="Output H" value="2092630016"/>
  <attribute name="Output I" value="200"/>
  <attribute name="Output T" value="4"/>
  <attribute name="Target GC Util Change" value ="20.000000" />
  <attribute name="Current GC Util Change" value="0.000000"/>
  <attribute name="GC Util currently" value="0" />
  <attribute name="CPU Util currently" value="25679392046" />
<allocation-satisfied id="2483" threadId="00000000015BE700" bytesRequested="24" />
<af-end id="2484" timestamp="2019-06-14T20:52:33.798" threadId="00000000015BF088" success="true" from="nursery"/>
<exclusive-end id="2485" timestamp="2019-06-14T20:52:33.798" durationms="237.106" />

<exclusive-start id="2486" timestamp="2019-06-14T20:52:33.821" intervalms="260.284">
  <response-info timems="0.075" idlems="0.075" threads="0" lastid="00000000015BE700" lastname="main" />
</exclusive-start>
<af-start id="2487" threadId="00000000015BF088" totalBytesRequested="584" timestamp="2019-06-14T20:52:33.822" intervalms="260.356" type="nursery" />
<cycle-start id="2488" type="scavenge" contextid="0" timestamp="2019-06-14T20:52:33.822" intervalms="260.412" />
<gc-start id="2489" type="scavenge" contextid="2488" timestamp="2019-06-14T20:52:33.822">
  <mem-info id="2490" free="1957070512" total="2042232832" percent="95">
    <mem type="nursery" free="0" total="58195968" percent="0">
      <mem type="allocate" free="0" total="52363264" percent="0" />
      <mem type="survivor" free="0" total="5832704" percent="0" />
    </mem>
    <mem type="tenure" free="1957070512" total="1984036864" percent="98">
      <mem type="soa" free="1857892016" total="1884835840" percent="98" />
      <mem type="loa" free="99178496" total="99201024" percent="99" />
    </mem>
    <remembered-set count="88" />
  </mem-info>
</gc-start>
<allocation-stats totalBytes="52212544" >
  <allocated-bytes non-tlh="24" tlh="52212520" />
  <largest-consumer threadName="main" threadId="00000000015BE700" bytes="52212544" />
</allocation-stats>
<gc-op id="2491" type="scavenge" timems="0.469" contextid="2488" timestamp="2019-06-14T20:52:33.823">
  <scavenger-info tenureage="3" tenuremask="fff8" tiltratio="89" />
  <memory-copied type="nursery" objects="25" bytes="1296" bytesdiscarded="77040" />
</gc-op>
<gc-end id="2492" type="scavenge" contextid="2488" durationms="1.174" usertimems="0.000" systemtimems="0.000" timestamp="2019-06-14T20:52:33.823" activeThreads="4">
  <mem-info id="2493" free="2009355440" total="2042232832" percent="98">
    <mem type="nursery" free="52284928" total="58195968" percent="89">
      <mem type="allocate" free="52284928" total="52363264" percent="99" />
      <mem type="survivor" free="0" total="5832704" percent="0" />
    </mem>
    <mem type="tenure" free="1957070512" total="1984036864" percent="98">
      <mem type="soa" free="1857892016" total="1884835840" percent="98" />
      <mem type="loa" free="99178496" total="99201024" percent="99" />
    </mem>
    <remembered-set count="88" />
  </mem-info>
</gc-end>
<cycle-end id="2494" type="scavenge" contextid="2488" timestamp="2019-06-14T20:52:33.823" />
  <attribute name="elasticGC enabled" value="1" />
  <attribute name= "numThreadsSpecified" value="4" />
  <attribute name="heapSize specified" value="2092630016" />
  <attribute name="Current GC Util" value="221" />
  <attribute name= "Current Time Running" value="18141" />
  <attribute name ="GC Interval" value="4000" />
  <attribute name="ProportionalT" value="100.500000" />
  <attribute name="ProportionalI" value="100.500000" />
  <attribute name="ProportionalH" value="100.500000" />
  <attribute name="Current Error" value="201.000000" />
  <attribute name="IntegralT" value="21306.000000" />
  <attribute name="IntegralI" value="21306.000000" />
  <attribute name="IntegralH" value="21306.000000" />
  <attribute name="DerivativeT" value="0.948113" />
  <attribute name="DerivativeI" value="0.948113" />
  <attribute name="DerivativeH" value="0.948113" />
  <attribute name="Loop Time for DT" value="106.000000" />
  <attribute name="Output H" value="8388608"/>
  <attribute name="Output I" value="4000"/>
  <attribute name="Output T" value="4"/>
  <attribute name="Target GC Util Change" value ="20.000000" />
  <attribute name="Current GC Util Change" value="221.000000"/>
  <attribute name="GC Util currently" value="221" />
  <attribute name="CPU Util currently" value="43370497005" />
<allocation-satisfied id="2495" threadId="00000000015BE700" bytesRequested="584" />
<af-end id="2496" timestamp="2019-06-14T20:52:33.824" threadId="00000000015BF088" success="true" from="nursery"/>
<exclusive-end id="2497" timestamp="2019-06-14T20:52:33.824" durationms="2.319" />

<exclusive-start id="2498" timestamp="2019-06-14T20:52:33.847" intervalms="25.424">
  <response-info timems="0.078" idlems="0.078" threads="0" lastid="00000000015BE700" lastname="main" />
</exclusive-start>
<af-start id="2499" threadId="00000000015BF088" totalBytesRequested="24" timestamp="2019-06-14T20:52:33.847" intervalms="25.398" type="nursery" />
<cycle-start id="2500" type="scavenge" contextid="0" timestamp="2019-06-14T20:52:33.847" intervalms="25.359" />
<gc-start id="2501" type="scavenge" contextid="2500" timestamp="2019-06-14T20:52:33.847">
  <mem-info id="2502" free="1957070512" total="2042232832" percent="95">
    <mem type="nursery" free="0" total="58195968" percent="0">
      <mem type="allocate" free="0" total="52363264" percent="0" />
      <mem type="survivor" free="0" total="5832704" percent="0" />
    </mem>
    <mem type="tenure" free="1957070512" total="1984036864" percent="98">
      <mem type="soa" free="1857892016" total="1884835840" percent="98" />
      <mem type="loa" free="99178496" total="99201024" percent="99" />
    </mem>
    <remembered-set count="88" />
  </mem-info>
</gc-start>
<allocation-stats totalBytes="52213048" >
  <allocated-bytes non-tlh="584" tlh="52212464" />
  <largest-consumer threadName="main" threadId="00000000015BE700" bytes="52213048" />
</allocation-stats>
<gc-op id="2503" type="scavenge" timems="0.566" contextid="2500" timestamp="2019-06-14T20:52:33.848">
  <scavenger-info tenureage="3" tenuremask="fff8" tiltratio="89" />
  <memory-copied type="nursery" objects="2" bytes="56" bytesdiscarded="39112" />
  <memory-copied type="tenure" objects="23" bytes="1256" bytesdiscarded="0" />
</gc-op>
<gc-end id="2504" type="scavenge" contextid="2500" durationms="1.037" usertimems="0.000" systemtimems="4.000" timestamp="2019-06-14T20:52:33.849" activeThreads="4">
  <mem-info id="2505" free="2009394608" total="2042232832" percent="98">
    <mem type="nursery" free="52324096" total="58195968" percent="89">
      <mem type="allocate" free="52324096" total="52363264" percent="99" />
      <mem type="survivor" free="0" total="5832704" percent="0" />
    </mem>
    <mem type="tenure" free="1957070512" total="1984036864" percent="98">
      <mem type="soa" free="1857892016" total="1884835840" percent="98" />
      <mem type="loa" free="99178496" total="99201024" percent="99" />
    </mem>
    <remembered-set count="90" />
  </mem-info>
</gc-end>
<cycle-end id="2506" type="scavenge" contextid="2500" timestamp="2019-06-14T20:52:33.849" />
  <attribute name="elasticGC enabled" value="1" />
  <attribute name= "numThreadsSpecified" value="4" />
  <attribute name="heapSize specified" value="2092630016" />
  <attribute name="Current GC Util" value="4" />
  <attribute name= "Current Time Running" value="18166" />
  <attribute name ="GC Interval" value="200" />
  <attribute name="ProportionalT" value="-8.000000" />
  <attribute name="ProportionalI" value="-8.000000" />
  <attribute name="ProportionalH" value="-8.000000" />
  <attribute name="Current Error" value="-16.000000" />
  <attribute name="IntegralT" value="-400.000000" />
  <attribute name="IntegralI" value="-400.000000" />
  <attribute name="IntegralH" value="-400.000000" />
  <attribute name="DerivativeT" value="-4.340000" />
  <attribute name="DerivativeI" value="-4.340000" />
  <attribute name="DerivativeH" value="-4.340000" />
  <attribute name="Loop Time for DT" value="25.000000" />
  <attribute name="Output H" value="2092630016"/>
  <attribute name="Output I" value="200"/>
  <attribute name="Output T" value="4"/>
  <attribute name="Target GC Util Change" value ="20.000000" />
  <attribute name="Current GC Util Change" value="4.000000"/>
  <attribute name="GC Util currently" value="4" />
  <attribute name="CPU Util currently" value="183508906858" />
<allocation-satisfied id="2507" threadId="00000000015BE700" bytesRequested="24" />
<af-end id="2508" timestamp="2019-06-14T20:52:33.849" threadId="00000000015BF088" success="true" from="nursery"/>
<exclusive-end id="2509" timestamp="2019-06-14T20:52:33.849" durationms="2.036" />

<exclusive-start id="2510" timestamp="2019-06-14T20:52:33.890" intervalms="43.325">
  <response-info timems="0.064" idlems="0.064" threads="0" lastid="00000000015BE700" lastname="main" />
</exclusive-start>
<af-start id="2511" threadId="00000000015BF088" totalBytesRequested="32" timestamp="2019-06-14T20:52:33.890" intervalms="43.300" type="nursery" />
<cycle-start id="2512" type="scavenge" contextid="0" timestamp="2019-06-14T20:52:33.891" intervalms="43.333" />
<gc-start id="2513" type="scavenge" contextid="2512" timestamp="2019-06-14T20:52:33.891">
  <mem-info id="2514" free="1957067208" total="2042232832" percent="95">
    <mem type="nursery" free="0" total="58195968" percent="0">
      <mem type="allocate" free="0" total="52363264" percent="0" />
      <mem type="survivor" free="0" total="5832704" percent="0" />
    </mem>
    <mem type="tenure" free="1957067208" total="1984036864" percent="98">
      <mem type="soa" free="1857888712" total="1884835840" percent="98" />
      <mem type="loa" free="99178496" total="99201024" percent="99" />
    </mem>
    <remembered-set count="164" />
  </mem-info>
</gc-start>
<allocation-stats totalBytes="52302120" >
  <allocated-bytes non-tlh="3328" tlh="52298792" />
  <largest-consumer threadName="main" threadId="00000000015BE700" bytes="52302120" />
</allocation-stats>
<gc-op id="2515" type="scavenge" timems="0.680" contextid="2512" timestamp="2019-06-14T20:52:33.892">
  <scavenger-info tenureage="3" tenuremask="ffe8" tiltratio="89" />
  <memory-copied type="nursery" objects="855" bytes="37744" bytesdiscarded="40592" />
  <references type="soft" candidates="4" cleared="0" enqueued="0" dynamicThreshold="31" maxThreshold="32" />
  <references type="weak" candidates="15" cleared="6" enqueued="4" />
</gc-op>
<gc-end id="2516" type="scavenge" contextid="2512" durationms="1.326" usertimems="0.000" systemtimems="0.000" timestamp="2019-06-14T20:52:33.892" activeThreads="4">
  <mem-info id="2517" free="2009352136" total="2042232832" percent="98">
    <mem type="nursery" free="52284928" total="58195968" percent="89">
      <mem type="allocate" free="52284928" total="52363264" percent="99" />
      <mem type="survivor" free="0" total="5832704" percent="0" />
    </mem>
    <mem type="tenure" free="1957067208" total="1984036864" percent="98">
      <mem type="soa" free="1857888712" total="1884835840" percent="98" />
      <mem type="loa" free="99178496" total="99201024" percent="99" />
    </mem>
    <pending-finalizers system="0" default="0" reference="4" classloader="0" />
    <remembered-set count="164" />
  </mem-info>
</gc-end>
<cycle-end id="2518" type="scavenge" contextid="2512" timestamp="2019-06-14T20:52:33.892" />
  <attribute name="elasticGC enabled" value="1" />
  <attribute name= "numThreadsSpecified" value="4" />
  <attribute name="heapSize specified" value="2092630016" />
  <attribute name="Current GC Util" value="3" />
  <attribute name= "Current Time Running" value="18210" />
  <attribute name ="GC Interval" value="200" />
  <attribute name="ProportionalT" value="-8.500000" />
  <attribute name="ProportionalI" value="-8.500000" />
  <attribute name="ProportionalH" value="-8.500000" />
  <attribute name="Current Error" value="-17.000000" />
  <attribute name="IntegralT" value="-748.000000" />
  <attribute name="IntegralI" value="-748.000000" />
  <attribute name="IntegralH" value="-748.000000" />
  <attribute name="DerivativeT" value="-0.193182" />
  <attribute name="DerivativeI" value="-0.193182" />
  <attribute name="DerivativeH" value="-0.193182" />
  <attribute name="Loop Time for DT" value="44.000000" />
  <attribute name="Output H" value="2092630016"/>
  <attribute name="Output I" value="200"/>
  <attribute name="Output T" value="4"/>
  <attribute name="Target GC Util Change" value ="20.000000" />
  <attribute name="Current GC Util Change" value="3.000000"/>
  <attribute name="GC Util currently" value="3" />
  <attribute name="CPU Util currently" value="105997830890" />
<allocation-satisfied id="2519" threadId="00000000015BE700" bytesRequested="32" />
<af-end id="2520" timestamp="2019-06-14T20:52:33.893" threadId="00000000015BF088" success="true" from="nursery"/>
<exclusive-end id="2521" timestamp="2019-06-14T20:52:33.893" durationms="2.492" />

<exclusive-start id="2522" timestamp="2019-06-14T20:52:34.054" intervalms="163.408">
  <response-info timems="0.085" idlems="0.085" threads="0" lastid="00000000015BE700" lastname="main" />
</exclusive-start>
<af-start id="2523" threadId="00000000015BF088" totalBytesRequested="1168" timestamp="2019-06-14T20:52:34.054" intervalms="163.440" type="nursery" />
<cycle-start id="2524" type="scavenge" contextid="0" timestamp="2019-06-14T20:52:34.054" intervalms="163.453" />
<gc-start id="2525" type="scavenge" contextid="2524" timestamp="2019-06-14T20:52:34.054">
  <mem-info id="2526" free="1957067208" total="2042232832" percent="95">
    <mem type="nursery" free="0" total="58195968" percent="0">
      <mem type="allocate" free="0" total="52363264" percent="0" />
      <mem type="survivor" free="0" total="5832704" percent="0" />
    </mem>
    <mem type="tenure" free="1957067208" total="1984036864" percent="98">
      <mem type="soa" free="1857888712" total="1884835840" percent="98" />
      <mem type="loa" free="99178496" total="99201024" percent="99" />
    </mem>
    <remembered-set count="181" />
  </mem-info>
</gc-start>
<allocation-stats totalBytes="52176072" >
  <allocated-bytes non-tlh="32" tlh="52176040" />
  <largest-consumer threadName="main" threadId="00000000015BE700" bytes="52171976" />
</allocation-stats>
<gc-op id="2527" type="scavenge" timems="0.726" contextid="2524" timestamp="2019-06-14T20:52:34.055">
  <scavenger-info tenureage="3" tenuremask="fff8" tiltratio="89" />
  <memory-copied type="nursery" objects="900" bytes="40312" bytesdiscarded="38024" />
  <references type="soft" candidates="4" cleared="0" enqueued="0" dynamicThreshold="31" maxThreshold="32" />
  <references type="weak" candidates="9" cleared="0" enqueued="0" />
</gc-op>
<gc-end id="2528" type="scavenge" contextid="2524" durationms="1.479" usertimems="4.000" systemtimems="0.000" timestamp="2019-06-14T20:52:34.056" activeThreads="4">
  <mem-info id="2529" free="2009352136" total="2042232832" percent="98">
    <mem type="nursery" free="52284928" total="58195968" percent="89">
      <mem type="allocate" free="52284928" total="52363264" percent="99" />
      <mem type="survivor" free="0" total="5832704" percent="0" />
    </mem>
    <mem type="tenure" free="1957067208" total="1984036864" percent="98">
      <mem type="soa" free="1857888712" total="1884835840" percent="98" />
      <mem type="loa" free="99178496" total="99201024" percent="99" />
    </mem>
    <remembered-set count="171" />
  </mem-info>
</gc-end>
<cycle-end id="2530" type="scavenge" contextid="2524" timestamp="2019-06-14T20:52:34.056" />
  <attribute name="elasticGC enabled" value="1" />
  <attribute name= "numThreadsSpecified" value="4" />
  <attribute name="heapSize specified" value="2092630016" />
  <attribute name="Current GC Util" value="0" />
  <attribute name= "Current Time Running" value="18373" />
  <attribute name ="GC Interval" value="200" />
  <attribute name="ProportionalT" value="-10.000000" />
  <attribute name="ProportionalI" value="-10.000000" />
  <attribute name="ProportionalH" value="-10.000000" />
  <attribute name="Current Error" value="-20.000000" />
  <attribute name="IntegralT" value="-3260.000000" />
  <attribute name="IntegralI" value="-3260.000000" />
  <attribute name="IntegralH" value="-3260.000000" />
  <attribute name="DerivativeT" value="-0.061350" />
  <attribute name="DerivativeI" value="-0.061350" />
  <attribute name="DerivativeH" value="-0.061350" />
  <attribute name="Loop Time for DT" value="163.000000" />
  <attribute name="Output H" value="2092630016"/>
  <attribute name="Output I" value="200"/>
  <attribute name="Output T" value="4"/>
  <attribute name="Target GC Util Change" value ="20.000000" />
  <attribute name="Current GC Util Change" value="0.000000"/>
  <attribute name="GC Util currently" value="0" />
  <attribute name="CPU Util currently" value="28205465789" />
<allocation-satisfied id="2531" threadId="00000000015BE700" bytesRequested="1168" />
<af-end id="2532" timestamp="2019-06-14T20:52:34.056" threadId="00000000015BF088" success="true" from="nursery"/>
<exclusive-end id="2533" timestamp="2019-06-14T20:52:34.056" durationms="2.856" />

<exclusive-start id="2534" timestamp="2019-06-14T20:52:34.062" intervalms="8.042">
  <response-info timems="0.058" idlems="0.058" threads="0" lastid="00000000015BE700" lastname="main" />
</exclusive-start>
<af-start id="2535" threadId="00000000015BF088" totalBytesRequested="1168" timestamp="2019-06-14T20:52:34.062" intervalms="8.057" type="nursery" />
<cycle-start id="2536" type="scavenge" contextid="0" timestamp="2019-06-14T20:52:34.062" intervalms="8.047" />
<gc-start id="2537" type="scavenge" contextid="2536" timestamp="2019-06-14T20:52:34.062">
  <mem-info id="2538" free="1957067208" total="2042232832" percent="95">
    <mem type="nursery" free="0" total="58195968" percent="0">
      <mem type="allocate" free="0" total="52363264" percent="0" />
      <mem type="survivor" free="0" total="5832704" percent="0" />
    </mem>
    <mem type="tenure" free="1957067208" total="1984036864" percent="98">
      <mem type="soa" free="1857888712" total="1884835840" percent="98" />
      <mem type="loa" free="99178496" total="99201024" percent="99" />
    </mem>
    <remembered-set count="171" />
  </mem-info>
</gc-start>
<allocation-stats totalBytes="52100128" >
  <allocated-bytes non-tlh="1168" tlh="52098960" />
  <largest-consumer threadName="main" threadId="00000000015BE700" bytes="52100128" />
</allocation-stats>
<gc-op id="2539" type="scavenge" timems="0.709" contextid="2536" timestamp="2019-06-14T20:52:34.063">
  <scavenger-info tenureage="3" tenuremask="fff8" tiltratio="89" />
  <memory-copied type="nursery" objects="901" bytes="40336" bytesdiscarded="38000" />
  <references type="soft" candidates="4" cleared="0" enqueued="0" dynamicThreshold="31" maxThreshold="32" />
  <references type="weak" candidates="9" cleared="0" enqueued="0" />
</gc-op>
<heap-resize id="2540" type="expand" space="nursery" amount="4194304" count="1" timems="0.016" reason="excessive time being spent scavenging" timestamp="2019-06-14T20:52:34.064" />
<gc-end id="2541" type="scavenge" contextid="2536" durationms="1.477" usertimems="0.000" systemtimems="0.000" timestamp="2019-06-14T20:52:34.064" activeThreads="4">
  <mem-info id="2542" free="2013087688" total="2046427136" percent="98">
    <mem type="nursery" free="56020480" total="62390272" percent="89">
      <mem type="allocate" free="56020480" total="56098816" percent="99" />
      <mem type="survivor" free="0" total="6291456" percent="0" />
    </mem>
    <mem type="tenure" free="1957067208" total="1984036864" percent="98">
      <mem type="soa" free="1857888712" total="1884835840" percent="98" />
      <mem type="loa" free="99178496" total="99201024" percent="99" />
    </mem>
    <remembered-set count="138" />
  </mem-info>
</gc-end>
<cycle-end id="2543" type="scavenge" contextid="2536" timestamp="2019-06-14T20:52:34.064" />
  <attribute name="elasticGC enabled" value="1" />
  <attribute name= "numThreadsSpecified" value="4" />
  <attribute name="heapSize specified" value="2092630016" />
  <attribute name="Current GC Util" value="24" />
  <attribute name= "Current Time Running" value="18381" />
  <attribute name ="GC Interval" value="200" />
  <attribute name="ProportionalT" value="2.000000" />
  <attribute name="ProportionalI" value="2.000000" />
  <attribute name="ProportionalH" value="2.000000" />
  <attribute name="Current Error" value="4.000000" />
  <attribute name="IntegralT" value="32.000000" />
  <attribute name="IntegralI" value="32.000000" />
  <attribute name="IntegralH" value="32.000000" />
  <attribute name="DerivativeT" value="0.250000" />
  <attribute name="DerivativeI" value="0.250000" />
  <attribute name="DerivativeH" value="0.250000" />
  <attribute name="Loop Time for DT" value="8.000000" />
  <attribute name="Output H" value="8388608"/>
  <attribute name="Output I" value="200"/>
  <attribute name="Output T" value="4"/>
  <attribute name="Target GC Util Change" value ="20.000000" />
  <attribute name="Current GC Util Change" value="24.000000"/>
  <attribute name="GC Util currently" value="24" />
  <attribute name="CPU Util currently" value="581691684896" />
<allocation-satisfied id="2544" threadId="00000000015BE700" bytesRequested="1168" />
<af-end id="2545" timestamp="2019-06-14T20:52:34.064" threadId="00000000015BF088" success="true" from="nursery"/>
<exclusive-end id="2546" timestamp="2019-06-14T20:52:34.064" durationms="2.676" />

<exclusive-start id="2547" timestamp="2019-06-14T20:52:34.070" intervalms="8.196">
  <response-info timems="0.066" idlems="0.066" threads="0" lastid="00000000015BE700" lastname="main" />
</exclusive-start>
<af-start id="2548" threadId="00000000015BF088" totalBytesRequested="1168" timestamp="2019-06-14T20:52:34.070" intervalms="8.141" type="nursery" />
<cycle-start id="2549" type="scavenge" contextid="0" timestamp="2019-06-14T20:52:34.070" intervalms="8.052" />
<gc-start id="2550" type="scavenge" contextid="2549" timestamp="2019-06-14T20:52:34.070">
  <mem-info id="2551" free="1957067208" total="2046427136" percent="95">
    <mem type="nursery" free="0" total="62390272" percent="0">
      <mem type="allocate" free="0" total="56098816" percent="0" />
      <mem type="survivor" free="0" total="6291456" percent="0" />
    </mem>
    <mem type="tenure" free="1957067208" total="1984036864" percent="98">
      <mem type="soa" free="1857888712" total="1884835840" percent="98" />
      <mem type="loa" free="99178496" total="99201024" percent="99" />
    </mem>
    <remembered-set count="138" />
  </mem-info>
</gc-start>
<allocation-stats totalBytes="55833808" >
  <allocated-bytes non-tlh="1168" tlh="55832640" />
  <largest-consumer threadName="main" threadId="00000000015BE700" bytes="55833808" />
</allocation-stats>
<gc-op id="2552" type="scavenge" timems="0.911" contextid="2549" timestamp="2019-06-14T20:52:34.071">
  <scavenger-info tenureage="2" tenuremask="fffc" tiltratio="89" />
  <memory-copied type="nursery" objects="1" bytes="24" bytesdiscarded="39144" />
  <memory-copied type="tenure" objects="900" bytes="40312" bytesdiscarded="288" />
</gc-op>
<heap-resize id="2553" type="expand" space="nursery" amount="3538944" count="1" timems="0.013" reason="excessive time being spent scavenging" timestamp="2019-06-14T20:52:34.072" />
<gc-end id="2554" type="scavenge" contextid="2549" durationms="1.569" usertimems="4.000" systemtimems="0.000" timestamp="2019-06-14T20:52:34.072" activeThreads="4">
  <mem-info id="2555" free="2016194248" total="2049966080" percent="98">
    <mem type="nursery" free="59205376" total="65929216" percent="89">
      <mem type="allocate" free="59205376" total="59244544" percent="99" />
      <mem type="survivor" free="0" total="6684672" percent="0" />
    </mem>
    <mem type="tenure" free="1956988872" total="1984036864" percent="98">
      <mem type="soa" free="1857810376" total="1884835840" percent="98" />
      <mem type="loa" free="99178496" total="99201024" percent="99" />
    </mem>
    <remembered-set count="93" />
  </mem-info>
</gc-end>
<cycle-end id="2556" type="scavenge" contextid="2549" timestamp="2019-06-14T20:52:34.072" />
  <attribute name="elasticGC enabled" value="1" />
  <attribute name= "numThreadsSpecified" value="4" />
  <attribute name="heapSize specified" value="2092630016" />
  <attribute name="Current GC Util" value="24" />
  <attribute name= "Current Time Running" value="18389" />
  <attribute name ="GC Interval" value="200" />
  <attribute name="ProportionalT" value="2.000000" />
  <attribute name="ProportionalI" value="2.000000" />
  <attribute name="ProportionalH" value="2.000000" />
  <attribute name="Current Error" value="4.000000" />
  <attribute name="IntegralT" value="32.000000" />
  <attribute name="IntegralI" value="32.000000" />
  <attribute name="IntegralH" value="32.000000" />
  <attribute name="DerivativeT" value="0.000000" />
  <attribute name="DerivativeI" value="0.000000" />
  <attribute name="DerivativeH" value="0.000000" />
  <attribute name="Loop Time for DT" value="8.000000" />
  <attribute name="Output H" value="8388608"/>
  <attribute name="Output I" value="200"/>
  <attribute name="Output T" value="4"/>
  <attribute name="Target GC Util Change" value ="20.000000" />
  <attribute name="Current GC Util Change" value="24.000000"/>
  <attribute name="GC Util currently" value="24" />
  <attribute name="CPU Util currently" value="591313889343" />
<allocation-satisfied id="2557" threadId="00000000015BE700" bytesRequested="1168" />
<af-end id="2558" timestamp="2019-06-14T20:52:34.072" threadId="00000000015BF088" success="true" from="nursery"/>
<exclusive-end id="2559" timestamp="2019-06-14T20:52:34.072" durationms="2.601" />

<exclusive-start id="2560" timestamp="2019-06-14T20:52:34.080" intervalms="10.256">
  <response-info timems="0.166" idlems="0.166" threads="0" lastid="00000000015BE700" lastname="main" />
</exclusive-start>
<af-start id="2561" threadId="00000000015BF088" totalBytesRequested="1168" timestamp="2019-06-14T20:52:34.080" intervalms="10.267" type="nursery" />
<cycle-start id="2562" type="scavenge" contextid="0" timestamp="2019-06-14T20:52:34.081" intervalms="10.345" />
<gc-start id="2563" type="scavenge" contextid="2562" timestamp="2019-06-14T20:52:34.081">
  <mem-info id="2564" free="1956988872" total="2049966080" percent="95">
    <mem type="nursery" free="0" total="65929216" percent="0">
      <mem type="allocate" free="0" total="59244544" percent="0" />
      <mem type="survivor" free="0" total="6684672" percent="0" />
    </mem>
    <mem type="tenure" free="1956988872" total="1984036864" percent="98">
      <mem type="soa" free="1857810376" total="1884835840" percent="98" />
      <mem type="loa" free="99178496" total="99201024" percent="99" />
    </mem>
    <remembered-set count="93" />
  </mem-info>
</gc-start>
<allocation-stats totalBytes="59007456" >
  <allocated-bytes non-tlh="1168" tlh="59006288" />
  <largest-consumer threadName="main" threadId="00000000015BE700" bytes="59007456" />
</allocation-stats>
<gc-op id="2565" type="scavenge" timems="0.528" contextid="2562" timestamp="2019-06-14T20:52:34.082">
  <scavenger-info tenureage="5" tenuremask="ffe0" tiltratio="89" />
  <memory-copied type="nursery" objects="1" bytes="24" bytesdiscarded="39144" />
</gc-op>
<heap-resize id="2566" type="expand" space="nursery" amount="2883584" count="1" timems="0.015" reason="excessive time being spent scavenging" timestamp="2019-06-14T20:52:34.082" />
<gc-end id="2567" type="scavenge" contextid="2562" durationms="1.475" usertimems="0.000" systemtimems="0.000" timestamp="2019-06-14T20:52:34.082" activeThreads="4">
  <mem-info id="2568" free="2018815688" total="2052849664" percent="98">
    <mem type="nursery" free="61826816" total="68812800" percent="89">
      <mem type="allocate" free="61826816" total="61865984" percent="99" />
      <mem type="survivor" free="0" total="6946816" percent="0" />
    </mem>
    <mem type="tenure" free="1956988872" total="1984036864" percent="98">
      <mem type="soa" free="1857810376" total="1884835840" percent="98" />
      <mem type="loa" free="99178496" total="99201024" percent="99" />
    </mem>
    <remembered-set count="93" />
  </mem-info>
</gc-end>
<cycle-end id="2569" type="scavenge" contextid="2562" timestamp="2019-06-14T20:52:34.082" />
  <attribute name="elasticGC enabled" value="1" />
  <attribute name= "numThreadsSpecified" value="4" />
  <attribute name="heapSize specified" value="2092630016" />
  <attribute name="Current GC Util" value="21" />
  <attribute name= "Current Time Running" value="18399" />
  <attribute name ="GC Interval" value="200" />
  <attribute name="ProportionalT" value="0.500000" />
  <attribute name="ProportionalI" value="0.500000" />
  <attribute name="ProportionalH" value="0.500000" />
  <attribute name="Current Error" value="1.000000" />
  <attribute name="IntegralT" value="10.000000" />
  <attribute name="IntegralI" value="10.000000" />
  <attribute name="IntegralH" value="10.000000" />
  <attribute name="DerivativeT" value="-0.150000" />
  <attribute name="DerivativeI" value="-0.150000" />
  <attribute name="DerivativeH" value="-0.150000" />
  <attribute name="Loop Time for DT" value="10.000000" />
  <attribute name="Output H" value="8388608"/>
  <attribute name="Output I" value="200"/>
  <attribute name="Output T" value="4"/>
  <attribute name="Target GC Util Change" value ="20.000000" />
  <attribute name="Current GC Util Change" value="21.000000"/>
  <attribute name="GC Util currently" value="21" />
  <attribute name="CPU Util currently" value="431789835260" />
<allocation-satisfied id="2570" threadId="00000000015BE700" bytesRequested="1168" />
<af-end id="2571" timestamp="2019-06-14T20:52:34.083" threadId="00000000015BF088" success="true" from="nursery"/>
<exclusive-end id="2572" timestamp="2019-06-14T20:52:34.083" durationms="2.658" />

<exclusive-start id="2573" timestamp="2019-06-14T20:52:34.089" intervalms="8.904">
  <response-info timems="0.158" idlems="0.158" threads="0" lastid="00000000015BE700" lastname="main" />
</exclusive-start>
<af-start id="2574" threadId="00000000015BF088" totalBytesRequested="1168" timestamp="2019-06-14T20:52:34.089" intervalms="8.894" type="nursery" />
<cycle-start id="2575" type="scavenge" contextid="0" timestamp="2019-06-14T20:52:34.089" intervalms="8.849" />
<gc-start id="2576" type="scavenge" contextid="2575" timestamp="2019-06-14T20:52:34.090">
  <mem-info id="2577" free="1956988872" total="2052849664" percent="95">
    <mem type="nursery" free="0" total="68812800" percent="0">
      <mem type="allocate" free="0" total="61865984" percent="0" />
      <mem type="survivor" free="0" total="6946816" percent="0" />
    </mem>
    <mem type="tenure" free="1956988872" total="1984036864" percent="98">
      <mem type="soa" free="1857810376" total="1884835840" percent="98" />
      <mem type="loa" free="99178496" total="99201024" percent="99" />
    </mem>
    <remembered-set count="93" />
  </mem-info>
</gc-start>
<allocation-stats totalBytes="61620304" >
  <allocated-bytes non-tlh="1168" tlh="61619136" />
  <largest-consumer threadName="main" threadId="00000000015BE700" bytes="61620304" />
</allocation-stats>
<gc-op id="2578" type="scavenge" timems="0.571" contextid="2575" timestamp="2019-06-14T20:52:34.090">
  <scavenger-info tenureage="3" tenuremask="fff8" tiltratio="89" />
  <memory-copied type="nursery" objects="1" bytes="24" bytesdiscarded="39144" />
</gc-op>
<heap-resize id="2579" type="expand" space="nursery" amount="3801088" count="1" timems="0.011" reason="excessive time being spent scavenging" timestamp="2019-06-14T20:52:34.091" />
<gc-end id="2580" type="scavenge" contextid="2575" durationms="1.405" usertimems="0.000" systemtimems="0.000" timestamp="2019-06-14T20:52:34.091" activeThreads="4">
  <mem-info id="2581" free="2022289096" total="2056650752" percent="98">
    <mem type="nursery" free="65300224" total="72613888" percent="89">
      <mem type="allocate" free="65300224" total="65339392" percent="99" />
      <mem type="survivor" free="0" total="7274496" percent="0" />
    </mem>
    <mem type="tenure" free="1956988872" total="1984036864" percent="98">
      <mem type="soa" free="1857810376" total="1884835840" percent="98" />
      <mem type="loa" free="99178496" total="99201024" percent="99" />
    </mem>
    <remembered-set count="93" />
  </mem-info>
</gc-end>
<cycle-end id="2582" type="scavenge" contextid="2575" timestamp="2019-06-14T20:52:34.091" />
  <attribute name="elasticGC enabled" value="1" />
  <attribute name= "numThreadsSpecified" value="4" />
  <attribute name="heapSize specified" value="2092630016" />
  <attribute name="Current GC Util" value="18" />
  <attribute name= "Current Time Running" value="18408" />
  <attribute name ="GC Interval" value="200" />
  <attribute name="ProportionalT" value="-1.000000" />
  <attribute name="ProportionalI" value="-1.000000" />
  <attribute name="ProportionalH" value="-1.000000" />
  <attribute name="Current Error" value="-2.000000" />
  <attribute name="IntegralT" value="-18.000000" />
  <attribute name="IntegralI" value="-18.000000" />
  <attribute name="IntegralH" value="-18.000000" />
  <attribute name="DerivativeT" value="-0.166667" />
  <attribute name="DerivativeI" value="-0.166667" />
  <attribute name="DerivativeH" value="-0.166667" />
  <attribute name="Loop Time for DT" value="9.000000" />
  <attribute name="Output H" value="2092630016"/>
  <attribute name="Output I" value="200"/>
  <attribute name="Output T" value="4"/>
  <attribute name="Target GC Util Change" value ="20.000000" />
  <attribute name="Current GC Util Change" value="18.000000"/>
  <attribute name="GC Util currently" value="18" />
  <attribute name="CPU Util currently" value="525092822341" />
<allocation-satisfied id="2583" threadId="00000000015BE700" bytesRequested="1168" />
<af-end id="2584" timestamp="2019-06-14T20:52:34.092" threadId="00000000015BF088" success="true" from="nursery"/>
<exclusive-end id="2585" timestamp="2019-06-14T20:52:34.092" durationms="2.577" />

<exclusive-start id="2586" timestamp="2019-06-14T20:52:34.099" intervalms="10.376">
  <response-info timems="0.106" idlems="0.106" threads="0" lastid="00000000015BE700" lastname="main" />
</exclusive-start>
<af-start id="2587" threadId="00000000015BF088" totalBytesRequested="1168" timestamp="2019-06-14T20:52:34.100" intervalms="10.407" type="nursery" />
<cycle-start id="2588" type="scavenge" contextid="0" timestamp="2019-06-14T20:52:34.100" intervalms="10.445" />
<gc-start id="2589" type="scavenge" contextid="2588" timestamp="2019-06-14T20:52:34.100">
  <mem-info id="2590" free="1956988872" total="2056650752" percent="95">
    <mem type="nursery" free="0" total="72613888" percent="0">
      <mem type="allocate" free="0" total="65339392" percent="0" />
      <mem type="survivor" free="0" total="7274496" percent="0" />
    </mem>
    <mem type="tenure" free="1956988872" total="1984036864" percent="98">
      <mem type="soa" free="1857810376" total="1884835840" percent="98" />
      <mem type="loa" free="99178496" total="99201024" percent="99" />
    </mem>
    <remembered-set count="93" />
  </mem-info>
</gc-start>
<allocation-stats totalBytes="65082336" >
  <allocated-bytes non-tlh="1168" tlh="65081168" />
  <largest-consumer threadName="main" threadId="00000000015BE700" bytes="65082336" />
</allocation-stats>
<gc-op id="2591" type="scavenge" timems="0.467" contextid="2588" timestamp="2019-06-14T20:52:34.101">
  <scavenger-info tenureage="3" tenuremask="fff8" tiltratio="89" />
  <memory-copied type="nursery" objects="1" bytes="24" bytesdiscarded="39144" />
</gc-op>
<heap-resize id="2592" type="expand" space="nursery" amount="3145728" count="1" timems="0.015" reason="excessive time being spent scavenging" timestamp="2019-06-14T20:52:34.101" />
<gc-end id="2593" type="scavenge" contextid="2588" durationms="1.148" usertimems="4.000" systemtimems="0.000" timestamp="2019-06-14T20:52:34.101" activeThreads="4">
  <mem-info id="2594" free="2025107144" total="2059796480" percent="98">
    <mem type="nursery" free="68118272" total="75759616" percent="89">
      <mem type="allocate" free="68118272" total="68157440" percent="99" />
      <mem type="survivor" free="0" total="7602176" percent="0" />
    </mem>
    <mem type="tenure" free="1956988872" total="1984036864" percent="98">
      <mem type="soa" free="1857810376" total="1884835840" percent="98" />
      <mem type="loa" free="99178496" total="99201024" percent="99" />
    </mem>
    <remembered-set count="93" />
  </mem-info>
</gc-end>
<cycle-end id="2595" type="scavenge" contextid="2588" timestamp="2019-06-14T20:52:34.101" />
  <attribute name="elasticGC enabled" value="1" />
  <attribute name= "numThreadsSpecified" value="4" />
  <attribute name="heapSize specified" value="2092630016" />
  <attribute name="Current GC Util" value="16" />
  <attribute name= "Current Time Running" value="18419" />
  <attribute name ="GC Interval" value="200" />
  <attribute name="ProportionalT" value="-2.000000" />
  <attribute name="ProportionalI" value="-2.000000" />
  <attribute name="ProportionalH" value="-2.000000" />
  <attribute name="Current Error" value="-4.000000" />
  <attribute name="IntegralT" value="-44.000000" />
  <attribute name="IntegralI" value="-44.000000" />
  <attribute name="IntegralH" value="-44.000000" />
  <attribute name="DerivativeT" value="-0.181818" />
  <attribute name="DerivativeI" value="-0.181818" />
  <attribute name="DerivativeH" value="-0.181818" />
  <attribute name="Loop Time for DT" value="11.000000" />
  <attribute name="Output H" value="2092630016"/>
  <attribute name="Output I" value="200"/>
  <attribute name="Output T" value="4"/>
  <attribute name="Target GC Util Change" value ="20.000000" />
  <attribute name="Current GC Util Change" value="16.000000"/>
  <attribute name="GC Util currently" value="16" />
  <attribute name="CPU Util currently" value="444264255955" />
<allocation-satisfied id="2596" threadId="00000000015BE700" bytesRequested="1168" />
<af-end id="2597" timestamp="2019-06-14T20:52:34.102" threadId="00000000015BF088" success="true" from="nursery"/>
<exclusive-end id="2598" timestamp="2019-06-14T20:52:34.102" durationms="2.164" />

<exclusive-start id="2599" timestamp="2019-06-14T20:52:34.108" intervalms="8.908">
  <response-info timems="0.153" idlems="0.153" threads="0" lastid="00000000015BE700" lastname="main" />
</exclusive-start>
<af-start id="2600" threadId="00000000015BF088" totalBytesRequested="1168" timestamp="2019-06-14T20:52:34.109" intervalms="8.920" type="nursery" />
<cycle-start id="2601" type="scavenge" contextid="0" timestamp="2019-06-14T20:52:34.109" intervalms="8.924" />
<gc-start id="2602" type="scavenge" contextid="2601" timestamp="2019-06-14T20:52:34.109">
  <mem-info id="2603" free="1956988872" total="2059796480" percent="95">
    <mem type="nursery" free="0" total="75759616" percent="0">
      <mem type="allocate" free="0" total="68157440" percent="0" />
      <mem type="survivor" free="0" total="7602176" percent="0" />
    </mem>
    <mem type="tenure" free="1956988872" total="1984036864" percent="98">
      <mem type="soa" free="1857810376" total="1884835840" percent="98" />
      <mem type="loa" free="99178496" total="99201024" percent="99" />
    </mem>
    <remembered-set count="93" />
  </mem-info>
</gc-start>
<allocation-stats totalBytes="67891168" >
  <allocated-bytes non-tlh="1168" tlh="67890000" />
  <largest-consumer threadName="main" threadId="00000000015BE700" bytes="67891168" />
</allocation-stats>
<gc-op id="2604" type="scavenge" timems="0.400" contextid="2601" timestamp="2019-06-14T20:52:34.110">
  <scavenger-info tenureage="3" tenuremask="fff8" tiltratio="89" />
  <memory-copied type="nursery" objects="1" bytes="24" bytesdiscarded="39144" />
</gc-op>
<heap-resize id="2605" type="expand" space="nursery" amount="4194304" count="1" timems="0.012" reason="excessive time being spent scavenging" timestamp="2019-06-14T20:52:34.110" />
<gc-end id="2606" type="scavenge" contextid="2601" durationms="1.204" usertimems="0.000" systemtimems="4.000" timestamp="2019-06-14T20:52:34.110" activeThreads="4">
  <mem-info id="2607" free="2028842696" total="2063990784" percent="98">
    <mem type="nursery" free="71853824" total="79953920" percent="89">
      <mem type="allocate" free="71853824" total="71892992" percent="99" />
      <mem type="survivor" free="0" total="8060928" percent="0" />
    </mem>
    <mem type="tenure" free="1956988872" total="1984036864" percent="98">
      <mem type="soa" free="1857810376" total="1884835840" percent="98" />
      <mem type="loa" free="99178496" total="99201024" percent="99" />
    </mem>
    <remembered-set count="93" />
  </mem-info>
</gc-end>
<cycle-end id="2608" type="scavenge" contextid="2601" timestamp="2019-06-14T20:52:34.110" />
  <attribute name="elasticGC enabled" value="1" />
  <attribute name= "numThreadsSpecified" value="4" />
  <attribute name="heapSize specified" value="2092630016" />
  <attribute name="Current GC Util" value="14" />
  <attribute name= "Current Time Running" value="18428" />
  <attribute name ="GC Interval" value="200" />
  <attribute name="ProportionalT" value="-3.000000" />
  <attribute name="ProportionalI" value="-3.000000" />
  <attribute name="ProportionalH" value="-3.000000" />
  <attribute name="Current Error" value="-6.000000" />
  <attribute name="IntegralT" value="-54.000000" />
  <attribute name="IntegralI" value="-54.000000" />
  <attribute name="IntegralH" value="-54.000000" />
  <attribute name="DerivativeT" value="-0.333333" />
  <attribute name="DerivativeI" value="-0.333333" />
  <attribute name="DerivativeH" value="-0.333333" />
  <attribute name="Loop Time for DT" value="9.000000" />
  <attribute name="Output H" value="2092630016"/>
  <attribute name="Output I" value="200"/>
  <attribute name="Output T" value="4"/>
  <attribute name="Target GC Util Change" value ="20.000000" />
  <attribute name="Current GC Util Change" value="14.000000"/>
  <attribute name="GC Util currently" value="14" />
  <attribute name="CPU Util currently" value="510541031794" />
<allocation-satisfied id="2609" threadId="00000000015BE700" bytesRequested="1168" />
<af-end id="2610" timestamp="2019-06-14T20:52:34.111" threadId="00000000015BF088" success="true" from="nursery"/>
<exclusive-end id="2611" timestamp="2019-06-14T20:52:34.111" durationms="2.508" />

<exclusive-start id="2612" timestamp="2019-06-14T20:52:34.120" intervalms="11.275">
  <response-info timems="0.160" idlems="0.160" threads="0" lastid="00000000015BE700" lastname="main" />
</exclusive-start>
<af-start id="2613" threadId="00000000015BF088" totalBytesRequested="1168" timestamp="2019-06-14T20:52:34.120" intervalms="11.275" type="nursery" />
<cycle-start id="2614" type="scavenge" contextid="0" timestamp="2019-06-14T20:52:34.120" intervalms="11.264" />
<gc-start id="2615" type="scavenge" contextid="2614" timestamp="2019-06-14T20:52:34.120">
  <mem-info id="2616" free="1956988872" total="2063990784" percent="94">
    <mem type="nursery" free="0" total="79953920" percent="0">
      <mem type="allocate" free="0" total="71892992" percent="0" />
      <mem type="survivor" free="0" total="8060928" percent="0" />
    </mem>
    <mem type="tenure" free="1956988872" total="1984036864" percent="98">
      <mem type="soa" free="1857810376" total="1884835840" percent="98" />
      <mem type="loa" free="99178496" total="99201024" percent="99" />
    </mem>
    <remembered-set count="93" />
  </mem-info>
</gc-start>
<allocation-stats totalBytes="71614480" >
  <allocated-bytes non-tlh="1168" tlh="71613312" />
  <largest-consumer threadName="main" threadId="00000000015BE700" bytes="71614480" />
</allocation-stats>
<gc-op id="2617" type="scavenge" timems="0.416" contextid="2614" timestamp="2019-06-14T20:52:34.121">
  <scavenger-info tenureage="3" tenuremask="fff8" tiltratio="89" />
  <memory-copied type="nursery" objects="1" bytes="24" bytesdiscarded="39144" />
</gc-op>
<heap-resize id="2618" type="expand" space="nursery" amount="3145728" count="1" timems="0.014" reason="excessive time being spent scavenging" timestamp="2019-06-14T20:52:34.121" />
<gc-end id="2619" type="scavenge" contextid="2614" durationms="1.211" usertimems="0.000" systemtimems="0.000" timestamp="2019-06-14T20:52:34.121" activeThreads="4">
  <mem-info id="2620" free="2031726280" total="2067136512" percent="98">
    <mem type="nursery" free="74737408" total="83099648" percent="89">
      <mem type="allocate" free="74737408" total="74776576" percent="99" />
      <mem type="survivor" free="0" total="8323072" percent="0" />
    </mem>
    <mem type="tenure" free="1956988872" total="1984036864" percent="98">
      <mem type="soa" free="1857810376" total="1884835840" percent="98" />
      <mem type="loa" free="99178496" total="99201024" percent="99" />
    </mem>
    <remembered-set count="93" />
  </mem-info>
</gc-end>
<cycle-end id="2621" type="scavenge" contextid="2614" timestamp="2019-06-14T20:52:34.122" />
  <attribute name="elasticGC enabled" value="1" />
  <attribute name= "numThreadsSpecified" value="4" />
  <attribute name="heapSize specified" value="2092630016" />
  <attribute name="Current GC Util" value="11" />
  <attribute name= "Current Time Running" value="18439" />
  <attribute name ="GC Interval" value="200" />
  <attribute name="ProportionalT" value="-4.500000" />
  <attribute name="ProportionalI" value="-4.500000" />
  <attribute name="ProportionalH" value="-4.500000" />
  <attribute name="Current Error" value="-9.000000" />
  <attribute name="IntegralT" value="-99.000000" />
  <attribute name="IntegralI" value="-99.000000" />
  <attribute name="IntegralH" value="-99.000000" />
  <attribute name="DerivativeT" value="-0.409091" />
  <attribute name="DerivativeI" value="-0.409091" />
  <attribute name="DerivativeH" value="-0.409091" />
  <attribute name="Loop Time for DT" value="11.000000" />
  <attribute name="Output H" value="2092630016"/>
  <attribute name="Output I" value="200"/>
  <attribute name="Output T" value="4"/>
  <attribute name="Target GC Util Change" value ="20.000000" />
  <attribute name="Current GC Util Change" value="11.000000"/>
  <attribute name="GC Util currently" value="11" />
  <attribute name="CPU Util currently" value="411768891712" />
<allocation-satisfied id="2622" threadId="00000000015BE700" bytesRequested="1168" />
<af-end id="2623" timestamp="2019-06-14T20:52:34.122" threadId="00000000015BF088" success="true" from="nursery"/>
<exclusive-end id="2624" timestamp="2019-06-14T20:52:34.122" durationms="2.572" />

<exclusive-start id="2625" timestamp="2019-06-14T20:52:34.130" intervalms="10.052">
  <response-info timems="0.075" idlems="0.075" threads="0" lastid="00000000015BE700" lastname="main" />
</exclusive-start>
<af-start id="2626" threadId="00000000015BF088" totalBytesRequested="1168" timestamp="2019-06-14T20:52:34.130" intervalms="10.066" type="nursery" />
<cycle-start id="2627" type="scavenge" contextid="0" timestamp="2019-06-14T20:52:34.130" intervalms="10.064" />
<gc-start id="2628" type="scavenge" contextid="2627" timestamp="2019-06-14T20:52:34.130">
  <mem-info id="2629" free="1956988872" total="2067136512" percent="94">
    <mem type="nursery" free="0" total="83099648" percent="0">
      <mem type="allocate" free="0" total="74776576" percent="0" />
      <mem type="survivor" free="0" total="8323072" percent="0" />
    </mem>
    <mem type="tenure" free="1956988872" total="1984036864" percent="98">
      <mem type="soa" free="1857810376" total="1884835840" percent="98" />
      <mem type="loa" free="99178496" total="99201024" percent="99" />
    </mem>
    <remembered-set count="93" />
  </mem-info>
</gc-start>
<allocation-stats totalBytes="74488632" >
  <allocated-bytes non-tlh="1168" tlh="74487464" />
  <largest-consumer threadName="main" threadId="00000000015BE700" bytes="74488632" />
</allocation-stats>
<gc-op id="2630" type="scavenge" timems="0.614" contextid="2627" timestamp="2019-06-14T20:52:34.131">
  <scavenger-info tenureage="3" tenuremask="fff8" tiltratio="89" />
  <memory-copied type="nursery" objects="1" bytes="24" bytesdiscarded="39144" />
</gc-op>
<heap-resize id="2631" type="expand" space="nursery" amount="3538944" count="1" timems="0.012" reason="excessive time being spent scavenging" timestamp="2019-06-14T20:52:34.131" />
<gc-end id="2632" type="scavenge" contextid="2627" durationms="1.331" usertimems="4.000" systemtimems="0.000" timestamp="2019-06-14T20:52:34.132" activeThreads="4">
  <mem-info id="2633" free="2034872008" total="2070675456" percent="98">
    <mem type="nursery" free="77883136" total="86638592" percent="89">
      <mem type="allocate" free="77883136" total="77922304" percent="99" />
      <mem type="survivor" free="0" total="8716288" percent="0" />
    </mem>
    <mem type="tenure" free="1956988872" total="1984036864" percent="98">
      <mem type="soa" free="1857810376" total="1884835840" percent="98" />
      <mem type="loa" free="99178496" total="99201024" percent="99" />
    </mem>
    <remembered-set count="93" />
  </mem-info>
</gc-end>
<cycle-end id="2634" type="scavenge" contextid="2627" timestamp="2019-06-14T20:52:34.132" />
  <attribute name="elasticGC enabled" value="1" />
  <attribute name= "numThreadsSpecified" value="4" />
  <attribute name="heapSize specified" value="2092630016" />
  <attribute name="Current GC Util" value="13" />
  <attribute name= "Current Time Running" value="18449" />
  <attribute name ="GC Interval" value="200" />
  <attribute name="ProportionalT" value="-3.500000" />
  <attribute name="ProportionalI" value="-3.500000" />
  <attribute name="ProportionalH" value="-3.500000" />
  <attribute name="Current Error" value="-7.000000" />
  <attribute name="IntegralT" value="-70.000000" />
  <attribute name="IntegralI" value="-70.000000" />
  <attribute name="IntegralH" value="-70.000000" />
  <attribute name="DerivativeT" value="-0.350000" />
  <attribute name="DerivativeI" value="-0.350000" />
  <attribute name="DerivativeH" value="-0.350000" />
  <attribute name="Loop Time for DT" value="10.000000" />
  <attribute name="Output H" value="2092630016"/>
  <attribute name="Output I" value="200"/>
  <attribute name="Output T" value="4"/>
  <attribute name="Target GC Util Change" value ="20.000000" />
  <attribute name="Current GC Util Change" value="13.000000"/>
  <attribute name="GC Util currently" value="13" />
  <attribute name="CPU Util currently" value="459277433051" />
<allocation-satisfied id="2635" threadId="00000000015BE700" bytesRequested="1168" />
<af-end id="2636" timestamp="2019-06-14T20:52:34.132" threadId="00000000015BF088" success="true" from="nursery"/>
<exclusive-end id="2637" timestamp="2019-06-14T20:52:34.132" durationms="2.658" />

<exclusive-start id="2638" timestamp="2019-06-14T20:52:34.141" intervalms="11.753">
  <response-info timems="0.159" idlems="0.159" threads="0" lastid="00000000015BE700" lastname="main" />
</exclusive-start>
<af-start id="2639" threadId="00000000015BF088" totalBytesRequested="1168" timestamp="2019-06-14T20:52:34.142" intervalms="11.738" type="nursery" />
<cycle-start id="2640" type="scavenge" contextid="0" timestamp="2019-06-14T20:52:34.142" intervalms="11.737" />
<gc-start id="2641" type="scavenge" contextid="2640" timestamp="2019-06-14T20:52:34.142">
  <mem-info id="2642" free="1956988872" total="2070675456" percent="94">
    <mem type="nursery" free="0" total="86638592" percent="0">
      <mem type="allocate" free="0" total="77922304" percent="0" />
      <mem type="survivor" free="0" total="8716288" percent="0" />
    </mem>
    <mem type="tenure" free="1956988872" total="1984036864" percent="98">
      <mem type="soa" free="1857810376" total="1884835840" percent="98" />
      <mem type="loa" free="99178496" total="99201024" percent="99" />
    </mem>
    <remembered-set count="93" />
  </mem-info>
</gc-start>
<allocation-stats totalBytes="77624040" >
  <allocated-bytes non-tlh="1168" tlh="77622872" />
  <largest-consumer threadName="main" threadId="00000000015BE700" bytes="77624040" />
</allocation-stats>
<gc-op id="2643" type="scavenge" timems="0.462" contextid="2640" timestamp="2019-06-14T20:52:34.143">
  <scavenger-info tenureage="3" tenuremask="fff8" tiltratio="89" />
  <memory-copied type="nursery" objects="1" bytes="24" bytesdiscarded="39144" />
</gc-op>
<heap-resize id="2644" type="expand" space="nursery" amount="3407872" count="1" timems="0.014" reason="excessive time being spent scavenging" timestamp="2019-06-14T20:52:34.143" />
<gc-end id="2645" type="scavenge" contextid="2640" durationms="1.283" usertimems="0.000" systemtimems="0.000" timestamp="2019-06-14T20:52:34.143" activeThreads="4">
  <mem-info id="2646" free="2037886664" total="2074083328" percent="98">
    <mem type="nursery" free="80897792" total="90046464" percent="89">
      <mem type="allocate" free="80897792" total="80936960" percent="99" />
      <mem type="survivor" free="0" total="9109504" percent="0" />
    </mem>
    <mem type="tenure" free="1956988872" total="1984036864" percent="98">
      <mem type="soa" free="1857810376" total="1884835840" percent="98" />
      <mem type="loa" free="99178496" total="99201024" percent="99" />
    </mem>
    <remembered-set count="93" />
  </mem-info>
</gc-end>
<cycle-end id="2647" type="scavenge" contextid="2640" timestamp="2019-06-14T20:52:34.143" />
  <attribute name="elasticGC enabled" value="1" />
  <attribute name= "numThreadsSpecified" value="4" />
  <attribute name="heapSize specified" value="2092630016" />
  <attribute name="Current GC Util" value="15" />
  <attribute name= "Current Time Running" value="18461" />
  <attribute name ="GC Interval" value="200" />
  <attribute name="ProportionalT" value="-2.500000" />
  <attribute name="ProportionalI" value="-2.500000" />
  <attribute name="ProportionalH" value="-2.500000" />
  <attribute name="Current Error" value="-5.000000" />
  <attribute name="IntegralT" value="-60.000000" />
  <attribute name="IntegralI" value="-60.000000" />
  <attribute name="IntegralH" value="-60.000000" />
  <attribute name="DerivativeT" value="-0.208333" />
  <attribute name="DerivativeI" value="-0.208333" />
  <attribute name="DerivativeH" value="-0.208333" />
  <attribute name="Loop Time for DT" value="12.000000" />
  <attribute name="Output H" value="2092630016"/>
  <attribute name="Output I" value="200"/>
  <attribute name="Output T" value="4"/>
  <attribute name="Target GC Util Change" value ="20.000000" />
  <attribute name="Current GC Util Change" value="15.000000"/>
  <attribute name="GC Util currently" value="15" />
  <attribute name="CPU Util currently" value="389450476597" />
<allocation-satisfied id="2648" threadId="00000000015BE700" bytesRequested="1168" />
<af-end id="2649" timestamp="2019-06-14T20:52:34.144" threadId="00000000015BF088" success="true" from="nursery"/>
<exclusive-end id="2650" timestamp="2019-06-14T20:52:34.144" durationms="2.501" />

<exclusive-start id="2651" timestamp="2019-06-14T20:52:34.152" intervalms="10.909">
  <response-info timems="0.157" idlems="0.157" threads="0" lastid="00000000015BE700" lastname="main" />
</exclusive-start>
<af-start id="2652" threadId="00000000015BF088" totalBytesRequested="1168" timestamp="2019-06-14T20:52:34.153" intervalms="10.877" type="nursery" />
<cycle-start id="2653" type="scavenge" contextid="0" timestamp="2019-06-14T20:52:34.153" intervalms="10.883" />
<gc-start id="2654" type="scavenge" contextid="2653" timestamp="2019-06-14T20:52:34.153">
  <mem-info id="2655" free="1956988872" total="2074083328" percent="94">
    <mem type="nursery" free="0" total="90046464" percent="0">
      <mem type="allocate" free="0" total="80936960" percent="0" />
      <mem type="survivor" free="0" total="9109504" percent="0" />
    </mem>
    <mem type="tenure" free="1956988872" total="1984036864" percent="98">
      <mem type="soa" free="1857810376" total="1884835840" percent="98" />
      <mem type="loa" free="99178496" total="99201024" percent="99" />
    </mem>
    <remembered-set count="98" />
  </mem-info>
</gc-start>
<allocation-stats totalBytes="80371688" >
  <allocated-bytes non-tlh="1168" tlh="80370520" />
  <largest-consumer threadName="main" threadId="00000000015BE700" bytes="80371688" />
</allocation-stats>
<gc-op id="2656" type="scavenge" timems="0.442" contextid="2653" timestamp="2019-06-14T20:52:34.154">
  <scavenger-info tenureage="3" tenuremask="fff8" tiltratio="89" />
  <memory-copied type="nursery" objects="27" bytes="1920" bytesdiscarded="76416" />
</gc-op>
<heap-resize id="2657" type="expand" space="nursery" amount="3932160" count="1" timems="0.013" reason="excessive time being spent scavenging" timestamp="2019-06-14T20:52:34.154" />
<gc-end id="2658" type="scavenge" contextid="2653" durationms="1.190" usertimems="0.000" systemtimems="0.000" timestamp="2019-06-14T20:52:34.154" activeThreads="4">
  <mem-info id="2659" free="2041451976" total="2078015488" percent="98">
    <mem type="nursery" free="84463104" total="93978624" percent="89">
      <mem type="allocate" free="84463104" total="84541440" percent="99" />
      <mem type="survivor" free="0" total="9437184" percent="0" />
    </mem>
    <mem type="tenure" free="1956988872" total="1984036864" percent="98">
      <mem type="soa" free="1857810376" total="1884835840" percent="98" />
      <mem type="loa" free="99178496" total="99201024" percent="99" />
    </mem>
    <remembered-set count="98" />
  </mem-info>
</gc-end>
<cycle-end id="2660" type="scavenge" contextid="2653" timestamp="2019-06-14T20:52:34.154" />
  <attribute name="elasticGC enabled" value="1" />
  <attribute name= "numThreadsSpecified" value="4" />
  <attribute name="heapSize specified" value="2092630016" />
  <attribute name="Current GC Util" value="12" />
  <attribute name= "Current Time Running" value="18471" />
  <attribute name ="GC Interval" value="200" />
  <attribute name="ProportionalT" value="-4.000000" />
  <attribute name="ProportionalI" value="-4.000000" />
  <attribute name="ProportionalH" value="-4.000000" />
  <attribute name="Current Error" value="-8.000000" />
  <attribute name="IntegralT" value="-80.000000" />
  <attribute name="IntegralI" value="-80.000000" />
  <attribute name="IntegralH" value="-80.000000" />
  <attribute name="DerivativeT" value="-0.400000" />
  <attribute name="DerivativeI" value="-0.400000" />
  <attribute name="DerivativeH" value="-0.400000" />
  <attribute name="Loop Time for DT" value="10.000000" />
  <attribute name="Output H" value="2092630016"/>
  <attribute name="Output I" value="200"/>
  <attribute name="Output T" value="4"/>
  <attribute name="Target GC Util Change" value ="20.000000" />
  <attribute name="Current GC Util Change" value="12.000000"/>
  <attribute name="GC Util currently" value="12" />
  <attribute name="CPU Util currently" value="428803617565" />
<allocation-satisfied id="2661" threadId="00000000015BE700" bytesRequested="1168" />
<af-end id="2662" timestamp="2019-06-14T20:52:34.154" threadId="00000000015BF088" success="true" from="nursery"/>
<exclusive-end id="2663" timestamp="2019-06-14T20:52:34.154" durationms="2.175" />

<exclusive-start id="2664" timestamp="2019-06-14T20:52:34.165" intervalms="12.260">
  <response-info timems="0.118" idlems="0.118" threads="0" lastid="00000000015BE700" lastname="main" />
</exclusive-start>
<af-start id="2665" threadId="00000000015BF088" totalBytesRequested="1168" timestamp="2019-06-14T20:52:34.165" intervalms="12.252" type="nursery" />
<cycle-start id="2666" type="scavenge" contextid="0" timestamp="2019-06-14T20:52:34.165" intervalms="12.211" />
<gc-start id="2667" type="scavenge" contextid="2666" timestamp="2019-06-14T20:52:34.165">
  <mem-info id="2668" free="1956988872" total="2078015488" percent="94">
    <mem type="nursery" free="0" total="93978624" percent="0">
      <mem type="allocate" free="0" total="84541440" percent="0" />
      <mem type="survivor" free="0" total="9437184" percent="0" />
    </mem>
    <mem type="tenure" free="1956988872" total="1984036864" percent="98">
      <mem type="soa" free="1857810376" total="1884835840" percent="98" />
      <mem type="loa" free="99178496" total="99201024" percent="99" />
    </mem>
    <remembered-set count="98" />
  </mem-info>
</gc-start>
<allocation-stats totalBytes="83934592" >
  <allocated-bytes non-tlh="1168" tlh="83933424" />
  <largest-consumer threadName="main" threadId="00000000015BE700" bytes="83934592" />
</allocation-stats>
<gc-op id="2669" type="scavenge" timems="0.382" contextid="2666" timestamp="2019-06-14T20:52:34.166">
  <scavenger-info tenureage="3" tenuremask="fff8" tiltratio="89" />
  <memory-copied type="nursery" objects="27" bytes="1920" bytesdiscarded="76416" />
</gc-op>
<gc-end id="2670" type="scavenge" contextid="2666" durationms="0.974" usertimems="4.000" systemtimems="0.000" timestamp="2019-06-14T20:52:34.166" activeThreads="4">
  <mem-info id="2671" free="2041451976" total="2078015488" percent="98">
    <mem type="nursery" free="84463104" total="93978624" percent="89">
      <mem type="allocate" free="84463104" total="84541440" percent="99" />
      <mem type="survivor" free="0" total="9437184" percent="0" />
    </mem>
    <mem type="tenure" free="1956988872" total="1984036864" percent="98">
      <mem type="soa" free="1857810376" total="1884835840" percent="98" />
      <mem type="loa" free="99178496" total="99201024" percent="99" />
    </mem>
    <remembered-set count="88" />
  </mem-info>
</gc-end>
<cycle-end id="2672" type="scavenge" contextid="2666" timestamp="2019-06-14T20:52:34.166" />
  <attribute name="elasticGC enabled" value="1" />
  <attribute name= "numThreadsSpecified" value="4" />
  <attribute name="heapSize specified" value="2092630016" />
  <attribute name="Current GC Util" value="8" />
  <attribute name= "Current Time Running" value="18484" />
  <attribute name ="GC Interval" value="200" />
  <attribute name="ProportionalT" value="-6.000000" />
  <attribute name="ProportionalI" value="-6.000000" />
  <attribute name="ProportionalH" value="-6.000000" />
  <attribute name="Current Error" value="-12.000000" />
  <attribute name="IntegralT" value="-156.000000" />
  <attribute name="IntegralI" value="-156.000000" />
  <attribute name="IntegralH" value="-156.000000" />
  <attribute name="DerivativeT" value="-0.461538" />
  <attribute name="DerivativeI" value="-0.461538" />
  <attribute name="DerivativeH" value="-0.461538" />
  <attribute name="Loop Time for DT" value="13.000000" />
  <attribute name="Output H" value="2092630016"/>
  <attribute name="Output I" value="200"/>
  <attribute name="Output T" value="4"/>
  <attribute name="Target GC Util Change" value ="20.000000" />
  <attribute name="Current GC Util Change" value="8.000000"/>
  <attribute name="GC Util currently" value="8" />
  <attribute name="CPU Util currently" value="376211594560" />
<allocation-satisfied id="2673" threadId="00000000015BE700" bytesRequested="1168" />
<af-end id="2674" timestamp="2019-06-14T20:52:34.166" threadId="00000000015BF088" success="true" from="nursery"/>
<exclusive-end id="2675" timestamp="2019-06-14T20:52:34.166" durationms="1.830" />

<exclusive-start id="2676" timestamp="2019-06-14T20:52:34.175" intervalms="10.242">
  <response-info timems="0.135" idlems="0.135" threads="0" lastid="00000000015BE700" lastname="main" />
</exclusive-start>
<af-start id="2677" threadId="00000000015BF088" totalBytesRequested="1168" timestamp="2019-06-14T20:52:34.175" intervalms="10.245" type="nursery" />
<cycle-start id="2678" type="scavenge" contextid="0" timestamp="2019-06-14T20:52:34.175" intervalms="10.281" />
<gc-start id="2679" type="scavenge" contextid="2678" timestamp="2019-06-14T20:52:34.175">
  <mem-info id="2680" free="1956988872" total="2078015488" percent="94">
    <mem type="nursery" free="0" total="93978624" percent="0">
      <mem type="allocate" free="0" total="84541440" percent="0" />
      <mem type="survivor" free="0" total="9437184" percent="0" />
    </mem>
    <mem type="tenure" free="1956988872" total="1984036864" percent="98">
      <mem type="soa" free="1857810376" total="1884835840" percent="98" />
      <mem type="loa" free="99178496" total="99201024" percent="99" />
    </mem>
    <remembered-set count="88" />
  </mem-info>
</gc-start>
<allocation-stats totalBytes="83934592" >
  <allocated-bytes non-tlh="1168" tlh="83933424" />
  <largest-consumer threadName="main" threadId="00000000015BE700" bytes="83934592" />
</allocation-stats>
<gc-op id="2681" type="scavenge" timems="0.406" contextid="2678" timestamp="2019-06-14T20:52:34.176">
  <scavenger-info tenureage="3" tenuremask="fff8" tiltratio="89" />
  <memory-copied type="nursery" objects="27" bytes="1920" bytesdiscarded="76416" />
</gc-op>
<heap-resize id="2682" type="expand" space="nursery" amount="5636096" count="1" timems="0.015" reason="excessive time being spent scavenging" timestamp="2019-06-14T20:52:34.176" />
<gc-end id="2683" type="scavenge" contextid="2678" durationms="1.151" usertimems="0.000" systemtimems="0.000" timestamp="2019-06-14T20:52:34.177" activeThreads="4">
  <mem-info id="2684" free="2046498248" total="2083651584" percent="98">
    <mem type="nursery" free="89509376" total="99614720" percent="89">
      <mem type="allocate" free="89509376" total="89587712" percent="99" />
      <mem type="survivor" free="0" total="10027008" percent="0" />
    </mem>
    <mem type="tenure" free="1956988872" total="1984036864" percent="98">
      <mem type="soa" free="1857810376" total="1884835840" percent="98" />
      <mem type="loa" free="99178496" total="99201024" percent="99" />
    </mem>
    <remembered-set count="88" />
  </mem-info>
</gc-end>
<cycle-end id="2685" type="scavenge" contextid="2678" timestamp="2019-06-14T20:52:34.177" />
  <attribute name="elasticGC enabled" value="1" />
  <attribute name= "numThreadsSpecified" value="4" />
  <attribute name="heapSize specified" value="2092630016" />
  <attribute name="Current GC Util" value="9" />
  <attribute name= "Current Time Running" value="18494" />
  <attribute name ="GC Interval" value="200" />
  <attribute name="ProportionalT" value="-5.500000" />
  <attribute name="ProportionalI" value="-5.500000" />
  <attribute name="ProportionalH" value="-5.500000" />
  <attribute name="Current Error" value="-11.000000" />
  <attribute name="IntegralT" value="-110.000000" />
  <attribute name="IntegralI" value="-110.000000" />
  <attribute name="IntegralH" value="-110.000000" />
  <attribute name="DerivativeT" value="-0.550000" />
  <attribute name="DerivativeI" value="-0.550000" />
  <attribute name="DerivativeH" value="-0.550000" />
  <attribute name="Loop Time for DT" value="10.000000" />
  <attribute name="Output H" value="2092630016"/>
  <attribute name="Output I" value="200"/>
  <attribute name="Output T" value="4"/>
  <attribute name="Target GC Util Change" value ="20.000000" />
  <attribute name="Current GC Util Change" value="9.000000"/>
  <attribute name="GC Util currently" value="9" />
  <attribute name="CPU Util currently" value="446923754190" />
<allocation-satisfied id="2686" threadId="00000000015BE700" bytesRequested="1168" />
<af-end id="2687" timestamp="2019-06-14T20:52:34.177" threadId="00000000015BF088" success="true" from="nursery"/>
<exclusive-end id="2688" timestamp="2019-06-14T20:52:34.177" durationms="2.169" />

<exclusive-start id="2689" timestamp="2019-06-14T20:52:34.187" intervalms="12.433">
  <response-info timems="0.103" idlems="0.103" threads="0" lastid="00000000015BE700" lastname="main" />
</exclusive-start>
<af-start id="2690" threadId="00000000015BF088" totalBytesRequested="1168" timestamp="2019-06-14T20:52:34.187" intervalms="12.432" type="nursery" />
<cycle-start id="2691" type="scavenge" contextid="0" timestamp="2019-06-14T20:52:34.188" intervalms="12.415" />
<gc-start id="2692" type="scavenge" contextid="2691" timestamp="2019-06-14T20:52:34.188">
  <mem-info id="2693" free="1956988872" total="2083651584" percent="93">
    <mem type="nursery" free="0" total="99614720" percent="0">
      <mem type="allocate" free="0" total="89587712" percent="0" />
      <mem type="survivor" free="0" total="10027008" percent="0" />
    </mem>
    <mem type="tenure" free="1956988872" total="1984036864" percent="98">
      <mem type="soa" free="1857810376" total="1884835840" percent="98" />
      <mem type="loa" free="99178496" total="99201024" percent="99" />
    </mem>
    <remembered-set count="88" />
  </mem-info>
</gc-start>
<allocation-stats totalBytes="88948616" >
  <allocated-bytes non-tlh="1168" tlh="88947448" />
  <largest-consumer threadName="main" threadId="00000000015BE700" bytes="88948616" />
</allocation-stats>
<gc-op id="2694" type="scavenge" timems="0.451" contextid="2691" timestamp="2019-06-14T20:52:34.188">
  <scavenger-info tenureage="3" tenuremask="fff8" tiltratio="89" />
  <memory-copied type="nursery" objects="1" bytes="24" bytesdiscarded="39144" />
  <memory-copied type="tenure" objects="26" bytes="1896" bytesdiscarded="0" />
</gc-op>
<gc-end id="2695" type="scavenge" contextid="2691" durationms="0.974" usertimems="0.000" systemtimems="0.000" timestamp="2019-06-14T20:52:34.189" activeThreads="4">
  <mem-info id="2696" free="2046602952" total="2083651584" percent="98">
    <mem type="nursery" free="89614080" total="99614720" percent="89">
      <mem type="allocate" free="89614080" total="89653248" percent="99" />
      <mem type="survivor" free="0" total="9961472" percent="0" />
    </mem>
    <mem type="tenure" free="1956988872" total="1984036864" percent="98">
      <mem type="soa" free="1857810376" total="1884835840" percent="98" />
      <mem type="loa" free="99178496" total="99201024" percent="99" />
    </mem>
    <remembered-set count="93" />
  </mem-info>
</gc-end>
<cycle-end id="2697" type="scavenge" contextid="2691" timestamp="2019-06-14T20:52:34.189" />
  <attribute name="elasticGC enabled" value="1" />
  <attribute name= "numThreadsSpecified" value="4" />
  <attribute name="heapSize specified" value="2092630016" />
  <attribute name="Current GC Util" value="8" />
  <attribute name= "Current Time Running" value="18506" />
  <attribute name ="GC Interval" value="200" />
  <attribute name="ProportionalT" value="-6.000000" />
  <attribute name="ProportionalI" value="-6.000000" />
  <attribute name="ProportionalH" value="-6.000000" />
  <attribute name="Current Error" value="-12.000000" />
  <attribute name="IntegralT" value="-144.000000" />
  <attribute name="IntegralI" value="-144.000000" />
  <attribute name="IntegralH" value="-144.000000" />
  <attribute name="DerivativeT" value="-0.500000" />
  <attribute name="DerivativeI" value="-0.500000" />
  <attribute name="DerivativeH" value="-0.500000" />
  <attribute name="Loop Time for DT" value="12.000000" />
  <attribute name="Output H" value="2092630016"/>
  <attribute name="Output I" value="200"/>
  <attribute name="Output T" value="4"/>
  <attribute name="Target GC Util Change" value ="20.000000" />
  <attribute name="Current GC Util Change" value="8.000000"/>
  <attribute name="GC Util currently" value="8" />
  <attribute name="CPU Util currently" value="374142403266" />
<allocation-satisfied id="2698" threadId="00000000015BE700" bytesRequested="1168" />
<af-end id="2699" timestamp="2019-06-14T20:52:34.189" threadId="00000000015BF088" success="true" from="nursery"/>
<exclusive-end id="2700" timestamp="2019-06-14T20:52:34.189" durationms="2.131" />

<exclusive-start id="2701" timestamp="2019-06-14T20:52:34.234" intervalms="47.038">
  <response-info timems="0.080" idlems="0.080" threads="0" lastid="00000000015BE700" lastname="main" />
</exclusive-start>
<af-start id="2702" threadId="00000000015BF088" totalBytesRequested="32" timestamp="2019-06-14T20:52:34.234" intervalms="47.030" type="nursery" />
<cycle-start id="2703" type="scavenge" contextid="0" timestamp="2019-06-14T20:52:34.235" intervalms="47.053" />
<gc-start id="2704" type="scavenge" contextid="2703" timestamp="2019-06-14T20:52:34.235">
  <mem-info id="2705" free="1956988872" total="2083651584" percent="93">
    <mem type="nursery" free="0" total="99614720" percent="0">
      <mem type="allocate" free="0" total="89653248" percent="0" />
      <mem type="survivor" free="0" total="9961472" percent="0" />
    </mem>
    <mem type="tenure" free="1956988872" total="1984036864" percent="98">
      <mem type="soa" free="1857810376" total="1884835840" percent="98" />
      <mem type="loa" free="99178496" total="99201024" percent="99" />
    </mem>
    <remembered-set count="103" />
  </mem-info>
</gc-start>
<allocation-stats totalBytes="89595896" >
  <allocated-bytes non-tlh="1168" tlh="89594728" />
  <largest-consumer threadName="main" threadId="00000000015BE700" bytes="89595896" />
</allocation-stats>
<gc-op id="2706" type="scavenge" timems="0.677" contextid="2703" timestamp="2019-06-14T20:52:34.236">
  <scavenger-info tenureage="3" tenuremask="ffe8" tiltratio="90" />
  <memory-copied type="nursery" objects="247" bytes="8000" bytesdiscarded="70288" />
  <references type="weak" candidates="37" cleared="0" enqueued="0" />
</gc-op>
<gc-end id="2707" type="scavenge" contextid="2703" durationms="1.268" usertimems="0.000" systemtimems="4.000" timestamp="2019-06-14T20:52:34.236" activeThreads="4">
  <mem-info id="2708" free="2046563784" total="2083651584" percent="98">
    <mem type="nursery" free="89574912" total="99614720" percent="89">
      <mem type="allocate" free="89574912" total="89653248" percent="99" />
      <mem type="survivor" free="0" total="9961472" percent="0" />
    </mem>
    <mem type="tenure" free="1956988872" total="1984036864" percent="98">
      <mem type="soa" free="1857810376" total="1884835840" percent="98" />
      <mem type="loa" free="99178496" total="99201024" percent="99" />
    </mem>
    <remembered-set count="103" />
  </mem-info>
</gc-end>
<cycle-end id="2709" type="scavenge" contextid="2703" timestamp="2019-06-14T20:52:34.236" />
  <attribute name="elasticGC enabled" value="1" />
  <attribute name= "numThreadsSpecified" value="4" />
  <attribute name="heapSize specified" value="2092630016" />
  <attribute name="Current GC Util" value="2" />
  <attribute name= "Current Time Running" value="18553" />
  <attribute name ="GC Interval" value="200" />
  <attribute name="ProportionalT" value="-9.000000" />
  <attribute name="ProportionalI" value="-9.000000" />
  <attribute name="ProportionalH" value="-9.000000" />
  <attribute name="Current Error" value="-18.000000" />
  <attribute name="IntegralT" value="-846.000000" />
  <attribute name="IntegralI" value="-846.000000" />
  <attribute name="IntegralH" value="-846.000000" />
  <attribute name="DerivativeT" value="-0.191489" />
  <attribute name="DerivativeI" value="-0.191489" />
  <attribute name="DerivativeH" value="-0.191489" />
  <attribute name="Loop Time for DT" value="47.000000" />
  <attribute name="Output H" value="2092630016"/>
  <attribute name="Output I" value="200"/>
  <attribute name="Output T" value="4"/>
  <attribute name="Target GC Util Change" value ="20.000000" />
  <attribute name="Current GC Util Change" value="2.000000"/>
  <attribute name="GC Util currently" value="2" />
  <attribute name="CPU Util currently" value="97940736466" />
<allocation-satisfied id="2710" threadId="00000000015BE700" bytesRequested="32" />
<af-end id="2711" timestamp="2019-06-14T20:52:34.236" threadId="00000000015BF088" success="true" from="nursery"/>
<exclusive-end id="2712" timestamp="2019-06-14T20:52:34.236" durationms="2.206" />

<exclusive-start id="2713" timestamp="2019-06-14T20:52:34.278" intervalms="44.158">
  <response-info timems="0.075" idlems="0.075" threads="0" lastid="00000000015BE700" lastname="main" />
</exclusive-start>
<af-start id="2714" threadId="00000000015BF088" totalBytesRequested="264" timestamp="2019-06-14T20:52:34.279" intervalms="44.128" type="nursery" />
<cycle-start id="2715" type="scavenge" contextid="0" timestamp="2019-06-14T20:52:34.279" intervalms="44.118" />
<gc-start id="2716" type="scavenge" contextid="2715" timestamp="2019-06-14T20:52:34.279">
  <mem-info id="2717" free="1956988872" total="2083651584" percent="93">
    <mem type="nursery" free="0" total="99614720" percent="0">
      <mem type="allocate" free="0" total="89653248" percent="0" />
      <mem type="survivor" free="0" total="9961472" percent="0" />
    </mem>
    <mem type="tenure" free="1956988872" total="1984036864" percent="98">
      <mem type="soa" free="1857810376" total="1884835840" percent="98" />
      <mem type="loa" free="99178496" total="99201024" percent="99" />
    </mem>
    <remembered-set count="105" />
  </mem-info>
</gc-start>
<allocation-stats totalBytes="89542792" >
  <allocated-bytes non-tlh="32" tlh="89542760" />
  <largest-consumer threadName="main" threadId="00000000015BE700" bytes="89542792" />
</allocation-stats>
<gc-op id="2718" type="scavenge" timems="0.644" contextid="2715" timestamp="2019-06-14T20:52:34.280">
  <scavenger-info tenureage="3" tenuremask="fff8" tiltratio="90" />
  <memory-copied type="nursery" objects="78" bytes="2488" bytesdiscarded="75848" />
  <references type="weak" candidates="37" cleared="7" enqueued="3" />
</gc-op>
<gc-end id="2719" type="scavenge" contextid="2715" durationms="1.270" usertimems="0.000" systemtimems="4.000" timestamp="2019-06-14T20:52:34.280" activeThreads="4">
  <mem-info id="2720" free="2046563784" total="2083651584" percent="98">
    <mem type="nursery" free="89574912" total="99614720" percent="89">
      <mem type="allocate" free="89574912" total="89653248" percent="99" />
      <mem type="survivor" free="0" total="9961472" percent="0" />
    </mem>
    <mem type="tenure" free="1956988872" total="1984036864" percent="98">
      <mem type="soa" free="1857810376" total="1884835840" percent="98" />
      <mem type="loa" free="99178496" total="99201024" percent="99" />
    </mem>
    <pending-finalizers system="0" default="0" reference="3" classloader="0" />
    <remembered-set count="95" />
  </mem-info>
</gc-end>
<cycle-end id="2721" type="scavenge" contextid="2715" timestamp="2019-06-14T20:52:34.280" />
  <attribute name="elasticGC enabled" value="1" />
  <attribute name= "numThreadsSpecified" value="4" />
  <attribute name="heapSize specified" value="2092630016" />
  <attribute name="Current GC Util" value="3" />
  <attribute name= "Current Time Running" value="18598" />
  <attribute name ="GC Interval" value="200" />
  <attribute name="ProportionalT" value="-8.500000" />
  <attribute name="ProportionalI" value="-8.500000" />
  <attribute name="ProportionalH" value="-8.500000" />
  <attribute name="Current Error" value="-17.000000" />
  <attribute name="IntegralT" value="-765.000000" />
  <attribute name="IntegralI" value="-765.000000" />
  <attribute name="IntegralH" value="-765.000000" />
  <attribute name="DerivativeT" value="-0.188889" />
  <attribute name="DerivativeI" value="-0.188889" />
  <attribute name="DerivativeH" value="-0.188889" />
  <attribute name="Loop Time for DT" value="45.000000" />
  <attribute name="Output H" value="2092630016"/>
  <attribute name="Output I" value="200"/>
  <attribute name="Output T" value="4"/>
  <attribute name="Target GC Util Change" value ="20.000000" />
  <attribute name="Current GC Util Change" value="3.000000"/>
  <attribute name="GC Util currently" value="3" />
  <attribute name="CPU Util currently" value="104465937439" />
<allocation-satisfied id="2722" threadId="00000000015BE700" bytesRequested="264" />
<af-end id="2723" timestamp="2019-06-14T20:52:34.281" threadId="00000000015BF088" success="true" from="nursery"/>
<exclusive-end id="2724" timestamp="2019-06-14T20:52:34.281" durationms="2.352" />

<exclusive-start id="2725" timestamp="2019-06-14T20:52:34.294" intervalms="15.768">
  <response-info timems="0.072" idlems="0.072" threads="0" lastid="00000000015BE700" lastname="main" />
</exclusive-start>
<af-start id="2726" threadId="00000000015BF088" totalBytesRequested="152" timestamp="2019-06-14T20:52:34.294" intervalms="15.767" type="nursery" />
<cycle-start id="2727" type="scavenge" contextid="0" timestamp="2019-06-14T20:52:34.294" intervalms="15.706" />
<gc-start id="2728" type="scavenge" contextid="2727" timestamp="2019-06-14T20:52:34.295">
  <mem-info id="2729" free="1956988872" total="2083651584" percent="93">
    <mem type="nursery" free="0" total="99614720" percent="0">
      <mem type="allocate" free="0" total="89653248" percent="0" />
      <mem type="survivor" free="0" total="9961472" percent="0" />
    </mem>
    <mem type="tenure" free="1956988872" total="1984036864" percent="98">
      <mem type="soa" free="1857810376" total="1884835840" percent="98" />
      <mem type="loa" free="99178496" total="99201024" percent="99" />
    </mem>
    <remembered-set count="96" />
  </mem-info>
</gc-start>
<allocation-stats totalBytes="89529256" >
  <allocated-bytes non-tlh="264" tlh="89528992" />
  <largest-consumer threadName="main" threadId="00000000015BE700" bytes="89529256" />
</allocation-stats>
<gc-op id="2730" type="scavenge" timems="0.726" contextid="2727" timestamp="2019-06-14T20:52:34.296">
  <scavenger-info tenureage="3" tenuremask="fff8" tiltratio="90" />
  <memory-copied type="nursery" objects="78" bytes="2376" bytesdiscarded="75960" />
  <references type="weak" candidates="30" cleared="0" enqueued="0" />
</gc-op>
<gc-end id="2731" type="scavenge" contextid="2727" durationms="1.287" usertimems="4.000" systemtimems="0.000" timestamp="2019-06-14T20:52:34.296" activeThreads="4">
  <mem-info id="2732" free="2046563784" total="2083651584" percent="98">
    <mem type="nursery" free="89574912" total="99614720" percent="89">
      <mem type="allocate" free="89574912" total="89653248" percent="99" />
      <mem type="survivor" free="0" total="9961472" percent="0" />
    </mem>
    <mem type="tenure" free="1956988872" total="1984036864" percent="98">
      <mem type="soa" free="1857810376" total="1884835840" percent="98" />
      <mem type="loa" free="99178496" total="99201024" percent="99" />
    </mem>
    <remembered-set count="96" />
  </mem-info>
</gc-end>
<cycle-end id="2733" type="scavenge" contextid="2727" timestamp="2019-06-14T20:52:34.296" />
  <attribute name="elasticGC enabled" value="1" />
  <attribute name= "numThreadsSpecified" value="4" />
  <attribute name="heapSize specified" value="2092630016" />
  <attribute name="Current GC Util" value="8" />
  <attribute name= "Current Time Running" value="18613" />
  <attribute name ="GC Interval" value="200" />
  <attribute name="ProportionalT" value="-6.000000" />
  <attribute name="ProportionalI" value="-6.000000" />
  <attribute name="ProportionalH" value="-6.000000" />
  <attribute name="Current Error" value="-12.000000" />
  <attribute name="IntegralT" value="-180.000000" />
  <attribute name="IntegralI" value="-180.000000" />
  <attribute name="IntegralH" value="-180.000000" />
  <attribute name="DerivativeT" value="-0.400000" />
  <attribute name="DerivativeI" value="-0.400000" />
  <attribute name="DerivativeH" value="-0.400000" />
  <attribute name="Loop Time for DT" value="15.000000" />
  <attribute name="Output H" value="2092630016"/>
  <attribute name="Output I" value="200"/>
  <attribute name="Output T" value="4"/>
  <attribute name="Target GC Util Change" value ="20.000000" />
  <attribute name="Current GC Util Change" value="8.000000"/>
  <attribute name="GC Util currently" value="8" />
  <attribute name="CPU Util currently" value="293935572442" />
<allocation-satisfied id="2734" threadId="00000000015BE700" bytesRequested="152" />
<af-end id="2735" timestamp="2019-06-14T20:52:34.296" threadId="00000000015BF088" success="true" from="nursery"/>
<exclusive-end id="2736" timestamp="2019-06-14T20:52:34.296" durationms="2.191" />

<exclusive-start id="2737" timestamp="2019-06-14T20:52:34.310" intervalms="15.536">
  <response-info timems="0.075" idlems="0.075" threads="0" lastid="00000000015BE700" lastname="main" />
</exclusive-start>
<af-start id="2738" threadId="00000000015BF088" totalBytesRequested="32" timestamp="2019-06-14T20:52:34.310" intervalms="15.524" type="nursery" />
<cycle-start id="2739" type="scavenge" contextid="0" timestamp="2019-06-14T20:52:34.310" intervalms="15.586" />
<gc-start id="2740" type="scavenge" contextid="2739" timestamp="2019-06-14T20:52:34.310">
  <mem-info id="2741" free="1956988872" total="2083651584" percent="93">
    <mem type="nursery" free="0" total="99614720" percent="0">
      <mem type="allocate" free="0" total="89653248" percent="0" />
      <mem type="survivor" free="0" total="9961472" percent="0" />
    </mem>
    <mem type="tenure" free="1956988872" total="1984036864" percent="98">
      <mem type="soa" free="1857810376" total="1884835840" percent="98" />
      <mem type="loa" free="99178496" total="99201024" percent="99" />
    </mem>
    <remembered-set count="96" />
  </mem-info>
</gc-start>
<allocation-stats totalBytes="89529648" >
  <allocated-bytes non-tlh="152" tlh="89529496" />
  <largest-consumer threadName="main" threadId="00000000015BE700" bytes="89529648" />
</allocation-stats>
<gc-op id="2742" type="scavenge" timems="0.725" contextid="2739" timestamp="2019-06-14T20:52:34.311">
  <scavenger-info tenureage="3" tenuremask="fff8" tiltratio="90" />
  <memory-copied type="nursery" objects="24" bytes="1224" bytesdiscarded="77112" />
  <memory-copied type="tenure" objects="56" bytes="1600" bytesdiscarded="0" />
</gc-op>
<heap-resize id="2743" type="expand" space="nursery" amount="3932160" count="1" timems="0.014" reason="excessive time being spent scavenging" timestamp="2019-06-14T20:52:34.311" />
<gc-end id="2744" type="scavenge" contextid="2739" durationms="1.310" usertimems="4.000" systemtimems="0.000" timestamp="2019-06-14T20:52:34.312" activeThreads="4">
  <mem-info id="2745" free="2050102728" total="2087583744" percent="98">
    <mem type="nursery" free="93113856" total="103546880" percent="89">
      <mem type="allocate" free="93113856" total="93192192" percent="99" />
      <mem type="survivor" free="0" total="10354688" percent="0" />
    </mem>
    <mem type="tenure" free="1956988872" total="1984036864" percent="98">
      <mem type="soa" free="1857810376" total="1884835840" percent="98" />
      <mem type="loa" free="99178496" total="99201024" percent="99" />
    </mem>
    <remembered-set count="86" />
  </mem-info>
</gc-end>
<cycle-end id="2746" type="scavenge" contextid="2739" timestamp="2019-06-14T20:52:34.312" />
  <attribute name="elasticGC enabled" value="1" />
  <attribute name= "numThreadsSpecified" value="4" />
  <attribute name="heapSize specified" value="2092630016" />
  <attribute name="Current GC Util" value="10" />
  <attribute name= "Current Time Running" value="18629" />
  <attribute name ="GC Interval" value="200" />
  <attribute name="ProportionalT" value="-5.000000" />
  <attribute name="ProportionalI" value="-5.000000" />
  <attribute name="ProportionalH" value="-5.000000" />
  <attribute name="Current Error" value="-10.000000" />
  <attribute name="IntegralT" value="-160.000000" />
  <attribute name="IntegralI" value="-160.000000" />
  <attribute name="IntegralH" value="-160.000000" />
  <attribute name="DerivativeT" value="-0.312500" />
  <attribute name="DerivativeI" value="-0.312500" />
  <attribute name="DerivativeH" value="-0.312500" />
  <attribute name="Loop Time for DT" value="16.000000" />
  <attribute name="Output H" value="2092630016"/>
  <attribute name="Output I" value="200"/>
  <attribute name="Output T" value="4"/>
  <attribute name="Target GC Util Change" value ="20.000000" />
  <attribute name="Current GC Util Change" value="10.000000"/>
  <attribute name="GC Util currently" value="10" />
  <attribute name="CPU Util currently" value="297506209354" />
<allocation-satisfied id="2747" threadId="00000000015BE700" bytesRequested="32" />
<af-end id="2748" timestamp="2019-06-14T20:52:34.312" threadId="00000000015BF088" success="true" from="nursery"/>
<exclusive-end id="2749" timestamp="2019-06-14T20:52:34.312" durationms="2.347" />

<exclusive-start id="2750" timestamp="2019-06-14T20:52:34.328" intervalms="18.119">
  <response-info timems="0.085" idlems="0.085" threads="0" lastid="00000000015BE700" lastname="main" />
</exclusive-start>
<af-start id="2751" threadId="00000000015BF088" totalBytesRequested="16" timestamp="2019-06-14T20:52:34.328" intervalms="18.131" type="nursery" />
<cycle-start id="2752" type="scavenge" contextid="0" timestamp="2019-06-14T20:52:34.328" intervalms="18.133" />
<gc-start id="2753" type="scavenge" contextid="2752" timestamp="2019-06-14T20:52:34.328">
  <mem-info id="2754" free="1956988872" total="2087583744" percent="93">
    <mem type="nursery" free="0" total="103546880" percent="0">
      <mem type="allocate" free="0" total="93192192" percent="0" />
      <mem type="survivor" free="0" total="10354688" percent="0" />
    </mem>
    <mem type="tenure" free="1956988872" total="1984036864" percent="98">
      <mem type="soa" free="1857810376" total="1884835840" percent="98" />
      <mem type="loa" free="99178496" total="99201024" percent="99" />
    </mem>
    <remembered-set count="88" />
  </mem-info>
</gc-start>
<allocation-stats totalBytes="93031928" >
  <allocated-bytes non-tlh="32" tlh="93031896" />
  <largest-consumer threadName="main" threadId="00000000015BE700" bytes="93031928" />
</allocation-stats>
<gc-op id="2755" type="scavenge" timems="0.543" contextid="2752" timestamp="2019-06-14T20:52:34.329">
  <scavenger-info tenureage="3" tenuremask="ffe8" tiltratio="90" />
  <memory-copied type="nursery" objects="25" bytes="1080" bytesdiscarded="77256" />
  <memory-copied type="tenure" objects="6" bytes="136" bytesdiscarded="0" />
</gc-op>
<gc-end id="2756" type="scavenge" contextid="2752" durationms="1.121" usertimems="0.000" systemtimems="0.000" timestamp="2019-06-14T20:52:34.329" activeThreads="4">
  <mem-info id="2757" free="2050102728" total="2087583744" percent="98">
    <mem type="nursery" free="93113856" total="103546880" percent="89">
      <mem type="allocate" free="93113856" total="93192192" percent="99" />
      <mem type="survivor" free="0" total="10354688" percent="0" />
    </mem>
    <mem type="tenure" free="1956988872" total="1984036864" percent="98">
      <mem type="soa" free="1857810376" total="1884835840" percent="98" />
      <mem type="loa" free="99178496" total="99201024" percent="99" />
    </mem>
    <remembered-set count="86" />
  </mem-info>
</gc-end>
<cycle-end id="2758" type="scavenge" contextid="2752" timestamp="2019-06-14T20:52:34.330" />
  <attribute name="elasticGC enabled" value="1" />
  <attribute name= "numThreadsSpecified" value="4" />
  <attribute name="heapSize specified" value="2092630016" />
  <attribute name="Current GC Util" value="9" />
  <attribute name= "Current Time Running" value="18647" />
  <attribute name ="GC Interval" value="200" />
  <attribute name="ProportionalT" value="-5.500000" />
  <attribute name="ProportionalI" value="-5.500000" />
  <attribute name="ProportionalH" value="-5.500000" />
  <attribute name="Current Error" value="-11.000000" />
  <attribute name="IntegralT" value="-198.000000" />
  <attribute name="IntegralI" value="-198.000000" />
  <attribute name="IntegralH" value="-198.000000" />
  <attribute name="DerivativeT" value="-0.305556" />
  <attribute name="DerivativeI" value="-0.305556" />
  <attribute name="DerivativeH" value="-0.305556" />
  <attribute name="Loop Time for DT" value="18.000000" />
  <attribute name="Output H" value="2092630016"/>
  <attribute name="Output I" value="200"/>
  <attribute name="Output T" value="4"/>
  <attribute name="Target GC Util Change" value ="20.000000" />
  <attribute name="Current GC Util Change" value="9.000000"/>
  <attribute name="GC Util currently" value="9" />
  <attribute name="CPU Util currently" value="253247021236" />
<allocation-satisfied id="2759" threadId="00000000015BE700" bytesRequested="16" />
<af-end id="2760" timestamp="2019-06-14T20:52:34.330" threadId="00000000015BF088" success="true" from="nursery"/>
<exclusive-end id="2761" timestamp="2019-06-14T20:52:34.330" durationms="2.069" />

<exclusive-start id="2762" timestamp="2019-06-14T20:52:34.516" intervalms="187.955">
  <response-info timems="0.075" idlems="0.075" threads="0" lastid="00000000015BE700" lastname="main" />
</exclusive-start>
<af-start id="2763" threadId="00000000015BF088" totalBytesRequested="14904" timestamp="2019-06-14T20:52:34.516" intervalms="188.015" type="nursery" />
<cycle-start id="2764" type="scavenge" contextid="0" timestamp="2019-06-14T20:52:34.516" intervalms="188.051" />
<gc-start id="2765" type="scavenge" contextid="2764" timestamp="2019-06-14T20:52:34.516">
  <mem-info id="2766" free="1956988872" total="2087583744" percent="93">
    <mem type="nursery" free="0" total="103546880" percent="0">
      <mem type="allocate" free="0" total="93192192" percent="0" />
      <mem type="survivor" free="0" total="10354688" percent="0" />
    </mem>
    <mem type="tenure" free="1956988872" total="1984036864" percent="98">
      <mem type="soa" free="1857810376" total="1884835840" percent="98" />
      <mem type="loa" free="99178496" total="99201024" percent="99" />
    </mem>
    <remembered-set count="100" />
  </mem-info>
</gc-start>
<allocation-stats totalBytes="92781936" >
  <allocated-bytes non-tlh="16" tlh="92781920" />
  <largest-consumer threadName="main" threadId="00000000015BE700" bytes="92781936" />
</allocation-stats>
<gc-op id="2767" type="scavenge" timems="0.581" contextid="2764" timestamp="2019-06-14T20:52:34.517">
  <scavenger-info tenureage="3" tenuremask="ffe8" tiltratio="90" />
  <memory-copied type="nursery" objects="78" bytes="37544" bytesdiscarded="40792" />
</gc-op>
<gc-end id="2768" type="scavenge" contextid="2764" durationms="1.288" usertimems="0.000" systemtimems="0.000" timestamp="2019-06-14T20:52:34.518" activeThreads="4">
  <mem-info id="2769" free="2050102728" total="2087583744" percent="98">
    <mem type="nursery" free="93113856" total="103546880" percent="89">
      <mem type="allocate" free="93113856" total="93192192" percent="99" />
      <mem type="survivor" free="0" total="10354688" percent="0" />
    </mem>
    <mem type="tenure" free="1956988872" total="1984036864" percent="98">
      <mem type="soa" free="1857810376" total="1884835840" percent="98" />
      <mem type="loa" free="99178496" total="99201024" percent="99" />
    </mem>
    <remembered-set count="100" />
  </mem-info>
</gc-end>
<cycle-end id="2770" type="scavenge" contextid="2764" timestamp="2019-06-14T20:52:34.518" />
  <attribute name="elasticGC enabled" value="1" />
  <attribute name= "numThreadsSpecified" value="4" />
  <attribute name="heapSize specified" value="2092630016" />
  <attribute name="Current GC Util" value="0" />
  <attribute name= "Current Time Running" value="18835" />
  <attribute name ="GC Interval" value="200" />
  <attribute name="ProportionalT" value="-10.000000" />
  <attribute name="ProportionalI" value="-10.000000" />
  <attribute name="ProportionalH" value="-10.000000" />
  <attribute name="Current Error" value="-20.000000" />
  <attribute name="IntegralT" value="-3760.000000" />
  <attribute name="IntegralI" value="-3760.000000" />
  <attribute name="IntegralH" value="-3760.000000" />
  <attribute name="DerivativeT" value="-0.053191" />
  <attribute name="DerivativeI" value="-0.053191" />
  <attribute name="DerivativeH" value="-0.053191" />
  <attribute name="Loop Time for DT" value="188.000000" />
  <attribute name="Output H" value="2092630016"/>
  <attribute name="Output I" value="200"/>
  <attribute name="Output T" value="4"/>
  <attribute name="Target GC Util Change" value ="20.000000" />
  <attribute name="Current GC Util Change" value="0.000000"/>
  <attribute name="GC Util currently" value="0" />
  <attribute name="CPU Util currently" value="24510360262" />
<allocation-satisfied id="2771" threadId="00000000015BE700" bytesRequested="14904" />
<af-end id="2772" timestamp="2019-06-14T20:52:34.518" threadId="00000000015BF088" success="true" from="nursery"/>
<exclusive-end id="2773" timestamp="2019-06-14T20:52:34.518" durationms="2.509" />

<exclusive-start id="2774" timestamp="2019-06-14T20:52:34.648" intervalms="132.114">
  <response-info timems="0.088" idlems="0.088" threads="0" lastid="00000000015BE700" lastname="main" />
</exclusive-start>
<af-start id="2775" threadId="00000000015BF088" totalBytesRequested="16" timestamp="2019-06-14T20:52:34.648" intervalms="132.127" type="nursery" />
<cycle-start id="2776" type="scavenge" contextid="0" timestamp="2019-06-14T20:52:34.648" intervalms="132.114" />
<gc-start id="2777" type="scavenge" contextid="2776" timestamp="2019-06-14T20:52:34.649">
  <mem-info id="2778" free="1956988872" total="2087583744" percent="93">
    <mem type="nursery" free="0" total="103546880" percent="0">
      <mem type="allocate" free="0" total="93192192" percent="0" />
      <mem type="survivor" free="0" total="10354688" percent="0" />
    </mem>
    <mem type="tenure" free="1956988872" total="1984036864" percent="98">
      <mem type="soa" free="1857810376" total="1884835840" percent="98" />
      <mem type="loa" free="99178496" total="99201024" percent="99" />
    </mem>
    <remembered-set count="112" />
  </mem-info>
</gc-start>
<allocation-stats totalBytes="93104032" >
  <allocated-bytes non-tlh="14904" tlh="93089128" />
  <largest-consumer threadName="main" threadId="00000000015BE700" bytes="93104032" />
</allocation-stats>
<gc-op id="2779" type="scavenge" timems="0.580" contextid="2776" timestamp="2019-06-14T20:52:34.649">
  <scavenger-info tenureage="3" tenuremask="fff8" tiltratio="90" />
  <memory-copied type="nursery" objects="90" bytes="2352" bytesdiscarded="75984" />
</gc-op>
<gc-end id="2780" type="scavenge" contextid="2776" durationms="1.257" usertimems="0.000" systemtimems="0.000" timestamp="2019-06-14T20:52:34.650" activeThreads="4">
  <mem-info id="2781" free="2050102728" total="2087583744" percent="98">
    <mem type="nursery" free="93113856" total="103546880" percent="89">
      <mem type="allocate" free="93113856" total="93192192" percent="99" />
      <mem type="survivor" free="0" total="10354688" percent="0" />
    </mem>
    <mem type="tenure" free="1956988872" total="1984036864" percent="98">
      <mem type="soa" free="1857810376" total="1884835840" percent="98" />
      <mem type="loa" free="99178496" total="99201024" percent="99" />
    </mem>
    <remembered-set count="112" />
  </mem-info>
</gc-end>
<cycle-end id="2782" type="scavenge" contextid="2776" timestamp="2019-06-14T20:52:34.650" />
  <attribute name="elasticGC enabled" value="1" />
  <attribute name= "numThreadsSpecified" value="4" />
  <attribute name="heapSize specified" value="2092630016" />
  <attribute name="Current GC Util" value="1" />
  <attribute name= "Current Time Running" value="18967" />
  <attribute name ="GC Interval" value="200" />
  <attribute name="ProportionalT" value="-9.500000" />
  <attribute name="ProportionalI" value="-9.500000" />
  <attribute name="ProportionalH" value="-9.500000" />
  <attribute name="Current Error" value="-19.000000" />
  <attribute name="IntegralT" value="-2508.000000" />
  <attribute name="IntegralI" value="-2508.000000" />
  <attribute name="IntegralH" value="-2508.000000" />
  <attribute name="DerivativeT" value="-0.071970" />
  <attribute name="DerivativeI" value="-0.071970" />
  <attribute name="DerivativeH" value="-0.071970" />
  <attribute name="Loop Time for DT" value="132.000000" />
  <attribute name="Output H" value="2092630016"/>
  <attribute name="Output I" value="200"/>
  <attribute name="Output T" value="4"/>
  <attribute name="Target GC Util Change" value ="20.000000" />
  <attribute name="Current GC Util Change" value="1.000000"/>
  <attribute name="GC Util currently" value="1" />
  <attribute name="CPU Util currently" value="34911818069" />
<allocation-satisfied id="2783" threadId="00000000015BE700" bytesRequested="16" />
<af-end id="2784" timestamp="2019-06-14T20:52:34.650" threadId="00000000015BF088" success="true" from="nursery"/>
<exclusive-end id="2785" timestamp="2019-06-14T20:52:34.650" durationms="2.536" />

<exclusive-start id="2786" timestamp="2019-06-14T20:52:34.712" intervalms="63.945">
  <response-info timems="0.163" idlems="0.163" threads="0" lastid="00000000015BE700" lastname="main" />
</exclusive-start>
<af-start id="2787" threadId="00000000015BF088" totalBytesRequested="80" timestamp="2019-06-14T20:52:34.712" intervalms="63.892" type="nursery" />
<cycle-start id="2788" type="scavenge" contextid="0" timestamp="2019-06-14T20:52:34.712" intervalms="63.849" />
<gc-start id="2789" type="scavenge" contextid="2788" timestamp="2019-06-14T20:52:34.712">
  <mem-info id="2790" free="1956988872" total="2087583744" percent="93">
    <mem type="nursery" free="0" total="103546880" percent="0">
      <mem type="allocate" free="0" total="93192192" percent="0" />
      <mem type="survivor" free="0" total="10354688" percent="0" />
    </mem>
    <mem type="tenure" free="1956988872" total="1984036864" percent="98">
      <mem type="soa" free="1857810376" total="1884835840" percent="98" />
      <mem type="loa" free="99178496" total="99201024" percent="99" />
    </mem>
    <remembered-set count="116" />
  </mem-info>
</gc-start>
<allocation-stats totalBytes="93093784" >
  <allocated-bytes non-tlh="16" tlh="93093768" />
  <largest-consumer threadName="main" threadId="00000000015BE700" bytes="93093784" />
</allocation-stats>
<gc-op id="2791" type="scavenge" timems="0.568" contextid="2788" timestamp="2019-06-14T20:52:34.713">
  <scavenger-info tenureage="3" tenuremask="fff8" tiltratio="90" />
  <memory-copied type="nursery" objects="111" bytes="3176" bytesdiscarded="75160" />
  <memory-copied type="tenure" objects="6" bytes="136" bytesdiscarded="0" />
</gc-op>
<gc-end id="2792" type="scavenge" contextid="2788" durationms="1.129" usertimems="4.000" systemtimems="0.000" timestamp="2019-06-14T20:52:34.713" activeThreads="4">
  <mem-info id="2793" free="2050102728" total="2087583744" percent="98">
    <mem type="nursery" free="93113856" total="103546880" percent="89">
      <mem type="allocate" free="93113856" total="93192192" percent="99" />
      <mem type="survivor" free="0" total="10354688" percent="0" />
    </mem>
    <mem type="tenure" free="1956988872" total="1984036864" percent="98">
      <mem type="soa" free="1857810376" total="1884835840" percent="98" />
      <mem type="loa" free="99178496" total="99201024" percent="99" />
    </mem>
    <remembered-set count="114" />
  </mem-info>
</gc-end>
<cycle-end id="2794" type="scavenge" contextid="2788" timestamp="2019-06-14T20:52:34.714" />
  <attribute name="elasticGC enabled" value="1" />
  <attribute name= "numThreadsSpecified" value="4" />
  <attribute name="heapSize specified" value="2092630016" />
  <attribute name="Current GC Util" value="2" />
  <attribute name= "Current Time Running" value="19031" />
  <attribute name ="GC Interval" value="200" />
  <attribute name="ProportionalT" value="-9.000000" />
  <attribute name="ProportionalI" value="-9.000000" />
  <attribute name="ProportionalH" value="-9.000000" />
  <attribute name="Current Error" value="-18.000000" />
  <attribute name="IntegralT" value="-1152.000000" />
  <attribute name="IntegralI" value="-1152.000000" />
  <attribute name="IntegralH" value="-1152.000000" />
  <attribute name="DerivativeT" value="-0.140625" />
  <attribute name="DerivativeI" value="-0.140625" />
  <attribute name="DerivativeH" value="-0.140625" />
  <attribute name="Loop Time for DT" value="64.000000" />
  <attribute name="Output H" value="2092630016"/>
  <attribute name="Output I" value="200"/>
  <attribute name="Output T" value="4"/>
  <attribute name="Target GC Util Change" value ="20.000000" />
  <attribute name="Current GC Util Change" value="2.000000"/>
  <attribute name="GC Util currently" value="2" />
  <attribute name="CPU Util currently" value="72346730826" />
<allocation-satisfied id="2795" threadId="00000000015BE700" bytesRequested="80" />
<af-end id="2796" timestamp="2019-06-14T20:52:34.714" threadId="00000000015BF088" success="true" from="nursery"/>
<exclusive-end id="2797" timestamp="2019-06-14T20:52:34.714" durationms="2.217" />

<exclusive-start id="2798" timestamp="2019-06-14T20:52:34.803" intervalms="91.338">
  <response-info timems="0.076" idlems="0.076" threads="0" lastid="00000000015BE700" lastname="main" />
</exclusive-start>
<af-start id="2799" threadId="00000000015BF088" totalBytesRequested="24" timestamp="2019-06-14T20:52:34.803" intervalms="91.360" type="nursery" />
<cycle-start id="2800" type="scavenge" contextid="0" timestamp="2019-06-14T20:52:34.804" intervalms="91.397" />
<gc-start id="2801" type="scavenge" contextid="2800" timestamp="2019-06-14T20:52:34.804">
  <mem-info id="2802" free="1956988872" total="2087583744" percent="93">
    <mem type="nursery" free="0" total="103546880" percent="0">
      <mem type="allocate" free="0" total="93192192" percent="0" />
      <mem type="survivor" free="0" total="10354688" percent="0" />
    </mem>
    <mem type="tenure" free="1956988872" total="1984036864" percent="98">
      <mem type="soa" free="1857810376" total="1884835840" percent="98" />
      <mem type="loa" free="99178496" total="99201024" percent="99" />
    </mem>
    <remembered-set count="120" />
  </mem-info>
</gc-start>
<allocation-stats totalBytes="93097440" >
  <allocated-bytes non-tlh="80" tlh="93097360" />
  <largest-consumer threadName="main" threadId="00000000015BE700" bytes="93097440" />
</allocation-stats>
<gc-op id="2803" type="scavenge" timems="0.431" contextid="2800" timestamp="2019-06-14T20:52:34.805">
  <scavenger-info tenureage="3" tenuremask="ffe8" tiltratio="90" />
  <memory-copied type="nursery" objects="82" bytes="2184" bytesdiscarded="76152" />
  <memory-copied type="tenure" objects="42" bytes="952" bytesdiscarded="0" />
</gc-op>
<gc-end id="2804" type="scavenge" contextid="2800" durationms="1.108" usertimems="4.000" systemtimems="0.000" timestamp="2019-06-14T20:52:34.805" activeThreads="4">
  <mem-info id="2805" free="2050102728" total="2087583744" percent="98">
    <mem type="nursery" free="93113856" total="103546880" percent="89">
      <mem type="allocate" free="93113856" total="93192192" percent="99" />
      <mem type="survivor" free="0" total="10354688" percent="0" />
    </mem>
    <mem type="tenure" free="1956988872" total="1984036864" percent="98">
      <mem type="soa" free="1857810376" total="1884835840" percent="98" />
      <mem type="loa" free="99178496" total="99201024" percent="99" />
    </mem>
    <remembered-set count="106" />
  </mem-info>
</gc-end>
<cycle-end id="2806" type="scavenge" contextid="2800" timestamp="2019-06-14T20:52:34.805" />
  <attribute name="elasticGC enabled" value="1" />
  <attribute name= "numThreadsSpecified" value="4" />
  <attribute name="heapSize specified" value="2092630016" />
  <attribute name="Current GC Util" value="1" />
  <attribute name= "Current Time Running" value="19123" />
  <attribute name ="GC Interval" value="200" />
  <attribute name="ProportionalT" value="-9.500000" />
  <attribute name="ProportionalI" value="-9.500000" />
  <attribute name="ProportionalH" value="-9.500000" />
  <attribute name="Current Error" value="-19.000000" />
  <attribute name="IntegralT" value="-1748.000000" />
  <attribute name="IntegralI" value="-1748.000000" />
  <attribute name="IntegralH" value="-1748.000000" />
  <attribute name="DerivativeT" value="-0.103261" />
  <attribute name="DerivativeI" value="-0.103261" />
  <attribute name="DerivativeH" value="-0.103261" />
  <attribute name="Loop Time for DT" value="92.000000" />
  <attribute name="Output H" value="2092630016"/>
  <attribute name="Output I" value="200"/>
  <attribute name="Output T" value="4"/>
  <attribute name="Target GC Util Change" value ="20.000000" />
  <attribute name="Current GC Util Change" value="1.000000"/>
  <attribute name="GC Util currently" value="1" />
  <attribute name="CPU Util currently" value="50395438233" />
<allocation-satisfied id="2807" threadId="00000000015BE700" bytesRequested="24" />
<af-end id="2808" timestamp="2019-06-14T20:52:34.805" threadId="00000000015BF088" success="true" from="nursery"/>
<exclusive-end id="2809" timestamp="2019-06-14T20:52:34.805" durationms="2.192" />

<exclusive-start id="2810" timestamp="2019-06-14T20:52:34.882" intervalms="78.672">
  <response-info timems="0.088" idlems="0.088" threads="0" lastid="00000000015BE700" lastname="main" />
</exclusive-start>
<af-start id="2811" threadId="00000000015BF088" totalBytesRequested="24" timestamp="2019-06-14T20:52:34.882" intervalms="78.671" type="nursery" />
<cycle-start id="2812" type="scavenge" contextid="0" timestamp="2019-06-14T20:52:34.882" intervalms="78.681" />
<gc-start id="2813" type="scavenge" contextid="2812" timestamp="2019-06-14T20:52:34.882">
  <mem-info id="2814" free="1956988872" total="2087583744" percent="93">
    <mem type="nursery" free="0" total="103546880" percent="0">
      <mem type="allocate" free="0" total="93192192" percent="0" />
      <mem type="survivor" free="0" total="10354688" percent="0" />
    </mem>
    <mem type="tenure" free="1956988872" total="1984036864" percent="98">
      <mem type="soa" free="1857810376" total="1884835840" percent="98" />
      <mem type="loa" free="99178496" total="99201024" percent="99" />
    </mem>
    <remembered-set count="112" />
  </mem-info>
</gc-start>
<allocation-stats totalBytes="93106640" >
  <allocated-bytes non-tlh="24" tlh="93106616" />
  <largest-consumer threadName="main" threadId="00000000015BE700" bytes="93106640" />
</allocation-stats>
<gc-op id="2815" type="scavenge" timems="0.455" contextid="2812" timestamp="2019-06-14T20:52:34.883">
  <scavenger-info tenureage="3" tenuremask="ffe8" tiltratio="90" />
  <memory-copied type="nursery" objects="62" bytes="1600" bytesdiscarded="76736" />
  <memory-copied type="tenure" objects="28" bytes="712" bytesdiscarded="0" />
</gc-op>
<gc-end id="2816" type="scavenge" contextid="2812" durationms="1.178" usertimems="0.000" systemtimems="4.000" timestamp="2019-06-14T20:52:34.884" activeThreads="4">
  <mem-info id="2817" free="2050102728" total="2087583744" percent="98">
    <mem type="nursery" free="93113856" total="103546880" percent="89">
      <mem type="allocate" free="93113856" total="93192192" percent="99" />
      <mem type="survivor" free="0" total="10354688" percent="0" />
    </mem>
    <mem type="tenure" free="1956988872" total="1984036864" percent="98">
      <mem type="soa" free="1857810376" total="1884835840" percent="98" />
      <mem type="loa" free="99178496" total="99201024" percent="99" />
    </mem>
    <remembered-set count="101" />
  </mem-info>
</gc-end>
<cycle-end id="2818" type="scavenge" contextid="2812" timestamp="2019-06-14T20:52:34.884" />
  <attribute name="elasticGC enabled" value="1" />
  <attribute name= "numThreadsSpecified" value="4" />
  <attribute name="heapSize specified" value="2092630016" />
  <attribute name="Current GC Util" value="1" />
  <attribute name= "Current Time Running" value="19201" />
  <attribute name ="GC Interval" value="200" />
  <attribute name="ProportionalT" value="-9.500000" />
  <attribute name="ProportionalI" value="-9.500000" />
  <attribute name="ProportionalH" value="-9.500000" />
  <attribute name="Current Error" value="-19.000000" />
  <attribute name="IntegralT" value="-1482.000000" />
  <attribute name="IntegralI" value="-1482.000000" />
  <attribute name="IntegralH" value="-1482.000000" />
  <attribute name="DerivativeT" value="-0.121795" />
  <attribute name="DerivativeI" value="-0.121795" />
  <attribute name="DerivativeH" value="-0.121795" />
  <attribute name="Loop Time for DT" value="78.000000" />
  <attribute name="Output H" value="2092630016"/>
  <attribute name="Output I" value="200"/>
  <attribute name="Output T" value="4"/>
  <attribute name="Target GC Util Change" value ="20.000000" />
  <attribute name="Current GC Util Change" value="1.000000"/>
  <attribute name="GC Util currently" value="1" />
  <attribute name="CPU Util currently" value="58585925779" />
<allocation-satisfied id="2819" threadId="00000000015BE700" bytesRequested="24" />
<af-end id="2820" timestamp="2019-06-14T20:52:34.884" threadId="00000000015BF088" success="true" from="nursery"/>
<exclusive-end id="2821" timestamp="2019-06-14T20:52:34.884" durationms="2.415" />

<exclusive-start id="2822" timestamp="2019-06-14T20:52:34.997" intervalms="115.248">
  <response-info timems="0.074" idlems="0.074" threads="0" lastid="00000000015BE700" lastname="main" />
</exclusive-start>
<af-start id="2823" threadId="00000000015BF088" totalBytesRequested="32" timestamp="2019-06-14T20:52:34.997" intervalms="115.237" type="nursery" />
<cycle-start id="2824" type="scavenge" contextid="0" timestamp="2019-06-14T20:52:34.997" intervalms="115.182" />
<gc-start id="2825" type="scavenge" contextid="2824" timestamp="2019-06-14T20:52:34.998">
  <mem-info id="2826" free="1956988872" total="2087583744" percent="93">
    <mem type="nursery" free="0" total="103546880" percent="0">
      <mem type="allocate" free="0" total="93192192" percent="0" />
      <mem type="survivor" free="0" total="10354688" percent="0" />
    </mem>
    <mem type="tenure" free="1956988872" total="1984036864" percent="98">
      <mem type="soa" free="1857810376" total="1884835840" percent="98" />
      <mem type="loa" free="99178496" total="99201024" percent="99" />
    </mem>
    <remembered-set count="111" />
  </mem-info>
</gc-start>
<allocation-stats totalBytes="93107344" >
  <allocated-bytes non-tlh="24" tlh="93107320" />
  <largest-consumer threadName="main" threadId="00000000015BE700" bytes="93107344" />
</allocation-stats>
<gc-op id="2827" type="scavenge" timems="0.546" contextid="2824" timestamp="2019-06-14T20:52:34.998">
  <scavenger-info tenureage="3" tenuremask="ffe8" tiltratio="90" />
  <memory-copied type="nursery" objects="89" bytes="2232" bytesdiscarded="76104" />
  <memory-copied type="tenure" objects="13" bytes="320" bytesdiscarded="0" />
</gc-op>
<gc-end id="2828" type="scavenge" contextid="2824" durationms="1.102" usertimems="4.000" systemtimems="0.000" timestamp="2019-06-14T20:52:34.999" activeThreads="4">
  <mem-info id="2829" free="2050102728" total="2087583744" percent="98">
    <mem type="nursery" free="93113856" total="103546880" percent="89">
      <mem type="allocate" free="93113856" total="93192192" percent="99" />
      <mem type="survivor" free="0" total="10354688" percent="0" />
    </mem>
    <mem type="tenure" free="1956988872" total="1984036864" percent="98">
      <mem type="soa" free="1857810376" total="1884835840" percent="98" />
      <mem type="loa" free="99178496" total="99201024" percent="99" />
    </mem>
    <remembered-set count="106" />
  </mem-info>
</gc-end>
<cycle-end id="2830" type="scavenge" contextid="2824" timestamp="2019-06-14T20:52:34.999" />
  <attribute name="elasticGC enabled" value="1" />
  <attribute name= "numThreadsSpecified" value="4" />
  <attribute name="heapSize specified" value="2092630016" />
  <attribute name="Current GC Util" value="1" />
  <attribute name= "Current Time Running" value="19316" />
  <attribute name ="GC Interval" value="200" />
  <attribute name="ProportionalT" value="-9.500000" />
  <attribute name="ProportionalI" value="-9.500000" />
  <attribute name="ProportionalH" value="-9.500000" />
  <attribute name="Current Error" value="-19.000000" />
  <attribute name="IntegralT" value="-2185.000000" />
  <attribute name="IntegralI" value="-2185.000000" />
  <attribute name="IntegralH" value="-2185.000000" />
  <attribute name="DerivativeT" value="-0.082609" />
  <attribute name="DerivativeI" value="-0.082609" />
  <attribute name="DerivativeH" value="-0.082609" />
  <attribute name="Loop Time for DT" value="115.000000" />
  <attribute name="Output H" value="2092630016"/>
  <attribute name="Output I" value="200"/>
  <attribute name="Output T" value="4"/>
  <attribute name="Target GC Util Change" value ="20.000000" />
  <attribute name="Current GC Util Change" value="1.000000"/>
  <attribute name="GC Util currently" value="1" />
  <attribute name="CPU Util currently" value="40105110015" />
<allocation-satisfied id="2831" threadId="00000000015BE700" bytesRequested="32" />
<af-end id="2832" timestamp="2019-06-14T20:52:34.999" threadId="00000000015BF088" success="true" from="nursery"/>
<exclusive-end id="2833" timestamp="2019-06-14T20:52:34.999" durationms="2.223" />

<exclusive-start id="2834" timestamp="2019-06-14T20:52:35.113" intervalms="115.820">
  <response-info timems="0.081" idlems="0.081" threads="0" lastid="00000000015BE700" lastname="main" />
</exclusive-start>
<af-start id="2835" threadId="00000000015BF088" totalBytesRequested="32" timestamp="2019-06-14T20:52:35.113" intervalms="115.858" type="nursery" />
<cycle-start id="2836" type="scavenge" contextid="0" timestamp="2019-06-14T20:52:35.113" intervalms="115.920" />
<gc-start id="2837" type="scavenge" contextid="2836" timestamp="2019-06-14T20:52:35.114">
  <mem-info id="2838" free="1956988872" total="2087583744" percent="93">
    <mem type="nursery" free="0" total="103546880" percent="0">
      <mem type="allocate" free="0" total="93192192" percent="0" />
      <mem type="survivor" free="0" total="10354688" percent="0" />
    </mem>
    <mem type="tenure" free="1956988872" total="1984036864" percent="98">
      <mem type="soa" free="1857810376" total="1884835840" percent="98" />
      <mem type="loa" free="99178496" total="99201024" percent="99" />
    </mem>
    <remembered-set count="114" />
  </mem-info>
</gc-start>
<allocation-stats totalBytes="93099800" >
  <allocated-bytes non-tlh="32" tlh="93099768" />
  <largest-consumer threadName="main" threadId="00000000015BE700" bytes="93099800" />
</allocation-stats>
<gc-op id="2839" type="scavenge" timems="0.392" contextid="2836" timestamp="2019-06-14T20:52:35.114">
  <scavenger-info tenureage="3" tenuremask="ffe8" tiltratio="90" />
  <memory-copied type="nursery" objects="100" bytes="3216" bytesdiscarded="75120" />
  <memory-copied type="tenure" objects="18" bytes="408" bytesdiscarded="0" />
</gc-op>
<gc-end id="2840" type="scavenge" contextid="2836" durationms="1.044" usertimems="0.000" systemtimems="0.000" timestamp="2019-06-14T20:52:35.115" activeThreads="4">
  <mem-info id="2841" free="2050102728" total="2087583744" percent="98">
    <mem type="nursery" free="93113856" total="103546880" percent="89">
      <mem type="allocate" free="93113856" total="93192192" percent="99" />
      <mem type="survivor" free="0" total="10354688" percent="0" />
    </mem>
    <mem type="tenure" free="1956988872" total="1984036864" percent="98">
      <mem type="soa" free="1857810376" total="1884835840" percent="98" />
      <mem type="loa" free="99178496" total="99201024" percent="99" />
    </mem>
    <remembered-set count="108" />
  </mem-info>
</gc-end>
<cycle-end id="2842" type="scavenge" contextid="2836" timestamp="2019-06-14T20:52:35.115" />
  <attribute name="elasticGC enabled" value="1" />
  <attribute name= "numThreadsSpecified" value="4" />
  <attribute name="heapSize specified" value="2092630016" />
  <attribute name="Current GC Util" value="1" />
  <attribute name= "Current Time Running" value="19432" />
  <attribute name ="GC Interval" value="200" />
  <attribute name="ProportionalT" value="-9.500000" />
  <attribute name="ProportionalI" value="-9.500000" />
  <attribute name="ProportionalH" value="-9.500000" />
  <attribute name="Current Error" value="-19.000000" />
  <attribute name="IntegralT" value="-2204.000000" />
  <attribute name="IntegralI" value="-2204.000000" />
  <attribute name="IntegralH" value="-2204.000000" />
  <attribute name="DerivativeT" value="-0.081897" />
  <attribute name="DerivativeI" value="-0.081897" />
  <attribute name="DerivativeH" value="-0.081897" />
  <attribute name="Loop Time for DT" value="116.000000" />
  <attribute name="Output H" value="2092630016"/>
  <attribute name="Output I" value="200"/>
  <attribute name="Output T" value="4"/>
  <attribute name="Target GC Util Change" value ="20.000000" />
  <attribute name="Current GC Util Change" value="1.000000"/>
  <attribute name="GC Util currently" value="1" />
  <attribute name="CPU Util currently" value="39753105020" />
<allocation-satisfied id="2843" threadId="00000000015BE700" bytesRequested="32" />
<af-end id="2844" timestamp="2019-06-14T20:52:35.115" threadId="00000000015BF088" success="true" from="nursery"/>
<exclusive-end id="2845" timestamp="2019-06-14T20:52:35.115" durationms="2.342" />

<exclusive-start id="2846" timestamp="2019-06-14T20:52:35.252" intervalms="138.676">
  <response-info timems="0.096" idlems="0.096" threads="0" lastid="00000000015BE700" lastname="main" />
</exclusive-start>
<af-start id="2847" threadId="00000000015BF088" totalBytesRequested="32" timestamp="2019-06-14T20:52:35.252" intervalms="138.692" type="nursery" />
<cycle-start id="2848" type="scavenge" contextid="0" timestamp="2019-06-14T20:52:35.252" intervalms="138.685" />
<gc-start id="2849" type="scavenge" contextid="2848" timestamp="2019-06-14T20:52:35.252">
  <mem-info id="2850" free="1956988872" total="2087583744" percent="93">
    <mem type="nursery" free="0" total="103546880" percent="0">
      <mem type="allocate" free="0" total="93192192" percent="0" />
      <mem type="survivor" free="0" total="10354688" percent="0" />
    </mem>
    <mem type="tenure" free="1956988872" total="1984036864" percent="98">
      <mem type="soa" free="1857810376" total="1884835840" percent="98" />
      <mem type="loa" free="99178496" total="99201024" percent="99" />
    </mem>
    <remembered-set count="110" />
  </mem-info>
</gc-start>
<allocation-stats totalBytes="93077104" >
  <allocated-bytes non-tlh="32" tlh="93077072" />
  <largest-consumer threadName="main" threadId="00000000015BE700" bytes="93077104" />
</allocation-stats>
<gc-op id="2851" type="scavenge" timems="0.442" contextid="2848" timestamp="2019-06-14T20:52:35.253">
  <scavenger-info tenureage="3" tenuremask="ffe8" tiltratio="90" />
  <memory-copied type="nursery" objects="79" bytes="1976" bytesdiscarded="76360" />
  <memory-copied type="tenure" objects="18" bytes="408" bytesdiscarded="0" />
</gc-op>
<gc-end id="2852" type="scavenge" contextid="2848" durationms="1.114" usertimems="0.000" systemtimems="0.000" timestamp="2019-06-14T20:52:35.253" activeThreads="4">
  <mem-info id="2853" free="2050102728" total="2087583744" percent="98">
    <mem type="nursery" free="93113856" total="103546880" percent="89">
      <mem type="allocate" free="93113856" total="93192192" percent="99" />
      <mem type="survivor" free="0" total="10354688" percent="0" />
    </mem>
    <mem type="tenure" free="1956988872" total="1984036864" percent="98">
      <mem type="soa" free="1857810376" total="1884835840" percent="98" />
      <mem type="loa" free="99178496" total="99201024" percent="99" />
    </mem>
    <remembered-set count="104" />
  </mem-info>
</gc-end>
<cycle-end id="2854" type="scavenge" contextid="2848" timestamp="2019-06-14T20:52:35.254" />
  <attribute name="elasticGC enabled" value="1" />
  <attribute name= "numThreadsSpecified" value="4" />
  <attribute name="heapSize specified" value="2092630016" />
  <attribute name="Current GC Util" value="0" />
  <attribute name= "Current Time Running" value="19571" />
  <attribute name ="GC Interval" value="200" />
  <attribute name="ProportionalT" value="-10.000000" />
  <attribute name="ProportionalI" value="-10.000000" />
  <attribute name="ProportionalH" value="-10.000000" />
  <attribute name="Current Error" value="-20.000000" />
  <attribute name="IntegralT" value="-2780.000000" />
  <attribute name="IntegralI" value="-2780.000000" />
  <attribute name="IntegralH" value="-2780.000000" />
  <attribute name="DerivativeT" value="-0.071942" />
  <attribute name="DerivativeI" value="-0.071942" />
  <attribute name="DerivativeH" value="-0.071942" />
  <attribute name="Loop Time for DT" value="139.000000" />
  <attribute name="Output H" value="2092630016"/>
  <attribute name="Output I" value="200"/>
  <attribute name="Output T" value="4"/>
  <attribute name="Target GC Util Change" value ="20.000000" />
  <attribute name="Current GC Util Change" value="0.000000"/>
  <attribute name="GC Util currently" value="0" />
  <attribute name="CPU Util currently" value="33243037828" />
<allocation-satisfied id="2855" threadId="00000000015BE700" bytesRequested="32" />
<af-end id="2856" timestamp="2019-06-14T20:52:35.254" threadId="00000000015BF088" success="true" from="nursery"/>
<exclusive-end id="2857" timestamp="2019-06-14T20:52:35.254" durationms="2.280" />

<exclusive-start id="2858" timestamp="2019-06-14T20:52:35.270" intervalms="18.271">
  <response-info timems="0.081" idlems="0.081" threads="0" lastid="00000000015BE700" lastname="main" />
</exclusive-start>
<af-start id="2859" threadId="00000000015BF088" totalBytesRequested="32" timestamp="2019-06-14T20:52:35.270" intervalms="18.259" type="nursery" />
<cycle-start id="2860" type="scavenge" contextid="0" timestamp="2019-06-14T20:52:35.270" intervalms="18.247" />
<gc-start id="2861" type="scavenge" contextid="2860" timestamp="2019-06-14T20:52:35.270">
  <mem-info id="2862" free="1956988872" total="2087583744" percent="93">
    <mem type="nursery" free="0" total="103546880" percent="0">
      <mem type="allocate" free="0" total="93192192" percent="0" />
      <mem type="survivor" free="0" total="10354688" percent="0" />
    </mem>
    <mem type="tenure" free="1956988872" total="1984036864" percent="98">
      <mem type="soa" free="1857810376" total="1884835840" percent="98" />
      <mem type="loa" free="99178496" total="99201024" percent="99" />
    </mem>
    <remembered-set count="106" />
  </mem-info>
</gc-start>
<allocation-stats totalBytes="92969080" >
  <allocated-bytes non-tlh="32" tlh="92969048" />
  <largest-consumer threadName="main" threadId="00000000015BE700" bytes="92969080" />
</allocation-stats>
<gc-op id="2863" type="scavenge" timems="0.429" contextid="2860" timestamp="2019-06-14T20:52:35.271">
  <scavenger-info tenureage="3" tenuremask="ffe8" tiltratio="90" />
  <memory-copied type="nursery" objects="54" bytes="2464" bytesdiscarded="75872" />
  <memory-copied type="tenure" objects="30" bytes="680" bytesdiscarded="0" />
</gc-op>
<gc-end id="2864" type="scavenge" contextid="2860" durationms="1.132" usertimems="0.000" systemtimems="0.000" timestamp="2019-06-14T20:52:35.272" activeThreads="4">
  <mem-info id="2865" free="2050102728" total="2087583744" percent="98">
    <mem type="nursery" free="93113856" total="103546880" percent="89">
      <mem type="allocate" free="93113856" total="93192192" percent="99" />
      <mem type="survivor" free="0" total="10354688" percent="0" />
    </mem>
    <mem type="tenure" free="1956988872" total="1984036864" percent="98">
      <mem type="soa" free="1857810376" total="1884835840" percent="98" />
      <mem type="loa" free="99178496" total="99201024" percent="99" />
    </mem>
    <remembered-set count="96" />
  </mem-info>
</gc-end>
<cycle-end id="2866" type="scavenge" contextid="2860" timestamp="2019-06-14T20:52:35.272" />
  <attribute name="elasticGC enabled" value="1" />
  <attribute name= "numThreadsSpecified" value="4" />
  <attribute name="heapSize specified" value="2092630016" />
  <attribute name="Current GC Util" value="6" />
  <attribute name= "Current Time Running" value="19589" />
  <attribute name ="GC Interval" value="200" />
  <attribute name="ProportionalT" value="-7.000000" />
  <attribute name="ProportionalI" value="-7.000000" />
  <attribute name="ProportionalH" value="-7.000000" />
  <attribute name="Current Error" value="-14.000000" />
  <attribute name="IntegralT" value="-252.000000" />
  <attribute name="IntegralI" value="-252.000000" />
  <attribute name="IntegralH" value="-252.000000" />
  <attribute name="DerivativeT" value="-0.388889" />
  <attribute name="DerivativeI" value="-0.388889" />
  <attribute name="DerivativeH" value="-0.388889" />
  <attribute name="Loop Time for DT" value="18.000000" />
  <attribute name="Output H" value="2092630016"/>
  <attribute name="Output I" value="200"/>
  <attribute name="Output T" value="4"/>
  <attribute name="Target GC Util Change" value ="20.000000" />
  <attribute name="Current GC Util Change" value="6.000000"/>
  <attribute name="GC Util currently" value="6" />
  <attribute name="CPU Util currently" value="252624485163" />
<allocation-satisfied id="2867" threadId="00000000015BE700" bytesRequested="32" />
<af-end id="2868" timestamp="2019-06-14T20:52:35.272" threadId="00000000015BF088" success="true" from="nursery"/>
<exclusive-end id="2869" timestamp="2019-06-14T20:52:35.272" durationms="2.190" />

<exclusive-start id="2870" timestamp="2019-06-14T20:52:35.282" intervalms="12.463">
  <response-info timems="0.100" idlems="0.100" threads="0" lastid="00000000015BE700" lastname="main" />
</exclusive-start>
<af-start id="2871" threadId="00000000015BF088" totalBytesRequested="488" timestamp="2019-06-14T20:52:35.283" intervalms="12.466" type="nursery" />
<cycle-start id="2872" type="scavenge" contextid="0" timestamp="2019-06-14T20:52:35.283" intervalms="12.469" />
<gc-start id="2873" type="scavenge" contextid="2872" timestamp="2019-06-14T20:52:35.283">
  <mem-info id="2874" free="1956988872" total="2087583744" percent="93">
    <mem type="nursery" free="0" total="103546880" percent="0">
      <mem type="allocate" free="0" total="93192192" percent="0" />
      <mem type="survivor" free="0" total="10354688" percent="0" />
    </mem>
    <mem type="tenure" free="1956988872" total="1984036864" percent="98">
      <mem type="soa" free="1857810376" total="1884835840" percent="98" />
      <mem type="loa" free="99178496" total="99201024" percent="99" />
    </mem>
    <remembered-set count="96" />
  </mem-info>
</gc-start>
<allocation-stats totalBytes="92947200" >
  <allocated-bytes non-tlh="32" tlh="92947168" />
  <largest-consumer threadName="main" threadId="00000000015BE700" bytes="92947200" />
</allocation-stats>
<gc-op id="2875" type="scavenge" timems="0.541" contextid="2872" timestamp="2019-06-14T20:52:35.284">
  <scavenger-info tenureage="3" tenuremask="ffe8" tiltratio="90" />
  <memory-copied type="nursery" objects="29" bytes="1376" bytesdiscarded="76960" />
  <memory-copied type="tenure" objects="24" bytes="544" bytesdiscarded="0" />
</gc-op>
<heap-resize id="2876" type="expand" space="nursery" amount="4980736" count="1" timems="0.017" reason="excessive time being spent scavenging" timestamp="2019-06-14T20:52:35.284" />
<gc-end id="2877" type="scavenge" contextid="2872" durationms="1.243" usertimems="4.000" systemtimems="0.000" timestamp="2019-06-14T20:52:35.284" activeThreads="4">
  <mem-info id="2878" free="2054559176" total="2092564480" percent="98">
    <mem type="nursery" free="97570304" total="108527616" percent="89">
      <mem type="allocate" free="97570304" total="97648640" percent="99" />
      <mem type="survivor" free="0" total="10878976" percent="0" />
    </mem>
    <mem type="tenure" free="1956988872" total="1984036864" percent="98">
      <mem type="soa" free="1857810376" total="1884835840" percent="98" />
      <mem type="loa" free="99178496" total="99201024" percent="99" />
    </mem>
    <remembered-set count="88" />
  </mem-info>
</gc-end>
<cycle-end id="2879" type="scavenge" contextid="2872" timestamp="2019-06-14T20:52:35.284" />
  <attribute name="elasticGC enabled" value="1" />
  <attribute name= "numThreadsSpecified" value="4" />
  <attribute name="heapSize specified" value="2092630016" />
  <attribute name="Current GC Util" value="10" />
  <attribute name= "Current Time Running" value="19602" />
  <attribute name ="GC Interval" value="200" />
  <attribute name="ProportionalT" value="-5.000000" />
  <attribute name="ProportionalI" value="-5.000000" />
  <attribute name="ProportionalH" value="-5.000000" />
  <attribute name="Current Error" value="-10.000000" />
  <attribute name="IntegralT" value="-130.000000" />
  <attribute name="IntegralI" value="-130.000000" />
  <attribute name="IntegralH" value="-130.000000" />
  <attribute name="DerivativeT" value="-0.384615" />
  <attribute name="DerivativeI" value="-0.384615" />
  <attribute name="DerivativeH" value="-0.384615" />
  <attribute name="Loop Time for DT" value="13.000000" />
  <attribute name="Output H" value="2092630016"/>
  <attribute name="Output I" value="200"/>
  <attribute name="Output T" value="4"/>
  <attribute name="Target GC Util Change" value ="20.000000" />
  <attribute name="Current GC Util Change" value="10.000000"/>
  <attribute name="GC Util currently" value="10" />
  <attribute name="CPU Util currently" value="370426007382" />
<allocation-satisfied id="2880" threadId="00000000015BE700" bytesRequested="488" />
<af-end id="2881" timestamp="2019-06-14T20:52:35.284" threadId="00000000015BF088" success="true" from="nursery"/>
<exclusive-end id="2882" timestamp="2019-06-14T20:52:35.284" durationms="2.142" />

<exclusive-start id="2883" timestamp="2019-06-14T20:52:35.367" intervalms="84.971">
  <response-info timems="0.080" idlems="0.080" threads="0" lastid="00000000015BE700" lastname="main" />
</exclusive-start>
<af-start id="2884" threadId="00000000015BF088" totalBytesRequested="32" timestamp="2019-06-14T20:52:35.368" intervalms="84.924" type="nursery" />
<cycle-start id="2885" type="scavenge" contextid="0" timestamp="2019-06-14T20:52:35.368" intervalms="84.895" />
<gc-start id="2886" type="scavenge" contextid="2885" timestamp="2019-06-14T20:52:35.368">
  <mem-info id="2887" free="1956988872" total="2092564480" percent="93">
    <mem type="nursery" free="0" total="108527616" percent="0">
      <mem type="allocate" free="0" total="97648640" percent="0" />
      <mem type="survivor" free="0" total="10878976" percent="0" />
    </mem>
    <mem type="tenure" free="1956988872" total="1984036864" percent="98">
      <mem type="soa" free="1857810376" total="1884835840" percent="98" />
      <mem type="loa" free="99178496" total="99201024" percent="99" />
    </mem>
    <remembered-set count="94" />
  </mem-info>
</gc-start>
<allocation-stats totalBytes="97426576" >
  <allocated-bytes non-tlh="488" tlh="97426088" />
  <largest-consumer threadName="main" threadId="00000000015BE700" bytes="97426576" />
</allocation-stats>
<gc-op id="2888" type="scavenge" timems="0.413" contextid="2885" timestamp="2019-06-14T20:52:35.369">
  <scavenger-info tenureage="3" tenuremask="ffe8" tiltratio="89" />
  <memory-copied type="nursery" objects="47" bytes="2496" bytesdiscarded="75840" />
  <memory-copied type="tenure" objects="6" bytes="136" bytesdiscarded="0" />
</gc-op>
<gc-end id="2889" type="scavenge" contextid="2885" durationms="0.978" usertimems="4.000" systemtimems="0.000" timestamp="2019-06-14T20:52:35.369" activeThreads="4">
  <mem-info id="2890" free="2054559176" total="2092564480" percent="98">
    <mem type="nursery" free="97570304" total="108527616" percent="89">
      <mem type="allocate" free="97570304" total="97648640" percent="99" />
      <mem type="survivor" free="0" total="10878976" percent="0" />
    </mem>
    <mem type="tenure" free="1956988872" total="1984036864" percent="98">
      <mem type="soa" free="1857810376" total="1884835840" percent="98" />
      <mem type="loa" free="99178496" total="99201024" percent="99" />
    </mem>
    <remembered-set count="92" />
  </mem-info>
</gc-end>
<cycle-end id="2891" type="scavenge" contextid="2885" timestamp="2019-06-14T20:52:35.369" />
  <attribute name="elasticGC enabled" value="1" />
  <attribute name= "numThreadsSpecified" value="4" />
  <attribute name="heapSize specified" value="2092630016" />
  <attribute name="Current GC Util" value="1" />
  <attribute name= "Current Time Running" value="19687" />
  <attribute name ="GC Interval" value="200" />
  <attribute name="ProportionalT" value="-9.500000" />
  <attribute name="ProportionalI" value="-9.500000" />
  <attribute name="ProportionalH" value="-9.500000" />
  <attribute name="Current Error" value="-19.000000" />
  <attribute name="IntegralT" value="-1615.000000" />
  <attribute name="IntegralI" value="-1615.000000" />
  <attribute name="IntegralH" value="-1615.000000" />
  <attribute name="DerivativeT" value="-0.111765" />
  <attribute name="DerivativeI" value="-0.111765" />
  <attribute name="DerivativeH" value="-0.111765" />
  <attribute name="Loop Time for DT" value="85.000000" />
  <attribute name="Output H" value="2092630016"/>
  <attribute name="Output I" value="200"/>
  <attribute name="Output T" value="4"/>
  <attribute name="Target GC Util Change" value ="20.000000" />
  <attribute name="Current GC Util Change" value="1.000000"/>
  <attribute name="GC Util currently" value="1" />
  <attribute name="CPU Util currently" value="54347871155" />
<allocation-satisfied id="2892" threadId="00000000015BE700" bytesRequested="32" />
<af-end id="2893" timestamp="2019-06-14T20:52:35.369" threadId="00000000015BF088" success="true" from="nursery"/>
<exclusive-end id="2894" timestamp="2019-06-14T20:52:35.369" durationms="2.009" />

<exclusive-start id="2895" timestamp="2019-06-14T20:52:35.445" intervalms="78.138">
  <response-info timems="0.064" idlems="0.064" threads="0" lastid="00000000015BE700" lastname="main" />
</exclusive-start>
<af-start id="2896" threadId="00000000015BF088" totalBytesRequested="1008" timestamp="2019-06-14T20:52:35.446" intervalms="78.106" type="nursery" />
<cycle-start id="2897" type="scavenge" contextid="0" timestamp="2019-06-14T20:52:35.446" intervalms="78.061" />
<gc-start id="2898" type="scavenge" contextid="2897" timestamp="2019-06-14T20:52:35.446">
  <mem-info id="2899" free="1956988872" total="2092564480" percent="93">
    <mem type="nursery" free="0" total="108527616" percent="0">
      <mem type="allocate" free="0" total="97648640" percent="0" />
      <mem type="survivor" free="0" total="10878976" percent="0" />
    </mem>
    <mem type="tenure" free="1956988872" total="1984036864" percent="98">
      <mem type="soa" free="1857810376" total="1884835840" percent="98" />
      <mem type="loa" free="99178496" total="99201024" percent="99" />
    </mem>
    <remembered-set count="94" />
  </mem-info>
</gc-start>
<allocation-stats totalBytes="97467768" >
  <allocated-bytes non-tlh="32" tlh="97467736" />
  <largest-consumer threadName="main" threadId="00000000015BE700" bytes="97467768" />
</allocation-stats>
<gc-op id="2900" type="scavenge" timems="0.604" contextid="2897" timestamp="2019-06-14T20:52:35.447">
  <scavenger-info tenureage="5" tenuremask="ffe0" tiltratio="89" />
  <memory-copied type="nursery" objects="58" bytes="4688" bytesdiscarded="73648" />
</gc-op>
<gc-end id="2901" type="scavenge" contextid="2897" durationms="1.154" usertimems="4.000" systemtimems="0.000" timestamp="2019-06-14T20:52:35.447" activeThreads="4">
  <mem-info id="2902" free="2054559176" total="2092564480" percent="98">
    <mem type="nursery" free="97570304" total="108527616" percent="89">
      <mem type="allocate" free="97570304" total="97648640" percent="99" />
      <mem type="survivor" free="0" total="10878976" percent="0" />
    </mem>
    <mem type="tenure" free="1956988872" total="1984036864" percent="98">
      <mem type="soa" free="1857810376" total="1884835840" percent="98" />
      <mem type="loa" free="99178496" total="99201024" percent="99" />
    </mem>
    <remembered-set count="93" />
  </mem-info>
</gc-end>
<cycle-end id="2903" type="scavenge" contextid="2897" timestamp="2019-06-14T20:52:35.447" />
  <attribute name="elasticGC enabled" value="1" />
  <attribute name= "numThreadsSpecified" value="4" />
  <attribute name="heapSize specified" value="2092630016" />
  <attribute name="Current GC Util" value="1" />
  <attribute name= "Current Time Running" value="19765" />
  <attribute name ="GC Interval" value="200" />
  <attribute name="ProportionalT" value="-9.500000" />
  <attribute name="ProportionalI" value="-9.500000" />
  <attribute name="ProportionalH" value="-9.500000" />
  <attribute name="Current Error" value="-19.000000" />
  <attribute name="IntegralT" value="-1482.000000" />
  <attribute name="IntegralI" value="-1482.000000" />
  <attribute name="IntegralH" value="-1482.000000" />
  <attribute name="DerivativeT" value="-0.121795" />
  <attribute name="DerivativeI" value="-0.121795" />
  <attribute name="DerivativeH" value="-0.121795" />
  <attribute name="Loop Time for DT" value="78.000000" />
  <attribute name="Output H" value="2092630016"/>
  <attribute name="Output I" value="200"/>
  <attribute name="Output T" value="4"/>
  <attribute name="Target GC Util Change" value ="20.000000" />
  <attribute name="Current GC Util Change" value="1.000000"/>
  <attribute name="GC Util currently" value="1" />
  <attribute name="CPU Util currently" value="59102578235" />
<allocation-satisfied id="2904" threadId="00000000015BE700" bytesRequested="1008" />
<af-end id="2905" timestamp="2019-06-14T20:52:35.447" threadId="00000000015BF088" success="true" from="nursery"/>
<exclusive-end id="2906" timestamp="2019-06-14T20:52:35.448" durationms="2.141" />

<exclusive-start id="2907" timestamp="2019-06-14T20:52:35.602" intervalms="156.467">
  <response-info timems="0.091" idlems="0.091" threads="0" lastid="00000000015BE700" lastname="main" />
</exclusive-start>
<af-start id="2908" threadId="00000000015BF088" totalBytesRequested="80" timestamp="2019-06-14T20:52:35.602" intervalms="156.526" type="nursery" />
<cycle-start id="2909" type="scavenge" contextid="0" timestamp="2019-06-14T20:52:35.602" intervalms="156.574" />
<gc-start id="2910" type="scavenge" contextid="2909" timestamp="2019-06-14T20:52:35.603">
  <mem-info id="2911" free="1956988872" total="2092564480" percent="93">
    <mem type="nursery" free="0" total="108527616" percent="0">
      <mem type="allocate" free="0" total="97648640" percent="0" />
      <mem type="survivor" free="0" total="10878976" percent="0" />
    </mem>
    <mem type="tenure" free="1956988872" total="1984036864" percent="98">
      <mem type="soa" free="1857810376" total="1884835840" percent="98" />
      <mem type="loa" free="99178496" total="99201024" percent="99" />
    </mem>
    <remembered-set count="97" />
  </mem-info>
</gc-start>
<allocation-stats totalBytes="97517504" >
  <allocated-bytes non-tlh="1008" tlh="97516496" />
  <largest-consumer threadName="main" threadId="00000000015BE700" bytes="97517504" />
</allocation-stats>
<gc-op id="2912" type="scavenge" timems="0.479" contextid="2909" timestamp="2019-06-14T20:52:35.603">
  <scavenger-info tenureage="3" tenuremask="fff8" tiltratio="89" />
  <memory-copied type="nursery" objects="55" bytes="1584" bytesdiscarded="76752" />
  <memory-copied type="tenure" objects="6" bytes="136" bytesdiscarded="0" />
</gc-op>
<gc-end id="2913" type="scavenge" contextid="2909" durationms="1.157" usertimems="0.000" systemtimems="0.000" timestamp="2019-06-14T20:52:35.604" activeThreads="4">
  <mem-info id="2914" free="2054559176" total="2092564480" percent="98">
    <mem type="nursery" free="97570304" total="108527616" percent="89">
      <mem type="allocate" free="97570304" total="97648640" percent="99" />
      <mem type="survivor" free="0" total="10878976" percent="0" />
    </mem>
    <mem type="tenure" free="1956988872" total="1984036864" percent="98">
      <mem type="soa" free="1857810376" total="1884835840" percent="98" />
      <mem type="loa" free="99178496" total="99201024" percent="99" />
    </mem>
    <remembered-set count="95" />
  </mem-info>
</gc-end>
<cycle-end id="2915" type="scavenge" contextid="2909" timestamp="2019-06-14T20:52:35.604" />
  <attribute name="elasticGC enabled" value="1" />
  <attribute name= "numThreadsSpecified" value="4" />
  <attribute name="heapSize specified" value="2092630016" />
  <attribute name="Current GC Util" value="0" />
  <attribute name= "Current Time Running" value="19921" />
  <attribute name ="GC Interval" value="200" />
  <attribute name="ProportionalT" value="-10.000000" />
  <attribute name="ProportionalI" value="-10.000000" />
  <attribute name="ProportionalH" value="-10.000000" />
  <attribute name="Current Error" value="-20.000000" />
  <attribute name="IntegralT" value="-3120.000000" />
  <attribute name="IntegralI" value="-3120.000000" />
  <attribute name="IntegralH" value="-3120.000000" />
  <attribute name="DerivativeT" value="-0.064103" />
  <attribute name="DerivativeI" value="-0.064103" />
  <attribute name="DerivativeH" value="-0.064103" />
  <attribute name="Loop Time for DT" value="156.000000" />
  <attribute name="Output H" value="2092630016"/>
  <attribute name="Output I" value="200"/>
  <attribute name="Output T" value="4"/>
  <attribute name="Target GC Util Change" value ="20.000000" />
  <attribute name="Current GC Util Change" value="0.000000"/>
  <attribute name="GC Util currently" value="0" />
  <attribute name="CPU Util currently" value="29430003170" />
<allocation-satisfied id="2916" threadId="00000000015BE700" bytesRequested="80" />
<af-end id="2917" timestamp="2019-06-14T20:52:35.604" threadId="00000000015BF088" success="true" from="nursery"/>
<exclusive-end id="2918" timestamp="2019-06-14T20:52:35.604" durationms="2.283" />

<exclusive-start id="2919" timestamp="2019-06-14T20:52:35.733" intervalms="130.630">
  <response-info timems="0.081" idlems="0.081" threads="0" lastid="00000000015BE700" lastname="main" />
</exclusive-start>
<af-start id="2920" threadId="00000000015BF088" totalBytesRequested="80" timestamp="2019-06-14T20:52:35.733" intervalms="130.623" type="nursery" />
<cycle-start id="2921" type="scavenge" contextid="0" timestamp="2019-06-14T20:52:35.733" intervalms="130.651" />
<gc-start id="2922" type="scavenge" contextid="2921" timestamp="2019-06-14T20:52:35.733">
  <mem-info id="2923" free="1956988872" total="2092564480" percent="93">
    <mem type="nursery" free="0" total="108527616" percent="0">
      <mem type="allocate" free="0" total="97648640" percent="0" />
      <mem type="survivor" free="0" total="10878976" percent="0" />
    </mem>
    <mem type="tenure" free="1956988872" total="1984036864" percent="98">
      <mem type="soa" free="1857810376" total="1884835840" percent="98" />
      <mem type="loa" free="99178496" total="99201024" percent="99" />
    </mem>
    <remembered-set count="95" />
  </mem-info>
</gc-start>
<allocation-stats totalBytes="97552728" >
  <allocated-bytes non-tlh="80" tlh="97552648" />
  <largest-consumer threadName="main" threadId="00000000015BE700" bytes="97552728" />
</allocation-stats>
<gc-op id="2924" type="scavenge" timems="0.386" contextid="2921" timestamp="2019-06-14T20:52:35.734">
  <scavenger-info tenureage="3" tenuremask="ffd8" tiltratio="89" />
  <memory-copied type="nursery" objects="35" bytes="1056" bytesdiscarded="77280" />
  <memory-copied type="tenure" objects="18" bytes="408" bytesdiscarded="0" />
</gc-op>
<gc-end id="2925" type="scavenge" contextid="2921" durationms="0.998" usertimems="0.000" systemtimems="0.000" timestamp="2019-06-14T20:52:35.734" activeThreads="4">
  <mem-info id="2926" free="2054559176" total="2092564480" percent="98">
    <mem type="nursery" free="97570304" total="108527616" percent="89">
      <mem type="allocate" free="97570304" total="97648640" percent="99" />
      <mem type="survivor" free="0" total="10878976" percent="0" />
    </mem>
    <mem type="tenure" free="1956988872" total="1984036864" percent="98">
      <mem type="soa" free="1857810376" total="1884835840" percent="98" />
      <mem type="loa" free="99178496" total="99201024" percent="99" />
    </mem>
    <remembered-set count="89" />
  </mem-info>
</gc-end>
<cycle-end id="2927" type="scavenge" contextid="2921" timestamp="2019-06-14T20:52:35.734" />
  <attribute name="elasticGC enabled" value="1" />
  <attribute name= "numThreadsSpecified" value="4" />
  <attribute name="heapSize specified" value="2092630016" />
  <attribute name="Current GC Util" value="0" />
  <attribute name= "Current Time Running" value="20052" />
  <attribute name ="GC Interval" value="200" />
  <attribute name="ProportionalT" value="-10.000000" />
  <attribute name="ProportionalI" value="-10.000000" />
  <attribute name="ProportionalH" value="-10.000000" />
  <attribute name="Current Error" value="-20.000000" />
  <attribute name="IntegralT" value="-2620.000000" />
  <attribute name="IntegralI" value="-2620.000000" />
  <attribute name="IntegralH" value="-2620.000000" />
  <attribute name="DerivativeT" value="-0.076336" />
  <attribute name="DerivativeI" value="-0.076336" />
  <attribute name="DerivativeH" value="-0.076336" />
  <attribute name="Loop Time for DT" value="131.000000" />
  <attribute name="Output H" value="2092630016"/>
  <attribute name="Output I" value="200"/>
  <attribute name="Output T" value="4"/>
  <attribute name="Target GC Util Change" value ="20.000000" />
  <attribute name="Current GC Util Change" value="0.000000"/>
  <attribute name="GC Util currently" value="0" />
  <attribute name="CPU Util currently" value="35313295699" />
<allocation-satisfied id="2928" threadId="00000000015BE700" bytesRequested="80" />
<af-end id="2929" timestamp="2019-06-14T20:52:35.735" threadId="00000000015BF088" success="true" from="nursery"/>
<exclusive-end id="2930" timestamp="2019-06-14T20:52:35.735" durationms="2.136" />

<exclusive-start id="2931" timestamp="2019-06-14T20:52:35.818" intervalms="85.168">
  <response-info timems="0.082" idlems="0.082" threads="0" lastid="00000000015BE700" lastname="main" />
</exclusive-start>
<af-start id="2932" threadId="00000000015BF088" totalBytesRequested="544" timestamp="2019-06-14T20:52:35.818" intervalms="85.179" type="nursery" />
<cycle-start id="2933" type="scavenge" contextid="0" timestamp="2019-06-14T20:52:35.818" intervalms="85.160" />
<gc-start id="2934" type="scavenge" contextid="2933" timestamp="2019-06-14T20:52:35.818">
  <mem-info id="2935" free="1956988872" total="2092564480" percent="93">
    <mem type="nursery" free="0" total="108527616" percent="0">
      <mem type="allocate" free="0" total="97648640" percent="0" />
      <mem type="survivor" free="0" total="10878976" percent="0" />
    </mem>
    <mem type="tenure" free="1956988872" total="1984036864" percent="98">
      <mem type="soa" free="1857810376" total="1884835840" percent="98" />
      <mem type="loa" free="99178496" total="99201024" percent="99" />
    </mem>
    <remembered-set count="91" />
  </mem-info>
</gc-start>
<allocation-stats totalBytes="97503720" >
  <allocated-bytes non-tlh="80" tlh="97503640" />
  <largest-consumer threadName="main" threadId="00000000015BE700" bytes="97503720" />
</allocation-stats>
<gc-op id="2936" type="scavenge" timems="0.431" contextid="2933" timestamp="2019-06-14T20:52:35.819">
  <scavenger-info tenureage="3" tenuremask="ffe8" tiltratio="89" />
  <memory-copied type="nursery" objects="35" bytes="1520" bytesdiscarded="76816" />
  <memory-copied type="tenure" objects="6" bytes="136" bytesdiscarded="0" />
</gc-op>
<gc-end id="2937" type="scavenge" contextid="2933" durationms="1.112" usertimems="0.000" systemtimems="0.000" timestamp="2019-06-14T20:52:35.819" activeThreads="4">
  <mem-info id="2938" free="2054559176" total="2092564480" percent="98">
    <mem type="nursery" free="97570304" total="108527616" percent="89">
      <mem type="allocate" free="97570304" total="97648640" percent="99" />
      <mem type="survivor" free="0" total="10878976" percent="0" />
    </mem>
    <mem type="tenure" free="1956988872" total="1984036864" percent="98">
      <mem type="soa" free="1857810376" total="1884835840" percent="98" />
      <mem type="loa" free="99178496" total="99201024" percent="99" />
    </mem>
    <remembered-set count="89" />
  </mem-info>
</gc-end>
<cycle-end id="2939" type="scavenge" contextid="2933" timestamp="2019-06-14T20:52:35.820" />
  <attribute name="elasticGC enabled" value="1" />
  <attribute name= "numThreadsSpecified" value="4" />
  <attribute name="heapSize specified" value="2092630016" />
  <attribute name="Current GC Util" value="1" />
  <attribute name= "Current Time Running" value="20137" />
  <attribute name ="GC Interval" value="200" />
  <attribute name="ProportionalT" value="-9.500000" />
  <attribute name="ProportionalI" value="-9.500000" />
  <attribute name="ProportionalH" value="-9.500000" />
  <attribute name="Current Error" value="-19.000000" />
  <attribute name="IntegralT" value="-1615.000000" />
  <attribute name="IntegralI" value="-1615.000000" />
  <attribute name="IntegralH" value="-1615.000000" />
  <attribute name="DerivativeT" value="-0.111765" />
  <attribute name="DerivativeI" value="-0.111765" />
  <attribute name="DerivativeH" value="-0.111765" />
  <attribute name="Loop Time for DT" value="85.000000" />
  <attribute name="Output H" value="2092630016"/>
  <attribute name="Output I" value="200"/>
  <attribute name="Output T" value="4"/>
  <attribute name="Target GC Util Change" value ="20.000000" />
  <attribute name="Current GC Util Change" value="1.000000"/>
  <attribute name="GC Util currently" value="1" />
  <attribute name="CPU Util currently" value="54108979126" />
<allocation-satisfied id="2940" threadId="00000000015BE700" bytesRequested="544" />
<af-end id="2941" timestamp="2019-06-14T20:52:35.820" threadId="00000000015BF088" success="true" from="nursery"/>
<exclusive-end id="2942" timestamp="2019-06-14T20:52:35.820" durationms="2.226" />

<exclusive-start id="2943" timestamp="2019-06-14T20:52:35.833" intervalms="15.539">
  <response-info timems="0.125" idlems="0.125" threads="0" lastid="00000000015BE700" lastname="main" />
</exclusive-start>
<af-start id="2944" threadId="00000000015BF088" totalBytesRequested="32" timestamp="2019-06-14T20:52:35.833" intervalms="15.532" type="nursery" />
<cycle-start id="2945" type="scavenge" contextid="0" timestamp="2019-06-14T20:52:35.834" intervalms="15.541" />
<gc-start id="2946" type="scavenge" contextid="2945" timestamp="2019-06-14T20:52:35.834">
  <mem-info id="2947" free="1956988872" total="2092564480" percent="93">
    <mem type="nursery" free="0" total="108527616" percent="0">
      <mem type="allocate" free="0" total="97648640" percent="0" />
      <mem type="survivor" free="0" total="10878976" percent="0" />
    </mem>
    <mem type="tenure" free="1956988872" total="1984036864" percent="98">
      <mem type="soa" free="1857810376" total="1884835840" percent="98" />
      <mem type="loa" free="99178496" total="99201024" percent="99" />
    </mem>
    <remembered-set count="89" />
  </mem-info>
</gc-start>
<allocation-stats totalBytes="97435072" >
  <allocated-bytes non-tlh="544" tlh="97434528" />
  <largest-consumer threadName="main" threadId="00000000015BE700" bytes="97435072" />
</allocation-stats>
<gc-op id="2948" type="scavenge" timems="0.565" contextid="2945" timestamp="2019-06-14T20:52:35.835">
  <scavenger-info tenureage="5" tenuremask="ffe0" tiltratio="89" />
  <memory-copied type="nursery" objects="34" bytes="1504" bytesdiscarded="76832" />
</gc-op>
<gc-end id="2949" type="scavenge" contextid="2945" durationms="1.084" usertimems="0.000" systemtimems="0.000" timestamp="2019-06-14T20:52:35.835" activeThreads="4">
  <mem-info id="2950" free="2054559176" total="2092564480" percent="98">
    <mem type="nursery" free="97570304" total="108527616" percent="89">
      <mem type="allocate" free="97570304" total="97648640" percent="99" />
      <mem type="survivor" free="0" total="10878976" percent="0" />
    </mem>
    <mem type="tenure" free="1956988872" total="1984036864" percent="98">
      <mem type="soa" free="1857810376" total="1884835840" percent="98" />
      <mem type="loa" free="99178496" total="99201024" percent="99" />
    </mem>
    <remembered-set count="89" />
  </mem-info>
</gc-end>
<cycle-end id="2951" type="scavenge" contextid="2945" timestamp="2019-06-14T20:52:35.835" />
  <attribute name="elasticGC enabled" value="1" />
  <attribute name= "numThreadsSpecified" value="4" />
  <attribute name="heapSize specified" value="2092630016" />
  <attribute name="Current GC Util" value="7" />
  <attribute name= "Current Time Running" value="20152" />
  <attribute name ="GC Interval" value="200" />
  <attribute name="ProportionalT" value="-6.500000" />
  <attribute name="ProportionalI" value="-6.500000" />
  <attribute name="ProportionalH" value="-6.500000" />
  <attribute name="Current Error" value="-13.000000" />
  <attribute name="IntegralT" value="-195.000000" />
  <attribute name="IntegralI" value="-195.000000" />
  <attribute name="IntegralH" value="-195.000000" />
  <attribute name="DerivativeT" value="-0.433333" />
  <attribute name="DerivativeI" value="-0.433333" />
  <attribute name="DerivativeH" value="-0.433333" />
  <attribute name="Loop Time for DT" value="15.000000" />
  <attribute name="Output H" value="2092630016"/>
  <attribute name="Output I" value="200"/>
  <attribute name="Output T" value="4"/>
  <attribute name="Target GC Util Change" value ="20.000000" />
  <attribute name="Current GC Util Change" value="7.000000"/>
  <attribute name="GC Util currently" value="7" />
  <attribute name="CPU Util currently" value="300605024855" />
<allocation-satisfied id="2952" threadId="00000000015BE700" bytesRequested="32" />
<af-end id="2953" timestamp="2019-06-14T20:52:35.835" threadId="00000000015BF088" success="true" from="nursery"/>
<exclusive-end id="2954" timestamp="2019-06-14T20:52:35.836" durationms="2.252" />

<exclusive-start id="2955" timestamp="2019-06-14T20:52:35.889" intervalms="56.019">
  <response-info timems="0.083" idlems="0.083" threads="0" lastid="00000000015BE700" lastname="main" />
</exclusive-start>
<af-start id="2956" threadId="00000000015BF088" totalBytesRequested="32" timestamp="2019-06-14T20:52:35.890" intervalms="56.010" type="nursery" />
<cycle-start id="2957" type="scavenge" contextid="0" timestamp="2019-06-14T20:52:35.890" intervalms="56.019" />
<gc-start id="2958" type="scavenge" contextid="2957" timestamp="2019-06-14T20:52:35.890">
  <mem-info id="2959" free="1956988872" total="2092564480" percent="93">
    <mem type="nursery" free="0" total="108527616" percent="0">
      <mem type="allocate" free="0" total="97648640" percent="0" />
      <mem type="survivor" free="0" total="10878976" percent="0" />
    </mem>
    <mem type="tenure" free="1956988872" total="1984036864" percent="98">
      <mem type="soa" free="1857810376" total="1884835840" percent="98" />
      <mem type="loa" free="99178496" total="99201024" percent="99" />
    </mem>
    <remembered-set count="94" />
  </mem-info>
</gc-start>
<allocation-stats totalBytes="97501640" >
  <allocated-bytes non-tlh="32" tlh="97501608" />
  <largest-consumer threadName="main" threadId="00000000015BE700" bytes="97501640" />
</allocation-stats>
<gc-op id="2960" type="scavenge" timems="0.443" contextid="2957" timestamp="2019-06-14T20:52:35.891">
  <scavenger-info tenureage="14" tenuremask="c000" tiltratio="89" />
  <memory-copied type="nursery" objects="54" bytes="1640" bytesdiscarded="76696" />
</gc-op>
<gc-end id="2961" type="scavenge" contextid="2957" durationms="1.090" usertimems="0.000" systemtimems="0.000" timestamp="2019-06-14T20:52:35.891" activeThreads="4">
  <mem-info id="2962" free="2054559176" total="2092564480" percent="98">
    <mem type="nursery" free="97570304" total="108527616" percent="89">
      <mem type="allocate" free="97570304" total="97648640" percent="99" />
      <mem type="survivor" free="0" total="10878976" percent="0" />
    </mem>
    <mem type="tenure" free="1956988872" total="1984036864" percent="98">
      <mem type="soa" free="1857810376" total="1884835840" percent="98" />
      <mem type="loa" free="99178496" total="99201024" percent="99" />
    </mem>
    <remembered-set count="94" />
  </mem-info>
</gc-end>
<cycle-end id="2963" type="scavenge" contextid="2957" timestamp="2019-06-14T20:52:35.891" />
  <attribute name="elasticGC enabled" value="1" />
  <attribute name= "numThreadsSpecified" value="4" />
  <attribute name="heapSize specified" value="2092630016" />
  <attribute name="Current GC Util" value="3" />
  <attribute name= "Current Time Running" value="20209" />
  <attribute name ="GC Interval" value="200" />
  <attribute name="ProportionalT" value="-8.500000" />
  <attribute name="ProportionalI" value="-8.500000" />
  <attribute name="ProportionalH" value="-8.500000" />
  <attribute name="Current Error" value="-17.000000" />
  <attribute name="IntegralT" value="-969.000000" />
  <attribute name="IntegralI" value="-969.000000" />
  <attribute name="IntegralH" value="-969.000000" />
  <attribute name="DerivativeT" value="-0.149123" />
  <attribute name="DerivativeI" value="-0.149123" />
  <attribute name="DerivativeH" value="-0.149123" />
  <attribute name="Loop Time for DT" value="57.000000" />
  <attribute name="Output H" value="2092630016"/>
  <attribute name="Output I" value="200"/>
  <attribute name="Output T" value="4"/>
  <attribute name="Target GC Util Change" value ="20.000000" />
  <attribute name="Current GC Util Change" value="3.000000"/>
  <attribute name="GC Util currently" value="3" />
  <attribute name="CPU Util currently" value="82083768156" />
<allocation-satisfied id="2964" threadId="00000000015BE700" bytesRequested="32" />
<af-end id="2965" timestamp="2019-06-14T20:52:35.891" threadId="00000000015BF088" success="true" from="nursery"/>
<exclusive-end id="2966" timestamp="2019-06-14T20:52:35.892" durationms="2.228" />

<exclusive-start id="2967" timestamp="2019-06-14T20:52:36.032" intervalms="142.400">
  <response-info timems="0.168" idlems="0.168" threads="0" lastid="00000000015BE700" lastname="main" />
</exclusive-start>
<af-start id="2968" threadId="00000000015BF088" totalBytesRequested="1168" timestamp="2019-06-14T20:52:36.032" intervalms="142.418" type="nursery" />
<cycle-start id="2969" type="scavenge" contextid="0" timestamp="2019-06-14T20:52:36.032" intervalms="142.432" />
<gc-start id="2970" type="scavenge" contextid="2969" timestamp="2019-06-14T20:52:36.032">
  <mem-info id="2971" free="1956988872" total="2092564480" percent="93">
    <mem type="nursery" free="0" total="108527616" percent="0">
      <mem type="allocate" free="0" total="97648640" percent="0" />
      <mem type="survivor" free="0" total="10878976" percent="0" />
    </mem>
    <mem type="tenure" free="1956988872" total="1984036864" percent="98">
      <mem type="soa" free="1857810376" total="1884835840" percent="98" />
      <mem type="loa" free="99178496" total="99201024" percent="99" />
    </mem>
    <remembered-set count="110" />
  </mem-info>
</gc-start>
<allocation-stats totalBytes="97249152" >
  <allocated-bytes non-tlh="32" tlh="97249120" />
  <largest-consumer threadName="main" threadId="00000000015BE700" bytes="97249152" />
</allocation-stats>
<gc-op id="2972" type="scavenge" timems="0.593" contextid="2969" timestamp="2019-06-14T20:52:36.033">
  <scavenger-info tenureage="5" tenuremask="c020" tiltratio="89" />
  <memory-copied type="nursery" objects="93" bytes="3672" bytesdiscarded="74664" />
  <memory-copied type="tenure" objects="12" bytes="272" bytesdiscarded="0" />
</gc-op>
<gc-end id="2973" type="scavenge" contextid="2969" durationms="1.281" usertimems="4.000" systemtimems="0.000" timestamp="2019-06-14T20:52:36.034" activeThreads="4">
  <mem-info id="2974" free="2054559176" total="2092564480" percent="98">
    <mem type="nursery" free="97570304" total="108527616" percent="89">
      <mem type="allocate" free="97570304" total="97648640" percent="99" />
      <mem type="survivor" free="0" total="10878976" percent="0" />
    </mem>
    <mem type="tenure" free="1956988872" total="1984036864" percent="98">
      <mem type="soa" free="1857810376" total="1884835840" percent="98" />
      <mem type="loa" free="99178496" total="99201024" percent="99" />
    </mem>
    <remembered-set count="105" />
  </mem-info>
</gc-end>
<cycle-end id="2975" type="scavenge" contextid="2969" timestamp="2019-06-14T20:52:36.034" />
  <attribute name="elasticGC enabled" value="1" />
  <attribute name= "numThreadsSpecified" value="4" />
  <attribute name="heapSize specified" value="2092630016" />
  <attribute name="Current GC Util" value="0" />
  <attribute name= "Current Time Running" value="20351" />
  <attribute name ="GC Interval" value="200" />
  <attribute name="ProportionalT" value="-10.000000" />
  <attribute name="ProportionalI" value="-10.000000" />
  <attribute name="ProportionalH" value="-10.000000" />
  <attribute name="Current Error" value="-20.000000" />
  <attribute name="IntegralT" value="-2840.000000" />
  <attribute name="IntegralI" value="-2840.000000" />
  <attribute name="IntegralH" value="-2840.000000" />
  <attribute name="DerivativeT" value="-0.070423" />
  <attribute name="DerivativeI" value="-0.070423" />
  <attribute name="DerivativeH" value="-0.070423" />
  <attribute name="Loop Time for DT" value="142.000000" />
  <attribute name="Output H" value="2092630016"/>
  <attribute name="Output I" value="200"/>
  <attribute name="Output T" value="4"/>
  <attribute name="Target GC Util Change" value ="20.000000" />
  <attribute name="Current GC Util Change" value="0.000000"/>
  <attribute name="GC Util currently" value="0" />
  <attribute name="CPU Util currently" value="32368154337" />
<allocation-satisfied id="2976" threadId="00000000015BE700" bytesRequested="1168" />
<af-end id="2977" timestamp="2019-06-14T20:52:36.034" threadId="00000000015BF088" success="true" from="nursery"/>
<exclusive-end id="2978" timestamp="2019-06-14T20:52:36.034" durationms="2.366" />

<exclusive-start id="2979" timestamp="2019-06-14T20:52:36.043" intervalms="11.479">
  <response-info timems="0.158" idlems="0.158" threads="0" lastid="00000000015BE700" lastname="main" />
</exclusive-start>
<af-start id="2980" threadId="00000000015BF088" totalBytesRequested="1168" timestamp="2019-06-14T20:52:36.043" intervalms="11.507" type="nursery" />
<cycle-start id="2981" type="scavenge" contextid="0" timestamp="2019-06-14T20:52:36.044" intervalms="11.476" />
<gc-start id="2982" type="scavenge" contextid="2981" timestamp="2019-06-14T20:52:36.044">
  <mem-info id="2983" free="1956988872" total="2092564480" percent="93">
    <mem type="nursery" free="0" total="108527616" percent="0">
      <mem type="allocate" free="0" total="97648640" percent="0" />
      <mem type="survivor" free="0" total="10878976" percent="0" />
    </mem>
    <mem type="tenure" free="1956988872" total="1984036864" percent="98">
      <mem type="soa" free="1857810376" total="1884835840" percent="98" />
      <mem type="loa" free="99178496" total="99201024" percent="99" />
    </mem>
    <remembered-set count="105" />
  </mem-info>
</gc-start>
<allocation-stats totalBytes="97247624" >
  <allocated-bytes non-tlh="1168" tlh="97246456" />
  <largest-consumer threadName="main" threadId="00000000015BE700" bytes="97247624" />
</allocation-stats>
<gc-op id="2984" type="scavenge" timems="0.407" contextid="2981" timestamp="2019-06-14T20:52:36.044">
  <scavenger-info tenureage="14" tenuremask="c000" tiltratio="89" />
  <memory-copied type="nursery" objects="93" bytes="3672" bytesdiscarded="74664" />
</gc-op>
<heap-resize id="2985" type="expand" space="nursery" amount="131072" count="1" timems="0.015" reason="excessive time being spent scavenging" timestamp="2019-06-14T20:52:36.045" />
<gc-end id="2986" type="scavenge" contextid="2981" durationms="1.206" usertimems="0.000" systemtimems="0.000" timestamp="2019-06-14T20:52:36.045" activeThreads="4">
  <mem-info id="2987" free="2054624712" total="2092695552" percent="98">
    <mem type="nursery" free="97635840" total="108658688" percent="89">
      <mem type="allocate" free="97635840" total="97714176" percent="99" />
      <mem type="survivor" free="0" total="10944512" percent="0" />
    </mem>
    <mem type="tenure" free="1956988872" total="1984036864" percent="98">
      <mem type="soa" free="1857810376" total="1884835840" percent="98" />
      <mem type="loa" free="99178496" total="99201024" percent="99" />
    </mem>
    <remembered-set count="105" />
  </mem-info>
</gc-end>
<cycle-end id="2988" type="scavenge" contextid="2981" timestamp="2019-06-14T20:52:36.045" />
  <attribute name="elasticGC enabled" value="1" />
  <attribute name= "numThreadsSpecified" value="4" />
  <attribute name="heapSize specified" value="2092630016" />
  <attribute name="Current GC Util" value="14" />
  <attribute name= "Current Time Running" value="20362" />
  <attribute name ="GC Interval" value="200" />
  <attribute name="ProportionalT" value="-3.000000" />
  <attribute name="ProportionalI" value="-3.000000" />
  <attribute name="ProportionalH" value="-3.000000" />
  <attribute name="Current Error" value="-6.000000" />
  <attribute name="IntegralT" value="-66.000000" />
  <attribute name="IntegralI" value="-66.000000" />
  <attribute name="IntegralH" value="-66.000000" />
  <attribute name="DerivativeT" value="-0.272727" />
  <attribute name="DerivativeI" value="-0.272727" />
  <attribute name="DerivativeH" value="-0.272727" />
  <attribute name="Loop Time for DT" value="11.000000" />
  <attribute name="Output H" value="2092630016"/>
  <attribute name="Output I" value="200"/>
  <attribute name="Output T" value="4"/>
  <attribute name="Target GC Util Change" value ="20.000000" />
  <attribute name="Current GC Util Change" value="14.000000"/>
  <attribute name="GC Util currently" value="14" />
  <attribute name="CPU Util currently" value="404664168293" />
<allocation-satisfied id="2989" threadId="00000000015BE700" bytesRequested="1168" />
<af-end id="2990" timestamp="2019-06-14T20:52:36.045" threadId="00000000015BF088" success="true" from="nursery"/>
<exclusive-end id="2991" timestamp="2019-06-14T20:52:36.045" durationms="2.305" />

<exclusive-start id="2992" timestamp="2019-06-14T20:52:36.055" intervalms="11.330">
  <response-info timems="0.171" idlems="0.171" threads="0" lastid="00000000015BE700" lastname="main" />
</exclusive-start>
<af-start id="2993" threadId="00000000015BF088" totalBytesRequested="1168" timestamp="2019-06-14T20:52:36.055" intervalms="11.307" type="nursery" />
<cycle-start id="2994" type="scavenge" contextid="0" timestamp="2019-06-14T20:52:36.055" intervalms="11.275" />
<gc-start id="2995" type="scavenge" contextid="2994" timestamp="2019-06-14T20:52:36.055">
  <mem-info id="2996" free="1956988872" total="2092695552" percent="93">
    <mem type="nursery" free="0" total="108658688" percent="0">
      <mem type="allocate" free="0" total="97714176" percent="0" />
      <mem type="survivor" free="0" total="10944512" percent="0" />
    </mem>
    <mem type="tenure" free="1956988872" total="1984036864" percent="98">
      <mem type="soa" free="1857810376" total="1884835840" percent="98" />
      <mem type="loa" free="99178496" total="99201024" percent="99" />
    </mem>
    <remembered-set count="105" />
  </mem-info>
</gc-start>
<allocation-stats totalBytes="97311688" >
  <allocated-bytes non-tlh="1168" tlh="97310520" />
  <largest-consumer threadName="main" threadId="00000000015BE700" bytes="97311688" />
</allocation-stats>
<gc-op id="2997" type="scavenge" timems="0.841" contextid="2994" timestamp="2019-06-14T20:52:36.056">
  <scavenger-info tenureage="2" tenuremask="e02c" tiltratio="89" />
  <memory-copied type="nursery" objects="1" bytes="24" bytesdiscarded="39144" />
  <memory-copied type="tenure" objects="92" bytes="3648" bytesdiscarded="0" />
</gc-op>
<gc-end id="2998" type="scavenge" contextid="2994" durationms="1.438" usertimems="0.000" systemtimems="0.000" timestamp="2019-06-14T20:52:36.056" activeThreads="4">
  <mem-info id="2999" free="2054729416" total="2092695552" percent="98">
    <mem type="nursery" free="97740544" total="108658688" percent="89">
      <mem type="allocate" free="97740544" total="97779712" percent="99" />
      <mem type="survivor" free="0" total="10878976" percent="0" />
    </mem>
    <mem type="tenure" free="1956988872" total="1984036864" percent="98">
      <mem type="soa" free="1857810376" total="1884835840" percent="98" />
      <mem type="loa" free="99178496" total="99201024" percent="99" />
    </mem>
    <remembered-set count="92" />
  </mem-info>
</gc-end>
<cycle-end id="3000" type="scavenge" contextid="2994" timestamp="2019-06-14T20:52:36.057" />
  <attribute name="elasticGC enabled" value="1" />
  <attribute name= "numThreadsSpecified" value="4" />
  <attribute name="heapSize specified" value="2092630016" />
  <attribute name="Current GC Util" value="10" />
  <attribute name= "Current Time Running" value="20374" />
  <attribute name ="GC Interval" value="200" />
  <attribute name="ProportionalT" value="-5.000000" />
  <attribute name="ProportionalI" value="-5.000000" />
  <attribute name="ProportionalH" value="-5.000000" />
  <attribute name="Current Error" value="-10.000000" />
  <attribute name="IntegralT" value="-120.000000" />
  <attribute name="IntegralI" value="-120.000000" />
  <attribute name="IntegralH" value="-120.000000" />
  <attribute name="DerivativeT" value="-0.416667" />
  <attribute name="DerivativeI" value="-0.416667" />
  <attribute name="DerivativeH" value="-0.416667" />
  <attribute name="Loop Time for DT" value="12.000000" />
  <attribute name="Output H" value="2092630016"/>
  <attribute name="Output I" value="200"/>
  <attribute name="Output T" value="4"/>
  <attribute name="Target GC Util Change" value ="20.000000" />
  <attribute name="Current GC Util Change" value="10.000000"/>
  <attribute name="GC Util currently" value="10" />
  <attribute name="CPU Util currently" value="409659235367" />
<allocation-satisfied id="3001" threadId="00000000015BE700" bytesRequested="1168" />
<af-end id="3002" timestamp="2019-06-14T20:52:36.057" threadId="00000000015BF088" success="true" from="nursery"/>
<exclusive-end id="3003" timestamp="2019-06-14T20:52:36.057" durationms="2.528" />

<exclusive-start id="3004" timestamp="2019-06-14T20:52:36.066" intervalms="11.824">
  <response-info timems="0.097" idlems="0.097" threads="0" lastid="00000000015BE700" lastname="main" />
</exclusive-start>
<af-start id="3005" threadId="00000000015BF088" totalBytesRequested="1168" timestamp="2019-06-14T20:52:36.067" intervalms="11.812" type="nursery" />
<cycle-start id="3006" type="scavenge" contextid="0" timestamp="2019-06-14T20:52:36.067" intervalms="11.860" />
<gc-start id="3007" type="scavenge" contextid="3006" timestamp="2019-06-14T20:52:36.067">
  <mem-info id="3008" free="1956988872" total="2092695552" percent="93">
    <mem type="nursery" free="0" total="108658688" percent="0">
      <mem type="allocate" free="0" total="97779712" percent="0" />
      <mem type="survivor" free="0" total="10878976" percent="0" />
    </mem>
    <mem type="tenure" free="1956988872" total="1984036864" percent="98">
      <mem type="soa" free="1857810376" total="1884835840" percent="98" />
      <mem type="loa" free="99178496" total="99201024" percent="99" />
    </mem>
    <remembered-set count="92" />
  </mem-info>
</gc-start>
<allocation-stats totalBytes="97417664" >
  <allocated-bytes non-tlh="1168" tlh="97416496" />
  <largest-consumer threadName="main" threadId="00000000015BE700" bytes="97417664" />
</allocation-stats>
<gc-op id="3009" type="scavenge" timems="0.512" contextid="3006" timestamp="2019-06-14T20:52:36.068">
  <scavenger-info tenureage="11" tenuremask="e800" tiltratio="89" />
  <memory-copied type="nursery" objects="1" bytes="24" bytesdiscarded="39144" />
</gc-op>
<gc-end id="3010" type="scavenge" contextid="3006" durationms="1.161" usertimems="0.000" systemtimems="0.000" timestamp="2019-06-14T20:52:36.068" activeThreads="4">
  <mem-info id="3011" free="2054729416" total="2092695552" percent="98">
    <mem type="nursery" free="97740544" total="108658688" percent="89">
      <mem type="allocate" free="97740544" total="97779712" percent="99" />
      <mem type="survivor" free="0" total="10878976" percent="0" />
    </mem>
    <mem type="tenure" free="1956988872" total="1984036864" percent="98">
      <mem type="soa" free="1857810376" total="1884835840" percent="98" />
      <mem type="loa" free="99178496" total="99201024" percent="99" />
    </mem>
    <remembered-set count="92" />
  </mem-info>
</gc-end>
<cycle-end id="3012" type="scavenge" contextid="3006" timestamp="2019-06-14T20:52:36.068" />
  <attribute name="elasticGC enabled" value="1" />
  <attribute name= "numThreadsSpecified" value="4" />
  <attribute name="heapSize specified" value="2092630016" />
  <attribute name="Current GC Util" value="15" />
  <attribute name= "Current Time Running" value="20386" />
  <attribute name ="GC Interval" value="200" />
  <attribute name="ProportionalT" value="-2.500000" />
  <attribute name="ProportionalI" value="-2.500000" />
  <attribute name="ProportionalH" value="-2.500000" />
  <attribute name="Current Error" value="-5.000000" />
  <attribute name="IntegralT" value="-60.000000" />
  <attribute name="IntegralI" value="-60.000000" />
  <attribute name="IntegralH" value="-60.000000" />
  <attribute name="DerivativeT" value="-0.208333" />
  <attribute name="DerivativeI" value="-0.208333" />
  <attribute name="DerivativeH" value="-0.208333" />
  <attribute name="Loop Time for DT" value="12.000000" />
  <attribute name="Output H" value="2092630016"/>
  <attribute name="Output I" value="200"/>
  <attribute name="Output T" value="4"/>
  <attribute name="Target GC Util Change" value ="20.000000" />
  <attribute name="Current GC Util Change" value="15.000000"/>
  <attribute name="GC Util currently" value="15" />
  <attribute name="CPU Util currently" value="379316343183" />
<allocation-satisfied id="3013" threadId="00000000015BE700" bytesRequested="1168" />
<af-end id="3014" timestamp="2019-06-14T20:52:36.069" threadId="00000000015BF088" success="true" from="nursery"/>
<exclusive-end id="3015" timestamp="2019-06-14T20:52:36.069" durationms="2.437" />

<exclusive-start id="3016" timestamp="2019-06-14T20:52:36.078" intervalms="11.624">
  <response-info timems="0.091" idlems="0.091" threads="0" lastid="00000000015BE700" lastname="main" />
</exclusive-start>
<af-start id="3017" threadId="00000000015BF088" totalBytesRequested="1168" timestamp="2019-06-14T20:52:36.078" intervalms="11.640" type="nursery" />
<cycle-start id="3018" type="scavenge" contextid="0" timestamp="2019-06-14T20:52:36.078" intervalms="11.609" />
<gc-start id="3019" type="scavenge" contextid="3018" timestamp="2019-06-14T20:52:36.079">
  <mem-info id="3020" free="1956988872" total="2092695552" percent="93">
    <mem type="nursery" free="0" total="108658688" percent="0">
      <mem type="allocate" free="0" total="97779712" percent="0" />
      <mem type="survivor" free="0" total="10878976" percent="0" />
    </mem>
    <mem type="tenure" free="1956988872" total="1984036864" percent="98">
      <mem type="soa" free="1857810376" total="1884835840" percent="98" />
      <mem type="loa" free="99178496" total="99201024" percent="99" />
    </mem>
    <remembered-set count="92" />
  </mem-info>
</gc-start>
<allocation-stats totalBytes="97416456" >
  <allocated-bytes non-tlh="1168" tlh="97415288" />
  <largest-consumer threadName="main" threadId="00000000015BE700" bytes="97416456" />
</allocation-stats>
<gc-op id="3021" type="scavenge" timems="0.437" contextid="3018" timestamp="2019-06-14T20:52:36.079">
  <scavenger-info tenureage="3" tenuremask="fff8" tiltratio="89" />
  <memory-copied type="nursery" objects="1" bytes="24" bytesdiscarded="39144" />
</gc-op>
<gc-end id="3022" type="scavenge" contextid="3018" durationms="1.088" usertimems="4.000" systemtimems="0.000" timestamp="2019-06-14T20:52:36.080" activeThreads="4">
  <mem-info id="3023" free="2054729416" total="2092695552" percent="98">
    <mem type="nursery" free="97740544" total="108658688" percent="89">
      <mem type="allocate" free="97740544" total="97779712" percent="99" />
      <mem type="survivor" free="0" total="10878976" percent="0" />
    </mem>
    <mem type="tenure" free="1956988872" total="1984036864" percent="98">
      <mem type="soa" free="1857810376" total="1884835840" percent="98" />
      <mem type="loa" free="99178496" total="99201024" percent="99" />
    </mem>
    <remembered-set count="92" />
  </mem-info>
</gc-end>
<cycle-end id="3024" type="scavenge" contextid="3018" timestamp="2019-06-14T20:52:36.080" />
  <attribute name="elasticGC enabled" value="1" />
  <attribute name= "numThreadsSpecified" value="4" />
  <attribute name="heapSize specified" value="2092630016" />
  <attribute name="Current GC Util" value="12" />
  <attribute name= "Current Time Running" value="20397" />
  <attribute name ="GC Interval" value="200" />
  <attribute name="ProportionalT" value="-4.000000" />
  <attribute name="ProportionalI" value="-4.000000" />
  <attribute name="ProportionalH" value="-4.000000" />
  <attribute name="Current Error" value="-8.000000" />
  <attribute name="IntegralT" value="-88.000000" />
  <attribute name="IntegralI" value="-88.000000" />
  <attribute name="IntegralH" value="-88.000000" />
  <attribute name="DerivativeT" value="-0.363636" />
  <attribute name="DerivativeI" value="-0.363636" />
  <attribute name="DerivativeH" value="-0.363636" />
  <attribute name="Loop Time for DT" value="11.000000" />
  <attribute name="Output H" value="2092630016"/>
  <attribute name="Output I" value="200"/>
  <attribute name="Output T" value="4"/>
  <attribute name="Target GC Util Change" value ="20.000000" />
  <attribute name="Current GC Util Change" value="12.000000"/>
  <attribute name="GC Util currently" value="12" />
  <attribute name="CPU Util currently" value="406629104981" />
<allocation-satisfied id="3025" threadId="00000000015BE700" bytesRequested="1168" />
<af-end id="3026" timestamp="2019-06-14T20:52:36.080" threadId="00000000015BF088" success="true" from="nursery"/>
<exclusive-end id="3027" timestamp="2019-06-14T20:52:36.080" durationms="2.268" />

<exclusive-start id="3028" timestamp="2019-06-14T20:52:36.089" intervalms="11.444">
  <response-info timems="0.141" idlems="0.141" threads="0" lastid="00000000015BE700" lastname="main" />
</exclusive-start>
<af-start id="3029" threadId="00000000015BF088" totalBytesRequested="1168" timestamp="2019-06-14T20:52:36.090" intervalms="11.443" type="nursery" />
<cycle-start id="3030" type="scavenge" contextid="0" timestamp="2019-06-14T20:52:36.090" intervalms="11.474" />
<gc-start id="3031" type="scavenge" contextid="3030" timestamp="2019-06-14T20:52:36.090">
  <mem-info id="3032" free="1956988872" total="2092695552" percent="93">
    <mem type="nursery" free="0" total="108658688" percent="0">
      <mem type="allocate" free="0" total="97779712" percent="0" />
      <mem type="survivor" free="0" total="10878976" percent="0" />
    </mem>
    <mem type="tenure" free="1956988872" total="1984036864" percent="98">
      <mem type="soa" free="1857810376" total="1884835840" percent="98" />
      <mem type="loa" free="99178496" total="99201024" percent="99" />
    </mem>
    <remembered-set count="92" />
  </mem-info>
</gc-start>
<allocation-stats totalBytes="97417688" >
  <allocated-bytes non-tlh="1168" tlh="97416520" />
  <largest-consumer threadName="main" threadId="00000000015BE700" bytes="97417688" />
</allocation-stats>
<gc-op id="3033" type="scavenge" timems="0.418" contextid="3030" timestamp="2019-06-14T20:52:36.091">
  <scavenger-info tenureage="3" tenuremask="fff8" tiltratio="89" />
  <memory-copied type="nursery" objects="1" bytes="24" bytesdiscarded="39144" />
</gc-op>
<gc-end id="3034" type="scavenge" contextid="3030" durationms="0.992" usertimems="0.000" systemtimems="0.000" timestamp="2019-06-14T20:52:36.091" activeThreads="4">
  <mem-info id="3035" free="2054729416" total="2092695552" percent="98">
    <mem type="nursery" free="97740544" total="108658688" percent="89">
      <mem type="allocate" free="97740544" total="97779712" percent="99" />
      <mem type="survivor" free="0" total="10878976" percent="0" />
    </mem>
    <mem type="tenure" free="1956988872" total="1984036864" percent="98">
      <mem type="soa" free="1857810376" total="1884835840" percent="98" />
      <mem type="loa" free="99178496" total="99201024" percent="99" />
    </mem>
    <remembered-set count="92" />
  </mem-info>
</gc-end>
<cycle-end id="3036" type="scavenge" contextid="3030" timestamp="2019-06-14T20:52:36.091" />
  <attribute name="elasticGC enabled" value="1" />
  <attribute name= "numThreadsSpecified" value="4" />
  <attribute name="heapSize specified" value="2092630016" />
  <attribute name="Current GC Util" value="10" />
  <attribute name= "Current Time Running" value="20409" />
  <attribute name ="GC Interval" value="200" />
  <attribute name="ProportionalT" value="-5.000000" />
  <attribute name="ProportionalI" value="-5.000000" />
  <attribute name="ProportionalH" value="-5.000000" />
  <attribute name="Current Error" value="-10.000000" />
  <attribute name="IntegralT" value="-120.000000" />
  <attribute name="IntegralI" value="-120.000000" />
  <attribute name="IntegralH" value="-120.000000" />
  <attribute name="DerivativeT" value="-0.416667" />
  <attribute name="DerivativeI" value="-0.416667" />
  <attribute name="DerivativeH" value="-0.416667" />
  <attribute name="Loop Time for DT" value="12.000000" />
  <attribute name="Output H" value="2092630016"/>
  <attribute name="Output I" value="200"/>
  <attribute name="Output T" value="4"/>
  <attribute name="Target GC Util Change" value ="20.000000" />
  <attribute name="Current GC Util Change" value="10.000000"/>
  <attribute name="GC Util currently" value="10" />
  <attribute name="CPU Util currently" value="402825138685" />
<allocation-satisfied id="3037" threadId="00000000015BE700" bytesRequested="1168" />
<af-end id="3038" timestamp="2019-06-14T20:52:36.091" threadId="00000000015BF088" success="true" from="nursery"/>
<exclusive-end id="3039" timestamp="2019-06-14T20:52:36.092" durationms="2.199" />

<exclusive-start id="3040" timestamp="2019-06-14T20:52:36.101" intervalms="12.069">
  <response-info timems="0.144" idlems="0.144" threads="0" lastid="00000000015BE700" lastname="main" />
</exclusive-start>
<af-start id="3041" threadId="00000000015BF088" totalBytesRequested="1168" timestamp="2019-06-14T20:52:36.102" intervalms="12.070" type="nursery" />
<cycle-start id="3042" type="scavenge" contextid="0" timestamp="2019-06-14T20:52:36.102" intervalms="12.061" />
<gc-start id="3043" type="scavenge" contextid="3042" timestamp="2019-06-14T20:52:36.102">
  <mem-info id="3044" free="1956988872" total="2092695552" percent="93">
    <mem type="nursery" free="0" total="108658688" percent="0">
      <mem type="allocate" free="0" total="97779712" percent="0" />
      <mem type="survivor" free="0" total="10878976" percent="0" />
    </mem>
    <mem type="tenure" free="1956988872" total="1984036864" percent="98">
      <mem type="soa" free="1857810376" total="1884835840" percent="98" />
      <mem type="loa" free="99178496" total="99201024" percent="99" />
    </mem>
    <remembered-set count="97" />
  </mem-info>
</gc-start>
<allocation-stats totalBytes="97224544" >
  <allocated-bytes non-tlh="1168" tlh="97223376" />
  <largest-consumer threadName="main" threadId="00000000015BE700" bytes="97224544" />
</allocation-stats>
<gc-op id="3045" type="scavenge" timems="0.539" contextid="3042" timestamp="2019-06-14T20:52:36.103">
  <scavenger-info tenureage="3" tenuremask="fff8" tiltratio="89" />
  <memory-copied type="nursery" objects="27" bytes="1928" bytesdiscarded="76408" />
</gc-op>
<gc-end id="3046" type="scavenge" contextid="3042" durationms="0.999" usertimems="0.000" systemtimems="0.000" timestamp="2019-06-14T20:52:36.103" activeThreads="4">
  <mem-info id="3047" free="2054690248" total="2092695552" percent="98">
    <mem type="nursery" free="97701376" total="108658688" percent="89">
      <mem type="allocate" free="97701376" total="97779712" percent="99" />
      <mem type="survivor" free="0" total="10878976" percent="0" />
    </mem>
    <mem type="tenure" free="1956988872" total="1984036864" percent="98">
      <mem type="soa" free="1857810376" total="1884835840" percent="98" />
      <mem type="loa" free="99178496" total="99201024" percent="99" />
    </mem>
    <remembered-set count="97" />
  </mem-info>
</gc-end>
<cycle-end id="3048" type="scavenge" contextid="3042" timestamp="2019-06-14T20:52:36.103" />
  <attribute name="elasticGC enabled" value="1" />
  <attribute name= "numThreadsSpecified" value="4" />
  <attribute name="heapSize specified" value="2092630016" />
  <attribute name="Current GC Util" value="10" />
  <attribute name= "Current Time Running" value="20421" />
  <attribute name ="GC Interval" value="200" />
  <attribute name="ProportionalT" value="-5.000000" />
  <attribute name="ProportionalI" value="-5.000000" />
  <attribute name="ProportionalH" value="-5.000000" />
  <attribute name="Current Error" value="-10.000000" />
  <attribute name="IntegralT" value="-120.000000" />
  <attribute name="IntegralI" value="-120.000000" />
  <attribute name="IntegralH" value="-120.000000" />
  <attribute name="DerivativeT" value="-0.416667" />
  <attribute name="DerivativeI" value="-0.416667" />
  <attribute name="DerivativeH" value="-0.416667" />
  <attribute name="Loop Time for DT" value="12.000000" />
  <attribute name="Output H" value="2092630016"/>
  <attribute name="Output I" value="200"/>
  <attribute name="Output T" value="4"/>
  <attribute name="Target GC Util Change" value ="20.000000" />
  <attribute name="Current GC Util Change" value="10.000000"/>
  <attribute name="GC Util currently" value="10" />
  <attribute name="CPU Util currently" value="389182914792" />
<allocation-satisfied id="3049" threadId="00000000015BE700" bytesRequested="1168" />
<af-end id="3050" timestamp="2019-06-14T20:52:36.103" threadId="00000000015BF088" success="true" from="nursery"/>
<exclusive-end id="3051" timestamp="2019-06-14T20:52:36.104" durationms="2.141" />

<exclusive-start id="3052" timestamp="2019-06-14T20:52:36.113" intervalms="11.814">
  <response-info timems="0.135" idlems="0.135" threads="0" lastid="00000000015BE700" lastname="main" />
</exclusive-start>
<af-start id="3053" threadId="00000000015BF088" totalBytesRequested="1168" timestamp="2019-06-14T20:52:36.114" intervalms="11.810" type="nursery" />
<cycle-start id="3054" type="scavenge" contextid="0" timestamp="2019-06-14T20:52:36.114" intervalms="11.820" />
<gc-start id="3055" type="scavenge" contextid="3054" timestamp="2019-06-14T20:52:36.114">
  <mem-info id="3056" free="1956988872" total="2092695552" percent="93">
    <mem type="nursery" free="0" total="108658688" percent="0">
      <mem type="allocate" free="0" total="97779712" percent="0" />
      <mem type="survivor" free="0" total="10878976" percent="0" />
    </mem>
    <mem type="tenure" free="1956988872" total="1984036864" percent="98">
      <mem type="soa" free="1857810376" total="1884835840" percent="98" />
      <mem type="loa" free="99178496" total="99201024" percent="99" />
    </mem>
    <remembered-set count="97" />
  </mem-info>
</gc-start>
<allocation-stats totalBytes="97089904" >
  <allocated-bytes non-tlh="1168" tlh="97088736" />
  <largest-consumer threadName="main" threadId="00000000015BE700" bytes="97089904" />
</allocation-stats>
<gc-op id="3057" type="scavenge" timems="0.566" contextid="3054" timestamp="2019-06-14T20:52:36.115">
  <scavenger-info tenureage="3" tenuremask="fff8" tiltratio="89" />
  <memory-copied type="nursery" objects="27" bytes="1928" bytesdiscarded="76408" />
</gc-op>
<gc-end id="3058" type="scavenge" contextid="3054" durationms="1.070" usertimems="0.000" systemtimems="0.000" timestamp="2019-06-14T20:52:36.115" activeThreads="4">
  <mem-info id="3059" free="2054690248" total="2092695552" percent="98">
    <mem type="nursery" free="97701376" total="108658688" percent="89">
      <mem type="allocate" free="97701376" total="97779712" percent="99" />
      <mem type="survivor" free="0" total="10878976" percent="0" />
    </mem>
    <mem type="tenure" free="1956988872" total="1984036864" percent="98">
      <mem type="soa" free="1857810376" total="1884835840" percent="98" />
      <mem type="loa" free="99178496" total="99201024" percent="99" />
    </mem>
    <remembered-set count="87" />
  </mem-info>
</gc-end>
<cycle-end id="3060" type="scavenge" contextid="3054" timestamp="2019-06-14T20:52:36.115" />
  <attribute name="elasticGC enabled" value="1" />
  <attribute name= "numThreadsSpecified" value="4" />
  <attribute name="heapSize specified" value="2092630016" />
  <attribute name="Current GC Util" value="10" />
  <attribute name= "Current Time Running" value="20432" />
  <attribute name ="GC Interval" value="200" />
  <attribute name="ProportionalT" value="-5.000000" />
  <attribute name="ProportionalI" value="-5.000000" />
  <attribute name="ProportionalH" value="-5.000000" />
  <attribute name="Current Error" value="-10.000000" />
  <attribute name="IntegralT" value="-110.000000" />
  <attribute name="IntegralI" value="-110.000000" />
  <attribute name="IntegralH" value="-110.000000" />
  <attribute name="DerivativeT" value="-0.454545" />
  <attribute name="DerivativeI" value="-0.454545" />
  <attribute name="DerivativeH" value="-0.454545" />
  <attribute name="Loop Time for DT" value="11.000000" />
  <attribute name="Output H" value="2092630016"/>
  <attribute name="Output I" value="200"/>
  <attribute name="Output T" value="4"/>
  <attribute name="Target GC Util Change" value ="20.000000" />
  <attribute name="Current GC Util Change" value="10.000000"/>
  <attribute name="GC Util currently" value="10" />
  <attribute name="CPU Util currently" value="387644005931" />
<allocation-satisfied id="3061" threadId="00000000015BE700" bytesRequested="1168" />
<af-end id="3062" timestamp="2019-06-14T20:52:36.115" threadId="00000000015BF088" success="true" from="nursery"/>
<exclusive-end id="3063" timestamp="2019-06-14T20:52:36.116" durationms="2.349" />

<exclusive-start id="3064" timestamp="2019-06-14T20:52:36.125" intervalms="12.051">
  <response-info timems="0.071" idlems="0.071" threads="0" lastid="00000000015BE700" lastname="main" />
</exclusive-start>
<af-start id="3065" threadId="00000000015BF088" totalBytesRequested="1168" timestamp="2019-06-14T20:52:36.126" intervalms="12.043" type="nursery" />
<cycle-start id="3066" type="scavenge" contextid="0" timestamp="2019-06-14T20:52:36.126" intervalms="12.059" />
<gc-start id="3067" type="scavenge" contextid="3066" timestamp="2019-06-14T20:52:36.126">
  <mem-info id="3068" free="1956988872" total="2092695552" percent="93">
    <mem type="nursery" free="0" total="108658688" percent="0">
      <mem type="allocate" free="0" total="97779712" percent="0" />
      <mem type="survivor" free="0" total="10878976" percent="0" />
    </mem>
    <mem type="tenure" free="1956988872" total="1984036864" percent="98">
      <mem type="soa" free="1857810376" total="1884835840" percent="98" />
      <mem type="loa" free="99178496" total="99201024" percent="99" />
    </mem>
    <remembered-set count="87" />
  </mem-info>
</gc-start>
<allocation-stats totalBytes="97088640" >
  <allocated-bytes non-tlh="1168" tlh="97087472" />
  <largest-consumer threadName="main" threadId="00000000015BE700" bytes="97088640" />
</allocation-stats>
<gc-op id="3069" type="scavenge" timems="0.586" contextid="3066" timestamp="2019-06-14T20:52:36.127">
  <scavenger-info tenureage="3" tenuremask="fff8" tiltratio="89" />
  <memory-copied type="nursery" objects="27" bytes="1928" bytesdiscarded="76408" />
</gc-op>
<gc-end id="3070" type="scavenge" contextid="3066" durationms="1.188" usertimems="0.000" systemtimems="0.000" timestamp="2019-06-14T20:52:36.127" activeThreads="4">
  <mem-info id="3071" free="2054690248" total="2092695552" percent="98">
    <mem type="nursery" free="97701376" total="108658688" percent="89">
      <mem type="allocate" free="97701376" total="97779712" percent="99" />
      <mem type="survivor" free="0" total="10878976" percent="0" />
    </mem>
    <mem type="tenure" free="1956988872" total="1984036864" percent="98">
      <mem type="soa" free="1857810376" total="1884835840" percent="98" />
      <mem type="loa" free="99178496" total="99201024" percent="99" />
    </mem>
    <remembered-set count="87" />
  </mem-info>
</gc-end>
<cycle-end id="3072" type="scavenge" contextid="3066" timestamp="2019-06-14T20:52:36.127" />
  <attribute name="elasticGC enabled" value="1" />
  <attribute name= "numThreadsSpecified" value="4" />
  <attribute name="heapSize specified" value="2092630016" />
  <attribute name="Current GC Util" value="13" />
  <attribute name= "Current Time Running" value="20445" />
  <attribute name ="GC Interval" value="200" />
  <attribute name="ProportionalT" value="-3.500000" />
  <attribute name="ProportionalI" value="-3.500000" />
  <attribute name="ProportionalH" value="-3.500000" />
  <attribute name="Current Error" value="-7.000000" />
  <attribute name="IntegralT" value="-91.000000" />
  <attribute name="IntegralI" value="-91.000000" />
  <attribute name="IntegralH" value="-91.000000" />
  <attribute name="DerivativeT" value="-0.269231" />
  <attribute name="DerivativeI" value="-0.269231" />
  <attribute name="DerivativeH" value="-0.269231" />
  <attribute name="Loop Time for DT" value="13.000000" />
  <attribute name="Output H" value="2092630016"/>
  <attribute name="Output I" value="200"/>
  <attribute name="Output T" value="4"/>
  <attribute name="Target GC Util Change" value ="20.000000" />
  <attribute name="Current GC Util Change" value="13.000000"/>
  <attribute name="GC Util currently" value="13" />
  <attribute name="CPU Util currently" value="379157262823" />
<allocation-satisfied id="3073" threadId="00000000015BE700" bytesRequested="1168" />
<af-end id="3074" timestamp="2019-06-14T20:52:36.128" threadId="00000000015BF088" success="true" from="nursery"/>
<exclusive-end id="3075" timestamp="2019-06-14T20:52:36.128" durationms="2.416" />

<exclusive-start id="3076" timestamp="2019-06-14T20:52:36.138" intervalms="12.239">
  <response-info timems="0.090" idlems="0.090" threads="0" lastid="00000000015BE700" lastname="main" />
</exclusive-start>
<af-start id="3077" threadId="00000000015BF088" totalBytesRequested="1168" timestamp="2019-06-14T20:52:36.138" intervalms="12.262" type="nursery" />
<cycle-start id="3078" type="scavenge" contextid="0" timestamp="2019-06-14T20:52:36.138" intervalms="12.237" />
<gc-start id="3079" type="scavenge" contextid="3078" timestamp="2019-06-14T20:52:36.138">
  <mem-info id="3080" free="1956988872" total="2092695552" percent="93">
    <mem type="nursery" free="0" total="108658688" percent="0">
      <mem type="allocate" free="0" total="97779712" percent="0" />
      <mem type="survivor" free="0" total="10878976" percent="0" />
    </mem>
    <mem type="tenure" free="1956988872" total="1984036864" percent="98">
      <mem type="soa" free="1857810376" total="1884835840" percent="98" />
      <mem type="loa" free="99178496" total="99201024" percent="99" />
    </mem>
    <remembered-set count="87" />
  </mem-info>
</gc-start>
<allocation-stats totalBytes="97089880" >
  <allocated-bytes non-tlh="1168" tlh="97088712" />
  <largest-consumer threadName="main" threadId="00000000015BE700" bytes="97089880" />
</allocation-stats>
<gc-op id="3081" type="scavenge" timems="0.604" contextid="3078" timestamp="2019-06-14T20:52:36.139">
  <scavenger-info tenureage="3" tenuremask="fff8" tiltratio="89" />
  <memory-copied type="nursery" objects="1" bytes="24" bytesdiscarded="39144" />
  <memory-copied type="tenure" objects="26" bytes="1904" bytesdiscarded="0" />
</gc-op>
<gc-end id="3082" type="scavenge" contextid="3078" durationms="1.174" usertimems="0.000" systemtimems="0.000" timestamp="2019-06-14T20:52:36.139" activeThreads="4">
  <mem-info id="3083" free="2054729416" total="2092695552" percent="98">
    <mem type="nursery" free="97740544" total="108658688" percent="89">
      <mem type="allocate" free="97740544" total="97779712" percent="99" />
      <mem type="survivor" free="0" total="10878976" percent="0" />
    </mem>
    <mem type="tenure" free="1956988872" total="1984036864" percent="98">
      <mem type="soa" free="1857810376" total="1884835840" percent="98" />
      <mem type="loa" free="99178496" total="99201024" percent="99" />
    </mem>
    <remembered-set count="92" />
  </mem-info>
</gc-end>
<cycle-end id="3084" type="scavenge" contextid="3078" timestamp="2019-06-14T20:52:36.140" />
  <attribute name="elasticGC enabled" value="1" />
  <attribute name= "numThreadsSpecified" value="4" />
  <attribute name="heapSize specified" value="2092630016" />
  <attribute name="Current GC Util" value="13" />
  <attribute name= "Current Time Running" value="20457" />
  <attribute name ="GC Interval" value="200" />
  <attribute name="ProportionalT" value="-3.500000" />
  <attribute name="ProportionalI" value="-3.500000" />
  <attribute name="ProportionalH" value="-3.500000" />
  <attribute name="Current Error" value="-7.000000" />
  <attribute name="IntegralT" value="-84.000000" />
  <attribute name="IntegralI" value="-84.000000" />
  <attribute name="IntegralH" value="-84.000000" />
  <attribute name="DerivativeT" value="-0.291667" />
  <attribute name="DerivativeI" value="-0.291667" />
  <attribute name="DerivativeH" value="-0.291667" />
  <attribute name="Loop Time for DT" value="12.000000" />
  <attribute name="Output H" value="2092630016"/>
  <attribute name="Output I" value="200"/>
  <attribute name="Output T" value="4"/>
  <attribute name="Target GC Util Change" value ="20.000000" />
  <attribute name="Current GC Util Change" value="13.000000"/>
  <attribute name="GC Util currently" value="13" />
  <attribute name="CPU Util currently" value="376424553865" />
<allocation-satisfied id="3085" threadId="00000000015BE700" bytesRequested="1168" />
<af-end id="3086" timestamp="2019-06-14T20:52:36.140" threadId="00000000015BF088" success="true" from="nursery"/>
<exclusive-end id="3087" timestamp="2019-06-14T20:52:36.140" durationms="2.418" />

<exclusive-start id="3088" timestamp="2019-06-14T20:52:36.202" intervalms="64.174">
  <response-info timems="0.089" idlems="0.089" threads="0" lastid="00000000015BE700" lastname="main" />
</exclusive-start>
<af-start id="3089" threadId="00000000015BF088" totalBytesRequested="32" timestamp="2019-06-14T20:52:36.202" intervalms="64.103" type="nursery" />
<cycle-start id="3090" type="scavenge" contextid="0" timestamp="2019-06-14T20:52:36.202" intervalms="64.085" />
<gc-start id="3091" type="scavenge" contextid="3090" timestamp="2019-06-14T20:52:36.202">
  <mem-info id="3092" free="1956988872" total="2092695552" percent="93">
    <mem type="nursery" free="0" total="108658688" percent="0">
      <mem type="allocate" free="0" total="97779712" percent="0" />
      <mem type="survivor" free="0" total="10878976" percent="0" />
    </mem>
    <mem type="tenure" free="1956988872" total="1984036864" percent="98">
      <mem type="soa" free="1857810376" total="1884835840" percent="98" />
      <mem type="loa" free="99178496" total="99201024" percent="99" />
    </mem>
    <remembered-set count="102" />
  </mem-info>
</gc-start>
<allocation-stats totalBytes="97722160" >
  <allocated-bytes non-tlh="1168" tlh="97720992" />
  <largest-consumer threadName="main" threadId="00000000015BE700" bytes="97722160" />
</allocation-stats>
<gc-op id="3093" type="scavenge" timems="0.804" contextid="3090" timestamp="2019-06-14T20:52:36.203">
  <scavenger-info tenureage="3" tenuremask="ffe8" tiltratio="89" />
  <memory-copied type="nursery" objects="245" bytes="7968" bytesdiscarded="70320" />
  <references type="weak" candidates="37" cleared="0" enqueued="0" />
</gc-op>
<gc-end id="3094" type="scavenge" contextid="3090" durationms="1.329" usertimems="0.000" systemtimems="0.000" timestamp="2019-06-14T20:52:36.204" activeThreads="4">
  <mem-info id="3095" free="2054690248" total="2092695552" percent="98">
    <mem type="nursery" free="97701376" total="108658688" percent="89">
      <mem type="allocate" free="97701376" total="97779712" percent="99" />
      <mem type="survivor" free="0" total="10878976" percent="0" />
    </mem>
    <mem type="tenure" free="1956988872" total="1984036864" percent="98">
      <mem type="soa" free="1857810376" total="1884835840" percent="98" />
      <mem type="loa" free="99178496" total="99201024" percent="99" />
    </mem>
    <remembered-set count="102" />
  </mem-info>
</gc-end>
<cycle-end id="3096" type="scavenge" contextid="3090" timestamp="2019-06-14T20:52:36.204" />
  <attribute name="elasticGC enabled" value="1" />
  <attribute name= "numThreadsSpecified" value="4" />
  <attribute name="heapSize specified" value="2092630016" />
  <attribute name="Current GC Util" value="2" />
  <attribute name= "Current Time Running" value="20521" />
  <attribute name ="GC Interval" value="200" />
  <attribute name="ProportionalT" value="-9.000000" />
  <attribute name="ProportionalI" value="-9.000000" />
  <attribute name="ProportionalH" value="-9.000000" />
  <attribute name="Current Error" value="-18.000000" />
  <attribute name="IntegralT" value="-1152.000000" />
  <attribute name="IntegralI" value="-1152.000000" />
  <attribute name="IntegralH" value="-1152.000000" />
  <attribute name="DerivativeT" value="-0.140625" />
  <attribute name="DerivativeI" value="-0.140625" />
  <attribute name="DerivativeH" value="-0.140625" />
  <attribute name="Loop Time for DT" value="64.000000" />
  <attribute name="Output H" value="2092630016"/>
  <attribute name="Output I" value="200"/>
  <attribute name="Output T" value="4"/>
  <attribute name="Target GC Util Change" value ="20.000000" />
  <attribute name="Current GC Util Change" value="2.000000"/>
  <attribute name="GC Util currently" value="2" />
  <attribute name="CPU Util currently" value="72028472813" />
<allocation-satisfied id="3097" threadId="00000000015BE700" bytesRequested="32" />
<af-end id="3098" timestamp="2019-06-14T20:52:36.204" threadId="00000000015BF088" success="true" from="nursery"/>
<exclusive-end id="3099" timestamp="2019-06-14T20:52:36.204" durationms="2.451" />

<exclusive-start id="3100" timestamp="2019-06-14T20:52:36.233" intervalms="31.393">
  <response-info timems="0.078" idlems="0.078" threads="0" lastid="00000000015BE700" lastname="main" />
</exclusive-start>
<af-start id="3101" threadId="00000000015BF088" totalBytesRequested="176" timestamp="2019-06-14T20:52:36.233" intervalms="31.389" type="nursery" />
<cycle-start id="3102" type="scavenge" contextid="0" timestamp="2019-06-14T20:52:36.233" intervalms="31.384" />
<gc-start id="3103" type="scavenge" contextid="3102" timestamp="2019-06-14T20:52:36.234">
  <mem-info id="3104" free="1956988872" total="2092695552" percent="93">
    <mem type="nursery" free="0" total="108658688" percent="0">
      <mem type="allocate" free="0" total="97779712" percent="0" />
      <mem type="survivor" free="0" total="10878976" percent="0" />
    </mem>
    <mem type="tenure" free="1956988872" total="1984036864" percent="98">
      <mem type="soa" free="1857810376" total="1884835840" percent="98" />
      <mem type="loa" free="99178496" total="99201024" percent="99" />
    </mem>
    <remembered-set count="104" />
  </mem-info>
</gc-start>
<allocation-stats totalBytes="97656424" >
  <allocated-bytes non-tlh="32" tlh="97656392" />
  <largest-consumer threadName="main" threadId="00000000015BE700" bytes="97656424" />
</allocation-stats>
<gc-op id="3105" type="scavenge" timems="0.993" contextid="3102" timestamp="2019-06-14T20:52:36.235">
  <scavenger-info tenureage="3" tenuremask="fff8" tiltratio="89" />
  <memory-copied type="nursery" objects="78" bytes="2424" bytesdiscarded="75912" />
  <references type="weak" candidates="37" cleared="7" enqueued="3" />
</gc-op>
<gc-end id="3106" type="scavenge" contextid="3102" durationms="1.560" usertimems="0.000" systemtimems="0.000" timestamp="2019-06-14T20:52:36.235" activeThreads="4">
  <mem-info id="3107" free="2054690248" total="2092695552" percent="98">
    <mem type="nursery" free="97701376" total="108658688" percent="89">
      <mem type="allocate" free="97701376" total="97779712" percent="99" />
      <mem type="survivor" free="0" total="10878976" percent="0" />
    </mem>
    <mem type="tenure" free="1956988872" total="1984036864" percent="98">
      <mem type="soa" free="1857810376" total="1884835840" percent="98" />
      <mem type="loa" free="99178496" total="99201024" percent="99" />
    </mem>
    <pending-finalizers system="0" default="0" reference="3" classloader="0" />
    <remembered-set count="94" />
  </mem-info>
</gc-end>
<cycle-end id="3108" type="scavenge" contextid="3102" timestamp="2019-06-14T20:52:36.235" />
  <attribute name="elasticGC enabled" value="1" />
  <attribute name= "numThreadsSpecified" value="4" />
  <attribute name="heapSize specified" value="2092630016" />
  <attribute name="Current GC Util" value="5" />
  <attribute name= "Current Time Running" value="20552" />
  <attribute name ="GC Interval" value="200" />
  <attribute name="ProportionalT" value="-7.500000" />
  <attribute name="ProportionalI" value="-7.500000" />
  <attribute name="ProportionalH" value="-7.500000" />
  <attribute name="Current Error" value="-15.000000" />
  <attribute name="IntegralT" value="-465.000000" />
  <attribute name="IntegralI" value="-465.000000" />
  <attribute name="IntegralH" value="-465.000000" />
  <attribute name="DerivativeT" value="-0.241935" />
  <attribute name="DerivativeI" value="-0.241935" />
  <attribute name="DerivativeH" value="-0.241935" />
  <attribute name="Loop Time for DT" value="31.000000" />
  <attribute name="Output H" value="2092630016"/>
  <attribute name="Output I" value="200"/>
  <attribute name="Output T" value="4"/>
  <attribute name="Target GC Util Change" value ="20.000000" />
  <attribute name="Current GC Util Change" value="5.000000"/>
  <attribute name="GC Util currently" value="5" />
  <attribute name="CPU Util currently" value="146728434558" />
<allocation-satisfied id="3109" threadId="00000000015BE700" bytesRequested="176" />
<af-end id="3110" timestamp="2019-06-14T20:52:36.236" threadId="00000000015BF088" success="true" from="nursery"/>
<exclusive-end id="3111" timestamp="2019-06-14T20:52:36.236" durationms="2.557" />

<exclusive-start id="3112" timestamp="2019-06-14T20:52:36.250" intervalms="17.222">
  <response-info timems="0.070" idlems="0.070" threads="0" lastid="00000000015BE700" lastname="main" />
</exclusive-start>
<af-start id="3113" threadId="00000000015BF088" totalBytesRequested="16" timestamp="2019-06-14T20:52:36.250" intervalms="17.172" type="nursery" />
<cycle-start id="3114" type="scavenge" contextid="0" timestamp="2019-06-14T20:52:36.251" intervalms="17.177" />
<gc-start id="3115" type="scavenge" contextid="3114" timestamp="2019-06-14T20:52:36.251">
  <mem-info id="3116" free="1956988872" total="2092695552" percent="93">
    <mem type="nursery" free="0" total="108658688" percent="0">
      <mem type="allocate" free="0" total="97779712" percent="0" />
      <mem type="survivor" free="0" total="10878976" percent="0" />
    </mem>
    <mem type="tenure" free="1956988872" total="1984036864" percent="98">
      <mem type="soa" free="1857810376" total="1884835840" percent="98" />
      <mem type="loa" free="99178496" total="99201024" percent="99" />
    </mem>
    <remembered-set count="95" />
  </mem-info>
</gc-start>
<allocation-stats totalBytes="97650936" >
  <allocated-bytes non-tlh="176" tlh="97650760" />
  <largest-consumer threadName="main" threadId="00000000015BE700" bytes="97650936" />
</allocation-stats>
<gc-op id="3117" type="scavenge" timems="0.765" contextid="3114" timestamp="2019-06-14T20:52:36.252">
  <scavenger-info tenureage="3" tenuremask="fff8" tiltratio="89" />
  <memory-copied type="nursery" objects="81" bytes="2920" bytesdiscarded="215192" />
  <references type="weak" candidates="30" cleared="0" enqueued="0" />
</gc-op>
<gc-end id="3118" type="scavenge" contextid="3114" durationms="1.335" usertimems="4.000" systemtimems="0.000" timestamp="2019-06-14T20:52:36.252" activeThreads="4">
  <mem-info id="3119" free="2054550472" total="2092695552" percent="98">
    <mem type="nursery" free="97561600" total="108658688" percent="89">
      <mem type="allocate" free="97561600" total="97779712" percent="99" />
      <mem type="survivor" free="0" total="10878976" percent="0" />
    </mem>
    <mem type="tenure" free="1956988872" total="1984036864" percent="98">
      <mem type="soa" free="1857810376" total="1884835840" percent="98" />
      <mem type="loa" free="99178496" total="99201024" percent="99" />
    </mem>
    <remembered-set count="95" />
  </mem-info>
</gc-end>
<cycle-end id="3120" type="scavenge" contextid="3114" timestamp="2019-06-14T20:52:36.252" />
  <attribute name="elasticGC enabled" value="1" />
  <attribute name= "numThreadsSpecified" value="4" />
  <attribute name="heapSize specified" value="2092630016" />
  <attribute name="Current GC Util" value="13" />
  <attribute name= "Current Time Running" value="20569" />
  <attribute name ="GC Interval" value="200" />
  <attribute name="ProportionalT" value="-3.500000" />
  <attribute name="ProportionalI" value="-3.500000" />
  <attribute name="ProportionalH" value="-3.500000" />
  <attribute name="Current Error" value="-7.000000" />
  <attribute name="IntegralT" value="-119.000000" />
  <attribute name="IntegralI" value="-119.000000" />
  <attribute name="IntegralH" value="-119.000000" />
  <attribute name="DerivativeT" value="-0.205882" />
  <attribute name="DerivativeI" value="-0.205882" />
  <attribute name="DerivativeH" value="-0.205882" />
  <attribute name="Loop Time for DT" value="17.000000" />
  <attribute name="Output H" value="2092630016"/>
  <attribute name="Output I" value="200"/>
  <attribute name="Output T" value="4"/>
  <attribute name="Target GC Util Change" value ="20.000000" />
  <attribute name="Current GC Util Change" value="13.000000"/>
  <attribute name="GC Util currently" value="13" />
  <attribute name="CPU Util currently" value="268424411161" />
<allocation-satisfied id="3121" threadId="00000000015BE700" bytesRequested="16" />
<af-end id="3122" timestamp="2019-06-14T20:52:36.253" threadId="00000000015BF088" success="true" from="nursery"/>
<exclusive-end id="3123" timestamp="2019-06-14T20:52:36.253" durationms="2.289" />

<exclusive-start id="3124" timestamp="2019-06-14T20:52:36.268" intervalms="17.591">
  <response-info timems="0.065" idlems="0.065" threads="0" lastid="00000000015BE700" lastname="main" />
</exclusive-start>
<af-start id="3125" threadId="00000000015BF088" totalBytesRequested="40" timestamp="2019-06-14T20:52:36.268" intervalms="17.625" type="nursery" />
<cycle-start id="3126" type="scavenge" contextid="0" timestamp="2019-06-14T20:52:36.268" intervalms="17.636" />
<gc-start id="3127" type="scavenge" contextid="3126" timestamp="2019-06-14T20:52:36.268">
  <mem-info id="3128" free="1956988872" total="2092695552" percent="93">
    <mem type="nursery" free="0" total="108658688" percent="0">
      <mem type="allocate" free="0" total="97779712" percent="0" />
      <mem type="survivor" free="0" total="10878976" percent="0" />
    </mem>
    <mem type="tenure" free="1956988872" total="1984036864" percent="98">
      <mem type="soa" free="1857810376" total="1884835840" percent="98" />
      <mem type="loa" free="99178496" total="99201024" percent="99" />
    </mem>
    <remembered-set count="97" />
  </mem-info>
</gc-start>
<allocation-stats totalBytes="97496904" >
  <allocated-bytes non-tlh="16" tlh="97496888" />
  <largest-consumer threadName="main" threadId="00000000015BE700" bytes="97496904" />
</allocation-stats>
<gc-op id="3129" type="scavenge" timems="1.001" contextid="3126" timestamp="2019-06-14T20:52:36.270">
  <scavenger-info tenureage="3" tenuremask="fff8" tiltratio="89" />
  <memory-copied type="nursery" objects="30" bytes="1288" bytesdiscarded="77048" />
  <memory-copied type="tenure" objects="56" bytes="1616" bytesdiscarded="0" />
</gc-op>
<gc-end id="3130" type="scavenge" contextid="3126" durationms="1.487" usertimems="0.000" systemtimems="0.000" timestamp="2019-06-14T20:52:36.270" activeThreads="4">
  <mem-info id="3131" free="2054690248" total="2092695552" percent="98">
    <mem type="nursery" free="97701376" total="108658688" percent="89">
      <mem type="allocate" free="97701376" total="97779712" percent="99" />
      <mem type="survivor" free="0" total="10878976" percent="0" />
    </mem>
    <mem type="tenure" free="1956988872" total="1984036864" percent="98">
      <mem type="soa" free="1857810376" total="1884835840" percent="98" />
      <mem type="loa" free="99178496" total="99201024" percent="99" />
    </mem>
    <remembered-set count="87" />
  </mem-info>
</gc-end>
<cycle-end id="3132" type="scavenge" contextid="3126" timestamp="2019-06-14T20:52:36.270" />
  <attribute name="elasticGC enabled" value="1" />
  <attribute name= "numThreadsSpecified" value="4" />
  <attribute name="heapSize specified" value="2092630016" />
  <attribute name="Current GC Util" value="11" />
  <attribute name= "Current Time Running" value="20587" />
  <attribute name ="GC Interval" value="200" />
  <attribute name="ProportionalT" value="-4.500000" />
  <attribute name="ProportionalI" value="-4.500000" />
  <attribute name="ProportionalH" value="-4.500000" />
  <attribute name="Current Error" value="-9.000000" />
  <attribute name="IntegralT" value="-162.000000" />
  <attribute name="IntegralI" value="-162.000000" />
  <attribute name="IntegralH" value="-162.000000" />
  <attribute name="DerivativeT" value="-0.250000" />
  <attribute name="DerivativeI" value="-0.250000" />
  <attribute name="DerivativeH" value="-0.250000" />
  <attribute name="Loop Time for DT" value="18.000000" />
  <attribute name="Output H" value="2092630016"/>
  <attribute name="Output I" value="200"/>
  <attribute name="Output T" value="4"/>
  <attribute name="Target GC Util Change" value ="20.000000" />
  <attribute name="Current GC Util Change" value="11.000000"/>
  <attribute name="GC Util currently" value="11" />
  <attribute name="CPU Util currently" value="262317310125" />
<allocation-satisfied id="3133" threadId="00000000015BE700" bytesRequested="40" />
<af-end id="3134" timestamp="2019-06-14T20:52:36.270" threadId="00000000015BF088" success="true" from="nursery"/>
<exclusive-end id="3135" timestamp="2019-06-14T20:52:36.270" durationms="2.453" />

<exclusive-start id="3136" timestamp="2019-06-14T20:52:36.294" intervalms="26.394">
  <response-info timems="0.076" idlems="0.076" threads="0" lastid="00000000015BE700" lastname="main" />
</exclusive-start>
<af-start id="3137" threadId="00000000015BF088" totalBytesRequested="64" timestamp="2019-06-14T20:52:36.295" intervalms="26.423" type="nursery" />
<cycle-start id="3138" type="scavenge" contextid="0" timestamp="2019-06-14T20:52:36.295" intervalms="26.431" />
<gc-start id="3139" type="scavenge" contextid="3138" timestamp="2019-06-14T20:52:36.295">
  <mem-info id="3140" free="1956988872" total="2092695552" percent="93">
    <mem type="nursery" free="0" total="108658688" percent="0">
      <mem type="allocate" free="0" total="97779712" percent="0" />
      <mem type="survivor" free="0" total="10878976" percent="0" />
    </mem>
    <mem type="tenure" free="1956988872" total="1984036864" percent="98">
      <mem type="soa" free="1857810376" total="1884835840" percent="98" />
      <mem type="loa" free="99178496" total="99201024" percent="99" />
    </mem>
    <remembered-set count="89" />
  </mem-info>
</gc-start>
<allocation-stats totalBytes="97646792" >
  <allocated-bytes non-tlh="40" tlh="97646752" />
  <largest-consumer threadName="main" threadId="00000000015BE700" bytes="97646792" />
</allocation-stats>
<gc-op id="3141" type="scavenge" timems="0.714" contextid="3138" timestamp="2019-06-14T20:52:36.296">
  <scavenger-info tenureage="5" tenuremask="ffe0" tiltratio="89" />
  <memory-copied type="nursery" objects="54" bytes="2000" bytesdiscarded="76336" />
</gc-op>
<gc-end id="3142" type="scavenge" contextid="3138" durationms="1.308" usertimems="4.000" systemtimems="0.000" timestamp="2019-06-14T20:52:36.296" activeThreads="4">
  <mem-info id="3143" free="2054690248" total="2092695552" percent="98">
    <mem type="nursery" free="97701376" total="108658688" percent="89">
      <mem type="allocate" free="97701376" total="97779712" percent="99" />
      <mem type="survivor" free="0" total="10878976" percent="0" />
    </mem>
    <mem type="tenure" free="1956988872" total="1984036864" percent="98">
      <mem type="soa" free="1857810376" total="1884835840" percent="98" />
      <mem type="loa" free="99178496" total="99201024" percent="99" />
    </mem>
    <remembered-set count="89" />
  </mem-info>
</gc-end>
<cycle-end id="3144" type="scavenge" contextid="3138" timestamp="2019-06-14T20:52:36.296" />
  <attribute name="elasticGC enabled" value="1" />
  <attribute name= "numThreadsSpecified" value="4" />
  <attribute name="heapSize specified" value="2092630016" />
  <attribute name="Current GC Util" value="8" />
  <attribute name= "Current Time Running" value="20614" />
  <attribute name ="GC Interval" value="200" />
  <attribute name="ProportionalT" value="-6.000000" />
  <attribute name="ProportionalI" value="-6.000000" />
  <attribute name="ProportionalH" value="-6.000000" />
  <attribute name="Current Error" value="-12.000000" />
  <attribute name="IntegralT" value="-324.000000" />
  <attribute name="IntegralI" value="-324.000000" />
  <attribute name="IntegralH" value="-324.000000" />
  <attribute name="DerivativeT" value="-0.222222" />
  <attribute name="DerivativeI" value="-0.222222" />
  <attribute name="DerivativeH" value="-0.222222" />
  <attribute name="Loop Time for DT" value="27.000000" />
  <attribute name="Output H" value="2092630016"/>
  <attribute name="Output I" value="200"/>
  <attribute name="Output T" value="4"/>
  <attribute name="Target GC Util Change" value ="20.000000" />
  <attribute name="Current GC Util Change" value="8.000000"/>
  <attribute name="GC Util currently" value="8" />
  <attribute name="CPU Util currently" value="174239741261" />
<allocation-satisfied id="3145" threadId="00000000015BE700" bytesRequested="64" />
<af-end id="3146" timestamp="2019-06-14T20:52:36.297" threadId="00000000015BF088" success="true" from="nursery"/>
<exclusive-end id="3147" timestamp="2019-06-14T20:52:36.297" durationms="2.295" />

<exclusive-start id="3148" timestamp="2019-06-14T20:52:36.468" intervalms="173.893">
  <response-info timems="0.134" idlems="0.134" threads="0" lastid="00000000015BE700" lastname="main" />
</exclusive-start>
<af-start id="3149" threadId="00000000015BF088" totalBytesRequested="17256" timestamp="2019-06-14T20:52:36.468" intervalms="173.956" type="nursery" />
<cycle-start id="3150" type="scavenge" contextid="0" timestamp="2019-06-14T20:52:36.469" intervalms="173.968" />
<gc-start id="3151" type="scavenge" contextid="3150" timestamp="2019-06-14T20:52:36.469">
  <mem-info id="3152" free="1956988872" total="2092695552" percent="93">
    <mem type="nursery" free="0" total="108658688" percent="0">
      <mem type="allocate" free="0" total="97779712" percent="0" />
      <mem type="survivor" free="0" total="10878976" percent="0" />
    </mem>
    <mem type="tenure" free="1956988872" total="1984036864" percent="98">
      <mem type="soa" free="1857810376" total="1884835840" percent="98" />
      <mem type="loa" free="99178496" total="99201024" percent="99" />
    </mem>
    <remembered-set count="101" />
  </mem-info>
</gc-start>
<allocation-stats totalBytes="93779520" >
  <allocated-bytes non-tlh="64" tlh="93779456" />
  <largest-consumer threadName="main" threadId="00000000015BE700" bytes="93779520" />
</allocation-stats>
<gc-op id="3153" type="scavenge" timems="0.787" contextid="3150" timestamp="2019-06-14T20:52:36.470">
  <scavenger-info tenureage="3" tenuremask="fff8" tiltratio="89" />
  <memory-copied type="nursery" objects="78" bytes="22736" bytesdiscarded="55600" />
  <memory-copied type="tenure" objects="6" bytes="144" bytesdiscarded="0" />
</gc-op>
<gc-end id="3154" type="scavenge" contextid="3150" durationms="1.510" usertimems="0.000" systemtimems="0.000" timestamp="2019-06-14T20:52:36.470" activeThreads="4">
  <mem-info id="3155" free="2054690248" total="2092695552" percent="98">
    <mem type="nursery" free="97701376" total="108658688" percent="89">
      <mem type="allocate" free="97701376" total="97779712" percent="99" />
      <mem type="survivor" free="0" total="10878976" percent="0" />
    </mem>
    <mem type="tenure" free="1956988872" total="1984036864" percent="98">
      <mem type="soa" free="1857810376" total="1884835840" percent="98" />
      <mem type="loa" free="99178496" total="99201024" percent="99" />
    </mem>
    <remembered-set count="99" />
  </mem-info>
</gc-end>
<cycle-end id="3156" type="scavenge" contextid="3150" timestamp="2019-06-14T20:52:36.471" />
  <attribute name="elasticGC enabled" value="1" />
  <attribute name= "numThreadsSpecified" value="4" />
  <attribute name="heapSize specified" value="2092630016" />
  <attribute name="Current GC Util" value="1" />
  <attribute name= "Current Time Running" value="20788" />
  <attribute name ="GC Interval" value="200" />
  <attribute name="ProportionalT" value="-9.500000" />
  <attribute name="ProportionalI" value="-9.500000" />
  <attribute name="ProportionalH" value="-9.500000" />
  <attribute name="Current Error" value="-19.000000" />
  <attribute name="IntegralT" value="-3306.000000" />
  <attribute name="IntegralI" value="-3306.000000" />
  <attribute name="IntegralH" value="-3306.000000" />
  <attribute name="DerivativeT" value="-0.054598" />
  <attribute name="DerivativeI" value="-0.054598" />
  <attribute name="DerivativeH" value="-0.054598" />
  <attribute name="Loop Time for DT" value="174.000000" />
  <attribute name="Output H" value="2092630016"/>
  <attribute name="Output I" value="200"/>
  <attribute name="Output T" value="4"/>
  <attribute name="Target GC Util Change" value ="20.000000" />
  <attribute name="Current GC Util Change" value="1.000000"/>
  <attribute name="GC Util currently" value="1" />
  <attribute name="CPU Util currently" value="26484912200" />
<allocation-satisfied id="3157" threadId="00000000015BE700" bytesRequested="17256" />
<af-end id="3158" timestamp="2019-06-14T20:52:36.471" threadId="00000000015BF088" success="true" from="nursery"/>
<exclusive-end id="3159" timestamp="2019-06-14T20:52:36.471" durationms="2.787" />

<exclusive-start id="3160" timestamp="2019-06-14T20:52:36.627" intervalms="158.537">
  <response-info timems="0.090" idlems="0.090" threads="0" lastid="00000000015BE700" lastname="main" />
</exclusive-start>
<af-start id="3161" threadId="00000000015BF088" totalBytesRequested="80" timestamp="2019-06-14T20:52:36.627" intervalms="158.508" type="nursery" />
<cycle-start id="3162" type="scavenge" contextid="0" timestamp="2019-06-14T20:52:36.627" intervalms="158.515" />
<gc-start id="3163" type="scavenge" contextid="3162" timestamp="2019-06-14T20:52:36.627">
  <mem-info id="3164" free="1956988872" total="2092695552" percent="93">
    <mem type="nursery" free="0" total="108658688" percent="0">
      <mem type="allocate" free="0" total="97779712" percent="0" />
      <mem type="survivor" free="0" total="10878976" percent="0" />
    </mem>
    <mem type="tenure" free="1956988872" total="1984036864" percent="98">
      <mem type="soa" free="1857810376" total="1884835840" percent="98" />
      <mem type="loa" free="99178496" total="99201024" percent="99" />
    </mem>
    <remembered-set count="113" />
  </mem-info>
</gc-start>
<allocation-stats totalBytes="97689344" >
  <allocated-bytes non-tlh="17256" tlh="97672088" />
  <largest-consumer threadName="main" threadId="00000000015BE700" bytes="97689344" />
</allocation-stats>
<gc-op id="3165" type="scavenge" timems="0.767" contextid="3162" timestamp="2019-06-14T20:52:36.628">
  <scavenger-info tenureage="3" tenuremask="ffd8" tiltratio="89" />
  <memory-copied type="nursery" objects="116" bytes="3264" bytesdiscarded="75072" />
  <memory-copied type="tenure" objects="6" bytes="144" bytesdiscarded="0" />
</gc-op>
<gc-end id="3166" type="scavenge" contextid="3162" durationms="1.417" usertimems="4.000" systemtimems="0.000" timestamp="2019-06-14T20:52:36.629" activeThreads="4">
  <mem-info id="3167" free="2054690248" total="2092695552" percent="98">
    <mem type="nursery" free="97701376" total="108658688" percent="89">
      <mem type="allocate" free="97701376" total="97779712" percent="99" />
      <mem type="survivor" free="0" total="10878976" percent="0" />
    </mem>
    <mem type="tenure" free="1956988872" total="1984036864" percent="98">
      <mem type="soa" free="1857810376" total="1884835840" percent="98" />
      <mem type="loa" free="99178496" total="99201024" percent="99" />
    </mem>
    <remembered-set count="111" />
  </mem-info>
</gc-end>
<cycle-end id="3168" type="scavenge" contextid="3162" timestamp="2019-06-14T20:52:36.629" />
  <attribute name="elasticGC enabled" value="1" />
  <attribute name= "numThreadsSpecified" value="4" />
  <attribute name="heapSize specified" value="2092630016" />
  <attribute name="Current GC Util" value="1" />
  <attribute name= "Current Time Running" value="20946" />
  <attribute name ="GC Interval" value="200" />
  <attribute name="ProportionalT" value="-9.500000" />
  <attribute name="ProportionalI" value="-9.500000" />
  <attribute name="ProportionalH" value="-9.500000" />
  <attribute name="Current Error" value="-19.000000" />
  <attribute name="IntegralT" value="-3002.000000" />
  <attribute name="IntegralI" value="-3002.000000" />
  <attribute name="IntegralH" value="-3002.000000" />
  <attribute name="DerivativeT" value="-0.060127" />
  <attribute name="DerivativeI" value="-0.060127" />
  <attribute name="DerivativeH" value="-0.060127" />
  <attribute name="Loop Time for DT" value="158.000000" />
  <attribute name="Output H" value="2092630016"/>
  <attribute name="Output I" value="200"/>
  <attribute name="Output T" value="4"/>
  <attribute name="Target GC Util Change" value ="20.000000" />
  <attribute name="Current GC Util Change" value="1.000000"/>
  <attribute name="GC Util currently" value="1" />
  <attribute name="CPU Util currently" value="29106739977" />
<allocation-satisfied id="3169" threadId="00000000015BE700" bytesRequested="80" />
<af-end id="3170" timestamp="2019-06-14T20:52:36.629" threadId="00000000015BF088" success="true" from="nursery"/>
<exclusive-end id="3171" timestamp="2019-06-14T20:52:36.629" durationms="2.715" />

<exclusive-start id="3172" timestamp="2019-06-14T20:52:36.708" intervalms="81.572">
  <response-info timems="0.059" idlems="0.059" threads="0" lastid="00000000015BE700" lastname="main" />
</exclusive-start>
<af-start id="3173" threadId="00000000015BF088" totalBytesRequested="24" timestamp="2019-06-14T20:52:36.709" intervalms="81.550" type="nursery" />
<cycle-start id="3174" type="scavenge" contextid="0" timestamp="2019-06-14T20:52:36.709" intervalms="81.526" />
<gc-start id="3175" type="scavenge" contextid="3174" timestamp="2019-06-14T20:52:36.709">
  <mem-info id="3176" free="1956988872" total="2092695552" percent="93">
    <mem type="nursery" free="0" total="108658688" percent="0">
      <mem type="allocate" free="0" total="97779712" percent="0" />
      <mem type="survivor" free="0" total="10878976" percent="0" />
    </mem>
    <mem type="tenure" free="1956988872" total="1984036864" percent="98">
      <mem type="soa" free="1857810376" total="1884835840" percent="98" />
      <mem type="loa" free="99178496" total="99201024" percent="99" />
    </mem>
    <remembered-set count="117" />
  </mem-info>
</gc-start>
<allocation-stats totalBytes="97676904" >
  <allocated-bytes non-tlh="80" tlh="97676824" />
  <largest-consumer threadName="main" threadId="00000000015BE700" bytes="97676904" />
</allocation-stats>
<gc-op id="3177" type="scavenge" timems="0.445" contextid="3174" timestamp="2019-06-14T20:52:36.710">
  <scavenger-info tenureage="3" tenuremask="ffe8" tiltratio="89" />
  <memory-copied type="nursery" objects="112" bytes="3000" bytesdiscarded="75336" />
  <memory-copied type="tenure" objects="6" bytes="144" bytesdiscarded="0" />
</gc-op>
<gc-end id="3178" type="scavenge" contextid="3174" durationms="1.109" usertimems="0.000" systemtimems="0.000" timestamp="2019-06-14T20:52:36.710" activeThreads="4">
  <mem-info id="3179" free="2054690248" total="2092695552" percent="98">
    <mem type="nursery" free="97701376" total="108658688" percent="89">
      <mem type="allocate" free="97701376" total="97779712" percent="99" />
      <mem type="survivor" free="0" total="10878976" percent="0" />
    </mem>
    <mem type="tenure" free="1956988872" total="1984036864" percent="98">
      <mem type="soa" free="1857810376" total="1884835840" percent="98" />
      <mem type="loa" free="99178496" total="99201024" percent="99" />
    </mem>
    <remembered-set count="115" />
  </mem-info>
</gc-end>
<cycle-end id="3180" type="scavenge" contextid="3174" timestamp="2019-06-14T20:52:36.710" />
  <attribute name="elasticGC enabled" value="1" />
  <attribute name= "numThreadsSpecified" value="4" />
  <attribute name="heapSize specified" value="2092630016" />
  <attribute name="Current GC Util" value="2" />
  <attribute name= "Current Time Running" value="21028" />
  <attribute name ="GC Interval" value="200" />
  <attribute name="ProportionalT" value="-9.000000" />
  <attribute name="ProportionalI" value="-9.000000" />
  <attribute name="ProportionalH" value="-9.000000" />
  <attribute name="Current Error" value="-18.000000" />
  <attribute name="IntegralT" value="-1476.000000" />
  <attribute name="IntegralI" value="-1476.000000" />
  <attribute name="IntegralH" value="-1476.000000" />
  <attribute name="DerivativeT" value="-0.109756" />
  <attribute name="DerivativeI" value="-0.109756" />
  <attribute name="DerivativeH" value="-0.109756" />
  <attribute name="Loop Time for DT" value="82.000000" />
  <attribute name="Output H" value="2092630016"/>
  <attribute name="Output I" value="200"/>
  <attribute name="Output T" value="4"/>
  <attribute name="Target GC Util Change" value ="20.000000" />
  <attribute name="Current GC Util Change" value="2.000000"/>
  <attribute name="GC Util currently" value="2" />
  <attribute name="CPU Util currently" value="56548033034" />
<allocation-satisfied id="3181" threadId="00000000015BE700" bytesRequested="24" />
<af-end id="3182" timestamp="2019-06-14T20:52:36.710" threadId="00000000015BF088" success="true" from="nursery"/>
<exclusive-end id="3183" timestamp="2019-06-14T20:52:36.711" durationms="2.179" />

<exclusive-start id="3184" timestamp="2019-06-14T20:52:36.785" intervalms="76.768">
  <response-info timems="0.065" idlems="0.065" threads="0" lastid="00000000015BE700" lastname="main" />
</exclusive-start>
<af-start id="3185" threadId="00000000015BF088" totalBytesRequested="32" timestamp="2019-06-14T20:52:36.785" intervalms="76.768" type="nursery" />
<cycle-start id="3186" type="scavenge" contextid="0" timestamp="2019-06-14T20:52:36.785" intervalms="76.778" />
<gc-start id="3187" type="scavenge" contextid="3186" timestamp="2019-06-14T20:52:36.786">
  <mem-info id="3188" free="1956988872" total="2092695552" percent="93">
    <mem type="nursery" free="0" total="108658688" percent="0">
      <mem type="allocate" free="0" total="97779712" percent="0" />
      <mem type="survivor" free="0" total="10878976" percent="0" />
    </mem>
    <mem type="tenure" free="1956988872" total="1984036864" percent="98">
      <mem type="soa" free="1857810376" total="1884835840" percent="98" />
      <mem type="loa" free="99178496" total="99201024" percent="99" />
    </mem>
    <remembered-set count="119" />
  </mem-info>
</gc-start>
<allocation-stats totalBytes="97691200" >
  <allocated-bytes non-tlh="24" tlh="97691176" />
  <largest-consumer threadName="main" threadId="00000000015BE700" bytes="97691200" />
</allocation-stats>
<gc-op id="3189" type="scavenge" timems="0.855" contextid="3186" timestamp="2019-06-14T20:52:36.787">
  <scavenger-info tenureage="3" tenuremask="ffe8" tiltratio="89" />
  <memory-copied type="nursery" objects="80" bytes="2192" bytesdiscarded="76144" />
  <memory-copied type="tenure" objects="36" bytes="864" bytesdiscarded="0" />
</gc-op>
<gc-end id="3190" type="scavenge" contextid="3186" durationms="1.452" usertimems="0.000" systemtimems="0.000" timestamp="2019-06-14T20:52:36.787" activeThreads="4">
  <mem-info id="3191" free="2054690248" total="2092695552" percent="98">
    <mem type="nursery" free="97701376" total="108658688" percent="89">
      <mem type="allocate" free="97701376" total="97779712" percent="99" />
      <mem type="survivor" free="0" total="10878976" percent="0" />
    </mem>
    <mem type="tenure" free="1956988872" total="1984036864" percent="98">
      <mem type="soa" free="1857810376" total="1884835840" percent="98" />
      <mem type="loa" free="99178496" total="99201024" percent="99" />
    </mem>
    <remembered-set count="107" />
  </mem-info>
</gc-end>
<cycle-end id="3192" type="scavenge" contextid="3186" timestamp="2019-06-14T20:52:36.787" />
  <attribute name="elasticGC enabled" value="1" />
  <attribute name= "numThreadsSpecified" value="4" />
  <attribute name="heapSize specified" value="2092630016" />
  <attribute name="Current GC Util" value="1" />
  <attribute name= "Current Time Running" value="21104" />
  <attribute name ="GC Interval" value="200" />
  <attribute name="ProportionalT" value="-9.500000" />
  <attribute name="ProportionalI" value="-9.500000" />
  <attribute name="ProportionalH" value="-9.500000" />
  <attribute name="Current Error" value="-19.000000" />
  <attribute name="IntegralT" value="-1444.000000" />
  <attribute name="IntegralI" value="-1444.000000" />
  <attribute name="IntegralH" value="-1444.000000" />
  <attribute name="DerivativeT" value="-0.125000" />
  <attribute name="DerivativeI" value="-0.125000" />
  <attribute name="DerivativeH" value="-0.125000" />
  <attribute name="Loop Time for DT" value="76.000000" />
  <attribute name="Output H" value="2092630016"/>
  <attribute name="Output I" value="200"/>
  <attribute name="Output T" value="4"/>
  <attribute name="Target GC Util Change" value ="20.000000" />
  <attribute name="Current GC Util Change" value="1.000000"/>
  <attribute name="GC Util currently" value="1" />
  <attribute name="CPU Util currently" value="60148905505" />
<allocation-satisfied id="3193" threadId="00000000015BE700" bytesRequested="32" />
<af-end id="3194" timestamp="2019-06-14T20:52:36.788" threadId="00000000015BF088" success="true" from="nursery"/>
<exclusive-end id="3195" timestamp="2019-06-14T20:52:36.788" durationms="2.581" />

<exclusive-start id="3196" timestamp="2019-06-14T20:52:36.913" intervalms="128.037">
  <response-info timems="0.060" idlems="0.060" threads="0" lastid="00000000015BE700" lastname="main" />
</exclusive-start>
<af-start id="3197" threadId="00000000015BF088" totalBytesRequested="32" timestamp="2019-06-14T20:52:36.913" intervalms="128.043" type="nursery" />
<cycle-start id="3198" type="scavenge" contextid="0" timestamp="2019-06-14T20:52:36.914" intervalms="128.028" />
<gc-start id="3199" type="scavenge" contextid="3198" timestamp="2019-06-14T20:52:36.914">
  <mem-info id="3200" free="1956988872" total="2092695552" percent="93">
    <mem type="nursery" free="0" total="108658688" percent="0">
      <mem type="allocate" free="0" total="97779712" percent="0" />
      <mem type="survivor" free="0" total="10878976" percent="0" />
    </mem>
    <mem type="tenure" free="1956988872" total="1984036864" percent="98">
      <mem type="soa" free="1857810376" total="1884835840" percent="98" />
      <mem type="loa" free="99178496" total="99201024" percent="99" />
    </mem>
    <remembered-set count="121" />
  </mem-info>
</gc-start>
<allocation-stats totalBytes="97694424" >
  <allocated-bytes non-tlh="32" tlh="97694392" />
  <largest-consumer threadName="main" threadId="00000000015BE700" bytes="97694424" />
</allocation-stats>
<gc-op id="3201" type="scavenge" timems="0.808" contextid="3198" timestamp="2019-06-14T20:52:36.915">
  <scavenger-info tenureage="3" tenuremask="ffe8" tiltratio="89" />
  <memory-copied type="nursery" objects="94" bytes="2472" bytesdiscarded="75864" />
  <memory-copied type="tenure" objects="34" bytes="888" bytesdiscarded="0" />
</gc-op>
<gc-end id="3202" type="scavenge" contextid="3198" durationms="1.258" usertimems="0.000" systemtimems="0.000" timestamp="2019-06-14T20:52:36.915" activeThreads="4">
  <mem-info id="3203" free="2054690248" total="2092695552" percent="98">
    <mem type="nursery" free="97701376" total="108658688" percent="89">
      <mem type="allocate" free="97701376" total="97779712" percent="99" />
      <mem type="survivor" free="0" total="10878976" percent="0" />
    </mem>
    <mem type="tenure" free="1956988872" total="1984036864" percent="98">
      <mem type="soa" free="1857810376" total="1884835840" percent="98" />
      <mem type="loa" free="99178496" total="99201024" percent="99" />
    </mem>
    <remembered-set count="108" />
  </mem-info>
</gc-end>
<cycle-end id="3204" type="scavenge" contextid="3198" timestamp="2019-06-14T20:52:36.915" />
  <attribute name="elasticGC enabled" value="1" />
  <attribute name= "numThreadsSpecified" value="4" />
  <attribute name="heapSize specified" value="2092630016" />
  <attribute name="Current GC Util" value="1" />
  <attribute name= "Current Time Running" value="21232" />
  <attribute name ="GC Interval" value="200" />
  <attribute name="ProportionalT" value="-9.500000" />
  <attribute name="ProportionalI" value="-9.500000" />
  <attribute name="ProportionalH" value="-9.500000" />
  <attribute name="Current Error" value="-19.000000" />
  <attribute name="IntegralT" value="-2432.000000" />
  <attribute name="IntegralI" value="-2432.000000" />
  <attribute name="IntegralH" value="-2432.000000" />
  <attribute name="DerivativeT" value="-0.074219" />
  <attribute name="DerivativeI" value="-0.074219" />
  <attribute name="DerivativeH" value="-0.074219" />
  <attribute name="Loop Time for DT" value="128.000000" />
  <attribute name="Output H" value="2092630016"/>
  <attribute name="Output I" value="200"/>
  <attribute name="Output T" value="4"/>
  <attribute name="Target GC Util Change" value ="20.000000" />
  <attribute name="Current GC Util Change" value="1.000000"/>
  <attribute name="GC Util currently" value="1" />
  <attribute name="CPU Util currently" value="36075804196" />
<allocation-satisfied id="3205" threadId="00000000015BE700" bytesRequested="32" />
<af-end id="3206" timestamp="2019-06-14T20:52:36.915" threadId="00000000015BF088" success="true" from="nursery"/>
<exclusive-end id="3207" timestamp="2019-06-14T20:52:36.916" durationms="2.480" />

<exclusive-start id="3208" timestamp="2019-06-14T20:52:36.985" intervalms="71.373">
  <response-info timems="0.064" idlems="0.064" threads="0" lastid="00000000015BE700" lastname="main" />
</exclusive-start>
<af-start id="3209" threadId="00000000015BF088" totalBytesRequested="32" timestamp="2019-06-14T20:52:36.985" intervalms="71.376" type="nursery" />
<cycle-start id="3210" type="scavenge" contextid="0" timestamp="2019-06-14T20:52:36.985" intervalms="71.394" />
<gc-start id="3211" type="scavenge" contextid="3210" timestamp="2019-06-14T20:52:36.985">
  <mem-info id="3212" free="1956988872" total="2092695552" percent="93">
    <mem type="nursery" free="0" total="108658688" percent="0">
      <mem type="allocate" free="0" total="97779712" percent="0" />
      <mem type="survivor" free="0" total="10878976" percent="0" />
    </mem>
    <mem type="tenure" free="1956988872" total="1984036864" percent="98">
      <mem type="soa" free="1857810376" total="1884835840" percent="98" />
      <mem type="loa" free="99178496" total="99201024" percent="99" />
    </mem>
    <remembered-set count="110" />
  </mem-info>
</gc-start>
<allocation-stats totalBytes="97694536" >
  <allocated-bytes non-tlh="32" tlh="97694504" />
  <largest-consumer threadName="main" threadId="00000000015BE700" bytes="97694536" />
</allocation-stats>
<gc-op id="3213" type="scavenge" timems="0.750" contextid="3210" timestamp="2019-06-14T20:52:36.986">
  <scavenger-info tenureage="3" tenuremask="ffe8" tiltratio="89" />
  <memory-copied type="nursery" objects="79" bytes="2096" bytesdiscarded="76240" />
  <memory-copied type="tenure" objects="19" bytes="480" bytesdiscarded="0" />
</gc-op>
<gc-end id="3214" type="scavenge" contextid="3210" durationms="1.331" usertimems="0.000" systemtimems="0.000" timestamp="2019-06-14T20:52:36.986" activeThreads="4">
  <mem-info id="3215" free="2054690248" total="2092695552" percent="98">
    <mem type="nursery" free="97701376" total="108658688" percent="89">
      <mem type="allocate" free="97701376" total="97779712" percent="99" />
      <mem type="survivor" free="0" total="10878976" percent="0" />
    </mem>
    <mem type="tenure" free="1956988872" total="1984036864" percent="98">
      <mem type="soa" free="1857810376" total="1884835840" percent="98" />
      <mem type="loa" free="99178496" total="99201024" percent="99" />
    </mem>
    <remembered-set count="103" />
  </mem-info>
</gc-end>
<cycle-end id="3216" type="scavenge" contextid="3210" timestamp="2019-06-14T20:52:36.987" />
  <attribute name="elasticGC enabled" value="1" />
  <attribute name= "numThreadsSpecified" value="4" />
  <attribute name="heapSize specified" value="2092630016" />
  <attribute name="Current GC Util" value="2" />
  <attribute name= "Current Time Running" value="21304" />
  <attribute name ="GC Interval" value="200" />
  <attribute name="ProportionalT" value="-9.000000" />
  <attribute name="ProportionalI" value="-9.000000" />
  <attribute name="ProportionalH" value="-9.000000" />
  <attribute name="Current Error" value="-18.000000" />
  <attribute name="IntegralT" value="-1296.000000" />
  <attribute name="IntegralI" value="-1296.000000" />
  <attribute name="IntegralH" value="-1296.000000" />
  <attribute name="DerivativeT" value="-0.125000" />
  <attribute name="DerivativeI" value="-0.125000" />
  <attribute name="DerivativeH" value="-0.125000" />
  <attribute name="Loop Time for DT" value="72.000000" />
  <attribute name="Output H" value="2092630016"/>
  <attribute name="Output I" value="200"/>
  <attribute name="Output T" value="4"/>
  <attribute name="Target GC Util Change" value ="20.000000" />
  <attribute name="Current GC Util Change" value="2.000000"/>
  <attribute name="GC Util currently" value="2" />
  <attribute name="CPU Util currently" value="64373563789" />
<allocation-satisfied id="3217" threadId="00000000015BE700" bytesRequested="32" />
<af-end id="3218" timestamp="2019-06-14T20:52:36.987" threadId="00000000015BF088" success="true" from="nursery"/>
<exclusive-end id="3219" timestamp="2019-06-14T20:52:36.987" durationms="2.451" />

<exclusive-start id="3220" timestamp="2019-06-14T20:52:37.162" intervalms="177.756">
  <response-info timems="0.071" idlems="0.071" threads="0" lastid="00000000015BE700" lastname="main" />
</exclusive-start>
<af-start id="3221" threadId="00000000015BF088" totalBytesRequested="32" timestamp="2019-06-14T20:52:37.163" intervalms="177.806" type="nursery" />
<cycle-start id="3222" type="scavenge" contextid="0" timestamp="2019-06-14T20:52:37.163" intervalms="177.835" />
<gc-start id="3223" type="scavenge" contextid="3222" timestamp="2019-06-14T20:52:37.163">
  <mem-info id="3224" free="1956988872" total="2092695552" percent="93">
    <mem type="nursery" free="0" total="108658688" percent="0">
      <mem type="allocate" free="0" total="97779712" percent="0" />
      <mem type="survivor" free="0" total="10878976" percent="0" />
    </mem>
    <mem type="tenure" free="1956988872" total="1984036864" percent="98">
      <mem type="soa" free="1857810376" total="1884835840" percent="98" />
      <mem type="loa" free="99178496" total="99201024" percent="99" />
    </mem>
    <remembered-set count="111" />
  </mem-info>
</gc-start>
<allocation-stats totalBytes="97658744" >
  <allocated-bytes non-tlh="32" tlh="97658712" />
  <largest-consumer threadName="main" threadId="00000000015BE700" bytes="97658744" />
</allocation-stats>
<gc-op id="3225" type="scavenge" timems="0.942" contextid="3222" timestamp="2019-06-14T20:52:37.164">
  <scavenger-info tenureage="3" tenuremask="ffe8" tiltratio="89" />
  <memory-copied type="nursery" objects="91" bytes="2344" bytesdiscarded="75992" />
  <memory-copied type="tenure" objects="12" bytes="288" bytesdiscarded="0" />
</gc-op>
<gc-end id="3226" type="scavenge" contextid="3222" durationms="2.062" usertimems="0.000" systemtimems="0.000" timestamp="2019-06-14T20:52:37.165" activeThreads="4">
  <mem-info id="3227" free="2054690248" total="2092695552" percent="98">
    <mem type="nursery" free="97701376" total="108658688" percent="89">
      <mem type="allocate" free="97701376" total="97779712" percent="99" />
      <mem type="survivor" free="0" total="10878976" percent="0" />
    </mem>
    <mem type="tenure" free="1956988872" total="1984036864" percent="98" macro-fragmented="0">
      <mem type="soa" free="1857810376" total="1884835840" percent="98" />
      <mem type="loa" free="99178496" total="99201024" percent="99" />
    </mem>
    <remembered-set count="107" />
  </mem-info>
</gc-end>
<cycle-end id="3228" type="scavenge" contextid="3222" timestamp="2019-06-14T20:52:37.165" />
  <attribute name="elasticGC enabled" value="1" />
  <attribute name= "numThreadsSpecified" value="4" />
  <attribute name="heapSize specified" value="2092630016" />
  <attribute name="Current GC Util" value="1" />
  <attribute name= "Current Time Running" value="21482" />
  <attribute name ="GC Interval" value="200" />
  <attribute name="ProportionalT" value="-9.500000" />
  <attribute name="ProportionalI" value="-9.500000" />
  <attribute name="ProportionalH" value="-9.500000" />
  <attribute name="Current Error" value="-19.000000" />
  <attribute name="IntegralT" value="-3382.000000" />
  <attribute name="IntegralI" value="-3382.000000" />
  <attribute name="IntegralH" value="-3382.000000" />
  <attribute name="DerivativeT" value="-0.053371" />
  <attribute name="DerivativeI" value="-0.053371" />
  <attribute name="DerivativeH" value="-0.053371" />
  <attribute name="Loop Time for DT" value="178.000000" />
  <attribute name="Output H" value="2092630016"/>
  <attribute name="Output I" value="200"/>
  <attribute name="Output T" value="4"/>
  <attribute name="Target GC Util Change" value ="20.000000" />
  <attribute name="Current GC Util Change" value="1.000000"/>
  <attribute name="GC Util currently" value="1" />
  <attribute name="CPU Util currently" value="25932726673" />
<allocation-satisfied id="3229" threadId="00000000015BE700" bytesRequested="32" />
<af-end id="3230" timestamp="2019-06-14T20:52:37.166" threadId="00000000015BF088" success="true" from="nursery"/>
<exclusive-end id="3231" timestamp="2019-06-14T20:52:37.166" durationms="3.451" />

<exclusive-start id="3232" timestamp="2019-06-14T20:52:37.203" intervalms="40.382">
  <response-info timems="0.113" idlems="0.113" threads="0" lastid="00000000015BE700" lastname="main" />
</exclusive-start>
<af-start id="3233" threadId="00000000015BF088" totalBytesRequested="32" timestamp="2019-06-14T20:52:37.203" intervalms="40.392" type="nursery" />
<cycle-start id="3234" type="scavenge" contextid="0" timestamp="2019-06-14T20:52:37.203" intervalms="40.335" />
<gc-start id="3235" type="scavenge" contextid="3234" timestamp="2019-06-14T20:52:37.203">
  <mem-info id="3236" free="1956988872" total="2092695552" percent="93">
    <mem type="nursery" free="0" total="108658688" percent="0">
      <mem type="allocate" free="0" total="97779712" percent="0" />
      <mem type="survivor" free="0" total="10878976" percent="0" />
    </mem>
    <mem type="tenure" free="1956988872" total="1984036864" percent="98">
      <mem type="soa" free="1857810376" total="1884835840" percent="98" />
      <mem type="loa" free="99178496" total="99201024" percent="99" />
    </mem>
    <remembered-set count="109" />
  </mem-info>
</gc-start>
<allocation-stats totalBytes="97569160" >
  <allocated-bytes non-tlh="32" tlh="97569128" />
  <largest-consumer threadName="main" threadId="00000000015BE700" bytes="97569160" />
</allocation-stats>
<gc-op id="3237" type="scavenge" timems="0.564" contextid="3234" timestamp="2019-06-14T20:52:37.204">
  <scavenger-info tenureage="3" tenuremask="ffe8" tiltratio="89" />
  <memory-copied type="nursery" objects="54" bytes="2552" bytesdiscarded="75784" />
  <memory-copied type="tenure" objects="42" bytes="1008" bytesdiscarded="0" />
</gc-op>
<gc-end id="3238" type="scavenge" contextid="3234" durationms="1.343" usertimems="4.000" systemtimems="0.000" timestamp="2019-06-14T20:52:37.205" activeThreads="4">
  <mem-info id="3239" free="2054690248" total="2092695552" percent="98">
    <mem type="nursery" free="97701376" total="108658688" percent="89">
      <mem type="allocate" free="97701376" total="97779712" percent="99" />
      <mem type="survivor" free="0" total="10878976" percent="0" />
    </mem>
    <mem type="tenure" free="1956988872" total="1984036864" percent="98" macro-fragmented="0">
      <mem type="soa" free="1857810376" total="1884835840" percent="98" />
      <mem type="loa" free="99178496" total="99201024" percent="99" />
    </mem>
    <remembered-set count="95" />
  </mem-info>
</gc-end>
<cycle-end id="3240" type="scavenge" contextid="3234" timestamp="2019-06-14T20:52:37.205" />
  <attribute name="elasticGC enabled" value="1" />
  <attribute name= "numThreadsSpecified" value="4" />
  <attribute name="heapSize specified" value="2092630016" />
  <attribute name="Current GC Util" value="6" />
  <attribute name= "Current Time Running" value="21522" />
  <attribute name ="GC Interval" value="200" />
  <attribute name="ProportionalT" value="-7.000000" />
  <attribute name="ProportionalI" value="-7.000000" />
  <attribute name="ProportionalH" value="-7.000000" />
  <attribute name="Current Error" value="-14.000000" />
  <attribute name="IntegralT" value="-560.000000" />
  <attribute name="IntegralI" value="-560.000000" />
  <attribute name="IntegralH" value="-560.000000" />
  <attribute name="DerivativeT" value="-0.175000" />
  <attribute name="DerivativeI" value="-0.175000" />
  <attribute name="DerivativeH" value="-0.175000" />
  <attribute name="Loop Time for DT" value="40.000000" />
  <attribute name="Output H" value="2092630016"/>
  <attribute name="Output I" value="200"/>
  <attribute name="Output T" value="4"/>
  <attribute name="Target GC Util Change" value ="20.000000" />
  <attribute name="Current GC Util Change" value="6.000000"/>
  <attribute name="GC Util currently" value="6" />
  <attribute name="CPU Util currently" value="114298215474" />
<allocation-satisfied id="3241" threadId="00000000015BE700" bytesRequested="32" />
<af-end id="3242" timestamp="2019-06-14T20:52:37.205" threadId="00000000015BF088" success="true" from="nursery"/>
<exclusive-end id="3243" timestamp="2019-06-14T20:52:37.205" durationms="2.416" />

<exclusive-start id="3244" timestamp="2019-06-14T20:52:37.216" intervalms="13.219">
  <response-info timems="0.118" idlems="0.118" threads="0" lastid="00000000015BE700" lastname="main" />
</exclusive-start>
<af-start id="3245" threadId="00000000015BF088" totalBytesRequested="32" timestamp="2019-06-14T20:52:37.216" intervalms="13.182" type="nursery" />
<cycle-start id="3246" type="scavenge" contextid="0" timestamp="2019-06-14T20:52:37.216" intervalms="13.201" />
<gc-start id="3247" type="scavenge" contextid="3246" timestamp="2019-06-14T20:52:37.217">
  <mem-info id="3248" free="1956988872" total="2092695552" percent="93">
    <mem type="nursery" free="0" total="108658688" percent="0">
      <mem type="allocate" free="0" total="97779712" percent="0" />
      <mem type="survivor" free="0" total="10878976" percent="0" />
    </mem>
    <mem type="tenure" free="1956988872" total="1984036864" percent="98">
      <mem type="soa" free="1857810376" total="1884835840" percent="98" />
      <mem type="loa" free="99178496" total="99201024" percent="99" />
    </mem>
    <remembered-set count="95" />
  </mem-info>
</gc-start>
<allocation-stats totalBytes="97527952" >
  <allocated-bytes non-tlh="32" tlh="97527920" />
  <largest-consumer threadName="main" threadId="00000000015BE700" bytes="97527952" />
</allocation-stats>
<gc-op id="3249" type="scavenge" timems="0.769" contextid="3246" timestamp="2019-06-14T20:52:37.218">
  <scavenger-info tenureage="3" tenuremask="ffe8" tiltratio="89" />
  <memory-copied type="nursery" objects="48" bytes="2368" bytesdiscarded="75968" />
  <memory-copied type="tenure" objects="6" bytes="144" bytesdiscarded="0" />
</gc-op>
<gc-end id="3250" type="scavenge" contextid="3246" durationms="1.565" usertimems="0.000" systemtimems="0.000" timestamp="2019-06-14T20:52:37.218" activeThreads="4">
  <mem-info id="3251" free="2054690248" total="2092695552" percent="98">
    <mem type="nursery" free="97701376" total="108658688" percent="89">
      <mem type="allocate" free="97701376" total="97779712" percent="99" />
      <mem type="survivor" free="0" total="10878976" percent="0" />
    </mem>
    <mem type="tenure" free="1956988872" total="1984036864" percent="98" macro-fragmented="0">
      <mem type="soa" free="1857810376" total="1884835840" percent="98" />
      <mem type="loa" free="99178496" total="99201024" percent="99" />
    </mem>
    <remembered-set count="93" />
  </mem-info>
</gc-end>
<cycle-end id="3252" type="scavenge" contextid="3246" timestamp="2019-06-14T20:52:37.218" />
  <attribute name="elasticGC enabled" value="1" />
  <attribute name= "numThreadsSpecified" value="4" />
  <attribute name="heapSize specified" value="2092630016" />
  <attribute name="Current GC Util" value="12" />
  <attribute name= "Current Time Running" value="21535" />
  <attribute name ="GC Interval" value="200" />
  <attribute name="ProportionalT" value="-4.000000" />
  <attribute name="ProportionalI" value="-4.000000" />
  <attribute name="ProportionalH" value="-4.000000" />
  <attribute name="Current Error" value="-8.000000" />
  <attribute name="IntegralT" value="-104.000000" />
  <attribute name="IntegralI" value="-104.000000" />
  <attribute name="IntegralH" value="-104.000000" />
  <attribute name="DerivativeT" value="-0.307692" />
  <attribute name="DerivativeI" value="-0.307692" />
  <attribute name="DerivativeH" value="-0.307692" />
  <attribute name="Loop Time for DT" value="13.000000" />
  <attribute name="Output H" value="2092630016"/>
  <attribute name="Output I" value="200"/>
  <attribute name="Output T" value="4"/>
  <attribute name="Target GC Util Change" value ="20.000000" />
  <attribute name="Current GC Util Change" value="12.000000"/>
  <attribute name="GC Util currently" value="12" />
  <attribute name="CPU Util currently" value="348294843609" />
<allocation-satisfied id="3253" threadId="00000000015BE700" bytesRequested="32" />
<af-end id="3254" timestamp="2019-06-14T20:52:37.218" threadId="00000000015BF088" success="true" from="nursery"/>
<exclusive-end id="3255" timestamp="2019-06-14T20:52:37.218" durationms="2.571" />

<exclusive-start id="3256" timestamp="2019-06-14T20:52:37.300" intervalms="84.027">
  <response-info timems="0.064" idlems="0.064" threads="0" lastid="00000000015BE700" lastname="main" />
</exclusive-start>
<af-start id="3257" threadId="00000000015BF088" totalBytesRequested="408" timestamp="2019-06-14T20:52:37.300" intervalms="83.999" type="nursery" />
<cycle-start id="3258" type="scavenge" contextid="0" timestamp="2019-06-14T20:52:37.300" intervalms="83.992" />
<gc-start id="3259" type="scavenge" contextid="3258" timestamp="2019-06-14T20:52:37.300">
  <mem-info id="3260" free="1956988872" total="2092695552" percent="93">
    <mem type="nursery" free="0" total="108658688" percent="0">
      <mem type="allocate" free="0" total="97779712" percent="0" />
      <mem type="survivor" free="0" total="10878976" percent="0" />
    </mem>
    <mem type="tenure" free="1956988872" total="1984036864" percent="98">
      <mem type="soa" free="1857810376" total="1884835840" percent="98" />
      <mem type="loa" free="99178496" total="99201024" percent="99" />
    </mem>
    <remembered-set count="99" />
  </mem-info>
</gc-start>
<allocation-stats totalBytes="97553896" >
  <allocated-bytes non-tlh="32" tlh="97553864" />
  <largest-consumer threadName="main" threadId="00000000015BE700" bytes="97553896" />
</allocation-stats>
<gc-op id="3261" type="scavenge" timems="0.747" contextid="3258" timestamp="2019-06-14T20:52:37.301">
  <scavenger-info tenureage="3" tenuremask="ffe8" tiltratio="89" />
  <memory-copied type="nursery" objects="46" bytes="2120" bytesdiscarded="76216" />
  <memory-copied type="tenure" objects="24" bytes="576" bytesdiscarded="0" />
</gc-op>
<gc-end id="3262" type="scavenge" contextid="3258" durationms="1.532" usertimems="0.000" systemtimems="0.000" timestamp="2019-06-14T20:52:37.302" activeThreads="4">
  <mem-info id="3263" free="2054690248" total="2092695552" percent="98">
    <mem type="nursery" free="97701376" total="108658688" percent="89">
      <mem type="allocate" free="97701376" total="97779712" percent="99" />
      <mem type="survivor" free="0" total="10878976" percent="0" />
    </mem>
    <mem type="tenure" free="1956988872" total="1984036864" percent="98" macro-fragmented="3047">
      <mem type="soa" free="1857810376" total="1884835840" percent="98" />
      <mem type="loa" free="99178496" total="99201024" percent="99" />
    </mem>
    <remembered-set count="91" />
  </mem-info>
</gc-end>
<cycle-end id="3264" type="scavenge" contextid="3258" timestamp="2019-06-14T20:52:37.302" />
  <attribute name="elasticGC enabled" value="1" />
  <attribute name= "numThreadsSpecified" value="4" />
  <attribute name="heapSize specified" value="2092630016" />
  <attribute name="Current GC Util" value="2" />
  <attribute name= "Current Time Running" value="21619" />
  <attribute name ="GC Interval" value="200" />
  <attribute name="ProportionalT" value="-9.000000" />
  <attribute name="ProportionalI" value="-9.000000" />
  <attribute name="ProportionalH" value="-9.000000" />
  <attribute name="Current Error" value="-18.000000" />
  <attribute name="IntegralT" value="-1512.000000" />
  <attribute name="IntegralI" value="-1512.000000" />
  <attribute name="IntegralH" value="-1512.000000" />
  <attribute name="DerivativeT" value="-0.107143" />
  <attribute name="DerivativeI" value="-0.107143" />
  <attribute name="DerivativeH" value="-0.107143" />
  <attribute name="Loop Time for DT" value="84.000000" />
  <attribute name="Output H" value="2092630016"/>
  <attribute name="Output I" value="200"/>
  <attribute name="Output T" value="4"/>
  <attribute name="Target GC Util Change" value ="20.000000" />
  <attribute name="Current GC Util Change" value="2.000000"/>
  <attribute name="GC Util currently" value="2" />
  <attribute name="CPU Util currently" value="54951516362" />
<allocation-satisfied id="3265" threadId="00000000015BE700" bytesRequested="408" />
<af-end id="3266" timestamp="2019-06-14T20:52:37.302" threadId="00000000015BF088" success="true" from="nursery"/>
<exclusive-end id="3267" timestamp="2019-06-14T20:52:37.303" durationms="2.663" />

<exclusive-start id="3268" timestamp="2019-06-14T20:52:37.393" intervalms="93.081">
  <response-info timems="0.063" idlems="0.063" threads="0" lastid="00000000015BE700" lastname="main" />
</exclusive-start>
<af-start id="3269" threadId="00000000015BF088" totalBytesRequested="2016" timestamp="2019-06-14T20:52:37.393" intervalms="93.059" type="nursery" />
<cycle-start id="3270" type="scavenge" contextid="0" timestamp="2019-06-14T20:52:37.393" intervalms="93.089" />
<gc-start id="3271" type="scavenge" contextid="3270" timestamp="2019-06-14T20:52:37.394">
  <mem-info id="3272" free="1956988872" total="2092695552" percent="93">
    <mem type="nursery" free="0" total="108658688" percent="0">
      <mem type="allocate" free="0" total="97779712" percent="0" />
      <mem type="survivor" free="0" total="10878976" percent="0" />
    </mem>
    <mem type="tenure" free="1956988872" total="1984036864" percent="98">
      <mem type="soa" free="1857810376" total="1884835840" percent="98" />
      <mem type="loa" free="99178496" total="99201024" percent="99" />
    </mem>
    <remembered-set count="93" />
  </mem-info>
</gc-start>
<allocation-stats totalBytes="97601024" >
  <allocated-bytes non-tlh="408" tlh="97600616" />
  <largest-consumer threadName="main" threadId="00000000015BE700" bytes="97601024" />
</allocation-stats>
<gc-op id="3273" type="scavenge" timems="0.495" contextid="3270" timestamp="2019-06-14T20:52:37.394">
  <scavenger-info tenureage="5" tenuremask="ffe0" tiltratio="89" />
  <memory-copied type="nursery" objects="60" bytes="8752" bytesdiscarded="104320" />
</gc-op>
<gc-end id="3274" type="scavenge" contextid="3270" durationms="1.338" usertimems="0.000" systemtimems="0.000" timestamp="2019-06-14T20:52:37.395" activeThreads="4">
  <mem-info id="3275" free="2054655512" total="2092695552" percent="98">
    <mem type="nursery" free="97666640" total="108658688" percent="89">
      <mem type="allocate" free="97666640" total="97779712" percent="99" />
      <mem type="survivor" free="0" total="10878976" percent="0" />
    </mem>
    <mem type="tenure" free="1956988872" total="1984036864" percent="98" macro-fragmented="3047">
      <mem type="soa" free="1857810376" total="1884835840" percent="98" />
      <mem type="loa" free="99178496" total="99201024" percent="99" />
    </mem>
    <remembered-set count="93" />
  </mem-info>
</gc-end>
<cycle-end id="3276" type="scavenge" contextid="3270" timestamp="2019-06-14T20:52:37.395" />
  <attribute name="elasticGC enabled" value="1" />
  <attribute name= "numThreadsSpecified" value="4" />
  <attribute name="heapSize specified" value="2092630016" />
  <attribute name="Current GC Util" value="2" />
  <attribute name= "Current Time Running" value="21712" />
  <attribute name ="GC Interval" value="200" />
  <attribute name="ProportionalT" value="-9.000000" />
  <attribute name="ProportionalI" value="-9.000000" />
  <attribute name="ProportionalH" value="-9.000000" />
  <attribute name="Current Error" value="-18.000000" />
  <attribute name="IntegralT" value="-1674.000000" />
  <attribute name="IntegralI" value="-1674.000000" />
  <attribute name="IntegralH" value="-1674.000000" />
  <attribute name="DerivativeT" value="-0.096774" />
  <attribute name="DerivativeI" value="-0.096774" />
  <attribute name="DerivativeH" value="-0.096774" />
  <attribute name="Loop Time for DT" value="93.000000" />
  <attribute name="Output H" value="2092630016"/>
  <attribute name="Output I" value="200"/>
  <attribute name="Output T" value="4"/>
  <attribute name="Target GC Util Change" value ="20.000000" />
  <attribute name="Current GC Util Change" value="2.000000"/>
  <attribute name="GC Util currently" value="2" />
  <attribute name="CPU Util currently" value="49506455601" />
<allocation-satisfied id="3277" threadId="00000000015BE700" bytesRequested="2016" />
<af-end id="3278" timestamp="2019-06-14T20:52:37.395" threadId="00000000015BF088" success="true" from="nursery"/>
<exclusive-end id="3279" timestamp="2019-06-14T20:52:37.395" durationms="2.465" />

<exclusive-start id="3280" timestamp="2019-06-14T20:52:37.561" intervalms="167.924">
  <response-info timems="0.072" idlems="0.072" threads="0" lastid="00000000015BE700" lastname="main" />
</exclusive-start>
<af-start id="3281" threadId="00000000015BF088" totalBytesRequested="80" timestamp="2019-06-14T20:52:37.561" intervalms="167.988" type="nursery" />
<cycle-start id="3282" type="scavenge" contextid="0" timestamp="2019-06-14T20:52:37.561" intervalms="167.969" />
<gc-start id="3283" type="scavenge" contextid="3282" timestamp="2019-06-14T20:52:37.562">
  <mem-info id="3284" free="1956988872" total="2092695552" percent="93">
    <mem type="nursery" free="0" total="108658688" percent="0">
      <mem type="allocate" free="0" total="97779712" percent="0" />
      <mem type="survivor" free="0" total="10878976" percent="0" />
    </mem>
    <mem type="tenure" free="1956988872" total="1984036864" percent="98">
      <mem type="soa" free="1857810376" total="1884835840" percent="98" />
      <mem type="loa" free="99178496" total="99201024" percent="99" />
    </mem>
    <remembered-set count="97" />
  </mem-info>
</gc-start>
<allocation-stats totalBytes="97608552" >
  <allocated-bytes non-tlh="2016" tlh="97606536" />
  <largest-consumer threadName="main" threadId="00000000015BE700" bytes="97608552" />
</allocation-stats>
<gc-op id="3285" type="scavenge" timems="0.477" contextid="3282" timestamp="2019-06-14T20:52:37.562">
  <scavenger-info tenureage="3" tenuremask="fff8" tiltratio="89" />
  <memory-copied type="nursery" objects="55" bytes="1632" bytesdiscarded="76704" />
  <memory-copied type="tenure" objects="6" bytes="144" bytesdiscarded="0" />
</gc-op>
<gc-end id="3286" type="scavenge" contextid="3282" durationms="1.343" usertimems="0.000" systemtimems="0.000" timestamp="2019-06-14T20:52:37.563" activeThreads="4">
  <mem-info id="3287" free="2054690248" total="2092695552" percent="98">
    <mem type="nursery" free="97701376" total="108658688" percent="89">
      <mem type="allocate" free="97701376" total="97779712" percent="99" />
      <mem type="survivor" free="0" total="10878976" percent="0" />
    </mem>
    <mem type="tenure" free="1956988872" total="1984036864" percent="98" macro-fragmented="22644">
      <mem type="soa" free="1857810376" total="1884835840" percent="98" />
      <mem type="loa" free="99178496" total="99201024" percent="99" />
    </mem>
    <remembered-set count="95" />
  </mem-info>
</gc-end>
<cycle-end id="3288" type="scavenge" contextid="3282" timestamp="2019-06-14T20:52:37.563" />
  <attribute name="elasticGC enabled" value="1" />
  <attribute name= "numThreadsSpecified" value="4" />
  <attribute name="heapSize specified" value="2092630016" />
  <attribute name="Current GC Util" value="0" />
  <attribute name= "Current Time Running" value="21880" />
  <attribute name ="GC Interval" value="200" />
  <attribute name="ProportionalT" value="-10.000000" />
  <attribute name="ProportionalI" value="-10.000000" />
  <attribute name="ProportionalH" value="-10.000000" />
  <attribute name="Current Error" value="-20.000000" />
  <attribute name="IntegralT" value="-3360.000000" />
  <attribute name="IntegralI" value="-3360.000000" />
  <attribute name="IntegralH" value="-3360.000000" />
  <attribute name="DerivativeT" value="-0.059524" />
  <attribute name="DerivativeI" value="-0.059524" />
  <attribute name="DerivativeH" value="-0.059524" />
  <attribute name="Loop Time for DT" value="168.000000" />
  <attribute name="Output H" value="2092630016"/>
  <attribute name="Output I" value="200"/>
  <attribute name="Output T" value="4"/>
  <attribute name="Target GC Util Change" value ="20.000000" />
  <attribute name="Current GC Util Change" value="0.000000"/>
  <attribute name="GC Util currently" value="0" />
  <attribute name="CPU Util currently" value="27452587504" />
<allocation-satisfied id="3289" threadId="00000000015BE700" bytesRequested="80" />
<af-end id="3290" timestamp="2019-06-14T20:52:37.563" threadId="00000000015BF088" success="true" from="nursery"/>
<exclusive-end id="3291" timestamp="2019-06-14T20:52:37.564" durationms="2.609" />

<exclusive-start id="3292" timestamp="2019-06-14T20:52:37.691" intervalms="130.420">
  <response-info timems="0.063" idlems="0.063" threads="0" lastid="00000000015BE700" lastname="main" />
</exclusive-start>
<af-start id="3293" threadId="00000000015BF088" totalBytesRequested="80" timestamp="2019-06-14T20:52:37.692" intervalms="130.381" type="nursery" />
<cycle-start id="3294" type="scavenge" contextid="0" timestamp="2019-06-14T20:52:37.692" intervalms="130.386" />
<gc-start id="3295" type="scavenge" contextid="3294" timestamp="2019-06-14T20:52:37.692">
  <mem-info id="3296" free="1956988872" total="2092695552" percent="93">
    <mem type="nursery" free="0" total="108658688" percent="0">
      <mem type="allocate" free="0" total="97779712" percent="0" />
      <mem type="survivor" free="0" total="10878976" percent="0" />
    </mem>
    <mem type="tenure" free="1956988872" total="1984036864" percent="98">
      <mem type="soa" free="1857810376" total="1884835840" percent="98" />
      <mem type="loa" free="99178496" total="99201024" percent="99" />
    </mem>
    <remembered-set count="95" />
  </mem-info>
</gc-start>
<allocation-stats totalBytes="97683536" >
  <allocated-bytes non-tlh="80" tlh="97683456" />
  <largest-consumer threadName="main" threadId="00000000015BE700" bytes="97683536" />
</allocation-stats>
<gc-op id="3297" type="scavenge" timems="0.721" contextid="3294" timestamp="2019-06-14T20:52:37.693">
  <scavenger-info tenureage="3" tenuremask="ffd8" tiltratio="89" />
  <memory-copied type="nursery" objects="33" bytes="984" bytesdiscarded="77352" />
  <memory-copied type="tenure" objects="18" bytes="432" bytesdiscarded="0" />
</gc-op>
<gc-end id="3298" type="scavenge" contextid="3294" durationms="1.580" usertimems="4.000" systemtimems="0.000" timestamp="2019-06-14T20:52:37.694" activeThreads="4">
  <mem-info id="3299" free="2054690248" total="2092695552" percent="98">
    <mem type="nursery" free="97701376" total="108658688" percent="89">
      <mem type="allocate" free="97701376" total="97779712" percent="99" />
      <mem type="survivor" free="0" total="10878976" percent="0" />
    </mem>
    <mem type="tenure" free="1956988872" total="1984036864" percent="98" macro-fragmented="13104">
      <mem type="soa" free="1857810376" total="1884835840" percent="98" />
      <mem type="loa" free="99178496" total="99201024" percent="99" />
    </mem>
    <remembered-set count="89" />
  </mem-info>
</gc-end>
<cycle-end id="3300" type="scavenge" contextid="3294" timestamp="2019-06-14T20:52:37.694" />
  <attribute name="elasticGC enabled" value="1" />
  <attribute name= "numThreadsSpecified" value="4" />
  <attribute name="heapSize specified" value="2092630016" />
  <attribute name="Current GC Util" value="1" />
  <attribute name= "Current Time Running" value="22011" />
  <attribute name ="GC Interval" value="200" />
  <attribute name="ProportionalT" value="-9.500000" />
  <attribute name="ProportionalI" value="-9.500000" />
  <attribute name="ProportionalH" value="-9.500000" />
  <attribute name="Current Error" value="-19.000000" />
  <attribute name="IntegralT" value="-2489.000000" />
  <attribute name="IntegralI" value="-2489.000000" />
  <attribute name="IntegralH" value="-2489.000000" />
  <attribute name="DerivativeT" value="-0.072519" />
  <attribute name="DerivativeI" value="-0.072519" />
  <attribute name="DerivativeH" value="-0.072519" />
  <attribute name="Loop Time for DT" value="131.000000" />
  <attribute name="Output H" value="2092630016"/>
  <attribute name="Output I" value="200"/>
  <attribute name="Output T" value="4"/>
  <attribute name="Target GC Util Change" value ="20.000000" />
  <attribute name="Current GC Util Change" value="1.000000"/>
  <attribute name="GC Util currently" value="1" />
  <attribute name="CPU Util currently" value="35371033521" />
<allocation-satisfied id="3301" threadId="00000000015BE700" bytesRequested="80" />
<af-end id="3302" timestamp="2019-06-14T20:52:37.694" threadId="00000000015BF088" success="true" from="nursery"/>
<exclusive-end id="3303" timestamp="2019-06-14T20:52:37.694" durationms="2.831" />

<exclusive-start id="3304" timestamp="2019-06-14T20:52:37.781" intervalms="90.019">
  <response-info timems="0.064" idlems="0.064" threads="0" lastid="00000000015BE700" lastname="main" />
</exclusive-start>
<af-start id="3305" threadId="00000000015BF088" totalBytesRequested="584" timestamp="2019-06-14T20:52:37.782" intervalms="90.028" type="nursery" />
<cycle-start id="3306" type="scavenge" contextid="0" timestamp="2019-06-14T20:52:37.782" intervalms="90.029" />
<gc-start id="3307" type="scavenge" contextid="3306" timestamp="2019-06-14T20:52:37.782">
  <mem-info id="3308" free="1956988872" total="2092695552" percent="93">
    <mem type="nursery" free="0" total="108658688" percent="0">
      <mem type="allocate" free="0" total="97779712" percent="0" />
      <mem type="survivor" free="0" total="10878976" percent="0" />
    </mem>
    <mem type="tenure" free="1956988872" total="1984036864" percent="98">
      <mem type="soa" free="1857810376" total="1884835840" percent="98" />
      <mem type="loa" free="99178496" total="99201024" percent="99" />
    </mem>
    <remembered-set count="91" />
  </mem-info>
</gc-start>
<allocation-stats totalBytes="97638456" >
  <allocated-bytes non-tlh="80" tlh="97638376" />
  <largest-consumer threadName="main" threadId="00000000015BE700" bytes="97638456" />
</allocation-stats>
<gc-op id="3309" type="scavenge" timems="0.483" contextid="3306" timestamp="2019-06-14T20:52:37.783">
  <scavenger-info tenureage="3" tenuremask="ffe8" tiltratio="89" />
  <memory-copied type="nursery" objects="35" bytes="1544" bytesdiscarded="76792" />
  <memory-copied type="tenure" objects="6" bytes="144" bytesdiscarded="0" />
</gc-op>
<gc-end id="3310" type="scavenge" contextid="3306" durationms="1.363" usertimems="0.000" systemtimems="0.000" timestamp="2019-06-14T20:52:37.783" activeThreads="4">
  <mem-info id="3311" free="2054690248" total="2092695552" percent="98">
    <mem type="nursery" free="97701376" total="108658688" percent="89">
      <mem type="allocate" free="97701376" total="97779712" percent="99" />
      <mem type="survivor" free="0" total="10878976" percent="0" />
    </mem>
    <mem type="tenure" free="1956988872" total="1984036864" percent="98" macro-fragmented="10920">
      <mem type="soa" free="1857810376" total="1884835840" percent="98" />
      <mem type="loa" free="99178496" total="99201024" percent="99" />
    </mem>
    <remembered-set count="89" />
  </mem-info>
</gc-end>
<cycle-end id="3312" type="scavenge" contextid="3306" timestamp="2019-06-14T20:52:37.784" />
  <attribute name="elasticGC enabled" value="1" />
  <attribute name= "numThreadsSpecified" value="4" />
  <attribute name="heapSize specified" value="2092630016" />
  <attribute name="Current GC Util" value="2" />
  <attribute name= "Current Time Running" value="22101" />
  <attribute name ="GC Interval" value="200" />
  <attribute name="ProportionalT" value="-9.000000" />
  <attribute name="ProportionalI" value="-9.000000" />
  <attribute name="ProportionalH" value="-9.000000" />
  <attribute name="Current Error" value="-18.000000" />
  <attribute name="IntegralT" value="-1620.000000" />
  <attribute name="IntegralI" value="-1620.000000" />
  <attribute name="IntegralH" value="-1620.000000" />
  <attribute name="DerivativeT" value="-0.100000" />
  <attribute name="DerivativeI" value="-0.100000" />
  <attribute name="DerivativeH" value="-0.100000" />
  <attribute name="Loop Time for DT" value="90.000000" />
  <attribute name="Output H" value="2092630016"/>
  <attribute name="Output I" value="200"/>
  <attribute name="Output T" value="4"/>
  <attribute name="Target GC Util Change" value ="20.000000" />
  <attribute name="Current GC Util Change" value="2.000000"/>
  <attribute name="GC Util currently" value="2" />
  <attribute name="CPU Util currently" value="51229332152" />
<allocation-satisfied id="3313" threadId="00000000015BE700" bytesRequested="584" />
<af-end id="3314" timestamp="2019-06-14T20:52:37.784" threadId="00000000015BF088" success="true" from="nursery"/>
<exclusive-end id="3315" timestamp="2019-06-14T20:52:37.784" durationms="2.666" />

<exclusive-start id="3316" timestamp="2019-06-14T20:52:37.798" intervalms="16.173">
  <response-info timems="0.069" idlems="0.069" threads="0" lastid="00000000015BE700" lastname="main" />
</exclusive-start>
<af-start id="3317" threadId="00000000015BF088" totalBytesRequested="488" timestamp="2019-06-14T20:52:37.798" intervalms="16.187" type="nursery" />
<cycle-start id="3318" type="scavenge" contextid="0" timestamp="2019-06-14T20:52:37.798" intervalms="16.188" />
<gc-start id="3319" type="scavenge" contextid="3318" timestamp="2019-06-14T20:52:37.798">
  <mem-info id="3320" free="1956988872" total="2092695552" percent="93">
    <mem type="nursery" free="0" total="108658688" percent="0">
      <mem type="allocate" free="0" total="97779712" percent="0" />
      <mem type="survivor" free="0" total="10878976" percent="0" />
    </mem>
    <mem type="tenure" free="1956988872" total="1984036864" percent="98">
      <mem type="soa" free="1857810376" total="1884835840" percent="98" />
      <mem type="loa" free="99178496" total="99201024" percent="99" />
    </mem>
    <remembered-set count="89" />
  </mem-info>
</gc-start>
<allocation-stats totalBytes="97566792" >
  <allocated-bytes non-tlh="584" tlh="97566208" />
  <largest-consumer threadName="main" threadId="00000000015BE700" bytes="97566792" />
</allocation-stats>
<gc-op id="3321" type="scavenge" timems="0.580" contextid="3318" timestamp="2019-06-14T20:52:37.799">
  <scavenger-info tenureage="5" tenuremask="ffe0" tiltratio="89" />
  <memory-copied type="nursery" objects="36" bytes="1576" bytesdiscarded="76760" />
</gc-op>
<gc-end id="3322" type="scavenge" contextid="3318" durationms="1.230" usertimems="4.000" systemtimems="0.000" timestamp="2019-06-14T20:52:37.799" activeThreads="4">
  <mem-info id="3323" free="2054690248" total="2092695552" percent="98">
    <mem type="nursery" free="97701376" total="108658688" percent="89">
      <mem type="allocate" free="97701376" total="97779712" percent="99" />
      <mem type="survivor" free="0" total="10878976" percent="0" />
    </mem>
    <mem type="tenure" free="1956988872" total="1984036864" percent="98" macro-fragmented="9100">
      <mem type="soa" free="1857810376" total="1884835840" percent="98" />
      <mem type="loa" free="99178496" total="99201024" percent="99" />
    </mem>
    <remembered-set count="89" />
  </mem-info>
</gc-end>
<cycle-end id="3324" type="scavenge" contextid="3318" timestamp="2019-06-14T20:52:37.799" />
  <attribute name="elasticGC enabled" value="1" />
  <attribute name= "numThreadsSpecified" value="4" />
  <attribute name="heapSize specified" value="2092630016" />
  <attribute name="Current GC Util" value="9" />
  <attribute name= "Current Time Running" value="22117" />
  <attribute name ="GC Interval" value="200" />
  <attribute name="ProportionalT" value="-5.500000" />
  <attribute name="ProportionalI" value="-5.500000" />
  <attribute name="ProportionalH" value="-5.500000" />
  <attribute name="Current Error" value="-11.000000" />
  <attribute name="IntegralT" value="-176.000000" />
  <attribute name="IntegralI" value="-176.000000" />
  <attribute name="IntegralH" value="-176.000000" />
  <attribute name="DerivativeT" value="-0.343750" />
  <attribute name="DerivativeI" value="-0.343750" />
  <attribute name="DerivativeH" value="-0.343750" />
  <attribute name="Loop Time for DT" value="16.000000" />
  <attribute name="Output H" value="2092630016"/>
  <attribute name="Output I" value="200"/>
  <attribute name="Output T" value="4"/>
  <attribute name="Target GC Util Change" value ="20.000000" />
  <attribute name="Current GC Util Change" value="9.000000"/>
  <attribute name="GC Util currently" value="9" />
  <attribute name="CPU Util currently" value="288714368245" />
<allocation-satisfied id="3325" threadId="00000000015BE700" bytesRequested="488" />
<af-end id="3326" timestamp="2019-06-14T20:52:37.800" threadId="00000000015BF088" success="true" from="nursery"/>
<exclusive-end id="3327" timestamp="2019-06-14T20:52:37.800" durationms="2.296" />

<exclusive-start id="3328" timestamp="2019-06-14T20:52:37.850" intervalms="52.030">
  <response-info timems="0.080" idlems="0.080" threads="0" lastid="00000000015BE700" lastname="main" />
</exclusive-start>
<af-start id="3329" threadId="00000000015BF088" totalBytesRequested="32" timestamp="2019-06-14T20:52:37.850" intervalms="52.004" type="nursery" />
<cycle-start id="3330" type="scavenge" contextid="0" timestamp="2019-06-14T20:52:37.850" intervalms="52.007" />
<gc-start id="3331" type="scavenge" contextid="3330" timestamp="2019-06-14T20:52:37.850">
  <mem-info id="3332" free="1956988872" total="2092695552" percent="93">
    <mem type="nursery" free="0" total="108658688" percent="0">
      <mem type="allocate" free="0" total="97779712" percent="0" />
      <mem type="survivor" free="0" total="10878976" percent="0" />
    </mem>
    <mem type="tenure" free="1956988872" total="1984036864" percent="98">
      <mem type="soa" free="1857810376" total="1884835840" percent="98" />
      <mem type="loa" free="99178496" total="99201024" percent="99" />
    </mem>
    <remembered-set count="94" />
  </mem-info>
</gc-start>
<allocation-stats totalBytes="97628632" >
  <allocated-bytes non-tlh="488" tlh="97628144" />
  <largest-consumer threadName="main" threadId="00000000015BE700" bytes="97628632" />
</allocation-stats>
<gc-op id="3333" type="scavenge" timems="0.737" contextid="3330" timestamp="2019-06-14T20:52:37.851">
  <scavenger-info tenureage="3" tenuremask="fff8" tiltratio="89" />
  <memory-copied type="nursery" objects="42" bytes="1392" bytesdiscarded="76944" />
  <memory-copied type="tenure" objects="12" bytes="288" bytesdiscarded="0" />
</gc-op>
<gc-end id="3334" type="scavenge" contextid="3330" durationms="1.567" usertimems="0.000" systemtimems="4.000" timestamp="2019-06-14T20:52:37.852" activeThreads="4">
  <mem-info id="3335" free="2054690248" total="2092695552" percent="98">
    <mem type="nursery" free="97701376" total="108658688" percent="89">
      <mem type="allocate" free="97701376" total="97779712" percent="99" />
      <mem type="survivor" free="0" total="10878976" percent="0" />
    </mem>
    <mem type="tenure" free="1956988872" total="1984036864" percent="98" macro-fragmented="18870">
      <mem type="soa" free="1857810376" total="1884835840" percent="98" />
      <mem type="loa" free="99178496" total="99201024" percent="99" />
    </mem>
    <remembered-set count="90" />
  </mem-info>
</gc-end>
<cycle-end id="3336" type="scavenge" contextid="3330" timestamp="2019-06-14T20:52:37.852" />
  <attribute name="elasticGC enabled" value="1" />
  <attribute name= "numThreadsSpecified" value="4" />
  <attribute name="heapSize specified" value="2092630016" />
  <attribute name="Current GC Util" value="3" />
  <attribute name= "Current Time Running" value="22169" />
  <attribute name ="GC Interval" value="200" />
  <attribute name="ProportionalT" value="-8.500000" />
  <attribute name="ProportionalI" value="-8.500000" />
  <attribute name="ProportionalH" value="-8.500000" />
  <attribute name="Current Error" value="-17.000000" />
  <attribute name="IntegralT" value="-884.000000" />
  <attribute name="IntegralI" value="-884.000000" />
  <attribute name="IntegralH" value="-884.000000" />
  <attribute name="DerivativeT" value="-0.163462" />
  <attribute name="DerivativeI" value="-0.163462" />
  <attribute name="DerivativeH" value="-0.163462" />
  <attribute name="Loop Time for DT" value="52.000000" />
  <attribute name="Output H" value="2092630016"/>
  <attribute name="Output I" value="200"/>
  <attribute name="Output T" value="4"/>
  <attribute name="Target GC Util Change" value ="20.000000" />
  <attribute name="Current GC Util Change" value="3.000000"/>
  <attribute name="GC Util currently" value="3" />
  <attribute name="CPU Util currently" value="88249932633" />
<allocation-satisfied id="3337" threadId="00000000015BE700" bytesRequested="32" />
<af-end id="3338" timestamp="2019-06-14T20:52:37.852" threadId="00000000015BF088" success="true" from="nursery"/>
<exclusive-end id="3339" timestamp="2019-06-14T20:52:37.852" durationms="2.580" />

<exclusive-start id="3340" timestamp="2019-06-14T20:52:38.001" intervalms="151.227">
  <response-info timems="0.051" idlems="0.051" threads="0" lastid="00000000015BE700" lastname="main" />
</exclusive-start>
<af-start id="3341" threadId="00000000015BF088" totalBytesRequested="1168" timestamp="2019-06-14T20:52:38.001" intervalms="151.271" type="nursery" />
<cycle-start id="3342" type="scavenge" contextid="0" timestamp="2019-06-14T20:52:38.001" intervalms="151.282" />
<gc-start id="3343" type="scavenge" contextid="3342" timestamp="2019-06-14T20:52:38.001">
  <mem-info id="3344" free="1956988872" total="2092695552" percent="93">
    <mem type="nursery" free="0" total="108658688" percent="0">
      <mem type="allocate" free="0" total="97779712" percent="0" />
      <mem type="survivor" free="0" total="10878976" percent="0" />
    </mem>
    <mem type="tenure" free="1956988872" total="1984036864" percent="98">
      <mem type="soa" free="1857810376" total="1884835840" percent="98" />
      <mem type="loa" free="99178496" total="99201024" percent="99" />
    </mem>
    <remembered-set count="106" />
  </mem-info>
</gc-start>
<allocation-stats totalBytes="97390192" >
  <allocated-bytes non-tlh="32" tlh="97390160" />
  <largest-consumer threadName="main" threadId="00000000015BE700" bytes="97390192" />
</allocation-stats>
<gc-op id="3345" type="scavenge" timems="0.879" contextid="3342" timestamp="2019-06-14T20:52:38.003">
  <scavenger-info tenureage="4" tenuremask="ffd0" tiltratio="89" />
  <memory-copied type="nursery" objects="93" bytes="3696" bytesdiscarded="74640" />
</gc-op>
<gc-end id="3346" type="scavenge" contextid="3342" durationms="1.835" usertimems="0.000" systemtimems="0.000" timestamp="2019-06-14T20:52:38.003" activeThreads="4">
  <mem-info id="3347" free="2054690248" total="2092695552" percent="98">
    <mem type="nursery" free="97701376" total="108658688" percent="89">
      <mem type="allocate" free="97701376" total="97779712" percent="99" />
      <mem type="survivor" free="0" total="10878976" percent="0" />
    </mem>
    <mem type="tenure" free="1956988872" total="1984036864" percent="98" macro-fragmented="10920">
      <mem type="soa" free="1857810376" total="1884835840" percent="98" />
      <mem type="loa" free="99178496" total="99201024" percent="99" />
    </mem>
    <remembered-set count="105" />
  </mem-info>
</gc-end>
<cycle-end id="3348" type="scavenge" contextid="3342" timestamp="2019-06-14T20:52:38.003" />
  <attribute name="elasticGC enabled" value="1" />
  <attribute name= "numThreadsSpecified" value="4" />
  <attribute name="heapSize specified" value="2092630016" />
  <attribute name="Current GC Util" value="1" />
  <attribute name= "Current Time Running" value="22320" />
  <attribute name ="GC Interval" value="200" />
  <attribute name="ProportionalT" value="-9.500000" />
  <attribute name="ProportionalI" value="-9.500000" />
  <attribute name="ProportionalH" value="-9.500000" />
  <attribute name="Current Error" value="-19.000000" />
  <attribute name="IntegralT" value="-2869.000000" />
  <attribute name="IntegralI" value="-2869.000000" />
  <attribute name="IntegralH" value="-2869.000000" />
  <attribute name="DerivativeT" value="-0.062914" />
  <attribute name="DerivativeI" value="-0.062914" />
  <attribute name="DerivativeH" value="-0.062914" />
  <attribute name="Loop Time for DT" value="151.000000" />
  <attribute name="Output H" value="2092630016"/>
  <attribute name="Output I" value="200"/>
  <attribute name="Output T" value="4"/>
  <attribute name="Target GC Util Change" value ="20.000000" />
  <attribute name="Current GC Util Change" value="1.000000"/>
  <attribute name="GC Util currently" value="1" />
  <attribute name="CPU Util currently" value="30485521392" />
<allocation-satisfied id="3349" threadId="00000000015BE700" bytesRequested="1168" />
<af-end id="3350" timestamp="2019-06-14T20:52:38.004" threadId="00000000015BF088" success="true" from="nursery"/>
<exclusive-end id="3351" timestamp="2019-06-14T20:52:38.004" durationms="2.977" />

<exclusive-start id="3352" timestamp="2019-06-14T20:52:38.013" intervalms="12.219">
  <response-info timems="0.105" idlems="0.105" threads="0" lastid="00000000015BE700" lastname="main" />
</exclusive-start>
<af-start id="3353" threadId="00000000015BF088" totalBytesRequested="1168" timestamp="2019-06-14T20:52:38.013" intervalms="12.177" type="nursery" />
<cycle-start id="3354" type="scavenge" contextid="0" timestamp="2019-06-14T20:52:38.013" intervalms="12.161" />
<gc-start id="3355" type="scavenge" contextid="3354" timestamp="2019-06-14T20:52:38.014">
  <mem-info id="3356" free="1956988872" total="2092695552" percent="93">
    <mem type="nursery" free="0" total="108658688" percent="0">
      <mem type="allocate" free="0" total="97779712" percent="0" />
      <mem type="survivor" free="0" total="10878976" percent="0" />
    </mem>
    <mem type="tenure" free="1956988872" total="1984036864" percent="98">
      <mem type="soa" free="1857810376" total="1884835840" percent="98" />
      <mem type="loa" free="99178496" total="99201024" percent="99" />
    </mem>
    <remembered-set count="105" />
  </mem-info>
</gc-start>
<allocation-stats totalBytes="97377008" >
  <allocated-bytes non-tlh="1168" tlh="97375840" />
  <largest-consumer threadName="main" threadId="00000000015BE700" bytes="97377008" />
</allocation-stats>
<gc-op id="3357" type="scavenge" timems="0.476" contextid="3354" timestamp="2019-06-14T20:52:38.014">
  <scavenger-info tenureage="3" tenuremask="fff8" tiltratio="89" />
  <memory-copied type="nursery" objects="87" bytes="3552" bytesdiscarded="35616" />
  <memory-copied type="tenure" objects="6" bytes="144" bytesdiscarded="0" />
</gc-op>
<gc-end id="3358" type="scavenge" contextid="3354" durationms="1.291" usertimems="0.000" systemtimems="0.000" timestamp="2019-06-14T20:52:38.015" activeThreads="1">
  <mem-info id="3359" free="2054729416" total="2092695552" percent="98">
    <mem type="nursery" free="97740544" total="108658688" percent="89">
      <mem type="allocate" free="97740544" total="97779712" percent="99" />
      <mem type="survivor" free="0" total="10878976" percent="0" />
    </mem>
    <mem type="tenure" free="1956988872" total="1984036864" percent="98" macro-fragmented="1469">
      <mem type="soa" free="1857810376" total="1884835840" percent="98" />
      <mem type="loa" free="99178496" total="99201024" percent="99" />
    </mem>
    <remembered-set count="103" />
  </mem-info>
</gc-end>
<cycle-end id="3360" type="scavenge" contextid="3354" timestamp="2019-06-14T20:52:38.015" />
  <attribute name="elasticGC enabled" value="1" />
  <attribute name= "numThreadsSpecified" value="1" />
  <attribute name="heapSize specified" value="2092630016" />
  <attribute name="Current GC Util" value="20" />
  <attribute name= "Current Time Running" value="22332" />
  <attribute name ="GC Interval" value="200" />
  <attribute name="ProportionalT" value="0.000000" />
  <attribute name="ProportionalI" value="0.000000" />
  <attribute name="ProportionalH" value="0.000000" />
  <attribute name="Current Error" value="0.000000" />
  <attribute name="IntegralT" value="0.000000" />
  <attribute name="IntegralI" value="0.000000" />
  <attribute name="IntegralH" value="0.000000" />
  <attribute name="DerivativeT" value="0.000000" />
  <attribute name="DerivativeI" value="0.000000" />
  <attribute name="DerivativeH" value="0.000000" />
  <attribute name="Loop Time for DT" value="12.000000" />
  <attribute name="Output H" value="8388608"/>
  <attribute name="Output I" value="200"/>
  <attribute name="Output T" value="1"/>
  <attribute name="Target GC Util Change" value ="20.000000" />
  <attribute name="Current GC Util Change" value="20.000000"/>
  <attribute name="GC Util currently" value="20" />
  <attribute name="CPU Util currently" value="381759431058" />
<allocation-satisfied id="3361" threadId="00000000015BE700" bytesRequested="1168" />
<af-end id="3362" timestamp="2019-06-14T20:52:38.015" threadId="00000000015BF088" success="true" from="nursery"/>
<exclusive-end id="3363" timestamp="2019-06-14T20:52:38.016" durationms="2.553" />

<exclusive-start id="3364" timestamp="2019-06-14T20:52:38.025" intervalms="11.787">
  <response-info timems="0.098" idlems="0.098" threads="0" lastid="00000000015BE700" lastname="main" />
</exclusive-start>
<af-start id="3365" threadId="00000000015BF088" totalBytesRequested="1168" timestamp="2019-06-14T20:52:38.025" intervalms="11.790" type="nursery" />
<cycle-start id="3366" type="scavenge" contextid="0" timestamp="2019-06-14T20:52:38.025" intervalms="11.790" />
<gc-start id="3367" type="scavenge" contextid="3366" timestamp="2019-06-14T20:52:38.025">
  <mem-info id="3368" free="1956988872" total="2092695552" percent="93">
    <mem type="nursery" free="0" total="108658688" percent="0">
      <mem type="allocate" free="0" total="97779712" percent="0" />
      <mem type="survivor" free="0" total="10878976" percent="0" />
    </mem>
    <mem type="tenure" free="1956988872" total="1984036864" percent="98">
      <mem type="soa" free="1857810376" total="1884835840" percent="98" />
      <mem type="loa" free="99178496" total="99201024" percent="99" />
    </mem>
    <remembered-set count="103" />
  </mem-info>
</gc-start>
<allocation-stats totalBytes="97417688" >
  <allocated-bytes non-tlh="1168" tlh="97416520" />
  <largest-consumer threadName="main" threadId="00000000015BE700" bytes="97417688" />
</allocation-stats>
<gc-op id="3369" type="scavenge" timems="0.539" contextid="3366" timestamp="2019-06-14T20:52:38.026">
  <scavenger-info tenureage="2" tenuremask="ffdc" tiltratio="89" />
  <memory-copied type="nursery" objects="1" bytes="24" bytesdiscarded="39144" />
  <memory-copied type="tenure" objects="86" bytes="3528" bytesdiscarded="0" />
</gc-op>
<gc-end id="3370" type="scavenge" contextid="3366" durationms="1.264" usertimems="0.000" systemtimems="4.000" timestamp="2019-06-14T20:52:38.027" activeThreads="4">
  <mem-info id="3371" free="2054729416" total="2092695552" percent="98">
    <mem type="nursery" free="97740544" total="108658688" percent="89">
      <mem type="allocate" free="97740544" total="97779712" percent="99" />
      <mem type="survivor" free="0" total="10878976" percent="0" />
    </mem>
    <mem type="tenure" free="1956988872" total="1984036864" percent="98" macro-fragmented="0">
      <mem type="soa" free="1857810376" total="1884835840" percent="98" />
      <mem type="loa" free="99178496" total="99201024" percent="99" />
    </mem>
    <remembered-set count="92" />
  </mem-info>
</gc-end>
<cycle-end id="3372" type="scavenge" contextid="3366" timestamp="2019-06-14T20:52:38.027" />
  <attribute name="elasticGC enabled" value="1" />
  <attribute name= "numThreadsSpecified" value="4" />
  <attribute name="heapSize specified" value="2092630016" />
  <attribute name="Current GC Util" value="6" />
  <attribute name= "Current Time Running" value="22344" />
  <attribute name ="GC Interval" value="200" />
  <attribute name="ProportionalT" value="-7.000000" />
  <attribute name="ProportionalI" value="-7.000000" />
  <attribute name="ProportionalH" value="-7.000000" />
  <attribute name="Current Error" value="-14.000000" />
  <attribute name="IntegralT" value="-168.000000" />
  <attribute name="IntegralI" value="-168.000000" />
  <attribute name="IntegralH" value="-168.000000" />
  <attribute name="DerivativeT" value="-0.583333" />
  <attribute name="DerivativeI" value="-0.583333" />
  <attribute name="DerivativeH" value="-0.583333" />
  <attribute name="Loop Time for DT" value="12.000000" />
  <attribute name="Output H" value="2092630016"/>
  <attribute name="Output I" value="200"/>
  <attribute name="Output T" value="4"/>
  <attribute name="Target GC Util Change" value ="20.000000" />
  <attribute name="Current GC Util Change" value="6.000000"/>
  <attribute name="GC Util currently" value="6" />
  <attribute name="CPU Util currently" value="394053050480" />
<allocation-satisfied id="3373" threadId="00000000015BE700" bytesRequested="1168" />
<af-end id="3374" timestamp="2019-06-14T20:52:38.027" threadId="00000000015BF088" success="true" from="nursery"/>
<exclusive-end id="3375" timestamp="2019-06-14T20:52:38.027" durationms="2.492" />

<exclusive-start id="3376" timestamp="2019-06-14T20:52:38.036" intervalms="11.727">
  <response-info timems="0.072" idlems="0.072" threads="0" lastid="00000000015BE700" lastname="main" />
</exclusive-start>
<af-start id="3377" threadId="00000000015BF088" totalBytesRequested="1168" timestamp="2019-06-14T20:52:38.037" intervalms="11.749" type="nursery" />
<cycle-start id="3378" type="scavenge" contextid="0" timestamp="2019-06-14T20:52:38.037" intervalms="11.749" />
<gc-start id="3379" type="scavenge" contextid="3378" timestamp="2019-06-14T20:52:38.037">
  <mem-info id="3380" free="1956988872" total="2092695552" percent="93">
    <mem type="nursery" free="0" total="108658688" percent="0">
      <mem type="allocate" free="0" total="97779712" percent="0" />
      <mem type="survivor" free="0" total="10878976" percent="0" />
    </mem>
    <mem type="tenure" free="1956988872" total="1984036864" percent="98">
      <mem type="soa" free="1857810376" total="1884835840" percent="98" />
      <mem type="loa" free="99178496" total="99201024" percent="99" />
    </mem>
    <remembered-set count="92" />
  </mem-info>
</gc-start>
<allocation-stats totalBytes="97416456" >
  <allocated-bytes non-tlh="1168" tlh="97415288" />
  <largest-consumer threadName="main" threadId="00000000015BE700" bytes="97416456" />
</allocation-stats>
<gc-op id="3381" type="scavenge" timems="0.694" contextid="3378" timestamp="2019-06-14T20:52:38.038">
  <scavenger-info tenureage="5" tenuremask="ffe0" tiltratio="89" />
  <memory-copied type="nursery" objects="1" bytes="24" bytesdiscarded="39144" />
</gc-op>
<gc-end id="3382" type="scavenge" contextid="3378" durationms="1.505" usertimems="4.000" systemtimems="0.000" timestamp="2019-06-14T20:52:38.039" activeThreads="4">
  <mem-info id="3383" free="2054729416" total="2092695552" percent="98">
    <mem type="nursery" free="97740544" total="108658688" percent="89">
      <mem type="allocate" free="97740544" total="97779712" percent="99" />
      <mem type="survivor" free="0" total="10878976" percent="0" />
    </mem>
    <mem type="tenure" free="1956988872" total="1984036864" percent="98" macro-fragmented="0">
      <mem type="soa" free="1857810376" total="1884835840" percent="98" />
      <mem type="loa" free="99178496" total="99201024" percent="99" />
    </mem>
    <remembered-set count="92" />
  </mem-info>
</gc-end>
<cycle-end id="3384" type="scavenge" contextid="3378" timestamp="2019-06-14T20:52:38.039" />
  <attribute name="elasticGC enabled" value="1" />
  <attribute name= "numThreadsSpecified" value="4" />
  <attribute name="heapSize specified" value="2092630016" />
  <attribute name="Current GC Util" value="19" />
  <attribute name= "Current Time Running" value="22356" />
  <attribute name ="GC Interval" value="200" />
  <attribute name="ProportionalT" value="-0.500000" />
  <attribute name="ProportionalI" value="-0.500000" />
  <attribute name="ProportionalH" value="-0.500000" />
  <attribute name="Current Error" value="-1.000000" />
  <attribute name="IntegralT" value="-12.000000" />
  <attribute name="IntegralI" value="-12.000000" />
  <attribute name="IntegralH" value="-12.000000" />
  <attribute name="DerivativeT" value="-0.041667" />
  <attribute name="DerivativeI" value="-0.041667" />
  <attribute name="DerivativeH" value="-0.041667" />
  <attribute name="Loop Time for DT" value="12.000000" />
  <attribute name="Output H" value="2092630016"/>
  <attribute name="Output I" value="200"/>
  <attribute name="Output T" value="4"/>
  <attribute name="Target GC Util Change" value ="20.000000" />
  <attribute name="Current GC Util Change" value="19.000000"/>
  <attribute name="GC Util currently" value="19" />
  <attribute name="CPU Util currently" value="390826841912" />
<allocation-satisfied id="3385" threadId="00000000015BE700" bytesRequested="1168" />
<af-end id="3386" timestamp="2019-06-14T20:52:38.039" threadId="00000000015BF088" success="true" from="nursery"/>
<exclusive-end id="3387" timestamp="2019-06-14T20:52:38.039" durationms="2.809" />

<exclusive-start id="3388" timestamp="2019-06-14T20:52:38.049" intervalms="12.081">
  <response-info timems="0.070" idlems="0.070" threads="0" lastid="00000000015BE700" lastname="main" />
</exclusive-start>
<af-start id="3389" threadId="00000000015BF088" totalBytesRequested="1168" timestamp="2019-06-14T20:52:38.049" intervalms="12.076" type="nursery" />
<cycle-start id="3390" type="scavenge" contextid="0" timestamp="2019-06-14T20:52:38.049" intervalms="12.031" />
<gc-start id="3391" type="scavenge" contextid="3390" timestamp="2019-06-14T20:52:38.049">
  <mem-info id="3392" free="1956988872" total="2092695552" percent="93">
    <mem type="nursery" free="0" total="108658688" percent="0">
      <mem type="allocate" free="0" total="97779712" percent="0" />
      <mem type="survivor" free="0" total="10878976" percent="0" />
    </mem>
    <mem type="tenure" free="1956988872" total="1984036864" percent="98">
      <mem type="soa" free="1857810376" total="1884835840" percent="98" />
      <mem type="loa" free="99178496" total="99201024" percent="99" />
    </mem>
    <remembered-set count="92" />
  </mem-info>
</gc-start>
<allocation-stats totalBytes="97417664" >
  <allocated-bytes non-tlh="1168" tlh="97416496" />
  <largest-consumer threadName="main" threadId="00000000015BE700" bytes="97417664" />
</allocation-stats>
<gc-op id="3393" type="scavenge" timems="0.686" contextid="3390" timestamp="2019-06-14T20:52:38.050">
  <scavenger-info tenureage="3" tenuremask="fff8" tiltratio="89" />
  <memory-copied type="nursery" objects="1" bytes="24" bytesdiscarded="39144" />
</gc-op>
<gc-end id="3394" type="scavenge" contextid="3390" durationms="1.476" usertimems="4.000" systemtimems="0.000" timestamp="2019-06-14T20:52:38.051" activeThreads="4">
  <mem-info id="3395" free="2054729416" total="2092695552" percent="98">
    <mem type="nursery" free="97740544" total="108658688" percent="89">
      <mem type="allocate" free="97740544" total="97779712" percent="99" />
      <mem type="survivor" free="0" total="10878976" percent="0" />
    </mem>
    <mem type="tenure" free="1956988872" total="1984036864" percent="98" macro-fragmented="0">
      <mem type="soa" free="1857810376" total="1884835840" percent="98" />
      <mem type="loa" free="99178496" total="99201024" percent="99" />
    </mem>
    <remembered-set count="92" />
  </mem-info>
</gc-end>
<cycle-end id="3396" type="scavenge" contextid="3390" timestamp="2019-06-14T20:52:38.051" />
  <attribute name="elasticGC enabled" value="1" />
  <attribute name= "numThreadsSpecified" value="4" />
  <attribute name="heapSize specified" value="2092630016" />
  <attribute name="Current GC Util" value="16" />
  <attribute name= "Current Time Running" value="22368" />
  <attribute name ="GC Interval" value="200" />
  <attribute name="ProportionalT" value="-2.000000" />
  <attribute name="ProportionalI" value="-2.000000" />
  <attribute name="ProportionalH" value="-2.000000" />
  <attribute name="Current Error" value="-4.000000" />
  <attribute name="IntegralT" value="-48.000000" />
  <attribute name="IntegralI" value="-48.000000" />
  <attribute name="IntegralH" value="-48.000000" />
  <attribute name="DerivativeT" value="-0.166667" />
  <attribute name="DerivativeI" value="-0.166667" />
  <attribute name="DerivativeH" value="-0.166667" />
  <attribute name="Loop Time for DT" value="12.000000" />
  <attribute name="Output H" value="2092630016"/>
  <attribute name="Output I" value="200"/>
  <attribute name="Output T" value="4"/>
  <attribute name="Target GC Util Change" value ="20.000000" />
  <attribute name="Current GC Util Change" value="16.000000"/>
  <attribute name="GC Util currently" value="16" />
  <attribute name="CPU Util currently" value="384433676953" />
<allocation-satisfied id="3397" threadId="00000000015BE700" bytesRequested="1168" />
<af-end id="3398" timestamp="2019-06-14T20:52:38.051" threadId="00000000015BF088" success="true" from="nursery"/>
<exclusive-end id="3399" timestamp="2019-06-14T20:52:38.051" durationms="2.693" />

<exclusive-start id="3400" timestamp="2019-06-14T20:52:38.061" intervalms="12.001">
  <response-info timems="0.121" idlems="0.121" threads="0" lastid="00000000015BE700" lastname="main" />
</exclusive-start>
<af-start id="3401" threadId="00000000015BF088" totalBytesRequested="1168" timestamp="2019-06-14T20:52:38.061" intervalms="11.978" type="nursery" />
<cycle-start id="3402" type="scavenge" contextid="0" timestamp="2019-06-14T20:52:38.061" intervalms="11.998" />
<gc-start id="3403" type="scavenge" contextid="3402" timestamp="2019-06-14T20:52:38.061">
  <mem-info id="3404" free="1956988872" total="2092695552" percent="93">
    <mem type="nursery" free="0" total="108658688" percent="0">
      <mem type="allocate" free="0" total="97779712" percent="0" />
      <mem type="survivor" free="0" total="10878976" percent="0" />
    </mem>
    <mem type="tenure" free="1956988872" total="1984036864" percent="98">
      <mem type="soa" free="1857810376" total="1884835840" percent="98" />
      <mem type="loa" free="99178496" total="99201024" percent="99" />
    </mem>
    <remembered-set count="92" />
  </mem-info>
</gc-start>
<allocation-stats totalBytes="97416456" >
  <allocated-bytes non-tlh="1168" tlh="97415288" />
  <largest-consumer threadName="main" threadId="00000000015BE700" bytes="97416456" />
</allocation-stats>
<gc-op id="3405" type="scavenge" timems="0.717" contextid="3402" timestamp="2019-06-14T20:52:38.062">
  <scavenger-info tenureage="3" tenuremask="fff8" tiltratio="89" />
  <memory-copied type="nursery" objects="1" bytes="24" bytesdiscarded="39144" />
</gc-op>
<gc-end id="3406" type="scavenge" contextid="3402" durationms="1.417" usertimems="4.000" systemtimems="0.000" timestamp="2019-06-14T20:52:38.063" activeThreads="4">
  <mem-info id="3407" free="2054729416" total="2092695552" percent="98">
    <mem type="nursery" free="97740544" total="108658688" percent="89">
      <mem type="allocate" free="97740544" total="97779712" percent="99" />
      <mem type="survivor" free="0" total="10878976" percent="0" />
    </mem>
    <mem type="tenure" free="1956988872" total="1984036864" percent="98" macro-fragmented="0">
      <mem type="soa" free="1857810376" total="1884835840" percent="98" />
      <mem type="loa" free="99178496" total="99201024" percent="99" />
    </mem>
    <remembered-set count="92" />
  </mem-info>
</gc-end>
<cycle-end id="3408" type="scavenge" contextid="3402" timestamp="2019-06-14T20:52:38.063" />
  <attribute name="elasticGC enabled" value="1" />
  <attribute name= "numThreadsSpecified" value="4" />
  <attribute name="heapSize specified" value="2092630016" />
  <attribute name="Current GC Util" value="17" />
  <attribute name= "Current Time Running" value="22380" />
  <attribute name ="GC Interval" value="200" />
  <attribute name="ProportionalT" value="-1.500000" />
  <attribute name="ProportionalI" value="-1.500000" />
  <attribute name="ProportionalH" value="-1.500000" />
  <attribute name="Current Error" value="-3.000000" />
  <attribute name="IntegralT" value="-36.000000" />
  <attribute name="IntegralI" value="-36.000000" />
  <attribute name="IntegralH" value="-36.000000" />
  <attribute name="DerivativeT" value="-0.125000" />
  <attribute name="DerivativeI" value="-0.125000" />
  <attribute name="DerivativeH" value="-0.125000" />
  <attribute name="Loop Time for DT" value="12.000000" />
  <attribute name="Output H" value="2092630016"/>
  <attribute name="Output I" value="200"/>
  <attribute name="Output T" value="4"/>
  <attribute name="Target GC Util Change" value ="20.000000" />
  <attribute name="Current GC Util Change" value="17.000000"/>
  <attribute name="GC Util currently" value="17" />
  <attribute name="CPU Util currently" value="385677220300" />
<allocation-satisfied id="3409" threadId="00000000015BE700" bytesRequested="1168" />
<af-end id="3410" timestamp="2019-06-14T20:52:38.063" threadId="00000000015BF088" success="true" from="nursery"/>
<exclusive-end id="3411" timestamp="2019-06-14T20:52:38.063" durationms="2.518" />

<exclusive-start id="3412" timestamp="2019-06-14T20:52:38.073" intervalms="12.391">
  <response-info timems="0.111" idlems="0.111" threads="0" lastid="00000000015BE700" lastname="main" />
</exclusive-start>
<af-start id="3413" threadId="00000000015BF088" totalBytesRequested="1168" timestamp="2019-06-14T20:52:38.073" intervalms="12.367" type="nursery" />
<cycle-start id="3414" type="scavenge" contextid="0" timestamp="2019-06-14T20:52:38.073" intervalms="12.367" />
<gc-start id="3415" type="scavenge" contextid="3414" timestamp="2019-06-14T20:52:38.074">
  <mem-info id="3416" free="1956988872" total="2092695552" percent="93">
    <mem type="nursery" free="0" total="108658688" percent="0">
      <mem type="allocate" free="0" total="97779712" percent="0" />
      <mem type="survivor" free="0" total="10878976" percent="0" />
    </mem>
    <mem type="tenure" free="1956988872" total="1984036864" percent="98">
      <mem type="soa" free="1857810376" total="1884835840" percent="98" />
      <mem type="loa" free="99178496" total="99201024" percent="99" />
    </mem>
    <remembered-set count="97" />
  </mem-info>
</gc-start>
<allocation-stats totalBytes="97233472" >
  <allocated-bytes non-tlh="1168" tlh="97232304" />
  <largest-consumer threadName="main" threadId="00000000015BE700" bytes="97233472" />
</allocation-stats>
<gc-op id="3417" type="scavenge" timems="0.772" contextid="3414" timestamp="2019-06-14T20:52:38.075">
  <scavenger-info tenureage="3" tenuremask="fff8" tiltratio="89" />
  <memory-copied type="nursery" objects="26" bytes="1904" bytesdiscarded="76432" />
</gc-op>
<gc-end id="3418" type="scavenge" contextid="3414" durationms="1.562" usertimems="4.000" systemtimems="0.000" timestamp="2019-06-14T20:52:38.075" activeThreads="4">
  <mem-info id="3419" free="2054690248" total="2092695552" percent="98">
    <mem type="nursery" free="97701376" total="108658688" percent="89">
      <mem type="allocate" free="97701376" total="97779712" percent="99" />
      <mem type="survivor" free="0" total="10878976" percent="0" />
    </mem>
    <mem type="tenure" free="1956988872" total="1984036864" percent="98" macro-fragmented="0">
      <mem type="soa" free="1857810376" total="1884835840" percent="98" />
      <mem type="loa" free="99178496" total="99201024" percent="99" />
    </mem>
    <remembered-set count="97" />
  </mem-info>
</gc-end>
<cycle-end id="3420" type="scavenge" contextid="3414" timestamp="2019-06-14T20:52:38.075" />
  <attribute name="elasticGC enabled" value="1" />
  <attribute name= "numThreadsSpecified" value="4" />
  <attribute name="heapSize specified" value="2092630016" />
  <attribute name="Current GC Util" value="15" />
  <attribute name= "Current Time Running" value="22392" />
  <attribute name ="GC Interval" value="200" />
  <attribute name="ProportionalT" value="-2.500000" />
  <attribute name="ProportionalI" value="-2.500000" />
  <attribute name="ProportionalH" value="-2.500000" />
  <attribute name="Current Error" value="-5.000000" />
  <attribute name="IntegralT" value="-60.000000" />
  <attribute name="IntegralI" value="-60.000000" />
  <attribute name="IntegralH" value="-60.000000" />
  <attribute name="DerivativeT" value="-0.208333" />
  <attribute name="DerivativeI" value="-0.208333" />
  <attribute name="DerivativeH" value="-0.208333" />
  <attribute name="Loop Time for DT" value="12.000000" />
  <attribute name="Output H" value="2092630016"/>
  <attribute name="Output I" value="200"/>
  <attribute name="Output T" value="4"/>
  <attribute name="Target GC Util Change" value ="20.000000" />
  <attribute name="Current GC Util Change" value="15.000000"/>
  <attribute name="GC Util currently" value="15" />
  <attribute name="CPU Util currently" value="369911920517" />
<allocation-satisfied id="3421" threadId="00000000015BE700" bytesRequested="1168" />
<af-end id="3422" timestamp="2019-06-14T20:52:38.075" threadId="00000000015BF088" success="true" from="nursery"/>
<exclusive-end id="3423" timestamp="2019-06-14T20:52:38.076" durationms="2.549" />

<exclusive-start id="3424" timestamp="2019-06-14T20:52:38.085" intervalms="12.308">
  <response-info timems="0.067" idlems="0.067" threads="0" lastid="00000000015BE700" lastname="main" />
</exclusive-start>
<af-start id="3425" threadId="00000000015BF088" totalBytesRequested="1168" timestamp="2019-06-14T20:52:38.085" intervalms="12.327" type="nursery" />
<cycle-start id="3426" type="scavenge" contextid="0" timestamp="2019-06-14T20:52:38.086" intervalms="12.327" />
<gc-start id="3427" type="scavenge" contextid="3426" timestamp="2019-06-14T20:52:38.086">
  <mem-info id="3428" free="1956988872" total="2092695552" percent="93">
    <mem type="nursery" free="0" total="108658688" percent="0">
      <mem type="allocate" free="0" total="97779712" percent="0" />
      <mem type="survivor" free="0" total="10878976" percent="0" />
    </mem>
    <mem type="tenure" free="1956988872" total="1984036864" percent="98">
      <mem type="soa" free="1857810376" total="1884835840" percent="98" />
      <mem type="loa" free="99178496" total="99201024" percent="99" />
    </mem>
    <remembered-set count="97" />
  </mem-info>
</gc-start>
<allocation-stats totalBytes="97088616" >
  <allocated-bytes non-tlh="1168" tlh="97087448" />
  <largest-consumer threadName="main" threadId="00000000015BE700" bytes="97088616" />
</allocation-stats>
<gc-op id="3429" type="scavenge" timems="0.788" contextid="3426" timestamp="2019-06-14T20:52:38.087">
  <scavenger-info tenureage="3" tenuremask="fff8" tiltratio="89" />
  <memory-copied type="nursery" objects="27" bytes="1928" bytesdiscarded="76408" />
</gc-op>
<gc-end id="3430" type="scavenge" contextid="3426" durationms="1.578" usertimems="4.000" systemtimems="0.000" timestamp="2019-06-14T20:52:38.087" activeThreads="4">
  <mem-info id="3431" free="2054690248" total="2092695552" percent="98">
    <mem type="nursery" free="97701376" total="108658688" percent="89">
      <mem type="allocate" free="97701376" total="97779712" percent="99" />
      <mem type="survivor" free="0" total="10878976" percent="0" />
    </mem>
    <mem type="tenure" free="1956988872" total="1984036864" percent="98" macro-fragmented="0">
      <mem type="soa" free="1857810376" total="1884835840" percent="98" />
      <mem type="loa" free="99178496" total="99201024" percent="99" />
    </mem>
    <remembered-set count="87" />
  </mem-info>
</gc-end>
<cycle-end id="3432" type="scavenge" contextid="3426" timestamp="2019-06-14T20:52:38.088" />
  <attribute name="elasticGC enabled" value="1" />
  <attribute name= "numThreadsSpecified" value="4" />
  <attribute name="heapSize specified" value="2092630016" />
  <attribute name="Current GC Util" value="17" />
  <attribute name= "Current Time Running" value="22404" />
  <attribute name ="GC Interval" value="200" />
  <attribute name="ProportionalT" value="-1.500000" />
  <attribute name="ProportionalI" value="-1.500000" />
  <attribute name="ProportionalH" value="-1.500000" />
  <attribute name="Current Error" value="-3.000000" />
  <attribute name="IntegralT" value="-36.000000" />
  <attribute name="IntegralI" value="-36.000000" />
  <attribute name="IntegralH" value="-36.000000" />
  <attribute name="DerivativeT" value="-0.125000" />
  <attribute name="DerivativeI" value="-0.125000" />
  <attribute name="DerivativeH" value="-0.125000" />
  <attribute name="Loop Time for DT" value="12.000000" />
  <attribute name="Output H" value="2092630016"/>
  <attribute name="Output I" value="200"/>
  <attribute name="Output T" value="4"/>
  <attribute name="Target GC Util Change" value ="20.000000" />
  <attribute name="Current GC Util Change" value="17.000000"/>
  <attribute name="GC Util currently" value="17" />
  <attribute name="CPU Util currently" value="374409738393" />
<allocation-satisfied id="3433" threadId="00000000015BE700" bytesRequested="1168" />
<af-end id="3434" timestamp="2019-06-14T20:52:38.088" threadId="00000000015BF088" success="true" from="nursery"/>
<exclusive-end id="3435" timestamp="2019-06-14T20:52:38.088" durationms="2.633" />

<exclusive-start id="3436" timestamp="2019-06-14T20:52:38.098" intervalms="12.298">
  <response-info timems="0.100" idlems="0.100" threads="0" lastid="00000000015BE700" lastname="main" />
</exclusive-start>
<af-start id="3437" threadId="00000000015BF088" totalBytesRequested="1168" timestamp="2019-06-14T20:52:38.098" intervalms="12.295" type="nursery" />
<cycle-start id="3438" type="scavenge" contextid="0" timestamp="2019-06-14T20:52:38.098" intervalms="12.291" />
<gc-start id="3439" type="scavenge" contextid="3438" timestamp="2019-06-14T20:52:38.098">
  <mem-info id="3440" free="1956988872" total="2092695552" percent="93">
    <mem type="nursery" free="0" total="108658688" percent="0">
      <mem type="allocate" free="0" total="97779712" percent="0" />
      <mem type="survivor" free="0" total="10878976" percent="0" />
    </mem>
    <mem type="tenure" free="1956988872" total="1984036864" percent="98">
      <mem type="soa" free="1857810376" total="1884835840" percent="98" />
      <mem type="loa" free="99178496" total="99201024" percent="99" />
    </mem>
    <remembered-set count="87" />
  </mem-info>
</gc-start>
<allocation-stats totalBytes="97089880" >
  <allocated-bytes non-tlh="1168" tlh="97088712" />
  <largest-consumer threadName="main" threadId="00000000015BE700" bytes="97089880" />
</allocation-stats>
<gc-op id="3441" type="scavenge" timems="0.541" contextid="3438" timestamp="2019-06-14T20:52:38.099">
  <scavenger-info tenureage="2" tenuremask="fffc" tiltratio="89" />
  <memory-copied type="nursery" objects="1" bytes="24" bytesdiscarded="39144" />
  <memory-copied type="tenure" objects="26" bytes="1904" bytesdiscarded="0" />
</gc-op>
<gc-end id="3442" type="scavenge" contextid="3438" durationms="1.247" usertimems="0.000" systemtimems="0.000" timestamp="2019-06-14T20:52:38.099" activeThreads="4">
  <mem-info id="3443" free="2054729416" total="2092695552" percent="98">
    <mem type="nursery" free="97740544" total="108658688" percent="89">
      <mem type="allocate" free="97740544" total="97779712" percent="99" />
      <mem type="survivor" free="0" total="10878976" percent="0" />
    </mem>
    <mem type="tenure" free="1956988872" total="1984036864" percent="98" macro-fragmented="6319">
      <mem type="soa" free="1857810376" total="1884835840" percent="98" />
      <mem type="loa" free="99178496" total="99201024" percent="99" />
    </mem>
    <remembered-set count="92" />
  </mem-info>
</gc-end>
<cycle-end id="3444" type="scavenge" contextid="3438" timestamp="2019-06-14T20:52:38.099" />
  <attribute name="elasticGC enabled" value="1" />
  <attribute name= "numThreadsSpecified" value="4" />
  <attribute name="heapSize specified" value="2092630016" />
  <attribute name="Current GC Util" value="17" />
  <attribute name= "Current Time Running" value="22417" />
  <attribute name ="GC Interval" value="200" />
  <attribute name="ProportionalT" value="-1.500000" />
  <attribute name="ProportionalI" value="-1.500000" />
  <attribute name="ProportionalH" value="-1.500000" />
  <attribute name="Current Error" value="-3.000000" />
  <attribute name="IntegralT" value="-39.000000" />
  <attribute name="IntegralI" value="-39.000000" />
  <attribute name="IntegralH" value="-39.000000" />
  <attribute name="DerivativeT" value="-0.115385" />
  <attribute name="DerivativeI" value="-0.115385" />
  <attribute name="DerivativeH" value="-0.115385" />
  <attribute name="Loop Time for DT" value="13.000000" />
  <attribute name="Output H" value="2092630016"/>
  <attribute name="Output I" value="200"/>
  <attribute name="Output T" value="4"/>
  <attribute name="Target GC Util Change" value ="20.000000" />
  <attribute name="Current GC Util Change" value="17.000000"/>
  <attribute name="GC Util currently" value="17" />
  <attribute name="CPU Util currently" value="376154426526" />
<allocation-satisfied id="3445" threadId="00000000015BE700" bytesRequested="1168" />
<af-end id="3446" timestamp="2019-06-14T20:52:38.100" threadId="00000000015BF088" success="true" from="nursery"/>
<exclusive-end id="3447" timestamp="2019-06-14T20:52:38.100" durationms="2.229" />

<exclusive-start id="3448" timestamp="2019-06-14T20:52:38.110" intervalms="11.928">
  <response-info timems="0.070" idlems="0.070" threads="0" lastid="00000000015BE700" lastname="main" />
</exclusive-start>
<af-start id="3449" threadId="00000000015BF088" totalBytesRequested="1168" timestamp="2019-06-14T20:52:38.110" intervalms="11.943" type="nursery" />
<cycle-start id="3450" type="scavenge" contextid="0" timestamp="2019-06-14T20:52:38.110" intervalms="11.947" />
<gc-start id="3451" type="scavenge" contextid="3450" timestamp="2019-06-14T20:52:38.110">
  <mem-info id="3452" free="1956988872" total="2092695552" percent="93">
    <mem type="nursery" free="0" total="108658688" percent="0">
      <mem type="allocate" free="0" total="97779712" percent="0" />
      <mem type="survivor" free="0" total="10878976" percent="0" />
    </mem>
    <mem type="tenure" free="1956988872" total="1984036864" percent="98">
      <mem type="soa" free="1857810376" total="1884835840" percent="98" />
      <mem type="loa" free="99178496" total="99201024" percent="99" />
    </mem>
    <remembered-set count="92" />
  </mem-info>
</gc-start>
<allocation-stats totalBytes="97128344" >
  <allocated-bytes non-tlh="1168" tlh="97127176" />
  <largest-consumer threadName="main" threadId="00000000015BE700" bytes="97128344" />
</allocation-stats>
<gc-op id="3453" type="scavenge" timems="0.463" contextid="3450" timestamp="2019-06-14T20:52:38.111">
  <scavenger-info tenureage="4" tenuremask="fff0" tiltratio="89" />
  <memory-copied type="nursery" objects="1" bytes="24" bytesdiscarded="39144" />
</gc-op>
<gc-end id="3454" type="scavenge" contextid="3450" durationms="1.160" usertimems="4.000" systemtimems="0.000" timestamp="2019-06-14T20:52:38.111" activeThreads="4">
  <mem-info id="3455" free="2054729416" total="2092695552" percent="98">
    <mem type="nursery" free="97740544" total="108658688" percent="89">
      <mem type="allocate" free="97740544" total="97779712" percent="99" />
      <mem type="survivor" free="0" total="10878976" percent="0" />
    </mem>
    <mem type="tenure" free="1956988872" total="1984036864" percent="98" macro-fragmented="6319">
      <mem type="soa" free="1857810376" total="1884835840" percent="98" />
      <mem type="loa" free="99178496" total="99201024" percent="99" />
    </mem>
    <remembered-set count="92" />
  </mem-info>
</gc-end>
<cycle-end id="3456" type="scavenge" contextid="3450" timestamp="2019-06-14T20:52:38.111" />
  <attribute name="elasticGC enabled" value="1" />
  <attribute name= "numThreadsSpecified" value="4" />
  <attribute name="heapSize specified" value="2092630016" />
  <attribute name="Current GC Util" value="13" />
  <attribute name= "Current Time Running" value="22429" />
  <attribute name ="GC Interval" value="200" />
  <attribute name="ProportionalT" value="-3.500000" />
  <attribute name="ProportionalI" value="-3.500000" />
  <attribute name="ProportionalH" value="-3.500000" />
  <attribute name="Current Error" value="-7.000000" />
  <attribute name="IntegralT" value="-84.000000" />
  <attribute name="IntegralI" value="-84.000000" />
  <attribute name="IntegralH" value="-84.000000" />
  <attribute name="DerivativeT" value="-0.291667" />
  <attribute name="DerivativeI" value="-0.291667" />
  <attribute name="DerivativeH" value="-0.291667" />
  <attribute name="Loop Time for DT" value="12.000000" />
  <attribute name="Output H" value="2092630016"/>
  <attribute name="Output I" value="200"/>
  <attribute name="Output T" value="4"/>
  <attribute name="Target GC Util Change" value ="20.000000" />
  <attribute name="Current GC Util Change" value="13.000000"/>
  <attribute name="GC Util currently" value="13" />
  <attribute name="CPU Util currently" value="386096304296" />
<allocation-satisfied id="3457" threadId="00000000015BE700" bytesRequested="1168" />
<af-end id="3458" timestamp="2019-06-14T20:52:38.112" threadId="00000000015BF088" success="true" from="nursery"/>
<exclusive-end id="3459" timestamp="2019-06-14T20:52:38.112" durationms="2.148" />

<exclusive-start id="3460" timestamp="2019-06-14T20:52:38.171" intervalms="61.637">
  <response-info timems="0.075" idlems="0.075" threads="0" lastid="00000000015BE700" lastname="main" />
</exclusive-start>
<af-start id="3461" threadId="00000000015BF088" totalBytesRequested="32" timestamp="2019-06-14T20:52:38.171" intervalms="61.634" type="nursery" />
<cycle-start id="3462" type="scavenge" contextid="0" timestamp="2019-06-14T20:52:38.172" intervalms="61.657" />
<gc-start id="3463" type="scavenge" contextid="3462" timestamp="2019-06-14T20:52:38.172">
  <mem-info id="3464" free="1956988872" total="2092695552" percent="93">
    <mem type="nursery" free="0" total="108658688" percent="0">
      <mem type="allocate" free="0" total="97779712" percent="0" />
      <mem type="survivor" free="0" total="10878976" percent="0" />
    </mem>
    <mem type="tenure" free="1956988872" total="1984036864" percent="98">
      <mem type="soa" free="1857810376" total="1884835840" percent="98" />
      <mem type="loa" free="99178496" total="99201024" percent="99" />
    </mem>
    <remembered-set count="102" />
  </mem-info>
</gc-start>
<allocation-stats totalBytes="97722232" >
  <allocated-bytes non-tlh="1168" tlh="97721064" />
  <largest-consumer threadName="main" threadId="00000000015BE700" bytes="97722232" />
</allocation-stats>
<gc-op id="3465" type="scavenge" timems="0.680" contextid="3462" timestamp="2019-06-14T20:52:38.173">
  <scavenger-info tenureage="3" tenuremask="fff8" tiltratio="89" />
  <memory-copied type="nursery" objects="249" bytes="8104" bytesdiscarded="70184" />
  <references type="weak" candidates="37" cleared="0" enqueued="0" />
</gc-op>
<gc-end id="3466" type="scavenge" contextid="3462" durationms="1.500" usertimems="0.000" systemtimems="0.000" timestamp="2019-06-14T20:52:38.173" activeThreads="4">
  <mem-info id="3467" free="2054690248" total="2092695552" percent="98">
    <mem type="nursery" free="97701376" total="108658688" percent="89">
      <mem type="allocate" free="97701376" total="97779712" percent="99" />
      <mem type="survivor" free="0" total="10878976" percent="0" />
    </mem>
    <mem type="tenure" free="1956988872" total="1984036864" percent="98" macro-fragmented="6319">
      <mem type="soa" free="1857810376" total="1884835840" percent="98" />
      <mem type="loa" free="99178496" total="99201024" percent="99" />
    </mem>
    <remembered-set count="102" />
  </mem-info>
</gc-end>
<cycle-end id="3468" type="scavenge" contextid="3462" timestamp="2019-06-14T20:52:38.173" />
  <attribute name="elasticGC enabled" value="1" />
  <attribute name= "numThreadsSpecified" value="4" />
  <attribute name="heapSize specified" value="2092630016" />
  <attribute name="Current GC Util" value="2" />
  <attribute name= "Current Time Running" value="22490" />
  <attribute name ="GC Interval" value="200" />
  <attribute name="ProportionalT" value="-9.000000" />
  <attribute name="ProportionalI" value="-9.000000" />
  <attribute name="ProportionalH" value="-9.000000" />
  <attribute name="Current Error" value="-18.000000" />
  <attribute name="IntegralT" value="-1098.000000" />
  <attribute name="IntegralI" value="-1098.000000" />
  <attribute name="IntegralH" value="-1098.000000" />
  <attribute name="DerivativeT" value="-0.147541" />
  <attribute name="DerivativeI" value="-0.147541" />
  <attribute name="DerivativeH" value="-0.147541" />
  <attribute name="Loop Time for DT" value="61.000000" />
  <attribute name="Output H" value="2092630016"/>
  <attribute name="Output I" value="200"/>
  <attribute name="Output T" value="4"/>
  <attribute name="Target GC Util Change" value ="20.000000" />
  <attribute name="Current GC Util Change" value="2.000000"/>
  <attribute name="GC Util currently" value="2" />
  <attribute name="CPU Util currently" value="74690644291" />
<allocation-satisfied id="3469" threadId="00000000015BE700" bytesRequested="32" />
<af-end id="3470" timestamp="2019-06-14T20:52:38.174" threadId="00000000015BF088" success="true" from="nursery"/>
<exclusive-end id="3471" timestamp="2019-06-14T20:52:38.174" durationms="2.784" />

<exclusive-start id="3472" timestamp="2019-06-14T20:52:38.204" intervalms="32.905">
  <response-info timems="0.080" idlems="0.080" threads="0" lastid="00000000015BE700" lastname="main" />
</exclusive-start>
<af-start id="3473" threadId="00000000015BF088" totalBytesRequested="232" timestamp="2019-06-14T20:52:38.204" intervalms="32.881" type="nursery" />
<cycle-start id="3474" type="scavenge" contextid="0" timestamp="2019-06-14T20:52:38.204" intervalms="32.882" />
<gc-start id="3475" type="scavenge" contextid="3474" timestamp="2019-06-14T20:52:38.205">
  <mem-info id="3476" free="1956988872" total="2092695552" percent="93">
    <mem type="nursery" free="0" total="108658688" percent="0">
      <mem type="allocate" free="0" total="97779712" percent="0" />
      <mem type="survivor" free="0" total="10878976" percent="0" />
    </mem>
    <mem type="tenure" free="1956988872" total="1984036864" percent="98">
      <mem type="soa" free="1857810376" total="1884835840" percent="98" />
      <mem type="loa" free="99178496" total="99201024" percent="99" />
    </mem>
    <remembered-set count="104" />
  </mem-info>
</gc-start>
<allocation-stats totalBytes="97656776" >
  <allocated-bytes non-tlh="32" tlh="97656744" />
  <largest-consumer threadName="main" threadId="00000000015BE700" bytes="97656776" />
</allocation-stats>
<gc-op id="3477" type="scavenge" timems="0.759" contextid="3474" timestamp="2019-06-14T20:52:38.206">
  <scavenger-info tenureage="3" tenuremask="fff8" tiltratio="89" />
  <memory-copied type="nursery" objects="78" bytes="2480" bytesdiscarded="75856" />
  <references type="weak" candidates="37" cleared="7" enqueued="3" />
</gc-op>
<gc-end id="3478" type="scavenge" contextid="3474" durationms="1.496" usertimems="0.000" systemtimems="0.000" timestamp="2019-06-14T20:52:38.206" activeThreads="4">
  <mem-info id="3479" free="2054690248" total="2092695552" percent="98">
    <mem type="nursery" free="97701376" total="108658688" percent="89">
      <mem type="allocate" free="97701376" total="97779712" percent="99" />
      <mem type="survivor" free="0" total="10878976" percent="0" />
    </mem>
    <mem type="tenure" free="1956988872" total="1984036864" percent="98" macro-fragmented="6319">
      <mem type="soa" free="1857810376" total="1884835840" percent="98" />
      <mem type="loa" free="99178496" total="99201024" percent="99" />
    </mem>
    <pending-finalizers system="0" default="0" reference="3" classloader="0" />
    <remembered-set count="94" />
  </mem-info>
</gc-end>
<cycle-end id="3480" type="scavenge" contextid="3474" timestamp="2019-06-14T20:52:38.206" />
  <attribute name="elasticGC enabled" value="1" />
  <attribute name= "numThreadsSpecified" value="4" />
  <attribute name="heapSize specified" value="2092630016" />
  <attribute name="Current GC Util" value="5" />
  <attribute name= "Current Time Running" value="22523" />
  <attribute name ="GC Interval" value="200" />
  <attribute name="ProportionalT" value="-7.500000" />
  <attribute name="ProportionalI" value="-7.500000" />
  <attribute name="ProportionalH" value="-7.500000" />
  <attribute name="Current Error" value="-15.000000" />
  <attribute name="IntegralT" value="-495.000000" />
  <attribute name="IntegralI" value="-495.000000" />
  <attribute name="IntegralH" value="-495.000000" />
  <attribute name="DerivativeT" value="-0.227273" />
  <attribute name="DerivativeI" value="-0.227273" />
  <attribute name="DerivativeH" value="-0.227273" />
  <attribute name="Loop Time for DT" value="33.000000" />
  <attribute name="Output H" value="2092630016"/>
  <attribute name="Output I" value="200"/>
  <attribute name="Output T" value="4"/>
  <attribute name="Target GC Util Change" value ="20.000000" />
  <attribute name="Current GC Util Change" value="5.000000"/>
  <attribute name="GC Util currently" value="5" />
  <attribute name="CPU Util currently" value="140588327072" />
<allocation-satisfied id="3481" threadId="00000000015BE700" bytesRequested="232" />
<af-end id="3482" timestamp="2019-06-14T20:52:38.207" threadId="00000000015BF088" success="true" from="nursery"/>
<exclusive-end id="3483" timestamp="2019-06-14T20:52:38.207" durationms="2.635" />

<exclusive-start id="3484" timestamp="2019-06-14T20:52:38.221" intervalms="17.132">
  <response-info timems="0.071" idlems="0.071" threads="0" lastid="00000000015BE700" lastname="main" />
</exclusive-start>
<af-start id="3485" threadId="00000000015BF088" totalBytesRequested="152" timestamp="2019-06-14T20:52:38.221" intervalms="17.135" type="nursery" />
<cycle-start id="3486" type="scavenge" contextid="0" timestamp="2019-06-14T20:52:38.222" intervalms="17.131" />
<gc-start id="3487" type="scavenge" contextid="3486" timestamp="2019-06-14T20:52:38.222">
  <mem-info id="3488" free="1956988872" total="2092695552" percent="93">
    <mem type="nursery" free="0" total="108658688" percent="0">
      <mem type="allocate" free="0" total="97779712" percent="0" />
      <mem type="survivor" free="0" total="10878976" percent="0" />
    </mem>
    <mem type="tenure" free="1956988872" total="1984036864" percent="98">
      <mem type="soa" free="1857810376" total="1884835840" percent="98" />
      <mem type="loa" free="99178496" total="99201024" percent="99" />
    </mem>
    <remembered-set count="95" />
  </mem-info>
</gc-start>
<allocation-stats totalBytes="97651848" >
  <allocated-bytes non-tlh="232" tlh="97651616" />
  <largest-consumer threadName="main" threadId="00000000015BE700" bytes="97651848" />
</allocation-stats>
<gc-op id="3489" type="scavenge" timems="0.679" contextid="3486" timestamp="2019-06-14T20:52:38.223">
  <scavenger-info tenureage="3" tenuremask="fff8" tiltratio="89" />
  <memory-copied type="nursery" objects="78" bytes="2400" bytesdiscarded="75936" />
  <references type="weak" candidates="30" cleared="0" enqueued="0" />
</gc-op>
<gc-end id="3490" type="scavenge" contextid="3486" durationms="1.399" usertimems="4.000" systemtimems="0.000" timestamp="2019-06-14T20:52:38.223" activeThreads="4">
  <mem-info id="3491" free="2054690248" total="2092695552" percent="98">
    <mem type="nursery" free="97701376" total="108658688" percent="89">
      <mem type="allocate" free="97701376" total="97779712" percent="99" />
      <mem type="survivor" free="0" total="10878976" percent="0" />
    </mem>
    <mem type="tenure" free="1956988872" total="1984036864" percent="98" macro-fragmented="6319">
      <mem type="soa" free="1857810376" total="1884835840" percent="98" />
      <mem type="loa" free="99178496" total="99201024" percent="99" />
    </mem>
    <remembered-set count="95" />
  </mem-info>
</gc-end>
<cycle-end id="3492" type="scavenge" contextid="3486" timestamp="2019-06-14T20:52:38.223" />
  <attribute name="elasticGC enabled" value="1" />
  <attribute name= "numThreadsSpecified" value="4" />
  <attribute name="heapSize specified" value="2092630016" />
  <attribute name="Current GC Util" value="11" />
  <attribute name= "Current Time Running" value="22540" />
  <attribute name ="GC Interval" value="200" />
  <attribute name="ProportionalT" value="-4.500000" />
  <attribute name="ProportionalI" value="-4.500000" />
  <attribute name="ProportionalH" value="-4.500000" />
  <attribute name="Current Error" value="-9.000000" />
  <attribute name="IntegralT" value="-153.000000" />
  <attribute name="IntegralI" value="-153.000000" />
  <attribute name="IntegralH" value="-153.000000" />
  <attribute name="DerivativeT" value="-0.264706" />
  <attribute name="DerivativeI" value="-0.264706" />
  <attribute name="DerivativeH" value="-0.264706" />
  <attribute name="Loop Time for DT" value="17.000000" />
  <attribute name="Output H" value="2092630016"/>
  <attribute name="Output I" value="200"/>
  <attribute name="Output T" value="4"/>
  <attribute name="Target GC Util Change" value ="20.000000" />
  <attribute name="Current GC Util Change" value="11.000000"/>
  <attribute name="GC Util currently" value="11" />
  <attribute name="CPU Util currently" value="269365166369" />
<allocation-satisfied id="3493" threadId="00000000015BE700" bytesRequested="152" />
<af-end id="3494" timestamp="2019-06-14T20:52:38.224" threadId="00000000015BF088" success="true" from="nursery"/>
<exclusive-end id="3495" timestamp="2019-06-14T20:52:38.224" durationms="2.507" />

<exclusive-start id="3496" timestamp="2019-06-14T20:52:38.239" intervalms="17.787">
  <response-info timems="0.071" idlems="0.071" threads="0" lastid="00000000015BE700" lastname="main" />
</exclusive-start>
<af-start id="3497" threadId="00000000015BF088" totalBytesRequested="312" timestamp="2019-06-14T20:52:38.239" intervalms="17.786" type="nursery" />
<cycle-start id="3498" type="scavenge" contextid="0" timestamp="2019-06-14T20:52:38.239" intervalms="17.772" />
<gc-start id="3499" type="scavenge" contextid="3498" timestamp="2019-06-14T20:52:38.240">
  <mem-info id="3500" free="1956988872" total="2092695552" percent="93">
    <mem type="nursery" free="0" total="108658688" percent="0">
      <mem type="allocate" free="0" total="97779712" percent="0" />
      <mem type="survivor" free="0" total="10878976" percent="0" />
    </mem>
    <mem type="tenure" free="1956988872" total="1984036864" percent="98">
      <mem type="soa" free="1857810376" total="1884835840" percent="98" />
      <mem type="loa" free="99178496" total="99201024" percent="99" />
    </mem>
    <remembered-set count="97" />
  </mem-info>
</gc-start>
<allocation-stats totalBytes="97639392" >
  <allocated-bytes non-tlh="152" tlh="97639240" />
  <largest-consumer threadName="main" threadId="00000000015BE700" bytes="97639392" />
</allocation-stats>
<gc-op id="3501" type="scavenge" timems="0.355" contextid="3498" timestamp="2019-06-14T20:52:38.240">
  <scavenger-info tenureage="3" tenuremask="fff8" tiltratio="89" />
  <memory-copied type="nursery" objects="28" bytes="1096" bytesdiscarded="77240" />
  <memory-copied type="tenure" objects="56" bytes="1616" bytesdiscarded="0" />
</gc-op>
<gc-end id="3502" type="scavenge" contextid="3498" durationms="0.964" usertimems="0.000" systemtimems="0.000" timestamp="2019-06-14T20:52:38.240" activeThreads="4">
  <mem-info id="3503" free="2054690248" total="2092695552" percent="98">
    <mem type="nursery" free="97701376" total="108658688" percent="89">
      <mem type="allocate" free="97701376" total="97779712" percent="99" />
      <mem type="survivor" free="0" total="10878976" percent="0" />
    </mem>
    <mem type="tenure" free="1956988872" total="1984036864" percent="98" macro-fragmented="0">
      <mem type="soa" free="1857810376" total="1884835840" percent="98" />
      <mem type="loa" free="99178496" total="99201024" percent="99" />
    </mem>
    <remembered-set count="87" />
  </mem-info>
</gc-end>
<cycle-end id="3504" type="scavenge" contextid="3498" timestamp="2019-06-14T20:52:38.241" />
  <attribute name="elasticGC enabled" value="1" />
  <attribute name= "numThreadsSpecified" value="4" />
  <attribute name="heapSize specified" value="2092630016" />
  <attribute name="Current GC Util" value="10" />
  <attribute name= "Current Time Running" value="22558" />
  <attribute name ="GC Interval" value="200" />
  <attribute name="ProportionalT" value="-5.000000" />
  <attribute name="ProportionalI" value="-5.000000" />
  <attribute name="ProportionalH" value="-5.000000" />
  <attribute name="Current Error" value="-10.000000" />
  <attribute name="IntegralT" value="-180.000000" />
  <attribute name="IntegralI" value="-180.000000" />
  <attribute name="IntegralH" value="-180.000000" />
  <attribute name="DerivativeT" value="-0.277778" />
  <attribute name="DerivativeI" value="-0.277778" />
  <attribute name="DerivativeH" value="-0.277778" />
  <attribute name="Loop Time for DT" value="18.000000" />
  <attribute name="Output H" value="2092630016"/>
  <attribute name="Output I" value="200"/>
  <attribute name="Output T" value="4"/>
  <attribute name="Target GC Util Change" value ="20.000000" />
  <attribute name="Current GC Util Change" value="10.000000"/>
  <attribute name="GC Util currently" value="10" />
  <attribute name="CPU Util currently" value="258529967268" />
<allocation-satisfied id="3505" threadId="00000000015BE700" bytesRequested="312" />
<af-end id="3506" timestamp="2019-06-14T20:52:38.241" threadId="00000000015BF088" success="true" from="nursery"/>
<exclusive-end id="3507" timestamp="2019-06-14T20:52:38.241" durationms="1.969" />

<exclusive-start id="3508" timestamp="2019-06-14T20:52:38.265" intervalms="25.798">
  <response-info timems="0.085" idlems="0.085" threads="0" lastid="00000000015BE700" lastname="main" />
</exclusive-start>
<af-start id="3509" threadId="00000000015BF088" totalBytesRequested="24" timestamp="2019-06-14T20:52:38.265" intervalms="25.761" type="nursery" />
<cycle-start id="3510" type="scavenge" contextid="0" timestamp="2019-06-14T20:52:38.265" intervalms="25.750" />
<gc-start id="3511" type="scavenge" contextid="3510" timestamp="2019-06-14T20:52:38.265">
  <mem-info id="3512" free="1956988872" total="2092695552" percent="93">
    <mem type="nursery" free="0" total="108658688" percent="0">
      <mem type="allocate" free="0" total="97779712" percent="0" />
      <mem type="survivor" free="0" total="10878976" percent="0" />
    </mem>
    <mem type="tenure" free="1956988872" total="1984036864" percent="98">
      <mem type="soa" free="1857810376" total="1884835840" percent="98" />
      <mem type="loa" free="99178496" total="99201024" percent="99" />
    </mem>
    <remembered-set count="89" />
  </mem-info>
</gc-start>
<allocation-stats totalBytes="97643992" >
  <allocated-bytes non-tlh="312" tlh="97643680" />
  <largest-consumer threadName="main" threadId="00000000015BE700" bytes="97643992" />
</allocation-stats>
<gc-op id="3513" type="scavenge" timems="0.362" contextid="3510" timestamp="2019-06-14T20:52:38.266">
  <scavenger-info tenureage="5" tenuremask="ffe0" tiltratio="89" />
  <memory-copied type="nursery" objects="62" bytes="2456" bytesdiscarded="75880" />
</gc-op>
<gc-end id="3514" type="scavenge" contextid="3510" durationms="0.770" usertimems="0.000" systemtimems="0.000" timestamp="2019-06-14T20:52:38.266" activeThreads="4">
  <mem-info id="3515" free="2054690248" total="2092695552" percent="98">
    <mem type="nursery" free="97701376" total="108658688" percent="89">
      <mem type="allocate" free="97701376" total="97779712" percent="99" />
      <mem type="survivor" free="0" total="10878976" percent="0" />
    </mem>
    <mem type="tenure" free="1956988872" total="1984036864" percent="98" macro-fragmented="0">
      <mem type="soa" free="1857810376" total="1884835840" percent="98" />
      <mem type="loa" free="99178496" total="99201024" percent="99" />
    </mem>
    <remembered-set count="89" />
  </mem-info>
</gc-end>
<cycle-end id="3516" type="scavenge" contextid="3510" timestamp="2019-06-14T20:52:38.266" />
  <attribute name="elasticGC enabled" value="1" />
  <attribute name= "numThreadsSpecified" value="4" />
  <attribute name="heapSize specified" value="2092630016" />
  <attribute name="Current GC Util" value="3" />
  <attribute name= "Current Time Running" value="22584" />
  <attribute name ="GC Interval" value="200" />
  <attribute name="ProportionalT" value="-8.500000" />
  <attribute name="ProportionalI" value="-8.500000" />
  <attribute name="ProportionalH" value="-8.500000" />
  <attribute name="Current Error" value="-17.000000" />
  <attribute name="IntegralT" value="-442.000000" />
  <attribute name="IntegralI" value="-442.000000" />
  <attribute name="IntegralH" value="-442.000000" />
  <attribute name="DerivativeT" value="-0.326923" />
  <attribute name="DerivativeI" value="-0.326923" />
  <attribute name="DerivativeH" value="-0.326923" />
  <attribute name="Loop Time for DT" value="26.000000" />
  <attribute name="Output H" value="2092630016"/>
  <attribute name="Output I" value="200"/>
  <attribute name="Output T" value="4"/>
  <attribute name="Target GC Util Change" value ="20.000000" />
  <attribute name="Current GC Util Change" value="3.000000"/>
  <attribute name="GC Util currently" value="3" />
  <attribute name="CPU Util currently" value="179282517662" />
<allocation-satisfied id="3517" threadId="00000000015BE700" bytesRequested="24" />
<af-end id="3518" timestamp="2019-06-14T20:52:38.266" threadId="00000000015BF088" success="true" from="nursery"/>
<exclusive-end id="3519" timestamp="2019-06-14T20:52:38.266" durationms="1.567" />

<exclusive-start id="3520" timestamp="2019-06-14T20:52:38.441" intervalms="176.458">
  <response-info timems="0.104" idlems="0.104" threads="0" lastid="00000000015BE700" lastname="main" />
</exclusive-start>
<af-start id="3521" threadId="00000000015BF088" totalBytesRequested="9616" timestamp="2019-06-14T20:52:38.442" intervalms="176.575" type="nursery" />
<cycle-start id="3522" type="scavenge" contextid="0" timestamp="2019-06-14T20:52:38.442" intervalms="176.619" />
<gc-start id="3523" type="scavenge" contextid="3522" timestamp="2019-06-14T20:52:38.442">
  <mem-info id="3524" free="1956988872" total="2092695552" percent="93">
    <mem type="nursery" free="0" total="108658688" percent="0">
      <mem type="allocate" free="0" total="97779712" percent="0" />
      <mem type="survivor" free="0" total="10878976" percent="0" />
    </mem>
    <mem type="tenure" free="1956988872" total="1984036864" percent="98">
      <mem type="soa" free="1857810376" total="1884835840" percent="98" />
      <mem type="loa" free="99178496" total="99201024" percent="99" />
    </mem>
    <remembered-set count="101" />
  </mem-info>
</gc-start>
<allocation-stats totalBytes="94107408" >
  <allocated-bytes non-tlh="24" tlh="94107384" />
  <largest-consumer threadName="main" threadId="00000000015BE700" bytes="94107408" />
</allocation-stats>
<gc-op id="3525" type="scavenge" timems="0.442" contextid="3522" timestamp="2019-06-14T20:52:38.443">
  <scavenger-info tenureage="3" tenuremask="fff8" tiltratio="89" />
  <memory-copied type="nursery" objects="78" bytes="25376" bytesdiscarded="52960" />
  <memory-copied type="tenure" objects="6" bytes="144" bytesdiscarded="0" />
</gc-op>
<gc-end id="3526" type="scavenge" contextid="3522" durationms="0.925" usertimems="0.000" systemtimems="0.000" timestamp="2019-06-14T20:52:38.443" activeThreads="4">
  <mem-info id="3527" free="2054690248" total="2092695552" percent="98">
    <mem type="nursery" free="97701376" total="108658688" percent="89">
      <mem type="allocate" free="97701376" total="97779712" percent="99" />
      <mem type="survivor" free="0" total="10878976" percent="0" />
    </mem>
    <mem type="tenure" free="1956988872" total="1984036864" percent="98" macro-fragmented="0">
      <mem type="soa" free="1857810376" total="1884835840" percent="98" />
      <mem type="loa" free="99178496" total="99201024" percent="99" />
    </mem>
    <remembered-set count="99" />
  </mem-info>
</gc-end>
<cycle-end id="3528" type="scavenge" contextid="3522" timestamp="2019-06-14T20:52:38.443" />
  <attribute name="elasticGC enabled" value="1" />
  <attribute name= "numThreadsSpecified" value="4" />
  <attribute name="heapSize specified" value="2092630016" />
  <attribute name="Current GC Util" value="0" />
  <attribute name= "Current Time Running" value="22761" />
  <attribute name ="GC Interval" value="200" />
  <attribute name="ProportionalT" value="-10.000000" />
  <attribute name="ProportionalI" value="-10.000000" />
  <attribute name="ProportionalH" value="-10.000000" />
  <attribute name="Current Error" value="-20.000000" />
  <attribute name="IntegralT" value="-3540.000000" />
  <attribute name="IntegralI" value="-3540.000000" />
  <attribute name="IntegralH" value="-3540.000000" />
  <attribute name="DerivativeT" value="-0.056497" />
  <attribute name="DerivativeI" value="-0.056497" />
  <attribute name="DerivativeH" value="-0.056497" />
  <attribute name="Loop Time for DT" value="177.000000" />
  <attribute name="Output H" value="2092630016"/>
  <attribute name="Output I" value="200"/>
  <attribute name="Output T" value="4"/>
  <attribute name="Target GC Util Change" value ="20.000000" />
  <attribute name="Current GC Util Change" value="0.000000"/>
  <attribute name="GC Util currently" value="0" />
  <attribute name="CPU Util currently" value="26100433560" />
<allocation-satisfied id="3529" threadId="00000000015BE700" bytesRequested="9616" />
<af-end id="3530" timestamp="2019-06-14T20:52:38.443" threadId="00000000015BF088" success="true" from="nursery"/>
<exclusive-end id="3531" timestamp="2019-06-14T20:52:38.443" durationms="2.040" />

<exclusive-start id="3532" timestamp="2019-06-14T20:52:38.599" intervalms="158.186">
  <response-info timems="0.081" idlems="0.081" threads="0" lastid="00000000015BE700" lastname="main" />
</exclusive-start>
<af-start id="3533" threadId="00000000015BF088" totalBytesRequested="32" timestamp="2019-06-14T20:52:38.600" intervalms="158.214" type="nursery" />
<cycle-start id="3534" type="scavenge" contextid="0" timestamp="2019-06-14T20:52:38.600" intervalms="158.204" />
<gc-start id="3535" type="scavenge" contextid="3534" timestamp="2019-06-14T20:52:38.600">
  <mem-info id="3536" free="1956988872" total="2092695552" percent="93">
    <mem type="nursery" free="0" total="108658688" percent="0">
      <mem type="allocate" free="0" total="97779712" percent="0" />
      <mem type="survivor" free="0" total="10878976" percent="0" />
    </mem>
    <mem type="tenure" free="1956988872" total="1984036864" percent="98">
      <mem type="soa" free="1857810376" total="1884835840" percent="98" />
      <mem type="loa" free="99178496" total="99201024" percent="99" />
    </mem>
    <remembered-set count="113" />
  </mem-info>
</gc-start>
<allocation-stats totalBytes="97690144" >
  <allocated-bytes non-tlh="9616" tlh="97680528" />
  <largest-consumer threadName="main" threadId="00000000015BE700" bytes="97690144" />
</allocation-stats>
<gc-op id="3537" type="scavenge" timems="0.396" contextid="3534" timestamp="2019-06-14T20:52:38.601">
  <scavenger-info tenureage="3" tenuremask="ffd8" tiltratio="89" />
  <memory-copied type="nursery" objects="114" bytes="3208" bytesdiscarded="75128" />
  <memory-copied type="tenure" objects="6" bytes="144" bytesdiscarded="0" />
</gc-op>
<gc-end id="3538" type="scavenge" contextid="3534" durationms="0.897" usertimems="0.000" systemtimems="0.000" timestamp="2019-06-14T20:52:38.601" activeThreads="4">
  <mem-info id="3539" free="2054690248" total="2092695552" percent="98">
    <mem type="nursery" free="97701376" total="108658688" percent="89">
      <mem type="allocate" free="97701376" total="97779712" percent="99" />
      <mem type="survivor" free="0" total="10878976" percent="0" />
    </mem>
    <mem type="tenure" free="1956988872" total="1984036864" percent="98" macro-fragmented="0">
      <mem type="soa" free="1857810376" total="1884835840" percent="98" />
      <mem type="loa" free="99178496" total="99201024" percent="99" />
    </mem>
    <remembered-set count="111" />
  </mem-info>
</gc-end>
<cycle-end id="3540" type="scavenge" contextid="3534" timestamp="2019-06-14T20:52:38.601" />
  <attribute name="elasticGC enabled" value="1" />
  <attribute name= "numThreadsSpecified" value="4" />
  <attribute name="heapSize specified" value="2092630016" />
  <attribute name="Current GC Util" value="0" />
  <attribute name= "Current Time Running" value="22919" />
  <attribute name ="GC Interval" value="200" />
  <attribute name="ProportionalT" value="-10.000000" />
  <attribute name="ProportionalI" value="-10.000000" />
  <attribute name="ProportionalH" value="-10.000000" />
  <attribute name="Current Error" value="-20.000000" />
  <attribute name="IntegralT" value="-3160.000000" />
  <attribute name="IntegralI" value="-3160.000000" />
  <attribute name="IntegralH" value="-3160.000000" />
  <attribute name="DerivativeT" value="-0.063291" />
  <attribute name="DerivativeI" value="-0.063291" />
  <attribute name="DerivativeH" value="-0.063291" />
  <attribute name="Loop Time for DT" value="158.000000" />
  <attribute name="Output H" value="2092630016"/>
  <attribute name="Output I" value="200"/>
  <attribute name="Output T" value="4"/>
  <attribute name="Target GC Util Change" value ="20.000000" />
  <attribute name="Current GC Util Change" value="0.000000"/>
  <attribute name="GC Util currently" value="0" />
  <attribute name="CPU Util currently" value="29152148294" />
<allocation-satisfied id="3541" threadId="00000000015BE700" bytesRequested="32" />
<af-end id="3542" timestamp="2019-06-14T20:52:38.602" threadId="00000000015BF088" success="true" from="nursery"/>
<exclusive-end id="3543" timestamp="2019-06-14T20:52:38.602" durationms="2.141" />

<exclusive-start id="3544" timestamp="2019-06-14T20:52:38.680" intervalms="80.314">
  <response-info timems="0.086" idlems="0.086" threads="0" lastid="00000000015BE700" lastname="main" />
</exclusive-start>
<af-start id="3545" threadId="00000000015BF088" totalBytesRequested="40" timestamp="2019-06-14T20:52:38.680" intervalms="80.237" type="nursery" />
<cycle-start id="3546" type="scavenge" contextid="0" timestamp="2019-06-14T20:52:38.680" intervalms="80.232" />
<gc-start id="3547" type="scavenge" contextid="3546" timestamp="2019-06-14T20:52:38.680">
  <mem-info id="3548" free="1956988872" total="2092695552" percent="93">
    <mem type="nursery" free="0" total="108658688" percent="0">
      <mem type="allocate" free="0" total="97779712" percent="0" />
      <mem type="survivor" free="0" total="10878976" percent="0" />
    </mem>
    <mem type="tenure" free="1956988872" total="1984036864" percent="98">
      <mem type="soa" free="1857810376" total="1884835840" percent="98" />
      <mem type="loa" free="99178496" total="99201024" percent="99" />
    </mem>
    <remembered-set count="117" />
  </mem-info>
</gc-start>
<allocation-stats totalBytes="97677008" >
  <allocated-bytes non-tlh="32" tlh="97676976" />
  <largest-consumer threadName="main" threadId="00000000015BE700" bytes="97677008" />
</allocation-stats>
<gc-op id="3549" type="scavenge" timems="0.378" contextid="3546" timestamp="2019-06-14T20:52:38.681">
  <scavenger-info tenureage="3" tenuremask="ffe8" tiltratio="89" />
  <memory-copied type="nursery" objects="111" bytes="2960" bytesdiscarded="75376" />
  <memory-copied type="tenure" objects="6" bytes="144" bytesdiscarded="0" />
</gc-op>
<gc-end id="3550" type="scavenge" contextid="3546" durationms="0.774" usertimems="0.000" systemtimems="0.000" timestamp="2019-06-14T20:52:38.681" activeThreads="4">
  <mem-info id="3551" free="2054690248" total="2092695552" percent="98">
    <mem type="nursery" free="97701376" total="108658688" percent="89">
      <mem type="allocate" free="97701376" total="97779712" percent="99" />
      <mem type="survivor" free="0" total="10878976" percent="0" />
    </mem>
    <mem type="tenure" free="1956988872" total="1984036864" percent="98" macro-fragmented="0">
      <mem type="soa" free="1857810376" total="1884835840" percent="98" />
      <mem type="loa" free="99178496" total="99201024" percent="99" />
    </mem>
    <remembered-set count="115" />
  </mem-info>
</gc-end>
<cycle-end id="3552" type="scavenge" contextid="3546" timestamp="2019-06-14T20:52:38.681" />
  <attribute name="elasticGC enabled" value="1" />
  <attribute name= "numThreadsSpecified" value="4" />
  <attribute name="heapSize specified" value="2092630016" />
  <attribute name="Current GC Util" value="1" />
  <attribute name= "Current Time Running" value="22999" />
  <attribute name ="GC Interval" value="200" />
  <attribute name="ProportionalT" value="-9.500000" />
  <attribute name="ProportionalI" value="-9.500000" />
  <attribute name="ProportionalH" value="-9.500000" />
  <attribute name="Current Error" value="-19.000000" />
  <attribute name="IntegralT" value="-1520.000000" />
  <attribute name="IntegralI" value="-1520.000000" />
  <attribute name="IntegralH" value="-1520.000000" />
  <attribute name="DerivativeT" value="-0.118750" />
  <attribute name="DerivativeI" value="-0.118750" />
  <attribute name="DerivativeH" value="-0.118750" />
  <attribute name="Loop Time for DT" value="80.000000" />
  <attribute name="Output H" value="2092630016"/>
  <attribute name="Output I" value="200"/>
  <attribute name="Output T" value="4"/>
  <attribute name="Target GC Util Change" value ="20.000000" />
  <attribute name="Current GC Util Change" value="1.000000"/>
  <attribute name="GC Util currently" value="1" />
  <attribute name="CPU Util currently" value="57543371535" />
<allocation-satisfied id="3553" threadId="00000000015BE700" bytesRequested="40" />
<af-end id="3554" timestamp="2019-06-14T20:52:38.682" threadId="00000000015BF088" success="true" from="nursery"/>
<exclusive-end id="3555" timestamp="2019-06-14T20:52:38.682" durationms="1.891" />

<exclusive-start id="3556" timestamp="2019-06-14T20:52:38.757" intervalms="77.669">
  <response-info timems="0.090" idlems="0.090" threads="0" lastid="00000000015BE700" lastname="main" />
</exclusive-start>
<af-start id="3557" threadId="00000000015BF088" totalBytesRequested="32" timestamp="2019-06-14T20:52:38.758" intervalms="77.710" type="nursery" />
<cycle-start id="3558" type="scavenge" contextid="0" timestamp="2019-06-14T20:52:38.758" intervalms="77.674" />
<gc-start id="3559" type="scavenge" contextid="3558" timestamp="2019-06-14T20:52:38.758">
  <mem-info id="3560" free="1956988872" total="2092695552" percent="93">
    <mem type="nursery" free="0" total="108658688" percent="0">
      <mem type="allocate" free="0" total="97779712" percent="0" />
      <mem type="survivor" free="0" total="10878976" percent="0" />
    </mem>
    <mem type="tenure" free="1956988872" total="1984036864" percent="98">
      <mem type="soa" free="1857810376" total="1884835840" percent="98" />
      <mem type="loa" free="99178496" total="99201024" percent="99" />
    </mem>
    <remembered-set count="119" />
  </mem-info>
</gc-start>
<allocation-stats totalBytes="97691288" >
  <allocated-bytes non-tlh="40" tlh="97691248" />
  <largest-consumer threadName="main" threadId="00000000015BE700" bytes="97691288" />
</allocation-stats>
<gc-op id="3561" type="scavenge" timems="0.413" contextid="3558" timestamp="2019-06-14T20:52:38.759">
  <scavenger-info tenureage="3" tenuremask="ffe8" tiltratio="89" />
  <memory-copied type="nursery" objects="80" bytes="2192" bytesdiscarded="76144" />
  <memory-copied type="tenure" objects="36" bytes="864" bytesdiscarded="0" />
</gc-op>
<gc-end id="3562" type="scavenge" contextid="3558" durationms="0.921" usertimems="4.000" systemtimems="0.000" timestamp="2019-06-14T20:52:38.759" activeThreads="4">
  <mem-info id="3563" free="2054690248" total="2092695552" percent="98">
    <mem type="nursery" free="97701376" total="108658688" percent="89">
      <mem type="allocate" free="97701376" total="97779712" percent="99" />
      <mem type="survivor" free="0" total="10878976" percent="0" />
    </mem>
    <mem type="tenure" free="1956988872" total="1984036864" percent="98" macro-fragmented="0">
      <mem type="soa" free="1857810376" total="1884835840" percent="98" />
      <mem type="loa" free="99178496" total="99201024" percent="99" />
    </mem>
    <remembered-set count="107" />
  </mem-info>
</gc-end>
<cycle-end id="3564" type="scavenge" contextid="3558" timestamp="2019-06-14T20:52:38.759" />
  <attribute name="elasticGC enabled" value="1" />
  <attribute name= "numThreadsSpecified" value="4" />
  <attribute name="heapSize specified" value="2092630016" />
  <attribute name="Current GC Util" value="1" />
  <attribute name= "Current Time Running" value="23077" />
  <attribute name ="GC Interval" value="200" />
  <attribute name="ProportionalT" value="-9.500000" />
  <attribute name="ProportionalI" value="-9.500000" />
  <attribute name="ProportionalH" value="-9.500000" />
  <attribute name="Current Error" value="-19.000000" />
  <attribute name="IntegralT" value="-1482.000000" />
  <attribute name="IntegralI" value="-1482.000000" />
  <attribute name="IntegralH" value="-1482.000000" />
  <attribute name="DerivativeT" value="-0.121795" />
  <attribute name="DerivativeI" value="-0.121795" />
  <attribute name="DerivativeH" value="-0.121795" />
  <attribute name="Loop Time for DT" value="78.000000" />
  <attribute name="Output H" value="2092630016"/>
  <attribute name="Output I" value="200"/>
  <attribute name="Output T" value="4"/>
  <attribute name="Target GC Util Change" value ="20.000000" />
  <attribute name="Current GC Util Change" value="1.000000"/>
  <attribute name="GC Util currently" value="1" />
  <attribute name="CPU Util currently" value="59313560026" />
<allocation-satisfied id="3565" threadId="00000000015BE700" bytesRequested="32" />
<af-end id="3566" timestamp="2019-06-14T20:52:38.759" threadId="00000000015BF088" success="true" from="nursery"/>
<exclusive-end id="3567" timestamp="2019-06-14T20:52:38.759" durationms="1.940" />

<exclusive-start id="3568" timestamp="2019-06-14T20:52:38.885" intervalms="127.367">
  <response-info timems="0.069" idlems="0.069" threads="0" lastid="00000000015BE700" lastname="main" />
</exclusive-start>
<af-start id="3569" threadId="00000000015BF088" totalBytesRequested="32" timestamp="2019-06-14T20:52:38.885" intervalms="127.209" type="nursery" />
<cycle-start id="3570" type="scavenge" contextid="0" timestamp="2019-06-14T20:52:38.885" intervalms="127.182" />
<gc-start id="3571" type="scavenge" contextid="3570" timestamp="2019-06-14T20:52:38.885">
  <mem-info id="3572" free="1956988872" total="2092695552" percent="93">
    <mem type="nursery" free="0" total="108658688" percent="0">
      <mem type="allocate" free="0" total="97779712" percent="0" />
      <mem type="survivor" free="0" total="10878976" percent="0" />
    </mem>
    <mem type="tenure" free="1956988872" total="1984036864" percent="98">
      <mem type="soa" free="1857810376" total="1884835840" percent="98" />
      <mem type="loa" free="99178496" total="99201024" percent="99" />
    </mem>
    <remembered-set count="121" />
  </mem-info>
</gc-start>
<allocation-stats totalBytes="97694616" >
  <allocated-bytes non-tlh="32" tlh="97694584" />
  <largest-consumer threadName="main" threadId="00000000015BE700" bytes="97694616" />
</allocation-stats>
<gc-op id="3573" type="scavenge" timems="0.379" contextid="3570" timestamp="2019-06-14T20:52:38.886">
  <scavenger-info tenureage="3" tenuremask="ffe8" tiltratio="89" />
  <memory-copied type="nursery" objects="98" bytes="2552" bytesdiscarded="75784" />
  <memory-copied type="tenure" objects="34" bytes="888" bytesdiscarded="0" />
</gc-op>
<gc-end id="3574" type="scavenge" contextid="3570" durationms="0.831" usertimems="4.000" systemtimems="0.000" timestamp="2019-06-14T20:52:38.886" activeThreads="4">
  <mem-info id="3575" free="2054690248" total="2092695552" percent="98">
    <mem type="nursery" free="97701376" total="108658688" percent="89">
      <mem type="allocate" free="97701376" total="97779712" percent="99" />
      <mem type="survivor" free="0" total="10878976" percent="0" />
    </mem>
    <mem type="tenure" free="1956988872" total="1984036864" percent="98" macro-fragmented="0">
      <mem type="soa" free="1857810376" total="1884835840" percent="98" />
      <mem type="loa" free="99178496" total="99201024" percent="99" />
    </mem>
    <remembered-set count="108" />
  </mem-info>
</gc-end>
<cycle-end id="3576" type="scavenge" contextid="3570" timestamp="2019-06-14T20:52:38.886" />
  <attribute name="elasticGC enabled" value="1" />
  <attribute name= "numThreadsSpecified" value="4" />
  <attribute name="heapSize specified" value="2092630016" />
  <attribute name="Current GC Util" value="0" />
  <attribute name= "Current Time Running" value="23204" />
  <attribute name ="GC Interval" value="200" />
  <attribute name="ProportionalT" value="-10.000000" />
  <attribute name="ProportionalI" value="-10.000000" />
  <attribute name="ProportionalH" value="-10.000000" />
  <attribute name="Current Error" value="-20.000000" />
  <attribute name="IntegralT" value="-2540.000000" />
  <attribute name="IntegralI" value="-2540.000000" />
  <attribute name="IntegralH" value="-2540.000000" />
  <attribute name="DerivativeT" value="-0.078740" />
  <attribute name="DerivativeI" value="-0.078740" />
  <attribute name="DerivativeH" value="-0.078740" />
  <attribute name="Loop Time for DT" value="127.000000" />
  <attribute name="Output H" value="2092630016"/>
  <attribute name="Output I" value="200"/>
  <attribute name="Output T" value="4"/>
  <attribute name="Target GC Util Change" value ="20.000000" />
  <attribute name="Current GC Util Change" value="0.000000"/>
  <attribute name="GC Util currently" value="0" />
  <attribute name="CPU Util currently" value="36316074022" />
<allocation-satisfied id="3577" threadId="00000000015BE700" bytesRequested="32" />
<af-end id="3578" timestamp="2019-06-14T20:52:38.886" threadId="00000000015BF088" success="true" from="nursery"/>
<exclusive-end id="3579" timestamp="2019-06-14T20:52:38.886" durationms="1.555" />

<exclusive-start id="3580" timestamp="2019-06-14T20:52:38.956" intervalms="71.720">
  <response-info timems="0.266" idlems="0.266" threads="0" lastid="00000000015BE700" lastname="main" />
</exclusive-start>
<af-start id="3581" threadId="00000000015BF088" totalBytesRequested="24" timestamp="2019-06-14T20:52:38.957" intervalms="71.797" type="nursery" />
<cycle-start id="3582" type="scavenge" contextid="0" timestamp="2019-06-14T20:52:38.957" intervalms="71.839" />
<gc-start id="3583" type="scavenge" contextid="3582" timestamp="2019-06-14T20:52:38.957">
  <mem-info id="3584" free="1956988872" total="2092695552" percent="93">
    <mem type="nursery" free="0" total="108658688" percent="0">
      <mem type="allocate" free="0" total="97779712" percent="0" />
      <mem type="survivor" free="0" total="10878976" percent="0" />
    </mem>
    <mem type="tenure" free="1956988872" total="1984036864" percent="98">
      <mem type="soa" free="1857810376" total="1884835840" percent="98" />
      <mem type="loa" free="99178496" total="99201024" percent="99" />
    </mem>
    <remembered-set count="110" />
  </mem-info>
</gc-start>
<allocation-stats totalBytes="97694576" >
  <allocated-bytes non-tlh="32" tlh="97694544" />
  <largest-consumer threadName="main" threadId="00000000015BE700" bytes="97694576" />
</allocation-stats>
<gc-op id="3585" type="scavenge" timems="0.437" contextid="3582" timestamp="2019-06-14T20:52:38.958">
  <scavenger-info tenureage="3" tenuremask="ffe8" tiltratio="89" />
  <memory-copied type="nursery" objects="79" bytes="2096" bytesdiscarded="76240" />
  <memory-copied type="tenure" objects="19" bytes="480" bytesdiscarded="0" />
</gc-op>
<gc-end id="3586" type="scavenge" contextid="3582" durationms="1.081" usertimems="0.000" systemtimems="0.000" timestamp="2019-06-14T20:52:38.958" activeThreads="4">
  <mem-info id="3587" free="2054690248" total="2092695552" percent="98">
    <mem type="nursery" free="97701376" total="108658688" percent="89">
      <mem type="allocate" free="97701376" total="97779712" percent="99" />
      <mem type="survivor" free="0" total="10878976" percent="0" />
    </mem>
    <mem type="tenure" free="1956988872" total="1984036864" percent="98" macro-fragmented="0">
      <mem type="soa" free="1857810376" total="1884835840" percent="98" />
      <mem type="loa" free="99178496" total="99201024" percent="99" />
    </mem>
    <remembered-set count="103" />
  </mem-info>
</gc-end>
<cycle-end id="3588" type="scavenge" contextid="3582" timestamp="2019-06-14T20:52:38.958" />
  <attribute name="elasticGC enabled" value="1" />
  <attribute name= "numThreadsSpecified" value="4" />
  <attribute name="heapSize specified" value="2092630016" />
  <attribute name="Current GC Util" value="1" />
  <attribute name= "Current Time Running" value="23276" />
  <attribute name ="GC Interval" value="200" />
  <attribute name="ProportionalT" value="-9.500000" />
  <attribute name="ProportionalI" value="-9.500000" />
  <attribute name="ProportionalH" value="-9.500000" />
  <attribute name="Current Error" value="-19.000000" />
  <attribute name="IntegralT" value="-1368.000000" />
  <attribute name="IntegralI" value="-1368.000000" />
  <attribute name="IntegralH" value="-1368.000000" />
  <attribute name="DerivativeT" value="-0.131944" />
  <attribute name="DerivativeI" value="-0.131944" />
  <attribute name="DerivativeH" value="-0.131944" />
  <attribute name="Loop Time for DT" value="72.000000" />
  <attribute name="Output H" value="2092630016"/>
  <attribute name="Output I" value="200"/>
  <attribute name="Output T" value="4"/>
  <attribute name="Target GC Util Change" value ="20.000000" />
  <attribute name="Current GC Util Change" value="1.000000"/>
  <attribute name="GC Util currently" value="1" />
  <attribute name="CPU Util currently" value="64045796733" />
<allocation-satisfied id="3589" threadId="00000000015BE700" bytesRequested="24" />
<af-end id="3590" timestamp="2019-06-14T20:52:38.958" threadId="00000000015BF088" success="true" from="nursery"/>
<exclusive-end id="3591" timestamp="2019-06-14T20:52:38.959" durationms="2.107" />

<exclusive-start id="3592" timestamp="2019-06-14T20:52:39.141" intervalms="184.984">
  <response-info timems="0.304" idlems="0.304" threads="0" lastid="00000000015BE700" lastname="main" />
</exclusive-start>
<af-start id="3593" threadId="00000000015BF088" totalBytesRequested="32" timestamp="2019-06-14T20:52:39.142" intervalms="185.012" type="nursery" />
<cycle-start id="3594" type="scavenge" contextid="0" timestamp="2019-06-14T20:52:39.142" intervalms="185.030" />
<gc-start id="3595" type="scavenge" contextid="3594" timestamp="2019-06-14T20:52:39.142">
  <mem-info id="3596" free="1956988872" total="2092695552" percent="93">
    <mem type="nursery" free="0" total="108658688" percent="0">
      <mem type="allocate" free="0" total="97779712" percent="0" />
      <mem type="survivor" free="0" total="10878976" percent="0" />
    </mem>
    <mem type="tenure" free="1956988872" total="1984036864" percent="98">
      <mem type="soa" free="1857810376" total="1884835840" percent="98" />
      <mem type="loa" free="99178496" total="99201024" percent="99" />
    </mem>
    <remembered-set count="111" />
  </mem-info>
</gc-start>
<allocation-stats totalBytes="97658656" >
  <allocated-bytes non-tlh="24" tlh="97658632" />
  <largest-consumer threadName="main" threadId="00000000015BE700" bytes="97658656" />
</allocation-stats>
<gc-op id="3597" type="scavenge" timems="0.512" contextid="3594" timestamp="2019-06-14T20:52:39.143">
  <scavenger-info tenureage="3" tenuremask="ffe8" tiltratio="89" />
  <memory-copied type="nursery" objects="91" bytes="2344" bytesdiscarded="75992" />
  <memory-copied type="tenure" objects="12" bytes="288" bytesdiscarded="0" />
</gc-op>
<gc-end id="3598" type="scavenge" contextid="3594" durationms="1.160" usertimems="0.000" systemtimems="0.000" timestamp="2019-06-14T20:52:39.143" activeThreads="4">
  <mem-info id="3599" free="2054690248" total="2092695552" percent="98">
    <mem type="nursery" free="97701376" total="108658688" percent="89">
      <mem type="allocate" free="97701376" total="97779712" percent="99" />
      <mem type="survivor" free="0" total="10878976" percent="0" />
    </mem>
    <mem type="tenure" free="1956988872" total="1984036864" percent="98" macro-fragmented="0">
      <mem type="soa" free="1857810376" total="1884835840" percent="98" />
      <mem type="loa" free="99178496" total="99201024" percent="99" />
    </mem>
    <remembered-set count="107" />
  </mem-info>
</gc-end>
<cycle-end id="3600" type="scavenge" contextid="3594" timestamp="2019-06-14T20:52:39.143" />
  <attribute name="elasticGC enabled" value="1" />
  <attribute name= "numThreadsSpecified" value="4" />
  <attribute name="heapSize specified" value="2092630016" />
  <attribute name="Current GC Util" value="0" />
  <attribute name= "Current Time Running" value="23461" />
  <attribute name ="GC Interval" value="200" />
  <attribute name="ProportionalT" value="-10.000000" />
  <attribute name="ProportionalI" value="-10.000000" />
  <attribute name="ProportionalH" value="-10.000000" />
  <attribute name="Current Error" value="-20.000000" />
  <attribute name="IntegralT" value="-3700.000000" />
  <attribute name="IntegralI" value="-3700.000000" />
  <attribute name="IntegralH" value="-3700.000000" />
  <attribute name="DerivativeT" value="-0.054054" />
  <attribute name="DerivativeI" value="-0.054054" />
  <attribute name="DerivativeH" value="-0.054054" />
  <attribute name="Loop Time for DT" value="185.000000" />
  <attribute name="Output H" value="2092630016"/>
  <attribute name="Output I" value="200"/>
  <attribute name="Output T" value="4"/>
  <attribute name="Target GC Util Change" value ="20.000000" />
  <attribute name="Current GC Util Change" value="0.000000"/>
  <attribute name="GC Util currently" value="0" />
  <attribute name="CPU Util currently" value="24923044567" />
<allocation-satisfied id="3601" threadId="00000000015BE700" bytesRequested="32" />
<af-end id="3602" timestamp="2019-06-14T20:52:39.144" threadId="00000000015BF088" success="true" from="nursery"/>
<exclusive-end id="3603" timestamp="2019-06-14T20:52:39.144" durationms="2.321" />

<exclusive-start id="3604" timestamp="2019-06-14T20:52:39.187" intervalms="45.854">
  <response-info timems="0.126" idlems="0.126" threads="0" lastid="00000000015BE700" lastname="main" />
</exclusive-start>
<af-start id="3605" threadId="00000000015BF088" totalBytesRequested="16" timestamp="2019-06-14T20:52:39.188" intervalms="45.925" type="nursery" />
<cycle-start id="3606" type="scavenge" contextid="0" timestamp="2019-06-14T20:52:39.188" intervalms="45.961" />
<gc-start id="3607" type="scavenge" contextid="3606" timestamp="2019-06-14T20:52:39.188">
  <mem-info id="3608" free="1956988872" total="2092695552" percent="93">
    <mem type="nursery" free="0" total="108658688" percent="0">
      <mem type="allocate" free="0" total="97779712" percent="0" />
      <mem type="survivor" free="0" total="10878976" percent="0" />
    </mem>
    <mem type="tenure" free="1956988872" total="1984036864" percent="98">
      <mem type="soa" free="1857810376" total="1884835840" percent="98" />
      <mem type="loa" free="99178496" total="99201024" percent="99" />
    </mem>
    <remembered-set count="109" />
  </mem-info>
</gc-start>
<allocation-stats totalBytes="97573768" >
  <allocated-bytes non-tlh="32" tlh="97573736" />
  <largest-consumer threadName="main" threadId="00000000015BE700" bytes="97573768" />
</allocation-stats>
<gc-op id="3609" type="scavenge" timems="0.523" contextid="3606" timestamp="2019-06-14T20:52:39.189">
  <scavenger-info tenureage="3" tenuremask="ffe8" tiltratio="89" />
  <memory-copied type="nursery" objects="55" bytes="2064" bytesdiscarded="76272" />
  <memory-copied type="tenure" objects="42" bytes="1008" bytesdiscarded="0" />
</gc-op>
<gc-end id="3610" type="scavenge" contextid="3606" durationms="1.232" usertimems="4.000" systemtimems="0.000" timestamp="2019-06-14T20:52:39.189" activeThreads="4">
  <mem-info id="3611" free="2054690248" total="2092695552" percent="98">
    <mem type="nursery" free="97701376" total="108658688" percent="89">
      <mem type="allocate" free="97701376" total="97779712" percent="99" />
      <mem type="survivor" free="0" total="10878976" percent="0" />
    </mem>
    <mem type="tenure" free="1956988872" total="1984036864" percent="98" macro-fragmented="0">
      <mem type="soa" free="1857810376" total="1884835840" percent="98" />
      <mem type="loa" free="99178496" total="99201024" percent="99" />
    </mem>
    <remembered-set count="95" />
  </mem-info>
</gc-end>
<cycle-end id="3612" type="scavenge" contextid="3606" timestamp="2019-06-14T20:52:39.189" />
  <attribute name="elasticGC enabled" value="1" />
  <attribute name= "numThreadsSpecified" value="4" />
  <attribute name="heapSize specified" value="2092630016" />
  <attribute name="Current GC Util" value="2" />
  <attribute name= "Current Time Running" value="23507" />
  <attribute name ="GC Interval" value="200" />
  <attribute name="ProportionalT" value="-9.000000" />
  <attribute name="ProportionalI" value="-9.000000" />
  <attribute name="ProportionalH" value="-9.000000" />
  <attribute name="Current Error" value="-18.000000" />
  <attribute name="IntegralT" value="-828.000000" />
  <attribute name="IntegralI" value="-828.000000" />
  <attribute name="IntegralH" value="-828.000000" />
  <attribute name="DerivativeT" value="-0.195652" />
  <attribute name="DerivativeI" value="-0.195652" />
  <attribute name="DerivativeH" value="-0.195652" />
  <attribute name="Loop Time for DT" value="46.000000" />
  <attribute name="Output H" value="2092630016"/>
  <attribute name="Output I" value="200"/>
  <attribute name="Output T" value="4"/>
  <attribute name="Target GC Util Change" value ="20.000000" />
  <attribute name="Current GC Util Change" value="2.000000"/>
  <attribute name="GC Util currently" value="2" />
  <attribute name="CPU Util currently" value="100161248309" />
<allocation-satisfied id="3613" threadId="00000000015BE700" bytesRequested="16" />
<af-end id="3614" timestamp="2019-06-14T20:52:39.190" threadId="00000000015BF088" success="true" from="nursery"/>
<exclusive-end id="3615" timestamp="2019-06-14T20:52:39.190" durationms="2.491" />

<exclusive-start id="3616" timestamp="2019-06-14T20:52:39.201" intervalms="13.817">
  <response-info timems="0.106" idlems="0.106" threads="0" lastid="00000000015BE700" lastname="main" />
</exclusive-start>
<af-start id="3617" threadId="00000000015BF088" totalBytesRequested="32" timestamp="2019-06-14T20:52:39.201" intervalms="13.777" type="nursery" />
<cycle-start id="3618" type="scavenge" contextid="0" timestamp="2019-06-14T20:52:39.202" intervalms="13.747" />
<gc-start id="3619" type="scavenge" contextid="3618" timestamp="2019-06-14T20:52:39.202">
  <mem-info id="3620" free="1956988872" total="2092695552" percent="93">
    <mem type="nursery" free="0" total="108658688" percent="0">
      <mem type="allocate" free="0" total="97779712" percent="0" />
      <mem type="survivor" free="0" total="10878976" percent="0" />
    </mem>
    <mem type="tenure" free="1956988872" total="1984036864" percent="98">
      <mem type="soa" free="1857810376" total="1884835840" percent="98" />
      <mem type="loa" free="99178496" total="99201024" percent="99" />
    </mem>
    <remembered-set count="95" />
  </mem-info>
</gc-start>
<allocation-stats totalBytes="97528344" >
  <allocated-bytes non-tlh="16" tlh="97528328" />
  <largest-consumer threadName="main" threadId="00000000015BE700" bytes="97528344" />
</allocation-stats>
<gc-op id="3621" type="scavenge" timems="0.619" contextid="3618" timestamp="2019-06-14T20:52:39.203">
  <scavenger-info tenureage="3" tenuremask="ffe8" tiltratio="89" />
  <memory-copied type="nursery" objects="48" bytes="2408" bytesdiscarded="75928" />
  <memory-copied type="tenure" objects="6" bytes="144" bytesdiscarded="0" />
</gc-op>
<gc-end id="3622" type="scavenge" contextid="3618" durationms="1.296" usertimems="0.000" systemtimems="0.000" timestamp="2019-06-14T20:52:39.203" activeThreads="4">
  <mem-info id="3623" free="2054690248" total="2092695552" percent="98">
    <mem type="nursery" free="97701376" total="108658688" percent="89">
      <mem type="allocate" free="97701376" total="97779712" percent="99" />
      <mem type="survivor" free="0" total="10878976" percent="0" />
    </mem>
    <mem type="tenure" free="1956988872" total="1984036864" percent="98" macro-fragmented="0">
      <mem type="soa" free="1857810376" total="1884835840" percent="98" />
      <mem type="loa" free="99178496" total="99201024" percent="99" />
    </mem>
    <remembered-set count="93" />
  </mem-info>
</gc-end>
<cycle-end id="3624" type="scavenge" contextid="3618" timestamp="2019-06-14T20:52:39.203" />
  <attribute name="elasticGC enabled" value="1" />
  <attribute name= "numThreadsSpecified" value="4" />
  <attribute name="heapSize specified" value="2092630016" />
  <attribute name="Current GC Util" value="11" />
  <attribute name= "Current Time Running" value="23520" />
  <attribute name ="GC Interval" value="200" />
  <attribute name="ProportionalT" value="-4.500000" />
  <attribute name="ProportionalI" value="-4.500000" />
  <attribute name="ProportionalH" value="-4.500000" />
  <attribute name="Current Error" value="-9.000000" />
  <attribute name="IntegralT" value="-117.000000" />
  <attribute name="IntegralI" value="-117.000000" />
  <attribute name="IntegralH" value="-117.000000" />
  <attribute name="DerivativeT" value="-0.346154" />
  <attribute name="DerivativeI" value="-0.346154" />
  <attribute name="DerivativeH" value="-0.346154" />
  <attribute name="Loop Time for DT" value="13.000000" />
  <attribute name="Output H" value="2092630016"/>
  <attribute name="Output I" value="200"/>
  <attribute name="Output T" value="4"/>
  <attribute name="Target GC Util Change" value ="20.000000" />
  <attribute name="Current GC Util Change" value="11.000000"/>
  <attribute name="GC Util currently" value="11" />
  <attribute name="CPU Util currently" value="336578534850" />
<allocation-satisfied id="3625" threadId="00000000015BE700" bytesRequested="32" />
<af-end id="3626" timestamp="2019-06-14T20:52:39.203" threadId="00000000015BF088" success="true" from="nursery"/>
<exclusive-end id="3627" timestamp="2019-06-14T20:52:39.204" durationms="2.406" />

<exclusive-start id="3628" timestamp="2019-06-14T20:52:39.285" intervalms="84.149">
  <response-info timems="0.092" idlems="0.092" threads="0" lastid="00000000015BE700" lastname="main" />
</exclusive-start>
<af-start id="3629" threadId="00000000015BF088" totalBytesRequested="208" timestamp="2019-06-14T20:52:39.286" intervalms="84.121" type="nursery" />
<cycle-start id="3630" type="scavenge" contextid="0" timestamp="2019-06-14T20:52:39.286" intervalms="84.120" />
<gc-start id="3631" type="scavenge" contextid="3630" timestamp="2019-06-14T20:52:39.286">
  <mem-info id="3632" free="1956988872" total="2092695552" percent="93">
    <mem type="nursery" free="0" total="108658688" percent="0">
      <mem type="allocate" free="0" total="97779712" percent="0" />
      <mem type="survivor" free="0" total="10878976" percent="0" />
    </mem>
    <mem type="tenure" free="1956988872" total="1984036864" percent="98">
      <mem type="soa" free="1857810376" total="1884835840" percent="98" />
      <mem type="loa" free="99178496" total="99201024" percent="99" />
    </mem>
    <remembered-set count="99" />
  </mem-info>
</gc-start>
<allocation-stats totalBytes="97568368" >
  <allocated-bytes non-tlh="32" tlh="97568336" />
  <largest-consumer threadName="main" threadId="00000000015BE700" bytes="97568368" />
</allocation-stats>
<gc-op id="3633" type="scavenge" timems="0.459" contextid="3630" timestamp="2019-06-14T20:52:39.287">
  <scavenger-info tenureage="3" tenuremask="ffe8" tiltratio="89" />
  <memory-copied type="nursery" objects="46" bytes="1760" bytesdiscarded="76576" />
  <memory-copied type="tenure" objects="24" bytes="576" bytesdiscarded="0" />
</gc-op>
<gc-end id="3634" type="scavenge" contextid="3630" durationms="1.170" usertimems="0.000" systemtimems="0.000" timestamp="2019-06-14T20:52:39.287" activeThreads="4">
  <mem-info id="3635" free="2054690248" total="2092695552" percent="98">
    <mem type="nursery" free="97701376" total="108658688" percent="89">
      <mem type="allocate" free="97701376" total="97779712" percent="99" />
      <mem type="survivor" free="0" total="10878976" percent="0" />
    </mem>
    <mem type="tenure" free="1956988872" total="1984036864" percent="98" macro-fragmented="0">
      <mem type="soa" free="1857810376" total="1884835840" percent="98" />
      <mem type="loa" free="99178496" total="99201024" percent="99" />
    </mem>
    <remembered-set count="91" />
  </mem-info>
</gc-end>
<cycle-end id="3636" type="scavenge" contextid="3630" timestamp="2019-06-14T20:52:39.287" />
  <attribute name="elasticGC enabled" value="1" />
  <attribute name= "numThreadsSpecified" value="4" />
  <attribute name="heapSize specified" value="2092630016" />
  <attribute name="Current GC Util" value="2" />
  <attribute name= "Current Time Running" value="23605" />
  <attribute name ="GC Interval" value="200" />
  <attribute name="ProportionalT" value="-9.000000" />
  <attribute name="ProportionalI" value="-9.000000" />
  <attribute name="ProportionalH" value="-9.000000" />
  <attribute name="Current Error" value="-18.000000" />
  <attribute name="IntegralT" value="-1530.000000" />
  <attribute name="IntegralI" value="-1530.000000" />
  <attribute name="IntegralH" value="-1530.000000" />
  <attribute name="DerivativeT" value="-0.105882" />
  <attribute name="DerivativeI" value="-0.105882" />
  <attribute name="DerivativeH" value="-0.105882" />
  <attribute name="Loop Time for DT" value="85.000000" />
  <attribute name="Output H" value="2092630016"/>
  <attribute name="Output I" value="200"/>
  <attribute name="Output T" value="4"/>
  <attribute name="Target GC Util Change" value ="20.000000" />
  <attribute name="Current GC Util Change" value="2.000000"/>
  <attribute name="GC Util currently" value="2" />
  <attribute name="CPU Util currently" value="54813642319" />
<allocation-satisfied id="3637" threadId="00000000015BE700" bytesRequested="208" />
<af-end id="3638" timestamp="2019-06-14T20:52:39.288" threadId="00000000015BF088" success="true" from="nursery"/>
<exclusive-end id="3639" timestamp="2019-06-14T20:52:39.288" durationms="2.455" />

<exclusive-start id="3640" timestamp="2019-06-14T20:52:39.362" intervalms="76.869">
  <response-info timems="0.152" idlems="0.152" threads="0" lastid="00000000015BE700" lastname="main" />
</exclusive-start>
<af-start id="3641" threadId="00000000015BF088" totalBytesRequested="1016" timestamp="2019-06-14T20:52:39.362" intervalms="76.867" type="nursery" />
<cycle-start id="3642" type="scavenge" contextid="0" timestamp="2019-06-14T20:52:39.363" intervalms="76.851" />
<gc-start id="3643" type="scavenge" contextid="3642" timestamp="2019-06-14T20:52:39.363">
  <mem-info id="3644" free="1956988872" total="2092695552" percent="93">
    <mem type="nursery" free="0" total="108658688" percent="0">
      <mem type="allocate" free="0" total="97779712" percent="0" />
      <mem type="survivor" free="0" total="10878976" percent="0" />
    </mem>
    <mem type="tenure" free="1956988872" total="1984036864" percent="98">
      <mem type="soa" free="1857810376" total="1884835840" percent="98" />
      <mem type="loa" free="99178496" total="99201024" percent="99" />
    </mem>
    <remembered-set count="93" />
  </mem-info>
</gc-start>
<allocation-stats totalBytes="97593144" >
  <allocated-bytes non-tlh="208" tlh="97592936" />
  <largest-consumer threadName="main" threadId="00000000015BE700" bytes="97593144" />
</allocation-stats>
<gc-op id="3645" type="scavenge" timems="0.553" contextid="3642" timestamp="2019-06-14T20:52:39.364">
  <scavenger-info tenureage="5" tenuremask="ffe0" tiltratio="89" />
  <memory-copied type="nursery" objects="60" bytes="6752" bytesdiscarded="104320" />
</gc-op>
<gc-end id="3646" type="scavenge" contextid="3642" durationms="1.194" usertimems="0.000" systemtimems="0.000" timestamp="2019-06-14T20:52:39.364" activeThreads="4">
  <mem-info id="3647" free="2054657512" total="2092695552" percent="98">
    <mem type="nursery" free="97668640" total="108658688" percent="89">
      <mem type="allocate" free="97668640" total="97779712" percent="99" />
      <mem type="survivor" free="0" total="10878976" percent="0" />
    </mem>
    <mem type="tenure" free="1956988872" total="1984036864" percent="98" macro-fragmented="0">
      <mem type="soa" free="1857810376" total="1884835840" percent="98" />
      <mem type="loa" free="99178496" total="99201024" percent="99" />
    </mem>
    <remembered-set count="93" />
  </mem-info>
</gc-end>
<cycle-end id="3648" type="scavenge" contextid="3642" timestamp="2019-06-14T20:52:39.364" />
  <attribute name="elasticGC enabled" value="1" />
  <attribute name= "numThreadsSpecified" value="4" />
  <attribute name="heapSize specified" value="2092630016" />
  <attribute name="Current GC Util" value="1" />
  <attribute name= "Current Time Running" value="23681" />
  <attribute name ="GC Interval" value="200" />
  <attribute name="ProportionalT" value="-9.500000" />
  <attribute name="ProportionalI" value="-9.500000" />
  <attribute name="ProportionalH" value="-9.500000" />
  <attribute name="Current Error" value="-19.000000" />
  <attribute name="IntegralT" value="-1444.000000" />
  <attribute name="IntegralI" value="-1444.000000" />
  <attribute name="IntegralH" value="-1444.000000" />
  <attribute name="DerivativeT" value="-0.125000" />
  <attribute name="DerivativeI" value="-0.125000" />
  <attribute name="DerivativeH" value="-0.125000" />
  <attribute name="Loop Time for DT" value="76.000000" />
  <attribute name="Output H" value="2092630016"/>
  <attribute name="Output I" value="200"/>
  <attribute name="Output T" value="4"/>
  <attribute name="Target GC Util Change" value ="20.000000" />
  <attribute name="Current GC Util Change" value="1.000000"/>
  <attribute name="GC Util currently" value="1" />
  <attribute name="CPU Util currently" value="60031337623" />
<allocation-satisfied id="3649" threadId="00000000015BE700" bytesRequested="1016" />
<af-end id="3650" timestamp="2019-06-14T20:52:39.364" threadId="00000000015BF088" success="true" from="nursery"/>
<exclusive-end id="3651" timestamp="2019-06-14T20:52:39.365" durationms="2.453" />

<exclusive-start id="3652" timestamp="2019-06-14T20:52:39.514" intervalms="151.667">
  <response-info timems="0.087" idlems="0.087" threads="0" lastid="00000000015BE700" lastname="main" />
</exclusive-start>
<af-start id="3653" threadId="00000000015BF088" totalBytesRequested="80" timestamp="2019-06-14T20:52:39.514" intervalms="151.654" type="nursery" />
<cycle-start id="3654" type="scavenge" contextid="0" timestamp="2019-06-14T20:52:39.514" intervalms="151.636" />
<gc-start id="3655" type="scavenge" contextid="3654" timestamp="2019-06-14T20:52:39.514">
  <mem-info id="3656" free="1956988872" total="2092695552" percent="93">
    <mem type="nursery" free="0" total="108658688" percent="0">
      <mem type="allocate" free="0" total="97779712" percent="0" />
      <mem type="survivor" free="0" total="10878976" percent="0" />
    </mem>
    <mem type="tenure" free="1956988872" total="1984036864" percent="98">
      <mem type="soa" free="1857810376" total="1884835840" percent="98" />
      <mem type="loa" free="99178496" total="99201024" percent="99" />
    </mem>
    <remembered-set count="97" />
  </mem-info>
</gc-start>
<allocation-stats totalBytes="97609760" >
  <allocated-bytes non-tlh="1016" tlh="97608744" />
  <largest-consumer threadName="main" threadId="00000000015BE700" bytes="97609760" />
</allocation-stats>
<gc-op id="3657" type="scavenge" timems="0.369" contextid="3654" timestamp="2019-06-14T20:52:39.515">
  <scavenger-info tenureage="3" tenuremask="fff8" tiltratio="89" />
  <memory-copied type="nursery" objects="53" bytes="1512" bytesdiscarded="76824" />
  <memory-copied type="tenure" objects="6" bytes="144" bytesdiscarded="0" />
</gc-op>
<gc-end id="3658" type="scavenge" contextid="3654" durationms="0.906" usertimems="0.000" systemtimems="0.000" timestamp="2019-06-14T20:52:39.515" activeThreads="4">
  <mem-info id="3659" free="2054690248" total="2092695552" percent="98">
    <mem type="nursery" free="97701376" total="108658688" percent="89">
      <mem type="allocate" free="97701376" total="97779712" percent="99" />
      <mem type="survivor" free="0" total="10878976" percent="0" />
    </mem>
    <mem type="tenure" free="1956988872" total="1984036864" percent="98" macro-fragmented="0">
      <mem type="soa" free="1857810376" total="1884835840" percent="98" />
      <mem type="loa" free="99178496" total="99201024" percent="99" />
    </mem>
    <remembered-set count="95" />
  </mem-info>
</gc-end>
<cycle-end id="3660" type="scavenge" contextid="3654" timestamp="2019-06-14T20:52:39.515" />
  <attribute name="elasticGC enabled" value="1" />
  <attribute name= "numThreadsSpecified" value="4" />
  <attribute name="heapSize specified" value="2092630016" />
  <attribute name="Current GC Util" value="1" />
  <attribute name= "Current Time Running" value="23833" />
  <attribute name ="GC Interval" value="200" />
  <attribute name="ProportionalT" value="-9.500000" />
  <attribute name="ProportionalI" value="-9.500000" />
  <attribute name="ProportionalH" value="-9.500000" />
  <attribute name="Current Error" value="-19.000000" />
  <attribute name="IntegralT" value="-2888.000000" />
  <attribute name="IntegralI" value="-2888.000000" />
  <attribute name="IntegralH" value="-2888.000000" />
  <attribute name="DerivativeT" value="-0.062500" />
  <attribute name="DerivativeI" value="-0.062500" />
  <attribute name="DerivativeH" value="-0.062500" />
  <attribute name="Loop Time for DT" value="152.000000" />
  <attribute name="Output H" value="2092630016"/>
  <attribute name="Output I" value="200"/>
  <attribute name="Output T" value="4"/>
  <attribute name="Target GC Util Change" value ="20.000000" />
  <attribute name="Current GC Util Change" value="1.000000"/>
  <attribute name="GC Util currently" value="1" />
  <attribute name="CPU Util currently" value="30428986604" />
<allocation-satisfied id="3661" threadId="00000000015BE700" bytesRequested="80" />
<af-end id="3662" timestamp="2019-06-14T20:52:39.516" threadId="00000000015BF088" success="true" from="nursery"/>
<exclusive-end id="3663" timestamp="2019-06-14T20:52:39.516" durationms="1.982" />

<exclusive-start id="3664" timestamp="2019-06-14T20:52:39.647" intervalms="133.338">
  <response-info timems="0.072" idlems="0.072" threads="0" lastid="00000000015BE700" lastname="main" />
</exclusive-start>
<af-start id="3665" threadId="00000000015BF088" totalBytesRequested="16" timestamp="2019-06-14T20:52:39.647" intervalms="133.371" type="nursery" />
<cycle-start id="3666" type="scavenge" contextid="0" timestamp="2019-06-14T20:52:39.648" intervalms="133.402" />
<gc-start id="3667" type="scavenge" contextid="3666" timestamp="2019-06-14T20:52:39.648">
  <mem-info id="3668" free="1956988872" total="2092695552" percent="93">
    <mem type="nursery" free="0" total="108658688" percent="0">
      <mem type="allocate" free="0" total="97779712" percent="0" />
      <mem type="survivor" free="0" total="10878976" percent="0" />
    </mem>
    <mem type="tenure" free="1956988872" total="1984036864" percent="98">
      <mem type="soa" free="1857810376" total="1884835840" percent="98" />
      <mem type="loa" free="99178496" total="99201024" percent="99" />
    </mem>
    <remembered-set count="95" />
  </mem-info>
</gc-start>
<allocation-stats totalBytes="97683536" >
  <allocated-bytes non-tlh="80" tlh="97683456" />
  <largest-consumer threadName="main" threadId="00000000015BE700" bytes="97683536" />
</allocation-stats>
<gc-op id="3669" type="scavenge" timems="0.446" contextid="3666" timestamp="2019-06-14T20:52:39.649">
  <scavenger-info tenureage="3" tenuremask="ffd8" tiltratio="89" />
  <memory-copied type="nursery" objects="34" bytes="1064" bytesdiscarded="77272" />
  <memory-copied type="tenure" objects="18" bytes="432" bytesdiscarded="0" />
</gc-op>
<gc-end id="3670" type="scavenge" contextid="3666" durationms="1.107" usertimems="0.000" systemtimems="0.000" timestamp="2019-06-14T20:52:39.649" activeThreads="4">
  <mem-info id="3671" free="2054690248" total="2092695552" percent="98">
    <mem type="nursery" free="97701376" total="108658688" percent="89">
      <mem type="allocate" free="97701376" total="97779712" percent="99" />
      <mem type="survivor" free="0" total="10878976" percent="0" />
    </mem>
    <mem type="tenure" free="1956988872" total="1984036864" percent="98" macro-fragmented="0">
      <mem type="soa" free="1857810376" total="1884835840" percent="98" />
      <mem type="loa" free="99178496" total="99201024" percent="99" />
    </mem>
    <remembered-set count="89" />
  </mem-info>
</gc-end>
<cycle-end id="3672" type="scavenge" contextid="3666" timestamp="2019-06-14T20:52:39.649" />
  <attribute name="elasticGC enabled" value="1" />
  <attribute name= "numThreadsSpecified" value="4" />
  <attribute name="heapSize specified" value="2092630016" />
  <attribute name="Current GC Util" value="0" />
  <attribute name= "Current Time Running" value="23966" />
  <attribute name ="GC Interval" value="200" />
  <attribute name="ProportionalT" value="-10.000000" />
  <attribute name="ProportionalI" value="-10.000000" />
  <attribute name="ProportionalH" value="-10.000000" />
  <attribute name="Current Error" value="-20.000000" />
  <attribute name="IntegralT" value="-2660.000000" />
  <attribute name="IntegralI" value="-2660.000000" />
  <attribute name="IntegralH" value="-2660.000000" />
  <attribute name="DerivativeT" value="-0.075188" />
  <attribute name="DerivativeI" value="-0.075188" />
  <attribute name="DerivativeH" value="-0.075188" />
  <attribute name="Loop Time for DT" value="133.000000" />
  <attribute name="Output H" value="2092630016"/>
  <attribute name="Output I" value="200"/>
  <attribute name="Output T" value="4"/>
  <attribute name="Target GC Util Change" value ="20.000000" />
  <attribute name="Current GC Util Change" value="0.000000"/>
  <attribute name="GC Util currently" value="0" />
  <attribute name="CPU Util currently" value="34541978407" />
<allocation-satisfied id="3673" threadId="00000000015BE700" bytesRequested="16" />
<af-end id="3674" timestamp="2019-06-14T20:52:39.649" threadId="00000000015BF088" success="true" from="nursery"/>
<exclusive-end id="3675" timestamp="2019-06-14T20:52:39.649" durationms="2.278" />

<exclusive-start id="3676" timestamp="2019-06-14T20:52:39.738" intervalms="91.211">
  <response-info timems="0.265" idlems="0.265" threads="0" lastid="00000000015BE700" lastname="main" />
</exclusive-start>
<af-start id="3677" threadId="00000000015BF088" totalBytesRequested="584" timestamp="2019-06-14T20:52:39.739" intervalms="91.206" type="nursery" />
<cycle-start id="3678" type="scavenge" contextid="0" timestamp="2019-06-14T20:52:39.739" intervalms="91.222" />
<gc-start id="3679" type="scavenge" contextid="3678" timestamp="2019-06-14T20:52:39.739">
  <mem-info id="3680" free="1956988872" total="2092695552" percent="93">
    <mem type="nursery" free="0" total="108658688" percent="0">
      <mem type="allocate" free="0" total="97779712" percent="0" />
      <mem type="survivor" free="0" total="10878976" percent="0" />
    </mem>
    <mem type="tenure" free="1956988872" total="1984036864" percent="98">
      <mem type="soa" free="1857810376" total="1884835840" percent="98" />
      <mem type="loa" free="99178496" total="99201024" percent="99" />
    </mem>
    <remembered-set count="91" />
  </mem-info>
</gc-start>
<allocation-stats totalBytes="97640584" >
  <allocated-bytes non-tlh="16" tlh="97640568" />
  <largest-consumer threadName="main" threadId="00000000015BE700" bytes="97640584" />
</allocation-stats>
<gc-op id="3681" type="scavenge" timems="0.539" contextid="3678" timestamp="2019-06-14T20:52:39.740">
  <scavenger-info tenureage="3" tenuremask="ffe8" tiltratio="89" />
  <memory-copied type="nursery" objects="35" bytes="1544" bytesdiscarded="76792" />
  <memory-copied type="tenure" objects="6" bytes="144" bytesdiscarded="0" />
</gc-op>
<gc-end id="3682" type="scavenge" contextid="3678" durationms="1.217" usertimems="0.000" systemtimems="0.000" timestamp="2019-06-14T20:52:39.740" activeThreads="4">
  <mem-info id="3683" free="2054690248" total="2092695552" percent="98">
    <mem type="nursery" free="97701376" total="108658688" percent="89">
      <mem type="allocate" free="97701376" total="97779712" percent="99" />
      <mem type="survivor" free="0" total="10878976" percent="0" />
    </mem>
    <mem type="tenure" free="1956988872" total="1984036864" percent="98" macro-fragmented="0">
      <mem type="soa" free="1857810376" total="1884835840" percent="98" />
      <mem type="loa" free="99178496" total="99201024" percent="99" />
    </mem>
    <remembered-set count="89" />
  </mem-info>
</gc-end>
<cycle-end id="3684" type="scavenge" contextid="3678" timestamp="2019-06-14T20:52:39.740" />
  <attribute name="elasticGC enabled" value="1" />
  <attribute name= "numThreadsSpecified" value="4" />
  <attribute name="heapSize specified" value="2092630016" />
  <attribute name="Current GC Util" value="1" />
  <attribute name= "Current Time Running" value="24058" />
  <attribute name ="GC Interval" value="200" />
  <attribute name="ProportionalT" value="-9.500000" />
  <attribute name="ProportionalI" value="-9.500000" />
  <attribute name="ProportionalH" value="-9.500000" />
  <attribute name="Current Error" value="-19.000000" />
  <attribute name="IntegralT" value="-1748.000000" />
  <attribute name="IntegralI" value="-1748.000000" />
  <attribute name="IntegralH" value="-1748.000000" />
  <attribute name="DerivativeT" value="-0.103261" />
  <attribute name="DerivativeI" value="-0.103261" />
  <attribute name="DerivativeH" value="-0.103261" />
  <attribute name="Loop Time for DT" value="92.000000" />
  <attribute name="Output H" value="2092630016"/>
  <attribute name="Output I" value="200"/>
  <attribute name="Output T" value="4"/>
  <attribute name="Target GC Util Change" value ="20.000000" />
  <attribute name="Current GC Util Change" value="1.000000"/>
  <attribute name="GC Util currently" value="1" />
  <attribute name="CPU Util currently" value="50548684522" />
<allocation-satisfied id="3685" threadId="00000000015BE700" bytesRequested="584" />
<af-end id="3686" timestamp="2019-06-14T20:52:39.741" threadId="00000000015BF088" success="true" from="nursery"/>
<exclusive-end id="3687" timestamp="2019-06-14T20:52:39.741" durationms="2.238" />

<exclusive-start id="3688" timestamp="2019-06-14T20:52:39.754" intervalms="15.614">
  <response-info timems="0.107" idlems="0.107" threads="0" lastid="00000000015BE700" lastname="main" />
</exclusive-start>
<af-start id="3689" threadId="00000000015BF088" totalBytesRequested="24" timestamp="2019-06-14T20:52:39.754" intervalms="15.641" type="nursery" />
<cycle-start id="3690" type="scavenge" contextid="0" timestamp="2019-06-14T20:52:39.754" intervalms="15.604" />
<gc-start id="3691" type="scavenge" contextid="3690" timestamp="2019-06-14T20:52:39.755">
  <mem-info id="3692" free="1956988872" total="2092695552" percent="93">
    <mem type="nursery" free="0" total="108658688" percent="0">
      <mem type="allocate" free="0" total="97779712" percent="0" />
      <mem type="survivor" free="0" total="10878976" percent="0" />
    </mem>
    <mem type="tenure" free="1956988872" total="1984036864" percent="98">
      <mem type="soa" free="1857810376" total="1884835840" percent="98" />
      <mem type="loa" free="99178496" total="99201024" percent="99" />
    </mem>
    <remembered-set count="89" />
  </mem-info>
</gc-start>
<allocation-stats totalBytes="97566752" >
  <allocated-bytes non-tlh="584" tlh="97566168" />
  <largest-consumer threadName="main" threadId="00000000015BE700" bytes="97566752" />
</allocation-stats>
<gc-op id="3693" type="scavenge" timems="0.418" contextid="3690" timestamp="2019-06-14T20:52:39.755">
  <scavenger-info tenureage="5" tenuremask="ffe0" tiltratio="89" />
  <memory-copied type="nursery" objects="35" bytes="1560" bytesdiscarded="76776" />
</gc-op>
<gc-end id="3694" type="scavenge" contextid="3690" durationms="1.113" usertimems="0.000" systemtimems="0.000" timestamp="2019-06-14T20:52:39.756" activeThreads="4">
  <mem-info id="3695" free="2054690248" total="2092695552" percent="98">
    <mem type="nursery" free="97701376" total="108658688" percent="89">
      <mem type="allocate" free="97701376" total="97779712" percent="99" />
      <mem type="survivor" free="0" total="10878976" percent="0" />
    </mem>
    <mem type="tenure" free="1956988872" total="1984036864" percent="98" macro-fragmented="0">
      <mem type="soa" free="1857810376" total="1884835840" percent="98" />
      <mem type="loa" free="99178496" total="99201024" percent="99" />
    </mem>
    <remembered-set count="89" />
  </mem-info>
</gc-end>
<cycle-end id="3696" type="scavenge" contextid="3690" timestamp="2019-06-14T20:52:39.756" />
  <attribute name="elasticGC enabled" value="1" />
  <attribute name= "numThreadsSpecified" value="4" />
  <attribute name="heapSize specified" value="2092630016" />
  <attribute name="Current GC Util" value="7" />
  <attribute name= "Current Time Running" value="24073" />
  <attribute name ="GC Interval" value="200" />
  <attribute name="ProportionalT" value="-6.500000" />
  <attribute name="ProportionalI" value="-6.500000" />
  <attribute name="ProportionalH" value="-6.500000" />
  <attribute name="Current Error" value="-13.000000" />
  <attribute name="IntegralT" value="-195.000000" />
  <attribute name="IntegralI" value="-195.000000" />
  <attribute name="IntegralH" value="-195.000000" />
  <attribute name="DerivativeT" value="-0.433333" />
  <attribute name="DerivativeI" value="-0.433333" />
  <attribute name="DerivativeH" value="-0.433333" />
  <attribute name="Loop Time for DT" value="15.000000" />
  <attribute name="Output H" value="2092630016"/>
  <attribute name="Output I" value="200"/>
  <attribute name="Output T" value="4"/>
  <attribute name="Target GC Util Change" value ="20.000000" />
  <attribute name="Current GC Util Change" value="7.000000"/>
  <attribute name="GC Util currently" value="7" />
  <attribute name="CPU Util currently" value="296432552193" />
<allocation-satisfied id="3697" threadId="00000000015BE700" bytesRequested="24" />
<af-end id="3698" timestamp="2019-06-14T20:52:39.756" threadId="00000000015BF088" success="true" from="nursery"/>
<exclusive-end id="3699" timestamp="2019-06-14T20:52:39.756" durationms="2.327" />

</verbosegc>

