<?xml version="1.0" ?>

<verbosegc xmlns="http://www.ibm.com/j9/verbosegc" version="10b4217_CMPRSS">

<initialized id="1" timestamp="2019-06-15T04:56:21.310">
  <attribute name="gcPolicy" value="-Xgcpolicy:balanced" />
  <attribute name="elasticGC enabled" value="1" />
  <attribute name= "numThreadsSpecified" value="0" />
  <attribute name="heapSize specified" value="0" />
  <attribute name="Current GC Util" value="0" />
  <attribute name= "Current Time Running" value="0" />
  <attribute name ="GC Interval" value="0" />
  <attribute name="ProportionalT" value="0.000000" />
  <attribute name="ProportionalI" value="0.000000" />
  <attribute name="ProportionalH" value="0.000000" />
  <attribute name="IntegralT" value="0.000000" />
  <attribute name="IntegralI" value="0.000000" />
  <attribute name="IntegralH" value="0.000000" />
  <attribute name="DerivativeT" value="0.000000" />
  <attribute name="DerivativeI" value="0.000000" />
  <attribute name="DerivativeH" value="0.000000" />
  <attribute name="Target GC Util Change" value ="0.000000" />
  <attribute name="Current GC Util Change" value="0.000000"/>
  <attribute name="Current Error" value="0.000000" />
  <attribute name="Loop Time for DT" value="0.000000" />
  <attribute name="Output H" value="0"/>
  <attribute name="Output I" value="0"/>
  <attribute name="Output T" value="0"/>
  <attribute name="GC Util currently" value="0" />
  <attribute name="CPU Util currently" value="0" />
  <attribute name="maxHeapSize" value="0x7cb00000" />
  <attribute name="initialHeapSize" value="0x800000" />
  <attribute name="compressedRefs" value="true" />
  <attribute name="compressedRefsDisplacement" value="0x0" />
  <attribute name="compressedRefsShift" value="0x0" />
  <attribute name="pageSize" value="0x1000" />
  <attribute name="pageType" value="not used" />
  <attribute name="requestedPageSize" value="0x1000" />
  <attribute name="requestedPageType" value="not used" />
  <attribute name="gcthreads" value="4" />
  <attribute name="packetListSplit" value="4" />
  <attribute name="cacheListSplit" value="4" />
  <attribute name="splitFreeListSplitAmount" value="1" />
  <attribute name="numaNodes" value="0" />
  <region>
    <attribute name="regionSize" value="1048576" />
    <attribute name="regionCount" value="1995" />
    <attribute name="arrayletLeafSize" value="1048576" />
  </region>
  <system>
    <attribute name="physicalMemory" value="8370962432" />
    <attribute name="numCPUs" value="4" />
    <attribute name="architecture" value="amd64" />
    <attribute name="os" value="Linux" />
    <attribute name="osVersion" value="4.4.0-148-generic" />
  </system>
  <vmargs>
    <vmarg name="-Xoptionsfile=/vagrant/jdk/lib/options.default" />
    <vmarg name="-Xlockword:mode=default,noLockword=java/lang/String,noLockword=java/util/MapEntry,noLockword=java/util/HashMap$Entry,noLockword..." />
    <vmarg name="-Xjcl:jclse29" />
    <vmarg name="-Dcom.ibm.oti.vm.bootstrap.library.path=/vagrant/jdk/lib/compressedrefs:/vagrant/jdk/lib" />
    <vmarg name="-Dsun.boot.library.path=/vagrant/jdk/lib/compressedrefs:/vagrant/jdk/lib" />
    <vmarg name="-Djava.library.path=/vagrant/jdk/lib/compressedrefs:/vagrant/jdk/lib:/usr/lib64:/usr/lib" />
    <vmarg name="-Djava.home=/vagrant/jdk" />
    <vmarg name="-Duser.dir=/vagrant" />
    <vmarg name="-Xgcpolicy:balanced" />
    <vmarg name="-Xgcelastic" />
    <vmarg name="-Xcheck:gc:::elasticGC" />
    <vmarg name="-verbose:gc" />
    <vmarg name="-Xloggc:default-Balanced-jdk0.5-1-1.5-verbose2sunflow.txt" />
    <vmarg name="-Djava.class.path=dacapo-9.12-MR1-bach.jar" />
    <vmarg name="-Dsun.java.command=dacapo-9.12-MR1-bach.jar sunflow --size=default" />
    <vmarg name="-Dsun.java.launcher=SUN_STANDARD" />
    <vmarg name="-Dsun.java.launcher.pid=17195" />
  </vmargs>
</initialized>

<exclusive-start id="2" timestamp="2019-06-15T04:56:21.727" intervalms="416.463">
  <response-info timems="0.039" idlems="0.039" threads="0" lastid="0000000001F6E700" lastname="main" />
</exclusive-start>
<sys-start reason="explicit" id="3" timestamp="2019-06-15T04:56:21.727" intervalms="416.954" />
<cycle-start id="4" type="global garbage collect" contextid="0" timestamp="2019-06-15T04:56:21.728" intervalms="417.484" />
<gc-start id="5" type="global garbage collect" contextid="4" timestamp="2019-06-15T04:56:21.728">
  <mem-info id="6" free="2228216" total="8388608" percent="26">
    <mem type="eden" free="131144" total="6291456" percent="2" />
    <remembered-set count="0" freebytes="334848" totalbytes="334848" percent="100" regionsoverflowed="0" regionsstable="0" regionsrebuilding="0"/>
  </mem-info>
</gc-start>
<allocation-stats totalBytes="6157472" >
  <allocated-bytes non-tlh="1222832" tlh="4934640" arrayletleaf="0"/>
  <largest-consumer threadName="main" threadId="0000000001F6E700" bytes="6081224" />
</allocation-stats>
<gc-op id="7" type="global mark" timems="4.153" contextid="4" timestamp="2019-06-15T04:56:21.733">
  <trace-info objectcount="30296" scancount="23628" scanbytes="765092" />
  <finalization candidates="125" enqueued="1" />
  <ownableSynchronizers candidates="3" cleared="0" />
  <references type="soft" candidates="131" cleared="0" enqueued="0" dynamicThreshold="32" maxThreshold="32" />
  <references type="weak" candidates="1322" cleared="569" enqueued="479" />
  <references type="phantom" candidates="106" cleared="42" enqueued="42" />
  <stringconstants candidates="3958" cleared="0"  />
</gc-op>
<gc-op id="8" type="classunload" timems="0.120" contextid="4" timestamp="2019-06-15T04:56:21.733">
  <classunload-info classloadercandidates="7" classloadersunloaded="0" classesunloaded="0" anonymousclassesunloaded="0" quiescems="0.000" setupms="0.119" scanms="0.000" postms="0.000" />
</gc-op>
<gc-op id="9" type="sweep" timems="0.696" contextid="4" timestamp="2019-06-15T04:56:21.734" />
<gc-op id="10" type="compact" timems="4.544" contextid="4" timestamp="2019-06-15T04:56:21.739">
  <compact-info movecount="30296" movebytes="1861648" />
  <remembered-set-cleared processed="3473" cleared="3473" durationms="0.132" />
</gc-op>
<gc-end id="11" type="global garbage collect" contextid="4" durationms="11.587" usertimems="8.000" systemtimems="4.000" timestamp="2019-06-15T04:56:21.740" activeThreads="4">
  <mem-info id="12" free="6291456" total="8388608" percent="75">
    <pending-finalizers system="1" default="0" reference="521" classloader="0" />
    <remembered-set count="2560" freebytes="324608" totalbytes="334848" percent="96" regionsoverflowed="0" regionsstable="0" regionsrebuilding="0"/>
  </mem-info>
</gc-end>
<cycle-end id="13" type="global garbage collect" contextid="4" timestamp="2019-06-15T04:56:21.740" />
  <attribute name="elasticGC enabled" value="1" />
  <attribute name= "numThreadsSpecified" value="4" />
  <attribute name="heapSize specified" value="0" />
  <attribute name="Current GC Util" value="53" />
  <attribute name= "Current Time Running" value="309" />
  <attribute name ="GC Interval" value="0" />
  <attribute name="ProportionalT" value="16.500000" />
  <attribute name="ProportionalI" value="16.500000" />
  <attribute name="ProportionalH" value="16.500000" />
  <attribute name="Current Error" value="33.000000" />
  <attribute name="IntegralT" value="-5722.000000" />
  <attribute name="IntegralI" value="-5722.000000" />
  <attribute name="IntegralH" value="-5722.000000" />
  <attribute name="DerivativeT" value="-42.000000" />
  <attribute name="DerivativeI" value="-42.000000" />
  <attribute name="DerivativeH" value="-42.000000" />
  <attribute name="Loop Time for DT" value="1.000000" />
  <attribute name="Output H" value="2091843584"/>
  <attribute name="Output I" value="200"/>
  <attribute name="Output T" value="4"/>
  <attribute name="Target GC Util Change" value ="20.000000" />
  <attribute name="Current GC Util Change" value="53.000000"/>
  <attribute name="GC Util currently" value="53" />
  <attribute name="CPU Util currently" value="4935662933251" />
<sys-end id="14" timestamp="2019-06-15T04:56:21.740" />
<exclusive-end id="15" timestamp="2019-06-15T04:56:21.740" durationms="13.538" />

<exclusive-start id="16" timestamp="2019-06-15T04:56:21.945" intervalms="218.353">
  <response-info timems="0.102" idlems="0.102" threads="0" lastid="00000000022CB100" lastname="Thread-6" />
</exclusive-start>
<allocation-taxation id="17" taxation-threshold="6291456" timestamp="2019-06-15T04:56:21.945" intervalms="635.131" />
<cycle-start id="18" type="partial gc" contextid="0" timestamp="2019-06-15T04:56:21.946" intervalms="635.577" />
<gc-start id="19" type="partial gc" contextid="18" timestamp="2019-06-15T04:56:21.946">
  <mem-info id="20" free="0" total="8388608" percent="0">
    <mem type="eden" free="7960" total="6291456" percent="0" />
    <remembered-set count="2240" freebytes="325888" totalbytes="334848" percent="97" regionsoverflowed="0" regionsstable="0" regionsrebuilding="0"/>
  </mem-info>
</gc-start>
<allocation-stats totalBytes="6224272" >
  <allocated-bytes non-tlh="1210336" tlh="5013936" arrayletleaf="0"/>
  <largest-consumer threadName="main" threadId="0000000001F6E700" bytes="2982240" />
</allocation-stats>
<gc-op id="21" type="mark" timems="2.380" contextid="18" timestamp="2019-06-15T04:56:21.949">
  <trace-info objectcount="14751" scancount="11870" scanbytes="447664" />
  <cardclean-info objects="1354" bytes="49940" />
  <remembered-set-cleared processed="1194" cleared="113" durationms="0.062" />
  <references type="soft" candidates="17" cleared="0" enqueued="0" dynamicThreshold="24" maxThreshold="32" />
  <references type="weak" candidates="45" cleared="29" enqueued="28" />
  <references type="phantom" candidates="2" cleared="0" enqueued="0" />
  <stringconstants candidates="4534" cleared="1"  />
  <warning details="Mark invoked due to insufficient free space for Copy-Forward" />
</gc-op>
<gc-op id="22" type="classunload" timems="0.002" contextid="18" timestamp="2019-06-15T04:56:21.949">
  <classunload-info classloadercandidates="8" classloadersunloaded="0" classesunloaded="0" anonymousclassesunloaded="0" quiescems="0.000" setupms="0.002" scanms="0.000" postms="0.000" />
</gc-op>
<gc-op id="23" type="sweep" timems="0.389" contextid="18" timestamp="2019-06-15T04:56:21.950" />
<gc-op id="24" type="compact" timems="2.337" contextid="18" timestamp="2019-06-15T04:56:21.952">
  <compact-info movecount="14751" movebytes="1470864" />
  <remembered-set-cleared processed="3921" cleared="1684" durationms="0.062" />
</gc-op>
<heap-resize id="25" type="expand" space="default" amount="1048576" count="1" timems="0.056" reason="insufficient free space following gc" timestamp="2019-06-15T04:56:21.953" />
<gc-end id="26" type="partial gc" contextid="18" durationms="7.282" usertimems="4.000" systemtimems="0.000" timestamp="2019-06-15T04:56:21.953" activeThreads="1">
  <mem-info id="27" free="5242880" total="9437184" percent="55">
    <mem type="eden" free="600464" total="2097152" percent="28" />
    <pending-finalizers system="0" default="0" reference="28" classloader="0" />
    <remembered-set count="3264" freebytes="363648" totalbytes="376704" percent="96" regionsoverflowed="0" regionsstable="0" regionsrebuilding="0"/>
  </mem-info>
</gc-end>
<cycle-end id="28" type="partial gc" contextid="18" timestamp="2019-06-15T04:56:21.953" />
  <attribute name="elasticGC enabled" value="1" />
  <attribute name= "numThreadsSpecified" value="1" />
  <attribute name="heapSize specified" value="0" />
  <attribute name="Current GC Util" value="24" />
  <attribute name= "Current Time Running" value="524" />
  <attribute name ="GC Interval" value="0" />
  <attribute name="ProportionalT" value="2.000000" />
  <attribute name="ProportionalI" value="2.000000" />
  <attribute name="ProportionalH" value="2.000000" />
  <attribute name="Current Error" value="4.000000" />
  <attribute name="IntegralT" value="0.000000" />
  <attribute name="IntegralI" value="0.000000" />
  <attribute name="IntegralH" value="0.000000" />
  <attribute name="DerivativeT" value="inf" />
  <attribute name="DerivativeI" value="inf" />
  <attribute name="DerivativeH" value="inf" />
  <attribute name="Loop Time for DT" value="0.000000" />
  <attribute name="Output H" value="8388608"/>
  <attribute name="Output I" value="200"/>
  <attribute name="Output T" value="1"/>
  <attribute name="Target GC Util Change" value ="20.000000" />
  <attribute name="Current GC Util Change" value="24.000000"/>
  <attribute name="GC Util currently" value="24" />
  <attribute name="CPU Util currently" value="6572086990857" />
<exclusive-end id="29" timestamp="2019-06-15T04:56:21.954" durationms="8.642" />

<exclusive-start id="30" timestamp="2019-06-15T04:56:21.983" intervalms="37.935">
  <response-info timems="0.061" idlems="0.061" threads="0" lastid="00000000022CB100" lastname="Thread-6" />
</exclusive-start>
<allocation-taxation id="31" taxation-threshold="2097152" timestamp="2019-06-15T04:56:21.983" intervalms="37.789" />
<cycle-start id="32" type="global mark phase" contextid="0" timestamp="2019-06-15T04:56:21.983" intervalms="673.066" />
<gc-start id="33" type="global mark phase" contextid="32" timestamp="2019-06-15T04:56:21.983">
  <mem-info id="34" free="3145728" total="9437184" percent="33">
    <remembered-set count="3008" freebytes="364672" totalbytes="376704" percent="96" regionsoverflowed="0" regionsstable="0" regionsrebuilding="0"/>
  </mem-info>
</gc-start>
<gc-op id="35" type="mark increment" timems="0.571" contextid="32" timestamp="2019-06-15T04:56:21.984">
  <trace-info objectcount="163" scancount="0" scanbytes="0" />
</gc-op>
<gc-end id="36" type="global mark phase" contextid="32" durationms="0.848" usertimems="0.000" systemtimems="0.000" timestamp="2019-06-15T04:56:21.984" activeThreads="1">
  <mem-info id="37" free="3145728" total="9437184" percent="33">
    <remembered-set count="3008" freebytes="364672" totalbytes="376704" percent="96" regionsoverflowed="0" regionsstable="0" regionsrebuilding="0"/>
  </mem-info>
</gc-end>
<concurrent-start id="38" type="GMP work packet processing" contextid="32" timestamp="2019-06-15T04:56:21.984">
  <concurrent-mark-start scanTarget="18446744073709551615" />
</concurrent-start>
<exclusive-end id="39" timestamp="2019-06-15T04:56:21.985" durationms="2.444" />

<concurrent-end id="40" type="GMP work packet processing" contextid="32" timestamp="2019-06-15T04:56:21.986">
  <concurrent-mark-end bytesScanned="1187136" reasonForTermination="Completed all work in GC phase" />
</concurrent-end>

<exclusive-start id="41" timestamp="2019-06-15T04:56:21.994" intervalms="11.448">
  <response-info timems="0.032" idlems="0.032" threads="0" lastid="00000000022CB100" lastname="Thread-6" />
</exclusive-start>
<allocation-taxation id="42" taxation-threshold="2097152" timestamp="2019-06-15T04:56:21.994" intervalms="11.354" />
<cycle-start id="43" type="partial gc" contextid="0" timestamp="2019-06-15T04:56:21.994" intervalms="48.813" />
<gc-start id="44" type="partial gc" contextid="43" timestamp="2019-06-15T04:56:21.995">
  <mem-info id="45" free="1048576" total="9437184" percent="11">
    <mem type="eden" free="0" total="5242880" percent="0" />
    <remembered-set count="3008" freebytes="364672" totalbytes="376704" percent="96" regionsoverflowed="0" regionsstable="0" regionsrebuilding="0"/>
  </mem-info>
</gc-start>
<allocation-stats totalBytes="4147576" >
  <allocated-bytes non-tlh="49208" tlh="4098368" arrayletleaf="0"/>
  <largest-consumer threadName="Thread-6" threadId="00000000022CB100" bytes="2093128" />
</allocation-stats>
<gc-op id="46" type="copy forward" timems="4.663" contextid="43" timestamp="2019-06-15T04:56:22.000">
  <memory-copied type="eden" objects="23" bytes="128600" bytesdiscarded="0" />
  <memory-copied type="other" objects="14636" bytes="1221360" bytesdiscarded="270360" />
  <memory-cardclean objects="134" bytes="10368" />
  <regions eden="4" other="2" />
  <remembered-set-cleared processed="1820" cleared="663" durationms="0.057" />
  <references type="soft" candidates="17" cleared="0" enqueued="0" dynamicThreshold="10" maxThreshold="32" />
  <references type="weak" candidates="16" cleared="0" enqueued="0" />
  <references type="phantom" candidates="2" cleared="0" enqueued="0" />
  <stringconstants candidates="4533" cleared="0"  />
  <heap-resize type="expand" space="default" amount="2097152" count="2" timems="0.382" reason="continue current collection" />
</gc-op>
<gc-op id="47" type="classunload" timems="0.003" contextid="43" timestamp="2019-06-15T04:56:22.000">
  <classunload-info classloadercandidates="8" classloadersunloaded="0" classesunloaded="0" anonymousclassesunloaded="0" quiescems="0.000" setupms="0.003" scanms="0.000" postms="0.000" />
</gc-op>
<gc-op id="48" type="compact" timems="0.882" contextid="43" timestamp="2019-06-15T04:56:22.002">
  <compact-info movecount="0" movebytes="0" />
  <remembered-set-cleared processed="3493" cleared="663" durationms="0.058" />
</gc-op>
<gc-end id="49" type="partial gc" contextid="43" durationms="7.135" usertimems="8.000" systemtimems="0.000" timestamp="2019-06-15T04:56:22.002" activeThreads="4">
  <mem-info id="50" free="6291456" total="11534336" percent="54">
    <mem type="eden" free="919976" total="1048576" percent="87" />
    <remembered-set count="2432" freebytes="450688" totalbytes="460416" percent="97" regionsoverflowed="0" regionsstable="0" regionsrebuilding="0"/>
  </mem-info>
</gc-end>
<cycle-end id="51" type="partial gc" contextid="43" timestamp="2019-06-15T04:56:22.002" />
  <attribute name="elasticGC enabled" value="1" />
  <attribute name= "numThreadsSpecified" value="4" />
  <attribute name="heapSize specified" value="0" />
  <attribute name="Current GC Util" value="78" />
  <attribute name= "Current Time Running" value="575" />
  <attribute name ="GC Interval" value="0" />
  <attribute name="ProportionalT" value="29.000000" />
  <attribute name="ProportionalI" value="29.000000" />
  <attribute name="ProportionalH" value="29.000000" />
  <attribute name="Current Error" value="58.000000" />
  <attribute name="IntegralT" value="290.000000" />
  <attribute name="IntegralI" value="290.000000" />
  <attribute name="IntegralH" value="290.000000" />
  <attribute name="DerivativeT" value="17.400000" />
  <attribute name="DerivativeI" value="17.400000" />
  <attribute name="DerivativeH" value="17.400000" />
  <attribute name="Loop Time for DT" value="5.000000" />
  <attribute name="Output H" value="8388608"/>
  <attribute name="Output I" value="336"/>
  <attribute name="Output T" value="4"/>
  <attribute name="Target GC Util Change" value ="20.000000" />
  <attribute name="Current GC Util Change" value="78.000000"/>
  <attribute name="GC Util currently" value="78" />
  <attribute name="CPU Util currently" value="933920242829" />
<exclusive-end id="52" timestamp="2019-06-15T04:56:22.002" durationms="7.935" />

<exclusive-start id="53" timestamp="2019-06-15T04:56:22.032" intervalms="37.620">
  <response-info timems="0.036" idlems="0.036" threads="0" lastid="00000000022C3900" lastname="Thread-8" />
</exclusive-start>
<allocation-taxation id="54" taxation-threshold="3145728" timestamp="2019-06-15T04:56:22.032" intervalms="37.678" />
<gc-start id="55" type="global mark phase" contextid="32" timestamp="2019-06-15T04:56:22.032">
  <mem-info id="56" free="3145728" total="11534336" percent="27">
    <remembered-set count="1600" freebytes="454016" totalbytes="460416" percent="98" regionsoverflowed="0" regionsstable="1" regionsrebuilding="0"/>
  </mem-info>
</gc-start>
<gc-op id="57" type="mark increment" timems="1.999" contextid="32" timestamp="2019-06-15T04:56:22.034">
  <trace-info objectcount="20426" scancount="20341" scanbytes="1042900" />
  <cardclean-info objects="763" bytes="33516" />
  <finalization candidates="124" enqueued="0" />
  <ownableSynchronizers candidates="3" cleared="0" />
  <references type="soft" candidates="148" cleared="0" enqueued="0" dynamicThreshold="17" maxThreshold="32" />
  <references type="weak" candidates="769" cleared="0" enqueued="0" />
  <references type="phantom" candidates="65" cleared="2" enqueued="2" />
  <stringconstants candidates="4596" cleared="0"  />
</gc-op>
<gc-op id="58" type="classunload" timems="0.004" contextid="32" timestamp="2019-06-15T04:56:22.034">
  <classunload-info classloadercandidates="8" classloadersunloaded="0" classesunloaded="0" anonymousclassesunloaded="0" quiescems="0.000" setupms="0.004" scanms="0.000" postms="0.000" />
</gc-op>
<gc-end id="59" type="global mark phase" contextid="32" durationms="2.443" usertimems="4.000" systemtimems="0.000" timestamp="2019-06-15T04:56:22.035" activeThreads="4">
  <mem-info id="60" free="3145728" total="11534336" percent="27">
    <pending-finalizers system="0" default="0" reference="2" classloader="0" />
    <remembered-set count="1600" freebytes="454016" totalbytes="460416" percent="98" regionsoverflowed="0" regionsstable="1" regionsrebuilding="0"/>
  </mem-info>
</gc-end>
<cycle-end id="61" type="global mark phase" contextid="32" timestamp="2019-06-15T04:56:22.035" />
  <attribute name="elasticGC enabled" value="1" />
  <attribute name= "numThreadsSpecified" value="4" />
  <attribute name="heapSize specified" value="0" />
  <attribute name="Current GC Util" value="0" />
  <attribute name= "Current Time Running" value="608" />
  <attribute name ="GC Interval" value="0" />
  <attribute name="ProportionalT" value="-10.000000" />
  <attribute name="ProportionalI" value="-10.000000" />
  <attribute name="ProportionalH" value="-10.000000" />
  <attribute name="Current Error" value="-20.000000" />
  <attribute name="IntegralT" value="-20.000000" />
  <attribute name="IntegralI" value="-20.000000" />
  <attribute name="IntegralH" value="-20.000000" />
  <attribute name="DerivativeT" value="-132.000000" />
  <attribute name="DerivativeI" value="-132.000000" />
  <attribute name="DerivativeH" value="-132.000000" />
  <attribute name="Loop Time for DT" value="1.000000" />
  <attribute name="Output H" value="2091843584"/>
  <attribute name="Output I" value="200"/>
  <attribute name="Output T" value="4"/>
  <attribute name="Target GC Util Change" value ="20.000000" />
  <attribute name="Current GC Util Change" value="0.000000"/>
  <attribute name="GC Util currently" value="0" />
  <attribute name="CPU Util currently" value="5728482280843" />
<exclusive-end id="62" timestamp="2019-06-15T04:56:22.035" durationms="3.042" />

<exclusive-start id="63" timestamp="2019-06-15T04:56:22.072" intervalms="39.892">
  <response-info timems="0.083" idlems="0.051" threads="1" lastid="00000000022C3900" lastname="Thread-8" />
</exclusive-start>
<allocation-taxation id="64" taxation-threshold="3145728" timestamp="2019-06-15T04:56:22.072" intervalms="39.909" />
<cycle-start id="65" type="partial gc" contextid="0" timestamp="2019-06-15T04:56:22.072" intervalms="77.583" />
<gc-start id="66" type="partial gc" contextid="65" timestamp="2019-06-15T04:56:22.072">
  <mem-info id="67" free="0" total="11534336" percent="0">
    <mem type="eden" free="919976" total="7340032" percent="12" />
    <remembered-set count="1600" freebytes="454016" totalbytes="460416" percent="98" regionsoverflowed="0" regionsstable="1" regionsrebuilding="0"/>
  </mem-info>
</gc-start>
<allocation-stats totalBytes="6242392" >
  <allocated-bytes non-tlh="512672" tlh="5729720" arrayletleaf="0"/>
  <largest-consumer threadName="Thread-7" threadId="00000000022C7500" bytes="1281832" />
</allocation-stats>
<gc-op id="68" type="sweep" timems="0.444" contextid="65" timestamp="2019-06-15T04:56:22.073" />
<gc-op id="69" type="copy forward" timems="2.838" contextid="65" timestamp="2019-06-15T04:56:22.076">
  <memory-copied type="eden" objects="522" bytes="12664" bytesdiscarded="0" />
  <memory-copied type="other" objects="20314" bytes="1363048" bytesdiscarded="24" />
  <memory-cardclean objects="299" bytes="13888" />
  <memory-traced type="eden" objects="473" bytes="12080" />
  <memory-traced type="other" objects="0" bytes="0" />
  <regions eden="3" other="3" evacuated="5" marked="1" />
  <remembered-set-cleared processed="918" cleared="31" durationms="0.055" />
  <stringconstants candidates="4596" cleared="0"  />
  <heap-resize type="expand" space="default" amount="1048576" count="1" timems="0.058" reason="continue current collection" />
</gc-op>
<gc-op id="70" type="classunload" timems="0.002" contextid="65" timestamp="2019-06-15T04:56:22.077">
  <classunload-info classloadercandidates="8" classloadersunloaded="0" classesunloaded="0" anonymousclassesunloaded="0" quiescems="0.000" setupms="0.002" scanms="0.000" postms="0.000" />
</gc-op>
<gc-op id="71" type="compact" timems="1.141" contextid="65" timestamp="2019-06-15T04:56:22.078">
  <compact-info movecount="473" movebytes="12080" />
  <remembered-set-cleared processed="2098" cleared="127" durationms="0.057" />
</gc-op>
<heap-resize id="72" type="expand" space="default" amount="3145728" count="1" timems="0.064" reason="excessive time being spent in gc" timestamp="2019-06-15T04:56:22.078" />
<gc-end id="73" type="partial gc" contextid="65" durationms="6.109" usertimems="8.000" systemtimems="0.000" timestamp="2019-06-15T04:56:22.078" activeThreads="4">
  <mem-info id="74" free="8388608" total="15728640" percent="53">
    <mem type="eden" free="1757872" total="3145728" percent="55" />
    <remembered-set count="3392" freebytes="614272" totalbytes="627840" percent="97" regionsoverflowed="0" regionsstable="1" regionsrebuilding="0"/>
  </mem-info>
</gc-end>
<cycle-end id="75" type="partial gc" contextid="65" timestamp="2019-06-15T04:56:22.079" />
  <attribute name="elasticGC enabled" value="1" />
  <attribute name= "numThreadsSpecified" value="4" />
  <attribute name="heapSize specified" value="0" />
  <attribute name="Current GC Util" value="0" />
  <attribute name= "Current Time Running" value="651" />
  <attribute name ="GC Interval" value="0" />
  <attribute name="ProportionalT" value="-10.000000" />
  <attribute name="ProportionalI" value="-10.000000" />
  <attribute name="ProportionalH" value="-10.000000" />
  <attribute name="Current Error" value="-20.000000" />
  <attribute name="IntegralT" value="-60.000000" />
  <attribute name="IntegralI" value="-60.000000" />
  <attribute name="IntegralH" value="-60.000000" />
  <attribute name="DerivativeT" value="-23.000000" />
  <attribute name="DerivativeI" value="-23.000000" />
  <attribute name="DerivativeH" value="-23.000000" />
  <attribute name="Loop Time for DT" value="3.000000" />
  <attribute name="Output H" value="2091843584"/>
  <attribute name="Output I" value="200"/>
  <attribute name="Output T" value="4"/>
  <attribute name="Target GC Util Change" value ="20.000000" />
  <attribute name="Current GC Util Change" value="0.000000"/>
  <attribute name="GC Util currently" value="0" />
  <attribute name="CPU Util currently" value="1425666028896" />
<exclusive-end id="76" timestamp="2019-06-15T04:56:22.079" durationms="6.965" />

<exclusive-start id="77" timestamp="2019-06-15T04:56:22.099" intervalms="27.572">
  <response-info timems="0.049" idlems="0.049" threads="0" lastid="00000000022C7500" lastname="Thread-7" />
</exclusive-start>
<allocation-taxation id="78" taxation-threshold="8388608" timestamp="2019-06-15T04:56:22.099" intervalms="27.587" />
<cycle-start id="79" type="partial gc" contextid="0" timestamp="2019-06-15T04:56:22.100" intervalms="27.579" />
<gc-start id="80" type="partial gc" contextid="79" timestamp="2019-06-15T04:56:22.100">
  <mem-info id="81" free="0" total="15728640" percent="0">
    <mem type="eden" free="1036496" total="9437184" percent="10" />
    <remembered-set count="2912" freebytes="616192" totalbytes="627840" percent="98" regionsoverflowed="0" regionsstable="1" regionsrebuilding="0"/>
  </mem-info>
</gc-start>
<allocation-stats totalBytes="8387088" >
  <allocated-bytes non-tlh="0" tlh="8387088" arrayletleaf="0"/>
  <largest-consumer threadName="Thread-7" threadId="00000000022C7500" bytes="3092024" />
</allocation-stats>
<gc-op id="82" type="mark" timems="1.527" contextid="79" timestamp="2019-06-15T04:56:22.102">
  <trace-info objectcount="23797" scancount="23712" scanbytes="1124212" />
  <cardclean-info objects="48" bytes="3332" />
  <remembered-set-cleared processed="1022" cleared="113" durationms="0.058" />
  <stringconstants candidates="4596" cleared="0"  />
  <warning details="Mark invoked due to insufficient free space for Copy-Forward" />
</gc-op>
<gc-op id="83" type="classunload" timems="0.002" contextid="79" timestamp="2019-06-15T04:56:22.102">
  <classunload-info classloadercandidates="8" classloadersunloaded="0" classesunloaded="0" anonymousclassesunloaded="0" quiescems="0.000" setupms="0.002" scanms="0.000" postms="0.000" />
</gc-op>
<gc-op id="84" type="sweep" timems="0.394" contextid="79" timestamp="2019-06-15T04:56:22.103" />
<gc-op id="85" type="compact" timems="2.771" contextid="79" timestamp="2019-06-15T04:56:22.106">
  <compact-info movecount="23696" movebytes="1445360" />
  <remembered-set-cleared processed="2180" cleared="362" durationms="0.058" />
</gc-op>
<heap-resize id="86" type="expand" space="default" amount="3145728" count="1" timems="0.063" reason="excessive time being spent in gc" timestamp="2019-06-15T04:56:22.106" />
<gc-end id="87" type="partial gc" contextid="79" durationms="6.295" usertimems="8.000" systemtimems="0.000" timestamp="2019-06-15T04:56:22.106" activeThreads="1">
  <mem-info id="88" free="11534336" total="18874368" percent="61">
    <mem type="eden" free="984448" total="2097152" percent="46" />
    <remembered-set count="3424" freebytes="739712" totalbytes="753408" percent="98" regionsoverflowed="0" regionsstable="1" regionsrebuilding="0"/>
  </mem-info>
</gc-end>
<cycle-end id="89" type="partial gc" contextid="79" timestamp="2019-06-15T04:56:22.106" />
  <attribute name="elasticGC enabled" value="1" />
  <attribute name= "numThreadsSpecified" value="1" />
  <attribute name="heapSize specified" value="0" />
  <attribute name="Current GC Util" value="38" />
  <attribute name= "Current Time Running" value="677" />
  <attribute name ="GC Interval" value="0" />
  <attribute name="ProportionalT" value="9.000000" />
  <attribute name="ProportionalI" value="9.000000" />
  <attribute name="ProportionalH" value="9.000000" />
  <attribute name="Current Error" value="18.000000" />
  <attribute name="IntegralT" value="0.000000" />
  <attribute name="IntegralI" value="0.000000" />
  <attribute name="IntegralH" value="0.000000" />
  <attribute name="DerivativeT" value="inf" />
  <attribute name="DerivativeI" value="inf" />
  <attribute name="DerivativeH" value="inf" />
  <attribute name="Loop Time for DT" value="0.000000" />
  <attribute name="Output H" value="8388608"/>
  <attribute name="Output I" value="200"/>
  <attribute name="Output T" value="1"/>
  <attribute name="Target GC Util Change" value ="20.000000" />
  <attribute name="Current GC Util Change" value="38.000000"/>
  <attribute name="GC Util currently" value="38" />
  <attribute name="CPU Util currently" value="7058587845856" />
<exclusive-end id="90" timestamp="2019-06-15T04:56:22.106" durationms="7.162" />

<exclusive-start id="91" timestamp="2019-06-15T04:56:22.127" intervalms="27.990">
  <response-info timems="1.375" idlems="0.912" threads="2" lastid="00000000022C3900" lastname="Thread-8" />
</exclusive-start>
<allocation-taxation id="92" taxation-threshold="11534336" timestamp="2019-06-15T04:56:22.128" intervalms="28.027" />
<cycle-start id="93" type="partial gc" contextid="0" timestamp="2019-06-15T04:56:22.128" intervalms="28.142" />
<gc-start id="94" type="partial gc" contextid="93" timestamp="2019-06-15T04:56:22.128">
  <mem-info id="95" free="0" total="18874368" percent="0">
    <mem type="eden" free="0" total="11534336" percent="0" />
    <remembered-set count="3232" freebytes="740480" totalbytes="753408" percent="98" regionsoverflowed="0" regionsstable="1" regionsrebuilding="0"/>
  </mem-info>
</gc-start>
<allocation-stats totalBytes="11532672" >
  <allocated-bytes non-tlh="0" tlh="11532672" arrayletleaf="0"/>
  <largest-consumer threadName="Thread-7" threadId="00000000022C7500" bytes="4885872" />
</allocation-stats>
<gc-op id="96" type="mark" timems="1.121" contextid="93" timestamp="2019-06-15T04:56:22.130">
  <trace-info objectcount="5047" scancount="5047" scanbytes="127728" />
  <cardclean-info objects="6414" bytes="356416" />
  <remembered-set-cleared processed="1304" cleared="231" durationms="0.076" />
  <stringconstants candidates="4596" cleared="0"  />
  <warning details="Mark invoked due to insufficient free space for Copy-Forward" />
</gc-op>
<gc-op id="97" type="classunload" timems="0.002" contextid="93" timestamp="2019-06-15T04:56:22.130">
  <classunload-info classloadercandidates="8" classloadersunloaded="0" classesunloaded="0" anonymousclassesunloaded="0" quiescems="0.000" setupms="0.002" scanms="0.000" postms="0.000" />
</gc-op>
<gc-op id="98" type="sweep" timems="0.413" contextid="93" timestamp="2019-06-15T04:56:22.131" />
<gc-op id="99" type="compact" timems="1.572" contextid="93" timestamp="2019-06-15T04:56:22.132">
  <compact-info movecount="5001" movebytes="121304" />
  <remembered-set-cleared processed="2720" cleared="570" durationms="0.076" />
</gc-op>
<heap-resize id="100" type="expand" space="default" amount="2097152" count="1" timems="0.067" reason="excessive time being spent in gc" timestamp="2019-06-15T04:56:22.133" />
<gc-end id="101" type="partial gc" contextid="93" durationms="4.974" usertimems="4.000" systemtimems="0.000" timestamp="2019-06-15T04:56:22.133" activeThreads="1">
  <mem-info id="102" free="12582912" total="20971520" percent="60">
    <mem type="eden" free="984296" total="1048576" percent="93" />
    <remembered-set count="4096" freebytes="820736" totalbytes="837120" percent="98" regionsoverflowed="0" regionsstable="1" regionsrebuilding="0"/>
  </mem-info>
</gc-end>
<cycle-end id="103" type="partial gc" contextid="93" timestamp="2019-06-15T04:56:22.133" />
  <attribute name="elasticGC enabled" value="1" />
  <attribute name= "numThreadsSpecified" value="1" />
  <attribute name="heapSize specified" value="0" />
  <attribute name="Current GC Util" value="34" />
  <attribute name= "Current Time Running" value="705" />
  <attribute name ="GC Interval" value="0" />
  <attribute name="ProportionalT" value="7.000000" />
  <attribute name="ProportionalI" value="7.000000" />
  <attribute name="ProportionalH" value="7.000000" />
  <attribute name="Current Error" value="14.000000" />
  <attribute name="IntegralT" value="0.000000" />
  <attribute name="IntegralI" value="0.000000" />
  <attribute name="IntegralH" value="0.000000" />
  <attribute name="DerivativeT" value="inf" />
  <attribute name="DerivativeI" value="inf" />
  <attribute name="DerivativeH" value="inf" />
  <attribute name="Loop Time for DT" value="0.000000" />
  <attribute name="Output H" value="8388608"/>
  <attribute name="Output I" value="200"/>
  <attribute name="Output T" value="1"/>
  <attribute name="Target GC Util Change" value ="20.000000" />
  <attribute name="Current GC Util Change" value="34.000000"/>
  <attribute name="GC Util currently" value="34" />
  <attribute name="CPU Util currently" value="6533761982326" />
<exclusive-end id="104" timestamp="2019-06-15T04:56:22.133" durationms="6.139" />

<exclusive-start id="105" timestamp="2019-06-15T04:56:22.143" intervalms="16.109">
  <response-info timems="0.027" idlems="0.027" threads="0" lastid="00000000022BFD00" lastname="Thread-10" />
</exclusive-start>
<allocation-taxation id="106" taxation-threshold="11534336" timestamp="2019-06-15T04:56:22.144" intervalms="16.081" />
<cycle-start id="107" type="partial gc" contextid="0" timestamp="2019-06-15T04:56:22.144" intervalms="16.044" />
<gc-start id="108" type="partial gc" contextid="107" timestamp="2019-06-15T04:56:22.144">
  <mem-info id="109" free="1048576" total="20971520" percent="5">
    <mem type="eden" free="0" total="11534336" percent="0" />
    <remembered-set count="3840" freebytes="821760" totalbytes="837120" percent="98" regionsoverflowed="0" regionsstable="1" regionsrebuilding="0"/>
  </mem-info>
</gc-start>
<allocation-stats totalBytes="11532784" >
  <allocated-bytes non-tlh="0" tlh="11532784" arrayletleaf="0"/>
  <largest-consumer threadName="Thread-7" threadId="00000000022C7500" bytes="3530280" />
</allocation-stats>
<gc-op id="110" type="copy forward" timems="1.339" contextid="107" timestamp="2019-06-15T04:56:22.146">
  <memory-copied type="eden" objects="2323" bytes="57304" bytesdiscarded="0" />
  <memory-copied type="other" objects="2380" bytes="57120" bytesdiscarded="0" />
  <memory-cardclean objects="6929" bytes="349256" />
  <regions eden="11" other="1" />
  <remembered-set-cleared processed="1871" cleared="425" durationms="0.079" />
  <stringconstants candidates="4596" cleared="0"  />
  <heap-resize type="expand" space="default" amount="1048576" count="1" timems="0.052" reason="continue current collection" />
</gc-op>
<gc-op id="111" type="classunload" timems="0.002" contextid="107" timestamp="2019-06-15T04:56:22.146">
  <classunload-info classloadercandidates="8" classloadersunloaded="0" classesunloaded="0" anonymousclassesunloaded="0" quiescems="0.000" setupms="0.002" scanms="0.000" postms="0.000" />
</gc-op>
<heap-resize id="112" type="expand" space="default" amount="2097152" count="1" timems="0.058" reason="excessive time being spent in gc" timestamp="2019-06-15T04:56:22.146" />
<gc-end id="113" type="partial gc" contextid="107" durationms="2.622" usertimems="4.000" systemtimems="0.000" timestamp="2019-06-15T04:56:22.147" activeThreads="1">
  <mem-info id="114" free="14680064" total="24117248" percent="60">
    <mem type="eden" free="991272" total="1048576" percent="94" />
    <remembered-set count="4480" freebytes="944768" totalbytes="962688" percent="98" regionsoverflowed="0" regionsstable="1" regionsrebuilding="0"/>
  </mem-info>
</gc-end>
<cycle-end id="115" type="partial gc" contextid="107" timestamp="2019-06-15T04:56:22.147" />
  <attribute name="elasticGC enabled" value="1" />
  <attribute name= "numThreadsSpecified" value="1" />
  <attribute name="heapSize specified" value="0" />
  <attribute name="Current GC Util" value="47" />
  <attribute name= "Current Time Running" value="719" />
  <attribute name ="GC Interval" value="0" />
  <attribute name="ProportionalT" value="13.500000" />
  <attribute name="ProportionalI" value="13.500000" />
  <attribute name="ProportionalH" value="13.500000" />
  <attribute name="Current Error" value="27.000000" />
  <attribute name="IntegralT" value="0.000000" />
  <attribute name="IntegralI" value="0.000000" />
  <attribute name="IntegralH" value="0.000000" />
  <attribute name="DerivativeT" value="inf" />
  <attribute name="DerivativeI" value="inf" />
  <attribute name="DerivativeH" value="inf" />
  <attribute name="Loop Time for DT" value="0.000000" />
  <attribute name="Output H" value="8388608"/>
  <attribute name="Output I" value="200"/>
  <attribute name="Output T" value="1"/>
  <attribute name="Target GC Util Change" value ="20.000000" />
  <attribute name="Current GC Util Change" value="47.000000"/>
  <attribute name="GC Util currently" value="47" />
  <attribute name="CPU Util currently" value="15860853893789" />
<exclusive-end id="116" timestamp="2019-06-15T04:56:22.147" durationms="3.630" />

<exclusive-start id="117" timestamp="2019-06-15T04:56:22.157" intervalms="13.578">
  <response-info timems="0.023" idlems="0.023" threads="0" lastid="00000000022CB100" lastname="Thread-9" />
</exclusive-start>
<allocation-taxation id="118" taxation-threshold="12582912" timestamp="2019-06-15T04:56:22.157" intervalms="13.605" />
<cycle-start id="119" type="partial gc" contextid="0" timestamp="2019-06-15T04:56:22.157" intervalms="13.619" />
<gc-start id="120" type="partial gc" contextid="119" timestamp="2019-06-15T04:56:22.158">
  <mem-info id="121" free="2097152" total="24117248" percent="8">
    <mem type="eden" free="0" total="12582912" percent="0" />
    <remembered-set count="4352" freebytes="945280" totalbytes="962688" percent="98" regionsoverflowed="0" regionsstable="1" regionsrebuilding="0"/>
  </mem-info>
</gc-start>
<allocation-stats totalBytes="12581384" >
  <allocated-bytes non-tlh="0" tlh="12581384" arrayletleaf="0"/>
  <largest-consumer threadName="Thread-7" threadId="00000000022C7500" bytes="3735128" />
</allocation-stats>
<gc-op id="122" type="copy forward" timems="1.641" contextid="119" timestamp="2019-06-15T04:56:22.160">
  <memory-copied type="eden" objects="2339" bytes="57448" bytesdiscarded="3488" />
  <memory-copied type="other" objects="2018" bytes="48432" bytesdiscarded="1008" />
  <memory-cardclean objects="6718" bytes="339128" />
  <regions eden="12" other="1" />
  <remembered-set-cleared processed="2404" cleared="497" durationms="0.073" />
  <stringconstants candidates="4596" cleared="0"  />
</gc-op>
<gc-op id="123" type="classunload" timems="0.002" contextid="119" timestamp="2019-06-15T04:56:22.160">
  <classunload-info classloadercandidates="8" classloadersunloaded="0" classesunloaded="0" anonymousclassesunloaded="0" quiescems="0.000" setupms="0.002" scanms="0.000" postms="0.000" />
</gc-op>
<heap-resize id="124" type="expand" space="default" amount="2097152" count="1" timems="0.066" reason="excessive time being spent in gc" timestamp="2019-06-15T04:56:22.160" />
<gc-end id="125" type="partial gc" contextid="119" durationms="2.869" usertimems="4.000" systemtimems="0.000" timestamp="2019-06-15T04:56:22.160" activeThreads="4">
  <mem-info id="126" free="15728640" total="26214400" percent="60">
    <mem type="eden" free="987640" total="1048576" percent="94" />
    <remembered-set count="4768" freebytes="1027328" totalbytes="1046400" percent="98" regionsoverflowed="0" regionsstable="1" regionsrebuilding="0"/>
  </mem-info>
</gc-end>
<cycle-end id="127" type="partial gc" contextid="119" timestamp="2019-06-15T04:56:22.161" />
  <attribute name="elasticGC enabled" value="1" />
  <attribute name= "numThreadsSpecified" value="4" />
  <attribute name="heapSize specified" value="0" />
  <attribute name="Current GC Util" value="58" />
  <attribute name= "Current Time Running" value="733" />
  <attribute name ="GC Interval" value="0" />
  <attribute name="ProportionalT" value="19.000000" />
  <attribute name="ProportionalI" value="19.000000" />
  <attribute name="ProportionalH" value="19.000000" />
  <attribute name="Current Error" value="38.000000" />
  <attribute name="IntegralT" value="38.000000" />
  <attribute name="IntegralI" value="38.000000" />
  <attribute name="IntegralH" value="38.000000" />
  <attribute name="DerivativeT" value="57.000000" />
  <attribute name="DerivativeI" value="57.000000" />
  <attribute name="DerivativeH" value="57.000000" />
  <attribute name="Loop Time for DT" value="1.000000" />
  <attribute name="Output H" value="8388608"/>
  <attribute name="Output I" value="200"/>
  <attribute name="Output T" value="4"/>
  <attribute name="Target GC Util Change" value ="20.000000" />
  <attribute name="Current GC Util Change" value="58.000000"/>
  <attribute name="GC Util currently" value="58" />
  <attribute name="CPU Util currently" value="21500303119178" />
<exclusive-end id="128" timestamp="2019-06-15T04:56:22.161" durationms="3.817" />

<exclusive-start id="129" timestamp="2019-06-15T04:56:22.175" intervalms="17.625">
  <response-info timems="0.026" idlems="0.026" threads="0" lastid="00000000022C7500" lastname="Thread-7" />
</exclusive-start>
<allocation-taxation id="130" taxation-threshold="13631488" timestamp="2019-06-15T04:56:22.175" intervalms="17.602" />
<cycle-start id="131" type="partial gc" contextid="0" timestamp="2019-06-15T04:56:22.175" intervalms="17.514" />
<gc-start id="132" type="partial gc" contextid="131" timestamp="2019-06-15T04:56:22.175">
  <mem-info id="133" free="2097152" total="26214400" percent="8">
    <mem type="eden" free="0" total="13631488" percent="0" />
    <remembered-set count="4768" freebytes="1027328" totalbytes="1046400" percent="98" regionsoverflowed="0" regionsstable="1" regionsrebuilding="0"/>
  </mem-info>
</gc-start>
<allocation-stats totalBytes="13629720" >
  <allocated-bytes non-tlh="0" tlh="13629720" arrayletleaf="0"/>
  <largest-consumer threadName="Thread-7" threadId="00000000022C7500" bytes="4459984" />
</allocation-stats>
<gc-op id="134" type="copy forward" timems="1.670" contextid="131" timestamp="2019-06-15T04:56:22.177">
  <memory-copied type="eden" objects="1498" bytes="36752" bytesdiscarded="1112" />
  <memory-copied type="other" objects="2091" bytes="50184" bytesdiscarded="664" />
  <memory-cardclean objects="6142" bytes="310832" />
  <regions eden="13" other="1" />
  <remembered-set-cleared processed="2942" cleared="632" durationms="0.078" />
  <stringconstants candidates="4596" cleared="0"  />
  <heap-resize type="expand" space="default" amount="1048576" count="1" timems="0.070" reason="continue current collection" />
</gc-op>
<gc-op id="135" type="classunload" timems="0.002" contextid="131" timestamp="2019-06-15T04:56:22.177">
  <classunload-info classloadercandidates="8" classloadersunloaded="0" classesunloaded="0" anonymousclassesunloaded="0" quiescems="0.000" setupms="0.002" scanms="0.000" postms="0.000" />
</gc-op>
<heap-resize id="136" type="expand" space="default" amount="4194304" count="1" timems="0.067" reason="excessive time being spent in gc" timestamp="2019-06-15T04:56:22.178" />
<gc-end id="137" type="partial gc" contextid="131" durationms="2.792" usertimems="4.000" systemtimems="0.000" timestamp="2019-06-15T04:56:22.178" activeThreads="4">
  <mem-info id="138" free="18874368" total="31457280" percent="60">
    <mem type="eden" free="2059288" total="2097152" percent="98" />
    <remembered-set count="5216" freebytes="1234816" totalbytes="1255680" percent="98" regionsoverflowed="0" regionsstable="1" regionsrebuilding="0"/>
  </mem-info>
</gc-end>
<cycle-end id="139" type="partial gc" contextid="131" timestamp="2019-06-15T04:56:22.178" />
  <attribute name="elasticGC enabled" value="1" />
  <attribute name= "numThreadsSpecified" value="4" />
  <attribute name="heapSize specified" value="0" />
  <attribute name="Current GC Util" value="0" />
  <attribute name= "Current Time Running" value="750" />
  <attribute name ="GC Interval" value="0" />
  <attribute name="ProportionalT" value="-10.000000" />
  <attribute name="ProportionalI" value="-10.000000" />
  <attribute name="ProportionalH" value="-10.000000" />
  <attribute name="Current Error" value="-20.000000" />
  <attribute name="IntegralT" value="0.000000" />
  <attribute name="IntegralI" value="0.000000" />
  <attribute name="IntegralH" value="0.000000" />
  <attribute name="DerivativeT" value="-inf" />
  <attribute name="DerivativeI" value="-inf" />
  <attribute name="DerivativeH" value="-inf" />
  <attribute name="Loop Time for DT" value="0.000000" />
  <attribute name="Output H" value="2091843584"/>
  <attribute name="Output I" value="200"/>
  <attribute name="Output T" value="4"/>
  <attribute name="Target GC Util Change" value ="20.000000" />
  <attribute name="Current GC Util Change" value="0.000000"/>
  <attribute name="GC Util currently" value="0" />
  <attribute name="CPU Util currently" value="29637703995811" />
<exclusive-end id="140" timestamp="2019-06-15T04:56:22.178" durationms="3.580" />

<exclusive-start id="141" timestamp="2019-06-15T04:56:22.197" intervalms="22.065">
  <response-info timems="0.082" idlems="0.032" threads="2" lastid="00000000022C3900" lastname="Thread-8" />
</exclusive-start>
<allocation-taxation id="142" taxation-threshold="14680064" timestamp="2019-06-15T04:56:22.197" intervalms="22.006" />
<cycle-start id="143" type="partial gc" contextid="0" timestamp="2019-06-15T04:56:22.197" intervalms="22.048" />
<gc-start id="144" type="partial gc" contextid="143" timestamp="2019-06-15T04:56:22.197">
  <mem-info id="145" free="4194304" total="31457280" percent="13">
    <mem type="eden" free="0" total="14680064" percent="0" />
    <remembered-set count="5216" freebytes="1234816" totalbytes="1255680" percent="98" regionsoverflowed="0" regionsstable="1" regionsrebuilding="0"/>
  </mem-info>
</gc-start>
<allocation-stats totalBytes="14677936" >
  <allocated-bytes non-tlh="168" tlh="14677768" arrayletleaf="0"/>
  <largest-consumer threadName="Thread-7" threadId="00000000022C7500" bytes="5700760" />
</allocation-stats>
<gc-op id="146" type="copy forward" timems="1.791" contextid="143" timestamp="2019-06-15T04:56:22.200">
  <memory-copied type="eden" objects="2391" bytes="60296" bytesdiscarded="0" />
  <memory-copied type="other" objects="5753" bytes="368232" bytesdiscarded="0" />
  <memory-cardclean objects="5369" bytes="329240" />
  <regions eden="14" other="3" />
  <remembered-set-cleared processed="3335" cleared="1000" durationms="0.089" />
  <stringconstants candidates="4597" cleared="0"  />
</gc-op>
<gc-op id="147" type="classunload" timems="0.002" contextid="143" timestamp="2019-06-15T04:56:22.200">
  <classunload-info classloadercandidates="8" classloadersunloaded="0" classesunloaded="0" anonymousclassesunloaded="0" quiescems="0.000" setupms="0.001" scanms="0.000" postms="0.000" />
</gc-op>
<gc-end id="148" type="partial gc" contextid="143" durationms="2.732" usertimems="0.000" systemtimems="0.000" timestamp="2019-06-15T04:56:22.200" activeThreads="1">
  <mem-info id="149" free="18874368" total="31457280" percent="60">
    <mem type="eden" free="988280" total="1048576" percent="94" />
    <remembered-set count="5536" freebytes="1233536" totalbytes="1255680" percent="98" regionsoverflowed="0" regionsstable="1" regionsrebuilding="0"/>
  </mem-info>
</gc-end>
<cycle-end id="150" type="partial gc" contextid="143" timestamp="2019-06-15T04:56:22.200" />
  <attribute name="elasticGC enabled" value="1" />
  <attribute name= "numThreadsSpecified" value="1" />
  <attribute name="heapSize specified" value="0" />
  <attribute name="Current GC Util" value="59" />
  <attribute name= "Current Time Running" value="772" />
  <attribute name ="GC Interval" value="0" />
  <attribute name="ProportionalT" value="19.500000" />
  <attribute name="ProportionalI" value="19.500000" />
  <attribute name="ProportionalH" value="19.500000" />
  <attribute name="Current Error" value="39.000000" />
  <attribute name="IntegralT" value="0.000000" />
  <attribute name="IntegralI" value="0.000000" />
  <attribute name="IntegralH" value="0.000000" />
  <attribute name="DerivativeT" value="inf" />
  <attribute name="DerivativeI" value="inf" />
  <attribute name="DerivativeH" value="inf" />
  <attribute name="Loop Time for DT" value="0.000000" />
  <attribute name="Output H" value="8388608"/>
  <attribute name="Output I" value="200"/>
  <attribute name="Output T" value="1"/>
  <attribute name="Target GC Util Change" value ="20.000000" />
  <attribute name="Current GC Util Change" value="59.000000"/>
  <attribute name="GC Util currently" value="59" />
  <attribute name="CPU Util currently" value="21408478636780" />
<exclusive-end id="151" timestamp="2019-06-15T04:56:22.200" durationms="3.722" />

<exclusive-start id="152" timestamp="2019-06-15T04:56:22.222" intervalms="25.151">
  <response-info timems="0.042" idlems="0.025" threads="1" lastid="00000000022CB100" lastname="Thread-9" />
</exclusive-start>
<allocation-taxation id="153" taxation-threshold="14680064" timestamp="2019-06-15T04:56:22.222" intervalms="25.234" />
<cycle-start id="154" type="partial gc" contextid="0" timestamp="2019-06-15T04:56:22.222" intervalms="25.313" />
<gc-start id="155" type="partial gc" contextid="154" timestamp="2019-06-15T04:56:22.223">
  <mem-info id="156" free="4194304" total="31457280" percent="13">
    <mem type="eden" free="0" total="14680064" percent="0" />
    <remembered-set count="5536" freebytes="1233536" totalbytes="1255680" percent="98" regionsoverflowed="0" regionsstable="1" regionsrebuilding="0"/>
  </mem-info>
</gc-start>
<allocation-stats totalBytes="14678496" >
  <allocated-bytes non-tlh="88" tlh="14678408" arrayletleaf="0"/>
  <largest-consumer threadName="Thread-9" threadId="00000000022CB100" bytes="6524152" />
</allocation-stats>
<gc-op id="157" type="copy forward" timems="1.627" contextid="154" timestamp="2019-06-15T04:56:22.225">
  <memory-copied type="eden" objects="1175" bytes="48304" bytesdiscarded="1848" />
  <memory-copied type="other" objects="9320" bytes="472352" bytesdiscarded="15296" />
  <memory-cardclean objects="5300" bytes="259856" />
  <regions eden="14" other="2" />
  <remembered-set-cleared processed="3893" cleared="914" durationms="0.080" />
  <references type="soft" candidates="12" cleared="0" enqueued="0" dynamicThreshold="19" maxThreshold="32" />
  <references type="weak" candidates="6" cleared="0" enqueued="0" />
  <stringconstants candidates="4597" cleared="0"  />
</gc-op>
<gc-op id="158" type="classunload" timems="0.003" contextid="154" timestamp="2019-06-15T04:56:22.225">
  <classunload-info classloadercandidates="8" classloadersunloaded="0" classesunloaded="0" anonymousclassesunloaded="0" quiescems="0.000" setupms="0.002" scanms="0.000" postms="0.000" />
</gc-op>
<heap-resize id="159" type="expand" space="default" amount="3145728" count="1" timems="0.067" reason="excessive time being spent in gc" timestamp="2019-06-15T04:56:22.225" />
<gc-end id="160" type="partial gc" contextid="154" durationms="3.032" usertimems="4.000" systemtimems="0.000" timestamp="2019-06-15T04:56:22.226" activeThreads="4">
  <mem-info id="161" free="20971520" total="34603008" percent="60">
    <mem type="eden" free="998424" total="1048576" percent="95" />
    <remembered-set count="6432" freebytes="1355520" totalbytes="1381248" percent="98" regionsoverflowed="0" regionsstable="1" regionsrebuilding="0"/>
  </mem-info>
</gc-end>
<cycle-end id="162" type="partial gc" contextid="154" timestamp="2019-06-15T04:56:22.226" />
  <attribute name="elasticGC enabled" value="1" />
  <attribute name= "numThreadsSpecified" value="4" />
  <attribute name="heapSize specified" value="0" />
  <attribute name="Current GC Util" value="63" />
  <attribute name= "Current Time Running" value="798" />
  <attribute name ="GC Interval" value="0" />
  <attribute name="ProportionalT" value="21.500000" />
  <attribute name="ProportionalI" value="21.500000" />
  <attribute name="ProportionalH" value="21.500000" />
  <attribute name="Current Error" value="43.000000" />
  <attribute name="IntegralT" value="43.000000" />
  <attribute name="IntegralI" value="43.000000" />
  <attribute name="IntegralH" value="43.000000" />
  <attribute name="DerivativeT" value="64.500000" />
  <attribute name="DerivativeI" value="64.500000" />
  <attribute name="DerivativeH" value="64.500000" />
  <attribute name="Loop Time for DT" value="1.000000" />
  <attribute name="Output H" value="8388608"/>
  <attribute name="Output I" value="200"/>
  <attribute name="Output T" value="4"/>
  <attribute name="Target GC Util Change" value ="20.000000" />
  <attribute name="Current GC Util Change" value="63.000000"/>
  <attribute name="GC Util currently" value="63" />
  <attribute name="CPU Util currently" value="16777088245758" />
<exclusive-end id="163" timestamp="2019-06-15T04:56:22.226" durationms="4.228" />

<exclusive-start id="164" timestamp="2019-06-15T04:56:22.240" intervalms="17.989">
  <response-info timems="0.058" idlems="0.058" threads="0" lastid="00000000022BFD00" lastname="Thread-10" />
</exclusive-start>
<allocation-taxation id="165" taxation-threshold="15728640" timestamp="2019-06-15T04:56:22.240" intervalms="17.962" />
<cycle-start id="166" type="partial gc" contextid="0" timestamp="2019-06-15T04:56:22.240" intervalms="17.847" />
<gc-start id="167" type="partial gc" contextid="166" timestamp="2019-06-15T04:56:22.240">
  <mem-info id="168" free="5242880" total="34603008" percent="15">
    <mem type="eden" free="0" total="15728640" percent="0" />
    <remembered-set count="6208" freebytes="1356416" totalbytes="1381248" percent="98" regionsoverflowed="0" regionsstable="1" regionsrebuilding="0"/>
  </mem-info>
</gc-start>
<allocation-stats totalBytes="15726760" >
  <allocated-bytes non-tlh="0" tlh="15726760" arrayletleaf="0"/>
  <largest-consumer threadName="Thread-7" threadId="00000000022C7500" bytes="5795248" />
</allocation-stats>
<gc-op id="169" type="copy forward" timems="2.657" contextid="166" timestamp="2019-06-15T04:56:22.244">
  <memory-copied type="eden" objects="6730" bytes="299440" bytesdiscarded="0" />
  <memory-copied type="other" objects="8024" bytes="613544" bytesdiscarded="96" />
  <memory-cardclean objects="8834" bytes="486680" />
  <regions eden="15" other="2" />
  <remembered-set-cleared processed="3564" cleared="1661" durationms="0.115" />
  <references type="soft" candidates="5" cleared="0" enqueued="0" dynamicThreshold="19" maxThreshold="32" />
  <references type="weak" candidates="10" cleared="0" enqueued="0" />
  <references type="phantom" candidates="2" cleared="0" enqueued="0" />
  <stringconstants candidates="4597" cleared="0"  />
</gc-op>
<gc-op id="170" type="classunload" timems="0.002" contextid="166" timestamp="2019-06-15T04:56:22.244">
  <classunload-info classloadercandidates="8" classloadersunloaded="0" classesunloaded="0" anonymousclassesunloaded="0" quiescems="0.000" setupms="0.002" scanms="0.000" postms="0.000" />
</gc-op>
<gc-end id="171" type="partial gc" contextid="166" durationms="3.748" usertimems="4.000" systemtimems="0.000" timestamp="2019-06-15T04:56:22.244" activeThreads="1">
  <mem-info id="172" free="20971520" total="34603008" percent="60">
    <mem type="eden" free="749136" total="1048576" percent="71" />
    <remembered-set count="7264" freebytes="1352192" totalbytes="1381248" percent="97" regionsoverflowed="0" regionsstable="1" regionsrebuilding="0"/>
  </mem-info>
</gc-end>
<cycle-end id="173" type="partial gc" contextid="166" timestamp="2019-06-15T04:56:22.244" />
  <attribute name="elasticGC enabled" value="1" />
  <attribute name= "numThreadsSpecified" value="1" />
  <attribute name="heapSize specified" value="0" />
  <attribute name="Current GC Util" value="59" />
  <attribute name= "Current Time Running" value="815" />
  <attribute name ="GC Interval" value="0" />
  <attribute name="ProportionalT" value="19.500000" />
  <attribute name="ProportionalI" value="19.500000" />
  <attribute name="ProportionalH" value="19.500000" />
  <attribute name="Current Error" value="39.000000" />
  <attribute name="IntegralT" value="0.000000" />
  <attribute name="IntegralI" value="0.000000" />
  <attribute name="IntegralH" value="0.000000" />
  <attribute name="DerivativeT" value="inf" />
  <attribute name="DerivativeI" value="inf" />
  <attribute name="DerivativeH" value="inf" />
  <attribute name="Loop Time for DT" value="0.000000" />
  <attribute name="Output H" value="8388608"/>
  <attribute name="Output I" value="200"/>
  <attribute name="Output T" value="1"/>
  <attribute name="Target GC Util Change" value ="20.000000" />
  <attribute name="Current GC Util Change" value="59.000000"/>
  <attribute name="GC Util currently" value="59" />
  <attribute name="CPU Util currently" value="18995172693555" />
<exclusive-end id="174" timestamp="2019-06-15T04:56:22.245" durationms="4.801" />

<exclusive-start id="175" timestamp="2019-06-15T04:56:22.270" intervalms="30.465">
  <response-info timems="0.023" idlems="0.023" threads="0" lastid="00000000022CB100" lastname="Thread-9" />
</exclusive-start>
<allocation-taxation id="176" taxation-threshold="15728640" timestamp="2019-06-15T04:56:22.271" intervalms="30.492" />
<cycle-start id="177" type="partial gc" contextid="0" timestamp="2019-06-15T04:56:22.271" intervalms="30.602" />
<gc-start id="178" type="partial gc" contextid="177" timestamp="2019-06-15T04:56:22.271">
  <mem-info id="179" free="5242880" total="34603008" percent="15">
    <mem type="eden" free="0" total="15728640" percent="0" />
    <remembered-set count="7136" freebytes="1352704" totalbytes="1381248" percent="97" regionsoverflowed="0" regionsstable="1" regionsrebuilding="0"/>
  </mem-info>
</gc-start>
<allocation-stats totalBytes="15726520" >
  <allocated-bytes non-tlh="0" tlh="15726520" arrayletleaf="0"/>
  <largest-consumer threadName="Thread-7" threadId="00000000022C7500" bytes="5692696" />
</allocation-stats>
<gc-op id="180" type="copy forward" timems="1.974" contextid="177" timestamp="2019-06-15T04:56:22.274">
  <memory-copied type="eden" objects="8779" bytes="348664" bytesdiscarded="0" />
  <memory-copied type="other" objects="6631" bytes="296520" bytesdiscarded="0" />
  <memory-cardclean objects="2260" bytes="124392" />
  <regions eden="15" other="1" />
  <remembered-set-cleared processed="4665" cleared="560" durationms="0.114" />
  <stringconstants candidates="4597" cleared="0"  />
</gc-op>
<gc-op id="181" type="classunload" timems="0.002" contextid="177" timestamp="2019-06-15T04:56:22.274">
  <classunload-info classloadercandidates="8" classloadersunloaded="0" classesunloaded="0" anonymousclassesunloaded="0" quiescems="0.000" setupms="0.002" scanms="0.000" postms="0.000" />
</gc-op>
<heap-resize id="182" type="expand" space="default" amount="2097152" count="1" timems="0.070" reason="excessive time being spent in gc" timestamp="2019-06-15T04:56:22.274" />
<gc-end id="183" type="partial gc" contextid="177" durationms="3.410" usertimems="4.000" systemtimems="0.000" timestamp="2019-06-15T04:56:22.274" activeThreads="1">
  <mem-info id="184" free="22020096" total="36700160" percent="60">
    <mem type="eden" free="699912" total="1048576" percent="66" />
    <remembered-set count="7904" freebytes="1433344" totalbytes="1464960" percent="97" regionsoverflowed="0" regionsstable="1" regionsrebuilding="0"/>
  </mem-info>
</gc-end>
<cycle-end id="185" type="partial gc" contextid="177" timestamp="2019-06-15T04:56:22.275" />
  <attribute name="elasticGC enabled" value="1" />
  <attribute name= "numThreadsSpecified" value="1" />
  <attribute name="heapSize specified" value="0" />
  <attribute name="Current GC Util" value="57" />
  <attribute name= "Current Time Running" value="846" />
  <attribute name ="GC Interval" value="0" />
  <attribute name="ProportionalT" value="18.500000" />
  <attribute name="ProportionalI" value="18.500000" />
  <attribute name="ProportionalH" value="18.500000" />
  <attribute name="Current Error" value="37.000000" />
  <attribute name="IntegralT" value="0.000000" />
  <attribute name="IntegralI" value="0.000000" />
  <attribute name="IntegralH" value="0.000000" />
  <attribute name="DerivativeT" value="inf" />
  <attribute name="DerivativeI" value="inf" />
  <attribute name="DerivativeH" value="inf" />
  <attribute name="Loop Time for DT" value="0.000000" />
  <attribute name="Output H" value="8388608"/>
  <attribute name="Output I" value="200"/>
  <attribute name="Output T" value="1"/>
  <attribute name="Target GC Util Change" value ="20.000000" />
  <attribute name="Current GC Util Change" value="57.000000"/>
  <attribute name="GC Util currently" value="57" />
  <attribute name="CPU Util currently" value="16096298216416" />
<exclusive-end id="186" timestamp="2019-06-15T04:56:22.275" durationms="4.526" />

<exclusive-start id="187" timestamp="2019-06-15T04:56:22.289" intervalms="18.203">
  <response-info timems="0.066" idlems="0.066" threads="0" lastid="00000000022BFD00" lastname="Thread-10" />
</exclusive-start>
<allocation-taxation id="188" taxation-threshold="15728640" timestamp="2019-06-15T04:56:22.289" intervalms="18.169" />
<cycle-start id="189" type="partial gc" contextid="0" timestamp="2019-06-15T04:56:22.289" intervalms="18.140" />
<gc-start id="190" type="partial gc" contextid="189" timestamp="2019-06-15T04:56:22.289">
  <mem-info id="191" free="6291456" total="36700160" percent="17">
    <mem type="eden" free="0" total="15728640" percent="0" />
    <remembered-set count="7648" freebytes="1434368" totalbytes="1464960" percent="97" regionsoverflowed="0" regionsstable="1" regionsrebuilding="0"/>
  </mem-info>
</gc-start>
<allocation-stats totalBytes="15726624" >
  <allocated-bytes non-tlh="0" tlh="15726624" arrayletleaf="0"/>
  <largest-consumer threadName="Thread-7" threadId="00000000022C7500" bytes="5672384" />
</allocation-stats>
<gc-op id="192" type="copy forward" timems="1.950" contextid="189" timestamp="2019-06-15T04:56:22.292">
  <memory-copied type="eden" objects="4272" bytes="103280" bytesdiscarded="0" />
  <memory-copied type="other" objects="8727" bytes="346824" bytesdiscarded="0" />
  <memory-cardclean objects="5455" bytes="297040" />
  <regions eden="15" other="1" />
  <remembered-set-cleared processed="5029" cleared="474" durationms="0.113" />
  <stringconstants candidates="4597" cleared="0"  />
</gc-op>
<gc-op id="193" type="classunload" timems="0.002" contextid="189" timestamp="2019-06-15T04:56:22.292">
  <classunload-info classloadercandidates="8" classloadersunloaded="0" classesunloaded="0" anonymousclassesunloaded="0" quiescems="0.000" setupms="0.001" scanms="0.000" postms="0.000" />
</gc-op>
<heap-resize id="194" type="expand" space="default" amount="3145728" count="1" timems="0.074" reason="excessive time being spent in gc" timestamp="2019-06-15T04:56:22.292" />
<gc-end id="195" type="partial gc" contextid="189" durationms="3.405" usertimems="0.000" systemtimems="0.000" timestamp="2019-06-15T04:56:22.293" activeThreads="1">
  <mem-info id="196" free="24117248" total="39845888" percent="60">
    <mem type="eden" free="945296" total="1048576" percent="90" />
    <remembered-set count="8896" freebytes="1554944" totalbytes="1590528" percent="97" regionsoverflowed="0" regionsstable="1" regionsrebuilding="0"/>
  </mem-info>
</gc-end>
<cycle-end id="197" type="partial gc" contextid="189" timestamp="2019-06-15T04:56:22.293" />
  <attribute name="elasticGC enabled" value="1" />
  <attribute name= "numThreadsSpecified" value="1" />
  <attribute name="heapSize specified" value="0" />
  <attribute name="Current GC Util" value="55" />
  <attribute name= "Current Time Running" value="864" />
  <attribute name ="GC Interval" value="0" />
  <attribute name="ProportionalT" value="17.500000" />
  <attribute name="ProportionalI" value="17.500000" />
  <attribute name="ProportionalH" value="17.500000" />
  <attribute name="Current Error" value="35.000000" />
  <attribute name="IntegralT" value="0.000000" />
  <attribute name="IntegralI" value="0.000000" />
  <attribute name="IntegralH" value="0.000000" />
  <attribute name="DerivativeT" value="inf" />
  <attribute name="DerivativeI" value="inf" />
  <attribute name="DerivativeH" value="inf" />
  <attribute name="Loop Time for DT" value="0.000000" />
  <attribute name="Output H" value="8388608"/>
  <attribute name="Output I" value="200"/>
  <attribute name="Output T" value="1"/>
  <attribute name="Target GC Util Change" value ="20.000000" />
  <attribute name="Current GC Util Change" value="55.000000"/>
  <attribute name="GC Util currently" value="55" />
  <attribute name="CPU Util currently" value="18291631035668" />
<exclusive-end id="198" timestamp="2019-06-15T04:56:22.293" durationms="4.519" />

<exclusive-start id="199" timestamp="2019-06-15T04:56:22.307" intervalms="18.515">
  <response-info timems="0.027" idlems="0.027" threads="0" lastid="00000000022C3900" lastname="Thread-8" />
</exclusive-start>
<allocation-taxation id="200" taxation-threshold="16777216" timestamp="2019-06-15T04:56:22.307" intervalms="18.501" />
<cycle-start id="201" type="partial gc" contextid="0" timestamp="2019-06-15T04:56:22.307" intervalms="18.480" />
<gc-start id="202" type="partial gc" contextid="201" timestamp="2019-06-15T04:56:22.308">
  <mem-info id="203" free="7340032" total="39845888" percent="18">
    <mem type="eden" free="0" total="16777216" percent="0" />
    <remembered-set count="8448" freebytes="1556736" totalbytes="1590528" percent="97" regionsoverflowed="0" regionsstable="1" regionsrebuilding="0"/>
  </mem-info>
</gc-start>
<allocation-stats totalBytes="16774984" >
  <allocated-bytes non-tlh="0" tlh="16774984" arrayletleaf="0"/>
  <largest-consumer threadName="Thread-10" threadId="00000000022BFD00" bytes="6630664" />
</allocation-stats>
<gc-op id="204" type="copy forward" timems="2.039" contextid="201" timestamp="2019-06-15T04:56:22.310">
  <memory-copied type="eden" objects="14919" bytes="634136" bytesdiscarded="35624" />
  <memory-copied type="other" objects="4171" bytes="100104" bytesdiscarded="1344" />
  <memory-cardclean objects="9751" bytes="510976" />
  <regions eden="16" other="1" />
  <remembered-set-cleared processed="5482" cleared="613" durationms="0.094" />
  <stringconstants candidates="4597" cleared="0"  />
</gc-op>
<gc-op id="205" type="classunload" timems="0.003" contextid="201" timestamp="2019-06-15T04:56:22.310">
  <classunload-info classloadercandidates="8" classloadersunloaded="0" classesunloaded="0" anonymousclassesunloaded="0" quiescems="0.000" setupms="0.001" scanms="0.000" postms="0.000" />
</gc-op>
<heap-resize id="206" type="expand" space="default" amount="2097152" count="1" timems="0.068" reason="excessive time being spent in gc" timestamp="2019-06-15T04:56:22.311" />
<gc-end id="207" type="partial gc" contextid="201" durationms="3.229" usertimems="4.000" systemtimems="0.000" timestamp="2019-06-15T04:56:22.311" activeThreads="4">
  <mem-info id="208" free="25165824" total="41943040" percent="60">
    <mem type="eden" free="378816" total="1048576" percent="36" />
    <remembered-set count="8832" freebytes="1638912" totalbytes="1674240" percent="97" regionsoverflowed="0" regionsstable="1" regionsrebuilding="0"/>
  </mem-info>
</gc-end>
<cycle-end id="209" type="partial gc" contextid="201" timestamp="2019-06-15T04:56:22.311" />
  <attribute name="elasticGC enabled" value="1" />
  <attribute name= "numThreadsSpecified" value="4" />
  <attribute name="heapSize specified" value="0" />
  <attribute name="Current GC Util" value="65" />
  <attribute name= "Current Time Running" value="883" />
  <attribute name ="GC Interval" value="0" />
  <attribute name="ProportionalT" value="22.500000" />
  <attribute name="ProportionalI" value="22.500000" />
  <attribute name="ProportionalH" value="22.500000" />
  <attribute name="Current Error" value="45.000000" />
  <attribute name="IntegralT" value="45.000000" />
  <attribute name="IntegralI" value="45.000000" />
  <attribute name="IntegralH" value="45.000000" />
  <attribute name="DerivativeT" value="67.500000" />
  <attribute name="DerivativeI" value="67.500000" />
  <attribute name="DerivativeH" value="67.500000" />
  <attribute name="Loop Time for DT" value="1.000000" />
  <attribute name="Output H" value="8388608"/>
  <attribute name="Output I" value="200"/>
  <attribute name="Output T" value="4"/>
  <attribute name="Target GC Util Change" value ="20.000000" />
  <attribute name="Current GC Util Change" value="65.000000"/>
  <attribute name="GC Util currently" value="65" />
  <attribute name="CPU Util currently" value="19014517560909" />
<exclusive-end id="210" timestamp="2019-06-15T04:56:22.311" durationms="4.238" />

<exclusive-start id="211" timestamp="2019-06-15T04:56:22.323" intervalms="16.204">
  <response-info timems="0.130" idlems="0.130" threads="0" lastid="00000000022BFD00" lastname="Thread-10" />
</exclusive-start>
<allocation-taxation id="212" taxation-threshold="16777216" timestamp="2019-06-15T04:56:22.323" intervalms="16.273" />
<cycle-start id="213" type="partial gc" contextid="0" timestamp="2019-06-15T04:56:22.324" intervalms="16.315" />
<gc-start id="214" type="partial gc" contextid="213" timestamp="2019-06-15T04:56:22.324">
  <mem-info id="215" free="8388608" total="41943040" percent="20">
    <mem type="eden" free="0" total="16777216" percent="0" />
    <remembered-set count="8352" freebytes="1640832" totalbytes="1674240" percent="98" regionsoverflowed="0" regionsstable="1" regionsrebuilding="0"/>
  </mem-info>
</gc-start>
<allocation-stats totalBytes="16775024" >
  <allocated-bytes non-tlh="0" tlh="16775024" arrayletleaf="0"/>
  <largest-consumer threadName="Thread-7" threadId="00000000022C7500" bytes="5758168" />
</allocation-stats>
<gc-op id="216" type="copy forward" timems="2.212" contextid="213" timestamp="2019-06-15T04:56:22.327">
  <memory-copied type="eden" objects="2245" bytes="55040" bytesdiscarded="0" />
  <memory-copied type="other" objects="14691" bytes="627488" bytesdiscarded="0" />
  <memory-cardclean objects="5440" bytes="281056" />
  <regions eden="16" other="1" />
  <remembered-set-cleared processed="6296" cleared="730" durationms="0.126" />
  <stringconstants candidates="4597" cleared="0"  />
</gc-op>
<gc-op id="217" type="classunload" timems="0.001" contextid="213" timestamp="2019-06-15T04:56:22.327">
  <classunload-info classloadercandidates="8" classloadersunloaded="0" classesunloaded="0" anonymousclassesunloaded="0" quiescems="0.000" setupms="0.001" scanms="0.000" postms="0.000" />
</gc-op>
<heap-resize id="218" type="expand" space="default" amount="3145728" count="1" timems="0.064" reason="excessive time being spent in gc" timestamp="2019-06-15T04:56:22.327" />
<gc-end id="219" type="partial gc" contextid="213" durationms="3.489" usertimems="4.000" systemtimems="0.000" timestamp="2019-06-15T04:56:22.327" activeThreads="1">
  <mem-info id="220" free="27262976" total="45088768" percent="60">
    <mem type="eden" free="993536" total="1048576" percent="94" />
    <remembered-set count="9024" freebytes="1763712" totalbytes="1799808" percent="97" regionsoverflowed="0" regionsstable="1" regionsrebuilding="0"/>
  </mem-info>
</gc-end>
<cycle-end id="221" type="partial gc" contextid="213" timestamp="2019-06-15T04:56:22.328" />
  <attribute name="elasticGC enabled" value="1" />
  <attribute name= "numThreadsSpecified" value="1" />
  <attribute name="heapSize specified" value="0" />
  <attribute name="Current GC Util" value="50" />
  <attribute name= "Current Time Running" value="899" />
  <attribute name ="GC Interval" value="0" />
  <attribute name="ProportionalT" value="15.000000" />
  <attribute name="ProportionalI" value="15.000000" />
  <attribute name="ProportionalH" value="15.000000" />
  <attribute name="Current Error" value="30.000000" />
  <attribute name="IntegralT" value="0.000000" />
  <attribute name="IntegralI" value="0.000000" />
  <attribute name="IntegralH" value="0.000000" />
  <attribute name="DerivativeT" value="inf" />
  <attribute name="DerivativeI" value="inf" />
  <attribute name="DerivativeH" value="inf" />
  <attribute name="Loop Time for DT" value="0.000000" />
  <attribute name="Output H" value="8388608"/>
  <attribute name="Output I" value="200"/>
  <attribute name="Output T" value="1"/>
  <attribute name="Target GC Util Change" value ="20.000000" />
  <attribute name="Current GC Util Change" value="50.000000"/>
  <attribute name="GC Util currently" value="50" />
  <attribute name="CPU Util currently" value="20422769557324" />
<exclusive-end id="222" timestamp="2019-06-15T04:56:22.328" durationms="4.606" />

<exclusive-start id="223" timestamp="2019-06-15T04:56:22.342" intervalms="18.745">
  <response-info timems="0.058" idlems="0.058" threads="0" lastid="00000000022BFD00" lastname="Thread-10" />
</exclusive-start>
<allocation-taxation id="224" taxation-threshold="17825792" timestamp="2019-06-15T04:56:22.342" intervalms="18.716" />
<cycle-start id="225" type="partial gc" contextid="0" timestamp="2019-06-15T04:56:22.342" intervalms="18.711" />
<gc-start id="226" type="partial gc" contextid="225" timestamp="2019-06-15T04:56:22.343">
  <mem-info id="227" free="9437184" total="45088768" percent="20">
    <mem type="eden" free="0" total="17825792" percent="0" />
    <remembered-set count="8736" freebytes="1764864" totalbytes="1799808" percent="98" regionsoverflowed="0" regionsstable="1" regionsrebuilding="0"/>
  </mem-info>
</gc-start>
<allocation-stats totalBytes="17823712" >
  <allocated-bytes non-tlh="0" tlh="17823712" arrayletleaf="0"/>
  <largest-consumer threadName="Thread-7" threadId="00000000022C7500" bytes="6610176" />
</allocation-stats>
<gc-op id="228" type="copy forward" timems="1.843" contextid="225" timestamp="2019-06-15T04:56:22.345">
  <memory-copied type="eden" objects="8890" bytes="352032" bytesdiscarded="28568" />
  <memory-copied type="other" objects="2017" bytes="48408" bytesdiscarded="448" />
  <memory-cardclean objects="5840" bytes="334184" />
  <regions eden="17" other="1" />
  <remembered-set-cleared processed="6969" cleared="495" durationms="0.096" />
  <stringconstants candidates="4597" cleared="0"  />
</gc-op>
<gc-op id="229" type="classunload" timems="0.002" contextid="225" timestamp="2019-06-15T04:56:22.345">
  <classunload-info classloadercandidates="8" classloadersunloaded="0" classesunloaded="0" anonymousclassesunloaded="0" quiescems="0.000" setupms="0.002" scanms="0.000" postms="0.000" />
</gc-op>
<heap-resize id="230" type="expand" space="default" amount="2097152" count="1" timems="0.058" reason="excessive time being spent in gc" timestamp="2019-06-15T04:56:22.346" />
<gc-end id="231" type="partial gc" contextid="225" durationms="3.194" usertimems="4.000" systemtimems="0.000" timestamp="2019-06-15T04:56:22.346" activeThreads="4">
  <mem-info id="232" free="28311552" total="47185920" percent="60">
    <mem type="eden" free="667976" total="1048576" percent="63" />
    <remembered-set count="10208" freebytes="1842688" totalbytes="1883520" percent="97" regionsoverflowed="0" regionsstable="1" regionsrebuilding="0"/>
  </mem-info>
</gc-end>
<cycle-end id="233" type="partial gc" contextid="225" timestamp="2019-06-15T04:56:22.346" />
  <attribute name="elasticGC enabled" value="1" />
  <attribute name= "numThreadsSpecified" value="4" />
  <attribute name="heapSize specified" value="0" />
  <attribute name="Current GC Util" value="62" />
  <attribute name= "Current Time Running" value="918" />
  <attribute name ="GC Interval" value="0" />
  <attribute name="ProportionalT" value="21.000000" />
  <attribute name="ProportionalI" value="21.000000" />
  <attribute name="ProportionalH" value="21.000000" />
  <attribute name="Current Error" value="42.000000" />
  <attribute name="IntegralT" value="42.000000" />
  <attribute name="IntegralI" value="42.000000" />
  <attribute name="IntegralH" value="42.000000" />
  <attribute name="DerivativeT" value="63.000000" />
  <attribute name="DerivativeI" value="63.000000" />
  <attribute name="DerivativeH" value="63.000000" />
  <attribute name="Loop Time for DT" value="1.000000" />
  <attribute name="Output H" value="8388608"/>
  <attribute name="Output I" value="200"/>
  <attribute name="Output T" value="4"/>
  <attribute name="Target GC Util Change" value ="20.000000" />
  <attribute name="Current GC Util Change" value="62.000000"/>
  <attribute name="GC Util currently" value="62" />
  <attribute name="CPU Util currently" value="15871061273719" />
<exclusive-end id="234" timestamp="2019-06-15T04:56:22.346" durationms="4.079" />

<exclusive-start id="235" timestamp="2019-06-15T04:56:22.358" intervalms="16.276">
  <response-info timems="0.035" idlems="0.035" threads="0" lastid="00000000022CB100" lastname="Thread-9" />
</exclusive-start>
<allocation-taxation id="236" taxation-threshold="18874368" timestamp="2019-06-15T04:56:22.358" intervalms="16.187" />
<cycle-start id="237" type="partial gc" contextid="0" timestamp="2019-06-15T04:56:22.358" intervalms="16.085" />
<gc-start id="238" type="partial gc" contextid="237" timestamp="2019-06-15T04:56:22.359">
  <mem-info id="239" free="9437184" total="47185920" percent="20">
    <mem type="eden" free="0" total="18874368" percent="0" />
    <remembered-set count="9984" freebytes="1843584" totalbytes="1883520" percent="97" regionsoverflowed="0" regionsstable="1" regionsrebuilding="0"/>
  </mem-info>
</gc-start>
<allocation-stats totalBytes="18871896" >
  <allocated-bytes non-tlh="0" tlh="18871896" arrayletleaf="0"/>
  <largest-consumer threadName="Thread-7" threadId="00000000022C7500" bytes="5766536" />
</allocation-stats>
<gc-op id="240" type="copy forward" timems="1.770" contextid="237" timestamp="2019-06-15T04:56:22.361">
  <memory-copied type="eden" objects="3466" bytes="84224" bytesdiscarded="21792" />
  <memory-copied type="other" objects="8652" bytes="345024" bytesdiscarded="18840" />
  <memory-cardclean objects="6305" bytes="318496" />
  <regions eden="18" other="1" />
  <remembered-set-cleared processed="7500" cleared="531" durationms="0.093" />
  <stringconstants candidates="4597" cleared="0"  />
</gc-op>
<gc-op id="241" type="classunload" timems="0.002" contextid="237" timestamp="2019-06-15T04:56:22.361">
  <classunload-info classloadercandidates="8" classloadersunloaded="0" classesunloaded="0" anonymousclassesunloaded="0" quiescems="0.000" setupms="0.002" scanms="0.000" postms="0.000" />
</gc-op>
<heap-resize id="242" type="expand" space="default" amount="3145728" count="1" timems="0.071" reason="excessive time being spent in gc" timestamp="2019-06-15T04:56:22.361" />
<gc-end id="243" type="partial gc" contextid="237" durationms="2.962" usertimems="4.000" systemtimems="0.000" timestamp="2019-06-15T04:56:22.362" activeThreads="4">
  <mem-info id="244" free="30408704" total="50331648" percent="60">
    <mem type="eden" free="942560" total="1048576" percent="89" />
    <remembered-set count="10784" freebytes="1965952" totalbytes="2009088" percent="97" regionsoverflowed="0" regionsstable="1" regionsrebuilding="0"/>
  </mem-info>
</gc-end>
<cycle-end id="245" type="partial gc" contextid="237" timestamp="2019-06-15T04:56:22.362" />
  <attribute name="elasticGC enabled" value="1" />
  <attribute name= "numThreadsSpecified" value="4" />
  <attribute name="heapSize specified" value="0" />
  <attribute name="Current GC Util" value="49" />
  <attribute name= "Current Time Running" value="934" />
  <attribute name ="GC Interval" value="0" />
  <attribute name="ProportionalT" value="14.500000" />
  <attribute name="ProportionalI" value="14.500000" />
  <attribute name="ProportionalH" value="14.500000" />
  <attribute name="Current Error" value="29.000000" />
  <attribute name="IntegralT" value="29.000000" />
  <attribute name="IntegralI" value="29.000000" />
  <attribute name="IntegralH" value="29.000000" />
  <attribute name="DerivativeT" value="34.500000" />
  <attribute name="DerivativeI" value="34.500000" />
  <attribute name="DerivativeH" value="34.500000" />
  <attribute name="Loop Time for DT" value="1.000000" />
  <attribute name="Output H" value="8388608"/>
  <attribute name="Output I" value="200"/>
  <attribute name="Output T" value="4"/>
  <attribute name="Target GC Util Change" value ="20.000000" />
  <attribute name="Current GC Util Change" value="49.000000"/>
  <attribute name="GC Util currently" value="49" />
  <attribute name="CPU Util currently" value="22403138286713" />
<exclusive-end id="246" timestamp="2019-06-15T04:56:22.362" durationms="3.712" />

<exclusive-start id="247" timestamp="2019-06-15T04:56:22.373" intervalms="14.746">
  <response-info timems="0.023" idlems="0.023" threads="0" lastid="00000000022C3900" lastname="Thread-8" />
</exclusive-start>
<allocation-taxation id="248" taxation-threshold="18874368" timestamp="2019-06-15T04:56:22.373" intervalms="14.843" />
<cycle-start id="249" type="partial gc" contextid="0" timestamp="2019-06-15T04:56:22.373" intervalms="14.889" />
<gc-start id="250" type="partial gc" contextid="249" timestamp="2019-06-15T04:56:22.374">
  <mem-info id="251" free="11534336" total="50331648" percent="22">
    <mem type="eden" free="0" total="18874368" percent="0" />
    <remembered-set count="10688" freebytes="1966336" totalbytes="2009088" percent="97" regionsoverflowed="0" regionsstable="1" regionsrebuilding="0"/>
  </mem-info>
</gc-start>
<allocation-stats totalBytes="18872128" >
  <allocated-bytes non-tlh="0" tlh="18872128" arrayletleaf="0"/>
  <largest-consumer threadName="Thread-7" threadId="00000000022C7500" bytes="5254488" />
</allocation-stats>
<gc-op id="252" type="copy forward" timems="1.447" contextid="249" timestamp="2019-06-15T04:56:22.376">
  <memory-copied type="eden" objects="4012" bytes="97496" bytesdiscarded="5576" />
  <memory-copied type="other" objects="3292" bytes="79008" bytesdiscarded="2568" />
  <memory-cardclean objects="8944" bytes="464192" />
  <regions eden="18" other="1" />
  <remembered-set-cleared processed="8019" cleared="658" durationms="0.112" />
  <stringconstants candidates="4597" cleared="0"  />
</gc-op>
<gc-op id="253" type="classunload" timems="0.001" contextid="249" timestamp="2019-06-15T04:56:22.376">
  <classunload-info classloadercandidates="8" classloadersunloaded="0" classesunloaded="0" anonymousclassesunloaded="0" quiescems="0.000" setupms="0.001" scanms="0.000" postms="0.000" />
</gc-op>
<heap-resize id="254" type="expand" space="default" amount="2097152" count="1" timems="0.055" reason="excessive time being spent in gc" timestamp="2019-06-15T04:56:22.376" />
<gc-end id="255" type="partial gc" contextid="249" durationms="2.681" usertimems="4.000" systemtimems="0.000" timestamp="2019-06-15T04:56:22.376" activeThreads="4">
  <mem-info id="256" free="31457280" total="52428800" percent="60">
    <mem type="eden" free="945504" total="1048576" percent="90" />
    <remembered-set count="11840" freebytes="2045440" totalbytes="2092800" percent="97" regionsoverflowed="0" regionsstable="1" regionsrebuilding="0"/>
  </mem-info>
</gc-end>
<cycle-end id="257" type="partial gc" contextid="249" timestamp="2019-06-15T04:56:22.376" />
  <attribute name="elasticGC enabled" value="1" />
  <attribute name= "numThreadsSpecified" value="4" />
  <attribute name="heapSize specified" value="0" />
  <attribute name="Current GC Util" value="53" />
  <attribute name= "Current Time Running" value="949" />
  <attribute name ="GC Interval" value="0" />
  <attribute name="ProportionalT" value="16.500000" />
  <attribute name="ProportionalI" value="16.500000" />
  <attribute name="ProportionalH" value="16.500000" />
  <attribute name="Current Error" value="33.000000" />
  <attribute name="IntegralT" value="33.000000" />
  <attribute name="IntegralI" value="33.000000" />
  <attribute name="IntegralH" value="33.000000" />
  <attribute name="DerivativeT" value="37.500000" />
  <attribute name="DerivativeI" value="37.500000" />
  <attribute name="DerivativeH" value="37.500000" />
  <attribute name="Loop Time for DT" value="1.000000" />
  <attribute name="Output H" value="8388608"/>
  <attribute name="Output I" value="200"/>
  <attribute name="Output T" value="4"/>
  <attribute name="Target GC Util Change" value ="20.000000" />
  <attribute name="Current GC Util Change" value="53.000000"/>
  <attribute name="GC Util currently" value="53" />
  <attribute name="CPU Util currently" value="21958527441519" />
<exclusive-end id="258" timestamp="2019-06-15T04:56:22.377" durationms="3.569" />

<exclusive-start id="259" timestamp="2019-06-15T04:56:22.392" intervalms="19.019">
  <response-info timems="0.036" idlems="0.036" threads="0" lastid="00000000022C7500" lastname="Thread-7" />
</exclusive-start>
<allocation-taxation id="260" taxation-threshold="19922944" timestamp="2019-06-15T04:56:22.392" intervalms="18.987" />
<cycle-start id="261" type="partial gc" contextid="0" timestamp="2019-06-15T04:56:22.392" intervalms="18.937" />
<gc-start id="262" type="partial gc" contextid="261" timestamp="2019-06-15T04:56:22.392">
  <mem-info id="263" free="11534336" total="52428800" percent="22">
    <mem type="eden" free="0" total="19922944" percent="0" />
    <remembered-set count="11616" freebytes="2046336" totalbytes="2092800" percent="97" regionsoverflowed="0" regionsstable="1" regionsrebuilding="0"/>
  </mem-info>
</gc-start>
<allocation-stats totalBytes="19920272" >
  <allocated-bytes non-tlh="0" tlh="19920272" arrayletleaf="0"/>
  <largest-consumer threadName="Thread-7" threadId="00000000022C7500" bytes="7244832" />
</allocation-stats>
<gc-op id="264" type="copy forward" timems="2.085" contextid="261" timestamp="2019-06-15T04:56:22.395">
  <memory-copied type="eden" objects="9053" bytes="355944" bytesdiscarded="0" />
  <memory-copied type="other" objects="3782" bytes="90768" bytesdiscarded="0" />
  <memory-cardclean objects="8283" bytes="413776" />
  <regions eden="19" other="1" />
  <remembered-set-cleared processed="8732" cleared="675" durationms="0.140" />
  <stringconstants candidates="4597" cleared="0"  />
</gc-op>
<gc-op id="265" type="classunload" timems="0.002" contextid="261" timestamp="2019-06-15T04:56:22.395">
  <classunload-info classloadercandidates="8" classloadersunloaded="0" classesunloaded="0" anonymousclassesunloaded="0" quiescems="0.000" setupms="0.002" scanms="0.000" postms="0.000" />
</gc-op>
<heap-resize id="266" type="expand" space="default" amount="3145728" count="1" timems="0.084" reason="excessive time being spent in gc" timestamp="2019-06-15T04:56:22.396" />
<gc-end id="267" type="partial gc" contextid="261" durationms="3.233" usertimems="8.000" systemtimems="0.000" timestamp="2019-06-15T04:56:22.396" activeThreads="1">
  <mem-info id="268" free="33554432" total="55574528" percent="60">
    <mem type="eden" free="692632" total="1048576" percent="66" />
    <remembered-set count="12192" freebytes="2169600" totalbytes="2218368" percent="97" regionsoverflowed="0" regionsstable="1" regionsrebuilding="0"/>
  </mem-info>
</gc-end>
<cycle-end id="269" type="partial gc" contextid="261" timestamp="2019-06-15T04:56:22.396" />
  <attribute name="elasticGC enabled" value="1" />
  <attribute name= "numThreadsSpecified" value="1" />
  <attribute name="heapSize specified" value="0" />
  <attribute name="Current GC Util" value="55" />
  <attribute name= "Current Time Running" value="967" />
  <attribute name ="GC Interval" value="0" />
  <attribute name="ProportionalT" value="17.500000" />
  <attribute name="ProportionalI" value="17.500000" />
  <attribute name="ProportionalH" value="17.500000" />
  <attribute name="Current Error" value="35.000000" />
  <attribute name="IntegralT" value="0.000000" />
  <attribute name="IntegralI" value="0.000000" />
  <attribute name="IntegralH" value="0.000000" />
  <attribute name="DerivativeT" value="inf" />
  <attribute name="DerivativeI" value="inf" />
  <attribute name="DerivativeH" value="inf" />
  <attribute name="Loop Time for DT" value="0.000000" />
  <attribute name="Output H" value="8388608"/>
  <attribute name="Output I" value="200"/>
  <attribute name="Output T" value="1"/>
  <attribute name="Target GC Util Change" value ="20.000000" />
  <attribute name="Current GC Util Change" value="55.000000"/>
  <attribute name="GC Util currently" value="55" />
  <attribute name="CPU Util currently" value="21253772276581" />
<exclusive-end id="270" timestamp="2019-06-15T04:56:22.396" durationms="4.048" />

<exclusive-start id="271" timestamp="2019-06-15T04:56:22.414" intervalms="22.450">
  <response-info timems="0.057" idlems="0.057" threads="0" lastid="00000000022C7500" lastname="Thread-7" />
</exclusive-start>
<allocation-taxation id="272" taxation-threshold="20971520" timestamp="2019-06-15T04:56:22.415" intervalms="22.465" />
<cycle-start id="273" type="partial gc" contextid="0" timestamp="2019-06-15T04:56:22.415" intervalms="22.472" />
<gc-start id="274" type="partial gc" contextid="273" timestamp="2019-06-15T04:56:22.415">
  <mem-info id="275" free="12582912" total="55574528" percent="22">
    <mem type="eden" free="0" total="20971520" percent="0" />
    <remembered-set count="12064" freebytes="2170112" totalbytes="2218368" percent="97" regionsoverflowed="0" regionsstable="1" regionsrebuilding="0"/>
  </mem-info>
</gc-start>
<allocation-stats totalBytes="20968856" >
  <allocated-bytes non-tlh="0" tlh="20968856" arrayletleaf="0"/>
  <largest-consumer threadName="Thread-7" threadId="00000000022C7500" bytes="7347408" />
</allocation-stats>
<gc-op id="276" type="copy forward" timems="2.851" contextid="273" timestamp="2019-06-15T04:56:22.418">
  <memory-copied type="eden" objects="15213" bytes="641192" bytesdiscarded="0" />
  <memory-copied type="other" objects="8808" bytes="348768" bytesdiscarded="0" />
  <memory-cardclean objects="5602" bytes="292720" />
  <regions eden="20" other="1" />
  <remembered-set-cleared processed="9480" cleared="596" durationms="0.143" />
  <stringconstants candidates="4597" cleared="0"  />
</gc-op>
<gc-op id="277" type="classunload" timems="0.002" contextid="273" timestamp="2019-06-15T04:56:22.419">
  <classunload-info classloadercandidates="8" classloadersunloaded="0" classesunloaded="0" anonymousclassesunloaded="0" quiescems="0.000" setupms="0.002" scanms="0.000" postms="0.000" />
</gc-op>
<heap-resize id="278" type="expand" space="default" amount="2097152" count="1" timems="0.059" reason="excessive time being spent in gc" timestamp="2019-06-15T04:56:22.419" />
<gc-end id="279" type="partial gc" contextid="273" durationms="4.049" usertimems="4.000" systemtimems="0.000" timestamp="2019-06-15T04:56:22.419" activeThreads="1">
  <mem-info id="280" free="34603008" total="57671680" percent="60">
    <mem type="eden" free="407384" total="1048576" percent="38" />
    <remembered-set count="13056" freebytes="2249856" totalbytes="2302080" percent="97" regionsoverflowed="0" regionsstable="1" regionsrebuilding="0"/>
  </mem-info>
</gc-end>
<cycle-end id="281" type="partial gc" contextid="273" timestamp="2019-06-15T04:56:22.419" />
  <attribute name="elasticGC enabled" value="1" />
  <attribute name= "numThreadsSpecified" value="1" />
  <attribute name="heapSize specified" value="0" />
  <attribute name="Current GC Util" value="57" />
  <attribute name= "Current Time Running" value="990" />
  <attribute name ="GC Interval" value="0" />
  <attribute name="ProportionalT" value="18.500000" />
  <attribute name="ProportionalI" value="18.500000" />
  <attribute name="ProportionalH" value="18.500000" />
  <attribute name="Current Error" value="37.000000" />
  <attribute name="IntegralT" value="0.000000" />
  <attribute name="IntegralI" value="0.000000" />
  <attribute name="IntegralH" value="0.000000" />
  <attribute name="DerivativeT" value="inf" />
  <attribute name="DerivativeI" value="inf" />
  <attribute name="DerivativeH" value="inf" />
  <attribute name="Loop Time for DT" value="0.000000" />
  <attribute name="Output H" value="8388608"/>
  <attribute name="Output I" value="200"/>
  <attribute name="Output T" value="1"/>
  <attribute name="Target GC Util Change" value ="20.000000" />
  <attribute name="Current GC Util Change" value="57.000000"/>
  <attribute name="GC Util currently" value="57" />
  <attribute name="CPU Util currently" value="18070657539445" />
<exclusive-end id="282" timestamp="2019-06-15T04:56:22.419" durationms="4.898" />

<exclusive-start id="283" timestamp="2019-06-15T04:56:22.434" intervalms="19.708">
  <response-info timems="0.025" idlems="0.025" threads="0" lastid="00000000022C7500" lastname="Thread-7" />
</exclusive-start>
<allocation-taxation id="284" taxation-threshold="20971520" timestamp="2019-06-15T04:56:22.434" intervalms="19.688" />
<cycle-start id="285" type="partial gc" contextid="0" timestamp="2019-06-15T04:56:22.434" intervalms="19.682" />
<gc-start id="286" type="partial gc" contextid="285" timestamp="2019-06-15T04:56:22.435">
  <mem-info id="287" free="13631488" total="57671680" percent="23">
    <mem type="eden" free="0" total="20971520" percent="0" />
    <remembered-set count="12736" freebytes="2251136" totalbytes="2302080" percent="97" regionsoverflowed="0" regionsstable="1" regionsrebuilding="0"/>
  </mem-info>
</gc-start>
<allocation-stats totalBytes="20968872" >
  <allocated-bytes non-tlh="0" tlh="20968872" arrayletleaf="0"/>
  <largest-consumer threadName="Thread-7" threadId="00000000022C7500" bytes="6310984" />
</allocation-stats>
<gc-op id="288" type="copy forward" timems="1.994" contextid="285" timestamp="2019-06-15T04:56:22.437">
  <memory-copied type="eden" objects="3881" bytes="94712" bytesdiscarded="25152" />
  <memory-copied type="other" objects="14956" bytes="633696" bytesdiscarded="40304" />
  <memory-cardclean objects="6751" bytes="367360" />
  <regions eden="20" other="1" />
  <remembered-set-cleared processed="10085" cleared="664" durationms="0.100" />
  <stringconstants candidates="4597" cleared="0"  />
</gc-op>
<gc-op id="289" type="classunload" timems="0.002" contextid="285" timestamp="2019-06-15T04:56:22.437">
  <classunload-info classloadercandidates="8" classloadersunloaded="0" classesunloaded="0" anonymousclassesunloaded="0" quiescems="0.000" setupms="0.002" scanms="0.000" postms="0.000" />
</gc-op>
<heap-resize id="290" type="expand" space="default" amount="5242880" count="1" timems="0.075" reason="excessive time being spent in gc" timestamp="2019-06-15T04:56:22.438" />
<gc-end id="291" type="partial gc" contextid="285" durationms="3.297" usertimems="8.000" systemtimems="0.000" timestamp="2019-06-15T04:56:22.438" activeThreads="4">
  <mem-info id="292" free="37748736" total="62914560" percent="60">
    <mem type="eden" free="1977288" total="2097152" percent="94" />
    <remembered-set count="13568" freebytes="2457088" totalbytes="2511360" percent="97" regionsoverflowed="0" regionsstable="1" regionsrebuilding="0"/>
  </mem-info>
</gc-end>
<cycle-end id="293" type="partial gc" contextid="285" timestamp="2019-06-15T04:56:22.438" />
  <attribute name="elasticGC enabled" value="1" />
  <attribute name= "numThreadsSpecified" value="4" />
  <attribute name="heapSize specified" value="0" />
  <attribute name="Current GC Util" value="65" />
  <attribute name= "Current Time Running" value="1010" />
  <attribute name ="GC Interval" value="0" />
  <attribute name="ProportionalT" value="22.500000" />
  <attribute name="ProportionalI" value="22.500000" />
  <attribute name="ProportionalH" value="22.500000" />
  <attribute name="Current Error" value="45.000000" />
  <attribute name="IntegralT" value="45.000000" />
  <attribute name="IntegralI" value="45.000000" />
  <attribute name="IntegralH" value="45.000000" />
  <attribute name="DerivativeT" value="67.500000" />
  <attribute name="DerivativeI" value="67.500000" />
  <attribute name="DerivativeH" value="67.500000" />
  <attribute name="Loop Time for DT" value="1.000000" />
  <attribute name="Output H" value="8388608"/>
  <attribute name="Output I" value="200"/>
  <attribute name="Output T" value="4"/>
  <attribute name="Target GC Util Change" value ="20.000000" />
  <attribute name="Current GC Util Change" value="65.000000"/>
  <attribute name="GC Util currently" value="65" />
  <attribute name="CPU Util currently" value="17478902286367" />
<exclusive-end id="294" timestamp="2019-06-15T04:56:22.438" durationms="4.035" />

<exclusive-start id="295" timestamp="2019-06-15T04:56:22.453" intervalms="18.360">
  <response-info timems="0.023" idlems="0.023" threads="0" lastid="00000000022C3900" lastname="Thread-8" />
</exclusive-start>
<allocation-taxation id="296" taxation-threshold="22020096" timestamp="2019-06-15T04:56:22.453" intervalms="18.358" />
<cycle-start id="297" type="partial gc" contextid="0" timestamp="2019-06-15T04:56:22.453" intervalms="18.406" />
<gc-start id="298" type="partial gc" contextid="297" timestamp="2019-06-15T04:56:22.453">
  <mem-info id="299" free="15728640" total="62914560" percent="25">
    <mem type="eden" free="0" total="22020096" percent="0" />
    <remembered-set count="13472" freebytes="2457472" totalbytes="2511360" percent="97" regionsoverflowed="0" regionsstable="1" regionsrebuilding="0"/>
  </mem-info>
</gc-start>
<allocation-stats totalBytes="22017576" >
  <allocated-bytes non-tlh="0" tlh="22017576" arrayletleaf="0"/>
  <largest-consumer threadName="Thread-8" threadId="00000000022C3900" bytes="5950704" />
</allocation-stats>
<gc-op id="300" type="copy forward" timems="3.483" contextid="297" timestamp="2019-06-15T04:56:22.457">
  <memory-copied type="eden" objects="9768" bytes="373360" bytesdiscarded="0" />
  <memory-copied type="other" objects="18528" bytes="719424" bytesdiscarded="0" />
  <memory-cardclean objects="9004" bytes="460096" />
  <regions eden="21" other="3" />
  <remembered-set-cleared processed="10268" cleared="955" durationms="0.152" />
  <stringconstants candidates="4597" cleared="0"  />
</gc-op>
<gc-op id="301" type="classunload" timems="0.002" contextid="297" timestamp="2019-06-15T04:56:22.457">
  <classunload-info classloadercandidates="8" classloadersunloaded="0" classesunloaded="0" anonymousclassesunloaded="0" quiescems="0.000" setupms="0.002" scanms="0.000" postms="0.000" />
</gc-op>
<gc-end id="302" type="partial gc" contextid="297" durationms="4.423" usertimems="4.000" systemtimems="0.000" timestamp="2019-06-15T04:56:22.457" activeThreads="1">
  <mem-info id="303" free="37748736" total="62914560" percent="60">
    <mem type="eden" free="675216" total="1048576" percent="64" />
    <remembered-set count="14176" freebytes="2454656" totalbytes="2511360" percent="97" regionsoverflowed="0" regionsstable="1" regionsrebuilding="0"/>
  </mem-info>
</gc-end>
<cycle-end id="304" type="partial gc" contextid="297" timestamp="2019-06-15T04:56:22.458" />
  <attribute name="elasticGC enabled" value="1" />
  <attribute name= "numThreadsSpecified" value="1" />
  <attribute name="heapSize specified" value="0" />
  <attribute name="Current GC Util" value="56" />
  <attribute name= "Current Time Running" value="1028" />
  <attribute name ="GC Interval" value="0" />
  <attribute name="ProportionalT" value="18.000000" />
  <attribute name="ProportionalI" value="18.000000" />
  <attribute name="ProportionalH" value="18.000000" />
  <attribute name="Current Error" value="36.000000" />
  <attribute name="IntegralT" value="0.000000" />
  <attribute name="IntegralI" value="0.000000" />
  <attribute name="IntegralH" value="0.000000" />
  <attribute name="DerivativeT" value="inf" />
  <attribute name="DerivativeI" value="inf" />
  <attribute name="DerivativeH" value="inf" />
  <attribute name="Loop Time for DT" value="0.000000" />
  <attribute name="Output H" value="8388608"/>
  <attribute name="Output I" value="200"/>
  <attribute name="Output T" value="1"/>
  <attribute name="Target GC Util Change" value ="20.000000" />
  <attribute name="Current GC Util Change" value="56.000000"/>
  <attribute name="GC Util currently" value="56" />
  <attribute name="CPU Util currently" value="19132371736847" />
<exclusive-end id="305" timestamp="2019-06-15T04:56:22.458" durationms="5.351" />

<exclusive-start id="306" timestamp="2019-06-15T04:56:22.474" intervalms="21.071">
  <response-info timems="0.483" idlems="0.243" threads="1" lastid="00000000022CB100" lastname="Thread-9" />
</exclusive-start>
<allocation-taxation id="307" taxation-threshold="22020096" timestamp="2019-06-15T04:56:22.474" intervalms="21.067" />
<cycle-start id="308" type="partial gc" contextid="0" timestamp="2019-06-15T04:56:22.474" intervalms="21.142" />
<gc-start id="309" type="partial gc" contextid="308" timestamp="2019-06-15T04:56:22.474">
  <mem-info id="310" free="15728640" total="62914560" percent="25">
    <mem type="eden" free="0" total="22020096" percent="0" />
    <remembered-set count="13984" freebytes="2455424" totalbytes="2511360" percent="97" regionsoverflowed="0" regionsstable="1" regionsrebuilding="0"/>
  </mem-info>
</gc-start>
<allocation-stats totalBytes="22016912" >
  <allocated-bytes non-tlh="0" tlh="22016912" arrayletleaf="0"/>
  <largest-consumer threadName="Thread-7" threadId="00000000022C7500" bytes="5995840" />
</allocation-stats>
<gc-op id="311" type="copy forward" timems="2.407" contextid="308" timestamp="2019-06-15T04:56:22.477">
  <memory-copied type="eden" objects="10156" bytes="382272" bytesdiscarded="0" />
  <memory-copied type="other" objects="9461" bytes="364440" bytesdiscarded="0" />
  <memory-cardclean objects="7414" bytes="421672" />
  <regions eden="21" other="1" />
  <remembered-set-cleared processed="11526" cleared="697" durationms="0.159" />
  <stringconstants candidates="4597" cleared="0"  />
</gc-op>
<gc-op id="312" type="classunload" timems="0.002" contextid="308" timestamp="2019-06-15T04:56:22.478">
  <classunload-info classloadercandidates="8" classloadersunloaded="0" classesunloaded="0" anonymousclassesunloaded="0" quiescems="0.000" setupms="0.002" scanms="0.000" postms="0.000" />
</gc-op>
<heap-resize id="313" type="expand" space="default" amount="3145728" count="1" timems="0.068" reason="excessive time being spent in gc" timestamp="2019-06-15T04:56:22.478" />
<gc-end id="314" type="partial gc" contextid="308" durationms="3.798" usertimems="4.000" systemtimems="0.000" timestamp="2019-06-15T04:56:22.478" activeThreads="1">
  <mem-info id="315" free="39845888" total="66060288" percent="60">
    <mem type="eden" free="666304" total="1048576" percent="63" />
    <remembered-set count="14720" freebytes="2578048" totalbytes="2636928" percent="97" regionsoverflowed="0" regionsstable="1" regionsrebuilding="0"/>
  </mem-info>
</gc-end>
<cycle-end id="316" type="partial gc" contextid="308" timestamp="2019-06-15T04:56:22.478" />
  <attribute name="elasticGC enabled" value="1" />
  <attribute name= "numThreadsSpecified" value="1" />
  <attribute name="heapSize specified" value="0" />
  <attribute name="Current GC Util" value="65" />
  <attribute name= "Current Time Running" value="1049" />
  <attribute name ="GC Interval" value="0" />
  <attribute name="ProportionalT" value="22.500000" />
  <attribute name="ProportionalI" value="22.500000" />
  <attribute name="ProportionalH" value="22.500000" />
  <attribute name="Current Error" value="45.000000" />
  <attribute name="IntegralT" value="0.000000" />
  <attribute name="IntegralI" value="0.000000" />
  <attribute name="IntegralH" value="0.000000" />
  <attribute name="DerivativeT" value="inf" />
  <attribute name="DerivativeI" value="inf" />
  <attribute name="DerivativeH" value="inf" />
  <attribute name="Loop Time for DT" value="0.000000" />
  <attribute name="Output H" value="8388608"/>
  <attribute name="Output I" value="200"/>
  <attribute name="Output T" value="1"/>
  <attribute name="Target GC Util Change" value ="20.000000" />
  <attribute name="Current GC Util Change" value="65.000000"/>
  <attribute name="GC Util currently" value="65" />
  <attribute name="CPU Util currently" value="18218718581094" />
<exclusive-end id="317" timestamp="2019-06-15T04:56:22.478" durationms="4.845" />

<exclusive-start id="318" timestamp="2019-06-15T04:56:22.502" intervalms="28.736">
  <response-info timems="0.367" idlems="0.367" threads="0" lastid="00000000022BFD00" lastname="Thread-10" />
</exclusive-start>
<allocation-taxation id="319" taxation-threshold="23068672" timestamp="2019-06-15T04:56:22.502" intervalms="28.700" />
<cycle-start id="320" type="partial gc" contextid="0" timestamp="2019-06-15T04:56:22.503" intervalms="28.551" />
<gc-start id="321" type="partial gc" contextid="320" timestamp="2019-06-15T04:56:22.503">
  <mem-info id="322" free="16777216" total="66060288" percent="25">
    <mem type="eden" free="0" total="23068672" percent="0" />
    <remembered-set count="14688" freebytes="2578176" totalbytes="2636928" percent="97" regionsoverflowed="0" regionsstable="1" regionsrebuilding="0"/>
  </mem-info>
</gc-start>
<allocation-stats totalBytes="23065616" >
  <allocated-bytes non-tlh="0" tlh="23065616" arrayletleaf="0"/>
  <largest-consumer threadName="Thread-10" threadId="00000000022BFD00" bytes="7932856" />
</allocation-stats>
<gc-op id="323" type="copy forward" timems="2.172" contextid="320" timestamp="2019-06-15T04:56:22.506">
  <memory-copied type="eden" objects="3311" bytes="80984" bytesdiscarded="0" />
  <memory-copied type="other" objects="9940" bytes="375936" bytesdiscarded="0" />
  <memory-cardclean objects="6417" bytes="346936" />
  <regions eden="22" other="1" />
  <remembered-set-cleared processed="12384" cleared="503" durationms="0.179" />
  <stringconstants candidates="4597" cleared="0"  />
</gc-op>
<gc-op id="324" type="classunload" timems="0.002" contextid="320" timestamp="2019-06-15T04:56:22.506">
  <classunload-info classloadercandidates="8" classloadersunloaded="0" classesunloaded="0" anonymousclassesunloaded="0" quiescems="0.000" setupms="0.002" scanms="0.000" postms="0.000" />
</gc-op>
<heap-resize id="325" type="expand" space="default" amount="2097152" count="1" timems="0.069" reason="excessive time being spent in gc" timestamp="2019-06-15T04:56:22.506" />
<gc-end id="326" type="partial gc" contextid="320" durationms="3.417" usertimems="0.000" systemtimems="4.000" timestamp="2019-06-15T04:56:22.506" activeThreads="1">
  <mem-info id="327" free="40894464" total="68157440" percent="60">
    <mem type="eden" free="967592" total="1048576" percent="92" />
    <remembered-set count="15776" freebytes="2657536" totalbytes="2720640" percent="97" regionsoverflowed="0" regionsstable="1" regionsrebuilding="0"/>
  </mem-info>
</gc-end>
<cycle-end id="328" type="partial gc" contextid="320" timestamp="2019-06-15T04:56:22.506" />
  <attribute name="elasticGC enabled" value="1" />
  <attribute name= "numThreadsSpecified" value="1" />
  <attribute name="heapSize specified" value="0" />
  <attribute name="Current GC Util" value="51" />
  <attribute name= "Current Time Running" value="1078" />
  <attribute name ="GC Interval" value="0" />
  <attribute name="ProportionalT" value="15.500000" />
  <attribute name="ProportionalI" value="15.500000" />
  <attribute name="ProportionalH" value="15.500000" />
  <attribute name="Current Error" value="31.000000" />
  <attribute name="IntegralT" value="0.000000" />
  <attribute name="IntegralI" value="0.000000" />
  <attribute name="IntegralH" value="0.000000" />
  <attribute name="DerivativeT" value="inf" />
  <attribute name="DerivativeI" value="inf" />
  <attribute name="DerivativeH" value="inf" />
  <attribute name="Loop Time for DT" value="0.000000" />
  <attribute name="Output H" value="8388608"/>
  <attribute name="Output I" value="200"/>
  <attribute name="Output T" value="1"/>
  <attribute name="Target GC Util Change" value ="20.000000" />
  <attribute name="Current GC Util Change" value="51.000000"/>
  <attribute name="GC Util currently" value="51" />
  <attribute name="CPU Util currently" value="16129964938467" />
<exclusive-end id="329" timestamp="2019-06-15T04:56:22.507" durationms="4.167" />

<exclusive-start id="330" timestamp="2019-06-15T04:56:22.526" intervalms="23.213">
  <response-info timems="0.029" idlems="0.029" threads="0" lastid="00000000022C3900" lastname="Thread-8" />
</exclusive-start>
<allocation-taxation id="331" taxation-threshold="24117248" timestamp="2019-06-15T04:56:22.526" intervalms="23.174" />
<cycle-start id="332" type="partial gc" contextid="0" timestamp="2019-06-15T04:56:22.526" intervalms="23.174" />
<gc-start id="333" type="partial gc" contextid="332" timestamp="2019-06-15T04:56:22.526">
  <mem-info id="334" free="16777216" total="68157440" percent="24">
    <mem type="eden" free="0" total="24117248" percent="0" />
    <remembered-set count="15456" freebytes="2658816" totalbytes="2720640" percent="97" regionsoverflowed="0" regionsstable="1" regionsrebuilding="0"/>
  </mem-info>
</gc-start>
<allocation-stats totalBytes="24114360" >
  <allocated-bytes non-tlh="0" tlh="24114360" arrayletleaf="0"/>
  <largest-consumer threadName="Thread-9" threadId="00000000022CB100" bytes="8993608" />
</allocation-stats>
<gc-op id="335" type="copy forward" timems="1.606" contextid="332" timestamp="2019-06-15T04:56:22.528">
  <memory-copied type="eden" objects="2338" bytes="57200" bytesdiscarded="0" />
  <memory-copied type="other" objects="2953" bytes="70872" bytesdiscarded="0" />
  <memory-cardclean objects="7522" bytes="396136" />
  <regions eden="23" other="1" />
  <remembered-set-cleared processed="13020" cleared="566" durationms="0.175" />
  <stringconstants candidates="4597" cleared="0"  />
</gc-op>
<gc-op id="336" type="classunload" timems="0.002" contextid="332" timestamp="2019-06-15T04:56:22.528">
  <classunload-info classloadercandidates="8" classloadersunloaded="0" classesunloaded="0" anonymousclassesunloaded="0" quiescems="0.000" setupms="0.002" scanms="0.000" postms="0.000" />
</gc-op>
<heap-resize id="337" type="expand" space="default" amount="3145728" count="1" timems="0.064" reason="excessive time being spent in gc" timestamp="2019-06-15T04:56:22.529" />
<gc-end id="338" type="partial gc" contextid="332" durationms="2.782" usertimems="4.000" systemtimems="0.000" timestamp="2019-06-15T04:56:22.529" activeThreads="1">
  <mem-info id="339" free="42991616" total="71303168" percent="60">
    <mem type="eden" free="991376" total="1048576" percent="94" />
    <remembered-set count="16352" freebytes="2780800" totalbytes="2846208" percent="97" regionsoverflowed="0" regionsstable="1" regionsrebuilding="0"/>
  </mem-info>
</gc-end>
<cycle-end id="340" type="partial gc" contextid="332" timestamp="2019-06-15T04:56:22.529" />
  <attribute name="elasticGC enabled" value="1" />
  <attribute name= "numThreadsSpecified" value="1" />
  <attribute name="heapSize specified" value="0" />
  <attribute name="Current GC Util" value="44" />
  <attribute name= "Current Time Running" value="1101" />
  <attribute name ="GC Interval" value="0" />
  <attribute name="ProportionalT" value="12.000000" />
  <attribute name="ProportionalI" value="12.000000" />
  <attribute name="ProportionalH" value="12.000000" />
  <attribute name="Current Error" value="24.000000" />
  <attribute name="IntegralT" value="0.000000" />
  <attribute name="IntegralI" value="0.000000" />
  <attribute name="IntegralH" value="0.000000" />
  <attribute name="DerivativeT" value="inf" />
  <attribute name="DerivativeI" value="inf" />
  <attribute name="DerivativeH" value="inf" />
  <attribute name="Loop Time for DT" value="0.000000" />
  <attribute name="Output H" value="8388608"/>
  <attribute name="Output I" value="200"/>
  <attribute name="Output T" value="1"/>
  <attribute name="Target GC Util Change" value ="20.000000" />
  <attribute name="Current GC Util Change" value="44.000000"/>
  <attribute name="GC Util currently" value="44" />
  <attribute name="CPU Util currently" value="13194303104946" />
<exclusive-end id="341" timestamp="2019-06-15T04:56:22.529" durationms="3.341" />

<exclusive-start id="342" timestamp="2019-06-15T04:56:22.548" intervalms="22.121">
  <response-info timems="0.045" idlems="0.045" threads="0" lastid="00000000022C7500" lastname="Thread-7" />
</exclusive-start>
<allocation-taxation id="343" taxation-threshold="24117248" timestamp="2019-06-15T04:56:22.548" intervalms="22.154" />
<cycle-start id="344" type="partial gc" contextid="0" timestamp="2019-06-15T04:56:22.548" intervalms="22.187" />
<gc-start id="345" type="partial gc" contextid="344" timestamp="2019-06-15T04:56:22.548">
  <mem-info id="346" free="18874368" total="71303168" percent="26">
    <mem type="eden" free="0" total="24117248" percent="0" />
    <remembered-set count="16128" freebytes="2781696" totalbytes="2846208" percent="97" regionsoverflowed="0" regionsstable="1" regionsrebuilding="0"/>
  </mem-info>
</gc-start>
<allocation-stats totalBytes="24114336" >
  <allocated-bytes non-tlh="0" tlh="24114336" arrayletleaf="0"/>
  <largest-consumer threadName="Thread-8" threadId="00000000022C3900" bytes="9702224" />
</allocation-stats>
<gc-op id="347" type="copy forward" timems="2.042" contextid="344" timestamp="2019-06-15T04:56:22.551">
  <memory-copied type="eden" objects="10169" bytes="382680" bytesdiscarded="0" />
  <memory-copied type="other" objects="2150" bytes="51600" bytesdiscarded="0" />
  <memory-cardclean objects="8345" bytes="420400" />
  <regions eden="23" other="1" />
  <remembered-set-cleared processed="13781" cleared="760" durationms="0.179" />
  <stringconstants candidates="4597" cleared="0"  />
</gc-op>
<gc-op id="348" type="classunload" timems="0.002" contextid="344" timestamp="2019-06-15T04:56:22.551">
  <classunload-info classloadercandidates="8" classloadersunloaded="0" classesunloaded="0" anonymousclassesunloaded="0" quiescems="0.000" setupms="0.002" scanms="0.000" postms="0.000" />
</gc-op>
<heap-resize id="349" type="expand" space="default" amount="2097152" count="1" timems="0.060" reason="excessive time being spent in gc" timestamp="2019-06-15T04:56:22.551" />
<gc-end id="350" type="partial gc" contextid="344" durationms="3.270" usertimems="0.000" systemtimems="0.000" timestamp="2019-06-15T04:56:22.551" activeThreads="1">
  <mem-info id="351" free="44040192" total="73400320" percent="60">
    <mem type="eden" free="665896" total="1048576" percent="63" />
    <remembered-set count="16960" freebytes="2862080" totalbytes="2929920" percent="97" regionsoverflowed="0" regionsstable="1" regionsrebuilding="0"/>
  </mem-info>
</gc-end>
<cycle-end id="352" type="partial gc" contextid="344" timestamp="2019-06-15T04:56:22.552" />
  <attribute name="elasticGC enabled" value="1" />
  <attribute name= "numThreadsSpecified" value="1" />
  <attribute name="heapSize specified" value="0" />
  <attribute name="Current GC Util" value="67" />
  <attribute name= "Current Time Running" value="1123" />
  <attribute name ="GC Interval" value="0" />
  <attribute name="ProportionalT" value="23.500000" />
  <attribute name="ProportionalI" value="23.500000" />
  <attribute name="ProportionalH" value="23.500000" />
  <attribute name="Current Error" value="47.000000" />
  <attribute name="IntegralT" value="0.000000" />
  <attribute name="IntegralI" value="0.000000" />
  <attribute name="IntegralH" value="0.000000" />
  <attribute name="DerivativeT" value="inf" />
  <attribute name="DerivativeI" value="inf" />
  <attribute name="DerivativeH" value="inf" />
  <attribute name="Loop Time for DT" value="0.000000" />
  <attribute name="Output H" value="8388608"/>
  <attribute name="Output I" value="200"/>
  <attribute name="Output T" value="1"/>
  <attribute name="Target GC Util Change" value ="20.000000" />
  <attribute name="Current GC Util Change" value="67.000000"/>
  <attribute name="GC Util currently" value="67" />
  <attribute name="CPU Util currently" value="21570900760921" />
<exclusive-end id="353" timestamp="2019-06-15T04:56:22.552" durationms="4.128" />

<exclusive-start id="354" timestamp="2019-06-15T04:56:22.573" intervalms="25.800">
  <response-info timems="0.038" idlems="0.038" threads="0" lastid="00000000022BFD00" lastname="Thread-10" />
</exclusive-start>
<allocation-taxation id="355" taxation-threshold="25165824" timestamp="2019-06-15T04:56:22.574" intervalms="25.819" />
<cycle-start id="356" type="partial gc" contextid="0" timestamp="2019-06-15T04:56:22.574" intervalms="25.947" />
<gc-start id="357" type="partial gc" contextid="356" timestamp="2019-06-15T04:56:22.574">
  <mem-info id="358" free="18874368" total="73400320" percent="25">
    <mem type="eden" free="0" total="25165824" percent="0" />
    <remembered-set count="16864" freebytes="2862464" totalbytes="2929920" percent="97" regionsoverflowed="0" regionsstable="2" regionsrebuilding="0"/>
  </mem-info>
</gc-start>
<allocation-stats totalBytes="25162560" >
  <allocated-bytes non-tlh="0" tlh="25162560" arrayletleaf="0"/>
  <largest-consumer threadName="Thread-8" threadId="00000000022C3900" bytes="9608128" />
</allocation-stats>
<gc-op id="359" type="copy forward" timems="2.094" contextid="356" timestamp="2019-06-15T04:56:22.577">
  <memory-copied type="eden" objects="8157" bytes="334208" bytesdiscarded="0" />
  <memory-copied type="other" objects="4449" bytes="106776" bytesdiscarded="0" />
  <memory-cardclean objects="7160" bytes="367888" />
  <regions eden="24" other="1" />
  <remembered-set-cleared processed="14442" cleared="902" durationms="0.186" />
  <stringconstants candidates="4597" cleared="0"  />
</gc-op>
<gc-op id="360" type="classunload" timems="0.002" contextid="356" timestamp="2019-06-15T04:56:22.577">
  <classunload-info classloadercandidates="8" classloadersunloaded="0" classesunloaded="0" anonymousclassesunloaded="0" quiescems="0.000" setupms="0.002" scanms="0.000" postms="0.000" />
</gc-op>
<heap-resize id="361" type="expand" space="default" amount="3145728" count="1" timems="0.065" reason="excessive time being spent in gc" timestamp="2019-06-15T04:56:22.577" />
<gc-end id="362" type="partial gc" contextid="356" durationms="3.313" usertimems="8.000" systemtimems="0.000" timestamp="2019-06-15T04:56:22.577" activeThreads="1">
  <mem-info id="363" free="46137344" total="76546048" percent="60">
    <mem type="eden" free="714368" total="1048576" percent="68" />
    <remembered-set count="17440" freebytes="2985728" totalbytes="3055488" percent="97" regionsoverflowed="0" regionsstable="2" regionsrebuilding="0"/>
  </mem-info>
</gc-end>
<cycle-end id="364" type="partial gc" contextid="356" timestamp="2019-06-15T04:56:22.578" />
  <attribute name="elasticGC enabled" value="1" />
  <attribute name= "numThreadsSpecified" value="1" />
  <attribute name="heapSize specified" value="0" />
  <attribute name="Current GC Util" value="57" />
  <attribute name= "Current Time Running" value="1149" />
  <attribute name ="GC Interval" value="0" />
  <attribute name="ProportionalT" value="18.500000" />
  <attribute name="ProportionalI" value="18.500000" />
  <attribute name="ProportionalH" value="18.500000" />
  <attribute name="Current Error" value="37.000000" />
  <attribute name="IntegralT" value="0.000000" />
  <attribute name="IntegralI" value="0.000000" />
  <attribute name="IntegralH" value="0.000000" />
  <attribute name="DerivativeT" value="inf" />
  <attribute name="DerivativeI" value="inf" />
  <attribute name="DerivativeH" value="inf" />
  <attribute name="Loop Time for DT" value="0.000000" />
  <attribute name="Output H" value="8388608"/>
  <attribute name="Output I" value="200"/>
  <attribute name="Output T" value="1"/>
  <attribute name="Target GC Util Change" value ="20.000000" />
  <attribute name="Current GC Util Change" value="57.000000"/>
  <attribute name="GC Util currently" value="57" />
  <attribute name="CPU Util currently" value="17643742072411" />
<exclusive-end id="365" timestamp="2019-06-15T04:56:22.578" durationms="4.222" />

<exclusive-start id="366" timestamp="2019-06-15T04:56:22.607" intervalms="33.797">
  <response-info timems="0.046" idlems="0.046" threads="0" lastid="00000000022C3900" lastname="Thread-8" />
</exclusive-start>
<allocation-taxation id="367" taxation-threshold="26214400" timestamp="2019-06-15T04:56:22.607" intervalms="33.798" />
<cycle-start id="368" type="partial gc" contextid="0" timestamp="2019-06-15T04:56:22.608" intervalms="33.673" />
<gc-start id="369" type="partial gc" contextid="368" timestamp="2019-06-15T04:56:22.608">
  <mem-info id="370" free="19922944" total="76546048" percent="26">
    <mem type="eden" free="0" total="26214400" percent="0" />
    <remembered-set count="17280" freebytes="2986368" totalbytes="3055488" percent="97" regionsoverflowed="0" regionsstable="2" regionsrebuilding="0"/>
  </mem-info>
</gc-start>
<allocation-stats totalBytes="26211384" >
  <allocated-bytes non-tlh="0" tlh="26211384" arrayletleaf="0"/>
  <largest-consumer threadName="Thread-10" threadId="00000000022BFD00" bytes="8584224" />
</allocation-stats>
<gc-op id="371" type="copy forward" timems="2.207" contextid="368" timestamp="2019-06-15T04:56:22.611">
  <memory-copied type="eden" objects="17293" bytes="691048" bytesdiscarded="63928" />
  <memory-copied type="other" objects="7955" bytes="328296" bytesdiscarded="24728" />
  <memory-cardclean objects="3869" bytes="209632" />
  <regions eden="25" other="1" />
  <remembered-set-cleared processed="15130" cleared="681" durationms="0.124" />
  <stringconstants candidates="4597" cleared="0"  />
</gc-op>
<gc-op id="372" type="classunload" timems="0.002" contextid="368" timestamp="2019-06-15T04:56:22.611">
  <classunload-info classloadercandidates="8" classloadersunloaded="0" classesunloaded="0" anonymousclassesunloaded="0" quiescems="0.000" setupms="0.002" scanms="0.000" postms="0.000" />
</gc-op>
<heap-resize id="373" type="expand" space="default" amount="2097152" count="1" timems="0.060" reason="excessive time being spent in gc" timestamp="2019-06-15T04:56:22.611" />
<gc-end id="374" type="partial gc" contextid="368" durationms="3.395" usertimems="8.000" systemtimems="0.000" timestamp="2019-06-15T04:56:22.611" activeThreads="4">
  <mem-info id="375" free="47185920" total="78643200" percent="60">
    <mem type="eden" free="293600" total="1048576" percent="27" />
    <remembered-set count="19168" freebytes="3062528" totalbytes="3139200" percent="97" regionsoverflowed="0" regionsstable="2" regionsrebuilding="0"/>
  </mem-info>
</gc-end>
<cycle-end id="376" type="partial gc" contextid="368" timestamp="2019-06-15T04:56:22.611" />
  <attribute name="elasticGC enabled" value="1" />
  <attribute name= "numThreadsSpecified" value="4" />
  <attribute name="heapSize specified" value="0" />
  <attribute name="Current GC Util" value="65" />
  <attribute name= "Current Time Running" value="1183" />
  <attribute name ="GC Interval" value="0" />
  <attribute name="ProportionalT" value="22.500000" />
  <attribute name="ProportionalI" value="22.500000" />
  <attribute name="ProportionalH" value="22.500000" />
  <attribute name="Current Error" value="45.000000" />
  <attribute name="IntegralT" value="45.000000" />
  <attribute name="IntegralI" value="45.000000" />
  <attribute name="IntegralH" value="45.000000" />
  <attribute name="DerivativeT" value="67.500000" />
  <attribute name="DerivativeI" value="67.500000" />
  <attribute name="DerivativeH" value="67.500000" />
  <attribute name="Loop Time for DT" value="1.000000" />
  <attribute name="Output H" value="8388608"/>
  <attribute name="Output I" value="200"/>
  <attribute name="Output T" value="4"/>
  <attribute name="Target GC Util Change" value ="20.000000" />
  <attribute name="Current GC Util Change" value="65.000000"/>
  <attribute name="GC Util currently" value="65" />
  <attribute name="CPU Util currently" value="19651038291971" />
<exclusive-end id="377" timestamp="2019-06-15T04:56:22.612" durationms="4.286" />

<exclusive-start id="378" timestamp="2019-06-15T04:56:22.638" intervalms="30.445">
  <response-info timems="0.030" idlems="0.030" threads="0" lastid="00000000022C3900" lastname="Thread-8" />
</exclusive-start>
<allocation-taxation id="379" taxation-threshold="26214400" timestamp="2019-06-15T04:56:22.638" intervalms="30.426" />
<cycle-start id="380" type="partial gc" contextid="0" timestamp="2019-06-15T04:56:22.638" intervalms="30.420" />
<gc-start id="381" type="partial gc" contextid="380" timestamp="2019-06-15T04:56:22.638">
  <mem-info id="382" free="20971520" total="78643200" percent="26">
    <mem type="eden" free="0" total="26214400" percent="0" />
    <remembered-set count="19072" freebytes="3062912" totalbytes="3139200" percent="97" regionsoverflowed="0" regionsstable="2" regionsrebuilding="0"/>
  </mem-info>
</gc-start>
<allocation-stats totalBytes="26211240" >
  <allocated-bytes non-tlh="0" tlh="26211240" arrayletleaf="0"/>
  <largest-consumer threadName="Thread-8" threadId="00000000022C3900" bytes="7887912" />
</allocation-stats>
<gc-op id="383" type="copy forward" timems="2.948" contextid="380" timestamp="2019-06-15T04:56:22.642">
  <memory-copied type="eden" objects="7826" bytes="326464" bytesdiscarded="0" />
  <memory-copied type="other" objects="17049" bytes="683928" bytesdiscarded="0" />
  <memory-cardclean objects="6293" bytes="349072" />
  <regions eden="25" other="1" />
  <remembered-set-cleared processed="15734" cleared="617" durationms="0.199" />
  <stringconstants candidates="4597" cleared="0"  />
</gc-op>
<gc-op id="384" type="classunload" timems="0.003" contextid="380" timestamp="2019-06-15T04:56:22.642">
  <classunload-info classloadercandidates="8" classloadersunloaded="0" classesunloaded="0" anonymousclassesunloaded="0" quiescems="0.000" setupms="0.002" scanms="0.000" postms="0.000" />
</gc-op>
<heap-resize id="385" type="expand" space="default" amount="3145728" count="1" timems="0.065" reason="excessive time being spent in gc" timestamp="2019-06-15T04:56:22.642" />
<gc-end id="386" type="partial gc" contextid="380" durationms="4.057" usertimems="4.000" systemtimems="4.000" timestamp="2019-06-15T04:56:22.642" activeThreads="1">
  <mem-info id="387" free="49283072" total="81788928" percent="60">
    <mem type="eden" free="722112" total="1048576" percent="68" />
    <remembered-set count="19776" freebytes="3185664" totalbytes="3264768" percent="97" regionsoverflowed="0" regionsstable="2" regionsrebuilding="0"/>
  </mem-info>
</gc-end>
<cycle-end id="388" type="partial gc" contextid="380" timestamp="2019-06-15T04:56:22.642" />
  <attribute name="elasticGC enabled" value="1" />
  <attribute name= "numThreadsSpecified" value="1" />
  <attribute name="heapSize specified" value="0" />
  <attribute name="Current GC Util" value="51" />
  <attribute name= "Current Time Running" value="1213" />
  <attribute name ="GC Interval" value="0" />
  <attribute name="ProportionalT" value="15.500000" />
  <attribute name="ProportionalI" value="15.500000" />
  <attribute name="ProportionalH" value="15.500000" />
  <attribute name="Current Error" value="31.000000" />
  <attribute name="IntegralT" value="0.000000" />
  <attribute name="IntegralI" value="0.000000" />
  <attribute name="IntegralH" value="0.000000" />
  <attribute name="DerivativeT" value="inf" />
  <attribute name="DerivativeI" value="inf" />
  <attribute name="DerivativeH" value="inf" />
  <attribute name="Loop Time for DT" value="0.000000" />
  <attribute name="Output H" value="8388608"/>
  <attribute name="Output I" value="200"/>
  <attribute name="Output T" value="1"/>
  <attribute name="Target GC Util Change" value ="20.000000" />
  <attribute name="Current GC Util Change" value="51.000000"/>
  <attribute name="GC Util currently" value="51" />
  <attribute name="CPU Util currently" value="16845172445310" />
<exclusive-end id="389" timestamp="2019-06-15T04:56:22.642" durationms="4.701" />

<exclusive-start id="390" timestamp="2019-06-15T04:56:22.668" intervalms="30.647">
  <response-info timems="0.030" idlems="0.030" threads="0" lastid="00000000022C7500" lastname="Thread-7" />
</exclusive-start>
<allocation-taxation id="391" taxation-threshold="27262976" timestamp="2019-06-15T04:56:22.669" intervalms="30.697" />
<cycle-start id="392" type="partial gc" contextid="0" timestamp="2019-06-15T04:56:22.669" intervalms="30.700" />
<gc-start id="393" type="partial gc" contextid="392" timestamp="2019-06-15T04:56:22.669">
  <mem-info id="394" free="22020096" total="81788928" percent="26">
    <mem type="eden" free="0" total="27262976" percent="0" />
    <remembered-set count="19520" freebytes="3186688" totalbytes="3264768" percent="97" regionsoverflowed="0" regionsstable="2" regionsrebuilding="0"/>
  </mem-info>
</gc-start>
<allocation-stats totalBytes="27259696" >
  <allocated-bytes non-tlh="0" tlh="27259696" arrayletleaf="0"/>
  <largest-consumer threadName="Thread-8" threadId="00000000022C3900" bytes="7679184" />
</allocation-stats>
<gc-op id="395" type="copy forward" timems="2.437" contextid="392" timestamp="2019-06-15T04:56:22.672">
  <memory-copied type="eden" objects="9212" bytes="360064" bytesdiscarded="0" />
  <memory-copied type="other" objects="7574" bytes="319152" bytesdiscarded="0" />
  <memory-cardclean objects="4601" bytes="283048" />
  <regions eden="26" other="1" />
  <remembered-set-cleared processed="16515" cleared="665" durationms="0.203" />
  <stringconstants candidates="4597" cleared="0"  />
</gc-op>
<gc-op id="396" type="classunload" timems="0.002" contextid="392" timestamp="2019-06-15T04:56:22.672">
  <classunload-info classloadercandidates="8" classloadersunloaded="0" classesunloaded="0" anonymousclassesunloaded="0" quiescems="0.000" setupms="0.002" scanms="0.000" postms="0.000" />
</gc-op>
<heap-resize id="397" type="expand" space="default" amount="2097152" count="1" timems="0.058" reason="excessive time being spent in gc" timestamp="2019-06-15T04:56:22.672" />
<gc-end id="398" type="partial gc" contextid="392" durationms="3.496" usertimems="8.000" systemtimems="0.000" timestamp="2019-06-15T04:56:22.672" activeThreads="1">
  <mem-info id="399" free="50331648" total="83886080" percent="60">
    <mem type="eden" free="688512" total="1048576" percent="65" />
    <remembered-set count="20512" freebytes="3266432" totalbytes="3348480" percent="97" regionsoverflowed="0" regionsstable="2" regionsrebuilding="0"/>
  </mem-info>
</gc-end>
<cycle-end id="400" type="partial gc" contextid="392" timestamp="2019-06-15T04:56:22.673" />
  <attribute name="elasticGC enabled" value="1" />
  <attribute name= "numThreadsSpecified" value="1" />
  <attribute name="heapSize specified" value="0" />
  <attribute name="Current GC Util" value="60" />
  <attribute name= "Current Time Running" value="1244" />
  <attribute name ="GC Interval" value="0" />
  <attribute name="ProportionalT" value="20.000000" />
  <attribute name="ProportionalI" value="20.000000" />
  <attribute name="ProportionalH" value="20.000000" />
  <attribute name="Current Error" value="40.000000" />
  <attribute name="IntegralT" value="0.000000" />
  <attribute name="IntegralI" value="0.000000" />
  <attribute name="IntegralH" value="0.000000" />
  <attribute name="DerivativeT" value="inf" />
  <attribute name="DerivativeI" value="inf" />
  <attribute name="DerivativeH" value="inf" />
  <attribute name="Loop Time for DT" value="0.000000" />
  <attribute name="Output H" value="8388608"/>
  <attribute name="Output I" value="200"/>
  <attribute name="Output T" value="1"/>
  <attribute name="Target GC Util Change" value ="20.000000" />
  <attribute name="Current GC Util Change" value="60.000000"/>
  <attribute name="GC Util currently" value="60" />
  <attribute name="CPU Util currently" value="22024174825594" />
<exclusive-end id="401" timestamp="2019-06-15T04:56:22.673" durationms="4.386" />

<exclusive-start id="402" timestamp="2019-06-15T04:56:22.697" intervalms="28.840">
  <response-info timems="0.265" idlems="0.265" threads="0" lastid="00000000022CB100" lastname="Thread-9" />
</exclusive-start>
<allocation-taxation id="403" taxation-threshold="27262976" timestamp="2019-06-15T04:56:22.697" intervalms="28.815" />
<cycle-start id="404" type="partial gc" contextid="0" timestamp="2019-06-15T04:56:22.698" intervalms="28.894" />
<gc-start id="405" type="partial gc" contextid="404" timestamp="2019-06-15T04:56:22.698">
  <mem-info id="406" free="23068672" total="83886080" percent="27">
    <mem type="eden" free="0" total="27262976" percent="0" />
    <remembered-set count="20160" freebytes="3267840" totalbytes="3348480" percent="97" regionsoverflowed="0" regionsstable="2" regionsrebuilding="0"/>
  </mem-info>
</gc-start>
<allocation-stats totalBytes="27259160" >
  <allocated-bytes non-tlh="0" tlh="27259160" arrayletleaf="0"/>
  <largest-consumer threadName="Thread-7" threadId="00000000022C7500" bytes="8387424" />
</allocation-stats>
<gc-op id="407" type="copy forward" timems="2.088" contextid="404" timestamp="2019-06-15T04:56:22.701">
  <memory-copied type="eden" objects="2888" bytes="70768" bytesdiscarded="0" />
  <memory-copied type="other" objects="8898" bytes="350928" bytesdiscarded="0" />
  <memory-cardclean objects="5485" bytes="302536" />
  <regions eden="26" other="1" />
  <remembered-set-cleared processed="17118" cleared="706" durationms="0.221" />
  <stringconstants candidates="4597" cleared="0"  />
</gc-op>
<gc-op id="408" type="classunload" timems="0.002" contextid="404" timestamp="2019-06-15T04:56:22.701">
  <classunload-info classloadercandidates="8" classloadersunloaded="0" classesunloaded="0" anonymousclassesunloaded="0" quiescems="0.000" setupms="0.002" scanms="0.000" postms="0.000" />
</gc-op>
<heap-resize id="409" type="expand" space="default" amount="3145728" count="1" timems="0.074" reason="excessive time being spent in gc" timestamp="2019-06-15T04:56:22.701" />
<gc-end id="410" type="partial gc" contextid="404" durationms="3.387" usertimems="8.000" systemtimems="0.000" timestamp="2019-06-15T04:56:22.701" activeThreads="1">
  <mem-info id="411" free="52428800" total="87031808" percent="60">
    <mem type="eden" free="977808" total="1048576" percent="93" />
    <remembered-set count="21120" freebytes="3389568" totalbytes="3474048" percent="97" regionsoverflowed="0" regionsstable="2" regionsrebuilding="0"/>
  </mem-info>
</gc-end>
<cycle-end id="412" type="partial gc" contextid="404" timestamp="2019-06-15T04:56:22.701" />
  <attribute name="elasticGC enabled" value="1" />
  <attribute name= "numThreadsSpecified" value="1" />
  <attribute name="heapSize specified" value="0" />
  <attribute name="Current GC Util" value="53" />
  <attribute name= "Current Time Running" value="1273" />
  <attribute name ="GC Interval" value="0" />
  <attribute name="ProportionalT" value="16.500000" />
  <attribute name="ProportionalI" value="16.500000" />
  <attribute name="ProportionalH" value="16.500000" />
  <attribute name="Current Error" value="33.000000" />
  <attribute name="IntegralT" value="0.000000" />
  <attribute name="IntegralI" value="0.000000" />
  <attribute name="IntegralH" value="0.000000" />
  <attribute name="DerivativeT" value="inf" />
  <attribute name="DerivativeI" value="inf" />
  <attribute name="DerivativeH" value="inf" />
  <attribute name="Loop Time for DT" value="0.000000" />
  <attribute name="Output H" value="8388608"/>
  <attribute name="Output I" value="200"/>
  <attribute name="Output T" value="1"/>
  <attribute name="Target GC Util Change" value ="20.000000" />
  <attribute name="Current GC Util Change" value="53.000000"/>
  <attribute name="GC Util currently" value="53" />
  <attribute name="CPU Util currently" value="21237818116906" />
<exclusive-end id="413" timestamp="2019-06-15T04:56:22.702" durationms="4.405" />

<exclusive-start id="414" timestamp="2019-06-15T04:56:22.729" intervalms="32.175">
  <response-info timems="0.030" idlems="0.029" threads="1" lastid="00000000022BFD00" lastname="Thread-10" />
</exclusive-start>
<allocation-taxation id="415" taxation-threshold="28311552" timestamp="2019-06-15T04:56:22.730" intervalms="32.220" />
<cycle-start id="416" type="partial gc" contextid="0" timestamp="2019-06-15T04:56:22.730" intervalms="32.215" />
<gc-start id="417" type="partial gc" contextid="416" timestamp="2019-06-15T04:56:22.730">
  <mem-info id="418" free="24117248" total="87031808" percent="27">
    <mem type="eden" free="0" total="28311552" percent="0" />
    <remembered-set count="20896" freebytes="3390464" totalbytes="3474048" percent="97" regionsoverflowed="0" regionsstable="2" regionsrebuilding="0"/>
  </mem-info>
</gc-start>
<allocation-stats totalBytes="28307952" >
  <allocated-bytes non-tlh="0" tlh="28307952" arrayletleaf="0"/>
  <largest-consumer threadName="Thread-7" threadId="00000000022C7500" bytes="9161632" />
</allocation-stats>
<gc-op id="419" type="copy forward" timems="1.648" contextid="416" timestamp="2019-06-15T04:56:22.732">
  <memory-copied type="eden" objects="1970" bytes="48952" bytesdiscarded="0" />
  <memory-copied type="other" objects="2584" bytes="62016" bytesdiscarded="0" />
  <memory-cardclean objects="6639" bytes="353560" />
  <regions eden="27" other="1" />
  <remembered-set-cleared processed="17727" cleared="662" durationms="0.226" />
  <stringconstants candidates="4597" cleared="0"  />
</gc-op>
<gc-op id="420" type="classunload" timems="0.002" contextid="416" timestamp="2019-06-15T04:56:22.733">
  <classunload-info classloadercandidates="8" classloadersunloaded="0" classesunloaded="0" anonymousclassesunloaded="0" quiescems="0.000" setupms="0.002" scanms="0.000" postms="0.000" />
</gc-op>
<heap-resize id="421" type="expand" space="default" amount="2097152" count="1" timems="0.067" reason="excessive time being spent in gc" timestamp="2019-06-15T04:56:22.733" />
<gc-end id="422" type="partial gc" contextid="416" durationms="2.983" usertimems="8.000" systemtimems="0.000" timestamp="2019-06-15T04:56:22.733" activeThreads="1">
  <mem-info id="423" free="53477376" total="89128960" percent="60">
    <mem type="eden" free="999624" total="1048576" percent="95" />
    <remembered-set count="21728" freebytes="3470848" totalbytes="3557760" percent="97" regionsoverflowed="0" regionsstable="2" regionsrebuilding="0"/>
  </mem-info>
</gc-end>
<cycle-end id="424" type="partial gc" contextid="416" timestamp="2019-06-15T04:56:22.733" />
  <attribute name="elasticGC enabled" value="1" />
  <attribute name= "numThreadsSpecified" value="1" />
  <attribute name="heapSize specified" value="0" />
  <attribute name="Current GC Util" value="55" />
  <attribute name= "Current Time Running" value="1305" />
  <attribute name ="GC Interval" value="0" />
  <attribute name="ProportionalT" value="17.500000" />
  <attribute name="ProportionalI" value="17.500000" />
  <attribute name="ProportionalH" value="17.500000" />
  <attribute name="Current Error" value="35.000000" />
  <attribute name="IntegralT" value="0.000000" />
  <attribute name="IntegralI" value="0.000000" />
  <attribute name="IntegralH" value="0.000000" />
  <attribute name="DerivativeT" value="inf" />
  <attribute name="DerivativeI" value="inf" />
  <attribute name="DerivativeH" value="inf" />
  <attribute name="Loop Time for DT" value="0.000000" />
  <attribute name="Output H" value="8388608"/>
  <attribute name="Output I" value="200"/>
  <attribute name="Output T" value="1"/>
  <attribute name="Target GC Util Change" value ="20.000000" />
  <attribute name="Current GC Util Change" value="55.000000"/>
  <attribute name="GC Util currently" value="55" />
  <attribute name="CPU Util currently" value="19496019847878" />
<exclusive-end id="425" timestamp="2019-06-15T04:56:22.733" durationms="4.004" />

<exclusive-start id="426" timestamp="2019-06-15T04:56:22.762" intervalms="32.574">
  <response-info timems="0.040" idlems="0.040" threads="0" lastid="00000000022C7500" lastname="Thread-7" />
</exclusive-start>
<allocation-taxation id="427" taxation-threshold="28311552" timestamp="2019-06-15T04:56:22.762" intervalms="32.547" />
<cycle-start id="428" type="partial gc" contextid="0" timestamp="2019-06-15T04:56:22.762" intervalms="32.471" />
<gc-start id="429" type="partial gc" contextid="428" timestamp="2019-06-15T04:56:22.762">
  <mem-info id="430" free="25165824" total="89128960" percent="28">
    <mem type="eden" free="0" total="28311552" percent="0" />
    <remembered-set count="21440" freebytes="3472000" totalbytes="3557760" percent="97" regionsoverflowed="0" regionsstable="2" regionsrebuilding="0"/>
  </mem-info>
</gc-start>
<allocation-stats totalBytes="28307992" >
  <allocated-bytes non-tlh="0" tlh="28307992" arrayletleaf="0"/>
  <largest-consumer threadName="Thread-8" threadId="00000000022C3900" bytes="8891400" />
</allocation-stats>
<gc-op id="431" type="copy forward" timems="1.430" contextid="428" timestamp="2019-06-15T04:56:22.764">
  <memory-copied type="eden" objects="2010" bytes="49456" bytesdiscarded="0" />
  <memory-copied type="other" objects="1643" bytes="39432" bytesdiscarded="0" />
  <memory-cardclean objects="5874" bytes="298120" />
  <regions eden="27" other="1" />
  <remembered-set-cleared processed="18408" cleared="696" durationms="0.216" />
  <stringconstants candidates="4597" cleared="0"  />
</gc-op>
<gc-op id="432" type="classunload" timems="0.002" contextid="428" timestamp="2019-06-15T04:56:22.765">
  <classunload-info classloadercandidates="8" classloadersunloaded="0" classesunloaded="0" anonymousclassesunloaded="0" quiescems="0.000" setupms="0.002" scanms="0.000" postms="0.000" />
</gc-op>
<heap-resize id="433" type="expand" space="default" amount="3145728" count="1" timems="0.066" reason="excessive time being spent in gc" timestamp="2019-06-15T04:56:22.765" />
<gc-end id="434" type="partial gc" contextid="428" durationms="2.721" usertimems="8.000" systemtimems="0.000" timestamp="2019-06-15T04:56:22.765" activeThreads="1">
  <mem-info id="435" free="55574528" total="92274688" percent="60">
    <mem type="eden" free="999120" total="1048576" percent="95" />
    <remembered-set count="22432" freebytes="3593600" totalbytes="3683328" percent="97" regionsoverflowed="0" regionsstable="2" regionsrebuilding="0"/>
  </mem-info>
</gc-end>
<cycle-end id="436" type="partial gc" contextid="428" timestamp="2019-06-15T04:56:22.765" />
  <attribute name="elasticGC enabled" value="1" />
  <attribute name= "numThreadsSpecified" value="1" />
  <attribute name="heapSize specified" value="0" />
  <attribute name="Current GC Util" value="50" />
  <attribute name= "Current Time Running" value="1337" />
  <attribute name ="GC Interval" value="0" />
  <attribute name="ProportionalT" value="15.000000" />
  <attribute name="ProportionalI" value="15.000000" />
  <attribute name="ProportionalH" value="15.000000" />
  <attribute name="Current Error" value="30.000000" />
  <attribute name="IntegralT" value="0.000000" />
  <attribute name="IntegralI" value="0.000000" />
  <attribute name="IntegralH" value="0.000000" />
  <attribute name="DerivativeT" value="inf" />
  <attribute name="DerivativeI" value="inf" />
  <attribute name="DerivativeH" value="inf" />
  <attribute name="Loop Time for DT" value="0.000000" />
  <attribute name="Output H" value="8388608"/>
  <attribute name="Output I" value="200"/>
  <attribute name="Output T" value="1"/>
  <attribute name="Target GC Util Change" value ="20.000000" />
  <attribute name="Current GC Util Change" value="50.000000"/>
  <attribute name="GC Util currently" value="50" />
  <attribute name="CPU Util currently" value="19197201042537" />
<exclusive-end id="437" timestamp="2019-06-15T04:56:22.765" durationms="3.531" />

<exclusive-start id="438" timestamp="2019-06-15T04:56:22.795" intervalms="33.489">
  <response-info timems="0.268" idlems="0.268" threads="0" lastid="00000000022C3900" lastname="Thread-8" />
</exclusive-start>
<allocation-taxation id="439" taxation-threshold="29360128" timestamp="2019-06-15T04:56:22.796" intervalms="33.472" />
<cycle-start id="440" type="partial gc" contextid="0" timestamp="2019-06-15T04:56:22.796" intervalms="33.487" />
<gc-start id="441" type="partial gc" contextid="440" timestamp="2019-06-15T04:56:22.796">
  <mem-info id="442" free="26214400" total="92274688" percent="28">
    <mem type="eden" free="0" total="29360128" percent="0" />
    <remembered-set count="22016" freebytes="3595264" totalbytes="3683328" percent="97" regionsoverflowed="0" regionsstable="2" regionsrebuilding="0"/>
  </mem-info>
</gc-start>
<allocation-stats totalBytes="29356432" >
  <allocated-bytes non-tlh="0" tlh="29356432" arrayletleaf="0"/>
  <largest-consumer threadName="Thread-8" threadId="00000000022C3900" bytes="9079640" />
</allocation-stats>
<gc-op id="443" type="copy forward" timems="1.591" contextid="440" timestamp="2019-06-15T04:56:22.798">
  <memory-copied type="eden" objects="2538" bytes="62232" bytesdiscarded="0" />
  <memory-copied type="other" objects="1779" bytes="42696" bytesdiscarded="0" />
  <memory-cardclean objects="6711" bytes="338320" />
  <regions eden="28" other="1" />
  <remembered-set-cleared processed="18967" cleared="761" durationms="0.226" />
  <stringconstants candidates="4597" cleared="0"  />
</gc-op>
<gc-op id="444" type="classunload" timems="0.002" contextid="440" timestamp="2019-06-15T04:56:22.798">
  <classunload-info classloadercandidates="8" classloadersunloaded="0" classesunloaded="0" anonymousclassesunloaded="0" quiescems="0.000" setupms="0.002" scanms="0.000" postms="0.000" />
</gc-op>
<gc-end id="445" type="partial gc" contextid="440" durationms="2.633" usertimems="0.000" systemtimems="0.000" timestamp="2019-06-15T04:56:22.799" activeThreads="1">
  <mem-info id="446" free="54525952" total="92274688" percent="59">
    <mem type="eden" free="986344" total="1048576" percent="94" />
    <remembered-set count="22912" freebytes="3591680" totalbytes="3683328" percent="97" regionsoverflowed="0" regionsstable="2" regionsrebuilding="0"/>
  </mem-info>
</gc-end>
<cycle-end id="447" type="partial gc" contextid="440" timestamp="2019-06-15T04:56:22.799" />
  <attribute name="elasticGC enabled" value="1" />
  <attribute name= "numThreadsSpecified" value="1" />
  <attribute name="heapSize specified" value="0" />
  <attribute name="Current GC Util" value="52" />
  <attribute name= "Current Time Running" value="1371" />
  <attribute name ="GC Interval" value="0" />
  <attribute name="ProportionalT" value="16.000000" />
  <attribute name="ProportionalI" value="16.000000" />
  <attribute name="ProportionalH" value="16.000000" />
  <attribute name="Current Error" value="32.000000" />
  <attribute name="IntegralT" value="0.000000" />
  <attribute name="IntegralI" value="0.000000" />
  <attribute name="IntegralH" value="0.000000" />
  <attribute name="DerivativeT" value="inf" />
  <attribute name="DerivativeI" value="inf" />
  <attribute name="DerivativeH" value="inf" />
  <attribute name="Loop Time for DT" value="0.000000" />
  <attribute name="Output H" value="8388608"/>
  <attribute name="Output I" value="200"/>
  <attribute name="Output T" value="1"/>
  <attribute name="Target GC Util Change" value ="20.000000" />
  <attribute name="Current GC Util Change" value="52.000000"/>
  <attribute name="GC Util currently" value="52" />
  <attribute name="CPU Util currently" value="18165684587203" />
<exclusive-end id="448" timestamp="2019-06-15T04:56:22.799" durationms="3.525" />

<exclusive-start id="449" timestamp="2019-06-15T04:56:22.826" intervalms="30.676">
  <response-info timems="0.204" idlems="0.204" threads="0" lastid="00000000022C3900" lastname="Thread-8" />
</exclusive-start>
<allocation-taxation id="450" taxation-threshold="29360128" timestamp="2019-06-15T04:56:22.826" intervalms="30.719" />
<cycle-start id="451" type="partial gc" contextid="0" timestamp="2019-06-15T04:56:22.826" intervalms="30.761" />
<gc-start id="452" type="partial gc" contextid="451" timestamp="2019-06-15T04:56:22.827">
  <mem-info id="453" free="25165824" total="92274688" percent="27">
    <mem type="eden" free="0" total="29360128" percent="0" />
    <remembered-set count="22656" freebytes="3592704" totalbytes="3683328" percent="97" regionsoverflowed="0" regionsstable="2" regionsrebuilding="0"/>
  </mem-info>
</gc-start>
<allocation-stats totalBytes="29356528" >
  <allocated-bytes non-tlh="0" tlh="29356528" arrayletleaf="0"/>
  <largest-consumer threadName="Thread-8" threadId="00000000022C3900" bytes="10152784" />
</allocation-stats>
<gc-op id="454" type="copy forward" timems="1.639" contextid="451" timestamp="2019-06-15T04:56:22.829">
  <memory-copied type="eden" objects="2503" bytes="61896" bytesdiscarded="2376" />
  <memory-copied type="other" objects="2300" bytes="55200" bytesdiscarded="384" />
  <memory-cardclean objects="7180" bytes="360784" />
  <regions eden="28" other="1" />
  <remembered-set-cleared processed="19523" cleared="855" durationms="0.133" />
  <stringconstants candidates="4597" cleared="0"  />
</gc-op>
<gc-op id="455" type="classunload" timems="0.002" contextid="451" timestamp="2019-06-15T04:56:22.829">
  <classunload-info classloadercandidates="8" classloadersunloaded="0" classesunloaded="0" anonymousclassesunloaded="0" quiescems="0.000" setupms="0.002" scanms="0.000" postms="0.000" />
</gc-op>
<gc-end id="456" type="partial gc" contextid="451" durationms="2.741" usertimems="0.000" systemtimems="4.000" timestamp="2019-06-15T04:56:22.829" activeThreads="4">
  <mem-info id="457" free="53477376" total="92274688" percent="57">
    <mem type="eden" free="984304" total="1048576" percent="93" />
    <remembered-set count="23136" freebytes="3590784" totalbytes="3683328" percent="97" regionsoverflowed="0" regionsstable="2" regionsrebuilding="0"/>
  </mem-info>
</gc-end>
<cycle-end id="458" type="partial gc" contextid="451" timestamp="2019-06-15T04:56:22.830" />
  <attribute name="elasticGC enabled" value="1" />
  <attribute name= "numThreadsSpecified" value="4" />
  <attribute name="heapSize specified" value="0" />
  <attribute name="Current GC Util" value="61" />
  <attribute name= "Current Time Running" value="1402" />
  <attribute name ="GC Interval" value="0" />
  <attribute name="ProportionalT" value="20.500000" />
  <attribute name="ProportionalI" value="20.500000" />
  <attribute name="ProportionalH" value="20.500000" />
  <attribute name="Current Error" value="41.000000" />
  <attribute name="IntegralT" value="41.000000" />
  <attribute name="IntegralI" value="41.000000" />
  <attribute name="IntegralH" value="41.000000" />
  <attribute name="DerivativeT" value="61.500000" />
  <attribute name="DerivativeI" value="61.500000" />
  <attribute name="DerivativeH" value="61.500000" />
  <attribute name="Loop Time for DT" value="1.000000" />
  <attribute name="Output H" value="8388608"/>
  <attribute name="Output I" value="200"/>
  <attribute name="Output T" value="4"/>
  <attribute name="Target GC Util Change" value ="20.000000" />
  <attribute name="Current GC Util Change" value="61.000000"/>
  <attribute name="GC Util currently" value="61" />
  <attribute name="CPU Util currently" value="17171390540639" />
<exclusive-end id="459" timestamp="2019-06-15T04:56:22.830" durationms="3.640" />

<exclusive-start id="460" timestamp="2019-06-15T04:56:22.846" intervalms="19.761">
  <response-info timems="0.036" idlems="0.036" threads="0" lastid="00000000022C3900" lastname="Thread-8" />
</exclusive-start>
<allocation-taxation id="461" taxation-threshold="29360128" timestamp="2019-06-15T04:56:22.846" intervalms="19.742" />
<cycle-start id="462" type="partial gc" contextid="0" timestamp="2019-06-15T04:56:22.846" intervalms="19.687" />
<gc-start id="463" type="partial gc" contextid="462" timestamp="2019-06-15T04:56:22.846">
  <mem-info id="464" free="24117248" total="92274688" percent="26">
    <mem type="eden" free="0" total="29360128" percent="0" />
    <remembered-set count="23136" freebytes="3590784" totalbytes="3683328" percent="97" regionsoverflowed="0" regionsstable="2" regionsrebuilding="0"/>
  </mem-info>
</gc-start>
<allocation-stats totalBytes="29356680" >
  <allocated-bytes non-tlh="0" tlh="29356680" arrayletleaf="0"/>
  <largest-consumer threadName="Thread-8" threadId="00000000022C3900" bytes="10476304" />
</allocation-stats>
<gc-op id="465" type="copy forward" timems="2.022" contextid="462" timestamp="2019-06-15T04:56:22.849">
  <memory-copied type="eden" objects="9787" bytes="373232" bytesdiscarded="0" />
  <memory-copied type="other" objects="2167" bytes="52008" bytesdiscarded="0" />
  <memory-cardclean objects="6402" bytes="327496" />
  <regions eden="28" other="1" />
  <remembered-set-cleared processed="20152" cleared="868" durationms="0.232" />
  <stringconstants candidates="4597" cleared="0"  />
</gc-op>
<gc-op id="466" type="classunload" timems="0.001" contextid="462" timestamp="2019-06-15T04:56:22.849">
  <classunload-info classloadercandidates="8" classloadersunloaded="0" classesunloaded="0" anonymousclassesunloaded="0" quiescems="0.000" setupms="0.001" scanms="0.000" postms="0.000" />
</gc-op>
<gc-end id="467" type="partial gc" contextid="462" durationms="3.017" usertimems="4.000" systemtimems="0.000" timestamp="2019-06-15T04:56:22.849" activeThreads="1">
  <mem-info id="468" free="52428800" total="92274688" percent="56">
    <mem type="eden" free="675344" total="1048576" percent="64" />
    <remembered-set count="23712" freebytes="3588480" totalbytes="3683328" percent="97" regionsoverflowed="0" regionsstable="2" regionsrebuilding="0"/>
  </mem-info>
</gc-end>
<cycle-end id="469" type="partial gc" contextid="462" timestamp="2019-06-15T04:56:22.849" />
  <attribute name="elasticGC enabled" value="1" />
  <attribute name= "numThreadsSpecified" value="1" />
  <attribute name="heapSize specified" value="0" />
  <attribute name="Current GC Util" value="55" />
  <attribute name= "Current Time Running" value="1421" />
  <attribute name ="GC Interval" value="0" />
  <attribute name="ProportionalT" value="17.500000" />
  <attribute name="ProportionalI" value="17.500000" />
  <attribute name="ProportionalH" value="17.500000" />
  <attribute name="Current Error" value="35.000000" />
  <attribute name="IntegralT" value="0.000000" />
  <attribute name="IntegralI" value="0.000000" />
  <attribute name="IntegralH" value="0.000000" />
  <attribute name="DerivativeT" value="inf" />
  <attribute name="DerivativeI" value="inf" />
  <attribute name="DerivativeH" value="inf" />
  <attribute name="Loop Time for DT" value="0.000000" />
  <attribute name="Output H" value="8388608"/>
  <attribute name="Output I" value="200"/>
  <attribute name="Output T" value="1"/>
  <attribute name="Target GC Util Change" value ="20.000000" />
  <attribute name="Current GC Util Change" value="55.000000"/>
  <attribute name="GC Util currently" value="55" />
  <attribute name="CPU Util currently" value="24298248186837" />
<exclusive-end id="470" timestamp="2019-06-15T04:56:22.850" durationms="3.819" />

<exclusive-start id="471" timestamp="2019-06-15T04:56:22.864" intervalms="17.936">
  <response-info timems="0.023" idlems="0.023" threads="0" lastid="00000000022BFD00" lastname="Thread-10" />
</exclusive-start>
<allocation-taxation id="472" taxation-threshold="29360128" timestamp="2019-06-15T04:56:22.864" intervalms="17.969" />
<cycle-start id="473" type="partial gc" contextid="0" timestamp="2019-06-15T04:56:22.864" intervalms="17.983" />
<gc-start id="474" type="partial gc" contextid="473" timestamp="2019-06-15T04:56:22.864">
  <mem-info id="475" free="23068672" total="92274688" percent="25">
    <mem type="eden" free="0" total="29360128" percent="0" />
    <remembered-set count="23584" freebytes="3588992" totalbytes="3683328" percent="97" regionsoverflowed="0" regionsstable="2" regionsrebuilding="0"/>
  </mem-info>
</gc-start>
<allocation-stats totalBytes="29356696" >
  <allocated-bytes non-tlh="0" tlh="29356696" arrayletleaf="0"/>
  <largest-consumer threadName="Thread-7" threadId="00000000022C7500" bytes="8522896" />
</allocation-stats>
<gc-op id="476" type="copy forward" timems="2.918" contextid="473" timestamp="2019-06-15T04:56:22.868">
  <memory-copied type="eden" objects="16524" bytes="672720" bytesdiscarded="0" />
  <memory-copied type="other" objects="9596" bytes="367680" bytesdiscarded="0" />
  <memory-cardclean objects="3818" bytes="211312" />
  <regions eden="28" other="1" />
  <remembered-set-cleared processed="20856" cleared="842" durationms="0.231" />
  <stringconstants candidates="4597" cleared="0"  />
</gc-op>
<gc-op id="477" type="classunload" timems="0.002" contextid="473" timestamp="2019-06-15T04:56:22.868">
  <classunload-info classloadercandidates="8" classloadersunloaded="0" classesunloaded="0" anonymousclassesunloaded="0" quiescems="0.000" setupms="0.002" scanms="0.000" postms="0.000" />
</gc-op>
<heap-resize id="478" type="expand" space="default" amount="10485760" count="1" timems="0.106" reason="excessive time being spent in gc" timestamp="2019-06-15T04:56:22.868" />
<gc-end id="479" type="partial gc" contextid="473" durationms="4.173" usertimems="4.000" systemtimems="0.000" timestamp="2019-06-15T04:56:22.868" activeThreads="1">
  <mem-info id="480" free="61865984" total="102760448" percent="60">
    <mem type="eden" free="375856" total="1048576" percent="35" />
    <remembered-set count="24480" freebytes="4003968" totalbytes="4101888" percent="97" regionsoverflowed="0" regionsstable="2" regionsrebuilding="0"/>
  </mem-info>
</gc-end>
<cycle-end id="481" type="partial gc" contextid="473" timestamp="2019-06-15T04:56:22.869" />
  <attribute name="elasticGC enabled" value="1" />
  <attribute name= "numThreadsSpecified" value="1" />
  <attribute name="heapSize specified" value="0" />
  <attribute name="Current GC Util" value="63" />
  <attribute name= "Current Time Running" value="1439" />
  <attribute name ="GC Interval" value="0" />
  <attribute name="ProportionalT" value="21.500000" />
  <attribute name="ProportionalI" value="21.500000" />
  <attribute name="ProportionalH" value="21.500000" />
  <attribute name="Current Error" value="43.000000" />
  <attribute name="IntegralT" value="0.000000" />
  <attribute name="IntegralI" value="0.000000" />
  <attribute name="IntegralH" value="0.000000" />
  <attribute name="DerivativeT" value="inf" />
  <attribute name="DerivativeI" value="inf" />
  <attribute name="DerivativeH" value="inf" />
  <attribute name="Loop Time for DT" value="0.000000" />
  <attribute name="Output H" value="8388608"/>
  <attribute name="Output I" value="200"/>
  <attribute name="Output T" value="1"/>
  <attribute name="Target GC Util Change" value ="20.000000" />
  <attribute name="Current GC Util Change" value="63.000000"/>
  <attribute name="GC Util currently" value="63" />
  <attribute name="CPU Util currently" value="22767349509271" />
<exclusive-end id="482" timestamp="2019-06-15T04:56:22.869" durationms="5.142" />

<exclusive-start id="483" timestamp="2019-06-15T04:56:22.885" intervalms="20.727">
  <response-info timems="0.025" idlems="0.025" threads="0" lastid="00000000022CB100" lastname="Thread-9" />
</exclusive-start>
<allocation-taxation id="484" taxation-threshold="32505856" timestamp="2019-06-15T04:56:22.885" intervalms="20.723" />
<cycle-start id="485" type="partial gc" contextid="0" timestamp="2019-06-15T04:56:22.885" intervalms="20.822" />
<gc-start id="486" type="partial gc" contextid="485" timestamp="2019-06-15T04:56:22.885">
  <mem-info id="487" free="29360128" total="102760448" percent="28">
    <mem type="eden" free="0" total="32505856" percent="0" />
    <remembered-set count="24192" freebytes="4005120" totalbytes="4101888" percent="97" regionsoverflowed="0" regionsstable="2" regionsrebuilding="0"/>
  </mem-info>
</gc-start>
<allocation-stats totalBytes="32501864" >
  <allocated-bytes non-tlh="0" tlh="32501864" arrayletleaf="0"/>
  <largest-consumer threadName="Thread-9" threadId="00000000022CB100" bytes="9763600" />
</allocation-stats>
<gc-op id="488" type="copy forward" timems="2.416" contextid="485" timestamp="2019-06-15T04:56:22.888">
  <memory-copied type="eden" objects="7391" bytes="316168" bytesdiscarded="0" />
  <memory-copied type="other" objects="8529" bytes="342072" bytesdiscarded="0" />
  <memory-cardclean objects="3596" bytes="219736" />
  <regions eden="31" other="1" />
  <remembered-set-cleared processed="21460" cleared="736" durationms="0.256" />
  <stringconstants candidates="4597" cleared="0"  />
</gc-op>
<gc-op id="489" type="classunload" timems="0.002" contextid="485" timestamp="2019-06-15T04:56:22.889">
  <classunload-info classloadercandidates="8" classloadersunloaded="0" classesunloaded="0" anonymousclassesunloaded="0" quiescems="0.000" setupms="0.002" scanms="0.000" postms="0.000" />
</gc-op>
<heap-resize id="490" type="expand" space="default" amount="2097152" count="1" timems="0.067" reason="excessive time being spent in gc" timestamp="2019-06-15T04:56:22.889" />
<gc-end id="491" type="partial gc" contextid="485" durationms="3.842" usertimems="4.000" systemtimems="0.000" timestamp="2019-06-15T04:56:22.889" activeThreads="1">
  <mem-info id="492" free="62914560" total="104857600" percent="60">
    <mem type="eden" free="732408" total="1048576" percent="69" />
    <remembered-set count="24736" freebytes="4086656" totalbytes="4185600" percent="97" regionsoverflowed="0" regionsstable="2" regionsrebuilding="0"/>
  </mem-info>
</gc-end>
<cycle-end id="493" type="partial gc" contextid="485" timestamp="2019-06-15T04:56:22.889" />
  <attribute name="elasticGC enabled" value="1" />
  <attribute name= "numThreadsSpecified" value="1" />
  <attribute name="heapSize specified" value="0" />
  <attribute name="Current GC Util" value="59" />
  <attribute name= "Current Time Running" value="1460" />
  <attribute name ="GC Interval" value="0" />
  <attribute name="ProportionalT" value="19.500000" />
  <attribute name="ProportionalI" value="19.500000" />
  <attribute name="ProportionalH" value="19.500000" />
  <attribute name="Current Error" value="39.000000" />
  <attribute name="IntegralT" value="0.000000" />
  <attribute name="IntegralI" value="0.000000" />
  <attribute name="IntegralH" value="0.000000" />
  <attribute name="DerivativeT" value="inf" />
  <attribute name="DerivativeI" value="inf" />
  <attribute name="DerivativeH" value="inf" />
  <attribute name="Loop Time for DT" value="0.000000" />
  <attribute name="Output H" value="8388608"/>
  <attribute name="Output I" value="200"/>
  <attribute name="Output T" value="1"/>
  <attribute name="Target GC Util Change" value ="20.000000" />
  <attribute name="Current GC Util Change" value="59.000000"/>
  <attribute name="GC Util currently" value="59" />
  <attribute name="CPU Util currently" value="20753728520104" />
<exclusive-end id="494" timestamp="2019-06-15T04:56:22.890" durationms="5.068" />

<exclusive-start id="495" timestamp="2019-06-15T04:56:22.910" intervalms="25.369">
  <response-info timems="0.035" idlems="0.035" threads="0" lastid="00000000022C7500" lastname="Thread-7" />
</exclusive-start>
<allocation-taxation id="496" taxation-threshold="32505856" timestamp="2019-06-15T04:56:22.910" intervalms="25.337" />
<cycle-start id="497" type="partial gc" contextid="0" timestamp="2019-06-15T04:56:22.910" intervalms="25.311" />
<gc-start id="498" type="partial gc" contextid="497" timestamp="2019-06-15T04:56:22.911">
  <mem-info id="499" free="30408704" total="104857600" percent="29">
    <mem type="eden" free="0" total="32505856" percent="0" />
    <remembered-set count="24640" freebytes="4087040" totalbytes="4185600" percent="97" regionsoverflowed="0" regionsstable="2" regionsrebuilding="0"/>
  </mem-info>
</gc-start>
<allocation-stats totalBytes="32501920" >
  <allocated-bytes non-tlh="0" tlh="32501920" arrayletleaf="0"/>
  <largest-consumer threadName="Thread-9" threadId="00000000022CB100" bytes="12794240" />
</allocation-stats>
<gc-op id="500" type="copy forward" timems="2.245" contextid="497" timestamp="2019-06-15T04:56:22.914">
  <memory-copied type="eden" objects="9360" bytes="363344" bytesdiscarded="14336" />
  <memory-copied type="other" objects="7110" bytes="308016" bytesdiscarded="29472" />
  <memory-cardclean objects="6540" bytes="352936" />
  <regions eden="31" other="1" />
  <remembered-set-cleared processed="21781" cleared="506" durationms="0.159" />
  <stringconstants candidates="4597" cleared="0"  />
</gc-op>
<gc-op id="501" type="classunload" timems="0.002" contextid="497" timestamp="2019-06-15T04:56:22.914">
  <classunload-info classloadercandidates="8" classloadersunloaded="0" classesunloaded="0" anonymousclassesunloaded="0" quiescems="0.000" setupms="0.002" scanms="0.000" postms="0.000" />
</gc-op>
<heap-resize id="502" type="expand" space="default" amount="5242880" count="1" timems="0.089" reason="excessive time being spent in gc" timestamp="2019-06-15T04:56:22.914" />
<gc-end id="503" type="partial gc" contextid="497" durationms="3.653" usertimems="4.000" systemtimems="0.000" timestamp="2019-06-15T04:56:22.914" activeThreads="4">
  <mem-info id="504" free="66060288" total="110100480" percent="60">
    <mem type="eden" free="1719472" total="2097152" percent="81" />
    <remembered-set count="25952" freebytes="4291072" totalbytes="4394880" percent="97" regionsoverflowed="0" regionsstable="2" regionsrebuilding="0"/>
  </mem-info>
</gc-end>
<cycle-end id="505" type="partial gc" contextid="497" timestamp="2019-06-15T04:56:22.914" />
  <attribute name="elasticGC enabled" value="1" />
  <attribute name= "numThreadsSpecified" value="4" />
  <attribute name="heapSize specified" value="0" />
  <attribute name="Current GC Util" value="51" />
  <attribute name= "Current Time Running" value="1486" />
  <attribute name ="GC Interval" value="0" />
  <attribute name="ProportionalT" value="15.500000" />
  <attribute name="ProportionalI" value="15.500000" />
  <attribute name="ProportionalH" value="15.500000" />
  <attribute name="Current Error" value="31.000000" />
  <attribute name="IntegralT" value="31.000000" />
  <attribute name="IntegralI" value="31.000000" />
  <attribute name="IntegralH" value="31.000000" />
  <attribute name="DerivativeT" value="46.500000" />
  <attribute name="DerivativeI" value="46.500000" />
  <attribute name="DerivativeH" value="46.500000" />
  <attribute name="Loop Time for DT" value="1.000000" />
  <attribute name="Output H" value="8388608"/>
  <attribute name="Output I" value="200"/>
  <attribute name="Output T" value="4"/>
  <attribute name="Target GC Util Change" value ="20.000000" />
  <attribute name="Current GC Util Change" value="51.000000"/>
  <attribute name="GC Util currently" value="51" />
  <attribute name="CPU Util currently" value="15170468909817" />
<exclusive-end id="506" timestamp="2019-06-15T04:56:22.915" durationms="4.668" />

<exclusive-start id="507" timestamp="2019-06-15T04:56:22.936" intervalms="26.559">
  <response-info timems="0.066" idlems="0.066" threads="0" lastid="00000000022C3900" lastname="Thread-8" />
</exclusive-start>
<allocation-taxation id="508" taxation-threshold="33554432" timestamp="2019-06-15T04:56:22.937" intervalms="26.596" />
<cycle-start id="509" type="partial gc" contextid="0" timestamp="2019-06-15T04:56:22.937" intervalms="26.561" />
<gc-start id="510" type="partial gc" contextid="509" timestamp="2019-06-15T04:56:22.937">
  <mem-info id="511" free="32505856" total="110100480" percent="29">
    <mem type="eden" free="0" total="33554432" percent="0" />
    <remembered-set count="25536" freebytes="4292736" totalbytes="4394880" percent="97" regionsoverflowed="0" regionsstable="2" regionsrebuilding="0"/>
  </mem-info>
</gc-start>
<allocation-stats totalBytes="33550336" >
  <allocated-bytes non-tlh="0" tlh="33550336" arrayletleaf="0"/>
  <largest-consumer threadName="Thread-8" threadId="00000000022C3900" bytes="10521272" />
</allocation-stats>
<gc-op id="512" type="copy forward" timems="3.206" contextid="509" timestamp="2019-06-15T04:56:22.941">
  <memory-copied type="eden" objects="8664" bytes="347000" bytesdiscarded="0" />
  <memory-copied type="other" objects="16224" bytes="664128" bytesdiscarded="0" />
  <memory-cardclean objects="7216" bytes="370168" />
  <regions eden="32" other="3" />
  <remembered-set-cleared processed="22021" cleared="752" durationms="0.250" />
  <stringconstants candidates="4597" cleared="0"  />
</gc-op>
<gc-op id="513" type="classunload" timems="0.003" contextid="509" timestamp="2019-06-15T04:56:22.941">
  <classunload-info classloadercandidates="8" classloadersunloaded="0" classesunloaded="0" anonymousclassesunloaded="0" quiescems="0.000" setupms="0.001" scanms="0.000" postms="0.000" />
</gc-op>
<gc-end id="514" type="partial gc" contextid="509" durationms="4.339" usertimems="4.000" systemtimems="0.000" timestamp="2019-06-15T04:56:22.941" activeThreads="1">
  <mem-info id="515" free="66060288" total="110100480" percent="60">
    <mem type="eden" free="701576" total="1048576" percent="66" />
    <remembered-set count="26016" freebytes="4290816" totalbytes="4394880" percent="97" regionsoverflowed="0" regionsstable="2" regionsrebuilding="0"/>
  </mem-info>
</gc-end>
<cycle-end id="516" type="partial gc" contextid="509" timestamp="2019-06-15T04:56:22.942" />
  <attribute name="elasticGC enabled" value="1" />
  <attribute name= "numThreadsSpecified" value="1" />
  <attribute name="heapSize specified" value="0" />
  <attribute name="Current GC Util" value="53" />
  <attribute name= "Current Time Running" value="1512" />
  <attribute name ="GC Interval" value="0" />
  <attribute name="ProportionalT" value="16.500000" />
  <attribute name="ProportionalI" value="16.500000" />
  <attribute name="ProportionalH" value="16.500000" />
  <attribute name="Current Error" value="33.000000" />
  <attribute name="IntegralT" value="0.000000" />
  <attribute name="IntegralI" value="0.000000" />
  <attribute name="IntegralH" value="0.000000" />
  <attribute name="DerivativeT" value="inf" />
  <attribute name="DerivativeI" value="inf" />
  <attribute name="DerivativeH" value="inf" />
  <attribute name="Loop Time for DT" value="0.000000" />
  <attribute name="Output H" value="8388608"/>
  <attribute name="Output I" value="200"/>
  <attribute name="Output T" value="1"/>
  <attribute name="Target GC Util Change" value ="20.000000" />
  <attribute name="Current GC Util Change" value="53.000000"/>
  <attribute name="GC Util currently" value="53" />
  <attribute name="CPU Util currently" value="19458590777358" />
<exclusive-end id="517" timestamp="2019-06-15T04:56:22.942" durationms="5.302" />

<exclusive-start id="518" timestamp="2019-06-15T04:56:22.965" intervalms="28.418">
  <response-info timems="0.030" idlems="0.030" threads="0" lastid="00000000022C3900" lastname="Thread-8" />
</exclusive-start>
<allocation-taxation id="519" taxation-threshold="33554432" timestamp="2019-06-15T04:56:22.965" intervalms="28.403" />
<cycle-start id="520" type="partial gc" contextid="0" timestamp="2019-06-15T04:56:22.965" intervalms="28.395" />
<gc-start id="521" type="partial gc" contextid="520" timestamp="2019-06-15T04:56:22.965">
  <mem-info id="522" free="32505856" total="110100480" percent="29">
    <mem type="eden" free="0" total="33554432" percent="0" />
    <remembered-set count="25856" freebytes="4291456" totalbytes="4394880" percent="97" regionsoverflowed="0" regionsstable="2" regionsrebuilding="0"/>
  </mem-info>
</gc-start>
<allocation-stats totalBytes="33550424" >
  <allocated-bytes non-tlh="0" tlh="33550424" arrayletleaf="0"/>
  <largest-consumer threadName="Thread-8" threadId="00000000022C3900" bytes="10845032" />
</allocation-stats>
<gc-op id="523" type="copy forward" timems="1.925" contextid="520" timestamp="2019-06-15T04:56:22.968">
  <memory-copied type="eden" objects="9743" bytes="372512" bytesdiscarded="24792" />
  <memory-copied type="other" objects="8347" bytes="337704" bytesdiscarded="15768" />
  <memory-cardclean objects="5403" bytes="321640" />
  <regions eden="32" other="1" />
  <remembered-set-cleared processed="23209" cleared="636" durationms="0.142" />
  <stringconstants candidates="4597" cleared="0"  />
</gc-op>
<gc-op id="524" type="classunload" timems="0.003" contextid="520" timestamp="2019-06-15T04:56:22.968">
  <classunload-info classloadercandidates="8" classloadersunloaded="0" classesunloaded="0" anonymousclassesunloaded="0" quiescems="0.000" setupms="0.003" scanms="0.000" postms="0.000" />
</gc-op>
<heap-resize id="525" type="expand" space="default" amount="3145728" count="1" timems="0.076" reason="excessive time being spent in gc" timestamp="2019-06-15T04:56:22.969" />
<gc-end id="526" type="partial gc" contextid="520" durationms="3.180" usertimems="4.000" systemtimems="0.000" timestamp="2019-06-15T04:56:22.969" activeThreads="4">
  <mem-info id="527" free="68157440" total="113246208" percent="60">
    <mem type="eden" free="651272" total="1048576" percent="62" />
    <remembered-set count="27264" freebytes="4411392" totalbytes="4520448" percent="97" regionsoverflowed="0" regionsstable="2" regionsrebuilding="0"/>
  </mem-info>
</gc-end>
<cycle-end id="528" type="partial gc" contextid="520" timestamp="2019-06-15T04:56:22.969" />
  <attribute name="elasticGC enabled" value="1" />
  <attribute name= "numThreadsSpecified" value="4" />
  <attribute name="heapSize specified" value="0" />
  <attribute name="Current GC Util" value="60" />
  <attribute name= "Current Time Running" value="1541" />
  <attribute name ="GC Interval" value="0" />
  <attribute name="ProportionalT" value="20.000000" />
  <attribute name="ProportionalI" value="20.000000" />
  <attribute name="ProportionalH" value="20.000000" />
  <attribute name="Current Error" value="40.000000" />
  <attribute name="IntegralT" value="40.000000" />
  <attribute name="IntegralI" value="40.000000" />
  <attribute name="IntegralH" value="40.000000" />
  <attribute name="DerivativeT" value="60.000000" />
  <attribute name="DerivativeI" value="60.000000" />
  <attribute name="DerivativeH" value="60.000000" />
  <attribute name="Loop Time for DT" value="1.000000" />
  <attribute name="Output H" value="8388608"/>
  <attribute name="Output I" value="200"/>
  <attribute name="Output T" value="4"/>
  <attribute name="Target GC Util Change" value ="20.000000" />
  <attribute name="Current GC Util Change" value="60.000000"/>
  <attribute name="GC Util currently" value="60" />
  <attribute name="CPU Util currently" value="18025100896349" />
<exclusive-end id="529" timestamp="2019-06-15T04:56:22.969" durationms="4.140" />

<exclusive-start id="530" timestamp="2019-06-15T04:56:22.993" intervalms="27.954">
  <response-info timems="0.039" idlems="0.039" threads="0" lastid="00000000022CB100" lastname="Thread-9" />
</exclusive-start>
<allocation-taxation id="531" taxation-threshold="34603008" timestamp="2019-06-15T04:56:22.993" intervalms="27.936" />
<cycle-start id="532" type="partial gc" contextid="0" timestamp="2019-06-15T04:56:22.993" intervalms="27.860" />
<gc-start id="533" type="partial gc" contextid="532" timestamp="2019-06-15T04:56:22.993">
  <mem-info id="534" free="33554432" total="113246208" percent="29">
    <mem type="eden" free="0" total="34603008" percent="0" />
    <remembered-set count="27136" freebytes="4411904" totalbytes="4520448" percent="97" regionsoverflowed="0" regionsstable="2" regionsrebuilding="0"/>
  </mem-info>
</gc-start>
<allocation-stats totalBytes="34599072" >
  <allocated-bytes non-tlh="0" tlh="34599072" arrayletleaf="0"/>
  <largest-consumer threadName="Thread-7" threadId="00000000022C7500" bytes="11229880" />
</allocation-stats>
<gc-op id="535" type="copy forward" timems="2.170" contextid="532" timestamp="2019-06-15T04:56:22.996">
  <memory-copied type="eden" objects="7656" bytes="383352" bytesdiscarded="0" />
  <memory-copied type="other" objects="5403" bytes="129672" bytesdiscarded="0" />
  <memory-cardclean objects="6115" bytes="336664" />
  <regions eden="33" other="2" />
  <remembered-set-cleared processed="23407" cleared="834" durationms="0.259" />
  <stringconstants candidates="4597" cleared="0"  />
</gc-op>
<gc-op id="536" type="classunload" timems="0.002" contextid="532" timestamp="2019-06-15T04:56:22.996">
  <classunload-info classloadercandidates="8" classloadersunloaded="0" classesunloaded="0" anonymousclassesunloaded="0" quiescems="0.000" setupms="0.002" scanms="0.000" postms="0.000" />
</gc-op>
<heap-resize id="537" type="expand" space="default" amount="2097152" count="1" timems="0.061" reason="excessive time being spent in gc" timestamp="2019-06-15T04:56:22.997" />
<gc-end id="538" type="partial gc" contextid="532" durationms="3.329" usertimems="4.000" systemtimems="0.000" timestamp="2019-06-15T04:56:22.997" activeThreads="1">
  <mem-info id="539" free="69206016" total="115343360" percent="60">
    <mem type="eden" free="665224" total="1048576" percent="63" />
    <remembered-set count="27712" freebytes="4493312" totalbytes="4604160" percent="97" regionsoverflowed="0" regionsstable="2" regionsrebuilding="0"/>
  </mem-info>
</gc-end>
<cycle-end id="540" type="partial gc" contextid="532" timestamp="2019-06-15T04:56:22.997" />
  <attribute name="elasticGC enabled" value="1" />
  <attribute name= "numThreadsSpecified" value="1" />
  <attribute name="heapSize specified" value="0" />
  <attribute name="Current GC Util" value="56" />
  <attribute name= "Current Time Running" value="1568" />
  <attribute name ="GC Interval" value="0" />
  <attribute name="ProportionalT" value="18.000000" />
  <attribute name="ProportionalI" value="18.000000" />
  <attribute name="ProportionalH" value="18.000000" />
  <attribute name="Current Error" value="36.000000" />
  <attribute name="IntegralT" value="0.000000" />
  <attribute name="IntegralI" value="0.000000" />
  <attribute name="IntegralH" value="0.000000" />
  <attribute name="DerivativeT" value="inf" />
  <attribute name="DerivativeI" value="inf" />
  <attribute name="DerivativeH" value="inf" />
  <attribute name="Loop Time for DT" value="0.000000" />
  <attribute name="Output H" value="8388608"/>
  <attribute name="Output I" value="200"/>
  <attribute name="Output T" value="1"/>
  <attribute name="Target GC Util Change" value ="20.000000" />
  <attribute name="Current GC Util Change" value="56.000000"/>
  <attribute name="GC Util currently" value="56" />
  <attribute name="CPU Util currently" value="21753543748295" />
<exclusive-end id="541" timestamp="2019-06-15T04:56:22.997" durationms="4.182" />

<exclusive-start id="542" timestamp="2019-06-15T04:56:23.025" intervalms="32.542">
  <response-info timems="0.030" idlems="0.030" threads="0" lastid="00000000022CB100" lastname="Thread-9" />
</exclusive-start>
<allocation-taxation id="543" taxation-threshold="35651584" timestamp="2019-06-15T04:56:23.026" intervalms="32.531" />
<cycle-start id="544" type="partial gc" contextid="0" timestamp="2019-06-15T04:56:23.026" intervalms="32.637" />
<gc-start id="545" type="partial gc" contextid="544" timestamp="2019-06-15T04:56:23.026">
  <mem-info id="546" free="33554432" total="115343360" percent="29">
    <mem type="eden" free="0" total="35651584" percent="0" />
    <remembered-set count="27488" freebytes="4494208" totalbytes="4604160" percent="97" regionsoverflowed="0" regionsstable="2" regionsrebuilding="0"/>
  </mem-info>
</gc-start>
<allocation-stats totalBytes="35647328" >
  <allocated-bytes non-tlh="0" tlh="35647328" arrayletleaf="0"/>
  <largest-consumer threadName="Thread-9" threadId="00000000022CB100" bytes="10189552" />
</allocation-stats>
<gc-op id="547" type="copy forward" timems="2.555" contextid="544" timestamp="2019-06-15T04:56:23.029">
  <memory-copied type="eden" objects="5705" bytes="214584" bytesdiscarded="0" />
  <memory-copied type="other" objects="9993" bytes="438384" bytesdiscarded="0" />
  <memory-cardclean objects="5180" bytes="268888" />
  <regions eden="34" other="2" />
  <remembered-set-cleared processed="23769" cleared="608" durationms="0.278" />
  <stringconstants candidates="4597" cleared="0"  />
</gc-op>
<gc-op id="548" type="classunload" timems="0.002" contextid="544" timestamp="2019-06-15T04:56:23.029">
  <classunload-info classloadercandidates="8" classloadersunloaded="0" classesunloaded="0" anonymousclassesunloaded="0" quiescems="0.000" setupms="0.002" scanms="0.000" postms="0.000" />
</gc-op>
<heap-resize id="549" type="expand" space="default" amount="3145728" count="1" timems="0.074" reason="excessive time being spent in gc" timestamp="2019-06-15T04:56:23.030" />
<gc-end id="550" type="partial gc" contextid="544" durationms="3.919" usertimems="8.000" systemtimems="0.000" timestamp="2019-06-15T04:56:23.030" activeThreads="1">
  <mem-info id="551" free="71303168" total="118489088" percent="60">
    <mem type="eden" free="833992" total="1048576" percent="79" />
    <remembered-set count="28672" freebytes="4615040" totalbytes="4729728" percent="97" regionsoverflowed="0" regionsstable="2" regionsrebuilding="0"/>
  </mem-info>
</gc-end>
<cycle-end id="552" type="partial gc" contextid="544" timestamp="2019-06-15T04:56:23.030" />
  <attribute name="elasticGC enabled" value="1" />
  <attribute name= "numThreadsSpecified" value="1" />
  <attribute name="heapSize specified" value="0" />
  <attribute name="Current GC Util" value="41" />
  <attribute name= "Current Time Running" value="1601" />
  <attribute name ="GC Interval" value="0" />
  <attribute name="ProportionalT" value="10.500000" />
  <attribute name="ProportionalI" value="10.500000" />
  <attribute name="ProportionalH" value="10.500000" />
  <attribute name="Current Error" value="21.000000" />
  <attribute name="IntegralT" value="0.000000" />
  <attribute name="IntegralI" value="0.000000" />
  <attribute name="IntegralH" value="0.000000" />
  <attribute name="DerivativeT" value="inf" />
  <attribute name="DerivativeI" value="inf" />
  <attribute name="DerivativeH" value="inf" />
  <attribute name="Loop Time for DT" value="0.000000" />
  <attribute name="Output H" value="8388608"/>
  <attribute name="Output I" value="200"/>
  <attribute name="Output T" value="1"/>
  <attribute name="Target GC Util Change" value ="20.000000" />
  <attribute name="Current GC Util Change" value="41.000000"/>
  <attribute name="GC Util currently" value="41" />
  <attribute name="CPU Util currently" value="14998913753389" />
<exclusive-end id="553" timestamp="2019-06-15T04:56:23.030" durationms="4.871" />

<exclusive-start id="554" timestamp="2019-06-15T04:56:23.062" intervalms="36.855">
  <response-info timems="0.035" idlems="0.035" threads="0" lastid="00000000022C7500" lastname="Thread-7" />
</exclusive-start>
<allocation-taxation id="555" taxation-threshold="35651584" timestamp="2019-06-15T04:56:23.062" intervalms="36.890" />
<cycle-start id="556" type="partial gc" contextid="0" timestamp="2019-06-15T04:56:23.063" intervalms="36.831" />
<gc-start id="557" type="partial gc" contextid="556" timestamp="2019-06-15T04:56:23.063">
  <mem-info id="558" free="35651584" total="118489088" percent="30">
    <mem type="eden" free="0" total="35651584" percent="0" />
    <remembered-set count="28576" freebytes="4615424" totalbytes="4729728" percent="97" regionsoverflowed="0" regionsstable="2" regionsrebuilding="0"/>
  </mem-info>
</gc-start>
<allocation-stats totalBytes="35647136" >
  <allocated-bytes non-tlh="0" tlh="35647136" arrayletleaf="0"/>
  <largest-consumer threadName="Thread-9" threadId="00000000022CB100" bytes="10889872" />
</allocation-stats>
<gc-op id="559" type="copy forward" timems="2.556" contextid="556" timestamp="2019-06-15T04:56:23.066">
  <memory-copied type="eden" objects="3416" bytes="83824" bytesdiscarded="0" />
  <memory-copied type="other" objects="12911" bytes="584616" bytesdiscarded="0" />
  <memory-cardclean objects="4263" bytes="220672" />
  <regions eden="34" other="2" />
  <remembered-set-cleared processed="24418" cleared="678" durationms="0.296" />
  <stringconstants candidates="4597" cleared="0"  />
</gc-op>
<gc-op id="560" type="classunload" timems="0.002" contextid="556" timestamp="2019-06-15T04:56:23.067">
  <classunload-info classloadercandidates="8" classloadersunloaded="0" classesunloaded="0" anonymousclassesunloaded="0" quiescems="0.000" setupms="0.002" scanms="0.000" postms="0.000" />
</gc-op>
<heap-resize id="561" type="expand" space="default" amount="2097152" count="1" timems="0.060" reason="excessive time being spent in gc" timestamp="2019-06-15T04:56:23.067" />
<gc-end id="562" type="partial gc" contextid="556" durationms="4.026" usertimems="0.000" systemtimems="4.000" timestamp="2019-06-15T04:56:23.067" activeThreads="1">
  <mem-info id="563" free="72351744" total="120586240" percent="60">
    <mem type="eden" free="964752" total="1048576" percent="92" />
    <remembered-set count="29760" freebytes="4694400" totalbytes="4813440" percent="97" regionsoverflowed="0" regionsstable="2" regionsrebuilding="0"/>
  </mem-info>
</gc-end>
<cycle-end id="564" type="partial gc" contextid="556" timestamp="2019-06-15T04:56:23.067" />
  <attribute name="elasticGC enabled" value="1" />
  <attribute name= "numThreadsSpecified" value="1" />
  <attribute name="heapSize specified" value="0" />
  <attribute name="Current GC Util" value="54" />
  <attribute name= "Current Time Running" value="1638" />
  <attribute name ="GC Interval" value="0" />
  <attribute name="ProportionalT" value="17.000000" />
  <attribute name="ProportionalI" value="17.000000" />
  <attribute name="ProportionalH" value="17.000000" />
  <attribute name="Current Error" value="34.000000" />
  <attribute name="IntegralT" value="0.000000" />
  <attribute name="IntegralI" value="0.000000" />
  <attribute name="IntegralH" value="0.000000" />
  <attribute name="DerivativeT" value="inf" />
  <attribute name="DerivativeI" value="inf" />
  <attribute name="DerivativeH" value="inf" />
  <attribute name="Loop Time for DT" value="0.000000" />
  <attribute name="Output H" value="8388608"/>
  <attribute name="Output I" value="200"/>
  <attribute name="Output T" value="1"/>
  <attribute name="Target GC Util Change" value ="20.000000" />
  <attribute name="Current GC Util Change" value="54.000000"/>
  <attribute name="GC Util currently" value="54" />
  <attribute name="CPU Util currently" value="19650368421917" />
<exclusive-end id="565" timestamp="2019-06-15T04:56:23.067" durationms="5.204" />

<exclusive-start id="566" timestamp="2019-06-15T04:56:23.097" intervalms="34.386">
  <response-info timems="0.032" idlems="0.032" threads="0" lastid="00000000022C7500" lastname="Thread-7" />
</exclusive-start>
<allocation-taxation id="567" taxation-threshold="36700160" timestamp="2019-06-15T04:56:23.097" intervalms="34.386" />
<cycle-start id="568" type="partial gc" contextid="0" timestamp="2019-06-15T04:56:23.097" intervalms="34.450" />
<gc-start id="569" type="partial gc" contextid="568" timestamp="2019-06-15T04:56:23.097">
  <mem-info id="570" free="35651584" total="120586240" percent="29">
    <mem type="eden" free="0" total="36700160" percent="0" />
    <remembered-set count="29376" freebytes="4695936" totalbytes="4813440" percent="97" regionsoverflowed="0" regionsstable="2" regionsrebuilding="0"/>
  </mem-info>
</gc-start>
<allocation-stats totalBytes="36695720" >
  <allocated-bytes non-tlh="0" tlh="36695720" arrayletleaf="0"/>
  <largest-consumer threadName="Thread-7" threadId="00000000022C7500" bytes="16295904" />
</allocation-stats>
<gc-op id="571" type="copy forward" timems="2.494" contextid="568" timestamp="2019-06-15T04:56:23.101">
  <memory-copied type="eden" objects="2822" bytes="68968" bytesdiscarded="0" />
  <memory-copied type="other" objects="8516" bytes="280584" bytesdiscarded="0" />
  <memory-cardclean objects="8173" bytes="446104" />
  <regions eden="35" other="2" />
  <remembered-set-cleared processed="24863" cleared="881" durationms="0.298" />
  <stringconstants candidates="4597" cleared="0"  />
</gc-op>
<gc-op id="572" type="classunload" timems="0.002" contextid="568" timestamp="2019-06-15T04:56:23.101">
  <classunload-info classloadercandidates="8" classloadersunloaded="0" classesunloaded="0" anonymousclassesunloaded="0" quiescems="0.000" setupms="0.002" scanms="0.000" postms="0.000" />
</gc-op>
<heap-resize id="573" type="expand" space="default" amount="3145728" count="1" timems="0.074" reason="excessive time being spent in gc" timestamp="2019-06-15T04:56:23.101" />
<gc-end id="574" type="partial gc" contextid="568" durationms="3.665" usertimems="4.000" systemtimems="4.000" timestamp="2019-06-15T04:56:23.101" activeThreads="1">
  <mem-info id="575" free="74448896" total="123731968" percent="60">
    <mem type="eden" free="979608" total="1048576" percent="93" />
    <remembered-set count="30496" freebytes="4817024" totalbytes="4939008" percent="97" regionsoverflowed="0" regionsstable="2" regionsrebuilding="0"/>
  </mem-info>
</gc-end>
<cycle-end id="576" type="partial gc" contextid="568" timestamp="2019-06-15T04:56:23.101" />
  <attribute name="elasticGC enabled" value="1" />
  <attribute name= "numThreadsSpecified" value="1" />
  <attribute name="heapSize specified" value="0" />
  <attribute name="Current GC Util" value="59" />
  <attribute name= "Current Time Running" value="1672" />
  <attribute name ="GC Interval" value="0" />
  <attribute name="ProportionalT" value="19.500000" />
  <attribute name="ProportionalI" value="19.500000" />
  <attribute name="ProportionalH" value="19.500000" />
  <attribute name="Current Error" value="39.000000" />
  <attribute name="IntegralT" value="0.000000" />
  <attribute name="IntegralI" value="0.000000" />
  <attribute name="IntegralH" value="0.000000" />
  <attribute name="DerivativeT" value="inf" />
  <attribute name="DerivativeI" value="inf" />
  <attribute name="DerivativeH" value="inf" />
  <attribute name="Loop Time for DT" value="0.000000" />
  <attribute name="Output H" value="8388608"/>
  <attribute name="Output I" value="200"/>
  <attribute name="Output T" value="1"/>
  <attribute name="Target GC Util Change" value ="20.000000" />
  <attribute name="Current GC Util Change" value="59.000000"/>
  <attribute name="GC Util currently" value="59" />
  <attribute name="CPU Util currently" value="17691528103283" />
<exclusive-end id="577" timestamp="2019-06-15T04:56:23.101" durationms="4.764" />

<exclusive-start id="578" timestamp="2019-06-15T04:56:23.134" intervalms="36.961">
  <response-info timems="0.249" idlems="0.249" threads="0" lastid="00000000022CB100" lastname="Thread-9" />
</exclusive-start>
<allocation-taxation id="579" taxation-threshold="37748736" timestamp="2019-06-15T04:56:23.134" intervalms="36.937" />
<cycle-start id="580" type="partial gc" contextid="0" timestamp="2019-06-15T04:56:23.134" intervalms="36.936" />
<gc-start id="581" type="partial gc" contextid="580" timestamp="2019-06-15T04:56:23.134">
  <mem-info id="582" free="36700160" total="123731968" percent="29">
    <mem type="eden" free="0" total="37748736" percent="0" />
    <remembered-set count="30496" freebytes="4817024" totalbytes="4939008" percent="97" regionsoverflowed="0" regionsstable="2" regionsrebuilding="0"/>
  </mem-info>
</gc-start>
<allocation-stats totalBytes="37744888" >
  <allocated-bytes non-tlh="0" tlh="37744888" arrayletleaf="0"/>
  <largest-consumer threadName="Thread-7" threadId="00000000022C7500" bytes="15858056" />
</allocation-stats>
<gc-op id="583" type="copy forward" timems="2.499" contextid="580" timestamp="2019-06-15T04:56:23.138">
  <memory-copied type="eden" objects="8787" bytes="349696" bytesdiscarded="0" />
  <memory-copied type="other" objects="5662" bytes="135888" bytesdiscarded="0" />
  <memory-cardclean objects="10147" bytes="506872" />
  <regions eden="36" other="2" />
  <remembered-set-cleared processed="25454" cleared="1049" durationms="0.290" />
  <stringconstants candidates="4597" cleared="0"  />
</gc-op>
<gc-op id="584" type="classunload" timems="0.002" contextid="580" timestamp="2019-06-15T04:56:23.138">
  <classunload-info classloadercandidates="8" classloadersunloaded="0" classesunloaded="0" anonymousclassesunloaded="0" quiescems="0.000" setupms="0.002" scanms="0.000" postms="0.000" />
</gc-op>
<heap-resize id="585" type="expand" space="default" amount="2097152" count="1" timems="0.060" reason="excessive time being spent in gc" timestamp="2019-06-15T04:56:23.138" />
<gc-end id="586" type="partial gc" contextid="580" durationms="3.820" usertimems="8.000" systemtimems="0.000" timestamp="2019-06-15T04:56:23.138" activeThreads="1">
  <mem-info id="587" free="75497472" total="125829120" percent="60">
    <mem type="eden" free="698880" total="1048576" percent="66" />
    <remembered-set count="31968" freebytes="4894848" totalbytes="5022720" percent="97" regionsoverflowed="0" regionsstable="2" regionsrebuilding="0"/>
  </mem-info>
</gc-end>
<cycle-end id="588" type="partial gc" contextid="580" timestamp="2019-06-15T04:56:23.138" />
  <attribute name="elasticGC enabled" value="1" />
  <attribute name= "numThreadsSpecified" value="1" />
  <attribute name="heapSize specified" value="0" />
  <attribute name="Current GC Util" value="57" />
  <attribute name= "Current Time Running" value="1709" />
  <attribute name ="GC Interval" value="0" />
  <attribute name="ProportionalT" value="18.500000" />
  <attribute name="ProportionalI" value="18.500000" />
  <attribute name="ProportionalH" value="18.500000" />
  <attribute name="Current Error" value="37.000000" />
  <attribute name="IntegralT" value="0.000000" />
  <attribute name="IntegralI" value="0.000000" />
  <attribute name="IntegralH" value="0.000000" />
  <attribute name="DerivativeT" value="inf" />
  <attribute name="DerivativeI" value="inf" />
  <attribute name="DerivativeH" value="inf" />
  <attribute name="Loop Time for DT" value="0.000000" />
  <attribute name="Output H" value="8388608"/>
  <attribute name="Output I" value="200"/>
  <attribute name="Output T" value="1"/>
  <attribute name="Target GC Util Change" value ="20.000000" />
  <attribute name="Current GC Util Change" value="57.000000"/>
  <attribute name="GC Util currently" value="57" />
  <attribute name="CPU Util currently" value="18416320293456" />
<exclusive-end id="589" timestamp="2019-06-15T04:56:23.138" durationms="4.855" />

<exclusive-start id="590" timestamp="2019-06-15T04:56:23.165" intervalms="30.948">
  <response-info timems="0.025" idlems="0.025" threads="0" lastid="00000000022C7500" lastname="Thread-7" />
</exclusive-start>
<allocation-taxation id="591" taxation-threshold="37748736" timestamp="2019-06-15T04:56:23.165" intervalms="30.962" />
<cycle-start id="592" type="partial gc" contextid="0" timestamp="2019-06-15T04:56:23.165" intervalms="30.955" />
<gc-start id="593" type="partial gc" contextid="592" timestamp="2019-06-15T04:56:23.165">
  <mem-info id="594" free="37748736" total="125829120" percent="30">
    <mem type="eden" free="0" total="37748736" percent="0" />
    <remembered-set count="31776" freebytes="4895616" totalbytes="5022720" percent="97" regionsoverflowed="0" regionsstable="2" regionsrebuilding="0"/>
  </mem-info>
</gc-start>
<allocation-stats totalBytes="37744152" >
  <allocated-bytes non-tlh="0" tlh="37744152" arrayletleaf="0"/>
  <largest-consumer threadName="Thread-7" threadId="00000000022C7500" bytes="11786576" />
</allocation-stats>
<gc-op id="595" type="copy forward" timems="2.538" contextid="592" timestamp="2019-06-15T04:56:23.169">
  <memory-copied type="eden" objects="4075" bytes="99416" bytesdiscarded="0" />
  <memory-copied type="other" objects="11106" bytes="403920" bytesdiscarded="0" />
  <memory-cardclean objects="9037" bytes="454024" />
  <regions eden="36" other="2" />
  <remembered-set-cleared processed="26250" cleared="1090" durationms="0.294" />
  <stringconstants candidates="4597" cleared="0"  />
</gc-op>
<gc-op id="596" type="classunload" timems="0.002" contextid="592" timestamp="2019-06-15T04:56:23.169">
  <classunload-info classloadercandidates="8" classloadersunloaded="0" classesunloaded="0" anonymousclassesunloaded="0" quiescems="0.000" setupms="0.002" scanms="0.000" postms="0.000" />
</gc-op>
<heap-resize id="597" type="expand" space="default" amount="3145728" count="1" timems="0.071" reason="excessive time being spent in gc" timestamp="2019-06-15T04:56:23.169" />
<gc-end id="598" type="partial gc" contextid="592" durationms="3.955" usertimems="0.000" systemtimems="0.000" timestamp="2019-06-15T04:56:23.169" activeThreads="1">
  <mem-info id="599" free="77594624" total="128974848" percent="60">
    <mem type="eden" free="949160" total="1048576" percent="90" />
    <remembered-set count="32768" freebytes="5017216" totalbytes="5148288" percent="97" regionsoverflowed="0" regionsstable="2" regionsrebuilding="0"/>
  </mem-info>
</gc-end>
<cycle-end id="600" type="partial gc" contextid="592" timestamp="2019-06-15T04:56:23.169" />
  <attribute name="elasticGC enabled" value="1" />
  <attribute name= "numThreadsSpecified" value="1" />
  <attribute name="heapSize specified" value="0" />
  <attribute name="Current GC Util" value="59" />
  <attribute name= "Current Time Running" value="1740" />
  <attribute name ="GC Interval" value="0" />
  <attribute name="ProportionalT" value="19.500000" />
  <attribute name="ProportionalI" value="19.500000" />
  <attribute name="ProportionalH" value="19.500000" />
  <attribute name="Current Error" value="39.000000" />
  <attribute name="IntegralT" value="0.000000" />
  <attribute name="IntegralI" value="0.000000" />
  <attribute name="IntegralH" value="0.000000" />
  <attribute name="DerivativeT" value="inf" />
  <attribute name="DerivativeI" value="inf" />
  <attribute name="DerivativeH" value="inf" />
  <attribute name="Loop Time for DT" value="0.000000" />
  <attribute name="Output H" value="8388608"/>
  <attribute name="Output I" value="200"/>
  <attribute name="Output T" value="1"/>
  <attribute name="Target GC Util Change" value ="20.000000" />
  <attribute name="Current GC Util Change" value="59.000000"/>
  <attribute name="GC Util currently" value="59" />
  <attribute name="CPU Util currently" value="16663484587583" />
<exclusive-end id="601" timestamp="2019-06-15T04:56:23.170" durationms="5.107" />

<exclusive-start id="602" timestamp="2019-06-15T04:56:23.194" intervalms="29.890">
  <response-info timems="0.024" idlems="0.024" threads="0" lastid="00000000022C7500" lastname="Thread-7" />
</exclusive-start>
<allocation-taxation id="603" taxation-threshold="38797312" timestamp="2019-06-15T04:56:23.195" intervalms="29.825" />
<cycle-start id="604" type="partial gc" contextid="0" timestamp="2019-06-15T04:56:23.195" intervalms="29.852" />
<gc-start id="605" type="partial gc" contextid="604" timestamp="2019-06-15T04:56:23.195">
  <mem-info id="606" free="38797312" total="128974848" percent="30">
    <mem type="eden" free="0" total="38797312" percent="0" />
    <remembered-set count="32704" freebytes="5017472" totalbytes="5148288" percent="97" regionsoverflowed="0" regionsstable="2" regionsrebuilding="0"/>
  </mem-info>
</gc-start>
<allocation-stats totalBytes="38792488" >
  <allocated-bytes non-tlh="0" tlh="38792488" arrayletleaf="0"/>
  <largest-consumer threadName="Thread-7" threadId="00000000022C7500" bytes="10910528" />
</allocation-stats>
<gc-op id="607" type="copy forward" timems="2.910" contextid="604" timestamp="2019-06-15T04:56:23.198">
  <memory-copied type="eden" objects="8561" bytes="344544" bytesdiscarded="0" />
  <memory-copied type="other" objects="12302" bytes="432624" bytesdiscarded="0" />
  <memory-cardclean objects="8069" bytes="411352" />
  <regions eden="37" other="2" />
  <remembered-set-cleared processed="27060" cleared="1256" durationms="0.288" />
  <stringconstants candidates="4597" cleared="0"  />
</gc-op>
<gc-op id="608" type="classunload" timems="0.002" contextid="604" timestamp="2019-06-15T04:56:23.199">
  <classunload-info classloadercandidates="8" classloadersunloaded="0" classesunloaded="0" anonymousclassesunloaded="0" quiescems="0.000" setupms="0.002" scanms="0.000" postms="0.000" />
</gc-op>
<heap-resize id="609" type="expand" space="default" amount="2097152" count="1" timems="0.056" reason="excessive time being spent in gc" timestamp="2019-06-15T04:56:23.199" />
<gc-end id="610" type="partial gc" contextid="604" durationms="4.086" usertimems="4.000" systemtimems="0.000" timestamp="2019-06-15T04:56:23.199" activeThreads="1">
  <mem-info id="611" free="78643200" total="131072000" percent="60">
    <mem type="eden" free="704032" total="1048576" percent="67" />
    <remembered-set count="33920" freebytes="5096320" totalbytes="5232000" percent="97" regionsoverflowed="0" regionsstable="2" regionsrebuilding="0"/>
  </mem-info>
</gc-end>
<cycle-end id="612" type="partial gc" contextid="604" timestamp="2019-06-15T04:56:23.199" />
  <attribute name="elasticGC enabled" value="1" />
  <attribute name= "numThreadsSpecified" value="1" />
  <attribute name="heapSize specified" value="0" />
  <attribute name="Current GC Util" value="61" />
  <attribute name= "Current Time Running" value="1770" />
  <attribute name ="GC Interval" value="0" />
  <attribute name="ProportionalT" value="20.500000" />
  <attribute name="ProportionalI" value="20.500000" />
  <attribute name="ProportionalH" value="20.500000" />
  <attribute name="Current Error" value="41.000000" />
  <attribute name="IntegralT" value="0.000000" />
  <attribute name="IntegralI" value="0.000000" />
  <attribute name="IntegralH" value="0.000000" />
  <attribute name="DerivativeT" value="inf" />
  <attribute name="DerivativeI" value="inf" />
  <attribute name="DerivativeH" value="inf" />
  <attribute name="Loop Time for DT" value="0.000000" />
  <attribute name="Output H" value="8388608"/>
  <attribute name="Output I" value="200"/>
  <attribute name="Output T" value="1"/>
  <attribute name="Target GC Util Change" value ="20.000000" />
  <attribute name="Current GC Util Change" value="61.000000"/>
  <attribute name="GC Util currently" value="61" />
  <attribute name="CPU Util currently" value="22751287683580" />
<exclusive-end id="613" timestamp="2019-06-15T04:56:23.199" durationms="5.034" />

<exclusive-start id="614" timestamp="2019-06-15T04:56:23.224" intervalms="30.049">
  <response-info timems="0.023" idlems="0.023" threads="0" lastid="00000000022C3900" lastname="Thread-8" />
</exclusive-start>
<allocation-taxation id="615" taxation-threshold="38797312" timestamp="2019-06-15T04:56:23.225" intervalms="30.044" />
<cycle-start id="616" type="partial gc" contextid="0" timestamp="2019-06-15T04:56:23.225" intervalms="29.943" />
<gc-start id="617" type="partial gc" contextid="616" timestamp="2019-06-15T04:56:23.225">
  <mem-info id="618" free="39845888" total="131072000" percent="30">
    <mem type="eden" free="0" total="38797312" percent="0" />
    <remembered-set count="33440" freebytes="5098240" totalbytes="5232000" percent="97" regionsoverflowed="0" regionsstable="2" regionsrebuilding="0"/>
  </mem-info>
</gc-start>
<allocation-stats totalBytes="38792880" >
  <allocated-bytes non-tlh="0" tlh="38792880" arrayletleaf="0"/>
  <largest-consumer threadName="Thread-9" threadId="00000000022CB100" bytes="11840272" />
</allocation-stats>
<gc-op id="619" type="copy forward" timems="2.525" contextid="616" timestamp="2019-06-15T04:56:23.228">
  <memory-copied type="eden" objects="3496" bytes="85456" bytesdiscarded="0" />
  <memory-copied type="other" objects="12061" bytes="426840" bytesdiscarded="0" />
  <memory-cardclean objects="9960" bytes="517336" />
  <regions eden="37" other="2" />
  <remembered-set-cleared processed="27732" cleared="1135" durationms="0.288" />
  <stringconstants candidates="4597" cleared="0"  />
</gc-op>
<gc-op id="620" type="classunload" timems="0.002" contextid="616" timestamp="2019-06-15T04:56:23.228">
  <classunload-info classloadercandidates="8" classloadersunloaded="0" classesunloaded="0" anonymousclassesunloaded="0" quiescems="0.000" setupms="0.002" scanms="0.000" postms="0.000" />
</gc-op>
<heap-resize id="621" type="expand" space="default" amount="3145728" count="1" timems="0.063" reason="excessive time being spent in gc" timestamp="2019-06-15T04:56:23.228" />
<gc-end id="622" type="partial gc" contextid="616" durationms="3.660" usertimems="4.000" systemtimems="0.000" timestamp="2019-06-15T04:56:23.228" activeThreads="1">
  <mem-info id="623" free="80740352" total="134217728" percent="60">
    <mem type="eden" free="963120" total="1048576" percent="91" />
    <remembered-set count="34240" freebytes="5220608" totalbytes="5357568" percent="97" regionsoverflowed="0" regionsstable="2" regionsrebuilding="0"/>
  </mem-info>
</gc-end>
<cycle-end id="624" type="partial gc" contextid="616" timestamp="2019-06-15T04:56:23.229" />
  <attribute name="elasticGC enabled" value="1" />
  <attribute name= "numThreadsSpecified" value="1" />
  <attribute name="heapSize specified" value="0" />
  <attribute name="Current GC Util" value="64" />
  <attribute name= "Current Time Running" value="1800" />
  <attribute name ="GC Interval" value="0" />
  <attribute name="ProportionalT" value="22.000000" />
  <attribute name="ProportionalI" value="22.000000" />
  <attribute name="ProportionalH" value="22.000000" />
  <attribute name="Current Error" value="44.000000" />
  <attribute name="IntegralT" value="0.000000" />
  <attribute name="IntegralI" value="0.000000" />
  <attribute name="IntegralH" value="0.000000" />
  <attribute name="DerivativeT" value="inf" />
  <attribute name="DerivativeI" value="inf" />
  <attribute name="DerivativeH" value="inf" />
  <attribute name="Loop Time for DT" value="0.000000" />
  <attribute name="Output H" value="8388608"/>
  <attribute name="Output I" value="200"/>
  <attribute name="Output T" value="1"/>
  <attribute name="Target GC Util Change" value ="20.000000" />
  <attribute name="Current GC Util Change" value="64.000000"/>
  <attribute name="GC Util currently" value="64" />
  <attribute name="CPU Util currently" value="22497565752611" />
<exclusive-end id="625" timestamp="2019-06-15T04:56:23.229" durationms="4.398" />

<exclusive-start id="626" timestamp="2019-06-15T04:56:23.255" intervalms="30.199">
  <response-info timems="0.032" idlems="0.032" threads="0" lastid="00000000022BFD00" lastname="Thread-10" />
</exclusive-start>
<allocation-taxation id="627" taxation-threshold="39845888" timestamp="2019-06-15T04:56:23.255" intervalms="30.296" />
<cycle-start id="628" type="partial gc" contextid="0" timestamp="2019-06-15T04:56:23.255" intervalms="30.328" />
<gc-start id="629" type="partial gc" contextid="628" timestamp="2019-06-15T04:56:23.255">
  <mem-info id="630" free="40894464" total="134217728" percent="30">
    <mem type="eden" free="0" total="39845888" percent="0" />
    <remembered-set count="34240" freebytes="5220608" totalbytes="5357568" percent="97" regionsoverflowed="0" regionsstable="2" regionsrebuilding="0"/>
  </mem-info>
</gc-start>
<allocation-stats totalBytes="39841272" >
  <allocated-bytes non-tlh="0" tlh="39841272" arrayletleaf="0"/>
  <largest-consumer threadName="Thread-9" threadId="00000000022CB100" bytes="11049728" />
</allocation-stats>
<gc-op id="631" type="copy forward" timems="2.943" contextid="628" timestamp="2019-06-15T04:56:23.259">
  <memory-copied type="eden" objects="9338" bytes="362568" bytesdiscarded="0" />
  <memory-copied type="other" objects="11484" bytes="412992" bytesdiscarded="0" />
  <memory-cardclean objects="8161" bytes="415720" />
  <regions eden="38" other="2" />
  <remembered-set-cleared processed="28587" cleared="1365" durationms="0.303" />
  <stringconstants candidates="4597" cleared="0"  />
</gc-op>
<gc-op id="632" type="classunload" timems="0.001" contextid="628" timestamp="2019-06-15T04:56:23.259">
  <classunload-info classloadercandidates="8" classloadersunloaded="0" classesunloaded="0" anonymousclassesunloaded="0" quiescems="0.000" setupms="0.001" scanms="0.000" postms="0.000" />
</gc-op>
<heap-resize id="633" type="expand" space="default" amount="2097152" count="1" timems="0.057" reason="excessive time being spent in gc" timestamp="2019-06-15T04:56:23.259" />
<gc-end id="634" type="partial gc" contextid="628" durationms="4.250" usertimems="0.000" systemtimems="0.000" timestamp="2019-06-15T04:56:23.259" activeThreads="1">
  <mem-info id="635" free="81788928" total="136314880" percent="60">
    <mem type="eden" free="686008" total="1048576" percent="65" />
    <remembered-set count="35424" freebytes="5299584" totalbytes="5441280" percent="97" regionsoverflowed="0" regionsstable="2" regionsrebuilding="0"/>
  </mem-info>
</gc-end>
<cycle-end id="636" type="partial gc" contextid="628" timestamp="2019-06-15T04:56:23.260" />
  <attribute name="elasticGC enabled" value="1" />
  <attribute name= "numThreadsSpecified" value="1" />
  <attribute name="heapSize specified" value="0" />
  <attribute name="Current GC Util" value="65" />
  <attribute name= "Current Time Running" value="1830" />
  <attribute name ="GC Interval" value="0" />
  <attribute name="ProportionalT" value="22.500000" />
  <attribute name="ProportionalI" value="22.500000" />
  <attribute name="ProportionalH" value="22.500000" />
  <attribute name="Current Error" value="45.000000" />
  <attribute name="IntegralT" value="0.000000" />
  <attribute name="IntegralI" value="0.000000" />
  <attribute name="IntegralH" value="0.000000" />
  <attribute name="DerivativeT" value="inf" />
  <attribute name="DerivativeI" value="inf" />
  <attribute name="DerivativeH" value="inf" />
  <attribute name="Loop Time for DT" value="0.000000" />
  <attribute name="Output H" value="8388608"/>
  <attribute name="Output I" value="200"/>
  <attribute name="Output T" value="1"/>
  <attribute name="Target GC Util Change" value ="20.000000" />
  <attribute name="Current GC Util Change" value="65.000000"/>
  <attribute name="GC Util currently" value="65" />
  <attribute name="CPU Util currently" value="19399491900316" />
<exclusive-end id="637" timestamp="2019-06-15T04:56:23.260" durationms="5.211" />

<exclusive-start id="638" timestamp="2019-06-15T04:56:23.293" intervalms="38.320">
  <response-info timems="0.030" idlems="0.030" threads="0" lastid="00000000022CB100" lastname="Thread-9" />
</exclusive-start>
<allocation-taxation id="639" taxation-threshold="40894464" timestamp="2019-06-15T04:56:23.293" intervalms="38.368" />
<cycle-start id="640" type="partial gc" contextid="0" timestamp="2019-06-15T04:56:23.293" intervalms="38.442" />
<gc-start id="641" type="partial gc" contextid="640" timestamp="2019-06-15T04:56:23.294">
  <mem-info id="642" free="40894464" total="136314880" percent="30">
    <mem type="eden" free="0" total="40894464" percent="0" />
    <remembered-set count="35040" freebytes="5301120" totalbytes="5441280" percent="97" regionsoverflowed="0" regionsstable="2" regionsrebuilding="0"/>
  </mem-info>
</gc-start>
<allocation-stats totalBytes="40888896" >
  <allocated-bytes non-tlh="0" tlh="40888896" arrayletleaf="0"/>
  <largest-consumer threadName="Thread-9" threadId="00000000022CB100" bytes="13920472" />
</allocation-stats>
<gc-op id="643" type="copy forward" timems="4.052" contextid="640" timestamp="2019-06-15T04:56:23.299">
  <memory-copied type="eden" objects="22302" bytes="948560" bytesdiscarded="0" />
  <memory-copied type="other" objects="12366" bytes="434160" bytesdiscarded="0" />
  <memory-cardclean objects="10109" bytes="536464" />
  <regions eden="39" other="2" />
  <remembered-set-cleared processed="29301" cleared="1295" durationms="0.323" />
  <stringconstants candidates="4597" cleared="0"  />
</gc-op>
<gc-op id="644" type="classunload" timems="0.002" contextid="640" timestamp="2019-06-15T04:56:23.299">
  <classunload-info classloadercandidates="8" classloadersunloaded="0" classesunloaded="0" anonymousclassesunloaded="0" quiescems="0.000" setupms="0.002" scanms="0.000" postms="0.000" />
</gc-op>
<heap-resize id="645" type="expand" space="default" amount="3145728" count="1" timems="0.068" reason="excessive time being spent in gc" timestamp="2019-06-15T04:56:23.299" />
<gc-end id="646" type="partial gc" contextid="640" durationms="5.551" usertimems="0.000" systemtimems="4.000" timestamp="2019-06-15T04:56:23.299" activeThreads="1">
  <mem-info id="647" free="83886080" total="139460608" percent="60">
    <mem type="eden" free="100016" total="1048576" percent="9" />
    <remembered-set count="36192" freebytes="5422080" totalbytes="5566848" percent="97" regionsoverflowed="0" regionsstable="2" regionsrebuilding="0"/>
  </mem-info>
</gc-end>
<cycle-end id="648" type="partial gc" contextid="640" timestamp="2019-06-15T04:56:23.300" />
  <attribute name="elasticGC enabled" value="1" />
  <attribute name= "numThreadsSpecified" value="1" />
  <attribute name="heapSize specified" value="0" />
  <attribute name="Current GC Util" value="62" />
  <attribute name= "Current Time Running" value="1869" />
  <attribute name ="GC Interval" value="0" />
  <attribute name="ProportionalT" value="21.000000" />
  <attribute name="ProportionalI" value="21.000000" />
  <attribute name="ProportionalH" value="21.000000" />
  <attribute name="Current Error" value="42.000000" />
  <attribute name="IntegralT" value="0.000000" />
  <attribute name="IntegralI" value="0.000000" />
  <attribute name="IntegralH" value="0.000000" />
  <attribute name="DerivativeT" value="inf" />
  <attribute name="DerivativeI" value="inf" />
  <attribute name="DerivativeH" value="inf" />
  <attribute name="Loop Time for DT" value="0.000000" />
  <attribute name="Output H" value="8388608"/>
  <attribute name="Output I" value="200"/>
  <attribute name="Output T" value="1"/>
  <attribute name="Target GC Util Change" value ="20.000000" />
  <attribute name="Current GC Util Change" value="62.000000"/>
  <attribute name="GC Util currently" value="62" />
  <attribute name="CPU Util currently" value="15966396317570" />
<exclusive-end id="649" timestamp="2019-06-15T04:56:23.300" durationms="6.866" />

<exclusive-start id="650" timestamp="2019-06-15T04:56:23.329" intervalms="35.671">
  <response-info timems="0.342" idlems="0.342" threads="0" lastid="00000000022CB100" lastname="Thread-9" />
</exclusive-start>
<allocation-taxation id="651" taxation-threshold="40894464" timestamp="2019-06-15T04:56:23.329" intervalms="35.639" />
<cycle-start id="652" type="partial gc" contextid="0" timestamp="2019-06-15T04:56:23.329" intervalms="35.645" />
<gc-start id="653" type="partial gc" contextid="652" timestamp="2019-06-15T04:56:23.329">
  <mem-info id="654" free="42991616" total="139460608" percent="30">
    <mem type="eden" free="0" total="40894464" percent="0" />
    <remembered-set count="35840" freebytes="5423488" totalbytes="5566848" percent="97" regionsoverflowed="0" regionsstable="2" regionsrebuilding="0"/>
  </mem-info>
</gc-start>
<allocation-stats totalBytes="40889280" >
  <allocated-bytes non-tlh="0" tlh="40889280" arrayletleaf="0"/>
  <largest-consumer threadName="Thread-8" threadId="00000000022C3900" bytes="13191648" />
</allocation-stats>
<gc-op id="655" type="copy forward" timems="2.572" contextid="652" timestamp="2019-06-15T04:56:23.333">
  <memory-copied type="eden" objects="5112" bytes="124416" bytesdiscarded="28472" />
  <memory-copied type="other" objects="31235" bytes="1299144" bytesdiscarded="80568" />
  <memory-cardclean objects="7089" bytes="372688" />
  <regions eden="39" other="2" />
  <remembered-set-cleared processed="30252" cleared="1522" durationms="0.180" />
  <stringconstants candidates="4597" cleared="0"  />
</gc-op>
<gc-op id="656" type="classunload" timems="0.003" contextid="652" timestamp="2019-06-15T04:56:23.333">
  <classunload-info classloadercandidates="8" classloadersunloaded="0" classesunloaded="0" anonymousclassesunloaded="0" quiescems="0.000" setupms="0.002" scanms="0.000" postms="0.000" />
</gc-op>
<heap-resize id="657" type="expand" space="default" amount="5242880" count="1" timems="0.089" reason="excessive time being spent in gc" timestamp="2019-06-15T04:56:23.333" />
<gc-end id="658" type="partial gc" contextid="652" durationms="4.096" usertimems="8.000" systemtimems="0.000" timestamp="2019-06-15T04:56:23.334" activeThreads="4">
  <mem-info id="659" free="87031808" total="144703488" percent="60">
    <mem type="eden" free="1944264" total="2097152" percent="92" />
    <remembered-set count="35104" freebytes="5635712" totalbytes="5776128" percent="97" regionsoverflowed="0" regionsstable="2" regionsrebuilding="0"/>
  </mem-info>
</gc-end>
<cycle-end id="660" type="partial gc" contextid="652" timestamp="2019-06-15T04:56:23.334" />
  <attribute name="elasticGC enabled" value="1" />
  <attribute name= "numThreadsSpecified" value="4" />
  <attribute name="heapSize specified" value="0" />
  <attribute name="Current GC Util" value="59" />
  <attribute name= "Current Time Running" value="1905" />
  <attribute name ="GC Interval" value="0" />
  <attribute name="ProportionalT" value="19.500000" />
  <attribute name="ProportionalI" value="19.500000" />
  <attribute name="ProportionalH" value="19.500000" />
  <attribute name="Current Error" value="39.000000" />
  <attribute name="IntegralT" value="39.000000" />
  <attribute name="IntegralI" value="39.000000" />
  <attribute name="IntegralH" value="39.000000" />
  <attribute name="DerivativeT" value="58.500000" />
  <attribute name="DerivativeI" value="58.500000" />
  <attribute name="DerivativeH" value="58.500000" />
  <attribute name="Loop Time for DT" value="1.000000" />
  <attribute name="Output H" value="8388608"/>
  <attribute name="Output I" value="200"/>
  <attribute name="Output T" value="4"/>
  <attribute name="Target GC Util Change" value ="20.000000" />
  <attribute name="Current GC Util Change" value="59.000000"/>
  <attribute name="GC Util currently" value="59" />
  <attribute name="CPU Util currently" value="15564876110552" />
<exclusive-end id="661" timestamp="2019-06-15T04:56:23.334" durationms="5.304" />

<exclusive-start id="662" timestamp="2019-06-15T04:56:23.359" intervalms="30.644">
  <response-info timems="0.037" idlems="0.037" threads="0" lastid="00000000022C7500" lastname="Thread-7" />
</exclusive-start>
<allocation-taxation id="663" taxation-threshold="42991616" timestamp="2019-06-15T04:56:23.359" intervalms="30.578" />
<cycle-start id="664" type="partial gc" contextid="0" timestamp="2019-06-15T04:56:23.360" intervalms="30.529" />
<gc-start id="665" type="partial gc" contextid="664" timestamp="2019-06-15T04:56:23.360">
  <mem-info id="666" free="44040192" total="144703488" percent="30">
    <mem type="eden" free="0" total="42991616" percent="0" />
    <remembered-set count="34880" freebytes="5636608" totalbytes="5776128" percent="97" regionsoverflowed="0" regionsstable="2" regionsrebuilding="0"/>
  </mem-info>
</gc-start>
<allocation-stats totalBytes="42986072" >
  <allocated-bytes non-tlh="0" tlh="42986072" arrayletleaf="0"/>
  <largest-consumer threadName="Thread-8" threadId="00000000022C3900" bytes="12417624" />
</allocation-stats>
<gc-op id="667" type="copy forward" timems="4.681" contextid="664" timestamp="2019-06-15T04:56:23.365">
  <memory-copied type="eden" objects="4241" bytes="103264" bytesdiscarded="0" />
  <memory-copied type="other" objects="36033" bytes="1414296" bytesdiscarded="0" />
  <memory-cardclean objects="7089" bytes="372688" />
  <regions eden="41" other="4" />
  <remembered-set-cleared processed="30543" cleared="1813" durationms="0.340" />
  <stringconstants candidates="4597" cleared="0"  />
</gc-op>
<gc-op id="668" type="classunload" timems="0.002" contextid="664" timestamp="2019-06-15T04:56:23.366">
  <classunload-info classloadercandidates="8" classloadersunloaded="0" classesunloaded="0" anonymousclassesunloaded="0" quiescems="0.000" setupms="0.002" scanms="0.000" postms="0.000" />
</gc-op>
<gc-end id="669" type="partial gc" contextid="664" durationms="5.924" usertimems="4.000" systemtimems="0.000" timestamp="2019-06-15T04:56:23.366" activeThreads="1">
  <mem-info id="670" free="87031808" total="144703488" percent="60">
    <mem type="eden" free="945312" total="1048576" percent="90" />
    <remembered-set count="36192" freebytes="5631360" totalbytes="5776128" percent="97" regionsoverflowed="0" regionsstable="2" regionsrebuilding="0"/>
  </mem-info>
</gc-end>
<cycle-end id="671" type="partial gc" contextid="664" timestamp="2019-06-15T04:56:23.366" />
  <attribute name="elasticGC enabled" value="1" />
  <attribute name= "numThreadsSpecified" value="1" />
  <attribute name="heapSize specified" value="0" />
  <attribute name="Current GC Util" value="44" />
  <attribute name= "Current Time Running" value="1935" />
  <attribute name ="GC Interval" value="0" />
  <attribute name="ProportionalT" value="12.000000" />
  <attribute name="ProportionalI" value="12.000000" />
  <attribute name="ProportionalH" value="12.000000" />
  <attribute name="Current Error" value="24.000000" />
  <attribute name="IntegralT" value="0.000000" />
  <attribute name="IntegralI" value="0.000000" />
  <attribute name="IntegralH" value="0.000000" />
  <attribute name="DerivativeT" value="inf" />
  <attribute name="DerivativeI" value="inf" />
  <attribute name="DerivativeH" value="inf" />
  <attribute name="Loop Time for DT" value="0.000000" />
  <attribute name="Output H" value="8388608"/>
  <attribute name="Output I" value="200"/>
  <attribute name="Output T" value="1"/>
  <attribute name="Target GC Util Change" value ="20.000000" />
  <attribute name="Current GC Util Change" value="44.000000"/>
  <attribute name="GC Util currently" value="44" />
  <attribute name="CPU Util currently" value="16690321389719" />
<exclusive-end id="672" timestamp="2019-06-15T04:56:23.366" durationms="7.009" />

<exclusive-start id="673" timestamp="2019-06-15T04:56:23.398" intervalms="38.380">
  <response-info timems="0.038" idlems="0.038" threads="0" lastid="00000000022C7500" lastname="Thread-7" />
</exclusive-start>
<allocation-taxation id="674" taxation-threshold="42991616" timestamp="2019-06-15T04:56:23.398" intervalms="38.465" />
<cycle-start id="675" type="partial gc" contextid="0" timestamp="2019-06-15T04:56:23.398" intervalms="38.499" />
<gc-start id="676" type="partial gc" contextid="675" timestamp="2019-06-15T04:56:23.398">
  <mem-info id="677" free="44040192" total="144703488" percent="30">
    <mem type="eden" free="0" total="42991616" percent="0" />
    <remembered-set count="36032" freebytes="5632000" totalbytes="5776128" percent="97" regionsoverflowed="0" regionsstable="2" regionsrebuilding="0"/>
  </mem-info>
</gc-start>
<allocation-stats totalBytes="42986192" >
  <allocated-bytes non-tlh="0" tlh="42986192" arrayletleaf="0"/>
  <largest-consumer threadName="Thread-7" threadId="00000000022C7500" bytes="12884320" />
</allocation-stats>
<gc-op id="678" type="copy forward" timems="2.647" contextid="675" timestamp="2019-06-15T04:56:23.402">
  <memory-copied type="eden" objects="5590" bytes="135880" bytesdiscarded="2944" />
  <memory-copied type="other" objects="8765" bytes="210360" bytesdiscarded="4616" />
  <memory-cardclean objects="16243" bytes="871552" />
  <regions eden="41" other="2" />
  <remembered-set-cleared processed="31715" cleared="897" durationms="0.181" />
  <stringconstants candidates="4597" cleared="0"  />
</gc-op>
<gc-op id="679" type="classunload" timems="0.002" contextid="675" timestamp="2019-06-15T04:56:23.402">
  <classunload-info classloadercandidates="8" classloadersunloaded="0" classesunloaded="0" anonymousclassesunloaded="0" quiescems="0.000" setupms="0.002" scanms="0.000" postms="0.000" />
</gc-op>
<heap-resize id="680" type="expand" space="default" amount="2097152" count="1" timems="0.074" reason="excessive time being spent in gc" timestamp="2019-06-15T04:56:23.402" />
<gc-end id="681" type="partial gc" contextid="675" durationms="4.119" usertimems="4.000" systemtimems="0.000" timestamp="2019-06-15T04:56:23.403" activeThreads="4">
  <mem-info id="682" free="88080384" total="146800640" percent="60">
    <mem type="eden" free="909752" total="1048576" percent="86" />
    <remembered-set count="36736" freebytes="5712896" totalbytes="5859840" percent="97" regionsoverflowed="0" regionsstable="2" regionsrebuilding="0"/>
  </mem-info>
</gc-end>
<cycle-end id="683" type="partial gc" contextid="675" timestamp="2019-06-15T04:56:23.403" />
  <attribute name="elasticGC enabled" value="1" />
  <attribute name= "numThreadsSpecified" value="4" />
  <attribute name="heapSize specified" value="0" />
  <attribute name="Current GC Util" value="60" />
  <attribute name= "Current Time Running" value="1974" />
  <attribute name ="GC Interval" value="0" />
  <attribute name="ProportionalT" value="20.000000" />
  <attribute name="ProportionalI" value="20.000000" />
  <attribute name="ProportionalH" value="20.000000" />
  <attribute name="Current Error" value="40.000000" />
  <attribute name="IntegralT" value="40.000000" />
  <attribute name="IntegralI" value="40.000000" />
  <attribute name="IntegralH" value="40.000000" />
  <attribute name="DerivativeT" value="60.000000" />
  <attribute name="DerivativeI" value="60.000000" />
  <attribute name="DerivativeH" value="60.000000" />
  <attribute name="Loop Time for DT" value="1.000000" />
  <attribute name="Output H" value="8388608"/>
  <attribute name="Output I" value="200"/>
  <attribute name="Output T" value="4"/>
  <attribute name="Target GC Util Change" value ="20.000000" />
  <attribute name="Current GC Util Change" value="60.000000"/>
  <attribute name="GC Util currently" value="60" />
  <attribute name="CPU Util currently" value="17786303046194" />
<exclusive-end id="684" timestamp="2019-06-15T04:56:23.403" durationms="5.381" />

<exclusive-start id="685" timestamp="2019-06-15T04:56:23.428" intervalms="30.299">
  <response-info timems="0.027" idlems="0.027" threads="0" lastid="00000000022CB100" lastname="Thread-9" />
</exclusive-start>
<allocation-taxation id="686" taxation-threshold="42991616" timestamp="2019-06-15T04:56:23.428" intervalms="30.262" />
<cycle-start id="687" type="partial gc" contextid="0" timestamp="2019-06-15T04:56:23.428" intervalms="30.268" />
<gc-start id="688" type="partial gc" contextid="687" timestamp="2019-06-15T04:56:23.429">
  <mem-info id="689" free="45088768" total="146800640" percent="30">
    <mem type="eden" free="0" total="42991616" percent="0" />
    <remembered-set count="36736" freebytes="5712896" totalbytes="5859840" percent="97" regionsoverflowed="0" regionsstable="2" regionsrebuilding="0"/>
  </mem-info>
</gc-start>
<allocation-stats totalBytes="42986016" >
  <allocated-bytes non-tlh="0" tlh="42986016" arrayletleaf="0"/>
  <largest-consumer threadName="Thread-8" threadId="00000000022C3900" bytes="13822384" />
</allocation-stats>
<gc-op id="690" type="copy forward" timems="3.671" contextid="687" timestamp="2019-06-15T04:56:23.433">
  <memory-copied type="eden" objects="20512" bytes="906104" bytesdiscarded="0" />
  <memory-copied type="other" objects="9232" bytes="221568" bytesdiscarded="0" />
  <memory-cardclean objects="12316" bytes="618856" />
  <regions eden="41" other="2" />
  <remembered-set-cleared processed="32667" cleared="1070" durationms="0.364" />
  <stringconstants candidates="4597" cleared="0"  />
</gc-op>
<gc-op id="691" type="classunload" timems="0.002" contextid="687" timestamp="2019-06-15T04:56:23.433">
  <classunload-info classloadercandidates="8" classloadersunloaded="0" classesunloaded="0" anonymousclassesunloaded="0" quiescems="0.000" setupms="0.002" scanms="0.000" postms="0.000" />
</gc-op>
<heap-resize id="692" type="expand" space="default" amount="3145728" count="1" timems="0.077" reason="excessive time being spent in gc" timestamp="2019-06-15T04:56:23.434" />
<gc-end id="693" type="partial gc" contextid="687" durationms="5.227" usertimems="4.000" systemtimems="0.000" timestamp="2019-06-15T04:56:23.434" activeThreads="1">
  <mem-info id="694" free="90177536" total="149946368" percent="60">
    <mem type="eden" free="142472" total="1048576" percent="13" />
    <remembered-set count="37728" freebytes="5834496" totalbytes="5985408" percent="97" regionsoverflowed="0" regionsstable="2" regionsrebuilding="0"/>
  </mem-info>
</gc-end>
<cycle-end id="695" type="partial gc" contextid="687" timestamp="2019-06-15T04:56:23.434" />
  <attribute name="elasticGC enabled" value="1" />
  <attribute name= "numThreadsSpecified" value="1" />
  <attribute name="heapSize specified" value="0" />
  <attribute name="Current GC Util" value="55" />
  <attribute name= "Current Time Running" value="2004" />
  <attribute name ="GC Interval" value="0" />
  <attribute name="ProportionalT" value="17.500000" />
  <attribute name="ProportionalI" value="17.500000" />
  <attribute name="ProportionalH" value="17.500000" />
  <attribute name="Current Error" value="35.000000" />
  <attribute name="IntegralT" value="0.000000" />
  <attribute name="IntegralI" value="0.000000" />
  <attribute name="IntegralH" value="0.000000" />
  <attribute name="DerivativeT" value="inf" />
  <attribute name="DerivativeI" value="inf" />
  <attribute name="DerivativeH" value="inf" />
  <attribute name="Loop Time for DT" value="0.000000" />
  <attribute name="Output H" value="8388608"/>
  <attribute name="Output I" value="200"/>
  <attribute name="Output T" value="1"/>
  <attribute name="Target GC Util Change" value ="20.000000" />
  <attribute name="Current GC Util Change" value="55.000000"/>
  <attribute name="GC Util currently" value="55" />
  <attribute name="CPU Util currently" value="15582283955374" />
<exclusive-end id="696" timestamp="2019-06-15T04:56:23.434" durationms="6.438" />

<exclusive-start id="697" timestamp="2019-06-15T04:56:23.456" intervalms="27.602">
  <response-info timems="0.036" idlems="0.036" threads="0" lastid="00000000022C7500" lastname="Thread-7" />
</exclusive-start>
<allocation-taxation id="698" taxation-threshold="44040192" timestamp="2019-06-15T04:56:23.456" intervalms="27.587" />
<cycle-start id="699" type="partial gc" contextid="0" timestamp="2019-06-15T04:56:23.456" intervalms="27.572" />
<gc-start id="700" type="partial gc" contextid="699" timestamp="2019-06-15T04:56:23.456">
  <mem-info id="701" free="46137344" total="149946368" percent="30">
    <mem type="eden" free="0" total="44040192" percent="0" />
    <remembered-set count="37248" freebytes="5836416" totalbytes="5985408" percent="97" regionsoverflowed="0" regionsstable="2" regionsrebuilding="0"/>
  </mem-info>
</gc-start>
<allocation-stats totalBytes="44034904" >
  <allocated-bytes non-tlh="0" tlh="44034904" arrayletleaf="0"/>
  <largest-consumer threadName="Thread-8" threadId="00000000022C3900" bytes="12528328" />
</allocation-stats>
<gc-op id="702" type="copy forward" timems="3.944" contextid="699" timestamp="2019-06-15T04:56:23.461">
  <memory-copied type="eden" objects="5802" bytes="140832" bytesdiscarded="0" />
  <memory-copied type="other" objects="25459" bytes="1023144" bytesdiscarded="0" />
  <memory-cardclean objects="8955" bytes="458032" />
  <regions eden="42" other="2" />
  <remembered-set-cleared processed="33596" cleared="1130" durationms="0.362" />
  <stringconstants candidates="4597" cleared="0"  />
</gc-op>
<gc-op id="703" type="classunload" timems="0.002" contextid="699" timestamp="2019-06-15T04:56:23.461">
  <classunload-info classloadercandidates="8" classloadersunloaded="0" classesunloaded="0" anonymousclassesunloaded="0" quiescems="0.000" setupms="0.001" scanms="0.000" postms="0.000" />
</gc-op>
<heap-resize id="704" type="expand" space="default" amount="2097152" count="1" timems="0.069" reason="excessive time being spent in gc" timestamp="2019-06-15T04:56:23.461" />
<gc-end id="705" type="partial gc" contextid="699" durationms="5.379" usertimems="8.000" systemtimems="0.000" timestamp="2019-06-15T04:56:23.462" activeThreads="1">
  <mem-info id="706" free="91226112" total="152043520" percent="60">
    <mem type="eden" free="907744" total="1048576" percent="86" />
    <remembered-set count="38624" freebytes="5914624" totalbytes="6069120" percent="97" regionsoverflowed="0" regionsstable="2" regionsrebuilding="0"/>
  </mem-info>
</gc-end>
<cycle-end id="707" type="partial gc" contextid="699" timestamp="2019-06-15T04:56:23.462" />
  <attribute name="elasticGC enabled" value="1" />
  <attribute name= "numThreadsSpecified" value="1" />
  <attribute name="heapSize specified" value="0" />
  <attribute name="Current GC Util" value="63" />
  <attribute name= "Current Time Running" value="2031" />
  <attribute name ="GC Interval" value="0" />
  <attribute name="ProportionalT" value="21.500000" />
  <attribute name="ProportionalI" value="21.500000" />
  <attribute name="ProportionalH" value="21.500000" />
  <attribute name="Current Error" value="43.000000" />
  <attribute name="IntegralT" value="0.000000" />
  <attribute name="IntegralI" value="0.000000" />
  <attribute name="IntegralH" value="0.000000" />
  <attribute name="DerivativeT" value="inf" />
  <attribute name="DerivativeI" value="inf" />
  <attribute name="DerivativeH" value="inf" />
  <attribute name="Loop Time for DT" value="0.000000" />
  <attribute name="Output H" value="8388608"/>
  <attribute name="Output I" value="200"/>
  <attribute name="Output T" value="1"/>
  <attribute name="Target GC Util Change" value ="20.000000" />
  <attribute name="Current GC Util Change" value="63.000000"/>
  <attribute name="GC Util currently" value="63" />
  <attribute name="CPU Util currently" value="16542325382490" />
<exclusive-end id="708" timestamp="2019-06-15T04:56:23.462" durationms="6.409" />

<exclusive-start id="709" timestamp="2019-06-15T04:56:23.483" intervalms="27.636">
  <response-info timems="0.066" idlems="0.066" threads="0" lastid="00000000022BFD00" lastname="Thread-10" />
</exclusive-start>
<allocation-taxation id="710" taxation-threshold="44040192" timestamp="2019-06-15T04:56:23.483" intervalms="27.602" />
<cycle-start id="711" type="partial gc" contextid="0" timestamp="2019-06-15T04:56:23.484" intervalms="27.614" />
<gc-start id="712" type="partial gc" contextid="711" timestamp="2019-06-15T04:56:23.484">
  <mem-info id="713" free="47185920" total="152043520" percent="31">
    <mem type="eden" free="0" total="44040192" percent="0" />
    <remembered-set count="38368" freebytes="5915648" totalbytes="6069120" percent="97" regionsoverflowed="0" regionsstable="2" regionsrebuilding="0"/>
  </mem-info>
</gc-start>
<allocation-stats totalBytes="44034832" >
  <allocated-bytes non-tlh="0" tlh="44034832" arrayletleaf="0"/>
  <largest-consumer threadName="Thread-8" threadId="00000000022C3900" bytes="13019752" />
</allocation-stats>
<gc-op id="714" type="copy forward" timems="3.874" contextid="711" timestamp="2019-06-15T04:56:23.488">
  <memory-copied type="eden" objects="10779" bytes="397496" bytesdiscarded="0" />
  <memory-copied type="other" objects="25719" bytes="1029384" bytesdiscarded="0" />
  <memory-cardclean objects="2937" bytes="173224" />
  <regions eden="42" other="2" />
  <remembered-set-cleared processed="34652" cleared="993" durationms="0.398" />
  <stringconstants candidates="4597" cleared="0"  />
</gc-op>
<gc-op id="715" type="classunload" timems="0.002" contextid="711" timestamp="2019-06-15T04:56:23.489">
  <classunload-info classloadercandidates="8" classloadersunloaded="0" classesunloaded="0" anonymousclassesunloaded="0" quiescems="0.000" setupms="0.002" scanms="0.000" postms="0.000" />
</gc-op>
<heap-resize id="716" type="expand" space="default" amount="3145728" count="1" timems="0.075" reason="excessive time being spent in gc" timestamp="2019-06-15T04:56:23.489" />
<gc-end id="717" type="partial gc" contextid="711" durationms="5.259" usertimems="4.000" systemtimems="0.000" timestamp="2019-06-15T04:56:23.489" activeThreads="1">
  <mem-info id="718" free="93323264" total="155189248" percent="60">
    <mem type="eden" free="651080" total="1048576" percent="62" />
    <remembered-set count="39328" freebytes="6037376" totalbytes="6194688" percent="97" regionsoverflowed="0" regionsstable="2" regionsrebuilding="0"/>
  </mem-info>
</gc-end>
<cycle-end id="719" type="partial gc" contextid="711" timestamp="2019-06-15T04:56:23.489" />
  <attribute name="elasticGC enabled" value="1" />
  <attribute name= "numThreadsSpecified" value="1" />
  <attribute name="heapSize specified" value="0" />
  <attribute name="Current GC Util" value="50" />
  <attribute name= "Current Time Running" value="2059" />
  <attribute name ="GC Interval" value="0" />
  <attribute name="ProportionalT" value="15.000000" />
  <attribute name="ProportionalI" value="15.000000" />
  <attribute name="ProportionalH" value="15.000000" />
  <attribute name="Current Error" value="30.000000" />
  <attribute name="IntegralT" value="0.000000" />
  <attribute name="IntegralI" value="0.000000" />
  <attribute name="IntegralH" value="0.000000" />
  <attribute name="DerivativeT" value="inf" />
  <attribute name="DerivativeI" value="inf" />
  <attribute name="DerivativeH" value="inf" />
  <attribute name="Loop Time for DT" value="0.000000" />
  <attribute name="Output H" value="8388608"/>
  <attribute name="Output I" value="200"/>
  <attribute name="Output T" value="1"/>
  <attribute name="Target GC Util Change" value ="20.000000" />
  <attribute name="Current GC Util Change" value="50.000000"/>
  <attribute name="GC Util currently" value="50" />
  <attribute name="CPU Util currently" value="17078737199625" />
<exclusive-end id="720" timestamp="2019-06-15T04:56:23.490" durationms="6.317" />

<exclusive-start id="721" timestamp="2019-06-15T04:56:23.511" intervalms="27.689">
  <response-info timems="0.037" idlems="0.037" threads="0" lastid="00000000022C3900" lastname="Thread-8" />
</exclusive-start>
<allocation-taxation id="722" taxation-threshold="45088768" timestamp="2019-06-15T04:56:23.511" intervalms="27.706" />
<cycle-start id="723" type="partial gc" contextid="0" timestamp="2019-06-15T04:56:23.511" intervalms="27.649" />
<gc-start id="724" type="partial gc" contextid="723" timestamp="2019-06-15T04:56:23.511">
  <mem-info id="725" free="48234496" total="155189248" percent="31">
    <mem type="eden" free="0" total="45088768" percent="0" />
    <remembered-set count="39264" freebytes="6037632" totalbytes="6194688" percent="97" regionsoverflowed="0" regionsstable="2" regionsrebuilding="0"/>
  </mem-info>
</gc-start>
<allocation-stats totalBytes="45083488" >
  <allocated-bytes non-tlh="0" tlh="45083488" arrayletleaf="0"/>
  <largest-consumer threadName="Thread-8" threadId="00000000022C3900" bytes="13290056" />
</allocation-stats>
<gc-op id="726" type="copy forward" timems="4.010" contextid="723" timestamp="2019-06-15T04:56:23.516">
  <memory-copied type="eden" objects="16583" bytes="674704" bytesdiscarded="0" />
  <memory-copied type="other" objects="16029" bytes="522072" bytesdiscarded="0" />
  <memory-cardclean objects="13666" bytes="740800" />
  <regions eden="43" other="2" />
  <remembered-set-cleared processed="35196" cleared="993" durationms="0.352" />
  <stringconstants candidates="4597" cleared="0"  />
</gc-op>
<gc-op id="727" type="classunload" timems="0.002" contextid="723" timestamp="2019-06-15T04:56:23.516">
  <classunload-info classloadercandidates="8" classloadersunloaded="0" classesunloaded="0" anonymousclassesunloaded="0" quiescems="0.000" setupms="0.002" scanms="0.000" postms="0.000" />
</gc-op>
<heap-resize id="728" type="expand" space="default" amount="2097152" count="1" timems="0.059" reason="excessive time being spent in gc" timestamp="2019-06-15T04:56:23.517" />
<gc-end id="729" type="partial gc" contextid="723" durationms="5.363" usertimems="4.000" systemtimems="0.000" timestamp="2019-06-15T04:56:23.517" activeThreads="1">
  <mem-info id="730" free="94371840" total="157286400" percent="60">
    <mem type="eden" free="373872" total="1048576" percent="35" />
    <remembered-set count="40416" freebytes="6116736" totalbytes="6278400" percent="97" regionsoverflowed="0" regionsstable="2" regionsrebuilding="0"/>
  </mem-info>
</gc-end>
<cycle-end id="731" type="partial gc" contextid="723" timestamp="2019-06-15T04:56:23.517" />
  <attribute name="elasticGC enabled" value="1" />
  <attribute name= "numThreadsSpecified" value="1" />
  <attribute name="heapSize specified" value="0" />
  <attribute name="Current GC Util" value="63" />
  <attribute name= "Current Time Running" value="2086" />
  <attribute name ="GC Interval" value="0" />
  <attribute name="ProportionalT" value="21.500000" />
  <attribute name="ProportionalI" value="21.500000" />
  <attribute name="ProportionalH" value="21.500000" />
  <attribute name="Current Error" value="43.000000" />
  <attribute name="IntegralT" value="0.000000" />
  <attribute name="IntegralI" value="0.000000" />
  <attribute name="IntegralH" value="0.000000" />
  <attribute name="DerivativeT" value="inf" />
  <attribute name="DerivativeI" value="inf" />
  <attribute name="DerivativeH" value="inf" />
  <attribute name="Loop Time for DT" value="0.000000" />
  <attribute name="Output H" value="8388608"/>
  <attribute name="Output I" value="200"/>
  <attribute name="Output T" value="1"/>
  <attribute name="Target GC Util Change" value ="20.000000" />
  <attribute name="Current GC Util Change" value="63.000000"/>
  <attribute name="GC Util currently" value="63" />
  <attribute name="CPU Util currently" value="17144005368841" />
<exclusive-end id="732" timestamp="2019-06-15T04:56:23.517" durationms="6.244" />

<exclusive-start id="733" timestamp="2019-06-15T04:56:23.540" intervalms="28.670">
  <response-info timems="0.031" idlems="0.031" threads="1" lastid="00000000022BFD00" lastname="Thread-10" />
</exclusive-start>
<allocation-taxation id="734" taxation-threshold="46137344" timestamp="2019-06-15T04:56:23.540" intervalms="28.673" />
<cycle-start id="735" type="partial gc" contextid="0" timestamp="2019-06-15T04:56:23.540" intervalms="28.627" />
<gc-start id="736" type="partial gc" contextid="735" timestamp="2019-06-15T04:56:23.540">
  <mem-info id="737" free="48234496" total="157286400" percent="30">
    <mem type="eden" free="0" total="46137344" percent="0" />
    <remembered-set count="40224" freebytes="6117504" totalbytes="6278400" percent="97" regionsoverflowed="0" regionsstable="2" regionsrebuilding="0"/>
  </mem-info>
</gc-start>
<allocation-stats totalBytes="46131728" >
  <allocated-bytes non-tlh="0" tlh="46131728" arrayletleaf="0"/>
  <largest-consumer threadName="Thread-8" threadId="00000000022C3900" bytes="14379384" />
</allocation-stats>
<gc-op id="738" type="copy forward" timems="4.184" contextid="735" timestamp="2019-06-15T04:56:23.545">
  <memory-copied type="eden" objects="9280" bytes="361752" bytesdiscarded="0" />
  <memory-copied type="other" objects="26724" bytes="1053504" bytesdiscarded="0" />
  <memory-cardclean objects="9316" bytes="479176" />
  <regions eden="44" other="2" />
  <remembered-set-cleared processed="36325" cleared="1207" durationms="0.368" />
  <stringconstants candidates="4597" cleared="0"  />
</gc-op>
<gc-op id="739" type="classunload" timems="0.002" contextid="735" timestamp="2019-06-15T04:56:23.545">
  <classunload-info classloadercandidates="8" classloadersunloaded="0" classesunloaded="0" anonymousclassesunloaded="0" quiescems="0.000" setupms="0.002" scanms="0.000" postms="0.000" />
</gc-op>
<heap-resize id="740" type="expand" space="default" amount="3145728" count="1" timems="0.066" reason="excessive time being spent in gc" timestamp="2019-06-15T04:56:23.545" />
<gc-end id="741" type="partial gc" contextid="735" durationms="5.370" usertimems="4.000" systemtimems="0.000" timestamp="2019-06-15T04:56:23.545" activeThreads="1">
  <mem-info id="742" free="96468992" total="160432128" percent="60">
    <mem type="eden" free="686824" total="1048576" percent="65" />
    <remembered-set count="41376" freebytes="6238464" totalbytes="6403968" percent="97" regionsoverflowed="0" regionsstable="2" regionsrebuilding="0"/>
  </mem-info>
</gc-end>
<cycle-end id="743" type="partial gc" contextid="735" timestamp="2019-06-15T04:56:23.546" />
  <attribute name="elasticGC enabled" value="1" />
  <attribute name= "numThreadsSpecified" value="1" />
  <attribute name="heapSize specified" value="0" />
  <attribute name="Current GC Util" value="66" />
  <attribute name= "Current Time Running" value="2115" />
  <attribute name ="GC Interval" value="0" />
  <attribute name="ProportionalT" value="23.000000" />
  <attribute name="ProportionalI" value="23.000000" />
  <attribute name="ProportionalH" value="23.000000" />
  <attribute name="Current Error" value="46.000000" />
  <attribute name="IntegralT" value="0.000000" />
  <attribute name="IntegralI" value="0.000000" />
  <attribute name="IntegralH" value="0.000000" />
  <attribute name="DerivativeT" value="inf" />
  <attribute name="DerivativeI" value="inf" />
  <attribute name="DerivativeH" value="inf" />
  <attribute name="Loop Time for DT" value="0.000000" />
  <attribute name="Output H" value="8388608"/>
  <attribute name="Output I" value="200"/>
  <attribute name="Output T" value="1"/>
  <attribute name="Target GC Util Change" value ="20.000000" />
  <attribute name="Current GC Util Change" value="66.000000"/>
  <attribute name="GC Util currently" value="66" />
  <attribute name="CPU Util currently" value="19293335615095" />
<exclusive-end id="744" timestamp="2019-06-15T04:56:23.546" durationms="6.205" />

<exclusive-start id="745" timestamp="2019-06-15T04:56:23.566" intervalms="26.450">
  <response-info timems="0.024" idlems="0.024" threads="0" lastid="00000000022C3900" lastname="Thread-8" />
</exclusive-start>
<allocation-taxation id="746" taxation-threshold="46137344" timestamp="2019-06-15T04:56:23.566" intervalms="26.458" />
<cycle-start id="747" type="partial gc" contextid="0" timestamp="2019-06-15T04:56:23.566" intervalms="26.459" />
<gc-start id="748" type="partial gc" contextid="747" timestamp="2019-06-15T04:56:23.567">
  <mem-info id="749" free="50331648" total="160432128" percent="31">
    <mem type="eden" free="0" total="46137344" percent="0" />
    <remembered-set count="41024" freebytes="6239872" totalbytes="6403968" percent="97" regionsoverflowed="0" regionsstable="2" regionsrebuilding="0"/>
  </mem-info>
</gc-start>
<allocation-stats totalBytes="46132480" >
  <allocated-bytes non-tlh="0" tlh="46132480" arrayletleaf="0"/>
  <largest-consumer threadName="Thread-8" threadId="00000000022C3900" bytes="13646496" />
</allocation-stats>
<gc-op id="750" type="copy forward" timems="3.503" contextid="747" timestamp="2019-06-15T04:56:23.571">
  <memory-copied type="eden" objects="2609" bytes="64320" bytesdiscarded="0" />
  <memory-copied type="other" objects="25251" bytes="1018152" bytesdiscarded="0" />
  <memory-cardclean objects="7645" bytes="414328" />
  <regions eden="44" other="2" />
  <remembered-set-cleared processed="37124" cleared="1066" durationms="0.377" />
  <stringconstants candidates="4597" cleared="0"  />
</gc-op>
<gc-op id="751" type="classunload" timems="0.002" contextid="747" timestamp="2019-06-15T04:56:23.571">
  <classunload-info classloadercandidates="8" classloadersunloaded="0" classesunloaded="0" anonymousclassesunloaded="0" quiescems="0.000" setupms="0.001" scanms="0.000" postms="0.000" />
</gc-op>
<heap-resize id="752" type="expand" space="default" amount="2097152" count="1" timems="0.060" reason="excessive time being spent in gc" timestamp="2019-06-15T04:56:23.571" />
<gc-end id="753" type="partial gc" contextid="747" durationms="4.709" usertimems="4.000" systemtimems="0.000" timestamp="2019-06-15T04:56:23.571" activeThreads="1">
  <mem-info id="754" free="97517568" total="162529280" percent="60">
    <mem type="eden" free="984256" total="1048576" percent="93" />
    <remembered-set count="41824" freebytes="6320384" totalbytes="6487680" percent="97" regionsoverflowed="0" regionsstable="2" regionsrebuilding="0"/>
  </mem-info>
</gc-end>
<cycle-end id="755" type="partial gc" contextid="747" timestamp="2019-06-15T04:56:23.571" />
  <attribute name="elasticGC enabled" value="1" />
  <attribute name= "numThreadsSpecified" value="1" />
  <attribute name="heapSize specified" value="0" />
  <attribute name="Current GC Util" value="61" />
  <attribute name= "Current Time Running" value="2141" />
  <attribute name ="GC Interval" value="0" />
  <attribute name="ProportionalT" value="20.500000" />
  <attribute name="ProportionalI" value="20.500000" />
  <attribute name="ProportionalH" value="20.500000" />
  <attribute name="Current Error" value="41.000000" />
  <attribute name="IntegralT" value="0.000000" />
  <attribute name="IntegralI" value="0.000000" />
  <attribute name="IntegralH" value="0.000000" />
  <attribute name="DerivativeT" value="inf" />
  <attribute name="DerivativeI" value="inf" />
  <attribute name="DerivativeH" value="inf" />
  <attribute name="Loop Time for DT" value="0.000000" />
  <attribute name="Output H" value="8388608"/>
  <attribute name="Output I" value="200"/>
  <attribute name="Output T" value="1"/>
  <attribute name="Target GC Util Change" value ="20.000000" />
  <attribute name="Current GC Util Change" value="61.000000"/>
  <attribute name="GC Util currently" value="61" />
  <attribute name="CPU Util currently" value="20796686427326" />
<exclusive-end id="756" timestamp="2019-06-15T04:56:23.572" durationms="5.555" />

<exclusive-start id="757" timestamp="2019-06-15T04:56:23.591" intervalms="25.154">
  <response-info timems="0.033" idlems="0.033" threads="0" lastid="00000000022BFD00" lastname="Thread-10" />
</exclusive-start>
<allocation-taxation id="758" taxation-threshold="47185920" timestamp="2019-06-15T04:56:23.591" intervalms="25.118" />
<cycle-start id="759" type="partial gc" contextid="0" timestamp="2019-06-15T04:56:23.592" intervalms="25.193" />
<gc-start id="760" type="partial gc" contextid="759" timestamp="2019-06-15T04:56:23.592">
  <mem-info id="761" free="50331648" total="162529280" percent="30">
    <mem type="eden" free="0" total="47185920" percent="0" />
    <remembered-set count="41792" freebytes="6320512" totalbytes="6487680" percent="97" regionsoverflowed="0" regionsstable="2" regionsrebuilding="0"/>
  </mem-info>
</gc-start>
<allocation-stats totalBytes="47180984" >
  <allocated-bytes non-tlh="0" tlh="47180984" arrayletleaf="0"/>
  <largest-consumer threadName="Thread-8" threadId="00000000022C3900" bytes="13339400" />
</allocation-stats>
<gc-op id="762" type="copy forward" timems="2.672" contextid="759" timestamp="2019-06-15T04:56:23.595">
  <memory-copied type="eden" objects="2612" bytes="64560" bytesdiscarded="0" />
  <memory-copied type="other" objects="11368" bytes="410208" bytesdiscarded="0" />
  <memory-cardclean objects="8777" bytes="479248" />
  <regions eden="45" other="2" />
  <remembered-set-cleared processed="37974" cleared="838" durationms="0.396" />
  <stringconstants candidates="4597" cleared="0"  />
</gc-op>
<gc-op id="763" type="classunload" timems="0.002" contextid="759" timestamp="2019-06-15T04:56:23.595">
  <classunload-info classloadercandidates="8" classloadersunloaded="0" classesunloaded="0" anonymousclassesunloaded="0" quiescems="0.000" setupms="0.002" scanms="0.000" postms="0.000" />
</gc-op>
<heap-resize id="764" type="expand" space="default" amount="3145728" count="1" timems="0.064" reason="excessive time being spent in gc" timestamp="2019-06-15T04:56:23.596" />
<gc-end id="765" type="partial gc" contextid="759" durationms="4.139" usertimems="4.000" systemtimems="0.000" timestamp="2019-06-15T04:56:23.596" activeThreads="1">
  <mem-info id="766" free="99614720" total="165675008" percent="60">
    <mem type="eden" free="984016" total="1048576" percent="93" />
    <remembered-set count="42944" freebytes="6441472" totalbytes="6613248" percent="97" regionsoverflowed="0" regionsstable="2" regionsrebuilding="0"/>
  </mem-info>
</gc-end>
<cycle-end id="767" type="partial gc" contextid="759" timestamp="2019-06-15T04:56:23.596" />
  <attribute name="elasticGC enabled" value="1" />
  <attribute name= "numThreadsSpecified" value="1" />
  <attribute name="heapSize specified" value="0" />
  <attribute name="Current GC Util" value="60" />
  <attribute name= "Current Time Running" value="2167" />
  <attribute name ="GC Interval" value="0" />
  <attribute name="ProportionalT" value="20.000000" />
  <attribute name="ProportionalI" value="20.000000" />
  <attribute name="ProportionalH" value="20.000000" />
  <attribute name="Current Error" value="40.000000" />
  <attribute name="IntegralT" value="0.000000" />
  <attribute name="IntegralI" value="0.000000" />
  <attribute name="IntegralH" value="0.000000" />
  <attribute name="DerivativeT" value="inf" />
  <attribute name="DerivativeI" value="inf" />
  <attribute name="DerivativeH" value="inf" />
  <attribute name="Loop Time for DT" value="0.000000" />
  <attribute name="Output H" value="8388608"/>
  <attribute name="Output I" value="200"/>
  <attribute name="Output T" value="1"/>
  <attribute name="Target GC Util Change" value ="20.000000" />
  <attribute name="Current GC Util Change" value="60.000000"/>
  <attribute name="GC Util currently" value="60" />
  <attribute name="CPU Util currently" value="15509702671778" />
<exclusive-end id="768" timestamp="2019-06-15T04:56:23.596" durationms="5.204" />

<exclusive-start id="769" timestamp="2019-06-15T04:56:23.615" intervalms="24.135">
  <response-info timems="0.042" idlems="0.042" threads="0" lastid="00000000022C7500" lastname="Thread-7" />
</exclusive-start>
<allocation-taxation id="770" taxation-threshold="47185920" timestamp="2019-06-15T04:56:23.616" intervalms="24.200" />
<cycle-start id="771" type="partial gc" contextid="0" timestamp="2019-06-15T04:56:23.616" intervalms="24.272" />
<gc-start id="772" type="partial gc" contextid="771" timestamp="2019-06-15T04:56:23.616">
  <mem-info id="773" free="52428800" total="165675008" percent="31">
    <mem type="eden" free="0" total="47185920" percent="0" />
    <remembered-set count="42464" freebytes="6443392" totalbytes="6613248" percent="97" regionsoverflowed="0" regionsstable="2" regionsrebuilding="0"/>
  </mem-info>
</gc-start>
<allocation-stats totalBytes="47180776" >
  <allocated-bytes non-tlh="0" tlh="47180776" arrayletleaf="0"/>
  <largest-consumer threadName="Thread-8" threadId="00000000022C3900" bytes="13007888" />
</allocation-stats>
<gc-op id="774" type="copy forward" timems="2.229" contextid="771" timestamp="2019-06-15T04:56:23.619">
  <memory-copied type="eden" objects="3124" bytes="76800" bytesdiscarded="0" />
  <memory-copied type="other" objects="4634" bytes="111216" bytesdiscarded="0" />
  <memory-cardclean objects="9826" bytes="506800" />
  <regions eden="45" other="2" />
  <remembered-set-cleared processed="38745" cleared="837" durationms="0.397" />
  <stringconstants candidates="4597" cleared="0"  />
</gc-op>
<gc-op id="775" type="classunload" timems="0.002" contextid="771" timestamp="2019-06-15T04:56:23.619">
  <classunload-info classloadercandidates="8" classloadersunloaded="0" classesunloaded="0" anonymousclassesunloaded="0" quiescems="0.000" setupms="0.002" scanms="0.000" postms="0.000" />
</gc-op>
<heap-resize id="776" type="expand" space="default" amount="2097152" count="1" timems="0.069" reason="excessive time being spent in gc" timestamp="2019-06-15T04:56:23.619" />
<gc-end id="777" type="partial gc" contextid="771" durationms="3.578" usertimems="0.000" systemtimems="0.000" timestamp="2019-06-15T04:56:23.620" activeThreads="1">
  <mem-info id="778" free="100663296" total="167772160" percent="60">
    <mem type="eden" free="971776" total="1048576" percent="92" />
    <remembered-set count="43712" freebytes="6522112" totalbytes="6696960" percent="97" regionsoverflowed="0" regionsstable="2" regionsrebuilding="0"/>
  </mem-info>
</gc-end>
<cycle-end id="779" type="partial gc" contextid="771" timestamp="2019-06-15T04:56:23.620" />
  <attribute name="elasticGC enabled" value="1" />
  <attribute name= "numThreadsSpecified" value="1" />
  <attribute name="heapSize specified" value="0" />
  <attribute name="Current GC Util" value="57" />
  <attribute name= "Current Time Running" value="2191" />
  <attribute name ="GC Interval" value="0" />
  <attribute name="ProportionalT" value="18.500000" />
  <attribute name="ProportionalI" value="18.500000" />
  <attribute name="ProportionalH" value="18.500000" />
  <attribute name="Current Error" value="37.000000" />
  <attribute name="IntegralT" value="0.000000" />
  <attribute name="IntegralI" value="0.000000" />
  <attribute name="IntegralH" value="0.000000" />
  <attribute name="DerivativeT" value="inf" />
  <attribute name="DerivativeI" value="inf" />
  <attribute name="DerivativeH" value="inf" />
  <attribute name="Loop Time for DT" value="0.000000" />
  <attribute name="Output H" value="8388608"/>
  <attribute name="Output I" value="200"/>
  <attribute name="Output T" value="1"/>
  <attribute name="Target GC Util Change" value ="20.000000" />
  <attribute name="Current GC Util Change" value="57.000000"/>
  <attribute name="GC Util currently" value="57" />
  <attribute name="CPU Util currently" value="20208434536067" />
<exclusive-end id="780" timestamp="2019-06-15T04:56:23.620" durationms="4.725" />

<exclusive-start id="781" timestamp="2019-06-15T04:56:23.638" intervalms="22.330">
  <response-info timems="0.032" idlems="0.032" threads="0" lastid="00000000022C3900" lastname="Thread-8" />
</exclusive-start>
<allocation-taxation id="782" taxation-threshold="48234496" timestamp="2019-06-15T04:56:23.638" intervalms="22.293" />
<cycle-start id="783" type="partial gc" contextid="0" timestamp="2019-06-15T04:56:23.638" intervalms="22.198" />
<gc-start id="784" type="partial gc" contextid="783" timestamp="2019-06-15T04:56:23.638">
  <mem-info id="785" free="52428800" total="167772160" percent="31">
    <mem type="eden" free="0" total="48234496" percent="0" />
    <remembered-set count="43264" freebytes="6523904" totalbytes="6696960" percent="97" regionsoverflowed="0" regionsstable="2" regionsrebuilding="0"/>
  </mem-info>
</gc-start>
<allocation-stats totalBytes="48229576" >
  <allocated-bytes non-tlh="0" tlh="48229576" arrayletleaf="0"/>
  <largest-consumer threadName="Thread-10" threadId="00000000022BFD00" bytes="13445712" />
</allocation-stats>
<gc-op id="786" type="copy forward" timems="2.791" contextid="783" timestamp="2019-06-15T04:56:23.642">
  <memory-copied type="eden" objects="10425" bytes="389424" bytesdiscarded="0" />
  <memory-copied type="other" objects="5077" bytes="121848" bytesdiscarded="0" />
  <memory-cardclean objects="11676" bytes="580624" />
  <regions eden="46" other="2" />
  <remembered-set-cleared processed="39456" cleared="1030" durationms="0.391" />
  <stringconstants candidates="4597" cleared="0"  />
</gc-op>
<gc-op id="787" type="classunload" timems="0.001" contextid="783" timestamp="2019-06-15T04:56:23.642">
  <classunload-info classloadercandidates="8" classloadersunloaded="0" classesunloaded="0" anonymousclassesunloaded="0" quiescems="0.000" setupms="0.001" scanms="0.000" postms="0.000" />
</gc-op>
<heap-resize id="788" type="expand" space="default" amount="3145728" count="1" timems="0.066" reason="excessive time being spent in gc" timestamp="2019-06-15T04:56:23.642" />
<gc-end id="789" type="partial gc" contextid="783" durationms="4.025" usertimems="4.000" systemtimems="0.000" timestamp="2019-06-15T04:56:23.642" activeThreads="1">
  <mem-info id="790" free="102760448" total="170917888" percent="60">
    <mem type="eden" free="659152" total="1048576" percent="62" />
    <remembered-set count="44256" freebytes="6645504" totalbytes="6822528" percent="97" regionsoverflowed="0" regionsstable="2" regionsrebuilding="0"/>
  </mem-info>
</gc-end>
<cycle-end id="791" type="partial gc" contextid="783" timestamp="2019-06-15T04:56:23.642" />
  <attribute name="elasticGC enabled" value="1" />
  <attribute name= "numThreadsSpecified" value="1" />
  <attribute name="heapSize specified" value="0" />
  <attribute name="Current GC Util" value="63" />
  <attribute name= "Current Time Running" value="2213" />
  <attribute name ="GC Interval" value="0" />
  <attribute name="ProportionalT" value="21.500000" />
  <attribute name="ProportionalI" value="21.500000" />
  <attribute name="ProportionalH" value="21.500000" />
  <attribute name="Current Error" value="43.000000" />
  <attribute name="IntegralT" value="0.000000" />
  <attribute name="IntegralI" value="0.000000" />
  <attribute name="IntegralH" value="0.000000" />
  <attribute name="DerivativeT" value="inf" />
  <attribute name="DerivativeI" value="inf" />
  <attribute name="DerivativeH" value="inf" />
  <attribute name="Loop Time for DT" value="0.000000" />
  <attribute name="Output H" value="8388608"/>
  <attribute name="Output I" value="200"/>
  <attribute name="Output T" value="1"/>
  <attribute name="Target GC Util Change" value ="20.000000" />
  <attribute name="Current GC Util Change" value="63.000000"/>
  <attribute name="GC Util currently" value="63" />
  <attribute name="CPU Util currently" value="21280939579860" />
<exclusive-end id="792" timestamp="2019-06-15T04:56:23.643" durationms="4.919" />

<exclusive-start id="793" timestamp="2019-06-15T04:56:23.661" intervalms="23.850">
  <response-info timems="0.025" idlems="0.025" threads="0" lastid="00000000022CB100" lastname="Thread-9" />
</exclusive-start>
<allocation-taxation id="794" taxation-threshold="49283072" timestamp="2019-06-15T04:56:23.662" intervalms="23.840" />
<cycle-start id="795" type="partial gc" contextid="0" timestamp="2019-06-15T04:56:23.662" intervalms="23.804" />
<gc-start id="796" type="partial gc" contextid="795" timestamp="2019-06-15T04:56:23.662">
  <mem-info id="797" free="53477376" total="170917888" percent="31">
    <mem type="eden" free="0" total="49283072" percent="0" />
    <remembered-set count="44224" freebytes="6645632" totalbytes="6822528" percent="97" regionsoverflowed="0" regionsstable="2" regionsrebuilding="0"/>
  </mem-info>
</gc-start>
<allocation-stats totalBytes="49277872" >
  <allocated-bytes non-tlh="0" tlh="49277872" arrayletleaf="0"/>
  <largest-consumer threadName="Thread-8" threadId="00000000022C3900" bytes="13052792" />
</allocation-stats>
<gc-op id="798" type="copy forward" timems="3.736" contextid="795" timestamp="2019-06-15T04:56:23.666">
  <memory-copied type="eden" objects="15646" bytes="652336" bytesdiscarded="0" />
  <memory-copied type="other" objects="12877" bytes="446424" bytesdiscarded="0" />
  <memory-cardclean objects="11604" bytes="584656" />
  <regions eden="47" other="2" />
  <remembered-set-cleared processed="40250" cleared="1328" durationms="0.396" />
  <stringconstants candidates="4597" cleared="0"  />
</gc-op>
<gc-op id="799" type="classunload" timems="0.002" contextid="795" timestamp="2019-06-15T04:56:23.667">
  <classunload-info classloadercandidates="8" classloadersunloaded="0" classesunloaded="0" anonymousclassesunloaded="0" quiescems="0.000" setupms="0.002" scanms="0.000" postms="0.000" />
</gc-op>
<heap-resize id="800" type="expand" space="default" amount="2097152" count="1" timems="0.060" reason="excessive time being spent in gc" timestamp="2019-06-15T04:56:23.667" />
<gc-end id="801" type="partial gc" contextid="795" durationms="4.970" usertimems="4.000" systemtimems="0.000" timestamp="2019-06-15T04:56:23.667" activeThreads="1">
  <mem-info id="802" free="103809024" total="173015040" percent="60">
    <mem type="eden" free="396240" total="1048576" percent="37" />
    <remembered-set count="45248" freebytes="6725248" totalbytes="6906240" percent="97" regionsoverflowed="0" regionsstable="2" regionsrebuilding="0"/>
  </mem-info>
</gc-end>
<cycle-end id="803" type="partial gc" contextid="795" timestamp="2019-06-15T04:56:23.667" />
  <attribute name="elasticGC enabled" value="1" />
  <attribute name= "numThreadsSpecified" value="1" />
  <attribute name="heapSize specified" value="0" />
  <attribute name="Current GC Util" value="76" />
  <attribute name= "Current Time Running" value="2237" />
  <attribute name ="GC Interval" value="0" />
  <attribute name="ProportionalT" value="28.000000" />
  <attribute name="ProportionalI" value="28.000000" />
  <attribute name="ProportionalH" value="28.000000" />
  <attribute name="Current Error" value="56.000000" />
  <attribute name="IntegralT" value="0.000000" />
  <attribute name="IntegralI" value="0.000000" />
  <attribute name="IntegralH" value="0.000000" />
  <attribute name="DerivativeT" value="inf" />
  <attribute name="DerivativeI" value="inf" />
  <attribute name="DerivativeH" value="inf" />
  <attribute name="Loop Time for DT" value="0.000000" />
  <attribute name="Output H" value="8388608"/>
  <attribute name="Output I" value="200"/>
  <attribute name="Output T" value="1"/>
  <attribute name="Target GC Util Change" value ="20.000000" />
  <attribute name="Current GC Util Change" value="76.000000"/>
  <attribute name="GC Util currently" value="76" />
  <attribute name="CPU Util currently" value="19145556872060" />
<exclusive-end id="804" timestamp="2019-06-15T04:56:23.667" durationms="5.934" />

<exclusive-start id="805" timestamp="2019-06-15T04:56:23.690" intervalms="28.170">
  <response-info timems="0.026" idlems="0.026" threads="0" lastid="00000000022C7500" lastname="Thread-7" />
</exclusive-start>
<allocation-taxation id="806" taxation-threshold="49283072" timestamp="2019-06-15T04:56:23.690" intervalms="28.223" />
<cycle-start id="807" type="partial gc" contextid="0" timestamp="2019-06-15T04:56:23.690" intervalms="28.348" />
<gc-start id="808" type="partial gc" contextid="807" timestamp="2019-06-15T04:56:23.690">
  <mem-info id="809" free="54525952" total="173015040" percent="31">
    <mem type="eden" free="0" total="49283072" percent="0" />
    <remembered-set count="45088" freebytes="6725888" totalbytes="6906240" percent="97" regionsoverflowed="0" regionsstable="2" regionsrebuilding="0"/>
  </mem-info>
</gc-start>
<allocation-stats totalBytes="49276928" >
  <allocated-bytes non-tlh="0" tlh="49276928" arrayletleaf="0"/>
  <largest-consumer threadName="Thread-10" threadId="00000000022BFD00" bytes="12823144" />
</allocation-stats>
<gc-op id="810" type="copy forward" timems="2.741" contextid="807" timestamp="2019-06-15T04:56:23.694">
  <memory-copied type="eden" objects="9629" bytes="370384" bytesdiscarded="26992" />
  <memory-copied type="other" objects="25411" bytes="1021992" bytesdiscarded="57200" />
  <memory-cardclean objects="8807" bytes="454768" />
  <regions eden="47" other="2" />
  <remembered-set-cleared processed="41049" cleared="1354" durationms="0.210" />
  <stringconstants candidates="4597" cleared="0"  />
</gc-op>
<gc-op id="811" type="classunload" timems="0.002" contextid="807" timestamp="2019-06-15T04:56:23.694">
  <classunload-info classloadercandidates="8" classloadersunloaded="0" classesunloaded="0" anonymousclassesunloaded="0" quiescems="0.000" setupms="0.002" scanms="0.000" postms="0.000" />
</gc-op>
<heap-resize id="812" type="expand" space="default" amount="3145728" count="1" timems="0.079" reason="excessive time being spent in gc" timestamp="2019-06-15T04:56:23.694" />
<gc-end id="813" type="partial gc" contextid="807" durationms="4.239" usertimems="8.000" systemtimems="0.000" timestamp="2019-06-15T04:56:23.695" activeThreads="4">
  <mem-info id="814" free="105906176" total="176160768" percent="60">
    <mem type="eden" free="651200" total="1048576" percent="62" />
    <remembered-set count="46976" freebytes="6843904" totalbytes="7031808" percent="97" regionsoverflowed="0" regionsstable="2" regionsrebuilding="0"/>
  </mem-info>
</gc-end>
<cycle-end id="815" type="partial gc" contextid="807" timestamp="2019-06-15T04:56:23.695" />
  <attribute name="elasticGC enabled" value="1" />
  <attribute name= "numThreadsSpecified" value="4" />
  <attribute name="heapSize specified" value="0" />
  <attribute name="Current GC Util" value="60" />
  <attribute name= "Current Time Running" value="2266" />
  <attribute name ="GC Interval" value="0" />
  <attribute name="ProportionalT" value="20.000000" />
  <attribute name="ProportionalI" value="20.000000" />
  <attribute name="ProportionalH" value="20.000000" />
  <attribute name="Current Error" value="40.000000" />
  <attribute name="IntegralT" value="40.000000" />
  <attribute name="IntegralI" value="40.000000" />
  <attribute name="IntegralH" value="40.000000" />
  <attribute name="DerivativeT" value="60.000000" />
  <attribute name="DerivativeI" value="60.000000" />
  <attribute name="DerivativeH" value="60.000000" />
  <attribute name="Loop Time for DT" value="1.000000" />
  <attribute name="Output H" value="8388608"/>
  <attribute name="Output I" value="200"/>
  <attribute name="Output T" value="4"/>
  <attribute name="Target GC Util Change" value ="20.000000" />
  <attribute name="Current GC Util Change" value="60.000000"/>
  <attribute name="GC Util currently" value="60" />
  <attribute name="CPU Util currently" value="16219769670053" />
<exclusive-end id="816" timestamp="2019-06-15T04:56:23.695" durationms="5.455" />

<exclusive-start id="817" timestamp="2019-06-15T04:56:23.718" intervalms="28.133">
  <response-info timems="0.026" idlems="0.026" threads="0" lastid="00000000022C3900" lastname="Thread-8" />
</exclusive-start>
<allocation-taxation id="818" taxation-threshold="50331648" timestamp="2019-06-15T04:56:23.718" intervalms="28.098" />
<cycle-start id="819" type="partial gc" contextid="0" timestamp="2019-06-15T04:56:23.718" intervalms="28.040" />
<gc-start id="820" type="partial gc" contextid="819" timestamp="2019-06-15T04:56:23.718">
  <mem-info id="821" free="55574528" total="176160768" percent="31">
    <mem type="eden" free="0" total="50331648" percent="0" />
    <remembered-set count="46496" freebytes="6845824" totalbytes="7031808" percent="97" regionsoverflowed="0" regionsstable="2" regionsrebuilding="0"/>
  </mem-info>
</gc-start>
<allocation-stats totalBytes="50325568" >
  <allocated-bytes non-tlh="0" tlh="50325568" arrayletleaf="0"/>
  <largest-consumer threadName="Thread-10" threadId="00000000022BFD00" bytes="13113688" />
</allocation-stats>
<gc-op id="822" type="copy forward" timems="2.685" contextid="819" timestamp="2019-06-15T04:56:23.722">
  <memory-copied type="eden" objects="3539" bytes="86856" bytesdiscarded="4008" />
  <memory-copied type="other" objects="34688" bytes="1382016" bytesdiscarded="131432" />
  <memory-cardclean objects="8713" bytes="450640" />
  <regions eden="48" other="3" />
  <remembered-set-cleared processed="41306" cleared="1611" durationms="0.207" />
  <stringconstants candidates="4597" cleared="0"  />
</gc-op>
<gc-op id="823" type="classunload" timems="0.002" contextid="819" timestamp="2019-06-15T04:56:23.722">
  <classunload-info classloadercandidates="8" classloadersunloaded="0" classesunloaded="0" anonymousclassesunloaded="0" quiescems="0.000" setupms="0.002" scanms="0.000" postms="0.000" />
</gc-op>
<heap-resize id="824" type="expand" space="default" amount="2097152" count="1" timems="0.072" reason="excessive time being spent in gc" timestamp="2019-06-15T04:56:23.722" />
<gc-end id="825" type="partial gc" contextid="819" durationms="4.066" usertimems="4.000" systemtimems="4.000" timestamp="2019-06-15T04:56:23.722" activeThreads="4">
  <mem-info id="826" free="106954752" total="178257920" percent="60">
    <mem type="eden" free="957712" total="1048576" percent="91" />
    <remembered-set count="47488" freebytes="6925568" totalbytes="7115520" percent="97" regionsoverflowed="0" regionsstable="2" regionsrebuilding="0"/>
  </mem-info>
</gc-end>
<cycle-end id="827" type="partial gc" contextid="819" timestamp="2019-06-15T04:56:23.723" />
  <attribute name="elasticGC enabled" value="1" />
  <attribute name= "numThreadsSpecified" value="4" />
  <attribute name="heapSize specified" value="0" />
  <attribute name="Current GC Util" value="46" />
  <attribute name= "Current Time Running" value="2294" />
  <attribute name ="GC Interval" value="0" />
  <attribute name="ProportionalT" value="13.000000" />
  <attribute name="ProportionalI" value="13.000000" />
  <attribute name="ProportionalH" value="13.000000" />
  <attribute name="Current Error" value="26.000000" />
  <attribute name="IntegralT" value="26.000000" />
  <attribute name="IntegralI" value="26.000000" />
  <attribute name="IntegralH" value="26.000000" />
  <attribute name="DerivativeT" value="33.000000" />
  <attribute name="DerivativeI" value="33.000000" />
  <attribute name="DerivativeH" value="33.000000" />
  <attribute name="Loop Time for DT" value="1.000000" />
  <attribute name="Output H" value="8388608"/>
  <attribute name="Output I" value="200"/>
  <attribute name="Output T" value="4"/>
  <attribute name="Target GC Util Change" value ="20.000000" />
  <attribute name="Current GC Util Change" value="46.000000"/>
  <attribute name="GC Util currently" value="46" />
  <attribute name="CPU Util currently" value="17602997184044" />
<exclusive-end id="828" timestamp="2019-06-15T04:56:23.723" durationms="4.975" />

<exclusive-start id="829" timestamp="2019-06-15T04:56:23.746" intervalms="28.167">
  <response-info timems="0.027" idlems="0.027" threads="0" lastid="00000000022CB100" lastname="Thread-9" />
</exclusive-start>
<allocation-taxation id="830" taxation-threshold="50331648" timestamp="2019-06-15T04:56:23.746" intervalms="28.155" />
<cycle-start id="831" type="partial gc" contextid="0" timestamp="2019-06-15T04:56:23.746" intervalms="28.138" />
<gc-start id="832" type="partial gc" contextid="831" timestamp="2019-06-15T04:56:23.747">
  <mem-info id="833" free="56623104" total="178257920" percent="31">
    <mem type="eden" free="0" total="50331648" percent="0" />
    <remembered-set count="47072" freebytes="6927232" totalbytes="7115520" percent="97" regionsoverflowed="0" regionsstable="2" regionsrebuilding="0"/>
  </mem-info>
</gc-start>
<allocation-stats totalBytes="50324952" >
  <allocated-bytes non-tlh="0" tlh="50324952" arrayletleaf="0"/>
  <largest-consumer threadName="Thread-8" threadId="00000000022C3900" bytes="13711600" />
</allocation-stats>
<gc-op id="834" type="copy forward" timems="2.407" contextid="831" timestamp="2019-06-15T04:56:23.750">
  <memory-copied type="eden" objects="10407" bytes="388896" bytesdiscarded="15720" />
  <memory-copied type="other" objects="19958" bytes="753744" bytesdiscarded="85728" />
  <memory-cardclean objects="7241" bytes="394936" />
  <regions eden="48" other="3" />
  <remembered-set-cleared processed="42228" cleared="1425" durationms="0.202" />
  <stringconstants candidates="4597" cleared="0"  />
</gc-op>
<gc-op id="835" type="classunload" timems="0.003" contextid="831" timestamp="2019-06-15T04:56:23.750">
  <classunload-info classloadercandidates="8" classloadersunloaded="0" classesunloaded="0" anonymousclassesunloaded="0" quiescems="0.000" setupms="0.002" scanms="0.000" postms="0.000" />
</gc-op>
<heap-resize id="836" type="expand" space="default" amount="5242880" count="1" timems="0.088" reason="excessive time being spent in gc" timestamp="2019-06-15T04:56:23.750" />
<gc-end id="837" type="partial gc" contextid="831" durationms="3.710" usertimems="4.000" systemtimems="0.000" timestamp="2019-06-15T04:56:23.750" activeThreads="4">
  <mem-info id="838" free="110100480" total="183500800" percent="60">
    <mem type="eden" free="1692536" total="2097152" percent="80" />
    <remembered-set count="47680" freebytes="7134080" totalbytes="7324800" percent="97" regionsoverflowed="0" regionsstable="2" regionsrebuilding="0"/>
  </mem-info>
</gc-end>
<cycle-end id="839" type="partial gc" contextid="831" timestamp="2019-06-15T04:56:23.750" />
  <attribute name="elasticGC enabled" value="1" />
  <attribute name= "numThreadsSpecified" value="4" />
  <attribute name="heapSize specified" value="0" />
  <attribute name="Current GC Util" value="45" />
  <attribute name= "Current Time Running" value="2322" />
  <attribute name ="GC Interval" value="0" />
  <attribute name="ProportionalT" value="12.500000" />
  <attribute name="ProportionalI" value="12.500000" />
  <attribute name="ProportionalH" value="12.500000" />
  <attribute name="Current Error" value="25.000000" />
  <attribute name="IntegralT" value="25.000000" />
  <attribute name="IntegralI" value="25.000000" />
  <attribute name="IntegralH" value="25.000000" />
  <attribute name="DerivativeT" value="30.000000" />
  <attribute name="DerivativeI" value="30.000000" />
  <attribute name="DerivativeH" value="30.000000" />
  <attribute name="Loop Time for DT" value="1.000000" />
  <attribute name="Output H" value="8388608"/>
  <attribute name="Output I" value="200"/>
  <attribute name="Output T" value="4"/>
  <attribute name="Target GC Util Change" value ="20.000000" />
  <attribute name="Current GC Util Change" value="45.000000"/>
  <attribute name="GC Util currently" value="45" />
  <attribute name="CPU Util currently" value="15131692788290" />
<exclusive-end id="840" timestamp="2019-06-15T04:56:23.751" durationms="4.725" />

<exclusive-start id="841" timestamp="2019-06-15T04:56:23.778" intervalms="31.825">
  <response-info timems="0.033" idlems="0.033" threads="0" lastid="00000000022C7500" lastname="Thread-7" />
</exclusive-start>
<allocation-taxation id="842" taxation-threshold="52428800" timestamp="2019-06-15T04:56:23.778" intervalms="31.905" />
<cycle-start id="843" type="partial gc" contextid="0" timestamp="2019-06-15T04:56:23.778" intervalms="31.937" />
<gc-start id="844" type="partial gc" contextid="843" timestamp="2019-06-15T04:56:23.779">
  <mem-info id="845" free="57671680" total="183500800" percent="31">
    <mem type="eden" free="0" total="52428800" percent="0" />
    <remembered-set count="47392" freebytes="7135232" totalbytes="7324800" percent="97" regionsoverflowed="0" regionsstable="2" regionsrebuilding="0"/>
  </mem-info>
</gc-start>
<allocation-stats totalBytes="52421640" >
  <allocated-bytes non-tlh="0" tlh="52421640" arrayletleaf="0"/>
  <largest-consumer threadName="Thread-8" threadId="00000000022C3900" bytes="17512240" />
</allocation-stats>
<gc-op id="846" type="copy forward" timems="2.629" contextid="843" timestamp="2019-06-15T04:56:23.782">
  <memory-copied type="eden" objects="17428" bytes="694696" bytesdiscarded="21008" />
  <memory-copied type="other" objects="18408" bytes="716544" bytesdiscarded="40640" />
  <memory-cardclean objects="8762" bytes="448936" />
  <regions eden="50" other="4" />
  <remembered-set-cleared processed="42683" cleared="1821" durationms="0.205" />
  <stringconstants candidates="4597" cleared="0"  />
</gc-op>
<gc-op id="847" type="classunload" timems="0.002" contextid="843" timestamp="2019-06-15T04:56:23.782">
  <classunload-info classloadercandidates="8" classloadersunloaded="0" classesunloaded="0" anonymousclassesunloaded="0" quiescems="0.000" setupms="0.002" scanms="0.000" postms="0.000" />
</gc-op>
<gc-end id="848" type="partial gc" contextid="843" durationms="3.752" usertimems="8.000" systemtimems="0.000" timestamp="2019-06-15T04:56:23.782" activeThreads="4">
  <mem-info id="849" free="110100480" total="183500800" percent="60">
    <mem type="eden" free="332872" total="1048576" percent="31" />
    <remembered-set count="48352" freebytes="7131392" totalbytes="7324800" percent="97" regionsoverflowed="0" regionsstable="2" regionsrebuilding="0"/>
  </mem-info>
</gc-end>
<cycle-end id="850" type="partial gc" contextid="843" timestamp="2019-06-15T04:56:23.783" />
  <attribute name="elasticGC enabled" value="1" />
  <attribute name= "numThreadsSpecified" value="4" />
  <attribute name="heapSize specified" value="0" />
  <attribute name="Current GC Util" value="44" />
  <attribute name= "Current Time Running" value="2354" />
  <attribute name ="GC Interval" value="0" />
  <attribute name="ProportionalT" value="12.000000" />
  <attribute name="ProportionalI" value="12.000000" />
  <attribute name="ProportionalH" value="12.000000" />
  <attribute name="Current Error" value="24.000000" />
  <attribute name="IntegralT" value="24.000000" />
  <attribute name="IntegralI" value="24.000000" />
  <attribute name="IntegralH" value="24.000000" />
  <attribute name="DerivativeT" value="36.000000" />
  <attribute name="DerivativeI" value="36.000000" />
  <attribute name="DerivativeH" value="36.000000" />
  <attribute name="Loop Time for DT" value="1.000000" />
  <attribute name="Output H" value="8388608"/>
  <attribute name="Output I" value="200"/>
  <attribute name="Output T" value="4"/>
  <attribute name="Target GC Util Change" value ="20.000000" />
  <attribute name="Current GC Util Change" value="44.000000"/>
  <attribute name="GC Util currently" value="44" />
  <attribute name="CPU Util currently" value="15920427004878" />
<exclusive-end id="851" timestamp="2019-06-15T04:56:23.783" durationms="4.997" />

<exclusive-start id="852" timestamp="2019-06-15T04:56:23.808" intervalms="30.272">
  <response-info timems="0.028" idlems="0.028" threads="0" lastid="00000000022BFD00" lastname="Thread-10" />
</exclusive-start>
<allocation-taxation id="853" taxation-threshold="52428800" timestamp="2019-06-15T04:56:23.808" intervalms="30.232" />
<cycle-start id="854" type="partial gc" contextid="0" timestamp="2019-06-15T04:56:23.808" intervalms="30.224" />
<gc-start id="855" type="partial gc" contextid="854" timestamp="2019-06-15T04:56:23.809">
  <mem-info id="856" free="57671680" total="183500800" percent="31">
    <mem type="eden" free="0" total="52428800" percent="0" />
    <remembered-set count="48288" freebytes="7131648" totalbytes="7324800" percent="97" regionsoverflowed="0" regionsstable="2" regionsrebuilding="0"/>
  </mem-info>
</gc-start>
<allocation-stats totalBytes="52422296" >
  <allocated-bytes non-tlh="0" tlh="52422296" arrayletleaf="0"/>
  <largest-consumer threadName="Thread-8" threadId="00000000022C3900" bytes="16406672" />
</allocation-stats>
<gc-op id="857" type="copy forward" timems="3.132" contextid="854" timestamp="2019-06-15T04:56:23.813">
  <memory-copied type="eden" objects="9354" bytes="363680" bytesdiscarded="0" />
  <memory-copied type="other" objects="11728" bytes="418848" bytesdiscarded="0" />
  <memory-cardclean objects="7332" bytes="391192" />
  <regions eden="50" other="2" />
  <remembered-set-cleared processed="43794" cleared="891" durationms="0.462" />
  <stringconstants candidates="4597" cleared="0"  />
</gc-op>
<gc-op id="858" type="classunload" timems="0.002" contextid="854" timestamp="2019-06-15T04:56:23.813">
  <classunload-info classloadercandidates="8" classloadersunloaded="0" classesunloaded="0" anonymousclassesunloaded="0" quiescems="0.000" setupms="0.002" scanms="0.000" postms="0.000" />
</gc-op>
<heap-resize id="859" type="expand" space="default" amount="3145728" count="1" timems="0.079" reason="excessive time being spent in gc" timestamp="2019-06-15T04:56:23.813" />
<gc-end id="860" type="partial gc" contextid="854" durationms="4.446" usertimems="4.000" systemtimems="0.000" timestamp="2019-06-15T04:56:23.813" activeThreads="1">
  <mem-info id="861" free="112197632" total="186646528" percent="60">
    <mem type="eden" free="684896" total="1048576" percent="65" />
    <remembered-set count="48960" freebytes="7254528" totalbytes="7450368" percent="97" regionsoverflowed="0" regionsstable="2" regionsrebuilding="0"/>
  </mem-info>
</gc-end>
<cycle-end id="862" type="partial gc" contextid="854" timestamp="2019-06-15T04:56:23.813" />
  <attribute name="elasticGC enabled" value="1" />
  <attribute name= "numThreadsSpecified" value="1" />
  <attribute name="heapSize specified" value="0" />
  <attribute name="Current GC Util" value="47" />
  <attribute name= "Current Time Running" value="2384" />
  <attribute name ="GC Interval" value="0" />
  <attribute name="ProportionalT" value="13.500000" />
  <attribute name="ProportionalI" value="13.500000" />
  <attribute name="ProportionalH" value="13.500000" />
  <attribute name="Current Error" value="27.000000" />
  <attribute name="IntegralT" value="0.000000" />
  <attribute name="IntegralI" value="0.000000" />
  <attribute name="IntegralH" value="0.000000" />
  <attribute name="DerivativeT" value="inf" />
  <attribute name="DerivativeI" value="inf" />
  <attribute name="DerivativeH" value="inf" />
  <attribute name="Loop Time for DT" value="0.000000" />
  <attribute name="Output H" value="8388608"/>
  <attribute name="Output I" value="200"/>
  <attribute name="Output T" value="1"/>
  <attribute name="Target GC Util Change" value ="20.000000" />
  <attribute name="Current GC Util Change" value="47.000000"/>
  <attribute name="GC Util currently" value="47" />
  <attribute name="CPU Util currently" value="16695155145745" />
<exclusive-end id="863" timestamp="2019-06-15T04:56:23.814" durationms="5.641" />

<exclusive-start id="864" timestamp="2019-06-15T04:56:23.840" intervalms="31.896">
  <response-info timems="0.034" idlems="0.034" threads="0" lastid="00000000022C7500" lastname="Thread-7" />
</exclusive-start>
<allocation-taxation id="865" taxation-threshold="52428800" timestamp="2019-06-15T04:56:23.840" intervalms="31.936" />
<cycle-start id="866" type="partial gc" contextid="0" timestamp="2019-06-15T04:56:23.840" intervalms="32.005" />
<gc-start id="867" type="partial gc" contextid="866" timestamp="2019-06-15T04:56:23.841">
  <mem-info id="868" free="59768832" total="186646528" percent="32">
    <mem type="eden" free="0" total="52428800" percent="0" />
    <remembered-set count="48800" freebytes="7255168" totalbytes="7450368" percent="97" regionsoverflowed="0" regionsstable="2" regionsrebuilding="0"/>
  </mem-info>
</gc-start>
<allocation-stats totalBytes="52422752" >
  <allocated-bytes non-tlh="0" tlh="52422752" arrayletleaf="0"/>
  <largest-consumer threadName="Thread-8" threadId="00000000022C3900" bytes="15133096" />
</allocation-stats>
<gc-op id="869" type="copy forward" timems="2.759" contextid="866" timestamp="2019-06-15T04:56:23.844">
  <memory-copied type="eden" objects="7420" bytes="320920" bytesdiscarded="0" />
  <memory-copied type="other" objects="6953" bytes="166872" bytesdiscarded="0" />
  <memory-cardclean objects="10946" bytes="545656" />
  <regions eden="50" other="3" />
  <remembered-set-cleared processed="43743" cleared="2613" durationms="0.472" />
  <stringconstants candidates="4597" cleared="0"  />
</gc-op>
<gc-op id="870" type="classunload" timems="0.002" contextid="866" timestamp="2019-06-15T04:56:23.845">
  <classunload-info classloadercandidates="8" classloadersunloaded="0" classesunloaded="0" anonymousclassesunloaded="0" quiescems="0.000" setupms="0.002" scanms="0.000" postms="0.000" />
</gc-op>
<heap-resize id="871" type="expand" space="default" amount="2097152" count="1" timems="0.070" reason="excessive time being spent in gc" timestamp="2019-06-15T04:56:23.845" />
<gc-end id="872" type="partial gc" contextid="866" durationms="4.244" usertimems="4.000" systemtimems="0.000" timestamp="2019-06-15T04:56:23.845" activeThreads="1">
  <mem-info id="873" free="113246208" total="188743680" percent="60">
    <mem type="eden" free="727656" total="1048576" percent="69" />
    <remembered-set count="47616" freebytes="7343616" totalbytes="7534080" percent="97" regionsoverflowed="0" regionsstable="2" regionsrebuilding="0"/>
  </mem-info>
</gc-end>
<cycle-end id="874" type="partial gc" contextid="866" timestamp="2019-06-15T04:56:23.845" />
  <attribute name="elasticGC enabled" value="1" />
  <attribute name= "numThreadsSpecified" value="1" />
  <attribute name="heapSize specified" value="0" />
  <attribute name="Current GC Util" value="62" />
  <attribute name= "Current Time Running" value="2416" />
  <attribute name ="GC Interval" value="0" />
  <attribute name="ProportionalT" value="21.000000" />
  <attribute name="ProportionalI" value="21.000000" />
  <attribute name="ProportionalH" value="21.000000" />
  <attribute name="Current Error" value="42.000000" />
  <attribute name="IntegralT" value="0.000000" />
  <attribute name="IntegralI" value="0.000000" />
  <attribute name="IntegralH" value="0.000000" />
  <attribute name="DerivativeT" value="inf" />
  <attribute name="DerivativeI" value="inf" />
  <attribute name="DerivativeH" value="inf" />
  <attribute name="Loop Time for DT" value="0.000000" />
  <attribute name="Output H" value="8388608"/>
  <attribute name="Output I" value="200"/>
  <attribute name="Output T" value="1"/>
  <attribute name="Target GC Util Change" value ="20.000000" />
  <attribute name="Current GC Util Change" value="62.000000"/>
  <attribute name="GC Util currently" value="62" />
  <attribute name="CPU Util currently" value="18390249197042" />
<exclusive-end id="875" timestamp="2019-06-15T04:56:23.846" durationms="5.564" />

<exclusive-start id="876" timestamp="2019-06-15T04:56:23.874" intervalms="34.253">
  <response-info timems="0.031" idlems="0.031" threads="0" lastid="00000000022CB100" lastname="Thread-9" />
</exclusive-start>
<allocation-taxation id="877" taxation-threshold="53477376" timestamp="2019-06-15T04:56:23.874" intervalms="34.207" />
<cycle-start id="878" type="partial gc" contextid="0" timestamp="2019-06-15T04:56:23.875" intervalms="34.067" />
<gc-start id="879" type="partial gc" contextid="878" timestamp="2019-06-15T04:56:23.875">
  <mem-info id="880" free="59768832" total="188743680" percent="31">
    <mem type="eden" free="0" total="53477376" percent="0" />
    <remembered-set count="47392" freebytes="7344512" totalbytes="7534080" percent="97" regionsoverflowed="0" regionsstable="2" regionsrebuilding="0"/>
  </mem-info>
</gc-start>
<allocation-stats totalBytes="53470184" >
  <allocated-bytes non-tlh="0" tlh="53470184" arrayletleaf="0"/>
  <largest-consumer threadName="Thread-7" threadId="00000000022C7500" bytes="16373544" />
</allocation-stats>
<gc-op id="881" type="copy forward" timems="3.798" contextid="878" timestamp="2019-06-15T04:56:23.880">
  <memory-copied type="eden" objects="25723" bytes="1031080" bytesdiscarded="0" />
  <memory-copied type="other" objects="7073" bytes="307128" bytesdiscarded="0" />
  <memory-cardclean objects="6061" bytes="314536" />
  <regions eden="51" other="2" />
  <remembered-set-cleared processed="43532" cleared="631" durationms="0.453" />
  <stringconstants candidates="4597" cleared="0"  />
</gc-op>
<gc-op id="882" type="classunload" timems="0.002" contextid="878" timestamp="2019-06-15T04:56:23.880">
  <classunload-info classloadercandidates="8" classloadersunloaded="0" classesunloaded="0" anonymousclassesunloaded="0" quiescems="0.000" setupms="0.002" scanms="0.000" postms="0.000" />
</gc-op>
<heap-resize id="883" type="expand" space="default" amount="3145728" count="1" timems="0.069" reason="excessive time being spent in gc" timestamp="2019-06-15T04:56:23.880" />
<gc-end id="884" type="partial gc" contextid="878" durationms="5.346" usertimems="4.000" systemtimems="0.000" timestamp="2019-06-15T04:56:23.880" activeThreads="1">
  <mem-info id="885" free="115343360" total="191889408" percent="60">
    <mem type="eden" free="17496" total="1048576" percent="1" />
    <remembered-set count="48384" freebytes="7466112" totalbytes="7659648" percent="97" regionsoverflowed="0" regionsstable="2" regionsrebuilding="0"/>
  </mem-info>
</gc-end>
<cycle-end id="886" type="partial gc" contextid="878" timestamp="2019-06-15T04:56:23.880" />
  <attribute name="elasticGC enabled" value="1" />
  <attribute name= "numThreadsSpecified" value="1" />
  <attribute name="heapSize specified" value="0" />
  <attribute name="Current GC Util" value="58" />
  <attribute name= "Current Time Running" value="2450" />
  <attribute name ="GC Interval" value="0" />
  <attribute name="ProportionalT" value="19.000000" />
  <attribute name="ProportionalI" value="19.000000" />
  <attribute name="ProportionalH" value="19.000000" />
  <attribute name="Current Error" value="38.000000" />
  <attribute name="IntegralT" value="0.000000" />
  <attribute name="IntegralI" value="0.000000" />
  <attribute name="IntegralH" value="0.000000" />
  <attribute name="DerivativeT" value="inf" />
  <attribute name="DerivativeI" value="inf" />
  <attribute name="DerivativeH" value="inf" />
  <attribute name="Loop Time for DT" value="0.000000" />
  <attribute name="Output H" value="8388608"/>
  <attribute name="Output I" value="200"/>
  <attribute name="Output T" value="1"/>
  <attribute name="Target GC Util Change" value ="20.000000" />
  <attribute name="Current GC Util Change" value="58.000000"/>
  <attribute name="GC Util currently" value="58" />
  <attribute name="CPU Util currently" value="17187517743229" />
<exclusive-end id="887" timestamp="2019-06-15T04:56:23.881" durationms="6.506" />

<exclusive-start id="888" timestamp="2019-06-15T04:56:23.906" intervalms="31.942">
  <response-info timems="0.035" idlems="0.035" threads="0" lastid="00000000022C7500" lastname="Thread-7" />
</exclusive-start>
<allocation-taxation id="889" taxation-threshold="54525952" timestamp="2019-06-15T04:56:23.906" intervalms="31.983" />
<cycle-start id="890" type="partial gc" contextid="0" timestamp="2019-06-15T04:56:23.907" intervalms="32.069" />
<gc-start id="891" type="partial gc" contextid="890" timestamp="2019-06-15T04:56:23.907">
  <mem-info id="892" free="60817408" total="191889408" percent="31">
    <mem type="eden" free="0" total="54525952" percent="0" />
    <remembered-set count="48320" freebytes="7466368" totalbytes="7659648" percent="97" regionsoverflowed="0" regionsstable="2" regionsrebuilding="0"/>
  </mem-info>
</gc-start>
<allocation-stats totalBytes="54518976" >
  <allocated-bytes non-tlh="0" tlh="54518976" arrayletleaf="0"/>
  <largest-consumer threadName="Thread-9" threadId="00000000022CB100" bytes="17528584" />
</allocation-stats>
<gc-op id="893" type="copy forward" timems="3.805" contextid="890" timestamp="2019-06-15T04:56:23.912">
  <memory-copied type="eden" objects="15779" bytes="654776" bytesdiscarded="0" />
  <memory-copied type="other" objects="14751" bytes="628776" bytesdiscarded="0" />
  <memory-cardclean objects="4094" bytes="220816" />
  <regions eden="52" other="3" />
  <remembered-set-cleared processed="43720" cleared="2868" durationms="0.468" />
  <stringconstants candidates="4597" cleared="0"  />
</gc-op>
<gc-op id="894" type="classunload" timems="0.002" contextid="890" timestamp="2019-06-15T04:56:23.912">
  <classunload-info classloadercandidates="8" classloadersunloaded="0" classesunloaded="0" anonymousclassesunloaded="0" quiescems="0.000" setupms="0.002" scanms="0.000" postms="0.000" />
</gc-op>
<heap-resize id="895" type="expand" space="default" amount="2097152" count="1" timems="0.072" reason="excessive time being spent in gc" timestamp="2019-06-15T04:56:23.912" />
<gc-end id="896" type="partial gc" contextid="890" durationms="5.400" usertimems="4.000" systemtimems="0.000" timestamp="2019-06-15T04:56:23.912" activeThreads="1">
  <mem-info id="897" free="116391936" total="193986560" percent="60">
    <mem type="eden" free="393800" total="1048576" percent="37" />
    <remembered-set count="46624" freebytes="7556864" totalbytes="7743360" percent="97" regionsoverflowed="0" regionsstable="2" regionsrebuilding="0"/>
  </mem-info>
</gc-end>
<cycle-end id="898" type="partial gc" contextid="890" timestamp="2019-06-15T04:56:23.913" />
  <attribute name="elasticGC enabled" value="1" />
  <attribute name= "numThreadsSpecified" value="1" />
  <attribute name="heapSize specified" value="0" />
  <attribute name="Current GC Util" value="57" />
  <attribute name= "Current Time Running" value="2482" />
  <attribute name ="GC Interval" value="0" />
  <attribute name="ProportionalT" value="18.500000" />
  <attribute name="ProportionalI" value="18.500000" />
  <attribute name="ProportionalH" value="18.500000" />
  <attribute name="Current Error" value="37.000000" />
  <attribute name="IntegralT" value="0.000000" />
  <attribute name="IntegralI" value="0.000000" />
  <attribute name="IntegralH" value="0.000000" />
  <attribute name="DerivativeT" value="inf" />
  <attribute name="DerivativeI" value="inf" />
  <attribute name="DerivativeH" value="inf" />
  <attribute name="Loop Time for DT" value="0.000000" />
  <attribute name="Output H" value="8388608"/>
  <attribute name="Output I" value="200"/>
  <attribute name="Output T" value="1"/>
  <attribute name="Target GC Util Change" value ="20.000000" />
  <attribute name="Current GC Util Change" value="57.000000"/>
  <attribute name="GC Util currently" value="57" />
  <attribute name="CPU Util currently" value="15422100084656" />
<exclusive-end id="899" timestamp="2019-06-15T04:56:23.913" durationms="6.724" />

<exclusive-start id="900" timestamp="2019-06-15T04:56:23.943" intervalms="36.870">
  <response-info timems="0.037" idlems="0.037" threads="0" lastid="00000000022C3900" lastname="Thread-8" />
</exclusive-start>
<allocation-taxation id="901" taxation-threshold="54525952" timestamp="2019-06-15T04:56:23.943" intervalms="36.814" />
<cycle-start id="902" type="partial gc" contextid="0" timestamp="2019-06-15T04:56:23.943" intervalms="36.769" />
<gc-start id="903" type="partial gc" contextid="902" timestamp="2019-06-15T04:56:23.944">
  <mem-info id="904" free="61865984" total="193986560" percent="31">
    <mem type="eden" free="0" total="54525952" percent="0" />
    <remembered-set count="46208" freebytes="7558528" totalbytes="7743360" percent="97" regionsoverflowed="0" regionsstable="2" regionsrebuilding="0"/>
  </mem-info>
</gc-start>
<allocation-stats totalBytes="54518216" >
  <allocated-bytes non-tlh="0" tlh="54518216" arrayletleaf="0"/>
  <largest-consumer threadName="Thread-8" threadId="00000000022C3900" bytes="18720256" />
</allocation-stats>
<gc-op id="905" type="copy forward" timems="2.182" contextid="902" timestamp="2019-06-15T04:56:23.947">
  <memory-copied type="eden" objects="11778" bytes="421360" bytesdiscarded="37504" />
  <memory-copied type="other" objects="13868" bytes="607584" bytesdiscarded="20928" />
  <memory-cardclean objects="1280" bytes="96640" />
  <regions eden="52" other="2" />
  <remembered-set-cleared processed="42451" cleared="477" durationms="0.206" />
  <stringconstants candidates="4597" cleared="0"  />
</gc-op>
<gc-op id="906" type="classunload" timems="0.003" contextid="902" timestamp="2019-06-15T04:56:23.947">
  <classunload-info classloadercandidates="8" classloadersunloaded="0" classesunloaded="0" anonymousclassesunloaded="0" quiescems="0.000" setupms="0.002" scanms="0.000" postms="0.000" />
</gc-op>
<heap-resize id="907" type="expand" space="default" amount="5242880" count="1" timems="0.081" reason="excessive time being spent in gc" timestamp="2019-06-15T04:56:23.947" />
<gc-end id="908" type="partial gc" contextid="902" durationms="3.504" usertimems="4.000" systemtimems="0.000" timestamp="2019-06-15T04:56:23.947" activeThreads="4">
  <mem-info id="909" free="119537664" total="199229440" percent="60">
    <mem type="eden" free="1638288" total="2097152" percent="78" />
    <remembered-set count="46752" freebytes="7765632" totalbytes="7952640" percent="97" regionsoverflowed="0" regionsstable="2" regionsrebuilding="0"/>
  </mem-info>
</gc-end>
<cycle-end id="910" type="partial gc" contextid="902" timestamp="2019-06-15T04:56:23.947" />
  <attribute name="elasticGC enabled" value="1" />
  <attribute name= "numThreadsSpecified" value="4" />
  <attribute name="heapSize specified" value="0" />
  <attribute name="Current GC Util" value="63" />
  <attribute name= "Current Time Running" value="2519" />
  <attribute name ="GC Interval" value="0" />
  <attribute name="ProportionalT" value="21.500000" />
  <attribute name="ProportionalI" value="21.500000" />
  <attribute name="ProportionalH" value="21.500000" />
  <attribute name="Current Error" value="43.000000" />
  <attribute name="IntegralT" value="43.000000" />
  <attribute name="IntegralI" value="43.000000" />
  <attribute name="IntegralH" value="43.000000" />
  <attribute name="DerivativeT" value="64.500000" />
  <attribute name="DerivativeI" value="64.500000" />
  <attribute name="DerivativeH" value="64.500000" />
  <attribute name="Loop Time for DT" value="1.000000" />
  <attribute name="Output H" value="8388608"/>
  <attribute name="Output I" value="200"/>
  <attribute name="Output T" value="4"/>
  <attribute name="Target GC Util Change" value ="20.000000" />
  <attribute name="Current GC Util Change" value="63.000000"/>
  <attribute name="GC Util currently" value="63" />
  <attribute name="CPU Util currently" value="18755382617500" />
<exclusive-end id="911" timestamp="2019-06-15T04:56:23.948" durationms="4.488" />

<exclusive-start id="912" timestamp="2019-06-15T04:56:23.974" intervalms="30.846">
  <response-info timems="0.032" idlems="0.032" threads="0" lastid="00000000022C7500" lastname="Thread-7" />
</exclusive-start>
<allocation-taxation id="913" taxation-threshold="55574528" timestamp="2019-06-15T04:56:23.974" intervalms="30.900" />
<cycle-start id="914" type="partial gc" contextid="0" timestamp="2019-06-15T04:56:23.974" intervalms="30.916" />
<gc-start id="915" type="partial gc" contextid="914" timestamp="2019-06-15T04:56:23.975">
  <mem-info id="916" free="63963136" total="199229440" percent="32">
    <mem type="eden" free="0" total="55574528" percent="0" />
    <remembered-set count="46528" freebytes="7766528" totalbytes="7952640" percent="97" regionsoverflowed="0" regionsstable="2" regionsrebuilding="0"/>
  </mem-info>
</gc-start>
<allocation-stats totalBytes="55566872" >
  <allocated-bytes non-tlh="0" tlh="55566872" arrayletleaf="0"/>
  <largest-consumer threadName="Thread-8" threadId="00000000022C3900" bytes="18146816" />
</allocation-stats>
<gc-op id="917" type="copy forward" timems="2.248" contextid="914" timestamp="2019-06-15T04:56:23.978">
  <memory-copied type="eden" objects="14383" bytes="621240" bytesdiscarded="30384" />
  <memory-copied type="other" objects="9265" bytes="359736" bytesdiscarded="23824" />
  <memory-cardclean objects="2270" bytes="125152" />
  <regions eden="53" other="4" />
  <remembered-set-cleared processed="42640" cleared="666" durationms="0.200" />
  <stringconstants candidates="4597" cleared="0"  />
</gc-op>
<gc-op id="918" type="classunload" timems="0.002" contextid="914" timestamp="2019-06-15T04:56:23.978">
  <classunload-info classloadercandidates="8" classloadersunloaded="0" classesunloaded="0" anonymousclassesunloaded="0" quiescems="0.000" setupms="0.002" scanms="0.000" postms="0.000" />
</gc-op>
<gc-end id="919" type="partial gc" contextid="914" durationms="3.347" usertimems="4.000" systemtimems="0.000" timestamp="2019-06-15T04:56:23.978" activeThreads="4">
  <mem-info id="920" free="119537664" total="199229440" percent="60">
    <mem type="eden" free="396952" total="1048576" percent="37" />
    <remembered-set count="47264" freebytes="7763584" totalbytes="7952640" percent="97" regionsoverflowed="0" regionsstable="2" regionsrebuilding="0"/>
  </mem-info>
</gc-end>
<cycle-end id="921" type="partial gc" contextid="914" timestamp="2019-06-15T04:56:23.978" />
  <attribute name="elasticGC enabled" value="1" />
  <attribute name= "numThreadsSpecified" value="4" />
  <attribute name="heapSize specified" value="0" />
  <attribute name="Current GC Util" value="58" />
  <attribute name= "Current Time Running" value="2550" />
  <attribute name ="GC Interval" value="0" />
  <attribute name="ProportionalT" value="19.000000" />
  <attribute name="ProportionalI" value="19.000000" />
  <attribute name="ProportionalH" value="19.000000" />
  <attribute name="Current Error" value="38.000000" />
  <attribute name="IntegralT" value="38.000000" />
  <attribute name="IntegralI" value="38.000000" />
  <attribute name="IntegralH" value="38.000000" />
  <attribute name="DerivativeT" value="57.000000" />
  <attribute name="DerivativeI" value="57.000000" />
  <attribute name="DerivativeH" value="57.000000" />
  <attribute name="Loop Time for DT" value="1.000000" />
  <attribute name="Output H" value="8388608"/>
  <attribute name="Output I" value="200"/>
  <attribute name="Output T" value="4"/>
  <attribute name="Target GC Util Change" value ="20.000000" />
  <attribute name="Current GC Util Change" value="58.000000"/>
  <attribute name="GC Util currently" value="58" />
  <attribute name="CPU Util currently" value="17323098574633" />
<exclusive-end id="922" timestamp="2019-06-15T04:56:23.978" durationms="4.446" />

<exclusive-start id="923" timestamp="2019-06-15T04:56:24.005" intervalms="31.478">
  <response-info timems="0.034" idlems="0.034" threads="0" lastid="00000000022C7500" lastname="Thread-7" />
</exclusive-start>
<allocation-taxation id="924" taxation-threshold="55574528" timestamp="2019-06-15T04:56:24.006" intervalms="31.433" />
<cycle-start id="925" type="partial gc" contextid="0" timestamp="2019-06-15T04:56:24.006" intervalms="31.439" />
<gc-start id="926" type="partial gc" contextid="925" timestamp="2019-06-15T04:56:24.006">
  <mem-info id="927" free="63963136" total="199229440" percent="32">
    <mem type="eden" free="0" total="55574528" percent="0" />
    <remembered-set count="46784" freebytes="7765504" totalbytes="7952640" percent="97" regionsoverflowed="0" regionsstable="2" regionsrebuilding="0"/>
  </mem-info>
</gc-start>
<allocation-stats totalBytes="55567168" >
  <allocated-bytes non-tlh="0" tlh="55567168" arrayletleaf="0"/>
  <largest-consumer threadName="Thread-8" threadId="00000000022C3900" bytes="19359288" />
</allocation-stats>
<gc-op id="928" type="copy forward" timems="4.027" contextid="925" timestamp="2019-06-15T04:56:24.011">
  <memory-copied type="eden" objects="19255" bytes="738184" bytesdiscarded="0" />
  <memory-copied type="other" objects="15795" bytes="653832" bytesdiscarded="0" />
  <memory-cardclean objects="7975" bytes="425800" />
  <regions eden="53" other="2" />
  <remembered-set-cleared processed="43059" cleared="825" durationms="0.452" />
  <stringconstants candidates="4597" cleared="0"  />
</gc-op>
<gc-op id="929" type="classunload" timems="0.002" contextid="925" timestamp="2019-06-15T04:56:24.011">
  <classunload-info classloadercandidates="8" classloadersunloaded="0" classesunloaded="0" anonymousclassesunloaded="0" quiescems="0.000" setupms="0.002" scanms="0.000" postms="0.000" />
</gc-op>
<heap-resize id="930" type="expand" space="default" amount="3145728" count="1" timems="0.072" reason="excessive time being spent in gc" timestamp="2019-06-15T04:56:24.011" />
<gc-end id="931" type="partial gc" contextid="925" durationms="5.484" usertimems="8.000" systemtimems="0.000" timestamp="2019-06-15T04:56:24.012" activeThreads="1">
  <mem-info id="932" free="121634816" total="202375168" percent="60">
    <mem type="eden" free="310392" total="1048576" percent="29" />
    <remembered-set count="48576" freebytes="7883904" totalbytes="8078208" percent="97" regionsoverflowed="0" regionsstable="2" regionsrebuilding="0"/>
  </mem-info>
</gc-end>
<cycle-end id="933" type="partial gc" contextid="925" timestamp="2019-06-15T04:56:24.012" />
  <attribute name="elasticGC enabled" value="1" />
  <attribute name= "numThreadsSpecified" value="1" />
  <attribute name="heapSize specified" value="0" />
  <attribute name="Current GC Util" value="49" />
  <attribute name= "Current Time Running" value="2581" />
  <attribute name ="GC Interval" value="0" />
  <attribute name="ProportionalT" value="14.500000" />
  <attribute name="ProportionalI" value="14.500000" />
  <attribute name="ProportionalH" value="14.500000" />
  <attribute name="Current Error" value="29.000000" />
  <attribute name="IntegralT" value="0.000000" />
  <attribute name="IntegralI" value="0.000000" />
  <attribute name="IntegralH" value="0.000000" />
  <attribute name="DerivativeT" value="inf" />
  <attribute name="DerivativeI" value="inf" />
  <attribute name="DerivativeH" value="inf" />
  <attribute name="Loop Time for DT" value="0.000000" />
  <attribute name="Output H" value="8388608"/>
  <attribute name="Output I" value="200"/>
  <attribute name="Output T" value="1"/>
  <attribute name="Target GC Util Change" value ="20.000000" />
  <attribute name="Current GC Util Change" value="49.000000"/>
  <attribute name="GC Util currently" value="49" />
  <attribute name="CPU Util currently" value="17632678537313" />
<exclusive-end id="934" timestamp="2019-06-15T04:56:24.012" durationms="6.654" />

<exclusive-start id="935" timestamp="2019-06-15T04:56:24.045" intervalms="39.245">
  <response-info timems="0.084" idlems="0.084" threads="0" lastid="00000000022BFD00" lastname="Thread-10" />
</exclusive-start>
<allocation-taxation id="936" taxation-threshold="56623104" timestamp="2019-06-15T04:56:24.045" intervalms="39.260" />
<cycle-start id="937" type="partial gc" contextid="0" timestamp="2019-06-15T04:56:24.045" intervalms="39.269" />
<gc-start id="938" type="partial gc" contextid="937" timestamp="2019-06-15T04:56:24.045">
  <mem-info id="939" free="65011712" total="202375168" percent="32">
    <mem type="eden" free="0" total="56623104" percent="0" />
    <remembered-set count="48160" freebytes="7885568" totalbytes="8078208" percent="97" regionsoverflowed="0" regionsstable="2" regionsrebuilding="0"/>
  </mem-info>
</gc-start>
<allocation-stats totalBytes="56615712" >
  <allocated-bytes non-tlh="0" tlh="56615712" arrayletleaf="0"/>
  <largest-consumer threadName="Thread-8" threadId="00000000022C3900" bytes="23593976" />
</allocation-stats>
<gc-op id="940" type="copy forward" timems="3.204" contextid="937" timestamp="2019-06-15T04:56:24.049">
  <memory-copied type="eden" objects="3060" bytes="74176" bytesdiscarded="0" />
  <memory-copied type="other" objects="20022" bytes="755280" bytesdiscarded="0" />
  <memory-cardclean objects="7879" bytes="402496" />
  <regions eden="54" other="3" />
  <remembered-set-cleared processed="43405" cleared="1171" durationms="0.460" />
  <stringconstants candidates="4597" cleared="0"  />
</gc-op>
<gc-op id="941" type="classunload" timems="0.002" contextid="937" timestamp="2019-06-15T04:56:24.049">
  <classunload-info classloadercandidates="8" classloadersunloaded="0" classesunloaded="0" anonymousclassesunloaded="0" quiescems="0.000" setupms="0.002" scanms="0.000" postms="0.000" />
</gc-op>
<heap-resize id="942" type="expand" space="default" amount="2097152" count="1" timems="0.064" reason="excessive time being spent in gc" timestamp="2019-06-15T04:56:24.050" />
<gc-end id="943" type="partial gc" contextid="937" durationms="4.592" usertimems="8.000" systemtimems="0.000" timestamp="2019-06-15T04:56:24.050" activeThreads="1">
  <mem-info id="944" free="122683392" total="204472320" percent="60">
    <mem type="eden" free="974400" total="1048576" percent="92" />
    <remembered-set count="48896" freebytes="7966336" totalbytes="8161920" percent="97" regionsoverflowed="0" regionsstable="2" regionsrebuilding="0"/>
  </mem-info>
</gc-end>
<cycle-end id="945" type="partial gc" contextid="937" timestamp="2019-06-15T04:56:24.050" />
  <attribute name="elasticGC enabled" value="1" />
  <attribute name= "numThreadsSpecified" value="1" />
  <attribute name="heapSize specified" value="0" />
  <attribute name="Current GC Util" value="59" />
  <attribute name= "Current Time Running" value="2620" />
  <attribute name ="GC Interval" value="0" />
  <attribute name="ProportionalT" value="19.500000" />
  <attribute name="ProportionalI" value="19.500000" />
  <attribute name="ProportionalH" value="19.500000" />
  <attribute name="Current Error" value="39.000000" />
  <attribute name="IntegralT" value="0.000000" />
  <attribute name="IntegralI" value="0.000000" />
  <attribute name="IntegralH" value="0.000000" />
  <attribute name="DerivativeT" value="inf" />
  <attribute name="DerivativeI" value="inf" />
  <attribute name="DerivativeH" value="inf" />
  <attribute name="Loop Time for DT" value="0.000000" />
  <attribute name="Output H" value="8388608"/>
  <attribute name="Output I" value="200"/>
  <attribute name="Output T" value="1"/>
  <attribute name="Target GC Util Change" value ="20.000000" />
  <attribute name="Current GC Util Change" value="59.000000"/>
  <attribute name="GC Util currently" value="59" />
  <attribute name="CPU Util currently" value="17394711865853" />
<exclusive-end id="946" timestamp="2019-06-15T04:56:24.050" durationms="5.729" />

</verbosegc>

