<?xml version="1.0" ?>

<verbosegc xmlns="http://www.ibm.com/j9/verbosegc" version="25b0271_CMPRSS">

<initialized id="1" timestamp="2019-07-02T19:16:34.526">
  <attribute name="gcPolicy" value="-Xgcpolicy:gencon" />
  <attribute name="GC Util" value="0" />
  <attribute name="CPU Util" value="0" />
  <attribute name="Time Running"value="0"/>
  <attribute name="Number of cores"value="0"/>
  <attribute name="maxHeapSize" value="0x7cbc0000" />
  <attribute name="initialHeapSize" value="0x800000" />
  <attribute name="compressedRefs" value="true" />
  <attribute name="compressedRefsDisplacement" value="0x0" />
  <attribute name="compressedRefsShift" value="0x0" />
  <attribute name="pageSize" value="0x1000" />
  <attribute name="pageType" value="not used" />
  <attribute name="requestedPageSize" value="0x1000" />
  <attribute name="requestedPageType" value="not used" />
  <attribute name="gcthreads" value="4" />
  <attribute name="gcthreads Concurrent Mark" value="1" />
  <attribute name="packetListSplit" value="4" />
  <attribute name="cacheListSplit" value="4" />
  <attribute name="splitFreeListSplitAmount" value="1" />
  <attribute name="numaNodes" value="0" />
  <system>
    <attribute name="physicalMemory" value="8370962432" />
    <attribute name="numCPUs" value="4" />
    <attribute name="architecture" value="amd64" />
    <attribute name="os" value="Linux" />
    <attribute name="osVersion" value="4.4.0-148-generic" />
  </system>
  <vmargs>
    <vmarg name="-Xoptionsfile=/vagrant/jdk/lib/options.default" />
    <vmarg name="-Xlockword:mode=default,noLockword=java/lang/String,noLockword=java/util/MapEntry,noLockword=java/util/HashMap$Entry,noLockword..." />
    <vmarg name="-Xjcl:jclse11_29" />
    <vmarg name="-Dcom.ibm.oti.vm.bootstrap.library.path=/vagrant/jdk/lib/compressedrefs:/vagrant/jdk/lib" />
    <vmarg name="-Dsun.boot.library.path=/vagrant/jdk/lib/compressedrefs:/vagrant/jdk/lib" />
    <vmarg name="-Djava.library.path=/vagrant/jdk/lib/compressedrefs:/vagrant/jdk/lib:/usr/lib64:/usr/lib" />
    <vmarg name="-Djava.home=/vagrant/jdk" />
    <vmarg name="-Duser.dir=/vagrant" />
    <vmarg name="-verbose:gc" />
    <vmarg name="-Xloggc:default-jdkF-verbose13sunflow.txt" />
    <vmarg name="-Djava.class.path=dacapo-9.12-MR1-bach.jar" />
    <vmarg name="-Dsun.java.command=dacapo-9.12-MR1-bach.jar sunflow --size=default" />
    <vmarg name="-Dsun.java.launcher=SUN_STANDARD" />
    <vmarg name="-Dsun.java.launcher.pid=10479" />
  </vmargs>
</initialized>

<exclusive-start id="2" timestamp="2019-07-02T19:16:34.647" intervalms="121.619">
  <response-info timems="0.020" idlems="0.020" threads="0" lastid="0000000001208700" lastname="main" />
</exclusive-start>
<af-start id="3" threadId="0000000001209088" totalBytesRequested="15632" timestamp="2019-07-02T19:16:34.648" intervalms="121.800" type="nursery" />
<cycle-start id="4" type="scavenge" contextid="0" timestamp="2019-07-02T19:16:34.648" intervalms="122.079" />
  <attribute name="GC Util" value="0" />
  <attribute name="CPU Util" value="73" />
  <attribute name="Time Running"value="0"/>
  <attribute name="Number of cores"value="4"/>
<gc-start id="5" type="scavenge" contextid="4" timestamp="2019-07-02T19:16:34.648">
  <mem-info id="6" free="6065704" total="8388608" percent="72">
    <mem type="nursery" free="0" total="2097152" percent="0">
      <mem type="allocate" free="0" total="1048576" percent="0" />
      <mem type="survivor" free="0" total="1048576" percent="0" />
    </mem>
    <mem type="tenure" free="6065704" total="6291456" percent="96">
      <mem type="soa" free="5751336" total="5977088" percent="96" />
      <mem type="loa" free="314368" total="314368" percent="100" />
    </mem>
    <remembered-set count="3122" />
  </mem-info>
</gc-start>
<allocation-stats totalBytes="1259512" >
  <allocated-bytes non-tlh="300120" tlh="959392" />
  <largest-consumer threadName="main" threadId="0000000001208700" bytes="1183816" />
</allocation-stats>
<gc-op id="7" type="scavenge" timems="1.733" contextid="4" timestamp="2019-07-02T19:16:34.650">
  <scavenger-info tenureage="2" tenuremask="fffc" tiltratio="50" />
  <memory-copied type="nursery" objects="10438" bytes="495648" bytesdiscarded="142920" />
  <finalization candidates="16" enqueued="0" />
  <references type="soft" candidates="62" cleared="0" enqueued="0" dynamicThreshold="32" maxThreshold="32" />
  <references type="weak" candidates="307" cleared="155" enqueued="117" />
  <references type="phantom" candidates="19" cleared="3" enqueued="3" />
</gc-op>
<gc-end id="8" type="scavenge" contextid="4" durationms="2.167" usertimems="0.000" systemtimems="4.000" timestamp="2019-07-02T19:16:34.650" activeThreads="4">
  <mem-info id="9" free="6473624" total="8388608" percent="77">
    <mem type="nursery" free="407920" total="2097152" percent="19">
      <mem type="allocate" free="407920" total="1048576" percent="38" />
      <mem type="survivor" free="0" total="1048576" percent="0" />
    </mem>
    <mem type="tenure" free="6065704" total="6291456" percent="96">
      <mem type="soa" free="5751336" total="5977088" percent="96" />
      <mem type="loa" free="314368" total="314368" percent="100" />
    </mem>
    <pending-finalizers system="0" default="0" reference="120" classloader="0" />
    <remembered-set count="3122" />
  </mem-info>
</gc-end>
<cycle-end id="10" type="scavenge" contextid="4" timestamp="2019-07-02T19:16:34.650">
  <attribute name="GC Util" value="0" />
  <attribute name="CPU Util" value="157" />
  <attribute name="Time Running"value="19"/>
  <attribute name="Number of cores"value="4"/>
</cycle-end>
<allocation-satisfied id="11" threadId="0000000001208700" bytesRequested="15632" />
<af-end id="12" timestamp="2019-07-02T19:16:34.650" threadId="0000000001209088" success="true" from="nursery"/>
<exclusive-end id="13" timestamp="2019-07-02T19:16:34.650" durationms="3.082" />

<exclusive-start id="14" timestamp="2019-07-02T19:16:34.667" intervalms="19.211">
  <response-info timems="0.021" idlems="0.021" threads="0" lastid="0000000001208700" lastname="main" />
</exclusive-start>
<af-start id="15" threadId="0000000001209088" totalBytesRequested="112" timestamp="2019-07-02T19:16:34.667" intervalms="19.132" type="nursery" />
<cycle-start id="16" type="scavenge" contextid="0" timestamp="2019-07-02T19:16:34.667" intervalms="18.943" />
  <attribute name="GC Util" value="0" />
  <attribute name="CPU Util" value="157" />
  <attribute name="Time Running"value="19"/>
  <attribute name="Number of cores"value="4"/>
<gc-start id="17" type="scavenge" contextid="16" timestamp="2019-07-02T19:16:34.667">
  <mem-info id="18" free="6055824" total="8388608" percent="72">
    <mem type="nursery" free="0" total="2097152" percent="0">
      <mem type="allocate" free="0" total="1048576" percent="0" />
      <mem type="survivor" free="0" total="1048576" percent="0" />
    </mem>
    <mem type="tenure" free="6055824" total="6291456" percent="96">
      <mem type="soa" free="5741456" total="5977088" percent="96" />
      <mem type="loa" free="314368" total="314368" percent="100" />
    </mem>
    <remembered-set count="3259" />
  </mem-info>
</gc-start>
<allocation-stats totalBytes="417048" >
  <allocated-bytes non-tlh="25512" tlh="391536" />
  <largest-consumer threadName="main" threadId="0000000001208700" bytes="405072" />
</allocation-stats>
<gc-op id="19" type="scavenge" timems="0.951" contextid="16" timestamp="2019-07-02T19:16:34.668">
  <scavenger-info tenureage="9" tenuremask="7e00" tiltratio="50" />
  <memory-copied type="nursery" objects="10922" bytes="485976" bytesdiscarded="174440" />
  <finalization candidates="16" enqueued="0" />
  <references type="soft" candidates="62" cleared="0" enqueued="0" dynamicThreshold="32" maxThreshold="32" />
  <references type="weak" candidates="281" cleared="117" enqueued="114" />
  <references type="phantom" candidates="41" cleared="14" enqueued="14" />
</gc-op>
<gc-end id="20" type="scavenge" contextid="16" durationms="1.191" usertimems="0.000" systemtimems="0.000" timestamp="2019-07-02T19:16:34.668" activeThreads="4">
  <mem-info id="21" free="6442520" total="8388608" percent="76">
    <mem type="nursery" free="386696" total="2097152" percent="18">
      <mem type="allocate" free="386696" total="1048576" percent="36" />
      <mem type="survivor" free="0" total="1048576" percent="0" />
    </mem>
    <mem type="tenure" free="6055824" total="6291456" percent="96">
      <mem type="soa" free="5741456" total="5977088" percent="96" />
      <mem type="loa" free="314368" total="314368" percent="100" />
    </mem>
    <pending-finalizers system="0" default="0" reference="128" classloader="0" />
    <remembered-set count="3259" />
  </mem-info>
</gc-end>
<cycle-end id="22" type="scavenge" contextid="16" timestamp="2019-07-02T19:16:34.668">
  <attribute name="GC Util" value="17" />
  <attribute name="CPU Util" value="194" />
  <attribute name="Time Running"value="37"/>
  <attribute name="Number of cores"value="4"/>
</cycle-end>
<allocation-satisfied id="23" threadId="0000000001208700" bytesRequested="112" />
<af-end id="24" timestamp="2019-07-02T19:16:34.668" threadId="0000000001209088" success="true" from="nursery"/>
<exclusive-end id="25" timestamp="2019-07-02T19:16:34.668" durationms="1.706" />

<exclusive-start id="26" timestamp="2019-07-02T19:16:34.681" intervalms="14.213">
  <response-info timems="0.022" idlems="0.022" threads="0" lastid="0000000001208700" lastname="main" />
</exclusive-start>
<af-start id="27" threadId="0000000001209088" totalBytesRequested="520" timestamp="2019-07-02T19:16:34.681" intervalms="14.216" type="nursery" />
<cycle-start id="28" type="scavenge" contextid="0" timestamp="2019-07-02T19:16:34.681" intervalms="14.209" />
  <attribute name="GC Util" value="17" />
  <attribute name="CPU Util" value="194" />
  <attribute name="Time Running"value="37"/>
  <attribute name="Number of cores"value="4"/>
<gc-start id="29" type="scavenge" contextid="28" timestamp="2019-07-02T19:16:34.681">
  <mem-info id="30" free="6053744" total="8388608" percent="72">
    <mem type="nursery" free="0" total="2097152" percent="0">
      <mem type="allocate" free="0" total="1048576" percent="0" />
      <mem type="survivor" free="0" total="1048576" percent="0" />
    </mem>
    <mem type="tenure" free="6053744" total="6291456" percent="96">
      <mem type="soa" free="5739376" total="5977088" percent="96" />
      <mem type="loa" free="314368" total="314368" percent="100" />
    </mem>
    <remembered-set count="3284" />
  </mem-info>
</gc-start>
<allocation-stats totalBytes="388424" >
  <allocated-bytes non-tlh="2192" tlh="386232" />
  <largest-consumer threadName="main" threadId="0000000001208700" bytes="380232" />
</allocation-stats>
<gc-op id="31" type="scavenge" timems="0.861" contextid="28" timestamp="2019-07-02T19:16:34.682">
  <scavenger-info tenureage="8" tenuremask="7f00" tiltratio="50" />
  <memory-copied type="nursery" objects="10879" bytes="488448" bytesdiscarded="64640" />
  <finalization candidates="16" enqueued="0" />
  <references type="soft" candidates="62" cleared="0" enqueued="0" dynamicThreshold="32" maxThreshold="32" />
  <references type="weak" candidates="242" cleared="75" enqueued="75" />
  <references type="phantom" candidates="39" cleared="10" enqueued="10" />
</gc-op>
<gc-end id="32" type="scavenge" contextid="28" durationms="1.057" usertimems="0.000" systemtimems="0.000" timestamp="2019-07-02T19:16:34.682" activeThreads="4">
  <mem-info id="33" free="6547768" total="8388608" percent="78">
    <mem type="nursery" free="494024" total="2097152" percent="23">
      <mem type="allocate" free="494024" total="1048576" percent="47" />
      <mem type="survivor" free="0" total="1048576" percent="0" />
    </mem>
    <mem type="tenure" free="6053744" total="6291456" percent="96">
      <mem type="soa" free="5739376" total="5977088" percent="96" />
      <mem type="loa" free="314368" total="314368" percent="100" />
    </mem>
    <pending-finalizers system="0" default="0" reference="85" classloader="0" />
    <remembered-set count="1057" />
  </mem-info>
</gc-end>
<cycle-end id="34" type="scavenge" contextid="28" timestamp="2019-07-02T19:16:34.682">
  <attribute name="GC Util" value="13" />
  <attribute name="CPU Util" value="104" />
  <attribute name="Time Running"value="52"/>
  <attribute name="Number of cores"value="4"/>
</cycle-end>
<allocation-satisfied id="35" threadId="0000000001208700" bytesRequested="520" />
<af-end id="36" timestamp="2019-07-02T19:16:34.682" threadId="0000000001209088" success="true" from="nursery"/>
<exclusive-end id="37" timestamp="2019-07-02T19:16:34.682" durationms="1.568" />

<exclusive-start id="38" timestamp="2019-07-02T19:16:34.730" intervalms="49.682">
  <response-info timems="0.021" idlems="0.021" threads="0" lastid="0000000001208700" lastname="main" />
</exclusive-start>
<af-start id="39" threadId="0000000001209088" totalBytesRequested="23936" timestamp="2019-07-02T19:16:34.731" intervalms="49.649" type="nursery" />
<cycle-start id="40" type="scavenge" contextid="0" timestamp="2019-07-02T19:16:34.731" intervalms="49.614" />
  <attribute name="GC Util" value="13" />
  <attribute name="CPU Util" value="104" />
  <attribute name="Time Running"value="52"/>
  <attribute name="Number of cores"value="4"/>
<gc-start id="41" type="scavenge" contextid="40" timestamp="2019-07-02T19:16:34.731">
  <mem-info id="42" free="6048200" total="8388608" percent="72">
    <mem type="nursery" free="0" total="2097152" percent="0">
      <mem type="allocate" free="0" total="1048576" percent="0" />
      <mem type="survivor" free="0" total="1048576" percent="0" />
    </mem>
    <mem type="tenure" free="6048200" total="6291456" percent="96">
      <mem type="soa" free="5733832" total="5977088" percent="95" />
      <mem type="loa" free="314368" total="314368" percent="100" />
    </mem>
    <remembered-set count="1146" />
  </mem-info>
</gc-start>
<allocation-stats totalBytes="470752" >
  <allocated-bytes non-tlh="6064" tlh="464688" />
  <largest-consumer threadName="main" threadId="0000000001208700" bytes="470752" />
</allocation-stats>
<gc-op id="43" type="scavenge" timems="1.179" contextid="40" timestamp="2019-07-02T19:16:34.732">
  <scavenger-info tenureage="3" tenuremask="fff8" tiltratio="50" />
  <memory-copied type="nursery" objects="783" bytes="100192" bytesdiscarded="87128" />
  <memory-copied type="tenure" objects="10226" bytes="457416" bytesdiscarded="112" />
  <finalization candidates="19" enqueued="1" />
  <references type="soft" candidates="1" cleared="0" enqueued="0" dynamicThreshold="32" maxThreshold="32" />
  <references type="weak" candidates="74" cleared="59" enqueued="59" />
  <references type="phantom" candidates="27" cleared="11" enqueued="11" />
</gc-op>
<gc-end id="44" type="scavenge" contextid="40" durationms="1.323" usertimems="0.000" systemtimems="0.000" timestamp="2019-07-02T19:16:34.732" activeThreads="4">
  <mem-info id="45" free="6351920" total="8388608" percent="75">
    <mem type="nursery" free="861184" total="2097152" percent="41">
      <mem type="allocate" free="861184" total="1048576" percent="82" />
      <mem type="survivor" free="0" total="1048576" percent="0" />
    </mem>
    <mem type="tenure" free="5490736" total="6291456" percent="87">
      <mem type="soa" free="5176368" total="5977088" percent="86" />
      <mem type="loa" free="314368" total="314368" percent="100" />
    </mem>
    <pending-finalizers system="1" default="0" reference="70" classloader="0" />
    <remembered-set count="227" />
  </mem-info>
</gc-end>
<cycle-end id="46" type="scavenge" contextid="40" timestamp="2019-07-02T19:16:34.732">
  <attribute name="GC Util" value="3" />
  <attribute name="CPU Util" value="107" />
  <attribute name="Time Running"value="101"/>
  <attribute name="Number of cores"value="4"/>
</cycle-end>
<allocation-satisfied id="47" threadId="0000000001208700" bytesRequested="23936" />
<af-end id="48" timestamp="2019-07-02T19:16:34.732" threadId="0000000001209088" success="true" from="nursery"/>
<exclusive-end id="49" timestamp="2019-07-02T19:16:34.732" durationms="1.673" />

<exclusive-start id="50" timestamp="2019-07-02T19:16:34.763" intervalms="32.642">
  <response-info timems="0.023" idlems="0.023" threads="0" lastid="0000000001208700" lastname="main" />
</exclusive-start>
<af-start id="51" threadId="0000000001209088" totalBytesRequested="376" timestamp="2019-07-02T19:16:34.763" intervalms="32.689" type="nursery" />
<cycle-start id="52" type="scavenge" contextid="0" timestamp="2019-07-02T19:16:34.763" intervalms="32.742" />
  <attribute name="GC Util" value="3" />
  <attribute name="CPU Util" value="107" />
  <attribute name="Time Running"value="101"/>
  <attribute name="Number of cores"value="4"/>
<gc-start id="53" type="scavenge" contextid="52" timestamp="2019-07-02T19:16:34.763">
  <mem-info id="54" free="5405752" total="8388608" percent="64">
    <mem type="nursery" free="0" total="2097152" percent="0">
      <mem type="allocate" free="0" total="1048576" percent="0" />
      <mem type="survivor" free="0" total="1048576" percent="0" />
    </mem>
    <mem type="tenure" free="5405752" total="6291456" percent="85">
      <mem type="soa" free="5091384" total="5977088" percent="85" />
      <mem type="loa" free="314368" total="314368" percent="100" />
    </mem>
    <remembered-set count="1649" />
  </mem-info>
</gc-start>
<allocation-stats totalBytes="945672" >
  <allocated-bytes non-tlh="189376" tlh="756296" />
  <largest-consumer threadName="main" threadId="0000000001208700" bytes="945672" />
</allocation-stats>
<gc-op id="55" type="scavenge" timems="0.871" contextid="52" timestamp="2019-07-02T19:16:34.764">
  <scavenger-info tenureage="3" tenuremask="ffe8" tiltratio="50" />
  <memory-copied type="nursery" objects="6158" bytes="318824" bytesdiscarded="19992" />
  <memory-copied type="tenure" objects="324" bytes="17064" bytesdiscarded="0" />
  <finalization candidates="41" enqueued="0" />
  <ownableSynchronizers candidates="1" cleared="0" />
  <references type="soft" candidates="46" cleared="0" enqueued="0" dynamicThreshold="32" maxThreshold="32" />
  <references type="weak" candidates="671" cleared="275" enqueued="190" />
  <references type="phantom" candidates="12" cleared="3" enqueued="3" />
</gc-op>
<gc-end id="56" type="scavenge" contextid="52" durationms="1.140" usertimems="0.000" systemtimems="0.000" timestamp="2019-07-02T19:16:34.765" activeThreads="4">
  <mem-info id="57" free="6076048" total="8388608" percent="72">
    <mem type="nursery" free="709464" total="2097152" percent="33">
      <mem type="allocate" free="709464" total="1048576" percent="67" />
      <mem type="survivor" free="0" total="1048576" percent="0" />
    </mem>
    <mem type="tenure" free="5366584" total="6291456" percent="85">
      <mem type="soa" free="5052216" total="5977088" percent="84" />
      <mem type="loa" free="314368" total="314368" percent="100" />
    </mem>
    <pending-finalizers system="0" default="0" reference="193" classloader="0" />
    <remembered-set count="1595" />
  </mem-info>
</gc-end>
<cycle-end id="58" type="scavenge" contextid="52" timestamp="2019-07-02T19:16:34.765">
  <attribute name="GC Util" value="5" />
  <attribute name="CPU Util" value="125" />
  <attribute name="Time Running"value="134"/>
  <attribute name="Number of cores"value="4"/>
</cycle-end>
<allocation-satisfied id="59" threadId="0000000001208700" bytesRequested="376" />
<af-end id="60" timestamp="2019-07-02T19:16:34.765" threadId="0000000001209088" success="true" from="nursery"/>
<exclusive-end id="61" timestamp="2019-07-02T19:16:34.765" durationms="1.709" />

<exclusive-start id="62" timestamp="2019-07-02T19:16:34.805" intervalms="41.390">
  <response-info timems="0.033" idlems="0.033" threads="0" lastid="0000000001208700" lastname="main" />
</exclusive-start>
<af-start id="63" threadId="0000000001209088" totalBytesRequested="196616" timestamp="2019-07-02T19:16:34.805" intervalms="41.351" type="nursery" />
<cycle-start id="64" type="scavenge" contextid="0" timestamp="2019-07-02T19:16:34.805" intervalms="41.301" />
  <attribute name="GC Util" value="5" />
  <attribute name="CPU Util" value="125" />
  <attribute name="Time Running"value="134"/>
  <attribute name="Number of cores"value="4"/>
<gc-start id="65" type="scavenge" contextid="64" timestamp="2019-07-02T19:16:34.805">
  <mem-info id="66" free="5369464" total="8388608" percent="64">
    <mem type="nursery" free="70112" total="2097152" percent="3">
      <mem type="allocate" free="70112" total="1048576" percent="6" />
      <mem type="survivor" free="0" total="1048576" percent="0" />
    </mem>
    <mem type="tenure" free="5299352" total="6291456" percent="84">
      <mem type="soa" free="4984984" total="5977088" percent="83" />
      <mem type="loa" free="314368" total="314368" percent="100" />
    </mem>
    <remembered-set count="2526" />
  </mem-info>
</gc-start>
<allocation-stats totalBytes="705952" >
  <allocated-bytes non-tlh="67608" tlh="638344" />
  <largest-consumer threadName="main" threadId="0000000001208700" bytes="694120" />
</allocation-stats>
<gc-op id="67" type="scavenge" timems="0.836" contextid="64" timestamp="2019-07-02T19:16:34.806">
  <scavenger-info tenureage="5" tenuremask="ffe0" tiltratio="50" />
  <memory-copied type="nursery" objects="9311" bytes="475656" bytesdiscarded="47672" />
  <finalization candidates="108" enqueued="0" />
  <ownableSynchronizers candidates="3" cleared="0" />
  <references type="soft" candidates="67" cleared="0" enqueued="0" dynamicThreshold="32" maxThreshold="32" />
  <references type="weak" candidates="597" cleared="23" enqueued="11" />
  <references type="phantom" candidates="16" cleared="0" enqueued="0" />
</gc-op>
<gc-end id="68" type="scavenge" contextid="64" durationms="0.993" usertimems="0.000" systemtimems="0.000" timestamp="2019-07-02T19:16:34.806" activeThreads="4">
  <mem-info id="69" free="5823984" total="8388608" percent="69">
    <mem type="nursery" free="524632" total="2097152" percent="25">
      <mem type="allocate" free="524632" total="1048576" percent="50" />
      <mem type="survivor" free="0" total="1048576" percent="0" />
    </mem>
    <mem type="tenure" free="5299352" total="6291456" percent="84">
      <mem type="soa" free="4984984" total="5977088" percent="83" />
      <mem type="loa" free="314368" total="314368" percent="100" />
    </mem>
    <pending-finalizers system="0" default="0" reference="11" classloader="0" />
    <remembered-set count="2434" />
  </mem-info>
</gc-end>
<cycle-end id="70" type="scavenge" contextid="64" timestamp="2019-07-02T19:16:34.806">
  <attribute name="GC Util" value="3" />
  <attribute name="CPU Util" value="145" />
  <attribute name="Time Running"value="175"/>
  <attribute name="Number of cores"value="4"/>
</cycle-end>
<allocation-satisfied id="71" threadId="0000000001208700" bytesRequested="196616" />
<af-end id="72" timestamp="2019-07-02T19:16:34.806" threadId="0000000001209088" success="true" from="nursery"/>
<exclusive-end id="73" timestamp="2019-07-02T19:16:34.806" durationms="1.486" />

<exclusive-start id="74" timestamp="2019-07-02T19:16:34.817" intervalms="12.082">
  <response-info timems="0.073" idlems="0.073" threads="0" lastid="0000000001208700" lastname="main" />
</exclusive-start>
<af-start id="75" threadId="0000000001209088" totalBytesRequested="262152" timestamp="2019-07-02T19:16:34.817" intervalms="12.103" type="nursery" />
<cycle-start id="76" type="scavenge" contextid="0" timestamp="2019-07-02T19:16:34.817" intervalms="12.139" />
  <attribute name="GC Util" value="3" />
  <attribute name="CPU Util" value="145" />
  <attribute name="Time Running"value="175"/>
  <attribute name="Number of cores"value="4"/>
<gc-start id="77" type="scavenge" contextid="76" timestamp="2019-07-02T19:16:34.817">
  <mem-info id="78" free="5351440" total="8388608" percent="63">
    <mem type="nursery" free="53584" total="2097152" percent="2">
      <mem type="allocate" free="53584" total="1048576" percent="5" />
      <mem type="survivor" free="0" total="1048576" percent="0" />
    </mem>
    <mem type="tenure" free="5297856" total="6291456" percent="84">
      <mem type="soa" free="4983488" total="5977088" percent="83" />
      <mem type="loa" free="314368" total="314368" percent="100" />
    </mem>
    <remembered-set count="2453" />
  </mem-info>
</gc-start>
<allocation-stats totalBytes="471032" >
  <allocated-bytes non-tlh="198112" tlh="272920" />
  <largest-consumer threadName="main" threadId="0000000001208700" bytes="462840" />
</allocation-stats>
<gc-op id="79" type="scavenge" timems="0.959" contextid="76" timestamp="2019-07-02T19:16:34.818">
  <scavenger-info tenureage="3" tenuremask="ffc8" tiltratio="50" />
  <memory-copied type="nursery" objects="9023" bytes="579736" bytesdiscarded="38880" />
  <memory-copied type="tenure" objects="230" bytes="58464" bytesdiscarded="480" />
  <finalization candidates="108" enqueued="0" />
  <ownableSynchronizers candidates="3" cleared="0" />
  <references type="soft" candidates="66" cleared="0" enqueued="0" dynamicThreshold="32" maxThreshold="32" />
  <references type="weak" candidates="573" cleared="1" enqueued="1" />
  <references type="phantom" candidates="9" cleared="1" enqueued="1" />
</gc-op>
<heap-resize id="80" type="expand" space="nursery" amount="131072" count="1" timems="0.087" reason="excessive time being spent scavenging" timestamp="2019-07-02T19:16:34.818" />
<gc-end id="81" type="scavenge" contextid="76" durationms="1.451" usertimems="0.000" systemtimems="0.000" timestamp="2019-07-02T19:16:34.818" activeThreads="4">
  <mem-info id="82" free="5878672" total="8519680" percent="69">
    <mem type="nursery" free="691688" total="2228224" percent="31">
      <mem type="allocate" free="691688" total="1310720" percent="52" />
      <mem type="survivor" free="0" total="917504" percent="0" />
    </mem>
    <mem type="tenure" free="5186984" total="6291456" percent="82">
      <mem type="soa" free="4872616" total="5977088" percent="81" />
      <mem type="loa" free="314368" total="314368" percent="100" />
    </mem>
    <pending-finalizers system="0" default="0" reference="2" classloader="0" />
    <remembered-set count="1368" />
  </mem-info>
</gc-end>
<cycle-end id="83" type="scavenge" contextid="76" timestamp="2019-07-02T19:16:34.818">
  <attribute name="GC Util" value="12" />
  <attribute name="CPU Util" value="67" />
  <attribute name="Time Running"value="187"/>
  <attribute name="Number of cores"value="4"/>
</cycle-end>
<allocation-satisfied id="84" threadId="0000000001208700" bytesRequested="262152" />
<af-end id="85" timestamp="2019-07-02T19:16:34.818" threadId="0000000001209088" success="true" from="nursery"/>
<exclusive-end id="86" timestamp="2019-07-02T19:16:34.819" durationms="1.906" />

<exclusive-start id="87" timestamp="2019-07-02T19:16:34.838" intervalms="21.453">
  <response-info timems="0.064" idlems="0.064" threads="0" lastid="0000000001208700" lastname="main" />
</exclusive-start>
<af-start id="88" threadId="0000000001209088" totalBytesRequested="16" timestamp="2019-07-02T19:16:34.838" intervalms="21.423" type="nursery" />
<cycle-start id="89" type="scavenge" contextid="0" timestamp="2019-07-02T19:16:34.838" intervalms="21.426" />
  <attribute name="GC Util" value="12" />
  <attribute name="CPU Util" value="67" />
  <attribute name="Time Running"value="187"/>
  <attribute name="Number of cores"value="4"/>
<gc-start id="90" type="scavenge" contextid="89" timestamp="2019-07-02T19:16:34.838">
  <mem-info id="91" free="5186984" total="8519680" percent="60">
    <mem type="nursery" free="0" total="2228224" percent="0">
      <mem type="allocate" free="0" total="1310720" percent="0" />
      <mem type="survivor" free="0" total="917504" percent="0" />
    </mem>
    <mem type="tenure" free="5186984" total="6291456" percent="82">
      <mem type="soa" free="4872616" total="5977088" percent="81" />
      <mem type="loa" free="314368" total="314368" percent="100" />
    </mem>
    <remembered-set count="1368" />
  </mem-info>
</gc-start>
<allocation-stats totalBytes="691688" >
  <allocated-bytes non-tlh="262152" tlh="429536" />
  <largest-consumer threadName="main" threadId="0000000001208700" bytes="683496" />
</allocation-stats>
<gc-op id="92" type="scavenge" timems="1.034" contextid="89" timestamp="2019-07-02T19:16:34.839">
  <scavenger-info tenureage="3" tenuremask="7fe8" tiltratio="58" />
  <memory-copied type="nursery" objects="3286" bytes="589320" bytesdiscarded="25904" />
  <memory-copied type="tenure" objects="5732" bytes="252880" bytesdiscarded="768" />
  <finalization candidates="106" enqueued="0" />
  <ownableSynchronizers candidates="3" cleared="0" />
  <references type="soft" candidates="21" cleared="0" enqueued="0" dynamicThreshold="32" maxThreshold="32" />
  <references type="weak" candidates="178" cleared="0" enqueued="0" />
  <references type="phantom" candidates="3" cleared="0" enqueued="0" />
</gc-op>
<gc-end id="93" type="scavenge" contextid="89" durationms="1.314" usertimems="4.000" systemtimems="0.000" timestamp="2019-07-02T19:16:34.840" activeThreads="4">
  <mem-info id="94" free="5838904" total="8519680" percent="68">
    <mem type="nursery" free="891888" total="2228224" percent="40">
      <mem type="allocate" free="891888" total="1507328" percent="59" />
      <mem type="survivor" free="0" total="720896" percent="0" />
    </mem>
    <mem type="tenure" free="4947016" total="6291456" percent="78">
      <mem type="soa" free="4632648" total="5977088" percent="77" />
      <mem type="loa" free="314368" total="314368" percent="100" />
    </mem>
    <remembered-set count="352" />
  </mem-info>
</gc-end>
<cycle-end id="95" type="scavenge" contextid="89" timestamp="2019-07-02T19:16:34.840">
  <attribute name="GC Util" value="7" />
  <attribute name="CPU Util" value="125" />
  <attribute name="Time Running"value="209"/>
  <attribute name="Number of cores"value="4"/>
</cycle-end>
<allocation-satisfied id="96" threadId="0000000001208700" bytesRequested="16" />
<af-end id="97" timestamp="2019-07-02T19:16:34.840" threadId="0000000001209088" success="true" from="nursery"/>
<exclusive-end id="98" timestamp="2019-07-02T19:16:34.840" durationms="1.823" />

<exclusive-start id="99" timestamp="2019-07-02T19:16:34.869" intervalms="30.669">
  <response-info timems="0.063" idlems="0.063" threads="0" lastid="0000000001208700" lastname="main" />
</exclusive-start>
<af-start id="100" threadId="0000000001209088" totalBytesRequested="262152" timestamp="2019-07-02T19:16:34.869" intervalms="30.705" type="nursery" />
<cycle-start id="101" type="scavenge" contextid="0" timestamp="2019-07-02T19:16:34.869" intervalms="30.708" />
  <attribute name="GC Util" value="7" />
  <attribute name="CPU Util" value="125" />
  <attribute name="Time Running"value="209"/>
  <attribute name="Number of cores"value="4"/>
<gc-start id="102" type="scavenge" contextid="101" timestamp="2019-07-02T19:16:34.869">
  <mem-info id="103" free="5208104" total="8519680" percent="61">
    <mem type="nursery" free="261088" total="2228224" percent="11">
      <mem type="allocate" free="261088" total="1507328" percent="17" />
      <mem type="survivor" free="0" total="720896" percent="0" />
    </mem>
    <mem type="tenure" free="4947016" total="6291456" percent="78">
      <mem type="soa" free="4632648" total="5977088" percent="77" />
      <mem type="loa" free="314368" total="314368" percent="100" />
    </mem>
    <remembered-set count="356" />
  </mem-info>
</gc-start>
<allocation-stats totalBytes="630800" >
  <allocated-bytes non-tlh="16" tlh="630784" />
  <largest-consumer threadName="main" threadId="0000000001208700" bytes="630800" />
</allocation-stats>
<gc-op id="104" type="scavenge" timems="0.477" contextid="101" timestamp="2019-07-02T19:16:34.870">
  <scavenger-info tenureage="2" tenuremask="7ffc" tiltratio="67" />
  <memory-copied type="nursery" objects="11" bytes="262912" bytesdiscarded="108296" />
  <memory-copied type="tenure" objects="3273" bytes="129656" bytesdiscarded="48" />
  <finalization candidates="67" enqueued="0" />
  <ownableSynchronizers candidates="2" cleared="0" />
  <references type="weak" candidates="2" cleared="2" enqueued="2" />
</gc-op>
<gc-end id="105" type="scavenge" contextid="101" durationms="0.717" usertimems="0.000" systemtimems="0.000" timestamp="2019-07-02T19:16:34.870" activeThreads="4">
  <mem-info id="106" free="5965632" total="8519680" percent="70">
    <mem type="nursery" free="1136120" total="2228224" percent="50">
      <mem type="allocate" free="1136120" total="1507328" percent="75" />
      <mem type="survivor" free="0" total="720896" percent="0" />
    </mem>
    <mem type="tenure" free="4829512" total="6291456" percent="76">
      <mem type="soa" free="4515144" total="5977088" percent="75" />
      <mem type="loa" free="314368" total="314368" percent="100" />
    </mem>
    <pending-finalizers system="0" default="0" reference="2" classloader="0" />
    <remembered-set count="67" />
  </mem-info>
</gc-end>
<cycle-end id="107" type="scavenge" contextid="101" timestamp="2019-07-02T19:16:34.870">
  <attribute name="GC Util" value="4" />
  <attribute name="CPU Util" value="82" />
  <attribute name="Time Running"value="240"/>
  <attribute name="Number of cores"value="4"/>
</cycle-end>
<allocation-satisfied id="108" threadId="0000000001208700" bytesRequested="262152" />
<af-end id="109" timestamp="2019-07-02T19:16:34.870" threadId="0000000001209088" success="true" from="nursery"/>
<exclusive-end id="110" timestamp="2019-07-02T19:16:34.870" durationms="1.212" />

<exclusive-start id="111" timestamp="2019-07-02T19:16:34.870" intervalms="1.309">
  <response-info timems="0.024" idlems="0.024" threads="0" lastid="0000000001208700" lastname="main" />
</exclusive-start>
<sys-start reason="explicit" id="112" timestamp="2019-07-02T19:16:34.870" intervalms="344.317" />
<cycle-start id="113" type="global" contextid="0" timestamp="2019-07-02T19:16:34.870" intervalms="344.485" />
  <attribute name="GC Util" value="4" />
  <attribute name="CPU Util" value="82" />
  <attribute name="Time Running"value="240"/>
  <attribute name="Number of cores"value="4"/>
<gc-start id="114" type="global" contextid="113" timestamp="2019-07-02T19:16:34.870">
  <mem-info id="115" free="5703480" total="8519680" percent="66">
    <mem type="nursery" free="873968" total="2228224" percent="39">
      <mem type="allocate" free="873968" total="1507328" percent="57" />
      <mem type="survivor" free="0" total="720896" percent="0" />
    </mem>
    <mem type="tenure" free="4829512" total="6291456" percent="76">
      <mem type="soa" free="4515144" total="5977088" percent="75" />
      <mem type="loa" free="314368" total="314368" percent="100" />
    </mem>
    <remembered-set count="67" />
  </mem-info>
</gc-start>
<allocation-stats totalBytes="262152" >
  <allocated-bytes non-tlh="262152" tlh="0" />
  <largest-consumer threadName="main" threadId="0000000001208700" bytes="262152" />
</allocation-stats>
<gc-op id="116" type="mark" timems="1.499" contextid="113" timestamp="2019-07-02T19:16:34.872">
  <trace-info objectcount="29076" scancount="23301" scanbytes="757740" />
  <finalization candidates="124" enqueued="0" />
  <ownableSynchronizers candidates="3" cleared="0" />
  <references type="soft" candidates="129" cleared="0" enqueued="0" dynamicThreshold="32" maxThreshold="32" />
  <references type="weak" candidates="736" cleared="54" enqueued="27" />
  <references type="phantom" candidates="39" cleared="0" enqueued="0" />
  <stringconstants candidates="3935" cleared="0"  />
</gc-op>
<gc-op id="117" type="classunload" timems="0.073" contextid="113" timestamp="2019-07-02T19:16:34.872">
  <classunload-info classloadercandidates="7" classloadersunloaded="0" classesunloaded="0" anonymousclassesunloaded="0" quiescems="0.000" setupms="0.072" scanms="0.000" postms="0.001" />
</gc-op>
<gc-op id="118" type="sweep" timems="0.391" contextid="113" timestamp="2019-07-02T19:16:34.872" />
<gc-end id="119" type="global" contextid="113" durationms="2.261" usertimems="0.000" systemtimems="0.000" timestamp="2019-07-02T19:16:34.873" activeThreads="4">
  <mem-info id="120" free="5961128" total="8519680" percent="69">
    <mem type="nursery" free="982368" total="2228224" percent="44">
      <mem type="allocate" free="982368" total="1507328" percent="65" />
      <mem type="survivor" free="0" total="720896" percent="0" />
    </mem>
    <mem type="tenure" free="4978760" total="6291456" percent="79" micro-fragmented="5890" macro-fragmented="0">
      <mem type="soa" free="4664392" total="5977088" percent="78" />
      <mem type="loa" free="314368" total="314368" percent="100" />
    </mem>
    <pending-finalizers system="0" default="0" reference="27" classloader="0" />
    <remembered-set count="66" />
  </mem-info>
</gc-end>
<cycle-end id="121" type="global" contextid="113" timestamp="2019-07-02T19:16:34.873">
  <attribute name="GC Util" value="76" />
  <attribute name="CPU Util" value="10910997903785" />
  <attribute name="Time Running"value="242"/>
  <attribute name="Number of cores"value="4"/>
</cycle-end>
<sys-end id="122" timestamp="2019-07-02T19:16:34.873" />
<exclusive-end id="123" timestamp="2019-07-02T19:16:34.873" durationms="2.688" />

<exclusive-start id="124" timestamp="2019-07-02T19:16:34.890" intervalms="19.528">
  <response-info timems="0.020" idlems="0.020" threads="0" lastid="0000000001208700" lastname="main" />
</exclusive-start>
<af-start id="125" threadId="0000000001209088" totalBytesRequested="32" timestamp="2019-07-02T19:16:34.890" intervalms="20.847" type="nursery" />
<cycle-start id="126" type="scavenge" contextid="0" timestamp="2019-07-02T19:16:34.890" intervalms="20.846" />
  <attribute name="GC Util" value="76" />
  <attribute name="CPU Util" value="10910997903785" />
  <attribute name="Time Running"value="242"/>
  <attribute name="Number of cores"value="4"/>
<gc-start id="127" type="scavenge" contextid="126" timestamp="2019-07-02T19:16:34.890">
  <mem-info id="128" free="4968536" total="8519680" percent="58">
    <mem type="nursery" free="0" total="2228224" percent="0">
      <mem type="allocate" free="0" total="1507328" percent="0" />
      <mem type="survivor" free="0" total="720896" percent="0" />
    </mem>
    <mem type="tenure" free="4968536" total="6291456" percent="78">
      <mem type="soa" free="4654168" total="5977088" percent="77" />
      <mem type="loa" free="314368" total="314368" percent="100" />
    </mem>
    <remembered-set count="272" />
  </mem-info>
</gc-start>
<allocation-stats totalBytes="991832" >
  <allocated-bytes non-tlh="276064" tlh="715768" />
  <largest-consumer threadName="main" threadId="0000000001208700" bytes="987736" />
</allocation-stats>
<gc-op id="129" type="scavenge" timems="0.675" contextid="126" timestamp="2019-07-02T19:16:34.891">
  <scavenger-info tenureage="2" tenuremask="7ff4" tiltratio="67" />
  <memory-copied type="nursery" objects="7394" bytes="675880" bytesdiscarded="44952" />
  <memory-copied type="tenure" objects="56" bytes="265984" bytesdiscarded="0" />
  <copy-failed type="nursery" objects="54" bytes="3312" />
  <ownableSynchronizers candidates="6" cleared="6" />
  <references type="soft" candidates="7" cleared="0" enqueued="0" dynamicThreshold="25" maxThreshold="32" />
  <references type="weak" candidates="22" cleared="11" enqueued="9" />
  <references type="phantom" candidates="2" cleared="0" enqueued="0" />
</gc-op>
<gc-end id="130" type="scavenge" contextid="126" durationms="0.946" usertimems="4.000" systemtimems="0.000" timestamp="2019-07-02T19:16:34.891" activeThreads="4">
  <mem-info id="131" free="5060432" total="8519680" percent="59">
    <mem type="nursery" free="393216" total="2228224" percent="17">
      <mem type="allocate" free="393216" total="1114112" percent="35" />
      <mem type="survivor" free="0" total="1114112" percent="0" />
    </mem>
    <mem type="tenure" free="4667216" total="6291456" percent="74">
      <mem type="soa" free="4352848" total="5977088" percent="72" />
      <mem type="loa" free="314368" total="314368" percent="100" />
    </mem>
    <pending-finalizers system="0" default="0" reference="9" classloader="0" />
    <remembered-set count="262" />
  </mem-info>
</gc-end>
<cycle-end id="132" type="scavenge" contextid="126" timestamp="2019-07-02T19:16:34.891">
  <attribute name="GC Util" value="9" />
  <attribute name="CPU Util" value="119" />
  <attribute name="Time Running"value="260"/>
  <attribute name="Number of cores"value="4"/>
</cycle-end>
<allocation-satisfied id="133" threadId="0000000001208700" bytesRequested="32" />
<af-end id="134" timestamp="2019-07-02T19:16:34.891" threadId="0000000001209088" success="true" from="nursery"/>
<exclusive-end id="135" timestamp="2019-07-02T19:16:34.891" durationms="1.506" />

<exclusive-start id="136" timestamp="2019-07-02T19:16:34.901" intervalms="11.546">
  <response-info timems="0.032" idlems="0.032" threads="0" lastid="0000000001208700" lastname="main" />
</exclusive-start>
<af-start id="137" threadId="0000000001209088" totalBytesRequested="130008" timestamp="2019-07-02T19:16:34.901" intervalms="11.507" type="nursery" />
<cycle-start id="138" type="scavenge" contextid="0" timestamp="2019-07-02T19:16:34.901" intervalms="11.462" />
  <attribute name="GC Util" value="9" />
  <attribute name="CPU Util" value="119" />
  <attribute name="Time Running"value="260"/>
  <attribute name="Number of cores"value="4"/>
<gc-start id="139" type="scavenge" contextid="138" timestamp="2019-07-02T19:16:34.901">
  <mem-info id="140" free="4693296" total="8519680" percent="55">
    <mem type="nursery" free="40928" total="2228224" percent="1">
      <mem type="allocate" free="40928" total="1114112" percent="3" />
      <mem type="survivor" free="0" total="1114112" percent="0" />
    </mem>
    <mem type="tenure" free="4652368" total="6291456" percent="73">
      <mem type="soa" free="4338000" total="5977088" percent="72" />
      <mem type="loa" free="314368" total="314368" percent="100" />
    </mem>
    <remembered-set count="497" />
  </mem-info>
</gc-start>
<allocation-stats totalBytes="366960" >
  <allocated-bytes non-tlh="14880" tlh="352080" />
  <largest-consumer threadName="main" threadId="0000000001208700" bytes="362864" />
</allocation-stats>
<gc-op id="141" type="scavenge" timems="0.649" contextid="138" timestamp="2019-07-02T19:16:34.902">
  <scavenger-info tenureage="3" tenuremask="7ff8" tiltratio="50" />
  <memory-copied type="nursery" objects="11467" bytes="892432" bytesdiscarded="136416" />
  <references type="soft" candidates="12" cleared="0" enqueued="0" dynamicThreshold="25" maxThreshold="32" />
  <references type="weak" candidates="13" cleared="0" enqueued="0" />
  <references type="phantom" candidates="2" cleared="0" enqueued="0" />
</gc-op>
<gc-end id="142" type="scavenge" contextid="138" durationms="0.794" usertimems="0.000" systemtimems="0.000" timestamp="2019-07-02T19:16:34.902" activeThreads="4">
  <mem-info id="143" free="4737512" total="8519680" percent="55">
    <mem type="nursery" free="85144" total="2228224" percent="3">
      <mem type="allocate" free="85144" total="1114112" percent="7" />
      <mem type="survivor" free="0" total="1114112" percent="0" />
    </mem>
    <mem type="tenure" free="4652368" total="6291456" percent="73">
      <mem type="soa" free="4338000" total="5977088" percent="72" />
      <mem type="loa" free="314368" total="314368" percent="100" />
    </mem>
    <remembered-set count="495" />
  </mem-info>
</gc-end>
<cycle-end id="144" type="scavenge" contextid="138" timestamp="2019-07-02T19:16:34.902">
  <attribute name="GC Util" value="10" />
  <attribute name="CPU Util" value="1" />
  <attribute name="Time Running"value="272"/>
  <attribute name="Number of cores"value="4"/>
</cycle-end>
<allocation-satisfied id="145" threadId="0000000001208700" bytesRequested="130008" />
<af-end id="146" timestamp="2019-07-02T19:16:34.902" threadId="0000000001209088" success="true" from="tenure-soa"/>
<exclusive-end id="147" timestamp="2019-07-02T19:16:34.902" durationms="1.207" />

<exclusive-start id="148" timestamp="2019-07-02T19:16:34.910" intervalms="9.318">
  <response-info timems="0.064" idlems="0.064" threads="0" lastid="0000000001208700" lastname="main" />
</exclusive-start>
<af-start id="149" threadId="0000000001209088" totalBytesRequested="26512" timestamp="2019-07-02T19:16:34.910" intervalms="9.298" type="nursery" />
<cycle-start id="150" type="scavenge" contextid="0" timestamp="2019-07-02T19:16:34.911" intervalms="9.340" />
  <attribute name="GC Util" value="10" />
  <attribute name="CPU Util" value="1" />
  <attribute name="Time Running"value="272"/>
  <attribute name="Number of cores"value="4"/>
<gc-start id="151" type="scavenge" contextid="150" timestamp="2019-07-02T19:16:34.911">
  <mem-info id="152" free="4521656" total="8519680" percent="53">
    <mem type="nursery" free="0" total="2228224" percent="0">
      <mem type="allocate" free="0" total="1114112" percent="0" />
      <mem type="survivor" free="0" total="1114112" percent="0" />
    </mem>
    <mem type="tenure" free="4521656" total="6291456" percent="71">
      <mem type="soa" free="4207288" total="5977088" percent="70" />
      <mem type="loa" free="314368" total="314368" percent="100" />
    </mem>
    <remembered-set count="502" />
  </mem-info>
</gc-start>
<allocation-stats totalBytes="199312" >
  <allocated-bytes non-tlh="157224" tlh="42088" />
  <largest-consumer threadName="main" threadId="0000000001208700" bytes="199312" />
</allocation-stats>
<gc-op id="153" type="scavenge" timems="0.733" contextid="150" timestamp="2019-07-02T19:16:34.912">
  <scavenger-info tenureage="2" tenuremask="7ffc" tiltratio="50" />
  <memory-copied type="nursery" objects="4156" bytes="218488" bytesdiscarded="79960" />
  <memory-copied type="tenure" objects="7316" bytes="669464" bytesdiscarded="400" />
  <references type="soft" candidates="5" cleared="0" enqueued="0" dynamicThreshold="25" maxThreshold="32" />
  <references type="weak" candidates="3" cleared="0" enqueued="0" />
</gc-op>
<heap-resize id="154" type="expand" space="nursery" amount="131072" count="1" timems="0.088" reason="excessive time being spent scavenging" timestamp="2019-07-02T19:16:34.912" />
<gc-end id="155" type="scavenge" contextid="150" durationms="1.178" usertimems="0.000" systemtimems="0.000" timestamp="2019-07-02T19:16:34.912" activeThreads="4">
  <mem-info id="156" free="4700040" total="8650752" percent="54">
    <mem type="nursery" free="881120" total="2359296" percent="37">
      <mem type="allocate" free="881120" total="1179648" percent="74" />
      <mem type="survivor" free="0" total="1179648" percent="0" />
    </mem>
    <mem type="tenure" free="3818920" total="6291456" percent="60">
      <mem type="soa" free="3504552" total="5977088" percent="58" />
      <mem type="loa" free="314368" total="314368" percent="100" />
    </mem>
    <remembered-set count="326" />
  </mem-info>
</gc-end>
<cycle-end id="157" type="scavenge" contextid="150" timestamp="2019-07-02T19:16:34.912">
  <attribute name="GC Util" value="13" />
  <attribute name="CPU Util" value="1948087667019" />
  <attribute name="Time Running"value="281"/>
  <attribute name="Number of cores"value="4"/>
</cycle-end>
<allocation-satisfied id="158" threadId="0000000001208700" bytesRequested="26512" />
<af-end id="159" timestamp="2019-07-02T19:16:34.912" threadId="0000000001209088" success="true" from="nursery"/>
<exclusive-end id="160" timestamp="2019-07-02T19:16:34.912" durationms="1.592" />

<exclusive-start id="161" timestamp="2019-07-02T19:16:34.999" intervalms="88.424">
  <response-info timems="0.019" idlems="0.019" threads="0" lastid="0000000001208700" lastname="main" />
</exclusive-start>
<af-start id="162" threadId="0000000001209088" totalBytesRequested="16336" timestamp="2019-07-02T19:16:34.999" intervalms="88.456" type="nursery" />
<cycle-start id="163" type="scavenge" contextid="0" timestamp="2019-07-02T19:16:34.999" intervalms="88.422" />
  <attribute name="GC Util" value="13" />
  <attribute name="CPU Util" value="1948087667019" />
  <attribute name="Time Running"value="281"/>
  <attribute name="Number of cores"value="4"/>
<gc-start id="164" type="scavenge" contextid="163" timestamp="2019-07-02T19:16:34.999">
  <mem-info id="165" free="3796784" total="8650752" percent="43">
    <mem type="nursery" free="0" total="2359296" percent="0">
      <mem type="allocate" free="0" total="1179648" percent="0" />
      <mem type="survivor" free="0" total="1179648" percent="0" />
    </mem>
    <mem type="tenure" free="3796784" total="6291456" percent="60">
      <mem type="soa" free="3482416" total="5977088" percent="58" />
      <mem type="loa" free="314368" total="314368" percent="100" />
    </mem>
    <remembered-set count="639" />
  </mem-info>
</gc-start>
<allocation-stats totalBytes="892544" >
  <allocated-bytes non-tlh="48648" tlh="843896" />
  <largest-consumer threadName="main" threadId="0000000001208700" bytes="892544" />
</allocation-stats>
<gc-op id="166" type="scavenge" timems="0.465" contextid="163" timestamp="2019-07-02T19:16:35.000">
  <scavenger-info tenureage="2" tenuremask="fffc" tiltratio="50" />
  <memory-copied type="nursery" objects="1812" bytes="117752" bytesdiscarded="53648" />
  <memory-copied type="tenure" objects="1286" bytes="68512" bytesdiscarded="96" />
  <references type="soft" candidates="5" cleared="0" enqueued="0" dynamicThreshold="25" maxThreshold="32" />
  <references type="weak" candidates="15" cleared="13" enqueued="13" />
</gc-op>
<gc-end id="167" type="scavenge" contextid="163" durationms="0.633" usertimems="0.000" systemtimems="0.000" timestamp="2019-07-02T19:16:35.000" activeThreads="4">
  <mem-info id="168" free="4923264" total="8650752" percent="56">
    <mem type="nursery" free="1204816" total="2359296" percent="51">
      <mem type="allocate" free="1204816" total="1376256" percent="87" />
      <mem type="survivor" free="0" total="983040" percent="0" />
    </mem>
    <mem type="tenure" free="3718448" total="6291456" percent="59">
      <mem type="soa" free="3404080" total="5977088" percent="56" />
      <mem type="loa" free="314368" total="314368" percent="100" />
    </mem>
    <pending-finalizers system="0" default="0" reference="13" classloader="0" />
    <remembered-set count="411" />
  </mem-info>
</gc-end>
<cycle-end id="169" type="scavenge" contextid="163" timestamp="2019-07-02T19:16:35.000">
  <attribute name="GC Util" value="1" />
  <attribute name="CPU Util" value="155" />
  <attribute name="Time Running"value="370"/>
  <attribute name="Number of cores"value="4"/>
</cycle-end>
<allocation-satisfied id="170" threadId="0000000001208700" bytesRequested="16336" />
<af-end id="171" timestamp="2019-07-02T19:16:35.000" threadId="0000000001209088" success="true" from="nursery"/>
<exclusive-end id="172" timestamp="2019-07-02T19:16:35.000" durationms="1.002" />

<exclusive-start id="173" timestamp="2019-07-02T19:16:35.018" intervalms="19.347">
  <response-info timems="0.232" idlems="0.200" threads="1" lastid="0000000001565500" lastname="Thread-6" />
</exclusive-start>
<af-start id="174" threadId="000000000155AA88" totalBytesRequested="1752" timestamp="2019-07-02T19:16:35.018" intervalms="19.426" type="nursery" />
<cycle-start id="175" type="scavenge" contextid="0" timestamp="2019-07-02T19:16:35.019" intervalms="19.523" />
  <attribute name="GC Util" value="1" />
  <attribute name="CPU Util" value="155" />
  <attribute name="Time Running"value="370"/>
  <attribute name="Number of cores"value="4"/>
<gc-start id="176" type="scavenge" contextid="175" timestamp="2019-07-02T19:16:35.019">
  <mem-info id="177" free="3705824" total="8650752" percent="42">
    <mem type="nursery" free="0" total="2359296" percent="0">
      <mem type="allocate" free="0" total="1376256" percent="0" />
      <mem type="survivor" free="0" total="983040" percent="0" />
    </mem>
    <mem type="tenure" free="3705824" total="6291456" percent="58">
      <mem type="soa" free="3391456" total="5977088" percent="56" />
      <mem type="loa" free="314368" total="314368" percent="100" />
    </mem>
    <remembered-set count="588" />
  </mem-info>
</gc-start>
<allocation-stats totalBytes="1191696" >
  <allocated-bytes non-tlh="191800" tlh="999896" />
  <largest-consumer threadName="main" threadId="0000000001208700" bytes="597056" />
</allocation-stats>
<gc-op id="178" type="scavenge" timems="2.597" contextid="175" timestamp="2019-07-02T19:16:35.021">
  <scavenger-info tenureage="3" tenuremask="fff8" tiltratio="58" />
  <memory-copied type="nursery" objects="3549" bytes="723920" bytesdiscarded="8520" />
  <references type="soft" candidates="5" cleared="0" enqueued="0" dynamicThreshold="25" maxThreshold="32" />
  <references type="weak" candidates="11" cleared="7" enqueued="7" />
</gc-op>
<heap-resize id="179" type="expand" space="nursery" amount="262144" count="1" timems="0.014" reason="excessive time being spent scavenging" timestamp="2019-07-02T19:16:35.022" />
<gc-end id="180" type="scavenge" contextid="175" durationms="3.246" usertimems="0.000" systemtimems="4.000" timestamp="2019-07-02T19:16:35.022" activeThreads="4">
  <mem-info id="181" free="4284016" total="8912896" percent="48">
    <mem type="nursery" free="578192" total="2621440" percent="22">
      <mem type="allocate" free="578192" total="1310720" percent="44" />
      <mem type="survivor" free="0" total="1310720" percent="0" />
    </mem>
    <mem type="tenure" free="3705824" total="6291456" percent="58">
      <mem type="soa" free="3391456" total="5977088" percent="56" />
      <mem type="loa" free="314368" total="314368" percent="100" />
    </mem>
    <pending-finalizers system="0" default="0" reference="7" classloader="0" />
    <remembered-set count="569" />
  </mem-info>
</gc-end>
<cycle-end id="182" type="scavenge" contextid="175" timestamp="2019-07-02T19:16:35.022">
  <attribute name="GC Util" value="4" />
  <attribute name="CPU Util" value="83" />
  <attribute name="Time Running"value="389"/>
  <attribute name="Number of cores"value="4"/>
</cycle-end>
<allocation-satisfied id="183" threadId="000000000155A100" bytesRequested="1752" />
<af-end id="184" timestamp="2019-07-02T19:16:35.022" threadId="000000000155AA88" success="true" from="nursery"/>
<exclusive-end id="185" timestamp="2019-07-02T19:16:35.022" durationms="4.194" />

<exclusive-start id="186" timestamp="2019-07-02T19:16:35.029" intervalms="10.317">
  <response-info timems="0.027" idlems="0.027" threads="0" lastid="000000000155A100" lastname="Thread-3" />
</exclusive-start>
<af-start id="187" threadId="000000000155AA88" totalBytesRequested="2760" timestamp="2019-07-02T19:16:35.029" intervalms="10.255" type="nursery" />
<cycle-start id="188" type="scavenge" contextid="0" timestamp="2019-07-02T19:16:35.029" intervalms="10.196" />
  <attribute name="GC Util" value="4" />
  <attribute name="CPU Util" value="83" />
  <attribute name="Time Running"value="389"/>
  <attribute name="Number of cores"value="4"/>
<gc-start id="189" type="scavenge" contextid="188" timestamp="2019-07-02T19:16:35.029">
  <mem-info id="190" free="3705824" total="8912896" percent="41">
    <mem type="nursery" free="0" total="2621440" percent="0">
      <mem type="allocate" free="0" total="1310720" percent="0" />
      <mem type="survivor" free="0" total="1310720" percent="0" />
    </mem>
    <mem type="tenure" free="3705824" total="6291456" percent="58">
      <mem type="soa" free="3391456" total="5977088" percent="56" />
      <mem type="loa" free="314368" total="314368" percent="100" />
    </mem>
    <remembered-set count="569" />
  </mem-info>
</gc-start>
<allocation-stats totalBytes="568512" >
  <allocated-bytes non-tlh="1752" tlh="566760" />
  <largest-consumer threadName="Thread-3" threadId="000000000155A100" bytes="568512" />
</allocation-stats>
<gc-op id="191" type="scavenge" timems="2.721" contextid="188" timestamp="2019-07-02T19:16:35.032">
  <scavenger-info tenureage="2" tenuremask="7ffc" tiltratio="50" />
  <memory-copied type="nursery" objects="2049" bytes="1177360" bytesdiscarded="1136" />
  <memory-copied type="tenure" objects="1724" bytes="114232" bytesdiscarded="8" />
  <references type="weak" candidates="2" cleared="0" enqueued="0" />
</gc-op>
<heap-resize id="192" type="expand" space="nursery" amount="393216" count="1" timems="0.013" reason="excessive time being spent scavenging" timestamp="2019-07-02T19:16:35.032" />
<gc-end id="193" type="scavenge" contextid="188" durationms="3.296" usertimems="4.000" systemtimems="0.000" timestamp="2019-07-02T19:16:35.032" activeThreads="4">
  <mem-info id="194" free="3910784" total="9306112" percent="42">
    <mem type="nursery" free="328784" total="3014656" percent="10">
      <mem type="allocate" free="328784" total="1507328" percent="21" />
      <mem type="survivor" free="0" total="1507328" percent="0" />
    </mem>
    <mem type="tenure" free="3582000" total="6291456" percent="56">
      <mem type="soa" free="3267632" total="5977088" percent="54" />
      <mem type="loa" free="314368" total="314368" percent="100" />
    </mem>
    <remembered-set count="244" />
  </mem-info>
</gc-end>
<cycle-end id="195" type="scavenge" contextid="188" timestamp="2019-07-02T19:16:35.032">
  <attribute name="GC Util" value="28" />
  <attribute name="CPU Util" value="1842073215619" />
  <attribute name="Time Running"value="399"/>
  <attribute name="Number of cores"value="4"/>
</cycle-end>
<allocation-satisfied id="196" threadId="000000000155A100" bytesRequested="2760" />
<af-end id="197" timestamp="2019-07-02T19:16:35.033" threadId="000000000155AA88" success="true" from="nursery"/>
<exclusive-end id="198" timestamp="2019-07-02T19:16:35.033" durationms="4.261" />

<exclusive-start id="199" timestamp="2019-07-02T19:16:35.034" intervalms="5.580">
  <response-info timems="0.025" idlems="0.025" threads="0" lastid="000000000155DD00" lastname="Thread-4" />
</exclusive-start>
<af-start id="200" threadId="000000000155E688" totalBytesRequested="24" timestamp="2019-07-02T19:16:35.034" intervalms="5.571" type="nursery" />
<cycle-start id="201" type="scavenge" contextid="0" timestamp="2019-07-02T19:16:35.034" intervalms="5.600" />
  <attribute name="GC Util" value="28" />
  <attribute name="CPU Util" value="1842073215619" />
  <attribute name="Time Running"value="399"/>
  <attribute name="Number of cores"value="4"/>
<gc-start id="202" type="scavenge" contextid="201" timestamp="2019-07-02T19:16:35.034">
  <mem-info id="203" free="3582000" total="9306112" percent="38">
    <mem type="nursery" free="0" total="3014656" percent="0">
      <mem type="allocate" free="0" total="1507328" percent="0" />
      <mem type="survivor" free="0" total="1507328" percent="0" />
    </mem>
    <mem type="tenure" free="3582000" total="6291456" percent="56">
      <mem type="soa" free="3267632" total="5977088" percent="54" />
      <mem type="loa" free="314368" total="314368" percent="100" />
    </mem>
    <remembered-set count="244" />
  </mem-info>
</gc-start>
<allocation-stats totalBytes="322032" >
  <allocated-bytes non-tlh="57040" tlh="264992" />
  <largest-consumer threadName="Thread-3" threadId="000000000155A100" bytes="263656" />
</allocation-stats>
<gc-op id="204" type="scavenge" timems="0.442" contextid="201" timestamp="2019-07-02T19:16:35.035">
  <scavenger-info tenureage="1" tenuremask="7ffe" tiltratio="50" />
  <memory-copied type="nursery" objects="266" bytes="226120" bytesdiscarded="75280" />
  <memory-copied type="tenure" objects="1362" bytes="222304" bytesdiscarded="72" />
</gc-op>
<gc-end id="205" type="scavenge" contextid="201" durationms="0.906" usertimems="0.000" systemtimems="0.000" timestamp="2019-07-02T19:16:35.035" activeThreads="4">
  <mem-info id="206" free="4507584" total="9306112" percent="48">
    <mem type="nursery" free="1205928" total="3014656" percent="40">
      <mem type="allocate" free="1205928" total="1507328" percent="80" />
      <mem type="survivor" free="0" total="1507328" percent="0" />
    </mem>
    <mem type="tenure" free="3301656" total="6291456" percent="52">
      <mem type="soa" free="2987288" total="5977088" percent="49" />
      <mem type="loa" free="314368" total="314368" percent="100" />
    </mem>
    <remembered-set count="91" />
  </mem-info>
</gc-end>
<cycle-end id="207" type="scavenge" contextid="201" timestamp="2019-07-02T19:16:35.035">
  <attribute name="GC Util" value="50" />
  <attribute name="CPU Util" value="3164014241053" />
  <attribute name="Time Running"value="405"/>
  <attribute name="Number of cores"value="4"/>
</cycle-end>
<allocation-satisfied id="208" threadId="000000000155DD00" bytesRequested="24" />
<af-end id="209" timestamp="2019-07-02T19:16:35.036" threadId="000000000155E688" success="true" from="nursery"/>
<exclusive-end id="210" timestamp="2019-07-02T19:16:35.036" durationms="1.621" />

<exclusive-start id="211" timestamp="2019-07-02T19:16:35.058" intervalms="23.660">
  <response-info timems="0.058" idlems="0.058" threads="0" lastid="0000000001561900" lastname="Thread-5" />
</exclusive-start>
<af-start id="212" threadId="0000000001562288" totalBytesRequested="196616" timestamp="2019-07-02T19:16:35.058" intervalms="23.720" type="nursery" />
<cycle-start id="213" type="scavenge" contextid="0" timestamp="2019-07-02T19:16:35.058" intervalms="23.724" />
  <attribute name="GC Util" value="50" />
  <attribute name="CPU Util" value="3164014241053" />
  <attribute name="Time Running"value="405"/>
  <attribute name="Number of cores"value="4"/>
<gc-start id="214" type="scavenge" contextid="213" timestamp="2019-07-02T19:16:35.058">
  <mem-info id="215" free="3398160" total="9306112" percent="36">
    <mem type="nursery" free="98928" total="3014656" percent="3">
      <mem type="allocate" free="98928" total="1507328" percent="6" />
      <mem type="survivor" free="0" total="1507328" percent="0" />
    </mem>
    <mem type="tenure" free="3299232" total="6291456" percent="52">
      <mem type="soa" free="2984864" total="5977088" percent="49" />
      <mem type="loa" free="314368" total="314368" percent="100" />
    </mem>
    <remembered-set count="133" />
  </mem-info>
</gc-start>
<allocation-stats totalBytes="1104520" >
  <allocated-bytes non-tlh="134576" tlh="969944" />
  <largest-consumer threadName="Thread-5" threadId="0000000001561900" bytes="935064" />
</allocation-stats>
<gc-op id="216" type="scavenge" timems="0.463" contextid="213" timestamp="2019-07-02T19:16:35.059">
  <scavenger-info tenureage="1" tenuremask="7ffe" tiltratio="50" />
  <memory-copied type="nursery" objects="4132" bytes="346056" bytesdiscarded="105536" />
  <memory-copied type="tenure" objects="257" bytes="225848" bytesdiscarded="0" />
</gc-op>
<gc-end id="217" type="scavenge" contextid="213" durationms="0.812" usertimems="0.000" systemtimems="0.000" timestamp="2019-07-02T19:16:35.059" activeThreads="4">
  <mem-info id="218" free="4193640" total="9306112" percent="45">
    <mem type="nursery" free="1121272" total="3014656" percent="37">
      <mem type="allocate" free="1121272" total="1572864" percent="71" />
      <mem type="survivor" free="0" total="1441792" percent="0" />
    </mem>
    <mem type="tenure" free="3072368" total="6291456" percent="48">
      <mem type="soa" free="2758000" total="5977088" percent="46" />
      <mem type="loa" free="314368" total="314368" percent="100" />
    </mem>
    <remembered-set count="127" />
  </mem-info>
</gc-end>
<cycle-end id="219" type="scavenge" contextid="213" timestamp="2019-07-02T19:16:35.059">
  <attribute name="GC Util" value="3" />
  <attribute name="CPU Util" value="84" />
  <attribute name="Time Running"value="429"/>
  <attribute name="Number of cores"value="4"/>
</cycle-end>
<allocation-satisfied id="220" threadId="0000000001561900" bytesRequested="196616" />
<af-end id="221" timestamp="2019-07-02T19:16:35.059" threadId="0000000001562288" success="true" from="nursery"/>
<exclusive-end id="222" timestamp="2019-07-02T19:16:35.059" durationms="1.576" />

<exclusive-start id="223" timestamp="2019-07-02T19:16:35.104" intervalms="46.498">
  <response-info timems="0.075" idlems="0.075" threads="0" lastid="0000000001561900" lastname="Thread-5" />
</exclusive-start>
<af-start id="224" threadId="0000000001562288" totalBytesRequested="25640" timestamp="2019-07-02T19:16:35.104" intervalms="46.527" type="nursery" />
<cycle-start id="225" type="scavenge" contextid="0" timestamp="2019-07-02T19:16:35.105" intervalms="46.539" />
  <attribute name="GC Util" value="3" />
  <attribute name="CPU Util" value="84" />
  <attribute name="Time Running"value="429"/>
  <attribute name="Number of cores"value="4"/>
<gc-start id="226" type="scavenge" contextid="225" timestamp="2019-07-02T19:16:35.105">
  <mem-info id="227" free="3072368" total="9306112" percent="33">
    <mem type="nursery" free="0" total="3014656" percent="0">
      <mem type="allocate" free="0" total="1572864" percent="0" />
      <mem type="survivor" free="0" total="1441792" percent="0" />
    </mem>
    <mem type="tenure" free="3072368" total="6291456" percent="48">
      <mem type="soa" free="2758000" total="5977088" percent="46" />
      <mem type="loa" free="314368" total="314368" percent="100" />
    </mem>
    <remembered-set count="127" />
  </mem-info>
</gc-start>
<allocation-stats totalBytes="1112480" >
  <allocated-bytes non-tlh="714776" tlh="397704" />
  <largest-consumer threadName="Thread-5" threadId="0000000001561900" bytes="1112480" />
</allocation-stats>
<gc-op id="228" type="scavenge" timems="0.478" contextid="225" timestamp="2019-07-02T19:16:35.105">
  <scavenger-info tenureage="1" tenuremask="7ffe" tiltratio="52" />
  <memory-copied type="nursery" objects="18" bytes="193464" bytesdiscarded="3080" />
  <memory-copied type="tenure" objects="4131" bytes="346032" bytesdiscarded="560" />
</gc-op>
<gc-end id="229" type="scavenge" contextid="225" durationms="0.903" usertimems="4.000" systemtimems="0.000" timestamp="2019-07-02T19:16:35.106" activeThreads="4">
  <mem-info id="230" free="4375312" total="9306112" percent="47">
    <mem type="nursery" free="1638464" total="3014656" percent="54">
      <mem type="allocate" free="1638464" total="1835008" percent="89" />
      <mem type="survivor" free="0" total="1179648" percent="0" />
    </mem>
    <mem type="tenure" free="2736848" total="6291456" percent="43">
      <mem type="soa" free="2422480" total="5977088" percent="40" />
      <mem type="loa" free="314368" total="314368" percent="100" />
    </mem>
    <remembered-set count="133" />
  </mem-info>
</gc-end>
<cycle-end id="231" type="scavenge" contextid="225" timestamp="2019-07-02T19:16:35.106">
  <attribute name="GC Util" value="2" />
  <attribute name="CPU Util" value="126" />
  <attribute name="Time Running"value="475"/>
  <attribute name="Number of cores"value="4"/>
</cycle-end>
<allocation-satisfied id="232" threadId="0000000001561900" bytesRequested="25640" />
<af-end id="233" timestamp="2019-07-02T19:16:35.106" threadId="0000000001562288" success="true" from="nursery"/>
<exclusive-end id="234" timestamp="2019-07-02T19:16:35.106" durationms="1.669" />

<exclusive-start id="235" timestamp="2019-07-02T19:16:35.168" intervalms="63.336">
  <response-info timems="0.071" idlems="0.071" threads="0" lastid="0000000001561900" lastname="Thread-5" />
</exclusive-start>
<af-start id="236" threadId="0000000001562288" totalBytesRequested="248" timestamp="2019-07-02T19:16:35.168" intervalms="63.319" type="nursery" />
<cycle-start id="237" type="scavenge" contextid="0" timestamp="2019-07-02T19:16:35.168" intervalms="63.320" />
  <attribute name="GC Util" value="2" />
  <attribute name="CPU Util" value="126" />
  <attribute name="Time Running"value="475"/>
  <attribute name="Number of cores"value="4"/>
<gc-start id="238" type="scavenge" contextid="237" timestamp="2019-07-02T19:16:35.168">
  <mem-info id="239" free="2736848" total="9306112" percent="29">
    <mem type="nursery" free="0" total="3014656" percent="0">
      <mem type="allocate" free="0" total="1835008" percent="0" />
      <mem type="survivor" free="0" total="1179648" percent="0" />
    </mem>
    <mem type="tenure" free="2736848" total="6291456" percent="43">
      <mem type="soa" free="2422480" total="5977088" percent="40" />
      <mem type="loa" free="314368" total="314368" percent="100" />
    </mem>
    <remembered-set count="133" />
  </mem-info>
</gc-start>
<allocation-stats totalBytes="1636424" >
  <allocated-bytes non-tlh="25640" tlh="1610784" />
  <largest-consumer threadName="Thread-5" threadId="0000000001561900" bytes="1636424" />
</allocation-stats>
<gc-op id="240" type="scavenge" timems="0.346" contextid="237" timestamp="2019-07-02T19:16:35.169">
  <scavenger-info tenureage="1" tenuremask="7ffe" tiltratio="60" />
  <memory-copied type="nursery" objects="27" bytes="72144" bytesdiscarded="8352" />
  <memory-copied type="tenure" objects="9" bytes="99488" bytesdiscarded="0" />
</gc-op>
<gc-end id="241" type="scavenge" contextid="237" durationms="0.767" usertimems="0.000" systemtimems="0.000" timestamp="2019-07-02T19:16:35.169" activeThreads="4">
  <mem-info id="242" free="4524168" total="9306112" percent="48">
    <mem type="nursery" free="1885584" total="3014656" percent="62">
      <mem type="allocate" free="1885584" total="1966080" percent="95" />
      <mem type="survivor" free="0" total="1048576" percent="0" />
    </mem>
    <mem type="tenure" free="2638584" total="6291456" percent="41">
      <mem type="soa" free="2324216" total="5977088" percent="38" />
      <mem type="loa" free="314368" total="314368" percent="100" />
    </mem>
    <remembered-set count="110" />
  </mem-info>
</gc-end>
<cycle-end id="243" type="scavenge" contextid="237" timestamp="2019-07-02T19:16:35.169">
  <attribute name="GC Util" value="1" />
  <attribute name="CPU Util" value="154" />
  <attribute name="Time Running"value="539"/>
  <attribute name="Number of cores"value="4"/>
</cycle-end>
<allocation-satisfied id="244" threadId="0000000001561900" bytesRequested="248" />
<af-end id="245" timestamp="2019-07-02T19:16:35.169" threadId="0000000001562288" success="true" from="nursery"/>
<exclusive-end id="246" timestamp="2019-07-02T19:16:35.169" durationms="1.651" />

<exclusive-start id="247" timestamp="2019-07-02T19:16:35.213" intervalms="45.347">
  <response-info timems="0.067" idlems="0.067" threads="0" lastid="0000000001561900" lastname="Thread-5" />
</exclusive-start>
<af-start id="248" threadId="0000000001562288" totalBytesRequested="2216" timestamp="2019-07-02T19:16:35.213" intervalms="45.360" type="nursery" />
<cycle-start id="249" type="scavenge" contextid="0" timestamp="2019-07-02T19:16:35.213" intervalms="45.367" />
  <attribute name="GC Util" value="1" />
  <attribute name="CPU Util" value="154" />
  <attribute name="Time Running"value="539"/>
  <attribute name="Number of cores"value="4"/>
<gc-start id="250" type="scavenge" contextid="249" timestamp="2019-07-02T19:16:35.213">
  <mem-info id="251" free="2638584" total="9306112" percent="28">
    <mem type="nursery" free="0" total="3014656" percent="0">
      <mem type="allocate" free="0" total="1966080" percent="0" />
      <mem type="survivor" free="0" total="1048576" percent="0" />
    </mem>
    <mem type="tenure" free="2638584" total="6291456" percent="41">
      <mem type="soa" free="2324216" total="5977088" percent="38" />
      <mem type="loa" free="314368" total="314368" percent="100" />
    </mem>
    <remembered-set count="110" />
  </mem-info>
</gc-start>
<allocation-stats totalBytes="1856056" >
  <allocated-bytes non-tlh="49360" tlh="1806696" />
  <largest-consumer threadName="Thread-5" threadId="0000000001561900" bytes="1856056" />
</allocation-stats>
<gc-op id="252" type="scavenge" timems="0.258" contextid="249" timestamp="2019-07-02T19:16:35.214">
  <scavenger-info tenureage="2" tenuremask="7ffc" tiltratio="65" />
  <memory-copied type="nursery" objects="13" bytes="157136" bytesdiscarded="5744" />
</gc-op>
<gc-end id="253" type="scavenge" contextid="249" durationms="0.526" usertimems="0.000" systemtimems="0.000" timestamp="2019-07-02T19:16:35.214" activeThreads="4">
  <mem-info id="254" free="4638392" total="9306112" percent="49">
    <mem type="nursery" free="1999808" total="3014656" percent="66">
      <mem type="allocate" free="1999808" total="2162688" percent="92" />
      <mem type="survivor" free="0" total="851968" percent="0" />
    </mem>
    <mem type="tenure" free="2638584" total="6291456" percent="41">
      <mem type="soa" free="2324216" total="5977088" percent="38" />
      <mem type="loa" free="314368" total="314368" percent="100" />
    </mem>
    <remembered-set count="110" />
  </mem-info>
</gc-end>
<cycle-end id="255" type="scavenge" contextid="249" timestamp="2019-07-02T19:16:35.214">
  <attribute name="GC Util" value="1" />
  <attribute name="CPU Util" value="82" />
  <attribute name="Time Running"value="584"/>
  <attribute name="Number of cores"value="4"/>
</cycle-end>
<allocation-satisfied id="256" threadId="0000000001561900" bytesRequested="2216" />
<af-end id="257" timestamp="2019-07-02T19:16:35.214" threadId="0000000001562288" success="true" from="nursery"/>
<exclusive-end id="258" timestamp="2019-07-02T19:16:35.214" durationms="1.330" />

<exclusive-start id="259" timestamp="2019-07-02T19:16:35.220" intervalms="7.400">
  <response-info timems="0.236" idlems="0.206" threads="1" lastid="0000000001561900" lastname="Thread-5" />
</exclusive-start>
<af-start id="260" threadId="0000000001565E88" totalBytesRequested="40" timestamp="2019-07-02T19:16:35.220" intervalms="7.329" type="nursery" />
<cycle-start id="261" type="scavenge" contextid="0" timestamp="2019-07-02T19:16:35.221" intervalms="7.356" />
  <attribute name="GC Util" value="1" />
  <attribute name="CPU Util" value="82" />
  <attribute name="Time Running"value="584"/>
  <attribute name="Number of cores"value="4"/>
<gc-start id="262" type="scavenge" contextid="261" timestamp="2019-07-02T19:16:35.221">
  <mem-info id="263" free="2638552" total="9306112" percent="28">
    <mem type="nursery" free="0" total="3014656" percent="0">
      <mem type="allocate" free="0" total="2162688" percent="0" />
      <mem type="survivor" free="0" total="851968" percent="0" />
    </mem>
    <mem type="tenure" free="2638552" total="6291456" percent="41">
      <mem type="soa" free="2324184" total="5977088" percent="38" />
      <mem type="loa" free="314368" total="314368" percent="100" />
    </mem>
    <remembered-set count="111" />
  </mem-info>
</gc-start>
<allocation-stats totalBytes="1962368" >
  <allocated-bytes non-tlh="141720" tlh="1820648" />
  <largest-consumer threadName="Thread-5" threadId="0000000001561900" bytes="1962368" />
</allocation-stats>
<gc-op id="264" type="scavenge" timems="0.210" contextid="261" timestamp="2019-07-02T19:16:35.221">
  <scavenger-info tenureage="3" tenuremask="7ff8" tiltratio="71" />
  <memory-copied type="nursery" objects="2" bytes="99792" bytesdiscarded="0" />
</gc-op>
<gc-end id="265" type="scavenge" contextid="261" durationms="0.599" usertimems="0.000" systemtimems="0.000" timestamp="2019-07-02T19:16:35.221" activeThreads="4">
  <mem-info id="266" free="4832520" total="9306112" percent="51">
    <mem type="nursery" free="2193968" total="3014656" percent="72">
      <mem type="allocate" free="2193968" total="2293760" percent="95" />
      <mem type="survivor" free="0" total="720896" percent="0" />
    </mem>
    <mem type="tenure" free="2638552" total="6291456" percent="41">
      <mem type="soa" free="2324184" total="5977088" percent="38" />
      <mem type="loa" free="314368" total="314368" percent="100" />
    </mem>
    <remembered-set count="110" />
  </mem-info>
</gc-end>
<cycle-end id="267" type="scavenge" contextid="261" timestamp="2019-07-02T19:16:35.221">
  <attribute name="GC Util" value="7" />
  <attribute name="CPU Util" value="2472228962560" />
  <attribute name="Time Running"value="591"/>
  <attribute name="Number of cores"value="4"/>
</cycle-end>
<allocation-satisfied id="268" threadId="0000000001565500" bytesRequested="40" />
<af-end id="269" timestamp="2019-07-02T19:16:35.222" threadId="0000000001565E88" success="true" from="nursery"/>
<exclusive-end id="270" timestamp="2019-07-02T19:16:35.222" durationms="1.273" />

<exclusive-start id="271" timestamp="2019-07-02T19:16:35.255" intervalms="34.257">
  <response-info timems="0.035" idlems="0.015" threads="2" lastid="0000000001565500" lastname="Thread-8" />
</exclusive-start>
<af-start id="272" threadId="0000000001562288" totalBytesRequested="40" timestamp="2019-07-02T19:16:35.255" intervalms="34.332" type="nursery" />
<cycle-start id="273" type="scavenge" contextid="0" timestamp="2019-07-02T19:16:35.255" intervalms="34.273" />
  <attribute name="GC Util" value="7" />
  <attribute name="CPU Util" value="2472228962560" />
  <attribute name="Time Running"value="591"/>
  <attribute name="Number of cores"value="4"/>
<gc-start id="274" type="scavenge" contextid="273" timestamp="2019-07-02T19:16:35.255">
  <mem-info id="275" free="2632760" total="9306112" percent="28">
    <mem type="nursery" free="0" total="3014656" percent="0">
      <mem type="allocate" free="0" total="2293760" percent="0" />
      <mem type="survivor" free="0" total="720896" percent="0" />
    </mem>
    <mem type="tenure" free="2632760" total="6291456" percent="41">
      <mem type="soa" free="2318392" total="5977088" percent="38" />
      <mem type="loa" free="314368" total="314368" percent="100" />
    </mem>
    <remembered-set count="198" />
  </mem-info>
</gc-start>
<allocation-stats totalBytes="2196720" >
  <allocated-bytes non-tlh="347016" tlh="1849704" />
  <largest-consumer threadName="Thread-7" threadId="000000000155DD00" bytes="612912" />
</allocation-stats>
<gc-op id="276" type="scavenge" timems="1.336" contextid="273" timestamp="2019-07-02T19:16:35.257">
  <scavenger-info tenureage="4" tenuremask="7ff0" tiltratio="76" />
  <memory-copied type="nursery" objects="8157" bytes="720752" bytesdiscarded="104" />
  <memory-copied type="tenure" objects="12296" bytes="644440" bytesdiscarded="0" />
  <copy-failed type="nursery" objects="12296" bytes="644440" />
</gc-op>
<gc-end id="277" type="scavenge" contextid="273" durationms="1.822" usertimems="4.000" systemtimems="0.000" timestamp="2019-07-02T19:16:35.257" activeThreads="4">
  <mem-info id="278" free="2607664" total="9306112" percent="28">
    <mem type="nursery" free="786432" total="3014656" percent="26">
      <mem type="allocate" free="786432" total="1507328" percent="52" />
      <mem type="survivor" free="0" total="1507328" percent="0" />
    </mem>
    <mem type="tenure" free="1821232" total="6291456" percent="28">
      <mem type="soa" free="1506864" total="5977088" percent="25" />
      <mem type="loa" free="314368" total="314368" percent="100" />
    </mem>
    <remembered-set count="186" />
  </mem-info>
</gc-end>
<cycle-end id="279" type="scavenge" contextid="273" timestamp="2019-07-02T19:16:35.257">
  <attribute name="GC Util" value="1" />
  <attribute name="CPU Util" value="134" />
  <attribute name="Time Running"value="626"/>
  <attribute name="Number of cores"value="4"/>
</cycle-end>
<allocation-satisfied id="280" threadId="0000000001561900" bytesRequested="40" />
<af-end id="281" timestamp="2019-07-02T19:16:35.257" threadId="0000000001562288" success="true" from="nursery"/>
<exclusive-end id="282" timestamp="2019-07-02T19:16:35.257" durationms="2.576" />

<exclusive-start id="283" timestamp="2019-07-02T19:16:35.284" intervalms="29.408">
  <response-info timems="0.073" idlems="0.073" threads="0" lastid="0000000001561900" lastname="Thread-10" />
</exclusive-start>
<af-start id="284" threadId="0000000001562288" totalBytesRequested="24" timestamp="2019-07-02T19:16:35.284" intervalms="29.388" type="nursery" />
<cycle-start id="285" type="scavenge" contextid="0" timestamp="2019-07-02T19:16:35.284" intervalms="29.383" />
  <attribute name="GC Util" value="1" />
  <attribute name="CPU Util" value="134" />
  <attribute name="Time Running"value="626"/>
  <attribute name="Number of cores"value="4"/>
<gc-start id="286" type="scavenge" contextid="285" timestamp="2019-07-02T19:16:35.284">
  <mem-info id="287" free="1821232" total="9306112" percent="19">
    <mem type="nursery" free="0" total="3014656" percent="0">
      <mem type="allocate" free="0" total="1507328" percent="0" />
      <mem type="survivor" free="0" total="1507328" percent="0" />
    </mem>
    <mem type="tenure" free="1821232" total="6291456" percent="28">
      <mem type="soa" free="1506864" total="5977088" percent="25" />
      <mem type="loa" free="314368" total="314368" percent="100" />
    </mem>
    <remembered-set count="310" />
  </mem-info>
</gc-start>
<allocation-stats totalBytes="786264" >
  <allocated-bytes non-tlh="40" tlh="786224" />
  <largest-consumer threadName="Thread-7" threadId="000000000155DD00" bytes="409568" />
</allocation-stats>
<gc-op id="288" type="scavenge" timems="0.733" contextid="285" timestamp="2019-07-02T19:16:35.285">
  <scavenger-info tenureage="2" tenuremask="fffc" tiltratio="50" />
  <memory-copied type="nursery" objects="8335" bytes="625264" bytesdiscarded="102744" />
  <memory-copied type="tenure" objects="2" bytes="99792" bytesdiscarded="0" />
</gc-op>
<gc-end id="289" type="scavenge" contextid="285" durationms="0.998" usertimems="0.000" systemtimems="0.000" timestamp="2019-07-02T19:16:35.285" activeThreads="4">
  <mem-info id="290" free="2550272" total="9306112" percent="27">
    <mem type="nursery" free="779280" total="3014656" percent="25">
      <mem type="allocate" free="779280" total="1507328" percent="51" />
      <mem type="survivor" free="0" total="1507328" percent="0" />
    </mem>
    <mem type="tenure" free="1770992" total="6291456" percent="28">
      <mem type="soa" free="1456624" total="5977088" percent="24" />
      <mem type="loa" free="314368" total="314368" percent="100" />
    </mem>
    <remembered-set count="274" />
  </mem-info>
</gc-end>
<cycle-end id="291" type="scavenge" contextid="285" timestamp="2019-07-02T19:16:35.285">
  <attribute name="GC Util" value="9" />
  <attribute name="CPU Util" value="80" />
  <attribute name="Time Running"value="655"/>
  <attribute name="Number of cores"value="4"/>
</cycle-end>
<allocation-satisfied id="292" threadId="0000000001561900" bytesRequested="24" />
<af-end id="293" timestamp="2019-07-02T19:16:35.286" threadId="0000000001562288" success="true" from="nursery"/>
<exclusive-end id="294" timestamp="2019-07-02T19:16:35.286" durationms="1.598" />

<exclusive-start id="295" timestamp="2019-07-02T19:16:35.301" intervalms="16.975">
  <response-info timems="0.052" idlems="0.052" threads="0" lastid="0000000001565500" lastname="Thread-8" />
</exclusive-start>
<af-start id="296" threadId="0000000001565E88" totalBytesRequested="40" timestamp="2019-07-02T19:16:35.301" intervalms="16.935" type="nursery" />
<cycle-start id="297" type="scavenge" contextid="0" timestamp="2019-07-02T19:16:35.301" intervalms="16.927" />
  <attribute name="GC Util" value="9" />
  <attribute name="CPU Util" value="80" />
  <attribute name="Time Running"value="655"/>
  <attribute name="Number of cores"value="4"/>
<gc-start id="298" type="scavenge" contextid="297" timestamp="2019-07-02T19:16:35.301">
  <mem-info id="299" free="1770992" total="9306112" percent="19">
    <mem type="nursery" free="0" total="3014656" percent="0">
      <mem type="allocate" free="0" total="1507328" percent="0" />
      <mem type="survivor" free="0" total="1507328" percent="0" />
    </mem>
    <mem type="tenure" free="1770992" total="6291456" percent="28">
      <mem type="soa" free="1456624" total="5977088" percent="24" />
      <mem type="loa" free="314368" total="314368" percent="100" />
    </mem>
    <remembered-set count="369" />
  </mem-info>
</gc-start>
<allocation-stats totalBytes="779040" >
  <allocated-bytes non-tlh="24" tlh="779016" />
  <largest-consumer threadName="Thread-10" threadId="0000000001561900" bytes="229288" />
</allocation-stats>
<gc-op id="300" type="scavenge" timems="0.811" contextid="297" timestamp="2019-07-02T19:16:35.302">
  <scavenger-info tenureage="2" tenuremask="fffc" tiltratio="50" />
  <memory-copied type="nursery" objects="596" bytes="15520" bytesdiscarded="62816" />
  <memory-copied type="tenure" objects="7915" bytes="613888" bytesdiscarded="72" />
</gc-op>
<gc-end id="301" type="scavenge" contextid="297" durationms="1.178" usertimems="0.000" systemtimems="0.000" timestamp="2019-07-02T19:16:35.302" activeThreads="4">
  <mem-info id="302" free="2550272" total="9306112" percent="27">
    <mem type="nursery" free="1428992" total="3014656" percent="47">
      <mem type="allocate" free="1428992" total="1507328" percent="94" />
      <mem type="survivor" free="0" total="1507328" percent="0" />
    </mem>
    <mem type="tenure" free="1121280" total="6291456" percent="17">
      <mem type="soa" free="806912" total="5977088" percent="13" />
      <mem type="loa" free="314368" total="314368" percent="100" />
    </mem>
    <remembered-set count="476" />
  </mem-info>
</gc-end>
<cycle-end id="303" type="scavenge" contextid="297" timestamp="2019-07-02T19:16:35.303">
  <attribute name="GC Util" value="8" />
  <attribute name="CPU Util" value="129" />
  <attribute name="Time Running"value="672"/>
  <attribute name="Number of cores"value="4"/>
</cycle-end>
<allocation-satisfied id="304" threadId="0000000001565500" bytesRequested="40" />
<af-end id="305" timestamp="2019-07-02T19:16:35.303" threadId="0000000001565E88" success="true" from="nursery"/>
<exclusive-end id="306" timestamp="2019-07-02T19:16:35.303" durationms="1.900" />

<exclusive-start id="307" timestamp="2019-07-02T19:16:35.333" intervalms="31.983">
  <response-info timems="0.053" idlems="0.031" threads="1" lastid="000000000155A100" lastname="Thread-9" />
</exclusive-start>
<af-start id="308" threadId="000000000155E688" totalBytesRequested="40" timestamp="2019-07-02T19:16:35.333" intervalms="32.010" type="nursery" />
<cycle-start id="309" type="scavenge" contextid="0" timestamp="2019-07-02T19:16:35.333" intervalms="32.030" />
  <attribute name="GC Util" value="8" />
  <attribute name="CPU Util" value="129" />
  <attribute name="Time Running"value="672"/>
  <attribute name="Number of cores"value="4"/>
<gc-start id="310" type="scavenge" contextid="309" timestamp="2019-07-02T19:16:35.333">
  <mem-info id="311" free="1121280" total="9306112" percent="12">
    <mem type="nursery" free="0" total="3014656" percent="0">
      <mem type="allocate" free="0" total="1507328" percent="0" />
      <mem type="survivor" free="0" total="1507328" percent="0" />
    </mem>
    <mem type="tenure" free="1121280" total="6291456" percent="17">
      <mem type="soa" free="806912" total="5977088" percent="13" />
      <mem type="loa" free="314368" total="314368" percent="100" />
    </mem>
    <remembered-set count="889" />
  </mem-info>
</gc-start>
<allocation-stats totalBytes="1428624" >
  <allocated-bytes non-tlh="40" tlh="1428584" />
  <largest-consumer threadName="Thread-8" threadId="0000000001565500" bytes="430048" />
</allocation-stats>
<gc-op id="312" type="scavenge" timems="1.896" contextid="309" timestamp="2019-07-02T19:16:35.335">
  <scavenger-info tenureage="3" tenuremask="fff8" tiltratio="50" />
  <memory-copied type="nursery" objects="1003" bytes="25240" bytesdiscarded="13928" />
</gc-op>
<heap-resize id="313" type="expand" space="nursery" amount="131072" count="1" timems="0.015" reason="excessive time being spent scavenging" timestamp="2019-07-02T19:16:35.336" />
<gc-end id="314" type="scavenge" contextid="309" durationms="2.559" usertimems="4.000" systemtimems="0.000" timestamp="2019-07-02T19:16:35.336" activeThreads="4">
  <mem-info id="315" free="2654976" total="9437184" percent="28">
    <mem type="nursery" free="1533696" total="3145728" percent="48">
      <mem type="allocate" free="1533696" total="1572864" percent="97" />
      <mem type="survivor" free="0" total="1572864" percent="0" />
    </mem>
    <mem type="tenure" free="1121280" total="6291456" percent="17">
      <mem type="soa" free="806912" total="5977088" percent="13" />
      <mem type="loa" free="314368" total="314368" percent="100" />
    </mem>
    <remembered-set count="889" />
  </mem-info>
</gc-end>
<cycle-end id="316" type="scavenge" contextid="309" timestamp="2019-07-02T19:16:35.336">
  <attribute name="GC Util" value="5" />
  <attribute name="CPU Util" value="250" />
  <attribute name="Time Running"value="704"/>
  <attribute name="Number of cores"value="4"/>
</cycle-end>
<allocation-satisfied id="317" threadId="000000000155DD00" bytesRequested="40" />
<af-end id="318" timestamp="2019-07-02T19:16:35.336" threadId="000000000155E688" success="true" from="nursery"/>
<exclusive-end id="319" timestamp="2019-07-02T19:16:35.337" durationms="3.554" />

<exclusive-start id="320" timestamp="2019-07-02T19:16:35.365" intervalms="32.247">
  <response-info timems="0.037" idlems="0.037" threads="0" lastid="0000000001565500" lastname="Thread-8" />
</exclusive-start>
<af-start id="321" threadId="0000000001565E88" totalBytesRequested="40" timestamp="2019-07-02T19:16:35.365" intervalms="32.259" type="nursery" />
<cycle-start id="322" type="scavenge" contextid="0" timestamp="2019-07-02T19:16:35.366" intervalms="32.287" />
  <attribute name="GC Util" value="5" />
  <attribute name="CPU Util" value="250" />
  <attribute name="Time Running"value="704"/>
  <attribute name="Number of cores"value="4"/>
<gc-start id="323" type="scavenge" contextid="322" timestamp="2019-07-02T19:16:35.366">
  <mem-info id="324" free="1121280" total="9437184" percent="11">
    <mem type="nursery" free="0" total="3145728" percent="0">
      <mem type="allocate" free="0" total="1572864" percent="0" />
      <mem type="survivor" free="0" total="1572864" percent="0" />
    </mem>
    <mem type="tenure" free="1121280" total="6291456" percent="17">
      <mem type="soa" free="806912" total="5977088" percent="13" />
      <mem type="loa" free="314368" total="314368" percent="100" />
    </mem>
    <remembered-set count="1368" />
  </mem-info>
</gc-start>
<allocation-stats totalBytes="1533272" >
  <allocated-bytes non-tlh="40" tlh="1533232" />
  <largest-consumer threadName="Thread-10" threadId="0000000001561900" bytes="442272" />
</allocation-stats>
<gc-op id="325" type="scavenge" timems="0.291" contextid="322" timestamp="2019-07-02T19:16:35.366">
  <scavenger-info tenureage="3" tenuremask="fff8" tiltratio="50" />
  <memory-copied type="nursery" objects="1337" bytes="33432" bytesdiscarded="167784" />
  <memory-copied type="tenure" objects="181" bytes="4344" bytesdiscarded="0" />
</gc-op>
<gc-end id="326" type="scavenge" contextid="322" durationms="0.714" usertimems="0.000" systemtimems="0.000" timestamp="2019-07-02T19:16:35.366" activeThreads="4">
  <mem-info id="327" free="2624000" total="9437184" percent="27">
    <mem type="nursery" free="1502720" total="3145728" percent="47">
      <mem type="allocate" free="1502720" total="1703936" percent="88" />
      <mem type="survivor" free="0" total="1441792" percent="0" />
    </mem>
    <mem type="tenure" free="1121280" total="6291456" percent="17">
      <mem type="soa" free="806912" total="5977088" percent="13" />
      <mem type="loa" free="314368" total="314368" percent="100" />
    </mem>
    <remembered-set count="1181" />
  </mem-info>
</gc-end>
<cycle-end id="328" type="scavenge" contextid="322" timestamp="2019-07-02T19:16:35.367">
  <attribute name="GC Util" value="6" />
  <attribute name="CPU Util" value="179" />
  <attribute name="Time Running"value="736"/>
  <attribute name="Number of cores"value="4"/>
</cycle-end>
<allocation-satisfied id="329" threadId="0000000001565500" bytesRequested="40" />
<af-end id="330" timestamp="2019-07-02T19:16:35.367" threadId="0000000001565E88" success="true" from="nursery"/>
<exclusive-end id="331" timestamp="2019-07-02T19:16:35.367" durationms="1.552" />

<exclusive-start id="332" timestamp="2019-07-02T19:16:35.396" intervalms="30.997">
  <response-info timems="0.030" idlems="0.030" threads="0" lastid="0000000001561900" lastname="Thread-10" />
</exclusive-start>
<af-start id="333" threadId="0000000001562288" totalBytesRequested="40" timestamp="2019-07-02T19:16:35.396" intervalms="30.928" type="nursery" />
<cycle-start id="334" type="scavenge" contextid="0" timestamp="2019-07-02T19:16:35.396" intervalms="30.867" />
  <attribute name="GC Util" value="6" />
  <attribute name="CPU Util" value="179" />
  <attribute name="Time Running"value="736"/>
  <attribute name="Number of cores"value="4"/>
<gc-start id="335" type="scavenge" contextid="334" timestamp="2019-07-02T19:16:35.396">
  <mem-info id="336" free="1121280" total="9437184" percent="11">
    <mem type="nursery" free="0" total="3145728" percent="0">
      <mem type="allocate" free="0" total="1703936" percent="0" />
      <mem type="survivor" free="0" total="1441792" percent="0" />
    </mem>
    <mem type="tenure" free="1121280" total="6291456" percent="17">
      <mem type="soa" free="806912" total="5977088" percent="13" />
      <mem type="loa" free="314368" total="314368" percent="100" />
    </mem>
    <remembered-set count="1629" />
  </mem-info>
</gc-start>
<allocation-stats totalBytes="1502304" >
  <allocated-bytes non-tlh="40" tlh="1502264" />
  <largest-consumer threadName="Thread-8" threadId="0000000001565500" bytes="442344" />
</allocation-stats>
<gc-op id="337" type="scavenge" timems="0.289" contextid="334" timestamp="2019-07-02T19:16:35.397">
  <scavenger-info tenureage="3" tenuremask="ffe8" tiltratio="54" />
  <memory-copied type="nursery" objects="1604" bytes="39872" bytesdiscarded="130624" />
  <memory-copied type="tenure" objects="199" bytes="4776" bytesdiscarded="0" />
</gc-op>
<gc-end id="338" type="scavenge" contextid="334" durationms="0.585" usertimems="0.000" systemtimems="0.000" timestamp="2019-07-02T19:16:35.397" activeThreads="4">
  <mem-info id="339" free="2916864" total="9437184" percent="30">
    <mem type="nursery" free="1795584" total="3145728" percent="57">
      <mem type="allocate" free="1795584" total="1966080" percent="91" />
      <mem type="survivor" free="0" total="1179648" percent="0" />
    </mem>
    <mem type="tenure" free="1121280" total="6291456" percent="17">
      <mem type="soa" free="806912" total="5977088" percent="13" />
      <mem type="loa" free="314368" total="314368" percent="100" />
    </mem>
    <remembered-set count="1430" />
  </mem-info>
</gc-end>
<cycle-end id="340" type="scavenge" contextid="334" timestamp="2019-07-02T19:16:35.397">
  <attribute name="GC Util" value="2" />
  <attribute name="CPU Util" value="219" />
  <attribute name="Time Running"value="767"/>
  <attribute name="Number of cores"value="4"/>
</cycle-end>
<allocation-satisfied id="341" threadId="0000000001561900" bytesRequested="40" />
<af-end id="342" timestamp="2019-07-02T19:16:35.397" threadId="0000000001562288" success="true" from="nursery"/>
<exclusive-end id="343" timestamp="2019-07-02T19:16:35.397" durationms="1.119" />

<exclusive-start id="344" timestamp="2019-07-02T19:16:35.433" intervalms="37.140">
  <response-info timems="0.037" idlems="0.037" threads="0" lastid="0000000001565500" lastname="Thread-8" />
</exclusive-start>
<af-start id="345" threadId="0000000001565E88" totalBytesRequested="24" timestamp="2019-07-02T19:16:35.433" intervalms="37.184" type="nursery" />
<cycle-start id="346" type="scavenge" contextid="0" timestamp="2019-07-02T19:16:35.434" intervalms="37.162" />
  <attribute name="GC Util" value="2" />
  <attribute name="CPU Util" value="219" />
  <attribute name="Time Running"value="767"/>
  <attribute name="Number of cores"value="4"/>
<gc-start id="347" type="scavenge" contextid="346" timestamp="2019-07-02T19:16:35.434">
  <mem-info id="348" free="1121280" total="9437184" percent="11">
    <mem type="nursery" free="0" total="3145728" percent="0">
      <mem type="allocate" free="0" total="1966080" percent="0" />
      <mem type="survivor" free="0" total="1179648" percent="0" />
    </mem>
    <mem type="tenure" free="1121280" total="6291456" percent="17">
      <mem type="soa" free="806912" total="5977088" percent="13" />
      <mem type="loa" free="314368" total="314368" percent="100" />
    </mem>
    <remembered-set count="2008" />
  </mem-info>
</gc-start>
<allocation-stats totalBytes="1795056" >
  <allocated-bytes non-tlh="40" tlh="1795016" />
  <largest-consumer threadName="Thread-7" threadId="000000000155DD00" bytes="520000" />
</allocation-stats>
<gc-op id="349" type="scavenge" timems="0.335" contextid="346" timestamp="2019-07-02T19:16:35.434">
  <scavenger-info tenureage="3" tenuremask="ffe8" tiltratio="62" />
  <memory-copied type="nursery" objects="1810" bytes="45008" bytesdiscarded="125488" />
  <memory-copied type="tenure" objects="416" bytes="9984" bytesdiscarded="0" />
</gc-op>
<gc-end id="350" type="scavenge" contextid="346" durationms="0.723" usertimems="0.000" systemtimems="0.000" timestamp="2019-07-02T19:16:35.434" activeThreads="4">
  <mem-info id="351" free="3113472" total="9437184" percent="32">
    <mem type="nursery" free="1992192" total="3145728" percent="63">
      <mem type="allocate" free="1992192" total="2162688" percent="92" />
      <mem type="survivor" free="0" total="983040" percent="0" />
    </mem>
    <mem type="tenure" free="1121280" total="6291456" percent="17">
      <mem type="soa" free="806912" total="5977088" percent="13" />
      <mem type="loa" free="314368" total="314368" percent="100" />
    </mem>
    <remembered-set count="1592" />
  </mem-info>
</gc-end>
<cycle-end id="352" type="scavenge" contextid="346" timestamp="2019-07-02T19:16:35.434">
  <attribute name="GC Util" value="1" />
  <attribute name="CPU Util" value="232" />
  <attribute name="Time Running"value="804"/>
  <attribute name="Number of cores"value="4"/>
</cycle-end>
<allocation-satisfied id="353" threadId="0000000001565500" bytesRequested="24" />
<af-end id="354" timestamp="2019-07-02T19:16:35.435" threadId="0000000001565E88" success="true" from="nursery"/>
<exclusive-end id="355" timestamp="2019-07-02T19:16:35.435" durationms="1.374" />

<exclusive-start id="356" timestamp="2019-07-02T19:16:35.475" intervalms="41.905">
  <response-info timems="0.025" idlems="0.025" threads="0" lastid="0000000001565500" lastname="Thread-8" />
</exclusive-start>
<af-start id="357" threadId="0000000001565E88" totalBytesRequested="40" timestamp="2019-07-02T19:16:35.475" intervalms="41.922" type="nursery" />
<cycle-start id="358" type="scavenge" contextid="0" timestamp="2019-07-02T19:16:35.475" intervalms="41.955" />
  <attribute name="GC Util" value="1" />
  <attribute name="CPU Util" value="232" />
  <attribute name="Time Running"value="804"/>
  <attribute name="Number of cores"value="4"/>
<gc-start id="359" type="scavenge" contextid="358" timestamp="2019-07-02T19:16:35.476">
  <mem-info id="360" free="1121280" total="9437184" percent="11">
    <mem type="nursery" free="0" total="3145728" percent="0">
      <mem type="allocate" free="0" total="2162688" percent="0" />
      <mem type="survivor" free="0" total="983040" percent="0" />
    </mem>
    <mem type="tenure" free="1121280" total="6291456" percent="17">
      <mem type="soa" free="806912" total="5977088" percent="13" />
      <mem type="loa" free="314368" total="314368" percent="100" />
    </mem>
    <remembered-set count="2048" />
  </mem-info>
</gc-start>
<allocation-stats totalBytes="1991608" >
  <allocated-bytes non-tlh="24" tlh="1991584" />
  <largest-consumer threadName="Thread-10" threadId="0000000001561900" bytes="593768" />
</allocation-stats>
<gc-op id="361" type="scavenge" timems="0.306" contextid="358" timestamp="2019-07-02T19:16:35.476">
  <scavenger-info tenureage="3" tenuremask="ffe8" tiltratio="68" />
  <memory-copied type="nursery" objects="1711" bytes="42256" bytesdiscarded="97520" />
  <memory-copied type="tenure" objects="479" bytes="11496" bytesdiscarded="0" />
</gc-op>
<gc-end id="362" type="scavenge" contextid="358" durationms="0.697" usertimems="0.000" systemtimems="0.000" timestamp="2019-07-02T19:16:35.476" activeThreads="4">
  <mem-info id="363" free="3340800" total="9437184" percent="35">
    <mem type="nursery" free="2219520" total="3145728" percent="70">
      <mem type="allocate" free="2219520" total="2359296" percent="94" />
      <mem type="survivor" free="0" total="786432" percent="0" />
    </mem>
    <mem type="tenure" free="1121280" total="6291456" percent="17">
      <mem type="soa" free="806912" total="5977088" percent="13" />
      <mem type="loa" free="314368" total="314368" percent="100" />
    </mem>
    <remembered-set count="1569" />
  </mem-info>
</gc-end>
<cycle-end id="364" type="scavenge" contextid="358" timestamp="2019-07-02T19:16:35.476">
  <attribute name="GC Util" value="1" />
  <attribute name="CPU Util" value="275" />
  <attribute name="Time Running"value="846"/>
  <attribute name="Number of cores"value="4"/>
</cycle-end>
<allocation-satisfied id="365" threadId="0000000001565500" bytesRequested="40" />
<af-end id="366" timestamp="2019-07-02T19:16:35.477" threadId="0000000001565E88" success="true" from="nursery"/>
<exclusive-end id="367" timestamp="2019-07-02T19:16:35.477" durationms="1.475" />

<exclusive-start id="368" timestamp="2019-07-02T19:16:35.517" intervalms="41.273">
  <response-info timems="0.221" idlems="0.221" threads="0" lastid="000000000155A100" lastname="Thread-9" />
</exclusive-start>
<af-start id="369" threadId="000000000155AA88" totalBytesRequested="40" timestamp="2019-07-02T19:16:35.517" intervalms="41.212" type="nursery" />
<cycle-start id="370" type="scavenge" contextid="0" timestamp="2019-07-02T19:16:35.517" intervalms="41.193" />
  <attribute name="GC Util" value="1" />
  <attribute name="CPU Util" value="275" />
  <attribute name="Time Running"value="846"/>
  <attribute name="Number of cores"value="4"/>
<gc-start id="371" type="scavenge" contextid="370" timestamp="2019-07-02T19:16:35.517">
  <mem-info id="372" free="1121280" total="9437184" percent="11">
    <mem type="nursery" free="0" total="3145728" percent="0">
      <mem type="allocate" free="0" total="2359296" percent="0" />
      <mem type="survivor" free="0" total="786432" percent="0" />
    </mem>
    <mem type="tenure" free="1121280" total="6291456" percent="17">
      <mem type="soa" free="806912" total="5977088" percent="13" />
      <mem type="loa" free="314368" total="314368" percent="100" />
    </mem>
    <remembered-set count="2235" />
  </mem-info>
</gc-start>
<allocation-stats totalBytes="2219056" >
  <allocated-bytes non-tlh="40" tlh="2219016" />
  <largest-consumer threadName="Thread-10" threadId="0000000001561900" bytes="593840" />
</allocation-stats>
<gc-op id="373" type="scavenge" timems="0.359" contextid="370" timestamp="2019-07-02T19:16:35.518">
  <scavenger-info tenureage="3" tenuremask="ffe8" tiltratio="75" />
  <memory-copied type="nursery" objects="2008" bytes="49776" bytesdiscarded="120720" />
  <memory-copied type="tenure" objects="446" bytes="10704" bytesdiscarded="0" />
</gc-op>
<gc-end id="374" type="scavenge" contextid="370" durationms="1.149" usertimems="0.000" systemtimems="0.000" timestamp="2019-07-02T19:16:35.518" activeThreads="4">
  <mem-info id="375" free="3309824" total="9437184" percent="35">
    <mem type="nursery" free="2319872" total="3145728" percent="73">
      <mem type="allocate" free="2319872" total="2490368" percent="93" />
      <mem type="survivor" free="0" total="655360" percent="0" />
    </mem>
    <mem type="tenure" free="989952" total="6291456" percent="15">
      <mem type="soa" free="675584" total="5977088" percent="11" />
      <mem type="loa" free="314368" total="314368" percent="100" />
    </mem>
    <remembered-set count="1788" />
  </mem-info>
</gc-end>
<cycle-end id="376" type="scavenge" contextid="370" timestamp="2019-07-02T19:16:35.518">
  <attribute name="GC Util" value="1" />
  <attribute name="CPU Util" value="253" />
  <attribute name="Time Running"value="888"/>
  <attribute name="Number of cores"value="4"/>
</cycle-end>
<allocation-satisfied id="377" threadId="000000000155A100" bytesRequested="40" />
<af-end id="378" timestamp="2019-07-02T19:16:35.518" threadId="000000000155AA88" success="true" from="nursery"/>
<exclusive-end id="379" timestamp="2019-07-02T19:16:35.518" durationms="1.857" />

<exclusive-start id="380" timestamp="2019-07-02T19:16:35.563" intervalms="46.849">
  <response-info timems="0.107" idlems="0.107" threads="0" lastid="000000000155DD00" lastname="Thread-7" />
</exclusive-start>
<af-start id="381" threadId="000000000155E688" totalBytesRequested="40" timestamp="2019-07-02T19:16:35.563" intervalms="46.870" type="nursery" />
<cycle-start id="382" type="scavenge" contextid="0" timestamp="2019-07-02T19:16:35.564" intervalms="46.888" />
  <attribute name="GC Util" value="1" />
  <attribute name="CPU Util" value="253" />
  <attribute name="Time Running"value="888"/>
  <attribute name="Number of cores"value="4"/>
<gc-start id="383" type="scavenge" contextid="382" timestamp="2019-07-02T19:16:35.564">
  <mem-info id="384" free="989952" total="9437184" percent="10">
    <mem type="nursery" free="0" total="3145728" percent="0">
      <mem type="allocate" free="0" total="2490368" percent="0" />
      <mem type="survivor" free="0" total="655360" percent="0" />
    </mem>
    <mem type="tenure" free="989952" total="6291456" percent="15">
      <mem type="soa" free="675584" total="5977088" percent="11" />
      <mem type="loa" free="314368" total="314368" percent="100" />
    </mem>
    <remembered-set count="2420" />
  </mem-info>
</gc-start>
<allocation-stats totalBytes="2319456" >
  <allocated-bytes non-tlh="40" tlh="2319416" />
  <largest-consumer threadName="Thread-10" threadId="0000000001561900" bytes="652624" />
</allocation-stats>
<gc-op id="385" type="scavenge" timems="2.173" contextid="382" timestamp="2019-07-02T19:16:35.566">
  <scavenger-info tenureage="3" tenuremask="ffe8" tiltratio="79" />
  <memory-copied type="nursery" objects="2060" bytes="51008" bytesdiscarded="119488" />
  <memory-copied type="tenure" objects="579" bytes="13896" bytesdiscarded="0" />
</gc-op>
<gc-end id="386" type="scavenge" contextid="382" durationms="2.625" usertimems="0.000" systemtimems="4.000" timestamp="2019-07-02T19:16:35.566" activeThreads="4">
  <mem-info id="387" free="3440896" total="9437184" percent="36">
    <mem type="nursery" free="2450944" total="3145728" percent="77">
      <mem type="allocate" free="2450944" total="2621440" percent="93" />
      <mem type="survivor" free="0" total="524288" percent="0" />
    </mem>
    <mem type="tenure" free="989952" total="6291456" percent="15">
      <mem type="soa" free="675584" total="5977088" percent="11" />
      <mem type="loa" free="314368" total="314368" percent="100" />
    </mem>
    <remembered-set count="1841" />
  </mem-info>
</gc-end>
<cycle-end id="388" type="scavenge" contextid="382" timestamp="2019-07-02T19:16:35.566">
  <attribute name="GC Util" value="1" />
  <attribute name="CPU Util" value="289" />
  <attribute name="Time Running"value="934"/>
  <attribute name="Number of cores"value="4"/>
</cycle-end>
<allocation-satisfied id="389" threadId="000000000155DD00" bytesRequested="40" />
<af-end id="390" timestamp="2019-07-02T19:16:35.567" threadId="000000000155E688" success="true" from="nursery"/>
<exclusive-end id="391" timestamp="2019-07-02T19:16:35.567" durationms="3.481" />

<exclusive-start id="392" timestamp="2019-07-02T19:16:35.611" intervalms="47.285">
  <response-info timems="0.134" idlems="0.134" threads="0" lastid="000000000155DD00" lastname="Thread-7" />
</exclusive-start>
<af-start id="393" threadId="000000000155E688" totalBytesRequested="40" timestamp="2019-07-02T19:16:35.611" intervalms="47.287" type="nursery" />
<cycle-start id="394" type="scavenge" contextid="0" timestamp="2019-07-02T19:16:35.611" intervalms="47.284" />
  <attribute name="GC Util" value="1" />
  <attribute name="CPU Util" value="289" />
  <attribute name="Time Running"value="934"/>
  <attribute name="Number of cores"value="4"/>
<gc-start id="395" type="scavenge" contextid="394" timestamp="2019-07-02T19:16:35.611">
  <mem-info id="396" free="989952" total="9437184" percent="10">
    <mem type="nursery" free="0" total="3145728" percent="0">
      <mem type="allocate" free="0" total="2621440" percent="0" />
      <mem type="survivor" free="0" total="524288" percent="0" />
    </mem>
    <mem type="tenure" free="989952" total="6291456" percent="15">
      <mem type="soa" free="675584" total="5977088" percent="11" />
      <mem type="loa" free="314368" total="314368" percent="100" />
    </mem>
    <remembered-set count="2427" />
  </mem-info>
</gc-start>
<allocation-stats totalBytes="2450440" >
  <allocated-bytes non-tlh="40" tlh="2450400" />
  <largest-consumer threadName="Thread-10" threadId="0000000001561900" bytes="720768" />
</allocation-stats>
<gc-op id="397" type="scavenge" timems="2.038" contextid="394" timestamp="2019-07-02T19:16:35.613">
  <scavenger-info tenureage="3" tenuremask="ffe8" tiltratio="83" />
  <memory-copied type="nursery" objects="2171" bytes="53576" bytesdiscarded="16312" />
  <memory-copied type="tenure" objects="456" bytes="10944" bytesdiscarded="8" />
</gc-op>
<gc-end id="398" type="scavenge" contextid="394" durationms="2.449" usertimems="0.000" systemtimems="4.000" timestamp="2019-07-02T19:16:35.613" activeThreads="4">
  <mem-info id="399" free="3475712" total="9437184" percent="36">
    <mem type="nursery" free="2617088" total="3145728" percent="83">
      <mem type="allocate" free="2617088" total="2686976" percent="97" />
      <mem type="survivor" free="0" total="458752" percent="0" />
    </mem>
    <mem type="tenure" free="858624" total="6291456" percent="13">
      <mem type="soa" free="544256" total="5977088" percent="9" />
      <mem type="loa" free="314368" total="314368" percent="100" />
    </mem>
    <remembered-set count="1971" />
  </mem-info>
</gc-end>
<cycle-end id="400" type="scavenge" contextid="394" timestamp="2019-07-02T19:16:35.614">
  <attribute name="GC Util" value="4" />
  <attribute name="CPU Util" value="279" />
  <attribute name="Time Running"value="982"/>
  <attribute name="Number of cores"value="4"/>
</cycle-end>
<allocation-satisfied id="401" threadId="000000000155DD00" bytesRequested="40" />
<af-end id="402" timestamp="2019-07-02T19:16:35.614" threadId="000000000155E688" success="true" from="nursery"/>
<exclusive-end id="403" timestamp="2019-07-02T19:16:35.614" durationms="3.042" />

<exclusive-start id="404" timestamp="2019-07-02T19:16:35.661" intervalms="50.225">
  <response-info timems="0.241" idlems="0.241" threads="0" lastid="000000000155DD00" lastname="Thread-7" />
</exclusive-start>
<af-start id="405" threadId="000000000155E688" totalBytesRequested="40" timestamp="2019-07-02T19:16:35.661" intervalms="50.220" type="nursery" />
<cycle-start id="406" type="scavenge" contextid="0" timestamp="2019-07-02T19:16:35.661" intervalms="50.196" />
  <attribute name="GC Util" value="4" />
  <attribute name="CPU Util" value="279" />
  <attribute name="Time Running"value="982"/>
  <attribute name="Number of cores"value="4"/>
<gc-start id="407" type="scavenge" contextid="406" timestamp="2019-07-02T19:16:35.661">
  <mem-info id="408" free="858624" total="9437184" percent="9">
    <mem type="nursery" free="0" total="3145728" percent="0">
      <mem type="allocate" free="0" total="2686976" percent="0" />
      <mem type="survivor" free="0" total="458752" percent="0" />
    </mem>
    <mem type="tenure" free="858624" total="6291456" percent="13">
      <mem type="soa" free="544256" total="5977088" percent="9" />
      <mem type="loa" free="314368" total="314368" percent="100" />
    </mem>
    <remembered-set count="2726" />
  </mem-info>
</gc-start>
<allocation-stats totalBytes="2616624" >
  <allocated-bytes non-tlh="40" tlh="2616584" />
  <largest-consumer threadName="Thread-8" threadId="0000000001565500" bytes="810920" />
</allocation-stats>
<gc-op id="409" type="scavenge" timems="2.087" contextid="406" timestamp="2019-07-02T19:16:35.663">
  <scavenger-info tenureage="3" tenuremask="ffe8" tiltratio="85" />
  <memory-copied type="nursery" objects="2216" bytes="54528" bytesdiscarded="115968" />
  <memory-copied type="tenure" objects="667" bytes="16008" bytesdiscarded="0" />
</gc-op>
<gc-end id="410" type="scavenge" contextid="406" durationms="2.528" usertimems="4.000" systemtimems="4.000" timestamp="2019-07-02T19:16:35.664" activeThreads="4">
  <mem-info id="411" free="3440640" total="9437184" percent="36">
    <mem type="nursery" free="2582016" total="3145728" percent="82">
      <mem type="allocate" free="2582016" total="2752512" percent="93" />
      <mem type="survivor" free="0" total="393216" percent="0" />
    </mem>
    <mem type="tenure" free="858624" total="6291456" percent="13">
      <mem type="soa" free="544256" total="5977088" percent="9" />
      <mem type="loa" free="314368" total="314368" percent="100" />
    </mem>
    <remembered-set count="2059" />
  </mem-info>
</gc-end>
<cycle-end id="412" type="scavenge" contextid="406" timestamp="2019-07-02T19:16:35.664">
  <attribute name="GC Util" value="4" />
  <attribute name="CPU Util" value="258" />
  <attribute name="Time Running"value="1032"/>
  <attribute name="Number of cores"value="4"/>
</cycle-end>
<allocation-satisfied id="413" threadId="000000000155DD00" bytesRequested="40" />
<af-end id="414" timestamp="2019-07-02T19:16:35.664" threadId="000000000155E688" success="true" from="nursery"/>
<exclusive-end id="415" timestamp="2019-07-02T19:16:35.664" durationms="3.297" />

<exclusive-start id="416" timestamp="2019-07-02T19:16:35.708" intervalms="47.221">
  <response-info timems="0.232" idlems="0.232" threads="0" lastid="0000000001565500" lastname="Thread-8" />
</exclusive-start>
<af-start id="417" threadId="0000000001565E88" totalBytesRequested="40" timestamp="2019-07-02T19:16:35.708" intervalms="47.194" type="nursery" />
<cycle-start id="418" type="scavenge" contextid="0" timestamp="2019-07-02T19:16:35.709" intervalms="48.138" />
  <attribute name="GC Util" value="4" />
  <attribute name="CPU Util" value="258" />
  <attribute name="Time Running"value="1032"/>
  <attribute name="Number of cores"value="4"/>
<gc-start id="419" type="scavenge" contextid="418" timestamp="2019-07-02T19:16:35.709">
  <mem-info id="420" free="858624" total="9437184" percent="9">
    <mem type="nursery" free="0" total="3145728" percent="0">
      <mem type="allocate" free="0" total="2752512" percent="0" />
      <mem type="survivor" free="0" total="393216" percent="0" />
    </mem>
    <mem type="tenure" free="858624" total="6291456" percent="13">
      <mem type="soa" free="544256" total="5977088" percent="9" />
      <mem type="loa" free="314368" total="314368" percent="100" />
    </mem>
    <remembered-set count="2875" />
  </mem-info>
</gc-start>
<allocation-stats totalBytes="2581496" >
  <allocated-bytes non-tlh="40" tlh="2581456" />
  <largest-consumer threadName="Thread-7" threadId="000000000155DD00" bytes="860072" />
</allocation-stats>
<gc-op id="421" type="scavenge" timems="0.350" contextid="418" timestamp="2019-07-02T19:16:35.710">
  <scavenger-info tenureage="3" tenuremask="ffe8" tiltratio="87" />
  <memory-copied type="nursery" objects="2400" bytes="58912" bytesdiscarded="19424" />
  <memory-copied type="tenure" objects="631" bytes="15144" bytesdiscarded="0" />
</gc-op>
<gc-end id="422" type="scavenge" contextid="418" durationms="0.680" usertimems="0.000" systemtimems="0.000" timestamp="2019-07-02T19:16:35.710" activeThreads="4">
  <mem-info id="423" free="3598336" total="9437184" percent="38">
    <mem type="nursery" free="2739712" total="3145728" percent="87">
      <mem type="allocate" free="2739712" total="2818048" percent="97" />
      <mem type="survivor" free="0" total="327680" percent="0" />
    </mem>
    <mem type="tenure" free="858624" total="6291456" percent="13">
      <mem type="soa" free="544256" total="5977088" percent="9" />
      <mem type="loa" free="314368" total="314368" percent="100" />
    </mem>
    <remembered-set count="2244" />
  </mem-info>
</gc-end>
<cycle-end id="424" type="scavenge" contextid="418" timestamp="2019-07-02T19:16:35.710">
  <attribute name="GC Util" value="4" />
  <attribute name="CPU Util" value="244" />
  <attribute name="Time Running"value="1080"/>
  <attribute name="Number of cores"value="4"/>
</cycle-end>
<allocation-satisfied id="425" threadId="0000000001565500" bytesRequested="40" />
<af-end id="426" timestamp="2019-07-02T19:16:35.710" threadId="0000000001565E88" success="true" from="nursery"/>
<exclusive-end id="427" timestamp="2019-07-02T19:16:35.710" durationms="2.264" />

<exclusive-start id="428" timestamp="2019-07-02T19:16:35.784" intervalms="75.788">
  <response-info timems="0.040" idlems="0.022" threads="1" lastid="0000000001565500" lastname="Thread-8" />
</exclusive-start>
<af-start id="429" threadId="000000000155E688" totalBytesRequested="40" timestamp="2019-07-02T19:16:35.784" intervalms="75.846" type="nursery" />
<cycle-start id="430" type="scavenge" contextid="0" timestamp="2019-07-02T19:16:35.784" intervalms="74.957" />
  <attribute name="GC Util" value="4" />
  <attribute name="CPU Util" value="244" />
  <attribute name="Time Running"value="1080"/>
  <attribute name="Number of cores"value="4"/>
<gc-start id="431" type="scavenge" contextid="430" timestamp="2019-07-02T19:16:35.784">
  <mem-info id="432" free="858624" total="9437184" percent="9">
    <mem type="nursery" free="0" total="3145728" percent="0">
      <mem type="allocate" free="0" total="2818048" percent="0" />
      <mem type="survivor" free="0" total="327680" percent="0" />
    </mem>
    <mem type="tenure" free="858624" total="6291456" percent="13">
      <mem type="soa" free="544256" total="5977088" percent="9" />
      <mem type="loa" free="314368" total="314368" percent="100" />
    </mem>
    <remembered-set count="2889" />
  </mem-info>
</gc-start>
<allocation-stats totalBytes="2739264" >
  <allocated-bytes non-tlh="40" tlh="2739224" />
  <largest-consumer threadName="Thread-10" threadId="0000000001561900" bytes="814408" />
</allocation-stats>
<gc-op id="433" type="scavenge" timems="2.121" contextid="430" timestamp="2019-07-02T19:16:35.787">
  <scavenger-info tenureage="3" tenuremask="ffe8" tiltratio="89" />
  <memory-copied type="nursery" objects="2404" bytes="58752" bytesdiscarded="11136" />
  <memory-copied type="tenure" objects="585" bytes="14040" bytesdiscarded="0" />
</gc-op>
<gc-end id="434" type="scavenge" contextid="430" durationms="2.739" usertimems="0.000" systemtimems="0.000" timestamp="2019-07-02T19:16:35.787" activeThreads="4">
  <mem-info id="435" free="3606784" total="9437184" percent="38">
    <mem type="nursery" free="2748160" total="3145728" percent="87">
      <mem type="allocate" free="2748160" total="2818048" percent="97" />
      <mem type="survivor" free="0" total="327680" percent="0" />
    </mem>
    <mem type="tenure" free="858624" total="6291456" percent="13">
      <mem type="soa" free="544256" total="5977088" percent="9" />
      <mem type="loa" free="314368" total="314368" percent="100" />
    </mem>
    <remembered-set count="2304" />
  </mem-info>
</gc-end>
<cycle-end id="436" type="scavenge" contextid="430" timestamp="2019-07-02T19:16:35.787">
  <attribute name="GC Util" value="1" />
  <attribute name="CPU Util" value="301" />
  <attribute name="Time Running"value="1155"/>
  <attribute name="Number of cores"value="4"/>
</cycle-end>
<allocation-satisfied id="437" threadId="000000000155DD00" bytesRequested="40" />
<af-end id="438" timestamp="2019-07-02T19:16:35.788" threadId="000000000155E688" success="true" from="nursery"/>
<exclusive-end id="439" timestamp="2019-07-02T19:16:35.788" durationms="3.776" />

<exclusive-start id="440" timestamp="2019-07-02T19:16:35.844" intervalms="60.171">
  <response-info timems="0.034" idlems="0.034" threads="0" lastid="0000000001565500" lastname="Thread-8" />
</exclusive-start>
<af-start id="441" threadId="0000000001565E88" totalBytesRequested="40" timestamp="2019-07-02T19:16:35.844" intervalms="60.426" type="nursery" />
<cycle-start id="442" type="scavenge" contextid="0" timestamp="2019-07-02T19:16:35.845" intervalms="60.458" />
  <attribute name="GC Util" value="1" />
  <attribute name="CPU Util" value="301" />
  <attribute name="Time Running"value="1155"/>
  <attribute name="Number of cores"value="4"/>
<gc-start id="443" type="scavenge" contextid="442" timestamp="2019-07-02T19:16:35.845">
  <mem-info id="444" free="858624" total="9437184" percent="9">
    <mem type="nursery" free="0" total="3145728" percent="0">
      <mem type="allocate" free="0" total="2818048" percent="0" />
      <mem type="survivor" free="0" total="327680" percent="0" />
    </mem>
    <mem type="tenure" free="858624" total="6291456" percent="13">
      <mem type="soa" free="544256" total="5977088" percent="9" />
      <mem type="loa" free="314368" total="314368" percent="100" />
    </mem>
    <remembered-set count="2712" />
  </mem-info>
</gc-start>
<allocation-stats totalBytes="2747344" >
  <allocated-bytes non-tlh="40" tlh="2747304" />
  <largest-consumer threadName="Thread-8" threadId="0000000001565500" bytes="1015512" />
</allocation-stats>
<gc-op id="445" type="scavenge" timems="2.114" contextid="442" timestamp="2019-07-02T19:16:35.847">
  <scavenger-info tenureage="3" tenuremask="ffe8" tiltratio="89" />
  <memory-copied type="nursery" objects="2176" bytes="53808" bytesdiscarded="116688" />
  <memory-copied type="tenure" objects="756" bytes="18144" bytesdiscarded="0" />
</gc-op>
<gc-end id="446" type="scavenge" contextid="442" durationms="2.679" usertimems="0.000" systemtimems="0.000" timestamp="2019-07-02T19:16:35.847" activeThreads="4">
  <mem-info id="447" free="3506176" total="9437184" percent="37">
    <mem type="nursery" free="2647552" total="3145728" percent="84">
      <mem type="allocate" free="2647552" total="2818048" percent="93" />
      <mem type="survivor" free="0" total="327680" percent="0" />
    </mem>
    <mem type="tenure" free="858624" total="6291456" percent="13">
      <mem type="soa" free="544256" total="5977088" percent="9" />
      <mem type="loa" free="314368" total="314368" percent="100" />
    </mem>
    <remembered-set count="1956" />
  </mem-info>
</gc-end>
<cycle-end id="448" type="scavenge" contextid="442" timestamp="2019-07-02T19:16:35.848">
  <attribute name="GC Util" value="3" />
  <attribute name="CPU Util" value="239" />
  <attribute name="Time Running"value="1215"/>
  <attribute name="Number of cores"value="4"/>
</cycle-end>
<allocation-satisfied id="449" threadId="0000000001565500" bytesRequested="40" />
<af-end id="450" timestamp="2019-07-02T19:16:35.848" threadId="0000000001565E88" success="true" from="nursery"/>
<exclusive-end id="451" timestamp="2019-07-02T19:16:35.848" durationms="3.984" />

<exclusive-start id="452" timestamp="2019-07-02T19:16:35.903" intervalms="59.002">
  <response-info timems="0.240" idlems="0.240" threads="0" lastid="000000000155A100" lastname="Thread-9" />
</exclusive-start>
<af-start id="453" threadId="000000000155AA88" totalBytesRequested="40" timestamp="2019-07-02T19:16:35.903" intervalms="58.778" type="nursery" />
<cycle-start id="454" type="scavenge" contextid="0" timestamp="2019-07-02T19:16:35.903" intervalms="58.724" />
  <attribute name="GC Util" value="3" />
  <attribute name="CPU Util" value="239" />
  <attribute name="Time Running"value="1215"/>
  <attribute name="Number of cores"value="4"/>
<gc-start id="455" type="scavenge" contextid="454" timestamp="2019-07-02T19:16:35.903">
  <mem-info id="456" free="858624" total="9437184" percent="9">
    <mem type="nursery" free="0" total="3145728" percent="0">
      <mem type="allocate" free="0" total="2818048" percent="0" />
      <mem type="survivor" free="0" total="327680" percent="0" />
    </mem>
    <mem type="tenure" free="858624" total="6291456" percent="13">
      <mem type="soa" free="544256" total="5977088" percent="9" />
      <mem type="loa" free="314368" total="314368" percent="100" />
    </mem>
    <remembered-set count="2308" />
  </mem-info>
</gc-start>
<allocation-stats totalBytes="2646920" >
  <allocated-bytes non-tlh="40" tlh="2646880" />
  <largest-consumer threadName="Thread-8" threadId="0000000001565500" bytes="1117984" />
</allocation-stats>
<gc-op id="457" type="scavenge" timems="0.356" contextid="454" timestamp="2019-07-02T19:16:35.904">
  <scavenger-info tenureage="2" tenuremask="ffec" tiltratio="89" />
  <memory-copied type="nursery" objects="1045" bytes="26520" bytesdiscarded="143976" />
  <memory-copied type="tenure" objects="1458" bytes="34992" bytesdiscarded="0" />
</gc-op>
<gc-end id="458" type="scavenge" contextid="454" durationms="0.661" usertimems="0.000" systemtimems="0.000" timestamp="2019-07-02T19:16:35.904" activeThreads="4">
  <mem-info id="459" free="3506176" total="9437184" percent="37">
    <mem type="nursery" free="2647552" total="3145728" percent="84">
      <mem type="allocate" free="2647552" total="2818048" percent="93" />
      <mem type="survivor" free="0" total="327680" percent="0" />
    </mem>
    <mem type="tenure" free="858624" total="6291456" percent="13">
      <mem type="soa" free="544256" total="5977088" percent="9" />
      <mem type="loa" free="314368" total="314368" percent="100" />
    </mem>
    <remembered-set count="850" />
  </mem-info>
</gc-end>
<cycle-end id="460" type="scavenge" contextid="454" timestamp="2019-07-02T19:16:35.904">
  <attribute name="GC Util" value="4" />
  <attribute name="CPU Util" value="293" />
  <attribute name="Time Running"value="1274"/>
  <attribute name="Number of cores"value="4"/>
</cycle-end>
<allocation-satisfied id="461" threadId="000000000155A100" bytesRequested="40" />
<af-end id="462" timestamp="2019-07-02T19:16:35.904" threadId="000000000155AA88" success="true" from="nursery"/>
<exclusive-end id="463" timestamp="2019-07-02T19:16:35.904" durationms="1.384" />

<exclusive-start id="464" timestamp="2019-07-02T19:16:35.925" intervalms="22.431">
  <response-info timems="0.267" idlems="0.267" threads="0" lastid="0000000001565500" lastname="Thread-8" />
</exclusive-start>
<af-start id="465" threadId="0000000001565E88" totalBytesRequested="40" timestamp="2019-07-02T19:16:35.926" intervalms="22.393" type="nursery" />
<cycle-start id="466" type="scavenge" contextid="0" timestamp="2019-07-02T19:16:35.926" intervalms="22.409" />
  <attribute name="GC Util" value="4" />
  <attribute name="CPU Util" value="293" />
  <attribute name="Time Running"value="1274"/>
  <attribute name="Number of cores"value="4"/>
<gc-start id="467" type="scavenge" contextid="466" timestamp="2019-07-02T19:16:35.926">
  <mem-info id="468" free="858624" total="9437184" percent="9">
    <mem type="nursery" free="0" total="3145728" percent="0">
      <mem type="allocate" free="0" total="2818048" percent="0" />
      <mem type="survivor" free="0" total="327680" percent="0" />
    </mem>
    <mem type="tenure" free="858624" total="6291456" percent="13">
      <mem type="soa" free="544256" total="5977088" percent="9" />
      <mem type="loa" free="314368" total="314368" percent="100" />
    </mem>
    <remembered-set count="1335" />
  </mem-info>
</gc-start>
<allocation-stats totalBytes="2647096" >
  <allocated-bytes non-tlh="40" tlh="2647056" />
  <largest-consumer threadName="Thread-8" threadId="0000000001565500" bytes="1721600" />
</allocation-stats>
<gc-op id="469" type="scavenge" timems="1.168" contextid="466" timestamp="2019-07-02T19:16:35.927">
  <scavenger-info tenureage="2" tenuremask="4004" tiltratio="89" />
  <memory-copied type="nursery" objects="1025" bytes="25624" bytesdiscarded="276200" />
  <memory-copied type="tenure" objects="407" bytes="9768" bytesdiscarded="0" />
</gc-op>
<gc-end id="470" type="scavenge" contextid="466" durationms="1.812" usertimems="0.000" systemtimems="0.000" timestamp="2019-07-02T19:16:35.928" activeThreads="4">
  <mem-info id="471" free="3243520" total="9437184" percent="34">
    <mem type="nursery" free="2516224" total="3145728" percent="79">
      <mem type="allocate" free="2516224" total="2818048" percent="89" />
      <mem type="survivor" free="0" total="327680" percent="0" />
    </mem>
    <mem type="tenure" free="727296" total="6291456" percent="11">
      <mem type="soa" free="412928" total="5977088" percent="6" />
      <mem type="loa" free="314368" total="314368" percent="100" />
    </mem>
    <remembered-set count="928" />
  </mem-info>
</gc-end>
<cycle-end id="472" type="scavenge" contextid="466" timestamp="2019-07-02T19:16:35.928">
  <attribute name="GC Util" value="3" />
  <attribute name="CPU Util" value="5" />
  <attribute name="Time Running"value="1297"/>
  <attribute name="Number of cores"value="4"/>
</cycle-end>
<allocation-satisfied id="473" threadId="0000000001565500" bytesRequested="40" />
<af-end id="474" timestamp="2019-07-02T19:16:35.928" threadId="0000000001565E88" success="true" from="nursery"/>
<exclusive-end id="475" timestamp="2019-07-02T19:16:35.928" durationms="2.719" />

<exclusive-start id="476" timestamp="2019-07-02T19:16:35.933" intervalms="7.507">
  <response-info timems="0.065" idlems="0.065" threads="0" lastid="000000000155A100" lastname="Thread-9" />
</exclusive-start>
<af-start id="477" threadId="000000000155AA88" totalBytesRequested="40" timestamp="2019-07-02T19:16:35.933" intervalms="7.497" type="nursery" />
<cycle-start id="478" type="scavenge" contextid="0" timestamp="2019-07-02T19:16:35.933" intervalms="7.510" />
  <attribute name="GC Util" value="3" />
  <attribute name="CPU Util" value="5" />
  <attribute name="Time Running"value="1297"/>
  <attribute name="Number of cores"value="4"/>
<gc-start id="479" type="scavenge" contextid="478" timestamp="2019-07-02T19:16:35.933">
  <mem-info id="480" free="727296" total="9437184" percent="7">
    <mem type="nursery" free="0" total="3145728" percent="0">
      <mem type="allocate" free="0" total="2818048" percent="0" />
      <mem type="survivor" free="0" total="327680" percent="0" />
    </mem>
    <mem type="tenure" free="727296" total="6291456" percent="11">
      <mem type="soa" free="412928" total="5977088" percent="6" />
      <mem type="loa" free="314368" total="314368" percent="100" />
    </mem>
    <remembered-set count="1192" />
  </mem-info>
</gc-start>
<allocation-stats totalBytes="2515688" >
  <allocated-bytes non-tlh="40" tlh="2515648" />
  <largest-consumer threadName="Thread-8" threadId="0000000001565500" bytes="1171288" />
</allocation-stats>
<gc-op id="481" type="scavenge" timems="0.279" contextid="478" timestamp="2019-07-02T19:16:35.934">
  <scavenger-info tenureage="2" tenuremask="4004" tiltratio="89" />
  <memory-copied type="nursery" objects="920" bytes="23000" bytesdiscarded="304680" />
  <memory-copied type="tenure" objects="417" bytes="10336" bytesdiscarded="0" />
</gc-op>
<gc-end id="482" type="scavenge" contextid="478" durationms="0.654" usertimems="0.000" systemtimems="0.000" timestamp="2019-07-02T19:16:35.934" activeThreads="4">
  <mem-info id="483" free="3217664" total="9437184" percent="34">
    <mem type="nursery" free="2490368" total="3145728" percent="79">
      <mem type="allocate" free="2490368" total="2818048" percent="88" />
      <mem type="survivor" free="0" total="327680" percent="0" />
    </mem>
    <mem type="tenure" free="727296" total="6291456" percent="11">
      <mem type="soa" free="412928" total="5977088" percent="6" />
      <mem type="loa" free="314368" total="314368" percent="100" />
    </mem>
    <remembered-set count="847" />
  </mem-info>
</gc-end>
<cycle-end id="484" type="scavenge" contextid="478" timestamp="2019-07-02T19:16:35.934">
  <attribute name="GC Util" value="23" />
  <attribute name="CPU Util" value="2474850220938" />
  <attribute name="Time Running"value="1304"/>
  <attribute name="Number of cores"value="4"/>
</cycle-end>
<allocation-satisfied id="485" threadId="000000000155A100" bytesRequested="40" />
<af-end id="486" timestamp="2019-07-02T19:16:35.934" threadId="000000000155AA88" success="true" from="nursery"/>
<exclusive-end id="487" timestamp="2019-07-02T19:16:35.934" durationms="1.409" />

<exclusive-start id="488" timestamp="2019-07-02T19:16:35.938" intervalms="4.787">
  <response-info timems="0.031" idlems="0.031" threads="0" lastid="0000000001561900" lastname="Thread-10" />
</exclusive-start>
<af-start id="489" threadId="0000000001562288" totalBytesRequested="40" timestamp="2019-07-02T19:16:35.938" intervalms="4.815" type="nursery" />
<cycle-start id="490" type="scavenge" contextid="0" timestamp="2019-07-02T19:16:35.938" intervalms="4.807" />
  <attribute name="GC Util" value="23" />
  <attribute name="CPU Util" value="2474850220938" />
  <attribute name="Time Running"value="1304"/>
  <attribute name="Number of cores"value="4"/>
<gc-start id="491" type="scavenge" contextid="490" timestamp="2019-07-02T19:16:35.938">
  <mem-info id="492" free="727296" total="9437184" percent="7">
    <mem type="nursery" free="0" total="3145728" percent="0">
      <mem type="allocate" free="0" total="2818048" percent="0" />
      <mem type="survivor" free="0" total="327680" percent="0" />
    </mem>
    <mem type="tenure" free="727296" total="6291456" percent="11">
      <mem type="soa" free="412928" total="5977088" percent="6" />
      <mem type="loa" free="314368" total="314368" percent="100" />
    </mem>
    <remembered-set count="1216" />
  </mem-info>
</gc-start>
<allocation-stats totalBytes="2489776" >
  <allocated-bytes non-tlh="40" tlh="2489736" />
  <largest-consumer threadName="Thread-9" threadId="000000000155A100" bytes="860072" />
</allocation-stats>
<gc-op id="493" type="scavenge" timems="0.413" contextid="490" timestamp="2019-07-02T19:16:35.939">
  <scavenger-info tenureage="14" tenuremask="4000" tiltratio="89" />
  <memory-copied type="nursery" objects="1448" bytes="36416" bytesdiscarded="134080" />
</gc-op>
<gc-end id="494" type="scavenge" contextid="490" durationms="0.679" usertimems="0.000" systemtimems="0.000" timestamp="2019-07-02T19:16:35.939" activeThreads="4">
  <mem-info id="495" free="3374848" total="9437184" percent="35">
    <mem type="nursery" free="2647552" total="3145728" percent="84">
      <mem type="allocate" free="2647552" total="2818048" percent="93" />
      <mem type="survivor" free="0" total="327680" percent="0" />
    </mem>
    <mem type="tenure" free="727296" total="6291456" percent="11">
      <mem type="soa" free="412928" total="5977088" percent="6" />
      <mem type="loa" free="314368" total="314368" percent="100" />
    </mem>
    <remembered-set count="1216" />
  </mem-info>
</gc-end>
<cycle-end id="496" type="scavenge" contextid="490" timestamp="2019-07-02T19:16:35.939">
  <attribute name="GC Util" value="16" />
  <attribute name="CPU Util" value="3889044234897" />
  <attribute name="Time Running"value="1309"/>
  <attribute name="Number of cores"value="4"/>
</cycle-end>
<allocation-satisfied id="497" threadId="0000000001561900" bytesRequested="40" />
<af-end id="498" timestamp="2019-07-02T19:16:35.939" threadId="0000000001562288" success="true" from="nursery"/>
<exclusive-end id="499" timestamp="2019-07-02T19:16:35.939" durationms="1.447" />

<exclusive-start id="500" timestamp="2019-07-02T19:16:35.943" intervalms="5.193">
  <response-info timems="0.028" idlems="0.028" threads="0" lastid="000000000155A100" lastname="Thread-9" />
</exclusive-start>
<af-start id="501" threadId="000000000155AA88" totalBytesRequested="24" timestamp="2019-07-02T19:16:35.943" intervalms="5.155" type="nursery" />
<cycle-start id="502" type="scavenge" contextid="0" timestamp="2019-07-02T19:16:35.943" intervalms="5.148" />
  <attribute name="GC Util" value="16" />
  <attribute name="CPU Util" value="3889044234897" />
  <attribute name="Time Running"value="1309"/>
  <attribute name="Number of cores"value="4"/>
<gc-start id="503" type="scavenge" contextid="502" timestamp="2019-07-02T19:16:35.943">
  <mem-info id="504" free="727296" total="9437184" percent="7">
    <mem type="nursery" free="0" total="3145728" percent="0">
      <mem type="allocate" free="0" total="2818048" percent="0" />
      <mem type="survivor" free="0" total="327680" percent="0" />
    </mem>
    <mem type="tenure" free="727296" total="6291456" percent="11">
      <mem type="soa" free="412928" total="5977088" percent="6" />
      <mem type="loa" free="314368" total="314368" percent="100" />
    </mem>
    <remembered-set count="1653" />
  </mem-info>
</gc-start>
<allocation-stats totalBytes="2647040" >
  <allocated-bytes non-tlh="40" tlh="2647000" />
  <largest-consumer threadName="Thread-8" threadId="0000000001565500" bytes="909144" />
</allocation-stats>
<gc-op id="505" type="scavenge" timems="0.309" contextid="502" timestamp="2019-07-02T19:16:35.944">
  <scavenger-info tenureage="14" tenuremask="4000" tiltratio="89" />
  <memory-copied type="nursery" objects="1820" bytes="45072" bytesdiscarded="256752" />
</gc-op>
<gc-end id="506" type="scavenge" contextid="502" durationms="0.479" usertimems="0.000" systemtimems="0.000" timestamp="2019-07-02T19:16:35.944" activeThreads="4">
  <mem-info id="507" free="3243520" total="9437184" percent="34">
    <mem type="nursery" free="2516224" total="3145728" percent="79">
      <mem type="allocate" free="2516224" total="2818048" percent="89" />
      <mem type="survivor" free="0" total="327680" percent="0" />
    </mem>
    <mem type="tenure" free="727296" total="6291456" percent="11">
      <mem type="soa" free="412928" total="5977088" percent="6" />
      <mem type="loa" free="314368" total="314368" percent="100" />
    </mem>
    <remembered-set count="1645" />
  </mem-info>
</gc-end>
<cycle-end id="508" type="scavenge" contextid="502" timestamp="2019-07-02T19:16:35.944">
  <attribute name="GC Util" value="18" />
  <attribute name="CPU Util" value="3635498358018" />
  <attribute name="Time Running"value="1314"/>
  <attribute name="Number of cores"value="4"/>
</cycle-end>
<allocation-satisfied id="509" threadId="000000000155A100" bytesRequested="24" />
<af-end id="510" timestamp="2019-07-02T19:16:35.944" threadId="000000000155AA88" success="true" from="nursery"/>
<exclusive-end id="511" timestamp="2019-07-02T19:16:35.944" durationms="1.094" />

<exclusive-start id="512" timestamp="2019-07-02T19:16:35.947" intervalms="3.924">
  <response-info timems="0.026" idlems="0.024" threads="1" lastid="000000000155DD00" lastname="Thread-7" />
</exclusive-start>
<af-start id="513" threadId="000000000155AA88" totalBytesRequested="24" timestamp="2019-07-02T19:16:35.947" intervalms="3.876" type="nursery" />
<cycle-start id="514" type="scavenge" contextid="0" timestamp="2019-07-02T19:16:35.947" intervalms="3.853" />
  <attribute name="GC Util" value="18" />
  <attribute name="CPU Util" value="3635498358018" />
  <attribute name="Time Running"value="1314"/>
  <attribute name="Number of cores"value="4"/>
<gc-start id="515" type="scavenge" contextid="514" timestamp="2019-07-02T19:16:35.947">
  <mem-info id="516" free="727296" total="9437184" percent="7">
    <mem type="nursery" free="0" total="3145728" percent="0">
      <mem type="allocate" free="0" total="2818048" percent="0" />
      <mem type="survivor" free="0" total="327680" percent="0" />
    </mem>
    <mem type="tenure" free="727296" total="6291456" percent="11">
      <mem type="soa" free="412928" total="5977088" percent="6" />
      <mem type="loa" free="314368" total="314368" percent="100" />
    </mem>
    <remembered-set count="2039" />
  </mem-info>
</gc-start>
<allocation-stats totalBytes="2515640" >
  <allocated-bytes non-tlh="24" tlh="2515616" />
  <largest-consumer threadName="Thread-8" threadId="0000000001565500" bytes="716688" />
</allocation-stats>
<gc-op id="517" type="scavenge" timems="0.293" contextid="514" timestamp="2019-07-02T19:16:35.948">
  <scavenger-info tenureage="4" tenuremask="4010" tiltratio="89" />
  <memory-copied type="nursery" objects="1709" bytes="42016" bytesdiscarded="259808" />
  <memory-copied type="tenure" objects="483" bytes="11592" bytesdiscarded="0" />
</gc-op>
<gc-end id="518" type="scavenge" contextid="514" durationms="0.462" usertimems="0.000" systemtimems="0.000" timestamp="2019-07-02T19:16:35.948" activeThreads="4">
  <mem-info id="519" free="3243520" total="9437184" percent="34">
    <mem type="nursery" free="2516224" total="3145728" percent="79">
      <mem type="allocate" free="2516224" total="2818048" percent="89" />
      <mem type="survivor" free="0" total="327680" percent="0" />
    </mem>
    <mem type="tenure" free="727296" total="6291456" percent="11">
      <mem type="soa" free="412928" total="5977088" percent="6" />
      <mem type="loa" free="314368" total="314368" percent="100" />
    </mem>
    <remembered-set count="1556" />
  </mem-info>
</gc-end>
<cycle-end id="520" type="scavenge" contextid="514" timestamp="2019-07-02T19:16:35.948">
  <attribute name="GC Util" value="17" />
  <attribute name="CPU Util" value="4842081960971" />
  <attribute name="Time Running"value="1318"/>
  <attribute name="Number of cores"value="4"/>
</cycle-end>
<allocation-satisfied id="521" threadId="000000000155A100" bytesRequested="24" />
<af-end id="522" timestamp="2019-07-02T19:16:35.948" threadId="000000000155AA88" success="true" from="nursery"/>
<exclusive-end id="523" timestamp="2019-07-02T19:16:35.948" durationms="0.972" />

<exclusive-start id="524" timestamp="2019-07-02T19:16:35.952" intervalms="4.680">
  <response-info timems="0.025" idlems="0.025" threads="0" lastid="000000000155A100" lastname="Thread-9" />
</exclusive-start>
<af-start id="525" threadId="000000000155AA88" totalBytesRequested="40" timestamp="2019-07-02T19:16:35.952" intervalms="4.678" type="nursery" />
<cycle-start id="526" type="scavenge" contextid="0" timestamp="2019-07-02T19:16:35.952" intervalms="4.678" />
  <attribute name="GC Util" value="17" />
  <attribute name="CPU Util" value="4842081960971" />
  <attribute name="Time Running"value="1318"/>
  <attribute name="Number of cores"value="4"/>
<gc-start id="527" type="scavenge" contextid="526" timestamp="2019-07-02T19:16:35.952">
  <mem-info id="528" free="727040" total="9437184" percent="7">
    <mem type="nursery" free="0" total="3145728" percent="0">
      <mem type="allocate" free="0" total="2818048" percent="0" />
      <mem type="survivor" free="0" total="327680" percent="0" />
    </mem>
    <mem type="tenure" free="727040" total="6291456" percent="11">
      <mem type="soa" free="412672" total="5977088" percent="6" />
      <mem type="loa" free="314368" total="314368" percent="100" />
    </mem>
    <remembered-set count="1744" />
  </mem-info>
</gc-start>
<allocation-stats totalBytes="2515344" >
  <allocated-bytes non-tlh="280" tlh="2515064" />
  <largest-consumer threadName="Thread-8" threadId="0000000001565500" bytes="958256" />
</allocation-stats>
<gc-op id="529" type="scavenge" timems="0.266" contextid="526" timestamp="2019-07-02T19:16:35.952">
  <scavenger-info tenureage="14" tenuremask="4000" tiltratio="89" />
  <memory-copied type="nursery" objects="2929" bytes="73728" bytesdiscarded="253952" />
</gc-op>
<gc-end id="530" type="scavenge" contextid="526" durationms="0.508" usertimems="0.000" systemtimems="0.000" timestamp="2019-07-02T19:16:35.952" activeThreads="4">
  <mem-info id="531" free="3217408" total="9437184" percent="34">
    <mem type="nursery" free="2490368" total="3145728" percent="79">
      <mem type="allocate" free="2490368" total="2818048" percent="88" />
      <mem type="survivor" free="0" total="327680" percent="0" />
    </mem>
    <mem type="tenure" free="727040" total="6291456" percent="11">
      <mem type="soa" free="412672" total="5977088" percent="6" />
      <mem type="loa" free="314368" total="314368" percent="100" />
    </mem>
    <remembered-set count="1739" />
  </mem-info>
</gc-end>
<cycle-end id="532" type="scavenge" contextid="526" timestamp="2019-07-02T19:16:35.952">
  <attribute name="GC Util" value="13" />
  <attribute name="CPU Util" value="3859597189748" />
  <attribute name="Time Running"value="1322"/>
  <attribute name="Number of cores"value="4"/>
</cycle-end>
<allocation-satisfied id="533" threadId="000000000155A100" bytesRequested="40" />
<af-end id="534" timestamp="2019-07-02T19:16:35.953" threadId="000000000155AA88" success="true" from="nursery"/>
<exclusive-end id="535" timestamp="2019-07-02T19:16:35.953" durationms="0.966" />

<exclusive-start id="536" timestamp="2019-07-02T19:16:35.956" intervalms="4.264">
  <response-info timems="0.026" idlems="0.026" threads="0" lastid="000000000155A100" lastname="Thread-9" />
</exclusive-start>
<af-start id="537" threadId="000000000155AA88" totalBytesRequested="40" timestamp="2019-07-02T19:16:35.956" intervalms="4.264" type="nursery" />
<cycle-start id="538" type="scavenge" contextid="0" timestamp="2019-07-02T19:16:35.956" intervalms="4.263" />
  <attribute name="GC Util" value="13" />
  <attribute name="CPU Util" value="3859597189748" />
  <attribute name="Time Running"value="1322"/>
  <attribute name="Number of cores"value="4"/>
<gc-start id="539" type="scavenge" contextid="538" timestamp="2019-07-02T19:16:35.956">
  <mem-info id="540" free="727040" total="9437184" percent="7">
    <mem type="nursery" free="0" total="3145728" percent="0">
      <mem type="allocate" free="0" total="2818048" percent="0" />
      <mem type="survivor" free="0" total="327680" percent="0" />
    </mem>
    <mem type="tenure" free="727040" total="6291456" percent="11">
      <mem type="soa" free="412672" total="5977088" percent="6" />
      <mem type="loa" free="314368" total="314368" percent="100" />
    </mem>
    <remembered-set count="1928" />
  </mem-info>
</gc-start>
<allocation-stats totalBytes="2489904" >
  <allocated-bytes non-tlh="40" tlh="2489864" />
  <largest-consumer threadName="Thread-9" threadId="000000000155A100" bytes="819056" />
</allocation-stats>
<gc-op id="541" type="scavenge" timems="0.272" contextid="538" timestamp="2019-07-02T19:16:35.956">
  <scavenger-info tenureage="14" tenuremask="4000" tiltratio="89" />
  <memory-copied type="nursery" objects="3058" bytes="80792" bytesdiscarded="137320" />
</gc-op>
<gc-end id="542" type="scavenge" contextid="538" durationms="0.438" usertimems="0.000" systemtimems="0.000" timestamp="2019-07-02T19:16:35.956" activeThreads="4">
  <mem-info id="543" free="3326976" total="9437184" percent="35">
    <mem type="nursery" free="2599936" total="3145728" percent="82">
      <mem type="allocate" free="2599936" total="2818048" percent="92" />
      <mem type="survivor" free="0" total="327680" percent="0" />
    </mem>
    <mem type="tenure" free="727040" total="6291456" percent="11">
      <mem type="soa" free="412672" total="5977088" percent="6" />
      <mem type="loa" free="314368" total="314368" percent="100" />
    </mem>
    <remembered-set count="1927" />
  </mem-info>
</gc-end>
<cycle-end id="544" type="scavenge" contextid="538" timestamp="2019-07-02T19:16:35.957">
  <attribute name="GC Util" value="17" />
  <attribute name="CPU Util" value="4439314109422" />
  <attribute name="Time Running"value="1327"/>
  <attribute name="Number of cores"value="4"/>
</cycle-end>
<allocation-satisfied id="545" threadId="000000000155A100" bytesRequested="40" />
<af-end id="546" timestamp="2019-07-02T19:16:35.957" threadId="000000000155AA88" success="true" from="nursery"/>
<exclusive-end id="547" timestamp="2019-07-02T19:16:35.957" durationms="0.940" />

<exclusive-start id="548" timestamp="2019-07-02T19:16:35.960" intervalms="4.199">
  <response-info timems="0.024" idlems="0.024" threads="0" lastid="000000000155DD00" lastname="Thread-7" />
</exclusive-start>
<af-start id="549" threadId="000000000155E688" totalBytesRequested="40" timestamp="2019-07-02T19:16:35.961" intervalms="4.660" type="nursery" />
<cycle-start id="550" type="scavenge" contextid="0" timestamp="2019-07-02T19:16:35.961" intervalms="4.617" />
  <attribute name="GC Util" value="17" />
  <attribute name="CPU Util" value="4439314109422" />
  <attribute name="Time Running"value="1327"/>
  <attribute name="Number of cores"value="4"/>
<gc-start id="551" type="scavenge" contextid="550" timestamp="2019-07-02T19:16:35.961">
  <mem-info id="552" free="727040" total="9437184" percent="7">
    <mem type="nursery" free="0" total="3145728" percent="0">
      <mem type="allocate" free="0" total="2818048" percent="0" />
      <mem type="survivor" free="0" total="327680" percent="0" />
    </mem>
    <mem type="tenure" free="727040" total="6291456" percent="11">
      <mem type="soa" free="412672" total="5977088" percent="6" />
      <mem type="loa" free="314368" total="314368" percent="100" />
    </mem>
    <remembered-set count="2186" />
  </mem-info>
</gc-start>
<allocation-stats totalBytes="2599424" >
  <allocated-bytes non-tlh="40" tlh="2599384" />
  <largest-consumer threadName="Thread-9" threadId="000000000155A100" bytes="909184" />
</allocation-stats>
<gc-op id="553" type="scavenge" timems="0.345" contextid="550" timestamp="2019-07-02T19:16:35.961">
  <scavenger-info tenureage="4" tenuremask="4070" tiltratio="89" />
  <memory-copied type="nursery" objects="2180" bytes="63656" bytesdiscarded="176728" />
  <memory-copied type="tenure" objects="1085" bytes="26104" bytesdiscarded="0" />
</gc-op>
<gc-end id="554" type="scavenge" contextid="550" durationms="0.615" usertimems="4.000" systemtimems="0.000" timestamp="2019-07-02T19:16:35.961" activeThreads="4">
  <mem-info id="555" free="3265536" total="9437184" percent="34">
    <mem type="nursery" free="2577664" total="3145728" percent="81">
      <mem type="allocate" free="2577664" total="2818048" percent="91" />
      <mem type="survivor" free="0" total="327680" percent="0" />
    </mem>
    <mem type="tenure" free="687872" total="6291456" percent="10">
      <mem type="soa" free="373504" total="5977088" percent="6" />
      <mem type="loa" free="314368" total="314368" percent="100" />
    </mem>
    <remembered-set count="1114" />
  </mem-info>
</gc-end>
<cycle-end id="556" type="scavenge" contextid="550" timestamp="2019-07-02T19:16:35.961">
  <attribute name="GC Util" value="14" />
  <attribute name="CPU Util" value="3905321695088" />
  <attribute name="Time Running"value="1331"/>
  <attribute name="Number of cores"value="4"/>
</cycle-end>
<allocation-satisfied id="557" threadId="000000000155DD00" bytesRequested="40" />
<af-end id="558" timestamp="2019-07-02T19:16:35.962" threadId="000000000155E688" success="true" from="nursery"/>
<exclusive-end id="559" timestamp="2019-07-02T19:16:35.962" durationms="1.535" />

<exclusive-start id="560" timestamp="2019-07-02T19:16:35.965" intervalms="5.050">
  <response-info timems="0.061" idlems="0.039" threads="1" lastid="000000000155DD00" lastname="Thread-7" />
</exclusive-start>
<af-start id="561" threadId="000000000155AA88" totalBytesRequested="40" timestamp="2019-07-02T19:16:35.965" intervalms="4.592" type="nursery" />
<cycle-start id="562" type="scavenge" contextid="0" timestamp="2019-07-02T19:16:35.965" intervalms="4.638" />
  <attribute name="GC Util" value="14" />
  <attribute name="CPU Util" value="3905321695088" />
  <attribute name="Time Running"value="1331"/>
  <attribute name="Number of cores"value="4"/>
<gc-start id="563" type="scavenge" contextid="562" timestamp="2019-07-02T19:16:35.965">
  <mem-info id="564" free="687872" total="9437184" percent="7">
    <mem type="nursery" free="0" total="3145728" percent="0">
      <mem type="allocate" free="0" total="2818048" percent="0" />
      <mem type="survivor" free="0" total="327680" percent="0" />
    </mem>
    <mem type="tenure" free="687872" total="6291456" percent="10">
      <mem type="soa" free="373504" total="5977088" percent="6" />
      <mem type="loa" free="314368" total="314368" percent="100" />
    </mem>
    <remembered-set count="1424" />
  </mem-info>
</gc-start>
<allocation-stats totalBytes="2577112" >
  <allocated-bytes non-tlh="40" tlh="2577072" />
  <largest-consumer threadName="Thread-8" threadId="0000000001565500" bytes="947288" />
</allocation-stats>
<gc-op id="565" type="scavenge" timems="0.301" contextid="562" timestamp="2019-07-02T19:16:35.966">
  <scavenger-info tenureage="3" tenuremask="4018" tiltratio="89" />
  <memory-copied type="nursery" objects="873" bytes="32192" bytesdiscarded="146752" />
  <memory-copied type="tenure" objects="1605" bytes="40680" bytesdiscarded="0" />
</gc-op>
<gc-end id="566" type="scavenge" contextid="562" durationms="0.469" usertimems="0.000" systemtimems="0.000" timestamp="2019-07-02T19:16:35.966" activeThreads="4">
  <mem-info id="567" free="3326976" total="9437184" percent="35">
    <mem type="nursery" free="2639104" total="3145728" percent="83">
      <mem type="allocate" free="2639104" total="2818048" percent="93" />
      <mem type="survivor" free="0" total="327680" percent="0" />
    </mem>
    <mem type="tenure" free="687872" total="6291456" percent="10">
      <mem type="soa" free="373504" total="5977088" percent="6" />
      <mem type="loa" free="314368" total="314368" percent="100" />
    </mem>
    <remembered-set count="851" />
  </mem-info>
</gc-end>
<cycle-end id="568" type="scavenge" contextid="562" timestamp="2019-07-02T19:16:35.966">
  <attribute name="GC Util" value="17" />
  <attribute name="CPU Util" value="4057990464597" />
  <attribute name="Time Running"value="1336"/>
  <attribute name="Number of cores"value="4"/>
</cycle-end>
<allocation-satisfied id="569" threadId="000000000155A100" bytesRequested="40" />
<af-end id="570" timestamp="2019-07-02T19:16:35.966" threadId="000000000155AA88" success="true" from="nursery"/>
<exclusive-end id="571" timestamp="2019-07-02T19:16:35.966" durationms="1.030" />

<exclusive-start id="572" timestamp="2019-07-02T19:16:35.971" intervalms="5.535">
  <response-info timems="0.073" idlems="0.073" threads="0" lastid="0000000001565500" lastname="Thread-8" />
</exclusive-start>
<af-start id="573" threadId="0000000001565E88" totalBytesRequested="40" timestamp="2019-07-02T19:16:35.971" intervalms="5.547" type="nursery" />
<cycle-start id="574" type="scavenge" contextid="0" timestamp="2019-07-02T19:16:35.971" intervalms="5.547" />
  <attribute name="GC Util" value="17" />
  <attribute name="CPU Util" value="4057990464597" />
  <attribute name="Time Running"value="1336"/>
  <attribute name="Number of cores"value="4"/>
<gc-start id="575" type="scavenge" contextid="574" timestamp="2019-07-02T19:16:35.971">
  <mem-info id="576" free="687872" total="9437184" percent="7">
    <mem type="nursery" free="0" total="3145728" percent="0">
      <mem type="allocate" free="0" total="2818048" percent="0" />
      <mem type="survivor" free="0" total="327680" percent="0" />
    </mem>
    <mem type="tenure" free="687872" total="6291456" percent="10">
      <mem type="soa" free="373504" total="5977088" percent="6" />
      <mem type="loa" free="314368" total="314368" percent="100" />
    </mem>
    <remembered-set count="1010" />
  </mem-info>
</gc-start>
<allocation-stats totalBytes="2638568" >
  <allocated-bytes non-tlh="40" tlh="2638528" />
  <largest-consumer threadName="Thread-9" threadId="000000000155A100" bytes="1343200" />
</allocation-stats>
<gc-op id="577" type="scavenge" timems="2.260" contextid="574" timestamp="2019-07-02T19:16:35.973">
  <scavenger-info tenureage="14" tenuremask="4000" tiltratio="89" />
  <memory-copied type="nursery" objects="1101" bytes="37984" bytesdiscarded="79520" />
</gc-op>
<heap-resize id="578" type="expand" space="nursery" amount="524288" count="1" timems="0.016" reason="excessive time being spent scavenging" timestamp="2019-07-02T19:16:35.974" />
<gc-end id="579" type="scavenge" contextid="574" durationms="2.958" usertimems="4.000" systemtimems="0.000" timestamp="2019-07-02T19:16:35.974" activeThreads="4">
  <mem-info id="580" free="3847168" total="9961472" percent="38">
    <mem type="nursery" free="3159296" total="3670016" percent="86">
      <mem type="allocate" free="3159296" total="3276800" percent="96" />
      <mem type="survivor" free="0" total="393216" percent="0" />
    </mem>
    <mem type="tenure" free="687872" total="6291456" percent="10">
      <mem type="soa" free="373504" total="5977088" percent="6" />
      <mem type="loa" free="314368" total="314368" percent="100" />
    </mem>
    <remembered-set count="1010" />
  </mem-info>
</gc-end>
<cycle-end id="581" type="scavenge" contextid="574" timestamp="2019-07-02T19:16:35.974">
  <attribute name="GC Util" value="13" />
  <attribute name="CPU Util" value="3212162203130" />
  <attribute name="Time Running"value="1342"/>
  <attribute name="Number of cores"value="4"/>
</cycle-end>
<allocation-satisfied id="582" threadId="0000000001565500" bytesRequested="40" />
<af-end id="583" timestamp="2019-07-02T19:16:35.974" threadId="0000000001565E88" success="true" from="nursery"/>
<exclusive-end id="584" timestamp="2019-07-02T19:16:35.974" durationms="3.861" />

<exclusive-start id="585" timestamp="2019-07-02T19:16:35.979" intervalms="8.389">
  <response-info timems="0.026" idlems="0.026" threads="0" lastid="0000000001565500" lastname="Thread-8" />
</exclusive-start>
<af-start id="586" threadId="0000000001565E88" totalBytesRequested="40" timestamp="2019-07-02T19:16:35.979" intervalms="8.409" type="nursery" />
<cycle-start id="587" type="scavenge" contextid="0" timestamp="2019-07-02T19:16:35.979" intervalms="8.411" />
  <attribute name="GC Util" value="13" />
  <attribute name="CPU Util" value="3212162203130" />
  <attribute name="Time Running"value="1342"/>
  <attribute name="Number of cores"value="4"/>
<gc-start id="588" type="scavenge" contextid="587" timestamp="2019-07-02T19:16:35.979">
  <mem-info id="589" free="687872" total="9961472" percent="6">
    <mem type="nursery" free="0" total="3670016" percent="0">
      <mem type="allocate" free="0" total="3276800" percent="0" />
      <mem type="survivor" free="0" total="393216" percent="0" />
    </mem>
    <mem type="tenure" free="687872" total="6291456" percent="10">
      <mem type="soa" free="373504" total="5977088" percent="6" />
      <mem type="loa" free="314368" total="314368" percent="100" />
    </mem>
    <remembered-set count="1108" />
  </mem-info>
</gc-start>
<allocation-stats totalBytes="3158736" >
  <allocated-bytes non-tlh="40" tlh="3158696" />
  <largest-consumer threadName="Thread-9" threadId="000000000155A100" bytes="1351480" />
</allocation-stats>
<gc-op id="590" type="scavenge" timems="1.467" contextid="587" timestamp="2019-07-02T19:16:35.981">
  <scavenger-info tenureage="4" tenuremask="4010" tiltratio="89" />
  <memory-copied type="nursery" objects="2811" bytes="149448" bytesdiscarded="107832" />
  <memory-copied type="tenure" objects="196" bytes="8960" bytesdiscarded="0" />
</gc-op>
<heap-resize id="591" type="expand" space="nursery" amount="262144" count="1" timems="0.011" reason="excessive time being spent scavenging" timestamp="2019-07-02T19:16:35.981" />
<gc-end id="592" type="scavenge" contextid="587" durationms="1.966" usertimems="0.000" systemtimems="0.000" timestamp="2019-07-02T19:16:35.981" activeThreads="4">
  <mem-info id="593" free="3904000" total="10223616" percent="38">
    <mem type="nursery" free="3216128" total="3932160" percent="81">
      <mem type="allocate" free="3216128" total="3473408" percent="92" />
      <mem type="survivor" free="0" total="458752" percent="0" />
    </mem>
    <mem type="tenure" free="687872" total="6291456" percent="10">
      <mem type="soa" free="373504" total="5977088" percent="6" />
      <mem type="loa" free="314368" total="314368" percent="100" />
    </mem>
    <remembered-set count="918" />
  </mem-info>
</gc-end>
<cycle-end id="594" type="scavenge" contextid="587" timestamp="2019-07-02T19:16:35.981">
  <attribute name="GC Util" value="41" />
  <attribute name="CPU Util" value="2245330509363" />
  <attribute name="Time Running"value="1350"/>
  <attribute name="Number of cores"value="4"/>
</cycle-end>
<allocation-satisfied id="595" threadId="0000000001565500" bytesRequested="40" />
<af-end id="596" timestamp="2019-07-02T19:16:35.982" threadId="0000000001565E88" success="true" from="nursery"/>
<exclusive-end id="597" timestamp="2019-07-02T19:16:35.982" durationms="2.770" />

<exclusive-start id="598" timestamp="2019-07-02T19:16:35.985" intervalms="6.450">
  <response-info timems="0.026" idlems="0.026" threads="0" lastid="0000000001561900" lastname="Thread-10" />
</exclusive-start>
<af-start id="599" threadId="0000000001562288" totalBytesRequested="24" timestamp="2019-07-02T19:16:35.986" intervalms="6.449" type="nursery" />
<cycle-start id="600" type="scavenge" contextid="0" timestamp="2019-07-02T19:16:35.986" intervalms="6.436" />
  <attribute name="GC Util" value="41" />
  <attribute name="CPU Util" value="2245330509363" />
  <attribute name="Time Running"value="1350"/>
  <attribute name="Number of cores"value="4"/>
<gc-start id="601" type="scavenge" contextid="600" timestamp="2019-07-02T19:16:35.986">
  <mem-info id="602" free="687872" total="10223616" percent="6">
    <mem type="nursery" free="0" total="3932160" percent="0">
      <mem type="allocate" free="0" total="3473408" percent="0" />
      <mem type="survivor" free="0" total="458752" percent="0" />
    </mem>
    <mem type="tenure" free="687872" total="6291456" percent="10">
      <mem type="soa" free="373504" total="5977088" percent="6" />
      <mem type="loa" free="314368" total="314368" percent="100" />
    </mem>
    <remembered-set count="1152" />
  </mem-info>
</gc-start>
<allocation-stats totalBytes="3215488" >
  <allocated-bytes non-tlh="40" tlh="3215448" />
  <largest-consumer threadName="Thread-7" threadId="000000000155DD00" bytes="1117968" />
</allocation-stats>
<gc-op id="603" type="scavenge" timems="0.386" contextid="600" timestamp="2019-07-02T19:16:35.986">
  <scavenger-info tenureage="3" tenuremask="ffd8" tiltratio="88" />
  <memory-copied type="nursery" objects="5723" bytes="284328" bytesdiscarded="48216" />
  <memory-copied type="tenure" objects="576" bytes="20208" bytesdiscarded="0" />
</gc-op>
<gc-end id="604" type="scavenge" contextid="600" durationms="0.595" usertimems="0.000" systemtimems="0.000" timestamp="2019-07-02T19:16:35.986" activeThreads="4">
  <mem-info id="605" free="3828736" total="10223616" percent="37">
    <mem type="nursery" free="3140864" total="3932160" percent="79">
      <mem type="allocate" free="3140864" total="3473408" percent="90" />
      <mem type="survivor" free="0" total="458752" percent="0" />
    </mem>
    <mem type="tenure" free="687872" total="6291456" percent="10">
      <mem type="soa" free="373504" total="5977088" percent="6" />
      <mem type="loa" free="314368" total="314368" percent="100" />
    </mem>
    <remembered-set count="582" />
  </mem-info>
</gc-end>
<cycle-end id="606" type="scavenge" contextid="600" timestamp="2019-07-02T19:16:35.986">
  <attribute name="GC Util" value="36" />
  <attribute name="CPU Util" value="2869051432660" />
  <attribute name="Time Running"value="1356"/>
  <attribute name="Number of cores"value="4"/>
</cycle-end>
<allocation-satisfied id="607" threadId="0000000001561900" bytesRequested="24" />
<af-end id="608" timestamp="2019-07-02T19:16:35.986" threadId="0000000001562288" success="true" from="nursery"/>
<exclusive-end id="609" timestamp="2019-07-02T19:16:35.987" durationms="1.039" />

<exclusive-start id="610" timestamp="2019-07-02T19:16:35.990" intervalms="4.600">
  <response-info timems="0.037" idlems="0.037" threads="0" lastid="0000000001561900" lastname="Thread-10" />
</exclusive-start>
<af-start id="611" threadId="0000000001562288" totalBytesRequested="40" timestamp="2019-07-02T19:16:35.990" intervalms="4.598" type="nursery" />
<cycle-start id="612" type="scavenge" contextid="0" timestamp="2019-07-02T19:16:35.990" intervalms="4.597" />
  <attribute name="GC Util" value="36" />
  <attribute name="CPU Util" value="2869051432660" />
  <attribute name="Time Running"value="1356"/>
  <attribute name="Number of cores"value="4"/>
<gc-start id="613" type="scavenge" contextid="612" timestamp="2019-07-02T19:16:35.990">
  <mem-info id="614" free="687872" total="10223616" percent="6">
    <mem type="nursery" free="0" total="3932160" percent="0">
      <mem type="allocate" free="0" total="3473408" percent="0" />
      <mem type="survivor" free="0" total="458752" percent="0" />
    </mem>
    <mem type="tenure" free="687872" total="6291456" percent="10">
      <mem type="soa" free="373504" total="5977088" percent="6" />
      <mem type="loa" free="314368" total="314368" percent="100" />
    </mem>
    <remembered-set count="764" />
  </mem-info>
</gc-start>
<allocation-stats totalBytes="3140176" >
  <allocated-bytes non-tlh="24" tlh="3140152" />
  <largest-consumer threadName="Thread-8" threadId="0000000001565500" bytes="1097472" />
</allocation-stats>
<gc-op id="615" type="scavenge" timems="0.360" contextid="612" timestamp="2019-07-02T19:16:35.991">
  <scavenger-info tenureage="6" tenuremask="ffc0" tiltratio="88" />
  <memory-copied type="nursery" objects="6154" bytes="294856" bytesdiscarded="146744" />
</gc-op>
<gc-end id="616" type="scavenge" contextid="612" durationms="0.504" usertimems="0.000" systemtimems="0.000" timestamp="2019-07-02T19:16:35.991" activeThreads="4">
  <mem-info id="617" free="3785216" total="10223616" percent="37">
    <mem type="nursery" free="3097344" total="3932160" percent="78">
      <mem type="allocate" free="3097344" total="3538944" percent="87" />
      <mem type="survivor" free="0" total="393216" percent="0" />
    </mem>
    <mem type="tenure" free="687872" total="6291456" percent="10">
      <mem type="soa" free="373504" total="5977088" percent="6" />
      <mem type="loa" free="314368" total="314368" percent="100" />
    </mem>
    <remembered-set count="764" />
  </mem-info>
</gc-end>
<cycle-end id="618" type="scavenge" contextid="612" timestamp="2019-07-02T19:16:35.991">
  <attribute name="GC Util" value="24" />
  <attribute name="CPU Util" value="4047734408669" />
  <attribute name="Time Running"value="1361"/>
  <attribute name="Number of cores"value="4"/>
</cycle-end>
<allocation-satisfied id="619" threadId="0000000001561900" bytesRequested="40" />
<af-end id="620" timestamp="2019-07-02T19:16:35.991" threadId="0000000001562288" success="true" from="nursery"/>
<exclusive-end id="621" timestamp="2019-07-02T19:16:35.991" durationms="0.983" />

<exclusive-start id="622" timestamp="2019-07-02T19:16:35.994" intervalms="4.377">
  <response-info timems="0.036" idlems="0.036" threads="0" lastid="000000000155A100" lastname="Thread-9" />
</exclusive-start>
<af-start id="623" threadId="000000000155AA88" totalBytesRequested="40" timestamp="2019-07-02T19:16:35.995" intervalms="4.354" type="nursery" />
<cycle-start id="624" type="scavenge" contextid="0" timestamp="2019-07-02T19:16:35.995" intervalms="4.366" />
  <attribute name="GC Util" value="24" />
  <attribute name="CPU Util" value="4047734408669" />
  <attribute name="Time Running"value="1361"/>
  <attribute name="Number of cores"value="4"/>
<gc-start id="625" type="scavenge" contextid="624" timestamp="2019-07-02T19:16:35.995">
  <mem-info id="626" free="687872" total="10223616" percent="6">
    <mem type="nursery" free="0" total="3932160" percent="0">
      <mem type="allocate" free="0" total="3538944" percent="0" />
      <mem type="survivor" free="0" total="393216" percent="0" />
    </mem>
    <mem type="tenure" free="687872" total="6291456" percent="10">
      <mem type="soa" free="373504" total="5977088" percent="6" />
      <mem type="loa" free="314368" total="314368" percent="100" />
    </mem>
    <remembered-set count="878" />
  </mem-info>
</gc-start>
<allocation-stats totalBytes="3096944" >
  <allocated-bytes non-tlh="40" tlh="3096904" />
  <largest-consumer threadName="Thread-10" threadId="0000000001561900" bytes="1064848" />
</allocation-stats>
<gc-op id="627" type="scavenge" timems="0.449" contextid="624" timestamp="2019-07-02T19:16:35.995">
  <scavenger-info tenureage="2" tenuremask="fff4" tiltratio="90" />
  <memory-copied type="nursery" objects="2942" bytes="146240" bytesdiscarded="155584" />
  <memory-copied type="tenure" objects="3706" bytes="160544" bytesdiscarded="64" />
</gc-op>
<gc-end id="628" type="scavenge" contextid="624" durationms="0.626" usertimems="0.000" systemtimems="0.000" timestamp="2019-07-02T19:16:35.995" activeThreads="4">
  <mem-info id="629" free="3785216" total="10223616" percent="37">
    <mem type="nursery" free="3237120" total="3932160" percent="82">
      <mem type="allocate" free="3237120" total="3538944" percent="91" />
      <mem type="survivor" free="0" total="393216" percent="0" />
    </mem>
    <mem type="tenure" free="548096" total="6291456" percent="8">
      <mem type="soa" free="233728" total="5977088" percent="3" />
      <mem type="loa" free="314368" total="314368" percent="100" />
    </mem>
    <remembered-set count="848" />
  </mem-info>
</gc-end>
<cycle-end id="630" type="scavenge" contextid="624" timestamp="2019-07-02T19:16:35.995">
  <attribute name="GC Util" value="23" />
  <attribute name="CPU Util" value="4177643481128" />
  <attribute name="Time Running"value="1365"/>
  <attribute name="Number of cores"value="4"/>
</cycle-end>
<allocation-satisfied id="631" threadId="000000000155A100" bytesRequested="40" />
<af-end id="632" timestamp="2019-07-02T19:16:35.996" threadId="000000000155AA88" success="true" from="nursery"/>
<exclusive-end id="633" timestamp="2019-07-02T19:16:35.996" durationms="1.232" />

<exclusive-start id="634" timestamp="2019-07-02T19:16:36.001" intervalms="6.651">
  <response-info timems="0.192" idlems="0.192" threads="0" lastid="0000000001561900" lastname="Thread-10" />
</exclusive-start>
<af-start id="635" threadId="0000000001562288" totalBytesRequested="40" timestamp="2019-07-02T19:16:36.001" intervalms="6.633" type="nursery" />
<cycle-start id="636" type="scavenge" contextid="0" timestamp="2019-07-02T19:16:36.001" intervalms="6.677" />
  <attribute name="GC Util" value="23" />
  <attribute name="CPU Util" value="4177643481128" />
  <attribute name="Time Running"value="1365"/>
  <attribute name="Number of cores"value="4"/>
<gc-start id="637" type="scavenge" contextid="636" timestamp="2019-07-02T19:16:36.001">
  <mem-info id="638" free="548096" total="10223616" percent="5">
    <mem type="nursery" free="0" total="3932160" percent="0">
      <mem type="allocate" free="0" total="3538944" percent="0" />
      <mem type="survivor" free="0" total="393216" percent="0" />
    </mem>
    <mem type="tenure" free="548096" total="6291456" percent="8">
      <mem type="soa" free="233728" total="5977088" percent="3" />
      <mem type="loa" free="314368" total="314368" percent="100" />
    </mem>
    <remembered-set count="1321" />
  </mem-info>
</gc-start>
<allocation-stats totalBytes="3236496" >
  <allocated-bytes non-tlh="40" tlh="3236456" />
  <largest-consumer threadName="Thread-7" threadId="000000000155DD00" bytes="1626912" />
</allocation-stats>
<gc-op id="639" type="scavenge" timems="0.372" contextid="636" timestamp="2019-07-02T19:16:36.002">
  <scavenger-info tenureage="4" tenuremask="ffd0" tiltratio="90" />
  <memory-copied type="nursery" objects="1709" bytes="42088" bytesdiscarded="259736" />
  <memory-copied type="tenure" objects="1908" bytes="120472" bytesdiscarded="8" />
</gc-op>
<gc-end id="640" type="scavenge" contextid="636" durationms="0.629" usertimems="0.000" systemtimems="0.000" timestamp="2019-07-02T19:16:36.002" activeThreads="4">
  <mem-info id="641" free="3647696" total="10223616" percent="35">
    <mem type="nursery" free="3237120" total="3932160" percent="82">
      <mem type="allocate" free="3237120" total="3538944" percent="91" />
      <mem type="survivor" free="0" total="393216" percent="0" />
    </mem>
    <mem type="tenure" free="410576" total="6291456" percent="6">
      <mem type="soa" free="96208" total="5977088" percent="1" />
      <mem type="loa" free="314368" total="314368" percent="100" />
    </mem>
    <remembered-set count="1621" />
  </mem-info>
</gc-end>
<cycle-end id="642" type="scavenge" contextid="636" timestamp="2019-07-02T19:16:36.002">
  <attribute name="GC Util" value="18" />
  <attribute name="CPU Util" value="2742900146333" />
  <attribute name="Time Running"value="1372"/>
  <attribute name="Number of cores"value="4"/>
</cycle-end>
<allocation-satisfied id="643" threadId="0000000001561900" bytesRequested="40" />
<af-end id="644" timestamp="2019-07-02T19:16:36.002" threadId="0000000001562288" success="true" from="nursery"/>
<exclusive-end id="645" timestamp="2019-07-02T19:16:36.002" durationms="1.168" />

<concurrent-kickoff id="646" timestamp="2019-07-02T19:16:36.005">
  <kickoff reason="threshold reached" targetBytes="1867303" thresholdFreeBytes="258498"  remainingFree="193752" tenureFreeBytes="410576" nurseryFreeBytes="193752" />
</concurrent-kickoff>
<exclusive-start id="647" timestamp="2019-07-02T19:16:36.006" intervalms="4.445">
  <response-info timems="0.021" idlems="0.021" threads="0" lastid="0000000001561900" lastname="Thread-10" />
</exclusive-start>
<cycle-start id="648" type="global" contextid="0" timestamp="2019-07-02T19:16:36.006" intervalms="1135.334" />
  <attribute name="GC Util" value="18" />
  <attribute name="CPU Util" value="2742900146333" />
  <attribute name="Time Running"value="1372"/>
  <attribute name="Number of cores"value="4"/>
<exclusive-end id="649" timestamp="2019-07-02T19:16:36.006" durationms="0.076" />

<exclusive-start id="650" timestamp="2019-07-02T19:16:36.006" intervalms="0.236">
  <response-info timems="0.025" idlems="0.025" threads="0" lastid="000000000155A100" lastname="Thread-9" />
</exclusive-start>
<af-start id="651" threadId="000000000155AA88" totalBytesRequested="40" timestamp="2019-07-02T19:16:36.006" intervalms="4.693" type="nursery" />
<cycle-start id="652" type="scavenge" contextid="0" timestamp="2019-07-02T19:16:36.006" intervalms="4.617" />
  <attribute name="GC Util" value="18" />
  <attribute name="CPU Util" value="2742900146333" />
  <attribute name="Time Running"value="1372"/>
  <attribute name="Number of cores"value="4"/>
<gc-start id="653" type="scavenge" contextid="652" timestamp="2019-07-02T19:16:36.006">
  <mem-info id="654" free="410576" total="10223616" percent="4">
    <mem type="nursery" free="0" total="3932160" percent="0">
      <mem type="allocate" free="0" total="3538944" percent="0" />
      <mem type="survivor" free="0" total="393216" percent="0" />
    </mem>
    <mem type="tenure" free="410576" total="6291456" percent="6">
      <mem type="soa" free="96208" total="5977088" percent="1" />
      <mem type="loa" free="314368" total="314368" percent="100" />
    </mem>
    <remembered-set count="2037" />
  </mem-info>
</gc-start>
<allocation-stats totalBytes="3236464" >
  <allocated-bytes non-tlh="40" tlh="3236424" />
  <largest-consumer threadName="Thread-7" threadId="000000000155DD00" bytes="1118032" />
</allocation-stats>
<gc-op id="655" type="scavenge" timems="0.295" contextid="652" timestamp="2019-07-02T19:16:36.006">
  <scavenger-info tenureage="3" tenuremask="ffd8" tiltratio="90" />
  <memory-copied type="nursery" objects="1748" bytes="43024" bytesdiscarded="258800" />
  <memory-copied type="tenure" objects="378" bytes="9072" bytesdiscarded="0" />
</gc-op>
<gc-end id="656" type="scavenge" contextid="652" durationms="0.459" usertimems="0.000" systemtimems="0.000" timestamp="2019-07-02T19:16:36.006" activeThreads="4">
  <mem-info id="657" free="3647696" total="10223616" percent="35">
    <mem type="nursery" free="3237120" total="3932160" percent="82">
      <mem type="allocate" free="3237120" total="3538944" percent="91" />
      <mem type="survivor" free="0" total="393216" percent="0" />
    </mem>
    <mem type="tenure" free="410576" total="6291456" percent="6">
      <mem type="soa" free="96208" total="5977088" percent="1" />
      <mem type="loa" free="314368" total="314368" percent="100" />
    </mem>
    <remembered-set count="1652" />
  </mem-info>
</gc-end>
<cycle-end id="658" type="scavenge" contextid="652" timestamp="2019-07-02T19:16:36.007">
  <attribute name="GC Util" value="21" />
  <attribute name="CPU Util" value="4048583693297" />
  <attribute name="Time Running"value="1376"/>
  <attribute name="Number of cores"value="4"/>
</cycle-end>
<allocation-satisfied id="659" threadId="000000000155A100" bytesRequested="40" />
<af-end id="660" timestamp="2019-07-02T19:16:36.007" threadId="000000000155AA88" success="true" from="nursery"/>
<exclusive-end id="661" timestamp="2019-07-02T19:16:36.007" durationms="0.871" />

<exclusive-start id="662" timestamp="2019-07-02T19:16:36.012" intervalms="5.973">
  <response-info timems="0.025" idlems="0.025" threads="0" lastid="0000000001565500" lastname="Thread-8" />
</exclusive-start>
<af-start id="663" threadId="0000000001565E88" totalBytesRequested="40" timestamp="2019-07-02T19:16:36.012" intervalms="5.983" type="nursery" />
<cycle-start id="664" type="scavenge" contextid="0" timestamp="2019-07-02T19:16:36.012" intervalms="5.980" />
  <attribute name="GC Util" value="21" />
  <attribute name="CPU Util" value="4048583693297" />
  <attribute name="Time Running"value="1376"/>
  <attribute name="Number of cores"value="4"/>
<gc-start id="665" type="scavenge" contextid="664" timestamp="2019-07-02T19:16:36.012">
  <mem-info id="666" free="410576" total="10223616" percent="4">
    <mem type="nursery" free="0" total="3932160" percent="0">
      <mem type="allocate" free="0" total="3538944" percent="0" />
      <mem type="survivor" free="0" total="393216" percent="0" />
    </mem>
    <mem type="tenure" free="410576" total="6291456" percent="6">
      <mem type="soa" free="96208" total="5977088" percent="1" />
      <mem type="loa" free="314368" total="314368" percent="100" />
    </mem>
    <remembered-set count="2183" />
  </mem-info>
</gc-start>
<allocation-stats totalBytes="3236480" >
  <allocated-bytes non-tlh="40" tlh="3236440" />
  <largest-consumer threadName="Thread-10" threadId="0000000001561900" bytes="1175384" />
</allocation-stats>
<gc-op id="667" type="scavenge" timems="2.490" contextid="664" timestamp="2019-07-02T19:16:36.015">
  <scavenger-info tenureage="5" tenuremask="ffe0" tiltratio="90" />
  <memory-copied type="nursery" objects="2280" bytes="55808" bytesdiscarded="100864" />
</gc-op>
<heap-resize id="668" type="expand" space="nursery" amount="786432" count="1" timems="0.016" reason="excessive time being spent scavenging" timestamp="2019-07-02T19:16:36.015" />
<gc-end id="669" type="scavenge" contextid="664" durationms="3.164" usertimems="4.000" systemtimems="0.000" timestamp="2019-07-02T19:16:36.015" activeThreads="4">
  <mem-info id="670" free="4448208" total="11010048" percent="40">
    <mem type="nursery" free="4037632" total="4718592" percent="85">
      <mem type="allocate" free="4037632" total="4194304" percent="96" />
      <mem type="survivor" free="0" total="524288" percent="0" />
    </mem>
    <mem type="tenure" free="410576" total="6291456" percent="6">
      <mem type="soa" free="96208" total="5977088" percent="1" />
      <mem type="loa" free="314368" total="314368" percent="100" />
    </mem>
    <remembered-set count="2183" />
  </mem-info>
</gc-end>
<cycle-end id="671" type="scavenge" contextid="664" timestamp="2019-07-02T19:16:36.015">
  <attribute name="GC Util" value="11" />
  <attribute name="CPU Util" value="3021287716170" />
  <attribute name="Time Running"value="1383"/>
  <attribute name="Number of cores"value="4"/>
</cycle-end>
<allocation-satisfied id="672" threadId="0000000001565500" bytesRequested="40" />
<af-end id="673" timestamp="2019-07-02T19:16:36.016" threadId="0000000001565E88" success="true" from="nursery"/>
<exclusive-end id="674" timestamp="2019-07-02T19:16:36.016" durationms="4.025" />

<exclusive-start id="675" timestamp="2019-07-02T19:16:36.019" intervalms="7.647">
  <response-info timems="0.023" idlems="0.023" threads="0" lastid="0000000001561900" lastname="Thread-10" />
</exclusive-start>
<af-start id="676" threadId="0000000001562288" totalBytesRequested="40" timestamp="2019-07-02T19:16:36.019" intervalms="7.673" type="nursery" />
<cycle-start id="677" type="scavenge" contextid="0" timestamp="2019-07-02T19:16:36.020" intervalms="7.739" />
  <attribute name="GC Util" value="11" />
  <attribute name="CPU Util" value="3021287716170" />
  <attribute name="Time Running"value="1383"/>
  <attribute name="Number of cores"value="4"/>
<gc-start id="678" type="scavenge" contextid="677" timestamp="2019-07-02T19:16:36.020">
  <mem-info id="679" free="410576" total="11010048" percent="3">
    <mem type="nursery" free="0" total="4718592" percent="0">
      <mem type="allocate" free="0" total="4194304" percent="0" />
      <mem type="survivor" free="0" total="524288" percent="0" />
    </mem>
    <mem type="tenure" free="410576" total="6291456" percent="6">
      <mem type="soa" free="96208" total="5977088" percent="1" />
      <mem type="loa" free="314368" total="314368" percent="100" />
    </mem>
    <remembered-set count="2668" />
  </mem-info>
</gc-start>
<allocation-stats totalBytes="4036808" >
  <allocated-bytes non-tlh="40" tlh="4036768" />
  <largest-consumer threadName="Thread-8" threadId="0000000001565500" bytes="1056624" />
</allocation-stats>
<gc-op id="680" type="scavenge" timems="0.361" contextid="677" timestamp="2019-07-02T19:16:36.020">
  <scavenger-info tenureage="3" tenuremask="fff8" tiltratio="88" />
  <memory-copied type="nursery" objects="1651" bytes="40776" bytesdiscarded="168888" />
  <memory-copied type="tenure" objects="1146" bytes="27504" bytesdiscarded="16" />
</gc-op>
<gc-end id="681" type="scavenge" contextid="677" durationms="0.544" usertimems="0.000" systemtimems="0.000" timestamp="2019-07-02T19:16:36.020" activeThreads="4">
  <mem-info id="682" free="4299008" total="11010048" percent="39">
    <mem type="nursery" free="3984640" total="4718592" percent="84">
      <mem type="allocate" free="3984640" total="4194304" percent="95" />
      <mem type="survivor" free="0" total="524288" percent="0" />
    </mem>
    <mem type="tenure" free="314368" total="6291456" percent="4">
      <mem type="soa" free="0" total="5977088" percent="0" />
      <mem type="loa" free="314368" total="314368" percent="100" />
    </mem>
    <remembered-set count="1522" />
  </mem-info>
</gc-end>
<cycle-end id="683" type="scavenge" contextid="677" timestamp="2019-07-02T19:16:36.020">
  <attribute name="GC Util" value="45" />
  <attribute name="CPU Util" value="2429901636636" />
  <attribute name="Time Running"value="1390"/>
  <attribute name="Number of cores"value="4"/>
</cycle-end>
<allocation-satisfied id="684" threadId="0000000001561900" bytesRequested="40" />
<af-end id="685" timestamp="2019-07-02T19:16:36.020" threadId="0000000001562288" success="true" from="nursery"/>
<exclusive-end id="686" timestamp="2019-07-02T19:16:36.020" durationms="1.039" />

<exclusive-start id="687" timestamp="2019-07-02T19:16:36.025" intervalms="5.193">
  <response-info timems="0.043" idlems="0.043" threads="0" lastid="000000000155A100" lastname="Thread-9" />
</exclusive-start>
<af-start id="688" threadId="000000000155AA88" totalBytesRequested="40" timestamp="2019-07-02T19:16:36.025" intervalms="5.203" type="nursery" />
<cycle-start id="689" type="scavenge" contextid="0" timestamp="2019-07-02T19:16:36.025" intervalms="5.173" />
  <attribute name="GC Util" value="45" />
  <attribute name="CPU Util" value="2429901636636" />
  <attribute name="Time Running"value="1390"/>
  <attribute name="Number of cores"value="4"/>
<gc-start id="690" type="scavenge" contextid="689" timestamp="2019-07-02T19:16:36.025">
  <mem-info id="691" free="314368" total="11010048" percent="2">
    <mem type="nursery" free="0" total="4718592" percent="0">
      <mem type="allocate" free="0" total="4194304" percent="0" />
      <mem type="survivor" free="0" total="524288" percent="0" />
    </mem>
    <mem type="tenure" free="314368" total="6291456" percent="4">
      <mem type="soa" free="0" total="5977088" percent="0" />
      <mem type="loa" free="314368" total="314368" percent="100" />
    </mem>
    <remembered-set count="2084" />
  </mem-info>
</gc-start>
<allocation-stats totalBytes="3984088" >
  <allocated-bytes non-tlh="40" tlh="3984048" />
  <largest-consumer threadName="Thread-8" threadId="0000000001565500" bytes="1175424" />
</allocation-stats>
<gc-op id="692" type="scavenge" timems="0.345" contextid="689" timestamp="2019-07-02T19:16:36.025">
  <scavenger-info tenureage="3" tenuremask="ffc8" tiltratio="88" />
  <memory-copied type="nursery" objects="1763" bytes="43416" bytesdiscarded="258408" />
  <memory-copied type="tenure" objects="419" bytes="10056" bytesdiscarded="0" />
</gc-op>
<gc-end id="693" type="scavenge" contextid="689" durationms="0.696" usertimems="0.000" systemtimems="0.000" timestamp="2019-07-02T19:16:36.026" activeThreads="4">
  <mem-info id="694" free="4206848" total="11010048" percent="38">
    <mem type="nursery" free="3892480" total="4718592" percent="82">
      <mem type="allocate" free="3892480" total="4194304" percent="92" />
      <mem type="survivor" free="0" total="524288" percent="0" />
    </mem>
    <mem type="tenure" free="314368" total="6291456" percent="4">
      <mem type="soa" free="0" total="5977088" percent="0" />
      <mem type="loa" free="314368" total="314368" percent="100" />
    </mem>
    <remembered-set count="1665" />
  </mem-info>
</gc-end>
<cycle-end id="695" type="scavenge" contextid="689" timestamp="2019-07-02T19:16:36.026">
  <attribute name="GC Util" value="14" />
  <attribute name="CPU Util" value="3443356139383" />
  <attribute name="Time Running"value="1395"/>
  <attribute name="Number of cores"value="4"/>
</cycle-end>
<allocation-satisfied id="696" threadId="000000000155A100" bytesRequested="40" />
<af-end id="697" timestamp="2019-07-02T19:16:36.026" threadId="000000000155AA88" success="true" from="nursery"/>
<exclusive-end id="698" timestamp="2019-07-02T19:16:36.026" durationms="1.416" />

<exclusive-start id="699" timestamp="2019-07-02T19:16:36.026" intervalms="1.835">
  <response-info timems="0.026" idlems="0.026" threads="0" lastid="0000000001565500" lastname="Thread-8" />
</exclusive-start>
<concurrent-collection-start id="700" timestamp="2019-07-02T19:16:36.027" intervalms="1500.810" >
  <concurrent-trace-info reason="card cleaning threshold reached" tracedByMutators="1650748" tracedByHelpers="1081592" cardsCleaned="581" workStackOverflowCount="0" />
</concurrent-collection-start>
<gc-start id="701" type="global" contextid="648" timestamp="2019-07-02T19:16:36.027">
  <mem-info id="702" free="3973336" total="11010048" percent="36">
    <mem type="nursery" free="3658968" total="4718592" percent="77">
      <mem type="allocate" free="3658968" total="4194304" percent="87" />
      <mem type="survivor" free="0" total="524288" percent="0" />
    </mem>
    <mem type="tenure" free="314368" total="6291456" percent="4">
      <mem type="soa" free="0" total="5977088" percent="0" />
      <mem type="loa" free="314368" total="314368" percent="100" />
    </mem>
    <remembered-set count="1686" />
  </mem-info>
</gc-start>
<allocation-stats totalBytes="233488" >
  <allocated-bytes non-tlh="40" tlh="233448" />
  <largest-consumer threadName="Thread-8" threadId="0000000001565500" bytes="118760" />
</allocation-stats>
<gc-op id="703" type="rs-scan" timems="1.178" contextid="648" timestamp="2019-07-02T19:16:36.028">
  <scan objectsFound="1615" bytesTraced="189756" workStackOverflowCount="0" />
</gc-op>
<gc-op id="704" type="card-cleaning" timems="0.956" contextid="648" timestamp="2019-07-02T19:16:36.029">
  <card-cleaning cardsCleaned="11" bytesTraced="26108" workStackOverflowCount="0" />
</gc-op>
<gc-op id="705" type="mark" timems="2.297" contextid="648" timestamp="2019-07-02T19:16:36.031">
  <trace-info objectcount="525" scancount="493" scanbytes="13464" />
  <finalization candidates="124" enqueued="0" />
  <ownableSynchronizers candidates="3" cleared="0" />
  <references type="soft" candidates="146" cleared="0" enqueued="0" dynamicThreshold="25" maxThreshold="32" />
  <references type="weak" candidates="698" cleared="2" enqueued="1" />
  <references type="phantom" candidates="41" cleared="2" enqueued="2" />
  <stringconstants candidates="4575" cleared="1"  />
</gc-op>
<gc-op id="706" type="sweep" timems="1.339" contextid="648" timestamp="2019-07-02T19:16:36.033" />
<heap-resize id="707" type="expand" space="tenure" amount="1048576" count="1" timems="0.016" reason="insufficient free space following gc" timestamp="2019-07-02T19:16:36.033" />
<gc-end id="708" type="global" contextid="648" durationms="6.736" usertimems="8.000" systemtimems="0.000" timestamp="2019-07-02T19:16:36.033" activeThreads="4">
  <mem-info id="709" free="6978728" total="12058624" percent="57">
    <mem type="nursery" free="4142024" total="4718592" percent="87">
      <mem type="allocate" free="4142024" total="4194304" percent="98" />
      <mem type="survivor" free="0" total="524288" percent="0" />
    </mem>
    <mem type="tenure" free="2836704" total="7340032" percent="38" micro-fragmented="60419" macro-fragmented="0">
      <mem type="soa" free="2470112" total="6973440" percent="35" />
      <mem type="loa" free="366592" total="366592" percent="100" />
    </mem>
    <pending-finalizers system="0" default="0" reference="3" classloader="0" />
    <remembered-set count="1686" />
  </mem-info>
</gc-end>
<cycle-end id="710" type="global" contextid="648" timestamp="2019-07-02T19:16:36.034">
  <attribute name="GC Util" value="117" />
  <attribute name="CPU Util" value="7035814254117" />
  <attribute name="Time Running"value="1402"/>
  <attribute name="Number of cores"value="4"/>
</cycle-end>
<concurrent-collection-end id="711" timestamp="2019-07-02T19:16:36.034" />
<exclusive-end id="712" timestamp="2019-07-02T19:16:36.034" durationms="7.405" />

<exclusive-start id="713" timestamp="2019-07-02T19:16:36.039" intervalms="12.902">
  <response-info timems="0.134" idlems="0.057" threads="4" lastid="000000000120C300" lastname="JIT Compilation Thread-0" />
</exclusive-start>
<af-start id="714" threadId="000000000155E688" totalBytesRequested="40" timestamp="2019-07-02T19:16:36.039" intervalms="14.764" type="nursery" />
<cycle-start id="715" type="scavenge" contextid="0" timestamp="2019-07-02T19:16:36.040" intervalms="14.802" />
  <attribute name="GC Util" value="117" />
  <attribute name="CPU Util" value="7035814254117" />
  <attribute name="Time Running"value="1402"/>
  <attribute name="Number of cores"value="4"/>
<gc-start id="716" type="scavenge" contextid="715" timestamp="2019-07-02T19:16:36.040">
  <mem-info id="717" free="2836704" total="12058624" percent="23">
    <mem type="nursery" free="0" total="4718592" percent="0">
      <mem type="allocate" free="0" total="4194304" percent="0" />
      <mem type="survivor" free="0" total="524288" percent="0" />
    </mem>
    <mem type="tenure" free="2836704" total="7340032" percent="38">
      <mem type="soa" free="2470112" total="6973440" percent="35" />
      <mem type="loa" free="366592" total="366592" percent="100" />
    </mem>
    <remembered-set count="2445" />
  </mem-info>
</gc-start>
<allocation-stats totalBytes="4140928" >
  <allocated-bytes non-tlh="0" tlh="4140928" />
  <largest-consumer threadName="Thread-10" threadId="0000000001561900" bytes="1201128" />
</allocation-stats>
<gc-op id="718" type="scavenge" timems="0.612" contextid="715" timestamp="2019-07-02T19:16:36.041">
  <scavenger-info tenureage="3" tenuremask="ffe8" tiltratio="88" />
  <memory-copied type="nursery" objects="1864" bytes="45232" bytesdiscarded="33104" />
  <memory-copied type="tenure" objects="531" bytes="12744" bytesdiscarded="0" />
  <ownableSynchronizers candidates="6" cleared="6" />
</gc-op>
<gc-end id="719" type="scavenge" contextid="715" durationms="0.951" usertimems="0.000" systemtimems="0.000" timestamp="2019-07-02T19:16:36.041" activeThreads="4">
  <mem-info id="720" free="6813400" total="12058624" percent="56">
    <mem type="nursery" free="4115968" total="4718592" percent="87">
      <mem type="allocate" free="4115968" total="4194304" percent="98" />
      <mem type="survivor" free="0" total="524288" percent="0" />
    </mem>
    <mem type="tenure" free="2697432" total="7340032" percent="36">
      <mem type="soa" free="2330840" total="6973440" percent="33" />
      <mem type="loa" free="366592" total="366592" percent="100" />
    </mem>
    <remembered-set count="1912" />
  </mem-info>
</gc-end>
<cycle-end id="721" type="scavenge" contextid="715" timestamp="2019-07-02T19:16:36.041">
  <attribute name="GC Util" value="31" />
  <attribute name="CPU Util" value="2250582761846" />
  <attribute name="Time Running"value="1410"/>
  <attribute name="Number of cores"value="4"/>
</cycle-end>
<allocation-satisfied id="722" threadId="000000000155DD00" bytesRequested="40" />
<af-end id="723" timestamp="2019-07-02T19:16:36.041" threadId="000000000155E688" success="true" from="nursery"/>
<exclusive-end id="724" timestamp="2019-07-02T19:16:36.041" durationms="1.739" />

<exclusive-start id="725" timestamp="2019-07-02T19:16:36.047" intervalms="7.568">
  <response-info timems="0.024" idlems="0.024" threads="0" lastid="0000000001561900" lastname="Thread-10" />
</exclusive-start>
<af-start id="726" threadId="0000000001562288" totalBytesRequested="40" timestamp="2019-07-02T19:16:36.047" intervalms="7.541" type="nursery" />
<cycle-start id="727" type="scavenge" contextid="0" timestamp="2019-07-02T19:16:36.047" intervalms="7.495" />
  <attribute name="GC Util" value="31" />
  <attribute name="CPU Util" value="2250582761846" />
  <attribute name="Time Running"value="1410"/>
  <attribute name="Number of cores"value="4"/>
<gc-start id="728" type="scavenge" contextid="727" timestamp="2019-07-02T19:16:36.047">
  <mem-info id="729" free="2697432" total="12058624" percent="22">
    <mem type="nursery" free="0" total="4718592" percent="0">
      <mem type="allocate" free="0" total="4194304" percent="0" />
      <mem type="survivor" free="0" total="524288" percent="0" />
    </mem>
    <mem type="tenure" free="2697432" total="7340032" percent="36">
      <mem type="soa" free="2330840" total="6973440" percent="33" />
      <mem type="loa" free="366592" total="366592" percent="100" />
    </mem>
    <remembered-set count="2418" />
  </mem-info>
</gc-start>
<allocation-stats totalBytes="4115352" >
  <allocated-bytes non-tlh="40" tlh="4115312" />
  <largest-consumer threadName="Thread-8" threadId="0000000001565500" bytes="2105064" />
</allocation-stats>
<gc-op id="730" type="scavenge" timems="0.308" contextid="727" timestamp="2019-07-02T19:16:36.048">
  <scavenger-info tenureage="3" tenuremask="ffe8" tiltratio="88" />
  <memory-copied type="nursery" objects="2032" bytes="49824" bytesdiscarded="159840" />
  <memory-copied type="tenure" objects="484" bytes="11616" bytesdiscarded="0" />
</gc-op>
<gc-end id="731" type="scavenge" contextid="727" durationms="0.577" usertimems="0.000" systemtimems="0.000" timestamp="2019-07-02T19:16:36.048" activeThreads="4">
  <mem-info id="732" free="6558072" total="12058624" percent="54">
    <mem type="nursery" free="3984640" total="4718592" percent="84">
      <mem type="allocate" free="3984640" total="4194304" percent="95" />
      <mem type="survivor" free="0" total="524288" percent="0" />
    </mem>
    <mem type="tenure" free="2573432" total="7340032" percent="35">
      <mem type="soa" free="2206840" total="6973440" percent="31" />
      <mem type="loa" free="366592" total="366592" percent="100" />
    </mem>
    <remembered-set count="1934" />
  </mem-info>
</gc-end>
<cycle-end id="733" type="scavenge" contextid="727" timestamp="2019-07-02T19:16:36.048">
  <attribute name="GC Util" value="17" />
  <attribute name="CPU Util" value="2493050535762" />
  <attribute name="Time Running"value="1418"/>
  <attribute name="Number of cores"value="4"/>
</cycle-end>
<allocation-satisfied id="734" threadId="0000000001561900" bytesRequested="40" />
<af-end id="735" timestamp="2019-07-02T19:16:36.048" threadId="0000000001562288" success="true" from="nursery"/>
<exclusive-end id="736" timestamp="2019-07-02T19:16:36.048" durationms="1.136" />

<exclusive-start id="737" timestamp="2019-07-02T19:16:36.051" intervalms="3.732">
  <response-info timems="0.023" idlems="0.023" threads="0" lastid="0000000001565500" lastname="Thread-8" />
</exclusive-start>
<af-start id="738" threadId="0000000001565E88" totalBytesRequested="40" timestamp="2019-07-02T19:16:36.051" intervalms="3.689" type="nursery" />
<cycle-start id="739" type="scavenge" contextid="0" timestamp="2019-07-02T19:16:36.051" intervalms="3.657" />
  <attribute name="GC Util" value="17" />
  <attribute name="CPU Util" value="2493050535762" />
  <attribute name="Time Running"value="1418"/>
  <attribute name="Number of cores"value="4"/>
<gc-start id="740" type="scavenge" contextid="739" timestamp="2019-07-02T19:16:36.051">
  <mem-info id="741" free="2573432" total="12058624" percent="21">
    <mem type="nursery" free="0" total="4718592" percent="0">
      <mem type="allocate" free="0" total="4194304" percent="0" />
      <mem type="survivor" free="0" total="524288" percent="0" />
    </mem>
    <mem type="tenure" free="2573432" total="7340032" percent="35">
      <mem type="soa" free="2206840" total="6973440" percent="31" />
      <mem type="loa" free="366592" total="366592" percent="100" />
    </mem>
    <remembered-set count="2452" />
  </mem-info>
</gc-start>
<allocation-stats totalBytes="3983952" >
  <allocated-bytes non-tlh="40" tlh="3983912" />
  <largest-consumer threadName="Thread-9" threadId="000000000155A100" bytes="1060688" />
</allocation-stats>
<gc-op id="742" type="scavenge" timems="2.299" contextid="739" timestamp="2019-07-02T19:16:36.053">
  <scavenger-info tenureage="3" tenuremask="ffe8" tiltratio="88" />
  <memory-copied type="nursery" objects="1930" bytes="47128" bytesdiscarded="70376" />
  <memory-copied type="tenure" objects="565" bytes="13560" bytesdiscarded="0" />
</gc-op>
<heap-resize id="743" type="expand" space="nursery" amount="917504" count="1" timems="0.015" reason="excessive time being spent scavenging" timestamp="2019-07-02T19:16:36.053" />
<gc-end id="744" type="scavenge" contextid="739" durationms="2.812" usertimems="4.000" systemtimems="0.000" timestamp="2019-07-02T19:16:36.054" activeThreads="4">
  <mem-info id="745" free="7397496" total="12976128" percent="57">
    <mem type="nursery" free="4863232" total="5636096" percent="86">
      <mem type="allocate" free="4863232" total="4980736" percent="97" />
      <mem type="survivor" free="0" total="655360" percent="0" />
    </mem>
    <mem type="tenure" free="2534264" total="7340032" percent="34">
      <mem type="soa" free="2167672" total="6973440" percent="31" />
      <mem type="loa" free="366592" total="366592" percent="100" />
    </mem>
    <remembered-set count="1884" />
  </mem-info>
</gc-end>
<cycle-end id="746" type="scavenge" contextid="739" timestamp="2019-07-02T19:16:36.054">
  <attribute name="GC Util" value="21" />
  <attribute name="CPU Util" value="5185474304876" />
  <attribute name="Time Running"value="1421"/>
  <attribute name="Number of cores"value="4"/>
</cycle-end>
<allocation-satisfied id="747" threadId="0000000001565500" bytesRequested="40" />
<af-end id="748" timestamp="2019-07-02T19:16:36.054" threadId="0000000001565E88" success="true" from="nursery"/>
<exclusive-end id="749" timestamp="2019-07-02T19:16:36.054" durationms="3.309" />

<exclusive-start id="750" timestamp="2019-07-02T19:16:36.057" intervalms="6.700">
  <response-info timems="0.030" idlems="0.030" threads="0" lastid="0000000001561900" lastname="Thread-10" />
</exclusive-start>
<af-start id="751" threadId="0000000001562288" totalBytesRequested="40" timestamp="2019-07-02T19:16:36.057" intervalms="6.722" type="nursery" />
<cycle-start id="752" type="scavenge" contextid="0" timestamp="2019-07-02T19:16:36.057" intervalms="6.741" />
  <attribute name="GC Util" value="21" />
  <attribute name="CPU Util" value="5185474304876" />
  <attribute name="Time Running"value="1421"/>
  <attribute name="Number of cores"value="4"/>
<gc-start id="753" type="scavenge" contextid="752" timestamp="2019-07-02T19:16:36.058">
  <mem-info id="754" free="2534264" total="12976128" percent="19">
    <mem type="nursery" free="0" total="5636096" percent="0">
      <mem type="allocate" free="0" total="4980736" percent="0" />
      <mem type="survivor" free="0" total="655360" percent="0" />
    </mem>
    <mem type="tenure" free="2534264" total="7340032" percent="34">
      <mem type="soa" free="2167672" total="6973440" percent="31" />
      <mem type="loa" free="366592" total="366592" percent="100" />
    </mem>
    <remembered-set count="2646" />
  </mem-info>
</gc-start>
<allocation-stats totalBytes="4862344" >
  <allocated-bytes non-tlh="40" tlh="4862304" />
  <largest-consumer threadName="Thread-9" threadId="000000000155A100" bytes="1228648" />
</allocation-stats>
<gc-op id="755" type="scavenge" timems="0.302" contextid="752" timestamp="2019-07-02T19:16:36.058">
  <scavenger-info tenureage="3" tenuremask="ffe8" tiltratio="88" />
  <memory-copied type="nursery" objects="1970" bytes="48264" bytesdiscarded="161400" />
  <memory-copied type="tenure" objects="769" bytes="18456" bytesdiscarded="0" />
</gc-op>
<gc-end id="756" type="scavenge" contextid="752" durationms="0.446" usertimems="0.000" systemtimems="0.000" timestamp="2019-07-02T19:16:36.058" activeThreads="4">
  <mem-info id="757" free="7370872" total="12976128" percent="56">
    <mem type="nursery" free="4836608" total="5636096" percent="85">
      <mem type="allocate" free="4836608" total="5046272" percent="95" />
      <mem type="survivor" free="0" total="589824" percent="0" />
    </mem>
    <mem type="tenure" free="2534264" total="7340032" percent="34">
      <mem type="soa" free="2167672" total="6973440" percent="31" />
      <mem type="loa" free="366592" total="366592" percent="100" />
    </mem>
    <remembered-set count="1877" />
  </mem-info>
</gc-end>
<cycle-end id="758" type="scavenge" contextid="752" timestamp="2019-07-02T19:16:36.058">
  <attribute name="GC Util" value="50" />
  <attribute name="CPU Util" value="2734167423445" />
  <attribute name="Time Running"value="1428"/>
  <attribute name="Number of cores"value="4"/>
</cycle-end>
<allocation-satisfied id="759" threadId="0000000001561900" bytesRequested="40" />
<af-end id="760" timestamp="2019-07-02T19:16:36.058" threadId="0000000001562288" success="true" from="nursery"/>
<exclusive-end id="761" timestamp="2019-07-02T19:16:36.058" durationms="0.870" />

<exclusive-start id="762" timestamp="2019-07-02T19:16:36.062" intervalms="5.170">
  <response-info timems="0.029" idlems="0.029" threads="0" lastid="000000000155DD00" lastname="Thread-7" />
</exclusive-start>
<af-start id="763" threadId="000000000155E688" totalBytesRequested="40" timestamp="2019-07-02T19:16:36.063" intervalms="5.155" type="nursery" />
<cycle-start id="764" type="scavenge" contextid="0" timestamp="2019-07-02T19:16:36.063" intervalms="5.174" />
  <attribute name="GC Util" value="50" />
  <attribute name="CPU Util" value="2734167423445" />
  <attribute name="Time Running"value="1428"/>
  <attribute name="Number of cores"value="4"/>
<gc-start id="765" type="scavenge" contextid="764" timestamp="2019-07-02T19:16:36.063">
  <mem-info id="766" free="2534264" total="12976128" percent="19">
    <mem type="nursery" free="0" total="5636096" percent="0">
      <mem type="allocate" free="0" total="5046272" percent="0" />
      <mem type="survivor" free="0" total="589824" percent="0" />
    </mem>
    <mem type="tenure" free="2534264" total="7340032" percent="34">
      <mem type="soa" free="2167672" total="6973440" percent="31" />
      <mem type="loa" free="366592" total="366592" percent="100" />
    </mem>
    <remembered-set count="2837" />
  </mem-info>
</gc-start>
<allocation-stats totalBytes="4835760" >
  <allocated-bytes non-tlh="40" tlh="4835720" />
  <largest-consumer threadName="Thread-7" threadId="000000000155DD00" bytes="1658512" />
</allocation-stats>
<gc-op id="767" type="scavenge" timems="0.471" contextid="764" timestamp="2019-07-02T19:16:36.063">
  <scavenger-info tenureage="3" tenuremask="ffe8" tiltratio="89" />
  <memory-copied type="nursery" objects="2427" bytes="59288" bytesdiscarded="19048" />
  <memory-copied type="tenure" objects="510" bytes="12240" bytesdiscarded="0" />
</gc-op>
<gc-end id="768" type="scavenge" contextid="764" durationms="0.854" usertimems="4.000" systemtimems="0.000" timestamp="2019-07-02T19:16:36.064" activeThreads="4">
  <mem-info id="769" free="7502200" total="12976128" percent="57">
    <mem type="nursery" free="4967936" total="5636096" percent="88">
      <mem type="allocate" free="4967936" total="5046272" percent="98" />
      <mem type="survivor" free="0" total="589824" percent="0" />
    </mem>
    <mem type="tenure" free="2534264" total="7340032" percent="34">
      <mem type="soa" free="2167672" total="6973440" percent="31" />
      <mem type="loa" free="366592" total="366592" percent="100" />
    </mem>
    <remembered-set count="2327" />
  </mem-info>
</gc-end>
<cycle-end id="770" type="scavenge" contextid="764" timestamp="2019-07-02T19:16:36.064">
  <attribute name="GC Util" value="13" />
  <attribute name="CPU Util" value="3460641910622" />
  <attribute name="Time Running"value="1433"/>
  <attribute name="Number of cores"value="4"/>
</cycle-end>
<allocation-satisfied id="771" threadId="000000000155DD00" bytesRequested="40" />
<af-end id="772" timestamp="2019-07-02T19:16:36.064" threadId="000000000155E688" success="true" from="nursery"/>
<exclusive-end id="773" timestamp="2019-07-02T19:16:36.064" durationms="1.529" />

<exclusive-start id="774" timestamp="2019-07-02T19:16:36.068" intervalms="5.521">
  <response-info timems="0.163" idlems="0.163" threads="0" lastid="000000000155DD00" lastname="Thread-7" />
</exclusive-start>
<af-start id="775" threadId="000000000155E688" totalBytesRequested="40" timestamp="2019-07-02T19:16:36.068" intervalms="5.535" type="nursery" />
<cycle-start id="776" type="scavenge" contextid="0" timestamp="2019-07-02T19:16:36.068" intervalms="5.531" />
  <attribute name="GC Util" value="13" />
  <attribute name="CPU Util" value="3460641910622" />
  <attribute name="Time Running"value="1433"/>
  <attribute name="Number of cores"value="4"/>
<gc-start id="777" type="scavenge" contextid="776" timestamp="2019-07-02T19:16:36.068">
  <mem-info id="778" free="2534264" total="12976128" percent="19">
    <mem type="nursery" free="0" total="5636096" percent="0">
      <mem type="allocate" free="0" total="5046272" percent="0" />
      <mem type="survivor" free="0" total="589824" percent="0" />
    </mem>
    <mem type="tenure" free="2534264" total="7340032" percent="34">
      <mem type="soa" free="2167672" total="6973440" percent="31" />
      <mem type="loa" free="366592" total="366592" percent="100" />
    </mem>
    <remembered-set count="3200" />
  </mem-info>
</gc-start>
<allocation-stats totalBytes="4967096" >
  <allocated-bytes non-tlh="40" tlh="4967056" />
  <largest-consumer threadName="Thread-8" threadId="0000000001565500" bytes="1412952" />
</allocation-stats>
<gc-op id="779" type="scavenge" timems="0.502" contextid="776" timestamp="2019-07-02T19:16:36.069">
  <scavenger-info tenureage="3" tenuremask="ffe8" tiltratio="89" />
  <memory-copied type="nursery" objects="2874" bytes="69888" bytesdiscarded="8448" />
  <memory-copied type="tenure" objects="517" bytes="12408" bytesdiscarded="0" />
</gc-op>
<gc-end id="780" type="scavenge" contextid="776" durationms="0.912" usertimems="0.000" systemtimems="0.000" timestamp="2019-07-02T19:16:36.069" activeThreads="4">
  <mem-info id="781" free="7502200" total="12976128" percent="57">
    <mem type="nursery" free="4967936" total="5636096" percent="88">
      <mem type="allocate" free="4967936" total="5046272" percent="98" />
      <mem type="survivor" free="0" total="589824" percent="0" />
    </mem>
    <mem type="tenure" free="2534264" total="7340032" percent="34">
      <mem type="soa" free="2167672" total="6973440" percent="31" />
      <mem type="loa" free="366592" total="366592" percent="100" />
    </mem>
    <remembered-set count="2683" />
  </mem-info>
</gc-end>
<cycle-end id="782" type="scavenge" contextid="776" timestamp="2019-07-02T19:16:36.069">
  <attribute name="GC Util" value="18" />
  <attribute name="CPU Util" value="3299116157605" />
  <attribute name="Time Running"value="1439"/>
  <attribute name="Number of cores"value="4"/>
</cycle-end>
<allocation-satisfied id="783" threadId="000000000155DD00" bytesRequested="40" />
<af-end id="784" timestamp="2019-07-02T19:16:36.069" threadId="000000000155E688" success="true" from="nursery"/>
<exclusive-end id="785" timestamp="2019-07-02T19:16:36.070" durationms="1.494" />

<exclusive-start id="786" timestamp="2019-07-02T19:16:36.075" intervalms="6.631">
  <response-info timems="0.027" idlems="0.026" threads="1" lastid="0000000001565500" lastname="Thread-8" />
</exclusive-start>
<af-start id="787" threadId="0000000001562288" totalBytesRequested="40" timestamp="2019-07-02T19:16:36.075" intervalms="6.638" type="nursery" />
<cycle-start id="788" type="scavenge" contextid="0" timestamp="2019-07-02T19:16:36.075" intervalms="6.633" />
  <attribute name="GC Util" value="18" />
  <attribute name="CPU Util" value="3299116157605" />
  <attribute name="Time Running"value="1439"/>
  <attribute name="Number of cores"value="4"/>
<gc-start id="789" type="scavenge" contextid="788" timestamp="2019-07-02T19:16:36.075">
  <mem-info id="790" free="2534264" total="12976128" percent="19">
    <mem type="nursery" free="0" total="5636096" percent="0">
      <mem type="allocate" free="0" total="5046272" percent="0" />
      <mem type="survivor" free="0" total="589824" percent="0" />
    </mem>
    <mem type="tenure" free="2534264" total="7340032" percent="34">
      <mem type="soa" free="2167672" total="6973440" percent="31" />
      <mem type="loa" free="366592" total="366592" percent="100" />
    </mem>
    <remembered-set count="3323" />
  </mem-info>
</gc-start>
<allocation-stats totalBytes="4967168" >
  <allocated-bytes non-tlh="40" tlh="4967128" />
  <largest-consumer threadName="Thread-8" threadId="0000000001565500" bytes="1933064" />
</allocation-stats>
<gc-op id="791" type="scavenge" timems="0.512" contextid="788" timestamp="2019-07-02T19:16:36.076">
  <scavenger-info tenureage="5" tenuremask="ffe0" tiltratio="89" />
  <memory-copied type="nursery" objects="9396" bytes="363920" bytesdiscarded="116848" />
</gc-op>
<gc-end id="792" type="scavenge" contextid="788" durationms="0.781" usertimems="0.000" systemtimems="0.000" timestamp="2019-07-02T19:16:36.076" activeThreads="4">
  <mem-info id="793" free="7099768" total="12976128" percent="54">
    <mem type="nursery" free="4565504" total="5636096" percent="81">
      <mem type="allocate" free="4565504" total="5046272" percent="90" />
      <mem type="survivor" free="0" total="589824" percent="0" />
    </mem>
    <mem type="tenure" free="2534264" total="7340032" percent="34">
      <mem type="soa" free="2167672" total="6973440" percent="31" />
      <mem type="loa" free="366592" total="366592" percent="100" />
    </mem>
    <remembered-set count="3323" />
  </mem-info>
</gc-end>
<cycle-end id="794" type="scavenge" contextid="788" timestamp="2019-07-02T19:16:36.076">
  <attribute name="GC Util" value="16" />
  <attribute name="CPU Util" value="2835153387484" />
  <attribute name="Time Running"value="1445"/>
  <attribute name="Number of cores"value="4"/>
</cycle-end>
<allocation-satisfied id="795" threadId="0000000001561900" bytesRequested="40" />
<af-end id="796" timestamp="2019-07-02T19:16:36.076" threadId="0000000001562288" success="true" from="nursery"/>
<exclusive-end id="797" timestamp="2019-07-02T19:16:36.076" durationms="1.312" />

<exclusive-start id="798" timestamp="2019-07-02T19:16:36.079" intervalms="4.343">
  <response-info timems="0.021" idlems="0.020" threads="1" lastid="0000000001561900" lastname="Thread-10" />
</exclusive-start>
<af-start id="799" threadId="000000000155E688" totalBytesRequested="40" timestamp="2019-07-02T19:16:36.079" intervalms="4.312" type="nursery" />
<cycle-start id="800" type="scavenge" contextid="0" timestamp="2019-07-02T19:16:36.079" intervalms="4.321" />
  <attribute name="GC Util" value="16" />
  <attribute name="CPU Util" value="2835153387484" />
  <attribute name="Time Running"value="1445"/>
  <attribute name="Number of cores"value="4"/>
<gc-start id="801" type="scavenge" contextid="800" timestamp="2019-07-02T19:16:36.079">
  <mem-info id="802" free="2534264" total="12976128" percent="19">
    <mem type="nursery" free="0" total="5636096" percent="0">
      <mem type="allocate" free="0" total="5046272" percent="0" />
      <mem type="survivor" free="0" total="589824" percent="0" />
    </mem>
    <mem type="tenure" free="2534264" total="7340032" percent="34">
      <mem type="soa" free="2167672" total="6973440" percent="31" />
      <mem type="loa" free="366592" total="366592" percent="100" />
    </mem>
    <remembered-set count="3698" />
  </mem-info>
</gc-start>
<allocation-stats totalBytes="4564720" >
  <allocated-bytes non-tlh="40" tlh="4564680" />
  <largest-consumer threadName="Thread-7" threadId="000000000155DD00" bytes="1171256" />
</allocation-stats>
<gc-op id="803" type="scavenge" timems="0.960" contextid="800" timestamp="2019-07-02T19:16:36.080">
  <scavenger-info tenureage="3" tenuremask="fff8" tiltratio="89" />
  <memory-copied type="nursery" objects="8421" bytes="340520" bytesdiscarded="58696" />
  <memory-copied type="tenure" objects="1720" bytes="41280" bytesdiscarded="0" />
</gc-op>
<heap-resize id="804" type="expand" space="nursery" amount="786432" count="1" timems="0.025" reason="excessive time being spent scavenging" timestamp="2019-07-02T19:16:36.080" />
<gc-end id="805" type="scavenge" contextid="800" durationms="1.259" usertimems="4.000" systemtimems="0.000" timestamp="2019-07-02T19:16:36.080" activeThreads="4">
  <mem-info id="806" free="7825856" total="13762560" percent="56">
    <mem type="nursery" free="5302416" total="6422528" percent="82">
      <mem type="allocate" free="5302416" total="5701632" percent="92" />
      <mem type="survivor" free="0" total="720896" percent="0" />
    </mem>
    <mem type="tenure" free="2523440" total="7340032" percent="34">
      <mem type="soa" free="2156848" total="6973440" percent="30" />
      <mem type="loa" free="366592" total="366592" percent="100" />
    </mem>
    <remembered-set count="1977" />
  </mem-info>
</gc-end>
<cycle-end id="807" type="scavenge" contextid="800" timestamp="2019-07-02T19:16:36.081">
  <attribute name="GC Util" value="30" />
  <attribute name="CPU Util" value="4356409152652" />
  <attribute name="Time Running"value="1450"/>
  <attribute name="Number of cores"value="4"/>
</cycle-end>
<allocation-satisfied id="808" threadId="000000000155DD00" bytesRequested="40" />
<af-end id="809" timestamp="2019-07-02T19:16:36.081" threadId="000000000155E688" success="true" from="nursery"/>
<exclusive-end id="810" timestamp="2019-07-02T19:16:36.081" durationms="1.857" />

<exclusive-start id="811" timestamp="2019-07-02T19:16:36.086" intervalms="6.589">
  <response-info timems="0.026" idlems="0.026" threads="0" lastid="0000000001561900" lastname="Thread-10" />
</exclusive-start>
<af-start id="812" threadId="0000000001562288" totalBytesRequested="40" timestamp="2019-07-02T19:16:36.086" intervalms="6.582" type="nursery" />
<cycle-start id="813" type="scavenge" contextid="0" timestamp="2019-07-02T19:16:36.086" intervalms="6.533" />
  <attribute name="GC Util" value="30" />
  <attribute name="CPU Util" value="4356409152652" />
  <attribute name="Time Running"value="1450"/>
  <attribute name="Number of cores"value="4"/>
<gc-start id="814" type="scavenge" contextid="813" timestamp="2019-07-02T19:16:36.086">
  <mem-info id="815" free="2523440" total="13762560" percent="18">
    <mem type="nursery" free="0" total="6422528" percent="0">
      <mem type="allocate" free="0" total="5701632" percent="0" />
      <mem type="survivor" free="0" total="720896" percent="0" />
    </mem>
    <mem type="tenure" free="2523440" total="7340032" percent="34">
      <mem type="soa" free="2156848" total="6973440" percent="30" />
      <mem type="loa" free="366592" total="366592" percent="100" />
    </mem>
    <remembered-set count="2549" />
  </mem-info>
</gc-start>
<allocation-stats totalBytes="5301576" >
  <allocated-bytes non-tlh="40" tlh="5301536" />
  <largest-consumer threadName="Thread-10" threadId="0000000001561900" bytes="1845048" />
</allocation-stats>
<gc-op id="816" type="scavenge" timems="0.365" contextid="813" timestamp="2019-07-02T19:16:36.086">
  <scavenger-info tenureage="6" tenuremask="ffc0" tiltratio="88" />
  <memory-copied type="nursery" objects="9223" bytes="359512" bytesdiscarded="107432" />
</gc-op>
<gc-end id="817" type="scavenge" contextid="813" durationms="0.554" usertimems="0.000" systemtimems="0.000" timestamp="2019-07-02T19:16:36.086" activeThreads="4">
  <mem-info id="818" free="7823664" total="13762560" percent="56">
    <mem type="nursery" free="5300224" total="6422528" percent="82">
      <mem type="allocate" free="5300224" total="5767168" percent="91" />
      <mem type="survivor" free="0" total="655360" percent="0" />
    </mem>
    <mem type="tenure" free="2523440" total="7340032" percent="34">
      <mem type="soa" free="2156848" total="6973440" percent="30" />
      <mem type="loa" free="366592" total="366592" percent="100" />
    </mem>
    <remembered-set count="2549" />
  </mem-info>
</gc-end>
<cycle-end id="819" type="scavenge" contextid="813" timestamp="2019-07-02T19:16:36.086">
  <attribute name="GC Util" value="31" />
  <attribute name="CPU Util" value="2838827123004" />
  <attribute name="Time Running"value="1456"/>
  <attribute name="Number of cores"value="4"/>
</cycle-end>
<allocation-satisfied id="820" threadId="0000000001561900" bytesRequested="40" />
<af-end id="821" timestamp="2019-07-02T19:16:36.087" threadId="0000000001562288" success="true" from="nursery"/>
<exclusive-end id="822" timestamp="2019-07-02T19:16:36.087" durationms="0.964" />

<exclusive-start id="823" timestamp="2019-07-02T19:16:36.092" intervalms="6.115">
  <response-info timems="0.030" idlems="0.030" threads="0" lastid="000000000155DD00" lastname="Thread-7" />
</exclusive-start>
<af-start id="824" threadId="000000000155E688" totalBytesRequested="40" timestamp="2019-07-02T19:16:36.092" intervalms="6.169" type="nursery" />
<cycle-start id="825" type="scavenge" contextid="0" timestamp="2019-07-02T19:16:36.092" intervalms="6.216" />
  <attribute name="GC Util" value="31" />
  <attribute name="CPU Util" value="2838827123004" />
  <attribute name="Time Running"value="1456"/>
  <attribute name="Number of cores"value="4"/>
<gc-start id="826" type="scavenge" contextid="825" timestamp="2019-07-02T19:16:36.092">
  <mem-info id="827" free="2523440" total="13762560" percent="18">
    <mem type="nursery" free="0" total="6422528" percent="0">
      <mem type="allocate" free="0" total="5767168" percent="0" />
      <mem type="survivor" free="0" total="655360" percent="0" />
    </mem>
    <mem type="tenure" free="2523440" total="7340032" percent="34">
      <mem type="soa" free="2156848" total="6973440" percent="30" />
      <mem type="loa" free="366592" total="366592" percent="100" />
    </mem>
    <remembered-set count="2937" />
  </mem-info>
</gc-start>
<allocation-stats totalBytes="5299288" >
  <allocated-bytes non-tlh="40" tlh="5299248" />
  <largest-consumer threadName="Thread-10" threadId="0000000001561900" bytes="2064096" />
</allocation-stats>
<gc-op id="828" type="scavenge" timems="1.267" contextid="825" timestamp="2019-07-02T19:16:36.093">
  <scavenger-info tenureage="3" tenuremask="fff8" tiltratio="89" />
  <memory-copied type="nursery" objects="3592" bytes="87072" bytesdiscarded="131040" />
  <memory-copied type="tenure" objects="7489" bytes="317112" bytesdiscarded="72" />
</gc-op>
<heap-resize id="829" type="expand" space="nursery" amount="524288" count="1" timems="0.022" reason="excessive time being spent scavenging" timestamp="2019-07-02T19:16:36.093" />
<gc-end id="830" type="scavenge" contextid="825" durationms="1.634" usertimems="4.000" systemtimems="0.000" timestamp="2019-07-02T19:16:36.094" activeThreads="4">
  <mem-info id="831" free="8262192" total="14286848" percent="57">
    <mem type="nursery" free="6007808" total="6946816" percent="86">
      <mem type="allocate" free="6007808" total="6225920" percent="96" />
      <mem type="survivor" free="0" total="720896" percent="0" />
    </mem>
    <mem type="tenure" free="2254384" total="7340032" percent="30">
      <mem type="soa" free="1887792" total="6973440" percent="27" />
      <mem type="loa" free="366592" total="366592" percent="100" />
    </mem>
    <remembered-set count="2486" />
  </mem-info>
</gc-end>
<cycle-end id="832" type="scavenge" contextid="825" timestamp="2019-07-02T19:16:36.094">
  <attribute name="GC Util" value="16" />
  <attribute name="CPU Util" value="2948044696317" />
  <attribute name="Time Running"value="1462"/>
  <attribute name="Number of cores"value="4"/>
</cycle-end>
<allocation-satisfied id="833" threadId="000000000155DD00" bytesRequested="40" />
<af-end id="834" timestamp="2019-07-02T19:16:36.094" threadId="000000000155E688" success="true" from="nursery"/>
<exclusive-end id="835" timestamp="2019-07-02T19:16:36.094" durationms="2.245" />

<exclusive-start id="836" timestamp="2019-07-02T19:16:36.098" intervalms="6.300">
  <response-info timems="0.023" idlems="0.023" threads="0" lastid="0000000001561900" lastname="Thread-10" />
</exclusive-start>
<af-start id="837" threadId="0000000001562288" totalBytesRequested="24" timestamp="2019-07-02T19:16:36.098" intervalms="6.242" type="nursery" />
<cycle-start id="838" type="scavenge" contextid="0" timestamp="2019-07-02T19:16:36.098" intervalms="6.235" />
  <attribute name="GC Util" value="16" />
  <attribute name="CPU Util" value="2948044696317" />
  <attribute name="Time Running"value="1462"/>
  <attribute name="Number of cores"value="4"/>
<gc-start id="839" type="scavenge" contextid="838" timestamp="2019-07-02T19:16:36.098">
  <mem-info id="840" free="2254384" total="14286848" percent="15">
    <mem type="nursery" free="0" total="6946816" percent="0">
      <mem type="allocate" free="0" total="6225920" percent="0" />
      <mem type="survivor" free="0" total="720896" percent="0" />
    </mem>
    <mem type="tenure" free="2254384" total="7340032" percent="30">
      <mem type="soa" free="1887792" total="6973440" percent="27" />
      <mem type="loa" free="366592" total="366592" percent="100" />
    </mem>
    <remembered-set count="3304" />
  </mem-info>
</gc-start>
<allocation-stats totalBytes="6006968" >
  <allocated-bytes non-tlh="40" tlh="6006928" />
  <largest-consumer threadName="Thread-9" threadId="000000000155A100" bytes="1605296" />
</allocation-stats>
<gc-op id="841" type="scavenge" timems="0.444" contextid="838" timestamp="2019-07-02T19:16:36.099">
  <scavenger-info tenureage="3" tenuremask="ffc8" tiltratio="89" />
  <memory-copied type="nursery" objects="8544" bytes="343576" bytesdiscarded="106472" />
  <memory-copied type="tenure" objects="740" bytes="17760" bytesdiscarded="0" />
</gc-op>
<gc-end id="842" type="scavenge" contextid="838" durationms="0.587" usertimems="0.000" systemtimems="0.000" timestamp="2019-07-02T19:16:36.099" activeThreads="4">
  <mem-info id="843" free="8025960" total="14286848" percent="56">
    <mem type="nursery" free="5775872" total="6946816" percent="83">
      <mem type="allocate" free="5775872" total="6225920" percent="92" />
      <mem type="survivor" free="0" total="720896" percent="0" />
    </mem>
    <mem type="tenure" free="2250088" total="7340032" percent="30">
      <mem type="soa" free="1883496" total="6973440" percent="27" />
      <mem type="loa" free="366592" total="366592" percent="100" />
    </mem>
    <remembered-set count="2557" />
  </mem-info>
</gc-end>
<cycle-end id="844" type="scavenge" contextid="838" timestamp="2019-07-02T19:16:36.099">
  <attribute name="GC Util" value="38" />
  <attribute name="CPU Util" value="2963646121601" />
  <attribute name="Time Running"value="1469"/>
  <attribute name="Number of cores"value="4"/>
</cycle-end>
<allocation-satisfied id="845" threadId="0000000001561900" bytesRequested="24" />
<af-end id="846" timestamp="2019-07-02T19:16:36.099" threadId="0000000001562288" success="true" from="nursery"/>
<exclusive-end id="847" timestamp="2019-07-02T19:16:36.099" durationms="1.027" />

<exclusive-start id="848" timestamp="2019-07-02T19:16:36.103" intervalms="4.755">
  <response-info timems="0.019" idlems="0.019" threads="0" lastid="0000000001561900" lastname="Thread-10" />
</exclusive-start>
<af-start id="849" threadId="0000000001562288" totalBytesRequested="40" timestamp="2019-07-02T19:16:36.103" intervalms="4.751" type="nursery" />
<cycle-start id="850" type="scavenge" contextid="0" timestamp="2019-07-02T19:16:36.103" intervalms="4.751" />
  <attribute name="GC Util" value="38" />
  <attribute name="CPU Util" value="2963646121601" />
  <attribute name="Time Running"value="1469"/>
  <attribute name="Number of cores"value="4"/>
<gc-start id="851" type="scavenge" contextid="850" timestamp="2019-07-02T19:16:36.103">
  <mem-info id="852" free="2250088" total="14286848" percent="15">
    <mem type="nursery" free="0" total="6946816" percent="0">
      <mem type="allocate" free="0" total="6225920" percent="0" />
      <mem type="survivor" free="0" total="720896" percent="0" />
    </mem>
    <mem type="tenure" free="2250088" total="7340032" percent="30">
      <mem type="soa" free="1883496" total="6973440" percent="27" />
      <mem type="loa" free="366592" total="366592" percent="100" />
    </mem>
    <remembered-set count="3301" />
  </mem-info>
</gc-start>
<allocation-stats totalBytes="5774936" >
  <allocated-bytes non-tlh="24" tlh="5774912" />
  <largest-consumer threadName="Thread-7" threadId="000000000155DD00" bytes="1539832" />
</allocation-stats>
<gc-op id="853" type="scavenge" timems="0.451" contextid="850" timestamp="2019-07-02T19:16:36.103">
  <scavenger-info tenureage="3" tenuremask="ffe8" tiltratio="89" />
  <memory-copied type="nursery" objects="8494" bytes="342072" bytesdiscarded="200136" />
  <memory-copied type="tenure" objects="862" bytes="20688" bytesdiscarded="0" />
</gc-op>
<gc-end id="854" type="scavenge" contextid="850" durationms="0.592" usertimems="0.000" systemtimems="0.000" timestamp="2019-07-02T19:16:36.104" activeThreads="4">
  <mem-info id="855" free="7930752" total="14286848" percent="55">
    <mem type="nursery" free="5683712" total="6946816" percent="81">
      <mem type="allocate" free="5683712" total="6225920" percent="91" />
      <mem type="survivor" free="0" total="720896" percent="0" />
    </mem>
    <mem type="tenure" free="2247040" total="7340032" percent="30">
      <mem type="soa" free="1880448" total="6973440" percent="26" />
      <mem type="loa" free="366592" total="366592" percent="100" />
    </mem>
    <remembered-set count="2433" />
  </mem-info>
</gc-end>
<cycle-end id="856" type="scavenge" contextid="850" timestamp="2019-07-02T19:16:36.104">
  <attribute name="GC Util" value="29" />
  <attribute name="CPU Util" value="3920267463632" />
  <attribute name="Time Running"value="1473"/>
  <attribute name="Number of cores"value="4"/>
</cycle-end>
<allocation-satisfied id="857" threadId="0000000001561900" bytesRequested="40" />
<af-end id="858" timestamp="2019-07-02T19:16:36.104" threadId="0000000001562288" success="true" from="nursery"/>
<exclusive-end id="859" timestamp="2019-07-02T19:16:36.104" durationms="1.033" />

<exclusive-start id="860" timestamp="2019-07-02T19:16:36.107" intervalms="4.579">
  <response-info timems="0.023" idlems="0.023" threads="0" lastid="000000000155A100" lastname="Thread-9" />
</exclusive-start>
<af-start id="861" threadId="000000000155AA88" totalBytesRequested="40" timestamp="2019-07-02T19:16:36.107" intervalms="4.599" type="nursery" />
<cycle-start id="862" type="scavenge" contextid="0" timestamp="2019-07-02T19:16:36.107" intervalms="4.607" />
  <attribute name="GC Util" value="29" />
  <attribute name="CPU Util" value="3920267463632" />
  <attribute name="Time Running"value="1473"/>
  <attribute name="Number of cores"value="4"/>
<gc-start id="863" type="scavenge" contextid="862" timestamp="2019-07-02T19:16:36.108">
  <mem-info id="864" free="2247040" total="14286848" percent="15">
    <mem type="nursery" free="0" total="6946816" percent="0">
      <mem type="allocate" free="0" total="6225920" percent="0" />
      <mem type="survivor" free="0" total="720896" percent="0" />
    </mem>
    <mem type="tenure" free="2247040" total="7340032" percent="30">
      <mem type="soa" free="1880448" total="6973440" percent="26" />
      <mem type="loa" free="366592" total="366592" percent="100" />
    </mem>
    <remembered-set count="3090" />
  </mem-info>
</gc-start>
<allocation-stats totalBytes="5682824" >
  <allocated-bytes non-tlh="40" tlh="5682784" />
  <largest-consumer threadName="Thread-9" threadId="000000000155A100" bytes="1539840" />
</allocation-stats>
<gc-op id="865" type="scavenge" timems="0.433" contextid="862" timestamp="2019-07-02T19:16:36.108">
  <scavenger-info tenureage="3" tenuremask="ffe8" tiltratio="89" />
  <memory-copied type="nursery" objects="7620" bytes="321568" bytesdiscarded="67040" />
  <memory-copied type="tenure" objects="1819" bytes="43656" bytesdiscarded="0" />
</gc-op>
<gc-end id="866" type="scavenge" contextid="862" durationms="0.608" usertimems="0.000" systemtimems="0.000" timestamp="2019-07-02T19:16:36.108" activeThreads="4">
  <mem-info id="867" free="8009328" total="14286848" percent="56">
    <mem type="nursery" free="5837312" total="6946816" percent="84">
      <mem type="allocate" free="5837312" total="6225920" percent="93" />
      <mem type="survivor" free="0" total="720896" percent="0" />
    </mem>
    <mem type="tenure" free="2172016" total="7340032" percent="29">
      <mem type="soa" free="1805424" total="6973440" percent="25" />
      <mem type="loa" free="366592" total="366592" percent="100" />
    </mem>
    <remembered-set count="2288" />
  </mem-info>
</gc-end>
<cycle-end id="868" type="scavenge" contextid="862" timestamp="2019-07-02T19:16:36.108">
  <attribute name="GC Util" value="28" />
  <attribute name="CPU Util" value="3961498192509" />
  <attribute name="Time Running"value="1478"/>
  <attribute name="Number of cores"value="4"/>
</cycle-end>
<allocation-satisfied id="869" threadId="000000000155A100" bytesRequested="40" />
<af-end id="870" timestamp="2019-07-02T19:16:36.108" threadId="000000000155AA88" success="true" from="nursery"/>
<exclusive-end id="871" timestamp="2019-07-02T19:16:36.108" durationms="1.171" />

<exclusive-start id="872" timestamp="2019-07-02T19:16:36.114" intervalms="6.486">
  <response-info timems="0.024" idlems="0.024" threads="0" lastid="0000000001565500" lastname="Thread-8" />
</exclusive-start>
<af-start id="873" threadId="0000000001565E88" totalBytesRequested="40" timestamp="2019-07-02T19:16:36.114" intervalms="6.489" type="nursery" />
<cycle-start id="874" type="scavenge" contextid="0" timestamp="2019-07-02T19:16:36.114" intervalms="6.497" />
  <attribute name="GC Util" value="28" />
  <attribute name="CPU Util" value="3961498192509" />
  <attribute name="Time Running"value="1478"/>
  <attribute name="Number of cores"value="4"/>
<gc-start id="875" type="scavenge" contextid="874" timestamp="2019-07-02T19:16:36.114">
  <mem-info id="876" free="2172016" total="14286848" percent="15">
    <mem type="nursery" free="0" total="6946816" percent="0">
      <mem type="allocate" free="0" total="6225920" percent="0" />
      <mem type="survivor" free="0" total="720896" percent="0" />
    </mem>
    <mem type="tenure" free="2172016" total="7340032" percent="29">
      <mem type="soa" free="1805424" total="6973440" percent="25" />
      <mem type="loa" free="366592" total="366592" percent="100" />
    </mem>
    <remembered-set count="3267" />
  </mem-info>
</gc-start>
<allocation-stats totalBytes="5836456" >
  <allocated-bytes non-tlh="40" tlh="5836416" />
  <largest-consumer threadName="Thread-10" threadId="0000000001561900" bytes="2076840" />
</allocation-stats>
<gc-op id="877" type="scavenge" timems="1.902" contextid="874" timestamp="2019-07-02T19:16:36.116">
  <scavenger-info tenureage="3" tenuremask="ffe8" tiltratio="89" />
  <memory-copied type="nursery" objects="3518" bytes="85312" bytesdiscarded="132800" />
  <memory-copied type="tenure" objects="5642" bytes="272784" bytesdiscarded="56" />
</gc-op>
<heap-resize id="878" type="expand" space="nursery" amount="917504" count="1" timems="0.015" reason="excessive time being spent scavenging" timestamp="2019-07-02T19:16:36.116" />
<gc-end id="879" type="scavenge" contextid="874" durationms="2.366" usertimems="4.000" systemtimems="0.000" timestamp="2019-07-02T19:16:36.116" activeThreads="4">
  <mem-info id="880" free="8668840" total="15204352" percent="57">
    <mem type="nursery" free="6794240" total="7864320" percent="86">
      <mem type="allocate" free="6794240" total="7012352" percent="96" />
      <mem type="survivor" free="0" total="851968" percent="0" />
    </mem>
    <mem type="tenure" free="1874600" total="7340032" percent="25">
      <mem type="soa" free="1508008" total="6973440" percent="21" />
      <mem type="loa" free="366592" total="366592" percent="100" />
    </mem>
    <remembered-set count="3032" />
  </mem-info>
</gc-end>
<cycle-end id="881" type="scavenge" contextid="874" timestamp="2019-07-02T19:16:36.117">
  <attribute name="GC Util" value="19" />
  <attribute name="CPU Util" value="2837005645758" />
  <attribute name="Time Running"value="1485"/>
  <attribute name="Number of cores"value="4"/>
</cycle-end>
<allocation-satisfied id="882" threadId="0000000001565500" bytesRequested="40" />
<af-end id="883" timestamp="2019-07-02T19:16:36.117" threadId="0000000001565E88" success="true" from="nursery"/>
<exclusive-end id="884" timestamp="2019-07-02T19:16:36.117" durationms="3.092" />

<exclusive-start id="885" timestamp="2019-07-02T19:16:36.123" intervalms="8.948">
  <response-info timems="0.025" idlems="0.025" threads="0" lastid="000000000155DD00" lastname="Thread-7" />
</exclusive-start>
<af-start id="886" threadId="000000000155E688" totalBytesRequested="40" timestamp="2019-07-02T19:16:36.123" intervalms="9.032" type="nursery" />
<cycle-start id="887" type="scavenge" contextid="0" timestamp="2019-07-02T19:16:36.123" intervalms="9.072" />
  <attribute name="GC Util" value="19" />
  <attribute name="CPU Util" value="2837005645758" />
  <attribute name="Time Running"value="1485"/>
  <attribute name="Number of cores"value="4"/>
<gc-start id="888" type="scavenge" contextid="887" timestamp="2019-07-02T19:16:36.123">
  <mem-info id="889" free="1874600" total="15204352" percent="12">
    <mem type="nursery" free="0" total="7864320" percent="0">
      <mem type="allocate" free="0" total="7012352" percent="0" />
      <mem type="survivor" free="0" total="851968" percent="0" />
    </mem>
    <mem type="tenure" free="1874600" total="7340032" percent="25">
      <mem type="soa" free="1508008" total="6973440" percent="21" />
      <mem type="loa" free="366592" total="366592" percent="100" />
    </mem>
    <remembered-set count="4149" />
  </mem-info>
</gc-start>
<allocation-stats totalBytes="6793256" >
  <allocated-bytes non-tlh="40" tlh="6793216" />
  <largest-consumer threadName="Thread-8" threadId="0000000001565500" bytes="2387696" />
</allocation-stats>
<gc-op id="890" type="scavenge" timems="0.809" contextid="887" timestamp="2019-07-02T19:16:36.124">
  <scavenger-info tenureage="3" tenuremask="ffe8" tiltratio="89" />
  <memory-copied type="nursery" objects="9483" bytes="366136" bytesdiscarded="106184" />
  <memory-copied type="tenure" objects="898" bytes="21552" bytesdiscarded="16" />
</gc-op>
<heap-resize id="891" type="expand" space="nursery" amount="524288" count="1" timems="0.022" reason="excessive time being spent scavenging" timestamp="2019-07-02T19:16:36.124" />
<gc-end id="892" type="scavenge" contextid="887" durationms="1.335" usertimems="0.000" systemtimems="0.000" timestamp="2019-07-02T19:16:36.125" activeThreads="4">
  <mem-info id="893" free="8857416" total="15728640" percent="56">
    <mem type="nursery" free="7064320" total="8388608" percent="84">
      <mem type="allocate" free="7064320" total="7536640" percent="93" />
      <mem type="survivor" free="0" total="851968" percent="0" />
    </mem>
    <mem type="tenure" free="1793096" total="7340032" percent="24">
      <mem type="soa" free="1426504" total="6973440" percent="20" />
      <mem type="loa" free="366592" total="366592" percent="100" />
    </mem>
    <remembered-set count="3242" />
  </mem-info>
</gc-end>
<cycle-end id="894" type="scavenge" contextid="887" timestamp="2019-07-02T19:16:36.125">
  <attribute name="GC Util" value="33" />
  <attribute name="CPU Util" value="1983227861224" />
  <attribute name="Time Running"value="1494"/>
  <attribute name="Number of cores"value="4"/>
</cycle-end>
<allocation-satisfied id="895" threadId="000000000155DD00" bytesRequested="40" />
<af-end id="896" timestamp="2019-07-02T19:16:36.125" threadId="000000000155E688" success="true" from="nursery"/>
<exclusive-end id="897" timestamp="2019-07-02T19:16:36.125" durationms="2.137" />

<exclusive-start id="898" timestamp="2019-07-02T19:16:36.129" intervalms="6.676">
  <response-info timems="0.030" idlems="0.030" threads="0" lastid="000000000155DD00" lastname="Thread-7" />
</exclusive-start>
<af-start id="899" threadId="000000000155E688" totalBytesRequested="24" timestamp="2019-07-02T19:16:36.130" intervalms="6.586" type="nursery" />
<cycle-start id="900" type="scavenge" contextid="0" timestamp="2019-07-02T19:16:36.130" intervalms="6.501" />
  <attribute name="GC Util" value="33" />
  <attribute name="CPU Util" value="1983227861224" />
  <attribute name="Time Running"value="1494"/>
  <attribute name="Number of cores"value="4"/>
<gc-start id="901" type="scavenge" contextid="900" timestamp="2019-07-02T19:16:36.130">
  <mem-info id="902" free="1793096" total="15728640" percent="11">
    <mem type="nursery" free="0" total="8388608" percent="0">
      <mem type="allocate" free="0" total="7536640" percent="0" />
      <mem type="survivor" free="0" total="851968" percent="0" />
    </mem>
    <mem type="tenure" free="1793096" total="7340032" percent="24">
      <mem type="soa" free="1426504" total="6973440" percent="20" />
      <mem type="loa" free="366592" total="366592" percent="100" />
    </mem>
    <remembered-set count="3764" />
  </mem-info>
</gc-start>
<allocation-stats totalBytes="7063368" >
  <allocated-bytes non-tlh="40" tlh="7063328" />
  <largest-consumer threadName="Thread-9" threadId="000000000155A100" bytes="2068184" />
</allocation-stats>
<gc-op id="903" type="scavenge" timems="1.090" contextid="900" timestamp="2019-07-02T19:16:36.131">
  <scavenger-info tenureage="3" tenuremask="ffe8" tiltratio="89" />
  <memory-copied type="nursery" objects="15148" bytes="639680" bytesdiscarded="92080" />
  <memory-copied type="tenure" objects="833" bytes="19992" bytesdiscarded="0" />
</gc-op>
<heap-resize id="904" type="expand" space="nursery" amount="655360" count="1" timems="0.022" reason="excessive time being spent scavenging" timestamp="2019-07-02T19:16:36.131" />
<gc-end id="905" type="scavenge" contextid="900" durationms="1.409" usertimems="0.000" systemtimems="0.000" timestamp="2019-07-02T19:16:36.131" activeThreads="4">
  <mem-info id="906" free="9122264" total="16384000" percent="55">
    <mem type="nursery" free="7329168" total="9043968" percent="81">
      <mem type="allocate" free="7329168" total="8060928" percent="90" />
      <mem type="survivor" free="0" total="983040" percent="0" />
    </mem>
    <mem type="tenure" free="1793096" total="7340032" percent="24">
      <mem type="soa" free="1426504" total="6973440" percent="20" />
      <mem type="loa" free="366592" total="366592" percent="100" />
    </mem>
    <remembered-set count="2930" />
  </mem-info>
</gc-end>
<cycle-end id="907" type="scavenge" contextid="900" timestamp="2019-07-02T19:16:36.131">
  <attribute name="GC Util" value="27" />
  <attribute name="CPU Util" value="2947405029160" />
  <attribute name="Time Running"value="1500"/>
  <attribute name="Number of cores"value="4"/>
</cycle-end>
<allocation-satisfied id="908" threadId="000000000155DD00" bytesRequested="24" />
<af-end id="909" timestamp="2019-07-02T19:16:36.131" threadId="000000000155E688" success="true" from="nursery"/>
<exclusive-end id="910" timestamp="2019-07-02T19:16:36.131" durationms="2.003" />

<exclusive-start id="911" timestamp="2019-07-02T19:16:36.136" intervalms="6.302">
  <response-info timems="0.023" idlems="0.023" threads="0" lastid="0000000001565500" lastname="Thread-8" />
</exclusive-start>
<af-start id="912" threadId="0000000001565E88" totalBytesRequested="40" timestamp="2019-07-02T19:16:36.136" intervalms="6.309" type="nursery" />
<cycle-start id="913" type="scavenge" contextid="0" timestamp="2019-07-02T19:16:36.136" intervalms="6.316" />
  <attribute name="GC Util" value="27" />
  <attribute name="CPU Util" value="2947405029160" />
  <attribute name="Time Running"value="1500"/>
  <attribute name="Number of cores"value="4"/>
<gc-start id="914" type="scavenge" contextid="913" timestamp="2019-07-02T19:16:36.136">
  <mem-info id="915" free="1793096" total="16384000" percent="10">
    <mem type="nursery" free="0" total="9043968" percent="0">
      <mem type="allocate" free="0" total="8060928" percent="0" />
      <mem type="survivor" free="0" total="983040" percent="0" />
    </mem>
    <mem type="tenure" free="1793096" total="7340032" percent="24">
      <mem type="soa" free="1426504" total="6973440" percent="20" />
      <mem type="loa" free="366592" total="366592" percent="100" />
    </mem>
    <remembered-set count="3429" />
  </mem-info>
</gc-start>
<allocation-stats totalBytes="7328120" >
  <allocated-bytes non-tlh="24" tlh="7328096" />
  <largest-consumer threadName="Thread-9" threadId="000000000155A100" bytes="1933000" />
</allocation-stats>
<gc-op id="916" type="scavenge" timems="2.491" contextid="913" timestamp="2019-07-02T19:16:36.139">
  <scavenger-info tenureage="3" tenuremask="ffe8" tiltratio="89" />
  <memory-copied type="nursery" objects="14718" bytes="629520" bytesdiscarded="158304" />
  <memory-copied type="tenure" objects="1621" bytes="38904" bytesdiscarded="0" />
</gc-op>
<heap-resize id="917" type="expand" space="nursery" amount="1310720" count="1" timems="0.013" reason="excessive time being spent scavenging" timestamp="2019-07-02T19:16:36.139" />
<gc-end id="918" type="scavenge" contextid="913" durationms="2.802" usertimems="4.000" systemtimems="0.000" timestamp="2019-07-02T19:16:36.139" activeThreads="4">
  <mem-info id="919" free="10271064" total="17694720" percent="58">
    <mem type="nursery" free="8518288" total="10354688" percent="82">
      <mem type="allocate" free="8518288" total="9306112" percent="91" />
      <mem type="survivor" free="0" total="1048576" percent="0" />
    </mem>
    <mem type="tenure" free="1752776" total="7340032" percent="23">
      <mem type="soa" free="1386184" total="6973440" percent="19" />
      <mem type="loa" free="366592" total="366592" percent="100" />
    </mem>
    <remembered-set count="2217" />
  </mem-info>
</gc-end>
<cycle-end id="920" type="scavenge" contextid="913" timestamp="2019-07-02T19:16:36.139">
  <attribute name="GC Util" value="36" />
  <attribute name="CPU Util" value="2920284801623" />
  <attribute name="Time Running"value="1506"/>
  <attribute name="Number of cores"value="4"/>
</cycle-end>
<allocation-satisfied id="921" threadId="0000000001565500" bytesRequested="40" />
<af-end id="922" timestamp="2019-07-02T19:16:36.139" threadId="0000000001565E88" success="true" from="nursery"/>
<exclusive-end id="923" timestamp="2019-07-02T19:16:36.139" durationms="3.228" />

<exclusive-start id="924" timestamp="2019-07-02T19:16:36.147" intervalms="11.680">
  <response-info timems="0.059" idlems="0.059" threads="0" lastid="000000000155DD00" lastname="Thread-7" />
</exclusive-start>
<af-start id="925" threadId="000000000155E688" totalBytesRequested="40" timestamp="2019-07-02T19:16:36.147" intervalms="11.681" type="nursery" />
<cycle-start id="926" type="scavenge" contextid="0" timestamp="2019-07-02T19:16:36.148" intervalms="11.728" />
  <attribute name="GC Util" value="36" />
  <attribute name="CPU Util" value="2920284801623" />
  <attribute name="Time Running"value="1506"/>
  <attribute name="Number of cores"value="4"/>
<gc-start id="927" type="scavenge" contextid="926" timestamp="2019-07-02T19:16:36.148">
  <mem-info id="928" free="1752776" total="17694720" percent="9">
    <mem type="nursery" free="0" total="10354688" percent="0">
      <mem type="allocate" free="0" total="9306112" percent="0" />
      <mem type="survivor" free="0" total="1048576" percent="0" />
    </mem>
    <mem type="tenure" free="1752776" total="7340032" percent="23">
      <mem type="soa" free="1386184" total="6973440" percent="19" />
      <mem type="loa" free="366592" total="366592" percent="100" />
    </mem>
    <remembered-set count="2583" />
  </mem-info>
</gc-start>
<allocation-stats totalBytes="8516952" >
  <allocated-bytes non-tlh="40" tlh="8516912" />
  <largest-consumer threadName="Thread-7" threadId="000000000155DD00" bytes="3820960" />
</allocation-stats>
<gc-op id="929" type="scavenge" timems="1.800" contextid="926" timestamp="2019-07-02T19:16:36.150">
  <scavenger-info tenureage="3" tenuremask="ffe8" tiltratio="89" />
  <memory-copied type="nursery" objects="9132" bytes="357952" bytesdiscarded="170432" />
  <memory-copied type="tenure" objects="6796" bytes="300480" bytesdiscarded="304" />
</gc-op>
<heap-resize id="930" type="expand" space="nursery" amount="917504" count="1" timems="0.021" reason="excessive time being spent scavenging" timestamp="2019-07-02T19:16:36.150" />
<gc-end id="931" type="scavenge" contextid="926" durationms="2.256" usertimems="4.000" systemtimems="0.000" timestamp="2019-07-02T19:16:36.150" activeThreads="4">
  <mem-info id="932" free="10957624" total="18612224" percent="58">
    <mem type="nursery" free="9564160" total="11272192" percent="84">
      <mem type="allocate" free="9564160" total="10092544" percent="94" />
      <mem type="survivor" free="0" total="1179648" percent="0" />
    </mem>
    <mem type="tenure" free="1393464" total="7340032" percent="18">
      <mem type="soa" free="1026872" total="6973440" percent="14" />
      <mem type="loa" free="366592" total="366592" percent="100" />
    </mem>
    <remembered-set count="2352" />
  </mem-info>
</gc-end>
<cycle-end id="933" type="scavenge" contextid="926" timestamp="2019-07-02T19:16:36.150">
  <attribute name="GC Util" value="37" />
  <attribute name="CPU Util" value="1546411910313" />
  <attribute name="Time Running"value="1518"/>
  <attribute name="Number of cores"value="4"/>
</cycle-end>
<allocation-satisfied id="934" threadId="000000000155DD00" bytesRequested="40" />
<af-end id="935" timestamp="2019-07-02T19:16:36.150" threadId="000000000155E688" success="true" from="nursery"/>
<exclusive-end id="936" timestamp="2019-07-02T19:16:36.150" durationms="2.788" />

<exclusive-start id="937" timestamp="2019-07-02T19:16:36.157" intervalms="9.448">
  <response-info timems="0.046" idlems="0.046" threads="0" lastid="000000000155DD00" lastname="Thread-7" />
</exclusive-start>
<af-start id="938" threadId="000000000155E688" totalBytesRequested="40" timestamp="2019-07-02T19:16:36.157" intervalms="9.474" type="nursery" />
<cycle-start id="939" type="scavenge" contextid="0" timestamp="2019-07-02T19:16:36.157" intervalms="9.453" />
  <attribute name="GC Util" value="37" />
  <attribute name="CPU Util" value="1546411910313" />
  <attribute name="Time Running"value="1518"/>
  <attribute name="Number of cores"value="4"/>
<gc-start id="940" type="scavenge" contextid="939" timestamp="2019-07-02T19:16:36.157">
  <mem-info id="941" free="1393464" total="18612224" percent="7">
    <mem type="nursery" free="0" total="11272192" percent="0">
      <mem type="allocate" free="0" total="10092544" percent="0" />
      <mem type="survivor" free="0" total="1179648" percent="0" />
    </mem>
    <mem type="tenure" free="1393464" total="7340032" percent="18">
      <mem type="soa" free="1026872" total="6973440" percent="14" />
      <mem type="loa" free="366592" total="366592" percent="100" />
    </mem>
    <remembered-set count="3269" />
  </mem-info>
</gc-start>
<allocation-stats totalBytes="9562840" >
  <allocated-bytes non-tlh="40" tlh="9562800" />
  <largest-consumer threadName="Thread-7" threadId="000000000155DD00" bytes="2866872" />
</allocation-stats>
<gc-op id="942" type="scavenge" timems="1.338" contextid="939" timestamp="2019-07-02T19:16:36.159">
  <scavenger-info tenureage="3" tenuremask="ffe8" tiltratio="89" />
  <memory-copied type="nursery" objects="4186" bytes="101760" bytesdiscarded="239232" />
  <memory-copied type="tenure" objects="6455" bytes="292296" bytesdiscarded="64" />
</gc-op>
<heap-resize id="943" type="expand" space="nursery" amount="655360" count="1" timems="0.018" reason="excessive time being spent scavenging" timestamp="2019-07-02T19:16:36.159" />
<gc-end id="944" type="scavenge" contextid="939" durationms="1.807" usertimems="4.000" systemtimems="0.000" timestamp="2019-07-02T19:16:36.159" activeThreads="4">
  <mem-info id="945" free="11463736" total="19267584" percent="59">
    <mem type="nursery" free="10341376" total="11927552" percent="86">
      <mem type="allocate" free="10341376" total="10682368" percent="96" />
      <mem type="survivor" free="0" total="1245184" percent="0" />
    </mem>
    <mem type="tenure" free="1122360" total="7340032" percent="15">
      <mem type="soa" free="755768" total="6973440" percent="10" />
      <mem type="loa" free="366592" total="366592" percent="100" />
    </mem>
    <remembered-set count="4027" />
  </mem-info>
</gc-end>
<cycle-end id="946" type="scavenge" contextid="939" timestamp="2019-07-02T19:16:36.159">
  <attribute name="GC Util" value="49" />
  <attribute name="CPU Util" value="1962251954769" />
  <attribute name="Time Running"value="1528"/>
  <attribute name="Number of cores"value="4"/>
</cycle-end>
<allocation-satisfied id="947" threadId="000000000155DD00" bytesRequested="40" />
<af-end id="948" timestamp="2019-07-02T19:16:36.159" threadId="000000000155E688" success="true" from="nursery"/>
<exclusive-end id="949" timestamp="2019-07-02T19:16:36.159" durationms="2.423" />

<exclusive-start id="950" timestamp="2019-07-02T19:16:36.167" intervalms="10.394">
  <response-info timems="0.024" idlems="0.024" threads="0" lastid="0000000001561900" lastname="Thread-10" />
</exclusive-start>
<af-start id="951" threadId="0000000001562288" totalBytesRequested="40" timestamp="2019-07-02T19:16:36.167" intervalms="10.402" type="nursery" />
<cycle-start id="952" type="scavenge" contextid="0" timestamp="2019-07-02T19:16:36.167" intervalms="10.400" />
  <attribute name="GC Util" value="49" />
  <attribute name="CPU Util" value="1962251954769" />
  <attribute name="Time Running"value="1528"/>
  <attribute name="Number of cores"value="4"/>
<gc-start id="953" type="scavenge" contextid="952" timestamp="2019-07-02T19:16:36.168">
  <mem-info id="954" free="1122360" total="19267584" percent="5">
    <mem type="nursery" free="0" total="11927552" percent="0">
      <mem type="allocate" free="0" total="10682368" percent="0" />
      <mem type="survivor" free="0" total="1245184" percent="0" />
    </mem>
    <mem type="tenure" free="1122360" total="7340032" percent="15">
      <mem type="soa" free="755768" total="6973440" percent="10" />
      <mem type="loa" free="366592" total="366592" percent="100" />
    </mem>
    <remembered-set count="5545" />
  </mem-info>
</gc-start>
<allocation-stats totalBytes="10339872" >
  <allocated-bytes non-tlh="40" tlh="10339832" />
  <largest-consumer threadName="Thread-9" threadId="000000000155A100" bytes="3688984" />
</allocation-stats>
<gc-op id="955" type="scavenge" timems="1.287" contextid="952" timestamp="2019-07-02T19:16:36.169">
  <scavenger-info tenureage="3" tenuremask="ffe8" tiltratio="89" />
  <memory-copied type="nursery" objects="4541" bytes="110264" bytesdiscarded="46408" />
  <memory-copied type="tenure" objects="1157" bytes="27768" bytesdiscarded="0" />
</gc-op>
<heap-resize id="956" type="expand" space="nursery" amount="524288" count="1" timems="0.014" reason="excessive time being spent scavenging" timestamp="2019-07-02T19:16:36.169" />
<gc-end id="957" type="scavenge" contextid="952" durationms="1.649" usertimems="4.000" systemtimems="0.000" timestamp="2019-07-02T19:16:36.169" activeThreads="4">
  <mem-info id="958" free="12106808" total="19791872" percent="61">
    <mem type="nursery" free="10984448" total="12451840" percent="88">
      <mem type="allocate" free="10984448" total="11141120" percent="98" />
      <mem type="survivor" free="0" total="1310720" percent="0" />
    </mem>
    <mem type="tenure" free="1122360" total="7340032" percent="15">
      <mem type="soa" free="755768" total="6973440" percent="10" />
      <mem type="loa" free="366592" total="366592" percent="100" />
    </mem>
    <remembered-set count="4388" />
  </mem-info>
</gc-end>
<cycle-end id="959" type="scavenge" contextid="952" timestamp="2019-07-02T19:16:36.169">
  <attribute name="GC Util" value="31" />
  <attribute name="CPU Util" value="1779566818835" />
  <attribute name="Time Running"value="1538"/>
  <attribute name="Number of cores"value="4"/>
</cycle-end>
<allocation-satisfied id="960" threadId="0000000001561900" bytesRequested="40" />
<af-end id="961" timestamp="2019-07-02T19:16:36.169" threadId="0000000001562288" success="true" from="nursery"/>
<exclusive-end id="962" timestamp="2019-07-02T19:16:36.169" durationms="2.170" />

<exclusive-start id="963" timestamp="2019-07-02T19:16:36.176" intervalms="8.466">
  <response-info timems="0.022" idlems="0.021" threads="1" lastid="0000000001561900" lastname="Thread-10" />
</exclusive-start>
<af-start id="964" threadId="000000000155AA88" totalBytesRequested="24" timestamp="2019-07-02T19:16:36.176" intervalms="8.431" type="nursery" />
<cycle-start id="965" type="scavenge" contextid="0" timestamp="2019-07-02T19:16:36.176" intervalms="8.441" />
  <attribute name="GC Util" value="31" />
  <attribute name="CPU Util" value="1779566818835" />
  <attribute name="Time Running"value="1538"/>
  <attribute name="Number of cores"value="4"/>
<gc-start id="966" type="scavenge" contextid="965" timestamp="2019-07-02T19:16:36.176">
  <mem-info id="967" free="1122360" total="19791872" percent="5">
    <mem type="nursery" free="0" total="12451840" percent="0">
      <mem type="allocate" free="0" total="11141120" percent="0" />
      <mem type="survivor" free="0" total="1310720" percent="0" />
    </mem>
    <mem type="tenure" free="1122360" total="7340032" percent="15">
      <mem type="soa" free="755768" total="6973440" percent="10" />
      <mem type="loa" free="366592" total="366592" percent="100" />
    </mem>
    <remembered-set count="5935" />
  </mem-info>
</gc-start>
<allocation-stats totalBytes="10983176" >
  <allocated-bytes non-tlh="40" tlh="10983136" />
  <largest-consumer threadName="Thread-7" threadId="000000000155DD00" bytes="2850400" />
</allocation-stats>
<gc-op id="968" type="scavenge" timems="0.960" contextid="965" timestamp="2019-07-02T19:16:36.177">
  <scavenger-info tenureage="3" tenuremask="ffe8" tiltratio="89" />
  <memory-copied type="nursery" objects="4848" bytes="117512" bytesdiscarded="209656" />
  <memory-copied type="tenure" objects="1232" bytes="29568" bytesdiscarded="0" />
</gc-op>
<heap-resize id="969" type="expand" space="nursery" amount="786432" count="1" timems="0.012" reason="excessive time being spent scavenging" timestamp="2019-07-02T19:16:36.178" />
<gc-end id="970" type="scavenge" contextid="965" durationms="1.639" usertimems="4.000" systemtimems="0.000" timestamp="2019-07-02T19:16:36.178" activeThreads="4">
  <mem-info id="971" free="12657208" total="20578304" percent="61">
    <mem type="nursery" free="11534848" total="13238272" percent="87">
      <mem type="allocate" free="11534848" total="11862016" percent="97" />
      <mem type="survivor" free="0" total="1376256" percent="0" />
    </mem>
    <mem type="tenure" free="1122360" total="7340032" percent="15">
      <mem type="soa" free="755768" total="6973440" percent="10" />
      <mem type="loa" free="366592" total="366592" percent="100" />
    </mem>
    <remembered-set count="4703" />
  </mem-info>
</gc-end>
<cycle-end id="972" type="scavenge" contextid="965" timestamp="2019-07-02T19:16:36.178">
  <attribute name="GC Util" value="33" />
  <attribute name="CPU Util" value="2170127825155" />
  <attribute name="Time Running"value="1547"/>
  <attribute name="Number of cores"value="4"/>
</cycle-end>
<allocation-satisfied id="973" threadId="000000000155A100" bytesRequested="24" />
<af-end id="974" timestamp="2019-07-02T19:16:36.178" threadId="000000000155AA88" success="true" from="nursery"/>
<exclusive-end id="975" timestamp="2019-07-02T19:16:36.178" durationms="2.407" />

<exclusive-start id="976" timestamp="2019-07-02T19:16:36.188" intervalms="11.872">
  <response-info timems="0.027" idlems="0.027" threads="0" lastid="000000000155A100" lastname="Thread-9" />
</exclusive-start>
<af-start id="977" threadId="000000000155AA88" totalBytesRequested="40" timestamp="2019-07-02T19:16:36.188" intervalms="11.909" type="nursery" />
<cycle-start id="978" type="scavenge" contextid="0" timestamp="2019-07-02T19:16:36.188" intervalms="11.911" />
  <attribute name="GC Util" value="33" />
  <attribute name="CPU Util" value="2170127825155" />
  <attribute name="Time Running"value="1547"/>
  <attribute name="Number of cores"value="4"/>
<gc-start id="979" type="scavenge" contextid="978" timestamp="2019-07-02T19:16:36.188">
  <mem-info id="980" free="1122360" total="20578304" percent="5">
    <mem type="nursery" free="0" total="13238272" percent="0">
      <mem type="allocate" free="0" total="11862016" percent="0" />
      <mem type="survivor" free="0" total="1376256" percent="0" />
    </mem>
    <mem type="tenure" free="1122360" total="7340032" percent="15">
      <mem type="soa" free="755768" total="6973440" percent="10" />
      <mem type="loa" free="366592" total="366592" percent="100" />
    </mem>
    <remembered-set count="6263" />
  </mem-info>
</gc-start>
<allocation-stats totalBytes="11533288" >
  <allocated-bytes non-tlh="24" tlh="11533264" />
  <largest-consumer threadName="Thread-7" threadId="000000000155DD00" bytes="4390800" />
</allocation-stats>
<gc-op id="981" type="scavenge" timems="1.182" contextid="978" timestamp="2019-07-02T19:16:36.189">
  <scavenger-info tenureage="5" tenuremask="ffe0" tiltratio="89" />
  <memory-copied type="nursery" objects="12440" bytes="437488" bytesdiscarded="152336" />
</gc-op>
<heap-resize id="982" type="expand" space="nursery" amount="524288" count="1" timems="0.012" reason="excessive time being spent scavenging" timestamp="2019-07-02T19:16:36.189" />
<gc-end id="983" type="scavenge" contextid="978" durationms="1.597" usertimems="4.000" systemtimems="0.000" timestamp="2019-07-02T19:16:36.189" activeThreads="4">
  <mem-info id="984" free="12853304" total="21102592" percent="60">
    <mem type="nursery" free="11730944" total="13762560" percent="85">
      <mem type="allocate" free="11730944" total="12320768" percent="95" />
      <mem type="survivor" free="0" total="1441792" percent="0" />
    </mem>
    <mem type="tenure" free="1122360" total="7340032" percent="15">
      <mem type="soa" free="755768" total="6973440" percent="10" />
      <mem type="loa" free="366592" total="366592" percent="100" />
    </mem>
    <remembered-set count="6263" />
  </mem-info>
</gc-end>
<cycle-end id="985" type="scavenge" contextid="978" timestamp="2019-07-02T19:16:36.190">
  <attribute name="GC Util" value="17" />
  <attribute name="CPU Util" value="1571069509257" />
  <attribute name="Time Running"value="1558"/>
  <attribute name="Number of cores"value="4"/>
</cycle-end>
<allocation-satisfied id="986" threadId="000000000155A100" bytesRequested="40" />
<af-end id="987" timestamp="2019-07-02T19:16:36.190" threadId="000000000155AA88" success="true" from="nursery"/>
<exclusive-end id="988" timestamp="2019-07-02T19:16:36.190" durationms="2.247" />

<exclusive-start id="989" timestamp="2019-07-02T19:16:36.197" intervalms="9.409">
  <response-info timems="0.023" idlems="0.023" threads="0" lastid="000000000155DD00" lastname="Thread-7" />
</exclusive-start>
<af-start id="990" threadId="000000000155E688" totalBytesRequested="40" timestamp="2019-07-02T19:16:36.197" intervalms="9.440" type="nursery" />
<cycle-start id="991" type="scavenge" contextid="0" timestamp="2019-07-02T19:16:36.197" intervalms="9.435" />
  <attribute name="GC Util" value="17" />
  <attribute name="CPU Util" value="1571069509257" />
  <attribute name="Time Running"value="1558"/>
  <attribute name="Number of cores"value="4"/>
<gc-start id="992" type="scavenge" contextid="991" timestamp="2019-07-02T19:16:36.197">
  <mem-info id="993" free="1122360" total="21102592" percent="5">
    <mem type="nursery" free="0" total="13762560" percent="0">
      <mem type="allocate" free="0" total="12320768" percent="0" />
      <mem type="survivor" free="0" total="1441792" percent="0" />
    </mem>
    <mem type="tenure" free="1122360" total="7340032" percent="15">
      <mem type="soa" free="755768" total="6973440" percent="10" />
      <mem type="loa" free="366592" total="366592" percent="100" />
    </mem>
    <remembered-set count="7792" />
  </mem-info>
</gc-start>
<allocation-stats totalBytes="11729240" >
  <allocated-bytes non-tlh="40" tlh="11729200" />
  <largest-consumer threadName="Thread-7" threadId="000000000155DD00" bytes="3243488" />
</allocation-stats>
<gc-op id="994" type="scavenge" timems="1.098" contextid="991" timestamp="2019-07-02T19:16:36.199">
  <scavenger-info tenureage="3" tenuremask="fff8" tiltratio="89" />
  <memory-copied type="nursery" objects="11271" bytes="409176" bytesdiscarded="172200" />
  <memory-copied type="tenure" objects="3065" bytes="73560" bytesdiscarded="0" />
</gc-op>
<heap-resize id="995" type="expand" space="nursery" amount="786432" count="1" timems="0.020" reason="excessive time being spent scavenging" timestamp="2019-07-02T19:16:36.199" />
<gc-end id="996" type="scavenge" contextid="991" durationms="1.552" usertimems="4.000" systemtimems="0.000" timestamp="2019-07-02T19:16:36.199" activeThreads="4">
  <mem-info id="997" free="13473592" total="21889024" percent="61">
    <mem type="nursery" free="12460288" total="14548992" percent="85">
      <mem type="allocate" free="12460288" total="13041664" percent="95" />
      <mem type="survivor" free="0" total="1507328" percent="0" />
    </mem>
    <mem type="tenure" free="1013304" total="7340032" percent="13">
      <mem type="soa" free="646712" total="6973440" percent="9" />
      <mem type="loa" free="366592" total="366592" percent="100" />
    </mem>
    <remembered-set count="4726" />
  </mem-info>
</gc-end>
<cycle-end id="998" type="scavenge" contextid="991" timestamp="2019-07-02T19:16:36.199">
  <attribute name="GC Util" value="32" />
  <attribute name="CPU Util" value="1933616917158" />
  <attribute name="Time Running"value="1568"/>
  <attribute name="Number of cores"value="4"/>
</cycle-end>
<allocation-satisfied id="999" threadId="000000000155DD00" bytesRequested="40" />
<af-end id="1000" timestamp="2019-07-02T19:16:36.199" threadId="000000000155E688" success="true" from="nursery"/>
<exclusive-end id="1001" timestamp="2019-07-02T19:16:36.199" durationms="2.383" />

<exclusive-start id="1002" timestamp="2019-07-02T19:16:36.210" intervalms="12.542">
  <response-info timems="0.023" idlems="0.023" threads="0" lastid="0000000001565500" lastname="Thread-8" />
</exclusive-start>
<af-start id="1003" threadId="0000000001565E88" totalBytesRequested="40" timestamp="2019-07-02T19:16:36.210" intervalms="12.480" type="nursery" />
<cycle-start id="1004" type="scavenge" contextid="0" timestamp="2019-07-02T19:16:36.210" intervalms="12.515" />
  <attribute name="GC Util" value="32" />
  <attribute name="CPU Util" value="1933616917158" />
  <attribute name="Time Running"value="1568"/>
  <attribute name="Number of cores"value="4"/>
<gc-start id="1005" type="scavenge" contextid="1004" timestamp="2019-07-02T19:16:36.210">
  <mem-info id="1006" free="1013304" total="21889024" percent="4">
    <mem type="nursery" free="0" total="14548992" percent="0">
      <mem type="allocate" free="0" total="13041664" percent="0" />
      <mem type="survivor" free="0" total="1507328" percent="0" />
    </mem>
    <mem type="tenure" free="1013304" total="7340032" percent="13">
      <mem type="soa" free="646712" total="6973440" percent="9" />
      <mem type="loa" free="366592" total="366592" percent="100" />
    </mem>
    <remembered-set count="5949" />
  </mem-info>
</gc-start>
<allocation-stats totalBytes="12458632" >
  <allocated-bytes non-tlh="40" tlh="12458592" />
  <largest-consumer threadName="Thread-7" threadId="000000000155DD00" bytes="4685280" />
</allocation-stats>
<gc-op id="1007" type="scavenge" timems="0.631" contextid="1004" timestamp="2019-07-02T19:16:36.211">
  <scavenger-info tenureage="6" tenuremask="ffc0" tiltratio="89" />
  <memory-copied type="nursery" objects="13447" bytes="461416" bytesdiscarded="251288" />
</gc-op>
<gc-end id="1008" type="scavenge" contextid="1004" durationms="1.039" usertimems="0.000" systemtimems="0.000" timestamp="2019-07-02T19:16:36.211" activeThreads="4">
  <mem-info id="1009" free="13342264" total="21889024" percent="60">
    <mem type="nursery" free="12328960" total="14548992" percent="84">
      <mem type="allocate" free="12328960" total="13041664" percent="94" />
      <mem type="survivor" free="0" total="1507328" percent="0" />
    </mem>
    <mem type="tenure" free="1013304" total="7340032" percent="13">
      <mem type="soa" free="646712" total="6973440" percent="9" />
      <mem type="loa" free="366592" total="366592" percent="100" />
    </mem>
    <remembered-set count="5949" />
  </mem-info>
</gc-end>
<cycle-end id="1010" type="scavenge" contextid="1004" timestamp="2019-07-02T19:16:36.211">
  <attribute name="GC Util" value="23" />
  <attribute name="CPU Util" value="1465767265533" />
  <attribute name="Time Running"value="1580"/>
  <attribute name="Number of cores"value="4"/>
</cycle-end>
<allocation-satisfied id="1011" threadId="0000000001565500" bytesRequested="40" />
<af-end id="1012" timestamp="2019-07-02T19:16:36.211" threadId="0000000001565E88" success="true" from="nursery"/>
<exclusive-end id="1013" timestamp="2019-07-02T19:16:36.211" durationms="1.693" />

<exclusive-start id="1014" timestamp="2019-07-02T19:16:36.220" intervalms="9.990">
  <response-info timems="0.025" idlems="0.025" threads="0" lastid="000000000155A100" lastname="Thread-9" />
</exclusive-start>
<af-start id="1015" threadId="000000000155AA88" totalBytesRequested="40" timestamp="2019-07-02T19:16:36.220" intervalms="10.017" type="nursery" />
<cycle-start id="1016" type="scavenge" contextid="0" timestamp="2019-07-02T19:16:36.220" intervalms="9.983" />
  <attribute name="GC Util" value="23" />
  <attribute name="CPU Util" value="1465767265533" />
  <attribute name="Time Running"value="1580"/>
  <attribute name="Number of cores"value="4"/>
<gc-start id="1017" type="scavenge" contextid="1016" timestamp="2019-07-02T19:16:36.220">
  <mem-info id="1018" free="1013304" total="21889024" percent="4">
    <mem type="nursery" free="0" total="14548992" percent="0">
      <mem type="allocate" free="0" total="13041664" percent="0" />
      <mem type="survivor" free="0" total="1507328" percent="0" />
    </mem>
    <mem type="tenure" free="1013304" total="7340032" percent="13">
      <mem type="soa" free="646712" total="6973440" percent="9" />
      <mem type="loa" free="366592" total="366592" percent="100" />
    </mem>
    <remembered-set count="7022" />
  </mem-info>
</gc-start>
<allocation-stats totalBytes="12327192" >
  <allocated-bytes non-tlh="40" tlh="12327152" />
  <largest-consumer threadName="Thread-7" threadId="000000000155DD00" bytes="3767800" />
</allocation-stats>
<gc-op id="1019" type="scavenge" timems="1.732" contextid="1016" timestamp="2019-07-02T19:16:36.222">
  <scavenger-info tenureage="3" tenuremask="fff8" tiltratio="89" />
  <memory-copied type="nursery" objects="12079" bytes="427984" bytesdiscarded="207272" />
  <memory-copied type="tenure" objects="9064" bytes="354912" bytesdiscarded="0" />
</gc-op>
<heap-resize id="1020" type="expand" space="nursery" amount="1572864" count="1" timems="0.014" reason="excessive time being spent scavenging" timestamp="2019-07-02T19:16:36.222" />
<gc-end id="1021" type="scavenge" contextid="1016" durationms="2.259" usertimems="4.000" systemtimems="0.000" timestamp="2019-07-02T19:16:36.222" activeThreads="4">
  <mem-info id="1022" free="14374480" total="23461888" percent="61">
    <mem type="nursery" free="13782664" total="16121856" percent="85">
      <mem type="allocate" free="13782664" total="14417920" percent="95" />
      <mem type="survivor" free="0" total="1703936" percent="0" />
    </mem>
    <mem type="tenure" free="591816" total="7340032" percent="8">
      <mem type="soa" free="225224" total="6973440" percent="3" />
      <mem type="loa" free="366592" total="366592" percent="100" />
    </mem>
    <remembered-set count="6000" />
  </mem-info>
</gc-end>
<cycle-end id="1023" type="scavenge" contextid="1016" timestamp="2019-07-02T19:16:36.222">
  <attribute name="GC Util" value="18" />
  <attribute name="CPU Util" value="1879123628079" />
  <attribute name="Time Running"value="1590"/>
  <attribute name="Number of cores"value="4"/>
</cycle-end>
<allocation-satisfied id="1024" threadId="000000000155A100" bytesRequested="40" />
<af-end id="1025" timestamp="2019-07-02T19:16:36.222" threadId="000000000155AA88" success="true" from="nursery"/>
<exclusive-end id="1026" timestamp="2019-07-02T19:16:36.223" durationms="3.090" />

<concurrent-kickoff id="1027" timestamp="2019-07-02T19:16:36.232">
  <kickoff reason="threshold reached" targetBytes="2383760" thresholdFreeBytes="332515"  remainingFree="216712" tenureFreeBytes="591816" nurseryFreeBytes="216712" />
</concurrent-kickoff>
<exclusive-start id="1028" timestamp="2019-07-02T19:16:36.233" intervalms="13.070">
  <response-info timems="0.022" idlems="0.022" threads="0" lastid="0000000001565500" lastname="Thread-8" />
</exclusive-start>
<cycle-start id="1029" type="global" contextid="0" timestamp="2019-07-02T19:16:36.233" intervalms="227.175" />
  <attribute name="GC Util" value="18" />
  <attribute name="CPU Util" value="1879123628079" />
  <attribute name="Time Running"value="1590"/>
  <attribute name="Number of cores"value="4"/>
<exclusive-end id="1030" timestamp="2019-07-02T19:16:36.233" durationms="0.278" />

<exclusive-start id="1031" timestamp="2019-07-02T19:16:36.238" intervalms="5.220">
  <response-info timems="4.463" idlems="4.463" threads="0" lastid="000000000155A100" lastname="Thread-9" />
</exclusive-start>
<af-start id="1032" threadId="000000000155AA88" totalBytesRequested="40" timestamp="2019-07-02T19:16:36.238" intervalms="18.331" type="nursery" />
<cycle-start id="1033" type="scavenge" contextid="0" timestamp="2019-07-02T19:16:36.238" intervalms="18.445" />
  <attribute name="GC Util" value="18" />
  <attribute name="CPU Util" value="1879123628079" />
  <attribute name="Time Running"value="1590"/>
  <attribute name="Number of cores"value="4"/>
<gc-start id="1034" type="scavenge" contextid="1033" timestamp="2019-07-02T19:16:36.238">
  <mem-info id="1035" free="591816" total="23461888" percent="2">
    <mem type="nursery" free="0" total="16121856" percent="0">
      <mem type="allocate" free="0" total="14417920" percent="0" />
      <mem type="survivor" free="0" total="1703936" percent="0" />
    </mem>
    <mem type="tenure" free="591816" total="7340032" percent="8">
      <mem type="soa" free="225224" total="6973440" percent="3" />
      <mem type="loa" free="366592" total="366592" percent="100" />
    </mem>
    <remembered-set count="7906" />
  </mem-info>
</gc-start>
<allocation-stats totalBytes="13780904" >
  <allocated-bytes non-tlh="40" tlh="13780864" />
  <largest-consumer threadName="Thread-10" threadId="0000000001561900" bytes="3722440" />
</allocation-stats>
<gc-op id="1036" type="scavenge" timems="1.272" contextid="1033" timestamp="2019-07-02T19:16:36.240">
  <scavenger-info tenureage="3" tenuremask="4008" tiltratio="89" />
  <memory-copied type="nursery" objects="17754" bytes="684720" bytesdiscarded="256704" />
  <memory-copied type="tenure" objects="1960" bytes="47040" bytesdiscarded="0" />
</gc-op>
<gc-end id="1037" type="scavenge" contextid="1033" durationms="1.773" usertimems="4.000" systemtimems="0.000" timestamp="2019-07-02T19:16:36.240" activeThreads="4">
  <mem-info id="1038" free="14133848" total="23461888" percent="60">
    <mem type="nursery" free="13542032" total="16121856" percent="83">
      <mem type="allocate" free="13542032" total="14483456" percent="93" />
      <mem type="survivor" free="0" total="1638400" percent="0" />
    </mem>
    <mem type="tenure" free="591816" total="7340032" percent="8">
      <mem type="soa" free="225224" total="6973440" percent="3" />
      <mem type="loa" free="366592" total="366592" percent="100" />
    </mem>
    <remembered-set count="5945" />
  </mem-info>
</gc-end>
<cycle-end id="1039" type="scavenge" contextid="1033" timestamp="2019-07-02T19:16:36.240">
  <attribute name="GC Util" value="23" />
  <attribute name="CPU Util" value="986293134969" />
  <attribute name="Time Running"value="1609"/>
  <attribute name="Number of cores"value="4"/>
</cycle-end>
<allocation-satisfied id="1040" threadId="000000000155A100" bytesRequested="40" />
<af-end id="1041" timestamp="2019-07-02T19:16:36.241" threadId="000000000155AA88" success="true" from="nursery"/>
<exclusive-end id="1042" timestamp="2019-07-02T19:16:36.241" durationms="2.863" />

<exclusive-start id="1043" timestamp="2019-07-02T19:16:36.256" intervalms="17.810">
  <response-info timems="0.031" idlems="0.031" threads="0" lastid="000000000155A100" lastname="Thread-9" />
</exclusive-start>
<af-start id="1044" threadId="000000000155AA88" totalBytesRequested="40" timestamp="2019-07-02T19:16:36.256" intervalms="17.787" type="nursery" />
<cycle-start id="1045" type="scavenge" contextid="0" timestamp="2019-07-02T19:16:36.256" intervalms="17.673" />
  <attribute name="GC Util" value="23" />
  <attribute name="CPU Util" value="986293134969" />
  <attribute name="Time Running"value="1609"/>
  <attribute name="Number of cores"value="4"/>
<gc-start id="1046" type="scavenge" contextid="1045" timestamp="2019-07-02T19:16:36.256">
  <mem-info id="1047" free="591816" total="23461888" percent="2">
    <mem type="nursery" free="0" total="16121856" percent="0">
      <mem type="allocate" free="0" total="14483456" percent="0" />
      <mem type="survivor" free="0" total="1638400" percent="0" />
    </mem>
    <mem type="tenure" free="591816" total="7340032" percent="8">
      <mem type="soa" free="225224" total="6973440" percent="3" />
      <mem type="loa" free="366592" total="366592" percent="100" />
    </mem>
    <remembered-set count="7814" />
  </mem-info>
</gc-start>
<allocation-stats totalBytes="13540352" >
  <allocated-bytes non-tlh="40" tlh="13540312" />
  <largest-consumer threadName="Thread-7" threadId="000000000155DD00" bytes="4726848" />
</allocation-stats>
<gc-op id="1048" type="scavenge" timems="1.513" contextid="1045" timestamp="2019-07-02T19:16:36.258">
  <scavenger-info tenureage="3" tenuremask="4008" tiltratio="89" />
  <memory-copied type="nursery" objects="18954" bytes="730584" bytesdiscarded="272280" />
  <memory-copied type="tenure" objects="2174" bytes="52176" bytesdiscarded="0" />
</gc-op>
<heap-resize id="1049" type="expand" space="nursery" amount="1048576" count="1" timems="0.019" reason="excessive time being spent scavenging" timestamp="2019-07-02T19:16:36.258" />
<gc-end id="1050" type="scavenge" contextid="1045" durationms="2.199" usertimems="8.000" systemtimems="0.000" timestamp="2019-07-02T19:16:36.258" activeThreads="4">
  <mem-info id="1051" free="14788696" total="24510464" percent="60">
    <mem type="nursery" free="14398096" total="17170432" percent="83">
      <mem type="allocate" free="14398096" total="15400960" percent="93" />
      <mem type="survivor" free="0" total="1769472" percent="0" />
    </mem>
    <mem type="tenure" free="390600" total="7340032" percent="5">
      <mem type="soa" free="24008" total="6973440" percent="0" />
      <mem type="loa" free="366592" total="366592" percent="100" />
    </mem>
    <remembered-set count="5639" />
  </mem-info>
</gc-end>
<cycle-end id="1052" type="scavenge" contextid="1045" timestamp="2019-07-02T19:16:36.258">
  <attribute name="GC Util" value="18" />
  <attribute name="CPU Util" value="1043121197683" />
  <attribute name="Time Running"value="1627"/>
  <attribute name="Number of cores"value="4"/>
</cycle-end>
<allocation-satisfied id="1053" threadId="000000000155A100" bytesRequested="40" />
<af-end id="1054" timestamp="2019-07-02T19:16:36.259" threadId="000000000155AA88" success="true" from="nursery"/>
<exclusive-end id="1055" timestamp="2019-07-02T19:16:36.259" durationms="3.048" />

<exclusive-start id="1056" timestamp="2019-07-02T19:16:36.273" intervalms="17.726">
  <response-info timems="0.027" idlems="0.027" threads="0" lastid="000000000155A100" lastname="Thread-9" />
</exclusive-start>
<af-start id="1057" threadId="000000000155AA88" totalBytesRequested="40" timestamp="2019-07-02T19:16:36.274" intervalms="17.756" type="nursery" />
<cycle-start id="1058" type="scavenge" contextid="0" timestamp="2019-07-02T19:16:36.274" intervalms="17.756" />
  <attribute name="GC Util" value="18" />
  <attribute name="CPU Util" value="1043121197683" />
  <attribute name="Time Running"value="1627"/>
  <attribute name="Number of cores"value="4"/>
<gc-start id="1059" type="scavenge" contextid="1058" timestamp="2019-07-02T19:16:36.274">
  <mem-info id="1060" free="390600" total="24510464" percent="1">
    <mem type="nursery" free="0" total="17170432" percent="0">
      <mem type="allocate" free="0" total="15400960" percent="0" />
      <mem type="survivor" free="0" total="1769472" percent="0" />
    </mem>
    <mem type="tenure" free="390600" total="7340032" percent="5">
      <mem type="soa" free="24008" total="6973440" percent="0" />
      <mem type="loa" free="366592" total="366592" percent="100" />
    </mem>
    <remembered-set count="5992" />
  </mem-info>
</gc-start>
<allocation-stats totalBytes="14396280" >
  <allocated-bytes non-tlh="40" tlh="14396240" />
  <largest-consumer threadName="Thread-7" threadId="000000000155DD00" bytes="5340584" />
</allocation-stats>
<gc-op id="1061" type="scavenge" timems="1.842" contextid="1058" timestamp="2019-07-02T19:16:36.276">
  <scavenger-info tenureage="3" tenuremask="4008" tiltratio="89" />
  <memory-copied type="nursery" objects="19148" bytes="735440" bytesdiscarded="144544" />
  <memory-copied type="tenure" objects="7815" bytes="324936" bytesdiscarded="72" />
  <heap-resize type="expand" space="tenure" amount="196608" count="3" timems="0.044" reason="continue current collection" />
</gc-op>
<heap-resize id="1062" type="expand" space="nursery" amount="917504" count="1" timems="0.013" reason="excessive time being spent scavenging" timestamp="2019-07-02T19:16:36.276" />
<gc-end id="1063" type="scavenge" contextid="1058" durationms="2.511" usertimems="4.000" systemtimems="0.000" timestamp="2019-07-02T19:16:36.276" activeThreads="4">
  <mem-info id="1064" free="15684240" total="25624576" percent="61">
    <mem type="nursery" free="15307408" total="18087936" percent="84">
      <mem type="allocate" free="15307408" total="16187392" percent="94" />
      <mem type="survivor" free="0" total="1900544" percent="0" />
    </mem>
    <mem type="tenure" free="376832" total="7536640" percent="5">
      <mem type="soa" free="0" total="7159808" percent="0" />
      <mem type="loa" free="376832" total="376832" percent="100" />
    </mem>
    <remembered-set count="5576" />
  </mem-info>
</gc-end>
<cycle-end id="1065" type="scavenge" contextid="1058" timestamp="2019-07-02T19:16:36.276">
  <attribute name="GC Util" value="22" />
  <attribute name="CPU Util" value="1044990271682" />
  <attribute name="Time Running"value="1644"/>
  <attribute name="Number of cores"value="4"/>
</cycle-end>
<concurrent-collection-start id="1066" timestamp="2019-07-02T19:16:36.277" intervalms="250.008" >
  <concurrent-trace-info reason="card cleaning threshold reached" tracedByMutators="821404" tracedByHelpers="1252820" cardsCleaned="508" workStackOverflowCount="0" />
</concurrent-collection-start>
<gc-start id="1067" type="global" contextid="1029" timestamp="2019-07-02T19:16:36.277">
  <mem-info id="1068" free="15684200" total="25624576" percent="61">
    <mem type="nursery" free="15307368" total="18087936" percent="84">
      <mem type="allocate" free="15307368" total="16187392" percent="94" />
      <mem type="survivor" free="0" total="1900544" percent="0" />
    </mem>
    <mem type="tenure" free="376832" total="7536640" percent="5">
      <mem type="soa" free="0" total="7159808" percent="0" />
      <mem type="loa" free="376832" total="376832" percent="100" />
    </mem>
    <remembered-set count="5576" />
  </mem-info>
</gc-start>
<allocation-stats totalBytes="40" >
  <allocated-bytes non-tlh="40" tlh="0" />
  <largest-consumer threadName="Thread-9" threadId="000000000155A100" bytes="40" />
</allocation-stats>
<gc-op id="1069" type="rs-scan" timems="0.598" contextid="1029" timestamp="2019-07-02T19:16:36.277">
  <scan objectsFound="3020" bytesTraced="241692" workStackOverflowCount="0" />
</gc-op>
<gc-op id="1070" type="card-cleaning" timems="0.492" contextid="1029" timestamp="2019-07-02T19:16:36.278">
  <card-cleaning cardsCleaned="245" bytesTraced="218532" workStackOverflowCount="0" />
</gc-op>
<gc-op id="1071" type="mark" timems="1.711" contextid="1029" timestamp="2019-07-02T19:16:36.280">
  <trace-info objectcount="18324" scancount="18292" scanbytes="852788" />
  <finalization candidates="124" enqueued="0" />
  <ownableSynchronizers candidates="3" cleared="0" />
  <references type="soft" candidates="146" cleared="0" enqueued="0" dynamicThreshold="12" maxThreshold="32" />
  <references type="weak" candidates="696" cleared="0" enqueued="0" />
  <references type="phantom" candidates="39" cleared="0" enqueued="0" />
  <stringconstants candidates="4574" cleared="0"  />
</gc-op>
<gc-op id="1072" type="sweep" timems="0.973" contextid="1029" timestamp="2019-07-02T19:16:36.281" />
<gc-end id="1073" type="global" contextid="1029" durationms="4.458" usertimems="12.000" systemtimems="0.000" timestamp="2019-07-02T19:16:36.281" activeThreads="4">
  <mem-info id="1074" free="18841792" total="25624576" percent="73">
    <mem type="nursery" free="15477792" total="18087936" percent="85">
      <mem type="allocate" free="15477792" total="16187392" percent="95" />
      <mem type="survivor" free="0" total="1900544" percent="0" />
    </mem>
    <mem type="tenure" free="3364000" total="7536640" percent="44" micro-fragmented="71012" macro-fragmented="0">
      <mem type="soa" free="2987168" total="7159808" percent="41" />
      <mem type="loa" free="376832" total="376832" percent="100" />
    </mem>
    <remembered-set count="5107" />
  </mem-info>
</gc-end>
<cycle-end id="1075" type="global" contextid="1029" timestamp="2019-07-02T19:16:36.281">
  <attribute name="GC Util" value="215" />
  <attribute name="CPU Util" value="10175509738101" />
  <attribute name="Time Running"value="1650"/>
  <attribute name="Number of cores"value="4"/>
</cycle-end>
<concurrent-collection-end id="1076" timestamp="2019-07-02T19:16:36.281" />
<allocation-satisfied id="1077" threadId="000000000155A100" bytesRequested="40" />
<af-end id="1078" timestamp="2019-07-02T19:16:36.282" threadId="000000000155AA88" success="true" from="nursery"/>
<exclusive-end id="1079" timestamp="2019-07-02T19:16:36.282" durationms="8.220" />

<exclusive-start id="1080" timestamp="2019-07-02T19:16:36.292" intervalms="18.700">
  <response-info timems="0.035" idlems="0.035" threads="0" lastid="000000000155DD00" lastname="Thread-7" />
</exclusive-start>
<af-start id="1081" threadId="000000000155E688" totalBytesRequested="40" timestamp="2019-07-02T19:16:36.292" intervalms="18.666" type="nursery" />
<cycle-start id="1082" type="scavenge" contextid="0" timestamp="2019-07-02T19:16:36.292" intervalms="18.715" />
  <attribute name="GC Util" value="215" />
  <attribute name="CPU Util" value="10175509738101" />
  <attribute name="Time Running"value="1650"/>
  <attribute name="Number of cores"value="4"/>
<gc-start id="1083" type="scavenge" contextid="1082" timestamp="2019-07-02T19:16:36.292">
  <mem-info id="1084" free="3364000" total="25624576" percent="13">
    <mem type="nursery" free="0" total="18087936" percent="0">
      <mem type="allocate" free="0" total="16187392" percent="0" />
      <mem type="survivor" free="0" total="1900544" percent="0" />
    </mem>
    <mem type="tenure" free="3364000" total="7536640" percent="44">
      <mem type="soa" free="2987168" total="7159808" percent="41" />
      <mem type="loa" free="376832" total="376832" percent="100" />
    </mem>
    <remembered-set count="5872" />
  </mem-info>
</gc-start>
<allocation-stats totalBytes="15475720" >
  <allocated-bytes non-tlh="0" tlh="15475720" />
  <largest-consumer threadName="Thread-9" threadId="000000000155A100" bytes="4417792" />
</allocation-stats>
<gc-op id="1085" type="scavenge" timems="1.895" contextid="1082" timestamp="2019-07-02T19:16:36.295">
  <scavenger-info tenureage="3" tenuremask="4008" tiltratio="89" />
  <memory-copied type="nursery" objects="20399" bytes="782624" bytesdiscarded="204232" />
  <memory-copied type="tenure" objects="6065" bytes="265752" bytesdiscarded="48" />
  <ownableSynchronizers candidates="6" cleared="6" />
</gc-op>
<heap-resize id="1086" type="expand" space="nursery" amount="917504" count="1" timems="0.023" reason="excessive time being spent scavenging" timestamp="2019-07-02T19:16:36.295" />
<gc-end id="1087" type="scavenge" contextid="1082" durationms="2.421" usertimems="4.000" systemtimems="0.000" timestamp="2019-07-02T19:16:36.295" activeThreads="4">
  <mem-info id="1088" free="19076480" total="26542080" percent="71">
    <mem type="nursery" free="16052504" total="19005440" percent="84">
      <mem type="allocate" free="16052504" total="17039360" percent="94" />
      <mem type="survivor" free="0" total="1966080" percent="0" />
    </mem>
    <mem type="tenure" free="3023976" total="7536640" percent="40">
      <mem type="soa" free="2647144" total="7159808" percent="36" />
      <mem type="loa" free="376832" total="376832" percent="100" />
    </mem>
    <remembered-set count="5334" />
  </mem-info>
</gc-end>
<cycle-end id="1089" type="scavenge" contextid="1082" timestamp="2019-07-02T19:16:36.295">
  <attribute name="GC Util" value="17" />
  <attribute name="CPU Util" value="1443709727285" />
  <attribute name="Time Running"value="1663"/>
  <attribute name="Number of cores"value="4"/>
</cycle-end>
<allocation-satisfied id="1090" threadId="000000000155DD00" bytesRequested="40" />
<af-end id="1091" timestamp="2019-07-02T19:16:36.295" threadId="000000000155E688" success="true" from="nursery"/>
<exclusive-end id="1092" timestamp="2019-07-02T19:16:36.295" durationms="3.242" />

<exclusive-start id="1093" timestamp="2019-07-02T19:16:36.305" intervalms="12.830">
  <response-info timems="0.022" idlems="0.022" threads="0" lastid="000000000155A100" lastname="Thread-9" />
</exclusive-start>
<af-start id="1094" threadId="000000000155AA88" totalBytesRequested="40" timestamp="2019-07-02T19:16:36.305" intervalms="12.830" type="nursery" />
<cycle-start id="1095" type="scavenge" contextid="0" timestamp="2019-07-02T19:16:36.305" intervalms="12.804" />
  <attribute name="GC Util" value="17" />
  <attribute name="CPU Util" value="1443709727285" />
  <attribute name="Time Running"value="1663"/>
  <attribute name="Number of cores"value="4"/>
<gc-start id="1096" type="scavenge" contextid="1095" timestamp="2019-07-02T19:16:36.305">
  <mem-info id="1097" free="3023976" total="26542080" percent="11">
    <mem type="nursery" free="0" total="19005440" percent="0">
      <mem type="allocate" free="0" total="17039360" percent="0" />
      <mem type="survivor" free="0" total="1966080" percent="0" />
    </mem>
    <mem type="tenure" free="3023976" total="7536640" percent="40">
      <mem type="soa" free="2647144" total="7159808" percent="36" />
      <mem type="loa" free="376832" total="376832" percent="100" />
    </mem>
    <remembered-set count="6031" />
  </mem-info>
</gc-start>
<allocation-stats totalBytes="16050536" >
  <allocated-bytes non-tlh="40" tlh="16050496" />
  <largest-consumer threadName="Thread-9" threadId="000000000155A100" bytes="4554336" />
</allocation-stats>
<gc-op id="1098" type="scavenge" timems="1.511" contextid="1095" timestamp="2019-07-02T19:16:36.307">
  <scavenger-info tenureage="3" tenuremask="4008" tiltratio="89" />
  <memory-copied type="nursery" objects="19693" bytes="748648" bytesdiscarded="92168" />
  <memory-copied type="tenure" objects="3410" bytes="99024" bytesdiscarded="120" />
</gc-op>
<gc-end id="1099" type="scavenge" contextid="1095" durationms="1.977" usertimems="4.000" systemtimems="0.000" timestamp="2019-07-02T19:16:36.307" activeThreads="4">
  <mem-info id="1100" free="19117288" total="26542080" percent="72">
    <mem type="nursery" free="16264080" total="19005440" percent="85">
      <mem type="allocate" free="16264080" total="17104896" percent="95" />
      <mem type="survivor" free="0" total="1900544" percent="0" />
    </mem>
    <mem type="tenure" free="2853208" total="7536640" percent="37">
      <mem type="soa" free="2476376" total="7159808" percent="34" />
      <mem type="loa" free="376832" total="376832" percent="100" />
    </mem>
    <remembered-set count="3626" />
  </mem-info>
</gc-end>
<cycle-end id="1101" type="scavenge" contextid="1095" timestamp="2019-07-02T19:16:36.307">
  <attribute name="GC Util" value="39" />
  <attribute name="CPU Util" value="1450127261304" />
  <attribute name="Time Running"value="1676"/>
  <attribute name="Number of cores"value="4"/>
</cycle-end>
<allocation-satisfied id="1102" threadId="000000000155A100" bytesRequested="40" />
<af-end id="1103" timestamp="2019-07-02T19:16:36.308" threadId="000000000155AA88" success="true" from="nursery"/>
<exclusive-end id="1104" timestamp="2019-07-02T19:16:36.308" durationms="2.716" />

<exclusive-start id="1105" timestamp="2019-07-02T19:16:36.317" intervalms="12.393">
  <response-info timems="0.021" idlems="0.021" threads="0" lastid="000000000155A100" lastname="Thread-9" />
</exclusive-start>
<af-start id="1106" threadId="000000000155AA88" totalBytesRequested="40" timestamp="2019-07-02T19:16:36.317" intervalms="12.407" type="nursery" />
<cycle-start id="1107" type="scavenge" contextid="0" timestamp="2019-07-02T19:16:36.318" intervalms="12.382" />
  <attribute name="GC Util" value="39" />
  <attribute name="CPU Util" value="1450127261304" />
  <attribute name="Time Running"value="1676"/>
  <attribute name="Number of cores"value="4"/>
<gc-start id="1108" type="scavenge" contextid="1107" timestamp="2019-07-02T19:16:36.318">
  <mem-info id="1109" free="2853208" total="26542080" percent="10">
    <mem type="nursery" free="0" total="19005440" percent="0">
      <mem type="allocate" free="0" total="17104896" percent="0" />
      <mem type="survivor" free="0" total="1900544" percent="0" />
    </mem>
    <mem type="tenure" free="2853208" total="7536640" percent="37">
      <mem type="soa" free="2476376" total="7159808" percent="34" />
      <mem type="loa" free="376832" total="376832" percent="100" />
    </mem>
    <remembered-set count="4367" />
  </mem-info>
</gc-start>
<allocation-stats totalBytes="16262224" >
  <allocated-bytes non-tlh="40" tlh="16262184" />
  <largest-consumer threadName="Thread-9" threadId="000000000155A100" bytes="4696488" />
</allocation-stats>
<gc-op id="1110" type="scavenge" timems="1.374" contextid="1107" timestamp="2019-07-02T19:16:36.319">
  <scavenger-info tenureage="3" tenuremask="4008" tiltratio="90" />
  <memory-copied type="nursery" objects="13310" bytes="457936" bytesdiscarded="131888" />
  <memory-copied type="tenure" objects="7965" bytes="328536" bytesdiscarded="152" />
</gc-op>
<heap-resize id="1111" type="expand" space="nursery" amount="1048576" count="1" timems="0.014" reason="excessive time being spent scavenging" timestamp="2019-07-02T19:16:36.319" />
<gc-end id="1112" type="scavenge" contextid="1107" durationms="1.865" usertimems="4.000" systemtimems="0.000" timestamp="2019-07-02T19:16:36.319" activeThreads="4">
  <mem-info id="1113" free="19897576" total="27590656" percent="72">
    <mem type="nursery" free="17432576" total="20054016" percent="86">
      <mem type="allocate" free="17432576" total="18022400" percent="96" />
      <mem type="survivor" free="0" total="2031616" percent="0" />
    </mem>
    <mem type="tenure" free="2465000" total="7536640" percent="32">
      <mem type="soa" free="2088168" total="7159808" percent="29" />
      <mem type="loa" free="376832" total="376832" percent="100" />
    </mem>
    <remembered-set count="4945" />
  </mem-info>
</gc-end>
<cycle-end id="1114" type="scavenge" contextid="1107" timestamp="2019-07-02T19:16:36.320">
  <attribute name="GC Util" value="32" />
  <attribute name="CPU Util" value="1500641042296" />
  <attribute name="Time Running"value="1688"/>
  <attribute name="Number of cores"value="4"/>
</cycle-end>
<allocation-satisfied id="1115" threadId="000000000155A100" bytesRequested="40" />
<af-end id="1116" timestamp="2019-07-02T19:16:36.320" threadId="000000000155AA88" success="true" from="nursery"/>
<exclusive-end id="1117" timestamp="2019-07-02T19:16:36.320" durationms="2.733" />

<exclusive-start id="1118" timestamp="2019-07-02T19:16:36.330" intervalms="12.567">
  <response-info timems="0.023" idlems="0.023" threads="0" lastid="000000000155A100" lastname="Thread-9" />
</exclusive-start>
<af-start id="1119" threadId="000000000155AA88" totalBytesRequested="24" timestamp="2019-07-02T19:16:36.330" intervalms="12.572" type="nursery" />
<cycle-start id="1120" type="scavenge" contextid="0" timestamp="2019-07-02T19:16:36.330" intervalms="12.575" />
  <attribute name="GC Util" value="32" />
  <attribute name="CPU Util" value="1500641042296" />
  <attribute name="Time Running"value="1688"/>
  <attribute name="Number of cores"value="4"/>
<gc-start id="1121" type="scavenge" contextid="1120" timestamp="2019-07-02T19:16:36.330">
  <mem-info id="1122" free="2465000" total="27590656" percent="8">
    <mem type="nursery" free="0" total="20054016" percent="0">
      <mem type="allocate" free="0" total="18022400" percent="0" />
      <mem type="survivor" free="0" total="2031616" percent="0" />
    </mem>
    <mem type="tenure" free="2465000" total="7536640" percent="32">
      <mem type="soa" free="2088168" total="7159808" percent="29" />
      <mem type="loa" free="376832" total="376832" percent="100" />
    </mem>
    <remembered-set count="6315" />
  </mem-info>
</gc-start>
<allocation-stats totalBytes="17430640" >
  <allocated-bytes non-tlh="40" tlh="17430600" />
  <largest-consumer threadName="Thread-8" threadId="0000000001565500" bytes="5340568" />
</allocation-stats>
<gc-op id="1123" type="scavenge" timems="1.364" contextid="1120" timestamp="2019-07-02T19:16:36.332">
  <scavenger-info tenureage="3" tenuremask="4008" tiltratio="89" />
  <memory-copied type="nursery" objects="6135" bytes="148120" bytesdiscarded="109160" />
  <memory-copied type="tenure" objects="8803" bytes="348648" bytesdiscarded="24" />
</gc-op>
<gc-end id="1124" type="scavenge" contextid="1120" durationms="1.710" usertimems="4.000" systemtimems="0.000" timestamp="2019-07-02T19:16:36.332" activeThreads="4">
  <mem-info id="1125" free="19889128" total="27590656" percent="72">
    <mem type="nursery" free="17765120" total="20054016" percent="88">
      <mem type="allocate" free="17765120" total="18022400" percent="98" />
      <mem type="survivor" free="0" total="2031616" percent="0" />
    </mem>
    <mem type="tenure" free="2124008" total="7536640" percent="28">
      <mem type="soa" free="1747176" total="7159808" percent="24" />
      <mem type="loa" free="376832" total="376832" percent="100" />
    </mem>
    <remembered-set count="6084" />
  </mem-info>
</gc-end>
<cycle-end id="1126" type="scavenge" contextid="1120" timestamp="2019-07-02T19:16:36.332">
  <attribute name="GC Util" value="30" />
  <attribute name="CPU Util" value="1471846432094" />
  <attribute name="Time Running"value="1701"/>
  <attribute name="Number of cores"value="4"/>
</cycle-end>
<allocation-satisfied id="1127" threadId="000000000155A100" bytesRequested="24" />
<af-end id="1128" timestamp="2019-07-02T19:16:36.332" threadId="000000000155AA88" success="true" from="nursery"/>
<exclusive-end id="1129" timestamp="2019-07-02T19:16:36.332" durationms="2.453" />

<exclusive-start id="1130" timestamp="2019-07-02T19:16:36.343" intervalms="13.262">
  <response-info timems="0.022" idlems="0.022" threads="0" lastid="0000000001565500" lastname="Thread-8" />
</exclusive-start>
<af-start id="1131" threadId="0000000001565E88" totalBytesRequested="40" timestamp="2019-07-02T19:16:36.343" intervalms="13.245" type="nursery" />
<cycle-start id="1132" type="scavenge" contextid="0" timestamp="2019-07-02T19:16:36.343" intervalms="13.281" />
  <attribute name="GC Util" value="30" />
  <attribute name="CPU Util" value="1471846432094" />
  <attribute name="Time Running"value="1701"/>
  <attribute name="Number of cores"value="4"/>
<gc-start id="1133" type="scavenge" contextid="1132" timestamp="2019-07-02T19:16:36.343">
  <mem-info id="1134" free="2124008" total="27590656" percent="7">
    <mem type="nursery" free="0" total="20054016" percent="0">
      <mem type="allocate" free="0" total="18022400" percent="0" />
      <mem type="survivor" free="0" total="2031616" percent="0" />
    </mem>
    <mem type="tenure" free="2124008" total="7536640" percent="28">
      <mem type="soa" free="1747176" total="7159808" percent="24" />
      <mem type="loa" free="376832" total="376832" percent="100" />
    </mem>
    <remembered-set count="8343" />
  </mem-info>
</gc-start>
<allocation-stats totalBytes="17762872" >
  <allocated-bytes non-tlh="24" tlh="17762848" />
  <largest-consumer threadName="Thread-8" threadId="0000000001565500" bytes="5602616" />
</allocation-stats>
<gc-op id="1135" type="scavenge" timems="0.391" contextid="1132" timestamp="2019-07-02T19:16:36.344">
  <scavenger-info tenureage="3" tenuremask="4008" tiltratio="89" />
  <memory-copied type="nursery" objects="5886" bytes="142664" bytesdiscarded="106168" />
  <memory-copied type="tenure" objects="2642" bytes="63408" bytesdiscarded="0" />
</gc-op>
<gc-end id="1136" type="scavenge" contextid="1132" durationms="0.760" usertimems="0.000" systemtimems="0.000" timestamp="2019-07-02T19:16:36.344" activeThreads="4">
  <mem-info id="1137" free="19857064" total="27590656" percent="71">
    <mem type="nursery" free="17773568" total="20054016" percent="88">
      <mem type="allocate" free="17773568" total="18022400" percent="98" />
      <mem type="survivor" free="0" total="2031616" percent="0" />
    </mem>
    <mem type="tenure" free="2083496" total="7536640" percent="27">
      <mem type="soa" free="1706664" total="7159808" percent="23" />
      <mem type="loa" free="376832" total="376832" percent="100" />
    </mem>
    <remembered-set count="5701" />
  </mem-info>
</gc-end>
<cycle-end id="1138" type="scavenge" contextid="1132" timestamp="2019-07-02T19:16:36.344">
  <attribute name="GC Util" value="28" />
  <attribute name="CPU Util" value="1372399796416" />
  <attribute name="Time Running"value="1714"/>
  <attribute name="Number of cores"value="4"/>
</cycle-end>
<allocation-satisfied id="1139" threadId="0000000001565500" bytesRequested="40" />
<af-end id="1140" timestamp="2019-07-02T19:16:36.345" threadId="0000000001565E88" success="true" from="nursery"/>
<exclusive-end id="1141" timestamp="2019-07-02T19:16:36.345" durationms="1.447" />

<exclusive-start id="1142" timestamp="2019-07-02T19:16:36.356" intervalms="13.308">
  <response-info timems="0.029" idlems="0.028" threads="1" lastid="000000000155A100" lastname="Thread-9" />
</exclusive-start>
<af-start id="1143" threadId="000000000155E688" totalBytesRequested="40" timestamp="2019-07-02T19:16:36.357" intervalms="13.291" type="nursery" />
<cycle-start id="1144" type="scavenge" contextid="0" timestamp="2019-07-02T19:16:36.357" intervalms="13.253" />
  <attribute name="GC Util" value="28" />
  <attribute name="CPU Util" value="1372399796416" />
  <attribute name="Time Running"value="1714"/>
  <attribute name="Number of cores"value="4"/>
<gc-start id="1145" type="scavenge" contextid="1144" timestamp="2019-07-02T19:16:36.357">
  <mem-info id="1146" free="2083496" total="27590656" percent="7">
    <mem type="nursery" free="0" total="20054016" percent="0">
      <mem type="allocate" free="0" total="18022400" percent="0" />
      <mem type="survivor" free="0" total="2031616" percent="0" />
    </mem>
    <mem type="tenure" free="2083496" total="7536640" percent="27">
      <mem type="soa" free="1706664" total="7159808" percent="23" />
      <mem type="loa" free="376832" total="376832" percent="100" />
    </mem>
    <remembered-set count="7851" />
  </mem-info>
</gc-start>
<allocation-stats totalBytes="17771152" >
  <allocated-bytes non-tlh="40" tlh="17771112" />
  <largest-consumer threadName="Thread-9" threadId="000000000155A100" bytes="5209384" />
</allocation-stats>
<gc-op id="1147" type="scavenge" timems="1.347" contextid="1144" timestamp="2019-07-02T19:16:36.358">
  <scavenger-info tenureage="3" tenuremask="4008" tiltratio="89" />
  <memory-copied type="nursery" objects="12719" bytes="443624" bytesdiscarded="176920" />
  <memory-copied type="tenure" objects="1632" bytes="39168" bytesdiscarded="0" />
</gc-op>
<heap-resize id="1148" type="expand" space="nursery" amount="917504" count="1" timems="0.023" reason="excessive time being spent scavenging" timestamp="2019-07-02T19:16:36.358" />
<gc-end id="1149" type="scavenge" contextid="1144" durationms="1.790" usertimems="0.000" systemtimems="4.000" timestamp="2019-07-02T19:16:36.359" activeThreads="4">
  <mem-info id="1150" free="20255272" total="28508160" percent="71">
    <mem type="nursery" free="18188288" total="20971520" percent="86">
      <mem type="allocate" free="18188288" total="18808832" percent="96" />
      <mem type="survivor" free="0" total="2162688" percent="0" />
    </mem>
    <mem type="tenure" free="2066984" total="7536640" percent="27">
      <mem type="soa" free="1690152" total="7159808" percent="23" />
      <mem type="loa" free="376832" total="376832" percent="100" />
    </mem>
    <remembered-set count="6219" />
  </mem-info>
</gc-end>
<cycle-end id="1151" type="scavenge" contextid="1144" timestamp="2019-07-02T19:16:36.359">
  <attribute name="GC Util" value="9" />
  <attribute name="CPU Util" value="1395694755745" />
  <attribute name="Time Running"value="1727"/>
  <attribute name="Number of cores"value="4"/>
</cycle-end>
<allocation-satisfied id="1152" threadId="000000000155DD00" bytesRequested="40" />
<af-end id="1153" timestamp="2019-07-02T19:16:36.359" threadId="000000000155E688" success="true" from="nursery"/>
<exclusive-end id="1154" timestamp="2019-07-02T19:16:36.359" durationms="2.484" />

<exclusive-start id="1155" timestamp="2019-07-02T19:16:36.371" intervalms="14.966">
  <response-info timems="0.031" idlems="0.031" threads="0" lastid="0000000001565500" lastname="Thread-8" />
</exclusive-start>
<af-start id="1156" threadId="0000000001565E88" totalBytesRequested="40" timestamp="2019-07-02T19:16:36.372" intervalms="14.986" type="nursery" />
<cycle-start id="1157" type="scavenge" contextid="0" timestamp="2019-07-02T19:16:36.372" intervalms="14.989" />
  <attribute name="GC Util" value="9" />
  <attribute name="CPU Util" value="1395694755745" />
  <attribute name="Time Running"value="1727"/>
  <attribute name="Number of cores"value="4"/>
<gc-start id="1158" type="scavenge" contextid="1157" timestamp="2019-07-02T19:16:36.372">
  <mem-info id="1159" free="2066984" total="28508160" percent="7">
    <mem type="nursery" free="0" total="20971520" percent="0">
      <mem type="allocate" free="0" total="18808832" percent="0" />
      <mem type="survivor" free="0" total="2162688" percent="0" />
    </mem>
    <mem type="tenure" free="2066984" total="7536640" percent="27">
      <mem type="soa" free="1690152" total="7159808" percent="23" />
      <mem type="loa" free="376832" total="376832" percent="100" />
    </mem>
    <remembered-set count="7299" />
  </mem-info>
</gc-start>
<allocation-stats totalBytes="18186240" >
  <allocated-bytes non-tlh="40" tlh="18186200" />
  <largest-consumer threadName="Thread-8" threadId="0000000001565500" bytes="5471592" />
</allocation-stats>
<gc-op id="1160" type="scavenge" timems="0.825" contextid="1157" timestamp="2019-07-02T19:16:36.373">
  <scavenger-info tenureage="3" tenuremask="4008" tiltratio="89" />
  <memory-copied type="nursery" objects="21824" bytes="800096" bytesdiscarded="83104" />
  <memory-copied type="tenure" objects="1701" bytes="40824" bytesdiscarded="0" />
</gc-op>
<gc-end id="1161" type="scavenge" contextid="1157" durationms="1.275" usertimems="4.000" systemtimems="0.000" timestamp="2019-07-02T19:16:36.373" activeThreads="4">
  <mem-info id="1162" free="20058152" total="28508160" percent="70">
    <mem type="nursery" free="17991168" total="20971520" percent="85">
      <mem type="allocate" free="17991168" total="18874368" percent="95" />
      <mem type="survivor" free="0" total="2097152" percent="0" />
    </mem>
    <mem type="tenure" free="2066984" total="7536640" percent="27">
      <mem type="soa" free="1690152" total="7159808" percent="23" />
      <mem type="loa" free="376832" total="376832" percent="100" />
    </mem>
    <remembered-set count="5597" />
  </mem-info>
</gc-end>
<cycle-end id="1163" type="scavenge" contextid="1157" timestamp="2019-07-02T19:16:36.373">
  <attribute name="GC Util" value="21" />
  <attribute name="CPU Util" value="1223383662003" />
  <attribute name="Time Running"value="1742"/>
  <attribute name="Number of cores"value="4"/>
</cycle-end>
<allocation-satisfied id="1164" threadId="0000000001565500" bytesRequested="40" />
<af-end id="1165" timestamp="2019-07-02T19:16:36.373" threadId="0000000001565E88" success="true" from="nursery"/>
<exclusive-end id="1166" timestamp="2019-07-02T19:16:36.373" durationms="1.953" />

<exclusive-start id="1167" timestamp="2019-07-02T19:16:36.386" intervalms="14.530">
  <response-info timems="0.033" idlems="0.033" threads="0" lastid="0000000001561900" lastname="Thread-10" />
</exclusive-start>
<af-start id="1168" threadId="0000000001562288" totalBytesRequested="24" timestamp="2019-07-02T19:16:36.386" intervalms="14.502" type="nursery" />
<cycle-start id="1169" type="scavenge" contextid="0" timestamp="2019-07-02T19:16:36.386" intervalms="14.495" />
  <attribute name="GC Util" value="21" />
  <attribute name="CPU Util" value="1223383662003" />
  <attribute name="Time Running"value="1742"/>
  <attribute name="Number of cores"value="4"/>
<gc-start id="1170" type="scavenge" contextid="1169" timestamp="2019-07-02T19:16:36.386">
  <mem-info id="1171" free="2066984" total="28508160" percent="7">
    <mem type="nursery" free="0" total="20971520" percent="0">
      <mem type="allocate" free="0" total="18874368" percent="0" />
      <mem type="survivor" free="0" total="2097152" percent="0" />
    </mem>
    <mem type="tenure" free="2066984" total="7536640" percent="27">
      <mem type="soa" free="1690152" total="7159808" percent="23" />
      <mem type="loa" free="376832" total="376832" percent="100" />
    </mem>
    <remembered-set count="6410" />
  </mem-info>
</gc-start>
<allocation-stats totalBytes="17989112" >
  <allocated-bytes non-tlh="40" tlh="17989072" />
  <largest-consumer threadName="Thread-9" threadId="000000000155A100" bytes="4916136" />
</allocation-stats>
<gc-op id="1172" type="scavenge" timems="1.435" contextid="1169" timestamp="2019-07-02T19:16:36.388">
  <scavenger-info tenureage="3" tenuremask="4008" tiltratio="90" />
  <memory-copied type="nursery" objects="20218" bytes="761368" bytesdiscarded="144104" />
  <memory-copied type="tenure" objects="2275" bytes="54600" bytesdiscarded="16" />
</gc-op>
<heap-resize id="1173" type="expand" space="nursery" amount="917504" count="1" timems="0.016" reason="excessive time being spent scavenging" timestamp="2019-07-02T19:16:36.388" />
<gc-end id="1174" type="scavenge" contextid="1169" durationms="1.684" usertimems="4.000" systemtimems="0.000" timestamp="2019-07-02T19:16:36.388" activeThreads="4">
  <mem-info id="1175" free="20772240" total="29425664" percent="70">
    <mem type="nursery" free="18755328" total="21889024" percent="85">
      <mem type="allocate" free="18755328" total="19660800" percent="95" />
      <mem type="survivor" free="0" total="2228224" percent="0" />
    </mem>
    <mem type="tenure" free="2016912" total="7536640" percent="26">
      <mem type="soa" free="1640080" total="7159808" percent="22" />
      <mem type="loa" free="376832" total="376832" percent="100" />
    </mem>
    <remembered-set count="4134" />
  </mem-info>
</gc-end>
<cycle-end id="1176" type="scavenge" contextid="1169" timestamp="2019-07-02T19:16:36.388">
  <attribute name="GC Util" value="20" />
  <attribute name="CPU Util" value="1290409380912" />
  <attribute name="Time Running"value="1757"/>
  <attribute name="Number of cores"value="4"/>
</cycle-end>
<allocation-satisfied id="1177" threadId="0000000001561900" bytesRequested="24" />
<af-end id="1178" timestamp="2019-07-02T19:16:36.388" threadId="0000000001562288" success="true" from="nursery"/>
<exclusive-end id="1179" timestamp="2019-07-02T19:16:36.388" durationms="2.176" />

<exclusive-start id="1180" timestamp="2019-07-02T19:16:36.403" intervalms="17.296">
  <response-info timems="0.023" idlems="0.023" threads="0" lastid="000000000155A100" lastname="Thread-9" />
</exclusive-start>
<af-start id="1181" threadId="000000000155AA88" totalBytesRequested="48" timestamp="2019-07-02T19:16:36.403" intervalms="17.281" type="nursery" />
<cycle-start id="1182" type="scavenge" contextid="0" timestamp="2019-07-02T19:16:36.403" intervalms="17.257" />
  <attribute name="GC Util" value="20" />
  <attribute name="CPU Util" value="1290409380912" />
  <attribute name="Time Running"value="1757"/>
  <attribute name="Number of cores"value="4"/>
<gc-start id="1183" type="scavenge" contextid="1182" timestamp="2019-07-02T19:16:36.403">
  <mem-info id="1184" free="2016912" total="29425664" percent="6">
    <mem type="nursery" free="0" total="21889024" percent="0">
      <mem type="allocate" free="0" total="19660800" percent="0" />
      <mem type="survivor" free="0" total="2228224" percent="0" />
    </mem>
    <mem type="tenure" free="2016912" total="7536640" percent="26">
      <mem type="soa" free="1640080" total="7159808" percent="22" />
      <mem type="loa" free="376832" total="376832" percent="100" />
    </mem>
    <remembered-set count="4609" />
  </mem-info>
</gc-start>
<allocation-stats totalBytes="18753160" >
  <allocated-bytes non-tlh="24" tlh="18753136" />
  <largest-consumer threadName="Thread-8" threadId="0000000001565500" bytes="4947456" />
</allocation-stats>
<gc-op id="1185" type="scavenge" timems="2.378" contextid="1182" timestamp="2019-07-02T19:16:36.406">
  <scavenger-info tenureage="14" tenuremask="4000" tiltratio="89" />
  <memory-copied type="nursery" objects="26538" bytes="1100176" bytesdiscarded="150392" />
</gc-op>
<heap-resize id="1186" type="expand" space="nursery" amount="1179648" count="1" timems="0.014" reason="excessive time being spent scavenging" timestamp="2019-07-02T19:16:36.406" />
<gc-end id="1187" type="scavenge" contextid="1182" durationms="3.050" usertimems="0.000" systemtimems="4.000" timestamp="2019-07-02T19:16:36.407" activeThreads="4">
  <mem-info id="1188" free="21475720" total="30605312" percent="70">
    <mem type="nursery" free="19458808" total="23068672" percent="84">
      <mem type="allocate" free="19458808" total="20709376" percent="93" />
      <mem type="survivor" free="0" total="2359296" percent="0" />
    </mem>
    <mem type="tenure" free="2016912" total="7536640" percent="26">
      <mem type="soa" free="1640080" total="7159808" percent="22" />
      <mem type="loa" free="376832" total="376832" percent="100" />
    </mem>
    <remembered-set count="4609" />
  </mem-info>
</gc-end>
<cycle-end id="1189" type="scavenge" contextid="1182" timestamp="2019-07-02T19:16:36.407">
  <attribute name="GC Util" value="22" />
  <attribute name="CPU Util" value="1062223240436" />
  <attribute name="Time Running"value="1774"/>
  <attribute name="Number of cores"value="4"/>
</cycle-end>
<allocation-satisfied id="1190" threadId="000000000155A100" bytesRequested="48" />
<af-end id="1191" timestamp="2019-07-02T19:16:36.407" threadId="000000000155AA88" success="true" from="nursery"/>
<exclusive-end id="1192" timestamp="2019-07-02T19:16:36.407" durationms="3.751" />

<exclusive-start id="1193" timestamp="2019-07-02T19:16:36.420" intervalms="16.453">
  <response-info timems="0.162" idlems="0.090" threads="1" lastid="0000000001565500" lastname="Thread-8" />
</exclusive-start>
<af-start id="1194" threadId="000000000155AA88" totalBytesRequested="40" timestamp="2019-07-02T19:16:36.420" intervalms="16.472" type="nursery" />
<cycle-start id="1195" type="scavenge" contextid="0" timestamp="2019-07-02T19:16:36.420" intervalms="16.497" />
  <attribute name="GC Util" value="22" />
  <attribute name="CPU Util" value="1062223240436" />
  <attribute name="Time Running"value="1774"/>
  <attribute name="Number of cores"value="4"/>
<gc-start id="1196" type="scavenge" contextid="1195" timestamp="2019-07-02T19:16:36.420">
  <mem-info id="1197" free="2016912" total="30605312" percent="6">
    <mem type="nursery" free="0" total="23068672" percent="0">
      <mem type="allocate" free="0" total="20709376" percent="0" />
      <mem type="survivor" free="0" total="2359296" percent="0" />
    </mem>
    <mem type="tenure" free="2016912" total="7536640" percent="26">
      <mem type="soa" free="1640080" total="7159808" percent="22" />
      <mem type="loa" free="376832" total="376832" percent="100" />
    </mem>
    <remembered-set count="4609" />
  </mem-info>
</gc-start>
<allocation-stats totalBytes="19456616" >
  <allocated-bytes non-tlh="48" tlh="19456568" />
  <largest-consumer threadName="Thread-9" threadId="000000000155A100" bytes="6520096" />
</allocation-stats>
<gc-op id="1198" type="scavenge" timems="1.747" contextid="1195" timestamp="2019-07-02T19:16:36.422">
  <scavenger-info tenureage="4" tenuremask="4010" tiltratio="89" />
  <memory-copied type="nursery" objects="29956" bytes="1269632" bytesdiscarded="60544" />
  <memory-copied type="tenure" objects="3175" bytes="76200" bytesdiscarded="0" />
</gc-op>
<heap-resize id="1199" type="expand" space="nursery" amount="1441792" count="1" timems="0.014" reason="excessive time being spent scavenging" timestamp="2019-07-02T19:16:36.422" />
<gc-end id="1200" type="scavenge" contextid="1195" durationms="2.434" usertimems="4.000" systemtimems="0.000" timestamp="2019-07-02T19:16:36.422" activeThreads="4">
  <mem-info id="1201" free="22584320" total="32047104" percent="70">
    <mem type="nursery" free="20624384" total="24510464" percent="84">
      <mem type="allocate" free="20624384" total="21954560" percent="93" />
      <mem type="survivor" free="0" total="2555904" percent="0" />
    </mem>
    <mem type="tenure" free="1959936" total="7536640" percent="26">
      <mem type="soa" free="1583104" total="7159808" percent="22" />
      <mem type="loa" free="376832" total="376832" percent="100" />
    </mem>
    <remembered-set count="2455" />
  </mem-info>
</gc-end>
<cycle-end id="1202" type="scavenge" contextid="1195" timestamp="2019-07-02T19:16:36.423">
  <attribute name="GC Util" value="32" />
  <attribute name="CPU Util" value="1111910357980" />
  <attribute name="Time Running"value="1791"/>
  <attribute name="Number of cores"value="4"/>
</cycle-end>
<allocation-satisfied id="1203" threadId="000000000155A100" bytesRequested="40" />
<af-end id="1204" timestamp="2019-07-02T19:16:36.423" threadId="000000000155AA88" success="true" from="nursery"/>
<exclusive-end id="1205" timestamp="2019-07-02T19:16:36.423" durationms="3.301" />

<exclusive-start id="1206" timestamp="2019-07-02T19:16:36.437" intervalms="17.378">
  <response-info timems="0.039" idlems="0.039" threads="0" lastid="0000000001565500" lastname="Thread-8" />
</exclusive-start>
<af-start id="1207" threadId="0000000001565E88" totalBytesRequested="40" timestamp="2019-07-02T19:16:36.437" intervalms="17.411" type="nursery" />
<cycle-start id="1208" type="scavenge" contextid="0" timestamp="2019-07-02T19:16:36.437" intervalms="17.496" />
  <attribute name="GC Util" value="32" />
  <attribute name="CPU Util" value="1111910357980" />
  <attribute name="Time Running"value="1791"/>
  <attribute name="Number of cores"value="4"/>
<gc-start id="1209" type="scavenge" contextid="1208" timestamp="2019-07-02T19:16:36.438">
  <mem-info id="1210" free="1959936" total="32047104" percent="6">
    <mem type="nursery" free="0" total="24510464" percent="0">
      <mem type="allocate" free="0" total="21954560" percent="0" />
      <mem type="survivor" free="0" total="2555904" percent="0" />
    </mem>
    <mem type="tenure" free="1959936" total="7536640" percent="26">
      <mem type="soa" free="1583104" total="7159808" percent="22" />
      <mem type="loa" free="376832" total="376832" percent="100" />
    </mem>
    <remembered-set count="2455" />
  </mem-info>
</gc-start>
<allocation-stats totalBytes="20621856" >
  <allocated-bytes non-tlh="40" tlh="20621816" />
  <largest-consumer threadName="Thread-9" threadId="000000000155A100" bytes="6172904" />
</allocation-stats>
<gc-op id="1211" type="scavenge" timems="1.356" contextid="1208" timestamp="2019-07-02T19:16:36.439">
  <scavenger-info tenureage="2" tenuremask="400c" tiltratio="89" />
  <memory-copied type="nursery" objects="10278" bytes="335512" bytesdiscarded="167528" />
  <memory-copied type="tenure" objects="21032" bytes="966936" bytesdiscarded="336" />
</gc-op>
<gc-end id="1212" type="scavenge" contextid="1208" durationms="1.803" usertimems="4.000" systemtimems="0.000" timestamp="2019-07-02T19:16:36.439" activeThreads="4">
  <mem-info id="1213" free="22439640" total="32047104" percent="70">
    <mem type="nursery" free="21517056" total="24510464" percent="87">
      <mem type="allocate" free="21517056" total="22020096" percent="97" />
      <mem type="survivor" free="0" total="2490368" percent="0" />
    </mem>
    <mem type="tenure" free="922584" total="7536640" percent="12">
      <mem type="soa" free="545752" total="7159808" percent="7" />
      <mem type="loa" free="376832" total="376832" percent="100" />
    </mem>
    <remembered-set count="3435" />
  </mem-info>
</gc-end>
<cycle-end id="1214" type="scavenge" contextid="1208" timestamp="2019-07-02T19:16:36.440">
  <attribute name="GC Util" value="27" />
  <attribute name="CPU Util" value="1049076263802" />
  <attribute name="Time Running"value="1808"/>
  <attribute name="Number of cores"value="4"/>
</cycle-end>
<allocation-satisfied id="1215" threadId="0000000001565500" bytesRequested="40" />
<af-end id="1216" timestamp="2019-07-02T19:16:36.440" threadId="0000000001565E88" success="true" from="nursery"/>
<exclusive-end id="1217" timestamp="2019-07-02T19:16:36.440" durationms="2.848" />

<exclusive-start id="1218" timestamp="2019-07-02T19:16:36.454" intervalms="16.935">
  <response-info timems="0.024" idlems="0.024" threads="0" lastid="000000000155A100" lastname="Thread-9" />
</exclusive-start>
<af-start id="1219" threadId="000000000155AA88" totalBytesRequested="40" timestamp="2019-07-02T19:16:36.454" intervalms="16.911" type="nursery" />
<cycle-start id="1220" type="scavenge" contextid="0" timestamp="2019-07-02T19:16:36.454" intervalms="16.860" />
  <attribute name="GC Util" value="27" />
  <attribute name="CPU Util" value="1049076263802" />
  <attribute name="Time Running"value="1808"/>
  <attribute name="Number of cores"value="4"/>
<gc-start id="1221" type="scavenge" contextid="1220" timestamp="2019-07-02T19:16:36.454">
  <mem-info id="1222" free="922584" total="32047104" percent="2">
    <mem type="nursery" free="0" total="24510464" percent="0">
      <mem type="allocate" free="0" total="22020096" percent="0" />
      <mem type="survivor" free="0" total="2490368" percent="0" />
    </mem>
    <mem type="tenure" free="922584" total="7536640" percent="12">
      <mem type="soa" free="545752" total="7159808" percent="7" />
      <mem type="loa" free="376832" total="376832" percent="100" />
    </mem>
    <remembered-set count="4715" />
  </mem-info>
</gc-start>
<allocation-stats totalBytes="21514432" >
  <allocated-bytes non-tlh="40" tlh="21514392" />
  <largest-consumer threadName="Thread-9" threadId="000000000155A100" bytes="6192304" />
</allocation-stats>
<gc-op id="1223" type="scavenge" timems="1.149" contextid="1220" timestamp="2019-07-02T19:16:36.456">
  <scavenger-info tenureage="5" tenuremask="4020" tiltratio="89" />
  <memory-copied type="nursery" objects="9601" bytes="319064" bytesdiscarded="156328" />
  <memory-copied type="tenure" objects="2104" bytes="50496" bytesdiscarded="0" />
</gc-op>
<gc-end id="1224" type="scavenge" contextid="1220" durationms="1.660" usertimems="4.000" systemtimems="0.000" timestamp="2019-07-02T19:16:36.456" activeThreads="4">
  <mem-info id="1225" free="22434912" total="32047104" percent="70">
    <mem type="nursery" free="21544704" total="24510464" percent="87">
      <mem type="allocate" free="21544704" total="22020096" percent="97" />
      <mem type="survivor" free="0" total="2490368" percent="0" />
    </mem>
    <mem type="tenure" free="890208" total="7536640" percent="11">
      <mem type="soa" free="513376" total="7159808" percent="7" />
      <mem type="loa" free="376832" total="376832" percent="100" />
    </mem>
    <remembered-set count="3634" />
  </mem-info>
</gc-end>
<cycle-end id="1226" type="scavenge" contextid="1220" timestamp="2019-07-02T19:16:36.456">
  <attribute name="GC Util" value="27" />
  <attribute name="CPU Util" value="1102785563594" />
  <attribute name="Time Running"value="1825"/>
  <attribute name="Number of cores"value="4"/>
</cycle-end>
<allocation-satisfied id="1227" threadId="000000000155A100" bytesRequested="40" />
<af-end id="1228" timestamp="2019-07-02T19:16:36.456" threadId="000000000155AA88" success="true" from="nursery"/>
<exclusive-end id="1229" timestamp="2019-07-02T19:16:36.456" durationms="2.448" />

<exclusive-start id="1230" timestamp="2019-07-02T19:16:36.471" intervalms="17.094">
  <response-info timems="0.021" idlems="0.021" threads="0" lastid="000000000155A100" lastname="Thread-9" />
</exclusive-start>
<af-start id="1231" threadId="000000000155AA88" totalBytesRequested="40" timestamp="2019-07-02T19:16:36.471" intervalms="17.087" type="nursery" />
<cycle-start id="1232" type="scavenge" contextid="0" timestamp="2019-07-02T19:16:36.471" intervalms="17.052" />
  <attribute name="GC Util" value="27" />
  <attribute name="CPU Util" value="1102785563594" />
  <attribute name="Time Running"value="1825"/>
  <attribute name="Number of cores"value="4"/>
<gc-start id="1233" type="scavenge" contextid="1232" timestamp="2019-07-02T19:16:36.471">
  <mem-info id="1234" free="890208" total="32047104" percent="2">
    <mem type="nursery" free="0" total="24510464" percent="0">
      <mem type="allocate" free="0" total="22020096" percent="0" />
      <mem type="survivor" free="0" total="2490368" percent="0" />
    </mem>
    <mem type="tenure" free="890208" total="7536640" percent="11">
      <mem type="soa" free="513376" total="7159808" percent="7" />
      <mem type="loa" free="376832" total="376832" percent="100" />
    </mem>
    <remembered-set count="4675" />
  </mem-info>
</gc-start>
<allocation-stats totalBytes="21542168" >
  <allocated-bytes non-tlh="40" tlh="21542128" />
  <largest-consumer threadName="Thread-9" threadId="000000000155A100" bytes="6126920" />
</allocation-stats>
<gc-op id="1235" type="scavenge" timems="1.195" contextid="1232" timestamp="2019-07-02T19:16:36.473">
  <scavenger-info tenureage="3" tenuremask="4008" tiltratio="89" />
  <memory-copied type="nursery" objects="4352" bytes="105984" bytesdiscarded="89856" />
  <memory-copied type="tenure" objects="6569" bytes="244992" bytesdiscarded="120" />
</gc-op>
<heap-resize id="1236" type="expand" space="nursery" amount="1048576" count="1" timems="0.017" reason="excessive time being spent scavenging" timestamp="2019-07-02T19:16:36.473" />
<gc-end id="1237" type="scavenge" contextid="1232" durationms="1.812" usertimems="4.000" systemtimems="0.000" timestamp="2019-07-02T19:16:36.473" activeThreads="4">
  <mem-info id="1238" free="23391248" total="33095680" percent="70">
    <mem type="nursery" free="22741760" total="25559040" percent="88">
      <mem type="allocate" free="22741760" total="22937600" percent="99" />
      <mem type="survivor" free="0" total="2621440" percent="0" />
    </mem>
    <mem type="tenure" free="649488" total="7536640" percent="8">
      <mem type="soa" free="272656" total="7159808" percent="3" />
      <mem type="loa" free="376832" total="376832" percent="100" />
    </mem>
    <remembered-set count="4130" />
  </mem-info>
</gc-end>
<cycle-end id="1239" type="scavenge" contextid="1232" timestamp="2019-07-02T19:16:36.473">
  <attribute name="GC Util" value="16" />
  <attribute name="CPU Util" value="1083093453378" />
  <attribute name="Time Running"value="1842"/>
  <attribute name="Number of cores"value="4"/>
</cycle-end>
<allocation-satisfied id="1240" threadId="000000000155A100" bytesRequested="40" />
<af-end id="1241" timestamp="2019-07-02T19:16:36.473" threadId="000000000155AA88" success="true" from="nursery"/>
<exclusive-end id="1242" timestamp="2019-07-02T19:16:36.473" durationms="2.384" />

<concurrent-kickoff id="1243" timestamp="2019-07-02T19:16:36.489">
  <kickoff reason="threshold reached" targetBytes="2392934" thresholdFreeBytes="336792"  remainingFree="328448" tenureFreeBytes="649488" nurseryFreeBytes="328448" />
</concurrent-kickoff>
<exclusive-start id="1244" timestamp="2019-07-02T19:16:36.489" intervalms="17.736">
  <response-info timems="0.030" idlems="0.030" threads="0" lastid="0000000001561900" lastname="Thread-10" />
</exclusive-start>
<cycle-start id="1245" type="global" contextid="0" timestamp="2019-07-02T19:16:36.489" intervalms="256.149" />
  <attribute name="GC Util" value="16" />
  <attribute name="CPU Util" value="1083093453378" />
  <attribute name="Time Running"value="1842"/>
  <attribute name="Number of cores"value="4"/>
<exclusive-end id="1246" timestamp="2019-07-02T19:16:36.489" durationms="0.173" />

<exclusive-start id="1247" timestamp="2019-07-02T19:16:36.489" intervalms="0.543">
  <response-info timems="0.021" idlems="0.021" threads="0" lastid="0000000001565500" lastname="Thread-8" />
</exclusive-start>
<af-start id="1248" threadId="0000000001565E88" totalBytesRequested="40" timestamp="2019-07-02T19:16:36.489" intervalms="18.287" type="nursery" />
<cycle-start id="1249" type="scavenge" contextid="0" timestamp="2019-07-02T19:16:36.490" intervalms="18.291" />
  <attribute name="GC Util" value="16" />
  <attribute name="CPU Util" value="1083093453378" />
  <attribute name="Time Running"value="1842"/>
  <attribute name="Number of cores"value="4"/>
<gc-start id="1250" type="scavenge" contextid="1249" timestamp="2019-07-02T19:16:36.490">
  <mem-info id="1251" free="649488" total="33095680" percent="1">
    <mem type="nursery" free="0" total="25559040" percent="0">
      <mem type="allocate" free="0" total="22937600" percent="0" />
      <mem type="survivor" free="0" total="2621440" percent="0" />
    </mem>
    <mem type="tenure" free="649488" total="7536640" percent="8">
      <mem type="soa" free="272656" total="7159808" percent="3" />
      <mem type="loa" free="376832" total="376832" percent="100" />
    </mem>
    <remembered-set count="5419" />
  </mem-info>
</gc-start>
<allocation-stats totalBytes="22738816" >
  <allocated-bytes non-tlh="40" tlh="22738776" />
  <largest-consumer threadName="Thread-9" threadId="000000000155A100" bytes="6126944" />
</allocation-stats>
<gc-op id="1252" type="scavenge" timems="0.413" contextid="1249" timestamp="2019-07-02T19:16:36.490">
  <scavenger-info tenureage="3" tenuremask="4008" tiltratio="89" />
  <memory-copied type="nursery" objects="4279" bytes="103992" bytesdiscarded="276168" />
  <memory-copied type="tenure" objects="1280" bytes="30720" bytesdiscarded="0" />
</gc-op>
<gc-end id="1253" type="scavenge" contextid="1249" durationms="0.711" usertimems="0.000" systemtimems="0.000" timestamp="2019-07-02T19:16:36.490" activeThreads="4">
  <mem-info id="1254" free="23272464" total="33095680" percent="70">
    <mem type="nursery" free="22622976" total="25559040" percent="88">
      <mem type="allocate" free="22622976" total="23003136" percent="98" />
      <mem type="survivor" free="0" total="2555904" percent="0" />
    </mem>
    <mem type="tenure" free="649488" total="7536640" percent="8">
      <mem type="soa" free="272656" total="7159808" percent="3" />
      <mem type="loa" free="376832" total="376832" percent="100" />
    </mem>
    <remembered-set count="4139" />
  </mem-info>
</gc-end>
<cycle-end id="1255" type="scavenge" contextid="1249" timestamp="2019-07-02T19:16:36.490">
  <attribute name="GC Util" value="16" />
  <attribute name="CPU Util" value="1009711806243" />
  <attribute name="Time Running"value="1860"/>
  <attribute name="Number of cores"value="4"/>
</cycle-end>
<allocation-satisfied id="1256" threadId="0000000001565500" bytesRequested="40" />
<af-end id="1257" timestamp="2019-07-02T19:16:36.491" threadId="0000000001565E88" success="true" from="nursery"/>
<exclusive-end id="1258" timestamp="2019-07-02T19:16:36.491" durationms="1.350" />

<exclusive-start id="1259" timestamp="2019-07-02T19:16:36.508" intervalms="18.951">
  <response-info timems="0.024" idlems="0.024" threads="0" lastid="0000000001561900" lastname="Thread-10" />
</exclusive-start>
<af-start id="1260" threadId="0000000001562288" totalBytesRequested="40" timestamp="2019-07-02T19:16:36.508" intervalms="18.951" type="nursery" />
<cycle-start id="1261" type="scavenge" contextid="0" timestamp="2019-07-02T19:16:36.509" intervalms="18.951" />
  <attribute name="GC Util" value="16" />
  <attribute name="CPU Util" value="1009711806243" />
  <attribute name="Time Running"value="1860"/>
  <attribute name="Number of cores"value="4"/>
<gc-start id="1262" type="scavenge" contextid="1261" timestamp="2019-07-02T19:16:36.509">
  <mem-info id="1263" free="649488" total="33095680" percent="1">
    <mem type="nursery" free="0" total="25559040" percent="0">
      <mem type="allocate" free="0" total="23003136" percent="0" />
      <mem type="survivor" free="0" total="2555904" percent="0" />
    </mem>
    <mem type="tenure" free="649488" total="7536640" percent="8">
      <mem type="soa" free="272656" total="7159808" percent="3" />
      <mem type="loa" free="376832" total="376832" percent="100" />
    </mem>
    <remembered-set count="5752" />
  </mem-info>
</gc-start>
<allocation-stats totalBytes="22620024" >
  <allocated-bytes non-tlh="40" tlh="22619984" />
  <largest-consumer threadName="Thread-7" threadId="000000000155DD00" bytes="6257952" />
</allocation-stats>
<gc-op id="1264" type="scavenge" timems="1.528" contextid="1261" timestamp="2019-07-02T19:16:36.510">
  <scavenger-info tenureage="3" tenuremask="4008" tiltratio="90" />
  <memory-copied type="nursery" objects="4507" bytes="109840" bytesdiscarded="155888" />
  <memory-copied type="tenure" objects="1480" bytes="35520" bytesdiscarded="16" />
</gc-op>
<gc-end id="1265" type="scavenge" contextid="1261" durationms="1.806" usertimems="0.000" systemtimems="0.000" timestamp="2019-07-02T19:16:36.510" activeThreads="4">
  <mem-info id="1266" free="23326032" total="33095680" percent="70">
    <mem type="nursery" free="22737408" total="25559040" percent="88">
      <mem type="allocate" free="22737408" total="23003136" percent="98" />
      <mem type="survivor" free="0" total="2555904" percent="0" />
    </mem>
    <mem type="tenure" free="588624" total="7536640" percent="7">
      <mem type="soa" free="211792" total="7159808" percent="2" />
      <mem type="loa" free="376832" total="376832" percent="100" />
    </mem>
    <remembered-set count="4272" />
  </mem-info>
</gc-end>
<cycle-end id="1267" type="scavenge" contextid="1261" timestamp="2019-07-02T19:16:36.511">
  <attribute name="GC Util" value="5" />
  <attribute name="CPU Util" value="974799756012" />
  <attribute name="Time Running"value="1879"/>
  <attribute name="Number of cores"value="4"/>
</cycle-end>
<allocation-satisfied id="1268" threadId="0000000001561900" bytesRequested="40" />
<af-end id="1269" timestamp="2019-07-02T19:16:36.511" threadId="0000000001562288" success="true" from="nursery"/>
<exclusive-end id="1270" timestamp="2019-07-02T19:16:36.511" durationms="3.146" />

<exclusive-start id="1271" timestamp="2019-07-02T19:16:36.512" intervalms="3.777">
  <response-info timems="0.018" idlems="0.018" threads="0" lastid="0000000001561900" lastname="Thread-10" />
</exclusive-start>
<concurrent-collection-start id="1272" timestamp="2019-07-02T19:16:36.512" intervalms="235.608" >
  <concurrent-trace-info reason="card cleaning threshold reached" tracedByMutators="1979188" tracedByHelpers="827872" cardsCleaned="762" workStackOverflowCount="0" />
</concurrent-collection-start>
<gc-start id="1273" type="global" contextid="1245" timestamp="2019-07-02T19:16:36.512">
  <mem-info id="1274" free="22994216" total="33095680" percent="69">
    <mem type="nursery" free="22405592" total="25559040" percent="87">
      <mem type="allocate" free="22405592" total="23003136" percent="97" />
      <mem type="survivor" free="0" total="2555904" percent="0" />
    </mem>
    <mem type="tenure" free="588624" total="7536640" percent="7">
      <mem type="soa" free="211792" total="7159808" percent="2" />
      <mem type="loa" free="376832" total="376832" percent="100" />
    </mem>
    <remembered-set count="4288" />
  </mem-info>
</gc-start>
<allocation-stats totalBytes="331800" >
  <allocated-bytes non-tlh="40" tlh="331760" />
  <largest-consumer threadName="Thread-10" threadId="0000000001561900" bytes="135192" />
</allocation-stats>
<gc-op id="1275" type="rs-scan" timems="0.652" contextid="1245" timestamp="2019-07-02T19:16:36.513">
  <scan objectsFound="4184" bytesTraced="390824" workStackOverflowCount="0" />
</gc-op>
<gc-op id="1276" type="card-cleaning" timems="0.425" contextid="1245" timestamp="2019-07-02T19:16:36.514">
  <card-cleaning cardsCleaned="14" bytesTraced="12448" workStackOverflowCount="0" />
</gc-op>
<gc-op id="1277" type="mark" timems="1.030" contextid="1245" timestamp="2019-07-02T19:16:36.515">
  <trace-info objectcount="607" scancount="575" scanbytes="15784" />
  <finalization candidates="124" enqueued="0" />
  <ownableSynchronizers candidates="3" cleared="0" />
  <references type="soft" candidates="146" cleared="0" enqueued="0" dynamicThreshold="14" maxThreshold="32" />
  <references type="weak" candidates="696" cleared="0" enqueued="0" />
  <references type="phantom" candidates="39" cleared="0" enqueued="0" />
  <stringconstants candidates="4574" cleared="0"  />
</gc-op>
<gc-op id="1278" type="sweep" timems="0.678" contextid="1245" timestamp="2019-07-02T19:16:36.515" />
<gc-end id="1279" type="global" contextid="1245" durationms="3.247" usertimems="8.000" systemtimems="0.000" timestamp="2019-07-02T19:16:36.516" activeThreads="4">
  <mem-info id="1280" free="26019048" total="33095680" percent="78">
    <mem type="nursery" free="22881432" total="25559040" percent="89">
      <mem type="allocate" free="22881432" total="23003136" percent="99" />
      <mem type="survivor" free="0" total="2555904" percent="0" />
    </mem>
    <mem type="tenure" free="3137616" total="7536640" percent="41" micro-fragmented="4109" macro-fragmented="0">
      <mem type="soa" free="2760784" total="7159808" percent="38" />
      <mem type="loa" free="376832" total="376832" percent="100" />
    </mem>
    <remembered-set count="4288" />
  </mem-info>
</gc-end>
<cycle-end id="1281" type="global" contextid="1245" timestamp="2019-07-02T19:16:36.516">
  <attribute name="GC Util" value="212" />
  <attribute name="CPU Util" value="16467645899497" />
  <attribute name="Time Running"value="1885"/>
  <attribute name="Number of cores"value="4"/>
</cycle-end>
<concurrent-collection-end id="1282" timestamp="2019-07-02T19:16:36.516" />
<exclusive-end id="1283" timestamp="2019-07-02T19:16:36.516" durationms="3.678" />

<exclusive-start id="1284" timestamp="2019-07-02T19:16:36.532" intervalms="19.841">
  <response-info timems="0.023" idlems="0.023" threads="0" lastid="000000000155DD00" lastname="Thread-7" />
</exclusive-start>
<af-start id="1285" threadId="000000000155E688" totalBytesRequested="24" timestamp="2019-07-02T19:16:36.532" intervalms="23.665" type="nursery" />
<cycle-start id="1286" type="scavenge" contextid="0" timestamp="2019-07-02T19:16:36.532" intervalms="23.691" />
  <attribute name="GC Util" value="212" />
  <attribute name="CPU Util" value="16467645899497" />
  <attribute name="Time Running"value="1885"/>
  <attribute name="Number of cores"value="4"/>
<gc-start id="1287" type="scavenge" contextid="1286" timestamp="2019-07-02T19:16:36.532">
  <mem-info id="1288" free="3137616" total="33095680" percent="9">
    <mem type="nursery" free="0" total="25559040" percent="0">
      <mem type="allocate" free="0" total="23003136" percent="0" />
      <mem type="survivor" free="0" total="2555904" percent="0" />
    </mem>
    <mem type="tenure" free="3137616" total="7536640" percent="41">
      <mem type="soa" free="2760784" total="7159808" percent="38" />
      <mem type="loa" free="376832" total="376832" percent="100" />
    </mem>
    <remembered-set count="5988" />
  </mem-info>
</gc-start>
<allocation-stats totalBytes="22878312" >
  <allocated-bytes non-tlh="0" tlh="22878312" />
  <largest-consumer threadName="Thread-7" threadId="000000000155DD00" bytes="5958512" />
</allocation-stats>
<gc-op id="1289" type="scavenge" timems="1.169" contextid="1286" timestamp="2019-07-02T19:16:36.534">
  <scavenger-info tenureage="3" tenuremask="ffe8" tiltratio="90" />
  <memory-copied type="nursery" objects="4796" bytes="116168" bytesdiscarded="171832" />
  <memory-copied type="tenure" objects="1266" bytes="30384" bytesdiscarded="0" />
  <ownableSynchronizers candidates="6" cleared="6" />
</gc-op>
<gc-end id="1290" type="scavenge" contextid="1286" durationms="1.521" usertimems="4.000" systemtimems="0.000" timestamp="2019-07-02T19:16:36.534" activeThreads="4">
  <mem-info id="1291" free="25674312" total="33095680" percent="77">
    <mem type="nursery" free="22715136" total="25559040" percent="88">
      <mem type="allocate" free="22715136" total="23003136" percent="98" />
      <mem type="survivor" free="0" total="2555904" percent="0" />
    </mem>
    <mem type="tenure" free="2959176" total="7536640" percent="39">
      <mem type="soa" free="2582344" total="7159808" percent="36" />
      <mem type="loa" free="376832" total="376832" percent="100" />
    </mem>
    <remembered-set count="4722" />
  </mem-info>
</gc-end>
<cycle-end id="1292" type="scavenge" contextid="1286" timestamp="2019-07-02T19:16:36.534">
  <attribute name="GC Util" value="12" />
  <attribute name="CPU Util" value="1035718905016" />
  <attribute name="Time Running"value="1903"/>
  <attribute name="Number of cores"value="4"/>
</cycle-end>
<allocation-satisfied id="1293" threadId="000000000155DD00" bytesRequested="24" />
<af-end id="1294" timestamp="2019-07-02T19:16:36.534" threadId="000000000155E688" success="true" from="nursery"/>
<exclusive-end id="1295" timestamp="2019-07-02T19:16:36.534" durationms="2.206" />

<exclusive-start id="1296" timestamp="2019-07-02T19:16:36.550" intervalms="18.192">
  <response-info timems="0.081" idlems="0.049" threads="1" lastid="0000000001565500" lastname="Thread-8" />
</exclusive-start>
<af-start id="1297" threadId="0000000001562288" totalBytesRequested="40" timestamp="2019-07-02T19:16:36.550" intervalms="18.135" type="nursery" />
<cycle-start id="1298" type="scavenge" contextid="0" timestamp="2019-07-02T19:16:36.550" intervalms="18.105" />
  <attribute name="GC Util" value="12" />
  <attribute name="CPU Util" value="1035718905016" />
  <attribute name="Time Running"value="1903"/>
  <attribute name="Number of cores"value="4"/>
<gc-start id="1299" type="scavenge" contextid="1298" timestamp="2019-07-02T19:16:36.550">
  <mem-info id="1300" free="2959176" total="33095680" percent="8">
    <mem type="nursery" free="0" total="25559040" percent="0">
      <mem type="allocate" free="0" total="23003136" percent="0" />
      <mem type="survivor" free="0" total="2555904" percent="0" />
    </mem>
    <mem type="tenure" free="2959176" total="7536640" percent="39">
      <mem type="soa" free="2582344" total="7159808" percent="36" />
      <mem type="loa" free="376832" total="376832" percent="100" />
    </mem>
    <remembered-set count="6342" />
  </mem-info>
</gc-start>
<allocation-stats totalBytes="22712376" >
  <allocated-bytes non-tlh="24" tlh="22712352" />
  <largest-consumer threadName="Thread-9" threadId="000000000155A100" bytes="5995784" />
</allocation-stats>
<gc-op id="1301" type="scavenge" timems="1.133" contextid="1298" timestamp="2019-07-02T19:16:36.552">
  <scavenger-info tenureage="3" tenuremask="ffe8" tiltratio="90" />
  <memory-copied type="nursery" objects="5149" bytes="124720" bytesdiscarded="286160" />
  <memory-copied type="tenure" objects="1299" bytes="31176" bytesdiscarded="0" />
</gc-op>
<gc-end id="1302" type="scavenge" contextid="1298" durationms="1.411" usertimems="4.000" systemtimems="0.000" timestamp="2019-07-02T19:16:36.552" activeThreads="4">
  <mem-info id="1303" free="25473096" total="33095680" percent="76">
    <mem type="nursery" free="22592256" total="25559040" percent="88">
      <mem type="allocate" free="22592256" total="23003136" percent="98" />
      <mem type="survivor" free="0" total="2555904" percent="0" />
    </mem>
    <mem type="tenure" free="2880840" total="7536640" percent="38">
      <mem type="soa" free="2504008" total="7159808" percent="34" />
      <mem type="loa" free="376832" total="376832" percent="100" />
    </mem>
    <remembered-set count="5043" />
  </mem-info>
</gc-end>
<cycle-end id="1304" type="scavenge" contextid="1298" timestamp="2019-07-02T19:16:36.552">
  <attribute name="GC Util" value="14" />
  <attribute name="CPU Util" value="1023657433691" />
  <attribute name="Time Running"value="1921"/>
  <attribute name="Number of cores"value="4"/>
</cycle-end>
<allocation-satisfied id="1305" threadId="0000000001561900" bytesRequested="40" />
<af-end id="1306" timestamp="2019-07-02T19:16:36.552" threadId="0000000001562288" success="true" from="nursery"/>
<exclusive-end id="1307" timestamp="2019-07-02T19:16:36.552" durationms="1.971" />

<exclusive-start id="1308" timestamp="2019-07-02T19:16:36.566" intervalms="15.941">
  <response-info timems="0.025" idlems="0.025" threads="0" lastid="0000000001565500" lastname="Thread-8" />
</exclusive-start>
<af-start id="1309" threadId="0000000001565E88" totalBytesRequested="40" timestamp="2019-07-02T19:16:36.566" intervalms="15.951" type="nursery" />
<cycle-start id="1310" type="scavenge" contextid="0" timestamp="2019-07-02T19:16:36.566" intervalms="15.959" />
  <attribute name="GC Util" value="14" />
  <attribute name="CPU Util" value="1023657433691" />
  <attribute name="Time Running"value="1921"/>
  <attribute name="Number of cores"value="4"/>
<gc-start id="1311" type="scavenge" contextid="1310" timestamp="2019-07-02T19:16:36.566">
  <mem-info id="1312" free="2880840" total="33095680" percent="8">
    <mem type="nursery" free="0" total="25559040" percent="0">
      <mem type="allocate" free="0" total="23003136" percent="0" />
      <mem type="survivor" free="0" total="2555904" percent="0" />
    </mem>
    <mem type="tenure" free="2880840" total="7536640" percent="38">
      <mem type="soa" free="2504008" total="7159808" percent="34" />
      <mem type="loa" free="376832" total="376832" percent="100" />
    </mem>
    <remembered-set count="6423" />
  </mem-info>
</gc-start>
<allocation-stats totalBytes="22589480" >
  <allocated-bytes non-tlh="40" tlh="22589440" />
  <largest-consumer threadName="Thread-7" threadId="000000000155DD00" bytes="6389016" />
</allocation-stats>
<gc-op id="1313" type="scavenge" timems="0.584" contextid="1310" timestamp="2019-07-02T19:16:36.567">
  <scavenger-info tenureage="3" tenuremask="ffe8" tiltratio="90" />
  <memory-copied type="nursery" objects="11368" bytes="411896" bytesdiscarded="191752" />
  <memory-copied type="tenure" objects="1608" bytes="38592" bytesdiscarded="16" />
</gc-op>
<heap-resize id="1314" type="expand" space="nursery" amount="1179648" count="1" timems="0.015" reason="excessive time being spent scavenging" timestamp="2019-07-02T19:16:36.567" />
<gc-end id="1315" type="scavenge" contextid="1310" durationms="1.159" usertimems="0.000" systemtimems="0.000" timestamp="2019-07-02T19:16:36.568" activeThreads="4">
  <mem-info id="1316" free="26272416" total="34275328" percent="76">
    <mem type="nursery" free="23448064" total="26738688" percent="87">
      <mem type="allocate" free="23448064" total="24051712" percent="97" />
      <mem type="survivor" free="0" total="2686976" percent="0" />
    </mem>
    <mem type="tenure" free="2824352" total="7536640" percent="37">
      <mem type="soa" free="2447520" total="7159808" percent="34" />
      <mem type="loa" free="376832" total="376832" percent="100" />
    </mem>
    <remembered-set count="4815" />
  </mem-info>
</gc-end>
<cycle-end id="1317" type="scavenge" contextid="1310" timestamp="2019-07-02T19:16:36.568">
  <attribute name="GC Util" value="15" />
  <attribute name="CPU Util" value="1147182222638" />
  <attribute name="Time Running"value="1937"/>
  <attribute name="Number of cores"value="4"/>
</cycle-end>
<allocation-satisfied id="1318" threadId="0000000001565500" bytesRequested="40" />
<af-end id="1319" timestamp="2019-07-02T19:16:36.568" threadId="0000000001565E88" success="true" from="nursery"/>
<exclusive-end id="1320" timestamp="2019-07-02T19:16:36.568" durationms="1.729" />

<exclusive-start id="1321" timestamp="2019-07-02T19:16:36.581" intervalms="14.956">
  <response-info timems="0.036" idlems="0.036" threads="0" lastid="0000000001565500" lastname="Thread-8" />
</exclusive-start>
<af-start id="1322" threadId="0000000001565E88" totalBytesRequested="40" timestamp="2019-07-02T19:16:36.581" intervalms="14.918" type="nursery" />
<cycle-start id="1323" type="scavenge" contextid="0" timestamp="2019-07-02T19:16:36.581" intervalms="14.917" />
  <attribute name="GC Util" value="15" />
  <attribute name="CPU Util" value="1147182222638" />
  <attribute name="Time Running"value="1937"/>
  <attribute name="Number of cores"value="4"/>
<gc-start id="1324" type="scavenge" contextid="1323" timestamp="2019-07-02T19:16:36.581">
  <mem-info id="1325" free="2824352" total="34275328" percent="8">
    <mem type="nursery" free="0" total="26738688" percent="0">
      <mem type="allocate" free="0" total="24051712" percent="0" />
      <mem type="survivor" free="0" total="2686976" percent="0" />
    </mem>
    <mem type="tenure" free="2824352" total="7536640" percent="37">
      <mem type="soa" free="2447520" total="7159808" percent="34" />
      <mem type="loa" free="376832" total="376832" percent="100" />
    </mem>
    <remembered-set count="5781" />
  </mem-info>
</gc-start>
<allocation-stats totalBytes="23445072" >
  <allocated-bytes non-tlh="40" tlh="23445032" />
  <largest-consumer threadName="Thread-9" threadId="000000000155A100" bytes="8354944" />
</allocation-stats>
<gc-op id="1326" type="scavenge" timems="0.921" contextid="1323" timestamp="2019-07-02T19:16:36.582">
  <scavenger-info tenureage="3" tenuremask="ffe8" tiltratio="89" />
  <memory-copied type="nursery" objects="18507" bytes="720216" bytesdiscarded="132264" />
  <memory-copied type="tenure" objects="1711" bytes="41064" bytesdiscarded="0" />
</gc-op>
<gc-end id="1327" type="scavenge" contextid="1323" durationms="1.300" usertimems="0.000" systemtimems="0.000" timestamp="2019-07-02T19:16:36.583" activeThreads="4">
  <mem-info id="1328" free="26023584" total="34275328" percent="75">
    <mem type="nursery" free="23199232" total="26738688" percent="86">
      <mem type="allocate" free="23199232" total="24051712" percent="96" />
      <mem type="survivor" free="0" total="2686976" percent="0" />
    </mem>
    <mem type="tenure" free="2824352" total="7536640" percent="37">
      <mem type="soa" free="2447520" total="7159808" percent="34" />
      <mem type="loa" free="376832" total="376832" percent="100" />
    </mem>
    <remembered-set count="4069" />
  </mem-info>
</gc-end>
<cycle-end id="1329" type="scavenge" contextid="1323" timestamp="2019-07-02T19:16:36.583">
  <attribute name="GC Util" value="12" />
  <attribute name="CPU Util" value="1241926243450" />
  <attribute name="Time Running"value="1952"/>
  <attribute name="Number of cores"value="4"/>
</cycle-end>
<allocation-satisfied id="1330" threadId="0000000001565500" bytesRequested="40" />
<af-end id="1331" timestamp="2019-07-02T19:16:36.583" threadId="0000000001565E88" success="true" from="nursery"/>
<exclusive-end id="1332" timestamp="2019-07-02T19:16:36.583" durationms="1.945" />

<exclusive-start id="1333" timestamp="2019-07-02T19:16:36.595" intervalms="13.631">
  <response-info timems="0.022" idlems="0.022" threads="0" lastid="000000000155DD00" lastname="Thread-7" />
</exclusive-start>
<af-start id="1334" threadId="000000000155E688" totalBytesRequested="40" timestamp="2019-07-02T19:16:36.595" intervalms="13.671" type="nursery" />
<cycle-start id="1335" type="scavenge" contextid="0" timestamp="2019-07-02T19:16:36.595" intervalms="13.668" />
  <attribute name="GC Util" value="12" />
  <attribute name="CPU Util" value="1241926243450" />
  <attribute name="Time Running"value="1952"/>
  <attribute name="Number of cores"value="4"/>
<gc-start id="1336" type="scavenge" contextid="1335" timestamp="2019-07-02T19:16:36.595">
  <mem-info id="1337" free="2824352" total="34275328" percent="8">
    <mem type="nursery" free="0" total="26738688" percent="0">
      <mem type="allocate" free="0" total="24051712" percent="0" />
      <mem type="survivor" free="0" total="2686976" percent="0" />
    </mem>
    <mem type="tenure" free="2824352" total="7536640" percent="37">
      <mem type="soa" free="2447520" total="7159808" percent="34" />
      <mem type="loa" free="376832" total="376832" percent="100" />
    </mem>
    <remembered-set count="4420" />
  </mem-info>
</gc-start>
<allocation-stats totalBytes="23196752" >
  <allocated-bytes non-tlh="40" tlh="23196712" />
  <largest-consumer threadName="Thread-7" threadId="000000000155DD00" bytes="6913424" />
</allocation-stats>
<gc-op id="1338" type="scavenge" timems="1.649" contextid="1335" timestamp="2019-07-02T19:16:36.597">
  <scavenger-info tenureage="3" tenuremask="4008" tiltratio="89" />
  <memory-copied type="nursery" objects="26933" bytes="1059800" bytesdiscarded="186664" />
  <memory-copied type="tenure" objects="1624" bytes="38976" bytesdiscarded="0" />
</gc-op>
<heap-resize id="1339" type="expand" space="nursery" amount="2097152" count="1" timems="0.043" reason="excessive time being spent scavenging" timestamp="2019-07-02T19:16:36.597" />
<gc-end id="1340" type="scavenge" contextid="1335" durationms="2.203" usertimems="4.000" systemtimems="0.000" timestamp="2019-07-02T19:16:36.597" activeThreads="4">
  <mem-info id="1341" free="27425440" total="36372480" percent="75">
    <mem type="nursery" free="24640256" total="28835840" percent="85">
      <mem type="allocate" free="24640256" total="25886720" percent="95" />
      <mem type="survivor" free="0" total="2949120" percent="0" />
    </mem>
    <mem type="tenure" free="2785184" total="7536640" percent="36">
      <mem type="soa" free="2408352" total="7159808" percent="33" />
      <mem type="loa" free="376832" total="376832" percent="100" />
    </mem>
    <remembered-set count="2795" />
  </mem-info>
</gc-end>
<cycle-end id="1342" type="scavenge" contextid="1335" timestamp="2019-07-02T19:16:36.597">
  <attribute name="GC Util" value="18" />
  <attribute name="CPU Util" value="1343733607228" />
  <attribute name="Time Running"value="1966"/>
  <attribute name="Number of cores"value="4"/>
</cycle-end>
<allocation-satisfied id="1343" threadId="000000000155DD00" bytesRequested="40" />
<af-end id="1344" timestamp="2019-07-02T19:16:36.597" threadId="000000000155E688" success="true" from="nursery"/>
<exclusive-end id="1345" timestamp="2019-07-02T19:16:36.597" durationms="2.847" />

<exclusive-start id="1346" timestamp="2019-07-02T19:16:36.609" intervalms="14.371">
  <response-info timems="0.039" idlems="0.039" threads="0" lastid="0000000001561900" lastname="Thread-10" />
</exclusive-start>
<af-start id="1347" threadId="0000000001562288" totalBytesRequested="40" timestamp="2019-07-02T19:16:36.609" intervalms="14.379" type="nursery" />
<cycle-start id="1348" type="scavenge" contextid="0" timestamp="2019-07-02T19:16:36.609" intervalms="14.370" />
  <attribute name="GC Util" value="18" />
  <attribute name="CPU Util" value="1343733607228" />
  <attribute name="Time Running"value="1966"/>
  <attribute name="Number of cores"value="4"/>
<gc-start id="1349" type="scavenge" contextid="1348" timestamp="2019-07-02T19:16:36.609">
  <mem-info id="1350" free="2785184" total="36372480" percent="7">
    <mem type="nursery" free="0" total="28835840" percent="0">
      <mem type="allocate" free="0" total="25886720" percent="0" />
      <mem type="survivor" free="0" total="2949120" percent="0" />
    </mem>
    <mem type="tenure" free="2785184" total="7536640" percent="36">
      <mem type="soa" free="2408352" total="7159808" percent="33" />
      <mem type="loa" free="376832" total="376832" percent="100" />
    </mem>
    <remembered-set count="3370" />
  </mem-info>
</gc-start>
<allocation-stats totalBytes="24637136" >
  <allocated-bytes non-tlh="40" tlh="24637096" />
  <largest-consumer threadName="Thread-8" threadId="0000000001565500" bytes="7175328" />
</allocation-stats>
<gc-op id="1351" type="scavenge" timems="1.685" contextid="1348" timestamp="2019-07-02T19:16:36.611">
  <scavenger-info tenureage="3" tenuremask="4008" tiltratio="89" />
  <memory-copied type="nursery" objects="22846" bytes="824656" bytesdiscarded="111536" />
  <memory-copied type="tenure" objects="7693" bytes="322008" bytesdiscarded="704" />
</gc-op>
<gc-end id="1352" type="scavenge" contextid="1348" durationms="1.964" usertimems="8.000" systemtimems="0.000" timestamp="2019-07-02T19:16:36.611" activeThreads="4">
  <mem-info id="1353" free="27527024" total="36372480" percent="75">
    <mem type="nursery" free="25016064" total="28835840" percent="86">
      <mem type="allocate" free="25016064" total="25952256" percent="96" />
      <mem type="survivor" free="0" total="2883584" percent="0" />
    </mem>
    <mem type="tenure" free="2510960" total="7536640" percent="33">
      <mem type="soa" free="2134128" total="7159808" percent="29" />
      <mem type="loa" free="376832" total="376832" percent="100" />
    </mem>
    <remembered-set count="4469" />
  </mem-info>
</gc-end>
<cycle-end id="1354" type="scavenge" contextid="1348" timestamp="2019-07-02T19:16:36.611">
  <attribute name="GC Util" value="30" />
  <attribute name="CPU Util" value="1293288307299" />
  <attribute name="Time Running"value="1980"/>
  <attribute name="Number of cores"value="4"/>
</cycle-end>
<allocation-satisfied id="1355" threadId="0000000001561900" bytesRequested="40" />
<af-end id="1356" timestamp="2019-07-02T19:16:36.612" threadId="0000000001562288" success="true" from="nursery"/>
<exclusive-end id="1357" timestamp="2019-07-02T19:16:36.612" durationms="2.526" />

<exclusive-start id="1358" timestamp="2019-07-02T19:16:36.624" intervalms="15.146">
  <response-info timems="0.036" idlems="0.036" threads="0" lastid="0000000001565500" lastname="Thread-8" />
</exclusive-start>
<af-start id="1359" threadId="0000000001565E88" totalBytesRequested="24" timestamp="2019-07-02T19:16:36.624" intervalms="15.144" type="nursery" />
<cycle-start id="1360" type="scavenge" contextid="0" timestamp="2019-07-02T19:16:36.624" intervalms="15.153" />
  <attribute name="GC Util" value="30" />
  <attribute name="CPU Util" value="1293288307299" />
  <attribute name="Time Running"value="1980"/>
  <attribute name="Number of cores"value="4"/>
<gc-start id="1361" type="scavenge" contextid="1360" timestamp="2019-07-02T19:16:36.624">
  <mem-info id="1362" free="2510960" total="36372480" percent="6">
    <mem type="nursery" free="0" total="28835840" percent="0">
      <mem type="allocate" free="0" total="25952256" percent="0" />
      <mem type="survivor" free="0" total="2883584" percent="0" />
    </mem>
    <mem type="tenure" free="2510960" total="7536640" percent="33">
      <mem type="soa" free="2134128" total="7159808" percent="29" />
      <mem type="loa" free="376832" total="376832" percent="100" />
    </mem>
    <remembered-set count="5024" />
  </mem-info>
</gc-start>
<allocation-stats totalBytes="25012672" >
  <allocated-bytes non-tlh="40" tlh="25012632" />
  <largest-consumer threadName="Thread-8" threadId="0000000001565500" bytes="7830328" />
</allocation-stats>
<gc-op id="1363" type="scavenge" timems="0.930" contextid="1360" timestamp="2019-07-02T19:16:36.626">
  <scavenger-info tenureage="3" tenuremask="4008" tiltratio="90" />
  <memory-copied type="nursery" objects="22781" bytes="960416" bytesdiscarded="299872" />
  <memory-copied type="tenure" objects="3800" bytes="91200" bytesdiscarded="16" />
</gc-op>
<heap-resize id="1364" type="expand" space="nursery" amount="1310720" count="1" timems="0.016" reason="excessive time being spent scavenging" timestamp="2019-07-02T19:16:36.626" />
<gc-end id="1365" type="scavenge" contextid="1360" durationms="1.370" usertimems="4.000" systemtimems="0.000" timestamp="2019-07-02T19:16:36.626" activeThreads="4">
  <mem-info id="1366" free="28298872" total="37683200" percent="75">
    <mem type="nursery" free="25871616" total="30146560" percent="85">
      <mem type="allocate" free="25871616" total="27131904" percent="95" />
      <mem type="survivor" free="0" total="3014656" percent="0" />
    </mem>
    <mem type="tenure" free="2427256" total="7536640" percent="32">
      <mem type="soa" free="2050424" total="7159808" percent="28" />
      <mem type="loa" free="376832" total="376832" percent="100" />
    </mem>
    <remembered-set count="2247" />
  </mem-info>
</gc-end>
<cycle-end id="1367" type="scavenge" contextid="1360" timestamp="2019-07-02T19:16:36.626">
  <attribute name="GC Util" value="30" />
  <attribute name="CPU Util" value="1212234389482" />
  <attribute name="Time Running"value="1995"/>
  <attribute name="Number of cores"value="4"/>
</cycle-end>
<allocation-satisfied id="1368" threadId="0000000001565500" bytesRequested="24" />
<af-end id="1369" timestamp="2019-07-02T19:16:36.626" threadId="0000000001565E88" success="true" from="nursery"/>
<exclusive-end id="1370" timestamp="2019-07-02T19:16:36.626" durationms="1.933" />

<exclusive-start id="1371" timestamp="2019-07-02T19:16:36.638" intervalms="14.129">
  <response-info timems="0.023" idlems="0.023" threads="0" lastid="0000000001561900" lastname="Thread-10" />
</exclusive-start>
<af-start id="1372" threadId="0000000001562288" totalBytesRequested="40" timestamp="2019-07-02T19:16:36.638" intervalms="14.068" type="nursery" />
<cycle-start id="1373" type="scavenge" contextid="0" timestamp="2019-07-02T19:16:36.638" intervalms="14.060" />
  <attribute name="GC Util" value="30" />
  <attribute name="CPU Util" value="1212234389482" />
  <attribute name="Time Running"value="1995"/>
  <attribute name="Number of cores"value="4"/>
<gc-start id="1374" type="scavenge" contextid="1373" timestamp="2019-07-02T19:16:36.639">
  <mem-info id="1375" free="2427256" total="37683200" percent="6">
    <mem type="nursery" free="0" total="30146560" percent="0">
      <mem type="allocate" free="0" total="27131904" percent="0" />
      <mem type="survivor" free="0" total="3014656" percent="0" />
    </mem>
    <mem type="tenure" free="2427256" total="7536640" percent="32">
      <mem type="soa" free="2050424" total="7159808" percent="28" />
      <mem type="loa" free="376832" total="376832" percent="100" />
    </mem>
    <remembered-set count="2504" />
  </mem-info>
</gc-start>
<allocation-stats totalBytes="25868600" >
  <allocated-bytes non-tlh="24" tlh="25868576" />
  <largest-consumer threadName="Thread-8" threadId="0000000001565500" bytes="7568520" />
</allocation-stats>
<gc-op id="1376" type="scavenge" timems="1.526" contextid="1373" timestamp="2019-07-02T19:16:36.640">
  <scavenger-info tenureage="14" tenuremask="4000" tiltratio="90" />
  <memory-copied type="nursery" objects="20300" bytes="900880" bytesdiscarded="122096" />
</gc-op>
<gc-end id="1377" type="scavenge" contextid="1373" durationms="1.756" usertimems="4.000" systemtimems="0.000" timestamp="2019-07-02T19:16:36.640" activeThreads="4">
  <mem-info id="1378" free="28536184" total="37683200" percent="75">
    <mem type="nursery" free="26108928" total="30146560" percent="86">
      <mem type="allocate" free="26108928" total="27131904" percent="96" />
      <mem type="survivor" free="0" total="3014656" percent="0" />
    </mem>
    <mem type="tenure" free="2427256" total="7536640" percent="32">
      <mem type="soa" free="2050424" total="7159808" percent="28" />
      <mem type="loa" free="376832" total="376832" percent="100" />
    </mem>
    <remembered-set count="2503" />
  </mem-info>
</gc-end>
<cycle-end id="1379" type="scavenge" contextid="1373" timestamp="2019-07-02T19:16:36.640">
  <attribute name="GC Util" value="24" />
  <attribute name="CPU Util" value="1317885328378" />
  <attribute name="Time Running"value="2009"/>
  <attribute name="Number of cores"value="4"/>
</cycle-end>
<allocation-satisfied id="1380" threadId="0000000001561900" bytesRequested="40" />
<af-end id="1381" timestamp="2019-07-02T19:16:36.640" threadId="0000000001562288" success="true" from="nursery"/>
<exclusive-end id="1382" timestamp="2019-07-02T19:16:36.641" durationms="2.222" />

<exclusive-start id="1383" timestamp="2019-07-02T19:16:36.657" intervalms="18.783">
  <response-info timems="2.004" idlems="1.004" threads="1" lastid="0000000001565500" lastname="Thread-8" />
</exclusive-start>
<af-start id="1384" threadId="0000000001562288" totalBytesRequested="40" timestamp="2019-07-02T19:16:36.657" intervalms="18.829" type="nursery" />
<cycle-start id="1385" type="scavenge" contextid="0" timestamp="2019-07-02T19:16:36.657" intervalms="18.834" />
  <attribute name="GC Util" value="24" />
  <attribute name="CPU Util" value="1317885328378" />
  <attribute name="Time Running"value="2009"/>
  <attribute name="Number of cores"value="4"/>
<gc-start id="1386" type="scavenge" contextid="1385" timestamp="2019-07-02T19:16:36.657">
  <mem-info id="1387" free="2427256" total="37683200" percent="6">
    <mem type="nursery" free="0" total="30146560" percent="0">
      <mem type="allocate" free="0" total="27131904" percent="0" />
      <mem type="survivor" free="0" total="3014656" percent="0" />
    </mem>
    <mem type="tenure" free="2427256" total="7536640" percent="32">
      <mem type="soa" free="2050424" total="7159808" percent="28" />
      <mem type="loa" free="376832" total="376832" percent="100" />
    </mem>
    <remembered-set count="2927" />
  </mem-info>
</gc-start>
<allocation-stats totalBytes="26106152" >
  <allocated-bytes non-tlh="40" tlh="26106112" />
  <largest-consumer threadName="Thread-10" threadId="0000000001561900" bytes="8354864" />
</allocation-stats>
<gc-op id="1388" type="scavenge" timems="1.284" contextid="1385" timestamp="2019-07-02T19:16:36.659">
  <scavenger-info tenureage="14" tenuremask="4000" tiltratio="90" />
  <memory-copied type="nursery" objects="22339" bytes="949592" bytesdiscarded="157096" />
</gc-op>
<gc-end id="1389" type="scavenge" contextid="1385" durationms="1.558" usertimems="8.000" systemtimems="0.000" timestamp="2019-07-02T19:16:36.659" activeThreads="4">
  <mem-info id="1390" free="28452472" total="37683200" percent="75">
    <mem type="nursery" free="26025216" total="30146560" percent="86">
      <mem type="allocate" free="26025216" total="27131904" percent="95" />
      <mem type="survivor" free="0" total="3014656" percent="0" />
    </mem>
    <mem type="tenure" free="2427256" total="7536640" percent="32">
      <mem type="soa" free="2050424" total="7159808" percent="28" />
      <mem type="loa" free="376832" total="376832" percent="100" />
    </mem>
    <remembered-set count="2927" />
  </mem-info>
</gc-end>
<cycle-end id="1391" type="scavenge" contextid="1385" timestamp="2019-07-02T19:16:36.659">
  <attribute name="GC Util" value="21" />
  <attribute name="CPU Util" value="979507895219" />
  <attribute name="Time Running"value="2028"/>
  <attribute name="Number of cores"value="4"/>
</cycle-end>
<allocation-satisfied id="1392" threadId="0000000001561900" bytesRequested="40" />
<af-end id="1393" timestamp="2019-07-02T19:16:36.659" threadId="0000000001562288" success="true" from="nursery"/>
<exclusive-end id="1394" timestamp="2019-07-02T19:16:36.659" durationms="2.105" />

<exclusive-start id="1395" timestamp="2019-07-02T19:16:36.677" intervalms="20.281">
  <response-info timems="0.034" idlems="0.019" threads="1" lastid="0000000001561900" lastname="Thread-10" />
</exclusive-start>
<af-start id="1396" threadId="0000000001565E88" totalBytesRequested="40" timestamp="2019-07-02T19:16:36.677" intervalms="20.280" type="nursery" />
<cycle-start id="1397" type="scavenge" contextid="0" timestamp="2019-07-02T19:16:36.678" intervalms="20.280" />
  <attribute name="GC Util" value="21" />
  <attribute name="CPU Util" value="979507895219" />
  <attribute name="Time Running"value="2028"/>
  <attribute name="Number of cores"value="4"/>
<gc-start id="1398" type="scavenge" contextid="1397" timestamp="2019-07-02T19:16:36.678">
  <mem-info id="1399" free="2427256" total="37683200" percent="6">
    <mem type="nursery" free="0" total="30146560" percent="0">
      <mem type="allocate" free="0" total="27131904" percent="0" />
      <mem type="survivor" free="0" total="3014656" percent="0" />
    </mem>
    <mem type="tenure" free="2427256" total="7536640" percent="32">
      <mem type="soa" free="2050424" total="7159808" percent="28" />
      <mem type="loa" free="376832" total="376832" percent="100" />
    </mem>
    <remembered-set count="3428" />
  </mem-info>
</gc-start>
<allocation-stats totalBytes="26021992" >
  <allocated-bytes non-tlh="40" tlh="26021952" />
  <largest-consumer threadName="Thread-9" threadId="000000000155A100" bytes="8223856" />
</allocation-stats>
<gc-op id="1400" type="scavenge" timems="1.647" contextid="1397" timestamp="2019-07-02T19:16:36.679">
  <scavenger-info tenureage="3" tenuremask="4038" tiltratio="90" />
  <memory-copied type="nursery" objects="10559" bytes="392272" bytesdiscarded="211376" />
  <memory-copied type="tenure" objects="14210" bytes="615792" bytesdiscarded="72" />
</gc-op>
<gc-end id="1401" type="scavenge" contextid="1397" durationms="1.932" usertimems="4.000" systemtimems="0.000" timestamp="2019-07-02T19:16:36.680" activeThreads="4">
  <mem-info id="1402" free="28366352" total="37683200" percent="75">
    <mem type="nursery" free="26528256" total="30146560" percent="87">
      <mem type="allocate" free="26528256" total="27131904" percent="97" />
      <mem type="survivor" free="0" total="3014656" percent="0" />
    </mem>
    <mem type="tenure" free="1838096" total="7536640" percent="24">
      <mem type="soa" free="1461264" total="7159808" percent="20" />
      <mem type="loa" free="376832" total="376832" percent="100" />
    </mem>
    <remembered-set count="3838" />
  </mem-info>
</gc-end>
<cycle-end id="1403" type="scavenge" contextid="1397" timestamp="2019-07-02T19:16:36.680">
  <attribute name="GC Util" value="17" />
  <attribute name="CPU Util" value="908837512170" />
  <attribute name="Time Running"value="2048"/>
  <attribute name="Number of cores"value="4"/>
</cycle-end>
<allocation-satisfied id="1404" threadId="0000000001565500" bytesRequested="40" />
<af-end id="1405" timestamp="2019-07-02T19:16:36.680" threadId="0000000001565E88" success="true" from="nursery"/>
<exclusive-end id="1406" timestamp="2019-07-02T19:16:36.680" durationms="2.484" />

<exclusive-start id="1407" timestamp="2019-07-02T19:16:36.699" intervalms="21.501">
  <response-info timems="0.031" idlems="0.031" threads="0" lastid="000000000155A100" lastname="Thread-9" />
</exclusive-start>
<af-start id="1408" threadId="000000000155AA88" totalBytesRequested="40" timestamp="2019-07-02T19:16:36.699" intervalms="21.530" type="nursery" />
<cycle-start id="1409" type="scavenge" contextid="0" timestamp="2019-07-02T19:16:36.699" intervalms="21.534" />
  <attribute name="GC Util" value="17" />
  <attribute name="CPU Util" value="908837512170" />
  <attribute name="Time Running"value="2048"/>
  <attribute name="Number of cores"value="4"/>
<gc-start id="1410" type="scavenge" contextid="1409" timestamp="2019-07-02T19:16:36.699">
  <mem-info id="1411" free="1838096" total="37683200" percent="4">
    <mem type="nursery" free="0" total="30146560" percent="0">
      <mem type="allocate" free="0" total="27131904" percent="0" />
      <mem type="survivor" free="0" total="3014656" percent="0" />
    </mem>
    <mem type="tenure" free="1838096" total="7536640" percent="24">
      <mem type="soa" free="1461264" total="7159808" percent="20" />
      <mem type="loa" free="376832" total="376832" percent="100" />
    </mem>
    <remembered-set count="4896" />
  </mem-info>
</gc-start>
<allocation-stats totalBytes="26525312" >
  <allocated-bytes non-tlh="40" tlh="26525272" />
  <largest-consumer threadName="Thread-9" threadId="000000000155A100" bytes="8799752" />
</allocation-stats>
<gc-op id="1412" type="scavenge" timems="1.738" contextid="1409" timestamp="2019-07-02T19:16:36.701">
  <scavenger-info tenureage="3" tenuremask="ff88" tiltratio="90" />
  <memory-copied type="nursery" objects="14677" bytes="490912" bytesdiscarded="59744" />
  <memory-copied type="tenure" objects="5770" bytes="275856" bytesdiscarded="128" />
</gc-op>
<heap-resize id="1413" type="expand" space="nursery" amount="1835008" count="1" timems="0.016" reason="excessive time being spent scavenging" timestamp="2019-07-02T19:16:36.701" />
<gc-end id="1414" type="scavenge" contextid="1409" durationms="2.426" usertimems="0.000" systemtimems="4.000" timestamp="2019-07-02T19:16:36.702" activeThreads="4">
  <mem-info id="1415" free="29718736" total="39518208" percent="75">
    <mem type="nursery" free="28219648" total="31981568" percent="88">
      <mem type="allocate" free="28219648" total="28770304" percent="98" />
      <mem type="survivor" free="0" total="3211264" percent="0" />
    </mem>
    <mem type="tenure" free="1499088" total="7536640" percent="19">
      <mem type="soa" free="1122256" total="7159808" percent="15" />
      <mem type="loa" free="376832" total="376832" percent="100" />
    </mem>
    <remembered-set count="7552" />
  </mem-info>
</gc-end>
<cycle-end id="1416" type="scavenge" contextid="1409" timestamp="2019-07-02T19:16:36.702">
  <attribute name="GC Util" value="21" />
  <attribute name="CPU Util" value="854441527319" />
  <attribute name="Time Running"value="2070"/>
  <attribute name="Number of cores"value="4"/>
</cycle-end>
<allocation-satisfied id="1417" threadId="000000000155A100" bytesRequested="40" />
<af-end id="1418" timestamp="2019-07-02T19:16:36.702" threadId="000000000155AA88" success="true" from="nursery"/>
<exclusive-end id="1419" timestamp="2019-07-02T19:16:36.702" durationms="3.211" />

<exclusive-start id="1420" timestamp="2019-07-02T19:16:36.723" intervalms="24.413">
  <response-info timems="0.073" idlems="0.072" threads="1" lastid="0000000001561900" lastname="Thread-10" />
</exclusive-start>
<af-start id="1421" threadId="000000000155E688" totalBytesRequested="24" timestamp="2019-07-02T19:16:36.723" intervalms="24.411" type="nursery" />
<cycle-start id="1422" type="scavenge" contextid="0" timestamp="2019-07-02T19:16:36.724" intervalms="24.412" />
  <attribute name="GC Util" value="21" />
  <attribute name="CPU Util" value="854441527319" />
  <attribute name="Time Running"value="2070"/>
  <attribute name="Number of cores"value="4"/>
<gc-start id="1423" type="scavenge" contextid="1422" timestamp="2019-07-02T19:16:36.724">
  <mem-info id="1424" free="1499088" total="39518208" percent="3">
    <mem type="nursery" free="0" total="31981568" percent="0">
      <mem type="allocate" free="0" total="28770304" percent="0" />
      <mem type="survivor" free="0" total="3211264" percent="0" />
    </mem>
    <mem type="tenure" free="1499088" total="7536640" percent="19">
      <mem type="soa" free="1122256" total="7159808" percent="15" />
      <mem type="loa" free="376832" total="376832" percent="100" />
    </mem>
    <remembered-set count="9417" />
  </mem-info>
</gc-start>
<allocation-stats totalBytes="28216448" >
  <allocated-bytes non-tlh="40" tlh="28216408" />
  <largest-consumer threadName="Thread-7" threadId="000000000155DD00" bytes="9053528" />
</allocation-stats>
<gc-op id="1425" type="scavenge" timems="0.914" contextid="1422" timestamp="2019-07-02T19:16:36.725">
  <scavenger-info tenureage="3" tenuremask="4008" tiltratio="89" />
  <memory-copied type="nursery" objects="13376" bytes="460040" bytesdiscarded="160504" />
  <memory-copied type="tenure" objects="2094" bytes="50256" bytesdiscarded="0" />
</gc-op>
<gc-end id="1426" type="scavenge" contextid="1422" durationms="1.247" usertimems="4.000" systemtimems="0.000" timestamp="2019-07-02T19:16:36.725" activeThreads="4">
  <mem-info id="1427" free="29648848" total="39518208" percent="75">
    <mem type="nursery" free="28149760" total="31981568" percent="88">
      <mem type="allocate" free="28149760" total="28770304" percent="97" />
      <mem type="survivor" free="0" total="3211264" percent="0" />
    </mem>
    <mem type="tenure" free="1499088" total="7536640" percent="19">
      <mem type="soa" free="1122256" total="7159808" percent="15" />
      <mem type="loa" free="376832" total="376832" percent="100" />
    </mem>
    <remembered-set count="7322" />
  </mem-info>
</gc-end>
<cycle-end id="1428" type="scavenge" contextid="1422" timestamp="2019-07-02T19:16:36.725">
  <attribute name="GC Util" value="18" />
  <attribute name="CPU Util" value="756062965842" />
  <attribute name="Time Running"value="2094"/>
  <attribute name="Number of cores"value="4"/>
</cycle-end>
<allocation-satisfied id="1429" threadId="000000000155DD00" bytesRequested="24" />
<af-end id="1430" timestamp="2019-07-02T19:16:36.725" threadId="000000000155E688" success="true" from="nursery"/>
<exclusive-end id="1431" timestamp="2019-07-02T19:16:36.725" durationms="1.921" />

<exclusive-start id="1432" timestamp="2019-07-02T19:16:36.758" intervalms="35.143">
  <response-info timems="0.180" idlems="0.180" threads="0" lastid="000000000155DD00" lastname="Thread-7" />
</exclusive-start>
<af-start id="1433" threadId="000000000155E688" totalBytesRequested="24" timestamp="2019-07-02T19:16:36.759" intervalms="35.135" type="nursery" />
<cycle-start id="1434" type="scavenge" contextid="0" timestamp="2019-07-02T19:16:36.759" intervalms="35.135" />
  <attribute name="GC Util" value="18" />
  <attribute name="CPU Util" value="756062965842" />
  <attribute name="Time Running"value="2094"/>
  <attribute name="Number of cores"value="4"/>
<gc-start id="1435" type="scavenge" contextid="1434" timestamp="2019-07-02T19:16:36.760">
  <mem-info id="1436" free="1499088" total="39518208" percent="3">
    <mem type="nursery" free="0" total="31981568" percent="0">
      <mem type="allocate" free="0" total="28770304" percent="0" />
      <mem type="survivor" free="0" total="3211264" percent="0" />
    </mem>
    <mem type="tenure" free="1499088" total="7536640" percent="19">
      <mem type="soa" free="1122256" total="7159808" percent="15" />
      <mem type="loa" free="376832" total="376832" percent="100" />
    </mem>
    <remembered-set count="8615" />
  </mem-info>
</gc-start>
<allocation-stats totalBytes="28146248" >
  <allocated-bytes non-tlh="24" tlh="28146224" />
  <largest-consumer threadName="Thread-7" threadId="000000000155DD00" bytes="8748088" />
</allocation-stats>
<gc-op id="1437" type="scavenge" timems="1.620" contextid="1434" timestamp="2019-07-02T19:16:36.762">
  <scavenger-info tenureage="3" tenuremask="4008" tiltratio="89" />
  <memory-copied type="nursery" objects="19071" bytes="733960" bytesdiscarded="118520" />
  <memory-copied type="tenure" objects="2398" bytes="57552" bytesdiscarded="0" />
</gc-op>
<heap-resize id="1438" type="expand" space="nursery" amount="1310720" count="1" timems="0.016" reason="excessive time being spent scavenging" timestamp="2019-07-02T19:16:36.762" />
<gc-end id="1439" type="scavenge" contextid="1434" durationms="2.077" usertimems="4.000" systemtimems="0.000" timestamp="2019-07-02T19:16:36.763" activeThreads="4">
  <mem-info id="1440" free="30555544" total="40828928" percent="74">
    <mem type="nursery" free="29097472" total="33292288" percent="87">
      <mem type="allocate" free="29097472" total="29949952" percent="97" />
      <mem type="survivor" free="0" total="3342336" percent="0" />
    </mem>
    <mem type="tenure" free="1458072" total="7536640" percent="19">
      <mem type="soa" free="1081240" total="7159808" percent="15" />
      <mem type="loa" free="376832" total="376832" percent="100" />
    </mem>
    <remembered-set count="6217" />
  </mem-info>
</gc-end>
<cycle-end id="1441" type="scavenge" contextid="1434" timestamp="2019-07-02T19:16:36.763">
  <attribute name="GC Util" value="6" />
  <attribute name="CPU Util" value="500305865816" />
  <attribute name="Time Running"value="2131"/>
  <attribute name="Number of cores"value="4"/>
</cycle-end>
<allocation-satisfied id="1442" threadId="000000000155DD00" bytesRequested="24" />
<af-end id="1443" timestamp="2019-07-02T19:16:36.763" threadId="000000000155E688" success="true" from="nursery"/>
<exclusive-end id="1444" timestamp="2019-07-02T19:16:36.763" durationms="4.354" />

<exclusive-start id="1445" timestamp="2019-07-02T19:16:36.788" intervalms="30.057">
  <response-info timems="0.051" idlems="0.051" threads="0" lastid="0000000001561900" lastname="Thread-10" />
</exclusive-start>
<af-start id="1446" threadId="0000000001562288" totalBytesRequested="40" timestamp="2019-07-02T19:16:36.789" intervalms="30.065" type="nursery" />
<cycle-start id="1447" type="scavenge" contextid="0" timestamp="2019-07-02T19:16:36.789" intervalms="30.059" />
  <attribute name="GC Util" value="6" />
  <attribute name="CPU Util" value="500305865816" />
  <attribute name="Time Running"value="2131"/>
  <attribute name="Number of cores"value="4"/>
<gc-start id="1448" type="scavenge" contextid="1447" timestamp="2019-07-02T19:16:36.789">
  <mem-info id="1449" free="1458072" total="40828928" percent="3">
    <mem type="nursery" free="0" total="33292288" percent="0">
      <mem type="allocate" free="0" total="29949952" percent="0" />
      <mem type="survivor" free="0" total="3342336" percent="0" />
    </mem>
    <mem type="tenure" free="1458072" total="7536640" percent="19">
      <mem type="soa" free="1081240" total="7159808" percent="15" />
      <mem type="loa" free="376832" total="376832" percent="100" />
    </mem>
    <remembered-set count="7367" />
  </mem-info>
</gc-start>
<allocation-stats totalBytes="29093808" >
  <allocated-bytes non-tlh="24" tlh="29093784" />
  <largest-consumer threadName="Thread-7" threadId="000000000155DD00" bytes="11369240" />
</allocation-stats>
<gc-op id="1450" type="scavenge" timems="1.444" contextid="1447" timestamp="2019-07-02T19:16:36.790">
  <scavenger-info tenureage="3" tenuremask="4008" tiltratio="89" />
  <memory-copied type="nursery" objects="17009" bytes="684712" bytesdiscarded="190040" />
  <memory-copied type="tenure" objects="3988" bytes="95712" bytesdiscarded="720" />
</gc-op>
<gc-end id="1451" type="scavenge" contextid="1447" durationms="1.729" usertimems="4.000" systemtimems="0.000" timestamp="2019-07-02T19:16:36.791" activeThreads="4">
  <mem-info id="1452" free="30442360" total="40828928" percent="74">
    <mem type="nursery" free="29075200" total="33292288" percent="87">
      <mem type="allocate" free="29075200" total="29949952" percent="97" />
      <mem type="survivor" free="0" total="3342336" percent="0" />
    </mem>
    <mem type="tenure" free="1367160" total="7536640" percent="18">
      <mem type="soa" free="990328" total="7159808" percent="13" />
      <mem type="loa" free="376832" total="376832" percent="100" />
    </mem>
    <remembered-set count="4401" />
  </mem-info>
</gc-end>
<cycle-end id="1453" type="scavenge" contextid="1447" timestamp="2019-07-02T19:16:36.791">
  <attribute name="GC Util" value="16" />
  <attribute name="CPU Util" value="651932398495" />
  <attribute name="Time Running"value="2159"/>
  <attribute name="Number of cores"value="4"/>
</cycle-end>
<allocation-satisfied id="1454" threadId="0000000001561900" bytesRequested="40" />
<af-end id="1455" timestamp="2019-07-02T19:16:36.791" threadId="0000000001562288" success="true" from="nursery"/>
<exclusive-end id="1456" timestamp="2019-07-02T19:16:36.791" durationms="2.271" />

<exclusive-start id="1457" timestamp="2019-07-02T19:16:36.815" intervalms="27.029">
  <response-info timems="0.030" idlems="0.030" threads="0" lastid="000000000155A100" lastname="Thread-9" />
</exclusive-start>
<af-start id="1458" threadId="000000000155AA88" totalBytesRequested="40" timestamp="2019-07-02T19:16:36.816" intervalms="27.016" type="nursery" />
<cycle-start id="1459" type="scavenge" contextid="0" timestamp="2019-07-02T19:16:36.816" intervalms="27.021" />
  <attribute name="GC Util" value="16" />
  <attribute name="CPU Util" value="651932398495" />
  <attribute name="Time Running"value="2159"/>
  <attribute name="Number of cores"value="4"/>
<gc-start id="1460" type="scavenge" contextid="1459" timestamp="2019-07-02T19:16:36.816">
  <mem-info id="1461" free="1367160" total="40828928" percent="3">
    <mem type="nursery" free="0" total="33292288" percent="0">
      <mem type="allocate" free="0" total="29949952" percent="0" />
      <mem type="survivor" free="0" total="3342336" percent="0" />
    </mem>
    <mem type="tenure" free="1367160" total="7536640" percent="18">
      <mem type="soa" free="990328" total="7159808" percent="13" />
      <mem type="loa" free="376832" total="376832" percent="100" />
    </mem>
    <remembered-set count="5493" />
  </mem-info>
</gc-start>
<allocation-stats totalBytes="29071880" >
  <allocated-bytes non-tlh="40" tlh="29071840" />
  <largest-consumer threadName="Thread-7" threadId="000000000155DD00" bytes="11893464" />
</allocation-stats>
<gc-op id="1462" type="scavenge" timems="1.657" contextid="1459" timestamp="2019-07-02T19:16:36.818">
  <scavenger-info tenureage="3" tenuremask="4008" tiltratio="89" />
  <memory-copied type="nursery" objects="12101" bytes="429240" bytesdiscarded="129864" />
  <memory-copied type="tenure" objects="6689" bytes="297912" bytesdiscarded="168" />
</gc-op>
<gc-end id="1463" type="scavenge" contextid="1459" durationms="2.216" usertimems="8.000" systemtimems="0.000" timestamp="2019-07-02T19:16:36.818" activeThreads="4">
  <mem-info id="1464" free="30389224" total="40828928" percent="74">
    <mem type="nursery" free="29390848" total="33292288" percent="88">
      <mem type="allocate" free="29390848" total="29949952" percent="98" />
      <mem type="survivor" free="0" total="3342336" percent="0" />
    </mem>
    <mem type="tenure" free="998376" total="7536640" percent="13">
      <mem type="soa" free="621544" total="7159808" percent="8" />
      <mem type="loa" free="376832" total="376832" percent="100" />
    </mem>
    <remembered-set count="5256" />
  </mem-info>
</gc-end>
<cycle-end id="1465" type="scavenge" contextid="1459" timestamp="2019-07-02T19:16:36.818">
  <attribute name="GC Util" value="12" />
  <attribute name="CPU Util" value="681444394619" />
  <attribute name="Time Running"value="2186"/>
  <attribute name="Number of cores"value="4"/>
</cycle-end>
<allocation-satisfied id="1466" threadId="000000000155A100" bytesRequested="40" />
<af-end id="1467" timestamp="2019-07-02T19:16:36.818" threadId="000000000155AA88" success="true" from="nursery"/>
<exclusive-end id="1468" timestamp="2019-07-02T19:16:36.819" durationms="3.008" />

<exclusive-start id="1469" timestamp="2019-07-02T19:16:36.844" intervalms="28.751">
  <response-info timems="0.036" idlems="0.036" threads="0" lastid="000000000155A100" lastname="Thread-9" />
</exclusive-start>
<af-start id="1470" threadId="000000000155AA88" totalBytesRequested="40" timestamp="2019-07-02T19:16:36.844" intervalms="28.740" type="nursery" />
<cycle-start id="1471" type="scavenge" contextid="0" timestamp="2019-07-02T19:16:36.844" intervalms="28.751" />
  <attribute name="GC Util" value="12" />
  <attribute name="CPU Util" value="681444394619" />
  <attribute name="Time Running"value="2186"/>
  <attribute name="Number of cores"value="4"/>
<gc-start id="1472" type="scavenge" contextid="1471" timestamp="2019-07-02T19:16:36.845">
  <mem-info id="1473" free="998376" total="40828928" percent="2">
    <mem type="nursery" free="0" total="33292288" percent="0">
      <mem type="allocate" free="0" total="29949952" percent="0" />
      <mem type="survivor" free="0" total="3342336" percent="0" />
    </mem>
    <mem type="tenure" free="998376" total="7536640" percent="13">
      <mem type="soa" free="621544" total="7159808" percent="8" />
      <mem type="loa" free="376832" total="376832" percent="100" />
    </mem>
    <remembered-set count="6325" />
  </mem-info>
</gc-start>
<allocation-stats totalBytes="29387536" >
  <allocated-bytes non-tlh="40" tlh="29387496" />
  <largest-consumer threadName="Thread-7" threadId="000000000155DD00" bytes="10713848" />
</allocation-stats>
<gc-op id="1474" type="scavenge" timems="1.741" contextid="1471" timestamp="2019-07-02T19:16:36.847">
  <scavenger-info tenureage="3" tenuremask="4008" tiltratio="89" />
  <memory-copied type="nursery" objects="11805" bytes="421968" bytesdiscarded="198576" />
  <memory-copied type="tenure" objects="8116" bytes="332160" bytesdiscarded="120" />
</gc-op>
<heap-resize id="1475" type="expand" space="nursery" amount="1572864" count="1" timems="0.016" reason="excessive time being spent scavenging" timestamp="2019-07-02T19:16:36.847" />
<gc-end id="1476" type="scavenge" contextid="1471" durationms="2.437" usertimems="4.000" systemtimems="0.000" timestamp="2019-07-02T19:16:36.847" activeThreads="4">
  <mem-info id="1477" free="31335520" total="42401792" percent="73">
    <mem type="nursery" free="30705664" total="34865152" percent="88">
      <mem type="allocate" free="30705664" total="31326208" percent="98" />
      <mem type="survivor" free="0" total="3538944" percent="0" />
    </mem>
    <mem type="tenure" free="629856" total="7536640" percent="8">
      <mem type="soa" free="253024" total="7159808" percent="3" />
      <mem type="loa" free="376832" total="376832" percent="100" />
    </mem>
    <remembered-set count="5485" />
  </mem-info>
</gc-end>
<cycle-end id="1478" type="scavenge" contextid="1471" timestamp="2019-07-02T19:16:36.847">
  <attribute name="GC Util" value="15" />
  <attribute name="CPU Util" value="641174961399" />
  <attribute name="Time Running"value="2215"/>
  <attribute name="Number of cores"value="4"/>
</cycle-end>
<allocation-satisfied id="1479" threadId="000000000155A100" bytesRequested="40" />
<af-end id="1480" timestamp="2019-07-02T19:16:36.847" threadId="000000000155AA88" success="true" from="nursery"/>
<exclusive-end id="1481" timestamp="2019-07-02T19:16:36.848" durationms="3.354" />

<concurrent-kickoff id="1482" timestamp="2019-07-02T19:16:36.878">
  <kickoff reason="threshold reached" targetBytes="2493512" thresholdFreeBytes="353366"  remainingFree="231424" tenureFreeBytes="629856" nurseryFreeBytes="231424" />
</concurrent-kickoff>
<exclusive-start id="1483" timestamp="2019-07-02T19:16:36.897" intervalms="52.802">
  <response-info timems="19.448" idlems="9.795" threads="1" lastid="0000000001565500" lastname="Thread-8" />
</exclusive-start>
<cycle-start id="1484" type="global" contextid="0" timestamp="2019-07-02T19:16:36.897" intervalms="408.282" />
  <attribute name="GC Util" value="15" />
  <attribute name="CPU Util" value="641174961399" />
  <attribute name="Time Running"value="2215"/>
  <attribute name="Number of cores"value="4"/>
<exclusive-end id="1485" timestamp="2019-07-02T19:16:36.897" durationms="0.324" />

<exclusive-start id="1486" timestamp="2019-07-02T19:16:36.898" intervalms="0.935">
  <response-info timems="0.024" idlems="0.024" threads="0" lastid="0000000001561900" lastname="Thread-10" />
</exclusive-start>
<af-start id="1487" threadId="0000000001562288" totalBytesRequested="40" timestamp="2019-07-02T19:16:36.898" intervalms="53.776" type="nursery" />
<cycle-start id="1488" type="scavenge" contextid="0" timestamp="2019-07-02T19:16:36.898" intervalms="53.805" />
  <attribute name="GC Util" value="15" />
  <attribute name="CPU Util" value="641174961399" />
  <attribute name="Time Running"value="2215"/>
  <attribute name="Number of cores"value="4"/>
<gc-start id="1489" type="scavenge" contextid="1488" timestamp="2019-07-02T19:16:36.898">
  <mem-info id="1490" free="629856" total="42401792" percent="1">
    <mem type="nursery" free="0" total="34865152" percent="0">
      <mem type="allocate" free="0" total="31326208" percent="0" />
      <mem type="survivor" free="0" total="3538944" percent="0" />
    </mem>
    <mem type="tenure" free="629856" total="7536640" percent="8">
      <mem type="soa" free="253024" total="7159808" percent="3" />
      <mem type="loa" free="376832" total="376832" percent="100" />
    </mem>
    <remembered-set count="6887" />
  </mem-info>
</gc-start>
<allocation-stats totalBytes="30701424" >
  <allocated-bytes non-tlh="40" tlh="30701384" />
  <largest-consumer threadName="Thread-7" threadId="000000000155DD00" bytes="10647808" />
</allocation-stats>
<gc-op id="1491" type="scavenge" timems="1.555" contextid="1488" timestamp="2019-07-02T19:16:36.900">
  <scavenger-info tenureage="14" tenuremask="4000" tiltratio="89" />
  <memory-copied type="nursery" objects="15101" bytes="500944" bytesdiscarded="97328" />
</gc-op>
<gc-end id="1492" type="scavenge" contextid="1488" durationms="1.801" usertimems="4.000" systemtimems="0.000" timestamp="2019-07-02T19:16:36.900" activeThreads="4">
  <mem-info id="1493" free="31357792" total="42401792" percent="73">
    <mem type="nursery" free="30727936" total="34865152" percent="88">
      <mem type="allocate" free="30727936" total="31326208" percent="98" />
      <mem type="survivor" free="0" total="3538944" percent="0" />
    </mem>
    <mem type="tenure" free="629856" total="7536640" percent="8">
      <mem type="soa" free="253024" total="7159808" percent="3" />
      <mem type="loa" free="376832" total="376832" percent="100" />
    </mem>
    <remembered-set count="6886" />
  </mem-info>
</gc-end>
<cycle-end id="1494" type="scavenge" contextid="1488" timestamp="2019-07-02T19:16:36.900">
  <attribute name="GC Util" value="8" />
  <attribute name="CPU Util" value="342972245734" />
  <attribute name="Time Running"value="2269"/>
  <attribute name="Number of cores"value="4"/>
</cycle-end>
<allocation-satisfied id="1495" threadId="0000000001561900" bytesRequested="40" />
<af-end id="1496" timestamp="2019-07-02T19:16:36.900" threadId="0000000001562288" success="true" from="nursery"/>
<exclusive-end id="1497" timestamp="2019-07-02T19:16:36.900" durationms="2.428" />

<exclusive-start id="1498" timestamp="2019-07-02T19:16:36.933" intervalms="34.544">
  <response-info timems="0.045" idlems="0.045" threads="0" lastid="000000000155DD00" lastname="Thread-7" />
</exclusive-start>
<af-start id="1499" threadId="000000000155E688" totalBytesRequested="24" timestamp="2019-07-02T19:16:36.933" intervalms="34.529" type="nursery" />
<cycle-start id="1500" type="scavenge" contextid="0" timestamp="2019-07-02T19:16:36.933" intervalms="34.492" />
  <attribute name="GC Util" value="8" />
  <attribute name="CPU Util" value="342972245734" />
  <attribute name="Time Running"value="2269"/>
  <attribute name="Number of cores"value="4"/>
<gc-start id="1501" type="scavenge" contextid="1500" timestamp="2019-07-02T19:16:36.933">
  <mem-info id="1502" free="629856" total="42401792" percent="1">
    <mem type="nursery" free="0" total="34865152" percent="0">
      <mem type="allocate" free="0" total="31326208" percent="0" />
      <mem type="survivor" free="0" total="3538944" percent="0" />
    </mem>
    <mem type="tenure" free="629856" total="7536640" percent="8">
      <mem type="soa" free="253024" total="7159808" percent="3" />
      <mem type="loa" free="376832" total="376832" percent="100" />
    </mem>
    <remembered-set count="8275" />
  </mem-info>
</gc-start>
<allocation-stats totalBytes="30724248" >
  <allocated-bytes non-tlh="40" tlh="30724208" />
  <largest-consumer threadName="Thread-7" threadId="000000000155DD00" bytes="9796480" />
</allocation-stats>
<gc-op id="1503" type="scavenge" timems="1.520" contextid="1500" timestamp="2019-07-02T19:16:36.935">
  <scavenger-info tenureage="4" tenuremask="4010" tiltratio="89" />
  <memory-copied type="nursery" objects="21562" bytes="794104" bytesdiscarded="150536" />
  <memory-copied type="tenure" objects="1874" bytes="44976" bytesdiscarded="0" />
</gc-op>
<gc-end id="1504" type="scavenge" contextid="1500" durationms="1.936" usertimems="4.000" systemtimems="4.000" timestamp="2019-07-02T19:16:36.935" activeThreads="4">
  <mem-info id="1505" free="30972256" total="42401792" percent="73">
    <mem type="nursery" free="30381568" total="34865152" percent="87">
      <mem type="allocate" free="30381568" total="31326208" percent="96" />
      <mem type="survivor" free="0" total="3538944" percent="0" />
    </mem>
    <mem type="tenure" free="590688" total="7536640" percent="7">
      <mem type="soa" free="213856" total="7159808" percent="2" />
      <mem type="loa" free="376832" total="376832" percent="100" />
    </mem>
    <remembered-set count="6401" />
  </mem-info>
</gc-end>
<cycle-end id="1506" type="scavenge" contextid="1500" timestamp="2019-07-02T19:16:36.935">
  <attribute name="GC Util" value="11" />
  <attribute name="CPU Util" value="534676145203" />
  <attribute name="Time Running"value="2303"/>
  <attribute name="Number of cores"value="4"/>
</cycle-end>
<allocation-satisfied id="1507" threadId="000000000155DD00" bytesRequested="24" />
<af-end id="1508" timestamp="2019-07-02T19:16:36.936" threadId="000000000155E688" success="true" from="nursery"/>
<exclusive-end id="1509" timestamp="2019-07-02T19:16:36.936" durationms="3.558" />

<exclusive-start id="1510" timestamp="2019-07-02T19:16:36.937" intervalms="4.340">
  <response-info timems="0.031" idlems="0.031" threads="0" lastid="000000000155DD00" lastname="Thread-7" />
</exclusive-start>
<concurrent-collection-start id="1511" timestamp="2019-07-02T19:16:36.937" intervalms="424.827" >
  <concurrent-trace-info reason="card cleaning threshold reached" tracedByMutators="1623504" tracedByHelpers="777452" cardsCleaned="629" workStackOverflowCount="0" />
</concurrent-collection-start>
<gc-start id="1512" type="global" contextid="1484" timestamp="2019-07-02T19:16:36.937">
  <mem-info id="1513" free="30640456" total="42401792" percent="72">
    <mem type="nursery" free="30049768" total="34865152" percent="86">
      <mem type="allocate" free="30049768" total="31326208" percent="95" />
      <mem type="survivor" free="0" total="3538944" percent="0" />
    </mem>
    <mem type="tenure" free="590688" total="7536640" percent="7">
      <mem type="soa" free="213856" total="7159808" percent="2" />
      <mem type="loa" free="376832" total="376832" percent="100" />
    </mem>
    <remembered-set count="6405" />
  </mem-info>
</gc-start>
<allocation-stats totalBytes="331784" >
  <allocated-bytes non-tlh="24" tlh="331760" />
  <largest-consumer threadName="Thread-7" threadId="000000000155DD00" bytes="135176" />
</allocation-stats>
<gc-op id="1514" type="rs-scan" timems="0.614" contextid="1484" timestamp="2019-07-02T19:16:36.938">
  <scan objectsFound="5408" bytesTraced="473796" workStackOverflowCount="0" />
</gc-op>
<gc-op id="1515" type="card-cleaning" timems="0.396" contextid="1484" timestamp="2019-07-02T19:16:36.938">
  <card-cleaning cardsCleaned="6" bytesTraced="13720" workStackOverflowCount="0" />
</gc-op>
<gc-op id="1516" type="mark" timems="1.466" contextid="1484" timestamp="2019-07-02T19:16:36.940">
  <trace-info objectcount="13547" scancount="13515" scanbytes="601528" />
  <finalization candidates="124" enqueued="0" />
  <ownableSynchronizers candidates="3" cleared="0" />
  <references type="soft" candidates="146" cleared="0" enqueued="0" dynamicThreshold="13" maxThreshold="32" />
  <references type="weak" candidates="696" cleared="0" enqueued="0" />
  <references type="phantom" candidates="39" cleared="0" enqueued="0" />
  <stringconstants candidates="4574" cleared="0"  />
</gc-op>
<gc-op id="1517" type="sweep" timems="0.708" contextid="1484" timestamp="2019-07-02T19:16:36.941" />
<heap-resize id="1518" type="contract" space="tenure" amount="327680" count="1" timems="0.012" reason="insufficient time being spent in gc" timestamp="2019-07-02T19:16:36.941" />
<gc-end id="1519" type="global" contextid="1484" durationms="3.899" usertimems="12.000" systemtimems="0.000" timestamp="2019-07-02T19:16:36.941" activeThreads="4">
  <mem-info id="1520" free="33507736" total="42074112" percent="79">
    <mem type="nursery" free="30540840" total="34865152" percent="87">
      <mem type="allocate" free="30540840" total="31326208" percent="97" />
      <mem type="survivor" free="0" total="3538944" percent="0" />
    </mem>
    <mem type="tenure" free="2966896" total="7208960" percent="41" micro-fragmented="65629" macro-fragmented="0">
      <mem type="soa" free="2728392" total="6848512" percent="39" />
      <mem type="loa" free="238504" total="360448" percent="66" />
    </mem>
    <remembered-set count="5455" />
  </mem-info>
</gc-end>
<cycle-end id="1521" type="global" contextid="1484" timestamp="2019-07-02T19:16:36.941">
  <attribute name="GC Util" value="239" />
  <attribute name="CPU Util" value="11781704314479" />
  <attribute name="Time Running"value="2310"/>
  <attribute name="Number of cores"value="4"/>
</cycle-end>
<concurrent-collection-end id="1522" timestamp="2019-07-02T19:16:36.941" />
<exclusive-end id="1523" timestamp="2019-07-02T19:16:36.941" durationms="4.467" />

<exclusive-start id="1524" timestamp="2019-07-02T19:16:36.969" intervalms="31.763">
  <response-info timems="1.018" idlems="0.520" threads="1" lastid="0000000001565500" lastname="Thread-8" />
</exclusive-start>
<af-start id="1525" threadId="000000000155E688" totalBytesRequested="40" timestamp="2019-07-02T19:16:36.969" intervalms="36.088" type="nursery" />
<cycle-start id="1526" type="scavenge" contextid="0" timestamp="2019-07-02T19:16:36.969" intervalms="36.093" />
  <attribute name="GC Util" value="239" />
  <attribute name="CPU Util" value="11781704314479" />
  <attribute name="Time Running"value="2310"/>
  <attribute name="Number of cores"value="4"/>
<gc-start id="1527" type="scavenge" contextid="1526" timestamp="2019-07-02T19:16:36.969">
  <mem-info id="1528" free="2966896" total="42074112" percent="7">
    <mem type="nursery" free="0" total="34865152" percent="0">
      <mem type="allocate" free="0" total="31326208" percent="0" />
      <mem type="survivor" free="0" total="3538944" percent="0" />
    </mem>
    <mem type="tenure" free="2966896" total="7208960" percent="41">
      <mem type="soa" free="2728392" total="6848512" percent="39" />
      <mem type="loa" free="238504" total="360448" percent="66" />
    </mem>
    <remembered-set count="6183" />
  </mem-info>
</gc-start>
<allocation-stats totalBytes="30536512" >
  <allocated-bytes non-tlh="0" tlh="30536512" />
  <largest-consumer threadName="Thread-10" threadId="0000000001561900" bytes="9902880" />
</allocation-stats>
<gc-op id="1529" type="scavenge" timems="1.492" contextid="1526" timestamp="2019-07-02T19:16:36.971">
  <scavenger-info tenureage="3" tenuremask="4018" tiltratio="89" />
  <memory-copied type="nursery" objects="14202" bytes="479264" bytesdiscarded="88288" />
  <memory-copied type="tenure" objects="7743" bytes="323208" bytesdiscarded="72" />
  <ownableSynchronizers candidates="6" cleared="6" />
</gc-op>
<gc-end id="1530" type="scavenge" contextid="1526" durationms="1.877" usertimems="4.000" systemtimems="0.000" timestamp="2019-07-02T19:16:36.971" activeThreads="4">
  <mem-info id="1531" free="33383992" total="42074112" percent="79">
    <mem type="nursery" free="30758656" total="34865152" percent="88">
      <mem type="allocate" free="30758656" total="31326208" percent="98" />
      <mem type="survivor" free="0" total="3538944" percent="0" />
    </mem>
    <mem type="tenure" free="2625336" total="7208960" percent="36">
      <mem type="soa" free="2386832" total="6848512" percent="34" />
      <mem type="loa" free="238504" total="360448" percent="66" />
    </mem>
    <remembered-set count="6670" />
  </mem-info>
</gc-end>
<cycle-end id="1532" type="scavenge" contextid="1526" timestamp="2019-07-02T19:16:36.971">
  <attribute name="GC Util" value="8" />
  <attribute name="CPU Util" value="630832975211" />
  <attribute name="Time Running"value="2340"/>
  <attribute name="Number of cores"value="4"/>
</cycle-end>
<allocation-satisfied id="1533" threadId="000000000155DD00" bytesRequested="40" />
<af-end id="1534" timestamp="2019-07-02T19:16:36.971" threadId="000000000155E688" success="true" from="nursery"/>
<exclusive-end id="1535" timestamp="2019-07-02T19:16:36.971" durationms="2.535" />

<exclusive-start id="1536" timestamp="2019-07-02T19:16:36.994" intervalms="25.260">
  <response-info timems="0.077" idlems="0.047" threads="1" lastid="0000000001565500" lastname="Thread-8" />
</exclusive-start>
<af-start id="1537" threadId="0000000001562288" totalBytesRequested="24" timestamp="2019-07-02T19:16:36.994" intervalms="25.264" type="nursery" />
<cycle-start id="1538" type="scavenge" contextid="0" timestamp="2019-07-02T19:16:36.994" intervalms="25.253" />
  <attribute name="GC Util" value="8" />
  <attribute name="CPU Util" value="630832975211" />
  <attribute name="Time Running"value="2340"/>
  <attribute name="Number of cores"value="4"/>
<gc-start id="1539" type="scavenge" contextid="1538" timestamp="2019-07-02T19:16:36.994">
  <mem-info id="1540" free="2625336" total="42074112" percent="6">
    <mem type="nursery" free="0" total="34865152" percent="0">
      <mem type="allocate" free="0" total="31326208" percent="0" />
      <mem type="survivor" free="0" total="3538944" percent="0" />
    </mem>
    <mem type="tenure" free="2625336" total="7208960" percent="36">
      <mem type="soa" free="2386832" total="6848512" percent="34" />
      <mem type="loa" free="238504" total="360448" percent="66" />
    </mem>
    <remembered-set count="8144" />
  </mem-info>
</gc-start>
<allocation-stats totalBytes="30754752" >
  <allocated-bytes non-tlh="40" tlh="30754712" />
  <largest-consumer threadName="Thread-10" threadId="0000000001561900" bytes="10058496" />
</allocation-stats>
<gc-op id="1541" type="scavenge" timems="1.872" contextid="1538" timestamp="2019-07-02T19:16:36.996">
  <scavenger-info tenureage="3" tenuremask="4008" tiltratio="89" />
  <memory-copied type="nursery" objects="13632" bytes="465696" bytesdiscarded="124128" />
  <memory-copied type="tenure" objects="3311" bytes="79464" bytesdiscarded="32" />
</gc-op>
<heap-resize id="1542" type="expand" space="nursery" amount="1310720" count="1" timems="0.018" reason="excessive time being spent scavenging" timestamp="2019-07-02T19:16:36.996" />
<gc-end id="1543" type="scavenge" contextid="1538" durationms="2.221" usertimems="4.000" systemtimems="0.000" timestamp="2019-07-02T19:16:36.996" activeThreads="4">
  <mem-info id="1544" free="34325600" total="43384832" percent="79">
    <mem type="nursery" free="31916032" total="36175872" percent="88">
      <mem type="allocate" free="31916032" total="32505856" percent="98" />
      <mem type="survivor" free="0" total="3670016" percent="0" />
    </mem>
    <mem type="tenure" free="2409568" total="7208960" percent="33">
      <mem type="soa" free="2171064" total="6848512" percent="31" />
      <mem type="loa" free="238504" total="360448" percent="66" />
    </mem>
    <remembered-set count="4833" />
  </mem-info>
</gc-end>
<cycle-end id="1545" type="scavenge" contextid="1538" timestamp="2019-07-02T19:16:36.997">
  <attribute name="GC Util" value="16" />
  <attribute name="CPU Util" value="734721568297" />
  <attribute name="Time Running"value="2365"/>
  <attribute name="Number of cores"value="4"/>
</cycle-end>
<allocation-satisfied id="1546" threadId="0000000001561900" bytesRequested="24" />
<af-end id="1547" timestamp="2019-07-02T19:16:36.997" threadId="0000000001562288" success="true" from="nursery"/>
<exclusive-end id="1548" timestamp="2019-07-02T19:16:36.997" durationms="2.755" />

<exclusive-start id="1549" timestamp="2019-07-02T19:16:37.022" intervalms="28.361">
  <response-info timems="0.030" idlems="0.030" threads="0" lastid="000000000155DD00" lastname="Thread-7" />
</exclusive-start>
<af-start id="1550" threadId="000000000155E688" totalBytesRequested="40" timestamp="2019-07-02T19:16:37.022" intervalms="28.334" type="nursery" />
<cycle-start id="1551" type="scavenge" contextid="0" timestamp="2019-07-02T19:16:37.022" intervalms="28.342" />
  <attribute name="GC Util" value="16" />
  <attribute name="CPU Util" value="734721568297" />
  <attribute name="Time Running"value="2365"/>
  <attribute name="Number of cores"value="4"/>
<gc-start id="1552" type="scavenge" contextid="1551" timestamp="2019-07-02T19:16:37.023">
  <mem-info id="1553" free="2409568" total="43384832" percent="5">
    <mem type="nursery" free="0" total="36175872" percent="0">
      <mem type="allocate" free="0" total="32505856" percent="0" />
      <mem type="survivor" free="0" total="3670016" percent="0" />
    </mem>
    <mem type="tenure" free="2409568" total="7208960" percent="33">
      <mem type="soa" free="2171064" total="6848512" percent="31" />
      <mem type="loa" free="238504" total="360448" percent="66" />
    </mem>
    <remembered-set count="6378" />
  </mem-info>
</gc-start>
<allocation-stats totalBytes="31911808" >
  <allocated-bytes non-tlh="24" tlh="31911784" />
  <largest-consumer threadName="Thread-10" threadId="0000000001561900" bytes="12024400" />
</allocation-stats>
<gc-op id="1554" type="scavenge" timems="1.824" contextid="1551" timestamp="2019-07-02T19:16:37.025">
  <scavenger-info tenureage="3" tenuremask="4008" tiltratio="89" />
  <memory-copied type="nursery" objects="14580" bytes="488160" bytesdiscarded="132384" />
  <memory-copied type="tenure" objects="8199" bytes="334152" bytesdiscarded="168" />
</gc-op>
<gc-end id="1555" type="scavenge" contextid="1551" durationms="2.173" usertimems="4.000" systemtimems="0.000" timestamp="2019-07-02T19:16:37.025" activeThreads="4">
  <mem-info id="1556" free="33957472" total="43384832" percent="78">
    <mem type="nursery" free="31885312" total="36175872" percent="88">
      <mem type="allocate" free="31885312" total="32505856" percent="98" />
      <mem type="survivor" free="0" total="3670016" percent="0" />
    </mem>
    <mem type="tenure" free="2072160" total="7208960" percent="28">
      <mem type="soa" free="1833656" total="6848512" percent="26" />
      <mem type="loa" free="238504" total="360448" percent="66" />
    </mem>
    <remembered-set count="8699" />
  </mem-info>
</gc-end>
<cycle-end id="1557" type="scavenge" contextid="1551" timestamp="2019-07-02T19:16:37.025">
  <attribute name="GC Util" value="15" />
  <attribute name="CPU Util" value="648699913200" />
  <attribute name="Time Running"value="2393"/>
  <attribute name="Number of cores"value="4"/>
</cycle-end>
<allocation-satisfied id="1558" threadId="000000000155DD00" bytesRequested="40" />
<af-end id="1559" timestamp="2019-07-02T19:16:37.025" threadId="000000000155E688" success="true" from="nursery"/>
<exclusive-end id="1560" timestamp="2019-07-02T19:16:37.025" durationms="2.870" />

<exclusive-start id="1561" timestamp="2019-07-02T19:16:37.054" intervalms="31.703">
  <response-info timems="0.031" idlems="0.031" threads="0" lastid="000000000155DD00" lastname="Thread-7" />
</exclusive-start>
<af-start id="1562" threadId="000000000155E688" totalBytesRequested="24" timestamp="2019-07-02T19:16:37.054" intervalms="31.738" type="nursery" />
<cycle-start id="1563" type="scavenge" contextid="0" timestamp="2019-07-02T19:16:37.054" intervalms="31.733" />
  <attribute name="GC Util" value="15" />
  <attribute name="CPU Util" value="648699913200" />
  <attribute name="Time Running"value="2393"/>
  <attribute name="Number of cores"value="4"/>
<gc-start id="1564" type="scavenge" contextid="1563" timestamp="2019-07-02T19:16:37.054">
  <mem-info id="1565" free="2072160" total="43384832" percent="4">
    <mem type="nursery" free="0" total="36175872" percent="0">
      <mem type="allocate" free="0" total="32505856" percent="0" />
      <mem type="survivor" free="0" total="3670016" percent="0" />
    </mem>
    <mem type="tenure" free="2072160" total="7208960" percent="28">
      <mem type="soa" free="1833656" total="6848512" percent="26" />
      <mem type="loa" free="238504" total="360448" percent="66" />
    </mem>
    <remembered-set count="9597" />
  </mem-info>
</gc-start>
<allocation-stats totalBytes="31881400" >
  <allocated-bytes non-tlh="40" tlh="31881360" />
  <largest-consumer threadName="Thread-7" threadId="000000000155DD00" bytes="11796984" />
</allocation-stats>
<gc-op id="1566" type="scavenge" timems="1.862" contextid="1563" timestamp="2019-07-02T19:16:37.056">
  <scavenger-info tenureage="14" tenuremask="4000" tiltratio="89" />
  <memory-copied type="nursery" objects="24470" bytes="863520" bytesdiscarded="167904" />
</gc-op>
<heap-resize id="1567" type="expand" space="nursery" amount="1441792" count="1" timems="0.026" reason="excessive time being spent scavenging" timestamp="2019-07-02T19:16:37.056" />
<gc-end id="1568" type="scavenge" contextid="1563" durationms="2.251" usertimems="8.000" systemtimems="0.000" timestamp="2019-07-02T19:16:37.057" activeThreads="4">
  <mem-info id="1569" free="34791776" total="44826624" percent="77">
    <mem type="nursery" free="32719616" total="37617664" percent="86">
      <mem type="allocate" free="32719616" total="33751040" percent="96" />
      <mem type="survivor" free="0" total="3866624" percent="0" />
    </mem>
    <mem type="tenure" free="2072160" total="7208960" percent="28">
      <mem type="soa" free="1833656" total="6848512" percent="26" />
      <mem type="loa" free="238504" total="360448" percent="66" />
    </mem>
    <remembered-set count="9596" />
  </mem-info>
</gc-end>
<cycle-end id="1570" type="scavenge" contextid="1563" timestamp="2019-07-02T19:16:37.057">
  <attribute name="GC Util" value="14" />
  <attribute name="CPU Util" value="583278179975" />
  <attribute name="Time Running"value="2425"/>
  <attribute name="Number of cores"value="4"/>
</cycle-end>
<allocation-satisfied id="1571" threadId="000000000155DD00" bytesRequested="24" />
<af-end id="1572" timestamp="2019-07-02T19:16:37.057" threadId="000000000155E688" success="true" from="nursery"/>
<exclusive-end id="1573" timestamp="2019-07-02T19:16:37.057" durationms="3.035" />

<exclusive-start id="1574" timestamp="2019-07-02T19:16:37.092" intervalms="37.907">
  <response-info timems="2.713" idlems="1.366" threads="1" lastid="0000000001565500" lastname="Thread-8" />
</exclusive-start>
<af-start id="1575" threadId="0000000001562288" totalBytesRequested="40" timestamp="2019-07-02T19:16:37.092" intervalms="37.929" type="nursery" />
<cycle-start id="1576" type="scavenge" contextid="0" timestamp="2019-07-02T19:16:37.092" intervalms="37.924" />
  <attribute name="GC Util" value="14" />
  <attribute name="CPU Util" value="583278179975" />
  <attribute name="Time Running"value="2425"/>
  <attribute name="Number of cores"value="4"/>
<gc-start id="1577" type="scavenge" contextid="1576" timestamp="2019-07-02T19:16:37.092">
  <mem-info id="1578" free="2072160" total="44826624" percent="4">
    <mem type="nursery" free="0" total="37617664" percent="0">
      <mem type="allocate" free="0" total="33751040" percent="0" />
      <mem type="survivor" free="0" total="3866624" percent="0" />
    </mem>
    <mem type="tenure" free="2072160" total="7208960" percent="28">
      <mem type="soa" free="1833656" total="6848512" percent="26" />
      <mem type="loa" free="238504" total="360448" percent="66" />
    </mem>
    <remembered-set count="10180" />
  </mem-info>
</gc-start>
<allocation-stats totalBytes="32715968" >
  <allocated-bytes non-tlh="24" tlh="32715944" />
  <largest-consumer threadName="Thread-7" threadId="000000000155DD00" bytes="10713928" />
</allocation-stats>
<gc-op id="1579" type="scavenge" timems="2.227" contextid="1576" timestamp="2019-07-02T19:16:37.095">
  <scavenger-info tenureage="2" tenuremask="4014" tiltratio="89" />
  <memory-copied type="nursery" objects="27710" bytes="1078120" bytesdiscarded="260504" />
  <memory-copied type="tenure" objects="11749" bytes="419352" bytesdiscarded="216" />
</gc-op>
<gc-end id="1580" type="scavenge" contextid="1576" durationms="2.519" usertimems="8.000" systemtimems="0.000" timestamp="2019-07-02T19:16:37.095" activeThreads="4">
  <mem-info id="1581" free="34160032" total="44826624" percent="76">
    <mem type="nursery" free="32477952" total="37617664" percent="86">
      <mem type="allocate" free="32477952" total="33816576" percent="96" />
      <mem type="survivor" free="0" total="3801088" percent="0" />
    </mem>
    <mem type="tenure" free="1682080" total="7208960" percent="23">
      <mem type="soa" free="1443576" total="6848512" percent="21" />
      <mem type="loa" free="238504" total="360448" percent="66" />
    </mem>
    <remembered-set count="8126" />
  </mem-info>
</gc-end>
<cycle-end id="1582" type="scavenge" contextid="1576" timestamp="2019-07-02T19:16:37.095">
  <attribute name="GC Util" value="12" />
  <attribute name="CPU Util" value="485842411938" />
  <attribute name="Time Running"value="2463"/>
  <attribute name="Number of cores"value="4"/>
</cycle-end>
<allocation-satisfied id="1583" threadId="0000000001561900" bytesRequested="40" />
<af-end id="1584" timestamp="2019-07-02T19:16:37.095" threadId="0000000001562288" success="true" from="nursery"/>
<exclusive-end id="1585" timestamp="2019-07-02T19:16:37.095" durationms="3.167" />

<exclusive-start id="1586" timestamp="2019-07-02T19:16:37.126" intervalms="33.998">
  <response-info timems="1.990" idlems="1.005" threads="1" lastid="0000000001565500" lastname="Thread-8" />
</exclusive-start>
<af-start id="1587" threadId="000000000155AA88" totalBytesRequested="40" timestamp="2019-07-02T19:16:37.126" intervalms="33.997" type="nursery" />
<cycle-start id="1588" type="scavenge" contextid="0" timestamp="2019-07-02T19:16:37.126" intervalms="34.029" />
  <attribute name="GC Util" value="12" />
  <attribute name="CPU Util" value="485842411938" />
  <attribute name="Time Running"value="2463"/>
  <attribute name="Number of cores"value="4"/>
<gc-start id="1589" type="scavenge" contextid="1588" timestamp="2019-07-02T19:16:37.126">
  <mem-info id="1590" free="1682080" total="44826624" percent="3">
    <mem type="nursery" free="0" total="37617664" percent="0">
      <mem type="allocate" free="0" total="33816576" percent="0" />
      <mem type="survivor" free="0" total="3801088" percent="0" />
    </mem>
    <mem type="tenure" free="1682080" total="7208960" percent="23">
      <mem type="soa" free="1443576" total="6848512" percent="21" />
      <mem type="loa" free="238504" total="360448" percent="66" />
    </mem>
    <remembered-set count="8979" />
  </mem-info>
</gc-start>
<allocation-stats totalBytes="32474296" >
  <allocated-bytes non-tlh="40" tlh="32474256" />
  <largest-consumer threadName="Thread-10" threadId="0000000001561900" bytes="9375504" />
</allocation-stats>
<gc-op id="1591" type="scavenge" timems="2.243" contextid="1588" timestamp="2019-07-02T19:16:37.129">
  <scavenger-info tenureage="2" tenuremask="4014" tiltratio="89" />
  <memory-copied type="nursery" objects="26393" bytes="1047056" bytesdiscarded="264952" />
  <memory-copied type="tenure" objects="12410" bytes="435216" bytesdiscarded="160" />
</gc-op>
<gc-end id="1592" type="scavenge" contextid="1588" durationms="2.802" usertimems="12.000" systemtimems="0.000" timestamp="2019-07-02T19:16:37.129" activeThreads="4">
  <mem-info id="1593" free="33729384" total="44826624" percent="75">
    <mem type="nursery" free="32504568" total="37617664" percent="86">
      <mem type="allocate" free="32504568" total="33816576" percent="96" />
      <mem type="survivor" free="0" total="3801088" percent="0" />
    </mem>
    <mem type="tenure" free="1224816" total="7208960" percent="16">
      <mem type="soa" free="986312" total="6848512" percent="14" />
      <mem type="loa" free="238504" total="360448" percent="66" />
    </mem>
    <remembered-set count="5333" />
  </mem-info>
</gc-end>
<cycle-end id="1594" type="scavenge" contextid="1588" timestamp="2019-07-02T19:16:37.129">
  <attribute name="GC Util" value="17" />
  <attribute name="CPU Util" value="539078378392" />
  <attribute name="Time Running"value="2497"/>
  <attribute name="Number of cores"value="4"/>
</cycle-end>
<allocation-satisfied id="1595" threadId="000000000155A100" bytesRequested="40" />
<af-end id="1596" timestamp="2019-07-02T19:16:37.129" threadId="000000000155AA88" success="true" from="nursery"/>
<exclusive-end id="1597" timestamp="2019-07-02T19:16:37.130" durationms="3.711" />

<exclusive-start id="1598" timestamp="2019-07-02T19:16:37.164" intervalms="38.046">
  <response-info timems="0.032" idlems="0.032" threads="0" lastid="000000000155DD00" lastname="Thread-7" />
</exclusive-start>
<af-start id="1599" threadId="000000000155E688" totalBytesRequested="40" timestamp="2019-07-02T19:16:37.164" intervalms="38.031" type="nursery" />
<cycle-start id="1600" type="scavenge" contextid="0" timestamp="2019-07-02T19:16:37.164" intervalms="38.006" />
  <attribute name="GC Util" value="17" />
  <attribute name="CPU Util" value="539078378392" />
  <attribute name="Time Running"value="2497"/>
  <attribute name="Number of cores"value="4"/>
<gc-start id="1601" type="scavenge" contextid="1600" timestamp="2019-07-02T19:16:37.164">
  <mem-info id="1602" free="1224816" total="44826624" percent="2">
    <mem type="nursery" free="0" total="37617664" percent="0">
      <mem type="allocate" free="0" total="33816576" percent="0" />
      <mem type="survivor" free="0" total="3801088" percent="0" />
    </mem>
    <mem type="tenure" free="1224816" total="7208960" percent="16">
      <mem type="soa" free="986312" total="6848512" percent="14" />
      <mem type="loa" free="238504" total="360448" percent="66" />
    </mem>
    <remembered-set count="6378" />
  </mem-info>
</gc-start>
<allocation-stats totalBytes="32500840" >
  <allocated-bytes non-tlh="40" tlh="32500800" />
  <largest-consumer threadName="Thread-7" threadId="000000000155DD00" bytes="11106976" />
</allocation-stats>
<gc-op id="1603" type="scavenge" timems="2.009" contextid="1600" timestamp="2019-07-02T19:16:37.167">
  <scavenger-info tenureage="2" tenuremask="4004" tiltratio="89" />
  <memory-copied type="nursery" objects="15334" bytes="506680" bytesdiscarded="175304" />
  <memory-copied type="tenure" objects="15118" bytes="637584" bytesdiscarded="104" />
</gc-op>
<heap-resize id="1604" type="expand" space="nursery" amount="1441792" count="1" timems="0.028" reason="excessive time being spent scavenging" timestamp="2019-07-02T19:16:37.167" />
<gc-end id="1605" type="scavenge" contextid="1600" durationms="2.590" usertimems="8.000" systemtimems="0.000" timestamp="2019-07-02T19:16:37.167" activeThreads="4">
  <mem-info id="1606" free="34975808" total="46268416" percent="75">
    <mem type="nursery" free="34379776" total="39059456" percent="88">
      <mem type="allocate" free="34379776" total="35061760" percent="98" />
      <mem type="survivor" free="0" total="3997696" percent="0" />
    </mem>
    <mem type="tenure" free="596032" total="7208960" percent="8">
      <mem type="soa" free="357528" total="6848512" percent="5" />
      <mem type="loa" free="238504" total="360448" percent="66" />
    </mem>
    <remembered-set count="7761" />
  </mem-info>
</gc-end>
<cycle-end id="1607" type="scavenge" contextid="1600" timestamp="2019-07-02T19:16:37.167">
  <attribute name="GC Util" value="15" />
  <attribute name="CPU Util" value="486554484246" />
  <attribute name="Time Running"value="2535"/>
  <attribute name="Number of cores"value="4"/>
</cycle-end>
<allocation-satisfied id="1608" threadId="000000000155DD00" bytesRequested="40" />
<af-end id="1609" timestamp="2019-07-02T19:16:37.167" threadId="000000000155E688" success="true" from="nursery"/>
<exclusive-end id="1610" timestamp="2019-07-02T19:16:37.167" durationms="3.162" />

<concurrent-kickoff id="1611" timestamp="2019-07-02T19:16:37.202">
  <kickoff reason="threshold reached" targetBytes="2389178" thresholdFreeBytes="340329"  remainingFree="313344" tenureFreeBytes="596032" nurseryFreeBytes="313344" />
</concurrent-kickoff>
<exclusive-start id="1612" timestamp="2019-07-02T19:16:37.202" intervalms="38.272">
  <response-info timems="0.085" idlems="0.053" threads="1" lastid="0000000001561900" lastname="Thread-10" />
</exclusive-start>
<cycle-start id="1613" type="global" contextid="0" timestamp="2019-07-02T19:16:37.202" intervalms="305.102" />
  <attribute name="GC Util" value="15" />
  <attribute name="CPU Util" value="486554484246" />
  <attribute name="Time Running"value="2535"/>
  <attribute name="Number of cores"value="4"/>
<exclusive-end id="1614" timestamp="2019-07-02T19:16:37.202" durationms="0.195" />

<exclusive-start id="1615" timestamp="2019-07-02T19:16:37.203" intervalms="0.892">
  <response-info timems="0.150" idlems="0.083" threads="1" lastid="000000000155A100" lastname="Thread-9" />
</exclusive-start>
<af-start id="1616" threadId="0000000001562288" totalBytesRequested="40" timestamp="2019-07-02T19:16:37.203" intervalms="39.161" type="nursery" />
<cycle-start id="1617" type="scavenge" contextid="0" timestamp="2019-07-02T19:16:37.203" intervalms="39.212" />
  <attribute name="GC Util" value="15" />
  <attribute name="CPU Util" value="486554484246" />
  <attribute name="Time Running"value="2535"/>
  <attribute name="Number of cores"value="4"/>
<gc-start id="1618" type="scavenge" contextid="1617" timestamp="2019-07-02T19:16:37.203">
  <mem-info id="1619" free="596032" total="46268416" percent="1">
    <mem type="nursery" free="0" total="39059456" percent="0">
      <mem type="allocate" free="0" total="35061760" percent="0" />
      <mem type="survivor" free="0" total="3997696" percent="0" />
    </mem>
    <mem type="tenure" free="596032" total="7208960" percent="8">
      <mem type="soa" free="357528" total="6848512" percent="5" />
      <mem type="loa" free="238504" total="360448" percent="66" />
    </mem>
    <remembered-set count="10399" />
  </mem-info>
</gc-start>
<allocation-stats totalBytes="34375672" >
  <allocated-bytes non-tlh="40" tlh="34375632" />
  <largest-consumer threadName="Thread-9" threadId="000000000155A100" bytes="11944544" />
</allocation-stats>
<gc-op id="1620" type="scavenge" timems="1.305" contextid="1617" timestamp="2019-07-02T19:16:37.205">
  <scavenger-info tenureage="2" tenuremask="4004" tiltratio="89" />
  <memory-copied type="nursery" objects="9923" bytes="239552" bytesdiscarded="202048" />
  <memory-copied type="tenure" objects="10971" bytes="400680" bytesdiscarded="184" />
  <heap-resize type="expand" space="tenure" amount="131072" count="2" timems="0.026" reason="continue current collection" />
</gc-op>
<gc-end id="1621" type="scavenge" contextid="1617" durationms="1.529" usertimems="4.000" systemtimems="0.000" timestamp="2019-07-02T19:16:37.205" activeThreads="4">
  <mem-info id="1622" free="34915496" total="46399488" percent="75">
    <mem type="nursery" free="34685696" total="39059456" percent="88">
      <mem type="allocate" free="34685696" total="35127296" percent="98" />
      <mem type="survivor" free="0" total="3932160" percent="0" />
    </mem>
    <mem type="tenure" free="229800" total="7340032" percent="3">
      <mem type="soa" free="0" total="6973440" percent="0" />
      <mem type="loa" free="229800" total="366592" percent="62" />
    </mem>
    <remembered-set count="9754" />
  </mem-info>
</gc-end>
<cycle-end id="1623" type="scavenge" contextid="1617" timestamp="2019-07-02T19:16:37.205">
  <attribute name="GC Util" value="13" />
  <attribute name="CPU Util" value="471775916683" />
  <attribute name="Time Running"value="2574"/>
  <attribute name="Number of cores"value="4"/>
</cycle-end>
<allocation-satisfied id="1624" threadId="0000000001561900" bytesRequested="40" />
<af-end id="1625" timestamp="2019-07-02T19:16:37.205" threadId="0000000001562288" success="true" from="nursery"/>
<exclusive-end id="1626" timestamp="2019-07-02T19:16:37.205" durationms="2.217" />

<exclusive-start id="1627" timestamp="2019-07-02T19:16:37.239" intervalms="36.180">
  <response-info timems="0.047" idlems="0.047" threads="0" lastid="000000000155DD00" lastname="Thread-7" />
</exclusive-start>
<af-start id="1628" threadId="000000000155E688" totalBytesRequested="24" timestamp="2019-07-02T19:16:37.239" intervalms="36.176" type="nursery" />
<cycle-start id="1629" type="scavenge" contextid="0" timestamp="2019-07-02T19:16:37.239" intervalms="36.128" />
  <attribute name="GC Util" value="13" />
  <attribute name="CPU Util" value="471775916683" />
  <attribute name="Time Running"value="2574"/>
  <attribute name="Number of cores"value="4"/>
<gc-start id="1630" type="scavenge" contextid="1629" timestamp="2019-07-02T19:16:37.240">
  <mem-info id="1631" free="229800" total="46399488" percent="0">
    <mem type="nursery" free="0" total="39059456" percent="0">
      <mem type="allocate" free="0" total="35127296" percent="0" />
      <mem type="survivor" free="0" total="3932160" percent="0" />
    </mem>
    <mem type="tenure" free="229800" total="7340032" percent="3">
      <mem type="soa" free="0" total="6973440" percent="0" />
      <mem type="loa" free="229800" total="366592" percent="62" />
    </mem>
    <remembered-set count="11461" />
  </mem-info>
</gc-start>
<allocation-stats totalBytes="34681232" >
  <allocated-bytes non-tlh="40" tlh="34681192" />
  <largest-consumer threadName="Thread-9" threadId="000000000155A100" bytes="11696744" />
</allocation-stats>
<gc-op id="1632" type="scavenge" timems="1.663" contextid="1629" timestamp="2019-07-02T19:16:37.242">
  <scavenger-info tenureage="2" tenuremask="4004" tiltratio="89" />
  <memory-copied type="nursery" objects="26885" bytes="1058800" bytesdiscarded="126224" />
  <memory-copied type="tenure" objects="4103" bytes="98472" bytesdiscarded="0" />
  <heap-resize type="expand" space="tenure" amount="131072" count="2" timems="0.024" reason="continue current collection" />
</gc-op>
<gc-end id="1633" type="scavenge" contextid="1629" durationms="2.090" usertimems="8.000" systemtimems="0.000" timestamp="2019-07-02T19:16:37.242" activeThreads="4">
  <mem-info id="1634" free="34165248" total="46530560" percent="73">
    <mem type="nursery" free="33942272" total="39059456" percent="86">
      <mem type="allocate" free="33942272" total="35127296" percent="96" />
      <mem type="survivor" free="0" total="3932160" percent="0" />
    </mem>
    <mem type="tenure" free="222976" total="7471104" percent="2">
      <mem type="soa" free="0" total="7098368" percent="0" />
      <mem type="loa" free="222976" total="372736" percent="59" />
    </mem>
    <remembered-set count="7358" />
  </mem-info>
</gc-end>
<cycle-end id="1635" type="scavenge" contextid="1629" timestamp="2019-07-02T19:16:37.242">
  <attribute name="GC Util" value="9" />
  <attribute name="CPU Util" value="508901641380" />
  <attribute name="Time Running"value="2610"/>
  <attribute name="Number of cores"value="4"/>
</cycle-end>
<allocation-satisfied id="1636" threadId="000000000155DD00" bytesRequested="24" />
<af-end id="1637" timestamp="2019-07-02T19:16:37.243" threadId="000000000155E688" success="true" from="nursery"/>
<exclusive-end id="1638" timestamp="2019-07-02T19:16:37.243" durationms="3.774" />

<exclusive-start id="1639" timestamp="2019-07-02T19:16:37.244" intervalms="4.679">
  <response-info timems="0.050" idlems="0.050" threads="0" lastid="0000000001565500" lastname="Thread-8" />
</exclusive-start>
<concurrent-collection-start id="1640" timestamp="2019-07-02T19:16:37.244" intervalms="307.021" >
  <concurrent-trace-info reason="card cleaning threshold reached" tracedByMutators="1741820" tracedByHelpers="837252" cardsCleaned="813" workStackOverflowCount="0" />
</concurrent-collection-start>
<gc-start id="1641" type="global" contextid="1613" timestamp="2019-07-02T19:16:37.244">
  <mem-info id="1642" free="33898984" total="46530560" percent="72">
    <mem type="nursery" free="33676008" total="39059456" percent="86">
      <mem type="allocate" free="33676008" total="35127296" percent="95" />
      <mem type="survivor" free="0" total="3932160" percent="0" />
    </mem>
    <mem type="tenure" free="222976" total="7471104" percent="2">
      <mem type="soa" free="0" total="7098368" percent="0" />
      <mem type="loa" free="222976" total="372736" percent="59" />
    </mem>
    <remembered-set count="7360" />
  </mem-info>
</gc-start>
<allocation-stats totalBytes="266256" >
  <allocated-bytes non-tlh="24" tlh="266232" />
  <largest-consumer threadName="Thread-8" threadId="0000000001565500" bytes="135160" />
</allocation-stats>
<gc-op id="1643" type="rs-scan" timems="0.318" contextid="1613" timestamp="2019-07-02T19:16:37.245">
  <scan objectsFound="4179" bytesTraced="420420" workStackOverflowCount="0" />
</gc-op>
<gc-op id="1644" type="card-cleaning" timems="0.079" contextid="1613" timestamp="2019-07-02T19:16:37.245">
  <card-cleaning cardsCleaned="5" bytesTraced="2448" workStackOverflowCount="0" />
</gc-op>
<gc-op id="1645" type="mark" timems="0.767" contextid="1613" timestamp="2019-07-02T19:16:37.246">
  <trace-info objectcount="16918" scancount="16886" scanbytes="819332" />
  <finalization candidates="124" enqueued="0" />
  <ownableSynchronizers candidates="3" cleared="0" />
  <references type="soft" candidates="146" cleared="0" enqueued="0" dynamicThreshold="13" maxThreshold="32" />
  <references type="weak" candidates="696" cleared="0" enqueued="0" />
  <references type="phantom" candidates="39" cleared="0" enqueued="0" />
  <stringconstants candidates="4574" cleared="0"  />
</gc-op>
<gc-op id="1646" type="sweep" timems="0.219" contextid="1613" timestamp="2019-07-02T19:16:37.246" />
<heap-resize id="1647" type="contract" space="tenure" amount="327680" count="1" timems="0.034" reason="insufficient time being spent in gc" timestamp="2019-07-02T19:16:37.246" />
<gc-end id="1648" type="global" contextid="1613" durationms="1.983" usertimems="0.000" systemtimems="4.000" timestamp="2019-07-02T19:16:37.246" activeThreads="4">
  <mem-info id="1649" free="37043472" total="46202880" percent="80">
    <mem type="nursery" free="34152592" total="39059456" percent="87">
      <mem type="allocate" free="34152592" total="35127296" percent="97" />
      <mem type="survivor" free="0" total="3932160" percent="0" />
    </mem>
    <mem type="tenure" free="2890880" total="7143424" percent="40" micro-fragmented="4119" macro-fragmented="0">
      <mem type="soa" free="2657432" total="6787072" percent="39" />
      <mem type="loa" free="233448" total="356352" percent="65" />
    </mem>
    <remembered-set count="4221" />
  </mem-info>
</gc-end>
<cycle-end id="1650" type="global" contextid="1613" timestamp="2019-07-02T19:16:37.246">
  <attribute name="GC Util" value="138" />
  <attribute name="CPU Util" value="22633430803351" />
  <attribute name="Time Running"value="2616"/>
  <attribute name="Number of cores"value="4"/>
</cycle-end>
<concurrent-collection-end id="1651" timestamp="2019-07-02T19:16:37.246" />
<exclusive-end id="1652" timestamp="2019-07-02T19:16:37.246" durationms="2.431" />

<exclusive-start id="1653" timestamp="2019-07-02T19:16:37.275" intervalms="30.599">
  <response-info timems="0.051" idlems="0.028" threads="1" lastid="0000000001561900" lastname="Thread-10" />
</exclusive-start>
<af-start id="1654" threadId="0000000001565E88" totalBytesRequested="24" timestamp="2019-07-02T19:16:37.275" intervalms="35.299" type="nursery" />
<cycle-start id="1655" type="scavenge" contextid="0" timestamp="2019-07-02T19:16:37.275" intervalms="35.293" />
  <attribute name="GC Util" value="138" />
  <attribute name="CPU Util" value="22633430803351" />
  <attribute name="Time Running"value="2616"/>
  <attribute name="Number of cores"value="4"/>
<gc-start id="1656" type="scavenge" contextid="1655" timestamp="2019-07-02T19:16:37.275">
  <mem-info id="1657" free="2890880" total="46202880" percent="6">
    <mem type="nursery" free="0" total="39059456" percent="0">
      <mem type="allocate" free="0" total="35127296" percent="0" />
      <mem type="survivor" free="0" total="3932160" percent="0" />
    </mem>
    <mem type="tenure" free="2890880" total="7143424" percent="40">
      <mem type="soa" free="2657432" total="6787072" percent="39" />
      <mem type="loa" free="233448" total="356352" percent="65" />
    </mem>
    <remembered-set count="5431" />
  </mem-info>
</gc-start>
<allocation-stats totalBytes="34148528" >
  <allocated-bytes non-tlh="0" tlh="34148528" />
  <largest-consumer threadName="Thread-9" threadId="000000000155A100" bytes="12714448" />
</allocation-stats>
<gc-op id="1658" type="scavenge" timems="2.816" contextid="1655" timestamp="2019-07-02T19:16:37.278">
  <scavenger-info tenureage="2" tenuremask="4004" tiltratio="89" />
  <memory-copied type="nursery" objects="31664" bytes="1311224" bytesdiscarded="124552" />
  <memory-copied type="tenure" objects="2638" bytes="63312" bytesdiscarded="0" />
  <ownableSynchronizers candidates="6" cleared="6" />
</gc-op>
<heap-resize id="1659" type="expand" space="nursery" amount="1835008" count="1" timems="0.018" reason="excessive time being spent scavenging" timestamp="2019-07-02T19:16:37.278" />
<gc-end id="1660" type="scavenge" contextid="1655" durationms="3.223" usertimems="8.000" systemtimems="4.000" timestamp="2019-07-02T19:16:37.278" activeThreads="4">
  <mem-info id="1661" free="38042360" total="48037888" percent="79">
    <mem type="nursery" free="35329920" total="40894464" percent="86">
      <mem type="allocate" free="35329920" total="36765696" percent="96" />
      <mem type="survivor" free="0" total="4128768" percent="0" />
    </mem>
    <mem type="tenure" free="2712440" total="7143424" percent="37">
      <mem type="soa" free="2478992" total="6787072" percent="36" />
      <mem type="loa" free="233448" total="356352" percent="65" />
    </mem>
    <remembered-set count="2791" />
  </mem-info>
</gc-end>
<cycle-end id="1662" type="scavenge" contextid="1655" timestamp="2019-07-02T19:16:37.278">
  <attribute name="GC Util" value="4" />
  <attribute name="CPU Util" value="627267817799" />
  <attribute name="Time Running"value="2645"/>
  <attribute name="Number of cores"value="4"/>
</cycle-end>
<allocation-satisfied id="1663" threadId="0000000001565500" bytesRequested="24" />
<af-end id="1664" timestamp="2019-07-02T19:16:37.278" threadId="0000000001565E88" success="true" from="nursery"/>
<exclusive-end id="1665" timestamp="2019-07-02T19:16:37.278" durationms="3.778" />

<exclusive-start id="1666" timestamp="2019-07-02T19:16:37.306" intervalms="31.049">
  <response-info timems="0.029" idlems="0.029" threads="0" lastid="000000000155A100" lastname="Thread-9" />
</exclusive-start>
<af-start id="1667" threadId="000000000155AA88" totalBytesRequested="40" timestamp="2019-07-02T19:16:37.306" intervalms="30.994" type="nursery" />
<cycle-start id="1668" type="scavenge" contextid="0" timestamp="2019-07-02T19:16:37.306" intervalms="31.002" />
  <attribute name="GC Util" value="4" />
  <attribute name="CPU Util" value="627267817799" />
  <attribute name="Time Running"value="2645"/>
  <attribute name="Number of cores"value="4"/>
<gc-start id="1669" type="scavenge" contextid="1668" timestamp="2019-07-02T19:16:37.306">
  <mem-info id="1670" free="2712440" total="48037888" percent="5">
    <mem type="nursery" free="0" total="40894464" percent="0">
      <mem type="allocate" free="0" total="36765696" percent="0" />
      <mem type="survivor" free="0" total="4128768" percent="0" />
    </mem>
    <mem type="tenure" free="2712440" total="7143424" percent="37">
      <mem type="soa" free="2478992" total="6787072" percent="36" />
      <mem type="loa" free="233448" total="356352" percent="65" />
    </mem>
    <remembered-set count="2791" />
  </mem-info>
</gc-start>
<allocation-stats totalBytes="35325944" >
  <allocated-bytes non-tlh="24" tlh="35325920" />
  <largest-consumer threadName="Thread-9" threadId="000000000155A100" bytes="12554688" />
</allocation-stats>
<gc-op id="1671" type="scavenge" timems="2.344" contextid="1668" timestamp="2019-07-02T19:16:37.308">
  <scavenger-info tenureage="14" tenuremask="4000" tiltratio="89" />
  <memory-copied type="nursery" objects="31103" bytes="1298120" bytesdiscarded="142000" />
</gc-op>
<gc-end id="1672" type="scavenge" contextid="1668" durationms="2.912" usertimems="4.000" systemtimems="0.000" timestamp="2019-07-02T19:16:37.309" activeThreads="4">
  <mem-info id="1673" free="38038016" total="48037888" percent="79">
    <mem type="nursery" free="35325576" total="40894464" percent="86">
      <mem type="allocate" free="35325576" total="36765696" percent="96" />
      <mem type="survivor" free="0" total="4128768" percent="0" />
    </mem>
    <mem type="tenure" free="2712440" total="7143424" percent="37">
      <mem type="soa" free="2478992" total="6787072" percent="36" />
      <mem type="loa" free="233448" total="356352" percent="65" />
    </mem>
    <remembered-set count="2790" />
  </mem-info>
</gc-end>
<cycle-end id="1674" type="scavenge" contextid="1668" timestamp="2019-07-02T19:16:37.309">
  <attribute name="GC Util" value="21" />
  <attribute name="CPU Util" value="593846001410" />
  <attribute name="Time Running"value="2677"/>
  <attribute name="Number of cores"value="4"/>
</cycle-end>
<allocation-satisfied id="1675" threadId="000000000155A100" bytesRequested="40" />
<af-end id="1676" timestamp="2019-07-02T19:16:37.309" threadId="000000000155AA88" success="true" from="nursery"/>
<exclusive-end id="1677" timestamp="2019-07-02T19:16:37.309" durationms="3.658" />

<exclusive-start id="1678" timestamp="2019-07-02T19:16:37.335" intervalms="29.654">
  <response-info timems="0.046" idlems="0.046" threads="0" lastid="0000000001565500" lastname="Thread-8" />
</exclusive-start>
<af-start id="1679" threadId="0000000001565E88" totalBytesRequested="40" timestamp="2019-07-02T19:16:37.335" intervalms="29.731" type="nursery" />
<cycle-start id="1680" type="scavenge" contextid="0" timestamp="2019-07-02T19:16:37.336" intervalms="29.758" />
  <attribute name="GC Util" value="21" />
  <attribute name="CPU Util" value="593846001410" />
  <attribute name="Time Running"value="2677"/>
  <attribute name="Number of cores"value="4"/>
<gc-start id="1681" type="scavenge" contextid="1680" timestamp="2019-07-02T19:16:37.336">
  <mem-info id="1682" free="2712440" total="48037888" percent="5">
    <mem type="nursery" free="0" total="40894464" percent="0">
      <mem type="allocate" free="0" total="36765696" percent="0" />
      <mem type="survivor" free="0" total="4128768" percent="0" />
    </mem>
    <mem type="tenure" free="2712440" total="7143424" percent="37">
      <mem type="soa" free="2478992" total="6787072" percent="36" />
      <mem type="loa" free="233448" total="356352" percent="65" />
    </mem>
    <remembered-set count="2790" />
  </mem-info>
</gc-start>
<allocation-stats totalBytes="35321000" >
  <allocated-bytes non-tlh="40" tlh="35320960" />
  <largest-consumer threadName="Thread-9" threadId="000000000155A100" bytes="12417552" />
</allocation-stats>
<gc-op id="1683" type="scavenge" timems="1.080" contextid="1680" timestamp="2019-07-02T19:16:37.337">
  <scavenger-info tenureage="14" tenuremask="4000" tiltratio="89" />
  <memory-copied type="nursery" objects="29667" bytes="1263544" bytesdiscarded="106688" />
</gc-op>
<gc-end id="1684" type="scavenge" contextid="1680" durationms="1.420" usertimems="4.000" systemtimems="0.000" timestamp="2019-07-02T19:16:37.337" activeThreads="4">
  <mem-info id="1685" free="38107904" total="48037888" percent="79">
    <mem type="nursery" free="35395464" total="40894464" percent="86">
      <mem type="allocate" free="35395464" total="36765696" percent="96" />
      <mem type="survivor" free="0" total="4128768" percent="0" />
    </mem>
    <mem type="tenure" free="2712440" total="7143424" percent="37">
      <mem type="soa" free="2478992" total="6787072" percent="36" />
      <mem type="loa" free="233448" total="356352" percent="65" />
    </mem>
    <remembered-set count="2790" />
  </mem-info>
</gc-end>
<cycle-end id="1686" type="scavenge" contextid="1680" timestamp="2019-07-02T19:16:37.337">
  <attribute name="GC Util" value="20" />
  <attribute name="CPU Util" value="620486185263" />
  <attribute name="Time Running"value="2706"/>
  <attribute name="Number of cores"value="4"/>
</cycle-end>
<allocation-satisfied id="1687" threadId="0000000001565500" bytesRequested="40" />
<af-end id="1688" timestamp="2019-07-02T19:16:37.337" threadId="0000000001565E88" success="true" from="nursery"/>
<exclusive-end id="1689" timestamp="2019-07-02T19:16:37.337" durationms="2.138" />

<exclusive-start id="1690" timestamp="2019-07-02T19:16:37.362" intervalms="26.636">
  <response-info timems="1.869" idlems="0.945" threads="1" lastid="0000000001561900" lastname="Thread-10" />
</exclusive-start>
<af-start id="1691" threadId="000000000155AA88" totalBytesRequested="40" timestamp="2019-07-02T19:16:37.362" intervalms="26.587" type="nursery" />
<cycle-start id="1692" type="scavenge" contextid="0" timestamp="2019-07-02T19:16:37.362" intervalms="26.553" />
  <attribute name="GC Util" value="20" />
  <attribute name="CPU Util" value="620486185263" />
  <attribute name="Time Running"value="2706"/>
  <attribute name="Number of cores"value="4"/>
<gc-start id="1693" type="scavenge" contextid="1692" timestamp="2019-07-02T19:16:37.362">
  <mem-info id="1694" free="2712440" total="48037888" percent="5">
    <mem type="nursery" free="0" total="40894464" percent="0">
      <mem type="allocate" free="0" total="36765696" percent="0" />
      <mem type="survivor" free="0" total="4128768" percent="0" />
    </mem>
    <mem type="tenure" free="2712440" total="7143424" percent="37">
      <mem type="soa" free="2478992" total="6787072" percent="36" />
      <mem type="loa" free="233448" total="356352" percent="65" />
    </mem>
    <remembered-set count="2790" />
  </mem-info>
</gc-start>
<allocation-stats totalBytes="35391624" >
  <allocated-bytes non-tlh="40" tlh="35391584" />
  <largest-consumer threadName="Thread-7" threadId="000000000155DD00" bytes="12155736" />
</allocation-stats>
<gc-op id="1695" type="scavenge" timems="1.847" contextid="1692" timestamp="2019-07-02T19:16:37.364">
  <scavenger-info tenureage="14" tenuremask="4000" tiltratio="89" />
  <memory-copied type="nursery" objects="32033" bytes="1319912" bytesdiscarded="137104" />
</gc-op>
<heap-resize id="1696" type="expand" space="nursery" amount="1835008" count="1" timems="0.016" reason="excessive time being spent scavenging" timestamp="2019-07-02T19:16:37.365" />
<gc-end id="1697" type="scavenge" contextid="1692" durationms="2.437" usertimems="4.000" systemtimems="4.000" timestamp="2019-07-02T19:16:37.365" activeThreads="4">
  <mem-info id="1698" free="39659520" total="49872896" percent="79">
    <mem type="nursery" free="36947080" total="42729472" percent="86">
      <mem type="allocate" free="36947080" total="38404096" percent="96" />
      <mem type="survivor" free="0" total="4325376" percent="0" />
    </mem>
    <mem type="tenure" free="2712440" total="7143424" percent="37">
      <mem type="soa" free="2478992" total="6787072" percent="36" />
      <mem type="loa" free="233448" total="356352" percent="65" />
    </mem>
    <remembered-set count="2790" />
  </mem-info>
</gc-end>
<cycle-end id="1699" type="scavenge" contextid="1692" timestamp="2019-07-02T19:16:37.365">
  <attribute name="GC Util" value="15" />
  <attribute name="CPU Util" value="695714290211" />
  <attribute name="Time Running"value="2733"/>
  <attribute name="Number of cores"value="4"/>
</cycle-end>
<allocation-satisfied id="1700" threadId="000000000155A100" bytesRequested="40" />
<af-end id="1701" timestamp="2019-07-02T19:16:37.365" threadId="000000000155AA88" success="true" from="nursery"/>
<exclusive-end id="1702" timestamp="2019-07-02T19:16:37.365" durationms="3.123" />

<exclusive-start id="1703" timestamp="2019-07-02T19:16:37.391" intervalms="29.016">
  <response-info timems="0.080" idlems="0.051" threads="1" lastid="0000000001565500" lastname="Thread-8" />
</exclusive-start>
<af-start id="1704" threadId="000000000155E688" totalBytesRequested="40" timestamp="2019-07-02T19:16:37.391" intervalms="29.051" type="nursery" />
<cycle-start id="1705" type="scavenge" contextid="0" timestamp="2019-07-02T19:16:37.391" intervalms="29.066" />
  <attribute name="GC Util" value="15" />
  <attribute name="CPU Util" value="695714290211" />
  <attribute name="Time Running"value="2733"/>
  <attribute name="Number of cores"value="4"/>
<gc-start id="1706" type="scavenge" contextid="1705" timestamp="2019-07-02T19:16:37.391">
  <mem-info id="1707" free="2712440" total="49872896" percent="5">
    <mem type="nursery" free="0" total="42729472" percent="0">
      <mem type="allocate" free="0" total="38404096" percent="0" />
      <mem type="survivor" free="0" total="4325376" percent="0" />
    </mem>
    <mem type="tenure" free="2712440" total="7143424" percent="37">
      <mem type="soa" free="2478992" total="6787072" percent="36" />
      <mem type="loa" free="233448" total="356352" percent="65" />
    </mem>
    <remembered-set count="2790" />
  </mem-info>
</gc-start>
<allocation-stats totalBytes="36943352" >
  <allocated-bytes non-tlh="40" tlh="36943312" />
  <largest-consumer threadName="Thread-9" threadId="000000000155A100" bytes="14121616" />
</allocation-stats>
<gc-op id="1708" type="scavenge" timems="1.741" contextid="1705" timestamp="2019-07-02T19:16:37.393">
  <scavenger-info tenureage="3" tenuremask="4038" tiltratio="89" />
  <memory-copied type="nursery" objects="11553" bytes="416448" bytesdiscarded="195648" />
  <memory-copied type="tenure" objects="22680" bytes="956448" bytesdiscarded="224" />
</gc-op>
<gc-end id="1709" type="scavenge" contextid="1705" durationms="2.059" usertimems="0.000" systemtimems="4.000" timestamp="2019-07-02T19:16:37.393" activeThreads="4">
  <mem-info id="1710" free="39487592" total="49872896" percent="79">
    <mem type="nursery" free="37792000" total="42729472" percent="88">
      <mem type="allocate" free="37792000" total="38404096" percent="98" />
      <mem type="survivor" free="0" total="4325376" percent="0" />
    </mem>
    <mem type="tenure" free="1695592" total="7143424" percent="23">
      <mem type="soa" free="1462144" total="6787072" percent="21" />
      <mem type="loa" free="233448" total="356352" percent="65" />
    </mem>
    <remembered-set count="5059" />
  </mem-info>
</gc-end>
<cycle-end id="1711" type="scavenge" contextid="1705" timestamp="2019-07-02T19:16:37.393">
  <attribute name="GC Util" value="15" />
  <attribute name="CPU Util" value="634252512364" />
  <attribute name="Time Running"value="2762"/>
  <attribute name="Number of cores"value="4"/>
</cycle-end>
<allocation-satisfied id="1712" threadId="000000000155DD00" bytesRequested="40" />
<af-end id="1713" timestamp="2019-07-02T19:16:37.394" threadId="000000000155E688" success="true" from="nursery"/>
<exclusive-end id="1714" timestamp="2019-07-02T19:16:37.394" durationms="2.791" />

<exclusive-start id="1715" timestamp="2019-07-02T19:16:37.442" intervalms="51.316">
  <response-info timems="0.035" idlems="0.035" threads="0" lastid="000000000155A100" lastname="Thread-9" />
</exclusive-start>
<af-start id="1716" threadId="000000000155AA88" totalBytesRequested="40" timestamp="2019-07-02T19:16:37.442" intervalms="51.323" type="nursery" />
<cycle-start id="1717" type="scavenge" contextid="0" timestamp="2019-07-02T19:16:37.442" intervalms="51.316" />
  <attribute name="GC Util" value="15" />
  <attribute name="CPU Util" value="634252512364" />
  <attribute name="Time Running"value="2762"/>
  <attribute name="Number of cores"value="4"/>
<gc-start id="1718" type="scavenge" contextid="1717" timestamp="2019-07-02T19:16:37.443">
  <mem-info id="1719" free="1695592" total="49872896" percent="3">
    <mem type="nursery" free="0" total="42729472" percent="0">
      <mem type="allocate" free="0" total="38404096" percent="0" />
      <mem type="survivor" free="0" total="4325376" percent="0" />
    </mem>
    <mem type="tenure" free="1695592" total="7143424" percent="23">
      <mem type="soa" free="1462144" total="6787072" percent="21" />
      <mem type="loa" free="233448" total="356352" percent="65" />
    </mem>
    <remembered-set count="6236" />
  </mem-info>
</gc-start>
<allocation-stats totalBytes="37789016" >
  <allocated-bytes non-tlh="40" tlh="37788976" />
  <largest-consumer threadName="Thread-7" threadId="000000000155DD00" bytes="12985760" />
</allocation-stats>
<gc-op id="1720" type="scavenge" timems="1.303" contextid="1717" timestamp="2019-07-02T19:16:37.444">
  <scavenger-info tenureage="3" tenuremask="4008" tiltratio="89" />
  <memory-copied type="nursery" objects="7125" bytes="172976" bytesdiscarded="246352" />
  <memory-copied type="tenure" objects="6619" bytes="296232" bytesdiscarded="120" />
</gc-op>
<gc-end id="1721" type="scavenge" contextid="1717" durationms="1.756" usertimems="4.000" systemtimems="0.000" timestamp="2019-07-02T19:16:37.444" activeThreads="4">
  <mem-info id="1722" free="39364432" total="49872896" percent="78">
    <mem type="nursery" free="37984768" total="42729472" percent="88">
      <mem type="allocate" free="37984768" total="38404096" percent="98" />
      <mem type="survivor" free="0" total="4325376" percent="0" />
    </mem>
    <mem type="tenure" free="1379664" total="7143424" percent="19">
      <mem type="soa" free="1146216" total="6787072" percent="16" />
      <mem type="loa" free="233448" total="356352" percent="65" />
    </mem>
    <remembered-set count="6859" />
  </mem-info>
</gc-end>
<cycle-end id="1723" type="scavenge" contextid="1717" timestamp="2019-07-02T19:16:37.444">
  <attribute name="GC Util" value="9" />
  <attribute name="CPU Util" value="359842896198" />
  <attribute name="Time Running"value="2813"/>
  <attribute name="Number of cores"value="4"/>
</cycle-end>
<allocation-satisfied id="1724" threadId="000000000155A100" bytesRequested="40" />
<af-end id="1725" timestamp="2019-07-02T19:16:37.445" threadId="000000000155AA88" success="true" from="nursery"/>
<exclusive-end id="1726" timestamp="2019-07-02T19:16:37.445" durationms="2.500" />

<exclusive-start id="1727" timestamp="2019-07-02T19:16:37.503" intervalms="60.995">
  <response-info timems="0.033" idlems="0.033" threads="0" lastid="000000000155A100" lastname="Thread-9" />
</exclusive-start>
<af-start id="1728" threadId="000000000155AA88" totalBytesRequested="40" timestamp="2019-07-02T19:16:37.503" intervalms="61.001" type="nursery" />
<cycle-start id="1729" type="scavenge" contextid="0" timestamp="2019-07-02T19:16:37.503" intervalms="61.004" />
  <attribute name="GC Util" value="9" />
  <attribute name="CPU Util" value="359842896198" />
  <attribute name="Time Running"value="2813"/>
  <attribute name="Number of cores"value="4"/>
<gc-start id="1730" type="scavenge" contextid="1729" timestamp="2019-07-02T19:16:37.504">
  <mem-info id="1731" free="1379664" total="49872896" percent="2">
    <mem type="nursery" free="0" total="42729472" percent="0">
      <mem type="allocate" free="0" total="38404096" percent="0" />
      <mem type="survivor" free="0" total="4325376" percent="0" />
    </mem>
    <mem type="tenure" free="1379664" total="7143424" percent="19">
      <mem type="soa" free="1146216" total="6787072" percent="16" />
      <mem type="loa" free="233448" total="356352" percent="65" />
    </mem>
    <remembered-set count="9905" />
  </mem-info>
</gc-start>
<allocation-stats totalBytes="37982368" >
  <allocated-bytes non-tlh="40" tlh="37982328" />
  <largest-consumer threadName="Thread-9" threadId="000000000155A100" bytes="13204984" />
</allocation-stats>
<gc-op id="1732" type="scavenge" timems="1.083" contextid="1729" timestamp="2019-07-02T19:16:37.505">
  <scavenger-info tenureage="3" tenuremask="4008" tiltratio="89" />
  <memory-copied type="nursery" objects="7649" bytes="185440" bytesdiscarded="365216" />
  <memory-copied type="tenure" objects="2461" bytes="59064" bytesdiscarded="0" />
</gc-op>
<gc-end id="1733" type="scavenge" contextid="1729" durationms="1.573" usertimems="0.000" systemtimems="0.000" timestamp="2019-07-02T19:16:37.505" activeThreads="4">
  <mem-info id="1734" free="39136960" total="49872896" percent="78">
    <mem type="nursery" free="37853440" total="42729472" percent="88">
      <mem type="allocate" free="37853440" total="38404096" percent="98" />
      <mem type="survivor" free="0" total="4325376" percent="0" />
    </mem>
    <mem type="tenure" free="1283520" total="7143424" percent="17">
      <mem type="soa" free="1050072" total="6787072" percent="15" />
      <mem type="loa" free="233448" total="356352" percent="65" />
    </mem>
    <remembered-set count="7444" />
  </mem-info>
</gc-end>
<cycle-end id="1735" type="scavenge" contextid="1729" timestamp="2019-07-02T19:16:37.505">
  <attribute name="GC Util" value="5" />
  <attribute name="CPU Util" value="302022626078" />
  <attribute name="Time Running"value="2874"/>
  <attribute name="Number of cores"value="4"/>
</cycle-end>
<allocation-satisfied id="1736" threadId="000000000155A100" bytesRequested="40" />
<af-end id="1737" timestamp="2019-07-02T19:16:37.505" threadId="000000000155AA88" success="true" from="nursery"/>
<exclusive-end id="1738" timestamp="2019-07-02T19:16:37.506" durationms="2.312" />

<exclusive-start id="1739" timestamp="2019-07-02T19:16:37.554" intervalms="50.535">
  <response-info timems="0.084" idlems="0.055" threads="1" lastid="0000000001565500" lastname="Thread-8" />
</exclusive-start>
<af-start id="1740" threadId="0000000001562288" totalBytesRequested="40" timestamp="2019-07-02T19:16:37.554" intervalms="50.583" type="nursery" />
<cycle-start id="1741" type="scavenge" contextid="0" timestamp="2019-07-02T19:16:37.554" intervalms="50.620" />
  <attribute name="GC Util" value="5" />
  <attribute name="CPU Util" value="302022626078" />
  <attribute name="Time Running"value="2874"/>
  <attribute name="Number of cores"value="4"/>
<gc-start id="1742" type="scavenge" contextid="1741" timestamp="2019-07-02T19:16:37.554">
  <mem-info id="1743" free="1283520" total="49872896" percent="2">
    <mem type="nursery" free="0" total="42729472" percent="0">
      <mem type="allocate" free="0" total="38404096" percent="0" />
      <mem type="survivor" free="0" total="4325376" percent="0" />
    </mem>
    <mem type="tenure" free="1283520" total="7143424" percent="17">
      <mem type="soa" free="1050072" total="6787072" percent="15" />
      <mem type="loa" free="233448" total="356352" percent="65" />
    </mem>
    <remembered-set count="9528" />
  </mem-info>
</gc-start>
<allocation-stats totalBytes="37851200" >
  <allocated-bytes non-tlh="40" tlh="37851160" />
  <largest-consumer threadName="Thread-7" threadId="000000000155DD00" bytes="14095752" />
</allocation-stats>
<gc-op id="1744" type="scavenge" timems="0.659" contextid="1741" timestamp="2019-07-02T19:16:37.555">
  <scavenger-info tenureage="3" tenuremask="4008" tiltratio="89" />
  <memory-copied type="nursery" objects="14269" bytes="481608" bytesdiscarded="219432" />
  <memory-copied type="tenure" objects="2161" bytes="51864" bytesdiscarded="0" />
</gc-op>
<gc-end id="1745" type="scavenge" contextid="1741" durationms="1.075" usertimems="0.000" systemtimems="0.000" timestamp="2019-07-02T19:16:37.555" activeThreads="4">
  <mem-info id="1746" free="38943160" total="49872896" percent="78">
    <mem type="nursery" free="37703056" total="42729472" percent="88">
      <mem type="allocate" free="37703056" total="38404096" percent="98" />
      <mem type="survivor" free="0" total="4325376" percent="0" />
    </mem>
    <mem type="tenure" free="1240104" total="7143424" percent="17">
      <mem type="soa" free="1006656" total="6787072" percent="14" />
      <mem type="loa" free="233448" total="356352" percent="65" />
    </mem>
    <remembered-set count="7367" />
  </mem-info>
</gc-end>
<cycle-end id="1747" type="scavenge" contextid="1741" timestamp="2019-07-02T19:16:37.555">
  <attribute name="GC Util" value="5" />
  <attribute name="CPU Util" value="363381853947" />
  <attribute name="Time Running"value="2925"/>
  <attribute name="Number of cores"value="4"/>
</cycle-end>
<allocation-satisfied id="1748" threadId="0000000001561900" bytesRequested="40" />
<af-end id="1749" timestamp="2019-07-02T19:16:37.556" threadId="0000000001562288" success="true" from="nursery"/>
<exclusive-end id="1750" timestamp="2019-07-02T19:16:37.556" durationms="2.017" />

<exclusive-start id="1751" timestamp="2019-07-02T19:16:37.575" intervalms="20.855">
  <response-info timems="0.092" idlems="0.092" threads="0" lastid="0000000001561900" lastname="Thread-10" />
</exclusive-start>
<af-start id="1752" threadId="0000000001562288" totalBytesRequested="40" timestamp="2019-07-02T19:16:37.575" intervalms="20.842" type="nursery" />
<cycle-start id="1753" type="scavenge" contextid="0" timestamp="2019-07-02T19:16:37.575" intervalms="20.853" />
  <attribute name="GC Util" value="5" />
  <attribute name="CPU Util" value="363381853947" />
  <attribute name="Time Running"value="2925"/>
  <attribute name="Number of cores"value="4"/>
<gc-start id="1754" type="scavenge" contextid="1753" timestamp="2019-07-02T19:16:37.575">
  <mem-info id="1755" free="1240104" total="49872896" percent="2">
    <mem type="nursery" free="0" total="42729472" percent="0">
      <mem type="allocate" free="0" total="38404096" percent="0" />
      <mem type="survivor" free="0" total="4325376" percent="0" />
    </mem>
    <mem type="tenure" free="1240104" total="7143424" percent="17">
      <mem type="soa" free="1006656" total="6787072" percent="14" />
      <mem type="loa" free="233448" total="356352" percent="65" />
    </mem>
    <remembered-set count="9003" />
  </mem-info>
</gc-start>
<allocation-stats totalBytes="37698680" >
  <allocated-bytes non-tlh="40" tlh="37698640" />
  <largest-consumer threadName="Thread-7" threadId="000000000155DD00" bytes="12109936" />
</allocation-stats>
<gc-op id="1756" type="scavenge" timems="0.877" contextid="1753" timestamp="2019-07-02T19:16:37.576">
  <scavenger-info tenureage="14" tenuremask="4000" tiltratio="89" />
  <memory-copied type="nursery" objects="22738" bytes="822392" bytesdiscarded="231304" />
</gc-op>
<gc-end id="1757" type="scavenge" contextid="1753" durationms="1.274" usertimems="0.000" systemtimems="0.000" timestamp="2019-07-02T19:16:37.576" activeThreads="4">
  <mem-info id="1758" free="38590504" total="49872896" percent="77">
    <mem type="nursery" free="37350400" total="42729472" percent="87">
      <mem type="allocate" free="37350400" total="38404096" percent="97" />
      <mem type="survivor" free="0" total="4325376" percent="0" />
    </mem>
    <mem type="tenure" free="1240104" total="7143424" percent="17">
      <mem type="soa" free="1006656" total="6787072" percent="14" />
      <mem type="loa" free="233448" total="356352" percent="65" />
    </mem>
    <remembered-set count="9002" />
  </mem-info>
</gc-end>
<cycle-end id="1759" type="scavenge" contextid="1753" timestamp="2019-07-02T19:16:37.576">
  <attribute name="GC Util" value="11" />
  <attribute name="CPU Util" value="886658507130" />
  <attribute name="Time Running"value="2946"/>
  <attribute name="Number of cores"value="4"/>
</cycle-end>
<allocation-satisfied id="1760" threadId="0000000001561900" bytesRequested="40" />
<af-end id="1761" timestamp="2019-07-02T19:16:37.577" threadId="0000000001562288" success="true" from="nursery"/>
<exclusive-end id="1762" timestamp="2019-07-02T19:16:37.577" durationms="2.068" />

<exclusive-start id="1763" timestamp="2019-07-02T19:16:37.598" intervalms="23.806">
  <response-info timems="1.158" idlems="0.589" threads="1" lastid="0000000001565500" lastname="Thread-8" />
</exclusive-start>
<af-start id="1764" threadId="000000000155AA88" totalBytesRequested="40" timestamp="2019-07-02T19:16:37.599" intervalms="23.796" type="nursery" />
<cycle-start id="1765" type="scavenge" contextid="0" timestamp="2019-07-02T19:16:37.599" intervalms="23.747" />
  <attribute name="GC Util" value="11" />
  <attribute name="CPU Util" value="886658507130" />
  <attribute name="Time Running"value="2946"/>
  <attribute name="Number of cores"value="4"/>
<gc-start id="1766" type="scavenge" contextid="1765" timestamp="2019-07-02T19:16:37.599">
  <mem-info id="1767" free="1240104" total="49872896" percent="2">
    <mem type="nursery" free="0" total="42729472" percent="0">
      <mem type="allocate" free="0" total="38404096" percent="0" />
      <mem type="survivor" free="0" total="4325376" percent="0" />
    </mem>
    <mem type="tenure" free="1240104" total="7143424" percent="17">
      <mem type="soa" free="1006656" total="6787072" percent="14" />
      <mem type="loa" free="233448" total="356352" percent="65" />
    </mem>
    <remembered-set count="10041" />
  </mem-info>
</gc-start>
<allocation-stats totalBytes="37347200" >
  <allocated-bytes non-tlh="40" tlh="37347160" />
  <largest-consumer threadName="Thread-7" threadId="000000000155DD00" bytes="11626824" />
</allocation-stats>
<gc-op id="1768" type="scavenge" timems="1.878" contextid="1765" timestamp="2019-07-02T19:16:37.601">
  <scavenger-info tenureage="4" tenuremask="4010" tiltratio="89" />
  <memory-copied type="nursery" objects="34887" bytes="1388624" bytesdiscarded="197776" />
  <memory-copied type="tenure" objects="2134" bytes="51216" bytesdiscarded="0" />
</gc-op>
<heap-resize id="1769" type="expand" space="nursery" amount="2097152" count="1" timems="0.019" reason="excessive time being spent scavenging" timestamp="2019-07-02T19:16:37.601" />
<gc-end id="1770" type="scavenge" contextid="1765" durationms="2.525" usertimems="8.000" systemtimems="0.000" timestamp="2019-07-02T19:16:37.601" activeThreads="4">
  <mem-info id="1771" free="39879920" total="51970048" percent="76">
    <mem type="nursery" free="38652704" total="44826624" percent="86">
      <mem type="allocate" free="38652704" total="40239104" percent="96" />
      <mem type="survivor" free="0" total="4587520" percent="0" />
    </mem>
    <mem type="tenure" free="1227216" total="7143424" percent="17">
      <mem type="soa" free="993768" total="6787072" percent="14" />
      <mem type="loa" free="233448" total="356352" percent="65" />
    </mem>
    <remembered-set count="7906" />
  </mem-info>
</gc-end>
<cycle-end id="1772" type="scavenge" contextid="1765" timestamp="2019-07-02T19:16:37.601">
  <attribute name="GC Util" value="12" />
  <attribute name="CPU Util" value="781224966278" />
  <attribute name="Time Running"value="2969"/>
  <attribute name="Number of cores"value="4"/>
</cycle-end>
<allocation-satisfied id="1773" threadId="000000000155A100" bytesRequested="40" />
<af-end id="1774" timestamp="2019-07-02T19:16:37.602" threadId="000000000155AA88" success="true" from="nursery"/>
<exclusive-end id="1775" timestamp="2019-07-02T19:16:37.602" durationms="3.488" />

<exclusive-start id="1776" timestamp="2019-07-02T19:16:37.624" intervalms="26.018">
  <response-info timems="0.036" idlems="0.036" threads="0" lastid="000000000155DD00" lastname="Thread-7" />
</exclusive-start>
<af-start id="1777" threadId="000000000155E688" totalBytesRequested="40" timestamp="2019-07-02T19:16:37.625" intervalms="25.989" type="nursery" />
<cycle-start id="1778" type="scavenge" contextid="0" timestamp="2019-07-02T19:16:37.625" intervalms="25.985" />
  <attribute name="GC Util" value="12" />
  <attribute name="CPU Util" value="781224966278" />
  <attribute name="Time Running"value="2969"/>
  <attribute name="Number of cores"value="4"/>
<gc-start id="1779" type="scavenge" contextid="1778" timestamp="2019-07-02T19:16:37.625">
  <mem-info id="1780" free="1227216" total="51970048" percent="2">
    <mem type="nursery" free="0" total="44826624" percent="0">
      <mem type="allocate" free="0" total="40239104" percent="0" />
      <mem type="survivor" free="0" total="4587520" percent="0" />
    </mem>
    <mem type="tenure" free="1227216" total="7143424" percent="17">
      <mem type="soa" free="993768" total="6787072" percent="14" />
      <mem type="loa" free="233448" total="356352" percent="65" />
    </mem>
    <remembered-set count="7906" />
  </mem-info>
</gc-start>
<allocation-stats totalBytes="38649160" >
  <allocated-bytes non-tlh="40" tlh="38649120" />
  <largest-consumer threadName="Thread-7" threadId="000000000155DD00" bytes="11676448" />
</allocation-stats>
<gc-op id="1781" type="scavenge" timems="2.059" contextid="1778" timestamp="2019-07-02T19:16:37.627">
  <scavenger-info tenureage="3" tenuremask="4018" tiltratio="89" />
  <memory-copied type="nursery" objects="25487" bytes="1025392" bytesdiscarded="173456" />
  <memory-copied type="tenure" objects="11839" bytes="421512" bytesdiscarded="96" />
</gc-op>
<gc-end id="1782" type="scavenge" contextid="1778" durationms="2.438" usertimems="4.000" systemtimems="0.000" timestamp="2019-07-02T19:16:37.627" activeThreads="4">
  <mem-info id="1783" free="39944040" total="51970048" percent="76">
    <mem type="nursery" free="39105792" total="44826624" percent="87">
      <mem type="allocate" free="39105792" total="40304640" percent="97" />
      <mem type="survivor" free="0" total="4521984" percent="0" />
    </mem>
    <mem type="tenure" free="838248" total="7143424" percent="11">
      <mem type="soa" free="604800" total="6787072" percent="8" />
      <mem type="loa" free="233448" total="356352" percent="65" />
    </mem>
    <remembered-set count="4479" />
  </mem-info>
</gc-end>
<cycle-end id="1784" type="scavenge" contextid="1778" timestamp="2019-07-02T19:16:37.627">
  <attribute name="GC Util" value="20" />
  <attribute name="CPU Util" value="708454966542" />
  <attribute name="Time Running"value="2995"/>
  <attribute name="Number of cores"value="4"/>
</cycle-end>
<allocation-satisfied id="1785" threadId="000000000155DD00" bytesRequested="40" />
<af-end id="1786" timestamp="2019-07-02T19:16:37.627" threadId="000000000155E688" success="true" from="nursery"/>
<exclusive-end id="1787" timestamp="2019-07-02T19:16:37.628" durationms="3.111" />

<exclusive-start id="1788" timestamp="2019-07-02T19:16:37.655" intervalms="30.534">
  <response-info timems="0.037" idlems="0.037" threads="0" lastid="000000000155A100" lastname="Thread-9" />
</exclusive-start>
<af-start id="1789" threadId="000000000155AA88" totalBytesRequested="40" timestamp="2019-07-02T19:16:37.655" intervalms="30.533" type="nursery" />
<cycle-start id="1790" type="scavenge" contextid="0" timestamp="2019-07-02T19:16:37.655" intervalms="30.539" />
  <attribute name="GC Util" value="20" />
  <attribute name="CPU Util" value="708454966542" />
  <attribute name="Time Running"value="2995"/>
  <attribute name="Number of cores"value="4"/>
<gc-start id="1791" type="scavenge" contextid="1790" timestamp="2019-07-02T19:16:37.655">
  <mem-info id="1792" free="838248" total="51970048" percent="1">
    <mem type="nursery" free="0" total="44826624" percent="0">
      <mem type="allocate" free="0" total="40304640" percent="0" />
      <mem type="survivor" free="0" total="4521984" percent="0" />
    </mem>
    <mem type="tenure" free="838248" total="7143424" percent="11">
      <mem type="soa" free="604800" total="6787072" percent="8" />
      <mem type="loa" free="233448" total="356352" percent="65" />
    </mem>
    <remembered-set count="4878" />
  </mem-info>
</gc-start>
<allocation-stats totalBytes="39102672" >
  <allocated-bytes non-tlh="40" tlh="39102632" />
  <largest-consumer threadName="Thread-9" threadId="000000000155A100" bytes="13401032" />
</allocation-stats>
<gc-op id="1793" type="scavenge" timems="1.820" contextid="1790" timestamp="2019-07-02T19:16:37.657">
  <scavenger-info tenureage="3" tenuremask="4008" tiltratio="89" />
  <memory-copied type="nursery" objects="19855" bytes="753032" bytesdiscarded="87784" />
  <memory-copied type="tenure" objects="8459" bytes="340392" bytesdiscarded="0" />
</gc-op>
<heap-resize id="1794" type="expand" space="nursery" amount="1966080" count="1" timems="0.019" reason="excessive time being spent scavenging" timestamp="2019-07-02T19:16:37.658" />
<gc-end id="1795" type="scavenge" contextid="1790" durationms="2.382" usertimems="0.000" systemtimems="4.000" timestamp="2019-07-02T19:16:37.658" activeThreads="4">
  <mem-info id="1796" free="41685120" total="53936128" percent="77">
    <mem type="nursery" free="41233296" total="46792704" percent="88">
      <mem type="allocate" free="41233296" total="42074112" percent="98" />
      <mem type="survivor" free="0" total="4718592" percent="0" />
    </mem>
    <mem type="tenure" free="451824" total="7143424" percent="6">
      <mem type="soa" free="218376" total="6787072" percent="3" />
      <mem type="loa" free="233448" total="356352" percent="65" />
    </mem>
    <remembered-set count="4049" />
  </mem-info>
</gc-end>
<cycle-end id="1797" type="scavenge" contextid="1790" timestamp="2019-07-02T19:16:37.658">
  <attribute name="GC Util" value="17" />
  <attribute name="CPU Util" value="604389594611" />
  <attribute name="Time Running"value="3026"/>
  <attribute name="Number of cores"value="4"/>
</cycle-end>
<allocation-satisfied id="1798" threadId="000000000155A100" bytesRequested="40" />
<af-end id="1799" timestamp="2019-07-02T19:16:37.658" threadId="000000000155AA88" success="true" from="nursery"/>
<exclusive-end id="1800" timestamp="2019-07-02T19:16:37.658" durationms="3.057" />

<concurrent-kickoff id="1801" timestamp="2019-07-02T19:16:37.685">
  <kickoff reason="threshold reached" targetBytes="2403409" thresholdFreeBytes="344551"  remainingFree="256912" tenureFreeBytes="451824" nurseryFreeBytes="256912" />
</concurrent-kickoff>
<exclusive-start id="1802" timestamp="2019-07-02T19:16:37.685" intervalms="30.156">
  <response-info timems="0.034" idlems="0.034" threads="0" lastid="000000000155A100" lastname="Thread-9" />
</exclusive-start>
<cycle-start id="1803" type="global" contextid="0" timestamp="2019-07-02T19:16:37.685" intervalms="482.928" />
  <attribute name="GC Util" value="17" />
  <attribute name="CPU Util" value="604389594611" />
  <attribute name="Time Running"value="3026"/>
  <attribute name="Number of cores"value="4"/>
<exclusive-end id="1804" timestamp="2019-07-02T19:16:37.685" durationms="0.205" />

<exclusive-start id="1805" timestamp="2019-07-02T19:16:37.686" intervalms="0.681">
  <response-info timems="0.024" idlems="0.024" threads="0" lastid="000000000155A100" lastname="Thread-9" />
</exclusive-start>
<af-start id="1806" threadId="000000000155AA88" totalBytesRequested="40" timestamp="2019-07-02T19:16:37.686" intervalms="30.775" type="nursery" />
<cycle-start id="1807" type="scavenge" contextid="0" timestamp="2019-07-02T19:16:37.686" intervalms="30.764" />
  <attribute name="GC Util" value="17" />
  <attribute name="CPU Util" value="604389594611" />
  <attribute name="Time Running"value="3026"/>
  <attribute name="Number of cores"value="4"/>
<gc-start id="1808" type="scavenge" contextid="1807" timestamp="2019-07-02T19:16:37.686">
  <mem-info id="1809" free="451824" total="53936128" percent="0">
    <mem type="nursery" free="0" total="46792704" percent="0">
      <mem type="allocate" free="0" total="42074112" percent="0" />
      <mem type="survivor" free="0" total="4718592" percent="0" />
    </mem>
    <mem type="tenure" free="451824" total="7143424" percent="6">
      <mem type="soa" free="218376" total="6787072" percent="3" />
      <mem type="loa" free="233448" total="356352" percent="65" />
    </mem>
    <remembered-set count="6439" />
  </mem-info>
</gc-start>
<allocation-stats totalBytes="41228104" >
  <allocated-bytes non-tlh="40" tlh="41228064" />
  <largest-consumer threadName="Thread-7" threadId="000000000155DD00" bytes="15295704" />
</allocation-stats>
<gc-op id="1810" type="scavenge" timems="2.101" contextid="1807" timestamp="2019-07-02T19:16:37.688">
  <scavenger-info tenureage="3" tenuremask="4008" tiltratio="89" />
  <memory-copied type="nursery" objects="17185" bytes="689032" bytesdiscarded="213224" />
  <memory-copied type="tenure" objects="8984" bytes="352992" bytesdiscarded="0" />
  <heap-resize type="expand" space="tenure" amount="65536" count="1" timems="0.015" reason="continue current collection" />
</gc-op>
<gc-end id="1811" type="scavenge" contextid="1807" durationms="2.540" usertimems="4.000" systemtimems="0.000" timestamp="2019-07-02T19:16:37.689" activeThreads="4">
  <mem-info id="1812" free="41409400" total="54001664" percent="76">
    <mem type="nursery" free="41171856" total="46792704" percent="87">
      <mem type="allocate" free="41171856" total="42074112" percent="97" />
      <mem type="survivor" free="0" total="4718592" percent="0" />
    </mem>
    <mem type="tenure" free="237544" total="7208960" percent="3">
      <mem type="soa" free="0" total="6848512" percent="0" />
      <mem type="loa" free="237544" total="360448" percent="65" />
    </mem>
    <remembered-set count="5427" />
  </mem-info>
</gc-end>
<cycle-end id="1813" type="scavenge" contextid="1807" timestamp="2019-07-02T19:16:37.689">
  <attribute name="GC Util" value="16" />
  <attribute name="CPU Util" value="600023778982" />
  <attribute name="Time Running"value="3057"/>
  <attribute name="Number of cores"value="4"/>
</cycle-end>
<allocation-satisfied id="1814" threadId="000000000155A100" bytesRequested="40" />
<af-end id="1815" timestamp="2019-07-02T19:16:37.689" threadId="000000000155AA88" success="true" from="nursery"/>
<exclusive-end id="1816" timestamp="2019-07-02T19:16:37.689" durationms="3.398" />

<exclusive-start id="1817" timestamp="2019-07-02T19:16:37.720" intervalms="34.643">
  <response-info timems="0.114" idlems="0.053" threads="3" lastid="000000000155A100" lastname="Thread-9" />
</exclusive-start>
<af-start id="1818" threadId="0000000001565E88" totalBytesRequested="40" timestamp="2019-07-02T19:16:37.721" intervalms="34.724" type="nursery" />
<cycle-start id="1819" type="scavenge" contextid="0" timestamp="2019-07-02T19:16:37.721" intervalms="34.753" />
  <attribute name="GC Util" value="16" />
  <attribute name="CPU Util" value="600023778982" />
  <attribute name="Time Running"value="3057"/>
  <attribute name="Number of cores"value="4"/>
<gc-start id="1820" type="scavenge" contextid="1819" timestamp="2019-07-02T19:16:37.721">
  <mem-info id="1821" free="237544" total="54001664" percent="0">
    <mem type="nursery" free="0" total="46792704" percent="0">
      <mem type="allocate" free="0" total="42074112" percent="0" />
      <mem type="survivor" free="0" total="4718592" percent="0" />
    </mem>
    <mem type="tenure" free="237544" total="7208960" percent="3">
      <mem type="soa" free="0" total="6848512" percent="0" />
      <mem type="loa" free="237544" total="360448" percent="65" />
    </mem>
    <remembered-set count="7961" />
  </mem-info>
</gc-start>
<allocation-stats totalBytes="41167784" >
  <allocated-bytes non-tlh="40" tlh="41167744" />
  <largest-consumer threadName="Thread-7" threadId="000000000155DD00" bytes="14529928" />
</allocation-stats>
<gc-op id="1822" type="scavenge" timems="0.993" contextid="1819" timestamp="2019-07-02T19:16:37.722">
  <scavenger-info tenureage="14" tenuremask="4000" tiltratio="89" />
  <memory-copied type="nursery" objects="27850" bytes="1081928" bytesdiscarded="256696" />
</gc-op>
<gc-end id="1823" type="scavenge" contextid="1819" durationms="1.318" usertimems="4.000" systemtimems="0.000" timestamp="2019-07-02T19:16:37.722" activeThreads="4">
  <mem-info id="1824" free="40973032" total="54001664" percent="75">
    <mem type="nursery" free="40735488" total="46792704" percent="87">
      <mem type="allocate" free="40735488" total="42074112" percent="96" />
      <mem type="survivor" free="0" total="4718592" percent="0" />
    </mem>
    <mem type="tenure" free="237544" total="7208960" percent="3">
      <mem type="soa" free="0" total="6848512" percent="0" />
      <mem type="loa" free="237544" total="360448" percent="65" />
    </mem>
    <remembered-set count="7960" />
  </mem-info>
</gc-end>
<cycle-end id="1825" type="scavenge" contextid="1819" timestamp="2019-07-02T19:16:37.722">
  <attribute name="GC Util" value="15" />
  <attribute name="CPU Util" value="530337513270" />
  <attribute name="Time Running"value="3091"/>
  <attribute name="Number of cores"value="4"/>
</cycle-end>
<allocation-satisfied id="1826" threadId="0000000001565500" bytesRequested="40" />
<af-end id="1827" timestamp="2019-07-02T19:16:37.722" threadId="0000000001565E88" success="true" from="nursery"/>
<exclusive-end id="1828" timestamp="2019-07-02T19:16:37.722" durationms="2.046" />

<exclusive-start id="1829" timestamp="2019-07-02T19:16:37.723" intervalms="2.212">
  <response-info timems="0.027" idlems="0.027" threads="0" lastid="000000000155A100" lastname="Thread-9" />
</exclusive-start>
<concurrent-collection-start id="1830" timestamp="2019-07-02T19:16:37.723" intervalms="478.672" >
  <concurrent-trace-info reason="card cleaning threshold reached" tracedByMutators="692404" tracedByHelpers="1229148" cardsCleaned="376" workStackOverflowCount="0" />
</concurrent-collection-start>
<gc-start id="1831" type="global" contextid="1803" timestamp="2019-07-02T19:16:37.723">
  <mem-info id="1832" free="40776384" total="54001664" percent="75">
    <mem type="nursery" free="40538840" total="46792704" percent="86">
      <mem type="allocate" free="40538840" total="42074112" percent="96" />
      <mem type="survivor" free="0" total="4718592" percent="0" />
    </mem>
    <mem type="tenure" free="237544" total="7208960" percent="3">
      <mem type="soa" free="0" total="6848512" percent="0" />
      <mem type="loa" free="237544" total="360448" percent="65" />
    </mem>
    <remembered-set count="7960" />
  </mem-info>
</gc-start>
<allocation-stats totalBytes="196648" >
  <allocated-bytes non-tlh="40" tlh="196608" />
  <largest-consumer threadName="Thread-8" threadId="0000000001565500" bytes="65576" />
</allocation-stats>
<gc-op id="1833" type="rs-scan" timems="0.589" contextid="1803" timestamp="2019-07-02T19:16:37.723">
  <scan objectsFound="5370" bytesTraced="456520" workStackOverflowCount="0" />
</gc-op>
<gc-op id="1834" type="card-cleaning" timems="0.403" contextid="1803" timestamp="2019-07-02T19:16:37.724">
  <card-cleaning cardsCleaned="3" bytesTraced="3312" workStackOverflowCount="0" />
</gc-op>
<gc-op id="1835" type="mark" timems="1.028" contextid="1803" timestamp="2019-07-02T19:16:37.725">
  <trace-info objectcount="18313" scancount="18281" scanbytes="852956" />
  <finalization candidates="124" enqueued="0" />
  <ownableSynchronizers candidates="3" cleared="0" />
  <references type="soft" candidates="146" cleared="0" enqueued="0" dynamicThreshold="12" maxThreshold="32" />
  <references type="weak" candidates="696" cleared="0" enqueued="0" />
  <references type="phantom" candidates="39" cleared="0" enqueued="0" />
  <stringconstants candidates="4574" cleared="0"  />
</gc-op>
<gc-op id="1836" type="sweep" timems="0.730" contextid="1803" timestamp="2019-07-02T19:16:37.726" />
<gc-end id="1837" type="global" contextid="1803" durationms="3.196" usertimems="4.000" systemtimems="4.000" timestamp="2019-07-02T19:16:37.726" activeThreads="4">
  <mem-info id="1838" free="44554248" total="54001664" percent="82">
    <mem type="nursery" free="41069336" total="46792704" percent="87">
      <mem type="allocate" free="41069336" total="42074112" percent="97" />
      <mem type="survivor" free="0" total="4718592" percent="0" />
    </mem>
    <mem type="tenure" free="3484912" total="7208960" percent="48" micro-fragmented="4103" macro-fragmented="0">
      <mem type="soa" free="3124464" total="6848512" percent="45" />
      <mem type="loa" free="360448" total="360448" percent="100" />
    </mem>
    <remembered-set count="5404" />
  </mem-info>
</gc-end>
<cycle-end id="1839" type="global" contextid="1803" timestamp="2019-07-02T19:16:37.726">
  <attribute name="GC Util" value="223" />
  <attribute name="CPU Util" value="16396114753357" />
  <attribute name="Time Running"value="3096"/>
  <attribute name="Number of cores"value="4"/>
</cycle-end>
<concurrent-collection-end id="1840" timestamp="2019-07-02T19:16:37.726" />
<exclusive-end id="1841" timestamp="2019-07-02T19:16:37.726" durationms="3.602" />

<exclusive-start id="1842" timestamp="2019-07-02T19:16:37.753" intervalms="30.557">
  <response-info timems="0.042" idlems="0.042" threads="0" lastid="000000000155A100" lastname="Thread-9" />
</exclusive-start>
<af-start id="1843" threadId="000000000155AA88" totalBytesRequested="40" timestamp="2019-07-02T19:16:37.753" intervalms="32.753" type="nursery" />
<cycle-start id="1844" type="scavenge" contextid="0" timestamp="2019-07-02T19:16:37.753" intervalms="32.729" />
  <attribute name="GC Util" value="223" />
  <attribute name="CPU Util" value="16396114753357" />
  <attribute name="Time Running"value="3096"/>
  <attribute name="Number of cores"value="4"/>
<gc-start id="1845" type="scavenge" contextid="1844" timestamp="2019-07-02T19:16:37.754">
  <mem-info id="1846" free="3484912" total="54001664" percent="6">
    <mem type="nursery" free="0" total="46792704" percent="0">
      <mem type="allocate" free="0" total="42074112" percent="0" />
      <mem type="survivor" free="0" total="4718592" percent="0" />
    </mem>
    <mem type="tenure" free="3484912" total="7208960" percent="48">
      <mem type="soa" free="3124464" total="6848512" percent="45" />
      <mem type="loa" free="360448" total="360448" percent="100" />
    </mem>
    <remembered-set count="5897" />
  </mem-info>
</gc-start>
<allocation-stats totalBytes="41063336" >
  <allocated-bytes non-tlh="0" tlh="41063336" />
  <largest-consumer threadName="Thread-7" threadId="000000000155DD00" bytes="14687720" />
</allocation-stats>
<gc-op id="1847" type="scavenge" timems="1.584" contextid="1844" timestamp="2019-07-02T19:16:37.755">
  <scavenger-info tenureage="14" tenuremask="4000" tiltratio="89" />
  <memory-copied type="nursery" objects="31510" bytes="1169664" bytesdiscarded="269568" />
  <ownableSynchronizers candidates="6" cleared="6" />
</gc-op>
<gc-end id="1848" type="scavenge" contextid="1844" durationms="2.060" usertimems="4.000" systemtimems="0.000" timestamp="2019-07-02T19:16:37.756" activeThreads="4">
  <mem-info id="1849" free="44119792" total="54001664" percent="81">
    <mem type="nursery" free="40634880" total="46792704" percent="86">
      <mem type="allocate" free="40634880" total="42074112" percent="96" />
      <mem type="survivor" free="0" total="4718592" percent="0" />
    </mem>
    <mem type="tenure" free="3484912" total="7208960" percent="48">
      <mem type="soa" free="3124464" total="6848512" percent="45" />
      <mem type="loa" free="360448" total="360448" percent="100" />
    </mem>
    <remembered-set count="5896" />
  </mem-info>
</gc-end>
<cycle-end id="1850" type="scavenge" contextid="1844" timestamp="2019-07-02T19:16:37.756">
  <attribute name="GC Util" value="7" />
  <attribute name="CPU Util" value="643745740045" />
  <attribute name="Time Running"value="3124"/>
  <attribute name="Number of cores"value="4"/>
</cycle-end>
<allocation-satisfied id="1851" threadId="000000000155A100" bytesRequested="40" />
<af-end id="1852" timestamp="2019-07-02T19:16:37.756" threadId="000000000155AA88" success="true" from="nursery"/>
<exclusive-end id="1853" timestamp="2019-07-02T19:16:37.756" durationms="2.805" />

<exclusive-start id="1854" timestamp="2019-07-02T19:16:37.787" intervalms="33.862">
  <response-info timems="0.036" idlems="0.036" threads="0" lastid="000000000155DD00" lastname="Thread-7" />
</exclusive-start>
<af-start id="1855" threadId="000000000155E688" totalBytesRequested="40" timestamp="2019-07-02T19:16:37.787" intervalms="33.880" type="nursery" />
<cycle-start id="1856" type="scavenge" contextid="0" timestamp="2019-07-02T19:16:37.787" intervalms="33.903" />
  <attribute name="GC Util" value="7" />
  <attribute name="CPU Util" value="643745740045" />
  <attribute name="Time Running"value="3124"/>
  <attribute name="Number of cores"value="4"/>
<gc-start id="1857" type="scavenge" contextid="1856" timestamp="2019-07-02T19:16:37.788">
  <mem-info id="1858" free="3484912" total="54001664" percent="6">
    <mem type="nursery" free="0" total="46792704" percent="0">
      <mem type="allocate" free="0" total="42074112" percent="0" />
      <mem type="survivor" free="0" total="4718592" percent="0" />
    </mem>
    <mem type="tenure" free="3484912" total="7208960" percent="48">
      <mem type="soa" free="3124464" total="6848512" percent="45" />
      <mem type="loa" free="360448" total="360448" percent="100" />
    </mem>
    <remembered-set count="6483" />
  </mem-info>
</gc-start>
<allocation-stats totalBytes="40631176" >
  <allocated-bytes non-tlh="40" tlh="40631136" />
  <largest-consumer threadName="Thread-9" threadId="000000000155A100" bytes="14383976" />
</allocation-stats>
<gc-op id="1859" type="scavenge" timems="1.600" contextid="1856" timestamp="2019-07-02T19:16:37.789">
  <scavenger-info tenureage="2" tenuremask="4004" tiltratio="89" />
  <memory-copied type="nursery" objects="24069" bytes="991592" bytesdiscarded="111880" />
  <memory-copied type="tenure" objects="3560" bytes="85440" bytesdiscarded="0" />
</gc-op>
<gc-end id="1860" type="scavenge" contextid="1856" durationms="1.958" usertimems="4.000" systemtimems="0.000" timestamp="2019-07-02T19:16:37.789" activeThreads="4">
  <mem-info id="1861" free="44328784" total="54001664" percent="82">
    <mem type="nursery" free="40970640" total="46792704" percent="87">
      <mem type="allocate" free="40970640" total="42074112" percent="97" />
      <mem type="survivor" free="0" total="4718592" percent="0" />
    </mem>
    <mem type="tenure" free="3358144" total="7208960" percent="46">
      <mem type="soa" free="2997696" total="6848512" percent="43" />
      <mem type="loa" free="360448" total="360448" percent="100" />
    </mem>
    <remembered-set count="3946" />
  </mem-info>
</gc-end>
<cycle-end id="1862" type="scavenge" contextid="1856" timestamp="2019-07-02T19:16:37.790">
  <attribute name="GC Util" value="12" />
  <attribute name="CPU Util" value="543231885096" />
  <attribute name="Time Running"value="3158"/>
  <attribute name="Number of cores"value="4"/>
</cycle-end>
<allocation-satisfied id="1863" threadId="000000000155DD00" bytesRequested="40" />
<af-end id="1864" timestamp="2019-07-02T19:16:37.790" threadId="000000000155E688" success="true" from="nursery"/>
<exclusive-end id="1865" timestamp="2019-07-02T19:16:37.790" durationms="2.771" />

<exclusive-start id="1866" timestamp="2019-07-02T19:16:37.820" intervalms="32.518">
  <response-info timems="0.045" idlems="0.045" threads="0" lastid="000000000155A100" lastname="Thread-9" />
</exclusive-start>
<af-start id="1867" threadId="000000000155AA88" totalBytesRequested="24" timestamp="2019-07-02T19:16:37.820" intervalms="32.504" type="nursery" />
<cycle-start id="1868" type="scavenge" contextid="0" timestamp="2019-07-02T19:16:37.820" intervalms="32.481" />
  <attribute name="GC Util" value="12" />
  <attribute name="CPU Util" value="543231885096" />
  <attribute name="Time Running"value="3158"/>
  <attribute name="Number of cores"value="4"/>
<gc-start id="1869" type="scavenge" contextid="1868" timestamp="2019-07-02T19:16:37.820">
  <mem-info id="1870" free="3358144" total="54001664" percent="6">
    <mem type="nursery" free="0" total="46792704" percent="0">
      <mem type="allocate" free="0" total="42074112" percent="0" />
      <mem type="survivor" free="0" total="4718592" percent="0" />
    </mem>
    <mem type="tenure" free="3358144" total="7208960" percent="46">
      <mem type="soa" free="2997696" total="6848512" percent="43" />
      <mem type="loa" free="360448" total="360448" percent="100" />
    </mem>
    <remembered-set count="4312" />
  </mem-info>
</gc-start>
<allocation-stats totalBytes="40965096" >
  <allocated-bytes non-tlh="40" tlh="40965056" />
  <largest-consumer threadName="Thread-9" threadId="000000000155A100" bytes="17004304" />
</allocation-stats>
<gc-op id="1871" type="scavenge" timems="1.557" contextid="1868" timestamp="2019-07-02T19:16:37.822">
  <scavenger-info tenureage="14" tenuremask="4000" tiltratio="89" />
  <memory-copied type="nursery" objects="21720" bytes="934864" bytesdiscarded="199328" />
</gc-op>
<heap-resize id="1872" type="expand" space="nursery" amount="1966080" count="1" timems="0.018" reason="excessive time being spent scavenging" timestamp="2019-07-02T19:16:37.822" />
<gc-end id="1873" type="scavenge" contextid="1868" durationms="2.360" usertimems="4.000" systemtimems="0.000" timestamp="2019-07-02T19:16:37.822" activeThreads="4">
  <mem-info id="1874" free="46067536" total="55967744" percent="82">
    <mem type="nursery" free="42709392" total="48758784" percent="87">
      <mem type="allocate" free="42709392" total="43843584" percent="97" />
      <mem type="survivor" free="0" total="4915200" percent="0" />
    </mem>
    <mem type="tenure" free="3358144" total="7208960" percent="46">
      <mem type="soa" free="2997696" total="6848512" percent="43" />
      <mem type="loa" free="360448" total="360448" percent="100" />
    </mem>
    <remembered-set count="4312" />
  </mem-info>
</gc-end>
<cycle-end id="1875" type="scavenge" contextid="1868" timestamp="2019-07-02T19:16:37.822">
  <attribute name="GC Util" value="12" />
  <attribute name="CPU Util" value="566993257406" />
  <attribute name="Time Running"value="3191"/>
  <attribute name="Number of cores"value="4"/>
</cycle-end>
<allocation-satisfied id="1876" threadId="000000000155A100" bytesRequested="24" />
<af-end id="1877" timestamp="2019-07-02T19:16:37.823" threadId="000000000155AA88" success="true" from="nursery"/>
<exclusive-end id="1878" timestamp="2019-07-02T19:16:37.823" durationms="3.152" />

<exclusive-start id="1879" timestamp="2019-07-02T19:16:37.852" intervalms="32.877">
  <response-info timems="0.043" idlems="0.043" threads="0" lastid="000000000155A100" lastname="Thread-9" />
</exclusive-start>
<af-start id="1880" threadId="000000000155AA88" totalBytesRequested="40" timestamp="2019-07-02T19:16:37.853" intervalms="32.869" type="nursery" />
<cycle-start id="1881" type="scavenge" contextid="0" timestamp="2019-07-02T19:16:37.853" intervalms="32.866" />
  <attribute name="GC Util" value="12" />
  <attribute name="CPU Util" value="566993257406" />
  <attribute name="Time Running"value="3191"/>
  <attribute name="Number of cores"value="4"/>
<gc-start id="1882" type="scavenge" contextid="1881" timestamp="2019-07-02T19:16:37.853">
  <mem-info id="1883" free="3358144" total="55967744" percent="6">
    <mem type="nursery" free="0" total="48758784" percent="0">
      <mem type="allocate" free="0" total="43843584" percent="0" />
      <mem type="survivor" free="0" total="4915200" percent="0" />
    </mem>
    <mem type="tenure" free="3358144" total="7208960" percent="46">
      <mem type="soa" free="2997696" total="6848512" percent="43" />
      <mem type="loa" free="360448" total="360448" percent="100" />
    </mem>
    <remembered-set count="4687" />
  </mem-info>
</gc-start>
<allocation-stats totalBytes="42703208" >
  <allocated-bytes non-tlh="24" tlh="42703184" />
  <largest-consumer threadName="Thread-9" threadId="000000000155A100" bytes="17135312" />
</allocation-stats>
<gc-op id="1884" type="scavenge" timems="1.703" contextid="1881" timestamp="2019-07-02T19:16:37.855">
  <scavenger-info tenureage="6" tenuremask="4040" tiltratio="89" />
  <memory-copied type="nursery" objects="25355" bytes="1022136" bytesdiscarded="81336" />
  <memory-copied type="tenure" objects="1145" bytes="27480" bytesdiscarded="0" />
</gc-op>
<gc-end id="1885" type="scavenge" contextid="1881" durationms="2.202" usertimems="4.000" systemtimems="0.000" timestamp="2019-07-02T19:16:37.855" activeThreads="4">
  <mem-info id="1886" free="46007416" total="55967744" percent="82">
    <mem type="nursery" free="42740112" total="48758784" percent="87">
      <mem type="allocate" free="42740112" total="43843584" percent="97" />
      <mem type="survivor" free="0" total="4915200" percent="0" />
    </mem>
    <mem type="tenure" free="3267304" total="7208960" percent="45">
      <mem type="soa" free="2906856" total="6848512" percent="42" />
      <mem type="loa" free="360448" total="360448" percent="100" />
    </mem>
    <remembered-set count="3542" />
  </mem-info>
</gc-end>
<cycle-end id="1887" type="scavenge" contextid="1881" timestamp="2019-07-02T19:16:37.855">
  <attribute name="GC Util" value="11" />
  <attribute name="CPU Util" value="563007339093" />
  <attribute name="Time Running"value="3223"/>
  <attribute name="Number of cores"value="4"/>
</cycle-end>
<allocation-satisfied id="1888" threadId="000000000155A100" bytesRequested="40" />
<af-end id="1889" timestamp="2019-07-02T19:16:37.855" threadId="000000000155AA88" success="true" from="nursery"/>
<exclusive-end id="1890" timestamp="2019-07-02T19:16:37.855" durationms="2.964" />

<exclusive-start id="1891" timestamp="2019-07-02T19:16:37.883" intervalms="30.556">
  <response-info timems="0.070" idlems="0.070" threads="0" lastid="0000000001561900" lastname="Thread-10" />
</exclusive-start>
<af-start id="1892" threadId="0000000001562288" totalBytesRequested="40" timestamp="2019-07-02T19:16:37.883" intervalms="30.550" type="nursery" />
<cycle-start id="1893" type="scavenge" contextid="0" timestamp="2019-07-02T19:16:37.883" intervalms="30.553" />
  <attribute name="GC Util" value="11" />
  <attribute name="CPU Util" value="563007339093" />
  <attribute name="Time Running"value="3223"/>
  <attribute name="Number of cores"value="4"/>
<gc-start id="1894" type="scavenge" contextid="1893" timestamp="2019-07-02T19:16:37.883">
  <mem-info id="1895" free="3267304" total="55967744" percent="5">
    <mem type="nursery" free="0" total="48758784" percent="0">
      <mem type="allocate" free="0" total="43843584" percent="0" />
      <mem type="survivor" free="0" total="4915200" percent="0" />
    </mem>
    <mem type="tenure" free="3267304" total="7208960" percent="45">
      <mem type="soa" free="2906856" total="6848512" percent="42" />
      <mem type="loa" free="360448" total="360448" percent="100" />
    </mem>
    <remembered-set count="3831" />
  </mem-info>
</gc-start>
<allocation-stats totalBytes="42734120" >
  <allocated-bytes non-tlh="40" tlh="42734080" />
  <largest-consumer threadName="Thread-9" threadId="000000000155A100" bytes="15169424" />
</allocation-stats>
<gc-op id="1896" type="scavenge" timems="1.666" contextid="1893" timestamp="2019-07-02T19:16:37.885">
  <scavenger-info tenureage="3" tenuremask="4148" tiltratio="89" />
  <memory-copied type="nursery" objects="24373" bytes="998336" bytesdiscarded="178240" />
  <memory-copied type="tenure" objects="2224" bytes="53376" bytesdiscarded="16" />
</gc-op>
<gc-end id="1897" type="scavenge" contextid="1893" durationms="1.985" usertimems="0.000" systemtimems="4.000" timestamp="2019-07-02T19:16:37.885" activeThreads="4">
  <mem-info id="1898" free="45849480" total="55967744" percent="81">
    <mem type="nursery" free="42667008" total="48758784" percent="87">
      <mem type="allocate" free="42667008" total="43843584" percent="97" />
      <mem type="survivor" free="0" total="4915200" percent="0" />
    </mem>
    <mem type="tenure" free="3182472" total="7208960" percent="44">
      <mem type="soa" free="2822024" total="6848512" percent="41" />
      <mem type="loa" free="360448" total="360448" percent="100" />
    </mem>
    <remembered-set count="1607" />
  </mem-info>
</gc-end>
<cycle-end id="1899" type="scavenge" contextid="1893" timestamp="2019-07-02T19:16:37.885">
  <attribute name="GC Util" value="14" />
  <attribute name="CPU Util" value="603912677783" />
  <attribute name="Time Running"value="3254"/>
  <attribute name="Number of cores"value="4"/>
</cycle-end>
<allocation-satisfied id="1900" threadId="0000000001561900" bytesRequested="40" />
<af-end id="1901" timestamp="2019-07-02T19:16:37.886" threadId="0000000001562288" success="true" from="nursery"/>
<exclusive-end id="1902" timestamp="2019-07-02T19:16:37.886" durationms="2.668" />

<exclusive-start id="1903" timestamp="2019-07-02T19:16:37.912" intervalms="28.808">
  <response-info timems="0.040" idlems="0.040" threads="0" lastid="0000000001565500" lastname="Thread-8" />
</exclusive-start>
<af-start id="1904" threadId="0000000001565E88" totalBytesRequested="40" timestamp="2019-07-02T19:16:37.912" intervalms="28.802" type="nursery" />
<cycle-start id="1905" type="scavenge" contextid="0" timestamp="2019-07-02T19:16:37.912" intervalms="28.825" />
  <attribute name="GC Util" value="14" />
  <attribute name="CPU Util" value="603912677783" />
  <attribute name="Time Running"value="3254"/>
  <attribute name="Number of cores"value="4"/>
<gc-start id="1906" type="scavenge" contextid="1905" timestamp="2019-07-02T19:16:37.912">
  <mem-info id="1907" free="3182472" total="55967744" percent="5">
    <mem type="nursery" free="0" total="48758784" percent="0">
      <mem type="allocate" free="0" total="43843584" percent="0" />
      <mem type="survivor" free="0" total="4915200" percent="0" />
    </mem>
    <mem type="tenure" free="3182472" total="7208960" percent="44">
      <mem type="soa" free="2822024" total="6848512" percent="41" />
      <mem type="loa" free="360448" total="360448" percent="100" />
    </mem>
    <remembered-set count="2218" />
  </mem-info>
</gc-start>
<allocation-stats totalBytes="42662664" >
  <allocated-bytes non-tlh="40" tlh="42662624" />
  <largest-consumer threadName="Thread-9" threadId="000000000155A100" bytes="15432008" />
</allocation-stats>
<gc-op id="1908" type="scavenge" timems="0.889" contextid="1905" timestamp="2019-07-02T19:16:37.913">
  <scavenger-info tenureage="14" tenuremask="4000" tiltratio="89" />
  <memory-copied type="nursery" objects="22062" bytes="942896" bytesdiscarded="222016" />
</gc-op>
<gc-end id="1909" type="scavenge" contextid="1905" durationms="1.192" usertimems="4.000" systemtimems="0.000" timestamp="2019-07-02T19:16:37.913" activeThreads="4">
  <mem-info id="1910" free="45861144" total="55967744" percent="81">
    <mem type="nursery" free="42678672" total="48758784" percent="87">
      <mem type="allocate" free="42678672" total="43843584" percent="97" />
      <mem type="survivor" free="0" total="4915200" percent="0" />
    </mem>
    <mem type="tenure" free="3182472" total="7208960" percent="44">
      <mem type="soa" free="2822024" total="6848512" percent="41" />
      <mem type="loa" free="360448" total="360448" percent="100" />
    </mem>
    <remembered-set count="2218" />
  </mem-info>
</gc-end>
<cycle-end id="1911" type="scavenge" contextid="1905" timestamp="2019-07-02T19:16:37.914">
  <attribute name="GC Util" value="15" />
  <attribute name="CPU Util" value="639927412068" />
  <attribute name="Time Running"value="3283"/>
  <attribute name="Number of cores"value="4"/>
</cycle-end>
<allocation-satisfied id="1912" threadId="0000000001565500" bytesRequested="40" />
<af-end id="1913" timestamp="2019-07-02T19:16:37.914" threadId="0000000001565E88" success="true" from="nursery"/>
<exclusive-end id="1914" timestamp="2019-07-02T19:16:37.914" durationms="1.873" />

<exclusive-start id="1915" timestamp="2019-07-02T19:16:37.939" intervalms="27.321">
  <response-info timems="0.036" idlems="0.036" threads="0" lastid="0000000001565500" lastname="Thread-8" />
</exclusive-start>
<af-start id="1916" threadId="0000000001565E88" totalBytesRequested="40" timestamp="2019-07-02T19:16:37.939" intervalms="27.308" type="nursery" />
<cycle-start id="1917" type="scavenge" contextid="0" timestamp="2019-07-02T19:16:37.939" intervalms="27.280" />
  <attribute name="GC Util" value="15" />
  <attribute name="CPU Util" value="639927412068" />
  <attribute name="Time Running"value="3283"/>
  <attribute name="Number of cores"value="4"/>
<gc-start id="1918" type="scavenge" contextid="1917" timestamp="2019-07-02T19:16:37.939">
  <mem-info id="1919" free="3182472" total="55967744" percent="5">
    <mem type="nursery" free="0" total="48758784" percent="0">
      <mem type="allocate" free="0" total="43843584" percent="0" />
      <mem type="survivor" free="0" total="4915200" percent="0" />
    </mem>
    <mem type="tenure" free="3182472" total="7208960" percent="44">
      <mem type="soa" free="2822024" total="6848512" percent="41" />
      <mem type="loa" free="360448" total="360448" percent="100" />
    </mem>
    <remembered-set count="2800" />
  </mem-info>
</gc-start>
<allocation-stats totalBytes="42673160" >
  <allocated-bytes non-tlh="40" tlh="42673120" />
  <largest-consumer threadName="Thread-9" threadId="000000000155A100" bytes="15431880" />
</allocation-stats>
<gc-op id="1920" type="scavenge" timems="0.994" contextid="1917" timestamp="2019-07-02T19:16:37.941">
  <scavenger-info tenureage="4" tenuremask="4010" tiltratio="89" />
  <memory-copied type="nursery" objects="20694" bytes="772688" bytesdiscarded="230176" />
  <memory-copied type="tenure" objects="5284" bytes="264192" bytesdiscarded="200" />
</gc-op>
<gc-end id="1921" type="scavenge" contextid="1917" durationms="1.292" usertimems="4.000" systemtimems="0.000" timestamp="2019-07-02T19:16:37.941" activeThreads="4">
  <mem-info id="1922" free="45698976" total="55967744" percent="81">
    <mem type="nursery" free="42840720" total="48758784" percent="87">
      <mem type="allocate" free="42840720" total="43843584" percent="97" />
      <mem type="survivor" free="0" total="4915200" percent="0" />
    </mem>
    <mem type="tenure" free="2858256" total="7208960" percent="39">
      <mem type="soa" free="2497808" total="6848512" percent="36" />
      <mem type="loa" free="360448" total="360448" percent="100" />
    </mem>
    <remembered-set count="6044" />
  </mem-info>
</gc-end>
<cycle-end id="1923" type="scavenge" contextid="1917" timestamp="2019-07-02T19:16:37.941">
  <attribute name="GC Util" value="11" />
  <attribute name="CPU Util" value="676412491891" />
  <attribute name="Time Running"value="3310"/>
  <attribute name="Number of cores"value="4"/>
</cycle-end>
<allocation-satisfied id="1924" threadId="0000000001565500" bytesRequested="40" />
<af-end id="1925" timestamp="2019-07-02T19:16:37.941" threadId="0000000001565E88" success="true" from="nursery"/>
<exclusive-end id="1926" timestamp="2019-07-02T19:16:37.941" durationms="1.947" />

<exclusive-start id="1927" timestamp="2019-07-02T19:16:37.967" intervalms="27.432">
  <response-info timems="0.035" idlems="0.035" threads="0" lastid="0000000001561900" lastname="Thread-10" />
</exclusive-start>
<af-start id="1928" threadId="0000000001562288" totalBytesRequested="40" timestamp="2019-07-02T19:16:37.967" intervalms="27.467" type="nursery" />
<cycle-start id="1929" type="scavenge" contextid="0" timestamp="2019-07-02T19:16:37.967" intervalms="27.474" />
  <attribute name="GC Util" value="11" />
  <attribute name="CPU Util" value="676412491891" />
  <attribute name="Time Running"value="3310"/>
  <attribute name="Number of cores"value="4"/>
<gc-start id="1930" type="scavenge" contextid="1929" timestamp="2019-07-02T19:16:37.967">
  <mem-info id="1931" free="2858256" total="55967744" percent="5">
    <mem type="nursery" free="0" total="48758784" percent="0">
      <mem type="allocate" free="0" total="43843584" percent="0" />
      <mem type="survivor" free="0" total="4915200" percent="0" />
    </mem>
    <mem type="tenure" free="2858256" total="7208960" percent="39">
      <mem type="soa" free="2497808" total="6848512" percent="36" />
      <mem type="loa" free="360448" total="360448" percent="100" />
    </mem>
    <remembered-set count="6984" />
  </mem-info>
</gc-start>
<allocation-stats totalBytes="42836304" >
  <allocated-bytes non-tlh="40" tlh="42836264" />
  <largest-consumer threadName="Thread-9" threadId="000000000155A100" bytes="15281096" />
</allocation-stats>
<gc-op id="1932" type="scavenge" timems="1.230" contextid="1929" timestamp="2019-07-02T19:16:37.968">
  <scavenger-info tenureage="7" tenuremask="4080" tiltratio="89" />
  <memory-copied type="nursery" objects="19303" bytes="738936" bytesdiscarded="241656" />
  <memory-copied type="tenure" objects="493" bytes="11832" bytesdiscarded="0" />
</gc-op>
<gc-end id="1933" type="scavenge" contextid="1929" durationms="1.557" usertimems="4.000" systemtimems="0.000" timestamp="2019-07-02T19:16:37.969" activeThreads="4">
  <mem-info id="1934" free="45721248" total="55967744" percent="81">
    <mem type="nursery" free="42862992" total="48758784" percent="87">
      <mem type="allocate" free="42862992" total="43843584" percent="97" />
      <mem type="survivor" free="0" total="4915200" percent="0" />
    </mem>
    <mem type="tenure" free="2858256" total="7208960" percent="39">
      <mem type="soa" free="2497808" total="6848512" percent="36" />
      <mem type="loa" free="360448" total="360448" percent="100" />
    </mem>
    <remembered-set count="6490" />
  </mem-info>
</gc-end>
<cycle-end id="1935" type="scavenge" contextid="1929" timestamp="2019-07-02T19:16:37.969">
  <attribute name="GC Util" value="13" />
  <attribute name="CPU Util" value="670995138457" />
  <attribute name="Time Running"value="3338"/>
  <attribute name="Number of cores"value="4"/>
</cycle-end>
<allocation-satisfied id="1936" threadId="0000000001561900" bytesRequested="40" />
<af-end id="1937" timestamp="2019-07-02T19:16:37.969" threadId="0000000001562288" success="true" from="nursery"/>
<exclusive-end id="1938" timestamp="2019-07-02T19:16:37.969" durationms="2.262" />

<exclusive-start id="1939" timestamp="2019-07-02T19:16:38.005" intervalms="38.815">
  <response-info timems="0.035" idlems="0.035" threads="0" lastid="000000000155DD00" lastname="Thread-7" />
</exclusive-start>
<af-start id="1940" threadId="000000000155E688" totalBytesRequested="40" timestamp="2019-07-02T19:16:38.006" intervalms="38.876" type="nursery" />
<cycle-start id="1941" type="scavenge" contextid="0" timestamp="2019-07-02T19:16:38.006" intervalms="38.919" />
  <attribute name="GC Util" value="13" />
  <attribute name="CPU Util" value="670995138457" />
  <attribute name="Time Running"value="3338"/>
  <attribute name="Number of cores"value="4"/>
<gc-start id="1942" type="scavenge" contextid="1941" timestamp="2019-07-02T19:16:38.006">
  <mem-info id="1943" free="2858256" total="55967744" percent="5">
    <mem type="nursery" free="0" total="48758784" percent="0">
      <mem type="allocate" free="0" total="43843584" percent="0" />
      <mem type="survivor" free="0" total="4915200" percent="0" />
    </mem>
    <mem type="tenure" free="2858256" total="7208960" percent="39">
      <mem type="soa" free="2497808" total="6848512" percent="36" />
      <mem type="loa" free="360448" total="360448" percent="100" />
    </mem>
    <remembered-set count="6577" />
  </mem-info>
</gc-start>
<allocation-stats totalBytes="42857544" >
  <allocated-bytes non-tlh="40" tlh="42857504" />
  <largest-consumer threadName="Thread-7" threadId="000000000155DD00" bytes="21204680" />
</allocation-stats>
<gc-op id="1944" type="scavenge" timems="0.824" contextid="1941" timestamp="2019-07-02T19:16:38.007">
  <scavenger-info tenureage="14" tenuremask="4000" tiltratio="89" />
  <memory-copied type="nursery" objects="25169" bytes="879592" bytesdiscarded="213272" />
</gc-op>
<gc-end id="1945" type="scavenge" contextid="1941" durationms="1.235" usertimems="0.000" systemtimems="0.000" timestamp="2019-07-02T19:16:38.007" activeThreads="4">
  <mem-info id="1946" free="45608976" total="55967744" percent="81">
    <mem type="nursery" free="42750720" total="48758784" percent="87">
      <mem type="allocate" free="42750720" total="43843584" percent="97" />
      <mem type="survivor" free="0" total="4915200" percent="0" />
    </mem>
    <mem type="tenure" free="2858256" total="7208960" percent="39">
      <mem type="soa" free="2497808" total="6848512" percent="36" />
      <mem type="loa" free="360448" total="360448" percent="100" />
    </mem>
    <remembered-set count="6573" />
  </mem-info>
</gc-end>
<cycle-end id="1947" type="scavenge" contextid="1941" timestamp="2019-07-02T19:16:38.007">
  <attribute name="GC Util" value="8" />
  <attribute name="CPU Util" value="472665092289" />
  <attribute name="Time Running"value="3377"/>
  <attribute name="Number of cores"value="4"/>
</cycle-end>
<allocation-satisfied id="1948" threadId="000000000155DD00" bytesRequested="40" />
<af-end id="1949" timestamp="2019-07-02T19:16:38.008" threadId="000000000155E688" success="true" from="nursery"/>
<exclusive-end id="1950" timestamp="2019-07-02T19:16:38.008" durationms="2.306" />

</verbosegc>

