<?xml version="1.0" ?>

<verbosegc xmlns="http://www.ibm.com/j9/verbosegc" version="10b4217_CMPRSS">

<initialized id="1" timestamp="2019-06-14T20:54:31.973">
  <attribute name="gcPolicy" value="-Xgcpolicy:balanced" />
  <attribute name="elasticGC enabled" value="1" />
  <attribute name= "numThreadsSpecified" value="0" />
  <attribute name="heapSize specified" value="0" />
  <attribute name="Current GC Util" value="0" />
  <attribute name= "Current Time Running" value="0" />
  <attribute name ="GC Interval" value="0" />
  <attribute name="ProportionalT" value="0.000000" />
  <attribute name="ProportionalI" value="0.000000" />
  <attribute name="ProportionalH" value="0.000000" />
  <attribute name="IntegralT" value="0.000000" />
  <attribute name="IntegralI" value="0.000000" />
  <attribute name="IntegralH" value="0.000000" />
  <attribute name="DerivativeT" value="0.000000" />
  <attribute name="DerivativeI" value="0.000000" />
  <attribute name="DerivativeH" value="0.000000" />
  <attribute name="Target GC Util Change" value ="0.000000" />
  <attribute name="Current GC Util Change" value="0.000000"/>
  <attribute name="Current Error" value="0.000000" />
  <attribute name="Loop Time for DT" value="0.000000" />
  <attribute name="Output H" value="0"/>
  <attribute name="Output I" value="0"/>
  <attribute name="Output T" value="0"/>
  <attribute name="GC Util currently" value="0" />
  <attribute name="CPU Util currently" value="0" />
  <attribute name="maxHeapSize" value="0x7cb00000" />
  <attribute name="initialHeapSize" value="0x800000" />
  <attribute name="compressedRefs" value="true" />
  <attribute name="compressedRefsDisplacement" value="0x0" />
  <attribute name="compressedRefsShift" value="0x0" />
  <attribute name="pageSize" value="0x1000" />
  <attribute name="pageType" value="not used" />
  <attribute name="requestedPageSize" value="0x1000" />
  <attribute name="requestedPageType" value="not used" />
  <attribute name="gcthreads" value="4" />
  <attribute name="packetListSplit" value="4" />
  <attribute name="cacheListSplit" value="4" />
  <attribute name="splitFreeListSplitAmount" value="1" />
  <attribute name="numaNodes" value="0" />
  <region>
    <attribute name="regionSize" value="1048576" />
    <attribute name="regionCount" value="1995" />
    <attribute name="arrayletLeafSize" value="1048576" />
  </region>
  <system>
    <attribute name="physicalMemory" value="8370962432" />
    <attribute name="numCPUs" value="4" />
    <attribute name="architecture" value="amd64" />
    <attribute name="os" value="Linux" />
    <attribute name="osVersion" value="4.4.0-148-generic" />
  </system>
  <vmargs>
    <vmarg name="-Xoptionsfile=/vagrant/jdk/lib/options.default" />
    <vmarg name="-Xlockword:mode=default,noLockword=java/lang/String,noLockword=java/util/MapEntry,noLockword=java/util/HashMap$Entry,noLockword..." />
    <vmarg name="-Xjcl:jclse29" />
    <vmarg name="-Dcom.ibm.oti.vm.bootstrap.library.path=/vagrant/jdk/lib/compressedrefs:/vagrant/jdk/lib" />
    <vmarg name="-Dsun.boot.library.path=/vagrant/jdk/lib/compressedrefs:/vagrant/jdk/lib" />
    <vmarg name="-Djava.library.path=/vagrant/jdk/lib/compressedrefs:/vagrant/jdk/lib:/usr/lib64:/usr/lib" />
    <vmarg name="-Djava.home=/vagrant/jdk" />
    <vmarg name="-Duser.dir=/vagrant" />
    <vmarg name="-Xgcpolicy:balanced" />
    <vmarg name="-Xgcelastic" />
    <vmarg name="-Xcheck:gc:::elasticGC" />
    <vmarg name="-verbose:gc" />
    <vmarg name="-Xloggc:default-Balanced-jdk0.5-1-0.5-verbose4avrora.txt" />
    <vmarg name="-Djava.class.path=dacapo-9.12-MR1-bach.jar" />
    <vmarg name="-Dsun.java.command=dacapo-9.12-MR1-bach.jar avrora --size=default" />
    <vmarg name="-Dsun.java.launcher=SUN_STANDARD" />
    <vmarg name="-Dsun.java.launcher.pid=22469" />
  </vmargs>
</initialized>

<exclusive-start id="2" timestamp="2019-06-14T20:54:32.909" intervalms="936.263">
  <response-info timems="0.074" idlems="0.074" threads="0" lastid="000000000075C700" lastname="main" />
</exclusive-start>
<sys-start reason="explicit" id="3" timestamp="2019-06-14T20:54:32.910" intervalms="936.770" />
<cycle-start id="4" type="global garbage collect" contextid="0" timestamp="2019-06-14T20:54:32.910" intervalms="937.415" />
<gc-start id="5" type="global garbage collect" contextid="4" timestamp="2019-06-14T20:54:32.911">
  <mem-info id="6" free="1662824" total="8388608" percent="19">
    <mem type="eden" free="614328" total="7340032" percent="8" />
    <remembered-set count="0" freebytes="334848" totalbytes="334848" percent="100" regionsoverflowed="0" regionsstable="0" regionsrebuilding="0"/>
  </mem-info>
</gc-start>
<allocation-stats totalBytes="6655832" >
  <allocated-bytes non-tlh="529728" tlh="6126104" arrayletleaf="0"/>
  <largest-consumer threadName="main" threadId="000000000075C700" bytes="6579264" />
</allocation-stats>
<gc-op id="7" type="global mark" timems="3.213" contextid="4" timestamp="2019-06-14T20:54:32.915">
  <trace-info objectcount="17849" scancount="14128" scanbytes="463976" />
  <finalization candidates="14" enqueued="1" />
  <references type="soft" candidates="66" cleared="0" enqueued="0" dynamicThreshold="32" maxThreshold="32" />
  <references type="weak" candidates="553" cleared="411" enqueued="372" />
  <references type="phantom" candidates="99" cleared="41" enqueued="41" />
  <stringconstants candidates="2456" cleared="0"  />
</gc-op>
<gc-op id="8" type="classunload" timems="0.153" contextid="4" timestamp="2019-06-14T20:54:32.915">
  <classunload-info classloadercandidates="6" classloadersunloaded="0" classesunloaded="0" anonymousclassesunloaded="0" quiescems="0.000" setupms="0.153" scanms="0.000" postms="0.000" />
</gc-op>
<gc-op id="9" type="sweep" timems="0.717" contextid="4" timestamp="2019-06-14T20:54:32.917" />
<gc-op id="10" type="compact" timems="4.200" contextid="4" timestamp="2019-06-14T20:54:32.921">
  <compact-info movecount="17842" movebytes="855384" />
  <remembered-set-cleared processed="1058" cleared="1058" durationms="0.066" />
</gc-op>
<gc-end id="11" type="global garbage collect" contextid="4" durationms="11.269" usertimems="4.000" systemtimems="4.000" timestamp="2019-06-14T20:54:32.922" activeThreads="4">
  <mem-info id="12" free="7340032" total="8388608" percent="87">
    <pending-finalizers system="1" default="0" reference="413" classloader="0" />
    <remembered-set count="0" freebytes="334848" totalbytes="334848" percent="100" regionsoverflowed="0" regionsstable="0" regionsrebuilding="0"/>
  </mem-info>
</gc-end>
<cycle-end id="13" type="global garbage collect" contextid="4" timestamp="2019-06-14T20:54:32.922" />
  <attribute name="elasticGC enabled" value="1" />
  <attribute name= "numThreadsSpecified" value="4" />
  <attribute name="heapSize specified" value="0" />
  <attribute name="Current GC Util" value="24" />
  <attribute name= "Current Time Running" value="793" />
  <attribute name ="GC Interval" value="0" />
  <attribute name="ProportionalT" value="2.000000" />
  <attribute name="ProportionalI" value="2.000000" />
  <attribute name="ProportionalH" value="2.000000" />
  <attribute name="Current Error" value="4.000000" />
  <attribute name="IntegralT" value="-15511.000000" />
  <attribute name="IntegralI" value="-15511.000000" />
  <attribute name="IntegralH" value="-15511.000000" />
  <attribute name="DerivativeT" value="-20.500000" />
  <attribute name="DerivativeI" value="-20.500000" />
  <attribute name="DerivativeH" value="-20.500000" />
  <attribute name="Loop Time for DT" value="1.000000" />
  <attribute name="Output H" value="2091843584"/>
  <attribute name="Output I" value="200"/>
  <attribute name="Output T" value="4"/>
  <attribute name="Target GC Util Change" value ="20.000000" />
  <attribute name="Current GC Util Change" value="24.000000"/>
  <attribute name="GC Util currently" value="24" />
  <attribute name="CPU Util currently" value="4430036789816" />
<sys-end id="14" timestamp="2019-06-14T20:54:32.922" />
<exclusive-end id="15" timestamp="2019-06-14T20:54:32.922" durationms="13.154" />

<exclusive-start id="16" timestamp="2019-06-14T20:54:34.047" intervalms="1137.707">
  <response-info timems="0.027" idlems="0.027" threads="0" lastid="0000000000A19D00" lastname="node-2" />
</exclusive-start>
<allocation-taxation id="17" taxation-threshold="7340032" timestamp="2019-06-14T20:54:34.047" intervalms="2074.422" />
<cycle-start id="18" type="partial gc" contextid="0" timestamp="2019-06-14T20:54:34.047" intervalms="2074.619" />
<gc-start id="19" type="partial gc" contextid="18" timestamp="2019-06-14T20:54:34.048">
  <mem-info id="20" free="0" total="8388608" percent="0">
    <mem type="eden" free="0" total="7340032" percent="0" />
    <remembered-set count="0" freebytes="334848" totalbytes="334848" percent="100" regionsoverflowed="0" regionsstable="0" regionsrebuilding="0"/>
  </mem-info>
</gc-start>
<allocation-stats totalBytes="7329328" >
  <allocated-bytes non-tlh="172904" tlh="7156424" arrayletleaf="0"/>
  <largest-consumer threadName="main" threadId="000000000075C700" bytes="6528400" />
</allocation-stats>
<gc-op id="21" type="mark" timems="3.365" contextid="18" timestamp="2019-06-14T20:54:34.052">
  <trace-info objectcount="29325" scancount="25910" scanbytes="1015124" />
  <cardclean-info objects="1215" bytes="41248" />
  <remembered-set-cleared processed="0" cleared="0" durationms="0.057" />
  <references type="weak" candidates="45" cleared="44" enqueued="44" />
  <references type="phantom" candidates="4" cleared="2" enqueued="2" />
  <stringconstants candidates="3831" cleared="0"  />
  <warning details="Mark invoked due to insufficient free space for Copy-Forward" />
</gc-op>
<gc-op id="22" type="classunload" timems="0.001" contextid="18" timestamp="2019-06-14T20:54:34.052">
  <classunload-info classloadercandidates="6" classloadersunloaded="0" classesunloaded="0" anonymousclassesunloaded="0" quiescems="0.000" setupms="0.001" scanms="0.000" postms="0.000" />
</gc-op>
<gc-op id="23" type="sweep" timems="1.098" contextid="18" timestamp="2019-06-14T20:54:34.053" />
<gc-op id="24" type="compact" timems="5.759" contextid="18" timestamp="2019-06-14T20:54:34.060">
  <compact-info movecount="29277" movebytes="1357928" />
  <remembered-set-cleared processed="840" cleared="840" durationms="0.057" />
</gc-op>
<gc-end id="25" type="partial gc" contextid="18" durationms="12.435" usertimems="8.000" systemtimems="4.000" timestamp="2019-06-14T20:54:34.060" activeThreads="4">
  <mem-info id="26" free="5242880" total="8388608" percent="62">
    <mem type="eden" free="736280" total="2097152" percent="35" />
    <pending-finalizers system="0" default="0" reference="46" classloader="0" />
    <remembered-set count="1536" freebytes="328704" totalbytes="334848" percent="98" regionsoverflowed="0" regionsstable="0" regionsrebuilding="0"/>
  </mem-info>
</gc-end>
<cycle-end id="27" type="partial gc" contextid="18" timestamp="2019-06-14T20:54:34.060" />
  <attribute name="elasticGC enabled" value="1" />
  <attribute name= "numThreadsSpecified" value="4" />
  <attribute name="heapSize specified" value="0" />
  <attribute name="Current GC Util" value="84" />
  <attribute name= "Current Time Running" value="1930" />
  <attribute name ="GC Interval" value="0" />
  <attribute name="ProportionalT" value="32.000000" />
  <attribute name="ProportionalI" value="32.000000" />
  <attribute name="ProportionalH" value="32.000000" />
  <attribute name="Current Error" value="64.000000" />
  <attribute name="IntegralT" value="128.000000" />
  <attribute name="IntegralI" value="128.000000" />
  <attribute name="IntegralH" value="128.000000" />
  <attribute name="DerivativeT" value="16.000000" />
  <attribute name="DerivativeI" value="16.000000" />
  <attribute name="DerivativeH" value="16.000000" />
  <attribute name="Loop Time for DT" value="2.000000" />
  <attribute name="Output H" value="8388608"/>
  <attribute name="Output I" value="200"/>
  <attribute name="Output T" value="4"/>
  <attribute name="Target GC Util Change" value ="20.000000" />
  <attribute name="Current GC Util Change" value="84.000000"/>
  <attribute name="GC Util currently" value="84" />
  <attribute name="CPU Util currently" value="3102683491425" />
<exclusive-end id="28" timestamp="2019-06-14T20:54:34.061" durationms="13.920" />

<exclusive-start id="29" timestamp="2019-06-14T20:54:35.040" intervalms="993.435">
  <response-info timems="0.077" idlems="0.077" threads="0" lastid="0000000000A19D00" lastname="node-2" />
</exclusive-start>
<allocation-taxation id="30" taxation-threshold="2097152" timestamp="2019-06-14T20:54:35.040" intervalms="993.079" />
<cycle-start id="31" type="global mark phase" contextid="0" timestamp="2019-06-14T20:54:35.040" intervalms="3067.607" />
<gc-start id="32" type="global mark phase" contextid="31" timestamp="2019-06-14T20:54:35.041">
  <mem-info id="33" free="3145728" total="8388608" percent="37">
    <remembered-set count="1088" freebytes="330496" totalbytes="334848" percent="98" regionsoverflowed="0" regionsstable="0" regionsrebuilding="0"/>
  </mem-info>
</gc-start>
<gc-op id="34" type="mark increment" timems="0.559" contextid="31" timestamp="2019-06-14T20:54:35.041">
  <trace-info objectcount="175" scancount="0" scanbytes="0" />
</gc-op>
<gc-end id="35" type="global mark phase" contextid="31" durationms="0.701" usertimems="0.000" systemtimems="4.000" timestamp="2019-06-14T20:54:35.041" activeThreads="4">
  <mem-info id="36" free="3145728" total="8388608" percent="37">
    <remembered-set count="1088" freebytes="330496" totalbytes="334848" percent="98" regionsoverflowed="0" regionsstable="0" regionsrebuilding="0"/>
  </mem-info>
</gc-end>
<concurrent-start id="37" type="GMP work packet processing" contextid="31" timestamp="2019-06-14T20:54:35.041">
  <concurrent-mark-start scanTarget="18446744073709551615" />
</concurrent-start>
<exclusive-end id="38" timestamp="2019-06-14T20:54:35.041" durationms="1.206" />

<concurrent-end id="39" type="GMP work packet processing" contextid="31" timestamp="2019-06-14T20:54:35.044">
  <concurrent-mark-end bytesScanned="1455608" reasonForTermination="Completed all work in GC phase" />
</concurrent-end>

<exclusive-start id="40" timestamp="2019-06-14T20:54:35.967" intervalms="926.939">
  <response-info timems="0.030" idlems="0.030" threads="0" lastid="0000000000A1D900" lastname="node-3" />
</exclusive-start>
<allocation-taxation id="41" taxation-threshold="2097152" timestamp="2019-06-14T20:54:35.967" intervalms="926.918" />
<cycle-start id="42" type="partial gc" contextid="0" timestamp="2019-06-14T20:54:35.967" intervalms="1919.867" />
<gc-start id="43" type="partial gc" contextid="42" timestamp="2019-06-14T20:54:35.968">
  <mem-info id="44" free="1048576" total="8388608" percent="12">
    <mem type="eden" free="0" total="4194304" percent="0" />
    <remembered-set count="1088" freebytes="330496" totalbytes="334848" percent="98" regionsoverflowed="0" regionsstable="0" regionsrebuilding="0"/>
  </mem-info>
</gc-start>
<allocation-stats totalBytes="4192880" >
  <allocated-bytes non-tlh="0" tlh="4192880" arrayletleaf="0"/>
  <largest-consumer threadName="node-5" threadId="0000000000A12500" bytes="405448" />
</allocation-stats>
<gc-op id="45" type="copy forward" timems="4.892" contextid="42" timestamp="2019-06-14T20:54:35.973">
  <memory-copied type="eden" objects="34" bytes="576" bytesdiscarded="60344" />
  <memory-copied type="other" objects="29124" bytes="1354424" bytesdiscarded="222664" />
  <memory-cardclean objects="63" bytes="4512" />
  <regions eden="4" other="2" />
  <remembered-set-cleared processed="366" cleared="366" durationms="0.051" />
  <references type="weak" candidates="1" cleared="0" enqueued="0" />
  <references type="phantom" candidates="2" cleared="0" enqueued="0" />
  <stringconstants candidates="3831" cleared="0"  />
  <heap-resize type="expand" space="default" amount="2097152" count="2" timems="0.502" reason="continue current collection" />
</gc-op>
<gc-op id="46" type="classunload" timems="0.002" contextid="42" timestamp="2019-06-14T20:54:35.973">
  <classunload-info classloadercandidates="6" classloadersunloaded="0" classesunloaded="0" anonymousclassesunloaded="0" quiescems="0.000" setupms="0.001" scanms="0.000" postms="0.000" />
</gc-op>
<gc-op id="47" type="compact" timems="1.027" contextid="42" timestamp="2019-06-14T20:54:35.975">
  <compact-info movecount="0" movebytes="0" />
  <remembered-set-cleared processed="1189" cleared="366" durationms="0.053" />
</gc-op>
<gc-end id="48" type="partial gc" contextid="42" durationms="7.335" usertimems="0.000" systemtimems="8.000" timestamp="2019-06-14T20:54:35.975" activeThreads="4">
  <mem-info id="49" free="6291456" total="10485760" percent="60">
    <mem type="eden" free="987656" total="1048576" percent="94" />
    <remembered-set count="1600" freebytes="412160" totalbytes="418560" percent="98" regionsoverflowed="0" regionsstable="0" regionsrebuilding="0"/>
  </mem-info>
</gc-end>
<cycle-end id="50" type="partial gc" contextid="42" timestamp="2019-06-14T20:54:35.975" />
  <attribute name="elasticGC enabled" value="1" />
  <attribute name= "numThreadsSpecified" value="4" />
  <attribute name="heapSize specified" value="0" />
  <attribute name="Current GC Util" value="102" />
  <attribute name= "Current Time Running" value="3849" />
  <attribute name ="GC Interval" value="0" />
  <attribute name="ProportionalT" value="41.000000" />
  <attribute name="ProportionalI" value="41.000000" />
  <attribute name="ProportionalH" value="41.000000" />
  <attribute name="Current Error" value="82.000000" />
  <attribute name="IntegralT" value="410.000000" />
  <attribute name="IntegralI" value="410.000000" />
  <attribute name="IntegralH" value="410.000000" />
  <attribute name="DerivativeT" value="7.200000" />
  <attribute name="DerivativeI" value="7.200000" />
  <attribute name="DerivativeH" value="7.200000" />
  <attribute name="Loop Time for DT" value="5.000000" />
  <attribute name="Output H" value="8388608"/>
  <attribute name="Output I" value="464"/>
  <attribute name="Output T" value="4"/>
  <attribute name="Target GC Util Change" value ="20.000000" />
  <attribute name="Current GC Util Change" value="102.000000"/>
  <attribute name="GC Util currently" value="102" />
  <attribute name="CPU Util currently" value="885790208194" />
<exclusive-end id="51" timestamp="2019-06-14T20:54:35.975" durationms="8.135" />

<exclusive-start id="52" timestamp="2019-06-14T20:54:37.411" intervalms="1443.315">
  <response-info timems="0.030" idlems="0.030" threads="0" lastid="0000000000A21500" lastname="node-4" />
</exclusive-start>
<allocation-taxation id="53" taxation-threshold="3145728" timestamp="2019-06-14T20:54:37.411" intervalms="1443.330" />
<gc-start id="54" type="global mark phase" contextid="31" timestamp="2019-06-14T20:54:37.411">
  <mem-info id="55" free="3145728" total="10485760" percent="30">
    <remembered-set count="1248" freebytes="413568" totalbytes="418560" percent="98" regionsoverflowed="0" regionsstable="1" regionsrebuilding="0"/>
  </mem-info>
</gc-start>
<gc-op id="56" type="mark increment" timems="1.295" contextid="31" timestamp="2019-06-14T20:54:37.412">
  <trace-info objectcount="42" scancount="36" scanbytes="21192" />
  <cardclean-info objects="2403" bytes="119008" />
  <finalization candidates="13" enqueued="0" />
  <references type="soft" candidates="66" cleared="0" enqueued="0" dynamicThreshold="19" maxThreshold="32" />
  <references type="weak" candidates="143" cleared="0" enqueued="0" />
  <references type="phantom" candidates="59" cleared="2" enqueued="2" />
  <stringconstants candidates="3831" cleared="0"  />
</gc-op>
<gc-op id="57" type="classunload" timems="0.001" contextid="31" timestamp="2019-06-14T20:54:37.412">
  <classunload-info classloadercandidates="6" classloadersunloaded="0" classesunloaded="0" anonymousclassesunloaded="0" quiescems="0.000" setupms="0.001" scanms="0.000" postms="0.000" />
</gc-op>
<gc-end id="58" type="global mark phase" contextid="31" durationms="1.721" usertimems="0.000" systemtimems="0.000" timestamp="2019-06-14T20:54:37.412" activeThreads="4">
  <mem-info id="59" free="3145728" total="10485760" percent="30">
    <pending-finalizers system="0" default="0" reference="2" classloader="0" />
    <remembered-set count="1248" freebytes="413568" totalbytes="418560" percent="98" regionsoverflowed="0" regionsstable="1" regionsrebuilding="0"/>
  </mem-info>
</gc-end>
<cycle-end id="60" type="global mark phase" contextid="31" timestamp="2019-06-14T20:54:37.413" />
  <attribute name="elasticGC enabled" value="1" />
  <attribute name= "numThreadsSpecified" value="4" />
  <attribute name="heapSize specified" value="0" />
  <attribute name="Current GC Util" value="41" />
  <attribute name= "Current Time Running" value="5287" />
  <attribute name ="GC Interval" value="0" />
  <attribute name="ProportionalT" value="10.500000" />
  <attribute name="ProportionalI" value="10.500000" />
  <attribute name="ProportionalH" value="10.500000" />
  <attribute name="Current Error" value="21.000000" />
  <attribute name="IntegralT" value="0.000000" />
  <attribute name="IntegralI" value="0.000000" />
  <attribute name="IntegralH" value="0.000000" />
  <attribute name="DerivativeT" value="-inf" />
  <attribute name="DerivativeI" value="-inf" />
  <attribute name="DerivativeH" value="-inf" />
  <attribute name="Loop Time for DT" value="0.000000" />
  <attribute name="Output H" value="2091843584"/>
  <attribute name="Output I" value="200"/>
  <attribute name="Output T" value="4"/>
  <attribute name="Target GC Util Change" value ="20.000000" />
  <attribute name="Current GC Util Change" value="41.000000"/>
  <attribute name="GC Util currently" value="41" />
  <attribute name="CPU Util currently" value="39584268367757" />
<exclusive-end id="61" timestamp="2019-06-14T20:54:37.413" durationms="2.392" />

<exclusive-start id="62" timestamp="2019-06-14T20:54:38.774" intervalms="1363.859">
  <response-info timems="0.058" idlems="0.058" threads="0" lastid="0000000000A25000" lastname="node-0" />
</exclusive-start>
<allocation-taxation id="63" taxation-threshold="3145728" timestamp="2019-06-14T20:54:38.774" intervalms="1363.846" />
<cycle-start id="64" type="partial gc" contextid="0" timestamp="2019-06-14T20:54:38.775" intervalms="2807.191" />
<gc-start id="65" type="partial gc" contextid="64" timestamp="2019-06-14T20:54:38.775">
  <mem-info id="66" free="0" total="10485760" percent="0">
    <mem type="eden" free="987656" total="7340032" percent="13" />
    <remembered-set count="1248" freebytes="413568" totalbytes="418560" percent="98" regionsoverflowed="0" regionsstable="1" regionsrebuilding="0"/>
  </mem-info>
</gc-start>
<allocation-stats totalBytes="6288096" >
  <allocated-bytes non-tlh="0" tlh="6288096" arrayletleaf="0"/>
  <largest-consumer threadName="node-4" threadId="0000000000A21500" bytes="573400" />
</allocation-stats>
<gc-op id="67" type="sweep" timems="0.492" contextid="64" timestamp="2019-06-14T20:54:38.776" />
<gc-op id="68" type="copy forward" timems="0.631" contextid="64" timestamp="2019-06-14T20:54:38.777">
  <memory-copied type="eden" objects="54" bytes="2360" bytesdiscarded="0" />
  <memory-copied type="other" objects="0" bytes="0" bytesdiscarded="0" />
  <memory-cardclean objects="469" bytes="55664" />
  <regions eden="3" other="1" />
  <remembered-set-cleared processed="516" cleared="22" durationms="0.076" />
  <stringconstants candidates="3831" cleared="0"  />
</gc-op>
<gc-op id="69" type="classunload" timems="0.001" contextid="64" timestamp="2019-06-14T20:54:38.777">
  <classunload-info classloadercandidates="6" classloadersunloaded="0" classesunloaded="0" anonymousclassesunloaded="0" quiescems="0.000" setupms="0.001" scanms="0.000" postms="0.000" />
</gc-op>
<gc-end id="70" type="partial gc" contextid="64" durationms="2.328" usertimems="0.000" systemtimems="0.000" timestamp="2019-06-14T20:54:38.777" activeThreads="1">
  <mem-info id="71" free="6291456" total="10485760" percent="60">
    <mem type="eden" free="1046216" total="1048576" percent="99" />
    <remembered-set count="1600" freebytes="412160" totalbytes="418560" percent="98" regionsoverflowed="0" regionsstable="1" regionsrebuilding="0"/>
  </mem-info>
</gc-end>
<cycle-end id="72" type="partial gc" contextid="64" timestamp="2019-06-14T20:54:38.777" />
  <attribute name="elasticGC enabled" value="1" />
  <attribute name= "numThreadsSpecified" value="1" />
  <attribute name="heapSize specified" value="0" />
  <attribute name="Current GC Util" value="52" />
  <attribute name= "Current Time Running" value="6652" />
  <attribute name ="GC Interval" value="0" />
  <attribute name="ProportionalT" value="16.000000" />
  <attribute name="ProportionalI" value="16.000000" />
  <attribute name="ProportionalH" value="16.000000" />
  <attribute name="Current Error" value="32.000000" />
  <attribute name="IntegralT" value="0.000000" />
  <attribute name="IntegralI" value="0.000000" />
  <attribute name="IntegralH" value="0.000000" />
  <attribute name="DerivativeT" value="inf" />
  <attribute name="DerivativeI" value="inf" />
  <attribute name="DerivativeH" value="inf" />
  <attribute name="Loop Time for DT" value="0.000000" />
  <attribute name="Output H" value="8388608"/>
  <attribute name="Output I" value="200"/>
  <attribute name="Output T" value="1"/>
  <attribute name="Target GC Util Change" value ="20.000000" />
  <attribute name="Current GC Util Change" value="52.000000"/>
  <attribute name="GC Util currently" value="52" />
  <attribute name="CPU Util currently" value="22209045156005" />
<exclusive-end id="73" timestamp="2019-06-14T20:54:38.778" durationms="3.183" />

<exclusive-start id="74" timestamp="2019-06-14T20:54:40.202" intervalms="1427.485">
  <response-info timems="0.050" idlems="0.050" threads="0" lastid="0000000000A25000" lastname="node-0" />
</exclusive-start>
<allocation-taxation id="75" taxation-threshold="3145728" timestamp="2019-06-14T20:54:40.202" intervalms="1427.504" />
<cycle-start id="76" type="global mark phase" contextid="0" timestamp="2019-06-14T20:54:40.202" intervalms="5161.728" />
<gc-start id="77" type="global mark phase" contextid="76" timestamp="2019-06-14T20:54:40.202">
  <mem-info id="78" free="3145728" total="10485760" percent="30">
    <remembered-set count="1152" freebytes="413952" totalbytes="418560" percent="98" regionsoverflowed="0" regionsstable="1" regionsrebuilding="0"/>
  </mem-info>
</gc-start>
<gc-op id="79" type="mark increment" timems="0.494" contextid="76" timestamp="2019-06-14T20:54:40.203">
  <trace-info objectcount="165" scancount="0" scanbytes="0" />
</gc-op>
<gc-end id="80" type="global mark phase" contextid="76" durationms="0.721" usertimems="0.000" systemtimems="0.000" timestamp="2019-06-14T20:54:40.203" activeThreads="1">
  <mem-info id="81" free="3145728" total="10485760" percent="30">
    <remembered-set count="1152" freebytes="413952" totalbytes="418560" percent="98" regionsoverflowed="0" regionsstable="0" regionsrebuilding="1"/>
  </mem-info>
</gc-end>
<concurrent-start id="82" type="GMP work packet processing" contextid="76" timestamp="2019-06-14T20:54:40.203">
  <concurrent-mark-start scanTarget="18446744073709551615" />
</concurrent-start>
<concurrent-end id="83" type="GMP work packet processing" contextid="76" timestamp="2019-06-14T20:54:40.205">
  <concurrent-mark-end bytesScanned="1455488" reasonForTermination="Completed all work in GC phase" />
</concurrent-end>

<exclusive-end id="84" timestamp="2019-06-14T20:54:40.205" durationms="3.072" />

<exclusive-start id="85" timestamp="2019-06-14T20:54:41.472" intervalms="1269.751">
  <response-info timems="0.029" idlems="0.029" threads="0" lastid="0000000000A25000" lastname="node-0" />
</exclusive-start>
<allocation-taxation id="86" taxation-threshold="3145728" timestamp="2019-06-14T20:54:41.472" intervalms="1269.750" />
<cycle-start id="87" type="partial gc" contextid="0" timestamp="2019-06-14T20:54:41.472" intervalms="2697.248" />
<gc-start id="88" type="partial gc" contextid="87" timestamp="2019-06-14T20:54:41.472">
  <mem-info id="89" free="0" total="10485760" percent="0">
    <mem type="eden" free="1046216" total="7340032" percent="14" />
    <remembered-set count="2272" freebytes="409472" totalbytes="418560" percent="97" regionsoverflowed="0" regionsstable="0" regionsrebuilding="1"/>
  </mem-info>
</gc-start>
<allocation-stats totalBytes="6289120" >
  <allocated-bytes non-tlh="0" tlh="6289120" arrayletleaf="0"/>
  <largest-consumer threadName="node-5" threadId="0000000000A12500" bytes="577512" />
</allocation-stats>
<gc-op id="90" type="mark" timems="0.771" contextid="87" timestamp="2019-06-14T20:54:41.473">
  <trace-info objectcount="35" scancount="35" scanbytes="21112" />
  <cardclean-info objects="427" bytes="33164" />
  <remembered-set-cleared processed="1116" cleared="58" durationms="0.058" />
  <stringconstants candidates="3831" cleared="0"  />
  <warning details="Mark invoked due to insufficient free space for Copy-Forward" />
</gc-op>
<gc-op id="91" type="classunload" timems="0.001" contextid="87" timestamp="2019-06-14T20:54:41.473">
  <classunload-info classloadercandidates="6" classloadersunloaded="0" classesunloaded="0" anonymousclassesunloaded="0" quiescems="0.000" setupms="0.001" scanms="0.000" postms="0.000" />
</gc-op>
<gc-op id="92" type="sweep" timems="0.384" contextid="87" timestamp="2019-06-14T20:54:41.474" />
<gc-op id="93" type="compact" timems="1.036" contextid="87" timestamp="2019-06-14T20:54:41.475">
  <compact-info movecount="35" movebytes="600" />
  <remembered-set-cleared processed="2238" cleared="115" durationms="0.058" />
</gc-op>
<gc-end id="94" type="partial gc" contextid="87" durationms="3.424" usertimems="0.000" systemtimems="0.000" timestamp="2019-06-14T20:54:41.475" activeThreads="4">
  <mem-info id="95" free="6291456" total="10485760" percent="60">
    <mem type="eden" free="1047976" total="1048576" percent="99" />
    <remembered-set count="2272" freebytes="409472" totalbytes="418560" percent="97" regionsoverflowed="0" regionsstable="0" regionsrebuilding="1"/>
  </mem-info>
</gc-end>
<cycle-end id="96" type="partial gc" contextid="87" timestamp="2019-06-14T20:54:41.476" />
  <attribute name="elasticGC enabled" value="1" />
  <attribute name= "numThreadsSpecified" value="4" />
  <attribute name="heapSize specified" value="0" />
  <attribute name="Current GC Util" value="24" />
  <attribute name= "Current Time Running" value="9350" />
  <attribute name ="GC Interval" value="0" />
  <attribute name="ProportionalT" value="2.000000" />
  <attribute name="ProportionalI" value="2.000000" />
  <attribute name="ProportionalH" value="2.000000" />
  <attribute name="Current Error" value="4.000000" />
  <attribute name="IntegralT" value="4.000000" />
  <attribute name="IntegralI" value="4.000000" />
  <attribute name="IntegralH" value="4.000000" />
  <attribute name="DerivativeT" value="2.000000" />
  <attribute name="DerivativeI" value="2.000000" />
  <attribute name="DerivativeH" value="2.000000" />
  <attribute name="Loop Time for DT" value="1.000000" />
  <attribute name="Output H" value="8388608"/>
  <attribute name="Output I" value="200"/>
  <attribute name="Output T" value="4"/>
  <attribute name="Target GC Util Change" value ="20.000000" />
  <attribute name="Current GC Util Change" value="24.000000"/>
  <attribute name="GC Util currently" value="24" />
  <attribute name="CPU Util currently" value="7751436294187" />
<exclusive-end id="97" timestamp="2019-06-14T20:54:41.476" durationms="4.188" />

<exclusive-start id="98" timestamp="2019-06-14T20:54:42.815" intervalms="1343.337">
  <response-info timems="0.045" idlems="0.045" threads="0" lastid="0000000000A25000" lastname="node-0" />
</exclusive-start>
<allocation-taxation id="99" taxation-threshold="3145728" timestamp="2019-06-14T20:54:42.815" intervalms="1343.315" />
<gc-start id="100" type="global mark phase" contextid="76" timestamp="2019-06-14T20:54:42.815">
  <mem-info id="101" free="3145728" total="10485760" percent="30">
    <remembered-set count="1824" freebytes="411264" totalbytes="418560" percent="98" regionsoverflowed="0" regionsstable="0" regionsrebuilding="1"/>
  </mem-info>
</gc-start>
<gc-op id="102" type="mark increment" timems="0.904" contextid="76" timestamp="2019-06-14T20:54:42.816">
  <trace-info objectcount="47" scancount="38" scanbytes="21232" />
  <cardclean-info objects="430" bytes="33220" />
  <finalization candidates="13" enqueued="0" />
  <references type="soft" candidates="66" cleared="0" enqueued="0" dynamicThreshold="19" maxThreshold="32" />
  <references type="weak" candidates="143" cleared="0" enqueued="0" />
  <references type="phantom" candidates="57" cleared="0" enqueued="0" />
  <stringconstants candidates="3831" cleared="0"  />
</gc-op>
<gc-op id="103" type="classunload" timems="0.002" contextid="76" timestamp="2019-06-14T20:54:42.816">
  <classunload-info classloadercandidates="6" classloadersunloaded="0" classesunloaded="0" anonymousclassesunloaded="0" quiescems="0.000" setupms="0.002" scanms="0.000" postms="0.000" />
</gc-op>
<gc-end id="104" type="global mark phase" contextid="76" durationms="1.124" usertimems="4.000" systemtimems="0.000" timestamp="2019-06-14T20:54:42.816" activeThreads="4">
  <mem-info id="105" free="3145728" total="10485760" percent="30">
    <remembered-set count="1824" freebytes="411264" totalbytes="418560" percent="98" regionsoverflowed="0" regionsstable="0" regionsrebuilding="0"/>
  </mem-info>
</gc-end>
<cycle-end id="106" type="global mark phase" contextid="76" timestamp="2019-06-14T20:54:42.816" />
  <attribute name="elasticGC enabled" value="1" />
  <attribute name= "numThreadsSpecified" value="4" />
  <attribute name="heapSize specified" value="0" />
  <attribute name="Current GC Util" value="0" />
  <attribute name= "Current Time Running" value="10691" />
  <attribute name ="GC Interval" value="0" />
  <attribute name="ProportionalT" value="-10.000000" />
  <attribute name="ProportionalI" value="-10.000000" />
  <attribute name="ProportionalH" value="-10.000000" />
  <attribute name="Current Error" value="-20.000000" />
  <attribute name="IntegralT" value="0.000000" />
  <attribute name="IntegralI" value="0.000000" />
  <attribute name="IntegralH" value="0.000000" />
  <attribute name="DerivativeT" value="-inf" />
  <attribute name="DerivativeI" value="-inf" />
  <attribute name="DerivativeH" value="-inf" />
  <attribute name="Loop Time for DT" value="0.000000" />
  <attribute name="Output H" value="2091843584"/>
  <attribute name="Output I" value="200"/>
  <attribute name="Output T" value="4"/>
  <attribute name="Target GC Util Change" value ="20.000000" />
  <attribute name="Current GC Util Change" value="0.000000"/>
  <attribute name="GC Util currently" value="0" />
  <attribute name="CPU Util currently" value="61007593626164" />
<exclusive-end id="107" timestamp="2019-06-14T20:54:42.816" durationms="1.434" />

<exclusive-start id="108" timestamp="2019-06-14T20:54:44.042" intervalms="1226.677">
  <response-info timems="0.028" idlems="0.028" threads="0" lastid="0000000000A12500" lastname="node-5" />
</exclusive-start>
<allocation-taxation id="109" taxation-threshold="3145728" timestamp="2019-06-14T20:54:44.042" intervalms="1226.687" />
<cycle-start id="110" type="partial gc" contextid="0" timestamp="2019-06-14T20:54:44.042" intervalms="2570.004" />
<gc-start id="111" type="partial gc" contextid="110" timestamp="2019-06-14T20:54:44.042">
  <mem-info id="112" free="0" total="10485760" percent="0">
    <mem type="eden" free="1047976" total="7340032" percent="14" />
    <remembered-set count="1184" freebytes="413824" totalbytes="418560" percent="98" regionsoverflowed="0" regionsstable="1" regionsrebuilding="0"/>
  </mem-info>
</gc-start>
<allocation-stats totalBytes="6289408" >
  <allocated-bytes non-tlh="0" tlh="6289408" arrayletleaf="0"/>
  <largest-consumer threadName="node-4" threadId="0000000000A21500" bytes="602032" />
</allocation-stats>
<gc-op id="113" type="sweep" timems="0.356" contextid="110" timestamp="2019-06-14T20:54:44.043" />
<gc-op id="114" type="copy forward" timems="0.975" contextid="110" timestamp="2019-06-14T20:54:44.044">
  <memory-copied type="eden" objects="48" bytes="2680" bytesdiscarded="1096" />
  <memory-copied type="other" objects="0" bytes="0" bytesdiscarded="0" />
  <memory-cardclean objects="427" bytes="53712" />
  <regions eden="3" other="1" />
  <remembered-set-cleared processed="515" cleared="16" durationms="0.048" />
  <stringconstants candidates="3831" cleared="0"  />
</gc-op>
<gc-op id="115" type="classunload" timems="0.001" contextid="110" timestamp="2019-06-14T20:54:44.044">
  <classunload-info classloadercandidates="6" classloadersunloaded="0" classesunloaded="0" anonymousclassesunloaded="0" quiescems="0.000" setupms="0.001" scanms="0.000" postms="0.000" />
</gc-op>
<gc-op id="116" type="compact" timems="0.614" contextid="110" timestamp="2019-06-14T20:54:44.045">
  <compact-info movecount="0" movebytes="0" />
  <remembered-set-cleared processed="1064" cleared="16" durationms="0.048" />
</gc-op>
<gc-end id="117" type="partial gc" contextid="110" durationms="2.984" usertimems="4.000" systemtimems="4.000" timestamp="2019-06-14T20:54:44.045" activeThreads="4">
  <mem-info id="118" free="5242880" total="10485760" percent="50">
    <mem type="eden" free="2093376" total="2097152" percent="99" />
    <remembered-set count="800" freebytes="415360" totalbytes="418560" percent="99" regionsoverflowed="0" regionsstable="1" regionsrebuilding="0"/>
  </mem-info>
</gc-end>
<cycle-end id="119" type="partial gc" contextid="110" timestamp="2019-06-14T20:54:44.045" />
  <attribute name="elasticGC enabled" value="1" />
  <attribute name= "numThreadsSpecified" value="4" />
  <attribute name="heapSize specified" value="0" />
  <attribute name="Current GC Util" value="92" />
  <attribute name= "Current Time Running" value="11920" />
  <attribute name ="GC Interval" value="0" />
  <attribute name="ProportionalT" value="36.000000" />
  <attribute name="ProportionalI" value="36.000000" />
  <attribute name="ProportionalH" value="36.000000" />
  <attribute name="Current Error" value="72.000000" />
  <attribute name="IntegralT" value="72.000000" />
  <attribute name="IntegralI" value="72.000000" />
  <attribute name="IntegralH" value="72.000000" />
  <attribute name="DerivativeT" value="36.000000" />
  <attribute name="DerivativeI" value="36.000000" />
  <attribute name="DerivativeH" value="36.000000" />
  <attribute name="Loop Time for DT" value="1.000000" />
  <attribute name="Output H" value="8388608"/>
  <attribute name="Output I" value="200"/>
  <attribute name="Output T" value="4"/>
  <attribute name="Target GC Util Change" value ="20.000000" />
  <attribute name="Current GC Util Change" value="92.000000"/>
  <attribute name="GC Util currently" value="92" />
  <attribute name="CPU Util currently" value="3853318296670" />
<exclusive-end id="120" timestamp="2019-06-14T20:54:44.045" durationms="3.577" />

<exclusive-start id="121" timestamp="2019-06-14T20:54:44.997" intervalms="955.154">
  <response-info timems="0.026" idlems="0.026" threads="0" lastid="0000000000A21500" lastname="node-4" />
</exclusive-start>
<allocation-taxation id="122" taxation-threshold="2097152" timestamp="2019-06-14T20:54:44.997" intervalms="955.159" />
<cycle-start id="123" type="global mark phase" contextid="0" timestamp="2019-06-14T20:54:44.997" intervalms="4794.750" />
<gc-start id="124" type="global mark phase" contextid="123" timestamp="2019-06-14T20:54:44.997">
  <mem-info id="125" free="3145728" total="10485760" percent="30">
    <remembered-set count="800" freebytes="415360" totalbytes="418560" percent="99" regionsoverflowed="0" regionsstable="1" regionsrebuilding="0"/>
  </mem-info>
</gc-start>
<gc-op id="126" type="mark increment" timems="0.488" contextid="123" timestamp="2019-06-14T20:54:44.998">
  <trace-info objectcount="202" scancount="0" scanbytes="0" />
</gc-op>
<gc-end id="127" type="global mark phase" contextid="123" durationms="0.604" usertimems="4.000" systemtimems="0.000" timestamp="2019-06-14T20:54:44.998" activeThreads="1">
  <mem-info id="128" free="3145728" total="10485760" percent="30">
    <remembered-set count="800" freebytes="415360" totalbytes="418560" percent="99" regionsoverflowed="0" regionsstable="0" regionsrebuilding="1"/>
  </mem-info>
</gc-end>
<concurrent-start id="129" type="GMP work packet processing" contextid="123" timestamp="2019-06-14T20:54:44.998">
  <concurrent-mark-start scanTarget="18446744073709551615" />
</concurrent-start>
<exclusive-end id="130" timestamp="2019-06-14T20:54:44.999" durationms="2.301" />

<concurrent-end id="131" type="GMP work packet processing" contextid="123" timestamp="2019-06-14T20:54:44.999">
  <concurrent-mark-end bytesScanned="1455680" reasonForTermination="Completed all work in GC phase" />
</concurrent-end>

<exclusive-start id="132" timestamp="2019-06-14T20:54:45.942" intervalms="945.529">
  <response-info timems="0.025" idlems="0.025" threads="0" lastid="0000000000A21500" lastname="node-4" />
</exclusive-start>
<allocation-taxation id="133" taxation-threshold="2097152" timestamp="2019-06-14T20:54:45.942" intervalms="945.541" />
<cycle-start id="134" type="partial gc" contextid="0" timestamp="2019-06-14T20:54:45.942" intervalms="1900.713" />
<gc-start id="135" type="partial gc" contextid="134" timestamp="2019-06-14T20:54:45.943">
  <mem-info id="136" free="1048576" total="10485760" percent="10">
    <mem type="eden" free="2093376" total="6291456" percent="33" />
    <remembered-set count="1952" freebytes="410752" totalbytes="418560" percent="98" regionsoverflowed="0" regionsstable="0" regionsrebuilding="1"/>
  </mem-info>
</gc-start>
<allocation-stats totalBytes="4192488" >
  <allocated-bytes non-tlh="0" tlh="4192488" arrayletleaf="0"/>
  <largest-consumer threadName="node-5" threadId="0000000000A12500" bytes="368600" />
</allocation-stats>
<gc-op id="137" type="copy forward" timems="0.706" contextid="134" timestamp="2019-06-14T20:54:45.944">
  <memory-copied type="eden" objects="33" bytes="552" bytesdiscarded="0" />
  <memory-copied type="other" objects="0" bytes="0" bytesdiscarded="0" />
  <memory-cardclean objects="427" bytes="53712" />
  <regions eden="4" other="2" />
  <remembered-set-cleared processed="1127" cleared="61" durationms="0.069" />
  <stringconstants candidates="3831" cleared="0"  />
</gc-op>
<gc-op id="138" type="classunload" timems="0.001" contextid="134" timestamp="2019-06-14T20:54:45.944">
  <classunload-info classloadercandidates="6" classloadersunloaded="0" classesunloaded="0" anonymousclassesunloaded="0" quiescems="0.000" setupms="0.001" scanms="0.000" postms="0.000" />
</gc-op>
<gc-op id="139" type="compact" timems="0.872" contextid="134" timestamp="2019-06-14T20:54:45.945">
  <compact-info movecount="0" movebytes="0" />
  <remembered-set-cleared processed="2256" cleared="61" durationms="0.069" />
</gc-op>
<gc-end id="140" type="partial gc" contextid="134" durationms="2.700" usertimems="4.000" systemtimems="0.000" timestamp="2019-06-14T20:54:45.945" activeThreads="4">
  <mem-info id="141" free="6291456" total="10485760" percent="60">
    <mem type="eden" free="1048024" total="1048576" percent="99" />
    <remembered-set count="1344" freebytes="413184" totalbytes="418560" percent="98" regionsoverflowed="0" regionsstable="0" regionsrebuilding="1"/>
  </mem-info>
</gc-end>
<cycle-end id="142" type="partial gc" contextid="134" timestamp="2019-06-14T20:54:45.946" />
  <attribute name="elasticGC enabled" value="1" />
  <attribute name= "numThreadsSpecified" value="4" />
  <attribute name="heapSize specified" value="0" />
  <attribute name="Current GC Util" value="0" />
  <attribute name= "Current Time Running" value="13820" />
  <attribute name ="GC Interval" value="0" />
  <attribute name="ProportionalT" value="-10.000000" />
  <attribute name="ProportionalI" value="-10.000000" />
  <attribute name="ProportionalH" value="-10.000000" />
  <attribute name="Current Error" value="-20.000000" />
  <attribute name="IntegralT" value="-20.000000" />
  <attribute name="IntegralI" value="-20.000000" />
  <attribute name="IntegralH" value="-20.000000" />
  <attribute name="DerivativeT" value="-22.500000" />
  <attribute name="DerivativeI" value="-22.500000" />
  <attribute name="DerivativeH" value="-22.500000" />
  <attribute name="Loop Time for DT" value="1.000000" />
  <attribute name="Output H" value="2091843584"/>
  <attribute name="Output I" value="200"/>
  <attribute name="Output T" value="4"/>
  <attribute name="Target GC Util Change" value ="20.000000" />
  <attribute name="Current GC Util Change" value="0.000000"/>
  <attribute name="GC Util currently" value="0" />
  <attribute name="CPU Util currently" value="4686320355400" />
<exclusive-end id="143" timestamp="2019-06-14T20:54:45.946" durationms="3.640" />

<exclusive-start id="144" timestamp="2019-06-14T20:54:47.384" intervalms="1442.163">
  <response-info timems="0.023" idlems="0.023" threads="0" lastid="0000000000A19D00" lastname="node-2" />
</exclusive-start>
<allocation-taxation id="145" taxation-threshold="3145728" timestamp="2019-06-14T20:54:47.385" intervalms="1442.150" />
<gc-start id="146" type="global mark phase" contextid="123" timestamp="2019-06-14T20:54:47.385">
  <mem-info id="147" free="3145728" total="10485760" percent="30">
    <remembered-set count="1344" freebytes="413184" totalbytes="418560" percent="98" regionsoverflowed="0" regionsstable="0" regionsrebuilding="1"/>
  </mem-info>
</gc-start>
<gc-op id="148" type="mark increment" timems="1.219" contextid="123" timestamp="2019-06-14T20:54:47.386">
  <trace-info objectcount="51" scancount="42" scanbytes="21336" />
  <cardclean-info objects="441" bytes="33428" />
  <finalization candidates="13" enqueued="0" />
  <references type="soft" candidates="66" cleared="0" enqueued="0" dynamicThreshold="19" maxThreshold="32" />
  <references type="weak" candidates="143" cleared="0" enqueued="0" />
  <references type="phantom" candidates="57" cleared="0" enqueued="0" />
  <stringconstants candidates="3831" cleared="0"  />
</gc-op>
<gc-op id="149" type="classunload" timems="0.002" contextid="123" timestamp="2019-06-14T20:54:47.386">
  <classunload-info classloadercandidates="6" classloadersunloaded="0" classesunloaded="0" anonymousclassesunloaded="0" quiescems="0.000" setupms="0.002" scanms="0.000" postms="0.000" />
</gc-op>
<gc-end id="150" type="global mark phase" contextid="123" durationms="1.521" usertimems="0.000" systemtimems="4.000" timestamp="2019-06-14T20:54:47.386" activeThreads="4">
  <mem-info id="151" free="3145728" total="10485760" percent="30">
    <remembered-set count="1856" freebytes="411136" totalbytes="418560" percent="98" regionsoverflowed="0" regionsstable="0" regionsrebuilding="0"/>
  </mem-info>
</gc-end>
<cycle-end id="152" type="global mark phase" contextid="123" timestamp="2019-06-14T20:54:47.386" />
  <attribute name="elasticGC enabled" value="1" />
  <attribute name= "numThreadsSpecified" value="4" />
  <attribute name="heapSize specified" value="0" />
  <attribute name="Current GC Util" value="60" />
  <attribute name= "Current Time Running" value="15261" />
  <attribute name ="GC Interval" value="0" />
  <attribute name="ProportionalT" value="20.000000" />
  <attribute name="ProportionalI" value="20.000000" />
  <attribute name="ProportionalH" value="20.000000" />
  <attribute name="Current Error" value="40.000000" />
  <attribute name="IntegralT" value="0.000000" />
  <attribute name="IntegralI" value="0.000000" />
  <attribute name="IntegralH" value="0.000000" />
  <attribute name="DerivativeT" value="-inf" />
  <attribute name="DerivativeI" value="-inf" />
  <attribute name="DerivativeH" value="-inf" />
  <attribute name="Loop Time for DT" value="0.000000" />
  <attribute name="Output H" value="2091843584"/>
  <attribute name="Output I" value="200"/>
  <attribute name="Output T" value="4"/>
  <attribute name="Target GC Util Change" value ="20.000000" />
  <attribute name="Current GC Util Change" value="60.000000"/>
  <attribute name="GC Util currently" value="60" />
  <attribute name="CPU Util currently" value="35328303000396" />
<exclusive-end id="153" timestamp="2019-06-14T20:54:47.387" durationms="2.139" />

<exclusive-start id="154" timestamp="2019-06-14T20:54:48.834" intervalms="1449.887">
  <response-info timems="0.025" idlems="0.025" threads="0" lastid="0000000000A19D00" lastname="node-2" />
</exclusive-start>
<allocation-taxation id="155" taxation-threshold="3145728" timestamp="2019-06-14T20:54:48.834" intervalms="1449.889" />
<cycle-start id="156" type="partial gc" contextid="0" timestamp="2019-06-14T20:54:48.835" intervalms="2892.044" />
<gc-start id="157" type="partial gc" contextid="156" timestamp="2019-06-14T20:54:48.835">
  <mem-info id="158" free="0" total="10485760" percent="0">
    <mem type="eden" free="1048024" total="7340032" percent="14" />
    <remembered-set count="704" freebytes="415744" totalbytes="418560" percent="99" regionsoverflowed="0" regionsstable="1" regionsrebuilding="0"/>
  </mem-info>
</gc-start>
<allocation-stats totalBytes="6288920" >
  <allocated-bytes non-tlh="0" tlh="6288920" arrayletleaf="0"/>
  <largest-consumer threadName="node-0" threadId="0000000000A25000" bytes="573368" />
</allocation-stats>
<gc-op id="159" type="sweep" timems="0.665" contextid="156" timestamp="2019-06-14T20:54:48.836" />
<gc-op id="160" type="copy forward" timems="0.648" contextid="156" timestamp="2019-06-14T20:54:48.837">
  <memory-copied type="eden" objects="35" bytes="600" bytesdiscarded="0" />
  <memory-copied type="other" objects="0" bytes="0" bytesdiscarded="0" />
  <memory-cardclean objects="427" bytes="53712" />
  <regions eden="3" other="1" />
  <remembered-set-cleared processed="520" cleared="17" durationms="0.083" />
  <stringconstants candidates="3831" cleared="0"  />
</gc-op>
<gc-op id="161" type="classunload" timems="0.001" contextid="156" timestamp="2019-06-14T20:54:48.837">
  <classunload-info classloadercandidates="6" classloadersunloaded="0" classesunloaded="0" anonymousclassesunloaded="0" quiescems="0.000" setupms="0.001" scanms="0.000" postms="0.000" />
</gc-op>
<gc-op id="162" type="compact" timems="0.855" contextid="156" timestamp="2019-06-14T20:54:48.838">
  <compact-info movecount="0" movebytes="0" />
  <remembered-set-cleared processed="1067" cleared="17" durationms="0.083" />
</gc-op>
<gc-end id="163" type="partial gc" contextid="156" durationms="4.073" usertimems="4.000" systemtimems="0.000" timestamp="2019-06-14T20:54:48.839" activeThreads="4">
  <mem-info id="164" free="6291456" total="10485760" percent="60">
    <mem type="eden" free="1047976" total="1048576" percent="99" />
    <remembered-set count="704" freebytes="415744" totalbytes="418560" percent="99" regionsoverflowed="0" regionsstable="1" regionsrebuilding="0"/>
  </mem-info>
</gc-end>
<cycle-end id="165" type="partial gc" contextid="156" timestamp="2019-06-14T20:54:48.839" />
  <attribute name="elasticGC enabled" value="1" />
  <attribute name= "numThreadsSpecified" value="4" />
  <attribute name="heapSize specified" value="0" />
  <attribute name="Current GC Util" value="0" />
  <attribute name= "Current Time Running" value="16713" />
  <attribute name ="GC Interval" value="0" />
  <attribute name="ProportionalT" value="-10.000000" />
  <attribute name="ProportionalI" value="-10.000000" />
  <attribute name="ProportionalH" value="-10.000000" />
  <attribute name="Current Error" value="-20.000000" />
  <attribute name="IntegralT" value="-20.000000" />
  <attribute name="IntegralI" value="-20.000000" />
  <attribute name="IntegralH" value="-20.000000" />
  <attribute name="DerivativeT" value="-32.500000" />
  <attribute name="DerivativeI" value="-32.500000" />
  <attribute name="DerivativeH" value="-32.500000" />
  <attribute name="Loop Time for DT" value="1.000000" />
  <attribute name="Output H" value="2091843584"/>
  <attribute name="Output I" value="200"/>
  <attribute name="Output T" value="4"/>
  <attribute name="Target GC Util Change" value ="20.000000" />
  <attribute name="Current GC Util Change" value="0.000000"/>
  <attribute name="GC Util currently" value="0" />
  <attribute name="CPU Util currently" value="4166578743047" />
<exclusive-end id="166" timestamp="2019-06-14T20:54:48.839" durationms="5.057" />

<exclusive-start id="167" timestamp="2019-06-14T20:54:50.346" intervalms="1511.231">
  <response-info timems="0.038" idlems="0.038" threads="0" lastid="0000000000A1D900" lastname="node-3" />
</exclusive-start>
<allocation-taxation id="168" taxation-threshold="3145728" timestamp="2019-06-14T20:54:50.346" intervalms="1511.256" />
<cycle-start id="169" type="global mark phase" contextid="0" timestamp="2019-06-14T20:54:50.346" intervalms="5348.844" />
<gc-start id="170" type="global mark phase" contextid="169" timestamp="2019-06-14T20:54:50.346">
  <mem-info id="171" free="3145728" total="10485760" percent="30">
    <remembered-set count="704" freebytes="415744" totalbytes="418560" percent="99" regionsoverflowed="0" regionsstable="1" regionsrebuilding="0"/>
  </mem-info>
</gc-start>
<gc-op id="172" type="mark increment" timems="0.428" contextid="169" timestamp="2019-06-14T20:54:50.346">
  <trace-info objectcount="169" scancount="0" scanbytes="0" />
</gc-op>
<gc-end id="173" type="global mark phase" contextid="169" durationms="0.629" usertimems="0.000" systemtimems="0.000" timestamp="2019-06-14T20:54:50.346" activeThreads="1">
  <mem-info id="174" free="3145728" total="10485760" percent="30">
    <remembered-set count="704" freebytes="415744" totalbytes="418560" percent="99" regionsoverflowed="0" regionsstable="0" regionsrebuilding="1"/>
  </mem-info>
</gc-end>
<concurrent-start id="175" type="GMP work packet processing" contextid="169" timestamp="2019-06-14T20:54:50.347">
  <concurrent-mark-start scanTarget="18446744073709551615" />
</concurrent-start>
<exclusive-end id="176" timestamp="2019-06-14T20:54:50.347" durationms="1.228" />

<concurrent-end id="177" type="GMP work packet processing" contextid="169" timestamp="2019-06-14T20:54:50.350">
  <concurrent-mark-end bytesScanned="1457120" reasonForTermination="Completed all work in GC phase" />
</concurrent-end>

<exclusive-start id="178" timestamp="2019-06-14T20:54:51.787" intervalms="1441.366">
  <response-info timems="0.037" idlems="0.037" threads="0" lastid="0000000000A16100" lastname="node-1" />
</exclusive-start>
<allocation-taxation id="179" taxation-threshold="3145728" timestamp="2019-06-14T20:54:51.787" intervalms="1441.324" />
<cycle-start id="180" type="partial gc" contextid="0" timestamp="2019-06-14T20:54:51.787" intervalms="2952.569" />
<gc-start id="181" type="partial gc" contextid="180" timestamp="2019-06-14T20:54:51.787">
  <mem-info id="182" free="0" total="10485760" percent="0">
    <mem type="eden" free="1047976" total="7340032" percent="14" />
    <remembered-set count="1280" freebytes="413440" totalbytes="418560" percent="98" regionsoverflowed="0" regionsstable="0" regionsrebuilding="1"/>
  </mem-info>
</gc-start>
<allocation-stats totalBytes="6289248" >
  <allocated-bytes non-tlh="0" tlh="6289248" arrayletleaf="0"/>
  <largest-consumer threadName="node-5" threadId="0000000000A12500" bytes="602064" />
</allocation-stats>
<gc-op id="183" type="mark" timems="1.087" contextid="180" timestamp="2019-06-14T20:54:51.789">
  <trace-info objectcount="52" scancount="43" scanbytes="21360" />
  <cardclean-info objects="427" bytes="33164" />
  <remembered-set-cleared processed="1079" cleared="53" durationms="0.057" />
  <stringconstants candidates="3831" cleared="0"  />
  <warning details="Mark invoked due to insufficient free space for Copy-Forward" />
</gc-op>
<gc-op id="184" type="classunload" timems="0.001" contextid="180" timestamp="2019-06-14T20:54:51.789">
  <classunload-info classloadercandidates="6" classloadersunloaded="0" classesunloaded="0" anonymousclassesunloaded="0" quiescems="0.000" setupms="0.001" scanms="0.000" postms="0.000" />
</gc-op>
<gc-op id="185" type="sweep" timems="0.394" contextid="180" timestamp="2019-06-14T20:54:51.790" />
<gc-op id="186" type="compact" timems="0.835" contextid="180" timestamp="2019-06-14T20:54:51.791">
  <compact-info movecount="52" movebytes="2896" />
  <remembered-set-cleared processed="2169" cleared="108" durationms="0.057" />
</gc-op>
<gc-end id="187" type="partial gc" contextid="180" durationms="3.603" usertimems="0.000" systemtimems="4.000" timestamp="2019-06-14T20:54:51.791" activeThreads="4">
  <mem-info id="188" free="6291456" total="10485760" percent="60">
    <mem type="eden" free="1045680" total="1048576" percent="99" />
    <remembered-set count="2304" freebytes="409344" totalbytes="418560" percent="97" regionsoverflowed="0" regionsstable="0" regionsrebuilding="1"/>
  </mem-info>
</gc-end>
<cycle-end id="189" type="partial gc" contextid="180" timestamp="2019-06-14T20:54:51.791" />
  <attribute name="elasticGC enabled" value="1" />
  <attribute name= "numThreadsSpecified" value="4" />
  <attribute name="heapSize specified" value="0" />
  <attribute name="Current GC Util" value="26" />
  <attribute name= "Current Time Running" value="19666" />
  <attribute name ="GC Interval" value="0" />
  <attribute name="ProportionalT" value="3.000000" />
  <attribute name="ProportionalI" value="3.000000" />
  <attribute name="ProportionalH" value="3.000000" />
  <attribute name="Current Error" value="6.000000" />
  <attribute name="IntegralT" value="6.000000" />
  <attribute name="IntegralI" value="6.000000" />
  <attribute name="IntegralH" value="6.000000" />
  <attribute name="DerivativeT" value="-39.000000" />
  <attribute name="DerivativeI" value="-39.000000" />
  <attribute name="DerivativeH" value="-39.000000" />
  <attribute name="Loop Time for DT" value="1.000000" />
  <attribute name="Output H" value="2091843584"/>
  <attribute name="Output I" value="200"/>
  <attribute name="Output T" value="4"/>
  <attribute name="Target GC Util Change" value ="20.000000" />
  <attribute name="Current GC Util Change" value="26.000000"/>
  <attribute name="GC Util currently" value="26" />
  <attribute name="CPU Util currently" value="7188619037800" />
<exclusive-end id="190" timestamp="2019-06-14T20:54:51.791" durationms="4.325" />

<exclusive-start id="191" timestamp="2019-06-14T20:54:53.372" intervalms="1585.192">
  <response-info timems="0.032" idlems="0.032" threads="0" lastid="0000000000A12500" lastname="node-5" />
</exclusive-start>
<allocation-taxation id="192" taxation-threshold="3145728" timestamp="2019-06-14T20:54:53.372" intervalms="1585.215" />
<gc-start id="193" type="global mark phase" contextid="169" timestamp="2019-06-14T20:54:53.372">
  <mem-info id="194" free="3145728" total="10485760" percent="30">
    <remembered-set count="2304" freebytes="409344" totalbytes="418560" percent="97" regionsoverflowed="0" regionsstable="0" regionsrebuilding="1"/>
  </mem-info>
</gc-start>
<gc-op id="195" type="mark increment" timems="1.370" contextid="169" timestamp="2019-06-14T20:54:53.374">
  <trace-info objectcount="48" scancount="48" scanbytes="21504" />
  <cardclean-info objects="438" bytes="33308" />
  <finalization candidates="13" enqueued="0" />
  <references type="soft" candidates="66" cleared="0" enqueued="0" dynamicThreshold="19" maxThreshold="32" />
  <references type="weak" candidates="143" cleared="0" enqueued="0" />
  <references type="phantom" candidates="57" cleared="0" enqueued="0" />
  <stringconstants candidates="3831" cleared="0"  />
</gc-op>
<gc-op id="196" type="classunload" timems="0.001" contextid="169" timestamp="2019-06-14T20:54:53.374">
  <classunload-info classloadercandidates="6" classloadersunloaded="0" classesunloaded="0" anonymousclassesunloaded="0" quiescems="0.000" setupms="0.001" scanms="0.000" postms="0.000" />
</gc-op>
<gc-end id="197" type="global mark phase" contextid="169" durationms="1.642" usertimems="0.000" systemtimems="4.000" timestamp="2019-06-14T20:54:53.374" activeThreads="4">
  <mem-info id="198" free="3145728" total="10485760" percent="30">
    <remembered-set count="2304" freebytes="409344" totalbytes="418560" percent="97" regionsoverflowed="0" regionsstable="0" regionsrebuilding="0"/>
  </mem-info>
</gc-end>
<cycle-end id="199" type="global mark phase" contextid="169" timestamp="2019-06-14T20:54:53.374" />
  <attribute name="elasticGC enabled" value="1" />
  <attribute name= "numThreadsSpecified" value="4" />
  <attribute name="heapSize specified" value="0" />
  <attribute name="Current GC Util" value="0" />
  <attribute name= "Current Time Running" value="21249" />
  <attribute name ="GC Interval" value="0" />
  <attribute name="ProportionalT" value="-10.000000" />
  <attribute name="ProportionalI" value="-10.000000" />
  <attribute name="ProportionalH" value="-10.000000" />
  <attribute name="Current Error" value="-20.000000" />
  <attribute name="IntegralT" value="-20.000000" />
  <attribute name="IntegralI" value="-20.000000" />
  <attribute name="IntegralH" value="-20.000000" />
  <attribute name="DerivativeT" value="-51.000000" />
  <attribute name="DerivativeI" value="-51.000000" />
  <attribute name="DerivativeH" value="-51.000000" />
  <attribute name="Loop Time for DT" value="1.000000" />
  <attribute name="Output H" value="2091843584"/>
  <attribute name="Output I" value="200"/>
  <attribute name="Output T" value="4"/>
  <attribute name="Target GC Util Change" value ="20.000000" />
  <attribute name="Current GC Util Change" value="0.000000"/>
  <attribute name="GC Util currently" value="0" />
  <attribute name="CPU Util currently" value="53917038064367" />
<exclusive-end id="200" timestamp="2019-06-14T20:54:53.374" durationms="2.119" />

<exclusive-start id="201" timestamp="2019-06-14T20:54:54.726" intervalms="1354.258">
  <response-info timems="0.025" idlems="0.025" threads="0" lastid="0000000000A12500" lastname="node-5" />
</exclusive-start>
<allocation-taxation id="202" taxation-threshold="3145728" timestamp="2019-06-14T20:54:54.727" intervalms="1354.272" />
<cycle-start id="203" type="partial gc" contextid="0" timestamp="2019-06-14T20:54:54.727" intervalms="2939.515" />
<gc-start id="204" type="partial gc" contextid="203" timestamp="2019-06-14T20:54:54.727">
  <mem-info id="205" free="0" total="10485760" percent="0">
    <mem type="eden" free="1045680" total="7340032" percent="14" />
    <remembered-set count="1664" freebytes="411904" totalbytes="418560" percent="98" regionsoverflowed="0" regionsstable="1" regionsrebuilding="0"/>
  </mem-info>
</gc-start>
<allocation-stats totalBytes="6289344" >
  <allocated-bytes non-tlh="0" tlh="6289344" arrayletleaf="0"/>
  <largest-consumer threadName="node-2" threadId="0000000000A19D00" bytes="577440" />
</allocation-stats>
<gc-op id="206" type="sweep" timems="0.490" contextid="203" timestamp="2019-06-14T20:54:54.728" />
<gc-op id="207" type="copy forward" timems="0.609" contextid="203" timestamp="2019-06-14T20:54:54.729">
  <memory-copied type="eden" objects="61" bytes="1952" bytesdiscarded="0" />
  <memory-copied type="other" objects="0" bytes="0" bytesdiscarded="0" />
  <memory-cardclean objects="427" bytes="53712" />
  <regions eden="3" other="1" />
  <remembered-set-cleared processed="527" cleared="19" durationms="0.062" />
  <stringconstants candidates="3831" cleared="0"  />
</gc-op>
<gc-op id="208" type="classunload" timems="0.001" contextid="203" timestamp="2019-06-14T20:54:54.729">
  <classunload-info classloadercandidates="6" classloadersunloaded="0" classesunloaded="0" anonymousclassesunloaded="0" quiescems="0.000" setupms="0.001" scanms="0.000" postms="0.000" />
</gc-op>
<gc-end id="209" type="partial gc" contextid="203" durationms="2.492" usertimems="0.000" systemtimems="4.000" timestamp="2019-06-14T20:54:54.729" activeThreads="1">
  <mem-info id="210" free="6291456" total="10485760" percent="60">
    <mem type="eden" free="1046624" total="1048576" percent="99" />
    <remembered-set count="2080" freebytes="410240" totalbytes="418560" percent="98" regionsoverflowed="0" regionsstable="1" regionsrebuilding="0"/>
  </mem-info>
</gc-end>
<cycle-end id="211" type="partial gc" contextid="203" timestamp="2019-06-14T20:54:54.730" />
  <attribute name="elasticGC enabled" value="1" />
  <attribute name= "numThreadsSpecified" value="1" />
  <attribute name="heapSize specified" value="0" />
  <attribute name="Current GC Util" value="59" />
  <attribute name= "Current Time Running" value="22604" />
  <attribute name ="GC Interval" value="0" />
  <attribute name="ProportionalT" value="19.500000" />
  <attribute name="ProportionalI" value="19.500000" />
  <attribute name="ProportionalH" value="19.500000" />
  <attribute name="Current Error" value="39.000000" />
  <attribute name="IntegralT" value="0.000000" />
  <attribute name="IntegralI" value="0.000000" />
  <attribute name="IntegralH" value="0.000000" />
  <attribute name="DerivativeT" value="inf" />
  <attribute name="DerivativeI" value="inf" />
  <attribute name="DerivativeH" value="inf" />
  <attribute name="Loop Time for DT" value="0.000000" />
  <attribute name="Output H" value="8388608"/>
  <attribute name="Output I" value="200"/>
  <attribute name="Output T" value="1"/>
  <attribute name="Target GC Util Change" value ="20.000000" />
  <attribute name="Current GC Util Change" value="59.000000"/>
  <attribute name="GC Util currently" value="59" />
  <attribute name="CPU Util currently" value="20372157407735" />
<exclusive-end id="212" timestamp="2019-06-14T20:54:54.730" durationms="3.490" />

<exclusive-start id="213" timestamp="2019-06-14T20:54:56.148" intervalms="1421.430">
  <response-info timems="0.025" idlems="0.025" threads="0" lastid="0000000000A12500" lastname="node-5" />
</exclusive-start>
<allocation-taxation id="214" taxation-threshold="3145728" timestamp="2019-06-14T20:54:56.148" intervalms="1421.426" />
<cycle-start id="215" type="global mark phase" contextid="0" timestamp="2019-06-14T20:54:56.148" intervalms="5802.243" />
<gc-start id="216" type="global mark phase" contextid="215" timestamp="2019-06-14T20:54:56.148">
  <mem-info id="217" free="3145728" total="10485760" percent="30">
    <remembered-set count="1600" freebytes="412160" totalbytes="418560" percent="98" regionsoverflowed="0" regionsstable="1" regionsrebuilding="0"/>
  </mem-info>
</gc-start>
<gc-op id="218" type="mark increment" timems="0.459" contextid="215" timestamp="2019-06-14T20:54:56.149">
  <trace-info objectcount="172" scancount="0" scanbytes="0" />
</gc-op>
<gc-end id="219" type="global mark phase" contextid="215" durationms="0.576" usertimems="0.000" systemtimems="0.000" timestamp="2019-06-14T20:54:56.149" activeThreads="1">
  <mem-info id="220" free="3145728" total="10485760" percent="30">
    <remembered-set count="1600" freebytes="412160" totalbytes="418560" percent="98" regionsoverflowed="0" regionsstable="0" regionsrebuilding="1"/>
  </mem-info>
</gc-end>
<concurrent-start id="221" type="GMP work packet processing" contextid="215" timestamp="2019-06-14T20:54:56.149">
  <concurrent-mark-start scanTarget="18446744073709551615" />
</concurrent-start>
<exclusive-end id="222" timestamp="2019-06-14T20:54:56.149" durationms="1.047" />

<concurrent-end id="223" type="GMP work packet processing" contextid="215" timestamp="2019-06-14T20:54:56.150">
  <concurrent-mark-end bytesScanned="1455200" reasonForTermination="Completed all work in GC phase" />
</concurrent-end>

<exclusive-start id="224" timestamp="2019-06-14T20:54:57.742" intervalms="1594.628">
  <response-info timems="0.031" idlems="0.031" threads="0" lastid="0000000000A19D00" lastname="node-2" />
</exclusive-start>
<allocation-taxation id="225" taxation-threshold="3145728" timestamp="2019-06-14T20:54:57.743" intervalms="1594.604" />
<cycle-start id="226" type="partial gc" contextid="0" timestamp="2019-06-14T20:54:57.743" intervalms="3015.988" />
<gc-start id="227" type="partial gc" contextid="226" timestamp="2019-06-14T20:54:57.743">
  <mem-info id="228" free="0" total="10485760" percent="0">
    <mem type="eden" free="1046624" total="7340032" percent="14" />
    <remembered-set count="2208" freebytes="409728" totalbytes="418560" percent="97" regionsoverflowed="0" regionsstable="0" regionsrebuilding="1"/>
  </mem-info>
</gc-start>
<allocation-stats totalBytes="6290032" >
  <allocated-bytes non-tlh="0" tlh="6290032" arrayletleaf="0"/>
  <largest-consumer threadName="node-3" threadId="0000000000A1D900" bytes="577480" />
</allocation-stats>
<gc-op id="229" type="mark" timems="0.649" contextid="226" timestamp="2019-06-14T20:54:57.744">
  <trace-info objectcount="35" scancount="35" scanbytes="21112" />
  <cardclean-info objects="427" bytes="33164" />
  <remembered-set-cleared processed="1123" cleared="55" durationms="0.096" />
  <stringconstants candidates="3831" cleared="0"  />
  <warning details="Mark invoked due to insufficient free space for Copy-Forward" />
</gc-op>
<gc-op id="230" type="classunload" timems="0.001" contextid="226" timestamp="2019-06-14T20:54:57.744">
  <classunload-info classloadercandidates="6" classloadersunloaded="0" classesunloaded="0" anonymousclassesunloaded="0" quiescems="0.000" setupms="0.001" scanms="0.000" postms="0.000" />
</gc-op>
<gc-op id="231" type="sweep" timems="0.514" contextid="226" timestamp="2019-06-14T20:54:57.745" />
<gc-op id="232" type="compact" timems="0.857" contextid="226" timestamp="2019-06-14T20:54:57.746">
  <compact-info movecount="35" movebytes="600" />
  <remembered-set-cleared processed="2255" cleared="111" durationms="0.096" />
</gc-op>
<gc-end id="233" type="partial gc" contextid="226" durationms="3.215" usertimems="4.000" systemtimems="0.000" timestamp="2019-06-14T20:54:57.746" activeThreads="4">
  <mem-info id="234" free="6291456" total="10485760" percent="60">
    <mem type="eden" free="1047976" total="1048576" percent="99" />
    <remembered-set count="2304" freebytes="409344" totalbytes="418560" percent="97" regionsoverflowed="0" regionsstable="0" regionsrebuilding="1"/>
  </mem-info>
</gc-end>
<cycle-end id="235" type="partial gc" contextid="226" timestamp="2019-06-14T20:54:57.746" />
  <attribute name="elasticGC enabled" value="1" />
  <attribute name= "numThreadsSpecified" value="4" />
  <attribute name="heapSize specified" value="0" />
  <attribute name="Current GC Util" value="27" />
  <attribute name= "Current Time Running" value="25621" />
  <attribute name ="GC Interval" value="0" />
  <attribute name="ProportionalT" value="3.500000" />
  <attribute name="ProportionalI" value="3.500000" />
  <attribute name="ProportionalH" value="3.500000" />
  <attribute name="Current Error" value="7.000000" />
  <attribute name="IntegralT" value="7.000000" />
  <attribute name="IntegralI" value="7.000000" />
  <attribute name="IntegralH" value="7.000000" />
  <attribute name="DerivativeT" value="3.500000" />
  <attribute name="DerivativeI" value="3.500000" />
  <attribute name="DerivativeH" value="3.500000" />
  <attribute name="Loop Time for DT" value="1.000000" />
  <attribute name="Output H" value="8388608"/>
  <attribute name="Output I" value="200"/>
  <attribute name="Output T" value="4"/>
  <attribute name="Target GC Util Change" value ="20.000000" />
  <attribute name="Current GC Util Change" value="27.000000"/>
  <attribute name="GC Util currently" value="27" />
  <attribute name="CPU Util currently" value="6227791747179" />
<exclusive-end id="236" timestamp="2019-06-14T20:54:57.746" durationms="3.821" />

</verbosegc>

