<?xml version="1.0" ?>

<verbosegc xmlns="http://www.ibm.com/j9/verbosegc" version="6fe7bac_CMPRSS">

<initialized id="1" timestamp="2019-08-03T02:42:52.860">
  <attribute name="gcPolicy" value="-Xgcpolicy:optthruput" />
  <attribute name="elasticGC enabled" value="1" />
  <attribute name= "numThreadsSpecified" value="0" />
  <attribute name="heapSize specified" value="0" />
  <attribute name= "numCores" value="0" />
  <attribute name ="GC Interval" value="0" />
  <attribute name="GC Util Range Max" value="0" />
  <attribute name="Current GC Util" value="0" />
  <attribute name= "Current Time Running" value="0" />
  <attribute name="maxHeapSize" value="0x7cba0000" />
  <attribute name="initialHeapSize" value="0x800000" />
  <attribute name="compressedRefs" value="true" />
  <attribute name="compressedRefsDisplacement" value="0x0" />
  <attribute name="compressedRefsShift" value="0x0" />
  <attribute name="pageSize" value="0x1000" />
  <attribute name="pageType" value="not used" />
  <attribute name="requestedPageSize" value="0x1000" />
  <attribute name="requestedPageType" value="not used" />
  <attribute name="gcthreads" value="8" />
  <attribute name="packetListSplit" value="8" />
  <attribute name="cacheListSplit" value="8" />
  <attribute name="splitFreeListSplitAmount" value="1" />
  <attribute name="numaNodes" value="0" />
  <system>
    <attribute name="physicalMemory" value="8370401280" />
    <attribute name="numCPUs" value="8" />
    <attribute name="architecture" value="amd64" />
    <attribute name="os" value="Linux" />
    <attribute name="osVersion" value="4.4.0-154-generic" />
  </system>
  <vmargs>
    <vmarg name="-Xoptionsfile=/vagrant/jdk/lib/options.default" />
    <vmarg name="-Xlockword:mode=default,noLockword=java/lang/String,noLockword=java/util/MapEntry,noLockword=java/util/HashMap$Entry,noLockword..." />
    <vmarg name="-Xjcl:jclse29" />
    <vmarg name="-Dcom.ibm.oti.vm.bootstrap.library.path=/vagrant/jdk/lib/compressedrefs:/vagrant/jdk/lib" />
    <vmarg name="-Dsun.boot.library.path=/vagrant/jdk/lib/compressedrefs:/vagrant/jdk/lib" />
    <vmarg name="-Djava.library.path=/vagrant/jdk/lib/compressedrefs:/vagrant/jdk/lib:/usr/lib64:/usr/lib" />
    <vmarg name="-Djava.home=/vagrant/jdk" />
    <vmarg name="-Duser.dir=/vagrant" />
    <vmarg name="-Xgcpolicy:optthruput" />
    <vmarg name="-Xgcelastic" />
    <vmarg name="-Xcheck:gc:::elasticGC" />
    <vmarg name="-verbose:gc" />
    <vmarg name="-Xloggc:jdkR-small-OTT-8core-verbose11xalan.txt" />
    <vmarg name="-Djava.class.path=dacapo-9.12-MR1-bach.jar" />
    <vmarg name="-Dsun.java.command=dacapo-9.12-MR1-bach.jar xalan --size=small" />
    <vmarg name="-Dsun.java.launcher=SUN_STANDARD" />
    <vmarg name="-Dsun.java.launcher.pid=21270" />
  </vmargs>
</initialized>

<exclusive-start id="2" timestamp="2019-08-03T02:42:53.458" intervalms="598.112">
  <response-info timems="0.034" idlems="0.034" threads="0" lastid="000000000109DA00" lastname="main" />
</exclusive-start>
<af-start id="3" threadId="000000000109E388" totalBytesRequested="88" timestamp="2019-08-03T02:42:53.458" intervalms="598.406" />
<cycle-start id="4" type="global" contextid="0" timestamp="2019-08-03T02:42:53.459" intervalms="598.600" />
<gc-start id="5" type="global" contextid="4" timestamp="2019-08-03T02:42:53.459">
  <mem-info id="6" free="418816" total="8388608" percent="4">
    <mem type="tenure" free="418816" total="8388608" percent="4">
      <mem type="soa" free="0" total="7969792" percent="0" />
      <mem type="loa" free="418816" total="418816" percent="100" />
    </mem>
  </mem-info>
</gc-start>
<allocation-stats totalBytes="7884840" >
  <allocated-bytes non-tlh="758040" tlh="7126800" />
  <largest-consumer threadName="main" threadId="000000000109DA00" bytes="7795984" />
</allocation-stats>
<gc-op id="7" type="mark" timems="2.293" contextid="4" timestamp="2019-08-03T02:42:53.461">
  <trace-info objectcount="21494" scancount="17514" scanbytes="561384" />
  <finalization candidates="15" enqueued="1" />
  <references type="soft" candidates="74" cleared="0" enqueued="0" dynamicThreshold="32" maxThreshold="32" />
  <references type="weak" candidates="575" cleared="432" enqueued="393" />
  <references type="phantom" candidates="127" cleared="44" enqueued="44" />
  <stringconstants candidates="2930" cleared="0"  />
</gc-op>
<gc-op id="8" type="classunload" timems="0.050" contextid="4" timestamp="2019-08-03T02:42:53.462">
  <classunload-info classloadercandidates="6" classloadersunloaded="0" classesunloaded="0" anonymousclassesunloaded="0" quiescems="0.000" setupms="0.049" scanms="0.001" postms="0.000" />
</gc-op>
<gc-op id="9" type="sweep" timems="0.572" contextid="4" timestamp="2019-08-03T02:42:53.462" />
<gc-end id="10" type="global" contextid="4" durationms="4.046" usertimems="4.000" systemtimems="0.000" timestamp="2019-08-03T02:42:53.463" activeThreads="8">
  <mem-info id="11" free="6519072" total="8388608" percent="77">
    <mem type="tenure" free="6519072" total="8388608" percent="77" micro-fragmented="277494" macro-fragmented="0">
      <mem type="soa" free="6100256" total="7969792" percent="76" />
      <mem type="loa" free="418816" total="418816" percent="100" />
    </mem>
    <pending-finalizers system="1" default="0" reference="437" classloader="0" />
  </mem-info>
</gc-end>
<cycle-end id="12" type="global" contextid="4" timestamp="2019-08-03T02:42:53.463" />
  <attribute name="elasticGC enabled" value="1" />
  <attribute name= "numThreadsSpecified" value="0" />
  <attribute name="heapSize specified" value="0" />
  <attribute name= "numCores" value="8" />
  <attribute name ="GC Interval" value="0" />
  <attribute name ="Control flow" value="1" />
  <attribute name="GC Util Range Max" value="107" />
  <attribute name="Current GC Util" value="43" />
  <attribute name= "Current Time Running" value="3" />
<allocation-satisfied id="13" threadId="000000000109DA00" bytesRequested="88" />
<af-end id="14" timestamp="2019-08-03T02:42:53.463" threadId="000000000109E388" success="true" />
<exclusive-end id="15" timestamp="2019-08-03T02:42:53.463" durationms="5.088" />

<exclusive-start id="16" timestamp="2019-08-03T02:42:53.661" intervalms="202.891">
  <response-info timems="0.093" idlems="0.093" threads="0" lastid="000000000109DA00" lastname="main" />
</exclusive-start>
<af-start id="17" threadId="000000000109E388" totalBytesRequested="88" timestamp="2019-08-03T02:42:53.661" intervalms="202.738" />
<cycle-start id="18" type="global" contextid="0" timestamp="2019-08-03T02:42:53.661" intervalms="202.678" />
<gc-start id="19" type="global" contextid="18" timestamp="2019-08-03T02:42:53.661">
  <mem-info id="20" free="418816" total="8388608" percent="4">
    <mem type="tenure" free="418816" total="8388608" percent="4">
      <mem type="soa" free="0" total="7969792" percent="0" />
      <mem type="loa" free="418816" total="418816" percent="100" />
    </mem>
  </mem-info>
</gc-start>
<allocation-stats totalBytes="5996320" >
  <allocated-bytes non-tlh="1394184" tlh="4602136" />
  <largest-consumer threadName="main" threadId="000000000109DA00" bytes="5989152" />
</allocation-stats>
<gc-op id="21" type="mark" timems="1.995" contextid="18" timestamp="2019-08-03T02:42:53.664">
  <trace-info objectcount="29493" scancount="23866" scanbytes="870684" />
  <finalization candidates="15" enqueued="0" />
  <references type="soft" candidates="133" cleared="0" enqueued="0" dynamicThreshold="24" maxThreshold="32" />
  <references type="weak" candidates="175" cleared="30" enqueued="30" />
  <references type="phantom" candidates="85" cleared="2" enqueued="2" />
  <stringconstants candidates="3529" cleared="22"  />
</gc-op>
<gc-op id="22" type="classunload" timems="0.002" contextid="18" timestamp="2019-08-03T02:42:53.664">
  <classunload-info classloadercandidates="19" classloadersunloaded="0" classesunloaded="0" anonymousclassesunloaded="0" quiescems="0.000" setupms="0.001" scanms="0.001" postms="0.000" />
</gc-op>
<gc-op id="23" type="sweep" timems="0.312" contextid="18" timestamp="2019-08-03T02:42:53.664" />
<gc-end id="24" type="global" contextid="18" durationms="3.752" usertimems="4.000" systemtimems="0.000" timestamp="2019-08-03T02:42:53.665" activeThreads="1">
  <mem-info id="25" free="5720608" total="8388608" percent="68">
    <mem type="tenure" free="5720608" total="8388608" percent="68" micro-fragmented="505939" macro-fragmented="0">
      <mem type="soa" free="5301792" total="7969792" percent="66" />
      <mem type="loa" free="418816" total="418816" percent="100" />
    </mem>
    <pending-finalizers system="0" default="0" reference="32" classloader="0" />
  </mem-info>
</gc-end>
<cycle-end id="26" type="global" contextid="18" timestamp="2019-08-03T02:42:53.665" />
  <attribute name="elasticGC enabled" value="1" />
  <attribute name= "numThreadsSpecified" value="1" />
  <attribute name="heapSize specified" value="0" />
  <attribute name= "numCores" value="8" />
  <attribute name ="GC Interval" value="0" />
  <attribute name ="Control flow" value="1" />
  <attribute name="GC Util Range Max" value="107" />
  <attribute name="Current GC Util" value="29" />
  <attribute name= "Current Time Running" value="204" />
<allocation-satisfied id="27" threadId="000000000109DA00" bytesRequested="88" />
<af-end id="28" timestamp="2019-08-03T02:42:53.665" threadId="000000000109E388" success="true" />
<exclusive-end id="29" timestamp="2019-08-03T02:42:53.665" durationms="4.359" />

<exclusive-start id="30" timestamp="2019-08-03T02:42:53.669" intervalms="7.606">
  <response-info timems="0.410" idlems="0.251" threads="2" lastid="00000000013F4300" lastname="Thread-10" />
</exclusive-start>
<sys-start reason="explicit" id="31" timestamp="2019-08-03T02:42:53.669" intervalms="808.719" />
<cycle-start id="32" type="global" contextid="0" timestamp="2019-08-03T02:42:53.669" intervalms="7.558" />
<gc-start id="33" type="global" contextid="32" timestamp="2019-08-03T02:42:53.669">
  <mem-info id="34" free="5663896" total="8388608" percent="67">
    <mem type="tenure" free="5663896" total="8388608" percent="67">
      <mem type="soa" free="5245080" total="7969792" percent="65" />
      <mem type="loa" free="418816" total="418816" percent="100" />
    </mem>
  </mem-info>
</gc-start>
<allocation-stats totalBytes="52312" >
  <allocated-bytes non-tlh="10408" tlh="41904" />
  <largest-consumer threadName="main" threadId="000000000109DA00" bytes="30840" />
</allocation-stats>
<gc-op id="35" type="mark" timems="1.885" contextid="32" timestamp="2019-08-03T02:42:53.671">
  <trace-info objectcount="29511" scancount="23891" scanbytes="872352" />
  <finalization candidates="15" enqueued="0" />
  <references type="soft" candidates="133" cleared="0" enqueued="0" dynamicThreshold="21" maxThreshold="32" />
  <references type="weak" candidates="154" cleared="4" enqueued="4" />
  <references type="phantom" candidates="88" cleared="0" enqueued="0" />
  <stringconstants candidates="3514" cleared="0"  />
</gc-op>
<gc-op id="36" type="classunload" timems="0.001" contextid="32" timestamp="2019-08-03T02:42:53.671">
  <classunload-info classloadercandidates="19" classloadersunloaded="0" classesunloaded="0" anonymousclassesunloaded="0" quiescems="0.000" setupms="0.001" scanms="0.000" postms="0.000" />
</gc-op>
<gc-op id="37" type="sweep" timems="0.339" contextid="32" timestamp="2019-08-03T02:42:53.672" />
<mem-info id="38" free="5718536" total="8388608" percent="68">
  <mem type="tenure" free="5718536" total="8388608" percent="68" micro-fragmented="470952" macro-fragmented="0">
    <mem type="soa" free="5299720" total="7969792" percent="66" />
    <mem type="loa" free="418816" total="418816" percent="100" />
  </mem>
  <pending-finalizers system="0" default="0" reference="4" classloader="0" />
</mem-info>
<gc-op id="39" type="compact" timems="5.857" contextid="32" timestamp="2019-08-03T02:42:53.678">
  <compact-info movecount="29510" movebytes="1957832" reason="no compaction" />
</gc-op>
<gc-end id="40" type="global" contextid="32" durationms="8.952" usertimems="12.000" systemtimems="0.000" timestamp="2019-08-03T02:42:53.678" activeThreads="8">
  <mem-info id="41" free="6430688" total="8388608" percent="76">
    <mem type="tenure" free="6430688" total="8388608" percent="76">
      <mem type="soa" free="6011872" total="7969792" percent="75" />
      <mem type="loa" free="418816" total="418816" percent="100" />
    </mem>
    <pending-finalizers system="0" default="0" reference="4" classloader="0" />
  </mem-info>
</gc-end>
<cycle-end id="42" type="global" contextid="32" timestamp="2019-08-03T02:42:53.678" />
  <attribute name="elasticGC enabled" value="1" />
  <attribute name= "numThreadsSpecified" value="1" />
  <attribute name="heapSize specified" value="8388608" />
  <attribute name= "numCores" value="8" />
  <attribute name ="GC Interval" value="0" />
  <attribute name ="Control flow" value="3" />
  <attribute name="GC Util Range Max" value="107" />
  <attribute name="Current GC Util" value="38" />
  <attribute name= "Current Time Running" value="218" />
<sys-end id="43" timestamp="2019-08-03T02:42:53.678" />
<exclusive-end id="44" timestamp="2019-08-03T02:42:53.678" durationms="9.450" />

<exclusive-start id="45" timestamp="2019-08-03T02:42:53.789" intervalms="120.506">
  <response-info timems="0.041" idlems="0.041" threads="0" lastid="00000000013E5300" lastname="Thread-6" />
</exclusive-start>
<af-start id="46" threadId="00000000013E5C88" totalBytesRequested="88" timestamp="2019-08-03T02:42:53.789" intervalms="128.078" />
<cycle-start id="47" type="global" contextid="0" timestamp="2019-08-03T02:42:53.789" intervalms="120.464" />
<gc-start id="48" type="global" contextid="47" timestamp="2019-08-03T02:42:53.789">
  <mem-info id="49" free="418816" total="8388608" percent="4">
    <mem type="tenure" free="418816" total="8388608" percent="4">
      <mem type="soa" free="0" total="7969792" percent="0" />
      <mem type="loa" free="418816" total="418816" percent="100" />
    </mem>
  </mem-info>
</gc-start>
<allocation-stats totalBytes="5916888" >
  <allocated-bytes non-tlh="561672" tlh="5355216" />
  <largest-consumer threadName="Thread-8" threadId="00000000013ECB00" bytes="1142432" />
</allocation-stats>
<gc-op id="50" type="mark" timems="2.002" contextid="47" timestamp="2019-08-03T02:42:53.792">
  <trace-info objectcount="41530" scancount="33296" scanbytes="1950320" />
  <finalization candidates="28" enqueued="3" />
  <references type="soft" candidates="164" cleared="0" enqueued="0" dynamicThreshold="24" maxThreshold="32" />
  <references type="weak" candidates="274" cleared="21" enqueued="21" />
  <references type="phantom" candidates="113" cleared="2" enqueued="2" />
  <stringconstants candidates="3820" cleared="0"  />
</gc-op>
<gc-op id="51" type="classunload" timems="0.227" contextid="47" timestamp="2019-08-03T02:42:53.792">
  <classunload-info classloadercandidates="19" classloadersunloaded="0" classesunloaded="4" anonymousclassesunloaded="4" quiescems="0.000" setupms="0.223" scanms="0.004" postms="0.000" />
</gc-op>
<gc-op id="52" type="sweep" timems="0.161" contextid="47" timestamp="2019-08-03T02:42:53.792" />
<mem-info id="53" free="4474560" total="8388608" percent="53">
  <mem type="tenure" free="4474560" total="8388608" percent="53" micro-fragmented="184121" macro-fragmented="0">
    <mem type="soa" free="4055744" total="7969792" percent="50" />
    <mem type="loa" free="418816" total="418816" percent="100" />
  </mem>
  <pending-finalizers system="3" default="0" reference="23" classloader="0" />
</mem-info>
<gc-op id="54" type="compact" timems="9.565" contextid="47" timestamp="2019-08-03T02:42:53.802">
  <compact-info movecount="40849" movebytes="3651976" reason="no compaction" />
</gc-op>
<gc-end id="55" type="global" contextid="47" durationms="12.671" usertimems="8.000" systemtimems="8.000" timestamp="2019-08-03T02:42:53.802" activeThreads="1">
  <mem-info id="56" free="4717896" total="8388608" percent="56">
    <mem type="tenure" free="4717896" total="8388608" percent="56">
      <mem type="soa" free="4299080" total="7969792" percent="53" />
      <mem type="loa" free="418816" total="418816" percent="100" />
    </mem>
    <pending-finalizers system="3" default="0" reference="23" classloader="0" />
  </mem-info>
</gc-end>
<cycle-end id="57" type="global" contextid="47" timestamp="2019-08-03T02:42:53.802" />
  <attribute name="elasticGC enabled" value="1" />
  <attribute name= "numThreadsSpecified" value="1" />
  <attribute name="heapSize specified" value="8388608" />
  <attribute name= "numCores" value="8" />
  <attribute name ="GC Interval" value="0" />
  <attribute name ="Control flow" value="1" />
  <attribute name="GC Util Range Max" value="107" />
  <attribute name="Current GC Util" value="25" />
  <attribute name= "Current Time Running" value="342" />
<allocation-satisfied id="58" threadId="00000000013E5300" bytesRequested="88" />
<af-end id="59" timestamp="2019-08-03T02:42:53.802" threadId="00000000013E5C88" success="true" />
<exclusive-end id="60" timestamp="2019-08-03T02:42:53.802" durationms="13.266" />

<exclusive-start id="61" timestamp="2019-08-03T02:42:53.924" intervalms="134.689">
  <response-info timems="0.104" idlems="0.030" threads="3" lastid="00000000013F0700" lastname="Thread-9" />
</exclusive-start>
<af-start id="62" threadId="00000000013E5C88" totalBytesRequested="48" timestamp="2019-08-03T02:42:53.924" intervalms="134.682" />
<cycle-start id="63" type="global" contextid="0" timestamp="2019-08-03T02:42:53.924" intervalms="134.674" />
<gc-start id="64" type="global" contextid="63" timestamp="2019-08-03T02:42:53.924">
  <mem-info id="65" free="418816" total="8388608" percent="4">
    <mem type="tenure" free="418816" total="8388608" percent="4">
      <mem type="soa" free="0" total="7969792" percent="0" />
      <mem type="loa" free="418816" total="418816" percent="100" />
    </mem>
  </mem-info>
</gc-start>
<allocation-stats totalBytes="4245904" >
  <allocated-bytes non-tlh="15776" tlh="4230128" />
  <largest-consumer threadName="Thread-3" threadId="00000000013DA000" bytes="1099920" />
</allocation-stats>
<gc-op id="66" type="mark" timems="3.650" contextid="63" timestamp="2019-08-03T02:42:53.928">
  <trace-info objectcount="45126" scancount="36350" scanbytes="2099624" />
  <finalization candidates="25" enqueued="0" />
  <references type="soft" candidates="168" cleared="0" enqueued="0" dynamicThreshold="17" maxThreshold="32" />
  <references type="weak" candidates="287" cleared="8" enqueued="7" />
  <references type="phantom" candidates="102" cleared="0" enqueued="0" />
  <stringconstants candidates="3961" cleared="0"  />
</gc-op>
<gc-op id="67" type="sweep" timems="1.256" contextid="63" timestamp="2019-08-03T02:42:53.929" />
<gc-end id="68" type="global" contextid="63" durationms="7.213" usertimems="8.000" systemtimems="0.000" timestamp="2019-08-03T02:42:53.931" activeThreads="2">
  <mem-info id="69" free="3858184" total="8388608" percent="45">
    <mem type="tenure" free="3858184" total="8388608" percent="45" micro-fragmented="57496" macro-fragmented="0">
      <mem type="soa" free="3439368" total="7969792" percent="43" />
      <mem type="loa" free="418816" total="418816" percent="100" />
    </mem>
    <pending-finalizers system="0" default="0" reference="7" classloader="0" />
  </mem-info>
</gc-end>
<cycle-end id="70" type="global" contextid="63" timestamp="2019-08-03T02:42:53.932" />
  <attribute name="elasticGC enabled" value="1" />
  <attribute name= "numThreadsSpecified" value="2" />
  <attribute name="heapSize specified" value="8388608" />
  <attribute name= "numCores" value="8" />
  <attribute name ="GC Interval" value="0" />
  <attribute name ="Control flow" value="3" />
  <attribute name="GC Util Range Max" value="107" />
  <attribute name="Current GC Util" value="43" />
  <attribute name= "Current Time Running" value="470" />
<allocation-satisfied id="71" threadId="00000000013E5300" bytesRequested="48" />
<af-end id="72" timestamp="2019-08-03T02:42:53.932" threadId="00000000013E5C88" success="true" />
<exclusive-end id="73" timestamp="2019-08-03T02:42:53.932" durationms="7.994" />

<exclusive-start id="74" timestamp="2019-08-03T02:42:53.974" intervalms="50.590">
  <response-info timems="0.034" idlems="0.034" threads="0" lastid="00000000013ECB00" lastname="Thread-8" />
</exclusive-start>
<af-start id="75" threadId="00000000013ED488" totalBytesRequested="48" timestamp="2019-08-03T02:42:53.975" intervalms="50.740" />
<cycle-start id="76" type="global" contextid="0" timestamp="2019-08-03T02:42:53.975" intervalms="50.747" />
<gc-start id="77" type="global" contextid="76" timestamp="2019-08-03T02:42:53.975">
  <mem-info id="78" free="418816" total="8388608" percent="4">
    <mem type="tenure" free="418816" total="8388608" percent="4">
      <mem type="soa" free="0" total="7969792" percent="0" />
      <mem type="loa" free="418816" total="418816" percent="100" />
    </mem>
  </mem-info>
</gc-start>
<allocation-stats totalBytes="3348208" >
  <allocated-bytes non-tlh="1629184" tlh="1719024" />
  <largest-consumer threadName="Thread-9" threadId="00000000013F0700" bytes="1182424" />
</allocation-stats>
<gc-op id="79" type="mark" timems="7.741" contextid="76" timestamp="2019-08-03T02:42:53.983">
  <trace-info objectcount="44464" scancount="35889" scanbytes="2091180" />
  <finalization candidates="25" enqueued="0" />
  <references type="soft" candidates="168" cleared="0" enqueued="0" dynamicThreshold="14" maxThreshold="32" />
  <references type="weak" candidates="279" cleared="0" enqueued="0" />
  <references type="phantom" candidates="103" cleared="0" enqueued="0" />
  <stringconstants candidates="3963" cleared="0"  />
</gc-op>
<gc-op id="80" type="sweep" timems="3.163" contextid="76" timestamp="2019-08-03T02:42:53.986" />
<gc-end id="81" type="global" contextid="76" durationms="13.004" usertimems="20.000" systemtimems="0.000" timestamp="2019-08-03T02:42:53.988" activeThreads="8">
  <mem-info id="82" free="3764256" total="8388608" percent="44">
    <mem type="tenure" free="3764256" total="8388608" percent="44" micro-fragmented="126098" macro-fragmented="0">
      <mem type="soa" free="3345440" total="7969792" percent="41" />
      <mem type="loa" free="418816" total="418816" percent="100" />
    </mem>
  </mem-info>
</gc-end>
<cycle-end id="83" type="global" contextid="76" timestamp="2019-08-03T02:42:53.988" />
  <attribute name="elasticGC enabled" value="1" />
  <attribute name= "numThreadsSpecified" value="2" />
  <attribute name="heapSize specified" value="8388608" />
  <attribute name= "numCores" value="8" />
  <attribute name ="GC Interval" value="0" />
  <attribute name ="Control flow" value="3" />
  <attribute name="GC Util Range Max" value="107" />
  <attribute name="Current GC Util" value="87" />
  <attribute name= "Current Time Running" value="527" />
<allocation-satisfied id="84" threadId="00000000013ECB00" bytesRequested="48" />
<af-end id="85" timestamp="2019-08-03T02:42:53.988" threadId="00000000013ED488" success="true" />
<exclusive-end id="86" timestamp="2019-08-03T02:42:53.988" durationms="13.996" />

<exclusive-start id="87" timestamp="2019-08-03T02:42:54.058" intervalms="83.026">
  <response-info timems="0.111" idlems="0.111" threads="0" lastid="00000000013E1800" lastname="Thread-5" />
</exclusive-start>
<af-start id="88" threadId="00000000013E2188" totalBytesRequested="16392" timestamp="2019-08-03T02:42:54.058" intervalms="82.858" />
<cycle-start id="89" type="global" contextid="0" timestamp="2019-08-03T02:42:54.058" intervalms="82.840" />
<gc-start id="90" type="global" contextid="89" timestamp="2019-08-03T02:42:54.058">
  <mem-info id="91" free="418816" total="8388608" percent="4">
    <mem type="tenure" free="418816" total="8388608" percent="4">
      <mem type="soa" free="0" total="7969792" percent="0" />
      <mem type="loa" free="418816" total="418816" percent="100" />
    </mem>
  </mem-info>
</gc-start>
<allocation-stats totalBytes="3284520" >
  <allocated-bytes non-tlh="974312" tlh="2310208" />
  <largest-consumer threadName="Thread-9" threadId="00000000013F0700" bytes="657296" />
</allocation-stats>
<gc-op id="92" type="mark" timems="2.580" contextid="89" timestamp="2019-08-03T02:42:54.060">
  <trace-info objectcount="43776" scancount="35366" scanbytes="2027872" />
  <finalization candidates="25" enqueued="0" />
  <references type="soft" candidates="168" cleared="0" enqueued="0" dynamicThreshold="14" maxThreshold="32" />
  <references type="weak" candidates="280" cleared="0" enqueued="0" />
  <references type="phantom" candidates="103" cleared="0" enqueued="0" />
  <stringconstants candidates="3963" cleared="0"  />
</gc-op>
<gc-op id="93" type="sweep" timems="0.722" contextid="89" timestamp="2019-08-03T02:42:54.061" />
<gc-end id="94" type="global" contextid="89" durationms="4.324" usertimems="8.000" systemtimems="0.000" timestamp="2019-08-03T02:42:54.062" activeThreads="8">
  <mem-info id="95" free="3786232" total="8388608" percent="45">
    <mem type="tenure" free="3786232" total="8388608" percent="45" micro-fragmented="107794" macro-fragmented="0">
      <mem type="soa" free="3367416" total="7969792" percent="42" />
      <mem type="loa" free="418816" total="418816" percent="100" />
    </mem>
  </mem-info>
</gc-end>
<cycle-end id="96" type="global" contextid="89" timestamp="2019-08-03T02:42:54.062" />
  <attribute name="elasticGC enabled" value="1" />
  <attribute name= "numThreadsSpecified" value="2" />
  <attribute name="heapSize specified" value="8388608" />
  <attribute name= "numCores" value="8" />
  <attribute name ="GC Interval" value="0" />
  <attribute name ="Control flow" value="3" />
  <attribute name="GC Util Range Max" value="107" />
  <attribute name="Current GC Util" value="128" />
  <attribute name= "Current Time Running" value="602" />
<allocation-satisfied id="97" threadId="00000000013E1800" bytesRequested="16392" />
<af-end id="98" timestamp="2019-08-03T02:42:54.062" threadId="00000000013E2188" success="true" />
<exclusive-end id="99" timestamp="2019-08-03T02:42:54.062" durationms="4.737" />

<exclusive-start id="100" timestamp="2019-08-03T02:42:54.105" intervalms="47.243">
  <response-info timems="0.044" idlems="0.044" threads="0" lastid="00000000013DA000" lastname="Thread-3" />
</exclusive-start>
<af-start id="101" threadId="00000000013DA988" totalBytesRequested="16392" timestamp="2019-08-03T02:42:54.105" intervalms="47.358" />
<cycle-start id="102" type="global" contextid="0" timestamp="2019-08-03T02:42:54.105" intervalms="47.385" />
<gc-start id="103" type="global" contextid="102" timestamp="2019-08-03T02:42:54.105">
  <mem-info id="104" free="463160" total="8388608" percent="5">
    <mem type="tenure" free="463160" total="8388608" percent="5">
      <mem type="soa" free="44344" total="7969792" percent="0" />
      <mem type="loa" free="418816" total="418816" percent="100" />
    </mem>
  </mem-info>
</gc-start>
<allocation-stats totalBytes="3242000" >
  <allocated-bytes non-tlh="1494432" tlh="1747568" />
  <largest-consumer threadName="Thread-8" threadId="00000000013ECB00" bytes="818704" />
</allocation-stats>
<gc-op id="105" type="mark" timems="1.631" contextid="102" timestamp="2019-08-03T02:42:54.107">
  <trace-info objectcount="43380" scancount="34962" scanbytes="2013308" />
  <finalization candidates="25" enqueued="0" />
  <references type="soft" candidates="168" cleared="0" enqueued="0" dynamicThreshold="14" maxThreshold="32" />
  <references type="weak" candidates="279" cleared="0" enqueued="0" />
  <references type="phantom" candidates="102" cleared="0" enqueued="0" />
  <stringconstants candidates="3963" cleared="0"  />
</gc-op>
<gc-op id="106" type="sweep" timems="0.316" contextid="102" timestamp="2019-08-03T02:42:54.107" />
<mem-info id="107" free="3916136" total="8388608" percent="46">
  <mem type="tenure" free="3916136" total="8388608" percent="46" micro-fragmented="180739" macro-fragmented="0">
    <mem type="soa" free="3497320" total="7969792" percent="43" />
    <mem type="loa" free="418816" total="418816" percent="100" />
  </mem>
</mem-info>
<gc-op id="108" type="compact" timems="7.668" contextid="102" timestamp="2019-08-03T02:42:54.115">
  <compact-info movecount="28762" movebytes="3589960" reason="no compaction" />
</gc-op>
<gc-end id="109" type="global" contextid="102" durationms="10.311" usertimems="16.000" systemtimems="0.000" timestamp="2019-08-03T02:42:54.115" activeThreads="2">
  <mem-info id="110" free="4124488" total="8388608" percent="49">
    <mem type="tenure" free="4124488" total="8388608" percent="49">
      <mem type="soa" free="3705672" total="7969792" percent="46" />
      <mem type="loa" free="418816" total="418816" percent="100" />
    </mem>
  </mem-info>
</gc-end>
<cycle-end id="111" type="global" contextid="102" timestamp="2019-08-03T02:42:54.116" />
  <attribute name="elasticGC enabled" value="1" />
  <attribute name= "numThreadsSpecified" value="2" />
  <attribute name="heapSize specified" value="8388608" />
  <attribute name= "numCores" value="8" />
  <attribute name ="GC Interval" value="0" />
  <attribute name ="Control flow" value="3" />
  <attribute name="GC Util Range Max" value="107" />
  <attribute name="Current GC Util" value="23" />
  <attribute name= "Current Time Running" value="656" />
<allocation-satisfied id="112" threadId="00000000013DA000" bytesRequested="16392" />
<af-end id="113" timestamp="2019-08-03T02:42:54.116" threadId="00000000013DA988" success="true" />
<exclusive-end id="114" timestamp="2019-08-03T02:42:54.116" durationms="11.188" />

<exclusive-start id="115" timestamp="2019-08-03T02:42:54.161" intervalms="56.203">
  <response-info timems="0.063" idlems="0.063" threads="0" lastid="00000000013DDC00" lastname="Thread-4" />
</exclusive-start>
<af-start id="116" threadId="00000000013DE588" totalBytesRequested="16392" timestamp="2019-08-03T02:42:54.161" intervalms="56.180" />
<cycle-start id="117" type="global" contextid="0" timestamp="2019-08-03T02:42:54.161" intervalms="56.169" />
<gc-start id="118" type="global" contextid="117" timestamp="2019-08-03T02:42:54.161">
  <mem-info id="119" free="418816" total="8388608" percent="4">
    <mem type="tenure" free="418816" total="8388608" percent="4">
      <mem type="soa" free="0" total="7969792" percent="0" />
      <mem type="loa" free="418816" total="418816" percent="100" />
    </mem>
  </mem-info>
</gc-start>
<allocation-stats totalBytes="3663848" >
  <allocated-bytes non-tlh="16392" tlh="3647456" />
  <largest-consumer threadName="Thread-4" threadId="00000000013DDC00" bytes="1058216" />
</allocation-stats>
<gc-op id="120" type="mark" timems="1.638" contextid="117" timestamp="2019-08-03T02:42:54.163">
  <trace-info objectcount="43229" scancount="35001" scanbytes="2009296" />
  <finalization candidates="25" enqueued="0" />
  <references type="soft" candidates="168" cleared="0" enqueued="0" dynamicThreshold="15" maxThreshold="32" />
  <references type="weak" candidates="279" cleared="0" enqueued="0" />
  <references type="phantom" candidates="102" cleared="0" enqueued="0" />
  <stringconstants candidates="3963" cleared="0"  />
</gc-op>
<gc-op id="121" type="sweep" timems="0.142" contextid="117" timestamp="2019-08-03T02:42:54.163" />
<gc-end id="122" type="global" contextid="117" durationms="2.631" usertimems="4.000" systemtimems="4.000" timestamp="2019-08-03T02:42:54.164" activeThreads="8">
  <mem-info id="123" free="4057184" total="8388608" percent="48">
    <mem type="tenure" free="4057184" total="8388608" percent="48" micro-fragmented="770" macro-fragmented="0">
      <mem type="soa" free="3638368" total="7969792" percent="45" />
      <mem type="loa" free="418816" total="418816" percent="100" />
    </mem>
  </mem-info>
</gc-end>
<cycle-end id="124" type="global" contextid="117" timestamp="2019-08-03T02:42:54.164" />
  <attribute name="elasticGC enabled" value="1" />
  <attribute name= "numThreadsSpecified" value="1" />
  <attribute name="heapSize specified" value="8388608" />
  <attribute name= "numCores" value="8" />
  <attribute name ="GC Interval" value="0" />
  <attribute name ="Control flow" value="3" />
  <attribute name="GC Util Range Max" value="107" />
  <attribute name="Current GC Util" value="0" />
  <attribute name= "Current Time Running" value="704" />
<allocation-satisfied id="125" threadId="00000000013DDC00" bytesRequested="16392" />
<af-end id="126" timestamp="2019-08-03T02:42:54.164" threadId="00000000013DE588" success="true" />
<exclusive-end id="127" timestamp="2019-08-03T02:42:54.164" durationms="3.343" />

<exclusive-start id="128" timestamp="2019-08-03T02:42:54.221" intervalms="60.006">
  <response-info timems="0.068" idlems="0.068" threads="0" lastid="00000000013F0700" lastname="Thread-9" />
</exclusive-start>
<af-start id="129" threadId="00000000013F1088" totalBytesRequested="16" timestamp="2019-08-03T02:42:54.221" intervalms="60.002" />
<cycle-start id="130" type="global" contextid="0" timestamp="2019-08-03T02:42:54.221" intervalms="59.998" />
<gc-start id="131" type="global" contextid="130" timestamp="2019-08-03T02:42:54.221">
  <mem-info id="132" free="418816" total="8388608" percent="4">
    <mem type="tenure" free="418816" total="8388608" percent="4">
      <mem type="soa" free="0" total="7969792" percent="0" />
      <mem type="loa" free="418816" total="418816" percent="100" />
    </mem>
  </mem-info>
</gc-start>
<allocation-stats totalBytes="3552272" >
  <allocated-bytes non-tlh="733552" tlh="2818720" />
  <largest-consumer threadName="Thread-4" threadId="00000000013DDC00" bytes="691320" />
</allocation-stats>
<gc-op id="133" type="mark" timems="3.583" contextid="130" timestamp="2019-08-03T02:42:54.225">
  <trace-info objectcount="43117" scancount="34901" scanbytes="2001404" />
  <finalization candidates="25" enqueued="0" />
  <references type="soft" candidates="168" cleared="0" enqueued="0" dynamicThreshold="15" maxThreshold="32" />
  <references type="weak" candidates="279" cleared="0" enqueued="0" />
  <references type="phantom" candidates="103" cleared="0" enqueued="0" />
  <stringconstants candidates="3963" cleared="0"  />
</gc-op>
<gc-op id="134" type="sweep" timems="0.532" contextid="130" timestamp="2019-08-03T02:42:54.226" />
<gc-end id="135" type="global" contextid="130" durationms="5.993" usertimems="8.000" systemtimems="4.000" timestamp="2019-08-03T02:42:54.227" activeThreads="2">
  <mem-info id="136" free="4064144" total="8388608" percent="48">
    <mem type="tenure" free="4064144" total="8388608" percent="48" micro-fragmented="51782" macro-fragmented="0">
      <mem type="soa" free="3645328" total="7969792" percent="45" />
      <mem type="loa" free="418816" total="418816" percent="100" />
    </mem>
  </mem-info>
</gc-end>
<cycle-end id="137" type="global" contextid="130" timestamp="2019-08-03T02:42:54.227" />
  <attribute name="elasticGC enabled" value="1" />
  <attribute name= "numThreadsSpecified" value="2" />
  <attribute name="heapSize specified" value="8388608" />
  <attribute name= "numCores" value="8" />
  <attribute name ="GC Interval" value="0" />
  <attribute name ="Control flow" value="2" />
  <attribute name="GC Util Range Max" value="107" />
  <attribute name="Current GC Util" value="0" />
  <attribute name= "Current Time Running" value="766" />
<allocation-satisfied id="138" threadId="00000000013F0700" bytesRequested="16" />
<af-end id="139" timestamp="2019-08-03T02:42:54.228" threadId="00000000013F1088" success="true" />
<exclusive-end id="140" timestamp="2019-08-03T02:42:54.228" durationms="6.851" />

<exclusive-start id="141" timestamp="2019-08-03T02:42:54.273" intervalms="51.692">
  <response-info timems="0.034" idlems="0.034" threads="0" lastid="00000000013F4300" lastname="Thread-10" />
</exclusive-start>
<af-start id="142" threadId="00000000013F4C88" totalBytesRequested="2056" timestamp="2019-08-03T02:42:54.273" intervalms="51.709" />
<cycle-start id="143" type="global" contextid="0" timestamp="2019-08-03T02:42:54.273" intervalms="51.687" />
<gc-start id="144" type="global" contextid="143" timestamp="2019-08-03T02:42:54.273">
  <mem-info id="145" free="418816" total="8388608" percent="4">
    <mem type="tenure" free="418816" total="8388608" percent="4">
      <mem type="soa" free="0" total="7969792" percent="0" />
      <mem type="loa" free="418816" total="418816" percent="100" />
    </mem>
  </mem-info>
</gc-start>
<allocation-stats totalBytes="3537856" >
  <allocated-bytes non-tlh="830056" tlh="2707800" />
  <largest-consumer threadName="Thread-10" threadId="00000000013F4300" bytes="739400" />
</allocation-stats>
<gc-op id="146" type="mark" timems="1.343" contextid="143" timestamp="2019-08-03T02:42:54.274">
  <trace-info objectcount="43186" scancount="34948" scanbytes="2075828" />
  <finalization candidates="25" enqueued="0" />
  <references type="soft" candidates="168" cleared="0" enqueued="0" dynamicThreshold="15" maxThreshold="32" />
  <references type="weak" candidates="279" cleared="0" enqueued="0" />
  <references type="phantom" candidates="105" cleared="0" enqueued="0" />
  <stringconstants candidates="3963" cleared="0"  />
</gc-op>
<gc-op id="147" type="sweep" timems="0.150" contextid="143" timestamp="2019-08-03T02:42:54.275" />
<mem-info id="148" free="3979704" total="8388608" percent="47">
  <mem type="tenure" free="3979704" total="8388608" percent="47" micro-fragmented="99137" macro-fragmented="0">
    <mem type="soa" free="3560888" total="7969792" percent="44" />
    <mem type="loa" free="418816" total="418816" percent="100" />
  </mem>
</mem-info>
<gc-op id="149" type="compact" timems="5.231" contextid="143" timestamp="2019-08-03T02:42:54.280">
  <compact-info movecount="13783" movebytes="2354832" reason="no compaction" />
</gc-op>
<gc-end id="150" type="global" contextid="143" durationms="7.304" usertimems="12.000" systemtimems="0.000" timestamp="2019-08-03T02:42:54.280" activeThreads="8">
  <mem-info id="151" free="4012576" total="8388608" percent="47">
    <mem type="tenure" free="4012576" total="8388608" percent="47">
      <mem type="soa" free="3593760" total="7969792" percent="45" />
      <mem type="loa" free="418816" total="418816" percent="100" />
    </mem>
  </mem-info>
</gc-end>
<cycle-end id="152" type="global" contextid="143" timestamp="2019-08-03T02:42:54.280" />
  <attribute name="elasticGC enabled" value="1" />
  <attribute name= "numThreadsSpecified" value="1" />
  <attribute name="heapSize specified" value="8388608" />
  <attribute name= "numCores" value="8" />
  <attribute name ="GC Interval" value="0" />
  <attribute name ="Control flow" value="2" />
  <attribute name="GC Util Range Max" value="107" />
  <attribute name="Current GC Util" value="23" />
  <attribute name= "Current Time Running" value="820" />
<allocation-satisfied id="153" threadId="00000000013F4300" bytesRequested="2056" />
<af-end id="154" timestamp="2019-08-03T02:42:54.281" threadId="00000000013F4C88" success="true" />
<exclusive-end id="155" timestamp="2019-08-03T02:42:54.281" durationms="8.134" />

<exclusive-start id="156" timestamp="2019-08-03T02:42:54.318" intervalms="44.993">
  <response-info timems="0.040" idlems="0.040" threads="0" lastid="00000000013DDC00" lastname="Thread-4" />
</exclusive-start>
<af-start id="157" threadId="00000000013DE588" totalBytesRequested="16392" timestamp="2019-08-03T02:42:54.318" intervalms="44.952" />
<cycle-start id="158" type="global" contextid="0" timestamp="2019-08-03T02:42:54.318" intervalms="44.979" />
<gc-start id="159" type="global" contextid="158" timestamp="2019-08-03T02:42:54.318">
  <mem-info id="160" free="418816" total="8388608" percent="4">
    <mem type="tenure" free="418816" total="8388608" percent="4">
      <mem type="soa" free="0" total="7969792" percent="0" />
      <mem type="loa" free="418816" total="418816" percent="100" />
    </mem>
  </mem-info>
</gc-start>
<allocation-stats totalBytes="3573304" >
  <allocated-bytes non-tlh="0" tlh="3573304" />
  <largest-consumer threadName="Thread-6" threadId="00000000013E5300" bytes="888072" />
</allocation-stats>
<gc-op id="161" type="mark" timems="1.635" contextid="158" timestamp="2019-08-03T02:42:54.320">
  <trace-info objectcount="43124" scancount="34904" scanbytes="2005468" />
  <finalization candidates="25" enqueued="0" />
  <references type="soft" candidates="168" cleared="0" enqueued="0" dynamicThreshold="15" maxThreshold="32" />
  <references type="weak" candidates="279" cleared="0" enqueued="0" />
  <references type="phantom" candidates="103" cleared="0" enqueued="0" />
  <stringconstants candidates="3963" cleared="0"  />
</gc-op>
<gc-op id="162" type="sweep" timems="0.142" contextid="158" timestamp="2019-08-03T02:42:54.320" />
<mem-info id="163" free="4092024" total="8388608" percent="48">
  <mem type="tenure" free="4092024" total="8388608" percent="48" micro-fragmented="42218" macro-fragmented="0">
    <mem type="soa" free="3673208" total="7969792" percent="46" />
    <mem type="loa" free="418816" total="418816" percent="100" />
  </mem>
</mem-info>
<gc-op id="164" type="compact" timems="5.213" contextid="158" timestamp="2019-08-03T02:42:54.325">
  <compact-info movecount="13721" movebytes="2293672" reason="no compaction" />
</gc-op>
<gc-end id="165" type="global" contextid="158" durationms="7.721" usertimems="12.000" systemtimems="0.000" timestamp="2019-08-03T02:42:54.326" activeThreads="8">
  <mem-info id="166" free="4122880" total="8388608" percent="49">
    <mem type="tenure" free="4122880" total="8388608" percent="49">
      <mem type="soa" free="3704064" total="7969792" percent="46" />
      <mem type="loa" free="418816" total="418816" percent="100" />
    </mem>
  </mem-info>
</gc-end>
<cycle-end id="167" type="global" contextid="158" timestamp="2019-08-03T02:42:54.326" />
  <attribute name="elasticGC enabled" value="1" />
  <attribute name= "numThreadsSpecified" value="1" />
  <attribute name="heapSize specified" value="8388608" />
  <attribute name= "numCores" value="8" />
  <attribute name ="GC Interval" value="0" />
  <attribute name ="Control flow" value="3" />
  <attribute name="GC Util Range Max" value="107" />
  <attribute name="Current GC Util" value="27" />
  <attribute name= "Current Time Running" value="866" />
<allocation-satisfied id="168" threadId="00000000013DDC00" bytesRequested="16392" />
<af-end id="169" timestamp="2019-08-03T02:42:54.326" threadId="00000000013DE588" success="true" />
<exclusive-end id="170" timestamp="2019-08-03T02:42:54.326" durationms="8.330" />

<exclusive-start id="171" timestamp="2019-08-03T02:42:54.396" intervalms="78.209">
  <response-info timems="0.071" idlems="0.071" threads="0" lastid="00000000013E5300" lastname="Thread-6" />
</exclusive-start>
<af-start id="172" threadId="00000000013E5C88" totalBytesRequested="48" timestamp="2019-08-03T02:42:54.396" intervalms="78.155" />
<cycle-start id="173" type="global" contextid="0" timestamp="2019-08-03T02:42:54.396" intervalms="78.155" />
<gc-start id="174" type="global" contextid="173" timestamp="2019-08-03T02:42:54.396">
  <mem-info id="175" free="418816" total="8388608" percent="4">
    <mem type="tenure" free="418816" total="8388608" percent="4">
      <mem type="soa" free="0" total="7969792" percent="0" />
      <mem type="loa" free="418816" total="418816" percent="100" />
    </mem>
  </mem-info>
</gc-start>
<allocation-stats totalBytes="3647552" >
  <allocated-bytes non-tlh="81944" tlh="3565608" />
  <largest-consumer threadName="Thread-6" threadId="00000000013E5300" bytes="638280" />
</allocation-stats>
<gc-op id="176" type="mark" timems="1.603" contextid="173" timestamp="2019-08-03T02:42:54.398">
  <trace-info objectcount="44131" scancount="35697" scanbytes="2097388" />
  <finalization candidates="25" enqueued="0" />
  <references type="soft" candidates="168" cleared="0" enqueued="0" dynamicThreshold="15" maxThreshold="32" />
  <references type="weak" candidates="279" cleared="0" enqueued="0" />
  <references type="phantom" candidates="102" cleared="0" enqueued="0" />
  <stringconstants candidates="3963" cleared="0"  />
</gc-op>
<gc-op id="177" type="sweep" timems="0.218" contextid="173" timestamp="2019-08-03T02:42:54.398" />
<mem-info id="178" free="3780144" total="8388608" percent="45">
  <mem type="tenure" free="3780144" total="8388608" percent="45" micro-fragmented="5378" macro-fragmented="0">
    <mem type="soa" free="3361328" total="7969792" percent="42" />
    <mem type="loa" free="418816" total="418816" percent="100" />
  </mem>
</mem-info>
<gc-op id="179" type="compact" timems="5.637" contextid="173" timestamp="2019-08-03T02:42:54.404">
  <compact-info movecount="14728" movebytes="2610032" reason="no compaction" />
</gc-op>
<gc-end id="180" type="global" contextid="173" durationms="7.953" usertimems="16.000" systemtimems="0.000" timestamp="2019-08-03T02:42:54.404" activeThreads="1">
  <mem-info id="181" free="3765568" total="8388608" percent="44">
    <mem type="tenure" free="3765568" total="8388608" percent="44">
      <mem type="soa" free="3346752" total="7969792" percent="41" />
      <mem type="loa" free="418816" total="418816" percent="100" />
    </mem>
  </mem-info>
</gc-end>
<cycle-end id="182" type="global" contextid="173" timestamp="2019-08-03T02:42:54.404" />
  <attribute name="elasticGC enabled" value="1" />
  <attribute name= "numThreadsSpecified" value="1" />
  <attribute name="heapSize specified" value="8388608" />
  <attribute name= "numCores" value="8" />
  <attribute name ="GC Interval" value="0" />
  <attribute name ="Control flow" value="3" />
  <attribute name="GC Util Range Max" value="107" />
  <attribute name="Current GC Util" value="24" />
  <attribute name= "Current Time Running" value="944" />
<allocation-satisfied id="183" threadId="00000000013E5300" bytesRequested="48" />
<af-end id="184" timestamp="2019-08-03T02:42:54.404" threadId="00000000013E5C88" success="true" />
<exclusive-end id="185" timestamp="2019-08-03T02:42:54.404" durationms="8.583" />

<exclusive-start id="186" timestamp="2019-08-03T02:42:54.449" intervalms="52.688">
  <response-info timems="0.052" idlems="0.052" threads="0" lastid="00000000013ECB00" lastname="Thread-8" />
</exclusive-start>
<af-start id="187" threadId="00000000013ED488" totalBytesRequested="48" timestamp="2019-08-03T02:42:54.449" intervalms="52.820" />
<cycle-start id="188" type="global" contextid="0" timestamp="2019-08-03T02:42:54.449" intervalms="52.793" />
<gc-start id="189" type="global" contextid="188" timestamp="2019-08-03T02:42:54.449">
  <mem-info id="190" free="418816" total="8388608" percent="4">
    <mem type="tenure" free="418816" total="8388608" percent="4">
      <mem type="soa" free="0" total="7969792" percent="0" />
      <mem type="loa" free="418816" total="418816" percent="100" />
    </mem>
  </mem-info>
</gc-start>
<allocation-stats totalBytes="3333328" >
  <allocated-bytes non-tlh="32776" tlh="3300552" />
  <largest-consumer threadName="Thread-6" threadId="00000000013E5300" bytes="1183848" />
</allocation-stats>
<gc-op id="191" type="mark" timems="3.744" contextid="188" timestamp="2019-08-03T02:42:54.453">
  <trace-info objectcount="43441" scancount="35051" scanbytes="2007092" />
  <finalization candidates="25" enqueued="0" />
  <references type="soft" candidates="168" cleared="0" enqueued="0" dynamicThreshold="14" maxThreshold="32" />
  <references type="weak" candidates="279" cleared="0" enqueued="0" />
  <references type="phantom" candidates="102" cleared="0" enqueued="0" />
  <stringconstants candidates="3963" cleared="0"  />
</gc-op>
<gc-op id="192" type="sweep" timems="1.544" contextid="188" timestamp="2019-08-03T02:42:54.454" />
<gc-end id="193" type="global" contextid="188" durationms="7.192" usertimems="12.000" systemtimems="0.000" timestamp="2019-08-03T02:42:54.456" activeThreads="1">
  <mem-info id="194" free="4062680" total="8388608" percent="48">
    <mem type="tenure" free="4062680" total="8388608" percent="48" micro-fragmented="3610" macro-fragmented="0">
      <mem type="soa" free="3643864" total="7969792" percent="45" />
      <mem type="loa" free="418816" total="418816" percent="100" />
    </mem>
  </mem-info>
</gc-end>
<cycle-end id="195" type="global" contextid="188" timestamp="2019-08-03T02:42:54.456" />
  <attribute name="elasticGC enabled" value="1" />
  <attribute name= "numThreadsSpecified" value="1" />
  <attribute name="heapSize specified" value="8388608" />
  <attribute name= "numCores" value="8" />
  <attribute name ="GC Interval" value="0" />
  <attribute name ="Control flow" value="3" />
  <attribute name="GC Util Range Max" value="107" />
  <attribute name="Current GC Util" value="105" />
  <attribute name= "Current Time Running" value="995" />
<allocation-satisfied id="196" threadId="00000000013ECB00" bytesRequested="48" />
<af-end id="197" timestamp="2019-08-03T02:42:54.456" threadId="00000000013ED488" success="true" />
<exclusive-end id="198" timestamp="2019-08-03T02:42:54.457" durationms="8.062" />

<exclusive-start id="199" timestamp="2019-08-03T02:42:54.504" intervalms="55.697">
  <response-info timems="0.140" idlems="0.140" threads="0" lastid="00000000013E8F00" lastname="Thread-7" />
</exclusive-start>
<af-start id="200" threadId="00000000013E9888" totalBytesRequested="48" timestamp="2019-08-03T02:42:54.504" intervalms="55.563" />
<cycle-start id="201" type="global" contextid="0" timestamp="2019-08-03T02:42:54.504" intervalms="55.580" />
<gc-start id="202" type="global" contextid="201" timestamp="2019-08-03T02:42:54.504">
  <mem-info id="203" free="418816" total="8388608" percent="4">
    <mem type="tenure" free="418816" total="8388608" percent="4">
      <mem type="soa" free="0" total="7969792" percent="0" />
      <mem type="loa" free="418816" total="418816" percent="100" />
    </mem>
  </mem-info>
</gc-start>
<allocation-stats totalBytes="3606168" >
  <allocated-bytes non-tlh="640328" tlh="2965840" />
  <largest-consumer threadName="Thread-8" threadId="00000000013ECB00" bytes="920408" />
</allocation-stats>
<gc-op id="204" type="mark" timems="3.243" contextid="201" timestamp="2019-08-03T02:42:54.508">
  <trace-info objectcount="43899" scancount="35501" scanbytes="2092276" />
  <finalization candidates="25" enqueued="0" />
  <references type="soft" candidates="168" cleared="0" enqueued="0" dynamicThreshold="15" maxThreshold="32" />
  <references type="weak" candidates="279" cleared="0" enqueued="0" />
  <references type="phantom" candidates="103" cleared="0" enqueued="0" />
  <stringconstants candidates="3963" cleared="0"  />
</gc-op>
<gc-op id="205" type="sweep" timems="1.268" contextid="201" timestamp="2019-08-03T02:42:54.509" />
<gc-end id="206" type="global" contextid="201" durationms="5.744" usertimems="12.000" systemtimems="0.000" timestamp="2019-08-03T02:42:54.510" activeThreads="8">
  <mem-info id="207" free="3791656" total="8388608" percent="45">
    <mem type="tenure" free="3791656" total="8388608" percent="45" micro-fragmented="14876" macro-fragmented="0">
      <mem type="soa" free="3372840" total="7969792" percent="42" />
      <mem type="loa" free="418816" total="418816" percent="100" />
    </mem>
  </mem-info>
</gc-end>
<cycle-end id="208" type="global" contextid="201" timestamp="2019-08-03T02:42:54.510" />
  <attribute name="elasticGC enabled" value="1" />
  <attribute name= "numThreadsSpecified" value="1" />
  <attribute name="heapSize specified" value="8388608" />
  <attribute name= "numCores" value="8" />
  <attribute name ="GC Interval" value="0" />
  <attribute name ="Control flow" value="1" />
  <attribute name="GC Util Range Max" value="107" />
  <attribute name="Current GC Util" value="162" />
  <attribute name= "Current Time Running" value="1050" />
<allocation-satisfied id="209" threadId="00000000013E8F00" bytesRequested="48" />
<af-end id="210" timestamp="2019-08-03T02:42:54.510" threadId="00000000013E9888" success="true" />
<exclusive-end id="211" timestamp="2019-08-03T02:42:54.510" durationms="6.199" />

<exclusive-start id="212" timestamp="2019-08-03T02:42:54.576" intervalms="71.281">
  <response-info timems="0.042" idlems="0.042" threads="0" lastid="00000000013DDC00" lastname="Thread-4" />
</exclusive-start>
<af-start id="213" threadId="00000000013DE588" totalBytesRequested="48" timestamp="2019-08-03T02:42:54.576" intervalms="71.377" />
<cycle-start id="214" type="global" contextid="0" timestamp="2019-08-03T02:42:54.576" intervalms="71.389" />
<gc-start id="215" type="global" contextid="214" timestamp="2019-08-03T02:42:54.576">
  <mem-info id="216" free="418816" total="8388608" percent="4">
    <mem type="tenure" free="418816" total="8388608" percent="4">
      <mem type="soa" free="0" total="7969792" percent="0" />
      <mem type="loa" free="418816" total="418816" percent="100" />
    </mem>
  </mem-info>
</gc-start>
<allocation-stats totalBytes="3376776" >
  <allocated-bytes non-tlh="599416" tlh="2777360" />
  <largest-consumer threadName="Thread-6" threadId="00000000013E5300" bytes="586144" />
</allocation-stats>
<heap-resize id="217" type="loa contract" space="tenure" amount="83968" count="1" timems="0.000" reason="contract underutilized loa" timestamp="2019-08-03T02:42:54.576" />
<gc-op id="218" type="mark" timems="1.574" contextid="214" timestamp="2019-08-03T02:42:54.578">
  <trace-info objectcount="43685" scancount="35307" scanbytes="2087396" />
  <finalization candidates="25" enqueued="0" />
  <references type="soft" candidates="168" cleared="75" enqueued="73" dynamicThreshold="14" maxThreshold="32" />
  <references type="weak" candidates="279" cleared="0" enqueued="0" />
  <references type="phantom" candidates="102" cleared="0" enqueued="0" />
  <stringconstants candidates="3963" cleared="0"  />
</gc-op>
<gc-op id="219" type="sweep" timems="0.214" contextid="214" timestamp="2019-08-03T02:42:54.578" />
<mem-info id="220" free="3853344" total="8388608" percent="45">
  <mem type="tenure" free="3853344" total="8388608" percent="45" micro-fragmented="96698" macro-fragmented="0">
    <mem type="soa" free="3518496" total="8053760" percent="43" />
    <mem type="loa" free="334848" total="334848" percent="100" />
  </mem>
  <pending-finalizers system="0" default="0" reference="73" classloader="0" />
</mem-info>
<gc-op id="221" type="compact" timems="9.958" contextid="214" timestamp="2019-08-03T02:42:54.588">
  <compact-info movecount="37717" movebytes="4160848" reason="no compaction" />
</gc-op>
<gc-end id="222" type="global" contextid="214" durationms="12.404" usertimems="16.000" systemtimems="0.000" timestamp="2019-08-03T02:42:54.588" activeThreads="8">
  <mem-info id="223" free="3875200" total="8388608" percent="46">
    <mem type="tenure" free="3875200" total="8388608" percent="46">
      <mem type="soa" free="3540352" total="8053760" percent="43" />
      <mem type="loa" free="334848" total="334848" percent="100" />
    </mem>
    <pending-finalizers system="0" default="0" reference="73" classloader="0" />
  </mem-info>
</gc-end>
<cycle-end id="224" type="global" contextid="214" timestamp="2019-08-03T02:42:54.588" />
  <attribute name="elasticGC enabled" value="1" />
  <attribute name= "numThreadsSpecified" value="2" />
  <attribute name="heapSize specified" value="8388608" />
  <attribute name= "numCores" value="8" />
  <attribute name ="GC Interval" value="0" />
  <attribute name ="Control flow" value="2" />
  <attribute name="GC Util Range Max" value="107" />
  <attribute name="Current GC Util" value="23" />
  <attribute name= "Current Time Running" value="1129" />
<allocation-satisfied id="225" threadId="00000000013DDC00" bytesRequested="48" />
<af-end id="226" timestamp="2019-08-03T02:42:54.589" threadId="00000000013DE588" success="true" />
<exclusive-end id="227" timestamp="2019-08-03T02:42:54.589" durationms="13.149" />

<exclusive-start id="228" timestamp="2019-08-03T02:42:54.623" intervalms="47.623">
  <response-info timems="0.034" idlems="0.034" threads="0" lastid="00000000013E5300" lastname="Thread-6" />
</exclusive-start>
<af-start id="229" threadId="00000000013E5C88" totalBytesRequested="8200" timestamp="2019-08-03T02:42:54.623" intervalms="47.603" />
<cycle-start id="230" type="global" contextid="0" timestamp="2019-08-03T02:42:54.623" intervalms="47.595" />
<gc-start id="231" type="global" contextid="230" timestamp="2019-08-03T02:42:54.623">
  <mem-info id="232" free="334848" total="8388608" percent="3">
    <mem type="tenure" free="334848" total="8388608" percent="3">
      <mem type="soa" free="0" total="8053760" percent="0" />
      <mem type="loa" free="334848" total="334848" percent="100" />
    </mem>
  </mem-info>
</gc-start>
<allocation-stats totalBytes="3494920" >
  <allocated-bytes non-tlh="0" tlh="3494920" />
  <largest-consumer threadName="Thread-5" threadId="00000000013E1800" bytes="883208" />
</allocation-stats>
<heap-resize id="233" type="loa contract" space="tenure" amount="83968" count="1" timems="0.000" reason="contract underutilized loa" timestamp="2019-08-03T02:42:54.624" />
<gc-op id="234" type="mark" timems="1.283" contextid="230" timestamp="2019-08-03T02:42:54.625">
  <trace-info objectcount="43142" scancount="34807" scanbytes="2071100" />
  <finalization candidates="25" enqueued="0" />
  <references type="soft" candidates="93" cleared="1" enqueued="0" dynamicThreshold="14" maxThreshold="32" />
  <references type="weak" candidates="280" cleared="0" enqueued="0" />
  <references type="phantom" candidates="104" cleared="0" enqueued="0" />
  <stringconstants candidates="3963" cleared="18"  />
</gc-op>
<gc-op id="235" type="sweep" timems="0.134" contextid="230" timestamp="2019-08-03T02:42:54.625" />
<gc-end id="236" type="global" contextid="230" durationms="2.136" usertimems="4.000" systemtimems="0.000" timestamp="2019-08-03T02:42:54.626" activeThreads="8">
  <mem-info id="237" free="3900768" total="8388608" percent="46">
    <mem type="tenure" free="3900768" total="8388608" percent="46" micro-fragmented="73939" macro-fragmented="0">
      <mem type="soa" free="3649888" total="8137728" percent="44" />
      <mem type="loa" free="250880" total="250880" percent="100" />
    </mem>
  </mem-info>
</gc-end>
<cycle-end id="238" type="global" contextid="230" timestamp="2019-08-03T02:42:54.626" />
  <attribute name="elasticGC enabled" value="1" />
  <attribute name= "numThreadsSpecified" value="1" />
  <attribute name="heapSize specified" value="8388608" />
  <attribute name= "numCores" value="8" />
  <attribute name ="GC Interval" value="0" />
  <attribute name ="Control flow" value="3" />
  <attribute name="GC Util Range Max" value="107" />
  <attribute name="Current GC Util" value="0" />
  <attribute name= "Current Time Running" value="1166" />
<allocation-satisfied id="239" threadId="00000000013E5300" bytesRequested="8200" />
<af-end id="240" timestamp="2019-08-03T02:42:54.626" threadId="00000000013E5C88" success="true" />
<exclusive-end id="241" timestamp="2019-08-03T02:42:54.626" durationms="2.709" />

<exclusive-start id="242" timestamp="2019-08-03T02:42:54.680" intervalms="56.411">
  <response-info timems="0.056" idlems="0.056" threads="0" lastid="00000000013DA000" lastname="Thread-3" />
</exclusive-start>
<af-start id="243" threadId="00000000013DA988" totalBytesRequested="24" timestamp="2019-08-03T02:42:54.680" intervalms="56.382" />
<cycle-start id="244" type="global" contextid="0" timestamp="2019-08-03T02:42:54.680" intervalms="56.402" />
<gc-start id="245" type="global" contextid="244" timestamp="2019-08-03T02:42:54.680">
  <mem-info id="246" free="250880" total="8388608" percent="2">
    <mem type="tenure" free="250880" total="8388608" percent="2">
      <mem type="soa" free="0" total="8137728" percent="0" />
      <mem type="loa" free="250880" total="250880" percent="100" />
    </mem>
  </mem-info>
</gc-start>
<allocation-stats totalBytes="3596224" >
  <allocated-bytes non-tlh="723304" tlh="2872920" />
  <largest-consumer threadName="Thread-6" threadId="00000000013E5300" bytes="942080" />
</allocation-stats>
<heap-resize id="247" type="loa contract" space="tenure" amount="83968" count="1" timems="0.000" reason="contract underutilized loa" timestamp="2019-08-03T02:42:54.680" />
<gc-op id="248" type="mark" timems="1.281" contextid="244" timestamp="2019-08-03T02:42:54.681">
  <trace-info objectcount="41848" scancount="33915" scanbytes="2043144" />
  <finalization candidates="25" enqueued="0" />
  <references type="soft" candidates="92" cleared="21" enqueued="20" dynamicThreshold="14" maxThreshold="32" />
  <references type="weak" candidates="279" cleared="0" enqueued="0" />
  <references type="phantom" candidates="102" cleared="0" enqueued="0" />
  <stringconstants candidates="3945" cleared="0"  />
</gc-op>
<gc-op id="249" type="sweep" timems="0.226" contextid="244" timestamp="2019-08-03T02:42:54.682" />
<gc-end id="250" type="global" contextid="244" durationms="2.224" usertimems="4.000" systemtimems="0.000" timestamp="2019-08-03T02:42:54.682" activeThreads="8">
  <mem-info id="251" free="3897120" total="8388608" percent="46">
    <mem type="tenure" free="3897120" total="8388608" percent="46" micro-fragmented="76435" macro-fragmented="0">
      <mem type="soa" free="3730208" total="8221696" percent="45" />
      <mem type="loa" free="166912" total="166912" percent="100" />
    </mem>
    <pending-finalizers system="0" default="0" reference="20" classloader="0" />
  </mem-info>
</gc-end>
<cycle-end id="252" type="global" contextid="244" timestamp="2019-08-03T02:42:54.682" />
  <attribute name="elasticGC enabled" value="1" />
  <attribute name= "numThreadsSpecified" value="1" />
  <attribute name="heapSize specified" value="8388608" />
  <attribute name= "numCores" value="8" />
  <attribute name ="GC Interval" value="0" />
  <attribute name ="Control flow" value="2" />
  <attribute name="GC Util Range Max" value="107" />
  <attribute name="Current GC Util" value="32" />
  <attribute name= "Current Time Running" value="1222" />
<allocation-satisfied id="253" threadId="00000000013DA000" bytesRequested="24" />
<af-end id="254" timestamp="2019-08-03T02:42:54.682" threadId="00000000013DA988" success="true" />
<exclusive-end id="255" timestamp="2019-08-03T02:42:54.682" durationms="2.903" />

<exclusive-start id="256" timestamp="2019-08-03T02:42:54.736" intervalms="56.837">
  <response-info timems="0.034" idlems="0.034" threads="0" lastid="00000000013ECB00" lastname="Thread-8" />
</exclusive-start>
<af-start id="257" threadId="00000000013ED488" totalBytesRequested="48" timestamp="2019-08-03T02:42:54.737" intervalms="56.879" />
<cycle-start id="258" type="global" contextid="0" timestamp="2019-08-03T02:42:54.737" intervalms="56.857" />
<gc-start id="259" type="global" contextid="258" timestamp="2019-08-03T02:42:54.737">
  <mem-info id="260" free="166912" total="8388608" percent="1">
    <mem type="tenure" free="166912" total="8388608" percent="1">
      <mem type="soa" free="0" total="8221696" percent="0" />
      <mem type="loa" free="166912" total="166912" percent="100" />
    </mem>
  </mem-info>
</gc-start>
<allocation-stats totalBytes="3704168" >
  <allocated-bytes non-tlh="735616" tlh="2968552" />
  <largest-consumer threadName="Thread-4" threadId="00000000013DDC00" bytes="986488" />
</allocation-stats>
<heap-resize id="261" type="loa contract" space="tenure" amount="83968" count="1" timems="0.000" reason="contract underutilized loa" timestamp="2019-08-03T02:42:54.737" />
<gc-op id="262" type="mark" timems="4.947" contextid="258" timestamp="2019-08-03T02:42:54.742">
  <trace-info objectcount="41501" scancount="33645" scanbytes="2040820" />
  <finalization candidates="25" enqueued="0" />
  <references type="soft" candidates="71" cleared="6" enqueued="3" dynamicThreshold="14" maxThreshold="32" />
  <references type="weak" candidates="279" cleared="0" enqueued="0" />
  <references type="phantom" candidates="103" cleared="0" enqueued="0" />
  <stringconstants candidates="3945" cleared="1"  />
</gc-op>
<gc-op id="263" type="sweep" timems="2.723" contextid="258" timestamp="2019-08-03T02:42:54.745" />
<gc-end id="264" type="global" contextid="258" durationms="9.646" usertimems="12.000" systemtimems="4.000" timestamp="2019-08-03T02:42:54.746" activeThreads="8">
  <mem-info id="265" free="3830728" total="8388608" percent="45">
    <mem type="tenure" free="3830728" total="8388608" percent="45" micro-fragmented="70055" macro-fragmented="0">
      <mem type="soa" free="3747784" total="8305664" percent="45" />
      <mem type="loa" free="82944" total="82944" percent="100" />
    </mem>
    <pending-finalizers system="0" default="0" reference="3" classloader="0" />
  </mem-info>
</gc-end>
<cycle-end id="266" type="global" contextid="258" timestamp="2019-08-03T02:42:54.747" />
  <attribute name="elasticGC enabled" value="1" />
  <attribute name= "numThreadsSpecified" value="1" />
  <attribute name="heapSize specified" value="8388608" />
  <attribute name= "numCores" value="8" />
  <attribute name ="GC Interval" value="0" />
  <attribute name ="Control flow" value="2" />
  <attribute name="GC Util Range Max" value="107" />
  <attribute name="Current GC Util" value="100" />
  <attribute name= "Current Time Running" value="1285" />
<allocation-satisfied id="267" threadId="00000000013ECB00" bytesRequested="48" />
<af-end id="268" timestamp="2019-08-03T02:42:54.747" threadId="00000000013ED488" success="true" />
<exclusive-end id="269" timestamp="2019-08-03T02:42:54.747" durationms="10.456" />

<exclusive-start id="270" timestamp="2019-08-03T02:42:54.791" intervalms="54.150">
  <response-info timems="0.042" idlems="0.042" threads="0" lastid="00000000013E5300" lastname="Thread-6" />
</exclusive-start>
<af-start id="271" threadId="00000000013E5C88" totalBytesRequested="16" timestamp="2019-08-03T02:42:54.791" intervalms="54.184" />
<cycle-start id="272" type="global" contextid="0" timestamp="2019-08-03T02:42:54.791" intervalms="54.208" />
<gc-start id="273" type="global" contextid="272" timestamp="2019-08-03T02:42:54.791">
  <mem-info id="274" free="82944" total="8388608" percent="0">
    <mem type="tenure" free="82944" total="8388608" percent="0">
      <mem type="soa" free="0" total="8305664" percent="0" />
      <mem type="loa" free="82944" total="82944" percent="100" />
    </mem>
  </mem-info>
</gc-start>
<allocation-stats totalBytes="3676888" >
  <allocated-bytes non-tlh="1148456" tlh="2528432" />
  <largest-consumer threadName="Thread-9" threadId="00000000013F0700" bytes="873968" />
</allocation-stats>
<gc-op id="275" type="mark" timems="1.421" contextid="272" timestamp="2019-08-03T02:42:54.792">
  <trace-info objectcount="40644" scancount="32937" scanbytes="1949652" />
  <finalization candidates="25" enqueued="0" />
  <references type="soft" candidates="65" cleared="0" enqueued="0" dynamicThreshold="14" maxThreshold="32" />
  <references type="weak" candidates="280" cleared="0" enqueued="0" />
  <references type="phantom" candidates="104" cleared="0" enqueued="0" />
  <stringconstants candidates="3944" cleared="0"  />
</gc-op>
<gc-op id="276" type="sweep" timems="0.293" contextid="272" timestamp="2019-08-03T02:42:54.793" />
<gc-end id="277" type="global" contextid="272" durationms="2.384" usertimems="0.000" systemtimems="4.000" timestamp="2019-08-03T02:42:54.793" activeThreads="8">
  <mem-info id="278" free="4057376" total="8388608" percent="48">
    <mem type="tenure" free="4057376" total="8388608" percent="48" micro-fragmented="86509" macro-fragmented="0">
      <mem type="soa" free="3974432" total="8305664" percent="47" />
      <mem type="loa" free="82944" total="82944" percent="100" />
    </mem>
  </mem-info>
</gc-end>
<cycle-end id="279" type="global" contextid="272" timestamp="2019-08-03T02:42:54.793" />
  <attribute name="elasticGC enabled" value="1" />
  <attribute name= "numThreadsSpecified" value="1" />
  <attribute name="heapSize specified" value="8388608" />
  <attribute name= "numCores" value="8" />
  <attribute name ="GC Interval" value="0" />
  <attribute name ="Control flow" value="2" />
  <attribute name="GC Util Range Max" value="107" />
  <attribute name="Current GC Util" value="30" />
  <attribute name= "Current Time Running" value="1333" />
<allocation-satisfied id="280" threadId="00000000013E5300" bytesRequested="16" />
<af-end id="281" timestamp="2019-08-03T02:42:54.794" threadId="00000000013E5C88" success="true" />
<exclusive-end id="282" timestamp="2019-08-03T02:42:54.794" durationms="3.130" />

<exclusive-start id="283" timestamp="2019-08-03T02:42:54.853" intervalms="62.211">
  <response-info timems="0.035" idlems="0.035" threads="0" lastid="00000000013F4300" lastname="Thread-10" />
</exclusive-start>
<af-start id="284" threadId="00000000013F4C88" totalBytesRequested="48" timestamp="2019-08-03T02:42:54.853" intervalms="62.200" />
<cycle-start id="285" type="global" contextid="0" timestamp="2019-08-03T02:42:54.853" intervalms="62.179" />
<gc-start id="286" type="global" contextid="285" timestamp="2019-08-03T02:42:54.853">
  <mem-info id="287" free="82944" total="8388608" percent="0">
    <mem type="tenure" free="82944" total="8388608" percent="0">
      <mem type="soa" free="0" total="8305664" percent="0" />
      <mem type="loa" free="82944" total="82944" percent="100" />
    </mem>
  </mem-info>
</gc-start>
<allocation-stats totalBytes="3887376" >
  <allocated-bytes non-tlh="921176" tlh="2966200" />
  <largest-consumer threadName="Thread-3" threadId="00000000013DA000" bytes="728168" />
</allocation-stats>
<gc-op id="288" type="mark" timems="1.328" contextid="285" timestamp="2019-08-03T02:42:54.855">
  <trace-info objectcount="41393" scancount="33599" scanbytes="2039580" />
  <finalization candidates="25" enqueued="0" />
  <references type="soft" candidates="65" cleared="0" enqueued="0" dynamicThreshold="15" maxThreshold="32" />
  <references type="weak" candidates="279" cleared="0" enqueued="0" />
  <references type="phantom" candidates="103" cleared="0" enqueued="0" />
  <stringconstants candidates="3944" cleared="0"  />
</gc-op>
<gc-op id="289" type="sweep" timems="0.224" contextid="285" timestamp="2019-08-03T02:42:54.855" />
<gc-end id="290" type="global" contextid="285" durationms="2.686" usertimems="4.000" systemtimems="0.000" timestamp="2019-08-03T02:42:54.856" activeThreads="1">
  <mem-info id="291" free="3882656" total="8388608" percent="46">
    <mem type="tenure" free="3882656" total="8388608" percent="46" micro-fragmented="66925" macro-fragmented="0">
      <mem type="soa" free="3799712" total="8305664" percent="45" />
      <mem type="loa" free="82944" total="82944" percent="100" />
    </mem>
  </mem-info>
</gc-end>
<cycle-end id="292" type="global" contextid="285" timestamp="2019-08-03T02:42:54.856" />
  <attribute name="elasticGC enabled" value="1" />
  <attribute name= "numThreadsSpecified" value="1" />
  <attribute name="heapSize specified" value="8388608" />
  <attribute name= "numCores" value="8" />
  <attribute name ="GC Interval" value="0" />
  <attribute name ="Control flow" value="1" />
  <attribute name="GC Util Range Max" value="107" />
  <attribute name="Current GC Util" value="33" />
  <attribute name= "Current Time Running" value="1395" />
<allocation-satisfied id="293" threadId="00000000013F4300" bytesRequested="48" />
<af-end id="294" timestamp="2019-08-03T02:42:54.856" threadId="00000000013F4C88" success="true" />
<exclusive-end id="295" timestamp="2019-08-03T02:42:54.856" durationms="3.438" />

<exclusive-start id="296" timestamp="2019-08-03T02:42:54.908" intervalms="55.475">
  <response-info timems="0.043" idlems="0.043" threads="0" lastid="00000000013F0700" lastname="Thread-9" />
</exclusive-start>
<af-start id="297" threadId="00000000013F1088" totalBytesRequested="16" timestamp="2019-08-03T02:42:54.908" intervalms="55.463" />
<cycle-start id="298" type="global" contextid="0" timestamp="2019-08-03T02:42:54.908" intervalms="55.458" />
<gc-start id="299" type="global" contextid="298" timestamp="2019-08-03T02:42:54.909">
  <mem-info id="300" free="82944" total="8388608" percent="0">
    <mem type="tenure" free="82944" total="8388608" percent="0">
      <mem type="soa" free="0" total="8305664" percent="0" />
      <mem type="loa" free="82944" total="82944" percent="100" />
    </mem>
  </mem-info>
</gc-start>
<allocation-stats totalBytes="3753784" >
  <allocated-bytes non-tlh="1071624" tlh="2682160" />
  <largest-consumer threadName="Thread-9" threadId="00000000013F0700" bytes="895448" />
</allocation-stats>
<gc-op id="301" type="mark" timems="4.321" contextid="298" timestamp="2019-08-03T02:42:54.913">
  <trace-info objectcount="40170" scancount="32505" scanbytes="1866024" />
  <finalization candidates="25" enqueued="0" />
  <references type="soft" candidates="65" cleared="0" enqueued="0" dynamicThreshold="14" maxThreshold="32" />
  <references type="weak" candidates="280" cleared="0" enqueued="0" />
  <references type="phantom" candidates="103" cleared="0" enqueued="0" />
  <stringconstants candidates="3944" cleared="0"  />
</gc-op>
<gc-op id="302" type="sweep" timems="1.272" contextid="298" timestamp="2019-08-03T02:42:54.914" />
<gc-end id="303" type="global" contextid="298" durationms="7.195" usertimems="4.000" systemtimems="4.000" timestamp="2019-08-03T02:42:54.916" activeThreads="8">
  <mem-info id="304" free="4293224" total="8388608" percent="51">
    <mem type="tenure" free="4293224" total="8388608" percent="51" micro-fragmented="93600" macro-fragmented="0">
      <mem type="soa" free="4210280" total="8305664" percent="50" />
      <mem type="loa" free="82944" total="82944" percent="100" />
    </mem>
  </mem-info>
</gc-end>
<cycle-end id="305" type="global" contextid="298" timestamp="2019-08-03T02:42:54.916" />
  <attribute name="elasticGC enabled" value="1" />
  <attribute name= "numThreadsSpecified" value="2" />
  <attribute name="heapSize specified" value="8388608" />
  <attribute name= "numCores" value="8" />
  <attribute name ="GC Interval" value="0" />
  <attribute name ="Control flow" value="1" />
  <attribute name="GC Util Range Max" value="107" />
  <attribute name="Current GC Util" value="41" />
  <attribute name= "Current Time Running" value="1455" />
<allocation-satisfied id="306" threadId="00000000013F0700" bytesRequested="16" />
<af-end id="307" timestamp="2019-08-03T02:42:54.916" threadId="00000000013F1088" success="true" />
<exclusive-end id="308" timestamp="2019-08-03T02:42:54.916" durationms="8.132" />

<exclusive-start id="309" timestamp="2019-08-03T02:42:54.977" intervalms="68.872">
  <response-info timems="0.044" idlems="0.044" threads="0" lastid="00000000013DDC00" lastname="Thread-4" />
</exclusive-start>
<af-start id="310" threadId="00000000013DE588" totalBytesRequested="16392" timestamp="2019-08-03T02:42:54.977" intervalms="68.910" />
<cycle-start id="311" type="global" contextid="0" timestamp="2019-08-03T02:42:54.977" intervalms="68.926" />
<gc-start id="312" type="global" contextid="311" timestamp="2019-08-03T02:42:54.977">
  <mem-info id="313" free="159136" total="8388608" percent="1">
    <mem type="tenure" free="159136" total="8388608" percent="1">
      <mem type="soa" free="76192" total="8305664" percent="0" />
      <mem type="loa" free="82944" total="82944" percent="100" />
    </mem>
  </mem-info>
</gc-start>
<allocation-stats totalBytes="4069752" >
  <allocated-bytes non-tlh="904400" tlh="3165352" />
  <largest-consumer threadName="Thread-3" threadId="00000000013DA000" bytes="934280" />
</allocation-stats>
<gc-op id="314" type="mark" timems="1.876" contextid="311" timestamp="2019-08-03T02:42:54.979">
  <trace-info objectcount="40478" scancount="32759" scanbytes="1922928" />
  <finalization candidates="25" enqueued="0" />
  <references type="soft" candidates="65" cleared="0" enqueued="0" dynamicThreshold="16" maxThreshold="32" />
  <references type="weak" candidates="279" cleared="0" enqueued="0" />
  <references type="phantom" candidates="102" cleared="0" enqueued="0" />
  <stringconstants candidates="3944" cleared="0"  />
</gc-op>
<gc-op id="315" type="sweep" timems="0.545" contextid="311" timestamp="2019-08-03T02:42:54.980" />
<mem-info id="316" free="4111792" total="8388608" percent="49">
  <mem type="tenure" free="4111792" total="8388608" percent="49" micro-fragmented="100180" macro-fragmented="0">
    <mem type="soa" free="4028848" total="8305664" percent="48" />
    <mem type="loa" free="82944" total="82944" percent="100" />
  </mem>
</mem-info>
<gc-op id="317" type="compact" timems="12.944" contextid="311" timestamp="2019-08-03T02:42:54.993">
  <compact-info movecount="34489" movebytes="3888288" reason="no compaction" />
</gc-op>
<gc-end id="318" type="global" contextid="311" durationms="16.124" usertimems="24.000" systemtimems="0.000" timestamp="2019-08-03T02:42:54.994" activeThreads="2">
  <mem-info id="319" free="4196344" total="8388608" percent="50">
    <mem type="tenure" free="4196344" total="8388608" percent="50">
      <mem type="soa" free="4113400" total="8305664" percent="49" />
      <mem type="loa" free="82944" total="82944" percent="100" />
    </mem>
  </mem-info>
</gc-end>
<cycle-end id="320" type="global" contextid="311" timestamp="2019-08-03T02:42:54.994" />
  <attribute name="elasticGC enabled" value="1" />
  <attribute name= "numThreadsSpecified" value="2" />
  <attribute name="heapSize specified" value="8388608" />
  <attribute name= "numCores" value="8" />
  <attribute name ="GC Interval" value="0" />
  <attribute name ="Control flow" value="2" />
  <attribute name="GC Util Range Max" value="107" />
  <attribute name="Current GC Util" value="68" />
  <attribute name= "Current Time Running" value="1534" />
<allocation-satisfied id="321" threadId="00000000013DDC00" bytesRequested="16392" />
<af-end id="322" timestamp="2019-08-03T02:42:54.994" threadId="00000000013DE588" success="true" />
<exclusive-end id="323" timestamp="2019-08-03T02:42:54.994" durationms="16.707" />

<exclusive-start id="324" timestamp="2019-08-03T02:42:55.052" intervalms="74.891">
  <response-info timems="0.039" idlems="0.039" threads="0" lastid="00000000013F0700" lastname="Thread-9" />
</exclusive-start>
<af-start id="325" threadId="00000000013F1088" totalBytesRequested="32776" timestamp="2019-08-03T02:42:55.052" intervalms="74.847" />
<cycle-start id="326" type="global" contextid="0" timestamp="2019-08-03T02:42:55.052" intervalms="74.833" />
<gc-start id="327" type="global" contextid="326" timestamp="2019-08-03T02:42:55.052">
  <mem-info id="328" free="82944" total="8388608" percent="0">
    <mem type="tenure" free="82944" total="8388608" percent="0">
      <mem type="soa" free="0" total="8305664" percent="0" />
      <mem type="loa" free="82944" total="82944" percent="100" />
    </mem>
  </mem-info>
</gc-start>
<allocation-stats totalBytes="4075136" >
  <allocated-bytes non-tlh="16392" tlh="4058744" />
  <largest-consumer threadName="Thread-8" threadId="00000000013ECB00" bytes="990376" />
</allocation-stats>
<gc-op id="329" type="mark" timems="4.407" contextid="326" timestamp="2019-08-03T02:42:55.057">
  <trace-info objectcount="41071" scancount="33222" scanbytes="1992568" />
  <finalization candidates="25" enqueued="0" />
  <references type="soft" candidates="65" cleared="0" enqueued="0" dynamicThreshold="16" maxThreshold="32" />
  <references type="weak" candidates="279" cleared="0" enqueued="0" />
  <references type="phantom" candidates="102" cleared="0" enqueued="0" />
  <stringconstants candidates="3944" cleared="0"  />
</gc-op>
<gc-op id="330" type="sweep" timems="0.512" contextid="326" timestamp="2019-08-03T02:42:55.057" />
<gc-end id="331" type="global" contextid="326" durationms="6.410" usertimems="8.000" systemtimems="0.000" timestamp="2019-08-03T02:42:55.059" activeThreads="8">
  <mem-info id="332" free="3987128" total="8388608" percent="47">
    <mem type="tenure" free="3987128" total="8388608" percent="47" micro-fragmented="9022" macro-fragmented="0">
      <mem type="soa" free="3904184" total="8305664" percent="47" />
      <mem type="loa" free="82944" total="82944" percent="100" />
    </mem>
  </mem-info>
</gc-end>
<cycle-end id="333" type="global" contextid="326" timestamp="2019-08-03T02:42:55.059" />
  <attribute name="elasticGC enabled" value="1" />
  <attribute name= "numThreadsSpecified" value="1" />
  <attribute name="heapSize specified" value="8388608" />
  <attribute name= "numCores" value="8" />
  <attribute name ="GC Interval" value="0" />
  <attribute name ="Control flow" value="3" />
  <attribute name="GC Util Range Max" value="107" />
  <attribute name="Current GC Util" value="0" />
  <attribute name= "Current Time Running" value="1598" />
<allocation-satisfied id="334" threadId="00000000013F0700" bytesRequested="32776" />
<af-end id="335" timestamp="2019-08-03T02:42:55.059" threadId="00000000013F1088" success="true" />
<exclusive-end id="336" timestamp="2019-08-03T02:42:55.059" durationms="7.223" />

<exclusive-start id="337" timestamp="2019-08-03T02:42:55.106" intervalms="53.961">
  <response-info timems="0.106" idlems="0.106" threads="0" lastid="00000000013E8F00" lastname="Thread-7" />
</exclusive-start>
<af-start id="338" threadId="00000000013E9888" totalBytesRequested="16392" timestamp="2019-08-03T02:42:55.106" intervalms="53.880" />
<cycle-start id="339" type="global" contextid="0" timestamp="2019-08-03T02:42:55.106" intervalms="53.871" />
<gc-start id="340" type="global" contextid="339" timestamp="2019-08-03T02:42:55.106">
  <mem-info id="341" free="82944" total="8388608" percent="0">
    <mem type="tenure" free="82944" total="8388608" percent="0">
      <mem type="soa" free="0" total="8305664" percent="0" />
      <mem type="loa" free="82944" total="82944" percent="100" />
    </mem>
  </mem-info>
</gc-start>
<allocation-stats totalBytes="3803808" >
  <allocated-bytes non-tlh="831960" tlh="2971848" />
  <largest-consumer threadName="Thread-9" threadId="00000000013F0700" bytes="1057128" />
</allocation-stats>
<gc-op id="342" type="mark" timems="3.578" contextid="339" timestamp="2019-08-03T02:42:55.110">
  <trace-info objectcount="41233" scancount="33432" scanbytes="2038708" />
  <finalization candidates="25" enqueued="0" />
  <references type="soft" candidates="65" cleared="0" enqueued="0" dynamicThreshold="15" maxThreshold="32" />
  <references type="weak" candidates="280" cleared="0" enqueued="0" />
  <references type="phantom" candidates="103" cleared="0" enqueued="0" />
  <stringconstants candidates="3944" cleared="0"  />
</gc-op>
<gc-op id="343" type="sweep" timems="0.668" contextid="339" timestamp="2019-08-03T02:42:55.111" />
<gc-end id="344" type="global" contextid="339" durationms="5.484" usertimems="16.000" systemtimems="0.000" timestamp="2019-08-03T02:42:55.112" activeThreads="2">
  <mem-info id="345" free="3958256" total="8388608" percent="47">
    <mem type="tenure" free="3958256" total="8388608" percent="47" micro-fragmented="56820" macro-fragmented="0">
      <mem type="soa" free="3875312" total="8305664" percent="46" />
      <mem type="loa" free="82944" total="82944" percent="100" />
    </mem>
  </mem-info>
</gc-end>
<cycle-end id="346" type="global" contextid="339" timestamp="2019-08-03T02:42:55.112" />
  <attribute name="elasticGC enabled" value="1" />
  <attribute name= "numThreadsSpecified" value="2" />
  <attribute name="heapSize specified" value="8388608" />
  <attribute name= "numCores" value="8" />
  <attribute name ="GC Interval" value="0" />
  <attribute name ="Control flow" value="2" />
  <attribute name="GC Util Range Max" value="107" />
  <attribute name="Current GC Util" value="0" />
  <attribute name= "Current Time Running" value="1651" />
<allocation-satisfied id="347" threadId="00000000013E8F00" bytesRequested="16392" />
<af-end id="348" timestamp="2019-08-03T02:42:55.112" threadId="00000000013E9888" success="true" />
<exclusive-end id="349" timestamp="2019-08-03T02:42:55.112" durationms="6.177" />

<exclusive-start id="350" timestamp="2019-08-03T02:42:55.172" intervalms="65.824">
  <response-info timems="0.042" idlems="0.042" threads="0" lastid="00000000013DDC00" lastname="Thread-4" />
</exclusive-start>
<af-start id="351" threadId="00000000013DE588" totalBytesRequested="16" timestamp="2019-08-03T02:42:55.172" intervalms="65.868" />
<cycle-start id="352" type="global" contextid="0" timestamp="2019-08-03T02:42:55.172" intervalms="65.880" />
<gc-start id="353" type="global" contextid="352" timestamp="2019-08-03T02:42:55.172">
  <mem-info id="354" free="82944" total="8388608" percent="0">
    <mem type="tenure" free="82944" total="8388608" percent="0">
      <mem type="soa" free="0" total="8305664" percent="0" />
      <mem type="loa" free="82944" total="82944" percent="100" />
    </mem>
  </mem-info>
</gc-start>
<allocation-stats totalBytes="3855624" >
  <allocated-bytes non-tlh="741760" tlh="3113864" />
  <largest-consumer threadName="Thread-10" threadId="00000000013F4300" bytes="627800" />
</allocation-stats>
<gc-op id="355" type="mark" timems="1.267" contextid="352" timestamp="2019-08-03T02:42:55.173">
  <trace-info objectcount="41516" scancount="33673" scanbytes="2043224" />
  <finalization candidates="25" enqueued="0" />
  <references type="soft" candidates="65" cleared="0" enqueued="0" dynamicThreshold="15" maxThreshold="32" />
  <references type="weak" candidates="279" cleared="0" enqueued="0" />
  <references type="phantom" candidates="102" cleared="0" enqueued="0" />
  <stringconstants candidates="3944" cleared="0"  />
</gc-op>
<gc-op id="356" type="sweep" timems="0.141" contextid="352" timestamp="2019-08-03T02:42:55.174" />
<gc-end id="357" type="global" contextid="352" durationms="2.042" usertimems="4.000" systemtimems="0.000" timestamp="2019-08-03T02:42:55.174" activeThreads="8">
  <mem-info id="358" free="3901960" total="8388608" percent="46">
    <mem type="tenure" free="3901960" total="8388608" percent="46" micro-fragmented="71604" macro-fragmented="0">
      <mem type="soa" free="3819016" total="8305664" percent="45" />
      <mem type="loa" free="82944" total="82944" percent="100" />
    </mem>
  </mem-info>
</gc-end>
<cycle-end id="359" type="global" contextid="352" timestamp="2019-08-03T02:42:55.174" />
  <attribute name="elasticGC enabled" value="1" />
  <attribute name= "numThreadsSpecified" value="1" />
  <attribute name="heapSize specified" value="8388608" />
  <attribute name= "numCores" value="8" />
  <attribute name ="GC Interval" value="0" />
  <attribute name ="Control flow" value="2" />
  <attribute name="GC Util Range Max" value="107" />
  <attribute name="Current GC Util" value="0" />
  <attribute name= "Current Time Running" value="1714" />
<allocation-satisfied id="360" threadId="00000000013DDC00" bytesRequested="16" />
<af-end id="361" timestamp="2019-08-03T02:42:55.174" threadId="00000000013DE588" success="true" />
<exclusive-end id="362" timestamp="2019-08-03T02:42:55.174" durationms="2.579" />

<exclusive-start id="363" timestamp="2019-08-03T02:42:55.215" intervalms="42.727">
  <response-info timems="0.037" idlems="0.037" threads="0" lastid="00000000013E1800" lastname="Thread-5" />
</exclusive-start>
<af-start id="364" threadId="00000000013E2188" totalBytesRequested="2056" timestamp="2019-08-03T02:42:55.215" intervalms="42.756" />
<cycle-start id="365" type="global" contextid="0" timestamp="2019-08-03T02:42:55.215" intervalms="42.774" />
<gc-start id="366" type="global" contextid="365" timestamp="2019-08-03T02:42:55.215">
  <mem-info id="367" free="82944" total="8388608" percent="0">
    <mem type="tenure" free="82944" total="8388608" percent="0">
      <mem type="soa" free="0" total="8305664" percent="0" />
      <mem type="loa" free="82944" total="82944" percent="100" />
    </mem>
  </mem-info>
</gc-start>
<allocation-stats totalBytes="3738408" >
  <allocated-bytes non-tlh="1250696" tlh="2487712" />
  <largest-consumer threadName="Thread-5" threadId="00000000013E1800" bytes="1108664" />
</allocation-stats>
<gc-op id="368" type="mark" timems="1.339" contextid="365" timestamp="2019-08-03T02:42:55.216">
  <trace-info objectcount="41183" scancount="33343" scanbytes="2032028" />
  <finalization candidates="25" enqueued="0" />
  <references type="soft" candidates="65" cleared="0" enqueued="0" dynamicThreshold="14" maxThreshold="32" />
  <references type="weak" candidates="279" cleared="0" enqueued="0" />
  <references type="phantom" candidates="103" cleared="0" enqueued="0" />
  <stringconstants candidates="3944" cleared="0"  />
</gc-op>
<gc-op id="369" type="sweep" timems="0.140" contextid="365" timestamp="2019-08-03T02:42:55.217" />
<mem-info id="370" free="3978792" total="8388608" percent="47">
  <mem type="tenure" free="3978792" total="8388608" percent="47" micro-fragmented="49747" macro-fragmented="0">
    <mem type="soa" free="3895848" total="8305664" percent="46" />
    <mem type="loa" free="82944" total="82944" percent="100" />
  </mem>
</mem-info>
<gc-op id="371" type="compact" timems="5.020" contextid="365" timestamp="2019-08-03T02:42:55.222">
  <compact-info movecount="13246" movebytes="2437056" reason="no compaction" />
</gc-op>
<gc-end id="372" type="global" contextid="365" durationms="7.083" usertimems="12.000" systemtimems="4.000" timestamp="2019-08-03T02:42:55.222" activeThreads="8">
  <mem-info id="373" free="3983816" total="8388608" percent="47">
    <mem type="tenure" free="3983816" total="8388608" percent="47">
      <mem type="soa" free="3900872" total="8305664" percent="46" />
      <mem type="loa" free="82944" total="82944" percent="100" />
    </mem>
  </mem-info>
</gc-end>
<cycle-end id="374" type="global" contextid="365" timestamp="2019-08-03T02:42:55.222" />
  <attribute name="elasticGC enabled" value="1" />
  <attribute name= "numThreadsSpecified" value="1" />
  <attribute name="heapSize specified" value="8388608" />
  <attribute name= "numCores" value="8" />
  <attribute name ="GC Interval" value="0" />
  <attribute name ="Control flow" value="2" />
  <attribute name="GC Util Range Max" value="107" />
  <attribute name="Current GC Util" value="24" />
  <attribute name= "Current Time Running" value="1762" />
<allocation-satisfied id="375" threadId="00000000013E1800" bytesRequested="2056" />
<af-end id="376" timestamp="2019-08-03T02:42:55.222" threadId="00000000013E2188" success="true" />
<exclusive-end id="377" timestamp="2019-08-03T02:42:55.222" durationms="7.942" />

<exclusive-start id="378" timestamp="2019-08-03T02:42:55.271" intervalms="56.891">
  <response-info timems="0.039" idlems="0.039" threads="0" lastid="00000000013F4300" lastname="Thread-10" />
</exclusive-start>
<af-start id="379" threadId="00000000013F4C88" totalBytesRequested="16" timestamp="2019-08-03T02:42:55.272" intervalms="56.937" />
<cycle-start id="380" type="global" contextid="0" timestamp="2019-08-03T02:42:55.272" intervalms="56.920" />
<gc-start id="381" type="global" contextid="380" timestamp="2019-08-03T02:42:55.272">
  <mem-info id="382" free="82944" total="8388608" percent="0">
    <mem type="tenure" free="82944" total="8388608" percent="0">
      <mem type="soa" free="0" total="8305664" percent="0" />
      <mem type="loa" free="82944" total="82944" percent="100" />
    </mem>
  </mem-info>
</gc-start>
<allocation-stats totalBytes="3950672" >
  <allocated-bytes non-tlh="32776" tlh="3917896" />
  <largest-consumer threadName="Thread-7" threadId="00000000013E8F00" bytes="948008" />
</allocation-stats>
<gc-op id="383" type="mark" timems="1.345" contextid="380" timestamp="2019-08-03T02:42:55.273">
  <trace-info objectcount="41458" scancount="33604" scanbytes="2040040" />
  <finalization candidates="25" enqueued="0" />
  <references type="soft" candidates="65" cleared="0" enqueued="0" dynamicThreshold="15" maxThreshold="32" />
  <references type="weak" candidates="279" cleared="0" enqueued="0" />
  <references type="phantom" candidates="103" cleared="0" enqueued="0" />
  <stringconstants candidates="3944" cleared="0"  />
</gc-op>
<gc-op id="384" type="sweep" timems="0.134" contextid="380" timestamp="2019-08-03T02:42:55.273" />
<mem-info id="385" free="3882944" total="8388608" percent="46">
  <mem type="tenure" free="3882944" total="8388608" percent="46" micro-fragmented="4120" macro-fragmented="0">
    <mem type="soa" free="3800000" total="8305664" percent="45" />
    <mem type="loa" free="82944" total="82944" percent="100" />
  </mem>
</mem-info>
<gc-op id="386" type="compact" timems="5.077" contextid="380" timestamp="2019-08-03T02:42:55.279">
  <compact-info movecount="13521" movebytes="2560264" reason="no compaction" />
</gc-op>
<gc-end id="387" type="global" contextid="380" durationms="7.125" usertimems="8.000" systemtimems="0.000" timestamp="2019-08-03T02:42:55.279" activeThreads="8">
  <mem-info id="388" free="3897472" total="8388608" percent="46">
    <mem type="tenure" free="3897472" total="8388608" percent="46">
      <mem type="soa" free="3814528" total="8305664" percent="45" />
      <mem type="loa" free="82944" total="82944" percent="100" />
    </mem>
  </mem-info>
</gc-end>
<cycle-end id="389" type="global" contextid="380" timestamp="2019-08-03T02:42:55.279" />
  <attribute name="elasticGC enabled" value="1" />
  <attribute name= "numThreadsSpecified" value="1" />
  <attribute name="heapSize specified" value="8388608" />
  <attribute name= "numCores" value="8" />
  <attribute name ="GC Interval" value="0" />
  <attribute name ="Control flow" value="2" />
  <attribute name="GC Util Range Max" value="107" />
  <attribute name="Current GC Util" value="24" />
  <attribute name= "Current Time Running" value="1819" />
<allocation-satisfied id="390" threadId="00000000013F4300" bytesRequested="16" />
<af-end id="391" timestamp="2019-08-03T02:42:55.279" threadId="00000000013F4C88" success="true" />
<exclusive-end id="392" timestamp="2019-08-03T02:42:55.279" durationms="7.960" />

<exclusive-start id="393" timestamp="2019-08-03T02:42:55.336" intervalms="64.904">
  <response-info timems="0.039" idlems="0.039" threads="0" lastid="00000000013E5300" lastname="Thread-6" />
</exclusive-start>
<af-start id="394" threadId="00000000013E5C88" totalBytesRequested="16392" timestamp="2019-08-03T02:42:55.336" intervalms="64.881" />
<cycle-start id="395" type="global" contextid="0" timestamp="2019-08-03T02:42:55.337" intervalms="64.888" />
<gc-start id="396" type="global" contextid="395" timestamp="2019-08-03T02:42:55.337">
  <mem-info id="397" free="82944" total="8388608" percent="0">
    <mem type="tenure" free="82944" total="8388608" percent="0">
      <mem type="soa" free="0" total="8305664" percent="0" />
      <mem type="loa" free="82944" total="82944" percent="100" />
    </mem>
  </mem-info>
</gc-start>
<allocation-stats totalBytes="3732696" >
  <allocated-bytes non-tlh="65552" tlh="3667144" />
  <largest-consumer threadName="Thread-9" threadId="00000000013F0700" bytes="910888" />
</allocation-stats>
<gc-op id="398" type="mark" timems="1.300" contextid="395" timestamp="2019-08-03T02:42:55.338">
  <trace-info objectcount="41063" scancount="33203" scanbytes="1975720" />
  <finalization candidates="25" enqueued="0" />
  <references type="soft" candidates="65" cleared="0" enqueued="0" dynamicThreshold="14" maxThreshold="32" />
  <references type="weak" candidates="279" cleared="0" enqueued="0" />
  <references type="phantom" candidates="102" cleared="0" enqueued="0" />
  <stringconstants candidates="3944" cleared="0"  />
</gc-op>
<gc-op id="399" type="sweep" timems="0.205" contextid="395" timestamp="2019-08-03T02:42:55.338" />
<gc-end id="400" type="global" contextid="395" durationms="2.596" usertimems="8.000" systemtimems="0.000" timestamp="2019-08-03T02:42:55.339" activeThreads="1">
  <mem-info id="401" free="4013192" total="8388608" percent="47">
    <mem type="tenure" free="4013192" total="8388608" percent="47" micro-fragmented="512" macro-fragmented="0">
      <mem type="soa" free="3930248" total="8305664" percent="47" />
      <mem type="loa" free="82944" total="82944" percent="100" />
    </mem>
  </mem-info>
</gc-end>
<cycle-end id="402" type="global" contextid="395" timestamp="2019-08-03T02:42:55.339" />
  <attribute name="elasticGC enabled" value="1" />
  <attribute name= "numThreadsSpecified" value="1" />
  <attribute name="heapSize specified" value="8388608" />
  <attribute name= "numCores" value="8" />
  <attribute name ="GC Interval" value="0" />
  <attribute name ="Control flow" value="2" />
  <attribute name="GC Util Range Max" value="107" />
  <attribute name="Current GC Util" value="40" />
  <attribute name= "Current Time Running" value="1879" />
<allocation-satisfied id="403" threadId="00000000013E5300" bytesRequested="16392" />
<af-end id="404" timestamp="2019-08-03T02:42:55.340" threadId="00000000013E5C88" success="true" />
<exclusive-end id="405" timestamp="2019-08-03T02:42:55.340" durationms="3.304" />

<exclusive-start id="406" timestamp="2019-08-03T02:42:55.403" intervalms="66.801">
  <response-info timems="0.034" idlems="0.034" threads="0" lastid="00000000013F0700" lastname="Thread-9" />
</exclusive-start>
<af-start id="407" threadId="00000000013F1088" totalBytesRequested="40" timestamp="2019-08-03T02:42:55.403" intervalms="66.690" />
<cycle-start id="408" type="global" contextid="0" timestamp="2019-08-03T02:42:55.403" intervalms="66.680" />
<gc-start id="409" type="global" contextid="408" timestamp="2019-08-03T02:42:55.403">
  <mem-info id="410" free="82944" total="8388608" percent="0">
    <mem type="tenure" free="82944" total="8388608" percent="0">
      <mem type="soa" free="0" total="8305664" percent="0" />
      <mem type="loa" free="82944" total="82944" percent="100" />
    </mem>
  </mem-info>
</gc-start>
<allocation-stats totalBytes="3836240" >
  <allocated-bytes non-tlh="766288" tlh="3069952" />
  <largest-consumer threadName="Thread-8" threadId="00000000013ECB00" bytes="816056" />
</allocation-stats>
<gc-op id="411" type="mark" timems="3.480" contextid="408" timestamp="2019-08-03T02:42:55.407">
  <trace-info objectcount="36432" scancount="29433" scanbytes="1467164" />
  <finalization candidates="25" enqueued="0" />
  <references type="soft" candidates="60" cleared="0" enqueued="0" dynamicThreshold="15" maxThreshold="32" />
  <references type="weak" candidates="257" cleared="0" enqueued="0" />
  <references type="phantom" candidates="102" cleared="8" enqueued="8" />
  <stringconstants candidates="3944" cleared="0"  />
</gc-op>
<gc-op id="412" type="sweep" timems="0.493" contextid="408" timestamp="2019-08-03T02:42:55.407" />
<gc-end id="413" type="global" contextid="408" durationms="5.184" usertimems="8.000" systemtimems="0.000" timestamp="2019-08-03T02:42:55.409" activeThreads="2">
  <mem-info id="414" free="5158168" total="8388608" percent="61">
    <mem type="tenure" free="5158168" total="8388608" percent="61" micro-fragmented="26923" macro-fragmented="0">
      <mem type="soa" free="5075224" total="8305664" percent="61" />
      <mem type="loa" free="82944" total="82944" percent="100" />
    </mem>
    <pending-finalizers system="0" default="0" reference="8" classloader="0" />
  </mem-info>
</gc-end>
<cycle-end id="415" type="global" contextid="408" timestamp="2019-08-03T02:42:55.409" />
  <attribute name="elasticGC enabled" value="1" />
  <attribute name= "numThreadsSpecified" value="2" />
  <attribute name="heapSize specified" value="8388608" />
  <attribute name= "numCores" value="8" />
  <attribute name ="GC Interval" value="0" />
  <attribute name ="Control flow" value="2" />
  <attribute name="GC Util Range Max" value="107" />
  <attribute name="Current GC Util" value="0" />
  <attribute name= "Current Time Running" value="1948" />
<allocation-satisfied id="416" threadId="00000000013F0700" bytesRequested="40" />
<af-end id="417" timestamp="2019-08-03T02:42:55.409" threadId="00000000013F1088" success="true" />
<exclusive-end id="418" timestamp="2019-08-03T02:42:55.409" durationms="5.766" />

</verbosegc>

