<?xml version="1.0" ?>

<verbosegc xmlns="http://www.ibm.com/j9/verbosegc" version="10b4217_CMPRSS">

<initialized id="1" timestamp="2019-06-14T23:32:55.840">
  <attribute name="gcPolicy" value="-Xgcpolicy:balanced" />
  <attribute name="elasticGC enabled" value="1" />
  <attribute name= "numThreadsSpecified" value="0" />
  <attribute name="heapSize specified" value="0" />
  <attribute name="Current GC Util" value="0" />
  <attribute name= "Current Time Running" value="0" />
  <attribute name ="GC Interval" value="0" />
  <attribute name="ProportionalT" value="0.000000" />
  <attribute name="ProportionalI" value="0.000000" />
  <attribute name="ProportionalH" value="0.000000" />
  <attribute name="IntegralT" value="0.000000" />
  <attribute name="IntegralI" value="0.000000" />
  <attribute name="IntegralH" value="0.000000" />
  <attribute name="DerivativeT" value="0.000000" />
  <attribute name="DerivativeI" value="0.000000" />
  <attribute name="DerivativeH" value="0.000000" />
  <attribute name="Target GC Util Change" value ="0.000000" />
  <attribute name="Current GC Util Change" value="0.000000"/>
  <attribute name="Current Error" value="0.000000" />
  <attribute name="Loop Time for DT" value="0.000000" />
  <attribute name="Output H" value="0"/>
  <attribute name="Output I" value="0"/>
  <attribute name="Output T" value="0"/>
  <attribute name="GC Util currently" value="0" />
  <attribute name="CPU Util currently" value="0" />
  <attribute name="maxHeapSize" value="0x7cb00000" />
  <attribute name="initialHeapSize" value="0x800000" />
  <attribute name="compressedRefs" value="true" />
  <attribute name="compressedRefsDisplacement" value="0x0" />
  <attribute name="compressedRefsShift" value="0x0" />
  <attribute name="pageSize" value="0x1000" />
  <attribute name="pageType" value="not used" />
  <attribute name="requestedPageSize" value="0x1000" />
  <attribute name="requestedPageType" value="not used" />
  <attribute name="gcthreads" value="4" />
  <attribute name="packetListSplit" value="4" />
  <attribute name="cacheListSplit" value="4" />
  <attribute name="splitFreeListSplitAmount" value="1" />
  <attribute name="numaNodes" value="0" />
  <region>
    <attribute name="regionSize" value="1048576" />
    <attribute name="regionCount" value="1995" />
    <attribute name="arrayletLeafSize" value="1048576" />
  </region>
  <system>
    <attribute name="physicalMemory" value="8370958336" />
    <attribute name="numCPUs" value="4" />
    <attribute name="architecture" value="amd64" />
    <attribute name="os" value="Linux" />
    <attribute name="osVersion" value="4.4.0-150-generic" />
  </system>
  <vmargs>
    <vmarg name="-Xoptionsfile=/vagrant/jdk/lib/options.default" />
    <vmarg name="-Xlockword:mode=default,noLockword=java/lang/String,noLockword=java/util/MapEntry,noLockword=java/util/HashMap$Entry,noLockword..." />
    <vmarg name="-Xjcl:jclse29" />
    <vmarg name="-Dcom.ibm.oti.vm.bootstrap.library.path=/vagrant/jdk/lib/compressedrefs:/vagrant/jdk/lib" />
    <vmarg name="-Dsun.boot.library.path=/vagrant/jdk/lib/compressedrefs:/vagrant/jdk/lib" />
    <vmarg name="-Djava.library.path=/vagrant/jdk/lib/compressedrefs:/vagrant/jdk/lib:/usr/lib64:/usr/lib" />
    <vmarg name="-Djava.home=/vagrant/jdk" />
    <vmarg name="-Duser.dir=/vagrant" />
    <vmarg name="-Xgcpolicy:balanced" />
    <vmarg name="-Xgcelastic" />
    <vmarg name="-Xcheck:gc:::elasticGC" />
    <vmarg name="-verbose:gc" />
    <vmarg name="-Xloggc:jdk0.5-1-1-small-BAL-4CORE-elasticverbose4sunflow.txt" />
    <vmarg name="-Djava.class.path=dacapo-9.12-MR1-bach.jar" />
    <vmarg name="-Dsun.java.command=dacapo-9.12-MR1-bach.jar sunflow --size=small" />
    <vmarg name="-Dsun.java.launcher=SUN_STANDARD" />
    <vmarg name="-Dsun.java.launcher.pid=15082" />
  </vmargs>
</initialized>

<exclusive-start id="2" timestamp="2019-06-14T23:32:56.779" intervalms="939.301">
  <response-info timems="0.031" idlems="0.031" threads="0" lastid="0000000001A4B700" lastname="main" />
</exclusive-start>
<sys-start reason="explicit" id="3" timestamp="2019-06-14T23:32:56.780" intervalms="939.851" />
<cycle-start id="4" type="global garbage collect" contextid="0" timestamp="2019-06-14T23:32:56.780" intervalms="940.488" />
<gc-start id="5" type="global garbage collect" contextid="4" timestamp="2019-06-14T23:32:56.781">
  <mem-info id="6" free="4232928" total="8388608" percent="50">
    <mem type="eden" free="38656" total="4194304" percent="0" />
    <remembered-set count="0" freebytes="334848" totalbytes="334848" percent="100" regionsoverflowed="0" regionsstable="0" regionsrebuilding="0"/>
  </mem-info>
</gc-start>
<allocation-stats totalBytes="4145784" >
  <allocated-bytes non-tlh="502000" tlh="3643784" arrayletleaf="0"/>
  <largest-consumer threadName="main" threadId="0000000001A4B700" bytes="4066344" />
</allocation-stats>
<gc-op id="7" type="global mark" timems="4.394" contextid="4" timestamp="2019-06-14T23:32:56.786">
  <trace-info objectcount="30318" scancount="23648" scanbytes="765792" />
  <finalization candidates="125" enqueued="1" />
  <ownableSynchronizers candidates="3" cleared="0" />
  <references type="soft" candidates="132" cleared="0" enqueued="0" dynamicThreshold="32" maxThreshold="32" />
  <references type="weak" candidates="1326" cleared="569" enqueued="479" />
  <references type="phantom" candidates="107" cleared="42" enqueued="42" />
  <stringconstants candidates="3958" cleared="0"  />
</gc-op>
<gc-op id="8" type="classunload" timems="0.046" contextid="4" timestamp="2019-06-14T23:32:56.786">
  <classunload-info classloadercandidates="7" classloadersunloaded="0" classesunloaded="0" anonymousclassesunloaded="0" quiescems="0.000" setupms="0.046" scanms="0.000" postms="0.000" />
</gc-op>
<gc-op id="9" type="sweep" timems="0.886" contextid="4" timestamp="2019-06-14T23:32:56.788" />
<gc-op id="10" type="compact" timems="7.049" contextid="4" timestamp="2019-06-14T23:32:56.795">
  <compact-info movecount="29895" movebytes="1333144" />
  <remembered-set-cleared processed="3529" cleared="3529" durationms="0.119" />
</gc-op>
<gc-end id="11" type="global garbage collect" contextid="4" durationms="14.609" usertimems="12.000" systemtimems="0.000" timestamp="2019-06-14T23:32:56.796" activeThreads="4">
  <mem-info id="12" free="6291456" total="8388608" percent="75">
    <pending-finalizers system="1" default="0" reference="521" classloader="0" />
    <remembered-set count="1536" freebytes="328704" totalbytes="334848" percent="98" regionsoverflowed="0" regionsstable="0" regionsrebuilding="0"/>
  </mem-info>
</gc-end>
<cycle-end id="13" type="global garbage collect" contextid="4" timestamp="2019-06-14T23:32:56.796" />
  <attribute name="elasticGC enabled" value="1" />
  <attribute name= "numThreadsSpecified" value="4" />
  <attribute name="heapSize specified" value="0" />
  <attribute name="Current GC Util" value="31" />
  <attribute name= "Current Time Running" value="786" />
  <attribute name ="GC Interval" value="0" />
  <attribute name="ProportionalT" value="5.500000" />
  <attribute name="ProportionalI" value="5.500000" />
  <attribute name="ProportionalH" value="5.500000" />
  <attribute name="Current Error" value="11.000000" />
  <attribute name="IntegralT" value="-15238.000000" />
  <attribute name="IntegralI" value="-15238.000000" />
  <attribute name="IntegralH" value="-15238.000000" />
  <attribute name="DerivativeT" value="-26.500000" />
  <attribute name="DerivativeI" value="-26.500000" />
  <attribute name="DerivativeH" value="-26.500000" />
  <attribute name="Loop Time for DT" value="2.000000" />
  <attribute name="Output H" value="2091843584"/>
  <attribute name="Output I" value="200"/>
  <attribute name="Output T" value="4"/>
  <attribute name="Target GC Util Change" value ="20.000000" />
  <attribute name="Current GC Util Change" value="31.000000"/>
  <attribute name="GC Util currently" value="31" />
  <attribute name="CPU Util currently" value="3714150425530" />
<sys-end id="14" timestamp="2019-06-14T23:32:56.796" />
<exclusive-end id="15" timestamp="2019-06-14T23:32:56.796" durationms="17.042" />

<exclusive-start id="16" timestamp="2019-06-14T23:32:57.114" intervalms="334.971">
  <response-info timems="0.074" idlems="0.074" threads="0" lastid="0000000001DA8100" lastname="Thread-6" />
</exclusive-start>
<allocation-taxation id="17" taxation-threshold="6291456" timestamp="2019-06-14T23:32:57.114" intervalms="1274.543" />
<cycle-start id="18" type="partial gc" contextid="0" timestamp="2019-06-14T23:32:57.115" intervalms="1274.930" />
<gc-start id="19" type="partial gc" contextid="18" timestamp="2019-06-14T23:32:57.115">
  <mem-info id="20" free="0" total="8388608" percent="0">
    <mem type="eden" free="44784" total="6291456" percent="0" />
    <remembered-set count="1152" freebytes="330240" totalbytes="334848" percent="98" regionsoverflowed="0" regionsstable="0" regionsrebuilding="0"/>
  </mem-info>
</gc-start>
<allocation-stats totalBytes="6188120" >
  <allocated-bytes non-tlh="1165576" tlh="5022544" arrayletleaf="0"/>
  <largest-consumer threadName="main" threadId="0000000001A4B700" bytes="3081760" />
</allocation-stats>
<gc-op id="21" type="mark" timems="2.282" contextid="18" timestamp="2019-06-14T23:32:57.118">
  <trace-info objectcount="14751" scancount="11870" scanbytes="447672" />
  <cardclean-info objects="1349" bytes="49664" />
  <remembered-set-cleared processed="548" cleared="88" durationms="0.062" />
  <references type="soft" candidates="17" cleared="0" enqueued="0" dynamicThreshold="24" maxThreshold="32" />
  <references type="weak" candidates="45" cleared="29" enqueued="28" />
  <references type="phantom" candidates="2" cleared="0" enqueued="0" />
  <stringconstants candidates="4534" cleared="1"  />
  <warning details="Mark invoked due to insufficient free space for Copy-Forward" />
</gc-op>
<gc-op id="22" type="classunload" timems="0.002" contextid="18" timestamp="2019-06-14T23:32:57.118">
  <classunload-info classloadercandidates="8" classloadersunloaded="0" classesunloaded="0" anonymousclassesunloaded="0" quiescems="0.000" setupms="0.002" scanms="0.000" postms="0.000" />
</gc-op>
<gc-op id="23" type="sweep" timems="0.336" contextid="18" timestamp="2019-06-14T23:32:57.119" />
<gc-op id="24" type="compact" timems="1.921" contextid="18" timestamp="2019-06-14T23:32:57.121">
  <compact-info movecount="14748" movebytes="1519912" />
  <remembered-set-cleared processed="2516" cleared="1532" durationms="0.062" />
</gc-op>
<heap-resize id="25" type="expand" space="default" amount="1048576" count="1" timems="0.063" reason="insufficient free space following gc" timestamp="2019-06-14T23:32:57.122" />
<gc-end id="26" type="partial gc" contextid="18" durationms="6.720" usertimems="0.000" systemtimems="8.000" timestamp="2019-06-14T23:32:57.122" activeThreads="4">
  <mem-info id="27" free="5242880" total="9437184" percent="55">
    <mem type="eden" free="577016" total="2097152" percent="27" />
    <pending-finalizers system="0" default="0" reference="28" classloader="0" />
    <remembered-set count="2112" freebytes="368256" totalbytes="376704" percent="97" regionsoverflowed="0" regionsstable="0" regionsrebuilding="0"/>
  </mem-info>
</gc-end>
<cycle-end id="28" type="partial gc" contextid="18" timestamp="2019-06-14T23:32:57.122" />
  <attribute name="elasticGC enabled" value="1" />
  <attribute name= "numThreadsSpecified" value="4" />
  <attribute name="heapSize specified" value="0" />
  <attribute name="Current GC Util" value="23" />
  <attribute name= "Current Time Running" value="1117" />
  <attribute name ="GC Interval" value="0" />
  <attribute name="ProportionalT" value="1.500000" />
  <attribute name="ProportionalI" value="1.500000" />
  <attribute name="ProportionalH" value="1.500000" />
  <attribute name="Current Error" value="3.000000" />
  <attribute name="IntegralT" value="3.000000" />
  <attribute name="IntegralI" value="3.000000" />
  <attribute name="IntegralH" value="3.000000" />
  <attribute name="DerivativeT" value="-86.000000" />
  <attribute name="DerivativeI" value="-86.000000" />
  <attribute name="DerivativeH" value="-86.000000" />
  <attribute name="Loop Time for DT" value="1.000000" />
  <attribute name="Output H" value="2091843584"/>
  <attribute name="Output I" value="200"/>
  <attribute name="Output T" value="4"/>
  <attribute name="Target GC Util Change" value ="20.000000" />
  <attribute name="Current GC Util Change" value="23.000000"/>
  <attribute name="GC Util currently" value="23" />
  <attribute name="CPU Util currently" value="7752661196572" />
<exclusive-end id="29" timestamp="2019-06-14T23:32:57.122" durationms="8.165" />

<exclusive-start id="30" timestamp="2019-06-14T23:32:57.173" intervalms="58.891">
  <response-info timems="0.077" idlems="0.077" threads="0" lastid="0000000001DA8100" lastname="Thread-6" />
</exclusive-start>
<allocation-taxation id="31" taxation-threshold="2097152" timestamp="2019-06-14T23:32:57.173" intervalms="58.773" />
<cycle-start id="32" type="global mark phase" contextid="0" timestamp="2019-06-14T23:32:57.173" intervalms="1333.466" />
<gc-start id="33" type="global mark phase" contextid="32" timestamp="2019-06-14T23:32:57.174">
  <mem-info id="34" free="3145728" total="9437184" percent="33">
    <remembered-set count="2112" freebytes="368256" totalbytes="376704" percent="97" regionsoverflowed="0" regionsstable="0" regionsrebuilding="0"/>
  </mem-info>
</gc-start>
<gc-op id="35" type="mark increment" timems="0.630" contextid="32" timestamp="2019-06-14T23:32:57.174">
  <trace-info objectcount="161" scancount="0" scanbytes="0" />
</gc-op>
<gc-end id="36" type="global mark phase" contextid="32" durationms="0.868" usertimems="0.000" systemtimems="0.000" timestamp="2019-06-14T23:32:57.174" activeThreads="1">
  <mem-info id="37" free="3145728" total="9437184" percent="33">
    <remembered-set count="2112" freebytes="368256" totalbytes="376704" percent="97" regionsoverflowed="0" regionsstable="0" regionsrebuilding="0"/>
  </mem-info>
</gc-end>
<concurrent-start id="38" type="GMP work packet processing" contextid="32" timestamp="2019-06-14T23:32:57.175">
  <concurrent-mark-start scanTarget="18446744073709551615" />
</concurrent-start>
<exclusive-end id="39" timestamp="2019-06-14T23:32:57.175" durationms="1.598" />

<concurrent-end id="40" type="GMP work packet processing" contextid="32" timestamp="2019-06-14T23:32:57.177">
  <concurrent-mark-end bytesScanned="1187812" reasonForTermination="Completed all work in GC phase" />
</concurrent-end>

<exclusive-start id="41" timestamp="2019-06-14T23:32:57.180" intervalms="6.769">
  <response-info timems="0.063" idlems="0.063" threads="0" lastid="0000000001DA8100" lastname="Thread-6" />
</exclusive-start>
<allocation-taxation id="42" taxation-threshold="2097152" timestamp="2019-06-14T23:32:57.180" intervalms="6.737" />
<cycle-start id="43" type="partial gc" contextid="0" timestamp="2019-06-14T23:32:57.180" intervalms="65.279" />
<gc-start id="44" type="partial gc" contextid="43" timestamp="2019-06-14T23:32:57.180">
  <mem-info id="45" free="1048576" total="9437184" percent="11">
    <mem type="eden" free="0" total="4194304" percent="0" />
    <remembered-set count="2112" freebytes="368256" totalbytes="376704" percent="97" regionsoverflowed="0" regionsstable="0" regionsrebuilding="0"/>
  </mem-info>
</gc-start>
<allocation-stats totalBytes="4100360" >
  <allocated-bytes non-tlh="196632" tlh="3903728" arrayletleaf="0"/>
  <largest-consumer threadName="Thread-6" threadId="0000000001DA8100" bytes="2092256" />
</allocation-stats>
<gc-op id="46" type="copy forward" timems="9.549" contextid="43" timestamp="2019-06-14T23:32:57.191">
  <memory-copied type="eden" objects="11" bytes="153016" bytesdiscarded="0" />
  <memory-copied type="other" objects="14638" bytes="1221416" bytesdiscarded="297864" />
  <memory-cardclean objects="105" bytes="8448" />
  <regions eden="4" other="2" />
  <remembered-set-cleared processed="1144" cleared="618" durationms="0.080" />
  <references type="soft" candidates="17" cleared="0" enqueued="0" dynamicThreshold="10" maxThreshold="32" />
  <references type="weak" candidates="16" cleared="0" enqueued="0" />
  <references type="phantom" candidates="2" cleared="0" enqueued="0" />
  <stringconstants candidates="4533" cleared="0"  />
  <heap-resize type="expand" space="default" amount="2097152" count="2" timems="0.318" reason="continue current collection" />
</gc-op>
<gc-op id="47" type="classunload" timems="0.002" contextid="43" timestamp="2019-06-14T23:32:57.191">
  <classunload-info classloadercandidates="8" classloadersunloaded="0" classesunloaded="0" anonymousclassesunloaded="0" quiescems="0.000" setupms="0.002" scanms="0.000" postms="0.000" />
</gc-op>
<gc-op id="48" type="compact" timems="1.359" contextid="43" timestamp="2019-06-14T23:32:57.193">
  <compact-info movecount="0" movebytes="0" />
  <remembered-set-cleared processed="2345" cleared="618" durationms="0.080" />
</gc-op>
<gc-end id="49" type="partial gc" contextid="43" durationms="13.020" usertimems="12.000" systemtimems="4.000" timestamp="2019-06-14T23:32:57.193" activeThreads="4">
  <mem-info id="50" free="6291456" total="11534336" percent="54">
    <mem type="eden" free="895560" total="1048576" percent="85" />
    <remembered-set count="1536" freebytes="454272" totalbytes="460416" percent="98" regionsoverflowed="0" regionsstable="0" regionsrebuilding="0"/>
  </mem-info>
</gc-end>
<cycle-end id="51" type="partial gc" contextid="43" timestamp="2019-06-14T23:32:57.194" />
  <attribute name="elasticGC enabled" value="1" />
  <attribute name= "numThreadsSpecified" value="4" />
  <attribute name="heapSize specified" value="0" />
  <attribute name="Current GC Util" value="114" />
  <attribute name= "Current Time Running" value="1189" />
  <attribute name ="GC Interval" value="0" />
  <attribute name="ProportionalT" value="47.000000" />
  <attribute name="ProportionalI" value="47.000000" />
  <attribute name="ProportionalH" value="47.000000" />
  <attribute name="Current Error" value="94.000000" />
  <attribute name="IntegralT" value="846.000000" />
  <attribute name="IntegralI" value="846.000000" />
  <attribute name="IntegralH" value="846.000000" />
  <attribute name="DerivativeT" value="5.555556" />
  <attribute name="DerivativeI" value="5.555556" />
  <attribute name="DerivativeH" value="5.555556" />
  <attribute name="Loop Time for DT" value="9.000000" />
  <attribute name="Output H" value="8388608"/>
  <attribute name="Output I" value="904"/>
  <attribute name="Output T" value="4"/>
  <attribute name="Target GC Util Change" value ="20.000000" />
  <attribute name="Current GC Util Change" value="114.000000"/>
  <attribute name="GC Util currently" value="114" />
  <attribute name="CPU Util currently" value="466192337058" />
<exclusive-end id="52" timestamp="2019-06-14T23:32:57.194" durationms="14.006" />

<exclusive-start id="53" timestamp="2019-06-14T23:32:57.260" intervalms="80.009">
  <response-info timems="0.071" idlems="0.071" threads="0" lastid="0000000001DA0900" lastname="Thread-7" />
</exclusive-start>
<allocation-taxation id="54" taxation-threshold="3145728" timestamp="2019-06-14T23:32:57.260" intervalms="80.081" />
<gc-start id="55" type="global mark phase" contextid="32" timestamp="2019-06-14T23:32:57.260">
  <mem-info id="56" free="3145728" total="11534336" percent="27">
    <remembered-set count="800" freebytes="457216" totalbytes="460416" percent="99" regionsoverflowed="0" regionsstable="1" regionsrebuilding="0"/>
  </mem-info>
</gc-start>
<gc-op id="57" type="mark increment" timems="1.468" contextid="32" timestamp="2019-06-14T23:32:57.262">
  <trace-info objectcount="5629" scancount="5550" scanbytes="273556" />
  <cardclean-info objects="706" bytes="30892" />
  <finalization candidates="124" enqueued="0" />
  <ownableSynchronizers candidates="3" cleared="0" />
  <references type="soft" candidates="149" cleared="0" enqueued="0" dynamicThreshold="17" maxThreshold="32" />
  <references type="weak" candidates="773" cleared="0" enqueued="0" />
  <references type="phantom" candidates="66" cleared="2" enqueued="2" />
  <stringconstants candidates="4596" cleared="0"  />
</gc-op>
<gc-op id="58" type="classunload" timems="0.005" contextid="32" timestamp="2019-06-14T23:32:57.262">
  <classunload-info classloadercandidates="8" classloadersunloaded="0" classesunloaded="0" anonymousclassesunloaded="0" quiescems="0.000" setupms="0.004" scanms="0.000" postms="0.000" />
</gc-op>
<gc-end id="59" type="global mark phase" contextid="32" durationms="1.874" usertimems="0.000" systemtimems="0.000" timestamp="2019-06-14T23:32:57.262" activeThreads="4">
  <mem-info id="60" free="3145728" total="11534336" percent="27">
    <pending-finalizers system="0" default="0" reference="2" classloader="0" />
    <remembered-set count="800" freebytes="457216" totalbytes="460416" percent="99" regionsoverflowed="0" regionsstable="1" regionsrebuilding="0"/>
  </mem-info>
</gc-end>
<cycle-end id="61" type="global mark phase" contextid="32" timestamp="2019-06-14T23:32:57.262" />
  <attribute name="elasticGC enabled" value="1" />
  <attribute name= "numThreadsSpecified" value="4" />
  <attribute name="heapSize specified" value="0" />
  <attribute name="Current GC Util" value="51" />
  <attribute name= "Current Time Running" value="1259" />
  <attribute name ="GC Interval" value="0" />
  <attribute name="ProportionalT" value="15.500000" />
  <attribute name="ProportionalI" value="15.500000" />
  <attribute name="ProportionalH" value="15.500000" />
  <attribute name="Current Error" value="31.000000" />
  <attribute name="IntegralT" value="0.000000" />
  <attribute name="IntegralI" value="0.000000" />
  <attribute name="IntegralH" value="0.000000" />
  <attribute name="DerivativeT" value="-inf" />
  <attribute name="DerivativeI" value="-inf" />
  <attribute name="DerivativeH" value="-inf" />
  <attribute name="Loop Time for DT" value="0.000000" />
  <attribute name="Output H" value="2091843584"/>
  <attribute name="Output I" value="200"/>
  <attribute name="Output T" value="4"/>
  <attribute name="Target GC Util Change" value ="20.000000" />
  <attribute name="Current GC Util Change" value="51.000000"/>
  <attribute name="GC Util currently" value="51" />
  <attribute name="CPU Util currently" value="20762978949862" />
<exclusive-end id="62" timestamp="2019-06-14T23:32:57.263" durationms="2.700" />

<exclusive-start id="63" timestamp="2019-06-14T23:32:57.295" intervalms="34.717">
  <response-info timems="0.077" idlems="0.077" threads="0" lastid="0000000001DA0900" lastname="Thread-7" />
</exclusive-start>
<allocation-taxation id="64" taxation-threshold="3145728" timestamp="2019-06-14T23:32:57.295" intervalms="34.664" />
<cycle-start id="65" type="partial gc" contextid="0" timestamp="2019-06-14T23:32:57.295" intervalms="114.694" />
<gc-start id="66" type="partial gc" contextid="65" timestamp="2019-06-14T23:32:57.295">
  <mem-info id="67" free="0" total="11534336" percent="0">
    <mem type="eden" free="0" total="6291456" percent="0" />
    <remembered-set count="800" freebytes="457216" totalbytes="460416" percent="99" regionsoverflowed="0" regionsstable="1" regionsrebuilding="0"/>
  </mem-info>
</gc-start>
<allocation-stats totalBytes="6287472" >
  <allocated-bytes non-tlh="381472" tlh="5906000" arrayletleaf="0"/>
  <largest-consumer threadName="Thread-7" threadId="0000000001DA0900" bytes="3145488" />
</allocation-stats>
<gc-op id="68" type="sweep" timems="0.539" contextid="65" timestamp="2019-06-14T23:32:57.296" />
<gc-op id="69" type="copy forward" timems="1.462" contextid="65" timestamp="2019-06-14T23:32:57.298">
  <memory-copied type="eden" objects="170" bytes="4080" bytesdiscarded="0" />
  <memory-copied type="other" objects="5593" bytes="431848" bytesdiscarded="0" />
  <memory-cardclean objects="284" bytes="13240" />
  <memory-traced type="eden" objects="136" bytes="3656" />
  <memory-traced type="other" objects="0" bytes="0" />
  <regions eden="3" other="3" evacuated="5" marked="1" />
  <remembered-set-cleared processed="570" cleared="34" durationms="0.062" />
  <stringconstants candidates="4596" cleared="0"  />
</gc-op>
<gc-op id="70" type="classunload" timems="0.002" contextid="65" timestamp="2019-06-14T23:32:57.298">
  <classunload-info classloadercandidates="8" classloadersunloaded="0" classesunloaded="0" anonymousclassesunloaded="0" quiescems="0.000" setupms="0.002" scanms="0.000" postms="0.000" />
</gc-op>
<gc-op id="71" type="sweep" timems="0.536" contextid="65" timestamp="2019-06-14T23:32:57.299" />
<gc-op id="72" type="compact" timems="1.024" contextid="65" timestamp="2019-06-14T23:32:57.300">
  <compact-info movecount="136" movebytes="3656" />
  <remembered-set-cleared processed="1222" cleared="53" durationms="0.062" />
</gc-op>
<heap-resize id="73" type="expand" space="default" amount="2097152" count="1" timems="0.069" reason="excessive time being spent in gc" timestamp="2019-06-14T23:32:57.301" />
<gc-end id="74" type="partial gc" contextid="65" durationms="5.669" usertimems="8.000" systemtimems="0.000" timestamp="2019-06-14T23:32:57.301" activeThreads="4">
  <mem-info id="75" free="7340032" total="13631488" percent="53">
    <mem type="eden" free="1657528" total="2097152" percent="79" />
    <remembered-set count="2368" freebytes="534656" totalbytes="544128" percent="98" regionsoverflowed="0" regionsstable="1" regionsrebuilding="0"/>
  </mem-info>
</gc-end>
<cycle-end id="76" type="partial gc" contextid="65" timestamp="2019-06-14T23:32:57.301" />
  <attribute name="elasticGC enabled" value="1" />
  <attribute name= "numThreadsSpecified" value="4" />
  <attribute name="heapSize specified" value="0" />
  <attribute name="Current GC Util" value="23" />
  <attribute name= "Current Time Running" value="1297" />
  <attribute name ="GC Interval" value="0" />
  <attribute name="ProportionalT" value="1.500000" />
  <attribute name="ProportionalI" value="1.500000" />
  <attribute name="ProportionalH" value="1.500000" />
  <attribute name="Current Error" value="3.000000" />
  <attribute name="IntegralT" value="3.000000" />
  <attribute name="IntegralI" value="3.000000" />
  <attribute name="IntegralH" value="3.000000" />
  <attribute name="DerivativeT" value="3.000000" />
  <attribute name="DerivativeI" value="3.000000" />
  <attribute name="DerivativeH" value="3.000000" />
  <attribute name="Loop Time for DT" value="1.000000" />
  <attribute name="Output H" value="8388608"/>
  <attribute name="Output I" value="200"/>
  <attribute name="Output T" value="4"/>
  <attribute name="Target GC Util Change" value ="20.000000" />
  <attribute name="Current GC Util Change" value="23.000000"/>
  <attribute name="GC Util currently" value="23" />
  <attribute name="CPU Util currently" value="5767895222123" />
<exclusive-end id="77" timestamp="2019-06-14T23:32:57.301" durationms="6.575" />

<exclusive-start id="78" timestamp="2019-06-14T23:32:57.360" intervalms="65.105">
  <response-info timems="0.083" idlems="0.083" threads="0" lastid="0000000001DA0900" lastname="Thread-7" />
</exclusive-start>
<allocation-taxation id="79" taxation-threshold="7340032" timestamp="2019-06-14T23:32:57.360" intervalms="65.111" />
<cycle-start id="80" type="partial gc" contextid="0" timestamp="2019-06-14T23:32:57.360" intervalms="65.122" />
<gc-start id="81" type="partial gc" contextid="80" timestamp="2019-06-14T23:32:57.360">
  <mem-info id="82" free="0" total="13631488" percent="0">
    <mem type="eden" free="1044920" total="8388608" percent="12" />
    <remembered-set count="1920" freebytes="536448" totalbytes="544128" percent="98" regionsoverflowed="0" regionsstable="1" regionsrebuilding="0"/>
  </mem-info>
</gc-start>
<allocation-stats totalBytes="7339128" >
  <allocated-bytes non-tlh="0" tlh="7339128" arrayletleaf="0"/>
  <largest-consumer threadName="Thread-7" threadId="0000000001DA0900" bytes="7339128" />
</allocation-stats>
<gc-op id="83" type="mark" timems="0.974" contextid="80" timestamp="2019-06-14T23:32:57.362">
  <trace-info objectcount="6288" scancount="6209" scanbytes="289516" />
  <cardclean-info objects="42" bytes="3116" />
  <remembered-set-cleared processed="648" cleared="95" durationms="0.064" />
  <stringconstants candidates="4596" cleared="0"  />
  <warning details="Mark invoked due to insufficient free space for Copy-Forward" />
</gc-op>
<gc-op id="84" type="classunload" timems="0.003" contextid="80" timestamp="2019-06-14T23:32:57.362">
  <classunload-info classloadercandidates="8" classloadersunloaded="0" classesunloaded="0" anonymousclassesunloaded="0" quiescems="0.000" setupms="0.002" scanms="0.000" postms="0.000" />
</gc-op>
<gc-op id="85" type="sweep" timems="0.524" contextid="80" timestamp="2019-06-14T23:32:57.363" />
<gc-op id="86" type="compact" timems="1.618" contextid="80" timestamp="2019-06-14T23:32:57.365">
  <compact-info movecount="6270" movebytes="448496" />
  <remembered-set-cleared processed="1352" cleared="246" durationms="0.064" />
</gc-op>
<gc-end id="87" type="partial gc" contextid="80" durationms="4.621" usertimems="4.000" systemtimems="0.000" timestamp="2019-06-14T23:32:57.365" activeThreads="4">
  <mem-info id="88" free="7340032" total="13631488" percent="53">
    <mem type="eden" free="1648224" total="2097152" percent="78" />
    <remembered-set count="2304" freebytes="534912" totalbytes="544128" percent="98" regionsoverflowed="0" regionsstable="1" regionsrebuilding="0"/>
  </mem-info>
</gc-end>
<cycle-end id="89" type="partial gc" contextid="80" timestamp="2019-06-14T23:32:57.365" />
  <attribute name="elasticGC enabled" value="1" />
  <attribute name= "numThreadsSpecified" value="4" />
  <attribute name="heapSize specified" value="0" />
  <attribute name="Current GC Util" value="23" />
  <attribute name= "Current Time Running" value="1361" />
  <attribute name ="GC Interval" value="0" />
  <attribute name="ProportionalT" value="1.500000" />
  <attribute name="ProportionalI" value="1.500000" />
  <attribute name="ProportionalH" value="1.500000" />
  <attribute name="Current Error" value="3.000000" />
  <attribute name="IntegralT" value="3.000000" />
  <attribute name="IntegralI" value="3.000000" />
  <attribute name="IntegralH" value="3.000000" />
  <attribute name="DerivativeT" value="3.000000" />
  <attribute name="DerivativeI" value="3.000000" />
  <attribute name="DerivativeH" value="3.000000" />
  <attribute name="Loop Time for DT" value="1.000000" />
  <attribute name="Output H" value="8388608"/>
  <attribute name="Output I" value="200"/>
  <attribute name="Output T" value="4"/>
  <attribute name="Target GC Util Change" value ="20.000000" />
  <attribute name="Current GC Util Change" value="23.000000"/>
  <attribute name="GC Util currently" value="23" />
  <attribute name="CPU Util currently" value="5661615655889" />
<exclusive-end id="90" timestamp="2019-06-14T23:32:57.365" durationms="5.564" />

<exclusive-start id="91" timestamp="2019-06-14T23:32:57.397" intervalms="37.162">
  <response-info timems="0.079" idlems="0.079" threads="0" lastid="0000000001DA0900" lastname="Thread-7" />
</exclusive-start>
<allocation-taxation id="92" taxation-threshold="7340032" timestamp="2019-06-14T23:32:57.397" intervalms="37.205" />
<cycle-start id="93" type="partial gc" contextid="0" timestamp="2019-06-14T23:32:57.397" intervalms="37.253" />
<gc-start id="94" type="partial gc" contextid="93" timestamp="2019-06-14T23:32:57.397">
  <mem-info id="95" free="0" total="13631488" percent="0">
    <mem type="eden" free="0" total="7340032" percent="0" />
    <remembered-set count="2048" freebytes="535936" totalbytes="544128" percent="98" regionsoverflowed="0" regionsstable="1" regionsrebuilding="0"/>
  </mem-info>
</gc-start>
<allocation-stats totalBytes="7339024" >
  <allocated-bytes non-tlh="0" tlh="7339024" arrayletleaf="0"/>
  <largest-consumer threadName="Thread-7" threadId="0000000001DA0900" bytes="7339024" />
</allocation-stats>
<gc-op id="96" type="mark" timems="0.594" contextid="93" timestamp="2019-06-14T23:32:57.399">
  <trace-info objectcount="779" scancount="779" scanbytes="19088" />
  <cardclean-info objects="1238" bytes="59800" />
  <remembered-set-cleared processed="716" cleared="90" durationms="0.055" />
  <stringconstants candidates="4596" cleared="0"  />
  <warning details="Mark invoked due to insufficient free space for Copy-Forward" />
</gc-op>
<gc-op id="97" type="classunload" timems="0.003" contextid="93" timestamp="2019-06-14T23:32:57.399">
  <classunload-info classloadercandidates="8" classloadersunloaded="0" classesunloaded="0" anonymousclassesunloaded="0" quiescems="0.000" setupms="0.002" scanms="0.000" postms="0.000" />
</gc-op>
<gc-op id="98" type="sweep" timems="0.507" contextid="93" timestamp="2019-06-14T23:32:57.399" />
<gc-op id="99" type="compact" timems="0.799" contextid="93" timestamp="2019-06-14T23:32:57.401">
  <compact-info movecount="705" movebytes="17312" />
  <remembered-set-cleared processed="1473" cleared="216" durationms="0.055" />
</gc-op>
<gc-end id="100" type="partial gc" contextid="93" durationms="3.357" usertimems="4.000" systemtimems="0.000" timestamp="2019-06-14T23:32:57.401" activeThreads="1">
  <mem-info id="101" free="6291456" total="13631488" percent="46">
    <mem type="eden" free="1038800" total="1048576" percent="99" />
    <remembered-set count="2368" freebytes="534656" totalbytes="544128" percent="98" regionsoverflowed="0" regionsstable="1" regionsrebuilding="0"/>
  </mem-info>
</gc-end>
<cycle-end id="102" type="partial gc" contextid="93" timestamp="2019-06-14T23:32:57.401" />
  <attribute name="elasticGC enabled" value="1" />
  <attribute name= "numThreadsSpecified" value="1" />
  <attribute name="heapSize specified" value="0" />
  <attribute name="Current GC Util" value="24" />
  <attribute name= "Current Time Running" value="1397" />
  <attribute name ="GC Interval" value="0" />
  <attribute name="ProportionalT" value="2.000000" />
  <attribute name="ProportionalI" value="2.000000" />
  <attribute name="ProportionalH" value="2.000000" />
  <attribute name="Current Error" value="4.000000" />
  <attribute name="IntegralT" value="0.000000" />
  <attribute name="IntegralI" value="0.000000" />
  <attribute name="IntegralH" value="0.000000" />
  <attribute name="DerivativeT" value="inf" />
  <attribute name="DerivativeI" value="inf" />
  <attribute name="DerivativeH" value="inf" />
  <attribute name="Loop Time for DT" value="0.000000" />
  <attribute name="Output H" value="8388608"/>
  <attribute name="Output I" value="200"/>
  <attribute name="Output T" value="1"/>
  <attribute name="Target GC Util Change" value ="20.000000" />
  <attribute name="Current GC Util Change" value="24.000000"/>
  <attribute name="GC Util currently" value="24" />
  <attribute name="CPU Util currently" value="6059038945286" />
<exclusive-end id="103" timestamp="2019-06-14T23:32:57.401" durationms="4.352" />

<exclusive-start id="104" timestamp="2019-06-14T23:32:57.426" intervalms="29.527">
  <response-info timems="0.108" idlems="0.108" threads="0" lastid="0000000001DA0900" lastname="Thread-7" />
</exclusive-start>
<allocation-taxation id="105" taxation-threshold="6291456" timestamp="2019-06-14T23:32:57.427" intervalms="29.505" />
<cycle-start id="106" type="partial gc" contextid="0" timestamp="2019-06-14T23:32:57.427" intervalms="29.539" />
<gc-start id="107" type="partial gc" contextid="106" timestamp="2019-06-14T23:32:57.427">
  <mem-info id="108" free="0" total="13631488" percent="0">
    <mem type="eden" free="1038800" total="7340032" percent="14" />
    <remembered-set count="2208" freebytes="535296" totalbytes="544128" percent="98" regionsoverflowed="0" regionsstable="1" regionsrebuilding="0"/>
  </mem-info>
</gc-start>
<allocation-stats totalBytes="6290640" >
  <allocated-bytes non-tlh="0" tlh="6290640" arrayletleaf="0"/>
  <largest-consumer threadName="Thread-7" threadId="0000000001DA0900" bytes="6290640" />
</allocation-stats>
<gc-op id="109" type="mark" timems="0.567" contextid="106" timestamp="2019-06-14T23:32:57.428">
  <trace-info objectcount="651" scancount="651" scanbytes="15744" />
  <cardclean-info objects="1268" bytes="61240" />
  <remembered-set-cleared processed="872" cleared="162" durationms="0.057" />
  <stringconstants candidates="4596" cleared="0"  />
  <warning details="Mark invoked due to insufficient free space for Copy-Forward" />
</gc-op>
<gc-op id="110" type="classunload" timems="0.002" contextid="106" timestamp="2019-06-14T23:32:57.428">
  <classunload-info classloadercandidates="8" classloadersunloaded="0" classesunloaded="0" anonymousclassesunloaded="0" quiescems="0.000" setupms="0.002" scanms="0.000" postms="0.000" />
</gc-op>
<gc-op id="111" type="sweep" timems="0.515" contextid="106" timestamp="2019-06-14T23:32:57.429" />
<gc-op id="112" type="compact" timems="0.813" contextid="106" timestamp="2019-06-14T23:32:57.430">
  <compact-info movecount="614" movebytes="14856" />
  <remembered-set-cleared processed="1770" cleared="348" durationms="0.062" />
</gc-op>
<gc-end id="113" type="partial gc" contextid="106" durationms="3.403" usertimems="0.000" systemtimems="0.000" timestamp="2019-06-14T23:32:57.430" activeThreads="1">
  <mem-info id="114" free="5242880" total="13631488" percent="38">
    <mem type="eden" free="2081408" total="2097152" percent="99" />
    <remembered-set count="2464" freebytes="534272" totalbytes="544128" percent="98" regionsoverflowed="0" regionsstable="1" regionsrebuilding="0"/>
  </mem-info>
</gc-end>
<cycle-end id="115" type="partial gc" contextid="106" timestamp="2019-06-14T23:32:57.431" />
  <attribute name="elasticGC enabled" value="1" />
  <attribute name= "numThreadsSpecified" value="1" />
  <attribute name="heapSize specified" value="0" />
  <attribute name="Current GC Util" value="19" />
  <attribute name= "Current Time Running" value="1427" />
  <attribute name ="GC Interval" value="0" />
  <attribute name="ProportionalT" value="-0.500000" />
  <attribute name="ProportionalI" value="-0.500000" />
  <attribute name="ProportionalH" value="-0.500000" />
  <attribute name="Current Error" value="-1.000000" />
  <attribute name="IntegralT" value="-1.000000" />
  <attribute name="IntegralI" value="-1.000000" />
  <attribute name="IntegralH" value="-1.000000" />
  <attribute name="DerivativeT" value="-1.000000" />
  <attribute name="DerivativeI" value="-1.000000" />
  <attribute name="DerivativeH" value="-1.000000" />
  <attribute name="Loop Time for DT" value="1.000000" />
  <attribute name="Output H" value="8388608"/>
  <attribute name="Output I" value="200"/>
  <attribute name="Output T" value="1"/>
  <attribute name="Target GC Util Change" value ="20.000000" />
  <attribute name="Current GC Util Change" value="19.000000"/>
  <attribute name="GC Util currently" value="19" />
  <attribute name="CPU Util currently" value="5958935868801" />
<exclusive-end id="116" timestamp="2019-06-14T23:32:57.431" durationms="4.393" />

<exclusive-start id="117" timestamp="2019-06-14T23:32:57.439" intervalms="12.621">
  <response-info timems="0.079" idlems="0.079" threads="0" lastid="0000000001DA0900" lastname="Thread-7" />
</exclusive-start>
<allocation-taxation id="118" taxation-threshold="2097152" timestamp="2019-06-14T23:32:57.439" intervalms="12.610" />
<cycle-start id="119" type="global mark phase" contextid="0" timestamp="2019-06-14T23:32:57.439" intervalms="265.937" />
<gc-start id="120" type="global mark phase" contextid="119" timestamp="2019-06-14T23:32:57.439">
  <mem-info id="121" free="3145728" total="13631488" percent="23">
    <remembered-set count="2336" freebytes="534784" totalbytes="544128" percent="98" regionsoverflowed="0" regionsstable="1" regionsrebuilding="0"/>
  </mem-info>
</gc-start>
<gc-op id="122" type="mark increment" timems="0.448" contextid="119" timestamp="2019-06-14T23:32:57.440">
  <trace-info objectcount="135" scancount="0" scanbytes="0" />
</gc-op>
<gc-end id="123" type="global mark phase" contextid="119" durationms="0.750" usertimems="0.000" systemtimems="0.000" timestamp="2019-06-14T23:32:57.440" activeThreads="4">
  <mem-info id="124" free="3145728" total="13631488" percent="23">
    <remembered-set count="2336" freebytes="534784" totalbytes="544128" percent="98" regionsoverflowed="0" regionsstable="0" regionsrebuilding="1"/>
  </mem-info>
</gc-end>
<concurrent-start id="125" type="GMP work packet processing" contextid="119" timestamp="2019-06-14T23:32:57.440">
  <concurrent-mark-start scanTarget="18446744073709551615" />
</concurrent-start>
<concurrent-end id="126" type="GMP work packet processing" contextid="119" timestamp="2019-06-14T23:32:57.443">
  <concurrent-mark-end bytesScanned="1476580" reasonForTermination="Completed all work in GC phase" />
</concurrent-end>

<exclusive-end id="127" timestamp="2019-06-14T23:32:57.443" durationms="4.385" />

<exclusive-start id="128" timestamp="2019-06-14T23:32:57.452" intervalms="13.066">
  <response-info timems="0.078" idlems="0.078" threads="0" lastid="0000000001DA0900" lastname="Thread-7" />
</exclusive-start>
<allocation-taxation id="129" taxation-threshold="2097152" timestamp="2019-06-14T23:32:57.452" intervalms="13.070" />
<cycle-start id="130" type="partial gc" contextid="0" timestamp="2019-06-14T23:32:57.452" intervalms="25.640" />
<gc-start id="131" type="partial gc" contextid="130" timestamp="2019-06-14T23:32:57.453">
  <mem-info id="132" free="1048576" total="13631488" percent="7">
    <mem type="eden" free="1040392" total="5242880" percent="19" />
    <remembered-set count="4352" freebytes="526720" totalbytes="544128" percent="96" regionsoverflowed="0" regionsstable="0" regionsrebuilding="1"/>
  </mem-info>
</gc-start>
<allocation-stats totalBytes="4193824" >
  <allocated-bytes non-tlh="0" tlh="4193824" arrayletleaf="0"/>
  <largest-consumer threadName="Thread-7" threadId="0000000001DA0900" bytes="2096904" />
</allocation-stats>
<gc-op id="133" type="copy forward" timems="0.819" contextid="130" timestamp="2019-06-14T23:32:57.454">
  <memory-copied type="eden" objects="313" bytes="7856" bytesdiscarded="0" />
  <memory-copied type="other" objects="325" bytes="7800" bytesdiscarded="0" />
  <memory-cardclean objects="1238" bytes="59832" />
  <regions eden="4" other="1" />
  <remembered-set-cleared processed="3014" cleared="187" durationms="0.078" />
  <stringconstants candidates="4596" cleared="0"  />
  <heap-resize type="expand" space="default" amount="1048576" count="1" timems="0.062" reason="continue current collection" />
</gc-op>
<gc-op id="134" type="classunload" timems="0.001" contextid="130" timestamp="2019-06-14T23:32:57.454">
  <classunload-info classloadercandidates="8" classloadersunloaded="0" classesunloaded="0" anonymousclassesunloaded="0" quiescems="0.000" setupms="0.001" scanms="0.000" postms="0.000" />
</gc-op>
<gc-op id="135" type="compact" timems="0.968" contextid="130" timestamp="2019-06-14T23:32:57.456">
  <compact-info movecount="0" movebytes="0" />
  <remembered-set-cleared processed="6226" cleared="187" durationms="0.078" />
</gc-op>
<heap-resize id="136" type="expand" space="default" amount="1048576" count="1" timems="0.059" reason="insufficient free space following gc" timestamp="2019-06-14T23:32:57.456" />
<gc-end id="137" type="partial gc" contextid="130" durationms="3.408" usertimems="0.000" systemtimems="0.000" timestamp="2019-06-14T23:32:57.456" activeThreads="4">
  <mem-info id="138" free="6291456" total="15728640" percent="40">
    <mem type="eden" free="2081496" total="2097152" percent="99" />
    <remembered-set count="4032" freebytes="611712" totalbytes="627840" percent="97" regionsoverflowed="0" regionsstable="0" regionsrebuilding="1"/>
  </mem-info>
</gc-end>
<cycle-end id="139" type="partial gc" contextid="130" timestamp="2019-06-14T23:32:57.456" />
  <attribute name="elasticGC enabled" value="1" />
  <attribute name= "numThreadsSpecified" value="4" />
  <attribute name="heapSize specified" value="0" />
  <attribute name="Current GC Util" value="0" />
  <attribute name= "Current Time Running" value="1452" />
  <attribute name ="GC Interval" value="0" />
  <attribute name="ProportionalT" value="-10.000000" />
  <attribute name="ProportionalI" value="-10.000000" />
  <attribute name="ProportionalH" value="-10.000000" />
  <attribute name="Current Error" value="-20.000000" />
  <attribute name="IntegralT" value="-20.000000" />
  <attribute name="IntegralI" value="-20.000000" />
  <attribute name="IntegralH" value="-20.000000" />
  <attribute name="DerivativeT" value="-43.000000" />
  <attribute name="DerivativeI" value="-43.000000" />
  <attribute name="DerivativeH" value="-43.000000" />
  <attribute name="Loop Time for DT" value="1.000000" />
  <attribute name="Output H" value="2091843584"/>
  <attribute name="Output I" value="200"/>
  <attribute name="Output T" value="4"/>
  <attribute name="Target GC Util Change" value ="20.000000" />
  <attribute name="Current GC Util Change" value="0.000000"/>
  <attribute name="GC Util currently" value="0" />
  <attribute name="CPU Util currently" value="3835844310905" />
<exclusive-end id="140" timestamp="2019-06-14T23:32:57.456" durationms="4.370" />

<exclusive-start id="141" timestamp="2019-06-14T23:32:57.470" intervalms="18.395">
  <response-info timems="0.096" idlems="0.096" threads="0" lastid="0000000001DA0900" lastname="Thread-7" />
</exclusive-start>
<allocation-taxation id="142" taxation-threshold="3145728" timestamp="2019-06-14T23:32:57.471" intervalms="18.409" />
<gc-start id="143" type="global mark phase" contextid="119" timestamp="2019-06-14T23:32:57.471">
  <mem-info id="144" free="3145728" total="15728640" percent="20">
    <remembered-set count="4032" freebytes="611712" totalbytes="627840" percent="97" regionsoverflowed="0" regionsstable="0" regionsrebuilding="1"/>
  </mem-info>
</gc-start>
<gc-op id="145" type="mark increment" timems="1.112" contextid="119" timestamp="2019-06-14T23:32:57.472">
  <trace-info objectcount="358" scancount="358" scanbytes="8984" />
  <cardclean-info objects="1556" bytes="72744" />
  <finalization candidates="124" enqueued="0" />
  <ownableSynchronizers candidates="3" cleared="0" />
  <references type="soft" candidates="149" cleared="0" enqueued="0" dynamicThreshold="12" maxThreshold="32" />
  <references type="weak" candidates="773" cleared="0" enqueued="0" />
  <references type="phantom" candidates="64" cleared="0" enqueued="0" />
  <stringconstants candidates="4596" cleared="0"  />
</gc-op>
<gc-op id="146" type="classunload" timems="0.002" contextid="119" timestamp="2019-06-14T23:32:57.472">
  <classunload-info classloadercandidates="8" classloadersunloaded="0" classesunloaded="0" anonymousclassesunloaded="0" quiescems="0.000" setupms="0.002" scanms="0.000" postms="0.000" />
</gc-op>
<gc-end id="147" type="global mark phase" contextid="119" durationms="1.581" usertimems="4.000" systemtimems="0.000" timestamp="2019-06-14T23:32:57.472" activeThreads="4">
  <mem-info id="148" free="3145728" total="15728640" percent="20">
    <remembered-set count="4544" freebytes="609664" totalbytes="627840" percent="97" regionsoverflowed="0" regionsstable="0" regionsrebuilding="0"/>
  </mem-info>
</gc-end>
<cycle-end id="149" type="global mark phase" contextid="119" timestamp="2019-06-14T23:32:57.473" />
  <attribute name="elasticGC enabled" value="1" />
  <attribute name= "numThreadsSpecified" value="4" />
  <attribute name="heapSize specified" value="0" />
  <attribute name="Current GC Util" value="0" />
  <attribute name= "Current Time Running" value="1469" />
  <attribute name ="GC Interval" value="0" />
  <attribute name="ProportionalT" value="-10.000000" />
  <attribute name="ProportionalI" value="-10.000000" />
  <attribute name="ProportionalH" value="-10.000000" />
  <attribute name="Current Error" value="-20.000000" />
  <attribute name="IntegralT" value="0.000000" />
  <attribute name="IntegralI" value="0.000000" />
  <attribute name="IntegralH" value="0.000000" />
  <attribute name="DerivativeT" value="-inf" />
  <attribute name="DerivativeI" value="-inf" />
  <attribute name="DerivativeH" value="-inf" />
  <attribute name="Loop Time for DT" value="0.000000" />
  <attribute name="Output H" value="2091843584"/>
  <attribute name="Output I" value="200"/>
  <attribute name="Output T" value="4"/>
  <attribute name="Target GC Util Change" value ="20.000000" />
  <attribute name="Current GC Util Change" value="0.000000"/>
  <attribute name="GC Util currently" value="0" />
  <attribute name="CPU Util currently" value="70729211020999" />
<exclusive-end id="150" timestamp="2019-06-14T23:32:57.473" durationms="2.295" />

<exclusive-start id="151" timestamp="2019-06-14T23:32:57.488" intervalms="17.630">
  <response-info timems="0.069" idlems="0.069" threads="0" lastid="0000000001DA0900" lastname="Thread-7" />
</exclusive-start>
<allocation-taxation id="152" taxation-threshold="3145728" timestamp="2019-06-14T23:32:57.488" intervalms="17.615" />
<cycle-start id="153" type="partial gc" contextid="0" timestamp="2019-06-14T23:32:57.488" intervalms="36.008" />
<gc-start id="154" type="partial gc" contextid="153" timestamp="2019-06-14T23:32:57.489">
  <mem-info id="155" free="0" total="15728640" percent="0">
    <mem type="eden" free="0" total="6291456" percent="0" />
    <remembered-set count="2464" freebytes="617984" totalbytes="627840" percent="98" regionsoverflowed="0" regionsstable="1" regionsrebuilding="0"/>
  </mem-info>
</gc-start>
<allocation-stats totalBytes="6290520" >
  <allocated-bytes non-tlh="0" tlh="6290520" arrayletleaf="0"/>
  <largest-consumer threadName="Thread-7" threadId="0000000001DA0900" bytes="3145288" />
</allocation-stats>
<gc-op id="156" type="sweep" timems="0.616" contextid="153" timestamp="2019-06-14T23:32:57.490" />
<gc-op id="157" type="mark" timems="1.172" contextid="153" timestamp="2019-06-14T23:32:57.491">
  <trace-info objectcount="669" scancount="669" scanbytes="16432" />
  <cardclean-info objects="1288" bytes="62232" />
  <remembered-set-cleared processed="1131" cleared="184" durationms="0.074" />
  <stringconstants candidates="4596" cleared="0"  />
  <warning details="Mark invoked due to insufficient free space for Copy-Forward" />
</gc-op>
<gc-op id="158" type="classunload" timems="0.001" contextid="153" timestamp="2019-06-14T23:32:57.491">
  <classunload-info classloadercandidates="8" classloadersunloaded="0" classesunloaded="0" anonymousclassesunloaded="0" quiescems="0.000" setupms="0.001" scanms="0.000" postms="0.000" />
</gc-op>
<gc-op id="159" type="sweep" timems="0.477" contextid="153" timestamp="2019-06-14T23:32:57.492" />
<gc-op id="160" type="compact" timems="2.472" contextid="153" timestamp="2019-06-14T23:32:57.495">
  <compact-info movecount="13276" movebytes="919072" />
  <remembered-set-cleared processed="1720" cleared="572" durationms="0.074" />
</gc-op>
<heap-resize id="161" type="expand" space="default" amount="3145728" count="1" timems="0.070" reason="excessive time being spent in gc" timestamp="2019-06-14T23:32:57.495" />
<gc-end id="162" type="partial gc" contextid="153" durationms="6.672" usertimems="4.000" systemtimems="0.000" timestamp="2019-06-14T23:32:57.495" activeThreads="4">
  <mem-info id="163" free="9437184" total="18874368" percent="50">
    <mem type="eden" free="1038048" total="1048576" percent="98" />
    <remembered-set count="2432" freebytes="743680" totalbytes="753408" percent="98" regionsoverflowed="0" regionsstable="1" regionsrebuilding="0"/>
  </mem-info>
</gc-end>
<cycle-end id="164" type="partial gc" contextid="153" timestamp="2019-06-14T23:32:57.495" />
  <attribute name="elasticGC enabled" value="1" />
  <attribute name= "numThreadsSpecified" value="4" />
  <attribute name="heapSize specified" value="0" />
  <attribute name="Current GC Util" value="20" />
  <attribute name= "Current Time Running" value="1490" />
  <attribute name ="GC Interval" value="0" />
  <attribute name="ProportionalT" value="0.000000" />
  <attribute name="ProportionalI" value="0.000000" />
  <attribute name="ProportionalH" value="0.000000" />
  <attribute name="Current Error" value="0.000000" />
  <attribute name="IntegralT" value="0.000000" />
  <attribute name="IntegralI" value="0.000000" />
  <attribute name="IntegralH" value="0.000000" />
  <attribute name="DerivativeT" value="-43.000000" />
  <attribute name="DerivativeI" value="-43.000000" />
  <attribute name="DerivativeH" value="-43.000000" />
  <attribute name="Loop Time for DT" value="1.000000" />
  <attribute name="Output H" value="2091843584"/>
  <attribute name="Output I" value="200"/>
  <attribute name="Output T" value="4"/>
  <attribute name="Target GC Util Change" value ="20.000000" />
  <attribute name="Current GC Util Change" value="20.000000"/>
  <attribute name="GC Util currently" value="20" />
  <attribute name="CPU Util currently" value="5912880387983" />
<exclusive-end id="165" timestamp="2019-06-14T23:32:57.496" durationms="7.564" />

<exclusive-start id="166" timestamp="2019-06-14T23:32:57.516" intervalms="27.994">
  <response-info timems="0.076" idlems="0.076" threads="0" lastid="0000000001DA0900" lastname="Thread-7" />
</exclusive-start>
<allocation-taxation id="167" taxation-threshold="4194304" timestamp="2019-06-14T23:32:57.516" intervalms="27.968" />
<cycle-start id="168" type="global mark phase" contextid="0" timestamp="2019-06-14T23:32:57.516" intervalms="77.022" />
<gc-start id="169" type="global mark phase" contextid="168" timestamp="2019-06-14T23:32:57.516">
  <mem-info id="170" free="5242880" total="18874368" percent="27">
    <remembered-set count="2208" freebytes="744576" totalbytes="753408" percent="98" regionsoverflowed="0" regionsstable="1" regionsrebuilding="0"/>
  </mem-info>
</gc-start>
<gc-op id="171" type="mark increment" timems="0.504" contextid="168" timestamp="2019-06-14T23:32:57.517">
  <trace-info objectcount="136" scancount="0" scanbytes="0" />
</gc-op>
<gc-end id="172" type="global mark phase" contextid="168" durationms="0.713" usertimems="0.000" systemtimems="0.000" timestamp="2019-06-14T23:32:57.517" activeThreads="4">
  <mem-info id="173" free="5242880" total="18874368" percent="27">
    <remembered-set count="2208" freebytes="744576" totalbytes="753408" percent="98" regionsoverflowed="0" regionsstable="0" regionsrebuilding="1"/>
  </mem-info>
</gc-end>
<concurrent-start id="174" type="GMP work packet processing" contextid="168" timestamp="2019-06-14T23:32:57.517">
  <concurrent-mark-start scanTarget="18446744073709551615" />
</concurrent-start>
<concurrent-end id="175" type="GMP work packet processing" contextid="168" timestamp="2019-06-14T23:32:57.520">
  <concurrent-mark-end bytesScanned="1495220" reasonForTermination="Completed all work in GC phase" />
</concurrent-end>

<exclusive-end id="176" timestamp="2019-06-14T23:32:57.520" durationms="4.186" />

<exclusive-start id="177" timestamp="2019-06-14T23:32:57.541" intervalms="25.325">
  <response-info timems="0.067" idlems="0.067" threads="0" lastid="0000000001DA0900" lastname="Thread-7" />
</exclusive-start>
<allocation-taxation id="178" taxation-threshold="4194304" timestamp="2019-06-14T23:32:57.542" intervalms="25.308" />
<cycle-start id="179" type="partial gc" contextid="0" timestamp="2019-06-14T23:32:57.542" intervalms="53.241" />
<gc-start id="180" type="partial gc" contextid="179" timestamp="2019-06-14T23:32:57.542">
  <mem-info id="181" free="1048576" total="18874368" percent="5">
    <mem type="eden" free="0" total="8388608" percent="0" />
    <remembered-set count="4256" freebytes="736384" totalbytes="753408" percent="97" regionsoverflowed="0" regionsstable="0" regionsrebuilding="1"/>
  </mem-info>
</gc-start>
<allocation-stats totalBytes="8387592" >
  <allocated-bytes non-tlh="0" tlh="8387592" arrayletleaf="0"/>
  <largest-consumer threadName="Thread-7" threadId="0000000001DA0900" bytes="4193896" />
</allocation-stats>
<gc-op id="182" type="copy forward" timems="0.936" contextid="179" timestamp="2019-06-14T23:32:57.543">
  <memory-copied type="eden" objects="528" bytes="12808" bytesdiscarded="0" />
  <memory-copied type="other" objects="348" bytes="8352" bytesdiscarded="0" />
  <memory-cardclean objects="1596" bytes="77064" />
  <regions eden="8" other="1" />
  <remembered-set-cleared processed="2980" cleared="211" durationms="0.088" />
  <stringconstants candidates="4596" cleared="0"  />
  <heap-resize type="expand" space="default" amount="1048576" count="1" timems="0.061" reason="continue current collection" />
</gc-op>
<gc-op id="183" type="classunload" timems="0.002" contextid="179" timestamp="2019-06-14T23:32:57.543">
  <classunload-info classloadercandidates="8" classloadersunloaded="0" classesunloaded="0" anonymousclassesunloaded="0" quiescems="0.000" setupms="0.002" scanms="0.000" postms="0.000" />
</gc-op>
<heap-resize id="184" type="expand" space="default" amount="4194304" count="1" timems="0.075" reason="excessive time being spent in gc" timestamp="2019-06-14T23:32:57.544" />
<gc-end id="185" type="partial gc" contextid="179" durationms="2.121" usertimems="0.000" systemtimems="0.000" timestamp="2019-06-14T23:32:57.544" activeThreads="1">
  <mem-info id="186" free="13631488" total="24117248" percent="56">
    <mem type="eden" free="1035768" total="1048576" percent="98" />
    <remembered-set count="4448" freebytes="944896" totalbytes="962688" percent="98" regionsoverflowed="0" regionsstable="0" regionsrebuilding="1"/>
  </mem-info>
</gc-end>
<cycle-end id="187" type="partial gc" contextid="179" timestamp="2019-06-14T23:32:57.544" />
  <attribute name="elasticGC enabled" value="1" />
  <attribute name= "numThreadsSpecified" value="1" />
  <attribute name="heapSize specified" value="0" />
  <attribute name="Current GC Util" value="39" />
  <attribute name= "Current Time Running" value="1540" />
  <attribute name ="GC Interval" value="0" />
  <attribute name="ProportionalT" value="9.500000" />
  <attribute name="ProportionalI" value="9.500000" />
  <attribute name="ProportionalH" value="9.500000" />
  <attribute name="Current Error" value="19.000000" />
  <attribute name="IntegralT" value="0.000000" />
  <attribute name="IntegralI" value="0.000000" />
  <attribute name="IntegralH" value="0.000000" />
  <attribute name="DerivativeT" value="inf" />
  <attribute name="DerivativeI" value="inf" />
  <attribute name="DerivativeH" value="inf" />
  <attribute name="Loop Time for DT" value="0.000000" />
  <attribute name="Output H" value="8388608"/>
  <attribute name="Output I" value="200"/>
  <attribute name="Output T" value="1"/>
  <attribute name="Target GC Util Change" value ="20.000000" />
  <attribute name="Current GC Util Change" value="39.000000"/>
  <attribute name="GC Util currently" value="39" />
  <attribute name="CPU Util currently" value="17073299557447" />
<exclusive-end id="188" timestamp="2019-06-14T23:32:57.544" durationms="2.866" />

<exclusive-start id="189" timestamp="2019-06-14T23:32:57.574" intervalms="32.430">
  <response-info timems="0.074" idlems="0.074" threads="0" lastid="0000000001DA0900" lastname="Thread-7" />
</exclusive-start>
<allocation-taxation id="190" taxation-threshold="6291456" timestamp="2019-06-14T23:32:57.574" intervalms="32.437" />
<gc-start id="191" type="global mark phase" contextid="168" timestamp="2019-06-14T23:32:57.574">
  <mem-info id="192" free="7340032" total="24117248" percent="30">
    <remembered-set count="4448" freebytes="944896" totalbytes="962688" percent="98" regionsoverflowed="0" regionsstable="0" regionsrebuilding="1"/>
  </mem-info>
</gc-start>
<gc-op id="193" type="mark increment" timems="1.192" contextid="168" timestamp="2019-06-14T23:32:57.575">
  <trace-info objectcount="812" scancount="812" scanbytes="19880" />
  <cardclean-info objects="2386" bytes="108312" />
  <finalization candidates="124" enqueued="0" />
  <ownableSynchronizers candidates="3" cleared="0" />
  <references type="soft" candidates="149" cleared="0" enqueued="0" dynamicThreshold="18" maxThreshold="32" />
  <references type="weak" candidates="773" cleared="0" enqueued="0" />
  <references type="phantom" candidates="64" cleared="0" enqueued="0" />
  <stringconstants candidates="4596" cleared="0"  />
</gc-op>
<gc-op id="194" type="classunload" timems="0.003" contextid="168" timestamp="2019-06-14T23:32:57.575">
  <classunload-info classloadercandidates="8" classloadersunloaded="0" classesunloaded="0" anonymousclassesunloaded="0" quiescems="0.000" setupms="0.003" scanms="0.000" postms="0.000" />
</gc-op>
<gc-end id="195" type="global mark phase" contextid="168" durationms="1.521" usertimems="4.000" systemtimems="0.000" timestamp="2019-06-14T23:32:57.576" activeThreads="4">
  <mem-info id="196" free="7340032" total="24117248" percent="30">
    <remembered-set count="4448" freebytes="944896" totalbytes="962688" percent="98" regionsoverflowed="0" regionsstable="0" regionsrebuilding="0"/>
  </mem-info>
</gc-end>
<cycle-end id="197" type="global mark phase" contextid="168" timestamp="2019-06-14T23:32:57.576" />
  <attribute name="elasticGC enabled" value="1" />
  <attribute name= "numThreadsSpecified" value="4" />
  <attribute name="heapSize specified" value="0" />
  <attribute name="Current GC Util" value="0" />
  <attribute name= "Current Time Running" value="1572" />
  <attribute name ="GC Interval" value="0" />
  <attribute name="ProportionalT" value="-10.000000" />
  <attribute name="ProportionalI" value="-10.000000" />
  <attribute name="ProportionalH" value="-10.000000" />
  <attribute name="Current Error" value="-20.000000" />
  <attribute name="IntegralT" value="0.000000" />
  <attribute name="IntegralI" value="0.000000" />
  <attribute name="IntegralH" value="0.000000" />
  <attribute name="DerivativeT" value="-inf" />
  <attribute name="DerivativeI" value="-inf" />
  <attribute name="DerivativeH" value="-inf" />
  <attribute name="Loop Time for DT" value="0.000000" />
  <attribute name="Output H" value="2091843584"/>
  <attribute name="Output I" value="200"/>
  <attribute name="Output T" value="4"/>
  <attribute name="Target GC Util Change" value ="20.000000" />
  <attribute name="Current GC Util Change" value="0.000000"/>
  <attribute name="GC Util currently" value="0" />
  <attribute name="CPU Util currently" value="52529085652730" />
<exclusive-end id="198" timestamp="2019-06-14T23:32:57.576" durationms="1.978" />

<exclusive-start id="199" timestamp="2019-06-14T23:32:57.607" intervalms="33.672">
  <response-info timems="0.123" idlems="0.123" threads="0" lastid="0000000001DA0900" lastname="Thread-7" />
</exclusive-start>
<allocation-taxation id="200" taxation-threshold="6291456" timestamp="2019-06-14T23:32:57.608" intervalms="33.701" />
<cycle-start id="201" type="partial gc" contextid="0" timestamp="2019-06-14T23:32:57.608" intervalms="66.142" />
<gc-start id="202" type="partial gc" contextid="201" timestamp="2019-06-14T23:32:57.608">
  <mem-info id="203" free="1048576" total="24117248" percent="4">
    <mem type="eden" free="0" total="12582912" percent="0" />
    <remembered-set count="2368" freebytes="953216" totalbytes="962688" percent="99" regionsoverflowed="0" regionsstable="1" regionsrebuilding="0"/>
  </mem-info>
</gc-start>
<allocation-stats totalBytes="12581360" >
  <allocated-bytes non-tlh="0" tlh="12581360" arrayletleaf="0"/>
  <largest-consumer threadName="Thread-7" threadId="0000000001DA0900" bytes="6290696" />
</allocation-stats>
<gc-op id="204" type="sweep" timems="0.567" contextid="201" timestamp="2019-06-14T23:32:57.609" />
<gc-op id="205" type="copy forward" timems="0.893" contextid="201" timestamp="2019-06-14T23:32:57.610">
  <memory-copied type="eden" objects="351" bytes="8776" bytesdiscarded="0" />
  <memory-copied type="other" objects="992" bytes="23808" bytesdiscarded="0" />
  <memory-cardclean objects="2044" bytes="98488" />
  <memory-traced type="eden" objects="43" bytes="1032" />
  <memory-traced type="other" objects="0" bytes="0" />
  <regions eden="6" other="7" evacuated="12" marked="1" />
  <remembered-set-cleared processed="1081" cleared="194" durationms="0.068" />
  <stringconstants candidates="4596" cleared="0"  />
  <heap-resize type="expand" space="default" amount="1048576" count="1" timems="0.049" reason="continue current collection" />
</gc-op>
<gc-op id="206" type="classunload" timems="0.003" contextid="201" timestamp="2019-06-14T23:32:57.610">
  <classunload-info classloadercandidates="8" classloadersunloaded="0" classesunloaded="0" anonymousclassesunloaded="0" quiescems="0.000" setupms="0.002" scanms="0.000" postms="0.000" />
</gc-op>
<gc-op id="207" type="sweep" timems="0.457" contextid="201" timestamp="2019-06-14T23:32:57.611" />
<gc-op id="208" type="compact" timems="0.993" contextid="201" timestamp="2019-06-14T23:32:57.612">
  <compact-info movecount="43" movebytes="1032" />
  <remembered-set-cleared processed="2489" cleared="226" durationms="0.068" />
</gc-op>
<gc-end id="209" type="partial gc" contextid="201" durationms="4.561" usertimems="4.000" systemtimems="0.000" timestamp="2019-06-14T23:32:57.613" activeThreads="4">
  <mem-info id="210" free="12582912" total="25165824" percent="50">
    <mem type="eden" free="2075896" total="2097152" percent="98" />
    <remembered-set count="2176" freebytes="995840" totalbytes="1004544" percent="99" regionsoverflowed="0" regionsstable="1" regionsrebuilding="0"/>
  </mem-info>
</gc-end>
<cycle-end id="211" type="partial gc" contextid="201" timestamp="2019-06-14T23:32:57.613" />
  <attribute name="elasticGC enabled" value="1" />
  <attribute name= "numThreadsSpecified" value="4" />
  <attribute name="heapSize specified" value="0" />
  <attribute name="Current GC Util" value="26" />
  <attribute name= "Current Time Running" value="1609" />
  <attribute name ="GC Interval" value="0" />
  <attribute name="ProportionalT" value="3.000000" />
  <attribute name="ProportionalI" value="3.000000" />
  <attribute name="ProportionalH" value="3.000000" />
  <attribute name="Current Error" value="6.000000" />
  <attribute name="IntegralT" value="6.000000" />
  <attribute name="IntegralI" value="6.000000" />
  <attribute name="IntegralH" value="6.000000" />
  <attribute name="DerivativeT" value="6.000000" />
  <attribute name="DerivativeI" value="6.000000" />
  <attribute name="DerivativeH" value="6.000000" />
  <attribute name="Loop Time for DT" value="1.000000" />
  <attribute name="Output H" value="8388608"/>
  <attribute name="Output I" value="200"/>
  <attribute name="Output T" value="4"/>
  <attribute name="Target GC Util Change" value ="20.000000" />
  <attribute name="Current GC Util Change" value="26.000000"/>
  <attribute name="GC Util currently" value="26" />
  <attribute name="CPU Util currently" value="6829921620365" />
<exclusive-end id="212" timestamp="2019-06-14T23:32:57.613" durationms="5.428" />

<exclusive-start id="213" timestamp="2019-06-14T23:32:57.661" intervalms="53.250">
  <response-info timems="0.057" idlems="0.057" threads="0" lastid="0000000001DA0900" lastname="Thread-7" />
</exclusive-start>
<allocation-taxation id="214" taxation-threshold="12582912" timestamp="2019-06-14T23:32:57.661" intervalms="53.255" />
<cycle-start id="215" type="partial gc" contextid="0" timestamp="2019-06-14T23:32:57.661" intervalms="53.261" />
<gc-start id="216" type="partial gc" contextid="215" timestamp="2019-06-14T23:32:57.661">
  <mem-info id="217" free="0" total="25165824" percent="0">
    <mem type="eden" free="0" total="12582912" percent="0" />
    <remembered-set count="1760" freebytes="997504" totalbytes="1004544" percent="99" regionsoverflowed="0" regionsstable="1" regionsrebuilding="0"/>
  </mem-info>
</gc-start>
<allocation-stats totalBytes="12581528" >
  <allocated-bytes non-tlh="0" tlh="12581528" arrayletleaf="0"/>
  <largest-consumer threadName="Thread-7" threadId="0000000001DA0900" bytes="12581528" />
</allocation-stats>
<gc-op id="218" type="mark" timems="1.298" contextid="215" timestamp="2019-06-14T23:32:57.663">
  <trace-info objectcount="1480" scancount="1480" scanbytes="35888" />
  <cardclean-info objects="2118" bytes="102040" />
  <remembered-set-cleared processed="1278" cleared="200" durationms="0.071" />
  <stringconstants candidates="4596" cleared="0"  />
  <warning details="Mark invoked due to insufficient free space for Copy-Forward" />
</gc-op>
<gc-op id="219" type="classunload" timems="0.002" contextid="215" timestamp="2019-06-14T23:32:57.663">
  <classunload-info classloadercandidates="8" classloadersunloaded="0" classesunloaded="0" anonymousclassesunloaded="0" quiescems="0.000" setupms="0.002" scanms="0.000" postms="0.000" />
</gc-op>
<gc-op id="220" type="sweep" timems="0.355" contextid="215" timestamp="2019-06-14T23:32:57.664" />
<gc-op id="221" type="compact" timems="1.270" contextid="215" timestamp="2019-06-14T23:32:57.665">
  <compact-info movecount="1437" movebytes="34856" />
  <remembered-set-cleared processed="2617" cleared="457" durationms="0.071" />
</gc-op>
<gc-end id="222" type="partial gc" contextid="215" durationms="4.281" usertimems="0.000" systemtimems="4.000" timestamp="2019-06-14T23:32:57.666" activeThreads="4">
  <mem-info id="223" free="12582912" total="25165824" percent="50">
    <mem type="eden" free="1032152" total="1048576" percent="98" />
    <remembered-set count="2912" freebytes="992896" totalbytes="1004544" percent="98" regionsoverflowed="0" regionsstable="1" regionsrebuilding="0"/>
  </mem-info>
</gc-end>
<cycle-end id="224" type="partial gc" contextid="215" timestamp="2019-06-14T23:32:57.666" />
  <attribute name="elasticGC enabled" value="1" />
  <attribute name= "numThreadsSpecified" value="4" />
  <attribute name="heapSize specified" value="0" />
  <attribute name="Current GC Util" value="24" />
  <attribute name= "Current Time Running" value="1662" />
  <attribute name ="GC Interval" value="0" />
  <attribute name="ProportionalT" value="2.000000" />
  <attribute name="ProportionalI" value="2.000000" />
  <attribute name="ProportionalH" value="2.000000" />
  <attribute name="Current Error" value="4.000000" />
  <attribute name="IntegralT" value="4.000000" />
  <attribute name="IntegralI" value="4.000000" />
  <attribute name="IntegralH" value="4.000000" />
  <attribute name="DerivativeT" value="-43.000000" />
  <attribute name="DerivativeI" value="-43.000000" />
  <attribute name="DerivativeH" value="-43.000000" />
  <attribute name="Loop Time for DT" value="1.000000" />
  <attribute name="Output H" value="2091843584"/>
  <attribute name="Output I" value="200"/>
  <attribute name="Output T" value="4"/>
  <attribute name="Target GC Util Change" value ="20.000000" />
  <attribute name="Current GC Util Change" value="24.000000"/>
  <attribute name="GC Util currently" value="24" />
  <attribute name="CPU Util currently" value="7629241931473" />
<exclusive-end id="225" timestamp="2019-06-14T23:32:57.666" durationms="5.073" />

</verbosegc>

