<?xml version="1.0" ?>

<verbosegc xmlns="http://www.ibm.com/j9/verbosegc" version="6fe7bac_CMPRSS">

<initialized id="1" timestamp="2019-08-03T02:24:05.399">
  <attribute name="gcPolicy" value="-Xgcpolicy:optavgpause" />
  <attribute name="elasticGC enabled" value="1" />
  <attribute name= "numThreadsSpecified" value="0" />
  <attribute name="heapSize specified" value="0" />
  <attribute name= "numCores" value="0" />
  <attribute name ="GC Interval" value="0" />
  <attribute name="GC Util Range Max" value="0" />
  <attribute name="Current GC Util" value="0" />
  <attribute name= "Current Time Running" value="0" />
  <attribute name="maxHeapSize" value="0x7cba0000" />
  <attribute name="initialHeapSize" value="0x800000" />
  <attribute name="compressedRefs" value="true" />
  <attribute name="compressedRefsDisplacement" value="0x0" />
  <attribute name="compressedRefsShift" value="0x0" />
  <attribute name="pageSize" value="0x1000" />
  <attribute name="pageType" value="not used" />
  <attribute name="requestedPageSize" value="0x1000" />
  <attribute name="requestedPageType" value="not used" />
  <attribute name="gcthreads" value="8" />
  <attribute name="packetListSplit" value="8" />
  <attribute name="cacheListSplit" value="8" />
  <attribute name="splitFreeListSplitAmount" value="1" />
  <attribute name="numaNodes" value="0" />
  <system>
    <attribute name="physicalMemory" value="8370401280" />
    <attribute name="numCPUs" value="8" />
    <attribute name="architecture" value="amd64" />
    <attribute name="os" value="Linux" />
    <attribute name="osVersion" value="4.4.0-154-generic" />
  </system>
  <vmargs>
    <vmarg name="-Xoptionsfile=/vagrant/jdk/lib/options.default" />
    <vmarg name="-Xlockword:mode=default,noLockword=java/lang/String,noLockword=java/util/MapEntry,noLockword=java/util/HashMap$Entry,noLockword..." />
    <vmarg name="-Xjcl:jclse29" />
    <vmarg name="-Dcom.ibm.oti.vm.bootstrap.library.path=/vagrant/jdk/lib/compressedrefs:/vagrant/jdk/lib" />
    <vmarg name="-Dsun.boot.library.path=/vagrant/jdk/lib/compressedrefs:/vagrant/jdk/lib" />
    <vmarg name="-Djava.library.path=/vagrant/jdk/lib/compressedrefs:/vagrant/jdk/lib:/usr/lib64:/usr/lib" />
    <vmarg name="-Djava.home=/vagrant/jdk" />
    <vmarg name="-Duser.dir=/vagrant" />
    <vmarg name="-Xgcpolicy:optavgpause" />
    <vmarg name="-Xgcelastic" />
    <vmarg name="-Xcheck:gc:::elasticGC" />
    <vmarg name="-verbose:gc" />
    <vmarg name="-Xloggc:jdkR-small-OAP-8core-verbose10pmd.txt" />
    <vmarg name="-Djava.class.path=dacapo-9.12-MR1-bach.jar" />
    <vmarg name="-Dsun.java.command=dacapo-9.12-MR1-bach.jar pmd --size=small" />
    <vmarg name="-Dsun.java.launcher=SUN_STANDARD" />
    <vmarg name="-Dsun.java.launcher.pid=11842" />
  </vmargs>
</initialized>

<exclusive-start id="2" timestamp="2019-08-03T02:24:06.227" intervalms="827.279">
  <response-info timems="0.023" idlems="0.023" threads="0" lastid="0000000000F2CA00" lastname="main" />
</exclusive-start>
<sys-start reason="explicit" id="3" timestamp="2019-08-03T02:24:06.227" intervalms="827.565" />
<cycle-start id="4" type="global" contextid="0" timestamp="2019-08-03T02:24:06.227" intervalms="827.896" />
<gc-start id="5" type="global" contextid="4" timestamp="2019-08-03T02:24:06.227">
  <mem-info id="6" free="1481176" total="8388608" percent="17">
    <mem type="tenure" free="1481176" total="8388608" percent="17">
      <mem type="soa" free="1062360" total="7969792" percent="13" />
      <mem type="loa" free="418816" total="418816" percent="100" />
    </mem>
  </mem-info>
</gc-start>
<allocation-stats totalBytes="6898672" >
  <allocated-bytes non-tlh="460328" tlh="6438344" />
  <largest-consumer threadName="main" threadId="0000000000F2CA00" bytes="6805728" />
</allocation-stats>
<gc-op id="7" type="mark" timems="2.322" contextid="4" timestamp="2019-08-03T02:24:06.230">
  <trace-info objectcount="20002" scancount="16580" scanbytes="533828" />
  <finalization candidates="46" enqueued="1" />
  <ownableSynchronizers candidates="4" cleared="3" />
  <references type="soft" candidates="66" cleared="0" enqueued="0" dynamicThreshold="32" maxThreshold="32" />
  <references type="weak" candidates="911" cleared="529" enqueued="452" />
  <references type="phantom" candidates="125" cleared="44" enqueued="44" />
  <stringconstants candidates="2485" cleared="0"  />
</gc-op>
<gc-op id="8" type="classunload" timems="0.053" contextid="4" timestamp="2019-08-03T02:24:06.230">
  <classunload-info classloadercandidates="6" classloadersunloaded="0" classesunloaded="0" anonymousclassesunloaded="0" quiescems="0.000" setupms="0.052" scanms="0.000" postms="0.001" />
</gc-op>
<gc-op id="9" type="sweep" timems="0.645" contextid="4" timestamp="2019-08-03T02:24:06.231" />
<gc-end id="10" type="global" contextid="4" durationms="4.222" usertimems="0.000" systemtimems="8.000" timestamp="2019-08-03T02:24:06.231" activeThreads="8">
  <mem-info id="11" free="6772336" total="8388608" percent="80">
    <mem type="tenure" free="6772336" total="8388608" percent="80" micro-fragmented="266772">
      <mem type="soa" free="6353520" total="7969792" percent="79" />
      <mem type="loa" free="418816" total="418816" percent="100" />
    </mem>
    <pending-finalizers system="1" default="0" reference="496" classloader="0" />
  </mem-info>
</gc-end>
<cycle-end id="12" type="global" contextid="4" timestamp="2019-08-03T02:24:06.232" />
  <attribute name="elasticGC enabled" value="1" />
  <attribute name= "numThreadsSpecified" value="0" />
  <attribute name="heapSize specified" value="0" />
  <attribute name= "numCores" value="8" />
  <attribute name ="GC Interval" value="0" />
  <attribute name ="Control flow" value="1" />
  <attribute name="GC Util Range Max" value="124" />
  <attribute name="Current GC Util" value="25" />
  <attribute name= "Current Time Running" value="3" />
<sys-end id="13" timestamp="2019-08-03T02:24:06.232" />
<exclusive-end id="14" timestamp="2019-08-03T02:24:06.232" durationms="5.289" />

<exclusive-start id="15" timestamp="2019-08-03T02:24:06.444" intervalms="217.739">
  <response-info timems="0.079" idlems="0.079" threads="0" lastid="0000000000F2CA00" lastname="main" />
</exclusive-start>
<af-start id="16" threadId="0000000000F2D388" totalBytesRequested="88" timestamp="2019-08-03T02:24:06.444" intervalms="1045.199" />
<cycle-start id="17" type="global" contextid="0" timestamp="2019-08-03T02:24:06.444" intervalms="217.455" />
<gc-start id="18" type="global" contextid="17" timestamp="2019-08-03T02:24:06.445">
  <mem-info id="19" free="418816" total="8388608" percent="4">
    <mem type="tenure" free="418816" total="8388608" percent="4">
      <mem type="soa" free="0" total="7969792" percent="0" />
      <mem type="loa" free="418816" total="418816" percent="100" />
    </mem>
  </mem-info>
</gc-start>
<allocation-stats totalBytes="6288888" >
  <allocated-bytes non-tlh="741216" tlh="5547672" />
  <largest-consumer threadName="main" threadId="0000000000F2CA00" bytes="6279560" />
</allocation-stats>
<gc-op id="20" type="mark" timems="1.582" contextid="17" timestamp="2019-08-03T02:24:06.446">
  <trace-info objectcount="23777" scancount="19213" scanbytes="629932" />
  <finalization candidates="50" enqueued="0" />
  <ownableSynchronizers candidates="1" cleared="0" />
  <references type="soft" candidates="69" cleared="0" enqueued="0" dynamicThreshold="25" maxThreshold="32" />
  <references type="weak" candidates="550" cleared="85" enqueued="80" />
  <references type="phantom" candidates="88" cleared="5" enqueued="5" />
  <stringconstants candidates="3393" cleared="4"  />
</gc-op>
<gc-op id="21" type="sweep" timems="0.291" contextid="17" timestamp="2019-08-03T02:24:06.447" />
<mem-info id="22" free="6492472" total="8388608" percent="77">
  <mem type="tenure" free="6492472" total="8388608" percent="77" micro-fragmented="348928">
    <mem type="soa" free="6073656" total="7969792" percent="76" />
    <mem type="loa" free="418816" total="418816" percent="100" />
  </mem>
  <pending-finalizers system="0" default="0" reference="85" classloader="0" />
</mem-info>
<gc-op id="23" type="compact" timems="6.145" contextid="17" timestamp="2019-08-03T02:24:06.453">
  <compact-info movecount="23776" movebytes="1476264" reason="no compaction" />
</gc-op>
<gc-end id="24" type="global" contextid="17" durationms="8.885" usertimems="4.000" systemtimems="4.000" timestamp="2019-08-03T02:24:06.454" activeThreads="2">
  <mem-info id="25" free="6912168" total="8388608" percent="82">
    <mem type="tenure" free="6912168" total="8388608" percent="82">
      <mem type="soa" free="6493352" total="7969792" percent="81" />
      <mem type="loa" free="418816" total="418816" percent="100" />
    </mem>
    <pending-finalizers system="0" default="0" reference="85" classloader="0" />
  </mem-info>
</gc-end>
<cycle-end id="26" type="global" contextid="17" timestamp="2019-08-03T02:24:06.454" />
  <attribute name="elasticGC enabled" value="1" />
  <attribute name= "numThreadsSpecified" value="2" />
  <attribute name="heapSize specified" value="8388608" />
  <attribute name= "numCores" value="8" />
  <attribute name ="GC Interval" value="0" />
  <attribute name ="Control flow" value="1" />
  <attribute name="GC Util Range Max" value="124" />
  <attribute name="Current GC Util" value="0" />
  <attribute name= "Current Time Running" value="225" />
<allocation-satisfied id="27" threadId="0000000000F2CA00" bytesRequested="88" />
<af-end id="28" timestamp="2019-08-03T02:24:06.454" threadId="0000000000F2D388" success="true" />
<exclusive-end id="29" timestamp="2019-08-03T02:24:06.454" durationms="10.196" />

<exclusive-start id="30" timestamp="2019-08-03T02:24:06.795" intervalms="350.541">
  <response-info timems="0.023" idlems="0.023" threads="0" lastid="0000000000F2CA00" lastname="main" />
</exclusive-start>
<af-start id="31" threadId="0000000000F2D388" totalBytesRequested="144" timestamp="2019-08-03T02:24:06.795" intervalms="350.446" />
<cycle-start id="32" type="global" contextid="0" timestamp="2019-08-03T02:24:06.795" intervalms="350.356" />
<gc-start id="33" type="global" contextid="32" timestamp="2019-08-03T02:24:06.795">
  <mem-info id="34" free="418816" total="8388608" percent="4">
    <mem type="tenure" free="418816" total="8388608" percent="4">
      <mem type="soa" free="0" total="7969792" percent="0" />
      <mem type="loa" free="418816" total="418816" percent="100" />
    </mem>
  </mem-info>
</gc-start>
<allocation-stats totalBytes="6487696" >
  <allocated-bytes non-tlh="501064" tlh="5986632" />
  <largest-consumer threadName="main" threadId="0000000000F2CA00" bytes="1160224" />
</allocation-stats>
<gc-op id="35" type="mark" timems="1.087" contextid="32" timestamp="2019-08-03T02:24:06.796">
  <trace-info objectcount="27768" scancount="21867" scanbytes="693680" />
  <finalization candidates="58" enqueued="0" />
  <ownableSynchronizers candidates="5" cleared="4" />
  <references type="soft" candidates="102" cleared="0" enqueued="0" dynamicThreshold="26" maxThreshold="32" />
  <references type="weak" candidates="941" cleared="266" enqueued="190" />
  <references type="phantom" candidates="92" cleared="14" enqueued="14" />
  <stringconstants candidates="5222" cleared="1494"  />
</gc-op>
<gc-op id="36" type="classunload" timems="1.439" contextid="32" timestamp="2019-08-03T02:24:06.798">
  <classunload-info classloadercandidates="8" classloadersunloaded="2" classesunloaded="671" anonymousclassesunloaded="0" quiescems="0.000" setupms="1.261" scanms="0.175" postms="0.003" />
</gc-op>
<gc-op id="37" type="sweep" timems="0.141" contextid="32" timestamp="2019-08-03T02:24:06.798" />
<gc-end id="38" type="global" contextid="32" durationms="3.672" usertimems="0.000" systemtimems="4.000" timestamp="2019-08-03T02:24:06.799" activeThreads="2">
  <mem-info id="39" free="6589584" total="8388608" percent="78">
    <mem type="tenure" free="6589584" total="8388608" percent="78" micro-fragmented="186688">
      <mem type="soa" free="6244056" total="7969792" percent="78" />
      <mem type="loa" free="345528" total="418816" percent="82" />
    </mem>
    <pending-finalizers system="0" default="0" reference="204" classloader="0" />
  </mem-info>
</gc-end>
<cycle-end id="40" type="global" contextid="32" timestamp="2019-08-03T02:24:06.799" />
  <attribute name="elasticGC enabled" value="1" />
  <attribute name= "numThreadsSpecified" value="2" />
  <attribute name="heapSize specified" value="8388608" />
  <attribute name= "numCores" value="8" />
  <attribute name ="GC Interval" value="0" />
  <attribute name ="Control flow" value="1" />
  <attribute name="GC Util Range Max" value="124" />
  <attribute name="Current GC Util" value="142" />
  <attribute name= "Current Time Running" value="570" />
<allocation-satisfied id="41" threadId="0000000000F2CA00" bytesRequested="144" />
<af-end id="42" timestamp="2019-08-03T02:24:06.799" threadId="0000000000F2D388" success="true" />
<exclusive-end id="43" timestamp="2019-08-03T02:24:06.799" durationms="4.178" />

</verbosegc>

