<?xml version="1.0" ?>

<verbosegc xmlns="http://www.ibm.com/j9/verbosegc" version="10b4217_CMPRSS">

<initialized id="1" timestamp="2019-06-17T06:04:33.382">
  <attribute name="gcPolicy" value="-Xgcpolicy:gencon" />
  <attribute name="elasticGC enabled" value="1" />
  <attribute name= "numThreadsSpecified" value="0" />
  <attribute name="heapSize specified" value="0" />
  <attribute name="Current GC Util" value="0" />
  <attribute name= "Current Time Running" value="0" />
  <attribute name ="GC Interval" value="0" />
  <attribute name="ProportionalT" value="0.000000" />
  <attribute name="ProportionalI" value="0.000000" />
  <attribute name="ProportionalH" value="0.000000" />
  <attribute name="IntegralT" value="0.000000" />
  <attribute name="IntegralI" value="0.000000" />
  <attribute name="IntegralH" value="0.000000" />
  <attribute name="DerivativeT" value="0.000000" />
  <attribute name="DerivativeI" value="0.000000" />
  <attribute name="DerivativeH" value="0.000000" />
  <attribute name="Target GC Util Change" value ="0.000000" />
  <attribute name="Current GC Util Change" value="0.000000"/>
  <attribute name="Current Error" value="0.000000" />
  <attribute name="Loop Time for DT" value="0.000000" />
  <attribute name="Output H" value="0"/>
  <attribute name="Output I" value="0"/>
  <attribute name="Output T" value="0"/>
  <attribute name="GC Util currently" value="0" />
  <attribute name="CPU Util currently" value="0" />
  <attribute name="maxHeapSize" value="0x7cbc0000" />
  <attribute name="initialHeapSize" value="0x800000" />
  <attribute name="compressedRefs" value="true" />
  <attribute name="compressedRefsDisplacement" value="0x0" />
  <attribute name="compressedRefsShift" value="0x0" />
  <attribute name="pageSize" value="0x1000" />
  <attribute name="pageType" value="not used" />
  <attribute name="requestedPageSize" value="0x1000" />
  <attribute name="requestedPageType" value="not used" />
  <attribute name="gcthreads" value="4" />
  <attribute name="gcthreads Concurrent Mark" value="1" />
  <attribute name="packetListSplit" value="4" />
  <attribute name="cacheListSplit" value="4" />
  <attribute name="splitFreeListSplitAmount" value="1" />
  <attribute name="numaNodes" value="0" />
  <system>
    <attribute name="physicalMemory" value="8370962432" />
    <attribute name="numCPUs" value="4" />
    <attribute name="architecture" value="amd64" />
    <attribute name="os" value="Linux" />
    <attribute name="osVersion" value="4.4.0-148-generic" />
  </system>
  <vmargs>
    <vmarg name="-Xoptionsfile=/vagrant/jdk/lib/options.default" />
    <vmarg name="-Xlockword:mode=default,noLockword=java/lang/String,noLockword=java/util/MapEntry,noLockword=java/util/HashMap$Entry,noLockword..." />
    <vmarg name="-Xjcl:jclse29" />
    <vmarg name="-Dcom.ibm.oti.vm.bootstrap.library.path=/vagrant/jdk/lib/compressedrefs:/vagrant/jdk/lib" />
    <vmarg name="-Dsun.boot.library.path=/vagrant/jdk/lib/compressedrefs:/vagrant/jdk/lib" />
    <vmarg name="-Djava.library.path=/vagrant/jdk/lib/compressedrefs:/vagrant/jdk/lib:/usr/lib64:/usr/lib" />
    <vmarg name="-Djava.home=/vagrant/jdk" />
    <vmarg name="-Duser.dir=/vagrant" />
    <vmarg name="-verbose:gc" />
    <vmarg name="-Xgcelastic" />
    <vmarg name="-Xcheck:gc:::elasticGC" />
    <vmarg name="-Xloggc:default-jdk-1-1-1-verbose12sunflow.txt" />
    <vmarg name="-Djava.class.path=dacapo-9.12-MR1-bach.jar" />
    <vmarg name="-Dsun.java.command=dacapo-9.12-MR1-bach.jar sunflow --size=default" />
    <vmarg name="-Dsun.java.launcher=SUN_STANDARD" />
    <vmarg name="-Dsun.java.launcher.pid=14536" />
  </vmargs>
</initialized>

<exclusive-start id="2" timestamp="2019-06-17T06:04:33.601" intervalms="218.544">
  <response-info timems="0.021" idlems="0.021" threads="0" lastid="000000000197B700" lastname="main" />
</exclusive-start>
<af-start id="3" threadId="000000000197C088" totalBytesRequested="7176" timestamp="2019-06-17T06:04:33.601" intervalms="218.889" type="nursery" />
<cycle-start id="4" type="scavenge" contextid="0" timestamp="2019-06-17T06:04:33.602" intervalms="219.387" />
<gc-start id="5" type="scavenge" contextid="4" timestamp="2019-06-17T06:04:33.607">
  <mem-info id="6" free="6062624" total="8388608" percent="72">
    <mem type="nursery" free="0" total="2097152" percent="0">
      <mem type="allocate" free="0" total="1048576" percent="0" />
      <mem type="survivor" free="0" total="1048576" percent="0" />
    </mem>
    <mem type="tenure" free="6062624" total="6291456" percent="96">
      <mem type="soa" free="5748256" total="5977088" percent="96" />
      <mem type="loa" free="314368" total="314368" percent="100" />
    </mem>
    <remembered-set count="3161" />
  </mem-info>
</gc-start>
<allocation-stats totalBytes="1275632" >
  <allocated-bytes non-tlh="344784" tlh="930848" />
  <largest-consumer threadName="main" threadId="000000000197B700" bytes="1199072" />
</allocation-stats>
<gc-op id="7" type="scavenge" timems="1.984" contextid="4" timestamp="2019-06-17T06:04:33.609">
  <scavenger-info tenureage="2" tenuremask="fffc" tiltratio="50" />
  <memory-copied type="nursery" objects="10578" bytes="479616" bytesdiscarded="225368" />
  <finalization candidates="11" enqueued="0" />
  <references type="soft" candidates="62" cleared="0" enqueued="0" dynamicThreshold="32" maxThreshold="32" />
  <references type="weak" candidates="309" cleared="177" enqueued="141" />
  <references type="phantom" candidates="25" cleared="6" enqueued="6" />
</gc-op>
<gc-end id="8" type="scavenge" contextid="4" durationms="5.561" usertimems="0.000" systemtimems="4.000" timestamp="2019-06-17T06:04:33.613" activeThreads="4">
  <mem-info id="9" free="6404120" total="8388608" percent="76">
    <mem type="nursery" free="341496" total="2097152" percent="16">
      <mem type="allocate" free="341496" total="1048576" percent="32" />
      <mem type="survivor" free="0" total="1048576" percent="0" />
    </mem>
    <mem type="tenure" free="6062624" total="6291456" percent="96">
      <mem type="soa" free="5748256" total="5977088" percent="96" />
      <mem type="loa" free="314368" total="314368" percent="100" />
    </mem>
    <pending-finalizers system="0" default="0" reference="147" classloader="0" />
    <remembered-set count="3161" />
  </mem-info>
</gc-end>
<cycle-end id="10" type="scavenge" contextid="4" timestamp="2019-06-17T06:04:33.613" />
  <attribute name="elasticGC enabled" value="1" />
  <attribute name= "numThreadsSpecified" value="0" />
  <attribute name="heapSize specified" value="0" />
  <attribute name="Current GC Util" value="0" />
  <attribute name= "Current Time Running" value="80" />
  <attribute name ="GC Interval" value="1" />
  <attribute name="ProportionalT" value="0.000000" />
  <attribute name="ProportionalI" value="0.000000" />
  <attribute name="ProportionalH" value="0.000000" />
  <attribute name="Current Error" value="0.000000" />
  <attribute name="IntegralT" value="0.000000" />
  <attribute name="IntegralI" value="0.000000" />
  <attribute name="IntegralH" value="0.000000" />
  <attribute name="DerivativeT" value="0.000000" />
  <attribute name="DerivativeI" value="0.000000" />
  <attribute name="DerivativeH" value="0.000000" />
  <attribute name="Loop Time for DT" value="0.000000" />
  <attribute name="Output H" value="0"/>
  <attribute name="Output I" value="0"/>
  <attribute name="Output T" value="0"/>
  <attribute name="Target GC Util Change" value ="20.000000" />
  <attribute name="Current GC Util Change" value="0.000000"/>
  <attribute name="GC Util currently" value="0" />
  <attribute name="CPU Util currently" value="21" />
<allocation-satisfied id="11" threadId="000000000197B700" bytesRequested="7176" />
<af-end id="12" timestamp="2019-06-17T06:04:33.613" threadId="000000000197C088" success="true" from="nursery"/>
<exclusive-end id="13" timestamp="2019-06-17T06:04:33.613" durationms="12.260" />

<exclusive-start id="14" timestamp="2019-06-17T06:04:33.630" intervalms="29.066">
  <response-info timems="0.046" idlems="0.046" threads="0" lastid="000000000197B700" lastname="main" />
</exclusive-start>
<af-start id="15" threadId="000000000197C088" totalBytesRequested="96" timestamp="2019-06-17T06:04:33.630" intervalms="28.820" type="nursery" />
<cycle-start id="16" type="scavenge" contextid="0" timestamp="2019-06-17T06:04:33.630" intervalms="28.409" />
<gc-start id="17" type="scavenge" contextid="16" timestamp="2019-06-17T06:04:33.634">
  <mem-info id="18" free="6054976" total="8388608" percent="72">
    <mem type="nursery" free="0" total="2097152" percent="0">
      <mem type="allocate" free="0" total="1048576" percent="0" />
      <mem type="survivor" free="0" total="1048576" percent="0" />
    </mem>
    <mem type="tenure" free="6054976" total="6291456" percent="96">
      <mem type="soa" free="5740608" total="5977088" percent="96" />
      <mem type="loa" free="314368" total="314368" percent="100" />
    </mem>
    <remembered-set count="3261" />
  </mem-info>
</gc-start>
<allocation-stats totalBytes="348040" >
  <allocated-bytes non-tlh="14824" tlh="333216" />
  <largest-consumer threadName="main" threadId="000000000197B700" bytes="336064" />
</allocation-stats>
<gc-op id="19" type="scavenge" timems="0.788" contextid="16" timestamp="2019-06-17T06:04:33.635">
  <scavenger-info tenureage="5" tenuremask="7fe0" tiltratio="50" />
  <memory-copied type="nursery" objects="10882" bytes="484104" bytesdiscarded="92608" />
  <finalization candidates="11" enqueued="0" />
  <references type="soft" candidates="62" cleared="0" enqueued="0" dynamicThreshold="32" maxThreshold="32" />
  <references type="weak" candidates="235" cleared="91" enqueued="88" />
  <references type="phantom" candidates="35" cleared="11" enqueued="11" />
</gc-op>
<gc-end id="20" type="scavenge" contextid="16" durationms="1.111" usertimems="0.000" systemtimems="4.000" timestamp="2019-06-17T06:04:33.635" activeThreads="4">
  <mem-info id="21" free="6525384" total="8388608" percent="77">
    <mem type="nursery" free="470408" total="2097152" percent="22">
      <mem type="allocate" free="470408" total="1048576" percent="44" />
      <mem type="survivor" free="0" total="1048576" percent="0" />
    </mem>
    <mem type="tenure" free="6054976" total="6291456" percent="96">
      <mem type="soa" free="5740608" total="5977088" percent="96" />
      <mem type="loa" free="314368" total="314368" percent="100" />
    </mem>
    <pending-finalizers system="0" default="0" reference="99" classloader="0" />
    <remembered-set count="3261" />
  </mem-info>
</gc-end>
<cycle-end id="22" type="scavenge" contextid="16" timestamp="2019-06-17T06:04:33.635" />
  <attribute name="elasticGC enabled" value="1" />
  <attribute name= "numThreadsSpecified" value="4" />
  <attribute name="heapSize specified" value="0" />
  <attribute name="Current GC Util" value="41" />
  <attribute name= "Current Time Running" value="106" />
  <attribute name ="GC Interval" value="568" />
  <attribute name="ProportionalT" value="21.000000" />
  <attribute name="ProportionalI" value="21.000000" />
  <attribute name="ProportionalH" value="21.000000" />
  <attribute name="Current Error" value="21.000000" />
  <attribute name="IntegralT" value="546.000000" />
  <attribute name="IntegralI" value="546.000000" />
  <attribute name="IntegralH" value="546.000000" />
  <attribute name="DerivativeT" value="0.807692" />
  <attribute name="DerivativeI" value="0.807692" />
  <attribute name="DerivativeH" value="0.807692" />
  <attribute name="Loop Time for DT" value="26.000000" />
  <attribute name="Output H" value="8388608"/>
  <attribute name="Output I" value="568"/>
  <attribute name="Output T" value="4"/>
  <attribute name="Target GC Util Change" value ="20.000000" />
  <attribute name="Current GC Util Change" value="41.000000"/>
  <attribute name="GC Util currently" value="41" />
  <attribute name="CPU Util currently" value="17" />
<allocation-satisfied id="23" threadId="000000000197B700" bytesRequested="96" />
<af-end id="24" timestamp="2019-06-17T06:04:33.635" threadId="000000000197C088" success="true" from="nursery"/>
<exclusive-end id="25" timestamp="2019-06-17T06:04:33.635" durationms="5.570" />

<exclusive-start id="26" timestamp="2019-06-17T06:04:33.653" intervalms="23.535">
  <response-info timems="0.132" idlems="0.132" threads="0" lastid="000000000197B700" lastname="main" />
</exclusive-start>
<af-start id="27" threadId="000000000197C088" totalBytesRequested="16392" timestamp="2019-06-17T06:04:33.653" intervalms="23.523" type="nursery" />
<cycle-start id="28" type="scavenge" contextid="0" timestamp="2019-06-17T06:04:33.653" intervalms="23.501" />
<gc-start id="29" type="scavenge" contextid="28" timestamp="2019-06-17T06:04:33.654">
  <mem-info id="30" free="6052200" total="8388608" percent="72">
    <mem type="nursery" free="0" total="2097152" percent="0">
      <mem type="allocate" free="0" total="1048576" percent="0" />
      <mem type="survivor" free="0" total="1048576" percent="0" />
    </mem>
    <mem type="tenure" free="6052200" total="6291456" percent="96">
      <mem type="soa" free="5737832" total="5977088" percent="95" />
      <mem type="loa" free="314368" total="314368" percent="100" />
    </mem>
    <remembered-set count="3295" />
  </mem-info>
</gc-start>
<allocation-stats totalBytes="454320" >
  <allocated-bytes non-tlh="2872" tlh="451448" />
  <largest-consumer threadName="main" threadId="000000000197B700" bytes="446128" />
</allocation-stats>
<gc-op id="31" type="scavenge" timems="0.830" contextid="28" timestamp="2019-06-17T06:04:33.654">
  <scavenger-info tenureage="4" tenuremask="7ff0" tiltratio="50" />
  <memory-copied type="nursery" objects="10901" bytes="520736" bytesdiscarded="91736" />
  <finalization candidates="11" enqueued="0" />
  <references type="soft" candidates="62" cleared="0" enqueued="0" dynamicThreshold="32" maxThreshold="32" />
  <references type="weak" candidates="224" cleared="78" enqueued="78" />
  <references type="phantom" candidates="36" cleared="10" enqueued="10" />
</gc-op>
<gc-end id="32" type="scavenge" contextid="28" durationms="1.020" usertimems="0.000" systemtimems="0.000" timestamp="2019-06-17T06:04:33.655" activeThreads="4">
  <mem-info id="33" free="6486856" total="8388608" percent="77">
    <mem type="nursery" free="434656" total="2097152" percent="20">
      <mem type="allocate" free="434656" total="1048576" percent="41" />
      <mem type="survivor" free="0" total="1048576" percent="0" />
    </mem>
    <mem type="tenure" free="6052200" total="6291456" percent="96">
      <mem type="soa" free="5737832" total="5977088" percent="95" />
      <mem type="loa" free="314368" total="314368" percent="100" />
    </mem>
    <pending-finalizers system="0" default="0" reference="88" classloader="0" />
    <remembered-set count="1025" />
  </mem-info>
</gc-end>
<cycle-end id="34" type="scavenge" contextid="28" timestamp="2019-06-17T06:04:33.655" />
  <attribute name="elasticGC enabled" value="1" />
  <attribute name= "numThreadsSpecified" value="4" />
  <attribute name="heapSize specified" value="0" />
  <attribute name="Current GC Util" value="26" />
  <attribute name= "Current Time Running" value="126" />
  <attribute name ="GC Interval" value="672" />
  <attribute name="ProportionalT" value="6.000000" />
  <attribute name="ProportionalI" value="6.000000" />
  <attribute name="ProportionalH" value="6.000000" />
  <attribute name="Current Error" value="6.000000" />
  <attribute name="IntegralT" value="666.000000" />
  <attribute name="IntegralI" value="666.000000" />
  <attribute name="IntegralH" value="666.000000" />
  <attribute name="DerivativeT" value="-0.750000" />
  <attribute name="DerivativeI" value="-0.750000" />
  <attribute name="DerivativeH" value="-0.750000" />
  <attribute name="Loop Time for DT" value="20.000000" />
  <attribute name="Output H" value="8388608"/>
  <attribute name="Output I" value="672"/>
  <attribute name="Output T" value="4"/>
  <attribute name="Target GC Util Change" value ="20.000000" />
  <attribute name="Current GC Util Change" value="26.000000"/>
  <attribute name="GC Util currently" value="26" />
  <attribute name="CPU Util currently" value="30" />
<allocation-satisfied id="35" threadId="000000000197B700" bytesRequested="16392" />
<af-end id="36" timestamp="2019-06-17T06:04:33.655" threadId="000000000197C088" success="true" from="nursery"/>
<exclusive-end id="37" timestamp="2019-06-17T06:04:33.655" durationms="1.495" />

<exclusive-start id="38" timestamp="2019-06-17T06:04:33.722" intervalms="68.667">
  <response-info timems="0.032" idlems="0.032" threads="0" lastid="000000000197B700" lastname="main" />
</exclusive-start>
<af-start id="39" threadId="000000000197C088" totalBytesRequested="520" timestamp="2019-06-17T06:04:33.722" intervalms="68.663" type="nursery" />
<cycle-start id="40" type="scavenge" contextid="0" timestamp="2019-06-17T06:04:33.722" intervalms="68.667" />
<gc-start id="41" type="scavenge" contextid="40" timestamp="2019-06-17T06:04:33.722">
  <mem-info id="42" free="6047304" total="8388608" percent="72">
    <mem type="nursery" free="0" total="2097152" percent="0">
      <mem type="allocate" free="0" total="1048576" percent="0" />
      <mem type="survivor" free="0" total="1048576" percent="0" />
    </mem>
    <mem type="tenure" free="6047304" total="6291456" percent="96">
      <mem type="soa" free="5732936" total="5977088" percent="95" />
      <mem type="loa" free="314368" total="314368" percent="100" />
    </mem>
    <remembered-set count="1106" />
  </mem-info>
</gc-start>
<allocation-stats totalBytes="438904" >
  <allocated-bytes non-tlh="21288" tlh="417616" />
  <largest-consumer threadName="main" threadId="000000000197B700" bytes="438904" />
</allocation-stats>
<gc-op id="43" type="scavenge" timems="1.194" contextid="40" timestamp="2019-06-17T06:04:33.724">
  <scavenger-info tenureage="3" tenuremask="fff8" tiltratio="50" />
  <memory-copied type="nursery" objects="787" bytes="127368" bytesdiscarded="230200" />
  <memory-copied type="tenure" objects="10289" bytes="460040" bytesdiscarded="552" />
  <finalization candidates="14" enqueued="1" />
  <references type="soft" candidates="2" cleared="0" enqueued="0" dynamicThreshold="32" maxThreshold="32" />
  <references type="weak" candidates="72" cleared="57" enqueued="57" />
  <references type="phantom" candidates="24" cleared="12" enqueued="12" />
</gc-op>
<gc-end id="44" type="scavenge" contextid="40" durationms="1.396" usertimems="0.000" systemtimems="4.000" timestamp="2019-06-17T06:04:33.724" activeThreads="4">
  <mem-info id="45" free="6187160" total="8388608" percent="73">
    <mem type="nursery" free="690936" total="2097152" percent="32">
      <mem type="allocate" free="690936" total="1048576" percent="65" />
      <mem type="survivor" free="0" total="1048576" percent="0" />
    </mem>
    <mem type="tenure" free="5496224" total="6291456" percent="87">
      <mem type="soa" free="5181856" total="5977088" percent="86" />
      <mem type="loa" free="314368" total="314368" percent="100" />
    </mem>
    <pending-finalizers system="1" default="0" reference="69" classloader="0" />
    <remembered-set count="221" />
  </mem-info>
</gc-end>
<cycle-end id="46" type="scavenge" contextid="40" timestamp="2019-06-17T06:04:33.724" />
  <attribute name="elasticGC enabled" value="1" />
  <attribute name= "numThreadsSpecified" value="4" />
  <attribute name="heapSize specified" value="0" />
  <attribute name="Current GC Util" value="2" />
  <attribute name= "Current Time Running" value="195" />
  <attribute name ="GC Interval" value="200" />
  <attribute name="ProportionalT" value="-18.000000" />
  <attribute name="ProportionalI" value="-18.000000" />
  <attribute name="ProportionalH" value="-18.000000" />
  <attribute name="Current Error" value="-18.000000" />
  <attribute name="IntegralT" value="-576.000000" />
  <attribute name="IntegralI" value="-576.000000" />
  <attribute name="IntegralH" value="-576.000000" />
  <attribute name="DerivativeT" value="-0.347826" />
  <attribute name="DerivativeI" value="-0.347826" />
  <attribute name="DerivativeH" value="-0.347826" />
  <attribute name="Loop Time for DT" value="69.000000" />
  <attribute name="Output H" value="2092630016"/>
  <attribute name="Output I" value="200"/>
  <attribute name="Output T" value="4"/>
  <attribute name="Target GC Util Change" value ="20.000000" />
  <attribute name="Current GC Util Change" value="2.000000"/>
  <attribute name="GC Util currently" value="2" />
  <attribute name="CPU Util currently" value="0" />
<allocation-satisfied id="47" threadId="000000000197B700" bytesRequested="520" />
<af-end id="48" timestamp="2019-06-17T06:04:33.724" threadId="000000000197C088" success="true" from="nursery"/>
<exclusive-end id="49" timestamp="2019-06-17T06:04:33.724" durationms="1.873" />

<exclusive-start id="50" timestamp="2019-06-17T06:04:33.790" intervalms="68.331">
  <response-info timems="0.031" idlems="0.031" threads="0" lastid="000000000197B700" lastname="main" />
</exclusive-start>
<af-start id="51" threadId="000000000197C088" totalBytesRequested="32" timestamp="2019-06-17T06:04:33.790" intervalms="68.385" type="nursery" />
<cycle-start id="52" type="scavenge" contextid="0" timestamp="2019-06-17T06:04:33.791" intervalms="68.405" />
<gc-start id="53" type="scavenge" contextid="52" timestamp="2019-06-17T06:04:33.791">
  <mem-info id="54" free="5418608" total="8388608" percent="64">
    <mem type="nursery" free="0" total="2097152" percent="0">
      <mem type="allocate" free="0" total="1048576" percent="0" />
      <mem type="survivor" free="0" total="1048576" percent="0" />
    </mem>
    <mem type="tenure" free="5418608" total="6291456" percent="86">
      <mem type="soa" free="5104240" total="5977088" percent="85" />
      <mem type="loa" free="314368" total="314368" percent="100" />
    </mem>
    <remembered-set count="1503" />
  </mem-info>
</gc-start>
<allocation-stats totalBytes="768080" >
  <allocated-bytes non-tlh="199864" tlh="568216" />
  <largest-consumer threadName="main" threadId="000000000197B700" bytes="763984" />
</allocation-stats>
<gc-op id="55" type="scavenge" timems="0.760" contextid="52" timestamp="2019-06-17T06:04:33.792">
  <scavenger-info tenureage="3" tenuremask="fff8" tiltratio="50" />
  <memory-copied type="nursery" objects="5202" bytes="285288" bytesdiscarded="68176" />
  <memory-copied type="tenure" objects="294" bytes="14784" bytesdiscarded="0" />
  <finalization candidates="18" enqueued="0" />
  <ownableSynchronizers candidates="1" cleared="0" />
  <references type="soft" candidates="46" cleared="0" enqueued="0" dynamicThreshold="32" maxThreshold="32" />
  <references type="weak" candidates="554" cleared="266" enqueued="185" />
  <references type="phantom" candidates="11" cleared="2" enqueued="2" />
</gc-op>
<gc-end id="56" type="scavenge" contextid="52" durationms="1.109" usertimems="0.000" systemtimems="0.000" timestamp="2019-06-17T06:04:33.792" activeThreads="4">
  <mem-info id="57" free="6074328" total="8388608" percent="72">
    <mem type="nursery" free="694888" total="2097152" percent="33">
      <mem type="allocate" free="694888" total="1048576" percent="66" />
      <mem type="survivor" free="0" total="1048576" percent="0" />
    </mem>
    <mem type="tenure" free="5379440" total="6291456" percent="85">
      <mem type="soa" free="5065072" total="5977088" percent="84" />
      <mem type="loa" free="314368" total="314368" percent="100" />
    </mem>
    <pending-finalizers system="0" default="0" reference="187" classloader="0" />
    <remembered-set count="1454" />
  </mem-info>
</gc-end>
<cycle-end id="58" type="scavenge" contextid="52" timestamp="2019-06-17T06:04:33.792" />
  <attribute name="elasticGC enabled" value="1" />
  <attribute name= "numThreadsSpecified" value="4" />
  <attribute name="heapSize specified" value="0" />
  <attribute name="Current GC Util" value="2" />
  <attribute name= "Current Time Running" value="263" />
  <attribute name ="GC Interval" value="200" />
  <attribute name="ProportionalT" value="-18.000000" />
  <attribute name="ProportionalI" value="-18.000000" />
  <attribute name="ProportionalH" value="-18.000000" />
  <attribute name="Current Error" value="-18.000000" />
  <attribute name="IntegralT" value="-1800.000000" />
  <attribute name="IntegralI" value="-1800.000000" />
  <attribute name="IntegralH" value="-1800.000000" />
  <attribute name="DerivativeT" value="-0.264706" />
  <attribute name="DerivativeI" value="-0.264706" />
  <attribute name="DerivativeH" value="-0.264706" />
  <attribute name="Loop Time for DT" value="68.000000" />
  <attribute name="Output H" value="2092630016"/>
  <attribute name="Output I" value="200"/>
  <attribute name="Output T" value="4"/>
  <attribute name="Target GC Util Change" value ="20.000000" />
  <attribute name="Current GC Util Change" value="2.000000"/>
  <attribute name="GC Util currently" value="2" />
  <attribute name="CPU Util currently" value="29" />
<allocation-satisfied id="59" threadId="000000000197B700" bytesRequested="32" />
<af-end id="60" timestamp="2019-06-17T06:04:33.792" threadId="000000000197C088" success="true" from="nursery"/>
<exclusive-end id="61" timestamp="2019-06-17T06:04:33.792" durationms="1.737" />

<exclusive-start id="62" timestamp="2019-06-17T06:04:33.882" intervalms="92.003">
  <response-info timems="0.024" idlems="0.024" threads="0" lastid="000000000197B700" lastname="main" />
</exclusive-start>
<af-start id="63" threadId="000000000197C088" totalBytesRequested="196616" timestamp="2019-06-17T06:04:33.882" intervalms="91.954" type="nursery" />
<cycle-start id="64" type="scavenge" contextid="0" timestamp="2019-06-17T06:04:33.882" intervalms="91.931" />
<gc-start id="65" type="scavenge" contextid="64" timestamp="2019-06-17T06:04:33.883">
  <mem-info id="66" free="5303264" total="8388608" percent="63">
    <mem type="nursery" free="0" total="2097152" percent="0">
      <mem type="allocate" free="0" total="1048576" percent="0" />
      <mem type="survivor" free="0" total="1048576" percent="0" />
    </mem>
    <mem type="tenure" free="5303264" total="6291456" percent="84">
      <mem type="soa" free="4988896" total="5977088" percent="83" />
      <mem type="loa" free="314368" total="314368" percent="100" />
    </mem>
    <remembered-set count="2529" />
  </mem-info>
</gc-start>
<allocation-stats totalBytes="770440" >
  <allocated-bytes non-tlh="76208" tlh="694232" />
  <largest-consumer threadName="main" threadId="000000000197B700" bytes="758608" />
</allocation-stats>
<gc-op id="67" type="scavenge" timems="0.860" contextid="64" timestamp="2019-06-17T06:04:33.884">
  <scavenger-info tenureage="3" tenuremask="fff8" tiltratio="50" />
  <memory-copied type="nursery" objects="9383" bytes="475792" bytesdiscarded="64160" />
  <memory-copied type="tenure" objects="31" bytes="1840" bytesdiscarded="0" />
  <finalization candidates="113" enqueued="0" />
  <ownableSynchronizers candidates="3" cleared="0" />
  <references type="soft" candidates="69" cleared="0" enqueued="0" dynamicThreshold="32" maxThreshold="32" />
  <references type="weak" candidates="621" cleared="32" enqueued="16" />
  <references type="phantom" candidates="16" cleared="0" enqueued="0" />
</gc-op>
<gc-end id="68" type="scavenge" contextid="64" durationms="1.065" usertimems="0.000" systemtimems="0.000" timestamp="2019-06-17T06:04:33.884" activeThreads="4">
  <mem-info id="69" free="5772088" total="8388608" percent="68">
    <mem type="nursery" free="507992" total="2097152" percent="24">
      <mem type="allocate" free="507992" total="1048576" percent="48" />
      <mem type="survivor" free="0" total="1048576" percent="0" />
    </mem>
    <mem type="tenure" free="5264096" total="6291456" percent="83">
      <mem type="soa" free="4949728" total="5977088" percent="82" />
      <mem type="loa" free="314368" total="314368" percent="100" />
    </mem>
    <pending-finalizers system="0" default="0" reference="16" classloader="0" />
    <remembered-set count="2434" />
  </mem-info>
</gc-end>
<cycle-end id="70" type="scavenge" contextid="64" timestamp="2019-06-17T06:04:33.884" />
  <attribute name="elasticGC enabled" value="1" />
  <attribute name= "numThreadsSpecified" value="4" />
  <attribute name="heapSize specified" value="0" />
  <attribute name="Current GC Util" value="1" />
  <attribute name= "Current Time Running" value="355" />
  <attribute name ="GC Interval" value="200" />
  <attribute name="ProportionalT" value="-19.000000" />
  <attribute name="ProportionalI" value="-19.000000" />
  <attribute name="ProportionalH" value="-19.000000" />
  <attribute name="Current Error" value="-19.000000" />
  <attribute name="IntegralT" value="-3548.000000" />
  <attribute name="IntegralI" value="-3548.000000" />
  <attribute name="IntegralH" value="-3548.000000" />
  <attribute name="DerivativeT" value="-0.206522" />
  <attribute name="DerivativeI" value="-0.206522" />
  <attribute name="DerivativeH" value="-0.206522" />
  <attribute name="Loop Time for DT" value="92.000000" />
  <attribute name="Output H" value="2092630016"/>
  <attribute name="Output I" value="200"/>
  <attribute name="Output T" value="4"/>
  <attribute name="Target GC Util Change" value ="20.000000" />
  <attribute name="Current GC Util Change" value="1.000000"/>
  <attribute name="GC Util currently" value="1" />
  <attribute name="CPU Util currently" value="24" />
<allocation-satisfied id="71" threadId="000000000197B700" bytesRequested="196616" />
<af-end id="72" timestamp="2019-06-17T06:04:33.884" threadId="000000000197C088" success="true" from="nursery"/>
<exclusive-end id="73" timestamp="2019-06-17T06:04:33.884" durationms="1.560" />

<exclusive-start id="74" timestamp="2019-06-17T06:04:33.898" intervalms="15.525">
  <response-info timems="0.059" idlems="0.059" threads="0" lastid="000000000197B700" lastname="main" />
</exclusive-start>
<af-start id="75" threadId="000000000197C088" totalBytesRequested="262152" timestamp="2019-06-17T06:04:33.898" intervalms="15.580" type="nursery" />
<cycle-start id="76" type="scavenge" contextid="0" timestamp="2019-06-17T06:04:33.898" intervalms="15.653" />
<gc-start id="77" type="scavenge" contextid="76" timestamp="2019-06-17T06:04:33.898">
  <mem-info id="78" free="5279064" total="8388608" percent="62">
    <mem type="nursery" free="16464" total="2097152" percent="0">
      <mem type="allocate" free="16464" total="1048576" percent="1" />
      <mem type="survivor" free="0" total="1048576" percent="0" />
    </mem>
    <mem type="tenure" free="5262600" total="6291456" percent="83">
      <mem type="soa" free="4948232" total="5977088" percent="82" />
      <mem type="loa" free="314368" total="314368" percent="100" />
    </mem>
    <remembered-set count="2453" />
  </mem-info>
</gc-start>
<allocation-stats totalBytes="489096" >
  <allocated-bytes non-tlh="198112" tlh="290984" />
  <largest-consumer threadName="main" threadId="000000000197B700" bytes="480904" />
</allocation-stats>
<gc-op id="79" type="scavenge" timems="1.003" contextid="76" timestamp="2019-06-17T06:04:33.900">
  <scavenger-info tenureage="2" tenuremask="7ffc" tiltratio="50" />
  <memory-copied type="nursery" objects="4339" bytes="364176" bytesdiscarded="67160" />
  <memory-copied type="tenure" objects="4991" bytes="276768" bytesdiscarded="304" />
  <finalization candidates="113" enqueued="0" />
  <ownableSynchronizers candidates="3" cleared="0" />
  <references type="soft" candidates="23" cleared="0" enqueued="0" dynamicThreshold="32" maxThreshold="32" />
  <references type="weak" candidates="301" cleared="1" enqueued="1" />
  <references type="phantom" candidates="4" cleared="1" enqueued="1" />
</gc-op>
<gc-end id="80" type="scavenge" contextid="76" durationms="1.493" usertimems="4.000" systemtimems="0.000" timestamp="2019-06-17T06:04:33.900" activeThreads="4">
  <mem-info id="81" free="5717080" total="8388608" percent="68">
    <mem type="nursery" free="682488" total="2097152" percent="32">
      <mem type="allocate" free="682488" total="1114112" percent="61" />
      <mem type="survivor" free="0" total="983040" percent="0" />
    </mem>
    <mem type="tenure" free="5034592" total="6291456" percent="80">
      <mem type="soa" free="4720224" total="5977088" percent="78" />
      <mem type="loa" free="314368" total="314368" percent="100" />
    </mem>
    <pending-finalizers system="0" default="0" reference="2" classloader="0" />
    <remembered-set count="1217" />
  </mem-info>
</gc-end>
<cycle-end id="82" type="scavenge" contextid="76" timestamp="2019-06-17T06:04:33.900" />
  <attribute name="elasticGC enabled" value="1" />
  <attribute name= "numThreadsSpecified" value="4" />
  <attribute name="heapSize specified" value="0" />
  <attribute name="Current GC Util" value="9" />
  <attribute name= "Current Time Running" value="371" />
  <attribute name ="GC Interval" value="200" />
  <attribute name="ProportionalT" value="-11.000000" />
  <attribute name="ProportionalI" value="-11.000000" />
  <attribute name="ProportionalH" value="-11.000000" />
  <attribute name="Current Error" value="-11.000000" />
  <attribute name="IntegralT" value="-176.000000" />
  <attribute name="IntegralI" value="-176.000000" />
  <attribute name="IntegralH" value="-176.000000" />
  <attribute name="DerivativeT" value="-0.687500" />
  <attribute name="DerivativeI" value="-0.687500" />
  <attribute name="DerivativeH" value="-0.687500" />
  <attribute name="Loop Time for DT" value="16.000000" />
  <attribute name="Output H" value="2092630016"/>
  <attribute name="Output I" value="200"/>
  <attribute name="Output T" value="4"/>
  <attribute name="Target GC Util Change" value ="20.000000" />
  <attribute name="Current GC Util Change" value="9.000000"/>
  <attribute name="GC Util currently" value="9" />
  <attribute name="CPU Util currently" value="290680265730" />
<allocation-satisfied id="83" threadId="000000000197B700" bytesRequested="262152" />
<af-end id="84" timestamp="2019-06-17T06:04:33.900" threadId="000000000197C088" success="true" from="nursery"/>
<exclusive-end id="85" timestamp="2019-06-17T06:04:33.900" durationms="2.201" />

<exclusive-start id="86" timestamp="2019-06-17T06:04:33.914" intervalms="16.622">
  <response-info timems="0.053" idlems="0.053" threads="0" lastid="000000000197B700" lastname="main" />
</exclusive-start>
<af-start id="87" threadId="000000000197C088" totalBytesRequested="16" timestamp="2019-06-17T06:04:33.915" intervalms="16.597" type="nursery" />
<cycle-start id="88" type="scavenge" contextid="0" timestamp="2019-06-17T06:04:33.915" intervalms="16.560" />
<gc-start id="89" type="scavenge" contextid="88" timestamp="2019-06-17T06:04:33.915">
  <mem-info id="90" free="5034592" total="8388608" percent="60">
    <mem type="nursery" free="0" total="2097152" percent="0">
      <mem type="allocate" free="0" total="1114112" percent="0" />
      <mem type="survivor" free="0" total="983040" percent="0" />
    </mem>
    <mem type="tenure" free="5034592" total="6291456" percent="80">
      <mem type="soa" free="4720224" total="5977088" percent="78" />
      <mem type="loa" free="314368" total="314368" percent="100" />
    </mem>
    <remembered-set count="1217" />
  </mem-info>
</gc-start>
<allocation-stats totalBytes="682488" >
  <allocated-bytes non-tlh="262152" tlh="420336" />
  <largest-consumer threadName="main" threadId="000000000197B700" bytes="674296" />
</allocation-stats>
<gc-op id="91" type="scavenge" timems="0.630" contextid="88" timestamp="2019-06-17T06:04:33.916">
  <scavenger-info tenureage="1" tenuremask="7ffe" tiltratio="53" />
  <memory-copied type="nursery" objects="2" bytes="262672" bytesdiscarded="100088" />
  <memory-copied type="tenure" objects="4332" bytes="363968" bytesdiscarded="104" />
  <finalization candidates="95" enqueued="0" />
  <ownableSynchronizers candidates="2" cleared="0" />
</gc-op>
<gc-end id="92" type="scavenge" contextid="88" durationms="0.931" usertimems="0.000" systemtimems="0.000" timestamp="2019-06-17T06:04:33.916" activeThreads="4">
  <mem-info id="93" free="5533008" total="8388608" percent="65">
    <mem type="nursery" free="882424" total="2097152" percent="42">
      <mem type="allocate" free="882424" total="1245184" percent="70" />
      <mem type="survivor" free="0" total="851968" percent="0" />
    </mem>
    <mem type="tenure" free="4650584" total="6291456" percent="73">
      <mem type="soa" free="4336216" total="5977088" percent="72" />
      <mem type="loa" free="314368" total="314368" percent="100" />
    </mem>
    <remembered-set count="83" />
  </mem-info>
</gc-end>
<cycle-end id="94" type="scavenge" contextid="88" timestamp="2019-06-17T06:04:33.916" />
  <attribute name="elasticGC enabled" value="1" />
  <attribute name= "numThreadsSpecified" value="4" />
  <attribute name="heapSize specified" value="0" />
  <attribute name="Current GC Util" value="9" />
  <attribute name= "Current Time Running" value="387" />
  <attribute name ="GC Interval" value="200" />
  <attribute name="ProportionalT" value="-11.000000" />
  <attribute name="ProportionalI" value="-11.000000" />
  <attribute name="ProportionalH" value="-11.000000" />
  <attribute name="Current Error" value="-11.000000" />
  <attribute name="IntegralT" value="-176.000000" />
  <attribute name="IntegralI" value="-176.000000" />
  <attribute name="IntegralH" value="-176.000000" />
  <attribute name="DerivativeT" value="-0.687500" />
  <attribute name="DerivativeI" value="-0.687500" />
  <attribute name="DerivativeH" value="-0.687500" />
  <attribute name="Loop Time for DT" value="16.000000" />
  <attribute name="Output H" value="2092630016"/>
  <attribute name="Output I" value="200"/>
  <attribute name="Output T" value="4"/>
  <attribute name="Target GC Util Change" value ="20.000000" />
  <attribute name="Current GC Util Change" value="9.000000"/>
  <attribute name="GC Util currently" value="9" />
  <attribute name="CPU Util currently" value="280204649497" />
<allocation-satisfied id="95" threadId="000000000197B700" bytesRequested="16" />
<af-end id="96" timestamp="2019-06-17T06:04:33.916" threadId="000000000197C088" success="true" from="nursery"/>
<exclusive-end id="97" timestamp="2019-06-17T06:04:33.916" durationms="1.566" />

<exclusive-start id="98" timestamp="2019-06-17T06:04:33.924" intervalms="9.901">
  <response-info timems="0.032" idlems="0.032" threads="0" lastid="000000000197B700" lastname="main" />
</exclusive-start>
<af-start id="99" threadId="000000000197C088" totalBytesRequested="262152" timestamp="2019-06-17T06:04:33.924" intervalms="9.891" type="nursery" />
<cycle-start id="100" type="scavenge" contextid="0" timestamp="2019-06-17T06:04:33.925" intervalms="9.891" />
<gc-start id="101" type="scavenge" contextid="100" timestamp="2019-06-17T06:04:33.925">
  <mem-info id="102" free="4840784" total="8388608" percent="57">
    <mem type="nursery" free="190200" total="2097152" percent="9">
      <mem type="allocate" free="190200" total="1245184" percent="15" />
      <mem type="survivor" free="0" total="851968" percent="0" />
    </mem>
    <mem type="tenure" free="4650584" total="6291456" percent="73">
      <mem type="soa" free="4336216" total="5977088" percent="72" />
      <mem type="loa" free="314368" total="314368" percent="100" />
    </mem>
    <remembered-set count="87" />
  </mem-info>
</gc-start>
<allocation-stats totalBytes="692224" >
  <allocated-bytes non-tlh="16" tlh="692208" />
  <largest-consumer threadName="main" threadId="000000000197B700" bytes="692224" />
</allocation-stats>
<gc-op id="103" type="scavenge" timems="0.254" contextid="100" timestamp="2019-06-17T06:04:33.925">
  <scavenger-info tenureage="1" tenuremask="7ffe" tiltratio="59" />
  <memory-copied type="nursery" objects="9" bytes="240" bytesdiscarded="78096" />
  <memory-copied type="tenure" objects="2" bytes="262672" bytesdiscarded="0" />
  <references type="weak" candidates="2" cleared="2" enqueued="2" />
</gc-op>
<gc-end id="104" type="scavenge" contextid="100" durationms="0.630" usertimems="0.000" systemtimems="0.000" timestamp="2019-06-17T06:04:33.925" activeThreads="4">
  <mem-info id="105" free="5620816" total="8388608" percent="67">
    <mem type="nursery" free="1232384" total="2097152" percent="58">
      <mem type="allocate" free="1232384" total="1310720" percent="94" />
      <mem type="survivor" free="0" total="786432" percent="0" />
    </mem>
    <mem type="tenure" free="4388432" total="6291456" percent="69">
      <mem type="soa" free="4074064" total="5977088" percent="68" />
      <mem type="loa" free="314368" total="314368" percent="100" />
    </mem>
    <pending-finalizers system="0" default="0" reference="2" classloader="0" />
    <remembered-set count="70" />
  </mem-info>
</gc-end>
<cycle-end id="106" type="scavenge" contextid="100" timestamp="2019-06-17T06:04:33.925" />
  <attribute name="elasticGC enabled" value="1" />
  <attribute name= "numThreadsSpecified" value="4" />
  <attribute name="heapSize specified" value="0" />
  <attribute name="Current GC Util" value="12" />
  <attribute name= "Current Time Running" value="397" />
  <attribute name ="GC Interval" value="200" />
  <attribute name="ProportionalT" value="-8.000000" />
  <attribute name="ProportionalI" value="-8.000000" />
  <attribute name="ProportionalH" value="-8.000000" />
  <attribute name="Current Error" value="-8.000000" />
  <attribute name="IntegralT" value="-80.000000" />
  <attribute name="IntegralI" value="-80.000000" />
  <attribute name="IntegralH" value="-80.000000" />
  <attribute name="DerivativeT" value="-0.800000" />
  <attribute name="DerivativeI" value="-0.800000" />
  <attribute name="DerivativeH" value="-0.800000" />
  <attribute name="Loop Time for DT" value="10.000000" />
  <attribute name="Output H" value="2092630016"/>
  <attribute name="Output I" value="200"/>
  <attribute name="Output T" value="4"/>
  <attribute name="Target GC Util Change" value ="20.000000" />
  <attribute name="Current GC Util Change" value="12.000000"/>
  <attribute name="GC Util currently" value="12" />
  <attribute name="CPU Util currently" value="462727159447" />
<allocation-satisfied id="107" threadId="000000000197B700" bytesRequested="262152" />
<af-end id="108" timestamp="2019-06-17T06:04:33.926" threadId="000000000197C088" success="true" from="nursery"/>
<exclusive-end id="109" timestamp="2019-06-17T06:04:33.926" durationms="1.294" />

<exclusive-start id="110" timestamp="2019-06-17T06:04:33.926" intervalms="1.464">
  <response-info timems="0.023" idlems="0.023" threads="0" lastid="000000000197B700" lastname="main" />
</exclusive-start>
<sys-start reason="explicit" id="111" timestamp="2019-06-17T06:04:33.926" intervalms="543.719" />
<cycle-start id="112" type="global" contextid="0" timestamp="2019-06-17T06:04:33.926" intervalms="543.948" />
<gc-start id="113" type="global" contextid="112" timestamp="2019-06-17T06:04:33.926">
  <mem-info id="114" free="5358664" total="8388608" percent="63">
    <mem type="nursery" free="970232" total="2097152" percent="46">
      <mem type="allocate" free="970232" total="1310720" percent="74" />
      <mem type="survivor" free="0" total="786432" percent="0" />
    </mem>
    <mem type="tenure" free="4388432" total="6291456" percent="69">
      <mem type="soa" free="4074064" total="5977088" percent="68" />
      <mem type="loa" free="314368" total="314368" percent="100" />
    </mem>
    <remembered-set count="70" />
  </mem-info>
</gc-start>
<allocation-stats totalBytes="262152" >
  <allocated-bytes non-tlh="262152" tlh="0" />
  <largest-consumer threadName="main" threadId="000000000197B700" bytes="262152" />
</allocation-stats>
<gc-op id="115" type="mark" timems="1.702" contextid="112" timestamp="2019-06-17T06:04:33.928">
  <trace-info objectcount="29266" scancount="23457" scanbytes="763612" />
  <finalization candidates="124" enqueued="0" />
  <ownableSynchronizers candidates="3" cleared="0" />
  <references type="soft" candidates="131" cleared="0" enqueued="0" dynamicThreshold="32" maxThreshold="32" />
  <references type="weak" candidates="732" cleared="54" enqueued="27" />
  <references type="phantom" candidates="36" cleared="0" enqueued="0" />
  <stringconstants candidates="3958" cleared="0"  />
</gc-op>
<gc-op id="116" type="classunload" timems="0.052" contextid="112" timestamp="2019-06-17T06:04:33.928">
  <classunload-info classloadercandidates="7" classloadersunloaded="0" classesunloaded="0" anonymousclassesunloaded="0" quiescems="0.000" setupms="0.052" scanms="0.000" postms="0.000" />
</gc-op>
<gc-op id="117" type="sweep" timems="0.501" contextid="112" timestamp="2019-06-17T06:04:33.929" />
<mem-info id="118" free="5756880" total="8388608" percent="68">
  <mem type="nursery" free="1048448" total="2097152" percent="49">
    <mem type="allocate" free="1048448" total="1310720" percent="79" />
    <mem type="survivor" free="0" total="786432" percent="0" />
  </mem>
  <mem type="tenure" free="4708432" total="6291456" percent="74" micro-fragmented="32290" macro-fragmented="0">
    <mem type="soa" free="4394064" total="5977088" percent="73" />
    <mem type="loa" free="314368" total="314368" percent="100" />
  </mem>
  <pending-finalizers system="0" default="0" reference="27" classloader="0" />
  <remembered-set count="67" />
</mem-info>
<gc-op id="119" type="compact" timems="6.204" contextid="112" timestamp="2019-06-17T06:04:33.935">
  <compact-info movecount="24842" movebytes="1649440" reason="compact to aid heap contraction" />
</gc-op>
<gc-end id="120" type="global" contextid="112" durationms="9.426" usertimems="12.000" systemtimems="0.000" timestamp="2019-06-17T06:04:33.936" activeThreads="4">
  <mem-info id="121" free="5768840" total="8388608" percent="68">
    <mem type="nursery" free="1048528" total="2097152" percent="49">
      <mem type="allocate" free="1048528" total="1310720" percent="79" />
      <mem type="survivor" free="0" total="786432" percent="0" />
    </mem>
    <mem type="tenure" free="4720312" total="6291456" percent="75">
      <mem type="soa" free="4405944" total="5977088" percent="73" />
      <mem type="loa" free="314368" total="314368" percent="100" />
    </mem>
    <pending-finalizers system="0" default="0" reference="27" classloader="0" />
    <remembered-set count="67" />
  </mem-info>
</gc-end>
<cycle-end id="122" type="global" contextid="112" timestamp="2019-06-17T06:04:33.936" />
  <attribute name="elasticGC enabled" value="1" />
  <attribute name= "numThreadsSpecified" value="4" />
  <attribute name="heapSize specified" value="8388608" />
  <attribute name="Current GC Util" value="26" />
  <attribute name= "Current Time Running" value="408" />
  <attribute name ="GC Interval" value="200" />
  <attribute name="ProportionalT" value="6.000000" />
  <attribute name="ProportionalI" value="6.000000" />
  <attribute name="ProportionalH" value="6.000000" />
  <attribute name="Current Error" value="6.000000" />
  <attribute name="IntegralT" value="42.000000" />
  <attribute name="IntegralI" value="42.000000" />
  <attribute name="IntegralH" value="42.000000" />
  <attribute name="DerivativeT" value="0.857143" />
  <attribute name="DerivativeI" value="0.857143" />
  <attribute name="DerivativeH" value="0.857143" />
  <attribute name="Loop Time for DT" value="7.000000" />
  <attribute name="Output H" value="8388608"/>
  <attribute name="Output I" value="200"/>
  <attribute name="Output T" value="4"/>
  <attribute name="Target GC Util Change" value ="20.000000" />
  <attribute name="Current GC Util Change" value="26.000000"/>
  <attribute name="GC Util currently" value="26" />
  <attribute name="CPU Util currently" value="735428962397" />
<sys-end id="123" timestamp="2019-06-17T06:04:33.936" />
<exclusive-end id="124" timestamp="2019-06-17T06:04:33.936" durationms="10.026" />

<exclusive-start id="125" timestamp="2019-06-17T06:04:33.979" intervalms="53.433">
  <response-info timems="0.054" idlems="0.054" threads="0" lastid="000000000197B700" lastname="main" />
</exclusive-start>
<af-start id="126" threadId="000000000197C088" totalBytesRequested="16" timestamp="2019-06-17T06:04:33.979" intervalms="54.911" type="nursery" />
<cycle-start id="127" type="scavenge" contextid="0" timestamp="2019-06-17T06:04:33.980" intervalms="54.930" />
<gc-start id="128" type="scavenge" contextid="127" timestamp="2019-06-17T06:04:33.980">
  <mem-info id="129" free="4702080" total="8388608" percent="56">
    <mem type="nursery" free="0" total="2097152" percent="0">
      <mem type="allocate" free="0" total="1310720" percent="0" />
      <mem type="survivor" free="0" total="786432" percent="0" />
    </mem>
    <mem type="tenure" free="4702080" total="6291456" percent="74">
      <mem type="soa" free="4387712" total="5977088" percent="73" />
      <mem type="loa" free="314368" total="314368" percent="100" />
    </mem>
    <remembered-set count="399" />
  </mem-info>
</gc-start>
<allocation-stats totalBytes="1066144" >
  <allocated-bytes non-tlh="142048" tlh="924096" />
  <largest-consumer threadName="main" threadId="000000000197B700" bytes="1062048" />
</allocation-stats>
<gc-op id="130" type="scavenge" timems="0.565" contextid="127" timestamp="2019-06-17T06:04:33.980">
  <scavenger-info tenureage="2" tenuremask="7ffc" tiltratio="62" />
  <memory-copied type="nursery" objects="7961" bytes="705368" bytesdiscarded="21704" />
  <ownableSynchronizers candidates="6" cleared="6" />
  <references type="soft" candidates="12" cleared="0" enqueued="0" dynamicThreshold="24" maxThreshold="32" />
  <references type="weak" candidates="24" cleared="11" enqueued="9" />
  <references type="phantom" candidates="2" cleared="0" enqueued="0" />
</gc-op>
<gc-end id="131" type="scavenge" contextid="127" durationms="0.831" usertimems="0.000" systemtimems="0.000" timestamp="2019-06-17T06:04:33.980" activeThreads="4">
  <mem-info id="132" free="5023512" total="8388608" percent="59">
    <mem type="nursery" free="321432" total="2097152" percent="15">
      <mem type="allocate" free="321432" total="1048576" percent="30" />
      <mem type="survivor" free="0" total="1048576" percent="0" />
    </mem>
    <mem type="tenure" free="4702080" total="6291456" percent="74">
      <mem type="soa" free="4387712" total="5977088" percent="73" />
      <mem type="loa" free="314368" total="314368" percent="100" />
    </mem>
    <pending-finalizers system="0" default="0" reference="9" classloader="0" />
    <remembered-set count="391" />
  </mem-info>
</gc-end>
<cycle-end id="133" type="scavenge" contextid="127" timestamp="2019-06-17T06:04:33.981" />
  <attribute name="elasticGC enabled" value="1" />
  <attribute name= "numThreadsSpecified" value="4" />
  <attribute name="heapSize specified" value="8388608" />
  <attribute name="Current GC Util" value="17" />
  <attribute name= "Current Time Running" value="452" />
  <attribute name ="GC Interval" value="200" />
  <attribute name="ProportionalT" value="-3.000000" />
  <attribute name="ProportionalI" value="-3.000000" />
  <attribute name="ProportionalH" value="-3.000000" />
  <attribute name="Current Error" value="-3.000000" />
  <attribute name="IntegralT" value="-132.000000" />
  <attribute name="IntegralI" value="-132.000000" />
  <attribute name="IntegralH" value="-132.000000" />
  <attribute name="DerivativeT" value="-0.204545" />
  <attribute name="DerivativeI" value="-0.204545" />
  <attribute name="DerivativeH" value="-0.204545" />
  <attribute name="Loop Time for DT" value="44.000000" />
  <attribute name="Output H" value="2092630016"/>
  <attribute name="Output I" value="200"/>
  <attribute name="Output T" value="4"/>
  <attribute name="Target GC Util Change" value ="20.000000" />
  <attribute name="Current GC Util Change" value="17.000000"/>
  <attribute name="GC Util currently" value="17" />
  <attribute name="CPU Util currently" value="1" />
<allocation-satisfied id="134" threadId="000000000197B700" bytesRequested="16" />
<af-end id="135" timestamp="2019-06-17T06:04:33.981" threadId="000000000197C088" success="true" from="nursery"/>
<exclusive-end id="136" timestamp="2019-06-17T06:04:33.981" durationms="1.469" />

<exclusive-start id="137" timestamp="2019-06-17T06:04:33.998" intervalms="18.893">
  <response-info timems="0.037" idlems="0.037" threads="0" lastid="000000000197B700" lastname="main" />
</exclusive-start>
<af-start id="138" threadId="000000000197C088" totalBytesRequested="130008" timestamp="2019-06-17T06:04:33.998" intervalms="18.847" type="nursery" />
<cycle-start id="139" type="scavenge" contextid="0" timestamp="2019-06-17T06:04:33.998" intervalms="18.789" />
<gc-start id="140" type="scavenge" contextid="139" timestamp="2019-06-17T06:04:33.998">
  <mem-info id="141" free="4704296" total="8388608" percent="56">
    <mem type="nursery" free="9056" total="2097152" percent="0">
      <mem type="allocate" free="9056" total="1048576" percent="0" />
      <mem type="survivor" free="0" total="1048576" percent="0" />
    </mem>
    <mem type="tenure" free="4695240" total="6291456" percent="74">
      <mem type="soa" free="4380872" total="5977088" percent="73" />
      <mem type="loa" free="314368" total="314368" percent="100" />
    </mem>
    <remembered-set count="497" />
  </mem-info>
</gc-start>
<allocation-stats totalBytes="319200" >
  <allocated-bytes non-tlh="61168" tlh="258032" />
  <largest-consumer threadName="main" threadId="000000000197B700" bytes="315104" />
</allocation-stats>
<gc-op id="142" type="scavenge" timems="0.671" contextid="139" timestamp="2019-06-17T06:04:33.999">
  <scavenger-info tenureage="1" tenuremask="7ffe" tiltratio="50" />
  <memory-copied type="nursery" objects="3591" bytes="200224" bytesdiscarded="125136" />
  <memory-copied type="tenure" objects="7929" bytes="695496" bytesdiscarded="24" />
</gc-op>
<gc-end id="143" type="scavenge" contextid="139" durationms="0.869" usertimems="0.000" systemtimems="0.000" timestamp="2019-06-17T06:04:33.999" activeThreads="4">
  <mem-info id="144" free="4691256" total="8388608" percent="55">
    <mem type="nursery" free="723160" total="2097152" percent="34">
      <mem type="allocate" free="723160" total="1048576" percent="68" />
      <mem type="survivor" free="0" total="1048576" percent="0" />
    </mem>
    <mem type="tenure" free="3968096" total="6291456" percent="63">
      <mem type="soa" free="3653728" total="5977088" percent="61" />
      <mem type="loa" free="314368" total="314368" percent="100" />
    </mem>
    <remembered-set count="507" />
  </mem-info>
</gc-end>
<cycle-end id="145" type="scavenge" contextid="139" timestamp="2019-06-17T06:04:33.999" />
  <attribute name="elasticGC enabled" value="1" />
  <attribute name= "numThreadsSpecified" value="4" />
  <attribute name="heapSize specified" value="8388608" />
  <attribute name="Current GC Util" value="6" />
  <attribute name= "Current Time Running" value="471" />
  <attribute name ="GC Interval" value="200" />
  <attribute name="ProportionalT" value="-14.000000" />
  <attribute name="ProportionalI" value="-14.000000" />
  <attribute name="ProportionalH" value="-14.000000" />
  <attribute name="Current Error" value="-14.000000" />
  <attribute name="IntegralT" value="-266.000000" />
  <attribute name="IntegralI" value="-266.000000" />
  <attribute name="IntegralH" value="-266.000000" />
  <attribute name="DerivativeT" value="-0.736842" />
  <attribute name="DerivativeI" value="-0.736842" />
  <attribute name="DerivativeH" value="-0.736842" />
  <attribute name="Loop Time for DT" value="19.000000" />
  <attribute name="Output H" value="2092630016"/>
  <attribute name="Output I" value="200"/>
  <attribute name="Output T" value="4"/>
  <attribute name="Target GC Util Change" value ="20.000000" />
  <attribute name="Current GC Util Change" value="6.000000"/>
  <attribute name="GC Util currently" value="6" />
  <attribute name="CPU Util currently" value="246669917573" />
<allocation-satisfied id="146" threadId="000000000197B700" bytesRequested="130008" />
<af-end id="147" timestamp="2019-06-17T06:04:33.999" threadId="000000000197C088" success="true" from="nursery"/>
<exclusive-end id="148" timestamp="2019-06-17T06:04:33.999" durationms="1.320" />

<exclusive-start id="149" timestamp="2019-06-17T06:04:34.060" intervalms="61.609">
  <response-info timems="0.043" idlems="0.043" threads="0" lastid="000000000197B700" lastname="main" />
</exclusive-start>
<af-start id="150" threadId="000000000197C088" totalBytesRequested="4552" timestamp="2019-06-17T06:04:34.060" intervalms="61.657" type="nursery" />
<cycle-start id="151" type="scavenge" contextid="0" timestamp="2019-06-17T06:04:34.060" intervalms="61.691" />
<gc-start id="152" type="scavenge" contextid="151" timestamp="2019-06-17T06:04:34.060">
  <mem-info id="153" free="3952400" total="8388608" percent="47">
    <mem type="nursery" free="0" total="2097152" percent="0">
      <mem type="allocate" free="0" total="1048576" percent="0" />
      <mem type="survivor" free="0" total="1048576" percent="0" />
    </mem>
    <mem type="tenure" free="3952400" total="6291456" percent="62">
      <mem type="soa" free="3638032" total="5977088" percent="60" />
      <mem type="loa" free="314368" total="314368" percent="100" />
    </mem>
    <remembered-set count="731" />
  </mem-info>
</gc-start>
<allocation-stats totalBytes="712856" >
  <allocated-bytes non-tlh="198728" tlh="514128" />
  <largest-consumer threadName="main" threadId="000000000197B700" bytes="712856" />
</allocation-stats>
<gc-op id="154" type="scavenge" timems="0.500" contextid="151" timestamp="2019-06-17T06:04:34.061">
  <scavenger-info tenureage="1" tenuremask="7ffe" tiltratio="50" />
  <memory-copied type="nursery" objects="1587" bytes="106232" bytesdiscarded="38680" />
  <memory-copied type="tenure" objects="3570" bytes="140808" bytesdiscarded="208" />
  <references type="soft" candidates="1" cleared="0" enqueued="0" dynamicThreshold="24" maxThreshold="32" />
  <references type="weak" candidates="10" cleared="8" enqueued="8" />
</gc-op>
<gc-end id="155" type="scavenge" contextid="151" durationms="0.772" usertimems="4.000" systemtimems="0.000" timestamp="2019-06-17T06:04:34.061" activeThreads="4">
  <mem-info id="156" free="4707824" total="8388608" percent="56">
    <mem type="nursery" free="903648" total="2097152" percent="43">
      <mem type="allocate" free="903648" total="1048576" percent="86" />
      <mem type="survivor" free="0" total="1048576" percent="0" />
    </mem>
    <mem type="tenure" free="3804176" total="6291456" percent="60">
      <mem type="soa" free="3489808" total="5977088" percent="58" />
      <mem type="loa" free="314368" total="314368" percent="100" />
    </mem>
    <pending-finalizers system="0" default="0" reference="8" classloader="0" />
    <remembered-set count="408" />
  </mem-info>
</gc-end>
<cycle-end id="157" type="scavenge" contextid="151" timestamp="2019-06-17T06:04:34.061" />
  <attribute name="elasticGC enabled" value="1" />
  <attribute name= "numThreadsSpecified" value="4" />
  <attribute name="heapSize specified" value="8388608" />
  <attribute name="Current GC Util" value="2" />
  <attribute name= "Current Time Running" value="533" />
  <attribute name ="GC Interval" value="200" />
  <attribute name="ProportionalT" value="-18.000000" />
  <attribute name="ProportionalI" value="-18.000000" />
  <attribute name="ProportionalH" value="-18.000000" />
  <attribute name="Current Error" value="-18.000000" />
  <attribute name="IntegralT" value="-1116.000000" />
  <attribute name="IntegralI" value="-1116.000000" />
  <attribute name="IntegralH" value="-1116.000000" />
  <attribute name="DerivativeT" value="-0.290323" />
  <attribute name="DerivativeI" value="-0.290323" />
  <attribute name="DerivativeH" value="-0.290323" />
  <attribute name="Loop Time for DT" value="62.000000" />
  <attribute name="Output H" value="2092630016"/>
  <attribute name="Output I" value="200"/>
  <attribute name="Output T" value="4"/>
  <attribute name="Target GC Util Change" value ="20.000000" />
  <attribute name="Current GC Util Change" value="2.000000"/>
  <attribute name="GC Util currently" value="2" />
  <attribute name="CPU Util currently" value="16" />
<allocation-satisfied id="158" threadId="000000000197B700" bytesRequested="4552" />
<af-end id="159" timestamp="2019-06-17T06:04:34.061" threadId="000000000197C088" success="true" from="nursery"/>
<exclusive-end id="160" timestamp="2019-06-17T06:04:34.061" durationms="1.347" />

<exclusive-start id="161" timestamp="2019-06-17T06:04:34.085" intervalms="25.544">
  <response-info timems="0.128" idlems="0.072" threads="1" lastid="000000000197B700" lastname="main" />
</exclusive-start>
<af-start id="162" threadId="0000000001CCD688" totalBytesRequested="16" timestamp="2019-06-17T06:04:34.085" intervalms="25.504" type="nursery" />
<cycle-start id="163" type="scavenge" contextid="0" timestamp="2019-06-17T06:04:34.085" intervalms="25.481" />
<gc-start id="164" type="scavenge" contextid="163" timestamp="2019-06-17T06:04:34.086">
  <mem-info id="165" free="3785224" total="8388608" percent="45">
    <mem type="nursery" free="0" total="2097152" percent="0">
      <mem type="allocate" free="0" total="1048576" percent="0" />
      <mem type="survivor" free="0" total="1048576" percent="0" />
    </mem>
    <mem type="tenure" free="3785224" total="6291456" percent="60">
      <mem type="soa" free="3470856" total="5977088" percent="58" />
      <mem type="loa" free="314368" total="314368" percent="100" />
    </mem>
    <remembered-set count="689" />
  </mem-info>
</gc-start>
<allocation-stats totalBytes="916984" >
  <allocated-bytes non-tlh="23504" tlh="893480" />
  <largest-consumer threadName="main" threadId="000000000197B700" bytes="916984" />
</allocation-stats>
<gc-op id="166" type="scavenge" timems="2.512" contextid="163" timestamp="2019-06-17T06:04:34.088">
  <scavenger-info tenureage="1" tenuremask="7ffe" tiltratio="50" />
  <memory-copied type="nursery" objects="1189" bytes="58072" bytesdiscarded="20200" />
  <memory-copied type="tenure" objects="1534" bytes="103880" bytesdiscarded="16" />
  <references type="soft" candidates="4" cleared="0" enqueued="0" dynamicThreshold="24" maxThreshold="32" />
  <references type="weak" candidates="14" cleared="12" enqueued="12" />
</gc-op>
<heap-resize id="167" type="expand" space="nursery" amount="131072" count="1" timems="0.198" reason="excessive time being spent scavenging" timestamp="2019-06-17T06:04:34.089" />
<gc-end id="168" type="scavenge" contextid="163" durationms="3.232" usertimems="0.000" systemtimems="4.000" timestamp="2019-06-17T06:04:34.089" activeThreads="4">
  <mem-info id="169" free="4797528" total="8519680" percent="56">
    <mem type="nursery" free="1166848" total="2228224" percent="52">
      <mem type="allocate" free="1166848" total="1245184" percent="93" />
      <mem type="survivor" free="0" total="983040" percent="0" />
    </mem>
    <mem type="tenure" free="3630680" total="6291456" percent="57">
      <mem type="soa" free="3316312" total="5977088" percent="55" />
      <mem type="loa" free="314368" total="314368" percent="100" />
    </mem>
    <pending-finalizers system="0" default="0" reference="12" classloader="0" />
    <remembered-set count="519" />
  </mem-info>
</gc-end>
<cycle-end id="170" type="scavenge" contextid="163" timestamp="2019-06-17T06:04:34.089" />
  <attribute name="elasticGC enabled" value="1" />
  <attribute name= "numThreadsSpecified" value="4" />
  <attribute name="heapSize specified" value="8388608" />
  <attribute name="Current GC Util" value="4" />
  <attribute name= "Current Time Running" value="558" />
  <attribute name ="GC Interval" value="200" />
  <attribute name="ProportionalT" value="-16.000000" />
  <attribute name="ProportionalI" value="-16.000000" />
  <attribute name="ProportionalH" value="-16.000000" />
  <attribute name="Current Error" value="-16.000000" />
  <attribute name="IntegralT" value="-400.000000" />
  <attribute name="IntegralI" value="-400.000000" />
  <attribute name="IntegralH" value="-400.000000" />
  <attribute name="DerivativeT" value="-0.640000" />
  <attribute name="DerivativeI" value="-0.640000" />
  <attribute name="DerivativeH" value="-0.640000" />
  <attribute name="Loop Time for DT" value="25.000000" />
  <attribute name="Output H" value="2092630016"/>
  <attribute name="Output I" value="200"/>
  <attribute name="Output T" value="4"/>
  <attribute name="Target GC Util Change" value ="20.000000" />
  <attribute name="Current GC Util Change" value="4.000000"/>
  <attribute name="GC Util currently" value="4" />
  <attribute name="CPU Util currently" value="181670728858" />
<allocation-satisfied id="171" threadId="0000000001CCCD00" bytesRequested="16" />
<af-end id="172" timestamp="2019-06-17T06:04:34.089" threadId="0000000001CCD688" success="true" from="nursery"/>
<exclusive-end id="173" timestamp="2019-06-17T06:04:34.089" durationms="3.832" />

<exclusive-start id="174" timestamp="2019-06-17T06:04:34.099" intervalms="14.182">
  <response-info timems="0.548" idlems="0.548" threads="0" lastid="0000000001CCCD00" lastname="Thread-3" />
</exclusive-start>
<af-start id="175" threadId="0000000001CCD688" totalBytesRequested="2576" timestamp="2019-06-17T06:04:34.100" intervalms="14.177" type="nursery" />
<cycle-start id="176" type="scavenge" contextid="0" timestamp="2019-06-17T06:04:34.100" intervalms="14.216" />
<gc-start id="177" type="scavenge" contextid="176" timestamp="2019-06-17T06:04:34.100">
  <mem-info id="178" free="3629864" total="8519680" percent="42">
    <mem type="nursery" free="0" total="2228224" percent="0">
      <mem type="allocate" free="0" total="1245184" percent="0" />
      <mem type="survivor" free="0" total="983040" percent="0" />
    </mem>
    <mem type="tenure" free="3629864" total="6291456" percent="57">
      <mem type="soa" free="3315496" total="5977088" percent="55" />
      <mem type="loa" free="314368" total="314368" percent="100" />
    </mem>
    <remembered-set count="534" />
  </mem-info>
</gc-start>
<allocation-stats totalBytes="1152144" >
  <allocated-bytes non-tlh="217952" tlh="934192" />
  <largest-consumer threadName="Thread-3" threadId="0000000001CCCD00" bytes="919584" />
</allocation-stats>
<gc-op id="179" type="scavenge" timems="2.472" contextid="176" timestamp="2019-06-17T06:04:34.102">
  <scavenger-info tenureage="2" tenuremask="7ffc" tiltratio="55" />
  <memory-copied type="nursery" objects="2265" bytes="979664" bytesdiscarded="1328" />
  <memory-copied type="tenure" objects="58" bytes="142680" bytesdiscarded="0" />
  <copy-failed type="nursery" objects="58" bytes="142680" />
  <references type="soft" candidates="4" cleared="0" enqueued="0" dynamicThreshold="24" maxThreshold="32" />
  <references type="weak" candidates="2" cleared="0" enqueued="0" />
</gc-op>
<heap-resize id="180" type="expand" space="nursery" amount="262144" count="1" timems="0.010" reason="excessive time being spent scavenging" timestamp="2019-06-17T06:04:34.103" />
<gc-end id="181" type="scavenge" contextid="176" durationms="3.067" usertimems="0.000" systemtimems="0.000" timestamp="2019-06-17T06:04:34.103" activeThreads="4">
  <mem-info id="182" free="3751304" total="8781824" percent="42">
    <mem type="nursery" free="264120" total="2490368" percent="10">
      <mem type="allocate" free="264120" total="1245184" percent="21" />
      <mem type="survivor" free="0" total="1245184" percent="0" />
    </mem>
    <mem type="tenure" free="3487184" total="6291456" percent="55">
      <mem type="soa" free="3172816" total="5977088" percent="53" />
      <mem type="loa" free="314368" total="314368" percent="100" />
    </mem>
    <remembered-set count="354" />
  </mem-info>
</gc-end>
<cycle-end id="183" type="scavenge" contextid="176" timestamp="2019-06-17T06:04:34.103" />
  <attribute name="elasticGC enabled" value="1" />
  <attribute name= "numThreadsSpecified" value="4" />
  <attribute name="heapSize specified" value="8388608" />
  <attribute name="Current GC Util" value="19" />
  <attribute name= "Current Time Running" value="572" />
  <attribute name ="GC Interval" value="200" />
  <attribute name="ProportionalT" value="-1.000000" />
  <attribute name="ProportionalI" value="-1.000000" />
  <attribute name="ProportionalH" value="-1.000000" />
  <attribute name="Current Error" value="-1.000000" />
  <attribute name="IntegralT" value="-14.000000" />
  <attribute name="IntegralI" value="-14.000000" />
  <attribute name="IntegralH" value="-14.000000" />
  <attribute name="DerivativeT" value="-0.071429" />
  <attribute name="DerivativeI" value="-0.071429" />
  <attribute name="DerivativeH" value="-0.071429" />
  <attribute name="Loop Time for DT" value="14.000000" />
  <attribute name="Output H" value="2092630016"/>
  <attribute name="Output I" value="200"/>
  <attribute name="Output T" value="4"/>
  <attribute name="Target GC Util Change" value ="20.000000" />
  <attribute name="Current GC Util Change" value="19.000000"/>
  <attribute name="GC Util currently" value="19" />
  <attribute name="CPU Util currently" value="322194960616" />
<allocation-satisfied id="184" threadId="0000000001CCCD00" bytesRequested="2576" />
<af-end id="185" timestamp="2019-06-17T06:04:34.103" threadId="0000000001CCD688" success="true" from="nursery"/>
<exclusive-end id="186" timestamp="2019-06-17T06:04:34.103" durationms="3.762" />

<exclusive-start id="187" timestamp="2019-06-17T06:04:34.106" intervalms="6.689">
  <response-info timems="0.048" idlems="0.048" threads="0" lastid="0000000001CCCD00" lastname="Thread-3" />
</exclusive-start>
<af-start id="188" threadId="0000000001CCD688" totalBytesRequested="1504" timestamp="2019-06-17T06:04:34.106" intervalms="6.717" type="nursery" />
<cycle-start id="189" type="scavenge" contextid="0" timestamp="2019-06-17T06:04:34.106" intervalms="6.703" />
<gc-start id="190" type="scavenge" contextid="189" timestamp="2019-06-17T06:04:34.106">
  <mem-info id="191" free="3487184" total="8781824" percent="39">
    <mem type="nursery" free="0" total="2490368" percent="0">
      <mem type="allocate" free="0" total="1245184" percent="0" />
      <mem type="survivor" free="0" total="1245184" percent="0" />
    </mem>
    <mem type="tenure" free="3487184" total="6291456" percent="55">
      <mem type="soa" free="3172816" total="5977088" percent="53" />
      <mem type="loa" free="314368" total="314368" percent="100" />
    </mem>
    <remembered-set count="354" />
  </mem-info>
</gc-start>
<allocation-stats totalBytes="261832" >
  <allocated-bytes non-tlh="2576" tlh="259256" />
  <largest-consumer threadName="Thread-3" threadId="0000000001CCCD00" bytes="261832" />
</allocation-stats>
<gc-op id="192" type="scavenge" timems="2.382" contextid="189" timestamp="2019-06-17T06:04:34.109">
  <scavenger-info tenureage="1" tenuremask="fffe" tiltratio="50" />
  <memory-copied type="nursery" objects="151" bytes="261832" bytesdiscarded="288" />
  <memory-copied type="tenure" objects="2265" bytes="979664" bytesdiscarded="1136" />
</gc-op>
<heap-resize id="193" type="expand" space="nursery" amount="524288" count="1" timems="0.011" reason="excessive time being spent scavenging" timestamp="2019-06-17T06:04:34.109" />
<gc-end id="194" type="scavenge" contextid="189" durationms="2.886" usertimems="4.000" systemtimems="0.000" timestamp="2019-06-17T06:04:34.109" activeThreads="4">
  <mem-info id="195" free="3823328" total="9306112" percent="41">
    <mem type="nursery" free="1245208" total="3014656" percent="41">
      <mem type="allocate" free="1245208" total="1507328" percent="82" />
      <mem type="survivor" free="0" total="1507328" percent="0" />
    </mem>
    <mem type="tenure" free="2578120" total="6291456" percent="40">
      <mem type="soa" free="2263752" total="5977088" percent="37" />
      <mem type="loa" free="314368" total="314368" percent="100" />
    </mem>
    <remembered-set count="100" />
  </mem-info>
</gc-end>
<cycle-end id="196" type="scavenge" contextid="189" timestamp="2019-06-17T06:04:34.109" />
  <attribute name="elasticGC enabled" value="1" />
  <attribute name= "numThreadsSpecified" value="4" />
  <attribute name="heapSize specified" value="8388608" />
  <attribute name="Current GC Util" value="41" />
  <attribute name= "Current Time Running" value="579" />
  <attribute name ="GC Interval" value="200" />
  <attribute name="ProportionalT" value="21.000000" />
  <attribute name="ProportionalI" value="21.000000" />
  <attribute name="ProportionalH" value="21.000000" />
  <attribute name="Current Error" value="21.000000" />
  <attribute name="IntegralT" value="147.000000" />
  <attribute name="IntegralI" value="147.000000" />
  <attribute name="IntegralH" value="147.000000" />
  <attribute name="DerivativeT" value="3.000000" />
  <attribute name="DerivativeI" value="3.000000" />
  <attribute name="DerivativeH" value="3.000000" />
  <attribute name="Loop Time for DT" value="7.000000" />
  <attribute name="Output H" value="8388608"/>
  <attribute name="Output I" value="200"/>
  <attribute name="Output T" value="4"/>
  <attribute name="Target GC Util Change" value ="20.000000" />
  <attribute name="Current GC Util Change" value="41.000000"/>
  <attribute name="GC Util currently" value="41" />
  <attribute name="CPU Util currently" value="701397752952" />
<allocation-satisfied id="197" threadId="0000000001CCCD00" bytesRequested="1504" />
<af-end id="198" timestamp="2019-06-17T06:04:34.110" threadId="0000000001CCD688" success="true" from="nursery"/>
<exclusive-end id="199" timestamp="2019-06-17T06:04:34.110" durationms="3.559" />

<exclusive-start id="200" timestamp="2019-06-17T06:04:34.129" intervalms="23.257">
  <response-info timems="0.025" idlems="0.025" threads="0" lastid="0000000001CD4500" lastname="Thread-5" />
</exclusive-start>
<af-start id="201" threadId="0000000001CD4E88" totalBytesRequested="196616" timestamp="2019-06-17T06:04:34.130" intervalms="23.309" type="nursery" />
<cycle-start id="202" type="scavenge" contextid="0" timestamp="2019-06-17T06:04:34.130" intervalms="23.316" />
<gc-start id="203" type="scavenge" contextid="202" timestamp="2019-06-17T06:04:34.130">
  <mem-info id="204" free="2583912" total="9306112" percent="27">
    <mem type="nursery" free="8216" total="3014656" percent="0">
      <mem type="allocate" free="8216" total="1507328" percent="0" />
      <mem type="survivor" free="0" total="1507328" percent="0" />
    </mem>
    <mem type="tenure" free="2575696" total="6291456" percent="40">
      <mem type="soa" free="2261328" total="5977088" percent="37" />
      <mem type="loa" free="314368" total="314368" percent="100" />
    </mem>
    <remembered-set count="142" />
  </mem-info>
</gc-start>
<allocation-stats totalBytes="1229352" >
  <allocated-bytes non-tlh="189648" tlh="1039704" />
  <largest-consumer threadName="Thread-5" threadId="0000000001CD4500" bytes="952648" />
</allocation-stats>
<gc-op id="205" type="scavenge" timems="0.425" contextid="202" timestamp="2019-06-17T06:04:34.130">
  <scavenger-info tenureage="1" tenuremask="fffe" tiltratio="50" />
  <memory-copied type="nursery" objects="4188" bytes="465840" bytesdiscarded="126240" />
  <memory-copied type="tenure" objects="151" bytes="261832" bytesdiscarded="0" />
</gc-op>
<gc-end id="206" type="scavenge" contextid="202" durationms="0.668" usertimems="0.000" systemtimems="0.000" timestamp="2019-06-17T06:04:34.130" activeThreads="4">
  <mem-info id="207" free="3207960" total="9306112" percent="34">
    <mem type="nursery" free="915248" total="3014656" percent="30">
      <mem type="allocate" free="915248" total="1507328" percent="60" />
      <mem type="survivor" free="0" total="1507328" percent="0" />
    </mem>
    <mem type="tenure" free="2292712" total="6291456" percent="36">
      <mem type="soa" free="1978344" total="5977088" percent="33" />
      <mem type="loa" free="314368" total="314368" percent="100" />
    </mem>
    <remembered-set count="128" />
  </mem-info>
</gc-end>
<cycle-end id="208" type="scavenge" contextid="202" timestamp="2019-06-17T06:04:34.131" />
  <attribute name="elasticGC enabled" value="1" />
  <attribute name= "numThreadsSpecified" value="4" />
  <attribute name="heapSize specified" value="8388608" />
  <attribute name="Current GC Util" value="11" />
  <attribute name= "Current Time Running" value="602" />
  <attribute name ="GC Interval" value="200" />
  <attribute name="ProportionalT" value="-9.000000" />
  <attribute name="ProportionalI" value="-9.000000" />
  <attribute name="ProportionalH" value="-9.000000" />
  <attribute name="Current Error" value="-9.000000" />
  <attribute name="IntegralT" value="-207.000000" />
  <attribute name="IntegralI" value="-207.000000" />
  <attribute name="IntegralH" value="-207.000000" />
  <attribute name="DerivativeT" value="-1.304348" />
  <attribute name="DerivativeI" value="-1.304348" />
  <attribute name="DerivativeH" value="-1.304348" />
  <attribute name="Loop Time for DT" value="23.000000" />
  <attribute name="Output H" value="2092630016"/>
  <attribute name="Output I" value="200"/>
  <attribute name="Output T" value="4"/>
  <attribute name="Target GC Util Change" value ="20.000000" />
  <attribute name="Current GC Util Change" value="11.000000"/>
  <attribute name="GC Util currently" value="11" />
  <attribute name="CPU Util currently" value="197072640355" />
<allocation-satisfied id="209" threadId="0000000001CD4500" bytesRequested="196616" />
<af-end id="210" timestamp="2019-06-17T06:04:34.131" threadId="0000000001CD4E88" success="true" from="nursery"/>
<exclusive-end id="211" timestamp="2019-06-17T06:04:34.131" durationms="1.296" />

<exclusive-start id="212" timestamp="2019-06-17T06:04:34.170" intervalms="40.261">
  <response-info timems="0.028" idlems="0.028" threads="0" lastid="0000000001CD4500" lastname="Thread-5" />
</exclusive-start>
<af-start id="213" threadId="0000000001CD4E88" totalBytesRequested="296" timestamp="2019-06-17T06:04:34.170" intervalms="40.260" type="nursery" />
<cycle-start id="214" type="scavenge" contextid="0" timestamp="2019-06-17T06:04:34.170" intervalms="40.291" />
<gc-start id="215" type="scavenge" contextid="214" timestamp="2019-06-17T06:04:34.170">
  <mem-info id="216" free="2292712" total="9306112" percent="24">
    <mem type="nursery" free="0" total="3014656" percent="0">
      <mem type="allocate" free="0" total="1507328" percent="0" />
      <mem type="survivor" free="0" total="1507328" percent="0" />
    </mem>
    <mem type="tenure" free="2292712" total="6291456" percent="36">
      <mem type="soa" free="1978344" total="5977088" percent="33" />
      <mem type="loa" free="314368" total="314368" percent="100" />
    </mem>
    <remembered-set count="128" />
  </mem-info>
</gc-start>
<allocation-stats totalBytes="914776" >
  <allocated-bytes non-tlh="684096" tlh="230680" />
  <largest-consumer threadName="Thread-5" threadId="0000000001CD4500" bytes="914776" />
</allocation-stats>
<gc-op id="217" type="scavenge" timems="0.476" contextid="214" timestamp="2019-06-17T06:04:34.171">
  <scavenger-info tenureage="1" tenuremask="fffe" tiltratio="50" />
  <memory-copied type="nursery" objects="26" bytes="197880" bytesdiscarded="31712" />
  <memory-copied type="tenure" objects="4187" bytes="465816" bytesdiscarded="24" />
</gc-op>
<gc-end id="218" type="scavenge" contextid="214" durationms="0.864" usertimems="0.000" systemtimems="0.000" timestamp="2019-06-17T06:04:34.171" activeThreads="4">
  <mem-info id="219" free="2910928" total="9306112" percent="31">
    <mem type="nursery" free="1277736" total="3014656" percent="42">
      <mem type="allocate" free="1277736" total="1507328" percent="84" />
      <mem type="survivor" free="0" total="1507328" percent="0" />
    </mem>
    <mem type="tenure" free="1633192" total="6291456" percent="25">
      <mem type="soa" free="1318824" total="5977088" percent="22" />
      <mem type="loa" free="314368" total="314368" percent="100" />
    </mem>
    <remembered-set count="133" />
  </mem-info>
</gc-end>
<cycle-end id="220" type="scavenge" contextid="214" timestamp="2019-06-17T06:04:34.171" />
  <attribute name="elasticGC enabled" value="1" />
  <attribute name= "numThreadsSpecified" value="4" />
  <attribute name="heapSize specified" value="8388608" />
  <attribute name="Current GC Util" value="2" />
  <attribute name= "Current Time Running" value="643" />
  <attribute name ="GC Interval" value="200" />
  <attribute name="ProportionalT" value="-18.000000" />
  <attribute name="ProportionalI" value="-18.000000" />
  <attribute name="ProportionalH" value="-18.000000" />
  <attribute name="Current Error" value="-18.000000" />
  <attribute name="IntegralT" value="-738.000000" />
  <attribute name="IntegralI" value="-738.000000" />
  <attribute name="IntegralH" value="-738.000000" />
  <attribute name="DerivativeT" value="-0.439024" />
  <attribute name="DerivativeI" value="-0.439024" />
  <attribute name="DerivativeH" value="-0.439024" />
  <attribute name="Loop Time for DT" value="41.000000" />
  <attribute name="Output H" value="2092630016"/>
  <attribute name="Output I" value="200"/>
  <attribute name="Output T" value="4"/>
  <attribute name="Target GC Util Change" value ="20.000000" />
  <attribute name="Current GC Util Change" value="2.000000"/>
  <attribute name="GC Util currently" value="2" />
  <attribute name="CPU Util currently" value="6" />
<allocation-satisfied id="221" threadId="0000000001CD4500" bytesRequested="296" />
<af-end id="222" timestamp="2019-06-17T06:04:34.171" threadId="0000000001CD4E88" success="true" from="nursery"/>
<exclusive-end id="223" timestamp="2019-06-17T06:04:34.171" durationms="1.607" />

<exclusive-start id="224" timestamp="2019-06-17T06:04:34.203" intervalms="33.375">
  <response-info timems="0.033" idlems="0.033" threads="0" lastid="0000000001CD4500" lastname="Thread-5" />
</exclusive-start>
<af-start id="225" threadId="0000000001CD4E88" totalBytesRequested="1256" timestamp="2019-06-17T06:04:34.203" intervalms="33.355" type="nursery" />
<cycle-start id="226" type="scavenge" contextid="0" timestamp="2019-06-17T06:04:34.203" intervalms="33.319" />
<gc-start id="227" type="scavenge" contextid="226" timestamp="2019-06-17T06:04:34.203">
  <mem-info id="228" free="1633192" total="9306112" percent="17">
    <mem type="nursery" free="0" total="3014656" percent="0">
      <mem type="allocate" free="0" total="1507328" percent="0" />
      <mem type="survivor" free="0" total="1507328" percent="0" />
    </mem>
    <mem type="tenure" free="1633192" total="6291456" percent="25">
      <mem type="soa" free="1318824" total="5977088" percent="22" />
      <mem type="loa" free="314368" total="314368" percent="100" />
    </mem>
    <remembered-set count="133" />
  </mem-info>
</gc-start>
<allocation-stats totalBytes="1267288" >
  <allocated-bytes non-tlh="296" tlh="1266992" />
  <largest-consumer threadName="Thread-5" threadId="0000000001CD4500" bytes="1267288" />
</allocation-stats>
<gc-op id="229" type="scavenge" timems="0.296" contextid="226" timestamp="2019-06-17T06:04:34.204">
  <scavenger-info tenureage="1" tenuremask="fffe" tiltratio="50" />
  <memory-copied type="nursery" objects="22" bytes="74640" bytesdiscarded="9176" />
  <memory-copied type="tenure" objects="9" bytes="99488" bytesdiscarded="0" />
</gc-op>
<gc-end id="230" type="scavenge" contextid="226" durationms="0.654" usertimems="0.000" systemtimems="0.000" timestamp="2019-06-17T06:04:34.204" activeThreads="4">
  <mem-info id="231" free="3155048" total="9306112" percent="33">
    <mem type="nursery" free="1620120" total="3014656" percent="53">
      <mem type="allocate" free="1620120" total="1703936" percent="95" />
      <mem type="survivor" free="0" total="1310720" percent="0" />
    </mem>
    <mem type="tenure" free="1534928" total="6291456" percent="24">
      <mem type="soa" free="1220560" total="5977088" percent="20" />
      <mem type="loa" free="314368" total="314368" percent="100" />
    </mem>
    <remembered-set count="111" />
  </mem-info>
</gc-end>
<cycle-end id="232" type="scavenge" contextid="226" timestamp="2019-06-17T06:04:34.204" />
  <attribute name="elasticGC enabled" value="1" />
  <attribute name= "numThreadsSpecified" value="4" />
  <attribute name="heapSize specified" value="8388608" />
  <attribute name="Current GC Util" value="2" />
  <attribute name= "Current Time Running" value="676" />
  <attribute name ="GC Interval" value="200" />
  <attribute name="ProportionalT" value="-18.000000" />
  <attribute name="ProportionalI" value="-18.000000" />
  <attribute name="ProportionalH" value="-18.000000" />
  <attribute name="Current Error" value="-18.000000" />
  <attribute name="IntegralT" value="-594.000000" />
  <attribute name="IntegralI" value="-594.000000" />
  <attribute name="IntegralH" value="-594.000000" />
  <attribute name="DerivativeT" value="-0.545455" />
  <attribute name="DerivativeI" value="-0.545455" />
  <attribute name="DerivativeH" value="-0.545455" />
  <attribute name="Loop Time for DT" value="33.000000" />
  <attribute name="Output H" value="2092630016"/>
  <attribute name="Output I" value="200"/>
  <attribute name="Output T" value="4"/>
  <attribute name="Target GC Util Change" value ="20.000000" />
  <attribute name="Current GC Util Change" value="2.000000"/>
  <attribute name="GC Util currently" value="2" />
  <attribute name="CPU Util currently" value="14" />
<allocation-satisfied id="233" threadId="0000000001CD4500" bytesRequested="1256" />
<af-end id="234" timestamp="2019-06-17T06:04:34.204" threadId="0000000001CD4E88" success="true" from="nursery"/>
<exclusive-end id="235" timestamp="2019-06-17T06:04:34.204" durationms="1.315" />

<exclusive-start id="236" timestamp="2019-06-17T06:04:34.209" intervalms="5.452">
  <response-info timems="0.038" idlems="0.038" threads="0" lastid="0000000001CD4500" lastname="Thread-5" />
</exclusive-start>
<af-start id="237" threadId="0000000001CD4E88" totalBytesRequested="776" timestamp="2019-06-17T06:04:34.209" intervalms="5.388" type="nursery" />
<cycle-start id="238" type="scavenge" contextid="0" timestamp="2019-06-17T06:04:34.209" intervalms="5.423" />
<gc-start id="239" type="scavenge" contextid="238" timestamp="2019-06-17T06:04:34.209">
  <mem-info id="240" free="1534928" total="9306112" percent="16">
    <mem type="nursery" free="0" total="3014656" percent="0">
      <mem type="allocate" free="0" total="1703936" percent="0" />
      <mem type="survivor" free="0" total="1310720" percent="0" />
    </mem>
    <mem type="tenure" free="1534928" total="6291456" percent="24">
      <mem type="soa" free="1220560" total="5977088" percent="20" />
      <mem type="loa" free="314368" total="314368" percent="100" />
    </mem>
    <remembered-set count="111" />
  </mem-info>
</gc-start>
<allocation-stats totalBytes="1608056" >
  <allocated-bytes non-tlh="1256" tlh="1606800" />
  <largest-consumer threadName="Thread-5" threadId="0000000001CD4500" bytes="1608056" />
</allocation-stats>
<gc-op id="241" type="scavenge" timems="0.295" contextid="238" timestamp="2019-06-17T06:04:34.209">
  <scavenger-info tenureage="2" tenuremask="7ffc" tiltratio="56" />
  <memory-copied type="nursery" objects="42" bytes="150264" bytesdiscarded="64" />
</gc-op>
<gc-end id="242" type="scavenge" contextid="238" durationms="0.481" usertimems="0.000" systemtimems="0.000" timestamp="2019-06-17T06:04:34.209" activeThreads="4">
  <mem-info id="243" free="3285144" total="9306112" percent="35">
    <mem type="nursery" free="1750216" total="3014656" percent="58">
      <mem type="allocate" free="1750216" total="1900544" percent="92" />
      <mem type="survivor" free="0" total="1114112" percent="0" />
    </mem>
    <mem type="tenure" free="1534928" total="6291456" percent="24">
      <mem type="soa" free="1220560" total="5977088" percent="20" />
      <mem type="loa" free="314368" total="314368" percent="100" />
    </mem>
    <remembered-set count="111" />
  </mem-info>
</gc-end>
<cycle-end id="244" type="scavenge" contextid="238" timestamp="2019-06-17T06:04:34.209" />
  <attribute name="elasticGC enabled" value="1" />
  <attribute name= "numThreadsSpecified" value="4" />
  <attribute name="heapSize specified" value="8388608" />
  <attribute name="Current GC Util" value="11" />
  <attribute name= "Current Time Running" value="681" />
  <attribute name ="GC Interval" value="200" />
  <attribute name="ProportionalT" value="-9.000000" />
  <attribute name="ProportionalI" value="-9.000000" />
  <attribute name="ProportionalH" value="-9.000000" />
  <attribute name="Current Error" value="-9.000000" />
  <attribute name="IntegralT" value="-45.000000" />
  <attribute name="IntegralI" value="-45.000000" />
  <attribute name="IntegralH" value="-45.000000" />
  <attribute name="DerivativeT" value="-1.800000" />
  <attribute name="DerivativeI" value="-1.800000" />
  <attribute name="DerivativeH" value="-1.800000" />
  <attribute name="Loop Time for DT" value="5.000000" />
  <attribute name="Output H" value="2092630016"/>
  <attribute name="Output I" value="200"/>
  <attribute name="Output T" value="4"/>
  <attribute name="Target GC Util Change" value ="20.000000" />
  <attribute name="Current GC Util Change" value="11.000000"/>
  <attribute name="GC Util currently" value="11" />
  <attribute name="CPU Util currently" value="885189857051" />
<allocation-satisfied id="245" threadId="0000000001CD4500" bytesRequested="776" />
<af-end id="246" timestamp="2019-06-17T06:04:34.210" threadId="0000000001CD4E88" success="true" from="nursery"/>
<exclusive-end id="247" timestamp="2019-06-17T06:04:34.210" durationms="1.050" />

<exclusive-start id="248" timestamp="2019-06-17T06:04:34.214" intervalms="5.875">
  <response-info timems="0.022" idlems="0.022" threads="0" lastid="0000000001CD4500" lastname="Thread-5" />
</exclusive-start>
<af-start id="249" threadId="0000000001CD4E88" totalBytesRequested="69736" timestamp="2019-06-17T06:04:34.214" intervalms="5.873" type="nursery" />
<cycle-start id="250" type="scavenge" contextid="0" timestamp="2019-06-17T06:04:34.215" intervalms="5.833" />
<gc-start id="251" type="scavenge" contextid="250" timestamp="2019-06-17T06:04:34.215">
  <mem-info id="252" free="1534928" total="9306112" percent="16">
    <mem type="nursery" free="0" total="3014656" percent="0">
      <mem type="allocate" free="0" total="1900544" percent="0" />
      <mem type="survivor" free="0" total="1114112" percent="0" />
    </mem>
    <mem type="tenure" free="1534928" total="6291456" percent="24">
      <mem type="soa" free="1220560" total="5977088" percent="20" />
      <mem type="loa" free="314368" total="314368" percent="100" />
    </mem>
    <remembered-set count="111" />
  </mem-info>
</gc-start>
<allocation-stats totalBytes="1745752" >
  <allocated-bytes non-tlh="70512" tlh="1675240" />
  <largest-consumer threadName="Thread-5" threadId="0000000001CD4500" bytes="1745752" />
</allocation-stats>
<gc-op id="253" type="scavenge" timems="0.191" contextid="250" timestamp="2019-06-17T06:04:34.215">
  <scavenger-info tenureage="3" tenuremask="7ff8" tiltratio="63" />
  <memory-copied type="nursery" objects="46" bytes="131368" bytesdiscarded="54752" />
</gc-op>
<gc-end id="254" type="scavenge" contextid="250" durationms="0.377" usertimems="0.000" systemtimems="0.000" timestamp="2019-06-17T06:04:34.215" activeThreads="4">
  <mem-info id="255" free="3445960" total="9306112" percent="37">
    <mem type="nursery" free="1911032" total="3014656" percent="63">
      <mem type="allocate" free="1911032" total="2097152" percent="91" />
      <mem type="survivor" free="0" total="917504" percent="0" />
    </mem>
    <mem type="tenure" free="1534928" total="6291456" percent="24">
      <mem type="soa" free="1220560" total="5977088" percent="20" />
      <mem type="loa" free="314368" total="314368" percent="100" />
    </mem>
    <remembered-set count="110" />
  </mem-info>
</gc-end>
<cycle-end id="256" type="scavenge" contextid="250" timestamp="2019-06-17T06:04:34.215" />
  <attribute name="elasticGC enabled" value="1" />
  <attribute name= "numThreadsSpecified" value="4" />
  <attribute name="heapSize specified" value="8388608" />
  <attribute name="Current GC Util" value="7" />
  <attribute name= "Current Time Running" value="687" />
  <attribute name ="GC Interval" value="200" />
  <attribute name="ProportionalT" value="-13.000000" />
  <attribute name="ProportionalI" value="-13.000000" />
  <attribute name="ProportionalH" value="-13.000000" />
  <attribute name="Current Error" value="-13.000000" />
  <attribute name="IntegralT" value="-78.000000" />
  <attribute name="IntegralI" value="-78.000000" />
  <attribute name="IntegralH" value="-78.000000" />
  <attribute name="DerivativeT" value="-2.166667" />
  <attribute name="DerivativeI" value="-2.166667" />
  <attribute name="DerivativeH" value="-2.166667" />
  <attribute name="Loop Time for DT" value="6.000000" />
  <attribute name="Output H" value="2092630016"/>
  <attribute name="Output I" value="200"/>
  <attribute name="Output T" value="4"/>
  <attribute name="Target GC Util Change" value ="20.000000" />
  <attribute name="Current GC Util Change" value="7.000000"/>
  <attribute name="GC Util currently" value="7" />
  <attribute name="CPU Util currently" value="790019520118" />
<allocation-satisfied id="257" threadId="0000000001CD4500" bytesRequested="69736" />
<af-end id="258" timestamp="2019-06-17T06:04:34.215" threadId="0000000001CD4E88" success="true" from="nursery"/>
<exclusive-end id="259" timestamp="2019-06-17T06:04:34.215" durationms="0.907" />

<exclusive-start id="260" timestamp="2019-06-17T06:04:34.230" intervalms="15.174">
  <response-info timems="0.032" idlems="0.032" threads="0" lastid="0000000001CCCD00" lastname="Thread-8" />
</exclusive-start>
<af-start id="261" threadId="0000000001CCD688" totalBytesRequested="48" timestamp="2019-06-17T06:04:34.230" intervalms="15.251" type="nursery" />
<cycle-start id="262" type="scavenge" contextid="0" timestamp="2019-06-17T06:04:34.230" intervalms="15.279" />
<gc-start id="263" type="scavenge" contextid="262" timestamp="2019-06-17T06:04:34.230">
  <mem-info id="264" free="1529312" total="9306112" percent="16">
    <mem type="nursery" free="0" total="3014656" percent="0">
      <mem type="allocate" free="0" total="2097152" percent="0" />
      <mem type="survivor" free="0" total="917504" percent="0" />
    </mem>
    <mem type="tenure" free="1529312" total="6291456" percent="24">
      <mem type="soa" free="1214944" total="5977088" percent="20" />
      <mem type="loa" free="314368" total="314368" percent="100" />
    </mem>
    <remembered-set count="197" />
  </mem-info>
</gc-start>
<allocation-stats totalBytes="1913144" >
  <allocated-bytes non-tlh="516328" tlh="1396816" />
  <largest-consumer threadName="Thread-10" threadId="0000000001CD8100" bytes="318992" />
</allocation-stats>
<gc-op id="265" type="scavenge" timems="1.447" contextid="262" timestamp="2019-06-17T06:04:34.232">
  <scavenger-info tenureage="4" tenuremask="fff0" tiltratio="69" />
  <memory-copied type="nursery" objects="10980" bytes="917232" bytesdiscarded="232" />
  <memory-copied type="tenure" objects="5606" bytes="269088" bytesdiscarded="0" />
  <copy-failed type="nursery" objects="5606" bytes="269088" />
</gc-op>
<gc-end id="266" type="scavenge" contextid="262" durationms="1.744" usertimems="0.000" systemtimems="4.000" timestamp="2019-06-17T06:04:34.232" activeThreads="4">
  <mem-info id="267" free="1856480" total="9306112" percent="19">
    <mem type="nursery" free="589824" total="3014656" percent="19">
      <mem type="allocate" free="589824" total="1507328" percent="39" />
      <mem type="survivor" free="0" total="1507328" percent="0" />
    </mem>
    <mem type="tenure" free="1266656" total="6291456" percent="20">
      <mem type="soa" free="952288" total="5977088" percent="15" />
      <mem type="loa" free="314368" total="314368" percent="100" />
    </mem>
    <remembered-set count="190" />
  </mem-info>
</gc-end>
<cycle-end id="268" type="scavenge" contextid="262" timestamp="2019-06-17T06:04:34.232" />
  <attribute name="elasticGC enabled" value="1" />
  <attribute name= "numThreadsSpecified" value="4" />
  <attribute name="heapSize specified" value="8388608" />
  <attribute name="Current GC Util" value="2" />
  <attribute name= "Current Time Running" value="702" />
  <attribute name ="GC Interval" value="200" />
  <attribute name="ProportionalT" value="-18.000000" />
  <attribute name="ProportionalI" value="-18.000000" />
  <attribute name="ProportionalH" value="-18.000000" />
  <attribute name="Current Error" value="-18.000000" />
  <attribute name="IntegralT" value="-270.000000" />
  <attribute name="IntegralI" value="-270.000000" />
  <attribute name="IntegralH" value="-270.000000" />
  <attribute name="DerivativeT" value="-1.200000" />
  <attribute name="DerivativeI" value="-1.200000" />
  <attribute name="DerivativeH" value="-1.200000" />
  <attribute name="Loop Time for DT" value="15.000000" />
  <attribute name="Output H" value="2092630016"/>
  <attribute name="Output I" value="200"/>
  <attribute name="Output T" value="4"/>
  <attribute name="Target GC Util Change" value ="20.000000" />
  <attribute name="Current GC Util Change" value="2.000000"/>
  <attribute name="GC Util currently" value="2" />
  <attribute name="CPU Util currently" value="299739609020" />
<allocation-satisfied id="269" threadId="0000000001CCCD00" bytesRequested="48" />
<af-end id="270" timestamp="2019-06-17T06:04:34.232" threadId="0000000001CCD688" success="true" from="nursery"/>
<exclusive-end id="271" timestamp="2019-06-17T06:04:34.232" durationms="2.400" />

<exclusive-start id="272" timestamp="2019-06-17T06:04:34.256" intervalms="26.585">
  <response-info timems="0.751" idlems="0.270" threads="2" lastid="0000000001CCCD00" lastname="Thread-8" />
</exclusive-start>
<af-start id="273" threadId="0000000001CD8A88" totalBytesRequested="24" timestamp="2019-06-17T06:04:34.256" intervalms="26.576" type="nursery" />
<cycle-start id="274" type="scavenge" contextid="0" timestamp="2019-06-17T06:04:34.256" intervalms="26.597" />
<gc-start id="275" type="scavenge" contextid="274" timestamp="2019-06-17T06:04:34.257">
  <mem-info id="276" free="1266272" total="9306112" percent="13">
    <mem type="nursery" free="0" total="3014656" percent="0">
      <mem type="allocate" free="0" total="1507328" percent="0" />
      <mem type="survivor" free="0" total="1507328" percent="0" />
    </mem>
    <mem type="tenure" free="1266272" total="6291456" percent="20">
      <mem type="soa" free="951904" total="5977088" percent="15" />
      <mem type="loa" free="314368" total="314368" percent="100" />
    </mem>
    <remembered-set count="199" />
  </mem-info>
</gc-start>
<allocation-stats totalBytes="589800" >
  <allocated-bytes non-tlh="432" tlh="589368" />
  <largest-consumer threadName="Thread-7" threadId="0000000001CD0900" bytes="208872" />
</allocation-stats>
<gc-op id="277" type="scavenge" timems="0.727" contextid="274" timestamp="2019-06-17T06:04:34.258">
  <scavenger-info tenureage="3" tenuremask="fff8" tiltratio="50" />
  <memory-copied type="nursery" objects="14512" bytes="1083600" bytesdiscarded="134240" />
</gc-op>
<gc-end id="278" type="scavenge" contextid="274" durationms="1.081" usertimems="0.000" systemtimems="4.000" timestamp="2019-06-17T06:04:34.258" activeThreads="4">
  <mem-info id="279" free="1555720" total="9306112" percent="16">
    <mem type="nursery" free="289448" total="3014656" percent="9">
      <mem type="allocate" free="289448" total="1507328" percent="19" />
      <mem type="survivor" free="0" total="1507328" percent="0" />
    </mem>
    <mem type="tenure" free="1266272" total="6291456" percent="20">
      <mem type="soa" free="951904" total="5977088" percent="15" />
      <mem type="loa" free="314368" total="314368" percent="100" />
    </mem>
    <remembered-set count="153" />
  </mem-info>
</gc-end>
<cycle-end id="280" type="scavenge" contextid="274" timestamp="2019-06-17T06:04:34.258" />
  <attribute name="elasticGC enabled" value="1" />
  <attribute name= "numThreadsSpecified" value="4" />
  <attribute name="heapSize specified" value="8388608" />
  <attribute name="Current GC Util" value="11" />
  <attribute name= "Current Time Running" value="729" />
  <attribute name ="GC Interval" value="200" />
  <attribute name="ProportionalT" value="-9.000000" />
  <attribute name="ProportionalI" value="-9.000000" />
  <attribute name="ProportionalH" value="-9.000000" />
  <attribute name="Current Error" value="-9.000000" />
  <attribute name="IntegralT" value="-243.000000" />
  <attribute name="IntegralI" value="-243.000000" />
  <attribute name="IntegralH" value="-243.000000" />
  <attribute name="DerivativeT" value="-0.333333" />
  <attribute name="DerivativeI" value="-0.333333" />
  <attribute name="DerivativeH" value="-0.333333" />
  <attribute name="Loop Time for DT" value="27.000000" />
  <attribute name="Output H" value="2092630016"/>
  <attribute name="Output I" value="200"/>
  <attribute name="Output T" value="4"/>
  <attribute name="Target GC Util Change" value ="20.000000" />
  <attribute name="Current GC Util Change" value="11.000000"/>
  <attribute name="GC Util currently" value="11" />
  <attribute name="CPU Util currently" value="32" />
<allocation-satisfied id="281" threadId="0000000001CD8100" bytesRequested="24" />
<af-end id="282" timestamp="2019-06-17T06:04:34.258" threadId="0000000001CD8A88" success="true" from="nursery"/>
<exclusive-end id="283" timestamp="2019-06-17T06:04:34.258" durationms="1.836" />

<exclusive-start id="284" timestamp="2019-06-17T06:04:34.273" intervalms="16.459">
  <response-info timems="1.861" idlems="1.440" threads="1" lastid="0000000001CCCD00" lastname="Thread-8" />
</exclusive-start>
<af-start id="285" threadId="0000000001CD4E88" totalBytesRequested="40" timestamp="2019-06-17T06:04:34.274" intervalms="18.129" type="nursery" />
<cycle-start id="286" type="scavenge" contextid="0" timestamp="2019-06-17T06:04:34.275" intervalms="18.092" />
<gc-start id="287" type="scavenge" contextid="286" timestamp="2019-06-17T06:04:34.275">
  <mem-info id="288" free="1266272" total="9306112" percent="13">
    <mem type="nursery" free="0" total="3014656" percent="0">
      <mem type="allocate" free="0" total="1507328" percent="0" />
      <mem type="survivor" free="0" total="1507328" percent="0" />
    </mem>
    <mem type="tenure" free="1266272" total="6291456" percent="20">
      <mem type="soa" free="951904" total="5977088" percent="15" />
      <mem type="loa" free="314368" total="314368" percent="100" />
    </mem>
    <remembered-set count="153" />
  </mem-info>
</gc-start>
<allocation-stats totalBytes="289376" >
  <allocated-bytes non-tlh="24" tlh="289352" />
  <largest-consumer threadName="Thread-10" threadId="0000000001CD8100" bytes="98304" />
</allocation-stats>
<gc-op id="289" type="scavenge" timems="0.971" contextid="286" timestamp="2019-06-17T06:04:34.276">
  <scavenger-info tenureage="2" tenuremask="fffc" tiltratio="50" />
  <memory-copied type="nursery" objects="3866" bytes="178888" bytesdiscarded="153656" />
  <memory-copied type="tenure" objects="10978" bytes="917088" bytesdiscarded="88" />
</gc-op>
<gc-end id="290" type="scavenge" contextid="286" durationms="1.399" usertimems="0.000" systemtimems="4.000" timestamp="2019-06-17T06:04:34.276" activeThreads="4">
  <mem-info id="291" free="1498784" total="9306112" percent="16">
    <mem type="nursery" free="1174784" total="3014656" percent="38">
      <mem type="allocate" free="1174784" total="1507328" percent="77" />
      <mem type="survivor" free="0" total="1507328" percent="0" />
    </mem>
    <mem type="tenure" free="324000" total="6291456" percent="5">
      <mem type="soa" free="9632" total="5977088" percent="0" />
      <mem type="loa" free="314368" total="314368" percent="100" />
    </mem>
    <remembered-set count="191" />
  </mem-info>
</gc-end>
<cycle-end id="292" type="scavenge" contextid="286" timestamp="2019-06-17T06:04:34.276" />
  <attribute name="elasticGC enabled" value="1" />
  <attribute name= "numThreadsSpecified" value="4" />
  <attribute name="heapSize specified" value="8388608" />
  <attribute name="Current GC Util" value="8" />
  <attribute name= "Current Time Running" value="747" />
  <attribute name ="GC Interval" value="200" />
  <attribute name="ProportionalT" value="-12.000000" />
  <attribute name="ProportionalI" value="-12.000000" />
  <attribute name="ProportionalH" value="-12.000000" />
  <attribute name="Current Error" value="-12.000000" />
  <attribute name="IntegralT" value="-216.000000" />
  <attribute name="IntegralI" value="-216.000000" />
  <attribute name="IntegralH" value="-216.000000" />
  <attribute name="DerivativeT" value="-0.666667" />
  <attribute name="DerivativeI" value="-0.666667" />
  <attribute name="DerivativeH" value="-0.666667" />
  <attribute name="Loop Time for DT" value="18.000000" />
  <attribute name="Output H" value="2092630016"/>
  <attribute name="Output I" value="200"/>
  <attribute name="Output T" value="4"/>
  <attribute name="Target GC Util Change" value ="20.000000" />
  <attribute name="Current GC Util Change" value="8.000000"/>
  <attribute name="GC Util currently" value="8" />
  <attribute name="CPU Util currently" value="254541870890" />
<allocation-satisfied id="293" threadId="0000000001CD4500" bytesRequested="40" />
<af-end id="294" timestamp="2019-06-17T06:04:34.276" threadId="0000000001CD4E88" success="true" from="nursery"/>
<exclusive-end id="295" timestamp="2019-06-17T06:04:34.276" durationms="3.785" />

<concurrent-kickoff id="296" timestamp="2019-06-17T06:04:34.298">
  <kickoff reason="threshold reached" targetBytes="1867303" thresholdFreeBytes="258252"  remainingFree="208088" tenureFreeBytes="324000" nurseryFreeBytes="208088" />
</concurrent-kickoff>
<exclusive-start id="297" timestamp="2019-06-17T06:04:34.298" intervalms="25.229">
  <response-info timems="0.087" idlems="0.046" threads="1" lastid="0000000001CCCD00" lastname="Thread-8" />
</exclusive-start>
<cycle-start id="298" type="global" contextid="0" timestamp="2019-06-17T06:04:34.298" intervalms="371.844" />
<exclusive-end id="299" timestamp="2019-06-17T06:04:34.298" durationms="0.215" />

<exclusive-start id="300" timestamp="2019-06-17T06:04:34.301" intervalms="3.635">
  <response-info timems="0.029" idlems="0.029" threads="0" lastid="0000000001CD8100" lastname="Thread-10" />
</exclusive-start>
<af-start id="301" threadId="0000000001CD8A88" totalBytesRequested="40" timestamp="2019-06-17T06:04:34.302" intervalms="27.188" type="nursery" />
<cycle-start id="302" type="scavenge" contextid="0" timestamp="2019-06-17T06:04:34.302" intervalms="27.188" />
<gc-start id="303" type="scavenge" contextid="302" timestamp="2019-06-17T06:04:34.302">
  <mem-info id="304" free="324000" total="9306112" percent="3">
    <mem type="nursery" free="0" total="3014656" percent="0">
      <mem type="allocate" free="0" total="1507328" percent="0" />
      <mem type="survivor" free="0" total="1507328" percent="0" />
    </mem>
    <mem type="tenure" free="324000" total="6291456" percent="5">
      <mem type="soa" free="9632" total="5977088" percent="0" />
      <mem type="loa" free="314368" total="314368" percent="100" />
    </mem>
    <remembered-set count="503" />
  </mem-info>
</gc-start>
<allocation-stats totalBytes="1174368" >
  <allocated-bytes non-tlh="40" tlh="1174328" />
  <largest-consumer threadName="Thread-9" threadId="0000000001CD4500" bytes="532384" />
</allocation-stats>
<gc-op id="305" type="scavenge" timems="0.455" contextid="302" timestamp="2019-06-17T06:04:34.303">
  <scavenger-info tenureage="2" tenuremask="fffc" tiltratio="50" />
  <memory-copied type="nursery" objects="752" bytes="23104" bytesdiscarded="178112" />
  <memory-copied type="tenure" objects="3431" bytes="163392" bytesdiscarded="32" />
  <heap-resize type="expand" space="tenure" amount="65536" count="1" timems="0.061" reason="continue current collection" />
</gc-op>
<gc-end id="306" type="scavenge" contextid="302" durationms="0.815" usertimems="0.000" systemtimems="0.000" timestamp="2019-06-17T06:04:34.303" activeThreads="4">
  <mem-info id="307" free="1623552" total="9371648" percent="17">
    <mem type="nursery" free="1306112" total="3014656" percent="43">
      <mem type="allocate" free="1306112" total="1507328" percent="86" />
      <mem type="survivor" free="0" total="1507328" percent="0" />
    </mem>
    <mem type="tenure" free="317440" total="6356992" percent="4">
      <mem type="soa" free="0" total="6039552" percent="0" />
      <mem type="loa" free="317440" total="317440" percent="100" />
    </mem>
    <remembered-set count="449" />
  </mem-info>
</gc-end>
<cycle-end id="308" type="scavenge" contextid="302" timestamp="2019-06-17T06:04:34.303" />
  <attribute name="elasticGC enabled" value="1" />
  <attribute name= "numThreadsSpecified" value="4" />
  <attribute name="heapSize specified" value="8388608" />
  <attribute name="Current GC Util" value="7" />
  <attribute name= "Current Time Running" value="774" />
  <attribute name ="GC Interval" value="200" />
  <attribute name="ProportionalT" value="-13.000000" />
  <attribute name="ProportionalI" value="-13.000000" />
  <attribute name="ProportionalH" value="-13.000000" />
  <attribute name="Current Error" value="-13.000000" />
  <attribute name="IntegralT" value="-351.000000" />
  <attribute name="IntegralI" value="-351.000000" />
  <attribute name="IntegralH" value="-351.000000" />
  <attribute name="DerivativeT" value="-0.481481" />
  <attribute name="DerivativeI" value="-0.481481" />
  <attribute name="DerivativeH" value="-0.481481" />
  <attribute name="Loop Time for DT" value="27.000000" />
  <attribute name="Output H" value="2092630016"/>
  <attribute name="Output I" value="200"/>
  <attribute name="Output T" value="4"/>
  <attribute name="Target GC Util Change" value ="20.000000" />
  <attribute name="Current GC Util Change" value="7.000000"/>
  <attribute name="GC Util currently" value="7" />
  <attribute name="CPU Util currently" value="47" />
<allocation-satisfied id="309" threadId="0000000001CD8100" bytesRequested="40" />
<af-end id="310" timestamp="2019-06-17T06:04:34.303" threadId="0000000001CD8A88" success="true" from="nursery"/>
<exclusive-end id="311" timestamp="2019-06-17T06:04:34.303" durationms="1.492" />

<exclusive-start id="312" timestamp="2019-06-17T06:04:34.305" intervalms="3.053">
  <response-info timems="0.043" idlems="0.043" threads="0" lastid="0000000001CD0900" lastname="Thread-7" />
</exclusive-start>
<concurrent-collection-start id="313" timestamp="2019-06-17T06:04:34.305" intervalms="922.477" >
  <concurrent-trace-info reason="card cleaning threshold reached" tracedByMutators="508564" tracedByHelpers="1469416" cardsCleaned="37" workStackOverflowCount="0" />
</concurrent-collection-start>
<gc-start id="314" type="global" contextid="298" timestamp="2019-06-17T06:04:34.305">
  <mem-info id="315" free="1447384" total="9371648" percent="15">
    <mem type="nursery" free="1129944" total="3014656" percent="37">
      <mem type="allocate" free="1129944" total="1507328" percent="74" />
      <mem type="survivor" free="0" total="1507328" percent="0" />
    </mem>
    <mem type="tenure" free="317440" total="6356992" percent="4">
      <mem type="soa" free="0" total="6039552" percent="0" />
      <mem type="loa" free="317440" total="317440" percent="100" />
    </mem>
    <remembered-set count="456" />
  </mem-info>
</gc-start>
<allocation-stats totalBytes="176136" >
  <allocated-bytes non-tlh="40" tlh="176096" />
  <largest-consumer threadName="Thread-9" threadId="0000000001CD4500" bytes="77816" />
</allocation-stats>
<gc-op id="316" type="rs-scan" timems="0.325" contextid="298" timestamp="2019-06-17T06:04:34.305">
  <scan objectsFound="388" bytesTraced="96052" workStackOverflowCount="0" />
</gc-op>
<gc-op id="317" type="card-cleaning" timems="0.140" contextid="298" timestamp="2019-06-17T06:04:34.305">
  <card-cleaning cardsCleaned="3" bytesTraced="3856" workStackOverflowCount="0" />
</gc-op>
<gc-op id="318" type="mark" timems="0.664" contextid="298" timestamp="2019-06-17T06:04:34.306">
  <trace-info objectcount="5504" scancount="5471" scanbytes="270980" />
  <finalization candidates="124" enqueued="0" />
  <ownableSynchronizers candidates="3" cleared="0" />
  <references type="soft" candidates="148" cleared="0" enqueued="0" dynamicThreshold="24" maxThreshold="32" />
  <references type="weak" candidates="694" cleared="2" enqueued="1" />
  <references type="phantom" candidates="38" cleared="2" enqueued="2" />
  <stringconstants candidates="4597" cleared="1"  />
</gc-op>
<gc-op id="319" type="sweep" timems="0.220" contextid="298" timestamp="2019-06-17T06:04:34.307" />
<mem-info id="320" free="3634952" total="9371648" percent="38">
  <mem type="nursery" free="1472240" total="3014656" percent="48">
    <mem type="allocate" free="1472240" total="1507328" percent="97" />
    <mem type="survivor" free="0" total="1507328" percent="0" />
  </mem>
  <mem type="tenure" free="2162712" total="6356992" percent="34" micro-fragmented="38181" macro-fragmented="0">
    <mem type="soa" free="1845272" total="6039552" percent="30" />
    <mem type="loa" free="317440" total="317440" percent="100" />
  </mem>
  <pending-finalizers system="0" default="0" reference="3" classloader="0" />
  <remembered-set count="456" />
</mem-info>
<gc-op id="321" type="compact" timems="9.591" contextid="298" timestamp="2019-06-17T06:04:34.316">
  <compact-info movecount="57896" movebytes="3929608" reason="compact to aid heap contraction" />
</gc-op>
<heap-resize id="322" type="contract" space="tenure" amount="262144" count="1" timems="0.195" reason="heap reconfiguration" timestamp="2019-06-17T06:04:34.317" />
<gc-end id="323" type="global" contextid="298" durationms="12.056" usertimems="16.000" systemtimems="0.000" timestamp="2019-06-17T06:04:34.317" activeThreads="1">
  <mem-info id="324" free="3360712" total="9109504" percent="36">
    <mem type="nursery" free="1484072" total="3014656" percent="49">
      <mem type="allocate" free="1484072" total="1507328" percent="98" />
      <mem type="survivor" free="0" total="1507328" percent="0" />
    </mem>
    <mem type="tenure" free="1876640" total="6094848" percent="30">
      <mem type="soa" free="1627808" total="5790720" percent="28" />
      <mem type="loa" free="248832" total="304128" percent="81" />
    </mem>
    <pending-finalizers system="0" default="0" reference="3" classloader="0" />
    <remembered-set count="456" />
  </mem-info>
</gc-end>
<cycle-end id="325" type="global" contextid="298" timestamp="2019-06-17T06:04:34.317" />
  <attribute name="elasticGC enabled" value="1" />
  <attribute name= "numThreadsSpecified" value="1" />
  <attribute name="heapSize specified" value="9371648" />
  <attribute name="Current GC Util" value="20" />
  <attribute name= "Current Time Running" value="789" />
  <attribute name ="GC Interval" value="200" />
  <attribute name="ProportionalT" value="0.000000" />
  <attribute name="ProportionalI" value="0.000000" />
  <attribute name="ProportionalH" value="0.000000" />
  <attribute name="Current Error" value="0.000000" />
  <attribute name="IntegralT" value="0.000000" />
  <attribute name="IntegralI" value="0.000000" />
  <attribute name="IntegralH" value="0.000000" />
  <attribute name="DerivativeT" value="0.000000" />
  <attribute name="DerivativeI" value="0.000000" />
  <attribute name="DerivativeH" value="0.000000" />
  <attribute name="Loop Time for DT" value="10.000000" />
  <attribute name="Output H" value="8388608"/>
  <attribute name="Output I" value="200"/>
  <attribute name="Output T" value="1"/>
  <attribute name="Target GC Util Change" value ="20.000000" />
  <attribute name="Current GC Util Change" value="20.000000"/>
  <attribute name="GC Util currently" value="20" />
  <attribute name="CPU Util currently" value="473217038770" />
<concurrent-collection-end id="326" timestamp="2019-06-17T06:04:34.317" />
<exclusive-end id="327" timestamp="2019-06-17T06:04:34.317" durationms="12.594" />

<exclusive-start id="328" timestamp="2019-06-17T06:04:34.329" intervalms="24.267">
  <response-info timems="0.048" idlems="0.026" threads="1" lastid="0000000001CD4500" lastname="Thread-9" />
</exclusive-start>
<af-start id="329" threadId="0000000001CD1288" totalBytesRequested="40" timestamp="2019-06-17T06:04:34.329" intervalms="27.315" type="nursery" />
<cycle-start id="330" type="scavenge" contextid="0" timestamp="2019-06-17T06:04:34.329" intervalms="27.316" />
<gc-start id="331" type="scavenge" contextid="330" timestamp="2019-06-17T06:04:34.329">
  <mem-info id="332" free="1876640" total="9109504" percent="20">
    <mem type="nursery" free="0" total="3014656" percent="0">
      <mem type="allocate" free="0" total="1507328" percent="0" />
      <mem type="survivor" free="0" total="1507328" percent="0" />
    </mem>
    <mem type="tenure" free="1876640" total="6094848" percent="30">
      <mem type="soa" free="1627808" total="5790720" percent="28" />
      <mem type="loa" free="248832" total="304128" percent="81" />
    </mem>
    <remembered-set count="754" />
  </mem-info>
</gc-start>
<allocation-stats totalBytes="1483544" >
  <allocated-bytes non-tlh="0" tlh="1483544" />
  <largest-consumer threadName="Thread-7" threadId="0000000001CD0900" bytes="466736" />
</allocation-stats>
<gc-op id="333" type="scavenge" timems="2.294" contextid="330" timestamp="2019-06-17T06:04:34.332">
  <scavenger-info tenureage="3" tenuremask="fff8" tiltratio="50" />
  <memory-copied type="nursery" objects="977" bytes="28128" bytesdiscarded="89376" />
  <ownableSynchronizers candidates="6" cleared="6" />
</gc-op>
<heap-resize id="334" type="expand" space="nursery" amount="131072" count="1" timems="0.022" reason="excessive time being spent scavenging" timestamp="2019-06-17T06:04:34.332" />
<gc-end id="335" type="scavenge" contextid="330" durationms="2.671" usertimems="4.000" systemtimems="0.000" timestamp="2019-06-17T06:04:34.332" activeThreads="4">
  <mem-info id="336" free="3528608" total="9240576" percent="38">
    <mem type="nursery" free="1651968" total="3145728" percent="52">
      <mem type="allocate" free="1651968" total="1769472" percent="93" />
      <mem type="survivor" free="0" total="1376256" percent="0" />
    </mem>
    <mem type="tenure" free="1876640" total="6094848" percent="30">
      <mem type="soa" free="1627808" total="5790720" percent="28" />
      <mem type="loa" free="248832" total="304128" percent="81" />
    </mem>
    <remembered-set count="747" />
  </mem-info>
</gc-end>
<cycle-end id="337" type="scavenge" contextid="330" timestamp="2019-06-17T06:04:34.332" />
  <attribute name="elasticGC enabled" value="1" />
  <attribute name= "numThreadsSpecified" value="4" />
  <attribute name="heapSize specified" value="9371648" />
  <attribute name="Current GC Util" value="85" />
  <attribute name= "Current Time Running" value="802" />
  <attribute name ="GC Interval" value="920" />
  <attribute name="ProportionalT" value="65.000000" />
  <attribute name="ProportionalI" value="65.000000" />
  <attribute name="ProportionalH" value="65.000000" />
  <attribute name="Current Error" value="65.000000" />
  <attribute name="IntegralT" value="845.000000" />
  <attribute name="IntegralI" value="845.000000" />
  <attribute name="IntegralH" value="845.000000" />
  <attribute name="DerivativeT" value="5.000000" />
  <attribute name="DerivativeI" value="5.000000" />
  <attribute name="DerivativeH" value="5.000000" />
  <attribute name="Loop Time for DT" value="13.000000" />
  <attribute name="Output H" value="8388608"/>
  <attribute name="Output I" value="920"/>
  <attribute name="Output T" value="4"/>
  <attribute name="Target GC Util Change" value ="20.000000" />
  <attribute name="Current GC Util Change" value="85.000000"/>
  <attribute name="GC Util currently" value="85" />
  <attribute name="CPU Util currently" value="359635007794" />
<allocation-satisfied id="338" threadId="0000000001CD0900" bytesRequested="40" />
<af-end id="339" timestamp="2019-06-17T06:04:34.332" threadId="0000000001CD1288" success="true" from="nursery"/>
<exclusive-end id="340" timestamp="2019-06-17T06:04:34.332" durationms="3.283" />

<exclusive-start id="341" timestamp="2019-06-17T06:04:34.339" intervalms="10.208">
  <response-info timems="0.073" idlems="0.073" threads="0" lastid="0000000001CCCD00" lastname="Thread-8" />
</exclusive-start>
<af-start id="342" threadId="0000000001CCD688" totalBytesRequested="40" timestamp="2019-06-17T06:04:34.339" intervalms="10.216" type="nursery" />
<cycle-start id="343" type="scavenge" contextid="0" timestamp="2019-06-17T06:04:34.339" intervalms="10.230" />
<gc-start id="344" type="scavenge" contextid="343" timestamp="2019-06-17T06:04:34.339">
  <mem-info id="345" free="1876640" total="9240576" percent="20">
    <mem type="nursery" free="0" total="3145728" percent="0">
      <mem type="allocate" free="0" total="1769472" percent="0" />
      <mem type="survivor" free="0" total="1376256" percent="0" />
    </mem>
    <mem type="tenure" free="1876640" total="6094848" percent="30">
      <mem type="soa" free="1627808" total="5790720" percent="28" />
      <mem type="loa" free="248832" total="304128" percent="81" />
    </mem>
    <remembered-set count="1178" />
  </mem-info>
</gc-start>
<allocation-stats totalBytes="1651576" >
  <allocated-bytes non-tlh="40" tlh="1651536" />
  <largest-consumer threadName="Thread-8" threadId="0000000001CCCD00" bytes="590976" />
</allocation-stats>
<gc-op id="346" type="scavenge" timems="0.260" contextid="343" timestamp="2019-06-17T06:04:34.340">
  <scavenger-info tenureage="3" tenuremask="fff8" tiltratio="56" />
  <memory-copied type="nursery" objects="1251" bytes="31144" bytesdiscarded="270680" />
  <memory-copied type="tenure" objects="192" bytes="8352" bytesdiscarded="0" />
</gc-op>
<gc-end id="347" type="scavenge" contextid="343" durationms="0.643" usertimems="4.000" systemtimems="0.000" timestamp="2019-06-17T06:04:34.340" activeThreads="4">
  <mem-info id="348" free="3536544" total="9240576" percent="38">
    <mem type="nursery" free="1729792" total="3145728" percent="54">
      <mem type="allocate" free="1729792" total="2031616" percent="85" />
      <mem type="survivor" free="0" total="1114112" percent="0" />
    </mem>
    <mem type="tenure" free="1806752" total="6094848" percent="29">
      <mem type="soa" free="1557920" total="5790720" percent="26" />
      <mem type="loa" free="248832" total="304128" percent="81" />
    </mem>
    <remembered-set count="1140" />
  </mem-info>
</gc-end>
<cycle-end id="349" type="scavenge" contextid="343" timestamp="2019-06-17T06:04:34.340" />
  <attribute name="elasticGC enabled" value="1" />
  <attribute name= "numThreadsSpecified" value="4" />
  <attribute name="heapSize specified" value="9371648" />
  <attribute name="Current GC Util" value="37" />
  <attribute name= "Current Time Running" value="812" />
  <attribute name ="GC Interval" value="200" />
  <attribute name="ProportionalT" value="17.000000" />
  <attribute name="ProportionalI" value="17.000000" />
  <attribute name="ProportionalH" value="17.000000" />
  <attribute name="Current Error" value="17.000000" />
  <attribute name="IntegralT" value="170.000000" />
  <attribute name="IntegralI" value="170.000000" />
  <attribute name="IntegralH" value="170.000000" />
  <attribute name="DerivativeT" value="-4.800000" />
  <attribute name="DerivativeI" value="-4.800000" />
  <attribute name="DerivativeH" value="-4.800000" />
  <attribute name="Loop Time for DT" value="10.000000" />
  <attribute name="Output H" value="8388608"/>
  <attribute name="Output I" value="200"/>
  <attribute name="Output T" value="4"/>
  <attribute name="Target GC Util Change" value ="20.000000" />
  <attribute name="Current GC Util Change" value="37.000000"/>
  <attribute name="GC Util currently" value="37" />
  <attribute name="CPU Util currently" value="444398598430" />
<allocation-satisfied id="350" threadId="0000000001CCCD00" bytesRequested="40" />
<af-end id="351" timestamp="2019-06-17T06:04:34.340" threadId="0000000001CCD688" success="true" from="nursery"/>
<exclusive-end id="352" timestamp="2019-06-17T06:04:34.340" durationms="1.313" />

<exclusive-start id="353" timestamp="2019-06-17T06:04:34.344" intervalms="5.274">
  <response-info timems="0.037" idlems="0.020" threads="1" lastid="0000000001CD0900" lastname="Thread-7" />
</exclusive-start>
<af-start id="354" threadId="0000000001CD4E88" totalBytesRequested="40" timestamp="2019-06-17T06:04:34.344" intervalms="5.222" type="nursery" />
<cycle-start id="355" type="scavenge" contextid="0" timestamp="2019-06-17T06:04:34.345" intervalms="5.313" />
<gc-start id="356" type="scavenge" contextid="355" timestamp="2019-06-17T06:04:34.345">
  <mem-info id="357" free="1806752" total="9240576" percent="19">
    <mem type="nursery" free="0" total="3145728" percent="0">
      <mem type="allocate" free="0" total="2031616" percent="0" />
      <mem type="survivor" free="0" total="1114112" percent="0" />
    </mem>
    <mem type="tenure" free="1806752" total="6094848" percent="29">
      <mem type="soa" free="1557920" total="5790720" percent="26" />
      <mem type="loa" free="248832" total="304128" percent="81" />
    </mem>
    <remembered-set count="1555" />
  </mem-info>
</gc-start>
<allocation-stats totalBytes="1729320" >
  <allocated-bytes non-tlh="40" tlh="1729280" />
  <largest-consumer threadName="Thread-7" threadId="0000000001CD0900" bytes="745272" />
</allocation-stats>
<gc-op id="358" type="scavenge" timems="2.358" contextid="355" timestamp="2019-06-17T06:04:34.347">
  <scavenger-info tenureage="3" tenuremask="ffe8" tiltratio="64" />
  <memory-copied type="nursery" objects="1407" bytes="35128" bytesdiscarded="82376" />
  <memory-copied type="tenure" objects="319" bytes="7656" bytesdiscarded="0" />
</gc-op>
<heap-resize id="359" type="expand" space="nursery" amount="524288" count="1" timems="0.022" reason="excessive time being spent scavenging" timestamp="2019-06-17T06:04:34.347" />
<gc-end id="360" type="scavenge" contextid="355" durationms="2.674" usertimems="4.000" systemtimems="0.000" timestamp="2019-06-17T06:04:34.347" activeThreads="4">
  <mem-info id="361" free="4205984" total="9764864" percent="43">
    <mem type="nursery" free="2438400" total="3670016" percent="66">
      <mem type="allocate" free="2438400" total="2555904" percent="95" />
      <mem type="survivor" free="0" total="1114112" percent="0" />
    </mem>
    <mem type="tenure" free="1767584" total="6094848" percent="29">
      <mem type="soa" free="1518752" total="5790720" percent="26" />
      <mem type="loa" free="248832" total="304128" percent="81" />
    </mem>
    <remembered-set count="1231" />
  </mem-info>
</gc-end>
<cycle-end id="362" type="scavenge" contextid="355" timestamp="2019-06-17T06:04:34.347" />
  <attribute name="elasticGC enabled" value="1" />
  <attribute name= "numThreadsSpecified" value="4" />
  <attribute name="heapSize specified" value="9371648" />
  <attribute name="Current GC Util" value="13" />
  <attribute name= "Current Time Running" value="817" />
  <attribute name ="GC Interval" value="200" />
  <attribute name="ProportionalT" value="-7.000000" />
  <attribute name="ProportionalI" value="-7.000000" />
  <attribute name="ProportionalH" value="-7.000000" />
  <attribute name="Current Error" value="-7.000000" />
  <attribute name="IntegralT" value="-35.000000" />
  <attribute name="IntegralI" value="-35.000000" />
  <attribute name="IntegralH" value="-35.000000" />
  <attribute name="DerivativeT" value="-4.800000" />
  <attribute name="DerivativeI" value="-4.800000" />
  <attribute name="DerivativeH" value="-4.800000" />
  <attribute name="Loop Time for DT" value="5.000000" />
  <attribute name="Output H" value="2092630016"/>
  <attribute name="Output I" value="200"/>
  <attribute name="Output T" value="4"/>
  <attribute name="Target GC Util Change" value ="20.000000" />
  <attribute name="Current GC Util Change" value="13.000000"/>
  <attribute name="GC Util currently" value="13" />
  <attribute name="CPU Util currently" value="900971739754" />
<allocation-satisfied id="363" threadId="0000000001CD4500" bytesRequested="40" />
<af-end id="364" timestamp="2019-06-17T06:04:34.348" threadId="0000000001CD4E88" success="true" from="nursery"/>
<exclusive-end id="365" timestamp="2019-06-17T06:04:34.348" durationms="3.305" />

<exclusive-start id="366" timestamp="2019-06-17T06:04:34.354" intervalms="10.173">
  <response-info timems="0.026" idlems="0.026" threads="0" lastid="0000000001CD0900" lastname="Thread-7" />
</exclusive-start>
<af-start id="367" threadId="0000000001CD1288" totalBytesRequested="24" timestamp="2019-06-17T06:04:34.355" intervalms="10.189" type="nursery" />
<cycle-start id="368" type="scavenge" contextid="0" timestamp="2019-06-17T06:04:34.355" intervalms="10.082" />
<gc-start id="369" type="scavenge" contextid="368" timestamp="2019-06-17T06:04:34.355">
  <mem-info id="370" free="1767584" total="9764864" percent="18">
    <mem type="nursery" free="0" total="3670016" percent="0">
      <mem type="allocate" free="0" total="2555904" percent="0" />
      <mem type="survivor" free="0" total="1114112" percent="0" />
    </mem>
    <mem type="tenure" free="1767584" total="6094848" percent="29">
      <mem type="soa" free="1518752" total="5790720" percent="26" />
      <mem type="loa" free="248832" total="304128" percent="81" />
    </mem>
    <remembered-set count="1753" />
  </mem-info>
</gc-start>
<allocation-stats totalBytes="2437872" >
  <allocated-bytes non-tlh="40" tlh="2437832" />
  <largest-consumer threadName="Thread-8" threadId="0000000001CCCD00" bytes="1164296" />
</allocation-stats>
<gc-op id="371" type="scavenge" timems="1.966" contextid="368" timestamp="2019-06-17T06:04:34.357">
  <scavenger-info tenureage="3" tenuremask="ffe8" tiltratio="69" />
  <memory-copied type="nursery" objects="1544" bytes="38080" bytesdiscarded="263744" />
  <memory-copied type="tenure" objects="301" bytes="7224" bytesdiscarded="0" />
</gc-op>
<heap-resize id="372" type="expand" space="nursery" amount="393216" count="1" timems="0.012" reason="excessive time being spent scavenging" timestamp="2019-06-17T06:04:34.357" />
<gc-end id="373" type="scavenge" contextid="368" durationms="2.404" usertimems="0.000" systemtimems="0.000" timestamp="2019-06-17T06:04:34.357" activeThreads="4">
  <mem-info id="374" free="4510880" total="10158080" percent="44">
    <mem type="nursery" free="2843904" total="4063232" percent="69">
      <mem type="allocate" free="2843904" total="3145728" percent="90" />
      <mem type="survivor" free="0" total="917504" percent="0" />
    </mem>
    <mem type="tenure" free="1666976" total="6094848" percent="27">
      <mem type="soa" free="1418144" total="5790720" percent="24" />
      <mem type="loa" free="248832" total="304128" percent="81" />
    </mem>
    <remembered-set count="1452" />
  </mem-info>
</gc-end>
<cycle-end id="375" type="scavenge" contextid="368" timestamp="2019-06-17T06:04:34.357" />
  <attribute name="elasticGC enabled" value="1" />
  <attribute name= "numThreadsSpecified" value="4" />
  <attribute name="heapSize specified" value="9371648" />
  <attribute name="Current GC Util" value="38" />
  <attribute name= "Current Time Running" value="827" />
  <attribute name ="GC Interval" value="200" />
  <attribute name="ProportionalT" value="18.000000" />
  <attribute name="ProportionalI" value="18.000000" />
  <attribute name="ProportionalH" value="18.000000" />
  <attribute name="Current Error" value="18.000000" />
  <attribute name="IntegralT" value="180.000000" />
  <attribute name="IntegralI" value="180.000000" />
  <attribute name="IntegralH" value="180.000000" />
  <attribute name="DerivativeT" value="1.800000" />
  <attribute name="DerivativeI" value="1.800000" />
  <attribute name="DerivativeH" value="1.800000" />
  <attribute name="Loop Time for DT" value="10.000000" />
  <attribute name="Output H" value="8388608"/>
  <attribute name="Output I" value="200"/>
  <attribute name="Output T" value="4"/>
  <attribute name="Target GC Util Change" value ="20.000000" />
  <attribute name="Current GC Util Change" value="38.000000"/>
  <attribute name="GC Util currently" value="38" />
  <attribute name="CPU Util currently" value="451725240341" />
<allocation-satisfied id="376" threadId="0000000001CD0900" bytesRequested="24" />
<af-end id="377" timestamp="2019-06-17T06:04:34.358" threadId="0000000001CD1288" success="true" from="nursery"/>
<exclusive-end id="378" timestamp="2019-06-17T06:04:34.358" durationms="3.179" />

<exclusive-start id="379" timestamp="2019-06-17T06:04:34.364" intervalms="9.113">
  <response-info timems="0.048" idlems="0.048" threads="0" lastid="0000000001CD0900" lastname="Thread-7" />
</exclusive-start>
<af-start id="380" threadId="0000000001CD1288" totalBytesRequested="24" timestamp="2019-06-17T06:04:34.364" intervalms="9.101" type="nursery" />
<cycle-start id="381" type="scavenge" contextid="0" timestamp="2019-06-17T06:04:34.364" intervalms="9.108" />
<gc-start id="382" type="scavenge" contextid="381" timestamp="2019-06-17T06:04:34.364">
  <mem-info id="383" free="1666976" total="10158080" percent="16">
    <mem type="nursery" free="0" total="4063232" percent="0">
      <mem type="allocate" free="0" total="3145728" percent="0" />
      <mem type="survivor" free="0" total="917504" percent="0" />
    </mem>
    <mem type="tenure" free="1666976" total="6094848" percent="27">
      <mem type="soa" free="1418144" total="5790720" percent="24" />
      <mem type="loa" free="248832" total="304128" percent="81" />
    </mem>
    <remembered-set count="2329" />
  </mem-info>
</gc-start>
<allocation-stats totalBytes="2843368" >
  <allocated-bytes non-tlh="24" tlh="2843344" />
  <largest-consumer threadName="Thread-7" threadId="0000000001CD0900" bytes="1105744" />
</allocation-stats>
<gc-op id="384" type="scavenge" timems="1.996" contextid="381" timestamp="2019-06-17T06:04:34.366">
  <scavenger-info tenureage="3" tenuremask="ffe8" tiltratio="77" />
  <memory-copied type="nursery" objects="1974" bytes="48328" bytesdiscarded="108344" />
  <memory-copied type="tenure" objects="430" bytes="10320" bytesdiscarded="0" />
</gc-op>
<heap-resize id="385" type="expand" space="nursery" amount="524288" count="1" timems="0.019" reason="excessive time being spent scavenging" timestamp="2019-06-17T06:04:34.366" />
<gc-end id="386" type="scavenge" contextid="381" durationms="2.482" usertimems="4.000" systemtimems="4.000" timestamp="2019-06-17T06:04:34.366" activeThreads="4">
  <mem-info id="387" free="5376928" total="10682368" percent="50">
    <mem type="nursery" free="3709952" total="4587520" percent="80">
      <mem type="allocate" free="3709952" total="3866624" percent="95" />
      <mem type="survivor" free="0" total="720896" percent="0" />
    </mem>
    <mem type="tenure" free="1666976" total="6094848" percent="27">
      <mem type="soa" free="1418144" total="5790720" percent="24" />
      <mem type="loa" free="248832" total="304128" percent="81" />
    </mem>
    <remembered-set count="1899" />
  </mem-info>
</gc-end>
<cycle-end id="388" type="scavenge" contextid="381" timestamp="2019-06-17T06:04:34.366" />
  <attribute name="elasticGC enabled" value="1" />
  <attribute name= "numThreadsSpecified" value="4" />
  <attribute name="heapSize specified" value="9371648" />
  <attribute name="Current GC Util" value="30" />
  <attribute name= "Current Time Running" value="836" />
  <attribute name ="GC Interval" value="200" />
  <attribute name="ProportionalT" value="10.000000" />
  <attribute name="ProportionalI" value="10.000000" />
  <attribute name="ProportionalH" value="10.000000" />
  <attribute name="Current Error" value="10.000000" />
  <attribute name="IntegralT" value="90.000000" />
  <attribute name="IntegralI" value="90.000000" />
  <attribute name="IntegralH" value="90.000000" />
  <attribute name="DerivativeT" value="-0.888889" />
  <attribute name="DerivativeI" value="-0.888889" />
  <attribute name="DerivativeH" value="-0.888889" />
  <attribute name="Loop Time for DT" value="9.000000" />
  <attribute name="Output H" value="8388608"/>
  <attribute name="Output I" value="200"/>
  <attribute name="Output T" value="4"/>
  <attribute name="Target GC Util Change" value ="20.000000" />
  <attribute name="Current GC Util Change" value="30.000000"/>
  <attribute name="GC Util currently" value="30" />
  <attribute name="CPU Util currently" value="506117671268" />
<allocation-satisfied id="389" threadId="0000000001CD0900" bytesRequested="24" />
<af-end id="390" timestamp="2019-06-17T06:04:34.367" threadId="0000000001CD1288" success="true" from="nursery"/>
<exclusive-end id="391" timestamp="2019-06-17T06:04:34.367" durationms="3.171" />

<exclusive-start id="392" timestamp="2019-06-17T06:04:34.375" intervalms="11.880">
  <response-info timems="0.029" idlems="0.029" threads="0" lastid="0000000001CD0900" lastname="Thread-7" />
</exclusive-start>
<af-start id="393" threadId="0000000001CD1288" totalBytesRequested="40" timestamp="2019-06-17T06:04:34.376" intervalms="11.916" type="nursery" />
<cycle-start id="394" type="scavenge" contextid="0" timestamp="2019-06-17T06:04:34.376" intervalms="11.911" />
<gc-start id="395" type="scavenge" contextid="394" timestamp="2019-06-17T06:04:34.376">
  <mem-info id="396" free="1666976" total="10682368" percent="15">
    <mem type="nursery" free="0" total="4587520" percent="0">
      <mem type="allocate" free="0" total="3866624" percent="0" />
      <mem type="survivor" free="0" total="720896" percent="0" />
    </mem>
    <mem type="tenure" free="1666976" total="6094848" percent="27">
      <mem type="soa" free="1418144" total="5790720" percent="24" />
      <mem type="loa" free="248832" total="304128" percent="81" />
    </mem>
    <remembered-set count="2405" />
  </mem-info>
</gc-start>
<allocation-stats totalBytes="3709488" >
  <allocated-bytes non-tlh="24" tlh="3709464" />
  <largest-consumer threadName="Thread-7" threadId="0000000001CD0900" bytes="1952544" />
</allocation-stats>
<gc-op id="397" type="scavenge" timems="1.999" contextid="394" timestamp="2019-06-17T06:04:34.378">
  <scavenger-info tenureage="5" tenuremask="ffe0" tiltratio="84" />
  <memory-copied type="nursery" objects="2406" bytes="58440" bytesdiscarded="282552" />
</gc-op>
<heap-resize id="398" type="expand" space="nursery" amount="393216" count="1" timems="0.023" reason="excessive time being spent scavenging" timestamp="2019-06-17T06:04:34.378" />
<gc-end id="399" type="scavenge" contextid="394" durationms="2.467" usertimems="8.000" systemtimems="0.000" timestamp="2019-06-17T06:04:34.378" activeThreads="4">
  <mem-info id="400" free="5716896" total="11075584" percent="51">
    <mem type="nursery" free="4049920" total="4980736" percent="81">
      <mem type="allocate" free="4049920" total="4390912" percent="92" />
      <mem type="survivor" free="0" total="589824" percent="0" />
    </mem>
    <mem type="tenure" free="1666976" total="6094848" percent="27">
      <mem type="soa" free="1418144" total="5790720" percent="24" />
      <mem type="loa" free="248832" total="304128" percent="81" />
    </mem>
    <remembered-set count="2404" />
  </mem-info>
</gc-end>
<cycle-end id="401" type="scavenge" contextid="394" timestamp="2019-06-17T06:04:34.378" />
  <attribute name="elasticGC enabled" value="1" />
  <attribute name= "numThreadsSpecified" value="4" />
  <attribute name="heapSize specified" value="9371648" />
  <attribute name="Current GC Util" value="23" />
  <attribute name= "Current Time Running" value="848" />
  <attribute name ="GC Interval" value="200" />
  <attribute name="ProportionalT" value="3.000000" />
  <attribute name="ProportionalI" value="3.000000" />
  <attribute name="ProportionalH" value="3.000000" />
  <attribute name="Current Error" value="3.000000" />
  <attribute name="IntegralT" value="36.000000" />
  <attribute name="IntegralI" value="36.000000" />
  <attribute name="IntegralH" value="36.000000" />
  <attribute name="DerivativeT" value="-0.583333" />
  <attribute name="DerivativeI" value="-0.583333" />
  <attribute name="DerivativeH" value="-0.583333" />
  <attribute name="Loop Time for DT" value="12.000000" />
  <attribute name="Output H" value="8388608"/>
  <attribute name="Output I" value="200"/>
  <attribute name="Output T" value="4"/>
  <attribute name="Target GC Util Change" value ="20.000000" />
  <attribute name="Current GC Util Change" value="23.000000"/>
  <attribute name="GC Util currently" value="23" />
  <attribute name="CPU Util currently" value="387294694830" />
<allocation-satisfied id="402" threadId="0000000001CD0900" bytesRequested="40" />
<af-end id="403" timestamp="2019-06-17T06:04:34.379" threadId="0000000001CD1288" success="true" from="nursery"/>
<exclusive-end id="404" timestamp="2019-06-17T06:04:34.379" durationms="3.327" />

<exclusive-start id="405" timestamp="2019-06-17T06:04:34.385" intervalms="9.326">
  <response-info timems="0.039" idlems="0.039" threads="0" lastid="0000000001CD8100" lastname="Thread-10" />
</exclusive-start>
<af-start id="406" threadId="0000000001CD8A88" totalBytesRequested="40" timestamp="2019-06-17T06:04:34.385" intervalms="9.317" type="nursery" />
<cycle-start id="407" type="scavenge" contextid="0" timestamp="2019-06-17T06:04:34.385" intervalms="9.313" />
<gc-start id="408" type="scavenge" contextid="407" timestamp="2019-06-17T06:04:34.385">
  <mem-info id="409" free="1666976" total="11075584" percent="15">
    <mem type="nursery" free="0" total="4980736" percent="0">
      <mem type="allocate" free="0" total="4390912" percent="0" />
      <mem type="survivor" free="0" total="589824" percent="0" />
    </mem>
    <mem type="tenure" free="1666976" total="6094848" percent="27">
      <mem type="soa" free="1418144" total="5790720" percent="24" />
      <mem type="loa" free="248832" total="304128" percent="81" />
    </mem>
    <remembered-set count="3485" />
  </mem-info>
</gc-start>
<allocation-stats totalBytes="4049104" >
  <allocated-bytes non-tlh="40" tlh="4049064" />
  <largest-consumer threadName="Thread-7" threadId="0000000001CD0900" bytes="1833688" />
</allocation-stats>
<gc-op id="410" type="scavenge" timems="0.386" contextid="407" timestamp="2019-06-17T06:04:34.386">
  <scavenger-info tenureage="3" tenuremask="fff8" tiltratio="88" />
  <memory-copied type="nursery" objects="2674" bytes="65240" bytesdiscarded="175144" />
  <memory-copied type="tenure" objects="934" bytes="22416" bytesdiscarded="0" />
</gc-op>
<gc-end id="411" type="scavenge" contextid="407" durationms="0.670" usertimems="0.000" systemtimems="0.000" timestamp="2019-06-17T06:04:34.386" activeThreads="4">
  <mem-info id="412" free="5843872" total="11075584" percent="52">
    <mem type="nursery" free="4216064" total="4980736" percent="84">
      <mem type="allocate" free="4216064" total="4456448" percent="94" />
      <mem type="survivor" free="0" total="524288" percent="0" />
    </mem>
    <mem type="tenure" free="1627808" total="6094848" percent="26">
      <mem type="soa" free="1378976" total="5790720" percent="23" />
      <mem type="loa" free="248832" total="304128" percent="81" />
    </mem>
    <remembered-set count="2551" />
  </mem-info>
</gc-end>
<cycle-end id="413" type="scavenge" contextid="407" timestamp="2019-06-17T06:04:34.386" />
  <attribute name="elasticGC enabled" value="1" />
  <attribute name= "numThreadsSpecified" value="4" />
  <attribute name="heapSize specified" value="9371648" />
  <attribute name="Current GC Util" value="33" />
  <attribute name= "Current Time Running" value="858" />
  <attribute name ="GC Interval" value="200" />
  <attribute name="ProportionalT" value="13.000000" />
  <attribute name="ProportionalI" value="13.000000" />
  <attribute name="ProportionalH" value="13.000000" />
  <attribute name="Current Error" value="13.000000" />
  <attribute name="IntegralT" value="130.000000" />
  <attribute name="IntegralI" value="130.000000" />
  <attribute name="IntegralH" value="130.000000" />
  <attribute name="DerivativeT" value="1.000000" />
  <attribute name="DerivativeI" value="1.000000" />
  <attribute name="DerivativeH" value="1.000000" />
  <attribute name="Loop Time for DT" value="10.000000" />
  <attribute name="Output H" value="8388608"/>
  <attribute name="Output I" value="200"/>
  <attribute name="Output T" value="4"/>
  <attribute name="Target GC Util Change" value ="20.000000" />
  <attribute name="Current GC Util Change" value="33.000000"/>
  <attribute name="GC Util currently" value="33" />
  <attribute name="CPU Util currently" value="495309652109" />
<allocation-satisfied id="414" threadId="0000000001CD8100" bytesRequested="40" />
<af-end id="415" timestamp="2019-06-17T06:04:34.386" threadId="0000000001CD8A88" success="true" from="nursery"/>
<exclusive-end id="416" timestamp="2019-06-17T06:04:34.386" durationms="1.342" />

<exclusive-start id="417" timestamp="2019-06-17T06:04:34.393" intervalms="8.021">
  <response-info timems="0.199" idlems="0.181" threads="1" lastid="0000000001CD4500" lastname="Thread-9" />
</exclusive-start>
<af-start id="418" threadId="0000000001CCD688" totalBytesRequested="40" timestamp="2019-06-17T06:04:34.393" intervalms="8.069" type="nursery" />
<cycle-start id="419" type="scavenge" contextid="0" timestamp="2019-06-17T06:04:34.393" intervalms="8.080" />
<gc-start id="420" type="scavenge" contextid="419" timestamp="2019-06-17T06:04:34.393">
  <mem-info id="421" free="1627808" total="11075584" percent="14">
    <mem type="nursery" free="0" total="4980736" percent="0">
      <mem type="allocate" free="0" total="4456448" percent="0" />
      <mem type="survivor" free="0" total="524288" percent="0" />
    </mem>
    <mem type="tenure" free="1627808" total="6094848" percent="26">
      <mem type="soa" free="1378976" total="5790720" percent="23" />
      <mem type="loa" free="248832" total="304128" percent="81" />
    </mem>
    <remembered-set count="3717" />
  </mem-info>
</gc-start>
<allocation-stats totalBytes="4215304" >
  <allocated-bytes non-tlh="40" tlh="4215264" />
  <largest-consumer threadName="Thread-7" threadId="0000000001CD0900" bytes="1670936" />
</allocation-stats>
<gc-op id="422" type="scavenge" timems="0.288" contextid="419" timestamp="2019-06-17T06:04:34.394">
  <scavenger-info tenureage="6" tenuremask="ffc0" tiltratio="89" />
  <memory-copied type="nursery" objects="3720" bytes="89792" bytesdiscarded="251200" />
</gc-op>
<gc-end id="423" type="scavenge" contextid="419" durationms="0.621" usertimems="0.000" systemtimems="0.000" timestamp="2019-06-17T06:04:34.394" activeThreads="4">
  <mem-info id="424" free="5743264" total="11075584" percent="51">
    <mem type="nursery" free="4115456" total="4980736" percent="82">
      <mem type="allocate" free="4115456" total="4456448" percent="92" />
      <mem type="survivor" free="0" total="524288" percent="0" />
    </mem>
    <mem type="tenure" free="1627808" total="6094848" percent="26">
      <mem type="soa" free="1378976" total="5790720" percent="23" />
      <mem type="loa" free="248832" total="304128" percent="81" />
    </mem>
    <remembered-set count="3717" />
  </mem-info>
</gc-end>
<cycle-end id="425" type="scavenge" contextid="419" timestamp="2019-06-17T06:04:34.394" />
  <attribute name="elasticGC enabled" value="1" />
  <attribute name= "numThreadsSpecified" value="4" />
  <attribute name="heapSize specified" value="9371648" />
  <attribute name="Current GC Util" value="13" />
  <attribute name= "Current Time Running" value="866" />
  <attribute name ="GC Interval" value="200" />
  <attribute name="ProportionalT" value="-7.000000" />
  <attribute name="ProportionalI" value="-7.000000" />
  <attribute name="ProportionalH" value="-7.000000" />
  <attribute name="Current Error" value="-7.000000" />
  <attribute name="IntegralT" value="-56.000000" />
  <attribute name="IntegralI" value="-56.000000" />
  <attribute name="IntegralH" value="-56.000000" />
  <attribute name="DerivativeT" value="-2.500000" />
  <attribute name="DerivativeI" value="-2.500000" />
  <attribute name="DerivativeH" value="-2.500000" />
  <attribute name="Loop Time for DT" value="8.000000" />
  <attribute name="Output H" value="2092630016"/>
  <attribute name="Output I" value="200"/>
  <attribute name="Output T" value="4"/>
  <attribute name="Target GC Util Change" value ="20.000000" />
  <attribute name="Current GC Util Change" value="13.000000"/>
  <attribute name="GC Util currently" value="13" />
  <attribute name="CPU Util currently" value="566796308259" />
<allocation-satisfied id="426" threadId="0000000001CCCD00" bytesRequested="40" />
<af-end id="427" timestamp="2019-06-17T06:04:34.394" threadId="0000000001CCD688" success="true" from="nursery"/>
<exclusive-end id="428" timestamp="2019-06-17T06:04:34.394" durationms="1.341" />

<exclusive-start id="429" timestamp="2019-06-17T06:04:34.400" intervalms="6.946">
  <response-info timems="0.029" idlems="0.029" threads="0" lastid="0000000001CD8100" lastname="Thread-10" />
</exclusive-start>
<af-start id="430" threadId="0000000001CD8A88" totalBytesRequested="24" timestamp="2019-06-17T06:04:34.400" intervalms="6.865" type="nursery" />
<cycle-start id="431" type="scavenge" contextid="0" timestamp="2019-06-17T06:04:34.400" intervalms="6.834" />
<gc-start id="432" type="scavenge" contextid="431" timestamp="2019-06-17T06:04:34.400">
  <mem-info id="433" free="1627808" total="11075584" percent="14">
    <mem type="nursery" free="0" total="4980736" percent="0">
      <mem type="allocate" free="0" total="4456448" percent="0" />
      <mem type="survivor" free="0" total="524288" percent="0" />
    </mem>
    <mem type="tenure" free="1627808" total="6094848" percent="26">
      <mem type="soa" free="1378976" total="5790720" percent="23" />
      <mem type="loa" free="248832" total="304128" percent="81" />
    </mem>
    <remembered-set count="4319" />
  </mem-info>
</gc-start>
<allocation-stats totalBytes="4114520" >
  <allocated-bytes non-tlh="40" tlh="4114480" />
  <largest-consumer threadName="Thread-7" threadId="0000000001CD0900" bytes="1874576" />
</allocation-stats>
<gc-op id="434" type="scavenge" timems="0.423" contextid="431" timestamp="2019-06-17T06:04:34.400">
  <scavenger-info tenureage="3" tenuremask="fff8" tiltratio="89" />
  <memory-copied type="nursery" objects="3060" bytes="74504" bytesdiscarded="135160" />
  <memory-copied type="tenure" objects="1382" bytes="33168" bytesdiscarded="0" />
</gc-op>
<gc-end id="435" type="scavenge" contextid="431" durationms="0.633" usertimems="4.000" systemtimems="0.000" timestamp="2019-06-17T06:04:34.401" activeThreads="4">
  <mem-info id="436" free="5704096" total="11075584" percent="51">
    <mem type="nursery" free="4246784" total="4980736" percent="85">
      <mem type="allocate" free="4246784" total="4456448" percent="95" />
      <mem type="survivor" free="0" total="524288" percent="0" />
    </mem>
    <mem type="tenure" free="1457312" total="6094848" percent="23">
      <mem type="soa" free="1208480" total="5790720" percent="20" />
      <mem type="loa" free="248832" total="304128" percent="81" />
    </mem>
    <remembered-set count="2937" />
  </mem-info>
</gc-end>
<cycle-end id="437" type="scavenge" contextid="431" timestamp="2019-06-17T06:04:34.401" />
  <attribute name="elasticGC enabled" value="1" />
  <attribute name= "numThreadsSpecified" value="4" />
  <attribute name="heapSize specified" value="9371648" />
  <attribute name="Current GC Util" value="13" />
  <attribute name= "Current Time Running" value="872" />
  <attribute name ="GC Interval" value="200" />
  <attribute name="ProportionalT" value="-7.000000" />
  <attribute name="ProportionalI" value="-7.000000" />
  <attribute name="ProportionalH" value="-7.000000" />
  <attribute name="Current Error" value="-7.000000" />
  <attribute name="IntegralT" value="-42.000000" />
  <attribute name="IntegralI" value="-42.000000" />
  <attribute name="IntegralH" value="-42.000000" />
  <attribute name="DerivativeT" value="-1.166667" />
  <attribute name="DerivativeI" value="-1.166667" />
  <attribute name="DerivativeH" value="-1.166667" />
  <attribute name="Loop Time for DT" value="6.000000" />
  <attribute name="Output H" value="2092630016"/>
  <attribute name="Output I" value="200"/>
  <attribute name="Output T" value="4"/>
  <attribute name="Target GC Util Change" value ="20.000000" />
  <attribute name="Current GC Util Change" value="13.000000"/>
  <attribute name="GC Util currently" value="13" />
  <attribute name="CPU Util currently" value="695837923473" />
<allocation-satisfied id="438" threadId="0000000001CD8100" bytesRequested="24" />
<af-end id="439" timestamp="2019-06-17T06:04:34.401" threadId="0000000001CD8A88" success="true" from="nursery"/>
<exclusive-end id="440" timestamp="2019-06-17T06:04:34.401" durationms="1.203" />

<exclusive-start id="441" timestamp="2019-06-17T06:04:34.410" intervalms="9.941">
  <response-info timems="0.033" idlems="0.033" threads="0" lastid="0000000001CD0900" lastname="Thread-7" />
</exclusive-start>
<af-start id="442" threadId="0000000001CD1288" totalBytesRequested="40" timestamp="2019-06-17T06:04:34.410" intervalms="9.950" type="nursery" />
<cycle-start id="443" type="scavenge" contextid="0" timestamp="2019-06-17T06:04:34.410" intervalms="9.967" />
<gc-start id="444" type="scavenge" contextid="443" timestamp="2019-06-17T06:04:34.410">
  <mem-info id="445" free="1457312" total="11075584" percent="13">
    <mem type="nursery" free="0" total="4980736" percent="0">
      <mem type="allocate" free="0" total="4456448" percent="0" />
      <mem type="survivor" free="0" total="524288" percent="0" />
    </mem>
    <mem type="tenure" free="1457312" total="6094848" percent="23">
      <mem type="soa" free="1208480" total="5790720" percent="20" />
      <mem type="loa" free="248832" total="304128" percent="81" />
    </mem>
    <remembered-set count="3641" />
  </mem-info>
</gc-start>
<allocation-stats totalBytes="4246192" >
  <allocated-bytes non-tlh="24" tlh="4246168" />
  <largest-consumer threadName="Thread-7" threadId="0000000001CD0900" bytes="2476968" />
</allocation-stats>
<gc-op id="446" type="scavenge" timems="1.366" contextid="443" timestamp="2019-06-17T06:04:34.412">
  <scavenger-info tenureage="3" tenuremask="ffc8" tiltratio="89" />
  <memory-copied type="nursery" objects="2721" bytes="66664" bytesdiscarded="235160" />
  <memory-copied type="tenure" objects="1081" bytes="25944" bytesdiscarded="0" />
</gc-op>
<heap-resize id="447" type="expand" space="nursery" amount="262144" count="1" timems="0.015" reason="excessive time being spent scavenging" timestamp="2019-06-17T06:04:34.412" />
<gc-end id="448" type="scavenge" contextid="443" durationms="1.843" usertimems="4.000" systemtimems="0.000" timestamp="2019-06-17T06:04:34.412" activeThreads="4">
  <mem-info id="449" free="5808544" total="11337728" percent="51">
    <mem type="nursery" free="4351232" total="5242880" percent="82">
      <mem type="allocate" free="4351232" total="4653056" percent="93" />
      <mem type="survivor" free="0" total="589824" percent="0" />
    </mem>
    <mem type="tenure" free="1457312" total="6094848" percent="23">
      <mem type="soa" free="1208480" total="5790720" percent="20" />
      <mem type="loa" free="248832" total="304128" percent="81" />
    </mem>
    <remembered-set count="2560" />
  </mem-info>
</gc-end>
<cycle-end id="450" type="scavenge" contextid="443" timestamp="2019-06-17T06:04:34.412" />
  <attribute name="elasticGC enabled" value="1" />
  <attribute name= "numThreadsSpecified" value="4" />
  <attribute name="heapSize specified" value="9371648" />
  <attribute name="Current GC Util" value="11" />
  <attribute name= "Current Time Running" value="882" />
  <attribute name ="GC Interval" value="200" />
  <attribute name="ProportionalT" value="-9.000000" />
  <attribute name="ProportionalI" value="-9.000000" />
  <attribute name="ProportionalH" value="-9.000000" />
  <attribute name="Current Error" value="-9.000000" />
  <attribute name="IntegralT" value="-90.000000" />
  <attribute name="IntegralI" value="-90.000000" />
  <attribute name="IntegralH" value="-90.000000" />
  <attribute name="DerivativeT" value="-0.900000" />
  <attribute name="DerivativeI" value="-0.900000" />
  <attribute name="DerivativeH" value="-0.900000" />
  <attribute name="Loop Time for DT" value="10.000000" />
  <attribute name="Output H" value="2092630016"/>
  <attribute name="Output I" value="200"/>
  <attribute name="Output T" value="4"/>
  <attribute name="Target GC Util Change" value ="20.000000" />
  <attribute name="Current GC Util Change" value="11.000000"/>
  <attribute name="GC Util currently" value="11" />
  <attribute name="CPU Util currently" value="456215019007" />
<allocation-satisfied id="451" threadId="0000000001CD0900" bytesRequested="40" />
<af-end id="452" timestamp="2019-06-17T06:04:34.412" threadId="0000000001CD1288" success="true" from="nursery"/>
<exclusive-end id="453" timestamp="2019-06-17T06:04:34.412" durationms="2.449" />

<exclusive-start id="454" timestamp="2019-06-17T06:04:34.418" intervalms="8.647">
  <response-info timems="0.026" idlems="0.026" threads="0" lastid="0000000001CD0900" lastname="Thread-7" />
</exclusive-start>
<af-start id="455" threadId="0000000001CD1288" totalBytesRequested="40" timestamp="2019-06-17T06:04:34.418" intervalms="8.675" type="nursery" />
<cycle-start id="456" type="scavenge" contextid="0" timestamp="2019-06-17T06:04:34.419" intervalms="8.680" />
<gc-start id="457" type="scavenge" contextid="456" timestamp="2019-06-17T06:04:34.419">
  <mem-info id="458" free="1457312" total="11337728" percent="12">
    <mem type="nursery" free="0" total="5242880" percent="0">
      <mem type="allocate" free="0" total="4653056" percent="0" />
      <mem type="survivor" free="0" total="589824" percent="0" />
    </mem>
    <mem type="tenure" free="1457312" total="6094848" percent="23">
      <mem type="soa" free="1208480" total="5790720" percent="20" />
      <mem type="loa" free="248832" total="304128" percent="81" />
    </mem>
    <remembered-set count="3096" />
  </mem-info>
</gc-start>
<allocation-stats totalBytes="4350480" >
  <allocated-bytes non-tlh="40" tlh="4350440" />
  <largest-consumer threadName="Thread-7" threadId="0000000001CD0900" bytes="1766328" />
</allocation-stats>
<gc-op id="459" type="scavenge" timems="2.431" contextid="456" timestamp="2019-06-17T06:04:34.421">
  <scavenger-info tenureage="3" tenuremask="ffe8" tiltratio="88" />
  <memory-copied type="nursery" objects="2151" bytes="53176" bytesdiscarded="64328" />
  <memory-copied type="tenure" objects="1163" bytes="27912" bytesdiscarded="0" />
</gc-op>
<heap-resize id="460" type="expand" space="nursery" amount="655360" count="1" timems="0.019" reason="excessive time being spent scavenging" timestamp="2019-06-17T06:04:34.421" />
<gc-end id="461" type="scavenge" contextid="456" durationms="2.937" usertimems="4.000" systemtimems="0.000" timestamp="2019-06-17T06:04:34.422" activeThreads="4">
  <mem-info id="462" free="6648224" total="11993088" percent="55">
    <mem type="nursery" free="5190912" total="5898240" percent="88">
      <mem type="allocate" free="5190912" total="5308416" percent="97" />
      <mem type="survivor" free="0" total="589824" percent="0" />
    </mem>
    <mem type="tenure" free="1457312" total="6094848" percent="23">
      <mem type="soa" free="1208480" total="5790720" percent="20" />
      <mem type="loa" free="248832" total="304128" percent="81" />
    </mem>
    <remembered-set count="1933" />
  </mem-info>
</gc-end>
<cycle-end id="463" type="scavenge" contextid="456" timestamp="2019-06-17T06:04:34.422" />
  <attribute name="elasticGC enabled" value="1" />
  <attribute name= "numThreadsSpecified" value="4" />
  <attribute name="heapSize specified" value="9371648" />
  <attribute name="Current GC Util" value="22" />
  <attribute name= "Current Time Running" value="891" />
  <attribute name ="GC Interval" value="200" />
  <attribute name="ProportionalT" value="2.000000" />
  <attribute name="ProportionalI" value="2.000000" />
  <attribute name="ProportionalH" value="2.000000" />
  <attribute name="Current Error" value="2.000000" />
  <attribute name="IntegralT" value="18.000000" />
  <attribute name="IntegralI" value="18.000000" />
  <attribute name="IntegralH" value="18.000000" />
  <attribute name="DerivativeT" value="0.222222" />
  <attribute name="DerivativeI" value="0.222222" />
  <attribute name="DerivativeH" value="0.222222" />
  <attribute name="Loop Time for DT" value="9.000000" />
  <attribute name="Output H" value="8388608"/>
  <attribute name="Output I" value="200"/>
  <attribute name="Output T" value="4"/>
  <attribute name="Target GC Util Change" value ="20.000000" />
  <attribute name="Current GC Util Change" value="22.000000"/>
  <attribute name="GC Util currently" value="22" />
  <attribute name="CPU Util currently" value="528298123427" />
<allocation-satisfied id="464" threadId="0000000001CD0900" bytesRequested="40" />
<af-end id="465" timestamp="2019-06-17T06:04:34.422" threadId="0000000001CD1288" success="true" from="nursery"/>
<exclusive-end id="466" timestamp="2019-06-17T06:04:34.422" durationms="3.632" />

<exclusive-start id="467" timestamp="2019-06-17T06:04:34.430" intervalms="11.238">
  <response-info timems="0.024" idlems="0.024" threads="0" lastid="0000000001CD0900" lastname="Thread-7" />
</exclusive-start>
<af-start id="468" threadId="0000000001CD1288" totalBytesRequested="40" timestamp="2019-06-17T06:04:34.430" intervalms="11.217" type="nursery" />
<cycle-start id="469" type="scavenge" contextid="0" timestamp="2019-06-17T06:04:34.430" intervalms="11.213" />
<gc-start id="470" type="scavenge" contextid="469" timestamp="2019-06-17T06:04:34.430">
  <mem-info id="471" free="1457312" total="11993088" percent="12">
    <mem type="nursery" free="0" total="5898240" percent="0">
      <mem type="allocate" free="0" total="5308416" percent="0" />
      <mem type="survivor" free="0" total="589824" percent="0" />
    </mem>
    <mem type="tenure" free="1457312" total="6094848" percent="23">
      <mem type="soa" free="1208480" total="5790720" percent="20" />
      <mem type="loa" free="248832" total="304128" percent="81" />
    </mem>
    <remembered-set count="3033" />
  </mem-info>
</gc-start>
<allocation-stats totalBytes="5189944" >
  <allocated-bytes non-tlh="40" tlh="5189904" />
  <largest-consumer threadName="Thread-7" threadId="0000000001CD0900" bytes="2133680" />
</allocation-stats>
<gc-op id="472" type="scavenge" timems="2.226" contextid="469" timestamp="2019-06-17T06:04:34.432">
  <scavenger-info tenureage="5" tenuremask="ffe0" tiltratio="90" />
  <memory-copied type="nursery" objects="3100" bytes="75256" bytesdiscarded="81416" />
</gc-op>
<heap-resize id="473" type="expand" space="nursery" amount="655360" count="1" timems="0.019" reason="excessive time being spent scavenging" timestamp="2019-06-17T06:04:34.432" />
<gc-end id="474" type="scavenge" contextid="469" durationms="2.644" usertimems="0.000" systemtimems="4.000" timestamp="2019-06-17T06:04:34.433" activeThreads="4">
  <mem-info id="475" free="7198880" total="12648448" percent="56">
    <mem type="nursery" free="5741568" total="6553600" percent="87">
      <mem type="allocate" free="5741568" total="5898240" percent="97" />
      <mem type="survivor" free="0" total="655360" percent="0" />
    </mem>
    <mem type="tenure" free="1457312" total="6094848" percent="23">
      <mem type="soa" free="1208480" total="5790720" percent="20" />
      <mem type="loa" free="248832" total="304128" percent="81" />
    </mem>
    <remembered-set count="3033" />
  </mem-info>
</gc-end>
<cycle-end id="476" type="scavenge" contextid="469" timestamp="2019-06-17T06:04:34.433" />
  <attribute name="elasticGC enabled" value="1" />
  <attribute name= "numThreadsSpecified" value="4" />
  <attribute name="heapSize specified" value="9371648" />
  <attribute name="Current GC Util" value="36" />
  <attribute name= "Current Time Running" value="902" />
  <attribute name ="GC Interval" value="200" />
  <attribute name="ProportionalT" value="16.000000" />
  <attribute name="ProportionalI" value="16.000000" />
  <attribute name="ProportionalH" value="16.000000" />
  <attribute name="Current Error" value="16.000000" />
  <attribute name="IntegralT" value="176.000000" />
  <attribute name="IntegralI" value="176.000000" />
  <attribute name="IntegralH" value="176.000000" />
  <attribute name="DerivativeT" value="1.272727" />
  <attribute name="DerivativeI" value="1.272727" />
  <attribute name="DerivativeH" value="1.272727" />
  <attribute name="Loop Time for DT" value="11.000000" />
  <attribute name="Output H" value="8388608"/>
  <attribute name="Output I" value="200"/>
  <attribute name="Output T" value="4"/>
  <attribute name="Target GC Util Change" value ="20.000000" />
  <attribute name="Current GC Util Change" value="36.000000"/>
  <attribute name="GC Util currently" value="36" />
  <attribute name="CPU Util currently" value="416182067047" />
<allocation-satisfied id="477" threadId="0000000001CD0900" bytesRequested="40" />
<af-end id="478" timestamp="2019-06-17T06:04:34.433" threadId="0000000001CD1288" success="true" from="nursery"/>
<exclusive-end id="479" timestamp="2019-06-17T06:04:34.433" durationms="3.506" />

<exclusive-start id="480" timestamp="2019-06-17T06:04:34.442" intervalms="12.890">
  <response-info timems="0.034" idlems="0.034" threads="0" lastid="0000000001CD0900" lastname="Thread-7" />
</exclusive-start>
<af-start id="481" threadId="0000000001CD1288" totalBytesRequested="40" timestamp="2019-06-17T06:04:34.443" intervalms="12.941" type="nursery" />
<cycle-start id="482" type="scavenge" contextid="0" timestamp="2019-06-17T06:04:34.443" intervalms="12.943" />
<gc-start id="483" type="scavenge" contextid="482" timestamp="2019-06-17T06:04:34.443">
  <mem-info id="484" free="1457312" total="12648448" percent="11">
    <mem type="nursery" free="0" total="6553600" percent="0">
      <mem type="allocate" free="0" total="5898240" percent="0" />
      <mem type="survivor" free="0" total="655360" percent="0" />
    </mem>
    <mem type="tenure" free="1457312" total="6094848" percent="23">
      <mem type="soa" free="1208480" total="5790720" percent="20" />
      <mem type="loa" free="248832" total="304128" percent="81" />
    </mem>
    <remembered-set count="3803" />
  </mem-info>
</gc-start>
<allocation-stats totalBytes="5740704" >
  <allocated-bytes non-tlh="40" tlh="5740664" />
  <largest-consumer threadName="Thread-7" threadId="0000000001CD0900" bytes="3112560" />
</allocation-stats>
<gc-op id="485" type="scavenge" timems="2.618" contextid="482" timestamp="2019-06-17T06:04:34.446">
  <scavenger-info tenureage="4" tenuremask="fff0" tiltratio="90" />
  <memory-copied type="nursery" objects="3286" bytes="79816" bytesdiscarded="76856" />
  <memory-copied type="tenure" objects="600" bytes="14400" bytesdiscarded="0" />
</gc-op>
<heap-resize id="486" type="expand" space="nursery" amount="524288" count="1" timems="0.022" reason="excessive time being spent scavenging" timestamp="2019-06-17T06:04:34.446" />
<gc-end id="487" type="scavenge" contextid="482" durationms="3.072" usertimems="4.000" systemtimems="0.000" timestamp="2019-06-17T06:04:34.446" activeThreads="4">
  <mem-info id="488" free="7618464" total="13172736" percent="57">
    <mem type="nursery" free="6200320" total="7077888" percent="87">
      <mem type="allocate" free="6200320" total="6356992" percent="97" />
      <mem type="survivor" free="0" total="720896" percent="0" />
    </mem>
    <mem type="tenure" free="1418144" total="6094848" percent="23">
      <mem type="soa" free="1169312" total="5790720" percent="20" />
      <mem type="loa" free="248832" total="304128" percent="81" />
    </mem>
    <remembered-set count="3205" />
  </mem-info>
</gc-end>
<cycle-end id="489" type="scavenge" contextid="482" timestamp="2019-06-17T06:04:34.446" />
  <attribute name="elasticGC enabled" value="1" />
  <attribute name= "numThreadsSpecified" value="4" />
  <attribute name="heapSize specified" value="9371648" />
  <attribute name="Current GC Util" value="28" />
  <attribute name= "Current Time Running" value="915" />
  <attribute name ="GC Interval" value="200" />
  <attribute name="ProportionalT" value="8.000000" />
  <attribute name="ProportionalI" value="8.000000" />
  <attribute name="ProportionalH" value="8.000000" />
  <attribute name="Current Error" value="8.000000" />
  <attribute name="IntegralT" value="104.000000" />
  <attribute name="IntegralI" value="104.000000" />
  <attribute name="IntegralH" value="104.000000" />
  <attribute name="DerivativeT" value="-0.615385" />
  <attribute name="DerivativeI" value="-0.615385" />
  <attribute name="DerivativeH" value="-0.615385" />
  <attribute name="Loop Time for DT" value="13.000000" />
  <attribute name="Output H" value="8388608"/>
  <attribute name="Output I" value="200"/>
  <attribute name="Output T" value="4"/>
  <attribute name="Target GC Util Change" value ="20.000000" />
  <attribute name="Current GC Util Change" value="28.000000"/>
  <attribute name="GC Util currently" value="28" />
  <attribute name="CPU Util currently" value="353753072967" />
<allocation-satisfied id="490" threadId="0000000001CD0900" bytesRequested="40" />
<af-end id="491" timestamp="2019-06-17T06:04:34.446" threadId="0000000001CD1288" success="true" from="nursery"/>
<exclusive-end id="492" timestamp="2019-06-17T06:04:34.446" durationms="3.765" />

<exclusive-start id="493" timestamp="2019-06-17T06:04:34.453" intervalms="10.225">
  <response-info timems="0.202" idlems="0.185" threads="1" lastid="0000000001CD4500" lastname="Thread-9" />
</exclusive-start>
<af-start id="494" threadId="0000000001CCD688" totalBytesRequested="40" timestamp="2019-06-17T06:04:34.453" intervalms="10.178" type="nursery" />
<cycle-start id="495" type="scavenge" contextid="0" timestamp="2019-06-17T06:04:34.453" intervalms="10.178" />
<gc-start id="496" type="scavenge" contextid="495" timestamp="2019-06-17T06:04:34.453">
  <mem-info id="497" free="1418144" total="13172736" percent="10">
    <mem type="nursery" free="0" total="7077888" percent="0">
      <mem type="allocate" free="0" total="6356992" percent="0" />
      <mem type="survivor" free="0" total="720896" percent="0" />
    </mem>
    <mem type="tenure" free="1418144" total="6094848" percent="23">
      <mem type="soa" free="1169312" total="5790720" percent="20" />
      <mem type="loa" free="248832" total="304128" percent="81" />
    </mem>
    <remembered-set count="4107" />
  </mem-info>
</gc-start>
<allocation-stats totalBytes="6199608" >
  <allocated-bytes non-tlh="40" tlh="6199568" />
  <largest-consumer threadName="Thread-7" threadId="0000000001CD0900" bytes="2457400" />
</allocation-stats>
<gc-op id="498" type="scavenge" timems="0.313" contextid="495" timestamp="2019-06-17T06:04:34.454">
  <scavenger-info tenureage="4" tenuremask="4010" tiltratio="89" />
  <memory-copied type="nursery" objects="3539" bytes="86136" bytesdiscarded="162696" />
  <memory-copied type="tenure" objects="707" bytes="16968" bytesdiscarded="0" />
</gc-op>
<gc-end id="499" type="scavenge" contextid="495" durationms="0.637" usertimems="4.000" systemtimems="0.000" timestamp="2019-06-17T06:04:34.454" activeThreads="4">
  <mem-info id="500" free="7487136" total="13172736" percent="56">
    <mem type="nursery" free="6108160" total="7077888" percent="86">
      <mem type="allocate" free="6108160" total="6356992" percent="96" />
      <mem type="survivor" free="0" total="720896" percent="0" />
    </mem>
    <mem type="tenure" free="1378976" total="6094848" percent="22">
      <mem type="soa" free="1130144" total="5790720" percent="19" />
      <mem type="loa" free="248832" total="304128" percent="81" />
    </mem>
    <remembered-set count="3400" />
  </mem-info>
</gc-end>
<cycle-end id="501" type="scavenge" contextid="495" timestamp="2019-06-17T06:04:34.454" />
  <attribute name="elasticGC enabled" value="1" />
  <attribute name= "numThreadsSpecified" value="4" />
  <attribute name="heapSize specified" value="9371648" />
  <attribute name="Current GC Util" value="37" />
  <attribute name= "Current Time Running" value="925" />
  <attribute name ="GC Interval" value="200" />
  <attribute name="ProportionalT" value="17.000000" />
  <attribute name="ProportionalI" value="17.000000" />
  <attribute name="ProportionalH" value="17.000000" />
  <attribute name="Current Error" value="17.000000" />
  <attribute name="IntegralT" value="170.000000" />
  <attribute name="IntegralI" value="170.000000" />
  <attribute name="IntegralH" value="170.000000" />
  <attribute name="DerivativeT" value="0.900000" />
  <attribute name="DerivativeI" value="0.900000" />
  <attribute name="DerivativeH" value="0.900000" />
  <attribute name="Loop Time for DT" value="10.000000" />
  <attribute name="Output H" value="8388608"/>
  <attribute name="Output I" value="200"/>
  <attribute name="Output T" value="4"/>
  <attribute name="Target GC Util Change" value ="20.000000" />
  <attribute name="Current GC Util Change" value="37.000000"/>
  <attribute name="GC Util currently" value="37" />
  <attribute name="CPU Util currently" value="452363792812" />
<allocation-satisfied id="502" threadId="0000000001CCCD00" bytesRequested="40" />
<af-end id="503" timestamp="2019-06-17T06:04:34.454" threadId="0000000001CCD688" success="true" from="nursery"/>
<exclusive-end id="504" timestamp="2019-06-17T06:04:34.454" durationms="1.267" />

<exclusive-start id="505" timestamp="2019-06-17T06:04:34.461" intervalms="8.498">
  <response-info timems="1.273" idlems="0.645" threads="1" lastid="0000000001CD8100" lastname="Thread-10" />
</exclusive-start>
<af-start id="506" threadId="0000000001CCD688" totalBytesRequested="40" timestamp="2019-06-17T06:04:34.461" intervalms="8.524" type="nursery" />
<cycle-start id="507" type="scavenge" contextid="0" timestamp="2019-06-17T06:04:34.461" intervalms="8.544" />
<gc-start id="508" type="scavenge" contextid="507" timestamp="2019-06-17T06:04:34.462">
  <mem-info id="509" free="1378976" total="13172736" percent="10">
    <mem type="nursery" free="0" total="7077888" percent="0">
      <mem type="allocate" free="0" total="6356992" percent="0" />
      <mem type="survivor" free="0" total="720896" percent="0" />
    </mem>
    <mem type="tenure" free="1378976" total="6094848" percent="22">
      <mem type="soa" free="1130144" total="5790720" percent="19" />
      <mem type="loa" free="248832" total="304128" percent="81" />
    </mem>
    <remembered-set count="3987" />
  </mem-info>
</gc-start>
<allocation-stats totalBytes="6107128" >
  <allocated-bytes non-tlh="40" tlh="6107088" />
  <largest-consumer threadName="Thread-7" threadId="0000000001CD0900" bytes="2196144" />
</allocation-stats>
<gc-op id="510" type="scavenge" timems="1.223" contextid="507" timestamp="2019-06-17T06:04:34.463">
  <scavenger-info tenureage="3" tenuremask="4018" tiltratio="89" />
  <memory-copied type="nursery" objects="2431" bytes="59248" bytesdiscarded="97424" />
  <memory-copied type="tenure" objects="1634" bytes="39216" bytesdiscarded="0" />
</gc-op>
<heap-resize id="511" type="expand" space="nursery" amount="393216" count="1" timems="0.014" reason="excessive time being spent scavenging" timestamp="2019-06-17T06:04:34.463" />
<gc-end id="512" type="scavenge" contextid="507" durationms="1.744" usertimems="4.000" systemtimems="0.000" timestamp="2019-06-17T06:04:34.463" activeThreads="4">
  <mem-info id="513" free="7837088" total="13565952" percent="57">
    <mem type="nursery" free="6528000" total="7471104" percent="87">
      <mem type="allocate" free="6528000" total="6684672" percent="97" />
      <mem type="survivor" free="0" total="786432" percent="0" />
    </mem>
    <mem type="tenure" free="1309088" total="6094848" percent="21">
      <mem type="soa" free="1060256" total="5790720" percent="18" />
      <mem type="loa" free="248832" total="304128" percent="81" />
    </mem>
    <remembered-set count="2351" />
  </mem-info>
</gc-end>
<cycle-end id="514" type="scavenge" contextid="507" timestamp="2019-06-17T06:04:34.463" />
  <attribute name="elasticGC enabled" value="1" />
  <attribute name= "numThreadsSpecified" value="4" />
  <attribute name="heapSize specified" value="9371648" />
  <attribute name="Current GC Util" value="11" />
  <attribute name= "Current Time Running" value="934" />
  <attribute name ="GC Interval" value="200" />
  <attribute name="ProportionalT" value="-9.000000" />
  <attribute name="ProportionalI" value="-9.000000" />
  <attribute name="ProportionalH" value="-9.000000" />
  <attribute name="Current Error" value="-9.000000" />
  <attribute name="IntegralT" value="-81.000000" />
  <attribute name="IntegralI" value="-81.000000" />
  <attribute name="IntegralH" value="-81.000000" />
  <attribute name="DerivativeT" value="-2.888889" />
  <attribute name="DerivativeI" value="-2.888889" />
  <attribute name="DerivativeH" value="-2.888889" />
  <attribute name="Loop Time for DT" value="9.000000" />
  <attribute name="Output H" value="2092630016"/>
  <attribute name="Output I" value="200"/>
  <attribute name="Output T" value="4"/>
  <attribute name="Target GC Util Change" value ="20.000000" />
  <attribute name="Current GC Util Change" value="11.000000"/>
  <attribute name="GC Util currently" value="11" />
  <attribute name="CPU Util currently" value="536600834677" />
<allocation-satisfied id="515" threadId="0000000001CCCD00" bytesRequested="40" />
<af-end id="516" timestamp="2019-06-17T06:04:34.464" threadId="0000000001CCD688" success="true" from="nursery"/>
<exclusive-end id="517" timestamp="2019-06-17T06:04:34.464" durationms="2.385" />

<exclusive-start id="518" timestamp="2019-06-17T06:04:34.471" intervalms="10.013">
  <response-info timems="0.027" idlems="0.027" threads="0" lastid="0000000001CCCD00" lastname="Thread-8" />
</exclusive-start>
<af-start id="519" threadId="0000000001CCD688" totalBytesRequested="24" timestamp="2019-06-17T06:04:34.471" intervalms="10.013" type="nursery" />
<cycle-start id="520" type="scavenge" contextid="0" timestamp="2019-06-17T06:04:34.471" intervalms="9.987" />
<gc-start id="521" type="scavenge" contextid="520" timestamp="2019-06-17T06:04:34.472">
  <mem-info id="522" free="1308832" total="13565952" percent="9">
    <mem type="nursery" free="0" total="7471104" percent="0">
      <mem type="allocate" free="0" total="6684672" percent="0" />
      <mem type="survivor" free="0" total="786432" percent="0" />
    </mem>
    <mem type="tenure" free="1308832" total="6094848" percent="21">
      <mem type="soa" free="1060000" total="5790720" percent="18" />
      <mem type="loa" free="248832" total="304128" percent="81" />
    </mem>
    <remembered-set count="3061" />
  </mem-info>
</gc-start>
<allocation-stats totalBytes="6527344" >
  <allocated-bytes non-tlh="296" tlh="6527048" />
  <largest-consumer threadName="Thread-7" threadId="0000000001CD0900" bytes="2789040" />
</allocation-stats>
<gc-op id="523" type="scavenge" timems="1.090" contextid="520" timestamp="2019-06-17T06:04:34.473">
  <scavenger-info tenureage="3" tenuremask="4008" tiltratio="89" />
  <memory-copied type="nursery" objects="3359" bytes="83520" bytesdiscarded="296640" />
  <memory-copied type="tenure" objects="771" bytes="18504" bytesdiscarded="0" />
</gc-op>
<heap-resize id="524" type="expand" space="nursery" amount="393216" count="1" timems="0.011" reason="excessive time being spent scavenging" timestamp="2019-06-17T06:04:34.473" />
<gc-end id="525" type="scavenge" contextid="520" durationms="1.516" usertimems="4.000" systemtimems="0.000" timestamp="2019-06-17T06:04:34.473" activeThreads="4">
  <mem-info id="526" free="7941024" total="13959168" percent="56">
    <mem type="nursery" free="6632192" total="7864320" percent="84">
      <mem type="allocate" free="6632192" total="7012352" percent="94" />
      <mem type="survivor" free="0" total="851968" percent="0" />
    </mem>
    <mem type="tenure" free="1308832" total="6094848" percent="21">
      <mem type="soa" free="1060000" total="5790720" percent="18" />
      <mem type="loa" free="248832" total="304128" percent="81" />
    </mem>
    <remembered-set count="2286" />
  </mem-info>
</gc-end>
<cycle-end id="527" type="scavenge" contextid="520" timestamp="2019-06-17T06:04:34.473" />
  <attribute name="elasticGC enabled" value="1" />
  <attribute name= "numThreadsSpecified" value="4" />
  <attribute name="heapSize specified" value="9371648" />
  <attribute name="Current GC Util" value="26" />
  <attribute name= "Current Time Running" value="944" />
  <attribute name ="GC Interval" value="200" />
  <attribute name="ProportionalT" value="6.000000" />
  <attribute name="ProportionalI" value="6.000000" />
  <attribute name="ProportionalH" value="6.000000" />
  <attribute name="Current Error" value="6.000000" />
  <attribute name="IntegralT" value="60.000000" />
  <attribute name="IntegralI" value="60.000000" />
  <attribute name="IntegralH" value="60.000000" />
  <attribute name="DerivativeT" value="0.600000" />
  <attribute name="DerivativeI" value="0.600000" />
  <attribute name="DerivativeH" value="0.600000" />
  <attribute name="Loop Time for DT" value="10.000000" />
  <attribute name="Output H" value="8388608"/>
  <attribute name="Output I" value="200"/>
  <attribute name="Output T" value="4"/>
  <attribute name="Target GC Util Change" value ="20.000000" />
  <attribute name="Current GC Util Change" value="26.000000"/>
  <attribute name="GC Util currently" value="26" />
  <attribute name="CPU Util currently" value="465464419263" />
<allocation-satisfied id="528" threadId="0000000001CCCD00" bytesRequested="24" />
<af-end id="529" timestamp="2019-06-17T06:04:34.473" threadId="0000000001CCD688" success="true" from="nursery"/>
<exclusive-end id="530" timestamp="2019-06-17T06:04:34.473" durationms="2.121" />

<exclusive-start id="531" timestamp="2019-06-17T06:04:34.480" intervalms="8.861">
  <response-info timems="0.039" idlems="0.039" threads="0" lastid="0000000001CD8100" lastname="Thread-10" />
</exclusive-start>
<af-start id="532" threadId="0000000001CD8A88" totalBytesRequested="40" timestamp="2019-06-17T06:04:34.480" intervalms="8.804" type="nursery" />
<cycle-start id="533" type="scavenge" contextid="0" timestamp="2019-06-17T06:04:34.480" intervalms="8.762" />
<gc-start id="534" type="scavenge" contextid="533" timestamp="2019-06-17T06:04:34.480">
  <mem-info id="535" free="1308832" total="13959168" percent="9">
    <mem type="nursery" free="0" total="7864320" percent="0">
      <mem type="allocate" free="0" total="7012352" percent="0" />
      <mem type="survivor" free="0" total="851968" percent="0" />
    </mem>
    <mem type="tenure" free="1308832" total="6094848" percent="21">
      <mem type="soa" free="1060000" total="5790720" percent="18" />
      <mem type="loa" free="248832" total="304128" percent="81" />
    </mem>
    <remembered-set count="3085" />
  </mem-info>
</gc-start>
<allocation-stats totalBytes="6630728" >
  <allocated-bytes non-tlh="24" tlh="6630704" />
  <largest-consumer threadName="Thread-7" threadId="0000000001CD0900" bytes="2588312" />
</allocation-stats>
<gc-op id="536" type="scavenge" timems="0.403" contextid="533" timestamp="2019-06-17T06:04:34.481">
  <scavenger-info tenureage="3" tenuremask="4008" tiltratio="89" />
  <memory-copied type="nursery" objects="3145" bytes="82032" bytesdiscarded="298128" />
  <memory-copied type="tenure" objects="900" bytes="21600" bytesdiscarded="0" />
</gc-op>
<gc-end id="537" type="scavenge" contextid="533" durationms="0.615" usertimems="0.000" systemtimems="0.000" timestamp="2019-06-17T06:04:34.481" activeThreads="4">
  <mem-info id="538" free="8006560" total="13959168" percent="57">
    <mem type="nursery" free="6697728" total="7864320" percent="85">
      <mem type="allocate" free="6697728" total="7077888" percent="94" />
      <mem type="survivor" free="0" total="786432" percent="0" />
    </mem>
    <mem type="tenure" free="1308832" total="6094848" percent="21">
      <mem type="soa" free="1060000" total="5790720" percent="18" />
      <mem type="loa" free="248832" total="304128" percent="81" />
    </mem>
    <remembered-set count="2184" />
  </mem-info>
</gc-end>
<cycle-end id="539" type="scavenge" contextid="533" timestamp="2019-06-17T06:04:34.481" />
  <attribute name="elasticGC enabled" value="1" />
  <attribute name= "numThreadsSpecified" value="4" />
  <attribute name="heapSize specified" value="9371648" />
  <attribute name="Current GC Util" value="28" />
  <attribute name= "Current Time Running" value="953" />
  <attribute name ="GC Interval" value="200" />
  <attribute name="ProportionalT" value="8.000000" />
  <attribute name="ProportionalI" value="8.000000" />
  <attribute name="ProportionalH" value="8.000000" />
  <attribute name="Current Error" value="8.000000" />
  <attribute name="IntegralT" value="72.000000" />
  <attribute name="IntegralI" value="72.000000" />
  <attribute name="IntegralH" value="72.000000" />
  <attribute name="DerivativeT" value="0.222222" />
  <attribute name="DerivativeI" value="0.222222" />
  <attribute name="DerivativeH" value="0.222222" />
  <attribute name="Loop Time for DT" value="9.000000" />
  <attribute name="Output H" value="8388608"/>
  <attribute name="Output I" value="200"/>
  <attribute name="Output T" value="4"/>
  <attribute name="Target GC Util Change" value ="20.000000" />
  <attribute name="Current GC Util Change" value="28.000000"/>
  <attribute name="GC Util currently" value="28" />
  <attribute name="CPU Util currently" value="534073476507" />
<allocation-satisfied id="540" threadId="0000000001CD8100" bytesRequested="40" />
<af-end id="541" timestamp="2019-06-17T06:04:34.481" threadId="0000000001CD8A88" success="true" from="nursery"/>
<exclusive-end id="542" timestamp="2019-06-17T06:04:34.481" durationms="1.083" />

<exclusive-start id="543" timestamp="2019-06-17T06:04:34.491" intervalms="11.320">
  <response-info timems="0.033" idlems="0.033" threads="0" lastid="0000000001CD4500" lastname="Thread-9" />
</exclusive-start>
<af-start id="544" threadId="0000000001CD4E88" totalBytesRequested="48" timestamp="2019-06-17T06:04:34.492" intervalms="11.373" type="nursery" />
<cycle-start id="545" type="scavenge" contextid="0" timestamp="2019-06-17T06:04:34.492" intervalms="11.430" />
<gc-start id="546" type="scavenge" contextid="545" timestamp="2019-06-17T06:04:34.492">
  <mem-info id="547" free="1308832" total="13959168" percent="9">
    <mem type="nursery" free="0" total="7864320" percent="0">
      <mem type="allocate" free="0" total="7077888" percent="0" />
      <mem type="survivor" free="0" total="786432" percent="0" />
    </mem>
    <mem type="tenure" free="1308832" total="6094848" percent="21">
      <mem type="soa" free="1060000" total="5790720" percent="18" />
      <mem type="loa" free="248832" total="304128" percent="81" />
    </mem>
    <remembered-set count="2653" />
  </mem-info>
</gc-start>
<allocation-stats totalBytes="6696232" >
  <allocated-bytes non-tlh="40" tlh="6696192" />
  <largest-consumer threadName="Thread-8" threadId="0000000001CCCD00" bytes="2326176" />
</allocation-stats>
<gc-op id="548" type="scavenge" timems="1.602" contextid="545" timestamp="2019-06-17T06:04:34.494">
  <scavenger-info tenureage="3" tenuremask="4008" tiltratio="90" />
  <memory-copied type="nursery" objects="7729" bytes="339696" bytesdiscarded="65808" />
  <memory-copied type="tenure" objects="592" bytes="14208" bytesdiscarded="0" />
</gc-op>
<heap-resize id="549" type="expand" space="nursery" amount="655360" count="1" timems="0.015" reason="excessive time being spent scavenging" timestamp="2019-06-17T06:04:34.494" />
<gc-end id="550" type="scavenge" contextid="545" durationms="2.209" usertimems="4.000" systemtimems="0.000" timestamp="2019-06-17T06:04:34.494" activeThreads="4">
  <mem-info id="551" free="8571040" total="14614528" percent="58">
    <mem type="nursery" free="7262208" total="8519680" percent="85">
      <mem type="allocate" free="7262208" total="7667712" percent="94" />
      <mem type="survivor" free="0" total="851968" percent="0" />
    </mem>
    <mem type="tenure" free="1308832" total="6094848" percent="21">
      <mem type="soa" free="1060000" total="5790720" percent="18" />
      <mem type="loa" free="248832" total="304128" percent="81" />
    </mem>
    <remembered-set count="2059" />
  </mem-info>
</gc-end>
<cycle-end id="552" type="scavenge" contextid="545" timestamp="2019-06-17T06:04:34.494" />
  <attribute name="elasticGC enabled" value="1" />
  <attribute name= "numThreadsSpecified" value="4" />
  <attribute name="heapSize specified" value="9371648" />
  <attribute name="Current GC Util" value="9" />
  <attribute name= "Current Time Running" value="964" />
  <attribute name ="GC Interval" value="200" />
  <attribute name="ProportionalT" value="-11.000000" />
  <attribute name="ProportionalI" value="-11.000000" />
  <attribute name="ProportionalH" value="-11.000000" />
  <attribute name="Current Error" value="-11.000000" />
  <attribute name="IntegralT" value="-121.000000" />
  <attribute name="IntegralI" value="-121.000000" />
  <attribute name="IntegralH" value="-121.000000" />
  <attribute name="DerivativeT" value="-1.727273" />
  <attribute name="DerivativeI" value="-1.727273" />
  <attribute name="DerivativeH" value="-1.727273" />
  <attribute name="Loop Time for DT" value="11.000000" />
  <attribute name="Output H" value="2092630016"/>
  <attribute name="Output I" value="200"/>
  <attribute name="Output T" value="4"/>
  <attribute name="Target GC Util Change" value ="20.000000" />
  <attribute name="Current GC Util Change" value="9.000000"/>
  <attribute name="GC Util currently" value="9" />
  <attribute name="CPU Util currently" value="398130215925" />
<allocation-satisfied id="553" threadId="0000000001CD4500" bytesRequested="48" />
<af-end id="554" timestamp="2019-06-17T06:04:34.494" threadId="0000000001CD4E88" success="true" from="nursery"/>
<exclusive-end id="555" timestamp="2019-06-17T06:04:34.494" durationms="2.966" />

<exclusive-start id="556" timestamp="2019-06-17T06:04:34.501" intervalms="10.107">
  <response-info timems="0.033" idlems="0.033" threads="0" lastid="0000000001CD4500" lastname="Thread-9" />
</exclusive-start>
<af-start id="557" threadId="0000000001CD4E88" totalBytesRequested="40" timestamp="2019-06-17T06:04:34.502" intervalms="10.098" type="nursery" />
<cycle-start id="558" type="scavenge" contextid="0" timestamp="2019-06-17T06:04:34.502" intervalms="10.086" />
<gc-start id="559" type="scavenge" contextid="558" timestamp="2019-06-17T06:04:34.502">
  <mem-info id="560" free="1308832" total="14614528" percent="8">
    <mem type="nursery" free="0" total="8519680" percent="0">
      <mem type="allocate" free="0" total="7667712" percent="0" />
      <mem type="survivor" free="0" total="851968" percent="0" />
    </mem>
    <mem type="tenure" free="1308832" total="6094848" percent="21">
      <mem type="soa" free="1060000" total="5790720" percent="18" />
      <mem type="loa" free="248832" total="304128" percent="81" />
    </mem>
    <remembered-set count="2821" />
  </mem-info>
</gc-start>
<allocation-stats totalBytes="7260976" >
  <allocated-bytes non-tlh="48" tlh="7260928" />
  <largest-consumer threadName="Thread-8" threadId="0000000001CCCD00" bytes="2969136" />
</allocation-stats>
<gc-op id="561" type="scavenge" timems="1.880" contextid="558" timestamp="2019-06-17T06:04:34.504">
  <scavenger-info tenureage="3" tenuremask="ffe8" tiltratio="90" />
  <memory-copied type="nursery" objects="7384" bytes="334736" bytesdiscarded="112840" />
  <memory-copied type="tenure" objects="1732" bytes="43736" bytesdiscarded="8" />
</gc-op>
<heap-resize id="562" type="expand" space="nursery" amount="917504" count="1" timems="0.013" reason="excessive time being spent scavenging" timestamp="2019-06-17T06:04:34.504" />
<gc-end id="563" type="scavenge" contextid="558" durationms="2.366" usertimems="4.000" systemtimems="0.000" timestamp="2019-06-17T06:04:34.504" activeThreads="4">
  <mem-info id="564" free="9276232" total="15532032" percent="59">
    <mem type="nursery" free="8006568" total="9437184" percent="84">
      <mem type="allocate" free="8006568" total="8454144" percent="94" />
      <mem type="survivor" free="0" total="983040" percent="0" />
    </mem>
    <mem type="tenure" free="1269664" total="6094848" percent="20">
      <mem type="soa" free="1020832" total="5790720" percent="17" />
      <mem type="loa" free="248832" total="304128" percent="81" />
    </mem>
    <remembered-set count="2116" />
  </mem-info>
</gc-end>
<cycle-end id="565" type="scavenge" contextid="558" timestamp="2019-06-17T06:04:34.504" />
  <attribute name="elasticGC enabled" value="1" />
  <attribute name= "numThreadsSpecified" value="4" />
  <attribute name="heapSize specified" value="9371648" />
  <attribute name="Current GC Util" value="34" />
  <attribute name= "Current Time Running" value="974" />
  <attribute name ="GC Interval" value="200" />
  <attribute name="ProportionalT" value="14.000000" />
  <attribute name="ProportionalI" value="14.000000" />
  <attribute name="ProportionalH" value="14.000000" />
  <attribute name="Current Error" value="14.000000" />
  <attribute name="IntegralT" value="140.000000" />
  <attribute name="IntegralI" value="140.000000" />
  <attribute name="IntegralH" value="140.000000" />
  <attribute name="DerivativeT" value="1.400000" />
  <attribute name="DerivativeI" value="1.400000" />
  <attribute name="DerivativeH" value="1.400000" />
  <attribute name="Loop Time for DT" value="10.000000" />
  <attribute name="Output H" value="8388608"/>
  <attribute name="Output I" value="200"/>
  <attribute name="Output T" value="4"/>
  <attribute name="Target GC Util Change" value ="20.000000" />
  <attribute name="Current GC Util Change" value="34.000000"/>
  <attribute name="GC Util currently" value="34" />
  <attribute name="CPU Util currently" value="463002136384" />
<allocation-satisfied id="566" threadId="0000000001CD4500" bytesRequested="40" />
<af-end id="567" timestamp="2019-06-17T06:04:34.504" threadId="0000000001CD4E88" success="true" from="nursery"/>
<exclusive-end id="568" timestamp="2019-06-17T06:04:34.504" durationms="2.961" />

<exclusive-start id="569" timestamp="2019-06-17T06:04:34.510" intervalms="8.728">
  <response-info timems="0.029" idlems="0.029" threads="0" lastid="0000000001CD8100" lastname="Thread-10" />
</exclusive-start>
<af-start id="570" threadId="0000000001CD8A88" totalBytesRequested="40" timestamp="2019-06-17T06:04:34.510" intervalms="8.720" type="nursery" />
<cycle-start id="571" type="scavenge" contextid="0" timestamp="2019-06-17T06:04:34.510" intervalms="8.711" />
<gc-start id="572" type="scavenge" contextid="571" timestamp="2019-06-17T06:04:34.511">
  <mem-info id="573" free="1269664" total="15532032" percent="8">
    <mem type="nursery" free="0" total="9437184" percent="0">
      <mem type="allocate" free="0" total="8454144" percent="0" />
      <mem type="survivor" free="0" total="983040" percent="0" />
    </mem>
    <mem type="tenure" free="1269664" total="6094848" percent="20">
      <mem type="soa" free="1020832" total="5790720" percent="17" />
      <mem type="loa" free="248832" total="304128" percent="81" />
    </mem>
    <remembered-set count="2836" />
  </mem-info>
</gc-start>
<allocation-stats totalBytes="8005256" >
  <allocated-bytes non-tlh="40" tlh="8005216" />
  <largest-consumer threadName="Thread-8" threadId="0000000001CCCD00" bytes="2588368" />
</allocation-stats>
<gc-op id="574" type="scavenge" timems="0.514" contextid="571" timestamp="2019-06-17T06:04:34.511">
  <scavenger-info tenureage="2" tenuremask="ffec" tiltratio="89" />
  <memory-copied type="nursery" objects="2671" bytes="70352" bytesdiscarded="86320" />
  <memory-copied type="tenure" objects="5832" bytes="291120" bytesdiscarded="24" />
</gc-op>
<gc-end id="575" type="scavenge" contextid="571" durationms="0.823" usertimems="0.000" systemtimems="0.000" timestamp="2019-06-17T06:04:34.511" activeThreads="4">
  <mem-info id="576" free="9300376" total="15532032" percent="59">
    <mem type="nursery" free="8297472" total="9437184" percent="87">
      <mem type="allocate" free="8297472" total="8454144" percent="98" />
      <mem type="survivor" free="0" total="983040" percent="0" />
    </mem>
    <mem type="tenure" free="1002904" total="6094848" percent="16">
      <mem type="soa" free="754072" total="5790720" percent="13" />
      <mem type="loa" free="248832" total="304128" percent="81" />
    </mem>
    <remembered-set count="2362" />
  </mem-info>
</gc-end>
<cycle-end id="577" type="scavenge" contextid="571" timestamp="2019-06-17T06:04:34.511" />
  <attribute name="elasticGC enabled" value="1" />
  <attribute name= "numThreadsSpecified" value="4" />
  <attribute name="heapSize specified" value="9371648" />
  <attribute name="Current GC Util" value="46" />
  <attribute name= "Current Time Running" value="983" />
  <attribute name ="GC Interval" value="264" />
  <attribute name="ProportionalT" value="26.000000" />
  <attribute name="ProportionalI" value="26.000000" />
  <attribute name="ProportionalH" value="26.000000" />
  <attribute name="Current Error" value="26.000000" />
  <attribute name="IntegralT" value="234.000000" />
  <attribute name="IntegralI" value="234.000000" />
  <attribute name="IntegralH" value="234.000000" />
  <attribute name="DerivativeT" value="1.333333" />
  <attribute name="DerivativeI" value="1.333333" />
  <attribute name="DerivativeH" value="1.333333" />
  <attribute name="Loop Time for DT" value="9.000000" />
  <attribute name="Output H" value="8388608"/>
  <attribute name="Output I" value="264"/>
  <attribute name="Output T" value="4"/>
  <attribute name="Target GC Util Change" value ="20.000000" />
  <attribute name="Current GC Util Change" value="46.000000"/>
  <attribute name="GC Util currently" value="46" />
  <attribute name="CPU Util currently" value="523548041912" />
<allocation-satisfied id="578" threadId="0000000001CD8100" bytesRequested="40" />
<af-end id="579" timestamp="2019-06-17T06:04:34.512" threadId="0000000001CD8A88" success="true" from="nursery"/>
<exclusive-end id="580" timestamp="2019-06-17T06:04:34.512" durationms="1.433" />

<exclusive-start id="581" timestamp="2019-06-17T06:04:34.522" intervalms="12.097">
  <response-info timems="0.038" idlems="0.021" threads="1" lastid="0000000001CD0900" lastname="Thread-7" />
</exclusive-start>
<af-start id="582" threadId="0000000001CD8A88" totalBytesRequested="40" timestamp="2019-06-17T06:04:34.522" intervalms="12.112" type="nursery" />
<cycle-start id="583" type="scavenge" contextid="0" timestamp="2019-06-17T06:04:34.523" intervalms="12.118" />
<gc-start id="584" type="scavenge" contextid="583" timestamp="2019-06-17T06:04:34.523">
  <mem-info id="585" free="1002904" total="15532032" percent="6">
    <mem type="nursery" free="0" total="9437184" percent="0">
      <mem type="allocate" free="0" total="8454144" percent="0" />
      <mem type="survivor" free="0" total="983040" percent="0" />
    </mem>
    <mem type="tenure" free="1002904" total="6094848" percent="16">
      <mem type="soa" free="754072" total="5790720" percent="13" />
      <mem type="loa" free="248832" total="304128" percent="81" />
    </mem>
    <remembered-set count="3488" />
  </mem-info>
</gc-start>
<allocation-stats totalBytes="8296544" >
  <allocated-bytes non-tlh="40" tlh="8296504" />
  <largest-consumer threadName="Thread-8" threadId="0000000001CCCD00" bytes="3243632" />
</allocation-stats>
<gc-op id="586" type="scavenge" timems="1.203" contextid="583" timestamp="2019-06-17T06:04:34.524">
  <scavenger-info tenureage="3" tenuremask="ffe8" tiltratio="89" />
  <memory-copied type="nursery" objects="3822" bytes="97976" bytesdiscarded="181576" />
</gc-op>
<gc-end id="587" type="scavenge" contextid="583" durationms="1.527" usertimems="0.000" systemtimems="0.000" timestamp="2019-06-17T06:04:34.524" activeThreads="4">
  <mem-info id="588" free="9177496" total="15532032" percent="59">
    <mem type="nursery" free="8174592" total="9437184" percent="86">
      <mem type="allocate" free="8174592" total="8454144" percent="96" />
      <mem type="survivor" free="0" total="983040" percent="0" />
    </mem>
    <mem type="tenure" free="1002904" total="6094848" percent="16">
      <mem type="soa" free="754072" total="5790720" percent="13" />
      <mem type="loa" free="248832" total="304128" percent="81" />
    </mem>
    <remembered-set count="3488" />
  </mem-info>
</gc-end>
<cycle-end id="589" type="scavenge" contextid="583" timestamp="2019-06-17T06:04:34.524" />
  <attribute name="elasticGC enabled" value="1" />
  <attribute name= "numThreadsSpecified" value="4" />
  <attribute name="heapSize specified" value="9371648" />
  <attribute name="Current GC Util" value="12" />
  <attribute name= "Current Time Running" value="995" />
  <attribute name ="GC Interval" value="200" />
  <attribute name="ProportionalT" value="-8.000000" />
  <attribute name="ProportionalI" value="-8.000000" />
  <attribute name="ProportionalH" value="-8.000000" />
  <attribute name="Current Error" value="-8.000000" />
  <attribute name="IntegralT" value="-96.000000" />
  <attribute name="IntegralI" value="-96.000000" />
  <attribute name="IntegralH" value="-96.000000" />
  <attribute name="DerivativeT" value="-2.833333" />
  <attribute name="DerivativeI" value="-2.833333" />
  <attribute name="DerivativeH" value="-2.833333" />
  <attribute name="Loop Time for DT" value="12.000000" />
  <attribute name="Output H" value="2092630016"/>
  <attribute name="Output I" value="200"/>
  <attribute name="Output T" value="4"/>
  <attribute name="Target GC Util Change" value ="20.000000" />
  <attribute name="Current GC Util Change" value="12.000000"/>
  <attribute name="GC Util currently" value="12" />
  <attribute name="CPU Util currently" value="380701826535" />
<allocation-satisfied id="590" threadId="0000000001CD8100" bytesRequested="40" />
<af-end id="591" timestamp="2019-06-17T06:04:34.524" threadId="0000000001CD8A88" success="true" from="nursery"/>
<exclusive-end id="592" timestamp="2019-06-17T06:04:34.524" durationms="2.160" />

<exclusive-start id="593" timestamp="2019-06-17T06:04:34.531" intervalms="8.310">
  <response-info timems="0.040" idlems="0.040" threads="0" lastid="0000000001CCCD00" lastname="Thread-8" />
</exclusive-start>
<af-start id="594" threadId="0000000001CCD688" totalBytesRequested="40" timestamp="2019-06-17T06:04:34.531" intervalms="8.331" type="nursery" />
<cycle-start id="595" type="scavenge" contextid="0" timestamp="2019-06-17T06:04:34.531" intervalms="8.358" />
<gc-start id="596" type="scavenge" contextid="595" timestamp="2019-06-17T06:04:34.531">
  <mem-info id="597" free="1002904" total="15532032" percent="6">
    <mem type="nursery" free="0" total="9437184" percent="0">
      <mem type="allocate" free="0" total="8454144" percent="0" />
      <mem type="survivor" free="0" total="983040" percent="0" />
    </mem>
    <mem type="tenure" free="1002904" total="6094848" percent="16">
      <mem type="soa" free="754072" total="5790720" percent="13" />
      <mem type="loa" free="248832" total="304128" percent="81" />
    </mem>
    <remembered-set count="4734" />
  </mem-info>
</gc-start>
<allocation-stats totalBytes="8173392" >
  <allocated-bytes non-tlh="40" tlh="8173352" />
  <largest-consumer threadName="Thread-8" threadId="0000000001CCCD00" bytes="3112456" />
</allocation-stats>
<gc-op id="598" type="scavenge" timems="1.495" contextid="595" timestamp="2019-06-17T06:04:34.533">
  <scavenger-info tenureage="3" tenuremask="fff8" tiltratio="89" />
  <memory-copied type="nursery" objects="3768" bytes="91504" bytesdiscarded="188048" />
  <memory-copied type="tenure" objects="1366" bytes="38160" bytesdiscarded="0" />
</gc-op>
<heap-resize id="599" type="expand" space="nursery" amount="786432" count="1" timems="0.015" reason="excessive time being spent scavenging" timestamp="2019-06-17T06:04:34.533" />
<gc-end id="600" type="scavenge" contextid="595" durationms="2.053" usertimems="4.000" systemtimems="0.000" timestamp="2019-06-17T06:04:34.533" activeThreads="4">
  <mem-info id="601" free="9793688" total="16318464" percent="60">
    <mem type="nursery" free="8829952" total="10223616" percent="86">
      <mem type="allocate" free="8829952" total="9109504" percent="96" />
      <mem type="survivor" free="0" total="1114112" percent="0" />
    </mem>
    <mem type="tenure" free="963736" total="6094848" percent="15">
      <mem type="soa" free="714904" total="5790720" percent="12" />
      <mem type="loa" free="248832" total="304128" percent="81" />
    </mem>
    <remembered-set count="3667" />
  </mem-info>
</gc-end>
<cycle-end id="602" type="scavenge" contextid="595" timestamp="2019-06-17T06:04:34.533" />
  <attribute name="elasticGC enabled" value="1" />
  <attribute name= "numThreadsSpecified" value="4" />
  <attribute name="heapSize specified" value="9371648" />
  <attribute name="Current GC Util" value="32" />
  <attribute name= "Current Time Running" value="1004" />
  <attribute name ="GC Interval" value="200" />
  <attribute name="ProportionalT" value="12.000000" />
  <attribute name="ProportionalI" value="12.000000" />
  <attribute name="ProportionalH" value="12.000000" />
  <attribute name="Current Error" value="12.000000" />
  <attribute name="IntegralT" value="108.000000" />
  <attribute name="IntegralI" value="108.000000" />
  <attribute name="IntegralH" value="108.000000" />
  <attribute name="DerivativeT" value="1.333333" />
  <attribute name="DerivativeI" value="1.333333" />
  <attribute name="DerivativeH" value="1.333333" />
  <attribute name="Loop Time for DT" value="9.000000" />
  <attribute name="Output H" value="8388608"/>
  <attribute name="Output I" value="200"/>
  <attribute name="Output T" value="4"/>
  <attribute name="Target GC Util Change" value ="20.000000" />
  <attribute name="Current GC Util Change" value="32.000000"/>
  <attribute name="GC Util currently" value="32" />
  <attribute name="CPU Util currently" value="539346309843" />
<allocation-satisfied id="603" threadId="0000000001CCCD00" bytesRequested="40" />
<af-end id="604" timestamp="2019-06-17T06:04:34.533" threadId="0000000001CCD688" success="true" from="nursery"/>
<exclusive-end id="605" timestamp="2019-06-17T06:04:34.533" durationms="2.751" />

<exclusive-start id="606" timestamp="2019-06-17T06:04:34.540" intervalms="9.278">
  <response-info timems="0.065" idlems="0.065" threads="0" lastid="0000000001CD4500" lastname="Thread-9" />
</exclusive-start>
<af-start id="607" threadId="0000000001CD4E88" totalBytesRequested="40" timestamp="2019-06-17T06:04:34.540" intervalms="9.218" type="nursery" />
<cycle-start id="608" type="scavenge" contextid="0" timestamp="2019-06-17T06:04:34.540" intervalms="9.164" />
<gc-start id="609" type="scavenge" contextid="608" timestamp="2019-06-17T06:04:34.540">
  <mem-info id="610" free="963736" total="16318464" percent="5">
    <mem type="nursery" free="0" total="10223616" percent="0">
      <mem type="allocate" free="0" total="9109504" percent="0" />
      <mem type="survivor" free="0" total="1114112" percent="0" />
    </mem>
    <mem type="tenure" free="963736" total="6094848" percent="15">
      <mem type="soa" free="714904" total="5790720" percent="12" />
      <mem type="loa" free="248832" total="304128" percent="81" />
    </mem>
    <remembered-set count="5210" />
  </mem-info>
</gc-start>
<allocation-stats totalBytes="8828560" >
  <allocated-bytes non-tlh="40" tlh="8828520" />
  <largest-consumer threadName="Thread-8" threadId="0000000001CCCD00" bytes="3374736" />
</allocation-stats>
<gc-op id="611" type="scavenge" timems="0.930" contextid="608" timestamp="2019-06-17T06:04:34.541">
  <scavenger-info tenureage="3" tenuremask="ffe8" tiltratio="89" />
  <memory-copied type="nursery" objects="9835" bytes="373944" bytesdiscarded="154440" />
  <memory-copied type="tenure" objects="1158" bytes="27792" bytesdiscarded="0" />
</gc-op>
<heap-resize id="612" type="expand" space="nursery" amount="655360" count="1" timems="0.013" reason="excessive time being spent scavenging" timestamp="2019-06-17T06:04:34.541" />
<gc-end id="613" type="scavenge" contextid="608" durationms="1.455" usertimems="0.000" systemtimems="0.000" timestamp="2019-06-17T06:04:34.542" activeThreads="4">
  <mem-info id="614" free="10200216" total="16973824" percent="60">
    <mem type="nursery" free="9236480" total="10878976" percent="84">
      <mem type="allocate" free="9236480" total="9764864" percent="94" />
      <mem type="survivor" free="0" total="1114112" percent="0" />
    </mem>
    <mem type="tenure" free="963736" total="6094848" percent="15">
      <mem type="soa" free="714904" total="5790720" percent="12" />
      <mem type="loa" free="248832" total="304128" percent="81" />
    </mem>
    <remembered-set count="4052" />
  </mem-info>
</gc-end>
<cycle-end id="615" type="scavenge" contextid="608" timestamp="2019-06-17T06:04:34.542" />
  <attribute name="elasticGC enabled" value="1" />
  <attribute name= "numThreadsSpecified" value="4" />
  <attribute name="heapSize specified" value="9371648" />
  <attribute name="Current GC Util" value="36" />
  <attribute name= "Current Time Running" value="1013" />
  <attribute name ="GC Interval" value="200" />
  <attribute name="ProportionalT" value="16.000000" />
  <attribute name="ProportionalI" value="16.000000" />
  <attribute name="ProportionalH" value="16.000000" />
  <attribute name="Current Error" value="16.000000" />
  <attribute name="IntegralT" value="144.000000" />
  <attribute name="IntegralI" value="144.000000" />
  <attribute name="IntegralH" value="144.000000" />
  <attribute name="DerivativeT" value="0.444444" />
  <attribute name="DerivativeI" value="0.444444" />
  <attribute name="DerivativeH" value="0.444444" />
  <attribute name="Loop Time for DT" value="9.000000" />
  <attribute name="Output H" value="8388608"/>
  <attribute name="Output I" value="200"/>
  <attribute name="Output T" value="4"/>
  <attribute name="Target GC Util Change" value ="20.000000" />
  <attribute name="Current GC Util Change" value="36.000000"/>
  <attribute name="GC Util currently" value="36" />
  <attribute name="CPU Util currently" value="518824184219" />
<allocation-satisfied id="616" threadId="0000000001CD4500" bytesRequested="40" />
<af-end id="617" timestamp="2019-06-17T06:04:34.542" threadId="0000000001CD4E88" success="true" from="nursery"/>
<exclusive-end id="618" timestamp="2019-06-17T06:04:34.542" durationms="2.087" />

<exclusive-start id="619" timestamp="2019-06-17T06:04:34.548" intervalms="8.461">
  <response-info timems="0.030" idlems="0.030" threads="0" lastid="0000000001CD4500" lastname="Thread-9" />
</exclusive-start>
<af-start id="620" threadId="0000000001CD4E88" totalBytesRequested="40" timestamp="2019-06-17T06:04:34.548" intervalms="8.492" type="nursery" />
<cycle-start id="621" type="scavenge" contextid="0" timestamp="2019-06-17T06:04:34.549" intervalms="8.524" />
<gc-start id="622" type="scavenge" contextid="621" timestamp="2019-06-17T06:04:34.549">
  <mem-info id="623" free="963736" total="16973824" percent="5">
    <mem type="nursery" free="0" total="10878976" percent="0">
      <mem type="allocate" free="0" total="9764864" percent="0" />
      <mem type="survivor" free="0" total="1114112" percent="0" />
    </mem>
    <mem type="tenure" free="963736" total="6094848" percent="15">
      <mem type="soa" free="714904" total="5790720" percent="12" />
      <mem type="loa" free="248832" total="304128" percent="81" />
    </mem>
    <remembered-set count="5362" />
  </mem-info>
</gc-start>
<allocation-stats totalBytes="9234976" >
  <allocated-bytes non-tlh="40" tlh="9234936" />
  <largest-consumer threadName="Thread-8" threadId="0000000001CCCD00" bytes="3112432" />
</allocation-stats>
<gc-op id="624" type="scavenge" timems="0.912" contextid="621" timestamp="2019-06-17T06:04:34.550">
  <scavenger-info tenureage="3" tenuremask="ffe8" tiltratio="89" />
  <memory-copied type="nursery" objects="10647" bytes="393904" bytesdiscarded="103760" />
  <memory-copied type="tenure" objects="1134" bytes="27216" bytesdiscarded="8" />
</gc-op>
<heap-resize id="625" type="expand" space="nursery" amount="655360" count="1" timems="0.010" reason="excessive time being spent scavenging" timestamp="2019-06-17T06:04:34.550" />
<gc-end id="626" type="scavenge" contextid="621" durationms="1.393" usertimems="4.000" systemtimems="0.000" timestamp="2019-06-17T06:04:34.550" activeThreads="4">
  <mem-info id="627" free="10781592" total="17629184" percent="61">
    <mem type="nursery" free="9857024" total="11534336" percent="85">
      <mem type="allocate" free="9857024" total="10354688" percent="95" />
      <mem type="survivor" free="0" total="1179648" percent="0" />
    </mem>
    <mem type="tenure" free="924568" total="6094848" percent="15">
      <mem type="soa" free="675736" total="5790720" percent="11" />
      <mem type="loa" free="248832" total="304128" percent="81" />
    </mem>
    <remembered-set count="4227" />
  </mem-info>
</gc-end>
<cycle-end id="628" type="scavenge" contextid="621" timestamp="2019-06-17T06:04:34.550" />
  <attribute name="elasticGC enabled" value="1" />
  <attribute name= "numThreadsSpecified" value="4" />
  <attribute name="heapSize specified" value="9371648" />
  <attribute name="Current GC Util" value="29" />
  <attribute name= "Current Time Running" value="1021" />
  <attribute name ="GC Interval" value="200" />
  <attribute name="ProportionalT" value="9.000000" />
  <attribute name="ProportionalI" value="9.000000" />
  <attribute name="ProportionalH" value="9.000000" />
  <attribute name="Current Error" value="9.000000" />
  <attribute name="IntegralT" value="72.000000" />
  <attribute name="IntegralI" value="72.000000" />
  <attribute name="IntegralH" value="72.000000" />
  <attribute name="DerivativeT" value="-0.875000" />
  <attribute name="DerivativeI" value="-0.875000" />
  <attribute name="DerivativeH" value="-0.875000" />
  <attribute name="Loop Time for DT" value="8.000000" />
  <attribute name="Output H" value="8388608"/>
  <attribute name="Output I" value="200"/>
  <attribute name="Output T" value="4"/>
  <attribute name="Target GC Util Change" value ="20.000000" />
  <attribute name="Current GC Util Change" value="29.000000"/>
  <attribute name="GC Util currently" value="29" />
  <attribute name="CPU Util currently" value="541702925446" />
<allocation-satisfied id="629" threadId="0000000001CD4500" bytesRequested="40" />
<af-end id="630" timestamp="2019-06-17T06:04:34.550" threadId="0000000001CD4E88" success="true" from="nursery"/>
<exclusive-end id="631" timestamp="2019-06-17T06:04:34.550" durationms="2.011" />

<exclusive-start id="632" timestamp="2019-06-17T06:04:34.557" intervalms="8.891">
  <response-info timems="0.135" idlems="0.088" threads="2" lastid="0000000001CD4500" lastname="Thread-9" />
</exclusive-start>
<af-start id="633" threadId="0000000001CD8A88" totalBytesRequested="24" timestamp="2019-06-17T06:04:34.557" intervalms="8.889" type="nursery" />
<cycle-start id="634" type="scavenge" contextid="0" timestamp="2019-06-17T06:04:34.557" intervalms="8.883" />
<gc-start id="635" type="scavenge" contextid="634" timestamp="2019-06-17T06:04:34.558">
  <mem-info id="636" free="924568" total="17629184" percent="5">
    <mem type="nursery" free="0" total="11534336" percent="0">
      <mem type="allocate" free="0" total="10354688" percent="0" />
      <mem type="survivor" free="0" total="1179648" percent="0" />
    </mem>
    <mem type="tenure" free="924568" total="6094848" percent="15">
      <mem type="soa" free="675736" total="5790720" percent="11" />
      <mem type="loa" free="248832" total="304128" percent="81" />
    </mem>
    <remembered-set count="5738" />
  </mem-info>
</gc-start>
<allocation-stats totalBytes="9855992" >
  <allocated-bytes non-tlh="40" tlh="9855952" />
  <largest-consumer threadName="Thread-8" threadId="0000000001CCCD00" bytes="3372760" />
</allocation-stats>
<gc-op id="637" type="scavenge" timems="1.209" contextid="634" timestamp="2019-06-17T06:04:34.559">
  <scavenger-info tenureage="2" tenuremask="ffec" tiltratio="89" />
  <memory-copied type="nursery" objects="4925" bytes="119112" bytesdiscarded="199608" />
  <memory-copied type="tenure" objects="8644" bytes="344832" bytesdiscarded="48" />
</gc-op>
<heap-resize id="638" type="expand" space="nursery" amount="655360" count="1" timems="0.020" reason="excessive time being spent scavenging" timestamp="2019-06-17T06:04:34.559" />
<gc-end id="639" type="scavenge" contextid="634" durationms="1.514" usertimems="4.000" systemtimems="0.000" timestamp="2019-06-17T06:04:34.559" activeThreads="4">
  <mem-info id="640" free="11147928" total="18284544" percent="60">
    <mem type="nursery" free="10625792" total="12189696" percent="87">
      <mem type="allocate" free="10625792" total="10944512" percent="97" />
      <mem type="survivor" free="0" total="1245184" percent="0" />
    </mem>
    <mem type="tenure" free="522136" total="6094848" percent="8">
      <mem type="soa" free="273304" total="5790720" percent="4" />
      <mem type="loa" free="248832" total="304128" percent="81" />
    </mem>
    <remembered-set count="3819" />
  </mem-info>
</gc-end>
<cycle-end id="641" type="scavenge" contextid="634" timestamp="2019-06-17T06:04:34.559" />
  <attribute name="elasticGC enabled" value="1" />
  <attribute name= "numThreadsSpecified" value="4" />
  <attribute name="heapSize specified" value="9371648" />
  <attribute name="Current GC Util" value="26" />
  <attribute name= "Current Time Running" value="1030" />
  <attribute name ="GC Interval" value="200" />
  <attribute name="ProportionalT" value="6.000000" />
  <attribute name="ProportionalI" value="6.000000" />
  <attribute name="ProportionalH" value="6.000000" />
  <attribute name="Current Error" value="6.000000" />
  <attribute name="IntegralT" value="54.000000" />
  <attribute name="IntegralI" value="54.000000" />
  <attribute name="IntegralH" value="54.000000" />
  <attribute name="DerivativeT" value="-0.333333" />
  <attribute name="DerivativeI" value="-0.333333" />
  <attribute name="DerivativeH" value="-0.333333" />
  <attribute name="Loop Time for DT" value="9.000000" />
  <attribute name="Output H" value="8388608"/>
  <attribute name="Output I" value="200"/>
  <attribute name="Output T" value="4"/>
  <attribute name="Target GC Util Change" value ="20.000000" />
  <attribute name="Current GC Util Change" value="26.000000"/>
  <attribute name="GC Util currently" value="26" />
  <attribute name="CPU Util currently" value="519985046122" />
<allocation-satisfied id="642" threadId="0000000001CD8100" bytesRequested="24" />
<af-end id="643" timestamp="2019-06-17T06:04:34.559" threadId="0000000001CD8A88" success="true" from="nursery"/>
<exclusive-end id="644" timestamp="2019-06-17T06:04:34.559" durationms="2.053" />

<exclusive-start id="645" timestamp="2019-06-17T06:04:34.568" intervalms="11.229">
  <response-info timems="0.023" idlems="0.023" threads="0" lastid="0000000001CCCD00" lastname="Thread-8" />
</exclusive-start>
<af-start id="646" threadId="0000000001CCD688" totalBytesRequested="40" timestamp="2019-06-17T06:04:34.569" intervalms="11.201" type="nursery" />
<cycle-start id="647" type="scavenge" contextid="0" timestamp="2019-06-17T06:04:34.569" intervalms="11.223" />
<gc-start id="648" type="scavenge" contextid="647" timestamp="2019-06-17T06:04:34.569">
  <mem-info id="649" free="522136" total="18284544" percent="2">
    <mem type="nursery" free="0" total="12189696" percent="0">
      <mem type="allocate" free="0" total="10944512" percent="0" />
      <mem type="survivor" free="0" total="1245184" percent="0" />
    </mem>
    <mem type="tenure" free="522136" total="6094848" percent="8">
      <mem type="soa" free="273304" total="5790720" percent="4" />
      <mem type="loa" free="248832" total="304128" percent="81" />
    </mem>
    <remembered-set count="5135" />
  </mem-info>
</gc-start>
<allocation-stats totalBytes="10624448" >
  <allocated-bytes non-tlh="24" tlh="10624424" />
  <largest-consumer threadName="Thread-8" threadId="0000000001CCCD00" bytes="4460768" />
</allocation-stats>
<gc-op id="650" type="scavenge" timems="0.877" contextid="647" timestamp="2019-06-17T06:04:34.570">
  <scavenger-info tenureage="5" tenuremask="ffe0" tiltratio="89" />
  <memory-copied type="nursery" objects="11101" bytes="405096" bytesdiscarded="123288" />
</gc-op>
<heap-resize id="651" type="expand" space="nursery" amount="524288" count="1" timems="0.015" reason="excessive time being spent scavenging" timestamp="2019-06-17T06:04:34.570" />
<gc-end id="652" type="scavenge" contextid="647" durationms="1.334" usertimems="4.000" systemtimems="0.000" timestamp="2019-06-17T06:04:34.570" activeThreads="4">
  <mem-info id="653" free="11397016" total="18808832" percent="60">
    <mem type="nursery" free="10874880" total="12713984" percent="85">
      <mem type="allocate" free="10874880" total="11403264" percent="95" />
      <mem type="survivor" free="0" total="1310720" percent="0" />
    </mem>
    <mem type="tenure" free="522136" total="6094848" percent="8">
      <mem type="soa" free="273304" total="5790720" percent="4" />
      <mem type="loa" free="248832" total="304128" percent="81" />
    </mem>
    <remembered-set count="5128" />
  </mem-info>
</gc-end>
<cycle-end id="654" type="scavenge" contextid="647" timestamp="2019-06-17T06:04:34.570" />
  <attribute name="elasticGC enabled" value="1" />
  <attribute name= "numThreadsSpecified" value="4" />
  <attribute name="heapSize specified" value="9371648" />
  <attribute name="Current GC Util" value="29" />
  <attribute name= "Current Time Running" value="1041" />
  <attribute name ="GC Interval" value="200" />
  <attribute name="ProportionalT" value="9.000000" />
  <attribute name="ProportionalI" value="9.000000" />
  <attribute name="ProportionalH" value="9.000000" />
  <attribute name="Current Error" value="9.000000" />
  <attribute name="IntegralT" value="99.000000" />
  <attribute name="IntegralI" value="99.000000" />
  <attribute name="IntegralH" value="99.000000" />
  <attribute name="DerivativeT" value="0.272727" />
  <attribute name="DerivativeI" value="0.272727" />
  <attribute name="DerivativeH" value="0.272727" />
  <attribute name="Loop Time for DT" value="11.000000" />
  <attribute name="Output H" value="8388608"/>
  <attribute name="Output I" value="200"/>
  <attribute name="Output T" value="4"/>
  <attribute name="Target GC Util Change" value ="20.000000" />
  <attribute name="Current GC Util Change" value="29.000000"/>
  <attribute name="GC Util currently" value="29" />
  <attribute name="CPU Util currently" value="406051246063" />
<allocation-satisfied id="655" threadId="0000000001CCCD00" bytesRequested="40" />
<af-end id="656" timestamp="2019-06-17T06:04:34.570" threadId="0000000001CCD688" success="true" from="nursery"/>
<exclusive-end id="657" timestamp="2019-06-17T06:04:34.570" durationms="1.915" />

<exclusive-start id="658" timestamp="2019-06-17T06:04:34.579" intervalms="10.096">
  <response-info timems="0.029" idlems="0.029" threads="0" lastid="0000000001CD8100" lastname="Thread-10" />
</exclusive-start>
<af-start id="659" threadId="0000000001CD8A88" totalBytesRequested="136" timestamp="2019-06-17T06:04:34.579" intervalms="10.082" type="nursery" />
<cycle-start id="660" type="scavenge" contextid="0" timestamp="2019-06-17T06:04:34.579" intervalms="10.055" />
<gc-start id="661" type="scavenge" contextid="660" timestamp="2019-06-17T06:04:34.579">
  <mem-info id="662" free="522136" total="18808832" percent="2">
    <mem type="nursery" free="0" total="12713984" percent="0">
      <mem type="allocate" free="0" total="11403264" percent="0" />
      <mem type="survivor" free="0" total="1310720" percent="0" />
    </mem>
    <mem type="tenure" free="522136" total="6094848" percent="8">
      <mem type="soa" free="273304" total="5790720" percent="4" />
      <mem type="loa" free="248832" total="304128" percent="81" />
    </mem>
    <remembered-set count="7292" />
  </mem-info>
</gc-start>
<allocation-stats totalBytes="10873104" >
  <allocated-bytes non-tlh="40" tlh="10873064" />
  <largest-consumer threadName="Thread-7" threadId="0000000001CD0900" bytes="3567016" />
</allocation-stats>
<gc-op id="663" type="scavenge" timems="0.628" contextid="660" timestamp="2019-06-17T06:04:34.580">
  <scavenger-info tenureage="2" tenuremask="fffc" tiltratio="89" />
  <memory-copied type="nursery" objects="9201" bytes="358760" bytesdiscarded="127240" />
  <memory-copied type="tenure" objects="4748" bytes="113952" bytesdiscarded="0" />
</gc-op>
<gc-end id="664" type="scavenge" contextid="660" durationms="0.924" usertimems="0.000" systemtimems="0.000" timestamp="2019-06-17T06:04:34.580" activeThreads="4">
  <mem-info id="665" free="11207464" total="18808832" percent="59">
    <mem type="nursery" free="10917264" total="12713984" percent="85">
      <mem type="allocate" free="10917264" total="11403264" percent="95" />
      <mem type="survivor" free="0" total="1310720" percent="0" />
    </mem>
    <mem type="tenure" free="290200" total="6094848" percent="4">
      <mem type="soa" free="41368" total="5790720" percent="0" />
      <mem type="loa" free="248832" total="304128" percent="81" />
    </mem>
    <remembered-set count="3548" />
  </mem-info>
</gc-end>
<cycle-end id="666" type="scavenge" contextid="660" timestamp="2019-06-17T06:04:34.580" />
  <attribute name="elasticGC enabled" value="1" />
  <attribute name= "numThreadsSpecified" value="4" />
  <attribute name="heapSize specified" value="9371648" />
  <attribute name="Current GC Util" value="22" />
  <attribute name= "Current Time Running" value="1051" />
  <attribute name ="GC Interval" value="200" />
  <attribute name="ProportionalT" value="2.000000" />
  <attribute name="ProportionalI" value="2.000000" />
  <attribute name="ProportionalH" value="2.000000" />
  <attribute name="Current Error" value="2.000000" />
  <attribute name="IntegralT" value="20.000000" />
  <attribute name="IntegralI" value="20.000000" />
  <attribute name="IntegralH" value="20.000000" />
  <attribute name="DerivativeT" value="-0.700000" />
  <attribute name="DerivativeI" value="-0.700000" />
  <attribute name="DerivativeH" value="-0.700000" />
  <attribute name="Loop Time for DT" value="10.000000" />
  <attribute name="Output H" value="8388608"/>
  <attribute name="Output I" value="200"/>
  <attribute name="Output T" value="4"/>
  <attribute name="Target GC Util Change" value ="20.000000" />
  <attribute name="Current GC Util Change" value="22.000000"/>
  <attribute name="GC Util currently" value="22" />
  <attribute name="CPU Util currently" value="460245716857" />
<allocation-satisfied id="667" threadId="0000000001CD8100" bytesRequested="136" />
<af-end id="668" timestamp="2019-06-17T06:04:34.580" threadId="0000000001CD8A88" success="true" from="nursery"/>
<exclusive-end id="669" timestamp="2019-06-17T06:04:34.580" durationms="1.466" />

<concurrent-kickoff id="670" timestamp="2019-06-17T06:04:34.587">
  <kickoff reason="threshold reached" targetBytes="1822277" thresholdFreeBytes="254967"  remainingFree="169224" tenureFreeBytes="290200" nurseryFreeBytes="169224" />
</concurrent-kickoff>
<exclusive-start id="671" timestamp="2019-06-17T06:04:34.587" intervalms="8.768">
  <response-info timems="0.023" idlems="0.022" threads="1" lastid="0000000001CD8100" lastname="Thread-10" />
</exclusive-start>
<cycle-start id="672" type="global" contextid="0" timestamp="2019-06-17T06:04:34.587" intervalms="289.476" />
<exclusive-end id="673" timestamp="2019-06-17T06:04:34.588" durationms="0.190" />

<exclusive-start id="674" timestamp="2019-06-17T06:04:34.588" intervalms="0.489">
  <response-info timems="0.026" idlems="0.026" threads="0" lastid="0000000001CD8100" lastname="Thread-10" />
</exclusive-start>
<af-start id="675" threadId="0000000001CD8A88" totalBytesRequested="40" timestamp="2019-06-17T06:04:34.588" intervalms="9.283" type="nursery" />
<cycle-start id="676" type="scavenge" contextid="0" timestamp="2019-06-17T06:04:34.588" intervalms="9.279" />
<gc-start id="677" type="scavenge" contextid="676" timestamp="2019-06-17T06:04:34.588">
  <mem-info id="678" free="290200" total="18808832" percent="1">
    <mem type="nursery" free="0" total="12713984" percent="0">
      <mem type="allocate" free="0" total="11403264" percent="0" />
      <mem type="survivor" free="0" total="1310720" percent="0" />
    </mem>
    <mem type="tenure" free="290200" total="6094848" percent="4">
      <mem type="soa" free="41368" total="5790720" percent="0" />
      <mem type="loa" free="248832" total="304128" percent="81" />
    </mem>
    <remembered-set count="4966" />
  </mem-info>
</gc-start>
<allocation-stats totalBytes="10915792" >
  <allocated-bytes non-tlh="136" tlh="10915656" />
  <largest-consumer threadName="Thread-8" threadId="0000000001CCCD00" bytes="3636808" />
</allocation-stats>
<gc-op id="679" type="scavenge" timems="0.658" contextid="676" timestamp="2019-06-17T06:04:34.589">
  <scavenger-info tenureage="2" tenuremask="ffe4" tiltratio="89" />
  <memory-copied type="nursery" objects="10550" bytes="398144" bytesdiscarded="222400" />
  <memory-copied type="tenure" objects="5840" bytes="271128" bytesdiscarded="24" />
  <copy-failed type="tenure" objects="267" bytes="12816" />
</gc-op>
<gc-end id="680" type="scavenge" contextid="676" durationms="0.866" usertimems="0.000" systemtimems="0.000" timestamp="2019-06-17T06:04:34.589" activeThreads="4">
  <mem-info id="681" free="11031552" total="18808832" percent="58">
    <mem type="nursery" free="10782720" total="12713984" percent="84">
      <mem type="allocate" free="10782720" total="11403264" percent="94" />
      <mem type="survivor" free="0" total="1310720" percent="0" />
    </mem>
    <mem type="tenure" free="248832" total="6094848" percent="4">
      <mem type="soa" free="0" total="5790720" percent="0" />
      <mem type="loa" free="248832" total="304128" percent="81" />
    </mem>
    <remembered-set count="4058" />
  </mem-info>
</gc-end>
<cycle-end id="682" type="scavenge" contextid="676" timestamp="2019-06-17T06:04:34.589" />
  <attribute name="elasticGC enabled" value="1" />
  <attribute name= "numThreadsSpecified" value="4" />
  <attribute name="heapSize specified" value="9371648" />
  <attribute name="Current GC Util" value="22" />
  <attribute name= "Current Time Running" value="1061" />
  <attribute name ="GC Interval" value="200" />
  <attribute name="ProportionalT" value="2.000000" />
  <attribute name="ProportionalI" value="2.000000" />
  <attribute name="ProportionalH" value="2.000000" />
  <attribute name="Current Error" value="2.000000" />
  <attribute name="IntegralT" value="20.000000" />
  <attribute name="IntegralI" value="20.000000" />
  <attribute name="IntegralH" value="20.000000" />
  <attribute name="DerivativeT" value="0.000000" />
  <attribute name="DerivativeI" value="0.000000" />
  <attribute name="DerivativeH" value="0.000000" />
  <attribute name="Loop Time for DT" value="10.000000" />
  <attribute name="Output H" value="8388608"/>
  <attribute name="Output I" value="200"/>
  <attribute name="Output T" value="4"/>
  <attribute name="Target GC Util Change" value ="20.000000" />
  <attribute name="Current GC Util Change" value="22.000000"/>
  <attribute name="GC Util currently" value="22" />
  <attribute name="CPU Util currently" value="499698991625" />
<allocation-satisfied id="683" threadId="0000000001CD8100" bytesRequested="40" />
<af-end id="684" timestamp="2019-06-17T06:04:34.589" threadId="0000000001CD8A88" success="true" from="nursery"/>
<exclusive-end id="685" timestamp="2019-06-17T06:04:34.589" durationms="1.419" />

<exclusive-start id="686" timestamp="2019-06-17T06:04:34.598" intervalms="9.915">
  <response-info timems="0.024" idlems="0.024" threads="0" lastid="0000000001CCCD00" lastname="Thread-8" />
</exclusive-start>
<af-start id="687" threadId="0000000001CCD688" totalBytesRequested="40" timestamp="2019-06-17T06:04:34.598" intervalms="9.935" type="nursery" />
<percolate-collect id="688" from="nursery" to="global" reason="failed tenure threshold reached" timestamp="2019-06-17T06:04:34.598"/>
<gc-start id="689" type="global" contextid="672" timestamp="2019-06-17T06:04:34.598">
  <mem-info id="690" free="248832" total="18808832" percent="1">
    <mem type="nursery" free="0" total="12713984" percent="0">
      <mem type="allocate" free="0" total="11403264" percent="0" />
      <mem type="survivor" free="0" total="1310720" percent="0" />
    </mem>
    <mem type="tenure" free="248832" total="6094848" percent="4">
      <mem type="soa" free="0" total="5790720" percent="0" />
      <mem type="loa" free="248832" total="304128" percent="81" />
    </mem>
    <remembered-set count="4619" />
  </mem-info>
</gc-start>
<allocation-stats totalBytes="10781376" >
  <allocated-bytes non-tlh="40" tlh="10781336" />
  <largest-consumer threadName="Thread-8" threadId="0000000001CCCD00" bytes="3505712" />
</allocation-stats>
<concurrent-halted id="691" timestamp="2019-06-17T06:04:34.598">
  <halted state="Class scanning incomplete" status="clean trace" />
  <traced bytesTarget="1822277" bytesTotal="1697620" bytesByMutator="1328568" bytesByHelper="369052" percent="93" />
  <cards cleaned="196" thresholdBytes="100441" />
</concurrent-halted>
<gc-op id="692" type="tracing" timems="0.300" contextid="672" timestamp="2019-06-17T06:04:34.598">
  <trace bytesTraced="85236" workStackOverflowCount="0" />
</gc-op>
<gc-op id="693" type="rs-scan" timems="0.698" contextid="672" timestamp="2019-06-17T06:04:34.599">
  <scan objectsFound="4146" bytesTraced="404236" workStackOverflowCount="0" />
</gc-op>
<gc-op id="694" type="card-cleaning" timems="0.354" contextid="672" timestamp="2019-06-17T06:04:34.600">
  <card-cleaning cardsCleaned="4" bytesTraced="4160" workStackOverflowCount="0" />
</gc-op>
<gc-op id="695" type="mark" timems="1.846" contextid="672" timestamp="2019-06-17T06:04:34.602">
  <trace-info objectcount="28242" scancount="24525" scanbytes="970392" />
  <finalization candidates="124" enqueued="0" />
  <ownableSynchronizers candidates="3" cleared="0" />
  <references type="soft" candidates="148" cleared="0" enqueued="0" dynamicThreshold="9" maxThreshold="32" />
  <references type="weak" candidates="692" cleared="0" enqueued="0" />
  <references type="phantom" candidates="36" cleared="0" enqueued="0" />
  <stringconstants candidates="4597" cleared="0"  />
</gc-op>
<gc-op id="696" type="sweep" timems="0.782" contextid="672" timestamp="2019-06-17T06:04:34.603" />
<mem-info id="697" free="12576584" total="18808832" percent="66">
  <mem type="nursery" free="10675744" total="12713984" percent="83">
    <mem type="allocate" free="10675744" total="11403264" percent="93" />
    <mem type="survivor" free="0" total="1310720" percent="0" />
  </mem>
  <mem type="tenure" free="1900840" total="6094848" percent="31" micro-fragmented="106620" macro-fragmented="0">
    <mem type="soa" free="1596712" total="5790720" percent="27" />
    <mem type="loa" free="304128" total="304128" percent="100" />
  </mem>
  <remembered-set count="4187" />
</mem-info>
<gc-op id="698" type="compact" timems="10.808" contextid="672" timestamp="2019-06-17T06:04:34.614">
  <compact-info movecount="65684" movebytes="4069432" reason="compact to aid heap contraction" />
</gc-op>
<heap-resize id="699" type="contract" space="tenure" amount="262144" count="1" timems="0.084" reason="heap reconfiguration" timestamp="2019-06-17T06:04:34.614" />
<gc-end id="700" type="global" contextid="672" durationms="16.209" usertimems="20.000" systemtimems="0.000" timestamp="2019-06-17T06:04:34.614" activeThreads="4">
  <mem-info id="701" free="12454008" total="18546688" percent="67">
    <mem type="nursery" free="10724800" total="12713984" percent="84">
      <mem type="allocate" free="10724800" total="11403264" percent="94" />
      <mem type="survivor" free="0" total="1310720" percent="0" />
    </mem>
    <mem type="tenure" free="1729208" total="5832704" percent="29">
      <mem type="soa" free="1480376" total="5541888" percent="26" />
      <mem type="loa" free="248832" total="290816" percent="85" />
    </mem>
    <remembered-set count="4187" />
  </mem-info>
</gc-end>
<cycle-end id="702" type="global" contextid="672" timestamp="2019-06-17T06:04:34.614" />
  <attribute name="elasticGC enabled" value="1" />
  <attribute name= "numThreadsSpecified" value="4" />
  <attribute name="heapSize specified" value="18808832" />
  <attribute name="Current GC Util" value="56" />
  <attribute name= "Current Time Running" value="1086" />
  <attribute name ="GC Interval" value="200" />
  <attribute name="ProportionalT" value="36.000000" />
  <attribute name="ProportionalI" value="36.000000" />
  <attribute name="ProportionalH" value="36.000000" />
  <attribute name="Current Error" value="36.000000" />
  <attribute name="IntegralT" value="396.000000" />
  <attribute name="IntegralI" value="396.000000" />
  <attribute name="IntegralH" value="396.000000" />
  <attribute name="DerivativeT" value="-12.272727" />
  <attribute name="DerivativeI" value="-12.272727" />
  <attribute name="DerivativeH" value="-12.272727" />
  <attribute name="Loop Time for DT" value="11.000000" />
  <attribute name="Output H" value="8388608"/>
  <attribute name="Output I" value="424"/>
  <attribute name="Output T" value="4"/>
  <attribute name="Target GC Util Change" value ="20.000000" />
  <attribute name="Current GC Util Change" value="56.000000"/>
  <attribute name="GC Util currently" value="56" />
  <attribute name="CPU Util currently" value="420690593939" />
<allocation-satisfied id="703" threadId="0000000001CCCD00" bytesRequested="40" />
<af-end id="704" timestamp="2019-06-17T06:04:34.615" threadId="0000000001CCD688" success="true" from="nursery"/>
<exclusive-end id="705" timestamp="2019-06-17T06:04:34.615" durationms="16.941" />

<exclusive-start id="706" timestamp="2019-06-17T06:04:34.622" intervalms="24.259">
  <response-info timems="0.024" idlems="0.024" threads="0" lastid="0000000001CCCD00" lastname="Thread-8" />
</exclusive-start>
<af-start id="707" threadId="0000000001CCD688" totalBytesRequested="40" timestamp="2019-06-17T06:04:34.622" intervalms="24.251" type="nursery" />
<cycle-start id="708" type="scavenge" contextid="0" timestamp="2019-06-17T06:04:34.622" intervalms="34.193" />
<gc-start id="709" type="scavenge" contextid="708" timestamp="2019-06-17T06:04:34.622">
  <mem-info id="710" free="1729208" total="18546688" percent="9">
    <mem type="nursery" free="0" total="12713984" percent="0">
      <mem type="allocate" free="0" total="11403264" percent="0" />
      <mem type="survivor" free="0" total="1310720" percent="0" />
    </mem>
    <mem type="tenure" free="1729208" total="5832704" percent="29">
      <mem type="soa" free="1480376" total="5541888" percent="26" />
      <mem type="loa" free="248832" total="290816" percent="85" />
    </mem>
    <remembered-set count="4555" />
  </mem-info>
</gc-start>
<allocation-stats totalBytes="10723216" >
  <allocated-bytes non-tlh="40" tlh="10723176" />
  <largest-consumer threadName="Thread-8" threadId="0000000001CCCD00" bytes="3636704" />
</allocation-stats>
<gc-op id="711" type="scavenge" timems="1.228" contextid="708" timestamp="2019-06-17T06:04:34.624">
  <scavenger-info tenureage="2" tenuremask="fffc" tiltratio="89" />
  <memory-copied type="nursery" objects="15960" bytes="658808" bytesdiscarded="316552" />
  <memory-copied type="tenure" objects="2161" bytes="58272" bytesdiscarded="0" />
  <ownableSynchronizers candidates="6" cleared="6" />
</gc-op>
<gc-end id="712" type="scavenge" contextid="708" durationms="1.413" usertimems="0.000" systemtimems="0.000" timestamp="2019-06-17T06:04:34.624" activeThreads="4">
  <mem-info id="713" free="11947448" total="18546688" percent="64">
    <mem type="nursery" free="10427904" total="12713984" percent="82">
      <mem type="allocate" free="10427904" total="11403264" percent="91" />
      <mem type="survivor" free="0" total="1310720" percent="0" />
    </mem>
    <mem type="tenure" free="1519544" total="5832704" percent="26">
      <mem type="soa" free="1270712" total="5541888" percent="22" />
      <mem type="loa" free="248832" total="290816" percent="85" />
    </mem>
    <remembered-set count="2706" />
  </mem-info>
</gc-end>
<cycle-end id="714" type="scavenge" contextid="708" timestamp="2019-06-17T06:04:34.624" />
  <attribute name="elasticGC enabled" value="1" />
  <attribute name= "numThreadsSpecified" value="4" />
  <attribute name="heapSize specified" value="18808832" />
  <attribute name="Current GC Util" value="273" />
  <attribute name= "Current Time Running" value="1095" />
  <attribute name ="GC Interval" value="2560" />
  <attribute name="ProportionalT" value="253.000000" />
  <attribute name="ProportionalI" value="253.000000" />
  <attribute name="ProportionalH" value="253.000000" />
  <attribute name="Current Error" value="253.000000" />
  <attribute name="IntegralT" value="2277.000000" />
  <attribute name="IntegralI" value="2277.000000" />
  <attribute name="IntegralH" value="2277.000000" />
  <attribute name="DerivativeT" value="24.111111" />
  <attribute name="DerivativeI" value="24.111111" />
  <attribute name="DerivativeH" value="24.111111" />
  <attribute name="Loop Time for DT" value="9.000000" />
  <attribute name="Output H" value="8388608"/>
  <attribute name="Output I" value="2560"/>
  <attribute name="Output T" value="4"/>
  <attribute name="Target GC Util Change" value ="20.000000" />
  <attribute name="Current GC Util Change" value="273.000000"/>
  <attribute name="GC Util currently" value="273" />
  <attribute name="CPU Util currently" value="534390895400" />
<allocation-satisfied id="715" threadId="0000000001CCCD00" bytesRequested="40" />
<af-end id="716" timestamp="2019-06-17T06:04:34.624" threadId="0000000001CCD688" success="true" from="nursery"/>
<exclusive-end id="717" timestamp="2019-06-17T06:04:34.624" durationms="1.991" />

<exclusive-start id="718" timestamp="2019-06-17T06:04:34.632" intervalms="9.498">
  <response-info timems="0.034" idlems="0.034" threads="0" lastid="0000000001CD0900" lastname="Thread-7" />
</exclusive-start>
<af-start id="719" threadId="0000000001CD1288" totalBytesRequested="40" timestamp="2019-06-17T06:04:34.632" intervalms="9.508" type="nursery" />
<cycle-start id="720" type="scavenge" contextid="0" timestamp="2019-06-17T06:04:34.632" intervalms="9.515" />
<gc-start id="721" type="scavenge" contextid="720" timestamp="2019-06-17T06:04:34.632">
  <mem-info id="722" free="1519544" total="18546688" percent="8">
    <mem type="nursery" free="0" total="12713984" percent="0">
      <mem type="allocate" free="0" total="11403264" percent="0" />
      <mem type="survivor" free="0" total="1310720" percent="0" />
    </mem>
    <mem type="tenure" free="1519544" total="5832704" percent="26">
      <mem type="soa" free="1270712" total="5541888" percent="22" />
      <mem type="loa" free="248832" total="290816" percent="85" />
    </mem>
    <remembered-set count="3089" />
  </mem-info>
</gc-start>
<allocation-stats totalBytes="10426376" >
  <allocated-bytes non-tlh="40" tlh="10426336" />
  <largest-consumer threadName="Thread-8" threadId="0000000001CCCD00" bytes="3767832" />
</allocation-stats>
<gc-op id="723" type="scavenge" timems="1.123" contextid="720" timestamp="2019-06-17T06:04:34.633">
  <scavenger-info tenureage="14" tenuremask="4000" tiltratio="89" />
  <memory-copied type="nursery" objects="18028" bytes="708608" bytesdiscarded="152320" />
</gc-op>
<heap-resize id="724" type="expand" space="nursery" amount="655360" count="1" timems="0.021" reason="excessive time being spent scavenging" timestamp="2019-06-17T06:04:34.633" />
<gc-end id="725" type="scavenge" contextid="720" durationms="1.558" usertimems="4.000" systemtimems="0.000" timestamp="2019-06-17T06:04:34.633" activeThreads="4">
  <mem-info id="726" free="12651704" total="19202048" percent="65">
    <mem type="nursery" free="11132160" total="13369344" percent="83">
      <mem type="allocate" free="11132160" total="11993088" percent="92" />
      <mem type="survivor" free="0" total="1376256" percent="0" />
    </mem>
    <mem type="tenure" free="1519544" total="5832704" percent="26">
      <mem type="soa" free="1270712" total="5541888" percent="22" />
      <mem type="loa" free="248832" total="290816" percent="85" />
    </mem>
    <remembered-set count="3086" />
  </mem-info>
</gc-end>
<cycle-end id="727" type="scavenge" contextid="720" timestamp="2019-06-17T06:04:34.633" />
  <attribute name="elasticGC enabled" value="1" />
  <attribute name= "numThreadsSpecified" value="4" />
  <attribute name="heapSize specified" value="18808832" />
  <attribute name="Current GC Util" value="29" />
  <attribute name= "Current Time Running" value="1104" />
  <attribute name ="GC Interval" value="200" />
  <attribute name="ProportionalT" value="9.000000" />
  <attribute name="ProportionalI" value="9.000000" />
  <attribute name="ProportionalH" value="9.000000" />
  <attribute name="Current Error" value="9.000000" />
  <attribute name="IntegralT" value="81.000000" />
  <attribute name="IntegralI" value="81.000000" />
  <attribute name="IntegralH" value="81.000000" />
  <attribute name="DerivativeT" value="-27.111111" />
  <attribute name="DerivativeI" value="-27.111111" />
  <attribute name="DerivativeH" value="-27.111111" />
  <attribute name="Loop Time for DT" value="9.000000" />
  <attribute name="Output H" value="8388608"/>
  <attribute name="Output I" value="200"/>
  <attribute name="Output T" value="4"/>
  <attribute name="Target GC Util Change" value ="20.000000" />
  <attribute name="Current GC Util Change" value="29.000000"/>
  <attribute name="GC Util currently" value="29" />
  <attribute name="CPU Util currently" value="477483298533" />
<allocation-satisfied id="728" threadId="0000000001CD0900" bytesRequested="40" />
<af-end id="729" timestamp="2019-06-17T06:04:34.634" threadId="0000000001CD1288" success="true" from="nursery"/>
<exclusive-end id="730" timestamp="2019-06-17T06:04:34.634" durationms="2.146" />

<exclusive-start id="731" timestamp="2019-06-17T06:04:34.641" intervalms="9.635">
  <response-info timems="0.025" idlems="0.025" threads="0" lastid="0000000001CCCD00" lastname="Thread-8" />
</exclusive-start>
<af-start id="732" threadId="0000000001CCD688" totalBytesRequested="40" timestamp="2019-06-17T06:04:34.641" intervalms="9.597" type="nursery" />
<cycle-start id="733" type="scavenge" contextid="0" timestamp="2019-06-17T06:04:34.641" intervalms="9.590" />
<gc-start id="734" type="scavenge" contextid="733" timestamp="2019-06-17T06:04:34.641">
  <mem-info id="735" free="1519544" total="19202048" percent="7">
    <mem type="nursery" free="0" total="13369344" percent="0">
      <mem type="allocate" free="0" total="11993088" percent="0" />
      <mem type="survivor" free="0" total="1376256" percent="0" />
    </mem>
    <mem type="tenure" free="1519544" total="5832704" percent="26">
      <mem type="soa" free="1270712" total="5541888" percent="22" />
      <mem type="loa" free="248832" total="290816" percent="85" />
    </mem>
    <remembered-set count="3377" />
  </mem-info>
</gc-start>
<allocation-stats totalBytes="11130664" >
  <allocated-bytes non-tlh="40" tlh="11130624" />
  <largest-consumer threadName="Thread-8" threadId="0000000001CCCD00" bytes="3702264" />
</allocation-stats>
<gc-op id="736" type="scavenge" timems="1.725" contextid="733" timestamp="2019-06-17T06:04:34.643">
  <scavenger-info tenureage="3" tenuremask="4008" tiltratio="89" />
  <memory-copied type="nursery" objects="18401" bytes="717936" bytesdiscarded="215040" />
  <memory-copied type="tenure" objects="6718" bytes="298608" bytesdiscarded="24" />
</gc-op>
<heap-resize id="737" type="expand" space="nursery" amount="1310720" count="1" timems="0.013" reason="excessive time being spent scavenging" timestamp="2019-06-17T06:04:34.643" />
<gc-end id="738" type="scavenge" contextid="733" durationms="2.201" usertimems="4.000" systemtimems="0.000" timestamp="2019-06-17T06:04:34.644" activeThreads="4">
  <mem-info id="739" free="13457480" total="20512768" percent="65">
    <mem type="nursery" free="12239760" total="14680064" percent="83">
      <mem type="allocate" free="12239760" total="13172736" percent="92" />
      <mem type="survivor" free="0" total="1507328" percent="0" />
    </mem>
    <mem type="tenure" free="1217720" total="5832704" percent="20">
      <mem type="soa" free="968888" total="5541888" percent="17" />
      <mem type="loa" free="248832" total="290816" percent="85" />
    </mem>
    <remembered-set count="3519" />
  </mem-info>
</gc-end>
<cycle-end id="740" type="scavenge" contextid="733" timestamp="2019-06-17T06:04:34.644" />
  <attribute name="elasticGC enabled" value="1" />
  <attribute name= "numThreadsSpecified" value="4" />
  <attribute name="heapSize specified" value="18808832" />
  <attribute name="Current GC Util" value="31" />
  <attribute name= "Current Time Running" value="1114" />
  <attribute name ="GC Interval" value="200" />
  <attribute name="ProportionalT" value="11.000000" />
  <attribute name="ProportionalI" value="11.000000" />
  <attribute name="ProportionalH" value="11.000000" />
  <attribute name="Current Error" value="11.000000" />
  <attribute name="IntegralT" value="110.000000" />
  <attribute name="IntegralI" value="110.000000" />
  <attribute name="IntegralH" value="110.000000" />
  <attribute name="DerivativeT" value="0.200000" />
  <attribute name="DerivativeI" value="0.200000" />
  <attribute name="DerivativeH" value="0.200000" />
  <attribute name="Loop Time for DT" value="10.000000" />
  <attribute name="Output H" value="8388608"/>
  <attribute name="Output I" value="200"/>
  <attribute name="Output T" value="4"/>
  <attribute name="Target GC Util Change" value ="20.000000" />
  <attribute name="Current GC Util Change" value="31.000000"/>
  <attribute name="GC Util currently" value="31" />
  <attribute name="CPU Util currently" value="482155479443" />
<allocation-satisfied id="741" threadId="0000000001CCCD00" bytesRequested="40" />
<af-end id="742" timestamp="2019-06-17T06:04:34.644" threadId="0000000001CCD688" success="true" from="nursery"/>
<exclusive-end id="743" timestamp="2019-06-17T06:04:34.644" durationms="2.749" />

<exclusive-start id="744" timestamp="2019-06-17T06:04:34.653" intervalms="11.393">
  <response-info timems="0.024" idlems="0.024" threads="0" lastid="0000000001CCCD00" lastname="Thread-8" />
</exclusive-start>
<af-start id="745" threadId="0000000001CCD688" totalBytesRequested="40" timestamp="2019-06-17T06:04:34.653" intervalms="11.424" type="nursery" />
<cycle-start id="746" type="scavenge" contextid="0" timestamp="2019-06-17T06:04:34.653" intervalms="11.422" />
<gc-start id="747" type="scavenge" contextid="746" timestamp="2019-06-17T06:04:34.653">
  <mem-info id="748" free="1217720" total="20512768" percent="5">
    <mem type="nursery" free="0" total="14680064" percent="0">
      <mem type="allocate" free="0" total="13172736" percent="0" />
      <mem type="survivor" free="0" total="1507328" percent="0" />
    </mem>
    <mem type="tenure" free="1217720" total="5832704" percent="20">
      <mem type="soa" free="968888" total="5541888" percent="17" />
      <mem type="loa" free="248832" total="290816" percent="85" />
    </mem>
    <remembered-set count="4347" />
  </mem-info>
</gc-start>
<allocation-stats totalBytes="12238016" >
  <allocated-bytes non-tlh="40" tlh="12237976" />
  <largest-consumer threadName="Thread-8" threadId="0000000001CCCD00" bytes="4275656" />
</allocation-stats>
<gc-op id="749" type="scavenge" timems="1.686" contextid="746" timestamp="2019-06-17T06:04:34.655">
  <scavenger-info tenureage="3" tenuremask="4008" tiltratio="89" />
  <memory-copied type="nursery" objects="11244" bytes="408552" bytesdiscarded="80664" />
  <memory-copied type="tenure" objects="9060" bytes="354816" bytesdiscarded="72" />
</gc-op>
<heap-resize id="750" type="expand" space="nursery" amount="655360" count="1" timems="0.012" reason="excessive time being spent scavenging" timestamp="2019-06-17T06:04:34.655" />
<gc-end id="751" type="scavenge" contextid="746" durationms="2.085" usertimems="4.000" systemtimems="0.000" timestamp="2019-06-17T06:04:34.655" activeThreads="4">
  <mem-info id="752" free="14141624" total="21168128" percent="66">
    <mem type="nursery" free="13273344" total="15335424" percent="86">
      <mem type="allocate" free="13273344" total="13762560" percent="96" />
      <mem type="survivor" free="0" total="1572864" percent="0" />
    </mem>
    <mem type="tenure" free="868280" total="5832704" percent="14">
      <mem type="soa" free="619448" total="5541888" percent="11" />
      <mem type="loa" free="248832" total="290816" percent="85" />
    </mem>
    <remembered-set count="4665" />
  </mem-info>
</gc-end>
<cycle-end id="753" type="scavenge" contextid="746" timestamp="2019-06-17T06:04:34.655" />
  <attribute name="elasticGC enabled" value="1" />
  <attribute name= "numThreadsSpecified" value="4" />
  <attribute name="heapSize specified" value="18808832" />
  <attribute name="Current GC Util" value="39" />
  <attribute name= "Current Time Running" value="1125" />
  <attribute name ="GC Interval" value="232" />
  <attribute name="ProportionalT" value="19.000000" />
  <attribute name="ProportionalI" value="19.000000" />
  <attribute name="ProportionalH" value="19.000000" />
  <attribute name="Current Error" value="19.000000" />
  <attribute name="IntegralT" value="209.000000" />
  <attribute name="IntegralI" value="209.000000" />
  <attribute name="IntegralH" value="209.000000" />
  <attribute name="DerivativeT" value="0.727273" />
  <attribute name="DerivativeI" value="0.727273" />
  <attribute name="DerivativeH" value="0.727273" />
  <attribute name="Loop Time for DT" value="11.000000" />
  <attribute name="Output H" value="8388608"/>
  <attribute name="Output I" value="232"/>
  <attribute name="Output T" value="4"/>
  <attribute name="Target GC Util Change" value ="20.000000" />
  <attribute name="Current GC Util Change" value="39.000000"/>
  <attribute name="GC Util currently" value="39" />
  <attribute name="CPU Util currently" value="404177050582" />
<allocation-satisfied id="754" threadId="0000000001CCCD00" bytesRequested="40" />
<af-end id="755" timestamp="2019-06-17T06:04:34.655" threadId="0000000001CCD688" success="true" from="nursery"/>
<exclusive-end id="756" timestamp="2019-06-17T06:04:34.655" durationms="2.656" />

<exclusive-start id="757" timestamp="2019-06-17T06:04:34.665" intervalms="12.110">
  <response-info timems="0.025" idlems="0.025" threads="0" lastid="0000000001CD0900" lastname="Thread-7" />
</exclusive-start>
<af-start id="758" threadId="0000000001CD1288" totalBytesRequested="40" timestamp="2019-06-17T06:04:34.665" intervalms="12.108" type="nursery" />
<cycle-start id="759" type="scavenge" contextid="0" timestamp="2019-06-17T06:04:34.665" intervalms="12.110" />
<gc-start id="760" type="scavenge" contextid="759" timestamp="2019-06-17T06:04:34.665">
  <mem-info id="761" free="868280" total="21168128" percent="4">
    <mem type="nursery" free="0" total="15335424" percent="0">
      <mem type="allocate" free="0" total="13762560" percent="0" />
      <mem type="survivor" free="0" total="1572864" percent="0" />
    </mem>
    <mem type="tenure" free="868280" total="5832704" percent="14">
      <mem type="soa" free="619448" total="5541888" percent="11" />
      <mem type="loa" free="248832" total="290816" percent="85" />
    </mem>
    <remembered-set count="6413" />
  </mem-info>
</gc-start>
<allocation-stats totalBytes="13271720" >
  <allocated-bytes non-tlh="40" tlh="13271680" />
  <largest-consumer threadName="Thread-8" threadId="0000000001CCCD00" bytes="4785840" />
</allocation-stats>
<gc-op id="762" type="scavenge" timems="1.161" contextid="759" timestamp="2019-06-17T06:04:34.666">
  <scavenger-info tenureage="3" tenuremask="4008" tiltratio="89" />
  <memory-copied type="nursery" objects="11562" bytes="416416" bytesdiscarded="134240" />
  <memory-copied type="tenure" objects="2016" bytes="48384" bytesdiscarded="0" />
</gc-op>
<heap-resize id="763" type="expand" space="nursery" amount="655360" count="1" timems="0.020" reason="excessive time being spent scavenging" timestamp="2019-06-17T06:04:34.666" />
<gc-end id="764" type="scavenge" contextid="759" durationms="1.565" usertimems="4.000" systemtimems="0.000" timestamp="2019-06-17T06:04:34.667" activeThreads="4">
  <mem-info id="765" free="14499512" total="21823488" percent="66">
    <mem type="nursery" free="13801728" total="15990784" percent="86">
      <mem type="allocate" free="13801728" total="14352384" percent="96" />
      <mem type="survivor" free="0" total="1638400" percent="0" />
    </mem>
    <mem type="tenure" free="697784" total="5832704" percent="11">
      <mem type="soa" free="448952" total="5541888" percent="8" />
      <mem type="loa" free="248832" total="290816" percent="85" />
    </mem>
    <remembered-set count="4917" />
  </mem-info>
</gc-end>
<cycle-end id="766" type="scavenge" contextid="759" timestamp="2019-06-17T06:04:34.667" />
  <attribute name="elasticGC enabled" value="1" />
  <attribute name= "numThreadsSpecified" value="4" />
  <attribute name="heapSize specified" value="18808832" />
  <attribute name="Current GC Util" value="35" />
  <attribute name= "Current Time Running" value="1137" />
  <attribute name ="GC Interval" value="200" />
  <attribute name="ProportionalT" value="15.000000" />
  <attribute name="ProportionalI" value="15.000000" />
  <attribute name="ProportionalH" value="15.000000" />
  <attribute name="Current Error" value="15.000000" />
  <attribute name="IntegralT" value="180.000000" />
  <attribute name="IntegralI" value="180.000000" />
  <attribute name="IntegralH" value="180.000000" />
  <attribute name="DerivativeT" value="-0.333333" />
  <attribute name="DerivativeI" value="-0.333333" />
  <attribute name="DerivativeH" value="-0.333333" />
  <attribute name="Loop Time for DT" value="12.000000" />
  <attribute name="Output H" value="8388608"/>
  <attribute name="Output I" value="200"/>
  <attribute name="Output T" value="4"/>
  <attribute name="Target GC Util Change" value ="20.000000" />
  <attribute name="Current GC Util Change" value="35.000000"/>
  <attribute name="GC Util currently" value="35" />
  <attribute name="CPU Util currently" value="380730364766" />
<allocation-satisfied id="767" threadId="0000000001CD0900" bytesRequested="40" />
<af-end id="768" timestamp="2019-06-17T06:04:34.667" threadId="0000000001CD1288" success="true" from="nursery"/>
<exclusive-end id="769" timestamp="2019-06-17T06:04:34.667" durationms="2.170" />

<exclusive-start id="770" timestamp="2019-06-17T06:04:34.675" intervalms="10.508">
  <response-info timems="0.089" idlems="0.054" threads="1" lastid="0000000001CD8100" lastname="Thread-10" />
</exclusive-start>
<af-start id="771" threadId="0000000001CCD688" totalBytesRequested="40" timestamp="2019-06-17T06:04:34.675" intervalms="10.514" type="nursery" />
<cycle-start id="772" type="scavenge" contextid="0" timestamp="2019-06-17T06:04:34.675" intervalms="10.517" />
<gc-start id="773" type="scavenge" contextid="772" timestamp="2019-06-17T06:04:34.675">
  <mem-info id="774" free="697784" total="21823488" percent="3">
    <mem type="nursery" free="0" total="15990784" percent="0">
      <mem type="allocate" free="0" total="14352384" percent="0" />
      <mem type="survivor" free="0" total="1638400" percent="0" />
    </mem>
    <mem type="tenure" free="697784" total="5832704" percent="11">
      <mem type="soa" free="448952" total="5541888" percent="8" />
      <mem type="loa" free="248832" total="290816" percent="85" />
    </mem>
    <remembered-set count="6350" />
  </mem-info>
</gc-start>
<allocation-stats totalBytes="13799824" >
  <allocated-bytes non-tlh="40" tlh="13799784" />
  <largest-consumer threadName="Thread-8" threadId="0000000001CCCD00" bytes="4124072" />
</allocation-stats>
<gc-op id="775" type="scavenge" timems="1.613" contextid="772" timestamp="2019-06-17T06:04:34.677">
  <scavenger-info tenureage="3" tenuremask="4008" tiltratio="89" />
  <memory-copied type="nursery" objects="12513" bytes="439224" bytesdiscarded="181320" />
  <memory-copied type="tenure" objects="7010" bytes="305616" bytesdiscarded="0" />
</gc-op>
<heap-resize id="776" type="expand" space="nursery" amount="1441792" count="1" timems="0.014" reason="excessive time being spent scavenging" timestamp="2019-06-17T06:04:34.677" />
<gc-end id="777" type="scavenge" contextid="772" durationms="2.162" usertimems="4.000" systemtimems="0.000" timestamp="2019-06-17T06:04:34.678" activeThreads="4">
  <mem-info id="778" free="15434424" total="23265280" percent="66">
    <mem type="nursery" free="14977024" total="17432576" percent="85">
      <mem type="allocate" free="14977024" total="15597568" percent="96" />
      <mem type="survivor" free="0" total="1835008" percent="0" />
    </mem>
    <mem type="tenure" free="457400" total="5832704" percent="7">
      <mem type="soa" free="208568" total="5541888" percent="3" />
      <mem type="loa" free="248832" total="290816" percent="85" />
    </mem>
    <remembered-set count="6434" />
  </mem-info>
</gc-end>
<cycle-end id="779" type="scavenge" contextid="772" timestamp="2019-06-17T06:04:34.678" />
  <attribute name="elasticGC enabled" value="1" />
  <attribute name= "numThreadsSpecified" value="4" />
  <attribute name="heapSize specified" value="18808832" />
  <attribute name="Current GC Util" value="25" />
  <attribute name= "Current Time Running" value="1148" />
  <attribute name ="GC Interval" value="200" />
  <attribute name="ProportionalT" value="5.000000" />
  <attribute name="ProportionalI" value="5.000000" />
  <attribute name="ProportionalH" value="5.000000" />
  <attribute name="Current Error" value="5.000000" />
  <attribute name="IntegralT" value="55.000000" />
  <attribute name="IntegralI" value="55.000000" />
  <attribute name="IntegralH" value="55.000000" />
  <attribute name="DerivativeT" value="-0.909091" />
  <attribute name="DerivativeI" value="-0.909091" />
  <attribute name="DerivativeH" value="-0.909091" />
  <attribute name="Loop Time for DT" value="11.000000" />
  <attribute name="Output H" value="8388608"/>
  <attribute name="Output I" value="200"/>
  <attribute name="Output T" value="4"/>
  <attribute name="Target GC Util Change" value ="20.000000" />
  <attribute name="Current GC Util Change" value="25.000000"/>
  <attribute name="GC Util currently" value="25" />
  <attribute name="CPU Util currently" value="434880427492" />
<allocation-satisfied id="780" threadId="0000000001CCCD00" bytesRequested="40" />
<af-end id="781" timestamp="2019-06-17T06:04:34.678" threadId="0000000001CCD688" success="true" from="nursery"/>
<exclusive-end id="782" timestamp="2019-06-17T06:04:34.678" durationms="2.775" />

<concurrent-kickoff id="783" timestamp="2019-06-17T06:04:34.687">
  <kickoff reason="threshold reached" targetBytes="1713809" thresholdFreeBytes="241292"  remainingFree="231424" tenureFreeBytes="457400" nurseryFreeBytes="231424" />
</concurrent-kickoff>
<exclusive-start id="784" timestamp="2019-06-17T06:04:34.687" intervalms="11.641">
  <response-info timems="0.021" idlems="0.021" threads="0" lastid="0000000001CD0900" lastname="Thread-7" />
</exclusive-start>
<cycle-start id="785" type="global" contextid="0" timestamp="2019-06-17T06:04:34.687" intervalms="99.446" />
<exclusive-end id="786" timestamp="2019-06-17T06:04:34.687" durationms="0.186" />

<exclusive-start id="787" timestamp="2019-06-17T06:04:34.687" intervalms="0.556">
  <response-info timems="0.023" idlems="0.023" threads="0" lastid="0000000001CD8100" lastname="Thread-10" />
</exclusive-start>
<af-start id="788" threadId="0000000001CD8A88" totalBytesRequested="24" timestamp="2019-06-17T06:04:34.687" intervalms="12.142" type="nursery" />
<cycle-start id="789" type="scavenge" contextid="0" timestamp="2019-06-17T06:04:34.687" intervalms="12.134" />
<gc-start id="790" type="scavenge" contextid="789" timestamp="2019-06-17T06:04:34.688">
  <mem-info id="791" free="457400" total="23265280" percent="1">
    <mem type="nursery" free="0" total="17432576" percent="0">
      <mem type="allocate" free="0" total="15597568" percent="0" />
      <mem type="survivor" free="0" total="1835008" percent="0" />
    </mem>
    <mem type="tenure" free="457400" total="5832704" percent="7">
      <mem type="soa" free="208568" total="5541888" percent="3" />
      <mem type="loa" free="248832" total="290816" percent="85" />
    </mem>
    <remembered-set count="8367" />
  </mem-info>
</gc-start>
<allocation-stats totalBytes="14975168" >
  <allocated-bytes non-tlh="40" tlh="14975128" />
  <largest-consumer threadName="Thread-8" threadId="0000000001CCCD00" bytes="4392336" />
</allocation-stats>
<gc-op id="792" type="scavenge" timems="0.537" contextid="789" timestamp="2019-06-17T06:04:34.688">
  <scavenger-info tenureage="3" tenuremask="4008" tiltratio="89" />
  <memory-copied type="nursery" objects="13040" bytes="451432" bytesdiscarded="253712" />
  <memory-copied type="tenure" objects="1962" bytes="47088" bytesdiscarded="0" />
</gc-op>
<gc-end id="793" type="scavenge" contextid="789" durationms="0.736" usertimems="4.000" systemtimems="0.000" timestamp="2019-06-17T06:04:34.688" activeThreads="4">
  <mem-info id="794" free="15376192" total="23265280" percent="66">
    <mem type="nursery" free="14957960" total="17432576" percent="85">
      <mem type="allocate" free="14957960" total="15663104" percent="95" />
      <mem type="survivor" free="0" total="1769472" percent="0" />
    </mem>
    <mem type="tenure" free="418232" total="5832704" percent="7">
      <mem type="soa" free="169400" total="5541888" percent="3" />
      <mem type="loa" free="248832" total="290816" percent="85" />
    </mem>
    <remembered-set count="6404" />
  </mem-info>
</gc-end>
<cycle-end id="795" type="scavenge" contextid="789" timestamp="2019-06-17T06:04:34.688" />
  <attribute name="elasticGC enabled" value="1" />
  <attribute name= "numThreadsSpecified" value="4" />
  <attribute name="heapSize specified" value="18808832" />
  <attribute name="Current GC Util" value="33" />
  <attribute name= "Current Time Running" value="1160" />
  <attribute name ="GC Interval" value="200" />
  <attribute name="ProportionalT" value="13.000000" />
  <attribute name="ProportionalI" value="13.000000" />
  <attribute name="ProportionalH" value="13.000000" />
  <attribute name="Current Error" value="13.000000" />
  <attribute name="IntegralT" value="156.000000" />
  <attribute name="IntegralI" value="156.000000" />
  <attribute name="IntegralH" value="156.000000" />
  <attribute name="DerivativeT" value="0.666667" />
  <attribute name="DerivativeI" value="0.666667" />
  <attribute name="DerivativeH" value="0.666667" />
  <attribute name="Loop Time for DT" value="12.000000" />
  <attribute name="Output H" value="8388608"/>
  <attribute name="Output I" value="200"/>
  <attribute name="Output T" value="4"/>
  <attribute name="Target GC Util Change" value ="20.000000" />
  <attribute name="Current GC Util Change" value="33.000000"/>
  <attribute name="GC Util currently" value="33" />
  <attribute name="CPU Util currently" value="384272103020" />
<allocation-satisfied id="796" threadId="0000000001CD8100" bytesRequested="24" />
<af-end id="797" timestamp="2019-06-17T06:04:34.689" threadId="0000000001CD8A88" success="true" from="nursery"/>
<exclusive-end id="798" timestamp="2019-06-17T06:04:34.689" durationms="1.189" />

<exclusive-start id="799" timestamp="2019-06-17T06:04:34.700" intervalms="12.556">
  <response-info timems="0.036" idlems="0.036" threads="0" lastid="0000000001CD0900" lastname="Thread-7" />
</exclusive-start>
<af-start id="800" threadId="0000000001CD1288" totalBytesRequested="40" timestamp="2019-06-17T06:04:34.700" intervalms="12.611" type="nursery" />
<percolate-collect id="801" from="nursery" to="global" reason="concurrent mark exhausted" timestamp="2019-06-17T06:04:34.700"/>
<gc-start id="802" type="global" contextid="785" timestamp="2019-06-17T06:04:34.700">
  <mem-info id="803" free="418232" total="23265280" percent="1">
    <mem type="nursery" free="0" total="17432576" percent="0">
      <mem type="allocate" free="0" total="15663104" percent="0" />
      <mem type="survivor" free="0" total="1769472" percent="0" />
    </mem>
    <mem type="tenure" free="418232" total="5832704" percent="7">
      <mem type="soa" free="169400" total="5541888" percent="3" />
      <mem type="loa" free="248832" total="290816" percent="85" />
    </mem>
    <remembered-set count="8330" />
  </mem-info>
</gc-start>
<allocation-stats totalBytes="14956496" >
  <allocated-bytes non-tlh="24" tlh="14956472" />
  <largest-consumer threadName="Thread-8" threadId="0000000001CCCD00" bytes="4030000" />
</allocation-stats>
<concurrent-halted id="804" timestamp="2019-06-17T06:04:34.700">
  <halted state="Complete" status="exhausted" />
  <traced bytesTarget="1713809" bytesTotal="2276996" bytesByMutator="1207268" bytesByHelper="1069728" percent="132" />
  <cards cleaned="377" thresholdBytes="95054" />
</concurrent-halted>
<gc-op id="805" type="rs-scan" timems="0.847" contextid="785" timestamp="2019-06-17T06:04:34.701">
  <scan objectsFound="7120" bytesTraced="601708" workStackOverflowCount="0" />
</gc-op>
<gc-op id="806" type="card-cleaning" timems="0.412" contextid="785" timestamp="2019-06-17T06:04:34.702">
  <card-cleaning cardsCleaned="3" bytesTraced="6480" workStackOverflowCount="0" />
</gc-op>
<gc-op id="807" type="mark" timems="1.241" contextid="785" timestamp="2019-06-17T06:04:34.703">
  <trace-info objectcount="11642" scancount="11610" scanbytes="555464" />
  <finalization candidates="124" enqueued="0" />
  <ownableSynchronizers candidates="3" cleared="0" />
  <references type="soft" candidates="148" cleared="0" enqueued="0" dynamicThreshold="9" maxThreshold="32" />
  <references type="weak" candidates="692" cleared="0" enqueued="0" />
  <references type="phantom" candidates="36" cleared="0" enqueued="0" />
  <stringconstants candidates="4597" cleared="0"  />
</gc-op>
<gc-op id="808" type="sweep" timems="0.584" contextid="785" timestamp="2019-06-17T06:04:34.704" />
<mem-info id="809" free="16624480" total="23265280" percent="71">
  <mem type="nursery" free="14870664" total="17432576" percent="85">
    <mem type="allocate" free="14870664" total="15663104" percent="94" />
    <mem type="survivor" free="0" total="1769472" percent="0" />
  </mem>
  <mem type="tenure" free="1753816" total="5832704" percent="30" micro-fragmented="12339" macro-fragmented="0">
    <mem type="soa" free="1463000" total="5541888" percent="26" />
    <mem type="loa" free="290816" total="290816" percent="100" />
  </mem>
  <remembered-set count="7158" />
</mem-info>
<gc-op id="810" type="compact" timems="8.359" contextid="785" timestamp="2019-06-17T06:04:34.713">
  <compact-info movecount="50320" movebytes="2824224" reason="compact to aid heap contraction" />
</gc-op>
<heap-resize id="811" type="contract" space="tenure" amount="262144" count="1" timems="0.068" reason="heap reconfiguration" timestamp="2019-06-17T06:04:34.713" />
<gc-end id="812" type="global" contextid="785" durationms="13.129" usertimems="16.000" systemtimems="4.000" timestamp="2019-06-17T06:04:34.713" activeThreads="4">
  <mem-info id="813" free="16401536" total="23003136" percent="71">
    <mem type="nursery" free="14921088" total="17432576" percent="85">
      <mem type="allocate" free="14921088" total="15663104" percent="95" />
      <mem type="survivor" free="0" total="1769472" percent="0" />
    </mem>
    <mem type="tenure" free="1480448" total="5570560" percent="26">
      <mem type="soa" free="1230592" total="5292032" percent="23" />
      <mem type="loa" free="249856" total="278528" percent="89" />
    </mem>
    <remembered-set count="7158" />
  </mem-info>
</gc-end>
<cycle-end id="814" type="global" contextid="785" timestamp="2019-06-17T06:04:34.713" />
  <attribute name="elasticGC enabled" value="1" />
  <attribute name= "numThreadsSpecified" value="4" />
  <attribute name="heapSize specified" value="23265280" />
  <attribute name="Current GC Util" value="69" />
  <attribute name= "Current Time Running" value="1185" />
  <attribute name ="GC Interval" value="200" />
  <attribute name="ProportionalT" value="49.000000" />
  <attribute name="ProportionalI" value="49.000000" />
  <attribute name="ProportionalH" value="49.000000" />
  <attribute name="Current Error" value="49.000000" />
  <attribute name="IntegralT" value="392.000000" />
  <attribute name="IntegralI" value="392.000000" />
  <attribute name="IntegralH" value="392.000000" />
  <attribute name="DerivativeT" value="-14.375000" />
  <attribute name="DerivativeI" value="-14.375000" />
  <attribute name="DerivativeH" value="-14.375000" />
  <attribute name="Loop Time for DT" value="8.000000" />
  <attribute name="Output H" value="8388608"/>
  <attribute name="Output I" value="432"/>
  <attribute name="Output T" value="4"/>
  <attribute name="Target GC Util Change" value ="20.000000" />
  <attribute name="Current GC Util Change" value="69.000000"/>
  <attribute name="GC Util currently" value="69" />
  <attribute name="CPU Util currently" value="539775263239" />
<allocation-satisfied id="815" threadId="0000000001CD0900" bytesRequested="40" />
<af-end id="816" timestamp="2019-06-17T06:04:34.714" threadId="0000000001CD1288" success="true" from="nursery"/>
<exclusive-end id="817" timestamp="2019-06-17T06:04:34.714" durationms="13.959" />

<exclusive-start id="818" timestamp="2019-06-17T06:04:34.722" intervalms="22.565">
  <response-info timems="0.023" idlems="0.023" threads="0" lastid="0000000001CD0900" lastname="Thread-7" />
</exclusive-start>
<af-start id="819" threadId="0000000001CD1288" totalBytesRequested="40" timestamp="2019-06-17T06:04:34.723" intervalms="22.560" type="nursery" />
<cycle-start id="820" type="scavenge" contextid="0" timestamp="2019-06-17T06:04:34.723" intervalms="35.178" />
<gc-start id="821" type="scavenge" contextid="820" timestamp="2019-06-17T06:04:34.723">
  <mem-info id="822" free="1480448" total="23003136" percent="6">
    <mem type="nursery" free="0" total="17432576" percent="0">
      <mem type="allocate" free="0" total="15663104" percent="0" />
      <mem type="survivor" free="0" total="1769472" percent="0" />
    </mem>
    <mem type="tenure" free="1480448" total="5570560" percent="26">
      <mem type="soa" free="1230592" total="5292032" percent="23" />
      <mem type="loa" free="249856" total="278528" percent="89" />
    </mem>
    <remembered-set count="8823" />
  </mem-info>
</gc-start>
<allocation-stats totalBytes="14919136" >
  <allocated-bytes non-tlh="40" tlh="14919096" />
  <largest-consumer threadName="Thread-8" threadId="0000000001CCCD00" bytes="4139792" />
</allocation-stats>
<gc-op id="823" type="scavenge" timems="1.469" contextid="820" timestamp="2019-06-17T06:04:34.724">
  <scavenger-info tenureage="3" tenuremask="4008" tiltratio="89" />
  <memory-copied type="nursery" objects="20635" bytes="771424" bytesdiscarded="203936" />
  <memory-copied type="tenure" objects="1454" bytes="34896" bytesdiscarded="0" />
  <ownableSynchronizers candidates="6" cleared="6" />
</gc-op>
<gc-end id="824" type="scavenge" contextid="820" durationms="1.666" usertimems="4.000" systemtimems="0.000" timestamp="2019-06-17T06:04:34.724" activeThreads="4">
  <mem-info id="825" free="15857920" total="23003136" percent="68">
    <mem type="nursery" free="14687744" total="17432576" percent="84">
      <mem type="allocate" free="14687744" total="15663104" percent="93" />
      <mem type="survivor" free="0" total="1769472" percent="0" />
    </mem>
    <mem type="tenure" free="1170176" total="5570560" percent="21">
      <mem type="soa" free="920320" total="5292032" percent="17" />
      <mem type="loa" free="249856" total="278528" percent="89" />
    </mem>
    <remembered-set count="7369" />
  </mem-info>
</gc-end>
<cycle-end id="826" type="scavenge" contextid="820" timestamp="2019-06-17T06:04:34.725" />
  <attribute name="elasticGC enabled" value="1" />
  <attribute name= "numThreadsSpecified" value="4" />
  <attribute name="heapSize specified" value="23265280" />
  <attribute name="Current GC Util" value="174" />
  <attribute name= "Current Time Running" value="1195" />
  <attribute name ="GC Interval" value="1704" />
  <attribute name="ProportionalT" value="154.000000" />
  <attribute name="ProportionalI" value="154.000000" />
  <attribute name="ProportionalH" value="154.000000" />
  <attribute name="Current Error" value="154.000000" />
  <attribute name="IntegralT" value="1540.000000" />
  <attribute name="IntegralI" value="1540.000000" />
  <attribute name="IntegralH" value="1540.000000" />
  <attribute name="DerivativeT" value="10.500000" />
  <attribute name="DerivativeI" value="10.500000" />
  <attribute name="DerivativeH" value="10.500000" />
  <attribute name="Loop Time for DT" value="10.000000" />
  <attribute name="Output H" value="8388608"/>
  <attribute name="Output I" value="1704"/>
  <attribute name="Output T" value="4"/>
  <attribute name="Target GC Util Change" value ="20.000000" />
  <attribute name="Current GC Util Change" value="174.000000"/>
  <attribute name="GC Util currently" value="174" />
  <attribute name="CPU Util currently" value="462580999940" />
<allocation-satisfied id="827" threadId="0000000001CD0900" bytesRequested="40" />
<af-end id="828" timestamp="2019-06-17T06:04:34.725" threadId="0000000001CD1288" success="true" from="nursery"/>
<exclusive-end id="829" timestamp="2019-06-17T06:04:34.725" durationms="2.396" />

<exclusive-start id="830" timestamp="2019-06-17T06:04:34.734" intervalms="11.291">
  <response-info timems="0.022" idlems="0.022" threads="0" lastid="0000000001CD0900" lastname="Thread-7" />
</exclusive-start>
<af-start id="831" threadId="0000000001CD1288" totalBytesRequested="40" timestamp="2019-06-17T06:04:34.734" intervalms="11.300" type="nursery" />
<cycle-start id="832" type="scavenge" contextid="0" timestamp="2019-06-17T06:04:34.734" intervalms="11.296" />
<gc-start id="833" type="scavenge" contextid="832" timestamp="2019-06-17T06:04:34.734">
  <mem-info id="834" free="1170176" total="23003136" percent="5">
    <mem type="nursery" free="0" total="17432576" percent="0">
      <mem type="allocate" free="0" total="15663104" percent="0" />
      <mem type="survivor" free="0" total="1769472" percent="0" />
    </mem>
    <mem type="tenure" free="1170176" total="5570560" percent="21">
      <mem type="soa" free="920320" total="5292032" percent="17" />
      <mem type="loa" free="249856" total="278528" percent="89" />
    </mem>
    <remembered-set count="7835" />
  </mem-info>
</gc-start>
<allocation-stats totalBytes="14686152" >
  <allocated-bytes non-tlh="40" tlh="14686112" />
  <largest-consumer threadName="Thread-9" threadId="0000000001CD4500" bytes="4161216" />
</allocation-stats>
<gc-op id="835" type="scavenge" timems="1.822" contextid="832" timestamp="2019-06-17T06:04:34.736">
  <scavenger-info tenureage="14" tenuremask="4000" tiltratio="89" />
  <memory-copied type="nursery" objects="34526" bytes="1379072" bytesdiscarded="75760" />
</gc-op>
<heap-resize id="836" type="expand" space="nursery" amount="1572864" count="1" timems="0.027" reason="excessive time being spent scavenging" timestamp="2019-06-17T06:04:34.736" />
<gc-end id="837" type="scavenge" contextid="832" durationms="2.293" usertimems="4.000" systemtimems="0.000" timestamp="2019-06-17T06:04:34.736" activeThreads="4">
  <mem-info id="838" free="16558096" total="24576000" percent="67">
    <mem type="nursery" free="15387920" total="19005440" percent="80">
      <mem type="allocate" free="15387920" total="16842752" percent="91" />
      <mem type="survivor" free="0" total="2162688" percent="0" />
    </mem>
    <mem type="tenure" free="1170176" total="5570560" percent="21">
      <mem type="soa" free="920320" total="5292032" percent="17" />
      <mem type="loa" free="249856" total="278528" percent="89" />
    </mem>
    <remembered-set count="7834" />
  </mem-info>
</gc-end>
<cycle-end id="839" type="scavenge" contextid="832" timestamp="2019-06-17T06:04:34.737" />
  <attribute name="elasticGC enabled" value="1" />
  <attribute name= "numThreadsSpecified" value="4" />
  <attribute name="heapSize specified" value="23265280" />
  <attribute name="Current GC Util" value="28" />
  <attribute name= "Current Time Running" value="1207" />
  <attribute name ="GC Interval" value="200" />
  <attribute name="ProportionalT" value="8.000000" />
  <attribute name="ProportionalI" value="8.000000" />
  <attribute name="ProportionalH" value="8.000000" />
  <attribute name="Current Error" value="8.000000" />
  <attribute name="IntegralT" value="96.000000" />
  <attribute name="IntegralI" value="96.000000" />
  <attribute name="IntegralH" value="96.000000" />
  <attribute name="DerivativeT" value="-12.166667" />
  <attribute name="DerivativeI" value="-12.166667" />
  <attribute name="DerivativeH" value="-12.166667" />
  <attribute name="Loop Time for DT" value="12.000000" />
  <attribute name="Output H" value="8388608"/>
  <attribute name="Output I" value="200"/>
  <attribute name="Output T" value="4"/>
  <attribute name="Target GC Util Change" value ="20.000000" />
  <attribute name="Current GC Util Change" value="28.000000"/>
  <attribute name="GC Util currently" value="28" />
  <attribute name="CPU Util currently" value="403007276332" />
<allocation-satisfied id="840" threadId="0000000001CD0900" bytesRequested="40" />
<af-end id="841" timestamp="2019-06-17T06:04:34.737" threadId="0000000001CD1288" success="true" from="nursery"/>
<exclusive-end id="842" timestamp="2019-06-17T06:04:34.737" durationms="3.148" />

<exclusive-start id="843" timestamp="2019-06-17T06:04:34.746" intervalms="12.309">
  <response-info timems="0.025" idlems="0.023" threads="1" lastid="0000000001CD0900" lastname="Thread-7" />
</exclusive-start>
<af-start id="844" threadId="0000000001CD4E88" totalBytesRequested="40" timestamp="2019-06-17T06:04:34.746" intervalms="12.323" type="nursery" />
<cycle-start id="845" type="scavenge" contextid="0" timestamp="2019-06-17T06:04:34.746" intervalms="12.400" />
<gc-start id="846" type="scavenge" contextid="845" timestamp="2019-06-17T06:04:34.747">
  <mem-info id="847" free="1170176" total="24576000" percent="4">
    <mem type="nursery" free="0" total="19005440" percent="0">
      <mem type="allocate" free="0" total="16842752" percent="0" />
      <mem type="survivor" free="0" total="2162688" percent="0" />
    </mem>
    <mem type="tenure" free="1170176" total="5570560" percent="21">
      <mem type="soa" free="920320" total="5292032" percent="17" />
      <mem type="loa" free="249856" total="278528" percent="89" />
    </mem>
    <remembered-set count="7834" />
  </mem-info>
</gc-start>
<allocation-stats totalBytes="15386176" >
  <allocated-bytes non-tlh="40" tlh="15386136" />
  <largest-consumer threadName="Thread-9" threadId="0000000001CD4500" bytes="4292072" />
</allocation-stats>
<gc-op id="848" type="scavenge" timems="1.628" contextid="845" timestamp="2019-06-17T06:04:34.748">
  <scavenger-info tenureage="3" tenuremask="4018" tiltratio="88" />
  <memory-copied type="nursery" objects="28600" bytes="1100024" bytesdiscarded="199432" />
  <memory-copied type="tenure" objects="9195" bytes="358056" bytesdiscarded="48" />
</gc-op>
<heap-resize id="849" type="expand" space="nursery" amount="1441792" count="1" timems="0.013" reason="excessive time being spent scavenging" timestamp="2019-06-17T06:04:34.749" />
<gc-end id="850" type="scavenge" contextid="845" durationms="2.373" usertimems="4.000" systemtimems="0.000" timestamp="2019-06-17T06:04:34.749" activeThreads="4">
  <mem-info id="851" free="17918976" total="26017792" percent="68">
    <mem type="nursery" free="17050624" total="20447232" percent="83">
      <mem type="allocate" free="17050624" total="18350080" percent="92" />
      <mem type="survivor" free="0" total="2097152" percent="0" />
    </mem>
    <mem type="tenure" free="868352" total="5570560" percent="15">
      <mem type="soa" free="618496" total="5292032" percent="11" />
      <mem type="loa" free="249856" total="278528" percent="89" />
    </mem>
    <remembered-set count="6087" />
  </mem-info>
</gc-end>
<cycle-end id="852" type="scavenge" contextid="845" timestamp="2019-06-17T06:04:34.749" />
  <attribute name="elasticGC enabled" value="1" />
  <attribute name= "numThreadsSpecified" value="4" />
  <attribute name="heapSize specified" value="23265280" />
  <attribute name="Current GC Util" value="34" />
  <attribute name= "Current Time Running" value="1219" />
  <attribute name ="GC Interval" value="200" />
  <attribute name="ProportionalT" value="14.000000" />
  <attribute name="ProportionalI" value="14.000000" />
  <attribute name="ProportionalH" value="14.000000" />
  <attribute name="Current Error" value="14.000000" />
  <attribute name="IntegralT" value="168.000000" />
  <attribute name="IntegralI" value="168.000000" />
  <attribute name="IntegralH" value="168.000000" />
  <attribute name="DerivativeT" value="0.500000" />
  <attribute name="DerivativeI" value="0.500000" />
  <attribute name="DerivativeH" value="0.500000" />
  <attribute name="Loop Time for DT" value="12.000000" />
  <attribute name="Output H" value="8388608"/>
  <attribute name="Output I" value="200"/>
  <attribute name="Output T" value="4"/>
  <attribute name="Target GC Util Change" value ="20.000000" />
  <attribute name="Current GC Util Change" value="34.000000"/>
  <attribute name="GC Util currently" value="34" />
  <attribute name="CPU Util currently" value="368716807214" />
<allocation-satisfied id="853" threadId="0000000001CD4500" bytesRequested="40" />
<af-end id="854" timestamp="2019-06-17T06:04:34.749" threadId="0000000001CD4E88" success="true" from="nursery"/>
<exclusive-end id="855" timestamp="2019-06-17T06:04:34.749" durationms="3.324" />

<exclusive-start id="856" timestamp="2019-06-17T06:04:34.762" intervalms="16.034">
  <response-info timems="0.182" idlems="0.182" threads="0" lastid="0000000001CCCD00" lastname="Thread-8" />
</exclusive-start>
<af-start id="857" threadId="0000000001CCD688" totalBytesRequested="40" timestamp="2019-06-17T06:04:34.762" intervalms="15.990" type="nursery" />
<cycle-start id="858" type="scavenge" contextid="0" timestamp="2019-06-17T06:04:34.762" intervalms="15.885" />
<gc-start id="859" type="scavenge" contextid="858" timestamp="2019-06-17T06:04:34.762">
  <mem-info id="860" free="868352" total="26017792" percent="3">
    <mem type="nursery" free="0" total="20447232" percent="0">
      <mem type="allocate" free="0" total="18350080" percent="0" />
      <mem type="survivor" free="0" total="2097152" percent="0" />
    </mem>
    <mem type="tenure" free="868352" total="5570560" percent="15">
      <mem type="soa" free="618496" total="5292032" percent="11" />
      <mem type="loa" free="249856" total="278528" percent="89" />
    </mem>
    <remembered-set count="6459" />
  </mem-info>
</gc-start>
<allocation-stats totalBytes="17048624" >
  <allocated-bytes non-tlh="40" tlh="17048584" />
  <largest-consumer threadName="Thread-9" threadId="0000000001CD4500" bytes="5406128" />
</allocation-stats>
<gc-op id="861" type="scavenge" timems="1.614" contextid="858" timestamp="2019-06-17T06:04:34.764">
  <scavenger-info tenureage="2" tenuremask="400c" tiltratio="89" />
  <memory-copied type="nursery" objects="12437" bytes="378072" bytesdiscarded="102696" />
  <memory-copied type="tenure" objects="18270" bytes="772560" bytesdiscarded="64" />
  <copy-failed type="tenure" objects="6885" bytes="243288" />
</gc-op>
<gc-end id="862" type="scavenge" contextid="858" durationms="1.811" usertimems="4.000" systemtimems="0.000" timestamp="2019-06-17T06:04:34.764" activeThreads="4">
  <mem-info id="863" free="18119168" total="26017792" percent="69">
    <mem type="nursery" free="17869312" total="20447232" percent="87">
      <mem type="allocate" free="17869312" total="18350080" percent="97" />
      <mem type="survivor" free="0" total="2097152" percent="0" />
    </mem>
    <mem type="tenure" free="249856" total="5570560" percent="4">
      <mem type="soa" free="0" total="5292032" percent="0" />
      <mem type="loa" free="249856" total="278528" percent="89" />
    </mem>
    <remembered-set count="6506" />
  </mem-info>
</gc-end>
<cycle-end id="864" type="scavenge" contextid="858" timestamp="2019-06-17T06:04:34.764" />
  <attribute name="elasticGC enabled" value="1" />
  <attribute name= "numThreadsSpecified" value="4" />
  <attribute name="heapSize specified" value="23265280" />
  <attribute name="Current GC Util" value="29" />
  <attribute name= "Current Time Running" value="1235" />
  <attribute name ="GC Interval" value="200" />
  <attribute name="ProportionalT" value="9.000000" />
  <attribute name="ProportionalI" value="9.000000" />
  <attribute name="ProportionalH" value="9.000000" />
  <attribute name="Current Error" value="9.000000" />
  <attribute name="IntegralT" value="144.000000" />
  <attribute name="IntegralI" value="144.000000" />
  <attribute name="IntegralH" value="144.000000" />
  <attribute name="DerivativeT" value="-0.312500" />
  <attribute name="DerivativeI" value="-0.312500" />
  <attribute name="DerivativeH" value="-0.312500" />
  <attribute name="Loop Time for DT" value="16.000000" />
  <attribute name="Output H" value="8388608"/>
  <attribute name="Output I" value="200"/>
  <attribute name="Output T" value="4"/>
  <attribute name="Target GC Util Change" value ="20.000000" />
  <attribute name="Current GC Util Change" value="29.000000"/>
  <attribute name="GC Util currently" value="29" />
  <attribute name="CPU Util currently" value="294738760333" />
<allocation-satisfied id="865" threadId="0000000001CCCD00" bytesRequested="40" />
<af-end id="866" timestamp="2019-06-17T06:04:34.764" threadId="0000000001CCD688" success="true" from="nursery"/>
<exclusive-end id="867" timestamp="2019-06-17T06:04:34.764" durationms="2.280" />

<concurrent-kickoff id="868" timestamp="2019-06-17T06:04:34.775">
  <kickoff reason="next scavenge will percolate" targetBytes="1747932" thresholdFreeBytes="246919"  remainingFree="174552" tenureFreeBytes="249856" nurseryFreeBytes="174552" />
</concurrent-kickoff>
<exclusive-start id="869" timestamp="2019-06-17T06:04:34.775" intervalms="12.799">
  <response-info timems="0.117" idlems="0.117" threads="0" lastid="0000000001CD4500" lastname="Thread-9" />
</exclusive-start>
<cycle-start id="870" type="global" contextid="0" timestamp="2019-06-17T06:04:34.775" intervalms="88.071" />
<exclusive-end id="871" timestamp="2019-06-17T06:04:34.775" durationms="0.109" />

<exclusive-start id="872" timestamp="2019-06-17T06:04:34.775" intervalms="0.479">
  <response-info timems="0.023" idlems="0.023" threads="0" lastid="0000000001CD4500" lastname="Thread-9" />
</exclusive-start>
<af-start id="873" threadId="0000000001CD4E88" totalBytesRequested="40" timestamp="2019-06-17T06:04:34.775" intervalms="13.255" type="nursery" />
<percolate-collect id="874" from="nursery" to="global" reason="failed tenure threshold reached" timestamp="2019-06-17T06:04:34.775"/>
<concurrent-aborted id="875" timestamp="2019-06-17T06:04:34.776">
  <reason value="insufficient progress made" />
</concurrent-aborted>
<cycle-end id="876" type="global" contextid="870" timestamp="2019-06-17T06:04:34.776" />
  <attribute name="elasticGC enabled" value="1" />
  <attribute name= "numThreadsSpecified" value="4" />
  <attribute name="heapSize specified" value="23265280" />
  <attribute name="Current GC Util" value="29" />
  <attribute name= "Current Time Running" value="1235" />
  <attribute name ="GC Interval" value="200" />
  <attribute name="ProportionalT" value="9.000000" />
  <attribute name="ProportionalI" value="9.000000" />
  <attribute name="ProportionalH" value="9.000000" />
  <attribute name="Current Error" value="9.000000" />
  <attribute name="IntegralT" value="144.000000" />
  <attribute name="IntegralI" value="144.000000" />
  <attribute name="IntegralH" value="144.000000" />
  <attribute name="DerivativeT" value="-0.312500" />
  <attribute name="DerivativeI" value="-0.312500" />
  <attribute name="DerivativeH" value="-0.312500" />
  <attribute name="Loop Time for DT" value="16.000000" />
  <attribute name="Output H" value="8388608"/>
  <attribute name="Output I" value="200"/>
  <attribute name="Output T" value="4"/>
  <attribute name="Target GC Util Change" value ="20.000000" />
  <attribute name="Current GC Util Change" value="29.000000"/>
  <attribute name="GC Util currently" value="29" />
  <attribute name="CPU Util currently" value="294738760333" />
<cycle-start id="877" type="global" contextid="0" timestamp="2019-06-17T06:04:34.776" intervalms="0.690" />
<gc-start id="878" type="global" contextid="877" timestamp="2019-06-17T06:04:34.776">
  <mem-info id="879" free="249856" total="26017792" percent="0">
    <mem type="nursery" free="0" total="20447232" percent="0">
      <mem type="allocate" free="0" total="18350080" percent="0" />
      <mem type="survivor" free="0" total="2097152" percent="0" />
    </mem>
    <mem type="tenure" free="249856" total="5570560" percent="4">
      <mem type="soa" free="0" total="5292032" percent="0" />
      <mem type="loa" free="249856" total="278528" percent="89" />
    </mem>
    <remembered-set count="7759" />
  </mem-info>
</gc-start>
<allocation-stats totalBytes="17867248" >
  <allocated-bytes non-tlh="40" tlh="17867208" />
  <largest-consumer threadName="Thread-9" threadId="0000000001CD4500" bytes="6126904" />
</allocation-stats>
<gc-op id="880" type="mark" timems="2.058" contextid="877" timestamp="2019-06-17T06:04:34.778">
  <trace-info objectcount="75002" scancount="66565" scanbytes="2500792" />
  <finalization candidates="124" enqueued="0" />
  <ownableSynchronizers candidates="3" cleared="0" />
  <references type="soft" candidates="148" cleared="0" enqueued="0" dynamicThreshold="8" maxThreshold="32" />
  <references type="weak" candidates="692" cleared="0" enqueued="0" />
  <references type="phantom" candidates="36" cleared="0" enqueued="0" />
  <stringconstants candidates="4597" cleared="0"  />
</gc-op>
<gc-op id="881" type="sweep" timems="0.730" contextid="877" timestamp="2019-06-17T06:04:34.779" />
<mem-info id="882" free="19435344" total="26017792" percent="74">
  <mem type="nursery" free="17993560" total="20447232" percent="87">
    <mem type="allocate" free="17993560" total="18350080" percent="98" />
    <mem type="survivor" free="0" total="2097152" percent="0" />
  </mem>
  <mem type="tenure" free="1441784" total="5570560" percent="25" micro-fragmented="0" macro-fragmented="0">
    <mem type="soa" free="1163256" total="5292032" percent="21" />
    <mem type="loa" free="278528" total="278528" percent="100" />
  </mem>
  <remembered-set count="5726" />
</mem-info>
<gc-op id="883" type="compact" timems="6.198" contextid="877" timestamp="2019-06-17T06:04:34.785">
  <compact-info movecount="30112" movebytes="1273480" reason="compact to aid heap contraction" />
</gc-op>
<heap-resize id="884" type="contract" space="tenure" amount="262144" count="1" timems="0.094" reason="heap reconfiguration" timestamp="2019-06-17T06:04:34.786" />
<gc-end id="885" type="global" contextid="877" durationms="9.978" usertimems="20.000" systemtimems="0.000" timestamp="2019-06-17T06:04:34.786" activeThreads="4">
  <mem-info id="886" free="19173016" total="25755648" percent="74">
    <mem type="nursery" free="18009696" total="20447232" percent="88">
      <mem type="allocate" free="18009696" total="18350080" percent="98" />
      <mem type="survivor" free="0" total="2097152" percent="0" />
    </mem>
    <mem type="tenure" free="1163320" total="5308416" percent="21">
      <mem type="soa" free="914488" total="5043200" percent="18" />
      <mem type="loa" free="248832" total="265216" percent="93" />
    </mem>
    <remembered-set count="5726" />
  </mem-info>
</gc-end>
<cycle-end id="887" type="global" contextid="877" timestamp="2019-06-17T06:04:34.786" />
  <attribute name="elasticGC enabled" value="1" />
  <attribute name= "numThreadsSpecified" value="4" />
  <attribute name="heapSize specified" value="26017792" />
  <attribute name="Current GC Util" value="77" />
  <attribute name= "Current Time Running" value="1257" />
  <attribute name ="GC Interval" value="200" />
  <attribute name="ProportionalT" value="57.000000" />
  <attribute name="ProportionalI" value="57.000000" />
  <attribute name="ProportionalH" value="57.000000" />
  <attribute name="Current Error" value="57.000000" />
  <attribute name="IntegralT" value="342.000000" />
  <attribute name="IntegralI" value="342.000000" />
  <attribute name="IntegralH" value="342.000000" />
  <attribute name="DerivativeT" value="-16.333333" />
  <attribute name="DerivativeI" value="-16.333333" />
  <attribute name="DerivativeH" value="-16.333333" />
  <attribute name="Loop Time for DT" value="6.000000" />
  <attribute name="Output H" value="8388608"/>
  <attribute name="Output I" value="384"/>
  <attribute name="Output T" value="4"/>
  <attribute name="Target GC Util Change" value ="20.000000" />
  <attribute name="Current GC Util Change" value="77.000000"/>
  <attribute name="GC Util currently" value="77" />
  <attribute name="CPU Util currently" value="727604140664" />
<allocation-satisfied id="888" threadId="0000000001CD4500" bytesRequested="40" />
<af-end id="889" timestamp="2019-06-17T06:04:34.786" threadId="0000000001CD4E88" success="true" from="nursery"/>
<exclusive-end id="890" timestamp="2019-06-17T06:04:34.786" durationms="10.776" />

<exclusive-start id="891" timestamp="2019-06-17T06:04:34.797" intervalms="21.446">
  <response-info timems="0.126" idlems="0.126" threads="0" lastid="0000000001CD4500" lastname="Thread-9" />
</exclusive-start>
<af-start id="892" threadId="0000000001CD4E88" totalBytesRequested="40" timestamp="2019-06-17T06:04:34.797" intervalms="21.445" type="nursery" />
<cycle-start id="893" type="scavenge" contextid="0" timestamp="2019-06-17T06:04:34.797" intervalms="34.719" />
<gc-start id="894" type="scavenge" contextid="893" timestamp="2019-06-17T06:04:34.797">
  <mem-info id="895" free="1163320" total="25755648" percent="4">
    <mem type="nursery" free="0" total="20447232" percent="0">
      <mem type="allocate" free="0" total="18350080" percent="0" />
      <mem type="survivor" free="0" total="2097152" percent="0" />
    </mem>
    <mem type="tenure" free="1163320" total="5308416" percent="21">
      <mem type="soa" free="914488" total="5043200" percent="18" />
      <mem type="loa" free="248832" total="265216" percent="93" />
    </mem>
    <remembered-set count="7876" />
  </mem-info>
</gc-start>
<allocation-stats totalBytes="18007520" >
  <allocated-bytes non-tlh="40" tlh="18007480" />
  <largest-consumer threadName="Thread-9" threadId="0000000001CD4500" bytes="5733776" />
</allocation-stats>
<gc-op id="896" type="scavenge" timems="1.037" contextid="893" timestamp="2019-06-17T06:04:34.798">
  <scavenger-info tenureage="3" tenuremask="4018" tiltratio="89" />
  <memory-copied type="nursery" objects="9689" bytes="234024" bytesdiscarded="355800" />
  <memory-copied type="tenure" objects="3829" bytes="169944" bytesdiscarded="0" />
  <ownableSynchronizers candidates="6" cleared="6" />
</gc-op>
<gc-end id="897" type="scavenge" contextid="893" durationms="1.392" usertimems="4.000" systemtimems="0.000" timestamp="2019-06-17T06:04:34.798" activeThreads="4">
  <mem-info id="898" free="18560312" total="25755648" percent="72">
    <mem type="nursery" free="17760256" total="20447232" percent="86">
      <mem type="allocate" free="17760256" total="18350080" percent="96" />
      <mem type="survivor" free="0" total="2097152" percent="0" />
    </mem>
    <mem type="tenure" free="800056" total="5308416" percent="15">
      <mem type="soa" free="551224" total="5043200" percent="10" />
      <mem type="loa" free="248832" total="265216" percent="93" />
    </mem>
    <remembered-set count="9482" />
  </mem-info>
</gc-end>
<cycle-end id="899" type="scavenge" contextid="893" timestamp="2019-06-17T06:04:34.799" />
  <attribute name="elasticGC enabled" value="1" />
  <attribute name= "numThreadsSpecified" value="4" />
  <attribute name="heapSize specified" value="26017792" />
  <attribute name="Current GC Util" value="88" />
  <attribute name= "Current Time Running" value="1269" />
  <attribute name ="GC Interval" value="888" />
  <attribute name="ProportionalT" value="68.000000" />
  <attribute name="ProportionalI" value="68.000000" />
  <attribute name="ProportionalH" value="68.000000" />
  <attribute name="Current Error" value="68.000000" />
  <attribute name="IntegralT" value="816.000000" />
  <attribute name="IntegralI" value="816.000000" />
  <attribute name="IntegralH" value="816.000000" />
  <attribute name="DerivativeT" value="0.916667" />
  <attribute name="DerivativeI" value="0.916667" />
  <attribute name="DerivativeH" value="0.916667" />
  <attribute name="Loop Time for DT" value="12.000000" />
  <attribute name="Output H" value="8388608"/>
  <attribute name="Output I" value="888"/>
  <attribute name="Output T" value="4"/>
  <attribute name="Target GC Util Change" value ="20.000000" />
  <attribute name="Current GC Util Change" value="88.000000"/>
  <attribute name="GC Util currently" value="88" />
  <attribute name="CPU Util currently" value="386118190750" />
<allocation-satisfied id="900" threadId="0000000001CD4500" bytesRequested="40" />
<af-end id="901" timestamp="2019-06-17T06:04:34.799" threadId="0000000001CD4E88" success="true" from="nursery"/>
<exclusive-end id="902" timestamp="2019-06-17T06:04:34.799" durationms="1.921" />

<exclusive-start id="903" timestamp="2019-06-17T06:04:34.809" intervalms="12.546">
  <response-info timems="0.193" idlems="0.193" threads="0" lastid="0000000001CCCD00" lastname="Thread-8" />
</exclusive-start>
<af-start id="904" threadId="0000000001CCD688" totalBytesRequested="40" timestamp="2019-06-17T06:04:34.809" intervalms="12.566" type="nursery" />
<cycle-start id="905" type="scavenge" contextid="0" timestamp="2019-06-17T06:04:34.810" intervalms="12.560" />
<gc-start id="906" type="scavenge" contextid="905" timestamp="2019-06-17T06:04:34.810">
  <mem-info id="907" free="800056" total="25755648" percent="3">
    <mem type="nursery" free="0" total="20447232" percent="0">
      <mem type="allocate" free="0" total="18350080" percent="0" />
      <mem type="survivor" free="0" total="2097152" percent="0" />
    </mem>
    <mem type="tenure" free="800056" total="5308416" percent="15">
      <mem type="soa" free="551224" total="5043200" percent="10" />
      <mem type="loa" free="248832" total="265216" percent="93" />
    </mem>
    <remembered-set count="11147" />
  </mem-info>
</gc-start>
<allocation-stats totalBytes="17758024" >
  <allocated-bytes non-tlh="40" tlh="17757984" />
  <largest-consumer threadName="Thread-9" threadId="0000000001CD4500" bytes="5340504" />
</allocation-stats>
<gc-op id="908" type="scavenge" timems="0.952" contextid="905" timestamp="2019-06-17T06:04:34.811">
  <scavenger-info tenureage="3" tenuremask="4008" tiltratio="89" />
  <memory-copied type="nursery" objects="15874" bytes="519688" bytesdiscarded="89192" />
  <memory-copied type="tenure" objects="3121" bytes="74904" bytesdiscarded="0" />
</gc-op>
<heap-resize id="909" type="expand" space="nursery" amount="1048576" count="1" timems="0.018" reason="excessive time being spent scavenging" timestamp="2019-06-17T06:04:34.811" />
<gc-end id="910" type="scavenge" contextid="905" durationms="1.203" usertimems="4.000" systemtimems="0.000" timestamp="2019-06-17T06:04:34.811" activeThreads="4">
  <mem-info id="911" free="19288264" total="26804224" percent="71">
    <mem type="nursery" free="18658704" total="21495808" percent="86">
      <mem type="allocate" free="18658704" total="19267584" percent="96" />
      <mem type="survivor" free="0" total="2228224" percent="0" />
    </mem>
    <mem type="tenure" free="629560" total="5308416" percent="11">
      <mem type="soa" free="380728" total="5043200" percent="7" />
      <mem type="loa" free="248832" total="265216" percent="93" />
    </mem>
    <remembered-set count="8026" />
  </mem-info>
</gc-end>
<cycle-end id="912" type="scavenge" contextid="905" timestamp="2019-06-17T06:04:34.811" />
  <attribute name="elasticGC enabled" value="1" />
  <attribute name= "numThreadsSpecified" value="4" />
  <attribute name="heapSize specified" value="26017792" />
  <attribute name="Current GC Util" value="23" />
  <attribute name= "Current Time Running" value="1282" />
  <attribute name ="GC Interval" value="200" />
  <attribute name="ProportionalT" value="3.000000" />
  <attribute name="ProportionalI" value="3.000000" />
  <attribute name="ProportionalH" value="3.000000" />
  <attribute name="Current Error" value="3.000000" />
  <attribute name="IntegralT" value="39.000000" />
  <attribute name="IntegralI" value="39.000000" />
  <attribute name="IntegralH" value="39.000000" />
  <attribute name="DerivativeT" value="-5.000000" />
  <attribute name="DerivativeI" value="-5.000000" />
  <attribute name="DerivativeH" value="-5.000000" />
  <attribute name="Loop Time for DT" value="13.000000" />
  <attribute name="Output H" value="8388608"/>
  <attribute name="Output I" value="200"/>
  <attribute name="Output T" value="4"/>
  <attribute name="Target GC Util Change" value ="20.000000" />
  <attribute name="Current GC Util Change" value="23.000000"/>
  <attribute name="GC Util currently" value="23" />
  <attribute name="CPU Util currently" value="367195022889" />
<allocation-satisfied id="913" threadId="0000000001CCCD00" bytesRequested="40" />
<af-end id="914" timestamp="2019-06-17T06:04:34.811" threadId="0000000001CCD688" success="true" from="nursery"/>
<exclusive-end id="915" timestamp="2019-06-17T06:04:34.811" durationms="1.653" />

<concurrent-kickoff id="916" timestamp="2019-06-17T06:04:34.823">
  <kickoff reason="threshold reached" targetBytes="1665676" thresholdFreeBytes="235838"  remainingFree="198032" tenureFreeBytes="629560" nurseryFreeBytes="198032" />
</concurrent-kickoff>
<exclusive-start id="917" timestamp="2019-06-17T06:04:34.823" intervalms="13.675">
  <response-info timems="0.137" idlems="0.137" threads="0" lastid="0000000001CD4500" lastname="Thread-9" />
</exclusive-start>
<cycle-start id="918" type="global" contextid="0" timestamp="2019-06-17T06:04:34.823" intervalms="47.437" />
<exclusive-end id="919" timestamp="2019-06-17T06:04:34.823" durationms="0.097" />

<exclusive-start id="920" timestamp="2019-06-17T06:04:34.825" intervalms="1.579">
  <response-info timems="1.148" idlems="1.148" threads="0" lastid="0000000001CD8100" lastname="Thread-10" />
</exclusive-start>
<af-start id="921" threadId="0000000001CD8A88" totalBytesRequested="40" timestamp="2019-06-17T06:04:34.825" intervalms="15.379" type="nursery" />
<cycle-start id="922" type="scavenge" contextid="0" timestamp="2019-06-17T06:04:34.825" intervalms="15.397" />
<gc-start id="923" type="scavenge" contextid="922" timestamp="2019-06-17T06:04:34.827">
  <mem-info id="924" free="629560" total="26804224" percent="2">
    <mem type="nursery" free="0" total="21495808" percent="0">
      <mem type="allocate" free="0" total="19267584" percent="0" />
      <mem type="survivor" free="0" total="2228224" percent="0" />
    </mem>
    <mem type="tenure" free="629560" total="5308416" percent="11">
      <mem type="soa" free="380728" total="5043200" percent="7" />
      <mem type="loa" free="248832" total="265216" percent="93" />
    </mem>
    <remembered-set count="9309" />
  </mem-info>
</gc-start>
<allocation-stats totalBytes="18656288" >
  <allocated-bytes non-tlh="40" tlh="18656248" />
  <largest-consumer threadName="Thread-9" threadId="0000000001CD4500" bytes="5340456" />
</allocation-stats>
<gc-op id="925" type="scavenge" timems="0.546" contextid="922" timestamp="2019-06-17T06:04:34.827">
  <scavenger-info tenureage="3" tenuremask="4008" tiltratio="89" />
  <memory-copied type="nursery" objects="18877" bytes="591288" bytesdiscarded="121416" />
  <memory-copied type="tenure" objects="2081" bytes="49944" bytesdiscarded="0" />
</gc-op>
<heap-resize id="926" type="expand" space="nursery" amount="1310720" count="1" timems="0.020" reason="excessive time being spent scavenging" timestamp="2019-06-17T06:04:34.827" />
<gc-end id="927" type="scavenge" contextid="922" durationms="0.793" usertimems="4.000" systemtimems="0.000" timestamp="2019-06-17T06:04:34.827" activeThreads="4">
  <mem-info id="928" free="20259128" total="28114944" percent="72">
    <mem type="nursery" free="19800064" total="22806528" percent="86">
      <mem type="allocate" free="19800064" total="20512768" percent="96" />
      <mem type="survivor" free="0" total="2293760" percent="0" />
    </mem>
    <mem type="tenure" free="459064" total="5308416" percent="8">
      <mem type="soa" free="210232" total="5043200" percent="4" />
      <mem type="loa" free="248832" total="265216" percent="93" />
    </mem>
    <remembered-set count="7227" />
  </mem-info>
</gc-end>
<cycle-end id="929" type="scavenge" contextid="922" timestamp="2019-06-17T06:04:34.827" />
  <attribute name="elasticGC enabled" value="1" />
  <attribute name= "numThreadsSpecified" value="4" />
  <attribute name="heapSize specified" value="26017792" />
  <attribute name="Current GC Util" value="15" />
  <attribute name= "Current Time Running" value="1299" />
  <attribute name ="GC Interval" value="200" />
  <attribute name="ProportionalT" value="-5.000000" />
  <attribute name="ProportionalI" value="-5.000000" />
  <attribute name="ProportionalH" value="-5.000000" />
  <attribute name="Current Error" value="-5.000000" />
  <attribute name="IntegralT" value="-85.000000" />
  <attribute name="IntegralI" value="-85.000000" />
  <attribute name="IntegralH" value="-85.000000" />
  <attribute name="DerivativeT" value="-0.470588" />
  <attribute name="DerivativeI" value="-0.470588" />
  <attribute name="DerivativeH" value="-0.470588" />
  <attribute name="Loop Time for DT" value="17.000000" />
  <attribute name="Output H" value="2092630016"/>
  <attribute name="Output I" value="200"/>
  <attribute name="Output T" value="4"/>
  <attribute name="Target GC Util Change" value ="20.000000" />
  <attribute name="Current GC Util Change" value="15.000000"/>
  <attribute name="GC Util currently" value="15" />
  <attribute name="CPU Util currently" value="271340514160" />
<allocation-satisfied id="930" threadId="0000000001CD8100" bytesRequested="40" />
<af-end id="931" timestamp="2019-06-17T06:04:34.828" threadId="0000000001CD8A88" success="true" from="nursery"/>
<exclusive-end id="932" timestamp="2019-06-17T06:04:34.828" durationms="2.979" />

<exclusive-start id="933" timestamp="2019-06-17T06:04:34.850" intervalms="25.768">
  <response-info timems="0.047" idlems="0.026" threads="1" lastid="0000000001CD0900" lastname="Thread-7" />
</exclusive-start>
<concurrent-collection-start id="934" timestamp="2019-06-17T06:04:34.850" intervalms="545.841" >
  <concurrent-trace-info reason="card cleaning threshold reached" tracedByMutators="748268" tracedByHelpers="1524224" cardsCleaned="267" workStackOverflowCount="0" />
</concurrent-collection-start>
<gc-start id="935" type="global" contextid="918" timestamp="2019-06-17T06:04:34.851">
  <mem-info id="936" free="459064" total="28114944" percent="1">
    <mem type="nursery" free="0" total="22806528" percent="0">
      <mem type="allocate" free="0" total="20512768" percent="0" />
      <mem type="survivor" free="0" total="2293760" percent="0" />
    </mem>
    <mem type="tenure" free="459064" total="5308416" percent="8">
      <mem type="soa" free="210232" total="5043200" percent="4" />
      <mem type="loa" free="248832" total="265216" percent="93" />
    </mem>
    <remembered-set count="8335" />
  </mem-info>
</gc-start>
<allocation-stats totalBytes="19797536" >
  <allocated-bytes non-tlh="40" tlh="19797496" />
  <largest-consumer threadName="Thread-9" threadId="0000000001CD4500" bytes="7109792" />
</allocation-stats>
<gc-op id="937" type="rs-scan" timems="0.956" contextid="918" timestamp="2019-06-17T06:04:34.852">
  <scan objectsFound="6039" bytesTraced="502276" workStackOverflowCount="0" />
</gc-op>
<gc-op id="938" type="card-cleaning" timems="0.253" contextid="918" timestamp="2019-06-17T06:04:34.852">
  <card-cleaning cardsCleaned="6" bytesTraced="5936" workStackOverflowCount="0" />
</gc-op>
<gc-op id="939" type="mark" timems="1.301" contextid="918" timestamp="2019-06-17T06:04:34.853">
  <trace-info objectcount="8748" scancount="8716" scanbytes="348500" />
  <finalization candidates="124" enqueued="0" />
  <ownableSynchronizers candidates="3" cleared="0" />
  <references type="soft" candidates="148" cleared="0" enqueued="0" dynamicThreshold="7" maxThreshold="32" />
  <references type="weak" candidates="692" cleared="0" enqueued="0" />
  <references type="phantom" candidates="36" cleared="0" enqueued="0" />
  <stringconstants candidates="4597" cleared="0"  />
</gc-op>
<gc-op id="940" type="sweep" timems="0.743" contextid="918" timestamp="2019-06-17T06:04:34.854" />
<mem-info id="941" free="21125696" total="28114944" percent="75">
  <mem type="nursery" free="19971000" total="22806528" percent="87">
    <mem type="allocate" free="19971000" total="20512768" percent="97" />
    <mem type="survivor" free="0" total="2293760" percent="0" />
  </mem>
  <mem type="tenure" free="1154696" total="5308416" percent="21" micro-fragmented="46154" macro-fragmented="0">
    <mem type="soa" free="889480" total="5043200" percent="17" />
    <mem type="loa" free="265216" total="265216" percent="100" />
  </mem>
  <remembered-set count="6087" />
</mem-info>
<gc-op id="942" type="compact" timems="6.252" contextid="918" timestamp="2019-06-17T06:04:34.860">
  <compact-info movecount="28764" movebytes="1079584" reason="compact to aid heap contraction" />
</gc-op>
<heap-resize id="943" type="contract" space="tenure" amount="262144" count="1" timems="0.092" reason="heap reconfiguration" timestamp="2019-06-17T06:04:34.861" />
<gc-end id="944" type="global" contextid="918" durationms="10.499" usertimems="12.000" systemtimems="8.000" timestamp="2019-06-17T06:04:34.861" activeThreads="4">
  <mem-info id="945" free="20959720" total="27852800" percent="75">
    <mem type="nursery" free="20028000" total="22806528" percent="87">
      <mem type="allocate" free="20028000" total="20512768" percent="97" />
      <mem type="survivor" free="0" total="2293760" percent="0" />
    </mem>
    <mem type="tenure" free="931720" total="5046272" percent="18">
      <mem type="soa" free="682888" total="4794368" percent="14" />
      <mem type="loa" free="248832" total="251904" percent="98" />
    </mem>
    <remembered-set count="6087" />
  </mem-info>
</gc-end>
<cycle-end id="946" type="global" contextid="918" timestamp="2019-06-17T06:04:34.861" />
  <attribute name="elasticGC enabled" value="1" />
  <attribute name= "numThreadsSpecified" value="4" />
  <attribute name="heapSize specified" value="28114944" />
  <attribute name="Current GC Util" value="96" />
  <attribute name= "Current Time Running" value="1333" />
  <attribute name ="GC Interval" value="200" />
  <attribute name="ProportionalT" value="76.000000" />
  <attribute name="ProportionalI" value="76.000000" />
  <attribute name="ProportionalH" value="76.000000" />
  <attribute name="Current Error" value="76.000000" />
  <attribute name="IntegralT" value="456.000000" />
  <attribute name="IntegralI" value="456.000000" />
  <attribute name="IntegralH" value="456.000000" />
  <attribute name="DerivativeT" value="-22.666667" />
  <attribute name="DerivativeI" value="-22.666667" />
  <attribute name="DerivativeH" value="-22.666667" />
  <attribute name="Loop Time for DT" value="6.000000" />
  <attribute name="Output H" value="8388608"/>
  <attribute name="Output I" value="512"/>
  <attribute name="Output T" value="4"/>
  <attribute name="Target GC Util Change" value ="20.000000" />
  <attribute name="Current GC Util Change" value="96.000000"/>
  <attribute name="GC Util currently" value="96" />
  <attribute name="CPU Util currently" value="725176846434" />
<concurrent-collection-end id="947" timestamp="2019-06-17T06:04:34.861" />
<exclusive-end id="948" timestamp="2019-06-17T06:04:34.861" durationms="11.039" />

<exclusive-start id="949" timestamp="2019-06-17T06:04:34.877" intervalms="26.313">
  <response-info timems="0.059" idlems="0.059" threads="0" lastid="0000000001CCCD00" lastname="Thread-8" />
</exclusive-start>
<af-start id="950" threadId="0000000001CCD688" totalBytesRequested="40" timestamp="2019-06-17T06:04:34.877" intervalms="52.006" type="nursery" />
<cycle-start id="951" type="scavenge" contextid="0" timestamp="2019-06-17T06:04:34.877" intervalms="52.037" />
<gc-start id="952" type="scavenge" contextid="951" timestamp="2019-06-17T06:04:34.877">
  <mem-info id="953" free="931720" total="27852800" percent="3">
    <mem type="nursery" free="0" total="22806528" percent="0">
      <mem type="allocate" free="0" total="20512768" percent="0" />
      <mem type="survivor" free="0" total="2293760" percent="0" />
    </mem>
    <mem type="tenure" free="931720" total="5046272" percent="18">
      <mem type="soa" free="682888" total="4794368" percent="14" />
      <mem type="loa" free="248832" total="251904" percent="98" />
    </mem>
    <remembered-set count="7204" />
  </mem-info>
</gc-start>
<allocation-stats totalBytes="20025680" >
  <allocated-bytes non-tlh="0" tlh="20025680" />
  <largest-consumer threadName="Thread-7" threadId="0000000001CD0900" bytes="6756152" />
</allocation-stats>
<gc-op id="954" type="scavenge" timems="1.666" contextid="951" timestamp="2019-06-17T06:04:34.879">
  <scavenger-info tenureage="3" tenuremask="4008" tiltratio="89" />
  <memory-copied type="nursery" objects="33791" bytes="1362040" bytesdiscarded="101480" />
  <memory-copied type="tenure" objects="2259" bytes="54216" bytesdiscarded="0" />
  <ownableSynchronizers candidates="6" cleared="6" />
</gc-op>
<gc-end id="955" type="scavenge" contextid="951" durationms="1.983" usertimems="4.000" systemtimems="0.000" timestamp="2019-06-17T06:04:34.879" activeThreads="4">
  <mem-info id="956" free="19871912" total="27852800" percent="71">
    <mem type="nursery" free="19049248" total="22806528" percent="83">
      <mem type="allocate" free="19049248" total="20512768" percent="92" />
      <mem type="survivor" free="0" total="2293760" percent="0" />
    </mem>
    <mem type="tenure" free="822664" total="5046272" percent="16">
      <mem type="soa" free="573832" total="4794368" percent="11" />
      <mem type="loa" free="248832" total="251904" percent="98" />
    </mem>
    <remembered-set count="4945" />
  </mem-info>
</gc-end>
<cycle-end id="957" type="scavenge" contextid="951" timestamp="2019-06-17T06:04:34.879" />
  <attribute name="elasticGC enabled" value="1" />
  <attribute name= "numThreadsSpecified" value="4" />
  <attribute name="heapSize specified" value="28114944" />
  <attribute name="Current GC Util" value="40" />
  <attribute name= "Current Time Running" value="1350" />
  <attribute name ="GC Interval" value="360" />
  <attribute name="ProportionalT" value="20.000000" />
  <attribute name="ProportionalI" value="20.000000" />
  <attribute name="ProportionalH" value="20.000000" />
  <attribute name="Current Error" value="20.000000" />
  <attribute name="IntegralT" value="340.000000" />
  <attribute name="IntegralI" value="340.000000" />
  <attribute name="IntegralH" value="340.000000" />
  <attribute name="DerivativeT" value="-3.294118" />
  <attribute name="DerivativeI" value="-3.294118" />
  <attribute name="DerivativeH" value="-3.294118" />
  <attribute name="Loop Time for DT" value="17.000000" />
  <attribute name="Output H" value="8388608"/>
  <attribute name="Output I" value="360"/>
  <attribute name="Output T" value="4"/>
  <attribute name="Target GC Util Change" value ="20.000000" />
  <attribute name="Current GC Util Change" value="40.000000"/>
  <attribute name="GC Util currently" value="40" />
  <attribute name="CPU Util currently" value="276422653879" />
<allocation-satisfied id="958" threadId="0000000001CCCD00" bytesRequested="40" />
<af-end id="959" timestamp="2019-06-17T06:04:34.879" threadId="0000000001CCD688" success="true" from="nursery"/>
<exclusive-end id="960" timestamp="2019-06-17T06:04:34.879" durationms="2.658" />

<exclusive-start id="961" timestamp="2019-06-17T06:04:34.893" intervalms="16.016">
  <response-info timems="0.029" idlems="0.029" threads="0" lastid="0000000001CD0900" lastname="Thread-7" />
</exclusive-start>
<af-start id="962" threadId="0000000001CD1288" totalBytesRequested="40" timestamp="2019-06-17T06:04:34.893" intervalms="15.962" type="nursery" />
<cycle-start id="963" type="scavenge" contextid="0" timestamp="2019-06-17T06:04:34.893" intervalms="15.899" />
<gc-start id="964" type="scavenge" contextid="963" timestamp="2019-06-17T06:04:34.893">
  <mem-info id="965" free="822664" total="27852800" percent="2">
    <mem type="nursery" free="0" total="22806528" percent="0">
      <mem type="allocate" free="0" total="20512768" percent="0" />
      <mem type="survivor" free="0" total="2293760" percent="0" />
    </mem>
    <mem type="tenure" free="822664" total="5046272" percent="16">
      <mem type="soa" free="573832" total="4794368" percent="11" />
      <mem type="loa" free="248832" total="251904" percent="98" />
    </mem>
    <remembered-set count="4945" />
  </mem-info>
</gc-start>
<allocation-stats totalBytes="19046736" >
  <allocated-bytes non-tlh="40" tlh="19046696" />
  <largest-consumer threadName="Thread-9" threadId="0000000001CD4500" bytes="7175168" />
</allocation-stats>
<gc-op id="966" type="scavenge" timems="1.669" contextid="963" timestamp="2019-06-17T06:04:34.895">
  <scavenger-info tenureage="5" tenuremask="ffe0" tiltratio="89" />
  <memory-copied type="nursery" objects="32105" bytes="1321336" bytesdiscarded="99800" />
</gc-op>
<gc-end id="967" type="scavenge" contextid="963" durationms="1.858" usertimems="4.000" systemtimems="0.000" timestamp="2019-06-17T06:04:34.895" activeThreads="4">
  <mem-info id="968" free="19914296" total="27852800" percent="71">
    <mem type="nursery" free="19091632" total="22806528" percent="83">
      <mem type="allocate" free="19091632" total="20512768" percent="93" />
      <mem type="survivor" free="0" total="2293760" percent="0" />
    </mem>
    <mem type="tenure" free="822664" total="5046272" percent="16">
      <mem type="soa" free="573832" total="4794368" percent="11" />
      <mem type="loa" free="248832" total="251904" percent="98" />
    </mem>
    <remembered-set count="4942" />
  </mem-info>
</gc-end>
<cycle-end id="969" type="scavenge" contextid="963" timestamp="2019-06-17T06:04:34.895" />
  <attribute name="elasticGC enabled" value="1" />
  <attribute name= "numThreadsSpecified" value="4" />
  <attribute name="heapSize specified" value="28114944" />
  <attribute name="Current GC Util" value="26" />
  <attribute name= "Current Time Running" value="1365" />
  <attribute name ="GC Interval" value="200" />
  <attribute name="ProportionalT" value="6.000000" />
  <attribute name="ProportionalI" value="6.000000" />
  <attribute name="ProportionalH" value="6.000000" />
  <attribute name="Current Error" value="6.000000" />
  <attribute name="IntegralT" value="90.000000" />
  <attribute name="IntegralI" value="90.000000" />
  <attribute name="IntegralH" value="90.000000" />
  <attribute name="DerivativeT" value="-0.933333" />
  <attribute name="DerivativeI" value="-0.933333" />
  <attribute name="DerivativeH" value="-0.933333" />
  <attribute name="Loop Time for DT" value="15.000000" />
  <attribute name="Output H" value="8388608"/>
  <attribute name="Output I" value="200"/>
  <attribute name="Output T" value="4"/>
  <attribute name="Target GC Util Change" value ="20.000000" />
  <attribute name="Current GC Util Change" value="26.000000"/>
  <attribute name="GC Util currently" value="26" />
  <attribute name="CPU Util currently" value="292691209333" />
<allocation-satisfied id="970" threadId="0000000001CD0900" bytesRequested="40" />
<af-end id="971" timestamp="2019-06-17T06:04:34.895" threadId="0000000001CD1288" success="true" from="nursery"/>
<exclusive-end id="972" timestamp="2019-06-17T06:04:34.895" durationms="2.328" />

<exclusive-start id="973" timestamp="2019-06-17T06:04:34.907" intervalms="14.128">
  <response-info timems="0.037" idlems="0.037" threads="0" lastid="0000000001CD4500" lastname="Thread-9" />
</exclusive-start>
<af-start id="974" threadId="0000000001CD4E88" totalBytesRequested="24" timestamp="2019-06-17T06:04:34.907" intervalms="14.129" type="nursery" />
<cycle-start id="975" type="scavenge" contextid="0" timestamp="2019-06-17T06:04:34.907" intervalms="14.129" />
<gc-start id="976" type="scavenge" contextid="975" timestamp="2019-06-17T06:04:34.907">
  <mem-info id="977" free="822664" total="27852800" percent="2">
    <mem type="nursery" free="0" total="22806528" percent="0">
      <mem type="allocate" free="0" total="20512768" percent="0" />
      <mem type="survivor" free="0" total="2293760" percent="0" />
    </mem>
    <mem type="tenure" free="822664" total="5046272" percent="16">
      <mem type="soa" free="573832" total="4794368" percent="11" />
      <mem type="loa" free="248832" total="251904" percent="98" />
    </mem>
    <remembered-set count="4942" />
  </mem-info>
</gc-start>
<allocation-stats totalBytes="19089608" >
  <allocated-bytes non-tlh="40" tlh="19089568" />
  <largest-consumer threadName="Thread-9" threadId="0000000001CD4500" bytes="5471728" />
</allocation-stats>
<gc-op id="978" type="scavenge" timems="1.499" contextid="975" timestamp="2019-06-17T06:04:34.909">
  <scavenger-info tenureage="3" tenuremask="fff8" tiltratio="89" />
  <memory-copied type="nursery" objects="30601" bytes="1285488" bytesdiscarded="88032" />
  <memory-copied type="tenure" objects="2625" bytes="63000" bytesdiscarded="0" />
</gc-op>
<heap-resize id="979" type="expand" space="nursery" amount="1048576" count="1" timems="0.017" reason="excessive time being spent scavenging" timestamp="2019-06-17T06:04:34.909" />
<gc-end id="980" type="scavenge" contextid="975" durationms="1.924" usertimems="8.000" systemtimems="0.000" timestamp="2019-06-17T06:04:34.909" activeThreads="4">
  <mem-info id="981" free="20840248" total="28901376" percent="72">
    <mem type="nursery" free="20056752" total="23855104" percent="84">
      <mem type="allocate" free="20056752" total="21430272" percent="93" />
      <mem type="survivor" free="0" total="2424832" percent="0" />
    </mem>
    <mem type="tenure" free="783496" total="5046272" percent="15">
      <mem type="soa" free="534664" total="4794368" percent="11" />
      <mem type="loa" free="248832" total="251904" percent="98" />
    </mem>
    <remembered-set count="2317" />
  </mem-info>
</gc-end>
<cycle-end id="982" type="scavenge" contextid="975" timestamp="2019-06-17T06:04:34.909" />
  <attribute name="elasticGC enabled" value="1" />
  <attribute name= "numThreadsSpecified" value="4" />
  <attribute name="heapSize specified" value="28114944" />
  <attribute name="Current GC Util" value="27" />
  <attribute name= "Current Time Running" value="1379" />
  <attribute name ="GC Interval" value="200" />
  <attribute name="ProportionalT" value="7.000000" />
  <attribute name="ProportionalI" value="7.000000" />
  <attribute name="ProportionalH" value="7.000000" />
  <attribute name="Current Error" value="7.000000" />
  <attribute name="IntegralT" value="98.000000" />
  <attribute name="IntegralI" value="98.000000" />
  <attribute name="IntegralH" value="98.000000" />
  <attribute name="DerivativeT" value="0.071429" />
  <attribute name="DerivativeI" value="0.071429" />
  <attribute name="DerivativeH" value="0.071429" />
  <attribute name="Loop Time for DT" value="14.000000" />
  <attribute name="Output H" value="8388608"/>
  <attribute name="Output I" value="200"/>
  <attribute name="Output T" value="4"/>
  <attribute name="Target GC Util Change" value ="20.000000" />
  <attribute name="Current GC Util Change" value="27.000000"/>
  <attribute name="GC Util currently" value="27" />
  <attribute name="CPU Util currently" value="326604761357" />
<allocation-satisfied id="983" threadId="0000000001CD4500" bytesRequested="24" />
<af-end id="984" timestamp="2019-06-17T06:04:34.909" threadId="0000000001CD4E88" success="true" from="nursery"/>
<exclusive-end id="985" timestamp="2019-06-17T06:04:34.909" durationms="2.363" />

<exclusive-start id="986" timestamp="2019-06-17T06:04:34.923" intervalms="16.566">
  <response-info timems="0.029" idlems="0.029" threads="0" lastid="0000000001CD0900" lastname="Thread-7" />
</exclusive-start>
<af-start id="987" threadId="0000000001CD1288" totalBytesRequested="40" timestamp="2019-06-17T06:04:34.924" intervalms="16.573" type="nursery" />
<cycle-start id="988" type="scavenge" contextid="0" timestamp="2019-06-17T06:04:34.924" intervalms="16.585" />
<gc-start id="989" type="scavenge" contextid="988" timestamp="2019-06-17T06:04:34.924">
  <mem-info id="990" free="783496" total="28901376" percent="2">
    <mem type="nursery" free="0" total="23855104" percent="0">
      <mem type="allocate" free="0" total="21430272" percent="0" />
      <mem type="survivor" free="0" total="2424832" percent="0" />
    </mem>
    <mem type="tenure" free="783496" total="5046272" percent="15">
      <mem type="soa" free="534664" total="4794368" percent="11" />
      <mem type="loa" free="248832" total="251904" percent="98" />
    </mem>
    <remembered-set count="2317" />
  </mem-info>
</gc-start>
<allocation-stats totalBytes="20054216" >
  <allocated-bytes non-tlh="24" tlh="20054192" />
  <largest-consumer threadName="Thread-9" threadId="0000000001CD4500" bytes="6651040" />
</allocation-stats>
<gc-op id="991" type="scavenge" timems="1.708" contextid="988" timestamp="2019-06-17T06:04:34.925">
  <scavenger-info tenureage="3" tenuremask="ffc8" tiltratio="89" />
  <memory-copied type="nursery" objects="19716" bytes="752248" bytesdiscarded="108680" />
  <memory-copied type="tenure" objects="12161" bytes="563712" bytesdiscarded="64" />
  <copy-failed type="tenure" objects="9354" bytes="364776" />
</gc-op>
<gc-end id="992" type="scavenge" contextid="988" durationms="1.924" usertimems="8.000" systemtimems="0.000" timestamp="2019-06-17T06:04:34.926" activeThreads="4">
  <mem-info id="993" free="20818176" total="28901376" percent="72">
    <mem type="nursery" free="20569344" total="23855104" percent="86">
      <mem type="allocate" free="20569344" total="21430272" percent="95" />
      <mem type="survivor" free="0" total="2424832" percent="0" />
    </mem>
    <mem type="tenure" free="248832" total="5046272" percent="4">
      <mem type="soa" free="0" total="4794368" percent="0" />
      <mem type="loa" free="248832" total="251904" percent="98" />
    </mem>
    <remembered-set count="2433" />
  </mem-info>
</gc-end>
<cycle-end id="994" type="scavenge" contextid="988" timestamp="2019-06-17T06:04:34.926" />
  <attribute name="elasticGC enabled" value="1" />
  <attribute name= "numThreadsSpecified" value="4" />
  <attribute name="heapSize specified" value="28114944" />
  <attribute name="Current GC Util" value="23" />
  <attribute name= "Current Time Running" value="1396" />
  <attribute name ="GC Interval" value="200" />
  <attribute name="ProportionalT" value="3.000000" />
  <attribute name="ProportionalI" value="3.000000" />
  <attribute name="ProportionalH" value="3.000000" />
  <attribute name="Current Error" value="3.000000" />
  <attribute name="IntegralT" value="51.000000" />
  <attribute name="IntegralI" value="51.000000" />
  <attribute name="IntegralH" value="51.000000" />
  <attribute name="DerivativeT" value="-0.235294" />
  <attribute name="DerivativeI" value="-0.235294" />
  <attribute name="DerivativeH" value="-0.235294" />
  <attribute name="Loop Time for DT" value="17.000000" />
  <attribute name="Output H" value="8388608"/>
  <attribute name="Output I" value="200"/>
  <attribute name="Output T" value="4"/>
  <attribute name="Target GC Util Change" value ="20.000000" />
  <attribute name="Current GC Util Change" value="23.000000"/>
  <attribute name="GC Util currently" value="23" />
  <attribute name="CPU Util currently" value="277958388770" />
<allocation-satisfied id="995" threadId="0000000001CD0900" bytesRequested="40" />
<af-end id="996" timestamp="2019-06-17T06:04:34.926" threadId="0000000001CD1288" success="true" from="nursery"/>
<exclusive-end id="997" timestamp="2019-06-17T06:04:34.926" durationms="2.412" />

<concurrent-kickoff id="998" timestamp="2019-06-17T06:04:34.939">
  <kickoff reason="next scavenge will percolate" targetBytes="1692618" thresholdFreeBytes="240233"  remainingFree="122112" tenureFreeBytes="248832" nurseryFreeBytes="122112" />
</concurrent-kickoff>
<exclusive-start id="999" timestamp="2019-06-17T06:04:34.940" intervalms="16.401">
  <response-info timems="0.705" idlems="0.705" threads="0" lastid="0000000001CD8100" lastname="Thread-10" />
</exclusive-start>
<cycle-start id="1000" type="global" contextid="0" timestamp="2019-06-17T06:04:34.941" intervalms="117.640" />
<exclusive-end id="1001" timestamp="2019-06-17T06:04:34.941" durationms="1.004" />

<exclusive-start id="1002" timestamp="2019-06-17T06:04:34.944" intervalms="3.955">
  <response-info timems="0.025" idlems="0.025" threads="0" lastid="0000000001CD4500" lastname="Thread-9" />
</exclusive-start>
<af-start id="1003" threadId="0000000001CD4E88" totalBytesRequested="40" timestamp="2019-06-17T06:04:34.944" intervalms="20.404" type="nursery" />
<percolate-collect id="1004" from="nursery" to="global" reason="failed tenure threshold reached" timestamp="2019-06-17T06:04:34.944"/>
<concurrent-aborted id="1005" timestamp="2019-06-17T06:04:34.944">
  <reason value="insufficient progress made" />
</concurrent-aborted>
<cycle-end id="1006" type="global" contextid="1000" timestamp="2019-06-17T06:04:34.944" />
  <attribute name="elasticGC enabled" value="1" />
  <attribute name= "numThreadsSpecified" value="4" />
  <attribute name="heapSize specified" value="28114944" />
  <attribute name="Current GC Util" value="23" />
  <attribute name= "Current Time Running" value="1396" />
  <attribute name ="GC Interval" value="200" />
  <attribute name="ProportionalT" value="3.000000" />
  <attribute name="ProportionalI" value="3.000000" />
  <attribute name="ProportionalH" value="3.000000" />
  <attribute name="Current Error" value="3.000000" />
  <attribute name="IntegralT" value="51.000000" />
  <attribute name="IntegralI" value="51.000000" />
  <attribute name="IntegralH" value="51.000000" />
  <attribute name="DerivativeT" value="-0.235294" />
  <attribute name="DerivativeI" value="-0.235294" />
  <attribute name="DerivativeH" value="-0.235294" />
  <attribute name="Loop Time for DT" value="17.000000" />
  <attribute name="Output H" value="8388608"/>
  <attribute name="Output I" value="200"/>
  <attribute name="Output T" value="4"/>
  <attribute name="Target GC Util Change" value ="20.000000" />
  <attribute name="Current GC Util Change" value="23.000000"/>
  <attribute name="GC Util currently" value="23" />
  <attribute name="CPU Util currently" value="277958388770" />
<cycle-start id="1007" type="global" contextid="0" timestamp="2019-06-17T06:04:34.944" intervalms="3.638" />
<gc-start id="1008" type="global" contextid="1007" timestamp="2019-06-17T06:04:34.944">
  <mem-info id="1009" free="248832" total="28901376" percent="0">
    <mem type="nursery" free="0" total="23855104" percent="0">
      <mem type="allocate" free="0" total="21430272" percent="0" />
      <mem type="survivor" free="0" total="2424832" percent="0" />
    </mem>
    <mem type="tenure" free="248832" total="5046272" percent="4">
      <mem type="soa" free="0" total="4794368" percent="0" />
      <mem type="loa" free="248832" total="251904" percent="98" />
    </mem>
    <remembered-set count="3019" />
  </mem-info>
</gc-start>
<allocation-stats totalBytes="20566832" >
  <allocated-bytes non-tlh="40" tlh="20566792" />
  <largest-consumer threadName="Thread-9" threadId="0000000001CD4500" bytes="5864768" />
</allocation-stats>
<gc-op id="1010" type="mark" timems="1.950" contextid="1007" timestamp="2019-06-17T06:04:34.946">
  <trace-info objectcount="68000" scancount="60367" scanbytes="2340548" />
  <finalization candidates="124" enqueued="0" />
  <ownableSynchronizers candidates="3" cleared="0" />
  <references type="soft" candidates="148" cleared="63" enqueued="58" dynamicThreshold="5" maxThreshold="32" />
  <references type="weak" candidates="692" cleared="0" enqueued="0" />
  <references type="phantom" candidates="36" cleared="0" enqueued="0" />
  <stringconstants candidates="4597" cleared="0"  />
</gc-op>
<gc-op id="1011" type="sweep" timems="0.710" contextid="1007" timestamp="2019-06-17T06:04:34.947" />
<mem-info id="1012" free="22212680" total="28901376" percent="76">
  <mem type="nursery" free="20711112" total="23855104" percent="86">
    <mem type="allocate" free="20711112" total="21430272" percent="96" />
    <mem type="survivor" free="0" total="2424832" percent="0" />
  </mem>
  <mem type="tenure" free="1501568" total="5046272" percent="29" micro-fragmented="0" macro-fragmented="0">
    <mem type="soa" free="1249664" total="4794368" percent="26" />
    <mem type="loa" free="251904" total="251904" percent="100" />
  </mem>
  <pending-finalizers system="0" default="0" reference="58" classloader="0" />
  <remembered-set count="2407" />
</mem-info>
<gc-op id="1013" type="compact" timems="10.272" contextid="1007" timestamp="2019-06-17T06:04:34.958">
  <compact-info movecount="60124" movebytes="3923320" reason="compact to aid heap contraction" />
</gc-op>
<heap-resize id="1014" type="contract" space="tenure" amount="196608" count="1" timems="0.089" reason="heap reconfiguration" timestamp="2019-06-17T06:04:34.958" />
<gc-end id="1015" type="global" contextid="1007" durationms="14.056" usertimems="24.000" systemtimems="0.000" timestamp="2019-06-17T06:04:34.958" activeThreads="4">
  <mem-info id="1016" free="21986448" total="28704768" percent="76">
    <mem type="nursery" free="20729928" total="23855104" percent="86">
      <mem type="allocate" free="20729928" total="21430272" percent="96" />
      <mem type="survivor" free="0" total="2424832" percent="0" />
    </mem>
    <mem type="tenure" free="1256520" total="4849664" percent="25">
      <mem type="soa" free="1070152" total="4608000" percent="23" />
      <mem type="loa" free="186368" total="241664" percent="77" />
    </mem>
    <pending-finalizers system="0" default="0" reference="58" classloader="0" />
    <remembered-set count="2407" />
  </mem-info>
</gc-end>
<cycle-end id="1017" type="global" contextid="1007" timestamp="2019-06-17T06:04:34.959" />
  <attribute name="elasticGC enabled" value="1" />
  <attribute name= "numThreadsSpecified" value="4" />
  <attribute name="heapSize specified" value="28901376" />
  <attribute name="Current GC Util" value="65" />
  <attribute name= "Current Time Running" value="1430" />
  <attribute name ="GC Interval" value="200" />
  <attribute name="ProportionalT" value="45.000000" />
  <attribute name="ProportionalI" value="45.000000" />
  <attribute name="ProportionalH" value="45.000000" />
  <attribute name="Current Error" value="45.000000" />
  <attribute name="IntegralT" value="450.000000" />
  <attribute name="IntegralI" value="450.000000" />
  <attribute name="IntegralH" value="450.000000" />
  <attribute name="DerivativeT" value="-13.400000" />
  <attribute name="DerivativeI" value="-13.400000" />
  <attribute name="DerivativeH" value="-13.400000" />
  <attribute name="Loop Time for DT" value="10.000000" />
  <attribute name="Output H" value="8388608"/>
  <attribute name="Output I" value="488"/>
  <attribute name="Output T" value="4"/>
  <attribute name="Target GC Util Change" value ="20.000000" />
  <attribute name="Current GC Util Change" value="65.000000"/>
  <attribute name="GC Util currently" value="65" />
  <attribute name="CPU Util currently" value="442377425498" />
<allocation-satisfied id="1018" threadId="0000000001CD4500" bytesRequested="40" />
<af-end id="1019" timestamp="2019-06-17T06:04:34.959" threadId="0000000001CD4E88" success="true" from="nursery"/>
<exclusive-end id="1020" timestamp="2019-06-17T06:04:34.959" durationms="15.225" />

<exclusive-start id="1021" timestamp="2019-06-17T06:04:34.988" intervalms="44.274">
  <response-info timems="0.038" idlems="0.038" threads="0" lastid="0000000001CCCD00" lastname="Thread-8" />
</exclusive-start>
<af-start id="1022" threadId="0000000001CCD688" totalBytesRequested="40" timestamp="2019-06-17T06:04:34.988" intervalms="44.292" type="nursery" />
<cycle-start id="1023" type="scavenge" contextid="0" timestamp="2019-06-17T06:04:34.988" intervalms="64.731" />
<gc-start id="1024" type="scavenge" contextid="1023" timestamp="2019-06-17T06:04:34.988">
  <mem-info id="1025" free="1256520" total="28704768" percent="4">
    <mem type="nursery" free="0" total="23855104" percent="0">
      <mem type="allocate" free="0" total="21430272" percent="0" />
      <mem type="survivor" free="0" total="2424832" percent="0" />
    </mem>
    <mem type="tenure" free="1256520" total="4849664" percent="25">
      <mem type="soa" free="1070152" total="4608000" percent="23" />
      <mem type="loa" free="186368" total="241664" percent="77" />
    </mem>
    <remembered-set count="2933" />
  </mem-info>
</gc-start>
<allocation-stats totalBytes="20727408" >
  <allocated-bytes non-tlh="40" tlh="20727368" />
  <largest-consumer threadName="Thread-9" threadId="0000000001CD4500" bytes="7044344" />
</allocation-stats>
<gc-op id="1026" type="scavenge" timems="1.515" contextid="1023" timestamp="2019-06-17T06:04:34.990">
  <scavenger-info tenureage="3" tenuremask="fff8" tiltratio="89" />
  <memory-copied type="nursery" objects="4959" bytes="121904" bytesdiscarded="135376" />
  <memory-copied type="tenure" objects="13636" bytes="604920" bytesdiscarded="48" />
  <ownableSynchronizers candidates="6" cleared="6" />
</gc-op>
<gc-end id="1027" type="scavenge" contextid="1023" durationms="1.796" usertimems="0.000" systemtimems="4.000" timestamp="2019-06-17T06:04:34.990" activeThreads="4">
  <mem-info id="1028" free="21722184" total="28704768" percent="75">
    <mem type="nursery" free="21172992" total="23855104" percent="88">
      <mem type="allocate" free="21172992" total="21430272" percent="98" />
      <mem type="survivor" free="0" total="2424832" percent="0" />
    </mem>
    <mem type="tenure" free="549192" total="4849664" percent="11">
      <mem type="soa" free="362824" total="4608000" percent="7" />
      <mem type="loa" free="186368" total="241664" percent="77" />
    </mem>
    <remembered-set count="4848" />
  </mem-info>
</gc-end>
<cycle-end id="1029" type="scavenge" contextid="1023" timestamp="2019-06-17T06:04:34.990" />
  <attribute name="elasticGC enabled" value="1" />
  <attribute name= "numThreadsSpecified" value="4" />
  <attribute name="heapSize specified" value="28901376" />
  <attribute name="Current GC Util" value="59" />
  <attribute name= "Current Time Running" value="1461" />
  <attribute name ="GC Interval" value="1248" />
  <attribute name="ProportionalT" value="39.000000" />
  <attribute name="ProportionalI" value="39.000000" />
  <attribute name="ProportionalH" value="39.000000" />
  <attribute name="Current Error" value="39.000000" />
  <attribute name="IntegralT" value="1209.000000" />
  <attribute name="IntegralI" value="1209.000000" />
  <attribute name="IntegralH" value="1209.000000" />
  <attribute name="DerivativeT" value="-0.193548" />
  <attribute name="DerivativeI" value="-0.193548" />
  <attribute name="DerivativeH" value="-0.193548" />
  <attribute name="Loop Time for DT" value="31.000000" />
  <attribute name="Output H" value="8388608"/>
  <attribute name="Output I" value="1248"/>
  <attribute name="Output T" value="4"/>
  <attribute name="Target GC Util Change" value ="20.000000" />
  <attribute name="Current GC Util Change" value="59.000000"/>
  <attribute name="GC Util currently" value="59" />
  <attribute name="CPU Util currently" value="150745143006" />
<allocation-satisfied id="1030" threadId="0000000001CCCD00" bytesRequested="40" />
<af-end id="1031" timestamp="2019-06-17T06:04:34.991" threadId="0000000001CCD688" success="true" from="nursery"/>
<exclusive-end id="1032" timestamp="2019-06-17T06:04:34.991" durationms="2.737" />

<concurrent-kickoff id="1033" timestamp="2019-06-17T06:04:35.014">
  <kickoff reason="threshold reached" targetBytes="1626671" thresholdFreeBytes="231122"  remainingFree="201432" tenureFreeBytes="549192" nurseryFreeBytes="201432" />
</concurrent-kickoff>
<exclusive-start id="1034" timestamp="2019-06-17T06:04:35.014" intervalms="26.207">
  <response-info timems="0.074" idlems="0.044" threads="1" lastid="0000000001CD0900" lastname="Thread-7" />
</exclusive-start>
<cycle-start id="1035" type="global" contextid="0" timestamp="2019-06-17T06:04:35.014" intervalms="69.983" />
<exclusive-end id="1036" timestamp="2019-06-17T06:04:35.014" durationms="0.180" />

<exclusive-start id="1037" timestamp="2019-06-17T06:04:35.015" intervalms="0.565">
  <response-info timems="0.025" idlems="0.025" threads="0" lastid="0000000001CD4500" lastname="Thread-9" />
</exclusive-start>
<af-start id="1038" threadId="0000000001CD4E88" totalBytesRequested="40" timestamp="2019-06-17T06:04:35.015" intervalms="26.770" type="nursery" />
<cycle-start id="1039" type="scavenge" contextid="0" timestamp="2019-06-17T06:04:35.015" intervalms="26.763" />
<gc-start id="1040" type="scavenge" contextid="1039" timestamp="2019-06-17T06:04:35.015">
  <mem-info id="1041" free="549192" total="28704768" percent="1">
    <mem type="nursery" free="0" total="23855104" percent="0">
      <mem type="allocate" free="0" total="21430272" percent="0" />
      <mem type="survivor" free="0" total="2424832" percent="0" />
    </mem>
    <mem type="tenure" free="549192" total="4849664" percent="11">
      <mem type="soa" free="362824" total="4608000" percent="7" />
      <mem type="loa" free="186368" total="241664" percent="77" />
    </mem>
    <remembered-set count="6278" />
  </mem-info>
</gc-start>
<allocation-stats totalBytes="21170528" >
  <allocated-bytes non-tlh="40" tlh="21170488" />
  <largest-consumer threadName="Thread-8" threadId="0000000001CCCD00" bytes="7306472" />
</allocation-stats>
<gc-op id="1042" type="scavenge" timems="0.909" contextid="1039" timestamp="2019-06-17T06:04:35.016">
  <scavenger-info tenureage="3" tenuremask="ffc8" tiltratio="89" />
  <memory-copied type="nursery" objects="5359" bytes="131616" bytesdiscarded="117216" />
  <memory-copied type="tenure" objects="1060" bytes="25440" bytesdiscarded="0" />
</gc-op>
<gc-end id="1043" type="scavenge" contextid="1039" durationms="1.347" usertimems="4.000" systemtimems="0.000" timestamp="2019-06-17T06:04:35.017" activeThreads="4">
  <mem-info id="1044" free="21660744" total="28704768" percent="75">
    <mem type="nursery" free="21181440" total="23855104" percent="88">
      <mem type="allocate" free="21181440" total="21430272" percent="98" />
      <mem type="survivor" free="0" total="2424832" percent="0" />
    </mem>
    <mem type="tenure" free="479304" total="4849664" percent="9">
      <mem type="soa" free="292936" total="4608000" percent="6" />
      <mem type="loa" free="186368" total="241664" percent="77" />
    </mem>
    <remembered-set count="5216" />
  </mem-info>
</gc-end>
<cycle-end id="1045" type="scavenge" contextid="1039" timestamp="2019-06-17T06:04:35.017" />
  <attribute name="elasticGC enabled" value="1" />
  <attribute name= "numThreadsSpecified" value="4" />
  <attribute name="heapSize specified" value="28901376" />
  <attribute name="Current GC Util" value="13" />
  <attribute name= "Current Time Running" value="1488" />
  <attribute name ="GC Interval" value="200" />
  <attribute name="ProportionalT" value="-7.000000" />
  <attribute name="ProportionalI" value="-7.000000" />
  <attribute name="ProportionalH" value="-7.000000" />
  <attribute name="Current Error" value="-7.000000" />
  <attribute name="IntegralT" value="-189.000000" />
  <attribute name="IntegralI" value="-189.000000" />
  <attribute name="IntegralH" value="-189.000000" />
  <attribute name="DerivativeT" value="-1.703704" />
  <attribute name="DerivativeI" value="-1.703704" />
  <attribute name="DerivativeH" value="-1.703704" />
  <attribute name="Loop Time for DT" value="27.000000" />
  <attribute name="Output H" value="2092630016"/>
  <attribute name="Output I" value="200"/>
  <attribute name="Output T" value="4"/>
  <attribute name="Target GC Util Change" value ="20.000000" />
  <attribute name="Current GC Util Change" value="13.000000"/>
  <attribute name="GC Util currently" value="13" />
  <attribute name="CPU Util currently" value="172179672848" />
<allocation-satisfied id="1046" threadId="0000000001CD4500" bytesRequested="40" />
<af-end id="1047" timestamp="2019-06-17T06:04:35.017" threadId="0000000001CD4E88" success="true" from="nursery"/>
<exclusive-end id="1048" timestamp="2019-06-17T06:04:35.017" durationms="2.273" />

<exclusive-start id="1049" timestamp="2019-06-17T06:04:35.046" intervalms="30.741">
  <response-info timems="0.146" idlems="0.092" threads="3" lastid="0000000001CCCD00" lastname="Thread-8" />
</exclusive-start>
<af-start id="1050" threadId="0000000001CD1288" totalBytesRequested="40" timestamp="2019-06-17T06:04:35.046" intervalms="30.718" type="nursery" />
<percolate-collect id="1051" from="nursery" to="global" reason="concurrent mark exhausted" timestamp="2019-06-17T06:04:35.046"/>
<gc-start id="1052" type="global" contextid="1035" timestamp="2019-06-17T06:04:35.046">
  <mem-info id="1053" free="479304" total="28704768" percent="1">
    <mem type="nursery" free="0" total="23855104" percent="0">
      <mem type="allocate" free="0" total="21430272" percent="0" />
      <mem type="survivor" free="0" total="2424832" percent="0" />
    </mem>
    <mem type="tenure" free="479304" total="4849664" percent="9">
      <mem type="soa" free="292936" total="4608000" percent="6" />
      <mem type="loa" free="186368" total="241664" percent="77" />
    </mem>
    <remembered-set count="6786" />
  </mem-info>
</gc-start>
<allocation-stats totalBytes="21178688" >
  <allocated-bytes non-tlh="40" tlh="21178648" />
  <largest-consumer threadName="Thread-9" threadId="0000000001CD4500" bytes="7044264" />
</allocation-stats>
<concurrent-halted id="1054" timestamp="2019-06-17T06:04:35.046">
  <halted state="Complete" status="exhausted" />
  <traced bytesTarget="1626671" bytesTotal="2452808" bytesByMutator="846908" bytesByHelper="1605900" percent="150" />
  <cards cleaned="391" thresholdBytes="91048" />
</concurrent-halted>
<gc-op id="1055" type="rs-scan" timems="0.386" contextid="1035" timestamp="2019-06-17T06:04:35.047">
  <scan objectsFound="6683" bytesTraced="575272" workStackOverflowCount="0" />
</gc-op>
<gc-op id="1056" type="card-cleaning" timems="0.061" contextid="1035" timestamp="2019-06-17T06:04:35.047">
  <card-cleaning cardsCleaned="6" bytesTraced="3384" workStackOverflowCount="0" />
</gc-op>
<gc-op id="1057" type="mark" timems="0.611" contextid="1035" timestamp="2019-06-17T06:04:35.047">
  <trace-info objectcount="577" scancount="545" scanbytes="14928" />
  <finalization candidates="124" enqueued="0" />
  <ownableSynchronizers candidates="3" cleared="0" />
  <references type="soft" candidates="85" cleared="0" enqueued="0" dynamicThreshold="8" maxThreshold="32" />
  <references type="weak" candidates="692" cleared="0" enqueued="0" />
  <references type="phantom" candidates="36" cleared="0" enqueued="0" />
  <stringconstants candidates="4597" cleared="0"  />
</gc-op>
<gc-op id="1058" type="sweep" timems="0.291" contextid="1035" timestamp="2019-06-17T06:04:35.048" />
<mem-info id="1059" free="21890912" total="28704768" percent="76">
  <mem type="nursery" free="21209504" total="23855104" percent="88">
    <mem type="allocate" free="21209504" total="21430272" percent="98" />
    <mem type="survivor" free="0" total="2424832" percent="0" />
  </mem>
  <mem type="tenure" free="681408" total="4849664" percent="14" micro-fragmented="2833" macro-fragmented="0">
    <mem type="soa" free="439744" total="4608000" percent="9" />
    <mem type="loa" free="241664" total="241664" percent="100" />
  </mem>
  <remembered-set count="6735" />
</mem-info>
<gc-op id="1060" type="compact" timems="12.127" contextid="1035" timestamp="2019-06-17T06:04:35.060">
  <compact-info movecount="65987" movebytes="4083024" reason="compact to aid heap contraction" />
</gc-op>
<heap-resize id="1061" type="contract" space="tenure" amount="196608" count="1" timems="0.079" reason="heap reconfiguration" timestamp="2019-06-17T06:04:35.060" />
<gc-end id="1062" type="global" contextid="1035" durationms="14.662" usertimems="28.000" systemtimems="4.000" timestamp="2019-06-17T06:04:35.061" activeThreads="4">
  <mem-info id="1063" free="21711760" total="28508160" percent="76">
    <mem type="nursery" free="21262256" total="23855104" percent="89">
      <mem type="allocate" free="21262256" total="21430272" percent="99" />
      <mem type="survivor" free="0" total="2424832" percent="0" />
    </mem>
    <mem type="tenure" free="449504" total="4653056" percent="9">
      <mem type="soa" free="262112" total="4420608" percent="5" />
      <mem type="loa" free="187392" total="232448" percent="80" />
    </mem>
    <remembered-set count="6735" />
  </mem-info>
</gc-end>
<cycle-end id="1064" type="global" contextid="1035" timestamp="2019-06-17T06:04:35.061" />
  <attribute name="elasticGC enabled" value="1" />
  <attribute name= "numThreadsSpecified" value="4" />
  <attribute name="heapSize specified" value="28704768" />
  <attribute name="Current GC Util" value="101" />
  <attribute name= "Current Time Running" value="1532" />
  <attribute name ="GC Interval" value="200" />
  <attribute name="ProportionalT" value="81.000000" />
  <attribute name="ProportionalI" value="81.000000" />
  <attribute name="ProportionalH" value="81.000000" />
  <attribute name="Current Error" value="81.000000" />
  <attribute name="IntegralT" value="972.000000" />
  <attribute name="IntegralI" value="972.000000" />
  <attribute name="IntegralH" value="972.000000" />
  <attribute name="DerivativeT" value="3.333333" />
  <attribute name="DerivativeI" value="3.333333" />
  <attribute name="DerivativeH" value="3.333333" />
  <attribute name="Loop Time for DT" value="12.000000" />
  <attribute name="Output H" value="8388608"/>
  <attribute name="Output I" value="1056"/>
  <attribute name="Output T" value="4"/>
  <attribute name="Target GC Util Change" value ="20.000000" />
  <attribute name="Current GC Util Change" value="101.000000"/>
  <attribute name="GC Util currently" value="101" />
  <attribute name="CPU Util currently" value="375564770782" />
<allocation-satisfied id="1065" threadId="0000000001CD0900" bytesRequested="40" />
<af-end id="1066" timestamp="2019-06-17T06:04:35.061" threadId="0000000001CD1288" success="true" from="nursery"/>
<exclusive-end id="1067" timestamp="2019-06-17T06:04:35.061" durationms="15.385" />

<concurrent-kickoff id="1068" timestamp="2019-06-17T06:04:35.086">
  <kickoff reason="threshold reached" targetBytes="1709359" thresholdFreeBytes="242523"  remainingFree="159624" tenureFreeBytes="449504" nurseryFreeBytes="159624" />
</concurrent-kickoff>
<exclusive-start id="1069" timestamp="2019-06-17T06:04:35.086" intervalms="40.553">
  <response-info timems="0.084" idlems="0.084" threads="0" lastid="0000000001CD0900" lastname="Thread-7" />
</exclusive-start>
<cycle-start id="1070" type="global" contextid="0" timestamp="2019-06-17T06:04:35.086" intervalms="71.865" />
<exclusive-end id="1071" timestamp="2019-06-17T06:04:35.086" durationms="0.130" />

<exclusive-start id="1072" timestamp="2019-06-17T06:04:35.087" intervalms="0.718">
  <response-info timems="0.029" idlems="0.029" threads="0" lastid="0000000001CD8100" lastname="Thread-10" />
</exclusive-start>
<af-start id="1073" threadId="0000000001CD8A88" totalBytesRequested="40" timestamp="2019-06-17T06:04:35.087" intervalms="41.257" type="nursery" />
<cycle-start id="1074" type="scavenge" contextid="0" timestamp="2019-06-17T06:04:35.087" intervalms="71.978" />
<gc-start id="1075" type="scavenge" contextid="1074" timestamp="2019-06-17T06:04:35.087">
  <mem-info id="1076" free="449504" total="28508160" percent="1">
    <mem type="nursery" free="0" total="23855104" percent="0">
      <mem type="allocate" free="0" total="21430272" percent="0" />
      <mem type="survivor" free="0" total="2424832" percent="0" />
    </mem>
    <mem type="tenure" free="449504" total="4653056" percent="9">
      <mem type="soa" free="262112" total="4420608" percent="5" />
      <mem type="loa" free="187392" total="232448" percent="80" />
    </mem>
    <remembered-set count="8463" />
  </mem-info>
</gc-start>
<allocation-stats totalBytes="21259504" >
  <allocated-bytes non-tlh="40" tlh="21259464" />
  <largest-consumer threadName="Thread-8" threadId="0000000001CCCD00" bytes="7830552" />
</allocation-stats>
<gc-op id="1077" type="scavenge" timems="1.172" contextid="1074" timestamp="2019-06-17T06:04:35.088">
  <scavenger-info tenureage="3" tenuremask="ffe8" tiltratio="89" />
  <memory-copied type="nursery" objects="7297" bytes="178032" bytesdiscarded="70800" />
  <memory-copied type="tenure" objects="1333" bytes="31992" bytesdiscarded="0" />
  <ownableSynchronizers candidates="6" cleared="6" />
</gc-op>
<gc-end id="1078" type="scavenge" contextid="1074" durationms="1.478" usertimems="0.000" systemtimems="4.000" timestamp="2019-06-17T06:04:35.089" activeThreads="1">
  <mem-info id="1079" free="21591776" total="28508160" percent="75">
    <mem type="nursery" free="21181440" total="23855104" percent="88">
      <mem type="allocate" free="21181440" total="21430272" percent="98" />
      <mem type="survivor" free="0" total="2424832" percent="0" />
    </mem>
    <mem type="tenure" free="410336" total="4653056" percent="8">
      <mem type="soa" free="222944" total="4420608" percent="5" />
      <mem type="loa" free="187392" total="232448" percent="80" />
    </mem>
    <remembered-set count="7123" />
  </mem-info>
</gc-end>
<cycle-end id="1080" type="scavenge" contextid="1074" timestamp="2019-06-17T06:04:35.089" />
  <attribute name="elasticGC enabled" value="1" />
  <attribute name= "numThreadsSpecified" value="1" />
  <attribute name="heapSize specified" value="28704768" />
  <attribute name="Current GC Util" value="20" />
  <attribute name= "Current Time Running" value="1560" />
  <attribute name ="GC Interval" value="200" />
  <attribute name="ProportionalT" value="0.000000" />
  <attribute name="ProportionalI" value="0.000000" />
  <attribute name="ProportionalH" value="0.000000" />
  <attribute name="Current Error" value="0.000000" />
  <attribute name="IntegralT" value="0.000000" />
  <attribute name="IntegralI" value="0.000000" />
  <attribute name="IntegralH" value="0.000000" />
  <attribute name="DerivativeT" value="-2.892857" />
  <attribute name="DerivativeI" value="-2.892857" />
  <attribute name="DerivativeH" value="-2.892857" />
  <attribute name="Loop Time for DT" value="28.000000" />
  <attribute name="Output H" value="8388608"/>
  <attribute name="Output I" value="200"/>
  <attribute name="Output T" value="1"/>
  <attribute name="Target GC Util Change" value ="20.000000" />
  <attribute name="Current GC Util Change" value="20.000000"/>
  <attribute name="GC Util currently" value="20" />
  <attribute name="CPU Util currently" value="169848667545" />
<allocation-satisfied id="1081" threadId="0000000001CD8100" bytesRequested="40" />
<af-end id="1082" timestamp="2019-06-17T06:04:35.089" threadId="0000000001CD8A88" success="true" from="nursery"/>
<exclusive-end id="1083" timestamp="2019-06-17T06:04:35.089" durationms="2.050" />

<exclusive-start id="1084" timestamp="2019-06-17T06:04:35.111" intervalms="24.224">
  <response-info timems="0.073" idlems="0.039" threads="1" lastid="0000000001CD4500" lastname="Thread-9" />
</exclusive-start>
<af-start id="1085" threadId="0000000001CCD688" totalBytesRequested="24" timestamp="2019-06-17T06:04:35.111" intervalms="24.236" type="nursery" />
<cycle-start id="1086" type="scavenge" contextid="0" timestamp="2019-06-17T06:04:35.111" intervalms="24.268" />
<gc-start id="1087" type="scavenge" contextid="1086" timestamp="2019-06-17T06:04:35.111">
  <mem-info id="1088" free="410336" total="28508160" percent="1">
    <mem type="nursery" free="0" total="23855104" percent="0">
      <mem type="allocate" free="0" total="21430272" percent="0" />
      <mem type="survivor" free="0" total="2424832" percent="0" />
    </mem>
    <mem type="tenure" free="410336" total="4653056" percent="8">
      <mem type="soa" free="222944" total="4420608" percent="5" />
      <mem type="loa" free="187392" total="232448" percent="80" />
    </mem>
    <remembered-set count="8464" />
  </mem-info>
</gc-start>
<allocation-stats totalBytes="21178952" >
  <allocated-bytes non-tlh="40" tlh="21178912" />
  <largest-consumer threadName="Thread-10" threadId="0000000001CD8100" bytes="6992096" />
</allocation-stats>
<gc-op id="1089" type="scavenge" timems="1.023" contextid="1086" timestamp="2019-06-17T06:04:35.113">
  <scavenger-info tenureage="3" tenuremask="ffe8" tiltratio="89" />
  <memory-copied type="nursery" objects="6258" bytes="151240" bytesdiscarded="351800" />
  <memory-copied type="tenure" objects="2306" bytes="56832" bytesdiscarded="0" />
</gc-op>
<gc-end id="1090" type="scavenge" contextid="1086" durationms="1.480" usertimems="4.000" systemtimems="0.000" timestamp="2019-06-17T06:04:35.113" activeThreads="4">
  <mem-info id="1091" free="21127904" total="28508160" percent="74">
    <mem type="nursery" free="20927232" total="23855104" percent="87">
      <mem type="allocate" free="20927232" total="21430272" percent="97" />
      <mem type="survivor" free="0" total="2424832" percent="0" />
    </mem>
    <mem type="tenure" free="200672" total="4653056" percent="4">
      <mem type="soa" free="13280" total="4420608" percent="0" />
      <mem type="loa" free="187392" total="232448" percent="80" />
    </mem>
    <remembered-set count="6158" />
  </mem-info>
</gc-end>
<cycle-end id="1092" type="scavenge" contextid="1086" timestamp="2019-06-17T06:04:35.113" />
  <attribute name="elasticGC enabled" value="1" />
  <attribute name= "numThreadsSpecified" value="4" />
  <attribute name="heapSize specified" value="28704768" />
  <attribute name="Current GC Util" value="5" />
  <attribute name= "Current Time Running" value="1584" />
  <attribute name ="GC Interval" value="200" />
  <attribute name="ProportionalT" value="-15.000000" />
  <attribute name="ProportionalI" value="-15.000000" />
  <attribute name="ProportionalH" value="-15.000000" />
  <attribute name="Current Error" value="-15.000000" />
  <attribute name="IntegralT" value="-360.000000" />
  <attribute name="IntegralI" value="-360.000000" />
  <attribute name="IntegralH" value="-360.000000" />
  <attribute name="DerivativeT" value="-0.625000" />
  <attribute name="DerivativeI" value="-0.625000" />
  <attribute name="DerivativeH" value="-0.625000" />
  <attribute name="Loop Time for DT" value="24.000000" />
  <attribute name="Output H" value="2092630016"/>
  <attribute name="Output I" value="200"/>
  <attribute name="Output T" value="4"/>
  <attribute name="Target GC Util Change" value ="20.000000" />
  <attribute name="Current GC Util Change" value="5.000000"/>
  <attribute name="GC Util currently" value="5" />
  <attribute name="CPU Util currently" value="188818807626" />
<allocation-satisfied id="1093" threadId="0000000001CCCD00" bytesRequested="24" />
<af-end id="1094" timestamp="2019-06-17T06:04:35.113" threadId="0000000001CCD688" success="true" from="nursery"/>
<exclusive-end id="1095" timestamp="2019-06-17T06:04:35.113" durationms="2.242" />

<exclusive-start id="1096" timestamp="2019-06-17T06:04:35.113" intervalms="2.368">
  <response-info timems="0.025" idlems="0.025" threads="0" lastid="0000000001CCCD00" lastname="Thread-8" />
</exclusive-start>
<concurrent-collection-start id="1097" timestamp="2019-06-17T06:04:35.114" intervalms="263.028" >
  <concurrent-trace-info reason="card cleaning threshold reached" tracedByMutators="947872" tracedByHelpers="1531584" cardsCleaned="383" workStackOverflowCount="0" />
</concurrent-collection-start>
<gc-start id="1098" type="global" contextid="1070" timestamp="2019-06-17T06:04:35.114">
  <mem-info id="1099" free="21062344" total="28508160" percent="73">
    <mem type="nursery" free="20861672" total="23855104" percent="87">
      <mem type="allocate" free="20861672" total="21430272" percent="97" />
      <mem type="survivor" free="0" total="2424832" percent="0" />
    </mem>
    <mem type="tenure" free="200672" total="4653056" percent="4">
      <mem type="soa" free="13280" total="4420608" percent="0" />
      <mem type="loa" free="187392" total="232448" percent="80" />
    </mem>
    <remembered-set count="6158" />
  </mem-info>
</gc-start>
<allocation-stats totalBytes="65560" >
  <allocated-bytes non-tlh="24" tlh="65536" />
  <largest-consumer threadName="Thread-8" threadId="0000000001CCCD00" bytes="65560" />
</allocation-stats>
<gc-op id="1100" type="rs-scan" timems="0.717" contextid="1070" timestamp="2019-06-17T06:04:35.114">
  <scan objectsFound="4734" bytesTraced="393904" workStackOverflowCount="0" />
</gc-op>
<gc-op id="1101" type="card-cleaning" timems="0.532" contextid="1070" timestamp="2019-06-17T06:04:35.115">
  <card-cleaning cardsCleaned="481" bytesTraced="375996" workStackOverflowCount="0" />
</gc-op>
<gc-op id="1102" type="mark" timems="1.078" contextid="1070" timestamp="2019-06-17T06:04:35.116">
  <trace-info objectcount="542" scancount="510" scanbytes="14032" />
  <finalization candidates="124" enqueued="0" />
  <ownableSynchronizers candidates="3" cleared="0" />
  <references type="soft" candidates="85" cleared="1" enqueued="0" dynamicThreshold="3" maxThreshold="32" />
  <references type="weak" candidates="692" cleared="0" enqueued="0" />
  <references type="phantom" candidates="36" cleared="0" enqueued="0" />
  <stringconstants candidates="4597" cleared="0"  />
</gc-op>
<gc-op id="1103" type="sweep" timems="0.710" contextid="1070" timestamp="2019-06-17T06:04:35.117" />
<mem-info id="1104" free="21684720" total="28508160" percent="76">
  <mem type="nursery" free="21278984" total="23855104" percent="89">
    <mem type="allocate" free="21278984" total="21430272" percent="99" />
    <mem type="survivor" free="0" total="2424832" percent="0" />
  </mem>
  <mem type="tenure" free="405736" total="4653056" percent="8" micro-fragmented="0" macro-fragmented="0">
    <mem type="soa" free="173288" total="4420608" percent="3" />
    <mem type="loa" free="232448" total="232448" percent="100" />
  </mem>
  <remembered-set count="6158" />
</mem-info>
<gc-op id="1105" type="compact" timems="11.655" contextid="1070" timestamp="2019-06-17T06:04:35.129">
  <compact-info movecount="55533" movebytes="3568352" reason="compact to aid heap contraction" />
</gc-op>
<heap-resize id="1106" type="contract" space="tenure" amount="196608" count="1" timems="0.084" reason="heap reconfiguration" timestamp="2019-06-17T06:04:35.130" />
<gc-end id="1107" type="global" contextid="1070" durationms="16.090" usertimems="20.000" systemtimems="0.000" timestamp="2019-06-17T06:04:35.130" activeThreads="4">
  <mem-info id="1108" free="21452760" total="28311552" percent="75">
    <mem type="nursery" free="21278984" total="23855104" percent="89">
      <mem type="allocate" free="21278984" total="21430272" percent="99" />
      <mem type="survivor" free="0" total="2424832" percent="0" />
    </mem>
    <mem type="tenure" free="173776" total="4456448" percent="3">
      <mem type="soa" free="0" total="4234240" percent="0" />
      <mem type="loa" free="173776" total="222208" percent="78" />
    </mem>
    <remembered-set count="6158" />
  </mem-info>
</gc-end>
<cycle-end id="1109" type="global" contextid="1070" timestamp="2019-06-17T06:04:35.130" />
  <attribute name="elasticGC enabled" value="1" />
  <attribute name= "numThreadsSpecified" value="4" />
  <attribute name="heapSize specified" value="28508160" />
  <attribute name="Current GC Util" value="41" />
  <attribute name= "Current Time Running" value="1601" />
  <attribute name ="GC Interval" value="200" />
  <attribute name="ProportionalT" value="21.000000" />
  <attribute name="ProportionalI" value="21.000000" />
  <attribute name="ProportionalH" value="21.000000" />
  <attribute name="Current Error" value="21.000000" />
  <attribute name="IntegralT" value="231.000000" />
  <attribute name="IntegralI" value="231.000000" />
  <attribute name="IntegralH" value="231.000000" />
  <attribute name="DerivativeT" value="-13.090909" />
  <attribute name="DerivativeI" value="-13.090909" />
  <attribute name="DerivativeH" value="-13.090909" />
  <attribute name="Loop Time for DT" value="11.000000" />
  <attribute name="Output H" value="8388608"/>
  <attribute name="Output I" value="240"/>
  <attribute name="Output T" value="4"/>
  <attribute name="Target GC Util Change" value ="20.000000" />
  <attribute name="Current GC Util Change" value="41.000000"/>
  <attribute name="GC Util currently" value="41" />
  <attribute name="CPU Util currently" value="390382428943" />
<concurrent-collection-end id="1110" timestamp="2019-06-17T06:04:35.130" />
<exclusive-end id="1111" timestamp="2019-06-17T06:04:35.130" durationms="16.714" />

<concurrent-kickoff id="1112" timestamp="2019-06-17T06:04:35.148">
  <kickoff reason="threshold reached" targetBytes="1776070" thresholdFreeBytes="251639"  remainingFree="143624" tenureFreeBytes="173776" nurseryFreeBytes="143624" />
</concurrent-kickoff>
<exclusive-start id="1113" timestamp="2019-06-17T06:04:35.148" intervalms="35.015">
  <response-info timems="0.082" idlems="0.053" threads="1" lastid="0000000001CCCD00" lastname="Thread-8" />
</exclusive-start>
<cycle-start id="1114" type="global" contextid="0" timestamp="2019-06-17T06:04:35.149" intervalms="62.384" />
<exclusive-end id="1115" timestamp="2019-06-17T06:04:35.149" durationms="0.252" />

<exclusive-start id="1116" timestamp="2019-06-17T06:04:35.149" intervalms="0.653">
  <response-info timems="0.024" idlems="0.024" threads="0" lastid="0000000001CD4500" lastname="Thread-9" />
</exclusive-start>
<af-start id="1117" threadId="0000000001CD4E88" totalBytesRequested="24" timestamp="2019-06-17T06:04:35.149" intervalms="38.073" type="nursery" />
<cycle-start id="1118" type="scavenge" contextid="0" timestamp="2019-06-17T06:04:35.149" intervalms="38.035" />
<gc-start id="1119" type="scavenge" contextid="1118" timestamp="2019-06-17T06:04:35.149">
  <mem-info id="1120" free="173776" total="28311552" percent="0">
    <mem type="nursery" free="0" total="23855104" percent="0">
      <mem type="allocate" free="0" total="21430272" percent="0" />
      <mem type="survivor" free="0" total="2424832" percent="0" />
    </mem>
    <mem type="tenure" free="173776" total="4456448" percent="3">
      <mem type="soa" free="0" total="4234240" percent="0" />
      <mem type="loa" free="173776" total="222208" percent="78" />
    </mem>
    <remembered-set count="7140" />
  </mem-info>
</gc-start>
<allocation-stats totalBytes="21276184" >
  <allocated-bytes non-tlh="0" tlh="21276184" />
  <largest-consumer threadName="Thread-9" threadId="0000000001CD4500" bytes="9923768" />
</allocation-stats>
<gc-op id="1121" type="scavenge" timems="0.908" contextid="1118" timestamp="2019-06-17T06:04:35.151">
  <scavenger-info tenureage="3" tenuremask="ffe8" tiltratio="89" />
  <memory-copied type="nursery" objects="14741" bytes="492600" bytesdiscarded="127944" />
  <copy-failed type="tenure" objects="1423" bytes="34152" />
  <ownableSynchronizers candidates="6" cleared="6" />
</gc-op>
<gc-end id="1122" type="scavenge" contextid="1118" durationms="1.248" usertimems="0.000" systemtimems="0.000" timestamp="2019-06-17T06:04:35.151" activeThreads="4">
  <mem-info id="1123" free="20983504" total="28311552" percent="74">
    <mem type="nursery" free="20809728" total="23855104" percent="87">
      <mem type="allocate" free="20809728" total="21430272" percent="97" />
      <mem type="survivor" free="0" total="2424832" percent="0" />
    </mem>
    <mem type="tenure" free="173776" total="4456448" percent="3">
      <mem type="soa" free="0" total="4234240" percent="0" />
      <mem type="loa" free="173776" total="222208" percent="78" />
    </mem>
    <remembered-set count="7140" />
  </mem-info>
</gc-end>
<cycle-end id="1124" type="scavenge" contextid="1118" timestamp="2019-06-17T06:04:35.151" />
  <attribute name="elasticGC enabled" value="1" />
  <attribute name= "numThreadsSpecified" value="4" />
  <attribute name="heapSize specified" value="28508160" />
  <attribute name="Current GC Util" value="58" />
  <attribute name= "Current Time Running" value="1622" />
  <attribute name ="GC Interval" value="840" />
  <attribute name="ProportionalT" value="38.000000" />
  <attribute name="ProportionalI" value="38.000000" />
  <attribute name="ProportionalH" value="38.000000" />
  <attribute name="Current Error" value="38.000000" />
  <attribute name="IntegralT" value="798.000000" />
  <attribute name="IntegralI" value="798.000000" />
  <attribute name="IntegralH" value="798.000000" />
  <attribute name="DerivativeT" value="0.809524" />
  <attribute name="DerivativeI" value="0.809524" />
  <attribute name="DerivativeH" value="0.809524" />
  <attribute name="Loop Time for DT" value="21.000000" />
  <attribute name="Output H" value="8388608"/>
  <attribute name="Output I" value="840"/>
  <attribute name="Output T" value="4"/>
  <attribute name="Target GC Util Change" value ="20.000000" />
  <attribute name="Current GC Util Change" value="58.000000"/>
  <attribute name="GC Util currently" value="58" />
  <attribute name="CPU Util currently" value="225133195473" />
<allocation-satisfied id="1125" threadId="0000000001CD4500" bytesRequested="24" />
<af-end id="1126" timestamp="2019-06-17T06:04:35.151" threadId="0000000001CD4E88" success="true" from="nursery"/>
<exclusive-end id="1127" timestamp="2019-06-17T06:04:35.151" durationms="2.064" />

<exclusive-start id="1128" timestamp="2019-06-17T06:04:35.165" intervalms="15.817">
  <response-info timems="0.151" idlems="0.086" threads="1" lastid="0000000001CD0900" lastname="Thread-7" />
</exclusive-start>
<af-start id="1129" threadId="0000000001CD4E88" totalBytesRequested="40" timestamp="2019-06-17T06:04:35.165" intervalms="15.768" type="nursery" />
<percolate-collect id="1130" from="nursery" to="global" reason="failed tenure threshold reached" timestamp="2019-06-17T06:04:35.165"/>
<gc-start id="1131" type="global" contextid="1114" timestamp="2019-06-17T06:04:35.165">
  <mem-info id="1132" free="173776" total="28311552" percent="0">
    <mem type="nursery" free="0" total="23855104" percent="0">
      <mem type="allocate" free="0" total="21430272" percent="0" />
      <mem type="survivor" free="0" total="2424832" percent="0" />
    </mem>
    <mem type="tenure" free="173776" total="4456448" percent="3">
      <mem type="soa" free="0" total="4234240" percent="0" />
      <mem type="loa" free="173776" total="222208" percent="78" />
    </mem>
    <remembered-set count="7827" />
  </mem-info>
</gc-start>
<allocation-stats totalBytes="20807016" >
  <allocated-bytes non-tlh="24" tlh="20806992" />
  <largest-consumer threadName="Thread-9" threadId="0000000001CD4500" bytes="6389008" />
</allocation-stats>
<concurrent-halted id="1133" timestamp="2019-06-17T06:04:35.165">
  <halted state="Class scanning incomplete" status="clean trace" />
  <traced bytesTarget="1776070" bytesTotal="2026852" bytesByMutator="1013128" bytesByHelper="1013724" percent="114" />
  <cards cleaned="41" thresholdBytes="99130" />
</concurrent-halted>
<gc-op id="1134" type="tracing" timems="0.253" contextid="1114" timestamp="2019-06-17T06:04:35.166">
  <trace bytesTraced="120" workStackOverflowCount="0" />
</gc-op>
<gc-op id="1135" type="rs-scan" timems="0.653" contextid="1114" timestamp="2019-06-17T06:04:35.167">
  <scan objectsFound="5146" bytesTraced="463844" workStackOverflowCount="0" />
</gc-op>
<gc-op id="1136" type="card-cleaning" timems="0.329" contextid="1114" timestamp="2019-06-17T06:04:35.167">
  <card-cleaning cardsCleaned="194" bytesTraced="132656" workStackOverflowCount="0" />
</gc-op>
<gc-op id="1137" type="mark" timems="1.325" contextid="1114" timestamp="2019-06-17T06:04:35.169">
  <trace-info objectcount="14029" scancount="13997" scanbytes="612744" />
  <finalization candidates="124" enqueued="0" />
  <ownableSynchronizers candidates="3" cleared="0" />
  <references type="soft" candidates="84" cleared="0" enqueued="0" dynamicThreshold="1" maxThreshold="32" />
  <references type="weak" candidates="692" cleared="0" enqueued="0" />
  <references type="phantom" candidates="36" cleared="0" enqueued="0" />
  <stringconstants candidates="4597" cleared="0"  />
</gc-op>
<gc-op id="1138" type="sweep" timems="0.740" contextid="1114" timestamp="2019-06-17T06:04:35.169" />
<mem-info id="1139" free="21104512" total="28311552" percent="74">
  <mem type="nursery" free="20581936" total="23855104" percent="86">
    <mem type="allocate" free="20581936" total="21430272" percent="96" />
    <mem type="survivor" free="0" total="2424832" percent="0" />
  </mem>
  <mem type="tenure" free="522576" total="4456448" percent="11" micro-fragmented="24740" macro-fragmented="0">
    <mem type="soa" free="312960" total="4234240" percent="7" />
    <mem type="loa" free="209616" total="222208" percent="94" />
  </mem>
  <remembered-set count="6519" />
</mem-info>
<gc-op id="1140" type="compact" timems="5.554" contextid="1114" timestamp="2019-06-17T06:04:35.175">
  <compact-info movecount="31209" movebytes="1166864" reason="compact to aid heap contraction" />
</gc-op>
<heap-resize id="1141" type="contract" space="tenure" amount="196608" count="1" timems="0.091" reason="heap reconfiguration" timestamp="2019-06-17T06:04:35.176" />
<gc-end id="1142" type="global" contextid="1114" durationms="10.706" usertimems="16.000" systemtimems="0.000" timestamp="2019-06-17T06:04:35.176" activeThreads="4">
  <mem-info id="1143" free="20968992" total="28114944" percent="74">
    <mem type="nursery" free="20646976" total="23855104" percent="86">
      <mem type="allocate" free="20646976" total="21430272" percent="96" />
      <mem type="survivor" free="0" total="2424832" percent="0" />
    </mem>
    <mem type="tenure" free="322016" total="4259840" percent="7">
      <mem type="soa" free="134624" total="4046848" percent="3" />
      <mem type="loa" free="187392" total="212992" percent="87" />
    </mem>
    <remembered-set count="6519" />
  </mem-info>
</gc-end>
<cycle-end id="1144" type="global" contextid="1114" timestamp="2019-06-17T06:04:35.176" />
  <attribute name="elasticGC enabled" value="1" />
  <attribute name= "numThreadsSpecified" value="4" />
  <attribute name="heapSize specified" value="28311552" />
  <attribute name="Current GC Util" value="103" />
  <attribute name= "Current Time Running" value="1648" />
  <attribute name ="GC Interval" value="840" />
  <attribute name="ProportionalT" value="83.000000" />
  <attribute name="ProportionalI" value="83.000000" />
  <attribute name="ProportionalH" value="83.000000" />
  <attribute name="Current Error" value="83.000000" />
  <attribute name="IntegralT" value="498.000000" />
  <attribute name="IntegralI" value="498.000000" />
  <attribute name="IntegralH" value="498.000000" />
  <attribute name="DerivativeT" value="-10.166667" />
  <attribute name="DerivativeI" value="-10.166667" />
  <attribute name="DerivativeH" value="-10.166667" />
  <attribute name="Loop Time for DT" value="6.000000" />
  <attribute name="Output H" value="8388608"/>
  <attribute name="Output I" value="576"/>
  <attribute name="Output T" value="4"/>
  <attribute name="Target GC Util Change" value ="20.000000" />
  <attribute name="Current GC Util Change" value="103.000000"/>
  <attribute name="GC Util currently" value="103" />
  <attribute name="CPU Util currently" value="806677267164" />
<allocation-satisfied id="1145" threadId="0000000001CD4500" bytesRequested="40" />
<af-end id="1146" timestamp="2019-06-17T06:04:35.176" threadId="0000000001CD4E88" success="true" from="nursery"/>
<exclusive-end id="1147" timestamp="2019-06-17T06:04:35.176" durationms="11.477" />

<concurrent-kickoff id="1148" timestamp="2019-06-17T06:04:35.189">
  <kickoff reason="threshold reached" targetBytes="1773771" thresholdFreeBytes="251264"  remainingFree="191512" tenureFreeBytes="322016" nurseryFreeBytes="60440" />
</concurrent-kickoff>
<exclusive-start id="1149" timestamp="2019-06-17T06:04:35.190" intervalms="24.599">
  <response-info timems="0.134" idlems="0.076" threads="1" lastid="0000000001CD8100" lastname="Thread-10" />
</exclusive-start>
<cycle-start id="1150" type="global" contextid="0" timestamp="2019-06-17T06:04:35.190" intervalms="41.009" />
<exclusive-end id="1151" timestamp="2019-06-17T06:04:35.190" durationms="0.151" />

<exclusive-start id="1152" timestamp="2019-06-17T06:04:35.190" intervalms="0.503">
  <response-info timems="0.018" idlems="0.018" threads="0" lastid="0000000001CCCD00" lastname="Thread-8" />
</exclusive-start>
<af-start id="1153" threadId="0000000001CCD688" totalBytesRequested="40" timestamp="2019-06-17T06:04:35.190" intervalms="25.061" type="nursery" />
<cycle-start id="1154" type="scavenge" contextid="0" timestamp="2019-06-17T06:04:35.190" intervalms="40.831" />
<gc-start id="1155" type="scavenge" contextid="1154" timestamp="2019-06-17T06:04:35.190">
  <mem-info id="1156" free="322016" total="28114944" percent="1">
    <mem type="nursery" free="0" total="23855104" percent="0">
      <mem type="allocate" free="0" total="21430272" percent="0" />
      <mem type="survivor" free="0" total="2424832" percent="0" />
    </mem>
    <mem type="tenure" free="322016" total="4259840" percent="7">
      <mem type="soa" free="134624" total="4046848" percent="3" />
      <mem type="loa" free="187392" total="212992" percent="87" />
    </mem>
    <remembered-set count="6858" />
  </mem-info>
</gc-start>
<allocation-stats totalBytes="20644560" >
  <allocated-bytes non-tlh="40" tlh="20644520" />
  <largest-consumer threadName="Thread-8" threadId="0000000001CCCD00" bytes="8224000" />
</allocation-stats>
<gc-op id="1157" type="scavenge" timems="1.299" contextid="1154" timestamp="2019-06-17T06:04:35.192">
  <scavenger-info tenureage="3" tenuremask="fff8" tiltratio="89" />
  <memory-copied type="nursery" objects="21377" bytes="789200" bytesdiscarded="194608" />
  <memory-copied type="tenure" objects="3108" bytes="74592" bytesdiscarded="0" />
  <copy-failed type="tenure" objects="711" bytes="17064" />
  <ownableSynchronizers candidates="6" cleared="6" />
</gc-op>
<gc-end id="1158" type="scavenge" contextid="1154" durationms="1.561" usertimems="0.000" systemtimems="0.000" timestamp="2019-06-17T06:04:35.192" activeThreads="4">
  <mem-info id="1159" free="20633856" total="28114944" percent="73">
    <mem type="nursery" free="20446464" total="23855104" percent="85">
      <mem type="allocate" free="20446464" total="21430272" percent="95" />
      <mem type="survivor" free="0" total="2424832" percent="0" />
    </mem>
    <mem type="tenure" free="187392" total="4259840" percent="4">
      <mem type="soa" free="0" total="4046848" percent="0" />
      <mem type="loa" free="187392" total="212992" percent="87" />
    </mem>
    <remembered-set count="3750" />
  </mem-info>
</gc-end>
<cycle-end id="1160" type="scavenge" contextid="1154" timestamp="2019-06-17T06:04:35.192" />
  <attribute name="elasticGC enabled" value="1" />
  <attribute name= "numThreadsSpecified" value="4" />
  <attribute name="heapSize specified" value="28311552" />
  <attribute name="Current GC Util" value="70" />
  <attribute name= "Current Time Running" value="1663" />
  <attribute name ="GC Interval" value="800" />
  <attribute name="ProportionalT" value="50.000000" />
  <attribute name="ProportionalI" value="50.000000" />
  <attribute name="ProportionalH" value="50.000000" />
  <attribute name="Current Error" value="50.000000" />
  <attribute name="IntegralT" value="750.000000" />
  <attribute name="IntegralI" value="750.000000" />
  <attribute name="IntegralH" value="750.000000" />
  <attribute name="DerivativeT" value="-2.200000" />
  <attribute name="DerivativeI" value="-2.200000" />
  <attribute name="DerivativeH" value="-2.200000" />
  <attribute name="Loop Time for DT" value="15.000000" />
  <attribute name="Output H" value="8388608"/>
  <attribute name="Output I" value="800"/>
  <attribute name="Output T" value="4"/>
  <attribute name="Target GC Util Change" value ="20.000000" />
  <attribute name="Current GC Util Change" value="70.000000"/>
  <attribute name="GC Util currently" value="70" />
  <attribute name="CPU Util currently" value="306155858500" />
<allocation-satisfied id="1161" threadId="0000000001CCCD00" bytesRequested="40" />
<af-end id="1162" timestamp="2019-06-17T06:04:35.192" threadId="0000000001CCD688" success="true" from="nursery"/>
<exclusive-end id="1163" timestamp="2019-06-17T06:04:35.192" durationms="2.350" />

<exclusive-start id="1164" timestamp="2019-06-17T06:04:35.208" intervalms="18.015">
  <response-info timems="2.323" idlems="1.246" threads="1" lastid="0000000001CD0900" lastname="Thread-7" />
</exclusive-start>
<af-start id="1165" threadId="0000000001CD8A88" totalBytesRequested="40" timestamp="2019-06-17T06:04:35.208" intervalms="18.131" type="nursery" />
<percolate-collect id="1166" from="nursery" to="global" reason="failed tenure threshold reached" timestamp="2019-06-17T06:04:35.208"/>
<gc-start id="1167" type="global" contextid="1150" timestamp="2019-06-17T06:04:35.208">
  <mem-info id="1168" free="187392" total="28114944" percent="0">
    <mem type="nursery" free="0" total="23855104" percent="0">
      <mem type="allocate" free="0" total="21430272" percent="0" />
      <mem type="survivor" free="0" total="2424832" percent="0" />
    </mem>
    <mem type="tenure" free="187392" total="4259840" percent="4">
      <mem type="soa" free="0" total="4046848" percent="0" />
      <mem type="loa" free="187392" total="212992" percent="87" />
    </mem>
    <remembered-set count="4273" />
  </mem-info>
</gc-start>
<allocation-stats totalBytes="20444048" >
  <allocated-bytes non-tlh="40" tlh="20444008" />
  <largest-consumer threadName="Thread-8" threadId="0000000001CCCD00" bytes="6781592" />
</allocation-stats>
<heap-resize id="1169" type="loa contract" space="tenure" amount="171008" count="1" timems="0.091" reason="contract on aggressive gc" timestamp="2019-06-17T06:04:35.209" />
<concurrent-halted id="1170" timestamp="2019-06-17T06:04:35.209">
  <halted state="Class scanning incomplete" status="clean trace" />
  <traced bytesTarget="1773771" bytesTotal="1193780" bytesByMutator="710148" bytesByHelper="483632" percent="67" />
  <cards cleaned="0" thresholdBytes="98982" />
</concurrent-halted>
<gc-op id="1171" type="tracing" timems="0.342" contextid="1150" timestamp="2019-06-17T06:04:35.209">
  <trace bytesTraced="60984" workStackOverflowCount="0" />
</gc-op>
<gc-op id="1172" type="rs-scan" timems="0.541" contextid="1150" timestamp="2019-06-17T06:04:35.210">
  <scan objectsFound="2112" bytesTraced="196736" workStackOverflowCount="0" />
</gc-op>
<gc-op id="1173" type="card-cleaning" timems="0.325" contextid="1150" timestamp="2019-06-17T06:04:35.210">
  <card-cleaning cardsCleaned="157" bytesTraced="118028" workStackOverflowCount="0" />
</gc-op>
<gc-op id="1174" type="mark" timems="2.283" contextid="1150" timestamp="2019-06-17T06:04:35.214">
  <trace-info objectcount="32612" scancount="28232" scanbytes="1080848" />
  <finalization candidates="124" enqueued="0" />
  <ownableSynchronizers candidates="3" cleared="0" />
  <references type="soft" candidates="84" cleared="0" enqueued="0" dynamicThreshold="2" maxThreshold="32" />
  <references type="weak" candidates="692" cleared="0" enqueued="0" />
  <references type="phantom" candidates="36" cleared="0" enqueued="0" />
  <stringconstants candidates="4597" cleared="0"  />
</gc-op>
<gc-op id="1175" type="classunload" timems="0.002" contextid="1150" timestamp="2019-06-17T06:04:35.214">
  <classunload-info classloadercandidates="8" classloadersunloaded="0" classesunloaded="0" anonymousclassesunloaded="0" quiescems="1.809" setupms="0.002" scanms="0.000" postms="0.000" />
</gc-op>
<gc-op id="1176" type="sweep" timems="0.368" contextid="1150" timestamp="2019-06-17T06:04:35.215" />
<mem-info id="1177" free="21266224" total="28114944" percent="75">
  <mem type="nursery" free="20721568" total="23855104" percent="86">
    <mem type="allocate" free="20721568" total="21430272" percent="96" />
    <mem type="survivor" free="0" total="2424832" percent="0" />
  </mem>
  <mem type="tenure" free="544656" total="4259840" percent="12" micro-fragmented="93445" macro-fragmented="0">
    <mem type="soa" free="544656" total="4259840" percent="12" />
    <mem type="loa" free="0" total="0" percent="0" />
  </mem>
  <remembered-set count="3237" />
</mem-info>
<gc-op id="1178" type="compact" timems="4.025" contextid="1150" timestamp="2019-06-17T06:04:35.219">
  <compact-info movecount="31535" movebytes="1309464" reason="compact to aid heap contraction" />
</gc-op>
<heap-resize id="1179" type="contract" space="tenure" amount="589824" count="1" timems="0.101" reason="heap reconfiguration" timestamp="2019-06-17T06:04:35.219" />
<gc-end id="1180" type="global" contextid="1150" durationms="11.195" usertimems="16.000" systemtimems="0.000" timestamp="2019-06-17T06:04:35.220" activeThreads="4">
  <mem-info id="1181" free="20781264" total="27525120" percent="75">
    <mem type="nursery" free="20756928" total="23855104" percent="87">
      <mem type="allocate" free="20756928" total="21430272" percent="96" />
      <mem type="survivor" free="0" total="2424832" percent="0" />
    </mem>
    <mem type="tenure" free="24336" total="3670016" percent="0">
      <mem type="soa" free="24336" total="3670016" percent="0" />
      <mem type="loa" free="0" total="0" percent="0" />
    </mem>
    <remembered-set count="3237" />
  </mem-info>
</gc-end>
<cycle-end id="1182" type="global" contextid="1150" timestamp="2019-06-17T06:04:35.220" />
  <attribute name="elasticGC enabled" value="1" />
  <attribute name= "numThreadsSpecified" value="4" />
  <attribute name="heapSize specified" value="28114944" />
  <attribute name="Current GC Util" value="126" />
  <attribute name= "Current Time Running" value="1691" />
  <attribute name ="GC Interval" value="800" />
  <attribute name="ProportionalT" value="106.000000" />
  <attribute name="ProportionalI" value="106.000000" />
  <attribute name="ProportionalH" value="106.000000" />
  <attribute name="Current Error" value="106.000000" />
  <attribute name="IntegralT" value="424.000000" />
  <attribute name="IntegralI" value="424.000000" />
  <attribute name="IntegralH" value="424.000000" />
  <attribute name="DerivativeT" value="9.000000" />
  <attribute name="DerivativeI" value="9.000000" />
  <attribute name="DerivativeH" value="9.000000" />
  <attribute name="Loop Time for DT" value="4.000000" />
  <attribute name="Output H" value="8388608"/>
  <attribute name="Output I" value="544"/>
  <attribute name="Output T" value="4"/>
  <attribute name="Target GC Util Change" value ="20.000000" />
  <attribute name="Current GC Util Change" value="126.000000"/>
  <attribute name="GC Util currently" value="126" />
  <attribute name="CPU Util currently" value="1105952527530" />
<allocation-satisfied id="1183" threadId="0000000001CD8100" bytesRequested="40" />
<af-end id="1184" timestamp="2019-06-17T06:04:35.220" threadId="0000000001CD8A88" success="true" from="nursery"/>
<exclusive-end id="1185" timestamp="2019-06-17T06:04:35.220" durationms="12.126" />

<concurrent-kickoff id="1186" timestamp="2019-06-17T06:04:35.233">
  <kickoff reason="threshold reached" targetBytes="1456633" thresholdFreeBytes="207535"  remainingFree="166296" tenureFreeBytes="24336" nurseryFreeBytes="166296" />
</concurrent-kickoff>
<exclusive-start id="1187" timestamp="2019-06-17T06:04:35.234" intervalms="25.688">
  <response-info timems="0.204" idlems="0.185" threads="1" lastid="0000000001CD8100" lastname="Thread-10" />
</exclusive-start>
<cycle-start id="1188" type="global" contextid="0" timestamp="2019-06-17T06:04:35.234" intervalms="44.206" />
<exclusive-end id="1189" timestamp="2019-06-17T06:04:35.234" durationms="0.189" />

<exclusive-start id="1190" timestamp="2019-06-17T06:04:35.234" intervalms="0.478">
  <response-info timems="0.021" idlems="0.021" threads="0" lastid="0000000001CD0900" lastname="Thread-7" />
</exclusive-start>
<af-start id="1191" threadId="0000000001CD1288" totalBytesRequested="48" timestamp="2019-06-17T06:04:35.234" intervalms="26.079" type="nursery" />
<cycle-start id="1192" type="scavenge" contextid="0" timestamp="2019-06-17T06:04:35.234" intervalms="44.204" />
<gc-start id="1193" type="scavenge" contextid="1192" timestamp="2019-06-17T06:04:35.234">
  <mem-info id="1194" free="24336" total="27525120" percent="0">
    <mem type="nursery" free="0" total="23855104" percent="0">
      <mem type="allocate" free="0" total="21430272" percent="0" />
      <mem type="survivor" free="0" total="2424832" percent="0" />
    </mem>
    <mem type="tenure" free="24336" total="3670016" percent="0">
      <mem type="soa" free="24336" total="3670016" percent="0" />
      <mem type="loa" free="0" total="0" percent="0" />
    </mem>
    <remembered-set count="3847" />
  </mem-info>
</gc-start>
<allocation-stats totalBytes="20754384" >
  <allocated-bytes non-tlh="40" tlh="20754344" />
  <largest-consumer threadName="Thread-8" threadId="0000000001CCCD00" bytes="8398312" />
</allocation-stats>
<gc-op id="1195" type="scavenge" timems="1.302" contextid="1192" timestamp="2019-06-17T06:04:35.236">
  <scavenger-info tenureage="6" tenuremask="ffc0" tiltratio="89" />
  <memory-copied type="nursery" objects="20712" bytes="819768" bytesdiscarded="279360" />
  <ownableSynchronizers candidates="6" cleared="6" />
</gc-op>
<gc-end id="1196" type="scavenge" contextid="1192" durationms="1.558" usertimems="4.000" systemtimems="0.000" timestamp="2019-06-17T06:04:35.236" activeThreads="4">
  <mem-info id="1197" free="20355480" total="27525120" percent="73">
    <mem type="nursery" free="20331144" total="23855104" percent="85">
      <mem type="allocate" free="20331144" total="21430272" percent="94" />
      <mem type="survivor" free="0" total="2424832" percent="0" />
    </mem>
    <mem type="tenure" free="24336" total="3670016" percent="0">
      <mem type="soa" free="24336" total="3670016" percent="0" />
      <mem type="loa" free="0" total="0" percent="0" />
    </mem>
    <remembered-set count="3847" />
  </mem-info>
</gc-end>
<cycle-end id="1198" type="scavenge" contextid="1192" timestamp="2019-06-17T06:04:35.236" />
  <attribute name="elasticGC enabled" value="1" />
  <attribute name= "numThreadsSpecified" value="4" />
  <attribute name="heapSize specified" value="28114944" />
  <attribute name="Current GC Util" value="31" />
  <attribute name= "Current Time Running" value="1707" />
  <attribute name ="GC Interval" value="200" />
  <attribute name="ProportionalT" value="11.000000" />
  <attribute name="ProportionalI" value="11.000000" />
  <attribute name="ProportionalH" value="11.000000" />
  <attribute name="Current Error" value="11.000000" />
  <attribute name="IntegralT" value="176.000000" />
  <attribute name="IntegralI" value="176.000000" />
  <attribute name="IntegralH" value="176.000000" />
  <attribute name="DerivativeT" value="-5.937500" />
  <attribute name="DerivativeI" value="-5.937500" />
  <attribute name="DerivativeH" value="-5.937500" />
  <attribute name="Loop Time for DT" value="16.000000" />
  <attribute name="Output H" value="8388608"/>
  <attribute name="Output I" value="200"/>
  <attribute name="Output T" value="4"/>
  <attribute name="Target GC Util Change" value ="20.000000" />
  <attribute name="Current GC Util Change" value="31.000000"/>
  <attribute name="GC Util currently" value="31" />
  <attribute name="CPU Util currently" value="298066321994" />
<allocation-satisfied id="1199" threadId="0000000001CD0900" bytesRequested="48" />
<af-end id="1200" timestamp="2019-06-17T06:04:35.236" threadId="0000000001CD1288" success="true" from="nursery"/>
<exclusive-end id="1201" timestamp="2019-06-17T06:04:35.236" durationms="2.140" />

<exclusive-start id="1202" timestamp="2019-06-17T06:04:35.252" intervalms="17.927">
  <response-info timems="0.030" idlems="0.030" threads="0" lastid="0000000001CD4500" lastname="Thread-9" />
</exclusive-start>
<af-start id="1203" threadId="0000000001CD4E88" totalBytesRequested="40" timestamp="2019-06-17T06:04:35.252" intervalms="17.966" type="nursery" />
<percolate-collect id="1204" from="nursery" to="global" reason="concurrent mark exhausted" timestamp="2019-06-17T06:04:35.252"/>
<gc-start id="1205" type="global" contextid="1188" timestamp="2019-06-17T06:04:35.252">
  <mem-info id="1206" free="24336" total="27525120" percent="0">
    <mem type="nursery" free="0" total="23855104" percent="0">
      <mem type="allocate" free="0" total="21430272" percent="0" />
      <mem type="survivor" free="0" total="2424832" percent="0" />
    </mem>
    <mem type="tenure" free="24336" total="3670016" percent="0">
      <mem type="soa" free="24336" total="3670016" percent="0" />
      <mem type="loa" free="0" total="0" percent="0" />
    </mem>
    <remembered-set count="4138" />
  </mem-info>
</gc-start>
<allocation-stats totalBytes="20328824" >
  <allocated-bytes non-tlh="48" tlh="20328776" />
  <largest-consumer threadName="Thread-8" threadId="0000000001CCCD00" bytes="7437528" />
</allocation-stats>
<concurrent-halted id="1207" timestamp="2019-06-17T06:04:35.253">
  <halted state="Complete" status="exhausted" />
  <traced bytesTarget="1456633" bytesTotal="1790336" bytesByMutator="760020" bytesByHelper="1030316" percent="122" />
  <cards cleaned="98" thresholdBytes="81755" />
</concurrent-halted>
<gc-op id="1208" type="rs-scan" timems="0.759" contextid="1188" timestamp="2019-06-17T06:04:35.254">
  <scan objectsFound="4099" bytesTraced="386128" workStackOverflowCount="0" />
</gc-op>
<gc-op id="1209" type="card-cleaning" timems="0.270" contextid="1188" timestamp="2019-06-17T06:04:35.254">
  <card-cleaning cardsCleaned="4" bytesTraced="7216" workStackOverflowCount="0" />
</gc-op>
<gc-op id="1210" type="mark" timems="1.681" contextid="1188" timestamp="2019-06-17T06:04:35.256">
  <trace-info objectcount="26897" scancount="26865" scanbytes="1196320" />
  <finalization candidates="124" enqueued="0" />
  <ownableSynchronizers candidates="3" cleared="0" />
  <references type="soft" candidates="84" cleared="0" enqueued="0" dynamicThreshold="0" maxThreshold="32" />
  <references type="weak" candidates="692" cleared="0" enqueued="0" />
  <references type="phantom" candidates="36" cleared="0" enqueued="0" />
  <stringconstants candidates="4597" cleared="0"  />
</gc-op>
<gc-op id="1211" type="sweep" timems="0.731" contextid="1188" timestamp="2019-06-17T06:04:35.256" />
<mem-info id="1212" free="20096624" total="27525120" percent="73">
  <mem type="nursery" free="20072288" total="23855104" percent="84">
    <mem type="allocate" free="20072288" total="21430272" percent="93" />
    <mem type="survivor" free="0" total="2424832" percent="0" />
  </mem>
  <mem type="tenure" free="24336" total="3670016" percent="0" micro-fragmented="0" macro-fragmented="0">
    <mem type="soa" free="24336" total="3670016" percent="0" />
    <mem type="loa" free="0" total="0" percent="0" />
  </mem>
  <remembered-set count="4138" />
</mem-info>
<gc-op id="1213" type="compact" timems="4.524" contextid="1188" timestamp="2019-06-17T06:04:35.261">
  <compact-info movecount="31109" movebytes="1297448" reason="compact to aid heap contraction" />
</gc-op>
<gc-end id="1214" type="global" contextid="1188" durationms="9.027" usertimems="20.000" systemtimems="0.000" timestamp="2019-06-17T06:04:35.261" activeThreads="4">
  <mem-info id="1215" free="20120248" total="27525120" percent="73">
    <mem type="nursery" free="20095912" total="23855104" percent="84">
      <mem type="allocate" free="20095912" total="21430272" percent="93" />
      <mem type="survivor" free="0" total="2424832" percent="0" />
    </mem>
    <mem type="tenure" free="24336" total="3670016" percent="0">
      <mem type="soa" free="24336" total="3670016" percent="0" />
      <mem type="loa" free="0" total="0" percent="0" />
    </mem>
    <remembered-set count="4138" />
  </mem-info>
</gc-end>
<cycle-end id="1216" type="global" contextid="1188" timestamp="2019-06-17T06:04:35.262" />
  <attribute name="elasticGC enabled" value="1" />
  <attribute name= "numThreadsSpecified" value="4" />
  <attribute name="heapSize specified" value="27525120" />
  <attribute name="Current GC Util" value="159" />
  <attribute name= "Current Time Running" value="1733" />
  <attribute name ="GC Interval" value="200" />
  <attribute name="ProportionalT" value="139.000000" />
  <attribute name="ProportionalI" value="139.000000" />
  <attribute name="ProportionalH" value="139.000000" />
  <attribute name="Current Error" value="139.000000" />
  <attribute name="IntegralT" value="556.000000" />
  <attribute name="IntegralI" value="556.000000" />
  <attribute name="IntegralH" value="556.000000" />
  <attribute name="DerivativeT" value="-14.750000" />
  <attribute name="DerivativeI" value="-14.750000" />
  <attribute name="DerivativeH" value="-14.750000" />
  <attribute name="Loop Time for DT" value="4.000000" />
  <attribute name="Output H" value="8388608"/>
  <attribute name="Output I" value="680"/>
  <attribute name="Output T" value="4"/>
  <attribute name="Target GC Util Change" value ="20.000000" />
  <attribute name="Current GC Util Change" value="159.000000"/>
  <attribute name="GC Util currently" value="159" />
  <attribute name="CPU Util currently" value="992517947011" />
<allocation-satisfied id="1217" threadId="0000000001CD4500" bytesRequested="40" />
<af-end id="1218" timestamp="2019-06-17T06:04:35.262" threadId="0000000001CD4E88" success="true" from="nursery"/>
<exclusive-end id="1219" timestamp="2019-06-17T06:04:35.262" durationms="9.878" />

<concurrent-kickoff id="1220" timestamp="2019-06-17T06:04:35.274">
  <kickoff reason="threshold reached" targetBytes="1518395" thresholdFreeBytes="216078"  remainingFree="140160" tenureFreeBytes="24336" nurseryFreeBytes="140160" />
</concurrent-kickoff>
<exclusive-start id="1221" timestamp="2019-06-17T06:04:35.274" intervalms="22.361">
  <response-info timems="0.100" idlems="0.060" threads="1" lastid="0000000001CD4500" lastname="Thread-9" />
</exclusive-start>
<cycle-start id="1222" type="global" contextid="0" timestamp="2019-06-17T06:04:35.275" intervalms="40.766" />
<exclusive-end id="1223" timestamp="2019-06-17T06:04:35.275" durationms="0.186" />

<exclusive-start id="1224" timestamp="2019-06-17T06:04:35.275" intervalms="0.881">
  <response-info timems="0.435" idlems="0.290" threads="1" lastid="0000000001CD0900" lastname="Thread-7" />
</exclusive-start>
<af-start id="1225" threadId="0000000001CD8A88" totalBytesRequested="40" timestamp="2019-06-17T06:04:35.275" intervalms="23.204" type="nursery" />
<cycle-start id="1226" type="scavenge" contextid="0" timestamp="2019-06-17T06:04:35.276" intervalms="41.183" />
<gc-start id="1227" type="scavenge" contextid="1226" timestamp="2019-06-17T06:04:35.276">
  <mem-info id="1228" free="24336" total="27525120" percent="0">
    <mem type="nursery" free="0" total="23855104" percent="0">
      <mem type="allocate" free="0" total="21430272" percent="0" />
      <mem type="survivor" free="0" total="2424832" percent="0" />
    </mem>
    <mem type="tenure" free="24336" total="3670016" percent="0">
      <mem type="soa" free="24336" total="3670016" percent="0" />
      <mem type="loa" free="0" total="0" percent="0" />
    </mem>
    <remembered-set count="4138" />
  </mem-info>
</gc-start>
<allocation-stats totalBytes="20093520" >
  <allocated-bytes non-tlh="40" tlh="20093480" />
  <largest-consumer threadName="Thread-8" threadId="0000000001CCCD00" bytes="7970888" />
</allocation-stats>
<gc-op id="1229" type="scavenge" timems="1.257" contextid="1226" timestamp="2019-06-17T06:04:35.277">
  <scavenger-info tenureage="7" tenuremask="ff80" tiltratio="89" />
  <memory-copied type="nursery" objects="34657" bytes="1382512" bytesdiscarded="188048" />
  <ownableSynchronizers candidates="6" cleared="6" />
</gc-op>
<gc-end id="1230" type="scavenge" contextid="1226" durationms="1.484" usertimems="4.000" systemtimems="0.000" timestamp="2019-06-17T06:04:35.277" activeThreads="4">
  <mem-info id="1231" free="19884048" total="27525120" percent="72">
    <mem type="nursery" free="19859712" total="23855104" percent="83">
      <mem type="allocate" free="19859712" total="21430272" percent="92" />
      <mem type="survivor" free="0" total="2424832" percent="0" />
    </mem>
    <mem type="tenure" free="24336" total="3670016" percent="0">
      <mem type="soa" free="24336" total="3670016" percent="0" />
      <mem type="loa" free="0" total="0" percent="0" />
    </mem>
    <remembered-set count="4137" />
  </mem-info>
</gc-end>
<cycle-end id="1232" type="scavenge" contextid="1226" timestamp="2019-06-17T06:04:35.277" />
  <attribute name="elasticGC enabled" value="1" />
  <attribute name= "numThreadsSpecified" value="4" />
  <attribute name="heapSize specified" value="27525120" />
  <attribute name="Current GC Util" value="75" />
  <attribute name= "Current Time Running" value="1748" />
  <attribute name ="GC Interval" value="880" />
  <attribute name="ProportionalT" value="55.000000" />
  <attribute name="ProportionalI" value="55.000000" />
  <attribute name="ProportionalH" value="55.000000" />
  <attribute name="Current Error" value="55.000000" />
  <attribute name="IntegralT" value="825.000000" />
  <attribute name="IntegralI" value="825.000000" />
  <attribute name="IntegralH" value="825.000000" />
  <attribute name="DerivativeT" value="-5.600000" />
  <attribute name="DerivativeI" value="-5.600000" />
  <attribute name="DerivativeH" value="-5.600000" />
  <attribute name="Loop Time for DT" value="15.000000" />
  <attribute name="Output H" value="8388608"/>
  <attribute name="Output I" value="880"/>
  <attribute name="Output T" value="4"/>
  <attribute name="Target GC Util Change" value ="20.000000" />
  <attribute name="Current GC Util Change" value="75.000000"/>
  <attribute name="GC Util currently" value="75" />
  <attribute name="CPU Util currently" value="315584791909" />
<allocation-satisfied id="1233" threadId="0000000001CD8100" bytesRequested="40" />
<af-end id="1234" timestamp="2019-06-17T06:04:35.277" threadId="0000000001CD8A88" success="true" from="nursery"/>
<exclusive-end id="1235" timestamp="2019-06-17T06:04:35.277" durationms="2.104" />

<exclusive-start id="1236" timestamp="2019-06-17T06:04:35.294" intervalms="18.312">
  <response-info timems="0.042" idlems="0.042" threads="0" lastid="0000000001CCCD00" lastname="Thread-8" />
</exclusive-start>
<concurrent-collection-start id="1237" timestamp="2019-06-17T06:04:35.294" intervalms="180.267" >
  <concurrent-trace-info reason="card cleaning threshold reached" tracedByMutators="361816" tracedByHelpers="746520" cardsCleaned="6" workStackOverflowCount="0" />
</concurrent-collection-start>
<gc-start id="1238" type="global" contextid="1222" timestamp="2019-06-17T06:04:35.294">
  <mem-info id="1239" free="24336" total="27525120" percent="0">
    <mem type="nursery" free="0" total="23855104" percent="0">
      <mem type="allocate" free="0" total="21430272" percent="0" />
      <mem type="survivor" free="0" total="2424832" percent="0" />
    </mem>
    <mem type="tenure" free="24336" total="3670016" percent="0">
      <mem type="soa" free="24336" total="3670016" percent="0" />
      <mem type="loa" free="0" total="0" percent="0" />
    </mem>
    <remembered-set count="4137" />
  </mem-info>
</gc-start>
<allocation-stats totalBytes="19857056" >
  <allocated-bytes non-tlh="40" tlh="19857016" />
  <largest-consumer threadName="Thread-9" threadId="0000000001CD4500" bytes="6388992" />
</allocation-stats>
<gc-op id="1240" type="rs-scan" timems="0.481" contextid="1222" timestamp="2019-06-17T06:04:35.294">
  <scan objectsFound="41" bytesTraced="3816" workStackOverflowCount="0" />
</gc-op>
<gc-op id="1241" type="card-cleaning" timems="0.408" contextid="1222" timestamp="2019-06-17T06:04:35.295">
  <card-cleaning cardsCleaned="3" bytesTraced="1512" workStackOverflowCount="0" />
</gc-op>
<gc-op id="1242" type="mark" timems="1.650" contextid="1222" timestamp="2019-06-17T06:04:35.297">
  <trace-info objectcount="25862" scancount="25830" scanbytes="1171600" />
  <finalization candidates="124" enqueued="0" />
  <ownableSynchronizers candidates="3" cleared="0" />
  <references type="soft" candidates="84" cleared="0" enqueued="0" dynamicThreshold="0" maxThreshold="32" />
  <references type="weak" candidates="692" cleared="0" enqueued="0" />
  <references type="phantom" candidates="36" cleared="0" enqueued="0" />
  <stringconstants candidates="4597" cleared="0"  />
</gc-op>
<gc-op id="1243" type="sweep" timems="0.696" contextid="1222" timestamp="2019-06-17T06:04:35.297" />
<mem-info id="1244" free="20913416" total="27525120" percent="75">
  <mem type="nursery" free="20255216" total="23855104" percent="84">
    <mem type="allocate" free="20255216" total="21430272" percent="94" />
    <mem type="survivor" free="0" total="2424832" percent="0" />
  </mem>
  <mem type="tenure" free="658200" total="3670016" percent="17" micro-fragmented="0" macro-fragmented="0">
    <mem type="soa" free="658200" total="3670016" percent="17" />
    <mem type="loa" free="0" total="0" percent="0" />
  </mem>
  <remembered-set count="78" />
</mem-info>
<gc-op id="1245" type="compact" timems="3.301" contextid="1222" timestamp="2019-06-17T06:04:35.301">
  <compact-info movecount="25511" movebytes="1164704" reason="compact to aid heap contraction" />
</gc-op>
<heap-resize id="1246" type="contract" space="tenure" amount="655360" count="1" timems="0.105" reason="heap reconfiguration" timestamp="2019-06-17T06:04:35.301" />
<gc-end id="1247" type="global" contextid="1222" durationms="7.667" usertimems="20.000" systemtimems="0.000" timestamp="2019-06-17T06:04:35.302" activeThreads="4">
  <mem-info id="1248" free="20270664" total="26869760" percent="75">
    <mem type="nursery" free="20267128" total="23855104" percent="84">
      <mem type="allocate" free="20267128" total="21430272" percent="94" />
      <mem type="survivor" free="0" total="2424832" percent="0" />
    </mem>
    <mem type="tenure" free="3536" total="3014656" percent="0">
      <mem type="soa" free="3536" total="3014656" percent="0" />
      <mem type="loa" free="0" total="0" percent="0" />
    </mem>
    <remembered-set count="78" />
  </mem-info>
</gc-end>
<cycle-end id="1249" type="global" contextid="1222" timestamp="2019-06-17T06:04:35.302" />
  <attribute name="elasticGC enabled" value="1" />
  <attribute name= "numThreadsSpecified" value="4" />
  <attribute name="heapSize specified" value="27525120" />
  <attribute name="Current GC Util" value="174" />
  <attribute name= "Current Time Running" value="1773" />
  <attribute name ="GC Interval" value="880" />
  <attribute name="ProportionalT" value="154.000000" />
  <attribute name="ProportionalI" value="154.000000" />
  <attribute name="ProportionalH" value="154.000000" />
  <attribute name="Current Error" value="154.000000" />
  <attribute name="IntegralT" value="462.000000" />
  <attribute name="IntegralI" value="462.000000" />
  <attribute name="IntegralH" value="462.000000" />
  <attribute name="DerivativeT" value="-15.666667" />
  <attribute name="DerivativeI" value="-15.666667" />
  <attribute name="DerivativeH" value="-15.666667" />
  <attribute name="Loop Time for DT" value="3.000000" />
  <attribute name="Output H" value="8388608"/>
  <attribute name="Output I" value="600"/>
  <attribute name="Output T" value="4"/>
  <attribute name="Target GC Util Change" value ="20.000000" />
  <attribute name="Current GC Util Change" value="174.000000"/>
  <attribute name="GC Util currently" value="174" />
  <attribute name="CPU Util currently" value="1351095849902" />
<concurrent-collection-end id="1250" timestamp="2019-06-17T06:04:35.302" />
<exclusive-end id="1251" timestamp="2019-06-17T06:04:35.302" durationms="8.181" />

<concurrent-kickoff id="1252" timestamp="2019-06-17T06:04:35.315">
  <kickoff reason="threshold reached" targetBytes="1169316" thresholdFreeBytes="167953"  remainingFree="151672" tenureFreeBytes="3536" nurseryFreeBytes="151672" />
</concurrent-kickoff>
<exclusive-start id="1253" timestamp="2019-06-17T06:04:35.315" intervalms="21.337">
  <response-info timems="0.036" idlems="0.036" threads="0" lastid="0000000001CD0900" lastname="Thread-7" />
</exclusive-start>
<cycle-start id="1254" type="global" contextid="0" timestamp="2019-06-17T06:04:35.315" intervalms="40.568" />
<exclusive-end id="1255" timestamp="2019-06-17T06:04:35.315" durationms="0.224" />

<exclusive-start id="1256" timestamp="2019-06-17T06:04:35.316" intervalms="0.629">
  <response-info timems="0.043" idlems="0.043" threads="0" lastid="0000000001CCCD00" lastname="Thread-8" />
</exclusive-start>
<af-start id="1257" threadId="0000000001CCD688" totalBytesRequested="40" timestamp="2019-06-17T06:04:35.316" intervalms="40.250" type="nursery" />
<cycle-start id="1258" type="scavenge" contextid="0" timestamp="2019-06-17T06:04:35.316" intervalms="40.242" />
<gc-start id="1259" type="scavenge" contextid="1258" timestamp="2019-06-17T06:04:35.316">
  <mem-info id="1260" free="3536" total="26869760" percent="0">
    <mem type="nursery" free="0" total="23855104" percent="0">
      <mem type="allocate" free="0" total="21430272" percent="0" />
      <mem type="survivor" free="0" total="2424832" percent="0" />
    </mem>
    <mem type="tenure" free="3536" total="3014656" percent="0">
      <mem type="soa" free="3536" total="3014656" percent="0" />
      <mem type="loa" free="0" total="0" percent="0" />
    </mem>
    <remembered-set count="78" />
  </mem-info>
</gc-start>
<allocation-stats totalBytes="20264864" >
  <allocated-bytes non-tlh="0" tlh="20264864" />
  <largest-consumer threadName="Thread-8" threadId="0000000001CCCD00" bytes="6954440" />
</allocation-stats>
<gc-op id="1261" type="scavenge" timems="1.088" contextid="1258" timestamp="2019-06-17T06:04:35.317">
  <scavenger-info tenureage="3" tenuremask="fff8" tiltratio="89" />
  <memory-copied type="nursery" objects="23554" bytes="1116464" bytesdiscarded="56896" />
  <ownableSynchronizers candidates="6" cleared="6" />
</gc-op>
<gc-end id="1262" type="scavenge" contextid="1258" durationms="1.412" usertimems="4.000" systemtimems="0.000" timestamp="2019-06-17T06:04:35.317" activeThreads="4">
  <mem-info id="1263" free="20260448" total="26869760" percent="75">
    <mem type="nursery" free="20256912" total="23855104" percent="84">
      <mem type="allocate" free="20256912" total="21430272" percent="94" />
      <mem type="survivor" free="0" total="2424832" percent="0" />
    </mem>
    <mem type="tenure" free="3536" total="3014656" percent="0">
      <mem type="soa" free="3536" total="3014656" percent="0" />
      <mem type="loa" free="0" total="0" percent="0" />
    </mem>
    <remembered-set count="78" />
  </mem-info>
</gc-end>
<cycle-end id="1264" type="scavenge" contextid="1258" timestamp="2019-06-17T06:04:35.317" />
  <attribute name="elasticGC enabled" value="1" />
  <attribute name= "numThreadsSpecified" value="4" />
  <attribute name="heapSize specified" value="27525120" />
  <attribute name="Current GC Util" value="21" />
  <attribute name= "Current Time Running" value="1788" />
  <attribute name ="GC Interval" value="200" />
  <attribute name="ProportionalT" value="1.000000" />
  <attribute name="ProportionalI" value="1.000000" />
  <attribute name="ProportionalH" value="1.000000" />
  <attribute name="Current Error" value="1.000000" />
  <attribute name="IntegralT" value="15.000000" />
  <attribute name="IntegralI" value="15.000000" />
  <attribute name="IntegralH" value="15.000000" />
  <attribute name="DerivativeT" value="-10.200000" />
  <attribute name="DerivativeI" value="-10.200000" />
  <attribute name="DerivativeH" value="-10.200000" />
  <attribute name="Loop Time for DT" value="15.000000" />
  <attribute name="Output H" value="8388608"/>
  <attribute name="Output I" value="200"/>
  <attribute name="Output T" value="4"/>
  <attribute name="Target GC Util Change" value ="20.000000" />
  <attribute name="Current GC Util Change" value="21.000000"/>
  <attribute name="GC Util currently" value="21" />
  <attribute name="CPU Util currently" value="306962472595" />
<allocation-satisfied id="1265" threadId="0000000001CCCD00" bytesRequested="40" />
<af-end id="1266" timestamp="2019-06-17T06:04:35.318" threadId="0000000001CCD688" success="true" from="nursery"/>
<exclusive-end id="1267" timestamp="2019-06-17T06:04:35.318" durationms="2.482" />

<exclusive-start id="1268" timestamp="2019-06-17T06:04:35.344" intervalms="28.039">
  <response-info timems="1.197" idlems="0.626" threads="1" lastid="0000000001CCCD00" lastname="Thread-8" />
</exclusive-start>
<af-start id="1269" threadId="0000000001CD4E88" totalBytesRequested="24" timestamp="2019-06-17T06:04:35.344" intervalms="28.200" type="nursery" />
<percolate-collect id="1270" from="nursery" to="global" reason="concurrent mark exhausted" timestamp="2019-06-17T06:04:35.344"/>
<gc-start id="1271" type="global" contextid="1254" timestamp="2019-06-17T06:04:35.344">
  <mem-info id="1272" free="3536" total="26869760" percent="0">
    <mem type="nursery" free="0" total="23855104" percent="0">
      <mem type="allocate" free="0" total="21430272" percent="0" />
      <mem type="survivor" free="0" total="2424832" percent="0" />
    </mem>
    <mem type="tenure" free="3536" total="3014656" percent="0">
      <mem type="soa" free="3536" total="3014656" percent="0" />
      <mem type="loa" free="0" total="0" percent="0" />
    </mem>
    <remembered-set count="78" />
  </mem-info>
</gc-start>
<allocation-stats totalBytes="20254520" >
  <allocated-bytes non-tlh="40" tlh="20254480" />
  <largest-consumer threadName="Thread-9" threadId="0000000001CD4500" bytes="7568648" />
</allocation-stats>
<concurrent-halted id="1273" timestamp="2019-06-17T06:04:35.345">
  <halted state="Complete" status="exhausted" />
  <traced bytesTarget="1169316" bytesTotal="1108600" bytesByMutator="408580" bytesByHelper="700020" percent="94" />
  <cards cleaned="6" thresholdBytes="66163" />
</concurrent-halted>
<gc-op id="1274" type="rs-scan" timems="0.503" contextid="1254" timestamp="2019-06-17T06:04:35.345">
  <scan objectsFound="42" bytesTraced="3944" workStackOverflowCount="0" />
</gc-op>
<gc-op id="1275" type="card-cleaning" timems="0.249" contextid="1254" timestamp="2019-06-17T06:04:35.346">
  <card-cleaning cardsCleaned="3" bytesTraced="1776" workStackOverflowCount="0" />
</gc-op>
<gc-op id="1276" type="mark" timems="1.859" contextid="1254" timestamp="2019-06-17T06:04:35.347">
  <trace-info objectcount="28801" scancount="28769" scanbytes="1242088" />
  <finalization candidates="124" enqueued="0" />
  <ownableSynchronizers candidates="3" cleared="0" />
  <references type="soft" candidates="84" cleared="0" enqueued="0" dynamicThreshold="0" maxThreshold="32" />
  <references type="weak" candidates="692" cleared="0" enqueued="0" />
  <references type="phantom" candidates="36" cleared="0" enqueued="0" />
  <stringconstants candidates="4597" cleared="0"  />
</gc-op>
<gc-op id="1277" type="sweep" timems="0.747" contextid="1254" timestamp="2019-06-17T06:04:35.348" />
<mem-info id="1278" free="20183464" total="26869760" percent="75">
  <mem type="nursery" free="20179928" total="23855104" percent="84">
    <mem type="allocate" free="20179928" total="21430272" percent="94" />
    <mem type="survivor" free="0" total="2424832" percent="0" />
  </mem>
  <mem type="tenure" free="3536" total="3014656" percent="0" micro-fragmented="0" macro-fragmented="0">
    <mem type="soa" free="3536" total="3014656" percent="0" />
    <mem type="loa" free="0" total="0" percent="0" />
  </mem>
  <remembered-set count="78" />
</mem-info>
<gc-op id="1279" type="compact" timems="3.807" contextid="1254" timestamp="2019-06-17T06:04:35.352">
  <compact-info movecount="28447" movebytes="1233632" reason="compact to aid heap contraction" />
</gc-op>
<gc-end id="1280" type="global" contextid="1254" durationms="8.676" usertimems="16.000" systemtimems="0.000" timestamp="2019-06-17T06:04:35.353" activeThreads="4">
  <mem-info id="1281" free="20200176" total="26869760" percent="75">
    <mem type="nursery" free="20196640" total="23855104" percent="84">
      <mem type="allocate" free="20196640" total="21430272" percent="94" />
      <mem type="survivor" free="0" total="2424832" percent="0" />
    </mem>
    <mem type="tenure" free="3536" total="3014656" percent="0">
      <mem type="soa" free="3536" total="3014656" percent="0" />
      <mem type="loa" free="0" total="0" percent="0" />
    </mem>
    <remembered-set count="78" />
  </mem-info>
</gc-end>
<cycle-end id="1282" type="global" contextid="1254" timestamp="2019-06-17T06:04:35.353" />
  <attribute name="elasticGC enabled" value="1" />
  <attribute name= "numThreadsSpecified" value="4" />
  <attribute name="heapSize specified" value="26869760" />
  <attribute name="Current GC Util" value="180" />
  <attribute name= "Current Time Running" value="1825" />
  <attribute name ="GC Interval" value="200" />
  <attribute name="ProportionalT" value="160.000000" />
  <attribute name="ProportionalI" value="160.000000" />
  <attribute name="ProportionalH" value="160.000000" />
  <attribute name="Current Error" value="160.000000" />
  <attribute name="IntegralT" value="640.000000" />
  <attribute name="IntegralI" value="640.000000" />
  <attribute name="IntegralH" value="640.000000" />
  <attribute name="DerivativeT" value="-6.000000" />
  <attribute name="DerivativeI" value="-6.000000" />
  <attribute name="DerivativeH" value="-6.000000" />
  <attribute name="Loop Time for DT" value="4.000000" />
  <attribute name="Output H" value="8388608"/>
  <attribute name="Output I" value="800"/>
  <attribute name="Output T" value="4"/>
  <attribute name="Target GC Util Change" value ="20.000000" />
  <attribute name="Current GC Util Change" value="180.000000"/>
  <attribute name="GC Util currently" value="180" />
  <attribute name="CPU Util currently" value="1163754602248" />
<allocation-satisfied id="1283" threadId="0000000001CD4500" bytesRequested="24" />
<af-end id="1284" timestamp="2019-06-17T06:04:35.353" threadId="0000000001CD4E88" success="true" from="nursery"/>
<exclusive-end id="1285" timestamp="2019-06-17T06:04:35.354" durationms="9.907" />

<concurrent-kickoff id="1286" timestamp="2019-06-17T06:04:35.372">
  <kickoff reason="threshold reached" targetBytes="1152666" thresholdFreeBytes="165679"  remainingFree="126216" tenureFreeBytes="3536" nurseryFreeBytes="126216" />
</concurrent-kickoff>
<exclusive-start id="1287" timestamp="2019-06-17T06:04:35.374" intervalms="30.304">
  <response-info timems="1.476" idlems="0.990" threads="2" lastid="0000000001CD8100" lastname="Thread-10" />
</exclusive-start>
<cycle-start id="1288" type="global" contextid="0" timestamp="2019-06-17T06:04:35.374" intervalms="59.114" />
<exclusive-end id="1289" timestamp="2019-06-17T06:04:35.374" durationms="0.444" />

<exclusive-start id="1290" timestamp="2019-06-17T06:04:35.375" intervalms="0.698">
  <response-info timems="0.045" idlems="0.029" threads="1" lastid="0000000001CD0900" lastname="Thread-7" />
</exclusive-start>
<af-start id="1291" threadId="0000000001CD8A88" totalBytesRequested="40" timestamp="2019-06-17T06:04:35.375" intervalms="30.869" type="nursery" />
<cycle-start id="1292" type="scavenge" contextid="0" timestamp="2019-06-17T06:04:35.375" intervalms="59.052" />
<gc-start id="1293" type="scavenge" contextid="1292" timestamp="2019-06-17T06:04:35.375">
  <mem-info id="1294" free="3536" total="26869760" percent="0">
    <mem type="nursery" free="0" total="23855104" percent="0">
      <mem type="allocate" free="0" total="21430272" percent="0" />
      <mem type="survivor" free="0" total="2424832" percent="0" />
    </mem>
    <mem type="tenure" free="3536" total="3014656" percent="0">
      <mem type="soa" free="3536" total="3014656" percent="0" />
      <mem type="loa" free="0" total="0" percent="0" />
    </mem>
    <remembered-set count="78" />
  </mem-info>
</gc-start>
<allocation-stats totalBytes="20194056" >
  <allocated-bytes non-tlh="24" tlh="20194032" />
  <largest-consumer threadName="Thread-9" threadId="0000000001CD4500" bytes="6536376" />
</allocation-stats>
<gc-op id="1295" type="scavenge" timems="0.695" contextid="1292" timestamp="2019-06-17T06:04:35.376">
  <scavenger-info tenureage="9" tenuremask="fe00" tiltratio="89" />
  <memory-copied type="nursery" objects="26540" bytes="1187880" bytesdiscarded="128472" />
  <ownableSynchronizers candidates="6" cleared="6" />
</gc-op>
<gc-end id="1296" type="scavenge" contextid="1292" durationms="0.981" usertimems="0.000" systemtimems="0.000" timestamp="2019-06-17T06:04:35.376" activeThreads="4">
  <mem-info id="1297" free="20117456" total="26869760" percent="74">
    <mem type="nursery" free="20113920" total="23855104" percent="84">
      <mem type="allocate" free="20113920" total="21430272" percent="93" />
      <mem type="survivor" free="0" total="2424832" percent="0" />
    </mem>
    <mem type="tenure" free="3536" total="3014656" percent="0">
      <mem type="soa" free="3536" total="3014656" percent="0" />
      <mem type="loa" free="0" total="0" percent="0" />
    </mem>
    <remembered-set count="78" />
  </mem-info>
</gc-end>
<cycle-end id="1298" type="scavenge" contextid="1292" timestamp="2019-06-17T06:04:35.376" />
  <attribute name="elasticGC enabled" value="1" />
  <attribute name= "numThreadsSpecified" value="4" />
  <attribute name="heapSize specified" value="26869760" />
  <attribute name="Current GC Util" value="29" />
  <attribute name= "Current Time Running" value="1847" />
  <attribute name ="GC Interval" value="200" />
  <attribute name="ProportionalT" value="9.000000" />
  <attribute name="ProportionalI" value="9.000000" />
  <attribute name="ProportionalH" value="9.000000" />
  <attribute name="Current Error" value="9.000000" />
  <attribute name="IntegralT" value="198.000000" />
  <attribute name="IntegralI" value="198.000000" />
  <attribute name="IntegralH" value="198.000000" />
  <attribute name="DerivativeT" value="-6.863636" />
  <attribute name="DerivativeI" value="-6.863636" />
  <attribute name="DerivativeH" value="-6.863636" />
  <attribute name="Loop Time for DT" value="22.000000" />
  <attribute name="Output H" value="8388608"/>
  <attribute name="Output I" value="200"/>
  <attribute name="Output T" value="4"/>
  <attribute name="Target GC Util Change" value ="20.000000" />
  <attribute name="Current GC Util Change" value="29.000000"/>
  <attribute name="GC Util currently" value="29" />
  <attribute name="CPU Util currently" value="204526962075" />
<allocation-satisfied id="1299" threadId="0000000001CD8100" bytesRequested="40" />
<af-end id="1300" timestamp="2019-06-17T06:04:35.376" threadId="0000000001CD8A88" success="true" from="nursery"/>
<exclusive-end id="1301" timestamp="2019-06-17T06:04:35.376" durationms="1.511" />

<exclusive-start id="1302" timestamp="2019-06-17T06:04:35.395" intervalms="20.321">
  <response-info timems="0.048" idlems="0.026" threads="1" lastid="0000000001CCCD00" lastname="Thread-8" />
</exclusive-start>
<af-start id="1303" threadId="0000000001CD1288" totalBytesRequested="40" timestamp="2019-06-17T06:04:35.395" intervalms="20.361" type="nursery" />
<cycle-start id="1304" type="scavenge" contextid="0" timestamp="2019-06-17T06:04:35.395" intervalms="20.373" />
<gc-start id="1305" type="scavenge" contextid="1304" timestamp="2019-06-17T06:04:35.396">
  <mem-info id="1306" free="3536" total="26869760" percent="0">
    <mem type="nursery" free="0" total="23855104" percent="0">
      <mem type="allocate" free="0" total="21430272" percent="0" />
      <mem type="survivor" free="0" total="2424832" percent="0" />
    </mem>
    <mem type="tenure" free="3536" total="3014656" percent="0">
      <mem type="soa" free="3536" total="3014656" percent="0" />
      <mem type="loa" free="0" total="0" percent="0" />
    </mem>
    <remembered-set count="78" />
  </mem-info>
</gc-start>
<allocation-stats totalBytes="20111720" >
  <allocated-bytes non-tlh="40" tlh="20111680" />
  <largest-consumer threadName="Thread-10" threadId="0000000001CD8100" bytes="7366440" />
</allocation-stats>
<gc-op id="1307" type="scavenge" timems="1.016" contextid="1304" timestamp="2019-06-17T06:04:35.397">
  <scavenger-info tenureage="3" tenuremask="fff8" tiltratio="89" />
  <memory-copied type="nursery" objects="13553" bytes="601920" bytesdiscarded="149952" />
  <memory-copied type="tenure" objects="10115" bytes="517512" bytesdiscarded="216" />
  <heap-resize type="expand" space="tenure" amount="655360" count="10" timems="0.104" reason="continue current collection" />
</gc-op>
<gc-end id="1308" type="scavenge" contextid="1304" durationms="1.457" usertimems="4.000" systemtimems="0.000" timestamp="2019-06-17T06:04:35.397" activeThreads="4">
  <mem-info id="1309" free="20678400" total="27525120" percent="75">
    <mem type="nursery" free="20678400" total="23855104" percent="86">
      <mem type="allocate" free="20678400" total="21430272" percent="96" />
      <mem type="survivor" free="0" total="2424832" percent="0" />
    </mem>
    <mem type="tenure" free="0" total="3670016" percent="0">
      <mem type="soa" free="0" total="3670016" percent="0" />
      <mem type="loa" free="0" total="0" percent="0" />
    </mem>
    <remembered-set count="2843" />
  </mem-info>
</gc-end>
<cycle-end id="1310" type="scavenge" contextid="1304" timestamp="2019-06-17T06:04:35.397" />
  <attribute name="elasticGC enabled" value="1" />
  <attribute name= "numThreadsSpecified" value="4" />
  <attribute name="heapSize specified" value="26869760" />
  <attribute name="Current GC Util" value="12" />
  <attribute name= "Current Time Running" value="1868" />
  <attribute name ="GC Interval" value="200" />
  <attribute name="ProportionalT" value="-8.000000" />
  <attribute name="ProportionalI" value="-8.000000" />
  <attribute name="ProportionalH" value="-8.000000" />
  <attribute name="Current Error" value="-8.000000" />
  <attribute name="IntegralT" value="-168.000000" />
  <attribute name="IntegralI" value="-168.000000" />
  <attribute name="IntegralH" value="-168.000000" />
  <attribute name="DerivativeT" value="-0.809524" />
  <attribute name="DerivativeI" value="-0.809524" />
  <attribute name="DerivativeH" value="-0.809524" />
  <attribute name="Loop Time for DT" value="21.000000" />
  <attribute name="Output H" value="2092630016"/>
  <attribute name="Output I" value="200"/>
  <attribute name="Output T" value="4"/>
  <attribute name="Target GC Util Change" value ="20.000000" />
  <attribute name="Current GC Util Change" value="12.000000"/>
  <attribute name="GC Util currently" value="12" />
  <attribute name="CPU Util currently" value="223448181064" />
<allocation-satisfied id="1311" threadId="0000000001CD0900" bytesRequested="40" />
<af-end id="1312" timestamp="2019-06-17T06:04:35.398" threadId="0000000001CD1288" success="true" from="nursery"/>
<exclusive-end id="1313" timestamp="2019-06-17T06:04:35.398" durationms="3.288" />

<exclusive-start id="1314" timestamp="2019-06-17T06:04:35.400" intervalms="4.664">
  <response-info timems="0.845" idlems="0.291" threads="2" lastid="0000000001CCCD00" lastname="Thread-8" />
</exclusive-start>
<concurrent-collection-start id="1315" timestamp="2019-06-17T06:04:35.400" intervalms="105.983" >
  <concurrent-trace-info reason="card cleaning threshold reached" tracedByMutators="738780" tracedByHelpers="367596" cardsCleaned="4" workStackOverflowCount="0" />
</concurrent-collection-start>
<gc-start id="1316" type="global" contextid="1288" timestamp="2019-06-17T06:04:35.400">
  <mem-info id="1317" free="19822296" total="27525120" percent="72">
    <mem type="nursery" free="19822296" total="23855104" percent="83">
      <mem type="allocate" free="19822296" total="21430272" percent="92" />
      <mem type="survivor" free="0" total="2424832" percent="0" />
    </mem>
    <mem type="tenure" free="0" total="3670016" percent="0">
      <mem type="soa" free="0" total="3670016" percent="0" />
      <mem type="loa" free="0" total="0" percent="0" />
    </mem>
    <remembered-set count="2844" />
  </mem-info>
</gc-start>
<allocation-stats totalBytes="855976" >
  <allocated-bytes non-tlh="40" tlh="855936" />
  <largest-consumer threadName="Thread-9" threadId="0000000001CD4500" bytes="368592" />
</allocation-stats>
<gc-op id="1318" type="rs-scan" timems="0.173" contextid="1288" timestamp="2019-06-17T06:04:35.400">
  <scan objectsFound="39" bytesTraced="3744" workStackOverflowCount="0" />
</gc-op>
<gc-op id="1319" type="card-cleaning" timems="0.127" contextid="1288" timestamp="2019-06-17T06:04:35.400">
  <card-cleaning cardsCleaned="6" bytesTraced="2104" workStackOverflowCount="0" />
</gc-op>
<gc-op id="1320" type="mark" timems="1.320" contextid="1288" timestamp="2019-06-17T06:04:35.402">
  <trace-info objectcount="24007" scancount="23975" scanbytes="1127192" />
  <finalization candidates="124" enqueued="0" />
  <ownableSynchronizers candidates="3" cleared="0" />
  <references type="soft" candidates="84" cleared="0" enqueued="0" dynamicThreshold="0" maxThreshold="32" />
  <references type="weak" candidates="692" cleared="0" enqueued="0" />
  <references type="phantom" candidates="36" cleared="0" enqueued="0" />
  <stringconstants candidates="4597" cleared="0"  />
</gc-op>
<gc-op id="1321" type="sweep" timems="0.243" contextid="1288" timestamp="2019-06-17T06:04:35.402" />
<mem-info id="1322" free="20960280" total="27525120" percent="76">
  <mem type="nursery" free="20819112" total="23855104" percent="87">
    <mem type="allocate" free="20819112" total="21430272" percent="97" />
    <mem type="survivor" free="0" total="2424832" percent="0" />
  </mem>
  <mem type="tenure" free="141168" total="3670016" percent="3" micro-fragmented="0" macro-fragmented="0">
    <mem type="soa" free="141168" total="3670016" percent="3" />
    <mem type="loa" free="0" total="0" percent="0" />
  </mem>
  <remembered-set count="2844" />
</mem-info>
<gc-op id="1323" type="compact" timems="3.134" contextid="1288" timestamp="2019-06-17T06:04:35.405">
  <compact-info movecount="22100" movebytes="1076080" reason="compact to aid heap contraction" />
</gc-op>
<heap-resize id="1324" type="contract" space="tenure" amount="131072" count="1" timems="0.075" reason="heap reconfiguration" timestamp="2019-06-17T06:04:35.406" />
<gc-end id="1325" type="global" contextid="1288" durationms="5.939" usertimems="12.000" systemtimems="0.000" timestamp="2019-06-17T06:04:35.406" activeThreads="4">
  <mem-info id="1326" free="20839360" total="27394048" percent="76">
    <mem type="nursery" free="20829048" total="23855104" percent="87">
      <mem type="allocate" free="20829048" total="21430272" percent="97" />
      <mem type="survivor" free="0" total="2424832" percent="0" />
    </mem>
    <mem type="tenure" free="10312" total="3538944" percent="0">
      <mem type="soa" free="10312" total="3538944" percent="0" />
      <mem type="loa" free="0" total="0" percent="0" />
    </mem>
    <remembered-set count="2844" />
  </mem-info>
</gc-end>
<cycle-end id="1327" type="global" contextid="1288" timestamp="2019-06-17T06:04:35.406" />
  <attribute name="elasticGC enabled" value="1" />
  <attribute name= "numThreadsSpecified" value="4" />
  <attribute name="heapSize specified" value="27525120" />
  <attribute name="Current GC Util" value="62" />
  <attribute name= "Current Time Running" value="1878" />
  <attribute name ="GC Interval" value="200" />
  <attribute name="ProportionalT" value="42.000000" />
  <attribute name="ProportionalI" value="42.000000" />
  <attribute name="ProportionalH" value="42.000000" />
  <attribute name="Current Error" value="42.000000" />
  <attribute name="IntegralT" value="126.000000" />
  <attribute name="IntegralI" value="126.000000" />
  <attribute name="IntegralH" value="126.000000" />
  <attribute name="DerivativeT" value="11.000000" />
  <attribute name="DerivativeI" value="11.000000" />
  <attribute name="DerivativeH" value="11.000000" />
  <attribute name="Loop Time for DT" value="3.000000" />
  <attribute name="Output H" value="8388608"/>
  <attribute name="Output I" value="200"/>
  <attribute name="Output T" value="4"/>
  <attribute name="Target GC Util Change" value ="20.000000" />
  <attribute name="Current GC Util Change" value="62.000000"/>
  <attribute name="GC Util currently" value="62" />
  <attribute name="CPU Util currently" value="1427375473288" />
<concurrent-collection-end id="1328" timestamp="2019-06-17T06:04:35.406" />
<exclusive-end id="1329" timestamp="2019-06-17T06:04:35.406" durationms="6.413" />

<concurrent-kickoff id="1330" timestamp="2019-06-17T06:04:35.428">
  <kickoff reason="threshold reached" targetBytes="1302547" thresholdFreeBytes="182349"  remainingFree="168824" tenureFreeBytes="10312" nurseryFreeBytes="168824" />
</concurrent-kickoff>
<exclusive-start id="1331" timestamp="2019-06-17T06:04:35.428" intervalms="28.772">
  <response-info timems="0.086" idlems="0.041" threads="2" lastid="0000000001CD4500" lastname="Thread-9" />
</exclusive-start>
<cycle-start id="1332" type="global" contextid="0" timestamp="2019-06-17T06:04:35.429" intervalms="54.291" />
<exclusive-end id="1333" timestamp="2019-06-17T06:04:35.429" durationms="0.218" />

<exclusive-start id="1334" timestamp="2019-06-17T06:04:35.429" intervalms="0.714">
  <response-info timems="0.040" idlems="0.022" threads="2" lastid="0000000001CD4500" lastname="Thread-9" />
</exclusive-start>
<af-start id="1335" threadId="0000000001CD8A88" totalBytesRequested="40" timestamp="2019-06-17T06:04:35.429" intervalms="34.202" type="nursery" />
<cycle-start id="1336" type="scavenge" contextid="0" timestamp="2019-06-17T06:04:35.429" intervalms="34.245" />
<gc-start id="1337" type="scavenge" contextid="1336" timestamp="2019-06-17T06:04:35.430">
  <mem-info id="1338" free="10312" total="27394048" percent="0">
    <mem type="nursery" free="0" total="23855104" percent="0">
      <mem type="allocate" free="0" total="21430272" percent="0" />
      <mem type="survivor" free="0" total="2424832" percent="0" />
    </mem>
    <mem type="tenure" free="10312" total="3538944" percent="0">
      <mem type="soa" free="10312" total="3538944" percent="0" />
      <mem type="loa" free="0" total="0" percent="0" />
    </mem>
    <remembered-set count="3602" />
  </mem-info>
</gc-start>
<allocation-stats totalBytes="20826376" >
  <allocated-bytes non-tlh="0" tlh="20826376" />
  <largest-consumer threadName="Thread-7" threadId="0000000001CD0900" bytes="9260960" />
</allocation-stats>
<gc-op id="1339" type="scavenge" timems="1.411" contextid="1336" timestamp="2019-06-17T06:04:35.431">
  <scavenger-info tenureage="14" tenuremask="4000" tiltratio="89" />
  <memory-copied type="nursery" objects="15097" bytes="638648" bytesdiscarded="12616" />
  <ownableSynchronizers candidates="6" cleared="6" />
</gc-op>
<gc-end id="1340" type="scavenge" contextid="1336" durationms="1.671" usertimems="4.000" systemtimems="0.000" timestamp="2019-06-17T06:04:35.431" activeThreads="1">
  <mem-info id="1341" free="20789320" total="27394048" percent="75">
    <mem type="nursery" free="20779008" total="23855104" percent="87">
      <mem type="allocate" free="20779008" total="21430272" percent="96" />
      <mem type="survivor" free="0" total="2424832" percent="0" />
    </mem>
    <mem type="tenure" free="10312" total="3538944" percent="0">
      <mem type="soa" free="10312" total="3538944" percent="0" />
      <mem type="loa" free="0" total="0" percent="0" />
    </mem>
    <remembered-set count="3602" />
  </mem-info>
</gc-end>
<cycle-end id="1342" type="scavenge" contextid="1336" timestamp="2019-06-17T06:04:35.431" />
  <attribute name="elasticGC enabled" value="1" />
  <attribute name= "numThreadsSpecified" value="1" />
  <attribute name="heapSize specified" value="27525120" />
  <attribute name="Current GC Util" value="20" />
  <attribute name= "Current Time Running" value="1902" />
  <attribute name ="GC Interval" value="200" />
  <attribute name="ProportionalT" value="0.000000" />
  <attribute name="ProportionalI" value="0.000000" />
  <attribute name="ProportionalH" value="0.000000" />
  <attribute name="Current Error" value="0.000000" />
  <attribute name="IntegralT" value="0.000000" />
  <attribute name="IntegralI" value="0.000000" />
  <attribute name="IntegralH" value="0.000000" />
  <attribute name="DerivativeT" value="-1.750000" />
  <attribute name="DerivativeI" value="-1.750000" />
  <attribute name="DerivativeH" value="-1.750000" />
  <attribute name="Loop Time for DT" value="24.000000" />
  <attribute name="Output H" value="8388608"/>
  <attribute name="Output I" value="200"/>
  <attribute name="Output T" value="1"/>
  <attribute name="Target GC Util Change" value ="20.000000" />
  <attribute name="Current GC Util Change" value="20.000000"/>
  <attribute name="GC Util currently" value="20" />
  <attribute name="CPU Util currently" value="189662501013" />
<allocation-satisfied id="1343" threadId="0000000001CD8100" bytesRequested="40" />
<af-end id="1344" timestamp="2019-06-17T06:04:35.432" threadId="0000000001CD8A88" success="true" from="nursery"/>
<exclusive-end id="1345" timestamp="2019-06-17T06:04:35.432" durationms="2.428" />

<exclusive-start id="1346" timestamp="2019-06-17T06:04:35.447" intervalms="17.477">
  <response-info timems="0.033" idlems="0.033" threads="0" lastid="0000000001CCCD00" lastname="Thread-8" />
</exclusive-start>
<af-start id="1347" threadId="0000000001CCD688" totalBytesRequested="40" timestamp="2019-06-17T06:04:35.447" intervalms="17.408" type="nursery" />
<percolate-collect id="1348" from="nursery" to="global" reason="concurrent mark exhausted" timestamp="2019-06-17T06:04:35.447"/>
<gc-start id="1349" type="global" contextid="1332" timestamp="2019-06-17T06:04:35.447">
  <mem-info id="1350" free="10312" total="27394048" percent="0">
    <mem type="nursery" free="0" total="23855104" percent="0">
      <mem type="allocate" free="0" total="21430272" percent="0" />
      <mem type="survivor" free="0" total="2424832" percent="0" />
    </mem>
    <mem type="tenure" free="10312" total="3538944" percent="0">
      <mem type="soa" free="10312" total="3538944" percent="0" />
      <mem type="loa" free="0" total="0" percent="0" />
    </mem>
    <remembered-set count="4436" />
  </mem-info>
</gc-start>
<allocation-stats totalBytes="20776512" >
  <allocated-bytes non-tlh="40" tlh="20776472" />
  <largest-consumer threadName="Thread-10" threadId="0000000001CD8100" bytes="6126960" />
</allocation-stats>
<concurrent-halted id="1351" timestamp="2019-06-17T06:04:35.447">
  <halted state="Complete" status="exhausted" />
  <traced bytesTarget="1302547" bytesTotal="1732680" bytesByMutator="667572" bytesByHelper="1065108" percent="133" />
  <cards cleaned="215" thresholdBytes="71834" />
</concurrent-halted>
<gc-op id="1352" type="rs-scan" timems="0.712" contextid="1332" timestamp="2019-06-17T06:04:35.448">
  <scan objectsFound="4374" bytesTraced="356248" workStackOverflowCount="0" />
</gc-op>
<gc-op id="1353" type="card-cleaning" timems="0.421" contextid="1332" timestamp="2019-06-17T06:04:35.449">
  <card-cleaning cardsCleaned="7" bytesTraced="9832" workStackOverflowCount="0" />
</gc-op>
<gc-op id="1354" type="mark" timems="1.217" contextid="1332" timestamp="2019-06-17T06:04:35.450">
  <trace-info objectcount="12455" scancount="12423" scanbytes="575104" />
  <finalization candidates="124" enqueued="0" />
  <ownableSynchronizers candidates="3" cleared="0" />
  <references type="soft" candidates="84" cleared="0" enqueued="0" dynamicThreshold="0" maxThreshold="32" />
  <references type="weak" candidates="692" cleared="0" enqueued="0" />
  <references type="phantom" candidates="36" cleared="0" enqueued="0" />
  <stringconstants candidates="4597" cleared="0"  />
</gc-op>
<gc-op id="1355" type="sweep" timems="0.767" contextid="1332" timestamp="2019-06-17T06:04:35.451" />
<mem-info id="1356" free="20725464" total="27394048" percent="75">
  <mem type="nursery" free="20715152" total="23855104" percent="86">
    <mem type="allocate" free="20715152" total="21430272" percent="96" />
    <mem type="survivor" free="0" total="2424832" percent="0" />
  </mem>
  <mem type="tenure" free="10312" total="3538944" percent="0" micro-fragmented="0" macro-fragmented="0">
    <mem type="soa" free="10312" total="3538944" percent="0" />
    <mem type="loa" free="0" total="0" percent="0" />
  </mem>
  <remembered-set count="4436" />
</mem-info>
<gc-op id="1357" type="compact" timems="4.082" contextid="1332" timestamp="2019-06-17T06:04:35.455">
  <compact-info movecount="16455" movebytes="671136" reason="compact to aid heap contraction" />
</gc-op>
<gc-end id="1358" type="global" contextid="1332" durationms="8.692" usertimems="4.000" systemtimems="12.000" timestamp="2019-06-17T06:04:35.456" activeThreads="4">
  <mem-info id="1359" free="20769448" total="27394048" percent="75">
    <mem type="nursery" free="20759136" total="23855104" percent="87">
      <mem type="allocate" free="20759136" total="21430272" percent="96" />
      <mem type="survivor" free="0" total="2424832" percent="0" />
    </mem>
    <mem type="tenure" free="10312" total="3538944" percent="0">
      <mem type="soa" free="10312" total="3538944" percent="0" />
      <mem type="loa" free="0" total="0" percent="0" />
    </mem>
    <remembered-set count="4436" />
  </mem-info>
</gc-end>
<cycle-end id="1360" type="global" contextid="1332" timestamp="2019-06-17T06:04:35.456" />
  <attribute name="elasticGC enabled" value="1" />
  <attribute name= "numThreadsSpecified" value="4" />
  <attribute name="heapSize specified" value="27394048" />
  <attribute name="Current GC Util" value="135" />
  <attribute name= "Current Time Running" value="1928" />
  <attribute name ="GC Interval" value="200" />
  <attribute name="ProportionalT" value="115.000000" />
  <attribute name="ProportionalI" value="115.000000" />
  <attribute name="ProportionalH" value="115.000000" />
  <attribute name="Current Error" value="115.000000" />
  <attribute name="IntegralT" value="575.000000" />
  <attribute name="IntegralI" value="575.000000" />
  <attribute name="IntegralH" value="575.000000" />
  <attribute name="DerivativeT" value="-10.600000" />
  <attribute name="DerivativeI" value="-10.600000" />
  <attribute name="DerivativeH" value="-10.600000" />
  <attribute name="Loop Time for DT" value="5.000000" />
  <attribute name="Output H" value="8388608"/>
  <attribute name="Output I" value="680"/>
  <attribute name="Output T" value="4"/>
  <attribute name="Target GC Util Change" value ="20.000000" />
  <attribute name="Current GC Util Change" value="135.000000"/>
  <attribute name="GC Util currently" value="135" />
  <attribute name="CPU Util currently" value="1090693613331" />
<allocation-satisfied id="1361" threadId="0000000001CCCD00" bytesRequested="40" />
<af-end id="1362" timestamp="2019-06-17T06:04:35.456" threadId="0000000001CCD688" success="true" from="nursery"/>
<exclusive-end id="1363" timestamp="2019-06-17T06:04:35.456" durationms="9.644" />

<concurrent-kickoff id="1364" timestamp="2019-06-17T06:04:35.468">
  <kickoff reason="threshold reached" targetBytes="1396749" thresholdFreeBytes="196112"  remainingFree="180792" tenureFreeBytes="10312" nurseryFreeBytes="180792" />
</concurrent-kickoff>
<exclusive-start id="1365" timestamp="2019-06-17T06:04:35.468" intervalms="21.127">
  <response-info timems="0.089" idlems="0.054" threads="1" lastid="0000000001CD0900" lastname="Thread-7" />
</exclusive-start>
<cycle-start id="1366" type="global" contextid="0" timestamp="2019-06-17T06:04:35.468" intervalms="39.297" />
<exclusive-end id="1367" timestamp="2019-06-17T06:04:35.468" durationms="0.186" />

<exclusive-start id="1368" timestamp="2019-06-17T06:04:35.468" intervalms="0.549">
  <response-info timems="0.021" idlems="0.021" threads="0" lastid="0000000001CD8100" lastname="Thread-10" />
</exclusive-start>
<af-start id="1369" threadId="0000000001CD8A88" totalBytesRequested="40" timestamp="2019-06-17T06:04:35.468" intervalms="21.619" type="nursery" />
<cycle-start id="1370" type="scavenge" contextid="0" timestamp="2019-06-17T06:04:35.468" intervalms="38.952" />
<gc-start id="1371" type="scavenge" contextid="1370" timestamp="2019-06-17T06:04:35.469">
  <mem-info id="1372" free="10312" total="27394048" percent="0">
    <mem type="nursery" free="0" total="23855104" percent="0">
      <mem type="allocate" free="0" total="21430272" percent="0" />
      <mem type="survivor" free="0" total="2424832" percent="0" />
    </mem>
    <mem type="tenure" free="10312" total="3538944" percent="0">
      <mem type="soa" free="10312" total="3538944" percent="0" />
      <mem type="loa" free="0" total="0" percent="0" />
    </mem>
    <remembered-set count="5253" />
  </mem-info>
</gc-start>
<allocation-stats totalBytes="20756648" >
  <allocated-bytes non-tlh="40" tlh="20756608" />
  <largest-consumer threadName="Thread-7" threadId="0000000001CD0900" bytes="6519992" />
</allocation-stats>
<gc-op id="1373" type="scavenge" timems="1.704" contextid="1370" timestamp="2019-06-17T06:04:35.470">
  <scavenger-info tenureage="3" tenuremask="4008" tiltratio="89" />
  <memory-copied type="nursery" objects="17808" bytes="703440" bytesdiscarded="207264" />
  <memory-copied type="tenure" objects="259" bytes="6216" bytesdiscarded="0" />
  <copy-failed type="tenure" objects="6017" bytes="281784" />
  <ownableSynchronizers candidates="6" cleared="6" />
</gc-op>
<gc-end id="1374" type="scavenge" contextid="1370" durationms="1.925" usertimems="4.000" systemtimems="0.000" timestamp="2019-06-17T06:04:35.470" activeThreads="4">
  <mem-info id="1375" free="20519568" total="27394048" percent="74">
    <mem type="nursery" free="20519568" total="23855104" percent="86">
      <mem type="allocate" free="20519568" total="21430272" percent="95" />
      <mem type="survivor" free="0" total="2424832" percent="0" />
    </mem>
    <mem type="tenure" free="0" total="3538944" percent="0">
      <mem type="soa" free="0" total="3538944" percent="0" />
      <mem type="loa" free="0" total="0" percent="0" />
    </mem>
    <remembered-set count="4994" />
  </mem-info>
</gc-end>
<cycle-end id="1376" type="scavenge" contextid="1370" timestamp="2019-06-17T06:04:35.471" />
  <attribute name="elasticGC enabled" value="1" />
  <attribute name= "numThreadsSpecified" value="4" />
  <attribute name="heapSize specified" value="27394048" />
  <attribute name="Current GC Util" value="70" />
  <attribute name= "Current Time Running" value="1941" />
  <attribute name ="GC Interval" value="696" />
  <attribute name="ProportionalT" value="50.000000" />
  <attribute name="ProportionalI" value="50.000000" />
  <attribute name="ProportionalH" value="50.000000" />
  <attribute name="Current Error" value="50.000000" />
  <attribute name="IntegralT" value="650.000000" />
  <attribute name="IntegralI" value="650.000000" />
  <attribute name="IntegralH" value="650.000000" />
  <attribute name="DerivativeT" value="-5.000000" />
  <attribute name="DerivativeI" value="-5.000000" />
  <attribute name="DerivativeH" value="-5.000000" />
  <attribute name="Loop Time for DT" value="13.000000" />
  <attribute name="Output H" value="8388608"/>
  <attribute name="Output I" value="696"/>
  <attribute name="Output T" value="4"/>
  <attribute name="Target GC Util Change" value ="20.000000" />
  <attribute name="Current GC Util Change" value="70.000000"/>
  <attribute name="GC Util currently" value="70" />
  <attribute name="CPU Util currently" value="347980182029" />
<allocation-satisfied id="1377" threadId="0000000001CD8100" bytesRequested="40" />
<af-end id="1378" timestamp="2019-06-17T06:04:35.471" threadId="0000000001CD8A88" success="true" from="nursery"/>
<exclusive-end id="1379" timestamp="2019-06-17T06:04:35.471" durationms="2.590" />

<exclusive-start id="1380" timestamp="2019-06-17T06:04:35.485" intervalms="17.081">
  <response-info timems="0.027" idlems="0.027" threads="0" lastid="0000000001CD4500" lastname="Thread-9" />
</exclusive-start>
<concurrent-collection-start id="1381" timestamp="2019-06-17T06:04:35.486" intervalms="85.735" >
  <concurrent-trace-info reason="card cleaning threshold reached" tracedByMutators="819956" tracedByHelpers="931152" cardsCleaned="201" workStackOverflowCount="0" />
</concurrent-collection-start>
<gc-start id="1382" type="global" contextid="1366" timestamp="2019-06-17T06:04:35.486">
  <mem-info id="1383" free="0" total="27394048" percent="0">
    <mem type="nursery" free="0" total="23855104" percent="0">
      <mem type="allocate" free="0" total="21430272" percent="0" />
      <mem type="survivor" free="0" total="2424832" percent="0" />
    </mem>
    <mem type="tenure" free="0" total="3538944" percent="0">
      <mem type="soa" free="0" total="3538944" percent="0" />
      <mem type="loa" free="0" total="0" percent="0" />
    </mem>
    <remembered-set count="5636" />
  </mem-info>
</gc-start>
<allocation-stats totalBytes="20516984" >
  <allocated-bytes non-tlh="40" tlh="20516944" />
  <largest-consumer threadName="Thread-7" threadId="0000000001CD0900" bytes="6520168" />
</allocation-stats>
<gc-op id="1384" type="rs-scan" timems="0.764" contextid="1366" timestamp="2019-06-17T06:04:35.487">
  <scan objectsFound="5597" bytesTraced="445672" workStackOverflowCount="0" />
</gc-op>
<gc-op id="1385" type="card-cleaning" timems="0.415" contextid="1366" timestamp="2019-06-17T06:04:35.487">
  <card-cleaning cardsCleaned="4" bytesTraced="6376" workStackOverflowCount="0" />
</gc-op>
<gc-op id="1386" type="mark" timems="1.098" contextid="1366" timestamp="2019-06-17T06:04:35.488">
  <trace-info objectcount="14152" scancount="14120" scanbytes="615912" />
  <finalization candidates="124" enqueued="0" />
  <ownableSynchronizers candidates="3" cleared="0" />
  <references type="soft" candidates="84" cleared="0" enqueued="0" dynamicThreshold="0" maxThreshold="32" />
  <references type="weak" candidates="692" cleared="0" enqueued="0" />
  <references type="phantom" candidates="36" cleared="0" enqueued="0" />
  <stringconstants candidates="4597" cleared="0"  />
</gc-op>
<gc-op id="1387" type="sweep" timems="0.588" contextid="1366" timestamp="2019-06-17T06:04:35.489" />
<mem-info id="1388" free="20661840" total="27394048" percent="75">
  <mem type="nursery" free="20657744" total="23855104" percent="86">
    <mem type="allocate" free="20657744" total="21430272" percent="96" />
    <mem type="survivor" free="0" total="2424832" percent="0" />
  </mem>
  <mem type="tenure" free="4096" total="3538944" percent="0" micro-fragmented="0" macro-fragmented="0">
    <mem type="soa" free="4096" total="3538944" percent="0" />
    <mem type="loa" free="0" total="0" percent="0" />
  </mem>
  <remembered-set count="5636" />
</mem-info>
<gc-op id="1389" type="compact" timems="3.901" contextid="1366" timestamp="2019-06-17T06:04:35.493">
  <compact-info movecount="15511" movebytes="648560" reason="compact to aid heap contraction" />
</gc-op>
<gc-end id="1390" type="global" contextid="1366" durationms="8.070" usertimems="12.000" systemtimems="0.000" timestamp="2019-06-17T06:04:35.494" activeThreads="4">
  <mem-info id="1391" free="20693624" total="27394048" percent="75">
    <mem type="nursery" free="20689528" total="23855104" percent="86">
      <mem type="allocate" free="20689528" total="21430272" percent="96" />
      <mem type="survivor" free="0" total="2424832" percent="0" />
    </mem>
    <mem type="tenure" free="4096" total="3538944" percent="0">
      <mem type="soa" free="4096" total="3538944" percent="0" />
      <mem type="loa" free="0" total="0" percent="0" />
    </mem>
    <remembered-set count="5636" />
  </mem-info>
</gc-end>
<cycle-end id="1392" type="global" contextid="1366" timestamp="2019-06-17T06:04:35.494" />
  <attribute name="elasticGC enabled" value="1" />
  <attribute name= "numThreadsSpecified" value="4" />
  <attribute name="heapSize specified" value="27394048" />
  <attribute name="Current GC Util" value="147" />
  <attribute name= "Current Time Running" value="1966" />
  <attribute name ="GC Interval" value="696" />
  <attribute name="ProportionalT" value="127.000000" />
  <attribute name="ProportionalI" value="127.000000" />
  <attribute name="ProportionalH" value="127.000000" />
  <attribute name="Current Error" value="127.000000" />
  <attribute name="IntegralT" value="508.000000" />
  <attribute name="IntegralI" value="508.000000" />
  <attribute name="IntegralH" value="508.000000" />
  <attribute name="DerivativeT" value="4.500000" />
  <attribute name="DerivativeI" value="4.500000" />
  <attribute name="DerivativeH" value="4.500000" />
  <attribute name="Loop Time for DT" value="4.000000" />
  <attribute name="Output H" value="8388608"/>
  <attribute name="Output I" value="640"/>
  <attribute name="Output T" value="4"/>
  <attribute name="Target GC Util Change" value ="20.000000" />
  <attribute name="Current GC Util Change" value="147.000000"/>
  <attribute name="GC Util currently" value="147" />
  <attribute name="CPU Util currently" value="1139156222246" />
<concurrent-collection-end id="1393" timestamp="2019-06-17T06:04:35.494" />
<exclusive-end id="1394" timestamp="2019-06-17T06:04:35.494" durationms="8.724" />

<concurrent-kickoff id="1395" timestamp="2019-06-17T06:04:35.506">
  <kickoff reason="threshold reached" targetBytes="1473135" thresholdFreeBytes="207266"  remainingFree="111224" tenureFreeBytes="4096" nurseryFreeBytes="111224" />
</concurrent-kickoff>
<exclusive-start id="1396" timestamp="2019-06-17T06:04:35.506" intervalms="20.427">
  <response-info timems="0.022" idlems="0.022" threads="0" lastid="0000000001CD4500" lastname="Thread-9" />
</exclusive-start>
<cycle-start id="1397" type="global" contextid="0" timestamp="2019-06-17T06:04:35.506" intervalms="38.105" />
<exclusive-end id="1398" timestamp="2019-06-17T06:04:35.506" durationms="0.288" />

<exclusive-start id="1399" timestamp="2019-06-17T06:04:35.506" intervalms="0.614">
  <response-info timems="0.020" idlems="0.020" threads="0" lastid="0000000001CD0900" lastname="Thread-7" />
</exclusive-start>
<af-start id="1400" threadId="0000000001CD1288" totalBytesRequested="24" timestamp="2019-06-17T06:04:35.506" intervalms="38.116" type="nursery" />
<cycle-start id="1401" type="scavenge" contextid="0" timestamp="2019-06-17T06:04:35.507" intervalms="38.146" />
<gc-start id="1402" type="scavenge" contextid="1401" timestamp="2019-06-17T06:04:35.507">
  <mem-info id="1403" free="4096" total="27394048" percent="0">
    <mem type="nursery" free="0" total="23855104" percent="0">
      <mem type="allocate" free="0" total="21430272" percent="0" />
      <mem type="survivor" free="0" total="2424832" percent="0" />
    </mem>
    <mem type="tenure" free="4096" total="3538944" percent="0">
      <mem type="soa" free="4096" total="3538944" percent="0" />
      <mem type="loa" free="0" total="0" percent="0" />
    </mem>
    <remembered-set count="6336" />
  </mem-info>
</gc-start>
<allocation-stats totalBytes="20686904" >
  <allocated-bytes non-tlh="0" tlh="20686904" />
  <largest-consumer threadName="Thread-7" threadId="0000000001CD0900" bytes="7175344" />
</allocation-stats>
<gc-op id="1404" type="scavenge" timems="0.601" contextid="1401" timestamp="2019-06-17T06:04:35.507">
  <scavenger-info tenureage="3" tenuremask="4038" tiltratio="89" />
  <memory-copied type="nursery" objects="20645" bytes="771296" bytesdiscarded="204064" />
  <memory-copied type="tenure" objects="170" bytes="4080" bytesdiscarded="16" />
  <copy-failed type="tenure" objects="12774" bytes="581328" />
  <ownableSynchronizers candidates="6" cleared="6" />
</gc-op>
<gc-end id="1405" type="scavenge" contextid="1401" durationms="0.989" usertimems="4.000" systemtimems="0.000" timestamp="2019-06-17T06:04:35.508" activeThreads="4">
  <mem-info id="1406" free="20454912" total="27394048" percent="74">
    <mem type="nursery" free="20454912" total="23855104" percent="85">
      <mem type="allocate" free="20454912" total="21430272" percent="95" />
      <mem type="survivor" free="0" total="2424832" percent="0" />
    </mem>
    <mem type="tenure" free="0" total="3538944" percent="0">
      <mem type="soa" free="0" total="3538944" percent="0" />
      <mem type="loa" free="0" total="0" percent="0" />
    </mem>
    <remembered-set count="6166" />
  </mem-info>
</gc-end>
<cycle-end id="1407" type="scavenge" contextid="1401" timestamp="2019-06-17T06:04:35.508" />
  <attribute name="elasticGC enabled" value="1" />
  <attribute name= "numThreadsSpecified" value="4" />
  <attribute name="heapSize specified" value="27394048" />
  <attribute name="Current GC Util" value="27" />
  <attribute name= "Current Time Running" value="1979" />
  <attribute name ="GC Interval" value="200" />
  <attribute name="ProportionalT" value="7.000000" />
  <attribute name="ProportionalI" value="7.000000" />
  <attribute name="ProportionalH" value="7.000000" />
  <attribute name="Current Error" value="7.000000" />
  <attribute name="IntegralT" value="91.000000" />
  <attribute name="IntegralI" value="91.000000" />
  <attribute name="IntegralH" value="91.000000" />
  <attribute name="DerivativeT" value="-9.230769" />
  <attribute name="DerivativeI" value="-9.230769" />
  <attribute name="DerivativeH" value="-9.230769" />
  <attribute name="Loop Time for DT" value="13.000000" />
  <attribute name="Output H" value="8388608"/>
  <attribute name="Output I" value="200"/>
  <attribute name="Output T" value="4"/>
  <attribute name="Target GC Util Change" value ="20.000000" />
  <attribute name="Current GC Util Change" value="27.000000"/>
  <attribute name="GC Util currently" value="27" />
  <attribute name="CPU Util currently" value="343924395758" />
<allocation-satisfied id="1408" threadId="0000000001CD0900" bytesRequested="24" />
<af-end id="1409" timestamp="2019-06-17T06:04:35.508" threadId="0000000001CD1288" success="true" from="nursery"/>
<exclusive-end id="1410" timestamp="2019-06-17T06:04:35.508" durationms="1.503" />

<exclusive-start id="1411" timestamp="2019-06-17T06:04:35.522" intervalms="15.412">
  <response-info timems="0.036" idlems="0.036" threads="0" lastid="0000000001CD8100" lastname="Thread-10" />
</exclusive-start>
<af-start id="1412" threadId="0000000001CD8A88" totalBytesRequested="40" timestamp="2019-06-17T06:04:35.522" intervalms="15.460" type="nursery" />
<percolate-collect id="1413" from="nursery" to="global" reason="failed tenure threshold reached" timestamp="2019-06-17T06:04:35.522"/>
<gc-start id="1414" type="global" contextid="1397" timestamp="2019-06-17T06:04:35.522">
  <mem-info id="1415" free="0" total="27394048" percent="0">
    <mem type="nursery" free="0" total="23855104" percent="0">
      <mem type="allocate" free="0" total="21430272" percent="0" />
      <mem type="survivor" free="0" total="2424832" percent="0" />
    </mem>
    <mem type="tenure" free="0" total="3538944" percent="0">
      <mem type="soa" free="0" total="3538944" percent="0" />
      <mem type="loa" free="0" total="0" percent="0" />
    </mem>
    <remembered-set count="6850" />
  </mem-info>
</gc-start>
<allocation-stats totalBytes="20452576" >
  <allocated-bytes non-tlh="24" tlh="20452552" />
  <largest-consumer threadName="Thread-7" threadId="0000000001CD0900" bytes="7182968" />
</allocation-stats>
<concurrent-halted id="1416" timestamp="2019-06-17T06:04:35.522">
  <halted state="Class scanning incomplete" status="clean trace" />
  <traced bytesTarget="1473135" bytesTotal="1145464" bytesByMutator="642520" bytesByHelper="502944" percent="77" />
  <cards cleaned="0" thresholdBytes="81650" />
</concurrent-halted>
<gc-op id="1417" type="tracing" timems="0.342" contextid="1397" timestamp="2019-06-17T06:04:35.523">
  <trace bytesTraced="113252" workStackOverflowCount="0" />
</gc-op>
<gc-op id="1418" type="rs-scan" timems="0.556" contextid="1397" timestamp="2019-06-17T06:04:35.523">
  <scan objectsFound="5433" bytesTraced="418428" workStackOverflowCount="0" />
</gc-op>
<gc-op id="1419" type="card-cleaning" timems="0.487" contextid="1397" timestamp="2019-06-17T06:04:35.524">
  <card-cleaning cardsCleaned="194" bytesTraced="161536" workStackOverflowCount="0" />
</gc-op>
<gc-op id="1420" type="mark" timems="1.312" contextid="1397" timestamp="2019-06-17T06:04:35.525">
  <trace-info objectcount="30471" scancount="27016" scanbytes="1015000" />
  <finalization candidates="124" enqueued="0" />
  <ownableSynchronizers candidates="3" cleared="0" />
  <references type="soft" candidates="84" cleared="0" enqueued="0" dynamicThreshold="0" maxThreshold="32" />
  <references type="weak" candidates="692" cleared="0" enqueued="0" />
  <references type="phantom" candidates="36" cleared="0" enqueued="0" />
  <stringconstants candidates="4597" cleared="0"  />
</gc-op>
<gc-op id="1421" type="sweep" timems="0.894" contextid="1397" timestamp="2019-06-17T06:04:35.526" />
<mem-info id="1422" free="20591368" total="27394048" percent="75">
  <mem type="nursery" free="20591368" total="23855104" percent="86">
    <mem type="allocate" free="20591368" total="21430272" percent="96" />
    <mem type="survivor" free="0" total="2424832" percent="0" />
  </mem>
  <mem type="tenure" free="0" total="3538944" percent="0" micro-fragmented="0" macro-fragmented="0">
    <mem type="soa" free="0" total="3538944" percent="0" />
    <mem type="loa" free="0" total="0" percent="0" />
  </mem>
  <remembered-set count="6850" />
</mem-info>
<gc-op id="1423" type="compact" timems="4.042" contextid="1397" timestamp="2019-06-17T06:04:35.531">
  <compact-info movecount="22013" movebytes="804648" reason="compact to aid heap contraction" />
</gc-op>
<gc-end id="1424" type="global" contextid="1397" durationms="8.925" usertimems="16.000" systemtimems="0.000" timestamp="2019-06-17T06:04:35.531" activeThreads="4">
  <mem-info id="1425" free="20625624" total="27394048" percent="75">
    <mem type="nursery" free="20625624" total="23855104" percent="86">
      <mem type="allocate" free="20625624" total="21430272" percent="96" />
      <mem type="survivor" free="0" total="2424832" percent="0" />
    </mem>
    <mem type="tenure" free="0" total="3538944" percent="0">
      <mem type="soa" free="0" total="3538944" percent="0" />
      <mem type="loa" free="0" total="0" percent="0" />
    </mem>
    <remembered-set count="6850" />
  </mem-info>
</gc-end>
<cycle-end id="1426" type="global" contextid="1397" timestamp="2019-06-17T06:04:35.531" />
  <attribute name="elasticGC enabled" value="1" />
  <attribute name= "numThreadsSpecified" value="4" />
  <attribute name="heapSize specified" value="27394048" />
  <attribute name="Current GC Util" value="186" />
  <attribute name= "Current Time Running" value="2003" />
  <attribute name ="GC Interval" value="200" />
  <attribute name="ProportionalT" value="166.000000" />
  <attribute name="ProportionalI" value="166.000000" />
  <attribute name="ProportionalH" value="166.000000" />
  <attribute name="Current Error" value="166.000000" />
  <attribute name="IntegralT" value="664.000000" />
  <attribute name="IntegralI" value="664.000000" />
  <attribute name="IntegralH" value="664.000000" />
  <attribute name="DerivativeT" value="11.000000" />
  <attribute name="DerivativeI" value="11.000000" />
  <attribute name="DerivativeH" value="11.000000" />
  <attribute name="Loop Time for DT" value="4.000000" />
  <attribute name="Output H" value="8388608"/>
  <attribute name="Output I" value="848"/>
  <attribute name="Output T" value="4"/>
  <attribute name="Target GC Util Change" value ="20.000000" />
  <attribute name="Current GC Util Change" value="186.000000"/>
  <attribute name="GC Util currently" value="186" />
  <attribute name="CPU Util currently" value="1100940591105" />
<allocation-satisfied id="1427" threadId="0000000001CD8100" bytesRequested="40" />
<af-end id="1428" timestamp="2019-06-17T06:04:35.531" threadId="0000000001CD8A88" success="true" from="nursery"/>
<exclusive-end id="1429" timestamp="2019-06-17T06:04:35.532" durationms="9.775" />

<concurrent-kickoff id="1430" timestamp="2019-06-17T06:04:35.543">
  <kickoff reason="threshold reached" targetBytes="1420252" thresholdFreeBytes="199843"  remainingFree="178352" tenureFreeBytes="0" nurseryFreeBytes="178352" />
</concurrent-kickoff>
<exclusive-start id="1431" timestamp="2019-06-17T06:04:35.543" intervalms="21.351">
  <response-info timems="0.029" idlems="0.029" threads="0" lastid="0000000001CD0900" lastname="Thread-7" />
</exclusive-start>
<cycle-start id="1432" type="global" contextid="0" timestamp="2019-06-17T06:04:35.543" intervalms="37.362" />
<exclusive-end id="1433" timestamp="2019-06-17T06:04:35.543" durationms="0.220" />

<exclusive-start id="1434" timestamp="2019-06-17T06:04:35.544" intervalms="0.471">
  <response-info timems="0.028" idlems="0.028" threads="0" lastid="0000000001CCCD00" lastname="Thread-8" />
</exclusive-start>
<af-start id="1435" threadId="0000000001CCD688" totalBytesRequested="40" timestamp="2019-06-17T06:04:35.544" intervalms="21.784" type="nursery" />
<cycle-start id="1436" type="scavenge" contextid="0" timestamp="2019-06-17T06:04:35.544" intervalms="37.249" />
<gc-start id="1437" type="scavenge" contextid="1436" timestamp="2019-06-17T06:04:35.544">
  <mem-info id="1438" free="0" total="27394048" percent="0">
    <mem type="nursery" free="0" total="23855104" percent="0">
      <mem type="allocate" free="0" total="21430272" percent="0" />
      <mem type="survivor" free="0" total="2424832" percent="0" />
    </mem>
    <mem type="tenure" free="0" total="3538944" percent="0">
      <mem type="soa" free="0" total="3538944" percent="0" />
      <mem type="loa" free="0" total="0" percent="0" />
    </mem>
    <remembered-set count="7485" />
  </mem-info>
</gc-start>
<allocation-stats totalBytes="20622688" >
  <allocated-bytes non-tlh="40" tlh="20622648" />
  <largest-consumer threadName="Thread-7" threadId="0000000001CD0900" bytes="7568352" />
</allocation-stats>
<gc-op id="1439" type="scavenge" timems="1.305" contextid="1436" timestamp="2019-06-17T06:04:35.545">
  <scavenger-info tenureage="3" tenuremask="4078" tiltratio="89" />
  <memory-copied type="nursery" objects="23151" bytes="831992" bytesdiscarded="151816" />
  <copy-failed type="tenure" objects="14342" bytes="618960" />
  <ownableSynchronizers candidates="6" cleared="6" />
</gc-op>
<gc-end id="1440" type="scavenge" contextid="1436" durationms="1.634" usertimems="0.000" systemtimems="0.000" timestamp="2019-06-17T06:04:35.546" activeThreads="4">
  <mem-info id="1441" free="20446464" total="27394048" percent="74">
    <mem type="nursery" free="20446464" total="23855104" percent="85">
      <mem type="allocate" free="20446464" total="21430272" percent="95" />
      <mem type="survivor" free="0" total="2424832" percent="0" />
    </mem>
    <mem type="tenure" free="0" total="3538944" percent="0">
      <mem type="soa" free="0" total="3538944" percent="0" />
      <mem type="loa" free="0" total="0" percent="0" />
    </mem>
    <remembered-set count="7485" />
  </mem-info>
</gc-end>
<cycle-end id="1442" type="scavenge" contextid="1436" timestamp="2019-06-17T06:04:35.546" />
  <attribute name="elasticGC enabled" value="1" />
  <attribute name= "numThreadsSpecified" value="4" />
  <attribute name="heapSize specified" value="27394048" />
  <attribute name="Current GC Util" value="27" />
  <attribute name= "Current Time Running" value="2016" />
  <attribute name ="GC Interval" value="200" />
  <attribute name="ProportionalT" value="7.000000" />
  <attribute name="ProportionalI" value="7.000000" />
  <attribute name="ProportionalH" value="7.000000" />
  <attribute name="Current Error" value="7.000000" />
  <attribute name="IntegralT" value="91.000000" />
  <attribute name="IntegralI" value="91.000000" />
  <attribute name="IntegralH" value="91.000000" />
  <attribute name="DerivativeT" value="-12.230769" />
  <attribute name="DerivativeI" value="-12.230769" />
  <attribute name="DerivativeH" value="-12.230769" />
  <attribute name="Loop Time for DT" value="13.000000" />
  <attribute name="Output H" value="8388608"/>
  <attribute name="Output I" value="200"/>
  <attribute name="Output T" value="4"/>
  <attribute name="Target GC Util Change" value ="20.000000" />
  <attribute name="Current GC Util Change" value="27.000000"/>
  <attribute name="GC Util currently" value="27" />
  <attribute name="CPU Util currently" value="345669187120" />
<allocation-satisfied id="1443" threadId="0000000001CCCD00" bytesRequested="40" />
<af-end id="1444" timestamp="2019-06-17T06:04:35.546" threadId="0000000001CCD688" success="true" from="nursery"/>
<exclusive-end id="1445" timestamp="2019-06-17T06:04:35.546" durationms="2.459" />

<exclusive-start id="1446" timestamp="2019-06-17T06:04:35.561" intervalms="16.920">
  <response-info timems="0.024" idlems="0.024" threads="0" lastid="0000000001CD4500" lastname="Thread-9" />
</exclusive-start>
<af-start id="1447" threadId="0000000001CD4E88" totalBytesRequested="40" timestamp="2019-06-17T06:04:35.561" intervalms="17.001" type="nursery" />
<percolate-collect id="1448" from="nursery" to="global" reason="failed tenure threshold reached" timestamp="2019-06-17T06:04:35.561"/>
<gc-start id="1449" type="global" contextid="1432" timestamp="2019-06-17T06:04:35.561">
  <mem-info id="1450" free="0" total="27394048" percent="0">
    <mem type="nursery" free="0" total="23855104" percent="0">
      <mem type="allocate" free="0" total="21430272" percent="0" />
      <mem type="survivor" free="0" total="2424832" percent="0" />
    </mem>
    <mem type="tenure" free="0" total="3538944" percent="0">
      <mem type="soa" free="0" total="3538944" percent="0" />
      <mem type="loa" free="0" total="0" percent="0" />
    </mem>
    <remembered-set count="7768" />
  </mem-info>
</gc-start>
<allocation-stats totalBytes="20443952" >
  <allocated-bytes non-tlh="40" tlh="20443912" />
  <largest-consumer threadName="Thread-7" threadId="0000000001CD0900" bytes="6257896" />
</allocation-stats>
<concurrent-halted id="1451" timestamp="2019-06-17T06:04:35.561">
  <halted state="Class scanning incomplete" status="clean trace" />
  <traced bytesTarget="1420252" bytesTotal="1087148" bytesByMutator="832616" bytesByHelper="254532" percent="76" />
  <cards cleaned="0" thresholdBytes="78725" />
</concurrent-halted>
<gc-op id="1452" type="tracing" timems="0.309" contextid="1432" timestamp="2019-06-17T06:04:35.562">
  <trace bytesTraced="52984" workStackOverflowCount="0" />
</gc-op>
<gc-op id="1453" type="rs-scan" timems="0.814" contextid="1432" timestamp="2019-06-17T06:04:35.562">
  <scan objectsFound="7043" bytesTraced="574976" workStackOverflowCount="0" />
</gc-op>
<gc-op id="1454" type="card-cleaning" timems="0.286" contextid="1432" timestamp="2019-06-17T06:04:35.563">
  <card-cleaning cardsCleaned="102" bytesTraced="82028" workStackOverflowCount="0" />
</gc-op>
<gc-op id="1455" type="mark" timems="2.243" contextid="1432" timestamp="2019-06-17T06:04:35.565">
  <trace-info objectcount="41104" scancount="36674" scanbytes="1423524" />
  <finalization candidates="124" enqueued="0" />
  <ownableSynchronizers candidates="3" cleared="0" />
  <references type="soft" candidates="84" cleared="0" enqueued="0" dynamicThreshold="0" maxThreshold="32" />
  <references type="weak" candidates="692" cleared="0" enqueued="0" />
  <references type="phantom" candidates="36" cleared="0" enqueued="0" />
  <stringconstants candidates="4597" cleared="0"  />
</gc-op>
<gc-op id="1456" type="classunload" timems="0.003" contextid="1432" timestamp="2019-06-17T06:04:35.565">
  <classunload-info classloadercandidates="8" classloadersunloaded="0" classesunloaded="0" anonymousclassesunloaded="0" quiescems="0.000" setupms="0.002" scanms="0.001" postms="0.000" />
</gc-op>
<gc-op id="1457" type="sweep" timems="0.735" contextid="1432" timestamp="2019-06-17T06:04:35.566" />
<mem-info id="1458" free="20234968" total="27394048" percent="73">
  <mem type="nursery" free="20234968" total="23855104" percent="84">
    <mem type="allocate" free="20234968" total="21430272" percent="94" />
    <mem type="survivor" free="0" total="2424832" percent="0" />
  </mem>
  <mem type="tenure" free="0" total="3538944" percent="0" micro-fragmented="0" macro-fragmented="0">
    <mem type="soa" free="0" total="3538944" percent="0" />
    <mem type="loa" free="0" total="0" percent="0" />
  </mem>
  <remembered-set count="7768" />
</mem-info>
<gc-op id="1459" type="compact" timems="4.020" contextid="1432" timestamp="2019-06-17T06:04:35.570">
  <compact-info movecount="24841" movebytes="1009584" reason="compact to aid heap contraction" />
</gc-op>
<gc-end id="1460" type="global" contextid="1432" durationms="9.870" usertimems="16.000" systemtimems="0.000" timestamp="2019-06-17T06:04:35.571" activeThreads="4">
  <mem-info id="1461" free="20288928" total="27394048" percent="74">
    <mem type="nursery" free="20288928" total="23855104" percent="85">
      <mem type="allocate" free="20288928" total="21430272" percent="94" />
      <mem type="survivor" free="0" total="2424832" percent="0" />
    </mem>
    <mem type="tenure" free="0" total="3538944" percent="0">
      <mem type="soa" free="0" total="3538944" percent="0" />
      <mem type="loa" free="0" total="0" percent="0" />
    </mem>
    <remembered-set count="7768" />
  </mem-info>
</gc-end>
<cycle-end id="1462" type="global" contextid="1432" timestamp="2019-06-17T06:04:35.571" />
  <attribute name="elasticGC enabled" value="1" />
  <attribute name= "numThreadsSpecified" value="4" />
  <attribute name="heapSize specified" value="27394048" />
  <attribute name="Current GC Util" value="209" />
  <attribute name= "Current Time Running" value="2043" />
  <attribute name ="GC Interval" value="200" />
  <attribute name="ProportionalT" value="189.000000" />
  <attribute name="ProportionalI" value="189.000000" />
  <attribute name="ProportionalH" value="189.000000" />
  <attribute name="Current Error" value="189.000000" />
  <attribute name="IntegralT" value="756.000000" />
  <attribute name="IntegralI" value="756.000000" />
  <attribute name="IntegralH" value="756.000000" />
  <attribute name="DerivativeT" value="3.250000" />
  <attribute name="DerivativeI" value="3.250000" />
  <attribute name="DerivativeH" value="3.250000" />
  <attribute name="Loop Time for DT" value="4.000000" />
  <attribute name="Output H" value="8388608"/>
  <attribute name="Output I" value="952"/>
  <attribute name="Output T" value="4"/>
  <attribute name="Target GC Util Change" value ="20.000000" />
  <attribute name="Current GC Util Change" value="209.000000"/>
  <attribute name="GC Util currently" value="209" />
  <attribute name="CPU Util currently" value="1108466720292" />
<allocation-satisfied id="1463" threadId="0000000001CD4500" bytesRequested="40" />
<af-end id="1464" timestamp="2019-06-17T06:04:35.571" threadId="0000000001CD4E88" success="true" from="nursery"/>
<exclusive-end id="1465" timestamp="2019-06-17T06:04:35.571" durationms="10.883" />

<concurrent-kickoff id="1466" timestamp="2019-06-17T06:04:35.584">
  <kickoff reason="threshold reached" targetBytes="1222160" thresholdFreeBytes="172998"  remainingFree="103800" tenureFreeBytes="0" nurseryFreeBytes="103800" />
</concurrent-kickoff>
<exclusive-start id="1467" timestamp="2019-06-17T06:04:35.584" intervalms="23.502">
  <response-info timems="0.125" idlems="0.078" threads="1" lastid="0000000001CD0900" lastname="Thread-7" />
</exclusive-start>
<cycle-start id="1468" type="global" contextid="0" timestamp="2019-06-17T06:04:35.584" intervalms="40.858" />
<exclusive-end id="1469" timestamp="2019-06-17T06:04:35.584" durationms="0.181" />

<exclusive-start id="1470" timestamp="2019-06-17T06:04:35.584" intervalms="0.313">
  <response-info timems="0.022" idlems="0.022" threads="0" lastid="0000000001CD8100" lastname="Thread-10" />
</exclusive-start>
<af-start id="1471" threadId="0000000001CD8A88" totalBytesRequested="40" timestamp="2019-06-17T06:04:35.584" intervalms="23.734" type="nursery" />
<cycle-start id="1472" type="scavenge" contextid="0" timestamp="2019-06-17T06:04:35.585" intervalms="40.733" />
<gc-start id="1473" type="scavenge" contextid="1472" timestamp="2019-06-17T06:04:35.585">
  <mem-info id="1474" free="0" total="27394048" percent="0">
    <mem type="nursery" free="0" total="23855104" percent="0">
      <mem type="allocate" free="0" total="21430272" percent="0" />
      <mem type="survivor" free="0" total="2424832" percent="0" />
    </mem>
    <mem type="tenure" free="0" total="3538944" percent="0">
      <mem type="soa" free="0" total="3538944" percent="0" />
      <mem type="loa" free="0" total="0" percent="0" />
    </mem>
    <remembered-set count="7974" />
  </mem-info>
</gc-start>
<allocation-stats totalBytes="20286184" >
  <allocated-bytes non-tlh="40" tlh="20286144" />
  <largest-consumer threadName="Thread-7" threadId="0000000001CD0900" bytes="6388960" />
</allocation-stats>
<gc-op id="1475" type="scavenge" timems="1.677" contextid="1472" timestamp="2019-06-17T06:04:35.587">
  <scavenger-info tenureage="3" tenuremask="40f8" tiltratio="89" />
  <memory-copied type="nursery" objects="32229" bytes="1186864" bytesdiscarded="97712" />
  <copy-failed type="tenure" objects="17406" bytes="692496" />
  <ownableSynchronizers candidates="6" cleared="6" />
</gc-op>
<gc-end id="1476" type="scavenge" contextid="1472" durationms="1.979" usertimems="4.000" systemtimems="0.000" timestamp="2019-06-17T06:04:35.587" activeThreads="4">
  <mem-info id="1477" free="20145696" total="27394048" percent="73">
    <mem type="nursery" free="20145696" total="23855104" percent="84">
      <mem type="allocate" free="20145696" total="21430272" percent="94" />
      <mem type="survivor" free="0" total="2424832" percent="0" />
    </mem>
    <mem type="tenure" free="0" total="3538944" percent="0">
      <mem type="soa" free="0" total="3538944" percent="0" />
      <mem type="loa" free="0" total="0" percent="0" />
    </mem>
    <remembered-set count="7974" />
  </mem-info>
</gc-end>
<cycle-end id="1478" type="scavenge" contextid="1472" timestamp="2019-06-17T06:04:35.587" />
  <attribute name="elasticGC enabled" value="1" />
  <attribute name= "numThreadsSpecified" value="4" />
  <attribute name="heapSize specified" value="27394048" />
  <attribute name="Current GC Util" value="58" />
  <attribute name= "Current Time Running" value="2057" />
  <attribute name ="GC Interval" value="560" />
  <attribute name="ProportionalT" value="38.000000" />
  <attribute name="ProportionalI" value="38.000000" />
  <attribute name="ProportionalH" value="38.000000" />
  <attribute name="Current Error" value="38.000000" />
  <attribute name="IntegralT" value="532.000000" />
  <attribute name="IntegralI" value="532.000000" />
  <attribute name="IntegralH" value="532.000000" />
  <attribute name="DerivativeT" value="-10.785714" />
  <attribute name="DerivativeI" value="-10.785714" />
  <attribute name="DerivativeH" value="-10.785714" />
  <attribute name="Loop Time for DT" value="14.000000" />
  <attribute name="Output H" value="8388608"/>
  <attribute name="Output I" value="560"/>
  <attribute name="Output T" value="4"/>
  <attribute name="Target GC Util Change" value ="20.000000" />
  <attribute name="Current GC Util Change" value="58.000000"/>
  <attribute name="GC Util currently" value="58" />
  <attribute name="CPU Util currently" value="323176749722" />
<allocation-satisfied id="1479" threadId="0000000001CD8100" bytesRequested="40" />
<af-end id="1480" timestamp="2019-06-17T06:04:35.587" threadId="0000000001CD8A88" success="true" from="nursery"/>
<exclusive-end id="1481" timestamp="2019-06-17T06:04:35.587" durationms="2.533" />

<exclusive-start id="1482" timestamp="2019-06-17T06:04:35.602" intervalms="17.950">
  <response-info timems="0.022" idlems="0.022" threads="0" lastid="0000000001CD0900" lastname="Thread-7" />
</exclusive-start>
<af-start id="1483" threadId="0000000001CD1288" totalBytesRequested="40" timestamp="2019-06-17T06:04:35.602" intervalms="17.985" type="nursery" />
<percolate-collect id="1484" from="nursery" to="global" reason="failed tenure threshold reached" timestamp="2019-06-17T06:04:35.603"/>
<gc-start id="1485" type="global" contextid="1468" timestamp="2019-06-17T06:04:35.603">
  <mem-info id="1486" free="0" total="27394048" percent="0">
    <mem type="nursery" free="0" total="23855104" percent="0">
      <mem type="allocate" free="0" total="21430272" percent="0" />
      <mem type="survivor" free="0" total="2424832" percent="0" />
    </mem>
    <mem type="tenure" free="0" total="3538944" percent="0">
      <mem type="soa" free="0" total="3538944" percent="0" />
      <mem type="loa" free="0" total="0" percent="0" />
    </mem>
    <remembered-set count="8211" />
  </mem-info>
</gc-start>
<allocation-stats totalBytes="20143440" >
  <allocated-bytes non-tlh="40" tlh="20143400" />
  <largest-consumer threadName="Thread-8" threadId="0000000001CCCD00" bytes="5602680" />
</allocation-stats>
<concurrent-halted id="1487" timestamp="2019-06-17T06:04:35.603">
  <halted state="Class scanning incomplete" status="clean trace" />
  <traced bytesTarget="1222160" bytesTotal="1393060" bytesByMutator="696828" bytesByHelper="696232" percent="113" />
  <cards cleaned="58" thresholdBytes="68150" />
</concurrent-halted>
<gc-op id="1488" type="tracing" timems="0.142" contextid="1468" timestamp="2019-06-17T06:04:35.603">
  <trace bytesTraced="3072" workStackOverflowCount="0" />
</gc-op>
<gc-op id="1489" type="rs-scan" timems="0.355" contextid="1468" timestamp="2019-06-17T06:04:35.603">
  <scan objectsFound="3797" bytesTraced="293204" workStackOverflowCount="0" />
</gc-op>
<gc-op id="1490" type="card-cleaning" timems="0.093" contextid="1468" timestamp="2019-06-17T06:04:35.604">
  <card-cleaning cardsCleaned="35" bytesTraced="26704" workStackOverflowCount="0" />
</gc-op>
<gc-op id="1491" type="mark" timems="1.371" contextid="1468" timestamp="2019-06-17T06:04:35.605">
  <trace-info objectcount="20842" scancount="20810" scanbytes="913476" />
  <finalization candidates="124" enqueued="0" />
  <ownableSynchronizers candidates="3" cleared="0" />
  <references type="soft" candidates="84" cleared="0" enqueued="0" dynamicThreshold="0" maxThreshold="32" />
  <references type="weak" candidates="692" cleared="0" enqueued="0" />
  <references type="phantom" candidates="36" cleared="0" enqueued="0" />
  <stringconstants candidates="4597" cleared="0"  />
</gc-op>
<gc-op id="1492" type="classunload" timems="0.003" contextid="1468" timestamp="2019-06-17T06:04:35.605">
  <classunload-info classloadercandidates="8" classloadersunloaded="0" classesunloaded="0" anonymousclassesunloaded="0" quiescems="0.000" setupms="0.002" scanms="0.001" postms="0.000" />
</gc-op>
<gc-op id="1493" type="sweep" timems="0.332" contextid="1468" timestamp="2019-06-17T06:04:35.606" />
<mem-info id="1494" free="20489480" total="27394048" percent="74">
  <mem type="nursery" free="20227376" total="23855104" percent="84">
    <mem type="allocate" free="20227376" total="21430272" percent="94" />
    <mem type="survivor" free="0" total="2424832" percent="0" />
  </mem>
  <mem type="tenure" free="262104" total="3538944" percent="7" micro-fragmented="6179" macro-fragmented="0">
    <mem type="soa" free="262104" total="3538944" percent="7" />
    <mem type="loa" free="0" total="0" percent="0" />
  </mem>
  <remembered-set count="4041" />
</mem-info>
<gc-op id="1495" type="compact" timems="5.246" contextid="1468" timestamp="2019-06-17T06:04:35.611">
  <compact-info movecount="29637" movebytes="1261968" reason="compact to aid heap contraction" />
</gc-op>
<heap-resize id="1496" type="expand" space="tenure" amount="2065235968" count="1" timems="0.019" reason="satisfy allocation request" timestamp="2019-06-17T06:04:35.611" />
<gc-end id="1497" type="global" contextid="1468" durationms="8.748" usertimems="4.000" systemtimems="4.000" timestamp="2019-06-17T06:04:35.611" activeThreads="4">
  <mem-info id="1498" free="2085932096" total="2092630016" percent="99">
    <mem type="nursery" free="20430192" total="23855104" percent="85">
      <mem type="allocate" free="20430192" total="21430272" percent="95" />
      <mem type="survivor" free="0" total="2424832" percent="0" />
    </mem>
    <mem type="tenure" free="2065501904" total="2068774912" percent="99">
      <mem type="soa" free="2065501904" total="2068774912" percent="99" />
      <mem type="loa" free="0" total="0" percent="0" />
    </mem>
    <remembered-set count="4041" />
  </mem-info>
</gc-end>
<cycle-end id="1499" type="global" contextid="1468" timestamp="2019-06-17T06:04:35.611" />
  <attribute name="elasticGC enabled" value="1" />
  <attribute name= "numThreadsSpecified" value="4" />
  <attribute name="heapSize specified" value="27394048" />
  <attribute name="Current GC Util" value="0" />
  <attribute name= "Current Time Running" value="2083" />
  <attribute name ="GC Interval" value="560" />
  <attribute name="ProportionalT" value="-20.000000" />
  <attribute name="ProportionalI" value="-20.000000" />
  <attribute name="ProportionalH" value="-20.000000" />
  <attribute name="Current Error" value="-20.000000" />
  <attribute name="IntegralT" value="-100.000000" />
  <attribute name="IntegralI" value="-100.000000" />
  <attribute name="IntegralH" value="-100.000000" />
  <attribute name="DerivativeT" value="-9.000000" />
  <attribute name="DerivativeI" value="-9.000000" />
  <attribute name="DerivativeH" value="-9.000000" />
  <attribute name="Loop Time for DT" value="5.000000" />
  <attribute name="Output H" value="2092630016"/>
  <attribute name="Output I" value="200"/>
  <attribute name="Output T" value="4"/>
  <attribute name="Target GC Util Change" value ="20.000000" />
  <attribute name="Current GC Util Change" value="0.000000"/>
  <attribute name="GC Util currently" value="0" />
  <attribute name="CPU Util currently" value="863469639897" />
<allocation-satisfied id="1500" threadId="0000000001CD0900" bytesRequested="40" />
<af-end id="1501" timestamp="2019-06-17T06:04:35.612" threadId="0000000001CD1288" success="true" from="nursery"/>
<exclusive-end id="1502" timestamp="2019-06-17T06:04:35.612" durationms="9.400" />

<exclusive-start id="1503" timestamp="2019-06-17T06:04:35.624" intervalms="21.273">
  <response-info timems="0.033" idlems="0.033" threads="0" lastid="0000000001CD4500" lastname="Thread-9" />
</exclusive-start>
<af-start id="1504" threadId="0000000001CD4E88" totalBytesRequested="40" timestamp="2019-06-17T06:04:35.624" intervalms="21.291" type="nursery" />
<cycle-start id="1505" type="scavenge" contextid="0" timestamp="2019-06-17T06:04:35.624" intervalms="39.282" />
<gc-start id="1506" type="scavenge" contextid="1505" timestamp="2019-06-17T06:04:35.624">
  <mem-info id="1507" free="2065501904" total="2092630016" percent="98">
    <mem type="nursery" free="0" total="23855104" percent="0">
      <mem type="allocate" free="0" total="21430272" percent="0" />
      <mem type="survivor" free="0" total="2424832" percent="0" />
    </mem>
    <mem type="tenure" free="2065501904" total="2068774912" percent="99">
      <mem type="soa" free="2065501904" total="2068774912" percent="99" />
      <mem type="loa" free="0" total="0" percent="0" />
    </mem>
    <remembered-set count="4284" />
  </mem-info>
</gc-start>
<allocation-stats totalBytes="20427608" >
  <allocated-bytes non-tlh="40" tlh="20427568" />
  <largest-consumer threadName="Thread-8" threadId="0000000001CCCD00" bytes="6371952" />
</allocation-stats>
<gc-op id="1508" type="scavenge" timems="1.621" contextid="1505" timestamp="2019-06-17T06:04:35.626">
  <scavenger-info tenureage="3" tenuremask="41f8" tiltratio="89" />
  <memory-copied type="nursery" objects="16253" bytes="666096" bytesdiscarded="133392" />
  <memory-copied type="tenure" objects="9962" bytes="376464" bytesdiscarded="24" />
  <ownableSynchronizers candidates="6" cleared="6" />
</gc-op>
<gc-end id="1509" type="scavenge" contextid="1505" durationms="1.990" usertimems="4.000" systemtimems="0.000" timestamp="2019-06-17T06:04:35.626" activeThreads="4">
  <mem-info id="1510" free="2085512144" total="2092630016" percent="99">
    <mem type="nursery" free="20630784" total="23855104" percent="86">
      <mem type="allocate" free="20630784" total="21430272" percent="96" />
      <mem type="survivor" free="0" total="2424832" percent="0" />
    </mem>
    <mem type="tenure" free="2064881360" total="2068774912" percent="99">
      <mem type="soa" free="2064881360" total="2068774912" percent="99" />
      <mem type="loa" free="0" total="0" percent="0" />
    </mem>
    <remembered-set count="2841" />
  </mem-info>
</gc-end>
<cycle-end id="1511" type="scavenge" contextid="1505" timestamp="2019-06-17T06:04:35.626" />
  <attribute name="elasticGC enabled" value="1" />
  <attribute name= "numThreadsSpecified" value="4" />
  <attribute name="heapSize specified" value="27394048" />
  <attribute name="Current GC Util" value="119" />
  <attribute name= "Current Time Running" value="2096" />
  <attribute name ="GC Interval" value="1400" />
  <attribute name="ProportionalT" value="99.000000" />
  <attribute name="ProportionalI" value="99.000000" />
  <attribute name="ProportionalH" value="99.000000" />
  <attribute name="Current Error" value="99.000000" />
  <attribute name="IntegralT" value="1287.000000" />
  <attribute name="IntegralI" value="1287.000000" />
  <attribute name="IntegralH" value="1287.000000" />
  <attribute name="DerivativeT" value="7.615385" />
  <attribute name="DerivativeI" value="7.615385" />
  <attribute name="DerivativeH" value="7.615385" />
  <attribute name="Loop Time for DT" value="13.000000" />
  <attribute name="Output H" value="8388608"/>
  <attribute name="Output I" value="1400"/>
  <attribute name="Output T" value="4"/>
  <attribute name="Target GC Util Change" value ="20.000000" />
  <attribute name="Current GC Util Change" value="119.000000"/>
  <attribute name="GC Util currently" value="119" />
  <attribute name="CPU Util currently" value="353305303744" />
<allocation-satisfied id="1512" threadId="0000000001CD4500" bytesRequested="40" />
<af-end id="1513" timestamp="2019-06-17T06:04:35.626" threadId="0000000001CD4E88" success="true" from="nursery"/>
<exclusive-end id="1514" timestamp="2019-06-17T06:04:35.626" durationms="2.807" />

<exclusive-start id="1515" timestamp="2019-06-17T06:04:35.638" intervalms="14.581">
  <response-info timems="0.025" idlems="0.025" threads="0" lastid="0000000001CCCD00" lastname="Thread-8" />
</exclusive-start>
<af-start id="1516" threadId="0000000001CCD688" totalBytesRequested="40" timestamp="2019-06-17T06:04:35.638" intervalms="14.576" type="nursery" />
<cycle-start id="1517" type="scavenge" contextid="0" timestamp="2019-06-17T06:04:35.638" intervalms="14.599" />
<gc-start id="1518" type="scavenge" contextid="1517" timestamp="2019-06-17T06:04:35.639">
  <mem-info id="1519" free="2064881360" total="2092630016" percent="98">
    <mem type="nursery" free="0" total="23855104" percent="0">
      <mem type="allocate" free="0" total="21430272" percent="0" />
      <mem type="survivor" free="0" total="2424832" percent="0" />
    </mem>
    <mem type="tenure" free="2064881360" total="2068774912" percent="99">
      <mem type="soa" free="2064881360" total="2068774912" percent="99" />
      <mem type="loa" free="0" total="0" percent="0" />
    </mem>
    <remembered-set count="3222" />
  </mem-info>
</gc-start>
<allocation-stats totalBytes="20628296" >
  <allocated-bytes non-tlh="40" tlh="20628256" />
  <largest-consumer threadName="Thread-7" threadId="0000000001CD0900" bytes="5602616" />
</allocation-stats>
<gc-op id="1520" type="scavenge" timems="1.578" contextid="1517" timestamp="2019-06-17T06:04:35.640">
  <scavenger-info tenureage="14" tenuremask="4000" tiltratio="89" />
  <memory-copied type="nursery" objects="23870" bytes="985912" bytesdiscarded="148280" />
</gc-op>
<gc-end id="1521" type="scavenge" contextid="1517" durationms="1.857" usertimems="0.000" systemtimems="0.000" timestamp="2019-06-17T06:04:35.640" activeThreads="4">
  <mem-info id="1522" free="2085177440" total="2092630016" percent="99">
    <mem type="nursery" free="20296080" total="23855104" percent="85">
      <mem type="allocate" free="20296080" total="21430272" percent="94" />
      <mem type="survivor" free="0" total="2424832" percent="0" />
    </mem>
    <mem type="tenure" free="2064881360" total="2068774912" percent="99">
      <mem type="soa" free="2064881360" total="2068774912" percent="99" />
      <mem type="loa" free="0" total="0" percent="0" />
    </mem>
    <remembered-set count="3222" />
  </mem-info>
</gc-end>
<cycle-end id="1523" type="scavenge" contextid="1517" timestamp="2019-06-17T06:04:35.640" />
  <attribute name="elasticGC enabled" value="1" />
  <attribute name= "numThreadsSpecified" value="4" />
  <attribute name="heapSize specified" value="27394048" />
  <attribute name="Current GC Util" value="27" />
  <attribute name= "Current Time Running" value="2111" />
  <attribute name ="GC Interval" value="200" />
  <attribute name="ProportionalT" value="7.000000" />
  <attribute name="ProportionalI" value="7.000000" />
  <attribute name="ProportionalH" value="7.000000" />
  <attribute name="Current Error" value="7.000000" />
  <attribute name="IntegralT" value="105.000000" />
  <attribute name="IntegralI" value="105.000000" />
  <attribute name="IntegralH" value="105.000000" />
  <attribute name="DerivativeT" value="-6.133333" />
  <attribute name="DerivativeI" value="-6.133333" />
  <attribute name="DerivativeH" value="-6.133333" />
  <attribute name="Loop Time for DT" value="15.000000" />
  <attribute name="Output H" value="8388608"/>
  <attribute name="Output I" value="200"/>
  <attribute name="Output T" value="4"/>
  <attribute name="Target GC Util Change" value ="20.000000" />
  <attribute name="Current GC Util Change" value="27.000000"/>
  <attribute name="GC Util currently" value="27" />
  <attribute name="CPU Util currently" value="318408341772" />
<allocation-satisfied id="1524" threadId="0000000001CCCD00" bytesRequested="40" />
<af-end id="1525" timestamp="2019-06-17T06:04:35.641" threadId="0000000001CCD688" success="true" from="nursery"/>
<exclusive-end id="1526" timestamp="2019-06-17T06:04:35.641" durationms="2.535" />

<exclusive-start id="1527" timestamp="2019-06-17T06:04:35.653" intervalms="14.903">
  <response-info timems="0.024" idlems="0.024" threads="0" lastid="0000000001CD8100" lastname="Thread-10" />
</exclusive-start>
<af-start id="1528" threadId="0000000001CD8A88" totalBytesRequested="40" timestamp="2019-06-17T06:04:35.653" intervalms="14.896" type="nursery" />
<cycle-start id="1529" type="scavenge" contextid="0" timestamp="2019-06-17T06:04:35.653" intervalms="14.885" />
<gc-start id="1530" type="scavenge" contextid="1529" timestamp="2019-06-17T06:04:35.653">
  <mem-info id="1531" free="2064881360" total="2092630016" percent="98">
    <mem type="nursery" free="0" total="23855104" percent="0">
      <mem type="allocate" free="0" total="21430272" percent="0" />
      <mem type="survivor" free="0" total="2424832" percent="0" />
    </mem>
    <mem type="tenure" free="2064881360" total="2068774912" percent="99">
      <mem type="soa" free="2064881360" total="2068774912" percent="99" />
      <mem type="loa" free="0" total="0" percent="0" />
    </mem>
    <remembered-set count="3498" />
  </mem-info>
</gc-start>
<allocation-stats totalBytes="20293856" >
  <allocated-bytes non-tlh="40" tlh="20293816" />
  <largest-consumer threadName="Thread-8" threadId="0000000001CCCD00" bytes="5602824" />
</allocation-stats>
<gc-op id="1532" type="scavenge" timems="1.803" contextid="1529" timestamp="2019-06-17T06:04:35.655">
  <scavenger-info tenureage="3" tenuremask="4008" tiltratio="89" />
  <memory-copied type="nursery" objects="19132" bytes="734808" bytesdiscarded="175896" />
  <memory-copied type="tenure" objects="6875" bytes="302376" bytesdiscarded="48" />
</gc-op>
<gc-end id="1533" type="scavenge" contextid="1529" durationms="2.209" usertimems="4.000" systemtimems="0.000" timestamp="2019-06-17T06:04:35.656" activeThreads="4">
  <mem-info id="1534" free="2085090656" total="2092630016" percent="99">
    <mem type="nursery" free="20519568" total="23855104" percent="86">
      <mem type="allocate" free="20519568" total="21430272" percent="95" />
      <mem type="survivor" free="0" total="2424832" percent="0" />
    </mem>
    <mem type="tenure" free="2064571088" total="2068774912" percent="99">
      <mem type="soa" free="2064571088" total="2068774912" percent="99" />
      <mem type="loa" free="0" total="0" percent="0" />
    </mem>
    <remembered-set count="4723" />
  </mem-info>
</gc-end>
<cycle-end id="1535" type="scavenge" contextid="1529" timestamp="2019-06-17T06:04:35.656" />
  <attribute name="elasticGC enabled" value="1" />
  <attribute name= "numThreadsSpecified" value="4" />
  <attribute name="heapSize specified" value="27394048" />
  <attribute name="Current GC Util" value="26" />
  <attribute name= "Current Time Running" value="2126" />
  <attribute name ="GC Interval" value="200" />
  <attribute name="ProportionalT" value="6.000000" />
  <attribute name="ProportionalI" value="6.000000" />
  <attribute name="ProportionalH" value="6.000000" />
  <attribute name="Current Error" value="6.000000" />
  <attribute name="IntegralT" value="90.000000" />
  <attribute name="IntegralI" value="90.000000" />
  <attribute name="IntegralH" value="90.000000" />
  <attribute name="DerivativeT" value="-0.066667" />
  <attribute name="DerivativeI" value="-0.066667" />
  <attribute name="DerivativeH" value="-0.066667" />
  <attribute name="Loop Time for DT" value="15.000000" />
  <attribute name="Output H" value="8388608"/>
  <attribute name="Output I" value="200"/>
  <attribute name="Output T" value="4"/>
  <attribute name="Target GC Util Change" value ="20.000000" />
  <attribute name="Current GC Util Change" value="26.000000"/>
  <attribute name="GC Util currently" value="26" />
  <attribute name="CPU Util currently" value="307094785682" />
<allocation-satisfied id="1536" threadId="0000000001CD8100" bytesRequested="40" />
<af-end id="1537" timestamp="2019-06-17T06:04:35.656" threadId="0000000001CD8A88" success="true" from="nursery"/>
<exclusive-end id="1538" timestamp="2019-06-17T06:04:35.656" durationms="3.016" />

<exclusive-start id="1539" timestamp="2019-06-17T06:04:35.669" intervalms="15.846">
  <response-info timems="0.025" idlems="0.025" threads="0" lastid="0000000001CD0900" lastname="Thread-7" />
</exclusive-start>
<af-start id="1540" threadId="0000000001CD1288" totalBytesRequested="40" timestamp="2019-06-17T06:04:35.669" intervalms="15.839" type="nursery" />
<cycle-start id="1541" type="scavenge" contextid="0" timestamp="2019-06-17T06:04:35.669" intervalms="15.813" />
<gc-start id="1542" type="scavenge" contextid="1541" timestamp="2019-06-17T06:04:35.669">
  <mem-info id="1543" free="2064571088" total="2092630016" percent="98">
    <mem type="nursery" free="0" total="23855104" percent="0">
      <mem type="allocate" free="0" total="21430272" percent="0" />
      <mem type="survivor" free="0" total="2424832" percent="0" />
    </mem>
    <mem type="tenure" free="2064571088" total="2068774912" percent="99">
      <mem type="soa" free="2064571088" total="2068774912" percent="99" />
      <mem type="loa" free="0" total="0" percent="0" />
    </mem>
    <remembered-set count="5374" />
  </mem-info>
</gc-start>
<allocation-stats totalBytes="20516744" >
  <allocated-bytes non-tlh="40" tlh="20516704" />
  <largest-consumer threadName="Thread-8" threadId="0000000001CCCD00" bytes="5602464" />
</allocation-stats>
<gc-op id="1544" type="scavenge" timems="0.630" contextid="1541" timestamp="2019-06-17T06:04:35.670">
  <scavenger-info tenureage="3" tenuremask="4008" tiltratio="89" />
  <memory-copied type="nursery" objects="13351" bytes="458856" bytesdiscarded="192408" />
  <memory-copied type="tenure" objects="8220" bytes="334656" bytesdiscarded="0" />
</gc-op>
<gc-end id="1545" type="scavenge" contextid="1541" durationms="1.083" usertimems="4.000" systemtimems="0.000" timestamp="2019-06-17T06:04:35.670" activeThreads="4">
  <mem-info id="1546" free="2085039824" total="2092630016" percent="99">
    <mem type="nursery" free="20779008" total="23855104" percent="87">
      <mem type="allocate" free="20779008" total="21430272" percent="96" />
      <mem type="survivor" free="0" total="2424832" percent="0" />
    </mem>
    <mem type="tenure" free="2064260816" total="2068774912" percent="99">
      <mem type="soa" free="2064260816" total="2068774912" percent="99" />
      <mem type="loa" free="0" total="0" percent="0" />
    </mem>
    <remembered-set count="4997" />
  </mem-info>
</gc-end>
<cycle-end id="1547" type="scavenge" contextid="1541" timestamp="2019-06-17T06:04:35.670" />
  <attribute name="elasticGC enabled" value="1" />
  <attribute name= "numThreadsSpecified" value="4" />
  <attribute name="heapSize specified" value="27394048" />
  <attribute name="Current GC Util" value="24" />
  <attribute name= "Current Time Running" value="2142" />
  <attribute name ="GC Interval" value="200" />
  <attribute name="ProportionalT" value="4.000000" />
  <attribute name="ProportionalI" value="4.000000" />
  <attribute name="ProportionalH" value="4.000000" />
  <attribute name="Current Error" value="4.000000" />
  <attribute name="IntegralT" value="64.000000" />
  <attribute name="IntegralI" value="64.000000" />
  <attribute name="IntegralH" value="64.000000" />
  <attribute name="DerivativeT" value="-0.125000" />
  <attribute name="DerivativeI" value="-0.125000" />
  <attribute name="DerivativeH" value="-0.125000" />
  <attribute name="Loop Time for DT" value="16.000000" />
  <attribute name="Output H" value="8388608"/>
  <attribute name="Output I" value="200"/>
  <attribute name="Output T" value="4"/>
  <attribute name="Target GC Util Change" value ="20.000000" />
  <attribute name="Current GC Util Change" value="24.000000"/>
  <attribute name="GC Util currently" value="24" />
  <attribute name="CPU Util currently" value="293043672514" />
<allocation-satisfied id="1548" threadId="0000000001CD0900" bytesRequested="40" />
<af-end id="1549" timestamp="2019-06-17T06:04:35.671" threadId="0000000001CD1288" success="true" from="nursery"/>
<exclusive-end id="1550" timestamp="2019-06-17T06:04:35.671" durationms="1.690" />

<exclusive-start id="1551" timestamp="2019-06-17T06:04:35.685" intervalms="16.183">
  <response-info timems="0.514" idlems="0.266" threads="1" lastid="0000000001CCCD00" lastname="Thread-8" />
</exclusive-start>
<af-start id="1552" threadId="0000000001CD1288" totalBytesRequested="40" timestamp="2019-06-17T06:04:35.685" intervalms="16.176" type="nursery" />
<cycle-start id="1553" type="scavenge" contextid="0" timestamp="2019-06-17T06:04:35.685" intervalms="16.175" />
<gc-start id="1554" type="scavenge" contextid="1553" timestamp="2019-06-17T06:04:35.685">
  <mem-info id="1555" free="2064260816" total="2092630016" percent="98">
    <mem type="nursery" free="0" total="23855104" percent="0">
      <mem type="allocate" free="0" total="21430272" percent="0" />
      <mem type="survivor" free="0" total="2424832" percent="0" />
    </mem>
    <mem type="tenure" free="2064260816" total="2068774912" percent="99">
      <mem type="soa" free="2064260816" total="2068774912" percent="99" />
      <mem type="loa" free="0" total="0" percent="0" />
    </mem>
    <remembered-set count="6160" />
  </mem-info>
</gc-start>
<allocation-stats totalBytes="20776600" >
  <allocated-bytes non-tlh="40" tlh="20776560" />
  <largest-consumer threadName="Thread-10" threadId="0000000001CD8100" bytes="5733568" />
</allocation-stats>
<gc-op id="1556" type="scavenge" timems="0.665" contextid="1553" timestamp="2019-06-17T06:04:35.686">
  <scavenger-info tenureage="3" tenuremask="4048" tiltratio="89" />
  <memory-copied type="nursery" objects="12775" bytes="445000" bytesdiscarded="236984" />
  <memory-copied type="tenure" objects="8638" bytes="344688" bytesdiscarded="0" />
</gc-op>
<gc-end id="1557" type="scavenge" contextid="1553" durationms="1.116" usertimems="4.000" systemtimems="0.000" timestamp="2019-06-17T06:04:35.687" activeThreads="4">
  <mem-info id="1558" free="2084514512" total="2092630016" percent="99">
    <mem type="nursery" free="20748288" total="23855104" percent="86">
      <mem type="allocate" free="20748288" total="21430272" percent="96" />
      <mem type="survivor" free="0" total="2424832" percent="0" />
    </mem>
    <mem type="tenure" free="2063766224" total="2068774912" percent="99">
      <mem type="soa" free="2063766224" total="2068774912" percent="99" />
      <mem type="loa" free="0" total="0" percent="0" />
    </mem>
    <remembered-set count="6685" />
  </mem-info>
</gc-end>
<cycle-end id="1559" type="scavenge" contextid="1553" timestamp="2019-06-17T06:04:35.687" />
  <attribute name="elasticGC enabled" value="1" />
  <attribute name= "numThreadsSpecified" value="4" />
  <attribute name="heapSize specified" value="27394048" />
  <attribute name="Current GC Util" value="13" />
  <attribute name= "Current Time Running" value="2158" />
  <attribute name ="GC Interval" value="200" />
  <attribute name="ProportionalT" value="-7.000000" />
  <attribute name="ProportionalI" value="-7.000000" />
  <attribute name="ProportionalH" value="-7.000000" />
  <attribute name="Current Error" value="-7.000000" />
  <attribute name="IntegralT" value="-112.000000" />
  <attribute name="IntegralI" value="-112.000000" />
  <attribute name="IntegralH" value="-112.000000" />
  <attribute name="DerivativeT" value="-0.687500" />
  <attribute name="DerivativeI" value="-0.687500" />
  <attribute name="DerivativeH" value="-0.687500" />
  <attribute name="Loop Time for DT" value="16.000000" />
  <attribute name="Output H" value="2092630016"/>
  <attribute name="Output I" value="200"/>
  <attribute name="Output T" value="4"/>
  <attribute name="Target GC Util Change" value ="20.000000" />
  <attribute name="Current GC Util Change" value="13.000000"/>
  <attribute name="GC Util currently" value="13" />
  <attribute name="CPU Util currently" value="285257316535" />
<allocation-satisfied id="1560" threadId="0000000001CD0900" bytesRequested="40" />
<af-end id="1561" timestamp="2019-06-17T06:04:35.687" threadId="0000000001CD1288" success="true" from="nursery"/>
<exclusive-end id="1562" timestamp="2019-06-17T06:04:35.687" durationms="1.712" />

<exclusive-start id="1563" timestamp="2019-06-17T06:04:35.715" intervalms="29.443">
  <response-info timems="0.025" idlems="0.025" threads="0" lastid="0000000001CCCD00" lastname="Thread-8" />
</exclusive-start>
<af-start id="1564" threadId="0000000001CCD688" totalBytesRequested="24" timestamp="2019-06-17T06:04:35.715" intervalms="29.490" type="nursery" />
<cycle-start id="1565" type="scavenge" contextid="0" timestamp="2019-06-17T06:04:35.715" intervalms="29.504" />
<gc-start id="1566" type="scavenge" contextid="1565" timestamp="2019-06-17T06:04:35.715">
  <mem-info id="1567" free="2063766224" total="2092630016" percent="98">
    <mem type="nursery" free="0" total="23855104" percent="0">
      <mem type="allocate" free="0" total="21430272" percent="0" />
      <mem type="survivor" free="0" total="2424832" percent="0" />
    </mem>
    <mem type="tenure" free="2063766224" total="2068774912" percent="99">
      <mem type="soa" free="2063766224" total="2068774912" percent="99" />
      <mem type="loa" free="0" total="0" percent="0" />
    </mem>
    <remembered-set count="8451" />
  </mem-info>
</gc-start>
<allocation-stats totalBytes="20745752" >
  <allocated-bytes non-tlh="40" tlh="20745712" />
  <largest-consumer threadName="Thread-7" threadId="0000000001CD0900" bytes="6651192" />
</allocation-stats>
<gc-op id="1568" type="scavenge" timems="1.113" contextid="1565" timestamp="2019-06-17T06:04:35.716">
  <scavenger-info tenureage="14" tenuremask="4000" tiltratio="89" />
  <memory-copied type="nursery" objects="15072" bytes="500280" bytesdiscarded="171984" />
</gc-op>
<gc-end id="1569" type="scavenge" contextid="1565" durationms="1.431" usertimems="4.000" systemtimems="0.000" timestamp="2019-06-17T06:04:35.716" activeThreads="4">
  <mem-info id="1570" free="2084524232" total="2092630016" percent="99">
    <mem type="nursery" free="20758008" total="23855104" percent="87">
      <mem type="allocate" free="20758008" total="21430272" percent="96" />
      <mem type="survivor" free="0" total="2424832" percent="0" />
    </mem>
    <mem type="tenure" free="2063766224" total="2068774912" percent="99">
      <mem type="soa" free="2063766224" total="2068774912" percent="99" />
      <mem type="loa" free="0" total="0" percent="0" />
    </mem>
    <remembered-set count="8450" />
  </mem-info>
</gc-end>
<cycle-end id="1571" type="scavenge" contextid="1565" timestamp="2019-06-17T06:04:35.716" />
  <attribute name="elasticGC enabled" value="1" />
  <attribute name= "numThreadsSpecified" value="4" />
  <attribute name="heapSize specified" value="27394048" />
  <attribute name="Current GC Util" value="8" />
  <attribute name= "Current Time Running" value="2187" />
  <attribute name ="GC Interval" value="200" />
  <attribute name="ProportionalT" value="-12.000000" />
  <attribute name="ProportionalI" value="-12.000000" />
  <attribute name="ProportionalH" value="-12.000000" />
  <attribute name="Current Error" value="-12.000000" />
  <attribute name="IntegralT" value="-348.000000" />
  <attribute name="IntegralI" value="-348.000000" />
  <attribute name="IntegralH" value="-348.000000" />
  <attribute name="DerivativeT" value="-0.413793" />
  <attribute name="DerivativeI" value="-0.413793" />
  <attribute name="DerivativeH" value="-0.413793" />
  <attribute name="Loop Time for DT" value="29.000000" />
  <attribute name="Output H" value="2092630016"/>
  <attribute name="Output I" value="200"/>
  <attribute name="Output T" value="4"/>
  <attribute name="Target GC Util Change" value ="20.000000" />
  <attribute name="Current GC Util Change" value="8.000000"/>
  <attribute name="GC Util currently" value="8" />
  <attribute name="CPU Util currently" value="156225828541" />
<allocation-satisfied id="1572" threadId="0000000001CCCD00" bytesRequested="24" />
<af-end id="1573" timestamp="2019-06-17T06:04:35.717" threadId="0000000001CCD688" success="true" from="nursery"/>
<exclusive-end id="1574" timestamp="2019-06-17T06:04:35.717" durationms="2.361" />

<exclusive-start id="1575" timestamp="2019-06-17T06:04:35.731" intervalms="16.098">
  <response-info timems="0.033" idlems="0.033" threads="0" lastid="0000000001CCCD00" lastname="Thread-8" />
</exclusive-start>
<af-start id="1576" threadId="0000000001CCD688" totalBytesRequested="40" timestamp="2019-06-17T06:04:35.731" intervalms="16.107" type="nursery" />
<cycle-start id="1577" type="scavenge" contextid="0" timestamp="2019-06-17T06:04:35.731" intervalms="16.105" />
<gc-start id="1578" type="scavenge" contextid="1577" timestamp="2019-06-17T06:04:35.731">
  <mem-info id="1579" free="2063766224" total="2092630016" percent="98">
    <mem type="nursery" free="0" total="23855104" percent="0">
      <mem type="allocate" free="0" total="21430272" percent="0" />
      <mem type="survivor" free="0" total="2424832" percent="0" />
    </mem>
    <mem type="tenure" free="2063766224" total="2068774912" percent="99">
      <mem type="soa" free="2063766224" total="2068774912" percent="99" />
      <mem type="loa" free="0" total="0" percent="0" />
    </mem>
    <remembered-set count="9768" />
  </mem-info>
</gc-start>
<allocation-stats totalBytes="20755424" >
  <allocated-bytes non-tlh="24" tlh="20755400" />
  <largest-consumer threadName="Thread-8" threadId="0000000001CCCD00" bytes="5995760" />
</allocation-stats>
<gc-op id="1580" type="scavenge" timems="1.242" contextid="1577" timestamp="2019-06-17T06:04:35.732">
  <scavenger-info tenureage="3" tenuremask="4018" tiltratio="89" />
  <memory-copied type="nursery" objects="24313" bytes="996992" bytesdiscarded="109696" />
  <memory-copied type="tenure" objects="4552" bytes="109248" bytesdiscarded="0" />
</gc-op>
<gc-end id="1581" type="scavenge" contextid="1577" durationms="1.469" usertimems="4.000" systemtimems="0.000" timestamp="2019-06-17T06:04:35.733" activeThreads="4">
  <mem-info id="1582" free="2084050640" total="2092630016" percent="99">
    <mem type="nursery" free="20323584" total="23855104" percent="85">
      <mem type="allocate" free="20323584" total="21430272" percent="94" />
      <mem type="survivor" free="0" total="2424832" percent="0" />
    </mem>
    <mem type="tenure" free="2063727056" total="2068774912" percent="99">
      <mem type="soa" free="2063727056" total="2068774912" percent="99" />
      <mem type="loa" free="0" total="0" percent="0" />
    </mem>
    <remembered-set count="5216" />
  </mem-info>
</gc-end>
<cycle-end id="1583" type="scavenge" contextid="1577" timestamp="2019-06-17T06:04:35.733" />
  <attribute name="elasticGC enabled" value="1" />
  <attribute name= "numThreadsSpecified" value="4" />
  <attribute name="heapSize specified" value="27394048" />
  <attribute name="Current GC Util" value="18" />
  <attribute name= "Current Time Running" value="2203" />
  <attribute name ="GC Interval" value="200" />
  <attribute name="ProportionalT" value="-2.000000" />
  <attribute name="ProportionalI" value="-2.000000" />
  <attribute name="ProportionalH" value="-2.000000" />
  <attribute name="Current Error" value="-2.000000" />
  <attribute name="IntegralT" value="-32.000000" />
  <attribute name="IntegralI" value="-32.000000" />
  <attribute name="IntegralH" value="-32.000000" />
  <attribute name="DerivativeT" value="-0.125000" />
  <attribute name="DerivativeI" value="-0.125000" />
  <attribute name="DerivativeH" value="-0.125000" />
  <attribute name="Loop Time for DT" value="16.000000" />
  <attribute name="Output H" value="2092630016"/>
  <attribute name="Output I" value="200"/>
  <attribute name="Output T" value="4"/>
  <attribute name="Target GC Util Change" value ="20.000000" />
  <attribute name="Current GC Util Change" value="18.000000"/>
  <attribute name="GC Util currently" value="18" />
  <attribute name="CPU Util currently" value="287501630493" />
<allocation-satisfied id="1584" threadId="0000000001CCCD00" bytesRequested="40" />
<af-end id="1585" timestamp="2019-06-17T06:04:35.733" threadId="0000000001CCD688" success="true" from="nursery"/>
<exclusive-end id="1586" timestamp="2019-06-17T06:04:35.733" durationms="2.346" />

<exclusive-start id="1587" timestamp="2019-06-17T06:04:35.747" intervalms="16.082">
  <response-info timems="0.028" idlems="0.028" threads="0" lastid="0000000001CD4500" lastname="Thread-9" />
</exclusive-start>
<af-start id="1588" threadId="0000000001CD4E88" totalBytesRequested="40" timestamp="2019-06-17T06:04:35.747" intervalms="16.076" type="nursery" />
<cycle-start id="1589" type="scavenge" contextid="0" timestamp="2019-06-17T06:04:35.747" intervalms="16.098" />
<gc-start id="1590" type="scavenge" contextid="1589" timestamp="2019-06-17T06:04:35.747">
  <mem-info id="1591" free="2063727056" total="2092630016" percent="98">
    <mem type="nursery" free="0" total="23855104" percent="0">
      <mem type="allocate" free="0" total="21430272" percent="0" />
      <mem type="survivor" free="0" total="2424832" percent="0" />
    </mem>
    <mem type="tenure" free="2063727056" total="2068774912" percent="99">
      <mem type="soa" free="2063727056" total="2068774912" percent="99" />
      <mem type="loa" free="0" total="0" percent="0" />
    </mem>
    <remembered-set count="5294" />
  </mem-info>
</gc-start>
<allocation-stats totalBytes="20321008" >
  <allocated-bytes non-tlh="40" tlh="20320968" />
  <largest-consumer threadName="Thread-7" threadId="0000000001CD0900" bytes="5340560" />
</allocation-stats>
<gc-op id="1592" type="scavenge" timems="1.762" contextid="1589" timestamp="2019-06-17T06:04:35.749">
  <scavenger-info tenureage="3" tenuremask="4008" tiltratio="89" />
  <memory-copied type="nursery" objects="24965" bytes="1012288" bytesdiscarded="142016" />
  <memory-copied type="tenure" objects="8068" bytes="331008" bytesdiscarded="0" />
</gc-op>
<gc-end id="1593" type="scavenge" contextid="1589" durationms="2.199" usertimems="4.000" systemtimems="0.000" timestamp="2019-06-17T06:04:35.749" activeThreads="4">
  <mem-info id="1594" free="2083771088" total="2092630016" percent="99">
    <mem type="nursery" free="20275968" total="23855104" percent="84">
      <mem type="allocate" free="20275968" total="21430272" percent="94" />
      <mem type="survivor" free="0" total="2424832" percent="0" />
    </mem>
    <mem type="tenure" free="2063495120" total="2068774912" percent="99">
      <mem type="soa" free="2063495120" total="2068774912" percent="99" />
      <mem type="loa" free="0" total="0" percent="0" />
    </mem>
    <remembered-set count="4388" />
  </mem-info>
</gc-end>
<cycle-end id="1595" type="scavenge" contextid="1589" timestamp="2019-06-17T06:04:35.750" />
  <attribute name="elasticGC enabled" value="1" />
  <attribute name= "numThreadsSpecified" value="4" />
  <attribute name="heapSize specified" value="27394048" />
  <attribute name="Current GC Util" value="21" />
  <attribute name= "Current Time Running" value="2220" />
  <attribute name ="GC Interval" value="200" />
  <attribute name="ProportionalT" value="1.000000" />
  <attribute name="ProportionalI" value="1.000000" />
  <attribute name="ProportionalH" value="1.000000" />
  <attribute name="Current Error" value="1.000000" />
  <attribute name="IntegralT" value="17.000000" />
  <attribute name="IntegralI" value="17.000000" />
  <attribute name="IntegralH" value="17.000000" />
  <attribute name="DerivativeT" value="0.058824" />
  <attribute name="DerivativeI" value="0.058824" />
  <attribute name="DerivativeH" value="0.058824" />
  <attribute name="Loop Time for DT" value="17.000000" />
  <attribute name="Output H" value="8388608"/>
  <attribute name="Output I" value="200"/>
  <attribute name="Output T" value="4"/>
  <attribute name="Target GC Util Change" value ="20.000000" />
  <attribute name="Current GC Util Change" value="21.000000"/>
  <attribute name="GC Util currently" value="21" />
  <attribute name="CPU Util currently" value="282810124772" />
<allocation-satisfied id="1596" threadId="0000000001CD4500" bytesRequested="40" />
<af-end id="1597" timestamp="2019-06-17T06:04:35.750" threadId="0000000001CD4E88" success="true" from="nursery"/>
<exclusive-end id="1598" timestamp="2019-06-17T06:04:35.750" durationms="3.117" />

<exclusive-start id="1599" timestamp="2019-06-17T06:04:35.764" intervalms="16.877">
  <response-info timems="0.031" idlems="0.031" threads="0" lastid="0000000001CD0900" lastname="Thread-7" />
</exclusive-start>
<af-start id="1600" threadId="0000000001CD1288" totalBytesRequested="40" timestamp="2019-06-17T06:04:35.764" intervalms="16.833" type="nursery" />
<cycle-start id="1601" type="scavenge" contextid="0" timestamp="2019-06-17T06:04:35.764" intervalms="16.800" />
<gc-start id="1602" type="scavenge" contextid="1601" timestamp="2019-06-17T06:04:35.764">
  <mem-info id="1603" free="2063495120" total="2092630016" percent="98">
    <mem type="nursery" free="0" total="23855104" percent="0">
      <mem type="allocate" free="0" total="21430272" percent="0" />
      <mem type="survivor" free="0" total="2424832" percent="0" />
    </mem>
    <mem type="tenure" free="2063495120" total="2068774912" percent="99">
      <mem type="soa" free="2063495120" total="2068774912" percent="99" />
      <mem type="loa" free="0" total="0" percent="0" />
    </mem>
    <remembered-set count="4926" />
  </mem-info>
</gc-start>
<allocation-stats totalBytes="20273840" >
  <allocated-bytes non-tlh="40" tlh="20273800" />
  <largest-consumer threadName="Thread-10" threadId="0000000001CD8100" bytes="5431496" />
</allocation-stats>
<gc-op id="1604" type="scavenge" timems="0.656" contextid="1601" timestamp="2019-06-17T06:04:35.765">
  <scavenger-info tenureage="14" tenuremask="4000" tiltratio="89" />
  <memory-copied type="nursery" objects="27638" bytes="1077048" bytesdiscarded="210744" />
</gc-op>
<gc-end id="1605" type="scavenge" contextid="1601" durationms="1.100" usertimems="4.000" systemtimems="0.000" timestamp="2019-06-17T06:04:35.765" activeThreads="4">
  <mem-info id="1606" free="2083637600" total="2092630016" percent="99">
    <mem type="nursery" free="20142480" total="23855104" percent="84">
      <mem type="allocate" free="20142480" total="21430272" percent="93" />
      <mem type="survivor" free="0" total="2424832" percent="0" />
    </mem>
    <mem type="tenure" free="2063495120" total="2068774912" percent="99">
      <mem type="soa" free="2063495120" total="2068774912" percent="99" />
      <mem type="loa" free="0" total="0" percent="0" />
    </mem>
    <remembered-set count="4925" />
  </mem-info>
</gc-end>
<cycle-end id="1607" type="scavenge" contextid="1601" timestamp="2019-06-17T06:04:35.765" />
  <attribute name="elasticGC enabled" value="1" />
  <attribute name= "numThreadsSpecified" value="4" />
  <attribute name="heapSize specified" value="27394048" />
  <attribute name="Current GC Util" value="28" />
  <attribute name= "Current Time Running" value="2236" />
  <attribute name ="GC Interval" value="200" />
  <attribute name="ProportionalT" value="8.000000" />
  <attribute name="ProportionalI" value="8.000000" />
  <attribute name="ProportionalH" value="8.000000" />
  <attribute name="Current Error" value="8.000000" />
  <attribute name="IntegralT" value="128.000000" />
  <attribute name="IntegralI" value="128.000000" />
  <attribute name="IntegralH" value="128.000000" />
  <attribute name="DerivativeT" value="0.437500" />
  <attribute name="DerivativeI" value="0.437500" />
  <attribute name="DerivativeH" value="0.437500" />
  <attribute name="Loop Time for DT" value="16.000000" />
  <attribute name="Output H" value="8388608"/>
  <attribute name="Output I" value="200"/>
  <attribute name="Output T" value="4"/>
  <attribute name="Target GC Util Change" value ="20.000000" />
  <attribute name="Current GC Util Change" value="28.000000"/>
  <attribute name="GC Util currently" value="28" />
  <attribute name="CPU Util currently" value="277120826481" />
<allocation-satisfied id="1608" threadId="0000000001CD0900" bytesRequested="40" />
<af-end id="1609" timestamp="2019-06-17T06:04:35.765" threadId="0000000001CD1288" success="true" from="nursery"/>
<exclusive-end id="1610" timestamp="2019-06-17T06:04:35.765" durationms="1.706" />

<exclusive-start id="1611" timestamp="2019-06-17T06:04:35.779" intervalms="15.289">
  <response-info timems="0.023" idlems="0.023" threads="0" lastid="0000000001CD8100" lastname="Thread-10" />
</exclusive-start>
<af-start id="1612" threadId="0000000001CD8A88" totalBytesRequested="40" timestamp="2019-06-17T06:04:35.779" intervalms="15.301" type="nursery" />
<cycle-start id="1613" type="scavenge" contextid="0" timestamp="2019-06-17T06:04:35.779" intervalms="15.314" />
<gc-start id="1614" type="scavenge" contextid="1613" timestamp="2019-06-17T06:04:35.779">
  <mem-info id="1615" free="2063495120" total="2092630016" percent="98">
    <mem type="nursery" free="0" total="23855104" percent="0">
      <mem type="allocate" free="0" total="21430272" percent="0" />
      <mem type="survivor" free="0" total="2424832" percent="0" />
    </mem>
    <mem type="tenure" free="2063495120" total="2068774912" percent="99">
      <mem type="soa" free="2063495120" total="2068774912" percent="99" />
      <mem type="loa" free="0" total="0" percent="0" />
    </mem>
    <remembered-set count="5729" />
  </mem-info>
</gc-start>
<allocation-stats totalBytes="20140032" >
  <allocated-bytes non-tlh="40" tlh="20139992" />
  <largest-consumer threadName="Thread-9" threadId="0000000001CD4500" bytes="5428960" />
</allocation-stats>
<gc-op id="1616" type="scavenge" timems="1.796" contextid="1613" timestamp="2019-06-17T06:04:35.781">
  <scavenger-info tenureage="3" tenuremask="4018" tiltratio="89" />
  <memory-copied type="nursery" objects="14215" bytes="480208" bytesdiscarded="162608" />
  <memory-copied type="tenure" objects="15977" bytes="658200" bytesdiscarded="72" />
</gc-op>
<gc-end id="1617" type="scavenge" contextid="1613" durationms="2.168" usertimems="4.000" systemtimems="0.000" timestamp="2019-06-17T06:04:35.781" activeThreads="4">
  <mem-info id="1618" free="2083530704" total="2092630016" percent="99">
    <mem type="nursery" free="20787456" total="23855104" percent="87">
      <mem type="allocate" free="20787456" total="21430272" percent="97" />
      <mem type="survivor" free="0" total="2424832" percent="0" />
    </mem>
    <mem type="tenure" free="2062743248" total="2068774912" percent="99">
      <mem type="soa" free="2062743248" total="2068774912" percent="99" />
      <mem type="loa" free="0" total="0" percent="0" />
    </mem>
    <remembered-set count="6300" />
  </mem-info>
</gc-end>
<cycle-end id="1619" type="scavenge" contextid="1613" timestamp="2019-06-17T06:04:35.782" />
  <attribute name="elasticGC enabled" value="1" />
  <attribute name= "numThreadsSpecified" value="4" />
  <attribute name="heapSize specified" value="27394048" />
  <attribute name="Current GC Util" value="14" />
  <attribute name= "Current Time Running" value="2252" />
  <attribute name ="GC Interval" value="200" />
  <attribute name="ProportionalT" value="-6.000000" />
  <attribute name="ProportionalI" value="-6.000000" />
  <attribute name="ProportionalH" value="-6.000000" />
  <attribute name="Current Error" value="-6.000000" />
  <attribute name="IntegralT" value="-96.000000" />
  <attribute name="IntegralI" value="-96.000000" />
  <attribute name="IntegralH" value="-96.000000" />
  <attribute name="DerivativeT" value="-0.875000" />
  <attribute name="DerivativeI" value="-0.875000" />
  <attribute name="DerivativeH" value="-0.875000" />
  <attribute name="Loop Time for DT" value="16.000000" />
  <attribute name="Output H" value="2092630016"/>
  <attribute name="Output I" value="200"/>
  <attribute name="Output T" value="4"/>
  <attribute name="Target GC Util Change" value ="20.000000" />
  <attribute name="Current GC Util Change" value="14.000000"/>
  <attribute name="GC Util currently" value="14" />
  <attribute name="CPU Util currently" value="300298743573" />
<allocation-satisfied id="1620" threadId="0000000001CD8100" bytesRequested="40" />
<af-end id="1621" timestamp="2019-06-17T06:04:35.782" threadId="0000000001CD8A88" success="true" from="nursery"/>
<exclusive-end id="1622" timestamp="2019-06-17T06:04:35.782" durationms="2.940" />

<exclusive-start id="1623" timestamp="2019-06-17T06:04:35.799" intervalms="19.915">
  <response-info timems="0.044" idlems="0.044" threads="0" lastid="0000000001CD4500" lastname="Thread-9" />
</exclusive-start>
<af-start id="1624" threadId="0000000001CD4E88" totalBytesRequested="40" timestamp="2019-06-17T06:04:35.799" intervalms="19.973" type="nursery" />
<cycle-start id="1625" type="scavenge" contextid="0" timestamp="2019-06-17T06:04:35.799" intervalms="19.980" />
<gc-start id="1626" type="scavenge" contextid="1625" timestamp="2019-06-17T06:04:35.799">
  <mem-info id="1627" free="2062743248" total="2092630016" percent="98">
    <mem type="nursery" free="0" total="23855104" percent="0">
      <mem type="allocate" free="0" total="21430272" percent="0" />
      <mem type="survivor" free="0" total="2424832" percent="0" />
    </mem>
    <mem type="tenure" free="2062743248" total="2068774912" percent="99">
      <mem type="soa" free="2062743248" total="2068774912" percent="99" />
      <mem type="loa" free="0" total="0" percent="0" />
    </mem>
    <remembered-set count="8427" />
  </mem-info>
</gc-start>
<allocation-stats totalBytes="20784992" >
  <allocated-bytes non-tlh="40" tlh="20784952" />
  <largest-consumer threadName="Thread-7" threadId="0000000001CD0900" bytes="6258024" />
</allocation-stats>
<gc-op id="1628" type="scavenge" timems="1.625" contextid="1625" timestamp="2019-06-17T06:04:35.801">
  <scavenger-info tenureage="3" tenuremask="4008" tiltratio="89" />
  <memory-copied type="nursery" objects="8717" bytes="210512" bytesdiscarded="278704" />
  <memory-copied type="tenure" objects="8809" bytes="348792" bytesdiscarded="72" />
</gc-op>
<gc-end id="1629" type="scavenge" contextid="1625" durationms="1.994" usertimems="4.000" systemtimems="0.000" timestamp="2019-06-17T06:04:35.801" activeThreads="4">
  <mem-info id="1630" free="2083404752" total="2092630016" percent="99">
    <mem type="nursery" free="20941056" total="23855104" percent="87">
      <mem type="allocate" free="20941056" total="21430272" percent="97" />
      <mem type="survivor" free="0" total="2424832" percent="0" />
    </mem>
    <mem type="tenure" free="2062463696" total="2068774912" percent="99">
      <mem type="soa" free="2062463696" total="2068774912" percent="99" />
      <mem type="loa" free="0" total="0" percent="0" />
    </mem>
    <remembered-set count="8564" />
  </mem-info>
</gc-end>
<cycle-end id="1631" type="scavenge" contextid="1625" timestamp="2019-06-17T06:04:35.801" />
  <attribute name="elasticGC enabled" value="1" />
  <attribute name= "numThreadsSpecified" value="4" />
  <attribute name="heapSize specified" value="27394048" />
  <attribute name="Current GC Util" value="21" />
  <attribute name= "Current Time Running" value="2272" />
  <attribute name ="GC Interval" value="200" />
  <attribute name="ProportionalT" value="1.000000" />
  <attribute name="ProportionalI" value="1.000000" />
  <attribute name="ProportionalH" value="1.000000" />
  <attribute name="Current Error" value="1.000000" />
  <attribute name="IntegralT" value="20.000000" />
  <attribute name="IntegralI" value="20.000000" />
  <attribute name="IntegralH" value="20.000000" />
  <attribute name="DerivativeT" value="0.050000" />
  <attribute name="DerivativeI" value="0.050000" />
  <attribute name="DerivativeH" value="0.050000" />
  <attribute name="Loop Time for DT" value="20.000000" />
  <attribute name="Output H" value="8388608"/>
  <attribute name="Output I" value="200"/>
  <attribute name="Output T" value="4"/>
  <attribute name="Target GC Util Change" value ="20.000000" />
  <attribute name="Current GC Util Change" value="21.000000"/>
  <attribute name="GC Util currently" value="21" />
  <attribute name="CPU Util currently" value="230743871119" />
<allocation-satisfied id="1632" threadId="0000000001CD4500" bytesRequested="40" />
<af-end id="1633" timestamp="2019-06-17T06:04:35.802" threadId="0000000001CD4E88" success="true" from="nursery"/>
<exclusive-end id="1634" timestamp="2019-06-17T06:04:35.802" durationms="2.888" />

<exclusive-start id="1635" timestamp="2019-06-17T06:04:35.820" intervalms="20.778">
  <response-info timems="0.589" idlems="0.304" threads="1" lastid="0000000001CCCD00" lastname="Thread-8" />
</exclusive-start>
<af-start id="1636" threadId="0000000001CD4E88" totalBytesRequested="24" timestamp="2019-06-17T06:04:35.820" intervalms="20.725" type="nursery" />
<cycle-start id="1637" type="scavenge" contextid="0" timestamp="2019-06-17T06:04:35.820" intervalms="20.717" />
<gc-start id="1638" type="scavenge" contextid="1637" timestamp="2019-06-17T06:04:35.820">
  <mem-info id="1639" free="2062463696" total="2092630016" percent="98">
    <mem type="nursery" free="0" total="23855104" percent="0">
      <mem type="allocate" free="0" total="21430272" percent="0" />
      <mem type="survivor" free="0" total="2424832" percent="0" />
    </mem>
    <mem type="tenure" free="2062463696" total="2068774912" percent="99">
      <mem type="soa" free="2062463696" total="2068774912" percent="99" />
      <mem type="loa" free="0" total="0" percent="0" />
    </mem>
    <remembered-set count="11647" />
  </mem-info>
</gc-start>
<allocation-stats totalBytes="20938736" >
  <allocated-bytes non-tlh="40" tlh="20938696" />
  <largest-consumer threadName="Thread-10" threadId="0000000001CD8100" bytes="6782248" />
</allocation-stats>
<gc-op id="1640" type="scavenge" timems="1.685" contextid="1637" timestamp="2019-06-17T06:04:35.822">
  <scavenger-info tenureage="3" tenuremask="4008" tiltratio="89" />
  <memory-copied type="nursery" objects="16147" bytes="525888" bytesdiscarded="225984" />
  <memory-copied type="tenure" objects="2551" bytes="61224" bytesdiscarded="0" />
</gc-op>
<gc-end id="1641" type="scavenge" contextid="1637" durationms="2.046" usertimems="4.000" systemtimems="0.000" timestamp="2019-06-17T06:04:35.822" activeThreads="4">
  <mem-info id="1642" free="2083041488" total="2092630016" percent="99">
    <mem type="nursery" free="20678400" total="23855104" percent="86">
      <mem type="allocate" free="20678400" total="21430272" percent="96" />
      <mem type="survivor" free="0" total="2424832" percent="0" />
    </mem>
    <mem type="tenure" free="2062363088" total="2068774912" percent="99">
      <mem type="soa" free="2062363088" total="2068774912" percent="99" />
      <mem type="loa" free="0" total="0" percent="0" />
    </mem>
    <remembered-set count="9096" />
  </mem-info>
</gc-end>
<cycle-end id="1643" type="scavenge" contextid="1637" timestamp="2019-06-17T06:04:35.822" />
  <attribute name="elasticGC enabled" value="1" />
  <attribute name= "numThreadsSpecified" value="4" />
  <attribute name="heapSize specified" value="27394048" />
  <attribute name="Current GC Util" value="19" />
  <attribute name= "Current Time Running" value="2292" />
  <attribute name ="GC Interval" value="200" />
  <attribute name="ProportionalT" value="-1.000000" />
  <attribute name="ProportionalI" value="-1.000000" />
  <attribute name="ProportionalH" value="-1.000000" />
  <attribute name="Current Error" value="-1.000000" />
  <attribute name="IntegralT" value="-20.000000" />
  <attribute name="IntegralI" value="-20.000000" />
  <attribute name="IntegralH" value="-20.000000" />
  <attribute name="DerivativeT" value="-0.100000" />
  <attribute name="DerivativeI" value="-0.100000" />
  <attribute name="DerivativeH" value="-0.100000" />
  <attribute name="Loop Time for DT" value="20.000000" />
  <attribute name="Output H" value="2092630016"/>
  <attribute name="Output I" value="200"/>
  <attribute name="Output T" value="4"/>
  <attribute name="Target GC Util Change" value ="20.000000" />
  <attribute name="Current GC Util Change" value="19.000000"/>
  <attribute name="GC Util currently" value="19" />
  <attribute name="CPU Util currently" value="222799378027" />
<allocation-satisfied id="1644" threadId="0000000001CD4500" bytesRequested="24" />
<af-end id="1645" timestamp="2019-06-17T06:04:35.822" threadId="0000000001CD4E88" success="true" from="nursery"/>
<exclusive-end id="1646" timestamp="2019-06-17T06:04:35.822" durationms="2.838" />

<exclusive-start id="1647" timestamp="2019-06-17T06:04:35.839" intervalms="19.606">
  <response-info timems="0.037" idlems="0.021" threads="1" lastid="0000000001CD0900" lastname="Thread-7" />
</exclusive-start>
<af-start id="1648" threadId="0000000001CCD688" totalBytesRequested="40" timestamp="2019-06-17T06:04:35.839" intervalms="19.636" type="nursery" />
<cycle-start id="1649" type="scavenge" contextid="0" timestamp="2019-06-17T06:04:35.839" intervalms="19.634" />
<gc-start id="1650" type="scavenge" contextid="1649" timestamp="2019-06-17T06:04:35.840">
  <mem-info id="1651" free="2062363088" total="2092630016" percent="98">
    <mem type="nursery" free="0" total="23855104" percent="0">
      <mem type="allocate" free="0" total="21430272" percent="0" />
      <mem type="survivor" free="0" total="2424832" percent="0" />
    </mem>
    <mem type="tenure" free="2062363088" total="2068774912" percent="99">
      <mem type="soa" free="2062363088" total="2068774912" percent="99" />
      <mem type="loa" free="0" total="0" percent="0" />
    </mem>
    <remembered-set count="9983" />
  </mem-info>
</gc-start>
<allocation-stats totalBytes="20675632" >
  <allocated-bytes non-tlh="24" tlh="20675608" />
  <largest-consumer threadName="Thread-9" threadId="0000000001CD4500" bytes="8061480" />
</allocation-stats>
<gc-op id="1652" type="scavenge" timems="0.678" contextid="1649" timestamp="2019-06-17T06:04:35.840">
  <scavenger-info tenureage="3" tenuremask="4008" tiltratio="89" />
  <memory-copied type="nursery" objects="19964" bytes="755392" bytesdiscarded="230576" />
  <memory-copied type="tenure" objects="2522" bytes="60528" bytesdiscarded="0" />
</gc-op>
<gc-end id="1653" type="scavenge" contextid="1649" durationms="1.025" usertimems="0.000" systemtimems="0.000" timestamp="2019-06-17T06:04:35.841" activeThreads="4">
  <mem-info id="1654" free="2082606176" total="2092630016" percent="99">
    <mem type="nursery" free="20444304" total="23855104" percent="85">
      <mem type="allocate" free="20444304" total="21430272" percent="95" />
      <mem type="survivor" free="0" total="2424832" percent="0" />
    </mem>
    <mem type="tenure" free="2062161872" total="2068774912" percent="99">
      <mem type="soa" free="2062161872" total="2068774912" percent="99" />
      <mem type="loa" free="0" total="0" percent="0" />
    </mem>
    <remembered-set count="7460" />
  </mem-info>
</gc-end>
<cycle-end id="1655" type="scavenge" contextid="1649" timestamp="2019-06-17T06:04:35.841" />
  <attribute name="elasticGC enabled" value="1" />
  <attribute name= "numThreadsSpecified" value="4" />
  <attribute name="heapSize specified" value="27394048" />
  <attribute name="Current GC Util" value="19" />
  <attribute name= "Current Time Running" value="2312" />
  <attribute name ="GC Interval" value="200" />
  <attribute name="ProportionalT" value="-1.000000" />
  <attribute name="ProportionalI" value="-1.000000" />
  <attribute name="ProportionalH" value="-1.000000" />
  <attribute name="Current Error" value="-1.000000" />
  <attribute name="IntegralT" value="-20.000000" />
  <attribute name="IntegralI" value="-20.000000" />
  <attribute name="IntegralH" value="-20.000000" />
  <attribute name="DerivativeT" value="-0.050000" />
  <attribute name="DerivativeI" value="-0.050000" />
  <attribute name="DerivativeH" value="-0.050000" />
  <attribute name="Loop Time for DT" value="20.000000" />
  <attribute name="Output H" value="2092630016"/>
  <attribute name="Output I" value="200"/>
  <attribute name="Output T" value="4"/>
  <attribute name="Target GC Util Change" value ="20.000000" />
  <attribute name="Current GC Util Change" value="19.000000"/>
  <attribute name="GC Util currently" value="19" />
  <attribute name="CPU Util currently" value="235810762769" />
<allocation-satisfied id="1656" threadId="0000000001CCCD00" bytesRequested="40" />
<af-end id="1657" timestamp="2019-06-17T06:04:35.841" threadId="0000000001CCD688" success="true" from="nursery"/>
<exclusive-end id="1658" timestamp="2019-06-17T06:04:35.841" durationms="1.767" />

<exclusive-start id="1659" timestamp="2019-06-17T06:04:35.857" intervalms="17.643">
  <response-info timems="0.026" idlems="0.026" threads="0" lastid="0000000001CD4500" lastname="Thread-9" />
</exclusive-start>
<af-start id="1660" threadId="0000000001CD4E88" totalBytesRequested="40" timestamp="2019-06-17T06:04:35.857" intervalms="17.618" type="nursery" />
<cycle-start id="1661" type="scavenge" contextid="0" timestamp="2019-06-17T06:04:35.857" intervalms="17.620" />
<gc-start id="1662" type="scavenge" contextid="1661" timestamp="2019-06-17T06:04:35.857">
  <mem-info id="1663" free="2062161872" total="2092630016" percent="98">
    <mem type="nursery" free="0" total="23855104" percent="0">
      <mem type="allocate" free="0" total="21430272" percent="0" />
      <mem type="survivor" free="0" total="2424832" percent="0" />
    </mem>
    <mem type="tenure" free="2062161872" total="2068774912" percent="99">
      <mem type="soa" free="2062161872" total="2068774912" percent="99" />
      <mem type="loa" free="0" total="0" percent="0" />
    </mem>
    <remembered-set count="8548" />
  </mem-info>
</gc-start>
<allocation-stats totalBytes="20441912" >
  <allocated-bytes non-tlh="40" tlh="20441872" />
  <largest-consumer threadName="Thread-9" threadId="0000000001CD4500" bytes="7568552" />
</allocation-stats>
<gc-op id="1664" type="scavenge" timems="1.418" contextid="1661" timestamp="2019-06-17T06:04:35.859">
  <scavenger-info tenureage="3" tenuremask="4008" tiltratio="89" />
  <memory-copied type="nursery" objects="21508" bytes="792480" bytesdiscarded="160608" />
  <memory-copied type="tenure" objects="3399" bytes="81576" bytesdiscarded="0" />
</gc-op>
<gc-end id="1665" type="scavenge" contextid="1661" durationms="1.860" usertimems="4.000" systemtimems="0.000" timestamp="2019-06-17T06:04:35.859" activeThreads="4">
  <mem-info id="1666" free="2082639056" total="2092630016" percent="99">
    <mem type="nursery" free="20477184" total="23855104" percent="85">
      <mem type="allocate" free="20477184" total="21430272" percent="95" />
      <mem type="survivor" free="0" total="2424832" percent="0" />
    </mem>
    <mem type="tenure" free="2062161872" total="2068774912" percent="99">
      <mem type="soa" free="2062161872" total="2068774912" percent="99" />
      <mem type="loa" free="0" total="0" percent="0" />
    </mem>
    <remembered-set count="5148" />
  </mem-info>
</gc-end>
<cycle-end id="1667" type="scavenge" contextid="1661" timestamp="2019-06-17T06:04:35.859" />
  <attribute name="elasticGC enabled" value="1" />
  <attribute name= "numThreadsSpecified" value="4" />
  <attribute name="heapSize specified" value="27394048" />
  <attribute name="Current GC Util" value="13" />
  <attribute name= "Current Time Running" value="2330" />
  <attribute name ="GC Interval" value="200" />
  <attribute name="ProportionalT" value="-7.000000" />
  <attribute name="ProportionalI" value="-7.000000" />
  <attribute name="ProportionalH" value="-7.000000" />
  <attribute name="Current Error" value="-7.000000" />
  <attribute name="IntegralT" value="-126.000000" />
  <attribute name="IntegralI" value="-126.000000" />
  <attribute name="IntegralH" value="-126.000000" />
  <attribute name="DerivativeT" value="-0.388889" />
  <attribute name="DerivativeI" value="-0.388889" />
  <attribute name="DerivativeH" value="-0.388889" />
  <attribute name="Loop Time for DT" value="18.000000" />
  <attribute name="Output H" value="2092630016"/>
  <attribute name="Output I" value="200"/>
  <attribute name="Output T" value="4"/>
  <attribute name="Target GC Util Change" value ="20.000000" />
  <attribute name="Current GC Util Change" value="13.000000"/>
  <attribute name="GC Util currently" value="13" />
  <attribute name="CPU Util currently" value="259293452765" />
<allocation-satisfied id="1668" threadId="0000000001CD4500" bytesRequested="40" />
<af-end id="1669" timestamp="2019-06-17T06:04:35.859" threadId="0000000001CD4E88" success="true" from="nursery"/>
<exclusive-end id="1670" timestamp="2019-06-17T06:04:35.860" durationms="2.681" />

<exclusive-start id="1671" timestamp="2019-06-17T06:04:35.875" intervalms="18.052">
  <response-info timems="0.029" idlems="0.029" threads="0" lastid="0000000001CD4500" lastname="Thread-9" />
</exclusive-start>
<af-start id="1672" threadId="0000000001CD4E88" totalBytesRequested="40" timestamp="2019-06-17T06:04:35.875" intervalms="18.052" type="nursery" />
<cycle-start id="1673" type="scavenge" contextid="0" timestamp="2019-06-17T06:04:35.875" intervalms="18.047" />
<gc-start id="1674" type="scavenge" contextid="1673" timestamp="2019-06-17T06:04:35.875">
  <mem-info id="1675" free="2062161872" total="2092630016" percent="98">
    <mem type="nursery" free="0" total="23855104" percent="0">
      <mem type="allocate" free="0" total="21430272" percent="0" />
      <mem type="survivor" free="0" total="2424832" percent="0" />
    </mem>
    <mem type="tenure" free="2062161872" total="2068774912" percent="99">
      <mem type="soa" free="2062161872" total="2068774912" percent="99" />
      <mem type="loa" free="0" total="0" percent="0" />
    </mem>
    <remembered-set count="5828" />
  </mem-info>
</gc-start>
<allocation-stats totalBytes="20474696" >
  <allocated-bytes non-tlh="40" tlh="20474656" />
  <largest-consumer threadName="Thread-9" threadId="0000000001CD4500" bytes="7613568" />
</allocation-stats>
<gc-op id="1676" type="scavenge" timems="1.529" contextid="1673" timestamp="2019-06-17T06:04:35.877">
  <scavenger-info tenureage="3" tenuremask="4008" tiltratio="89" />
  <memory-copied type="nursery" objects="13335" bytes="458672" bytesdiscarded="91984" />
  <memory-copied type="tenure" objects="10035" bytes="378216" bytesdiscarded="72" />
</gc-op>
<gc-end id="1677" type="scavenge" contextid="1673" durationms="1.895" usertimems="4.000" systemtimems="0.000" timestamp="2019-06-17T06:04:35.877" activeThreads="4">
  <mem-info id="1678" free="2082742880" total="2092630016" percent="99">
    <mem type="nursery" free="20879616" total="23855104" percent="87">
      <mem type="allocate" free="20879616" total="21430272" percent="97" />
      <mem type="survivor" free="0" total="2424832" percent="0" />
    </mem>
    <mem type="tenure" free="2061863264" total="2068774912" percent="99">
      <mem type="soa" free="2061863264" total="2068774912" percent="99" />
      <mem type="loa" free="0" total="0" percent="0" />
    </mem>
    <remembered-set count="4446" />
  </mem-info>
</gc-end>
<cycle-end id="1679" type="scavenge" contextid="1673" timestamp="2019-06-17T06:04:35.877" />
  <attribute name="elasticGC enabled" value="1" />
  <attribute name= "numThreadsSpecified" value="4" />
  <attribute name="heapSize specified" value="27394048" />
  <attribute name="Current GC Util" value="19" />
  <attribute name= "Current Time Running" value="2348" />
  <attribute name ="GC Interval" value="200" />
  <attribute name="ProportionalT" value="-1.000000" />
  <attribute name="ProportionalI" value="-1.000000" />
  <attribute name="ProportionalH" value="-1.000000" />
  <attribute name="Current Error" value="-1.000000" />
  <attribute name="IntegralT" value="-18.000000" />
  <attribute name="IntegralI" value="-18.000000" />
  <attribute name="IntegralH" value="-18.000000" />
  <attribute name="DerivativeT" value="-0.055556" />
  <attribute name="DerivativeI" value="-0.055556" />
  <attribute name="DerivativeH" value="-0.055556" />
  <attribute name="Loop Time for DT" value="18.000000" />
  <attribute name="Output H" value="2092630016"/>
  <attribute name="Output I" value="200"/>
  <attribute name="Output T" value="4"/>
  <attribute name="Target GC Util Change" value ="20.000000" />
  <attribute name="Current GC Util Change" value="19.000000"/>
  <attribute name="GC Util currently" value="19" />
  <attribute name="CPU Util currently" value="255939155760" />
<allocation-satisfied id="1680" threadId="0000000001CD4500" bytesRequested="40" />
<af-end id="1681" timestamp="2019-06-17T06:04:35.878" threadId="0000000001CD4E88" success="true" from="nursery"/>
<exclusive-end id="1682" timestamp="2019-06-17T06:04:35.878" durationms="2.748" />

<exclusive-start id="1683" timestamp="2019-06-17T06:04:35.893" intervalms="18.560">
  <response-info timems="0.037" idlems="0.021" threads="1" lastid="0000000001CCCD00" lastname="Thread-8" />
</exclusive-start>
<af-start id="1684" threadId="0000000001CD1288" totalBytesRequested="40" timestamp="2019-06-17T06:04:35.894" intervalms="18.552" type="nursery" />
<cycle-start id="1685" type="scavenge" contextid="0" timestamp="2019-06-17T06:04:35.894" intervalms="18.548" />
<gc-start id="1686" type="scavenge" contextid="1685" timestamp="2019-06-17T06:04:35.894">
  <mem-info id="1687" free="2061863264" total="2092630016" percent="98">
    <mem type="nursery" free="0" total="23855104" percent="0">
      <mem type="allocate" free="0" total="21430272" percent="0" />
      <mem type="survivor" free="0" total="2424832" percent="0" />
    </mem>
    <mem type="tenure" free="2061863264" total="2068774912" percent="99">
      <mem type="soa" free="2061863264" total="2068774912" percent="99" />
      <mem type="loa" free="0" total="0" percent="0" />
    </mem>
    <remembered-set count="5466" />
  </mem-info>
</gc-start>
<allocation-stats totalBytes="20876992" >
  <allocated-bytes non-tlh="40" tlh="20876952" />
  <largest-consumer threadName="Thread-9" threadId="0000000001CD4500" bytes="7939368" />
</allocation-stats>
<gc-op id="1688" type="scavenge" timems="1.719" contextid="1685" timestamp="2019-06-17T06:04:35.896">
  <scavenger-info tenureage="2" tenuremask="400c" tiltratio="89" />
  <memory-copied type="nursery" objects="10166" bytes="382624" bytesdiscarded="28256" />
  <memory-copied type="tenure" objects="11171" bytes="405480" bytesdiscarded="48" />
</gc-op>
<gc-end id="1689" type="scavenge" contextid="1685" durationms="2.165" usertimems="4.000" systemtimems="0.000" timestamp="2019-06-17T06:04:35.896" activeThreads="1">
  <mem-info id="1690" free="2082461168" total="2092630016" percent="99">
    <mem type="nursery" free="21019392" total="23855104" percent="88">
      <mem type="allocate" free="21019392" total="21430272" percent="98" />
      <mem type="survivor" free="0" total="2424832" percent="0" />
    </mem>
    <mem type="tenure" free="2061441776" total="2068774912" percent="99">
      <mem type="soa" free="2061441776" total="2068774912" percent="99" />
      <mem type="loa" free="0" total="0" percent="0" />
    </mem>
    <remembered-set count="3605" />
  </mem-info>
</gc-end>
<cycle-end id="1691" type="scavenge" contextid="1685" timestamp="2019-06-17T06:04:35.896" />
  <attribute name="elasticGC enabled" value="1" />
  <attribute name= "numThreadsSpecified" value="1" />
  <attribute name="heapSize specified" value="27394048" />
  <attribute name="Current GC Util" value="20" />
  <attribute name= "Current Time Running" value="2366" />
  <attribute name ="GC Interval" value="200" />
  <attribute name="ProportionalT" value="0.000000" />
  <attribute name="ProportionalI" value="0.000000" />
  <attribute name="ProportionalH" value="0.000000" />
  <attribute name="Current Error" value="0.000000" />
  <attribute name="IntegralT" value="0.000000" />
  <attribute name="IntegralI" value="0.000000" />
  <attribute name="IntegralH" value="0.000000" />
  <attribute name="DerivativeT" value="0.000000" />
  <attribute name="DerivativeI" value="0.000000" />
  <attribute name="DerivativeH" value="0.000000" />
  <attribute name="Loop Time for DT" value="18.000000" />
  <attribute name="Output H" value="8388608"/>
  <attribute name="Output I" value="200"/>
  <attribute name="Output T" value="1"/>
  <attribute name="Target GC Util Change" value ="20.000000" />
  <attribute name="Current GC Util Change" value="20.000000"/>
  <attribute name="GC Util currently" value="20" />
  <attribute name="CPU Util currently" value="249930156414" />
<allocation-satisfied id="1692" threadId="0000000001CD0900" bytesRequested="40" />
<af-end id="1693" timestamp="2019-06-17T06:04:35.896" threadId="0000000001CD1288" success="true" from="nursery"/>
<exclusive-end id="1694" timestamp="2019-06-17T06:04:35.896" durationms="2.782" />

<exclusive-start id="1695" timestamp="2019-06-17T06:04:35.915" intervalms="21.937">
  <response-info timems="1.103" idlems="0.579" threads="1" lastid="0000000001CCCD00" lastname="Thread-8" />
</exclusive-start>
<af-start id="1696" threadId="0000000001CD8A88" totalBytesRequested="40" timestamp="2019-06-17T06:04:35.916" intervalms="21.973" type="nursery" />
<cycle-start id="1697" type="scavenge" contextid="0" timestamp="2019-06-17T06:04:35.916" intervalms="21.980" />
<gc-start id="1698" type="scavenge" contextid="1697" timestamp="2019-06-17T06:04:35.916">
  <mem-info id="1699" free="2061441776" total="2092630016" percent="98">
    <mem type="nursery" free="0" total="23855104" percent="0">
      <mem type="allocate" free="0" total="21430272" percent="0" />
      <mem type="survivor" free="0" total="2424832" percent="0" />
    </mem>
    <mem type="tenure" free="2061441776" total="2068774912" percent="99">
      <mem type="soa" free="2061441776" total="2068774912" percent="99" />
      <mem type="loa" free="0" total="0" percent="0" />
    </mem>
    <remembered-set count="5210" />
  </mem-info>
</gc-start>
<allocation-stats totalBytes="21016672" >
  <allocated-bytes non-tlh="40" tlh="21016632" />
  <largest-consumer threadName="Thread-9" threadId="0000000001CD4500" bytes="8354712" />
</allocation-stats>
<gc-op id="1700" type="scavenge" timems="1.456" contextid="1697" timestamp="2019-06-17T06:04:35.917">
  <scavenger-info tenureage="2" tenuremask="400c" tiltratio="89" />
  <memory-copied type="nursery" objects="16972" bytes="683848" bytesdiscarded="87080" />
  <memory-copied type="tenure" objects="1951" bytes="46824" bytesdiscarded="0" />
</gc-op>
<gc-end id="1701" type="scavenge" contextid="1697" durationms="1.717" usertimems="4.000" systemtimems="0.000" timestamp="2019-06-17T06:04:35.918" activeThreads="4">
  <mem-info id="1702" free="2082101120" total="2092630016" percent="99">
    <mem type="nursery" free="20659344" total="23855104" percent="86">
      <mem type="allocate" free="20659344" total="21430272" percent="96" />
      <mem type="survivor" free="0" total="2424832" percent="0" />
    </mem>
    <mem type="tenure" free="2061441776" total="2068774912" percent="99">
      <mem type="soa" free="2061441776" total="2068774912" percent="99" />
      <mem type="loa" free="0" total="0" percent="0" />
    </mem>
    <remembered-set count="3258" />
  </mem-info>
</gc-end>
<cycle-end id="1703" type="scavenge" contextid="1697" timestamp="2019-06-17T06:04:35.918" />
  <attribute name="elasticGC enabled" value="1" />
  <attribute name= "numThreadsSpecified" value="4" />
  <attribute name="heapSize specified" value="27394048" />
  <attribute name="Current GC Util" value="8" />
  <attribute name= "Current Time Running" value="2388" />
  <attribute name ="GC Interval" value="200" />
  <attribute name="ProportionalT" value="-12.000000" />
  <attribute name="ProportionalI" value="-12.000000" />
  <attribute name="ProportionalH" value="-12.000000" />
  <attribute name="Current Error" value="-12.000000" />
  <attribute name="IntegralT" value="-264.000000" />
  <attribute name="IntegralI" value="-264.000000" />
  <attribute name="IntegralH" value="-264.000000" />
  <attribute name="DerivativeT" value="-0.545455" />
  <attribute name="DerivativeI" value="-0.545455" />
  <attribute name="DerivativeH" value="-0.545455" />
  <attribute name="Loop Time for DT" value="22.000000" />
  <attribute name="Output H" value="2092630016"/>
  <attribute name="Output I" value="200"/>
  <attribute name="Output T" value="4"/>
  <attribute name="Target GC Util Change" value ="20.000000" />
  <attribute name="Current GC Util Change" value="8.000000"/>
  <attribute name="GC Util currently" value="8" />
  <attribute name="CPU Util currently" value="209776181216" />
<allocation-satisfied id="1704" threadId="0000000001CD8100" bytesRequested="40" />
<af-end id="1705" timestamp="2019-06-17T06:04:35.918" threadId="0000000001CD8A88" success="true" from="nursery"/>
<exclusive-end id="1706" timestamp="2019-06-17T06:04:35.918" durationms="2.480" />

<exclusive-start id="1707" timestamp="2019-06-17T06:04:35.935" intervalms="19.108">
  <response-info timems="0.052" idlems="0.052" threads="0" lastid="0000000001CCCD00" lastname="Thread-8" />
</exclusive-start>
<af-start id="1708" threadId="0000000001CCD688" totalBytesRequested="40" timestamp="2019-06-17T06:04:35.935" intervalms="19.083" type="nursery" />
<cycle-start id="1709" type="scavenge" contextid="0" timestamp="2019-06-17T06:04:35.935" intervalms="19.085" />
<gc-start id="1710" type="scavenge" contextid="1709" timestamp="2019-06-17T06:04:35.935">
  <mem-info id="1711" free="2061441776" total="2092630016" percent="98">
    <mem type="nursery" free="0" total="23855104" percent="0">
      <mem type="allocate" free="0" total="21430272" percent="0" />
      <mem type="survivor" free="0" total="2424832" percent="0" />
    </mem>
    <mem type="tenure" free="2061441776" total="2068774912" percent="99">
      <mem type="soa" free="2061441776" total="2068774912" percent="99" />
      <mem type="loa" free="0" total="0" percent="0" />
    </mem>
    <remembered-set count="4099" />
  </mem-info>
</gc-start>
<allocation-stats totalBytes="20657024" >
  <allocated-bytes non-tlh="40" tlh="20656984" />
  <largest-consumer threadName="Thread-10" threadId="0000000001CD8100" bytes="6913272" />
</allocation-stats>
<gc-op id="1712" type="scavenge" timems="0.949" contextid="1709" timestamp="2019-06-17T06:04:35.936">
  <scavenger-info tenureage="2" tenuremask="4004" tiltratio="89" />
  <memory-copied type="nursery" objects="22644" bytes="957208" bytesdiscarded="238424" />
  <memory-copied type="tenure" objects="7995" bytes="329256" bytesdiscarded="72" />
</gc-op>
<gc-end id="1713" type="scavenge" contextid="1709" durationms="1.296" usertimems="0.000" systemtimems="4.000" timestamp="2019-06-17T06:04:35.936" activeThreads="4">
  <mem-info id="1714" free="2081181824" total="2092630016" percent="99">
    <mem type="nursery" free="20234640" total="23855104" percent="84">
      <mem type="allocate" free="20234640" total="21430272" percent="94" />
      <mem type="survivor" free="0" total="2424832" percent="0" />
    </mem>
    <mem type="tenure" free="2060947184" total="2068774912" percent="99">
      <mem type="soa" free="2060947184" total="2068774912" percent="99" />
      <mem type="loa" free="0" total="0" percent="0" />
    </mem>
    <remembered-set count="3779" />
  </mem-info>
</gc-end>
<cycle-end id="1715" type="scavenge" contextid="1709" timestamp="2019-06-17T06:04:35.936" />
  <attribute name="elasticGC enabled" value="1" />
  <attribute name= "numThreadsSpecified" value="4" />
  <attribute name="heapSize specified" value="27394048" />
  <attribute name="Current GC Util" value="19" />
  <attribute name= "Current Time Running" value="2407" />
  <attribute name ="GC Interval" value="200" />
  <attribute name="ProportionalT" value="-1.000000" />
  <attribute name="ProportionalI" value="-1.000000" />
  <attribute name="ProportionalH" value="-1.000000" />
  <attribute name="Current Error" value="-1.000000" />
  <attribute name="IntegralT" value="-19.000000" />
  <attribute name="IntegralI" value="-19.000000" />
  <attribute name="IntegralH" value="-19.000000" />
  <attribute name="DerivativeT" value="-0.052632" />
  <attribute name="DerivativeI" value="-0.052632" />
  <attribute name="DerivativeH" value="-0.052632" />
  <attribute name="Loop Time for DT" value="19.000000" />
  <attribute name="Output H" value="2092630016"/>
  <attribute name="Output I" value="200"/>
  <attribute name="Output T" value="4"/>
  <attribute name="Target GC Util Change" value ="20.000000" />
  <attribute name="Current GC Util Change" value="19.000000"/>
  <attribute name="GC Util currently" value="19" />
  <attribute name="CPU Util currently" value="242903247639" />
<allocation-satisfied id="1716" threadId="0000000001CCCD00" bytesRequested="40" />
<af-end id="1717" timestamp="2019-06-17T06:04:35.936" threadId="0000000001CCD688" success="true" from="nursery"/>
<exclusive-end id="1718" timestamp="2019-06-17T06:04:35.936" durationms="1.879" />

<exclusive-start id="1719" timestamp="2019-06-17T06:04:35.949" intervalms="14.841">
  <response-info timems="0.033" idlems="0.033" threads="0" lastid="0000000001CD8100" lastname="Thread-10" />
</exclusive-start>
<af-start id="1720" threadId="0000000001CD8A88" totalBytesRequested="24" timestamp="2019-06-17T06:04:35.950" intervalms="14.858" type="nursery" />
<cycle-start id="1721" type="scavenge" contextid="0" timestamp="2019-06-17T06:04:35.950" intervalms="14.854" />
<gc-start id="1722" type="scavenge" contextid="1721" timestamp="2019-06-17T06:04:35.950">
  <mem-info id="1723" free="2060947184" total="2092630016" percent="98">
    <mem type="nursery" free="0" total="23855104" percent="0">
      <mem type="allocate" free="0" total="21430272" percent="0" />
      <mem type="survivor" free="0" total="2424832" percent="0" />
    </mem>
    <mem type="tenure" free="2060947184" total="2068774912" percent="99">
      <mem type="soa" free="2060947184" total="2068774912" percent="99" />
      <mem type="loa" free="0" total="0" percent="0" />
    </mem>
    <remembered-set count="3901" />
  </mem-info>
</gc-start>
<allocation-stats totalBytes="20232752" >
  <allocated-bytes non-tlh="40" tlh="20232712" />
  <largest-consumer threadName="Thread-10" threadId="0000000001CD8100" bytes="7962120" />
</allocation-stats>
<gc-op id="1724" type="scavenge" timems="1.673" contextid="1721" timestamp="2019-06-17T06:04:35.951">
  <scavenger-info tenureage="2" tenuremask="4004" tiltratio="89" />
  <memory-copied type="nursery" objects="15262" bytes="642232" bytesdiscarded="140360" />
  <memory-copied type="tenure" objects="8652" bytes="345024" bytesdiscarded="48" />
</gc-op>
<gc-end id="1725" type="scavenge" contextid="1721" durationms="1.932" usertimems="4.000" systemtimems="0.000" timestamp="2019-06-17T06:04:35.952" activeThreads="4">
  <mem-info id="1726" free="2081323760" total="2092630016" percent="99">
    <mem type="nursery" free="20647680" total="23855104" percent="86">
      <mem type="allocate" free="20647680" total="21430272" percent="96" />
      <mem type="survivor" free="0" total="2424832" percent="0" />
    </mem>
    <mem type="tenure" free="2060676080" total="2068774912" percent="99">
      <mem type="soa" free="2060676080" total="2068774912" percent="99" />
      <mem type="loa" free="0" total="0" percent="0" />
    </mem>
    <remembered-set count="2488" />
  </mem-info>
</gc-end>
<cycle-end id="1727" type="scavenge" contextid="1721" timestamp="2019-06-17T06:04:35.952" />
  <attribute name="elasticGC enabled" value="1" />
  <attribute name= "numThreadsSpecified" value="4" />
  <attribute name="heapSize specified" value="27394048" />
  <attribute name="Current GC Util" value="23" />
  <attribute name= "Current Time Running" value="2422" />
  <attribute name ="GC Interval" value="200" />
  <attribute name="ProportionalT" value="3.000000" />
  <attribute name="ProportionalI" value="3.000000" />
  <attribute name="ProportionalH" value="3.000000" />
  <attribute name="Current Error" value="3.000000" />
  <attribute name="IntegralT" value="45.000000" />
  <attribute name="IntegralI" value="45.000000" />
  <attribute name="IntegralH" value="45.000000" />
  <attribute name="DerivativeT" value="0.200000" />
  <attribute name="DerivativeI" value="0.200000" />
  <attribute name="DerivativeH" value="0.200000" />
  <attribute name="Loop Time for DT" value="15.000000" />
  <attribute name="Output H" value="8388608"/>
  <attribute name="Output I" value="200"/>
  <attribute name="Output T" value="4"/>
  <attribute name="Target GC Util Change" value ="20.000000" />
  <attribute name="Current GC Util Change" value="23.000000"/>
  <attribute name="GC Util currently" value="23" />
  <attribute name="CPU Util currently" value="309375846941" />
<allocation-satisfied id="1728" threadId="0000000001CD8100" bytesRequested="24" />
<af-end id="1729" timestamp="2019-06-17T06:04:35.952" threadId="0000000001CD8A88" success="true" from="nursery"/>
<exclusive-end id="1730" timestamp="2019-06-17T06:04:35.952" durationms="2.694" />

<exclusive-start id="1731" timestamp="2019-06-17T06:04:35.965" intervalms="16.043">
  <response-info timems="0.034" idlems="0.034" threads="0" lastid="0000000001CD4500" lastname="Thread-9" />
</exclusive-start>
<af-start id="1732" threadId="0000000001CD4E88" totalBytesRequested="40" timestamp="2019-06-17T06:04:35.966" intervalms="16.109" type="nursery" />
<cycle-start id="1733" type="scavenge" contextid="0" timestamp="2019-06-17T06:04:35.966" intervalms="16.169" />
<gc-start id="1734" type="scavenge" contextid="1733" timestamp="2019-06-17T06:04:35.966">
  <mem-info id="1735" free="2060676080" total="2092630016" percent="98">
    <mem type="nursery" free="0" total="23855104" percent="0">
      <mem type="allocate" free="0" total="21430272" percent="0" />
      <mem type="survivor" free="0" total="2424832" percent="0" />
    </mem>
    <mem type="tenure" free="2060676080" total="2068774912" percent="99">
      <mem type="soa" free="2060676080" total="2068774912" percent="99" />
      <mem type="loa" free="0" total="0" percent="0" />
    </mem>
    <remembered-set count="3019" />
  </mem-info>
</gc-start>
<allocation-stats totalBytes="20645832" >
  <allocated-bytes non-tlh="24" tlh="20645808" />
  <largest-consumer threadName="Thread-10" threadId="0000000001CD8100" bytes="8093032" />
</allocation-stats>
<gc-op id="1736" type="scavenge" timems="1.770" contextid="1733" timestamp="2019-06-17T06:04:35.968">
  <scavenger-info tenureage="2" tenuremask="4004" tiltratio="89" />
  <memory-copied type="nursery" objects="2886" bytes="71288" bytesdiscarded="85384" />
  <memory-copied type="tenure" objects="13719" bytes="604008" bytesdiscarded="96" />
</gc-op>
<gc-end id="1737" type="scavenge" contextid="1733" durationms="2.092" usertimems="4.000" systemtimems="0.000" timestamp="2019-06-17T06:04:35.968" activeThreads="4">
  <mem-info id="1738" free="2081399024" total="2092630016" percent="99">
    <mem type="nursery" free="21273600" total="23855104" percent="89">
      <mem type="allocate" free="21273600" total="21430272" percent="99" />
      <mem type="survivor" free="0" total="2424832" percent="0" />
    </mem>
    <mem type="tenure" free="2060125424" total="2068774912" percent="99">
      <mem type="soa" free="2060125424" total="2068774912" percent="99" />
      <mem type="loa" free="0" total="0" percent="0" />
    </mem>
    <remembered-set count="2613" />
  </mem-info>
</gc-end>
<cycle-end id="1739" type="scavenge" contextid="1733" timestamp="2019-06-17T06:04:35.968" />
  <attribute name="elasticGC enabled" value="1" />
  <attribute name= "numThreadsSpecified" value="4" />
  <attribute name="heapSize specified" value="27394048" />
  <attribute name="Current GC Util" value="27" />
  <attribute name= "Current Time Running" value="2438" />
  <attribute name ="GC Interval" value="200" />
  <attribute name="ProportionalT" value="7.000000" />
  <attribute name="ProportionalI" value="7.000000" />
  <attribute name="ProportionalH" value="7.000000" />
  <attribute name="Current Error" value="7.000000" />
  <attribute name="IntegralT" value="112.000000" />
  <attribute name="IntegralI" value="112.000000" />
  <attribute name="IntegralH" value="112.000000" />
  <attribute name="DerivativeT" value="0.250000" />
  <attribute name="DerivativeI" value="0.250000" />
  <attribute name="DerivativeH" value="0.250000" />
  <attribute name="Loop Time for DT" value="16.000000" />
  <attribute name="Output H" value="8388608"/>
  <attribute name="Output I" value="200"/>
  <attribute name="Output T" value="4"/>
  <attribute name="Target GC Util Change" value ="20.000000" />
  <attribute name="Current GC Util Change" value="27.000000"/>
  <attribute name="GC Util currently" value="27" />
  <attribute name="CPU Util currently" value="284138059010" />
<allocation-satisfied id="1740" threadId="0000000001CD4500" bytesRequested="40" />
<af-end id="1741" timestamp="2019-06-17T06:04:35.968" threadId="0000000001CD4E88" success="true" from="nursery"/>
<exclusive-end id="1742" timestamp="2019-06-17T06:04:35.968" durationms="3.062" />

<exclusive-start id="1743" timestamp="2019-06-17T06:04:35.984" intervalms="18.342">
  <response-info timems="0.054" idlems="0.054" threads="0" lastid="0000000001CD0900" lastname="Thread-7" />
</exclusive-start>
<af-start id="1744" threadId="0000000001CD1288" totalBytesRequested="40" timestamp="2019-06-17T06:04:35.984" intervalms="18.267" type="nursery" />
<cycle-start id="1745" type="scavenge" contextid="0" timestamp="2019-06-17T06:04:35.984" intervalms="18.208" />
<gc-start id="1746" type="scavenge" contextid="1745" timestamp="2019-06-17T06:04:35.984">
  <mem-info id="1747" free="2060125424" total="2092630016" percent="98">
    <mem type="nursery" free="0" total="23855104" percent="0">
      <mem type="allocate" free="0" total="21430272" percent="0" />
      <mem type="survivor" free="0" total="2424832" percent="0" />
    </mem>
    <mem type="tenure" free="2060125424" total="2068774912" percent="99">
      <mem type="soa" free="2060125424" total="2068774912" percent="99" />
      <mem type="loa" free="0" total="0" percent="0" />
    </mem>
    <remembered-set count="3598" />
  </mem-info>
</gc-start>
<allocation-stats totalBytes="21272744" >
  <allocated-bytes non-tlh="40" tlh="21272704" />
  <largest-consumer threadName="Thread-10" threadId="0000000001CD8100" bytes="8212016" />
</allocation-stats>
<gc-op id="1748" type="scavenge" timems="0.421" contextid="1745" timestamp="2019-06-17T06:04:35.985">
  <scavenger-info tenureage="2" tenuremask="4004" tiltratio="89" />
  <memory-copied type="nursery" objects="2482" bytes="61584" bytesdiscarded="279408" />
  <memory-copied type="tenure" objects="1340" bytes="32160" bytesdiscarded="0" />
</gc-op>
<gc-end id="1749" type="scavenge" contextid="1745" durationms="0.843" usertimems="0.000" systemtimems="0.000" timestamp="2019-06-17T06:04:35.985" activeThreads="4">
  <mem-info id="1750" free="2081214704" total="2092630016" percent="99">
    <mem type="nursery" free="21089280" total="23855104" percent="88">
      <mem type="allocate" free="21089280" total="21430272" percent="98" />
      <mem type="survivor" free="0" total="2424832" percent="0" />
    </mem>
    <mem type="tenure" free="2060125424" total="2068774912" percent="99">
      <mem type="soa" free="2060125424" total="2068774912" percent="99" />
      <mem type="loa" free="0" total="0" percent="0" />
    </mem>
    <remembered-set count="2261" />
  </mem-info>
</gc-end>
<cycle-end id="1751" type="scavenge" contextid="1745" timestamp="2019-06-17T06:04:35.985" />
  <attribute name="elasticGC enabled" value="1" />
  <attribute name= "numThreadsSpecified" value="4" />
  <attribute name="heapSize specified" value="27394048" />
  <attribute name="Current GC Util" value="23" />
  <attribute name= "Current Time Running" value="2457" />
  <attribute name ="GC Interval" value="200" />
  <attribute name="ProportionalT" value="3.000000" />
  <attribute name="ProportionalI" value="3.000000" />
  <attribute name="ProportionalH" value="3.000000" />
  <attribute name="Current Error" value="3.000000" />
  <attribute name="IntegralT" value="57.000000" />
  <attribute name="IntegralI" value="57.000000" />
  <attribute name="IntegralH" value="57.000000" />
  <attribute name="DerivativeT" value="-0.210526" />
  <attribute name="DerivativeI" value="-0.210526" />
  <attribute name="DerivativeH" value="-0.210526" />
  <attribute name="Loop Time for DT" value="19.000000" />
  <attribute name="Output H" value="8388608"/>
  <attribute name="Output I" value="200"/>
  <attribute name="Output T" value="4"/>
  <attribute name="Target GC Util Change" value ="20.000000" />
  <attribute name="Current GC Util Change" value="23.000000"/>
  <attribute name="GC Util currently" value="23" />
  <attribute name="CPU Util currently" value="253651214799" />
<allocation-satisfied id="1752" threadId="0000000001CD0900" bytesRequested="40" />
<af-end id="1753" timestamp="2019-06-17T06:04:35.985" threadId="0000000001CD1288" success="true" from="nursery"/>
<exclusive-end id="1754" timestamp="2019-06-17T06:04:35.985" durationms="1.561" />

<exclusive-start id="1755" timestamp="2019-06-17T06:04:35.999" intervalms="15.540">
  <response-info timems="0.044" idlems="0.044" threads="0" lastid="0000000001CD4500" lastname="Thread-9" />
</exclusive-start>
<af-start id="1756" threadId="0000000001CD4E88" totalBytesRequested="24" timestamp="2019-06-17T06:04:35.999" intervalms="15.563" type="nursery" />
<cycle-start id="1757" type="scavenge" contextid="0" timestamp="2019-06-17T06:04:36.000" intervalms="15.571" />
<gc-start id="1758" type="scavenge" contextid="1757" timestamp="2019-06-17T06:04:36.000">
  <mem-info id="1759" free="2060125424" total="2092630016" percent="98">
    <mem type="nursery" free="0" total="23855104" percent="0">
      <mem type="allocate" free="0" total="21430272" percent="0" />
      <mem type="survivor" free="0" total="2424832" percent="0" />
    </mem>
    <mem type="tenure" free="2060125424" total="2068774912" percent="99">
      <mem type="soa" free="2060125424" total="2068774912" percent="99" />
      <mem type="loa" free="0" total="0" percent="0" />
    </mem>
    <remembered-set count="3240" />
  </mem-info>
</gc-start>
<allocation-stats totalBytes="21088536" >
  <allocated-bytes non-tlh="40" tlh="21088496" />
  <largest-consumer threadName="Thread-7" threadId="0000000001CD0900" bytes="7176008" />
</allocation-stats>
<gc-op id="1760" type="scavenge" timems="1.245" contextid="1757" timestamp="2019-06-17T06:04:36.001">
  <scavenger-info tenureage="2" tenuremask="4004" tiltratio="89" />
  <memory-copied type="nursery" objects="2327" bytes="57984" bytesdiscarded="283008" />
  <memory-copied type="tenure" objects="1177" bytes="28248" bytesdiscarded="0" />
</gc-op>
<gc-end id="1761" type="scavenge" contextid="1757" durationms="1.567" usertimems="4.000" systemtimems="0.000" timestamp="2019-06-17T06:04:36.001" activeThreads="4">
  <mem-info id="1762" free="2081175536" total="2092630016" percent="99">
    <mem type="nursery" free="21089280" total="23855104" percent="88">
      <mem type="allocate" free="21089280" total="21430272" percent="98" />
      <mem type="survivor" free="0" total="2424832" percent="0" />
    </mem>
    <mem type="tenure" free="2060086256" total="2068774912" percent="99">
      <mem type="soa" free="2060086256" total="2068774912" percent="99" />
      <mem type="loa" free="0" total="0" percent="0" />
    </mem>
    <remembered-set count="2060" />
  </mem-info>
</gc-end>
<cycle-end id="1763" type="scavenge" contextid="1757" timestamp="2019-06-17T06:04:36.001" />
  <attribute name="elasticGC enabled" value="1" />
  <attribute name= "numThreadsSpecified" value="4" />
  <attribute name="heapSize specified" value="27394048" />
  <attribute name="Current GC Util" value="7" />
  <attribute name= "Current Time Running" value="2472" />
  <attribute name ="GC Interval" value="200" />
  <attribute name="ProportionalT" value="-13.000000" />
  <attribute name="ProportionalI" value="-13.000000" />
  <attribute name="ProportionalH" value="-13.000000" />
  <attribute name="Current Error" value="-13.000000" />
  <attribute name="IntegralT" value="-195.000000" />
  <attribute name="IntegralI" value="-195.000000" />
  <attribute name="IntegralH" value="-195.000000" />
  <attribute name="DerivativeT" value="-1.066667" />
  <attribute name="DerivativeI" value="-1.066667" />
  <attribute name="DerivativeH" value="-1.066667" />
  <attribute name="Loop Time for DT" value="15.000000" />
  <attribute name="Output H" value="2092630016"/>
  <attribute name="Output I" value="200"/>
  <attribute name="Output T" value="4"/>
  <attribute name="Target GC Util Change" value ="20.000000" />
  <attribute name="Current GC Util Change" value="7.000000"/>
  <attribute name="GC Util currently" value="7" />
  <attribute name="CPU Util currently" value="295629728586" />
<allocation-satisfied id="1764" threadId="0000000001CD4500" bytesRequested="24" />
<af-end id="1765" timestamp="2019-06-17T06:04:36.002" threadId="0000000001CD4E88" success="true" from="nursery"/>
<exclusive-end id="1766" timestamp="2019-06-17T06:04:36.002" durationms="2.385" />

<exclusive-start id="1767" timestamp="2019-06-17T06:04:36.016" intervalms="16.216">
  <response-info timems="0.046" idlems="0.046" threads="0" lastid="0000000001CD0900" lastname="Thread-7" />
</exclusive-start>
<af-start id="1768" threadId="0000000001CD1288" totalBytesRequested="40" timestamp="2019-06-17T06:04:36.016" intervalms="16.208" type="nursery" />
<cycle-start id="1769" type="scavenge" contextid="0" timestamp="2019-06-17T06:04:36.016" intervalms="16.198" />
<gc-start id="1770" type="scavenge" contextid="1769" timestamp="2019-06-17T06:04:36.016">
  <mem-info id="1771" free="2060086256" total="2092630016" percent="98">
    <mem type="nursery" free="0" total="23855104" percent="0">
      <mem type="allocate" free="0" total="21430272" percent="0" />
      <mem type="survivor" free="0" total="2424832" percent="0" />
    </mem>
    <mem type="tenure" free="2060086256" total="2068774912" percent="99">
      <mem type="soa" free="2060086256" total="2068774912" percent="99" />
      <mem type="loa" free="0" total="0" percent="0" />
    </mem>
    <remembered-set count="3145" />
  </mem-info>
</gc-start>
<allocation-stats totalBytes="21087104" >
  <allocated-bytes non-tlh="24" tlh="21087080" />
  <largest-consumer threadName="Thread-7" threadId="0000000001CD0900" bytes="7961960" />
</allocation-stats>
<gc-op id="1772" type="scavenge" timems="0.400" contextid="1769" timestamp="2019-06-17T06:04:36.016">
  <scavenger-info tenureage="2" tenuremask="4004" tiltratio="89" />
  <memory-copied type="nursery" objects="2395" bytes="59136" bytesdiscarded="281856" />
  <memory-copied type="tenure" objects="987" bytes="23688" bytesdiscarded="0" />
</gc-op>
<gc-end id="1773" type="scavenge" contextid="1769" durationms="0.739" usertimems="0.000" systemtimems="0.000" timestamp="2019-06-17T06:04:36.017" activeThreads="4">
  <mem-info id="1774" free="2081175536" total="2092630016" percent="99">
    <mem type="nursery" free="21089280" total="23855104" percent="88">
      <mem type="allocate" free="21089280" total="21430272" percent="98" />
      <mem type="survivor" free="0" total="2424832" percent="0" />
    </mem>
    <mem type="tenure" free="2060086256" total="2068774912" percent="99">
      <mem type="soa" free="2060086256" total="2068774912" percent="99" />
      <mem type="loa" free="0" total="0" percent="0" />
    </mem>
    <remembered-set count="2158" />
  </mem-info>
</gc-end>
<cycle-end id="1775" type="scavenge" contextid="1769" timestamp="2019-06-17T06:04:36.017" />
  <attribute name="elasticGC enabled" value="1" />
  <attribute name= "numThreadsSpecified" value="4" />
  <attribute name="heapSize specified" value="27394048" />
  <attribute name="Current GC Util" value="18" />
  <attribute name= "Current Time Running" value="2488" />
  <attribute name ="GC Interval" value="200" />
  <attribute name="ProportionalT" value="-2.000000" />
  <attribute name="ProportionalI" value="-2.000000" />
  <attribute name="ProportionalH" value="-2.000000" />
  <attribute name="Current Error" value="-2.000000" />
  <attribute name="IntegralT" value="-32.000000" />
  <attribute name="IntegralI" value="-32.000000" />
  <attribute name="IntegralH" value="-32.000000" />
  <attribute name="DerivativeT" value="-0.125000" />
  <attribute name="DerivativeI" value="-0.125000" />
  <attribute name="DerivativeH" value="-0.125000" />
  <attribute name="Loop Time for DT" value="16.000000" />
  <attribute name="Output H" value="2092630016"/>
  <attribute name="Output I" value="200"/>
  <attribute name="Output T" value="4"/>
  <attribute name="Target GC Util Change" value ="20.000000" />
  <attribute name="Current GC Util Change" value="18.000000"/>
  <attribute name="GC Util currently" value="18" />
  <attribute name="CPU Util currently" value="286555600957" />
<allocation-satisfied id="1776" threadId="0000000001CD0900" bytesRequested="40" />
<af-end id="1777" timestamp="2019-06-17T06:04:36.017" threadId="0000000001CD1288" success="true" from="nursery"/>
<exclusive-end id="1778" timestamp="2019-06-17T06:04:36.017" durationms="1.384" />

<exclusive-start id="1779" timestamp="2019-06-17T06:04:36.029" intervalms="13.709">
  <response-info timems="0.036" idlems="0.036" threads="0" lastid="0000000001CD4500" lastname="Thread-9" />
</exclusive-start>
<af-start id="1780" threadId="0000000001CD4E88" totalBytesRequested="40" timestamp="2019-06-17T06:04:36.029" intervalms="13.706" type="nursery" />
<cycle-start id="1781" type="scavenge" contextid="0" timestamp="2019-06-17T06:04:36.030" intervalms="13.752" />
<gc-start id="1782" type="scavenge" contextid="1781" timestamp="2019-06-17T06:04:36.030">
  <mem-info id="1783" free="2060086256" total="2092630016" percent="98">
    <mem type="nursery" free="0" total="23855104" percent="0">
      <mem type="allocate" free="0" total="21430272" percent="0" />
      <mem type="survivor" free="0" total="2424832" percent="0" />
    </mem>
    <mem type="tenure" free="2060086256" total="2068774912" percent="99">
      <mem type="soa" free="2060086256" total="2068774912" percent="99" />
      <mem type="loa" free="0" total="0" percent="0" />
    </mem>
    <remembered-set count="3643" />
  </mem-info>
</gc-start>
<allocation-stats totalBytes="21088520" >
  <allocated-bytes non-tlh="40" tlh="21088480" />
  <largest-consumer threadName="Thread-9" threadId="0000000001CD4500" bytes="7831376" />
</allocation-stats>
<gc-op id="1784" type="scavenge" timems="1.637" contextid="1781" timestamp="2019-06-17T06:04:36.032">
  <scavenger-info tenureage="2" tenuremask="fff4" tiltratio="89" />
  <memory-copied type="nursery" objects="2903" bytes="71720" bytesdiscarded="84952" />
  <memory-copied type="tenure" objects="978" bytes="23472" bytesdiscarded="0" />
</gc-op>
<gc-end id="1785" type="scavenge" contextid="1781" durationms="2.118" usertimems="0.000" systemtimems="4.000" timestamp="2019-06-17T06:04:36.032" activeThreads="4">
  <mem-info id="1786" free="2081359856" total="2092630016" percent="99">
    <mem type="nursery" free="21273600" total="23855104" percent="89">
      <mem type="allocate" free="21273600" total="21430272" percent="99" />
      <mem type="survivor" free="0" total="2424832" percent="0" />
    </mem>
    <mem type="tenure" free="2060086256" total="2068774912" percent="99">
      <mem type="soa" free="2060086256" total="2068774912" percent="99" />
      <mem type="loa" free="0" total="0" percent="0" />
    </mem>
    <remembered-set count="2665" />
  </mem-info>
</gc-end>
<cycle-end id="1787" type="scavenge" contextid="1781" timestamp="2019-06-17T06:04:36.032" />
  <attribute name="elasticGC enabled" value="1" />
  <attribute name= "numThreadsSpecified" value="4" />
  <attribute name="heapSize specified" value="27394048" />
  <attribute name="Current GC Util" value="7" />
  <attribute name= "Current Time Running" value="2502" />
  <attribute name ="GC Interval" value="200" />
  <attribute name="ProportionalT" value="-13.000000" />
  <attribute name="ProportionalI" value="-13.000000" />
  <attribute name="ProportionalH" value="-13.000000" />
  <attribute name="Current Error" value="-13.000000" />
  <attribute name="IntegralT" value="-182.000000" />
  <attribute name="IntegralI" value="-182.000000" />
  <attribute name="IntegralH" value="-182.000000" />
  <attribute name="DerivativeT" value="-0.928571" />
  <attribute name="DerivativeI" value="-0.928571" />
  <attribute name="DerivativeH" value="-0.928571" />
  <attribute name="Loop Time for DT" value="14.000000" />
  <attribute name="Output H" value="2092630016"/>
  <attribute name="Output I" value="200"/>
  <attribute name="Output T" value="4"/>
  <attribute name="Target GC Util Change" value ="20.000000" />
  <attribute name="Current GC Util Change" value="7.000000"/>
  <attribute name="GC Util currently" value="7" />
  <attribute name="CPU Util currently" value="328499344035" />
<allocation-satisfied id="1788" threadId="0000000001CD4500" bytesRequested="40" />
<af-end id="1789" timestamp="2019-06-17T06:04:36.032" threadId="0000000001CD4E88" success="true" from="nursery"/>
<exclusive-end id="1790" timestamp="2019-06-17T06:04:36.032" durationms="3.077" />

<exclusive-start id="1791" timestamp="2019-06-17T06:04:36.044" intervalms="15.034">
  <response-info timems="0.060" idlems="0.060" threads="0" lastid="0000000001CCCD00" lastname="Thread-8" />
</exclusive-start>
<af-start id="1792" threadId="0000000001CCD688" totalBytesRequested="40" timestamp="2019-06-17T06:04:36.044" intervalms="15.018" type="nursery" />
<cycle-start id="1793" type="scavenge" contextid="0" timestamp="2019-06-17T06:04:36.044" intervalms="14.981" />
<gc-start id="1794" type="scavenge" contextid="1793" timestamp="2019-06-17T06:04:36.045">
  <mem-info id="1795" free="2060086256" total="2092630016" percent="98">
    <mem type="nursery" free="0" total="23855104" percent="0">
      <mem type="allocate" free="0" total="21430272" percent="0" />
      <mem type="survivor" free="0" total="2424832" percent="0" />
    </mem>
    <mem type="tenure" free="2060086256" total="2068774912" percent="99">
      <mem type="soa" free="2060086256" total="2068774912" percent="99" />
      <mem type="loa" free="0" total="0" percent="0" />
    </mem>
    <remembered-set count="4168" />
  </mem-info>
</gc-start>
<allocation-stats totalBytes="21272776" >
  <allocated-bytes non-tlh="40" tlh="21272736" />
  <largest-consumer threadName="Thread-9" threadId="0000000001CD4500" bytes="8093352" />
</allocation-stats>
<gc-op id="1796" type="scavenge" timems="1.607" contextid="1793" timestamp="2019-06-17T06:04:36.046">
  <scavenger-info tenureage="2" tenuremask="fff4" tiltratio="89" />
  <memory-copied type="nursery" objects="4288" bytes="104424" bytesdiscarded="91416" />
  <memory-copied type="tenure" objects="1088" bytes="26112" bytesdiscarded="0" />
</gc-op>
<gc-end id="1797" type="scavenge" contextid="1793" durationms="2.037" usertimems="4.000" systemtimems="0.000" timestamp="2019-06-17T06:04:36.047" activeThreads="4">
  <mem-info id="1798" free="2081320688" total="2092630016" percent="99">
    <mem type="nursery" free="21234432" total="23855104" percent="89">
      <mem type="allocate" free="21234432" total="21430272" percent="99" />
      <mem type="survivor" free="0" total="2424832" percent="0" />
    </mem>
    <mem type="tenure" free="2060086256" total="2068774912" percent="99">
      <mem type="soa" free="2060086256" total="2068774912" percent="99" />
      <mem type="loa" free="0" total="0" percent="0" />
    </mem>
    <remembered-set count="3080" />
  </mem-info>
</gc-end>
<cycle-end id="1799" type="scavenge" contextid="1793" timestamp="2019-06-17T06:04:36.047" />
  <attribute name="elasticGC enabled" value="1" />
  <attribute name= "numThreadsSpecified" value="4" />
  <attribute name="heapSize specified" value="27394048" />
  <attribute name="Current GC Util" value="21" />
  <attribute name= "Current Time Running" value="2517" />
  <attribute name ="GC Interval" value="200" />
  <attribute name="ProportionalT" value="1.000000" />
  <attribute name="ProportionalI" value="1.000000" />
  <attribute name="ProportionalH" value="1.000000" />
  <attribute name="Current Error" value="1.000000" />
  <attribute name="IntegralT" value="15.000000" />
  <attribute name="IntegralI" value="15.000000" />
  <attribute name="IntegralH" value="15.000000" />
  <attribute name="DerivativeT" value="0.066667" />
  <attribute name="DerivativeI" value="0.066667" />
  <attribute name="DerivativeH" value="0.066667" />
  <attribute name="Loop Time for DT" value="15.000000" />
  <attribute name="Output H" value="8388608"/>
  <attribute name="Output I" value="200"/>
  <attribute name="Output T" value="4"/>
  <attribute name="Target GC Util Change" value ="20.000000" />
  <attribute name="Current GC Util Change" value="21.000000"/>
  <attribute name="GC Util currently" value="21" />
  <attribute name="CPU Util currently" value="309742224270" />
<allocation-satisfied id="1800" threadId="0000000001CCCD00" bytesRequested="40" />
<af-end id="1801" timestamp="2019-06-17T06:04:36.047" threadId="0000000001CCD688" success="true" from="nursery"/>
<exclusive-end id="1802" timestamp="2019-06-17T06:04:36.047" durationms="2.819" />

<exclusive-start id="1803" timestamp="2019-06-17T06:04:36.060" intervalms="16.168">
  <response-info timems="0.205" idlems="0.186" threads="1" lastid="0000000001CD4500" lastname="Thread-9" />
</exclusive-start>
<af-start id="1804" threadId="0000000001CD8A88" totalBytesRequested="40" timestamp="2019-06-17T06:04:36.061" intervalms="16.214" type="nursery" />
<cycle-start id="1805" type="scavenge" contextid="0" timestamp="2019-06-17T06:04:36.061" intervalms="16.211" />
<gc-start id="1806" type="scavenge" contextid="1805" timestamp="2019-06-17T06:04:36.061">
  <mem-info id="1807" free="2060086256" total="2092630016" percent="98">
    <mem type="nursery" free="0" total="23855104" percent="0">
      <mem type="allocate" free="0" total="21430272" percent="0" />
      <mem type="survivor" free="0" total="2424832" percent="0" />
    </mem>
    <mem type="tenure" free="2060086256" total="2068774912" percent="99">
      <mem type="soa" free="2060086256" total="2068774912" percent="99" />
      <mem type="loa" free="0" total="0" percent="0" />
    </mem>
    <remembered-set count="3443" />
  </mem-info>
</gc-start>
<allocation-stats totalBytes="21233448" >
  <allocated-bytes non-tlh="40" tlh="21233408" />
  <largest-consumer threadName="Thread-9" threadId="0000000001CD4500" bytes="8355256" />
</allocation-stats>
<gc-op id="1808" type="scavenge" timems="1.022" contextid="1805" timestamp="2019-06-17T06:04:36.062">
  <scavenger-info tenureage="2" tenuremask="fff4" tiltratio="89" />
  <memory-copied type="nursery" objects="8738" bytes="348728" bytesdiscarded="62152" />
  <memory-copied type="tenure" objects="1481" bytes="35544" bytesdiscarded="0" />
</gc-op>
<gc-end id="1809" type="scavenge" contextid="1805" durationms="1.476" usertimems="4.000" systemtimems="0.000" timestamp="2019-06-17T06:04:36.062" activeThreads="1">
  <mem-info id="1810" free="2081066480" total="2092630016" percent="99">
    <mem type="nursery" free="21019392" total="23855104" percent="88">
      <mem type="allocate" free="21019392" total="21430272" percent="98" />
      <mem type="survivor" free="0" total="2424832" percent="0" />
    </mem>
    <mem type="tenure" free="2060047088" total="2068774912" percent="99">
      <mem type="soa" free="2060047088" total="2068774912" percent="99" />
      <mem type="loa" free="0" total="0" percent="0" />
    </mem>
    <remembered-set count="1962" />
  </mem-info>
</gc-end>
<cycle-end id="1811" type="scavenge" contextid="1805" timestamp="2019-06-17T06:04:36.062" />
  <attribute name="elasticGC enabled" value="1" />
  <attribute name= "numThreadsSpecified" value="1" />
  <attribute name="heapSize specified" value="27394048" />
  <attribute name="Current GC Util" value="20" />
  <attribute name= "Current Time Running" value="2533" />
  <attribute name ="GC Interval" value="200" />
  <attribute name="ProportionalT" value="0.000000" />
  <attribute name="ProportionalI" value="0.000000" />
  <attribute name="ProportionalH" value="0.000000" />
  <attribute name="Current Error" value="0.000000" />
  <attribute name="IntegralT" value="0.000000" />
  <attribute name="IntegralI" value="0.000000" />
  <attribute name="IntegralH" value="0.000000" />
  <attribute name="DerivativeT" value="-0.062500" />
  <attribute name="DerivativeI" value="-0.062500" />
  <attribute name="DerivativeH" value="-0.062500" />
  <attribute name="Loop Time for DT" value="16.000000" />
  <attribute name="Output H" value="8388608"/>
  <attribute name="Output I" value="200"/>
  <attribute name="Output T" value="1"/>
  <attribute name="Target GC Util Change" value ="20.000000" />
  <attribute name="Current GC Util Change" value="20.000000"/>
  <attribute name="GC Util currently" value="20" />
  <attribute name="CPU Util currently" value="283207947725" />
<allocation-satisfied id="1812" threadId="0000000001CD8100" bytesRequested="40" />
<af-end id="1813" timestamp="2019-06-17T06:04:36.063" threadId="0000000001CD8A88" success="true" from="nursery"/>
<exclusive-end id="1814" timestamp="2019-06-17T06:04:36.063" durationms="2.374" />

<exclusive-start id="1815" timestamp="2019-06-17T06:04:36.071" intervalms="10.816">
  <response-info timems="0.029" idlems="0.029" threads="0" lastid="0000000001CD0900" lastname="Thread-7" />
</exclusive-start>
<af-start id="1816" threadId="0000000001CD1288" totalBytesRequested="40" timestamp="2019-06-17T06:04:36.071" intervalms="10.769" type="nursery" />
<cycle-start id="1817" type="scavenge" contextid="0" timestamp="2019-06-17T06:04:36.071" intervalms="10.763" />
<gc-start id="1818" type="scavenge" contextid="1817" timestamp="2019-06-17T06:04:36.072">
  <mem-info id="1819" free="2060047088" total="2092630016" percent="98">
    <mem type="nursery" free="0" total="23855104" percent="0">
      <mem type="allocate" free="0" total="21430272" percent="0" />
      <mem type="survivor" free="0" total="2424832" percent="0" />
    </mem>
    <mem type="tenure" free="2060047088" total="2068774912" percent="99">
      <mem type="soa" free="2060047088" total="2068774912" percent="99" />
      <mem type="loa" free="0" total="0" percent="0" />
    </mem>
    <remembered-set count="2812" />
  </mem-info>
</gc-start>
<allocation-stats totalBytes="21018488" >
  <allocated-bytes non-tlh="40" tlh="21018448" />
  <largest-consumer threadName="Thread-7" threadId="0000000001CD0900" bytes="6258464" />
</allocation-stats>
<gc-op id="1820" type="scavenge" timems="0.481" contextid="1817" timestamp="2019-06-17T06:04:36.072">
  <scavenger-info tenureage="2" tenuremask="4004" tiltratio="89" />
  <memory-copied type="nursery" objects="7273" bytes="313608" bytesdiscarded="184056" />
  <memory-copied type="tenure" objects="2528" bytes="60672" bytesdiscarded="504" />
</gc-op>
<gc-end id="1821" type="scavenge" contextid="1817" durationms="0.949" usertimems="0.000" systemtimems="0.000" timestamp="2019-06-17T06:04:36.073" activeThreads="4">
  <mem-info id="1822" free="2080979696" total="2092630016" percent="99">
    <mem type="nursery" free="20932608" total="23855104" percent="87">
      <mem type="allocate" free="20932608" total="21430272" percent="97" />
      <mem type="survivor" free="0" total="2424832" percent="0" />
    </mem>
    <mem type="tenure" free="2060047088" total="2068774912" percent="99">
      <mem type="soa" free="2060047088" total="2068774912" percent="99" />
      <mem type="loa" free="0" total="0" percent="0" />
    </mem>
    <remembered-set count="1306" />
  </mem-info>
</gc-end>
<cycle-end id="1823" type="scavenge" contextid="1817" timestamp="2019-06-17T06:04:36.073" />
  <attribute name="elasticGC enabled" value="1" />
  <attribute name= "numThreadsSpecified" value="4" />
  <attribute name="heapSize specified" value="27394048" />
  <attribute name="Current GC Util" value="12" />
  <attribute name= "Current Time Running" value="2544" />
  <attribute name ="GC Interval" value="200" />
  <attribute name="ProportionalT" value="-8.000000" />
  <attribute name="ProportionalI" value="-8.000000" />
  <attribute name="ProportionalH" value="-8.000000" />
  <attribute name="Current Error" value="-8.000000" />
  <attribute name="IntegralT" value="-88.000000" />
  <attribute name="IntegralI" value="-88.000000" />
  <attribute name="IntegralH" value="-88.000000" />
  <attribute name="DerivativeT" value="-0.727273" />
  <attribute name="DerivativeI" value="-0.727273" />
  <attribute name="DerivativeH" value="-0.727273" />
  <attribute name="Loop Time for DT" value="11.000000" />
  <attribute name="Output H" value="2092630016"/>
  <attribute name="Output I" value="200"/>
  <attribute name="Output T" value="4"/>
  <attribute name="Target GC Util Change" value ="20.000000" />
  <attribute name="Current GC Util Change" value="12.000000"/>
  <attribute name="GC Util currently" value="12" />
  <attribute name="CPU Util currently" value="433798802202" />
<allocation-satisfied id="1824" threadId="0000000001CD0900" bytesRequested="40" />
<af-end id="1825" timestamp="2019-06-17T06:04:36.073" threadId="0000000001CD1288" success="true" from="nursery"/>
<exclusive-end id="1826" timestamp="2019-06-17T06:04:36.073" durationms="1.625" />

<exclusive-start id="1827" timestamp="2019-06-17T06:04:36.080" intervalms="8.580">
  <response-info timems="0.024" idlems="0.024" threads="0" lastid="0000000001CD0900" lastname="Thread-7" />
</exclusive-start>
<af-start id="1828" threadId="0000000001CD1288" totalBytesRequested="40" timestamp="2019-06-17T06:04:36.080" intervalms="8.556" type="nursery" />
<cycle-start id="1829" type="scavenge" contextid="0" timestamp="2019-06-17T06:04:36.080" intervalms="8.546" />
<gc-start id="1830" type="scavenge" contextid="1829" timestamp="2019-06-17T06:04:36.080">
  <mem-info id="1831" free="2060047088" total="2092630016" percent="98">
    <mem type="nursery" free="0" total="23855104" percent="0">
      <mem type="allocate" free="0" total="21430272" percent="0" />
      <mem type="survivor" free="0" total="2424832" percent="0" />
    </mem>
    <mem type="tenure" free="2060047088" total="2068774912" percent="99">
      <mem type="soa" free="2060047088" total="2068774912" percent="99" />
      <mem type="loa" free="0" total="0" percent="0" />
    </mem>
    <remembered-set count="2278" />
  </mem-info>
</gc-start>
<allocation-stats totalBytes="20931776" >
  <allocated-bytes non-tlh="40" tlh="20931736" />
  <largest-consumer threadName="Thread-10" threadId="0000000001CD8100" bytes="5865152" />
</allocation-stats>
<gc-op id="1832" type="scavenge" timems="0.454" contextid="1829" timestamp="2019-06-17T06:04:36.081">
  <scavenger-info tenureage="2" tenuremask="fff4" tiltratio="89" />
  <memory-copied type="nursery" objects="2669" bytes="65720" bytesdiscarded="160840" />
  <memory-copied type="tenure" objects="5930" bytes="279696" bytesdiscarded="96" />
</gc-op>
<gc-end id="1833" type="scavenge" contextid="1829" durationms="0.814" usertimems="4.000" systemtimems="0.000" timestamp="2019-06-17T06:04:36.081" activeThreads="4">
  <mem-info id="1834" free="2080882304" total="2092630016" percent="99">
    <mem type="nursery" free="21203712" total="23855104" percent="88">
      <mem type="allocate" free="21203712" total="21430272" percent="98" />
      <mem type="survivor" free="0" total="2424832" percent="0" />
    </mem>
    <mem type="tenure" free="2059678592" total="2068774912" percent="99">
      <mem type="soa" free="2059678592" total="2068774912" percent="99" />
      <mem type="loa" free="0" total="0" percent="0" />
    </mem>
    <remembered-set count="2468" />
  </mem-info>
</gc-end>
<cycle-end id="1835" type="scavenge" contextid="1829" timestamp="2019-06-17T06:04:36.081" />
  <attribute name="elasticGC enabled" value="1" />
  <attribute name= "numThreadsSpecified" value="4" />
  <attribute name="heapSize specified" value="27394048" />
  <attribute name="Current GC Util" value="17" />
  <attribute name= "Current Time Running" value="2552" />
  <attribute name ="GC Interval" value="200" />
  <attribute name="ProportionalT" value="-3.000000" />
  <attribute name="ProportionalI" value="-3.000000" />
  <attribute name="ProportionalH" value="-3.000000" />
  <attribute name="Current Error" value="-3.000000" />
  <attribute name="IntegralT" value="-24.000000" />
  <attribute name="IntegralI" value="-24.000000" />
  <attribute name="IntegralH" value="-24.000000" />
  <attribute name="DerivativeT" value="-0.375000" />
  <attribute name="DerivativeI" value="-0.375000" />
  <attribute name="DerivativeH" value="-0.375000" />
  <attribute name="Loop Time for DT" value="8.000000" />
  <attribute name="Output H" value="2092630016"/>
  <attribute name="Output I" value="200"/>
  <attribute name="Output T" value="4"/>
  <attribute name="Target GC Util Change" value ="20.000000" />
  <attribute name="Current GC Util Change" value="17.000000"/>
  <attribute name="GC Util currently" value="17" />
  <attribute name="CPU Util currently" value="547899828004" />
<allocation-satisfied id="1836" threadId="0000000001CD0900" bytesRequested="40" />
<af-end id="1837" timestamp="2019-06-17T06:04:36.081" threadId="0000000001CD1288" success="true" from="nursery"/>
<exclusive-end id="1838" timestamp="2019-06-17T06:04:36.081" durationms="1.463" />

<exclusive-start id="1839" timestamp="2019-06-17T06:04:36.088" intervalms="8.536">
  <response-info timems="0.034" idlems="0.034" threads="0" lastid="0000000001CD8100" lastname="Thread-10" />
</exclusive-start>
<af-start id="1840" threadId="0000000001CD8A88" totalBytesRequested="40" timestamp="2019-06-17T06:04:36.088" intervalms="8.554" type="nursery" />
<cycle-start id="1841" type="scavenge" contextid="0" timestamp="2019-06-17T06:04:36.089" intervalms="8.590" />
<gc-start id="1842" type="scavenge" contextid="1841" timestamp="2019-06-17T06:04:36.089">
  <mem-info id="1843" free="2059678592" total="2092630016" percent="98">
    <mem type="nursery" free="0" total="23855104" percent="0">
      <mem type="allocate" free="0" total="21430272" percent="0" />
      <mem type="survivor" free="0" total="2424832" percent="0" />
    </mem>
    <mem type="tenure" free="2059678592" total="2068774912" percent="99">
      <mem type="soa" free="2059678592" total="2068774912" percent="99" />
      <mem type="loa" free="0" total="0" percent="0" />
    </mem>
    <remembered-set count="3735" />
  </mem-info>
</gc-start>
<allocation-stats totalBytes="21202488" >
  <allocated-bytes non-tlh="40" tlh="21202448" />
  <largest-consumer threadName="Thread-7" threadId="0000000001CD0900" bytes="5734016" />
</allocation-stats>
<gc-op id="1844" type="scavenge" timems="1.333" contextid="1841" timestamp="2019-06-17T06:04:36.090">
  <scavenger-info tenureage="2" tenuremask="fff4" tiltratio="89" />
  <memory-copied type="nursery" objects="2921" bytes="72000" bytesdiscarded="84672" />
  <memory-copied type="tenure" objects="1075" bytes="25800" bytesdiscarded="0" />
</gc-op>
<gc-end id="1845" type="scavenge" contextid="1841" durationms="1.571" usertimems="4.000" systemtimems="0.000" timestamp="2019-06-17T06:04:36.090" activeThreads="4">
  <mem-info id="1846" free="2080952192" total="2092630016" percent="99">
    <mem type="nursery" free="21273600" total="23855104" percent="89">
      <mem type="allocate" free="21273600" total="21430272" percent="99" />
      <mem type="survivor" free="0" total="2424832" percent="0" />
    </mem>
    <mem type="tenure" free="2059678592" total="2068774912" percent="99">
      <mem type="soa" free="2059678592" total="2068774912" percent="99" />
      <mem type="loa" free="0" total="0" percent="0" />
    </mem>
    <remembered-set count="2660" />
  </mem-info>
</gc-end>
<cycle-end id="1847" type="scavenge" contextid="1841" timestamp="2019-06-17T06:04:36.090" />
  <attribute name="elasticGC enabled" value="1" />
  <attribute name= "numThreadsSpecified" value="4" />
  <attribute name="heapSize specified" value="27394048" />
  <attribute name="Current GC Util" value="18" />
  <attribute name= "Current Time Running" value="2561" />
  <attribute name ="GC Interval" value="200" />
  <attribute name="ProportionalT" value="-2.000000" />
  <attribute name="ProportionalI" value="-2.000000" />
  <attribute name="ProportionalH" value="-2.000000" />
  <attribute name="Current Error" value="-2.000000" />
  <attribute name="IntegralT" value="-18.000000" />
  <attribute name="IntegralI" value="-18.000000" />
  <attribute name="IntegralH" value="-18.000000" />
  <attribute name="DerivativeT" value="-0.222222" />
  <attribute name="DerivativeI" value="-0.222222" />
  <attribute name="DerivativeH" value="-0.222222" />
  <attribute name="Loop Time for DT" value="9.000000" />
  <attribute name="Output H" value="2092630016"/>
  <attribute name="Output I" value="200"/>
  <attribute name="Output T" value="4"/>
  <attribute name="Target GC Util Change" value ="20.000000" />
  <attribute name="Current GC Util Change" value="18.000000"/>
  <attribute name="GC Util currently" value="18" />
  <attribute name="CPU Util currently" value="534279082670" />
<allocation-satisfied id="1848" threadId="0000000001CD8100" bytesRequested="40" />
<af-end id="1849" timestamp="2019-06-17T06:04:36.091" threadId="0000000001CD8A88" success="true" from="nursery"/>
<exclusive-end id="1850" timestamp="2019-06-17T06:04:36.091" durationms="2.339" />

<exclusive-start id="1851" timestamp="2019-06-17T06:04:36.098" intervalms="9.621">
  <response-info timems="0.025" idlems="0.025" threads="0" lastid="0000000001CD0900" lastname="Thread-7" />
</exclusive-start>
<af-start id="1852" threadId="0000000001CD1288" totalBytesRequested="24" timestamp="2019-06-17T06:04:36.098" intervalms="9.605" type="nursery" />
<cycle-start id="1853" type="scavenge" contextid="0" timestamp="2019-06-17T06:04:36.098" intervalms="9.575" />
<gc-start id="1854" type="scavenge" contextid="1853" timestamp="2019-06-17T06:04:36.098">
  <mem-info id="1855" free="2059678592" total="2092630016" percent="98">
    <mem type="nursery" free="0" total="23855104" percent="0">
      <mem type="allocate" free="0" total="21430272" percent="0" />
      <mem type="survivor" free="0" total="2424832" percent="0" />
    </mem>
    <mem type="tenure" free="2059678592" total="2068774912" percent="99">
      <mem type="soa" free="2059678592" total="2068774912" percent="99" />
      <mem type="loa" free="0" total="0" percent="0" />
    </mem>
    <remembered-set count="3929" />
  </mem-info>
</gc-start>
<allocation-stats totalBytes="21273008" >
  <allocated-bytes non-tlh="40" tlh="21272968" />
  <largest-consumer threadName="Thread-7" threadId="0000000001CD0900" bytes="5905192" />
</allocation-stats>
<gc-op id="1856" type="scavenge" timems="0.384" contextid="1853" timestamp="2019-06-17T06:04:36.099">
  <scavenger-info tenureage="2" tenuremask="fff4" tiltratio="89" />
  <memory-copied type="nursery" objects="2884" bytes="70992" bytesdiscarded="331440" />
  <memory-copied type="tenure" objects="1293" bytes="31032" bytesdiscarded="0" />
</gc-op>
<gc-end id="1857" type="scavenge" contextid="1853" durationms="0.748" usertimems="0.000" systemtimems="0.000" timestamp="2019-06-17T06:04:36.099" activeThreads="4">
  <mem-info id="1858" free="2080605824" total="2092630016" percent="99">
    <mem type="nursery" free="21027840" total="23855104" percent="88">
      <mem type="allocate" free="21027840" total="21430272" percent="98" />
      <mem type="survivor" free="0" total="2424832" percent="0" />
    </mem>
    <mem type="tenure" free="2059577984" total="2068774912" percent="99">
      <mem type="soa" free="2059577984" total="2068774912" percent="99" />
      <mem type="loa" free="0" total="0" percent="0" />
    </mem>
    <remembered-set count="2638" />
  </mem-info>
</gc-end>
<cycle-end id="1859" type="scavenge" contextid="1853" timestamp="2019-06-17T06:04:36.099" />
  <attribute name="elasticGC enabled" value="1" />
  <attribute name= "numThreadsSpecified" value="4" />
  <attribute name="heapSize specified" value="27394048" />
  <attribute name="Current GC Util" value="32" />
  <attribute name= "Current Time Running" value="2571" />
  <attribute name ="GC Interval" value="200" />
  <attribute name="ProportionalT" value="12.000000" />
  <attribute name="ProportionalI" value="12.000000" />
  <attribute name="ProportionalH" value="12.000000" />
  <attribute name="Current Error" value="12.000000" />
  <attribute name="IntegralT" value="120.000000" />
  <attribute name="IntegralI" value="120.000000" />
  <attribute name="IntegralH" value="120.000000" />
  <attribute name="DerivativeT" value="1.200000" />
  <attribute name="DerivativeI" value="1.200000" />
  <attribute name="DerivativeH" value="1.200000" />
  <attribute name="Loop Time for DT" value="10.000000" />
  <attribute name="Output H" value="8388608"/>
  <attribute name="Output I" value="200"/>
  <attribute name="Output T" value="4"/>
  <attribute name="Target GC Util Change" value ="20.000000" />
  <attribute name="Current GC Util Change" value="32.000000"/>
  <attribute name="GC Util currently" value="32" />
  <attribute name="CPU Util currently" value="481441675825" />
<allocation-satisfied id="1860" threadId="0000000001CD0900" bytesRequested="24" />
<af-end id="1861" timestamp="2019-06-17T06:04:36.099" threadId="0000000001CD1288" success="true" from="nursery"/>
<exclusive-end id="1862" timestamp="2019-06-17T06:04:36.099" durationms="1.369" />

<exclusive-start id="1863" timestamp="2019-06-17T06:04:36.107" intervalms="8.764">
  <response-info timems="0.037" idlems="0.037" threads="0" lastid="0000000001CD4500" lastname="Thread-9" />
</exclusive-start>
<af-start id="1864" threadId="0000000001CD4E88" totalBytesRequested="40" timestamp="2019-06-17T06:04:36.107" intervalms="8.771" type="nursery" />
<cycle-start id="1865" type="scavenge" contextid="0" timestamp="2019-06-17T06:04:36.107" intervalms="8.777" />
<gc-start id="1866" type="scavenge" contextid="1865" timestamp="2019-06-17T06:04:36.107">
  <mem-info id="1867" free="2059577984" total="2092630016" percent="98">
    <mem type="nursery" free="0" total="23855104" percent="0">
      <mem type="allocate" free="0" total="21430272" percent="0" />
      <mem type="survivor" free="0" total="2424832" percent="0" />
    </mem>
    <mem type="tenure" free="2059577984" total="2068774912" percent="99">
      <mem type="soa" free="2059577984" total="2068774912" percent="99" />
      <mem type="loa" free="0" total="0" percent="0" />
    </mem>
    <remembered-set count="3739" />
  </mem-info>
</gc-start>
<allocation-stats totalBytes="21025880" >
  <allocated-bytes non-tlh="24" tlh="21025856" />
  <largest-consumer threadName="Thread-7" threadId="0000000001CD0900" bytes="6183408" />
</allocation-stats>
<gc-op id="1868" type="scavenge" timems="1.500" contextid="1865" timestamp="2019-06-17T06:04:36.109">
  <scavenger-info tenureage="2" tenuremask="fff4" tiltratio="89" />
  <memory-copied type="nursery" objects="8512" bytes="343192" bytesdiscarded="137576" />
  <memory-copied type="tenure" objects="1272" bytes="30528" bytesdiscarded="0" />
</gc-op>
<gc-end id="1869" type="scavenge" contextid="1865" durationms="1.817" usertimems="4.000" systemtimems="0.000" timestamp="2019-06-17T06:04:36.109" activeThreads="4">
  <mem-info id="1870" free="2080488320" total="2092630016" percent="99">
    <mem type="nursery" free="20949504" total="23855104" percent="87">
      <mem type="allocate" free="20949504" total="21430272" percent="97" />
      <mem type="survivor" free="0" total="2424832" percent="0" />
    </mem>
    <mem type="tenure" free="2059538816" total="2068774912" percent="99">
      <mem type="soa" free="2059538816" total="2068774912" percent="99" />
      <mem type="loa" free="0" total="0" percent="0" />
    </mem>
    <remembered-set count="2465" />
  </mem-info>
</gc-end>
<cycle-end id="1871" type="scavenge" contextid="1865" timestamp="2019-06-17T06:04:36.109" />
  <attribute name="elasticGC enabled" value="1" />
  <attribute name= "numThreadsSpecified" value="4" />
  <attribute name="heapSize specified" value="27394048" />
  <attribute name="Current GC Util" value="11" />
  <attribute name= "Current Time Running" value="2580" />
  <attribute name ="GC Interval" value="200" />
  <attribute name="ProportionalT" value="-9.000000" />
  <attribute name="ProportionalI" value="-9.000000" />
  <attribute name="ProportionalH" value="-9.000000" />
  <attribute name="Current Error" value="-9.000000" />
  <attribute name="IntegralT" value="-81.000000" />
  <attribute name="IntegralI" value="-81.000000" />
  <attribute name="IntegralH" value="-81.000000" />
  <attribute name="DerivativeT" value="-2.333333" />
  <attribute name="DerivativeI" value="-2.333333" />
  <attribute name="DerivativeH" value="-2.333333" />
  <attribute name="Loop Time for DT" value="9.000000" />
  <attribute name="Output H" value="2092630016"/>
  <attribute name="Output I" value="200"/>
  <attribute name="Output T" value="4"/>
  <attribute name="Target GC Util Change" value ="20.000000" />
  <attribute name="Current GC Util Change" value="11.000000"/>
  <attribute name="GC Util currently" value="11" />
  <attribute name="CPU Util currently" value="522429166692" />
<allocation-satisfied id="1872" threadId="0000000001CD4500" bytesRequested="40" />
<af-end id="1873" timestamp="2019-06-17T06:04:36.109" threadId="0000000001CD4E88" success="true" from="nursery"/>
<exclusive-end id="1874" timestamp="2019-06-17T06:04:36.109" durationms="2.642" />

<exclusive-start id="1875" timestamp="2019-06-17T06:04:36.117" intervalms="10.317">
  <response-info timems="0.026" idlems="0.026" threads="0" lastid="0000000001CCCD00" lastname="Thread-8" />
</exclusive-start>
<af-start id="1876" threadId="0000000001CCD688" totalBytesRequested="40" timestamp="2019-06-17T06:04:36.117" intervalms="10.324" type="nursery" />
<cycle-start id="1877" type="scavenge" contextid="0" timestamp="2019-06-17T06:04:36.117" intervalms="10.320" />
<gc-start id="1878" type="scavenge" contextid="1877" timestamp="2019-06-17T06:04:36.117">
  <mem-info id="1879" free="2059538816" total="2092630016" percent="98">
    <mem type="nursery" free="0" total="23855104" percent="0">
      <mem type="allocate" free="0" total="21430272" percent="0" />
      <mem type="survivor" free="0" total="2424832" percent="0" />
    </mem>
    <mem type="tenure" free="2059538816" total="2068774912" percent="99">
      <mem type="soa" free="2059538816" total="2068774912" percent="99" />
      <mem type="loa" free="0" total="0" percent="0" />
    </mem>
    <remembered-set count="3296" />
  </mem-info>
</gc-start>
<allocation-stats totalBytes="20948736" >
  <allocated-bytes non-tlh="40" tlh="20948696" />
  <largest-consumer threadName="Thread-7" threadId="0000000001CD0900" bytes="6498488" />
</allocation-stats>
<gc-op id="1880" type="scavenge" timems="0.932" contextid="1877" timestamp="2019-06-17T06:04:36.118">
  <scavenger-info tenureage="2" tenuremask="fff4" tiltratio="89" />
  <memory-copied type="nursery" objects="8300" bytes="338608" bytesdiscarded="119888" />
  <memory-copied type="tenure" objects="1269" bytes="30456" bytesdiscarded="0" />
</gc-op>
<gc-end id="1881" type="scavenge" contextid="1877" durationms="1.239" usertimems="0.000" systemtimems="0.000" timestamp="2019-06-17T06:04:36.119" activeThreads="4">
  <mem-info id="1882" free="2080379264" total="2092630016" percent="99">
    <mem type="nursery" free="20971776" total="23855104" percent="87">
      <mem type="allocate" free="20971776" total="21430272" percent="97" />
      <mem type="survivor" free="0" total="2424832" percent="0" />
    </mem>
    <mem type="tenure" free="2059407488" total="2068774912" percent="99">
      <mem type="soa" free="2059407488" total="2068774912" percent="99" />
      <mem type="loa" free="0" total="0" percent="0" />
    </mem>
    <remembered-set count="2026" />
  </mem-info>
</gc-end>
<cycle-end id="1883" type="scavenge" contextid="1877" timestamp="2019-06-17T06:04:36.119" />
  <attribute name="elasticGC enabled" value="1" />
  <attribute name= "numThreadsSpecified" value="4" />
  <attribute name="heapSize specified" value="27394048" />
  <attribute name="Current GC Util" value="34" />
  <attribute name= "Current Time Running" value="2590" />
  <attribute name ="GC Interval" value="200" />
  <attribute name="ProportionalT" value="14.000000" />
  <attribute name="ProportionalI" value="14.000000" />
  <attribute name="ProportionalH" value="14.000000" />
  <attribute name="Current Error" value="14.000000" />
  <attribute name="IntegralT" value="140.000000" />
  <attribute name="IntegralI" value="140.000000" />
  <attribute name="IntegralH" value="140.000000" />
  <attribute name="DerivativeT" value="1.400000" />
  <attribute name="DerivativeI" value="1.400000" />
  <attribute name="DerivativeH" value="1.400000" />
  <attribute name="Loop Time for DT" value="10.000000" />
  <attribute name="Output H" value="8388608"/>
  <attribute name="Output I" value="200"/>
  <attribute name="Output T" value="4"/>
  <attribute name="Target GC Util Change" value ="20.000000" />
  <attribute name="Current GC Util Change" value="34.000000"/>
  <attribute name="GC Util currently" value="34" />
  <attribute name="CPU Util currently" value="449877002299" />
<allocation-satisfied id="1884" threadId="0000000001CCCD00" bytesRequested="40" />
<af-end id="1885" timestamp="2019-06-17T06:04:36.119" threadId="0000000001CCD688" success="true" from="nursery"/>
<exclusive-end id="1886" timestamp="2019-06-17T06:04:36.119" durationms="1.892" />

<exclusive-start id="1887" timestamp="2019-06-17T06:04:36.126" intervalms="9.342">
  <response-info timems="0.027" idlems="0.027" threads="0" lastid="0000000001CD0900" lastname="Thread-7" />
</exclusive-start>
<af-start id="1888" threadId="0000000001CD1288" totalBytesRequested="40" timestamp="2019-06-17T06:04:36.127" intervalms="9.333" type="nursery" />
<cycle-start id="1889" type="scavenge" contextid="0" timestamp="2019-06-17T06:04:36.127" intervalms="9.330" />
<gc-start id="1890" type="scavenge" contextid="1889" timestamp="2019-06-17T06:04:36.127">
  <mem-info id="1891" free="2059407488" total="2092630016" percent="98">
    <mem type="nursery" free="0" total="23855104" percent="0">
      <mem type="allocate" free="0" total="21430272" percent="0" />
      <mem type="survivor" free="0" total="2424832" percent="0" />
    </mem>
    <mem type="tenure" free="2059407488" total="2068774912" percent="99">
      <mem type="soa" free="2059407488" total="2068774912" percent="99" />
      <mem type="loa" free="0" total="0" percent="0" />
    </mem>
    <remembered-set count="2751" />
  </mem-info>
</gc-start>
<allocation-stats totalBytes="20970944" >
  <allocated-bytes non-tlh="40" tlh="20970904" />
  <largest-consumer threadName="Thread-7" threadId="0000000001CD0900" bytes="5996192" />
</allocation-stats>
<gc-op id="1892" type="scavenge" timems="0.406" contextid="1889" timestamp="2019-06-17T06:04:36.127">
  <scavenger-info tenureage="2" tenuremask="fff4" tiltratio="89" />
  <memory-copied type="nursery" objects="2153" bytes="53280" bytesdiscarded="349152" />
  <memory-copied type="tenure" objects="6992" bytes="305184" bytesdiscarded="24" />
</gc-op>
<gc-end id="1893" type="scavenge" contextid="1889" durationms="0.879" usertimems="0.000" systemtimems="0.000" timestamp="2019-06-17T06:04:36.128" activeThreads="4">
  <mem-info id="1894" free="2080133504" total="2092630016" percent="99">
    <mem type="nursery" free="21027840" total="23855104" percent="88">
      <mem type="allocate" free="21027840" total="21430272" percent="98" />
      <mem type="survivor" free="0" total="2424832" percent="0" />
    </mem>
    <mem type="tenure" free="2059105664" total="2068774912" percent="99">
      <mem type="soa" free="2059105664" total="2068774912" percent="99" />
      <mem type="loa" free="0" total="0" percent="0" />
    </mem>
    <remembered-set count="1986" />
  </mem-info>
</gc-end>
<cycle-end id="1895" type="scavenge" contextid="1889" timestamp="2019-06-17T06:04:36.128" />
  <attribute name="elasticGC enabled" value="1" />
  <attribute name= "numThreadsSpecified" value="4" />
  <attribute name="heapSize specified" value="27394048" />
  <attribute name="Current GC Util" value="26" />
  <attribute name= "Current Time Running" value="2599" />
  <attribute name ="GC Interval" value="200" />
  <attribute name="ProportionalT" value="6.000000" />
  <attribute name="ProportionalI" value="6.000000" />
  <attribute name="ProportionalH" value="6.000000" />
  <attribute name="Current Error" value="6.000000" />
  <attribute name="IntegralT" value="54.000000" />
  <attribute name="IntegralI" value="54.000000" />
  <attribute name="IntegralH" value="54.000000" />
  <attribute name="DerivativeT" value="-0.888889" />
  <attribute name="DerivativeI" value="-0.888889" />
  <attribute name="DerivativeH" value="-0.888889" />
  <attribute name="Loop Time for DT" value="9.000000" />
  <attribute name="Output H" value="8388608"/>
  <attribute name="Output I" value="200"/>
  <attribute name="Output T" value="4"/>
  <attribute name="Target GC Util Change" value ="20.000000" />
  <attribute name="Current GC Util Change" value="26.000000"/>
  <attribute name="GC Util currently" value="26" />
  <attribute name="CPU Util currently" value="490859148357" />
<allocation-satisfied id="1896" threadId="0000000001CD0900" bytesRequested="40" />
<af-end id="1897" timestamp="2019-06-17T06:04:36.128" threadId="0000000001CD1288" success="true" from="nursery"/>
<exclusive-end id="1898" timestamp="2019-06-17T06:04:36.128" durationms="1.521" />

<exclusive-start id="1899" timestamp="2019-06-17T06:04:36.136" intervalms="9.455">
  <response-info timems="0.027" idlems="0.027" threads="0" lastid="0000000001CD0900" lastname="Thread-7" />
</exclusive-start>
<af-start id="1900" threadId="0000000001CD1288" totalBytesRequested="40" timestamp="2019-06-17T06:04:36.136" intervalms="9.453" type="nursery" />
<cycle-start id="1901" type="scavenge" contextid="0" timestamp="2019-06-17T06:04:36.136" intervalms="9.455" />
<gc-start id="1902" type="scavenge" contextid="1901" timestamp="2019-06-17T06:04:36.136">
  <mem-info id="1903" free="2059105664" total="2092630016" percent="98">
    <mem type="nursery" free="0" total="23855104" percent="0">
      <mem type="allocate" free="0" total="21430272" percent="0" />
      <mem type="survivor" free="0" total="2424832" percent="0" />
    </mem>
    <mem type="tenure" free="2059105664" total="2068774912" percent="99">
      <mem type="soa" free="2059105664" total="2068774912" percent="99" />
      <mem type="loa" free="0" total="0" percent="0" />
    </mem>
    <remembered-set count="2740" />
  </mem-info>
</gc-start>
<allocation-stats totalBytes="21027240" >
  <allocated-bytes non-tlh="40" tlh="21027200" />
  <largest-consumer threadName="Thread-7" threadId="0000000001CD0900" bytes="6445856" />
</allocation-stats>
<gc-op id="1904" type="scavenge" timems="0.326" contextid="1901" timestamp="2019-06-17T06:04:36.137">
  <scavenger-info tenureage="2" tenuremask="fff4" tiltratio="89" />
  <memory-copied type="nursery" objects="2053" bytes="51080" bytesdiscarded="105592" />
  <memory-copied type="tenure" objects="936" bytes="22464" bytesdiscarded="0" />
</gc-op>
<gc-end id="1905" type="scavenge" contextid="1901" durationms="0.776" usertimems="0.000" systemtimems="0.000" timestamp="2019-06-17T06:04:36.137" activeThreads="4">
  <mem-info id="1906" free="2080379264" total="2092630016" percent="99">
    <mem type="nursery" free="21273600" total="23855104" percent="89">
      <mem type="allocate" free="21273600" total="21430272" percent="99" />
      <mem type="survivor" free="0" total="2424832" percent="0" />
    </mem>
    <mem type="tenure" free="2059105664" total="2068774912" percent="99">
      <mem type="soa" free="2059105664" total="2068774912" percent="99" />
      <mem type="loa" free="0" total="0" percent="0" />
    </mem>
    <remembered-set count="1805" />
  </mem-info>
</gc-end>
<cycle-end id="1907" type="scavenge" contextid="1901" timestamp="2019-06-17T06:04:36.137" />
  <attribute name="elasticGC enabled" value="1" />
  <attribute name= "numThreadsSpecified" value="4" />
  <attribute name="heapSize specified" value="27394048" />
  <attribute name="Current GC Util" value="14" />
  <attribute name= "Current Time Running" value="2609" />
  <attribute name ="GC Interval" value="200" />
  <attribute name="ProportionalT" value="-6.000000" />
  <attribute name="ProportionalI" value="-6.000000" />
  <attribute name="ProportionalH" value="-6.000000" />
  <attribute name="Current Error" value="-6.000000" />
  <attribute name="IntegralT" value="-60.000000" />
  <attribute name="IntegralI" value="-60.000000" />
  <attribute name="IntegralH" value="-60.000000" />
  <attribute name="DerivativeT" value="-1.200000" />
  <attribute name="DerivativeI" value="-1.200000" />
  <attribute name="DerivativeH" value="-1.200000" />
  <attribute name="Loop Time for DT" value="10.000000" />
  <attribute name="Output H" value="2092630016"/>
  <attribute name="Output I" value="200"/>
  <attribute name="Output T" value="4"/>
  <attribute name="Target GC Util Change" value ="20.000000" />
  <attribute name="Current GC Util Change" value="14.000000"/>
  <attribute name="GC Util currently" value="14" />
  <attribute name="CPU Util currently" value="487882715787" />
<allocation-satisfied id="1908" threadId="0000000001CD0900" bytesRequested="40" />
<af-end id="1909" timestamp="2019-06-17T06:04:36.137" threadId="0000000001CD1288" success="true" from="nursery"/>
<exclusive-end id="1910" timestamp="2019-06-17T06:04:36.137" durationms="1.403" />

<exclusive-start id="1911" timestamp="2019-06-17T06:04:36.146" intervalms="9.921">
  <response-info timems="0.024" idlems="0.024" threads="0" lastid="0000000001CCCD00" lastname="Thread-8" />
</exclusive-start>
<af-start id="1912" threadId="0000000001CCD688" totalBytesRequested="40" timestamp="2019-06-17T06:04:36.146" intervalms="9.929" type="nursery" />
<cycle-start id="1913" type="scavenge" contextid="0" timestamp="2019-06-17T06:04:36.146" intervalms="9.930" />
<gc-start id="1914" type="scavenge" contextid="1913" timestamp="2019-06-17T06:04:36.146">
  <mem-info id="1915" free="2059105664" total="2092630016" percent="98">
    <mem type="nursery" free="0" total="23855104" percent="0">
      <mem type="allocate" free="0" total="21430272" percent="0" />
      <mem type="survivor" free="0" total="2424832" percent="0" />
    </mem>
    <mem type="tenure" free="2059105664" total="2068774912" percent="99">
      <mem type="soa" free="2059105664" total="2068774912" percent="99" />
      <mem type="loa" free="0" total="0" percent="0" />
    </mem>
    <remembered-set count="2619" />
  </mem-info>
</gc-start>
<allocation-stats totalBytes="21272648" >
  <allocated-bytes non-tlh="40" tlh="21272608" />
  <largest-consumer threadName="Thread-7" threadId="0000000001CD0900" bytes="6036184" />
</allocation-stats>
<gc-op id="1916" type="scavenge" timems="1.707" contextid="1913" timestamp="2019-06-17T06:04:36.148">
  <scavenger-info tenureage="2" tenuremask="fff4" tiltratio="89" />
  <memory-copied type="nursery" objects="13876" bytes="609784" bytesdiscarded="189704" />
  <memory-copied type="tenure" objects="941" bytes="22584" bytesdiscarded="0" />
</gc-op>
<gc-end id="1917" type="scavenge" contextid="1913" durationms="2.012" usertimems="4.000" systemtimems="0.000" timestamp="2019-06-17T06:04:36.148" activeThreads="4">
  <mem-info id="1918" free="2079736448" total="2092630016" percent="99">
    <mem type="nursery" free="20630784" total="23855104" percent="86">
      <mem type="allocate" free="20630784" total="21430272" percent="96" />
      <mem type="survivor" free="0" total="2424832" percent="0" />
    </mem>
    <mem type="tenure" free="2059105664" total="2068774912" percent="99">
      <mem type="soa" free="2059105664" total="2068774912" percent="99" />
      <mem type="loa" free="0" total="0" percent="0" />
    </mem>
    <remembered-set count="1676" />
  </mem-info>
</gc-end>
<cycle-end id="1919" type="scavenge" contextid="1913" timestamp="2019-06-17T06:04:36.148" />
  <attribute name="elasticGC enabled" value="1" />
  <attribute name= "numThreadsSpecified" value="4" />
  <attribute name="heapSize specified" value="27394048" />
  <attribute name="Current GC Util" value="9" />
  <attribute name= "Current Time Running" value="2619" />
  <attribute name ="GC Interval" value="200" />
  <attribute name="ProportionalT" value="-11.000000" />
  <attribute name="ProportionalI" value="-11.000000" />
  <attribute name="ProportionalH" value="-11.000000" />
  <attribute name="Current Error" value="-11.000000" />
  <attribute name="IntegralT" value="-110.000000" />
  <attribute name="IntegralI" value="-110.000000" />
  <attribute name="IntegralH" value="-110.000000" />
  <attribute name="DerivativeT" value="-1.100000" />
  <attribute name="DerivativeI" value="-1.100000" />
  <attribute name="DerivativeH" value="-1.100000" />
  <attribute name="Loop Time for DT" value="10.000000" />
  <attribute name="Output H" value="2092630016"/>
  <attribute name="Output I" value="200"/>
  <attribute name="Output T" value="4"/>
  <attribute name="Target GC Util Change" value ="20.000000" />
  <attribute name="Current GC Util Change" value="9.000000"/>
  <attribute name="GC Util currently" value="9" />
  <attribute name="CPU Util currently" value="463892297365" />
<allocation-satisfied id="1920" threadId="0000000001CCCD00" bytesRequested="40" />
<af-end id="1921" timestamp="2019-06-17T06:04:36.148" threadId="0000000001CCD688" success="true" from="nursery"/>
<exclusive-end id="1922" timestamp="2019-06-17T06:04:36.148" durationms="2.718" />

<exclusive-start id="1923" timestamp="2019-06-17T06:04:36.163" intervalms="17.067">
  <response-info timems="0.035" idlems="0.035" threads="0" lastid="0000000001CD4500" lastname="Thread-9" />
</exclusive-start>
<af-start id="1924" threadId="0000000001CD4E88" totalBytesRequested="24" timestamp="2019-06-17T06:04:36.163" intervalms="17.110" type="nursery" />
<cycle-start id="1925" type="scavenge" contextid="0" timestamp="2019-06-17T06:04:36.163" intervalms="17.117" />
<gc-start id="1926" type="scavenge" contextid="1925" timestamp="2019-06-17T06:04:36.163">
  <mem-info id="1927" free="2059105664" total="2092630016" percent="98">
    <mem type="nursery" free="0" total="23855104" percent="0">
      <mem type="allocate" free="0" total="21430272" percent="0" />
      <mem type="survivor" free="0" total="2424832" percent="0" />
    </mem>
    <mem type="tenure" free="2059105664" total="2068774912" percent="99">
      <mem type="soa" free="2059105664" total="2068774912" percent="99" />
      <mem type="loa" free="0" total="0" percent="0" />
    </mem>
    <remembered-set count="2108" />
  </mem-info>
</gc-start>
<allocation-stats totalBytes="20630152" >
  <allocated-bytes non-tlh="40" tlh="20630112" />
  <largest-consumer threadName="Thread-10" threadId="0000000001CD8100" bytes="7228280" />
</allocation-stats>
<gc-op id="1928" type="scavenge" timems="1.937" contextid="1925" timestamp="2019-06-17T06:04:36.165">
  <scavenger-info tenureage="2" tenuremask="fff4" tiltratio="89" />
  <memory-copied type="nursery" objects="14106" bytes="615032" bytesdiscarded="184456" />
  <memory-copied type="tenure" objects="765" bytes="18360" bytesdiscarded="0" />
</gc-op>
<gc-end id="1929" type="scavenge" contextid="1925" durationms="2.260" usertimems="8.000" systemtimems="0.000" timestamp="2019-06-17T06:04:36.165" activeThreads="4">
  <mem-info id="1930" free="2079736448" total="2092630016" percent="99">
    <mem type="nursery" free="20630784" total="23855104" percent="86">
      <mem type="allocate" free="20630784" total="21430272" percent="96" />
      <mem type="survivor" free="0" total="2424832" percent="0" />
    </mem>
    <mem type="tenure" free="2059105664" total="2068774912" percent="99">
      <mem type="soa" free="2059105664" total="2068774912" percent="99" />
      <mem type="loa" free="0" total="0" percent="0" />
    </mem>
    <remembered-set count="1341" />
  </mem-info>
</gc-end>
<cycle-end id="1931" type="scavenge" contextid="1925" timestamp="2019-06-17T06:04:36.166" />
  <attribute name="elasticGC enabled" value="1" />
  <attribute name= "numThreadsSpecified" value="4" />
  <attribute name="heapSize specified" value="27394048" />
  <attribute name="Current GC Util" value="19" />
  <attribute name= "Current Time Running" value="2636" />
  <attribute name ="GC Interval" value="200" />
  <attribute name="ProportionalT" value="-1.000000" />
  <attribute name="ProportionalI" value="-1.000000" />
  <attribute name="ProportionalH" value="-1.000000" />
  <attribute name="Current Error" value="-1.000000" />
  <attribute name="IntegralT" value="-17.000000" />
  <attribute name="IntegralI" value="-17.000000" />
  <attribute name="IntegralH" value="-17.000000" />
  <attribute name="DerivativeT" value="-0.058824" />
  <attribute name="DerivativeI" value="-0.058824" />
  <attribute name="DerivativeH" value="-0.058824" />
  <attribute name="Loop Time for DT" value="17.000000" />
  <attribute name="Output H" value="2092630016"/>
  <attribute name="Output I" value="200"/>
  <attribute name="Output T" value="4"/>
  <attribute name="Target GC Util Change" value ="20.000000" />
  <attribute name="Current GC Util Change" value="19.000000"/>
  <attribute name="GC Util currently" value="19" />
  <attribute name="CPU Util currently" value="268865144599" />
<allocation-satisfied id="1932" threadId="0000000001CD4500" bytesRequested="24" />
<af-end id="1933" timestamp="2019-06-17T06:04:36.166" threadId="0000000001CD4E88" success="true" from="nursery"/>
<exclusive-end id="1934" timestamp="2019-06-17T06:04:36.166" durationms="3.122" />

<exclusive-start id="1935" timestamp="2019-06-17T06:04:36.178" intervalms="14.998">
  <response-info timems="0.033" idlems="0.033" threads="0" lastid="0000000001CD0900" lastname="Thread-7" />
</exclusive-start>
<af-start id="1936" threadId="0000000001CD1288" totalBytesRequested="40" timestamp="2019-06-17T06:04:36.178" intervalms="14.981" type="nursery" />
<cycle-start id="1937" type="scavenge" contextid="0" timestamp="2019-06-17T06:04:36.178" intervalms="14.977" />
<gc-start id="1938" type="scavenge" contextid="1937" timestamp="2019-06-17T06:04:36.178">
  <mem-info id="1939" free="2059105664" total="2092630016" percent="98">
    <mem type="nursery" free="0" total="23855104" percent="0">
      <mem type="allocate" free="0" total="21430272" percent="0" />
      <mem type="survivor" free="0" total="2424832" percent="0" />
    </mem>
    <mem type="tenure" free="2059105664" total="2068774912" percent="99">
      <mem type="soa" free="2059105664" total="2068774912" percent="99" />
      <mem type="loa" free="0" total="0" percent="0" />
    </mem>
    <remembered-set count="1676" />
  </mem-info>
</gc-start>
<allocation-stats totalBytes="20629104" >
  <allocated-bytes non-tlh="24" tlh="20629080" />
  <largest-consumer threadName="Thread-9" threadId="0000000001CD4500" bytes="6913600" />
</allocation-stats>
<gc-op id="1940" type="scavenge" timems="1.627" contextid="1937" timestamp="2019-06-17T06:04:36.180">
  <scavenger-info tenureage="2" tenuremask="fff4" tiltratio="89" />
  <memory-copied type="nursery" objects="2215" bytes="54472" bytesdiscarded="102200" />
  <memory-copied type="tenure" objects="12764" bytes="581088" bytesdiscarded="96" />
</gc-op>
<gc-end id="1941" type="scavenge" contextid="1937" durationms="2.008" usertimems="4.000" systemtimems="0.000" timestamp="2019-06-17T06:04:36.180" activeThreads="4">
  <mem-info id="1942" free="2079806336" total="2092630016" percent="99">
    <mem type="nursery" free="21273600" total="23855104" percent="89">
      <mem type="allocate" free="21273600" total="21430272" percent="99" />
      <mem type="survivor" free="0" total="2424832" percent="0" />
    </mem>
    <mem type="tenure" free="2058532736" total="2068774912" percent="99">
      <mem type="soa" free="2058532736" total="2068774912" percent="99" />
      <mem type="loa" free="0" total="0" percent="0" />
    </mem>
    <remembered-set count="2086" />
  </mem-info>
</gc-end>
<cycle-end id="1943" type="scavenge" contextid="1937" timestamp="2019-06-17T06:04:36.180" />
  <attribute name="elasticGC enabled" value="1" />
  <attribute name= "numThreadsSpecified" value="4" />
  <attribute name="heapSize specified" value="27394048" />
  <attribute name="Current GC Util" value="31" />
  <attribute name= "Current Time Running" value="2651" />
  <attribute name ="GC Interval" value="200" />
  <attribute name="ProportionalT" value="11.000000" />
  <attribute name="ProportionalI" value="11.000000" />
  <attribute name="ProportionalH" value="11.000000" />
  <attribute name="Current Error" value="11.000000" />
  <attribute name="IntegralT" value="165.000000" />
  <attribute name="IntegralI" value="165.000000" />
  <attribute name="IntegralH" value="165.000000" />
  <attribute name="DerivativeT" value="0.733333" />
  <attribute name="DerivativeI" value="0.733333" />
  <attribute name="DerivativeH" value="0.733333" />
  <attribute name="Loop Time for DT" value="15.000000" />
  <attribute name="Output H" value="8388608"/>
  <attribute name="Output I" value="200"/>
  <attribute name="Output T" value="4"/>
  <attribute name="Target GC Util Change" value ="20.000000" />
  <attribute name="Current GC Util Change" value="31.000000"/>
  <attribute name="GC Util currently" value="31" />
  <attribute name="CPU Util currently" value="307623457799" />
<allocation-satisfied id="1944" threadId="0000000001CD0900" bytesRequested="40" />
<af-end id="1945" timestamp="2019-06-17T06:04:36.181" threadId="0000000001CD1288" success="true" from="nursery"/>
<exclusive-end id="1946" timestamp="2019-06-17T06:04:36.181" durationms="2.733" />

<exclusive-start id="1947" timestamp="2019-06-17T06:04:36.193" intervalms="15.032">
  <response-info timems="0.034" idlems="0.034" threads="0" lastid="0000000001CD4500" lastname="Thread-9" />
</exclusive-start>
<af-start id="1948" threadId="0000000001CD4E88" totalBytesRequested="40" timestamp="2019-06-17T06:04:36.193" intervalms="15.040" type="nursery" />
<cycle-start id="1949" type="scavenge" contextid="0" timestamp="2019-06-17T06:04:36.193" intervalms="15.046" />
<gc-start id="1950" type="scavenge" contextid="1949" timestamp="2019-06-17T06:04:36.193">
  <mem-info id="1951" free="2058532736" total="2092630016" percent="98">
    <mem type="nursery" free="0" total="23855104" percent="0">
      <mem type="allocate" free="0" total="21430272" percent="0" />
      <mem type="survivor" free="0" total="2424832" percent="0" />
    </mem>
    <mem type="tenure" free="2058532736" total="2068774912" percent="99">
      <mem type="soa" free="2058532736" total="2068774912" percent="99" />
      <mem type="loa" free="0" total="0" percent="0" />
    </mem>
    <remembered-set count="5049" />
  </mem-info>
</gc-start>
<allocation-stats totalBytes="21272352" >
  <allocated-bytes non-tlh="40" tlh="21272312" />
  <largest-consumer threadName="Thread-7" threadId="0000000001CD0900" bytes="6914056" />
</allocation-stats>
<gc-op id="1952" type="scavenge" timems="1.316" contextid="1949" timestamp="2019-06-17T06:04:36.195">
  <scavenger-info tenureage="2" tenuremask="fff4" tiltratio="89" />
  <memory-copied type="nursery" objects="10226" bytes="384576" bytesdiscarded="90816" />
  <memory-copied type="tenure" objects="1027" bytes="24648" bytesdiscarded="0" />
</gc-op>
<gc-end id="1953" type="scavenge" contextid="1949" durationms="1.517" usertimems="4.000" systemtimems="0.000" timestamp="2019-06-17T06:04:36.195" activeThreads="4">
  <mem-info id="1954" free="2079448448" total="2092630016" percent="99">
    <mem type="nursery" free="20954880" total="23855104" percent="87">
      <mem type="allocate" free="20954880" total="21430272" percent="97" />
      <mem type="survivor" free="0" total="2424832" percent="0" />
    </mem>
    <mem type="tenure" free="2058493568" total="2068774912" percent="99">
      <mem type="soa" free="2058493568" total="2068774912" percent="99" />
      <mem type="loa" free="0" total="0" percent="0" />
    </mem>
    <remembered-set count="4026" />
  </mem-info>
</gc-end>
<cycle-end id="1955" type="scavenge" contextid="1949" timestamp="2019-06-17T06:04:36.195" />
  <attribute name="elasticGC enabled" value="1" />
  <attribute name= "numThreadsSpecified" value="4" />
  <attribute name="heapSize specified" value="27394048" />
  <attribute name="Current GC Util" value="24" />
  <attribute name= "Current Time Running" value="2666" />
  <attribute name ="GC Interval" value="200" />
  <attribute name="ProportionalT" value="4.000000" />
  <attribute name="ProportionalI" value="4.000000" />
  <attribute name="ProportionalH" value="4.000000" />
  <attribute name="Current Error" value="4.000000" />
  <attribute name="IntegralT" value="60.000000" />
  <attribute name="IntegralI" value="60.000000" />
  <attribute name="IntegralH" value="60.000000" />
  <attribute name="DerivativeT" value="-0.466667" />
  <attribute name="DerivativeI" value="-0.466667" />
  <attribute name="DerivativeH" value="-0.466667" />
  <attribute name="Loop Time for DT" value="15.000000" />
  <attribute name="Output H" value="8388608"/>
  <attribute name="Output I" value="200"/>
  <attribute name="Output T" value="4"/>
  <attribute name="Target GC Util Change" value ="20.000000" />
  <attribute name="Current GC Util Change" value="24.000000"/>
  <attribute name="GC Util currently" value="24" />
  <attribute name="CPU Util currently" value="309334592321" />
<allocation-satisfied id="1956" threadId="0000000001CD4500" bytesRequested="40" />
<af-end id="1957" timestamp="2019-06-17T06:04:36.195" threadId="0000000001CD4E88" success="true" from="nursery"/>
<exclusive-end id="1958" timestamp="2019-06-17T06:04:36.195" durationms="2.162" />

<exclusive-start id="1959" timestamp="2019-06-17T06:04:36.207" intervalms="13.663">
  <response-info timems="0.041" idlems="0.041" threads="0" lastid="0000000001CD8100" lastname="Thread-10" />
</exclusive-start>
<af-start id="1960" threadId="0000000001CD8A88" totalBytesRequested="40" timestamp="2019-06-17T06:04:36.207" intervalms="13.669" type="nursery" />
<cycle-start id="1961" type="scavenge" contextid="0" timestamp="2019-06-17T06:04:36.207" intervalms="13.674" />
<gc-start id="1962" type="scavenge" contextid="1961" timestamp="2019-06-17T06:04:36.207">
  <mem-info id="1963" free="2058493568" total="2092630016" percent="98">
    <mem type="nursery" free="0" total="23855104" percent="0">
      <mem type="allocate" free="0" total="21430272" percent="0" />
      <mem type="survivor" free="0" total="2424832" percent="0" />
    </mem>
    <mem type="tenure" free="2058493568" total="2068774912" percent="99">
      <mem type="soa" free="2058493568" total="2068774912" percent="99" />
      <mem type="loa" free="0" total="0" percent="0" />
    </mem>
    <remembered-set count="4579" />
  </mem-info>
</gc-start>
<allocation-stats totalBytes="20954272" >
  <allocated-bytes non-tlh="40" tlh="20954232" />
  <largest-consumer threadName="Thread-9" threadId="0000000001CD4500" bytes="7683648" />
</allocation-stats>
<gc-op id="1964" type="scavenge" timems="1.048" contextid="1961" timestamp="2019-06-17T06:04:36.208">
  <scavenger-info tenureage="2" tenuremask="fff4" tiltratio="89" />
  <memory-copied type="nursery" objects="13546" bytes="464392" bytesdiscarded="156152" />
  <memory-copied type="tenure" objects="963" bytes="23112" bytesdiscarded="408" />
</gc-op>
<gc-end id="1965" type="scavenge" contextid="1961" durationms="1.445" usertimems="0.000" systemtimems="0.000" timestamp="2019-06-17T06:04:36.208" activeThreads="4">
  <mem-info id="1966" free="2079303296" total="2092630016" percent="99">
    <mem type="nursery" free="20809728" total="23855104" percent="87">
      <mem type="allocate" free="20809728" total="21430272" percent="97" />
      <mem type="survivor" free="0" total="2424832" percent="0" />
    </mem>
    <mem type="tenure" free="2058493568" total="2068774912" percent="99">
      <mem type="soa" free="2058493568" total="2068774912" percent="99" />
      <mem type="loa" free="0" total="0" percent="0" />
    </mem>
    <remembered-set count="3612" />
  </mem-info>
</gc-end>
<cycle-end id="1967" type="scavenge" contextid="1961" timestamp="2019-06-17T06:04:36.208" />
  <attribute name="elasticGC enabled" value="1" />
  <attribute name= "numThreadsSpecified" value="4" />
  <attribute name="heapSize specified" value="27394048" />
  <attribute name="Current GC Util" value="23" />
  <attribute name= "Current Time Running" value="2679" />
  <attribute name ="GC Interval" value="200" />
  <attribute name="ProportionalT" value="3.000000" />
  <attribute name="ProportionalI" value="3.000000" />
  <attribute name="ProportionalH" value="3.000000" />
  <attribute name="Current Error" value="3.000000" />
  <attribute name="IntegralT" value="39.000000" />
  <attribute name="IntegralI" value="39.000000" />
  <attribute name="IntegralH" value="39.000000" />
  <attribute name="DerivativeT" value="-0.076923" />
  <attribute name="DerivativeI" value="-0.076923" />
  <attribute name="DerivativeH" value="-0.076923" />
  <attribute name="Loop Time for DT" value="13.000000" />
  <attribute name="Output H" value="8388608"/>
  <attribute name="Output I" value="200"/>
  <attribute name="Output T" value="4"/>
  <attribute name="Target GC Util Change" value ="20.000000" />
  <attribute name="Current GC Util Change" value="23.000000"/>
  <attribute name="GC Util currently" value="23" />
  <attribute name="CPU Util currently" value="333615030162" />
<allocation-satisfied id="1968" threadId="0000000001CD8100" bytesRequested="40" />
<af-end id="1969" timestamp="2019-06-17T06:04:36.209" threadId="0000000001CD8A88" success="true" from="nursery"/>
<exclusive-end id="1970" timestamp="2019-06-17T06:04:36.209" durationms="2.291" />

<exclusive-start id="1971" timestamp="2019-06-17T06:04:36.220" intervalms="13.607">
  <response-info timems="0.026" idlems="0.025" threads="1" lastid="0000000001CD4500" lastname="Thread-9" />
</exclusive-start>
<af-start id="1972" threadId="0000000001CCD688" totalBytesRequested="40" timestamp="2019-06-17T06:04:36.220" intervalms="13.582" type="nursery" />
<cycle-start id="1973" type="scavenge" contextid="0" timestamp="2019-06-17T06:04:36.220" intervalms="13.568" />
<gc-start id="1974" type="scavenge" contextid="1973" timestamp="2019-06-17T06:04:36.220">
  <mem-info id="1975" free="2058493568" total="2092630016" percent="98">
    <mem type="nursery" free="0" total="23855104" percent="0">
      <mem type="allocate" free="0" total="21430272" percent="0" />
      <mem type="survivor" free="0" total="2424832" percent="0" />
    </mem>
    <mem type="tenure" free="2058493568" total="2068774912" percent="99">
      <mem type="soa" free="2058493568" total="2068774912" percent="99" />
      <mem type="loa" free="0" total="0" percent="0" />
    </mem>
    <remembered-set count="4260" />
  </mem-info>
</gc-start>
<allocation-stats totalBytes="20808960" >
  <allocated-bytes non-tlh="40" tlh="20808920" />
  <largest-consumer threadName="Thread-9" threadId="0000000001CD4500" bytes="7569176" />
</allocation-stats>
<gc-op id="1976" type="scavenge" timems="1.106" contextid="1973" timestamp="2019-06-17T06:04:36.222">
  <scavenger-info tenureage="2" tenuremask="fff4" tiltratio="89" />
  <memory-copied type="nursery" objects="8501" bytes="342592" bytesdiscarded="87344" />
  <memory-copied type="tenure" objects="3990" bytes="95760" bytesdiscarded="0" />
</gc-op>
<gc-end id="1977" type="scavenge" contextid="1973" durationms="1.376" usertimems="0.000" systemtimems="0.000" timestamp="2019-06-17T06:04:36.222" activeThreads="1">
  <mem-info id="1978" free="2079454736" total="2092630016" percent="99">
    <mem type="nursery" free="21000336" total="23855104" percent="88">
      <mem type="allocate" free="21000336" total="21430272" percent="97" />
      <mem type="survivor" free="0" total="2424832" percent="0" />
    </mem>
    <mem type="tenure" free="2058454400" total="2068774912" percent="99">
      <mem type="soa" free="2058454400" total="2068774912" percent="99" />
      <mem type="loa" free="0" total="0" percent="0" />
    </mem>
    <remembered-set count="1292" />
  </mem-info>
</gc-end>
<cycle-end id="1979" type="scavenge" contextid="1973" timestamp="2019-06-17T06:04:36.222" />
  <attribute name="elasticGC enabled" value="1" />
  <attribute name= "numThreadsSpecified" value="1" />
  <attribute name="heapSize specified" value="27394048" />
  <attribute name="Current GC Util" value="20" />
  <attribute name= "Current Time Running" value="2693" />
  <attribute name ="GC Interval" value="200" />
  <attribute name="ProportionalT" value="0.000000" />
  <attribute name="ProportionalI" value="0.000000" />
  <attribute name="ProportionalH" value="0.000000" />
  <attribute name="Current Error" value="0.000000" />
  <attribute name="IntegralT" value="0.000000" />
  <attribute name="IntegralI" value="0.000000" />
  <attribute name="IntegralH" value="0.000000" />
  <attribute name="DerivativeT" value="-0.214286" />
  <attribute name="DerivativeI" value="-0.214286" />
  <attribute name="DerivativeH" value="-0.214286" />
  <attribute name="Loop Time for DT" value="14.000000" />
  <attribute name="Output H" value="8388608"/>
  <attribute name="Output I" value="200"/>
  <attribute name="Output T" value="1"/>
  <attribute name="Target GC Util Change" value ="20.000000" />
  <attribute name="Current GC Util Change" value="20.000000"/>
  <attribute name="GC Util currently" value="20" />
  <attribute name="CPU Util currently" value="342888443078" />
<allocation-satisfied id="1980" threadId="0000000001CCCD00" bytesRequested="40" />
<af-end id="1981" timestamp="2019-06-17T06:04:36.222" threadId="0000000001CCD688" success="true" from="nursery"/>
<exclusive-end id="1982" timestamp="2019-06-17T06:04:36.222" durationms="1.951" />

<exclusive-start id="1983" timestamp="2019-06-17T06:04:36.231" intervalms="10.615">
  <response-info timems="0.031" idlems="0.031" threads="0" lastid="0000000001CD4500" lastname="Thread-9" />
</exclusive-start>
<af-start id="1984" threadId="0000000001CD4E88" totalBytesRequested="40" timestamp="2019-06-17T06:04:36.231" intervalms="10.620" type="nursery" />
<cycle-start id="1985" type="scavenge" contextid="0" timestamp="2019-06-17T06:04:36.231" intervalms="10.632" />
<gc-start id="1986" type="scavenge" contextid="1985" timestamp="2019-06-17T06:04:36.231">
  <mem-info id="1987" free="2058454400" total="2092630016" percent="98">
    <mem type="nursery" free="0" total="23855104" percent="0">
      <mem type="allocate" free="0" total="21430272" percent="0" />
      <mem type="survivor" free="0" total="2424832" percent="0" />
    </mem>
    <mem type="tenure" free="2058454400" total="2068774912" percent="99">
      <mem type="soa" free="2058454400" total="2068774912" percent="99" />
      <mem type="loa" free="0" total="0" percent="0" />
    </mem>
    <remembered-set count="2177" />
  </mem-info>
</gc-start>
<allocation-stats totalBytes="20999592" >
  <allocated-bytes non-tlh="40" tlh="20999552" />
  <largest-consumer threadName="Thread-9" threadId="0000000001CD4500" bytes="5820136" />
</allocation-stats>
<gc-op id="1988" type="scavenge" timems="1.519" contextid="1985" timestamp="2019-06-17T06:04:36.233">
  <scavenger-info tenureage="4" tenuremask="fff0" tiltratio="89" />
  <memory-copied type="nursery" objects="7257" bytes="313336" bytesdiscarded="92168" />
</gc-op>
<gc-end id="1989" type="scavenge" contextid="1985" durationms="1.828" usertimems="4.000" systemtimems="0.000" timestamp="2019-06-17T06:04:36.233" activeThreads="4">
  <mem-info id="1990" free="2079479168" total="2092630016" percent="99">
    <mem type="nursery" free="21024768" total="23855104" percent="88">
      <mem type="allocate" free="21024768" total="21430272" percent="98" />
      <mem type="survivor" free="0" total="2424832" percent="0" />
    </mem>
    <mem type="tenure" free="2058454400" total="2068774912" percent="99">
      <mem type="soa" free="2058454400" total="2068774912" percent="99" />
      <mem type="loa" free="0" total="0" percent="0" />
    </mem>
    <remembered-set count="2177" />
  </mem-info>
</gc-end>
<cycle-end id="1991" type="scavenge" contextid="1985" timestamp="2019-06-17T06:04:36.233" />
  <attribute name="elasticGC enabled" value="1" />
  <attribute name= "numThreadsSpecified" value="4" />
  <attribute name="heapSize specified" value="27394048" />
  <attribute name="Current GC Util" value="12" />
  <attribute name= "Current Time Running" value="2704" />
  <attribute name ="GC Interval" value="200" />
  <attribute name="ProportionalT" value="-8.000000" />
  <attribute name="ProportionalI" value="-8.000000" />
  <attribute name="ProportionalH" value="-8.000000" />
  <attribute name="Current Error" value="-8.000000" />
  <attribute name="IntegralT" value="-88.000000" />
  <attribute name="IntegralI" value="-88.000000" />
  <attribute name="IntegralH" value="-88.000000" />
  <attribute name="DerivativeT" value="-0.727273" />
  <attribute name="DerivativeI" value="-0.727273" />
  <attribute name="DerivativeH" value="-0.727273" />
  <attribute name="Loop Time for DT" value="11.000000" />
  <attribute name="Output H" value="2092630016"/>
  <attribute name="Output I" value="200"/>
  <attribute name="Output T" value="4"/>
  <attribute name="Target GC Util Change" value ="20.000000" />
  <attribute name="Current GC Util Change" value="12.000000"/>
  <attribute name="GC Util currently" value="12" />
  <attribute name="CPU Util currently" value="430742057963" />
<allocation-satisfied id="1992" threadId="0000000001CD4500" bytesRequested="40" />
<af-end id="1993" timestamp="2019-06-17T06:04:36.233" threadId="0000000001CD4E88" success="true" from="nursery"/>
<exclusive-end id="1994" timestamp="2019-06-17T06:04:36.233" durationms="2.489" />

<exclusive-start id="1995" timestamp="2019-06-17T06:04:36.242" intervalms="11.152">
  <response-info timems="0.029" idlems="0.029" threads="0" lastid="0000000001CD8100" lastname="Thread-10" />
</exclusive-start>
<af-start id="1996" threadId="0000000001CD8A88" totalBytesRequested="40" timestamp="2019-06-17T06:04:36.242" intervalms="11.143" type="nursery" />
<cycle-start id="1997" type="scavenge" contextid="0" timestamp="2019-06-17T06:04:36.242" intervalms="11.135" />
<gc-start id="1998" type="scavenge" contextid="1997" timestamp="2019-06-17T06:04:36.242">
  <mem-info id="1999" free="2058454400" total="2092630016" percent="98">
    <mem type="nursery" free="0" total="23855104" percent="0">
      <mem type="allocate" free="0" total="21430272" percent="0" />
      <mem type="survivor" free="0" total="2424832" percent="0" />
    </mem>
    <mem type="tenure" free="2058454400" total="2068774912" percent="99">
      <mem type="soa" free="2058454400" total="2068774912" percent="99" />
      <mem type="loa" free="0" total="0" percent="0" />
    </mem>
    <remembered-set count="3780" />
  </mem-info>
</gc-start>
<allocation-stats totalBytes="21023976" >
  <allocated-bytes non-tlh="40" tlh="21023936" />
  <largest-consumer threadName="Thread-9" threadId="0000000001CD4500" bytes="5996328" />
</allocation-stats>
<gc-op id="2000" type="scavenge" timems="1.462" contextid="1997" timestamp="2019-06-17T06:04:36.244">
  <scavenger-info tenureage="3" tenuremask="fff8" tiltratio="89" />
  <memory-copied type="nursery" objects="10925" bytes="401296" bytesdiscarded="104816" />
  <memory-copied type="tenure" objects="555" bytes="13320" bytesdiscarded="0" />
</gc-op>
<gc-end id="2001" type="scavenge" contextid="1997" durationms="1.765" usertimems="4.000" systemtimems="0.000" timestamp="2019-06-17T06:04:36.244" activeThreads="4">
  <mem-info id="2002" free="2079339392" total="2092630016" percent="99">
    <mem type="nursery" free="20924160" total="23855104" percent="87">
      <mem type="allocate" free="20924160" total="21430272" percent="97" />
      <mem type="survivor" free="0" total="2424832" percent="0" />
    </mem>
    <mem type="tenure" free="2058415232" total="2068774912" percent="99">
      <mem type="soa" free="2058415232" total="2068774912" percent="99" />
      <mem type="loa" free="0" total="0" percent="0" />
    </mem>
    <remembered-set count="3225" />
  </mem-info>
</gc-end>
<cycle-end id="2003" type="scavenge" contextid="1997" timestamp="2019-06-17T06:04:36.244" />
  <attribute name="elasticGC enabled" value="1" />
  <attribute name= "numThreadsSpecified" value="4" />
  <attribute name="heapSize specified" value="27394048" />
  <attribute name="Current GC Util" value="26" />
  <attribute name= "Current Time Running" value="2715" />
  <attribute name ="GC Interval" value="200" />
  <attribute name="ProportionalT" value="6.000000" />
  <attribute name="ProportionalI" value="6.000000" />
  <attribute name="ProportionalH" value="6.000000" />
  <attribute name="Current Error" value="6.000000" />
  <attribute name="IntegralT" value="66.000000" />
  <attribute name="IntegralI" value="66.000000" />
  <attribute name="IntegralH" value="66.000000" />
  <attribute name="DerivativeT" value="0.545455" />
  <attribute name="DerivativeI" value="0.545455" />
  <attribute name="DerivativeH" value="0.545455" />
  <attribute name="Loop Time for DT" value="11.000000" />
  <attribute name="Output H" value="8388608"/>
  <attribute name="Output I" value="200"/>
  <attribute name="Output T" value="4"/>
  <attribute name="Target GC Util Change" value ="20.000000" />
  <attribute name="Current GC Util Change" value="26.000000"/>
  <attribute name="GC Util currently" value="26" />
  <attribute name="CPU Util currently" value="414401299954" />
<allocation-satisfied id="2004" threadId="0000000001CD8100" bytesRequested="40" />
<af-end id="2005" timestamp="2019-06-17T06:04:36.244" threadId="0000000001CD8A88" success="true" from="nursery"/>
<exclusive-end id="2006" timestamp="2019-06-17T06:04:36.244" durationms="2.405" />

<exclusive-start id="2007" timestamp="2019-06-17T06:04:36.256" intervalms="13.701">
  <response-info timems="0.054" idlems="0.054" threads="0" lastid="0000000001CD8100" lastname="Thread-10" />
</exclusive-start>
<af-start id="2008" threadId="0000000001CD8A88" totalBytesRequested="40" timestamp="2019-06-17T06:04:36.256" intervalms="13.721" type="nursery" />
<cycle-start id="2009" type="scavenge" contextid="0" timestamp="2019-06-17T06:04:36.256" intervalms="13.720" />
<gc-start id="2010" type="scavenge" contextid="2009" timestamp="2019-06-17T06:04:36.256">
  <mem-info id="2011" free="2058415232" total="2092630016" percent="98">
    <mem type="nursery" free="0" total="23855104" percent="0">
      <mem type="allocate" free="0" total="21430272" percent="0" />
      <mem type="survivor" free="0" total="2424832" percent="0" />
    </mem>
    <mem type="tenure" free="2058415232" total="2068774912" percent="99">
      <mem type="soa" free="2058415232" total="2068774912" percent="99" />
      <mem type="loa" free="0" total="0" percent="0" />
    </mem>
    <remembered-set count="3904" />
  </mem-info>
</gc-start>
<allocation-stats totalBytes="20923072" >
  <allocated-bytes non-tlh="40" tlh="20923032" />
  <largest-consumer threadName="Thread-9" threadId="0000000001CD4500" bytes="7914496" />
</allocation-stats>
<gc-op id="2012" type="scavenge" timems="1.058" contextid="2009" timestamp="2019-06-17T06:04:36.257">
  <scavenger-info tenureage="3" tenuremask="ffe8" tiltratio="89" />
  <memory-copied type="nursery" objects="9376" bytes="364328" bytesdiscarded="133336" />
  <memory-copied type="tenure" objects="649" bytes="15576" bytesdiscarded="0" />
</gc-op>
<gc-end id="2013" type="scavenge" contextid="2009" durationms="1.431" usertimems="4.000" systemtimems="0.000" timestamp="2019-06-17T06:04:36.257" activeThreads="4">
  <mem-info id="2014" free="2079347840" total="2092630016" percent="99">
    <mem type="nursery" free="20932608" total="23855104" percent="87">
      <mem type="allocate" free="20932608" total="21430272" percent="97" />
      <mem type="survivor" free="0" total="2424832" percent="0" />
    </mem>
    <mem type="tenure" free="2058415232" total="2068774912" percent="99">
      <mem type="soa" free="2058415232" total="2068774912" percent="99" />
      <mem type="loa" free="0" total="0" percent="0" />
    </mem>
    <remembered-set count="3255" />
  </mem-info>
</gc-end>
<cycle-end id="2015" type="scavenge" contextid="2009" timestamp="2019-06-17T06:04:36.257" />
  <attribute name="elasticGC enabled" value="1" />
  <attribute name= "numThreadsSpecified" value="4" />
  <attribute name="heapSize specified" value="27394048" />
  <attribute name="Current GC Util" value="23" />
  <attribute name= "Current Time Running" value="2728" />
  <attribute name ="GC Interval" value="200" />
  <attribute name="ProportionalT" value="3.000000" />
  <attribute name="ProportionalI" value="3.000000" />
  <attribute name="ProportionalH" value="3.000000" />
  <attribute name="Current Error" value="3.000000" />
  <attribute name="IntegralT" value="39.000000" />
  <attribute name="IntegralI" value="39.000000" />
  <attribute name="IntegralH" value="39.000000" />
  <attribute name="DerivativeT" value="-0.230769" />
  <attribute name="DerivativeI" value="-0.230769" />
  <attribute name="DerivativeH" value="-0.230769" />
  <attribute name="Loop Time for DT" value="13.000000" />
  <attribute name="Output H" value="8388608"/>
  <attribute name="Output I" value="200"/>
  <attribute name="Output T" value="4"/>
  <attribute name="Target GC Util Change" value ="20.000000" />
  <attribute name="Current GC Util Change" value="23.000000"/>
  <attribute name="GC Util currently" value="23" />
  <attribute name="CPU Util currently" value="334981381639" />
<allocation-satisfied id="2016" threadId="0000000001CD8100" bytesRequested="40" />
<af-end id="2017" timestamp="2019-06-17T06:04:36.258" threadId="0000000001CD8A88" success="true" from="nursery"/>
<exclusive-end id="2018" timestamp="2019-06-17T06:04:36.258" durationms="2.217" />

<exclusive-start id="2019" timestamp="2019-06-17T06:04:36.267" intervalms="11.005">
  <response-info timems="0.035" idlems="0.035" threads="0" lastid="0000000001CD8100" lastname="Thread-10" />
</exclusive-start>
<af-start id="2020" threadId="0000000001CD8A88" totalBytesRequested="40" timestamp="2019-06-17T06:04:36.267" intervalms="11.015" type="nursery" />
<cycle-start id="2021" type="scavenge" contextid="0" timestamp="2019-06-17T06:04:36.267" intervalms="11.007" />
<gc-start id="2022" type="scavenge" contextid="2021" timestamp="2019-06-17T06:04:36.267">
  <mem-info id="2023" free="2058415232" total="2092630016" percent="98">
    <mem type="nursery" free="0" total="23855104" percent="0">
      <mem type="allocate" free="0" total="21430272" percent="0" />
      <mem type="survivor" free="0" total="2424832" percent="0" />
    </mem>
    <mem type="tenure" free="2058415232" total="2068774912" percent="99">
      <mem type="soa" free="2058415232" total="2068774912" percent="99" />
      <mem type="loa" free="0" total="0" percent="0" />
    </mem>
    <remembered-set count="5433" />
  </mem-info>
</gc-start>
<allocation-stats totalBytes="20931872" >
  <allocated-bytes non-tlh="40" tlh="20931832" />
  <largest-consumer threadName="Thread-9" threadId="0000000001CD4500" bytes="6104888" />
</allocation-stats>
<gc-op id="2024" type="scavenge" timems="1.247" contextid="2021" timestamp="2019-06-17T06:04:36.268">
  <scavenger-info tenureage="14" tenuremask="4000" tiltratio="89" />
  <memory-copied type="nursery" objects="13161" bytes="454464" bytesdiscarded="135360" />
</gc-op>
<gc-end id="2025" type="scavenge" contextid="2021" durationms="1.563" usertimems="4.000" systemtimems="0.000" timestamp="2019-06-17T06:04:36.269" activeThreads="4">
  <mem-info id="2026" free="2079255680" total="2092630016" percent="99">
    <mem type="nursery" free="20840448" total="23855104" percent="87">
      <mem type="allocate" free="20840448" total="21430272" percent="97" />
      <mem type="survivor" free="0" total="2424832" percent="0" />
    </mem>
    <mem type="tenure" free="2058415232" total="2068774912" percent="99">
      <mem type="soa" free="2058415232" total="2068774912" percent="99" />
      <mem type="loa" free="0" total="0" percent="0" />
    </mem>
    <remembered-set count="5433" />
  </mem-info>
</gc-end>
<cycle-end id="2027" type="scavenge" contextid="2021" timestamp="2019-06-17T06:04:36.269" />
  <attribute name="elasticGC enabled" value="1" />
  <attribute name= "numThreadsSpecified" value="4" />
  <attribute name="heapSize specified" value="27394048" />
  <attribute name="Current GC Util" value="23" />
  <attribute name= "Current Time Running" value="2739" />
  <attribute name ="GC Interval" value="200" />
  <attribute name="ProportionalT" value="3.000000" />
  <attribute name="ProportionalI" value="3.000000" />
  <attribute name="ProportionalH" value="3.000000" />
  <attribute name="Current Error" value="3.000000" />
  <attribute name="IntegralT" value="33.000000" />
  <attribute name="IntegralI" value="33.000000" />
  <attribute name="IntegralH" value="33.000000" />
  <attribute name="DerivativeT" value="0.000000" />
  <attribute name="DerivativeI" value="0.000000" />
  <attribute name="DerivativeH" value="0.000000" />
  <attribute name="Loop Time for DT" value="11.000000" />
  <attribute name="Output H" value="8388608"/>
  <attribute name="Output I" value="200"/>
  <attribute name="Output T" value="4"/>
  <attribute name="Target GC Util Change" value ="20.000000" />
  <attribute name="Current GC Util Change" value="23.000000"/>
  <attribute name="GC Util currently" value="23" />
  <attribute name="CPU Util currently" value="420955173310" />
<allocation-satisfied id="2028" threadId="0000000001CD8100" bytesRequested="40" />
<af-end id="2029" timestamp="2019-06-17T06:04:36.269" threadId="0000000001CD8A88" success="true" from="nursery"/>
<exclusive-end id="2030" timestamp="2019-06-17T06:04:36.269" durationms="2.191" />

<exclusive-start id="2031" timestamp="2019-06-17T06:04:36.280" intervalms="12.999">
  <response-info timems="0.041" idlems="0.041" threads="0" lastid="0000000001CD4500" lastname="Thread-9" />
</exclusive-start>
<af-start id="2032" threadId="0000000001CD4E88" totalBytesRequested="40" timestamp="2019-06-17T06:04:36.280" intervalms="12.962" type="nursery" />
<cycle-start id="2033" type="scavenge" contextid="0" timestamp="2019-06-17T06:04:36.280" intervalms="12.957" />
<gc-start id="2034" type="scavenge" contextid="2033" timestamp="2019-06-17T06:04:36.280">
  <mem-info id="2035" free="2058415232" total="2092630016" percent="98">
    <mem type="nursery" free="0" total="23855104" percent="0">
      <mem type="allocate" free="0" total="21430272" percent="0" />
      <mem type="survivor" free="0" total="2424832" percent="0" />
    </mem>
    <mem type="tenure" free="2058415232" total="2068774912" percent="99">
      <mem type="soa" free="2058415232" total="2068774912" percent="99" />
      <mem type="loa" free="0" total="0" percent="0" />
    </mem>
    <remembered-set count="7661" />
  </mem-info>
</gc-start>
<allocation-stats totalBytes="20839632" >
  <allocated-bytes non-tlh="40" tlh="20839592" />
  <largest-consumer threadName="Thread-9" threadId="0000000001CD4500" bytes="7405216" />
</allocation-stats>
<gc-op id="2036" type="scavenge" timems="1.819" contextid="2033" timestamp="2019-06-17T06:04:36.282">
  <scavenger-info tenureage="4" tenuremask="4010" tiltratio="89" />
  <memory-copied type="nursery" objects="21135" bytes="783312" bytesdiscarded="155952" />
  <memory-copied type="tenure" objects="888" bytes="21312" bytesdiscarded="0" />
</gc-op>
<gc-end id="2037" type="scavenge" contextid="2033" durationms="2.038" usertimems="4.000" systemtimems="0.000" timestamp="2019-06-17T06:04:36.282" activeThreads="4">
  <mem-info id="2038" free="2078906240" total="2092630016" percent="99">
    <mem type="nursery" free="20491008" total="23855104" percent="85">
      <mem type="allocate" free="20491008" total="21430272" percent="95" />
      <mem type="survivor" free="0" total="2424832" percent="0" />
    </mem>
    <mem type="tenure" free="2058415232" total="2068774912" percent="99">
      <mem type="soa" free="2058415232" total="2068774912" percent="99" />
      <mem type="loa" free="0" total="0" percent="0" />
    </mem>
    <remembered-set count="6773" />
  </mem-info>
</gc-end>
<cycle-end id="2039" type="scavenge" contextid="2033" timestamp="2019-06-17T06:04:36.282" />
  <attribute name="elasticGC enabled" value="1" />
  <attribute name= "numThreadsSpecified" value="4" />
  <attribute name="heapSize specified" value="27394048" />
  <attribute name="Current GC Util" value="22" />
  <attribute name= "Current Time Running" value="2752" />
  <attribute name ="GC Interval" value="200" />
  <attribute name="ProportionalT" value="2.000000" />
  <attribute name="ProportionalI" value="2.000000" />
  <attribute name="ProportionalH" value="2.000000" />
  <attribute name="Current Error" value="2.000000" />
  <attribute name="IntegralT" value="26.000000" />
  <attribute name="IntegralI" value="26.000000" />
  <attribute name="IntegralH" value="26.000000" />
  <attribute name="DerivativeT" value="-0.076923" />
  <attribute name="DerivativeI" value="-0.076923" />
  <attribute name="DerivativeH" value="-0.076923" />
  <attribute name="Loop Time for DT" value="13.000000" />
  <attribute name="Output H" value="8388608"/>
  <attribute name="Output I" value="200"/>
  <attribute name="Output T" value="4"/>
  <attribute name="Target GC Util Change" value ="20.000000" />
  <attribute name="Current GC Util Change" value="22.000000"/>
  <attribute name="GC Util currently" value="22" />
  <attribute name="CPU Util currently" value="357977559270" />
<allocation-satisfied id="2040" threadId="0000000001CD4500" bytesRequested="40" />
<af-end id="2041" timestamp="2019-06-17T06:04:36.282" threadId="0000000001CD4E88" success="true" from="nursery"/>
<exclusive-end id="2042" timestamp="2019-06-17T06:04:36.282" durationms="2.713" />

<exclusive-start id="2043" timestamp="2019-06-17T06:04:36.291" intervalms="11.073">
  <response-info timems="0.038" idlems="0.038" threads="0" lastid="0000000001CD4500" lastname="Thread-9" />
</exclusive-start>
<af-start id="2044" threadId="0000000001CD4E88" totalBytesRequested="24" timestamp="2019-06-17T06:04:36.291" intervalms="11.055" type="nursery" />
<cycle-start id="2045" type="scavenge" contextid="0" timestamp="2019-06-17T06:04:36.291" intervalms="11.042" />
<gc-start id="2046" type="scavenge" contextid="2045" timestamp="2019-06-17T06:04:36.291">
  <mem-info id="2047" free="2058415232" total="2092630016" percent="98">
    <mem type="nursery" free="0" total="23855104" percent="0">
      <mem type="allocate" free="0" total="21430272" percent="0" />
      <mem type="survivor" free="0" total="2424832" percent="0" />
    </mem>
    <mem type="tenure" free="2058415232" total="2068774912" percent="99">
      <mem type="soa" free="2058415232" total="2068774912" percent="99" />
      <mem type="loa" free="0" total="0" percent="0" />
    </mem>
    <remembered-set count="6973" />
  </mem-info>
</gc-start>
<allocation-stats totalBytes="20490504" >
  <allocated-bytes non-tlh="40" tlh="20490464" />
  <largest-consumer threadName="Thread-9" threadId="0000000001CD4500" bytes="5663400" />
</allocation-stats>
<gc-op id="2048" type="scavenge" timems="1.618" contextid="2045" timestamp="2019-06-17T06:04:36.293">
  <scavenger-info tenureage="3" tenuremask="4018" tiltratio="89" />
  <memory-copied type="nursery" objects="22090" bytes="806136" bytesdiscarded="166008" />
  <memory-copied type="tenure" objects="8136" bytes="332640" bytesdiscarded="48" />
</gc-op>
<gc-end id="2049" type="scavenge" contextid="2045" durationms="1.869" usertimems="4.000" systemtimems="0.000" timestamp="2019-06-17T06:04:36.293" activeThreads="4">
  <mem-info id="2050" free="2078540816" total="2092630016" percent="99">
    <mem type="nursery" free="20458128" total="23855104" percent="85">
      <mem type="allocate" free="20458128" total="21430272" percent="95" />
      <mem type="survivor" free="0" total="2424832" percent="0" />
    </mem>
    <mem type="tenure" free="2058082688" total="2068774912" percent="99">
      <mem type="soa" free="2058082688" total="2068774912" percent="99" />
      <mem type="loa" free="0" total="0" percent="0" />
    </mem>
    <remembered-set count="6675" />
  </mem-info>
</gc-end>
<cycle-end id="2051" type="scavenge" contextid="2045" timestamp="2019-06-17T06:04:36.293" />
  <attribute name="elasticGC enabled" value="1" />
  <attribute name= "numThreadsSpecified" value="4" />
  <attribute name="heapSize specified" value="27394048" />
  <attribute name="Current GC Util" value="35" />
  <attribute name= "Current Time Running" value="2763" />
  <attribute name ="GC Interval" value="200" />
  <attribute name="ProportionalT" value="15.000000" />
  <attribute name="ProportionalI" value="15.000000" />
  <attribute name="ProportionalH" value="15.000000" />
  <attribute name="Current Error" value="15.000000" />
  <attribute name="IntegralT" value="165.000000" />
  <attribute name="IntegralI" value="165.000000" />
  <attribute name="IntegralH" value="165.000000" />
  <attribute name="DerivativeT" value="1.181818" />
  <attribute name="DerivativeI" value="1.181818" />
  <attribute name="DerivativeH" value="1.181818" />
  <attribute name="Loop Time for DT" value="11.000000" />
  <attribute name="Output H" value="8388608"/>
  <attribute name="Output I" value="200"/>
  <attribute name="Output T" value="4"/>
  <attribute name="Target GC Util Change" value ="20.000000" />
  <attribute name="Current GC Util Change" value="35.000000"/>
  <attribute name="GC Util currently" value="35" />
  <attribute name="CPU Util currently" value="417687725506" />
<allocation-satisfied id="2052" threadId="0000000001CD4500" bytesRequested="24" />
<af-end id="2053" timestamp="2019-06-17T06:04:36.293" threadId="0000000001CD4E88" success="true" from="nursery"/>
<exclusive-end id="2054" timestamp="2019-06-17T06:04:36.293" durationms="2.558" />

<exclusive-start id="2055" timestamp="2019-06-17T06:04:36.302" intervalms="10.931">
  <response-info timems="0.026" idlems="0.026" threads="0" lastid="0000000001CD8100" lastname="Thread-10" />
</exclusive-start>
<af-start id="2056" threadId="0000000001CD8A88" totalBytesRequested="40" timestamp="2019-06-17T06:04:36.302" intervalms="10.917" type="nursery" />
<cycle-start id="2057" type="scavenge" contextid="0" timestamp="2019-06-17T06:04:36.302" intervalms="10.946" />
<gc-start id="2058" type="scavenge" contextid="2057" timestamp="2019-06-17T06:04:36.302">
  <mem-info id="2059" free="2058082688" total="2092630016" percent="98">
    <mem type="nursery" free="0" total="23855104" percent="0">
      <mem type="allocate" free="0" total="21430272" percent="0" />
      <mem type="survivor" free="0" total="2424832" percent="0" />
    </mem>
    <mem type="tenure" free="2058082688" total="2068774912" percent="99">
      <mem type="soa" free="2058082688" total="2068774912" percent="99" />
      <mem type="loa" free="0" total="0" percent="0" />
    </mem>
    <remembered-set count="8607" />
  </mem-info>
</gc-start>
<allocation-stats totalBytes="20456352" >
  <allocated-bytes non-tlh="24" tlh="20456328" />
  <largest-consumer threadName="Thread-9" threadId="0000000001CD4500" bytes="5471824" />
</allocation-stats>
<gc-op id="2060" type="scavenge" timems="1.630" contextid="2057" timestamp="2019-06-17T06:04:36.304">
  <scavenger-info tenureage="3" tenuremask="4008" tiltratio="89" />
  <memory-copied type="nursery" objects="28621" bytes="1100544" bytesdiscarded="169080" />
  <memory-copied type="tenure" objects="3905" bytes="93720" bytesdiscarded="0" />
</gc-op>
<gc-end id="2061" type="scavenge" contextid="2057" durationms="1.875" usertimems="4.000" systemtimems="0.000" timestamp="2019-06-17T06:04:36.304" activeThreads="4">
  <mem-info id="2062" free="2078072840" total="2092630016" percent="99">
    <mem type="nursery" free="20160648" total="23855104" percent="84">
      <mem type="allocate" free="20160648" total="21430272" percent="94" />
      <mem type="survivor" free="0" total="2424832" percent="0" />
    </mem>
    <mem type="tenure" free="2057912192" total="2068774912" percent="99">
      <mem type="soa" free="2057912192" total="2068774912" percent="99" />
      <mem type="loa" free="0" total="0" percent="0" />
    </mem>
    <remembered-set count="5724" />
  </mem-info>
</gc-end>
<cycle-end id="2063" type="scavenge" contextid="2057" timestamp="2019-06-17T06:04:36.304" />
  <attribute name="elasticGC enabled" value="1" />
  <attribute name= "numThreadsSpecified" value="4" />
  <attribute name="heapSize specified" value="27394048" />
  <attribute name="Current GC Util" value="41" />
  <attribute name= "Current Time Running" value="2774" />
  <attribute name ="GC Interval" value="256" />
  <attribute name="ProportionalT" value="21.000000" />
  <attribute name="ProportionalI" value="21.000000" />
  <attribute name="ProportionalH" value="21.000000" />
  <attribute name="Current Error" value="21.000000" />
  <attribute name="IntegralT" value="231.000000" />
  <attribute name="IntegralI" value="231.000000" />
  <attribute name="IntegralH" value="231.000000" />
  <attribute name="DerivativeT" value="0.545455" />
  <attribute name="DerivativeI" value="0.545455" />
  <attribute name="DerivativeH" value="0.545455" />
  <attribute name="Loop Time for DT" value="11.000000" />
  <attribute name="Output H" value="8388608"/>
  <attribute name="Output I" value="256"/>
  <attribute name="Output T" value="4"/>
  <attribute name="Target GC Util Change" value ="20.000000" />
  <attribute name="Current GC Util Change" value="41.000000"/>
  <attribute name="GC Util currently" value="41" />
  <attribute name="CPU Util currently" value="421008898099" />
<allocation-satisfied id="2064" threadId="0000000001CD8100" bytesRequested="40" />
<af-end id="2065" timestamp="2019-06-17T06:04:36.304" threadId="0000000001CD8A88" success="true" from="nursery"/>
<exclusive-end id="2066" timestamp="2019-06-17T06:04:36.304" durationms="2.478" />

<exclusive-start id="2067" timestamp="2019-06-17T06:04:36.316" intervalms="14.597">
  <response-info timems="0.049" idlems="0.049" threads="0" lastid="0000000001CD8100" lastname="Thread-10" />
</exclusive-start>
<af-start id="2068" threadId="0000000001CD8A88" totalBytesRequested="40" timestamp="2019-06-17T06:04:36.316" intervalms="14.608" type="nursery" />
<cycle-start id="2069" type="scavenge" contextid="0" timestamp="2019-06-17T06:04:36.316" intervalms="14.575" />
<gc-start id="2070" type="scavenge" contextid="2069" timestamp="2019-06-17T06:04:36.316">
  <mem-info id="2071" free="2057912192" total="2092630016" percent="98">
    <mem type="nursery" free="0" total="23855104" percent="0">
      <mem type="allocate" free="0" total="21430272" percent="0" />
      <mem type="survivor" free="0" total="2424832" percent="0" />
    </mem>
    <mem type="tenure" free="2057912192" total="2068774912" percent="99">
      <mem type="soa" free="2057912192" total="2068774912" percent="99" />
      <mem type="loa" free="0" total="0" percent="0" />
    </mem>
    <remembered-set count="6037" />
  </mem-info>
</gc-start>
<allocation-stats totalBytes="20157568" >
  <allocated-bytes non-tlh="40" tlh="20157528" />
  <largest-consumer threadName="Thread-10" threadId="0000000001CD8100" bytes="7642040" />
</allocation-stats>
<gc-op id="2072" type="scavenge" timems="1.518" contextid="2069" timestamp="2019-06-17T06:04:36.318">
  <scavenger-info tenureage="3" tenuremask="4008" tiltratio="89" />
  <memory-copied type="nursery" objects="21385" bytes="789664" bytesdiscarded="54368" />
  <memory-copied type="tenure" objects="8848" bytes="349728" bytesdiscarded="24" />
</gc-op>
<gc-end id="2073" type="scavenge" contextid="2069" durationms="1.744" usertimems="4.000" systemtimems="0.000" timestamp="2019-06-17T06:04:36.318" activeThreads="4">
  <mem-info id="2074" free="2078196608" total="2092630016" percent="99">
    <mem type="nursery" free="20586240" total="23855104" percent="86">
      <mem type="allocate" free="20586240" total="21430272" percent="96" />
      <mem type="survivor" free="0" total="2424832" percent="0" />
    </mem>
    <mem type="tenure" free="2057610368" total="2068774912" percent="99">
      <mem type="soa" free="2057610368" total="2068774912" percent="99" />
      <mem type="loa" free="0" total="0" percent="0" />
    </mem>
    <remembered-set count="5890" />
  </mem-info>
</gc-end>
<cycle-end id="2075" type="scavenge" contextid="2069" timestamp="2019-06-17T06:04:36.318" />
  <attribute name="elasticGC enabled" value="1" />
  <attribute name= "numThreadsSpecified" value="4" />
  <attribute name="heapSize specified" value="27394048" />
  <attribute name="Current GC Util" value="28" />
  <attribute name= "Current Time Running" value="2789" />
  <attribute name ="GC Interval" value="200" />
  <attribute name="ProportionalT" value="8.000000" />
  <attribute name="ProportionalI" value="8.000000" />
  <attribute name="ProportionalH" value="8.000000" />
  <attribute name="Current Error" value="8.000000" />
  <attribute name="IntegralT" value="120.000000" />
  <attribute name="IntegralI" value="120.000000" />
  <attribute name="IntegralH" value="120.000000" />
  <attribute name="DerivativeT" value="-0.866667" />
  <attribute name="DerivativeI" value="-0.866667" />
  <attribute name="DerivativeH" value="-0.866667" />
  <attribute name="Loop Time for DT" value="15.000000" />
  <attribute name="Output H" value="8388608"/>
  <attribute name="Output I" value="200"/>
  <attribute name="Output T" value="4"/>
  <attribute name="Target GC Util Change" value ="20.000000" />
  <attribute name="Current GC Util Change" value="28.000000"/>
  <attribute name="GC Util currently" value="28" />
  <attribute name="CPU Util currently" value="316938658965" />
<allocation-satisfied id="2076" threadId="0000000001CD8100" bytesRequested="40" />
<af-end id="2077" timestamp="2019-06-17T06:04:36.318" threadId="0000000001CD8A88" success="true" from="nursery"/>
<exclusive-end id="2078" timestamp="2019-06-17T06:04:36.319" durationms="2.310" />

<exclusive-start id="2079" timestamp="2019-06-17T06:04:36.328" intervalms="11.414">
  <response-info timems="0.037" idlems="0.037" threads="0" lastid="0000000001CD8100" lastname="Thread-10" />
</exclusive-start>
<af-start id="2080" threadId="0000000001CD8A88" totalBytesRequested="40" timestamp="2019-06-17T06:04:36.328" intervalms="11.403" type="nursery" />
<cycle-start id="2081" type="scavenge" contextid="0" timestamp="2019-06-17T06:04:36.328" intervalms="11.398" />
<gc-start id="2082" type="scavenge" contextid="2081" timestamp="2019-06-17T06:04:36.328">
  <mem-info id="2083" free="2057610368" total="2092630016" percent="98">
    <mem type="nursery" free="0" total="23855104" percent="0">
      <mem type="allocate" free="0" total="21430272" percent="0" />
      <mem type="survivor" free="0" total="2424832" percent="0" />
    </mem>
    <mem type="tenure" free="2057610368" total="2068774912" percent="99">
      <mem type="soa" free="2057610368" total="2068774912" percent="99" />
      <mem type="loa" free="0" total="0" percent="0" />
    </mem>
    <remembered-set count="7931" />
  </mem-info>
</gc-start>
<allocation-stats totalBytes="20585472" >
  <allocated-bytes non-tlh="40" tlh="20585432" />
  <largest-consumer threadName="Thread-10" threadId="0000000001CD8100" bytes="5873288" />
</allocation-stats>
<gc-op id="2084" type="scavenge" timems="1.147" contextid="2081" timestamp="2019-06-17T06:04:36.329">
  <scavenger-info tenureage="3" tenuremask="4008" tiltratio="89" />
  <memory-copied type="nursery" objects="23675" bytes="981728" bytesdiscarded="79120" />
  <memory-copied type="tenure" objects="2323" bytes="55752" bytesdiscarded="0" />
</gc-op>
<gc-end id="2085" type="scavenge" contextid="2081" durationms="1.342" usertimems="4.000" systemtimems="0.000" timestamp="2019-06-17T06:04:36.329" activeThreads="4">
  <mem-info id="2086" free="2077940624" total="2092630016" percent="99">
    <mem type="nursery" free="20369424" total="23855104" percent="85">
      <mem type="allocate" free="20369424" total="21430272" percent="95" />
      <mem type="survivor" free="0" total="2424832" percent="0" />
    </mem>
    <mem type="tenure" free="2057571200" total="2068774912" percent="99">
      <mem type="soa" free="2057571200" total="2068774912" percent="99" />
      <mem type="loa" free="0" total="0" percent="0" />
    </mem>
    <remembered-set count="5608" />
  </mem-info>
</gc-end>
<cycle-end id="2087" type="scavenge" contextid="2081" timestamp="2019-06-17T06:04:36.329" />
  <attribute name="elasticGC enabled" value="1" />
  <attribute name= "numThreadsSpecified" value="4" />
  <attribute name="heapSize specified" value="27394048" />
  <attribute name="Current GC Util" value="34" />
  <attribute name= "Current Time Running" value="2800" />
  <attribute name ="GC Interval" value="200" />
  <attribute name="ProportionalT" value="14.000000" />
  <attribute name="ProportionalI" value="14.000000" />
  <attribute name="ProportionalH" value="14.000000" />
  <attribute name="Current Error" value="14.000000" />
  <attribute name="IntegralT" value="154.000000" />
  <attribute name="IntegralI" value="154.000000" />
  <attribute name="IntegralH" value="154.000000" />
  <attribute name="DerivativeT" value="0.545455" />
  <attribute name="DerivativeI" value="0.545455" />
  <attribute name="DerivativeH" value="0.545455" />
  <attribute name="Loop Time for DT" value="11.000000" />
  <attribute name="Output H" value="8388608"/>
  <attribute name="Output I" value="200"/>
  <attribute name="Output T" value="4"/>
  <attribute name="Target GC Util Change" value ="20.000000" />
  <attribute name="Current GC Util Change" value="34.000000"/>
  <attribute name="GC Util currently" value="34" />
  <attribute name="CPU Util currently" value="404790333394" />
<allocation-satisfied id="2088" threadId="0000000001CD8100" bytesRequested="40" />
<af-end id="2089" timestamp="2019-06-17T06:04:36.329" threadId="0000000001CD8A88" success="true" from="nursery"/>
<exclusive-end id="2090" timestamp="2019-06-17T06:04:36.329" durationms="1.823" />

<exclusive-start id="2091" timestamp="2019-06-17T06:04:36.341" intervalms="13.560">
  <response-info timems="0.027" idlems="0.027" threads="0" lastid="0000000001CD8100" lastname="Thread-10" />
</exclusive-start>
<af-start id="2092" threadId="0000000001CD8A88" totalBytesRequested="40" timestamp="2019-06-17T06:04:36.341" intervalms="13.558" type="nursery" />
<cycle-start id="2093" type="scavenge" contextid="0" timestamp="2019-06-17T06:04:36.341" intervalms="13.554" />
<gc-start id="2094" type="scavenge" contextid="2093" timestamp="2019-06-17T06:04:36.341">
  <mem-info id="2095" free="2057571200" total="2092630016" percent="98">
    <mem type="nursery" free="0" total="23855104" percent="0">
      <mem type="allocate" free="0" total="21430272" percent="0" />
      <mem type="survivor" free="0" total="2424832" percent="0" />
    </mem>
    <mem type="tenure" free="2057571200" total="2068774912" percent="99">
      <mem type="soa" free="2057571200" total="2068774912" percent="99" />
      <mem type="loa" free="0" total="0" percent="0" />
    </mem>
    <remembered-set count="5965" />
  </mem-info>
</gc-start>
<allocation-stats totalBytes="20367472" >
  <allocated-bytes non-tlh="40" tlh="20367432" />
  <largest-consumer threadName="Thread-10" threadId="0000000001CD8100" bytes="7568704" />
</allocation-stats>
<gc-op id="2096" type="scavenge" timems="1.364" contextid="2093" timestamp="2019-06-17T06:04:36.343">
  <scavenger-info tenureage="14" tenuremask="4000" tiltratio="89" />
  <memory-copied type="nursery" objects="27997" bytes="1085832" bytesdiscarded="138360" />
</gc-op>
<gc-end id="2097" type="scavenge" contextid="2093" durationms="1.541" usertimems="4.000" systemtimems="0.000" timestamp="2019-06-17T06:04:36.343" activeThreads="4">
  <mem-info id="2098" free="2077777280" total="2092630016" percent="99">
    <mem type="nursery" free="20206080" total="23855104" percent="84">
      <mem type="allocate" free="20206080" total="21430272" percent="94" />
      <mem type="survivor" free="0" total="2424832" percent="0" />
    </mem>
    <mem type="tenure" free="2057571200" total="2068774912" percent="99">
      <mem type="soa" free="2057571200" total="2068774912" percent="99" />
      <mem type="loa" free="0" total="0" percent="0" />
    </mem>
    <remembered-set count="5964" />
  </mem-info>
</gc-end>
<cycle-end id="2099" type="scavenge" contextid="2093" timestamp="2019-06-17T06:04:36.343" />
  <attribute name="elasticGC enabled" value="1" />
  <attribute name= "numThreadsSpecified" value="4" />
  <attribute name="heapSize specified" value="27394048" />
  <attribute name="Current GC Util" value="23" />
  <attribute name= "Current Time Running" value="2814" />
  <attribute name ="GC Interval" value="200" />
  <attribute name="ProportionalT" value="3.000000" />
  <attribute name="ProportionalI" value="3.000000" />
  <attribute name="ProportionalH" value="3.000000" />
  <attribute name="Current Error" value="3.000000" />
  <attribute name="IntegralT" value="42.000000" />
  <attribute name="IntegralI" value="42.000000" />
  <attribute name="IntegralH" value="42.000000" />
  <attribute name="DerivativeT" value="-0.785714" />
  <attribute name="DerivativeI" value="-0.785714" />
  <attribute name="DerivativeH" value="-0.785714" />
  <attribute name="Loop Time for DT" value="14.000000" />
  <attribute name="Output H" value="8388608"/>
  <attribute name="Output I" value="200"/>
  <attribute name="Output T" value="4"/>
  <attribute name="Target GC Util Change" value ="20.000000" />
  <attribute name="Current GC Util Change" value="23.000000"/>
  <attribute name="GC Util currently" value="23" />
  <attribute name="CPU Util currently" value="340569475109" />
<allocation-satisfied id="2100" threadId="0000000001CD8100" bytesRequested="40" />
<af-end id="2101" timestamp="2019-06-17T06:04:36.343" threadId="0000000001CD8A88" success="true" from="nursery"/>
<exclusive-end id="2102" timestamp="2019-06-17T06:04:36.343" durationms="1.994" />

<exclusive-start id="2103" timestamp="2019-06-17T06:04:36.352" intervalms="10.834">
  <response-info timems="0.030" idlems="0.027" threads="1" lastid="0000000001CCCD00" lastname="Thread-8" />
</exclusive-start>
<af-start id="2104" threadId="0000000001CD4E88" totalBytesRequested="40" timestamp="2019-06-17T06:04:36.352" intervalms="10.834" type="nursery" />
<cycle-start id="2105" type="scavenge" contextid="0" timestamp="2019-06-17T06:04:36.352" intervalms="10.846" />
<gc-start id="2106" type="scavenge" contextid="2105" timestamp="2019-06-17T06:04:36.352">
  <mem-info id="2107" free="2057571200" total="2092630016" percent="98">
    <mem type="nursery" free="0" total="23855104" percent="0">
      <mem type="allocate" free="0" total="21430272" percent="0" />
      <mem type="survivor" free="0" total="2424832" percent="0" />
    </mem>
    <mem type="tenure" free="2057571200" total="2068774912" percent="99">
      <mem type="soa" free="2057571200" total="2068774912" percent="99" />
      <mem type="loa" free="0" total="0" percent="0" />
    </mem>
    <remembered-set count="6094" />
  </mem-info>
</gc-start>
<allocation-stats totalBytes="20205296" >
  <allocated-bytes non-tlh="40" tlh="20205256" />
  <largest-consumer threadName="Thread-10" threadId="0000000001CD8100" bytes="6279320" />
</allocation-stats>
<gc-op id="2108" type="scavenge" timems="1.350" contextid="2105" timestamp="2019-06-17T06:04:36.354">
  <scavenger-info tenureage="4" tenuremask="4010" tiltratio="89" />
  <memory-copied type="nursery" objects="17555" bytes="697728" bytesdiscarded="146304" />
  <memory-copied type="tenure" objects="8025" bytes="329976" bytesdiscarded="24" />
</gc-op>
<gc-end id="2109" type="scavenge" contextid="2105" durationms="1.575" usertimems="4.000" systemtimems="0.000" timestamp="2019-06-17T06:04:36.354" activeThreads="4">
  <mem-info id="2110" free="2077724288" total="2092630016" percent="99">
    <mem type="nursery" free="20586240" total="23855104" percent="86">
      <mem type="allocate" free="20586240" total="21430272" percent="96" />
      <mem type="survivor" free="0" total="2424832" percent="0" />
    </mem>
    <mem type="tenure" free="2057138048" total="2068774912" percent="99">
      <mem type="soa" free="2057138048" total="2068774912" percent="99" />
      <mem type="loa" free="0" total="0" percent="0" />
    </mem>
    <remembered-set count="4739" />
  </mem-info>
</gc-end>
<cycle-end id="2111" type="scavenge" contextid="2105" timestamp="2019-06-17T06:04:36.354" />
  <attribute name="elasticGC enabled" value="1" />
  <attribute name= "numThreadsSpecified" value="4" />
  <attribute name="heapSize specified" value="27394048" />
  <attribute name="Current GC Util" value="30" />
  <attribute name= "Current Time Running" value="2825" />
  <attribute name ="GC Interval" value="200" />
  <attribute name="ProportionalT" value="10.000000" />
  <attribute name="ProportionalI" value="10.000000" />
  <attribute name="ProportionalH" value="10.000000" />
  <attribute name="Current Error" value="10.000000" />
  <attribute name="IntegralT" value="110.000000" />
  <attribute name="IntegralI" value="110.000000" />
  <attribute name="IntegralH" value="110.000000" />
  <attribute name="DerivativeT" value="0.636364" />
  <attribute name="DerivativeI" value="0.636364" />
  <attribute name="DerivativeH" value="0.636364" />
  <attribute name="Loop Time for DT" value="11.000000" />
  <attribute name="Output H" value="8388608"/>
  <attribute name="Output I" value="200"/>
  <attribute name="Output T" value="4"/>
  <attribute name="Target GC Util Change" value ="20.000000" />
  <attribute name="Current GC Util Change" value="30.000000"/>
  <attribute name="GC Util currently" value="30" />
  <attribute name="CPU Util currently" value="423940517813" />
<allocation-satisfied id="2112" threadId="0000000001CD4500" bytesRequested="40" />
<af-end id="2113" timestamp="2019-06-17T06:04:36.354" threadId="0000000001CD4E88" success="true" from="nursery"/>
<exclusive-end id="2114" timestamp="2019-06-17T06:04:36.354" durationms="2.065" />

<exclusive-start id="2115" timestamp="2019-06-17T06:04:36.363" intervalms="10.559">
  <response-info timems="0.062" idlems="0.062" threads="0" lastid="0000000001CD8100" lastname="Thread-10" />
</exclusive-start>
<af-start id="2116" threadId="0000000001CD8A88" totalBytesRequested="40" timestamp="2019-06-17T06:04:36.363" intervalms="10.558" type="nursery" />
<cycle-start id="2117" type="scavenge" contextid="0" timestamp="2019-06-17T06:04:36.363" intervalms="10.551" />
<gc-start id="2118" type="scavenge" contextid="2117" timestamp="2019-06-17T06:04:36.363">
  <mem-info id="2119" free="2057138048" total="2092630016" percent="98">
    <mem type="nursery" free="0" total="23855104" percent="0">
      <mem type="allocate" free="0" total="21430272" percent="0" />
      <mem type="survivor" free="0" total="2424832" percent="0" />
    </mem>
    <mem type="tenure" free="2057138048" total="2068774912" percent="99">
      <mem type="soa" free="2057138048" total="2068774912" percent="99" />
      <mem type="loa" free="0" total="0" percent="0" />
    </mem>
    <remembered-set count="4934" />
  </mem-info>
</gc-start>
<allocation-stats totalBytes="20585488" >
  <allocated-bytes non-tlh="40" tlh="20585448" />
  <largest-consumer threadName="Thread-10" threadId="0000000001CD8100" bytes="6127552" />
</allocation-stats>
<gc-op id="2120" type="scavenge" timems="1.690" contextid="2117" timestamp="2019-06-17T06:04:36.365">
  <scavenger-info tenureage="14" tenuremask="4000" tiltratio="89" />
  <memory-copied type="nursery" objects="26674" bytes="1053672" bytesdiscarded="108024" />
</gc-op>
<gc-end id="2121" type="scavenge" contextid="2117" durationms="1.890" usertimems="4.000" systemtimems="0.000" timestamp="2019-06-17T06:04:36.365" activeThreads="4">
  <mem-info id="2122" free="2077406624" total="2092630016" percent="99">
    <mem type="nursery" free="20268576" total="23855104" percent="84">
      <mem type="allocate" free="20268576" total="21430272" percent="94" />
      <mem type="survivor" free="0" total="2424832" percent="0" />
    </mem>
    <mem type="tenure" free="2057138048" total="2068774912" percent="99">
      <mem type="soa" free="2057138048" total="2068774912" percent="99" />
      <mem type="loa" free="0" total="0" percent="0" />
    </mem>
    <remembered-set count="4934" />
  </mem-info>
</gc-end>
<cycle-end id="2123" type="scavenge" contextid="2117" timestamp="2019-06-17T06:04:36.365" />
  <attribute name="elasticGC enabled" value="1" />
  <attribute name= "numThreadsSpecified" value="4" />
  <attribute name="heapSize specified" value="27394048" />
  <attribute name="Current GC Util" value="34" />
  <attribute name= "Current Time Running" value="2835" />
  <attribute name ="GC Interval" value="200" />
  <attribute name="ProportionalT" value="14.000000" />
  <attribute name="ProportionalI" value="14.000000" />
  <attribute name="ProportionalH" value="14.000000" />
  <attribute name="Current Error" value="14.000000" />
  <attribute name="IntegralT" value="140.000000" />
  <attribute name="IntegralI" value="140.000000" />
  <attribute name="IntegralH" value="140.000000" />
  <attribute name="DerivativeT" value="0.400000" />
  <attribute name="DerivativeI" value="0.400000" />
  <attribute name="DerivativeH" value="0.400000" />
  <attribute name="Loop Time for DT" value="10.000000" />
  <attribute name="Output H" value="8388608"/>
  <attribute name="Output I" value="200"/>
  <attribute name="Output T" value="4"/>
  <attribute name="Target GC Util Change" value ="20.000000" />
  <attribute name="Current GC Util Change" value="34.000000"/>
  <attribute name="GC Util currently" value="34" />
  <attribute name="CPU Util currently" value="437936215177" />
<allocation-satisfied id="2124" threadId="0000000001CD8100" bytesRequested="40" />
<af-end id="2125" timestamp="2019-06-17T06:04:36.365" threadId="0000000001CD8A88" success="true" from="nursery"/>
<exclusive-end id="2126" timestamp="2019-06-17T06:04:36.365" durationms="2.476" />

<exclusive-start id="2127" timestamp="2019-06-17T06:04:36.376" intervalms="13.335">
  <response-info timems="0.054" idlems="0.054" threads="0" lastid="0000000001CD4500" lastname="Thread-9" />
</exclusive-start>
<af-start id="2128" threadId="0000000001CD4E88" totalBytesRequested="40" timestamp="2019-06-17T06:04:36.376" intervalms="13.387" type="nursery" />
<cycle-start id="2129" type="scavenge" contextid="0" timestamp="2019-06-17T06:04:36.376" intervalms="13.398" />
<gc-start id="2130" type="scavenge" contextid="2129" timestamp="2019-06-17T06:04:36.376">
  <mem-info id="2131" free="2057138048" total="2092630016" percent="98">
    <mem type="nursery" free="0" total="23855104" percent="0">
      <mem type="allocate" free="0" total="21430272" percent="0" />
      <mem type="survivor" free="0" total="2424832" percent="0" />
    </mem>
    <mem type="tenure" free="2057138048" total="2068774912" percent="99">
      <mem type="soa" free="2057138048" total="2068774912" percent="99" />
      <mem type="loa" free="0" total="0" percent="0" />
    </mem>
    <remembered-set count="5165" />
  </mem-info>
</gc-start>
<allocation-stats totalBytes="20268064" >
  <allocated-bytes non-tlh="40" tlh="20268024" />
  <largest-consumer threadName="Thread-10" threadId="0000000001CD8100" bytes="7962520" />
</allocation-stats>
<gc-op id="2132" type="scavenge" timems="1.883" contextid="2129" timestamp="2019-06-17T06:04:36.378">
  <scavenger-info tenureage="4" tenuremask="4030" tiltratio="89" />
  <memory-copied type="nursery" objects="18246" bytes="713760" bytesdiscarded="149328" />
  <memory-copied type="tenure" objects="10213" bytes="382488" bytesdiscarded="24" />
</gc-op>
<gc-end id="2133" type="scavenge" contextid="2129" durationms="2.119" usertimems="8.000" systemtimems="0.000" timestamp="2019-06-17T06:04:36.378" activeThreads="4">
  <mem-info id="2134" free="2077406624" total="2092630016" percent="99">
    <mem type="nursery" free="20567184" total="23855104" percent="86">
      <mem type="allocate" free="20567184" total="21430272" percent="95" />
      <mem type="survivor" free="0" total="2424832" percent="0" />
    </mem>
    <mem type="tenure" free="2056839440" total="2068774912" percent="99">
      <mem type="soa" free="2056839440" total="2068774912" percent="99" />
      <mem type="loa" free="0" total="0" percent="0" />
    </mem>
    <remembered-set count="4837" />
  </mem-info>
</gc-end>
<cycle-end id="2135" type="scavenge" contextid="2129" timestamp="2019-06-17T06:04:36.378" />
  <attribute name="elasticGC enabled" value="1" />
  <attribute name= "numThreadsSpecified" value="4" />
  <attribute name="heapSize specified" value="27394048" />
  <attribute name="Current GC Util" value="30" />
  <attribute name= "Current Time Running" value="2849" />
  <attribute name ="GC Interval" value="200" />
  <attribute name="ProportionalT" value="10.000000" />
  <attribute name="ProportionalI" value="10.000000" />
  <attribute name="ProportionalH" value="10.000000" />
  <attribute name="Current Error" value="10.000000" />
  <attribute name="IntegralT" value="140.000000" />
  <attribute name="IntegralI" value="140.000000" />
  <attribute name="IntegralH" value="140.000000" />
  <attribute name="DerivativeT" value="-0.285714" />
  <attribute name="DerivativeI" value="-0.285714" />
  <attribute name="DerivativeH" value="-0.285714" />
  <attribute name="Loop Time for DT" value="14.000000" />
  <attribute name="Output H" value="8388608"/>
  <attribute name="Output I" value="200"/>
  <attribute name="Output T" value="4"/>
  <attribute name="Target GC Util Change" value ="20.000000" />
  <attribute name="Current GC Util Change" value="30.000000"/>
  <attribute name="GC Util currently" value="30" />
  <attribute name="CPU Util currently" value="343197433692" />
<allocation-satisfied id="2136" threadId="0000000001CD4500" bytesRequested="40" />
<af-end id="2137" timestamp="2019-06-17T06:04:36.379" threadId="0000000001CD4E88" success="true" from="nursery"/>
<exclusive-end id="2138" timestamp="2019-06-17T06:04:36.379" durationms="2.675" />

<exclusive-start id="2139" timestamp="2019-06-17T06:04:36.387" intervalms="10.785">
  <response-info timems="0.067" idlems="0.066" threads="1" lastid="0000000001CD8100" lastname="Thread-10" />
</exclusive-start>
<af-start id="2140" threadId="0000000001CD1288" totalBytesRequested="40" timestamp="2019-06-17T06:04:36.387" intervalms="10.740" type="nursery" />
<cycle-start id="2141" type="scavenge" contextid="0" timestamp="2019-06-17T06:04:36.387" intervalms="10.724" />
<gc-start id="2142" type="scavenge" contextid="2141" timestamp="2019-06-17T06:04:36.387">
  <mem-info id="2143" free="2056839440" total="2092630016" percent="98">
    <mem type="nursery" free="0" total="23855104" percent="0">
      <mem type="allocate" free="0" total="21430272" percent="0" />
      <mem type="survivor" free="0" total="2424832" percent="0" />
    </mem>
    <mem type="tenure" free="2056839440" total="2068774912" percent="99">
      <mem type="soa" free="2056839440" total="2068774912" percent="99" />
      <mem type="loa" free="0" total="0" percent="0" />
    </mem>
    <remembered-set count="5711" />
  </mem-info>
</gc-start>
<allocation-stats totalBytes="20565144" >
  <allocated-bytes non-tlh="40" tlh="20565104" />
  <largest-consumer threadName="Thread-10" threadId="0000000001CD8100" bytes="5864904" />
</allocation-stats>
<gc-op id="2144" type="scavenge" timems="1.439" contextid="2141" timestamp="2019-06-17T06:04:36.388">
  <scavenger-info tenureage="3" tenuremask="4008" tiltratio="89" />
  <memory-copied type="nursery" objects="20831" bytes="775992" bytesdiscarded="68040" />
  <memory-copied type="tenure" objects="6227" bytes="286824" bytesdiscarded="24" />
</gc-op>
<gc-end id="2145" type="scavenge" contextid="2141" durationms="1.649" usertimems="4.000" systemtimems="0.000" timestamp="2019-06-17T06:04:36.389" activeThreads="4">
  <mem-info id="2146" free="2077163024" total="2092630016" percent="99">
    <mem type="nursery" free="20586240" total="23855104" percent="86">
      <mem type="allocate" free="20586240" total="21430272" percent="96" />
      <mem type="survivor" free="0" total="2424832" percent="0" />
    </mem>
    <mem type="tenure" free="2056576784" total="2068774912" percent="99">
      <mem type="soa" free="2056576784" total="2068774912" percent="99" />
      <mem type="loa" free="0" total="0" percent="0" />
    </mem>
    <remembered-set count="6648" />
  </mem-info>
</gc-end>
<cycle-end id="2147" type="scavenge" contextid="2141" timestamp="2019-06-17T06:04:36.389" />
  <attribute name="elasticGC enabled" value="1" />
  <attribute name= "numThreadsSpecified" value="4" />
  <attribute name="heapSize specified" value="27394048" />
  <attribute name="Current GC Util" value="44" />
  <attribute name= "Current Time Running" value="2859" />
  <attribute name ="GC Interval" value="272" />
  <attribute name="ProportionalT" value="24.000000" />
  <attribute name="ProportionalI" value="24.000000" />
  <attribute name="ProportionalH" value="24.000000" />
  <attribute name="Current Error" value="24.000000" />
  <attribute name="IntegralT" value="240.000000" />
  <attribute name="IntegralI" value="240.000000" />
  <attribute name="IntegralH" value="240.000000" />
  <attribute name="DerivativeT" value="1.400000" />
  <attribute name="DerivativeI" value="1.400000" />
  <attribute name="DerivativeH" value="1.400000" />
  <attribute name="Loop Time for DT" value="10.000000" />
  <attribute name="Output H" value="8388608"/>
  <attribute name="Output I" value="272"/>
  <attribute name="Output T" value="4"/>
  <attribute name="Target GC Util Change" value ="20.000000" />
  <attribute name="Current GC Util Change" value="44.000000"/>
  <attribute name="GC Util currently" value="44" />
  <attribute name="CPU Util currently" value="431933929432" />
<allocation-satisfied id="2148" threadId="0000000001CD0900" bytesRequested="40" />
<af-end id="2149" timestamp="2019-06-17T06:04:36.389" threadId="0000000001CD1288" success="true" from="nursery"/>
<exclusive-end id="2150" timestamp="2019-06-17T06:04:36.389" durationms="2.263" />

<exclusive-start id="2151" timestamp="2019-06-17T06:04:36.399" intervalms="12.007">
  <response-info timems="0.068" idlems="0.043" threads="1" lastid="0000000001CCCD00" lastname="Thread-8" />
</exclusive-start>
<af-start id="2152" threadId="0000000001CD1288" totalBytesRequested="40" timestamp="2019-06-17T06:04:36.399" intervalms="12.010" type="nursery" />
<cycle-start id="2153" type="scavenge" contextid="0" timestamp="2019-06-17T06:04:36.399" intervalms="12.014" />
<gc-start id="2154" type="scavenge" contextid="2153" timestamp="2019-06-17T06:04:36.399">
  <mem-info id="2155" free="2056576784" total="2092630016" percent="98">
    <mem type="nursery" free="0" total="23855104" percent="0">
      <mem type="allocate" free="0" total="21430272" percent="0" />
      <mem type="survivor" free="0" total="2424832" percent="0" />
    </mem>
    <mem type="tenure" free="2056576784" total="2068774912" percent="99">
      <mem type="soa" free="2056576784" total="2068774912" percent="99" />
      <mem type="loa" free="0" total="0" percent="0" />
    </mem>
    <remembered-set count="7950" />
  </mem-info>
</gc-start>
<allocation-stats totalBytes="20585624" >
  <allocated-bytes non-tlh="40" tlh="20585584" />
  <largest-consumer threadName="Thread-10" threadId="0000000001CD8100" bytes="6913848" />
</allocation-stats>
<gc-op id="2156" type="scavenge" timems="1.407" contextid="2153" timestamp="2019-06-17T06:04:36.400">
  <scavenger-info tenureage="3" tenuremask="4008" tiltratio="89" />
  <memory-copied type="nursery" objects="14062" bytes="475912" bytesdiscarded="144632" />
  <memory-copied type="tenure" objects="9174" bytes="357552" bytesdiscarded="24" />
</gc-op>
<gc-end id="2157" type="scavenge" contextid="2153" durationms="1.618" usertimems="4.000" systemtimems="0.000" timestamp="2019-06-17T06:04:36.401" activeThreads="4">
  <mem-info id="2158" free="2077048736" total="2092630016" percent="99">
    <mem type="nursery" free="20809728" total="23855104" percent="87">
      <mem type="allocate" free="20809728" total="21430272" percent="97" />
      <mem type="survivor" free="0" total="2424832" percent="0" />
    </mem>
    <mem type="tenure" free="2056239008" total="2068774912" percent="99">
      <mem type="soa" free="2056239008" total="2068774912" percent="99" />
      <mem type="loa" free="0" total="0" percent="0" />
    </mem>
    <remembered-set count="6674" />
  </mem-info>
</gc-end>
<cycle-end id="2159" type="scavenge" contextid="2153" timestamp="2019-06-17T06:04:36.401" />
  <attribute name="elasticGC enabled" value="1" />
  <attribute name= "numThreadsSpecified" value="4" />
  <attribute name="heapSize specified" value="27394048" />
  <attribute name="Current GC Util" value="33" />
  <attribute name= "Current Time Running" value="2871" />
  <attribute name ="GC Interval" value="200" />
  <attribute name="ProportionalT" value="13.000000" />
  <attribute name="ProportionalI" value="13.000000" />
  <attribute name="ProportionalH" value="13.000000" />
  <attribute name="Current Error" value="13.000000" />
  <attribute name="IntegralT" value="156.000000" />
  <attribute name="IntegralI" value="156.000000" />
  <attribute name="IntegralH" value="156.000000" />
  <attribute name="DerivativeT" value="-0.916667" />
  <attribute name="DerivativeI" value="-0.916667" />
  <attribute name="DerivativeH" value="-0.916667" />
  <attribute name="Loop Time for DT" value="12.000000" />
  <attribute name="Output H" value="8388608"/>
  <attribute name="Output I" value="200"/>
  <attribute name="Output T" value="4"/>
  <attribute name="Target GC Util Change" value ="20.000000" />
  <attribute name="Current GC Util Change" value="33.000000"/>
  <attribute name="GC Util currently" value="33" />
  <attribute name="CPU Util currently" value="383821440637" />
<allocation-satisfied id="2160" threadId="0000000001CD0900" bytesRequested="40" />
<af-end id="2161" timestamp="2019-06-17T06:04:36.401" threadId="0000000001CD1288" success="true" from="nursery"/>
<exclusive-end id="2162" timestamp="2019-06-17T06:04:36.401" durationms="2.120" />

<exclusive-start id="2163" timestamp="2019-06-17T06:04:36.411" intervalms="12.681">
  <response-info timems="0.036" idlems="0.036" threads="0" lastid="0000000001CD4500" lastname="Thread-9" />
</exclusive-start>
<af-start id="2164" threadId="0000000001CD4E88" totalBytesRequested="40" timestamp="2019-06-17T06:04:36.411" intervalms="12.695" type="nursery" />
<cycle-start id="2165" type="scavenge" contextid="0" timestamp="2019-06-17T06:04:36.412" intervalms="12.716" />
<gc-start id="2166" type="scavenge" contextid="2165" timestamp="2019-06-17T06:04:36.412">
  <mem-info id="2167" free="2056239008" total="2092630016" percent="98">
    <mem type="nursery" free="0" total="23855104" percent="0">
      <mem type="allocate" free="0" total="21430272" percent="0" />
      <mem type="survivor" free="0" total="2424832" percent="0" />
    </mem>
    <mem type="tenure" free="2056239008" total="2068774912" percent="99">
      <mem type="soa" free="2056239008" total="2068774912" percent="99" />
      <mem type="loa" free="0" total="0" percent="0" />
    </mem>
    <remembered-set count="8702" />
  </mem-info>
</gc-start>
<allocation-stats totalBytes="20809368" >
  <allocated-bytes non-tlh="40" tlh="20809328" />
  <largest-consumer threadName="Thread-10" threadId="0000000001CD8100" bytes="7700368" />
</allocation-stats>
<gc-op id="2168" type="scavenge" timems="1.069" contextid="2165" timestamp="2019-06-17T06:04:36.413">
  <scavenger-info tenureage="6" tenuremask="4040" tiltratio="89" />
  <memory-copied type="nursery" objects="17152" bytes="550232" bytesdiscarded="109480" />
  <memory-copied type="tenure" objects="795" bytes="19080" bytesdiscarded="0" />
</gc-op>
<gc-end id="2169" type="scavenge" contextid="2165" durationms="1.290" usertimems="4.000" systemtimems="0.000" timestamp="2019-06-17T06:04:36.413" activeThreads="4">
  <mem-info id="2170" free="2077009568" total="2092630016" percent="99">
    <mem type="nursery" free="20770560" total="23855104" percent="87">
      <mem type="allocate" free="20770560" total="21430272" percent="96" />
      <mem type="survivor" free="0" total="2424832" percent="0" />
    </mem>
    <mem type="tenure" free="2056239008" total="2068774912" percent="99">
      <mem type="soa" free="2056239008" total="2068774912" percent="99" />
      <mem type="loa" free="0" total="0" percent="0" />
    </mem>
    <remembered-set count="7907" />
  </mem-info>
</gc-end>
<cycle-end id="2171" type="scavenge" contextid="2165" timestamp="2019-06-17T06:04:36.413" />
  <attribute name="elasticGC enabled" value="1" />
  <attribute name= "numThreadsSpecified" value="4" />
  <attribute name="heapSize specified" value="27394048" />
  <attribute name="Current GC Util" value="30" />
  <attribute name= "Current Time Running" value="2884" />
  <attribute name ="GC Interval" value="200" />
  <attribute name="ProportionalT" value="10.000000" />
  <attribute name="ProportionalI" value="10.000000" />
  <attribute name="ProportionalH" value="10.000000" />
  <attribute name="Current Error" value="10.000000" />
  <attribute name="IntegralT" value="130.000000" />
  <attribute name="IntegralI" value="130.000000" />
  <attribute name="IntegralH" value="130.000000" />
  <attribute name="DerivativeT" value="-0.230769" />
  <attribute name="DerivativeI" value="-0.230769" />
  <attribute name="DerivativeH" value="-0.230769" />
  <attribute name="Loop Time for DT" value="13.000000" />
  <attribute name="Output H" value="8388608"/>
  <attribute name="Output I" value="200"/>
  <attribute name="Output T" value="4"/>
  <attribute name="Target GC Util Change" value ="20.000000" />
  <attribute name="Current GC Util Change" value="30.000000"/>
  <attribute name="GC Util currently" value="30" />
  <attribute name="CPU Util currently" value="361741519631" />
<allocation-satisfied id="2172" threadId="0000000001CD4500" bytesRequested="40" />
<af-end id="2173" timestamp="2019-06-17T06:04:36.413" threadId="0000000001CD4E88" success="true" from="nursery"/>
<exclusive-end id="2174" timestamp="2019-06-17T06:04:36.413" durationms="1.871" />

<exclusive-start id="2175" timestamp="2019-06-17T06:04:36.424" intervalms="12.370">
  <response-info timems="0.037" idlems="0.037" threads="0" lastid="0000000001CD4500" lastname="Thread-9" />
</exclusive-start>
<af-start id="2176" threadId="0000000001CD4E88" totalBytesRequested="40" timestamp="2019-06-17T06:04:36.424" intervalms="12.370" type="nursery" />
<cycle-start id="2177" type="scavenge" contextid="0" timestamp="2019-06-17T06:04:36.424" intervalms="12.357" />
<gc-start id="2178" type="scavenge" contextid="2177" timestamp="2019-06-17T06:04:36.424">
  <mem-info id="2179" free="2056239008" total="2092630016" percent="98">
    <mem type="nursery" free="0" total="23855104" percent="0">
      <mem type="allocate" free="0" total="21430272" percent="0" />
      <mem type="survivor" free="0" total="2424832" percent="0" />
    </mem>
    <mem type="tenure" free="2056239008" total="2068774912" percent="99">
      <mem type="soa" free="2056239008" total="2068774912" percent="99" />
      <mem type="loa" free="0" total="0" percent="0" />
    </mem>
    <remembered-set count="11310" />
  </mem-info>
</gc-start>
<allocation-stats totalBytes="20769936" >
  <allocated-bytes non-tlh="40" tlh="20769896" />
  <largest-consumer threadName="Thread-10" threadId="0000000001CD8100" bytes="7569128" />
</allocation-stats>
<gc-op id="2180" type="scavenge" timems="1.957" contextid="2177" timestamp="2019-06-17T06:04:36.426">
  <scavenger-info tenureage="3" tenuremask="4018" tiltratio="89" />
  <memory-copied type="nursery" objects="22043" bytes="804568" bytesdiscarded="140072" />
  <memory-copied type="tenure" objects="10613" bytes="392088" bytesdiscarded="0" />
</gc-op>
<gc-end id="2181" type="scavenge" contextid="2177" durationms="2.218" usertimems="8.000" systemtimems="0.000" timestamp="2019-06-17T06:04:36.426" activeThreads="4">
  <mem-info id="2182" free="2076213152" total="2092630016" percent="99">
    <mem type="nursery" free="20485632" total="23855104" percent="85">
      <mem type="allocate" free="20485632" total="21430272" percent="95" />
      <mem type="survivor" free="0" total="2424832" percent="0" />
    </mem>
    <mem type="tenure" free="2055727520" total="2068774912" percent="99">
      <mem type="soa" free="2055727520" total="2068774912" percent="99" />
      <mem type="loa" free="0" total="0" percent="0" />
    </mem>
    <remembered-set count="9797" />
  </mem-info>
</gc-end>
<cycle-end id="2183" type="scavenge" contextid="2177" timestamp="2019-06-17T06:04:36.426" />
  <attribute name="elasticGC enabled" value="1" />
  <attribute name= "numThreadsSpecified" value="4" />
  <attribute name="heapSize specified" value="27394048" />
  <attribute name="Current GC Util" value="22" />
  <attribute name= "Current Time Running" value="2896" />
  <attribute name ="GC Interval" value="200" />
  <attribute name="ProportionalT" value="2.000000" />
  <attribute name="ProportionalI" value="2.000000" />
  <attribute name="ProportionalH" value="2.000000" />
  <attribute name="Current Error" value="2.000000" />
  <attribute name="IntegralT" value="24.000000" />
  <attribute name="IntegralI" value="24.000000" />
  <attribute name="IntegralH" value="24.000000" />
  <attribute name="DerivativeT" value="-0.666667" />
  <attribute name="DerivativeI" value="-0.666667" />
  <attribute name="DerivativeH" value="-0.666667" />
  <attribute name="Loop Time for DT" value="12.000000" />
  <attribute name="Output H" value="8388608"/>
  <attribute name="Output I" value="200"/>
  <attribute name="Output T" value="4"/>
  <attribute name="Target GC Util Change" value ="20.000000" />
  <attribute name="Current GC Util Change" value="22.000000"/>
  <attribute name="GC Util currently" value="22" />
  <attribute name="CPU Util currently" value="373367619810" />
<allocation-satisfied id="2184" threadId="0000000001CD4500" bytesRequested="40" />
<af-end id="2185" timestamp="2019-06-17T06:04:36.426" threadId="0000000001CD4E88" success="true" from="nursery"/>
<exclusive-end id="2186" timestamp="2019-06-17T06:04:36.426" durationms="2.748" />

<exclusive-start id="2187" timestamp="2019-06-17T06:04:36.436" intervalms="12.647">
  <response-info timems="0.045" idlems="0.045" threads="0" lastid="0000000001CCCD00" lastname="Thread-8" />
</exclusive-start>
<af-start id="2188" threadId="0000000001CCD688" totalBytesRequested="24" timestamp="2019-06-17T06:04:36.437" intervalms="12.647" type="nursery" />
<cycle-start id="2189" type="scavenge" contextid="0" timestamp="2019-06-17T06:04:36.437" intervalms="12.636" />
<gc-start id="2190" type="scavenge" contextid="2189" timestamp="2019-06-17T06:04:36.437">
  <mem-info id="2191" free="2055727520" total="2092630016" percent="98">
    <mem type="nursery" free="0" total="23855104" percent="0">
      <mem type="allocate" free="0" total="21430272" percent="0" />
      <mem type="survivor" free="0" total="2424832" percent="0" />
    </mem>
    <mem type="tenure" free="2055727520" total="2068774912" percent="99">
      <mem type="soa" free="2055727520" total="2068774912" percent="99" />
      <mem type="loa" free="0" total="0" percent="0" />
    </mem>
    <remembered-set count="11012" />
  </mem-info>
</gc-start>
<allocation-stats totalBytes="20485520" >
  <allocated-bytes non-tlh="40" tlh="20485480" />
  <largest-consumer threadName="Thread-10" threadId="0000000001CD8100" bytes="7045112" />
</allocation-stats>
<gc-op id="2192" type="scavenge" timems="0.724" contextid="2189" timestamp="2019-06-17T06:04:36.437">
  <scavenger-info tenureage="14" tenuremask="4000" tiltratio="89" />
  <memory-copied type="nursery" objects="33100" bytes="1207544" bytesdiscarded="147976" />
</gc-op>
<gc-end id="2193" type="scavenge" contextid="2189" durationms="1.077" usertimems="4.000" systemtimems="0.000" timestamp="2019-06-17T06:04:36.438" activeThreads="4">
  <mem-info id="2194" free="2075802272" total="2092630016" percent="99">
    <mem type="nursery" free="20074752" total="23855104" percent="84">
      <mem type="allocate" free="20074752" total="21430272" percent="93" />
      <mem type="survivor" free="0" total="2424832" percent="0" />
    </mem>
    <mem type="tenure" free="2055727520" total="2068774912" percent="99">
      <mem type="soa" free="2055727520" total="2068774912" percent="99" />
      <mem type="loa" free="0" total="0" percent="0" />
    </mem>
    <remembered-set count="11007" />
  </mem-info>
</gc-end>
<cycle-end id="2195" type="scavenge" contextid="2189" timestamp="2019-06-17T06:04:36.438" />
  <attribute name="elasticGC enabled" value="1" />
  <attribute name= "numThreadsSpecified" value="4" />
  <attribute name="heapSize specified" value="27394048" />
  <attribute name="Current GC Util" value="39" />
  <attribute name= "Current Time Running" value="2909" />
  <attribute name ="GC Interval" value="272" />
  <attribute name="ProportionalT" value="19.000000" />
  <attribute name="ProportionalI" value="19.000000" />
  <attribute name="ProportionalH" value="19.000000" />
  <attribute name="Current Error" value="19.000000" />
  <attribute name="IntegralT" value="247.000000" />
  <attribute name="IntegralI" value="247.000000" />
  <attribute name="IntegralH" value="247.000000" />
  <attribute name="DerivativeT" value="1.307692" />
  <attribute name="DerivativeI" value="1.307692" />
  <attribute name="DerivativeH" value="1.307692" />
  <attribute name="Loop Time for DT" value="13.000000" />
  <attribute name="Output H" value="8388608"/>
  <attribute name="Output I" value="272"/>
  <attribute name="Output T" value="4"/>
  <attribute name="Target GC Util Change" value ="20.000000" />
  <attribute name="Current GC Util Change" value="39.000000"/>
  <attribute name="GC Util currently" value="39" />
  <attribute name="CPU Util currently" value="366013361310" />
<allocation-satisfied id="2196" threadId="0000000001CCCD00" bytesRequested="24" />
<af-end id="2197" timestamp="2019-06-17T06:04:36.438" threadId="0000000001CCD688" success="true" from="nursery"/>
<exclusive-end id="2198" timestamp="2019-06-17T06:04:36.438" durationms="1.512" />

<exclusive-start id="2199" timestamp="2019-06-17T06:04:36.447" intervalms="10.834">
  <response-info timems="0.046" idlems="0.046" threads="0" lastid="0000000001CCCD00" lastname="Thread-8" />
</exclusive-start>
<af-start id="2200" threadId="0000000001CCD688" totalBytesRequested="40" timestamp="2019-06-17T06:04:36.447" intervalms="10.822" type="nursery" />
<cycle-start id="2201" type="scavenge" contextid="0" timestamp="2019-06-17T06:04:36.447" intervalms="10.819" />
<gc-start id="2202" type="scavenge" contextid="2201" timestamp="2019-06-17T06:04:36.447">
  <mem-info id="2203" free="2055727520" total="2092630016" percent="98">
    <mem type="nursery" free="0" total="23855104" percent="0">
      <mem type="allocate" free="0" total="21430272" percent="0" />
      <mem type="survivor" free="0" total="2424832" percent="0" />
    </mem>
    <mem type="tenure" free="2055727520" total="2068774912" percent="99">
      <mem type="soa" free="2055727520" total="2068774912" percent="99" />
      <mem type="loa" free="0" total="0" percent="0" />
    </mem>
    <remembered-set count="11007" />
  </mem-info>
</gc-start>
<allocation-stats totalBytes="20072704" >
  <allocated-bytes non-tlh="24" tlh="20072680" />
  <largest-consumer threadName="Thread-10" threadId="0000000001CD8100" bytes="6803136" />
</allocation-stats>
<gc-op id="2204" type="scavenge" timems="0.937" contextid="2201" timestamp="2019-06-17T06:04:36.449">
  <scavenger-info tenureage="2" tenuremask="4014" tiltratio="89" />
  <memory-copied type="nursery" objects="18561" bytes="583512" bytesdiscarded="299688" />
  <memory-copied type="tenure" objects="18165" bytes="711112" bytesdiscarded="616" />
</gc-op>
<gc-end id="2205" type="scavenge" contextid="2201" durationms="1.314" usertimems="4.000" systemtimems="0.000" timestamp="2019-06-17T06:04:36.449" activeThreads="4">
  <mem-info id="2206" free="2075594792" total="2092630016" percent="99">
    <mem type="nursery" free="20547072" total="23855104" percent="86">
      <mem type="allocate" free="20547072" total="21430272" percent="95" />
      <mem type="survivor" free="0" total="2424832" percent="0" />
    </mem>
    <mem type="tenure" free="2055047720" total="2068774912" percent="99">
      <mem type="soa" free="2055047720" total="2068774912" percent="99" />
      <mem type="loa" free="0" total="0" percent="0" />
    </mem>
    <remembered-set count="11979" />
  </mem-info>
</gc-end>
<cycle-end id="2207" type="scavenge" contextid="2201" timestamp="2019-06-17T06:04:36.449" />
  <attribute name="elasticGC enabled" value="1" />
  <attribute name= "numThreadsSpecified" value="4" />
  <attribute name="heapSize specified" value="27394048" />
  <attribute name="Current GC Util" value="25" />
  <attribute name= "Current Time Running" value="2920" />
  <attribute name ="GC Interval" value="200" />
  <attribute name="ProportionalT" value="5.000000" />
  <attribute name="ProportionalI" value="5.000000" />
  <attribute name="ProportionalH" value="5.000000" />
  <attribute name="Current Error" value="5.000000" />
  <attribute name="IntegralT" value="55.000000" />
  <attribute name="IntegralI" value="55.000000" />
  <attribute name="IntegralH" value="55.000000" />
  <attribute name="DerivativeT" value="-1.272727" />
  <attribute name="DerivativeI" value="-1.272727" />
  <attribute name="DerivativeH" value="-1.272727" />
  <attribute name="Loop Time for DT" value="11.000000" />
  <attribute name="Output H" value="8388608"/>
  <attribute name="Output I" value="200"/>
  <attribute name="Output T" value="4"/>
  <attribute name="Target GC Util Change" value ="20.000000" />
  <attribute name="Current GC Util Change" value="25.000000"/>
  <attribute name="GC Util currently" value="25" />
  <attribute name="CPU Util currently" value="425851814642" />
<allocation-satisfied id="2208" threadId="0000000001CCCD00" bytesRequested="40" />
<af-end id="2209" timestamp="2019-06-17T06:04:36.449" threadId="0000000001CCD688" success="true" from="nursery"/>
<exclusive-end id="2210" timestamp="2019-06-17T06:04:36.449" durationms="1.717" />

<exclusive-start id="2211" timestamp="2019-06-17T06:04:36.458" intervalms="11.070">
  <response-info timems="0.040" idlems="0.040" threads="0" lastid="0000000001CCCD00" lastname="Thread-8" />
</exclusive-start>
<af-start id="2212" threadId="0000000001CCD688" totalBytesRequested="40" timestamp="2019-06-17T06:04:36.458" intervalms="11.068" type="nursery" />
<cycle-start id="2213" type="scavenge" contextid="0" timestamp="2019-06-17T06:04:36.458" intervalms="11.063" />
<gc-start id="2214" type="scavenge" contextid="2213" timestamp="2019-06-17T06:04:36.459">
  <mem-info id="2215" free="2055047720" total="2092630016" percent="98">
    <mem type="nursery" free="0" total="23855104" percent="0">
      <mem type="allocate" free="0" total="21430272" percent="0" />
      <mem type="survivor" free="0" total="2424832" percent="0" />
    </mem>
    <mem type="tenure" free="2055047720" total="2068774912" percent="99">
      <mem type="soa" free="2055047720" total="2068774912" percent="99" />
      <mem type="loa" free="0" total="0" percent="0" />
    </mem>
    <remembered-set count="13313" />
  </mem-info>
</gc-start>
<allocation-stats totalBytes="20546824" >
  <allocated-bytes non-tlh="40" tlh="20546784" />
  <largest-consumer threadName="Thread-10" threadId="0000000001CD8100" bytes="7045040" />
</allocation-stats>
<gc-op id="2216" type="scavenge" timems="0.623" contextid="2213" timestamp="2019-06-17T06:04:36.459">
  <scavenger-info tenureage="2" tenuremask="4014" tiltratio="89" />
  <memory-copied type="nursery" objects="5747" bytes="139000" bytesdiscarded="311048" />
  <memory-copied type="tenure" objects="14837" bytes="493464" bytesdiscarded="40" />
</gc-op>
<gc-end id="2217" type="scavenge" contextid="2213" durationms="0.977" usertimems="0.000" systemtimems="0.000" timestamp="2019-06-17T06:04:36.459" activeThreads="4">
  <mem-info id="2218" free="2075516456" total="2092630016" percent="99">
    <mem type="nursery" free="20980224" total="23855104" percent="87">
      <mem type="allocate" free="20980224" total="21430272" percent="97" />
      <mem type="survivor" free="0" total="2424832" percent="0" />
    </mem>
    <mem type="tenure" free="2054536232" total="2068774912" percent="99">
      <mem type="soa" free="2054536232" total="2068774912" percent="99" />
      <mem type="loa" free="0" total="0" percent="0" />
    </mem>
    <remembered-set count="5659" />
  </mem-info>
</gc-end>
<cycle-end id="2219" type="scavenge" contextid="2213" timestamp="2019-06-17T06:04:36.460" />
  <attribute name="elasticGC enabled" value="1" />
  <attribute name= "numThreadsSpecified" value="4" />
  <attribute name="heapSize specified" value="27394048" />
  <attribute name="Current GC Util" value="32" />
  <attribute name= "Current Time Running" value="2931" />
  <attribute name ="GC Interval" value="200" />
  <attribute name="ProportionalT" value="12.000000" />
  <attribute name="ProportionalI" value="12.000000" />
  <attribute name="ProportionalH" value="12.000000" />
  <attribute name="Current Error" value="12.000000" />
  <attribute name="IntegralT" value="132.000000" />
  <attribute name="IntegralI" value="132.000000" />
  <attribute name="IntegralH" value="132.000000" />
  <attribute name="DerivativeT" value="0.636364" />
  <attribute name="DerivativeI" value="0.636364" />
  <attribute name="DerivativeH" value="0.636364" />
  <attribute name="Loop Time for DT" value="11.000000" />
  <attribute name="Output H" value="8388608"/>
  <attribute name="Output I" value="200"/>
  <attribute name="Output T" value="4"/>
  <attribute name="Target GC Util Change" value ="20.000000" />
  <attribute name="Current GC Util Change" value="32.000000"/>
  <attribute name="GC Util currently" value="32" />
  <attribute name="CPU Util currently" value="417696010482" />
<allocation-satisfied id="2220" threadId="0000000001CCCD00" bytesRequested="40" />
<af-end id="2221" timestamp="2019-06-17T06:04:36.460" threadId="0000000001CCD688" success="true" from="nursery"/>
<exclusive-end id="2222" timestamp="2019-06-17T06:04:36.460" durationms="1.464" />

<exclusive-start id="2223" timestamp="2019-06-17T06:04:36.469" intervalms="10.947">
  <response-info timems="0.033" idlems="0.033" threads="0" lastid="0000000001CCCD00" lastname="Thread-8" />
</exclusive-start>
<af-start id="2224" threadId="0000000001CCD688" totalBytesRequested="24" timestamp="2019-06-17T06:04:36.469" intervalms="10.953" type="nursery" />
<cycle-start id="2225" type="scavenge" contextid="0" timestamp="2019-06-17T06:04:36.469" intervalms="10.953" />
<gc-start id="2226" type="scavenge" contextid="2225" timestamp="2019-06-17T06:04:36.469">
  <mem-info id="2227" free="2054536232" total="2092630016" percent="98">
    <mem type="nursery" free="0" total="23855104" percent="0">
      <mem type="allocate" free="0" total="21430272" percent="0" />
      <mem type="survivor" free="0" total="2424832" percent="0" />
    </mem>
    <mem type="tenure" free="2054536232" total="2068774912" percent="99">
      <mem type="soa" free="2054536232" total="2068774912" percent="99" />
      <mem type="loa" free="0" total="0" percent="0" />
    </mem>
    <remembered-set count="6705" />
  </mem-info>
</gc-start>
<allocation-stats totalBytes="20979680" >
  <allocated-bytes non-tlh="40" tlh="20979640" />
  <largest-consumer threadName="Thread-8" threadId="0000000001CCCD00" bytes="7176112" />
</allocation-stats>
<gc-op id="2228" type="scavenge" timems="0.441" contextid="2225" timestamp="2019-06-17T06:04:36.470">
  <scavenger-info tenureage="14" tenuremask="4000" tiltratio="89" />
  <memory-copied type="nursery" objects="14594" bytes="488920" bytesdiscarded="162344" />
</gc-op>
<gc-end id="2229" type="scavenge" contextid="2225" durationms="0.808" usertimems="0.000" systemtimems="0.000" timestamp="2019-06-17T06:04:36.470" activeThreads="4">
  <mem-info id="2230" free="2075315240" total="2092630016" percent="99">
    <mem type="nursery" free="20779008" total="23855104" percent="87">
      <mem type="allocate" free="20779008" total="21430272" percent="96" />
      <mem type="survivor" free="0" total="2424832" percent="0" />
    </mem>
    <mem type="tenure" free="2054536232" total="2068774912" percent="99">
      <mem type="soa" free="2054536232" total="2068774912" percent="99" />
      <mem type="loa" free="0" total="0" percent="0" />
    </mem>
    <remembered-set count="6694" />
  </mem-info>
</gc-end>
<cycle-end id="2231" type="scavenge" contextid="2225" timestamp="2019-06-17T06:04:36.470" />
  <attribute name="elasticGC enabled" value="1" />
  <attribute name= "numThreadsSpecified" value="4" />
  <attribute name="heapSize specified" value="27394048" />
  <attribute name="Current GC Util" value="21" />
  <attribute name= "Current Time Running" value="2942" />
  <attribute name ="GC Interval" value="200" />
  <attribute name="ProportionalT" value="1.000000" />
  <attribute name="ProportionalI" value="1.000000" />
  <attribute name="ProportionalH" value="1.000000" />
  <attribute name="Current Error" value="1.000000" />
  <attribute name="IntegralT" value="11.000000" />
  <attribute name="IntegralI" value="11.000000" />
  <attribute name="IntegralH" value="11.000000" />
  <attribute name="DerivativeT" value="-1.000000" />
  <attribute name="DerivativeI" value="-1.000000" />
  <attribute name="DerivativeH" value="-1.000000" />
  <attribute name="Loop Time for DT" value="11.000000" />
  <attribute name="Output H" value="8388608"/>
  <attribute name="Output I" value="200"/>
  <attribute name="Output T" value="4"/>
  <attribute name="Target GC Util Change" value ="20.000000" />
  <attribute name="Current GC Util Change" value="21.000000"/>
  <attribute name="GC Util currently" value="21" />
  <attribute name="CPU Util currently" value="421030960576" />
<allocation-satisfied id="2232" threadId="0000000001CCCD00" bytesRequested="24" />
<af-end id="2233" timestamp="2019-06-17T06:04:36.470" threadId="0000000001CCD688" success="true" from="nursery"/>
<exclusive-end id="2234" timestamp="2019-06-17T06:04:36.471" durationms="1.256" />

<exclusive-start id="2235" timestamp="2019-06-17T06:04:36.480" intervalms="10.777">
  <response-info timems="0.041" idlems="0.041" threads="0" lastid="0000000001CD8100" lastname="Thread-10" />
</exclusive-start>
<af-start id="2236" threadId="0000000001CD8A88" totalBytesRequested="40" timestamp="2019-06-17T06:04:36.480" intervalms="10.819" type="nursery" />
<cycle-start id="2237" type="scavenge" contextid="0" timestamp="2019-06-17T06:04:36.480" intervalms="10.888" />
<gc-start id="2238" type="scavenge" contextid="2237" timestamp="2019-06-17T06:04:36.480">
  <mem-info id="2239" free="2054536232" total="2092630016" percent="98">
    <mem type="nursery" free="0" total="23855104" percent="0">
      <mem type="allocate" free="0" total="21430272" percent="0" />
      <mem type="survivor" free="0" total="2424832" percent="0" />
    </mem>
    <mem type="tenure" free="2054536232" total="2068774912" percent="99">
      <mem type="soa" free="2054536232" total="2068774912" percent="99" />
      <mem type="loa" free="0" total="0" percent="0" />
    </mem>
    <remembered-set count="8000" />
  </mem-info>
</gc-start>
<allocation-stats totalBytes="20777168" >
  <allocated-bytes non-tlh="24" tlh="20777144" />
  <largest-consumer threadName="Thread-8" threadId="0000000001CCCD00" bytes="7097808" />
</allocation-stats>
<gc-op id="2240" type="scavenge" timems="1.520" contextid="2237" timestamp="2019-06-17T06:04:36.482">
  <scavenger-info tenureage="3" tenuremask="4008" tiltratio="89" />
  <memory-copied type="nursery" objects="12291" bytes="433656" bytesdiscarded="156168" />
  <memory-copied type="tenure" objects="3612" bytes="86688" bytesdiscarded="0" />
</gc-op>
<gc-end id="2241" type="scavenge" contextid="2237" durationms="1.771" usertimems="4.000" systemtimems="0.000" timestamp="2019-06-17T06:04:36.482" activeThreads="4">
  <mem-info id="2242" free="2075337512" total="2092630016" percent="99">
    <mem type="nursery" free="20840448" total="23855104" percent="87">
      <mem type="allocate" free="20840448" total="21430272" percent="97" />
      <mem type="survivor" free="0" total="2424832" percent="0" />
    </mem>
    <mem type="tenure" free="2054497064" total="2068774912" percent="99">
      <mem type="soa" free="2054497064" total="2068774912" percent="99" />
      <mem type="loa" free="0" total="0" percent="0" />
    </mem>
    <remembered-set count="4387" />
  </mem-info>
</gc-end>
<cycle-end id="2243" type="scavenge" contextid="2237" timestamp="2019-06-17T06:04:36.482" />
  <attribute name="elasticGC enabled" value="1" />
  <attribute name= "numThreadsSpecified" value="4" />
  <attribute name="heapSize specified" value="27394048" />
  <attribute name="Current GC Util" value="14" />
  <attribute name= "Current Time Running" value="2953" />
  <attribute name ="GC Interval" value="200" />
  <attribute name="ProportionalT" value="-6.000000" />
  <attribute name="ProportionalI" value="-6.000000" />
  <attribute name="ProportionalH" value="-6.000000" />
  <attribute name="Current Error" value="-6.000000" />
  <attribute name="IntegralT" value="-66.000000" />
  <attribute name="IntegralI" value="-66.000000" />
  <attribute name="IntegralH" value="-66.000000" />
  <attribute name="DerivativeT" value="-0.636364" />
  <attribute name="DerivativeI" value="-0.636364" />
  <attribute name="DerivativeH" value="-0.636364" />
  <attribute name="Loop Time for DT" value="11.000000" />
  <attribute name="Output H" value="2092630016"/>
  <attribute name="Output I" value="200"/>
  <attribute name="Output T" value="4"/>
  <attribute name="Target GC Util Change" value ="20.000000" />
  <attribute name="Current GC Util Change" value="14.000000"/>
  <attribute name="GC Util currently" value="14" />
  <attribute name="CPU Util currently" value="421653471376" />
<allocation-satisfied id="2244" threadId="0000000001CD8100" bytesRequested="40" />
<af-end id="2245" timestamp="2019-06-17T06:04:36.482" threadId="0000000001CD8A88" success="true" from="nursery"/>
<exclusive-end id="2246" timestamp="2019-06-17T06:04:36.483" durationms="2.479" />

<exclusive-start id="2247" timestamp="2019-06-17T06:04:36.492" intervalms="12.149">
  <response-info timems="0.230" idlems="0.123" threads="1" lastid="0000000001CD4500" lastname="Thread-9" />
</exclusive-start>
<af-start id="2248" threadId="0000000001CD8A88" totalBytesRequested="40" timestamp="2019-06-17T06:04:36.492" intervalms="12.115" type="nursery" />
<cycle-start id="2249" type="scavenge" contextid="0" timestamp="2019-06-17T06:04:36.492" intervalms="12.068" />
<gc-start id="2250" type="scavenge" contextid="2249" timestamp="2019-06-17T06:04:36.492">
  <mem-info id="2251" free="2054497064" total="2092630016" percent="98">
    <mem type="nursery" free="0" total="23855104" percent="0">
      <mem type="allocate" free="0" total="21430272" percent="0" />
      <mem type="survivor" free="0" total="2424832" percent="0" />
    </mem>
    <mem type="tenure" free="2054497064" total="2068774912" percent="99">
      <mem type="soa" free="2054497064" total="2068774912" percent="99" />
      <mem type="loa" free="0" total="0" percent="0" />
    </mem>
    <remembered-set count="5268" />
  </mem-info>
</gc-start>
<allocation-stats totalBytes="20839720" >
  <allocated-bytes non-tlh="40" tlh="20839680" />
  <largest-consumer threadName="Thread-8" threadId="0000000001CCCD00" bytes="7286576" />
</allocation-stats>
<gc-op id="2252" type="scavenge" timems="1.014" contextid="2249" timestamp="2019-06-17T06:04:36.494">
  <scavenger-info tenureage="14" tenuremask="4000" tiltratio="89" />
  <memory-copied type="nursery" objects="12270" bytes="432720" bytesdiscarded="134832" />
</gc-op>
<gc-end id="2253" type="scavenge" contextid="2249" durationms="1.247" usertimems="4.000" systemtimems="0.000" timestamp="2019-06-17T06:04:36.494" activeThreads="4">
  <mem-info id="2254" free="2075359784" total="2092630016" percent="99">
    <mem type="nursery" free="20862720" total="23855104" percent="87">
      <mem type="allocate" free="20862720" total="21430272" percent="97" />
      <mem type="survivor" free="0" total="2424832" percent="0" />
    </mem>
    <mem type="tenure" free="2054497064" total="2068774912" percent="99">
      <mem type="soa" free="2054497064" total="2068774912" percent="99" />
      <mem type="loa" free="0" total="0" percent="0" />
    </mem>
    <remembered-set count="5268" />
  </mem-info>
</gc-end>
<cycle-end id="2255" type="scavenge" contextid="2249" timestamp="2019-06-17T06:04:36.494" />
  <attribute name="elasticGC enabled" value="1" />
  <attribute name= "numThreadsSpecified" value="4" />
  <attribute name="heapSize specified" value="27394048" />
  <attribute name="Current GC Util" value="28" />
  <attribute name= "Current Time Running" value="2965" />
  <attribute name ="GC Interval" value="200" />
  <attribute name="ProportionalT" value="8.000000" />
  <attribute name="ProportionalI" value="8.000000" />
  <attribute name="ProportionalH" value="8.000000" />
  <attribute name="Current Error" value="8.000000" />
  <attribute name="IntegralT" value="96.000000" />
  <attribute name="IntegralI" value="96.000000" />
  <attribute name="IntegralH" value="96.000000" />
  <attribute name="DerivativeT" value="0.666667" />
  <attribute name="DerivativeI" value="0.666667" />
  <attribute name="DerivativeH" value="0.666667" />
  <attribute name="Loop Time for DT" value="12.000000" />
  <attribute name="Output H" value="8388608"/>
  <attribute name="Output I" value="200"/>
  <attribute name="Output T" value="4"/>
  <attribute name="Target GC Util Change" value ="20.000000" />
  <attribute name="Current GC Util Change" value="28.000000"/>
  <attribute name="GC Util currently" value="28" />
  <attribute name="CPU Util currently" value="381744326064" />
<allocation-satisfied id="2256" threadId="0000000001CD8100" bytesRequested="40" />
<af-end id="2257" timestamp="2019-06-17T06:04:36.494" threadId="0000000001CD8A88" success="true" from="nursery"/>
<exclusive-end id="2258" timestamp="2019-06-17T06:04:36.494" durationms="1.841" />

<exclusive-start id="2259" timestamp="2019-06-17T06:04:36.507" intervalms="15.261">
  <response-info timems="0.067" idlems="0.067" threads="0" lastid="0000000001CD8100" lastname="Thread-10" />
</exclusive-start>
<af-start id="2260" threadId="0000000001CD8A88" totalBytesRequested="24" timestamp="2019-06-17T06:04:36.508" intervalms="15.251" type="nursery" />
<cycle-start id="2261" type="scavenge" contextid="0" timestamp="2019-06-17T06:04:36.508" intervalms="15.243" />
<gc-start id="2262" type="scavenge" contextid="2261" timestamp="2019-06-17T06:04:36.508">
  <mem-info id="2263" free="2054497064" total="2092630016" percent="98">
    <mem type="nursery" free="0" total="23855104" percent="0">
      <mem type="allocate" free="0" total="21430272" percent="0" />
      <mem type="survivor" free="0" total="2424832" percent="0" />
    </mem>
    <mem type="tenure" free="2054497064" total="2068774912" percent="99">
      <mem type="soa" free="2054497064" total="2068774912" percent="99" />
      <mem type="loa" free="0" total="0" percent="0" />
    </mem>
    <remembered-set count="6497" />
  </mem-info>
</gc-start>
<allocation-stats totalBytes="20862264" >
  <allocated-bytes non-tlh="40" tlh="20862224" />
  <largest-consumer threadName="Thread-8" threadId="0000000001CCCD00" bytes="10059568" />
</allocation-stats>
<gc-op id="2264" type="scavenge" timems="1.193" contextid="2261" timestamp="2019-06-17T06:04:36.509">
  <scavenger-info tenureage="14" tenuremask="4000" tiltratio="89" />
  <memory-copied type="nursery" objects="15097" bytes="500400" bytesdiscarded="114768" />
</gc-op>
<gc-end id="2265" type="scavenge" contextid="2261" durationms="1.541" usertimems="4.000" systemtimems="0.000" timestamp="2019-06-17T06:04:36.509" activeThreads="4">
  <mem-info id="2266" free="2075312168" total="2092630016" percent="99">
    <mem type="nursery" free="20815104" total="23855104" percent="87">
      <mem type="allocate" free="20815104" total="21430272" percent="97" />
      <mem type="survivor" free="0" total="2424832" percent="0" />
    </mem>
    <mem type="tenure" free="2054497064" total="2068774912" percent="99">
      <mem type="soa" free="2054497064" total="2068774912" percent="99" />
      <mem type="loa" free="0" total="0" percent="0" />
    </mem>
    <remembered-set count="6495" />
  </mem-info>
</gc-end>
<cycle-end id="2267" type="scavenge" contextid="2261" timestamp="2019-06-17T06:04:36.509" />
  <attribute name="elasticGC enabled" value="1" />
  <attribute name= "numThreadsSpecified" value="4" />
  <attribute name="heapSize specified" value="27394048" />
  <attribute name="Current GC Util" value="17" />
  <attribute name= "Current Time Running" value="2980" />
  <attribute name ="GC Interval" value="200" />
  <attribute name="ProportionalT" value="-3.000000" />
  <attribute name="ProportionalI" value="-3.000000" />
  <attribute name="ProportionalH" value="-3.000000" />
  <attribute name="Current Error" value="-3.000000" />
  <attribute name="IntegralT" value="-45.000000" />
  <attribute name="IntegralI" value="-45.000000" />
  <attribute name="IntegralH" value="-45.000000" />
  <attribute name="DerivativeT" value="-0.733333" />
  <attribute name="DerivativeI" value="-0.733333" />
  <attribute name="DerivativeH" value="-0.733333" />
  <attribute name="Loop Time for DT" value="15.000000" />
  <attribute name="Output H" value="2092630016"/>
  <attribute name="Output I" value="200"/>
  <attribute name="Output T" value="4"/>
  <attribute name="Target GC Util Change" value ="20.000000" />
  <attribute name="Current GC Util Change" value="17.000000"/>
  <attribute name="GC Util currently" value="17" />
  <attribute name="CPU Util currently" value="300354151496" />
<allocation-satisfied id="2268" threadId="0000000001CD8100" bytesRequested="24" />
<af-end id="2269" timestamp="2019-06-17T06:04:36.510" threadId="0000000001CD8A88" success="true" from="nursery"/>
<exclusive-end id="2270" timestamp="2019-06-17T06:04:36.510" durationms="2.259" />

<exclusive-start id="2271" timestamp="2019-06-17T06:04:36.529" intervalms="21.385">
  <response-info timems="0.078" idlems="0.078" threads="0" lastid="0000000001CD8100" lastname="Thread-10" />
</exclusive-start>
<af-start id="2272" threadId="0000000001CD8A88" totalBytesRequested="40" timestamp="2019-06-17T06:04:36.529" intervalms="21.444" type="nursery" />
<cycle-start id="2273" type="scavenge" contextid="0" timestamp="2019-06-17T06:04:36.529" intervalms="21.517" />
<gc-start id="2274" type="scavenge" contextid="2273" timestamp="2019-06-17T06:04:36.529">
  <mem-info id="2275" free="2054497064" total="2092630016" percent="98">
    <mem type="nursery" free="0" total="23855104" percent="0">
      <mem type="allocate" free="0" total="21430272" percent="0" />
      <mem type="survivor" free="0" total="2424832" percent="0" />
    </mem>
    <mem type="tenure" free="2054497064" total="2068774912" percent="99">
      <mem type="soa" free="2054497064" total="2068774912" percent="99" />
      <mem type="loa" free="0" total="0" percent="0" />
    </mem>
    <remembered-set count="7711" />
  </mem-info>
</gc-start>
<allocation-stats totalBytes="20813192" >
  <allocated-bytes non-tlh="24" tlh="20813168" />
  <largest-consumer threadName="Thread-10" threadId="0000000001CD8100" bytes="14161888" />
</allocation-stats>
<gc-op id="2276" type="scavenge" timems="1.249" contextid="2273" timestamp="2019-06-17T06:04:36.531">
  <scavenger-info tenureage="4" tenuremask="4030" tiltratio="89" />
  <memory-copied type="nursery" objects="14577" bytes="487592" bytesdiscarded="156112" />
  <memory-copied type="tenure" objects="3991" bytes="95784" bytesdiscarded="0" />
</gc-op>
<gc-end id="2277" type="scavenge" contextid="2273" durationms="1.564" usertimems="4.000" systemtimems="0.000" timestamp="2019-06-17T06:04:36.531" activeThreads="4">
  <mem-info id="2278" free="2075205296" total="2092630016" percent="99">
    <mem type="nursery" free="20786568" total="23855104" percent="87">
      <mem type="allocate" free="20786568" total="21430272" percent="96" />
      <mem type="survivor" free="0" total="2424832" percent="0" />
    </mem>
    <mem type="tenure" free="2054418728" total="2068774912" percent="99">
      <mem type="soa" free="2054418728" total="2068774912" percent="99" />
      <mem type="loa" free="0" total="0" percent="0" />
    </mem>
    <remembered-set count="4735" />
  </mem-info>
</gc-end>
<cycle-end id="2279" type="scavenge" contextid="2273" timestamp="2019-06-17T06:04:36.531" />
  <attribute name="elasticGC enabled" value="1" />
  <attribute name= "numThreadsSpecified" value="4" />
  <attribute name="heapSize specified" value="27394048" />
  <attribute name="Current GC Util" value="13" />
  <attribute name= "Current Time Running" value="3002" />
  <attribute name ="GC Interval" value="200" />
  <attribute name="ProportionalT" value="-7.000000" />
  <attribute name="ProportionalI" value="-7.000000" />
  <attribute name="ProportionalH" value="-7.000000" />
  <attribute name="Current Error" value="-7.000000" />
  <attribute name="IntegralT" value="-154.000000" />
  <attribute name="IntegralI" value="-154.000000" />
  <attribute name="IntegralH" value="-154.000000" />
  <attribute name="DerivativeT" value="-0.318182" />
  <attribute name="DerivativeI" value="-0.318182" />
  <attribute name="DerivativeH" value="-0.318182" />
  <attribute name="Loop Time for DT" value="22.000000" />
  <attribute name="Output H" value="2092630016"/>
  <attribute name="Output I" value="200"/>
  <attribute name="Output T" value="4"/>
  <attribute name="Target GC Util Change" value ="20.000000" />
  <attribute name="Current GC Util Change" value="13.000000"/>
  <attribute name="GC Util currently" value="13" />
  <attribute name="CPU Util currently" value="214277085235" />
<allocation-satisfied id="2280" threadId="0000000001CD8100" bytesRequested="40" />
<af-end id="2281" timestamp="2019-06-17T06:04:36.531" threadId="0000000001CD8A88" success="true" from="nursery"/>
<exclusive-end id="2282" timestamp="2019-06-17T06:04:36.531" durationms="2.260" />

</verbosegc>

