<?xml version="1.0" ?>

<verbosegc xmlns="http://www.ibm.com/j9/verbosegc" version="10b4217_CMPRSS">

<initialized id="1" timestamp="2019-06-17T06:04:04.249">
  <attribute name="gcPolicy" value="-Xgcpolicy:gencon" />
  <attribute name="elasticGC enabled" value="1" />
  <attribute name= "numThreadsSpecified" value="0" />
  <attribute name="heapSize specified" value="0" />
  <attribute name="Current GC Util" value="0" />
  <attribute name= "Current Time Running" value="0" />
  <attribute name ="GC Interval" value="0" />
  <attribute name="ProportionalT" value="0.000000" />
  <attribute name="ProportionalI" value="0.000000" />
  <attribute name="ProportionalH" value="0.000000" />
  <attribute name="IntegralT" value="0.000000" />
  <attribute name="IntegralI" value="0.000000" />
  <attribute name="IntegralH" value="0.000000" />
  <attribute name="DerivativeT" value="0.000000" />
  <attribute name="DerivativeI" value="0.000000" />
  <attribute name="DerivativeH" value="0.000000" />
  <attribute name="Target GC Util Change" value ="0.000000" />
  <attribute name="Current GC Util Change" value="0.000000"/>
  <attribute name="Current Error" value="0.000000" />
  <attribute name="Loop Time for DT" value="0.000000" />
  <attribute name="Output H" value="0"/>
  <attribute name="Output I" value="0"/>
  <attribute name="Output T" value="0"/>
  <attribute name="GC Util currently" value="0" />
  <attribute name="CPU Util currently" value="0" />
  <attribute name="maxHeapSize" value="0x7cbc0000" />
  <attribute name="initialHeapSize" value="0x800000" />
  <attribute name="compressedRefs" value="true" />
  <attribute name="compressedRefsDisplacement" value="0x0" />
  <attribute name="compressedRefsShift" value="0x0" />
  <attribute name="pageSize" value="0x1000" />
  <attribute name="pageType" value="not used" />
  <attribute name="requestedPageSize" value="0x1000" />
  <attribute name="requestedPageType" value="not used" />
  <attribute name="gcthreads" value="4" />
  <attribute name="gcthreads Concurrent Mark" value="1" />
  <attribute name="packetListSplit" value="4" />
  <attribute name="cacheListSplit" value="4" />
  <attribute name="splitFreeListSplitAmount" value="1" />
  <attribute name="numaNodes" value="0" />
  <system>
    <attribute name="physicalMemory" value="8370962432" />
    <attribute name="numCPUs" value="4" />
    <attribute name="architecture" value="amd64" />
    <attribute name="os" value="Linux" />
    <attribute name="osVersion" value="4.4.0-148-generic" />
  </system>
  <vmargs>
    <vmarg name="-Xoptionsfile=/vagrant/jdk/lib/options.default" />
    <vmarg name="-Xlockword:mode=default,noLockword=java/lang/String,noLockword=java/util/MapEntry,noLockword=java/util/HashMap$Entry,noLockword..." />
    <vmarg name="-Xjcl:jclse29" />
    <vmarg name="-Dcom.ibm.oti.vm.bootstrap.library.path=/vagrant/jdk/lib/compressedrefs:/vagrant/jdk/lib" />
    <vmarg name="-Dsun.boot.library.path=/vagrant/jdk/lib/compressedrefs:/vagrant/jdk/lib" />
    <vmarg name="-Djava.library.path=/vagrant/jdk/lib/compressedrefs:/vagrant/jdk/lib:/usr/lib64:/usr/lib" />
    <vmarg name="-Djava.home=/vagrant/jdk" />
    <vmarg name="-Duser.dir=/vagrant" />
    <vmarg name="-verbose:gc" />
    <vmarg name="-Xgcelastic" />
    <vmarg name="-Xcheck:gc:::elasticGC" />
    <vmarg name="-Xloggc:default-jdk-1-1-1-verbose3sunflow.txt" />
    <vmarg name="-Djava.class.path=dacapo-9.12-MR1-bach.jar" />
    <vmarg name="-Dsun.java.command=dacapo-9.12-MR1-bach.jar sunflow --size=default" />
    <vmarg name="-Dsun.java.launcher=SUN_STANDARD" />
    <vmarg name="-Dsun.java.launcher.pid=14230" />
  </vmargs>
</initialized>

<exclusive-start id="2" timestamp="2019-06-17T06:04:04.435" intervalms="185.928">
  <response-info timems="0.020" idlems="0.020" threads="0" lastid="0000000002324700" lastname="main" />
</exclusive-start>
<af-start id="3" threadId="0000000002325088" totalBytesRequested="7176" timestamp="2019-06-17T06:04:04.435" intervalms="186.141" type="nursery" />
<cycle-start id="4" type="scavenge" contextid="0" timestamp="2019-06-17T06:04:04.436" intervalms="186.558" />
<gc-start id="5" type="scavenge" contextid="4" timestamp="2019-06-17T06:04:04.441">
  <mem-info id="6" free="6062624" total="8388608" percent="72">
    <mem type="nursery" free="0" total="2097152" percent="0">
      <mem type="allocate" free="0" total="1048576" percent="0" />
      <mem type="survivor" free="0" total="1048576" percent="0" />
    </mem>
    <mem type="tenure" free="6062624" total="6291456" percent="96">
      <mem type="soa" free="5748256" total="5977088" percent="96" />
      <mem type="loa" free="314368" total="314368" percent="100" />
    </mem>
    <remembered-set count="3161" />
  </mem-info>
</gc-start>
<allocation-stats totalBytes="1275368" >
  <allocated-bytes non-tlh="344784" tlh="930584" />
  <largest-consumer threadName="main" threadId="0000000002324700" bytes="1198808" />
</allocation-stats>
<gc-op id="7" type="scavenge" timems="2.231" contextid="4" timestamp="2019-06-17T06:04:04.443">
  <scavenger-info tenureage="2" tenuremask="fffc" tiltratio="50" />
  <memory-copied type="nursery" objects="10578" bytes="479616" bytesdiscarded="121800" />
  <finalization candidates="11" enqueued="0" />
  <references type="soft" candidates="62" cleared="0" enqueued="0" dynamicThreshold="32" maxThreshold="32" />
  <references type="weak" candidates="309" cleared="177" enqueued="141" />
  <references type="phantom" candidates="25" cleared="6" enqueued="6" />
</gc-op>
<gc-end id="8" type="scavenge" contextid="4" durationms="5.762" usertimems="4.000" systemtimems="4.000" timestamp="2019-06-17T06:04:04.447" activeThreads="4">
  <mem-info id="9" free="6507688" total="8388608" percent="77">
    <mem type="nursery" free="445064" total="2097152" percent="21">
      <mem type="allocate" free="445064" total="1048576" percent="42" />
      <mem type="survivor" free="0" total="1048576" percent="0" />
    </mem>
    <mem type="tenure" free="6062624" total="6291456" percent="96">
      <mem type="soa" free="5748256" total="5977088" percent="96" />
      <mem type="loa" free="314368" total="314368" percent="100" />
    </mem>
    <pending-finalizers system="0" default="0" reference="147" classloader="0" />
    <remembered-set count="3161" />
  </mem-info>
</gc-end>
<cycle-end id="10" type="scavenge" contextid="4" timestamp="2019-06-17T06:04:04.447" />
  <attribute name="elasticGC enabled" value="1" />
  <attribute name= "numThreadsSpecified" value="0" />
  <attribute name="heapSize specified" value="0" />
  <attribute name="Current GC Util" value="0" />
  <attribute name= "Current Time Running" value="71" />
  <attribute name ="GC Interval" value="1" />
  <attribute name="ProportionalT" value="0.000000" />
  <attribute name="ProportionalI" value="0.000000" />
  <attribute name="ProportionalH" value="0.000000" />
  <attribute name="Current Error" value="0.000000" />
  <attribute name="IntegralT" value="0.000000" />
  <attribute name="IntegralI" value="0.000000" />
  <attribute name="IntegralH" value="0.000000" />
  <attribute name="DerivativeT" value="0.000000" />
  <attribute name="DerivativeI" value="0.000000" />
  <attribute name="DerivativeH" value="0.000000" />
  <attribute name="Loop Time for DT" value="0.000000" />
  <attribute name="Output H" value="0"/>
  <attribute name="Output I" value="0"/>
  <attribute name="Output T" value="0"/>
  <attribute name="Target GC Util Change" value ="20.000000" />
  <attribute name="Current GC Util Change" value="0.000000"/>
  <attribute name="GC Util currently" value="0" />
  <attribute name="CPU Util currently" value="31" />
<allocation-satisfied id="11" threadId="0000000002324700" bytesRequested="7176" />
<af-end id="12" timestamp="2019-06-17T06:04:04.447" threadId="0000000002325088" success="true" from="nursery"/>
<exclusive-end id="13" timestamp="2019-06-17T06:04:04.447" durationms="11.714" />

<exclusive-start id="14" timestamp="2019-06-17T06:04:04.464" intervalms="28.450">
  <response-info timems="0.031" idlems="0.031" threads="0" lastid="0000000002324700" lastname="main" />
</exclusive-start>
<af-start id="15" threadId="0000000002325088" totalBytesRequested="1032" timestamp="2019-06-17T06:04:04.464" intervalms="28.315" type="nursery" />
<cycle-start id="16" type="scavenge" contextid="0" timestamp="2019-06-17T06:04:04.464" intervalms="27.966" />
<gc-start id="17" type="scavenge" contextid="16" timestamp="2019-06-17T06:04:04.467">
  <mem-info id="18" free="6054888" total="8388608" percent="72">
    <mem type="nursery" free="0" total="2097152" percent="0">
      <mem type="allocate" free="0" total="1048576" percent="0" />
      <mem type="survivor" free="0" total="1048576" percent="0" />
    </mem>
    <mem type="tenure" free="6054888" total="6291456" percent="96">
      <mem type="soa" free="5740520" total="5977088" percent="96" />
      <mem type="loa" free="314368" total="314368" percent="100" />
    </mem>
    <remembered-set count="3262" />
  </mem-info>
</gc-start>
<allocation-stats totalBytes="443064" >
  <allocated-bytes non-tlh="14912" tlh="428152" />
  <largest-consumer threadName="main" threadId="0000000002324700" bytes="431088" />
</allocation-stats>
<gc-op id="19" type="scavenge" timems="0.796" contextid="16" timestamp="2019-06-17T06:04:04.468">
  <scavenger-info tenureage="5" tenuremask="7fe0" tiltratio="50" />
  <memory-copied type="nursery" objects="10895" bytes="500992" bytesdiscarded="51744" />
  <finalization candidates="11" enqueued="0" />
  <references type="soft" candidates="62" cleared="0" enqueued="0" dynamicThreshold="32" maxThreshold="32" />
  <references type="weak" candidates="242" cleared="96" enqueued="93" />
  <references type="phantom" candidates="38" cleared="12" enqueued="12" />
</gc-op>
<gc-end id="20" type="scavenge" contextid="16" durationms="4.243" usertimems="4.000" systemtimems="0.000" timestamp="2019-06-17T06:04:04.472" activeThreads="4">
  <mem-info id="21" free="6549264" total="8388608" percent="78">
    <mem type="nursery" free="494376" total="2097152" percent="23">
      <mem type="allocate" free="494376" total="1048576" percent="47" />
      <mem type="survivor" free="0" total="1048576" percent="0" />
    </mem>
    <mem type="tenure" free="6054888" total="6291456" percent="96">
      <mem type="soa" free="5740520" total="5977088" percent="96" />
      <mem type="loa" free="314368" total="314368" percent="100" />
    </mem>
    <pending-finalizers system="0" default="0" reference="105" classloader="0" />
    <remembered-set count="3262" />
  </mem-info>
</gc-end>
<cycle-end id="22" type="scavenge" contextid="16" timestamp="2019-06-17T06:04:04.472" />
  <attribute name="elasticGC enabled" value="1" />
  <attribute name= "numThreadsSpecified" value="0" />
  <attribute name="heapSize specified" value="0" />
  <attribute name="Current GC Util" value="43" />
  <attribute name= "Current Time Running" value="97" />
  <attribute name ="GC Interval" value="1" />
  <attribute name="ProportionalT" value="0.000000" />
  <attribute name="ProportionalI" value="0.000000" />
  <attribute name="ProportionalH" value="0.000000" />
  <attribute name="Current Error" value="0.000000" />
  <attribute name="IntegralT" value="0.000000" />
  <attribute name="IntegralI" value="0.000000" />
  <attribute name="IntegralH" value="0.000000" />
  <attribute name="DerivativeT" value="0.000000" />
  <attribute name="DerivativeI" value="0.000000" />
  <attribute name="DerivativeH" value="0.000000" />
  <attribute name="Loop Time for DT" value="71.000000" />
  <attribute name="Output H" value="0"/>
  <attribute name="Output I" value="0"/>
  <attribute name="Output T" value="0"/>
  <attribute name="Target GC Util Change" value ="20.000000" />
  <attribute name="Current GC Util Change" value="43.000000"/>
  <attribute name="GC Util currently" value="43" />
  <attribute name="CPU Util currently" value="7" />
<allocation-satisfied id="23" threadId="0000000002324700" bytesRequested="1032" />
<af-end id="24" timestamp="2019-06-17T06:04:04.472" threadId="0000000002325088" success="true" from="nursery"/>
<exclusive-end id="25" timestamp="2019-06-17T06:04:04.472" durationms="8.381" />

<exclusive-start id="26" timestamp="2019-06-17T06:04:04.483" intervalms="19.056">
  <response-info timems="0.068" idlems="0.068" threads="0" lastid="0000000002324700" lastname="main" />
</exclusive-start>
<af-start id="27" threadId="0000000002325088" totalBytesRequested="2864" timestamp="2019-06-17T06:04:04.483" intervalms="19.050" type="nursery" />
<cycle-start id="28" type="scavenge" contextid="0" timestamp="2019-06-17T06:04:04.483" intervalms="19.035" />
<gc-start id="29" type="scavenge" contextid="28" timestamp="2019-06-17T06:04:04.486">
  <mem-info id="30" free="6052008" total="8388608" percent="72">
    <mem type="nursery" free="0" total="2097152" percent="0">
      <mem type="allocate" free="0" total="1048576" percent="0" />
      <mem type="survivor" free="0" total="1048576" percent="0" />
    </mem>
    <mem type="tenure" free="6052008" total="6291456" percent="96">
      <mem type="soa" free="5737640" total="5977088" percent="95" />
      <mem type="loa" free="314368" total="314368" percent="100" />
    </mem>
    <remembered-set count="3297" />
  </mem-info>
</gc-start>
<allocation-stats totalBytes="484512" >
  <allocated-bytes non-tlh="3912" tlh="480600" />
  <largest-consumer threadName="main" threadId="0000000002324700" bytes="476320" />
</allocation-stats>
<gc-op id="31" type="scavenge" timems="0.798" contextid="28" timestamp="2019-06-17T06:04:04.487">
  <scavenger-info tenureage="4" tenuremask="7ff0" tiltratio="50" />
  <memory-copied type="nursery" objects="10945" bytes="543384" bytesdiscarded="118424" />
  <finalization candidates="11" enqueued="0" />
  <references type="soft" candidates="62" cleared="0" enqueued="0" dynamicThreshold="32" maxThreshold="32" />
  <references type="weak" candidates="228" cleared="80" enqueued="80" />
  <references type="phantom" candidates="39" cleared="11" enqueued="11" />
</gc-op>
<gc-end id="32" type="scavenge" contextid="28" durationms="0.975" usertimems="0.000" systemtimems="0.000" timestamp="2019-06-17T06:04:04.487" activeThreads="4">
  <mem-info id="33" free="6437312" total="8388608" percent="76">
    <mem type="nursery" free="385304" total="2097152" percent="18">
      <mem type="allocate" free="385304" total="1048576" percent="36" />
      <mem type="survivor" free="0" total="1048576" percent="0" />
    </mem>
    <mem type="tenure" free="6052008" total="6291456" percent="96">
      <mem type="soa" free="5737640" total="5977088" percent="95" />
      <mem type="loa" free="314368" total="314368" percent="100" />
    </mem>
    <pending-finalizers system="0" default="0" reference="91" classloader="0" />
    <remembered-set count="1027" />
  </mem-info>
</gc-end>
<cycle-end id="34" type="scavenge" contextid="28" timestamp="2019-06-17T06:04:04.487" />
  <attribute name="elasticGC enabled" value="1" />
  <attribute name= "numThreadsSpecified" value="4" />
  <attribute name="heapSize specified" value="0" />
  <attribute name="Current GC Util" value="44" />
  <attribute name= "Current Time Running" value="116" />
  <attribute name ="GC Interval" value="488" />
  <attribute name="ProportionalT" value="24.000000" />
  <attribute name="ProportionalI" value="24.000000" />
  <attribute name="ProportionalH" value="24.000000" />
  <attribute name="Current Error" value="24.000000" />
  <attribute name="IntegralT" value="456.000000" />
  <attribute name="IntegralI" value="456.000000" />
  <attribute name="IntegralH" value="456.000000" />
  <attribute name="DerivativeT" value="1.263158" />
  <attribute name="DerivativeI" value="1.263158" />
  <attribute name="DerivativeH" value="1.263158" />
  <attribute name="Loop Time for DT" value="19.000000" />
  <attribute name="Output H" value="8388608"/>
  <attribute name="Output I" value="488"/>
  <attribute name="Output T" value="4"/>
  <attribute name="Target GC Util Change" value ="20.000000" />
  <attribute name="Current GC Util Change" value="44.000000"/>
  <attribute name="GC Util currently" value="44" />
  <attribute name="CPU Util currently" value="244659059517" />
<allocation-satisfied id="35" threadId="0000000002324700" bytesRequested="2864" />
<af-end id="36" timestamp="2019-06-17T06:04:04.487" threadId="0000000002325088" success="true" from="nursery"/>
<exclusive-end id="37" timestamp="2019-06-17T06:04:04.488" durationms="4.915" />

<exclusive-start id="38" timestamp="2019-06-17T06:04:04.542" intervalms="59.420">
  <response-info timems="0.025" idlems="0.025" threads="0" lastid="0000000002324700" lastname="main" />
</exclusive-start>
<af-start id="39" threadId="0000000002325088" totalBytesRequested="41272" timestamp="2019-06-17T06:04:04.542" intervalms="59.434" type="nursery" />
<cycle-start id="40" type="scavenge" contextid="0" timestamp="2019-06-17T06:04:04.542" intervalms="59.447" />
<gc-start id="41" type="scavenge" contextid="40" timestamp="2019-06-17T06:04:04.542">
  <mem-info id="42" free="6047304" total="8388608" percent="72">
    <mem type="nursery" free="0" total="2097152" percent="0">
      <mem type="allocate" free="0" total="1048576" percent="0" />
      <mem type="survivor" free="0" total="1048576" percent="0" />
    </mem>
    <mem type="tenure" free="6047304" total="6291456" percent="96">
      <mem type="soa" free="5732936" total="5977088" percent="95" />
      <mem type="loa" free="314368" total="314368" percent="100" />
    </mem>
    <remembered-set count="1106" />
  </mem-info>
</gc-start>
<allocation-stats totalBytes="387952" >
  <allocated-bytes non-tlh="7568" tlh="380384" />
  <largest-consumer threadName="main" threadId="0000000002324700" bytes="387952" />
</allocation-stats>
<gc-op id="43" type="scavenge" timems="1.127" contextid="40" timestamp="2019-06-17T06:04:04.543">
  <scavenger-info tenureage="3" tenuremask="fff8" tiltratio="50" />
  <memory-copied type="nursery" objects="849" bytes="189856" bytesdiscarded="99496" />
  <memory-copied type="tenure" objects="10289" bytes="460040" bytesdiscarded="56" />
  <finalization candidates="14" enqueued="1" />
  <references type="soft" candidates="2" cleared="0" enqueued="0" dynamicThreshold="32" maxThreshold="32" />
  <references type="weak" candidates="65" cleared="50" enqueued="50" />
  <references type="phantom" candidates="26" cleared="10" enqueued="10" />
</gc-op>
<gc-end id="44" type="scavenge" contextid="40" durationms="1.290" usertimems="0.000" systemtimems="0.000" timestamp="2019-06-17T06:04:04.544" activeThreads="4">
  <mem-info id="45" free="6279704" total="8388608" percent="74">
    <mem type="nursery" free="759144" total="2097152" percent="36">
      <mem type="allocate" free="759144" total="1048576" percent="72" />
      <mem type="survivor" free="0" total="1048576" percent="0" />
    </mem>
    <mem type="tenure" free="5520560" total="6291456" percent="87">
      <mem type="soa" free="5206192" total="5977088" percent="87" />
      <mem type="loa" free="314368" total="314368" percent="100" />
    </mem>
    <pending-finalizers system="1" default="0" reference="60" classloader="0" />
    <remembered-set count="222" />
  </mem-info>
</gc-end>
<cycle-end id="46" type="scavenge" contextid="40" timestamp="2019-06-17T06:04:04.544" />
  <attribute name="elasticGC enabled" value="1" />
  <attribute name= "numThreadsSpecified" value="4" />
  <attribute name="heapSize specified" value="0" />
  <attribute name="Current GC Util" value="9" />
  <attribute name= "Current Time Running" value="172" />
  <attribute name ="GC Interval" value="200" />
  <attribute name="ProportionalT" value="-11.000000" />
  <attribute name="ProportionalI" value="-11.000000" />
  <attribute name="ProportionalH" value="-11.000000" />
  <attribute name="Current Error" value="-11.000000" />
  <attribute name="IntegralT" value="-160.000000" />
  <attribute name="IntegralI" value="-160.000000" />
  <attribute name="IntegralH" value="-160.000000" />
  <attribute name="DerivativeT" value="-0.625000" />
  <attribute name="DerivativeI" value="-0.625000" />
  <attribute name="DerivativeH" value="-0.625000" />
  <attribute name="Loop Time for DT" value="56.000000" />
  <attribute name="Output H" value="2092630016"/>
  <attribute name="Output I" value="200"/>
  <attribute name="Output T" value="4"/>
  <attribute name="Target GC Util Change" value ="20.000000" />
  <attribute name="Current GC Util Change" value="9.000000"/>
  <attribute name="GC Util currently" value="9" />
  <attribute name="CPU Util currently" value="82517463921" />
<allocation-satisfied id="47" threadId="0000000002324700" bytesRequested="41272" />
<af-end id="48" timestamp="2019-06-17T06:04:04.544" threadId="0000000002325088" success="true" from="nursery"/>
<exclusive-end id="49" timestamp="2019-06-17T06:04:04.544" durationms="1.730" />

<exclusive-start id="50" timestamp="2019-06-17T06:04:04.599" intervalms="57.155">
  <response-info timems="0.022" idlems="0.022" threads="0" lastid="0000000002324700" lastname="main" />
</exclusive-start>
<af-start id="51" threadId="0000000002325088" totalBytesRequested="368" timestamp="2019-06-17T06:04:04.599" intervalms="57.158" type="nursery" />
<cycle-start id="52" type="scavenge" contextid="0" timestamp="2019-06-17T06:04:04.599" intervalms="57.149" />
<gc-start id="53" type="scavenge" contextid="52" timestamp="2019-06-17T06:04:04.599">
  <mem-info id="54" free="5434832" total="8388608" percent="64">
    <mem type="nursery" free="0" total="2097152" percent="0">
      <mem type="allocate" free="0" total="1048576" percent="0" />
      <mem type="survivor" free="0" total="1048576" percent="0" />
    </mem>
    <mem type="tenure" free="5434832" total="6291456" percent="86">
      <mem type="soa" free="5120464" total="5977088" percent="85" />
      <mem type="loa" free="314368" total="314368" percent="100" />
    </mem>
    <remembered-set count="1637" />
  </mem-info>
</gc-start>
<allocation-stats totalBytes="844088" >
  <allocated-bytes non-tlh="168272" tlh="675816" />
  <largest-consumer threadName="main" threadId="0000000002324700" bytes="839992" />
</allocation-stats>
<gc-op id="55" type="scavenge" timems="0.763" contextid="52" timestamp="2019-06-17T06:04:04.600">
  <scavenger-info tenureage="3" tenuremask="7ff8" tiltratio="50" />
  <memory-copied type="nursery" objects="6215" bytes="320952" bytesdiscarded="99528" />
  <memory-copied type="tenure" objects="299" bytes="14984" bytesdiscarded="16" />
  <finalization candidates="46" enqueued="0" />
  <ownableSynchronizers candidates="1" cleared="0" />
  <references type="soft" candidates="46" cleared="0" enqueued="0" dynamicThreshold="32" maxThreshold="32" />
  <references type="weak" candidates="682" cleared="274" enqueued="189" />
  <references type="phantom" candidates="11" cleared="2" enqueued="2" />
</gc-op>
<gc-end id="56" type="scavenge" contextid="52" durationms="0.928" usertimems="0.000" systemtimems="0.000" timestamp="2019-06-17T06:04:04.600" activeThreads="4">
  <mem-info id="57" free="5953576" total="8388608" percent="70">
    <mem type="nursery" free="627800" total="2097152" percent="29">
      <mem type="allocate" free="627800" total="1048576" percent="59" />
      <mem type="survivor" free="0" total="1048576" percent="0" />
    </mem>
    <mem type="tenure" free="5325776" total="6291456" percent="84">
      <mem type="soa" free="5011408" total="5977088" percent="83" />
      <mem type="loa" free="314368" total="314368" percent="100" />
    </mem>
    <pending-finalizers system="0" default="0" reference="191" classloader="0" />
    <remembered-set count="1584" />
  </mem-info>
</gc-end>
<cycle-end id="58" type="scavenge" contextid="52" timestamp="2019-06-17T06:04:04.600" />
  <attribute name="elasticGC enabled" value="1" />
  <attribute name= "numThreadsSpecified" value="4" />
  <attribute name="heapSize specified" value="0" />
  <attribute name="Current GC Util" value="3" />
  <attribute name= "Current Time Running" value="229" />
  <attribute name ="GC Interval" value="200" />
  <attribute name="ProportionalT" value="-17.000000" />
  <attribute name="ProportionalI" value="-17.000000" />
  <attribute name="ProportionalH" value="-17.000000" />
  <attribute name="Current Error" value="-17.000000" />
  <attribute name="IntegralT" value="-1129.000000" />
  <attribute name="IntegralI" value="-1129.000000" />
  <attribute name="IntegralH" value="-1129.000000" />
  <attribute name="DerivativeT" value="-0.298246" />
  <attribute name="DerivativeI" value="-0.298246" />
  <attribute name="DerivativeH" value="-0.298246" />
  <attribute name="Loop Time for DT" value="57.000000" />
  <attribute name="Output H" value="2092630016"/>
  <attribute name="Output I" value="200"/>
  <attribute name="Output T" value="4"/>
  <attribute name="Target GC Util Change" value ="20.000000" />
  <attribute name="Current GC Util Change" value="3.000000"/>
  <attribute name="GC Util currently" value="3" />
  <attribute name="CPU Util currently" value="10" />
<allocation-satisfied id="59" threadId="0000000002324700" bytesRequested="368" />
<af-end id="60" timestamp="2019-06-17T06:04:04.600" threadId="0000000002325088" success="true" from="nursery"/>
<exclusive-end id="61" timestamp="2019-06-17T06:04:04.601" durationms="1.356" />

<exclusive-start id="62" timestamp="2019-06-17T06:04:04.667" intervalms="68.203">
  <response-info timems="0.027" idlems="0.027" threads="0" lastid="0000000002324700" lastname="main" />
</exclusive-start>
<af-start id="63" threadId="0000000002325088" totalBytesRequested="196616" timestamp="2019-06-17T06:04:04.667" intervalms="68.206" type="nursery" />
<cycle-start id="64" type="scavenge" contextid="0" timestamp="2019-06-17T06:04:04.668" intervalms="68.208" />
<gc-start id="65" type="scavenge" contextid="64" timestamp="2019-06-17T06:04:04.668">
  <mem-info id="66" free="5283032" total="8388608" percent="62">
    <mem type="nursery" free="25320" total="2097152" percent="1">
      <mem type="allocate" free="25320" total="1048576" percent="2" />
      <mem type="survivor" free="0" total="1048576" percent="0" />
    </mem>
    <mem type="tenure" free="5257712" total="6291456" percent="83">
      <mem type="soa" free="4943344" total="5977088" percent="82" />
      <mem type="loa" free="314368" total="314368" percent="100" />
    </mem>
    <remembered-set count="2531" />
  </mem-info>
</gc-start>
<allocation-stats totalBytes="669368" >
  <allocated-bytes non-tlh="68432" tlh="600936" />
  <largest-consumer threadName="main" threadId="0000000002324700" bytes="657536" />
</allocation-stats>
<gc-op id="67" type="scavenge" timems="0.819" contextid="64" timestamp="2019-06-17T06:04:04.669">
  <scavenger-info tenureage="2" tenuremask="7ffc" tiltratio="50" />
  <memory-copied type="nursery" objects="9064" bytes="342848" bytesdiscarded="47776" />
  <memory-copied type="tenure" objects="353" bytes="136840" bytesdiscarded="600" />
  <finalization candidates="113" enqueued="0" />
  <ownableSynchronizers candidates="3" cleared="0" />
  <references type="soft" candidates="67" cleared="0" enqueued="0" dynamicThreshold="32" maxThreshold="32" />
  <references type="weak" candidates="615" cleared="25" enqueued="12" />
  <references type="phantom" candidates="7" cleared="0" enqueued="0" />
</gc-op>
<gc-end id="68" type="scavenge" contextid="64" durationms="0.991" usertimems="0.000" systemtimems="0.000" timestamp="2019-06-17T06:04:04.669" activeThreads="4">
  <mem-info id="69" free="5852000" total="8388608" percent="69">
    <mem type="nursery" free="657392" total="2097152" percent="31">
      <mem type="allocate" free="657392" total="1048576" percent="62" />
      <mem type="survivor" free="0" total="1048576" percent="0" />
    </mem>
    <mem type="tenure" free="5194608" total="6291456" percent="82">
      <mem type="soa" free="4880240" total="5977088" percent="81" />
      <mem type="loa" free="314368" total="314368" percent="100" />
    </mem>
    <pending-finalizers system="0" default="0" reference="12" classloader="0" />
    <remembered-set count="2434" />
  </mem-info>
</gc-end>
<cycle-end id="70" type="scavenge" contextid="64" timestamp="2019-06-17T06:04:04.669" />
  <attribute name="elasticGC enabled" value="1" />
  <attribute name= "numThreadsSpecified" value="4" />
  <attribute name="heapSize specified" value="0" />
  <attribute name="Current GC Util" value="1" />
  <attribute name= "Current Time Running" value="297" />
  <attribute name ="GC Interval" value="200" />
  <attribute name="ProportionalT" value="-19.000000" />
  <attribute name="ProportionalI" value="-19.000000" />
  <attribute name="ProportionalH" value="-19.000000" />
  <attribute name="Current Error" value="-19.000000" />
  <attribute name="IntegralT" value="-2421.000000" />
  <attribute name="IntegralI" value="-2421.000000" />
  <attribute name="IntegralH" value="-2421.000000" />
  <attribute name="DerivativeT" value="-0.279412" />
  <attribute name="DerivativeI" value="-0.279412" />
  <attribute name="DerivativeH" value="-0.279412" />
  <attribute name="Loop Time for DT" value="68.000000" />
  <attribute name="Output H" value="2092630016"/>
  <attribute name="Output I" value="200"/>
  <attribute name="Output T" value="4"/>
  <attribute name="Target GC Util Change" value ="20.000000" />
  <attribute name="Current GC Util Change" value="1.000000"/>
  <attribute name="GC Util currently" value="1" />
  <attribute name="CPU Util currently" value="18" />
<allocation-satisfied id="71" threadId="0000000002324700" bytesRequested="196616" />
<af-end id="72" timestamp="2019-06-17T06:04:04.669" threadId="0000000002325088" success="true" from="nursery"/>
<exclusive-end id="73" timestamp="2019-06-17T06:04:04.669" durationms="1.439" />

<exclusive-start id="74" timestamp="2019-06-17T06:04:04.681" intervalms="13.905">
  <response-info timems="0.074" idlems="0.074" threads="0" lastid="0000000002324700" lastname="main" />
</exclusive-start>
<af-start id="75" threadId="0000000002325088" totalBytesRequested="262152" timestamp="2019-06-17T06:04:04.681" intervalms="13.882" type="nursery" />
<cycle-start id="76" type="scavenge" contextid="0" timestamp="2019-06-17T06:04:04.681" intervalms="13.878" />
<gc-start id="77" type="scavenge" contextid="76" timestamp="2019-06-17T06:04:04.681">
  <mem-info id="78" free="5379456" total="8388608" percent="64">
    <mem type="nursery" free="186344" total="2097152" percent="8">
      <mem type="allocate" free="186344" total="1048576" percent="17" />
      <mem type="survivor" free="0" total="1048576" percent="0" />
    </mem>
    <mem type="tenure" free="5193112" total="6291456" percent="82">
      <mem type="soa" free="4878744" total="5977088" percent="81" />
      <mem type="loa" free="314368" total="314368" percent="100" />
    </mem>
    <remembered-set count="2453" />
  </mem-info>
</gc-start>
<allocation-stats totalBytes="471032" >
  <allocated-bytes non-tlh="198112" tlh="272920" />
  <largest-consumer threadName="main" threadId="0000000002324700" bytes="462840" />
</allocation-stats>
<gc-op id="79" type="scavenge" timems="0.770" contextid="76" timestamp="2019-06-17T06:04:04.682">
  <scavenger-info tenureage="1" tenuremask="7ffe" tiltratio="50" />
  <memory-copied type="nursery" objects="25" bytes="201728" bytesdiscarded="143096" />
  <memory-copied type="tenure" objects="8983" bytes="304192" bytesdiscarded="608" />
  <finalization candidates="111" enqueued="0" />
  <ownableSynchronizers candidates="3" cleared="0" />
  <references type="weak" candidates="1" cleared="1" enqueued="1" />
</gc-op>
<gc-end id="80" type="scavenge" contextid="76" durationms="0.987" usertimems="4.000" systemtimems="0.000" timestamp="2019-06-17T06:04:04.682" activeThreads="4">
  <mem-info id="81" free="5630864" total="8388608" percent="67">
    <mem type="nursery" free="834808" total="2097152" percent="39">
      <mem type="allocate" free="834808" total="1179648" percent="70" />
      <mem type="survivor" free="0" total="917504" percent="0" />
    </mem>
    <mem type="tenure" free="4796056" total="6291456" percent="76">
      <mem type="soa" free="4481688" total="5977088" percent="74" />
      <mem type="loa" free="314368" total="314368" percent="100" />
    </mem>
    <pending-finalizers system="0" default="0" reference="1" classloader="0" />
    <remembered-set count="1009" />
  </mem-info>
</gc-end>
<cycle-end id="82" type="scavenge" contextid="76" timestamp="2019-06-17T06:04:04.683" />
  <attribute name="elasticGC enabled" value="1" />
  <attribute name= "numThreadsSpecified" value="4" />
  <attribute name="heapSize specified" value="0" />
  <attribute name="Current GC Util" value="11" />
  <attribute name= "Current Time Running" value="311" />
  <attribute name ="GC Interval" value="200" />
  <attribute name="ProportionalT" value="-9.000000" />
  <attribute name="ProportionalI" value="-9.000000" />
  <attribute name="ProportionalH" value="-9.000000" />
  <attribute name="Current Error" value="-9.000000" />
  <attribute name="IntegralT" value="-2547.000000" />
  <attribute name="IntegralI" value="-2547.000000" />
  <attribute name="IntegralH" value="-2547.000000" />
  <attribute name="DerivativeT" value="-0.642857" />
  <attribute name="DerivativeI" value="-0.642857" />
  <attribute name="DerivativeH" value="-0.642857" />
  <attribute name="Loop Time for DT" value="14.000000" />
  <attribute name="Output H" value="2092630016"/>
  <attribute name="Output I" value="200"/>
  <attribute name="Output T" value="4"/>
  <attribute name="Target GC Util Change" value ="20.000000" />
  <attribute name="Current GC Util Change" value="11.000000"/>
  <attribute name="GC Util currently" value="11" />
  <attribute name="CPU Util currently" value="332587294093" />
<allocation-satisfied id="83" threadId="0000000002324700" bytesRequested="262152" />
<af-end id="84" timestamp="2019-06-17T06:04:04.683" threadId="0000000002325088" success="true" from="nursery"/>
<exclusive-end id="85" timestamp="2019-06-17T06:04:04.683" durationms="1.396" />

<exclusive-start id="86" timestamp="2019-06-17T06:04:04.699" intervalms="17.809">
  <response-info timems="0.067" idlems="0.067" threads="0" lastid="0000000002324700" lastname="main" />
</exclusive-start>
<af-start id="87" threadId="0000000002325088" totalBytesRequested="16" timestamp="2019-06-17T06:04:04.699" intervalms="17.807" type="nursery" />
<cycle-start id="88" type="scavenge" contextid="0" timestamp="2019-06-17T06:04:04.699" intervalms="17.815" />
<gc-start id="89" type="scavenge" contextid="88" timestamp="2019-06-17T06:04:04.699">
  <mem-info id="90" free="4796056" total="8388608" percent="57">
    <mem type="nursery" free="0" total="2097152" percent="0">
      <mem type="allocate" free="0" total="1179648" percent="0" />
      <mem type="survivor" free="0" total="917504" percent="0" />
    </mem>
    <mem type="tenure" free="4796056" total="6291456" percent="76">
      <mem type="soa" free="4481688" total="5977088" percent="74" />
      <mem type="loa" free="314368" total="314368" percent="100" />
    </mem>
    <remembered-set count="1009" />
  </mem-info>
</gc-start>
<allocation-stats totalBytes="834808" >
  <allocated-bytes non-tlh="262152" tlh="572656" />
  <largest-consumer threadName="main" threadId="0000000002324700" bytes="834808" />
</allocation-stats>
<gc-op id="91" type="scavenge" timems="0.361" contextid="88" timestamp="2019-06-17T06:04:04.700">
  <scavenger-info tenureage="1" tenuremask="7ffe" tiltratio="56" />
  <memory-copied type="nursery" objects="1" bytes="262152" bytesdiscarded="0" />
  <memory-copied type="tenure" objects="21" bytes="201592" bytesdiscarded="0" />
</gc-op>
<gc-end id="92" type="scavenge" contextid="88" durationms="0.523" usertimems="0.000" systemtimems="0.000" timestamp="2019-06-17T06:04:04.700" activeThreads="4">
  <mem-info id="93" free="5648008" total="8388608" percent="67">
    <mem type="nursery" free="1048568" total="2097152" percent="49">
      <mem type="allocate" free="1048568" total="1310720" percent="79" />
      <mem type="survivor" free="0" total="786432" percent="0" />
    </mem>
    <mem type="tenure" free="4599440" total="6291456" percent="73">
      <mem type="soa" free="4285072" total="5977088" percent="71" />
      <mem type="loa" free="314368" total="314368" percent="100" />
    </mem>
    <remembered-set count="82" />
  </mem-info>
</gc-end>
<cycle-end id="94" type="scavenge" contextid="88" timestamp="2019-06-17T06:04:04.700" />
  <attribute name="elasticGC enabled" value="1" />
  <attribute name= "numThreadsSpecified" value="4" />
  <attribute name="heapSize specified" value="0" />
  <attribute name="Current GC Util" value="8" />
  <attribute name= "Current Time Running" value="329" />
  <attribute name ="GC Interval" value="200" />
  <attribute name="ProportionalT" value="-12.000000" />
  <attribute name="ProportionalI" value="-12.000000" />
  <attribute name="ProportionalH" value="-12.000000" />
  <attribute name="Current Error" value="-12.000000" />
  <attribute name="IntegralT" value="-216.000000" />
  <attribute name="IntegralI" value="-216.000000" />
  <attribute name="IntegralH" value="-216.000000" />
  <attribute name="DerivativeT" value="-0.666667" />
  <attribute name="DerivativeI" value="-0.666667" />
  <attribute name="DerivativeH" value="-0.666667" />
  <attribute name="Loop Time for DT" value="18.000000" />
  <attribute name="Output H" value="2092630016"/>
  <attribute name="Output I" value="200"/>
  <attribute name="Output T" value="4"/>
  <attribute name="Target GC Util Change" value ="20.000000" />
  <attribute name="Current GC Util Change" value="8.000000"/>
  <attribute name="GC Util currently" value="8" />
  <attribute name="CPU Util currently" value="258723335468" />
<allocation-satisfied id="95" threadId="0000000002324700" bytesRequested="16" />
<af-end id="96" timestamp="2019-06-17T06:04:04.700" threadId="0000000002325088" success="true" from="nursery"/>
<exclusive-end id="97" timestamp="2019-06-17T06:04:04.700" durationms="0.944" />

<exclusive-start id="98" timestamp="2019-06-17T06:04:04.703" intervalms="4.253">
  <response-info timems="0.026" idlems="0.026" threads="0" lastid="0000000002324700" lastname="main" />
</exclusive-start>
<sys-start reason="explicit" id="99" timestamp="2019-06-17T06:04:04.703" intervalms="454.242" />
<cycle-start id="100" type="global" contextid="0" timestamp="2019-06-17T06:04:04.704" intervalms="454.458" />
<gc-start id="101" type="global" contextid="100" timestamp="2019-06-17T06:04:04.704">
  <mem-info id="102" free="4841088" total="8388608" percent="57">
    <mem type="nursery" free="241648" total="2097152" percent="11">
      <mem type="allocate" free="241648" total="1310720" percent="18" />
      <mem type="survivor" free="0" total="786432" percent="0" />
    </mem>
    <mem type="tenure" free="4599440" total="6291456" percent="73">
      <mem type="soa" free="4285072" total="5977088" percent="71" />
      <mem type="loa" free="314368" total="314368" percent="100" />
    </mem>
    <remembered-set count="86" />
  </mem-info>
</gc-start>
<allocation-stats totalBytes="806920" >
  <allocated-bytes non-tlh="262168" tlh="544752" />
  <largest-consumer threadName="main" threadId="0000000002324700" bytes="806920" />
</allocation-stats>
<gc-op id="103" type="mark" timems="1.662" contextid="100" timestamp="2019-06-17T06:04:04.705">
  <trace-info objectcount="29279" scancount="23449" scanbytes="763476" />
  <finalization candidates="124" enqueued="0" />
  <ownableSynchronizers candidates="3" cleared="0" />
  <references type="soft" candidates="131" cleared="0" enqueued="0" dynamicThreshold="32" maxThreshold="32" />
  <references type="weak" candidates="735" cleared="56" enqueued="29" />
  <references type="phantom" candidates="38" cleared="1" enqueued="1" />
  <stringconstants candidates="3958" cleared="0"  />
</gc-op>
<gc-op id="104" type="classunload" timems="0.040" contextid="100" timestamp="2019-06-17T06:04:04.706">
  <classunload-info classloadercandidates="7" classloadersunloaded="0" classesunloaded="0" anonymousclassesunloaded="0" quiescems="0.000" setupms="0.039" scanms="0.001" postms="0.000" />
</gc-op>
<gc-op id="105" type="sweep" timems="0.375" contextid="100" timestamp="2019-06-17T06:04:04.706" />
<mem-info id="106" free="5756872" total="8388608" percent="68">
  <mem type="nursery" free="786112" total="2097152" percent="37">
    <mem type="allocate" free="786112" total="1310720" percent="59" />
    <mem type="survivor" free="0" total="786432" percent="0" />
  </mem>
  <mem type="tenure" free="4970760" total="6291456" percent="79" micro-fragmented="12122" macro-fragmented="0">
    <mem type="soa" free="4656392" total="5977088" percent="77" />
    <mem type="loa" free="314368" total="314368" percent="100" />
  </mem>
  <pending-finalizers system="0" default="0" reference="30" classloader="0" />
  <remembered-set count="83" />
</mem-info>
<gc-op id="107" type="compact" timems="6.083" contextid="100" timestamp="2019-06-17T06:04:04.712">
  <compact-info movecount="24855" movebytes="1649368" reason="compact to aid heap contraction" />
</gc-op>
<gc-end id="108" type="global" contextid="100" durationms="8.942" usertimems="8.000" systemtimems="0.000" timestamp="2019-06-17T06:04:04.713" activeThreads="4">
  <mem-info id="109" free="5768912" total="8388608" percent="68">
    <mem type="nursery" free="786192" total="2097152" percent="37">
      <mem type="allocate" free="786192" total="1310720" percent="59" />
      <mem type="survivor" free="0" total="786432" percent="0" />
    </mem>
    <mem type="tenure" free="4982720" total="6291456" percent="79">
      <mem type="soa" free="4668352" total="5977088" percent="78" />
      <mem type="loa" free="314368" total="314368" percent="100" />
    </mem>
    <pending-finalizers system="0" default="0" reference="30" classloader="0" />
    <remembered-set count="83" />
  </mem-info>
</gc-end>
<cycle-end id="110" type="global" contextid="100" timestamp="2019-06-17T06:04:04.713" />
  <attribute name="elasticGC enabled" value="1" />
  <attribute name= "numThreadsSpecified" value="4" />
  <attribute name="heapSize specified" value="8388608" />
  <attribute name="Current GC Util" value="28" />
  <attribute name= "Current Time Running" value="342" />
  <attribute name ="GC Interval" value="200" />
  <attribute name="ProportionalT" value="8.000000" />
  <attribute name="ProportionalI" value="8.000000" />
  <attribute name="ProportionalH" value="8.000000" />
  <attribute name="Current Error" value="8.000000" />
  <attribute name="IntegralT" value="48.000000" />
  <attribute name="IntegralI" value="48.000000" />
  <attribute name="IntegralH" value="48.000000" />
  <attribute name="DerivativeT" value="1.333333" />
  <attribute name="DerivativeI" value="1.333333" />
  <attribute name="DerivativeH" value="1.333333" />
  <attribute name="Loop Time for DT" value="6.000000" />
  <attribute name="Output H" value="8388608"/>
  <attribute name="Output I" value="200"/>
  <attribute name="Output T" value="4"/>
  <attribute name="Target GC Util Change" value ="20.000000" />
  <attribute name="Current GC Util Change" value="28.000000"/>
  <attribute name="GC Util currently" value="28" />
  <attribute name="CPU Util currently" value="750754267649" />
<sys-end id="111" timestamp="2019-06-17T06:04:04.713" />
<exclusive-end id="112" timestamp="2019-06-17T06:04:04.713" durationms="9.429" />

<exclusive-start id="113" timestamp="2019-06-17T06:04:04.730" intervalms="26.393">
  <response-info timems="0.056" idlems="0.056" threads="0" lastid="0000000002324700" lastname="main" />
</exclusive-start>
<af-start id="114" threadId="0000000002325088" totalBytesRequested="72" timestamp="2019-06-17T06:04:04.730" intervalms="30.666" type="nursery" />
<cycle-start id="115" type="scavenge" contextid="0" timestamp="2019-06-17T06:04:04.730" intervalms="30.661" />
<gc-start id="116" type="scavenge" contextid="115" timestamp="2019-06-17T06:04:04.730">
  <mem-info id="117" free="4980584" total="8388608" percent="59">
    <mem type="nursery" free="0" total="2097152" percent="0">
      <mem type="allocate" free="0" total="1310720" percent="0" />
      <mem type="survivor" free="0" total="786432" percent="0" />
    </mem>
    <mem type="tenure" free="4980584" total="6291456" percent="79">
      <mem type="soa" free="4666216" total="5977088" percent="78" />
      <mem type="loa" free="314368" total="314368" percent="100" />
    </mem>
    <remembered-set count="164" />
  </mem-info>
</gc-start>
<allocation-stats totalBytes="787760" >
  <allocated-bytes non-tlh="167224" tlh="620536" />
  <largest-consumer threadName="main" threadId="0000000002324700" bytes="783664" />
</allocation-stats>
<gc-op id="118" type="scavenge" timems="0.472" contextid="115" timestamp="2019-06-17T06:04:04.731">
  <scavenger-info tenureage="1" tenuremask="7ffe" tiltratio="62" />
  <memory-copied type="nursery" objects="5091" bytes="586928" bytesdiscarded="87184" />
  <memory-copied type="tenure" objects="1" bytes="262152" bytesdiscarded="0" />
  <ownableSynchronizers candidates="6" cleared="6" />
  <references type="soft" candidates="3" cleared="0" enqueued="0" dynamicThreshold="25" maxThreshold="32" />
  <references type="weak" candidates="20" cleared="11" enqueued="9" />
  <references type="phantom" candidates="2" cleared="0" enqueued="0" />
</gc-op>
<gc-end id="119" type="scavenge" contextid="115" durationms="0.651" usertimems="0.000" systemtimems="0.000" timestamp="2019-06-17T06:04:04.731" activeThreads="4">
  <mem-info id="120" free="5158392" total="8388608" percent="61">
    <mem type="nursery" free="439960" total="2097152" percent="20">
      <mem type="allocate" free="439960" total="1114112" percent="39" />
      <mem type="survivor" free="0" total="983040" percent="0" />
    </mem>
    <mem type="tenure" free="4718432" total="6291456" percent="74">
      <mem type="soa" free="4404064" total="5977088" percent="73" />
      <mem type="loa" free="314368" total="314368" percent="100" />
    </mem>
    <pending-finalizers system="0" default="0" reference="9" classloader="0" />
    <remembered-set count="142" />
  </mem-info>
</gc-end>
<cycle-end id="121" type="scavenge" contextid="115" timestamp="2019-06-17T06:04:04.731" />
  <attribute name="elasticGC enabled" value="1" />
  <attribute name= "numThreadsSpecified" value="4" />
  <attribute name="heapSize specified" value="8388608" />
  <attribute name="Current GC Util" value="44" />
  <attribute name= "Current Time Running" value="360" />
  <attribute name ="GC Interval" value="456" />
  <attribute name="ProportionalT" value="24.000000" />
  <attribute name="ProportionalI" value="24.000000" />
  <attribute name="ProportionalH" value="24.000000" />
  <attribute name="Current Error" value="24.000000" />
  <attribute name="IntegralT" value="432.000000" />
  <attribute name="IntegralI" value="432.000000" />
  <attribute name="IntegralH" value="432.000000" />
  <attribute name="DerivativeT" value="0.888889" />
  <attribute name="DerivativeI" value="0.888889" />
  <attribute name="DerivativeH" value="0.888889" />
  <attribute name="Loop Time for DT" value="18.000000" />
  <attribute name="Output H" value="8388608"/>
  <attribute name="Output I" value="456"/>
  <attribute name="Output T" value="4"/>
  <attribute name="Target GC Util Change" value ="20.000000" />
  <attribute name="Current GC Util Change" value="44.000000"/>
  <attribute name="GC Util currently" value="44" />
  <attribute name="CPU Util currently" value="260963801658" />
<allocation-satisfied id="122" threadId="0000000002324700" bytesRequested="72" />
<af-end id="123" timestamp="2019-06-17T06:04:04.731" threadId="0000000002325088" success="true" from="nursery"/>
<exclusive-end id="124" timestamp="2019-06-17T06:04:04.731" durationms="1.063" />

<exclusive-start id="125" timestamp="2019-06-17T06:04:04.756" intervalms="26.716">
  <response-info timems="0.068" idlems="0.068" threads="0" lastid="0000000002324700" lastname="main" />
</exclusive-start>
<af-start id="126" threadId="0000000002325088" totalBytesRequested="128" timestamp="2019-06-17T06:04:04.757" intervalms="26.716" type="nursery" />
<cycle-start id="127" type="scavenge" contextid="0" timestamp="2019-06-17T06:04:04.757" intervalms="26.720" />
<gc-start id="128" type="scavenge" contextid="127" timestamp="2019-06-17T06:04:04.757">
  <mem-info id="129" free="4702336" total="8388608" percent="56">
    <mem type="nursery" free="0" total="2097152" percent="0">
      <mem type="allocate" free="0" total="1114112" percent="0" />
      <mem type="survivor" free="0" total="983040" percent="0" />
    </mem>
    <mem type="tenure" free="4702336" total="6291456" percent="74">
      <mem type="soa" free="4387968" total="5977088" percent="73" />
      <mem type="loa" free="314368" total="314368" percent="100" />
    </mem>
    <remembered-set count="395" />
  </mem-info>
</gc-start>
<allocation-stats totalBytes="455416" >
  <allocated-bytes non-tlh="16168" tlh="439248" />
  <largest-consumer threadName="main" threadId="0000000002324700" bytes="451320" />
</allocation-stats>
<gc-op id="130" type="scavenge" timems="0.754" contextid="127" timestamp="2019-06-17T06:04:04.758">
  <scavenger-info tenureage="1" tenuremask="7ffe" tiltratio="53" />
  <memory-copied type="nursery" objects="5795" bytes="235456" bytesdiscarded="30240" />
  <memory-copied type="tenure" objects="5059" bytes="584936" bytesdiscarded="112" />
  <references type="soft" candidates="9" cleared="0" enqueued="0" dynamicThreshold="25" maxThreshold="32" />
  <references type="weak" candidates="4" cleared="0" enqueued="0" />
</gc-op>
<gc-end id="131" type="scavenge" contextid="127" durationms="0.955" usertimems="4.000" systemtimems="0.000" timestamp="2019-06-17T06:04:04.758" activeThreads="4">
  <mem-info id="132" free="4901864" total="8388608" percent="58">
    <mem type="nursery" free="913920" total="2097152" percent="43">
      <mem type="allocate" free="913920" total="1179648" percent="77" />
      <mem type="survivor" free="0" total="917504" percent="0" />
    </mem>
    <mem type="tenure" free="3987944" total="6291456" percent="63">
      <mem type="soa" free="3673576" total="5977088" percent="61" />
      <mem type="loa" free="314368" total="314368" percent="100" />
    </mem>
    <remembered-set count="384" />
  </mem-info>
</gc-end>
<cycle-end id="133" type="scavenge" contextid="127" timestamp="2019-06-17T06:04:04.758" />
  <attribute name="elasticGC enabled" value="1" />
  <attribute name= "numThreadsSpecified" value="4" />
  <attribute name="heapSize specified" value="8388608" />
  <attribute name="Current GC Util" value="3" />
  <attribute name= "Current Time Running" value="386" />
  <attribute name ="GC Interval" value="200" />
  <attribute name="ProportionalT" value="-17.000000" />
  <attribute name="ProportionalI" value="-17.000000" />
  <attribute name="ProportionalH" value="-17.000000" />
  <attribute name="Current Error" value="-17.000000" />
  <attribute name="IntegralT" value="-442.000000" />
  <attribute name="IntegralI" value="-442.000000" />
  <attribute name="IntegralH" value="-442.000000" />
  <attribute name="DerivativeT" value="-1.576923" />
  <attribute name="DerivativeI" value="-1.576923" />
  <attribute name="DerivativeH" value="-1.576923" />
  <attribute name="Loop Time for DT" value="26.000000" />
  <attribute name="Output H" value="2092630016"/>
  <attribute name="Output I" value="200"/>
  <attribute name="Output T" value="4"/>
  <attribute name="Target GC Util Change" value ="20.000000" />
  <attribute name="Current GC Util Change" value="3.000000"/>
  <attribute name="GC Util currently" value="3" />
  <attribute name="CPU Util currently" value="172366376523" />
<allocation-satisfied id="134" threadId="0000000002324700" bytesRequested="128" />
<af-end id="135" timestamp="2019-06-17T06:04:04.758" threadId="0000000002325088" success="true" from="nursery"/>
<exclusive-end id="136" timestamp="2019-06-17T06:04:04.758" durationms="1.382" />

<exclusive-start id="137" timestamp="2019-06-17T06:04:04.825" intervalms="68.082">
  <response-info timems="0.029" idlems="0.029" threads="0" lastid="0000000002324700" lastname="main" />
</exclusive-start>
<af-start id="138" threadId="0000000002325088" totalBytesRequested="8800" timestamp="2019-06-17T06:04:04.825" intervalms="68.083" type="nursery" />
<cycle-start id="139" type="scavenge" contextid="0" timestamp="2019-06-17T06:04:04.825" intervalms="68.084" />
<gc-start id="140" type="scavenge" contextid="139" timestamp="2019-06-17T06:04:04.825">
  <mem-info id="141" free="3964800" total="8388608" percent="47">
    <mem type="nursery" free="0" total="2097152" percent="0">
      <mem type="allocate" free="0" total="1179648" percent="0" />
      <mem type="survivor" free="0" total="917504" percent="0" />
    </mem>
    <mem type="tenure" free="3964800" total="6291456" percent="63">
      <mem type="soa" free="3650432" total="5977088" percent="61" />
      <mem type="loa" free="314368" total="314368" percent="100" />
    </mem>
    <remembered-set count="694" />
  </mem-info>
</gc-start>
<allocation-stats totalBytes="922664" >
  <allocated-bytes non-tlh="207592" tlh="715072" />
  <largest-consumer threadName="main" threadId="0000000002324700" bytes="922664" />
</allocation-stats>
<gc-op id="142" type="scavenge" timems="0.584" contextid="139" timestamp="2019-06-17T06:04:04.825">
  <scavenger-info tenureage="1" tenuremask="7ffe" tiltratio="56" />
  <memory-copied type="nursery" objects="1866" bytes="133376" bytesdiscarded="56904" />
  <memory-copied type="tenure" objects="3237" bytes="143288" bytesdiscarded="64" />
  <references type="soft" candidates="1" cleared="0" enqueued="0" dynamicThreshold="25" maxThreshold="32" />
  <references type="weak" candidates="13" cleared="10" enqueued="10" />
  <references type="phantom" candidates="1" cleared="0" enqueued="0" />
</gc-op>
<gc-end id="143" type="scavenge" contextid="139" durationms="0.777" usertimems="0.000" systemtimems="0.000" timestamp="2019-06-17T06:04:04.826" activeThreads="4">
  <mem-info id="144" free="4928488" total="8388608" percent="58">
    <mem type="nursery" free="1120360" total="2097152" percent="53">
      <mem type="allocate" free="1120360" total="1310720" percent="85" />
      <mem type="survivor" free="0" total="786432" percent="0" />
    </mem>
    <mem type="tenure" free="3808128" total="6291456" percent="60">
      <mem type="soa" free="3493760" total="5977088" percent="58" />
      <mem type="loa" free="314368" total="314368" percent="100" />
    </mem>
    <pending-finalizers system="0" default="0" reference="10" classloader="0" />
    <remembered-set count="648" />
  </mem-info>
</gc-end>
<cycle-end id="145" type="scavenge" contextid="139" timestamp="2019-06-17T06:04:04.826" />
  <attribute name="elasticGC enabled" value="1" />
  <attribute name= "numThreadsSpecified" value="4" />
  <attribute name="heapSize specified" value="8388608" />
  <attribute name="Current GC Util" value="2" />
  <attribute name= "Current Time Running" value="455" />
  <attribute name ="GC Interval" value="200" />
  <attribute name="ProportionalT" value="-18.000000" />
  <attribute name="ProportionalI" value="-18.000000" />
  <attribute name="ProportionalH" value="-18.000000" />
  <attribute name="Current Error" value="-18.000000" />
  <attribute name="IntegralT" value="-1242.000000" />
  <attribute name="IntegralI" value="-1242.000000" />
  <attribute name="IntegralH" value="-1242.000000" />
  <attribute name="DerivativeT" value="-0.260870" />
  <attribute name="DerivativeI" value="-0.260870" />
  <attribute name="DerivativeH" value="-0.260870" />
  <attribute name="Loop Time for DT" value="69.000000" />
  <attribute name="Output H" value="2092630016"/>
  <attribute name="Output I" value="200"/>
  <attribute name="Output T" value="4"/>
  <attribute name="Target GC Util Change" value ="20.000000" />
  <attribute name="Current GC Util Change" value="2.000000"/>
  <attribute name="GC Util currently" value="2" />
  <attribute name="CPU Util currently" value="19" />
<allocation-satisfied id="146" threadId="0000000002324700" bytesRequested="8800" />
<af-end id="147" timestamp="2019-06-17T06:04:04.826" threadId="0000000002325088" success="true" from="nursery"/>
<exclusive-end id="148" timestamp="2019-06-17T06:04:04.826" durationms="1.202" />

<exclusive-start id="149" timestamp="2019-06-17T06:04:04.847" intervalms="22.390">
  <response-info timems="0.037" idlems="0.037" threads="0" lastid="0000000002681100" lastname="Thread-6" />
</exclusive-start>
<af-start id="150" threadId="0000000002681A88" totalBytesRequested="54280" timestamp="2019-06-17T06:04:04.847" intervalms="22.421" type="nursery" />
<cycle-start id="151" type="scavenge" contextid="0" timestamp="2019-06-17T06:04:04.847" intervalms="22.453" />
<gc-start id="152" type="scavenge" contextid="151" timestamp="2019-06-17T06:04:04.847">
  <mem-info id="153" free="3832664" total="8388608" percent="45">
    <mem type="nursery" free="43504" total="2097152" percent="2">
      <mem type="allocate" free="43504" total="1310720" percent="3" />
      <mem type="survivor" free="0" total="786432" percent="0" />
    </mem>
    <mem type="tenure" free="3789160" total="6291456" percent="60">
      <mem type="soa" free="3474792" total="5977088" percent="58" />
      <mem type="loa" free="314368" total="314368" percent="100" />
    </mem>
    <remembered-set count="925" />
  </mem-info>
</gc-start>
<allocation-stats totalBytes="1091744" >
  <allocated-bytes non-tlh="190608" tlh="901136" />
  <largest-consumer threadName="main" threadId="0000000002324700" bytes="865144" />
</allocation-stats>
<gc-op id="154" type="scavenge" timems="0.507" contextid="151" timestamp="2019-06-17T06:04:04.848">
  <scavenger-info tenureage="1" tenuremask="7ffe" tiltratio="62" />
  <memory-copied type="nursery" objects="1711" bytes="235784" bytesdiscarded="44488" />
  <memory-copied type="tenure" objects="1798" bytes="114616" bytesdiscarded="24" />
  <references type="soft" candidates="4" cleared="0" enqueued="0" dynamicThreshold="25" maxThreshold="32" />
  <references type="weak" candidates="12" cleared="10" enqueued="10" />
</gc-op>
<gc-end id="155" type="scavenge" contextid="151" durationms="0.721" usertimems="0.000" systemtimems="0.000" timestamp="2019-06-17T06:04:04.848" activeThreads="4">
  <mem-info id="156" free="4741056" total="8388608" percent="56">
    <mem type="nursery" free="1095912" total="2097152" percent="52">
      <mem type="allocate" free="1095912" total="1376256" percent="79" />
      <mem type="survivor" free="0" total="720896" percent="0" />
    </mem>
    <mem type="tenure" free="3645144" total="6291456" percent="57">
      <mem type="soa" free="3330776" total="5977088" percent="55" />
      <mem type="loa" free="314368" total="314368" percent="100" />
    </mem>
    <pending-finalizers system="0" default="0" reference="10" classloader="0" />
    <remembered-set count="631" />
  </mem-info>
</gc-end>
<cycle-end id="157" type="scavenge" contextid="151" timestamp="2019-06-17T06:04:04.848" />
  <attribute name="elasticGC enabled" value="1" />
  <attribute name= "numThreadsSpecified" value="4" />
  <attribute name="heapSize specified" value="8388608" />
  <attribute name="Current GC Util" value="4" />
  <attribute name= "Current Time Running" value="477" />
  <attribute name ="GC Interval" value="200" />
  <attribute name="ProportionalT" value="-16.000000" />
  <attribute name="ProportionalI" value="-16.000000" />
  <attribute name="ProportionalH" value="-16.000000" />
  <attribute name="Current Error" value="-16.000000" />
  <attribute name="IntegralT" value="-352.000000" />
  <attribute name="IntegralI" value="-352.000000" />
  <attribute name="IntegralH" value="-352.000000" />
  <attribute name="DerivativeT" value="-0.727273" />
  <attribute name="DerivativeI" value="-0.727273" />
  <attribute name="DerivativeH" value="-0.727273" />
  <attribute name="Loop Time for DT" value="22.000000" />
  <attribute name="Output H" value="2092630016"/>
  <attribute name="Output I" value="200"/>
  <attribute name="Output T" value="4"/>
  <attribute name="Target GC Util Change" value ="20.000000" />
  <attribute name="Current GC Util Change" value="4.000000"/>
  <attribute name="GC Util currently" value="4" />
  <attribute name="CPU Util currently" value="205255851915" />
<allocation-satisfied id="158" threadId="0000000002681100" bytesRequested="54280" />
<af-end id="159" timestamp="2019-06-17T06:04:04.848" threadId="0000000002681A88" success="true" from="nursery"/>
<exclusive-end id="160" timestamp="2019-06-17T06:04:04.848" durationms="1.257" />

<exclusive-start id="161" timestamp="2019-06-17T06:04:04.860" intervalms="12.985">
  <response-info timems="0.054" idlems="0.054" threads="0" lastid="0000000002675D00" lastname="Thread-3" />
</exclusive-start>
<af-start id="162" threadId="0000000002676688" totalBytesRequested="2856" timestamp="2019-06-17T06:04:04.860" intervalms="12.992" type="nursery" />
<cycle-start id="163" type="scavenge" contextid="0" timestamp="2019-06-17T06:04:04.860" intervalms="13.010" />
<gc-start id="164" type="scavenge" contextid="163" timestamp="2019-06-17T06:04:04.860">
  <mem-info id="165" free="3645040" total="8388608" percent="43">
    <mem type="nursery" free="0" total="2097152" percent="0">
      <mem type="allocate" free="0" total="1376256" percent="0" />
      <mem type="survivor" free="0" total="720896" percent="0" />
    </mem>
    <mem type="tenure" free="3645040" total="6291456" percent="57">
      <mem type="soa" free="3330672" total="5977088" percent="55" />
      <mem type="loa" free="314368" total="314368" percent="100" />
    </mem>
    <remembered-set count="632" />
  </mem-info>
</gc-start>
<allocation-stats totalBytes="1078072" >
  <allocated-bytes non-tlh="54384" tlh="1023688" />
  <largest-consumer threadName="Thread-3" threadId="0000000002675D00" bytes="1023792" />
</allocation-stats>
<gc-op id="166" type="scavenge" timems="2.213" contextid="163" timestamp="2019-06-17T06:04:04.863">
  <scavenger-info tenureage="1" tenuremask="7ffe" tiltratio="65" />
  <memory-copied type="nursery" objects="575" bytes="719424" bytesdiscarded="1192" />
  <memory-copied type="tenure" objects="1809" bytes="590016" bytesdiscarded="768" />
  <copy-failed type="nursery" objects="138" bytes="355488" />
</gc-op>
<heap-resize id="167" type="expand" space="nursery" amount="131072" count="1" timems="0.207" reason="excessive time being spent scavenging" timestamp="2019-06-17T06:04:04.863" />
<gc-end id="168" type="scavenge" contextid="163" durationms="3.016" usertimems="4.000" systemtimems="0.000" timestamp="2019-06-17T06:04:04.863" activeThreads="4">
  <mem-info id="169" free="3471056" total="8519680" percent="40">
    <mem type="nursery" free="393216" total="2228224" percent="17">
      <mem type="allocate" free="393216" total="1114112" percent="35" />
      <mem type="survivor" free="0" total="1114112" percent="0" />
    </mem>
    <mem type="tenure" free="3077840" total="6291456" percent="48">
      <mem type="soa" free="2763472" total="5977088" percent="46" />
      <mem type="loa" free="314368" total="314368" percent="100" />
    </mem>
    <remembered-set count="358" />
  </mem-info>
</gc-end>
<cycle-end id="170" type="scavenge" contextid="163" timestamp="2019-06-17T06:04:04.863" />
  <attribute name="elasticGC enabled" value="1" />
  <attribute name= "numThreadsSpecified" value="4" />
  <attribute name="heapSize specified" value="8388608" />
  <attribute name="Current GC Util" value="7" />
  <attribute name= "Current Time Running" value="490" />
  <attribute name ="GC Interval" value="200" />
  <attribute name="ProportionalT" value="-13.000000" />
  <attribute name="ProportionalI" value="-13.000000" />
  <attribute name="ProportionalH" value="-13.000000" />
  <attribute name="Current Error" value="-13.000000" />
  <attribute name="IntegralT" value="-169.000000" />
  <attribute name="IntegralI" value="-169.000000" />
  <attribute name="IntegralH" value="-169.000000" />
  <attribute name="DerivativeT" value="-1.000000" />
  <attribute name="DerivativeI" value="-1.000000" />
  <attribute name="DerivativeH" value="-1.000000" />
  <attribute name="Loop Time for DT" value="13.000000" />
  <attribute name="Output H" value="2092630016"/>
  <attribute name="Output I" value="200"/>
  <attribute name="Output T" value="4"/>
  <attribute name="Target GC Util Change" value ="20.000000" />
  <attribute name="Current GC Util Change" value="7.000000"/>
  <attribute name="GC Util currently" value="7" />
  <attribute name="CPU Util currently" value="351503861183" />
<allocation-satisfied id="171" threadId="0000000002675D00" bytesRequested="2856" />
<af-end id="172" timestamp="2019-06-17T06:04:04.864" threadId="0000000002676688" success="true" from="nursery"/>
<exclusive-end id="173" timestamp="2019-06-17T06:04:04.864" durationms="3.797" />

<exclusive-start id="174" timestamp="2019-06-17T06:04:04.865" intervalms="5.359">
  <response-info timems="0.025" idlems="0.025" threads="0" lastid="000000000267D500" lastname="Thread-5" />
</exclusive-start>
<af-start id="175" threadId="000000000267DE88" totalBytesRequested="49160" timestamp="2019-06-17T06:04:04.865" intervalms="5.311" type="nursery" />
<cycle-start id="176" type="scavenge" contextid="0" timestamp="2019-06-17T06:04:04.865" intervalms="5.259" />
<gc-start id="177" type="scavenge" contextid="176" timestamp="2019-06-17T06:04:04.865">
  <mem-info id="178" free="3109144" total="8519680" percent="36">
    <mem type="nursery" free="31720" total="2228224" percent="1">
      <mem type="allocate" free="31720" total="1114112" percent="2" />
      <mem type="survivor" free="0" total="1114112" percent="0" />
    </mem>
    <mem type="tenure" free="3077424" total="6291456" percent="48">
      <mem type="soa" free="2763056" total="5977088" percent="46" />
      <mem type="loa" free="314368" total="314368" percent="100" />
    </mem>
    <remembered-set count="370" />
  </mem-info>
</gc-start>
<allocation-stats totalBytes="356744" >
  <allocated-bytes non-tlh="86240" tlh="270504" />
  <largest-consumer threadName="Thread-3" threadId="0000000002675D00" bytes="261416" />
</allocation-stats>
<gc-op id="179" type="scavenge" timems="0.221" contextid="176" timestamp="2019-06-17T06:04:04.866">
  <scavenger-info tenureage="1" tenuremask="7ffe" tiltratio="50" />
  <memory-copied type="nursery" objects="155" bytes="252440" bytesdiscarded="7368" />
  <memory-copied type="tenure" objects="3" bytes="55320" bytesdiscarded="0" />
</gc-op>
<gc-end id="180" type="scavenge" contextid="176" durationms="0.408" usertimems="0.000" systemtimems="0.000" timestamp="2019-06-17T06:04:04.866" activeThreads="4">
  <mem-info id="181" free="3838280" total="8519680" percent="45">
    <mem type="nursery" free="854304" total="2228224" percent="38">
      <mem type="allocate" free="854304" total="1114112" percent="76" />
      <mem type="survivor" free="0" total="1114112" percent="0" />
    </mem>
    <mem type="tenure" free="2983976" total="6291456" percent="47">
      <mem type="soa" free="2669608" total="5977088" percent="44" />
      <mem type="loa" free="314368" total="314368" percent="100" />
    </mem>
    <remembered-set count="98" />
  </mem-info>
</gc-end>
<cycle-end id="182" type="scavenge" contextid="176" timestamp="2019-06-17T06:04:04.866" />
  <attribute name="elasticGC enabled" value="1" />
  <attribute name= "numThreadsSpecified" value="4" />
  <attribute name="heapSize specified" value="8388608" />
  <attribute name="Current GC Util" value="48" />
  <attribute name= "Current Time Running" value="495" />
  <attribute name ="GC Interval" value="200" />
  <attribute name="ProportionalT" value="28.000000" />
  <attribute name="ProportionalI" value="28.000000" />
  <attribute name="ProportionalH" value="28.000000" />
  <attribute name="Current Error" value="28.000000" />
  <attribute name="IntegralT" value="140.000000" />
  <attribute name="IntegralI" value="140.000000" />
  <attribute name="IntegralH" value="140.000000" />
  <attribute name="DerivativeT" value="5.600000" />
  <attribute name="DerivativeI" value="5.600000" />
  <attribute name="DerivativeH" value="5.600000" />
  <attribute name="Loop Time for DT" value="5.000000" />
  <attribute name="Output H" value="8388608"/>
  <attribute name="Output I" value="200"/>
  <attribute name="Output T" value="4"/>
  <attribute name="Target GC Util Change" value ="20.000000" />
  <attribute name="Current GC Util Change" value="48.000000"/>
  <attribute name="GC Util currently" value="48" />
  <attribute name="CPU Util currently" value="899329828303" />
<allocation-satisfied id="183" threadId="000000000267D500" bytesRequested="49160" />
<af-end id="184" timestamp="2019-06-17T06:04:04.866" threadId="000000000267DE88" success="true" from="nursery"/>
<exclusive-end id="185" timestamp="2019-06-17T06:04:04.866" durationms="0.849" />

<exclusive-start id="186" timestamp="2019-06-17T06:04:04.891" intervalms="25.383">
  <response-info timems="0.068" idlems="0.068" threads="0" lastid="000000000267D500" lastname="Thread-5" />
</exclusive-start>
<af-start id="187" threadId="000000000267DE88" totalBytesRequested="48" timestamp="2019-06-17T06:04:04.891" intervalms="25.436" type="nursery" />
<cycle-start id="188" type="scavenge" contextid="0" timestamp="2019-06-17T06:04:04.891" intervalms="25.486" />
<gc-start id="189" type="scavenge" contextid="188" timestamp="2019-06-17T06:04:04.891">
  <mem-info id="190" free="2982200" total="8519680" percent="35">
    <mem type="nursery" free="0" total="2228224" percent="0">
      <mem type="allocate" free="0" total="1114112" percent="0" />
      <mem type="survivor" free="0" total="1114112" percent="0" />
    </mem>
    <mem type="tenure" free="2982200" total="6291456" percent="47">
      <mem type="soa" free="2667832" total="5977088" percent="44" />
      <mem type="loa" free="314368" total="314368" percent="100" />
    </mem>
    <remembered-set count="130" />
  </mem-info>
</gc-start>
<allocation-stats totalBytes="853200" >
  <allocated-bytes non-tlh="50936" tlh="802264" />
  <largest-consumer threadName="Thread-5" threadId="000000000267D500" bytes="723080" />
</allocation-stats>
<gc-op id="191" type="scavenge" timems="0.408" contextid="188" timestamp="2019-06-17T06:04:04.892">
  <scavenger-info tenureage="1" tenuremask="7ffe" tiltratio="50" />
  <memory-copied type="nursery" objects="3633" bytes="239272" bytesdiscarded="93272" />
  <memory-copied type="tenure" objects="140" bytes="251736" bytesdiscarded="528" />
</gc-op>
<gc-end id="192" type="scavenge" contextid="188" durationms="0.744" usertimems="0.000" systemtimems="0.000" timestamp="2019-06-17T06:04:04.892" activeThreads="4">
  <mem-info id="193" free="3370216" total="8519680" percent="39">
    <mem type="nursery" free="781568" total="2228224" percent="35">
      <mem type="allocate" free="781568" total="1114112" percent="70" />
      <mem type="survivor" free="0" total="1114112" percent="0" />
    </mem>
    <mem type="tenure" free="2588648" total="6291456" percent="41">
      <mem type="soa" free="2274280" total="5977088" percent="38" />
      <mem type="loa" free="314368" total="314368" percent="100" />
    </mem>
    <remembered-set count="129" />
  </mem-info>
</gc-end>
<cycle-end id="194" type="scavenge" contextid="188" timestamp="2019-06-17T06:04:04.892" />
  <attribute name="elasticGC enabled" value="1" />
  <attribute name= "numThreadsSpecified" value="4" />
  <attribute name="heapSize specified" value="8388608" />
  <attribute name="Current GC Util" value="2" />
  <attribute name= "Current Time Running" value="521" />
  <attribute name ="GC Interval" value="200" />
  <attribute name="ProportionalT" value="-18.000000" />
  <attribute name="ProportionalI" value="-18.000000" />
  <attribute name="ProportionalH" value="-18.000000" />
  <attribute name="Current Error" value="-18.000000" />
  <attribute name="IntegralT" value="-468.000000" />
  <attribute name="IntegralI" value="-468.000000" />
  <attribute name="IntegralH" value="-468.000000" />
  <attribute name="DerivativeT" value="-1.769231" />
  <attribute name="DerivativeI" value="-1.769231" />
  <attribute name="DerivativeH" value="-1.769231" />
  <attribute name="Loop Time for DT" value="26.000000" />
  <attribute name="Output H" value="2092630016"/>
  <attribute name="Output I" value="200"/>
  <attribute name="Output T" value="4"/>
  <attribute name="Target GC Util Change" value ="20.000000" />
  <attribute name="Current GC Util Change" value="2.000000"/>
  <attribute name="GC Util currently" value="2" />
  <attribute name="CPU Util currently" value="179900592242" />
<allocation-satisfied id="195" threadId="000000000267D500" bytesRequested="48" />
<af-end id="196" timestamp="2019-06-17T06:04:04.892" threadId="000000000267DE88" success="true" from="nursery"/>
<exclusive-end id="197" timestamp="2019-06-17T06:04:04.892" durationms="1.428" />

<exclusive-start id="198" timestamp="2019-06-17T06:04:04.935" intervalms="44.731">
  <response-info timems="0.054" idlems="0.054" threads="0" lastid="000000000267D500" lastname="Thread-5" />
</exclusive-start>
<af-start id="199" threadId="000000000267DE88" totalBytesRequested="19256" timestamp="2019-06-17T06:04:04.936" intervalms="44.736" type="nursery" />
<cycle-start id="200" type="scavenge" contextid="0" timestamp="2019-06-17T06:04:04.936" intervalms="44.736" />
<gc-start id="201" type="scavenge" contextid="200" timestamp="2019-06-17T06:04:04.936">
  <mem-info id="202" free="2588416" total="8519680" percent="30">
    <mem type="nursery" free="0" total="2228224" percent="0">
      <mem type="allocate" free="0" total="1114112" percent="0" />
      <mem type="survivor" free="0" total="1114112" percent="0" />
    </mem>
    <mem type="tenure" free="2588416" total="6291456" percent="41">
      <mem type="soa" free="2274048" total="5977088" percent="38" />
      <mem type="loa" free="314368" total="314368" percent="100" />
    </mem>
    <remembered-set count="132" />
  </mem-info>
</gc-start>
<allocation-stats totalBytes="778264" >
  <allocated-bytes non-tlh="684376" tlh="93888" />
  <largest-consumer threadName="Thread-5" threadId="000000000267D500" bytes="778264" />
</allocation-stats>
<gc-op id="203" type="scavenge" timems="0.452" contextid="200" timestamp="2019-06-17T06:04:04.936">
  <scavenger-info tenureage="1" tenuremask="7ffe" tiltratio="50" />
  <memory-copied type="nursery" objects="514" bytes="221808" bytesdiscarded="13992" />
  <memory-copied type="tenure" objects="3622" bytes="239032" bytesdiscarded="40" />
</gc-op>
<gc-end id="204" type="scavenge" contextid="200" durationms="0.784" usertimems="0.000" systemtimems="0.000" timestamp="2019-06-17T06:04:04.937" activeThreads="4">
  <mem-info id="205" free="3257064" total="8519680" percent="38">
    <mem type="nursery" free="878312" total="2228224" percent="39">
      <mem type="allocate" free="878312" total="1114112" percent="78" />
      <mem type="survivor" free="0" total="1114112" percent="0" />
    </mem>
    <mem type="tenure" free="2378752" total="6291456" percent="37">
      <mem type="soa" free="2064384" total="5977088" percent="34" />
      <mem type="loa" free="314368" total="314368" percent="100" />
    </mem>
    <remembered-set count="128" />
  </mem-info>
</gc-end>
<cycle-end id="206" type="scavenge" contextid="200" timestamp="2019-06-17T06:04:04.937" />
  <attribute name="elasticGC enabled" value="1" />
  <attribute name= "numThreadsSpecified" value="4" />
  <attribute name="heapSize specified" value="8388608" />
  <attribute name="Current GC Util" value="1" />
  <attribute name= "Current Time Running" value="566" />
  <attribute name ="GC Interval" value="200" />
  <attribute name="ProportionalT" value="-19.000000" />
  <attribute name="ProportionalI" value="-19.000000" />
  <attribute name="ProportionalH" value="-19.000000" />
  <attribute name="Current Error" value="-19.000000" />
  <attribute name="IntegralT" value="-855.000000" />
  <attribute name="IntegralI" value="-855.000000" />
  <attribute name="IntegralH" value="-855.000000" />
  <attribute name="DerivativeT" value="-0.422222" />
  <attribute name="DerivativeI" value="-0.422222" />
  <attribute name="DerivativeH" value="-0.422222" />
  <attribute name="Loop Time for DT" value="45.000000" />
  <attribute name="Output H" value="2092630016"/>
  <attribute name="Output I" value="200"/>
  <attribute name="Output T" value="4"/>
  <attribute name="Target GC Util Change" value ="20.000000" />
  <attribute name="Current GC Util Change" value="1.000000"/>
  <attribute name="GC Util currently" value="1" />
  <attribute name="CPU Util currently" value="4" />
<allocation-satisfied id="207" threadId="000000000267D500" bytesRequested="19256" />
<af-end id="208" timestamp="2019-06-17T06:04:04.937" threadId="000000000267DE88" success="true" from="nursery"/>
<exclusive-end id="209" timestamp="2019-06-17T06:04:04.937" durationms="1.474" />

<exclusive-start id="210" timestamp="2019-06-17T06:04:04.968" intervalms="33.028">
  <response-info timems="0.069" idlems="0.069" threads="0" lastid="000000000267D500" lastname="Thread-5" />
</exclusive-start>
<af-start id="211" threadId="000000000267DE88" totalBytesRequested="24" timestamp="2019-06-17T06:04:04.969" intervalms="33.031" type="nursery" />
<cycle-start id="212" type="scavenge" contextid="0" timestamp="2019-06-17T06:04:04.969" intervalms="33.032" />
<gc-start id="213" type="scavenge" contextid="212" timestamp="2019-06-17T06:04:04.969">
  <mem-info id="214" free="2378752" total="8519680" percent="27">
    <mem type="nursery" free="0" total="2228224" percent="0">
      <mem type="allocate" free="0" total="1114112" percent="0" />
      <mem type="survivor" free="0" total="1114112" percent="0" />
    </mem>
    <mem type="tenure" free="2378752" total="6291456" percent="37">
      <mem type="soa" free="2064384" total="5977088" percent="34" />
      <mem type="loa" free="314368" total="314368" percent="100" />
    </mem>
    <remembered-set count="128" />
  </mem-info>
</gc-start>
<allocation-stats totalBytes="876328" >
  <allocated-bytes non-tlh="19256" tlh="857072" />
  <largest-consumer threadName="Thread-5" threadId="000000000267D500" bytes="876328" />
</allocation-stats>
<gc-op id="215" type="scavenge" timems="0.333" contextid="212" timestamp="2019-06-17T06:04:04.969">
  <scavenger-info tenureage="1" tenuremask="7ffe" tiltratio="50" />
  <memory-copied type="nursery" objects="28" bytes="43048" bytesdiscarded="26840" />
  <memory-copied type="tenure" objects="509" bytes="172504" bytesdiscarded="0" />
</gc-op>
<gc-end id="216" type="scavenge" contextid="212" durationms="0.632" usertimems="4.000" systemtimems="0.000" timestamp="2019-06-17T06:04:04.969" activeThreads="4">
  <mem-info id="217" free="3324712" total="8519680" percent="39">
    <mem type="nursery" free="1044224" total="2228224" percent="46">
      <mem type="allocate" free="1044224" total="1114112" percent="93" />
      <mem type="survivor" free="0" total="1114112" percent="0" />
    </mem>
    <mem type="tenure" free="2280488" total="6291456" percent="36">
      <mem type="soa" free="1966120" total="5977088" percent="32" />
      <mem type="loa" free="314368" total="314368" percent="100" />
    </mem>
    <remembered-set count="113" />
  </mem-info>
</gc-end>
<cycle-end id="218" type="scavenge" contextid="212" timestamp="2019-06-17T06:04:04.970" />
  <attribute name="elasticGC enabled" value="1" />
  <attribute name= "numThreadsSpecified" value="4" />
  <attribute name="heapSize specified" value="8388608" />
  <attribute name="Current GC Util" value="2" />
  <attribute name= "Current Time Running" value="599" />
  <attribute name ="GC Interval" value="200" />
  <attribute name="ProportionalT" value="-18.000000" />
  <attribute name="ProportionalI" value="-18.000000" />
  <attribute name="ProportionalH" value="-18.000000" />
  <attribute name="Current Error" value="-18.000000" />
  <attribute name="IntegralT" value="-594.000000" />
  <attribute name="IntegralI" value="-594.000000" />
  <attribute name="IntegralH" value="-594.000000" />
  <attribute name="DerivativeT" value="-0.545455" />
  <attribute name="DerivativeI" value="-0.545455" />
  <attribute name="DerivativeH" value="-0.545455" />
  <attribute name="Loop Time for DT" value="33.000000" />
  <attribute name="Output H" value="2092630016"/>
  <attribute name="Output I" value="200"/>
  <attribute name="Output T" value="4"/>
  <attribute name="Target GC Util Change" value ="20.000000" />
  <attribute name="Current GC Util Change" value="2.000000"/>
  <attribute name="GC Util currently" value="2" />
  <attribute name="CPU Util currently" value="139538394154" />
<allocation-satisfied id="219" threadId="000000000267D500" bytesRequested="24" />
<af-end id="220" timestamp="2019-06-17T06:04:04.970" threadId="000000000267DE88" success="true" from="nursery"/>
<exclusive-end id="221" timestamp="2019-06-17T06:04:04.970" durationms="1.285" />

<exclusive-start id="222" timestamp="2019-06-17T06:04:04.972" intervalms="3.793">
  <response-info timems="0.024" idlems="0.024" threads="0" lastid="000000000267D500" lastname="Thread-5" />
</exclusive-start>
<af-start id="223" threadId="000000000267DE88" totalBytesRequested="1592" timestamp="2019-06-17T06:04:04.972" intervalms="3.720" type="nursery" />
<cycle-start id="224" type="scavenge" contextid="0" timestamp="2019-06-17T06:04:04.972" intervalms="3.715" />
<gc-start id="225" type="scavenge" contextid="224" timestamp="2019-06-17T06:04:04.972">
  <mem-info id="226" free="2280488" total="8519680" percent="26">
    <mem type="nursery" free="0" total="2228224" percent="0">
      <mem type="allocate" free="0" total="1114112" percent="0" />
      <mem type="survivor" free="0" total="1114112" percent="0" />
    </mem>
    <mem type="tenure" free="2280488" total="6291456" percent="36">
      <mem type="soa" free="1966120" total="5977088" percent="32" />
      <mem type="loa" free="314368" total="314368" percent="100" />
    </mem>
    <remembered-set count="113" />
  </mem-info>
</gc-start>
<allocation-stats totalBytes="1042568" >
  <allocated-bytes non-tlh="24" tlh="1042544" />
  <largest-consumer threadName="Thread-5" threadId="000000000267D500" bytes="1042568" />
</allocation-stats>
<gc-op id="227" type="scavenge" timems="0.158" contextid="224" timestamp="2019-06-17T06:04:04.973">
  <scavenger-info tenureage="2" tenuremask="7ffc" tiltratio="50" />
  <memory-copied type="nursery" objects="38" bytes="73936" bytesdiscarded="37280" />
</gc-op>
<gc-end id="228" type="scavenge" contextid="224" durationms="0.342" usertimems="0.000" systemtimems="0.000" timestamp="2019-06-17T06:04:04.973" activeThreads="1">
  <mem-info id="229" free="3479992" total="8519680" percent="40">
    <mem type="nursery" free="1199504" total="2228224" percent="53">
      <mem type="allocate" free="1199504" total="1310720" percent="91" />
      <mem type="survivor" free="0" total="917504" percent="0" />
    </mem>
    <mem type="tenure" free="2280488" total="6291456" percent="36">
      <mem type="soa" free="1966120" total="5977088" percent="32" />
      <mem type="loa" free="314368" total="314368" percent="100" />
    </mem>
    <remembered-set count="111" />
  </mem-info>
</gc-end>
<cycle-end id="230" type="scavenge" contextid="224" timestamp="2019-06-17T06:04:04.973" />
  <attribute name="elasticGC enabled" value="1" />
  <attribute name= "numThreadsSpecified" value="1" />
  <attribute name="heapSize specified" value="8388608" />
  <attribute name="Current GC Util" value="19" />
  <attribute name= "Current Time Running" value="602" />
  <attribute name ="GC Interval" value="200" />
  <attribute name="ProportionalT" value="-1.000000" />
  <attribute name="ProportionalI" value="-1.000000" />
  <attribute name="ProportionalH" value="-1.000000" />
  <attribute name="Current Error" value="-1.000000" />
  <attribute name="IntegralT" value="-3.000000" />
  <attribute name="IntegralI" value="-3.000000" />
  <attribute name="IntegralH" value="-3.000000" />
  <attribute name="DerivativeT" value="-0.333333" />
  <attribute name="DerivativeI" value="-0.333333" />
  <attribute name="DerivativeH" value="-0.333333" />
  <attribute name="Loop Time for DT" value="3.000000" />
  <attribute name="Output H" value="8388608"/>
  <attribute name="Output I" value="200"/>
  <attribute name="Output T" value="1"/>
  <attribute name="Target GC Util Change" value ="20.000000" />
  <attribute name="Current GC Util Change" value="19.000000"/>
  <attribute name="GC Util currently" value="19" />
  <attribute name="CPU Util currently" value="1300543608219" />
<allocation-satisfied id="231" threadId="000000000267D500" bytesRequested="1592" />
<af-end id="232" timestamp="2019-06-17T06:04:04.973" threadId="000000000267DE88" success="true" from="nursery"/>
<exclusive-end id="233" timestamp="2019-06-17T06:04:04.973" durationms="0.896" />

<exclusive-start id="234" timestamp="2019-06-17T06:04:04.976" intervalms="3.367">
  <response-info timems="0.030" idlems="0.030" threads="0" lastid="000000000267D500" lastname="Thread-5" />
</exclusive-start>
<af-start id="235" threadId="000000000267DE88" totalBytesRequested="968" timestamp="2019-06-17T06:04:04.976" intervalms="3.367" type="nursery" />
<cycle-start id="236" type="scavenge" contextid="0" timestamp="2019-06-17T06:04:04.976" intervalms="3.369" />
<gc-start id="237" type="scavenge" contextid="236" timestamp="2019-06-17T06:04:04.976">
  <mem-info id="238" free="2280488" total="8519680" percent="26">
    <mem type="nursery" free="0" total="2228224" percent="0">
      <mem type="allocate" free="0" total="1310720" percent="0" />
      <mem type="survivor" free="0" total="917504" percent="0" />
    </mem>
    <mem type="tenure" free="2280488" total="6291456" percent="36">
      <mem type="soa" free="1966120" total="5977088" percent="32" />
      <mem type="loa" free="314368" total="314368" percent="100" />
    </mem>
    <remembered-set count="111" />
  </mem-info>
</gc-start>
<allocation-stats totalBytes="1164608" >
  <allocated-bytes non-tlh="1592" tlh="1163016" />
  <largest-consumer threadName="Thread-5" threadId="000000000267D500" bytes="1164608" />
</allocation-stats>
<gc-op id="239" type="scavenge" timems="0.163" contextid="236" timestamp="2019-06-17T06:04:04.976">
  <scavenger-info tenureage="3" tenuremask="7ff8" tiltratio="58" />
  <memory-copied type="nursery" objects="39" bytes="148472" bytesdiscarded="32576" />
</gc-op>
<gc-end id="240" type="scavenge" contextid="236" durationms="0.344" usertimems="0.000" systemtimems="0.000" timestamp="2019-06-17T06:04:04.976" activeThreads="4">
  <mem-info id="241" free="3541232" total="8519680" percent="41">
    <mem type="nursery" free="1260744" total="2228224" percent="56">
      <mem type="allocate" free="1260744" total="1441792" percent="87" />
      <mem type="survivor" free="0" total="786432" percent="0" />
    </mem>
    <mem type="tenure" free="2280488" total="6291456" percent="36">
      <mem type="soa" free="1966120" total="5977088" percent="32" />
      <mem type="loa" free="314368" total="314368" percent="100" />
    </mem>
    <remembered-set count="110" />
  </mem-info>
</gc-end>
<cycle-end id="242" type="scavenge" contextid="236" timestamp="2019-06-17T06:04:04.976" />
  <attribute name="elasticGC enabled" value="1" />
  <attribute name= "numThreadsSpecified" value="4" />
  <attribute name="heapSize specified" value="8388608" />
  <attribute name="Current GC Util" value="10" />
  <attribute name= "Current Time Running" value="606" />
  <attribute name ="GC Interval" value="200" />
  <attribute name="ProportionalT" value="-10.000000" />
  <attribute name="ProportionalI" value="-10.000000" />
  <attribute name="ProportionalH" value="-10.000000" />
  <attribute name="Current Error" value="-10.000000" />
  <attribute name="IntegralT" value="-40.000000" />
  <attribute name="IntegralI" value="-40.000000" />
  <attribute name="IntegralH" value="-40.000000" />
  <attribute name="DerivativeT" value="-2.500000" />
  <attribute name="DerivativeI" value="-2.500000" />
  <attribute name="DerivativeH" value="-2.500000" />
  <attribute name="Loop Time for DT" value="4.000000" />
  <attribute name="Output H" value="2092630016"/>
  <attribute name="Output I" value="200"/>
  <attribute name="Output T" value="4"/>
  <attribute name="Target GC Util Change" value ="20.000000" />
  <attribute name="Current GC Util Change" value="10.000000"/>
  <attribute name="GC Util currently" value="10" />
  <attribute name="CPU Util currently" value="1368932559850" />
<allocation-satisfied id="243" threadId="000000000267D500" bytesRequested="968" />
<af-end id="244" timestamp="2019-06-17T06:04:04.976" threadId="000000000267DE88" success="true" from="nursery"/>
<exclusive-end id="245" timestamp="2019-06-17T06:04:04.976" durationms="0.906" />

<exclusive-start id="246" timestamp="2019-06-17T06:04:04.979" intervalms="3.565">
  <response-info timems="0.020" idlems="0.020" threads="0" lastid="000000000267D500" lastname="Thread-5" />
</exclusive-start>
<af-start id="247" threadId="000000000267DE88" totalBytesRequested="2312" timestamp="2019-06-17T06:04:04.979" intervalms="3.563" type="nursery" />
<cycle-start id="248" type="scavenge" contextid="0" timestamp="2019-06-17T06:04:04.979" intervalms="3.562" />
<gc-start id="249" type="scavenge" contextid="248" timestamp="2019-06-17T06:04:04.979">
  <mem-info id="250" free="2280488" total="8519680" percent="26">
    <mem type="nursery" free="0" total="2228224" percent="0">
      <mem type="allocate" free="0" total="1441792" percent="0" />
      <mem type="survivor" free="0" total="786432" percent="0" />
    </mem>
    <mem type="tenure" free="2280488" total="6291456" percent="36">
      <mem type="soa" free="1966120" total="5977088" percent="32" />
      <mem type="loa" free="314368" total="314368" percent="100" />
    </mem>
    <remembered-set count="110" />
  </mem-info>
</gc-start>
<allocation-stats totalBytes="1245008" >
  <allocated-bytes non-tlh="47464" tlh="1197544" />
  <largest-consumer threadName="Thread-5" threadId="000000000267D500" bytes="1245008" />
</allocation-stats>
<gc-op id="251" type="scavenge" timems="0.166" contextid="248" timestamp="2019-06-17T06:04:04.980">
  <scavenger-info tenureage="3" tenuremask="7ff8" tiltratio="64" />
  <memory-copied type="nursery" objects="27" bytes="124888" bytesdiscarded="37992" />
</gc-op>
<gc-end id="252" type="scavenge" contextid="248" durationms="0.348" usertimems="4.000" systemtimems="0.000" timestamp="2019-06-17T06:04:04.980" activeThreads="4">
  <mem-info id="253" free="3690472" total="8519680" percent="43">
    <mem type="nursery" free="1409984" total="2228224" percent="63">
      <mem type="allocate" free="1409984" total="1572864" percent="89" />
      <mem type="survivor" free="0" total="655360" percent="0" />
    </mem>
    <mem type="tenure" free="2280488" total="6291456" percent="36">
      <mem type="soa" free="1966120" total="5977088" percent="32" />
      <mem type="loa" free="314368" total="314368" percent="100" />
    </mem>
    <remembered-set count="109" />
  </mem-info>
</gc-end>
<cycle-end id="254" type="scavenge" contextid="248" timestamp="2019-06-17T06:04:04.980" />
  <attribute name="elasticGC enabled" value="1" />
  <attribute name= "numThreadsSpecified" value="4" />
  <attribute name="heapSize specified" value="8388608" />
  <attribute name="Current GC Util" value="12" />
  <attribute name= "Current Time Running" value="609" />
  <attribute name ="GC Interval" value="200" />
  <attribute name="ProportionalT" value="-8.000000" />
  <attribute name="ProportionalI" value="-8.000000" />
  <attribute name="ProportionalH" value="-8.000000" />
  <attribute name="Current Error" value="-8.000000" />
  <attribute name="IntegralT" value="-24.000000" />
  <attribute name="IntegralI" value="-24.000000" />
  <attribute name="IntegralH" value="-24.000000" />
  <attribute name="DerivativeT" value="-2.666667" />
  <attribute name="DerivativeI" value="-2.666667" />
  <attribute name="DerivativeH" value="-2.666667" />
  <attribute name="Loop Time for DT" value="3.000000" />
  <attribute name="Output H" value="2092630016"/>
  <attribute name="Output I" value="200"/>
  <attribute name="Output T" value="4"/>
  <attribute name="Target GC Util Change" value ="20.000000" />
  <attribute name="Current GC Util Change" value="12.000000"/>
  <attribute name="GC Util currently" value="12" />
  <attribute name="CPU Util currently" value="1295557529980" />
<allocation-satisfied id="255" threadId="000000000267D500" bytesRequested="2312" />
<af-end id="256" timestamp="2019-06-17T06:04:04.980" threadId="000000000267DE88" success="true" from="nursery"/>
<exclusive-end id="257" timestamp="2019-06-17T06:04:04.980" durationms="0.856" />

<exclusive-start id="258" timestamp="2019-06-17T06:04:04.994" intervalms="15.116">
  <response-info timems="0.034" idlems="0.034" threads="0" lastid="0000000002679900" lastname="Thread-8" />
</exclusive-start>
<af-start id="259" threadId="000000000267A288" totalBytesRequested="54280" timestamp="2019-06-17T06:04:04.994" intervalms="15.202" type="nursery" />
<cycle-start id="260" type="scavenge" contextid="0" timestamp="2019-06-17T06:04:04.995" intervalms="15.207" />
<gc-start id="261" type="scavenge" contextid="260" timestamp="2019-06-17T06:04:04.995">
  <mem-info id="262" free="2301168" total="8519680" percent="27">
    <mem type="nursery" free="25816" total="2228224" percent="1">
      <mem type="allocate" free="25816" total="1572864" percent="1" />
      <mem type="survivor" free="0" total="655360" percent="0" />
    </mem>
    <mem type="tenure" free="2275352" total="6291456" percent="36">
      <mem type="soa" free="1960984" total="5977088" percent="32" />
      <mem type="loa" free="314368" total="314368" percent="100" />
    </mem>
    <remembered-set count="191" />
  </mem-info>
</gc-start>
<allocation-stats totalBytes="1387408" >
  <allocated-bytes non-tlh="249040" tlh="1138368" />
  <largest-consumer threadName="main" threadId="0000000002324700" bytes="94280" />
</allocation-stats>
<gc-op id="263" type="scavenge" timems="0.244" contextid="260" timestamp="2019-06-17T06:04:04.995">
  <scavenger-info tenureage="4" tenuremask="7ff0" tiltratio="70" />
  <memory-copied type="nursery" objects="798" bytes="182768" bytesdiscarded="26040" />
</gc-op>
<gc-end id="264" type="scavenge" contextid="260" durationms="0.546" usertimems="0.000" systemtimems="0.000" timestamp="2019-06-17T06:04:04.995" activeThreads="4">
  <mem-info id="265" free="3704904" total="8519680" percent="43">
    <mem type="nursery" free="1429552" total="2228224" percent="64">
      <mem type="allocate" free="1429552" total="1638400" percent="87" />
      <mem type="survivor" free="0" total="589824" percent="0" />
    </mem>
    <mem type="tenure" free="2275352" total="6291456" percent="36">
      <mem type="soa" free="1960984" total="5977088" percent="32" />
      <mem type="loa" free="314368" total="314368" percent="100" />
    </mem>
    <remembered-set count="186" />
  </mem-info>
</gc-end>
<cycle-end id="266" type="scavenge" contextid="260" timestamp="2019-06-17T06:04:04.995" />
  <attribute name="elasticGC enabled" value="1" />
  <attribute name= "numThreadsSpecified" value="4" />
  <attribute name="heapSize specified" value="8388608" />
  <attribute name="Current GC Util" value="2" />
  <attribute name= "Current Time Running" value="625" />
  <attribute name ="GC Interval" value="200" />
  <attribute name="ProportionalT" value="-18.000000" />
  <attribute name="ProportionalI" value="-18.000000" />
  <attribute name="ProportionalH" value="-18.000000" />
  <attribute name="Current Error" value="-18.000000" />
  <attribute name="IntegralT" value="-288.000000" />
  <attribute name="IntegralI" value="-288.000000" />
  <attribute name="IntegralH" value="-288.000000" />
  <attribute name="DerivativeT" value="-1.125000" />
  <attribute name="DerivativeI" value="-1.125000" />
  <attribute name="DerivativeH" value="-1.125000" />
  <attribute name="Loop Time for DT" value="16.000000" />
  <attribute name="Output H" value="2092630016"/>
  <attribute name="Output I" value="200"/>
  <attribute name="Output T" value="4"/>
  <attribute name="Target GC Util Change" value ="20.000000" />
  <attribute name="Current GC Util Change" value="2.000000"/>
  <attribute name="GC Util currently" value="2" />
  <attribute name="CPU Util currently" value="300172573070" />
<allocation-satisfied id="267" threadId="0000000002679900" bytesRequested="54280" />
<af-end id="268" timestamp="2019-06-17T06:04:04.995" threadId="000000000267A288" success="true" from="nursery"/>
<exclusive-end id="269" timestamp="2019-06-17T06:04:04.995" durationms="1.212" />

<exclusive-start id="270" timestamp="2019-06-17T06:04:05.013" intervalms="18.532">
  <response-info timems="0.212" idlems="0.124" threads="2" lastid="0000000002679900" lastname="Thread-8" />
</exclusive-start>
<af-start id="271" threadId="000000000267DE88" totalBytesRequested="40" timestamp="2019-06-17T06:04:05.013" intervalms="18.503" type="nursery" />
<cycle-start id="272" type="scavenge" contextid="0" timestamp="2019-06-17T06:04:05.013" intervalms="18.501" />
<gc-start id="273" type="scavenge" contextid="272" timestamp="2019-06-17T06:04:05.013">
  <mem-info id="274" free="2274664" total="8519680" percent="26">
    <mem type="nursery" free="0" total="2228224" percent="0">
      <mem type="allocate" free="0" total="1638400" percent="0" />
      <mem type="survivor" free="0" total="589824" percent="0" />
    </mem>
    <mem type="tenure" free="2274664" total="6291456" percent="36">
      <mem type="soa" free="1960296" total="5977088" percent="32" />
      <mem type="loa" free="314368" total="314368" percent="100" />
    </mem>
    <remembered-set count="198" />
  </mem-info>
</gc-start>
<allocation-stats totalBytes="1428768" >
  <allocated-bytes non-tlh="243856" tlh="1184912" />
  <largest-consumer threadName="Thread-9" threadId="0000000002681100" bytes="540032" />
</allocation-stats>
<gc-op id="275" type="scavenge" timems="3.119" contextid="272" timestamp="2019-06-17T06:04:05.016">
  <scavenger-info tenureage="4" tenuremask="7ff0" tiltratio="73" />
  <memory-copied type="nursery" objects="4227" bytes="589696" bytesdiscarded="88" />
  <memory-copied type="tenure" objects="13406" bytes="642480" bytesdiscarded="8" />
  <copy-failed type="nursery" objects="13406" bytes="642480" />
</gc-op>
<heap-resize id="276" type="expand" space="nursery" amount="262144" count="1" timems="0.017" reason="excessive time being spent scavenging" timestamp="2019-06-17T06:04:05.017" />
<gc-end id="277" type="scavenge" contextid="272" durationms="3.769" usertimems="4.000" systemtimems="0.000" timestamp="2019-06-17T06:04:05.017" activeThreads="4">
  <mem-info id="278" free="2273384" total="8781824" percent="25">
    <mem type="nursery" free="655360" total="2490368" percent="26">
      <mem type="allocate" free="655360" total="1245184" percent="52" />
      <mem type="survivor" free="0" total="1245184" percent="0" />
    </mem>
    <mem type="tenure" free="1618024" total="6291456" percent="25">
      <mem type="soa" free="1303656" total="5977088" percent="21" />
      <mem type="loa" free="314368" total="314368" percent="100" />
    </mem>
    <remembered-set count="152" />
  </mem-info>
</gc-end>
<cycle-end id="279" type="scavenge" contextid="272" timestamp="2019-06-17T06:04:05.017" />
  <attribute name="elasticGC enabled" value="1" />
  <attribute name= "numThreadsSpecified" value="4" />
  <attribute name="heapSize specified" value="8388608" />
  <attribute name="Current GC Util" value="2" />
  <attribute name= "Current Time Running" value="643" />
  <attribute name ="GC Interval" value="200" />
  <attribute name="ProportionalT" value="-18.000000" />
  <attribute name="ProportionalI" value="-18.000000" />
  <attribute name="ProportionalH" value="-18.000000" />
  <attribute name="Current Error" value="-18.000000" />
  <attribute name="IntegralT" value="-324.000000" />
  <attribute name="IntegralI" value="-324.000000" />
  <attribute name="IntegralH" value="-324.000000" />
  <attribute name="DerivativeT" value="-1.000000" />
  <attribute name="DerivativeI" value="-1.000000" />
  <attribute name="DerivativeH" value="-1.000000" />
  <attribute name="Loop Time for DT" value="18.000000" />
  <attribute name="Output H" value="2092630016"/>
  <attribute name="Output I" value="200"/>
  <attribute name="Output T" value="4"/>
  <attribute name="Target GC Util Change" value ="20.000000" />
  <attribute name="Current GC Util Change" value="2.000000"/>
  <attribute name="GC Util currently" value="2" />
  <attribute name="CPU Util currently" value="7" />
<allocation-satisfied id="280" threadId="000000000267D500" bytesRequested="40" />
<af-end id="281" timestamp="2019-06-17T06:04:05.017" threadId="000000000267DE88" success="true" from="nursery"/>
<exclusive-end id="282" timestamp="2019-06-17T06:04:05.017" durationms="4.554" />

<exclusive-start id="283" timestamp="2019-06-17T06:04:05.031" intervalms="18.409">
  <response-info timems="0.038" idlems="0.021" threads="1" lastid="0000000002675D00" lastname="Thread-10" />
</exclusive-start>
<af-start id="284" threadId="000000000267DE88" totalBytesRequested="40" timestamp="2019-06-17T06:04:05.031" intervalms="18.420" type="nursery" />
<cycle-start id="285" type="scavenge" contextid="0" timestamp="2019-06-17T06:04:05.031" intervalms="18.434" />
<gc-start id="286" type="scavenge" contextid="285" timestamp="2019-06-17T06:04:05.032">
  <mem-info id="287" free="1618024" total="8781824" percent="18">
    <mem type="nursery" free="0" total="2490368" percent="0">
      <mem type="allocate" free="0" total="1245184" percent="0" />
      <mem type="survivor" free="0" total="1245184" percent="0" />
    </mem>
    <mem type="tenure" free="1618024" total="6291456" percent="25">
      <mem type="soa" free="1303656" total="5977088" percent="21" />
      <mem type="loa" free="314368" total="314368" percent="100" />
    </mem>
    <remembered-set count="231" />
  </mem-info>
</gc-start>
<allocation-stats totalBytes="655016" >
  <allocated-bytes non-tlh="40" tlh="654976" />
  <largest-consumer threadName="Thread-10" threadId="0000000002675D00" bytes="278328" />
</allocation-stats>
<gc-op id="288" type="scavenge" timems="2.511" contextid="285" timestamp="2019-06-17T06:04:05.034">
  <scavenger-info tenureage="2" tenuremask="7ffc" tiltratio="50" />
  <memory-copied type="nursery" objects="6318" bytes="541792" bytesdiscarded="57088" />
  <memory-copied type="tenure" objects="794" bytes="182496" bytesdiscarded="0" />
</gc-op>
<heap-resize id="289" type="expand" space="nursery" amount="262144" count="1" timems="0.015" reason="excessive time being spent scavenging" timestamp="2019-06-17T06:04:05.035" />
<gc-end id="290" type="scavenge" contextid="285" durationms="3.195" usertimems="4.000" systemtimems="0.000" timestamp="2019-06-17T06:04:05.035" activeThreads="4">
  <mem-info id="291" free="2241328" total="9043968" percent="24">
    <mem type="nursery" free="777376" total="2752512" percent="28">
      <mem type="allocate" free="777376" total="1376256" percent="56" />
      <mem type="survivor" free="0" total="1376256" percent="0" />
    </mem>
    <mem type="tenure" free="1463952" total="6291456" percent="23">
      <mem type="soa" free="1149584" total="5977088" percent="19" />
      <mem type="loa" free="314368" total="314368" percent="100" />
    </mem>
    <remembered-set count="170" />
  </mem-info>
</gc-end>
<cycle-end id="292" type="scavenge" contextid="285" timestamp="2019-06-17T06:04:05.035" />
  <attribute name="elasticGC enabled" value="1" />
  <attribute name= "numThreadsSpecified" value="4" />
  <attribute name="heapSize specified" value="8388608" />
  <attribute name="Current GC Util" value="18" />
  <attribute name= "Current Time Running" value="662" />
  <attribute name ="GC Interval" value="200" />
  <attribute name="ProportionalT" value="-2.000000" />
  <attribute name="ProportionalI" value="-2.000000" />
  <attribute name="ProportionalH" value="-2.000000" />
  <attribute name="Current Error" value="-2.000000" />
  <attribute name="IntegralT" value="-38.000000" />
  <attribute name="IntegralI" value="-38.000000" />
  <attribute name="IntegralH" value="-38.000000" />
  <attribute name="DerivativeT" value="-0.105263" />
  <attribute name="DerivativeI" value="-0.105263" />
  <attribute name="DerivativeH" value="-0.105263" />
  <attribute name="Loop Time for DT" value="19.000000" />
  <attribute name="Output H" value="2092630016"/>
  <attribute name="Output I" value="200"/>
  <attribute name="Output T" value="4"/>
  <attribute name="Target GC Util Change" value ="20.000000" />
  <attribute name="Current GC Util Change" value="18.000000"/>
  <attribute name="GC Util currently" value="18" />
  <attribute name="CPU Util currently" value="249543208949" />
<allocation-satisfied id="293" threadId="000000000267D500" bytesRequested="40" />
<af-end id="294" timestamp="2019-06-17T06:04:05.035" threadId="000000000267DE88" success="true" from="nursery"/>
<exclusive-end id="295" timestamp="2019-06-17T06:04:05.035" durationms="4.019" />

<exclusive-start id="296" timestamp="2019-06-17T06:04:05.050" intervalms="18.909">
  <response-info timems="0.023" idlems="0.023" threads="0" lastid="0000000002679900" lastname="Thread-8" />
</exclusive-start>
<af-start id="297" threadId="000000000267A288" totalBytesRequested="24" timestamp="2019-06-17T06:04:05.050" intervalms="18.919" type="nursery" />
<cycle-start id="298" type="scavenge" contextid="0" timestamp="2019-06-17T06:04:05.050" intervalms="18.910" />
<gc-start id="299" type="scavenge" contextid="298" timestamp="2019-06-17T06:04:05.050">
  <mem-info id="300" free="1463952" total="9043968" percent="16">
    <mem type="nursery" free="0" total="2752512" percent="0">
      <mem type="allocate" free="0" total="1376256" percent="0" />
      <mem type="survivor" free="0" total="1376256" percent="0" />
    </mem>
    <mem type="tenure" free="1463952" total="6291456" percent="23">
      <mem type="soa" free="1149584" total="5977088" percent="19" />
      <mem type="loa" free="314368" total="314368" percent="100" />
    </mem>
    <remembered-set count="242" />
  </mem-info>
</gc-start>
<allocation-stats totalBytes="777112" >
  <allocated-bytes non-tlh="40" tlh="777072" />
  <largest-consumer threadName="Thread-10" threadId="0000000002675D00" bytes="228432" />
</allocation-stats>
<gc-op id="301" type="scavenge" timems="0.588" contextid="298" timestamp="2019-06-17T06:04:05.051">
  <scavenger-info tenureage="2" tenuremask="fffc" tiltratio="50" />
  <memory-copied type="nursery" objects="3196" bytes="142800" bytesdiscarded="159024" />
  <memory-copied type="tenure" objects="3259" bytes="402104" bytesdiscarded="72" />
</gc-op>
<gc-end id="302" type="scavenge" contextid="298" durationms="0.786" usertimems="0.000" systemtimems="0.000" timestamp="2019-06-17T06:04:05.051" activeThreads="4">
  <mem-info id="303" free="2020000" total="9043968" percent="22">
    <mem type="nursery" free="1074432" total="2752512" percent="39">
      <mem type="allocate" free="1074432" total="1376256" percent="78" />
      <mem type="survivor" free="0" total="1376256" percent="0" />
    </mem>
    <mem type="tenure" free="945568" total="6291456" percent="15">
      <mem type="soa" free="631200" total="5977088" percent="10" />
      <mem type="loa" free="314368" total="314368" percent="100" />
    </mem>
    <remembered-set count="387" />
  </mem-info>
</gc-end>
<cycle-end id="304" type="scavenge" contextid="298" timestamp="2019-06-17T06:04:05.051" />
  <attribute name="elasticGC enabled" value="1" />
  <attribute name= "numThreadsSpecified" value="4" />
  <attribute name="heapSize specified" value="8388608" />
  <attribute name="Current GC Util" value="15" />
  <attribute name= "Current Time Running" value="680" />
  <attribute name ="GC Interval" value="200" />
  <attribute name="ProportionalT" value="-5.000000" />
  <attribute name="ProportionalI" value="-5.000000" />
  <attribute name="ProportionalH" value="-5.000000" />
  <attribute name="Current Error" value="-5.000000" />
  <attribute name="IntegralT" value="-90.000000" />
  <attribute name="IntegralI" value="-90.000000" />
  <attribute name="IntegralH" value="-90.000000" />
  <attribute name="DerivativeT" value="-0.277778" />
  <attribute name="DerivativeI" value="-0.277778" />
  <attribute name="DerivativeH" value="-0.277778" />
  <attribute name="Loop Time for DT" value="18.000000" />
  <attribute name="Output H" value="2092630016"/>
  <attribute name="Output I" value="200"/>
  <attribute name="Output T" value="4"/>
  <attribute name="Target GC Util Change" value ="20.000000" />
  <attribute name="Current GC Util Change" value="15.000000"/>
  <attribute name="GC Util currently" value="15" />
  <attribute name="CPU Util currently" value="246173942801" />
<allocation-satisfied id="305" threadId="0000000002679900" bytesRequested="24" />
<af-end id="306" timestamp="2019-06-17T06:04:05.052" threadId="000000000267A288" success="true" from="nursery"/>
<exclusive-end id="307" timestamp="2019-06-17T06:04:05.052" durationms="1.442" />

<exclusive-start id="308" timestamp="2019-06-17T06:04:05.068" intervalms="17.941">
  <response-info timems="5.096" idlems="2.558" threads="1" lastid="0000000002681100" lastname="Thread-9" />
</exclusive-start>
<af-start id="309" threadId="0000000002676688" totalBytesRequested="24" timestamp="2019-06-17T06:04:05.068" intervalms="17.898" type="nursery" />
<cycle-start id="310" type="scavenge" contextid="0" timestamp="2019-06-17T06:04:05.068" intervalms="17.895" />
<gc-start id="311" type="scavenge" contextid="310" timestamp="2019-06-17T06:04:05.068">
  <mem-info id="312" free="945568" total="9043968" percent="10">
    <mem type="nursery" free="0" total="2752512" percent="0">
      <mem type="allocate" free="0" total="1376256" percent="0" />
      <mem type="survivor" free="0" total="1376256" percent="0" />
    </mem>
    <mem type="tenure" free="945568" total="6291456" percent="15">
      <mem type="soa" free="631200" total="5977088" percent="10" />
      <mem type="loa" free="314368" total="314368" percent="100" />
    </mem>
    <remembered-set count="590" />
  </mem-info>
</gc-start>
<allocation-stats totalBytes="1074056" >
  <allocated-bytes non-tlh="24" tlh="1074032" />
  <largest-consumer threadName="Thread-10" threadId="0000000002675D00" bytes="541776" />
</allocation-stats>
<gc-op id="313" type="scavenge" timems="2.088" contextid="310" timestamp="2019-06-17T06:04:05.071">
  <scavenger-info tenureage="2" tenuremask="fffc" tiltratio="50" />
  <memory-copied type="nursery" objects="562" bytes="14440" bytesdiscarded="116888" />
  <memory-copied type="tenure" objects="2818" bytes="132576" bytesdiscarded="8" />
</gc-op>
<heap-resize id="314" type="expand" space="nursery" amount="131072" count="1" timems="0.015" reason="excessive time being spent scavenging" timestamp="2019-06-17T06:04:05.071" />
<gc-end id="315" type="scavenge" contextid="310" durationms="2.708" usertimems="4.000" systemtimems="0.000" timestamp="2019-06-17T06:04:05.071" activeThreads="4">
  <mem-info id="316" free="2124704" total="9175040" percent="23">
    <mem type="nursery" free="1310464" total="2883584" percent="45">
      <mem type="allocate" free="1310464" total="1441792" percent="90" />
      <mem type="survivor" free="0" total="1441792" percent="0" />
    </mem>
    <mem type="tenure" free="814240" total="6291456" percent="12">
      <mem type="soa" free="499872" total="5977088" percent="8" />
      <mem type="loa" free="314368" total="314368" percent="100" />
    </mem>
    <remembered-set count="476" />
  </mem-info>
</gc-end>
<cycle-end id="317" type="scavenge" contextid="310" timestamp="2019-06-17T06:04:05.071" />
  <attribute name="elasticGC enabled" value="1" />
  <attribute name= "numThreadsSpecified" value="4" />
  <attribute name="heapSize specified" value="8388608" />
  <attribute name="Current GC Util" value="6" />
  <attribute name= "Current Time Running" value="698" />
  <attribute name ="GC Interval" value="200" />
  <attribute name="ProportionalT" value="-14.000000" />
  <attribute name="ProportionalI" value="-14.000000" />
  <attribute name="ProportionalH" value="-14.000000" />
  <attribute name="Current Error" value="-14.000000" />
  <attribute name="IntegralT" value="-252.000000" />
  <attribute name="IntegralI" value="-252.000000" />
  <attribute name="IntegralH" value="-252.000000" />
  <attribute name="DerivativeT" value="-0.777778" />
  <attribute name="DerivativeI" value="-0.777778" />
  <attribute name="DerivativeH" value="-0.777778" />
  <attribute name="Loop Time for DT" value="18.000000" />
  <attribute name="Output H" value="2092630016"/>
  <attribute name="Output I" value="200"/>
  <attribute name="Output T" value="4"/>
  <attribute name="Target GC Util Change" value ="20.000000" />
  <attribute name="Current GC Util Change" value="6.000000"/>
  <attribute name="GC Util currently" value="6" />
  <attribute name="CPU Util currently" value="255865444318" />
<allocation-satisfied id="318" threadId="0000000002675D00" bytesRequested="24" />
<af-end id="319" timestamp="2019-06-17T06:04:05.071" threadId="0000000002676688" success="true" from="nursery"/>
<exclusive-end id="320" timestamp="2019-06-17T06:04:05.071" durationms="3.373" />

<exclusive-start id="321" timestamp="2019-06-17T06:04:05.081" intervalms="12.732">
  <response-info timems="0.036" idlems="0.036" threads="0" lastid="000000000267D500" lastname="Thread-7" />
</exclusive-start>
<af-start id="322" threadId="000000000267DE88" totalBytesRequested="40" timestamp="2019-06-17T06:04:05.081" intervalms="12.763" type="nursery" />
<cycle-start id="323" type="scavenge" contextid="0" timestamp="2019-06-17T06:04:05.081" intervalms="12.759" />
<gc-start id="324" type="scavenge" contextid="323" timestamp="2019-06-17T06:04:05.081">
  <mem-info id="325" free="814240" total="9175040" percent="8">
    <mem type="nursery" free="0" total="2883584" percent="0">
      <mem type="allocate" free="0" total="1441792" percent="0" />
      <mem type="survivor" free="0" total="1441792" percent="0" />
    </mem>
    <mem type="tenure" free="814240" total="6291456" percent="12">
      <mem type="soa" free="499872" total="5977088" percent="8" />
      <mem type="loa" free="314368" total="314368" percent="100" />
    </mem>
    <remembered-set count="918" />
  </mem-info>
</gc-start>
<allocation-stats totalBytes="1310096" >
  <allocated-bytes non-tlh="24" tlh="1310072" />
  <largest-consumer threadName="Thread-7" threadId="000000000267D500" bytes="929504" />
</allocation-stats>
<gc-op id="326" type="scavenge" timems="1.901" contextid="323" timestamp="2019-06-17T06:04:05.083">
  <scavenger-info tenureage="3" tenuremask="fff8" tiltratio="50" />
  <memory-copied type="nursery" objects="916" bytes="22480" bytesdiscarded="108848" />
</gc-op>
<heap-resize id="327" type="expand" space="nursery" amount="262144" count="1" timems="0.013" reason="excessive time being spent scavenging" timestamp="2019-06-17T06:04:05.084" />
<gc-end id="328" type="scavenge" contextid="323" durationms="2.533" usertimems="4.000" systemtimems="0.000" timestamp="2019-06-17T06:04:05.084" activeThreads="4">
  <mem-info id="329" free="2386848" total="9437184" percent="25">
    <mem type="nursery" free="1572608" total="3145728" percent="49">
      <mem type="allocate" free="1572608" total="1703936" percent="92" />
      <mem type="survivor" free="0" total="1441792" percent="0" />
    </mem>
    <mem type="tenure" free="814240" total="6291456" percent="12">
      <mem type="soa" free="499872" total="5977088" percent="8" />
      <mem type="loa" free="314368" total="314368" percent="100" />
    </mem>
    <remembered-set count="914" />
  </mem-info>
</gc-end>
<cycle-end id="330" type="scavenge" contextid="323" timestamp="2019-06-17T06:04:05.084" />
  <attribute name="elasticGC enabled" value="1" />
  <attribute name= "numThreadsSpecified" value="4" />
  <attribute name="heapSize specified" value="8388608" />
  <attribute name="Current GC Util" value="18" />
  <attribute name= "Current Time Running" value="711" />
  <attribute name ="GC Interval" value="200" />
  <attribute name="ProportionalT" value="-2.000000" />
  <attribute name="ProportionalI" value="-2.000000" />
  <attribute name="ProportionalH" value="-2.000000" />
  <attribute name="Current Error" value="-2.000000" />
  <attribute name="IntegralT" value="-26.000000" />
  <attribute name="IntegralI" value="-26.000000" />
  <attribute name="IntegralH" value="-26.000000" />
  <attribute name="DerivativeT" value="-0.153846" />
  <attribute name="DerivativeI" value="-0.153846" />
  <attribute name="DerivativeH" value="-0.153846" />
  <attribute name="Loop Time for DT" value="13.000000" />
  <attribute name="Output H" value="2092630016"/>
  <attribute name="Output I" value="200"/>
  <attribute name="Output T" value="4"/>
  <attribute name="Target GC Util Change" value ="20.000000" />
  <attribute name="Current GC Util Change" value="18.000000"/>
  <attribute name="GC Util currently" value="18" />
  <attribute name="CPU Util currently" value="361546972736" />
<allocation-satisfied id="331" threadId="000000000267D500" bytesRequested="40" />
<af-end id="332" timestamp="2019-06-17T06:04:05.084" threadId="000000000267DE88" success="true" from="nursery"/>
<exclusive-end id="333" timestamp="2019-06-17T06:04:05.084" durationms="3.312" />

<exclusive-start id="334" timestamp="2019-06-17T06:04:05.092" intervalms="10.840">
  <response-info timems="0.032" idlems="0.032" threads="0" lastid="000000000267D500" lastname="Thread-7" />
</exclusive-start>
<af-start id="335" threadId="000000000267DE88" totalBytesRequested="24" timestamp="2019-06-17T06:04:05.092" intervalms="10.827" type="nursery" />
<cycle-start id="336" type="scavenge" contextid="0" timestamp="2019-06-17T06:04:05.092" intervalms="10.829" />
<gc-start id="337" type="scavenge" contextid="336" timestamp="2019-06-17T06:04:05.092">
  <mem-info id="338" free="814240" total="9437184" percent="8">
    <mem type="nursery" free="0" total="3145728" percent="0">
      <mem type="allocate" free="0" total="1703936" percent="0" />
      <mem type="survivor" free="0" total="1441792" percent="0" />
    </mem>
    <mem type="tenure" free="814240" total="6291456" percent="12">
      <mem type="soa" free="499872" total="5977088" percent="8" />
      <mem type="loa" free="314368" total="314368" percent="100" />
    </mem>
    <remembered-set count="1507" />
  </mem-info>
</gc-start>
<allocation-stats totalBytes="1572248" >
  <allocated-bytes non-tlh="40" tlh="1572208" />
  <largest-consumer threadName="Thread-7" threadId="000000000267D500" bytes="720856" />
</allocation-stats>
<gc-op id="339" type="scavenge" timems="0.859" contextid="336" timestamp="2019-06-17T06:04:05.093">
  <scavenger-info tenureage="4" tenuremask="fff0" tiltratio="54" />
  <memory-copied type="nursery" objects="1485" bytes="36112" bytesdiscarded="3056" />
</gc-op>
<heap-resize id="340" type="expand" space="nursery" amount="262144" count="1" timems="0.010" reason="excessive time being spent scavenging" timestamp="2019-06-17T06:04:05.093" />
<gc-end id="341" type="scavenge" contextid="336" durationms="1.331" usertimems="0.000" systemtimems="0.000" timestamp="2019-06-17T06:04:05.093" activeThreads="1">
  <mem-info id="342" free="2872224" total="9699328" percent="29">
    <mem type="nursery" free="2057984" total="3407872" percent="60">
      <mem type="allocate" free="2057984" total="2097152" percent="98" />
      <mem type="survivor" free="0" total="1310720" percent="0" />
    </mem>
    <mem type="tenure" free="814240" total="6291456" percent="12">
      <mem type="soa" free="499872" total="5977088" percent="8" />
      <mem type="loa" free="314368" total="314368" percent="100" />
    </mem>
    <remembered-set count="1506" />
  </mem-info>
</gc-end>
<cycle-end id="343" type="scavenge" contextid="336" timestamp="2019-06-17T06:04:05.093" />
  <attribute name="elasticGC enabled" value="1" />
  <attribute name= "numThreadsSpecified" value="1" />
  <attribute name="heapSize specified" value="8388608" />
  <attribute name="Current GC Util" value="20" />
  <attribute name= "Current Time Running" value="722" />
  <attribute name ="GC Interval" value="200" />
  <attribute name="ProportionalT" value="0.000000" />
  <attribute name="ProportionalI" value="0.000000" />
  <attribute name="ProportionalH" value="0.000000" />
  <attribute name="Current Error" value="0.000000" />
  <attribute name="IntegralT" value="0.000000" />
  <attribute name="IntegralI" value="0.000000" />
  <attribute name="IntegralH" value="0.000000" />
  <attribute name="DerivativeT" value="0.000000" />
  <attribute name="DerivativeI" value="0.000000" />
  <attribute name="DerivativeH" value="0.000000" />
  <attribute name="Loop Time for DT" value="11.000000" />
  <attribute name="Output H" value="8388608"/>
  <attribute name="Output I" value="200"/>
  <attribute name="Output T" value="1"/>
  <attribute name="Target GC Util Change" value ="20.000000" />
  <attribute name="Current GC Util Change" value="20.000000"/>
  <attribute name="GC Util currently" value="20" />
  <attribute name="CPU Util currently" value="431297739713" />
<allocation-satisfied id="344" threadId="000000000267D500" bytesRequested="24" />
<af-end id="345" timestamp="2019-06-17T06:04:05.094" threadId="000000000267DE88" success="true" from="nursery"/>
<exclusive-end id="346" timestamp="2019-06-17T06:04:05.094" durationms="1.957" />

<exclusive-start id="347" timestamp="2019-06-17T06:04:05.101" intervalms="9.734">
  <response-info timems="1.127" idlems="0.566" threads="1" lastid="0000000002675D00" lastname="Thread-10" />
</exclusive-start>
<af-start id="348" threadId="0000000002681A88" totalBytesRequested="40" timestamp="2019-06-17T06:04:05.101" intervalms="9.745" type="nursery" />
<cycle-start id="349" type="scavenge" contextid="0" timestamp="2019-06-17T06:04:05.102" intervalms="9.746" />
<gc-start id="350" type="scavenge" contextid="349" timestamp="2019-06-17T06:04:05.102">
  <mem-info id="351" free="814240" total="9699328" percent="8">
    <mem type="nursery" free="0" total="3407872" percent="0">
      <mem type="allocate" free="0" total="2097152" percent="0" />
      <mem type="survivor" free="0" total="1310720" percent="0" />
    </mem>
    <mem type="tenure" free="814240" total="6291456" percent="12">
      <mem type="soa" free="499872" total="5977088" percent="8" />
      <mem type="loa" free="314368" total="314368" percent="100" />
    </mem>
    <remembered-set count="2020" />
  </mem-info>
</gc-start>
<allocation-stats totalBytes="2057416" >
  <allocated-bytes non-tlh="24" tlh="2057392" />
  <largest-consumer threadName="Thread-7" threadId="000000000267D500" bytes="865888" />
</allocation-stats>
<gc-op id="352" type="scavenge" timems="0.312" contextid="349" timestamp="2019-06-17T06:04:05.102">
  <scavenger-info tenureage="3" tenuremask="fff8" tiltratio="61" />
  <memory-copied type="nursery" objects="1713" bytes="42008" bytesdiscarded="220648" />
  <memory-copied type="tenure" objects="384" bytes="9216" bytesdiscarded="0" />
</gc-op>
<gc-end id="353" type="scavenge" contextid="349" durationms="0.662" usertimems="0.000" systemtimems="0.000" timestamp="2019-06-17T06:04:05.102" activeThreads="4">
  <mem-info id="354" free="2845088" total="9699328" percent="29">
    <mem type="nursery" free="2162176" total="3407872" percent="63">
      <mem type="allocate" free="2162176" total="2424832" percent="89" />
      <mem type="survivor" free="0" total="983040" percent="0" />
    </mem>
    <mem type="tenure" free="682912" total="6291456" percent="10">
      <mem type="soa" free="368544" total="5977088" percent="6" />
      <mem type="loa" free="314368" total="314368" percent="100" />
    </mem>
    <remembered-set count="1635" />
  </mem-info>
</gc-end>
<cycle-end id="355" type="scavenge" contextid="349" timestamp="2019-06-17T06:04:05.102" />
  <attribute name="elasticGC enabled" value="1" />
  <attribute name= "numThreadsSpecified" value="4" />
  <attribute name="heapSize specified" value="8388608" />
  <attribute name="Current GC Util" value="5" />
  <attribute name= "Current Time Running" value="732" />
  <attribute name ="GC Interval" value="200" />
  <attribute name="ProportionalT" value="-15.000000" />
  <attribute name="ProportionalI" value="-15.000000" />
  <attribute name="ProportionalH" value="-15.000000" />
  <attribute name="Current Error" value="-15.000000" />
  <attribute name="IntegralT" value="-150.000000" />
  <attribute name="IntegralI" value="-150.000000" />
  <attribute name="IntegralH" value="-150.000000" />
  <attribute name="DerivativeT" value="-1.500000" />
  <attribute name="DerivativeI" value="-1.500000" />
  <attribute name="DerivativeH" value="-1.500000" />
  <attribute name="Loop Time for DT" value="10.000000" />
  <attribute name="Output H" value="2092630016"/>
  <attribute name="Output I" value="200"/>
  <attribute name="Output T" value="4"/>
  <attribute name="Target GC Util Change" value ="20.000000" />
  <attribute name="Current GC Util Change" value="5.000000"/>
  <attribute name="GC Util currently" value="5" />
  <attribute name="CPU Util currently" value="466752974360" />
<allocation-satisfied id="356" threadId="0000000002681100" bytesRequested="40" />
<af-end id="357" timestamp="2019-06-17T06:04:05.103" threadId="0000000002681A88" success="true" from="nursery"/>
<exclusive-end id="358" timestamp="2019-06-17T06:04:05.103" durationms="1.305" />

<exclusive-start id="359" timestamp="2019-06-17T06:04:05.110" intervalms="8.963">
  <response-info timems="0.048" idlems="0.026" threads="1" lastid="0000000002681100" lastname="Thread-9" />
</exclusive-start>
<af-start id="360" threadId="000000000267A288" totalBytesRequested="40" timestamp="2019-06-17T06:04:05.110" intervalms="8.928" type="nursery" />
<cycle-start id="361" type="scavenge" contextid="0" timestamp="2019-06-17T06:04:05.111" intervalms="8.931" />
<gc-start id="362" type="scavenge" contextid="361" timestamp="2019-06-17T06:04:05.111">
  <mem-info id="363" free="682912" total="9699328" percent="7">
    <mem type="nursery" free="0" total="3407872" percent="0">
      <mem type="allocate" free="0" total="2424832" percent="0" />
      <mem type="survivor" free="0" total="983040" percent="0" />
    </mem>
    <mem type="tenure" free="682912" total="6291456" percent="10">
      <mem type="soa" free="368544" total="5977088" percent="6" />
      <mem type="loa" free="314368" total="314368" percent="100" />
    </mem>
    <remembered-set count="2348" />
  </mem-info>
</gc-start>
<allocation-stats totalBytes="2161680" >
  <allocated-bytes non-tlh="40" tlh="2161640" />
  <largest-consumer threadName="Thread-7" threadId="000000000267D500" bytes="1567904" />
</allocation-stats>
<gc-op id="364" type="scavenge" timems="0.721" contextid="361" timestamp="2019-06-17T06:04:05.112">
  <scavenger-info tenureage="3" tenuremask="ffc8" tiltratio="71" />
  <memory-copied type="nursery" objects="1972" bytes="48088" bytesdiscarded="122408" />
  <memory-copied type="tenure" objects="443" bytes="10632" bytesdiscarded="0" />
</gc-op>
<heap-resize id="365" type="expand" space="nursery" amount="262144" count="1" timems="0.022" reason="excessive time being spent scavenging" timestamp="2019-06-17T06:04:05.112" />
<gc-end id="366" type="scavenge" contextid="361" durationms="1.181" usertimems="4.000" systemtimems="0.000" timestamp="2019-06-17T06:04:05.112" activeThreads="4">
  <mem-info id="367" free="3396000" total="9961472" percent="34">
    <mem type="nursery" free="2713088" total="3670016" percent="73">
      <mem type="allocate" free="2713088" total="2883584" percent="94" />
      <mem type="survivor" free="0" total="786432" percent="0" />
    </mem>
    <mem type="tenure" free="682912" total="6291456" percent="10">
      <mem type="soa" free="368544" total="5977088" percent="6" />
      <mem type="loa" free="314368" total="314368" percent="100" />
    </mem>
    <remembered-set count="1905" />
  </mem-info>
</gc-end>
<cycle-end id="368" type="scavenge" contextid="361" timestamp="2019-06-17T06:04:05.112" />
  <attribute name="elasticGC enabled" value="1" />
  <attribute name= "numThreadsSpecified" value="4" />
  <attribute name="heapSize specified" value="8388608" />
  <attribute name="Current GC Util" value="13" />
  <attribute name= "Current Time Running" value="741" />
  <attribute name ="GC Interval" value="200" />
  <attribute name="ProportionalT" value="-7.000000" />
  <attribute name="ProportionalI" value="-7.000000" />
  <attribute name="ProportionalH" value="-7.000000" />
  <attribute name="Current Error" value="-7.000000" />
  <attribute name="IntegralT" value="-63.000000" />
  <attribute name="IntegralI" value="-63.000000" />
  <attribute name="IntegralH" value="-63.000000" />
  <attribute name="DerivativeT" value="-0.777778" />
  <attribute name="DerivativeI" value="-0.777778" />
  <attribute name="DerivativeH" value="-0.777778" />
  <attribute name="Loop Time for DT" value="9.000000" />
  <attribute name="Output H" value="2092630016"/>
  <attribute name="Output I" value="200"/>
  <attribute name="Output T" value="4"/>
  <attribute name="Target GC Util Change" value ="20.000000" />
  <attribute name="Current GC Util Change" value="13.000000"/>
  <attribute name="GC Util currently" value="13" />
  <attribute name="CPU Util currently" value="516416201255" />
<allocation-satisfied id="369" threadId="0000000002679900" bytesRequested="40" />
<af-end id="370" timestamp="2019-06-17T06:04:05.112" threadId="000000000267A288" success="true" from="nursery"/>
<exclusive-end id="371" timestamp="2019-06-17T06:04:05.112" durationms="1.813" />

<exclusive-start id="372" timestamp="2019-06-17T06:04:05.118" intervalms="7.691">
  <response-info timems="0.060" idlems="0.039" threads="1" lastid="0000000002675D00" lastname="Thread-10" />
</exclusive-start>
<af-start id="373" threadId="000000000267A288" totalBytesRequested="40" timestamp="2019-06-17T06:04:05.118" intervalms="7.671" type="nursery" />
<cycle-start id="374" type="scavenge" contextid="0" timestamp="2019-06-17T06:04:05.118" intervalms="7.621" />
<gc-start id="375" type="scavenge" contextid="374" timestamp="2019-06-17T06:04:05.118">
  <mem-info id="376" free="682912" total="9961472" percent="6">
    <mem type="nursery" free="0" total="3670016" percent="0">
      <mem type="allocate" free="0" total="2883584" percent="0" />
      <mem type="survivor" free="0" total="786432" percent="0" />
    </mem>
    <mem type="tenure" free="682912" total="6291456" percent="10">
      <mem type="soa" free="368544" total="5977088" percent="6" />
      <mem type="loa" free="314368" total="314368" percent="100" />
    </mem>
    <remembered-set count="2811" />
  </mem-info>
</gc-start>
<allocation-stats totalBytes="2712624" >
  <allocated-bytes non-tlh="40" tlh="2712584" />
  <largest-consumer threadName="Thread-9" threadId="0000000002681100" bytes="1269568" />
</allocation-stats>
<gc-op id="377" type="scavenge" timems="0.288" contextid="374" timestamp="2019-06-17T06:04:05.119">
  <scavenger-info tenureage="5" tenuremask="ffe0" tiltratio="78" />
  <memory-copied type="nursery" objects="2966" bytes="72424" bytesdiscarded="321560" />
</gc-op>
<gc-end id="378" type="scavenge" contextid="374" durationms="0.476" usertimems="0.000" systemtimems="0.000" timestamp="2019-06-17T06:04:05.119" activeThreads="4">
  <mem-info id="379" free="3369120" total="9961472" percent="33">
    <mem type="nursery" free="2686208" total="3670016" percent="73">
      <mem type="allocate" free="2686208" total="3080192" percent="87" />
      <mem type="survivor" free="0" total="589824" percent="0" />
    </mem>
    <mem type="tenure" free="682912" total="6291456" percent="10">
      <mem type="soa" free="368544" total="5977088" percent="6" />
      <mem type="loa" free="314368" total="314368" percent="100" />
    </mem>
    <remembered-set count="2811" />
  </mem-info>
</gc-end>
<cycle-end id="380" type="scavenge" contextid="374" timestamp="2019-06-17T06:04:05.119" />
  <attribute name="elasticGC enabled" value="1" />
  <attribute name= "numThreadsSpecified" value="4" />
  <attribute name="heapSize specified" value="8388608" />
  <attribute name="Current GC Util" value="18" />
  <attribute name= "Current Time Running" value="748" />
  <attribute name ="GC Interval" value="200" />
  <attribute name="ProportionalT" value="-2.000000" />
  <attribute name="ProportionalI" value="-2.000000" />
  <attribute name="ProportionalH" value="-2.000000" />
  <attribute name="Current Error" value="-2.000000" />
  <attribute name="IntegralT" value="-14.000000" />
  <attribute name="IntegralI" value="-14.000000" />
  <attribute name="IntegralH" value="-14.000000" />
  <attribute name="DerivativeT" value="-0.285714" />
  <attribute name="DerivativeI" value="-0.285714" />
  <attribute name="DerivativeH" value="-0.285714" />
  <attribute name="Loop Time for DT" value="7.000000" />
  <attribute name="Output H" value="2092630016"/>
  <attribute name="Output I" value="200"/>
  <attribute name="Output T" value="4"/>
  <attribute name="Target GC Util Change" value ="20.000000" />
  <attribute name="Current GC Util Change" value="18.000000"/>
  <attribute name="GC Util currently" value="18" />
  <attribute name="CPU Util currently" value="616317380816" />
<allocation-satisfied id="381" threadId="0000000002679900" bytesRequested="40" />
<af-end id="382" timestamp="2019-06-17T06:04:05.119" threadId="000000000267A288" success="true" from="nursery"/>
<exclusive-end id="383" timestamp="2019-06-17T06:04:05.119" durationms="0.881" />

<exclusive-start id="384" timestamp="2019-06-17T06:04:05.123" intervalms="4.534">
  <response-info timems="0.053" idlems="0.035" threads="1" lastid="0000000002675D00" lastname="Thread-10" />
</exclusive-start>
<af-start id="385" threadId="000000000267A288" totalBytesRequested="40" timestamp="2019-06-17T06:04:05.123" intervalms="4.535" type="nursery" />
<cycle-start id="386" type="scavenge" contextid="0" timestamp="2019-06-17T06:04:05.123" intervalms="4.526" />
<gc-start id="387" type="scavenge" contextid="386" timestamp="2019-06-17T06:04:05.123">
  <mem-info id="388" free="682912" total="9961472" percent="6">
    <mem type="nursery" free="0" total="3670016" percent="0">
      <mem type="allocate" free="0" total="3080192" percent="0" />
      <mem type="survivor" free="0" total="589824" percent="0" />
    </mem>
    <mem type="tenure" free="682912" total="6291456" percent="10">
      <mem type="soa" free="368544" total="5977088" percent="6" />
      <mem type="loa" free="314368" total="314368" percent="100" />
    </mem>
    <remembered-set count="3518" />
  </mem-info>
</gc-start>
<allocation-stats totalBytes="2685728" >
  <allocated-bytes non-tlh="40" tlh="2685688" />
  <largest-consumer threadName="Thread-9" threadId="0000000002681100" bytes="855928" />
</allocation-stats>
<gc-op id="389" type="scavenge" timems="0.283" contextid="386" timestamp="2019-06-17T06:04:05.123">
  <scavenger-info tenureage="4" tenuremask="fff0" tiltratio="83" />
  <memory-copied type="nursery" objects="3010" bytes="73176" bytesdiscarded="320808" />
  <memory-copied type="tenure" objects="591" bytes="14184" bytesdiscarded="0" />
</gc-op>
<gc-end id="390" type="scavenge" contextid="386" durationms="0.453" usertimems="0.000" systemtimems="0.000" timestamp="2019-06-17T06:04:05.123" activeThreads="4">
  <mem-info id="391" free="3434656" total="9961472" percent="34">
    <mem type="nursery" free="2751744" total="3670016" percent="74">
      <mem type="allocate" free="2751744" total="3145728" percent="87" />
      <mem type="survivor" free="0" total="524288" percent="0" />
    </mem>
    <mem type="tenure" free="682912" total="6291456" percent="10">
      <mem type="soa" free="368544" total="5977088" percent="6" />
      <mem type="loa" free="314368" total="314368" percent="100" />
    </mem>
    <remembered-set count="2927" />
  </mem-info>
</gc-end>
<cycle-end id="392" type="scavenge" contextid="386" timestamp="2019-06-17T06:04:05.123" />
  <attribute name="elasticGC enabled" value="1" />
  <attribute name= "numThreadsSpecified" value="4" />
  <attribute name="heapSize specified" value="8388608" />
  <attribute name="Current GC Util" value="17" />
  <attribute name= "Current Time Running" value="752" />
  <attribute name ="GC Interval" value="200" />
  <attribute name="ProportionalT" value="-3.000000" />
  <attribute name="ProportionalI" value="-3.000000" />
  <attribute name="ProportionalH" value="-3.000000" />
  <attribute name="Current Error" value="-3.000000" />
  <attribute name="IntegralT" value="-12.000000" />
  <attribute name="IntegralI" value="-12.000000" />
  <attribute name="IntegralH" value="-12.000000" />
  <attribute name="DerivativeT" value="-0.750000" />
  <attribute name="DerivativeI" value="-0.750000" />
  <attribute name="DerivativeH" value="-0.750000" />
  <attribute name="Loop Time for DT" value="4.000000" />
  <attribute name="Output H" value="2092630016"/>
  <attribute name="Output I" value="200"/>
  <attribute name="Output T" value="4"/>
  <attribute name="Target GC Util Change" value ="20.000000" />
  <attribute name="Current GC Util Change" value="17.000000"/>
  <attribute name="GC Util currently" value="17" />
  <attribute name="CPU Util currently" value="1025745933416" />
<allocation-satisfied id="393" threadId="0000000002679900" bytesRequested="40" />
<af-end id="394" timestamp="2019-06-17T06:04:05.123" threadId="000000000267A288" success="true" from="nursery"/>
<exclusive-end id="395" timestamp="2019-06-17T06:04:05.123" durationms="0.836" />

<exclusive-start id="396" timestamp="2019-06-17T06:04:05.127" intervalms="4.884">
  <response-info timems="0.054" idlems="0.053" threads="1" lastid="0000000002681100" lastname="Thread-9" />
</exclusive-start>
<af-start id="397" threadId="000000000267A288" totalBytesRequested="40" timestamp="2019-06-17T06:04:05.128" intervalms="4.888" type="nursery" />
<cycle-start id="398" type="scavenge" contextid="0" timestamp="2019-06-17T06:04:05.128" intervalms="4.906" />
<gc-start id="399" type="scavenge" contextid="398" timestamp="2019-06-17T06:04:05.128">
  <mem-info id="400" free="682912" total="9961472" percent="6">
    <mem type="nursery" free="0" total="3670016" percent="0">
      <mem type="allocate" free="0" total="3145728" percent="0" />
      <mem type="survivor" free="0" total="524288" percent="0" />
    </mem>
    <mem type="tenure" free="682912" total="6291456" percent="10">
      <mem type="soa" free="368544" total="5977088" percent="6" />
      <mem type="loa" free="314368" total="314368" percent="100" />
    </mem>
    <remembered-set count="3697" />
  </mem-info>
</gc-start>
<allocation-stats totalBytes="2751200" >
  <allocated-bytes non-tlh="40" tlh="2751160" />
  <largest-consumer threadName="Thread-8" threadId="0000000002679900" bytes="859200" />
</allocation-stats>
<gc-op id="401" type="scavenge" timems="0.292" contextid="398" timestamp="2019-06-17T06:04:05.128">
  <scavenger-info tenureage="3" tenuremask="ffd8" tiltratio="85" />
  <memory-copied type="nursery" objects="2677" bytes="65720" bytesdiscarded="236104" />
  <memory-copied type="tenure" objects="1225" bytes="29400" bytesdiscarded="0" />
</gc-op>
<gc-end id="402" type="scavenge" contextid="398" durationms="0.462" usertimems="4.000" systemtimems="0.000" timestamp="2019-06-17T06:04:05.128" activeThreads="4">
  <mem-info id="403" free="3657888" total="9961472" percent="36">
    <mem type="nursery" free="2974976" total="3670016" percent="81">
      <mem type="allocate" free="2974976" total="3276800" percent="90" />
      <mem type="survivor" free="0" total="393216" percent="0" />
    </mem>
    <mem type="tenure" free="682912" total="6291456" percent="10">
      <mem type="soa" free="368544" total="5977088" percent="6" />
      <mem type="loa" free="314368" total="314368" percent="100" />
    </mem>
    <remembered-set count="2472" />
  </mem-info>
</gc-end>
<cycle-end id="404" type="scavenge" contextid="398" timestamp="2019-06-17T06:04:05.128" />
  <attribute name="elasticGC enabled" value="1" />
  <attribute name= "numThreadsSpecified" value="4" />
  <attribute name="heapSize specified" value="8388608" />
  <attribute name="Current GC Util" value="16" />
  <attribute name= "Current Time Running" value="757" />
  <attribute name ="GC Interval" value="200" />
  <attribute name="ProportionalT" value="-4.000000" />
  <attribute name="ProportionalI" value="-4.000000" />
  <attribute name="ProportionalH" value="-4.000000" />
  <attribute name="Current Error" value="-4.000000" />
  <attribute name="IntegralT" value="-20.000000" />
  <attribute name="IntegralI" value="-20.000000" />
  <attribute name="IntegralH" value="-20.000000" />
  <attribute name="DerivativeT" value="-0.800000" />
  <attribute name="DerivativeI" value="-0.800000" />
  <attribute name="DerivativeH" value="-0.800000" />
  <attribute name="Loop Time for DT" value="5.000000" />
  <attribute name="Output H" value="2092630016"/>
  <attribute name="Output I" value="200"/>
  <attribute name="Output T" value="4"/>
  <attribute name="Target GC Util Change" value ="20.000000" />
  <attribute name="Current GC Util Change" value="16.000000"/>
  <attribute name="GC Util currently" value="16" />
  <attribute name="CPU Util currently" value="939791767925" />
<allocation-satisfied id="405" threadId="0000000002679900" bytesRequested="40" />
<af-end id="406" timestamp="2019-06-17T06:04:05.128" threadId="000000000267A288" success="true" from="nursery"/>
<exclusive-end id="407" timestamp="2019-06-17T06:04:05.128" durationms="0.869" />

<exclusive-start id="408" timestamp="2019-06-17T06:04:05.136" intervalms="8.126">
  <response-info timems="0.403" idlems="0.213" threads="1" lastid="0000000002675D00" lastname="Thread-10" />
</exclusive-start>
<af-start id="409" threadId="0000000002681A88" totalBytesRequested="24" timestamp="2019-06-17T06:04:05.136" intervalms="8.135" type="nursery" />
<cycle-start id="410" type="scavenge" contextid="0" timestamp="2019-06-17T06:04:05.136" intervalms="8.128" />
<gc-start id="411" type="scavenge" contextid="410" timestamp="2019-06-17T06:04:05.136">
  <mem-info id="412" free="682912" total="9961472" percent="6">
    <mem type="nursery" free="0" total="3670016" percent="0">
      <mem type="allocate" free="0" total="3276800" percent="0" />
      <mem type="survivor" free="0" total="393216" percent="0" />
    </mem>
    <mem type="tenure" free="682912" total="6291456" percent="10">
      <mem type="soa" free="368544" total="5977088" percent="6" />
      <mem type="loa" free="314368" total="314368" percent="100" />
    </mem>
    <remembered-set count="3358" />
  </mem-info>
</gc-start>
<allocation-stats totalBytes="2974376" >
  <allocated-bytes non-tlh="40" tlh="2974336" />
  <largest-consumer threadName="Thread-8" threadId="0000000002679900" bytes="1068840" />
</allocation-stats>
<gc-op id="413" type="scavenge" timems="0.507" contextid="410" timestamp="2019-06-17T06:04:05.136">
  <scavenger-info tenureage="3" tenuremask="ffc8" tiltratio="89" />
  <memory-copied type="nursery" objects="2537" bytes="61912" bytesdiscarded="200744" />
  <memory-copied type="tenure" objects="906" bytes="21744" bytesdiscarded="0" />
</gc-op>
<gc-end id="414" type="scavenge" contextid="410" durationms="0.721" usertimems="0.000" systemtimems="0.000" timestamp="2019-06-17T06:04:05.136" activeThreads="4">
  <mem-info id="415" free="3697056" total="9961472" percent="37">
    <mem type="nursery" free="3014144" total="3670016" percent="82">
      <mem type="allocate" free="3014144" total="3276800" percent="91" />
      <mem type="survivor" free="0" total="393216" percent="0" />
    </mem>
    <mem type="tenure" free="682912" total="6291456" percent="10">
      <mem type="soa" free="368544" total="5977088" percent="6" />
      <mem type="loa" free="314368" total="314368" percent="100" />
    </mem>
    <remembered-set count="2452" />
  </mem-info>
</gc-end>
<cycle-end id="416" type="scavenge" contextid="410" timestamp="2019-06-17T06:04:05.137" />
  <attribute name="elasticGC enabled" value="1" />
  <attribute name= "numThreadsSpecified" value="4" />
  <attribute name="heapSize specified" value="8388608" />
  <attribute name="Current GC Util" value="9" />
  <attribute name= "Current Time Running" value="766" />
  <attribute name ="GC Interval" value="200" />
  <attribute name="ProportionalT" value="-11.000000" />
  <attribute name="ProportionalI" value="-11.000000" />
  <attribute name="ProportionalH" value="-11.000000" />
  <attribute name="Current Error" value="-11.000000" />
  <attribute name="IntegralT" value="-99.000000" />
  <attribute name="IntegralI" value="-99.000000" />
  <attribute name="IntegralH" value="-99.000000" />
  <attribute name="DerivativeT" value="-1.222222" />
  <attribute name="DerivativeI" value="-1.222222" />
  <attribute name="DerivativeH" value="-1.222222" />
  <attribute name="Loop Time for DT" value="9.000000" />
  <attribute name="Output H" value="2092630016"/>
  <attribute name="Output I" value="200"/>
  <attribute name="Output T" value="4"/>
  <attribute name="Target GC Util Change" value ="20.000000" />
  <attribute name="Current GC Util Change" value="9.000000"/>
  <attribute name="GC Util currently" value="9" />
  <attribute name="CPU Util currently" value="564609665830" />
<allocation-satisfied id="417" threadId="0000000002681100" bytesRequested="24" />
<af-end id="418" timestamp="2019-06-17T06:04:05.137" threadId="0000000002681A88" success="true" from="nursery"/>
<exclusive-end id="419" timestamp="2019-06-17T06:04:05.137" durationms="1.183" />

<exclusive-start id="420" timestamp="2019-06-17T06:04:05.140" intervalms="4.783">
  <response-info timems="0.023" idlems="0.023" threads="0" lastid="0000000002675D00" lastname="Thread-10" />
</exclusive-start>
<af-start id="421" threadId="0000000002676688" totalBytesRequested="40" timestamp="2019-06-17T06:04:05.140" intervalms="4.773" type="nursery" />
<cycle-start id="422" type="scavenge" contextid="0" timestamp="2019-06-17T06:04:05.140" intervalms="4.776" />
<gc-start id="423" type="scavenge" contextid="422" timestamp="2019-06-17T06:04:05.141">
  <mem-info id="424" free="682912" total="9961472" percent="6">
    <mem type="nursery" free="0" total="3670016" percent="0">
      <mem type="allocate" free="0" total="3276800" percent="0" />
      <mem type="survivor" free="0" total="393216" percent="0" />
    </mem>
    <mem type="tenure" free="682912" total="6291456" percent="10">
      <mem type="soa" free="368544" total="5977088" percent="6" />
      <mem type="loa" free="314368" total="314368" percent="100" />
    </mem>
    <remembered-set count="3066" />
  </mem-info>
</gc-start>
<allocation-stats totalBytes="3013416" >
  <allocated-bytes non-tlh="24" tlh="3013392" />
  <largest-consumer threadName="Thread-8" threadId="0000000002679900" bytes="855888" />
</allocation-stats>
<gc-op id="425" type="scavenge" timems="0.297" contextid="422" timestamp="2019-06-17T06:04:05.141">
  <scavenger-info tenureage="3" tenuremask="ffe8" tiltratio="89" />
  <memory-copied type="nursery" objects="2518" bytes="61728" bytesdiscarded="331488" />
  <memory-copied type="tenure" objects="709" bytes="17016" bytesdiscarded="0" />
</gc-op>
<gc-end id="426" type="scavenge" contextid="422" durationms="0.486" usertimems="4.000" systemtimems="0.000" timestamp="2019-06-17T06:04:05.141" activeThreads="4">
  <mem-info id="427" free="3435168" total="9961472" percent="34">
    <mem type="nursery" free="2883584" total="3670016" percent="78">
      <mem type="allocate" free="2883584" total="3276800" percent="88" />
      <mem type="survivor" free="0" total="393216" percent="0" />
    </mem>
    <mem type="tenure" free="551584" total="6291456" percent="8">
      <mem type="soa" free="237216" total="5977088" percent="3" />
      <mem type="loa" free="314368" total="314368" percent="100" />
    </mem>
    <remembered-set count="2357" />
  </mem-info>
</gc-end>
<cycle-end id="428" type="scavenge" contextid="422" timestamp="2019-06-17T06:04:05.141" />
  <attribute name="elasticGC enabled" value="1" />
  <attribute name= "numThreadsSpecified" value="4" />
  <attribute name="heapSize specified" value="8388608" />
  <attribute name="Current GC Util" value="23" />
  <attribute name= "Current Time Running" value="770" />
  <attribute name ="GC Interval" value="200" />
  <attribute name="ProportionalT" value="3.000000" />
  <attribute name="ProportionalI" value="3.000000" />
  <attribute name="ProportionalH" value="3.000000" />
  <attribute name="Current Error" value="3.000000" />
  <attribute name="IntegralT" value="12.000000" />
  <attribute name="IntegralI" value="12.000000" />
  <attribute name="IntegralH" value="12.000000" />
  <attribute name="DerivativeT" value="0.750000" />
  <attribute name="DerivativeI" value="0.750000" />
  <attribute name="DerivativeH" value="0.750000" />
  <attribute name="Loop Time for DT" value="4.000000" />
  <attribute name="Output H" value="8388608"/>
  <attribute name="Output I" value="200"/>
  <attribute name="Output T" value="4"/>
  <attribute name="Target GC Util Change" value ="20.000000" />
  <attribute name="Current GC Util Change" value="23.000000"/>
  <attribute name="GC Util currently" value="23" />
  <attribute name="CPU Util currently" value="970377283438" />
<allocation-satisfied id="429" threadId="0000000002675D00" bytesRequested="40" />
<af-end id="430" timestamp="2019-06-17T06:04:05.141" threadId="0000000002676688" success="true" from="nursery"/>
<exclusive-end id="431" timestamp="2019-06-17T06:04:05.141" durationms="0.929" />

<exclusive-start id="432" timestamp="2019-06-17T06:04:05.144" intervalms="4.064">
  <response-info timems="0.030" idlems="0.030" threads="0" lastid="0000000002679900" lastname="Thread-8" />
</exclusive-start>
<af-start id="433" threadId="000000000267A288" totalBytesRequested="40" timestamp="2019-06-17T06:04:05.144" intervalms="4.059" type="nursery" />
<cycle-start id="434" type="scavenge" contextid="0" timestamp="2019-06-17T06:04:05.145" intervalms="4.049" />
<gc-start id="435" type="scavenge" contextid="434" timestamp="2019-06-17T06:04:05.145">
  <mem-info id="436" free="551584" total="9961472" percent="5">
    <mem type="nursery" free="0" total="3670016" percent="0">
      <mem type="allocate" free="0" total="3276800" percent="0" />
      <mem type="survivor" free="0" total="393216" percent="0" />
    </mem>
    <mem type="tenure" free="551584" total="6291456" percent="8">
      <mem type="soa" free="237216" total="5977088" percent="3" />
      <mem type="loa" free="314368" total="314368" percent="100" />
    </mem>
    <remembered-set count="2920" />
  </mem-info>
</gc-start>
<allocation-stats totalBytes="2882952" >
  <allocated-bytes non-tlh="40" tlh="2882912" />
  <largest-consumer threadName="Thread-7" threadId="000000000267D500" bytes="765800" />
</allocation-stats>
<gc-op id="437" type="scavenge" timems="0.407" contextid="434" timestamp="2019-06-17T06:04:05.145">
  <scavenger-info tenureage="3" tenuremask="ffe8" tiltratio="89" />
  <memory-copied type="nursery" objects="2297" bytes="56304" bytesdiscarded="52752" />
  <memory-copied type="tenure" objects="768" bytes="18432" bytesdiscarded="0" />
</gc-op>
<gc-end id="438" type="scavenge" contextid="434" durationms="0.591" usertimems="0.000" systemtimems="0.000" timestamp="2019-06-17T06:04:05.145" activeThreads="1">
  <mem-info id="439" free="3680160" total="9961472" percent="36">
    <mem type="nursery" free="3167744" total="3670016" percent="86">
      <mem type="allocate" free="3167744" total="3276800" percent="96" />
      <mem type="survivor" free="0" total="393216" percent="0" />
    </mem>
    <mem type="tenure" free="512416" total="6291456" percent="8">
      <mem type="soa" free="198048" total="5977088" percent="3" />
      <mem type="loa" free="314368" total="314368" percent="100" />
    </mem>
    <remembered-set count="2152" />
  </mem-info>
</gc-end>
<cycle-end id="440" type="scavenge" contextid="434" timestamp="2019-06-17T06:04:05.145" />
  <attribute name="elasticGC enabled" value="1" />
  <attribute name= "numThreadsSpecified" value="1" />
  <attribute name="heapSize specified" value="8388608" />
  <attribute name="Current GC Util" value="19" />
  <attribute name= "Current Time Running" value="774" />
  <attribute name ="GC Interval" value="200" />
  <attribute name="ProportionalT" value="-1.000000" />
  <attribute name="ProportionalI" value="-1.000000" />
  <attribute name="ProportionalH" value="-1.000000" />
  <attribute name="Current Error" value="-1.000000" />
  <attribute name="IntegralT" value="-4.000000" />
  <attribute name="IntegralI" value="-4.000000" />
  <attribute name="IntegralH" value="-4.000000" />
  <attribute name="DerivativeT" value="-1.000000" />
  <attribute name="DerivativeI" value="-1.000000" />
  <attribute name="DerivativeH" value="-1.000000" />
  <attribute name="Loop Time for DT" value="4.000000" />
  <attribute name="Output H" value="8388608"/>
  <attribute name="Output I" value="200"/>
  <attribute name="Output T" value="1"/>
  <attribute name="Target GC Util Change" value ="20.000000" />
  <attribute name="Current GC Util Change" value="19.000000"/>
  <attribute name="GC Util currently" value="19" />
  <attribute name="CPU Util currently" value="1142711661252" />
<allocation-satisfied id="441" threadId="0000000002679900" bytesRequested="40" />
<af-end id="442" timestamp="2019-06-17T06:04:05.145" threadId="000000000267A288" success="true" from="nursery"/>
<exclusive-end id="443" timestamp="2019-06-17T06:04:05.145" durationms="0.983" />

<exclusive-start id="444" timestamp="2019-06-17T06:04:05.149" intervalms="4.639">
  <response-info timems="0.055" idlems="0.055" threads="0" lastid="0000000002679900" lastname="Thread-8" />
</exclusive-start>
<af-start id="445" threadId="000000000267A288" totalBytesRequested="40" timestamp="2019-06-17T06:04:05.149" intervalms="4.630" type="nursery" />
<cycle-start id="446" type="scavenge" contextid="0" timestamp="2019-06-17T06:04:05.149" intervalms="4.623" />
<gc-start id="447" type="scavenge" contextid="446" timestamp="2019-06-17T06:04:05.149">
  <mem-info id="448" free="512416" total="9961472" percent="5">
    <mem type="nursery" free="0" total="3670016" percent="0">
      <mem type="allocate" free="0" total="3276800" percent="0" />
      <mem type="survivor" free="0" total="393216" percent="0" />
    </mem>
    <mem type="tenure" free="512416" total="6291456" percent="8">
      <mem type="soa" free="198048" total="5977088" percent="3" />
      <mem type="loa" free="314368" total="314368" percent="100" />
    </mem>
    <remembered-set count="2827" />
  </mem-info>
</gc-start>
<allocation-stats totalBytes="3167216" >
  <allocated-bytes non-tlh="40" tlh="3167176" />
  <largest-consumer threadName="Thread-7" threadId="000000000267D500" bytes="931120" />
</allocation-stats>
<gc-op id="449" type="scavenge" timems="0.280" contextid="446" timestamp="2019-06-17T06:04:05.150">
  <scavenger-info tenureage="3" tenuremask="ffe8" tiltratio="89" />
  <memory-copied type="nursery" objects="2118" bytes="52160" bytesdiscarded="341056" />
  <memory-copied type="tenure" objects="883" bytes="21192" bytesdiscarded="0" />
</gc-op>
<gc-end id="450" type="scavenge" contextid="446" durationms="0.452" usertimems="0.000" systemtimems="0.000" timestamp="2019-06-17T06:04:05.150" activeThreads="4">
  <mem-info id="451" free="3396000" total="9961472" percent="34">
    <mem type="nursery" free="2883584" total="3670016" percent="78">
      <mem type="allocate" free="2883584" total="3276800" percent="88" />
      <mem type="survivor" free="0" total="393216" percent="0" />
    </mem>
    <mem type="tenure" free="512416" total="6291456" percent="8">
      <mem type="soa" free="198048" total="5977088" percent="3" />
      <mem type="loa" free="314368" total="314368" percent="100" />
    </mem>
    <remembered-set count="1944" />
  </mem-info>
</gc-end>
<cycle-end id="452" type="scavenge" contextid="446" timestamp="2019-06-17T06:04:05.150" />
  <attribute name="elasticGC enabled" value="1" />
  <attribute name= "numThreadsSpecified" value="4" />
  <attribute name="heapSize specified" value="8388608" />
  <attribute name="Current GC Util" value="13" />
  <attribute name= "Current Time Running" value="779" />
  <attribute name ="GC Interval" value="200" />
  <attribute name="ProportionalT" value="-7.000000" />
  <attribute name="ProportionalI" value="-7.000000" />
  <attribute name="ProportionalH" value="-7.000000" />
  <attribute name="Current Error" value="-7.000000" />
  <attribute name="IntegralT" value="-35.000000" />
  <attribute name="IntegralI" value="-35.000000" />
  <attribute name="IntegralH" value="-35.000000" />
  <attribute name="DerivativeT" value="-1.400000" />
  <attribute name="DerivativeI" value="-1.400000" />
  <attribute name="DerivativeH" value="-1.400000" />
  <attribute name="Loop Time for DT" value="5.000000" />
  <attribute name="Output H" value="2092630016"/>
  <attribute name="Output I" value="200"/>
  <attribute name="Output T" value="4"/>
  <attribute name="Target GC Util Change" value ="20.000000" />
  <attribute name="Current GC Util Change" value="13.000000"/>
  <attribute name="GC Util currently" value="13" />
  <attribute name="CPU Util currently" value="1000707837821" />
<allocation-satisfied id="453" threadId="0000000002679900" bytesRequested="40" />
<af-end id="454" timestamp="2019-06-17T06:04:05.150" threadId="000000000267A288" success="true" from="nursery"/>
<exclusive-end id="455" timestamp="2019-06-17T06:04:05.150" durationms="0.819" />

<exclusive-start id="456" timestamp="2019-06-17T06:04:05.153" intervalms="4.096">
  <response-info timems="0.027" idlems="0.027" threads="0" lastid="0000000002679900" lastname="Thread-8" />
</exclusive-start>
<af-start id="457" threadId="000000000267A288" totalBytesRequested="24" timestamp="2019-06-17T06:04:05.153" intervalms="4.110" type="nursery" />
<cycle-start id="458" type="scavenge" contextid="0" timestamp="2019-06-17T06:04:05.153" intervalms="4.117" />
<gc-start id="459" type="scavenge" contextid="458" timestamp="2019-06-17T06:04:05.153">
  <mem-info id="460" free="512416" total="9961472" percent="5">
    <mem type="nursery" free="0" total="3670016" percent="0">
      <mem type="allocate" free="0" total="3276800" percent="0" />
      <mem type="survivor" free="0" total="393216" percent="0" />
    </mem>
    <mem type="tenure" free="512416" total="6291456" percent="8">
      <mem type="soa" free="198048" total="5977088" percent="3" />
      <mem type="loa" free="314368" total="314368" percent="100" />
    </mem>
    <remembered-set count="2404" />
  </mem-info>
</gc-start>
<allocation-stats totalBytes="2883088" >
  <allocated-bytes non-tlh="40" tlh="2883048" />
  <largest-consumer threadName="Thread-7" threadId="000000000267D500" bytes="966392" />
</allocation-stats>
<gc-op id="461" type="scavenge" timems="0.297" contextid="458" timestamp="2019-06-17T06:04:05.154">
  <scavenger-info tenureage="3" tenuremask="ffe8" tiltratio="89" />
  <memory-copied type="nursery" objects="1995" bytes="49304" bytesdiscarded="343912" />
  <memory-copied type="tenure" objects="613" bytes="14712" bytesdiscarded="0" />
</gc-op>
<gc-end id="462" type="scavenge" contextid="458" durationms="0.477" usertimems="0.000" systemtimems="0.000" timestamp="2019-06-17T06:04:05.154" activeThreads="4">
  <mem-info id="463" free="3264672" total="9961472" percent="32">
    <mem type="nursery" free="2883584" total="3670016" percent="78">
      <mem type="allocate" free="2883584" total="3276800" percent="88" />
      <mem type="survivor" free="0" total="393216" percent="0" />
    </mem>
    <mem type="tenure" free="381088" total="6291456" percent="6">
      <mem type="soa" free="66720" total="5977088" percent="1" />
      <mem type="loa" free="314368" total="314368" percent="100" />
    </mem>
    <remembered-set count="1791" />
  </mem-info>
</gc-end>
<cycle-end id="464" type="scavenge" contextid="458" timestamp="2019-06-17T06:04:05.154" />
  <attribute name="elasticGC enabled" value="1" />
  <attribute name= "numThreadsSpecified" value="4" />
  <attribute name="heapSize specified" value="8388608" />
  <attribute name="Current GC Util" value="18" />
  <attribute name= "Current Time Running" value="783" />
  <attribute name ="GC Interval" value="200" />
  <attribute name="ProportionalT" value="-2.000000" />
  <attribute name="ProportionalI" value="-2.000000" />
  <attribute name="ProportionalH" value="-2.000000" />
  <attribute name="Current Error" value="-2.000000" />
  <attribute name="IntegralT" value="-8.000000" />
  <attribute name="IntegralI" value="-8.000000" />
  <attribute name="IntegralH" value="-8.000000" />
  <attribute name="DerivativeT" value="-0.500000" />
  <attribute name="DerivativeI" value="-0.500000" />
  <attribute name="DerivativeH" value="-0.500000" />
  <attribute name="Loop Time for DT" value="4.000000" />
  <attribute name="Output H" value="2092630016"/>
  <attribute name="Output I" value="200"/>
  <attribute name="Output T" value="4"/>
  <attribute name="Target GC Util Change" value ="20.000000" />
  <attribute name="Current GC Util Change" value="18.000000"/>
  <attribute name="GC Util currently" value="18" />
  <attribute name="CPU Util currently" value="1118943118064" />
<allocation-satisfied id="465" threadId="0000000002679900" bytesRequested="24" />
<af-end id="466" timestamp="2019-06-17T06:04:05.154" threadId="000000000267A288" success="true" from="nursery"/>
<exclusive-end id="467" timestamp="2019-06-17T06:04:05.154" durationms="0.871" />

<exclusive-start id="468" timestamp="2019-06-17T06:04:05.157" intervalms="3.719">
  <response-info timems="0.020" idlems="0.019" threads="1" lastid="0000000002681100" lastname="Thread-9" />
</exclusive-start>
<af-start id="469" threadId="0000000002676688" totalBytesRequested="40" timestamp="2019-06-17T06:04:05.157" intervalms="3.748" type="nursery" />
<cycle-start id="470" type="scavenge" contextid="0" timestamp="2019-06-17T06:04:05.157" intervalms="3.762" />
<gc-start id="471" type="scavenge" contextid="470" timestamp="2019-06-17T06:04:05.157">
  <mem-info id="472" free="381088" total="9961472" percent="3">
    <mem type="nursery" free="0" total="3670016" percent="0">
      <mem type="allocate" free="0" total="3276800" percent="0" />
      <mem type="survivor" free="0" total="393216" percent="0" />
    </mem>
    <mem type="tenure" free="381088" total="6291456" percent="6">
      <mem type="soa" free="66720" total="5977088" percent="1" />
      <mem type="loa" free="314368" total="314368" percent="100" />
    </mem>
    <remembered-set count="2299" />
  </mem-info>
</gc-start>
<allocation-stats totalBytes="2883008" >
  <allocated-bytes non-tlh="24" tlh="2882984" />
  <largest-consumer threadName="Thread-8" threadId="0000000002679900" bytes="909240" />
</allocation-stats>
<gc-op id="473" type="scavenge" timems="0.382" contextid="470" timestamp="2019-06-17T06:04:05.158">
  <scavenger-info tenureage="3" tenuremask="ffe8" tiltratio="89" />
  <memory-copied type="nursery" objects="1951" bytes="48392" bytesdiscarded="29944" />
  <memory-copied type="tenure" objects="567" bytes="13608" bytesdiscarded="0" />
</gc-op>
<gc-end id="474" type="scavenge" contextid="470" durationms="0.571" usertimems="0.000" systemtimems="0.000" timestamp="2019-06-17T06:04:05.158" activeThreads="1">
  <mem-info id="475" free="3579552" total="9961472" percent="35">
    <mem type="nursery" free="3198464" total="3670016" percent="87">
      <mem type="allocate" free="3198464" total="3276800" percent="97" />
      <mem type="survivor" free="0" total="393216" percent="0" />
    </mem>
    <mem type="tenure" free="381088" total="6291456" percent="6">
      <mem type="soa" free="66720" total="5977088" percent="1" />
      <mem type="loa" free="314368" total="314368" percent="100" />
    </mem>
    <remembered-set count="1732" />
  </mem-info>
</gc-end>
<cycle-end id="476" type="scavenge" contextid="470" timestamp="2019-06-17T06:04:05.158" />
  <attribute name="elasticGC enabled" value="1" />
  <attribute name= "numThreadsSpecified" value="1" />
  <attribute name="heapSize specified" value="8388608" />
  <attribute name="Current GC Util" value="20" />
  <attribute name= "Current Time Running" value="787" />
  <attribute name ="GC Interval" value="200" />
  <attribute name="ProportionalT" value="0.000000" />
  <attribute name="ProportionalI" value="0.000000" />
  <attribute name="ProportionalH" value="0.000000" />
  <attribute name="Current Error" value="0.000000" />
  <attribute name="IntegralT" value="0.000000" />
  <attribute name="IntegralI" value="0.000000" />
  <attribute name="IntegralH" value="0.000000" />
  <attribute name="DerivativeT" value="0.000000" />
  <attribute name="DerivativeI" value="0.000000" />
  <attribute name="DerivativeH" value="0.000000" />
  <attribute name="Loop Time for DT" value="4.000000" />
  <attribute name="Output H" value="8388608"/>
  <attribute name="Output I" value="200"/>
  <attribute name="Output T" value="1"/>
  <attribute name="Target GC Util Change" value ="20.000000" />
  <attribute name="Current GC Util Change" value="20.000000"/>
  <attribute name="GC Util currently" value="20" />
  <attribute name="CPU Util currently" value="1218310352873" />
<allocation-satisfied id="477" threadId="0000000002675D00" bytesRequested="40" />
<af-end id="478" timestamp="2019-06-17T06:04:05.158" threadId="0000000002676688" success="true" from="nursery"/>
<exclusive-end id="479" timestamp="2019-06-17T06:04:05.158" durationms="1.107" />

<exclusive-start id="480" timestamp="2019-06-17T06:04:05.165" intervalms="7.979">
  <response-info timems="0.148" idlems="0.101" threads="1" lastid="0000000002679900" lastname="Thread-8" />
</exclusive-start>
<af-start id="481" threadId="000000000267DE88" totalBytesRequested="24" timestamp="2019-06-17T06:04:05.165" intervalms="7.961" type="nursery" />
<cycle-start id="482" type="scavenge" contextid="0" timestamp="2019-06-17T06:04:05.165" intervalms="7.953" />
<gc-start id="483" type="scavenge" contextid="482" timestamp="2019-06-17T06:04:05.165">
  <mem-info id="484" free="381088" total="9961472" percent="3">
    <mem type="nursery" free="0" total="3670016" percent="0">
      <mem type="allocate" free="0" total="3276800" percent="0" />
      <mem type="survivor" free="0" total="393216" percent="0" />
    </mem>
    <mem type="tenure" free="381088" total="6291456" percent="6">
      <mem type="soa" free="66720" total="5977088" percent="1" />
      <mem type="loa" free="314368" total="314368" percent="100" />
    </mem>
    <remembered-set count="2152" />
  </mem-info>
</gc-start>
<allocation-stats totalBytes="3197720" >
  <allocated-bytes non-tlh="40" tlh="3197680" />
  <largest-consumer threadName="Thread-10" threadId="0000000002675D00" bytes="904944" />
</allocation-stats>
<gc-op id="485" type="scavenge" timems="1.636" contextid="482" timestamp="2019-06-17T06:04:05.167">
  <scavenger-info tenureage="14" tenuremask="4000" tiltratio="89" />
  <memory-copied type="nursery" objects="2237" bytes="54728" bytesdiscarded="338488" />
</gc-op>
<heap-resize id="486" type="expand" space="nursery" amount="393216" count="1" timems="0.015" reason="excessive time being spent scavenging" timestamp="2019-06-17T06:04:05.167" />
<gc-end id="487" type="scavenge" contextid="482" durationms="2.147" usertimems="4.000" systemtimems="0.000" timestamp="2019-06-17T06:04:05.167" activeThreads="4">
  <mem-info id="488" free="3592352" total="10354688" percent="34">
    <mem type="nursery" free="3211264" total="4063232" percent="79">
      <mem type="allocate" free="3211264" total="3604480" percent="89" />
      <mem type="survivor" free="0" total="458752" percent="0" />
    </mem>
    <mem type="tenure" free="381088" total="6291456" percent="6">
      <mem type="soa" free="66720" total="5977088" percent="1" />
      <mem type="loa" free="314368" total="314368" percent="100" />
    </mem>
    <remembered-set count="2152" />
  </mem-info>
</gc-end>
<cycle-end id="489" type="scavenge" contextid="482" timestamp="2019-06-17T06:04:05.167" />
  <attribute name="elasticGC enabled" value="1" />
  <attribute name= "numThreadsSpecified" value="4" />
  <attribute name="heapSize specified" value="8388608" />
  <attribute name="Current GC Util" value="7" />
  <attribute name= "Current Time Running" value="795" />
  <attribute name ="GC Interval" value="200" />
  <attribute name="ProportionalT" value="-13.000000" />
  <attribute name="ProportionalI" value="-13.000000" />
  <attribute name="ProportionalH" value="-13.000000" />
  <attribute name="Current Error" value="-13.000000" />
  <attribute name="IntegralT" value="-104.000000" />
  <attribute name="IntegralI" value="-104.000000" />
  <attribute name="IntegralH" value="-104.000000" />
  <attribute name="DerivativeT" value="-1.625000" />
  <attribute name="DerivativeI" value="-1.625000" />
  <attribute name="DerivativeH" value="-1.625000" />
  <attribute name="Loop Time for DT" value="8.000000" />
  <attribute name="Output H" value="2092630016"/>
  <attribute name="Output I" value="200"/>
  <attribute name="Output T" value="4"/>
  <attribute name="Target GC Util Change" value ="20.000000" />
  <attribute name="Current GC Util Change" value="7.000000"/>
  <attribute name="GC Util currently" value="7" />
  <attribute name="CPU Util currently" value="579447587175" />
<allocation-satisfied id="490" threadId="000000000267D500" bytesRequested="24" />
<af-end id="491" timestamp="2019-06-17T06:04:05.168" threadId="000000000267DE88" success="true" from="nursery"/>
<exclusive-end id="492" timestamp="2019-06-17T06:04:05.168" durationms="2.715" />

<exclusive-start id="493" timestamp="2019-06-17T06:04:05.170" intervalms="5.137">
  <response-info timems="0.023" idlems="0.023" threads="0" lastid="0000000002679900" lastname="Thread-8" />
</exclusive-start>
<af-start id="494" threadId="000000000267A288" totalBytesRequested="40" timestamp="2019-06-17T06:04:05.170" intervalms="5.120" type="nursery" />
<cycle-start id="495" type="scavenge" contextid="0" timestamp="2019-06-17T06:04:05.170" intervalms="5.114" />
<gc-start id="496" type="scavenge" contextid="495" timestamp="2019-06-17T06:04:05.170">
  <mem-info id="497" free="381088" total="10354688" percent="3">
    <mem type="nursery" free="0" total="4063232" percent="0">
      <mem type="allocate" free="0" total="3604480" percent="0" />
      <mem type="survivor" free="0" total="458752" percent="0" />
    </mem>
    <mem type="tenure" free="381088" total="6291456" percent="6">
      <mem type="soa" free="66720" total="5977088" percent="1" />
      <mem type="loa" free="314368" total="314368" percent="100" />
    </mem>
    <remembered-set count="2441" />
  </mem-info>
</gc-start>
<allocation-stats totalBytes="3210576" >
  <allocated-bytes non-tlh="24" tlh="3210552" />
  <largest-consumer threadName="Thread-7" threadId="000000000267D500" bytes="958256" />
</allocation-stats>
<gc-op id="498" type="scavenge" timems="0.300" contextid="495" timestamp="2019-06-17T06:04:05.171">
  <scavenger-info tenureage="4" tenuremask="4010" tiltratio="88" />
  <memory-copied type="nursery" objects="2051" bytes="50384" bytesdiscarded="282160" />
  <memory-copied type="tenure" objects="675" bytes="16200" bytesdiscarded="0" />
</gc-op>
<gc-end id="499" type="scavenge" contextid="495" durationms="0.477" usertimems="0.000" systemtimems="0.000" timestamp="2019-06-17T06:04:05.171" activeThreads="4">
  <mem-info id="500" free="3653024" total="10354688" percent="35">
    <mem type="nursery" free="3271936" total="4063232" percent="80">
      <mem type="allocate" free="3271936" total="3604480" percent="90" />
      <mem type="survivor" free="0" total="458752" percent="0" />
    </mem>
    <mem type="tenure" free="381088" total="6291456" percent="6">
      <mem type="soa" free="66720" total="5977088" percent="1" />
      <mem type="loa" free="314368" total="314368" percent="100" />
    </mem>
    <remembered-set count="1766" />
  </mem-info>
</gc-end>
<cycle-end id="501" type="scavenge" contextid="495" timestamp="2019-06-17T06:04:05.171" />
  <attribute name="elasticGC enabled" value="1" />
  <attribute name= "numThreadsSpecified" value="4" />
  <attribute name="heapSize specified" value="8388608" />
  <attribute name="Current GC Util" value="51" />
  <attribute name= "Current Time Running" value="800" />
  <attribute name ="GC Interval" value="200" />
  <attribute name="ProportionalT" value="31.000000" />
  <attribute name="ProportionalI" value="31.000000" />
  <attribute name="ProportionalH" value="31.000000" />
  <attribute name="Current Error" value="31.000000" />
  <attribute name="IntegralT" value="155.000000" />
  <attribute name="IntegralI" value="155.000000" />
  <attribute name="IntegralH" value="155.000000" />
  <attribute name="DerivativeT" value="6.200000" />
  <attribute name="DerivativeI" value="6.200000" />
  <attribute name="DerivativeH" value="6.200000" />
  <attribute name="Loop Time for DT" value="5.000000" />
  <attribute name="Output H" value="8388608"/>
  <attribute name="Output I" value="200"/>
  <attribute name="Output T" value="4"/>
  <attribute name="Target GC Util Change" value ="20.000000" />
  <attribute name="Current GC Util Change" value="51.000000"/>
  <attribute name="GC Util currently" value="51" />
  <attribute name="CPU Util currently" value="903281752101" />
<allocation-satisfied id="502" threadId="0000000002679900" bytesRequested="40" />
<af-end id="503" timestamp="2019-06-17T06:04:05.171" threadId="000000000267A288" success="true" from="nursery"/>
<exclusive-end id="504" timestamp="2019-06-17T06:04:05.171" durationms="0.889" />

<exclusive-start id="505" timestamp="2019-06-17T06:04:05.176" intervalms="6.379">
  <response-info timems="0.143" idlems="0.091" threads="2" lastid="000000000267D500" lastname="Thread-7" />
</exclusive-start>
<af-start id="506" threadId="000000000267A288" totalBytesRequested="40" timestamp="2019-06-17T06:04:05.176" intervalms="6.388" type="nursery" />
<cycle-start id="507" type="scavenge" contextid="0" timestamp="2019-06-17T06:04:05.176" intervalms="6.385" />
<gc-start id="508" type="scavenge" contextid="507" timestamp="2019-06-17T06:04:05.177">
  <mem-info id="509" free="380832" total="10354688" percent="3">
    <mem type="nursery" free="0" total="4063232" percent="0">
      <mem type="allocate" free="0" total="3604480" percent="0" />
      <mem type="survivor" free="0" total="458752" percent="0" />
    </mem>
    <mem type="tenure" free="380832" total="6291456" percent="6">
      <mem type="soa" free="66464" total="5977088" percent="1" />
      <mem type="loa" free="314368" total="314368" percent="100" />
    </mem>
    <remembered-set count="2050" />
  </mem-info>
</gc-start>
<allocation-stats totalBytes="3270848" >
  <allocated-bytes non-tlh="296" tlh="3270552" />
  <largest-consumer threadName="Thread-8" threadId="0000000002679900" bytes="1167232" />
</allocation-stats>
<gc-op id="510" type="scavenge" timems="0.327" contextid="507" timestamp="2019-06-17T06:04:05.177">
  <scavenger-info tenureage="3" tenuremask="4018" tiltratio="88" />
  <memory-copied type="nursery" objects="2215" bytes="56336" bytesdiscarded="214768" />
  <memory-copied type="tenure" objects="968" bytes="23232" bytesdiscarded="0" />
</gc-op>
<gc-end id="511" type="scavenge" contextid="507" durationms="0.493" usertimems="0.000" systemtimems="0.000" timestamp="2019-06-17T06:04:05.177" activeThreads="4">
  <mem-info id="512" free="3714208" total="10354688" percent="35">
    <mem type="nursery" free="3333376" total="4063232" percent="82">
      <mem type="allocate" free="3333376" total="3604480" percent="92" />
      <mem type="survivor" free="0" total="458752" percent="0" />
    </mem>
    <mem type="tenure" free="380832" total="6291456" percent="6">
      <mem type="soa" free="66464" total="5977088" percent="1" />
      <mem type="loa" free="314368" total="314368" percent="100" />
    </mem>
    <remembered-set count="1078" />
  </mem-info>
</gc-end>
<cycle-end id="513" type="scavenge" contextid="507" timestamp="2019-06-17T06:04:05.177" />
  <attribute name="elasticGC enabled" value="1" />
  <attribute name= "numThreadsSpecified" value="4" />
  <attribute name="heapSize specified" value="8388608" />
  <attribute name="Current GC Util" value="12" />
  <attribute name= "Current Time Running" value="806" />
  <attribute name ="GC Interval" value="200" />
  <attribute name="ProportionalT" value="-8.000000" />
  <attribute name="ProportionalI" value="-8.000000" />
  <attribute name="ProportionalH" value="-8.000000" />
  <attribute name="Current Error" value="-8.000000" />
  <attribute name="IntegralT" value="-48.000000" />
  <attribute name="IntegralI" value="-48.000000" />
  <attribute name="IntegralH" value="-48.000000" />
  <attribute name="DerivativeT" value="-6.500000" />
  <attribute name="DerivativeI" value="-6.500000" />
  <attribute name="DerivativeH" value="-6.500000" />
  <attribute name="Loop Time for DT" value="6.000000" />
  <attribute name="Output H" value="2092630016"/>
  <attribute name="Output I" value="200"/>
  <attribute name="Output T" value="4"/>
  <attribute name="Target GC Util Change" value ="20.000000" />
  <attribute name="Current GC Util Change" value="12.000000"/>
  <attribute name="GC Util currently" value="12" />
  <attribute name="CPU Util currently" value="724254018951" />
<allocation-satisfied id="514" threadId="0000000002679900" bytesRequested="40" />
<af-end id="515" timestamp="2019-06-17T06:04:05.177" threadId="000000000267A288" success="true" from="nursery"/>
<exclusive-end id="516" timestamp="2019-06-17T06:04:05.177" durationms="0.901" />

<exclusive-start id="517" timestamp="2019-06-17T06:04:05.185" intervalms="8.477">
  <response-info timems="0.029" idlems="0.029" threads="0" lastid="0000000002675D00" lastname="Thread-10" />
</exclusive-start>
<af-start id="518" threadId="0000000002676688" totalBytesRequested="40" timestamp="2019-06-17T06:04:05.185" intervalms="8.535" type="nursery" />
<cycle-start id="519" type="scavenge" contextid="0" timestamp="2019-06-17T06:04:05.185" intervalms="8.599" />
<gc-start id="520" type="scavenge" contextid="519" timestamp="2019-06-17T06:04:05.185">
  <mem-info id="521" free="380832" total="10354688" percent="3">
    <mem type="nursery" free="0" total="4063232" percent="0">
      <mem type="allocate" free="0" total="3604480" percent="0" />
      <mem type="survivor" free="0" total="458752" percent="0" />
    </mem>
    <mem type="tenure" free="380832" total="6291456" percent="6">
      <mem type="soa" free="66464" total="5977088" percent="1" />
      <mem type="loa" free="314368" total="314368" percent="100" />
    </mem>
    <remembered-set count="1453" />
  </mem-info>
</gc-start>
<allocation-stats totalBytes="3332904" >
  <allocated-bytes non-tlh="40" tlh="3332864" />
  <largest-consumer threadName="Thread-10" threadId="0000000002675D00" bytes="1343304" />
</allocation-stats>
<gc-op id="522" type="scavenge" timems="0.309" contextid="519" timestamp="2019-06-17T06:04:05.186">
  <scavenger-info tenureage="3" tenuremask="4008" tiltratio="88" />
  <memory-copied type="nursery" objects="2155" bytes="65440" bytesdiscarded="267104" />
  <memory-copied type="tenure" objects="420" bytes="10080" bytesdiscarded="0" />
</gc-op>
<gc-end id="523" type="scavenge" contextid="519" durationms="0.667" usertimems="0.000" systemtimems="0.000" timestamp="2019-06-17T06:04:05.186" activeThreads="4">
  <mem-info id="524" free="3652768" total="10354688" percent="35">
    <mem type="nursery" free="3271936" total="4063232" percent="80">
      <mem type="allocate" free="3271936" total="3604480" percent="90" />
      <mem type="survivor" free="0" total="458752" percent="0" />
    </mem>
    <mem type="tenure" free="380832" total="6291456" percent="6">
      <mem type="soa" free="66464" total="5977088" percent="1" />
      <mem type="loa" free="314368" total="314368" percent="100" />
    </mem>
    <remembered-set count="1032" />
  </mem-info>
</gc-end>
<cycle-end id="525" type="scavenge" contextid="519" timestamp="2019-06-17T06:04:05.186" />
  <attribute name="elasticGC enabled" value="1" />
  <attribute name= "numThreadsSpecified" value="4" />
  <attribute name="heapSize specified" value="8388608" />
  <attribute name="Current GC Util" value="8" />
  <attribute name= "Current Time Running" value="815" />
  <attribute name ="GC Interval" value="200" />
  <attribute name="ProportionalT" value="-12.000000" />
  <attribute name="ProportionalI" value="-12.000000" />
  <attribute name="ProportionalH" value="-12.000000" />
  <attribute name="Current Error" value="-12.000000" />
  <attribute name="IntegralT" value="-108.000000" />
  <attribute name="IntegralI" value="-108.000000" />
  <attribute name="IntegralH" value="-108.000000" />
  <attribute name="DerivativeT" value="-1.333333" />
  <attribute name="DerivativeI" value="-1.333333" />
  <attribute name="DerivativeH" value="-1.333333" />
  <attribute name="Loop Time for DT" value="9.000000" />
  <attribute name="Output H" value="2092630016"/>
  <attribute name="Output I" value="200"/>
  <attribute name="Output T" value="4"/>
  <attribute name="Target GC Util Change" value ="20.000000" />
  <attribute name="Current GC Util Change" value="8.000000"/>
  <attribute name="GC Util currently" value="8" />
  <attribute name="CPU Util currently" value="523807551553" />
<allocation-satisfied id="526" threadId="0000000002675D00" bytesRequested="40" />
<af-end id="527" timestamp="2019-06-17T06:04:05.186" threadId="0000000002676688" success="true" from="nursery"/>
<exclusive-end id="528" timestamp="2019-06-17T06:04:05.186" durationms="1.354" />

<exclusive-start id="529" timestamp="2019-06-17T06:04:05.190" intervalms="5.292">
  <response-info timems="0.026" idlems="0.026" threads="0" lastid="0000000002675D00" lastname="Thread-10" />
</exclusive-start>
<af-start id="530" threadId="0000000002676688" totalBytesRequested="40" timestamp="2019-06-17T06:04:05.190" intervalms="5.241" type="nursery" />
<cycle-start id="531" type="scavenge" contextid="0" timestamp="2019-06-17T06:04:05.190" intervalms="5.187" />
<gc-start id="532" type="scavenge" contextid="531" timestamp="2019-06-17T06:04:05.190">
  <mem-info id="533" free="380832" total="10354688" percent="3">
    <mem type="nursery" free="0" total="4063232" percent="0">
      <mem type="allocate" free="0" total="3604480" percent="0" />
      <mem type="survivor" free="0" total="458752" percent="0" />
    </mem>
    <mem type="tenure" free="380832" total="6291456" percent="6">
      <mem type="soa" free="66464" total="5977088" percent="1" />
      <mem type="loa" free="314368" total="314368" percent="100" />
    </mem>
    <remembered-set count="1231" />
  </mem-info>
</gc-start>
<allocation-stats totalBytes="3271448" >
  <allocated-bytes non-tlh="40" tlh="3271408" />
  <largest-consumer threadName="Thread-7" threadId="000000000267D500" bytes="1657856" />
</allocation-stats>
<gc-op id="534" type="scavenge" timems="0.267" contextid="531" timestamp="2019-06-17T06:04:05.191">
  <scavenger-info tenureage="3" tenuremask="4008" tiltratio="88" />
  <memory-copied type="nursery" objects="1991" bytes="68144" bytesdiscarded="264400" />
  <memory-copied type="tenure" objects="436" bytes="10464" bytesdiscarded="0" />
</gc-op>
<gc-end id="535" type="scavenge" contextid="531" durationms="0.456" usertimems="0.000" systemtimems="0.000" timestamp="2019-06-17T06:04:05.191" activeThreads="4">
  <mem-info id="536" free="3652768" total="10354688" percent="35">
    <mem type="nursery" free="3271936" total="4063232" percent="80">
      <mem type="allocate" free="3271936" total="3604480" percent="90" />
      <mem type="survivor" free="0" total="458752" percent="0" />
    </mem>
    <mem type="tenure" free="380832" total="6291456" percent="6">
      <mem type="soa" free="66464" total="5977088" percent="1" />
      <mem type="loa" free="314368" total="314368" percent="100" />
    </mem>
    <remembered-set count="934" />
  </mem-info>
</gc-end>
<cycle-end id="537" type="scavenge" contextid="531" timestamp="2019-06-17T06:04:05.191" />
  <attribute name="elasticGC enabled" value="1" />
  <attribute name= "numThreadsSpecified" value="4" />
  <attribute name="heapSize specified" value="8388608" />
  <attribute name="Current GC Util" value="15" />
  <attribute name= "Current Time Running" value="820" />
  <attribute name ="GC Interval" value="200" />
  <attribute name="ProportionalT" value="-5.000000" />
  <attribute name="ProportionalI" value="-5.000000" />
  <attribute name="ProportionalH" value="-5.000000" />
  <attribute name="Current Error" value="-5.000000" />
  <attribute name="IntegralT" value="-25.000000" />
  <attribute name="IntegralI" value="-25.000000" />
  <attribute name="IntegralH" value="-25.000000" />
  <attribute name="DerivativeT" value="-1.000000" />
  <attribute name="DerivativeI" value="-1.000000" />
  <attribute name="DerivativeH" value="-1.000000" />
  <attribute name="Loop Time for DT" value="5.000000" />
  <attribute name="Output H" value="2092630016"/>
  <attribute name="Output I" value="200"/>
  <attribute name="Output T" value="4"/>
  <attribute name="Target GC Util Change" value ="20.000000" />
  <attribute name="Current GC Util Change" value="15.000000"/>
  <attribute name="GC Util currently" value="15" />
  <attribute name="CPU Util currently" value="920804432317" />
<allocation-satisfied id="538" threadId="0000000002675D00" bytesRequested="40" />
<af-end id="539" timestamp="2019-06-17T06:04:05.191" threadId="0000000002676688" success="true" from="nursery"/>
<exclusive-end id="540" timestamp="2019-06-17T06:04:05.191" durationms="0.911" />

<exclusive-start id="541" timestamp="2019-06-17T06:04:05.196" intervalms="5.981">
  <response-info timems="0.042" idlems="0.042" threads="0" lastid="0000000002675D00" lastname="Thread-10" />
</exclusive-start>
<af-start id="542" threadId="0000000002676688" totalBytesRequested="40" timestamp="2019-06-17T06:04:05.196" intervalms="5.974" type="nursery" />
<cycle-start id="543" type="scavenge" contextid="0" timestamp="2019-06-17T06:04:05.196" intervalms="5.977" />
<gc-start id="544" type="scavenge" contextid="543" timestamp="2019-06-17T06:04:05.196">
  <mem-info id="545" free="380832" total="10354688" percent="3">
    <mem type="nursery" free="0" total="4063232" percent="0">
      <mem type="allocate" free="0" total="3604480" percent="0" />
      <mem type="survivor" free="0" total="458752" percent="0" />
    </mem>
    <mem type="tenure" free="380832" total="6291456" percent="6">
      <mem type="soa" free="66464" total="5977088" percent="1" />
      <mem type="loa" free="314368" total="314368" percent="100" />
    </mem>
    <remembered-set count="1201" />
  </mem-info>
</gc-start>
<allocation-stats totalBytes="3271384" >
  <allocated-bytes non-tlh="40" tlh="3271344" />
  <largest-consumer threadName="Thread-10" threadId="0000000002675D00" bytes="1539856" />
</allocation-stats>
<gc-op id="546" type="scavenge" timems="0.261" contextid="543" timestamp="2019-06-17T06:04:05.197">
  <scavenger-info tenureage="3" tenuremask="4008" tiltratio="88" />
  <memory-copied type="nursery" objects="1034" bytes="44872" bytesdiscarded="287672" />
  <memory-copied type="tenure" objects="1162" bytes="30056" bytesdiscarded="0" />
</gc-op>
<gc-end id="547" type="scavenge" contextid="543" durationms="0.445" usertimems="4.000" systemtimems="0.000" timestamp="2019-06-17T06:04:05.197" activeThreads="4">
  <mem-info id="548" free="3613600" total="10354688" percent="34">
    <mem type="nursery" free="3271936" total="4063232" percent="80">
      <mem type="allocate" free="3271936" total="3604480" percent="90" />
      <mem type="survivor" free="0" total="458752" percent="0" />
    </mem>
    <mem type="tenure" free="341664" total="6291456" percent="5">
      <mem type="soa" free="27296" total="5977088" percent="0" />
      <mem type="loa" free="314368" total="314368" percent="100" />
    </mem>
    <remembered-set count="926" />
  </mem-info>
</gc-end>
<cycle-end id="549" type="scavenge" contextid="543" timestamp="2019-06-17T06:04:05.197" />
  <attribute name="elasticGC enabled" value="1" />
  <attribute name= "numThreadsSpecified" value="4" />
  <attribute name="heapSize specified" value="8388608" />
  <attribute name="Current GC Util" value="11" />
  <attribute name= "Current Time Running" value="826" />
  <attribute name ="GC Interval" value="200" />
  <attribute name="ProportionalT" value="-9.000000" />
  <attribute name="ProportionalI" value="-9.000000" />
  <attribute name="ProportionalH" value="-9.000000" />
  <attribute name="Current Error" value="-9.000000" />
  <attribute name="IntegralT" value="-54.000000" />
  <attribute name="IntegralI" value="-54.000000" />
  <attribute name="IntegralH" value="-54.000000" />
  <attribute name="DerivativeT" value="-1.500000" />
  <attribute name="DerivativeI" value="-1.500000" />
  <attribute name="DerivativeH" value="-1.500000" />
  <attribute name="Loop Time for DT" value="6.000000" />
  <attribute name="Output H" value="2092630016"/>
  <attribute name="Output I" value="200"/>
  <attribute name="Output T" value="4"/>
  <attribute name="Target GC Util Change" value ="20.000000" />
  <attribute name="Current GC Util Change" value="11.000000"/>
  <attribute name="GC Util currently" value="11" />
  <attribute name="CPU Util currently" value="772264702724" />
<allocation-satisfied id="550" threadId="0000000002675D00" bytesRequested="40" />
<af-end id="551" timestamp="2019-06-17T06:04:05.197" threadId="0000000002676688" success="true" from="nursery"/>
<exclusive-end id="552" timestamp="2019-06-17T06:04:05.197" durationms="0.906" />

<concurrent-kickoff id="553" timestamp="2019-06-17T06:04:05.201">
  <kickoff reason="threshold reached" targetBytes="1867303" thresholdFreeBytes="258534"  remainingFree="236760" tenureFreeBytes="341664" nurseryFreeBytes="236760" />
</concurrent-kickoff>
<exclusive-start id="554" timestamp="2019-06-17T06:04:05.201" intervalms="4.882">
  <response-info timems="0.021" idlems="0.021" threads="0" lastid="0000000002679900" lastname="Thread-8" />
</exclusive-start>
<cycle-start id="555" type="global" contextid="0" timestamp="2019-06-17T06:04:05.201" intervalms="497.412" />
<exclusive-end id="556" timestamp="2019-06-17T06:04:05.201" durationms="0.112" />

<exclusive-start id="557" timestamp="2019-06-17T06:04:05.201" intervalms="0.456">
  <response-info timems="0.023" idlems="0.023" threads="0" lastid="0000000002681100" lastname="Thread-9" />
</exclusive-start>
<af-start id="558" threadId="0000000002681A88" totalBytesRequested="48" timestamp="2019-06-17T06:04:05.202" intervalms="5.336" type="nursery" />
<cycle-start id="559" type="scavenge" contextid="0" timestamp="2019-06-17T06:04:05.202" intervalms="5.333" />
<gc-start id="560" type="scavenge" contextid="559" timestamp="2019-06-17T06:04:05.202">
  <mem-info id="561" free="341664" total="10354688" percent="3">
    <mem type="nursery" free="0" total="4063232" percent="0">
      <mem type="allocate" free="0" total="3604480" percent="0" />
      <mem type="survivor" free="0" total="458752" percent="0" />
    </mem>
    <mem type="tenure" free="341664" total="6291456" percent="5">
      <mem type="soa" free="27296" total="5977088" percent="0" />
      <mem type="loa" free="314368" total="314368" percent="100" />
    </mem>
    <remembered-set count="1149" />
  </mem-info>
</gc-start>
<allocation-stats totalBytes="3271240" >
  <allocated-bytes non-tlh="40" tlh="3271200" />
  <largest-consumer threadName="Thread-8" threadId="0000000002679900" bytes="1203904" />
</allocation-stats>
<gc-op id="562" type="scavenge" timems="0.493" contextid="559" timestamp="2019-06-17T06:04:05.202">
  <scavenger-info tenureage="3" tenuremask="4008" tiltratio="88" />
  <memory-copied type="nursery" objects="3155" bytes="164536" bytesdiscarded="106568" />
  <memory-copied type="tenure" objects="386" bytes="19904" bytesdiscarded="0" />
</gc-op>
<gc-end id="563" type="scavenge" contextid="559" durationms="0.699" usertimems="0.000" systemtimems="0.000" timestamp="2019-06-17T06:04:05.202" activeThreads="4">
  <mem-info id="564" free="3675040" total="10354688" percent="35">
    <mem type="nursery" free="3333376" total="4063232" percent="82">
      <mem type="allocate" free="3333376" total="3604480" percent="92" />
      <mem type="survivor" free="0" total="458752" percent="0" />
    </mem>
    <mem type="tenure" free="341664" total="6291456" percent="5">
      <mem type="soa" free="27296" total="5977088" percent="0" />
      <mem type="loa" free="314368" total="314368" percent="100" />
    </mem>
    <remembered-set count="778" />
  </mem-info>
</gc-end>
<cycle-end id="565" type="scavenge" contextid="559" timestamp="2019-06-17T06:04:05.202" />
  <attribute name="elasticGC enabled" value="1" />
  <attribute name= "numThreadsSpecified" value="4" />
  <attribute name="heapSize specified" value="8388608" />
  <attribute name="Current GC Util" value="12" />
  <attribute name= "Current Time Running" value="831" />
  <attribute name ="GC Interval" value="200" />
  <attribute name="ProportionalT" value="-8.000000" />
  <attribute name="ProportionalI" value="-8.000000" />
  <attribute name="ProportionalH" value="-8.000000" />
  <attribute name="Current Error" value="-8.000000" />
  <attribute name="IntegralT" value="-40.000000" />
  <attribute name="IntegralI" value="-40.000000" />
  <attribute name="IntegralH" value="-40.000000" />
  <attribute name="DerivativeT" value="-1.600000" />
  <attribute name="DerivativeI" value="-1.600000" />
  <attribute name="DerivativeH" value="-1.600000" />
  <attribute name="Loop Time for DT" value="5.000000" />
  <attribute name="Output H" value="2092630016"/>
  <attribute name="Output I" value="200"/>
  <attribute name="Output T" value="4"/>
  <attribute name="Target GC Util Change" value ="20.000000" />
  <attribute name="Current GC Util Change" value="12.000000"/>
  <attribute name="GC Util currently" value="12" />
  <attribute name="CPU Util currently" value="864115843035" />
<allocation-satisfied id="566" threadId="0000000002681100" bytesRequested="48" />
<af-end id="567" timestamp="2019-06-17T06:04:05.203" threadId="0000000002681A88" success="true" from="nursery"/>
<exclusive-end id="568" timestamp="2019-06-17T06:04:05.203" durationms="1.161" />

<exclusive-start id="569" timestamp="2019-06-17T06:04:05.207" intervalms="5.092">
  <response-info timems="0.243" idlems="0.243" threads="0" lastid="000000000267D500" lastname="Thread-7" />
</exclusive-start>
<af-start id="570" threadId="000000000267DE88" totalBytesRequested="24" timestamp="2019-06-17T06:04:05.207" intervalms="5.089" type="nursery" />
<cycle-start id="571" type="scavenge" contextid="0" timestamp="2019-06-17T06:04:05.207" intervalms="5.085" />
<gc-start id="572" type="scavenge" contextid="571" timestamp="2019-06-17T06:04:05.207">
  <mem-info id="573" free="341664" total="10354688" percent="3">
    <mem type="nursery" free="0" total="4063232" percent="0">
      <mem type="allocate" free="0" total="3604480" percent="0" />
      <mem type="survivor" free="0" total="458752" percent="0" />
    </mem>
    <mem type="tenure" free="341664" total="6291456" percent="5">
      <mem type="soa" free="27296" total="5977088" percent="0" />
      <mem type="loa" free="314368" total="314368" percent="100" />
    </mem>
    <remembered-set count="946" />
  </mem-info>
</gc-start>
<allocation-stats totalBytes="3332712" >
  <allocated-bytes non-tlh="48" tlh="3332664" />
  <largest-consumer threadName="Thread-10" threadId="0000000002675D00" bytes="1002560" />
</allocation-stats>
<gc-op id="574" type="scavenge" timems="0.965" contextid="571" timestamp="2019-06-17T06:04:05.208">
  <scavenger-info tenureage="3" tenuremask="ffe8" tiltratio="88" />
  <memory-copied type="nursery" objects="5815" bytes="280184" bytesdiscarded="34192" />
  <memory-copied type="tenure" objects="209" bytes="11400" bytesdiscarded="0" />
</gc-op>
<heap-resize id="575" type="expand" space="nursery" amount="393216" count="1" timems="0.013" reason="excessive time being spent scavenging" timestamp="2019-06-17T06:04:05.208" />
<gc-end id="576" type="scavenge" contextid="571" durationms="1.391" usertimems="4.000" systemtimems="0.000" timestamp="2019-06-17T06:04:05.208" activeThreads="1">
  <mem-info id="577" free="3932152" total="10747904" percent="36">
    <mem type="nursery" free="3617784" total="4456448" percent="81">
      <mem type="allocate" free="3617784" total="3932160" percent="92" />
      <mem type="survivor" free="0" total="524288" percent="0" />
    </mem>
    <mem type="tenure" free="314368" total="6291456" percent="4">
      <mem type="soa" free="0" total="5977088" percent="0" />
      <mem type="loa" free="314368" total="314368" percent="100" />
    </mem>
    <remembered-set count="745" />
  </mem-info>
</gc-end>
<cycle-end id="578" type="scavenge" contextid="571" timestamp="2019-06-17T06:04:05.208" />
  <attribute name="elasticGC enabled" value="1" />
  <attribute name= "numThreadsSpecified" value="1" />
  <attribute name="heapSize specified" value="8388608" />
  <attribute name="Current GC Util" value="20" />
  <attribute name= "Current Time Running" value="837" />
  <attribute name ="GC Interval" value="200" />
  <attribute name="ProportionalT" value="0.000000" />
  <attribute name="ProportionalI" value="0.000000" />
  <attribute name="ProportionalH" value="0.000000" />
  <attribute name="Current Error" value="0.000000" />
  <attribute name="IntegralT" value="0.000000" />
  <attribute name="IntegralI" value="0.000000" />
  <attribute name="IntegralH" value="0.000000" />
  <attribute name="DerivativeT" value="0.000000" />
  <attribute name="DerivativeI" value="0.000000" />
  <attribute name="DerivativeH" value="0.000000" />
  <attribute name="Loop Time for DT" value="6.000000" />
  <attribute name="Output H" value="8388608"/>
  <attribute name="Output I" value="200"/>
  <attribute name="Output T" value="1"/>
  <attribute name="Target GC Util Change" value ="20.000000" />
  <attribute name="Current GC Util Change" value="20.000000"/>
  <attribute name="GC Util currently" value="20" />
  <attribute name="CPU Util currently" value="907753954533" />
<allocation-satisfied id="579" threadId="000000000267D500" bytesRequested="24" />
<af-end id="580" timestamp="2019-06-17T06:04:05.208" threadId="000000000267DE88" success="true" from="nursery"/>
<exclusive-end id="581" timestamp="2019-06-17T06:04:05.209" durationms="2.049" />

<exclusive-start id="582" timestamp="2019-06-17T06:04:05.209" intervalms="2.365">
  <response-info timems="0.033" idlems="0.033" threads="0" lastid="000000000267D500" lastname="Thread-7" />
</exclusive-start>
<concurrent-collection-start id="583" timestamp="2019-06-17T06:04:05.209" intervalms="959.830" >
  <concurrent-trace-info reason="card cleaning threshold reached" tracedByMutators="1368552" tracedByHelpers="786612" cardsCleaned="107" workStackOverflowCount="0" />
</concurrent-collection-start>
<gc-start id="584" type="global" contextid="555" timestamp="2019-06-17T06:04:05.209">
  <mem-info id="585" free="3731424" total="10747904" percent="34">
    <mem type="nursery" free="3417056" total="4456448" percent="76">
      <mem type="allocate" free="3417056" total="3932160" percent="86" />
      <mem type="survivor" free="0" total="524288" percent="0" />
    </mem>
    <mem type="tenure" free="314368" total="6291456" percent="4">
      <mem type="soa" free="0" total="5977088" percent="0" />
      <mem type="loa" free="314368" total="314368" percent="100" />
    </mem>
    <remembered-set count="747" />
  </mem-info>
</gc-start>
<allocation-stats totalBytes="200728" >
  <allocated-bytes non-tlh="24" tlh="200704" />
  <largest-consumer threadName="Thread-10" threadId="0000000002675D00" bytes="57344" />
</allocation-stats>
<gc-op id="586" type="rs-scan" timems="0.968" contextid="555" timestamp="2019-06-17T06:04:05.210">
  <scan objectsFound="701" bytesTraced="117148" workStackOverflowCount="0" />
</gc-op>
<gc-op id="587" type="card-cleaning" timems="0.902" contextid="555" timestamp="2019-06-17T06:04:05.211">
  <card-cleaning cardsCleaned="6" bytesTraced="7204" workStackOverflowCount="0" />
</gc-op>
<gc-op id="588" type="mark" timems="2.171" contextid="555" timestamp="2019-06-17T06:04:05.213">
  <trace-info objectcount="5497" scancount="5457" scanbytes="270340" />
  <finalization candidates="124" enqueued="0" />
  <ownableSynchronizers candidates="3" cleared="0" />
  <references type="soft" candidates="148" cleared="0" enqueued="0" dynamicThreshold="25" maxThreshold="32" />
  <references type="weak" candidates="695" cleared="2" enqueued="1" />
  <references type="phantom" candidates="39" cleared="2" enqueued="2" />
  <stringconstants candidates="4598" cleared="1"  />
</gc-op>
<gc-op id="589" type="sweep" timems="1.265" contextid="555" timestamp="2019-06-17T06:04:05.215" />
<mem-info id="590" free="5769696" total="10747904" percent="53">
  <mem type="nursery" free="3646064" total="4456448" percent="81">
    <mem type="allocate" free="3646064" total="3932160" percent="92" />
    <mem type="survivor" free="0" total="524288" percent="0" />
  </mem>
  <mem type="tenure" free="2123632" total="6291456" percent="33" micro-fragmented="97493" macro-fragmented="0">
    <mem type="soa" free="1809264" total="5977088" percent="30" />
    <mem type="loa" free="314368" total="314368" percent="100" />
  </mem>
  <pending-finalizers system="0" default="0" reference="3" classloader="0" />
  <remembered-set count="747" />
</mem-info>
<gc-op id="591" type="compact" timems="13.686" contextid="555" timestamp="2019-06-17T06:04:05.229">
  <compact-info movecount="64373" movebytes="4106408" reason="compact to aid heap contraction" />
</gc-op>
<heap-resize id="592" type="contract" space="tenure" amount="262144" count="1" timems="0.157" reason="heap reconfiguration" timestamp="2019-06-17T06:04:05.230" />
<gc-end id="593" type="global" contextid="555" durationms="20.621" usertimems="20.000" systemtimems="4.000" timestamp="2019-06-17T06:04:05.230" activeThreads="4">
  <mem-info id="594" free="5554960" total="10485760" percent="52">
    <mem type="nursery" free="3652080" total="4456448" percent="81">
      <mem type="allocate" free="3652080" total="3932160" percent="92" />
      <mem type="survivor" free="0" total="524288" percent="0" />
    </mem>
    <mem type="tenure" free="1902880" total="6029312" percent="31">
      <mem type="soa" free="1654048" total="5728256" percent="28" />
      <mem type="loa" free="248832" total="301056" percent="82" />
    </mem>
    <pending-finalizers system="0" default="0" reference="3" classloader="0" />
    <remembered-set count="747" />
  </mem-info>
</gc-end>
<cycle-end id="595" type="global" contextid="555" timestamp="2019-06-17T06:04:05.230" />
  <attribute name="elasticGC enabled" value="1" />
  <attribute name= "numThreadsSpecified" value="4" />
  <attribute name="heapSize specified" value="10747904" />
  <attribute name="Current GC Util" value="45" />
  <attribute name= "Current Time Running" value="859" />
  <attribute name ="GC Interval" value="200" />
  <attribute name="ProportionalT" value="25.000000" />
  <attribute name="ProportionalI" value="25.000000" />
  <attribute name="ProportionalH" value="25.000000" />
  <attribute name="Current Error" value="25.000000" />
  <attribute name="IntegralT" value="350.000000" />
  <attribute name="IntegralI" value="350.000000" />
  <attribute name="IntegralH" value="350.000000" />
  <attribute name="DerivativeT" value="-4.500000" />
  <attribute name="DerivativeI" value="-4.500000" />
  <attribute name="DerivativeH" value="-4.500000" />
  <attribute name="Loop Time for DT" value="14.000000" />
  <attribute name="Output H" value="8388608"/>
  <attribute name="Output I" value="376"/>
  <attribute name="Output T" value="4"/>
  <attribute name="Target GC Util Change" value ="20.000000" />
  <attribute name="Current GC Util Change" value="45.000000"/>
  <attribute name="GC Util currently" value="45" />
  <attribute name="CPU Util currently" value="334024679415" />
<concurrent-collection-end id="596" timestamp="2019-06-17T06:04:05.230" />
<exclusive-end id="597" timestamp="2019-06-17T06:04:05.230" durationms="21.118" />

<exclusive-start id="598" timestamp="2019-06-17T06:04:05.234" intervalms="24.763">
  <response-info timems="0.038" idlems="0.038" threads="0" lastid="0000000002681100" lastname="Thread-9" />
</exclusive-start>
<af-start id="599" threadId="0000000002681A88" totalBytesRequested="40" timestamp="2019-06-17T06:04:05.234" intervalms="27.147" type="nursery" />
<cycle-start id="600" type="scavenge" contextid="0" timestamp="2019-06-17T06:04:05.234" intervalms="27.151" />
<gc-start id="601" type="scavenge" contextid="600" timestamp="2019-06-17T06:04:05.234">
  <mem-info id="602" free="1902880" total="10485760" percent="18">
    <mem type="nursery" free="0" total="4456448" percent="0">
      <mem type="allocate" free="0" total="3932160" percent="0" />
      <mem type="survivor" free="0" total="524288" percent="0" />
    </mem>
    <mem type="tenure" free="1902880" total="6029312" percent="31">
      <mem type="soa" free="1654048" total="5728256" percent="28" />
      <mem type="loa" free="248832" total="301056" percent="82" />
    </mem>
    <remembered-set count="864" />
  </mem-info>
</gc-start>
<allocation-stats totalBytes="3651320" >
  <allocated-bytes non-tlh="0" tlh="3651320" />
  <largest-consumer threadName="Thread-10" threadId="0000000002675D00" bytes="1216408" />
</allocation-stats>
<gc-op id="603" type="scavenge" timems="0.806" contextid="600" timestamp="2019-06-17T06:04:05.235">
  <scavenger-info tenureage="3" tenuremask="ffe8" tiltratio="88" />
  <memory-copied type="nursery" objects="5870" bytes="279320" bytesdiscarded="109288" />
  <memory-copied type="tenure" objects="272" bytes="8656" bytesdiscarded="0" />
  <ownableSynchronizers candidates="6" cleared="6" />
</gc-op>
<gc-end id="604" type="scavenge" contextid="600" durationms="1.012" usertimems="0.000" systemtimems="0.000" timestamp="2019-06-17T06:04:05.235" activeThreads="4">
  <mem-info id="605" free="5442080" total="10485760" percent="51">
    <mem type="nursery" free="3609088" total="4456448" percent="80">
      <mem type="allocate" free="3609088" total="3997696" percent="90" />
      <mem type="survivor" free="0" total="458752" percent="0" />
    </mem>
    <mem type="tenure" free="1832992" total="6029312" percent="30">
      <mem type="soa" free="1584160" total="5728256" percent="27" />
      <mem type="loa" free="248832" total="301056" percent="82" />
    </mem>
    <remembered-set count="594" />
  </mem-info>
</gc-end>
<cycle-end id="606" type="scavenge" contextid="600" timestamp="2019-06-17T06:04:05.235" />
  <attribute name="elasticGC enabled" value="1" />
  <attribute name= "numThreadsSpecified" value="4" />
  <attribute name="heapSize specified" value="10747904" />
  <attribute name="Current GC Util" value="220" />
  <attribute name= "Current Time Running" value="864" />
  <attribute name ="GC Interval" value="1240" />
  <attribute name="ProportionalT" value="200.000000" />
  <attribute name="ProportionalI" value="200.000000" />
  <attribute name="ProportionalH" value="200.000000" />
  <attribute name="Current Error" value="200.000000" />
  <attribute name="IntegralT" value="1000.000000" />
  <attribute name="IntegralI" value="1000.000000" />
  <attribute name="IntegralH" value="1000.000000" />
  <attribute name="DerivativeT" value="35.000000" />
  <attribute name="DerivativeI" value="35.000000" />
  <attribute name="DerivativeH" value="35.000000" />
  <attribute name="Loop Time for DT" value="5.000000" />
  <attribute name="Output H" value="8388608"/>
  <attribute name="Output I" value="1240"/>
  <attribute name="Output T" value="4"/>
  <attribute name="Target GC Util Change" value ="20.000000" />
  <attribute name="Current GC Util Change" value="220.000000"/>
  <attribute name="GC Util currently" value="220" />
  <attribute name="CPU Util currently" value="904861255806" />
<allocation-satisfied id="607" threadId="0000000002681100" bytesRequested="40" />
<af-end id="608" timestamp="2019-06-17T06:04:05.235" threadId="0000000002681A88" success="true" from="nursery"/>
<exclusive-end id="609" timestamp="2019-06-17T06:04:05.235" durationms="1.616" />

<exclusive-start id="610" timestamp="2019-06-17T06:04:05.240" intervalms="6.692">
  <response-info timems="0.032" idlems="0.032" threads="0" lastid="0000000002675D00" lastname="Thread-10" />
</exclusive-start>
<af-start id="611" threadId="0000000002676688" totalBytesRequested="40" timestamp="2019-06-17T06:04:05.240" intervalms="6.687" type="nursery" />
<cycle-start id="612" type="scavenge" contextid="0" timestamp="2019-06-17T06:04:05.241" intervalms="6.726" />
<gc-start id="613" type="scavenge" contextid="612" timestamp="2019-06-17T06:04:05.241">
  <mem-info id="614" free="1832992" total="10485760" percent="17">
    <mem type="nursery" free="0" total="4456448" percent="0">
      <mem type="allocate" free="0" total="3997696" percent="0" />
      <mem type="survivor" free="0" total="458752" percent="0" />
    </mem>
    <mem type="tenure" free="1832992" total="6029312" percent="30">
      <mem type="soa" free="1584160" total="5728256" percent="27" />
      <mem type="loa" free="248832" total="301056" percent="82" />
    </mem>
    <remembered-set count="834" />
  </mem-info>
</gc-start>
<allocation-stats totalBytes="3608288" >
  <allocated-bytes non-tlh="40" tlh="3608248" />
  <largest-consumer threadName="Thread-10" threadId="0000000002675D00" bytes="1118000" />
</allocation-stats>
<gc-op id="615" type="scavenge" timems="0.373" contextid="612" timestamp="2019-06-17T06:04:05.241">
  <scavenger-info tenureage="3" tenuremask="ffe8" tiltratio="89" />
  <memory-copied type="nursery" objects="3902" bytes="152272" bytesdiscarded="149552" />
  <memory-copied type="tenure" objects="2584" bytes="141792" bytesdiscarded="24" />
</gc-op>
<gc-end id="616" type="scavenge" contextid="612" durationms="0.562" usertimems="0.000" systemtimems="0.000" timestamp="2019-06-17T06:04:05.241" activeThreads="4">
  <mem-info id="617" free="5265320" total="10485760" percent="50">
    <mem type="nursery" free="3695872" total="4456448" percent="82">
      <mem type="allocate" free="3695872" total="3997696" percent="92" />
      <mem type="survivor" free="0" total="458752" percent="0" />
    </mem>
    <mem type="tenure" free="1569448" total="6029312" percent="26">
      <mem type="soa" free="1320616" total="5728256" percent="23" />
      <mem type="loa" free="248832" total="301056" percent="82" />
    </mem>
    <remembered-set count="1070" />
  </mem-info>
</gc-end>
<cycle-end id="618" type="scavenge" contextid="612" timestamp="2019-06-17T06:04:05.241" />
  <attribute name="elasticGC enabled" value="1" />
  <attribute name= "numThreadsSpecified" value="4" />
  <attribute name="heapSize specified" value="10747904" />
  <attribute name="Current GC Util" value="26" />
  <attribute name= "Current Time Running" value="870" />
  <attribute name ="GC Interval" value="200" />
  <attribute name="ProportionalT" value="6.000000" />
  <attribute name="ProportionalI" value="6.000000" />
  <attribute name="ProportionalH" value="6.000000" />
  <attribute name="Current Error" value="6.000000" />
  <attribute name="IntegralT" value="36.000000" />
  <attribute name="IntegralI" value="36.000000" />
  <attribute name="IntegralH" value="36.000000" />
  <attribute name="DerivativeT" value="-32.333333" />
  <attribute name="DerivativeI" value="-32.333333" />
  <attribute name="DerivativeH" value="-32.333333" />
  <attribute name="Loop Time for DT" value="6.000000" />
  <attribute name="Output H" value="8388608"/>
  <attribute name="Output I" value="200"/>
  <attribute name="Output T" value="4"/>
  <attribute name="Target GC Util Change" value ="20.000000" />
  <attribute name="Current GC Util Change" value="26.000000"/>
  <attribute name="GC Util currently" value="26" />
  <attribute name="CPU Util currently" value="688352338688" />
<allocation-satisfied id="619" threadId="0000000002675D00" bytesRequested="40" />
<af-end id="620" timestamp="2019-06-17T06:04:05.241" threadId="0000000002676688" success="true" from="nursery"/>
<exclusive-end id="621" timestamp="2019-06-17T06:04:05.241" durationms="1.074" />

<exclusive-start id="622" timestamp="2019-06-17T06:04:05.246" intervalms="5.582">
  <response-info timems="0.283" idlems="0.148" threads="1" lastid="0000000002679900" lastname="Thread-8" />
</exclusive-start>
<af-start id="623" threadId="000000000267DE88" totalBytesRequested="24" timestamp="2019-06-17T06:04:05.246" intervalms="5.577" type="nursery" />
<cycle-start id="624" type="scavenge" contextid="0" timestamp="2019-06-17T06:04:05.246" intervalms="5.535" />
<gc-start id="625" type="scavenge" contextid="624" timestamp="2019-06-17T06:04:05.246">
  <mem-info id="626" free="1569448" total="10485760" percent="14">
    <mem type="nursery" free="0" total="4456448" percent="0">
      <mem type="allocate" free="0" total="3997696" percent="0" />
      <mem type="survivor" free="0" total="458752" percent="0" />
    </mem>
    <mem type="tenure" free="1569448" total="6029312" percent="26">
      <mem type="soa" free="1320616" total="5728256" percent="23" />
      <mem type="loa" free="248832" total="301056" percent="82" />
    </mem>
    <remembered-set count="1530" />
  </mem-info>
</gc-start>
<allocation-stats totalBytes="3695144" >
  <allocated-bytes non-tlh="40" tlh="3695104" />
  <largest-consumer threadName="Thread-9" threadId="0000000002681100" bytes="1212088" />
</allocation-stats>
<gc-op id="627" type="scavenge" timems="2.337" contextid="624" timestamp="2019-06-17T06:04:05.249">
  <scavenger-info tenureage="3" tenuremask="ffe8" tiltratio="89" />
  <memory-copied type="nursery" objects="1766" bytes="43408" bytesdiscarded="319856" />
  <memory-copied type="tenure" objects="2774" bytes="124176" bytesdiscarded="0" />
</gc-op>
<heap-resize id="628" type="expand" space="nursery" amount="655360" count="1" timems="0.014" reason="excessive time being spent scavenging" timestamp="2019-06-17T06:04:05.249" />
<gc-end id="629" type="scavenge" contextid="624" durationms="2.804" usertimems="4.000" systemtimems="0.000" timestamp="2019-06-17T06:04:05.249" activeThreads="4">
  <mem-info id="630" free="5623208" total="11141120" percent="50">
    <mem type="nursery" free="4224256" total="5111808" percent="82">
      <mem type="allocate" free="4224256" total="4587520" percent="92" />
      <mem type="survivor" free="0" total="524288" percent="0" />
    </mem>
    <mem type="tenure" free="1398952" total="6029312" percent="23">
      <mem type="soa" free="1150120" total="5728256" percent="20" />
      <mem type="loa" free="248832" total="301056" percent="82" />
    </mem>
    <remembered-set count="1679" />
  </mem-info>
</gc-end>
<cycle-end id="631" type="scavenge" contextid="624" timestamp="2019-06-17T06:04:05.249" />
  <attribute name="elasticGC enabled" value="1" />
  <attribute name= "numThreadsSpecified" value="4" />
  <attribute name="heapSize specified" value="10747904" />
  <attribute name="Current GC Util" value="19" />
  <attribute name= "Current Time Running" value="876" />
  <attribute name ="GC Interval" value="200" />
  <attribute name="ProportionalT" value="-1.000000" />
  <attribute name="ProportionalI" value="-1.000000" />
  <attribute name="ProportionalH" value="-1.000000" />
  <attribute name="Current Error" value="-1.000000" />
  <attribute name="IntegralT" value="-6.000000" />
  <attribute name="IntegralI" value="-6.000000" />
  <attribute name="IntegralH" value="-6.000000" />
  <attribute name="DerivativeT" value="-1.166667" />
  <attribute name="DerivativeI" value="-1.166667" />
  <attribute name="DerivativeH" value="-1.166667" />
  <attribute name="Loop Time for DT" value="6.000000" />
  <attribute name="Output H" value="2092630016"/>
  <attribute name="Output I" value="200"/>
  <attribute name="Output T" value="4"/>
  <attribute name="Target GC Util Change" value ="20.000000" />
  <attribute name="Current GC Util Change" value="19.000000"/>
  <attribute name="GC Util currently" value="19" />
  <attribute name="CPU Util currently" value="834346820600" />
<allocation-satisfied id="632" threadId="000000000267D500" bytesRequested="24" />
<af-end id="633" timestamp="2019-06-17T06:04:05.249" threadId="000000000267DE88" success="true" from="nursery"/>
<exclusive-end id="634" timestamp="2019-06-17T06:04:05.249" durationms="3.312" />

<exclusive-start id="635" timestamp="2019-06-17T06:04:05.253" intervalms="6.897">
  <response-info timems="0.026" idlems="0.026" threads="0" lastid="0000000002675D00" lastname="Thread-10" />
</exclusive-start>
<af-start id="636" threadId="0000000002676688" totalBytesRequested="40" timestamp="2019-06-17T06:04:05.253" intervalms="6.902" type="nursery" />
<cycle-start id="637" type="scavenge" contextid="0" timestamp="2019-06-17T06:04:05.253" intervalms="6.903" />
<gc-start id="638" type="scavenge" contextid="637" timestamp="2019-06-17T06:04:05.253">
  <mem-info id="639" free="1398952" total="11141120" percent="12">
    <mem type="nursery" free="0" total="5111808" percent="0">
      <mem type="allocate" free="0" total="4587520" percent="0" />
      <mem type="survivor" free="0" total="524288" percent="0" />
    </mem>
    <mem type="tenure" free="1398952" total="6029312" percent="23">
      <mem type="soa" free="1150120" total="5728256" percent="20" />
      <mem type="loa" free="248832" total="301056" percent="82" />
    </mem>
    <remembered-set count="2101" />
  </mem-info>
</gc-start>
<allocation-stats totalBytes="4223448" >
  <allocated-bytes non-tlh="24" tlh="4223424" />
  <largest-consumer threadName="Thread-9" threadId="0000000002681100" bytes="1118016" />
</allocation-stats>
<gc-op id="640" type="scavenge" timems="0.293" contextid="637" timestamp="2019-06-17T06:04:05.253">
  <scavenger-info tenureage="3" tenuremask="ffe8" tiltratio="89" />
  <memory-copied type="nursery" objects="1915" bytes="47288" bytesdiscarded="223816" />
  <memory-copied type="tenure" objects="343" bytes="8232" bytesdiscarded="0" />
</gc-op>
<gc-end id="641" type="scavenge" contextid="637" durationms="0.473" usertimems="0.000" systemtimems="0.000" timestamp="2019-06-17T06:04:05.254" activeThreads="4">
  <mem-info id="642" free="5715368" total="11141120" percent="51">
    <mem type="nursery" free="4316416" total="5111808" percent="84">
      <mem type="allocate" free="4316416" total="4587520" percent="94" />
      <mem type="survivor" free="0" total="524288" percent="0" />
    </mem>
    <mem type="tenure" free="1398952" total="6029312" percent="23">
      <mem type="soa" free="1150120" total="5728256" percent="20" />
      <mem type="loa" free="248832" total="301056" percent="82" />
    </mem>
    <remembered-set count="1758" />
  </mem-info>
</gc-end>
<cycle-end id="643" type="scavenge" contextid="637" timestamp="2019-06-17T06:04:05.254" />
  <attribute name="elasticGC enabled" value="1" />
  <attribute name= "numThreadsSpecified" value="4" />
  <attribute name="heapSize specified" value="10747904" />
  <attribute name="Current GC Util" value="52" />
  <attribute name= "Current Time Running" value="883" />
  <attribute name ="GC Interval" value="264" />
  <attribute name="ProportionalT" value="32.000000" />
  <attribute name="ProportionalI" value="32.000000" />
  <attribute name="ProportionalH" value="32.000000" />
  <attribute name="Current Error" value="32.000000" />
  <attribute name="IntegralT" value="224.000000" />
  <attribute name="IntegralI" value="224.000000" />
  <attribute name="IntegralH" value="224.000000" />
  <attribute name="DerivativeT" value="4.571429" />
  <attribute name="DerivativeI" value="4.571429" />
  <attribute name="DerivativeH" value="4.571429" />
  <attribute name="Loop Time for DT" value="7.000000" />
  <attribute name="Output H" value="8388608"/>
  <attribute name="Output I" value="264"/>
  <attribute name="Output T" value="4"/>
  <attribute name="Target GC Util Change" value ="20.000000" />
  <attribute name="Current GC Util Change" value="52.000000"/>
  <attribute name="GC Util currently" value="52" />
  <attribute name="CPU Util currently" value="668880661942" />
<allocation-satisfied id="644" threadId="0000000002675D00" bytesRequested="40" />
<af-end id="645" timestamp="2019-06-17T06:04:05.254" threadId="0000000002676688" success="true" from="nursery"/>
<exclusive-end id="646" timestamp="2019-06-17T06:04:05.254" durationms="0.929" />

<exclusive-start id="647" timestamp="2019-06-17T06:04:05.257" intervalms="3.945">
  <response-info timems="0.021" idlems="0.021" threads="0" lastid="0000000002681100" lastname="Thread-9" />
</exclusive-start>
<af-start id="648" threadId="0000000002681A88" totalBytesRequested="40" timestamp="2019-06-17T06:04:05.257" intervalms="3.937" type="nursery" />
<cycle-start id="649" type="scavenge" contextid="0" timestamp="2019-06-17T06:04:05.257" intervalms="3.940" />
<gc-start id="650" type="scavenge" contextid="649" timestamp="2019-06-17T06:04:05.257">
  <mem-info id="651" free="1398952" total="11141120" percent="12">
    <mem type="nursery" free="0" total="5111808" percent="0">
      <mem type="allocate" free="0" total="4587520" percent="0" />
      <mem type="survivor" free="0" total="524288" percent="0" />
    </mem>
    <mem type="tenure" free="1398952" total="6029312" percent="23">
      <mem type="soa" free="1150120" total="5728256" percent="20" />
      <mem type="loa" free="248832" total="301056" percent="82" />
    </mem>
    <remembered-set count="2179" />
  </mem-info>
</gc-start>
<allocation-stats totalBytes="4315656" >
  <allocated-bytes non-tlh="40" tlh="4315616" />
  <largest-consumer threadName="Thread-7" threadId="000000000267D500" bytes="1138456" />
</allocation-stats>
<gc-op id="652" type="scavenge" timems="0.589" contextid="649" timestamp="2019-06-17T06:04:05.258">
  <scavenger-info tenureage="3" tenuremask="ffe8" tiltratio="89" />
  <memory-copied type="nursery" objects="1726" bytes="42736" bytesdiscarded="35600" />
  <memory-copied type="tenure" objects="611" bytes="14664" bytesdiscarded="0" />
</gc-op>
<gc-end id="653" type="scavenge" contextid="649" durationms="0.774" usertimems="4.000" systemtimems="0.000" timestamp="2019-06-17T06:04:05.258" activeThreads="4">
  <mem-info id="654" free="5908136" total="11141120" percent="53">
    <mem type="nursery" free="4509184" total="5111808" percent="88">
      <mem type="allocate" free="4509184" total="4587520" percent="98" />
      <mem type="survivor" free="0" total="524288" percent="0" />
    </mem>
    <mem type="tenure" free="1398952" total="6029312" percent="23">
      <mem type="soa" free="1150120" total="5728256" percent="20" />
      <mem type="loa" free="248832" total="301056" percent="82" />
    </mem>
    <remembered-set count="1568" />
  </mem-info>
</gc-end>
<cycle-end id="655" type="scavenge" contextid="649" timestamp="2019-06-17T06:04:05.258" />
  <attribute name="elasticGC enabled" value="1" />
  <attribute name= "numThreadsSpecified" value="4" />
  <attribute name="heapSize specified" value="10747904" />
  <attribute name="Current GC Util" value="17" />
  <attribute name= "Current Time Running" value="887" />
  <attribute name ="GC Interval" value="200" />
  <attribute name="ProportionalT" value="-3.000000" />
  <attribute name="ProportionalI" value="-3.000000" />
  <attribute name="ProportionalH" value="-3.000000" />
  <attribute name="Current Error" value="-3.000000" />
  <attribute name="IntegralT" value="-12.000000" />
  <attribute name="IntegralI" value="-12.000000" />
  <attribute name="IntegralH" value="-12.000000" />
  <attribute name="DerivativeT" value="-8.750000" />
  <attribute name="DerivativeI" value="-8.750000" />
  <attribute name="DerivativeH" value="-8.750000" />
  <attribute name="Loop Time for DT" value="4.000000" />
  <attribute name="Output H" value="2092630016"/>
  <attribute name="Output I" value="200"/>
  <attribute name="Output T" value="4"/>
  <attribute name="Target GC Util Change" value ="20.000000" />
  <attribute name="Current GC Util Change" value="17.000000"/>
  <attribute name="GC Util currently" value="17" />
  <attribute name="CPU Util currently" value="1169490850366" />
<allocation-satisfied id="656" threadId="0000000002681100" bytesRequested="40" />
<af-end id="657" timestamp="2019-06-17T06:04:05.258" threadId="0000000002681A88" success="true" from="nursery"/>
<exclusive-end id="658" timestamp="2019-06-17T06:04:05.258" durationms="1.236" />

<exclusive-start id="659" timestamp="2019-06-17T06:04:05.262" intervalms="5.688">
  <response-info timems="0.027" idlems="0.027" threads="0" lastid="0000000002681100" lastname="Thread-9" />
</exclusive-start>
<af-start id="660" threadId="0000000002681A88" totalBytesRequested="40" timestamp="2019-06-17T06:04:05.263" intervalms="5.695" type="nursery" />
<cycle-start id="661" type="scavenge" contextid="0" timestamp="2019-06-17T06:04:05.263" intervalms="5.695" />
<gc-start id="662" type="scavenge" contextid="661" timestamp="2019-06-17T06:04:05.263">
  <mem-info id="663" free="1398952" total="11141120" percent="12">
    <mem type="nursery" free="0" total="5111808" percent="0">
      <mem type="allocate" free="0" total="4587520" percent="0" />
      <mem type="survivor" free="0" total="524288" percent="0" />
    </mem>
    <mem type="tenure" free="1398952" total="6029312" percent="23">
      <mem type="soa" free="1150120" total="5728256" percent="20" />
      <mem type="loa" free="248832" total="301056" percent="82" />
    </mem>
    <remembered-set count="2453" />
  </mem-info>
</gc-start>
<allocation-stats totalBytes="4508256" >
  <allocated-bytes non-tlh="40" tlh="4508216" />
  <largest-consumer threadName="Thread-7" threadId="000000000267D500" bytes="1531688" />
</allocation-stats>
<gc-op id="664" type="scavenge" timems="0.462" contextid="661" timestamp="2019-06-17T06:04:05.263">
  <scavenger-info tenureage="3" tenuremask="ffe8" tiltratio="89" />
  <memory-copied type="nursery" objects="1847" bytes="45144" bytesdiscarded="94632" />
  <memory-copied type="tenure" objects="637" bytes="15288" bytesdiscarded="0" />
</gc-op>
<gc-end id="665" type="scavenge" contextid="661" durationms="0.663" usertimems="0.000" systemtimems="0.000" timestamp="2019-06-17T06:04:05.263" activeThreads="4">
  <mem-info id="666" free="5846696" total="11141120" percent="52">
    <mem type="nursery" free="4447744" total="5111808" percent="87">
      <mem type="allocate" free="4447744" total="4587520" percent="96" />
      <mem type="survivor" free="0" total="524288" percent="0" />
    </mem>
    <mem type="tenure" free="1398952" total="6029312" percent="23">
      <mem type="soa" free="1150120" total="5728256" percent="20" />
      <mem type="loa" free="248832" total="301056" percent="82" />
    </mem>
    <remembered-set count="1816" />
  </mem-info>
</gc-end>
<cycle-end id="667" type="scavenge" contextid="661" timestamp="2019-06-17T06:04:05.263" />
  <attribute name="elasticGC enabled" value="1" />
  <attribute name= "numThreadsSpecified" value="4" />
  <attribute name="heapSize specified" value="10747904" />
  <attribute name="Current GC Util" value="22" />
  <attribute name= "Current Time Running" value="892" />
  <attribute name ="GC Interval" value="200" />
  <attribute name="ProportionalT" value="2.000000" />
  <attribute name="ProportionalI" value="2.000000" />
  <attribute name="ProportionalH" value="2.000000" />
  <attribute name="Current Error" value="2.000000" />
  <attribute name="IntegralT" value="10.000000" />
  <attribute name="IntegralI" value="10.000000" />
  <attribute name="IntegralH" value="10.000000" />
  <attribute name="DerivativeT" value="0.400000" />
  <attribute name="DerivativeI" value="0.400000" />
  <attribute name="DerivativeH" value="0.400000" />
  <attribute name="Loop Time for DT" value="5.000000" />
  <attribute name="Output H" value="8388608"/>
  <attribute name="Output I" value="200"/>
  <attribute name="Output T" value="4"/>
  <attribute name="Target GC Util Change" value ="20.000000" />
  <attribute name="Current GC Util Change" value="22.000000"/>
  <attribute name="GC Util currently" value="22" />
  <attribute name="CPU Util currently" value="808624680848" />
<allocation-satisfied id="668" threadId="0000000002681100" bytesRequested="40" />
<af-end id="669" timestamp="2019-06-17T06:04:05.264" threadId="0000000002681A88" success="true" from="nursery"/>
<exclusive-end id="670" timestamp="2019-06-17T06:04:05.264" durationms="1.122" />

<exclusive-start id="671" timestamp="2019-06-17T06:04:05.268" intervalms="5.197">
  <response-info timems="0.054" idlems="0.029" threads="1" lastid="0000000002675D00" lastname="Thread-10" />
</exclusive-start>
<af-start id="672" threadId="000000000267A288" totalBytesRequested="40" timestamp="2019-06-17T06:04:05.268" intervalms="5.188" type="nursery" />
<cycle-start id="673" type="scavenge" contextid="0" timestamp="2019-06-17T06:04:05.268" intervalms="5.181" />
<gc-start id="674" type="scavenge" contextid="673" timestamp="2019-06-17T06:04:05.268">
  <mem-info id="675" free="1398952" total="11141120" percent="12">
    <mem type="nursery" free="0" total="5111808" percent="0">
      <mem type="allocate" free="0" total="4587520" percent="0" />
      <mem type="survivor" free="0" total="524288" percent="0" />
    </mem>
    <mem type="tenure" free="1398952" total="6029312" percent="23">
      <mem type="soa" free="1150120" total="5728256" percent="20" />
      <mem type="loa" free="248832" total="301056" percent="82" />
    </mem>
    <remembered-set count="2379" />
  </mem-info>
</gc-start>
<allocation-stats totalBytes="4447104" >
  <allocated-bytes non-tlh="40" tlh="4447064" />
  <largest-consumer threadName="Thread-7" threadId="000000000267D500" bytes="1445632" />
</allocation-stats>
<gc-op id="676" type="scavenge" timems="0.388" contextid="673" timestamp="2019-06-17T06:04:05.268">
  <scavenger-info tenureage="2" tenuremask="ffec" tiltratio="89" />
  <memory-copied type="nursery" objects="1629" bytes="40168" bytesdiscarded="38168" />
  <memory-copied type="tenure" objects="845" bytes="20280" bytesdiscarded="0" />
</gc-op>
<gc-end id="677" type="scavenge" contextid="673" durationms="0.571" usertimems="0.000" systemtimems="0.000" timestamp="2019-06-17T06:04:05.268" activeThreads="1">
  <mem-info id="678" free="5868968" total="11141120" percent="52">
    <mem type="nursery" free="4509184" total="5111808" percent="88">
      <mem type="allocate" free="4509184" total="4587520" percent="98" />
      <mem type="survivor" free="0" total="524288" percent="0" />
    </mem>
    <mem type="tenure" free="1359784" total="6029312" percent="22">
      <mem type="soa" free="1110952" total="5728256" percent="19" />
      <mem type="loa" free="248832" total="301056" percent="82" />
    </mem>
    <remembered-set count="1534" />
  </mem-info>
</gc-end>
<cycle-end id="679" type="scavenge" contextid="673" timestamp="2019-06-17T06:04:05.269" />
  <attribute name="elasticGC enabled" value="1" />
  <attribute name= "numThreadsSpecified" value="1" />
  <attribute name="heapSize specified" value="10747904" />
  <attribute name="Current GC Util" value="19" />
  <attribute name= "Current Time Running" value="898" />
  <attribute name ="GC Interval" value="200" />
  <attribute name="ProportionalT" value="-1.000000" />
  <attribute name="ProportionalI" value="-1.000000" />
  <attribute name="ProportionalH" value="-1.000000" />
  <attribute name="Current Error" value="-1.000000" />
  <attribute name="IntegralT" value="-6.000000" />
  <attribute name="IntegralI" value="-6.000000" />
  <attribute name="IntegralH" value="-6.000000" />
  <attribute name="DerivativeT" value="-0.500000" />
  <attribute name="DerivativeI" value="-0.500000" />
  <attribute name="DerivativeH" value="-0.500000" />
  <attribute name="Loop Time for DT" value="6.000000" />
  <attribute name="Output H" value="8388608"/>
  <attribute name="Output I" value="200"/>
  <attribute name="Output T" value="1"/>
  <attribute name="Target GC Util Change" value ="20.000000" />
  <attribute name="Current GC Util Change" value="19.000000"/>
  <attribute name="GC Util currently" value="19" />
  <attribute name="CPU Util currently" value="892700095632" />
<allocation-satisfied id="680" threadId="0000000002679900" bytesRequested="40" />
<af-end id="681" timestamp="2019-06-17T06:04:05.269" threadId="000000000267A288" success="true" from="nursery"/>
<exclusive-end id="682" timestamp="2019-06-17T06:04:05.269" durationms="0.991" />

<exclusive-start id="683" timestamp="2019-06-17T06:04:05.278" intervalms="9.849">
  <response-info timems="0.048" idlems="0.026" threads="1" lastid="0000000002679900" lastname="Thread-8" />
</exclusive-start>
<af-start id="684" threadId="0000000002676688" totalBytesRequested="40" timestamp="2019-06-17T06:04:05.278" intervalms="9.896" type="nursery" />
<cycle-start id="685" type="scavenge" contextid="0" timestamp="2019-06-17T06:04:05.278" intervalms="9.900" />
<gc-start id="686" type="scavenge" contextid="685" timestamp="2019-06-17T06:04:05.278">
  <mem-info id="687" free="1359784" total="11141120" percent="12">
    <mem type="nursery" free="0" total="5111808" percent="0">
      <mem type="allocate" free="0" total="4587520" percent="0" />
      <mem type="survivor" free="0" total="524288" percent="0" />
    </mem>
    <mem type="tenure" free="1359784" total="6029312" percent="22">
      <mem type="soa" free="1110952" total="5728256" percent="19" />
      <mem type="loa" free="248832" total="301056" percent="82" />
    </mem>
    <remembered-set count="1866" />
  </mem-info>
</gc-start>
<allocation-stats totalBytes="4508488" >
  <allocated-bytes non-tlh="40" tlh="4508448" />
  <largest-consumer threadName="Thread-7" threadId="000000000267D500" bytes="3636808" />
</allocation-stats>
<gc-op id="688" type="scavenge" timems="0.315" contextid="685" timestamp="2019-06-17T06:04:05.278">
  <scavenger-info tenureage="5" tenuremask="ffe0" tiltratio="89" />
  <memory-copied type="nursery" objects="2022" bytes="49840" bytesdiscarded="291152" />
</gc-op>
<gc-end id="689" type="scavenge" contextid="685" durationms="0.495" usertimems="0.000" systemtimems="0.000" timestamp="2019-06-17T06:04:05.278" activeThreads="4">
  <mem-info id="690" free="5606312" total="11141120" percent="50">
    <mem type="nursery" free="4246528" total="5111808" percent="83">
      <mem type="allocate" free="4246528" total="4587520" percent="92" />
      <mem type="survivor" free="0" total="524288" percent="0" />
    </mem>
    <mem type="tenure" free="1359784" total="6029312" percent="22">
      <mem type="soa" free="1110952" total="5728256" percent="19" />
      <mem type="loa" free="248832" total="301056" percent="82" />
    </mem>
    <remembered-set count="1866" />
  </mem-info>
</gc-end>
<cycle-end id="691" type="scavenge" contextid="685" timestamp="2019-06-17T06:04:05.278" />
  <attribute name="elasticGC enabled" value="1" />
  <attribute name= "numThreadsSpecified" value="4" />
  <attribute name="heapSize specified" value="10747904" />
  <attribute name="Current GC Util" value="6" />
  <attribute name= "Current Time Running" value="908" />
  <attribute name ="GC Interval" value="200" />
  <attribute name="ProportionalT" value="-14.000000" />
  <attribute name="ProportionalI" value="-14.000000" />
  <attribute name="ProportionalH" value="-14.000000" />
  <attribute name="Current Error" value="-14.000000" />
  <attribute name="IntegralT" value="-140.000000" />
  <attribute name="IntegralI" value="-140.000000" />
  <attribute name="IntegralH" value="-140.000000" />
  <attribute name="DerivativeT" value="-1.400000" />
  <attribute name="DerivativeI" value="-1.400000" />
  <attribute name="DerivativeH" value="-1.400000" />
  <attribute name="Loop Time for DT" value="10.000000" />
  <attribute name="Output H" value="2092630016"/>
  <attribute name="Output I" value="200"/>
  <attribute name="Output T" value="4"/>
  <attribute name="Target GC Util Change" value ="20.000000" />
  <attribute name="Current GC Util Change" value="6.000000"/>
  <attribute name="GC Util currently" value="6" />
  <attribute name="CPU Util currently" value="465237334728" />
<allocation-satisfied id="692" threadId="0000000002675D00" bytesRequested="40" />
<af-end id="693" timestamp="2019-06-17T06:04:05.278" threadId="0000000002676688" success="true" from="nursery"/>
<exclusive-end id="694" timestamp="2019-06-17T06:04:05.278" durationms="0.976" />

<exclusive-start id="695" timestamp="2019-06-17T06:04:05.284" intervalms="6.134">
  <response-info timems="0.056" idlems="0.056" threads="0" lastid="0000000002679900" lastname="Thread-8" />
</exclusive-start>
<af-start id="696" threadId="000000000267A288" totalBytesRequested="24" timestamp="2019-06-17T06:04:05.284" intervalms="6.081" type="nursery" />
<cycle-start id="697" type="scavenge" contextid="0" timestamp="2019-06-17T06:04:05.284" intervalms="6.087" />
<gc-start id="698" type="scavenge" contextid="697" timestamp="2019-06-17T06:04:05.284">
  <mem-info id="699" free="1359784" total="11141120" percent="12">
    <mem type="nursery" free="0" total="5111808" percent="0">
      <mem type="allocate" free="0" total="4587520" percent="0" />
      <mem type="survivor" free="0" total="524288" percent="0" />
    </mem>
    <mem type="tenure" free="1359784" total="6029312" percent="22">
      <mem type="soa" free="1110952" total="5728256" percent="19" />
      <mem type="loa" free="248832" total="301056" percent="82" />
    </mem>
    <remembered-set count="2235" />
  </mem-info>
</gc-start>
<allocation-stats totalBytes="4246064" >
  <allocated-bytes non-tlh="40" tlh="4246024" />
  <largest-consumer threadName="Thread-10" threadId="0000000002675D00" bytes="2129624" />
</allocation-stats>
<gc-op id="700" type="scavenge" timems="0.298" contextid="697" timestamp="2019-06-17T06:04:05.284">
  <scavenger-info tenureage="3" tenuremask="fff8" tiltratio="89" />
  <memory-copied type="nursery" objects="1381" bytes="33976" bytesdiscarded="298568" />
  <memory-copied type="tenure" objects="884" bytes="21216" bytesdiscarded="0" />
</gc-op>
<gc-end id="701" type="scavenge" contextid="697" durationms="0.463" usertimems="0.000" systemtimems="0.000" timestamp="2019-06-17T06:04:05.284" activeThreads="4">
  <mem-info id="702" free="5483432" total="11141120" percent="49">
    <mem type="nursery" free="4254976" total="5111808" percent="83">
      <mem type="allocate" free="4254976" total="4587520" percent="92" />
      <mem type="survivor" free="0" total="524288" percent="0" />
    </mem>
    <mem type="tenure" free="1228456" total="6029312" percent="20">
      <mem type="soa" free="979624" total="5728256" percent="17" />
      <mem type="loa" free="248832" total="301056" percent="82" />
    </mem>
    <remembered-set count="1351" />
  </mem-info>
</gc-end>
<cycle-end id="703" type="scavenge" contextid="697" timestamp="2019-06-17T06:04:05.284" />
  <attribute name="elasticGC enabled" value="1" />
  <attribute name= "numThreadsSpecified" value="4" />
  <attribute name="heapSize specified" value="10747904" />
  <attribute name="Current GC Util" value="13" />
  <attribute name= "Current Time Running" value="914" />
  <attribute name ="GC Interval" value="200" />
  <attribute name="ProportionalT" value="-7.000000" />
  <attribute name="ProportionalI" value="-7.000000" />
  <attribute name="ProportionalH" value="-7.000000" />
  <attribute name="Current Error" value="-7.000000" />
  <attribute name="IntegralT" value="-42.000000" />
  <attribute name="IntegralI" value="-42.000000" />
  <attribute name="IntegralH" value="-42.000000" />
  <attribute name="DerivativeT" value="-1.166667" />
  <attribute name="DerivativeI" value="-1.166667" />
  <attribute name="DerivativeH" value="-1.166667" />
  <attribute name="Loop Time for DT" value="6.000000" />
  <attribute name="Output H" value="2092630016"/>
  <attribute name="Output I" value="200"/>
  <attribute name="Output T" value="4"/>
  <attribute name="Target GC Util Change" value ="20.000000" />
  <attribute name="Current GC Util Change" value="13.000000"/>
  <attribute name="GC Util currently" value="13" />
  <attribute name="CPU Util currently" value="760857520414" />
<allocation-satisfied id="704" threadId="0000000002679900" bytesRequested="24" />
<af-end id="705" timestamp="2019-06-17T06:04:05.284" threadId="000000000267A288" success="true" from="nursery"/>
<exclusive-end id="706" timestamp="2019-06-17T06:04:05.285" durationms="0.867" />

<exclusive-start id="707" timestamp="2019-06-17T06:04:05.288" intervalms="4.359">
  <response-info timems="0.045" idlems="0.045" threads="0" lastid="0000000002679900" lastname="Thread-8" />
</exclusive-start>
<af-start id="708" threadId="000000000267A288" totalBytesRequested="40" timestamp="2019-06-17T06:04:05.288" intervalms="4.356" type="nursery" />
<cycle-start id="709" type="scavenge" contextid="0" timestamp="2019-06-17T06:04:05.288" intervalms="4.359" />
<gc-start id="710" type="scavenge" contextid="709" timestamp="2019-06-17T06:04:05.288">
  <mem-info id="711" free="1228456" total="11141120" percent="11">
    <mem type="nursery" free="0" total="5111808" percent="0">
      <mem type="allocate" free="0" total="4587520" percent="0" />
      <mem type="survivor" free="0" total="524288" percent="0" />
    </mem>
    <mem type="tenure" free="1228456" total="6029312" percent="20">
      <mem type="soa" free="979624" total="5728256" percent="17" />
      <mem type="loa" free="248832" total="301056" percent="82" />
    </mem>
    <remembered-set count="2025" />
  </mem-info>
</gc-start>
<allocation-stats totalBytes="4253992" >
  <allocated-bytes non-tlh="24" tlh="4253968" />
  <largest-consumer threadName="Thread-7" threadId="000000000267D500" bytes="1539840" />
</allocation-stats>
<gc-op id="712" type="scavenge" timems="0.302" contextid="709" timestamp="2019-06-17T06:04:05.289">
  <scavenger-info tenureage="3" tenuremask="ffe8" tiltratio="89" />
  <memory-copied type="nursery" objects="1552" bytes="38336" bytesdiscarded="263488" />
  <memory-copied type="tenure" objects="566" bytes="13584" bytesdiscarded="0" />
</gc-op>
<gc-end id="713" type="scavenge" contextid="709" durationms="0.465" usertimems="0.000" systemtimems="4.000" timestamp="2019-06-17T06:04:05.289" activeThreads="4">
  <mem-info id="714" free="5514152" total="11141120" percent="49">
    <mem type="nursery" free="4285696" total="5111808" percent="83">
      <mem type="allocate" free="4285696" total="4587520" percent="93" />
      <mem type="survivor" free="0" total="524288" percent="0" />
    </mem>
    <mem type="tenure" free="1228456" total="6029312" percent="20">
      <mem type="soa" free="979624" total="5728256" percent="17" />
      <mem type="loa" free="248832" total="301056" percent="82" />
    </mem>
    <remembered-set count="1459" />
  </mem-info>
</gc-end>
<cycle-end id="715" type="scavenge" contextid="709" timestamp="2019-06-17T06:04:05.289" />
  <attribute name="elasticGC enabled" value="1" />
  <attribute name= "numThreadsSpecified" value="4" />
  <attribute name="heapSize specified" value="10747904" />
  <attribute name="Current GC Util" value="17" />
  <attribute name= "Current Time Running" value="918" />
  <attribute name ="GC Interval" value="200" />
  <attribute name="ProportionalT" value="-3.000000" />
  <attribute name="ProportionalI" value="-3.000000" />
  <attribute name="ProportionalH" value="-3.000000" />
  <attribute name="Current Error" value="-3.000000" />
  <attribute name="IntegralT" value="-12.000000" />
  <attribute name="IntegralI" value="-12.000000" />
  <attribute name="IntegralH" value="-12.000000" />
  <attribute name="DerivativeT" value="-0.750000" />
  <attribute name="DerivativeI" value="-0.750000" />
  <attribute name="DerivativeH" value="-0.750000" />
  <attribute name="Loop Time for DT" value="4.000000" />
  <attribute name="Output H" value="2092630016"/>
  <attribute name="Output I" value="200"/>
  <attribute name="Output T" value="4"/>
  <attribute name="Target GC Util Change" value ="20.000000" />
  <attribute name="Current GC Util Change" value="17.000000"/>
  <attribute name="GC Util currently" value="17" />
  <attribute name="CPU Util currently" value="1058820669814" />
<allocation-satisfied id="716" threadId="0000000002679900" bytesRequested="40" />
<af-end id="717" timestamp="2019-06-17T06:04:05.289" threadId="000000000267A288" success="true" from="nursery"/>
<exclusive-end id="718" timestamp="2019-06-17T06:04:05.289" durationms="0.867" />

<exclusive-start id="719" timestamp="2019-06-17T06:04:05.292" intervalms="4.286">
  <response-info timems="0.025" idlems="0.025" threads="0" lastid="0000000002679900" lastname="Thread-8" />
</exclusive-start>
<af-start id="720" threadId="000000000267A288" totalBytesRequested="40" timestamp="2019-06-17T06:04:05.292" intervalms="4.282" type="nursery" />
<cycle-start id="721" type="scavenge" contextid="0" timestamp="2019-06-17T06:04:05.292" intervalms="4.276" />
<gc-start id="722" type="scavenge" contextid="721" timestamp="2019-06-17T06:04:05.292">
  <mem-info id="723" free="1228456" total="11141120" percent="11">
    <mem type="nursery" free="0" total="5111808" percent="0">
      <mem type="allocate" free="0" total="4587520" percent="0" />
      <mem type="survivor" free="0" total="524288" percent="0" />
    </mem>
    <mem type="tenure" free="1228456" total="6029312" percent="20">
      <mem type="soa" free="979624" total="5728256" percent="17" />
      <mem type="loa" free="248832" total="301056" percent="82" />
    </mem>
    <remembered-set count="1929" />
  </mem-info>
</gc-start>
<allocation-stats totalBytes="4284896" >
  <allocated-bytes non-tlh="40" tlh="4284856" />
  <largest-consumer threadName="Thread-7" threadId="000000000267D500" bytes="1516512" />
</allocation-stats>
<gc-op id="724" type="scavenge" timems="0.262" contextid="721" timestamp="2019-06-17T06:04:05.293">
  <scavenger-info tenureage="5" tenuremask="ffe0" tiltratio="89" />
  <memory-copied type="nursery" objects="2024" bytes="49648" bytesdiscarded="291344" />
</gc-op>
<gc-end id="725" type="scavenge" contextid="721" durationms="0.421" usertimems="0.000" systemtimems="0.000" timestamp="2019-06-17T06:04:05.293" activeThreads="4">
  <mem-info id="726" free="5474984" total="11141120" percent="49">
    <mem type="nursery" free="4246528" total="5111808" percent="83">
      <mem type="allocate" free="4246528" total="4587520" percent="92" />
      <mem type="survivor" free="0" total="524288" percent="0" />
    </mem>
    <mem type="tenure" free="1228456" total="6029312" percent="20">
      <mem type="soa" free="979624" total="5728256" percent="17" />
      <mem type="loa" free="248832" total="301056" percent="82" />
    </mem>
    <remembered-set count="1929" />
  </mem-info>
</gc-end>
<cycle-end id="727" type="scavenge" contextid="721" timestamp="2019-06-17T06:04:05.293" />
  <attribute name="elasticGC enabled" value="1" />
  <attribute name= "numThreadsSpecified" value="4" />
  <attribute name="heapSize specified" value="10747904" />
  <attribute name="Current GC Util" value="16" />
  <attribute name= "Current Time Running" value="922" />
  <attribute name ="GC Interval" value="200" />
  <attribute name="ProportionalT" value="-4.000000" />
  <attribute name="ProportionalI" value="-4.000000" />
  <attribute name="ProportionalH" value="-4.000000" />
  <attribute name="Current Error" value="-4.000000" />
  <attribute name="IntegralT" value="-16.000000" />
  <attribute name="IntegralI" value="-16.000000" />
  <attribute name="IntegralH" value="-16.000000" />
  <attribute name="DerivativeT" value="-1.000000" />
  <attribute name="DerivativeI" value="-1.000000" />
  <attribute name="DerivativeH" value="-1.000000" />
  <attribute name="Loop Time for DT" value="4.000000" />
  <attribute name="Output H" value="2092630016"/>
  <attribute name="Output I" value="200"/>
  <attribute name="Output T" value="4"/>
  <attribute name="Target GC Util Change" value ="20.000000" />
  <attribute name="Current GC Util Change" value="16.000000"/>
  <attribute name="GC Util currently" value="16" />
  <attribute name="CPU Util currently" value="1079385657579" />
<allocation-satisfied id="728" threadId="0000000002679900" bytesRequested="40" />
<af-end id="729" timestamp="2019-06-17T06:04:05.293" threadId="000000000267A288" success="true" from="nursery"/>
<exclusive-end id="730" timestamp="2019-06-17T06:04:05.293" durationms="0.812" />

<exclusive-start id="731" timestamp="2019-06-17T06:04:05.304" intervalms="11.326">
  <response-info timems="4.834" idlems="2.884" threads="4" lastid="0000000002679900" lastname="Thread-8" />
</exclusive-start>
<af-start id="732" threadId="0000000002681A88" totalBytesRequested="40" timestamp="2019-06-17T06:04:05.304" intervalms="11.401" type="nursery" />
<cycle-start id="733" type="scavenge" contextid="0" timestamp="2019-06-17T06:04:05.304" intervalms="11.474" />
<gc-start id="734" type="scavenge" contextid="733" timestamp="2019-06-17T06:04:05.304">
  <mem-info id="735" free="1228456" total="11141120" percent="11">
    <mem type="nursery" free="0" total="5111808" percent="0">
      <mem type="allocate" free="0" total="4587520" percent="0" />
      <mem type="survivor" free="0" total="524288" percent="0" />
    </mem>
    <mem type="tenure" free="1228456" total="6029312" percent="20">
      <mem type="soa" free="979624" total="5728256" percent="17" />
      <mem type="loa" free="248832" total="301056" percent="82" />
    </mem>
    <remembered-set count="2418" />
  </mem-info>
</gc-start>
<allocation-stats totalBytes="4245768" >
  <allocated-bytes non-tlh="40" tlh="4245728" />
  <largest-consumer threadName="Thread-8" threadId="0000000002679900" bytes="1474408" />
</allocation-stats>
<gc-op id="736" type="scavenge" timems="0.525" contextid="733" timestamp="2019-06-17T06:04:05.305">
  <scavenger-info tenureage="3" tenuremask="fff8" tiltratio="89" />
  <memory-copied type="nursery" objects="2758" bytes="66840" bytesdiscarded="72936" />
  <memory-copied type="tenure" objects="701" bytes="16824" bytesdiscarded="0" />
</gc-op>
<gc-end id="737" type="scavenge" contextid="733" durationms="0.948" usertimems="0.000" systemtimems="0.000" timestamp="2019-06-17T06:04:05.305" activeThreads="4">
  <mem-info id="738" free="5544872" total="11141120" percent="49">
    <mem type="nursery" free="4447744" total="5111808" percent="87">
      <mem type="allocate" free="4447744" total="4587520" percent="96" />
      <mem type="survivor" free="0" total="524288" percent="0" />
    </mem>
    <mem type="tenure" free="1097128" total="6029312" percent="18">
      <mem type="soa" free="848296" total="5728256" percent="14" />
      <mem type="loa" free="248832" total="301056" percent="82" />
    </mem>
    <remembered-set count="1717" />
  </mem-info>
</gc-end>
<cycle-end id="739" type="scavenge" contextid="733" timestamp="2019-06-17T06:04:05.305" />
  <attribute name="elasticGC enabled" value="1" />
  <attribute name= "numThreadsSpecified" value="4" />
  <attribute name="heapSize specified" value="10747904" />
  <attribute name="Current GC Util" value="5" />
  <attribute name= "Current Time Running" value="934" />
  <attribute name ="GC Interval" value="200" />
  <attribute name="ProportionalT" value="-15.000000" />
  <attribute name="ProportionalI" value="-15.000000" />
  <attribute name="ProportionalH" value="-15.000000" />
  <attribute name="Current Error" value="-15.000000" />
  <attribute name="IntegralT" value="-180.000000" />
  <attribute name="IntegralI" value="-180.000000" />
  <attribute name="IntegralH" value="-180.000000" />
  <attribute name="DerivativeT" value="-1.250000" />
  <attribute name="DerivativeI" value="-1.250000" />
  <attribute name="DerivativeH" value="-1.250000" />
  <attribute name="Loop Time for DT" value="12.000000" />
  <attribute name="Output H" value="2092630016"/>
  <attribute name="Output I" value="200"/>
  <attribute name="Output T" value="4"/>
  <attribute name="Target GC Util Change" value ="20.000000" />
  <attribute name="Current GC Util Change" value="5.000000"/>
  <attribute name="GC Util currently" value="5" />
  <attribute name="CPU Util currently" value="392446107817" />
<allocation-satisfied id="740" threadId="0000000002681100" bytesRequested="40" />
<af-end id="741" timestamp="2019-06-17T06:04:05.305" threadId="0000000002681A88" success="true" from="nursery"/>
<exclusive-end id="742" timestamp="2019-06-17T06:04:05.305" durationms="1.659" />

<exclusive-start id="743" timestamp="2019-06-17T06:04:05.313" intervalms="9.485">
  <response-info timems="0.058" idlems="0.058" threads="0" lastid="000000000267D500" lastname="Thread-7" />
</exclusive-start>
<af-start id="744" threadId="000000000267DE88" totalBytesRequested="24" timestamp="2019-06-17T06:04:05.313" intervalms="9.485" type="nursery" />
<cycle-start id="745" type="scavenge" contextid="0" timestamp="2019-06-17T06:04:05.313" intervalms="9.463" />
<gc-start id="746" type="scavenge" contextid="745" timestamp="2019-06-17T06:04:05.313">
  <mem-info id="747" free="1097128" total="11141120" percent="9">
    <mem type="nursery" free="0" total="5111808" percent="0">
      <mem type="allocate" free="0" total="4587520" percent="0" />
      <mem type="survivor" free="0" total="524288" percent="0" />
    </mem>
    <mem type="tenure" free="1097128" total="6029312" percent="18">
      <mem type="soa" free="848296" total="5728256" percent="14" />
      <mem type="loa" free="248832" total="301056" percent="82" />
    </mem>
    <remembered-set count="2218" />
  </mem-info>
</gc-start>
<allocation-stats totalBytes="4447080" >
  <allocated-bytes non-tlh="40" tlh="4447040" />
  <largest-consumer threadName="Thread-10" threadId="0000000002675D00" bytes="2985640" />
</allocation-stats>
<gc-op id="748" type="scavenge" timems="0.506" contextid="745" timestamp="2019-06-17T06:04:05.314">
  <scavenger-info tenureage="3" tenuremask="ffc8" tiltratio="89" />
  <memory-copied type="nursery" objects="7486" bytes="317856" bytesdiscarded="84576" />
  <memory-copied type="tenure" objects="675" bytes="16200" bytesdiscarded="0" />
</gc-op>
<gc-end id="749" type="scavenge" contextid="745" durationms="0.846" usertimems="0.000" systemtimems="0.000" timestamp="2019-06-17T06:04:05.314" activeThreads="4">
  <mem-info id="750" free="5282216" total="11141120" percent="47">
    <mem type="nursery" free="4185088" total="5111808" percent="81">
      <mem type="allocate" free="4185088" total="4587520" percent="91" />
      <mem type="survivor" free="0" total="524288" percent="0" />
    </mem>
    <mem type="tenure" free="1097128" total="6029312" percent="18">
      <mem type="soa" free="848296" total="5728256" percent="14" />
      <mem type="loa" free="248832" total="301056" percent="82" />
    </mem>
    <remembered-set count="1542" />
  </mem-info>
</gc-end>
<cycle-end id="751" type="scavenge" contextid="745" timestamp="2019-06-17T06:04:05.314" />
  <attribute name="elasticGC enabled" value="1" />
  <attribute name= "numThreadsSpecified" value="4" />
  <attribute name="heapSize specified" value="10747904" />
  <attribute name="Current GC Util" value="11" />
  <attribute name= "Current Time Running" value="943" />
  <attribute name ="GC Interval" value="200" />
  <attribute name="ProportionalT" value="-9.000000" />
  <attribute name="ProportionalI" value="-9.000000" />
  <attribute name="ProportionalH" value="-9.000000" />
  <attribute name="Current Error" value="-9.000000" />
  <attribute name="IntegralT" value="-81.000000" />
  <attribute name="IntegralI" value="-81.000000" />
  <attribute name="IntegralH" value="-81.000000" />
  <attribute name="DerivativeT" value="-1.000000" />
  <attribute name="DerivativeI" value="-1.000000" />
  <attribute name="DerivativeH" value="-1.000000" />
  <attribute name="Loop Time for DT" value="9.000000" />
  <attribute name="Output H" value="2092630016"/>
  <attribute name="Output I" value="200"/>
  <attribute name="Output T" value="4"/>
  <attribute name="Target GC Util Change" value ="20.000000" />
  <attribute name="Current GC Util Change" value="11.000000"/>
  <attribute name="GC Util currently" value="11" />
  <attribute name="CPU Util currently" value="491822469842" />
<allocation-satisfied id="752" threadId="000000000267D500" bytesRequested="24" />
<af-end id="753" timestamp="2019-06-17T06:04:05.315" threadId="000000000267DE88" success="true" from="nursery"/>
<exclusive-end id="754" timestamp="2019-06-17T06:04:05.315" durationms="1.461" />

<exclusive-start id="755" timestamp="2019-06-17T06:04:05.317" intervalms="3.898">
  <response-info timems="0.021" idlems="0.021" threads="0" lastid="0000000002679900" lastname="Thread-8" />
</exclusive-start>
<af-start id="756" threadId="000000000267A288" totalBytesRequested="40" timestamp="2019-06-17T06:04:05.317" intervalms="3.831" type="nursery" />
<cycle-start id="757" type="scavenge" contextid="0" timestamp="2019-06-17T06:04:05.317" intervalms="3.772" />
<gc-start id="758" type="scavenge" contextid="757" timestamp="2019-06-17T06:04:05.317">
  <mem-info id="759" free="1097128" total="11141120" percent="9">
    <mem type="nursery" free="0" total="5111808" percent="0">
      <mem type="allocate" free="0" total="4587520" percent="0" />
      <mem type="survivor" free="0" total="524288" percent="0" />
    </mem>
    <mem type="tenure" free="1097128" total="6029312" percent="18">
      <mem type="soa" free="848296" total="5728256" percent="14" />
      <mem type="loa" free="248832" total="301056" percent="82" />
    </mem>
    <remembered-set count="2055" />
  </mem-info>
</gc-start>
<allocation-stats totalBytes="4184256" >
  <allocated-bytes non-tlh="24" tlh="4184232" />
  <largest-consumer threadName="Thread-8" threadId="0000000002679900" bytes="1105640" />
</allocation-stats>
<gc-op id="760" type="scavenge" timems="0.369" contextid="757" timestamp="2019-06-17T06:04:05.318">
  <scavenger-info tenureage="3" tenuremask="ffe8" tiltratio="89" />
  <memory-copied type="nursery" objects="7736" bytes="323600" bytesdiscarded="118000" />
  <memory-copied type="tenure" objects="471" bytes="11304" bytesdiscarded="0" />
</gc-op>
<gc-end id="761" type="scavenge" contextid="757" durationms="0.547" usertimems="0.000" systemtimems="0.000" timestamp="2019-06-17T06:04:05.318" activeThreads="4">
  <mem-info id="762" free="5243048" total="11141120" percent="47">
    <mem type="nursery" free="4145920" total="5111808" percent="81">
      <mem type="allocate" free="4145920" total="4587520" percent="90" />
      <mem type="survivor" free="0" total="524288" percent="0" />
    </mem>
    <mem type="tenure" free="1097128" total="6029312" percent="18">
      <mem type="soa" free="848296" total="5728256" percent="14" />
      <mem type="loa" free="248832" total="301056" percent="82" />
    </mem>
    <remembered-set count="1584" />
  </mem-info>
</gc-end>
<cycle-end id="763" type="scavenge" contextid="757" timestamp="2019-06-17T06:04:05.318" />
  <attribute name="elasticGC enabled" value="1" />
  <attribute name= "numThreadsSpecified" value="4" />
  <attribute name="heapSize specified" value="10747904" />
  <attribute name="Current GC Util" value="30" />
  <attribute name= "Current Time Running" value="947" />
  <attribute name ="GC Interval" value="200" />
  <attribute name="ProportionalT" value="10.000000" />
  <attribute name="ProportionalI" value="10.000000" />
  <attribute name="ProportionalH" value="10.000000" />
  <attribute name="Current Error" value="10.000000" />
  <attribute name="IntegralT" value="40.000000" />
  <attribute name="IntegralI" value="40.000000" />
  <attribute name="IntegralH" value="40.000000" />
  <attribute name="DerivativeT" value="2.500000" />
  <attribute name="DerivativeI" value="2.500000" />
  <attribute name="DerivativeH" value="2.500000" />
  <attribute name="Loop Time for DT" value="4.000000" />
  <attribute name="Output H" value="8388608"/>
  <attribute name="Output I" value="200"/>
  <attribute name="Output T" value="4"/>
  <attribute name="Target GC Util Change" value ="20.000000" />
  <attribute name="Current GC Util Change" value="30.000000"/>
  <attribute name="GC Util currently" value="30" />
  <attribute name="CPU Util currently" value="1280323982762" />
<allocation-satisfied id="764" threadId="0000000002679900" bytesRequested="40" />
<af-end id="765" timestamp="2019-06-17T06:04:05.318" threadId="000000000267A288" success="true" from="nursery"/>
<exclusive-end id="766" timestamp="2019-06-17T06:04:05.318" durationms="0.941" />

<exclusive-start id="767" timestamp="2019-06-17T06:04:05.320" intervalms="3.372">
  <response-info timems="0.029" idlems="0.029" threads="0" lastid="000000000267D500" lastname="Thread-7" />
</exclusive-start>
<af-start id="768" threadId="000000000267DE88" totalBytesRequested="40" timestamp="2019-06-17T06:04:05.320" intervalms="3.375" type="nursery" />
<cycle-start id="769" type="scavenge" contextid="0" timestamp="2019-06-17T06:04:05.321" intervalms="3.379" />
<gc-start id="770" type="scavenge" contextid="769" timestamp="2019-06-17T06:04:05.321">
  <mem-info id="771" free="1097128" total="11141120" percent="9">
    <mem type="nursery" free="0" total="5111808" percent="0">
      <mem type="allocate" free="0" total="4587520" percent="0" />
      <mem type="survivor" free="0" total="524288" percent="0" />
    </mem>
    <mem type="tenure" free="1097128" total="6029312" percent="18">
      <mem type="soa" free="848296" total="5728256" percent="14" />
      <mem type="loa" free="248832" total="301056" percent="82" />
    </mem>
    <remembered-set count="2123" />
  </mem-info>
</gc-start>
<allocation-stats totalBytes="4145216" >
  <allocated-bytes non-tlh="40" tlh="4145176" />
  <largest-consumer threadName="Thread-8" threadId="0000000002679900" bytes="1118064" />
</allocation-stats>
<gc-op id="772" type="scavenge" timems="2.070" contextid="769" timestamp="2019-06-17T06:04:05.323">
  <scavenger-info tenureage="3" tenuremask="ffe8" tiltratio="89" />
  <memory-copied type="nursery" objects="7070" bytes="307904" bytesdiscarded="125248" />
  <memory-copied type="tenure" objects="1510" bytes="36240" bytesdiscarded="0" />
</gc-op>
<heap-resize id="773" type="expand" space="nursery" amount="1048576" count="1" timems="0.015" reason="excessive time being spent scavenging" timestamp="2019-06-17T06:04:05.323" />
<gc-end id="774" type="scavenge" contextid="769" durationms="2.332" usertimems="0.000" systemtimems="0.000" timestamp="2019-06-17T06:04:05.323" activeThreads="4">
  <mem-info id="775" free="6129832" total="12189696" percent="50">
    <mem type="nursery" free="5071872" total="6160384" percent="82">
      <mem type="allocate" free="5071872" total="5505024" percent="92" />
      <mem type="survivor" free="0" total="655360" percent="0" />
    </mem>
    <mem type="tenure" free="1057960" total="6029312" percent="17">
      <mem type="soa" free="809128" total="5728256" percent="14" />
      <mem type="loa" free="248832" total="301056" percent="82" />
    </mem>
    <remembered-set count="1636" />
  </mem-info>
</gc-end>
<cycle-end id="776" type="scavenge" contextid="769" timestamp="2019-06-17T06:04:05.323" />
  <attribute name="elasticGC enabled" value="1" />
  <attribute name= "numThreadsSpecified" value="4" />
  <attribute name="heapSize specified" value="10747904" />
  <attribute name="Current GC Util" value="31" />
  <attribute name= "Current Time Running" value="950" />
  <attribute name ="GC Interval" value="200" />
  <attribute name="ProportionalT" value="11.000000" />
  <attribute name="ProportionalI" value="11.000000" />
  <attribute name="ProportionalH" value="11.000000" />
  <attribute name="Current Error" value="11.000000" />
  <attribute name="IntegralT" value="33.000000" />
  <attribute name="IntegralI" value="33.000000" />
  <attribute name="IntegralH" value="33.000000" />
  <attribute name="DerivativeT" value="0.333333" />
  <attribute name="DerivativeI" value="0.333333" />
  <attribute name="DerivativeH" value="0.333333" />
  <attribute name="Loop Time for DT" value="3.000000" />
  <attribute name="Output H" value="8388608"/>
  <attribute name="Output I" value="200"/>
  <attribute name="Output T" value="4"/>
  <attribute name="Target GC Util Change" value ="20.000000" />
  <attribute name="Current GC Util Change" value="31.000000"/>
  <attribute name="GC Util currently" value="31" />
  <attribute name="CPU Util currently" value="1361347960707" />
<allocation-satisfied id="777" threadId="000000000267D500" bytesRequested="40" />
<af-end id="778" timestamp="2019-06-17T06:04:05.323" threadId="000000000267DE88" success="true" from="nursery"/>
<exclusive-end id="779" timestamp="2019-06-17T06:04:05.323" durationms="2.768" />

<exclusive-start id="780" timestamp="2019-06-17T06:04:05.326" intervalms="5.873">
  <response-info timems="0.029" idlems="0.029" threads="0" lastid="0000000002679900" lastname="Thread-8" />
</exclusive-start>
<af-start id="781" threadId="000000000267A288" totalBytesRequested="24" timestamp="2019-06-17T06:04:05.326" intervalms="5.861" type="nursery" />
<cycle-start id="782" type="scavenge" contextid="0" timestamp="2019-06-17T06:04:05.326" intervalms="5.850" />
<gc-start id="783" type="scavenge" contextid="782" timestamp="2019-06-17T06:04:05.326">
  <mem-info id="784" free="1057960" total="12189696" percent="8">
    <mem type="nursery" free="0" total="6160384" percent="0">
      <mem type="allocate" free="0" total="5505024" percent="0" />
      <mem type="survivor" free="0" total="655360" percent="0" />
    </mem>
    <mem type="tenure" free="1057960" total="6029312" percent="17">
      <mem type="soa" free="809128" total="5728256" percent="14" />
      <mem type="loa" free="248832" total="301056" percent="82" />
    </mem>
    <remembered-set count="2220" />
  </mem-info>
</gc-start>
<allocation-stats totalBytes="5071200" >
  <allocated-bytes non-tlh="40" tlh="5071160" />
  <largest-consumer threadName="Thread-7" threadId="000000000267D500" bytes="1508136" />
</allocation-stats>
<gc-op id="785" type="scavenge" timems="0.387" contextid="782" timestamp="2019-06-17T06:04:05.327">
  <scavenger-info tenureage="3" tenuremask="ffe8" tiltratio="89" />
  <memory-copied type="nursery" objects="3087" bytes="74752" bytesdiscarded="204800" />
  <memory-copied type="tenure" objects="5392" bytes="266784" bytesdiscarded="0" />
</gc-op>
<gc-end id="786" type="scavenge" contextid="782" durationms="0.562" usertimems="0.000" systemtimems="0.000" timestamp="2019-06-17T06:04:05.327" activeThreads="4">
  <mem-info id="787" free="6133048" total="12189696" percent="50">
    <mem type="nursery" free="5225472" total="6160384" percent="84">
      <mem type="allocate" free="5225472" total="5505024" percent="94" />
      <mem type="survivor" free="0" total="655360" percent="0" />
    </mem>
    <mem type="tenure" free="907576" total="6029312" percent="15">
      <mem type="soa" free="658744" total="5728256" percent="11" />
      <mem type="loa" free="248832" total="301056" percent="82" />
    </mem>
    <remembered-set count="2521" />
  </mem-info>
</gc-end>
<cycle-end id="788" type="scavenge" contextid="782" timestamp="2019-06-17T06:04:05.327" />
  <attribute name="elasticGC enabled" value="1" />
  <attribute name= "numThreadsSpecified" value="4" />
  <attribute name="heapSize specified" value="10747904" />
  <attribute name="Current GC Util" value="58" />
  <attribute name= "Current Time Running" value="956" />
  <attribute name ="GC Interval" value="272" />
  <attribute name="ProportionalT" value="38.000000" />
  <attribute name="ProportionalI" value="38.000000" />
  <attribute name="ProportionalH" value="38.000000" />
  <attribute name="Current Error" value="38.000000" />
  <attribute name="IntegralT" value="228.000000" />
  <attribute name="IntegralI" value="228.000000" />
  <attribute name="IntegralH" value="228.000000" />
  <attribute name="DerivativeT" value="4.500000" />
  <attribute name="DerivativeI" value="4.500000" />
  <attribute name="DerivativeH" value="4.500000" />
  <attribute name="Loop Time for DT" value="6.000000" />
  <attribute name="Output H" value="8388608"/>
  <attribute name="Output I" value="272"/>
  <attribute name="Output T" value="4"/>
  <attribute name="Target GC Util Change" value ="20.000000" />
  <attribute name="Current GC Util Change" value="58.000000"/>
  <attribute name="GC Util currently" value="58" />
  <attribute name="CPU Util currently" value="790834952797" />
<allocation-satisfied id="789" threadId="0000000002679900" bytesRequested="24" />
<af-end id="790" timestamp="2019-06-17T06:04:05.327" threadId="000000000267A288" success="true" from="nursery"/>
<exclusive-end id="791" timestamp="2019-06-17T06:04:05.327" durationms="0.934" />

<exclusive-start id="792" timestamp="2019-06-17T06:04:05.331" intervalms="4.555">
  <response-info timems="0.024" idlems="0.024" threads="0" lastid="0000000002679900" lastname="Thread-8" />
</exclusive-start>
<af-start id="793" threadId="000000000267A288" totalBytesRequested="40" timestamp="2019-06-17T06:04:05.331" intervalms="4.553" type="nursery" />
<cycle-start id="794" type="scavenge" contextid="0" timestamp="2019-06-17T06:04:05.331" intervalms="4.555" />
<gc-start id="795" type="scavenge" contextid="794" timestamp="2019-06-17T06:04:05.331">
  <mem-info id="796" free="907576" total="12189696" percent="7">
    <mem type="nursery" free="0" total="6160384" percent="0">
      <mem type="allocate" free="0" total="5505024" percent="0" />
      <mem type="survivor" free="0" total="655360" percent="0" />
    </mem>
    <mem type="tenure" free="907576" total="6029312" percent="15">
      <mem type="soa" free="658744" total="5728256" percent="11" />
      <mem type="loa" free="248832" total="301056" percent="82" />
    </mem>
    <remembered-set count="3011" />
  </mem-info>
</gc-start>
<allocation-stats totalBytes="5224536" >
  <allocated-bytes non-tlh="24" tlh="5224512" />
  <largest-consumer threadName="Thread-8" threadId="0000000002679900" bytes="1739512" />
</allocation-stats>
<gc-op id="797" type="scavenge" timems="0.362" contextid="794" timestamp="2019-06-17T06:04:05.331">
  <scavenger-info tenureage="3" tenuremask="ffe8" tiltratio="89" />
  <memory-copied type="nursery" objects="8096" bytes="332496" bytesdiscarded="209712" />
  <memory-copied type="tenure" objects="772" bytes="18528" bytesdiscarded="0" />
</gc-op>
<gc-end id="798" type="scavenge" contextid="794" durationms="0.546" usertimems="4.000" systemtimems="0.000" timestamp="2019-06-17T06:04:05.332" activeThreads="4">
  <mem-info id="799" free="5870392" total="12189696" percent="48">
    <mem type="nursery" free="4962816" total="6160384" percent="80">
      <mem type="allocate" free="4962816" total="5505024" percent="90" />
      <mem type="survivor" free="0" total="655360" percent="0" />
    </mem>
    <mem type="tenure" free="907576" total="6029312" percent="15">
      <mem type="soa" free="658744" total="5728256" percent="11" />
      <mem type="loa" free="248832" total="301056" percent="82" />
    </mem>
    <remembered-set count="2235" />
  </mem-info>
</gc-end>
<cycle-end id="800" type="scavenge" contextid="794" timestamp="2019-06-17T06:04:05.332" />
  <attribute name="elasticGC enabled" value="1" />
  <attribute name= "numThreadsSpecified" value="4" />
  <attribute name="heapSize specified" value="10747904" />
  <attribute name="Current GC Util" value="24" />
  <attribute name= "Current Time Running" value="961" />
  <attribute name ="GC Interval" value="200" />
  <attribute name="ProportionalT" value="4.000000" />
  <attribute name="ProportionalI" value="4.000000" />
  <attribute name="ProportionalH" value="4.000000" />
  <attribute name="Current Error" value="4.000000" />
  <attribute name="IntegralT" value="20.000000" />
  <attribute name="IntegralI" value="20.000000" />
  <attribute name="IntegralH" value="20.000000" />
  <attribute name="DerivativeT" value="-6.800000" />
  <attribute name="DerivativeI" value="-6.800000" />
  <attribute name="DerivativeH" value="-6.800000" />
  <attribute name="Loop Time for DT" value="5.000000" />
  <attribute name="Output H" value="8388608"/>
  <attribute name="Output I" value="200"/>
  <attribute name="Output T" value="4"/>
  <attribute name="Target GC Util Change" value ="20.000000" />
  <attribute name="Current GC Util Change" value="24.000000"/>
  <attribute name="GC Util currently" value="24" />
  <attribute name="CPU Util currently" value="1012623526886" />
<allocation-satisfied id="801" threadId="0000000002679900" bytesRequested="40" />
<af-end id="802" timestamp="2019-06-17T06:04:05.332" threadId="000000000267A288" success="true" from="nursery"/>
<exclusive-end id="803" timestamp="2019-06-17T06:04:05.332" durationms="0.932" />

<exclusive-start id="804" timestamp="2019-06-17T06:04:05.334" intervalms="3.672">
  <response-info timems="0.022" idlems="0.022" threads="0" lastid="0000000002681100" lastname="Thread-9" />
</exclusive-start>
<af-start id="805" threadId="0000000002681A88" totalBytesRequested="40" timestamp="2019-06-17T06:04:05.335" intervalms="3.689" type="nursery" />
<cycle-start id="806" type="scavenge" contextid="0" timestamp="2019-06-17T06:04:05.335" intervalms="3.701" />
<gc-start id="807" type="scavenge" contextid="806" timestamp="2019-06-17T06:04:05.335">
  <mem-info id="808" free="907576" total="12189696" percent="7">
    <mem type="nursery" free="0" total="6160384" percent="0">
      <mem type="allocate" free="0" total="5505024" percent="0" />
      <mem type="survivor" free="0" total="655360" percent="0" />
    </mem>
    <mem type="tenure" free="907576" total="6029312" percent="15">
      <mem type="soa" free="658744" total="5728256" percent="11" />
      <mem type="loa" free="248832" total="301056" percent="82" />
    </mem>
    <remembered-set count="3019" />
  </mem-info>
</gc-start>
<allocation-stats totalBytes="4961952" >
  <allocated-bytes non-tlh="40" tlh="4961912" />
  <largest-consumer threadName="Thread-8" threadId="0000000002679900" bytes="1448200" />
</allocation-stats>
<gc-op id="809" type="scavenge" timems="0.645" contextid="806" timestamp="2019-06-17T06:04:05.335">
  <scavenger-info tenureage="3" tenuremask="ffe8" tiltratio="89" />
  <memory-copied type="nursery" objects="8260" bytes="336704" bytesdiscarded="62512" />
  <memory-copied type="tenure" objects="782" bytes="18768" bytesdiscarded="8" />
</gc-op>
<gc-end id="810" type="scavenge" contextid="806" durationms="0.840" usertimems="4.000" systemtimems="0.000" timestamp="2019-06-17T06:04:05.336" activeThreads="4">
  <mem-info id="811" free="5882056" total="12189696" percent="48">
    <mem type="nursery" free="5105808" total="6160384" percent="82">
      <mem type="allocate" free="5105808" total="5505024" percent="92" />
      <mem type="survivor" free="0" total="655360" percent="0" />
    </mem>
    <mem type="tenure" free="776248" total="6029312" percent="12">
      <mem type="soa" free="527416" total="5728256" percent="9" />
      <mem type="loa" free="248832" total="301056" percent="82" />
    </mem>
    <remembered-set count="2230" />
  </mem-info>
</gc-end>
<cycle-end id="812" type="scavenge" contextid="806" timestamp="2019-06-17T06:04:05.336" />
  <attribute name="elasticGC enabled" value="1" />
  <attribute name= "numThreadsSpecified" value="4" />
  <attribute name="heapSize specified" value="10747904" />
  <attribute name="Current GC Util" value="28" />
  <attribute name= "Current Time Running" value="964" />
  <attribute name ="GC Interval" value="200" />
  <attribute name="ProportionalT" value="8.000000" />
  <attribute name="ProportionalI" value="8.000000" />
  <attribute name="ProportionalH" value="8.000000" />
  <attribute name="Current Error" value="8.000000" />
  <attribute name="IntegralT" value="24.000000" />
  <attribute name="IntegralI" value="24.000000" />
  <attribute name="IntegralH" value="24.000000" />
  <attribute name="DerivativeT" value="1.333333" />
  <attribute name="DerivativeI" value="1.333333" />
  <attribute name="DerivativeH" value="1.333333" />
  <attribute name="Loop Time for DT" value="3.000000" />
  <attribute name="Output H" value="8388608"/>
  <attribute name="Output I" value="200"/>
  <attribute name="Output T" value="4"/>
  <attribute name="Target GC Util Change" value ="20.000000" />
  <attribute name="Current GC Util Change" value="28.000000"/>
  <attribute name="GC Util currently" value="28" />
  <attribute name="CPU Util currently" value="1237944457587" />
<allocation-satisfied id="813" threadId="0000000002681100" bytesRequested="40" />
<af-end id="814" timestamp="2019-06-17T06:04:05.336" threadId="0000000002681A88" success="true" from="nursery"/>
<exclusive-end id="815" timestamp="2019-06-17T06:04:05.336" durationms="1.285" />

<exclusive-start id="816" timestamp="2019-06-17T06:04:05.339" intervalms="4.284">
  <response-info timems="0.021" idlems="0.021" threads="0" lastid="000000000267D500" lastname="Thread-7" />
</exclusive-start>
<af-start id="817" threadId="000000000267DE88" totalBytesRequested="40" timestamp="2019-06-17T06:04:05.339" intervalms="4.278" type="nursery" />
<cycle-start id="818" type="scavenge" contextid="0" timestamp="2019-06-17T06:04:05.339" intervalms="4.273" />
<gc-start id="819" type="scavenge" contextid="818" timestamp="2019-06-17T06:04:05.339">
  <mem-info id="820" free="776248" total="12189696" percent="6">
    <mem type="nursery" free="0" total="6160384" percent="0">
      <mem type="allocate" free="0" total="5505024" percent="0" />
      <mem type="survivor" free="0" total="655360" percent="0" />
    </mem>
    <mem type="tenure" free="776248" total="6029312" percent="12">
      <mem type="soa" free="527416" total="5728256" percent="9" />
      <mem type="loa" free="248832" total="301056" percent="82" />
    </mem>
    <remembered-set count="3045" />
  </mem-info>
</gc-start>
<allocation-stats totalBytes="5104912" >
  <allocated-bytes non-tlh="40" tlh="5104872" />
  <largest-consumer threadName="Thread-10" threadId="0000000002675D00" bytes="1408760" />
</allocation-stats>
<gc-op id="821" type="scavenge" timems="1.784" contextid="818" timestamp="2019-06-17T06:04:05.341">
  <scavenger-info tenureage="3" tenuremask="ffe8" tiltratio="89" />
  <memory-copied type="nursery" objects="7799" bytes="325400" bytesdiscarded="24040" />
  <memory-copied type="tenure" objects="1420" bytes="34080" bytesdiscarded="0" />
</gc-op>
<heap-resize id="822" type="expand" space="nursery" amount="655360" count="1" timems="0.015" reason="excessive time being spent scavenging" timestamp="2019-06-17T06:04:05.341" />
<gc-end id="823" type="scavenge" contextid="818" durationms="2.089" usertimems="0.000" systemtimems="0.000" timestamp="2019-06-17T06:04:05.341" activeThreads="4">
  <mem-info id="824" free="6521656" total="12845056" percent="50">
    <mem type="nursery" free="5745408" total="6815744" percent="84">
      <mem type="allocate" free="5745408" total="6094848" percent="94" />
      <mem type="survivor" free="0" total="720896" percent="0" />
    </mem>
    <mem type="tenure" free="776248" total="6029312" percent="12">
      <mem type="soa" free="527416" total="5728256" percent="9" />
      <mem type="loa" free="248832" total="301056" percent="82" />
    </mem>
    <remembered-set count="2171" />
  </mem-info>
</gc-end>
<cycle-end id="825" type="scavenge" contextid="818" timestamp="2019-06-17T06:04:05.341" />
  <attribute name="elasticGC enabled" value="1" />
  <attribute name= "numThreadsSpecified" value="4" />
  <attribute name="heapSize specified" value="10747904" />
  <attribute name="Current GC Util" value="32" />
  <attribute name= "Current Time Running" value="969" />
  <attribute name ="GC Interval" value="200" />
  <attribute name="ProportionalT" value="12.000000" />
  <attribute name="ProportionalI" value="12.000000" />
  <attribute name="ProportionalH" value="12.000000" />
  <attribute name="Current Error" value="12.000000" />
  <attribute name="IntegralT" value="60.000000" />
  <attribute name="IntegralI" value="60.000000" />
  <attribute name="IntegralH" value="60.000000" />
  <attribute name="DerivativeT" value="0.800000" />
  <attribute name="DerivativeI" value="0.800000" />
  <attribute name="DerivativeH" value="0.800000" />
  <attribute name="Loop Time for DT" value="5.000000" />
  <attribute name="Output H" value="8388608"/>
  <attribute name="Output I" value="200"/>
  <attribute name="Output T" value="4"/>
  <attribute name="Target GC Util Change" value ="20.000000" />
  <attribute name="Current GC Util Change" value="32.000000"/>
  <attribute name="GC Util currently" value="32" />
  <attribute name="CPU Util currently" value="1080419418485" />
<allocation-satisfied id="826" threadId="000000000267D500" bytesRequested="40" />
<af-end id="827" timestamp="2019-06-17T06:04:05.341" threadId="000000000267DE88" success="true" from="nursery"/>
<exclusive-end id="828" timestamp="2019-06-17T06:04:05.341" durationms="2.570" />

<exclusive-start id="829" timestamp="2019-06-17T06:04:05.345" intervalms="5.846">
  <response-info timems="0.020" idlems="0.020" threads="0" lastid="000000000267D500" lastname="Thread-7" />
</exclusive-start>
<af-start id="830" threadId="000000000267DE88" totalBytesRequested="40" timestamp="2019-06-17T06:04:05.345" intervalms="5.846" type="nursery" />
<cycle-start id="831" type="scavenge" contextid="0" timestamp="2019-06-17T06:04:05.345" intervalms="5.845" />
<gc-start id="832" type="scavenge" contextid="831" timestamp="2019-06-17T06:04:05.345">
  <mem-info id="833" free="776248" total="12845056" percent="6">
    <mem type="nursery" free="0" total="6815744" percent="0">
      <mem type="allocate" free="0" total="6094848" percent="0" />
      <mem type="survivor" free="0" total="720896" percent="0" />
    </mem>
    <mem type="tenure" free="776248" total="6029312" percent="12">
      <mem type="soa" free="527416" total="5728256" percent="9" />
      <mem type="loa" free="248832" total="301056" percent="82" />
    </mem>
    <remembered-set count="3162" />
  </mem-info>
</gc-start>
<allocation-stats totalBytes="5744624" >
  <allocated-bytes non-tlh="40" tlh="5744584" />
  <largest-consumer threadName="Thread-8" threadId="0000000002679900" bytes="1552224" />
</allocation-stats>
<gc-op id="834" type="scavenge" timems="2.304" contextid="831" timestamp="2019-06-17T06:04:05.347">
  <scavenger-info tenureage="3" tenuremask="ffe8" tiltratio="89" />
  <memory-copied type="nursery" objects="3125" bytes="75720" bytesdiscarded="226104" />
  <memory-copied type="tenure" objects="5780" bytes="276096" bytesdiscarded="48" />
</gc-op>
<heap-resize id="835" type="expand" space="nursery" amount="1179648" count="1" timems="0.013" reason="excessive time being spent scavenging" timestamp="2019-06-17T06:04:05.347" />
<gc-end id="836" type="scavenge" contextid="831" durationms="2.607" usertimems="0.000" systemtimems="0.000" timestamp="2019-06-17T06:04:05.347" activeThreads="4">
  <mem-info id="837" free="7316024" total="14024704" percent="52">
    <mem type="nursery" free="6841600" total="7995392" percent="85">
      <mem type="allocate" free="6841600" total="7143424" percent="95" />
      <mem type="survivor" free="0" total="851968" percent="0" />
    </mem>
    <mem type="tenure" free="474424" total="6029312" percent="7">
      <mem type="soa" free="225592" total="5728256" percent="3" />
      <mem type="loa" free="248832" total="301056" percent="82" />
    </mem>
    <remembered-set count="3112" />
  </mem-info>
</gc-end>
<cycle-end id="838" type="scavenge" contextid="831" timestamp="2019-06-17T06:04:05.348" />
  <attribute name="elasticGC enabled" value="1" />
  <attribute name= "numThreadsSpecified" value="4" />
  <attribute name="heapSize specified" value="10747904" />
  <attribute name="Current GC Util" value="48" />
  <attribute name= "Current Time Running" value="975" />
  <attribute name ="GC Interval" value="200" />
  <attribute name="ProportionalT" value="28.000000" />
  <attribute name="ProportionalI" value="28.000000" />
  <attribute name="ProportionalH" value="28.000000" />
  <attribute name="Current Error" value="28.000000" />
  <attribute name="IntegralT" value="168.000000" />
  <attribute name="IntegralI" value="168.000000" />
  <attribute name="IntegralH" value="168.000000" />
  <attribute name="DerivativeT" value="2.666667" />
  <attribute name="DerivativeI" value="2.666667" />
  <attribute name="DerivativeH" value="2.666667" />
  <attribute name="Loop Time for DT" value="6.000000" />
  <attribute name="Output H" value="8388608"/>
  <attribute name="Output I" value="200"/>
  <attribute name="Output T" value="4"/>
  <attribute name="Target GC Util Change" value ="20.000000" />
  <attribute name="Current GC Util Change" value="48.000000"/>
  <attribute name="GC Util currently" value="48" />
  <attribute name="CPU Util currently" value="789247096602" />
<allocation-satisfied id="839" threadId="000000000267D500" bytesRequested="40" />
<af-end id="840" timestamp="2019-06-17T06:04:05.348" threadId="000000000267DE88" success="true" from="nursery"/>
<exclusive-end id="841" timestamp="2019-06-17T06:04:05.348" durationms="3.098" />

<exclusive-start id="842" timestamp="2019-06-17T06:04:05.352" intervalms="6.925">
  <response-info timems="0.023" idlems="0.023" threads="0" lastid="0000000002681100" lastname="Thread-9" />
</exclusive-start>
<af-start id="843" threadId="0000000002681A88" totalBytesRequested="24" timestamp="2019-06-17T06:04:05.352" intervalms="6.925" type="nursery" />
<cycle-start id="844" type="scavenge" contextid="0" timestamp="2019-06-17T06:04:05.352" intervalms="6.929" />
<gc-start id="845" type="scavenge" contextid="844" timestamp="2019-06-17T06:04:05.352">
  <mem-info id="846" free="474424" total="14024704" percent="3">
    <mem type="nursery" free="0" total="7995392" percent="0">
      <mem type="allocate" free="0" total="7143424" percent="0" />
      <mem type="survivor" free="0" total="851968" percent="0" />
    </mem>
    <mem type="tenure" free="474424" total="6029312" percent="7">
      <mem type="soa" free="225592" total="5728256" percent="3" />
      <mem type="loa" free="248832" total="301056" percent="82" />
    </mem>
    <remembered-set count="4450" />
  </mem-info>
</gc-start>
<allocation-stats totalBytes="6840560" >
  <allocated-bytes non-tlh="40" tlh="6840520" />
  <largest-consumer threadName="Thread-8" threadId="0000000002679900" bytes="1802016" />
</allocation-stats>
<gc-op id="847" type="scavenge" timems="0.533" contextid="844" timestamp="2019-06-17T06:04:05.352">
  <scavenger-info tenureage="3" tenuremask="ffe8" tiltratio="89" />
  <memory-copied type="nursery" objects="3586" bytes="86880" bytesdiscarded="122784" />
  <memory-copied type="tenure" objects="882" bytes="21168" bytesdiscarded="0" />
</gc-op>
<gc-end id="848" type="scavenge" contextid="844" durationms="0.731" usertimems="4.000" systemtimems="0.000" timestamp="2019-06-17T06:04:05.352" activeThreads="4">
  <mem-info id="849" free="7408184" total="14024704" percent="52">
    <mem type="nursery" free="6933760" total="7995392" percent="86">
      <mem type="allocate" free="6933760" total="7143424" percent="97" />
      <mem type="survivor" free="0" total="851968" percent="0" />
    </mem>
    <mem type="tenure" free="474424" total="6029312" percent="7">
      <mem type="soa" free="225592" total="5728256" percent="3" />
      <mem type="loa" free="248832" total="301056" percent="82" />
    </mem>
    <remembered-set count="3561" />
  </mem-info>
</gc-end>
<cycle-end id="850" type="scavenge" contextid="844" timestamp="2019-06-17T06:04:05.353" />
  <attribute name="elasticGC enabled" value="1" />
  <attribute name= "numThreadsSpecified" value="4" />
  <attribute name="heapSize specified" value="10747904" />
  <attribute name="Current GC Util" value="53" />
  <attribute name= "Current Time Running" value="982" />
  <attribute name ="GC Interval" value="264" />
  <attribute name="ProportionalT" value="33.000000" />
  <attribute name="ProportionalI" value="33.000000" />
  <attribute name="ProportionalH" value="33.000000" />
  <attribute name="Current Error" value="33.000000" />
  <attribute name="IntegralT" value="231.000000" />
  <attribute name="IntegralI" value="231.000000" />
  <attribute name="IntegralH" value="231.000000" />
  <attribute name="DerivativeT" value="0.714286" />
  <attribute name="DerivativeI" value="0.714286" />
  <attribute name="DerivativeH" value="0.714286" />
  <attribute name="Loop Time for DT" value="7.000000" />
  <attribute name="Output H" value="8388608"/>
  <attribute name="Output I" value="264"/>
  <attribute name="Output T" value="4"/>
  <attribute name="Target GC Util Change" value ="20.000000" />
  <attribute name="Current GC Util Change" value="53.000000"/>
  <attribute name="GC Util currently" value="53" />
  <attribute name="CPU Util currently" value="665215365866" />
<allocation-satisfied id="851" threadId="0000000002681100" bytesRequested="24" />
<af-end id="852" timestamp="2019-06-17T06:04:05.353" threadId="0000000002681A88" success="true" from="nursery"/>
<exclusive-end id="853" timestamp="2019-06-17T06:04:05.353" durationms="1.172" />

<exclusive-start id="854" timestamp="2019-06-17T06:04:05.357" intervalms="5.169">
  <response-info timems="0.023" idlems="0.023" threads="0" lastid="000000000267D500" lastname="Thread-7" />
</exclusive-start>
<af-start id="855" threadId="000000000267DE88" totalBytesRequested="40" timestamp="2019-06-17T06:04:05.357" intervalms="5.172" type="nursery" />
<cycle-start id="856" type="scavenge" contextid="0" timestamp="2019-06-17T06:04:05.357" intervalms="5.171" />
<gc-start id="857" type="scavenge" contextid="856" timestamp="2019-06-17T06:04:05.357">
  <mem-info id="858" free="474424" total="14024704" percent="3">
    <mem type="nursery" free="0" total="7995392" percent="0">
      <mem type="allocate" free="0" total="7143424" percent="0" />
      <mem type="survivor" free="0" total="851968" percent="0" />
    </mem>
    <mem type="tenure" free="474424" total="6029312" percent="7">
      <mem type="soa" free="225592" total="5728256" percent="3" />
      <mem type="loa" free="248832" total="301056" percent="82" />
    </mem>
    <remembered-set count="4973" />
  </mem-info>
</gc-start>
<allocation-stats totalBytes="6932576" >
  <allocated-bytes non-tlh="24" tlh="6932552" />
  <largest-consumer threadName="Thread-10" threadId="0000000002675D00" bytes="1801952" />
</allocation-stats>
<gc-op id="859" type="scavenge" timems="1.508" contextid="856" timestamp="2019-06-17T06:04:05.359">
  <scavenger-info tenureage="3" tenuremask="ffe8" tiltratio="89" />
  <memory-copied type="nursery" objects="4024" bytes="97552" bytesdiscarded="173552" />
  <memory-copied type="tenure" objects="1019" bytes="24456" bytesdiscarded="0" />
</gc-op>
<heap-resize id="860" type="expand" space="nursery" amount="655360" count="1" timems="0.011" reason="excessive time being spent scavenging" timestamp="2019-06-17T06:04:05.359" />
<gc-end id="861" type="scavenge" contextid="856" durationms="1.764" usertimems="4.000" systemtimems="0.000" timestamp="2019-06-17T06:04:05.359" activeThreads="4">
  <mem-info id="862" free="7936568" total="14680064" percent="54">
    <mem type="nursery" free="7462144" total="8650752" percent="86">
      <mem type="allocate" free="7462144" total="7733248" percent="96" />
      <mem type="survivor" free="0" total="917504" percent="0" />
    </mem>
    <mem type="tenure" free="474424" total="6029312" percent="7">
      <mem type="soa" free="225592" total="5728256" percent="3" />
      <mem type="loa" free="248832" total="301056" percent="82" />
    </mem>
    <remembered-set count="3948" />
  </mem-info>
</gc-end>
<cycle-end id="863" type="scavenge" contextid="856" timestamp="2019-06-17T06:04:05.359" />
  <attribute name="elasticGC enabled" value="1" />
  <attribute name= "numThreadsSpecified" value="4" />
  <attribute name="heapSize specified" value="10747904" />
  <attribute name="Current GC Util" value="22" />
  <attribute name= "Current Time Running" value="987" />
  <attribute name ="GC Interval" value="200" />
  <attribute name="ProportionalT" value="2.000000" />
  <attribute name="ProportionalI" value="2.000000" />
  <attribute name="ProportionalH" value="2.000000" />
  <attribute name="Current Error" value="2.000000" />
  <attribute name="IntegralT" value="10.000000" />
  <attribute name="IntegralI" value="10.000000" />
  <attribute name="IntegralH" value="10.000000" />
  <attribute name="DerivativeT" value="-6.200000" />
  <attribute name="DerivativeI" value="-6.200000" />
  <attribute name="DerivativeH" value="-6.200000" />
  <attribute name="Loop Time for DT" value="5.000000" />
  <attribute name="Output H" value="8388608"/>
  <attribute name="Output I" value="200"/>
  <attribute name="Output T" value="4"/>
  <attribute name="Target GC Util Change" value ="20.000000" />
  <attribute name="Current GC Util Change" value="22.000000"/>
  <attribute name="GC Util currently" value="22" />
  <attribute name="CPU Util currently" value="892360839294" />
<allocation-satisfied id="864" threadId="000000000267D500" bytesRequested="40" />
<af-end id="865" timestamp="2019-06-17T06:04:05.359" threadId="000000000267DE88" success="true" from="nursery"/>
<exclusive-end id="866" timestamp="2019-06-17T06:04:05.359" durationms="2.194" />

<exclusive-start id="867" timestamp="2019-06-17T06:04:05.363" intervalms="6.220">
  <response-info timems="0.023" idlems="0.023" threads="0" lastid="0000000002681100" lastname="Thread-9" />
</exclusive-start>
<af-start id="868" threadId="0000000002681A88" totalBytesRequested="40" timestamp="2019-06-17T06:04:05.363" intervalms="6.222" type="nursery" />
<cycle-start id="869" type="scavenge" contextid="0" timestamp="2019-06-17T06:04:05.363" intervalms="6.225" />
<gc-start id="870" type="scavenge" contextid="869" timestamp="2019-06-17T06:04:05.363">
  <mem-info id="871" free="474424" total="14680064" percent="3">
    <mem type="nursery" free="0" total="8650752" percent="0">
      <mem type="allocate" free="0" total="7733248" percent="0" />
      <mem type="survivor" free="0" total="917504" percent="0" />
    </mem>
    <mem type="tenure" free="474424" total="6029312" percent="7">
      <mem type="soa" free="225592" total="5728256" percent="3" />
      <mem type="loa" free="248832" total="301056" percent="82" />
    </mem>
    <remembered-set count="5528" />
  </mem-info>
</gc-start>
<allocation-stats totalBytes="7460936" >
  <allocated-bytes non-tlh="40" tlh="7460896" />
  <largest-consumer threadName="Thread-8" threadId="0000000002679900" bytes="1933080" />
</allocation-stats>
<gc-op id="872" type="scavenge" timems="0.955" contextid="869" timestamp="2019-06-17T06:04:05.364">
  <scavenger-info tenureage="3" tenuremask="ffe8" tiltratio="89" />
  <memory-copied type="nursery" objects="10274" bytes="385016" bytesdiscarded="95752" />
  <memory-copied type="tenure" objects="1122" bytes="26928" bytesdiscarded="0" />
</gc-op>
<heap-resize id="873" type="expand" space="nursery" amount="917504" count="1" timems="0.011" reason="excessive time being spent scavenging" timestamp="2019-06-17T06:04:05.364" />
<gc-end id="874" type="scavenge" contextid="869" durationms="1.212" usertimems="0.000" systemtimems="0.000" timestamp="2019-06-17T06:04:05.364" activeThreads="4">
  <mem-info id="875" free="8513336" total="15597568" percent="54">
    <mem type="nursery" free="8038912" total="9568256" percent="84">
      <mem type="allocate" free="8038912" total="8519680" percent="94" />
      <mem type="survivor" free="0" total="1048576" percent="0" />
    </mem>
    <mem type="tenure" free="474424" total="6029312" percent="7">
      <mem type="soa" free="225592" total="5728256" percent="3" />
      <mem type="loa" free="248832" total="301056" percent="82" />
    </mem>
    <remembered-set count="4400" />
  </mem-info>
</gc-end>
<cycle-end id="876" type="scavenge" contextid="869" timestamp="2019-06-17T06:04:05.364" />
  <attribute name="elasticGC enabled" value="1" />
  <attribute name= "numThreadsSpecified" value="4" />
  <attribute name="heapSize specified" value="10747904" />
  <attribute name="Current GC Util" value="39" />
  <attribute name= "Current Time Running" value="993" />
  <attribute name ="GC Interval" value="200" />
  <attribute name="ProportionalT" value="19.000000" />
  <attribute name="ProportionalI" value="19.000000" />
  <attribute name="ProportionalH" value="19.000000" />
  <attribute name="Current Error" value="19.000000" />
  <attribute name="IntegralT" value="114.000000" />
  <attribute name="IntegralI" value="114.000000" />
  <attribute name="IntegralH" value="114.000000" />
  <attribute name="DerivativeT" value="2.833333" />
  <attribute name="DerivativeI" value="2.833333" />
  <attribute name="DerivativeH" value="2.833333" />
  <attribute name="Loop Time for DT" value="6.000000" />
  <attribute name="Output H" value="8388608"/>
  <attribute name="Output I" value="200"/>
  <attribute name="Output T" value="4"/>
  <attribute name="Target GC Util Change" value ="20.000000" />
  <attribute name="Current GC Util Change" value="39.000000"/>
  <attribute name="GC Util currently" value="39" />
  <attribute name="CPU Util currently" value="739613475183" />
<allocation-satisfied id="877" threadId="0000000002681100" bytesRequested="40" />
<af-end id="878" timestamp="2019-06-17T06:04:05.365" threadId="0000000002681A88" success="true" from="nursery"/>
<exclusive-end id="879" timestamp="2019-06-17T06:04:05.365" durationms="1.663" />

<exclusive-start id="880" timestamp="2019-06-17T06:04:05.369" intervalms="6.520">
  <response-info timems="0.021" idlems="0.021" threads="0" lastid="0000000002681100" lastname="Thread-9" />
</exclusive-start>
<af-start id="881" threadId="0000000002681A88" totalBytesRequested="40" timestamp="2019-06-17T06:04:05.370" intervalms="6.518" type="nursery" />
<cycle-start id="882" type="scavenge" contextid="0" timestamp="2019-06-17T06:04:05.370" intervalms="6.514" />
<gc-start id="883" type="scavenge" contextid="882" timestamp="2019-06-17T06:04:05.370">
  <mem-info id="884" free="474424" total="15597568" percent="3">
    <mem type="nursery" free="0" total="9568256" percent="0">
      <mem type="allocate" free="0" total="8519680" percent="0" />
      <mem type="survivor" free="0" total="1048576" percent="0" />
    </mem>
    <mem type="tenure" free="474424" total="6029312" percent="7">
      <mem type="soa" free="225592" total="5728256" percent="3" />
      <mem type="loa" free="248832" total="301056" percent="82" />
    </mem>
    <remembered-set count="4990" />
  </mem-info>
</gc-start>
<allocation-stats totalBytes="8037688" >
  <allocated-bytes non-tlh="40" tlh="8037648" />
  <largest-consumer threadName="Thread-7" threadId="000000000267D500" bytes="2238696" />
</allocation-stats>
<gc-op id="885" type="scavenge" timems="0.907" contextid="882" timestamp="2019-06-17T06:04:05.371">
  <scavenger-info tenureage="3" tenuremask="ffe8" tiltratio="89" />
  <memory-copied type="nursery" objects="15785" bytes="654920" bytesdiscarded="114880" />
  <memory-copied type="tenure" objects="1337" bytes="32088" bytesdiscarded="0" />
</gc-op>
<heap-resize id="886" type="expand" space="nursery" amount="786432" count="1" timems="0.020" reason="excessive time being spent scavenging" timestamp="2019-06-17T06:04:05.371" />
<gc-end id="887" type="scavenge" contextid="882" durationms="1.220" usertimems="4.000" systemtimems="0.000" timestamp="2019-06-17T06:04:05.371" activeThreads="4">
  <mem-info id="888" free="8945200" total="16384000" percent="54">
    <mem type="nursery" free="8470776" total="10354688" percent="81">
      <mem type="allocate" free="8470776" total="9240576" percent="91" />
      <mem type="survivor" free="0" total="1114112" percent="0" />
    </mem>
    <mem type="tenure" free="474424" total="6029312" percent="7">
      <mem type="soa" free="225592" total="5728256" percent="3" />
      <mem type="loa" free="248832" total="301056" percent="82" />
    </mem>
    <remembered-set count="3652" />
  </mem-info>
</gc-end>
<cycle-end id="889" type="scavenge" contextid="882" timestamp="2019-06-17T06:04:05.371" />
  <attribute name="elasticGC enabled" value="1" />
  <attribute name= "numThreadsSpecified" value="4" />
  <attribute name="heapSize specified" value="10747904" />
  <attribute name="Current GC Util" value="30" />
  <attribute name= "Current Time Running" value="999" />
  <attribute name ="GC Interval" value="200" />
  <attribute name="ProportionalT" value="10.000000" />
  <attribute name="ProportionalI" value="10.000000" />
  <attribute name="ProportionalH" value="10.000000" />
  <attribute name="Current Error" value="10.000000" />
  <attribute name="IntegralT" value="60.000000" />
  <attribute name="IntegralI" value="60.000000" />
  <attribute name="IntegralH" value="60.000000" />
  <attribute name="DerivativeT" value="-1.500000" />
  <attribute name="DerivativeI" value="-1.500000" />
  <attribute name="DerivativeH" value="-1.500000" />
  <attribute name="Loop Time for DT" value="6.000000" />
  <attribute name="Output H" value="8388608"/>
  <attribute name="Output I" value="200"/>
  <attribute name="Output T" value="4"/>
  <attribute name="Target GC Util Change" value ="20.000000" />
  <attribute name="Current GC Util Change" value="30.000000"/>
  <attribute name="GC Util currently" value="30" />
  <attribute name="CPU Util currently" value="708951462156" />
<allocation-satisfied id="890" threadId="0000000002681100" bytesRequested="40" />
<af-end id="891" timestamp="2019-06-17T06:04:05.371" threadId="0000000002681A88" success="true" from="nursery"/>
<exclusive-end id="892" timestamp="2019-06-17T06:04:05.371" durationms="1.660" />

<exclusive-start id="893" timestamp="2019-06-17T06:04:05.376" intervalms="6.403">
  <response-info timems="0.022" idlems="0.022" threads="0" lastid="0000000002679900" lastname="Thread-8" />
</exclusive-start>
<af-start id="894" threadId="000000000267A288" totalBytesRequested="40" timestamp="2019-06-17T06:04:05.376" intervalms="6.394" type="nursery" />
<cycle-start id="895" type="scavenge" contextid="0" timestamp="2019-06-17T06:04:05.376" intervalms="6.391" />
<gc-start id="896" type="scavenge" contextid="895" timestamp="2019-06-17T06:04:05.376">
  <mem-info id="897" free="474424" total="16384000" percent="2">
    <mem type="nursery" free="0" total="10354688" percent="0">
      <mem type="allocate" free="0" total="9240576" percent="0" />
      <mem type="survivor" free="0" total="1114112" percent="0" />
    </mem>
    <mem type="tenure" free="474424" total="6029312" percent="7">
      <mem type="soa" free="225592" total="5728256" percent="3" />
      <mem type="loa" free="248832" total="301056" percent="82" />
    </mem>
    <remembered-set count="4193" />
  </mem-info>
</gc-start>
<allocation-stats totalBytes="8469520" >
  <allocated-bytes non-tlh="40" tlh="8469480" />
  <largest-consumer threadName="Thread-7" threadId="000000000267D500" bytes="2195208" />
</allocation-stats>
<gc-op id="898" type="scavenge" timems="0.621" contextid="895" timestamp="2019-06-17T06:04:05.377">
  <scavenger-info tenureage="2" tenuremask="ffec" tiltratio="89" />
  <memory-copied type="nursery" objects="10500" bytes="440472" bytesdiscarded="101736" />
  <memory-copied type="tenure" objects="6705" bytes="248784" bytesdiscarded="64" />
  <copy-failed type="tenure" objects="2063" bytes="99024" />
</gc-op>
<gc-end id="899" type="scavenge" contextid="895" durationms="0.798" usertimems="4.000" systemtimems="0.000" timestamp="2019-06-17T06:04:05.377" activeThreads="4">
  <mem-info id="900" free="9012736" total="16384000" percent="55">
    <mem type="nursery" free="8763904" total="10354688" percent="84">
      <mem type="allocate" free="8763904" total="9306112" percent="94" />
      <mem type="survivor" free="0" total="1048576" percent="0" />
    </mem>
    <mem type="tenure" free="248832" total="6029312" percent="4">
      <mem type="soa" free="0" total="5728256" percent="0" />
      <mem type="loa" free="248832" total="301056" percent="82" />
    </mem>
    <remembered-set count="1481" />
  </mem-info>
</gc-end>
<cycle-end id="901" type="scavenge" contextid="895" timestamp="2019-06-17T06:04:05.377" />
  <attribute name="elasticGC enabled" value="1" />
  <attribute name= "numThreadsSpecified" value="4" />
  <attribute name="heapSize specified" value="10747904" />
  <attribute name="Current GC Util" value="30" />
  <attribute name= "Current Time Running" value="1006" />
  <attribute name ="GC Interval" value="200" />
  <attribute name="ProportionalT" value="10.000000" />
  <attribute name="ProportionalI" value="10.000000" />
  <attribute name="ProportionalH" value="10.000000" />
  <attribute name="Current Error" value="10.000000" />
  <attribute name="IntegralT" value="70.000000" />
  <attribute name="IntegralI" value="70.000000" />
  <attribute name="IntegralH" value="70.000000" />
  <attribute name="DerivativeT" value="0.000000" />
  <attribute name="DerivativeI" value="0.000000" />
  <attribute name="DerivativeH" value="0.000000" />
  <attribute name="Loop Time for DT" value="7.000000" />
  <attribute name="Output H" value="8388608"/>
  <attribute name="Output I" value="200"/>
  <attribute name="Output T" value="4"/>
  <attribute name="Target GC Util Change" value ="20.000000" />
  <attribute name="Current GC Util Change" value="30.000000"/>
  <attribute name="GC Util currently" value="30" />
  <attribute name="CPU Util currently" value="722992769147" />
<allocation-satisfied id="902" threadId="0000000002679900" bytesRequested="40" />
<af-end id="903" timestamp="2019-06-17T06:04:05.377" threadId="000000000267A288" success="true" from="nursery"/>
<exclusive-end id="904" timestamp="2019-06-17T06:04:05.377" durationms="1.190" />

<concurrent-kickoff id="905" timestamp="2019-06-17T06:04:05.382">
  <kickoff reason="next scavenge will percolate" targetBytes="1846647" thresholdFreeBytes="257647"  remainingFree="244184" tenureFreeBytes="248832" nurseryFreeBytes="244184" />
</concurrent-kickoff>
<exclusive-start id="906" timestamp="2019-06-17T06:04:05.382" intervalms="5.936">
  <response-info timems="0.032" idlems="0.032" threads="0" lastid="000000000267D500" lastname="Thread-7" />
</exclusive-start>
<cycle-start id="907" type="global" contextid="0" timestamp="2019-06-17T06:04:05.382" intervalms="180.798" />
<exclusive-end id="908" timestamp="2019-06-17T06:04:05.382" durationms="0.123" />

<exclusive-start id="909" timestamp="2019-06-17T06:04:05.382" intervalms="0.462">
  <response-info timems="0.022" idlems="0.022" threads="0" lastid="0000000002679900" lastname="Thread-8" />
</exclusive-start>
<af-start id="910" threadId="000000000267A288" totalBytesRequested="40" timestamp="2019-06-17T06:04:05.382" intervalms="6.393" type="nursery" />
<percolate-collect id="911" from="nursery" to="global" reason="failed tenure threshold reached" timestamp="2019-06-17T06:04:05.382"/>
<concurrent-aborted id="912" timestamp="2019-06-17T06:04:05.382">
  <reason value="insufficient progress made" />
</concurrent-aborted>
<cycle-end id="913" type="global" contextid="907" timestamp="2019-06-17T06:04:05.382" />
  <attribute name="elasticGC enabled" value="1" />
  <attribute name= "numThreadsSpecified" value="4" />
  <attribute name="heapSize specified" value="10747904" />
  <attribute name="Current GC Util" value="30" />
  <attribute name= "Current Time Running" value="1006" />
  <attribute name ="GC Interval" value="200" />
  <attribute name="ProportionalT" value="10.000000" />
  <attribute name="ProportionalI" value="10.000000" />
  <attribute name="ProportionalH" value="10.000000" />
  <attribute name="Current Error" value="10.000000" />
  <attribute name="IntegralT" value="70.000000" />
  <attribute name="IntegralI" value="70.000000" />
  <attribute name="IntegralH" value="70.000000" />
  <attribute name="DerivativeT" value="0.000000" />
  <attribute name="DerivativeI" value="0.000000" />
  <attribute name="DerivativeH" value="0.000000" />
  <attribute name="Loop Time for DT" value="7.000000" />
  <attribute name="Output H" value="8388608"/>
  <attribute name="Output I" value="200"/>
  <attribute name="Output T" value="4"/>
  <attribute name="Target GC Util Change" value ="20.000000" />
  <attribute name="Current GC Util Change" value="30.000000"/>
  <attribute name="GC Util currently" value="30" />
  <attribute name="CPU Util currently" value="722992769147" />
<cycle-start id="914" type="global" contextid="0" timestamp="2019-06-17T06:04:05.382" intervalms="0.649" />
<gc-start id="915" type="global" contextid="914" timestamp="2019-06-17T06:04:05.383">
  <mem-info id="916" free="248832" total="16384000" percent="1">
    <mem type="nursery" free="0" total="10354688" percent="0">
      <mem type="allocate" free="0" total="9306112" percent="0" />
      <mem type="survivor" free="0" total="1048576" percent="0" />
    </mem>
    <mem type="tenure" free="248832" total="6029312" percent="4">
      <mem type="soa" free="0" total="5728256" percent="0" />
      <mem type="loa" free="248832" total="301056" percent="82" />
    </mem>
    <remembered-set count="2205" />
  </mem-info>
</gc-start>
<allocation-stats totalBytes="8762920" >
  <allocated-bytes non-tlh="40" tlh="8762880" />
  <largest-consumer threadName="Thread-8" threadId="0000000002679900" bytes="2326344" />
</allocation-stats>
<gc-op id="917" type="mark" timems="1.362" contextid="914" timestamp="2019-06-17T06:04:05.384">
  <trace-info objectcount="72239" scancount="63814" scanbytes="2434800" />
  <finalization candidates="124" enqueued="0" />
  <ownableSynchronizers candidates="3" cleared="0" />
  <references type="soft" candidates="148" cleared="0" enqueued="0" dynamicThreshold="10" maxThreshold="32" />
  <references type="weak" candidates="693" cleared="0" enqueued="0" />
  <references type="phantom" candidates="37" cleared="0" enqueued="0" />
  <stringconstants candidates="4597" cleared="0"  />
</gc-op>
<gc-op id="918" type="sweep" timems="0.209" contextid="914" timestamp="2019-06-17T06:04:05.384" />
<mem-info id="919" free="10723040" total="16384000" percent="65">
  <mem type="nursery" free="8834504" total="10354688" percent="85">
    <mem type="allocate" free="8834504" total="9306112" percent="94" />
    <mem type="survivor" free="0" total="1048576" percent="0" />
  </mem>
  <mem type="tenure" free="1888536" total="6029312" percent="31" micro-fragmented="154998" macro-fragmented="0">
    <mem type="soa" free="1587480" total="5728256" percent="27" />
    <mem type="loa" free="301056" total="301056" percent="100" />
  </mem>
  <remembered-set count="2178" />
</mem-info>
<gc-op id="920" type="compact" timems="8.044" contextid="914" timestamp="2019-06-17T06:04:05.392">
  <compact-info movecount="56791" movebytes="3674632" reason="compact to aid heap contraction" />
</gc-op>
<heap-resize id="921" type="contract" space="tenure" amount="262144" count="1" timems="0.076" reason="heap reconfiguration" timestamp="2019-06-17T06:04:05.393" />
<gc-end id="922" type="global" contextid="914" durationms="10.226" usertimems="16.000" systemtimems="0.000" timestamp="2019-06-17T06:04:05.393" activeThreads="4">
  <mem-info id="923" free="10631272" total="16121856" percent="65">
    <mem type="nursery" free="8861896" total="10354688" percent="85">
      <mem type="allocate" free="8861896" total="9306112" percent="95" />
      <mem type="survivor" free="0" total="1048576" percent="0" />
    </mem>
    <mem type="tenure" free="1769376" total="5767168" percent="30">
      <mem type="soa" free="1520544" total="5479424" percent="27" />
      <mem type="loa" free="248832" total="287744" percent="86" />
    </mem>
    <remembered-set count="2178" />
  </mem-info>
</gc-end>
<cycle-end id="924" type="global" contextid="914" timestamp="2019-06-17T06:04:05.393" />
  <attribute name="elasticGC enabled" value="1" />
  <attribute name= "numThreadsSpecified" value="4" />
  <attribute name="heapSize specified" value="16384000" />
  <attribute name="Current GC Util" value="31" />
  <attribute name= "Current Time Running" value="1022" />
  <attribute name ="GC Interval" value="200" />
  <attribute name="ProportionalT" value="11.000000" />
  <attribute name="ProportionalI" value="11.000000" />
  <attribute name="ProportionalH" value="11.000000" />
  <attribute name="Current Error" value="11.000000" />
  <attribute name="IntegralT" value="88.000000" />
  <attribute name="IntegralI" value="88.000000" />
  <attribute name="IntegralH" value="88.000000" />
  <attribute name="DerivativeT" value="-0.750000" />
  <attribute name="DerivativeI" value="-0.750000" />
  <attribute name="DerivativeH" value="-0.750000" />
  <attribute name="Loop Time for DT" value="8.000000" />
  <attribute name="Output H" value="8388608"/>
  <attribute name="Output I" value="200"/>
  <attribute name="Output T" value="4"/>
  <attribute name="Target GC Util Change" value ="20.000000" />
  <attribute name="Current GC Util Change" value="31.000000"/>
  <attribute name="GC Util currently" value="31" />
  <attribute name="CPU Util currently" value="568833968215" />
<allocation-satisfied id="925" threadId="0000000002679900" bytesRequested="40" />
<af-end id="926" timestamp="2019-06-17T06:04:05.393" threadId="000000000267A288" success="true" from="nursery"/>
<exclusive-end id="927" timestamp="2019-06-17T06:04:05.393" durationms="10.747" />

<exclusive-start id="928" timestamp="2019-06-17T06:04:05.398" intervalms="15.717">
  <response-info timems="0.023" idlems="0.023" threads="0" lastid="0000000002679900" lastname="Thread-8" />
</exclusive-start>
<af-start id="929" threadId="000000000267A288" totalBytesRequested="40" timestamp="2019-06-17T06:04:05.398" intervalms="15.720" type="nursery" />
<cycle-start id="930" type="scavenge" contextid="0" timestamp="2019-06-17T06:04:05.398" intervalms="22.108" />
<gc-start id="931" type="scavenge" contextid="930" timestamp="2019-06-17T06:04:05.398">
  <mem-info id="932" free="1769376" total="16121856" percent="10">
    <mem type="nursery" free="0" total="10354688" percent="0">
      <mem type="allocate" free="0" total="9306112" percent="0" />
      <mem type="survivor" free="0" total="1048576" percent="0" />
    </mem>
    <mem type="tenure" free="1769376" total="5767168" percent="30">
      <mem type="soa" free="1520544" total="5479424" percent="27" />
      <mem type="loa" free="248832" total="287744" percent="86" />
    </mem>
    <remembered-set count="2992" />
  </mem-info>
</gc-start>
<allocation-stats totalBytes="8860776" >
  <allocated-bytes non-tlh="40" tlh="8860736" />
  <largest-consumer threadName="Thread-7" threadId="000000000267D500" bytes="2326304" />
</allocation-stats>
<gc-op id="933" type="scavenge" timems="0.476" contextid="930" timestamp="2019-06-17T06:04:05.399">
  <scavenger-info tenureage="2" tenuremask="ffec" tiltratio="89" />
  <memory-copied type="nursery" objects="4275" bytes="103960" bytesdiscarded="214760" />
  <memory-copied type="tenure" objects="7788" bytes="373800" bytesdiscarded="48" />
  <ownableSynchronizers candidates="6" cleared="6" />
</gc-op>
<gc-end id="934" type="scavenge" contextid="930" durationms="0.663" usertimems="0.000" systemtimems="0.000" timestamp="2019-06-17T06:04:05.399" activeThreads="4">
  <mem-info id="935" free="10253728" total="16121856" percent="63">
    <mem type="nursery" free="8987392" total="10354688" percent="86">
      <mem type="allocate" free="8987392" total="9306112" percent="96" />
      <mem type="survivor" free="0" total="1048576" percent="0" />
    </mem>
    <mem type="tenure" free="1266336" total="5767168" percent="21">
      <mem type="soa" free="1017504" total="5479424" percent="18" />
      <mem type="loa" free="248832" total="287744" percent="86" />
    </mem>
    <remembered-set count="4109" />
  </mem-info>
</gc-end>
<cycle-end id="936" type="scavenge" contextid="930" timestamp="2019-06-17T06:04:05.399" />
  <attribute name="elasticGC enabled" value="1" />
  <attribute name= "numThreadsSpecified" value="4" />
  <attribute name="heapSize specified" value="16384000" />
  <attribute name="Current GC Util" value="338" />
  <attribute name= "Current Time Running" value="1028" />
  <attribute name ="GC Interval" value="2280" />
  <attribute name="ProportionalT" value="318.000000" />
  <attribute name="ProportionalI" value="318.000000" />
  <attribute name="ProportionalH" value="318.000000" />
  <attribute name="Current Error" value="318.000000" />
  <attribute name="IntegralT" value="1908.000000" />
  <attribute name="IntegralI" value="1908.000000" />
  <attribute name="IntegralH" value="1908.000000" />
  <attribute name="DerivativeT" value="51.166667" />
  <attribute name="DerivativeI" value="51.166667" />
  <attribute name="DerivativeH" value="51.166667" />
  <attribute name="Loop Time for DT" value="6.000000" />
  <attribute name="Output H" value="8388608"/>
  <attribute name="Output I" value="2280"/>
  <attribute name="Output T" value="4"/>
  <attribute name="Target GC Util Change" value ="20.000000" />
  <attribute name="Current GC Util Change" value="338.000000"/>
  <attribute name="GC Util currently" value="338" />
  <attribute name="CPU Util currently" value="801704418355" />
<allocation-satisfied id="937" threadId="0000000002679900" bytesRequested="40" />
<af-end id="938" timestamp="2019-06-17T06:04:05.399" threadId="000000000267A288" success="true" from="nursery"/>
<exclusive-end id="939" timestamp="2019-06-17T06:04:05.399" durationms="1.041" />

<exclusive-start id="940" timestamp="2019-06-17T06:04:05.405" intervalms="6.657">
  <response-info timems="0.024" idlems="0.024" threads="0" lastid="0000000002675D00" lastname="Thread-10" />
</exclusive-start>
<af-start id="941" threadId="0000000002676688" totalBytesRequested="40" timestamp="2019-06-17T06:04:05.405" intervalms="6.675" type="nursery" />
<cycle-start id="942" type="scavenge" contextid="0" timestamp="2019-06-17T06:04:05.405" intervalms="6.685" />
<gc-start id="943" type="scavenge" contextid="942" timestamp="2019-06-17T06:04:05.405">
  <mem-info id="944" free="1266336" total="16121856" percent="7">
    <mem type="nursery" free="0" total="10354688" percent="0">
      <mem type="allocate" free="0" total="9306112" percent="0" />
      <mem type="survivor" free="0" total="1048576" percent="0" />
    </mem>
    <mem type="tenure" free="1266336" total="5767168" percent="21">
      <mem type="soa" free="1017504" total="5479424" percent="18" />
      <mem type="loa" free="248832" total="287744" percent="86" />
    </mem>
    <remembered-set count="5287" />
  </mem-info>
</gc-start>
<allocation-stats totalBytes="8986208" >
  <allocated-bytes non-tlh="40" tlh="8986168" />
  <largest-consumer threadName="Thread-7" threadId="000000000267D500" bytes="2662752" />
</allocation-stats>
<gc-op id="945" type="scavenge" timems="0.443" contextid="942" timestamp="2019-06-17T06:04:05.405">
  <scavenger-info tenureage="3" tenuremask="ffe8" tiltratio="89" />
  <memory-copied type="nursery" objects="11512" bytes="415008" bytesdiscarded="115536" />
</gc-op>
<gc-end id="946" type="scavenge" contextid="942" durationms="0.798" usertimems="4.000" systemtimems="0.000" timestamp="2019-06-17T06:04:05.406" activeThreads="4">
  <mem-info id="947" free="10041904" total="16121856" percent="62">
    <mem type="nursery" free="8775568" total="10354688" percent="84">
      <mem type="allocate" free="8775568" total="9306112" percent="94" />
      <mem type="survivor" free="0" total="1048576" percent="0" />
    </mem>
    <mem type="tenure" free="1266336" total="5767168" percent="21">
      <mem type="soa" free="1017504" total="5479424" percent="18" />
      <mem type="loa" free="248832" total="287744" percent="86" />
    </mem>
    <remembered-set count="5285" />
  </mem-info>
</gc-end>
<cycle-end id="948" type="scavenge" contextid="942" timestamp="2019-06-17T06:04:05.406" />
  <attribute name="elasticGC enabled" value="1" />
  <attribute name= "numThreadsSpecified" value="4" />
  <attribute name="heapSize specified" value="16384000" />
  <attribute name="Current GC Util" value="21" />
  <attribute name= "Current Time Running" value="1035" />
  <attribute name ="GC Interval" value="200" />
  <attribute name="ProportionalT" value="1.000000" />
  <attribute name="ProportionalI" value="1.000000" />
  <attribute name="ProportionalH" value="1.000000" />
  <attribute name="Current Error" value="1.000000" />
  <attribute name="IntegralT" value="7.000000" />
  <attribute name="IntegralI" value="7.000000" />
  <attribute name="IntegralH" value="7.000000" />
  <attribute name="DerivativeT" value="-45.285714" />
  <attribute name="DerivativeI" value="-45.285714" />
  <attribute name="DerivativeH" value="-45.285714" />
  <attribute name="Loop Time for DT" value="7.000000" />
  <attribute name="Output H" value="2092630016"/>
  <attribute name="Output I" value="200"/>
  <attribute name="Output T" value="4"/>
  <attribute name="Target GC Util Change" value ="20.000000" />
  <attribute name="Current GC Util Change" value="21.000000"/>
  <attribute name="GC Util currently" value="21" />
  <attribute name="CPU Util currently" value="688418204474" />
<allocation-satisfied id="949" threadId="0000000002675D00" bytesRequested="40" />
<af-end id="950" timestamp="2019-06-17T06:04:05.406" threadId="0000000002676688" success="true" from="nursery"/>
<exclusive-end id="951" timestamp="2019-06-17T06:04:05.406" durationms="1.244" />

<exclusive-start id="952" timestamp="2019-06-17T06:04:05.411" intervalms="6.517">
  <response-info timems="0.023" idlems="0.022" threads="1" lastid="0000000002679900" lastname="Thread-8" />
</exclusive-start>
<af-start id="953" threadId="0000000002681A88" totalBytesRequested="40" timestamp="2019-06-17T06:04:05.411" intervalms="6.515" type="nursery" />
<cycle-start id="954" type="scavenge" contextid="0" timestamp="2019-06-17T06:04:05.411" intervalms="6.518" />
<gc-start id="955" type="scavenge" contextid="954" timestamp="2019-06-17T06:04:05.411">
  <mem-info id="956" free="1266336" total="16121856" percent="7">
    <mem type="nursery" free="0" total="10354688" percent="0">
      <mem type="allocate" free="0" total="9306112" percent="0" />
      <mem type="survivor" free="0" total="1048576" percent="0" />
    </mem>
    <mem type="tenure" free="1266336" total="5767168" percent="21">
      <mem type="soa" free="1017504" total="5479424" percent="18" />
      <mem type="loa" free="248832" total="287744" percent="86" />
    </mem>
    <remembered-set count="6274" />
  </mem-info>
</gc-start>
<allocation-stats totalBytes="8774408" >
  <allocated-bytes non-tlh="40" tlh="8774368" />
  <largest-consumer threadName="Thread-7" threadId="000000000267D500" bytes="2457272" />
</allocation-stats>
<gc-op id="957" type="scavenge" timems="1.170" contextid="954" timestamp="2019-06-17T06:04:05.413">
  <scavenger-info tenureage="3" tenuremask="fff8" tiltratio="89" />
  <memory-copied type="nursery" objects="11440" bytes="413168" bytesdiscarded="86656" />
  <memory-copied type="tenure" objects="1355" bytes="32520" bytesdiscarded="0" />
</gc-op>
<heap-resize id="958" type="expand" space="nursery" amount="786432" count="1" timems="0.025" reason="excessive time being spent scavenging" timestamp="2019-06-17T06:04:05.413" />
<gc-end id="959" type="scavenge" contextid="954" durationms="1.497" usertimems="0.000" systemtimems="0.000" timestamp="2019-06-17T06:04:05.413" activeThreads="1">
  <mem-info id="960" free="10688816" total="16908288" percent="63">
    <mem type="nursery" free="9461648" total="11141120" percent="84">
      <mem type="allocate" free="9461648" total="9961472" percent="94" />
      <mem type="survivor" free="0" total="1179648" percent="0" />
    </mem>
    <mem type="tenure" free="1227168" total="5767168" percent="21">
      <mem type="soa" free="978336" total="5479424" percent="17" />
      <mem type="loa" free="248832" total="287744" percent="86" />
    </mem>
    <remembered-set count="4918" />
  </mem-info>
</gc-end>
<cycle-end id="961" type="scavenge" contextid="954" timestamp="2019-06-17T06:04:05.413" />
  <attribute name="elasticGC enabled" value="1" />
  <attribute name= "numThreadsSpecified" value="1" />
  <attribute name="heapSize specified" value="16384000" />
  <attribute name="Current GC Util" value="19" />
  <attribute name= "Current Time Running" value="1041" />
  <attribute name ="GC Interval" value="200" />
  <attribute name="ProportionalT" value="-1.000000" />
  <attribute name="ProportionalI" value="-1.000000" />
  <attribute name="ProportionalH" value="-1.000000" />
  <attribute name="Current Error" value="-1.000000" />
  <attribute name="IntegralT" value="-6.000000" />
  <attribute name="IntegralI" value="-6.000000" />
  <attribute name="IntegralH" value="-6.000000" />
  <attribute name="DerivativeT" value="-0.333333" />
  <attribute name="DerivativeI" value="-0.333333" />
  <attribute name="DerivativeH" value="-0.333333" />
  <attribute name="Loop Time for DT" value="6.000000" />
  <attribute name="Output H" value="8388608"/>
  <attribute name="Output I" value="200"/>
  <attribute name="Output T" value="1"/>
  <attribute name="Target GC Util Change" value ="20.000000" />
  <attribute name="Current GC Util Change" value="19.000000"/>
  <attribute name="GC Util currently" value="19" />
  <attribute name="CPU Util currently" value="707333550455" />
<allocation-satisfied id="962" threadId="0000000002681100" bytesRequested="40" />
<af-end id="963" timestamp="2019-06-17T06:04:05.413" threadId="0000000002681A88" success="true" from="nursery"/>
<exclusive-end id="964" timestamp="2019-06-17T06:04:05.413" durationms="2.007" />

<exclusive-start id="965" timestamp="2019-06-17T06:04:05.419" intervalms="7.580">
  <response-info timems="0.020" idlems="0.020" threads="0" lastid="0000000002681100" lastname="Thread-9" />
</exclusive-start>
<af-start id="966" threadId="0000000002681A88" totalBytesRequested="24" timestamp="2019-06-17T06:04:05.419" intervalms="7.575" type="nursery" />
<cycle-start id="967" type="scavenge" contextid="0" timestamp="2019-06-17T06:04:05.419" intervalms="7.573" />
<gc-start id="968" type="scavenge" contextid="967" timestamp="2019-06-17T06:04:05.419">
  <mem-info id="969" free="1227168" total="16908288" percent="7">
    <mem type="nursery" free="0" total="11141120" percent="0">
      <mem type="allocate" free="0" total="9961472" percent="0" />
      <mem type="survivor" free="0" total="1179648" percent="0" />
    </mem>
    <mem type="tenure" free="1227168" total="5767168" percent="21">
      <mem type="soa" free="978336" total="5479424" percent="17" />
      <mem type="loa" free="248832" total="287744" percent="86" />
    </mem>
    <remembered-set count="6108" />
  </mem-info>
</gc-start>
<allocation-stats totalBytes="9460272" >
  <allocated-bytes non-tlh="40" tlh="9460232" />
  <largest-consumer threadName="Thread-10" threadId="0000000002675D00" bytes="2588368" />
</allocation-stats>
<gc-op id="970" type="scavenge" timems="1.010" contextid="967" timestamp="2019-06-17T06:04:05.420">
  <scavenger-info tenureage="3" tenuremask="ffe8" tiltratio="89" />
  <memory-copied type="nursery" objects="10394" bytes="387600" bytesdiscarded="54000" />
  <memory-copied type="tenure" objects="2666" bytes="63984" bytesdiscarded="0" />
</gc-op>
<heap-resize id="971" type="expand" space="nursery" amount="786432" count="1" timems="0.020" reason="excessive time being spent scavenging" timestamp="2019-06-17T06:04:05.420" />
<gc-end id="972" type="scavenge" contextid="967" durationms="1.323" usertimems="0.000" systemtimems="0.000" timestamp="2019-06-17T06:04:05.420" activeThreads="4">
  <mem-info id="973" free="11297440" total="17694720" percent="63">
    <mem type="nursery" free="10240768" total="11927552" percent="85">
      <mem type="allocate" free="10240768" total="10682368" percent="95" />
      <mem type="survivor" free="0" total="1245184" percent="0" />
    </mem>
    <mem type="tenure" free="1056672" total="5767168" percent="18">
      <mem type="soa" free="807840" total="5479424" percent="14" />
      <mem type="loa" free="248832" total="287744" percent="86" />
    </mem>
    <remembered-set count="3442" />
  </mem-info>
</gc-end>
<cycle-end id="974" type="scavenge" contextid="967" timestamp="2019-06-17T06:04:05.420" />
  <attribute name="elasticGC enabled" value="1" />
  <attribute name= "numThreadsSpecified" value="4" />
  <attribute name="heapSize specified" value="16384000" />
  <attribute name="Current GC Util" value="16" />
  <attribute name= "Current Time Running" value="1049" />
  <attribute name ="GC Interval" value="200" />
  <attribute name="ProportionalT" value="-4.000000" />
  <attribute name="ProportionalI" value="-4.000000" />
  <attribute name="ProportionalH" value="-4.000000" />
  <attribute name="Current Error" value="-4.000000" />
  <attribute name="IntegralT" value="-32.000000" />
  <attribute name="IntegralI" value="-32.000000" />
  <attribute name="IntegralH" value="-32.000000" />
  <attribute name="DerivativeT" value="-0.500000" />
  <attribute name="DerivativeI" value="-0.500000" />
  <attribute name="DerivativeH" value="-0.500000" />
  <attribute name="Loop Time for DT" value="8.000000" />
  <attribute name="Output H" value="2092630016"/>
  <attribute name="Output I" value="200"/>
  <attribute name="Output T" value="4"/>
  <attribute name="Target GC Util Change" value ="20.000000" />
  <attribute name="Current GC Util Change" value="16.000000"/>
  <attribute name="GC Util currently" value="16" />
  <attribute name="CPU Util currently" value="608979978187" />
<allocation-satisfied id="975" threadId="0000000002681100" bytesRequested="24" />
<af-end id="976" timestamp="2019-06-17T06:04:05.420" threadId="0000000002681A88" success="true" from="nursery"/>
<exclusive-end id="977" timestamp="2019-06-17T06:04:05.420" durationms="1.769" />

<exclusive-start id="978" timestamp="2019-06-17T06:04:05.427" intervalms="7.907">
  <response-info timems="0.022" idlems="0.022" threads="0" lastid="0000000002675D00" lastname="Thread-10" />
</exclusive-start>
<af-start id="979" threadId="0000000002676688" totalBytesRequested="40" timestamp="2019-06-17T06:04:05.427" intervalms="7.910" type="nursery" />
<cycle-start id="980" type="scavenge" contextid="0" timestamp="2019-06-17T06:04:05.427" intervalms="7.910" />
<gc-start id="981" type="scavenge" contextid="980" timestamp="2019-06-17T06:04:05.427">
  <mem-info id="982" free="1056672" total="17694720" percent="5">
    <mem type="nursery" free="0" total="11927552" percent="0">
      <mem type="allocate" free="0" total="10682368" percent="0" />
      <mem type="survivor" free="0" total="1245184" percent="0" />
    </mem>
    <mem type="tenure" free="1056672" total="5767168" percent="18">
      <mem type="soa" free="807840" total="5479424" percent="14" />
      <mem type="loa" free="248832" total="287744" percent="86" />
    </mem>
    <remembered-set count="4636" />
  </mem-info>
</gc-start>
<allocation-stats totalBytes="10239496" >
  <allocated-bytes non-tlh="24" tlh="10239472" />
  <largest-consumer threadName="Thread-7" threadId="000000000267D500" bytes="2789768" />
</allocation-stats>
<gc-op id="983" type="scavenge" timems="0.527" contextid="980" timestamp="2019-06-17T06:04:05.427">
  <scavenger-info tenureage="3" tenuremask="ffe8" tiltratio="89" />
  <memory-copied type="nursery" objects="5079" bytes="123416" bytesdiscarded="125416" />
  <memory-copied type="tenure" objects="7247" bytes="311304" bytesdiscarded="24" />
</gc-op>
<gc-end id="984" type="scavenge" contextid="980" durationms="0.908" usertimems="4.000" systemtimems="0.000" timestamp="2019-06-17T06:04:05.428" activeThreads="4">
  <mem-info id="985" free="11057056" total="17694720" percent="62">
    <mem type="nursery" free="10433536" total="11927552" percent="87">
      <mem type="allocate" free="10433536" total="10682368" percent="97" />
      <mem type="survivor" free="0" total="1245184" percent="0" />
    </mem>
    <mem type="tenure" free="623520" total="5767168" percent="10">
      <mem type="soa" free="374688" total="5479424" percent="6" />
      <mem type="loa" free="248832" total="287744" percent="86" />
    </mem>
    <remembered-set count="4867" />
  </mem-info>
</gc-end>
<cycle-end id="986" type="scavenge" contextid="980" timestamp="2019-06-17T06:04:05.428" />
  <attribute name="elasticGC enabled" value="1" />
  <attribute name= "numThreadsSpecified" value="4" />
  <attribute name="heapSize specified" value="16384000" />
  <attribute name="Current GC Util" value="30" />
  <attribute name= "Current Time Running" value="1057" />
  <attribute name ="GC Interval" value="200" />
  <attribute name="ProportionalT" value="10.000000" />
  <attribute name="ProportionalI" value="10.000000" />
  <attribute name="ProportionalH" value="10.000000" />
  <attribute name="Current Error" value="10.000000" />
  <attribute name="IntegralT" value="80.000000" />
  <attribute name="IntegralI" value="80.000000" />
  <attribute name="IntegralH" value="80.000000" />
  <attribute name="DerivativeT" value="1.250000" />
  <attribute name="DerivativeI" value="1.250000" />
  <attribute name="DerivativeH" value="1.250000" />
  <attribute name="Loop Time for DT" value="8.000000" />
  <attribute name="Output H" value="8388608"/>
  <attribute name="Output I" value="200"/>
  <attribute name="Output T" value="4"/>
  <attribute name="Target GC Util Change" value ="20.000000" />
  <attribute name="Current GC Util Change" value="30.000000"/>
  <attribute name="GC Util currently" value="30" />
  <attribute name="CPU Util currently" value="582760244354" />
<allocation-satisfied id="987" threadId="0000000002675D00" bytesRequested="40" />
<af-end id="988" timestamp="2019-06-17T06:04:05.428" threadId="0000000002676688" success="true" from="nursery"/>
<exclusive-end id="989" timestamp="2019-06-17T06:04:05.428" durationms="1.353" />

<exclusive-start id="990" timestamp="2019-06-17T06:04:05.434" intervalms="7.440">
  <response-info timems="0.021" idlems="0.021" threads="0" lastid="000000000267D500" lastname="Thread-7" />
</exclusive-start>
<af-start id="991" threadId="000000000267DE88" totalBytesRequested="24" timestamp="2019-06-17T06:04:05.434" intervalms="7.442" type="nursery" />
<cycle-start id="992" type="scavenge" contextid="0" timestamp="2019-06-17T06:04:05.434" intervalms="7.446" />
<gc-start id="993" type="scavenge" contextid="992" timestamp="2019-06-17T06:04:05.434">
  <mem-info id="994" free="623520" total="17694720" percent="3">
    <mem type="nursery" free="0" total="11927552" percent="0">
      <mem type="allocate" free="0" total="10682368" percent="0" />
      <mem type="survivor" free="0" total="1245184" percent="0" />
    </mem>
    <mem type="tenure" free="623520" total="5767168" percent="10">
      <mem type="soa" free="374688" total="5479424" percent="6" />
      <mem type="loa" free="248832" total="287744" percent="86" />
    </mem>
    <remembered-set count="6729" />
  </mem-info>
</gc-start>
<allocation-stats totalBytes="10432152" >
  <allocated-bytes non-tlh="40" tlh="10432112" />
  <largest-consumer threadName="Thread-7" threadId="000000000267D500" bytes="2850504" />
</allocation-stats>
<gc-op id="995" type="scavenge" timems="1.450" contextid="992" timestamp="2019-06-17T06:04:05.436">
  <scavenger-info tenureage="3" tenuremask="ffe8" tiltratio="89" />
  <memory-copied type="nursery" objects="5531" bytes="133848" bytesdiscarded="154152" />
  <memory-copied type="tenure" objects="1300" bytes="31200" bytesdiscarded="0" />
</gc-op>
<heap-resize id="996" type="expand" space="nursery" amount="786432" count="1" timems="0.014" reason="excessive time being spent scavenging" timestamp="2019-06-17T06:04:05.436" />
<gc-end id="997" type="scavenge" contextid="992" durationms="1.757" usertimems="4.000" systemtimems="0.000" timestamp="2019-06-17T06:04:05.436" activeThreads="4">
  <mem-info id="998" free="11634080" total="18481152" percent="62">
    <mem type="nursery" free="11049728" total="12713984" percent="86">
      <mem type="allocate" free="11049728" total="11337728" percent="97" />
      <mem type="survivor" free="0" total="1376256" percent="0" />
    </mem>
    <mem type="tenure" free="584352" total="5767168" percent="10">
      <mem type="soa" free="335520" total="5479424" percent="6" />
      <mem type="loa" free="248832" total="287744" percent="86" />
    </mem>
    <remembered-set count="5429" />
  </mem-info>
</gc-end>
<cycle-end id="999" type="scavenge" contextid="992" timestamp="2019-06-17T06:04:05.436" />
  <attribute name="elasticGC enabled" value="1" />
  <attribute name= "numThreadsSpecified" value="4" />
  <attribute name="heapSize specified" value="16384000" />
  <attribute name="Current GC Util" value="21" />
  <attribute name= "Current Time Running" value="1064" />
  <attribute name ="GC Interval" value="200" />
  <attribute name="ProportionalT" value="1.000000" />
  <attribute name="ProportionalI" value="1.000000" />
  <attribute name="ProportionalH" value="1.000000" />
  <attribute name="Current Error" value="1.000000" />
  <attribute name="IntegralT" value="7.000000" />
  <attribute name="IntegralI" value="7.000000" />
  <attribute name="IntegralH" value="7.000000" />
  <attribute name="DerivativeT" value="-1.285714" />
  <attribute name="DerivativeI" value="-1.285714" />
  <attribute name="DerivativeH" value="-1.285714" />
  <attribute name="Loop Time for DT" value="7.000000" />
  <attribute name="Output H" value="8388608"/>
  <attribute name="Output I" value="200"/>
  <attribute name="Output T" value="4"/>
  <attribute name="Target GC Util Change" value ="20.000000" />
  <attribute name="Current GC Util Change" value="21.000000"/>
  <attribute name="GC Util currently" value="21" />
  <attribute name="CPU Util currently" value="619794872418" />
<allocation-satisfied id="1000" threadId="000000000267D500" bytesRequested="24" />
<af-end id="1001" timestamp="2019-06-17T06:04:05.436" threadId="000000000267DE88" success="true" from="nursery"/>
<exclusive-end id="1002" timestamp="2019-06-17T06:04:05.436" durationms="2.249" />

<exclusive-start id="1003" timestamp="2019-06-17T06:04:05.443" intervalms="8.902">
  <response-info timems="0.022" idlems="0.022" threads="0" lastid="0000000002675D00" lastname="Thread-10" />
</exclusive-start>
<af-start id="1004" threadId="0000000002676688" totalBytesRequested="40" timestamp="2019-06-17T06:04:05.443" intervalms="8.900" type="nursery" />
<cycle-start id="1005" type="scavenge" contextid="0" timestamp="2019-06-17T06:04:05.443" intervalms="8.900" />
<gc-start id="1006" type="scavenge" contextid="1005" timestamp="2019-06-17T06:04:05.443">
  <mem-info id="1007" free="584352" total="18481152" percent="3">
    <mem type="nursery" free="0" total="12713984" percent="0">
      <mem type="allocate" free="0" total="11337728" percent="0" />
      <mem type="survivor" free="0" total="1376256" percent="0" />
    </mem>
    <mem type="tenure" free="584352" total="5767168" percent="10">
      <mem type="soa" free="335520" total="5479424" percent="6" />
      <mem type="loa" free="248832" total="287744" percent="86" />
    </mem>
    <remembered-set count="7127" />
  </mem-info>
</gc-start>
<allocation-stats totalBytes="11048504" >
  <allocated-bytes non-tlh="24" tlh="11048480" />
  <largest-consumer threadName="Thread-7" threadId="000000000267D500" bytes="3112624" />
</allocation-stats>
<gc-op id="1008" type="scavenge" timems="0.376" contextid="1005" timestamp="2019-06-17T06:04:05.444">
  <scavenger-info tenureage="3" tenuremask="ffe8" tiltratio="89" />
  <memory-copied type="nursery" objects="5480" bytes="132544" bytesdiscarded="147008" />
  <memory-copied type="tenure" objects="1733" bytes="41592" bytesdiscarded="0" />
</gc-op>
<gc-end id="1009" type="scavenge" contextid="1005" durationms="0.745" usertimems="0.000" systemtimems="0.000" timestamp="2019-06-17T06:04:05.444" activeThreads="4">
  <mem-info id="1010" free="11708064" total="18481152" percent="63">
    <mem type="nursery" free="11123712" total="12713984" percent="87">
      <mem type="allocate" free="11123712" total="11403264" percent="97" />
      <mem type="survivor" free="0" total="1310720" percent="0" />
    </mem>
    <mem type="tenure" free="584352" total="5767168" percent="10">
      <mem type="soa" free="335520" total="5479424" percent="6" />
      <mem type="loa" free="248832" total="287744" percent="86" />
    </mem>
    <remembered-set count="5394" />
  </mem-info>
</gc-end>
<cycle-end id="1011" type="scavenge" contextid="1005" timestamp="2019-06-17T06:04:05.444" />
  <attribute name="elasticGC enabled" value="1" />
  <attribute name= "numThreadsSpecified" value="4" />
  <attribute name="heapSize specified" value="16384000" />
  <attribute name="Current GC Util" value="27" />
  <attribute name= "Current Time Running" value="1073" />
  <attribute name ="GC Interval" value="200" />
  <attribute name="ProportionalT" value="7.000000" />
  <attribute name="ProportionalI" value="7.000000" />
  <attribute name="ProportionalH" value="7.000000" />
  <attribute name="Current Error" value="7.000000" />
  <attribute name="IntegralT" value="63.000000" />
  <attribute name="IntegralI" value="63.000000" />
  <attribute name="IntegralH" value="63.000000" />
  <attribute name="DerivativeT" value="0.666667" />
  <attribute name="DerivativeI" value="0.666667" />
  <attribute name="DerivativeH" value="0.666667" />
  <attribute name="Loop Time for DT" value="9.000000" />
  <attribute name="Output H" value="8388608"/>
  <attribute name="Output I" value="200"/>
  <attribute name="Output T" value="4"/>
  <attribute name="Target GC Util Change" value ="20.000000" />
  <attribute name="Current GC Util Change" value="27.000000"/>
  <attribute name="GC Util currently" value="27" />
  <attribute name="CPU Util currently" value="517788284312" />
<allocation-satisfied id="1012" threadId="0000000002675D00" bytesRequested="40" />
<af-end id="1013" timestamp="2019-06-17T06:04:05.444" threadId="0000000002676688" success="true" from="nursery"/>
<exclusive-end id="1014" timestamp="2019-06-17T06:04:05.444" durationms="1.195" />

<exclusive-start id="1015" timestamp="2019-06-17T06:04:05.451" intervalms="7.831">
  <response-info timems="0.026" idlems="0.026" threads="0" lastid="000000000267D500" lastname="Thread-7" />
</exclusive-start>
<af-start id="1016" threadId="000000000267DE88" totalBytesRequested="40" timestamp="2019-06-17T06:04:05.451" intervalms="7.832" type="nursery" />
<cycle-start id="1017" type="scavenge" contextid="0" timestamp="2019-06-17T06:04:05.451" intervalms="7.830" />
<gc-start id="1018" type="scavenge" contextid="1017" timestamp="2019-06-17T06:04:05.451">
  <mem-info id="1019" free="584352" total="18481152" percent="3">
    <mem type="nursery" free="0" total="12713984" percent="0">
      <mem type="allocate" free="0" total="11403264" percent="0" />
      <mem type="survivor" free="0" total="1310720" percent="0" />
    </mem>
    <mem type="tenure" free="584352" total="5767168" percent="10">
      <mem type="soa" free="335520" total="5479424" percent="6" />
      <mem type="loa" free="248832" total="287744" percent="86" />
    </mem>
    <remembered-set count="7066" />
  </mem-info>
</gc-start>
<allocation-stats totalBytes="11122208" >
  <allocated-bytes non-tlh="40" tlh="11122168" />
  <largest-consumer threadName="Thread-7" threadId="000000000267D500" bytes="3095096" />
</allocation-stats>
<gc-op id="1020" type="scavenge" timems="2.300" contextid="1017" timestamp="2019-06-17T06:04:05.453">
  <scavenger-info tenureage="3" tenuremask="ffe8" tiltratio="89" />
  <memory-copied type="nursery" objects="17400" bytes="693904" bytesdiscarded="146912" />
  <memory-copied type="tenure" objects="1747" bytes="41928" bytesdiscarded="0" />
</gc-op>
<heap-resize id="1021" type="expand" space="nursery" amount="1441792" count="1" timems="0.012" reason="excessive time being spent scavenging" timestamp="2019-06-17T06:04:05.453" />
<gc-end id="1022" type="scavenge" contextid="1017" durationms="2.562" usertimems="4.000" systemtimems="0.000" timestamp="2019-06-17T06:04:05.454" activeThreads="4">
  <mem-info id="1023" free="12352816" total="19922944" percent="62">
    <mem type="nursery" free="11807632" total="14155776" percent="83">
      <mem type="allocate" free="11807632" total="12648448" percent="93" />
      <mem type="survivor" free="0" total="1507328" percent="0" />
    </mem>
    <mem type="tenure" free="545184" total="5767168" percent="9">
      <mem type="soa" free="296352" total="5479424" percent="5" />
      <mem type="loa" free="248832" total="287744" percent="86" />
    </mem>
    <remembered-set count="5319" />
  </mem-info>
</gc-end>
<cycle-end id="1024" type="scavenge" contextid="1017" timestamp="2019-06-17T06:04:05.454" />
  <attribute name="elasticGC enabled" value="1" />
  <attribute name= "numThreadsSpecified" value="4" />
  <attribute name="heapSize specified" value="16384000" />
  <attribute name="Current GC Util" value="13" />
  <attribute name= "Current Time Running" value="1081" />
  <attribute name ="GC Interval" value="200" />
  <attribute name="ProportionalT" value="-7.000000" />
  <attribute name="ProportionalI" value="-7.000000" />
  <attribute name="ProportionalH" value="-7.000000" />
  <attribute name="Current Error" value="-7.000000" />
  <attribute name="IntegralT" value="-56.000000" />
  <attribute name="IntegralI" value="-56.000000" />
  <attribute name="IntegralH" value="-56.000000" />
  <attribute name="DerivativeT" value="-1.750000" />
  <attribute name="DerivativeI" value="-1.750000" />
  <attribute name="DerivativeH" value="-1.750000" />
  <attribute name="Loop Time for DT" value="8.000000" />
  <attribute name="Output H" value="2092630016"/>
  <attribute name="Output I" value="200"/>
  <attribute name="Output T" value="4"/>
  <attribute name="Target GC Util Change" value ="20.000000" />
  <attribute name="Current GC Util Change" value="13.000000"/>
  <attribute name="GC Util currently" value="13" />
  <attribute name="CPU Util currently" value="589438266746" />
<allocation-satisfied id="1025" threadId="000000000267D500" bytesRequested="40" />
<af-end id="1026" timestamp="2019-06-17T06:04:05.454" threadId="000000000267DE88" success="true" from="nursery"/>
<exclusive-end id="1027" timestamp="2019-06-17T06:04:05.454" durationms="3.005" />

<exclusive-start id="1028" timestamp="2019-06-17T06:04:05.461" intervalms="10.115">
  <response-info timems="0.020" idlems="0.020" threads="0" lastid="0000000002681100" lastname="Thread-9" />
</exclusive-start>
<af-start id="1029" threadId="0000000002681A88" totalBytesRequested="24" timestamp="2019-06-17T06:04:05.461" intervalms="10.117" type="nursery" />
<cycle-start id="1030" type="scavenge" contextid="0" timestamp="2019-06-17T06:04:05.461" intervalms="10.117" />
<gc-start id="1031" type="scavenge" contextid="1030" timestamp="2019-06-17T06:04:05.461">
  <mem-info id="1032" free="545184" total="19922944" percent="2">
    <mem type="nursery" free="0" total="14155776" percent="0">
      <mem type="allocate" free="0" total="12648448" percent="0" />
      <mem type="survivor" free="0" total="1507328" percent="0" />
    </mem>
    <mem type="tenure" free="545184" total="5767168" percent="9">
      <mem type="soa" free="296352" total="5479424" percent="5" />
      <mem type="loa" free="248832" total="287744" percent="86" />
    </mem>
    <remembered-set count="6651" />
  </mem-info>
</gc-start>
<allocation-stats totalBytes="11806120" >
  <allocated-bytes non-tlh="40" tlh="11806080" />
  <largest-consumer threadName="Thread-7" threadId="000000000267D500" bytes="3337864" />
</allocation-stats>
<gc-op id="1033" type="scavenge" timems="1.053" contextid="1030" timestamp="2019-06-17T06:04:05.462">
  <scavenger-info tenureage="3" tenuremask="ffe8" tiltratio="89" />
  <memory-copied type="nursery" objects="17637" bytes="699176" bytesdiscarded="35800" />
  <memory-copied type="tenure" objects="1862" bytes="44688" bytesdiscarded="0" />
</gc-op>
<heap-resize id="1034" type="expand" space="nursery" amount="786432" count="1" timems="0.021" reason="excessive time being spent scavenging" timestamp="2019-06-17T06:04:05.462" />
<gc-end id="1035" type="scavenge" contextid="1030" durationms="1.336" usertimems="4.000" systemtimems="0.000" timestamp="2019-06-17T06:04:05.462" activeThreads="4">
  <mem-info id="1036" free="13179552" total="20709376" percent="63">
    <mem type="nursery" free="12634368" total="14942208" percent="84">
      <mem type="allocate" free="12634368" total="13369344" percent="94" />
      <mem type="survivor" free="0" total="1572864" percent="0" />
    </mem>
    <mem type="tenure" free="545184" total="5767168" percent="9">
      <mem type="soa" free="296352" total="5479424" percent="5" />
      <mem type="loa" free="248832" total="287744" percent="86" />
    </mem>
    <remembered-set count="4787" />
  </mem-info>
</gc-end>
<cycle-end id="1037" type="scavenge" contextid="1030" timestamp="2019-06-17T06:04:05.463" />
  <attribute name="elasticGC enabled" value="1" />
  <attribute name= "numThreadsSpecified" value="4" />
  <attribute name="heapSize specified" value="16384000" />
  <attribute name="Current GC Util" value="37" />
  <attribute name= "Current Time Running" value="1091" />
  <attribute name ="GC Interval" value="200" />
  <attribute name="ProportionalT" value="17.000000" />
  <attribute name="ProportionalI" value="17.000000" />
  <attribute name="ProportionalH" value="17.000000" />
  <attribute name="Current Error" value="17.000000" />
  <attribute name="IntegralT" value="170.000000" />
  <attribute name="IntegralI" value="170.000000" />
  <attribute name="IntegralH" value="170.000000" />
  <attribute name="DerivativeT" value="1.700000" />
  <attribute name="DerivativeI" value="1.700000" />
  <attribute name="DerivativeH" value="1.700000" />
  <attribute name="Loop Time for DT" value="10.000000" />
  <attribute name="Output H" value="8388608"/>
  <attribute name="Output I" value="200"/>
  <attribute name="Output T" value="4"/>
  <attribute name="Target GC Util Change" value ="20.000000" />
  <attribute name="Current GC Util Change" value="37.000000"/>
  <attribute name="GC Util currently" value="37" />
  <attribute name="CPU Util currently" value="455342943821" />
<allocation-satisfied id="1038" threadId="0000000002681100" bytesRequested="24" />
<af-end id="1039" timestamp="2019-06-17T06:04:05.463" threadId="0000000002681A88" success="true" from="nursery"/>
<exclusive-end id="1040" timestamp="2019-06-17T06:04:05.463" durationms="1.794" />

<exclusive-start id="1041" timestamp="2019-06-17T06:04:05.471" intervalms="9.858">
  <response-info timems="0.022" idlems="0.022" threads="0" lastid="0000000002675D00" lastname="Thread-10" />
</exclusive-start>
<af-start id="1042" threadId="0000000002676688" totalBytesRequested="40" timestamp="2019-06-17T06:04:05.471" intervalms="9.863" type="nursery" />
<cycle-start id="1043" type="scavenge" contextid="0" timestamp="2019-06-17T06:04:05.471" intervalms="9.863" />
<gc-start id="1044" type="scavenge" contextid="1043" timestamp="2019-06-17T06:04:05.471">
  <mem-info id="1045" free="545184" total="20709376" percent="2">
    <mem type="nursery" free="0" total="14942208" percent="0">
      <mem type="allocate" free="0" total="13369344" percent="0" />
      <mem type="survivor" free="0" total="1572864" percent="0" />
    </mem>
    <mem type="tenure" free="545184" total="5767168" percent="9">
      <mem type="soa" free="296352" total="5479424" percent="5" />
      <mem type="loa" free="248832" total="287744" percent="86" />
    </mem>
    <remembered-set count="5613" />
  </mem-info>
</gc-start>
<allocation-stats totalBytes="12632760" >
  <allocated-bytes non-tlh="24" tlh="12632736" />
  <largest-consumer threadName="Thread-7" threadId="000000000267D500" bytes="3636840" />
</allocation-stats>
<gc-op id="1046" type="scavenge" timems="0.766" contextid="1043" timestamp="2019-06-17T06:04:05.472">
  <scavenger-info tenureage="3" tenuremask="ffe8" tiltratio="89" />
  <memory-copied type="nursery" objects="23840" bytes="985616" bytesdiscarded="332896" />
  <memory-copied type="tenure" objects="1700" bytes="40800" bytesdiscarded="0" />
</gc-op>
<heap-resize id="1047" type="expand" space="nursery" amount="786432" count="1" timems="0.013" reason="excessive time being spent scavenging" timestamp="2019-06-17T06:04:05.472" />
<gc-end id="1048" type="scavenge" contextid="1043" durationms="1.202" usertimems="0.000" systemtimems="0.000" timestamp="2019-06-17T06:04:05.472" activeThreads="4">
  <mem-info id="1049" free="13316912" total="21495808" percent="61">
    <mem type="nursery" free="12771728" total="15728640" percent="81">
      <mem type="allocate" free="12771728" total="14090240" percent="90" />
      <mem type="survivor" free="0" total="1638400" percent="0" />
    </mem>
    <mem type="tenure" free="545184" total="5767168" percent="9">
      <mem type="soa" free="296352" total="5479424" percent="5" />
      <mem type="loa" free="248832" total="287744" percent="86" />
    </mem>
    <remembered-set count="3913" />
  </mem-info>
</gc-end>
<cycle-end id="1050" type="scavenge" contextid="1043" timestamp="2019-06-17T06:04:05.472" />
  <attribute name="elasticGC enabled" value="1" />
  <attribute name= "numThreadsSpecified" value="4" />
  <attribute name="heapSize specified" value="16384000" />
  <attribute name="Current GC Util" value="21" />
  <attribute name= "Current Time Running" value="1101" />
  <attribute name ="GC Interval" value="200" />
  <attribute name="ProportionalT" value="1.000000" />
  <attribute name="ProportionalI" value="1.000000" />
  <attribute name="ProportionalH" value="1.000000" />
  <attribute name="Current Error" value="1.000000" />
  <attribute name="IntegralT" value="10.000000" />
  <attribute name="IntegralI" value="10.000000" />
  <attribute name="IntegralH" value="10.000000" />
  <attribute name="DerivativeT" value="-1.600000" />
  <attribute name="DerivativeI" value="-1.600000" />
  <attribute name="DerivativeH" value="-1.600000" />
  <attribute name="Loop Time for DT" value="10.000000" />
  <attribute name="Output H" value="8388608"/>
  <attribute name="Output I" value="200"/>
  <attribute name="Output T" value="4"/>
  <attribute name="Target GC Util Change" value ="20.000000" />
  <attribute name="Current GC Util Change" value="21.000000"/>
  <attribute name="GC Util currently" value="21" />
  <attribute name="CPU Util currently" value="467938026931" />
<allocation-satisfied id="1051" threadId="0000000002675D00" bytesRequested="40" />
<af-end id="1052" timestamp="2019-06-17T06:04:05.472" threadId="0000000002676688" success="true" from="nursery"/>
<exclusive-end id="1053" timestamp="2019-06-17T06:04:05.472" durationms="1.661" />

<exclusive-start id="1054" timestamp="2019-06-17T06:04:05.480" intervalms="9.353">
  <response-info timems="0.021" idlems="0.021" threads="0" lastid="0000000002681100" lastname="Thread-9" />
</exclusive-start>
<af-start id="1055" threadId="0000000002681A88" totalBytesRequested="24" timestamp="2019-06-17T06:04:05.480" intervalms="9.346" type="nursery" />
<cycle-start id="1056" type="scavenge" contextid="0" timestamp="2019-06-17T06:04:05.480" intervalms="9.344" />
<gc-start id="1057" type="scavenge" contextid="1056" timestamp="2019-06-17T06:04:05.480">
  <mem-info id="1058" free="545184" total="21495808" percent="2">
    <mem type="nursery" free="0" total="15728640" percent="0">
      <mem type="allocate" free="0" total="14090240" percent="0" />
      <mem type="survivor" free="0" total="1638400" percent="0" />
    </mem>
    <mem type="tenure" free="545184" total="5767168" percent="9">
      <mem type="soa" free="296352" total="5479424" percent="5" />
      <mem type="loa" free="248832" total="287744" percent="86" />
    </mem>
    <remembered-set count="4181" />
  </mem-info>
</gc-start>
<allocation-stats totalBytes="12770264" >
  <allocated-bytes non-tlh="40" tlh="12770224" />
  <largest-consumer threadName="Thread-7" threadId="000000000267D500" bytes="3612680" />
</allocation-stats>
<gc-op id="1059" type="scavenge" timems="1.540" contextid="1056" timestamp="2019-06-17T06:04:05.482">
  <scavenger-info tenureage="3" tenuremask="ffe8" tiltratio="89" />
  <memory-copied type="nursery" objects="21920" bytes="886856" bytesdiscarded="136120" />
  <memory-copied type="tenure" objects="9934" bytes="428568" bytesdiscarded="24" />
  <copy-failed type="tenure" objects="3603" bytes="171072" />
</gc-op>
<heap-resize id="1060" type="expand" space="nursery" amount="786432" count="1" timems="0.021" reason="excessive time being spent scavenging" timestamp="2019-06-17T06:04:05.482" />
<gc-end id="1061" type="scavenge" contextid="1056" durationms="1.817" usertimems="4.000" systemtimems="0.000" timestamp="2019-06-17T06:04:05.482" activeThreads="4">
  <mem-info id="1062" free="14036992" total="22282240" percent="62">
    <mem type="nursery" free="13788160" total="16515072" percent="83">
      <mem type="allocate" free="13788160" total="14811136" percent="93" />
      <mem type="survivor" free="0" total="1703936" percent="0" />
    </mem>
    <mem type="tenure" free="248832" total="5767168" percent="4">
      <mem type="soa" free="0" total="5479424" percent="0" />
      <mem type="loa" free="248832" total="287744" percent="86" />
    </mem>
    <remembered-set count="4095" />
  </mem-info>
</gc-end>
<cycle-end id="1063" type="scavenge" contextid="1056" timestamp="2019-06-17T06:04:05.482" />
  <attribute name="elasticGC enabled" value="1" />
  <attribute name= "numThreadsSpecified" value="4" />
  <attribute name="heapSize specified" value="16384000" />
  <attribute name="Current GC Util" value="25" />
  <attribute name= "Current Time Running" value="1110" />
  <attribute name ="GC Interval" value="200" />
  <attribute name="ProportionalT" value="5.000000" />
  <attribute name="ProportionalI" value="5.000000" />
  <attribute name="ProportionalH" value="5.000000" />
  <attribute name="Current Error" value="5.000000" />
  <attribute name="IntegralT" value="45.000000" />
  <attribute name="IntegralI" value="45.000000" />
  <attribute name="IntegralH" value="45.000000" />
  <attribute name="DerivativeT" value="0.444444" />
  <attribute name="DerivativeI" value="0.444444" />
  <attribute name="DerivativeH" value="0.444444" />
  <attribute name="Loop Time for DT" value="9.000000" />
  <attribute name="Output H" value="8388608"/>
  <attribute name="Output I" value="200"/>
  <attribute name="Output T" value="4"/>
  <attribute name="Target GC Util Change" value ="20.000000" />
  <attribute name="Current GC Util Change" value="25.000000"/>
  <attribute name="GC Util currently" value="25" />
  <attribute name="CPU Util currently" value="493889100033" />
<allocation-satisfied id="1064" threadId="0000000002681100" bytesRequested="24" />
<af-end id="1065" timestamp="2019-06-17T06:04:05.482" threadId="0000000002681A88" success="true" from="nursery"/>
<exclusive-end id="1066" timestamp="2019-06-17T06:04:05.482" durationms="2.319" />

<concurrent-kickoff id="1067" timestamp="2019-06-17T06:04:05.491">
  <kickoff reason="next scavenge will percolate" targetBytes="1766358" thresholdFreeBytes="248220"  remainingFree="222208" tenureFreeBytes="248832" nurseryFreeBytes="222208" />
</concurrent-kickoff>
<exclusive-start id="1068" timestamp="2019-06-17T06:04:05.491" intervalms="10.698">
  <response-info timems="0.025" idlems="0.023" threads="1" lastid="0000000002681100" lastname="Thread-9" />
</exclusive-start>
<cycle-start id="1069" type="global" contextid="0" timestamp="2019-06-17T06:04:05.491" intervalms="108.395" />
<exclusive-end id="1070" timestamp="2019-06-17T06:04:05.491" durationms="0.137" />

<exclusive-start id="1071" timestamp="2019-06-17T06:04:05.491" intervalms="0.449">
  <response-info timems="0.025" idlems="0.025" threads="0" lastid="0000000002679900" lastname="Thread-8" />
</exclusive-start>
<af-start id="1072" threadId="000000000267A288" totalBytesRequested="40" timestamp="2019-06-17T06:04:05.491" intervalms="11.137" type="nursery" />
<percolate-collect id="1073" from="nursery" to="global" reason="failed tenure threshold reached" timestamp="2019-06-17T06:04:05.491"/>
<concurrent-aborted id="1074" timestamp="2019-06-17T06:04:05.491">
  <reason value="insufficient progress made" />
</concurrent-aborted>
<cycle-end id="1075" type="global" contextid="1069" timestamp="2019-06-17T06:04:05.491" />
  <attribute name="elasticGC enabled" value="1" />
  <attribute name= "numThreadsSpecified" value="4" />
  <attribute name="heapSize specified" value="16384000" />
  <attribute name="Current GC Util" value="25" />
  <attribute name= "Current Time Running" value="1110" />
  <attribute name ="GC Interval" value="200" />
  <attribute name="ProportionalT" value="5.000000" />
  <attribute name="ProportionalI" value="5.000000" />
  <attribute name="ProportionalH" value="5.000000" />
  <attribute name="Current Error" value="5.000000" />
  <attribute name="IntegralT" value="45.000000" />
  <attribute name="IntegralI" value="45.000000" />
  <attribute name="IntegralH" value="45.000000" />
  <attribute name="DerivativeT" value="0.444444" />
  <attribute name="DerivativeI" value="0.444444" />
  <attribute name="DerivativeH" value="0.444444" />
  <attribute name="Loop Time for DT" value="9.000000" />
  <attribute name="Output H" value="8388608"/>
  <attribute name="Output I" value="200"/>
  <attribute name="Output T" value="4"/>
  <attribute name="Target GC Util Change" value ="20.000000" />
  <attribute name="Current GC Util Change" value="25.000000"/>
  <attribute name="GC Util currently" value="25" />
  <attribute name="CPU Util currently" value="493889100033" />
<cycle-start id="1076" type="global" contextid="0" timestamp="2019-06-17T06:04:05.492" intervalms="0.660" />
<gc-start id="1077" type="global" contextid="1076" timestamp="2019-06-17T06:04:05.492">
  <mem-info id="1078" free="248832" total="22282240" percent="1">
    <mem type="nursery" free="0" total="16515072" percent="0">
      <mem type="allocate" free="0" total="14811136" percent="0" />
      <mem type="survivor" free="0" total="1703936" percent="0" />
    </mem>
    <mem type="tenure" free="248832" total="5767168" percent="4">
      <mem type="soa" free="0" total="5479424" percent="0" />
      <mem type="loa" free="248832" total="287744" percent="86" />
    </mem>
    <remembered-set count="4646" />
  </mem-info>
</gc-start>
<allocation-stats totalBytes="13786640" >
  <allocated-bytes non-tlh="24" tlh="13786616" />
  <largest-consumer threadName="Thread-7" threadId="000000000267D500" bytes="3727936" />
</allocation-stats>
<gc-op id="1079" type="mark" timems="2.281" contextid="1076" timestamp="2019-06-17T06:04:05.494">
  <trace-info objectcount="71062" scancount="62630" scanbytes="2406616" />
  <finalization candidates="124" enqueued="0" />
  <ownableSynchronizers candidates="3" cleared="0" />
  <references type="soft" candidates="148" cleared="0" enqueued="0" dynamicThreshold="9" maxThreshold="32" />
  <references type="weak" candidates="693" cleared="0" enqueued="0" />
  <references type="phantom" candidates="37" cleared="0" enqueued="0" />
  <stringconstants candidates="4597" cleared="0"  />
</gc-op>
<gc-op id="1080" type="sweep" timems="0.788" contextid="1076" timestamp="2019-06-17T06:04:05.495" />
<mem-info id="1081" free="16184176" total="22282240" percent="72">
  <mem type="nursery" free="13941224" total="16515072" percent="84">
    <mem type="allocate" free="13941224" total="14811136" percent="94" />
    <mem type="survivor" free="0" total="1703936" percent="0" />
  </mem>
  <mem type="tenure" free="2242952" total="5767168" percent="38" micro-fragmented="0" macro-fragmented="0">
    <mem type="soa" free="1955208" total="5479424" percent="35" />
    <mem type="loa" free="287744" total="287744" percent="100" />
  </mem>
  <remembered-set count="2217" />
</mem-info>
<gc-op id="1082" type="compact" timems="5.051" contextid="1076" timestamp="2019-06-17T06:04:05.500">
  <compact-info movecount="31944" movebytes="1885816" reason="compact to aid heap contraction" />
</gc-op>
<heap-resize id="1083" type="contract" space="tenure" amount="262144" count="1" timems="0.087" reason="heap reconfiguration" timestamp="2019-06-17T06:04:05.500" />
<gc-end id="1084" type="global" contextid="1076" durationms="8.872" usertimems="12.000" systemtimems="8.000" timestamp="2019-06-17T06:04:05.500" activeThreads="4">
  <mem-info id="1085" free="15915648" total="22020096" percent="72">
    <mem type="nursery" free="13960224" total="16515072" percent="84">
      <mem type="allocate" free="13960224" total="14811136" percent="94" />
      <mem type="survivor" free="0" total="1703936" percent="0" />
    </mem>
    <mem type="tenure" free="1955424" total="5505024" percent="35">
      <mem type="soa" free="1706592" total="5230592" percent="32" />
      <mem type="loa" free="248832" total="274432" percent="90" />
    </mem>
    <remembered-set count="2217" />
  </mem-info>
</gc-end>
<cycle-end id="1086" type="global" contextid="1076" timestamp="2019-06-17T06:04:05.501" />
  <attribute name="elasticGC enabled" value="1" />
  <attribute name= "numThreadsSpecified" value="4" />
  <attribute name="heapSize specified" value="22282240" />
  <attribute name="Current GC Util" value="122" />
  <attribute name= "Current Time Running" value="1130" />
  <attribute name ="GC Interval" value="200" />
  <attribute name="ProportionalT" value="102.000000" />
  <attribute name="ProportionalI" value="102.000000" />
  <attribute name="ProportionalH" value="102.000000" />
  <attribute name="Current Error" value="102.000000" />
  <attribute name="IntegralT" value="510.000000" />
  <attribute name="IntegralI" value="510.000000" />
  <attribute name="IntegralH" value="510.000000" />
  <attribute name="DerivativeT" value="-11.200000" />
  <attribute name="DerivativeI" value="-11.200000" />
  <attribute name="DerivativeH" value="-11.200000" />
  <attribute name="Loop Time for DT" value="5.000000" />
  <attribute name="Output H" value="8388608"/>
  <attribute name="Output I" value="600"/>
  <attribute name="Output T" value="4"/>
  <attribute name="Target GC Util Change" value ="20.000000" />
  <attribute name="Current GC Util Change" value="122.000000"/>
  <attribute name="GC Util currently" value="122" />
  <attribute name="CPU Util currently" value="901819545470" />
<allocation-satisfied id="1087" threadId="0000000002679900" bytesRequested="40" />
<af-end id="1088" timestamp="2019-06-17T06:04:05.501" threadId="000000000267A288" success="true" from="nursery"/>
<exclusive-end id="1089" timestamp="2019-06-17T06:04:05.501" durationms="9.416" />

<exclusive-start id="1090" timestamp="2019-06-17T06:04:05.510" intervalms="18.862">
  <response-info timems="0.024" idlems="0.024" threads="0" lastid="000000000267D500" lastname="Thread-7" />
</exclusive-start>
<af-start id="1091" threadId="000000000267DE88" totalBytesRequested="40" timestamp="2019-06-17T06:04:05.510" intervalms="18.881" type="nursery" />
<cycle-start id="1092" type="scavenge" contextid="0" timestamp="2019-06-17T06:04:05.510" intervalms="30.020" />
<gc-start id="1093" type="scavenge" contextid="1092" timestamp="2019-06-17T06:04:05.510">
  <mem-info id="1094" free="1955424" total="22020096" percent="8">
    <mem type="nursery" free="0" total="16515072" percent="0">
      <mem type="allocate" free="0" total="14811136" percent="0" />
      <mem type="survivor" free="0" total="1703936" percent="0" />
    </mem>
    <mem type="tenure" free="1955424" total="5505024" percent="35">
      <mem type="soa" free="1706592" total="5230592" percent="32" />
      <mem type="loa" free="248832" total="274432" percent="90" />
    </mem>
    <remembered-set count="2549" />
  </mem-info>
</gc-start>
<allocation-stats totalBytes="13958600" >
  <allocated-bytes non-tlh="40" tlh="13958560" />
  <largest-consumer threadName="Thread-7" threadId="000000000267D500" bytes="4685208" />
</allocation-stats>
<gc-op id="1095" type="scavenge" timems="1.347" contextid="1092" timestamp="2019-06-17T06:04:05.512">
  <scavenger-info tenureage="3" tenuremask="4018" tiltratio="89" />
  <memory-copied type="nursery" objects="17752" bytes="702240" bytesdiscarded="58080" />
  <memory-copied type="tenure" objects="4464" bytes="191736" bytesdiscarded="0" />
  <ownableSynchronizers candidates="6" cleared="6" />
</gc-op>
<gc-end id="1096" type="scavenge" contextid="1092" durationms="1.551" usertimems="4.000" systemtimems="0.000" timestamp="2019-06-17T06:04:05.512" activeThreads="4">
  <mem-info id="1097" free="15757408" total="22020096" percent="71">
    <mem type="nursery" free="14050816" total="16515072" percent="85">
      <mem type="allocate" free="14050816" total="14811136" percent="94" />
      <mem type="survivor" free="0" total="1703936" percent="0" />
    </mem>
    <mem type="tenure" free="1706592" total="5505024" percent="31">
      <mem type="soa" free="1457760" total="5230592" percent="27" />
      <mem type="loa" free="248832" total="274432" percent="90" />
    </mem>
    <remembered-set count="3165" />
  </mem-info>
</gc-end>
<cycle-end id="1098" type="scavenge" contextid="1092" timestamp="2019-06-17T06:04:05.512" />
  <attribute name="elasticGC enabled" value="1" />
  <attribute name= "numThreadsSpecified" value="4" />
  <attribute name="heapSize specified" value="22282240" />
  <attribute name="Current GC Util" value="83" />
  <attribute name= "Current Time Running" value="1140" />
  <attribute name ="GC Interval" value="696" />
  <attribute name="ProportionalT" value="63.000000" />
  <attribute name="ProportionalI" value="63.000000" />
  <attribute name="ProportionalH" value="63.000000" />
  <attribute name="Current Error" value="63.000000" />
  <attribute name="IntegralT" value="630.000000" />
  <attribute name="IntegralI" value="630.000000" />
  <attribute name="IntegralH" value="630.000000" />
  <attribute name="DerivativeT" value="-3.900000" />
  <attribute name="DerivativeI" value="-3.900000" />
  <attribute name="DerivativeH" value="-3.900000" />
  <attribute name="Loop Time for DT" value="10.000000" />
  <attribute name="Output H" value="8388608"/>
  <attribute name="Output I" value="696"/>
  <attribute name="Output T" value="4"/>
  <attribute name="Target GC Util Change" value ="20.000000" />
  <attribute name="Current GC Util Change" value="83.000000"/>
  <attribute name="GC Util currently" value="83" />
  <attribute name="CPU Util currently" value="443642717652" />
<allocation-satisfied id="1099" threadId="000000000267D500" bytesRequested="40" />
<af-end id="1100" timestamp="2019-06-17T06:04:05.512" threadId="000000000267DE88" success="true" from="nursery"/>
<exclusive-end id="1101" timestamp="2019-06-17T06:04:05.512" durationms="2.010" />

<exclusive-start id="1102" timestamp="2019-06-17T06:04:05.521" intervalms="11.353">
  <response-info timems="0.161" idlems="0.090" threads="1" lastid="0000000002675D00" lastname="Thread-10" />
</exclusive-start>
<af-start id="1103" threadId="000000000267A288" totalBytesRequested="40" timestamp="2019-06-17T06:04:05.522" intervalms="11.333" type="nursery" />
<cycle-start id="1104" type="scavenge" contextid="0" timestamp="2019-06-17T06:04:05.522" intervalms="11.325" />
<gc-start id="1105" type="scavenge" contextid="1104" timestamp="2019-06-17T06:04:05.522">
  <mem-info id="1106" free="1706592" total="22020096" percent="7">
    <mem type="nursery" free="0" total="16515072" percent="0">
      <mem type="allocate" free="0" total="14811136" percent="0" />
      <mem type="survivor" free="0" total="1703936" percent="0" />
    </mem>
    <mem type="tenure" free="1706592" total="5505024" percent="31">
      <mem type="soa" free="1457760" total="5230592" percent="27" />
      <mem type="loa" free="248832" total="274432" percent="90" />
    </mem>
    <remembered-set count="3683" />
  </mem-info>
</gc-start>
<allocation-stats totalBytes="14049176" >
  <allocated-bytes non-tlh="40" tlh="14049136" />
  <largest-consumer threadName="Thread-7" threadId="000000000267D500" bytes="4947496" />
</allocation-stats>
<gc-op id="1107" type="scavenge" timems="1.134" contextid="1104" timestamp="2019-06-17T06:04:05.523">
  <scavenger-info tenureage="14" tenuremask="4000" tiltratio="89" />
  <memory-copied type="nursery" objects="18914" bytes="730016" bytesdiscarded="192352" />
</gc-op>
<heap-resize id="1108" type="expand" space="nursery" amount="786432" count="1" timems="0.013" reason="excessive time being spent scavenging" timestamp="2019-06-17T06:04:05.523" />
<gc-end id="1109" type="scavenge" contextid="1104" durationms="1.373" usertimems="0.000" systemtimems="0.000" timestamp="2019-06-17T06:04:05.523" activeThreads="4">
  <mem-info id="1110" free="16250720" total="22806528" percent="71">
    <mem type="nursery" free="14544128" total="17301504" percent="84">
      <mem type="allocate" free="14544128" total="15466496" percent="94" />
      <mem type="survivor" free="0" total="1835008" percent="0" />
    </mem>
    <mem type="tenure" free="1706592" total="5505024" percent="31">
      <mem type="soa" free="1457760" total="5230592" percent="27" />
      <mem type="loa" free="248832" total="274432" percent="90" />
    </mem>
    <remembered-set count="3683" />
  </mem-info>
</gc-end>
<cycle-end id="1111" type="scavenge" contextid="1104" timestamp="2019-06-17T06:04:05.523" />
  <attribute name="elasticGC enabled" value="1" />
  <attribute name= "numThreadsSpecified" value="4" />
  <attribute name="heapSize specified" value="22282240" />
  <attribute name="Current GC Util" value="31" />
  <attribute name= "Current Time Running" value="1151" />
  <attribute name ="GC Interval" value="200" />
  <attribute name="ProportionalT" value="11.000000" />
  <attribute name="ProportionalI" value="11.000000" />
  <attribute name="ProportionalH" value="11.000000" />
  <attribute name="Current Error" value="11.000000" />
  <attribute name="IntegralT" value="121.000000" />
  <attribute name="IntegralI" value="121.000000" />
  <attribute name="IntegralH" value="121.000000" />
  <attribute name="DerivativeT" value="-4.727273" />
  <attribute name="DerivativeI" value="-4.727273" />
  <attribute name="DerivativeH" value="-4.727273" />
  <attribute name="Loop Time for DT" value="11.000000" />
  <attribute name="Output H" value="8388608"/>
  <attribute name="Output I" value="200"/>
  <attribute name="Output T" value="4"/>
  <attribute name="Target GC Util Change" value ="20.000000" />
  <attribute name="Current GC Util Change" value="31.000000"/>
  <attribute name="GC Util currently" value="31" />
  <attribute name="CPU Util currently" value="407852311821" />
<allocation-satisfied id="1112" threadId="0000000002679900" bytesRequested="40" />
<af-end id="1113" timestamp="2019-06-17T06:04:05.523" threadId="000000000267A288" success="true" from="nursery"/>
<exclusive-end id="1114" timestamp="2019-06-17T06:04:05.523" durationms="1.763" />

<exclusive-start id="1115" timestamp="2019-06-17T06:04:05.533" intervalms="11.061">
  <response-info timems="0.032" idlems="0.032" threads="0" lastid="0000000002679900" lastname="Thread-8" />
</exclusive-start>
<af-start id="1116" threadId="000000000267A288" totalBytesRequested="40" timestamp="2019-06-17T06:04:05.533" intervalms="11.080" type="nursery" />
<cycle-start id="1117" type="scavenge" contextid="0" timestamp="2019-06-17T06:04:05.533" intervalms="11.078" />
<gc-start id="1118" type="scavenge" contextid="1117" timestamp="2019-06-17T06:04:05.533">
  <mem-info id="1119" free="1706592" total="22806528" percent="7">
    <mem type="nursery" free="0" total="17301504" percent="0">
      <mem type="allocate" free="0" total="15466496" percent="0" />
      <mem type="survivor" free="0" total="1835008" percent="0" />
    </mem>
    <mem type="tenure" free="1706592" total="5505024" percent="31">
      <mem type="soa" free="1457760" total="5230592" percent="27" />
      <mem type="loa" free="248832" total="274432" percent="90" />
    </mem>
    <remembered-set count="4097" />
  </mem-info>
</gc-start>
<allocation-stats totalBytes="14542328" >
  <allocated-bytes non-tlh="40" tlh="14542288" />
  <largest-consumer threadName="Thread-7" threadId="000000000267D500" bytes="4947368" />
</allocation-stats>
<gc-op id="1120" type="scavenge" timems="1.609" contextid="1117" timestamp="2019-06-17T06:04:05.534">
  <scavenger-info tenureage="3" tenuremask="fff8" tiltratio="89" />
  <memory-copied type="nursery" objects="7995" bytes="193368" bytesdiscarded="265128" />
  <memory-copied type="tenure" objects="12713" bytes="579864" bytesdiscarded="120" />
</gc-op>
<heap-resize id="1121" type="expand" space="nursery" amount="786432" count="1" timems="0.012" reason="excessive time being spent scavenging" timestamp="2019-06-17T06:04:05.535" />
<gc-end id="1122" type="scavenge" contextid="1117" durationms="1.858" usertimems="4.000" systemtimems="0.000" timestamp="2019-06-17T06:04:05.535" activeThreads="4">
  <mem-info id="1123" free="16693120" total="23592960" percent="70">
    <mem type="nursery" free="15728896" total="18087936" percent="86">
      <mem type="allocate" free="15728896" total="16187392" percent="97" />
      <mem type="survivor" free="0" total="1900544" percent="0" />
    </mem>
    <mem type="tenure" free="964224" total="5505024" percent="17">
      <mem type="soa" free="715392" total="5230592" percent="13" />
      <mem type="loa" free="248832" total="274432" percent="90" />
    </mem>
    <remembered-set count="7804" />
  </mem-info>
</gc-end>
<cycle-end id="1124" type="scavenge" contextid="1117" timestamp="2019-06-17T06:04:05.535" />
  <attribute name="elasticGC enabled" value="1" />
  <attribute name= "numThreadsSpecified" value="4" />
  <attribute name="heapSize specified" value="22282240" />
  <attribute name="Current GC Util" value="25" />
  <attribute name= "Current Time Running" value="1163" />
  <attribute name ="GC Interval" value="200" />
  <attribute name="ProportionalT" value="5.000000" />
  <attribute name="ProportionalI" value="5.000000" />
  <attribute name="ProportionalH" value="5.000000" />
  <attribute name="Current Error" value="5.000000" />
  <attribute name="IntegralT" value="60.000000" />
  <attribute name="IntegralI" value="60.000000" />
  <attribute name="IntegralH" value="60.000000" />
  <attribute name="DerivativeT" value="-0.500000" />
  <attribute name="DerivativeI" value="-0.500000" />
  <attribute name="DerivativeH" value="-0.500000" />
  <attribute name="Loop Time for DT" value="12.000000" />
  <attribute name="Output H" value="8388608"/>
  <attribute name="Output I" value="200"/>
  <attribute name="Output T" value="4"/>
  <attribute name="Target GC Util Change" value ="20.000000" />
  <attribute name="Current GC Util Change" value="25.000000"/>
  <attribute name="GC Util currently" value="25" />
  <attribute name="CPU Util currently" value="416237623038" />
<allocation-satisfied id="1125" threadId="0000000002679900" bytesRequested="40" />
<af-end id="1126" timestamp="2019-06-17T06:04:05.535" threadId="000000000267A288" success="true" from="nursery"/>
<exclusive-end id="1127" timestamp="2019-06-17T06:04:05.535" durationms="2.266" />

<exclusive-start id="1128" timestamp="2019-06-17T06:04:05.544" intervalms="11.954">
  <response-info timems="0.021" idlems="0.021" threads="0" lastid="000000000267D500" lastname="Thread-7" />
</exclusive-start>
<af-start id="1129" threadId="000000000267DE88" totalBytesRequested="24" timestamp="2019-06-17T06:04:05.545" intervalms="11.950" type="nursery" />
<cycle-start id="1130" type="scavenge" contextid="0" timestamp="2019-06-17T06:04:05.545" intervalms="11.958" />
<gc-start id="1131" type="scavenge" contextid="1130" timestamp="2019-06-17T06:04:05.545">
  <mem-info id="1132" free="964224" total="23592960" percent="4">
    <mem type="nursery" free="0" total="18087936" percent="0">
      <mem type="allocate" free="0" total="16187392" percent="0" />
      <mem type="survivor" free="0" total="1900544" percent="0" />
    </mem>
    <mem type="tenure" free="964224" total="5505024" percent="17">
      <mem type="soa" free="715392" total="5230592" percent="13" />
      <mem type="loa" free="248832" total="274432" percent="90" />
    </mem>
    <remembered-set count="10094" />
  </mem-info>
</gc-start>
<allocation-stats totalBytes="15726984" >
  <allocated-bytes non-tlh="40" tlh="15726944" />
  <largest-consumer threadName="Thread-7" threadId="000000000267D500" bytes="4554232" />
</allocation-stats>
<gc-op id="1133" type="scavenge" timems="1.001" contextid="1130" timestamp="2019-06-17T06:04:05.546">
  <scavenger-info tenureage="3" tenuremask="ffc8" tiltratio="89" />
  <memory-copied type="nursery" objects="6545" bytes="158272" bytesdiscarded="191168" />
  <memory-copied type="tenure" objects="4722" bytes="113328" bytesdiscarded="0" />
</gc-op>
<heap-resize id="1134" type="expand" space="nursery" amount="786432" count="1" timems="0.012" reason="excessive time being spent scavenging" timestamp="2019-06-17T06:04:05.546" />
<gc-end id="1135" type="scavenge" contextid="1130" durationms="1.277" usertimems="4.000" systemtimems="0.000" timestamp="2019-06-17T06:04:05.546" activeThreads="4">
  <mem-info id="1136" free="17483904" total="24379392" percent="71">
    <mem type="nursery" free="16558848" total="18874368" percent="87">
      <mem type="allocate" free="16558848" total="16908288" percent="97" />
      <mem type="survivor" free="0" total="1966080" percent="0" />
    </mem>
    <mem type="tenure" free="925056" total="5505024" percent="16">
      <mem type="soa" free="676224" total="5230592" percent="12" />
      <mem type="loa" free="248832" total="274432" percent="90" />
    </mem>
    <remembered-set count="5372" />
  </mem-info>
</gc-end>
<cycle-end id="1137" type="scavenge" contextid="1130" timestamp="2019-06-17T06:04:05.546" />
  <attribute name="elasticGC enabled" value="1" />
  <attribute name= "numThreadsSpecified" value="4" />
  <attribute name="heapSize specified" value="22282240" />
  <attribute name="Current GC Util" value="36" />
  <attribute name= "Current Time Running" value="1174" />
  <attribute name ="GC Interval" value="200" />
  <attribute name="ProportionalT" value="16.000000" />
  <attribute name="ProportionalI" value="16.000000" />
  <attribute name="ProportionalH" value="16.000000" />
  <attribute name="Current Error" value="16.000000" />
  <attribute name="IntegralT" value="176.000000" />
  <attribute name="IntegralI" value="176.000000" />
  <attribute name="IntegralH" value="176.000000" />
  <attribute name="DerivativeT" value="1.000000" />
  <attribute name="DerivativeI" value="1.000000" />
  <attribute name="DerivativeH" value="1.000000" />
  <attribute name="Loop Time for DT" value="11.000000" />
  <attribute name="Output H" value="8388608"/>
  <attribute name="Output I" value="200"/>
  <attribute name="Output T" value="4"/>
  <attribute name="Target GC Util Change" value ="20.000000" />
  <attribute name="Current GC Util Change" value="36.000000"/>
  <attribute name="GC Util currently" value="36" />
  <attribute name="CPU Util currently" value="384850287793" />
<allocation-satisfied id="1138" threadId="000000000267D500" bytesRequested="24" />
<af-end id="1139" timestamp="2019-06-17T06:04:05.546" threadId="000000000267DE88" success="true" from="nursery"/>
<exclusive-end id="1140" timestamp="2019-06-17T06:04:05.546" durationms="1.734" />

<exclusive-start id="1141" timestamp="2019-06-17T06:04:05.559" intervalms="14.969">
  <response-info timems="0.257" idlems="0.257" threads="0" lastid="0000000002675D00" lastname="Thread-10" />
</exclusive-start>
<af-start id="1142" threadId="0000000002676688" totalBytesRequested="40" timestamp="2019-06-17T06:04:05.560" intervalms="15.014" type="nursery" />
<cycle-start id="1143" type="scavenge" contextid="0" timestamp="2019-06-17T06:04:05.560" intervalms="15.006" />
<gc-start id="1144" type="scavenge" contextid="1143" timestamp="2019-06-17T06:04:05.560">
  <mem-info id="1145" free="925056" total="24379392" percent="3">
    <mem type="nursery" free="0" total="18874368" percent="0">
      <mem type="allocate" free="0" total="16908288" percent="0" />
      <mem type="survivor" free="0" total="1966080" percent="0" />
    </mem>
    <mem type="tenure" free="925056" total="5505024" percent="16">
      <mem type="soa" free="676224" total="5230592" percent="12" />
      <mem type="loa" free="248832" total="274432" percent="90" />
    </mem>
    <remembered-set count="6394" />
  </mem-info>
</gc-start>
<allocation-stats totalBytes="16556960" >
  <allocated-bytes non-tlh="24" tlh="16556936" />
  <largest-consumer threadName="Thread-7" threadId="000000000267D500" bytes="6213008" />
</allocation-stats>
<gc-op id="1146" type="scavenge" timems="1.459" contextid="1143" timestamp="2019-06-17T06:04:05.562">
  <scavenger-info tenureage="3" tenuremask="ffe8" tiltratio="89" />
  <memory-copied type="nursery" objects="14062" bytes="476144" bytesdiscarded="205840" />
  <memory-copied type="tenure" objects="1215" bytes="29160" bytesdiscarded="0" />
</gc-op>
<gc-end id="1147" type="scavenge" contextid="1143" durationms="1.859" usertimems="4.000" systemtimems="0.000" timestamp="2019-06-17T06:04:05.562" activeThreads="4">
  <mem-info id="1148" free="17177728" total="24379392" percent="70">
    <mem type="nursery" free="16291840" total="18874368" percent="86">
      <mem type="allocate" free="16291840" total="16973824" percent="95" />
      <mem type="survivor" free="0" total="1900544" percent="0" />
    </mem>
    <mem type="tenure" free="885888" total="5505024" percent="16">
      <mem type="soa" free="637056" total="5230592" percent="12" />
      <mem type="loa" free="248832" total="274432" percent="90" />
    </mem>
    <remembered-set count="5178" />
  </mem-info>
</gc-end>
<cycle-end id="1149" type="scavenge" contextid="1143" timestamp="2019-06-17T06:04:05.562" />
  <attribute name="elasticGC enabled" value="1" />
  <attribute name= "numThreadsSpecified" value="4" />
  <attribute name="heapSize specified" value="22282240" />
  <attribute name="Current GC Util" value="15" />
  <attribute name= "Current Time Running" value="1190" />
  <attribute name ="GC Interval" value="200" />
  <attribute name="ProportionalT" value="-5.000000" />
  <attribute name="ProportionalI" value="-5.000000" />
  <attribute name="ProportionalH" value="-5.000000" />
  <attribute name="Current Error" value="-5.000000" />
  <attribute name="IntegralT" value="-80.000000" />
  <attribute name="IntegralI" value="-80.000000" />
  <attribute name="IntegralH" value="-80.000000" />
  <attribute name="DerivativeT" value="-1.312500" />
  <attribute name="DerivativeI" value="-1.312500" />
  <attribute name="DerivativeH" value="-1.312500" />
  <attribute name="Loop Time for DT" value="16.000000" />
  <attribute name="Output H" value="2092630016"/>
  <attribute name="Output I" value="200"/>
  <attribute name="Output T" value="4"/>
  <attribute name="Target GC Util Change" value ="20.000000" />
  <attribute name="Current GC Util Change" value="15.000000"/>
  <attribute name="GC Util currently" value="15" />
  <attribute name="CPU Util currently" value="298773669146" />
<allocation-satisfied id="1150" threadId="0000000002675D00" bytesRequested="40" />
<af-end id="1151" timestamp="2019-06-17T06:04:05.562" threadId="0000000002676688" success="true" from="nursery"/>
<exclusive-end id="1152" timestamp="2019-06-17T06:04:05.562" durationms="2.791" />

<exclusive-start id="1153" timestamp="2019-06-17T06:04:05.579" intervalms="19.805">
  <response-info timems="1.430" idlems="0.743" threads="1" lastid="0000000002675D00" lastname="Thread-10" />
</exclusive-start>
<af-start id="1154" threadId="0000000002681A88" totalBytesRequested="40" timestamp="2019-06-17T06:04:05.579" intervalms="19.821" type="nursery" />
<cycle-start id="1155" type="scavenge" contextid="0" timestamp="2019-06-17T06:04:05.580" intervalms="19.877" />
<gc-start id="1156" type="scavenge" contextid="1155" timestamp="2019-06-17T06:04:05.580">
  <mem-info id="1157" free="885888" total="24379392" percent="3">
    <mem type="nursery" free="0" total="18874368" percent="0">
      <mem type="allocate" free="0" total="16973824" percent="0" />
      <mem type="survivor" free="0" total="1900544" percent="0" />
    </mem>
    <mem type="tenure" free="885888" total="5505024" percent="16">
      <mem type="soa" free="637056" total="5230592" percent="12" />
      <mem type="loa" free="248832" total="274432" percent="90" />
    </mem>
    <remembered-set count="6211" />
  </mem-info>
</gc-start>
<allocation-stats totalBytes="16289544" >
  <allocated-bytes non-tlh="40" tlh="16289504" />
  <largest-consumer threadName="Thread-8" threadId="0000000002679900" bytes="5078432" />
</allocation-stats>
<gc-op id="1158" type="scavenge" timems="1.325" contextid="1155" timestamp="2019-06-17T06:04:05.581">
  <scavenger-info tenureage="3" tenuremask="ffe8" tiltratio="89" />
  <memory-copied type="nursery" objects="17385" bytes="693576" bytesdiscarded="116520" />
  <memory-copied type="tenure" objects="1767" bytes="42408" bytesdiscarded="0" />
</gc-op>
<gc-end id="1159" type="scavenge" contextid="1155" durationms="1.683" usertimems="4.000" systemtimems="0.000" timestamp="2019-06-17T06:04:05.581" activeThreads="4">
  <mem-info id="1160" free="17010448" total="24379392" percent="69">
    <mem type="nursery" free="16163728" total="18874368" percent="85">
      <mem type="allocate" free="16163728" total="16973824" percent="95" />
      <mem type="survivor" free="0" total="1900544" percent="0" />
    </mem>
    <mem type="tenure" free="846720" total="5505024" percent="15">
      <mem type="soa" free="597888" total="5230592" percent="11" />
      <mem type="loa" free="248832" total="274432" percent="90" />
    </mem>
    <remembered-set count="4444" />
  </mem-info>
</gc-end>
<cycle-end id="1161" type="scavenge" contextid="1155" timestamp="2019-06-17T06:04:05.581" />
  <attribute name="elasticGC enabled" value="1" />
  <attribute name= "numThreadsSpecified" value="4" />
  <attribute name="heapSize specified" value="22282240" />
  <attribute name="Current GC Util" value="9" />
  <attribute name= "Current Time Running" value="1210" />
  <attribute name ="GC Interval" value="200" />
  <attribute name="ProportionalT" value="-11.000000" />
  <attribute name="ProportionalI" value="-11.000000" />
  <attribute name="ProportionalH" value="-11.000000" />
  <attribute name="Current Error" value="-11.000000" />
  <attribute name="IntegralT" value="-220.000000" />
  <attribute name="IntegralI" value="-220.000000" />
  <attribute name="IntegralH" value="-220.000000" />
  <attribute name="DerivativeT" value="-0.550000" />
  <attribute name="DerivativeI" value="-0.550000" />
  <attribute name="DerivativeH" value="-0.550000" />
  <attribute name="Loop Time for DT" value="20.000000" />
  <attribute name="Output H" value="2092630016"/>
  <attribute name="Output I" value="200"/>
  <attribute name="Output T" value="4"/>
  <attribute name="Target GC Util Change" value ="20.000000" />
  <attribute name="Current GC Util Change" value="9.000000"/>
  <attribute name="GC Util currently" value="9" />
  <attribute name="CPU Util currently" value="234703439929" />
<allocation-satisfied id="1162" threadId="0000000002681100" bytesRequested="40" />
<af-end id="1163" timestamp="2019-06-17T06:04:05.582" threadId="0000000002681A88" success="true" from="nursery"/>
<exclusive-end id="1164" timestamp="2019-06-17T06:04:05.582" durationms="2.336" />

<exclusive-start id="1165" timestamp="2019-06-17T06:04:05.594" intervalms="14.474">
  <response-info timems="0.166" idlems="0.165" threads="1" lastid="0000000002679900" lastname="Thread-8" />
</exclusive-start>
<af-start id="1166" threadId="000000000267DE88" totalBytesRequested="40" timestamp="2019-06-17T06:04:05.594" intervalms="14.382" type="nursery" />
<cycle-start id="1167" type="scavenge" contextid="0" timestamp="2019-06-17T06:04:05.594" intervalms="14.327" />
<gc-start id="1168" type="scavenge" contextid="1167" timestamp="2019-06-17T06:04:05.594">
  <mem-info id="1169" free="846720" total="24379392" percent="3">
    <mem type="nursery" free="0" total="18874368" percent="0">
      <mem type="allocate" free="0" total="16973824" percent="0" />
      <mem type="survivor" free="0" total="1900544" percent="0" />
    </mem>
    <mem type="tenure" free="846720" total="5505024" percent="15">
      <mem type="soa" free="597888" total="5230592" percent="11" />
      <mem type="loa" free="248832" total="274432" percent="90" />
    </mem>
    <remembered-set count="5089" />
  </mem-info>
</gc-start>
<allocation-stats totalBytes="16161504" >
  <allocated-bytes non-tlh="40" tlh="16161464" />
  <largest-consumer threadName="Thread-7" threadId="000000000267D500" bytes="4816152" />
</allocation-stats>
<gc-op id="1170" type="scavenge" timems="1.517" contextid="1167" timestamp="2019-06-17T06:04:05.596">
  <scavenger-info tenureage="3" tenuremask="ffe8" tiltratio="89" />
  <memory-copied type="nursery" objects="18821" bytes="727976" bytesdiscarded="102232" />
  <memory-copied type="tenure" objects="3323" bytes="79752" bytesdiscarded="0" />
</gc-op>
<heap-resize id="1171" type="expand" space="nursery" amount="917504" count="1" timems="0.015" reason="excessive time being spent scavenging" timestamp="2019-06-17T06:04:05.596" />
<gc-end id="1172" type="scavenge" contextid="1167" durationms="1.799" usertimems="4.000" systemtimems="0.000" timestamp="2019-06-17T06:04:05.596" activeThreads="4">
  <mem-info id="1173" free="17636992" total="25296896" percent="69">
    <mem type="nursery" free="16930048" total="19791872" percent="85">
      <mem type="allocate" free="16930048" total="17760256" percent="95" />
      <mem type="survivor" free="0" total="2031616" percent="0" />
    </mem>
    <mem type="tenure" free="706944" total="5505024" percent="12">
      <mem type="soa" free="458112" total="5230592" percent="8" />
      <mem type="loa" free="248832" total="274432" percent="90" />
    </mem>
    <remembered-set count="2788" />
  </mem-info>
</gc-end>
<cycle-end id="1174" type="scavenge" contextid="1167" timestamp="2019-06-17T06:04:05.596" />
  <attribute name="elasticGC enabled" value="1" />
  <attribute name= "numThreadsSpecified" value="4" />
  <attribute name="heapSize specified" value="22282240" />
  <attribute name="Current GC Util" value="23" />
  <attribute name= "Current Time Running" value="1224" />
  <attribute name ="GC Interval" value="200" />
  <attribute name="ProportionalT" value="3.000000" />
  <attribute name="ProportionalI" value="3.000000" />
  <attribute name="ProportionalH" value="3.000000" />
  <attribute name="Current Error" value="3.000000" />
  <attribute name="IntegralT" value="42.000000" />
  <attribute name="IntegralI" value="42.000000" />
  <attribute name="IntegralH" value="42.000000" />
  <attribute name="DerivativeT" value="0.214286" />
  <attribute name="DerivativeI" value="0.214286" />
  <attribute name="DerivativeH" value="0.214286" />
  <attribute name="Loop Time for DT" value="14.000000" />
  <attribute name="Output H" value="8388608"/>
  <attribute name="Output I" value="200"/>
  <attribute name="Output T" value="4"/>
  <attribute name="Target GC Util Change" value ="20.000000" />
  <attribute name="Current GC Util Change" value="23.000000"/>
  <attribute name="GC Util currently" value="23" />
  <attribute name="CPU Util currently" value="326634810784" />
<allocation-satisfied id="1175" threadId="000000000267D500" bytesRequested="40" />
<af-end id="1176" timestamp="2019-06-17T06:04:05.596" threadId="000000000267DE88" success="true" from="nursery"/>
<exclusive-end id="1177" timestamp="2019-06-17T06:04:05.596" durationms="2.215" />

<exclusive-start id="1178" timestamp="2019-06-17T06:04:05.609" intervalms="15.545">
  <response-info timems="0.190" idlems="0.190" threads="0" lastid="0000000002675D00" lastname="Thread-10" />
</exclusive-start>
<af-start id="1179" threadId="0000000002676688" totalBytesRequested="24" timestamp="2019-06-17T06:04:05.609" intervalms="15.649" type="nursery" />
<cycle-start id="1180" type="scavenge" contextid="0" timestamp="2019-06-17T06:04:05.610" intervalms="15.678" />
<gc-start id="1181" type="scavenge" contextid="1180" timestamp="2019-06-17T06:04:05.611">
  <mem-info id="1182" free="706944" total="25296896" percent="2">
    <mem type="nursery" free="0" total="19791872" percent="0">
      <mem type="allocate" free="0" total="17760256" percent="0" />
      <mem type="survivor" free="0" total="2031616" percent="0" />
    </mem>
    <mem type="tenure" free="706944" total="5505024" percent="12">
      <mem type="soa" free="458112" total="5230592" percent="8" />
      <mem type="loa" free="248832" total="274432" percent="90" />
    </mem>
    <remembered-set count="3418" />
  </mem-info>
</gc-start>
<allocation-stats totalBytes="16927976" >
  <allocated-bytes non-tlh="40" tlh="16927936" />
  <largest-consumer threadName="Thread-7" threadId="000000000267D500" bytes="4660704" />
</allocation-stats>
<gc-op id="1183" type="scavenge" timems="1.836" contextid="1180" timestamp="2019-06-17T06:04:05.613">
  <scavenger-info tenureage="3" tenuremask="ffe8" tiltratio="89" />
  <memory-copied type="nursery" objects="20135" bytes="759592" bytesdiscarded="271832" />
  <memory-copied type="tenure" objects="1021" bytes="24504" bytesdiscarded="0" />
</gc-op>
<heap-resize id="1184" type="expand" space="nursery" amount="1572864" count="1" timems="0.334" reason="excessive time being spent scavenging" timestamp="2019-06-17T06:04:05.615" />
<gc-end id="1185" type="scavenge" contextid="1180" durationms="4.238" usertimems="8.000" systemtimems="0.000" timestamp="2019-06-17T06:04:05.615" activeThreads="4">
  <mem-info id="1186" free="18812032" total="26869760" percent="70">
    <mem type="nursery" free="18105088" total="21364736" percent="84">
      <mem type="allocate" free="18105088" total="19136512" percent="94" />
      <mem type="survivor" free="0" total="2228224" percent="0" />
    </mem>
    <mem type="tenure" free="706944" total="5505024" percent="12">
      <mem type="soa" free="458112" total="5230592" percent="8" />
      <mem type="loa" free="248832" total="274432" percent="90" />
    </mem>
    <remembered-set count="2397" />
  </mem-info>
</gc-end>
<cycle-end id="1187" type="scavenge" contextid="1180" timestamp="2019-06-17T06:04:05.615" />
  <attribute name="elasticGC enabled" value="1" />
  <attribute name= "numThreadsSpecified" value="4" />
  <attribute name="heapSize specified" value="22282240" />
  <attribute name="Current GC Util" value="24" />
  <attribute name= "Current Time Running" value="1241" />
  <attribute name ="GC Interval" value="200" />
  <attribute name="ProportionalT" value="4.000000" />
  <attribute name="ProportionalI" value="4.000000" />
  <attribute name="ProportionalH" value="4.000000" />
  <attribute name="Current Error" value="4.000000" />
  <attribute name="IntegralT" value="68.000000" />
  <attribute name="IntegralI" value="68.000000" />
  <attribute name="IntegralH" value="68.000000" />
  <attribute name="DerivativeT" value="0.058824" />
  <attribute name="DerivativeI" value="0.058824" />
  <attribute name="DerivativeH" value="0.058824" />
  <attribute name="Loop Time for DT" value="17.000000" />
  <attribute name="Output H" value="8388608"/>
  <attribute name="Output I" value="200"/>
  <attribute name="Output T" value="4"/>
  <attribute name="Target GC Util Change" value ="20.000000" />
  <attribute name="Current GC Util Change" value="24.000000"/>
  <attribute name="GC Util currently" value="24" />
  <attribute name="CPU Util currently" value="271190382412" />
<allocation-satisfied id="1188" threadId="0000000002675D00" bytesRequested="24" />
<af-end id="1189" timestamp="2019-06-17T06:04:05.617" threadId="0000000002676688" success="true" from="nursery"/>
<exclusive-end id="1190" timestamp="2019-06-17T06:04:05.617" durationms="7.521" />

<exclusive-start id="1191" timestamp="2019-06-17T06:04:05.636" intervalms="26.399">
  <response-info timems="0.037" idlems="0.037" threads="0" lastid="0000000002681100" lastname="Thread-9" />
</exclusive-start>
<af-start id="1192" threadId="0000000002681A88" totalBytesRequested="40" timestamp="2019-06-17T06:04:05.636" intervalms="26.370" type="nursery" />
<cycle-start id="1193" type="scavenge" contextid="0" timestamp="2019-06-17T06:04:05.636" intervalms="26.401" />
<gc-start id="1194" type="scavenge" contextid="1193" timestamp="2019-06-17T06:04:05.636">
  <mem-info id="1195" free="706944" total="26869760" percent="2">
    <mem type="nursery" free="0" total="21364736" percent="0">
      <mem type="allocate" free="0" total="19136512" percent="0" />
      <mem type="survivor" free="0" total="2228224" percent="0" />
    </mem>
    <mem type="tenure" free="706944" total="5505024" percent="12">
      <mem type="soa" free="458112" total="5230592" percent="8" />
      <mem type="loa" free="248832" total="274432" percent="90" />
    </mem>
    <remembered-set count="2952" />
  </mem-info>
</gc-start>
<allocation-stats totalBytes="18102664" >
  <allocated-bytes non-tlh="24" tlh="18102640" />
  <largest-consumer threadName="Thread-9" threadId="0000000002681100" bytes="6258000" />
</allocation-stats>
<gc-op id="1196" type="scavenge" timems="1.587" contextid="1193" timestamp="2019-06-17T06:04:05.638">
  <scavenger-info tenureage="3" tenuremask="4008" tiltratio="89" />
  <memory-copied type="nursery" objects="15208" bytes="641072" bytesdiscarded="180688" />
  <memory-copied type="tenure" objects="7070" bytes="307056" bytesdiscarded="264" />
</gc-op>
<gc-end id="1197" type="scavenge" contextid="1193" durationms="1.807" usertimems="4.000" systemtimems="0.000" timestamp="2019-06-17T06:04:05.638" activeThreads="4">
  <mem-info id="1198" free="18824576" total="26869760" percent="70">
    <mem type="nursery" free="18380288" total="21364736" percent="86">
      <mem type="allocate" free="18380288" total="19202048" percent="95" />
      <mem type="survivor" free="0" total="2162688" percent="0" />
    </mem>
    <mem type="tenure" free="444288" total="5505024" percent="8">
      <mem type="soa" free="195456" total="5230592" percent="3" />
      <mem type="loa" free="248832" total="274432" percent="90" />
    </mem>
    <remembered-set count="3968" />
  </mem-info>
</gc-end>
<cycle-end id="1199" type="scavenge" contextid="1193" timestamp="2019-06-17T06:04:05.638" />
  <attribute name="elasticGC enabled" value="1" />
  <attribute name= "numThreadsSpecified" value="4" />
  <attribute name="heapSize specified" value="22282240" />
  <attribute name="Current GC Util" value="8" />
  <attribute name= "Current Time Running" value="1266" />
  <attribute name ="GC Interval" value="200" />
  <attribute name="ProportionalT" value="-12.000000" />
  <attribute name="ProportionalI" value="-12.000000" />
  <attribute name="ProportionalH" value="-12.000000" />
  <attribute name="Current Error" value="-12.000000" />
  <attribute name="IntegralT" value="-300.000000" />
  <attribute name="IntegralI" value="-300.000000" />
  <attribute name="IntegralH" value="-300.000000" />
  <attribute name="DerivativeT" value="-0.640000" />
  <attribute name="DerivativeI" value="-0.640000" />
  <attribute name="DerivativeH" value="-0.640000" />
  <attribute name="Loop Time for DT" value="25.000000" />
  <attribute name="Output H" value="2092630016"/>
  <attribute name="Output I" value="200"/>
  <attribute name="Output T" value="4"/>
  <attribute name="Target GC Util Change" value ="20.000000" />
  <attribute name="Current GC Util Change" value="8.000000"/>
  <attribute name="GC Util currently" value="8" />
  <attribute name="CPU Util currently" value="183787610192" />
<allocation-satisfied id="1200" threadId="0000000002681100" bytesRequested="40" />
<af-end id="1201" timestamp="2019-06-17T06:04:05.638" threadId="0000000002681A88" success="true" from="nursery"/>
<exclusive-end id="1202" timestamp="2019-06-17T06:04:05.638" durationms="2.389" />

<concurrent-kickoff id="1203" timestamp="2019-06-17T06:04:05.655">
  <kickoff reason="threshold reached" targetBytes="1686069" thresholdFreeBytes="238441"  remainingFree="161240" tenureFreeBytes="444288" nurseryFreeBytes="161240" />
</concurrent-kickoff>
<exclusive-start id="1204" timestamp="2019-06-17T06:04:05.655" intervalms="19.585">
  <response-info timems="0.029" idlems="0.029" threads="0" lastid="0000000002679900" lastname="Thread-8" />
</exclusive-start>
<cycle-start id="1205" type="global" contextid="0" timestamp="2019-06-17T06:04:05.655" intervalms="163.791" />
<exclusive-end id="1206" timestamp="2019-06-17T06:04:05.655" durationms="0.127" />

<exclusive-start id="1207" timestamp="2019-06-17T06:04:05.656" intervalms="0.746">
  <response-info timems="0.026" idlems="0.026" threads="0" lastid="0000000002679900" lastname="Thread-8" />
</exclusive-start>
<af-start id="1208" threadId="000000000267A288" totalBytesRequested="24" timestamp="2019-06-17T06:04:05.656" intervalms="20.273" type="nursery" />
<cycle-start id="1209" type="scavenge" contextid="0" timestamp="2019-06-17T06:04:05.656" intervalms="20.215" />
<gc-start id="1210" type="scavenge" contextid="1209" timestamp="2019-06-17T06:04:05.656">
  <mem-info id="1211" free="444288" total="26869760" percent="1">
    <mem type="nursery" free="0" total="21364736" percent="0">
      <mem type="allocate" free="0" total="19202048" percent="0" />
      <mem type="survivor" free="0" total="2162688" percent="0" />
    </mem>
    <mem type="tenure" free="444288" total="5505024" percent="8">
      <mem type="soa" free="195456" total="5230592" percent="3" />
      <mem type="loa" free="248832" total="274432" percent="90" />
    </mem>
    <remembered-set count="4329" />
  </mem-info>
</gc-start>
<allocation-stats totalBytes="18378208" >
  <allocated-bytes non-tlh="40" tlh="18378168" />
  <largest-consumer threadName="Thread-9" threadId="0000000002681100" bytes="6520200" />
</allocation-stats>
<gc-op id="1212" type="scavenge" timems="0.791" contextid="1209" timestamp="2019-06-17T06:04:05.657">
  <scavenger-info tenureage="14" tenuremask="4000" tiltratio="89" />
  <memory-copied type="nursery" objects="16333" bytes="667928" bytesdiscarded="145384" />
</gc-op>
<gc-end id="1213" type="scavenge" contextid="1209" durationms="0.971" usertimems="0.000" systemtimems="0.000" timestamp="2019-06-17T06:04:05.657" activeThreads="4">
  <mem-info id="1214" free="18833024" total="26869760" percent="70">
    <mem type="nursery" free="18388736" total="21364736" percent="86">
      <mem type="allocate" free="18388736" total="19202048" percent="95" />
      <mem type="survivor" free="0" total="2162688" percent="0" />
    </mem>
    <mem type="tenure" free="444288" total="5505024" percent="8">
      <mem type="soa" free="195456" total="5230592" percent="3" />
      <mem type="loa" free="248832" total="274432" percent="90" />
    </mem>
    <remembered-set count="4328" />
  </mem-info>
</gc-end>
<cycle-end id="1215" type="scavenge" contextid="1209" timestamp="2019-06-17T06:04:05.657" />
  <attribute name="elasticGC enabled" value="1" />
  <attribute name= "numThreadsSpecified" value="4" />
  <attribute name="heapSize specified" value="22282240" />
  <attribute name="Current GC Util" value="19" />
  <attribute name= "Current Time Running" value="1286" />
  <attribute name ="GC Interval" value="200" />
  <attribute name="ProportionalT" value="-1.000000" />
  <attribute name="ProportionalI" value="-1.000000" />
  <attribute name="ProportionalH" value="-1.000000" />
  <attribute name="Current Error" value="-1.000000" />
  <attribute name="IntegralT" value="-20.000000" />
  <attribute name="IntegralI" value="-20.000000" />
  <attribute name="IntegralH" value="-20.000000" />
  <attribute name="DerivativeT" value="-0.050000" />
  <attribute name="DerivativeI" value="-0.050000" />
  <attribute name="DerivativeH" value="-0.050000" />
  <attribute name="Loop Time for DT" value="20.000000" />
  <attribute name="Output H" value="2092630016"/>
  <attribute name="Output I" value="200"/>
  <attribute name="Output T" value="4"/>
  <attribute name="Target GC Util Change" value ="20.000000" />
  <attribute name="Current GC Util Change" value="19.000000"/>
  <attribute name="GC Util currently" value="19" />
  <attribute name="CPU Util currently" value="228482512922" />
<allocation-satisfied id="1216" threadId="0000000002679900" bytesRequested="24" />
<af-end id="1217" timestamp="2019-06-17T06:04:05.657" threadId="000000000267A288" success="true" from="nursery"/>
<exclusive-end id="1218" timestamp="2019-06-17T06:04:05.657" durationms="1.388" />

<exclusive-start id="1219" timestamp="2019-06-17T06:04:05.675" intervalms="19.444">
  <response-info timems="0.219" idlems="0.219" threads="0" lastid="000000000267D500" lastname="Thread-7" />
</exclusive-start>
<concurrent-collection-start id="1220" timestamp="2019-06-17T06:04:05.676" intervalms="467.091" >
  <concurrent-trace-info reason="card cleaning threshold reached" tracedByMutators="975800" tracedByHelpers="895880" cardsCleaned="164" workStackOverflowCount="0" />
</concurrent-collection-start>
<gc-start id="1221" type="global" contextid="1205" timestamp="2019-06-17T06:04:05.676">
  <mem-info id="1222" free="444288" total="26869760" percent="1">
    <mem type="nursery" free="0" total="21364736" percent="0">
      <mem type="allocate" free="0" total="19202048" percent="0" />
      <mem type="survivor" free="0" total="2162688" percent="0" />
    </mem>
    <mem type="tenure" free="444288" total="5505024" percent="8">
      <mem type="soa" free="195456" total="5230592" percent="3" />
      <mem type="loa" free="248832" total="274432" percent="90" />
    </mem>
    <remembered-set count="4794" />
  </mem-info>
</gc-start>
<allocation-stats totalBytes="18386368" >
  <allocated-bytes non-tlh="24" tlh="18386344" />
  <largest-consumer threadName="Thread-9" threadId="0000000002681100" bytes="5995640" />
</allocation-stats>
<gc-op id="1223" type="rs-scan" timems="0.466" contextid="1205" timestamp="2019-06-17T06:04:05.677">
  <scan objectsFound="3948" bytesTraced="329776" workStackOverflowCount="0" />
</gc-op>
<gc-op id="1224" type="card-cleaning" timems="0.563" contextid="1205" timestamp="2019-06-17T06:04:05.678">
  <card-cleaning cardsCleaned="5" bytesTraced="4304" workStackOverflowCount="0" />
</gc-op>
<gc-op id="1225" type="mark" timems="0.849" contextid="1205" timestamp="2019-06-17T06:04:05.679">
  <trace-info objectcount="12518" scancount="12486" scanbytes="576552" />
  <finalization candidates="124" enqueued="0" />
  <ownableSynchronizers candidates="3" cleared="0" />
  <references type="soft" candidates="148" cleared="0" enqueued="0" dynamicThreshold="11" maxThreshold="32" />
  <references type="weak" candidates="693" cleared="0" enqueued="0" />
  <references type="phantom" candidates="37" cleared="0" enqueued="0" />
  <stringconstants candidates="4597" cleared="0"  />
</gc-op>
<gc-op id="1226" type="sweep" timems="0.281" contextid="1205" timestamp="2019-06-17T06:04:05.680" />
<mem-info id="1227" free="20193648" total="26869760" percent="75">
  <mem type="nursery" free="18508592" total="21364736" percent="86">
    <mem type="allocate" free="18508592" total="19202048" percent="96" />
    <mem type="survivor" free="0" total="2162688" percent="0" />
  </mem>
  <mem type="tenure" free="1685056" total="5505024" percent="30" micro-fragmented="46410" macro-fragmented="0">
    <mem type="soa" free="1410624" total="5230592" percent="26" />
    <mem type="loa" free="274432" total="274432" percent="100" />
  </mem>
  <remembered-set count="3989" />
</mem-info>
<gc-op id="1228" type="compact" timems="3.570" contextid="1205" timestamp="2019-06-17T06:04:05.683">
  <compact-info movecount="28061" movebytes="1184208" reason="compact to aid heap contraction" />
</gc-op>
<heap-resize id="1229" type="contract" space="tenure" amount="262144" count="1" timems="0.095" reason="heap reconfiguration" timestamp="2019-06-17T06:04:05.684" />
<gc-end id="1230" type="global" contextid="1205" durationms="7.553" usertimems="8.000" systemtimems="4.000" timestamp="2019-06-17T06:04:05.684" activeThreads="4">
  <mem-info id="1231" free="20006024" total="26607616" percent="75">
    <mem type="nursery" free="18539528" total="21364736" percent="86">
      <mem type="allocate" free="18539528" total="19202048" percent="96" />
      <mem type="survivor" free="0" total="2162688" percent="0" />
    </mem>
    <mem type="tenure" free="1466496" total="5242880" percent="27">
      <mem type="soa" free="1216640" total="4980736" percent="24" />
      <mem type="loa" free="249856" total="262144" percent="95" />
    </mem>
    <remembered-set count="3989" />
  </mem-info>
</gc-end>
<cycle-end id="1232" type="global" contextid="1205" timestamp="2019-06-17T06:04:05.684" />
  <attribute name="elasticGC enabled" value="1" />
  <attribute name= "numThreadsSpecified" value="4" />
  <attribute name="heapSize specified" value="26869760" />
  <attribute name="Current GC Util" value="61" />
  <attribute name= "Current Time Running" value="1313" />
  <attribute name ="GC Interval" value="200" />
  <attribute name="ProportionalT" value="41.000000" />
  <attribute name="ProportionalI" value="41.000000" />
  <attribute name="ProportionalH" value="41.000000" />
  <attribute name="Current Error" value="41.000000" />
  <attribute name="IntegralT" value="164.000000" />
  <attribute name="IntegralI" value="164.000000" />
  <attribute name="IntegralH" value="164.000000" />
  <attribute name="DerivativeT" value="-1.000000" />
  <attribute name="DerivativeI" value="-1.000000" />
  <attribute name="DerivativeH" value="-1.000000" />
  <attribute name="Loop Time for DT" value="4.000000" />
  <attribute name="Output H" value="8388608"/>
  <attribute name="Output I" value="208"/>
  <attribute name="Output T" value="4"/>
  <attribute name="Target GC Util Change" value ="20.000000" />
  <attribute name="Current GC Util Change" value="61.000000"/>
  <attribute name="GC Util currently" value="61" />
  <attribute name="CPU Util currently" value="1249903381217" />
<concurrent-collection-end id="1233" timestamp="2019-06-17T06:04:05.684" />
<exclusive-end id="1234" timestamp="2019-06-17T06:04:05.684" durationms="8.593" />

<exclusive-start id="1235" timestamp="2019-06-17T06:04:05.704" intervalms="28.194">
  <response-info timems="0.178" idlems="0.178" threads="0" lastid="0000000002679900" lastname="Thread-8" />
</exclusive-start>
<af-start id="1236" threadId="000000000267A288" totalBytesRequested="24" timestamp="2019-06-17T06:04:05.704" intervalms="47.674" type="nursery" />
<cycle-start id="1237" type="scavenge" contextid="0" timestamp="2019-06-17T06:04:05.704" intervalms="47.674" />
<gc-start id="1238" type="scavenge" contextid="1237" timestamp="2019-06-17T06:04:05.704">
  <mem-info id="1239" free="1466496" total="26607616" percent="5">
    <mem type="nursery" free="0" total="21364736" percent="0">
      <mem type="allocate" free="0" total="19202048" percent="0" />
      <mem type="survivor" free="0" total="2162688" percent="0" />
    </mem>
    <mem type="tenure" free="1466496" total="5242880" percent="27">
      <mem type="soa" free="1216640" total="4980736" percent="24" />
      <mem type="loa" free="249856" total="262144" percent="95" />
    </mem>
    <remembered-set count="4437" />
  </mem-info>
</gc-start>
<allocation-stats totalBytes="18537216" >
  <allocated-bytes non-tlh="0" tlh="18537216" />
  <largest-consumer threadName="Thread-10" threadId="0000000002675D00" bytes="6651048" />
</allocation-stats>
<gc-op id="1240" type="scavenge" timems="1.103" contextid="1237" timestamp="2019-06-17T06:04:05.705">
  <scavenger-info tenureage="3" tenuremask="4018" tiltratio="89" />
  <memory-copied type="nursery" objects="22008" bytes="941712" bytesdiscarded="91872" />
  <memory-copied type="tenure" objects="2522" bytes="60528" bytesdiscarded="0" />
  <ownableSynchronizers candidates="6" cleared="6" />
</gc-op>
<gc-end id="1241" type="scavenge" contextid="1237" durationms="1.278" usertimems="4.000" systemtimems="0.000" timestamp="2019-06-17T06:04:05.705" activeThreads="4">
  <mem-info id="1242" free="19517456" total="26607616" percent="73">
    <mem type="nursery" free="18168464" total="21364736" percent="85">
      <mem type="allocate" free="18168464" total="19202048" percent="94" />
      <mem type="survivor" free="0" total="2162688" percent="0" />
    </mem>
    <mem type="tenure" free="1348992" total="5242880" percent="25">
      <mem type="soa" free="1099136" total="4980736" percent="22" />
      <mem type="loa" free="249856" total="262144" percent="95" />
    </mem>
    <remembered-set count="1915" />
  </mem-info>
</gc-end>
<cycle-end id="1243" type="scavenge" contextid="1237" timestamp="2019-06-17T06:04:05.705" />
  <attribute name="elasticGC enabled" value="1" />
  <attribute name= "numThreadsSpecified" value="4" />
  <attribute name="heapSize specified" value="26869760" />
  <attribute name="Current GC Util" value="24" />
  <attribute name= "Current Time Running" value="1334" />
  <attribute name ="GC Interval" value="200" />
  <attribute name="ProportionalT" value="4.000000" />
  <attribute name="ProportionalI" value="4.000000" />
  <attribute name="ProportionalH" value="4.000000" />
  <attribute name="Current Error" value="4.000000" />
  <attribute name="IntegralT" value="84.000000" />
  <attribute name="IntegralI" value="84.000000" />
  <attribute name="IntegralH" value="84.000000" />
  <attribute name="DerivativeT" value="-1.761905" />
  <attribute name="DerivativeI" value="-1.761905" />
  <attribute name="DerivativeH" value="-1.761905" />
  <attribute name="Loop Time for DT" value="21.000000" />
  <attribute name="Output H" value="8388608"/>
  <attribute name="Output I" value="200"/>
  <attribute name="Output T" value="4"/>
  <attribute name="Target GC Util Change" value ="20.000000" />
  <attribute name="Current GC Util Change" value="24.000000"/>
  <attribute name="GC Util currently" value="24" />
  <attribute name="CPU Util currently" value="223964003138" />
<allocation-satisfied id="1244" threadId="0000000002679900" bytesRequested="24" />
<af-end id="1245" timestamp="2019-06-17T06:04:05.705" threadId="000000000267A288" success="true" from="nursery"/>
<exclusive-end id="1246" timestamp="2019-06-17T06:04:05.705" durationms="1.780" />

<exclusive-start id="1247" timestamp="2019-06-17T06:04:05.723" intervalms="19.788">
  <response-info timems="0.054" idlems="0.054" threads="0" lastid="0000000002681100" lastname="Thread-9" />
</exclusive-start>
<af-start id="1248" threadId="0000000002681A88" totalBytesRequested="40" timestamp="2019-06-17T06:04:05.724" intervalms="19.768" type="nursery" />
<cycle-start id="1249" type="scavenge" contextid="0" timestamp="2019-06-17T06:04:05.724" intervalms="19.781" />
<gc-start id="1250" type="scavenge" contextid="1249" timestamp="2019-06-17T06:04:05.724">
  <mem-info id="1251" free="1348992" total="26607616" percent="5">
    <mem type="nursery" free="0" total="21364736" percent="0">
      <mem type="allocate" free="0" total="19202048" percent="0" />
      <mem type="survivor" free="0" total="2162688" percent="0" />
    </mem>
    <mem type="tenure" free="1348992" total="5242880" percent="25">
      <mem type="soa" free="1099136" total="4980736" percent="22" />
      <mem type="loa" free="249856" total="262144" percent="95" />
    </mem>
    <remembered-set count="1975" />
  </mem-info>
</gc-start>
<allocation-stats totalBytes="18166208" >
  <allocated-bytes non-tlh="24" tlh="18166184" />
  <largest-consumer threadName="Thread-10" threadId="0000000002675D00" bytes="6257920" />
</allocation-stats>
<gc-op id="1252" type="scavenge" timems="1.238" contextid="1249" timestamp="2019-06-17T06:04:05.725">
  <scavenger-info tenureage="14" tenuremask="4000" tiltratio="89" />
  <memory-copied type="nursery" objects="23623" bytes="980656" bytesdiscarded="131264" />
</gc-op>
<gc-end id="1253" type="scavenge" contextid="1249" durationms="1.444" usertimems="4.000" systemtimems="0.000" timestamp="2019-06-17T06:04:05.725" activeThreads="4">
  <mem-info id="1254" free="19439120" total="26607616" percent="73">
    <mem type="nursery" free="18090128" total="21364736" percent="84">
      <mem type="allocate" free="18090128" total="19202048" percent="94" />
      <mem type="survivor" free="0" total="2162688" percent="0" />
    </mem>
    <mem type="tenure" free="1348992" total="5242880" percent="25">
      <mem type="soa" free="1099136" total="4980736" percent="22" />
      <mem type="loa" free="249856" total="262144" percent="95" />
    </mem>
    <remembered-set count="1974" />
  </mem-info>
</gc-end>
<cycle-end id="1255" type="scavenge" contextid="1249" timestamp="2019-06-17T06:04:05.725" />
  <attribute name="elasticGC enabled" value="1" />
  <attribute name= "numThreadsSpecified" value="4" />
  <attribute name="heapSize specified" value="26869760" />
  <attribute name="Current GC Util" value="15" />
  <attribute name= "Current Time Running" value="1353" />
  <attribute name ="GC Interval" value="200" />
  <attribute name="ProportionalT" value="-5.000000" />
  <attribute name="ProportionalI" value="-5.000000" />
  <attribute name="ProportionalH" value="-5.000000" />
  <attribute name="Current Error" value="-5.000000" />
  <attribute name="IntegralT" value="-95.000000" />
  <attribute name="IntegralI" value="-95.000000" />
  <attribute name="IntegralH" value="-95.000000" />
  <attribute name="DerivativeT" value="-0.473684" />
  <attribute name="DerivativeI" value="-0.473684" />
  <attribute name="DerivativeH" value="-0.473684" />
  <attribute name="Loop Time for DT" value="19.000000" />
  <attribute name="Output H" value="2092630016"/>
  <attribute name="Output I" value="200"/>
  <attribute name="Output T" value="4"/>
  <attribute name="Target GC Util Change" value ="20.000000" />
  <attribute name="Current GC Util Change" value="15.000000"/>
  <attribute name="GC Util currently" value="15" />
  <attribute name="CPU Util currently" value="232995277563" />
<allocation-satisfied id="1256" threadId="0000000002681100" bytesRequested="40" />
<af-end id="1257" timestamp="2019-06-17T06:04:05.725" threadId="0000000002681A88" success="true" from="nursery"/>
<exclusive-end id="1258" timestamp="2019-06-17T06:04:05.725" durationms="1.921" />

<exclusive-start id="1259" timestamp="2019-06-17T06:04:05.742" intervalms="18.103">
  <response-info timems="0.073" idlems="0.073" threads="0" lastid="0000000002675D00" lastname="Thread-10" />
</exclusive-start>
<af-start id="1260" threadId="0000000002676688" totalBytesRequested="40" timestamp="2019-06-17T06:04:05.742" intervalms="18.105" type="nursery" />
<cycle-start id="1261" type="scavenge" contextid="0" timestamp="2019-06-17T06:04:05.742" intervalms="18.097" />
<gc-start id="1262" type="scavenge" contextid="1261" timestamp="2019-06-17T06:04:05.742">
  <mem-info id="1263" free="1348992" total="26607616" percent="5">
    <mem type="nursery" free="0" total="21364736" percent="0">
      <mem type="allocate" free="0" total="19202048" percent="0" />
      <mem type="survivor" free="0" total="2162688" percent="0" />
    </mem>
    <mem type="tenure" free="1348992" total="5242880" percent="25">
      <mem type="soa" free="1099136" total="4980736" percent="22" />
      <mem type="loa" free="249856" total="262144" percent="95" />
    </mem>
    <remembered-set count="2162" />
  </mem-info>
</gc-start>
<allocation-stats totalBytes="18087928" >
  <allocated-bytes non-tlh="40" tlh="18087888" />
  <largest-consumer threadName="Thread-10" threadId="0000000002675D00" bytes="5473704" />
</allocation-stats>
<gc-op id="1264" type="scavenge" timems="1.554" contextid="1261" timestamp="2019-06-17T06:04:05.743">
  <scavenger-info tenureage="3" tenuremask="4018" tiltratio="89" />
  <memory-copied type="nursery" objects="12932" bytes="449160" bytesdiscarded="232824" />
  <memory-copied type="tenure" objects="11775" bytes="557352" bytesdiscarded="72" />
</gc-op>
<gc-end id="1265" type="scavenge" contextid="1261" durationms="1.750" usertimems="4.000" systemtimems="0.000" timestamp="2019-06-17T06:04:05.744" activeThreads="4">
  <mem-info id="1266" free="19226240" total="26607616" percent="72">
    <mem type="nursery" free="18520064" total="21364736" percent="86">
      <mem type="allocate" free="18520064" total="19202048" percent="96" />
      <mem type="survivor" free="0" total="2162688" percent="0" />
    </mem>
    <mem type="tenure" free="706176" total="5242880" percent="13">
      <mem type="soa" free="456320" total="4980736" percent="9" />
      <mem type="loa" free="249856" total="262144" percent="95" />
    </mem>
    <remembered-set count="4233" />
  </mem-info>
</gc-end>
<cycle-end id="1267" type="scavenge" contextid="1261" timestamp="2019-06-17T06:04:05.744" />
  <attribute name="elasticGC enabled" value="1" />
  <attribute name= "numThreadsSpecified" value="4" />
  <attribute name="heapSize specified" value="26869760" />
  <attribute name="Current GC Util" value="18" />
  <attribute name= "Current Time Running" value="1372" />
  <attribute name ="GC Interval" value="200" />
  <attribute name="ProportionalT" value="-2.000000" />
  <attribute name="ProportionalI" value="-2.000000" />
  <attribute name="ProportionalH" value="-2.000000" />
  <attribute name="Current Error" value="-2.000000" />
  <attribute name="IntegralT" value="-38.000000" />
  <attribute name="IntegralI" value="-38.000000" />
  <attribute name="IntegralH" value="-38.000000" />
  <attribute name="DerivativeT" value="-0.105263" />
  <attribute name="DerivativeI" value="-0.105263" />
  <attribute name="DerivativeH" value="-0.105263" />
  <attribute name="Loop Time for DT" value="19.000000" />
  <attribute name="Output H" value="2092630016"/>
  <attribute name="Output I" value="200"/>
  <attribute name="Output T" value="4"/>
  <attribute name="Target GC Util Change" value ="20.000000" />
  <attribute name="Current GC Util Change" value="18.000000"/>
  <attribute name="GC Util currently" value="18" />
  <attribute name="CPU Util currently" value="255018912209" />
<allocation-satisfied id="1268" threadId="0000000002675D00" bytesRequested="40" />
<af-end id="1269" timestamp="2019-06-17T06:04:05.744" threadId="0000000002676688" success="true" from="nursery"/>
<exclusive-end id="1270" timestamp="2019-06-17T06:04:05.744" durationms="2.269" />

<exclusive-start id="1271" timestamp="2019-06-17T06:04:05.764" intervalms="22.637">
  <response-info timems="0.027" idlems="0.027" threads="0" lastid="0000000002675D00" lastname="Thread-10" />
</exclusive-start>
<af-start id="1272" threadId="0000000002676688" totalBytesRequested="40" timestamp="2019-06-17T06:04:05.764" intervalms="22.644" type="nursery" />
<cycle-start id="1273" type="scavenge" contextid="0" timestamp="2019-06-17T06:04:05.764" intervalms="22.644" />
<gc-start id="1274" type="scavenge" contextid="1273" timestamp="2019-06-17T06:04:05.764">
  <mem-info id="1275" free="706176" total="26607616" percent="2">
    <mem type="nursery" free="0" total="21364736" percent="0">
      <mem type="allocate" free="0" total="19202048" percent="0" />
      <mem type="survivor" free="0" total="2162688" percent="0" />
    </mem>
    <mem type="tenure" free="706176" total="5242880" percent="13">
      <mem type="soa" free="456320" total="4980736" percent="9" />
      <mem type="loa" free="249856" total="262144" percent="95" />
    </mem>
    <remembered-set count="4921" />
  </mem-info>
</gc-start>
<allocation-stats totalBytes="18517696" >
  <allocated-bytes non-tlh="40" tlh="18517656" />
  <largest-consumer threadName="Thread-10" threadId="0000000002675D00" bytes="6782184" />
</allocation-stats>
<gc-op id="1276" type="scavenge" timems="1.339" contextid="1273" timestamp="2019-06-17T06:04:05.766">
  <scavenger-info tenureage="3" tenuremask="4008" tiltratio="89" />
  <memory-copied type="nursery" objects="3949" bytes="96224" bytesdiscarded="60448" />
  <memory-copied type="tenure" objects="9968" bytes="376608" bytesdiscarded="48" />
</gc-op>
<gc-end id="1277" type="scavenge" contextid="1273" durationms="1.534" usertimems="4.000" systemtimems="0.000" timestamp="2019-06-17T06:04:05.766" activeThreads="4">
  <mem-info id="1278" free="19301504" total="26607616" percent="72">
    <mem type="nursery" free="19045376" total="21364736" percent="89">
      <mem type="allocate" free="19045376" total="19202048" percent="99" />
      <mem type="survivor" free="0" total="2162688" percent="0" />
    </mem>
    <mem type="tenure" free="256128" total="5242880" percent="4">
      <mem type="soa" free="6272" total="4980736" percent="0" />
      <mem type="loa" free="249856" total="262144" percent="95" />
    </mem>
    <remembered-set count="3780" />
  </mem-info>
</gc-end>
<cycle-end id="1279" type="scavenge" contextid="1273" timestamp="2019-06-17T06:04:05.766" />
  <attribute name="elasticGC enabled" value="1" />
  <attribute name= "numThreadsSpecified" value="4" />
  <attribute name="heapSize specified" value="26869760" />
  <attribute name="Current GC Util" value="18" />
  <attribute name= "Current Time Running" value="1394" />
  <attribute name ="GC Interval" value="200" />
  <attribute name="ProportionalT" value="-2.000000" />
  <attribute name="ProportionalI" value="-2.000000" />
  <attribute name="ProportionalH" value="-2.000000" />
  <attribute name="Current Error" value="-2.000000" />
  <attribute name="IntegralT" value="-44.000000" />
  <attribute name="IntegralI" value="-44.000000" />
  <attribute name="IntegralH" value="-44.000000" />
  <attribute name="DerivativeT" value="-0.090909" />
  <attribute name="DerivativeI" value="-0.090909" />
  <attribute name="DerivativeH" value="-0.090909" />
  <attribute name="Loop Time for DT" value="22.000000" />
  <attribute name="Output H" value="2092630016"/>
  <attribute name="Output I" value="200"/>
  <attribute name="Output T" value="4"/>
  <attribute name="Target GC Util Change" value ="20.000000" />
  <attribute name="Current GC Util Change" value="18.000000"/>
  <attribute name="GC Util currently" value="18" />
  <attribute name="CPU Util currently" value="203679654292" />
<allocation-satisfied id="1280" threadId="0000000002675D00" bytesRequested="40" />
<af-end id="1281" timestamp="2019-06-17T06:04:05.766" threadId="0000000002676688" success="true" from="nursery"/>
<exclusive-end id="1282" timestamp="2019-06-17T06:04:05.766" durationms="2.054" />

<concurrent-kickoff id="1283" timestamp="2019-06-17T06:04:05.784">
  <kickoff reason="threshold reached" targetBytes="1640997" thresholdFreeBytes="232390"  remainingFree="171008" tenureFreeBytes="256128" nurseryFreeBytes="171008" />
</concurrent-kickoff>
<exclusive-start id="1284" timestamp="2019-06-17T06:04:05.786" intervalms="21.954">
  <response-info timems="1.541" idlems="0.779" threads="1" lastid="000000000267D500" lastname="Thread-7" />
</exclusive-start>
<cycle-start id="1285" type="global" contextid="0" timestamp="2019-06-17T06:04:05.786" intervalms="130.858" />
<exclusive-end id="1286" timestamp="2019-06-17T06:04:05.786" durationms="0.122" />

<exclusive-start id="1287" timestamp="2019-06-17T06:04:05.787" intervalms="0.536">
  <response-info timems="0.024" idlems="0.024" threads="0" lastid="0000000002681100" lastname="Thread-9" />
</exclusive-start>
<af-start id="1288" threadId="0000000002681A88" totalBytesRequested="40" timestamp="2019-06-17T06:04:05.787" intervalms="22.476" type="nursery" />
<cycle-start id="1289" type="scavenge" contextid="0" timestamp="2019-06-17T06:04:05.787" intervalms="22.482" />
<gc-start id="1290" type="scavenge" contextid="1289" timestamp="2019-06-17T06:04:05.787">
  <mem-info id="1291" free="256128" total="26607616" percent="0">
    <mem type="nursery" free="0" total="21364736" percent="0">
      <mem type="allocate" free="0" total="19202048" percent="0" />
      <mem type="survivor" free="0" total="2162688" percent="0" />
    </mem>
    <mem type="tenure" free="256128" total="5242880" percent="4">
      <mem type="soa" free="6272" total="4980736" percent="0" />
      <mem type="loa" free="249856" total="262144" percent="95" />
    </mem>
    <remembered-set count="5242" />
  </mem-info>
</gc-start>
<allocation-stats totalBytes="19043032" >
  <allocated-bytes non-tlh="40" tlh="19042992" />
  <largest-consumer threadName="Thread-10" threadId="0000000002675D00" bytes="5864880" />
</allocation-stats>
<gc-op id="1292" type="scavenge" timems="1.559" contextid="1289" timestamp="2019-06-17T06:04:05.789">
  <scavenger-info tenureage="3" tenuremask="ffe8" tiltratio="89" />
  <memory-copied type="nursery" objects="3903" bytes="95376" bytesdiscarded="61296" />
  <memory-copied type="tenure" objects="1573" bytes="37752" bytesdiscarded="8" />
  <heap-resize type="expand" space="tenure" amount="65536" count="1" timems="0.016" reason="continue current collection" />
</gc-op>
<gc-end id="1293" type="scavenge" contextid="1289" durationms="1.764" usertimems="4.000" systemtimems="0.000" timestamp="2019-06-17T06:04:05.789" activeThreads="4">
  <mem-info id="1294" free="19321600" total="26673152" percent="72">
    <mem type="nursery" free="19045376" total="21364736" percent="89">
      <mem type="allocate" free="19045376" total="19202048" percent="99" />
      <mem type="survivor" free="0" total="2162688" percent="0" />
    </mem>
    <mem type="tenure" free="276224" total="5308416" percent="5">
      <mem type="soa" free="23296" total="5043200" percent="0" />
      <mem type="loa" free="252928" total="265216" percent="95" />
    </mem>
    <remembered-set count="3669" />
  </mem-info>
</gc-end>
<cycle-end id="1295" type="scavenge" contextid="1289" timestamp="2019-06-17T06:04:05.789" />
  <attribute name="elasticGC enabled" value="1" />
  <attribute name= "numThreadsSpecified" value="4" />
  <attribute name="heapSize specified" value="26869760" />
  <attribute name="Current GC Util" value="14" />
  <attribute name= "Current Time Running" value="1417" />
  <attribute name ="GC Interval" value="200" />
  <attribute name="ProportionalT" value="-6.000000" />
  <attribute name="ProportionalI" value="-6.000000" />
  <attribute name="ProportionalH" value="-6.000000" />
  <attribute name="Current Error" value="-6.000000" />
  <attribute name="IntegralT" value="-138.000000" />
  <attribute name="IntegralI" value="-138.000000" />
  <attribute name="IntegralH" value="-138.000000" />
  <attribute name="DerivativeT" value="-0.260870" />
  <attribute name="DerivativeI" value="-0.260870" />
  <attribute name="DerivativeH" value="-0.260870" />
  <attribute name="Loop Time for DT" value="23.000000" />
  <attribute name="Output H" value="2092630016"/>
  <attribute name="Output I" value="200"/>
  <attribute name="Output T" value="4"/>
  <attribute name="Target GC Util Change" value ="20.000000" />
  <attribute name="Current GC Util Change" value="14.000000"/>
  <attribute name="GC Util currently" value="14" />
  <attribute name="CPU Util currently" value="204986553534" />
<allocation-satisfied id="1296" threadId="0000000002681100" bytesRequested="40" />
<af-end id="1297" timestamp="2019-06-17T06:04:05.789" threadId="0000000002681A88" success="true" from="nursery"/>
<exclusive-end id="1298" timestamp="2019-06-17T06:04:05.789" durationms="2.232" />

<exclusive-start id="1299" timestamp="2019-06-17T06:04:05.817" intervalms="29.884">
  <response-info timems="1.182" idlems="0.619" threads="2" lastid="0000000002681100" lastname="Thread-9" />
</exclusive-start>
<concurrent-collection-start id="1300" timestamp="2019-06-17T06:04:05.817" intervalms="140.586" >
  <concurrent-trace-info reason="card cleaning threshold reached" tracedByMutators="1201092" tracedByHelpers="1417740" cardsCleaned="370" workStackOverflowCount="0" />
</concurrent-collection-start>
<gc-start id="1301" type="global" contextid="1285" timestamp="2019-06-17T06:04:05.817">
  <mem-info id="1302" free="276224" total="26673152" percent="1">
    <mem type="nursery" free="0" total="21364736" percent="0">
      <mem type="allocate" free="0" total="19202048" percent="0" />
      <mem type="survivor" free="0" total="2162688" percent="0" />
    </mem>
    <mem type="tenure" free="276224" total="5308416" percent="5">
      <mem type="soa" free="23296" total="5043200" percent="0" />
      <mem type="loa" free="252928" total="265216" percent="95" />
    </mem>
    <remembered-set count="4995" />
  </mem-info>
</gc-start>
<allocation-stats totalBytes="19042952" >
  <allocated-bytes non-tlh="40" tlh="19042912" />
  <largest-consumer threadName="Thread-10" threadId="0000000002675D00" bytes="6821896" />
</allocation-stats>
<gc-op id="1303" type="rs-scan" timems="0.901" contextid="1285" timestamp="2019-06-17T06:04:05.818">
  <scan objectsFound="4952" bytesTraced="448640" workStackOverflowCount="0" />
</gc-op>
<gc-op id="1304" type="card-cleaning" timems="0.404" contextid="1285" timestamp="2019-06-17T06:04:05.818">
  <card-cleaning cardsCleaned="4" bytesTraced="3184" workStackOverflowCount="0" />
</gc-op>
<gc-op id="1305" type="mark" timems="1.159" contextid="1285" timestamp="2019-06-17T06:04:05.820">
  <trace-info objectcount="558" scancount="526" scanbytes="14424" />
  <finalization candidates="124" enqueued="0" />
  <ownableSynchronizers candidates="3" cleared="0" />
  <references type="soft" candidates="148" cleared="0" enqueued="0" dynamicThreshold="8" maxThreshold="32" />
  <references type="weak" candidates="693" cleared="0" enqueued="0" />
  <references type="phantom" candidates="37" cleared="0" enqueued="0" />
  <stringconstants candidates="4597" cleared="0"  />
</gc-op>
<gc-op id="1306" type="sweep" timems="0.743" contextid="1285" timestamp="2019-06-17T06:04:05.820" />
<mem-info id="1307" free="19919280" total="26673152" percent="74">
  <mem type="nursery" free="19024720" total="21364736" percent="89">
    <mem type="allocate" free="19024720" total="19202048" percent="99" />
    <mem type="survivor" free="0" total="2162688" percent="0" />
  </mem>
  <mem type="tenure" free="894560" total="5308416" percent="16" micro-fragmented="0" macro-fragmented="0">
    <mem type="soa" free="629344" total="5043200" percent="12" />
    <mem type="loa" free="265216" total="265216" percent="100" />
  </mem>
  <remembered-set count="4995" />
</mem-info>
<gc-op id="1308" type="compact" timems="6.987" contextid="1285" timestamp="2019-06-17T06:04:05.828">
  <compact-info movecount="31759" movebytes="1313008" reason="compact to aid heap contraction" />
</gc-op>
<heap-resize id="1309" type="contract" space="tenure" amount="262144" count="1" timems="0.089" reason="heap reconfiguration" timestamp="2019-06-17T06:04:05.828" />
<gc-end id="1310" type="global" contextid="1285" durationms="11.354" usertimems="28.000" systemtimems="0.000" timestamp="2019-06-17T06:04:05.828" activeThreads="4">
  <mem-info id="1311" free="19715008" total="26411008" percent="74">
    <mem type="nursery" free="19077616" total="21364736" percent="89">
      <mem type="allocate" free="19077616" total="19202048" percent="99" />
      <mem type="survivor" free="0" total="2162688" percent="0" />
    </mem>
    <mem type="tenure" free="637392" total="5046272" percent="12">
      <mem type="soa" free="388560" total="4794368" percent="8" />
      <mem type="loa" free="248832" total="251904" percent="98" />
    </mem>
    <remembered-set count="4995" />
  </mem-info>
</gc-end>
<cycle-end id="1312" type="global" contextid="1285" timestamp="2019-06-17T06:04:05.828" />
  <attribute name="elasticGC enabled" value="1" />
  <attribute name= "numThreadsSpecified" value="4" />
  <attribute name="heapSize specified" value="26673152" />
  <attribute name="Current GC Util" value="69" />
  <attribute name= "Current Time Running" value="1457" />
  <attribute name ="GC Interval" value="200" />
  <attribute name="ProportionalT" value="49.000000" />
  <attribute name="ProportionalI" value="49.000000" />
  <attribute name="ProportionalH" value="49.000000" />
  <attribute name="Current Error" value="49.000000" />
  <attribute name="IntegralT" value="343.000000" />
  <attribute name="IntegralI" value="343.000000" />
  <attribute name="IntegralH" value="343.000000" />
  <attribute name="DerivativeT" value="-23.428571" />
  <attribute name="DerivativeI" value="-23.428571" />
  <attribute name="DerivativeH" value="-23.428571" />
  <attribute name="Loop Time for DT" value="7.000000" />
  <attribute name="Output H" value="8388608"/>
  <attribute name="Output I" value="368"/>
  <attribute name="Output T" value="4"/>
  <attribute name="Target GC Util Change" value ="20.000000" />
  <attribute name="Current GC Util Change" value="69.000000"/>
  <attribute name="GC Util currently" value="69" />
  <attribute name="CPU Util currently" value="646302094700" />
<concurrent-collection-end id="1313" timestamp="2019-06-17T06:04:05.828" />
<exclusive-end id="1314" timestamp="2019-06-17T06:04:05.828" durationms="11.846" />

<exclusive-start id="1315" timestamp="2019-06-17T06:04:05.857" intervalms="40.059">
  <response-info timems="0.037" idlems="0.037" threads="0" lastid="000000000267D500" lastname="Thread-7" />
</exclusive-start>
<af-start id="1316" threadId="000000000267DE88" totalBytesRequested="24" timestamp="2019-06-17T06:04:05.857" intervalms="69.974" type="nursery" />
<cycle-start id="1317" type="scavenge" contextid="0" timestamp="2019-06-17T06:04:05.857" intervalms="69.985" />
<gc-start id="1318" type="scavenge" contextid="1317" timestamp="2019-06-17T06:04:05.857">
  <mem-info id="1319" free="637392" total="26411008" percent="2">
    <mem type="nursery" free="0" total="21364736" percent="0">
      <mem type="allocate" free="0" total="19202048" percent="0" />
      <mem type="survivor" free="0" total="2162688" percent="0" />
    </mem>
    <mem type="tenure" free="637392" total="5046272" percent="12">
      <mem type="soa" free="388560" total="4794368" percent="8" />
      <mem type="loa" free="248832" total="251904" percent="98" />
    </mem>
    <remembered-set count="6482" />
  </mem-info>
</gc-start>
<allocation-stats totalBytes="19075416" >
  <allocated-bytes non-tlh="0" tlh="19075416" />
  <largest-consumer threadName="Thread-7" threadId="000000000267D500" bytes="7640832" />
</allocation-stats>
<gc-op id="1320" type="scavenge" timems="1.018" contextid="1317" timestamp="2019-06-17T06:04:05.858">
  <scavenger-info tenureage="3" tenuremask="ffe8" tiltratio="89" />
  <memory-copied type="nursery" objects="5480" bytes="132712" bytesdiscarded="155288" />
  <memory-copied type="tenure" objects="1113" bytes="26712" bytesdiscarded="0" />
  <ownableSynchronizers candidates="6" cleared="6" />
</gc-op>
<gc-end id="1321" type="scavenge" contextid="1317" durationms="1.223" usertimems="0.000" systemtimems="0.000" timestamp="2019-06-17T06:04:05.858" activeThreads="4">
  <mem-info id="1322" free="19473104" total="26411008" percent="73">
    <mem type="nursery" free="18914048" total="21364736" percent="88">
      <mem type="allocate" free="18914048" total="19202048" percent="98" />
      <mem type="survivor" free="0" total="2162688" percent="0" />
    </mem>
    <mem type="tenure" free="559056" total="5046272" percent="11">
      <mem type="soa" free="310224" total="4794368" percent="6" />
      <mem type="loa" free="248832" total="251904" percent="98" />
    </mem>
    <remembered-set count="5369" />
  </mem-info>
</gc-end>
<cycle-end id="1323" type="scavenge" contextid="1317" timestamp="2019-06-17T06:04:05.858" />
  <attribute name="elasticGC enabled" value="1" />
  <attribute name= "numThreadsSpecified" value="4" />
  <attribute name="heapSize specified" value="26673152" />
  <attribute name="Current GC Util" value="26" />
  <attribute name= "Current Time Running" value="1487" />
  <attribute name ="GC Interval" value="200" />
  <attribute name="ProportionalT" value="6.000000" />
  <attribute name="ProportionalI" value="6.000000" />
  <attribute name="ProportionalH" value="6.000000" />
  <attribute name="Current Error" value="6.000000" />
  <attribute name="IntegralT" value="180.000000" />
  <attribute name="IntegralI" value="180.000000" />
  <attribute name="IntegralH" value="180.000000" />
  <attribute name="DerivativeT" value="-1.433333" />
  <attribute name="DerivativeI" value="-1.433333" />
  <attribute name="DerivativeH" value="-1.433333" />
  <attribute name="Loop Time for DT" value="30.000000" />
  <attribute name="Output H" value="8388608"/>
  <attribute name="Output I" value="200"/>
  <attribute name="Output T" value="4"/>
  <attribute name="Target GC Util Change" value ="20.000000" />
  <attribute name="Current GC Util Change" value="26.000000"/>
  <attribute name="GC Util currently" value="26" />
  <attribute name="CPU Util currently" value="157368191117" />
<allocation-satisfied id="1324" threadId="000000000267D500" bytesRequested="24" />
<af-end id="1325" timestamp="2019-06-17T06:04:05.858" threadId="000000000267DE88" success="true" from="nursery"/>
<exclusive-end id="1326" timestamp="2019-06-17T06:04:05.858" durationms="1.799" />

<exclusive-start id="1327" timestamp="2019-06-17T06:04:05.885" intervalms="28.404">
  <response-info timems="0.049" idlems="0.049" threads="0" lastid="0000000002675D00" lastname="Thread-10" />
</exclusive-start>
<af-start id="1328" threadId="0000000002676688" totalBytesRequested="40" timestamp="2019-06-17T06:04:05.885" intervalms="28.433" type="nursery" />
<cycle-start id="1329" type="scavenge" contextid="0" timestamp="2019-06-17T06:04:05.885" intervalms="28.457" />
<gc-start id="1330" type="scavenge" contextid="1329" timestamp="2019-06-17T06:04:05.885">
  <mem-info id="1331" free="559056" total="26411008" percent="2">
    <mem type="nursery" free="0" total="21364736" percent="0">
      <mem type="allocate" free="0" total="19202048" percent="0" />
      <mem type="survivor" free="0" total="2162688" percent="0" />
    </mem>
    <mem type="tenure" free="559056" total="5046272" percent="11">
      <mem type="soa" free="310224" total="4794368" percent="6" />
      <mem type="loa" free="248832" total="251904" percent="98" />
    </mem>
    <remembered-set count="6453" />
  </mem-info>
</gc-start>
<allocation-stats totalBytes="18911736" >
  <allocated-bytes non-tlh="24" tlh="18911712" />
  <largest-consumer threadName="Thread-7" threadId="000000000267D500" bytes="7568544" />
</allocation-stats>
<gc-op id="1332" type="scavenge" timems="1.536" contextid="1329" timestamp="2019-06-17T06:04:05.887">
  <scavenger-info tenureage="3" tenuremask="ffe8" tiltratio="89" />
  <memory-copied type="nursery" objects="5569" bytes="134792" bytesdiscarded="192376" />
  <memory-copied type="tenure" objects="1001" bytes="24024" bytesdiscarded="0" />
</gc-op>
<gc-end id="1333" type="scavenge" contextid="1329" durationms="1.900" usertimems="0.000" systemtimems="0.000" timestamp="2019-06-17T06:04:05.887" activeThreads="4">
  <mem-info id="1334" free="19355600" total="26411008" percent="73">
    <mem type="nursery" free="18874880" total="21364736" percent="88">
      <mem type="allocate" free="18874880" total="19202048" percent="98" />
      <mem type="survivor" free="0" total="2162688" percent="0" />
    </mem>
    <mem type="tenure" free="480720" total="5046272" percent="9">
      <mem type="soa" free="231888" total="4794368" percent="4" />
      <mem type="loa" free="248832" total="251904" percent="98" />
    </mem>
    <remembered-set count="5452" />
  </mem-info>
</gc-end>
<cycle-end id="1335" type="scavenge" contextid="1329" timestamp="2019-06-17T06:04:05.887" />
  <attribute name="elasticGC enabled" value="1" />
  <attribute name= "numThreadsSpecified" value="4" />
  <attribute name="heapSize specified" value="26673152" />
  <attribute name="Current GC Util" value="8" />
  <attribute name= "Current Time Running" value="1515" />
  <attribute name ="GC Interval" value="200" />
  <attribute name="ProportionalT" value="-12.000000" />
  <attribute name="ProportionalI" value="-12.000000" />
  <attribute name="ProportionalH" value="-12.000000" />
  <attribute name="Current Error" value="-12.000000" />
  <attribute name="IntegralT" value="-336.000000" />
  <attribute name="IntegralI" value="-336.000000" />
  <attribute name="IntegralH" value="-336.000000" />
  <attribute name="DerivativeT" value="-0.642857" />
  <attribute name="DerivativeI" value="-0.642857" />
  <attribute name="DerivativeH" value="-0.642857" />
  <attribute name="Loop Time for DT" value="28.000000" />
  <attribute name="Output H" value="2092630016"/>
  <attribute name="Output I" value="200"/>
  <attribute name="Output T" value="4"/>
  <attribute name="Target GC Util Change" value ="20.000000" />
  <attribute name="Current GC Util Change" value="8.000000"/>
  <attribute name="GC Util currently" value="8" />
  <attribute name="CPU Util currently" value="161169494070" />
<allocation-satisfied id="1336" threadId="0000000002675D00" bytesRequested="40" />
<af-end id="1337" timestamp="2019-06-17T06:04:05.888" threadId="0000000002676688" success="true" from="nursery"/>
<exclusive-end id="1338" timestamp="2019-06-17T06:04:05.888" durationms="2.613" />

<concurrent-kickoff id="1339" timestamp="2019-06-17T06:04:05.905">
  <kickoff reason="threshold reached" targetBytes="1748295" thresholdFreeBytes="247215"  remainingFree="229848" tenureFreeBytes="480720" nurseryFreeBytes="229848" />
</concurrent-kickoff>
<exclusive-start id="1340" timestamp="2019-06-17T06:04:05.905" intervalms="20.451">
  <response-info timems="0.035" idlems="0.035" threads="0" lastid="0000000002681100" lastname="Thread-9" />
</exclusive-start>
<cycle-start id="1341" type="global" contextid="0" timestamp="2019-06-17T06:04:05.906" intervalms="119.347" />
<exclusive-end id="1342" timestamp="2019-06-17T06:04:05.906" durationms="0.131" />

<exclusive-start id="1343" timestamp="2019-06-17T06:04:05.906" intervalms="0.404">
  <response-info timems="0.019" idlems="0.019" threads="0" lastid="0000000002681100" lastname="Thread-9" />
</exclusive-start>
<af-start id="1344" threadId="0000000002681A88" totalBytesRequested="40" timestamp="2019-06-17T06:04:05.906" intervalms="20.781" type="nursery" />
<cycle-start id="1345" type="scavenge" contextid="0" timestamp="2019-06-17T06:04:05.906" intervalms="20.735" />
<gc-start id="1346" type="scavenge" contextid="1345" timestamp="2019-06-17T06:04:05.906">
  <mem-info id="1347" free="480720" total="26411008" percent="1">
    <mem type="nursery" free="0" total="21364736" percent="0">
      <mem type="allocate" free="0" total="19202048" percent="0" />
      <mem type="survivor" free="0" total="2162688" percent="0" />
    </mem>
    <mem type="tenure" free="480720" total="5046272" percent="9">
      <mem type="soa" free="231888" total="4794368" percent="4" />
      <mem type="loa" free="248832" total="251904" percent="98" />
    </mem>
    <remembered-set count="6713" />
  </mem-info>
</gc-start>
<allocation-stats totalBytes="18872744" >
  <allocated-bytes non-tlh="40" tlh="18872704" />
  <largest-consumer threadName="Thread-10" threadId="0000000002675D00" bytes="6782176" />
</allocation-stats>
<gc-op id="1348" type="scavenge" timems="0.423" contextid="1345" timestamp="2019-06-17T06:04:05.907">
  <scavenger-info tenureage="3" tenuremask="ffe8" tiltratio="89" />
  <memory-copied type="nursery" objects="5474" bytes="133000" bytesdiscarded="247160" />
  <memory-copied type="tenure" objects="1462" bytes="35088" bytesdiscarded="0" />
</gc-op>
<gc-end id="1349" type="scavenge" contextid="1345" durationms="0.612" usertimems="0.000" systemtimems="0.000" timestamp="2019-06-17T06:04:05.907" activeThreads="4">
  <mem-info id="1350" free="19132112" total="26411008" percent="72">
    <mem type="nursery" free="18821888" total="21364736" percent="88">
      <mem type="allocate" free="18821888" total="19202048" percent="98" />
      <mem type="survivor" free="0" total="2162688" percent="0" />
    </mem>
    <mem type="tenure" free="310224" total="5046272" percent="6">
      <mem type="soa" free="61392" total="4794368" percent="1" />
      <mem type="loa" free="248832" total="251904" percent="98" />
    </mem>
    <remembered-set count="5251" />
  </mem-info>
</gc-end>
<cycle-end id="1351" type="scavenge" contextid="1345" timestamp="2019-06-17T06:04:05.907" />
  <attribute name="elasticGC enabled" value="1" />
  <attribute name= "numThreadsSpecified" value="4" />
  <attribute name="heapSize specified" value="26673152" />
  <attribute name="Current GC Util" value="15" />
  <attribute name= "Current Time Running" value="1536" />
  <attribute name ="GC Interval" value="200" />
  <attribute name="ProportionalT" value="-5.000000" />
  <attribute name="ProportionalI" value="-5.000000" />
  <attribute name="ProportionalH" value="-5.000000" />
  <attribute name="Current Error" value="-5.000000" />
  <attribute name="IntegralT" value="-105.000000" />
  <attribute name="IntegralI" value="-105.000000" />
  <attribute name="IntegralH" value="-105.000000" />
  <attribute name="DerivativeT" value="-0.238095" />
  <attribute name="DerivativeI" value="-0.238095" />
  <attribute name="DerivativeH" value="-0.238095" />
  <attribute name="Loop Time for DT" value="21.000000" />
  <attribute name="Output H" value="2092630016"/>
  <attribute name="Output I" value="200"/>
  <attribute name="Output T" value="4"/>
  <attribute name="Target GC Util Change" value ="20.000000" />
  <attribute name="Current GC Util Change" value="15.000000"/>
  <attribute name="GC Util currently" value="15" />
  <attribute name="CPU Util currently" value="224339071019" />
<allocation-satisfied id="1352" threadId="0000000002681100" bytesRequested="40" />
<af-end id="1353" timestamp="2019-06-17T06:04:05.907" threadId="0000000002681A88" success="true" from="nursery"/>
<exclusive-end id="1354" timestamp="2019-06-17T06:04:05.907" durationms="1.040" />

<exclusive-start id="1355" timestamp="2019-06-17T06:04:05.920" intervalms="14.403">
  <response-info timems="0.023" idlems="0.023" threads="0" lastid="000000000267D500" lastname="Thread-7" />
</exclusive-start>
<af-start id="1356" threadId="000000000267DE88" totalBytesRequested="40" timestamp="2019-06-17T06:04:05.920" intervalms="14.447" type="nursery" />
<percolate-collect id="1357" from="nursery" to="global" reason="concurrent mark exhausted" timestamp="2019-06-17T06:04:05.920"/>
<gc-start id="1358" type="global" contextid="1341" timestamp="2019-06-17T06:04:05.921">
  <mem-info id="1359" free="310224" total="26411008" percent="1">
    <mem type="nursery" free="0" total="21364736" percent="0">
      <mem type="allocate" free="0" total="19202048" percent="0" />
      <mem type="survivor" free="0" total="2162688" percent="0" />
    </mem>
    <mem type="tenure" free="310224" total="5046272" percent="6">
      <mem type="soa" free="61392" total="4794368" percent="1" />
      <mem type="loa" free="248832" total="251904" percent="98" />
    </mem>
    <remembered-set count="6390" />
  </mem-info>
</gc-start>
<allocation-stats totalBytes="18819544" >
  <allocated-bytes non-tlh="40" tlh="18819504" />
  <largest-consumer threadName="Thread-7" threadId="000000000267D500" bytes="6437912" />
</allocation-stats>
<concurrent-halted id="1360" timestamp="2019-06-17T06:04:05.921">
  <halted state="Complete" status="exhausted" />
  <traced bytesTarget="1748295" bytesTotal="2605788" bytesByMutator="1504800" bytesByHelper="1100988" percent="149" />
  <cards cleaned="365" thresholdBytes="97387" />
</concurrent-halted>
<gc-op id="1361" type="rs-scan" timems="0.685" contextid="1341" timestamp="2019-06-17T06:04:05.921">
  <scan objectsFound="6352" bytesTraced="572272" workStackOverflowCount="0" />
</gc-op>
<gc-op id="1362" type="card-cleaning" timems="0.410" contextid="1341" timestamp="2019-06-17T06:04:05.922">
  <card-cleaning cardsCleaned="4" bytesTraced="4856" workStackOverflowCount="0" />
</gc-op>
<gc-op id="1363" type="mark" timems="1.143" contextid="1341" timestamp="2019-06-17T06:04:05.923">
  <trace-info objectcount="6566" scancount="6534" scanbytes="296756" />
  <finalization candidates="124" enqueued="0" />
  <ownableSynchronizers candidates="3" cleared="0" />
  <references type="soft" candidates="148" cleared="64" enqueued="58" dynamicThreshold="4" maxThreshold="32" />
  <references type="weak" candidates="693" cleared="0" enqueued="0" />
  <references type="phantom" candidates="37" cleared="0" enqueued="0" />
  <stringconstants candidates="4597" cleared="0"  />
</gc-op>
<gc-op id="1364" type="sweep" timems="0.841" contextid="1341" timestamp="2019-06-17T06:04:05.924" />
<mem-info id="1365" free="19409960" total="26411008" percent="73">
  <mem type="nursery" free="18697240" total="21364736" percent="87">
    <mem type="allocate" free="18697240" total="19202048" percent="97" />
    <mem type="survivor" free="0" total="2162688" percent="0" />
  </mem>
  <mem type="tenure" free="712720" total="5046272" percent="14" micro-fragmented="7424" macro-fragmented="0">
    <mem type="soa" free="460816" total="4794368" percent="9" />
    <mem type="loa" free="251904" total="251904" percent="100" />
  </mem>
  <pending-finalizers system="0" default="0" reference="58" classloader="0" />
  <remembered-set count="6390" />
</mem-info>
<gc-op id="1366" type="compact" timems="14.218" contextid="1341" timestamp="2019-06-17T06:04:05.938">
  <compact-info movecount="77417" movebytes="4476072" reason="compact to aid heap contraction" />
</gc-op>
<heap-resize id="1367" type="contract" space="tenure" amount="196608" count="1" timems="0.087" reason="heap reconfiguration" timestamp="2019-06-17T06:04:05.939" />
<gc-end id="1368" type="global" contextid="1341" durationms="18.358" usertimems="24.000" systemtimems="4.000" timestamp="2019-06-17T06:04:05.939" activeThreads="4">
  <mem-info id="1369" free="19205856" total="26214400" percent="73">
    <mem type="nursery" free="18737888" total="21364736" percent="87">
      <mem type="allocate" free="18737888" total="19202048" percent="97" />
      <mem type="survivor" free="0" total="2162688" percent="0" />
    </mem>
    <mem type="tenure" free="467968" total="4849664" percent="9">
      <mem type="soa" free="281600" total="4608000" percent="6" />
      <mem type="loa" free="186368" total="241664" percent="77" />
    </mem>
    <pending-finalizers system="0" default="0" reference="58" classloader="0" />
    <remembered-set count="6390" />
  </mem-info>
</gc-end>
<cycle-end id="1370" type="global" contextid="1341" timestamp="2019-06-17T06:04:05.939" />
  <attribute name="elasticGC enabled" value="1" />
  <attribute name= "numThreadsSpecified" value="4" />
  <attribute name="heapSize specified" value="26411008" />
  <attribute name="Current GC Util" value="49" />
  <attribute name= "Current Time Running" value="1568" />
  <attribute name ="GC Interval" value="200" />
  <attribute name="ProportionalT" value="29.000000" />
  <attribute name="ProportionalI" value="29.000000" />
  <attribute name="ProportionalH" value="29.000000" />
  <attribute name="Current Error" value="29.000000" />
  <attribute name="IntegralT" value="406.000000" />
  <attribute name="IntegralI" value="406.000000" />
  <attribute name="IntegralH" value="406.000000" />
  <attribute name="DerivativeT" value="-8.785714" />
  <attribute name="DerivativeI" value="-8.785714" />
  <attribute name="DerivativeH" value="-8.785714" />
  <attribute name="Loop Time for DT" value="14.000000" />
  <attribute name="Output H" value="8388608"/>
  <attribute name="Output I" value="432"/>
  <attribute name="Output T" value="4"/>
  <attribute name="Target GC Util Change" value ="20.000000" />
  <attribute name="Current GC Util Change" value="49.000000"/>
  <attribute name="GC Util currently" value="49" />
  <attribute name="CPU Util currently" value="321415792934" />
<allocation-satisfied id="1371" threadId="000000000267D500" bytesRequested="40" />
<af-end id="1372" timestamp="2019-06-17T06:04:05.939" threadId="000000000267DE88" success="true" from="nursery"/>
<exclusive-end id="1373" timestamp="2019-06-17T06:04:05.939" durationms="18.955" />

<exclusive-start id="1374" timestamp="2019-06-17T06:04:05.947" intervalms="26.737">
  <response-info timems="0.024" idlems="0.024" threads="0" lastid="0000000002675D00" lastname="Thread-10" />
</exclusive-start>
<af-start id="1375" threadId="0000000002676688" totalBytesRequested="24" timestamp="2019-06-17T06:04:05.947" intervalms="26.713" type="nursery" />
<cycle-start id="1376" type="scavenge" contextid="0" timestamp="2019-06-17T06:04:05.947" intervalms="41.169" />
<gc-start id="1377" type="scavenge" contextid="1376" timestamp="2019-06-17T06:04:05.947">
  <mem-info id="1378" free="467968" total="26214400" percent="1">
    <mem type="nursery" free="0" total="21364736" percent="0">
      <mem type="allocate" free="0" total="19202048" percent="0" />
      <mem type="survivor" free="0" total="2162688" percent="0" />
    </mem>
    <mem type="tenure" free="467968" total="4849664" percent="9">
      <mem type="soa" free="281600" total="4608000" percent="6" />
      <mem type="loa" free="186368" total="241664" percent="77" />
    </mem>
    <remembered-set count="6683" />
  </mem-info>
</gc-start>
<allocation-stats totalBytes="18735616" >
  <allocated-bytes non-tlh="40" tlh="18735576" />
  <largest-consumer threadName="Thread-9" threadId="0000000002681100" bytes="5340432" />
</allocation-stats>
<gc-op id="1379" type="scavenge" timems="1.963" contextid="1376" timestamp="2019-06-17T06:04:05.949">
  <scavenger-info tenureage="3" tenuremask="ffe8" tiltratio="89" />
  <memory-copied type="nursery" objects="31608" bytes="1311104" bytesdiscarded="98296" />
  <memory-copied type="tenure" objects="2793" bytes="67032" bytesdiscarded="0" />
  <ownableSynchronizers candidates="6" cleared="6" />
</gc-op>
<gc-end id="1380" type="scavenge" contextid="1376" durationms="2.176" usertimems="8.000" systemtimems="0.000" timestamp="2019-06-17T06:04:05.949" activeThreads="4">
  <mem-info id="1381" free="17911432" total="26214400" percent="68">
    <mem type="nursery" free="17661576" total="21364736" percent="82">
      <mem type="allocate" free="17661576" total="19070976" percent="92" />
      <mem type="survivor" free="0" total="2293760" percent="0" />
    </mem>
    <mem type="tenure" free="249856" total="4849664" percent="5">
      <mem type="soa" free="63488" total="4608000" percent="1" />
      <mem type="loa" free="186368" total="241664" percent="77" />
    </mem>
    <remembered-set count="3890" />
  </mem-info>
</gc-end>
<cycle-end id="1382" type="scavenge" contextid="1376" timestamp="2019-06-17T06:04:05.949" />
  <attribute name="elasticGC enabled" value="1" />
  <attribute name= "numThreadsSpecified" value="4" />
  <attribute name="heapSize specified" value="26411008" />
  <attribute name="Current GC Util" value="289" />
  <attribute name= "Current Time Running" value="1577" />
  <attribute name ="GC Interval" value="2720" />
  <attribute name="ProportionalT" value="269.000000" />
  <attribute name="ProportionalI" value="269.000000" />
  <attribute name="ProportionalH" value="269.000000" />
  <attribute name="Current Error" value="269.000000" />
  <attribute name="IntegralT" value="2421.000000" />
  <attribute name="IntegralI" value="2421.000000" />
  <attribute name="IntegralH" value="2421.000000" />
  <attribute name="DerivativeT" value="26.666667" />
  <attribute name="DerivativeI" value="26.666667" />
  <attribute name="DerivativeH" value="26.666667" />
  <attribute name="Loop Time for DT" value="9.000000" />
  <attribute name="Output H" value="8388608"/>
  <attribute name="Output I" value="2720"/>
  <attribute name="Output T" value="4"/>
  <attribute name="Target GC Util Change" value ="20.000000" />
  <attribute name="Current GC Util Change" value="289.000000"/>
  <attribute name="GC Util currently" value="289" />
  <attribute name="CPU Util currently" value="516689062607" />
<allocation-satisfied id="1383" threadId="0000000002675D00" bytesRequested="24" />
<af-end id="1384" timestamp="2019-06-17T06:04:05.950" threadId="0000000002676688" success="true" from="nursery"/>
<exclusive-end id="1385" timestamp="2019-06-17T06:04:05.950" durationms="2.845" />

<concurrent-kickoff id="1386" timestamp="2019-06-17T06:04:05.957">
  <kickoff reason="threshold reached" targetBytes="1834167" thresholdFreeBytes="259042"  remainingFree="228976" tenureFreeBytes="249856" nurseryFreeBytes="228976" />
</concurrent-kickoff>
<exclusive-start id="1387" timestamp="2019-06-17T06:04:05.958" intervalms="10.641">
  <response-info timems="0.028" idlems="0.026" threads="1" lastid="000000000267D500" lastname="Thread-7" />
</exclusive-start>
<cycle-start id="1388" type="global" contextid="0" timestamp="2019-06-17T06:04:05.958" intervalms="52.219" />
<exclusive-end id="1389" timestamp="2019-06-17T06:04:05.958" durationms="0.228" />

<exclusive-start id="1390" timestamp="2019-06-17T06:04:05.958" intervalms="0.441">
  <response-info timems="0.019" idlems="0.019" threads="0" lastid="0000000002675D00" lastname="Thread-10" />
</exclusive-start>
<af-start id="1391" threadId="0000000002676688" totalBytesRequested="24" timestamp="2019-06-17T06:04:05.958" intervalms="11.071" type="nursery" />
<cycle-start id="1392" type="scavenge" contextid="0" timestamp="2019-06-17T06:04:05.958" intervalms="11.069" />
<gc-start id="1393" type="scavenge" contextid="1392" timestamp="2019-06-17T06:04:05.958">
  <mem-info id="1394" free="249856" total="26214400" percent="0">
    <mem type="nursery" free="0" total="21364736" percent="0">
      <mem type="allocate" free="0" total="19070976" percent="0" />
      <mem type="survivor" free="0" total="2293760" percent="0" />
    </mem>
    <mem type="tenure" free="249856" total="4849664" percent="5">
      <mem type="soa" free="63488" total="4608000" percent="1" />
      <mem type="loa" free="186368" total="241664" percent="77" />
    </mem>
    <remembered-set count="3890" />
  </mem-info>
</gc-start>
<allocation-stats totalBytes="17659304" >
  <allocated-bytes non-tlh="24" tlh="17659280" />
  <largest-consumer threadName="Thread-9" threadId="0000000002681100" bytes="5045176" />
</allocation-stats>
<gc-op id="1395" type="scavenge" timems="1.364" contextid="1392" timestamp="2019-06-17T06:04:05.960">
  <scavenger-info tenureage="3" tenuremask="ffe8" tiltratio="89" />
  <memory-copied type="nursery" objects="33935" bytes="1367000" bytesdiscarded="157960" />
  <memory-copied type="tenure" objects="1094" bytes="26256" bytesdiscarded="0" />
</gc-op>
<heap-resize id="1396" type="expand" space="nursery" amount="1310720" count="1" timems="0.020" reason="excessive time being spent scavenging" timestamp="2019-06-17T06:04:05.960" />
<gc-end id="1397" type="scavenge" contextid="1392" durationms="1.642" usertimems="0.000" systemtimems="4.000" timestamp="2019-06-17T06:04:05.960" activeThreads="4">
  <mem-info id="1398" free="19106592" total="27525120" percent="69">
    <mem type="nursery" free="18856736" total="22675456" percent="83">
      <mem type="allocate" free="18856736" total="20381696" percent="92" />
      <mem type="survivor" free="0" total="2293760" percent="0" />
    </mem>
    <mem type="tenure" free="249856" total="4849664" percent="5">
      <mem type="soa" free="63488" total="4608000" percent="1" />
      <mem type="loa" free="186368" total="241664" percent="77" />
    </mem>
    <remembered-set count="2792" />
  </mem-info>
</gc-end>
<cycle-end id="1399" type="scavenge" contextid="1392" timestamp="2019-06-17T06:04:05.960" />
  <attribute name="elasticGC enabled" value="1" />
  <attribute name= "numThreadsSpecified" value="4" />
  <attribute name="heapSize specified" value="26411008" />
  <attribute name="Current GC Util" value="43" />
  <attribute name= "Current Time Running" value="1588" />
  <attribute name ="GC Interval" value="256" />
  <attribute name="ProportionalT" value="23.000000" />
  <attribute name="ProportionalI" value="23.000000" />
  <attribute name="ProportionalH" value="23.000000" />
  <attribute name="Current Error" value="23.000000" />
  <attribute name="IntegralT" value="253.000000" />
  <attribute name="IntegralI" value="253.000000" />
  <attribute name="IntegralH" value="253.000000" />
  <attribute name="DerivativeT" value="-22.363636" />
  <attribute name="DerivativeI" value="-22.363636" />
  <attribute name="DerivativeH" value="-22.363636" />
  <attribute name="Loop Time for DT" value="11.000000" />
  <attribute name="Output H" value="8388608"/>
  <attribute name="Output I" value="256"/>
  <attribute name="Output T" value="4"/>
  <attribute name="Target GC Util Change" value ="20.000000" />
  <attribute name="Current GC Util Change" value="43.000000"/>
  <attribute name="GC Util currently" value="43" />
  <attribute name="CPU Util currently" value="416440553561" />
<allocation-satisfied id="1400" threadId="0000000002675D00" bytesRequested="24" />
<af-end id="1401" timestamp="2019-06-17T06:04:05.960" threadId="0000000002676688" success="true" from="nursery"/>
<exclusive-end id="1402" timestamp="2019-06-17T06:04:05.960" durationms="2.237" />

<exclusive-start id="1403" timestamp="2019-06-17T06:04:05.971" intervalms="12.575">
  <response-info timems="0.033" idlems="0.033" threads="0" lastid="0000000002679900" lastname="Thread-8" />
</exclusive-start>
<af-start id="1404" threadId="000000000267A288" totalBytesRequested="40" timestamp="2019-06-17T06:04:05.971" intervalms="12.582" type="nursery" />
<percolate-collect id="1405" from="nursery" to="global" reason="concurrent mark exhausted" timestamp="2019-06-17T06:04:05.971"/>
<gc-start id="1406" type="global" contextid="1388" timestamp="2019-06-17T06:04:05.971">
  <mem-info id="1407" free="249856" total="27525120" percent="0">
    <mem type="nursery" free="0" total="22675456" percent="0">
      <mem type="allocate" free="0" total="20381696" percent="0" />
      <mem type="survivor" free="0" total="2293760" percent="0" />
    </mem>
    <mem type="tenure" free="249856" total="4849664" percent="5">
      <mem type="soa" free="63488" total="4608000" percent="1" />
      <mem type="loa" free="186368" total="241664" percent="77" />
    </mem>
    <remembered-set count="2792" />
  </mem-info>
</gc-start>
<allocation-stats totalBytes="18854408" >
  <allocated-bytes non-tlh="24" tlh="18854384" />
  <largest-consumer threadName="Thread-9" threadId="0000000002681100" bytes="5322872" />
</allocation-stats>
<concurrent-halted id="1408" timestamp="2019-06-17T06:04:05.971">
  <halted state="Complete" status="exhausted" />
  <traced bytesTarget="1828960" bytesTotal="1107172" bytesByMutator="504348" bytesByHelper="602824" percent="60" />
  <cards cleaned="7" thresholdBytes="102046" />
</concurrent-halted>
<gc-op id="1409" type="rs-scan" timems="0.172" contextid="1388" timestamp="2019-06-17T06:04:05.971">
  <scan objectsFound="52" bytesTraced="4232" workStackOverflowCount="0" />
</gc-op>
<gc-op id="1410" type="card-cleaning" timems="0.096" contextid="1388" timestamp="2019-06-17T06:04:05.971">
  <card-cleaning cardsCleaned="4" bytesTraced="3864" workStackOverflowCount="0" />
</gc-op>
<gc-op id="1411" type="mark" timems="1.539" contextid="1388" timestamp="2019-06-17T06:04:05.973">
  <trace-info objectcount="29711" scancount="29679" scanbytes="1264112" />
  <finalization candidates="124" enqueued="0" />
  <ownableSynchronizers candidates="3" cleared="0" />
  <references type="soft" candidates="84" cleared="0" enqueued="0" dynamicThreshold="3" maxThreshold="32" />
  <references type="weak" candidates="693" cleared="0" enqueued="0" />
  <references type="phantom" candidates="37" cleared="0" enqueued="0" />
  <stringconstants candidates="4597" cleared="0"  />
</gc-op>
<gc-op id="1412" type="sweep" timems="0.321" contextid="1388" timestamp="2019-06-17T06:04:05.973" />
<mem-info id="1413" free="20936856" total="27525120" percent="76">
  <mem type="nursery" free="19106648" total="22675456" percent="84">
    <mem type="allocate" free="19106648" total="20381696" percent="93" />
    <mem type="survivor" free="0" total="2293760" percent="0" />
  </mem>
  <mem type="tenure" free="1830208" total="4849664" percent="37" micro-fragmented="7730" macro-fragmented="0">
    <mem type="soa" free="1588544" total="4608000" percent="34" />
    <mem type="loa" free="241664" total="241664" percent="100" />
  </mem>
  <remembered-set count="88" />
</mem-info>
<gc-op id="1414" type="compact" timems="11.439" contextid="1388" timestamp="2019-06-17T06:04:05.985">
  <compact-info movecount="63499" movebytes="4023472" reason="compact to aid heap contraction" />
</gc-op>
<heap-resize id="1415" type="expand" space="tenure" amount="2065104896" count="1" timems="0.022" reason="satisfy allocation request" timestamp="2019-06-17T06:04:05.985" />
<gc-end id="1416" type="global" contextid="1388" durationms="14.478" usertimems="12.000" systemtimems="0.000" timestamp="2019-06-17T06:04:05.985" activeThreads="4">
  <mem-info id="1417" free="2086069296" total="2092630016" percent="99">
    <mem type="nursery" free="19124480" total="22675456" percent="84">
      <mem type="allocate" free="19124480" total="20381696" percent="93" />
      <mem type="survivor" free="0" total="2293760" percent="0" />
    </mem>
    <mem type="tenure" free="2066944816" total="2069954560" percent="99">
      <mem type="soa" free="1963447088" total="1966456832" percent="99" />
      <mem type="loa" free="103497728" total="103497728" percent="100" />
    </mem>
    <remembered-set count="88" />
  </mem-info>
</gc-end>
<cycle-end id="1418" type="global" contextid="1388" timestamp="2019-06-17T06:04:05.985" />
  <attribute name="elasticGC enabled" value="1" />
  <attribute name= "numThreadsSpecified" value="4" />
  <attribute name="heapSize specified" value="27525120" />
  <attribute name="Current GC Util" value="0" />
  <attribute name= "Current Time Running" value="1615" />
  <attribute name ="GC Interval" value="256" />
  <attribute name="ProportionalT" value="-20.000000" />
  <attribute name="ProportionalI" value="-20.000000" />
  <attribute name="ProportionalH" value="-20.000000" />
  <attribute name="Current Error" value="-20.000000" />
  <attribute name="IntegralT" value="-240.000000" />
  <attribute name="IntegralI" value="-240.000000" />
  <attribute name="IntegralH" value="-240.000000" />
  <attribute name="DerivativeT" value="-4.083333" />
  <attribute name="DerivativeI" value="-4.083333" />
  <attribute name="DerivativeH" value="-4.083333" />
  <attribute name="Loop Time for DT" value="12.000000" />
  <attribute name="Output H" value="2092630016"/>
  <attribute name="Output I" value="200"/>
  <attribute name="Output T" value="4"/>
  <attribute name="Target GC Util Change" value ="20.000000" />
  <attribute name="Current GC Util Change" value="0.000000"/>
  <attribute name="GC Util currently" value="0" />
  <attribute name="CPU Util currently" value="399196671064" />
<allocation-satisfied id="1419" threadId="0000000002679900" bytesRequested="40" />
<af-end id="1420" timestamp="2019-06-17T06:04:05.986" threadId="000000000267A288" success="true" from="nursery"/>
<exclusive-end id="1421" timestamp="2019-06-17T06:04:05.986" durationms="15.119" />

<exclusive-start id="1422" timestamp="2019-06-17T06:04:05.994" intervalms="23.658">
  <response-info timems="0.031" idlems="0.031" threads="0" lastid="000000000267D500" lastname="Thread-7" />
</exclusive-start>
<af-start id="1423" threadId="000000000267DE88" totalBytesRequested="40" timestamp="2019-06-17T06:04:05.994" intervalms="23.659" type="nursery" />
<cycle-start id="1424" type="scavenge" contextid="0" timestamp="2019-06-17T06:04:05.995" intervalms="36.279" />
<gc-start id="1425" type="scavenge" contextid="1424" timestamp="2019-06-17T06:04:05.995">
  <mem-info id="1426" free="2066944816" total="2092630016" percent="98">
    <mem type="nursery" free="0" total="22675456" percent="0">
      <mem type="allocate" free="0" total="20381696" percent="0" />
      <mem type="survivor" free="0" total="2293760" percent="0" />
    </mem>
    <mem type="tenure" free="2066944816" total="2069954560" percent="99">
      <mem type="soa" free="1963447088" total="1966456832" percent="99" />
      <mem type="loa" free="103497728" total="103497728" percent="100" />
    </mem>
    <remembered-set count="88" />
  </mem-info>
</gc-start>
<allocation-stats totalBytes="19122008" >
  <allocated-bytes non-tlh="40" tlh="19121968" />
  <largest-consumer threadName="Thread-8" threadId="0000000002679900" bytes="5852552" />
</allocation-stats>
<gc-op id="1427" type="scavenge" timems="1.521" contextid="1424" timestamp="2019-06-17T06:04:05.996">
  <scavenger-info tenureage="2" tenuremask="ffec" tiltratio="89" />
  <memory-copied type="nursery" objects="9427" bytes="364976" bytesdiscarded="146512" />
  <memory-copied type="tenure" objects="17335" bytes="829656" bytesdiscarded="96" />
  <ownableSynchronizers candidates="6" cleared="6" />
</gc-op>
<gc-end id="1428" type="scavenge" contextid="1424" durationms="1.726" usertimems="4.000" systemtimems="0.000" timestamp="2019-06-17T06:04:05.996" activeThreads="4">
  <mem-info id="1429" free="2085851328" total="2092630016" percent="99">
    <mem type="nursery" free="19870208" total="22675456" percent="87">
      <mem type="allocate" free="19870208" total="20381696" percent="97" />
      <mem type="survivor" free="0" total="2293760" percent="0" />
    </mem>
    <mem type="tenure" free="2065981120" total="2069954560" percent="99">
      <mem type="soa" free="1962483392" total="1966456832" percent="99" />
      <mem type="loa" free="103497728" total="103497728" percent="100" />
    </mem>
    <remembered-set count="4310" />
  </mem-info>
</gc-end>
<cycle-end id="1430" type="scavenge" contextid="1424" timestamp="2019-06-17T06:04:05.996" />
  <attribute name="elasticGC enabled" value="1" />
  <attribute name= "numThreadsSpecified" value="4" />
  <attribute name="heapSize specified" value="27525120" />
  <attribute name="Current GC Util" value="286" />
  <attribute name= "Current Time Running" value="1624" />
  <attribute name ="GC Interval" value="2696" />
  <attribute name="ProportionalT" value="266.000000" />
  <attribute name="ProportionalI" value="266.000000" />
  <attribute name="ProportionalH" value="266.000000" />
  <attribute name="Current Error" value="266.000000" />
  <attribute name="IntegralT" value="2394.000000" />
  <attribute name="IntegralI" value="2394.000000" />
  <attribute name="IntegralH" value="2394.000000" />
  <attribute name="DerivativeT" value="29.555556" />
  <attribute name="DerivativeI" value="29.555556" />
  <attribute name="DerivativeH" value="29.555556" />
  <attribute name="Loop Time for DT" value="9.000000" />
  <attribute name="Output H" value="8388608"/>
  <attribute name="Output I" value="2696"/>
  <attribute name="Output T" value="4"/>
  <attribute name="Target GC Util Change" value ="20.000000" />
  <attribute name="Current GC Util Change" value="286.000000"/>
  <attribute name="GC Util currently" value="286" />
  <attribute name="CPU Util currently" value="478625658195" />
<allocation-satisfied id="1431" threadId="000000000267D500" bytesRequested="40" />
<af-end id="1432" timestamp="2019-06-17T06:04:05.997" threadId="000000000267DE88" success="true" from="nursery"/>
<exclusive-end id="1433" timestamp="2019-06-17T06:04:05.997" durationms="2.284" />

<exclusive-start id="1434" timestamp="2019-06-17T06:04:06.006" intervalms="11.385">
  <response-info timems="0.018" idlems="0.018" threads="0" lastid="000000000267D500" lastname="Thread-7" />
</exclusive-start>
<af-start id="1435" threadId="000000000267DE88" totalBytesRequested="40" timestamp="2019-06-17T06:04:06.006" intervalms="11.380" type="nursery" />
<cycle-start id="1436" type="scavenge" contextid="0" timestamp="2019-06-17T06:04:06.006" intervalms="11.339" />
<gc-start id="1437" type="scavenge" contextid="1436" timestamp="2019-06-17T06:04:06.006">
  <mem-info id="1438" free="2065981120" total="2092630016" percent="98">
    <mem type="nursery" free="0" total="22675456" percent="0">
      <mem type="allocate" free="0" total="20381696" percent="0" />
      <mem type="survivor" free="0" total="2293760" percent="0" />
    </mem>
    <mem type="tenure" free="2065981120" total="2069954560" percent="99">
      <mem type="soa" free="1962483392" total="1966456832" percent="99" />
      <mem type="loa" free="103497728" total="103497728" percent="100" />
    </mem>
    <remembered-set count="5843" />
  </mem-info>
</gc-start>
<allocation-stats totalBytes="19867640" >
  <allocated-bytes non-tlh="40" tlh="19867600" />
  <largest-consumer threadName="Thread-8" threadId="0000000002679900" bytes="5943168" />
</allocation-stats>
<gc-op id="1439" type="scavenge" timems="1.097" contextid="1436" timestamp="2019-06-17T06:04:06.007">
  <scavenger-info tenureage="5" tenuremask="ffe0" tiltratio="89" />
  <memory-copied type="nursery" objects="11227" bytes="407824" bytesdiscarded="221168" />
</gc-op>
<gc-end id="1440" type="scavenge" contextid="1436" durationms="1.292" usertimems="0.000" systemtimems="0.000" timestamp="2019-06-17T06:04:06.007" activeThreads="4">
  <mem-info id="1441" free="2085733824" total="2092630016" percent="99">
    <mem type="nursery" free="19752704" total="22675456" percent="87">
      <mem type="allocate" free="19752704" total="20381696" percent="96" />
      <mem type="survivor" free="0" total="2293760" percent="0" />
    </mem>
    <mem type="tenure" free="2065981120" total="2069954560" percent="99">
      <mem type="soa" free="1962483392" total="1966456832" percent="99" />
      <mem type="loa" free="103497728" total="103497728" percent="100" />
    </mem>
    <remembered-set count="5843" />
  </mem-info>
</gc-end>
<cycle-end id="1442" type="scavenge" contextid="1436" timestamp="2019-06-17T06:04:06.007" />
  <attribute name="elasticGC enabled" value="1" />
  <attribute name= "numThreadsSpecified" value="4" />
  <attribute name="heapSize specified" value="27525120" />
  <attribute name="Current GC Util" value="35" />
  <attribute name= "Current Time Running" value="1636" />
  <attribute name ="GC Interval" value="200" />
  <attribute name="ProportionalT" value="15.000000" />
  <attribute name="ProportionalI" value="15.000000" />
  <attribute name="ProportionalH" value="15.000000" />
  <attribute name="Current Error" value="15.000000" />
  <attribute name="IntegralT" value="180.000000" />
  <attribute name="IntegralI" value="180.000000" />
  <attribute name="IntegralH" value="180.000000" />
  <attribute name="DerivativeT" value="-20.916667" />
  <attribute name="DerivativeI" value="-20.916667" />
  <attribute name="DerivativeH" value="-20.916667" />
  <attribute name="Loop Time for DT" value="12.000000" />
  <attribute name="Output H" value="8388608"/>
  <attribute name="Output I" value="200"/>
  <attribute name="Output T" value="4"/>
  <attribute name="Target GC Util Change" value ="20.000000" />
  <attribute name="Current GC Util Change" value="35.000000"/>
  <attribute name="GC Util currently" value="35" />
  <attribute name="CPU Util currently" value="407221378733" />
<allocation-satisfied id="1443" threadId="000000000267D500" bytesRequested="40" />
<af-end id="1444" timestamp="2019-06-17T06:04:06.007" threadId="000000000267DE88" success="true" from="nursery"/>
<exclusive-end id="1445" timestamp="2019-06-17T06:04:06.007" durationms="1.740" />

<exclusive-start id="1446" timestamp="2019-06-17T06:04:06.016" intervalms="10.588">
  <response-info timems="0.033" idlems="0.033" threads="0" lastid="000000000267D500" lastname="Thread-7" />
</exclusive-start>
<af-start id="1447" threadId="000000000267DE88" totalBytesRequested="40" timestamp="2019-06-17T06:04:06.016" intervalms="10.585" type="nursery" />
<cycle-start id="1448" type="scavenge" contextid="0" timestamp="2019-06-17T06:04:06.016" intervalms="10.588" />
<gc-start id="1449" type="scavenge" contextid="1448" timestamp="2019-06-17T06:04:06.017">
  <mem-info id="1450" free="2065981120" total="2092630016" percent="98">
    <mem type="nursery" free="0" total="22675456" percent="0">
      <mem type="allocate" free="0" total="20381696" percent="0" />
      <mem type="survivor" free="0" total="2293760" percent="0" />
    </mem>
    <mem type="tenure" free="2065981120" total="2069954560" percent="99">
      <mem type="soa" free="1962483392" total="1966456832" percent="99" />
      <mem type="loa" free="103497728" total="103497728" percent="100" />
    </mem>
    <remembered-set count="6628" />
  </mem-info>
</gc-start>
<allocation-stats totalBytes="19750248" >
  <allocated-bytes non-tlh="40" tlh="19750208" />
  <largest-consumer threadName="Thread-9" threadId="0000000002681100" bytes="5864696" />
</allocation-stats>
<gc-op id="1451" type="scavenge" timems="1.141" contextid="1448" timestamp="2019-06-17T06:04:06.018">
  <scavenger-info tenureage="3" tenuremask="fff8" tiltratio="89" />
  <memory-copied type="nursery" objects="17402" bytes="693904" bytesdiscarded="151016" />
  <memory-copied type="tenure" objects="1386" bytes="33264" bytesdiscarded="0" />
</gc-op>
<gc-end id="1452" type="scavenge" contextid="1448" durationms="1.336" usertimems="4.000" systemtimems="0.000" timestamp="2019-06-17T06:04:06.018" activeThreads="4">
  <mem-info id="1453" free="2085517896" total="2092630016" percent="99">
    <mem type="nursery" free="19536776" total="22675456" percent="86">
      <mem type="allocate" free="19536776" total="20381696" percent="95" />
      <mem type="survivor" free="0" total="2293760" percent="0" />
    </mem>
    <mem type="tenure" free="2065981120" total="2069954560" percent="99">
      <mem type="soa" free="1962483392" total="1966456832" percent="99" />
      <mem type="loa" free="103497728" total="103497728" percent="100" />
    </mem>
    <remembered-set count="5242" />
  </mem-info>
</gc-end>
<cycle-end id="1454" type="scavenge" contextid="1448" timestamp="2019-06-17T06:04:06.018" />
  <attribute name="elasticGC enabled" value="1" />
  <attribute name= "numThreadsSpecified" value="4" />
  <attribute name="heapSize specified" value="27525120" />
  <attribute name="Current GC Util" value="23" />
  <attribute name= "Current Time Running" value="1646" />
  <attribute name ="GC Interval" value="200" />
  <attribute name="ProportionalT" value="3.000000" />
  <attribute name="ProportionalI" value="3.000000" />
  <attribute name="ProportionalH" value="3.000000" />
  <attribute name="Current Error" value="3.000000" />
  <attribute name="IntegralT" value="30.000000" />
  <attribute name="IntegralI" value="30.000000" />
  <attribute name="IntegralH" value="30.000000" />
  <attribute name="DerivativeT" value="-1.200000" />
  <attribute name="DerivativeI" value="-1.200000" />
  <attribute name="DerivativeH" value="-1.200000" />
  <attribute name="Loop Time for DT" value="10.000000" />
  <attribute name="Output H" value="8388608"/>
  <attribute name="Output I" value="200"/>
  <attribute name="Output T" value="4"/>
  <attribute name="Target GC Util Change" value ="20.000000" />
  <attribute name="Current GC Util Change" value="23.000000"/>
  <attribute name="GC Util currently" value="23" />
  <attribute name="CPU Util currently" value="435903544348" />
<allocation-satisfied id="1455" threadId="000000000267D500" bytesRequested="40" />
<af-end id="1456" timestamp="2019-06-17T06:04:06.018" threadId="000000000267DE88" success="true" from="nursery"/>
<exclusive-end id="1457" timestamp="2019-06-17T06:04:06.018" durationms="1.782" />

<exclusive-start id="1458" timestamp="2019-06-17T06:04:06.027" intervalms="11.000">
  <response-info timems="0.022" idlems="0.022" threads="0" lastid="0000000002681100" lastname="Thread-9" />
</exclusive-start>
<af-start id="1459" threadId="0000000002681A88" totalBytesRequested="40" timestamp="2019-06-17T06:04:06.027" intervalms="10.996" type="nursery" />
<cycle-start id="1460" type="scavenge" contextid="0" timestamp="2019-06-17T06:04:06.027" intervalms="10.988" />
<gc-start id="1461" type="scavenge" contextid="1460" timestamp="2019-06-17T06:04:06.027">
  <mem-info id="1462" free="2065981120" total="2092630016" percent="98">
    <mem type="nursery" free="0" total="22675456" percent="0">
      <mem type="allocate" free="0" total="20381696" percent="0" />
      <mem type="survivor" free="0" total="2293760" percent="0" />
    </mem>
    <mem type="tenure" free="2065981120" total="2069954560" percent="99">
      <mem type="soa" free="1962483392" total="1966456832" percent="99" />
      <mem type="loa" free="103497728" total="103497728" percent="100" />
    </mem>
    <remembered-set count="5728" />
  </mem-info>
</gc-start>
<allocation-stats totalBytes="19534424" >
  <allocated-bytes non-tlh="40" tlh="19534384" />
  <largest-consumer threadName="Thread-8" threadId="0000000002679900" bytes="5864848" />
</allocation-stats>
<gc-op id="1463" type="scavenge" timems="1.326" contextid="1460" timestamp="2019-06-17T06:04:06.029">
  <scavenger-info tenureage="3" tenuremask="ffe8" tiltratio="89" />
  <memory-copied type="nursery" objects="11374" bytes="411832" bytesdiscarded="161096" />
  <memory-copied type="tenure" objects="7788" bytes="324288" bytesdiscarded="48" />
</gc-op>
<gc-end id="1464" type="scavenge" contextid="1460" durationms="1.514" usertimems="4.000" systemtimems="0.000" timestamp="2019-06-17T06:04:06.029" activeThreads="4">
  <mem-info id="1465" free="2085421392" total="2092630016" percent="99">
    <mem type="nursery" free="19808768" total="22675456" percent="87">
      <mem type="allocate" free="19808768" total="20381696" percent="97" />
      <mem type="survivor" free="0" total="2293760" percent="0" />
    </mem>
    <mem type="tenure" free="2065612624" total="2069954560" percent="99">
      <mem type="soa" free="1962114896" total="1966456832" percent="99" />
      <mem type="loa" free="103497728" total="103497728" percent="100" />
    </mem>
    <remembered-set count="3881" />
  </mem-info>
</gc-end>
<cycle-end id="1466" type="scavenge" contextid="1460" timestamp="2019-06-17T06:04:06.029" />
  <attribute name="elasticGC enabled" value="1" />
  <attribute name= "numThreadsSpecified" value="4" />
  <attribute name="heapSize specified" value="27525120" />
  <attribute name="Current GC Util" value="24" />
  <attribute name= "Current Time Running" value="1657" />
  <attribute name ="GC Interval" value="200" />
  <attribute name="ProportionalT" value="4.000000" />
  <attribute name="ProportionalI" value="4.000000" />
  <attribute name="ProportionalH" value="4.000000" />
  <attribute name="Current Error" value="4.000000" />
  <attribute name="IntegralT" value="44.000000" />
  <attribute name="IntegralI" value="44.000000" />
  <attribute name="IntegralH" value="44.000000" />
  <attribute name="DerivativeT" value="0.090909" />
  <attribute name="DerivativeI" value="0.090909" />
  <attribute name="DerivativeH" value="0.090909" />
  <attribute name="Loop Time for DT" value="11.000000" />
  <attribute name="Output H" value="8388608"/>
  <attribute name="Output I" value="200"/>
  <attribute name="Output T" value="4"/>
  <attribute name="Target GC Util Change" value ="20.000000" />
  <attribute name="Current GC Util Change" value="24.000000"/>
  <attribute name="GC Util currently" value="24" />
  <attribute name="CPU Util currently" value="419834890375" />
<allocation-satisfied id="1467" threadId="0000000002681100" bytesRequested="40" />
<af-end id="1468" timestamp="2019-06-17T06:04:06.029" threadId="0000000002681A88" success="true" from="nursery"/>
<exclusive-end id="1469" timestamp="2019-06-17T06:04:06.029" durationms="1.925" />

<exclusive-start id="1470" timestamp="2019-06-17T06:04:06.039" intervalms="11.357">
  <response-info timems="0.022" idlems="0.022" threads="0" lastid="000000000267D500" lastname="Thread-7" />
</exclusive-start>
<af-start id="1471" threadId="000000000267DE88" totalBytesRequested="24" timestamp="2019-06-17T06:04:06.039" intervalms="11.364" type="nursery" />
<cycle-start id="1472" type="scavenge" contextid="0" timestamp="2019-06-17T06:04:06.039" intervalms="11.369" />
<gc-start id="1473" type="scavenge" contextid="1472" timestamp="2019-06-17T06:04:06.039">
  <mem-info id="1474" free="2065612624" total="2092630016" percent="98">
    <mem type="nursery" free="0" total="22675456" percent="0">
      <mem type="allocate" free="0" total="20381696" percent="0" />
      <mem type="survivor" free="0" total="2293760" percent="0" />
    </mem>
    <mem type="tenure" free="2065612624" total="2069954560" percent="99">
      <mem type="soa" free="1962114896" total="1966456832" percent="99" />
      <mem type="loa" free="103497728" total="103497728" percent="100" />
    </mem>
    <remembered-set count="4829" />
  </mem-info>
</gc-start>
<allocation-stats totalBytes="19806264" >
  <allocated-bytes non-tlh="40" tlh="19806224" />
  <largest-consumer threadName="Thread-8" threadId="0000000002679900" bytes="5733696" />
</allocation-stats>
<gc-op id="1475" type="scavenge" timems="1.101" contextid="1472" timestamp="2019-06-17T06:04:06.040">
  <scavenger-info tenureage="3" tenuremask="ffe8" tiltratio="89" />
  <memory-copied type="nursery" objects="11805" bytes="422272" bytesdiscarded="80768" />
  <memory-copied type="tenure" objects="1856" bytes="44544" bytesdiscarded="0" />
</gc-op>
<gc-end id="1476" type="scavenge" contextid="1472" durationms="1.298" usertimems="0.000" systemtimems="4.000" timestamp="2019-06-17T06:04:06.040" activeThreads="4">
  <mem-info id="1477" free="2085452112" total="2092630016" percent="99">
    <mem type="nursery" free="19878656" total="22675456" percent="87">
      <mem type="allocate" free="19878656" total="20381696" percent="97" />
      <mem type="survivor" free="0" total="2293760" percent="0" />
    </mem>
    <mem type="tenure" free="2065573456" total="2069954560" percent="99">
      <mem type="soa" free="1962075728" total="1966456832" percent="99" />
      <mem type="loa" free="103497728" total="103497728" percent="100" />
    </mem>
    <remembered-set count="2973" />
  </mem-info>
</gc-end>
<cycle-end id="1478" type="scavenge" contextid="1472" timestamp="2019-06-17T06:04:06.040" />
  <attribute name="elasticGC enabled" value="1" />
  <attribute name= "numThreadsSpecified" value="4" />
  <attribute name="heapSize specified" value="27525120" />
  <attribute name="Current GC Util" value="29" />
  <attribute name= "Current Time Running" value="1669" />
  <attribute name ="GC Interval" value="200" />
  <attribute name="ProportionalT" value="9.000000" />
  <attribute name="ProportionalI" value="9.000000" />
  <attribute name="ProportionalH" value="9.000000" />
  <attribute name="Current Error" value="9.000000" />
  <attribute name="IntegralT" value="108.000000" />
  <attribute name="IntegralI" value="108.000000" />
  <attribute name="IntegralH" value="108.000000" />
  <attribute name="DerivativeT" value="0.416667" />
  <attribute name="DerivativeI" value="0.416667" />
  <attribute name="DerivativeH" value="0.416667" />
  <attribute name="Loop Time for DT" value="12.000000" />
  <attribute name="Output H" value="8388608"/>
  <attribute name="Output I" value="200"/>
  <attribute name="Output T" value="4"/>
  <attribute name="Target GC Util Change" value ="20.000000" />
  <attribute name="Current GC Util Change" value="29.000000"/>
  <attribute name="GC Util currently" value="29" />
  <attribute name="CPU Util currently" value="405327484581" />
<allocation-satisfied id="1479" threadId="000000000267D500" bytesRequested="24" />
<af-end id="1480" timestamp="2019-06-17T06:04:06.040" threadId="000000000267DE88" success="true" from="nursery"/>
<exclusive-end id="1481" timestamp="2019-06-17T06:04:06.040" durationms="1.746" />

<exclusive-start id="1482" timestamp="2019-06-17T06:04:06.050" intervalms="11.458">
  <response-info timems="0.021" idlems="0.021" threads="0" lastid="000000000267D500" lastname="Thread-7" />
</exclusive-start>
<af-start id="1483" threadId="000000000267DE88" totalBytesRequested="40" timestamp="2019-06-17T06:04:06.050" intervalms="11.456" type="nursery" />
<cycle-start id="1484" type="scavenge" contextid="0" timestamp="2019-06-17T06:04:06.050" intervalms="11.461" />
<gc-start id="1485" type="scavenge" contextid="1484" timestamp="2019-06-17T06:04:06.050">
  <mem-info id="1486" free="2065573456" total="2092630016" percent="98">
    <mem type="nursery" free="0" total="22675456" percent="0">
      <mem type="allocate" free="0" total="20381696" percent="0" />
      <mem type="survivor" free="0" total="2293760" percent="0" />
    </mem>
    <mem type="tenure" free="2065573456" total="2069954560" percent="99">
      <mem type="soa" free="1962075728" total="1966456832" percent="99" />
      <mem type="loa" free="103497728" total="103497728" percent="100" />
    </mem>
    <remembered-set count="3954" />
  </mem-info>
</gc-start>
<allocation-stats totalBytes="19876256" >
  <allocated-bytes non-tlh="24" tlh="19876232" />
  <largest-consumer threadName="Thread-8" threadId="0000000002679900" bytes="5602680" />
</allocation-stats>
<gc-op id="1487" type="scavenge" timems="1.332" contextid="1484" timestamp="2019-06-17T06:04:06.052">
  <scavenger-info tenureage="3" tenuremask="ffe8" tiltratio="89" />
  <memory-copied type="nursery" objects="7037" bytes="170432" bytesdiscarded="156736" />
  <memory-copied type="tenure" objects="7460" bytes="316416" bytesdiscarded="312" />
</gc-op>
<gc-end id="1488" type="scavenge" contextid="1484" durationms="1.571" usertimems="0.000" systemtimems="0.000" timestamp="2019-06-17T06:04:06.052" activeThreads="4">
  <mem-info id="1489" free="2085326160" total="2092630016" percent="99">
    <mem type="nursery" free="20054528" total="22675456" percent="88">
      <mem type="allocate" free="20054528" total="20381696" percent="98" />
      <mem type="survivor" free="0" total="2293760" percent="0" />
    </mem>
    <mem type="tenure" free="2065271632" total="2069954560" percent="99">
      <mem type="soa" free="1961773904" total="1966456832" percent="99" />
      <mem type="loa" free="103497728" total="103497728" percent="100" />
    </mem>
    <remembered-set count="6836" />
  </mem-info>
</gc-end>
<cycle-end id="1490" type="scavenge" contextid="1484" timestamp="2019-06-17T06:04:06.052" />
  <attribute name="elasticGC enabled" value="1" />
  <attribute name= "numThreadsSpecified" value="4" />
  <attribute name="heapSize specified" value="27525120" />
  <attribute name="Current GC Util" value="21" />
  <attribute name= "Current Time Running" value="1680" />
  <attribute name ="GC Interval" value="200" />
  <attribute name="ProportionalT" value="1.000000" />
  <attribute name="ProportionalI" value="1.000000" />
  <attribute name="ProportionalH" value="1.000000" />
  <attribute name="Current Error" value="1.000000" />
  <attribute name="IntegralT" value="11.000000" />
  <attribute name="IntegralI" value="11.000000" />
  <attribute name="IntegralH" value="11.000000" />
  <attribute name="DerivativeT" value="-0.727273" />
  <attribute name="DerivativeI" value="-0.727273" />
  <attribute name="DerivativeH" value="-0.727273" />
  <attribute name="Loop Time for DT" value="11.000000" />
  <attribute name="Output H" value="8388608"/>
  <attribute name="Output I" value="200"/>
  <attribute name="Output T" value="4"/>
  <attribute name="Target GC Util Change" value ="20.000000" />
  <attribute name="Current GC Util Change" value="21.000000"/>
  <attribute name="GC Util currently" value="21" />
  <attribute name="CPU Util currently" value="402512014399" />
<allocation-satisfied id="1491" threadId="000000000267D500" bytesRequested="40" />
<af-end id="1492" timestamp="2019-06-17T06:04:06.052" threadId="000000000267DE88" success="true" from="nursery"/>
<exclusive-end id="1493" timestamp="2019-06-17T06:04:06.052" durationms="2.021" />

<exclusive-start id="1494" timestamp="2019-06-17T06:04:06.062" intervalms="11.961">
  <response-info timems="0.033" idlems="0.033" threads="0" lastid="000000000267D500" lastname="Thread-7" />
</exclusive-start>
<af-start id="1495" threadId="000000000267DE88" totalBytesRequested="40" timestamp="2019-06-17T06:04:06.062" intervalms="11.972" type="nursery" />
<cycle-start id="1496" type="scavenge" contextid="0" timestamp="2019-06-17T06:04:06.062" intervalms="12.135" />
<gc-start id="1497" type="scavenge" contextid="1496" timestamp="2019-06-17T06:04:06.062">
  <mem-info id="1498" free="2065271632" total="2092630016" percent="98">
    <mem type="nursery" free="0" total="22675456" percent="0">
      <mem type="allocate" free="0" total="20381696" percent="0" />
      <mem type="survivor" free="0" total="2293760" percent="0" />
    </mem>
    <mem type="tenure" free="2065271632" total="2069954560" percent="99">
      <mem type="soa" free="1961773904" total="1966456832" percent="99" />
      <mem type="loa" free="103497728" total="103497728" percent="100" />
    </mem>
    <remembered-set count="8069" />
  </mem-info>
</gc-start>
<allocation-stats totalBytes="20052080" >
  <allocated-bytes non-tlh="40" tlh="20052040" />
  <largest-consumer threadName="Thread-8" threadId="0000000002679900" bytes="5209528" />
</allocation-stats>
<gc-op id="1499" type="scavenge" timems="1.234" contextid="1496" timestamp="2019-06-17T06:04:06.064">
  <scavenger-info tenureage="3" tenuremask="ffe8" tiltratio="89" />
  <memory-copied type="nursery" objects="13790" bytes="470160" bytesdiscarded="119664" />
  <memory-copied type="tenure" objects="1771" bytes="42504" bytesdiscarded="0" />
</gc-op>
<gc-end id="1500" type="scavenge" contextid="1496" durationms="1.432" usertimems="0.000" systemtimems="4.000" timestamp="2019-06-17T06:04:06.064" activeThreads="4">
  <mem-info id="1501" free="2085024336" total="2092630016" percent="99">
    <mem type="nursery" free="19791872" total="22675456" percent="87">
      <mem type="allocate" free="19791872" total="20381696" percent="97" />
      <mem type="survivor" free="0" total="2293760" percent="0" />
    </mem>
    <mem type="tenure" free="2065232464" total="2069954560" percent="99">
      <mem type="soa" free="1961734736" total="1966456832" percent="99" />
      <mem type="loa" free="103497728" total="103497728" percent="100" />
    </mem>
    <remembered-set count="6298" />
  </mem-info>
</gc-end>
<cycle-end id="1502" type="scavenge" contextid="1496" timestamp="2019-06-17T06:04:06.064" />
  <attribute name="elasticGC enabled" value="1" />
  <attribute name= "numThreadsSpecified" value="4" />
  <attribute name="heapSize specified" value="27525120" />
  <attribute name="Current GC Util" value="23" />
  <attribute name= "Current Time Running" value="1692" />
  <attribute name ="GC Interval" value="200" />
  <attribute name="ProportionalT" value="3.000000" />
  <attribute name="ProportionalI" value="3.000000" />
  <attribute name="ProportionalH" value="3.000000" />
  <attribute name="Current Error" value="3.000000" />
  <attribute name="IntegralT" value="36.000000" />
  <attribute name="IntegralI" value="36.000000" />
  <attribute name="IntegralH" value="36.000000" />
  <attribute name="DerivativeT" value="0.166667" />
  <attribute name="DerivativeI" value="0.166667" />
  <attribute name="DerivativeH" value="0.166667" />
  <attribute name="Loop Time for DT" value="12.000000" />
  <attribute name="Output H" value="8388608"/>
  <attribute name="Output I" value="200"/>
  <attribute name="Output T" value="4"/>
  <attribute name="Target GC Util Change" value ="20.000000" />
  <attribute name="Current GC Util Change" value="23.000000"/>
  <attribute name="GC Util currently" value="23" />
  <attribute name="CPU Util currently" value="379946082978" />
<allocation-satisfied id="1503" threadId="000000000267D500" bytesRequested="40" />
<af-end id="1504" timestamp="2019-06-17T06:04:06.064" threadId="000000000267DE88" success="true" from="nursery"/>
<exclusive-end id="1505" timestamp="2019-06-17T06:04:06.064" durationms="2.059" />

<exclusive-start id="1506" timestamp="2019-06-17T06:04:06.074" intervalms="12.209">
  <response-info timems="0.033" idlems="0.033" threads="0" lastid="0000000002681100" lastname="Thread-9" />
</exclusive-start>
<af-start id="1507" threadId="0000000002681A88" totalBytesRequested="40" timestamp="2019-06-17T06:04:06.074" intervalms="12.191" type="nursery" />
<cycle-start id="1508" type="scavenge" contextid="0" timestamp="2019-06-17T06:04:06.074" intervalms="12.017" />
<gc-start id="1509" type="scavenge" contextid="1508" timestamp="2019-06-17T06:04:06.074">
  <mem-info id="1510" free="2065232464" total="2092630016" percent="98">
    <mem type="nursery" free="0" total="22675456" percent="0">
      <mem type="allocate" free="0" total="20381696" percent="0" />
      <mem type="survivor" free="0" total="2293760" percent="0" />
    </mem>
    <mem type="tenure" free="2065232464" total="2069954560" percent="99">
      <mem type="soa" free="1961734736" total="1966456832" percent="99" />
      <mem type="loa" free="103497728" total="103497728" percent="100" />
    </mem>
    <remembered-set count="7215" />
  </mem-info>
</gc-start>
<allocation-stats totalBytes="19789384" >
  <allocated-bytes non-tlh="40" tlh="19789344" />
  <largest-consumer threadName="Thread-10" threadId="0000000002675D00" bytes="5471568" />
</allocation-stats>
<gc-op id="1511" type="scavenge" timems="1.151" contextid="1508" timestamp="2019-06-17T06:04:06.076">
  <scavenger-info tenureage="3" tenuremask="ffe8" tiltratio="89" />
  <memory-copied type="nursery" objects="14489" bytes="486704" bytesdiscarded="156112" />
  <memory-copied type="tenure" objects="2282" bytes="54768" bytesdiscarded="0" />
</gc-op>
<gc-end id="1512" type="scavenge" contextid="1508" durationms="1.338" usertimems="0.000" systemtimems="4.000" timestamp="2019-06-17T06:04:06.076" activeThreads="4">
  <mem-info id="1513" free="2084739408" total="2092630016" percent="99">
    <mem type="nursery" free="19738880" total="22675456" percent="87">
      <mem type="allocate" free="19738880" total="20381696" percent="96" />
      <mem type="survivor" free="0" total="2293760" percent="0" />
    </mem>
    <mem type="tenure" free="2065000528" total="2069954560" percent="99">
      <mem type="soa" free="1961502800" total="1966456832" percent="99" />
      <mem type="loa" free="103497728" total="103497728" percent="100" />
    </mem>
    <remembered-set count="4932" />
  </mem-info>
</gc-end>
<cycle-end id="1514" type="scavenge" contextid="1508" timestamp="2019-06-17T06:04:06.076" />
  <attribute name="elasticGC enabled" value="1" />
  <attribute name= "numThreadsSpecified" value="4" />
  <attribute name="heapSize specified" value="27525120" />
  <attribute name="Current GC Util" value="27" />
  <attribute name= "Current Time Running" value="1704" />
  <attribute name ="GC Interval" value="200" />
  <attribute name="ProportionalT" value="7.000000" />
  <attribute name="ProportionalI" value="7.000000" />
  <attribute name="ProportionalH" value="7.000000" />
  <attribute name="Current Error" value="7.000000" />
  <attribute name="IntegralT" value="84.000000" />
  <attribute name="IntegralI" value="84.000000" />
  <attribute name="IntegralH" value="84.000000" />
  <attribute name="DerivativeT" value="0.333333" />
  <attribute name="DerivativeI" value="0.333333" />
  <attribute name="DerivativeH" value="0.333333" />
  <attribute name="Loop Time for DT" value="12.000000" />
  <attribute name="Output H" value="8388608"/>
  <attribute name="Output I" value="200"/>
  <attribute name="Output T" value="4"/>
  <attribute name="Target GC Util Change" value ="20.000000" />
  <attribute name="Current GC Util Change" value="27.000000"/>
  <attribute name="GC Util currently" value="27" />
  <attribute name="CPU Util currently" value="384273863701" />
<allocation-satisfied id="1515" threadId="0000000002681100" bytesRequested="40" />
<af-end id="1516" timestamp="2019-06-17T06:04:06.076" threadId="0000000002681A88" success="true" from="nursery"/>
<exclusive-end id="1517" timestamp="2019-06-17T06:04:06.076" durationms="1.744" />

<exclusive-start id="1518" timestamp="2019-06-17T06:04:06.087" intervalms="12.466">
  <response-info timems="0.025" idlems="0.025" threads="0" lastid="0000000002675D00" lastname="Thread-10" />
</exclusive-start>
<af-start id="1519" threadId="0000000002676688" totalBytesRequested="40" timestamp="2019-06-17T06:04:06.087" intervalms="12.483" type="nursery" />
<cycle-start id="1520" type="scavenge" contextid="0" timestamp="2019-06-17T06:04:06.087" intervalms="12.497" />
<gc-start id="1521" type="scavenge" contextid="1520" timestamp="2019-06-17T06:04:06.087">
  <mem-info id="1522" free="2065000528" total="2092630016" percent="98">
    <mem type="nursery" free="0" total="22675456" percent="0">
      <mem type="allocate" free="0" total="20381696" percent="0" />
      <mem type="survivor" free="0" total="2293760" percent="0" />
    </mem>
    <mem type="tenure" free="2065000528" total="2069954560" percent="99">
      <mem type="soa" free="1961502800" total="1966456832" percent="99" />
      <mem type="loa" free="103497728" total="103497728" percent="100" />
    </mem>
    <remembered-set count="5544" />
  </mem-info>
</gc-start>
<allocation-stats totalBytes="19736392" >
  <allocated-bytes non-tlh="40" tlh="19736352" />
  <largest-consumer threadName="Thread-10" threadId="0000000002675D00" bytes="5995784" />
</allocation-stats>
<gc-op id="1523" type="scavenge" timems="1.326" contextid="1520" timestamp="2019-06-17T06:04:06.088">
  <scavenger-info tenureage="3" tenuremask="ffe8" tiltratio="89" />
  <memory-copied type="nursery" objects="15029" bytes="637272" bytesdiscarded="111384" />
  <memory-copied type="tenure" objects="2691" bytes="64584" bytesdiscarded="0" />
</gc-op>
<gc-end id="1524" type="scavenge" contextid="1520" durationms="1.541" usertimems="4.000" systemtimems="0.000" timestamp="2019-06-17T06:04:06.089" activeThreads="4">
  <mem-info id="1525" free="2084532960" total="2092630016" percent="99">
    <mem type="nursery" free="19633040" total="22675456" percent="86">
      <mem type="allocate" free="19633040" total="20381696" percent="96" />
      <mem type="survivor" free="0" total="2293760" percent="0" />
    </mem>
    <mem type="tenure" free="2064899920" total="2069954560" percent="99">
      <mem type="soa" free="1961402192" total="1966456832" percent="99" />
      <mem type="loa" free="103497728" total="103497728" percent="100" />
    </mem>
    <remembered-set count="2853" />
  </mem-info>
</gc-end>
<cycle-end id="1526" type="scavenge" contextid="1520" timestamp="2019-06-17T06:04:06.089" />
  <attribute name="elasticGC enabled" value="1" />
  <attribute name= "numThreadsSpecified" value="4" />
  <attribute name="heapSize specified" value="27525120" />
  <attribute name="Current GC Util" value="25" />
  <attribute name= "Current Time Running" value="1717" />
  <attribute name ="GC Interval" value="200" />
  <attribute name="ProportionalT" value="5.000000" />
  <attribute name="ProportionalI" value="5.000000" />
  <attribute name="ProportionalH" value="5.000000" />
  <attribute name="Current Error" value="5.000000" />
  <attribute name="IntegralT" value="65.000000" />
  <attribute name="IntegralI" value="65.000000" />
  <attribute name="IntegralH" value="65.000000" />
  <attribute name="DerivativeT" value="-0.153846" />
  <attribute name="DerivativeI" value="-0.153846" />
  <attribute name="DerivativeH" value="-0.153846" />
  <attribute name="Loop Time for DT" value="13.000000" />
  <attribute name="Output H" value="8388608"/>
  <attribute name="Output I" value="200"/>
  <attribute name="Output T" value="4"/>
  <attribute name="Target GC Util Change" value ="20.000000" />
  <attribute name="Current GC Util Change" value="25.000000"/>
  <attribute name="GC Util currently" value="25" />
  <attribute name="CPU Util currently" value="368330053338" />
<allocation-satisfied id="1527" threadId="0000000002675D00" bytesRequested="40" />
<af-end id="1528" timestamp="2019-06-17T06:04:06.089" threadId="0000000002676688" success="true" from="nursery"/>
<exclusive-end id="1529" timestamp="2019-06-17T06:04:06.089" durationms="2.013" />

<exclusive-start id="1530" timestamp="2019-06-17T06:04:06.100" intervalms="13.242">
  <response-info timems="0.021" idlems="0.021" threads="0" lastid="0000000002681100" lastname="Thread-9" />
</exclusive-start>
<af-start id="1531" threadId="0000000002681A88" totalBytesRequested="40" timestamp="2019-06-17T06:04:06.100" intervalms="13.225" type="nursery" />
<cycle-start id="1532" type="scavenge" contextid="0" timestamp="2019-06-17T06:04:06.100" intervalms="13.211" />
<gc-start id="1533" type="scavenge" contextid="1532" timestamp="2019-06-17T06:04:06.100">
  <mem-info id="1534" free="2064899920" total="2092630016" percent="98">
    <mem type="nursery" free="0" total="22675456" percent="0">
      <mem type="allocate" free="0" total="20381696" percent="0" />
      <mem type="survivor" free="0" total="2293760" percent="0" />
    </mem>
    <mem type="tenure" free="2064899920" total="2069954560" percent="99">
      <mem type="soa" free="1961402192" total="1966456832" percent="99" />
      <mem type="loa" free="103497728" total="103497728" percent="100" />
    </mem>
    <remembered-set count="3468" />
  </mem-info>
</gc-start>
<allocation-stats totalBytes="19630872" >
  <allocated-bytes non-tlh="40" tlh="19630832" />
  <largest-consumer threadName="Thread-10" threadId="0000000002675D00" bytes="6389200" />
</allocation-stats>
<gc-op id="1535" type="scavenge" timems="1.433" contextid="1532" timestamp="2019-06-17T06:04:06.102">
  <scavenger-info tenureage="5" tenuremask="ffe0" tiltratio="89" />
  <memory-copied type="nursery" objects="16229" bytes="665672" bytesdiscarded="86200" />
</gc-op>
<gc-end id="1536" type="scavenge" contextid="1532" durationms="1.614" usertimems="0.000" systemtimems="0.000" timestamp="2019-06-17T06:04:06.102" activeThreads="4">
  <mem-info id="1537" free="2084529744" total="2092630016" percent="99">
    <mem type="nursery" free="19629824" total="22675456" percent="86">
      <mem type="allocate" free="19629824" total="20381696" percent="96" />
      <mem type="survivor" free="0" total="2293760" percent="0" />
    </mem>
    <mem type="tenure" free="2064899920" total="2069954560" percent="99">
      <mem type="soa" free="1961402192" total="1966456832" percent="99" />
      <mem type="loa" free="103497728" total="103497728" percent="100" />
    </mem>
    <remembered-set count="3467" />
  </mem-info>
</gc-end>
<cycle-end id="1538" type="scavenge" contextid="1532" timestamp="2019-06-17T06:04:06.102" />
  <attribute name="elasticGC enabled" value="1" />
  <attribute name= "numThreadsSpecified" value="4" />
  <attribute name="heapSize specified" value="27525120" />
  <attribute name="Current GC Util" value="24" />
  <attribute name= "Current Time Running" value="1730" />
  <attribute name ="GC Interval" value="200" />
  <attribute name="ProportionalT" value="4.000000" />
  <attribute name="ProportionalI" value="4.000000" />
  <attribute name="ProportionalH" value="4.000000" />
  <attribute name="Current Error" value="4.000000" />
  <attribute name="IntegralT" value="52.000000" />
  <attribute name="IntegralI" value="52.000000" />
  <attribute name="IntegralH" value="52.000000" />
  <attribute name="DerivativeT" value="-0.076923" />
  <attribute name="DerivativeI" value="-0.076923" />
  <attribute name="DerivativeH" value="-0.076923" />
  <attribute name="Loop Time for DT" value="13.000000" />
  <attribute name="Output H" value="8388608"/>
  <attribute name="Output I" value="200"/>
  <attribute name="Output T" value="4"/>
  <attribute name="Target GC Util Change" value ="20.000000" />
  <attribute name="Current GC Util Change" value="24.000000"/>
  <attribute name="GC Util currently" value="24" />
  <attribute name="CPU Util currently" value="349668111874" />
<allocation-satisfied id="1539" threadId="0000000002681100" bytesRequested="40" />
<af-end id="1540" timestamp="2019-06-17T06:04:06.102" threadId="0000000002681A88" success="true" from="nursery"/>
<exclusive-end id="1541" timestamp="2019-06-17T06:04:06.102" durationms="2.020" />

<exclusive-start id="1542" timestamp="2019-06-17T06:04:06.113" intervalms="12.888">
  <response-info timems="0.021" idlems="0.021" threads="0" lastid="000000000267D500" lastname="Thread-7" />
</exclusive-start>
<af-start id="1543" threadId="000000000267DE88" totalBytesRequested="40" timestamp="2019-06-17T06:04:06.113" intervalms="12.900" type="nursery" />
<cycle-start id="1544" type="scavenge" contextid="0" timestamp="2019-06-17T06:04:06.113" intervalms="12.907" />
<gc-start id="1545" type="scavenge" contextid="1544" timestamp="2019-06-17T06:04:06.113">
  <mem-info id="1546" free="2064899920" total="2092630016" percent="98">
    <mem type="nursery" free="0" total="22675456" percent="0">
      <mem type="allocate" free="0" total="20381696" percent="0" />
      <mem type="survivor" free="0" total="2293760" percent="0" />
    </mem>
    <mem type="tenure" free="2064899920" total="2069954560" percent="99">
      <mem type="soa" free="1961402192" total="1966456832" percent="99" />
      <mem type="loa" free="103497728" total="103497728" percent="100" />
    </mem>
    <remembered-set count="4149" />
  </mem-info>
</gc-start>
<allocation-stats totalBytes="19627392" >
  <allocated-bytes non-tlh="40" tlh="19627352" />
  <largest-consumer threadName="Thread-10" threadId="0000000002675D00" bytes="7275376" />
</allocation-stats>
<gc-op id="1547" type="scavenge" timems="1.357" contextid="1544" timestamp="2019-06-17T06:04:06.115">
  <scavenger-info tenureage="3" tenuremask="fff8" tiltratio="89" />
  <memory-copied type="nursery" objects="14302" bytes="619704" bytesdiscarded="162888" />
  <memory-copied type="tenure" objects="3172" bytes="76128" bytesdiscarded="0" />
</gc-op>
<gc-end id="1548" type="scavenge" contextid="1544" durationms="1.597" usertimems="4.000" systemtimems="0.000" timestamp="2019-06-17T06:04:06.115" activeThreads="4">
  <mem-info id="1549" free="2084459856" total="2092630016" percent="99">
    <mem type="nursery" free="19599104" total="22675456" percent="86">
      <mem type="allocate" free="19599104" total="20381696" percent="96" />
      <mem type="survivor" free="0" total="2293760" percent="0" />
    </mem>
    <mem type="tenure" free="2064860752" total="2069954560" percent="99">
      <mem type="soa" free="1961363024" total="1966456832" percent="99" />
      <mem type="loa" free="103497728" total="103497728" percent="100" />
    </mem>
    <remembered-set count="2000" />
  </mem-info>
</gc-end>
<cycle-end id="1550" type="scavenge" contextid="1544" timestamp="2019-06-17T06:04:06.115" />
  <attribute name="elasticGC enabled" value="1" />
  <attribute name= "numThreadsSpecified" value="4" />
  <attribute name="heapSize specified" value="27525120" />
  <attribute name="Current GC Util" value="25" />
  <attribute name= "Current Time Running" value="1743" />
  <attribute name ="GC Interval" value="200" />
  <attribute name="ProportionalT" value="5.000000" />
  <attribute name="ProportionalI" value="5.000000" />
  <attribute name="ProportionalH" value="5.000000" />
  <attribute name="Current Error" value="5.000000" />
  <attribute name="IntegralT" value="65.000000" />
  <attribute name="IntegralI" value="65.000000" />
  <attribute name="IntegralH" value="65.000000" />
  <attribute name="DerivativeT" value="0.076923" />
  <attribute name="DerivativeI" value="0.076923" />
  <attribute name="DerivativeH" value="0.076923" />
  <attribute name="Loop Time for DT" value="13.000000" />
  <attribute name="Output H" value="8388608"/>
  <attribute name="Output I" value="200"/>
  <attribute name="Output T" value="4"/>
  <attribute name="Target GC Util Change" value ="20.000000" />
  <attribute name="Current GC Util Change" value="25.000000"/>
  <attribute name="GC Util currently" value="25" />
  <attribute name="CPU Util currently" value="356732958343" />
<allocation-satisfied id="1551" threadId="000000000267D500" bytesRequested="40" />
<af-end id="1552" timestamp="2019-06-17T06:04:06.115" threadId="000000000267DE88" success="true" from="nursery"/>
<exclusive-end id="1553" timestamp="2019-06-17T06:04:06.115" durationms="2.142" />

<exclusive-start id="1554" timestamp="2019-06-17T06:04:06.126" intervalms="12.876">
  <response-info timems="0.024" idlems="0.024" threads="0" lastid="0000000002681100" lastname="Thread-9" />
</exclusive-start>
<af-start id="1555" threadId="0000000002681A88" totalBytesRequested="40" timestamp="2019-06-17T06:04:06.126" intervalms="12.887" type="nursery" />
<cycle-start id="1556" type="scavenge" contextid="0" timestamp="2019-06-17T06:04:06.126" intervalms="12.881" />
<gc-start id="1557" type="scavenge" contextid="1556" timestamp="2019-06-17T06:04:06.126">
  <mem-info id="1558" free="2064860752" total="2092630016" percent="98">
    <mem type="nursery" free="0" total="22675456" percent="0">
      <mem type="allocate" free="0" total="20381696" percent="0" />
      <mem type="survivor" free="0" total="2293760" percent="0" />
    </mem>
    <mem type="tenure" free="2064860752" total="2069954560" percent="99">
      <mem type="soa" free="1961363024" total="1966456832" percent="99" />
      <mem type="loa" free="103497728" total="103497728" percent="100" />
    </mem>
    <remembered-set count="2602" />
  </mem-info>
</gc-start>
<allocation-stats totalBytes="19596792" >
  <allocated-bytes non-tlh="40" tlh="19596752" />
  <largest-consumer threadName="Thread-10" threadId="0000000002675D00" bytes="7113656" />
</allocation-stats>
<gc-op id="1559" type="scavenge" timems="1.359" contextid="1556" timestamp="2019-06-17T06:04:06.127">
  <scavenger-info tenureage="3" tenuremask="ffc8" tiltratio="89" />
  <memory-copied type="nursery" objects="4269" bytes="104176" bytesdiscarded="236816" />
  <memory-copied type="tenure" objects="11518" bytes="551184" bytesdiscarded="72" />
</gc-op>
<gc-end id="1560" type="scavenge" contextid="1556" durationms="1.548" usertimems="4.000" systemtimems="0.000" timestamp="2019-06-17T06:04:06.128" activeThreads="4">
  <mem-info id="1561" free="2084367696" total="2092630016" percent="99">
    <mem type="nursery" free="20040704" total="22675456" percent="88">
      <mem type="allocate" free="20040704" total="20381696" percent="98" />
      <mem type="survivor" free="0" total="2293760" percent="0" />
    </mem>
    <mem type="tenure" free="2064326992" total="2069954560" percent="99">
      <mem type="soa" free="1960829264" total="1966456832" percent="99" />
      <mem type="loa" free="103497728" total="103497728" percent="100" />
    </mem>
    <remembered-set count="4036" />
  </mem-info>
</gc-end>
<cycle-end id="1562" type="scavenge" contextid="1556" timestamp="2019-06-17T06:04:06.128" />
  <attribute name="elasticGC enabled" value="1" />
  <attribute name= "numThreadsSpecified" value="4" />
  <attribute name="heapSize specified" value="27525120" />
  <attribute name="Current GC Util" value="24" />
  <attribute name= "Current Time Running" value="1756" />
  <attribute name ="GC Interval" value="200" />
  <attribute name="ProportionalT" value="4.000000" />
  <attribute name="ProportionalI" value="4.000000" />
  <attribute name="ProportionalH" value="4.000000" />
  <attribute name="Current Error" value="4.000000" />
  <attribute name="IntegralT" value="52.000000" />
  <attribute name="IntegralI" value="52.000000" />
  <attribute name="IntegralH" value="52.000000" />
  <attribute name="DerivativeT" value="-0.076923" />
  <attribute name="DerivativeI" value="-0.076923" />
  <attribute name="DerivativeH" value="-0.076923" />
  <attribute name="Loop Time for DT" value="13.000000" />
  <attribute name="Output H" value="8388608"/>
  <attribute name="Output I" value="200"/>
  <attribute name="Output T" value="4"/>
  <attribute name="Target GC Util Change" value ="20.000000" />
  <attribute name="Current GC Util Change" value="24.000000"/>
  <attribute name="GC Util currently" value="24" />
  <attribute name="CPU Util currently" value="358595092461" />
<allocation-satisfied id="1563" threadId="0000000002681100" bytesRequested="40" />
<af-end id="1564" timestamp="2019-06-17T06:04:06.128" threadId="0000000002681A88" success="true" from="nursery"/>
<exclusive-end id="1565" timestamp="2019-06-17T06:04:06.128" durationms="1.996" />

<exclusive-start id="1566" timestamp="2019-06-17T06:04:06.139" intervalms="13.060">
  <response-info timems="0.195" idlems="0.195" threads="0" lastid="000000000267D500" lastname="Thread-7" />
</exclusive-start>
<af-start id="1567" threadId="000000000267DE88" totalBytesRequested="40" timestamp="2019-06-17T06:04:06.139" intervalms="13.046" type="nursery" />
<cycle-start id="1568" type="scavenge" contextid="0" timestamp="2019-06-17T06:04:06.139" intervalms="13.052" />
<gc-start id="1569" type="scavenge" contextid="1568" timestamp="2019-06-17T06:04:06.139">
  <mem-info id="1570" free="2064326992" total="2092630016" percent="98">
    <mem type="nursery" free="0" total="22675456" percent="0">
      <mem type="allocate" free="0" total="20381696" percent="0" />
      <mem type="survivor" free="0" total="2293760" percent="0" />
    </mem>
    <mem type="tenure" free="2064326992" total="2069954560" percent="99">
      <mem type="soa" free="1960829264" total="1966456832" percent="99" />
      <mem type="loa" free="103497728" total="103497728" percent="100" />
    </mem>
    <remembered-set count="5397" />
  </mem-info>
</gc-start>
<allocation-stats totalBytes="20038104" >
  <allocated-bytes non-tlh="40" tlh="20038064" />
  <largest-consumer threadName="Thread-10" threadId="0000000002675D00" bytes="7555312" />
</allocation-stats>
<gc-op id="1571" type="scavenge" timems="0.892" contextid="1568" timestamp="2019-06-17T06:04:06.140">
  <scavenger-info tenureage="3" tenuremask="ffe8" tiltratio="89" />
  <memory-copied type="nursery" objects="10113" bytes="381488" bytesdiscarded="230608" />
  <memory-copied type="tenure" objects="1247" bytes="29928" bytesdiscarded="0" />
</gc-op>
<gc-end id="1572" type="scavenge" contextid="1568" durationms="1.094" usertimems="0.000" systemtimems="0.000" timestamp="2019-06-17T06:04:06.140" activeThreads="4">
  <mem-info id="1573" free="2083995984" total="2092630016" percent="99">
    <mem type="nursery" free="19769600" total="22675456" percent="87">
      <mem type="allocate" free="19769600" total="20381696" percent="96" />
      <mem type="survivor" free="0" total="2293760" percent="0" />
    </mem>
    <mem type="tenure" free="2064226384" total="2069954560" percent="99">
      <mem type="soa" free="1960728656" total="1966456832" percent="99" />
      <mem type="loa" free="103497728" total="103497728" percent="100" />
    </mem>
    <remembered-set count="4150" />
  </mem-info>
</gc-end>
<cycle-end id="1574" type="scavenge" contextid="1568" timestamp="2019-06-17T06:04:06.140" />
  <attribute name="elasticGC enabled" value="1" />
  <attribute name= "numThreadsSpecified" value="4" />
  <attribute name="heapSize specified" value="27525120" />
  <attribute name="Current GC Util" value="24" />
  <attribute name= "Current Time Running" value="1769" />
  <attribute name ="GC Interval" value="200" />
  <attribute name="ProportionalT" value="4.000000" />
  <attribute name="ProportionalI" value="4.000000" />
  <attribute name="ProportionalH" value="4.000000" />
  <attribute name="Current Error" value="4.000000" />
  <attribute name="IntegralT" value="52.000000" />
  <attribute name="IntegralI" value="52.000000" />
  <attribute name="IntegralH" value="52.000000" />
  <attribute name="DerivativeT" value="0.000000" />
  <attribute name="DerivativeI" value="0.000000" />
  <attribute name="DerivativeH" value="0.000000" />
  <attribute name="Loop Time for DT" value="13.000000" />
  <attribute name="Output H" value="8388608"/>
  <attribute name="Output I" value="200"/>
  <attribute name="Output T" value="4"/>
  <attribute name="Target GC Util Change" value ="20.000000" />
  <attribute name="Current GC Util Change" value="24.000000"/>
  <attribute name="GC Util currently" value="24" />
  <attribute name="CPU Util currently" value="352791265299" />
<allocation-satisfied id="1575" threadId="000000000267D500" bytesRequested="40" />
<af-end id="1576" timestamp="2019-06-17T06:04:06.140" threadId="000000000267DE88" success="true" from="nursery"/>
<exclusive-end id="1577" timestamp="2019-06-17T06:04:06.140" durationms="1.551" />

<exclusive-start id="1578" timestamp="2019-06-17T06:04:06.153" intervalms="14.036">
  <response-info timems="0.035" idlems="0.035" threads="0" lastid="0000000002679900" lastname="Thread-8" />
</exclusive-start>
<af-start id="1579" threadId="000000000267A288" totalBytesRequested="40" timestamp="2019-06-17T06:04:06.153" intervalms="14.042" type="nursery" />
<cycle-start id="1580" type="scavenge" contextid="0" timestamp="2019-06-17T06:04:06.153" intervalms="14.043" />
<gc-start id="1581" type="scavenge" contextid="1580" timestamp="2019-06-17T06:04:06.153">
  <mem-info id="1582" free="2064226384" total="2092630016" percent="98">
    <mem type="nursery" free="0" total="22675456" percent="0">
      <mem type="allocate" free="0" total="20381696" percent="0" />
      <mem type="survivor" free="0" total="2293760" percent="0" />
    </mem>
    <mem type="tenure" free="2064226384" total="2069954560" percent="99">
      <mem type="soa" free="1960728656" total="1966456832" percent="99" />
      <mem type="loa" free="103497728" total="103497728" percent="100" />
    </mem>
    <remembered-set count="5316" />
  </mem-info>
</gc-start>
<allocation-stats totalBytes="19767272" >
  <allocated-bytes non-tlh="40" tlh="19767232" />
  <largest-consumer threadName="Thread-10" threadId="0000000002675D00" bytes="6366592" />
</allocation-stats>
<gc-op id="1583" type="scavenge" timems="0.443" contextid="1580" timestamp="2019-06-17T06:04:06.154">
  <scavenger-info tenureage="3" tenuremask="ffe8" tiltratio="89" />
  <memory-copied type="nursery" objects="10701" bytes="395680" bytesdiscarded="207968" />
  <memory-copied type="tenure" objects="1209" bytes="29016" bytesdiscarded="0" />
</gc-op>
<gc-end id="1584" type="scavenge" contextid="1580" durationms="0.812" usertimems="0.000" systemtimems="0.000" timestamp="2019-06-17T06:04:06.154" activeThreads="4">
  <mem-info id="1585" free="2083873104" total="2092630016" percent="99">
    <mem type="nursery" free="19778048" total="22675456" percent="87">
      <mem type="allocate" free="19778048" total="20381696" percent="97" />
      <mem type="survivor" free="0" total="2293760" percent="0" />
    </mem>
    <mem type="tenure" free="2064095056" total="2069954560" percent="99">
      <mem type="soa" free="1960597328" total="1966456832" percent="99" />
      <mem type="loa" free="103497728" total="103497728" percent="100" />
    </mem>
    <remembered-set count="4106" />
  </mem-info>
</gc-end>
<cycle-end id="1586" type="scavenge" contextid="1580" timestamp="2019-06-17T06:04:06.154" />
  <attribute name="elasticGC enabled" value="1" />
  <attribute name= "numThreadsSpecified" value="4" />
  <attribute name="heapSize specified" value="27525120" />
  <attribute name="Current GC Util" value="16" />
  <attribute name= "Current Time Running" value="1783" />
  <attribute name ="GC Interval" value="200" />
  <attribute name="ProportionalT" value="-4.000000" />
  <attribute name="ProportionalI" value="-4.000000" />
  <attribute name="ProportionalH" value="-4.000000" />
  <attribute name="Current Error" value="-4.000000" />
  <attribute name="IntegralT" value="-56.000000" />
  <attribute name="IntegralI" value="-56.000000" />
  <attribute name="IntegralH" value="-56.000000" />
  <attribute name="DerivativeT" value="-0.571429" />
  <attribute name="DerivativeI" value="-0.571429" />
  <attribute name="DerivativeH" value="-0.571429" />
  <attribute name="Loop Time for DT" value="14.000000" />
  <attribute name="Output H" value="2092630016"/>
  <attribute name="Output I" value="200"/>
  <attribute name="Output T" value="4"/>
  <attribute name="Target GC Util Change" value ="20.000000" />
  <attribute name="Current GC Util Change" value="16.000000"/>
  <attribute name="GC Util currently" value="16" />
  <attribute name="CPU Util currently" value="328378108902" />
<allocation-satisfied id="1587" threadId="0000000002679900" bytesRequested="40" />
<af-end id="1588" timestamp="2019-06-17T06:04:06.154" threadId="000000000267A288" success="true" from="nursery"/>
<exclusive-end id="1589" timestamp="2019-06-17T06:04:06.154" durationms="1.275" />

<exclusive-start id="1590" timestamp="2019-06-17T06:04:06.166" intervalms="13.553">
  <response-info timems="0.023" idlems="0.023" threads="0" lastid="0000000002681100" lastname="Thread-9" />
</exclusive-start>
<af-start id="1591" threadId="0000000002681A88" totalBytesRequested="40" timestamp="2019-06-17T06:04:06.166" intervalms="13.540" type="nursery" />
<cycle-start id="1592" type="scavenge" contextid="0" timestamp="2019-06-17T06:04:06.167" intervalms="13.533" />
<gc-start id="1593" type="scavenge" contextid="1592" timestamp="2019-06-17T06:04:06.167">
  <mem-info id="1594" free="2064095056" total="2092630016" percent="98">
    <mem type="nursery" free="0" total="22675456" percent="0">
      <mem type="allocate" free="0" total="20381696" percent="0" />
      <mem type="survivor" free="0" total="2293760" percent="0" />
    </mem>
    <mem type="tenure" free="2064095056" total="2069954560" percent="99">
      <mem type="soa" free="1960597328" total="1966456832" percent="99" />
      <mem type="loa" free="103497728" total="103497728" percent="100" />
    </mem>
    <remembered-set count="4964" />
  </mem-info>
</gc-start>
<allocation-stats totalBytes="19775664" >
  <allocated-bytes non-tlh="40" tlh="19775624" />
  <largest-consumer threadName="Thread-10" threadId="0000000002675D00" bytes="6244048" />
</allocation-stats>
<gc-op id="1595" type="scavenge" timems="1.030" contextid="1592" timestamp="2019-06-17T06:04:06.168">
  <scavenger-info tenureage="3" tenuremask="4008" tiltratio="89" />
  <memory-copied type="nursery" objects="11139" bytes="406000" bytesdiscarded="74768" />
  <memory-copied type="tenure" objects="1478" bytes="35472" bytesdiscarded="0" />
</gc-op>
<gc-end id="1596" type="scavenge" contextid="1592" durationms="1.206" usertimems="4.000" systemtimems="0.000" timestamp="2019-06-17T06:04:06.168" activeThreads="4">
  <mem-info id="1597" free="2083995984" total="2092630016" percent="99">
    <mem type="nursery" free="19900928" total="22675456" percent="87">
      <mem type="allocate" free="19900928" total="20381696" percent="97" />
      <mem type="survivor" free="0" total="2293760" percent="0" />
    </mem>
    <mem type="tenure" free="2064095056" total="2069954560" percent="99">
      <mem type="soa" free="1960597328" total="1966456832" percent="99" />
      <mem type="loa" free="103497728" total="103497728" percent="100" />
    </mem>
    <remembered-set count="3486" />
  </mem-info>
</gc-end>
<cycle-end id="1598" type="scavenge" contextid="1592" timestamp="2019-06-17T06:04:06.168" />
  <attribute name="elasticGC enabled" value="1" />
  <attribute name= "numThreadsSpecified" value="4" />
  <attribute name="heapSize specified" value="27525120" />
  <attribute name="Current GC Util" value="10" />
  <attribute name= "Current Time Running" value="1796" />
  <attribute name ="GC Interval" value="200" />
  <attribute name="ProportionalT" value="-10.000000" />
  <attribute name="ProportionalI" value="-10.000000" />
  <attribute name="ProportionalH" value="-10.000000" />
  <attribute name="Current Error" value="-10.000000" />
  <attribute name="IntegralT" value="-130.000000" />
  <attribute name="IntegralI" value="-130.000000" />
  <attribute name="IntegralH" value="-130.000000" />
  <attribute name="DerivativeT" value="-0.769231" />
  <attribute name="DerivativeI" value="-0.769231" />
  <attribute name="DerivativeH" value="-0.769231" />
  <attribute name="Loop Time for DT" value="13.000000" />
  <attribute name="Output H" value="2092630016"/>
  <attribute name="Output I" value="200"/>
  <attribute name="Output T" value="4"/>
  <attribute name="Target GC Util Change" value ="20.000000" />
  <attribute name="Current GC Util Change" value="10.000000"/>
  <attribute name="GC Util currently" value="10" />
  <attribute name="CPU Util currently" value="341354274601" />
<allocation-satisfied id="1599" threadId="0000000002681100" bytesRequested="40" />
<af-end id="1600" timestamp="2019-06-17T06:04:06.168" threadId="0000000002681A88" success="true" from="nursery"/>
<exclusive-end id="1601" timestamp="2019-06-17T06:04:06.168" durationms="1.613" />

<exclusive-start id="1602" timestamp="2019-06-17T06:04:06.181" intervalms="14.330">
  <response-info timems="0.023" idlems="0.023" threads="0" lastid="0000000002679900" lastname="Thread-8" />
</exclusive-start>
<af-start id="1603" threadId="000000000267A288" totalBytesRequested="40" timestamp="2019-06-17T06:04:06.181" intervalms="14.338" type="nursery" />
<cycle-start id="1604" type="scavenge" contextid="0" timestamp="2019-06-17T06:04:06.181" intervalms="14.346" />
<gc-start id="1605" type="scavenge" contextid="1604" timestamp="2019-06-17T06:04:06.181">
  <mem-info id="1606" free="2064095056" total="2092630016" percent="98">
    <mem type="nursery" free="0" total="22675456" percent="0">
      <mem type="allocate" free="0" total="20381696" percent="0" />
      <mem type="survivor" free="0" total="2293760" percent="0" />
    </mem>
    <mem type="tenure" free="2064095056" total="2069954560" percent="99">
      <mem type="soa" free="1960597328" total="1966456832" percent="99" />
      <mem type="loa" free="103497728" total="103497728" percent="100" />
    </mem>
    <remembered-set count="4458" />
  </mem-info>
</gc-start>
<allocation-stats totalBytes="19898360" >
  <allocated-bytes non-tlh="40" tlh="19898320" />
  <largest-consumer threadName="Thread-10" threadId="0000000002675D00" bytes="5842568" />
</allocation-stats>
<gc-op id="1607" type="scavenge" timems="0.468" contextid="1604" timestamp="2019-06-17T06:04:06.182">
  <scavenger-info tenureage="3" tenuremask="c008" tiltratio="89" />
  <memory-copied type="nursery" objects="5802" bytes="140456" bytesdiscarded="301144" />
  <memory-copied type="tenure" objects="7169" bytes="309432" bytesdiscarded="24" />
</gc-op>
<gc-end id="1608" type="scavenge" contextid="1604" durationms="0.832" usertimems="0.000" systemtimems="0.000" timestamp="2019-06-17T06:04:06.182" activeThreads="4">
  <mem-info id="1609" free="2083833936" total="2092630016" percent="99">
    <mem type="nursery" free="19940096" total="22675456" percent="87">
      <mem type="allocate" free="19940096" total="20381696" percent="97" />
      <mem type="survivor" free="0" total="2293760" percent="0" />
    </mem>
    <mem type="tenure" free="2063893840" total="2069954560" percent="99">
      <mem type="soa" free="1960396112" total="1966456832" percent="99" />
      <mem type="loa" free="103497728" total="103497728" percent="100" />
    </mem>
    <remembered-set count="5696" />
  </mem-info>
</gc-end>
<cycle-end id="1610" type="scavenge" contextid="1604" timestamp="2019-06-17T06:04:06.182" />
  <attribute name="elasticGC enabled" value="1" />
  <attribute name= "numThreadsSpecified" value="4" />
  <attribute name="heapSize specified" value="27525120" />
  <attribute name="Current GC Util" value="17" />
  <attribute name= "Current Time Running" value="1811" />
  <attribute name ="GC Interval" value="200" />
  <attribute name="ProportionalT" value="-3.000000" />
  <attribute name="ProportionalI" value="-3.000000" />
  <attribute name="ProportionalH" value="-3.000000" />
  <attribute name="Current Error" value="-3.000000" />
  <attribute name="IntegralT" value="-45.000000" />
  <attribute name="IntegralI" value="-45.000000" />
  <attribute name="IntegralH" value="-45.000000" />
  <attribute name="DerivativeT" value="-0.200000" />
  <attribute name="DerivativeI" value="-0.200000" />
  <attribute name="DerivativeH" value="-0.200000" />
  <attribute name="Loop Time for DT" value="15.000000" />
  <attribute name="Output H" value="2092630016"/>
  <attribute name="Output I" value="200"/>
  <attribute name="Output T" value="4"/>
  <attribute name="Target GC Util Change" value ="20.000000" />
  <attribute name="Current GC Util Change" value="17.000000"/>
  <attribute name="GC Util currently" value="17" />
  <attribute name="CPU Util currently" value="321070645028" />
<allocation-satisfied id="1611" threadId="0000000002679900" bytesRequested="40" />
<af-end id="1612" timestamp="2019-06-17T06:04:06.182" threadId="000000000267A288" success="true" from="nursery"/>
<exclusive-end id="1613" timestamp="2019-06-17T06:04:06.182" durationms="1.286" />

<exclusive-start id="1614" timestamp="2019-06-17T06:04:06.193" intervalms="12.749">
  <response-info timems="0.038" idlems="0.038" threads="0" lastid="0000000002679900" lastname="Thread-8" />
</exclusive-start>
<af-start id="1615" threadId="000000000267A288" totalBytesRequested="40" timestamp="2019-06-17T06:04:06.194" intervalms="12.751" type="nursery" />
<cycle-start id="1616" type="scavenge" contextid="0" timestamp="2019-06-17T06:04:06.194" intervalms="12.748" />
<gc-start id="1617" type="scavenge" contextid="1616" timestamp="2019-06-17T06:04:06.194">
  <mem-info id="1618" free="2063893840" total="2092630016" percent="98">
    <mem type="nursery" free="0" total="22675456" percent="0">
      <mem type="allocate" free="0" total="20381696" percent="0" />
      <mem type="survivor" free="0" total="2293760" percent="0" />
    </mem>
    <mem type="tenure" free="2063893840" total="2069954560" percent="99">
      <mem type="soa" free="1960396112" total="1966456832" percent="99" />
      <mem type="loa" free="103497728" total="103497728" percent="100" />
    </mem>
    <remembered-set count="6912" />
  </mem-info>
</gc-start>
<allocation-stats totalBytes="19937784" >
  <allocated-bytes non-tlh="40" tlh="19937744" />
  <largest-consumer threadName="Thread-8" threadId="0000000002679900" bytes="5995888" />
</allocation-stats>
<gc-op id="1619" type="scavenge" timems="0.424" contextid="1616" timestamp="2019-06-17T06:04:06.194">
  <scavenger-info tenureage="3" tenuremask="ffe8" tiltratio="89" />
  <memory-copied type="nursery" objects="11606" bytes="417232" bytesdiscarded="234032" />
  <memory-copied type="tenure" objects="1789" bytes="42936" bytesdiscarded="0" />
</gc-op>
<gc-end id="1620" type="scavenge" contextid="1616" durationms="0.793" usertimems="4.000" systemtimems="0.000" timestamp="2019-06-17T06:04:06.194" activeThreads="4">
  <mem-info id="1621" free="2083624272" total="2092630016" percent="99">
    <mem type="nursery" free="19730432" total="22675456" percent="87">
      <mem type="allocate" free="19730432" total="20381696" percent="96" />
      <mem type="survivor" free="0" total="2293760" percent="0" />
    </mem>
    <mem type="tenure" free="2063893840" total="2069954560" percent="99">
      <mem type="soa" free="1960396112" total="1966456832" percent="99" />
      <mem type="loa" free="103497728" total="103497728" percent="100" />
    </mem>
    <remembered-set count="5123" />
  </mem-info>
</gc-end>
<cycle-end id="1622" type="scavenge" contextid="1616" timestamp="2019-06-17T06:04:06.195" />
  <attribute name="elasticGC enabled" value="1" />
  <attribute name= "numThreadsSpecified" value="4" />
  <attribute name="heapSize specified" value="27525120" />
  <attribute name="Current GC Util" value="13" />
  <attribute name= "Current Time Running" value="1823" />
  <attribute name ="GC Interval" value="200" />
  <attribute name="ProportionalT" value="-7.000000" />
  <attribute name="ProportionalI" value="-7.000000" />
  <attribute name="ProportionalH" value="-7.000000" />
  <attribute name="Current Error" value="-7.000000" />
  <attribute name="IntegralT" value="-84.000000" />
  <attribute name="IntegralI" value="-84.000000" />
  <attribute name="IntegralH" value="-84.000000" />
  <attribute name="DerivativeT" value="-0.583333" />
  <attribute name="DerivativeI" value="-0.583333" />
  <attribute name="DerivativeH" value="-0.583333" />
  <attribute name="Loop Time for DT" value="12.000000" />
  <attribute name="Output H" value="2092630016"/>
  <attribute name="Output I" value="200"/>
  <attribute name="Output T" value="4"/>
  <attribute name="Target GC Util Change" value ="20.000000" />
  <attribute name="Current GC Util Change" value="13.000000"/>
  <attribute name="GC Util currently" value="13" />
  <attribute name="CPU Util currently" value="361879873352" />
<allocation-satisfied id="1623" threadId="0000000002679900" bytesRequested="40" />
<af-end id="1624" timestamp="2019-06-17T06:04:06.195" threadId="000000000267A288" success="true" from="nursery"/>
<exclusive-end id="1625" timestamp="2019-06-17T06:04:06.195" durationms="1.247" />

<exclusive-start id="1626" timestamp="2019-06-17T06:04:06.208" intervalms="14.811">
  <response-info timems="0.025" idlems="0.025" threads="0" lastid="0000000002679900" lastname="Thread-8" />
</exclusive-start>
<af-start id="1627" threadId="000000000267A288" totalBytesRequested="40" timestamp="2019-06-17T06:04:06.208" intervalms="14.836" type="nursery" />
<cycle-start id="1628" type="scavenge" contextid="0" timestamp="2019-06-17T06:04:06.208" intervalms="14.841" />
<gc-start id="1629" type="scavenge" contextid="1628" timestamp="2019-06-17T06:04:06.209">
  <mem-info id="1630" free="2063893840" total="2092630016" percent="98">
    <mem type="nursery" free="0" total="22675456" percent="0">
      <mem type="allocate" free="0" total="20381696" percent="0" />
      <mem type="survivor" free="0" total="2293760" percent="0" />
    </mem>
    <mem type="tenure" free="2063893840" total="2069954560" percent="99">
      <mem type="soa" free="1960396112" total="1966456832" percent="99" />
      <mem type="loa" free="103497728" total="103497728" percent="100" />
    </mem>
    <remembered-set count="6009" />
  </mem-info>
</gc-start>
<allocation-stats totalBytes="19728008" >
  <allocated-bytes non-tlh="40" tlh="19727968" />
  <largest-consumer threadName="Thread-8" threadId="0000000002679900" bytes="6388976" />
</allocation-stats>
<gc-op id="1631" type="scavenge" timems="0.439" contextid="1628" timestamp="2019-06-17T06:04:06.209">
  <scavenger-info tenureage="3" tenuremask="c008" tiltratio="89" />
  <memory-copied type="nursery" objects="11385" bytes="411944" bytesdiscarded="208600" />
  <memory-copied type="tenure" objects="1946" bytes="46704" bytesdiscarded="0" />
</gc-op>
<gc-end id="1632" type="scavenge" contextid="1628" durationms="0.806" usertimems="4.000" systemtimems="0.000" timestamp="2019-06-17T06:04:06.209" activeThreads="4">
  <mem-info id="1633" free="2083554384" total="2092630016" percent="99">
    <mem type="nursery" free="19761152" total="22675456" percent="87">
      <mem type="allocate" free="19761152" total="20381696" percent="96" />
      <mem type="survivor" free="0" total="2293760" percent="0" />
    </mem>
    <mem type="tenure" free="2063793232" total="2069954560" percent="99">
      <mem type="soa" free="1960295504" total="1966456832" percent="99" />
      <mem type="loa" free="103497728" total="103497728" percent="100" />
    </mem>
    <remembered-set count="4062" />
  </mem-info>
</gc-end>
<cycle-end id="1634" type="scavenge" contextid="1628" timestamp="2019-06-17T06:04:06.209" />
  <attribute name="elasticGC enabled" value="1" />
  <attribute name= "numThreadsSpecified" value="4" />
  <attribute name="heapSize specified" value="27525120" />
  <attribute name="Current GC Util" value="10" />
  <attribute name= "Current Time Running" value="1838" />
  <attribute name ="GC Interval" value="200" />
  <attribute name="ProportionalT" value="-10.000000" />
  <attribute name="ProportionalI" value="-10.000000" />
  <attribute name="ProportionalH" value="-10.000000" />
  <attribute name="Current Error" value="-10.000000" />
  <attribute name="IntegralT" value="-150.000000" />
  <attribute name="IntegralI" value="-150.000000" />
  <attribute name="IntegralH" value="-150.000000" />
  <attribute name="DerivativeT" value="-0.666667" />
  <attribute name="DerivativeI" value="-0.666667" />
  <attribute name="DerivativeH" value="-0.666667" />
  <attribute name="Loop Time for DT" value="15.000000" />
  <attribute name="Output H" value="2092630016"/>
  <attribute name="Output I" value="200"/>
  <attribute name="Output T" value="4"/>
  <attribute name="Target GC Util Change" value ="20.000000" />
  <attribute name="Current GC Util Change" value="10.000000"/>
  <attribute name="GC Util currently" value="10" />
  <attribute name="CPU Util currently" value="310529812544" />
<allocation-satisfied id="1635" threadId="0000000002679900" bytesRequested="40" />
<af-end id="1636" timestamp="2019-06-17T06:04:06.210" threadId="000000000267A288" success="true" from="nursery"/>
<exclusive-end id="1637" timestamp="2019-06-17T06:04:06.210" durationms="1.303" />

<exclusive-start id="1638" timestamp="2019-06-17T06:04:06.222" intervalms="13.600">
  <response-info timems="0.034" idlems="0.034" threads="0" lastid="0000000002679900" lastname="Thread-8" />
</exclusive-start>
<af-start id="1639" threadId="000000000267A288" totalBytesRequested="40" timestamp="2019-06-17T06:04:06.222" intervalms="13.573" type="nursery" />
<cycle-start id="1640" type="scavenge" contextid="0" timestamp="2019-06-17T06:04:06.222" intervalms="13.569" />
<gc-start id="1641" type="scavenge" contextid="1640" timestamp="2019-06-17T06:04:06.222">
  <mem-info id="1642" free="2063793232" total="2092630016" percent="98">
    <mem type="nursery" free="0" total="22675456" percent="0">
      <mem type="allocate" free="0" total="20381696" percent="0" />
      <mem type="survivor" free="0" total="2293760" percent="0" />
    </mem>
    <mem type="tenure" free="2063793232" total="2069954560" percent="99">
      <mem type="soa" free="1960295504" total="1966456832" percent="99" />
      <mem type="loa" free="103497728" total="103497728" percent="100" />
    </mem>
    <remembered-set count="5060" />
  </mem-info>
</gc-start>
<allocation-stats totalBytes="19758560" >
  <allocated-bytes non-tlh="40" tlh="19758520" />
  <largest-consumer threadName="Thread-8" threadId="0000000002679900" bytes="5602536" />
</allocation-stats>
<gc-op id="1643" type="scavenge" timems="0.428" contextid="1640" timestamp="2019-06-17T06:04:06.223">
  <scavenger-info tenureage="3" tenuremask="ffe8" tiltratio="89" />
  <memory-copied type="nursery" objects="11193" bytes="407200" bytesdiscarded="182624" />
  <memory-copied type="tenure" objects="1849" bytes="44376" bytesdiscarded="0" />
</gc-op>
<gc-end id="1644" type="scavenge" contextid="1640" durationms="0.788" usertimems="4.000" systemtimems="0.000" timestamp="2019-06-17T06:04:06.223" activeThreads="4">
  <mem-info id="1645" free="2083585104" total="2092630016" percent="99">
    <mem type="nursery" free="19791872" total="22675456" percent="87">
      <mem type="allocate" free="19791872" total="20381696" percent="97" />
      <mem type="survivor" free="0" total="2293760" percent="0" />
    </mem>
    <mem type="tenure" free="2063793232" total="2069954560" percent="99">
      <mem type="soa" free="1960295504" total="1966456832" percent="99" />
      <mem type="loa" free="103497728" total="103497728" percent="100" />
    </mem>
    <remembered-set count="3211" />
  </mem-info>
</gc-end>
<cycle-end id="1646" type="scavenge" contextid="1640" timestamp="2019-06-17T06:04:06.223" />
  <attribute name="elasticGC enabled" value="1" />
  <attribute name= "numThreadsSpecified" value="4" />
  <attribute name="heapSize specified" value="27525120" />
  <attribute name="Current GC Util" value="11" />
  <attribute name= "Current Time Running" value="1852" />
  <attribute name ="GC Interval" value="200" />
  <attribute name="ProportionalT" value="-9.000000" />
  <attribute name="ProportionalI" value="-9.000000" />
  <attribute name="ProportionalH" value="-9.000000" />
  <attribute name="Current Error" value="-9.000000" />
  <attribute name="IntegralT" value="-126.000000" />
  <attribute name="IntegralI" value="-126.000000" />
  <attribute name="IntegralH" value="-126.000000" />
  <attribute name="DerivativeT" value="-0.642857" />
  <attribute name="DerivativeI" value="-0.642857" />
  <attribute name="DerivativeH" value="-0.642857" />
  <attribute name="Loop Time for DT" value="14.000000" />
  <attribute name="Output H" value="2092630016"/>
  <attribute name="Output I" value="200"/>
  <attribute name="Output T" value="4"/>
  <attribute name="Target GC Util Change" value ="20.000000" />
  <attribute name="Current GC Util Change" value="11.000000"/>
  <attribute name="GC Util currently" value="11" />
  <attribute name="CPU Util currently" value="340033802841" />
<allocation-satisfied id="1647" threadId="0000000002679900" bytesRequested="40" />
<af-end id="1648" timestamp="2019-06-17T06:04:06.223" threadId="000000000267A288" success="true" from="nursery"/>
<exclusive-end id="1649" timestamp="2019-06-17T06:04:06.223" durationms="1.248" />

<exclusive-start id="1650" timestamp="2019-06-17T06:04:06.238" intervalms="15.765">
  <response-info timems="0.029" idlems="0.029" threads="0" lastid="000000000267D500" lastname="Thread-7" />
</exclusive-start>
<af-start id="1651" threadId="000000000267DE88" totalBytesRequested="40" timestamp="2019-06-17T06:04:06.238" intervalms="15.789" type="nursery" />
<cycle-start id="1652" type="scavenge" contextid="0" timestamp="2019-06-17T06:04:06.238" intervalms="15.793" />
<gc-start id="1653" type="scavenge" contextid="1652" timestamp="2019-06-17T06:04:06.238">
  <mem-info id="1654" free="2063793232" total="2092630016" percent="98">
    <mem type="nursery" free="0" total="22675456" percent="0">
      <mem type="allocate" free="0" total="20381696" percent="0" />
      <mem type="survivor" free="0" total="2293760" percent="0" />
    </mem>
    <mem type="tenure" free="2063793232" total="2069954560" percent="99">
      <mem type="soa" free="1960295504" total="1966456832" percent="99" />
      <mem type="loa" free="103497728" total="103497728" percent="100" />
    </mem>
    <remembered-set count="4114" />
  </mem-info>
</gc-start>
<allocation-stats totalBytes="19789584" >
  <allocated-bytes non-tlh="40" tlh="19789544" />
  <largest-consumer threadName="Thread-8" threadId="0000000002679900" bytes="6520128" />
</allocation-stats>
<gc-op id="1655" type="scavenge" timems="1.429" contextid="1652" timestamp="2019-06-17T06:04:06.239">
  <scavenger-info tenureage="3" tenuremask="ffe8" tiltratio="89" />
  <memory-copied type="nursery" objects="11051" bytes="403544" bytesdiscarded="116392" />
  <memory-copied type="tenure" objects="7599" bytes="319752" bytesdiscarded="0" />
</gc-op>
<gc-end id="1656" type="scavenge" contextid="1652" durationms="1.639" usertimems="4.000" systemtimems="0.000" timestamp="2019-06-17T06:04:06.240" activeThreads="4">
  <mem-info id="1657" free="2083325664" total="2092630016" percent="99">
    <mem type="nursery" free="19861760" total="22675456" percent="87">
      <mem type="allocate" free="19861760" total="20381696" percent="97" />
      <mem type="survivor" free="0" total="2293760" percent="0" />
    </mem>
    <mem type="tenure" free="2063463904" total="2069954560" percent="99">
      <mem type="soa" free="1959966176" total="1966456832" percent="99" />
      <mem type="loa" free="103497728" total="103497728" percent="100" />
    </mem>
    <remembered-set count="5207" />
  </mem-info>
</gc-end>
<cycle-end id="1658" type="scavenge" contextid="1652" timestamp="2019-06-17T06:04:06.240" />
  <attribute name="elasticGC enabled" value="1" />
  <attribute name= "numThreadsSpecified" value="4" />
  <attribute name="heapSize specified" value="27525120" />
  <attribute name="Current GC Util" value="9" />
  <attribute name= "Current Time Running" value="1868" />
  <attribute name ="GC Interval" value="200" />
  <attribute name="ProportionalT" value="-11.000000" />
  <attribute name="ProportionalI" value="-11.000000" />
  <attribute name="ProportionalH" value="-11.000000" />
  <attribute name="Current Error" value="-11.000000" />
  <attribute name="IntegralT" value="-176.000000" />
  <attribute name="IntegralI" value="-176.000000" />
  <attribute name="IntegralH" value="-176.000000" />
  <attribute name="DerivativeT" value="-0.687500" />
  <attribute name="DerivativeI" value="-0.687500" />
  <attribute name="DerivativeH" value="-0.687500" />
  <attribute name="Loop Time for DT" value="16.000000" />
  <attribute name="Output H" value="2092630016"/>
  <attribute name="Output I" value="200"/>
  <attribute name="Output T" value="4"/>
  <attribute name="Target GC Util Change" value ="20.000000" />
  <attribute name="Current GC Util Change" value="9.000000"/>
  <attribute name="GC Util currently" value="9" />
  <attribute name="CPU Util currently" value="291910768317" />
<allocation-satisfied id="1659" threadId="000000000267D500" bytesRequested="40" />
<af-end id="1660" timestamp="2019-06-17T06:04:06.240" threadId="000000000267DE88" success="true" from="nursery"/>
<exclusive-end id="1661" timestamp="2019-06-17T06:04:06.240" durationms="2.144" />

<exclusive-start id="1662" timestamp="2019-06-17T06:04:06.255" intervalms="17.428">
  <response-info timems="0.025" idlems="0.025" threads="0" lastid="0000000002681100" lastname="Thread-9" />
</exclusive-start>
<af-start id="1663" threadId="0000000002681A88" totalBytesRequested="40" timestamp="2019-06-17T06:04:06.255" intervalms="17.411" type="nursery" />
<cycle-start id="1664" type="scavenge" contextid="0" timestamp="2019-06-17T06:04:06.255" intervalms="17.403" />
<gc-start id="1665" type="scavenge" contextid="1664" timestamp="2019-06-17T06:04:06.255">
  <mem-info id="1666" free="2063463904" total="2092630016" percent="98">
    <mem type="nursery" free="0" total="22675456" percent="0">
      <mem type="allocate" free="0" total="20381696" percent="0" />
      <mem type="survivor" free="0" total="2293760" percent="0" />
    </mem>
    <mem type="tenure" free="2063463904" total="2069954560" percent="99">
      <mem type="soa" free="1959966176" total="1966456832" percent="99" />
      <mem type="loa" free="103497728" total="103497728" percent="100" />
    </mem>
    <remembered-set count="6897" />
  </mem-info>
</gc-start>
<allocation-stats totalBytes="19859104" >
  <allocated-bytes non-tlh="40" tlh="19859064" />
  <largest-consumer threadName="Thread-8" threadId="0000000002679900" bytes="7306120" />
</allocation-stats>
<gc-op id="1667" type="scavenge" timems="0.570" contextid="1664" timestamp="2019-06-17T06:04:06.256">
  <scavenger-info tenureage="3" tenuremask="ffe8" tiltratio="89" />
  <memory-copied type="nursery" objects="11298" bytes="409576" bytesdiscarded="132632" />
  <memory-copied type="tenure" objects="1722" bytes="41328" bytesdiscarded="0" />
</gc-op>
<gc-end id="1668" type="scavenge" contextid="1664" durationms="0.748" usertimems="0.000" systemtimems="4.000" timestamp="2019-06-17T06:04:06.256" activeThreads="4">
  <mem-info id="1669" free="2083303392" total="2092630016" percent="99">
    <mem type="nursery" free="19839488" total="22675456" percent="87">
      <mem type="allocate" free="19839488" total="20381696" percent="97" />
      <mem type="survivor" free="0" total="2293760" percent="0" />
    </mem>
    <mem type="tenure" free="2063463904" total="2069954560" percent="99">
      <mem type="soa" free="1959966176" total="1966456832" percent="99" />
      <mem type="loa" free="103497728" total="103497728" percent="100" />
    </mem>
    <remembered-set count="5174" />
  </mem-info>
</gc-end>
<cycle-end id="1670" type="scavenge" contextid="1664" timestamp="2019-06-17T06:04:06.256" />
  <attribute name="elasticGC enabled" value="1" />
  <attribute name= "numThreadsSpecified" value="4" />
  <attribute name="heapSize specified" value="27525120" />
  <attribute name="Current GC Util" value="21" />
  <attribute name= "Current Time Running" value="1885" />
  <attribute name ="GC Interval" value="200" />
  <attribute name="ProportionalT" value="1.000000" />
  <attribute name="ProportionalI" value="1.000000" />
  <attribute name="ProportionalH" value="1.000000" />
  <attribute name="Current Error" value="1.000000" />
  <attribute name="IntegralT" value="17.000000" />
  <attribute name="IntegralI" value="17.000000" />
  <attribute name="IntegralH" value="17.000000" />
  <attribute name="DerivativeT" value="0.058824" />
  <attribute name="DerivativeI" value="0.058824" />
  <attribute name="DerivativeH" value="0.058824" />
  <attribute name="Loop Time for DT" value="17.000000" />
  <attribute name="Output H" value="8388608"/>
  <attribute name="Output I" value="200"/>
  <attribute name="Output T" value="4"/>
  <attribute name="Target GC Util Change" value ="20.000000" />
  <attribute name="Current GC Util Change" value="21.000000"/>
  <attribute name="GC Util currently" value="21" />
  <attribute name="CPU Util currently" value="265337457712" />
<allocation-satisfied id="1671" threadId="0000000002681100" bytesRequested="40" />
<af-end id="1672" timestamp="2019-06-17T06:04:06.256" threadId="0000000002681A88" success="true" from="nursery"/>
<exclusive-end id="1673" timestamp="2019-06-17T06:04:06.256" durationms="1.186" />

<exclusive-start id="1674" timestamp="2019-06-17T06:04:06.271" intervalms="16.091">
  <response-info timems="2.985" idlems="1.502" threads="1" lastid="0000000002681100" lastname="Thread-9" />
</exclusive-start>
<af-start id="1675" threadId="000000000267A288" totalBytesRequested="40" timestamp="2019-06-17T06:04:06.271" intervalms="16.091" type="nursery" />
<cycle-start id="1676" type="scavenge" contextid="0" timestamp="2019-06-17T06:04:06.271" intervalms="16.098" />
<gc-start id="1677" type="scavenge" contextid="1676" timestamp="2019-06-17T06:04:06.271">
  <mem-info id="1678" free="2063463904" total="2092630016" percent="98">
    <mem type="nursery" free="0" total="22675456" percent="0">
      <mem type="allocate" free="0" total="20381696" percent="0" />
      <mem type="survivor" free="0" total="2293760" percent="0" />
    </mem>
    <mem type="tenure" free="2063463904" total="2069954560" percent="99">
      <mem type="soa" free="1959966176" total="1966456832" percent="99" />
      <mem type="loa" free="103497728" total="103497728" percent="100" />
    </mem>
    <remembered-set count="6557" />
  </mem-info>
</gc-start>
<allocation-stats totalBytes="19837072" >
  <allocated-bytes non-tlh="40" tlh="19837032" />
  <largest-consumer threadName="Thread-8" threadId="0000000002679900" bytes="5864704" />
</allocation-stats>
<gc-op id="1679" type="scavenge" timems="0.601" contextid="1676" timestamp="2019-06-17T06:04:06.272">
  <scavenger-info tenureage="3" tenuremask="ffe8" tiltratio="89" />
  <memory-copied type="nursery" objects="17690" bytes="700696" bytesdiscarded="165608" />
  <memory-copied type="tenure" objects="1660" bytes="39840" bytesdiscarded="0" />
</gc-op>
<gc-end id="1680" type="scavenge" contextid="1676" durationms="0.975" usertimems="0.000" systemtimems="0.000" timestamp="2019-06-17T06:04:06.272" activeThreads="4">
  <mem-info id="1681" free="2082979296" total="2092630016" percent="99">
    <mem type="nursery" free="19515392" total="22675456" percent="86">
      <mem type="allocate" free="19515392" total="20381696" percent="95" />
      <mem type="survivor" free="0" total="2293760" percent="0" />
    </mem>
    <mem type="tenure" free="2063463904" total="2069954560" percent="99">
      <mem type="soa" free="1959966176" total="1966456832" percent="99" />
      <mem type="loa" free="103497728" total="103497728" percent="100" />
    </mem>
    <remembered-set count="4897" />
  </mem-info>
</gc-end>
<cycle-end id="1682" type="scavenge" contextid="1676" timestamp="2019-06-17T06:04:06.272" />
  <attribute name="elasticGC enabled" value="1" />
  <attribute name= "numThreadsSpecified" value="4" />
  <attribute name="heapSize specified" value="27525120" />
  <attribute name="Current GC Util" value="9" />
  <attribute name= "Current Time Running" value="1901" />
  <attribute name ="GC Interval" value="200" />
  <attribute name="ProportionalT" value="-11.000000" />
  <attribute name="ProportionalI" value="-11.000000" />
  <attribute name="ProportionalH" value="-11.000000" />
  <attribute name="Current Error" value="-11.000000" />
  <attribute name="IntegralT" value="-176.000000" />
  <attribute name="IntegralI" value="-176.000000" />
  <attribute name="IntegralH" value="-176.000000" />
  <attribute name="DerivativeT" value="-0.750000" />
  <attribute name="DerivativeI" value="-0.750000" />
  <attribute name="DerivativeH" value="-0.750000" />
  <attribute name="Loop Time for DT" value="16.000000" />
  <attribute name="Output H" value="2092630016"/>
  <attribute name="Output I" value="200"/>
  <attribute name="Output T" value="4"/>
  <attribute name="Target GC Util Change" value ="20.000000" />
  <attribute name="Current GC Util Change" value="9.000000"/>
  <attribute name="GC Util currently" value="9" />
  <attribute name="CPU Util currently" value="286013999446" />
<allocation-satisfied id="1683" threadId="0000000002679900" bytesRequested="40" />
<af-end id="1684" timestamp="2019-06-17T06:04:06.273" threadId="000000000267A288" success="true" from="nursery"/>
<exclusive-end id="1685" timestamp="2019-06-17T06:04:06.273" durationms="1.447" />

<exclusive-start id="1686" timestamp="2019-06-17T06:04:06.289" intervalms="18.086">
  <response-info timems="0.030" idlems="0.030" threads="0" lastid="0000000002675D00" lastname="Thread-10" />
</exclusive-start>
<af-start id="1687" threadId="0000000002676688" totalBytesRequested="40" timestamp="2019-06-17T06:04:06.289" intervalms="18.099" type="nursery" />
<cycle-start id="1688" type="scavenge" contextid="0" timestamp="2019-06-17T06:04:06.289" intervalms="18.101" />
<gc-start id="1689" type="scavenge" contextid="1688" timestamp="2019-06-17T06:04:06.290">
  <mem-info id="1690" free="2063463904" total="2092630016" percent="98">
    <mem type="nursery" free="0" total="22675456" percent="0">
      <mem type="allocate" free="0" total="20381696" percent="0" />
      <mem type="survivor" free="0" total="2293760" percent="0" />
    </mem>
    <mem type="tenure" free="2063463904" total="2069954560" percent="99">
      <mem type="soa" free="1959966176" total="1966456832" percent="99" />
      <mem type="loa" free="103497728" total="103497728" percent="100" />
    </mem>
    <remembered-set count="5313" />
  </mem-info>
</gc-start>
<allocation-stats totalBytes="19512936" >
  <allocated-bytes non-tlh="40" tlh="19512896" />
  <largest-consumer threadName="Thread-10" threadId="0000000002675D00" bytes="5995800" />
</allocation-stats>
<gc-op id="1691" type="scavenge" timems="1.581" contextid="1688" timestamp="2019-06-17T06:04:06.291">
  <scavenger-info tenureage="3" tenuremask="ffe8" tiltratio="89" />
  <memory-copied type="nursery" objects="17914" bytes="706096" bytesdiscarded="266048" />
  <memory-copied type="tenure" objects="7509" bytes="317592" bytesdiscarded="48" />
</gc-op>
<gc-end id="1692" type="scavenge" contextid="1688" durationms="1.801" usertimems="0.000" systemtimems="4.000" timestamp="2019-06-17T06:04:06.291" activeThreads="4">
  <mem-info id="1693" free="2082510192" total="2092630016" percent="99">
    <mem type="nursery" free="19409552" total="22675456" percent="85">
      <mem type="allocate" free="19409552" total="20381696" percent="95" />
      <mem type="survivor" free="0" total="2293760" percent="0" />
    </mem>
    <mem type="tenure" free="2063100640" total="2069954560" percent="99">
      <mem type="soa" free="1959602912" total="1966456832" percent="99" />
      <mem type="loa" free="103497728" total="103497728" percent="100" />
    </mem>
    <remembered-set count="5118" />
  </mem-info>
</gc-end>
<cycle-end id="1694" type="scavenge" contextid="1688" timestamp="2019-06-17T06:04:06.291" />
  <attribute name="elasticGC enabled" value="1" />
  <attribute name= "numThreadsSpecified" value="4" />
  <attribute name="heapSize specified" value="27525120" />
  <attribute name="Current GC Util" value="10" />
  <attribute name= "Current Time Running" value="1919" />
  <attribute name ="GC Interval" value="200" />
  <attribute name="ProportionalT" value="-10.000000" />
  <attribute name="ProportionalI" value="-10.000000" />
  <attribute name="ProportionalH" value="-10.000000" />
  <attribute name="Current Error" value="-10.000000" />
  <attribute name="IntegralT" value="-180.000000" />
  <attribute name="IntegralI" value="-180.000000" />
  <attribute name="IntegralH" value="-180.000000" />
  <attribute name="DerivativeT" value="-0.555556" />
  <attribute name="DerivativeI" value="-0.555556" />
  <attribute name="DerivativeH" value="-0.555556" />
  <attribute name="Loop Time for DT" value="18.000000" />
  <attribute name="Output H" value="2092630016"/>
  <attribute name="Output I" value="200"/>
  <attribute name="Output T" value="4"/>
  <attribute name="Target GC Util Change" value ="20.000000" />
  <attribute name="Current GC Util Change" value="10.000000"/>
  <attribute name="GC Util currently" value="10" />
  <attribute name="CPU Util currently" value="254759372675" />
<allocation-satisfied id="1695" threadId="0000000002675D00" bytesRequested="40" />
<af-end id="1696" timestamp="2019-06-17T06:04:06.292" threadId="0000000002676688" success="true" from="nursery"/>
<exclusive-end id="1697" timestamp="2019-06-17T06:04:06.292" durationms="2.306" />

<exclusive-start id="1698" timestamp="2019-06-17T06:04:06.308" intervalms="18.346">
  <response-info timems="1.443" idlems="0.724" threads="1" lastid="0000000002681100" lastname="Thread-9" />
</exclusive-start>
<af-start id="1699" threadId="0000000002676688" totalBytesRequested="40" timestamp="2019-06-17T06:04:06.308" intervalms="18.333" type="nursery" />
<cycle-start id="1700" type="scavenge" contextid="0" timestamp="2019-06-17T06:04:06.308" intervalms="18.327" />
<gc-start id="1701" type="scavenge" contextid="1700" timestamp="2019-06-17T06:04:06.308">
  <mem-info id="1702" free="2063100640" total="2092630016" percent="98">
    <mem type="nursery" free="0" total="22675456" percent="0">
      <mem type="allocate" free="0" total="20381696" percent="0" />
      <mem type="survivor" free="0" total="2293760" percent="0" />
    </mem>
    <mem type="tenure" free="2063100640" total="2069954560" percent="99">
      <mem type="soa" free="1959602912" total="1966456832" percent="99" />
      <mem type="loa" free="103497728" total="103497728" percent="100" />
    </mem>
    <remembered-set count="6434" />
  </mem-info>
</gc-start>
<allocation-stats totalBytes="19407512" >
  <allocated-bytes non-tlh="40" tlh="19407472" />
  <largest-consumer threadName="Thread-7" threadId="000000000267D500" bytes="5078552" />
</allocation-stats>
<gc-op id="1703" type="scavenge" timems="1.452" contextid="1700" timestamp="2019-06-17T06:04:06.309">
  <scavenger-info tenureage="2" tenuremask="400c" tiltratio="89" />
  <memory-copied type="nursery" objects="10099" bytes="380472" bytesdiscarded="170184" />
  <memory-copied type="tenure" objects="9939" bytes="375912" bytesdiscarded="72" />
</gc-op>
<gc-end id="1704" type="scavenge" contextid="1700" durationms="1.655" usertimems="4.000" systemtimems="0.000" timestamp="2019-06-17T06:04:06.309" activeThreads="4">
  <mem-info id="1705" free="2082529248" total="2092630016" percent="99">
    <mem type="nursery" free="19831040" total="22675456" percent="87">
      <mem type="allocate" free="19831040" total="20381696" percent="97" />
      <mem type="survivor" free="0" total="2293760" percent="0" />
    </mem>
    <mem type="tenure" free="2062698208" total="2069954560" percent="99">
      <mem type="soa" free="1959200480" total="1966456832" percent="99" />
      <mem type="loa" free="103497728" total="103497728" percent="100" />
    </mem>
    <remembered-set count="3233" />
  </mem-info>
</gc-end>
<cycle-end id="1706" type="scavenge" contextid="1700" timestamp="2019-06-17T06:04:06.310" />
  <attribute name="elasticGC enabled" value="1" />
  <attribute name= "numThreadsSpecified" value="4" />
  <attribute name="heapSize specified" value="27525120" />
  <attribute name="Current GC Util" value="22" />
  <attribute name= "Current Time Running" value="1938" />
  <attribute name ="GC Interval" value="200" />
  <attribute name="ProportionalT" value="2.000000" />
  <attribute name="ProportionalI" value="2.000000" />
  <attribute name="ProportionalH" value="2.000000" />
  <attribute name="Current Error" value="2.000000" />
  <attribute name="IntegralT" value="38.000000" />
  <attribute name="IntegralI" value="38.000000" />
  <attribute name="IntegralH" value="38.000000" />
  <attribute name="DerivativeT" value="0.105263" />
  <attribute name="DerivativeI" value="0.105263" />
  <attribute name="DerivativeH" value="0.105263" />
  <attribute name="Loop Time for DT" value="19.000000" />
  <attribute name="Output H" value="8388608"/>
  <attribute name="Output I" value="200"/>
  <attribute name="Output T" value="4"/>
  <attribute name="Target GC Util Change" value ="20.000000" />
  <attribute name="Current GC Util Change" value="22.000000"/>
  <attribute name="GC Util currently" value="22" />
  <attribute name="CPU Util currently" value="251755008501" />
<allocation-satisfied id="1707" threadId="0000000002675D00" bytesRequested="40" />
<af-end id="1708" timestamp="2019-06-17T06:04:06.310" threadId="0000000002676688" success="true" from="nursery"/>
<exclusive-end id="1709" timestamp="2019-06-17T06:04:06.310" durationms="2.112" />

<exclusive-start id="1710" timestamp="2019-06-17T06:04:06.327" intervalms="19.851">
  <response-info timems="0.032" idlems="0.032" threads="0" lastid="000000000267D500" lastname="Thread-7" />
</exclusive-start>
<af-start id="1711" threadId="000000000267DE88" totalBytesRequested="40" timestamp="2019-06-17T06:04:06.328" intervalms="19.870" type="nursery" />
<cycle-start id="1712" type="scavenge" contextid="0" timestamp="2019-06-17T06:04:06.328" intervalms="19.877" />
<gc-start id="1713" type="scavenge" contextid="1712" timestamp="2019-06-17T06:04:06.328">
  <mem-info id="1714" free="2062698208" total="2092630016" percent="98">
    <mem type="nursery" free="0" total="22675456" percent="0">
      <mem type="allocate" free="0" total="20381696" percent="0" />
      <mem type="survivor" free="0" total="2293760" percent="0" />
    </mem>
    <mem type="tenure" free="2062698208" total="2069954560" percent="99">
      <mem type="soa" free="1959200480" total="1966456832" percent="99" />
      <mem type="loa" free="103497728" total="103497728" percent="100" />
    </mem>
    <remembered-set count="4594" />
  </mem-info>
</gc-start>
<allocation-stats totalBytes="19828736" >
  <allocated-bytes non-tlh="40" tlh="19828696" />
  <largest-consumer threadName="Thread-7" threadId="000000000267D500" bytes="6782064" />
</allocation-stats>
<gc-op id="1715" type="scavenge" timems="1.317" contextid="1712" timestamp="2019-06-17T06:04:06.329">
  <scavenger-info tenureage="2" tenuremask="400c" tiltratio="89" />
  <memory-copied type="nursery" objects="10575" bytes="392216" bytesdiscarded="298216" />
  <memory-copied type="tenure" objects="7700" bytes="322176" bytesdiscarded="48" />
</gc-op>
<gc-end id="1716" type="scavenge" contextid="1712" durationms="1.527" usertimems="4.000" systemtimems="0.000" timestamp="2019-06-17T06:04:06.329" activeThreads="4">
  <mem-info id="1717" free="2082179808" total="2092630016" percent="99">
    <mem type="nursery" free="19691264" total="22675456" percent="86">
      <mem type="allocate" free="19691264" total="20381696" percent="96" />
      <mem type="survivor" free="0" total="2293760" percent="0" />
    </mem>
    <mem type="tenure" free="2062488544" total="2069954560" percent="99">
      <mem type="soa" free="1958990816" total="1966456832" percent="99" />
      <mem type="loa" free="103497728" total="103497728" percent="100" />
    </mem>
    <remembered-set count="4193" />
  </mem-info>
</gc-end>
<cycle-end id="1718" type="scavenge" contextid="1712" timestamp="2019-06-17T06:04:06.329" />
  <attribute name="elasticGC enabled" value="1" />
  <attribute name= "numThreadsSpecified" value="4" />
  <attribute name="heapSize specified" value="27525120" />
  <attribute name="Current GC Util" value="18" />
  <attribute name= "Current Time Running" value="1957" />
  <attribute name ="GC Interval" value="200" />
  <attribute name="ProportionalT" value="-2.000000" />
  <attribute name="ProportionalI" value="-2.000000" />
  <attribute name="ProportionalH" value="-2.000000" />
  <attribute name="Current Error" value="-2.000000" />
  <attribute name="IntegralT" value="-38.000000" />
  <attribute name="IntegralI" value="-38.000000" />
  <attribute name="IntegralH" value="-38.000000" />
  <attribute name="DerivativeT" value="-0.210526" />
  <attribute name="DerivativeI" value="-0.210526" />
  <attribute name="DerivativeH" value="-0.210526" />
  <attribute name="Loop Time for DT" value="19.000000" />
  <attribute name="Output H" value="2092630016"/>
  <attribute name="Output I" value="200"/>
  <attribute name="Output T" value="4"/>
  <attribute name="Target GC Util Change" value ="20.000000" />
  <attribute name="Current GC Util Change" value="18.000000"/>
  <attribute name="GC Util currently" value="18" />
  <attribute name="CPU Util currently" value="231850202563" />
<allocation-satisfied id="1719" threadId="000000000267D500" bytesRequested="40" />
<af-end id="1720" timestamp="2019-06-17T06:04:06.329" threadId="000000000267DE88" success="true" from="nursery"/>
<exclusive-end id="1721" timestamp="2019-06-17T06:04:06.329" durationms="2.023" />

<exclusive-start id="1722" timestamp="2019-06-17T06:04:06.346" intervalms="18.928">
  <response-info timems="0.114" idlems="0.114" threads="0" lastid="0000000002681100" lastname="Thread-9" />
</exclusive-start>
<af-start id="1723" threadId="0000000002681A88" totalBytesRequested="40" timestamp="2019-06-17T06:04:06.346" intervalms="18.908" type="nursery" />
<cycle-start id="1724" type="scavenge" contextid="0" timestamp="2019-06-17T06:04:06.347" intervalms="18.906" />
<gc-start id="1725" type="scavenge" contextid="1724" timestamp="2019-06-17T06:04:06.347">
  <mem-info id="1726" free="2062488544" total="2092630016" percent="98">
    <mem type="nursery" free="0" total="22675456" percent="0">
      <mem type="allocate" free="0" total="20381696" percent="0" />
      <mem type="survivor" free="0" total="2293760" percent="0" />
    </mem>
    <mem type="tenure" free="2062488544" total="2069954560" percent="99">
      <mem type="soa" free="1958990816" total="1966456832" percent="99" />
      <mem type="loa" free="103497728" total="103497728" percent="100" />
    </mem>
    <remembered-set count="5770" />
  </mem-info>
</gc-start>
<allocation-stats totalBytes="19689008" >
  <allocated-bytes non-tlh="40" tlh="19688968" />
  <largest-consumer threadName="Thread-8" threadId="0000000002679900" bytes="6651120" />
</allocation-stats>
<gc-op id="1727" type="scavenge" timems="1.172" contextid="1724" timestamp="2019-06-17T06:04:06.348">
  <scavenger-info tenureage="2" tenuremask="4004" tiltratio="89" />
  <memory-copied type="nursery" objects="11908" bytes="424352" bytesdiscarded="104032" />
  <memory-copied type="tenure" objects="2264" bytes="54336" bytesdiscarded="0" />
</gc-op>
<gc-end id="1728" type="scavenge" contextid="1724" durationms="1.389" usertimems="0.000" systemtimems="4.000" timestamp="2019-06-17T06:04:06.348" activeThreads="4">
  <mem-info id="1729" free="2082263520" total="2092630016" percent="99">
    <mem type="nursery" free="19853312" total="22675456" percent="87">
      <mem type="allocate" free="19853312" total="20381696" percent="97" />
      <mem type="survivor" free="0" total="2293760" percent="0" />
    </mem>
    <mem type="tenure" free="2062410208" total="2069954560" percent="99">
      <mem type="soa" free="1958912480" total="1966456832" percent="99" />
      <mem type="loa" free="103497728" total="103497728" percent="100" />
    </mem>
    <remembered-set count="3505" />
  </mem-info>
</gc-end>
<cycle-end id="1730" type="scavenge" contextid="1724" timestamp="2019-06-17T06:04:06.348" />
  <attribute name="elasticGC enabled" value="1" />
  <attribute name= "numThreadsSpecified" value="4" />
  <attribute name="heapSize specified" value="27525120" />
  <attribute name="Current GC Util" value="15" />
  <attribute name= "Current Time Running" value="1976" />
  <attribute name ="GC Interval" value="200" />
  <attribute name="ProportionalT" value="-5.000000" />
  <attribute name="ProportionalI" value="-5.000000" />
  <attribute name="ProportionalH" value="-5.000000" />
  <attribute name="Current Error" value="-5.000000" />
  <attribute name="IntegralT" value="-95.000000" />
  <attribute name="IntegralI" value="-95.000000" />
  <attribute name="IntegralH" value="-95.000000" />
  <attribute name="DerivativeT" value="-0.263158" />
  <attribute name="DerivativeI" value="-0.263158" />
  <attribute name="DerivativeH" value="-0.263158" />
  <attribute name="Loop Time for DT" value="19.000000" />
  <attribute name="Output H" value="2092630016"/>
  <attribute name="Output I" value="200"/>
  <attribute name="Output T" value="4"/>
  <attribute name="Target GC Util Change" value ="20.000000" />
  <attribute name="Current GC Util Change" value="15.000000"/>
  <attribute name="GC Util currently" value="15" />
  <attribute name="CPU Util currently" value="243847585111" />
<allocation-satisfied id="1731" threadId="0000000002681100" bytesRequested="40" />
<af-end id="1732" timestamp="2019-06-17T06:04:06.348" threadId="0000000002681A88" success="true" from="nursery"/>
<exclusive-end id="1733" timestamp="2019-06-17T06:04:06.348" durationms="1.868" />

<exclusive-start id="1734" timestamp="2019-06-17T06:04:06.367" intervalms="20.948">
  <response-info timems="0.030" idlems="0.030" threads="0" lastid="000000000267D500" lastname="Thread-7" />
</exclusive-start>
<af-start id="1735" threadId="000000000267DE88" totalBytesRequested="40" timestamp="2019-06-17T06:04:06.367" intervalms="20.993" type="nursery" />
<cycle-start id="1736" type="scavenge" contextid="0" timestamp="2019-06-17T06:04:06.368" intervalms="20.997" />
<gc-start id="1737" type="scavenge" contextid="1736" timestamp="2019-06-17T06:04:06.368">
  <mem-info id="1738" free="2062410208" total="2092630016" percent="98">
    <mem type="nursery" free="0" total="22675456" percent="0">
      <mem type="allocate" free="0" total="20381696" percent="0" />
      <mem type="survivor" free="0" total="2293760" percent="0" />
    </mem>
    <mem type="tenure" free="2062410208" total="2069954560" percent="99">
      <mem type="soa" free="1958912480" total="1966456832" percent="99" />
      <mem type="loa" free="103497728" total="103497728" percent="100" />
    </mem>
    <remembered-set count="5173" />
  </mem-info>
</gc-start>
<allocation-stats totalBytes="19850720" >
  <allocated-bytes non-tlh="40" tlh="19850680" />
  <largest-consumer threadName="Thread-7" threadId="000000000267D500" bytes="6651224" />
</allocation-stats>
<gc-op id="1739" type="scavenge" timems="1.357" contextid="1736" timestamp="2019-06-17T06:04:06.369">
  <scavenger-info tenureage="2" tenuremask="4004" tiltratio="89" />
  <memory-copied type="nursery" objects="6054" bytes="147008" bytesdiscarded="171712" />
  <memory-copied type="tenure" objects="8113" bytes="332088" bytesdiscarded="24" />
</gc-op>
<gc-end id="1740" type="scavenge" contextid="1736" durationms="1.573" usertimems="4.000" systemtimems="0.000" timestamp="2019-06-17T06:04:06.369" activeThreads="4">
  <mem-info id="1741" free="2082101472" total="2092630016" percent="99">
    <mem type="nursery" free="20062976" total="22675456" percent="88">
      <mem type="allocate" free="20062976" total="20381696" percent="98" />
      <mem type="survivor" free="0" total="2293760" percent="0" />
    </mem>
    <mem type="tenure" free="2062038496" total="2069954560" percent="99">
      <mem type="soa" free="1958540768" total="1966456832" percent="99" />
      <mem type="loa" free="103497728" total="103497728" percent="100" />
    </mem>
    <remembered-set count="5834" />
  </mem-info>
</gc-end>
<cycle-end id="1742" type="scavenge" contextid="1736" timestamp="2019-06-17T06:04:06.369" />
  <attribute name="elasticGC enabled" value="1" />
  <attribute name= "numThreadsSpecified" value="4" />
  <attribute name="heapSize specified" value="27525120" />
  <attribute name="Current GC Util" value="13" />
  <attribute name= "Current Time Running" value="1997" />
  <attribute name ="GC Interval" value="200" />
  <attribute name="ProportionalT" value="-7.000000" />
  <attribute name="ProportionalI" value="-7.000000" />
  <attribute name="ProportionalH" value="-7.000000" />
  <attribute name="Current Error" value="-7.000000" />
  <attribute name="IntegralT" value="-147.000000" />
  <attribute name="IntegralI" value="-147.000000" />
  <attribute name="IntegralH" value="-147.000000" />
  <attribute name="DerivativeT" value="-0.333333" />
  <attribute name="DerivativeI" value="-0.333333" />
  <attribute name="DerivativeH" value="-0.333333" />
  <attribute name="Loop Time for DT" value="21.000000" />
  <attribute name="Output H" value="2092630016"/>
  <attribute name="Output I" value="200"/>
  <attribute name="Output T" value="4"/>
  <attribute name="Target GC Util Change" value ="20.000000" />
  <attribute name="Current GC Util Change" value="13.000000"/>
  <attribute name="GC Util currently" value="13" />
  <attribute name="CPU Util currently" value="219610056511" />
<allocation-satisfied id="1743" threadId="000000000267D500" bytesRequested="40" />
<af-end id="1744" timestamp="2019-06-17T06:04:06.369" threadId="000000000267DE88" success="true" from="nursery"/>
<exclusive-end id="1745" timestamp="2019-06-17T06:04:06.369" durationms="2.132" />

<exclusive-start id="1746" timestamp="2019-06-17T06:04:06.397" intervalms="29.268">
  <response-info timems="0.032" idlems="0.032" threads="0" lastid="0000000002681100" lastname="Thread-9" />
</exclusive-start>
<af-start id="1747" threadId="0000000002681A88" totalBytesRequested="40" timestamp="2019-06-17T06:04:06.397" intervalms="29.271" type="nursery" />
<cycle-start id="1748" type="scavenge" contextid="0" timestamp="2019-06-17T06:04:06.397" intervalms="29.274" />
<gc-start id="1749" type="scavenge" contextid="1748" timestamp="2019-06-17T06:04:06.397">
  <mem-info id="1750" free="2062038496" total="2092630016" percent="98">
    <mem type="nursery" free="0" total="22675456" percent="0">
      <mem type="allocate" free="0" total="20381696" percent="0" />
      <mem type="survivor" free="0" total="2293760" percent="0" />
    </mem>
    <mem type="tenure" free="2062038496" total="2069954560" percent="99">
      <mem type="soa" free="1958540768" total="1966456832" percent="99" />
      <mem type="loa" free="103497728" total="103497728" percent="100" />
    </mem>
    <remembered-set count="6915" />
  </mem-info>
</gc-start>
<allocation-stats totalBytes="20061360" >
  <allocated-bytes non-tlh="40" tlh="20061320" />
  <largest-consumer threadName="Thread-9" threadId="0000000002681100" bytes="8879544" />
</allocation-stats>
<gc-op id="1751" type="scavenge" timems="1.028" contextid="1748" timestamp="2019-06-17T06:04:06.398">
  <scavenger-info tenureage="2" tenuremask="4004" tiltratio="89" />
  <memory-copied type="nursery" objects="9868" bytes="375744" bytesdiscarded="132528" />
  <memory-copied type="tenure" objects="3551" bytes="85224" bytesdiscarded="0" />
</gc-op>
<gc-end id="1752" type="scavenge" contextid="1748" durationms="1.254" usertimems="4.000" systemtimems="0.000" timestamp="2019-06-17T06:04:06.398" activeThreads="4">
  <mem-info id="1753" free="2081872752" total="2092630016" percent="99">
    <mem type="nursery" free="19873424" total="22675456" percent="87">
      <mem type="allocate" free="19873424" total="20381696" percent="97" />
      <mem type="survivor" free="0" total="2293760" percent="0" />
    </mem>
    <mem type="tenure" free="2061999328" total="2069954560" percent="99">
      <mem type="soa" free="1958501600" total="1966456832" percent="99" />
      <mem type="loa" free="103497728" total="103497728" percent="100" />
    </mem>
    <remembered-set count="3361" />
  </mem-info>
</gc-end>
<cycle-end id="1754" type="scavenge" contextid="1748" timestamp="2019-06-17T06:04:06.398" />
  <attribute name="elasticGC enabled" value="1" />
  <attribute name= "numThreadsSpecified" value="4" />
  <attribute name="heapSize specified" value="27525120" />
  <attribute name="Current GC Util" value="12" />
  <attribute name= "Current Time Running" value="2027" />
  <attribute name ="GC Interval" value="200" />
  <attribute name="ProportionalT" value="-8.000000" />
  <attribute name="ProportionalI" value="-8.000000" />
  <attribute name="ProportionalH" value="-8.000000" />
  <attribute name="Current Error" value="-8.000000" />
  <attribute name="IntegralT" value="-240.000000" />
  <attribute name="IntegralI" value="-240.000000" />
  <attribute name="IntegralH" value="-240.000000" />
  <attribute name="DerivativeT" value="-0.266667" />
  <attribute name="DerivativeI" value="-0.266667" />
  <attribute name="DerivativeH" value="-0.266667" />
  <attribute name="Loop Time for DT" value="30.000000" />
  <attribute name="Output H" value="2092630016"/>
  <attribute name="Output I" value="200"/>
  <attribute name="Output T" value="4"/>
  <attribute name="Target GC Util Change" value ="20.000000" />
  <attribute name="Current GC Util Change" value="12.000000"/>
  <attribute name="GC Util currently" value="12" />
  <attribute name="CPU Util currently" value="157533163617" />
<allocation-satisfied id="1755" threadId="0000000002681100" bytesRequested="40" />
<af-end id="1756" timestamp="2019-06-17T06:04:06.398" threadId="0000000002681A88" success="true" from="nursery"/>
<exclusive-end id="1757" timestamp="2019-06-17T06:04:06.398" durationms="1.852" />

<exclusive-start id="1758" timestamp="2019-06-17T06:04:06.422" intervalms="24.896">
  <response-info timems="0.036" idlems="0.036" threads="0" lastid="0000000002681100" lastname="Thread-9" />
</exclusive-start>
<af-start id="1759" threadId="0000000002681A88" totalBytesRequested="40" timestamp="2019-06-17T06:04:06.422" intervalms="24.912" type="nursery" />
<cycle-start id="1760" type="scavenge" contextid="0" timestamp="2019-06-17T06:04:06.422" intervalms="24.914" />
<gc-start id="1761" type="scavenge" contextid="1760" timestamp="2019-06-17T06:04:06.422">
  <mem-info id="1762" free="2061999328" total="2092630016" percent="98">
    <mem type="nursery" free="0" total="22675456" percent="0">
      <mem type="allocate" free="0" total="20381696" percent="0" />
      <mem type="survivor" free="0" total="2293760" percent="0" />
    </mem>
    <mem type="tenure" free="2061999328" total="2069954560" percent="99">
      <mem type="soa" free="1958501600" total="1966456832" percent="99" />
      <mem type="loa" free="103497728" total="103497728" percent="100" />
    </mem>
    <remembered-set count="4874" />
  </mem-info>
</gc-start>
<allocation-stats totalBytes="19872272" >
  <allocated-bytes non-tlh="40" tlh="19872232" />
  <largest-consumer threadName="Thread-9" threadId="0000000002681100" bytes="9747720" />
</allocation-stats>
<gc-op id="1763" type="scavenge" timems="1.322" contextid="1760" timestamp="2019-06-17T06:04:06.423">
  <scavenger-info tenureage="2" tenuremask="4004" tiltratio="89" />
  <memory-copied type="nursery" objects="10503" bytes="390968" bytesdiscarded="163792" />
  <memory-copied type="tenure" objects="2182" bytes="52368" bytesdiscarded="0" />
</gc-op>
<gc-end id="1764" type="scavenge" contextid="1760" durationms="1.547" usertimems="4.000" systemtimems="0.000" timestamp="2019-06-17T06:04:06.423" activeThreads="4">
  <mem-info id="1765" free="2081787096" total="2092630016" percent="99">
    <mem type="nursery" free="19826936" total="22675456" percent="87">
      <mem type="allocate" free="19826936" total="20381696" percent="97" />
      <mem type="survivor" free="0" total="2293760" percent="0" />
    </mem>
    <mem type="tenure" free="2061960160" total="2069954560" percent="99">
      <mem type="soa" free="1958462432" total="1966456832" percent="99" />
      <mem type="loa" free="103497728" total="103497728" percent="100" />
    </mem>
    <remembered-set count="2691" />
  </mem-info>
</gc-end>
<cycle-end id="1766" type="scavenge" contextid="1760" timestamp="2019-06-17T06:04:06.423" />
  <attribute name="elasticGC enabled" value="1" />
  <attribute name= "numThreadsSpecified" value="4" />
  <attribute name="heapSize specified" value="27525120" />
  <attribute name="Current GC Util" value="9" />
  <attribute name= "Current Time Running" value="2052" />
  <attribute name ="GC Interval" value="200" />
  <attribute name="ProportionalT" value="-11.000000" />
  <attribute name="ProportionalI" value="-11.000000" />
  <attribute name="ProportionalH" value="-11.000000" />
  <attribute name="Current Error" value="-11.000000" />
  <attribute name="IntegralT" value="-275.000000" />
  <attribute name="IntegralI" value="-275.000000" />
  <attribute name="IntegralH" value="-275.000000" />
  <attribute name="DerivativeT" value="-0.440000" />
  <attribute name="DerivativeI" value="-0.440000" />
  <attribute name="DerivativeH" value="-0.440000" />
  <attribute name="Loop Time for DT" value="25.000000" />
  <attribute name="Output H" value="2092630016"/>
  <attribute name="Output I" value="200"/>
  <attribute name="Output T" value="4"/>
  <attribute name="Target GC Util Change" value ="20.000000" />
  <attribute name="Current GC Util Change" value="9.000000"/>
  <attribute name="GC Util currently" value="9" />
  <attribute name="CPU Util currently" value="185051900905" />
<allocation-satisfied id="1767" threadId="0000000002681100" bytesRequested="40" />
<af-end id="1768" timestamp="2019-06-17T06:04:06.424" threadId="0000000002681A88" success="true" from="nursery"/>
<exclusive-end id="1769" timestamp="2019-06-17T06:04:06.424" durationms="2.147" />

<exclusive-start id="1770" timestamp="2019-06-17T06:04:06.440" intervalms="18.921">
  <response-info timems="0.224" idlems="0.224" threads="0" lastid="0000000002679900" lastname="Thread-8" />
</exclusive-start>
<af-start id="1771" threadId="000000000267A288" totalBytesRequested="40" timestamp="2019-06-17T06:04:06.441" intervalms="18.882" type="nursery" />
<cycle-start id="1772" type="scavenge" contextid="0" timestamp="2019-06-17T06:04:06.441" intervalms="18.916" />
<gc-start id="1773" type="scavenge" contextid="1772" timestamp="2019-06-17T06:04:06.441">
  <mem-info id="1774" free="2061960160" total="2092630016" percent="98">
    <mem type="nursery" free="0" total="22675456" percent="0">
      <mem type="allocate" free="0" total="20381696" percent="0" />
      <mem type="survivor" free="0" total="2293760" percent="0" />
    </mem>
    <mem type="tenure" free="2061960160" total="2069954560" percent="99">
      <mem type="soa" free="1958462432" total="1966456832" percent="99" />
      <mem type="loa" free="103497728" total="103497728" percent="100" />
    </mem>
    <remembered-set count="4289" />
  </mem-info>
</gc-start>
<allocation-stats totalBytes="19825304" >
  <allocated-bytes non-tlh="40" tlh="19825264" />
  <largest-consumer threadName="Thread-9" threadId="0000000002681100" bytes="7175656" />
</allocation-stats>
<gc-op id="1775" type="scavenge" timems="1.605" contextid="1772" timestamp="2019-06-17T06:04:06.442">
  <scavenger-info tenureage="2" tenuremask="4004" tiltratio="89" />
  <memory-copied type="nursery" objects="5632" bytes="136704" bytesdiscarded="89856" />
  <memory-copied type="tenure" objects="7413" bytes="315288" bytesdiscarded="48" />
</gc-op>
<gc-end id="1776" type="scavenge" contextid="1772" durationms="1.818" usertimems="4.000" systemtimems="0.000" timestamp="2019-06-17T06:04:06.443" activeThreads="4">
  <mem-info id="1777" free="2081796576" total="2092630016" percent="99">
    <mem type="nursery" free="20155136" total="22675456" percent="88">
      <mem type="allocate" free="20155136" total="20381696" percent="98" />
      <mem type="survivor" free="0" total="2293760" percent="0" />
    </mem>
    <mem type="tenure" free="2061641440" total="2069954560" percent="99">
      <mem type="soa" free="1958143712" total="1966456832" percent="99" />
      <mem type="loa" free="103497728" total="103497728" percent="100" />
    </mem>
    <remembered-set count="5455" />
  </mem-info>
</gc-end>
<cycle-end id="1778" type="scavenge" contextid="1772" timestamp="2019-06-17T06:04:06.443" />
  <attribute name="elasticGC enabled" value="1" />
  <attribute name= "numThreadsSpecified" value="4" />
  <attribute name="heapSize specified" value="27525120" />
  <attribute name="Current GC Util" value="16" />
  <attribute name= "Current Time Running" value="2071" />
  <attribute name ="GC Interval" value="200" />
  <attribute name="ProportionalT" value="-4.000000" />
  <attribute name="ProportionalI" value="-4.000000" />
  <attribute name="ProportionalH" value="-4.000000" />
  <attribute name="Current Error" value="-4.000000" />
  <attribute name="IntegralT" value="-76.000000" />
  <attribute name="IntegralI" value="-76.000000" />
  <attribute name="IntegralH" value="-76.000000" />
  <attribute name="DerivativeT" value="-0.210526" />
  <attribute name="DerivativeI" value="-0.210526" />
  <attribute name="DerivativeH" value="-0.210526" />
  <attribute name="Loop Time for DT" value="19.000000" />
  <attribute name="Output H" value="2092630016"/>
  <attribute name="Output I" value="200"/>
  <attribute name="Output T" value="4"/>
  <attribute name="Target GC Util Change" value ="20.000000" />
  <attribute name="Current GC Util Change" value="16.000000"/>
  <attribute name="GC Util currently" value="16" />
  <attribute name="CPU Util currently" value="243813125148" />
<allocation-satisfied id="1779" threadId="0000000002679900" bytesRequested="40" />
<af-end id="1780" timestamp="2019-06-17T06:04:06.443" threadId="000000000267A288" success="true" from="nursery"/>
<exclusive-end id="1781" timestamp="2019-06-17T06:04:06.443" durationms="2.376" />

<exclusive-start id="1782" timestamp="2019-06-17T06:04:06.456" intervalms="15.273">
  <response-info timems="0.050" idlems="0.028" threads="1" lastid="000000000267D500" lastname="Thread-7" />
</exclusive-start>
<af-start id="1783" threadId="0000000002676688" totalBytesRequested="40" timestamp="2019-06-17T06:04:06.456" intervalms="15.255" type="nursery" />
<cycle-start id="1784" type="scavenge" contextid="0" timestamp="2019-06-17T06:04:06.456" intervalms="15.203" />
<gc-start id="1785" type="scavenge" contextid="1784" timestamp="2019-06-17T06:04:06.456">
  <mem-info id="1786" free="2061641440" total="2092630016" percent="98">
    <mem type="nursery" free="0" total="22675456" percent="0">
      <mem type="allocate" free="0" total="20381696" percent="0" />
      <mem type="survivor" free="0" total="2293760" percent="0" />
    </mem>
    <mem type="tenure" free="2061641440" total="2069954560" percent="99">
      <mem type="soa" free="1958143712" total="1966456832" percent="99" />
      <mem type="loa" free="103497728" total="103497728" percent="100" />
    </mem>
    <remembered-set count="8471" />
  </mem-info>
</gc-start>
<allocation-stats totalBytes="20154040" >
  <allocated-bytes non-tlh="40" tlh="20154000" />
  <largest-consumer threadName="Thread-10" threadId="0000000002675D00" bytes="6127256" />
</allocation-stats>
<gc-op id="1787" type="scavenge" timems="1.047" contextid="1784" timestamp="2019-06-17T06:04:06.457">
  <scavenger-info tenureage="2" tenuremask="4004" tiltratio="89" />
  <memory-copied type="nursery" objects="17462" bytes="695360" bytesdiscarded="48064" />
  <memory-copied type="tenure" objects="2817" bytes="67608" bytesdiscarded="0" />
</gc-op>
<gc-end id="1788" type="scavenge" contextid="1784" durationms="1.229" usertimems="4.000" systemtimems="0.000" timestamp="2019-06-17T06:04:06.457" activeThreads="4">
  <mem-info id="1789" free="2081179104" total="2092630016" percent="99">
    <mem type="nursery" free="19638272" total="22675456" percent="86">
      <mem type="allocate" free="19638272" total="20381696" percent="96" />
      <mem type="survivor" free="0" total="2293760" percent="0" />
    </mem>
    <mem type="tenure" free="2061540832" total="2069954560" percent="99">
      <mem type="soa" free="1958043104" total="1966456832" percent="99" />
      <mem type="loa" free="103497728" total="103497728" percent="100" />
    </mem>
    <remembered-set count="5654" />
  </mem-info>
</gc-end>
<cycle-end id="1790" type="scavenge" contextid="1784" timestamp="2019-06-17T06:04:06.457" />
  <attribute name="elasticGC enabled" value="1" />
  <attribute name= "numThreadsSpecified" value="4" />
  <attribute name="heapSize specified" value="27525120" />
  <attribute name="Current GC Util" value="24" />
  <attribute name= "Current Time Running" value="2086" />
  <attribute name ="GC Interval" value="200" />
  <attribute name="ProportionalT" value="4.000000" />
  <attribute name="ProportionalI" value="4.000000" />
  <attribute name="ProportionalH" value="4.000000" />
  <attribute name="Current Error" value="4.000000" />
  <attribute name="IntegralT" value="60.000000" />
  <attribute name="IntegralI" value="60.000000" />
  <attribute name="IntegralH" value="60.000000" />
  <attribute name="DerivativeT" value="0.266667" />
  <attribute name="DerivativeI" value="0.266667" />
  <attribute name="DerivativeH" value="0.266667" />
  <attribute name="Loop Time for DT" value="15.000000" />
  <attribute name="Output H" value="8388608"/>
  <attribute name="Output I" value="200"/>
  <attribute name="Output T" value="4"/>
  <attribute name="Target GC Util Change" value ="20.000000" />
  <attribute name="Current GC Util Change" value="24.000000"/>
  <attribute name="GC Util currently" value="24" />
  <attribute name="CPU Util currently" value="304047536469" />
<allocation-satisfied id="1791" threadId="0000000002675D00" bytesRequested="40" />
<af-end id="1792" timestamp="2019-06-17T06:04:06.457" threadId="0000000002676688" success="true" from="nursery"/>
<exclusive-end id="1793" timestamp="2019-06-17T06:04:06.457" durationms="1.675" />

<exclusive-start id="1794" timestamp="2019-06-17T06:04:06.471" intervalms="15.056">
  <response-info timems="0.203" idlems="0.185" threads="1" lastid="0000000002679900" lastname="Thread-8" />
</exclusive-start>
<af-start id="1795" threadId="000000000267DE88" totalBytesRequested="24" timestamp="2019-06-17T06:04:06.471" intervalms="15.052" type="nursery" />
<cycle-start id="1796" type="scavenge" contextid="0" timestamp="2019-06-17T06:04:06.471" intervalms="15.059" />
<gc-start id="1797" type="scavenge" contextid="1796" timestamp="2019-06-17T06:04:06.471">
  <mem-info id="1798" free="2061540832" total="2092630016" percent="98">
    <mem type="nursery" free="0" total="22675456" percent="0">
      <mem type="allocate" free="0" total="20381696" percent="0" />
      <mem type="survivor" free="0" total="2293760" percent="0" />
    </mem>
    <mem type="tenure" free="2061540832" total="2069954560" percent="99">
      <mem type="soa" free="1958043104" total="1966456832" percent="99" />
      <mem type="loa" free="103497728" total="103497728" percent="100" />
    </mem>
    <remembered-set count="6124" />
  </mem-info>
</gc-start>
<allocation-stats totalBytes="19637440" >
  <allocated-bytes non-tlh="40" tlh="19637400" />
  <largest-consumer threadName="Thread-10" threadId="0000000002675D00" bytes="7022328" />
</allocation-stats>
<gc-op id="1799" type="scavenge" timems="1.627" contextid="1796" timestamp="2019-06-17T06:04:06.473">
  <scavenger-info tenureage="2" tenuremask="4004" tiltratio="89" />
  <memory-copied type="nursery" objects="27638" bytes="1076816" bytesdiscarded="154768" />
  <memory-copied type="tenure" objects="2550" bytes="61200" bytesdiscarded="0" />
</gc-op>
<gc-end id="1800" type="scavenge" contextid="1796" durationms="1.870" usertimems="4.000" systemtimems="0.000" timestamp="2019-06-17T06:04:06.473" activeThreads="4">
  <mem-info id="1801" free="2080520448" total="2092630016" percent="99">
    <mem type="nursery" free="19150112" total="22675456" percent="84">
      <mem type="allocate" free="19150112" total="20381696" percent="93" />
      <mem type="survivor" free="0" total="2293760" percent="0" />
    </mem>
    <mem type="tenure" free="2061370336" total="2069954560" percent="99">
      <mem type="soa" free="1957872608" total="1966456832" percent="99" />
      <mem type="loa" free="103497728" total="103497728" percent="100" />
    </mem>
    <remembered-set count="3572" />
  </mem-info>
</gc-end>
<cycle-end id="1802" type="scavenge" contextid="1796" timestamp="2019-06-17T06:04:06.473" />
  <attribute name="elasticGC enabled" value="1" />
  <attribute name= "numThreadsSpecified" value="4" />
  <attribute name="heapSize specified" value="27525120" />
  <attribute name="Current GC Util" value="18" />
  <attribute name= "Current Time Running" value="2101" />
  <attribute name ="GC Interval" value="200" />
  <attribute name="ProportionalT" value="-2.000000" />
  <attribute name="ProportionalI" value="-2.000000" />
  <attribute name="ProportionalH" value="-2.000000" />
  <attribute name="Current Error" value="-2.000000" />
  <attribute name="IntegralT" value="-30.000000" />
  <attribute name="IntegralI" value="-30.000000" />
  <attribute name="IntegralH" value="-30.000000" />
  <attribute name="DerivativeT" value="-0.400000" />
  <attribute name="DerivativeI" value="-0.400000" />
  <attribute name="DerivativeH" value="-0.400000" />
  <attribute name="Loop Time for DT" value="15.000000" />
  <attribute name="Output H" value="2092630016"/>
  <attribute name="Output I" value="200"/>
  <attribute name="Output T" value="4"/>
  <attribute name="Target GC Util Change" value ="20.000000" />
  <attribute name="Current GC Util Change" value="18.000000"/>
  <attribute name="GC Util currently" value="18" />
  <attribute name="CPU Util currently" value="305933403084" />
<allocation-satisfied id="1803" threadId="000000000267D500" bytesRequested="24" />
<af-end id="1804" timestamp="2019-06-17T06:04:06.473" threadId="000000000267DE88" success="true" from="nursery"/>
<exclusive-end id="1805" timestamp="2019-06-17T06:04:06.473" durationms="2.343" />

<exclusive-start id="1806" timestamp="2019-06-17T06:04:06.485" intervalms="14.674">
  <response-info timems="0.025" idlems="0.025" threads="0" lastid="0000000002681100" lastname="Thread-9" />
</exclusive-start>
<af-start id="1807" threadId="0000000002681A88" totalBytesRequested="40" timestamp="2019-06-17T06:04:06.486" intervalms="14.698" type="nursery" />
<cycle-start id="1808" type="scavenge" contextid="0" timestamp="2019-06-17T06:04:06.486" intervalms="14.701" />
<gc-start id="1809" type="scavenge" contextid="1808" timestamp="2019-06-17T06:04:06.486">
  <mem-info id="1810" free="2061370336" total="2092630016" percent="98">
    <mem type="nursery" free="0" total="22675456" percent="0">
      <mem type="allocate" free="0" total="20381696" percent="0" />
      <mem type="survivor" free="0" total="2293760" percent="0" />
    </mem>
    <mem type="tenure" free="2061370336" total="2069954560" percent="99">
      <mem type="soa" free="1957872608" total="1966456832" percent="99" />
      <mem type="loa" free="103497728" total="103497728" percent="100" />
    </mem>
    <remembered-set count="3730" />
  </mem-info>
</gc-start>
<allocation-stats totalBytes="19148152" >
  <allocated-bytes non-tlh="24" tlh="19148128" />
  <largest-consumer threadName="Thread-9" threadId="0000000002681100" bytes="6795984" />
</allocation-stats>
<gc-op id="1811" type="scavenge" timems="1.553" contextid="1808" timestamp="2019-06-17T06:04:06.487">
  <scavenger-info tenureage="2" tenuremask="4004" tiltratio="89" />
  <memory-copied type="nursery" objects="15995" bytes="660456" bytesdiscarded="152856" />
  <memory-copied type="tenure" objects="9885" bytes="374616" bytesdiscarded="0" />
</gc-op>
<gc-end id="1812" type="scavenge" contextid="1808" durationms="1.766" usertimems="4.000" systemtimems="0.000" timestamp="2019-06-17T06:04:06.487" activeThreads="4">
  <mem-info id="1813" free="2080636896" total="2092630016" percent="99">
    <mem type="nursery" free="19568384" total="22675456" percent="86">
      <mem type="allocate" free="19568384" total="20381696" percent="96" />
      <mem type="survivor" free="0" total="2293760" percent="0" />
    </mem>
    <mem type="tenure" free="2061068512" total="2069954560" percent="99">
      <mem type="soa" free="1957570784" total="1966456832" percent="99" />
      <mem type="loa" free="103497728" total="103497728" percent="100" />
    </mem>
    <remembered-set count="1126" />
  </mem-info>
</gc-end>
<cycle-end id="1814" type="scavenge" contextid="1808" timestamp="2019-06-17T06:04:06.488" />
  <attribute name="elasticGC enabled" value="1" />
  <attribute name= "numThreadsSpecified" value="4" />
  <attribute name="heapSize specified" value="27525120" />
  <attribute name="Current GC Util" value="27" />
  <attribute name= "Current Time Running" value="2115" />
  <attribute name ="GC Interval" value="200" />
  <attribute name="ProportionalT" value="7.000000" />
  <attribute name="ProportionalI" value="7.000000" />
  <attribute name="ProportionalH" value="7.000000" />
  <attribute name="Current Error" value="7.000000" />
  <attribute name="IntegralT" value="98.000000" />
  <attribute name="IntegralI" value="98.000000" />
  <attribute name="IntegralH" value="98.000000" />
  <attribute name="DerivativeT" value="0.500000" />
  <attribute name="DerivativeI" value="0.500000" />
  <attribute name="DerivativeH" value="0.500000" />
  <attribute name="Loop Time for DT" value="14.000000" />
  <attribute name="Output H" value="8388608"/>
  <attribute name="Output I" value="200"/>
  <attribute name="Output T" value="4"/>
  <attribute name="Target GC Util Change" value ="20.000000" />
  <attribute name="Current GC Util Change" value="27.000000"/>
  <attribute name="GC Util currently" value="27" />
  <attribute name="CPU Util currently" value="313426581706" />
<allocation-satisfied id="1815" threadId="0000000002681100" bytesRequested="40" />
<af-end id="1816" timestamp="2019-06-17T06:04:06.488" threadId="0000000002681A88" success="true" from="nursery"/>
<exclusive-end id="1817" timestamp="2019-06-17T06:04:06.488" durationms="2.287" />

<exclusive-start id="1818" timestamp="2019-06-17T06:04:06.497" intervalms="11.727">
  <response-info timems="0.025" idlems="0.024" threads="1" lastid="0000000002681100" lastname="Thread-9" />
</exclusive-start>
<af-start id="1819" threadId="000000000267DE88" totalBytesRequested="40" timestamp="2019-06-17T06:04:06.497" intervalms="11.732" type="nursery" />
<cycle-start id="1820" type="scavenge" contextid="0" timestamp="2019-06-17T06:04:06.497" intervalms="11.731" />
<gc-start id="1821" type="scavenge" contextid="1820" timestamp="2019-06-17T06:04:06.497">
  <mem-info id="1822" free="2061068512" total="2092630016" percent="98">
    <mem type="nursery" free="0" total="22675456" percent="0">
      <mem type="allocate" free="0" total="20381696" percent="0" />
      <mem type="survivor" free="0" total="2293760" percent="0" />
    </mem>
    <mem type="tenure" free="2061068512" total="2069954560" percent="99">
      <mem type="soa" free="1957570784" total="1966456832" percent="99" />
      <mem type="loa" free="103497728" total="103497728" percent="100" />
    </mem>
    <remembered-set count="1648" />
  </mem-info>
</gc-start>
<allocation-stats totalBytes="19567440" >
  <allocated-bytes non-tlh="40" tlh="19567400" />
  <largest-consumer threadName="Thread-9" threadId="0000000002681100" bytes="5772768" />
</allocation-stats>
<gc-op id="1823" type="scavenge" timems="0.507" contextid="1820" timestamp="2019-06-17T06:04:06.498">
  <scavenger-info tenureage="14" tenuremask="4000" tiltratio="89" />
  <memory-copied type="nursery" objects="17421" bytes="694368" bytesdiscarded="149664" />
</gc-op>
<gc-end id="1824" type="scavenge" contextid="1820" durationms="0.875" usertimems="4.000" systemtimems="0.000" timestamp="2019-06-17T06:04:06.498" activeThreads="4">
  <mem-info id="1825" free="2080606176" total="2092630016" percent="99">
    <mem type="nursery" free="19537664" total="22675456" percent="86">
      <mem type="allocate" free="19537664" total="20381696" percent="95" />
      <mem type="survivor" free="0" total="2293760" percent="0" />
    </mem>
    <mem type="tenure" free="2061068512" total="2069954560" percent="99">
      <mem type="soa" free="1957570784" total="1966456832" percent="99" />
      <mem type="loa" free="103497728" total="103497728" percent="100" />
    </mem>
    <remembered-set count="1648" />
  </mem-info>
</gc-end>
<cycle-end id="1826" type="scavenge" contextid="1820" timestamp="2019-06-17T06:04:06.498" />
  <attribute name="elasticGC enabled" value="1" />
  <attribute name= "numThreadsSpecified" value="4" />
  <attribute name="heapSize specified" value="27525120" />
  <attribute name="Current GC Util" value="33" />
  <attribute name= "Current Time Running" value="2127" />
  <attribute name ="GC Interval" value="200" />
  <attribute name="ProportionalT" value="13.000000" />
  <attribute name="ProportionalI" value="13.000000" />
  <attribute name="ProportionalH" value="13.000000" />
  <attribute name="Current Error" value="13.000000" />
  <attribute name="IntegralT" value="156.000000" />
  <attribute name="IntegralI" value="156.000000" />
  <attribute name="IntegralH" value="156.000000" />
  <attribute name="DerivativeT" value="0.500000" />
  <attribute name="DerivativeI" value="0.500000" />
  <attribute name="DerivativeH" value="0.500000" />
  <attribute name="Loop Time for DT" value="12.000000" />
  <attribute name="Output H" value="8388608"/>
  <attribute name="Output I" value="200"/>
  <attribute name="Output T" value="4"/>
  <attribute name="Target GC Util Change" value ="20.000000" />
  <attribute name="Current GC Util Change" value="33.000000"/>
  <attribute name="GC Util currently" value="33" />
  <attribute name="CPU Util currently" value="393600669491" />
<allocation-satisfied id="1827" threadId="000000000267D500" bytesRequested="40" />
<af-end id="1828" timestamp="2019-06-17T06:04:06.499" threadId="000000000267DE88" success="true" from="nursery"/>
<exclusive-end id="1829" timestamp="2019-06-17T06:04:06.499" durationms="1.428" />

<exclusive-start id="1830" timestamp="2019-06-17T06:04:06.508" intervalms="10.631">
  <response-info timems="0.023" idlems="0.023" threads="0" lastid="0000000002679900" lastname="Thread-8" />
</exclusive-start>
<af-start id="1831" threadId="000000000267A288" totalBytesRequested="40" timestamp="2019-06-17T06:04:06.508" intervalms="10.596" type="nursery" />
<cycle-start id="1832" type="scavenge" contextid="0" timestamp="2019-06-17T06:04:06.508" intervalms="10.592" />
<gc-start id="1833" type="scavenge" contextid="1832" timestamp="2019-06-17T06:04:06.508">
  <mem-info id="1834" free="2061068512" total="2092630016" percent="98">
    <mem type="nursery" free="0" total="22675456" percent="0">
      <mem type="allocate" free="0" total="20381696" percent="0" />
      <mem type="survivor" free="0" total="2293760" percent="0" />
    </mem>
    <mem type="tenure" free="2061068512" total="2069954560" percent="99">
      <mem type="soa" free="1957570784" total="1966456832" percent="99" />
      <mem type="loa" free="103497728" total="103497728" percent="100" />
    </mem>
    <remembered-set count="2214" />
  </mem-info>
</gc-start>
<allocation-stats totalBytes="19536536" >
  <allocated-bytes non-tlh="40" tlh="19536496" />
  <largest-consumer threadName="Thread-9" threadId="0000000002681100" bytes="5602928" />
</allocation-stats>
<gc-op id="1835" type="scavenge" timems="1.946" contextid="1832" timestamp="2019-06-17T06:04:06.510">
  <scavenger-info tenureage="3" tenuremask="4008" tiltratio="89" />
  <memory-copied type="nursery" objects="9980" bytes="378592" bytesdiscarded="119072" />
  <memory-copied type="tenure" objects="8950" bytes="352176" bytesdiscarded="48" />
</gc-op>
<gc-end id="1836" type="scavenge" contextid="1832" durationms="2.145" usertimems="4.000" systemtimems="0.000" timestamp="2019-06-17T06:04:06.510" activeThreads="4">
  <mem-info id="1837" free="2080642272" total="2092630016" percent="99">
    <mem type="nursery" free="19884032" total="22675456" percent="87">
      <mem type="allocate" free="19884032" total="20381696" percent="97" />
      <mem type="survivor" free="0" total="2293760" percent="0" />
    </mem>
    <mem type="tenure" free="2060758240" total="2069954560" percent="99">
      <mem type="soa" free="1957260512" total="1966456832" percent="99" />
      <mem type="loa" free="103497728" total="103497728" percent="100" />
    </mem>
    <remembered-set count="3270" />
  </mem-info>
</gc-end>
<cycle-end id="1838" type="scavenge" contextid="1832" timestamp="2019-06-17T06:04:06.510" />
  <attribute name="elasticGC enabled" value="1" />
  <attribute name= "numThreadsSpecified" value="4" />
  <attribute name="heapSize specified" value="27525120" />
  <attribute name="Current GC Util" value="17" />
  <attribute name= "Current Time Running" value="2138" />
  <attribute name ="GC Interval" value="200" />
  <attribute name="ProportionalT" value="-3.000000" />
  <attribute name="ProportionalI" value="-3.000000" />
  <attribute name="ProportionalH" value="-3.000000" />
  <attribute name="Current Error" value="-3.000000" />
  <attribute name="IntegralT" value="-33.000000" />
  <attribute name="IntegralI" value="-33.000000" />
  <attribute name="IntegralH" value="-33.000000" />
  <attribute name="DerivativeT" value="-1.454545" />
  <attribute name="DerivativeI" value="-1.454545" />
  <attribute name="DerivativeH" value="-1.454545" />
  <attribute name="Loop Time for DT" value="11.000000" />
  <attribute name="Output H" value="2092630016"/>
  <attribute name="Output I" value="200"/>
  <attribute name="Output T" value="4"/>
  <attribute name="Target GC Util Change" value ="20.000000" />
  <attribute name="Current GC Util Change" value="17.000000"/>
  <attribute name="GC Util currently" value="17" />
  <attribute name="CPU Util currently" value="435650873620" />
<allocation-satisfied id="1839" threadId="0000000002679900" bytesRequested="40" />
<af-end id="1840" timestamp="2019-06-17T06:04:06.512" threadId="000000000267A288" success="true" from="nursery"/>
<exclusive-end id="1841" timestamp="2019-06-17T06:04:06.512" durationms="4.173" />

<exclusive-start id="1842" timestamp="2019-06-17T06:04:06.525" intervalms="16.891">
  <response-info timems="0.064" idlems="0.064" threads="0" lastid="0000000002675D00" lastname="Thread-10" />
</exclusive-start>
<af-start id="1843" threadId="0000000002676688" totalBytesRequested="40" timestamp="2019-06-17T06:04:06.525" intervalms="16.914" type="nursery" />
<cycle-start id="1844" type="scavenge" contextid="0" timestamp="2019-06-17T06:04:06.525" intervalms="16.912" />
<gc-start id="1845" type="scavenge" contextid="1844" timestamp="2019-06-17T06:04:06.525">
  <mem-info id="1846" free="2060758240" total="2092630016" percent="98">
    <mem type="nursery" free="0" total="22675456" percent="0">
      <mem type="allocate" free="0" total="20381696" percent="0" />
      <mem type="survivor" free="0" total="2293760" percent="0" />
    </mem>
    <mem type="tenure" free="2060758240" total="2069954560" percent="99">
      <mem type="soa" free="1957260512" total="1966456832" percent="99" />
      <mem type="loa" free="103497728" total="103497728" percent="100" />
    </mem>
    <remembered-set count="4237" />
  </mem-info>
</gc-start>
<allocation-stats totalBytes="19883328" >
  <allocated-bytes non-tlh="40" tlh="19883288" />
  <largest-consumer threadName="Thread-7" threadId="000000000267D500" bytes="6913896" />
</allocation-stats>
<gc-op id="1847" type="scavenge" timems="1.162" contextid="1844" timestamp="2019-06-17T06:04:06.526">
  <scavenger-info tenureage="3" tenuremask="4008" tiltratio="89" />
  <memory-copied type="nursery" objects="4760" bytes="116016" bytesdiscarded="110544" />
  <memory-copied type="tenure" objects="6704" bytes="298272" bytesdiscarded="0" />
</gc-op>
<gc-end id="1848" type="scavenge" contextid="1844" durationms="1.354" usertimems="0.000" systemtimems="0.000" timestamp="2019-06-17T06:04:06.526" activeThreads="4">
  <mem-info id="1849" free="2080642272" total="2092630016" percent="99">
    <mem type="nursery" free="20155136" total="22675456" percent="88">
      <mem type="allocate" free="20155136" total="20381696" percent="98" />
      <mem type="survivor" free="0" total="2293760" percent="0" />
    </mem>
    <mem type="tenure" free="2060487136" total="2069954560" percent="99">
      <mem type="soa" free="1956989408" total="1966456832" percent="99" />
      <mem type="loa" free="103497728" total="103497728" percent="100" />
    </mem>
    <remembered-set count="4560" />
  </mem-info>
</gc-end>
<cycle-end id="1850" type="scavenge" contextid="1844" timestamp="2019-06-17T06:04:06.526" />
  <attribute name="elasticGC enabled" value="1" />
  <attribute name= "numThreadsSpecified" value="4" />
  <attribute name="heapSize specified" value="27525120" />
  <attribute name="Current GC Util" value="23" />
  <attribute name= "Current Time Running" value="2155" />
  <attribute name ="GC Interval" value="200" />
  <attribute name="ProportionalT" value="3.000000" />
  <attribute name="ProportionalI" value="3.000000" />
  <attribute name="ProportionalH" value="3.000000" />
  <attribute name="Current Error" value="3.000000" />
  <attribute name="IntegralT" value="51.000000" />
  <attribute name="IntegralI" value="51.000000" />
  <attribute name="IntegralH" value="51.000000" />
  <attribute name="DerivativeT" value="0.176471" />
  <attribute name="DerivativeI" value="0.176471" />
  <attribute name="DerivativeH" value="0.176471" />
  <attribute name="Loop Time for DT" value="17.000000" />
  <attribute name="Output H" value="8388608"/>
  <attribute name="Output I" value="200"/>
  <attribute name="Output T" value="4"/>
  <attribute name="Target GC Util Change" value ="20.000000" />
  <attribute name="Current GC Util Change" value="23.000000"/>
  <attribute name="GC Util currently" value="23" />
  <attribute name="CPU Util currently" value="272664826675" />
<allocation-satisfied id="1851" threadId="0000000002675D00" bytesRequested="40" />
<af-end id="1852" timestamp="2019-06-17T06:04:06.526" threadId="0000000002676688" success="true" from="nursery"/>
<exclusive-end id="1853" timestamp="2019-06-17T06:04:06.527" durationms="1.833" />

<exclusive-start id="1854" timestamp="2019-06-17T06:04:06.536" intervalms="11.070">
  <response-info timems="0.026" idlems="0.026" threads="0" lastid="0000000002679900" lastname="Thread-8" />
</exclusive-start>
<af-start id="1855" threadId="000000000267A288" totalBytesRequested="40" timestamp="2019-06-17T06:04:06.536" intervalms="11.051" type="nursery" />
<cycle-start id="1856" type="scavenge" contextid="0" timestamp="2019-06-17T06:04:06.536" intervalms="11.054" />
<gc-start id="1857" type="scavenge" contextid="1856" timestamp="2019-06-17T06:04:06.536">
  <mem-info id="1858" free="2060487136" total="2092630016" percent="98">
    <mem type="nursery" free="0" total="22675456" percent="0">
      <mem type="allocate" free="0" total="20381696" percent="0" />
      <mem type="survivor" free="0" total="2293760" percent="0" />
    </mem>
    <mem type="tenure" free="2060487136" total="2069954560" percent="99">
      <mem type="soa" free="1956989408" total="1966456832" percent="99" />
      <mem type="loa" free="103497728" total="103497728" percent="100" />
    </mem>
    <remembered-set count="5331" />
  </mem-info>
</gc-start>
<allocation-stats totalBytes="20153832" >
  <allocated-bytes non-tlh="40" tlh="20153792" />
  <largest-consumer threadName="Thread-9" threadId="0000000002681100" bytes="5572880" />
</allocation-stats>
<gc-op id="1859" type="scavenge" timems="1.188" contextid="1856" timestamp="2019-06-17T06:04:06.537">
  <scavenger-info tenureage="3" tenuremask="4008" tiltratio="89" />
  <memory-copied type="nursery" objects="10263" bytes="385888" bytesdiscarded="173216" />
  <memory-copied type="tenure" objects="1486" bytes="35664" bytesdiscarded="0" />
</gc-op>
<gc-end id="1860" type="scavenge" contextid="1856" durationms="1.392" usertimems="0.000" systemtimems="0.000" timestamp="2019-06-17T06:04:06.537" activeThreads="4">
  <mem-info id="1861" free="2080309728" total="2092630016" percent="99">
    <mem type="nursery" free="19822592" total="22675456" percent="87">
      <mem type="allocate" free="19822592" total="20381696" percent="97" />
      <mem type="survivor" free="0" total="2293760" percent="0" />
    </mem>
    <mem type="tenure" free="2060487136" total="2069954560" percent="99">
      <mem type="soa" free="1956989408" total="1966456832" percent="99" />
      <mem type="loa" free="103497728" total="103497728" percent="100" />
    </mem>
    <remembered-set count="3845" />
  </mem-info>
</gc-end>
<cycle-end id="1862" type="scavenge" contextid="1856" timestamp="2019-06-17T06:04:06.537" />
  <attribute name="elasticGC enabled" value="1" />
  <attribute name= "numThreadsSpecified" value="4" />
  <attribute name="heapSize specified" value="27525120" />
  <attribute name="Current GC Util" value="27" />
  <attribute name= "Current Time Running" value="2166" />
  <attribute name ="GC Interval" value="200" />
  <attribute name="ProportionalT" value="7.000000" />
  <attribute name="ProportionalI" value="7.000000" />
  <attribute name="ProportionalH" value="7.000000" />
  <attribute name="Current Error" value="7.000000" />
  <attribute name="IntegralT" value="77.000000" />
  <attribute name="IntegralI" value="77.000000" />
  <attribute name="IntegralH" value="77.000000" />
  <attribute name="DerivativeT" value="0.363636" />
  <attribute name="DerivativeI" value="0.363636" />
  <attribute name="DerivativeH" value="0.363636" />
  <attribute name="Loop Time for DT" value="11.000000" />
  <attribute name="Output H" value="8388608"/>
  <attribute name="Output I" value="200"/>
  <attribute name="Output T" value="4"/>
  <attribute name="Target GC Util Change" value ="20.000000" />
  <attribute name="Current GC Util Change" value="27.000000"/>
  <attribute name="GC Util currently" value="27" />
  <attribute name="CPU Util currently" value="416797166353" />
<allocation-satisfied id="1863" threadId="0000000002679900" bytesRequested="40" />
<af-end id="1864" timestamp="2019-06-17T06:04:06.538" threadId="000000000267A288" success="true" from="nursery"/>
<exclusive-end id="1865" timestamp="2019-06-17T06:04:06.538" durationms="1.888" />

<exclusive-start id="1866" timestamp="2019-06-17T06:04:06.550" intervalms="14.558">
  <response-info timems="0.031" idlems="0.031" threads="0" lastid="0000000002679900" lastname="Thread-8" />
</exclusive-start>
<af-start id="1867" threadId="000000000267A288" totalBytesRequested="24" timestamp="2019-06-17T06:04:06.550" intervalms="14.573" type="nursery" />
<cycle-start id="1868" type="scavenge" contextid="0" timestamp="2019-06-17T06:04:06.550" intervalms="14.573" />
<gc-start id="1869" type="scavenge" contextid="1868" timestamp="2019-06-17T06:04:06.551">
  <mem-info id="1870" free="2060487136" total="2092630016" percent="98">
    <mem type="nursery" free="0" total="22675456" percent="0">
      <mem type="allocate" free="0" total="20381696" percent="0" />
      <mem type="survivor" free="0" total="2293760" percent="0" />
    </mem>
    <mem type="tenure" free="2060487136" total="2069954560" percent="99">
      <mem type="soa" free="1956989408" total="1966456832" percent="99" />
      <mem type="loa" free="103497728" total="103497728" percent="100" />
    </mem>
    <remembered-set count="4689" />
  </mem-info>
</gc-start>
<allocation-stats totalBytes="19821592" >
  <allocated-bytes non-tlh="40" tlh="19821552" />
  <largest-consumer threadName="Thread-8" threadId="0000000002679900" bytes="6407976" />
</allocation-stats>
<gc-op id="1871" type="scavenge" timems="1.258" contextid="1868" timestamp="2019-06-17T06:04:06.552">
  <scavenger-info tenureage="14" tenuremask="4000" tiltratio="89" />
  <memory-copied type="nursery" objects="11393" bytes="412600" bytesdiscarded="177224" />
</gc-op>
<gc-end id="1872" type="scavenge" contextid="1868" durationms="1.491" usertimems="4.000" systemtimems="0.000" timestamp="2019-06-17T06:04:06.552" activeThreads="4">
  <mem-info id="1873" free="2080279008" total="2092630016" percent="99">
    <mem type="nursery" free="19791872" total="22675456" percent="87">
      <mem type="allocate" free="19791872" total="20381696" percent="97" />
      <mem type="survivor" free="0" total="2293760" percent="0" />
    </mem>
    <mem type="tenure" free="2060487136" total="2069954560" percent="99">
      <mem type="soa" free="1956989408" total="1966456832" percent="99" />
      <mem type="loa" free="103497728" total="103497728" percent="100" />
    </mem>
    <remembered-set count="4688" />
  </mem-info>
</gc-end>
<cycle-end id="1874" type="scavenge" contextid="1868" timestamp="2019-06-17T06:04:06.552" />
  <attribute name="elasticGC enabled" value="1" />
  <attribute name= "numThreadsSpecified" value="4" />
  <attribute name="heapSize specified" value="27525120" />
  <attribute name="Current GC Util" value="19" />
  <attribute name= "Current Time Running" value="2180" />
  <attribute name ="GC Interval" value="200" />
  <attribute name="ProportionalT" value="-1.000000" />
  <attribute name="ProportionalI" value="-1.000000" />
  <attribute name="ProportionalH" value="-1.000000" />
  <attribute name="Current Error" value="-1.000000" />
  <attribute name="IntegralT" value="-14.000000" />
  <attribute name="IntegralI" value="-14.000000" />
  <attribute name="IntegralH" value="-14.000000" />
  <attribute name="DerivativeT" value="-0.571429" />
  <attribute name="DerivativeI" value="-0.571429" />
  <attribute name="DerivativeH" value="-0.571429" />
  <attribute name="Loop Time for DT" value="14.000000" />
  <attribute name="Output H" value="2092630016"/>
  <attribute name="Output I" value="200"/>
  <attribute name="Output T" value="4"/>
  <attribute name="Target GC Util Change" value ="20.000000" />
  <attribute name="Current GC Util Change" value="19.000000"/>
  <attribute name="GC Util currently" value="19" />
  <attribute name="CPU Util currently" value="316520025346" />
<allocation-satisfied id="1875" threadId="0000000002679900" bytesRequested="24" />
<af-end id="1876" timestamp="2019-06-17T06:04:06.552" threadId="000000000267A288" success="true" from="nursery"/>
<exclusive-end id="1877" timestamp="2019-06-17T06:04:06.552" durationms="2.066" />

<exclusive-start id="1878" timestamp="2019-06-17T06:04:06.562" intervalms="11.420">
  <response-info timems="0.033" idlems="0.033" threads="0" lastid="000000000267D500" lastname="Thread-7" />
</exclusive-start>
<af-start id="1879" threadId="000000000267DE88" totalBytesRequested="40" timestamp="2019-06-17T06:04:06.562" intervalms="11.408" type="nursery" />
<cycle-start id="1880" type="scavenge" contextid="0" timestamp="2019-06-17T06:04:06.562" intervalms="11.408" />
<gc-start id="1881" type="scavenge" contextid="1880" timestamp="2019-06-17T06:04:06.562">
  <mem-info id="1882" free="2060487136" total="2092630016" percent="98">
    <mem type="nursery" free="0" total="22675456" percent="0">
      <mem type="allocate" free="0" total="20381696" percent="0" />
      <mem type="survivor" free="0" total="2293760" percent="0" />
    </mem>
    <mem type="tenure" free="2060487136" total="2069954560" percent="99">
      <mem type="soa" free="1956989408" total="1966456832" percent="99" />
      <mem type="loa" free="103497728" total="103497728" percent="100" />
    </mem>
    <remembered-set count="5775" />
  </mem-info>
</gc-start>
<allocation-stats totalBytes="19789712" >
  <allocated-bytes non-tlh="24" tlh="19789688" />
  <largest-consumer threadName="Thread-9" threadId="0000000002681100" bytes="6057424" />
</allocation-stats>
<gc-op id="1883" type="scavenge" timems="0.591" contextid="1880" timestamp="2019-06-17T06:04:06.563">
  <scavenger-info tenureage="3" tenuremask="4018" tiltratio="89" />
  <memory-copied type="nursery" objects="15709" bytes="653696" bytesdiscarded="81280" />
  <memory-copied type="tenure" objects="2978" bytes="71472" bytesdiscarded="0" />
</gc-op>
<gc-end id="1884" type="scavenge" contextid="1880" durationms="0.963" usertimems="0.000" systemtimems="0.000" timestamp="2019-06-17T06:04:06.563" activeThreads="4">
  <mem-info id="1885" free="2080002528" total="2092630016" percent="99">
    <mem type="nursery" free="19646720" total="22675456" percent="86">
      <mem type="allocate" free="19646720" total="20381696" percent="96" />
      <mem type="survivor" free="0" total="2293760" percent="0" />
    </mem>
    <mem type="tenure" free="2060355808" total="2069954560" percent="99">
      <mem type="soa" free="1956858080" total="1966456832" percent="99" />
      <mem type="loa" free="103497728" total="103497728" percent="100" />
    </mem>
    <remembered-set count="2797" />
  </mem-info>
</gc-end>
<cycle-end id="1886" type="scavenge" contextid="1880" timestamp="2019-06-17T06:04:06.563" />
  <attribute name="elasticGC enabled" value="1" />
  <attribute name= "numThreadsSpecified" value="4" />
  <attribute name="heapSize specified" value="27525120" />
  <attribute name="Current GC Util" value="23" />
  <attribute name= "Current Time Running" value="2192" />
  <attribute name ="GC Interval" value="200" />
  <attribute name="ProportionalT" value="3.000000" />
  <attribute name="ProportionalI" value="3.000000" />
  <attribute name="ProportionalH" value="3.000000" />
  <attribute name="Current Error" value="3.000000" />
  <attribute name="IntegralT" value="36.000000" />
  <attribute name="IntegralI" value="36.000000" />
  <attribute name="IntegralH" value="36.000000" />
  <attribute name="DerivativeT" value="0.250000" />
  <attribute name="DerivativeI" value="0.250000" />
  <attribute name="DerivativeH" value="0.250000" />
  <attribute name="Loop Time for DT" value="12.000000" />
  <attribute name="Output H" value="8388608"/>
  <attribute name="Output I" value="200"/>
  <attribute name="Output T" value="4"/>
  <attribute name="Target GC Util Change" value ="20.000000" />
  <attribute name="Current GC Util Change" value="23.000000"/>
  <attribute name="GC Util currently" value="23" />
  <attribute name="CPU Util currently" value="404331020850" />
<allocation-satisfied id="1887" threadId="000000000267D500" bytesRequested="40" />
<af-end id="1888" timestamp="2019-06-17T06:04:06.563" threadId="000000000267DE88" success="true" from="nursery"/>
<exclusive-end id="1889" timestamp="2019-06-17T06:04:06.563" durationms="1.436" />

<exclusive-start id="1890" timestamp="2019-06-17T06:04:06.576" intervalms="14.771">
  <response-info timems="0.050" idlems="0.050" threads="0" lastid="000000000267D500" lastname="Thread-7" />
</exclusive-start>
<af-start id="1891" threadId="000000000267DE88" totalBytesRequested="40" timestamp="2019-06-17T06:04:06.577" intervalms="14.779" type="nursery" />
<cycle-start id="1892" type="scavenge" contextid="0" timestamp="2019-06-17T06:04:06.577" intervalms="14.780" />
<gc-start id="1893" type="scavenge" contextid="1892" timestamp="2019-06-17T06:04:06.577">
  <mem-info id="1894" free="2060355808" total="2092630016" percent="98">
    <mem type="nursery" free="0" total="22675456" percent="0">
      <mem type="allocate" free="0" total="20381696" percent="0" />
      <mem type="survivor" free="0" total="2293760" percent="0" />
    </mem>
    <mem type="tenure" free="2060355808" total="2069954560" percent="99">
      <mem type="soa" free="1956858080" total="1966456832" percent="99" />
      <mem type="loa" free="103497728" total="103497728" percent="100" />
    </mem>
    <remembered-set count="3899" />
  </mem-info>
</gc-start>
<allocation-stats totalBytes="19645816" >
  <allocated-bytes non-tlh="40" tlh="19645776" />
  <largest-consumer threadName="Thread-10" threadId="0000000002675D00" bytes="7128952" />
</allocation-stats>
<gc-op id="1895" type="scavenge" timems="0.597" contextid="1892" timestamp="2019-06-17T06:04:06.577">
  <scavenger-info tenureage="3" tenuremask="4008" tiltratio="89" />
  <memory-copied type="nursery" objects="10367" bytes="388112" bytesdiscarded="223984" />
  <memory-copied type="tenure" objects="6901" bytes="303000" bytesdiscarded="24" />
</gc-op>
<gc-end id="1896" type="scavenge" contextid="1892" durationms="0.962" usertimems="4.000" systemtimems="0.000" timestamp="2019-06-17T06:04:06.578" activeThreads="4">
  <mem-info id="1897" free="2079854304" total="2092630016" percent="99">
    <mem type="nursery" free="19769600" total="22675456" percent="87">
      <mem type="allocate" free="19769600" total="20381696" percent="96" />
      <mem type="survivor" free="0" total="2293760" percent="0" />
    </mem>
    <mem type="tenure" free="2060084704" total="2069954560" percent="99">
      <mem type="soa" free="1956586976" total="1966456832" percent="99" />
      <mem type="loa" free="103497728" total="103497728" percent="100" />
    </mem>
    <remembered-set count="4238" />
  </mem-info>
</gc-end>
<cycle-end id="1898" type="scavenge" contextid="1892" timestamp="2019-06-17T06:04:06.578" />
  <attribute name="elasticGC enabled" value="1" />
  <attribute name= "numThreadsSpecified" value="4" />
  <attribute name="heapSize specified" value="27525120" />
  <attribute name="Current GC Util" value="13" />
  <attribute name= "Current Time Running" value="2207" />
  <attribute name ="GC Interval" value="200" />
  <attribute name="ProportionalT" value="-7.000000" />
  <attribute name="ProportionalI" value="-7.000000" />
  <attribute name="ProportionalH" value="-7.000000" />
  <attribute name="Current Error" value="-7.000000" />
  <attribute name="IntegralT" value="-105.000000" />
  <attribute name="IntegralI" value="-105.000000" />
  <attribute name="IntegralH" value="-105.000000" />
  <attribute name="DerivativeT" value="-0.666667" />
  <attribute name="DerivativeI" value="-0.666667" />
  <attribute name="DerivativeH" value="-0.666667" />
  <attribute name="Loop Time for DT" value="15.000000" />
  <attribute name="Output H" value="2092630016"/>
  <attribute name="Output I" value="200"/>
  <attribute name="Output T" value="4"/>
  <attribute name="Target GC Util Change" value ="20.000000" />
  <attribute name="Current GC Util Change" value="13.000000"/>
  <attribute name="GC Util currently" value="13" />
  <attribute name="CPU Util currently" value="312011839903" />
<allocation-satisfied id="1899" threadId="000000000267D500" bytesRequested="40" />
<af-end id="1900" timestamp="2019-06-17T06:04:06.578" threadId="000000000267DE88" success="true" from="nursery"/>
<exclusive-end id="1901" timestamp="2019-06-17T06:04:06.578" durationms="1.542" />

<exclusive-start id="1902" timestamp="2019-06-17T06:04:06.588" intervalms="11.151">
  <response-info timems="0.030" idlems="0.028" threads="1" lastid="000000000267D500" lastname="Thread-7" />
</exclusive-start>
<af-start id="1903" threadId="0000000002681A88" totalBytesRequested="40" timestamp="2019-06-17T06:04:06.588" intervalms="11.113" type="nursery" />
<cycle-start id="1904" type="scavenge" contextid="0" timestamp="2019-06-17T06:04:06.592" intervalms="15.212" />
<gc-start id="1905" type="scavenge" contextid="1904" timestamp="2019-06-17T06:04:06.592">
  <mem-info id="1906" free="2060084704" total="2092630016" percent="98">
    <mem type="nursery" free="0" total="22675456" percent="0">
      <mem type="allocate" free="0" total="20381696" percent="0" />
      <mem type="survivor" free="0" total="2293760" percent="0" />
    </mem>
    <mem type="tenure" free="2060084704" total="2069954560" percent="99">
      <mem type="soa" free="1956586976" total="1966456832" percent="99" />
      <mem type="loa" free="103497728" total="103497728" percent="100" />
    </mem>
    <remembered-set count="5334" />
  </mem-info>
</gc-start>
<allocation-stats totalBytes="19768376" >
  <allocated-bytes non-tlh="40" tlh="19768336" />
  <largest-consumer threadName="Thread-9" threadId="0000000002681100" bytes="5996112" />
</allocation-stats>
<gc-op id="1907" type="scavenge" timems="1.259" contextid="1904" timestamp="2019-06-17T06:04:06.593">
  <scavenger-info tenureage="3" tenuremask="4008" tiltratio="89" />
  <memory-copied type="nursery" objects="10569" bytes="392760" bytesdiscarded="74184" />
  <memory-copied type="tenure" objects="1215" bytes="29160" bytesdiscarded="0" />
</gc-op>
<gc-end id="1908" type="scavenge" contextid="1904" durationms="1.511" usertimems="4.000" systemtimems="0.000" timestamp="2019-06-17T06:04:06.593" activeThreads="4">
  <mem-info id="1909" free="2079929568" total="2092630016" percent="99">
    <mem type="nursery" free="19914752" total="22675456" percent="87">
      <mem type="allocate" free="19914752" total="20381696" percent="97" />
      <mem type="survivor" free="0" total="2293760" percent="0" />
    </mem>
    <mem type="tenure" free="2060014816" total="2069954560" percent="99">
      <mem type="soa" free="1956517088" total="1966456832" percent="99" />
      <mem type="loa" free="103497728" total="103497728" percent="100" />
    </mem>
    <remembered-set count="4119" />
  </mem-info>
</gc-end>
<cycle-end id="1910" type="scavenge" contextid="1904" timestamp="2019-06-17T06:04:06.594" />
  <attribute name="elasticGC enabled" value="1" />
  <attribute name= "numThreadsSpecified" value="4" />
  <attribute name="heapSize specified" value="27525120" />
  <attribute name="Current GC Util" value="13" />
  <attribute name= "Current Time Running" value="2222" />
  <attribute name ="GC Interval" value="200" />
  <attribute name="ProportionalT" value="-7.000000" />
  <attribute name="ProportionalI" value="-7.000000" />
  <attribute name="ProportionalH" value="-7.000000" />
  <attribute name="Current Error" value="-7.000000" />
  <attribute name="IntegralT" value="-105.000000" />
  <attribute name="IntegralI" value="-105.000000" />
  <attribute name="IntegralH" value="-105.000000" />
  <attribute name="DerivativeT" value="-0.466667" />
  <attribute name="DerivativeI" value="-0.466667" />
  <attribute name="DerivativeH" value="-0.466667" />
  <attribute name="Loop Time for DT" value="15.000000" />
  <attribute name="Output H" value="2092630016"/>
  <attribute name="Output I" value="200"/>
  <attribute name="Output T" value="4"/>
  <attribute name="Target GC Util Change" value ="20.000000" />
  <attribute name="Current GC Util Change" value="13.000000"/>
  <attribute name="GC Util currently" value="13" />
  <attribute name="CPU Util currently" value="303366745468" />
<allocation-satisfied id="1911" threadId="0000000002681100" bytesRequested="40" />
<af-end id="1912" timestamp="2019-06-17T06:04:06.594" threadId="0000000002681A88" success="true" from="nursery"/>
<exclusive-end id="1913" timestamp="2019-06-17T06:04:06.594" durationms="6.048" />

<exclusive-start id="1914" timestamp="2019-06-17T06:04:06.602" intervalms="14.619">
  <response-info timems="0.026" idlems="0.026" threads="0" lastid="0000000002681100" lastname="Thread-9" />
</exclusive-start>
<af-start id="1915" threadId="0000000002681A88" totalBytesRequested="40" timestamp="2019-06-17T06:04:06.602" intervalms="14.644" type="nursery" />
<cycle-start id="1916" type="scavenge" contextid="0" timestamp="2019-06-17T06:04:06.602" intervalms="10.544" />
<gc-start id="1917" type="scavenge" contextid="1916" timestamp="2019-06-17T06:04:06.602">
  <mem-info id="1918" free="2060014816" total="2092630016" percent="98">
    <mem type="nursery" free="0" total="22675456" percent="0">
      <mem type="allocate" free="0" total="20381696" percent="0" />
      <mem type="survivor" free="0" total="2293760" percent="0" />
    </mem>
    <mem type="tenure" free="2060014816" total="2069954560" percent="99">
      <mem type="soa" free="1956517088" total="1966456832" percent="99" />
      <mem type="loa" free="103497728" total="103497728" percent="100" />
    </mem>
    <remembered-set count="4675" />
  </mem-info>
</gc-start>
<allocation-stats totalBytes="19913752" >
  <allocated-bytes non-tlh="40" tlh="19913712" />
  <largest-consumer threadName="Thread-9" threadId="0000000002681100" bytes="5471984" />
</allocation-stats>
<gc-op id="1919" type="scavenge" timems="1.848" contextid="1916" timestamp="2019-06-17T06:04:06.604">
  <scavenger-info tenureage="3" tenuremask="4008" tiltratio="89" />
  <memory-copied type="nursery" objects="10250" bytes="385232" bytesdiscarded="165424" />
  <memory-copied type="tenure" objects="7247" bytes="311304" bytesdiscarded="0" />
</gc-op>
<gc-end id="1920" type="scavenge" contextid="1916" durationms="2.097" usertimems="4.000" systemtimems="0.000" timestamp="2019-06-17T06:04:06.605" activeThreads="4">
  <mem-info id="1921" free="2079551592" total="2092630016" percent="99">
    <mem type="nursery" free="19831040" total="22675456" percent="87">
      <mem type="allocate" free="19831040" total="20381696" percent="97" />
      <mem type="survivor" free="0" total="2293760" percent="0" />
    </mem>
    <mem type="tenure" free="2059720552" total="2069954560" percent="99">
      <mem type="soa" free="1956222824" total="1966456832" percent="99" />
      <mem type="loa" free="103497728" total="103497728" percent="100" />
    </mem>
    <remembered-set count="4036" />
  </mem-info>
</gc-end>
<cycle-end id="1922" type="scavenge" contextid="1916" timestamp="2019-06-17T06:04:06.605" />
  <attribute name="elasticGC enabled" value="1" />
  <attribute name= "numThreadsSpecified" value="4" />
  <attribute name="heapSize specified" value="27525120" />
  <attribute name="Current GC Util" value="28" />
  <attribute name= "Current Time Running" value="2232" />
  <attribute name ="GC Interval" value="200" />
  <attribute name="ProportionalT" value="8.000000" />
  <attribute name="ProportionalI" value="8.000000" />
  <attribute name="ProportionalH" value="8.000000" />
  <attribute name="Current Error" value="8.000000" />
  <attribute name="IntegralT" value="80.000000" />
  <attribute name="IntegralI" value="80.000000" />
  <attribute name="IntegralH" value="80.000000" />
  <attribute name="DerivativeT" value="0.800000" />
  <attribute name="DerivativeI" value="0.800000" />
  <attribute name="DerivativeH" value="0.800000" />
  <attribute name="Loop Time for DT" value="10.000000" />
  <attribute name="Output H" value="8388608"/>
  <attribute name="Output I" value="200"/>
  <attribute name="Output T" value="4"/>
  <attribute name="Target GC Util Change" value ="20.000000" />
  <attribute name="Current GC Util Change" value="28.000000"/>
  <attribute name="GC Util currently" value="28" />
  <attribute name="CPU Util currently" value="436814696204" />
<allocation-satisfied id="1923" threadId="0000000002681100" bytesRequested="40" />
<af-end id="1924" timestamp="2019-06-17T06:04:06.605" threadId="0000000002681A88" success="true" from="nursery"/>
<exclusive-end id="1925" timestamp="2019-06-17T06:04:06.605" durationms="2.663" />

<exclusive-start id="1926" timestamp="2019-06-17T06:04:06.613" intervalms="11.040">
  <response-info timems="0.020" idlems="0.020" threads="0" lastid="0000000002681100" lastname="Thread-9" />
</exclusive-start>
<af-start id="1927" threadId="0000000002681A88" totalBytesRequested="24" timestamp="2019-06-17T06:04:06.613" intervalms="11.036" type="nursery" />
<cycle-start id="1928" type="scavenge" contextid="0" timestamp="2019-06-17T06:04:06.613" intervalms="11.036" />
<gc-start id="1929" type="scavenge" contextid="1928" timestamp="2019-06-17T06:04:06.614">
  <mem-info id="1930" free="2059720552" total="2092630016" percent="98">
    <mem type="nursery" free="0" total="22675456" percent="0">
      <mem type="allocate" free="0" total="20381696" percent="0" />
      <mem type="survivor" free="0" total="2293760" percent="0" />
    </mem>
    <mem type="tenure" free="2059720552" total="2069954560" percent="99">
      <mem type="soa" free="1956222824" total="1966456832" percent="99" />
      <mem type="loa" free="103497728" total="103497728" percent="100" />
    </mem>
    <remembered-set count="4871" />
  </mem-info>
</gc-start>
<allocation-stats totalBytes="19829808" >
  <allocated-bytes non-tlh="40" tlh="19829768" />
  <largest-consumer threadName="Thread-8" threadId="0000000002679900" bytes="5471896" />
</allocation-stats>
<gc-op id="1931" type="scavenge" timems="1.063" contextid="1928" timestamp="2019-06-17T06:04:06.615">
  <scavenger-info tenureage="3" tenuremask="4008" tiltratio="89" />
  <memory-copied type="nursery" objects="9831" bytes="375136" bytesdiscarded="175520" />
  <memory-copied type="tenure" objects="1555" bytes="37320" bytesdiscarded="0" />
</gc-op>
<gc-end id="1932" type="scavenge" contextid="1928" durationms="1.269" usertimems="0.000" systemtimems="0.000" timestamp="2019-06-17T06:04:06.615" activeThreads="4">
  <mem-info id="1933" free="2079512424" total="2092630016" percent="99">
    <mem type="nursery" free="19831040" total="22675456" percent="87">
      <mem type="allocate" free="19831040" total="20381696" percent="97" />
      <mem type="survivor" free="0" total="2293760" percent="0" />
    </mem>
    <mem type="tenure" free="2059681384" total="2069954560" percent="99">
      <mem type="soa" free="1956183656" total="1966456832" percent="99" />
      <mem type="loa" free="103497728" total="103497728" percent="100" />
    </mem>
    <remembered-set count="3315" />
  </mem-info>
</gc-end>
<cycle-end id="1934" type="scavenge" contextid="1928" timestamp="2019-06-17T06:04:06.615" />
  <attribute name="elasticGC enabled" value="1" />
  <attribute name= "numThreadsSpecified" value="4" />
  <attribute name="heapSize specified" value="27525120" />
  <attribute name="Current GC Util" value="37" />
  <attribute name= "Current Time Running" value="2243" />
  <attribute name ="GC Interval" value="208" />
  <attribute name="ProportionalT" value="17.000000" />
  <attribute name="ProportionalI" value="17.000000" />
  <attribute name="ProportionalH" value="17.000000" />
  <attribute name="Current Error" value="17.000000" />
  <attribute name="IntegralT" value="187.000000" />
  <attribute name="IntegralI" value="187.000000" />
  <attribute name="IntegralH" value="187.000000" />
  <attribute name="DerivativeT" value="0.818182" />
  <attribute name="DerivativeI" value="0.818182" />
  <attribute name="DerivativeH" value="0.818182" />
  <attribute name="Loop Time for DT" value="11.000000" />
  <attribute name="Output H" value="8388608"/>
  <attribute name="Output I" value="208"/>
  <attribute name="Output T" value="4"/>
  <attribute name="Target GC Util Change" value ="20.000000" />
  <attribute name="Current GC Util Change" value="37.000000"/>
  <attribute name="GC Util currently" value="37" />
  <attribute name="CPU Util currently" value="418019271984" />
<allocation-satisfied id="1935" threadId="0000000002681100" bytesRequested="24" />
<af-end id="1936" timestamp="2019-06-17T06:04:06.615" threadId="0000000002681A88" success="true" from="nursery"/>
<exclusive-end id="1937" timestamp="2019-06-17T06:04:06.615" durationms="1.783" />

<exclusive-start id="1938" timestamp="2019-06-17T06:04:06.626" intervalms="12.542">
  <response-info timems="0.029" idlems="0.029" threads="0" lastid="0000000002681100" lastname="Thread-9" />
</exclusive-start>
<af-start id="1939" threadId="0000000002681A88" totalBytesRequested="24" timestamp="2019-06-17T06:04:06.626" intervalms="12.566" type="nursery" />
<cycle-start id="1940" type="scavenge" contextid="0" timestamp="2019-06-17T06:04:06.626" intervalms="12.570" />
<gc-start id="1941" type="scavenge" contextid="1940" timestamp="2019-06-17T06:04:06.626">
  <mem-info id="1942" free="2059681384" total="2092630016" percent="98">
    <mem type="nursery" free="0" total="22675456" percent="0">
      <mem type="allocate" free="0" total="20381696" percent="0" />
      <mem type="survivor" free="0" total="2293760" percent="0" />
    </mem>
    <mem type="tenure" free="2059681384" total="2069954560" percent="99">
      <mem type="soa" free="1956183656" total="1966456832" percent="99" />
      <mem type="loa" free="103497728" total="103497728" percent="100" />
    </mem>
    <remembered-set count="4033" />
  </mem-info>
</gc-start>
<allocation-stats totalBytes="19828952" >
  <allocated-bytes non-tlh="24" tlh="19828928" />
  <largest-consumer threadName="Thread-8" threadId="0000000002679900" bytes="7306616" />
</allocation-stats>
<gc-op id="1943" type="scavenge" timems="1.647" contextid="1940" timestamp="2019-06-17T06:04:06.628">
  <scavenger-info tenureage="3" tenuremask="c008" tiltratio="89" />
  <memory-copied type="nursery" objects="9431" bytes="365552" bytesdiscarded="101392" />
  <memory-copied type="tenure" objects="1477" bytes="35448" bytesdiscarded="0" />
</gc-op>
<gc-end id="1944" type="scavenge" contextid="1940" durationms="1.864" usertimems="0.000" systemtimems="4.000" timestamp="2019-06-17T06:04:06.628" activeThreads="4">
  <mem-info id="1945" free="2079596136" total="2092630016" percent="99">
    <mem type="nursery" free="19914752" total="22675456" percent="87">
      <mem type="allocate" free="19914752" total="20381696" percent="97" />
      <mem type="survivor" free="0" total="2293760" percent="0" />
    </mem>
    <mem type="tenure" free="2059681384" total="2069954560" percent="99">
      <mem type="soa" free="1956183656" total="1966456832" percent="99" />
      <mem type="loa" free="103497728" total="103497728" percent="100" />
    </mem>
    <remembered-set count="2556" />
  </mem-info>
</gc-end>
<cycle-end id="1946" type="scavenge" contextid="1940" timestamp="2019-06-17T06:04:06.628" />
  <attribute name="elasticGC enabled" value="1" />
  <attribute name= "numThreadsSpecified" value="4" />
  <attribute name="heapSize specified" value="27525120" />
  <attribute name="Current GC Util" value="19" />
  <attribute name= "Current Time Running" value="2256" />
  <attribute name ="GC Interval" value="200" />
  <attribute name="ProportionalT" value="-1.000000" />
  <attribute name="ProportionalI" value="-1.000000" />
  <attribute name="ProportionalH" value="-1.000000" />
  <attribute name="Current Error" value="-1.000000" />
  <attribute name="IntegralT" value="-13.000000" />
  <attribute name="IntegralI" value="-13.000000" />
  <attribute name="IntegralH" value="-13.000000" />
  <attribute name="DerivativeT" value="-1.384615" />
  <attribute name="DerivativeI" value="-1.384615" />
  <attribute name="DerivativeH" value="-1.384615" />
  <attribute name="Loop Time for DT" value="13.000000" />
  <attribute name="Output H" value="2092630016"/>
  <attribute name="Output I" value="200"/>
  <attribute name="Output T" value="4"/>
  <attribute name="Target GC Util Change" value ="20.000000" />
  <attribute name="Current GC Util Change" value="19.000000"/>
  <attribute name="GC Util currently" value="19" />
  <attribute name="CPU Util currently" value="366518555685" />
<allocation-satisfied id="1947" threadId="0000000002681100" bytesRequested="24" />
<af-end id="1948" timestamp="2019-06-17T06:04:06.628" threadId="0000000002681A88" success="true" from="nursery"/>
<exclusive-end id="1949" timestamp="2019-06-17T06:04:06.628" durationms="2.371" />

<exclusive-start id="1950" timestamp="2019-06-17T06:04:06.639" intervalms="12.982">
  <response-info timems="0.046" idlems="0.025" threads="1" lastid="0000000002675D00" lastname="Thread-10" />
</exclusive-start>
<af-start id="1951" threadId="000000000267DE88" totalBytesRequested="40" timestamp="2019-06-17T06:04:06.639" intervalms="12.986" type="nursery" />
<cycle-start id="1952" type="scavenge" contextid="0" timestamp="2019-06-17T06:04:06.639" intervalms="12.990" />
<gc-start id="1953" type="scavenge" contextid="1952" timestamp="2019-06-17T06:04:06.639">
  <mem-info id="1954" free="2059681384" total="2092630016" percent="98">
    <mem type="nursery" free="0" total="22675456" percent="0">
      <mem type="allocate" free="0" total="20381696" percent="0" />
      <mem type="survivor" free="0" total="2293760" percent="0" />
    </mem>
    <mem type="tenure" free="2059681384" total="2069954560" percent="99">
      <mem type="soa" free="1956183656" total="1966456832" percent="99" />
      <mem type="loa" free="103497728" total="103497728" percent="100" />
    </mem>
    <remembered-set count="3404" />
  </mem-info>
</gc-start>
<allocation-stats totalBytes="19912784" >
  <allocated-bytes non-tlh="24" tlh="19912760" />
  <largest-consumer threadName="Thread-9" threadId="0000000002681100" bytes="7044560" />
</allocation-stats>
<gc-op id="1955" type="scavenge" timems="0.488" contextid="1952" timestamp="2019-06-17T06:04:06.640">
  <scavenger-info tenureage="3" tenuremask="ffe8" tiltratio="89" />
  <memory-copied type="nursery" objects="3731" bytes="91592" bytesdiscarded="350008" />
  <memory-copied type="tenure" objects="6895" bytes="302856" bytesdiscarded="0" />
</gc-op>
<gc-end id="1956" type="scavenge" contextid="1952" durationms="0.870" usertimems="0.000" systemtimems="0.000" timestamp="2019-06-17T06:04:06.640" activeThreads="4">
  <mem-info id="1957" free="2079265776" total="2092630016" percent="99">
    <mem type="nursery" free="19940096" total="22675456" percent="87">
      <mem type="allocate" free="19940096" total="20381696" percent="97" />
      <mem type="survivor" free="0" total="2293760" percent="0" />
    </mem>
    <mem type="tenure" free="2059325680" total="2069954560" percent="99">
      <mem type="soa" free="1955827952" total="1966456832" percent="99" />
      <mem type="loa" free="103497728" total="103497728" percent="100" />
    </mem>
    <remembered-set count="3488" />
  </mem-info>
</gc-end>
<cycle-end id="1958" type="scavenge" contextid="1952" timestamp="2019-06-17T06:04:06.640" />
  <attribute name="elasticGC enabled" value="1" />
  <attribute name= "numThreadsSpecified" value="4" />
  <attribute name="heapSize specified" value="27525120" />
  <attribute name="Current GC Util" value="24" />
  <attribute name= "Current Time Running" value="2269" />
  <attribute name ="GC Interval" value="200" />
  <attribute name="ProportionalT" value="4.000000" />
  <attribute name="ProportionalI" value="4.000000" />
  <attribute name="ProportionalH" value="4.000000" />
  <attribute name="Current Error" value="4.000000" />
  <attribute name="IntegralT" value="52.000000" />
  <attribute name="IntegralI" value="52.000000" />
  <attribute name="IntegralH" value="52.000000" />
  <attribute name="DerivativeT" value="0.307692" />
  <attribute name="DerivativeI" value="0.307692" />
  <attribute name="DerivativeH" value="0.307692" />
  <attribute name="Loop Time for DT" value="13.000000" />
  <attribute name="Output H" value="8388608"/>
  <attribute name="Output I" value="200"/>
  <attribute name="Output T" value="4"/>
  <attribute name="Target GC Util Change" value ="20.000000" />
  <attribute name="Current GC Util Change" value="24.000000"/>
  <attribute name="GC Util currently" value="24" />
  <attribute name="CPU Util currently" value="354913388301" />
<allocation-satisfied id="1959" threadId="000000000267D500" bytesRequested="40" />
<af-end id="1960" timestamp="2019-06-17T06:04:06.640" threadId="000000000267DE88" success="true" from="nursery"/>
<exclusive-end id="1961" timestamp="2019-06-17T06:04:06.640" durationms="1.392" />

<exclusive-start id="1962" timestamp="2019-06-17T06:04:06.651" intervalms="11.684">
  <response-info timems="0.040" idlems="0.022" threads="1" lastid="000000000267D500" lastname="Thread-7" />
</exclusive-start>
<af-start id="1963" threadId="0000000002676688" totalBytesRequested="40" timestamp="2019-06-17T06:04:06.651" intervalms="11.671" type="nursery" />
<cycle-start id="1964" type="scavenge" contextid="0" timestamp="2019-06-17T06:04:06.651" intervalms="11.667" />
<gc-start id="1965" type="scavenge" contextid="1964" timestamp="2019-06-17T06:04:06.651">
  <mem-info id="1966" free="2059325680" total="2092630016" percent="98">
    <mem type="nursery" free="0" total="22675456" percent="0">
      <mem type="allocate" free="0" total="20381696" percent="0" />
      <mem type="survivor" free="0" total="2293760" percent="0" />
    </mem>
    <mem type="tenure" free="2059325680" total="2069954560" percent="99">
      <mem type="soa" free="1955827952" total="1966456832" percent="99" />
      <mem type="loa" free="103497728" total="103497728" percent="100" />
    </mem>
    <remembered-set count="4618" />
  </mem-info>
</gc-start>
<allocation-stats totalBytes="19938600" >
  <allocated-bytes non-tlh="40" tlh="19938560" />
  <largest-consumer threadName="Thread-9" threadId="0000000002681100" bytes="7175800" />
</allocation-stats>
<gc-op id="1967" type="scavenge" timems="0.316" contextid="1964" timestamp="2019-06-17T06:04:06.651">
  <scavenger-info tenureage="5" tenuremask="ffe0" tiltratio="89" />
  <memory-copied type="nursery" objects="4922" bytes="120520" bytesdiscarded="145208" />
</gc-op>
<gc-end id="1968" type="scavenge" contextid="1964" durationms="0.683" usertimems="0.000" systemtimems="0.000" timestamp="2019-06-17T06:04:06.651" activeThreads="4">
  <mem-info id="1969" free="2079441648" total="2092630016" percent="99">
    <mem type="nursery" free="20115968" total="22675456" percent="88">
      <mem type="allocate" free="20115968" total="20381696" percent="98" />
      <mem type="survivor" free="0" total="2293760" percent="0" />
    </mem>
    <mem type="tenure" free="2059325680" total="2069954560" percent="99">
      <mem type="soa" free="1955827952" total="1966456832" percent="99" />
      <mem type="loa" free="103497728" total="103497728" percent="100" />
    </mem>
    <remembered-set count="4618" />
  </mem-info>
</gc-end>
<cycle-end id="1970" type="scavenge" contextid="1964" timestamp="2019-06-17T06:04:06.652" />
  <attribute name="elasticGC enabled" value="1" />
  <attribute name= "numThreadsSpecified" value="4" />
  <attribute name="heapSize specified" value="27525120" />
  <attribute name="Current GC Util" value="14" />
  <attribute name= "Current Time Running" value="2281" />
  <attribute name ="GC Interval" value="200" />
  <attribute name="ProportionalT" value="-6.000000" />
  <attribute name="ProportionalI" value="-6.000000" />
  <attribute name="ProportionalH" value="-6.000000" />
  <attribute name="Current Error" value="-6.000000" />
  <attribute name="IntegralT" value="-72.000000" />
  <attribute name="IntegralI" value="-72.000000" />
  <attribute name="IntegralH" value="-72.000000" />
  <attribute name="DerivativeT" value="-0.833333" />
  <attribute name="DerivativeI" value="-0.833333" />
  <attribute name="DerivativeH" value="-0.833333" />
  <attribute name="Loop Time for DT" value="12.000000" />
  <attribute name="Output H" value="2092630016"/>
  <attribute name="Output I" value="200"/>
  <attribute name="Output T" value="4"/>
  <attribute name="Target GC Util Change" value ="20.000000" />
  <attribute name="Current GC Util Change" value="14.000000"/>
  <attribute name="GC Util currently" value="14" />
  <attribute name="CPU Util currently" value="395545471085" />
<allocation-satisfied id="1971" threadId="0000000002675D00" bytesRequested="40" />
<af-end id="1972" timestamp="2019-06-17T06:04:06.652" threadId="0000000002676688" success="true" from="nursery"/>
<exclusive-end id="1973" timestamp="2019-06-17T06:04:06.652" durationms="1.199" />

<exclusive-start id="1974" timestamp="2019-06-17T06:04:06.662" intervalms="11.289">
  <response-info timems="0.035" idlems="0.035" threads="0" lastid="0000000002681100" lastname="Thread-9" />
</exclusive-start>
<af-start id="1975" threadId="0000000002681A88" totalBytesRequested="40" timestamp="2019-06-17T06:04:06.662" intervalms="11.291" type="nursery" />
<cycle-start id="1976" type="scavenge" contextid="0" timestamp="2019-06-17T06:04:06.662" intervalms="11.291" />
<gc-start id="1977" type="scavenge" contextid="1976" timestamp="2019-06-17T06:04:06.662">
  <mem-info id="1978" free="2059325680" total="2092630016" percent="98">
    <mem type="nursery" free="0" total="22675456" percent="0">
      <mem type="allocate" free="0" total="20381696" percent="0" />
      <mem type="survivor" free="0" total="2293760" percent="0" />
    </mem>
    <mem type="tenure" free="2059325680" total="2069954560" percent="99">
      <mem type="soa" free="1955827952" total="1966456832" percent="99" />
      <mem type="loa" free="103497728" total="103497728" percent="100" />
    </mem>
    <remembered-set count="5983" />
  </mem-info>
</gc-start>
<allocation-stats totalBytes="20114808" >
  <allocated-bytes non-tlh="40" tlh="20114768" />
  <largest-consumer threadName="Thread-9" threadId="0000000002681100" bytes="6782592" />
</allocation-stats>
<gc-op id="1979" type="scavenge" timems="1.088" contextid="1976" timestamp="2019-06-17T06:04:06.663">
  <scavenger-info tenureage="3" tenuremask="fff8" tiltratio="89" />
  <memory-copied type="nursery" objects="4026" bytes="98912" bytesdiscarded="127648" />
  <memory-copied type="tenure" objects="2251" bytes="54024" bytesdiscarded="0" />
</gc-op>
<gc-end id="1980" type="scavenge" contextid="1976" durationms="1.299" usertimems="4.000" systemtimems="0.000" timestamp="2019-06-17T06:04:06.663" activeThreads="4">
  <mem-info id="1981" free="2079402480" total="2092630016" percent="99">
    <mem type="nursery" free="20155136" total="22675456" percent="88">
      <mem type="allocate" free="20155136" total="20381696" percent="98" />
      <mem type="survivor" free="0" total="2293760" percent="0" />
    </mem>
    <mem type="tenure" free="2059247344" total="2069954560" percent="99">
      <mem type="soa" free="1955749616" total="1966456832" percent="99" />
      <mem type="loa" free="103497728" total="103497728" percent="100" />
    </mem>
    <remembered-set count="3732" />
  </mem-info>
</gc-end>
<cycle-end id="1982" type="scavenge" contextid="1976" timestamp="2019-06-17T06:04:06.663" />
  <attribute name="elasticGC enabled" value="1" />
  <attribute name= "numThreadsSpecified" value="4" />
  <attribute name="heapSize specified" value="27525120" />
  <attribute name="Current GC Util" value="8" />
  <attribute name= "Current Time Running" value="2292" />
  <attribute name ="GC Interval" value="200" />
  <attribute name="ProportionalT" value="-12.000000" />
  <attribute name="ProportionalI" value="-12.000000" />
  <attribute name="ProportionalH" value="-12.000000" />
  <attribute name="Current Error" value="-12.000000" />
  <attribute name="IntegralT" value="-132.000000" />
  <attribute name="IntegralI" value="-132.000000" />
  <attribute name="IntegralH" value="-132.000000" />
  <attribute name="DerivativeT" value="-1.090909" />
  <attribute name="DerivativeI" value="-1.090909" />
  <attribute name="DerivativeH" value="-1.090909" />
  <attribute name="Loop Time for DT" value="11.000000" />
  <attribute name="Output H" value="2092630016"/>
  <attribute name="Output I" value="200"/>
  <attribute name="Output T" value="4"/>
  <attribute name="Target GC Util Change" value ="20.000000" />
  <attribute name="Current GC Util Change" value="8.000000"/>
  <attribute name="GC Util currently" value="8" />
  <attribute name="CPU Util currently" value="408763269252" />
<allocation-satisfied id="1983" threadId="0000000002681100" bytesRequested="40" />
<af-end id="1984" timestamp="2019-06-17T06:04:06.664" threadId="0000000002681A88" success="true" from="nursery"/>
<exclusive-end id="1985" timestamp="2019-06-17T06:04:06.664" durationms="1.908" />

<exclusive-start id="1986" timestamp="2019-06-17T06:04:06.673" intervalms="11.504">
  <response-info timems="0.063" idlems="0.063" threads="0" lastid="0000000002679900" lastname="Thread-8" />
</exclusive-start>
<af-start id="1987" threadId="000000000267A288" totalBytesRequested="40" timestamp="2019-06-17T06:04:06.673" intervalms="11.588" type="nursery" />
<cycle-start id="1988" type="scavenge" contextid="0" timestamp="2019-06-17T06:04:06.674" intervalms="11.663" />
<gc-start id="1989" type="scavenge" contextid="1988" timestamp="2019-06-17T06:04:06.674">
  <mem-info id="1990" free="2059247344" total="2092630016" percent="98">
    <mem type="nursery" free="0" total="22675456" percent="0">
      <mem type="allocate" free="0" total="20381696" percent="0" />
      <mem type="survivor" free="0" total="2293760" percent="0" />
    </mem>
    <mem type="tenure" free="2059247344" total="2069954560" percent="99">
      <mem type="soa" free="1955749616" total="1966456832" percent="99" />
      <mem type="loa" free="103497728" total="103497728" percent="100" />
    </mem>
    <remembered-set count="5064" />
  </mem-info>
</gc-start>
<allocation-stats totalBytes="20154120" >
  <allocated-bytes non-tlh="40" tlh="20154080" />
  <largest-consumer threadName="Thread-8" threadId="0000000002679900" bytes="6883744" />
</allocation-stats>
<gc-op id="1991" type="scavenge" timems="1.143" contextid="1988" timestamp="2019-06-17T06:04:06.675">
  <scavenger-info tenureage="3" tenuremask="ffc8" tiltratio="89" />
  <memory-copied type="nursery" objects="4152" bytes="101696" bytesdiscarded="94144" />
  <memory-copied type="tenure" objects="1143" bytes="27432" bytesdiscarded="864" />
</gc-op>
<gc-end id="1992" type="scavenge" contextid="1988" durationms="1.459" usertimems="4.000" systemtimems="0.000" timestamp="2019-06-17T06:04:06.675" activeThreads="4">
  <mem-info id="1993" free="2079433200" total="2092630016" percent="99">
    <mem type="nursery" free="20185856" total="22675456" percent="89">
      <mem type="allocate" free="20185856" total="20381696" percent="99" />
      <mem type="survivor" free="0" total="2293760" percent="0" />
    </mem>
    <mem type="tenure" free="2059247344" total="2069954560" percent="99">
      <mem type="soa" free="1955749616" total="1966456832" percent="99" />
      <mem type="loa" free="103497728" total="103497728" percent="100" />
    </mem>
    <remembered-set count="3921" />
  </mem-info>
</gc-end>
<cycle-end id="1994" type="scavenge" contextid="1988" timestamp="2019-06-17T06:04:06.675" />
  <attribute name="elasticGC enabled" value="1" />
  <attribute name= "numThreadsSpecified" value="4" />
  <attribute name="heapSize specified" value="27525120" />
  <attribute name="Current GC Util" value="25" />
  <attribute name= "Current Time Running" value="2304" />
  <attribute name ="GC Interval" value="200" />
  <attribute name="ProportionalT" value="5.000000" />
  <attribute name="ProportionalI" value="5.000000" />
  <attribute name="ProportionalH" value="5.000000" />
  <attribute name="Current Error" value="5.000000" />
  <attribute name="IntegralT" value="60.000000" />
  <attribute name="IntegralI" value="60.000000" />
  <attribute name="IntegralH" value="60.000000" />
  <attribute name="DerivativeT" value="0.416667" />
  <attribute name="DerivativeI" value="0.416667" />
  <attribute name="DerivativeH" value="0.416667" />
  <attribute name="Loop Time for DT" value="12.000000" />
  <attribute name="Output H" value="8388608"/>
  <attribute name="Output I" value="200"/>
  <attribute name="Output T" value="4"/>
  <attribute name="Target GC Util Change" value ="20.000000" />
  <attribute name="Current GC Util Change" value="25.000000"/>
  <attribute name="GC Util currently" value="25" />
  <attribute name="CPU Util currently" value="389796871446" />
<allocation-satisfied id="1995" threadId="0000000002679900" bytesRequested="40" />
<af-end id="1996" timestamp="2019-06-17T06:04:06.676" threadId="000000000267A288" success="true" from="nursery"/>
<exclusive-end id="1997" timestamp="2019-06-17T06:04:06.676" durationms="2.272" />

<exclusive-start id="1998" timestamp="2019-06-17T06:04:06.684" intervalms="10.655">
  <response-info timems="0.049" idlems="0.049" threads="0" lastid="0000000002681100" lastname="Thread-9" />
</exclusive-start>
<af-start id="1999" threadId="0000000002681A88" totalBytesRequested="40" timestamp="2019-06-17T06:04:06.684" intervalms="10.592" type="nursery" />
<cycle-start id="2000" type="scavenge" contextid="0" timestamp="2019-06-17T06:04:06.684" intervalms="10.514" />
<gc-start id="2001" type="scavenge" contextid="2000" timestamp="2019-06-17T06:04:06.684">
  <mem-info id="2002" free="2059247344" total="2092630016" percent="98">
    <mem type="nursery" free="0" total="22675456" percent="0">
      <mem type="allocate" free="0" total="20381696" percent="0" />
      <mem type="survivor" free="0" total="2293760" percent="0" />
    </mem>
    <mem type="tenure" free="2059247344" total="2069954560" percent="99">
      <mem type="soa" free="1955749616" total="1966456832" percent="99" />
      <mem type="loa" free="103497728" total="103497728" percent="100" />
    </mem>
    <remembered-set count="5473" />
  </mem-info>
</gc-start>
<allocation-stats totalBytes="20184840" >
  <allocated-bytes non-tlh="40" tlh="20184800" />
  <largest-consumer threadName="Thread-9" threadId="0000000002681100" bytes="6783200" />
</allocation-stats>
<gc-op id="2003" type="scavenge" timems="1.328" contextid="2000" timestamp="2019-06-17T06:04:06.686">
  <scavenger-info tenureage="3" tenuremask="ffe8" tiltratio="89" />
  <memory-copied type="nursery" objects="4556" bytes="111224" bytesdiscarded="45448" />
  <memory-copied type="tenure" objects="1123" bytes="26952" bytesdiscarded="0" />
</gc-op>
<gc-end id="2004" type="scavenge" contextid="2000" durationms="1.561" usertimems="0.000" systemtimems="4.000" timestamp="2019-06-17T06:04:06.686" activeThreads="4">
  <mem-info id="2005" free="2079394032" total="2092630016" percent="99">
    <mem type="nursery" free="20225024" total="22675456" percent="89">
      <mem type="allocate" free="20225024" total="20381696" percent="99" />
      <mem type="survivor" free="0" total="2293760" percent="0" />
    </mem>
    <mem type="tenure" free="2059169008" total="2069954560" percent="99">
      <mem type="soa" free="1955671280" total="1966456832" percent="99" />
      <mem type="loa" free="103497728" total="103497728" percent="100" />
    </mem>
    <remembered-set count="4350" />
  </mem-info>
</gc-end>
<cycle-end id="2006" type="scavenge" contextid="2000" timestamp="2019-06-17T06:04:06.686" />
  <attribute name="elasticGC enabled" value="1" />
  <attribute name= "numThreadsSpecified" value="4" />
  <attribute name="heapSize specified" value="27525120" />
  <attribute name="Current GC Util" value="27" />
  <attribute name= "Current Time Running" value="2314" />
  <attribute name ="GC Interval" value="200" />
  <attribute name="ProportionalT" value="7.000000" />
  <attribute name="ProportionalI" value="7.000000" />
  <attribute name="ProportionalH" value="7.000000" />
  <attribute name="Current Error" value="7.000000" />
  <attribute name="IntegralT" value="70.000000" />
  <attribute name="IntegralI" value="70.000000" />
  <attribute name="IntegralH" value="70.000000" />
  <attribute name="DerivativeT" value="0.200000" />
  <attribute name="DerivativeI" value="0.200000" />
  <attribute name="DerivativeH" value="0.200000" />
  <attribute name="Loop Time for DT" value="10.000000" />
  <attribute name="Output H" value="8388608"/>
  <attribute name="Output I" value="200"/>
  <attribute name="Output T" value="4"/>
  <attribute name="Target GC Util Change" value ="20.000000" />
  <attribute name="Current GC Util Change" value="27.000000"/>
  <attribute name="GC Util currently" value="27" />
  <attribute name="CPU Util currently" value="445416318875" />
<allocation-satisfied id="2007" threadId="0000000002681100" bytesRequested="40" />
<af-end id="2008" timestamp="2019-06-17T06:04:06.686" threadId="0000000002681A88" success="true" from="nursery"/>
<exclusive-end id="2009" timestamp="2019-06-17T06:04:06.686" durationms="2.109" />

<exclusive-start id="2010" timestamp="2019-06-17T06:04:06.695" intervalms="10.797">
  <response-info timems="0.040" idlems="0.040" threads="0" lastid="0000000002681100" lastname="Thread-9" />
</exclusive-start>
<af-start id="2011" threadId="0000000002681A88" totalBytesRequested="40" timestamp="2019-06-17T06:04:06.695" intervalms="10.820" type="nursery" />
<cycle-start id="2012" type="scavenge" contextid="0" timestamp="2019-06-17T06:04:06.695" intervalms="10.815" />
<gc-start id="2013" type="scavenge" contextid="2012" timestamp="2019-06-17T06:04:06.695">
  <mem-info id="2014" free="2059169008" total="2092630016" percent="98">
    <mem type="nursery" free="0" total="22675456" percent="0">
      <mem type="allocate" free="0" total="20381696" percent="0" />
      <mem type="survivor" free="0" total="2293760" percent="0" />
    </mem>
    <mem type="tenure" free="2059169008" total="2069954560" percent="99">
      <mem type="soa" free="1955671280" total="1966456832" percent="99" />
      <mem type="loa" free="103497728" total="103497728" percent="100" />
    </mem>
    <remembered-set count="5736" />
  </mem-info>
</gc-start>
<allocation-stats totalBytes="20224440" >
  <allocated-bytes non-tlh="40" tlh="20224400" />
  <largest-consumer threadName="Thread-9" threadId="0000000002681100" bytes="6953784" />
</allocation-stats>
<gc-op id="2015" type="scavenge" timems="0.930" contextid="2012" timestamp="2019-06-17T06:04:06.696">
  <scavenger-info tenureage="3" tenuremask="ffe8" tiltratio="89" />
  <memory-copied type="nursery" objects="10660" bytes="395160" bytesdiscarded="177768" />
  <memory-copied type="tenure" objects="1365" bytes="32760" bytesdiscarded="0" />
</gc-op>
<gc-end id="2016" type="scavenge" contextid="2012" durationms="1.162" usertimems="4.000" systemtimems="0.000" timestamp="2019-06-17T06:04:06.696" activeThreads="4">
  <mem-info id="2017" free="2078846448" total="2092630016" percent="99">
    <mem type="nursery" free="19808768" total="22675456" percent="87">
      <mem type="allocate" free="19808768" total="20381696" percent="97" />
      <mem type="survivor" free="0" total="2293760" percent="0" />
    </mem>
    <mem type="tenure" free="2059037680" total="2069954560" percent="99">
      <mem type="soa" free="1955539952" total="1966456832" percent="99" />
      <mem type="loa" free="103497728" total="103497728" percent="100" />
    </mem>
    <remembered-set count="4371" />
  </mem-info>
</gc-end>
<cycle-end id="2018" type="scavenge" contextid="2012" timestamp="2019-06-17T06:04:06.696" />
  <attribute name="elasticGC enabled" value="1" />
  <attribute name= "numThreadsSpecified" value="4" />
  <attribute name="heapSize specified" value="27525120" />
  <attribute name="Current GC Util" value="29" />
  <attribute name= "Current Time Running" value="2325" />
  <attribute name ="GC Interval" value="200" />
  <attribute name="ProportionalT" value="9.000000" />
  <attribute name="ProportionalI" value="9.000000" />
  <attribute name="ProportionalH" value="9.000000" />
  <attribute name="Current Error" value="9.000000" />
  <attribute name="IntegralT" value="99.000000" />
  <attribute name="IntegralI" value="99.000000" />
  <attribute name="IntegralH" value="99.000000" />
  <attribute name="DerivativeT" value="0.181818" />
  <attribute name="DerivativeI" value="0.181818" />
  <attribute name="DerivativeH" value="0.181818" />
  <attribute name="Loop Time for DT" value="11.000000" />
  <attribute name="Output H" value="8388608"/>
  <attribute name="Output I" value="200"/>
  <attribute name="Output T" value="4"/>
  <attribute name="Target GC Util Change" value ="20.000000" />
  <attribute name="Current GC Util Change" value="29.000000"/>
  <attribute name="GC Util currently" value="29" />
  <attribute name="CPU Util currently" value="426954831416" />
<allocation-satisfied id="2019" threadId="0000000002681100" bytesRequested="40" />
<af-end id="2020" timestamp="2019-06-17T06:04:06.696" threadId="0000000002681A88" success="true" from="nursery"/>
<exclusive-end id="2021" timestamp="2019-06-17T06:04:06.696" durationms="1.691" />

<exclusive-start id="2022" timestamp="2019-06-17T06:04:06.705" intervalms="10.295">
  <response-info timems="0.031" idlems="0.031" threads="0" lastid="0000000002681100" lastname="Thread-9" />
</exclusive-start>
<af-start id="2023" threadId="0000000002681A88" totalBytesRequested="40" timestamp="2019-06-17T06:04:06.705" intervalms="10.262" type="nursery" />
<cycle-start id="2024" type="scavenge" contextid="0" timestamp="2019-06-17T06:04:06.705" intervalms="10.261" />
<gc-start id="2025" type="scavenge" contextid="2024" timestamp="2019-06-17T06:04:06.705">
  <mem-info id="2026" free="2059037680" total="2092630016" percent="98">
    <mem type="nursery" free="0" total="22675456" percent="0">
      <mem type="allocate" free="0" total="20381696" percent="0" />
      <mem type="survivor" free="0" total="2293760" percent="0" />
    </mem>
    <mem type="tenure" free="2059037680" total="2069954560" percent="99">
      <mem type="soa" free="1955539952" total="1966456832" percent="99" />
      <mem type="loa" free="103497728" total="103497728" percent="100" />
    </mem>
    <remembered-set count="5498" />
  </mem-info>
</gc-start>
<allocation-stats totalBytes="19807560" >
  <allocated-bytes non-tlh="40" tlh="19807520" />
  <largest-consumer threadName="Thread-9" threadId="0000000002681100" bytes="6913592" />
</allocation-stats>
<gc-op id="2027" type="scavenge" timems="0.886" contextid="2024" timestamp="2019-06-17T06:04:06.706">
  <scavenger-info tenureage="3" tenuremask="ffe8" tiltratio="89" />
  <memory-copied type="nursery" objects="16567" bytes="674200" bytesdiscarded="169832" />
  <memory-copied type="tenure" objects="1341" bytes="32184" bytesdiscarded="0" />
</gc-op>
<gc-end id="2028" type="scavenge" contextid="2024" durationms="1.085" usertimems="4.000" systemtimems="0.000" timestamp="2019-06-17T06:04:06.706" activeThreads="4">
  <mem-info id="2029" free="2078575344" total="2092630016" percent="99">
    <mem type="nursery" free="19537664" total="22675456" percent="86">
      <mem type="allocate" free="19537664" total="20381696" percent="95" />
      <mem type="survivor" free="0" total="2293760" percent="0" />
    </mem>
    <mem type="tenure" free="2059037680" total="2069954560" percent="99">
      <mem type="soa" free="1955539952" total="1966456832" percent="99" />
      <mem type="loa" free="103497728" total="103497728" percent="100" />
    </mem>
    <remembered-set count="4156" />
  </mem-info>
</gc-end>
<cycle-end id="2030" type="scavenge" contextid="2024" timestamp="2019-06-17T06:04:06.706" />
  <attribute name="elasticGC enabled" value="1" />
  <attribute name= "numThreadsSpecified" value="4" />
  <attribute name="heapSize specified" value="27525120" />
  <attribute name="Current GC Util" value="24" />
  <attribute name= "Current Time Running" value="2335" />
  <attribute name ="GC Interval" value="200" />
  <attribute name="ProportionalT" value="4.000000" />
  <attribute name="ProportionalI" value="4.000000" />
  <attribute name="ProportionalH" value="4.000000" />
  <attribute name="Current Error" value="4.000000" />
  <attribute name="IntegralT" value="40.000000" />
  <attribute name="IntegralI" value="40.000000" />
  <attribute name="IntegralH" value="40.000000" />
  <attribute name="DerivativeT" value="-0.500000" />
  <attribute name="DerivativeI" value="-0.500000" />
  <attribute name="DerivativeH" value="-0.500000" />
  <attribute name="Loop Time for DT" value="10.000000" />
  <attribute name="Output H" value="8388608"/>
  <attribute name="Output I" value="200"/>
  <attribute name="Output T" value="4"/>
  <attribute name="Target GC Util Change" value ="20.000000" />
  <attribute name="Current GC Util Change" value="24.000000"/>
  <attribute name="GC Util currently" value="24" />
  <attribute name="CPU Util currently" value="449508923537" />
<allocation-satisfied id="2031" threadId="0000000002681100" bytesRequested="40" />
<af-end id="2032" timestamp="2019-06-17T06:04:06.707" threadId="0000000002681A88" success="true" from="nursery"/>
<exclusive-end id="2033" timestamp="2019-06-17T06:04:06.707" durationms="1.558" />

<exclusive-start id="2034" timestamp="2019-06-17T06:04:06.716" intervalms="10.730">
  <response-info timems="0.049" idlems="0.049" threads="0" lastid="0000000002681100" lastname="Thread-9" />
</exclusive-start>
<af-start id="2035" threadId="0000000002681A88" totalBytesRequested="24" timestamp="2019-06-17T06:04:06.716" intervalms="10.728" type="nursery" />
<cycle-start id="2036" type="scavenge" contextid="0" timestamp="2019-06-17T06:04:06.716" intervalms="10.732" />
<gc-start id="2037" type="scavenge" contextid="2036" timestamp="2019-06-17T06:04:06.716">
  <mem-info id="2038" free="2059037680" total="2092630016" percent="98">
    <mem type="nursery" free="0" total="22675456" percent="0">
      <mem type="allocate" free="0" total="20381696" percent="0" />
      <mem type="survivor" free="0" total="2293760" percent="0" />
    </mem>
    <mem type="tenure" free="2059037680" total="2069954560" percent="99">
      <mem type="soa" free="1955539952" total="1966456832" percent="99" />
      <mem type="loa" free="103497728" total="103497728" percent="100" />
    </mem>
    <remembered-set count="4733" />
  </mem-info>
</gc-start>
<allocation-stats totalBytes="19536848" >
  <allocated-bytes non-tlh="40" tlh="19536808" />
  <largest-consumer threadName="Thread-9" threadId="0000000002681100" bytes="7314912" />
</allocation-stats>
<gc-op id="2039" type="scavenge" timems="1.685" contextid="2036" timestamp="2019-06-17T06:04:06.718">
  <scavenger-info tenureage="3" tenuremask="4008" tiltratio="89" />
  <memory-copied type="nursery" objects="21944" bytes="940464" bytesdiscarded="65616" />
  <memory-copied type="tenure" objects="1552" bytes="37248" bytesdiscarded="0" />
</gc-op>
<gc-end id="2040" type="scavenge" contextid="2036" durationms="1.935" usertimems="4.000" systemtimems="0.000" timestamp="2019-06-17T06:04:06.718" activeThreads="4">
  <mem-info id="2041" free="2078374128" total="2092630016" percent="99">
    <mem type="nursery" free="19375616" total="22675456" percent="85">
      <mem type="allocate" free="19375616" total="20381696" percent="95" />
      <mem type="survivor" free="0" total="2293760" percent="0" />
    </mem>
    <mem type="tenure" free="2058998512" total="2069954560" percent="99">
      <mem type="soa" free="1955500784" total="1966456832" percent="99" />
      <mem type="loa" free="103497728" total="103497728" percent="100" />
    </mem>
    <remembered-set count="3180" />
  </mem-info>
</gc-end>
<cycle-end id="2042" type="scavenge" contextid="2036" timestamp="2019-06-17T06:04:06.718" />
  <attribute name="elasticGC enabled" value="1" />
  <attribute name= "numThreadsSpecified" value="4" />
  <attribute name="heapSize specified" value="27525120" />
  <attribute name="Current GC Util" value="21" />
  <attribute name= "Current Time Running" value="2346" />
  <attribute name ="GC Interval" value="200" />
  <attribute name="ProportionalT" value="1.000000" />
  <attribute name="ProportionalI" value="1.000000" />
  <attribute name="ProportionalH" value="1.000000" />
  <attribute name="Current Error" value="1.000000" />
  <attribute name="IntegralT" value="11.000000" />
  <attribute name="IntegralI" value="11.000000" />
  <attribute name="IntegralH" value="11.000000" />
  <attribute name="DerivativeT" value="-0.272727" />
  <attribute name="DerivativeI" value="-0.272727" />
  <attribute name="DerivativeH" value="-0.272727" />
  <attribute name="Loop Time for DT" value="11.000000" />
  <attribute name="Output H" value="8388608"/>
  <attribute name="Output I" value="200"/>
  <attribute name="Output T" value="4"/>
  <attribute name="Target GC Util Change" value ="20.000000" />
  <attribute name="Current GC Util Change" value="21.000000"/>
  <attribute name="GC Util currently" value="21" />
  <attribute name="CPU Util currently" value="429417392767" />
<allocation-satisfied id="2043" threadId="0000000002681100" bytesRequested="24" />
<af-end id="2044" timestamp="2019-06-17T06:04:06.718" threadId="0000000002681A88" success="true" from="nursery"/>
<exclusive-end id="2045" timestamp="2019-06-17T06:04:06.718" durationms="2.467" />

<exclusive-start id="2046" timestamp="2019-06-17T06:04:06.728" intervalms="11.800">
  <response-info timems="0.051" idlems="0.051" threads="0" lastid="0000000002679900" lastname="Thread-8" />
</exclusive-start>
<af-start id="2047" threadId="000000000267A288" totalBytesRequested="40" timestamp="2019-06-17T06:04:06.728" intervalms="11.837" type="nursery" />
<cycle-start id="2048" type="scavenge" contextid="0" timestamp="2019-06-17T06:04:06.728" intervalms="11.844" />
<gc-start id="2049" type="scavenge" contextid="2048" timestamp="2019-06-17T06:04:06.728">
  <mem-info id="2050" free="2058998512" total="2092630016" percent="98">
    <mem type="nursery" free="0" total="22675456" percent="0">
      <mem type="allocate" free="0" total="20381696" percent="0" />
      <mem type="survivor" free="0" total="2293760" percent="0" />
    </mem>
    <mem type="tenure" free="2058998512" total="2069954560" percent="99">
      <mem type="soa" free="1955500784" total="1966456832" percent="99" />
      <mem type="loa" free="103497728" total="103497728" percent="100" />
    </mem>
    <remembered-set count="3516" />
  </mem-info>
</gc-start>
<allocation-stats totalBytes="19373864" >
  <allocated-bytes non-tlh="24" tlh="19373840" />
  <largest-consumer threadName="Thread-9" threadId="0000000002681100" bytes="7676792" />
</allocation-stats>
<gc-op id="2051" type="scavenge" timems="1.652" contextid="2048" timestamp="2019-06-17T06:04:06.730">
  <scavenger-info tenureage="3" tenuremask="4008" tiltratio="89" />
  <memory-copied type="nursery" objects="15626" bytes="651928" bytesdiscarded="122216" />
  <memory-copied type="tenure" objects="7422" bytes="315504" bytesdiscarded="24" />
</gc-op>
<gc-end id="2052" type="scavenge" contextid="2048" durationms="1.848" usertimems="8.000" systemtimems="0.000" timestamp="2019-06-17T06:04:06.730" activeThreads="4">
  <mem-info id="2053" free="2078435568" total="2092630016" percent="99">
    <mem type="nursery" free="19607552" total="22675456" percent="86">
      <mem type="allocate" free="19607552" total="20381696" percent="96" />
      <mem type="survivor" free="0" total="2293760" percent="0" />
    </mem>
    <mem type="tenure" free="2058828016" total="2069954560" percent="99">
      <mem type="soa" free="1955330288" total="1966456832" percent="99" />
      <mem type="loa" free="103497728" total="103497728" percent="100" />
    </mem>
    <remembered-set count="2965" />
  </mem-info>
</gc-end>
<cycle-end id="2054" type="scavenge" contextid="2048" timestamp="2019-06-17T06:04:06.730" />
  <attribute name="elasticGC enabled" value="1" />
  <attribute name= "numThreadsSpecified" value="4" />
  <attribute name="heapSize specified" value="27525120" />
  <attribute name="Current GC Util" value="32" />
  <attribute name= "Current Time Running" value="2358" />
  <attribute name ="GC Interval" value="200" />
  <attribute name="ProportionalT" value="12.000000" />
  <attribute name="ProportionalI" value="12.000000" />
  <attribute name="ProportionalH" value="12.000000" />
  <attribute name="Current Error" value="12.000000" />
  <attribute name="IntegralT" value="144.000000" />
  <attribute name="IntegralI" value="144.000000" />
  <attribute name="IntegralH" value="144.000000" />
  <attribute name="DerivativeT" value="0.916667" />
  <attribute name="DerivativeI" value="0.916667" />
  <attribute name="DerivativeH" value="0.916667" />
  <attribute name="Loop Time for DT" value="12.000000" />
  <attribute name="Output H" value="8388608"/>
  <attribute name="Output I" value="200"/>
  <attribute name="Output T" value="4"/>
  <attribute name="Target GC Util Change" value ="20.000000" />
  <attribute name="Current GC Util Change" value="32.000000"/>
  <attribute name="GC Util currently" value="32" />
  <attribute name="CPU Util currently" value="388154947168" />
<allocation-satisfied id="2055" threadId="0000000002679900" bytesRequested="40" />
<af-end id="2056" timestamp="2019-06-17T06:04:06.730" threadId="000000000267A288" success="true" from="nursery"/>
<exclusive-end id="2057" timestamp="2019-06-17T06:04:06.730" durationms="2.406" />

<exclusive-start id="2058" timestamp="2019-06-17T06:04:06.739" intervalms="11.751">
  <response-info timems="0.034" idlems="0.034" threads="0" lastid="0000000002681100" lastname="Thread-9" />
</exclusive-start>
<af-start id="2059" threadId="0000000002681A88" totalBytesRequested="40" timestamp="2019-06-17T06:04:06.739" intervalms="11.719" type="nursery" />
<cycle-start id="2060" type="scavenge" contextid="0" timestamp="2019-06-17T06:04:06.740" intervalms="11.717" />
<gc-start id="2061" type="scavenge" contextid="2060" timestamp="2019-06-17T06:04:06.740">
  <mem-info id="2062" free="2058828016" total="2092630016" percent="98">
    <mem type="nursery" free="0" total="22675456" percent="0">
      <mem type="allocate" free="0" total="20381696" percent="0" />
      <mem type="survivor" free="0" total="2293760" percent="0" />
    </mem>
    <mem type="tenure" free="2058828016" total="2069954560" percent="99">
      <mem type="soa" free="1955330288" total="1966456832" percent="99" />
      <mem type="loa" free="103497728" total="103497728" percent="100" />
    </mem>
    <remembered-set count="3482" />
  </mem-info>
</gc-start>
<allocation-stats totalBytes="19607008" >
  <allocated-bytes non-tlh="40" tlh="19606968" />
  <largest-consumer threadName="Thread-9" threadId="0000000002681100" bytes="7831368" />
</allocation-stats>
<gc-op id="2063" type="scavenge" timems="1.228" contextid="2060" timestamp="2019-06-17T06:04:06.741">
  <scavenger-info tenureage="3" tenuremask="4008" tiltratio="89" />
  <memory-copied type="nursery" objects="9194" bytes="359880" bytesdiscarded="190776" />
  <memory-copied type="tenure" objects="7322" bytes="313104" bytesdiscarded="48" />
</gc-op>
<gc-end id="2064" type="scavenge" contextid="2060" durationms="1.438" usertimems="4.000" systemtimems="0.000" timestamp="2019-06-17T06:04:06.741" activeThreads="4">
  <mem-info id="2065" free="2078299008" total="2092630016" percent="99">
    <mem type="nursery" free="19831040" total="22675456" percent="87">
      <mem type="allocate" free="19831040" total="20381696" percent="97" />
      <mem type="survivor" free="0" total="2293760" percent="0" />
    </mem>
    <mem type="tenure" free="2058467968" total="2069954560" percent="99">
      <mem type="soa" free="1954970240" total="1966456832" percent="99" />
      <mem type="loa" free="103497728" total="103497728" percent="100" />
    </mem>
    <remembered-set count="2374" />
  </mem-info>
</gc-end>
<cycle-end id="2066" type="scavenge" contextid="2060" timestamp="2019-06-17T06:04:06.741" />
  <attribute name="elasticGC enabled" value="1" />
  <attribute name= "numThreadsSpecified" value="4" />
  <attribute name="heapSize specified" value="27525120" />
  <attribute name="Current GC Util" value="37" />
  <attribute name= "Current Time Running" value="2369" />
  <attribute name ="GC Interval" value="208" />
  <attribute name="ProportionalT" value="17.000000" />
  <attribute name="ProportionalI" value="17.000000" />
  <attribute name="ProportionalH" value="17.000000" />
  <attribute name="Current Error" value="17.000000" />
  <attribute name="IntegralT" value="187.000000" />
  <attribute name="IntegralI" value="187.000000" />
  <attribute name="IntegralH" value="187.000000" />
  <attribute name="DerivativeT" value="0.454545" />
  <attribute name="DerivativeI" value="0.454545" />
  <attribute name="DerivativeH" value="0.454545" />
  <attribute name="Loop Time for DT" value="11.000000" />
  <attribute name="Output H" value="8388608"/>
  <attribute name="Output I" value="208"/>
  <attribute name="Output T" value="4"/>
  <attribute name="Target GC Util Change" value ="20.000000" />
  <attribute name="Current GC Util Change" value="37.000000"/>
  <attribute name="GC Util currently" value="37" />
  <attribute name="CPU Util currently" value="394591065297" />
<allocation-satisfied id="2067" threadId="0000000002681100" bytesRequested="40" />
<af-end id="2068" timestamp="2019-06-17T06:04:06.741" threadId="0000000002681A88" success="true" from="nursery"/>
<exclusive-end id="2069" timestamp="2019-06-17T06:04:06.741" durationms="1.942" />

<exclusive-start id="2070" timestamp="2019-06-17T06:04:06.752" intervalms="13.033">
  <response-info timems="0.036" idlems="0.036" threads="0" lastid="0000000002679900" lastname="Thread-8" />
</exclusive-start>
<af-start id="2071" threadId="000000000267A288" totalBytesRequested="40" timestamp="2019-06-17T06:04:06.752" intervalms="13.035" type="nursery" />
<cycle-start id="2072" type="scavenge" contextid="0" timestamp="2019-06-17T06:04:06.753" intervalms="13.029" />
<gc-start id="2073" type="scavenge" contextid="2072" timestamp="2019-06-17T06:04:06.753">
  <mem-info id="2074" free="2058467968" total="2092630016" percent="98">
    <mem type="nursery" free="0" total="22675456" percent="0">
      <mem type="allocate" free="0" total="20381696" percent="0" />
      <mem type="survivor" free="0" total="2293760" percent="0" />
    </mem>
    <mem type="tenure" free="2058467968" total="2069954560" percent="99">
      <mem type="soa" free="1954970240" total="1966456832" percent="99" />
      <mem type="loa" free="103497728" total="103497728" percent="100" />
    </mem>
    <remembered-set count="2741" />
  </mem-info>
</gc-start>
<allocation-stats totalBytes="19830136" >
  <allocated-bytes non-tlh="40" tlh="19830096" />
  <largest-consumer threadName="Thread-9" threadId="0000000002681100" bytes="6428640" />
</allocation-stats>
<gc-op id="2075" type="scavenge" timems="1.708" contextid="2072" timestamp="2019-06-17T06:04:06.755">
  <scavenger-info tenureage="3" tenuremask="ffe8" tiltratio="89" />
  <memory-copied type="nursery" objects="9435" bytes="365488" bytesdiscarded="123728" />
  <memory-copied type="tenure" objects="6920" bytes="303456" bytesdiscarded="0" />
</gc-op>
<gc-end id="2076" type="scavenge" contextid="2072" durationms="2.066" usertimems="4.000" systemtimems="0.000" timestamp="2019-06-17T06:04:06.755" activeThreads="4">
  <mem-info id="2077" free="2078019456" total="2092630016" percent="99">
    <mem type="nursery" free="19892480" total="22675456" percent="87">
      <mem type="allocate" free="19892480" total="20381696" percent="97" />
      <mem type="survivor" free="0" total="2293760" percent="0" />
    </mem>
    <mem type="tenure" free="2058126976" total="2069954560" percent="99">
      <mem type="soa" free="1954629248" total="1966456832" percent="99" />
      <mem type="loa" free="103497728" total="103497728" percent="100" />
    </mem>
    <remembered-set count="2692" />
  </mem-info>
</gc-end>
<cycle-end id="2078" type="scavenge" contextid="2072" timestamp="2019-06-17T06:04:06.755" />
  <attribute name="elasticGC enabled" value="1" />
  <attribute name= "numThreadsSpecified" value="4" />
  <attribute name="heapSize specified" value="27525120" />
  <attribute name="Current GC Util" value="22" />
  <attribute name= "Current Time Running" value="2383" />
  <attribute name ="GC Interval" value="200" />
  <attribute name="ProportionalT" value="2.000000" />
  <attribute name="ProportionalI" value="2.000000" />
  <attribute name="ProportionalH" value="2.000000" />
  <attribute name="Current Error" value="2.000000" />
  <attribute name="IntegralT" value="28.000000" />
  <attribute name="IntegralI" value="28.000000" />
  <attribute name="IntegralH" value="28.000000" />
  <attribute name="DerivativeT" value="-1.071429" />
  <attribute name="DerivativeI" value="-1.071429" />
  <attribute name="DerivativeH" value="-1.071429" />
  <attribute name="Loop Time for DT" value="14.000000" />
  <attribute name="Output H" value="8388608"/>
  <attribute name="Output I" value="200"/>
  <attribute name="Output T" value="4"/>
  <attribute name="Target GC Util Change" value ="20.000000" />
  <attribute name="Current GC Util Change" value="22.000000"/>
  <attribute name="GC Util currently" value="22" />
  <attribute name="CPU Util currently" value="349890959394" />
<allocation-satisfied id="2079" threadId="0000000002679900" bytesRequested="40" />
<af-end id="2080" timestamp="2019-06-17T06:04:06.755" threadId="000000000267A288" success="true" from="nursery"/>
<exclusive-end id="2081" timestamp="2019-06-17T06:04:06.755" durationms="2.553" />

<exclusive-start id="2082" timestamp="2019-06-17T06:04:06.766" intervalms="13.604">
  <response-info timems="0.058" idlems="0.031" threads="1" lastid="000000000267D500" lastname="Thread-7" />
</exclusive-start>
<af-start id="2083" threadId="0000000002676688" totalBytesRequested="40" timestamp="2019-06-17T06:04:06.766" intervalms="13.603" type="nursery" />
<cycle-start id="2084" type="scavenge" contextid="0" timestamp="2019-06-17T06:04:06.766" intervalms="13.607" />
<gc-start id="2085" type="scavenge" contextid="2084" timestamp="2019-06-17T06:04:06.766">
  <mem-info id="2086" free="2058126976" total="2092630016" percent="98">
    <mem type="nursery" free="0" total="22675456" percent="0">
      <mem type="allocate" free="0" total="20381696" percent="0" />
      <mem type="survivor" free="0" total="2293760" percent="0" />
    </mem>
    <mem type="tenure" free="2058126976" total="2069954560" percent="99">
      <mem type="soa" free="1954629248" total="1966456832" percent="99" />
      <mem type="loa" free="103497728" total="103497728" percent="100" />
    </mem>
    <remembered-set count="3274" />
  </mem-info>
</gc-start>
<allocation-stats totalBytes="19891792" >
  <allocated-bytes non-tlh="40" tlh="19891752" />
  <largest-consumer threadName="Thread-9" threadId="0000000002681100" bytes="6389648" />
</allocation-stats>
<gc-op id="2087" type="scavenge" timems="0.473" contextid="2084" timestamp="2019-06-17T06:04:06.767">
  <scavenger-info tenureage="3" tenuremask="c008" tiltratio="89" />
  <memory-copied type="nursery" objects="10041" bytes="380272" bytesdiscarded="240272" />
  <memory-copied type="tenure" objects="1004" bytes="24096" bytesdiscarded="0" />
</gc-op>
<gc-end id="2088" type="scavenge" contextid="2084" durationms="0.846" usertimems="4.000" systemtimems="0.000" timestamp="2019-06-17T06:04:06.767" activeThreads="4">
  <mem-info id="2089" free="2077888128" total="2092630016" percent="99">
    <mem type="nursery" free="19761152" total="22675456" percent="87">
      <mem type="allocate" free="19761152" total="20381696" percent="96" />
      <mem type="survivor" free="0" total="2293760" percent="0" />
    </mem>
    <mem type="tenure" free="2058126976" total="2069954560" percent="99">
      <mem type="soa" free="1954629248" total="1966456832" percent="99" />
      <mem type="loa" free="103497728" total="103497728" percent="100" />
    </mem>
    <remembered-set count="2267" />
  </mem-info>
</gc-end>
<cycle-end id="2090" type="scavenge" contextid="2084" timestamp="2019-06-17T06:04:06.767" />
  <attribute name="elasticGC enabled" value="1" />
  <attribute name= "numThreadsSpecified" value="4" />
  <attribute name="heapSize specified" value="27525120" />
  <attribute name="Current GC Util" value="31" />
  <attribute name= "Current Time Running" value="2396" />
  <attribute name ="GC Interval" value="200" />
  <attribute name="ProportionalT" value="11.000000" />
  <attribute name="ProportionalI" value="11.000000" />
  <attribute name="ProportionalH" value="11.000000" />
  <attribute name="Current Error" value="11.000000" />
  <attribute name="IntegralT" value="143.000000" />
  <attribute name="IntegralI" value="143.000000" />
  <attribute name="IntegralH" value="143.000000" />
  <attribute name="DerivativeT" value="0.692308" />
  <attribute name="DerivativeI" value="0.692308" />
  <attribute name="DerivativeH" value="0.692308" />
  <attribute name="Loop Time for DT" value="13.000000" />
  <attribute name="Output H" value="8388608"/>
  <attribute name="Output I" value="200"/>
  <attribute name="Output T" value="4"/>
  <attribute name="Target GC Util Change" value ="20.000000" />
  <attribute name="Current GC Util Change" value="31.000000"/>
  <attribute name="GC Util currently" value="31" />
  <attribute name="CPU Util currently" value="342690694930" />
<allocation-satisfied id="2091" threadId="0000000002675D00" bytesRequested="40" />
<af-end id="2092" timestamp="2019-06-17T06:04:06.767" threadId="0000000002676688" success="true" from="nursery"/>
<exclusive-end id="2093" timestamp="2019-06-17T06:04:06.767" durationms="1.362" />

<exclusive-start id="2094" timestamp="2019-06-17T06:04:06.778" intervalms="12.368">
  <response-info timems="0.072" idlems="0.072" threads="0" lastid="0000000002681100" lastname="Thread-9" />
</exclusive-start>
<af-start id="2095" threadId="0000000002681A88" totalBytesRequested="24" timestamp="2019-06-17T06:04:06.778" intervalms="12.402" type="nursery" />
<cycle-start id="2096" type="scavenge" contextid="0" timestamp="2019-06-17T06:04:06.779" intervalms="12.440" />
<gc-start id="2097" type="scavenge" contextid="2096" timestamp="2019-06-17T06:04:06.779">
  <mem-info id="2098" free="2058126976" total="2092630016" percent="98">
    <mem type="nursery" free="0" total="22675456" percent="0">
      <mem type="allocate" free="0" total="20381696" percent="0" />
      <mem type="survivor" free="0" total="2293760" percent="0" />
    </mem>
    <mem type="tenure" free="2058126976" total="2069954560" percent="99">
      <mem type="soa" free="1954629248" total="1966456832" percent="99" />
      <mem type="loa" free="103497728" total="103497728" percent="100" />
    </mem>
    <remembered-set count="2973" />
  </mem-info>
</gc-start>
<allocation-stats totalBytes="19760488" >
  <allocated-bytes non-tlh="40" tlh="19760448" />
  <largest-consumer threadName="Thread-9" threadId="0000000002681100" bytes="6520632" />
</allocation-stats>
<gc-op id="2099" type="scavenge" timems="1.299" contextid="2096" timestamp="2019-06-17T06:04:06.780">
  <scavenger-info tenureage="3" tenuremask="c008" tiltratio="89" />
  <memory-copied type="nursery" objects="10206" bytes="384056" bytesdiscarded="91336" />
  <memory-copied type="tenure" objects="939" bytes="22536" bytesdiscarded="0" />
</gc-op>
<gc-end id="2100" type="scavenge" contextid="2096" durationms="1.682" usertimems="0.000" systemtimems="0.000" timestamp="2019-06-17T06:04:06.780" activeThreads="4">
  <mem-info id="2101" free="2078033280" total="2092630016" percent="99">
    <mem type="nursery" free="19906304" total="22675456" percent="87">
      <mem type="allocate" free="19906304" total="20381696" percent="97" />
      <mem type="survivor" free="0" total="2293760" percent="0" />
    </mem>
    <mem type="tenure" free="2058126976" total="2069954560" percent="99">
      <mem type="soa" free="1954629248" total="1966456832" percent="99" />
      <mem type="loa" free="103497728" total="103497728" percent="100" />
    </mem>
    <remembered-set count="2034" />
  </mem-info>
</gc-end>
<cycle-end id="2102" type="scavenge" contextid="2096" timestamp="2019-06-17T06:04:06.781" />
  <attribute name="elasticGC enabled" value="1" />
  <attribute name= "numThreadsSpecified" value="4" />
  <attribute name="heapSize specified" value="27525120" />
  <attribute name="Current GC Util" value="11" />
  <attribute name= "Current Time Running" value="2409" />
  <attribute name ="GC Interval" value="200" />
  <attribute name="ProportionalT" value="-9.000000" />
  <attribute name="ProportionalI" value="-9.000000" />
  <attribute name="ProportionalH" value="-9.000000" />
  <attribute name="Current Error" value="-9.000000" />
  <attribute name="IntegralT" value="-117.000000" />
  <attribute name="IntegralI" value="-117.000000" />
  <attribute name="IntegralH" value="-117.000000" />
  <attribute name="DerivativeT" value="-1.538462" />
  <attribute name="DerivativeI" value="-1.538462" />
  <attribute name="DerivativeH" value="-1.538462" />
  <attribute name="Loop Time for DT" value="13.000000" />
  <attribute name="Output H" value="2092630016"/>
  <attribute name="Output I" value="200"/>
  <attribute name="Output T" value="4"/>
  <attribute name="Target GC Util Change" value ="20.000000" />
  <attribute name="Current GC Util Change" value="11.000000"/>
  <attribute name="GC Util currently" value="11" />
  <attribute name="CPU Util currently" value="366292214044" />
<allocation-satisfied id="2103" threadId="0000000002681100" bytesRequested="24" />
<af-end id="2104" timestamp="2019-06-17T06:04:06.781" threadId="0000000002681A88" success="true" from="nursery"/>
<exclusive-end id="2105" timestamp="2019-06-17T06:04:06.781" durationms="2.497" />

<exclusive-start id="2106" timestamp="2019-06-17T06:04:06.790" intervalms="11.753">
  <response-info timems="0.023" idlems="0.023" threads="0" lastid="000000000267D500" lastname="Thread-7" />
</exclusive-start>
<af-start id="2107" threadId="000000000267DE88" totalBytesRequested="40" timestamp="2019-06-17T06:04:06.790" intervalms="11.681" type="nursery" />
<cycle-start id="2108" type="scavenge" contextid="0" timestamp="2019-06-17T06:04:06.790" intervalms="11.626" />
<gc-start id="2109" type="scavenge" contextid="2108" timestamp="2019-06-17T06:04:06.790">
  <mem-info id="2110" free="2058126976" total="2092630016" percent="98">
    <mem type="nursery" free="0" total="22675456" percent="0">
      <mem type="allocate" free="0" total="20381696" percent="0" />
      <mem type="survivor" free="0" total="2293760" percent="0" />
    </mem>
    <mem type="tenure" free="2058126976" total="2069954560" percent="99">
      <mem type="soa" free="1954629248" total="1966456832" percent="99" />
      <mem type="loa" free="103497728" total="103497728" percent="100" />
    </mem>
    <remembered-set count="2546" />
  </mem-info>
</gc-start>
<allocation-stats totalBytes="19904368" >
  <allocated-bytes non-tlh="24" tlh="19904344" />
  <largest-consumer threadName="Thread-10" threadId="0000000002675D00" bytes="5602744" />
</allocation-stats>
<gc-op id="2111" type="scavenge" timems="1.466" contextid="2108" timestamp="2019-06-17T06:04:06.792">
  <scavenger-info tenureage="3" tenuremask="ffe8" tiltratio="89" />
  <memory-copied type="nursery" objects="4689" bytes="114152" bytesdiscarded="42520" />
  <memory-copied type="tenure" objects="7248" bytes="311328" bytesdiscarded="48" />
</gc-op>
<gc-end id="2112" type="scavenge" contextid="2108" durationms="1.667" usertimems="4.000" systemtimems="0.000" timestamp="2019-06-17T06:04:06.792" activeThreads="4">
  <mem-info id="2113" free="2078111616" total="2092630016" percent="99">
    <mem type="nursery" free="20225024" total="22675456" percent="89">
      <mem type="allocate" free="20225024" total="20381696" percent="99" />
      <mem type="survivor" free="0" total="2293760" percent="0" />
    </mem>
    <mem type="tenure" free="2057886592" total="2069954560" percent="99">
      <mem type="soa" free="1954388864" total="1966456832" percent="99" />
      <mem type="loa" free="103497728" total="103497728" percent="100" />
    </mem>
    <remembered-set count="4488" />
  </mem-info>
</gc-end>
<cycle-end id="2114" type="scavenge" contextid="2108" timestamp="2019-06-17T06:04:06.792" />
  <attribute name="elasticGC enabled" value="1" />
  <attribute name= "numThreadsSpecified" value="4" />
  <attribute name="heapSize specified" value="27525120" />
  <attribute name="Current GC Util" value="22" />
  <attribute name= "Current Time Running" value="2420" />
  <attribute name ="GC Interval" value="200" />
  <attribute name="ProportionalT" value="2.000000" />
  <attribute name="ProportionalI" value="2.000000" />
  <attribute name="ProportionalH" value="2.000000" />
  <attribute name="Current Error" value="2.000000" />
  <attribute name="IntegralT" value="22.000000" />
  <attribute name="IntegralI" value="22.000000" />
  <attribute name="IntegralH" value="22.000000" />
  <attribute name="DerivativeT" value="0.181818" />
  <attribute name="DerivativeI" value="0.181818" />
  <attribute name="DerivativeH" value="0.181818" />
  <attribute name="Loop Time for DT" value="11.000000" />
  <attribute name="Output H" value="8388608"/>
  <attribute name="Output I" value="200"/>
  <attribute name="Output T" value="4"/>
  <attribute name="Target GC Util Change" value ="20.000000" />
  <attribute name="Current GC Util Change" value="22.000000"/>
  <attribute name="GC Util currently" value="22" />
  <attribute name="CPU Util currently" value="403276415987" />
<allocation-satisfied id="2115" threadId="000000000267D500" bytesRequested="40" />
<af-end id="2116" timestamp="2019-06-17T06:04:06.792" threadId="000000000267DE88" success="true" from="nursery"/>
<exclusive-end id="2117" timestamp="2019-06-17T06:04:06.792" durationms="2.109" />

<exclusive-start id="2118" timestamp="2019-06-17T06:04:06.801" intervalms="10.493">
  <response-info timems="0.022" idlems="0.022" threads="0" lastid="0000000002679900" lastname="Thread-8" />
</exclusive-start>
<af-start id="2119" threadId="000000000267A288" totalBytesRequested="40" timestamp="2019-06-17T06:04:06.801" intervalms="10.512" type="nursery" />
<cycle-start id="2120" type="scavenge" contextid="0" timestamp="2019-06-17T06:04:06.801" intervalms="10.523" />
<gc-start id="2121" type="scavenge" contextid="2120" timestamp="2019-06-17T06:04:06.801">
  <mem-info id="2122" free="2057886592" total="2092630016" percent="98">
    <mem type="nursery" free="0" total="22675456" percent="0">
      <mem type="allocate" free="0" total="20381696" percent="0" />
      <mem type="survivor" free="0" total="2293760" percent="0" />
    </mem>
    <mem type="tenure" free="2057886592" total="2069954560" percent="99">
      <mem type="soa" free="1954388864" total="1966456832" percent="99" />
      <mem type="loa" free="103497728" total="103497728" percent="100" />
    </mem>
    <remembered-set count="6547" />
  </mem-info>
</gc-start>
<allocation-stats totalBytes="20224304" >
  <allocated-bytes non-tlh="40" tlh="20224264" />
  <largest-consumer threadName="Thread-7" threadId="000000000267D500" bytes="5865296" />
</allocation-stats>
<gc-op id="2123" type="scavenge" timems="1.888" contextid="2120" timestamp="2019-06-17T06:04:06.803">
  <scavenger-info tenureage="3" tenuremask="ffe8" tiltratio="89" />
  <memory-copied type="nursery" objects="11239" bytes="409296" bytesdiscarded="205872" />
  <memory-copied type="tenure" objects="1503" bytes="36072" bytesdiscarded="0" />
</gc-op>
<gc-end id="2124" type="scavenge" contextid="2120" durationms="2.118" usertimems="4.000" systemtimems="0.000" timestamp="2019-06-17T06:04:06.803" activeThreads="4">
  <mem-info id="2125" free="2077583232" total="2092630016" percent="99">
    <mem type="nursery" free="19766528" total="22675456" percent="87">
      <mem type="allocate" free="19766528" total="20381696" percent="96" />
      <mem type="survivor" free="0" total="2293760" percent="0" />
    </mem>
    <mem type="tenure" free="2057816704" total="2069954560" percent="99">
      <mem type="soa" free="1954318976" total="1966456832" percent="99" />
      <mem type="loa" free="103497728" total="103497728" percent="100" />
    </mem>
    <remembered-set count="5044" />
  </mem-info>
</gc-end>
<cycle-end id="2126" type="scavenge" contextid="2120" timestamp="2019-06-17T06:04:06.803" />
  <attribute name="elasticGC enabled" value="1" />
  <attribute name= "numThreadsSpecified" value="4" />
  <attribute name="heapSize specified" value="27525120" />
  <attribute name="Current GC Util" value="32" />
  <attribute name= "Current Time Running" value="2431" />
  <attribute name ="GC Interval" value="200" />
  <attribute name="ProportionalT" value="12.000000" />
  <attribute name="ProportionalI" value="12.000000" />
  <attribute name="ProportionalH" value="12.000000" />
  <attribute name="Current Error" value="12.000000" />
  <attribute name="IntegralT" value="132.000000" />
  <attribute name="IntegralI" value="132.000000" />
  <attribute name="IntegralH" value="132.000000" />
  <attribute name="DerivativeT" value="0.909091" />
  <attribute name="DerivativeI" value="0.909091" />
  <attribute name="DerivativeH" value="0.909091" />
  <attribute name="Loop Time for DT" value="11.000000" />
  <attribute name="Output H" value="8388608"/>
  <attribute name="Output I" value="200"/>
  <attribute name="Output T" value="4"/>
  <attribute name="Target GC Util Change" value ="20.000000" />
  <attribute name="Current GC Util Change" value="32.000000"/>
  <attribute name="GC Util currently" value="32" />
  <attribute name="CPU Util currently" value="437574164088" />
<allocation-satisfied id="2127" threadId="0000000002679900" bytesRequested="40" />
<af-end id="2128" timestamp="2019-06-17T06:04:06.803" threadId="000000000267A288" success="true" from="nursery"/>
<exclusive-end id="2129" timestamp="2019-06-17T06:04:06.803" durationms="2.706" />

<exclusive-start id="2130" timestamp="2019-06-17T06:04:06.811" intervalms="10.551">
  <response-info timems="0.026" idlems="0.026" threads="0" lastid="000000000267D500" lastname="Thread-7" />
</exclusive-start>
<af-start id="2131" threadId="000000000267DE88" totalBytesRequested="24" timestamp="2019-06-17T06:04:06.811" intervalms="10.571" type="nursery" />
<cycle-start id="2132" type="scavenge" contextid="0" timestamp="2019-06-17T06:04:06.811" intervalms="10.563" />
<gc-start id="2133" type="scavenge" contextid="2132" timestamp="2019-06-17T06:04:06.811">
  <mem-info id="2134" free="2057816704" total="2092630016" percent="98">
    <mem type="nursery" free="0" total="22675456" percent="0">
      <mem type="allocate" free="0" total="20381696" percent="0" />
      <mem type="survivor" free="0" total="2293760" percent="0" />
    </mem>
    <mem type="tenure" free="2057816704" total="2069954560" percent="99">
      <mem type="soa" free="1954318976" total="1966456832" percent="99" />
      <mem type="loa" free="103497728" total="103497728" percent="100" />
    </mem>
    <remembered-set count="5711" />
  </mem-info>
</gc-start>
<allocation-stats totalBytes="19765888" >
  <allocated-bytes non-tlh="40" tlh="19765848" />
  <largest-consumer threadName="Thread-7" threadId="000000000267D500" bytes="5340888" />
</allocation-stats>
<gc-op id="2135" type="scavenge" timems="1.115" contextid="2132" timestamp="2019-06-17T06:04:06.813">
  <scavenger-info tenureage="2" tenuremask="400c" tiltratio="89" />
  <memory-copied type="nursery" objects="11397" bytes="413072" bytesdiscarded="168304" />
  <memory-copied type="tenure" objects="2887" bytes="69288" bytesdiscarded="0" />
</gc-op>
<gc-end id="2136" type="scavenge" contextid="2132" durationms="1.273" usertimems="0.000" systemtimems="4.000" timestamp="2019-06-17T06:04:06.813" activeThreads="4">
  <mem-info id="2137" free="2077538688" total="2092630016" percent="99">
    <mem type="nursery" free="19800320" total="22675456" percent="87">
      <mem type="allocate" free="19800320" total="20381696" percent="97" />
      <mem type="survivor" free="0" total="2293760" percent="0" />
    </mem>
    <mem type="tenure" free="2057738368" total="2069954560" percent="99">
      <mem type="soa" free="1954240640" total="1966456832" percent="99" />
      <mem type="loa" free="103497728" total="103497728" percent="100" />
    </mem>
    <remembered-set count="2823" />
  </mem-info>
</gc-end>
<cycle-end id="2138" type="scavenge" contextid="2132" timestamp="2019-06-17T06:04:06.813" />
  <attribute name="elasticGC enabled" value="1" />
  <attribute name= "numThreadsSpecified" value="4" />
  <attribute name="heapSize specified" value="27525120" />
  <attribute name="Current GC Util" value="36" />
  <attribute name= "Current Time Running" value="2441" />
  <attribute name ="GC Interval" value="200" />
  <attribute name="ProportionalT" value="16.000000" />
  <attribute name="ProportionalI" value="16.000000" />
  <attribute name="ProportionalH" value="16.000000" />
  <attribute name="Current Error" value="16.000000" />
  <attribute name="IntegralT" value="160.000000" />
  <attribute name="IntegralI" value="160.000000" />
  <attribute name="IntegralH" value="160.000000" />
  <attribute name="DerivativeT" value="0.400000" />
  <attribute name="DerivativeI" value="0.400000" />
  <attribute name="DerivativeH" value="0.400000" />
  <attribute name="Loop Time for DT" value="10.000000" />
  <attribute name="Output H" value="8388608"/>
  <attribute name="Output I" value="200"/>
  <attribute name="Output T" value="4"/>
  <attribute name="Target GC Util Change" value ="20.000000" />
  <attribute name="Current GC Util Change" value="36.000000"/>
  <attribute name="GC Util currently" value="36" />
  <attribute name="CPU Util currently" value="437629141703" />
<allocation-satisfied id="2139" threadId="000000000267D500" bytesRequested="24" />
<af-end id="2140" timestamp="2019-06-17T06:04:06.813" threadId="000000000267DE88" success="true" from="nursery"/>
<exclusive-end id="2141" timestamp="2019-06-17T06:04:06.813" durationms="1.746" />

<exclusive-start id="2142" timestamp="2019-06-17T06:04:06.821" intervalms="10.104">
  <response-info timems="0.023" idlems="0.023" threads="0" lastid="0000000002681100" lastname="Thread-9" />
</exclusive-start>
<af-start id="2143" threadId="0000000002681A88" totalBytesRequested="24" timestamp="2019-06-17T06:04:06.821" intervalms="10.079" type="nursery" />
<cycle-start id="2144" type="scavenge" contextid="0" timestamp="2019-06-17T06:04:06.821" intervalms="10.089" />
<gc-start id="2145" type="scavenge" contextid="2144" timestamp="2019-06-17T06:04:06.821">
  <mem-info id="2146" free="2057738368" total="2092630016" percent="98">
    <mem type="nursery" free="0" total="22675456" percent="0">
      <mem type="allocate" free="0" total="20381696" percent="0" />
      <mem type="survivor" free="0" total="2293760" percent="0" />
    </mem>
    <mem type="tenure" free="2057738368" total="2069954560" percent="99">
      <mem type="soa" free="1954240640" total="1966456832" percent="99" />
      <mem type="loa" free="103497728" total="103497728" percent="100" />
    </mem>
    <remembered-set count="3300" />
  </mem-info>
</gc-start>
<allocation-stats totalBytes="19798672" >
  <allocated-bytes non-tlh="24" tlh="19798648" />
  <largest-consumer threadName="Thread-9" threadId="0000000002681100" bytes="5742368" />
</allocation-stats>
<gc-op id="2147" type="scavenge" timems="1.174" contextid="2144" timestamp="2019-06-17T06:04:06.823">
  <scavenger-info tenureage="2" tenuremask="400c" tiltratio="89" />
  <memory-copied type="nursery" objects="6346" bytes="291248" bytesdiscarded="167248" />
  <memory-copied type="tenure" objects="3087" bytes="74088" bytesdiscarded="0" />
</gc-op>
<gc-end id="2148" type="scavenge" contextid="2144" durationms="1.417" usertimems="4.000" systemtimems="0.000" timestamp="2019-06-17T06:04:06.823" activeThreads="4">
  <mem-info id="2149" free="2077622400" total="2092630016" percent="99">
    <mem type="nursery" free="19923200" total="22675456" percent="87">
      <mem type="allocate" free="19923200" total="20381696" percent="97" />
      <mem type="survivor" free="0" total="2293760" percent="0" />
    </mem>
    <mem type="tenure" free="2057699200" total="2069954560" percent="99">
      <mem type="soa" free="1954201472" total="1966456832" percent="99" />
      <mem type="loa" free="103497728" total="103497728" percent="100" />
    </mem>
    <remembered-set count="1236" />
  </mem-info>
</gc-end>
<cycle-end id="2150" type="scavenge" contextid="2144" timestamp="2019-06-17T06:04:06.823" />
  <attribute name="elasticGC enabled" value="1" />
  <attribute name= "numThreadsSpecified" value="4" />
  <attribute name="heapSize specified" value="27525120" />
  <attribute name="Current GC Util" value="26" />
  <attribute name= "Current Time Running" value="2451" />
  <attribute name ="GC Interval" value="200" />
  <attribute name="ProportionalT" value="6.000000" />
  <attribute name="ProportionalI" value="6.000000" />
  <attribute name="ProportionalH" value="6.000000" />
  <attribute name="Current Error" value="6.000000" />
  <attribute name="IntegralT" value="60.000000" />
  <attribute name="IntegralI" value="60.000000" />
  <attribute name="IntegralH" value="60.000000" />
  <attribute name="DerivativeT" value="-1.000000" />
  <attribute name="DerivativeI" value="-1.000000" />
  <attribute name="DerivativeH" value="-1.000000" />
  <attribute name="Loop Time for DT" value="10.000000" />
  <attribute name="Output H" value="8388608"/>
  <attribute name="Output I" value="200"/>
  <attribute name="Output T" value="4"/>
  <attribute name="Target GC Util Change" value ="20.000000" />
  <attribute name="Current GC Util Change" value="26.000000"/>
  <attribute name="GC Util currently" value="26" />
  <attribute name="CPU Util currently" value="455554573783" />
<allocation-satisfied id="2151" threadId="0000000002681100" bytesRequested="24" />
<af-end id="2152" timestamp="2019-06-17T06:04:06.823" threadId="0000000002681A88" success="true" from="nursery"/>
<exclusive-end id="2153" timestamp="2019-06-17T06:04:06.823" durationms="1.960" />

<exclusive-start id="2154" timestamp="2019-06-17T06:04:06.832" intervalms="10.373">
  <response-info timems="0.035" idlems="0.035" threads="0" lastid="0000000002681100" lastname="Thread-9" />
</exclusive-start>
<af-start id="2155" threadId="0000000002681A88" totalBytesRequested="24" timestamp="2019-06-17T06:04:06.832" intervalms="10.402" type="nursery" />
<cycle-start id="2156" type="scavenge" contextid="0" timestamp="2019-06-17T06:04:06.832" intervalms="10.400" />
<gc-start id="2157" type="scavenge" contextid="2156" timestamp="2019-06-17T06:04:06.832">
  <mem-info id="2158" free="2057699200" total="2092630016" percent="98">
    <mem type="nursery" free="0" total="22675456" percent="0">
      <mem type="allocate" free="0" total="20381696" percent="0" />
      <mem type="survivor" free="0" total="2293760" percent="0" />
    </mem>
    <mem type="tenure" free="2057699200" total="2069954560" percent="99">
      <mem type="soa" free="1954201472" total="1966456832" percent="99" />
      <mem type="loa" free="103497728" total="103497728" percent="100" />
    </mem>
    <remembered-set count="1834" />
  </mem-info>
</gc-start>
<allocation-stats totalBytes="19921336" >
  <allocated-bytes non-tlh="24" tlh="19921312" />
  <largest-consumer threadName="Thread-7" threadId="000000000267D500" bytes="5340680" />
</allocation-stats>
<gc-op id="2159" type="scavenge" timems="1.348" contextid="2156" timestamp="2019-06-17T06:04:06.833">
  <scavenger-info tenureage="14" tenuremask="4000" tiltratio="89" />
  <memory-copied type="nursery" objects="9384" bytes="364624" bytesdiscarded="110768" />
</gc-op>
<gc-end id="2160" type="scavenge" contextid="2156" durationms="1.535" usertimems="4.000" systemtimems="0.000" timestamp="2019-06-17T06:04:06.833" activeThreads="4">
  <mem-info id="2161" free="2077605504" total="2092630016" percent="99">
    <mem type="nursery" free="19906304" total="22675456" percent="87">
      <mem type="allocate" free="19906304" total="20381696" percent="97" />
      <mem type="survivor" free="0" total="2293760" percent="0" />
    </mem>
    <mem type="tenure" free="2057699200" total="2069954560" percent="99">
      <mem type="soa" free="1954201472" total="1966456832" percent="99" />
      <mem type="loa" free="103497728" total="103497728" percent="100" />
    </mem>
    <remembered-set count="1834" />
  </mem-info>
</gc-end>
<cycle-end id="2162" type="scavenge" contextid="2156" timestamp="2019-06-17T06:04:06.833" />
  <attribute name="elasticGC enabled" value="1" />
  <attribute name= "numThreadsSpecified" value="4" />
  <attribute name="heapSize specified" value="27525120" />
  <attribute name="Current GC Util" value="27" />
  <attribute name= "Current Time Running" value="2462" />
  <attribute name ="GC Interval" value="200" />
  <attribute name="ProportionalT" value="7.000000" />
  <attribute name="ProportionalI" value="7.000000" />
  <attribute name="ProportionalH" value="7.000000" />
  <attribute name="Current Error" value="7.000000" />
  <attribute name="IntegralT" value="77.000000" />
  <attribute name="IntegralI" value="77.000000" />
  <attribute name="IntegralH" value="77.000000" />
  <attribute name="DerivativeT" value="0.090909" />
  <attribute name="DerivativeI" value="0.090909" />
  <attribute name="DerivativeH" value="0.090909" />
  <attribute name="Loop Time for DT" value="11.000000" />
  <attribute name="Output H" value="8388608"/>
  <attribute name="Output I" value="200"/>
  <attribute name="Output T" value="4"/>
  <attribute name="Target GC Util Change" value ="20.000000" />
  <attribute name="Current GC Util Change" value="27.000000"/>
  <attribute name="GC Util currently" value="27" />
  <attribute name="CPU Util currently" value="443833271867" />
<allocation-satisfied id="2163" threadId="0000000002681100" bytesRequested="24" />
<af-end id="2164" timestamp="2019-06-17T06:04:06.834" threadId="0000000002681A88" success="true" from="nursery"/>
<exclusive-end id="2165" timestamp="2019-06-17T06:04:06.834" durationms="2.094" />

<exclusive-start id="2166" timestamp="2019-06-17T06:04:06.842" intervalms="10.489">
  <response-info timems="0.023" idlems="0.023" threads="0" lastid="000000000267D500" lastname="Thread-7" />
</exclusive-start>
<af-start id="2167" threadId="000000000267DE88" totalBytesRequested="40" timestamp="2019-06-17T06:04:06.842" intervalms="10.445" type="nursery" />
<cycle-start id="2168" type="scavenge" contextid="0" timestamp="2019-06-17T06:04:06.842" intervalms="10.433" />
<gc-start id="2169" type="scavenge" contextid="2168" timestamp="2019-06-17T06:04:06.842">
  <mem-info id="2170" free="2057699200" total="2092630016" percent="98">
    <mem type="nursery" free="0" total="22675456" percent="0">
      <mem type="allocate" free="0" total="20381696" percent="0" />
      <mem type="survivor" free="0" total="2293760" percent="0" />
    </mem>
    <mem type="tenure" free="2057699200" total="2069954560" percent="99">
      <mem type="soa" free="1954201472" total="1966456832" percent="99" />
      <mem type="loa" free="103497728" total="103497728" percent="100" />
    </mem>
    <remembered-set count="2482" />
  </mem-info>
</gc-start>
<allocation-stats totalBytes="19904480" >
  <allocated-bytes non-tlh="24" tlh="19904456" />
  <largest-consumer threadName="Thread-9" threadId="0000000002681100" bytes="5586200" />
</allocation-stats>
<gc-op id="2171" type="scavenge" timems="1.303" contextid="2168" timestamp="2019-06-17T06:04:06.844">
  <scavenger-info tenureage="14" tenuremask="4000" tiltratio="89" />
  <memory-copied type="nursery" objects="7585" bytes="321088" bytesdiscarded="84416" />
</gc-op>
<gc-end id="2172" type="scavenge" contextid="2168" durationms="1.456" usertimems="0.000" systemtimems="4.000" timestamp="2019-06-17T06:04:06.844" activeThreads="4">
  <mem-info id="2173" free="2077675392" total="2092630016" percent="99">
    <mem type="nursery" free="19976192" total="22675456" percent="88">
      <mem type="allocate" free="19976192" total="20381696" percent="98" />
      <mem type="survivor" free="0" total="2293760" percent="0" />
    </mem>
    <mem type="tenure" free="2057699200" total="2069954560" percent="99">
      <mem type="soa" free="1954201472" total="1966456832" percent="99" />
      <mem type="loa" free="103497728" total="103497728" percent="100" />
    </mem>
    <remembered-set count="2482" />
  </mem-info>
</gc-end>
<cycle-end id="2174" type="scavenge" contextid="2168" timestamp="2019-06-17T06:04:06.844" />
  <attribute name="elasticGC enabled" value="1" />
  <attribute name= "numThreadsSpecified" value="4" />
  <attribute name="heapSize specified" value="27525120" />
  <attribute name="Current GC Util" value="29" />
  <attribute name= "Current Time Running" value="2472" />
  <attribute name ="GC Interval" value="200" />
  <attribute name="ProportionalT" value="9.000000" />
  <attribute name="ProportionalI" value="9.000000" />
  <attribute name="ProportionalH" value="9.000000" />
  <attribute name="Current Error" value="9.000000" />
  <attribute name="IntegralT" value="90.000000" />
  <attribute name="IntegralI" value="90.000000" />
  <attribute name="IntegralH" value="90.000000" />
  <attribute name="DerivativeT" value="0.200000" />
  <attribute name="DerivativeI" value="0.200000" />
  <attribute name="DerivativeH" value="0.200000" />
  <attribute name="Loop Time for DT" value="10.000000" />
  <attribute name="Output H" value="8388608"/>
  <attribute name="Output I" value="200"/>
  <attribute name="Output T" value="4"/>
  <attribute name="Target GC Util Change" value ="20.000000" />
  <attribute name="Current GC Util Change" value="29.000000"/>
  <attribute name="GC Util currently" value="29" />
  <attribute name="CPU Util currently" value="442822253173" />
<allocation-satisfied id="2175" threadId="000000000267D500" bytesRequested="40" />
<af-end id="2176" timestamp="2019-06-17T06:04:06.844" threadId="000000000267DE88" success="true" from="nursery"/>
<exclusive-end id="2177" timestamp="2019-06-17T06:04:06.844" durationms="1.912" />

<exclusive-start id="2178" timestamp="2019-06-17T06:04:06.853" intervalms="10.513">
  <response-info timems="0.023" idlems="0.023" threads="0" lastid="0000000002681100" lastname="Thread-9" />
</exclusive-start>
<af-start id="2179" threadId="0000000002681A88" totalBytesRequested="40" timestamp="2019-06-17T06:04:06.853" intervalms="10.527" type="nursery" />
<cycle-start id="2180" type="scavenge" contextid="0" timestamp="2019-06-17T06:04:06.853" intervalms="10.541" />
<gc-start id="2181" type="scavenge" contextid="2180" timestamp="2019-06-17T06:04:06.853">
  <mem-info id="2182" free="2057699200" total="2092630016" percent="98">
    <mem type="nursery" free="0" total="22675456" percent="0">
      <mem type="allocate" free="0" total="20381696" percent="0" />
      <mem type="survivor" free="0" total="2293760" percent="0" />
    </mem>
    <mem type="tenure" free="2057699200" total="2069954560" percent="99">
      <mem type="soa" free="1954201472" total="1966456832" percent="99" />
      <mem type="loa" free="103497728" total="103497728" percent="100" />
    </mem>
    <remembered-set count="2861" />
  </mem-info>
</gc-start>
<allocation-stats totalBytes="19975608" >
  <allocated-bytes non-tlh="40" tlh="19975568" />
  <largest-consumer threadName="Thread-9" threadId="0000000002681100" bytes="5787288" />
</allocation-stats>
<gc-op id="2183" type="scavenge" timems="1.353" contextid="2180" timestamp="2019-06-17T06:04:06.854">
  <scavenger-info tenureage="14" tenuremask="4000" tiltratio="89" />
  <memory-copied type="nursery" objects="10554" bytes="392448" bytesdiscarded="52224" />
</gc-op>
<gc-end id="2184" type="scavenge" contextid="2180" durationms="1.552" usertimems="4.000" systemtimems="0.000" timestamp="2019-06-17T06:04:06.854" activeThreads="4">
  <mem-info id="2185" free="2077636224" total="2092630016" percent="99">
    <mem type="nursery" free="19937024" total="22675456" percent="87">
      <mem type="allocate" free="19937024" total="20381696" percent="97" />
      <mem type="survivor" free="0" total="2293760" percent="0" />
    </mem>
    <mem type="tenure" free="2057699200" total="2069954560" percent="99">
      <mem type="soa" free="1954201472" total="1966456832" percent="99" />
      <mem type="loa" free="103497728" total="103497728" percent="100" />
    </mem>
    <remembered-set count="2861" />
  </mem-info>
</gc-end>
<cycle-end id="2186" type="scavenge" contextid="2180" timestamp="2019-06-17T06:04:06.854" />
  <attribute name="elasticGC enabled" value="1" />
  <attribute name= "numThreadsSpecified" value="4" />
  <attribute name="heapSize specified" value="27525120" />
  <attribute name="Current GC Util" value="27" />
  <attribute name= "Current Time Running" value="2483" />
  <attribute name ="GC Interval" value="200" />
  <attribute name="ProportionalT" value="7.000000" />
  <attribute name="ProportionalI" value="7.000000" />
  <attribute name="ProportionalH" value="7.000000" />
  <attribute name="Current Error" value="7.000000" />
  <attribute name="IntegralT" value="77.000000" />
  <attribute name="IntegralI" value="77.000000" />
  <attribute name="IntegralH" value="77.000000" />
  <attribute name="DerivativeT" value="-0.181818" />
  <attribute name="DerivativeI" value="-0.181818" />
  <attribute name="DerivativeH" value="-0.181818" />
  <attribute name="Loop Time for DT" value="11.000000" />
  <attribute name="Output H" value="8388608"/>
  <attribute name="Output I" value="200"/>
  <attribute name="Output T" value="4"/>
  <attribute name="Target GC Util Change" value ="20.000000" />
  <attribute name="Current GC Util Change" value="27.000000"/>
  <attribute name="GC Util currently" value="27" />
  <attribute name="CPU Util currently" value="436405883331" />
<allocation-satisfied id="2187" threadId="0000000002681100" bytesRequested="40" />
<af-end id="2188" timestamp="2019-06-17T06:04:06.855" threadId="0000000002681A88" success="true" from="nursery"/>
<exclusive-end id="2189" timestamp="2019-06-17T06:04:06.855" durationms="2.172" />

<exclusive-start id="2190" timestamp="2019-06-17T06:04:06.863" intervalms="10.425">
  <response-info timems="0.023" idlems="0.023" threads="0" lastid="0000000002675D00" lastname="Thread-10" />
</exclusive-start>
<af-start id="2191" threadId="0000000002676688" totalBytesRequested="40" timestamp="2019-06-17T06:04:06.863" intervalms="10.477" type="nursery" />
<cycle-start id="2192" type="scavenge" contextid="0" timestamp="2019-06-17T06:04:06.863" intervalms="10.479" />
<gc-start id="2193" type="scavenge" contextid="2192" timestamp="2019-06-17T06:04:06.863">
  <mem-info id="2194" free="2057699200" total="2092630016" percent="98">
    <mem type="nursery" free="0" total="22675456" percent="0">
      <mem type="allocate" free="0" total="20381696" percent="0" />
      <mem type="survivor" free="0" total="2293760" percent="0" />
    </mem>
    <mem type="tenure" free="2057699200" total="2069954560" percent="99">
      <mem type="soa" free="1954201472" total="1966456832" percent="99" />
      <mem type="loa" free="103497728" total="103497728" percent="100" />
    </mem>
    <remembered-set count="3570" />
  </mem-info>
</gc-start>
<allocation-stats totalBytes="19936448" >
  <allocated-bytes non-tlh="40" tlh="19936408" />
  <largest-consumer threadName="Thread-9" threadId="0000000002681100" bytes="5734304" />
</allocation-stats>
<gc-op id="2195" type="scavenge" timems="0.368" contextid="2192" timestamp="2019-06-17T06:04:06.864">
  <scavenger-info tenureage="5" tenuremask="4020" tiltratio="89" />
  <memory-copied type="nursery" objects="8213" bytes="336432" bytesdiscarded="144336" />
  <memory-copied type="tenure" objects="665" bytes="15960" bytesdiscarded="0" />
</gc-op>
<gc-end id="2196" type="scavenge" contextid="2192" durationms="0.835" usertimems="0.000" systemtimems="0.000" timestamp="2019-06-17T06:04:06.864" activeThreads="4">
  <mem-info id="2197" free="2077499520" total="2092630016" percent="99">
    <mem type="nursery" free="19900928" total="22675456" percent="87">
      <mem type="allocate" free="19900928" total="20381696" percent="97" />
      <mem type="survivor" free="0" total="2293760" percent="0" />
    </mem>
    <mem type="tenure" free="2057598592" total="2069954560" percent="99">
      <mem type="soa" free="1954100864" total="1966456832" percent="99" />
      <mem type="loa" free="103497728" total="103497728" percent="100" />
    </mem>
    <remembered-set count="2905" />
  </mem-info>
</gc-end>
<cycle-end id="2198" type="scavenge" contextid="2192" timestamp="2019-06-17T06:04:06.864" />
  <attribute name="elasticGC enabled" value="1" />
  <attribute name= "numThreadsSpecified" value="4" />
  <attribute name="heapSize specified" value="27525120" />
  <attribute name="Current GC Util" value="28" />
  <attribute name= "Current Time Running" value="2493" />
  <attribute name ="GC Interval" value="200" />
  <attribute name="ProportionalT" value="8.000000" />
  <attribute name="ProportionalI" value="8.000000" />
  <attribute name="ProportionalH" value="8.000000" />
  <attribute name="Current Error" value="8.000000" />
  <attribute name="IntegralT" value="80.000000" />
  <attribute name="IntegralI" value="80.000000" />
  <attribute name="IntegralH" value="80.000000" />
  <attribute name="DerivativeT" value="0.100000" />
  <attribute name="DerivativeI" value="0.100000" />
  <attribute name="DerivativeH" value="0.100000" />
  <attribute name="Loop Time for DT" value="10.000000" />
  <attribute name="Output H" value="8388608"/>
  <attribute name="Output I" value="200"/>
  <attribute name="Output T" value="4"/>
  <attribute name="Target GC Util Change" value ="20.000000" />
  <attribute name="Current GC Util Change" value="28.000000"/>
  <attribute name="GC Util currently" value="28" />
  <attribute name="CPU Util currently" value="435131711357" />
<allocation-satisfied id="2199" threadId="0000000002675D00" bytesRequested="40" />
<af-end id="2200" timestamp="2019-06-17T06:04:06.864" threadId="0000000002676688" success="true" from="nursery"/>
<exclusive-end id="2201" timestamp="2019-06-17T06:04:06.865" durationms="1.527" />

<exclusive-start id="2202" timestamp="2019-06-17T06:04:06.872" intervalms="9.207">
  <response-info timems="0.021" idlems="0.021" threads="0" lastid="0000000002681100" lastname="Thread-9" />
</exclusive-start>
<af-start id="2203" threadId="0000000002681A88" totalBytesRequested="40" timestamp="2019-06-17T06:04:06.872" intervalms="9.158" type="nursery" />
<cycle-start id="2204" type="scavenge" contextid="0" timestamp="2019-06-17T06:04:06.872" intervalms="9.155" />
<gc-start id="2205" type="scavenge" contextid="2204" timestamp="2019-06-17T06:04:06.872">
  <mem-info id="2206" free="2057598592" total="2092630016" percent="98">
    <mem type="nursery" free="0" total="22675456" percent="0">
      <mem type="allocate" free="0" total="20381696" percent="0" />
      <mem type="survivor" free="0" total="2293760" percent="0" />
    </mem>
    <mem type="tenure" free="2057598592" total="2069954560" percent="99">
      <mem type="soa" free="1954100864" total="1966456832" percent="99" />
      <mem type="loa" free="103497728" total="103497728" percent="100" />
    </mem>
    <remembered-set count="4952" />
  </mem-info>
</gc-start>
<allocation-stats totalBytes="19900312" >
  <allocated-bytes non-tlh="40" tlh="19900272" />
  <largest-consumer threadName="Thread-7" threadId="000000000267D500" bytes="5843264" />
</allocation-stats>
<gc-op id="2207" type="scavenge" timems="1.658" contextid="2204" timestamp="2019-06-17T06:04:06.874">
  <scavenger-info tenureage="14" tenuremask="4000" tiltratio="89" />
  <memory-copied type="nursery" objects="17479" bytes="695968" bytesdiscarded="83408" />
</gc-op>
<gc-end id="2208" type="scavenge" contextid="2204" durationms="1.851" usertimems="4.000" systemtimems="0.000" timestamp="2019-06-17T06:04:06.874" activeThreads="4">
  <mem-info id="2209" free="2077200912" total="2092630016" percent="99">
    <mem type="nursery" free="19602320" total="22675456" percent="86">
      <mem type="allocate" free="19602320" total="20381696" percent="96" />
      <mem type="survivor" free="0" total="2293760" percent="0" />
    </mem>
    <mem type="tenure" free="2057598592" total="2069954560" percent="99">
      <mem type="soa" free="1954100864" total="1966456832" percent="99" />
      <mem type="loa" free="103497728" total="103497728" percent="100" />
    </mem>
    <remembered-set count="4952" />
  </mem-info>
</gc-end>
<cycle-end id="2210" type="scavenge" contextid="2204" timestamp="2019-06-17T06:04:06.874" />
  <attribute name="elasticGC enabled" value="1" />
  <attribute name= "numThreadsSpecified" value="4" />
  <attribute name="heapSize specified" value="27525120" />
  <attribute name="Current GC Util" value="13" />
  <attribute name= "Current Time Running" value="2502" />
  <attribute name ="GC Interval" value="200" />
  <attribute name="ProportionalT" value="-7.000000" />
  <attribute name="ProportionalI" value="-7.000000" />
  <attribute name="ProportionalH" value="-7.000000" />
  <attribute name="Current Error" value="-7.000000" />
  <attribute name="IntegralT" value="-63.000000" />
  <attribute name="IntegralI" value="-63.000000" />
  <attribute name="IntegralH" value="-63.000000" />
  <attribute name="DerivativeT" value="-1.666667" />
  <attribute name="DerivativeI" value="-1.666667" />
  <attribute name="DerivativeH" value="-1.666667" />
  <attribute name="Loop Time for DT" value="9.000000" />
  <attribute name="Output H" value="2092630016"/>
  <attribute name="Output I" value="200"/>
  <attribute name="Output T" value="4"/>
  <attribute name="Target GC Util Change" value ="20.000000" />
  <attribute name="Current GC Util Change" value="13.000000"/>
  <attribute name="GC Util currently" value="13" />
  <attribute name="CPU Util currently" value="510649800205" />
<allocation-satisfied id="2211" threadId="0000000002681100" bytesRequested="40" />
<af-end id="2212" timestamp="2019-06-17T06:04:06.875" threadId="0000000002681A88" success="true" from="nursery"/>
<exclusive-end id="2213" timestamp="2019-06-17T06:04:06.875" durationms="2.311" />

<exclusive-start id="2214" timestamp="2019-06-17T06:04:06.883" intervalms="10.571">
  <response-info timems="0.020" idlems="0.020" threads="0" lastid="0000000002681100" lastname="Thread-9" />
</exclusive-start>
<af-start id="2215" threadId="0000000002681A88" totalBytesRequested="40" timestamp="2019-06-17T06:04:06.883" intervalms="10.568" type="nursery" />
<cycle-start id="2216" type="scavenge" contextid="0" timestamp="2019-06-17T06:04:06.883" intervalms="10.567" />
<gc-start id="2217" type="scavenge" contextid="2216" timestamp="2019-06-17T06:04:06.883">
  <mem-info id="2218" free="2057598592" total="2092630016" percent="98">
    <mem type="nursery" free="0" total="22675456" percent="0">
      <mem type="allocate" free="0" total="20381696" percent="0" />
      <mem type="survivor" free="0" total="2293760" percent="0" />
    </mem>
    <mem type="tenure" free="2057598592" total="2069954560" percent="99">
      <mem type="soa" free="1954100864" total="1966456832" percent="99" />
      <mem type="loa" free="103497728" total="103497728" percent="100" />
    </mem>
    <remembered-set count="5490" />
  </mem-info>
</gc-start>
<allocation-stats totalBytes="19601744" >
  <allocated-bytes non-tlh="40" tlh="19601704" />
  <largest-consumer threadName="Thread-9" threadId="0000000002681100" bytes="5413552" />
</allocation-stats>
<gc-op id="2219" type="scavenge" timems="1.087" contextid="2216" timestamp="2019-06-17T06:04:06.884">
  <scavenger-info tenureage="5" tenuremask="4060" tiltratio="89" />
  <memory-copied type="nursery" objects="18717" bytes="725752" bytesdiscarded="115064" />
  <memory-copied type="tenure" objects="1079" bytes="25896" bytesdiscarded="96" />
</gc-op>
<gc-end id="2220" type="scavenge" contextid="2216" durationms="1.284" usertimems="4.000" systemtimems="0.000" timestamp="2019-06-17T06:04:06.884" activeThreads="4">
  <mem-info id="2221" free="2077100304" total="2092630016" percent="99">
    <mem type="nursery" free="19540880" total="22675456" percent="86">
      <mem type="allocate" free="19540880" total="20381696" percent="95" />
      <mem type="survivor" free="0" total="2293760" percent="0" />
    </mem>
    <mem type="tenure" free="2057559424" total="2069954560" percent="99">
      <mem type="soa" free="1954061696" total="1966456832" percent="99" />
      <mem type="loa" free="103497728" total="103497728" percent="100" />
    </mem>
    <remembered-set count="4410" />
  </mem-info>
</gc-end>
<cycle-end id="2222" type="scavenge" contextid="2216" timestamp="2019-06-17T06:04:06.884" />
  <attribute name="elasticGC enabled" value="1" />
  <attribute name= "numThreadsSpecified" value="4" />
  <attribute name="heapSize specified" value="27525120" />
  <attribute name="Current GC Util" value="37" />
  <attribute name= "Current Time Running" value="2513" />
  <attribute name ="GC Interval" value="208" />
  <attribute name="ProportionalT" value="17.000000" />
  <attribute name="ProportionalI" value="17.000000" />
  <attribute name="ProportionalH" value="17.000000" />
  <attribute name="Current Error" value="17.000000" />
  <attribute name="IntegralT" value="187.000000" />
  <attribute name="IntegralI" value="187.000000" />
  <attribute name="IntegralH" value="187.000000" />
  <attribute name="DerivativeT" value="1.545455" />
  <attribute name="DerivativeI" value="1.545455" />
  <attribute name="DerivativeH" value="1.545455" />
  <attribute name="Loop Time for DT" value="11.000000" />
  <attribute name="Output H" value="8388608"/>
  <attribute name="Output I" value="208"/>
  <attribute name="Output T" value="4"/>
  <attribute name="Target GC Util Change" value ="20.000000" />
  <attribute name="Current GC Util Change" value="37.000000"/>
  <attribute name="GC Util currently" value="37" />
  <attribute name="CPU Util currently" value="436355878035" />
<allocation-satisfied id="2223" threadId="0000000002681100" bytesRequested="40" />
<af-end id="2224" timestamp="2019-06-17T06:04:06.885" threadId="0000000002681A88" success="true" from="nursery"/>
<exclusive-end id="2225" timestamp="2019-06-17T06:04:06.885" durationms="1.819" />

<exclusive-start id="2226" timestamp="2019-06-17T06:04:06.893" intervalms="9.752">
  <response-info timems="0.023" idlems="0.023" threads="0" lastid="000000000267D500" lastname="Thread-7" />
</exclusive-start>
<af-start id="2227" threadId="000000000267DE88" totalBytesRequested="40" timestamp="2019-06-17T06:04:06.893" intervalms="9.734" type="nursery" />
<cycle-start id="2228" type="scavenge" contextid="0" timestamp="2019-06-17T06:04:06.893" intervalms="9.722" />
<gc-start id="2229" type="scavenge" contextid="2228" timestamp="2019-06-17T06:04:06.893">
  <mem-info id="2230" free="2057559424" total="2092630016" percent="98">
    <mem type="nursery" free="0" total="22675456" percent="0">
      <mem type="allocate" free="0" total="20381696" percent="0" />
      <mem type="survivor" free="0" total="2293760" percent="0" />
    </mem>
    <mem type="tenure" free="2057559424" total="2069954560" percent="99">
      <mem type="soa" free="1954061696" total="1966456832" percent="99" />
      <mem type="loa" free="103497728" total="103497728" percent="100" />
    </mem>
    <remembered-set count="5366" />
  </mem-info>
</gc-start>
<allocation-stats totalBytes="19539232" >
  <allocated-bytes non-tlh="40" tlh="19539192" />
  <largest-consumer threadName="Thread-9" threadId="0000000002681100" bytes="5209736" />
</allocation-stats>
<gc-op id="2231" type="scavenge" timems="1.151" contextid="2228" timestamp="2019-06-17T06:04:06.894">
  <scavenger-info tenureage="3" tenuremask="4028" tiltratio="89" />
  <memory-copied type="nursery" objects="14009" bytes="475416" bytesdiscarded="175848" />
  <memory-copied type="tenure" objects="6403" bytes="291048" bytesdiscarded="0" />
</gc-op>
<gc-end id="2232" type="scavenge" contextid="2228" durationms="1.310" usertimems="0.000" systemtimems="0.000" timestamp="2019-06-17T06:04:06.894" activeThreads="4">
  <mem-info id="2233" free="2076982800" total="2092630016" percent="99">
    <mem type="nursery" free="19730432" total="22675456" percent="87">
      <mem type="allocate" free="19730432" total="20381696" percent="96" />
      <mem type="survivor" free="0" total="2293760" percent="0" />
    </mem>
    <mem type="tenure" free="2057252368" total="2069954560" percent="99">
      <mem type="soa" free="1953754640" total="1966456832" percent="99" />
      <mem type="loa" free="103497728" total="103497728" percent="100" />
    </mem>
    <remembered-set count="6074" />
  </mem-info>
</gc-end>
<cycle-end id="2234" type="scavenge" contextid="2228" timestamp="2019-06-17T06:04:06.894" />
  <attribute name="elasticGC enabled" value="1" />
  <attribute name= "numThreadsSpecified" value="4" />
  <attribute name="heapSize specified" value="27525120" />
  <attribute name="Current GC Util" value="29" />
  <attribute name= "Current Time Running" value="2522" />
  <attribute name ="GC Interval" value="200" />
  <attribute name="ProportionalT" value="9.000000" />
  <attribute name="ProportionalI" value="9.000000" />
  <attribute name="ProportionalH" value="9.000000" />
  <attribute name="Current Error" value="9.000000" />
  <attribute name="IntegralT" value="81.000000" />
  <attribute name="IntegralI" value="81.000000" />
  <attribute name="IntegralH" value="81.000000" />
  <attribute name="DerivativeT" value="-0.888889" />
  <attribute name="DerivativeI" value="-0.888889" />
  <attribute name="DerivativeH" value="-0.888889" />
  <attribute name="Loop Time for DT" value="9.000000" />
  <attribute name="Output H" value="8388608"/>
  <attribute name="Output I" value="200"/>
  <attribute name="Output T" value="4"/>
  <attribute name="Target GC Util Change" value ="20.000000" />
  <attribute name="Current GC Util Change" value="29.000000"/>
  <attribute name="GC Util currently" value="29" />
  <attribute name="CPU Util currently" value="475887614071" />
<allocation-satisfied id="2235" threadId="000000000267D500" bytesRequested="40" />
<af-end id="2236" timestamp="2019-06-17T06:04:06.894" threadId="000000000267DE88" success="true" from="nursery"/>
<exclusive-end id="2237" timestamp="2019-06-17T06:04:06.894" durationms="1.683" />

<exclusive-start id="2238" timestamp="2019-06-17T06:04:06.902" intervalms="9.633">
  <response-info timems="0.025" idlems="0.025" threads="0" lastid="0000000002681100" lastname="Thread-9" />
</exclusive-start>
<af-start id="2239" threadId="0000000002681A88" totalBytesRequested="40" timestamp="2019-06-17T06:04:06.902" intervalms="9.652" type="nursery" />
<cycle-start id="2240" type="scavenge" contextid="0" timestamp="2019-06-17T06:04:06.902" intervalms="9.667" />
<gc-start id="2241" type="scavenge" contextid="2240" timestamp="2019-06-17T06:04:06.902">
  <mem-info id="2242" free="2057252368" total="2092630016" percent="98">
    <mem type="nursery" free="0" total="22675456" percent="0">
      <mem type="allocate" free="0" total="20381696" percent="0" />
      <mem type="survivor" free="0" total="2293760" percent="0" />
    </mem>
    <mem type="tenure" free="2057252368" total="2069954560" percent="99">
      <mem type="soa" free="1953754640" total="1966456832" percent="99" />
      <mem type="loa" free="103497728" total="103497728" percent="100" />
    </mem>
    <remembered-set count="8054" />
  </mem-info>
</gc-start>
<allocation-stats totalBytes="19729704" >
  <allocated-bytes non-tlh="40" tlh="19729664" />
  <largest-consumer threadName="Thread-10" threadId="0000000002675D00" bytes="5279448" />
</allocation-stats>
<gc-op id="2243" type="scavenge" timems="1.265" contextid="2240" timestamp="2019-06-17T06:04:06.904">
  <scavenger-info tenureage="3" tenuremask="4028" tiltratio="89" />
  <memory-copied type="nursery" objects="13594" bytes="465488" bytesdiscarded="247216" />
  <memory-copied type="tenure" objects="9674" bytes="369552" bytesdiscarded="48" />
</gc-op>
<gc-end id="2244" type="scavenge" contextid="2240" durationms="1.458" usertimems="0.000" systemtimems="4.000" timestamp="2019-06-17T06:04:06.904" activeThreads="4">
  <mem-info id="2245" free="2076429984" total="2092630016" percent="99">
    <mem type="nursery" free="19668992" total="22675456" percent="86">
      <mem type="allocate" free="19668992" total="20381696" percent="96" />
      <mem type="survivor" free="0" total="2293760" percent="0" />
    </mem>
    <mem type="tenure" free="2056760992" total="2069954560" percent="99">
      <mem type="soa" free="1953263264" total="1966456832" percent="99" />
      <mem type="loa" free="103497728" total="103497728" percent="100" />
    </mem>
    <remembered-set count="6514" />
  </mem-info>
</gc-end>
<cycle-end id="2246" type="scavenge" contextid="2240" timestamp="2019-06-17T06:04:06.904" />
  <attribute name="elasticGC enabled" value="1" />
  <attribute name= "numThreadsSpecified" value="4" />
  <attribute name="heapSize specified" value="27525120" />
  <attribute name="Current GC Util" value="33" />
  <attribute name= "Current Time Running" value="2532" />
  <attribute name ="GC Interval" value="200" />
  <attribute name="ProportionalT" value="13.000000" />
  <attribute name="ProportionalI" value="13.000000" />
  <attribute name="ProportionalH" value="13.000000" />
  <attribute name="Current Error" value="13.000000" />
  <attribute name="IntegralT" value="130.000000" />
  <attribute name="IntegralI" value="130.000000" />
  <attribute name="IntegralH" value="130.000000" />
  <attribute name="DerivativeT" value="0.400000" />
  <attribute name="DerivativeI" value="0.400000" />
  <attribute name="DerivativeH" value="0.400000" />
  <attribute name="Loop Time for DT" value="10.000000" />
  <attribute name="Output H" value="8388608"/>
  <attribute name="Output I" value="200"/>
  <attribute name="Output T" value="4"/>
  <attribute name="Target GC Util Change" value ="20.000000" />
  <attribute name="Current GC Util Change" value="33.000000"/>
  <attribute name="GC Util currently" value="33" />
  <attribute name="CPU Util currently" value="475153557599" />
<allocation-satisfied id="2247" threadId="0000000002681100" bytesRequested="40" />
<af-end id="2248" timestamp="2019-06-17T06:04:06.904" threadId="0000000002681A88" success="true" from="nursery"/>
<exclusive-end id="2249" timestamp="2019-06-17T06:04:06.904" durationms="2.038" />

<exclusive-start id="2250" timestamp="2019-06-17T06:04:06.913" intervalms="10.521">
  <response-info timems="0.197" idlems="0.197" threads="0" lastid="0000000002679900" lastname="Thread-8" />
</exclusive-start>
<af-start id="2251" threadId="000000000267A288" totalBytesRequested="40" timestamp="2019-06-17T06:04:06.913" intervalms="10.520" type="nursery" />
<cycle-start id="2252" type="scavenge" contextid="0" timestamp="2019-06-17T06:04:06.913" intervalms="10.560" />
<gc-start id="2253" type="scavenge" contextid="2252" timestamp="2019-06-17T06:04:06.913">
  <mem-info id="2254" free="2056760992" total="2092630016" percent="98">
    <mem type="nursery" free="0" total="22675456" percent="0">
      <mem type="allocate" free="0" total="20381696" percent="0" />
      <mem type="survivor" free="0" total="2293760" percent="0" />
    </mem>
    <mem type="tenure" free="2056760992" total="2069954560" percent="99">
      <mem type="soa" free="1953263264" total="1966456832" percent="99" />
      <mem type="loa" free="103497728" total="103497728" percent="100" />
    </mem>
    <remembered-set count="9462" />
  </mem-info>
</gc-start>
<allocation-stats totalBytes="19668392" >
  <allocated-bytes non-tlh="40" tlh="19668352" />
  <largest-consumer threadName="Thread-9" threadId="0000000002681100" bytes="5472112" />
</allocation-stats>
<gc-op id="2255" type="scavenge" timems="1.134" contextid="2252" timestamp="2019-06-17T06:04:06.914">
  <scavenger-info tenureage="3" tenuremask="4008" tiltratio="89" />
  <memory-copied type="nursery" objects="22317" bytes="812080" bytesdiscarded="194000" />
  <memory-copied type="tenure" objects="2299" bytes="55176" bytesdiscarded="0" />
</gc-op>
<gc-end id="2256" type="scavenge" contextid="2252" durationms="1.553" usertimems="4.000" systemtimems="0.000" timestamp="2019-06-17T06:04:06.915" activeThreads="4">
  <mem-info id="2257" free="2076136608" total="2092630016" percent="99">
    <mem type="nursery" free="19375616" total="22675456" percent="85">
      <mem type="allocate" free="19375616" total="20381696" percent="95" />
      <mem type="survivor" free="0" total="2293760" percent="0" />
    </mem>
    <mem type="tenure" free="2056760992" total="2069954560" percent="99">
      <mem type="soa" free="1953263264" total="1966456832" percent="99" />
      <mem type="loa" free="103497728" total="103497728" percent="100" />
    </mem>
    <remembered-set count="7162" />
  </mem-info>
</gc-end>
<cycle-end id="2258" type="scavenge" contextid="2252" timestamp="2019-06-17T06:04:06.915" />
  <attribute name="elasticGC enabled" value="1" />
  <attribute name= "numThreadsSpecified" value="4" />
  <attribute name="heapSize specified" value="27525120" />
  <attribute name="Current GC Util" value="31" />
  <attribute name= "Current Time Running" value="2543" />
  <attribute name ="GC Interval" value="200" />
  <attribute name="ProportionalT" value="11.000000" />
  <attribute name="ProportionalI" value="11.000000" />
  <attribute name="ProportionalH" value="11.000000" />
  <attribute name="Current Error" value="11.000000" />
  <attribute name="IntegralT" value="121.000000" />
  <attribute name="IntegralI" value="121.000000" />
  <attribute name="IntegralH" value="121.000000" />
  <attribute name="DerivativeT" value="-0.181818" />
  <attribute name="DerivativeI" value="-0.181818" />
  <attribute name="DerivativeH" value="-0.181818" />
  <attribute name="Loop Time for DT" value="11.000000" />
  <attribute name="Output H" value="8388608"/>
  <attribute name="Output I" value="200"/>
  <attribute name="Output T" value="4"/>
  <attribute name="Target GC Util Change" value ="20.000000" />
  <attribute name="Current GC Util Change" value="31.000000"/>
  <attribute name="GC Util currently" value="31" />
  <attribute name="CPU Util currently" value="428222529406" />
<allocation-satisfied id="2259" threadId="0000000002679900" bytesRequested="40" />
<af-end id="2260" timestamp="2019-06-17T06:04:06.915" threadId="000000000267A288" success="true" from="nursery"/>
<exclusive-end id="2261" timestamp="2019-06-17T06:04:06.915" durationms="2.163" />

<exclusive-start id="2262" timestamp="2019-06-17T06:04:06.923" intervalms="10.218">
  <response-info timems="0.041" idlems="0.041" threads="0" lastid="0000000002675D00" lastname="Thread-10" />
</exclusive-start>
<af-start id="2263" threadId="0000000002676688" totalBytesRequested="40" timestamp="2019-06-17T06:04:06.923" intervalms="10.211" type="nursery" />
<cycle-start id="2264" type="scavenge" contextid="0" timestamp="2019-06-17T06:04:06.923" intervalms="10.172" />
<gc-start id="2265" type="scavenge" contextid="2264" timestamp="2019-06-17T06:04:06.923">
  <mem-info id="2266" free="2056760992" total="2092630016" percent="98">
    <mem type="nursery" free="0" total="22675456" percent="0">
      <mem type="allocate" free="0" total="20381696" percent="0" />
      <mem type="survivor" free="0" total="2293760" percent="0" />
    </mem>
    <mem type="tenure" free="2056760992" total="2069954560" percent="99">
      <mem type="soa" free="1953263264" total="1966456832" percent="99" />
      <mem type="loa" free="103497728" total="103497728" percent="100" />
    </mem>
    <remembered-set count="8759" />
  </mem-info>
</gc-start>
<allocation-stats totalBytes="19374752" >
  <allocated-bytes non-tlh="40" tlh="19374712" />
  <largest-consumer threadName="Thread-8" threadId="0000000002679900" bytes="5580008" />
</allocation-stats>
<gc-op id="2267" type="scavenge" timems="0.771" contextid="2264" timestamp="2019-06-17T06:04:06.924">
  <scavenger-info tenureage="14" tenuremask="4000" tiltratio="89" />
  <memory-copied type="nursery" objects="33083" bytes="1344824" bytesdiscarded="256456" />
</gc-op>
<gc-end id="2268" type="scavenge" contextid="2264" durationms="1.140" usertimems="4.000" systemtimems="0.000" timestamp="2019-06-17T06:04:06.924" activeThreads="4">
  <mem-info id="2269" free="2075541408" total="2092630016" percent="99">
    <mem type="nursery" free="18780416" total="22675456" percent="82">
      <mem type="allocate" free="18780416" total="20381696" percent="92" />
      <mem type="survivor" free="0" total="2293760" percent="0" />
    </mem>
    <mem type="tenure" free="2056760992" total="2069954560" percent="99">
      <mem type="soa" free="1953263264" total="1966456832" percent="99" />
      <mem type="loa" free="103497728" total="103497728" percent="100" />
    </mem>
    <remembered-set count="8758" />
  </mem-info>
</gc-end>
<cycle-end id="2270" type="scavenge" contextid="2264" timestamp="2019-06-17T06:04:06.924" />
  <attribute name="elasticGC enabled" value="1" />
  <attribute name= "numThreadsSpecified" value="4" />
  <attribute name="heapSize specified" value="27525120" />
  <attribute name="Current GC Util" value="30" />
  <attribute name= "Current Time Running" value="2553" />
  <attribute name ="GC Interval" value="200" />
  <attribute name="ProportionalT" value="10.000000" />
  <attribute name="ProportionalI" value="10.000000" />
  <attribute name="ProportionalH" value="10.000000" />
  <attribute name="Current Error" value="10.000000" />
  <attribute name="IntegralT" value="100.000000" />
  <attribute name="IntegralI" value="100.000000" />
  <attribute name="IntegralH" value="100.000000" />
  <attribute name="DerivativeT" value="-0.100000" />
  <attribute name="DerivativeI" value="-0.100000" />
  <attribute name="DerivativeH" value="-0.100000" />
  <attribute name="Loop Time for DT" value="10.000000" />
  <attribute name="Output H" value="8388608"/>
  <attribute name="Output I" value="200"/>
  <attribute name="Output T" value="4"/>
  <attribute name="Target GC Util Change" value ="20.000000" />
  <attribute name="Current GC Util Change" value="30.000000"/>
  <attribute name="GC Util currently" value="30" />
  <attribute name="CPU Util currently" value="462700370049" />
<allocation-satisfied id="2271" threadId="0000000002675D00" bytesRequested="40" />
<af-end id="2272" timestamp="2019-06-17T06:04:06.925" threadId="0000000002676688" success="true" from="nursery"/>
<exclusive-end id="2273" timestamp="2019-06-17T06:04:06.925" durationms="1.617" />

<exclusive-start id="2274" timestamp="2019-06-17T06:04:06.933" intervalms="9.825">
  <response-info timems="0.023" idlems="0.023" threads="0" lastid="0000000002675D00" lastname="Thread-10" />
</exclusive-start>
<af-start id="2275" threadId="0000000002676688" totalBytesRequested="40" timestamp="2019-06-17T06:04:06.933" intervalms="9.822" type="nursery" />
<cycle-start id="2276" type="scavenge" contextid="0" timestamp="2019-06-17T06:04:06.933" intervalms="9.820" />
<gc-start id="2277" type="scavenge" contextid="2276" timestamp="2019-06-17T06:04:06.933">
  <mem-info id="2278" free="2056760992" total="2092630016" percent="98">
    <mem type="nursery" free="0" total="22675456" percent="0">
      <mem type="allocate" free="0" total="20381696" percent="0" />
      <mem type="survivor" free="0" total="2293760" percent="0" />
    </mem>
    <mem type="tenure" free="2056760992" total="2069954560" percent="99">
      <mem type="soa" free="1953263264" total="1966456832" percent="99" />
      <mem type="loa" free="103497728" total="103497728" percent="100" />
    </mem>
    <remembered-set count="8758" />
  </mem-info>
</gc-start>
<allocation-stats totalBytes="18780136" >
  <allocated-bytes non-tlh="40" tlh="18780096" />
  <largest-consumer threadName="Thread-8" threadId="0000000002679900" bytes="5865400" />
</allocation-stats>
<gc-op id="2279" type="scavenge" timems="0.783" contextid="2276" timestamp="2019-06-17T06:04:06.934">
  <scavenger-info tenureage="4" tenuremask="4010" tiltratio="89" />
  <memory-copied type="nursery" objects="35190" bytes="1395120" bytesdiscarded="175440" />
  <memory-copied type="tenure" objects="1692" bytes="40608" bytesdiscarded="0" />
</gc-op>
<gc-end id="2280" type="scavenge" contextid="2276" durationms="1.153" usertimems="4.000" systemtimems="0.000" timestamp="2019-06-17T06:04:06.934" activeThreads="4">
  <mem-info id="2281" free="2075572128" total="2092630016" percent="99">
    <mem type="nursery" free="18811136" total="22675456" percent="82">
      <mem type="allocate" free="18811136" total="20381696" percent="92" />
      <mem type="survivor" free="0" total="2293760" percent="0" />
    </mem>
    <mem type="tenure" free="2056760992" total="2069954560" percent="99">
      <mem type="soa" free="1953263264" total="1966456832" percent="99" />
      <mem type="loa" free="103497728" total="103497728" percent="100" />
    </mem>
    <remembered-set count="7064" />
  </mem-info>
</gc-end>
<cycle-end id="2282" type="scavenge" contextid="2276" timestamp="2019-06-17T06:04:06.934" />
  <attribute name="elasticGC enabled" value="1" />
  <attribute name= "numThreadsSpecified" value="4" />
  <attribute name="heapSize specified" value="27525120" />
  <attribute name="Current GC Util" value="27" />
  <attribute name= "Current Time Running" value="2563" />
  <attribute name ="GC Interval" value="200" />
  <attribute name="ProportionalT" value="7.000000" />
  <attribute name="ProportionalI" value="7.000000" />
  <attribute name="ProportionalH" value="7.000000" />
  <attribute name="Current Error" value="7.000000" />
  <attribute name="IntegralT" value="70.000000" />
  <attribute name="IntegralI" value="70.000000" />
  <attribute name="IntegralH" value="70.000000" />
  <attribute name="DerivativeT" value="-0.300000" />
  <attribute name="DerivativeI" value="-0.300000" />
  <attribute name="DerivativeH" value="-0.300000" />
  <attribute name="Loop Time for DT" value="10.000000" />
  <attribute name="Output H" value="8388608"/>
  <attribute name="Output I" value="200"/>
  <attribute name="Output T" value="4"/>
  <attribute name="Target GC Util Change" value ="20.000000" />
  <attribute name="Current GC Util Change" value="27.000000"/>
  <attribute name="GC Util currently" value="27" />
  <attribute name="CPU Util currently" value="469753869206" />
<allocation-satisfied id="2283" threadId="0000000002675D00" bytesRequested="40" />
<af-end id="2284" timestamp="2019-06-17T06:04:06.934" threadId="0000000002676688" success="true" from="nursery"/>
<exclusive-end id="2285" timestamp="2019-06-17T06:04:06.934" durationms="1.665" />

<exclusive-start id="2286" timestamp="2019-06-17T06:04:06.943" intervalms="9.783">
  <response-info timems="0.023" idlems="0.023" threads="0" lastid="0000000002679900" lastname="Thread-8" />
</exclusive-start>
<af-start id="2287" threadId="000000000267A288" totalBytesRequested="40" timestamp="2019-06-17T06:04:06.943" intervalms="9.792" type="nursery" />
<cycle-start id="2288" type="scavenge" contextid="0" timestamp="2019-06-17T06:04:06.943" intervalms="9.837" />
<gc-start id="2289" type="scavenge" contextid="2288" timestamp="2019-06-17T06:04:06.943">
  <mem-info id="2290" free="2056760992" total="2092630016" percent="98">
    <mem type="nursery" free="0" total="22675456" percent="0">
      <mem type="allocate" free="0" total="20381696" percent="0" />
      <mem type="survivor" free="0" total="2293760" percent="0" />
    </mem>
    <mem type="tenure" free="2056760992" total="2069954560" percent="99">
      <mem type="soa" free="1953263264" total="1966456832" percent="99" />
      <mem type="loa" free="103497728" total="103497728" percent="100" />
    </mem>
    <remembered-set count="7064" />
  </mem-info>
</gc-start>
<allocation-stats totalBytes="18810536" >
  <allocated-bytes non-tlh="40" tlh="18810496" />
  <largest-consumer threadName="Thread-8" threadId="0000000002679900" bytes="5734320" />
</allocation-stats>
<gc-op id="2291" type="scavenge" timems="1.467" contextid="2288" timestamp="2019-06-17T06:04:06.944">
  <scavenger-info tenureage="2" tenuremask="401c" tiltratio="89" />
  <memory-copied type="nursery" objects="8325" bytes="338344" bytesdiscarded="318296" />
  <memory-copied type="tenure" objects="25870" bytes="1033008" bytesdiscarded="48" />
</gc-op>
<gc-end id="2292" type="scavenge" contextid="2288" durationms="1.699" usertimems="4.000" systemtimems="0.000" timestamp="2019-06-17T06:04:06.945" activeThreads="4">
  <mem-info id="2293" free="2075418528" total="2092630016" percent="99">
    <mem type="nursery" free="19725056" total="22675456" percent="86">
      <mem type="allocate" free="19725056" total="20381696" percent="96" />
      <mem type="survivor" free="0" total="2293760" percent="0" />
    </mem>
    <mem type="tenure" free="2055693472" total="2069954560" percent="99">
      <mem type="soa" free="1952195744" total="1966456832" percent="99" />
      <mem type="loa" free="103497728" total="103497728" percent="100" />
    </mem>
    <remembered-set count="3400" />
  </mem-info>
</gc-end>
<cycle-end id="2294" type="scavenge" contextid="2288" timestamp="2019-06-17T06:04:06.945" />
  <attribute name="elasticGC enabled" value="1" />
  <attribute name= "numThreadsSpecified" value="4" />
  <attribute name="heapSize specified" value="27525120" />
  <attribute name="Current GC Util" value="30" />
  <attribute name= "Current Time Running" value="2573" />
  <attribute name ="GC Interval" value="200" />
  <attribute name="ProportionalT" value="10.000000" />
  <attribute name="ProportionalI" value="10.000000" />
  <attribute name="ProportionalH" value="10.000000" />
  <attribute name="Current Error" value="10.000000" />
  <attribute name="IntegralT" value="100.000000" />
  <attribute name="IntegralI" value="100.000000" />
  <attribute name="IntegralH" value="100.000000" />
  <attribute name="DerivativeT" value="0.300000" />
  <attribute name="DerivativeI" value="0.300000" />
  <attribute name="DerivativeH" value="0.300000" />
  <attribute name="Loop Time for DT" value="10.000000" />
  <attribute name="Output H" value="8388608"/>
  <attribute name="Output I" value="200"/>
  <attribute name="Output T" value="4"/>
  <attribute name="Target GC Util Change" value ="20.000000" />
  <attribute name="Current GC Util Change" value="30.000000"/>
  <attribute name="GC Util currently" value="30" />
  <attribute name="CPU Util currently" value="468603510619" />
<allocation-satisfied id="2295" threadId="0000000002679900" bytesRequested="40" />
<af-end id="2296" timestamp="2019-06-17T06:04:06.945" threadId="000000000267A288" success="true" from="nursery"/>
<exclusive-end id="2297" timestamp="2019-06-17T06:04:06.945" durationms="2.525" />

<exclusive-start id="2298" timestamp="2019-06-17T06:04:06.954" intervalms="10.999">
  <response-info timems="0.023" idlems="0.022" threads="1" lastid="0000000002679900" lastname="Thread-8" />
</exclusive-start>
<af-start id="2299" threadId="000000000267DE88" totalBytesRequested="40" timestamp="2019-06-17T06:04:06.954" intervalms="11.023" type="nursery" />
<cycle-start id="2300" type="scavenge" contextid="0" timestamp="2019-06-17T06:04:06.954" intervalms="10.966" />
<gc-start id="2301" type="scavenge" contextid="2300" timestamp="2019-06-17T06:04:06.954">
  <mem-info id="2302" free="2055693472" total="2092630016" percent="98">
    <mem type="nursery" free="0" total="22675456" percent="0">
      <mem type="allocate" free="0" total="20381696" percent="0" />
      <mem type="survivor" free="0" total="2293760" percent="0" />
    </mem>
    <mem type="tenure" free="2055693472" total="2069954560" percent="99">
      <mem type="soa" free="1952195744" total="1966456832" percent="99" />
      <mem type="loa" free="103497728" total="103497728" percent="100" />
    </mem>
    <remembered-set count="6542" />
  </mem-info>
</gc-start>
<allocation-stats totalBytes="19724864" >
  <allocated-bytes non-tlh="40" tlh="19724824" />
  <largest-consumer threadName="Thread-8" threadId="0000000002679900" bytes="5996536" />
</allocation-stats>
<gc-op id="2303" type="scavenge" timems="0.828" contextid="2300" timestamp="2019-06-17T06:04:06.955">
  <scavenger-info tenureage="14" tenuremask="4000" tiltratio="89" />
  <memory-copied type="nursery" objects="11981" bytes="426520" bytesdiscarded="163304" />
</gc-op>
<gc-end id="2304" type="scavenge" contextid="2300" durationms="0.980" usertimems="4.000" systemtimems="0.000" timestamp="2019-06-17T06:04:06.955" activeThreads="4">
  <mem-info id="2305" free="2075485344" total="2092630016" percent="99">
    <mem type="nursery" free="19791872" total="22675456" percent="87">
      <mem type="allocate" free="19791872" total="20381696" percent="97" />
      <mem type="survivor" free="0" total="2293760" percent="0" />
    </mem>
    <mem type="tenure" free="2055693472" total="2069954560" percent="99">
      <mem type="soa" free="1952195744" total="1966456832" percent="99" />
      <mem type="loa" free="103497728" total="103497728" percent="100" />
    </mem>
    <remembered-set count="6542" />
  </mem-info>
</gc-end>
<cycle-end id="2306" type="scavenge" contextid="2300" timestamp="2019-06-17T06:04:06.955" />
  <attribute name="elasticGC enabled" value="1" />
  <attribute name= "numThreadsSpecified" value="4" />
  <attribute name="heapSize specified" value="27525120" />
  <attribute name="Current GC Util" value="37" />
  <attribute name= "Current Time Running" value="2584" />
  <attribute name ="GC Interval" value="208" />
  <attribute name="ProportionalT" value="17.000000" />
  <attribute name="ProportionalI" value="17.000000" />
  <attribute name="ProportionalH" value="17.000000" />
  <attribute name="Current Error" value="17.000000" />
  <attribute name="IntegralT" value="187.000000" />
  <attribute name="IntegralI" value="187.000000" />
  <attribute name="IntegralH" value="187.000000" />
  <attribute name="DerivativeT" value="0.636364" />
  <attribute name="DerivativeI" value="0.636364" />
  <attribute name="DerivativeH" value="0.636364" />
  <attribute name="Loop Time for DT" value="11.000000" />
  <attribute name="Output H" value="8388608"/>
  <attribute name="Output I" value="208"/>
  <attribute name="Output T" value="4"/>
  <attribute name="Target GC Util Change" value ="20.000000" />
  <attribute name="Current GC Util Change" value="37.000000"/>
  <attribute name="GC Util currently" value="37" />
  <attribute name="CPU Util currently" value="422135580721" />
<allocation-satisfied id="2307" threadId="000000000267D500" bytesRequested="40" />
<af-end id="2308" timestamp="2019-06-17T06:04:06.955" threadId="000000000267DE88" success="true" from="nursery"/>
<exclusive-end id="2309" timestamp="2019-06-17T06:04:06.955" durationms="1.401" />

<exclusive-start id="2310" timestamp="2019-06-17T06:04:06.963" intervalms="9.583">
  <response-info timems="0.028" idlems="0.028" threads="0" lastid="000000000267D500" lastname="Thread-7" />
</exclusive-start>
<af-start id="2311" threadId="000000000267DE88" totalBytesRequested="40" timestamp="2019-06-17T06:04:06.963" intervalms="9.550" type="nursery" />
<cycle-start id="2312" type="scavenge" contextid="0" timestamp="2019-06-17T06:04:06.963" intervalms="9.546" />
<gc-start id="2313" type="scavenge" contextid="2312" timestamp="2019-06-17T06:04:06.963">
  <mem-info id="2314" free="2055693472" total="2092630016" percent="98">
    <mem type="nursery" free="0" total="22675456" percent="0">
      <mem type="allocate" free="0" total="20381696" percent="0" />
      <mem type="survivor" free="0" total="2293760" percent="0" />
    </mem>
    <mem type="tenure" free="2055693472" total="2069954560" percent="99">
      <mem type="soa" free="1952195744" total="1966456832" percent="99" />
      <mem type="loa" free="103497728" total="103497728" percent="100" />
    </mem>
    <remembered-set count="7601" />
  </mem-info>
</gc-start>
<allocation-stats totalBytes="19791096" >
  <allocated-bytes non-tlh="40" tlh="19791056" />
  <largest-consumer threadName="Thread-8" threadId="0000000002679900" bytes="5865240" />
</allocation-stats>
<gc-op id="2315" type="scavenge" timems="1.437" contextid="2312" timestamp="2019-06-17T06:04:06.965">
  <scavenger-info tenureage="14" tenuremask="4000" tiltratio="89" />
  <memory-copied type="nursery" objects="20521" bytes="768568" bytesdiscarded="224576" />
</gc-op>
<gc-end id="2316" type="scavenge" contextid="2312" durationms="1.585" usertimems="4.000" systemtimems="0.000" timestamp="2019-06-17T06:04:06.965" activeThreads="4">
  <mem-info id="2317" free="2075082024" total="2092630016" percent="99">
    <mem type="nursery" free="19388552" total="22675456" percent="85">
      <mem type="allocate" free="19388552" total="20381696" percent="95" />
      <mem type="survivor" free="0" total="2293760" percent="0" />
    </mem>
    <mem type="tenure" free="2055693472" total="2069954560" percent="99">
      <mem type="soa" free="1952195744" total="1966456832" percent="99" />
      <mem type="loa" free="103497728" total="103497728" percent="100" />
    </mem>
    <remembered-set count="7601" />
  </mem-info>
</gc-end>
<cycle-end id="2318" type="scavenge" contextid="2312" timestamp="2019-06-17T06:04:06.965" />
  <attribute name="elasticGC enabled" value="1" />
  <attribute name= "numThreadsSpecified" value="4" />
  <attribute name="heapSize specified" value="27525120" />
  <attribute name="Current GC Util" value="22" />
  <attribute name= "Current Time Running" value="2593" />
  <attribute name ="GC Interval" value="200" />
  <attribute name="ProportionalT" value="2.000000" />
  <attribute name="ProportionalI" value="2.000000" />
  <attribute name="ProportionalH" value="2.000000" />
  <attribute name="Current Error" value="2.000000" />
  <attribute name="IntegralT" value="18.000000" />
  <attribute name="IntegralI" value="18.000000" />
  <attribute name="IntegralH" value="18.000000" />
  <attribute name="DerivativeT" value="-1.666667" />
  <attribute name="DerivativeI" value="-1.666667" />
  <attribute name="DerivativeH" value="-1.666667" />
  <attribute name="Loop Time for DT" value="9.000000" />
  <attribute name="Output H" value="8388608"/>
  <attribute name="Output I" value="200"/>
  <attribute name="Output T" value="4"/>
  <attribute name="Target GC Util Change" value ="20.000000" />
  <attribute name="Current GC Util Change" value="22.000000"/>
  <attribute name="GC Util currently" value="22" />
  <attribute name="CPU Util currently" value="483819074249" />
<allocation-satisfied id="2319" threadId="000000000267D500" bytesRequested="40" />
<af-end id="2320" timestamp="2019-06-17T06:04:06.965" threadId="000000000267DE88" success="true" from="nursery"/>
<exclusive-end id="2321" timestamp="2019-06-17T06:04:06.965" durationms="1.953" />

<exclusive-start id="2322" timestamp="2019-06-17T06:04:06.973" intervalms="10.061">
  <response-info timems="0.023" idlems="0.023" threads="0" lastid="0000000002679900" lastname="Thread-8" />
</exclusive-start>
<af-start id="2323" threadId="000000000267A288" totalBytesRequested="24" timestamp="2019-06-17T06:04:06.973" intervalms="10.070" type="nursery" />
<cycle-start id="2324" type="scavenge" contextid="0" timestamp="2019-06-17T06:04:06.973" intervalms="10.086" />
<gc-start id="2325" type="scavenge" contextid="2324" timestamp="2019-06-17T06:04:06.973">
  <mem-info id="2326" free="2055693472" total="2092630016" percent="98">
    <mem type="nursery" free="0" total="22675456" percent="0">
      <mem type="allocate" free="0" total="20381696" percent="0" />
      <mem type="survivor" free="0" total="2293760" percent="0" />
    </mem>
    <mem type="tenure" free="2055693472" total="2069954560" percent="99">
      <mem type="soa" free="1952195744" total="1966456832" percent="99" />
      <mem type="loa" free="103497728" total="103497728" percent="100" />
    </mem>
    <remembered-set count="8401" />
  </mem-info>
</gc-start>
<allocation-stats totalBytes="19385304" >
  <allocated-bytes non-tlh="40" tlh="19385264" />
  <largest-consumer threadName="Thread-8" threadId="0000000002679900" bytes="5602472" />
</allocation-stats>
<gc-op id="2327" type="scavenge" timems="1.328" contextid="2324" timestamp="2019-06-17T06:04:06.975">
  <scavenger-info tenureage="3" tenuremask="4018" tiltratio="89" />
  <memory-copied type="nursery" objects="15383" bytes="507640" bytesdiscarded="314120" />
  <memory-copied type="tenure" objects="8107" bytes="331944" bytesdiscarded="24" />
</gc-op>
<gc-end id="2328" type="scavenge" contextid="2324" durationms="1.553" usertimems="4.000" systemtimems="0.000" timestamp="2019-06-17T06:04:06.975" activeThreads="4">
  <mem-info id="2329" free="2074881696" total="2092630016" percent="99">
    <mem type="nursery" free="19559936" total="22675456" percent="86">
      <mem type="allocate" free="19559936" total="20381696" percent="95" />
      <mem type="survivor" free="0" total="2293760" percent="0" />
    </mem>
    <mem type="tenure" free="2055321760" total="2069954560" percent="99">
      <mem type="soa" free="1951824032" total="1966456832" percent="99" />
      <mem type="loa" free="103497728" total="103497728" percent="100" />
    </mem>
    <remembered-set count="6581" />
  </mem-info>
</gc-end>
<cycle-end id="2330" type="scavenge" contextid="2324" timestamp="2019-06-17T06:04:06.975" />
  <attribute name="elasticGC enabled" value="1" />
  <attribute name= "numThreadsSpecified" value="4" />
  <attribute name="heapSize specified" value="27525120" />
  <attribute name="Current GC Util" value="36" />
  <attribute name= "Current Time Running" value="2603" />
  <attribute name ="GC Interval" value="200" />
  <attribute name="ProportionalT" value="16.000000" />
  <attribute name="ProportionalI" value="16.000000" />
  <attribute name="ProportionalH" value="16.000000" />
  <attribute name="Current Error" value="16.000000" />
  <attribute name="IntegralT" value="160.000000" />
  <attribute name="IntegralI" value="160.000000" />
  <attribute name="IntegralH" value="160.000000" />
  <attribute name="DerivativeT" value="1.400000" />
  <attribute name="DerivativeI" value="1.400000" />
  <attribute name="DerivativeH" value="1.400000" />
  <attribute name="Loop Time for DT" value="10.000000" />
  <attribute name="Output H" value="8388608"/>
  <attribute name="Output I" value="200"/>
  <attribute name="Output T" value="4"/>
  <attribute name="Target GC Util Change" value ="20.000000" />
  <attribute name="Current GC Util Change" value="36.000000"/>
  <attribute name="GC Util currently" value="36" />
  <attribute name="CPU Util currently" value="455222978658" />
<allocation-satisfied id="2331" threadId="0000000002679900" bytesRequested="24" />
<af-end id="2332" timestamp="2019-06-17T06:04:06.975" threadId="000000000267A288" success="true" from="nursery"/>
<exclusive-end id="2333" timestamp="2019-06-17T06:04:06.975" durationms="2.058" />

<exclusive-start id="2334" timestamp="2019-06-17T06:04:06.983" intervalms="10.190">
  <response-info timems="0.028" idlems="0.028" threads="0" lastid="0000000002679900" lastname="Thread-8" />
</exclusive-start>
<af-start id="2335" threadId="000000000267A288" totalBytesRequested="24" timestamp="2019-06-17T06:04:06.983" intervalms="10.189" type="nursery" />
<cycle-start id="2336" type="scavenge" contextid="0" timestamp="2019-06-17T06:04:06.984" intervalms="10.180" />
<gc-start id="2337" type="scavenge" contextid="2336" timestamp="2019-06-17T06:04:06.984">
  <mem-info id="2338" free="2055321760" total="2092630016" percent="98">
    <mem type="nursery" free="0" total="22675456" percent="0">
      <mem type="allocate" free="0" total="20381696" percent="0" />
      <mem type="survivor" free="0" total="2293760" percent="0" />
    </mem>
    <mem type="tenure" free="2055321760" total="2069954560" percent="99">
      <mem type="soa" free="1951824032" total="1966456832" percent="99" />
      <mem type="loa" free="103497728" total="103497728" percent="100" />
    </mem>
    <remembered-set count="7892" />
  </mem-info>
</gc-start>
<allocation-stats totalBytes="19558008" >
  <allocated-bytes non-tlh="24" tlh="19557984" />
  <largest-consumer threadName="Thread-8" threadId="0000000002679900" bytes="5733912" />
</allocation-stats>
<gc-op id="2339" type="scavenge" timems="1.963" contextid="2336" timestamp="2019-06-17T06:04:06.986">
  <scavenger-info tenureage="3" tenuremask="4008" tiltratio="89" />
  <memory-copied type="nursery" objects="14131" bytes="477368" bytesdiscarded="207688" />
  <memory-copied type="tenure" objects="3558" bytes="85392" bytesdiscarded="0" />
</gc-op>
<gc-end id="2340" type="scavenge" contextid="2336" durationms="2.189" usertimems="4.000" systemtimems="0.000" timestamp="2019-06-17T06:04:06.986" activeThreads="4">
  <mem-info id="2341" free="2074979232" total="2092630016" percent="99">
    <mem type="nursery" free="19696640" total="22675456" percent="86">
      <mem type="allocate" free="19696640" total="20381696" percent="96" />
      <mem type="survivor" free="0" total="2293760" percent="0" />
    </mem>
    <mem type="tenure" free="2055282592" total="2069954560" percent="99">
      <mem type="soa" free="1951784864" total="1966456832" percent="99" />
      <mem type="loa" free="103497728" total="103497728" percent="100" />
    </mem>
    <remembered-set count="4334" />
  </mem-info>
</gc-end>
<cycle-end id="2342" type="scavenge" contextid="2336" timestamp="2019-06-17T06:04:06.986" />
  <attribute name="elasticGC enabled" value="1" />
  <attribute name= "numThreadsSpecified" value="4" />
  <attribute name="heapSize specified" value="27525120" />
  <attribute name="Current GC Util" value="36" />
  <attribute name= "Current Time Running" value="2613" />
  <attribute name ="GC Interval" value="200" />
  <attribute name="ProportionalT" value="16.000000" />
  <attribute name="ProportionalI" value="16.000000" />
  <attribute name="ProportionalH" value="16.000000" />
  <attribute name="Current Error" value="16.000000" />
  <attribute name="IntegralT" value="160.000000" />
  <attribute name="IntegralI" value="160.000000" />
  <attribute name="IntegralH" value="160.000000" />
  <attribute name="DerivativeT" value="0.000000" />
  <attribute name="DerivativeI" value="0.000000" />
  <attribute name="DerivativeH" value="0.000000" />
  <attribute name="Loop Time for DT" value="10.000000" />
  <attribute name="Output H" value="8388608"/>
  <attribute name="Output I" value="200"/>
  <attribute name="Output T" value="4"/>
  <attribute name="Target GC Util Change" value ="20.000000" />
  <attribute name="Current GC Util Change" value="36.000000"/>
  <attribute name="GC Util currently" value="36" />
  <attribute name="CPU Util currently" value="452993872993" />
<allocation-satisfied id="2343" threadId="0000000002679900" bytesRequested="24" />
<af-end id="2344" timestamp="2019-06-17T06:04:06.986" threadId="000000000267A288" success="true" from="nursery"/>
<exclusive-end id="2345" timestamp="2019-06-17T06:04:06.986" durationms="2.869" />

<exclusive-start id="2346" timestamp="2019-06-17T06:04:06.994" intervalms="10.809">
  <response-info timems="0.024" idlems="0.022" threads="1" lastid="000000000267D500" lastname="Thread-7" />
</exclusive-start>
<af-start id="2347" threadId="0000000002676688" totalBytesRequested="40" timestamp="2019-06-17T06:04:06.994" intervalms="10.819" type="nursery" />
<cycle-start id="2348" type="scavenge" contextid="0" timestamp="2019-06-17T06:04:06.994" intervalms="10.876" />
<gc-start id="2349" type="scavenge" contextid="2348" timestamp="2019-06-17T06:04:06.995">
  <mem-info id="2350" free="2055282592" total="2092630016" percent="98">
    <mem type="nursery" free="0" total="22675456" percent="0">
      <mem type="allocate" free="0" total="20381696" percent="0" />
      <mem type="survivor" free="0" total="2293760" percent="0" />
    </mem>
    <mem type="tenure" free="2055282592" total="2069954560" percent="99">
      <mem type="soa" free="1951784864" total="1966456832" percent="99" />
      <mem type="loa" free="103497728" total="103497728" percent="100" />
    </mem>
    <remembered-set count="5671" />
  </mem-info>
</gc-start>
<allocation-stats totalBytes="19694736" >
  <allocated-bytes non-tlh="24" tlh="19694712" />
  <largest-consumer threadName="Thread-8" threadId="0000000002679900" bytes="5638664" />
</allocation-stats>
<gc-op id="2351" type="scavenge" timems="0.474" contextid="2348" timestamp="2019-06-17T06:04:06.995">
  <scavenger-info tenureage="3" tenuremask="4008" tiltratio="89" />
  <memory-copied type="nursery" objects="9806" bytes="373776" bytesdiscarded="176880" />
  <memory-copied type="tenure" objects="2629" bytes="63096" bytesdiscarded="0" />
</gc-op>
<gc-end id="2352" type="scavenge" contextid="2348" durationms="0.932" usertimems="4.000" systemtimems="0.000" timestamp="2019-06-17T06:04:06.995" activeThreads="4">
  <mem-info id="2353" free="2074982304" total="2092630016" percent="99">
    <mem type="nursery" free="19831040" total="22675456" percent="87">
      <mem type="allocate" free="19831040" total="20381696" percent="97" />
      <mem type="survivor" free="0" total="2293760" percent="0" />
    </mem>
    <mem type="tenure" free="2055151264" total="2069954560" percent="99">
      <mem type="soa" free="1951653536" total="1966456832" percent="99" />
      <mem type="loa" free="103497728" total="103497728" percent="100" />
    </mem>
    <remembered-set count="4065" />
  </mem-info>
</gc-end>
<cycle-end id="2354" type="scavenge" contextid="2348" timestamp="2019-06-17T06:04:06.996" />
  <attribute name="elasticGC enabled" value="1" />
  <attribute name= "numThreadsSpecified" value="4" />
  <attribute name="heapSize specified" value="27525120" />
  <attribute name="Current GC Util" value="38" />
  <attribute name= "Current Time Running" value="2624" />
  <attribute name ="GC Interval" value="216" />
  <attribute name="ProportionalT" value="18.000000" />
  <attribute name="ProportionalI" value="18.000000" />
  <attribute name="ProportionalH" value="18.000000" />
  <attribute name="Current Error" value="18.000000" />
  <attribute name="IntegralT" value="198.000000" />
  <attribute name="IntegralI" value="198.000000" />
  <attribute name="IntegralH" value="198.000000" />
  <attribute name="DerivativeT" value="0.181818" />
  <attribute name="DerivativeI" value="0.181818" />
  <attribute name="DerivativeH" value="0.181818" />
  <attribute name="Loop Time for DT" value="11.000000" />
  <attribute name="Output H" value="8388608"/>
  <attribute name="Output I" value="216"/>
  <attribute name="Output T" value="4"/>
  <attribute name="Target GC Util Change" value ="20.000000" />
  <attribute name="Current GC Util Change" value="38.000000"/>
  <attribute name="GC Util currently" value="38" />
  <attribute name="CPU Util currently" value="419901710100" />
<allocation-satisfied id="2355" threadId="0000000002675D00" bytesRequested="40" />
<af-end id="2356" timestamp="2019-06-17T06:04:06.996" threadId="0000000002676688" success="true" from="nursery"/>
<exclusive-end id="2357" timestamp="2019-06-17T06:04:06.996" durationms="1.647" />

<exclusive-start id="2358" timestamp="2019-06-17T06:04:07.004" intervalms="9.520">
  <response-info timems="0.035" idlems="0.035" threads="0" lastid="0000000002675D00" lastname="Thread-10" />
</exclusive-start>
<af-start id="2359" threadId="0000000002676688" totalBytesRequested="40" timestamp="2019-06-17T06:04:07.004" intervalms="9.506" type="nursery" />
<cycle-start id="2360" type="scavenge" contextid="0" timestamp="2019-06-17T06:04:07.004" intervalms="9.460" />
<gc-start id="2361" type="scavenge" contextid="2360" timestamp="2019-06-17T06:04:07.004">
  <mem-info id="2362" free="2055151264" total="2092630016" percent="98">
    <mem type="nursery" free="0" total="22675456" percent="0">
      <mem type="allocate" free="0" total="20381696" percent="0" />
      <mem type="survivor" free="0" total="2293760" percent="0" />
    </mem>
    <mem type="tenure" free="2055151264" total="2069954560" percent="99">
      <mem type="soa" free="1951653536" total="1966456832" percent="99" />
      <mem type="loa" free="103497728" total="103497728" percent="100" />
    </mem>
    <remembered-set count="5193" />
  </mem-info>
</gc-start>
<allocation-stats totalBytes="19830392" >
  <allocated-bytes non-tlh="40" tlh="19830352" />
  <largest-consumer threadName="Thread-8" threadId="0000000002679900" bytes="5642312" />
</allocation-stats>
<gc-op id="2363" type="scavenge" timems="0.513" contextid="2360" timestamp="2019-06-17T06:04:07.005">
  <scavenger-info tenureage="14" tenuremask="4000" tiltratio="89" />
  <memory-copied type="nursery" objects="18923" bytes="729992" bytesdiscarded="153208" />
</gc-op>
<gc-end id="2364" type="scavenge" contextid="2360" durationms="0.872" usertimems="0.000" systemtimems="4.000" timestamp="2019-06-17T06:04:07.005" activeThreads="4">
  <mem-info id="2365" free="2074649760" total="2092630016" percent="99">
    <mem type="nursery" free="19498496" total="22675456" percent="85">
      <mem type="allocate" free="19498496" total="20381696" percent="95" />
      <mem type="survivor" free="0" total="2293760" percent="0" />
    </mem>
    <mem type="tenure" free="2055151264" total="2069954560" percent="99">
      <mem type="soa" free="1951653536" total="1966456832" percent="99" />
      <mem type="loa" free="103497728" total="103497728" percent="100" />
    </mem>
    <remembered-set count="5193" />
  </mem-info>
</gc-end>
<cycle-end id="2366" type="scavenge" contextid="2360" timestamp="2019-06-17T06:04:07.005" />
  <attribute name="elasticGC enabled" value="1" />
  <attribute name= "numThreadsSpecified" value="4" />
  <attribute name="heapSize specified" value="27525120" />
  <attribute name="Current GC Util" value="16" />
  <attribute name= "Current Time Running" value="2634" />
  <attribute name ="GC Interval" value="200" />
  <attribute name="ProportionalT" value="-4.000000" />
  <attribute name="ProportionalI" value="-4.000000" />
  <attribute name="ProportionalH" value="-4.000000" />
  <attribute name="Current Error" value="-4.000000" />
  <attribute name="IntegralT" value="-40.000000" />
  <attribute name="IntegralI" value="-40.000000" />
  <attribute name="IntegralH" value="-40.000000" />
  <attribute name="DerivativeT" value="-2.200000" />
  <attribute name="DerivativeI" value="-2.200000" />
  <attribute name="DerivativeH" value="-2.200000" />
  <attribute name="Loop Time for DT" value="10.000000" />
  <attribute name="Output H" value="2092630016"/>
  <attribute name="Output I" value="200"/>
  <attribute name="Output T" value="4"/>
  <attribute name="Target GC Util Change" value ="20.000000" />
  <attribute name="Current GC Util Change" value="16.000000"/>
  <attribute name="GC Util currently" value="16" />
  <attribute name="CPU Util currently" value="492449221137" />
<allocation-satisfied id="2367" threadId="0000000002675D00" bytesRequested="40" />
<af-end id="2368" timestamp="2019-06-17T06:04:07.005" threadId="0000000002676688" success="true" from="nursery"/>
<exclusive-end id="2369" timestamp="2019-06-17T06:04:07.005" durationms="1.395" />

<exclusive-start id="2370" timestamp="2019-06-17T06:04:07.013" intervalms="8.935">
  <response-info timems="0.022" idlems="0.022" threads="0" lastid="0000000002681100" lastname="Thread-9" />
</exclusive-start>
<af-start id="2371" threadId="0000000002681A88" totalBytesRequested="40" timestamp="2019-06-17T06:04:07.013" intervalms="8.942" type="nursery" />
<cycle-start id="2372" type="scavenge" contextid="0" timestamp="2019-06-17T06:04:07.013" intervalms="8.940" />
<gc-start id="2373" type="scavenge" contextid="2372" timestamp="2019-06-17T06:04:07.013">
  <mem-info id="2374" free="2055151264" total="2092630016" percent="98">
    <mem type="nursery" free="0" total="22675456" percent="0">
      <mem type="allocate" free="0" total="20381696" percent="0" />
      <mem type="survivor" free="0" total="2293760" percent="0" />
    </mem>
    <mem type="tenure" free="2055151264" total="2069954560" percent="99">
      <mem type="soa" free="1951653536" total="1966456832" percent="99" />
      <mem type="loa" free="103497728" total="103497728" percent="100" />
    </mem>
    <remembered-set count="6015" />
  </mem-info>
</gc-start>
<allocation-stats totalBytes="19498328" >
  <allocated-bytes non-tlh="40" tlh="19498288" />
  <largest-consumer threadName="Thread-8" threadId="0000000002679900" bytes="5210096" />
</allocation-stats>
<gc-op id="2375" type="scavenge" timems="1.757" contextid="2372" timestamp="2019-06-17T06:04:07.015">
  <scavenger-info tenureage="14" tenuremask="4000" tiltratio="89" />
  <memory-copied type="nursery" objects="22573" bytes="817608" bytesdiscarded="87864" />
</gc-op>
<gc-end id="2376" type="scavenge" contextid="2372" durationms="2.024" usertimems="4.000" systemtimems="0.000" timestamp="2019-06-17T06:04:07.015" activeThreads="1">
  <mem-info id="2377" free="2074627488" total="2092630016" percent="99">
    <mem type="nursery" free="19476224" total="22675456" percent="85">
      <mem type="allocate" free="19476224" total="20381696" percent="95" />
      <mem type="survivor" free="0" total="2293760" percent="0" />
    </mem>
    <mem type="tenure" free="2055151264" total="2069954560" percent="99">
      <mem type="soa" free="1951653536" total="1966456832" percent="99" />
      <mem type="loa" free="103497728" total="103497728" percent="100" />
    </mem>
    <remembered-set count="6014" />
  </mem-info>
</gc-end>
<cycle-end id="2378" type="scavenge" contextid="2372" timestamp="2019-06-17T06:04:07.015" />
  <attribute name="elasticGC enabled" value="1" />
  <attribute name= "numThreadsSpecified" value="1" />
  <attribute name="heapSize specified" value="27525120" />
  <attribute name="Current GC Util" value="20" />
  <attribute name= "Current Time Running" value="2643" />
  <attribute name ="GC Interval" value="200" />
  <attribute name="ProportionalT" value="0.000000" />
  <attribute name="ProportionalI" value="0.000000" />
  <attribute name="ProportionalH" value="0.000000" />
  <attribute name="Current Error" value="0.000000" />
  <attribute name="IntegralT" value="0.000000" />
  <attribute name="IntegralI" value="0.000000" />
  <attribute name="IntegralH" value="0.000000" />
  <attribute name="DerivativeT" value="0.000000" />
  <attribute name="DerivativeI" value="0.000000" />
  <attribute name="DerivativeH" value="0.000000" />
  <attribute name="Loop Time for DT" value="9.000000" />
  <attribute name="Output H" value="8388608"/>
  <attribute name="Output I" value="200"/>
  <attribute name="Output T" value="1"/>
  <attribute name="Target GC Util Change" value ="20.000000" />
  <attribute name="Current GC Util Change" value="20.000000"/>
  <attribute name="GC Util currently" value="20" />
  <attribute name="CPU Util currently" value="514039059855" />
<allocation-satisfied id="2379" threadId="0000000002681100" bytesRequested="40" />
<af-end id="2380" timestamp="2019-06-17T06:04:07.015" threadId="0000000002681A88" success="true" from="nursery"/>
<exclusive-end id="2381" timestamp="2019-06-17T06:04:07.015" durationms="2.616" />

<exclusive-start id="2382" timestamp="2019-06-17T06:04:07.023" intervalms="10.309">
  <response-info timems="0.028" idlems="0.028" threads="0" lastid="000000000267D500" lastname="Thread-7" />
</exclusive-start>
<af-start id="2383" threadId="000000000267DE88" totalBytesRequested="24" timestamp="2019-06-17T06:04:07.023" intervalms="10.298" type="nursery" />
<cycle-start id="2384" type="scavenge" contextid="0" timestamp="2019-06-17T06:04:07.023" intervalms="10.283" />
<gc-start id="2385" type="scavenge" contextid="2384" timestamp="2019-06-17T06:04:07.023">
  <mem-info id="2386" free="2055151264" total="2092630016" percent="98">
    <mem type="nursery" free="0" total="22675456" percent="0">
      <mem type="allocate" free="0" total="20381696" percent="0" />
      <mem type="survivor" free="0" total="2293760" percent="0" />
    </mem>
    <mem type="tenure" free="2055151264" total="2069954560" percent="99">
      <mem type="soa" free="1951653536" total="1966456832" percent="99" />
      <mem type="loa" free="103497728" total="103497728" percent="100" />
    </mem>
    <remembered-set count="7373" />
  </mem-info>
</gc-start>
<allocation-stats totalBytes="19475744" >
  <allocated-bytes non-tlh="40" tlh="19475704" />
  <largest-consumer threadName="Thread-10" threadId="0000000002675D00" bytes="5603232" />
</allocation-stats>
<gc-op id="2387" type="scavenge" timems="1.109" contextid="2384" timestamp="2019-06-17T06:04:07.024">
  <scavenger-info tenureage="3" tenuremask="4038" tiltratio="89" />
  <memory-copied type="nursery" objects="16783" bytes="678616" bytesdiscarded="103976" />
  <memory-copied type="tenure" objects="3981" bytes="95544" bytesdiscarded="0" />
</gc-op>
<gc-end id="2388" type="scavenge" contextid="2384" durationms="1.272" usertimems="4.000" systemtimems="0.000" timestamp="2019-06-17T06:04:07.024" activeThreads="4">
  <mem-info id="2389" free="2074711200" total="2092630016" percent="99">
    <mem type="nursery" free="19599104" total="22675456" percent="86">
      <mem type="allocate" free="19599104" total="20381696" percent="96" />
      <mem type="survivor" free="0" total="2293760" percent="0" />
    </mem>
    <mem type="tenure" free="2055112096" total="2069954560" percent="99">
      <mem type="soa" free="1951614368" total="1966456832" percent="99" />
      <mem type="loa" free="103497728" total="103497728" percent="100" />
    </mem>
    <remembered-set count="3392" />
  </mem-info>
</gc-end>
<cycle-end id="2390" type="scavenge" contextid="2384" timestamp="2019-06-17T06:04:07.024" />
  <attribute name="elasticGC enabled" value="1" />
  <attribute name= "numThreadsSpecified" value="4" />
  <attribute name="heapSize specified" value="27525120" />
  <attribute name="Current GC Util" value="17" />
  <attribute name= "Current Time Running" value="2653" />
  <attribute name ="GC Interval" value="200" />
  <attribute name="ProportionalT" value="-3.000000" />
  <attribute name="ProportionalI" value="-3.000000" />
  <attribute name="ProportionalH" value="-3.000000" />
  <attribute name="Current Error" value="-3.000000" />
  <attribute name="IntegralT" value="-30.000000" />
  <attribute name="IntegralI" value="-30.000000" />
  <attribute name="IntegralH" value="-30.000000" />
  <attribute name="DerivativeT" value="-0.300000" />
  <attribute name="DerivativeI" value="-0.300000" />
  <attribute name="DerivativeH" value="-0.300000" />
  <attribute name="Loop Time for DT" value="10.000000" />
  <attribute name="Output H" value="2092630016"/>
  <attribute name="Output I" value="200"/>
  <attribute name="Output T" value="4"/>
  <attribute name="Target GC Util Change" value ="20.000000" />
  <attribute name="Current GC Util Change" value="17.000000"/>
  <attribute name="GC Util currently" value="17" />
  <attribute name="CPU Util currently" value="452192001326" />
<allocation-satisfied id="2391" threadId="000000000267D500" bytesRequested="24" />
<af-end id="2392" timestamp="2019-06-17T06:04:07.025" threadId="000000000267DE88" success="true" from="nursery"/>
<exclusive-end id="2393" timestamp="2019-06-17T06:04:07.025" durationms="1.649" />

<exclusive-start id="2394" timestamp="2019-06-17T06:04:07.032" intervalms="9.135">
  <response-info timems="0.031" idlems="0.029" threads="1" lastid="0000000002675D00" lastname="Thread-10" />
</exclusive-start>
<af-start id="2395" threadId="000000000267A288" totalBytesRequested="40" timestamp="2019-06-17T06:04:07.032" intervalms="9.149" type="nursery" />
<cycle-start id="2396" type="scavenge" contextid="0" timestamp="2019-06-17T06:04:07.032" intervalms="9.162" />
<gc-start id="2397" type="scavenge" contextid="2396" timestamp="2019-06-17T06:04:07.032">
  <mem-info id="2398" free="2055112096" total="2092630016" percent="98">
    <mem type="nursery" free="0" total="22675456" percent="0">
      <mem type="allocate" free="0" total="20381696" percent="0" />
      <mem type="survivor" free="0" total="2293760" percent="0" />
    </mem>
    <mem type="tenure" free="2055112096" total="2069954560" percent="99">
      <mem type="soa" free="1951614368" total="1966456832" percent="99" />
      <mem type="loa" free="103497728" total="103497728" percent="100" />
    </mem>
    <remembered-set count="5716" />
  </mem-info>
</gc-start>
<allocation-stats totalBytes="19596968" >
  <allocated-bytes non-tlh="24" tlh="19596944" />
  <largest-consumer threadName="Thread-8" threadId="0000000002679900" bytes="5340552" />
</allocation-stats>
<gc-op id="2399" type="scavenge" timems="0.999" contextid="2396" timestamp="2019-06-17T06:04:07.033">
  <scavenger-info tenureage="14" tenuremask="4000" tiltratio="89" />
  <memory-copied type="nursery" objects="21117" bytes="782432" bytesdiscarded="128272" />
</gc-op>
<gc-end id="2400" type="scavenge" contextid="2396" durationms="1.186" usertimems="0.000" systemtimems="0.000" timestamp="2019-06-17T06:04:07.033" activeThreads="4">
  <mem-info id="2401" free="2074583088" total="2092630016" percent="99">
    <mem type="nursery" free="19470992" total="22675456" percent="85">
      <mem type="allocate" free="19470992" total="20381696" percent="95" />
      <mem type="survivor" free="0" total="2293760" percent="0" />
    </mem>
    <mem type="tenure" free="2055112096" total="2069954560" percent="99">
      <mem type="soa" free="1951614368" total="1966456832" percent="99" />
      <mem type="loa" free="103497728" total="103497728" percent="100" />
    </mem>
    <remembered-set count="5716" />
  </mem-info>
</gc-end>
<cycle-end id="2402" type="scavenge" contextid="2396" timestamp="2019-06-17T06:04:07.034" />
  <attribute name="elasticGC enabled" value="1" />
  <attribute name= "numThreadsSpecified" value="4" />
  <attribute name="heapSize specified" value="27525120" />
  <attribute name="Current GC Util" value="37" />
  <attribute name= "Current Time Running" value="2662" />
  <attribute name ="GC Interval" value="200" />
  <attribute name="ProportionalT" value="17.000000" />
  <attribute name="ProportionalI" value="17.000000" />
  <attribute name="ProportionalH" value="17.000000" />
  <attribute name="Current Error" value="17.000000" />
  <attribute name="IntegralT" value="153.000000" />
  <attribute name="IntegralI" value="153.000000" />
  <attribute name="IntegralH" value="153.000000" />
  <attribute name="DerivativeT" value="1.888889" />
  <attribute name="DerivativeI" value="1.888889" />
  <attribute name="DerivativeH" value="1.888889" />
  <attribute name="Loop Time for DT" value="9.000000" />
  <attribute name="Output H" value="8388608"/>
  <attribute name="Output I" value="200"/>
  <attribute name="Output T" value="4"/>
  <attribute name="Target GC Util Change" value ="20.000000" />
  <attribute name="Current GC Util Change" value="37.000000"/>
  <attribute name="GC Util currently" value="37" />
  <attribute name="CPU Util currently" value="501110679430" />
<allocation-satisfied id="2403" threadId="0000000002679900" bytesRequested="40" />
<af-end id="2404" timestamp="2019-06-17T06:04:07.034" threadId="000000000267A288" success="true" from="nursery"/>
<exclusive-end id="2405" timestamp="2019-06-17T06:04:07.034" durationms="1.645" />

<exclusive-start id="2406" timestamp="2019-06-17T06:04:07.041" intervalms="8.427">
  <response-info timems="0.022" idlems="0.022" threads="0" lastid="0000000002675D00" lastname="Thread-10" />
</exclusive-start>
<af-start id="2407" threadId="0000000002676688" totalBytesRequested="40" timestamp="2019-06-17T06:04:07.041" intervalms="8.425" type="nursery" />
<cycle-start id="2408" type="scavenge" contextid="0" timestamp="2019-06-17T06:04:07.041" intervalms="8.423" />
<gc-start id="2409" type="scavenge" contextid="2408" timestamp="2019-06-17T06:04:07.041">
  <mem-info id="2410" free="2055112096" total="2092630016" percent="98">
    <mem type="nursery" free="0" total="22675456" percent="0">
      <mem type="allocate" free="0" total="20381696" percent="0" />
      <mem type="survivor" free="0" total="2293760" percent="0" />
    </mem>
    <mem type="tenure" free="2055112096" total="2069954560" percent="99">
      <mem type="soa" free="1951614368" total="1966456832" percent="99" />
      <mem type="loa" free="103497728" total="103497728" percent="100" />
    </mem>
    <remembered-set count="6136" />
  </mem-info>
</gc-start>
<allocation-stats totalBytes="19470400" >
  <allocated-bytes non-tlh="40" tlh="19470360" />
  <largest-consumer threadName="Thread-8" threadId="0000000002679900" bytes="5020192" />
</allocation-stats>
<gc-op id="2411" type="scavenge" timems="0.868" contextid="2408" timestamp="2019-06-17T06:04:07.042">
  <scavenger-info tenureage="4" tenuremask="4010" tiltratio="89" />
  <memory-copied type="nursery" objects="26991" bytes="1060984" bytesdiscarded="92264" />
  <memory-copied type="tenure" objects="7426" bytes="315600" bytesdiscarded="0" />
</gc-op>
<gc-end id="2412" type="scavenge" contextid="2408" durationms="1.231" usertimems="4.000" systemtimems="0.000" timestamp="2019-06-17T06:04:07.042" activeThreads="4">
  <mem-info id="2413" free="2073907392" total="2092630016" percent="99">
    <mem type="nursery" free="19228448" total="22675456" percent="84">
      <mem type="allocate" free="19228448" total="20381696" percent="94" />
      <mem type="survivor" free="0" total="2293760" percent="0" />
    </mem>
    <mem type="tenure" free="2054678944" total="2069954560" percent="99">
      <mem type="soa" free="1951181216" total="1966456832" percent="99" />
      <mem type="loa" free="103497728" total="103497728" percent="100" />
    </mem>
    <remembered-set count="7880" />
  </mem-info>
</gc-end>
<cycle-end id="2414" type="scavenge" contextid="2408" timestamp="2019-06-17T06:04:07.042" />
  <attribute name="elasticGC enabled" value="1" />
  <attribute name= "numThreadsSpecified" value="4" />
  <attribute name="heapSize specified" value="27525120" />
  <attribute name="Current GC Util" value="33" />
  <attribute name= "Current Time Running" value="2671" />
  <attribute name ="GC Interval" value="200" />
  <attribute name="ProportionalT" value="13.000000" />
  <attribute name="ProportionalI" value="13.000000" />
  <attribute name="ProportionalH" value="13.000000" />
  <attribute name="Current Error" value="13.000000" />
  <attribute name="IntegralT" value="117.000000" />
  <attribute name="IntegralI" value="117.000000" />
  <attribute name="IntegralH" value="117.000000" />
  <attribute name="DerivativeT" value="-0.444444" />
  <attribute name="DerivativeI" value="-0.444444" />
  <attribute name="DerivativeH" value="-0.444444" />
  <attribute name="Loop Time for DT" value="9.000000" />
  <attribute name="Output H" value="8388608"/>
  <attribute name="Output I" value="200"/>
  <attribute name="Output T" value="4"/>
  <attribute name="Target GC Util Change" value ="20.000000" />
  <attribute name="Current GC Util Change" value="33.000000"/>
  <attribute name="GC Util currently" value="33" />
  <attribute name="CPU Util currently" value="547865981320" />
<allocation-satisfied id="2415" threadId="0000000002675D00" bytesRequested="40" />
<af-end id="2416" timestamp="2019-06-17T06:04:07.042" threadId="0000000002676688" success="true" from="nursery"/>
<exclusive-end id="2417" timestamp="2019-06-17T06:04:07.042" durationms="1.707" />

<exclusive-start id="2418" timestamp="2019-06-17T06:04:07.049" intervalms="8.569">
  <response-info timems="0.025" idlems="0.025" threads="1" lastid="0000000002675D00" lastname="Thread-10" />
</exclusive-start>
<af-start id="2419" threadId="0000000002681A88" totalBytesRequested="40" timestamp="2019-06-17T06:04:07.049" intervalms="8.569" type="nursery" />
<cycle-start id="2420" type="scavenge" contextid="0" timestamp="2019-06-17T06:04:07.049" intervalms="8.579" />
<gc-start id="2421" type="scavenge" contextid="2420" timestamp="2019-06-17T06:04:07.049">
  <mem-info id="2422" free="2054678944" total="2092630016" percent="98">
    <mem type="nursery" free="0" total="22675456" percent="0">
      <mem type="allocate" free="0" total="20381696" percent="0" />
      <mem type="survivor" free="0" total="2293760" percent="0" />
    </mem>
    <mem type="tenure" free="2054678944" total="2069954560" percent="99">
      <mem type="soa" free="1951181216" total="1966456832" percent="99" />
      <mem type="loa" free="103497728" total="103497728" percent="100" />
    </mem>
    <remembered-set count="8317" />
  </mem-info>
</gc-start>
<allocation-stats totalBytes="19224424" >
  <allocated-bytes non-tlh="40" tlh="19224384" />
  <largest-consumer threadName="Thread-10" threadId="0000000002675D00" bytes="4946944" />
</allocation-stats>
<gc-op id="2423" type="scavenge" timems="1.275" contextid="2420" timestamp="2019-06-17T06:04:07.051">
  <scavenger-info tenureage="3" tenuremask="4018" tiltratio="89" />
  <memory-copied type="nursery" objects="21171" bytes="784328" bytesdiscarded="199480" />
  <memory-copied type="tenure" objects="9171" bytes="357480" bytesdiscarded="48" />
</gc-op>
<gc-end id="2424" type="scavenge" contextid="2420" durationms="1.496" usertimems="4.000" systemtimems="0.000" timestamp="2019-06-17T06:04:07.051" activeThreads="4">
  <mem-info id="2425" free="2073744288" total="2092630016" percent="99">
    <mem type="nursery" free="19397888" total="22675456" percent="85">
      <mem type="allocate" free="19397888" total="20381696" percent="95" />
      <mem type="survivor" free="0" total="2293760" percent="0" />
    </mem>
    <mem type="tenure" free="2054346400" total="2069954560" percent="99">
      <mem type="soa" free="1950848672" total="1966456832" percent="99" />
      <mem type="loa" free="103497728" total="103497728" percent="100" />
    </mem>
    <remembered-set count="5429" />
  </mem-info>
</gc-end>
<cycle-end id="2426" type="scavenge" contextid="2420" timestamp="2019-06-17T06:04:07.051" />
  <attribute name="elasticGC enabled" value="1" />
  <attribute name= "numThreadsSpecified" value="4" />
  <attribute name="heapSize specified" value="27525120" />
  <attribute name="Current GC Util" value="38" />
  <attribute name= "Current Time Running" value="2679" />
  <attribute name ="GC Interval" value="200" />
  <attribute name="ProportionalT" value="18.000000" />
  <attribute name="ProportionalI" value="18.000000" />
  <attribute name="ProportionalH" value="18.000000" />
  <attribute name="Current Error" value="18.000000" />
  <attribute name="IntegralT" value="144.000000" />
  <attribute name="IntegralI" value="144.000000" />
  <attribute name="IntegralH" value="144.000000" />
  <attribute name="DerivativeT" value="0.625000" />
  <attribute name="DerivativeI" value="0.625000" />
  <attribute name="DerivativeH" value="0.625000" />
  <attribute name="Loop Time for DT" value="8.000000" />
  <attribute name="Output H" value="8388608"/>
  <attribute name="Output I" value="200"/>
  <attribute name="Output T" value="4"/>
  <attribute name="Target GC Util Change" value ="20.000000" />
  <attribute name="Current GC Util Change" value="38.000000"/>
  <attribute name="GC Util currently" value="38" />
  <attribute name="CPU Util currently" value="536074941658" />
<allocation-satisfied id="2427" threadId="0000000002681100" bytesRequested="40" />
<af-end id="2428" timestamp="2019-06-17T06:04:07.051" threadId="0000000002681A88" success="true" from="nursery"/>
<exclusive-end id="2429" timestamp="2019-06-17T06:04:07.051" durationms="1.998" />

<exclusive-start id="2430" timestamp="2019-06-17T06:04:07.059" intervalms="9.719">
  <response-info timems="0.056" idlems="0.056" threads="0" lastid="0000000002679900" lastname="Thread-8" />
</exclusive-start>
<af-start id="2431" threadId="000000000267A288" totalBytesRequested="40" timestamp="2019-06-17T06:04:07.059" intervalms="9.788" type="nursery" />
<cycle-start id="2432" type="scavenge" contextid="0" timestamp="2019-06-17T06:04:07.059" intervalms="9.874" />
<gc-start id="2433" type="scavenge" contextid="2432" timestamp="2019-06-17T06:04:07.059">
  <mem-info id="2434" free="2054346400" total="2092630016" percent="98">
    <mem type="nursery" free="0" total="22675456" percent="0">
      <mem type="allocate" free="0" total="20381696" percent="0" />
      <mem type="survivor" free="0" total="2293760" percent="0" />
    </mem>
    <mem type="tenure" free="2054346400" total="2069954560" percent="99">
      <mem type="soa" free="1950848672" total="1966456832" percent="99" />
      <mem type="loa" free="103497728" total="103497728" percent="100" />
    </mem>
    <remembered-set count="6092" />
  </mem-info>
</gc-start>
<allocation-stats totalBytes="19397520" >
  <allocated-bytes non-tlh="40" tlh="19397480" />
  <largest-consumer threadName="Thread-10" threadId="0000000002675D00" bytes="5733552" />
</allocation-stats>
<gc-op id="2435" type="scavenge" timems="1.130" contextid="2432" timestamp="2019-06-17T06:04:07.061">
  <scavenger-info tenureage="2" tenuremask="400c" tiltratio="89" />
  <memory-copied type="nursery" objects="2361" bytes="57600" bytesdiscarded="221952" />
  <memory-copied type="tenure" objects="11552" bytes="414624" bytesdiscarded="24" />
</gc-op>
<gc-end id="2436" type="scavenge" contextid="2432" durationms="1.421" usertimems="0.000" systemtimems="4.000" timestamp="2019-06-17T06:04:07.061" activeThreads="4">
  <mem-info id="2437" free="2074107552" total="2092630016" percent="99">
    <mem type="nursery" free="20102144" total="22675456" percent="88">
      <mem type="allocate" free="20102144" total="20381696" percent="98" />
      <mem type="survivor" free="0" total="2293760" percent="0" />
    </mem>
    <mem type="tenure" free="2054005408" total="2069954560" percent="99">
      <mem type="soa" free="1950507680" total="1966456832" percent="99" />
      <mem type="loa" free="103497728" total="103497728" percent="100" />
    </mem>
    <remembered-set count="2278" />
  </mem-info>
</gc-end>
<cycle-end id="2438" type="scavenge" contextid="2432" timestamp="2019-06-17T06:04:07.061" />
  <attribute name="elasticGC enabled" value="1" />
  <attribute name= "numThreadsSpecified" value="4" />
  <attribute name="heapSize specified" value="27525120" />
  <attribute name="Current GC Util" value="36" />
  <attribute name= "Current Time Running" value="2689" />
  <attribute name ="GC Interval" value="200" />
  <attribute name="ProportionalT" value="16.000000" />
  <attribute name="ProportionalI" value="16.000000" />
  <attribute name="ProportionalH" value="16.000000" />
  <attribute name="Current Error" value="16.000000" />
  <attribute name="IntegralT" value="160.000000" />
  <attribute name="IntegralI" value="160.000000" />
  <attribute name="IntegralH" value="160.000000" />
  <attribute name="DerivativeT" value="-0.200000" />
  <attribute name="DerivativeI" value="-0.200000" />
  <attribute name="DerivativeH" value="-0.200000" />
  <attribute name="Loop Time for DT" value="10.000000" />
  <attribute name="Output H" value="8388608"/>
  <attribute name="Output I" value="200"/>
  <attribute name="Output T" value="4"/>
  <attribute name="Target GC Util Change" value ="20.000000" />
  <attribute name="Current GC Util Change" value="36.000000"/>
  <attribute name="GC Util currently" value="36" />
  <attribute name="CPU Util currently" value="461014529313" />
<allocation-satisfied id="2439" threadId="0000000002679900" bytesRequested="40" />
<af-end id="2440" timestamp="2019-06-17T06:04:07.061" threadId="000000000267A288" success="true" from="nursery"/>
<exclusive-end id="2441" timestamp="2019-06-17T06:04:07.061" durationms="2.191" />

<exclusive-start id="2442" timestamp="2019-06-17T06:04:07.070" intervalms="11.552">
  <response-info timems="0.080" idlems="0.080" threads="0" lastid="0000000002681100" lastname="Thread-9" />
</exclusive-start>
<af-start id="2443" threadId="0000000002681A88" totalBytesRequested="40" timestamp="2019-06-17T06:04:07.071" intervalms="11.560" type="nursery" />
<cycle-start id="2444" type="scavenge" contextid="0" timestamp="2019-06-17T06:04:07.071" intervalms="11.521" />
<gc-start id="2445" type="scavenge" contextid="2444" timestamp="2019-06-17T06:04:07.071">
  <mem-info id="2446" free="2054005408" total="2092630016" percent="98">
    <mem type="nursery" free="0" total="22675456" percent="0">
      <mem type="allocate" free="0" total="20381696" percent="0" />
      <mem type="survivor" free="0" total="2293760" percent="0" />
    </mem>
    <mem type="tenure" free="2054005408" total="2069954560" percent="99">
      <mem type="soa" free="1950507680" total="1966456832" percent="99" />
      <mem type="loa" free="103497728" total="103497728" percent="100" />
    </mem>
    <remembered-set count="3439" />
  </mem-info>
</gc-start>
<allocation-stats totalBytes="20101760" >
  <allocated-bytes non-tlh="40" tlh="20101720" />
  <largest-consumer threadName="Thread-10" threadId="0000000002675D00" bytes="6782768" />
</allocation-stats>
<gc-op id="2447" type="scavenge" timems="1.045" contextid="2444" timestamp="2019-06-17T06:04:07.072">
  <scavenger-info tenureage="14" tenuremask="4000" tiltratio="89" />
  <memory-copied type="nursery" objects="3497" bytes="84704" bytesdiscarded="111136" />
</gc-op>
<gc-end id="2448" type="scavenge" contextid="2444" durationms="1.371" usertimems="4.000" systemtimems="0.000" timestamp="2019-06-17T06:04:07.072" activeThreads="4">
  <mem-info id="2449" free="2074191264" total="2092630016" percent="99">
    <mem type="nursery" free="20185856" total="22675456" percent="89">
      <mem type="allocate" free="20185856" total="20381696" percent="99" />
      <mem type="survivor" free="0" total="2293760" percent="0" />
    </mem>
    <mem type="tenure" free="2054005408" total="2069954560" percent="99">
      <mem type="soa" free="1950507680" total="1966456832" percent="99" />
      <mem type="loa" free="103497728" total="103497728" percent="100" />
    </mem>
    <remembered-set count="3436" />
  </mem-info>
</gc-end>
<cycle-end id="2450" type="scavenge" contextid="2444" timestamp="2019-06-17T06:04:07.072" />
  <attribute name="elasticGC enabled" value="1" />
  <attribute name= "numThreadsSpecified" value="4" />
  <attribute name="heapSize specified" value="27525120" />
  <attribute name="Current GC Util" value="27" />
  <attribute name= "Current Time Running" value="2701" />
  <attribute name ="GC Interval" value="200" />
  <attribute name="ProportionalT" value="7.000000" />
  <attribute name="ProportionalI" value="7.000000" />
  <attribute name="ProportionalH" value="7.000000" />
  <attribute name="Current Error" value="7.000000" />
  <attribute name="IntegralT" value="84.000000" />
  <attribute name="IntegralI" value="84.000000" />
  <attribute name="IntegralH" value="84.000000" />
  <attribute name="DerivativeT" value="-0.750000" />
  <attribute name="DerivativeI" value="-0.750000" />
  <attribute name="DerivativeH" value="-0.750000" />
  <attribute name="Loop Time for DT" value="12.000000" />
  <attribute name="Output H" value="8388608"/>
  <attribute name="Output I" value="200"/>
  <attribute name="Output T" value="4"/>
  <attribute name="Target GC Util Change" value ="20.000000" />
  <attribute name="Current GC Util Change" value="27.000000"/>
  <attribute name="GC Util currently" value="27" />
  <attribute name="CPU Util currently" value="398790679493" />
<allocation-satisfied id="2451" threadId="0000000002681100" bytesRequested="40" />
<af-end id="2452" timestamp="2019-06-17T06:04:07.072" threadId="0000000002681A88" success="true" from="nursery"/>
<exclusive-end id="2453" timestamp="2019-06-17T06:04:07.073" durationms="2.151" />

<exclusive-start id="2454" timestamp="2019-06-17T06:04:07.085" intervalms="14.839">
  <response-info timems="0.081" idlems="0.081" threads="0" lastid="0000000002675D00" lastname="Thread-10" />
</exclusive-start>
<af-start id="2455" threadId="0000000002676688" totalBytesRequested="40" timestamp="2019-06-17T06:04:07.085" intervalms="14.829" type="nursery" />
<cycle-start id="2456" type="scavenge" contextid="0" timestamp="2019-06-17T06:04:07.085" intervalms="14.817" />
<gc-start id="2457" type="scavenge" contextid="2456" timestamp="2019-06-17T06:04:07.086">
  <mem-info id="2458" free="2054005408" total="2092630016" percent="98">
    <mem type="nursery" free="0" total="22675456" percent="0">
      <mem type="allocate" free="0" total="20381696" percent="0" />
      <mem type="survivor" free="0" total="2293760" percent="0" />
    </mem>
    <mem type="tenure" free="2054005408" total="2069954560" percent="99">
      <mem type="soa" free="1950507680" total="1966456832" percent="99" />
      <mem type="loa" free="103497728" total="103497728" percent="100" />
    </mem>
    <remembered-set count="5629" />
  </mem-info>
</gc-start>
<allocation-stats totalBytes="20185200" >
  <allocated-bytes non-tlh="40" tlh="20185160" />
  <largest-consumer threadName="Thread-10" threadId="0000000002675D00" bytes="9404856" />
</allocation-stats>
<gc-op id="2459" type="scavenge" timems="0.325" contextid="2456" timestamp="2019-06-17T06:04:07.086">
  <scavenger-info tenureage="14" tenuremask="4000" tiltratio="89" />
  <memory-copied type="nursery" objects="6725" bytes="162184" bytesdiscarded="349304" />
</gc-op>
<gc-end id="2460" type="scavenge" contextid="2456" durationms="0.763" usertimems="0.000" systemtimems="0.000" timestamp="2019-06-17T06:04:07.086" activeThreads="4">
  <mem-info id="2461" free="2073875616" total="2092630016" percent="99">
    <mem type="nursery" free="19870208" total="22675456" percent="87">
      <mem type="allocate" free="19870208" total="20381696" percent="97" />
      <mem type="survivor" free="0" total="2293760" percent="0" />
    </mem>
    <mem type="tenure" free="2054005408" total="2069954560" percent="99">
      <mem type="soa" free="1950507680" total="1966456832" percent="99" />
      <mem type="loa" free="103497728" total="103497728" percent="100" />
    </mem>
    <remembered-set count="5628" />
  </mem-info>
</gc-end>
<cycle-end id="2462" type="scavenge" contextid="2456" timestamp="2019-06-17T06:04:07.086" />
  <attribute name="elasticGC enabled" value="1" />
  <attribute name= "numThreadsSpecified" value="4" />
  <attribute name="heapSize specified" value="27525120" />
  <attribute name="Current GC Util" value="17" />
  <attribute name= "Current Time Running" value="2715" />
  <attribute name ="GC Interval" value="200" />
  <attribute name="ProportionalT" value="-3.000000" />
  <attribute name="ProportionalI" value="-3.000000" />
  <attribute name="ProportionalH" value="-3.000000" />
  <attribute name="Current Error" value="-3.000000" />
  <attribute name="IntegralT" value="-42.000000" />
  <attribute name="IntegralI" value="-42.000000" />
  <attribute name="IntegralH" value="-42.000000" />
  <attribute name="DerivativeT" value="-0.714286" />
  <attribute name="DerivativeI" value="-0.714286" />
  <attribute name="DerivativeH" value="-0.714286" />
  <attribute name="Loop Time for DT" value="14.000000" />
  <attribute name="Output H" value="2092630016"/>
  <attribute name="Output I" value="200"/>
  <attribute name="Output T" value="4"/>
  <attribute name="Target GC Util Change" value ="20.000000" />
  <attribute name="Current GC Util Change" value="17.000000"/>
  <attribute name="GC Util currently" value="17" />
  <attribute name="CPU Util currently" value="312758329948" />
<allocation-satisfied id="2463" threadId="0000000002675D00" bytesRequested="40" />
<af-end id="2464" timestamp="2019-06-17T06:04:07.087" threadId="0000000002676688" success="true" from="nursery"/>
<exclusive-end id="2465" timestamp="2019-06-17T06:04:07.087" durationms="1.452" />

</verbosegc>

