<?xml version="1.0" ?>

<verbosegc xmlns="http://www.ibm.com/j9/verbosegc" version="10b4217_CMPRSS">

<initialized id="1" timestamp="2019-06-17T06:04:30.223">
  <attribute name="gcPolicy" value="-Xgcpolicy:gencon" />
  <attribute name="elasticGC enabled" value="1" />
  <attribute name= "numThreadsSpecified" value="0" />
  <attribute name="heapSize specified" value="0" />
  <attribute name="Current GC Util" value="0" />
  <attribute name= "Current Time Running" value="0" />
  <attribute name ="GC Interval" value="0" />
  <attribute name="ProportionalT" value="0.000000" />
  <attribute name="ProportionalI" value="0.000000" />
  <attribute name="ProportionalH" value="0.000000" />
  <attribute name="IntegralT" value="0.000000" />
  <attribute name="IntegralI" value="0.000000" />
  <attribute name="IntegralH" value="0.000000" />
  <attribute name="DerivativeT" value="0.000000" />
  <attribute name="DerivativeI" value="0.000000" />
  <attribute name="DerivativeH" value="0.000000" />
  <attribute name="Target GC Util Change" value ="0.000000" />
  <attribute name="Current GC Util Change" value="0.000000"/>
  <attribute name="Current Error" value="0.000000" />
  <attribute name="Loop Time for DT" value="0.000000" />
  <attribute name="Output H" value="0"/>
  <attribute name="Output I" value="0"/>
  <attribute name="Output T" value="0"/>
  <attribute name="GC Util currently" value="0" />
  <attribute name="CPU Util currently" value="0" />
  <attribute name="maxHeapSize" value="0x7cbc0000" />
  <attribute name="initialHeapSize" value="0x800000" />
  <attribute name="compressedRefs" value="true" />
  <attribute name="compressedRefsDisplacement" value="0x0" />
  <attribute name="compressedRefsShift" value="0x0" />
  <attribute name="pageSize" value="0x1000" />
  <attribute name="pageType" value="not used" />
  <attribute name="requestedPageSize" value="0x1000" />
  <attribute name="requestedPageType" value="not used" />
  <attribute name="gcthreads" value="4" />
  <attribute name="gcthreads Concurrent Mark" value="1" />
  <attribute name="packetListSplit" value="4" />
  <attribute name="cacheListSplit" value="4" />
  <attribute name="splitFreeListSplitAmount" value="1" />
  <attribute name="numaNodes" value="0" />
  <system>
    <attribute name="physicalMemory" value="8370962432" />
    <attribute name="numCPUs" value="4" />
    <attribute name="architecture" value="amd64" />
    <attribute name="os" value="Linux" />
    <attribute name="osVersion" value="4.4.0-148-generic" />
  </system>
  <vmargs>
    <vmarg name="-Xoptionsfile=/vagrant/jdk/lib/options.default" />
    <vmarg name="-Xlockword:mode=default,noLockword=java/lang/String,noLockword=java/util/MapEntry,noLockword=java/util/HashMap$Entry,noLockword..." />
    <vmarg name="-Xjcl:jclse29" />
    <vmarg name="-Dcom.ibm.oti.vm.bootstrap.library.path=/vagrant/jdk/lib/compressedrefs:/vagrant/jdk/lib" />
    <vmarg name="-Dsun.boot.library.path=/vagrant/jdk/lib/compressedrefs:/vagrant/jdk/lib" />
    <vmarg name="-Djava.library.path=/vagrant/jdk/lib/compressedrefs:/vagrant/jdk/lib:/usr/lib64:/usr/lib" />
    <vmarg name="-Djava.home=/vagrant/jdk" />
    <vmarg name="-Duser.dir=/vagrant" />
    <vmarg name="-verbose:gc" />
    <vmarg name="-Xgcelastic" />
    <vmarg name="-Xcheck:gc:::elasticGC" />
    <vmarg name="-Xloggc:default-jdk-1-1-1-verbose11sunflow.txt" />
    <vmarg name="-Djava.class.path=dacapo-9.12-MR1-bach.jar" />
    <vmarg name="-Dsun.java.command=dacapo-9.12-MR1-bach.jar sunflow --size=default" />
    <vmarg name="-Dsun.java.launcher=SUN_STANDARD" />
    <vmarg name="-Dsun.java.launcher.pid=14502" />
  </vmargs>
</initialized>

<exclusive-start id="2" timestamp="2019-06-17T06:04:30.400" intervalms="177.329">
  <response-info timems="0.020" idlems="0.020" threads="0" lastid="0000000000A88700" lastname="main" />
</exclusive-start>
<af-start id="3" threadId="0000000000A89088" totalBytesRequested="7176" timestamp="2019-06-17T06:04:30.401" intervalms="177.558" type="nursery" />
<cycle-start id="4" type="scavenge" contextid="0" timestamp="2019-06-17T06:04:30.401" intervalms="178.047" />
<gc-start id="5" type="scavenge" contextid="4" timestamp="2019-06-17T06:04:30.407">
  <mem-info id="6" free="6062624" total="8388608" percent="72">
    <mem type="nursery" free="0" total="2097152" percent="0">
      <mem type="allocate" free="0" total="1048576" percent="0" />
      <mem type="survivor" free="0" total="1048576" percent="0" />
    </mem>
    <mem type="tenure" free="6062624" total="6291456" percent="96">
      <mem type="soa" free="5748256" total="5977088" percent="96" />
      <mem type="loa" free="314368" total="314368" percent="100" />
    </mem>
    <remembered-set count="3161" />
  </mem-info>
</gc-start>
<allocation-stats totalBytes="1275392" >
  <allocated-bytes non-tlh="344784" tlh="930608" />
  <largest-consumer threadName="main" threadId="0000000000A88700" bytes="1198832" />
</allocation-stats>
<gc-op id="7" type="scavenge" timems="2.658" contextid="4" timestamp="2019-06-17T06:04:30.409">
  <scavenger-info tenureage="2" tenuremask="fffc" tiltratio="50" />
  <memory-copied type="nursery" objects="10578" bytes="479616" bytesdiscarded="122640" />
  <finalization candidates="11" enqueued="0" />
  <references type="soft" candidates="62" cleared="0" enqueued="0" dynamicThreshold="32" maxThreshold="32" />
  <references type="weak" candidates="309" cleared="177" enqueued="141" />
  <references type="phantom" candidates="25" cleared="6" enqueued="6" />
</gc-op>
<gc-end id="8" type="scavenge" contextid="4" durationms="6.348" usertimems="8.000" systemtimems="0.000" timestamp="2019-06-17T06:04:30.413" activeThreads="4">
  <mem-info id="9" free="6506848" total="8388608" percent="77">
    <mem type="nursery" free="444224" total="2097152" percent="21">
      <mem type="allocate" free="444224" total="1048576" percent="42" />
      <mem type="survivor" free="0" total="1048576" percent="0" />
    </mem>
    <mem type="tenure" free="6062624" total="6291456" percent="96">
      <mem type="soa" free="5748256" total="5977088" percent="96" />
      <mem type="loa" free="314368" total="314368" percent="100" />
    </mem>
    <pending-finalizers system="0" default="0" reference="147" classloader="0" />
    <remembered-set count="3161" />
  </mem-info>
</gc-end>
<cycle-end id="10" type="scavenge" contextid="4" timestamp="2019-06-17T06:04:30.413" />
  <attribute name="elasticGC enabled" value="1" />
  <attribute name= "numThreadsSpecified" value="0" />
  <attribute name="heapSize specified" value="0" />
  <attribute name="Current GC Util" value="0" />
  <attribute name= "Current Time Running" value="72" />
  <attribute name ="GC Interval" value="1" />
  <attribute name="ProportionalT" value="0.000000" />
  <attribute name="ProportionalI" value="0.000000" />
  <attribute name="ProportionalH" value="0.000000" />
  <attribute name="Current Error" value="0.000000" />
  <attribute name="IntegralT" value="0.000000" />
  <attribute name="IntegralI" value="0.000000" />
  <attribute name="IntegralH" value="0.000000" />
  <attribute name="DerivativeT" value="0.000000" />
  <attribute name="DerivativeI" value="0.000000" />
  <attribute name="DerivativeH" value="0.000000" />
  <attribute name="Loop Time for DT" value="0.000000" />
  <attribute name="Output H" value="0"/>
  <attribute name="Output I" value="0"/>
  <attribute name="Output T" value="0"/>
  <attribute name="Target GC Util Change" value ="20.000000" />
  <attribute name="Current GC Util Change" value="0.000000"/>
  <attribute name="GC Util currently" value="0" />
  <attribute name="CPU Util currently" value="27" />
<allocation-satisfied id="11" threadId="0000000000A88700" bytesRequested="7176" />
<af-end id="12" timestamp="2019-06-17T06:04:30.413" threadId="0000000000A89088" success="true" from="nursery"/>
<exclusive-end id="13" timestamp="2019-06-17T06:04:30.413" durationms="12.821" />

<exclusive-start id="14" timestamp="2019-06-17T06:04:30.432" intervalms="31.945">
  <response-info timems="0.028" idlems="0.028" threads="0" lastid="0000000000A88700" lastname="main" />
</exclusive-start>
<af-start id="15" threadId="0000000000A89088" totalBytesRequested="15200" timestamp="2019-06-17T06:04:30.432" intervalms="31.794" type="nursery" />
<cycle-start id="16" type="scavenge" contextid="0" timestamp="2019-06-17T06:04:30.433" intervalms="31.374" />
<gc-start id="17" type="scavenge" contextid="16" timestamp="2019-06-17T06:04:30.436">
  <mem-info id="18" free="6054888" total="8388608" percent="72">
    <mem type="nursery" free="0" total="2097152" percent="0">
      <mem type="allocate" free="0" total="1048576" percent="0" />
      <mem type="survivor" free="0" total="1048576" percent="0" />
    </mem>
    <mem type="tenure" free="6054888" total="6291456" percent="96">
      <mem type="soa" free="5740520" total="5977088" percent="96" />
      <mem type="loa" free="314368" total="314368" percent="100" />
    </mem>
    <remembered-set count="3262" />
  </mem-info>
</gc-start>
<allocation-stats totalBytes="442912" >
  <allocated-bytes non-tlh="14912" tlh="428000" />
  <largest-consumer threadName="main" threadId="0000000000A88700" bytes="430936" />
</allocation-stats>
<gc-op id="19" type="scavenge" timems="0.902" contextid="16" timestamp="2019-06-17T06:04:30.438">
  <scavenger-info tenureage="5" tenuremask="7fe0" tiltratio="50" />
  <memory-copied type="nursery" objects="10890" bytes="485680" bytesdiscarded="29584" />
  <finalization candidates="11" enqueued="0" />
  <references type="soft" candidates="62" cleared="0" enqueued="0" dynamicThreshold="32" maxThreshold="32" />
  <references type="weak" candidates="241" cleared="96" enqueued="93" />
  <references type="phantom" candidates="37" cleared="12" enqueued="12" />
</gc-op>
<gc-end id="20" type="scavenge" contextid="16" durationms="1.197" usertimems="0.000" systemtimems="0.000" timestamp="2019-06-17T06:04:30.438" activeThreads="4">
  <mem-info id="21" free="6586736" total="8388608" percent="78">
    <mem type="nursery" free="531848" total="2097152" percent="25">
      <mem type="allocate" free="531848" total="1048576" percent="50" />
      <mem type="survivor" free="0" total="1048576" percent="0" />
    </mem>
    <mem type="tenure" free="6054888" total="6291456" percent="96">
      <mem type="soa" free="5740520" total="5977088" percent="96" />
      <mem type="loa" free="314368" total="314368" percent="100" />
    </mem>
    <pending-finalizers system="0" default="0" reference="105" classloader="0" />
    <remembered-set count="3262" />
  </mem-info>
</gc-end>
<cycle-end id="22" type="scavenge" contextid="16" timestamp="2019-06-17T06:04:30.438" />
  <attribute name="elasticGC enabled" value="1" />
  <attribute name= "numThreadsSpecified" value="4" />
  <attribute name="heapSize specified" value="0" />
  <attribute name="Current GC Util" value="38" />
  <attribute name= "Current Time Running" value="101" />
  <attribute name ="GC Interval" value="544" />
  <attribute name="ProportionalT" value="18.000000" />
  <attribute name="ProportionalI" value="18.000000" />
  <attribute name="ProportionalH" value="18.000000" />
  <attribute name="Current Error" value="18.000000" />
  <attribute name="IntegralT" value="522.000000" />
  <attribute name="IntegralI" value="522.000000" />
  <attribute name="IntegralH" value="522.000000" />
  <attribute name="DerivativeT" value="0.620690" />
  <attribute name="DerivativeI" value="0.620690" />
  <attribute name="DerivativeH" value="0.620690" />
  <attribute name="Loop Time for DT" value="29.000000" />
  <attribute name="Output H" value="8388608"/>
  <attribute name="Output I" value="544"/>
  <attribute name="Output T" value="4"/>
  <attribute name="Target GC Util Change" value ="20.000000" />
  <attribute name="Current GC Util Change" value="38.000000"/>
  <attribute name="GC Util currently" value="38" />
  <attribute name="CPU Util currently" value="23" />
<allocation-satisfied id="23" threadId="0000000000A88700" bytesRequested="15200" />
<af-end id="24" timestamp="2019-06-17T06:04:30.438" threadId="0000000000A89088" success="true" from="nursery"/>
<exclusive-end id="25" timestamp="2019-06-17T06:04:30.438" durationms="5.589" />

<exclusive-start id="26" timestamp="2019-06-17T06:04:30.449" intervalms="16.602">
  <response-info timems="0.068" idlems="0.068" threads="0" lastid="0000000000A88700" lastname="main" />
</exclusive-start>
<af-start id="27" threadId="0000000000A89088" totalBytesRequested="20232" timestamp="2019-06-17T06:04:30.449" intervalms="16.647" type="nursery" />
<cycle-start id="28" type="scavenge" contextid="0" timestamp="2019-06-17T06:04:30.449" intervalms="16.687" />
<gc-start id="29" type="scavenge" contextid="28" timestamp="2019-06-17T06:04:30.449">
  <mem-info id="30" free="6052200" total="8388608" percent="72">
    <mem type="nursery" free="0" total="2097152" percent="0">
      <mem type="allocate" free="0" total="1048576" percent="0" />
      <mem type="survivor" free="0" total="1048576" percent="0" />
    </mem>
    <mem type="tenure" free="6052200" total="6291456" percent="96">
      <mem type="soa" free="5737832" total="5977088" percent="95" />
      <mem type="loa" free="314368" total="314368" percent="100" />
    </mem>
    <remembered-set count="3295" />
  </mem-info>
</gc-start>
<allocation-stats totalBytes="482232" >
  <allocated-bytes non-tlh="17888" tlh="464344" />
  <largest-consumer threadName="main" threadId="0000000000A88700" bytes="474040" />
</allocation-stats>
<gc-op id="31" type="scavenge" timems="0.820" contextid="28" timestamp="2019-06-17T06:04:30.450">
  <scavenger-info tenureage="4" tenuremask="7ff0" tiltratio="50" />
  <memory-copied type="nursery" objects="10933" bytes="574768" bytesdiscarded="143032" />
  <finalization candidates="11" enqueued="0" />
  <references type="soft" candidates="62" cleared="0" enqueued="0" dynamicThreshold="32" maxThreshold="32" />
  <references type="weak" candidates="224" cleared="76" enqueued="76" />
  <references type="phantom" candidates="38" cleared="10" enqueued="10" />
</gc-op>
<gc-end id="32" type="scavenge" contextid="28" durationms="1.011" usertimems="0.000" systemtimems="0.000" timestamp="2019-06-17T06:04:30.450" activeThreads="4">
  <mem-info id="33" free="6381512" total="8388608" percent="76">
    <mem type="nursery" free="329312" total="2097152" percent="15">
      <mem type="allocate" free="329312" total="1048576" percent="31" />
      <mem type="survivor" free="0" total="1048576" percent="0" />
    </mem>
    <mem type="tenure" free="6052200" total="6291456" percent="96">
      <mem type="soa" free="5737832" total="5977088" percent="95" />
      <mem type="loa" free="314368" total="314368" percent="100" />
    </mem>
    <pending-finalizers system="0" default="0" reference="86" classloader="0" />
    <remembered-set count="1025" />
  </mem-info>
</gc-end>
<cycle-end id="34" type="scavenge" contextid="28" timestamp="2019-06-17T06:04:30.450" />
  <attribute name="elasticGC enabled" value="1" />
  <attribute name= "numThreadsSpecified" value="4" />
  <attribute name="heapSize specified" value="0" />
  <attribute name="Current GC Util" value="41" />
  <attribute name= "Current Time Running" value="114" />
  <attribute name ="GC Interval" value="816" />
  <attribute name="ProportionalT" value="21.000000" />
  <attribute name="ProportionalI" value="21.000000" />
  <attribute name="ProportionalH" value="21.000000" />
  <attribute name="Current Error" value="21.000000" />
  <attribute name="IntegralT" value="795.000000" />
  <attribute name="IntegralI" value="795.000000" />
  <attribute name="IntegralH" value="795.000000" />
  <attribute name="DerivativeT" value="0.230769" />
  <attribute name="DerivativeI" value="0.230769" />
  <attribute name="DerivativeH" value="0.230769" />
  <attribute name="Loop Time for DT" value="13.000000" />
  <attribute name="Output H" value="8388608"/>
  <attribute name="Output I" value="816"/>
  <attribute name="Output T" value="4"/>
  <attribute name="Target GC Util Change" value ="20.000000" />
  <attribute name="Current GC Util Change" value="41.000000"/>
  <attribute name="GC Util currently" value="41" />
  <attribute name="CPU Util currently" value="6" />
<allocation-satisfied id="35" threadId="0000000000A88700" bytesRequested="20232" />
<af-end id="36" timestamp="2019-06-17T06:04:30.451" threadId="0000000000A89088" success="true" from="nursery"/>
<exclusive-end id="37" timestamp="2019-06-17T06:04:30.451" durationms="1.599" />

<exclusive-start id="38" timestamp="2019-06-17T06:04:30.514" intervalms="64.551">
  <response-info timems="0.026" idlems="0.026" threads="0" lastid="0000000000A88700" lastname="main" />
</exclusive-start>
<af-start id="39" threadId="0000000000A89088" totalBytesRequested="520" timestamp="2019-06-17T06:04:30.514" intervalms="64.504" type="nursery" />
<cycle-start id="40" type="scavenge" contextid="0" timestamp="2019-06-17T06:04:30.514" intervalms="64.462" />
<gc-start id="41" type="scavenge" contextid="40" timestamp="2019-06-17T06:04:30.514">
  <mem-info id="42" free="6047352" total="8388608" percent="72">
    <mem type="nursery" free="0" total="2097152" percent="0">
      <mem type="allocate" free="0" total="1048576" percent="0" />
      <mem type="survivor" free="0" total="1048576" percent="0" />
    </mem>
    <mem type="tenure" free="6047352" total="6291456" percent="96">
      <mem type="soa" free="5732984" total="5977088" percent="95" />
      <mem type="loa" free="314368" total="314368" percent="100" />
    </mem>
    <remembered-set count="1105" />
  </mem-info>
</gc-start>
<allocation-stats totalBytes="333960" >
  <allocated-bytes non-tlh="25080" tlh="308880" />
  <largest-consumer threadName="main" threadId="0000000000A88700" bytes="333960" />
</allocation-stats>
<gc-op id="43" type="scavenge" timems="1.137" contextid="40" timestamp="2019-06-17T06:04:30.515">
  <scavenger-info tenureage="3" tenuremask="fff8" tiltratio="50" />
  <memory-copied type="nursery" objects="750" bytes="125832" bytesdiscarded="239936" />
  <memory-copied type="tenure" objects="10289" bytes="460040" bytesdiscarded="264" />
  <finalization candidates="14" enqueued="1" />
  <references type="soft" candidates="1" cleared="0" enqueued="0" dynamicThreshold="32" maxThreshold="32" />
  <references type="weak" candidates="68" cleared="53" enqueued="53" />
  <references type="phantom" candidates="22" cleared="10" enqueued="10" />
</gc-op>
<gc-end id="44" type="scavenge" contextid="40" durationms="1.325" usertimems="0.000" systemtimems="0.000" timestamp="2019-06-17T06:04:30.515" activeThreads="4">
  <mem-info id="45" free="6210760" total="8388608" percent="74">
    <mem type="nursery" free="682736" total="2097152" percent="32">
      <mem type="allocate" free="682736" total="1048576" percent="65" />
      <mem type="survivor" free="0" total="1048576" percent="0" />
    </mem>
    <mem type="tenure" free="5528024" total="6291456" percent="87">
      <mem type="soa" free="5213656" total="5977088" percent="87" />
      <mem type="loa" free="314368" total="314368" percent="100" />
    </mem>
    <pending-finalizers system="1" default="0" reference="63" classloader="0" />
    <remembered-set count="220" />
  </mem-info>
</gc-end>
<cycle-end id="46" type="scavenge" contextid="40" timestamp="2019-06-17T06:04:30.515" />
  <attribute name="elasticGC enabled" value="1" />
  <attribute name= "numThreadsSpecified" value="4" />
  <attribute name="heapSize specified" value="0" />
  <attribute name="Current GC Util" value="2" />
  <attribute name= "Current Time Running" value="179" />
  <attribute name ="GC Interval" value="200" />
  <attribute name="ProportionalT" value="-18.000000" />
  <attribute name="ProportionalI" value="-18.000000" />
  <attribute name="ProportionalH" value="-18.000000" />
  <attribute name="Current Error" value="-18.000000" />
  <attribute name="IntegralT" value="-375.000000" />
  <attribute name="IntegralI" value="-375.000000" />
  <attribute name="IntegralH" value="-375.000000" />
  <attribute name="DerivativeT" value="-0.600000" />
  <attribute name="DerivativeI" value="-0.600000" />
  <attribute name="DerivativeH" value="-0.600000" />
  <attribute name="Loop Time for DT" value="65.000000" />
  <attribute name="Output H" value="2092630016"/>
  <attribute name="Output I" value="200"/>
  <attribute name="Output T" value="4"/>
  <attribute name="Target GC Util Change" value ="20.000000" />
  <attribute name="Current GC Util Change" value="2.000000"/>
  <attribute name="GC Util currently" value="2" />
  <attribute name="CPU Util currently" value="4" />
<allocation-satisfied id="47" threadId="0000000000A88700" bytesRequested="520" />
<af-end id="48" timestamp="2019-06-17T06:04:30.515" threadId="0000000000A89088" success="true" from="nursery"/>
<exclusive-end id="49" timestamp="2019-06-17T06:04:30.515" durationms="1.779" />

<exclusive-start id="50" timestamp="2019-06-17T06:04:30.568" intervalms="53.982">
  <response-info timems="0.032" idlems="0.032" threads="0" lastid="0000000000A88700" lastname="main" />
</exclusive-start>
<af-start id="51" threadId="0000000000A89088" totalBytesRequested="1032" timestamp="2019-06-17T06:04:30.568" intervalms="54.001" type="nursery" />
<cycle-start id="52" type="scavenge" contextid="0" timestamp="2019-06-17T06:04:30.568" intervalms="54.005" />
<gc-start id="53" type="scavenge" contextid="52" timestamp="2019-06-17T06:04:30.568">
  <mem-info id="54" free="5452704" total="8388608" percent="65">
    <mem type="nursery" free="0" total="2097152" percent="0">
      <mem type="allocate" free="0" total="1048576" percent="0" />
      <mem type="survivor" free="0" total="1048576" percent="0" />
    </mem>
    <mem type="tenure" free="5452704" total="6291456" percent="86">
      <mem type="soa" free="5138336" total="5977088" percent="85" />
      <mem type="loa" free="314368" total="314368" percent="100" />
    </mem>
    <remembered-set count="1464" />
  </mem-info>
</gc-start>
<allocation-stats totalBytes="756680" >
  <allocated-bytes non-tlh="156296" tlh="600384" />
  <largest-consumer threadName="main" threadId="0000000000A88700" bytes="756680" />
</allocation-stats>
<gc-op id="55" type="scavenge" timems="0.701" contextid="52" timestamp="2019-06-17T06:04:30.569">
  <scavenger-info tenureage="3" tenuremask="fff8" tiltratio="50" />
  <memory-copied type="nursery" objects="4947" bytes="273664" bytesdiscarded="106240" />
  <memory-copied type="tenure" objects="299" bytes="14984" bytesdiscarded="0" />
  <finalization candidates="15" enqueued="0" />
  <references type="soft" candidates="46" cleared="0" enqueued="0" dynamicThreshold="32" maxThreshold="32" />
  <references type="weak" candidates="415" cleared="174" enqueued="124" />
  <references type="phantom" candidates="12" cleared="3" enqueued="3" />
</gc-op>
<gc-end id="56" type="scavenge" contextid="52" durationms="0.896" usertimems="0.000" systemtimems="0.000" timestamp="2019-06-17T06:04:30.569" activeThreads="4">
  <mem-info id="57" free="6082040" total="8388608" percent="72">
    <mem type="nursery" free="668504" total="2097152" percent="31">
      <mem type="allocate" free="668504" total="1048576" percent="63" />
      <mem type="survivor" free="0" total="1048576" percent="0" />
    </mem>
    <mem type="tenure" free="5413536" total="6291456" percent="86">
      <mem type="soa" free="5099168" total="5977088" percent="85" />
      <mem type="loa" free="314368" total="314368" percent="100" />
    </mem>
    <pending-finalizers system="0" default="0" reference="127" classloader="0" />
    <remembered-set count="1414" />
  </mem-info>
</gc-end>
<cycle-end id="58" type="scavenge" contextid="52" timestamp="2019-06-17T06:04:30.569" />
  <attribute name="elasticGC enabled" value="1" />
  <attribute name= "numThreadsSpecified" value="4" />
  <attribute name="heapSize specified" value="0" />
  <attribute name="Current GC Util" value="3" />
  <attribute name= "Current Time Running" value="233" />
  <attribute name ="GC Interval" value="200" />
  <attribute name="ProportionalT" value="-17.000000" />
  <attribute name="ProportionalI" value="-17.000000" />
  <attribute name="ProportionalH" value="-17.000000" />
  <attribute name="Current Error" value="-17.000000" />
  <attribute name="IntegralT" value="-1293.000000" />
  <attribute name="IntegralI" value="-1293.000000" />
  <attribute name="IntegralH" value="-1293.000000" />
  <attribute name="DerivativeT" value="-0.314815" />
  <attribute name="DerivativeI" value="-0.314815" />
  <attribute name="DerivativeH" value="-0.314815" />
  <attribute name="Loop Time for DT" value="54.000000" />
  <attribute name="Output H" value="2092630016"/>
  <attribute name="Output I" value="200"/>
  <attribute name="Output T" value="4"/>
  <attribute name="Target GC Util Change" value ="20.000000" />
  <attribute name="Current GC Util Change" value="3.000000"/>
  <attribute name="GC Util currently" value="3" />
  <attribute name="CPU Util currently" value="22" />
<allocation-satisfied id="59" threadId="0000000000A88700" bytesRequested="1032" />
<af-end id="60" timestamp="2019-06-17T06:04:30.569" threadId="0000000000A89088" success="true" from="nursery"/>
<exclusive-end id="61" timestamp="2019-06-17T06:04:30.569" durationms="1.401" />

<exclusive-start id="62" timestamp="2019-06-17T06:04:30.636" intervalms="68.290">
  <response-info timems="0.020" idlems="0.020" threads="0" lastid="0000000000A88700" lastname="main" />
</exclusive-start>
<af-start id="63" threadId="0000000000A89088" totalBytesRequested="88" timestamp="2019-06-17T06:04:30.636" intervalms="68.316" type="nursery" />
<cycle-start id="64" type="scavenge" contextid="0" timestamp="2019-06-17T06:04:30.636" intervalms="68.315" />
<gc-start id="65" type="scavenge" contextid="64" timestamp="2019-06-17T06:04:30.636">
  <mem-info id="66" free="5350552" total="8388608" percent="63">
    <mem type="nursery" free="0" total="2097152" percent="0">
      <mem type="allocate" free="0" total="1048576" percent="0" />
      <mem type="survivor" free="0" total="1048576" percent="0" />
    </mem>
    <mem type="tenure" free="5350552" total="6291456" percent="85">
      <mem type="soa" free="5036184" total="5977088" percent="84" />
      <mem type="loa" free="314368" total="314368" percent="100" />
    </mem>
    <remembered-set count="2336" />
  </mem-info>
</gc-start>
<allocation-stats totalBytes="730016" >
  <allocated-bytes non-tlh="64016" tlh="666000" />
  <largest-consumer threadName="main" threadId="0000000000A88700" bytes="718184" />
</allocation-stats>
<gc-op id="67" type="scavenge" timems="0.806" contextid="64" timestamp="2019-06-17T06:04:30.637">
  <scavenger-info tenureage="3" tenuremask="7ff8" tiltratio="50" />
  <memory-copied type="nursery" objects="8726" bytes="437704" bytesdiscarded="54112" />
  <memory-copied type="tenure" objects="29" bytes="1768" bytesdiscarded="0" />
  <finalization candidates="112" enqueued="0" />
  <ownableSynchronizers candidates="3" cleared="0" />
  <references type="soft" candidates="65" cleared="0" enqueued="0" dynamicThreshold="32" maxThreshold="32" />
  <references type="weak" candidates="690" cleared="119" enqueued="75" />
  <references type="phantom" candidates="13" cleared="0" enqueued="0" />
</gc-op>
<gc-end id="68" type="scavenge" contextid="64" durationms="1.107" usertimems="0.000" systemtimems="0.000" timestamp="2019-06-17T06:04:30.637" activeThreads="4">
  <mem-info id="69" free="5867656" total="8388608" percent="69">
    <mem type="nursery" free="556272" total="2097152" percent="26">
      <mem type="allocate" free="556272" total="1048576" percent="53" />
      <mem type="survivor" free="0" total="1048576" percent="0" />
    </mem>
    <mem type="tenure" free="5311384" total="6291456" percent="84">
      <mem type="soa" free="4997016" total="5977088" percent="83" />
      <mem type="loa" free="314368" total="314368" percent="100" />
    </mem>
    <pending-finalizers system="0" default="0" reference="75" classloader="0" />
    <remembered-set count="2239" />
  </mem-info>
</gc-end>
<cycle-end id="70" type="scavenge" contextid="64" timestamp="2019-06-17T06:04:30.637" />
  <attribute name="elasticGC enabled" value="1" />
  <attribute name= "numThreadsSpecified" value="4" />
  <attribute name="heapSize specified" value="0" />
  <attribute name="Current GC Util" value="1" />
  <attribute name= "Current Time Running" value="301" />
  <attribute name ="GC Interval" value="200" />
  <attribute name="ProportionalT" value="-19.000000" />
  <attribute name="ProportionalI" value="-19.000000" />
  <attribute name="ProportionalH" value="-19.000000" />
  <attribute name="Current Error" value="-19.000000" />
  <attribute name="IntegralT" value="-2585.000000" />
  <attribute name="IntegralI" value="-2585.000000" />
  <attribute name="IntegralH" value="-2585.000000" />
  <attribute name="DerivativeT" value="-0.279412" />
  <attribute name="DerivativeI" value="-0.279412" />
  <attribute name="DerivativeH" value="-0.279412" />
  <attribute name="Loop Time for DT" value="68.000000" />
  <attribute name="Output H" value="2092630016"/>
  <attribute name="Output I" value="200"/>
  <attribute name="Output T" value="4"/>
  <attribute name="Target GC Util Change" value ="20.000000" />
  <attribute name="Current GC Util Change" value="1.000000"/>
  <attribute name="GC Util currently" value="1" />
  <attribute name="CPU Util currently" value="17" />
<allocation-satisfied id="71" threadId="0000000000A88700" bytesRequested="88" />
<af-end id="72" timestamp="2019-06-17T06:04:30.637" threadId="0000000000A89088" success="true" from="nursery"/>
<exclusive-end id="73" timestamp="2019-06-17T06:04:30.637" durationms="1.624" />

<exclusive-start id="74" timestamp="2019-06-17T06:04:30.679" intervalms="43.661">
  <response-info timems="0.065" idlems="0.065" threads="0" lastid="0000000000A88700" lastname="main" />
</exclusive-start>
<af-start id="75" threadId="0000000000A89088" totalBytesRequested="262152" timestamp="2019-06-17T06:04:30.680" intervalms="43.676" type="nursery" />
<cycle-start id="76" type="scavenge" contextid="0" timestamp="2019-06-17T06:04:30.680" intervalms="43.718" />
<gc-start id="77" type="scavenge" contextid="76" timestamp="2019-06-17T06:04:30.680">
  <mem-info id="78" free="5294352" total="8388608" percent="63">
    <mem type="nursery" free="0" total="2097152" percent="0">
      <mem type="allocate" free="0" total="1048576" percent="0" />
      <mem type="survivor" free="0" total="1048576" percent="0" />
    </mem>
    <mem type="tenure" free="5294352" total="6291456" percent="84">
      <mem type="soa" free="4979984" total="5977088" percent="83" />
      <mem type="loa" free="314368" total="314368" percent="100" />
    </mem>
    <remembered-set count="2459" />
  </mem-info>
</gc-start>
<allocation-stats totalBytes="571568" >
  <allocated-bytes non-tlh="213736" tlh="357832" />
  <largest-consumer threadName="main" threadId="0000000000A88700" bytes="563376" />
</allocation-stats>
<gc-op id="79" type="scavenge" timems="0.950" contextid="76" timestamp="2019-06-17T06:04:30.681">
  <scavenger-info tenureage="2" tenuremask="7ffc" tiltratio="50" />
  <memory-copied type="nursery" objects="4615" bytes="375112" bytesdiscarded="126000" />
  <memory-copied type="tenure" objects="4716" bytes="264304" bytesdiscarded="472" />
  <finalization candidates="113" enqueued="0" />
  <ownableSynchronizers candidates="3" cleared="0" />
  <references type="soft" candidates="23" cleared="0" enqueued="0" dynamicThreshold="32" maxThreshold="32" />
  <references type="weak" candidates="380" cleared="9" enqueued="5" />
  <references type="phantom" candidates="4" cleared="1" enqueued="1" />
</gc-op>
<gc-end id="80" type="scavenge" contextid="76" durationms="1.205" usertimems="0.000" systemtimems="4.000" timestamp="2019-06-17T06:04:30.681" activeThreads="4">
  <mem-info id="81" free="5671928" total="8388608" percent="67">
    <mem type="nursery" free="612600" total="2097152" percent="29">
      <mem type="allocate" free="612600" total="1114112" percent="54" />
      <mem type="survivor" free="0" total="983040" percent="0" />
    </mem>
    <mem type="tenure" free="5059328" total="6291456" percent="80">
      <mem type="soa" free="4744960" total="5977088" percent="79" />
      <mem type="loa" free="314368" total="314368" percent="100" />
    </mem>
    <pending-finalizers system="0" default="0" reference="6" classloader="0" />
    <remembered-set count="1262" />
  </mem-info>
</gc-end>
<cycle-end id="82" type="scavenge" contextid="76" timestamp="2019-06-17T06:04:30.681" />
  <attribute name="elasticGC enabled" value="1" />
  <attribute name= "numThreadsSpecified" value="4" />
  <attribute name="heapSize specified" value="0" />
  <attribute name="Current GC Util" value="3" />
  <attribute name= "Current Time Running" value="345" />
  <attribute name ="GC Interval" value="200" />
  <attribute name="ProportionalT" value="-17.000000" />
  <attribute name="ProportionalI" value="-17.000000" />
  <attribute name="ProportionalH" value="-17.000000" />
  <attribute name="Current Error" value="-17.000000" />
  <attribute name="IntegralT" value="-748.000000" />
  <attribute name="IntegralI" value="-748.000000" />
  <attribute name="IntegralH" value="-748.000000" />
  <attribute name="DerivativeT" value="-0.386364" />
  <attribute name="DerivativeI" value="-0.386364" />
  <attribute name="DerivativeH" value="-0.386364" />
  <attribute name="Loop Time for DT" value="44.000000" />
  <attribute name="Output H" value="2092630016"/>
  <attribute name="Output I" value="200"/>
  <attribute name="Output T" value="4"/>
  <attribute name="Target GC Util Change" value ="20.000000" />
  <attribute name="Current GC Util Change" value="3.000000"/>
  <attribute name="GC Util currently" value="3" />
  <attribute name="CPU Util currently" value="9" />
<allocation-satisfied id="83" threadId="0000000000A88700" bytesRequested="262152" />
<af-end id="84" timestamp="2019-06-17T06:04:30.681" threadId="0000000000A89088" success="true" from="nursery"/>
<exclusive-end id="85" timestamp="2019-06-17T06:04:30.681" durationms="1.783" />

<exclusive-start id="86" timestamp="2019-06-17T06:04:30.695" intervalms="15.357">
  <response-info timems="0.059" idlems="0.059" threads="0" lastid="0000000000A88700" lastname="main" />
</exclusive-start>
<af-start id="87" threadId="0000000000A89088" totalBytesRequested="16" timestamp="2019-06-17T06:04:30.695" intervalms="15.340" type="nursery" />
<cycle-start id="88" type="scavenge" contextid="0" timestamp="2019-06-17T06:04:30.695" intervalms="15.293" />
<gc-start id="89" type="scavenge" contextid="88" timestamp="2019-06-17T06:04:30.695">
  <mem-info id="90" free="5059328" total="8388608" percent="60">
    <mem type="nursery" free="0" total="2097152" percent="0">
      <mem type="allocate" free="0" total="1114112" percent="0" />
      <mem type="survivor" free="0" total="983040" percent="0" />
    </mem>
    <mem type="tenure" free="5059328" total="6291456" percent="80">
      <mem type="soa" free="4744960" total="5977088" percent="79" />
      <mem type="loa" free="314368" total="314368" percent="100" />
    </mem>
    <remembered-set count="1263" />
  </mem-info>
</gc-start>
<allocation-stats totalBytes="612600" >
  <allocated-bytes non-tlh="262152" tlh="350448" />
  <largest-consumer threadName="main" threadId="0000000000A88700" bytes="604408" />
</allocation-stats>
<gc-op id="91" type="scavenge" timems="0.790" contextid="88" timestamp="2019-06-17T06:04:30.696">
  <scavenger-info tenureage="1" tenuremask="7ffe" tiltratio="53" />
  <memory-copied type="nursery" objects="5" bytes="264232" bytesdiscarded="76256" />
  <memory-copied type="tenure" objects="4608" bytes="374968" bytesdiscarded="128" />
  <finalization candidates="98" enqueued="0" />
  <ownableSynchronizers candidates="3" cleared="0" />
</gc-op>
<gc-end id="92" type="scavenge" contextid="88" durationms="0.993" usertimems="4.000" systemtimems="0.000" timestamp="2019-06-17T06:04:30.696" activeThreads="4">
  <mem-info id="93" free="5571568" total="8388608" percent="66">
    <mem type="nursery" free="904696" total="2097152" percent="43">
      <mem type="allocate" free="904696" total="1245184" percent="72" />
      <mem type="survivor" free="0" total="851968" percent="0" />
    </mem>
    <mem type="tenure" free="4666872" total="6291456" percent="74">
      <mem type="soa" free="4352504" total="5977088" percent="72" />
      <mem type="loa" free="314368" total="314368" percent="100" />
    </mem>
    <remembered-set count="284" />
  </mem-info>
</gc-end>
<cycle-end id="94" type="scavenge" contextid="88" timestamp="2019-06-17T06:04:30.696" />
  <attribute name="elasticGC enabled" value="1" />
  <attribute name= "numThreadsSpecified" value="4" />
  <attribute name="heapSize specified" value="0" />
  <attribute name="Current GC Util" value="12" />
  <attribute name= "Current Time Running" value="360" />
  <attribute name ="GC Interval" value="200" />
  <attribute name="ProportionalT" value="-8.000000" />
  <attribute name="ProportionalI" value="-8.000000" />
  <attribute name="ProportionalH" value="-8.000000" />
  <attribute name="Current Error" value="-8.000000" />
  <attribute name="IntegralT" value="-120.000000" />
  <attribute name="IntegralI" value="-120.000000" />
  <attribute name="IntegralH" value="-120.000000" />
  <attribute name="DerivativeT" value="-0.533333" />
  <attribute name="DerivativeI" value="-0.533333" />
  <attribute name="DerivativeH" value="-0.533333" />
  <attribute name="Loop Time for DT" value="15.000000" />
  <attribute name="Output H" value="2092630016"/>
  <attribute name="Output I" value="200"/>
  <attribute name="Output T" value="4"/>
  <attribute name="Target GC Util Change" value ="20.000000" />
  <attribute name="Current GC Util Change" value="12.000000"/>
  <attribute name="GC Util currently" value="12" />
  <attribute name="CPU Util currently" value="8" />
<allocation-satisfied id="95" threadId="0000000000A88700" bytesRequested="16" />
<af-end id="96" timestamp="2019-06-17T06:04:30.696" threadId="0000000000A89088" success="true" from="nursery"/>
<exclusive-end id="97" timestamp="2019-06-17T06:04:30.696" durationms="1.510" />

<exclusive-start id="98" timestamp="2019-06-17T06:04:30.705" intervalms="9.996">
  <response-info timems="0.025" idlems="0.025" threads="0" lastid="0000000000A88700" lastname="main" />
</exclusive-start>
<af-start id="99" threadId="0000000000A89088" totalBytesRequested="262152" timestamp="2019-06-17T06:04:30.705" intervalms="9.992" type="nursery" />
<cycle-start id="100" type="scavenge" contextid="0" timestamp="2019-06-17T06:04:30.705" intervalms="10.032" />
<gc-start id="101" type="scavenge" contextid="100" timestamp="2019-06-17T06:04:30.705">
  <mem-info id="102" free="4793328" total="8388608" percent="57">
    <mem type="nursery" free="126456" total="2097152" percent="6">
      <mem type="allocate" free="126456" total="1245184" percent="10" />
      <mem type="survivor" free="0" total="851968" percent="0" />
    </mem>
    <mem type="tenure" free="4666872" total="6291456" percent="74">
      <mem type="soa" free="4352504" total="5977088" percent="72" />
      <mem type="loa" free="314368" total="314368" percent="100" />
    </mem>
    <remembered-set count="288" />
  </mem-info>
</gc-start>
<allocation-stats totalBytes="778240" >
  <allocated-bytes non-tlh="16" tlh="778224" />
  <largest-consumer threadName="main" threadId="0000000000A88700" bytes="778240" />
</allocation-stats>
<gc-op id="103" type="scavenge" timems="0.287" contextid="100" timestamp="2019-06-17T06:04:30.706">
  <scavenger-info tenureage="1" tenuremask="7ffe" tiltratio="59" />
  <memory-copied type="nursery" objects="9" bytes="240" bytesdiscarded="78096" />
  <memory-copied type="tenure" objects="5" bytes="264232" bytesdiscarded="0" />
  <references type="weak" candidates="2" cleared="2" enqueued="2" />
</gc-op>
<gc-end id="104" type="scavenge" contextid="100" durationms="0.602" usertimems="0.000" systemtimems="0.000" timestamp="2019-06-17T06:04:30.706" activeThreads="4">
  <mem-info id="105" free="5637104" total="8388608" percent="67">
    <mem type="nursery" free="1232384" total="2097152" percent="58">
      <mem type="allocate" free="1232384" total="1310720" percent="94" />
      <mem type="survivor" free="0" total="786432" percent="0" />
    </mem>
    <mem type="tenure" free="4404720" total="6291456" percent="70">
      <mem type="soa" free="4090352" total="5977088" percent="68" />
      <mem type="loa" free="314368" total="314368" percent="100" />
    </mem>
    <pending-finalizers system="0" default="0" reference="2" classloader="0" />
    <remembered-set count="71" />
  </mem-info>
</gc-end>
<cycle-end id="106" type="scavenge" contextid="100" timestamp="2019-06-17T06:04:30.706" />
  <attribute name="elasticGC enabled" value="1" />
  <attribute name= "numThreadsSpecified" value="4" />
  <attribute name="heapSize specified" value="0" />
  <attribute name="Current GC Util" value="12" />
  <attribute name= "Current Time Running" value="370" />
  <attribute name ="GC Interval" value="200" />
  <attribute name="ProportionalT" value="-8.000000" />
  <attribute name="ProportionalI" value="-8.000000" />
  <attribute name="ProportionalH" value="-8.000000" />
  <attribute name="Current Error" value="-8.000000" />
  <attribute name="IntegralT" value="-80.000000" />
  <attribute name="IntegralI" value="-80.000000" />
  <attribute name="IntegralH" value="-80.000000" />
  <attribute name="DerivativeT" value="-0.800000" />
  <attribute name="DerivativeI" value="-0.800000" />
  <attribute name="DerivativeH" value="-0.800000" />
  <attribute name="Loop Time for DT" value="10.000000" />
  <attribute name="Output H" value="2092630016"/>
  <attribute name="Output I" value="200"/>
  <attribute name="Output T" value="4"/>
  <attribute name="Target GC Util Change" value ="20.000000" />
  <attribute name="Current GC Util Change" value="12.000000"/>
  <attribute name="GC Util currently" value="12" />
  <attribute name="CPU Util currently" value="453492426226" />
<allocation-satisfied id="107" threadId="0000000000A88700" bytesRequested="262152" />
<af-end id="108" timestamp="2019-06-17T06:04:30.706" threadId="0000000000A89088" success="true" from="nursery"/>
<exclusive-end id="109" timestamp="2019-06-17T06:04:30.706" durationms="1.203" />

<exclusive-start id="110" timestamp="2019-06-17T06:04:30.706" intervalms="1.363">
  <response-info timems="0.023" idlems="0.023" threads="0" lastid="0000000000A88700" lastname="main" />
</exclusive-start>
<sys-start reason="explicit" id="111" timestamp="2019-06-17T06:04:30.706" intervalms="483.135" />
<cycle-start id="112" type="global" contextid="0" timestamp="2019-06-17T06:04:30.706" intervalms="483.353" />
<gc-start id="113" type="global" contextid="112" timestamp="2019-06-17T06:04:30.707">
  <mem-info id="114" free="5374952" total="8388608" percent="64">
    <mem type="nursery" free="970232" total="2097152" percent="46">
      <mem type="allocate" free="970232" total="1310720" percent="74" />
      <mem type="survivor" free="0" total="786432" percent="0" />
    </mem>
    <mem type="tenure" free="4404720" total="6291456" percent="70">
      <mem type="soa" free="4090352" total="5977088" percent="68" />
      <mem type="loa" free="314368" total="314368" percent="100" />
    </mem>
    <remembered-set count="71" />
  </mem-info>
</gc-start>
<allocation-stats totalBytes="262152" >
  <allocated-bytes non-tlh="262152" tlh="0" />
  <largest-consumer threadName="main" threadId="0000000000A88700" bytes="262152" />
</allocation-stats>
<gc-op id="115" type="mark" timems="1.602" contextid="112" timestamp="2019-06-17T06:04:30.708">
  <trace-info objectcount="29273" scancount="23465" scanbytes="763836" />
  <finalization candidates="124" enqueued="0" />
  <ownableSynchronizers candidates="3" cleared="0" />
  <references type="soft" candidates="131" cleared="0" enqueued="0" dynamicThreshold="32" maxThreshold="32" />
  <references type="weak" candidates="732" cleared="54" enqueued="27" />
  <references type="phantom" candidates="37" cleared="0" enqueued="0" />
  <stringconstants candidates="3958" cleared="0"  />
</gc-op>
<gc-op id="116" type="classunload" timems="0.060" contextid="112" timestamp="2019-06-17T06:04:30.708">
  <classunload-info classloadercandidates="7" classloadersunloaded="0" classesunloaded="0" anonymousclassesunloaded="0" quiescems="0.000" setupms="0.060" scanms="0.000" postms="0.000" />
</gc-op>
<gc-op id="117" type="sweep" timems="0.442" contextid="112" timestamp="2019-06-17T06:04:30.709" />
<mem-info id="118" free="5757720" total="8388608" percent="68">
  <mem type="nursery" free="1048448" total="2097152" percent="49">
    <mem type="allocate" free="1048448" total="1310720" percent="79" />
    <mem type="survivor" free="0" total="786432" percent="0" />
  </mem>
  <mem type="tenure" free="4709272" total="6291456" percent="74" micro-fragmented="9806" macro-fragmented="0">
    <mem type="soa" free="4394904" total="5977088" percent="73" />
    <mem type="loa" free="314368" total="314368" percent="100" />
  </mem>
  <pending-finalizers system="0" default="0" reference="27" classloader="0" />
  <remembered-set count="68" />
</mem-info>
<gc-op id="119" type="compact" timems="5.943" contextid="112" timestamp="2019-06-17T06:04:30.715">
  <compact-info movecount="24850" movebytes="1649752" reason="compact to aid heap contraction" />
</gc-op>
<gc-end id="120" type="global" contextid="112" durationms="9.100" usertimems="12.000" systemtimems="0.000" timestamp="2019-06-17T06:04:30.716" activeThreads="4">
  <mem-info id="121" free="5768616" total="8388608" percent="68">
    <mem type="nursery" free="1048528" total="2097152" percent="49">
      <mem type="allocate" free="1048528" total="1310720" percent="79" />
      <mem type="survivor" free="0" total="786432" percent="0" />
    </mem>
    <mem type="tenure" free="4720088" total="6291456" percent="75">
      <mem type="soa" free="4405720" total="5977088" percent="73" />
      <mem type="loa" free="314368" total="314368" percent="100" />
    </mem>
    <pending-finalizers system="0" default="0" reference="27" classloader="0" />
    <remembered-set count="68" />
  </mem-info>
</gc-end>
<cycle-end id="122" type="global" contextid="112" timestamp="2019-06-17T06:04:30.716" />
  <attribute name="elasticGC enabled" value="1" />
  <attribute name= "numThreadsSpecified" value="4" />
  <attribute name="heapSize specified" value="8388608" />
  <attribute name="Current GC Util" value="26" />
  <attribute name= "Current Time Running" value="380" />
  <attribute name ="GC Interval" value="200" />
  <attribute name="ProportionalT" value="6.000000" />
  <attribute name="ProportionalI" value="6.000000" />
  <attribute name="ProportionalH" value="6.000000" />
  <attribute name="Current Error" value="6.000000" />
  <attribute name="IntegralT" value="36.000000" />
  <attribute name="IntegralI" value="36.000000" />
  <attribute name="IntegralH" value="36.000000" />
  <attribute name="DerivativeT" value="0.833333" />
  <attribute name="DerivativeI" value="0.833333" />
  <attribute name="DerivativeH" value="0.833333" />
  <attribute name="Loop Time for DT" value="6.000000" />
  <attribute name="Output H" value="8388608"/>
  <attribute name="Output I" value="200"/>
  <attribute name="Output T" value="4"/>
  <attribute name="Target GC Util Change" value ="20.000000" />
  <attribute name="Current GC Util Change" value="26.000000"/>
  <attribute name="GC Util currently" value="26" />
  <attribute name="CPU Util currently" value="764273264139" />
<sys-end id="123" timestamp="2019-06-17T06:04:30.716" />
<exclusive-end id="124" timestamp="2019-06-17T06:04:30.716" durationms="9.744" />

<exclusive-start id="125" timestamp="2019-06-17T06:04:30.754" intervalms="47.537">
  <response-info timems="0.048" idlems="0.048" threads="0" lastid="0000000000A88700" lastname="main" />
</exclusive-start>
<af-start id="126" threadId="0000000000A89088" totalBytesRequested="16" timestamp="2019-06-17T06:04:30.754" intervalms="48.937" type="nursery" />
<cycle-start id="127" type="scavenge" contextid="0" timestamp="2019-06-17T06:04:30.754" intervalms="48.929" />
<gc-start id="128" type="scavenge" contextid="127" timestamp="2019-06-17T06:04:30.754">
  <mem-info id="129" free="4701856" total="8388608" percent="56">
    <mem type="nursery" free="0" total="2097152" percent="0">
      <mem type="allocate" free="0" total="1310720" percent="0" />
      <mem type="survivor" free="0" total="786432" percent="0" />
    </mem>
    <mem type="tenure" free="4701856" total="6291456" percent="74">
      <mem type="soa" free="4387488" total="5977088" percent="73" />
      <mem type="loa" free="314368" total="314368" percent="100" />
    </mem>
    <remembered-set count="400" />
  </mem-info>
</gc-start>
<allocation-stats totalBytes="1066064" >
  <allocated-bytes non-tlh="142048" tlh="924016" />
  <largest-consumer threadName="main" threadId="0000000000A88700" bytes="1061968" />
</allocation-stats>
<gc-op id="130" type="scavenge" timems="0.550" contextid="127" timestamp="2019-06-17T06:04:30.755">
  <scavenger-info tenureage="2" tenuremask="7ffc" tiltratio="62" />
  <memory-copied type="nursery" objects="7954" bytes="705016" bytesdiscarded="22056" />
  <ownableSynchronizers candidates="6" cleared="6" />
  <references type="soft" candidates="12" cleared="0" enqueued="0" dynamicThreshold="24" maxThreshold="32" />
  <references type="weak" candidates="24" cleared="11" enqueued="9" />
  <references type="phantom" candidates="2" cleared="0" enqueued="0" />
</gc-op>
<gc-end id="131" type="scavenge" contextid="127" durationms="0.751" usertimems="0.000" systemtimems="0.000" timestamp="2019-06-17T06:04:30.755" activeThreads="4">
  <mem-info id="132" free="5023288" total="8388608" percent="59">
    <mem type="nursery" free="321432" total="2097152" percent="15">
      <mem type="allocate" free="321432" total="1048576" percent="30" />
      <mem type="survivor" free="0" total="1048576" percent="0" />
    </mem>
    <mem type="tenure" free="4701856" total="6291456" percent="74">
      <mem type="soa" free="4387488" total="5977088" percent="73" />
      <mem type="loa" free="314368" total="314368" percent="100" />
    </mem>
    <pending-finalizers system="0" default="0" reference="9" classloader="0" />
    <remembered-set count="391" />
  </mem-info>
</gc-end>
<cycle-end id="133" type="scavenge" contextid="127" timestamp="2019-06-17T06:04:30.755" />
  <attribute name="elasticGC enabled" value="1" />
  <attribute name= "numThreadsSpecified" value="4" />
  <attribute name="heapSize specified" value="8388608" />
  <attribute name="Current GC Util" value="19" />
  <attribute name= "Current Time Running" value="419" />
  <attribute name ="GC Interval" value="200" />
  <attribute name="ProportionalT" value="-1.000000" />
  <attribute name="ProportionalI" value="-1.000000" />
  <attribute name="ProportionalH" value="-1.000000" />
  <attribute name="Current Error" value="-1.000000" />
  <attribute name="IntegralT" value="-39.000000" />
  <attribute name="IntegralI" value="-39.000000" />
  <attribute name="IntegralH" value="-39.000000" />
  <attribute name="DerivativeT" value="-0.179487" />
  <attribute name="DerivativeI" value="-0.179487" />
  <attribute name="DerivativeH" value="-0.179487" />
  <attribute name="Loop Time for DT" value="39.000000" />
  <attribute name="Output H" value="2092630016"/>
  <attribute name="Output I" value="200"/>
  <attribute name="Output T" value="4"/>
  <attribute name="Target GC Util Change" value ="20.000000" />
  <attribute name="Current GC Util Change" value="19.000000"/>
  <attribute name="GC Util currently" value="19" />
  <attribute name="CPU Util currently" value="1" />
<allocation-satisfied id="134" threadId="0000000000A88700" bytesRequested="16" />
<af-end id="135" timestamp="2019-06-17T06:04:30.755" threadId="0000000000A89088" success="true" from="nursery"/>
<exclusive-end id="136" timestamp="2019-06-17T06:04:30.755" durationms="1.328" />

<exclusive-start id="137" timestamp="2019-06-17T06:04:30.768" intervalms="14.349">
  <response-info timems="0.028" idlems="0.028" threads="0" lastid="0000000000A88700" lastname="main" />
</exclusive-start>
<af-start id="138" threadId="0000000000A89088" totalBytesRequested="130008" timestamp="2019-06-17T06:04:30.768" intervalms="14.273" type="nursery" />
<cycle-start id="139" type="scavenge" contextid="0" timestamp="2019-06-17T06:04:30.768" intervalms="14.237" />
<gc-start id="140" type="scavenge" contextid="139" timestamp="2019-06-17T06:04:30.768">
  <mem-info id="141" free="4704072" total="8388608" percent="56">
    <mem type="nursery" free="9056" total="2097152" percent="0">
      <mem type="allocate" free="9056" total="1048576" percent="0" />
      <mem type="survivor" free="0" total="1048576" percent="0" />
    </mem>
    <mem type="tenure" free="4695016" total="6291456" percent="74">
      <mem type="soa" free="4380648" total="5977088" percent="73" />
      <mem type="loa" free="314368" total="314368" percent="100" />
    </mem>
    <remembered-set count="497" />
  </mem-info>
</gc-start>
<allocation-stats totalBytes="319120" >
  <allocated-bytes non-tlh="61168" tlh="257952" />
  <largest-consumer threadName="main" threadId="0000000000A88700" bytes="315024" />
</allocation-stats>
<gc-op id="142" type="scavenge" timems="0.713" contextid="139" timestamp="2019-06-17T06:04:30.769">
  <scavenger-info tenureage="1" tenuremask="7ffe" tiltratio="50" />
  <memory-copied type="nursery" objects="3598" bytes="200448" bytesdiscarded="94192" />
  <memory-copied type="tenure" objects="7922" bytes="695272" bytesdiscarded="64" />
</gc-op>
<gc-end id="143" type="scavenge" contextid="139" durationms="0.899" usertimems="0.000" systemtimems="0.000" timestamp="2019-06-17T06:04:30.769" activeThreads="4">
  <mem-info id="144" free="4682584" total="8388608" percent="55">
    <mem type="nursery" free="753880" total="2097152" percent="35">
      <mem type="allocate" free="753880" total="1048576" percent="71" />
      <mem type="survivor" free="0" total="1048576" percent="0" />
    </mem>
    <mem type="tenure" free="3928704" total="6291456" percent="62">
      <mem type="soa" free="3614336" total="5977088" percent="60" />
      <mem type="loa" free="314368" total="314368" percent="100" />
    </mem>
    <remembered-set count="506" />
  </mem-info>
</gc-end>
<cycle-end id="145" type="scavenge" contextid="139" timestamp="2019-06-17T06:04:30.769" />
  <attribute name="elasticGC enabled" value="1" />
  <attribute name= "numThreadsSpecified" value="4" />
  <attribute name="heapSize specified" value="8388608" />
  <attribute name="Current GC Util" value="7" />
  <attribute name= "Current Time Running" value="433" />
  <attribute name ="GC Interval" value="200" />
  <attribute name="ProportionalT" value="-13.000000" />
  <attribute name="ProportionalI" value="-13.000000" />
  <attribute name="ProportionalH" value="-13.000000" />
  <attribute name="Current Error" value="-13.000000" />
  <attribute name="IntegralT" value="-182.000000" />
  <attribute name="IntegralI" value="-182.000000" />
  <attribute name="IntegralH" value="-182.000000" />
  <attribute name="DerivativeT" value="-0.928571" />
  <attribute name="DerivativeI" value="-0.928571" />
  <attribute name="DerivativeH" value="-0.928571" />
  <attribute name="Loop Time for DT" value="14.000000" />
  <attribute name="Output H" value="2092630016"/>
  <attribute name="Output I" value="200"/>
  <attribute name="Output T" value="4"/>
  <attribute name="Target GC Util Change" value ="20.000000" />
  <attribute name="Current GC Util Change" value="7.000000"/>
  <attribute name="GC Util currently" value="7" />
  <attribute name="CPU Util currently" value="324546934723" />
<allocation-satisfied id="146" threadId="0000000000A88700" bytesRequested="130008" />
<af-end id="147" timestamp="2019-06-17T06:04:30.769" threadId="0000000000A89088" success="true" from="nursery"/>
<exclusive-end id="148" timestamp="2019-06-17T06:04:30.769" durationms="1.339" />

<exclusive-start id="149" timestamp="2019-06-17T06:04:30.827" intervalms="58.548">
  <response-info timems="0.063" idlems="0.063" threads="0" lastid="0000000000A88700" lastname="main" />
</exclusive-start>
<af-start id="150" threadId="0000000000A89088" totalBytesRequested="10528" timestamp="2019-06-17T06:04:30.827" intervalms="58.630" type="nursery" />
<cycle-start id="151" type="scavenge" contextid="0" timestamp="2019-06-17T06:04:30.827" intervalms="58.665" />
<gc-start id="152" type="scavenge" contextid="151" timestamp="2019-06-17T06:04:30.827">
  <mem-info id="153" free="3912568" total="8388608" percent="46">
    <mem type="nursery" free="0" total="2097152" percent="0">
      <mem type="allocate" free="0" total="1048576" percent="0" />
      <mem type="survivor" free="0" total="1048576" percent="0" />
    </mem>
    <mem type="tenure" free="3912568" total="6291456" percent="62">
      <mem type="soa" free="3598200" total="5977088" percent="60" />
      <mem type="loa" free="314368" total="314368" percent="100" />
    </mem>
    <remembered-set count="735" />
  </mem-info>
</gc-start>
<allocation-stats totalBytes="751640" >
  <allocated-bytes non-tlh="199168" tlh="552472" />
  <largest-consumer threadName="main" threadId="0000000000A88700" bytes="751640" />
</allocation-stats>
<gc-op id="154" type="scavenge" timems="0.525" contextid="151" timestamp="2019-06-17T06:04:30.828">
  <scavenger-info tenureage="1" tenuremask="7ffe" tiltratio="50" />
  <memory-copied type="nursery" objects="1601" bytes="106584" bytesdiscarded="37416" />
  <memory-copied type="tenure" objects="3577" bytes="141032" bytesdiscarded="56" />
  <references type="soft" candidates="1" cleared="0" enqueued="0" dynamicThreshold="24" maxThreshold="32" />
  <references type="weak" candidates="12" cleared="10" enqueued="10" />
</gc-op>
<gc-end id="155" type="scavenge" contextid="151" durationms="0.721" usertimems="0.000" systemtimems="0.000" timestamp="2019-06-17T06:04:30.828" activeThreads="4">
  <mem-info id="156" free="4660456" total="8388608" percent="55">
    <mem type="nursery" free="904560" total="2097152" percent="43">
      <mem type="allocate" free="904560" total="1048576" percent="86" />
      <mem type="survivor" free="0" total="1048576" percent="0" />
    </mem>
    <mem type="tenure" free="3755896" total="6291456" percent="59">
      <mem type="soa" free="3441528" total="5977088" percent="57" />
      <mem type="loa" free="314368" total="314368" percent="100" />
    </mem>
    <pending-finalizers system="0" default="0" reference="10" classloader="0" />
    <remembered-set count="413" />
  </mem-info>
</gc-end>
<cycle-end id="157" type="scavenge" contextid="151" timestamp="2019-06-17T06:04:30.828" />
  <attribute name="elasticGC enabled" value="1" />
  <attribute name= "numThreadsSpecified" value="4" />
  <attribute name="heapSize specified" value="8388608" />
  <attribute name="Current GC Util" value="2" />
  <attribute name= "Current Time Running" value="492" />
  <attribute name ="GC Interval" value="200" />
  <attribute name="ProportionalT" value="-18.000000" />
  <attribute name="ProportionalI" value="-18.000000" />
  <attribute name="ProportionalH" value="-18.000000" />
  <attribute name="Current Error" value="-18.000000" />
  <attribute name="IntegralT" value="-1062.000000" />
  <attribute name="IntegralI" value="-1062.000000" />
  <attribute name="IntegralH" value="-1062.000000" />
  <attribute name="DerivativeT" value="-0.305085" />
  <attribute name="DerivativeI" value="-0.305085" />
  <attribute name="DerivativeH" value="-0.305085" />
  <attribute name="Loop Time for DT" value="59.000000" />
  <attribute name="Output H" value="2092630016"/>
  <attribute name="Output I" value="200"/>
  <attribute name="Output T" value="4"/>
  <attribute name="Target GC Util Change" value ="20.000000" />
  <attribute name="Current GC Util Change" value="2.000000"/>
  <attribute name="GC Util currently" value="2" />
  <attribute name="CPU Util currently" value="17" />
<allocation-satisfied id="158" threadId="0000000000A88700" bytesRequested="10528" />
<af-end id="159" timestamp="2019-06-17T06:04:30.828" threadId="0000000000A89088" success="true" from="nursery"/>
<exclusive-end id="160" timestamp="2019-06-17T06:04:30.828" durationms="1.287" />

<exclusive-start id="161" timestamp="2019-06-17T06:04:30.852" intervalms="25.067">
  <response-info timems="0.023" idlems="0.023" threads="0" lastid="0000000000A88700" lastname="main" />
</exclusive-start>
<af-start id="162" threadId="0000000000A89088" totalBytesRequested="3176" timestamp="2019-06-17T06:04:30.852" intervalms="24.992" type="nursery" />
<cycle-start id="163" type="scavenge" contextid="0" timestamp="2019-06-17T06:04:30.852" intervalms="24.961" />
<gc-start id="164" type="scavenge" contextid="163" timestamp="2019-06-17T06:04:30.852">
  <mem-info id="165" free="3737560" total="8388608" percent="44">
    <mem type="nursery" free="0" total="2097152" percent="0">
      <mem type="allocate" free="0" total="1048576" percent="0" />
      <mem type="survivor" free="0" total="1048576" percent="0" />
    </mem>
    <mem type="tenure" free="3737560" total="6291456" percent="59">
      <mem type="soa" free="3423192" total="5977088" percent="57" />
      <mem type="loa" free="314368" total="314368" percent="100" />
    </mem>
    <remembered-set count="686" />
  </mem-info>
</gc-start>
<allocation-stats totalBytes="872632" >
  <allocated-bytes non-tlh="28864" tlh="843768" />
  <largest-consumer threadName="main" threadId="0000000000A88700" bytes="872632" />
</allocation-stats>
<gc-op id="166" type="scavenge" timems="0.470" contextid="163" timestamp="2019-06-17T06:04:30.852">
  <scavenger-info tenureage="1" tenuremask="7ffe" tiltratio="50" />
  <memory-copied type="nursery" objects="1161" bytes="63312" bytesdiscarded="54144" />
  <memory-copied type="tenure" objects="1539" bytes="103992" bytesdiscarded="24" />
  <references type="soft" candidates="4" cleared="0" enqueued="0" dynamicThreshold="24" maxThreshold="32" />
  <references type="weak" candidates="13" cleared="10" enqueued="10" />
  <references type="phantom" candidates="1" cleared="0" enqueued="0" />
</gc-op>
<gc-end id="167" type="scavenge" contextid="163" durationms="0.667" usertimems="0.000" systemtimems="0.000" timestamp="2019-06-17T06:04:30.853" activeThreads="4">
  <mem-info id="168" free="4706600" total="8388608" percent="56">
    <mem type="nursery" free="1062144" total="2097152" percent="50">
      <mem type="allocate" free="1062144" total="1179648" percent="90" />
      <mem type="survivor" free="0" total="917504" percent="0" />
    </mem>
    <mem type="tenure" free="3644456" total="6291456" percent="57">
      <mem type="soa" free="3330088" total="5977088" percent="55" />
      <mem type="loa" free="314368" total="314368" percent="100" />
    </mem>
    <pending-finalizers system="0" default="0" reference="10" classloader="0" />
    <remembered-set count="519" />
  </mem-info>
</gc-end>
<cycle-end id="169" type="scavenge" contextid="163" timestamp="2019-06-17T06:04:30.853" />
  <attribute name="elasticGC enabled" value="1" />
  <attribute name= "numThreadsSpecified" value="4" />
  <attribute name="heapSize specified" value="8388608" />
  <attribute name="Current GC Util" value="3" />
  <attribute name= "Current Time Running" value="517" />
  <attribute name ="GC Interval" value="200" />
  <attribute name="ProportionalT" value="-17.000000" />
  <attribute name="ProportionalI" value="-17.000000" />
  <attribute name="ProportionalH" value="-17.000000" />
  <attribute name="Current Error" value="-17.000000" />
  <attribute name="IntegralT" value="-425.000000" />
  <attribute name="IntegralI" value="-425.000000" />
  <attribute name="IntegralH" value="-425.000000" />
  <attribute name="DerivativeT" value="-0.680000" />
  <attribute name="DerivativeI" value="-0.680000" />
  <attribute name="DerivativeH" value="-0.680000" />
  <attribute name="Loop Time for DT" value="25.000000" />
  <attribute name="Output H" value="2092630016"/>
  <attribute name="Output I" value="200"/>
  <attribute name="Output T" value="4"/>
  <attribute name="Target GC Util Change" value ="20.000000" />
  <attribute name="Current GC Util Change" value="3.000000"/>
  <attribute name="GC Util currently" value="3" />
  <attribute name="CPU Util currently" value="184820055203" />
<allocation-satisfied id="170" threadId="0000000000A88700" bytesRequested="3176" />
<af-end id="171" timestamp="2019-06-17T06:04:30.853" threadId="0000000000A89088" success="true" from="nursery"/>
<exclusive-end id="172" timestamp="2019-06-17T06:04:30.853" durationms="1.119" />

<exclusive-start id="173" timestamp="2019-06-17T06:04:30.865" intervalms="12.891">
  <response-info timems="0.069" idlems="0.069" threads="0" lastid="0000000000DD9D00" lastname="Thread-3" />
</exclusive-start>
<af-start id="174" threadId="0000000000DDA688" totalBytesRequested="2424" timestamp="2019-06-17T06:04:30.865" intervalms="12.925" type="nursery" />
<cycle-start id="175" type="scavenge" contextid="0" timestamp="2019-06-17T06:04:30.865" intervalms="12.968" />
<gc-start id="176" type="scavenge" contextid="175" timestamp="2019-06-17T06:04:30.865">
  <mem-info id="177" free="3643464" total="8388608" percent="43">
    <mem type="nursery" free="0" total="2097152" percent="0">
      <mem type="allocate" free="0" total="1179648" percent="0" />
      <mem type="survivor" free="0" total="917504" percent="0" />
    </mem>
    <mem type="tenure" free="3643464" total="6291456" percent="57">
      <mem type="soa" free="3329096" total="5977088" percent="55" />
      <mem type="loa" free="314368" total="314368" percent="100" />
    </mem>
    <remembered-set count="533" />
  </mem-info>
</gc-start>
<allocation-stats totalBytes="1053880" >
  <allocated-bytes non-tlh="221288" tlh="832592" />
  <largest-consumer threadName="Thread-3" threadId="0000000000DD9D00" bytes="822064" />
</allocation-stats>
<gc-op id="178" type="scavenge" timems="2.474" contextid="175" timestamp="2019-06-17T06:04:30.868">
  <scavenger-info tenureage="2" tenuremask="7ffc" tiltratio="56" />
  <memory-copied type="nursery" objects="2232" bytes="915488" bytesdiscarded="1440" />
  <memory-copied type="tenure" objects="47" bytes="109320" bytesdiscarded="0" />
  <copy-failed type="nursery" objects="47" bytes="109320" />
  <references type="soft" candidates="4" cleared="0" enqueued="0" dynamicThreshold="24" maxThreshold="32" />
  <references type="weak" candidates="2" cleared="0" enqueued="0" />
</gc-op>
<heap-resize id="179" type="expand" space="nursery" amount="262144" count="1" timems="0.066" reason="excessive time being spent scavenging" timestamp="2019-06-17T06:04:30.868" />
<gc-end id="180" type="scavenge" contextid="175" durationms="3.064" usertimems="0.000" systemtimems="4.000" timestamp="2019-06-17T06:04:30.868" activeThreads="4">
  <mem-info id="181" free="3796288" total="8650752" percent="43">
    <mem type="nursery" free="262144" total="2359296" percent="11">
      <mem type="allocate" free="262144" total="1179648" percent="22" />
      <mem type="survivor" free="0" total="1179648" percent="0" />
    </mem>
    <mem type="tenure" free="3534144" total="6291456" percent="56">
      <mem type="soa" free="3219776" total="5977088" percent="53" />
      <mem type="loa" free="314368" total="314368" percent="100" />
    </mem>
    <remembered-set count="348" />
  </mem-info>
</gc-end>
<cycle-end id="182" type="scavenge" contextid="175" timestamp="2019-06-17T06:04:30.868" />
  <attribute name="elasticGC enabled" value="1" />
  <attribute name= "numThreadsSpecified" value="4" />
  <attribute name="heapSize specified" value="8388608" />
  <attribute name="Current GC Util" value="6" />
  <attribute name= "Current Time Running" value="530" />
  <attribute name ="GC Interval" value="200" />
  <attribute name="ProportionalT" value="-14.000000" />
  <attribute name="ProportionalI" value="-14.000000" />
  <attribute name="ProportionalH" value="-14.000000" />
  <attribute name="Current Error" value="-14.000000" />
  <attribute name="IntegralT" value="-182.000000" />
  <attribute name="IntegralI" value="-182.000000" />
  <attribute name="IntegralH" value="-182.000000" />
  <attribute name="DerivativeT" value="-1.076923" />
  <attribute name="DerivativeI" value="-1.076923" />
  <attribute name="DerivativeH" value="-1.076923" />
  <attribute name="Loop Time for DT" value="13.000000" />
  <attribute name="Output H" value="2092630016"/>
  <attribute name="Output I" value="200"/>
  <attribute name="Output T" value="4"/>
  <attribute name="Target GC Util Change" value ="20.000000" />
  <attribute name="Current GC Util Change" value="6.000000"/>
  <attribute name="GC Util currently" value="6" />
  <attribute name="CPU Util currently" value="351973960215" />
<allocation-satisfied id="183" threadId="0000000000DD9D00" bytesRequested="2424" />
<af-end id="184" timestamp="2019-06-17T06:04:30.868" threadId="0000000000DDA688" success="true" from="nursery"/>
<exclusive-end id="185" timestamp="2019-06-17T06:04:30.868" durationms="3.779" />

<exclusive-start id="186" timestamp="2019-06-17T06:04:30.871" intervalms="6.469">
  <response-info timems="0.024" idlems="0.024" threads="0" lastid="0000000000DD9D00" lastname="Thread-3" />
</exclusive-start>
<af-start id="187" threadId="0000000000DDA688" totalBytesRequested="2816" timestamp="2019-06-17T06:04:30.871" intervalms="6.415" type="nursery" />
<cycle-start id="188" type="scavenge" contextid="0" timestamp="2019-06-17T06:04:30.871" intervalms="6.370" />
<gc-start id="189" type="scavenge" contextid="188" timestamp="2019-06-17T06:04:30.871">
  <mem-info id="190" free="3534144" total="8650752" percent="40">
    <mem type="nursery" free="0" total="2359296" percent="0">
      <mem type="allocate" free="0" total="1179648" percent="0" />
      <mem type="survivor" free="0" total="1179648" percent="0" />
    </mem>
    <mem type="tenure" free="3534144" total="6291456" percent="56">
      <mem type="soa" free="3219776" total="5977088" percent="53" />
      <mem type="loa" free="314368" total="314368" percent="100" />
    </mem>
    <remembered-set count="348" />
  </mem-info>
</gc-start>
<allocation-stats totalBytes="256368" >
  <allocated-bytes non-tlh="2424" tlh="253944" />
  <largest-consumer threadName="Thread-3" threadId="0000000000DD9D00" bytes="256368" />
</allocation-stats>
<gc-op id="191" type="scavenge" timems="2.286" contextid="188" timestamp="2019-06-17T06:04:30.874">
  <scavenger-info tenureage="1" tenuremask="fffe" tiltratio="50" />
  <memory-copied type="nursery" objects="98" bytes="256368" bytesdiscarded="0" />
  <memory-copied type="tenure" objects="2232" bytes="915488" bytesdiscarded="1440" />
</gc-op>
<heap-resize id="192" type="expand" space="nursery" amount="393216" count="1" timems="0.088" reason="excessive time being spent scavenging" timestamp="2019-06-17T06:04:30.874" />
<gc-end id="193" type="scavenge" contextid="188" durationms="2.829" usertimems="4.000" systemtimems="0.000" timestamp="2019-06-17T06:04:30.874" activeThreads="4">
  <mem-info id="194" free="3737032" total="9043968" percent="41">
    <mem type="nursery" free="1119888" total="2752512" percent="40">
      <mem type="allocate" free="1119888" total="1376256" percent="81" />
      <mem type="survivor" free="0" total="1376256" percent="0" />
    </mem>
    <mem type="tenure" free="2617144" total="6291456" percent="41">
      <mem type="soa" free="2302776" total="5977088" percent="38" />
      <mem type="loa" free="314368" total="314368" percent="100" />
    </mem>
    <remembered-set count="101" />
  </mem-info>
</gc-end>
<cycle-end id="195" type="scavenge" contextid="188" timestamp="2019-06-17T06:04:30.874" />
  <attribute name="elasticGC enabled" value="1" />
  <attribute name= "numThreadsSpecified" value="4" />
  <attribute name="heapSize specified" value="8388608" />
  <attribute name="Current GC Util" value="44" />
  <attribute name= "Current Time Running" value="536" />
  <attribute name ="GC Interval" value="200" />
  <attribute name="ProportionalT" value="24.000000" />
  <attribute name="ProportionalI" value="24.000000" />
  <attribute name="ProportionalH" value="24.000000" />
  <attribute name="Current Error" value="24.000000" />
  <attribute name="IntegralT" value="144.000000" />
  <attribute name="IntegralI" value="144.000000" />
  <attribute name="IntegralH" value="144.000000" />
  <attribute name="DerivativeT" value="4.000000" />
  <attribute name="DerivativeI" value="4.000000" />
  <attribute name="DerivativeH" value="4.000000" />
  <attribute name="Loop Time for DT" value="6.000000" />
  <attribute name="Output H" value="8388608"/>
  <attribute name="Output I" value="200"/>
  <attribute name="Output T" value="4"/>
  <attribute name="Target GC Util Change" value ="20.000000" />
  <attribute name="Current GC Util Change" value="44.000000"/>
  <attribute name="GC Util currently" value="44" />
  <attribute name="CPU Util currently" value="742982552627" />
<allocation-satisfied id="196" threadId="0000000000DD9D00" bytesRequested="2816" />
<af-end id="197" timestamp="2019-06-17T06:04:30.874" threadId="0000000000DDA688" success="true" from="nursery"/>
<exclusive-end id="198" timestamp="2019-06-17T06:04:30.874" durationms="3.430" />

<exclusive-start id="199" timestamp="2019-06-17T06:04:30.903" intervalms="31.833">
  <response-info timems="0.057" idlems="0.036" threads="1" lastid="0000000000A8C300" lastname="JIT Compilation Thread-0" />
</exclusive-start>
<af-start id="200" threadId="0000000000DE1E88" totalBytesRequested="24" timestamp="2019-06-17T06:04:30.903" intervalms="31.861" type="nursery" />
<cycle-start id="201" type="scavenge" contextid="0" timestamp="2019-06-17T06:04:30.903" intervalms="31.859" />
<gc-start id="202" type="scavenge" contextid="201" timestamp="2019-06-17T06:04:30.903">
  <mem-info id="203" free="2614952" total="9043968" percent="28">
    <mem type="nursery" free="0" total="2752512" percent="0">
      <mem type="allocate" free="0" total="1376256" percent="0" />
      <mem type="survivor" free="0" total="1376256" percent="0" />
    </mem>
    <mem type="tenure" free="2614952" total="6291456" percent="41">
      <mem type="soa" free="2300584" total="5977088" percent="38" />
      <mem type="loa" free="314368" total="314368" percent="100" />
    </mem>
    <remembered-set count="141" />
  </mem-info>
</gc-start>
<allocation-stats totalBytes="1110792" >
  <allocated-bytes non-tlh="190728" tlh="920064" />
  <largest-consumer threadName="Thread-5" threadId="0000000000DE1500" bytes="730656" />
</allocation-stats>
<gc-op id="204" type="scavenge" timems="0.400" contextid="201" timestamp="2019-06-17T06:04:30.904">
  <scavenger-info tenureage="1" tenuremask="fffe" tiltratio="50" />
  <memory-copied type="nursery" objects="3262" bytes="519720" bytesdiscarded="124064" />
  <memory-copied type="tenure" objects="98" bytes="256368" bytesdiscarded="0" />
</gc-op>
<gc-end id="205" type="scavenge" contextid="201" durationms="0.589" usertimems="0.000" systemtimems="0.000" timestamp="2019-06-17T06:04:30.904" activeThreads="4">
  <mem-info id="206" free="3091056" total="9043968" percent="34">
    <mem type="nursery" free="732472" total="2752512" percent="26">
      <mem type="allocate" free="732472" total="1376256" percent="53" />
      <mem type="survivor" free="0" total="1376256" percent="0" />
    </mem>
    <mem type="tenure" free="2358584" total="6291456" percent="37">
      <mem type="soa" free="2044216" total="5977088" percent="34" />
      <mem type="loa" free="314368" total="314368" percent="100" />
    </mem>
    <remembered-set count="125" />
  </mem-info>
</gc-end>
<cycle-end id="207" type="scavenge" contextid="201" timestamp="2019-06-17T06:04:30.904" />
  <attribute name="elasticGC enabled" value="1" />
  <attribute name= "numThreadsSpecified" value="4" />
  <attribute name="heapSize specified" value="8388608" />
  <attribute name="Current GC Util" value="7" />
  <attribute name= "Current Time Running" value="568" />
  <attribute name ="GC Interval" value="200" />
  <attribute name="ProportionalT" value="-13.000000" />
  <attribute name="ProportionalI" value="-13.000000" />
  <attribute name="ProportionalH" value="-13.000000" />
  <attribute name="Current Error" value="-13.000000" />
  <attribute name="IntegralT" value="-416.000000" />
  <attribute name="IntegralI" value="-416.000000" />
  <attribute name="IntegralH" value="-416.000000" />
  <attribute name="DerivativeT" value="-1.156250" />
  <attribute name="DerivativeI" value="-1.156250" />
  <attribute name="DerivativeH" value="-1.156250" />
  <attribute name="Loop Time for DT" value="32.000000" />
  <attribute name="Output H" value="2092630016"/>
  <attribute name="Output I" value="200"/>
  <attribute name="Output T" value="4"/>
  <attribute name="Target GC Util Change" value ="20.000000" />
  <attribute name="Current GC Util Change" value="7.000000"/>
  <attribute name="GC Util currently" value="7" />
  <attribute name="CPU Util currently" value="2" />
<allocation-satisfied id="208" threadId="0000000000DE1500" bytesRequested="24" />
<af-end id="209" timestamp="2019-06-17T06:04:30.904" threadId="0000000000DE1E88" success="true" from="nursery"/>
<exclusive-end id="210" timestamp="2019-06-17T06:04:30.904" durationms="1.017" />

<exclusive-start id="211" timestamp="2019-06-17T06:04:30.929" intervalms="25.929">
  <response-info timems="0.026" idlems="0.026" threads="0" lastid="0000000000DE1500" lastname="Thread-5" />
</exclusive-start>
<af-start id="212" threadId="0000000000DE1E88" totalBytesRequested="98264" timestamp="2019-06-17T06:04:30.929" intervalms="25.935" type="nursery" />
<cycle-start id="213" type="scavenge" contextid="0" timestamp="2019-06-17T06:04:30.929" intervalms="25.964" />
<gc-start id="214" type="scavenge" contextid="213" timestamp="2019-06-17T06:04:30.929">
  <mem-info id="215" free="2414920" total="9043968" percent="26">
    <mem type="nursery" free="56568" total="2752512" percent="2">
      <mem type="allocate" free="56568" total="1376256" percent="4" />
      <mem type="survivor" free="0" total="1376256" percent="0" />
    </mem>
    <mem type="tenure" free="2358352" total="6291456" percent="37">
      <mem type="soa" free="2043984" total="5977088" percent="34" />
      <mem type="loa" free="314368" total="314368" percent="100" />
    </mem>
    <remembered-set count="128" />
  </mem-info>
</gc-start>
<allocation-stats totalBytes="676112" >
  <allocated-bytes non-tlh="487720" tlh="188392" />
  <largest-consumer threadName="Thread-5" threadId="0000000000DE1500" bytes="676112" />
</allocation-stats>
<gc-op id="216" type="scavenge" timems="0.455" contextid="213" timestamp="2019-06-17T06:04:30.930">
  <scavenger-info tenureage="1" tenuremask="fffe" tiltratio="50" />
  <memory-copied type="nursery" objects="1042" bytes="345568" bytesdiscarded="122152" />
  <memory-copied type="tenure" objects="3251" bytes="519480" bytesdiscarded="352" />
</gc-op>
<gc-end id="217" type="scavenge" contextid="213" durationms="0.645" usertimems="0.000" systemtimems="0.000" timestamp="2019-06-17T06:04:30.930" activeThreads="4">
  <mem-info id="218" free="2719904" total="9043968" percent="30">
    <mem type="nursery" free="908536" total="2752512" percent="33">
      <mem type="allocate" free="908536" total="1376256" percent="66" />
      <mem type="survivor" free="0" total="1376256" percent="0" />
    </mem>
    <mem type="tenure" free="1811368" total="6291456" percent="28">
      <mem type="soa" free="1497000" total="5977088" percent="25" />
      <mem type="loa" free="314368" total="314368" percent="100" />
    </mem>
    <remembered-set count="133" />
  </mem-info>
</gc-end>
<cycle-end id="219" type="scavenge" contextid="213" timestamp="2019-06-17T06:04:30.930" />
  <attribute name="elasticGC enabled" value="1" />
  <attribute name= "numThreadsSpecified" value="4" />
  <attribute name="heapSize specified" value="8388608" />
  <attribute name="Current GC Util" value="3" />
  <attribute name= "Current Time Running" value="594" />
  <attribute name ="GC Interval" value="200" />
  <attribute name="ProportionalT" value="-17.000000" />
  <attribute name="ProportionalI" value="-17.000000" />
  <attribute name="ProportionalH" value="-17.000000" />
  <attribute name="Current Error" value="-17.000000" />
  <attribute name="IntegralT" value="-442.000000" />
  <attribute name="IntegralI" value="-442.000000" />
  <attribute name="IntegralH" value="-442.000000" />
  <attribute name="DerivativeT" value="-0.653846" />
  <attribute name="DerivativeI" value="-0.653846" />
  <attribute name="DerivativeH" value="-0.653846" />
  <attribute name="Loop Time for DT" value="26.000000" />
  <attribute name="Output H" value="2092630016"/>
  <attribute name="Output I" value="200"/>
  <attribute name="Output T" value="4"/>
  <attribute name="Target GC Util Change" value ="20.000000" />
  <attribute name="Current GC Util Change" value="3.000000"/>
  <attribute name="GC Util currently" value="3" />
  <attribute name="CPU Util currently" value="177615838704" />
<allocation-satisfied id="220" threadId="0000000000DE1500" bytesRequested="98264" />
<af-end id="221" timestamp="2019-06-17T06:04:30.930" threadId="0000000000DE1E88" success="true" from="nursery"/>
<exclusive-end id="222" timestamp="2019-06-17T06:04:30.930" durationms="1.111" />

<exclusive-start id="223" timestamp="2019-06-17T06:04:30.968" intervalms="38.923">
  <response-info timems="0.050" idlems="0.050" threads="0" lastid="0000000000DE1500" lastname="Thread-5" />
</exclusive-start>
<af-start id="224" threadId="0000000000DE1E88" totalBytesRequested="24" timestamp="2019-06-17T06:04:30.968" intervalms="38.906" type="nursery" />
<cycle-start id="225" type="scavenge" contextid="0" timestamp="2019-06-17T06:04:30.968" intervalms="38.893" />
<gc-start id="226" type="scavenge" contextid="225" timestamp="2019-06-17T06:04:30.968">
  <mem-info id="227" free="1811368" total="9043968" percent="20">
    <mem type="nursery" free="0" total="2752512" percent="0">
      <mem type="allocate" free="0" total="1376256" percent="0" />
      <mem type="survivor" free="0" total="1376256" percent="0" />
    </mem>
    <mem type="tenure" free="1811368" total="6291456" percent="28">
      <mem type="soa" free="1497000" total="5977088" percent="25" />
      <mem type="loa" free="314368" total="314368" percent="100" />
    </mem>
    <remembered-set count="133" />
  </mem-info>
</gc-start>
<allocation-stats totalBytes="907512" >
  <allocated-bytes non-tlh="227312" tlh="680200" />
  <largest-consumer threadName="Thread-5" threadId="0000000000DE1500" bytes="907512" />
</allocation-stats>
<gc-op id="228" type="scavenge" timems="0.381" contextid="225" timestamp="2019-06-17T06:04:30.968">
  <scavenger-info tenureage="1" tenuremask="7ffe" tiltratio="50" />
  <memory-copied type="nursery" objects="22" bytes="188904" bytesdiscarded="28456" />
  <memory-copied type="tenure" objects="1036" bytes="50448" bytesdiscarded="0" />
</gc-op>
<gc-end id="229" type="scavenge" contextid="225" durationms="0.583" usertimems="0.000" systemtimems="0.000" timestamp="2019-06-17T06:04:30.969" activeThreads="4">
  <mem-info id="230" free="3035800" total="9043968" percent="33">
    <mem type="nursery" free="1224432" total="2752512" percent="44">
      <mem type="allocate" free="1224432" total="1441792" percent="84" />
      <mem type="survivor" free="0" total="1310720" percent="0" />
    </mem>
    <mem type="tenure" free="1811368" total="6291456" percent="28">
      <mem type="soa" free="1497000" total="5977088" percent="25" />
      <mem type="loa" free="314368" total="314368" percent="100" />
    </mem>
    <remembered-set count="111" />
  </mem-info>
</gc-end>
<cycle-end id="231" type="scavenge" contextid="225" timestamp="2019-06-17T06:04:30.969" />
  <attribute name="elasticGC enabled" value="1" />
  <attribute name= "numThreadsSpecified" value="4" />
  <attribute name="heapSize specified" value="8388608" />
  <attribute name="Current GC Util" value="2" />
  <attribute name= "Current Time Running" value="633" />
  <attribute name ="GC Interval" value="200" />
  <attribute name="ProportionalT" value="-18.000000" />
  <attribute name="ProportionalI" value="-18.000000" />
  <attribute name="ProportionalH" value="-18.000000" />
  <attribute name="Current Error" value="-18.000000" />
  <attribute name="IntegralT" value="-702.000000" />
  <attribute name="IntegralI" value="-702.000000" />
  <attribute name="IntegralH" value="-702.000000" />
  <attribute name="DerivativeT" value="-0.461538" />
  <attribute name="DerivativeI" value="-0.461538" />
  <attribute name="DerivativeH" value="-0.461538" />
  <attribute name="Loop Time for DT" value="39.000000" />
  <attribute name="Output H" value="2092630016"/>
  <attribute name="Output I" value="200"/>
  <attribute name="Output T" value="4"/>
  <attribute name="Target GC Util Change" value ="20.000000" />
  <attribute name="Current GC Util Change" value="2.000000"/>
  <attribute name="GC Util currently" value="2" />
  <attribute name="CPU Util currently" value="13" />
<allocation-satisfied id="232" threadId="0000000000DE1500" bytesRequested="24" />
<af-end id="233" timestamp="2019-06-17T06:04:30.969" threadId="0000000000DE1E88" success="true" from="nursery"/>
<exclusive-end id="234" timestamp="2019-06-17T06:04:30.969" durationms="1.018" />

<exclusive-start id="235" timestamp="2019-06-17T06:04:30.977" intervalms="8.903">
  <response-info timems="0.027" idlems="0.027" threads="0" lastid="0000000000DE1500" lastname="Thread-5" />
</exclusive-start>
<af-start id="236" threadId="0000000000DE1E88" totalBytesRequested="5096" timestamp="2019-06-17T06:04:30.977" intervalms="8.934" type="nursery" />
<cycle-start id="237" type="scavenge" contextid="0" timestamp="2019-06-17T06:04:30.977" intervalms="8.916" />
<gc-start id="238" type="scavenge" contextid="237" timestamp="2019-06-17T06:04:30.977">
  <mem-info id="239" free="1811368" total="9043968" percent="20">
    <mem type="nursery" free="0" total="2752512" percent="0">
      <mem type="allocate" free="0" total="1441792" percent="0" />
      <mem type="survivor" free="0" total="1310720" percent="0" />
    </mem>
    <mem type="tenure" free="1811368" total="6291456" percent="28">
      <mem type="soa" free="1497000" total="5977088" percent="25" />
      <mem type="loa" free="314368" total="314368" percent="100" />
    </mem>
    <remembered-set count="111" />
  </mem-info>
</gc-start>
<allocation-stats totalBytes="1194840" >
  <allocated-bytes non-tlh="24" tlh="1194816" />
  <largest-consumer threadName="Thread-5" threadId="0000000000DE1500" bytes="1194840" />
</allocation-stats>
<gc-op id="240" type="scavenge" timems="0.218" contextid="237" timestamp="2019-06-17T06:04:30.977">
  <scavenger-info tenureage="1" tenuremask="7ffe" tiltratio="52" />
  <memory-copied type="nursery" objects="27" bytes="69304" bytesdiscarded="41912" />
  <memory-copied type="tenure" objects="1" bytes="98264" bytesdiscarded="0" />
</gc-op>
<gc-end id="241" type="scavenge" contextid="237" durationms="0.398" usertimems="0.000" systemtimems="0.000" timestamp="2019-06-17T06:04:30.977" activeThreads="4">
  <mem-info id="242" free="3240288" total="9043968" percent="35">
    <mem type="nursery" free="1527184" total="2752512" percent="55">
      <mem type="allocate" free="1527184" total="1638400" percent="93" />
      <mem type="survivor" free="0" total="1114112" percent="0" />
    </mem>
    <mem type="tenure" free="1713104" total="6291456" percent="27">
      <mem type="soa" free="1398736" total="5977088" percent="23" />
      <mem type="loa" free="314368" total="314368" percent="100" />
    </mem>
    <remembered-set count="109" />
  </mem-info>
</gc-end>
<cycle-end id="243" type="scavenge" contextid="237" timestamp="2019-06-17T06:04:30.977" />
  <attribute name="elasticGC enabled" value="1" />
  <attribute name= "numThreadsSpecified" value="4" />
  <attribute name="heapSize specified" value="8388608" />
  <attribute name="Current GC Util" value="9" />
  <attribute name= "Current Time Running" value="642" />
  <attribute name ="GC Interval" value="200" />
  <attribute name="ProportionalT" value="-11.000000" />
  <attribute name="ProportionalI" value="-11.000000" />
  <attribute name="ProportionalH" value="-11.000000" />
  <attribute name="Current Error" value="-11.000000" />
  <attribute name="IntegralT" value="-99.000000" />
  <attribute name="IntegralI" value="-99.000000" />
  <attribute name="IntegralH" value="-99.000000" />
  <attribute name="DerivativeT" value="-1.222222" />
  <attribute name="DerivativeI" value="-1.222222" />
  <attribute name="DerivativeH" value="-1.222222" />
  <attribute name="Loop Time for DT" value="9.000000" />
  <attribute name="Output H" value="2092630016"/>
  <attribute name="Output I" value="200"/>
  <attribute name="Output T" value="4"/>
  <attribute name="Target GC Util Change" value ="20.000000" />
  <attribute name="Current GC Util Change" value="9.000000"/>
  <attribute name="GC Util currently" value="9" />
  <attribute name="CPU Util currently" value="517844391951" />
<allocation-satisfied id="244" threadId="0000000000DE1500" bytesRequested="5096" />
<af-end id="245" timestamp="2019-06-17T06:04:30.977" threadId="0000000000DE1E88" success="true" from="nursery"/>
<exclusive-end id="246" timestamp="2019-06-17T06:04:30.977" durationms="0.849" />

<exclusive-start id="247" timestamp="2019-06-17T06:04:30.981" intervalms="4.508">
  <response-info timems="0.025" idlems="0.025" threads="0" lastid="0000000000DE1500" lastname="Thread-5" />
</exclusive-start>
<af-start id="248" threadId="0000000000DE1E88" totalBytesRequested="2072" timestamp="2019-06-17T06:04:30.981" intervalms="4.462" type="nursery" />
<cycle-start id="249" type="scavenge" contextid="0" timestamp="2019-06-17T06:04:30.981" intervalms="4.458" />
<gc-start id="250" type="scavenge" contextid="249" timestamp="2019-06-17T06:04:30.981">
  <mem-info id="251" free="1713104" total="9043968" percent="18">
    <mem type="nursery" free="0" total="2752512" percent="0">
      <mem type="allocate" free="0" total="1638400" percent="0" />
      <mem type="survivor" free="0" total="1114112" percent="0" />
    </mem>
    <mem type="tenure" free="1713104" total="6291456" percent="27">
      <mem type="soa" free="1398736" total="5977088" percent="23" />
      <mem type="loa" free="314368" total="314368" percent="100" />
    </mem>
    <remembered-set count="109" />
  </mem-info>
</gc-start>
<allocation-stats totalBytes="1516584" >
  <allocated-bytes non-tlh="5096" tlh="1511488" />
  <largest-consumer threadName="Thread-5" threadId="0000000000DE1500" bytes="1516584" />
</allocation-stats>
<gc-op id="252" type="scavenge" timems="0.160" contextid="249" timestamp="2019-06-17T06:04:30.982">
  <scavenger-info tenureage="2" tenuremask="7ffc" tiltratio="59" />
  <memory-copied type="nursery" objects="29" bytes="165872" bytesdiscarded="46168" />
</gc-op>
<gc-end id="253" type="scavenge" contextid="249" durationms="0.328" usertimems="0.000" systemtimems="0.000" timestamp="2019-06-17T06:04:30.982" activeThreads="4">
  <mem-info id="254" free="3336072" total="9043968" percent="36">
    <mem type="nursery" free="1622968" total="2752512" percent="58">
      <mem type="allocate" free="1622968" total="1835008" percent="88" />
      <mem type="survivor" free="0" total="917504" percent="0" />
    </mem>
    <mem type="tenure" free="1713104" total="6291456" percent="27">
      <mem type="soa" free="1398736" total="5977088" percent="23" />
      <mem type="loa" free="314368" total="314368" percent="100" />
    </mem>
    <remembered-set count="109" />
  </mem-info>
</gc-end>
<cycle-end id="255" type="scavenge" contextid="249" timestamp="2019-06-17T06:04:30.982" />
  <attribute name="elasticGC enabled" value="1" />
  <attribute name= "numThreadsSpecified" value="4" />
  <attribute name="heapSize specified" value="8388608" />
  <attribute name="Current GC Util" value="11" />
  <attribute name= "Current Time Running" value="646" />
  <attribute name ="GC Interval" value="200" />
  <attribute name="ProportionalT" value="-9.000000" />
  <attribute name="ProportionalI" value="-9.000000" />
  <attribute name="ProportionalH" value="-9.000000" />
  <attribute name="Current Error" value="-9.000000" />
  <attribute name="IntegralT" value="-36.000000" />
  <attribute name="IntegralI" value="-36.000000" />
  <attribute name="IntegralH" value="-36.000000" />
  <attribute name="DerivativeT" value="-2.250000" />
  <attribute name="DerivativeI" value="-2.250000" />
  <attribute name="DerivativeH" value="-2.250000" />
  <attribute name="Loop Time for DT" value="4.000000" />
  <attribute name="Output H" value="2092630016"/>
  <attribute name="Output I" value="200"/>
  <attribute name="Output T" value="4"/>
  <attribute name="Target GC Util Change" value ="20.000000" />
  <attribute name="Current GC Util Change" value="11.000000"/>
  <attribute name="GC Util currently" value="11" />
  <attribute name="CPU Util currently" value="1036443636487" />
<allocation-satisfied id="256" threadId="0000000000DE1500" bytesRequested="2072" />
<af-end id="257" timestamp="2019-06-17T06:04:30.982" threadId="0000000000DE1E88" success="true" from="nursery"/>
<exclusive-end id="258" timestamp="2019-06-17T06:04:30.982" durationms="0.722" />

<exclusive-start id="259" timestamp="2019-06-17T06:04:30.986" intervalms="5.259">
  <response-info timems="0.107" idlems="0.107" threads="0" lastid="0000000000DE1500" lastname="Thread-5" />
</exclusive-start>
<af-start id="260" threadId="0000000000DE1E88" totalBytesRequested="2072" timestamp="2019-06-17T06:04:30.986" intervalms="5.258" type="nursery" />
<cycle-start id="261" type="scavenge" contextid="0" timestamp="2019-06-17T06:04:30.987" intervalms="5.257" />
<gc-start id="262" type="scavenge" contextid="261" timestamp="2019-06-17T06:04:30.987">
  <mem-info id="263" free="1713104" total="9043968" percent="18">
    <mem type="nursery" free="0" total="2752512" percent="0">
      <mem type="allocate" free="0" total="1835008" percent="0" />
      <mem type="survivor" free="0" total="917504" percent="0" />
    </mem>
    <mem type="tenure" free="1713104" total="6291456" percent="27">
      <mem type="soa" free="1398736" total="5977088" percent="23" />
      <mem type="loa" free="314368" total="314368" percent="100" />
    </mem>
    <remembered-set count="109" />
  </mem-info>
</gc-start>
<allocation-stats totalBytes="1611456" >
  <allocated-bytes non-tlh="71808" tlh="1539648" />
  <largest-consumer threadName="Thread-5" threadId="0000000000DE1500" bytes="1611456" />
</allocation-stats>
<gc-op id="264" type="scavenge" timems="0.196" contextid="261" timestamp="2019-06-17T06:04:30.987">
  <scavenger-info tenureage="3" tenuremask="7ff8" tiltratio="66" />
  <memory-copied type="nursery" objects="25" bytes="145968" bytesdiscarded="63392" />
</gc-op>
<gc-end id="265" type="scavenge" contextid="261" durationms="0.442" usertimems="4.000" systemtimems="0.000" timestamp="2019-06-17T06:04:30.987" activeThreads="4">
  <mem-info id="266" free="3469824" total="9043968" percent="38">
    <mem type="nursery" free="1756720" total="2752512" percent="63">
      <mem type="allocate" free="1756720" total="1966080" percent="89" />
      <mem type="survivor" free="0" total="786432" percent="0" />
    </mem>
    <mem type="tenure" free="1713104" total="6291456" percent="27">
      <mem type="soa" free="1398736" total="5977088" percent="23" />
      <mem type="loa" free="314368" total="314368" percent="100" />
    </mem>
    <remembered-set count="108" />
  </mem-info>
</gc-end>
<cycle-end id="267" type="scavenge" contextid="261" timestamp="2019-06-17T06:04:30.987" />
  <attribute name="elasticGC enabled" value="1" />
  <attribute name= "numThreadsSpecified" value="4" />
  <attribute name="heapSize specified" value="8388608" />
  <attribute name="Current GC Util" value="8" />
  <attribute name= "Current Time Running" value="652" />
  <attribute name ="GC Interval" value="200" />
  <attribute name="ProportionalT" value="-12.000000" />
  <attribute name="ProportionalI" value="-12.000000" />
  <attribute name="ProportionalH" value="-12.000000" />
  <attribute name="Current Error" value="-12.000000" />
  <attribute name="IntegralT" value="-72.000000" />
  <attribute name="IntegralI" value="-72.000000" />
  <attribute name="IntegralH" value="-72.000000" />
  <attribute name="DerivativeT" value="-2.000000" />
  <attribute name="DerivativeI" value="-2.000000" />
  <attribute name="DerivativeH" value="-2.000000" />
  <attribute name="Loop Time for DT" value="6.000000" />
  <attribute name="Output H" value="2092630016"/>
  <attribute name="Output I" value="200"/>
  <attribute name="Output T" value="4"/>
  <attribute name="Target GC Util Change" value ="20.000000" />
  <attribute name="Current GC Util Change" value="8.000000"/>
  <attribute name="GC Util currently" value="8" />
  <attribute name="CPU Util currently" value="871626661563" />
<allocation-satisfied id="268" threadId="0000000000DE1500" bytesRequested="2072" />
<af-end id="269" timestamp="2019-06-17T06:04:30.987" threadId="0000000000DE1E88" success="true" from="nursery"/>
<exclusive-end id="270" timestamp="2019-06-17T06:04:30.987" durationms="0.845" />

<exclusive-start id="271" timestamp="2019-06-17T06:04:31.002" intervalms="15.586">
  <response-info timems="0.139" idlems="0.139" threads="0" lastid="0000000000DE1500" lastname="Thread-9" />
</exclusive-start>
<af-start id="272" threadId="0000000000DE1E88" totalBytesRequested="48" timestamp="2019-06-17T06:04:31.002" intervalms="15.629" type="nursery" />
<cycle-start id="273" type="scavenge" contextid="0" timestamp="2019-06-17T06:04:31.002" intervalms="15.667" />
<gc-start id="274" type="scavenge" contextid="273" timestamp="2019-06-17T06:04:31.002">
  <mem-info id="275" free="1707280" total="9043968" percent="18">
    <mem type="nursery" free="0" total="2752512" percent="0">
      <mem type="allocate" free="0" total="1966080" percent="0" />
      <mem type="survivor" free="0" total="786432" percent="0" />
    </mem>
    <mem type="tenure" free="1707280" total="6291456" percent="27">
      <mem type="soa" free="1392912" total="5977088" percent="23" />
      <mem type="loa" free="314368" total="314368" percent="100" />
    </mem>
    <remembered-set count="197" />
  </mem-info>
</gc-start>
<allocation-stats totalBytes="1759800" >
  <allocated-bytes non-tlh="448872" tlh="1310928" />
  <largest-consumer threadName="Thread-10" threadId="0000000000DD9D00" bytes="367856" />
</allocation-stats>
<gc-op id="276" type="scavenge" timems="6.347" contextid="273" timestamp="2019-06-17T06:04:31.009">
  <scavenger-info tenureage="4" tenuremask="7ff0" tiltratio="71" />
  <memory-copied type="nursery" objects="8317" bytes="786320" bytesdiscarded="72" />
  <memory-copied type="tenure" objects="8546" bytes="410208" bytesdiscarded="0" />
  <copy-failed type="nursery" objects="8546" bytes="410208" />
</gc-op>
<heap-resize id="277" type="expand" space="nursery" amount="393216" count="1" timems="0.017" reason="excessive time being spent scavenging" timestamp="2019-06-17T06:04:31.009" />
<gc-end id="278" type="scavenge" contextid="273" durationms="6.980" usertimems="4.000" systemtimems="4.000" timestamp="2019-06-17T06:04:31.009" activeThreads="4">
  <mem-info id="279" free="1968400" total="9437184" percent="20">
    <mem type="nursery" free="786432" total="3145728" percent="25">
      <mem type="allocate" free="786432" total="1572864" percent="50" />
      <mem type="survivor" free="0" total="1572864" percent="0" />
    </mem>
    <mem type="tenure" free="1181968" total="6291456" percent="18">
      <mem type="soa" free="867600" total="5977088" percent="14" />
      <mem type="loa" free="314368" total="314368" percent="100" />
    </mem>
    <remembered-set count="192" />
  </mem-info>
</gc-end>
<cycle-end id="280" type="scavenge" contextid="273" timestamp="2019-06-17T06:04:31.010" />
  <attribute name="elasticGC enabled" value="1" />
  <attribute name= "numThreadsSpecified" value="4" />
  <attribute name="heapSize specified" value="8388608" />
  <attribute name="Current GC Util" value="3" />
  <attribute name= "Current Time Running" value="668" />
  <attribute name ="GC Interval" value="200" />
  <attribute name="ProportionalT" value="-17.000000" />
  <attribute name="ProportionalI" value="-17.000000" />
  <attribute name="ProportionalH" value="-17.000000" />
  <attribute name="Current Error" value="-17.000000" />
  <attribute name="IntegralT" value="-272.000000" />
  <attribute name="IntegralI" value="-272.000000" />
  <attribute name="IntegralH" value="-272.000000" />
  <attribute name="DerivativeT" value="-1.062500" />
  <attribute name="DerivativeI" value="-1.062500" />
  <attribute name="DerivativeH" value="-1.062500" />
  <attribute name="Loop Time for DT" value="16.000000" />
  <attribute name="Output H" value="2092630016"/>
  <attribute name="Output I" value="200"/>
  <attribute name="Output T" value="4"/>
  <attribute name="Target GC Util Change" value ="20.000000" />
  <attribute name="Current GC Util Change" value="3.000000"/>
  <attribute name="GC Util currently" value="3" />
  <attribute name="CPU Util currently" value="288906254274" />
<allocation-satisfied id="281" threadId="0000000000DE1500" bytesRequested="48" />
<af-end id="282" timestamp="2019-06-17T06:04:31.010" threadId="0000000000DE1E88" success="true" from="nursery"/>
<exclusive-end id="283" timestamp="2019-06-17T06:04:31.010" durationms="7.915" />

<exclusive-start id="284" timestamp="2019-06-17T06:04:31.026" intervalms="24.242">
  <response-info timems="0.332" idlems="0.332" threads="0" lastid="0000000000DE1500" lastname="Thread-9" />
</exclusive-start>
<af-start id="285" threadId="0000000000DE1E88" totalBytesRequested="40" timestamp="2019-06-17T06:04:31.026" intervalms="24.265" type="nursery" />
<cycle-start id="286" type="scavenge" contextid="0" timestamp="2019-06-17T06:04:31.026" intervalms="24.256" />
<gc-start id="287" type="scavenge" contextid="286" timestamp="2019-06-17T06:04:31.027">
  <mem-info id="288" free="1181968" total="9437184" percent="12">
    <mem type="nursery" free="0" total="3145728" percent="0">
      <mem type="allocate" free="0" total="1572864" percent="0" />
      <mem type="survivor" free="0" total="1572864" percent="0" />
    </mem>
    <mem type="tenure" free="1181968" total="6291456" percent="18">
      <mem type="soa" free="867600" total="5977088" percent="14" />
      <mem type="loa" free="314368" total="314368" percent="100" />
    </mem>
    <remembered-set count="202" />
  </mem-info>
</gc-start>
<allocation-stats totalBytes="786104" >
  <allocated-bytes non-tlh="48" tlh="786056" />
  <largest-consumer threadName="Thread-9" threadId="0000000000DE1500" bytes="245688" />
</allocation-stats>
<gc-op id="289" type="scavenge" timems="3.048" contextid="286" timestamp="2019-06-17T06:04:31.030">
  <scavenger-info tenureage="3" tenuremask="7ff8" tiltratio="50" />
  <memory-copied type="nursery" objects="11837" bytes="953264" bytesdiscarded="19688" />
</gc-op>
<heap-resize id="290" type="expand" space="nursery" amount="262144" count="1" timems="0.064" reason="excessive time being spent scavenging" timestamp="2019-06-17T06:04:31.030" />
<gc-end id="291" type="scavenge" contextid="286" durationms="3.702" usertimems="8.000" systemtimems="0.000" timestamp="2019-06-17T06:04:31.030" activeThreads="4">
  <mem-info id="292" free="1912912" total="9699328" percent="19">
    <mem type="nursery" free="730944" total="3407872" percent="21">
      <mem type="allocate" free="730944" total="1703936" percent="42" />
      <mem type="survivor" free="0" total="1703936" percent="0" />
    </mem>
    <mem type="tenure" free="1181968" total="6291456" percent="18">
      <mem type="soa" free="867600" total="5977088" percent="14" />
      <mem type="loa" free="314368" total="314368" percent="100" />
    </mem>
    <remembered-set count="163" />
  </mem-info>
</gc-end>
<cycle-end id="293" type="scavenge" contextid="286" timestamp="2019-06-17T06:04:31.030" />
  <attribute name="elasticGC enabled" value="1" />
  <attribute name= "numThreadsSpecified" value="4" />
  <attribute name="heapSize specified" value="8388608" />
  <attribute name="Current GC Util" value="21" />
  <attribute name= "Current Time Running" value="692" />
  <attribute name ="GC Interval" value="200" />
  <attribute name="ProportionalT" value="1.000000" />
  <attribute name="ProportionalI" value="1.000000" />
  <attribute name="ProportionalH" value="1.000000" />
  <attribute name="Current Error" value="1.000000" />
  <attribute name="IntegralT" value="24.000000" />
  <attribute name="IntegralI" value="24.000000" />
  <attribute name="IntegralH" value="24.000000" />
  <attribute name="DerivativeT" value="0.041667" />
  <attribute name="DerivativeI" value="0.041667" />
  <attribute name="DerivativeH" value="0.041667" />
  <attribute name="Loop Time for DT" value="24.000000" />
  <attribute name="Output H" value="8388608"/>
  <attribute name="Output I" value="200"/>
  <attribute name="Output T" value="4"/>
  <attribute name="Target GC Util Change" value ="20.000000" />
  <attribute name="Current GC Util Change" value="21.000000"/>
  <attribute name="GC Util currently" value="21" />
  <attribute name="CPU Util currently" value="13" />
<allocation-satisfied id="294" threadId="0000000000DE1500" bytesRequested="40" />
<af-end id="295" timestamp="2019-06-17T06:04:31.031" threadId="0000000000DE1E88" success="true" from="nursery"/>
<exclusive-end id="296" timestamp="2019-06-17T06:04:31.031" durationms="4.345" />

<exclusive-start id="297" timestamp="2019-06-17T06:04:31.043" intervalms="16.572">
  <response-info timems="0.152" idlems="0.152" threads="0" lastid="0000000000DDD900" lastname="Thread-8" />
</exclusive-start>
<af-start id="298" threadId="0000000000DDE288" totalBytesRequested="24" timestamp="2019-06-17T06:04:31.043" intervalms="16.520" type="nursery" />
<cycle-start id="299" type="scavenge" contextid="0" timestamp="2019-06-17T06:04:31.043" intervalms="16.507" />
<gc-start id="300" type="scavenge" contextid="299" timestamp="2019-06-17T06:04:31.043">
  <mem-info id="301" free="1181968" total="9699328" percent="12">
    <mem type="nursery" free="0" total="3407872" percent="0">
      <mem type="allocate" free="0" total="1703936" percent="0" />
      <mem type="survivor" free="0" total="1703936" percent="0" />
    </mem>
    <mem type="tenure" free="1181968" total="6291456" percent="18">
      <mem type="soa" free="867600" total="5977088" percent="14" />
      <mem type="loa" free="314368" total="314368" percent="100" />
    </mem>
    <remembered-set count="260" />
  </mem-info>
</gc-start>
<allocation-stats totalBytes="730688" >
  <allocated-bytes non-tlh="40" tlh="730648" />
  <largest-consumer threadName="Thread-10" threadId="0000000000DD9D00" bytes="233440" />
</allocation-stats>
<gc-op id="302" type="scavenge" timems="0.826" contextid="299" timestamp="2019-06-17T06:04:31.044">
  <scavenger-info tenureage="2" tenuremask="fffc" tiltratio="50" />
  <memory-copied type="nursery" objects="3765" bytes="173520" bytesdiscarded="66864" />
  <memory-copied type="tenure" objects="8151" bytes="781384" bytesdiscarded="56" />
</gc-op>
<gc-end id="303" type="scavenge" contextid="299" durationms="1.082" usertimems="4.000" systemtimems="0.000" timestamp="2019-06-17T06:04:31.044" activeThreads="4">
  <mem-info id="304" free="1777920" total="9699328" percent="18">
    <mem type="nursery" free="1463552" total="3407872" percent="42">
      <mem type="allocate" free="1463552" total="1703936" percent="85" />
      <mem type="survivor" free="0" total="1703936" percent="0" />
    </mem>
    <mem type="tenure" free="314368" total="6291456" percent="4">
      <mem type="soa" free="0" total="5977088" percent="0" />
      <mem type="loa" free="314368" total="314368" percent="100" />
    </mem>
    <remembered-set count="268" />
  </mem-info>
</gc-end>
<cycle-end id="305" type="scavenge" contextid="299" timestamp="2019-06-17T06:04:31.044" />
  <attribute name="elasticGC enabled" value="1" />
  <attribute name= "numThreadsSpecified" value="4" />
  <attribute name="heapSize specified" value="8388608" />
  <attribute name="Current GC Util" value="19" />
  <attribute name= "Current Time Running" value="708" />
  <attribute name ="GC Interval" value="200" />
  <attribute name="ProportionalT" value="-1.000000" />
  <attribute name="ProportionalI" value="-1.000000" />
  <attribute name="ProportionalH" value="-1.000000" />
  <attribute name="Current Error" value="-1.000000" />
  <attribute name="IntegralT" value="-16.000000" />
  <attribute name="IntegralI" value="-16.000000" />
  <attribute name="IntegralH" value="-16.000000" />
  <attribute name="DerivativeT" value="-0.125000" />
  <attribute name="DerivativeI" value="-0.125000" />
  <attribute name="DerivativeH" value="-0.125000" />
  <attribute name="Loop Time for DT" value="16.000000" />
  <attribute name="Output H" value="2092630016"/>
  <attribute name="Output I" value="200"/>
  <attribute name="Output T" value="4"/>
  <attribute name="Target GC Util Change" value ="20.000000" />
  <attribute name="Current GC Util Change" value="19.000000"/>
  <attribute name="GC Util currently" value="19" />
  <attribute name="CPU Util currently" value="283778267577" />
<allocation-satisfied id="306" threadId="0000000000DDD900" bytesRequested="24" />
<af-end id="307" timestamp="2019-06-17T06:04:31.044" threadId="0000000000DDE288" success="true" from="nursery"/>
<exclusive-end id="308" timestamp="2019-06-17T06:04:31.044" durationms="1.646" />

<concurrent-kickoff id="309" timestamp="2019-06-17T06:04:31.062">
  <kickoff reason="threshold reached" targetBytes="1867303" thresholdFreeBytes="258358"  remainingFree="255208" tenureFreeBytes="314368" nurseryFreeBytes="255208" />
</concurrent-kickoff>
<exclusive-start id="310" timestamp="2019-06-17T06:04:31.063" intervalms="20.488">
  <response-info timems="0.201" idlems="0.184" threads="1" lastid="0000000000DE1500" lastname="Thread-9" />
</exclusive-start>
<cycle-start id="311" type="global" contextid="0" timestamp="2019-06-17T06:04:31.063" intervalms="356.890" />
<exclusive-end id="312" timestamp="2019-06-17T06:04:31.063" durationms="0.164" />

<exclusive-start id="313" timestamp="2019-06-17T06:04:31.069" intervalms="5.267">
  <response-info timems="0.457" idlems="0.457" threads="0" lastid="0000000000DD9D00" lastname="Thread-10" />
</exclusive-start>
<af-start id="314" threadId="0000000000DDA688" totalBytesRequested="40" timestamp="2019-06-17T06:04:31.069" intervalms="25.772" type="nursery" />
<cycle-start id="315" type="scavenge" contextid="0" timestamp="2019-06-17T06:04:31.069" intervalms="25.865" />
<gc-start id="316" type="scavenge" contextid="315" timestamp="2019-06-17T06:04:31.069">
  <mem-info id="317" free="314368" total="9699328" percent="3">
    <mem type="nursery" free="0" total="3407872" percent="0">
      <mem type="allocate" free="0" total="1703936" percent="0" />
      <mem type="survivor" free="0" total="1703936" percent="0" />
    </mem>
    <mem type="tenure" free="314368" total="6291456" percent="4">
      <mem type="soa" free="0" total="5977088" percent="0" />
      <mem type="loa" free="314368" total="314368" percent="100" />
    </mem>
    <remembered-set count="508" />
  </mem-info>
</gc-start>
<allocation-stats totalBytes="1462984" >
  <allocated-bytes non-tlh="24" tlh="1462960" />
  <largest-consumer threadName="Thread-10" threadId="0000000000DD9D00" bytes="470904" />
</allocation-stats>
<gc-op id="318" type="scavenge" timems="0.484" contextid="315" timestamp="2019-06-17T06:04:31.070">
  <scavenger-info tenureage="2" tenuremask="fffc" tiltratio="50" />
  <memory-copied type="nursery" objects="680" bytes="17648" bytesdiscarded="245008" />
  <memory-copied type="tenure" objects="3445" bytes="164784" bytesdiscarded="16" />
  <heap-resize type="expand" space="tenure" amount="131072" count="2" timems="0.025" reason="continue current collection" />
</gc-op>
<gc-end id="319" type="scavenge" contextid="315" durationms="0.798" usertimems="0.000" systemtimems="0.000" timestamp="2019-06-17T06:04:31.070" activeThreads="4">
  <mem-info id="320" free="1827328" total="9830400" percent="18">
    <mem type="nursery" free="1506816" total="3407872" percent="44">
      <mem type="allocate" free="1506816" total="1769472" percent="85" />
      <mem type="survivor" free="0" total="1638400" percent="0" />
    </mem>
    <mem type="tenure" free="320512" total="6422528" percent="4">
      <mem type="soa" free="0" total="6102016" percent="0" />
      <mem type="loa" free="320512" total="320512" percent="100" />
    </mem>
    <remembered-set count="533" />
  </mem-info>
</gc-end>
<cycle-end id="321" type="scavenge" contextid="315" timestamp="2019-06-17T06:04:31.070" />
  <attribute name="elasticGC enabled" value="1" />
  <attribute name= "numThreadsSpecified" value="4" />
  <attribute name="heapSize specified" value="8388608" />
  <attribute name="Current GC Util" value="6" />
  <attribute name= "Current Time Running" value="734" />
  <attribute name ="GC Interval" value="200" />
  <attribute name="ProportionalT" value="-14.000000" />
  <attribute name="ProportionalI" value="-14.000000" />
  <attribute name="ProportionalH" value="-14.000000" />
  <attribute name="Current Error" value="-14.000000" />
  <attribute name="IntegralT" value="-364.000000" />
  <attribute name="IntegralI" value="-364.000000" />
  <attribute name="IntegralH" value="-364.000000" />
  <attribute name="DerivativeT" value="-0.538462" />
  <attribute name="DerivativeI" value="-0.538462" />
  <attribute name="DerivativeH" value="-0.538462" />
  <attribute name="Loop Time for DT" value="26.000000" />
  <attribute name="Output H" value="2092630016"/>
  <attribute name="Output I" value="200"/>
  <attribute name="Output T" value="4"/>
  <attribute name="Target GC Util Change" value ="20.000000" />
  <attribute name="Current GC Util Change" value="6.000000"/>
  <attribute name="GC Util currently" value="6" />
  <attribute name="CPU Util currently" value="37" />
<allocation-satisfied id="322" threadId="0000000000DD9D00" bytesRequested="40" />
<af-end id="323" timestamp="2019-06-17T06:04:31.070" threadId="0000000000DDA688" success="true" from="nursery"/>
<exclusive-end id="324" timestamp="2019-06-17T06:04:31.070" durationms="1.523" />

<exclusive-start id="325" timestamp="2019-06-17T06:04:31.082" intervalms="13.844">
  <response-info timems="0.294" idlems="0.174" threads="1" lastid="0000000000DD9D00" lastname="Thread-10" />
</exclusive-start>
<concurrent-collection-start id="326" timestamp="2019-06-17T06:04:31.083" intervalms="859.499" >
  <concurrent-trace-info reason="card cleaning threshold reached" tracedByMutators="600984" tracedByHelpers="1076044" cardsCleaned="35" workStackOverflowCount="0" />
</concurrent-collection-start>
<gc-start id="327" type="global" contextid="311" timestamp="2019-06-17T06:04:31.083">
  <mem-info id="328" free="1565144" total="9830400" percent="15">
    <mem type="nursery" free="1244632" total="3407872" percent="36">
      <mem type="allocate" free="1244632" total="1769472" percent="70" />
      <mem type="survivor" free="0" total="1638400" percent="0" />
    </mem>
    <mem type="tenure" free="320512" total="6422528" percent="4">
      <mem type="soa" free="0" total="6102016" percent="0" />
      <mem type="loa" free="320512" total="320512" percent="100" />
    </mem>
    <remembered-set count="542" />
  </mem-info>
</gc-start>
<allocation-stats totalBytes="262112" >
  <allocated-bytes non-tlh="40" tlh="262072" />
  <largest-consumer threadName="Thread-8" threadId="0000000000DDD900" bytes="122848" />
</allocation-stats>
<gc-op id="329" type="rs-scan" timems="1.448" contextid="311" timestamp="2019-06-17T06:04:31.084">
  <scan objectsFound="498" bytesTraced="124752" workStackOverflowCount="0" />
</gc-op>
<gc-op id="330" type="card-cleaning" timems="1.174" contextid="311" timestamp="2019-06-17T06:04:31.086">
  <card-cleaning cardsCleaned="3" bytesTraced="6168" workStackOverflowCount="0" />
</gc-op>
<gc-op id="331" type="mark" timems="2.676" contextid="311" timestamp="2019-06-17T06:04:31.089">
  <trace-info objectcount="22628" scancount="17631" scanbytes="569796" />
  <finalization candidates="124" enqueued="0" />
  <ownableSynchronizers candidates="3" cleared="0" />
  <references type="soft" candidates="148" cleared="0" enqueued="0" dynamicThreshold="24" maxThreshold="32" />
  <references type="weak" candidates="694" cleared="2" enqueued="1" />
  <references type="phantom" candidates="39" cleared="2" enqueued="2" />
  <stringconstants candidates="4597" cleared="1"  />
</gc-op>
<gc-op id="332" type="sweep" timems="0.715" contextid="311" timestamp="2019-06-17T06:04:31.089" />
<mem-info id="333" free="3976528" total="9830400" percent="40">
  <mem type="nursery" free="1738096" total="3407872" percent="51">
    <mem type="allocate" free="1738096" total="1769472" percent="98" />
    <mem type="survivor" free="0" total="1638400" percent="0" />
  </mem>
  <mem type="tenure" free="2238432" total="6422528" percent="34" micro-fragmented="20594" macro-fragmented="0">
    <mem type="soa" free="1917920" total="6102016" percent="31" />
    <mem type="loa" free="320512" total="320512" percent="100" />
  </mem>
  <pending-finalizers system="0" default="0" reference="3" classloader="0" />
  <remembered-set count="542" />
</mem-info>
<gc-op id="334" type="compact" timems="10.732" contextid="311" timestamp="2019-06-17T06:04:31.100">
  <compact-info movecount="58321" movebytes="3940008" reason="compact to aid heap contraction" />
</gc-op>
<heap-resize id="335" type="contract" space="tenure" amount="262144" count="1" timems="0.224" reason="heap reconfiguration" timestamp="2019-06-17T06:04:31.101" />
<gc-end id="336" type="global" contextid="311" durationms="18.418" usertimems="28.000" systemtimems="0.000" timestamp="2019-06-17T06:04:31.101" activeThreads="4">
  <mem-info id="337" free="3683648" total="9568256" percent="38">
    <mem type="nursery" free="1751568" total="3407872" percent="51">
      <mem type="allocate" free="1751568" total="1769472" percent="98" />
      <mem type="survivor" free="0" total="1638400" percent="0" />
    </mem>
    <mem type="tenure" free="1932080" total="6160384" percent="31">
      <mem type="soa" free="1683248" total="5853184" percent="28" />
      <mem type="loa" free="248832" total="307200" percent="81" />
    </mem>
    <pending-finalizers system="0" default="0" reference="3" classloader="0" />
    <remembered-set count="542" />
  </mem-info>
</gc-end>
<cycle-end id="338" type="global" contextid="311" timestamp="2019-06-17T06:04:31.101" />
  <attribute name="elasticGC enabled" value="1" />
  <attribute name= "numThreadsSpecified" value="4" />
  <attribute name="heapSize specified" value="9830400" />
  <attribute name="Current GC Util" value="37" />
  <attribute name= "Current Time Running" value="765" />
  <attribute name ="GC Interval" value="200" />
  <attribute name="ProportionalT" value="17.000000" />
  <attribute name="ProportionalI" value="17.000000" />
  <attribute name="ProportionalH" value="17.000000" />
  <attribute name="Current Error" value="17.000000" />
  <attribute name="IntegralT" value="170.000000" />
  <attribute name="IntegralI" value="170.000000" />
  <attribute name="IntegralH" value="170.000000" />
  <attribute name="DerivativeT" value="-6.900000" />
  <attribute name="DerivativeI" value="-6.900000" />
  <attribute name="DerivativeH" value="-6.900000" />
  <attribute name="Loop Time for DT" value="10.000000" />
  <attribute name="Output H" value="8388608"/>
  <attribute name="Output I" value="200"/>
  <attribute name="Output T" value="4"/>
  <attribute name="Target GC Util Change" value ="20.000000" />
  <attribute name="Current GC Util Change" value="37.000000"/>
  <attribute name="GC Util currently" value="37" />
  <attribute name="CPU Util currently" value="423770631563" />
<concurrent-collection-end id="339" timestamp="2019-06-17T06:04:31.102" />
<exclusive-end id="340" timestamp="2019-06-17T06:04:31.102" durationms="19.229" />

<exclusive-start id="341" timestamp="2019-06-17T06:04:31.114" intervalms="31.929">
  <response-info timems="0.051" idlems="0.030" threads="1" lastid="0000000000DD9D00" lastname="Thread-10" />
</exclusive-start>
<af-start id="342" threadId="0000000000DE5A88" totalBytesRequested="40" timestamp="2019-06-17T06:04:31.115" intervalms="45.842" type="nursery" />
<cycle-start id="343" type="scavenge" contextid="0" timestamp="2019-06-17T06:04:31.115" intervalms="45.787" />
<gc-start id="344" type="scavenge" contextid="343" timestamp="2019-06-17T06:04:31.115">
  <mem-info id="345" free="1932080" total="9568256" percent="20">
    <mem type="nursery" free="0" total="3407872" percent="0">
      <mem type="allocate" free="0" total="1769472" percent="0" />
      <mem type="survivor" free="0" total="1638400" percent="0" />
    </mem>
    <mem type="tenure" free="1932080" total="6160384" percent="31">
      <mem type="soa" free="1683248" total="5853184" percent="28" />
      <mem type="loa" free="248832" total="307200" percent="81" />
    </mem>
    <remembered-set count="975" />
  </mem-info>
</gc-start>
<allocation-stats totalBytes="1750968" >
  <allocated-bytes non-tlh="0" tlh="1750968" />
  <largest-consumer threadName="Thread-9" threadId="0000000000DE1500" bytes="596248" />
</allocation-stats>
<gc-op id="346" type="scavenge" timems="0.240" contextid="343" timestamp="2019-06-17T06:04:31.115">
  <scavenger-info tenureage="3" tenuremask="fff8" tiltratio="51" />
  <memory-copied type="nursery" objects="1100" bytes="27616" bytesdiscarded="274208" />
  <ownableSynchronizers candidates="6" cleared="6" />
</gc-op>
<gc-end id="347" type="scavenge" contextid="343" durationms="0.492" usertimems="0.000" systemtimems="0.000" timestamp="2019-06-17T06:04:31.115" activeThreads="4">
  <mem-info id="348" free="3727408" total="9568256" percent="38">
    <mem type="nursery" free="1795328" total="3407872" percent="52">
      <mem type="allocate" free="1795328" total="2097152" percent="85" />
      <mem type="survivor" free="0" total="1310720" percent="0" />
    </mem>
    <mem type="tenure" free="1932080" total="6160384" percent="31">
      <mem type="soa" free="1683248" total="5853184" percent="28" />
      <mem type="loa" free="248832" total="307200" percent="81" />
    </mem>
    <remembered-set count="969" />
  </mem-info>
</gc-end>
<cycle-end id="349" type="scavenge" contextid="343" timestamp="2019-06-17T06:04:31.115" />
  <attribute name="elasticGC enabled" value="1" />
  <attribute name= "numThreadsSpecified" value="4" />
  <attribute name="heapSize specified" value="9830400" />
  <attribute name="Current GC Util" value="75" />
  <attribute name= "Current Time Running" value="780" />
  <attribute name ="GC Interval" value="888" />
  <attribute name="ProportionalT" value="55.000000" />
  <attribute name="ProportionalI" value="55.000000" />
  <attribute name="ProportionalH" value="55.000000" />
  <attribute name="Current Error" value="55.000000" />
  <attribute name="IntegralT" value="825.000000" />
  <attribute name="IntegralI" value="825.000000" />
  <attribute name="IntegralH" value="825.000000" />
  <attribute name="DerivativeT" value="2.533333" />
  <attribute name="DerivativeI" value="2.533333" />
  <attribute name="DerivativeH" value="2.533333" />
  <attribute name="Loop Time for DT" value="15.000000" />
  <attribute name="Output H" value="8388608"/>
  <attribute name="Output I" value="888"/>
  <attribute name="Output T" value="4"/>
  <attribute name="Target GC Util Change" value ="20.000000" />
  <attribute name="Current GC Util Change" value="75.000000"/>
  <attribute name="GC Util currently" value="75" />
  <attribute name="CPU Util currently" value="322813485682" />
<allocation-satisfied id="350" threadId="0000000000DE5100" bytesRequested="40" />
<af-end id="351" timestamp="2019-06-17T06:04:31.116" threadId="0000000000DE5A88" success="true" from="nursery"/>
<exclusive-end id="352" timestamp="2019-06-17T06:04:31.116" durationms="1.189" />

<exclusive-start id="353" timestamp="2019-06-17T06:04:31.124" intervalms="9.991">
  <response-info timems="0.104" idlems="0.061" threads="1" lastid="0000000000DE1500" lastname="Thread-9" />
</exclusive-start>
<af-start id="354" threadId="0000000000DE5A88" totalBytesRequested="40" timestamp="2019-06-17T06:04:31.124" intervalms="9.919" type="nursery" />
<cycle-start id="355" type="scavenge" contextid="0" timestamp="2019-06-17T06:04:31.124" intervalms="9.878" />
<gc-start id="356" type="scavenge" contextid="355" timestamp="2019-06-17T06:04:31.125">
  <mem-info id="357" free="1932080" total="9568256" percent="20">
    <mem type="nursery" free="0" total="3407872" percent="0">
      <mem type="allocate" free="0" total="2097152" percent="0" />
      <mem type="survivor" free="0" total="1310720" percent="0" />
    </mem>
    <mem type="tenure" free="1932080" total="6160384" percent="31">
      <mem type="soa" free="1683248" total="5853184" percent="28" />
      <mem type="loa" free="248832" total="307200" percent="81" />
    </mem>
    <remembered-set count="1414" />
  </mem-info>
</gc-start>
<allocation-stats totalBytes="1794840" >
  <allocated-bytes non-tlh="40" tlh="1794800" />
  <largest-consumer threadName="Thread-10" threadId="0000000000DD9D00" bytes="950048" />
</allocation-stats>
<gc-op id="358" type="scavenge" timems="0.264" contextid="355" timestamp="2019-06-17T06:04:31.125">
  <scavenger-info tenureage="3" tenuremask="fff8" tiltratio="61" />
  <memory-copied type="nursery" objects="1450" bytes="36224" bytesdiscarded="265600" />
  <memory-copied type="tenure" objects="150" bytes="3600" bytesdiscarded="0" />
</gc-op>
<gc-end id="359" type="scavenge" contextid="355" durationms="0.456" usertimems="0.000" systemtimems="0.000" timestamp="2019-06-17T06:04:31.125" activeThreads="4">
  <mem-info id="360" free="3858224" total="9568256" percent="40">
    <mem type="nursery" free="2057472" total="3407872" percent="60">
      <mem type="allocate" free="2057472" total="2359296" percent="87" />
      <mem type="survivor" free="0" total="1048576" percent="0" />
    </mem>
    <mem type="tenure" free="1800752" total="6160384" percent="29">
      <mem type="soa" free="1551920" total="5853184" percent="26" />
      <mem type="loa" free="248832" total="307200" percent="81" />
    </mem>
    <remembered-set count="1263" />
  </mem-info>
</gc-end>
<cycle-end id="361" type="scavenge" contextid="355" timestamp="2019-06-17T06:04:31.125" />
  <attribute name="elasticGC enabled" value="1" />
  <attribute name= "numThreadsSpecified" value="4" />
  <attribute name="heapSize specified" value="9830400" />
  <attribute name="Current GC Util" value="7" />
  <attribute name= "Current Time Running" value="790" />
  <attribute name ="GC Interval" value="200" />
  <attribute name="ProportionalT" value="-13.000000" />
  <attribute name="ProportionalI" value="-13.000000" />
  <attribute name="ProportionalH" value="-13.000000" />
  <attribute name="Current Error" value="-13.000000" />
  <attribute name="IntegralT" value="-130.000000" />
  <attribute name="IntegralI" value="-130.000000" />
  <attribute name="IntegralH" value="-130.000000" />
  <attribute name="DerivativeT" value="-6.800000" />
  <attribute name="DerivativeI" value="-6.800000" />
  <attribute name="DerivativeH" value="-6.800000" />
  <attribute name="Loop Time for DT" value="10.000000" />
  <attribute name="Output H" value="2092630016"/>
  <attribute name="Output I" value="200"/>
  <attribute name="Output T" value="4"/>
  <attribute name="Target GC Util Change" value ="20.000000" />
  <attribute name="Current GC Util Change" value="7.000000"/>
  <attribute name="GC Util currently" value="7" />
  <attribute name="CPU Util currently" value="471156459017" />
<allocation-satisfied id="362" threadId="0000000000DE5100" bytesRequested="40" />
<af-end id="363" timestamp="2019-06-17T06:04:31.125" threadId="0000000000DE5A88" success="true" from="nursery"/>
<exclusive-end id="364" timestamp="2019-06-17T06:04:31.125" durationms="0.932" />

<exclusive-start id="365" timestamp="2019-06-17T06:04:31.131" intervalms="6.608">
  <response-info timems="0.032" idlems="0.032" threads="0" lastid="0000000000DDD900" lastname="Thread-8" />
</exclusive-start>
<af-start id="366" threadId="0000000000DDE288" totalBytesRequested="40" timestamp="2019-06-17T06:04:31.131" intervalms="6.603" type="nursery" />
<cycle-start id="367" type="scavenge" contextid="0" timestamp="2019-06-17T06:04:31.131" intervalms="6.600" />
<gc-start id="368" type="scavenge" contextid="367" timestamp="2019-06-17T06:04:31.131">
  <mem-info id="369" free="1800752" total="9568256" percent="18">
    <mem type="nursery" free="0" total="3407872" percent="0">
      <mem type="allocate" free="0" total="2359296" percent="0" />
      <mem type="survivor" free="0" total="1048576" percent="0" />
    </mem>
    <mem type="tenure" free="1800752" total="6160384" percent="29">
      <mem type="soa" free="1551920" total="5853184" percent="26" />
      <mem type="loa" free="248832" total="307200" percent="81" />
    </mem>
    <remembered-set count="2086" />
  </mem-info>
</gc-start>
<allocation-stats totalBytes="2056992" >
  <allocated-bytes non-tlh="40" tlh="2056952" />
  <largest-consumer threadName="Thread-8" threadId="0000000000DDD900" bytes="721960" />
</allocation-stats>
<gc-op id="370" type="scavenge" timems="0.329" contextid="367" timestamp="2019-06-17T06:04:31.132">
  <scavenger-info tenureage="3" tenuremask="ffe8" tiltratio="69" />
  <memory-copied type="nursery" objects="1858" bytes="45376" bytesdiscarded="203456" />
  <memory-copied type="tenure" objects="289" bytes="6936" bytesdiscarded="0" />
</gc-op>
<gc-end id="371" type="scavenge" contextid="367" durationms="0.520" usertimems="0.000" systemtimems="0.000" timestamp="2019-06-17T06:04:31.132" activeThreads="4">
  <mem-info id="372" free="4068656" total="9568256" percent="42">
    <mem type="nursery" free="2307072" total="3407872" percent="67">
      <mem type="allocate" free="2307072" total="2555904" percent="90" />
      <mem type="survivor" free="0" total="851968" percent="0" />
    </mem>
    <mem type="tenure" free="1761584" total="6160384" percent="28">
      <mem type="soa" free="1512752" total="5853184" percent="25" />
      <mem type="loa" free="248832" total="307200" percent="81" />
    </mem>
    <remembered-set count="1793" />
  </mem-info>
</gc-end>
<cycle-end id="373" type="scavenge" contextid="367" timestamp="2019-06-17T06:04:31.132" />
  <attribute name="elasticGC enabled" value="1" />
  <attribute name= "numThreadsSpecified" value="4" />
  <attribute name="heapSize specified" value="9830400" />
  <attribute name="Current GC Util" value="10" />
  <attribute name= "Current Time Running" value="796" />
  <attribute name ="GC Interval" value="200" />
  <attribute name="ProportionalT" value="-10.000000" />
  <attribute name="ProportionalI" value="-10.000000" />
  <attribute name="ProportionalH" value="-10.000000" />
  <attribute name="Current Error" value="-10.000000" />
  <attribute name="IntegralT" value="-60.000000" />
  <attribute name="IntegralI" value="-60.000000" />
  <attribute name="IntegralH" value="-60.000000" />
  <attribute name="DerivativeT" value="-1.666667" />
  <attribute name="DerivativeI" value="-1.666667" />
  <attribute name="DerivativeH" value="-1.666667" />
  <attribute name="Loop Time for DT" value="6.000000" />
  <attribute name="Output H" value="2092630016"/>
  <attribute name="Output I" value="200"/>
  <attribute name="Output T" value="4"/>
  <attribute name="Target GC Util Change" value ="20.000000" />
  <attribute name="Current GC Util Change" value="10.000000"/>
  <attribute name="GC Util currently" value="10" />
  <attribute name="CPU Util currently" value="700183851279" />
<allocation-satisfied id="374" threadId="0000000000DDD900" bytesRequested="40" />
<af-end id="375" timestamp="2019-06-17T06:04:31.132" threadId="0000000000DDE288" success="true" from="nursery"/>
<exclusive-end id="376" timestamp="2019-06-17T06:04:31.132" durationms="0.961" />

<exclusive-start id="377" timestamp="2019-06-17T06:04:31.139" intervalms="8.472">
  <response-info timems="0.031" idlems="0.031" threads="0" lastid="0000000000DE5100" lastname="Thread-7" />
</exclusive-start>
<af-start id="378" threadId="0000000000DE5A88" totalBytesRequested="40" timestamp="2019-06-17T06:04:31.140" intervalms="8.500" type="nursery" />
<cycle-start id="379" type="scavenge" contextid="0" timestamp="2019-06-17T06:04:31.140" intervalms="8.501" />
<gc-start id="380" type="scavenge" contextid="379" timestamp="2019-06-17T06:04:31.140">
  <mem-info id="381" free="1761584" total="9568256" percent="18">
    <mem type="nursery" free="0" total="3407872" percent="0">
      <mem type="allocate" free="0" total="2555904" percent="0" />
      <mem type="survivor" free="0" total="851968" percent="0" />
    </mem>
    <mem type="tenure" free="1761584" total="6160384" percent="28">
      <mem type="soa" free="1512752" total="5853184" percent="25" />
      <mem type="loa" free="248832" total="307200" percent="81" />
    </mem>
    <remembered-set count="2343" />
  </mem-info>
</gc-start>
<allocation-stats totalBytes="2306584" >
  <allocated-bytes non-tlh="40" tlh="2306544" />
  <largest-consumer threadName="Thread-8" threadId="0000000000DDD900" bytes="1131264" />
</allocation-stats>
<gc-op id="382" type="scavenge" timems="0.283" contextid="379" timestamp="2019-06-17T06:04:31.140">
  <scavenger-info tenureage="5" tenuremask="ffe0" tiltratio="75" />
  <memory-copied type="nursery" objects="2563" bytes="63096" bytesdiscarded="185736" />
</gc-op>
<gc-end id="383" type="scavenge" contextid="379" durationms="0.507" usertimems="0.000" systemtimems="0.000" timestamp="2019-06-17T06:04:31.140" activeThreads="4">
  <mem-info id="384" free="4199728" total="9568256" percent="43">
    <mem type="nursery" free="2438144" total="3407872" percent="71">
      <mem type="allocate" free="2438144" total="2686976" percent="90" />
      <mem type="survivor" free="0" total="720896" percent="0" />
    </mem>
    <mem type="tenure" free="1761584" total="6160384" percent="28">
      <mem type="soa" free="1512752" total="5853184" percent="25" />
      <mem type="loa" free="248832" total="307200" percent="81" />
    </mem>
    <remembered-set count="2342" />
  </mem-info>
</gc-end>
<cycle-end id="385" type="scavenge" contextid="379" timestamp="2019-06-17T06:04:31.140" />
  <attribute name="elasticGC enabled" value="1" />
  <attribute name= "numThreadsSpecified" value="4" />
  <attribute name="heapSize specified" value="9830400" />
  <attribute name="Current GC Util" value="8" />
  <attribute name= "Current Time Running" value="805" />
  <attribute name ="GC Interval" value="200" />
  <attribute name="ProportionalT" value="-12.000000" />
  <attribute name="ProportionalI" value="-12.000000" />
  <attribute name="ProportionalH" value="-12.000000" />
  <attribute name="Current Error" value="-12.000000" />
  <attribute name="IntegralT" value="-108.000000" />
  <attribute name="IntegralI" value="-108.000000" />
  <attribute name="IntegralH" value="-108.000000" />
  <attribute name="DerivativeT" value="-1.333333" />
  <attribute name="DerivativeI" value="-1.333333" />
  <attribute name="DerivativeH" value="-1.333333" />
  <attribute name="Loop Time for DT" value="9.000000" />
  <attribute name="Output H" value="2092630016"/>
  <attribute name="Output I" value="200"/>
  <attribute name="Output T" value="4"/>
  <attribute name="Target GC Util Change" value ="20.000000" />
  <attribute name="Current GC Util Change" value="8.000000"/>
  <attribute name="GC Util currently" value="8" />
  <attribute name="CPU Util currently" value="541227517256" />
<allocation-satisfied id="386" threadId="0000000000DE5100" bytesRequested="40" />
<af-end id="387" timestamp="2019-06-17T06:04:31.140" threadId="0000000000DE5A88" success="true" from="nursery"/>
<exclusive-end id="388" timestamp="2019-06-17T06:04:31.140" durationms="1.038" />

<exclusive-start id="389" timestamp="2019-06-17T06:04:31.145" intervalms="5.610">
  <response-info timems="0.028" idlems="0.028" threads="0" lastid="0000000000DD9D00" lastname="Thread-10" />
</exclusive-start>
<af-start id="390" threadId="0000000000DDA688" totalBytesRequested="40" timestamp="2019-06-17T06:04:31.145" intervalms="5.570" type="nursery" />
<cycle-start id="391" type="scavenge" contextid="0" timestamp="2019-06-17T06:04:31.145" intervalms="5.562" />
<gc-start id="392" type="scavenge" contextid="391" timestamp="2019-06-17T06:04:31.145">
  <mem-info id="393" free="1761584" total="9568256" percent="18">
    <mem type="nursery" free="0" total="3407872" percent="0">
      <mem type="allocate" free="0" total="2686976" percent="0" />
      <mem type="survivor" free="0" total="720896" percent="0" />
    </mem>
    <mem type="tenure" free="1761584" total="6160384" percent="28">
      <mem type="soa" free="1512752" total="5853184" percent="25" />
      <mem type="loa" free="248832" total="307200" percent="81" />
    </mem>
    <remembered-set count="3023" />
  </mem-info>
</gc-start>
<allocation-stats totalBytes="2437560" >
  <allocated-bytes non-tlh="40" tlh="2437520" />
  <largest-consumer threadName="Thread-10" threadId="0000000000DD9D00" bytes="852704" />
</allocation-stats>
<gc-op id="394" type="scavenge" timems="0.290" contextid="391" timestamp="2019-06-17T06:04:31.146">
  <scavenger-info tenureage="3" tenuremask="fff8" tiltratio="78" />
  <memory-copied type="nursery" objects="2253" bytes="55192" bytesdiscarded="154472" />
  <memory-copied type="tenure" objects="882" bytes="21168" bytesdiscarded="0" />
</gc-op>
<gc-end id="395" type="scavenge" contextid="391" durationms="0.467" usertimems="4.000" systemtimems="0.000" timestamp="2019-06-17T06:04:31.146" activeThreads="4">
  <mem-info id="396" free="4199472" total="9568256" percent="43">
    <mem type="nursery" free="2608384" total="3407872" percent="76">
      <mem type="allocate" free="2608384" total="2818048" percent="92" />
      <mem type="survivor" free="0" total="589824" percent="0" />
    </mem>
    <mem type="tenure" free="1591088" total="6160384" percent="25">
      <mem type="soa" free="1342256" total="5853184" percent="22" />
      <mem type="loa" free="248832" total="307200" percent="81" />
    </mem>
    <remembered-set count="2141" />
  </mem-info>
</gc-end>
<cycle-end id="397" type="scavenge" contextid="391" timestamp="2019-06-17T06:04:31.146" />
  <attribute name="elasticGC enabled" value="1" />
  <attribute name= "numThreadsSpecified" value="4" />
  <attribute name="heapSize specified" value="9830400" />
  <attribute name="Current GC Util" value="14" />
  <attribute name= "Current Time Running" value="810" />
  <attribute name ="GC Interval" value="200" />
  <attribute name="ProportionalT" value="-6.000000" />
  <attribute name="ProportionalI" value="-6.000000" />
  <attribute name="ProportionalH" value="-6.000000" />
  <attribute name="Current Error" value="-6.000000" />
  <attribute name="IntegralT" value="-30.000000" />
  <attribute name="IntegralI" value="-30.000000" />
  <attribute name="IntegralH" value="-30.000000" />
  <attribute name="DerivativeT" value="-1.200000" />
  <attribute name="DerivativeI" value="-1.200000" />
  <attribute name="DerivativeH" value="-1.200000" />
  <attribute name="Loop Time for DT" value="5.000000" />
  <attribute name="Output H" value="2092630016"/>
  <attribute name="Output I" value="200"/>
  <attribute name="Output T" value="4"/>
  <attribute name="Target GC Util Change" value ="20.000000" />
  <attribute name="Current GC Util Change" value="14.000000"/>
  <attribute name="GC Util currently" value="14" />
  <attribute name="CPU Util currently" value="834988701263" />
<allocation-satisfied id="398" threadId="0000000000DD9D00" bytesRequested="40" />
<af-end id="399" timestamp="2019-06-17T06:04:31.146" threadId="0000000000DDA688" success="true" from="nursery"/>
<exclusive-end id="400" timestamp="2019-06-17T06:04:31.146" durationms="0.881" />

<exclusive-start id="401" timestamp="2019-06-17T06:04:31.151" intervalms="6.410">
  <response-info timems="0.204" idlems="0.111" threads="1" lastid="0000000000DE1500" lastname="Thread-9" />
</exclusive-start>
<af-start id="402" threadId="0000000000DDA688" totalBytesRequested="40" timestamp="2019-06-17T06:04:31.152" intervalms="6.430" type="nursery" />
<cycle-start id="403" type="scavenge" contextid="0" timestamp="2019-06-17T06:04:31.152" intervalms="6.462" />
<gc-start id="404" type="scavenge" contextid="403" timestamp="2019-06-17T06:04:31.152">
  <mem-info id="405" free="1591088" total="9568256" percent="16">
    <mem type="nursery" free="0" total="3407872" percent="0">
      <mem type="allocate" free="0" total="2818048" percent="0" />
      <mem type="survivor" free="0" total="589824" percent="0" />
    </mem>
    <mem type="tenure" free="1591088" total="6160384" percent="25">
      <mem type="soa" free="1342256" total="5853184" percent="22" />
      <mem type="loa" free="248832" total="307200" percent="81" />
    </mem>
    <remembered-set count="2713" />
  </mem-info>
</gc-start>
<allocation-stats totalBytes="2607816" >
  <allocated-bytes non-tlh="40" tlh="2607776" />
  <largest-consumer threadName="Thread-10" threadId="0000000000DD9D00" bytes="1072144" />
</allocation-stats>
<gc-op id="406" type="scavenge" timems="0.288" contextid="403" timestamp="2019-06-17T06:04:31.152">
  <scavenger-info tenureage="3" tenuremask="ffc8" tiltratio="82" />
  <memory-copied type="nursery" objects="2020" bytes="49680" bytesdiscarded="159984" />
  <memory-copied type="tenure" objects="821" bytes="19704" bytesdiscarded="0" />
</gc-op>
<gc-end id="407" type="scavenge" contextid="403" durationms="0.488" usertimems="0.000" systemtimems="0.000" timestamp="2019-06-17T06:04:31.152" activeThreads="4">
  <mem-info id="408" free="4133680" total="9568256" percent="43">
    <mem type="nursery" free="2673920" total="3407872" percent="78">
      <mem type="allocate" free="2673920" total="2883584" percent="92" />
      <mem type="survivor" free="0" total="524288" percent="0" />
    </mem>
    <mem type="tenure" free="1459760" total="6160384" percent="23">
      <mem type="soa" free="1210928" total="5853184" percent="20" />
      <mem type="loa" free="248832" total="307200" percent="81" />
    </mem>
    <remembered-set count="1892" />
  </mem-info>
</gc-end>
<cycle-end id="409" type="scavenge" contextid="403" timestamp="2019-06-17T06:04:31.152" />
  <attribute name="elasticGC enabled" value="1" />
  <attribute name= "numThreadsSpecified" value="4" />
  <attribute name="heapSize specified" value="9830400" />
  <attribute name="Current GC Util" value="12" />
  <attribute name= "Current Time Running" value="817" />
  <attribute name ="GC Interval" value="200" />
  <attribute name="ProportionalT" value="-8.000000" />
  <attribute name="ProportionalI" value="-8.000000" />
  <attribute name="ProportionalH" value="-8.000000" />
  <attribute name="Current Error" value="-8.000000" />
  <attribute name="IntegralT" value="-56.000000" />
  <attribute name="IntegralI" value="-56.000000" />
  <attribute name="IntegralH" value="-56.000000" />
  <attribute name="DerivativeT" value="-1.142857" />
  <attribute name="DerivativeI" value="-1.142857" />
  <attribute name="DerivativeH" value="-1.142857" />
  <attribute name="Loop Time for DT" value="7.000000" />
  <attribute name="Output H" value="2092630016"/>
  <attribute name="Output I" value="200"/>
  <attribute name="Output T" value="4"/>
  <attribute name="Target GC Util Change" value ="20.000000" />
  <attribute name="Current GC Util Change" value="12.000000"/>
  <attribute name="GC Util currently" value="12" />
  <attribute name="CPU Util currently" value="713243132050" />
<allocation-satisfied id="410" threadId="0000000000DD9D00" bytesRequested="40" />
<af-end id="411" timestamp="2019-06-17T06:04:31.152" threadId="0000000000DDA688" success="true" from="nursery"/>
<exclusive-end id="412" timestamp="2019-06-17T06:04:31.152" durationms="1.035" />

<exclusive-start id="413" timestamp="2019-06-17T06:04:31.158" intervalms="7.056">
  <response-info timems="0.172" idlems="0.172" threads="0" lastid="0000000000DE5100" lastname="Thread-7" />
</exclusive-start>
<af-start id="414" threadId="0000000000DE5A88" totalBytesRequested="40" timestamp="2019-06-17T06:04:31.159" intervalms="7.060" type="nursery" />
<cycle-start id="415" type="scavenge" contextid="0" timestamp="2019-06-17T06:04:31.159" intervalms="7.040" />
<gc-start id="416" type="scavenge" contextid="415" timestamp="2019-06-17T06:04:31.159">
  <mem-info id="417" free="1459760" total="9568256" percent="15">
    <mem type="nursery" free="0" total="3407872" percent="0">
      <mem type="allocate" free="0" total="2883584" percent="0" />
      <mem type="survivor" free="0" total="524288" percent="0" />
    </mem>
    <mem type="tenure" free="1459760" total="6160384" percent="23">
      <mem type="soa" free="1210928" total="5853184" percent="20" />
      <mem type="loa" free="248832" total="307200" percent="81" />
    </mem>
    <remembered-set count="2455" />
  </mem-info>
</gc-start>
<allocation-stats totalBytes="2673320" >
  <allocated-bytes non-tlh="40" tlh="2673280" />
  <largest-consumer threadName="Thread-7" threadId="0000000000DE5100" bytes="1366960" />
</allocation-stats>
<gc-op id="418" type="scavenge" timems="0.311" contextid="415" timestamp="2019-06-17T06:04:31.159">
  <scavenger-info tenureage="3" tenuremask="ffe8" tiltratio="84" />
  <memory-copied type="nursery" objects="2096" bytes="51776" bytesdiscarded="157888" />
  <memory-copied type="tenure" objects="554" bytes="13296" bytesdiscarded="0" />
</gc-op>
<gc-end id="419" type="scavenge" contextid="415" durationms="0.496" usertimems="0.000" systemtimems="0.000" timestamp="2019-06-17T06:04:31.159" activeThreads="4">
  <mem-info id="420" free="4264752" total="9568256" percent="44">
    <mem type="nursery" free="2804992" total="3407872" percent="82">
      <mem type="allocate" free="2804992" total="3014656" percent="93" />
      <mem type="survivor" free="0" total="393216" percent="0" />
    </mem>
    <mem type="tenure" free="1459760" total="6160384" percent="23">
      <mem type="soa" free="1210928" total="5853184" percent="20" />
      <mem type="loa" free="248832" total="307200" percent="81" />
    </mem>
    <remembered-set count="1901" />
  </mem-info>
</gc-end>
<cycle-end id="421" type="scavenge" contextid="415" timestamp="2019-06-17T06:04:31.159" />
  <attribute name="elasticGC enabled" value="1" />
  <attribute name= "numThreadsSpecified" value="4" />
  <attribute name="heapSize specified" value="9830400" />
  <attribute name="Current GC Util" value="11" />
  <attribute name= "Current Time Running" value="824" />
  <attribute name ="GC Interval" value="200" />
  <attribute name="ProportionalT" value="-9.000000" />
  <attribute name="ProportionalI" value="-9.000000" />
  <attribute name="ProportionalH" value="-9.000000" />
  <attribute name="Current Error" value="-9.000000" />
  <attribute name="IntegralT" value="-63.000000" />
  <attribute name="IntegralI" value="-63.000000" />
  <attribute name="IntegralH" value="-63.000000" />
  <attribute name="DerivativeT" value="-1.285714" />
  <attribute name="DerivativeI" value="-1.285714" />
  <attribute name="DerivativeH" value="-1.285714" />
  <attribute name="Loop Time for DT" value="7.000000" />
  <attribute name="Output H" value="2092630016"/>
  <attribute name="Output I" value="200"/>
  <attribute name="Output T" value="4"/>
  <attribute name="Target GC Util Change" value ="20.000000" />
  <attribute name="Current GC Util Change" value="11.000000"/>
  <attribute name="GC Util currently" value="11" />
  <attribute name="CPU Util currently" value="653236448380" />
<allocation-satisfied id="422" threadId="0000000000DE5100" bytesRequested="40" />
<af-end id="423" timestamp="2019-06-17T06:04:31.159" threadId="0000000000DE5A88" success="true" from="nursery"/>
<exclusive-end id="424" timestamp="2019-06-17T06:04:31.159" durationms="0.974" />

<exclusive-start id="425" timestamp="2019-06-17T06:04:31.163" intervalms="4.697">
  <response-info timems="0.026" idlems="0.023" threads="1" lastid="0000000000DDD900" lastname="Thread-8" />
</exclusive-start>
<af-start id="426" threadId="0000000000DE5A88" totalBytesRequested="40" timestamp="2019-06-17T06:04:31.163" intervalms="4.679" type="nursery" />
<cycle-start id="427" type="scavenge" contextid="0" timestamp="2019-06-17T06:04:31.163" intervalms="4.680" />
<gc-start id="428" type="scavenge" contextid="427" timestamp="2019-06-17T06:04:31.163">
  <mem-info id="429" free="1459760" total="9568256" percent="15">
    <mem type="nursery" free="0" total="3407872" percent="0">
      <mem type="allocate" free="0" total="3014656" percent="0" />
      <mem type="survivor" free="0" total="393216" percent="0" />
    </mem>
    <mem type="tenure" free="1459760" total="6160384" percent="23">
      <mem type="soa" free="1210928" total="5853184" percent="20" />
      <mem type="loa" free="248832" total="307200" percent="81" />
    </mem>
    <remembered-set count="2669" />
  </mem-info>
</gc-start>
<allocation-stats totalBytes="2804352" >
  <allocated-bytes non-tlh="40" tlh="2804312" />
  <largest-consumer threadName="Thread-10" threadId="0000000000DD9D00" bytes="950080" />
</allocation-stats>
<gc-op id="430" type="scavenge" timems="0.303" contextid="427" timestamp="2019-06-17T06:04:31.164">
  <scavenger-info tenureage="3" tenuremask="ffe8" tiltratio="88" />
  <memory-copied type="nursery" objects="2207" bytes="54536" bytesdiscarded="155128" />
  <memory-copied type="tenure" objects="680" bytes="16320" bytesdiscarded="0" />
</gc-op>
<gc-end id="431" type="scavenge" contextid="427" durationms="0.488" usertimems="0.000" systemtimems="0.000" timestamp="2019-06-17T06:04:31.164" activeThreads="4">
  <mem-info id="432" free="4264752" total="9568256" percent="44">
    <mem type="nursery" free="2804992" total="3407872" percent="82">
      <mem type="allocate" free="2804992" total="3014656" percent="93" />
      <mem type="survivor" free="0" total="393216" percent="0" />
    </mem>
    <mem type="tenure" free="1459760" total="6160384" percent="23">
      <mem type="soa" free="1210928" total="5853184" percent="20" />
      <mem type="loa" free="248832" total="307200" percent="81" />
    </mem>
    <remembered-set count="1989" />
  </mem-info>
</gc-end>
<cycle-end id="433" type="scavenge" contextid="427" timestamp="2019-06-17T06:04:31.164" />
  <attribute name="elasticGC enabled" value="1" />
  <attribute name= "numThreadsSpecified" value="4" />
  <attribute name="heapSize specified" value="9830400" />
  <attribute name="Current GC Util" value="17" />
  <attribute name= "Current Time Running" value="828" />
  <attribute name ="GC Interval" value="200" />
  <attribute name="ProportionalT" value="-3.000000" />
  <attribute name="ProportionalI" value="-3.000000" />
  <attribute name="ProportionalH" value="-3.000000" />
  <attribute name="Current Error" value="-3.000000" />
  <attribute name="IntegralT" value="-12.000000" />
  <attribute name="IntegralI" value="-12.000000" />
  <attribute name="IntegralH" value="-12.000000" />
  <attribute name="DerivativeT" value="-0.750000" />
  <attribute name="DerivativeI" value="-0.750000" />
  <attribute name="DerivativeH" value="-0.750000" />
  <attribute name="Loop Time for DT" value="4.000000" />
  <attribute name="Output H" value="2092630016"/>
  <attribute name="Output I" value="200"/>
  <attribute name="Output T" value="4"/>
  <attribute name="Target GC Util Change" value ="20.000000" />
  <attribute name="Current GC Util Change" value="17.000000"/>
  <attribute name="GC Util currently" value="17" />
  <attribute name="CPU Util currently" value="986272727399" />
<allocation-satisfied id="434" threadId="0000000000DE5100" bytesRequested="40" />
<af-end id="435" timestamp="2019-06-17T06:04:31.164" threadId="0000000000DE5A88" success="true" from="nursery"/>
<exclusive-end id="436" timestamp="2019-06-17T06:04:31.164" durationms="0.953" />

<exclusive-start id="437" timestamp="2019-06-17T06:04:31.164" intervalms="1.054">
  <response-info timems="0.025" idlems="0.025" threads="0" lastid="0000000000DDD900" lastname="Thread-8" />
</exclusive-start>
<event id="438" timestamp="2019-06-17T06:04:31.164">
  <warning details="exclusive access acquired to satisfy allocation" />
</event>
<exclusive-end id="439" timestamp="2019-06-17T06:04:31.164" durationms="0.109" />

<exclusive-start id="440" timestamp="2019-06-17T06:04:31.170" intervalms="5.934">
  <response-info timems="0.127" idlems="0.071" threads="1" lastid="0000000000DE5100" lastname="Thread-7" />
</exclusive-start>
<af-start id="441" threadId="0000000000DDA688" totalBytesRequested="40" timestamp="2019-06-17T06:04:31.170" intervalms="6.987" type="nursery" />
<cycle-start id="442" type="scavenge" contextid="0" timestamp="2019-06-17T06:04:31.170" intervalms="6.981" />
<gc-start id="443" type="scavenge" contextid="442" timestamp="2019-06-17T06:04:31.170">
  <mem-info id="444" free="1459760" total="9568256" percent="15">
    <mem type="nursery" free="0" total="3407872" percent="0">
      <mem type="allocate" free="0" total="3014656" percent="0" />
      <mem type="survivor" free="0" total="393216" percent="0" />
    </mem>
    <mem type="tenure" free="1459760" total="6160384" percent="23">
      <mem type="soa" free="1210928" total="5853184" percent="20" />
      <mem type="loa" free="248832" total="307200" percent="81" />
    </mem>
    <remembered-set count="2457" />
  </mem-info>
</gc-start>
<allocation-stats totalBytes="2804384" >
  <allocated-bytes non-tlh="40" tlh="2804344" />
  <largest-consumer threadName="Thread-10" threadId="0000000000DD9D00" bytes="1371016" />
</allocation-stats>
<gc-op id="445" type="scavenge" timems="0.313" contextid="442" timestamp="2019-06-17T06:04:31.171">
  <scavenger-info tenureage="5" tenuremask="ffe0" tiltratio="88" />
  <memory-copied type="nursery" objects="2548" bytes="62144" bytesdiscarded="186688" />
</gc-op>
<gc-end id="446" type="scavenge" contextid="442" durationms="0.489" usertimems="0.000" systemtimems="0.000" timestamp="2019-06-17T06:04:31.171" activeThreads="4">
  <mem-info id="447" free="4225584" total="9568256" percent="44">
    <mem type="nursery" free="2765824" total="3407872" percent="81">
      <mem type="allocate" free="2765824" total="3014656" percent="91" />
      <mem type="survivor" free="0" total="393216" percent="0" />
    </mem>
    <mem type="tenure" free="1459760" total="6160384" percent="23">
      <mem type="soa" free="1210928" total="5853184" percent="20" />
      <mem type="loa" free="248832" total="307200" percent="81" />
    </mem>
    <remembered-set count="2457" />
  </mem-info>
</gc-end>
<cycle-end id="448" type="scavenge" contextid="442" timestamp="2019-06-17T06:04:31.171" />
  <attribute name="elasticGC enabled" value="1" />
  <attribute name= "numThreadsSpecified" value="4" />
  <attribute name="heapSize specified" value="9830400" />
  <attribute name="Current GC Util" value="10" />
  <attribute name= "Current Time Running" value="835" />
  <attribute name ="GC Interval" value="200" />
  <attribute name="ProportionalT" value="-10.000000" />
  <attribute name="ProportionalI" value="-10.000000" />
  <attribute name="ProportionalH" value="-10.000000" />
  <attribute name="Current Error" value="-10.000000" />
  <attribute name="IntegralT" value="-70.000000" />
  <attribute name="IntegralI" value="-70.000000" />
  <attribute name="IntegralH" value="-70.000000" />
  <attribute name="DerivativeT" value="-1.428571" />
  <attribute name="DerivativeI" value="-1.428571" />
  <attribute name="DerivativeH" value="-1.428571" />
  <attribute name="Loop Time for DT" value="7.000000" />
  <attribute name="Output H" value="2092630016"/>
  <attribute name="Output I" value="200"/>
  <attribute name="Output T" value="4"/>
  <attribute name="Target GC Util Change" value ="20.000000" />
  <attribute name="Current GC Util Change" value="10.000000"/>
  <attribute name="GC Util currently" value="10" />
  <attribute name="CPU Util currently" value="661871267953" />
<allocation-satisfied id="449" threadId="0000000000DD9D00" bytesRequested="40" />
<af-end id="450" timestamp="2019-06-17T06:04:31.171" threadId="0000000000DDA688" success="true" from="nursery"/>
<exclusive-end id="451" timestamp="2019-06-17T06:04:31.171" durationms="0.919" />

<exclusive-start id="452" timestamp="2019-06-17T06:04:31.177" intervalms="6.434">
  <response-info timems="0.078" idlems="0.078" threads="0" lastid="0000000000DDD900" lastname="Thread-8" />
</exclusive-start>
<af-start id="453" threadId="0000000000DDE288" totalBytesRequested="40" timestamp="2019-06-17T06:04:31.177" intervalms="6.422" type="nursery" />
<cycle-start id="454" type="scavenge" contextid="0" timestamp="2019-06-17T06:04:31.177" intervalms="6.416" />
<gc-start id="455" type="scavenge" contextid="454" timestamp="2019-06-17T06:04:31.177">
  <mem-info id="456" free="1459760" total="9568256" percent="15">
    <mem type="nursery" free="0" total="3407872" percent="0">
      <mem type="allocate" free="0" total="3014656" percent="0" />
      <mem type="survivor" free="0" total="393216" percent="0" />
    </mem>
    <mem type="tenure" free="1459760" total="6160384" percent="23">
      <mem type="soa" free="1210928" total="5853184" percent="20" />
      <mem type="loa" free="248832" total="307200" percent="81" />
    </mem>
    <remembered-set count="2922" />
  </mem-info>
</gc-start>
<allocation-stats totalBytes="2765304" >
  <allocated-bytes non-tlh="40" tlh="2765264" />
  <largest-consumer threadName="Thread-7" threadId="0000000000DE5100" bytes="1449720" />
</allocation-stats>
<gc-op id="457" type="scavenge" timems="0.283" contextid="454" timestamp="2019-06-17T06:04:31.177">
  <scavenger-info tenureage="4" tenuremask="fff0" tiltratio="88" />
  <memory-copied type="nursery" objects="2541" bytes="62424" bytesdiscarded="208680" />
  <memory-copied type="tenure" objects="570" bytes="13680" bytesdiscarded="0" />
</gc-op>
<gc-end id="458" type="scavenge" contextid="454" durationms="0.474" usertimems="0.000" systemtimems="0.000" timestamp="2019-06-17T06:04:31.177" activeThreads="4">
  <mem-info id="459" free="4203312" total="9568256" percent="43">
    <mem type="nursery" free="2743552" total="3407872" percent="80">
      <mem type="allocate" free="2743552" total="3014656" percent="91" />
      <mem type="survivor" free="0" total="393216" percent="0" />
    </mem>
    <mem type="tenure" free="1459760" total="6160384" percent="23">
      <mem type="soa" free="1210928" total="5853184" percent="20" />
      <mem type="loa" free="248832" total="307200" percent="81" />
    </mem>
    <remembered-set count="2352" />
  </mem-info>
</gc-end>
<cycle-end id="460" type="scavenge" contextid="454" timestamp="2019-06-17T06:04:31.177" />
  <attribute name="elasticGC enabled" value="1" />
  <attribute name= "numThreadsSpecified" value="4" />
  <attribute name="heapSize specified" value="9830400" />
  <attribute name="Current GC Util" value="12" />
  <attribute name= "Current Time Running" value="842" />
  <attribute name ="GC Interval" value="200" />
  <attribute name="ProportionalT" value="-8.000000" />
  <attribute name="ProportionalI" value="-8.000000" />
  <attribute name="ProportionalH" value="-8.000000" />
  <attribute name="Current Error" value="-8.000000" />
  <attribute name="IntegralT" value="-56.000000" />
  <attribute name="IntegralI" value="-56.000000" />
  <attribute name="IntegralH" value="-56.000000" />
  <attribute name="DerivativeT" value="-1.142857" />
  <attribute name="DerivativeI" value="-1.142857" />
  <attribute name="DerivativeH" value="-1.142857" />
  <attribute name="Loop Time for DT" value="7.000000" />
  <attribute name="Output H" value="2092630016"/>
  <attribute name="Output I" value="200"/>
  <attribute name="Output T" value="4"/>
  <attribute name="Target GC Util Change" value ="20.000000" />
  <attribute name="Current GC Util Change" value="12.000000"/>
  <attribute name="GC Util currently" value="12" />
  <attribute name="CPU Util currently" value="719082495642" />
<allocation-satisfied id="461" threadId="0000000000DDD900" bytesRequested="40" />
<af-end id="462" timestamp="2019-06-17T06:04:31.177" threadId="0000000000DDE288" success="true" from="nursery"/>
<exclusive-end id="463" timestamp="2019-06-17T06:04:31.177" durationms="0.883" />

<exclusive-start id="464" timestamp="2019-06-17T06:04:31.181" intervalms="4.884">
  <response-info timems="0.026" idlems="0.026" threads="0" lastid="0000000000DDD900" lastname="Thread-8" />
</exclusive-start>
<af-start id="465" threadId="0000000000DDE288" totalBytesRequested="24" timestamp="2019-06-17T06:04:31.182" intervalms="4.941" type="nursery" />
<cycle-start id="466" type="scavenge" contextid="0" timestamp="2019-06-17T06:04:31.182" intervalms="4.998" />
<gc-start id="467" type="scavenge" contextid="466" timestamp="2019-06-17T06:04:31.182">
  <mem-info id="468" free="1459760" total="9568256" percent="15">
    <mem type="nursery" free="0" total="3407872" percent="0">
      <mem type="allocate" free="0" total="3014656" percent="0" />
      <mem type="survivor" free="0" total="393216" percent="0" />
    </mem>
    <mem type="tenure" free="1459760" total="6160384" percent="23">
      <mem type="soa" free="1210928" total="5853184" percent="20" />
      <mem type="loa" free="248832" total="307200" percent="81" />
    </mem>
    <remembered-set count="2991" />
  </mem-info>
</gc-start>
<allocation-stats totalBytes="2742848" >
  <allocated-bytes non-tlh="40" tlh="2742808" />
  <largest-consumer threadName="Thread-10" threadId="0000000000DD9D00" bytes="1166256" />
</allocation-stats>
<gc-op id="469" type="scavenge" timems="0.294" contextid="466" timestamp="2019-06-17T06:04:31.182">
  <scavenger-info tenureage="3" tenuremask="ffd8" tiltratio="88" />
  <memory-copied type="nursery" objects="1864" bytes="46224" bytesdiscarded="317040" />
  <memory-copied type="tenure" objects="1327" bytes="31848" bytesdiscarded="0" />
</gc-op>
<gc-end id="470" type="scavenge" contextid="466" durationms="0.485" usertimems="0.000" systemtimems="0.000" timestamp="2019-06-17T06:04:31.182" activeThreads="4">
  <mem-info id="471" free="3848496" total="9568256" percent="40">
    <mem type="nursery" free="2651392" total="3407872" percent="77">
      <mem type="allocate" free="2651392" total="3014656" percent="87" />
      <mem type="survivor" free="0" total="393216" percent="0" />
    </mem>
    <mem type="tenure" free="1197104" total="6160384" percent="19">
      <mem type="soa" free="948272" total="5853184" percent="16" />
      <mem type="loa" free="248832" total="307200" percent="81" />
    </mem>
    <remembered-set count="1664" />
  </mem-info>
</gc-end>
<cycle-end id="472" type="scavenge" contextid="466" timestamp="2019-06-17T06:04:31.182" />
  <attribute name="elasticGC enabled" value="1" />
  <attribute name= "numThreadsSpecified" value="4" />
  <attribute name="heapSize specified" value="9830400" />
  <attribute name="Current GC Util" value="15" />
  <attribute name= "Current Time Running" value="847" />
  <attribute name ="GC Interval" value="200" />
  <attribute name="ProportionalT" value="-5.000000" />
  <attribute name="ProportionalI" value="-5.000000" />
  <attribute name="ProportionalH" value="-5.000000" />
  <attribute name="Current Error" value="-5.000000" />
  <attribute name="IntegralT" value="-25.000000" />
  <attribute name="IntegralI" value="-25.000000" />
  <attribute name="IntegralH" value="-25.000000" />
  <attribute name="DerivativeT" value="-1.000000" />
  <attribute name="DerivativeI" value="-1.000000" />
  <attribute name="DerivativeH" value="-1.000000" />
  <attribute name="Loop Time for DT" value="5.000000" />
  <attribute name="Output H" value="2092630016"/>
  <attribute name="Output I" value="200"/>
  <attribute name="Output T" value="4"/>
  <attribute name="Target GC Util Change" value ="20.000000" />
  <attribute name="Current GC Util Change" value="15.000000"/>
  <attribute name="GC Util currently" value="15" />
  <attribute name="CPU Util currently" value="917325304739" />
<allocation-satisfied id="473" threadId="0000000000DDD900" bytesRequested="24" />
<af-end id="474" timestamp="2019-06-17T06:04:31.183" threadId="0000000000DDE288" success="true" from="nursery"/>
<exclusive-end id="475" timestamp="2019-06-17T06:04:31.183" durationms="1.146" />

<exclusive-start id="476" timestamp="2019-06-17T06:04:31.186" intervalms="4.457">
  <response-info timems="0.047" idlems="0.047" threads="0" lastid="0000000000DE5100" lastname="Thread-7" />
</exclusive-start>
<af-start id="477" threadId="0000000000DE5A88" totalBytesRequested="24" timestamp="2019-06-17T06:04:31.186" intervalms="4.409" type="nursery" />
<cycle-start id="478" type="scavenge" contextid="0" timestamp="2019-06-17T06:04:31.186" intervalms="4.359" />
<gc-start id="479" type="scavenge" contextid="478" timestamp="2019-06-17T06:04:31.186">
  <mem-info id="480" free="1197104" total="9568256" percent="12">
    <mem type="nursery" free="0" total="3407872" percent="0">
      <mem type="allocate" free="0" total="3014656" percent="0" />
      <mem type="survivor" free="0" total="393216" percent="0" />
    </mem>
    <mem type="tenure" free="1197104" total="6160384" percent="19">
      <mem type="soa" free="948272" total="5853184" percent="16" />
      <mem type="loa" free="248832" total="307200" percent="81" />
    </mem>
    <remembered-set count="2155" />
  </mem-info>
</gc-start>
<allocation-stats totalBytes="2650896" >
  <allocated-bytes non-tlh="24" tlh="2650872" />
  <largest-consumer threadName="Thread-10" threadId="0000000000DD9D00" bytes="909192" />
</allocation-stats>
<gc-op id="481" type="scavenge" timems="0.248" contextid="478" timestamp="2019-06-17T06:04:31.187">
  <scavenger-info tenureage="6" tenuremask="ffc0" tiltratio="88" />
  <memory-copied type="nursery" objects="2356" bytes="58016" bytesdiscarded="98656" />
</gc-op>
<gc-end id="482" type="scavenge" contextid="478" durationms="0.426" usertimems="0.000" systemtimems="0.000" timestamp="2019-06-17T06:04:31.187" activeThreads="4">
  <mem-info id="483" free="4055088" total="9568256" percent="42">
    <mem type="nursery" free="2857984" total="3407872" percent="83">
      <mem type="allocate" free="2857984" total="3014656" percent="94" />
      <mem type="survivor" free="0" total="393216" percent="0" />
    </mem>
    <mem type="tenure" free="1197104" total="6160384" percent="19">
      <mem type="soa" free="948272" total="5853184" percent="16" />
      <mem type="loa" free="248832" total="307200" percent="81" />
    </mem>
    <remembered-set count="2155" />
  </mem-info>
</gc-end>
<cycle-end id="484" type="scavenge" contextid="478" timestamp="2019-06-17T06:04:31.187" />
  <attribute name="elasticGC enabled" value="1" />
  <attribute name= "numThreadsSpecified" value="4" />
  <attribute name="heapSize specified" value="9830400" />
  <attribute name="Current GC Util" value="18" />
  <attribute name= "Current Time Running" value="851" />
  <attribute name ="GC Interval" value="200" />
  <attribute name="ProportionalT" value="-2.000000" />
  <attribute name="ProportionalI" value="-2.000000" />
  <attribute name="ProportionalH" value="-2.000000" />
  <attribute name="Current Error" value="-2.000000" />
  <attribute name="IntegralT" value="-8.000000" />
  <attribute name="IntegralI" value="-8.000000" />
  <attribute name="IntegralH" value="-8.000000" />
  <attribute name="DerivativeT" value="-0.500000" />
  <attribute name="DerivativeI" value="-0.500000" />
  <attribute name="DerivativeH" value="-0.500000" />
  <attribute name="Loop Time for DT" value="4.000000" />
  <attribute name="Output H" value="2092630016"/>
  <attribute name="Output I" value="200"/>
  <attribute name="Output T" value="4"/>
  <attribute name="Target GC Util Change" value ="20.000000" />
  <attribute name="Current GC Util Change" value="18.000000"/>
  <attribute name="GC Util currently" value="18" />
  <attribute name="CPU Util currently" value="1061937854583" />
<allocation-satisfied id="485" threadId="0000000000DE5100" bytesRequested="24" />
<af-end id="486" timestamp="2019-06-17T06:04:31.187" threadId="0000000000DE5A88" success="true" from="nursery"/>
<exclusive-end id="487" timestamp="2019-06-17T06:04:31.187" durationms="0.869" />

<exclusive-start id="488" timestamp="2019-06-17T06:04:31.190" intervalms="4.339">
  <response-info timems="0.021" idlems="0.021" threads="0" lastid="0000000000DD9D00" lastname="Thread-10" />
</exclusive-start>
<af-start id="489" threadId="0000000000DDA688" totalBytesRequested="40" timestamp="2019-06-17T06:04:31.190" intervalms="4.332" type="nursery" />
<cycle-start id="490" type="scavenge" contextid="0" timestamp="2019-06-17T06:04:31.190" intervalms="4.325" />
<gc-start id="491" type="scavenge" contextid="490" timestamp="2019-06-17T06:04:31.190">
  <mem-info id="492" free="1197104" total="9568256" percent="12">
    <mem type="nursery" free="0" total="3407872" percent="0">
      <mem type="allocate" free="0" total="3014656" percent="0" />
      <mem type="survivor" free="0" total="393216" percent="0" />
    </mem>
    <mem type="tenure" free="1197104" total="6160384" percent="19">
      <mem type="soa" free="948272" total="5853184" percent="16" />
      <mem type="loa" free="248832" total="307200" percent="81" />
    </mem>
    <remembered-set count="2863" />
  </mem-info>
</gc-start>
<allocation-stats totalBytes="2857480" >
  <allocated-bytes non-tlh="24" tlh="2857456" />
  <largest-consumer threadName="Thread-10" threadId="0000000000DD9D00" bytes="1011592" />
</allocation-stats>
<gc-op id="493" type="scavenge" timems="0.289" contextid="490" timestamp="2019-06-17T06:04:31.191">
  <scavenger-info tenureage="4" tenuremask="fff0" tiltratio="88" />
  <memory-copied type="nursery" objects="2442" bytes="59384" bytesdiscarded="58120" />
  <memory-copied type="tenure" objects="468" bytes="11232" bytesdiscarded="0" />
</gc-op>
<gc-end id="494" type="scavenge" contextid="490" durationms="0.466" usertimems="0.000" systemtimems="0.000" timestamp="2019-06-17T06:04:31.191" activeThreads="4">
  <mem-info id="495" free="4094256" total="9568256" percent="42">
    <mem type="nursery" free="2897152" total="3407872" percent="85">
      <mem type="allocate" free="2897152" total="3014656" percent="96" />
      <mem type="survivor" free="0" total="393216" percent="0" />
    </mem>
    <mem type="tenure" free="1197104" total="6160384" percent="19">
      <mem type="soa" free="948272" total="5853184" percent="16" />
      <mem type="loa" free="248832" total="307200" percent="81" />
    </mem>
    <remembered-set count="2395" />
  </mem-info>
</gc-end>
<cycle-end id="496" type="scavenge" contextid="490" timestamp="2019-06-17T06:04:31.191" />
  <attribute name="elasticGC enabled" value="1" />
  <attribute name= "numThreadsSpecified" value="4" />
  <attribute name="heapSize specified" value="9830400" />
  <attribute name="Current GC Util" value="16" />
  <attribute name= "Current Time Running" value="855" />
  <attribute name ="GC Interval" value="200" />
  <attribute name="ProportionalT" value="-4.000000" />
  <attribute name="ProportionalI" value="-4.000000" />
  <attribute name="ProportionalH" value="-4.000000" />
  <attribute name="Current Error" value="-4.000000" />
  <attribute name="IntegralT" value="-16.000000" />
  <attribute name="IntegralI" value="-16.000000" />
  <attribute name="IntegralH" value="-16.000000" />
  <attribute name="DerivativeT" value="-1.000000" />
  <attribute name="DerivativeI" value="-1.000000" />
  <attribute name="DerivativeH" value="-1.000000" />
  <attribute name="Loop Time for DT" value="4.000000" />
  <attribute name="Output H" value="2092630016"/>
  <attribute name="Output I" value="200"/>
  <attribute name="Output T" value="4"/>
  <attribute name="Target GC Util Change" value ="20.000000" />
  <attribute name="Current GC Util Change" value="16.000000"/>
  <attribute name="GC Util currently" value="16" />
  <attribute name="CPU Util currently" value="1070555878856" />
<allocation-satisfied id="497" threadId="0000000000DD9D00" bytesRequested="40" />
<af-end id="498" timestamp="2019-06-17T06:04:31.191" threadId="0000000000DDA688" success="true" from="nursery"/>
<exclusive-end id="499" timestamp="2019-06-17T06:04:31.191" durationms="0.872" />

<exclusive-start id="500" timestamp="2019-06-17T06:04:31.195" intervalms="4.495">
  <response-info timems="0.023" idlems="0.023" threads="0" lastid="0000000000DD9D00" lastname="Thread-10" />
</exclusive-start>
<af-start id="501" threadId="0000000000DDA688" totalBytesRequested="40" timestamp="2019-06-17T06:04:31.195" intervalms="4.495" type="nursery" />
<cycle-start id="502" type="scavenge" contextid="0" timestamp="2019-06-17T06:04:31.195" intervalms="4.495" />
<gc-start id="503" type="scavenge" contextid="502" timestamp="2019-06-17T06:04:31.195">
  <mem-info id="504" free="1197104" total="9568256" percent="12">
    <mem type="nursery" free="0" total="3407872" percent="0">
      <mem type="allocate" free="0" total="3014656" percent="0" />
      <mem type="survivor" free="0" total="393216" percent="0" />
    </mem>
    <mem type="tenure" free="1197104" total="6160384" percent="19">
      <mem type="soa" free="948272" total="5853184" percent="16" />
      <mem type="loa" free="248832" total="307200" percent="81" />
    </mem>
    <remembered-set count="3004" />
  </mem-info>
</gc-start>
<allocation-stats totalBytes="2896616" >
  <allocated-bytes non-tlh="40" tlh="2896576" />
  <largest-consumer threadName="Thread-10" threadId="0000000000DD9D00" bytes="1118088" />
</allocation-stats>
<gc-op id="505" type="scavenge" timems="0.286" contextid="502" timestamp="2019-06-17T06:04:31.195">
  <scavenger-info tenureage="3" tenuremask="4008" tiltratio="88" />
  <memory-copied type="nursery" objects="2508" bytes="61368" bytesdiscarded="56136" />
  <memory-copied type="tenure" objects="639" bytes="15336" bytesdiscarded="0" />
</gc-op>
<gc-end id="506" type="scavenge" contextid="502" durationms="0.465" usertimems="0.000" systemtimems="0.000" timestamp="2019-06-17T06:04:31.195" activeThreads="4">
  <mem-info id="507" free="4094256" total="9568256" percent="42">
    <mem type="nursery" free="2897152" total="3407872" percent="85">
      <mem type="allocate" free="2897152" total="3014656" percent="96" />
      <mem type="survivor" free="0" total="393216" percent="0" />
    </mem>
    <mem type="tenure" free="1197104" total="6160384" percent="19">
      <mem type="soa" free="948272" total="5853184" percent="16" />
      <mem type="loa" free="248832" total="307200" percent="81" />
    </mem>
    <remembered-set count="2365" />
  </mem-info>
</gc-end>
<cycle-end id="508" type="scavenge" contextid="502" timestamp="2019-06-17T06:04:31.195" />
  <attribute name="elasticGC enabled" value="1" />
  <attribute name= "numThreadsSpecified" value="4" />
  <attribute name="heapSize specified" value="9830400" />
  <attribute name="Current GC Util" value="17" />
  <attribute name= "Current Time Running" value="860" />
  <attribute name ="GC Interval" value="200" />
  <attribute name="ProportionalT" value="-3.000000" />
  <attribute name="ProportionalI" value="-3.000000" />
  <attribute name="ProportionalH" value="-3.000000" />
  <attribute name="Current Error" value="-3.000000" />
  <attribute name="IntegralT" value="-15.000000" />
  <attribute name="IntegralI" value="-15.000000" />
  <attribute name="IntegralH" value="-15.000000" />
  <attribute name="DerivativeT" value="-0.600000" />
  <attribute name="DerivativeI" value="-0.600000" />
  <attribute name="DerivativeH" value="-0.600000" />
  <attribute name="Loop Time for DT" value="5.000000" />
  <attribute name="Output H" value="2092630016"/>
  <attribute name="Output I" value="200"/>
  <attribute name="Output T" value="4"/>
  <attribute name="Target GC Util Change" value ="20.000000" />
  <attribute name="Current GC Util Change" value="17.000000"/>
  <attribute name="GC Util currently" value="17" />
  <attribute name="CPU Util currently" value="1025695514626" />
<allocation-satisfied id="509" threadId="0000000000DD9D00" bytesRequested="40" />
<af-end id="510" timestamp="2019-06-17T06:04:31.196" threadId="0000000000DDA688" success="true" from="nursery"/>
<exclusive-end id="511" timestamp="2019-06-17T06:04:31.196" durationms="0.887" />

<exclusive-start id="512" timestamp="2019-06-17T06:04:31.199" intervalms="4.624">
  <response-info timems="0.027" idlems="0.027" threads="0" lastid="0000000000DE1500" lastname="Thread-9" />
</exclusive-start>
<af-start id="513" threadId="0000000000DE1E88" totalBytesRequested="40" timestamp="2019-06-17T06:04:31.199" intervalms="4.639" type="nursery" />
<cycle-start id="514" type="scavenge" contextid="0" timestamp="2019-06-17T06:04:31.200" intervalms="4.651" />
<gc-start id="515" type="scavenge" contextid="514" timestamp="2019-06-17T06:04:31.200">
  <mem-info id="516" free="1197104" total="9568256" percent="12">
    <mem type="nursery" free="0" total="3407872" percent="0">
      <mem type="allocate" free="0" total="3014656" percent="0" />
      <mem type="survivor" free="0" total="393216" percent="0" />
    </mem>
    <mem type="tenure" free="1197104" total="6160384" percent="19">
      <mem type="soa" free="948272" total="5853184" percent="16" />
      <mem type="loa" free="248832" total="307200" percent="81" />
    </mem>
    <remembered-set count="2800" />
  </mem-info>
</gc-start>
<allocation-stats totalBytes="2896576" >
  <allocated-bytes non-tlh="40" tlh="2896536" />
  <largest-consumer threadName="Thread-10" threadId="0000000000DD9D00" bytes="1012808" />
</allocation-stats>
<gc-op id="517" type="scavenge" timems="2.526" contextid="514" timestamp="2019-06-17T06:04:31.202">
  <scavenger-info tenureage="5" tenuremask="4020" tiltratio="88" />
  <memory-copied type="nursery" objects="2533" bytes="62232" bytesdiscarded="55272" />
  <memory-copied type="tenure" objects="467" bytes="11208" bytesdiscarded="0" />
</gc-op>
<heap-resize id="518" type="expand" space="nursery" amount="524288" count="1" timems="0.016" reason="excessive time being spent scavenging" timestamp="2019-06-17T06:04:31.203" />
<gc-end id="519" type="scavenge" contextid="514" durationms="3.006" usertimems="4.000" systemtimems="0.000" timestamp="2019-06-17T06:04:31.203" activeThreads="4">
  <mem-info id="520" free="4513840" total="10092544" percent="44">
    <mem type="nursery" free="3355904" total="3932160" percent="85">
      <mem type="allocate" free="3355904" total="3473408" percent="96" />
      <mem type="survivor" free="0" total="458752" percent="0" />
    </mem>
    <mem type="tenure" free="1157936" total="6160384" percent="18">
      <mem type="soa" free="909104" total="5853184" percent="15" />
      <mem type="loa" free="248832" total="307200" percent="81" />
    </mem>
    <remembered-set count="2333" />
  </mem-info>
</gc-end>
<cycle-end id="521" type="scavenge" contextid="514" timestamp="2019-06-17T06:04:31.203" />
  <attribute name="elasticGC enabled" value="1" />
  <attribute name= "numThreadsSpecified" value="4" />
  <attribute name="heapSize specified" value="9830400" />
  <attribute name="Current GC Util" value="17" />
  <attribute name= "Current Time Running" value="865" />
  <attribute name ="GC Interval" value="200" />
  <attribute name="ProportionalT" value="-3.000000" />
  <attribute name="ProportionalI" value="-3.000000" />
  <attribute name="ProportionalH" value="-3.000000" />
  <attribute name="Current Error" value="-3.000000" />
  <attribute name="IntegralT" value="-15.000000" />
  <attribute name="IntegralI" value="-15.000000" />
  <attribute name="IntegralH" value="-15.000000" />
  <attribute name="DerivativeT" value="-0.600000" />
  <attribute name="DerivativeI" value="-0.600000" />
  <attribute name="DerivativeH" value="-0.600000" />
  <attribute name="Loop Time for DT" value="5.000000" />
  <attribute name="Output H" value="2092630016"/>
  <attribute name="Output I" value="200"/>
  <attribute name="Output T" value="4"/>
  <attribute name="Target GC Util Change" value ="20.000000" />
  <attribute name="Current GC Util Change" value="17.000000"/>
  <attribute name="GC Util currently" value="17" />
  <attribute name="CPU Util currently" value="984592599434" />
<allocation-satisfied id="522" threadId="0000000000DE1500" bytesRequested="40" />
<af-end id="523" timestamp="2019-06-17T06:04:31.203" threadId="0000000000DE1E88" success="true" from="nursery"/>
<exclusive-end id="524" timestamp="2019-06-17T06:04:31.203" durationms="3.663" />

<exclusive-start id="525" timestamp="2019-06-17T06:04:31.207" intervalms="7.731">
  <response-info timems="0.024" idlems="0.024" threads="0" lastid="0000000000DD9D00" lastname="Thread-10" />
</exclusive-start>
<af-start id="526" threadId="0000000000DDA688" totalBytesRequested="40" timestamp="2019-06-17T06:04:31.207" intervalms="7.720" type="nursery" />
<cycle-start id="527" type="scavenge" contextid="0" timestamp="2019-06-17T06:04:31.207" intervalms="7.708" />
<gc-start id="528" type="scavenge" contextid="527" timestamp="2019-06-17T06:04:31.207">
  <mem-info id="529" free="1157936" total="10092544" percent="11">
    <mem type="nursery" free="0" total="3932160" percent="0">
      <mem type="allocate" free="0" total="3473408" percent="0" />
      <mem type="survivor" free="0" total="458752" percent="0" />
    </mem>
    <mem type="tenure" free="1157936" total="6160384" percent="18">
      <mem type="soa" free="909104" total="5853184" percent="15" />
      <mem type="loa" free="248832" total="307200" percent="81" />
    </mem>
    <remembered-set count="2792" />
  </mem-info>
</gc-start>
<allocation-stats totalBytes="3355288" >
  <allocated-bytes non-tlh="40" tlh="3355248" />
  <largest-consumer threadName="Thread-7" threadId="0000000000DE5100" bytes="1212136" />
</allocation-stats>
<gc-op id="530" type="scavenge" timems="0.318" contextid="527" timestamp="2019-06-17T06:04:31.208">
  <scavenger-info tenureage="3" tenuremask="4018" tiltratio="88" />
  <memory-copied type="nursery" objects="1730" bytes="42752" bytesdiscarded="74752" />
  <memory-copied type="tenure" objects="1201" bytes="28824" bytesdiscarded="0" />
</gc-op>
<gc-end id="531" type="scavenge" contextid="527" durationms="0.497" usertimems="0.000" systemtimems="0.000" timestamp="2019-06-17T06:04:31.208" activeThreads="4">
  <mem-info id="532" free="4540208" total="10092544" percent="44">
    <mem type="nursery" free="3421440" total="3932160" percent="87">
      <mem type="allocate" free="3421440" total="3538944" percent="96" />
      <mem type="survivor" free="0" total="393216" percent="0" />
    </mem>
    <mem type="tenure" free="1118768" total="6160384" percent="18">
      <mem type="soa" free="869936" total="5853184" percent="14" />
      <mem type="loa" free="248832" total="307200" percent="81" />
    </mem>
    <remembered-set count="1591" />
  </mem-info>
</gc-end>
<cycle-end id="533" type="scavenge" contextid="527" timestamp="2019-06-17T06:04:31.208" />
  <attribute name="elasticGC enabled" value="1" />
  <attribute name= "numThreadsSpecified" value="4" />
  <attribute name="heapSize specified" value="9830400" />
  <attribute name="Current GC Util" value="52" />
  <attribute name= "Current Time Running" value="872" />
  <attribute name ="GC Interval" value="264" />
  <attribute name="ProportionalT" value="32.000000" />
  <attribute name="ProportionalI" value="32.000000" />
  <attribute name="ProportionalH" value="32.000000" />
  <attribute name="Current Error" value="32.000000" />
  <attribute name="IntegralT" value="224.000000" />
  <attribute name="IntegralI" value="224.000000" />
  <attribute name="IntegralH" value="224.000000" />
  <attribute name="DerivativeT" value="4.571429" />
  <attribute name="DerivativeI" value="4.571429" />
  <attribute name="DerivativeH" value="4.571429" />
  <attribute name="Loop Time for DT" value="7.000000" />
  <attribute name="Output H" value="8388608"/>
  <attribute name="Output I" value="264"/>
  <attribute name="Output T" value="4"/>
  <attribute name="Target GC Util Change" value ="20.000000" />
  <attribute name="Current GC Util Change" value="52.000000"/>
  <attribute name="GC Util currently" value="52" />
  <attribute name="CPU Util currently" value="600718751372" />
<allocation-satisfied id="534" threadId="0000000000DD9D00" bytesRequested="40" />
<af-end id="535" timestamp="2019-06-17T06:04:31.208" threadId="0000000000DDA688" success="true" from="nursery"/>
<exclusive-end id="536" timestamp="2019-06-17T06:04:31.208" durationms="0.910" />

<exclusive-start id="537" timestamp="2019-06-17T06:04:31.212" intervalms="4.900">
  <response-info timems="0.032" idlems="0.018" threads="1" lastid="0000000000DDD900" lastname="Thread-8" />
</exclusive-start>
<af-start id="538" threadId="0000000000DE5A88" totalBytesRequested="24" timestamp="2019-06-17T06:04:31.212" intervalms="4.946" type="nursery" />
<cycle-start id="539" type="scavenge" contextid="0" timestamp="2019-06-17T06:04:31.212" intervalms="4.961" />
<gc-start id="540" type="scavenge" contextid="539" timestamp="2019-06-17T06:04:31.212">
  <mem-info id="541" free="1118768" total="10092544" percent="11">
    <mem type="nursery" free="0" total="3932160" percent="0">
      <mem type="allocate" free="0" total="3538944" percent="0" />
      <mem type="survivor" free="0" total="393216" percent="0" />
    </mem>
    <mem type="tenure" free="1118768" total="6160384" percent="18">
      <mem type="soa" free="869936" total="5853184" percent="14" />
      <mem type="loa" free="248832" total="307200" percent="81" />
    </mem>
    <remembered-set count="2064" />
  </mem-info>
</gc-start>
<allocation-stats totalBytes="3420704" >
  <allocated-bytes non-tlh="40" tlh="3420664" />
  <largest-consumer threadName="Thread-10" threadId="0000000000DD9D00" bytes="1408824" />
</allocation-stats>
<gc-op id="542" type="scavenge" timems="0.287" contextid="539" timestamp="2019-06-17T06:04:31.213">
  <scavenger-info tenureage="14" tenuremask="4000" tiltratio="90" />
  <memory-copied type="nursery" objects="2153" bytes="52608" bytesdiscarded="104064" />
</gc-op>
<gc-end id="543" type="scavenge" contextid="539" durationms="0.465" usertimems="4.000" systemtimems="0.000" timestamp="2019-06-17T06:04:31.213" activeThreads="4">
  <mem-info id="544" free="4501040" total="10092544" percent="44">
    <mem type="nursery" free="3382272" total="3932160" percent="86">
      <mem type="allocate" free="3382272" total="3538944" percent="95" />
      <mem type="survivor" free="0" total="393216" percent="0" />
    </mem>
    <mem type="tenure" free="1118768" total="6160384" percent="18">
      <mem type="soa" free="869936" total="5853184" percent="14" />
      <mem type="loa" free="248832" total="307200" percent="81" />
    </mem>
    <remembered-set count="2064" />
  </mem-info>
</gc-end>
<cycle-end id="545" type="scavenge" contextid="539" timestamp="2019-06-17T06:04:31.213" />
  <attribute name="elasticGC enabled" value="1" />
  <attribute name= "numThreadsSpecified" value="4" />
  <attribute name="heapSize specified" value="9830400" />
  <attribute name="Current GC Util" value="16" />
  <attribute name= "Current Time Running" value="877" />
  <attribute name ="GC Interval" value="200" />
  <attribute name="ProportionalT" value="-4.000000" />
  <attribute name="ProportionalI" value="-4.000000" />
  <attribute name="ProportionalH" value="-4.000000" />
  <attribute name="Current Error" value="-4.000000" />
  <attribute name="IntegralT" value="-20.000000" />
  <attribute name="IntegralI" value="-20.000000" />
  <attribute name="IntegralH" value="-20.000000" />
  <attribute name="DerivativeT" value="-7.200000" />
  <attribute name="DerivativeI" value="-7.200000" />
  <attribute name="DerivativeH" value="-7.200000" />
  <attribute name="Loop Time for DT" value="5.000000" />
  <attribute name="Output H" value="2092630016"/>
  <attribute name="Output I" value="200"/>
  <attribute name="Output T" value="4"/>
  <attribute name="Target GC Util Change" value ="20.000000" />
  <attribute name="Current GC Util Change" value="16.000000"/>
  <attribute name="GC Util currently" value="16" />
  <attribute name="CPU Util currently" value="926017195620" />
<allocation-satisfied id="546" threadId="0000000000DE5100" bytesRequested="24" />
<af-end id="547" timestamp="2019-06-17T06:04:31.213" threadId="0000000000DE5A88" success="true" from="nursery"/>
<exclusive-end id="548" timestamp="2019-06-17T06:04:31.213" durationms="0.969" />

<exclusive-start id="549" timestamp="2019-06-17T06:04:31.218" intervalms="6.260">
  <response-info timems="0.037" idlems="0.021" threads="1" lastid="0000000000DE5100" lastname="Thread-7" />
</exclusive-start>
<af-start id="550" threadId="0000000000DDE288" totalBytesRequested="40" timestamp="2019-06-17T06:04:31.218" intervalms="6.214" type="nursery" />
<cycle-start id="551" type="scavenge" contextid="0" timestamp="2019-06-17T06:04:31.218" intervalms="6.204" />
<gc-start id="552" type="scavenge" contextid="551" timestamp="2019-06-17T06:04:31.218">
  <mem-info id="553" free="1118768" total="10092544" percent="11">
    <mem type="nursery" free="0" total="3932160" percent="0">
      <mem type="allocate" free="0" total="3538944" percent="0" />
      <mem type="survivor" free="0" total="393216" percent="0" />
    </mem>
    <mem type="tenure" free="1118768" total="6160384" percent="18">
      <mem type="soa" free="869936" total="5853184" percent="14" />
      <mem type="loa" free="248832" total="307200" percent="81" />
    </mem>
    <remembered-set count="2270" />
  </mem-info>
</gc-start>
<allocation-stats totalBytes="3381648" >
  <allocated-bytes non-tlh="24" tlh="3381624" />
  <largest-consumer threadName="Thread-10" threadId="0000000000DD9D00" bytes="1543896" />
</allocation-stats>
<gc-op id="554" type="scavenge" timems="0.338" contextid="551" timestamp="2019-06-17T06:04:31.219">
  <scavenger-info tenureage="14" tenuremask="4000" tiltratio="90" />
  <memory-copied type="nursery" objects="3449" bytes="92992" bytesdiscarded="155840" />
  <references type="weak" candidates="1" cleared="0" enqueued="0" />
  <references type="phantom" candidates="1" cleared="0" enqueued="0" />
</gc-op>
<gc-end id="555" type="scavenge" contextid="551" durationms="0.517" usertimems="0.000" systemtimems="0.000" timestamp="2019-06-17T06:04:31.219" activeThreads="4">
  <mem-info id="556" free="4408880" total="10092544" percent="43">
    <mem type="nursery" free="3290112" total="3932160" percent="83">
      <mem type="allocate" free="3290112" total="3538944" percent="92" />
      <mem type="survivor" free="0" total="393216" percent="0" />
    </mem>
    <mem type="tenure" free="1118768" total="6160384" percent="18">
      <mem type="soa" free="869936" total="5853184" percent="14" />
      <mem type="loa" free="248832" total="307200" percent="81" />
    </mem>
    <remembered-set count="2270" />
  </mem-info>
</gc-end>
<cycle-end id="557" type="scavenge" contextid="551" timestamp="2019-06-17T06:04:31.219" />
  <attribute name="elasticGC enabled" value="1" />
  <attribute name= "numThreadsSpecified" value="4" />
  <attribute name="heapSize specified" value="9830400" />
  <attribute name="Current GC Util" value="11" />
  <attribute name= "Current Time Running" value="883" />
  <attribute name ="GC Interval" value="200" />
  <attribute name="ProportionalT" value="-9.000000" />
  <attribute name="ProportionalI" value="-9.000000" />
  <attribute name="ProportionalH" value="-9.000000" />
  <attribute name="Current Error" value="-9.000000" />
  <attribute name="IntegralT" value="-54.000000" />
  <attribute name="IntegralI" value="-54.000000" />
  <attribute name="IntegralH" value="-54.000000" />
  <attribute name="DerivativeT" value="-1.500000" />
  <attribute name="DerivativeI" value="-1.500000" />
  <attribute name="DerivativeH" value="-1.500000" />
  <attribute name="Loop Time for DT" value="6.000000" />
  <attribute name="Output H" value="2092630016"/>
  <attribute name="Output I" value="200"/>
  <attribute name="Output T" value="4"/>
  <attribute name="Target GC Util Change" value ="20.000000" />
  <attribute name="Current GC Util Change" value="11.000000"/>
  <attribute name="GC Util currently" value="11" />
  <attribute name="CPU Util currently" value="743782776193" />
<allocation-satisfied id="558" threadId="0000000000DDD900" bytesRequested="40" />
<af-end id="559" timestamp="2019-06-17T06:04:31.219" threadId="0000000000DDE288" success="true" from="nursery"/>
<exclusive-end id="560" timestamp="2019-06-17T06:04:31.219" durationms="0.961" />

<exclusive-start id="561" timestamp="2019-06-17T06:04:31.225" intervalms="6.236">
  <response-info timems="0.029" idlems="0.027" threads="1" lastid="0000000000DDD900" lastname="Thread-8" />
</exclusive-start>
<af-start id="562" threadId="0000000000DE1E88" totalBytesRequested="24" timestamp="2019-06-17T06:04:31.225" intervalms="6.246" type="nursery" />
<cycle-start id="563" type="scavenge" contextid="0" timestamp="2019-06-17T06:04:31.225" intervalms="6.252" />
<gc-start id="564" type="scavenge" contextid="563" timestamp="2019-06-17T06:04:31.225">
  <mem-info id="565" free="1118512" total="10092544" percent="11">
    <mem type="nursery" free="0" total="3932160" percent="0">
      <mem type="allocate" free="0" total="3538944" percent="0" />
      <mem type="survivor" free="0" total="393216" percent="0" />
    </mem>
    <mem type="tenure" free="1118512" total="6160384" percent="18">
      <mem type="soa" free="869680" total="5853184" percent="14" />
      <mem type="loa" free="248832" total="307200" percent="81" />
    </mem>
    <remembered-set count="2683" />
  </mem-info>
</gc-start>
<allocation-stats totalBytes="3289896" >
  <allocated-bytes non-tlh="296" tlh="3289600" />
  <largest-consumer threadName="Thread-10" threadId="0000000000DD9D00" bytes="1622792" />
</allocation-stats>
<gc-op id="566" type="scavenge" timems="2.610" contextid="563" timestamp="2019-06-17T06:04:31.227">
  <scavenger-info tenureage="5" tenuremask="4020" tiltratio="90" />
  <memory-copied type="nursery" objects="3124" bytes="82072" bytesdiscarded="113768" />
  <memory-copied type="tenure" objects="605" bytes="14520" bytesdiscarded="0" />
</gc-op>
<heap-resize id="567" type="expand" space="nursery" amount="524288" count="1" timems="0.018" reason="excessive time being spent scavenging" timestamp="2019-06-17T06:04:31.228" />
<gc-end id="568" type="scavenge" contextid="563" durationms="3.074" usertimems="4.000" systemtimems="0.000" timestamp="2019-06-17T06:04:31.228" activeThreads="4">
  <mem-info id="569" free="4920368" total="10616832" percent="46">
    <mem type="nursery" free="3801856" total="4456448" percent="85">
      <mem type="allocate" free="3801856" total="3997696" percent="95" />
      <mem type="survivor" free="0" total="458752" percent="0" />
    </mem>
    <mem type="tenure" free="1118512" total="6160384" percent="18">
      <mem type="soa" free="869680" total="5853184" percent="14" />
      <mem type="loa" free="248832" total="307200" percent="81" />
    </mem>
    <remembered-set count="2073" />
  </mem-info>
</gc-end>
<cycle-end id="570" type="scavenge" contextid="563" timestamp="2019-06-17T06:04:31.228" />
  <attribute name="elasticGC enabled" value="1" />
  <attribute name= "numThreadsSpecified" value="4" />
  <attribute name="heapSize specified" value="9830400" />
  <attribute name="Current GC Util" value="13" />
  <attribute name= "Current Time Running" value="890" />
  <attribute name ="GC Interval" value="200" />
  <attribute name="ProportionalT" value="-7.000000" />
  <attribute name="ProportionalI" value="-7.000000" />
  <attribute name="ProportionalH" value="-7.000000" />
  <attribute name="Current Error" value="-7.000000" />
  <attribute name="IntegralT" value="-49.000000" />
  <attribute name="IntegralI" value="-49.000000" />
  <attribute name="IntegralH" value="-49.000000" />
  <attribute name="DerivativeT" value="-1.000000" />
  <attribute name="DerivativeI" value="-1.000000" />
  <attribute name="DerivativeH" value="-1.000000" />
  <attribute name="Loop Time for DT" value="7.000000" />
  <attribute name="Output H" value="2092630016"/>
  <attribute name="Output I" value="200"/>
  <attribute name="Output T" value="4"/>
  <attribute name="Target GC Util Change" value ="20.000000" />
  <attribute name="Current GC Util Change" value="13.000000"/>
  <attribute name="GC Util currently" value="13" />
  <attribute name="CPU Util currently" value="735691996641" />
<allocation-satisfied id="571" threadId="0000000000DE1500" bytesRequested="24" />
<af-end id="572" timestamp="2019-06-17T06:04:31.228" threadId="0000000000DE1E88" success="true" from="nursery"/>
<exclusive-end id="573" timestamp="2019-06-17T06:04:31.228" durationms="3.542" />

<exclusive-start id="574" timestamp="2019-06-17T06:04:31.233" intervalms="8.734">
  <response-info timems="0.030" idlems="0.017" threads="1" lastid="0000000000DDD900" lastname="Thread-8" />
</exclusive-start>
<af-start id="575" threadId="0000000000DE5A88" totalBytesRequested="24" timestamp="2019-06-17T06:04:31.233" intervalms="8.778" type="nursery" />
<cycle-start id="576" type="scavenge" contextid="0" timestamp="2019-06-17T06:04:31.233" intervalms="8.783" />
<gc-start id="577" type="scavenge" contextid="576" timestamp="2019-06-17T06:04:31.234">
  <mem-info id="578" free="1118512" total="10616832" percent="10">
    <mem type="nursery" free="0" total="4456448" percent="0">
      <mem type="allocate" free="0" total="3997696" percent="0" />
      <mem type="survivor" free="0" total="458752" percent="0" />
    </mem>
    <mem type="tenure" free="1118512" total="6160384" percent="18">
      <mem type="soa" free="869680" total="5853184" percent="14" />
      <mem type="loa" free="248832" total="307200" percent="81" />
    </mem>
    <remembered-set count="2336" />
  </mem-info>
</gc-start>
<allocation-stats totalBytes="3801264" >
  <allocated-bytes non-tlh="24" tlh="3801240" />
  <largest-consumer threadName="Thread-10" threadId="0000000000DD9D00" bytes="1909192" />
</allocation-stats>
<gc-op id="579" type="scavenge" timems="0.357" contextid="576" timestamp="2019-06-17T06:04:31.234">
  <scavenger-info tenureage="4" tenuremask="4030" tiltratio="89" />
  <memory-copied type="nursery" objects="2571" bytes="75424" bytesdiscarded="91568" />
  <memory-copied type="tenure" objects="895" bytes="21480" bytesdiscarded="0" />
</gc-op>
<gc-end id="580" type="scavenge" contextid="576" durationms="0.554" usertimems="0.000" systemtimems="0.000" timestamp="2019-06-17T06:04:31.234" activeThreads="4">
  <mem-info id="581" free="4949216" total="10616832" percent="46">
    <mem type="nursery" free="3830704" total="4456448" percent="85">
      <mem type="allocate" free="3830704" total="3997696" percent="95" />
      <mem type="survivor" free="0" total="458752" percent="0" />
    </mem>
    <mem type="tenure" free="1118512" total="6160384" percent="18">
      <mem type="soa" free="869680" total="5853184" percent="14" />
      <mem type="loa" free="248832" total="307200" percent="81" />
    </mem>
    <remembered-set count="1441" />
  </mem-info>
</gc-end>
<cycle-end id="582" type="scavenge" contextid="576" timestamp="2019-06-17T06:04:31.234" />
  <attribute name="elasticGC enabled" value="1" />
  <attribute name= "numThreadsSpecified" value="4" />
  <attribute name="heapSize specified" value="9830400" />
  <attribute name="Current GC Util" value="43" />
  <attribute name= "Current Time Running" value="899" />
  <attribute name ="GC Interval" value="232" />
  <attribute name="ProportionalT" value="23.000000" />
  <attribute name="ProportionalI" value="23.000000" />
  <attribute name="ProportionalH" value="23.000000" />
  <attribute name="Current Error" value="23.000000" />
  <attribute name="IntegralT" value="207.000000" />
  <attribute name="IntegralI" value="207.000000" />
  <attribute name="IntegralH" value="207.000000" />
  <attribute name="DerivativeT" value="2.555556" />
  <attribute name="DerivativeI" value="2.555556" />
  <attribute name="DerivativeH" value="2.555556" />
  <attribute name="Loop Time for DT" value="9.000000" />
  <attribute name="Output H" value="8388608"/>
  <attribute name="Output I" value="232"/>
  <attribute name="Output T" value="4"/>
  <attribute name="Target GC Util Change" value ="20.000000" />
  <attribute name="Current GC Util Change" value="43.000000"/>
  <attribute name="GC Util currently" value="43" />
  <attribute name="CPU Util currently" value="524946504774" />
<allocation-satisfied id="583" threadId="0000000000DE5100" bytesRequested="24" />
<af-end id="584" timestamp="2019-06-17T06:04:31.234" threadId="0000000000DE5A88" success="true" from="nursery"/>
<exclusive-end id="585" timestamp="2019-06-17T06:04:31.234" durationms="1.079" />

<exclusive-start id="586" timestamp="2019-06-17T06:04:31.239" intervalms="6.108">
  <response-info timems="0.019" idlems="0.019" threads="0" lastid="0000000000DD9D00" lastname="Thread-10" />
</exclusive-start>
<af-start id="587" threadId="0000000000DDA688" totalBytesRequested="40" timestamp="2019-06-17T06:04:31.239" intervalms="6.060" type="nursery" />
<cycle-start id="588" type="scavenge" contextid="0" timestamp="2019-06-17T06:04:31.240" intervalms="6.050" />
<gc-start id="589" type="scavenge" contextid="588" timestamp="2019-06-17T06:04:31.240">
  <mem-info id="590" free="1118512" total="10616832" percent="10">
    <mem type="nursery" free="0" total="4456448" percent="0">
      <mem type="allocate" free="0" total="3997696" percent="0" />
      <mem type="survivor" free="0" total="458752" percent="0" />
    </mem>
    <mem type="tenure" free="1118512" total="6160384" percent="18">
      <mem type="soa" free="869680" total="5853184" percent="14" />
      <mem type="loa" free="248832" total="307200" percent="81" />
    </mem>
    <remembered-set count="1794" />
  </mem-info>
</gc-start>
<allocation-stats totalBytes="3830088" >
  <allocated-bytes non-tlh="24" tlh="3830064" />
  <largest-consumer threadName="Thread-10" threadId="0000000000DD9D00" bytes="1801960" />
</allocation-stats>
<gc-op id="591" type="scavenge" timems="0.340" contextid="588" timestamp="2019-06-17T06:04:31.240">
  <scavenger-info tenureage="3" tenuremask="4018" tiltratio="89" />
  <memory-copied type="nursery" objects="1178" bytes="50272" bytesdiscarded="73424" />
  <memory-copied type="tenure" objects="1705" bytes="40960" bytesdiscarded="0" />
</gc-op>
<gc-end id="592" type="scavenge" contextid="588" durationms="0.537" usertimems="0.000" systemtimems="0.000" timestamp="2019-06-17T06:04:31.240" activeThreads="4">
  <mem-info id="593" free="4992512" total="10616832" percent="47">
    <mem type="nursery" free="3874000" total="4456448" percent="86">
      <mem type="allocate" free="3874000" total="3997696" percent="96" />
      <mem type="survivor" free="0" total="458752" percent="0" />
    </mem>
    <mem type="tenure" free="1118512" total="6160384" percent="18">
      <mem type="soa" free="869680" total="5853184" percent="14" />
      <mem type="loa" free="248832" total="307200" percent="81" />
    </mem>
    <remembered-set count="1114" />
  </mem-info>
</gc-end>
<cycle-end id="594" type="scavenge" contextid="588" timestamp="2019-06-17T06:04:31.240" />
  <attribute name="elasticGC enabled" value="1" />
  <attribute name= "numThreadsSpecified" value="4" />
  <attribute name="heapSize specified" value="9830400" />
  <attribute name="Current GC Util" value="14" />
  <attribute name= "Current Time Running" value="905" />
  <attribute name ="GC Interval" value="200" />
  <attribute name="ProportionalT" value="-6.000000" />
  <attribute name="ProportionalI" value="-6.000000" />
  <attribute name="ProportionalH" value="-6.000000" />
  <attribute name="Current Error" value="-6.000000" />
  <attribute name="IntegralT" value="-36.000000" />
  <attribute name="IntegralI" value="-36.000000" />
  <attribute name="IntegralH" value="-36.000000" />
  <attribute name="DerivativeT" value="-4.833333" />
  <attribute name="DerivativeI" value="-4.833333" />
  <attribute name="DerivativeH" value="-4.833333" />
  <attribute name="Loop Time for DT" value="6.000000" />
  <attribute name="Output H" value="2092630016"/>
  <attribute name="Output I" value="200"/>
  <attribute name="Output T" value="4"/>
  <attribute name="Target GC Util Change" value ="20.000000" />
  <attribute name="Current GC Util Change" value="14.000000"/>
  <attribute name="GC Util currently" value="14" />
  <attribute name="CPU Util currently" value="764154222524" />
<allocation-satisfied id="595" threadId="0000000000DD9D00" bytesRequested="40" />
<af-end id="596" timestamp="2019-06-17T06:04:31.240" threadId="0000000000DDA688" success="true" from="nursery"/>
<exclusive-end id="597" timestamp="2019-06-17T06:04:31.240" durationms="0.981" />

<exclusive-start id="598" timestamp="2019-06-17T06:04:31.245" intervalms="6.105">
  <response-info timems="0.028" idlems="0.028" threads="0" lastid="0000000000DD9D00" lastname="Thread-10" />
</exclusive-start>
<af-start id="599" threadId="0000000000DDA688" totalBytesRequested="40" timestamp="2019-06-17T06:04:31.246" intervalms="6.096" type="nursery" />
<cycle-start id="600" type="scavenge" contextid="0" timestamp="2019-06-17T06:04:31.246" intervalms="6.089" />
<gc-start id="601" type="scavenge" contextid="600" timestamp="2019-06-17T06:04:31.246">
  <mem-info id="602" free="1118512" total="10616832" percent="10">
    <mem type="nursery" free="0" total="4456448" percent="0">
      <mem type="allocate" free="0" total="3997696" percent="0" />
      <mem type="survivor" free="0" total="458752" percent="0" />
    </mem>
    <mem type="tenure" free="1118512" total="6160384" percent="18">
      <mem type="soa" free="869680" total="5853184" percent="14" />
      <mem type="loa" free="248832" total="307200" percent="81" />
    </mem>
    <remembered-set count="1272" />
  </mem-info>
</gc-start>
<allocation-stats totalBytes="3873392" >
  <allocated-bytes non-tlh="40" tlh="3873352" />
  <largest-consumer threadName="Thread-10" threadId="0000000000DD9D00" bytes="1802032" />
</allocation-stats>
<gc-op id="603" type="scavenge" timems="0.252" contextid="600" timestamp="2019-06-17T06:04:31.246">
  <scavenger-info tenureage="3" tenuremask="4008" tiltratio="89" />
  <memory-copied type="nursery" objects="948" bytes="38432" bytesdiscarded="79072" />
  <memory-copied type="tenure" objects="420" bytes="16464" bytesdiscarded="0" />
</gc-op>
<gc-end id="604" type="scavenge" contextid="600" durationms="0.430" usertimems="0.000" systemtimems="0.000" timestamp="2019-06-17T06:04:31.246" activeThreads="4">
  <mem-info id="605" free="4998704" total="10616832" percent="47">
    <mem type="nursery" free="3880192" total="4456448" percent="87">
      <mem type="allocate" free="3880192" total="3997696" percent="97" />
      <mem type="survivor" free="0" total="458752" percent="0" />
    </mem>
    <mem type="tenure" free="1118512" total="6160384" percent="18">
      <mem type="soa" free="869680" total="5853184" percent="14" />
      <mem type="loa" free="248832" total="307200" percent="81" />
    </mem>
    <remembered-set count="861" />
  </mem-info>
</gc-end>
<cycle-end id="606" type="scavenge" contextid="600" timestamp="2019-06-17T06:04:31.246" />
  <attribute name="elasticGC enabled" value="1" />
  <attribute name= "numThreadsSpecified" value="4" />
  <attribute name="heapSize specified" value="9830400" />
  <attribute name="Current GC Util" value="14" />
  <attribute name= "Current Time Running" value="911" />
  <attribute name ="GC Interval" value="200" />
  <attribute name="ProportionalT" value="-6.000000" />
  <attribute name="ProportionalI" value="-6.000000" />
  <attribute name="ProportionalH" value="-6.000000" />
  <attribute name="Current Error" value="-6.000000" />
  <attribute name="IntegralT" value="-36.000000" />
  <attribute name="IntegralI" value="-36.000000" />
  <attribute name="IntegralH" value="-36.000000" />
  <attribute name="DerivativeT" value="-1.000000" />
  <attribute name="DerivativeI" value="-1.000000" />
  <attribute name="DerivativeH" value="-1.000000" />
  <attribute name="Loop Time for DT" value="6.000000" />
  <attribute name="Output H" value="2092630016"/>
  <attribute name="Output I" value="200"/>
  <attribute name="Output T" value="4"/>
  <attribute name="Target GC Util Change" value ="20.000000" />
  <attribute name="Current GC Util Change" value="14.000000"/>
  <attribute name="GC Util currently" value="14" />
  <attribute name="CPU Util currently" value="759968178078" />
<allocation-satisfied id="607" threadId="0000000000DD9D00" bytesRequested="40" />
<af-end id="608" timestamp="2019-06-17T06:04:31.246" threadId="0000000000DDA688" success="true" from="nursery"/>
<exclusive-end id="609" timestamp="2019-06-17T06:04:31.246" durationms="0.838" />

<exclusive-start id="610" timestamp="2019-06-17T06:04:31.251" intervalms="5.830">
  <response-info timems="0.027" idlems="0.027" threads="0" lastid="0000000000DE1500" lastname="Thread-9" />
</exclusive-start>
<af-start id="611" threadId="0000000000DE1E88" totalBytesRequested="48" timestamp="2019-06-17T06:04:31.251" intervalms="5.843" type="nursery" />
<cycle-start id="612" type="scavenge" contextid="0" timestamp="2019-06-17T06:04:31.251" intervalms="5.856" />
<gc-start id="613" type="scavenge" contextid="612" timestamp="2019-06-17T06:04:31.252">
  <mem-info id="614" free="1118512" total="10616832" percent="10">
    <mem type="nursery" free="0" total="4456448" percent="0">
      <mem type="allocate" free="0" total="3997696" percent="0" />
      <mem type="survivor" free="0" total="458752" percent="0" />
    </mem>
    <mem type="tenure" free="1118512" total="6160384" percent="18">
      <mem type="soa" free="869680" total="5853184" percent="14" />
      <mem type="loa" free="248832" total="307200" percent="81" />
    </mem>
    <remembered-set count="1267" />
  </mem-info>
</gc-start>
<allocation-stats totalBytes="3879568" >
  <allocated-bytes non-tlh="40" tlh="3879528" />
  <largest-consumer threadName="Thread-10" threadId="0000000000DD9D00" bytes="1802056" />
</allocation-stats>
<gc-op id="615" type="scavenge" timems="2.467" contextid="612" timestamp="2019-06-17T06:04:31.254">
  <scavenger-info tenureage="3" tenuremask="4008" tiltratio="89" />
  <memory-copied type="nursery" objects="3141" bytes="158376" bytesdiscarded="160344" />
  <memory-copied type="tenure" objects="269" bytes="12840" bytesdiscarded="600" />
</gc-op>
<heap-resize id="616" type="expand" space="nursery" amount="524288" count="1" timems="0.014" reason="excessive time being spent scavenging" timestamp="2019-06-17T06:04:31.254" />
<gc-end id="617" type="scavenge" contextid="612" durationms="2.948" usertimems="4.000" systemtimems="0.000" timestamp="2019-06-17T06:04:31.254" activeThreads="4">
  <mem-info id="618" free="5256240" total="11141120" percent="47">
    <mem type="nursery" free="4137728" total="4980736" percent="83">
      <mem type="allocate" free="4137728" total="4456448" percent="92" />
      <mem type="survivor" free="0" total="524288" percent="0" />
    </mem>
    <mem type="tenure" free="1118512" total="6160384" percent="18">
      <mem type="soa" free="869680" total="5853184" percent="14" />
      <mem type="loa" free="248832" total="307200" percent="81" />
    </mem>
    <remembered-set count="1006" />
  </mem-info>
</gc-end>
<cycle-end id="619" type="scavenge" contextid="612" timestamp="2019-06-17T06:04:31.255" />
  <attribute name="elasticGC enabled" value="1" />
  <attribute name= "numThreadsSpecified" value="4" />
  <attribute name="heapSize specified" value="9830400" />
  <attribute name="Current GC Util" value="11" />
  <attribute name= "Current Time Running" value="917" />
  <attribute name ="GC Interval" value="200" />
  <attribute name="ProportionalT" value="-9.000000" />
  <attribute name="ProportionalI" value="-9.000000" />
  <attribute name="ProportionalH" value="-9.000000" />
  <attribute name="Current Error" value="-9.000000" />
  <attribute name="IntegralT" value="-54.000000" />
  <attribute name="IntegralI" value="-54.000000" />
  <attribute name="IntegralH" value="-54.000000" />
  <attribute name="DerivativeT" value="-1.500000" />
  <attribute name="DerivativeI" value="-1.500000" />
  <attribute name="DerivativeH" value="-1.500000" />
  <attribute name="Loop Time for DT" value="6.000000" />
  <attribute name="Output H" value="2092630016"/>
  <attribute name="Output I" value="200"/>
  <attribute name="Output T" value="4"/>
  <attribute name="Target GC Util Change" value ="20.000000" />
  <attribute name="Current GC Util Change" value="11.000000"/>
  <attribute name="GC Util currently" value="11" />
  <attribute name="CPU Util currently" value="785367801990" />
<allocation-satisfied id="620" threadId="0000000000DE1500" bytesRequested="48" />
<af-end id="621" timestamp="2019-06-17T06:04:31.255" threadId="0000000000DE1E88" success="true" from="nursery"/>
<exclusive-end id="622" timestamp="2019-06-17T06:04:31.255" durationms="3.732" />

<exclusive-start id="623" timestamp="2019-06-17T06:04:31.259" intervalms="7.445">
  <response-info timems="0.025" idlems="0.025" threads="0" lastid="0000000000DE5100" lastname="Thread-7" />
</exclusive-start>
<af-start id="624" threadId="0000000000DE5A88" totalBytesRequested="40" timestamp="2019-06-17T06:04:31.259" intervalms="7.483" type="nursery" />
<cycle-start id="625" type="scavenge" contextid="0" timestamp="2019-06-17T06:04:31.259" intervalms="7.486" />
<gc-start id="626" type="scavenge" contextid="625" timestamp="2019-06-17T06:04:31.259">
  <mem-info id="627" free="1118512" total="11141120" percent="10">
    <mem type="nursery" free="0" total="4980736" percent="0">
      <mem type="allocate" free="0" total="4456448" percent="0" />
      <mem type="survivor" free="0" total="524288" percent="0" />
    </mem>
    <mem type="tenure" free="1118512" total="6160384" percent="18">
      <mem type="soa" free="869680" total="5853184" percent="14" />
      <mem type="loa" free="248832" total="307200" percent="81" />
    </mem>
    <remembered-set count="1243" />
  </mem-info>
</gc-start>
<allocation-stats totalBytes="4136984" >
  <allocated-bytes non-tlh="48" tlh="4136936" />
  <largest-consumer threadName="Thread-10" threadId="0000000000DD9D00" bytes="1437456" />
</allocation-stats>
<gc-op id="628" type="scavenge" timems="0.354" contextid="625" timestamp="2019-06-17T06:04:31.259">
  <scavenger-info tenureage="3" tenuremask="ffe8" tiltratio="89" />
  <memory-copied type="nursery" objects="6051" bytes="283656" bytesdiscarded="166392" />
  <memory-copied type="tenure" objects="365" bytes="17272" bytesdiscarded="0" />
</gc-op>
<gc-end id="629" type="scavenge" contextid="625" durationms="0.546" usertimems="0.000" systemtimems="0.000" timestamp="2019-06-17T06:04:31.260" activeThreads="4">
  <mem-info id="630" free="5124912" total="11141120" percent="45">
    <mem type="nursery" free="4006400" total="4980736" percent="80">
      <mem type="allocate" free="4006400" total="4456448" percent="89" />
      <mem type="survivor" free="0" total="524288" percent="0" />
    </mem>
    <mem type="tenure" free="1118512" total="6160384" percent="18">
      <mem type="soa" free="869680" total="5853184" percent="14" />
      <mem type="loa" free="248832" total="307200" percent="81" />
    </mem>
    <remembered-set count="888" />
  </mem-info>
</gc-end>
<cycle-end id="631" type="scavenge" contextid="625" timestamp="2019-06-17T06:04:31.260" />
  <attribute name="elasticGC enabled" value="1" />
  <attribute name= "numThreadsSpecified" value="4" />
  <attribute name="heapSize specified" value="9830400" />
  <attribute name="Current GC Util" value="55" />
  <attribute name= "Current Time Running" value="924" />
  <attribute name ="GC Interval" value="288" />
  <attribute name="ProportionalT" value="35.000000" />
  <attribute name="ProportionalI" value="35.000000" />
  <attribute name="ProportionalH" value="35.000000" />
  <attribute name="Current Error" value="35.000000" />
  <attribute name="IntegralT" value="245.000000" />
  <attribute name="IntegralI" value="245.000000" />
  <attribute name="IntegralH" value="245.000000" />
  <attribute name="DerivativeT" value="5.000000" />
  <attribute name="DerivativeI" value="5.000000" />
  <attribute name="DerivativeH" value="5.000000" />
  <attribute name="Loop Time for DT" value="7.000000" />
  <attribute name="Output H" value="8388608"/>
  <attribute name="Output I" value="288"/>
  <attribute name="Output T" value="4"/>
  <attribute name="Target GC Util Change" value ="20.000000" />
  <attribute name="Current GC Util Change" value="55.000000"/>
  <attribute name="GC Util currently" value="55" />
  <attribute name="CPU Util currently" value="615000036789" />
<allocation-satisfied id="632" threadId="0000000000DE5100" bytesRequested="40" />
<af-end id="633" timestamp="2019-06-17T06:04:31.260" threadId="0000000000DE5A88" success="true" from="nursery"/>
<exclusive-end id="634" timestamp="2019-06-17T06:04:31.260" durationms="1.070" />

<exclusive-start id="635" timestamp="2019-06-17T06:04:31.263" intervalms="4.551">
  <response-info timems="0.024" idlems="0.024" threads="0" lastid="0000000000DE5100" lastname="Thread-7" />
</exclusive-start>
<af-start id="636" threadId="0000000000DE5A88" totalBytesRequested="24" timestamp="2019-06-17T06:04:31.263" intervalms="4.506" type="nursery" />
<cycle-start id="637" type="scavenge" contextid="0" timestamp="2019-06-17T06:04:31.263" intervalms="4.502" />
<gc-start id="638" type="scavenge" contextid="637" timestamp="2019-06-17T06:04:31.264">
  <mem-info id="639" free="1118512" total="11141120" percent="10">
    <mem type="nursery" free="0" total="4980736" percent="0">
      <mem type="allocate" free="0" total="4456448" percent="0" />
      <mem type="survivor" free="0" total="524288" percent="0" />
    </mem>
    <mem type="tenure" free="1118512" total="6160384" percent="18">
      <mem type="soa" free="869680" total="5853184" percent="14" />
      <mem type="loa" free="248832" total="307200" percent="81" />
    </mem>
    <remembered-set count="1052" />
  </mem-info>
</gc-start>
<allocation-stats totalBytes="4005824" >
  <allocated-bytes non-tlh="40" tlh="4005784" />
  <largest-consumer threadName="Thread-10" threadId="0000000000DD9D00" bytes="1364272" />
</allocation-stats>
<gc-op id="640" type="scavenge" timems="0.390" contextid="637" timestamp="2019-06-17T06:04:31.264">
  <scavenger-info tenureage="2" tenuremask="ffec" tiltratio="89" />
  <memory-copied type="nursery" objects="3725" bytes="153392" bytesdiscarded="187600" />
  <memory-copied type="tenure" objects="2760" bytes="140552" bytesdiscarded="0" />
</gc-op>
<gc-end id="641" type="scavenge" contextid="637" durationms="0.583" usertimems="0.000" systemtimems="0.000" timestamp="2019-06-17T06:04:31.264" activeThreads="4">
  <mem-info id="642" free="5233968" total="11141120" percent="46">
    <mem type="nursery" free="4115456" total="4980736" percent="82">
      <mem type="allocate" free="4115456" total="4456448" percent="92" />
      <mem type="survivor" free="0" total="524288" percent="0" />
    </mem>
    <mem type="tenure" free="1118512" total="6160384" percent="18">
      <mem type="soa" free="869680" total="5853184" percent="14" />
      <mem type="loa" free="248832" total="307200" percent="81" />
    </mem>
    <remembered-set count="775" />
  </mem-info>
</gc-end>
<cycle-end id="643" type="scavenge" contextid="637" timestamp="2019-06-17T06:04:31.264" />
  <attribute name="elasticGC enabled" value="1" />
  <attribute name= "numThreadsSpecified" value="4" />
  <attribute name="heapSize specified" value="9830400" />
  <attribute name="Current GC Util" value="23" />
  <attribute name= "Current Time Running" value="929" />
  <attribute name ="GC Interval" value="200" />
  <attribute name="ProportionalT" value="3.000000" />
  <attribute name="ProportionalI" value="3.000000" />
  <attribute name="ProportionalH" value="3.000000" />
  <attribute name="Current Error" value="3.000000" />
  <attribute name="IntegralT" value="15.000000" />
  <attribute name="IntegralI" value="15.000000" />
  <attribute name="IntegralH" value="15.000000" />
  <attribute name="DerivativeT" value="-6.400000" />
  <attribute name="DerivativeI" value="-6.400000" />
  <attribute name="DerivativeH" value="-6.400000" />
  <attribute name="Loop Time for DT" value="5.000000" />
  <attribute name="Output H" value="8388608"/>
  <attribute name="Output I" value="200"/>
  <attribute name="Output T" value="4"/>
  <attribute name="Target GC Util Change" value ="20.000000" />
  <attribute name="Current GC Util Change" value="23.000000"/>
  <attribute name="GC Util currently" value="23" />
  <attribute name="CPU Util currently" value="1024844849626" />
<allocation-satisfied id="644" threadId="0000000000DE5100" bytesRequested="24" />
<af-end id="645" timestamp="2019-06-17T06:04:31.264" threadId="0000000000DE5A88" success="true" from="nursery"/>
<exclusive-end id="646" timestamp="2019-06-17T06:04:31.264" durationms="1.047" />

<exclusive-start id="647" timestamp="2019-06-17T06:04:31.273" intervalms="9.566">
  <response-info timems="0.028" idlems="0.028" threads="0" lastid="0000000000DE1500" lastname="Thread-9" />
</exclusive-start>
<af-start id="648" threadId="0000000000DE1E88" totalBytesRequested="40" timestamp="2019-06-17T06:04:31.273" intervalms="9.621" type="nursery" />
<cycle-start id="649" type="scavenge" contextid="0" timestamp="2019-06-17T06:04:31.273" intervalms="9.675" />
<gc-start id="650" type="scavenge" contextid="649" timestamp="2019-06-17T06:04:31.273">
  <mem-info id="651" free="1118512" total="11141120" percent="10">
    <mem type="nursery" free="0" total="4980736" percent="0">
      <mem type="allocate" free="0" total="4456448" percent="0" />
      <mem type="survivor" free="0" total="524288" percent="0" />
    </mem>
    <mem type="tenure" free="1118512" total="6160384" percent="18">
      <mem type="soa" free="869680" total="5853184" percent="14" />
      <mem type="loa" free="248832" total="307200" percent="81" />
    </mem>
    <remembered-set count="1187" />
  </mem-info>
</gc-start>
<allocation-stats totalBytes="4114832" >
  <allocated-bytes non-tlh="24" tlh="4114808" />
  <largest-consumer threadName="Thread-8" threadId="0000000000DDD900" bytes="3168760" />
</allocation-stats>
<gc-op id="652" type="scavenge" timems="2.379" contextid="649" timestamp="2019-06-17T06:04:31.276">
  <scavenger-info tenureage="3" tenuremask="ffe8" tiltratio="89" />
  <memory-copied type="nursery" objects="4314" bytes="168048" bytesdiscarded="128400" />
</gc-op>
<heap-resize id="653" type="expand" space="nursery" amount="393216" count="1" timems="0.014" reason="excessive time being spent scavenging" timestamp="2019-06-17T06:04:31.276" />
<gc-end id="654" type="scavenge" contextid="649" durationms="2.985" usertimems="0.000" systemtimems="0.000" timestamp="2019-06-17T06:04:31.276" activeThreads="4">
  <mem-info id="655" free="5606192" total="11534336" percent="48">
    <mem type="nursery" free="4487680" total="5373952" percent="83">
      <mem type="allocate" free="4487680" total="4784128" percent="93" />
      <mem type="survivor" free="0" total="589824" percent="0" />
    </mem>
    <mem type="tenure" free="1118512" total="6160384" percent="18">
      <mem type="soa" free="869680" total="5853184" percent="14" />
      <mem type="loa" free="248832" total="307200" percent="81" />
    </mem>
    <remembered-set count="1187" />
  </mem-info>
</gc-end>
<cycle-end id="656" type="scavenge" contextid="649" timestamp="2019-06-17T06:04:31.276" />
  <attribute name="elasticGC enabled" value="1" />
  <attribute name= "numThreadsSpecified" value="4" />
  <attribute name="heapSize specified" value="9830400" />
  <attribute name="Current GC Util" value="11" />
  <attribute name= "Current Time Running" value="938" />
  <attribute name ="GC Interval" value="200" />
  <attribute name="ProportionalT" value="-9.000000" />
  <attribute name="ProportionalI" value="-9.000000" />
  <attribute name="ProportionalH" value="-9.000000" />
  <attribute name="Current Error" value="-9.000000" />
  <attribute name="IntegralT" value="-81.000000" />
  <attribute name="IntegralI" value="-81.000000" />
  <attribute name="IntegralH" value="-81.000000" />
  <attribute name="DerivativeT" value="-1.333333" />
  <attribute name="DerivativeI" value="-1.333333" />
  <attribute name="DerivativeH" value="-1.333333" />
  <attribute name="Loop Time for DT" value="9.000000" />
  <attribute name="Output H" value="2092630016"/>
  <attribute name="Output I" value="200"/>
  <attribute name="Output T" value="4"/>
  <attribute name="Target GC Util Change" value ="20.000000" />
  <attribute name="Current GC Util Change" value="11.000000"/>
  <attribute name="GC Util currently" value="11" />
  <attribute name="CPU Util currently" value="468714435250" />
<allocation-satisfied id="657" threadId="0000000000DE1500" bytesRequested="40" />
<af-end id="658" timestamp="2019-06-17T06:04:31.276" threadId="0000000000DE1E88" success="true" from="nursery"/>
<exclusive-end id="659" timestamp="2019-06-17T06:04:31.276" durationms="3.618" />

<exclusive-start id="660" timestamp="2019-06-17T06:04:31.280" intervalms="7.620">
  <response-info timems="0.023" idlems="0.023" threads="0" lastid="0000000000DD9D00" lastname="Thread-10" />
</exclusive-start>
<af-start id="661" threadId="0000000000DDA688" totalBytesRequested="24" timestamp="2019-06-17T06:04:31.281" intervalms="7.566" type="nursery" />
<cycle-start id="662" type="scavenge" contextid="0" timestamp="2019-06-17T06:04:31.281" intervalms="7.507" />
<gc-start id="663" type="scavenge" contextid="662" timestamp="2019-06-17T06:04:31.281">
  <mem-info id="664" free="1118512" total="11534336" percent="9">
    <mem type="nursery" free="0" total="5373952" percent="0">
      <mem type="allocate" free="0" total="4784128" percent="0" />
      <mem type="survivor" free="0" total="589824" percent="0" />
    </mem>
    <mem type="tenure" free="1118512" total="6160384" percent="18">
      <mem type="soa" free="869680" total="5853184" percent="14" />
      <mem type="loa" free="248832" total="307200" percent="81" />
    </mem>
    <remembered-set count="1585" />
  </mem-info>
</gc-start>
<allocation-stats totalBytes="4486976" >
  <allocated-bytes non-tlh="40" tlh="4486936" />
  <largest-consumer threadName="Thread-9" threadId="0000000000DE1500" bytes="1464608" />
</allocation-stats>
<gc-op id="665" type="scavenge" timems="0.338" contextid="662" timestamp="2019-06-17T06:04:31.281">
  <scavenger-info tenureage="3" tenuremask="fff8" tiltratio="89" />
  <memory-copied type="nursery" objects="1827" bytes="45192" bytesdiscarded="256632" />
  <memory-copied type="tenure" objects="3185" bytes="139896" bytesdiscarded="24" />
</gc-op>
<gc-end id="666" type="scavenge" contextid="662" durationms="0.530" usertimems="4.000" systemtimems="0.000" timestamp="2019-06-17T06:04:31.281" activeThreads="4">
  <mem-info id="667" free="5530928" total="11534336" percent="47">
    <mem type="nursery" free="4482304" total="5373952" percent="83">
      <mem type="allocate" free="4482304" total="4784128" percent="93" />
      <mem type="survivor" free="0" total="589824" percent="0" />
    </mem>
    <mem type="tenure" free="1048624" total="6160384" percent="17">
      <mem type="soa" free="799792" total="5853184" percent="13" />
      <mem type="loa" free="248832" total="307200" percent="81" />
    </mem>
    <remembered-set count="1670" />
  </mem-info>
</gc-end>
<cycle-end id="668" type="scavenge" contextid="662" timestamp="2019-06-17T06:04:31.281" />
  <attribute name="elasticGC enabled" value="1" />
  <attribute name= "numThreadsSpecified" value="4" />
  <attribute name="heapSize specified" value="9830400" />
  <attribute name="Current GC Util" value="50" />
  <attribute name= "Current Time Running" value="946" />
  <attribute name ="GC Interval" value="280" />
  <attribute name="ProportionalT" value="30.000000" />
  <attribute name="ProportionalI" value="30.000000" />
  <attribute name="ProportionalH" value="30.000000" />
  <attribute name="Current Error" value="30.000000" />
  <attribute name="IntegralT" value="240.000000" />
  <attribute name="IntegralI" value="240.000000" />
  <attribute name="IntegralH" value="240.000000" />
  <attribute name="DerivativeT" value="3.750000" />
  <attribute name="DerivativeI" value="3.750000" />
  <attribute name="DerivativeH" value="3.750000" />
  <attribute name="Loop Time for DT" value="8.000000" />
  <attribute name="Output H" value="8388608"/>
  <attribute name="Output I" value="280"/>
  <attribute name="Output T" value="4"/>
  <attribute name="Target GC Util Change" value ="20.000000" />
  <attribute name="Current GC Util Change" value="50.000000"/>
  <attribute name="GC Util currently" value="50" />
  <attribute name="CPU Util currently" value="628978147246" />
<allocation-satisfied id="669" threadId="0000000000DD9D00" bytesRequested="24" />
<af-end id="670" timestamp="2019-06-17T06:04:31.281" threadId="0000000000DDA688" success="true" from="nursery"/>
<exclusive-end id="671" timestamp="2019-06-17T06:04:31.281" durationms="0.959" />

<exclusive-start id="672" timestamp="2019-06-17T06:04:31.285" intervalms="4.997">
  <response-info timems="0.031" idlems="0.017" threads="1" lastid="0000000000DE5100" lastname="Thread-7" />
</exclusive-start>
<af-start id="673" threadId="0000000000DDE288" totalBytesRequested="40" timestamp="2019-06-17T06:04:31.286" intervalms="5.001" type="nursery" />
<cycle-start id="674" type="scavenge" contextid="0" timestamp="2019-06-17T06:04:31.286" intervalms="5.043" />
<gc-start id="675" type="scavenge" contextid="674" timestamp="2019-06-17T06:04:31.286">
  <mem-info id="676" free="1048624" total="11534336" percent="9">
    <mem type="nursery" free="0" total="5373952" percent="0">
      <mem type="allocate" free="0" total="4784128" percent="0" />
      <mem type="survivor" free="0" total="589824" percent="0" />
    </mem>
    <mem type="tenure" free="1048624" total="6160384" percent="17">
      <mem type="soa" free="799792" total="5853184" percent="13" />
      <mem type="loa" free="248832" total="307200" percent="81" />
    </mem>
    <remembered-set count="2568" />
  </mem-info>
</gc-start>
<allocation-stats totalBytes="4481392" >
  <allocated-bytes non-tlh="24" tlh="4481368" />
  <largest-consumer threadName="Thread-10" threadId="0000000000DD9D00" bytes="1474336" />
</allocation-stats>
<gc-op id="677" type="scavenge" timems="0.297" contextid="674" timestamp="2019-06-17T06:04:31.286">
  <scavenger-info tenureage="3" tenuremask="ffe8" tiltratio="89" />
  <memory-copied type="nursery" objects="2130" bytes="51920" bytesdiscarded="157744" />
  <memory-copied type="tenure" objects="465" bytes="11160" bytesdiscarded="0" />
</gc-op>
<gc-end id="678" type="scavenge" contextid="674" durationms="0.490" usertimems="0.000" systemtimems="0.000" timestamp="2019-06-17T06:04:31.286" activeThreads="4">
  <mem-info id="679" free="5623088" total="11534336" percent="48">
    <mem type="nursery" free="4574464" total="5373952" percent="85">
      <mem type="allocate" free="4574464" total="4784128" percent="95" />
      <mem type="survivor" free="0" total="589824" percent="0" />
    </mem>
    <mem type="tenure" free="1048624" total="6160384" percent="17">
      <mem type="soa" free="799792" total="5853184" percent="13" />
      <mem type="loa" free="248832" total="307200" percent="81" />
    </mem>
    <remembered-set count="2103" />
  </mem-info>
</gc-end>
<cycle-end id="680" type="scavenge" contextid="674" timestamp="2019-06-17T06:04:31.286" />
  <attribute name="elasticGC enabled" value="1" />
  <attribute name= "numThreadsSpecified" value="4" />
  <attribute name="heapSize specified" value="9830400" />
  <attribute name="Current GC Util" value="19" />
  <attribute name= "Current Time Running" value="951" />
  <attribute name ="GC Interval" value="200" />
  <attribute name="ProportionalT" value="-1.000000" />
  <attribute name="ProportionalI" value="-1.000000" />
  <attribute name="ProportionalH" value="-1.000000" />
  <attribute name="Current Error" value="-1.000000" />
  <attribute name="IntegralT" value="-5.000000" />
  <attribute name="IntegralI" value="-5.000000" />
  <attribute name="IntegralH" value="-5.000000" />
  <attribute name="DerivativeT" value="-6.200000" />
  <attribute name="DerivativeI" value="-6.200000" />
  <attribute name="DerivativeH" value="-6.200000" />
  <attribute name="Loop Time for DT" value="5.000000" />
  <attribute name="Output H" value="2092630016"/>
  <attribute name="Output I" value="200"/>
  <attribute name="Output T" value="4"/>
  <attribute name="Target GC Util Change" value ="20.000000" />
  <attribute name="Current GC Util Change" value="19.000000"/>
  <attribute name="GC Util currently" value="19" />
  <attribute name="CPU Util currently" value="911580552669" />
<allocation-satisfied id="681" threadId="0000000000DDD900" bytesRequested="40" />
<af-end id="682" timestamp="2019-06-17T06:04:31.286" threadId="0000000000DDE288" success="true" from="nursery"/>
<exclusive-end id="683" timestamp="2019-06-17T06:04:31.286" durationms="0.993" />

<exclusive-start id="684" timestamp="2019-06-17T06:04:31.290" intervalms="4.640">
  <response-info timems="0.026" idlems="0.026" threads="0" lastid="0000000000DE1500" lastname="Thread-9" />
</exclusive-start>
<af-start id="685" threadId="0000000000DE1E88" totalBytesRequested="40" timestamp="2019-06-17T06:04:31.290" intervalms="4.637" type="nursery" />
<cycle-start id="686" type="scavenge" contextid="0" timestamp="2019-06-17T06:04:31.290" intervalms="4.603" />
<gc-start id="687" type="scavenge" contextid="686" timestamp="2019-06-17T06:04:31.290">
  <mem-info id="688" free="1048624" total="11534336" percent="9">
    <mem type="nursery" free="0" total="5373952" percent="0">
      <mem type="allocate" free="0" total="4784128" percent="0" />
      <mem type="survivor" free="0" total="589824" percent="0" />
    </mem>
    <mem type="tenure" free="1048624" total="6160384" percent="17">
      <mem type="soa" free="799792" total="5853184" percent="13" />
      <mem type="loa" free="248832" total="307200" percent="81" />
    </mem>
    <remembered-set count="2837" />
  </mem-info>
</gc-start>
<allocation-stats totalBytes="4573656" >
  <allocated-bytes non-tlh="40" tlh="4573616" />
  <largest-consumer threadName="Thread-10" threadId="0000000000DD9D00" bytes="1526720" />
</allocation-stats>
<gc-op id="689" type="scavenge" timems="2.249" contextid="686" timestamp="2019-06-17T06:04:31.293">
  <scavenger-info tenureage="3" tenuremask="ffe8" tiltratio="89" />
  <memory-copied type="nursery" objects="2376" bytes="57808" bytesdiscarded="59696" />
  <memory-copied type="tenure" objects="486" bytes="11664" bytesdiscarded="0" />
</gc-op>
<heap-resize id="690" type="expand" space="nursery" amount="917504" count="1" timems="0.018" reason="excessive time being spent scavenging" timestamp="2019-06-17T06:04:31.293" />
<gc-end id="691" type="scavenge" contextid="686" durationms="2.734" usertimems="4.000" systemtimems="0.000" timestamp="2019-06-17T06:04:31.293" activeThreads="4">
  <mem-info id="692" free="6462512" total="12451840" percent="51">
    <mem type="nursery" free="5453056" total="6291456" percent="86">
      <mem type="allocate" free="5453056" total="5570560" percent="97" />
      <mem type="survivor" free="0" total="720896" percent="0" />
    </mem>
    <mem type="tenure" free="1009456" total="6160384" percent="16">
      <mem type="soa" free="760624" total="5853184" percent="12" />
      <mem type="loa" free="248832" total="307200" percent="81" />
    </mem>
    <remembered-set count="2351" />
  </mem-info>
</gc-end>
<cycle-end id="693" type="scavenge" contextid="686" timestamp="2019-06-17T06:04:31.293" />
  <attribute name="elasticGC enabled" value="1" />
  <attribute name= "numThreadsSpecified" value="4" />
  <attribute name="heapSize specified" value="9830400" />
  <attribute name="Current GC Util" value="16" />
  <attribute name= "Current Time Running" value="955" />
  <attribute name ="GC Interval" value="200" />
  <attribute name="ProportionalT" value="-4.000000" />
  <attribute name="ProportionalI" value="-4.000000" />
  <attribute name="ProportionalH" value="-4.000000" />
  <attribute name="Current Error" value="-4.000000" />
  <attribute name="IntegralT" value="-16.000000" />
  <attribute name="IntegralI" value="-16.000000" />
  <attribute name="IntegralH" value="-16.000000" />
  <attribute name="DerivativeT" value="-1.000000" />
  <attribute name="DerivativeI" value="-1.000000" />
  <attribute name="DerivativeH" value="-1.000000" />
  <attribute name="Loop Time for DT" value="4.000000" />
  <attribute name="Output H" value="2092630016"/>
  <attribute name="Output I" value="200"/>
  <attribute name="Output T" value="4"/>
  <attribute name="Target GC Util Change" value ="20.000000" />
  <attribute name="Current GC Util Change" value="16.000000"/>
  <attribute name="GC Util currently" value="16" />
  <attribute name="CPU Util currently" value="1004861011840" />
<allocation-satisfied id="694" threadId="0000000000DE1500" bytesRequested="40" />
<af-end id="695" timestamp="2019-06-17T06:04:31.293" threadId="0000000000DE1E88" success="true" from="nursery"/>
<exclusive-end id="696" timestamp="2019-06-17T06:04:31.294" durationms="3.373" />

<exclusive-start id="697" timestamp="2019-06-17T06:04:31.298" intervalms="7.962">
  <response-info timems="0.027" idlems="0.027" threads="0" lastid="0000000000DE1500" lastname="Thread-9" />
</exclusive-start>
<af-start id="698" threadId="0000000000DE1E88" totalBytesRequested="40" timestamp="2019-06-17T06:04:31.298" intervalms="7.974" type="nursery" />
<cycle-start id="699" type="scavenge" contextid="0" timestamp="2019-06-17T06:04:31.298" intervalms="7.974" />
<gc-start id="700" type="scavenge" contextid="699" timestamp="2019-06-17T06:04:31.298">
  <mem-info id="701" free="1009456" total="12451840" percent="8">
    <mem type="nursery" free="0" total="6291456" percent="0">
      <mem type="allocate" free="0" total="5570560" percent="0" />
      <mem type="survivor" free="0" total="720896" percent="0" />
    </mem>
    <mem type="tenure" free="1009456" total="6160384" percent="16">
      <mem type="soa" free="760624" total="5853184" percent="12" />
      <mem type="loa" free="248832" total="307200" percent="81" />
    </mem>
    <remembered-set count="3274" />
  </mem-info>
</gc-start>
<allocation-stats totalBytes="5452240" >
  <allocated-bytes non-tlh="40" tlh="5452200" />
  <largest-consumer threadName="Thread-10" threadId="0000000000DD9D00" bytes="1802072" />
</allocation-stats>
<gc-op id="702" type="scavenge" timems="2.459" contextid="699" timestamp="2019-06-17T06:04:31.301">
  <scavenger-info tenureage="3" tenuremask="ffe8" tiltratio="88" />
  <memory-copied type="nursery" objects="2738" bytes="66800" bytesdiscarded="50704" />
  <memory-copied type="tenure" objects="630" bytes="15120" bytesdiscarded="0" />
</gc-op>
<heap-resize id="703" type="expand" space="nursery" amount="786432" count="1" timems="0.012" reason="excessive time being spent scavenging" timestamp="2019-06-17T06:04:31.301" />
<gc-end id="704" type="scavenge" contextid="699" durationms="2.892" usertimems="4.000" systemtimems="0.000" timestamp="2019-06-17T06:04:31.301" activeThreads="4">
  <mem-info id="705" free="7183408" total="13238272" percent="54">
    <mem type="nursery" free="6173952" total="7077888" percent="87">
      <mem type="allocate" free="6173952" total="6291456" percent="98" />
      <mem type="survivor" free="0" total="786432" percent="0" />
    </mem>
    <mem type="tenure" free="1009456" total="6160384" percent="16">
      <mem type="soa" free="760624" total="5853184" percent="12" />
      <mem type="loa" free="248832" total="307200" percent="81" />
    </mem>
    <remembered-set count="2644" />
  </mem-info>
</gc-end>
<cycle-end id="706" type="scavenge" contextid="699" timestamp="2019-06-17T06:04:31.301" />
  <attribute name="elasticGC enabled" value="1" />
  <attribute name= "numThreadsSpecified" value="4" />
  <attribute name="heapSize specified" value="9830400" />
  <attribute name="Current GC Util" value="43" />
  <attribute name= "Current Time Running" value="963" />
  <attribute name ="GC Interval" value="216" />
  <attribute name="ProportionalT" value="23.000000" />
  <attribute name="ProportionalI" value="23.000000" />
  <attribute name="ProportionalH" value="23.000000" />
  <attribute name="Current Error" value="23.000000" />
  <attribute name="IntegralT" value="184.000000" />
  <attribute name="IntegralI" value="184.000000" />
  <attribute name="IntegralH" value="184.000000" />
  <attribute name="DerivativeT" value="2.875000" />
  <attribute name="DerivativeI" value="2.875000" />
  <attribute name="DerivativeH" value="2.875000" />
  <attribute name="Loop Time for DT" value="8.000000" />
  <attribute name="Output H" value="8388608"/>
  <attribute name="Output I" value="216"/>
  <attribute name="Output T" value="4"/>
  <attribute name="Target GC Util Change" value ="20.000000" />
  <attribute name="Current GC Util Change" value="43.000000"/>
  <attribute name="GC Util currently" value="43" />
  <attribute name="CPU Util currently" value="577926952660" />
<allocation-satisfied id="707" threadId="0000000000DE1500" bytesRequested="40" />
<af-end id="708" timestamp="2019-06-17T06:04:31.301" threadId="0000000000DE1E88" success="true" from="nursery"/>
<exclusive-end id="709" timestamp="2019-06-17T06:04:31.302" durationms="3.484" />

<exclusive-start id="710" timestamp="2019-06-17T06:04:31.307" intervalms="8.653">
  <response-info timems="0.026" idlems="0.026" threads="0" lastid="0000000000DE1500" lastname="Thread-9" />
</exclusive-start>
<af-start id="711" threadId="0000000000DE1E88" totalBytesRequested="40" timestamp="2019-06-17T06:04:31.307" intervalms="8.652" type="nursery" />
<cycle-start id="712" type="scavenge" contextid="0" timestamp="2019-06-17T06:04:31.307" intervalms="8.646" />
<gc-start id="713" type="scavenge" contextid="712" timestamp="2019-06-17T06:04:31.307">
  <mem-info id="714" free="1009456" total="13238272" percent="7">
    <mem type="nursery" free="0" total="7077888" percent="0">
      <mem type="allocate" free="0" total="6291456" percent="0" />
      <mem type="survivor" free="0" total="786432" percent="0" />
    </mem>
    <mem type="tenure" free="1009456" total="6160384" percent="16">
      <mem type="soa" free="760624" total="5853184" percent="12" />
      <mem type="loa" free="248832" total="307200" percent="81" />
    </mem>
    <remembered-set count="3877" />
  </mem-info>
</gc-start>
<allocation-stats totalBytes="6173008" >
  <allocated-bytes non-tlh="40" tlh="6172968" />
  <largest-consumer threadName="Thread-10" threadId="0000000000DD9D00" bytes="2055880" />
</allocation-stats>
<gc-op id="715" type="scavenge" timems="2.613" contextid="712" timestamp="2019-06-17T06:04:31.310">
  <scavenger-info tenureage="3" tenuremask="ffe8" tiltratio="88" />
  <memory-copied type="nursery" objects="3068" bytes="74688" bytesdiscarded="112704" />
  <memory-copied type="tenure" objects="900" bytes="21600" bytesdiscarded="0" />
</gc-op>
<heap-resize id="716" type="expand" space="nursery" amount="917504" count="1" timems="0.012" reason="excessive time being spent scavenging" timestamp="2019-06-17T06:04:31.310" />
<gc-end id="717" type="scavenge" contextid="712" durationms="3.085" usertimems="0.000" systemtimems="4.000" timestamp="2019-06-17T06:04:31.310" activeThreads="4">
  <mem-info id="718" free="7926320" total="14155776" percent="55">
    <mem type="nursery" free="6956032" total="7995392" percent="87">
      <mem type="allocate" free="6956032" total="7143424" percent="97" />
      <mem type="survivor" free="0" total="851968" percent="0" />
    </mem>
    <mem type="tenure" free="970288" total="6160384" percent="15">
      <mem type="soa" free="721456" total="5853184" percent="12" />
      <mem type="loa" free="248832" total="307200" percent="81" />
    </mem>
    <remembered-set count="2977" />
  </mem-info>
</gc-end>
<cycle-end id="719" type="scavenge" contextid="712" timestamp="2019-06-17T06:04:31.310" />
  <attribute name="elasticGC enabled" value="1" />
  <attribute name= "numThreadsSpecified" value="4" />
  <attribute name="heapSize specified" value="9830400" />
  <attribute name="Current GC Util" value="46" />
  <attribute name= "Current Time Running" value="972" />
  <attribute name ="GC Interval" value="264" />
  <attribute name="ProportionalT" value="26.000000" />
  <attribute name="ProportionalI" value="26.000000" />
  <attribute name="ProportionalH" value="26.000000" />
  <attribute name="Current Error" value="26.000000" />
  <attribute name="IntegralT" value="234.000000" />
  <attribute name="IntegralI" value="234.000000" />
  <attribute name="IntegralH" value="234.000000" />
  <attribute name="DerivativeT" value="0.333333" />
  <attribute name="DerivativeI" value="0.333333" />
  <attribute name="DerivativeH" value="0.333333" />
  <attribute name="Loop Time for DT" value="9.000000" />
  <attribute name="Output H" value="8388608"/>
  <attribute name="Output I" value="264"/>
  <attribute name="Output T" value="4"/>
  <attribute name="Target GC Util Change" value ="20.000000" />
  <attribute name="Current GC Util Change" value="46.000000"/>
  <attribute name="GC Util currently" value="46" />
  <attribute name="CPU Util currently" value="533361107596" />
<allocation-satisfied id="720" threadId="0000000000DE1500" bytesRequested="40" />
<af-end id="721" timestamp="2019-06-17T06:04:31.310" threadId="0000000000DE1E88" success="true" from="nursery"/>
<exclusive-end id="722" timestamp="2019-06-17T06:04:31.310" durationms="3.740" />

<exclusive-start id="723" timestamp="2019-06-17T06:04:31.316" intervalms="9.186">
  <response-info timems="0.042" idlems="0.023" threads="1" lastid="0000000000DE5100" lastname="Thread-7" />
</exclusive-start>
<af-start id="724" threadId="0000000000DDE288" totalBytesRequested="40" timestamp="2019-06-17T06:04:31.316" intervalms="9.186" type="nursery" />
<cycle-start id="725" type="scavenge" contextid="0" timestamp="2019-06-17T06:04:31.316" intervalms="9.187" />
<gc-start id="726" type="scavenge" contextid="725" timestamp="2019-06-17T06:04:31.316">
  <mem-info id="727" free="970288" total="14155776" percent="6">
    <mem type="nursery" free="0" total="7995392" percent="0">
      <mem type="allocate" free="0" total="7143424" percent="0" />
      <mem type="survivor" free="0" total="851968" percent="0" />
    </mem>
    <mem type="tenure" free="970288" total="6160384" percent="15">
      <mem type="soa" free="721456" total="5853184" percent="12" />
      <mem type="loa" free="248832" total="307200" percent="81" />
    </mem>
    <remembered-set count="4248" />
  </mem-info>
</gc-start>
<allocation-stats totalBytes="6955088" >
  <allocated-bytes non-tlh="40" tlh="6955048" />
  <largest-consumer threadName="Thread-10" threadId="0000000000DD9D00" bytes="2326240" />
</allocation-stats>
<gc-op id="728" type="scavenge" timems="0.344" contextid="725" timestamp="2019-06-17T06:04:31.317">
  <scavenger-info tenureage="2" tenuremask="ffec" tiltratio="89" />
  <memory-copied type="nursery" objects="2574" bytes="62416" bytesdiscarded="55088" />
  <memory-copied type="tenure" objects="1658" bytes="39792" bytesdiscarded="0" />
</gc-op>
<gc-end id="729" type="scavenge" contextid="725" durationms="0.532" usertimems="0.000" systemtimems="0.000" timestamp="2019-06-17T06:04:31.317" activeThreads="4">
  <mem-info id="730" free="7996208" total="14155776" percent="56">
    <mem type="nursery" free="7025920" total="7995392" percent="87">
      <mem type="allocate" free="7025920" total="7143424" percent="98" />
      <mem type="survivor" free="0" total="851968" percent="0" />
    </mem>
    <mem type="tenure" free="970288" total="6160384" percent="15">
      <mem type="soa" free="721456" total="5853184" percent="12" />
      <mem type="loa" free="248832" total="307200" percent="81" />
    </mem>
    <remembered-set count="2590" />
  </mem-info>
</gc-end>
<cycle-end id="731" type="scavenge" contextid="725" timestamp="2019-06-17T06:04:31.317" />
  <attribute name="elasticGC enabled" value="1" />
  <attribute name= "numThreadsSpecified" value="4" />
  <attribute name="heapSize specified" value="9830400" />
  <attribute name="Current GC Util" value="45" />
  <attribute name= "Current Time Running" value="981" />
  <attribute name ="GC Interval" value="256" />
  <attribute name="ProportionalT" value="25.000000" />
  <attribute name="ProportionalI" value="25.000000" />
  <attribute name="ProportionalH" value="25.000000" />
  <attribute name="Current Error" value="25.000000" />
  <attribute name="IntegralT" value="225.000000" />
  <attribute name="IntegralI" value="225.000000" />
  <attribute name="IntegralH" value="225.000000" />
  <attribute name="DerivativeT" value="-0.111111" />
  <attribute name="DerivativeI" value="-0.111111" />
  <attribute name="DerivativeH" value="-0.111111" />
  <attribute name="Loop Time for DT" value="9.000000" />
  <attribute name="Output H" value="8388608"/>
  <attribute name="Output I" value="256"/>
  <attribute name="Output T" value="4"/>
  <attribute name="Target GC Util Change" value ="20.000000" />
  <attribute name="Current GC Util Change" value="45.000000"/>
  <attribute name="GC Util currently" value="45" />
  <attribute name="CPU Util currently" value="501694641879" />
<allocation-satisfied id="732" threadId="0000000000DDD900" bytesRequested="40" />
<af-end id="733" timestamp="2019-06-17T06:04:31.317" threadId="0000000000DDE288" success="true" from="nursery"/>
<exclusive-end id="734" timestamp="2019-06-17T06:04:31.317" durationms="1.015" />

<exclusive-start id="735" timestamp="2019-06-17T06:04:31.322" intervalms="6.406">
  <response-info timems="0.037" idlems="0.037" threads="0" lastid="0000000000DE1500" lastname="Thread-9" />
</exclusive-start>
<af-start id="736" threadId="0000000000DE1E88" totalBytesRequested="40" timestamp="2019-06-17T06:04:31.322" intervalms="6.402" type="nursery" />
<cycle-start id="737" type="scavenge" contextid="0" timestamp="2019-06-17T06:04:31.322" intervalms="6.404" />
<gc-start id="738" type="scavenge" contextid="737" timestamp="2019-06-17T06:04:31.323">
  <mem-info id="739" free="970288" total="14155776" percent="6">
    <mem type="nursery" free="0" total="7995392" percent="0">
      <mem type="allocate" free="0" total="7143424" percent="0" />
      <mem type="survivor" free="0" total="851968" percent="0" />
    </mem>
    <mem type="tenure" free="970288" total="6160384" percent="15">
      <mem type="soa" free="721456" total="5853184" percent="12" />
      <mem type="loa" free="248832" total="307200" percent="81" />
    </mem>
    <remembered-set count="4185" />
  </mem-info>
</gc-start>
<allocation-stats totalBytes="7024888" >
  <allocated-bytes non-tlh="40" tlh="7024848" />
  <largest-consumer threadName="Thread-7" threadId="0000000000DE5100" bytes="2502224" />
</allocation-stats>
<gc-op id="740" type="scavenge" timems="1.347" contextid="737" timestamp="2019-06-17T06:04:31.324">
  <scavenger-info tenureage="2" tenuremask="ffe4" tiltratio="89" />
  <memory-copied type="nursery" objects="2999" bytes="72824" bytesdiscarded="114568" />
  <memory-copied type="tenure" objects="1231" bytes="29544" bytesdiscarded="0" />
</gc-op>
<heap-resize id="741" type="expand" space="nursery" amount="524288" count="1" timems="0.014" reason="excessive time being spent scavenging" timestamp="2019-06-17T06:04:31.324" />
<gc-end id="742" type="scavenge" contextid="737" durationms="1.829" usertimems="0.000" systemtimems="4.000" timestamp="2019-06-17T06:04:31.324" activeThreads="4">
  <mem-info id="743" free="8385072" total="14680064" percent="57">
    <mem type="nursery" free="7414784" total="8519680" percent="87">
      <mem type="allocate" free="7414784" total="7602176" percent="97" />
      <mem type="survivor" free="0" total="917504" percent="0" />
    </mem>
    <mem type="tenure" free="970288" total="6160384" percent="15">
      <mem type="soa" free="721456" total="5853184" percent="12" />
      <mem type="loa" free="248832" total="307200" percent="81" />
    </mem>
    <remembered-set count="2954" />
  </mem-info>
</gc-end>
<cycle-end id="744" type="scavenge" contextid="737" timestamp="2019-06-17T06:04:31.325" />
  <attribute name="elasticGC enabled" value="1" />
  <attribute name= "numThreadsSpecified" value="4" />
  <attribute name="heapSize specified" value="9830400" />
  <attribute name="Current GC Util" value="14" />
  <attribute name= "Current Time Running" value="988" />
  <attribute name ="GC Interval" value="200" />
  <attribute name="ProportionalT" value="-6.000000" />
  <attribute name="ProportionalI" value="-6.000000" />
  <attribute name="ProportionalH" value="-6.000000" />
  <attribute name="Current Error" value="-6.000000" />
  <attribute name="IntegralT" value="-42.000000" />
  <attribute name="IntegralI" value="-42.000000" />
  <attribute name="IntegralH" value="-42.000000" />
  <attribute name="DerivativeT" value="-4.428571" />
  <attribute name="DerivativeI" value="-4.428571" />
  <attribute name="DerivativeH" value="-4.428571" />
  <attribute name="Loop Time for DT" value="7.000000" />
  <attribute name="Output H" value="2092630016"/>
  <attribute name="Output I" value="200"/>
  <attribute name="Output T" value="4"/>
  <attribute name="Target GC Util Change" value ="20.000000" />
  <attribute name="Current GC Util Change" value="14.000000"/>
  <attribute name="GC Util currently" value="14" />
  <attribute name="CPU Util currently" value="720320788811" />
<allocation-satisfied id="745" threadId="0000000000DE1500" bytesRequested="40" />
<af-end id="746" timestamp="2019-06-17T06:04:31.325" threadId="0000000000DE1E88" success="true" from="nursery"/>
<exclusive-end id="747" timestamp="2019-06-17T06:04:31.325" durationms="2.486" />

<exclusive-start id="748" timestamp="2019-06-17T06:04:31.331" intervalms="9.155">
  <response-info timems="0.051" idlems="0.051" threads="0" lastid="0000000000DD9D00" lastname="Thread-10" />
</exclusive-start>
<af-start id="749" threadId="0000000000DDA688" totalBytesRequested="40" timestamp="2019-06-17T06:04:31.332" intervalms="9.151" type="nursery" />
<cycle-start id="750" type="scavenge" contextid="0" timestamp="2019-06-17T06:04:31.332" intervalms="9.142" />
<gc-start id="751" type="scavenge" contextid="750" timestamp="2019-06-17T06:04:31.332">
  <mem-info id="752" free="970288" total="14680064" percent="6">
    <mem type="nursery" free="0" total="8519680" percent="0">
      <mem type="allocate" free="0" total="7602176" percent="0" />
      <mem type="survivor" free="0" total="917504" percent="0" />
    </mem>
    <mem type="tenure" free="970288" total="6160384" percent="15">
      <mem type="soa" free="721456" total="5853184" percent="12" />
      <mem type="loa" free="248832" total="307200" percent="81" />
    </mem>
    <remembered-set count="3430" />
  </mem-info>
</gc-start>
<allocation-stats totalBytes="7413776" >
  <allocated-bytes non-tlh="40" tlh="7413736" />
  <largest-consumer threadName="Thread-7" threadId="0000000000DE5100" bytes="3243592" />
</allocation-stats>
<gc-op id="753" type="scavenge" timems="0.603" contextid="750" timestamp="2019-06-17T06:04:31.332">
  <scavenger-info tenureage="2" tenuremask="fff4" tiltratio="89" />
  <memory-copied type="nursery" objects="14271" bytes="618032" bytesdiscarded="94672" />
  <memory-copied type="tenure" objects="1302" bytes="31432" bytesdiscarded="8" />
</gc-op>
<gc-end id="754" type="scavenge" contextid="750" durationms="0.800" usertimems="4.000" systemtimems="0.000" timestamp="2019-06-17T06:04:31.332" activeThreads="4">
  <mem-info id="755" free="7689520" total="14680064" percent="52">
    <mem type="nursery" free="6758400" total="8519680" percent="79">
      <mem type="allocate" free="6758400" total="7471104" percent="90" />
      <mem type="survivor" free="0" total="1048576" percent="0" />
    </mem>
    <mem type="tenure" free="931120" total="6160384" percent="15">
      <mem type="soa" free="682288" total="5853184" percent="11" />
      <mem type="loa" free="248832" total="307200" percent="81" />
    </mem>
    <remembered-set count="2165" />
  </mem-info>
</gc-end>
<cycle-end id="756" type="scavenge" contextid="750" timestamp="2019-06-17T06:04:31.333" />
  <attribute name="elasticGC enabled" value="1" />
  <attribute name= "numThreadsSpecified" value="4" />
  <attribute name="heapSize specified" value="9830400" />
  <attribute name="Current GC Util" value="23" />
  <attribute name= "Current Time Running" value="997" />
  <attribute name ="GC Interval" value="200" />
  <attribute name="ProportionalT" value="3.000000" />
  <attribute name="ProportionalI" value="3.000000" />
  <attribute name="ProportionalH" value="3.000000" />
  <attribute name="Current Error" value="3.000000" />
  <attribute name="IntegralT" value="27.000000" />
  <attribute name="IntegralI" value="27.000000" />
  <attribute name="IntegralH" value="27.000000" />
  <attribute name="DerivativeT" value="0.333333" />
  <attribute name="DerivativeI" value="0.333333" />
  <attribute name="DerivativeH" value="0.333333" />
  <attribute name="Loop Time for DT" value="9.000000" />
  <attribute name="Output H" value="8388608"/>
  <attribute name="Output I" value="200"/>
  <attribute name="Output T" value="4"/>
  <attribute name="Target GC Util Change" value ="20.000000" />
  <attribute name="Current GC Util Change" value="23.000000"/>
  <attribute name="GC Util currently" value="23" />
  <attribute name="CPU Util currently" value="505717177090" />
<allocation-satisfied id="757" threadId="0000000000DD9D00" bytesRequested="40" />
<af-end id="758" timestamp="2019-06-17T06:04:31.333" threadId="0000000000DDA688" success="true" from="nursery"/>
<exclusive-end id="759" timestamp="2019-06-17T06:04:31.333" durationms="1.230" />

<exclusive-start id="760" timestamp="2019-06-17T06:04:31.340" intervalms="8.765">
  <response-info timems="0.170" idlems="0.170" threads="0" lastid="0000000000DE5100" lastname="Thread-7" />
</exclusive-start>
<af-start id="761" threadId="0000000000DE5A88" totalBytesRequested="40" timestamp="2019-06-17T06:04:31.340" intervalms="8.890" type="nursery" />
<cycle-start id="762" type="scavenge" contextid="0" timestamp="2019-06-17T06:04:31.341" intervalms="8.957" />
<gc-start id="763" type="scavenge" contextid="762" timestamp="2019-06-17T06:04:31.341">
  <mem-info id="764" free="931120" total="14680064" percent="6">
    <mem type="nursery" free="0" total="8519680" percent="0">
      <mem type="allocate" free="0" total="7471104" percent="0" />
      <mem type="survivor" free="0" total="1048576" percent="0" />
    </mem>
    <mem type="tenure" free="931120" total="6160384" percent="15">
      <mem type="soa" free="682288" total="5853184" percent="11" />
      <mem type="loa" free="248832" total="307200" percent="81" />
    </mem>
    <remembered-set count="2656" />
  </mem-info>
</gc-start>
<allocation-stats totalBytes="6757288" >
  <allocated-bytes non-tlh="40" tlh="6757248" />
  <largest-consumer threadName="Thread-7" threadId="0000000000DE5100" bytes="3440168" />
</allocation-stats>
<gc-op id="765" type="scavenge" timems="0.653" contextid="762" timestamp="2019-06-17T06:04:31.341">
  <scavenger-info tenureage="2" tenuremask="fff4" tiltratio="87" />
  <memory-copied type="nursery" objects="13260" bytes="594224" bytesdiscarded="193744" />
  <memory-copied type="tenure" objects="1596" bytes="38304" bytesdiscarded="0" />
</gc-op>
<gc-end id="766" type="scavenge" contextid="762" durationms="0.920" usertimems="4.000" systemtimems="0.000" timestamp="2019-06-17T06:04:31.342" activeThreads="4">
  <mem-info id="767" free="7810864" total="14680064" percent="53">
    <mem type="nursery" free="6879744" total="8519680" percent="80">
      <mem type="allocate" free="6879744" total="7667712" percent="89" />
      <mem type="survivor" free="0" total="851968" percent="0" />
    </mem>
    <mem type="tenure" free="931120" total="6160384" percent="15">
      <mem type="soa" free="682288" total="5853184" percent="11" />
      <mem type="loa" free="248832" total="307200" percent="81" />
    </mem>
    <remembered-set count="1058" />
  </mem-info>
</gc-end>
<cycle-end id="768" type="scavenge" contextid="762" timestamp="2019-06-17T06:04:31.342" />
  <attribute name="elasticGC enabled" value="1" />
  <attribute name= "numThreadsSpecified" value="4" />
  <attribute name="heapSize specified" value="9830400" />
  <attribute name="Current GC Util" value="19" />
  <attribute name= "Current Time Running" value="1006" />
  <attribute name ="GC Interval" value="200" />
  <attribute name="ProportionalT" value="-1.000000" />
  <attribute name="ProportionalI" value="-1.000000" />
  <attribute name="ProportionalH" value="-1.000000" />
  <attribute name="Current Error" value="-1.000000" />
  <attribute name="IntegralT" value="-9.000000" />
  <attribute name="IntegralI" value="-9.000000" />
  <attribute name="IntegralH" value="-9.000000" />
  <attribute name="DerivativeT" value="-0.444444" />
  <attribute name="DerivativeI" value="-0.444444" />
  <attribute name="DerivativeH" value="-0.444444" />
  <attribute name="Loop Time for DT" value="9.000000" />
  <attribute name="Output H" value="2092630016"/>
  <attribute name="Output I" value="200"/>
  <attribute name="Output T" value="4"/>
  <attribute name="Target GC Util Change" value ="20.000000" />
  <attribute name="Current GC Util Change" value="19.000000"/>
  <attribute name="GC Util currently" value="19" />
  <attribute name="CPU Util currently" value="509245389317" />
<allocation-satisfied id="769" threadId="0000000000DE5100" bytesRequested="40" />
<af-end id="770" timestamp="2019-06-17T06:04:31.342" threadId="0000000000DE5A88" success="true" from="nursery"/>
<exclusive-end id="771" timestamp="2019-06-17T06:04:31.342" durationms="1.661" />

<exclusive-start id="772" timestamp="2019-06-17T06:04:31.347" intervalms="6.515">
  <response-info timems="0.056" idlems="0.056" threads="0" lastid="0000000000DDD900" lastname="Thread-8" />
</exclusive-start>
<af-start id="773" threadId="0000000000DDE288" totalBytesRequested="40" timestamp="2019-06-17T06:04:31.347" intervalms="6.370" type="nursery" />
<cycle-start id="774" type="scavenge" contextid="0" timestamp="2019-06-17T06:04:31.347" intervalms="6.335" />
<gc-start id="775" type="scavenge" contextid="774" timestamp="2019-06-17T06:04:31.347">
  <mem-info id="776" free="931120" total="14680064" percent="6">
    <mem type="nursery" free="0" total="8519680" percent="0">
      <mem type="allocate" free="0" total="7667712" percent="0" />
      <mem type="survivor" free="0" total="851968" percent="0" />
    </mem>
    <mem type="tenure" free="931120" total="6160384" percent="15">
      <mem type="soa" free="682288" total="5853184" percent="11" />
      <mem type="loa" free="248832" total="307200" percent="81" />
    </mem>
    <remembered-set count="1321" />
  </mem-info>
</gc-start>
<allocation-stats totalBytes="6878640" >
  <allocated-bytes non-tlh="40" tlh="6878600" />
  <largest-consumer threadName="Thread-8" threadId="0000000000DDD900" bytes="2375272" />
</allocation-stats>
<gc-op id="777" type="scavenge" timems="0.554" contextid="774" timestamp="2019-06-17T06:04:31.348">
  <scavenger-info tenureage="2" tenuremask="fff4" tiltratio="90" />
  <memory-copied type="nursery" objects="1467" bytes="35960" bytesdiscarded="81544" />
  <memory-copied type="tenure" objects="12612" bytes="577832" bytesdiscarded="64" />
</gc-op>
<gc-end id="778" type="scavenge" contextid="774" durationms="0.709" usertimems="0.000" systemtimems="0.000" timestamp="2019-06-17T06:04:31.348" activeThreads="4">
  <mem-info id="779" free="7912744" total="14680064" percent="53">
    <mem type="nursery" free="7550208" total="8519680" percent="88">
      <mem type="allocate" free="7550208" total="7667712" percent="98" />
      <mem type="survivor" free="0" total="851968" percent="0" />
    </mem>
    <mem type="tenure" free="362536" total="6160384" percent="5">
      <mem type="soa" free="113704" total="5853184" percent="1" />
      <mem type="loa" free="248832" total="307200" percent="81" />
    </mem>
    <remembered-set count="1340" />
  </mem-info>
</gc-end>
<cycle-end id="780" type="scavenge" contextid="774" timestamp="2019-06-17T06:04:31.348" />
  <attribute name="elasticGC enabled" value="1" />
  <attribute name= "numThreadsSpecified" value="4" />
  <attribute name="heapSize specified" value="9830400" />
  <attribute name="Current GC Util" value="30" />
  <attribute name= "Current Time Running" value="1012" />
  <attribute name ="GC Interval" value="200" />
  <attribute name="ProportionalT" value="10.000000" />
  <attribute name="ProportionalI" value="10.000000" />
  <attribute name="ProportionalH" value="10.000000" />
  <attribute name="Current Error" value="10.000000" />
  <attribute name="IntegralT" value="60.000000" />
  <attribute name="IntegralI" value="60.000000" />
  <attribute name="IntegralH" value="60.000000" />
  <attribute name="DerivativeT" value="1.666667" />
  <attribute name="DerivativeI" value="1.666667" />
  <attribute name="DerivativeH" value="1.666667" />
  <attribute name="Loop Time for DT" value="6.000000" />
  <attribute name="Output H" value="8388608"/>
  <attribute name="Output I" value="200"/>
  <attribute name="Output T" value="4"/>
  <attribute name="Target GC Util Change" value ="20.000000" />
  <attribute name="Current GC Util Change" value="30.000000"/>
  <attribute name="GC Util currently" value="30" />
  <attribute name="CPU Util currently" value="742928810504" />
<allocation-satisfied id="781" threadId="0000000000DDD900" bytesRequested="40" />
<af-end id="782" timestamp="2019-06-17T06:04:31.348" threadId="0000000000DDE288" success="true" from="nursery"/>
<exclusive-end id="783" timestamp="2019-06-17T06:04:31.348" durationms="1.176" />

<concurrent-kickoff id="784" timestamp="2019-06-17T06:04:31.354">
  <kickoff reason="threshold reached" targetBytes="1774853" thresholdFreeBytes="247361"  remainingFree="230616" tenureFreeBytes="362536" nurseryFreeBytes="230616" />
</concurrent-kickoff>
<exclusive-start id="785" timestamp="2019-06-17T06:04:31.355" intervalms="7.749">
  <response-info timems="0.056" idlems="0.056" threads="0" lastid="0000000000DD9D00" lastname="Thread-10" />
</exclusive-start>
<cycle-start id="786" type="global" contextid="0" timestamp="2019-06-17T06:04:31.355" intervalms="291.243" />
<exclusive-end id="787" timestamp="2019-06-17T06:04:31.355" durationms="0.165" />

<exclusive-start id="788" timestamp="2019-06-17T06:04:31.355" intervalms="0.755">
  <response-info timems="0.021" idlems="0.021" threads="0" lastid="0000000000DD9D00" lastname="Thread-10" />
</exclusive-start>
<af-start id="789" threadId="0000000000DDA688" totalBytesRequested="40" timestamp="2019-06-17T06:04:31.355" intervalms="8.540" type="nursery" />
<cycle-start id="790" type="scavenge" contextid="0" timestamp="2019-06-17T06:04:31.355" intervalms="8.537" />
<gc-start id="791" type="scavenge" contextid="790" timestamp="2019-06-17T06:04:31.356">
  <mem-info id="792" free="362536" total="14680064" percent="2">
    <mem type="nursery" free="0" total="8519680" percent="0">
      <mem type="allocate" free="0" total="7667712" percent="0" />
      <mem type="survivor" free="0" total="851968" percent="0" />
    </mem>
    <mem type="tenure" free="362536" total="6160384" percent="5">
      <mem type="soa" free="113704" total="5853184" percent="1" />
      <mem type="loa" free="248832" total="307200" percent="81" />
    </mem>
    <remembered-set count="2599" />
  </mem-info>
</gc-start>
<allocation-stats totalBytes="7549144" >
  <allocated-bytes non-tlh="40" tlh="7549104" />
  <largest-consumer threadName="Thread-9" threadId="0000000000DE1500" bytes="3112544" />
</allocation-stats>
<gc-op id="793" type="scavenge" timems="0.372" contextid="790" timestamp="2019-06-17T06:04:31.356">
  <scavenger-info tenureage="2" tenuremask="fff4" tiltratio="90" />
  <memory-copied type="nursery" objects="2393" bytes="57992" bytesdiscarded="190840" />
  <memory-copied type="tenure" objects="530" bytes="12912" bytesdiscarded="0" />
</gc-op>
<gc-end id="794" type="scavenge" contextid="790" durationms="0.574" usertimems="0.000" systemtimems="0.000" timestamp="2019-06-17T06:04:31.356" activeThreads="4">
  <mem-info id="795" free="7781416" total="14680064" percent="53">
    <mem type="nursery" free="7418880" total="8519680" percent="87">
      <mem type="allocate" free="7418880" total="7667712" percent="96" />
      <mem type="survivor" free="0" total="851968" percent="0" />
    </mem>
    <mem type="tenure" free="362536" total="6160384" percent="5">
      <mem type="soa" free="113704" total="5853184" percent="1" />
      <mem type="loa" free="248832" total="307200" percent="81" />
    </mem>
    <remembered-set count="2106" />
  </mem-info>
</gc-end>
<cycle-end id="796" type="scavenge" contextid="790" timestamp="2019-06-17T06:04:31.356" />
  <attribute name="elasticGC enabled" value="1" />
  <attribute name= "numThreadsSpecified" value="4" />
  <attribute name="heapSize specified" value="9830400" />
  <attribute name="Current GC Util" value="18" />
  <attribute name= "Current Time Running" value="1021" />
  <attribute name ="GC Interval" value="200" />
  <attribute name="ProportionalT" value="-2.000000" />
  <attribute name="ProportionalI" value="-2.000000" />
  <attribute name="ProportionalH" value="-2.000000" />
  <attribute name="Current Error" value="-2.000000" />
  <attribute name="IntegralT" value="-18.000000" />
  <attribute name="IntegralI" value="-18.000000" />
  <attribute name="IntegralH" value="-18.000000" />
  <attribute name="DerivativeT" value="-1.333333" />
  <attribute name="DerivativeI" value="-1.333333" />
  <attribute name="DerivativeH" value="-1.333333" />
  <attribute name="Loop Time for DT" value="9.000000" />
  <attribute name="Output H" value="2092630016"/>
  <attribute name="Output I" value="200"/>
  <attribute name="Output T" value="4"/>
  <attribute name="Target GC Util Change" value ="20.000000" />
  <attribute name="Current GC Util Change" value="18.000000"/>
  <attribute name="GC Util currently" value="18" />
  <attribute name="CPU Util currently" value="534854612187" />
<allocation-satisfied id="797" threadId="0000000000DD9D00" bytesRequested="40" />
<af-end id="798" timestamp="2019-06-17T06:04:31.357" threadId="0000000000DDA688" success="true" from="nursery"/>
<exclusive-end id="799" timestamp="2019-06-17T06:04:31.357" durationms="1.867" />

<exclusive-start id="800" timestamp="2019-06-17T06:04:31.365" intervalms="9.313">
  <response-info timems="0.059" idlems="0.059" threads="0" lastid="0000000000DE1500" lastname="Thread-9" />
</exclusive-start>
<af-start id="801" threadId="0000000000DE1E88" totalBytesRequested="24" timestamp="2019-06-17T06:04:31.365" intervalms="9.335" type="nursery" />
<percolate-collect id="802" from="nursery" to="global" reason="concurrent mark exhausted" timestamp="2019-06-17T06:04:31.365"/>
<gc-start id="803" type="global" contextid="786" timestamp="2019-06-17T06:04:31.365">
  <mem-info id="804" free="362536" total="14680064" percent="2">
    <mem type="nursery" free="0" total="8519680" percent="0">
      <mem type="allocate" free="0" total="7667712" percent="0" />
      <mem type="survivor" free="0" total="851968" percent="0" />
    </mem>
    <mem type="tenure" free="362536" total="6160384" percent="5">
      <mem type="soa" free="113704" total="5853184" percent="1" />
      <mem type="loa" free="248832" total="307200" percent="81" />
    </mem>
    <remembered-set count="3393" />
  </mem-info>
</gc-start>
<allocation-stats totalBytes="7417896" >
  <allocated-bytes non-tlh="40" tlh="7417856" />
  <largest-consumer threadName="Thread-10" threadId="0000000000DD9D00" bytes="2695928" />
</allocation-stats>
<concurrent-halted id="805" timestamp="2019-06-17T06:04:31.365">
  <halted state="Complete" status="exhausted" />
  <traced bytesTarget="1774853" bytesTotal="2551480" bytesByMutator="1261856" bytesByHelper="1289624" percent="143" />
  <cards cleaned="272" thresholdBytes="97445" />
</concurrent-halted>
<gc-op id="806" type="rs-scan" timems="1.005" contextid="786" timestamp="2019-06-17T06:04:31.366">
  <scan objectsFound="3334" bytesTraced="349400" workStackOverflowCount="0" />
</gc-op>
<gc-op id="807" type="card-cleaning" timems="0.526" contextid="786" timestamp="2019-06-17T06:04:31.367">
  <card-cleaning cardsCleaned="8" bytesTraced="12248" workStackOverflowCount="0" />
</gc-op>
<gc-op id="808" type="mark" timems="2.272" contextid="786" timestamp="2019-06-17T06:04:31.369">
  <trace-info objectcount="5408" scancount="5376" scanbytes="267964" />
  <finalization candidates="124" enqueued="0" />
  <ownableSynchronizers candidates="3" cleared="0" />
  <references type="soft" candidates="148" cleared="0" enqueued="0" dynamicThreshold="10" maxThreshold="32" />
  <references type="weak" candidates="692" cleared="0" enqueued="0" />
  <references type="phantom" candidates="37" cleared="0" enqueued="0" />
  <stringconstants candidates="4597" cleared="0"  />
</gc-op>
<gc-op id="809" type="sweep" timems="1.362" contextid="786" timestamp="2019-06-17T06:04:31.371" />
<mem-info id="810" free="8868216" total="14680064" percent="60">
  <mem type="nursery" free="7239144" total="8519680" percent="84">
    <mem type="allocate" free="7239144" total="7667712" percent="94" />
    <mem type="survivor" free="0" total="851968" percent="0" />
  </mem>
  <mem type="tenure" free="1629072" total="6160384" percent="26" micro-fragmented="121864" macro-fragmented="0">
    <mem type="soa" free="1321872" total="5853184" percent="22" />
    <mem type="loa" free="307200" total="307200" percent="100" />
  </mem>
  <remembered-set count="3387" />
</mem-info>
<gc-op id="811" type="compact" timems="13.332" contextid="786" timestamp="2019-06-17T06:04:31.385">
  <compact-info movecount="65828" movebytes="4072432" reason="compact to aid heap contraction" />
</gc-op>
<heap-resize id="812" type="contract" space="tenure" amount="262144" count="1" timems="0.091" reason="heap reconfiguration" timestamp="2019-06-17T06:04:31.385" />
<gc-end id="813" type="global" contextid="786" durationms="20.194" usertimems="24.000" systemtimems="0.000" timestamp="2019-06-17T06:04:31.385" activeThreads="4">
  <mem-info id="814" free="8779592" total="14417920" percent="60">
    <mem type="nursery" free="7304136" total="8519680" percent="85">
      <mem type="allocate" free="7304136" total="7667712" percent="95" />
      <mem type="survivor" free="0" total="851968" percent="0" />
    </mem>
    <mem type="tenure" free="1475456" total="5898240" percent="25">
      <mem type="soa" free="1225600" total="5603328" percent="21" />
      <mem type="loa" free="249856" total="294912" percent="84" />
    </mem>
    <remembered-set count="3387" />
  </mem-info>
</gc-end>
<cycle-end id="815" type="global" contextid="786" timestamp="2019-06-17T06:04:31.385" />
  <attribute name="elasticGC enabled" value="1" />
  <attribute name= "numThreadsSpecified" value="4" />
  <attribute name="heapSize specified" value="14680064" />
  <attribute name="Current GC Util" value="46" />
  <attribute name= "Current Time Running" value="1050" />
  <attribute name ="GC Interval" value="200" />
  <attribute name="ProportionalT" value="26.000000" />
  <attribute name="ProportionalI" value="26.000000" />
  <attribute name="ProportionalH" value="26.000000" />
  <attribute name="Current Error" value="26.000000" />
  <attribute name="IntegralT" value="364.000000" />
  <attribute name="IntegralI" value="364.000000" />
  <attribute name="IntegralH" value="364.000000" />
  <attribute name="DerivativeT" value="-3.857143" />
  <attribute name="DerivativeI" value="-3.857143" />
  <attribute name="DerivativeH" value="-3.857143" />
  <attribute name="Loop Time for DT" value="14.000000" />
  <attribute name="Output H" value="8388608"/>
  <attribute name="Output I" value="392"/>
  <attribute name="Output T" value="4"/>
  <attribute name="Target GC Util Change" value ="20.000000" />
  <attribute name="Current GC Util Change" value="46.000000"/>
  <attribute name="GC Util currently" value="46" />
  <attribute name="CPU Util currently" value="342119449275" />
<allocation-satisfied id="816" threadId="0000000000DE1500" bytesRequested="24" />
<af-end id="817" timestamp="2019-06-17T06:04:31.386" threadId="0000000000DE1E88" success="true" from="nursery"/>
<exclusive-end id="818" timestamp="2019-06-17T06:04:31.386" durationms="21.081" />

<exclusive-start id="819" timestamp="2019-06-17T06:04:31.391" intervalms="26.588">
  <response-info timems="0.020" idlems="0.020" threads="0" lastid="0000000000DD9D00" lastname="Thread-10" />
</exclusive-start>
<af-start id="820" threadId="0000000000DDA688" totalBytesRequested="40" timestamp="2019-06-17T06:04:31.391" intervalms="26.578" type="nursery" />
<cycle-start id="821" type="scavenge" contextid="0" timestamp="2019-06-17T06:04:31.391" intervalms="35.915" />
<gc-start id="822" type="scavenge" contextid="821" timestamp="2019-06-17T06:04:31.391">
  <mem-info id="823" free="1475456" total="14417920" percent="10">
    <mem type="nursery" free="0" total="8519680" percent="0">
      <mem type="allocate" free="0" total="7667712" percent="0" />
      <mem type="survivor" free="0" total="851968" percent="0" />
    </mem>
    <mem type="tenure" free="1475456" total="5898240" percent="25">
      <mem type="soa" free="1225600" total="5603328" percent="21" />
      <mem type="loa" free="249856" total="294912" percent="84" />
    </mem>
    <remembered-set count="4934" />
  </mem-info>
</gc-start>
<allocation-stats totalBytes="7302968" >
  <allocated-bytes non-tlh="24" tlh="7302944" />
  <largest-consumer threadName="Thread-10" threadId="0000000000DD9D00" bytes="2457208" />
</allocation-stats>
<gc-op id="824" type="scavenge" timems="0.392" contextid="821" timestamp="2019-06-17T06:04:31.392">
  <scavenger-info tenureage="4" tenuremask="fff0" tiltratio="90" />
  <memory-copied type="nursery" objects="10987" bytes="402152" bytesdiscarded="249112" />
  <ownableSynchronizers candidates="6" cleared="6" />
</gc-op>
<gc-end id="825" type="scavenge" contextid="821" durationms="0.688" usertimems="4.000" systemtimems="0.000" timestamp="2019-06-17T06:04:31.392" activeThreads="4">
  <mem-info id="826" free="8491904" total="14417920" percent="58">
    <mem type="nursery" free="7016448" total="8519680" percent="82">
      <mem type="allocate" free="7016448" total="7667712" percent="91" />
      <mem type="survivor" free="0" total="851968" percent="0" />
    </mem>
    <mem type="tenure" free="1475456" total="5898240" percent="25">
      <mem type="soa" free="1225600" total="5603328" percent="21" />
      <mem type="loa" free="249856" total="294912" percent="84" />
    </mem>
    <remembered-set count="4909" />
  </mem-info>
</gc-end>
<cycle-end id="827" type="scavenge" contextid="821" timestamp="2019-06-17T06:04:31.392" />
  <attribute name="elasticGC enabled" value="1" />
  <attribute name= "numThreadsSpecified" value="4" />
  <attribute name="heapSize specified" value="14680064" />
  <attribute name="Current GC Util" value="316" />
  <attribute name= "Current Time Running" value="1057" />
  <attribute name ="GC Interval" value="2408" />
  <attribute name="ProportionalT" value="296.000000" />
  <attribute name="ProportionalI" value="296.000000" />
  <attribute name="ProportionalH" value="296.000000" />
  <attribute name="Current Error" value="296.000000" />
  <attribute name="IntegralT" value="2072.000000" />
  <attribute name="IntegralI" value="2072.000000" />
  <attribute name="IntegralH" value="2072.000000" />
  <attribute name="DerivativeT" value="38.571429" />
  <attribute name="DerivativeI" value="38.571429" />
  <attribute name="DerivativeH" value="38.571429" />
  <attribute name="Loop Time for DT" value="7.000000" />
  <attribute name="Output H" value="8388608"/>
  <attribute name="Output I" value="2408"/>
  <attribute name="Output T" value="4"/>
  <attribute name="Target GC Util Change" value ="20.000000" />
  <attribute name="Current GC Util Change" value="316.000000"/>
  <attribute name="GC Util currently" value="316" />
  <attribute name="CPU Util currently" value="658962625373" />
<allocation-satisfied id="828" threadId="0000000000DD9D00" bytesRequested="40" />
<af-end id="829" timestamp="2019-06-17T06:04:31.392" threadId="0000000000DDA688" success="true" from="nursery"/>
<exclusive-end id="830" timestamp="2019-06-17T06:04:31.392" durationms="1.257" />

<exclusive-start id="831" timestamp="2019-06-17T06:04:31.398" intervalms="6.626">
  <response-info timems="0.068" idlems="0.036" threads="1" lastid="0000000000DDD900" lastname="Thread-8" />
</exclusive-start>
<af-start id="832" threadId="0000000000DE5A88" totalBytesRequested="24" timestamp="2019-06-17T06:04:31.398" intervalms="6.667" type="nursery" />
<cycle-start id="833" type="scavenge" contextid="0" timestamp="2019-06-17T06:04:31.398" intervalms="6.706" />
<gc-start id="834" type="scavenge" contextid="833" timestamp="2019-06-17T06:04:31.398">
  <mem-info id="835" free="1475456" total="14417920" percent="10">
    <mem type="nursery" free="0" total="8519680" percent="0">
      <mem type="allocate" free="0" total="7667712" percent="0" />
      <mem type="survivor" free="0" total="851968" percent="0" />
    </mem>
    <mem type="tenure" free="1475456" total="5898240" percent="25">
      <mem type="soa" free="1225600" total="5603328" percent="21" />
      <mem type="loa" free="249856" total="294912" percent="84" />
    </mem>
    <remembered-set count="6235" />
  </mem-info>
</gc-start>
<allocation-stats totalBytes="7015384" >
  <allocated-bytes non-tlh="40" tlh="7015344" />
  <largest-consumer threadName="Thread-10" threadId="0000000000DD9D00" bytes="2346592" />
</allocation-stats>
<gc-op id="836" type="scavenge" timems="1.027" contextid="833" timestamp="2019-06-17T06:04:31.400">
  <scavenger-info tenureage="3" tenuremask="fff8" tiltratio="90" />
  <memory-copied type="nursery" objects="11635" bytes="417816" bytesdiscarded="211176" />
  <memory-copied type="tenure" objects="833" bytes="19992" bytesdiscarded="0" />
</gc-op>
<heap-resize id="837" type="expand" space="nursery" amount="655360" count="1" timems="0.015" reason="excessive time being spent scavenging" timestamp="2019-06-17T06:04:31.400" />
<gc-end id="838" type="scavenge" contextid="833" durationms="1.631" usertimems="0.000" systemtimems="0.000" timestamp="2019-06-17T06:04:31.400" activeThreads="4">
  <mem-info id="839" free="9064832" total="15073280" percent="60">
    <mem type="nursery" free="7628544" total="9175040" percent="83">
      <mem type="allocate" free="7628544" total="8257536" percent="92" />
      <mem type="survivor" free="0" total="917504" percent="0" />
    </mem>
    <mem type="tenure" free="1436288" total="5898240" percent="24">
      <mem type="soa" free="1186432" total="5603328" percent="21" />
      <mem type="loa" free="249856" total="294912" percent="84" />
    </mem>
    <remembered-set count="5480" />
  </mem-info>
</gc-end>
<cycle-end id="840" type="scavenge" contextid="833" timestamp="2019-06-17T06:04:31.400" />
  <attribute name="elasticGC enabled" value="1" />
  <attribute name= "numThreadsSpecified" value="4" />
  <attribute name="heapSize specified" value="14680064" />
  <attribute name="Current GC Util" value="18" />
  <attribute name= "Current Time Running" value="1063" />
  <attribute name ="GC Interval" value="200" />
  <attribute name="ProportionalT" value="-2.000000" />
  <attribute name="ProportionalI" value="-2.000000" />
  <attribute name="ProportionalH" value="-2.000000" />
  <attribute name="Current Error" value="-2.000000" />
  <attribute name="IntegralT" value="-12.000000" />
  <attribute name="IntegralI" value="-12.000000" />
  <attribute name="IntegralH" value="-12.000000" />
  <attribute name="DerivativeT" value="-49.666667" />
  <attribute name="DerivativeI" value="-49.666667" />
  <attribute name="DerivativeH" value="-49.666667" />
  <attribute name="Loop Time for DT" value="6.000000" />
  <attribute name="Output H" value="2092630016"/>
  <attribute name="Output I" value="200"/>
  <attribute name="Output T" value="4"/>
  <attribute name="Target GC Util Change" value ="20.000000" />
  <attribute name="Current GC Util Change" value="18.000000"/>
  <attribute name="GC Util currently" value="18" />
  <attribute name="CPU Util currently" value="673777265878" />
<allocation-satisfied id="841" threadId="0000000000DE5100" bytesRequested="24" />
<af-end id="842" timestamp="2019-06-17T06:04:31.400" threadId="0000000000DE5A88" success="true" from="nursery"/>
<exclusive-end id="843" timestamp="2019-06-17T06:04:31.400" durationms="2.326" />

<exclusive-start id="844" timestamp="2019-06-17T06:04:31.405" intervalms="7.633">
  <response-info timems="0.057" idlems="0.057" threads="0" lastid="0000000000DD9D00" lastname="Thread-10" />
</exclusive-start>
<af-start id="845" threadId="0000000000DDA688" totalBytesRequested="40" timestamp="2019-06-17T06:04:31.406" intervalms="7.590" type="nursery" />
<cycle-start id="846" type="scavenge" contextid="0" timestamp="2019-06-17T06:04:31.406" intervalms="7.550" />
<gc-start id="847" type="scavenge" contextid="846" timestamp="2019-06-17T06:04:31.406">
  <mem-info id="848" free="1436288" total="15073280" percent="9">
    <mem type="nursery" free="0" total="9175040" percent="0">
      <mem type="allocate" free="0" total="8257536" percent="0" />
      <mem type="survivor" free="0" total="917504" percent="0" />
    </mem>
    <mem type="tenure" free="1436288" total="5898240" percent="24">
      <mem type="soa" free="1186432" total="5603328" percent="21" />
      <mem type="loa" free="249856" total="294912" percent="84" />
    </mem>
    <remembered-set count="5955" />
  </mem-info>
</gc-start>
<allocation-stats totalBytes="7627400" >
  <allocated-bytes non-tlh="24" tlh="7627376" />
  <largest-consumer threadName="Thread-9" threadId="0000000000DE1500" bytes="2657816" />
</allocation-stats>
<gc-op id="849" type="scavenge" timems="0.804" contextid="846" timestamp="2019-06-17T06:04:31.407">
  <scavenger-info tenureage="3" tenuremask="ffe8" tiltratio="90" />
  <memory-copied type="nursery" objects="17186" bytes="688832" bytesdiscarded="221872" />
  <memory-copied type="tenure" objects="1469" bytes="35256" bytesdiscarded="0" />
</gc-op>
<heap-resize id="850" type="expand" space="nursery" amount="655360" count="1" timems="0.022" reason="excessive time being spent scavenging" timestamp="2019-06-17T06:04:31.407" />
<gc-end id="851" type="scavenge" contextid="846" durationms="1.190" usertimems="4.000" systemtimems="0.000" timestamp="2019-06-17T06:04:31.407" activeThreads="4">
  <mem-info id="852" free="9136912" total="15728640" percent="58">
    <mem type="nursery" free="7871120" total="9830400" percent="80">
      <mem type="allocate" free="7871120" total="8781824" percent="89" />
      <mem type="survivor" free="0" total="1048576" percent="0" />
    </mem>
    <mem type="tenure" free="1265792" total="5898240" percent="21">
      <mem type="soa" free="1015936" total="5603328" percent="18" />
      <mem type="loa" free="249856" total="294912" percent="84" />
    </mem>
    <remembered-set count="4691" />
  </mem-info>
</gc-end>
<cycle-end id="853" type="scavenge" contextid="846" timestamp="2019-06-17T06:04:31.407" />
  <attribute name="elasticGC enabled" value="1" />
  <attribute name= "numThreadsSpecified" value="4" />
  <attribute name="heapSize specified" value="14680064" />
  <attribute name="Current GC Util" value="32" />
  <attribute name= "Current Time Running" value="1071" />
  <attribute name ="GC Interval" value="200" />
  <attribute name="ProportionalT" value="12.000000" />
  <attribute name="ProportionalI" value="12.000000" />
  <attribute name="ProportionalH" value="12.000000" />
  <attribute name="Current Error" value="12.000000" />
  <attribute name="IntegralT" value="96.000000" />
  <attribute name="IntegralI" value="96.000000" />
  <attribute name="IntegralH" value="96.000000" />
  <attribute name="DerivativeT" value="1.500000" />
  <attribute name="DerivativeI" value="1.500000" />
  <attribute name="DerivativeH" value="1.500000" />
  <attribute name="Loop Time for DT" value="8.000000" />
  <attribute name="Output H" value="8388608"/>
  <attribute name="Output I" value="200"/>
  <attribute name="Output T" value="4"/>
  <attribute name="Target GC Util Change" value ="20.000000" />
  <attribute name="Current GC Util Change" value="32.000000"/>
  <attribute name="GC Util currently" value="32" />
  <attribute name="CPU Util currently" value="623623022371" />
<allocation-satisfied id="854" threadId="0000000000DD9D00" bytesRequested="40" />
<af-end id="855" timestamp="2019-06-17T06:04:31.407" threadId="0000000000DDA688" success="true" from="nursery"/>
<exclusive-end id="856" timestamp="2019-06-17T06:04:31.407" durationms="1.703" />

<exclusive-start id="857" timestamp="2019-06-17T06:04:31.413" intervalms="7.994">
  <response-info timems="0.065" idlems="0.034" threads="1" lastid="0000000000DDD900" lastname="Thread-8" />
</exclusive-start>
<af-start id="858" threadId="0000000000DE5A88" totalBytesRequested="40" timestamp="2019-06-17T06:04:31.414" intervalms="8.009" type="nursery" />
<cycle-start id="859" type="scavenge" contextid="0" timestamp="2019-06-17T06:04:31.414" intervalms="8.042" />
<gc-start id="860" type="scavenge" contextid="859" timestamp="2019-06-17T06:04:31.414">
  <mem-info id="861" free="1265792" total="15728640" percent="8">
    <mem type="nursery" free="0" total="9830400" percent="0">
      <mem type="allocate" free="0" total="8781824" percent="0" />
      <mem type="survivor" free="0" total="1048576" percent="0" />
    </mem>
    <mem type="tenure" free="1265792" total="5898240" percent="21">
      <mem type="soa" free="1015936" total="5603328" percent="18" />
      <mem type="loa" free="249856" total="294912" percent="84" />
    </mem>
    <remembered-set count="5286" />
  </mem-info>
</gc-start>
<allocation-stats totalBytes="7870080" >
  <allocated-bytes non-tlh="40" tlh="7870040" />
  <largest-consumer threadName="Thread-10" threadId="0000000000DD9D00" bytes="2588368" />
</allocation-stats>
<gc-op id="862" type="scavenge" timems="1.179" contextid="859" timestamp="2019-06-17T06:04:31.415">
  <scavenger-info tenureage="3" tenuremask="ffe8" tiltratio="89" />
  <memory-copied type="nursery" objects="10010" bytes="379200" bytesdiscarded="163008" />
  <memory-copied type="tenure" objects="8505" bytes="341496" bytesdiscarded="24" />
</gc-op>
<heap-resize id="863" type="expand" space="nursery" amount="655360" count="1" timems="0.012" reason="excessive time being spent scavenging" timestamp="2019-06-17T06:04:31.415" />
<gc-end id="864" type="scavenge" contextid="859" durationms="1.799" usertimems="4.000" systemtimems="0.000" timestamp="2019-06-17T06:04:31.416" activeThreads="4">
  <mem-info id="865" free="9618560" total="16384000" percent="58">
    <mem type="nursery" free="8894976" total="10485760" percent="84">
      <mem type="allocate" free="8894976" total="9437184" percent="94" />
      <mem type="survivor" free="0" total="1048576" percent="0" />
    </mem>
    <mem type="tenure" free="723584" total="5898240" percent="12">
      <mem type="soa" free="473728" total="5603328" percent="8" />
      <mem type="loa" free="249856" total="294912" percent="84" />
    </mem>
    <remembered-set count="2849" />
  </mem-info>
</gc-end>
<cycle-end id="866" type="scavenge" contextid="859" timestamp="2019-06-17T06:04:31.416" />
  <attribute name="elasticGC enabled" value="1" />
  <attribute name= "numThreadsSpecified" value="4" />
  <attribute name="heapSize specified" value="14680064" />
  <attribute name="Current GC Util" value="24" />
  <attribute name= "Current Time Running" value="1079" />
  <attribute name ="GC Interval" value="200" />
  <attribute name="ProportionalT" value="4.000000" />
  <attribute name="ProportionalI" value="4.000000" />
  <attribute name="ProportionalH" value="4.000000" />
  <attribute name="Current Error" value="4.000000" />
  <attribute name="IntegralT" value="32.000000" />
  <attribute name="IntegralI" value="32.000000" />
  <attribute name="IntegralH" value="32.000000" />
  <attribute name="DerivativeT" value="-1.000000" />
  <attribute name="DerivativeI" value="-1.000000" />
  <attribute name="DerivativeH" value="-1.000000" />
  <attribute name="Loop Time for DT" value="8.000000" />
  <attribute name="Output H" value="8388608"/>
  <attribute name="Output I" value="200"/>
  <attribute name="Output T" value="4"/>
  <attribute name="Target GC Util Change" value ="20.000000" />
  <attribute name="Current GC Util Change" value="24.000000"/>
  <attribute name="GC Util currently" value="24" />
  <attribute name="CPU Util currently" value="559324788180" />
<allocation-satisfied id="867" threadId="0000000000DE5100" bytesRequested="40" />
<af-end id="868" timestamp="2019-06-17T06:04:31.416" threadId="0000000000DE5A88" success="true" from="nursery"/>
<exclusive-end id="869" timestamp="2019-06-17T06:04:31.416" durationms="2.599" />

<exclusive-start id="870" timestamp="2019-06-17T06:04:31.423" intervalms="9.454">
  <response-info timems="0.063" idlems="0.033" threads="1" lastid="0000000000DE5100" lastname="Thread-7" />
</exclusive-start>
<af-start id="871" threadId="0000000000DDE288" totalBytesRequested="136" timestamp="2019-06-17T06:04:31.423" intervalms="9.404" type="nursery" />
<cycle-start id="872" type="scavenge" contextid="0" timestamp="2019-06-17T06:04:31.423" intervalms="9.377" />
<gc-start id="873" type="scavenge" contextid="872" timestamp="2019-06-17T06:04:31.423">
  <mem-info id="874" free="723584" total="16384000" percent="4">
    <mem type="nursery" free="0" total="10485760" percent="0">
      <mem type="allocate" free="0" total="9437184" percent="0" />
      <mem type="survivor" free="0" total="1048576" percent="0" />
    </mem>
    <mem type="tenure" free="723584" total="5898240" percent="12">
      <mem type="soa" free="473728" total="5603328" percent="8" />
      <mem type="loa" free="249856" total="294912" percent="84" />
    </mem>
    <remembered-set count="3653" />
  </mem-info>
</gc-start>
<allocation-stats totalBytes="8893768" >
  <allocated-bytes non-tlh="40" tlh="8893728" />
  <largest-consumer threadName="Thread-10" threadId="0000000000DD9D00" bytes="2836616" />
</allocation-stats>
<gc-op id="875" type="scavenge" timems="1.071" contextid="872" timestamp="2019-06-17T06:04:31.424">
  <scavenger-info tenureage="3" tenuremask="ffe8" tiltratio="90" />
  <memory-copied type="nursery" objects="9782" bytes="373080" bytesdiscarded="239016" />
  <memory-copied type="tenure" objects="1443" bytes="34632" bytesdiscarded="0" />
</gc-op>
<heap-resize id="876" type="expand" space="nursery" amount="524288" count="1" timems="0.011" reason="excessive time being spent scavenging" timestamp="2019-06-17T06:04:31.425" />
<gc-end id="877" type="scavenge" contextid="872" durationms="1.561" usertimems="0.000" systemtimems="4.000" timestamp="2019-06-17T06:04:31.425" activeThreads="4">
  <mem-info id="878" free="9968256" total="16908288" percent="58">
    <mem type="nursery" free="9283840" total="11010048" percent="84">
      <mem type="allocate" free="9283840" total="9895936" percent="93" />
      <mem type="survivor" free="0" total="1114112" percent="0" />
    </mem>
    <mem type="tenure" free="684416" total="5898240" percent="11">
      <mem type="soa" free="434560" total="5603328" percent="7" />
      <mem type="loa" free="249856" total="294912" percent="84" />
    </mem>
    <remembered-set count="2212" />
  </mem-info>
</gc-end>
<cycle-end id="879" type="scavenge" contextid="872" timestamp="2019-06-17T06:04:31.425" />
  <attribute name="elasticGC enabled" value="1" />
  <attribute name= "numThreadsSpecified" value="4" />
  <attribute name="heapSize specified" value="14680064" />
  <attribute name="Current GC Util" value="33" />
  <attribute name= "Current Time Running" value="1088" />
  <attribute name ="GC Interval" value="200" />
  <attribute name="ProportionalT" value="13.000000" />
  <attribute name="ProportionalI" value="13.000000" />
  <attribute name="ProportionalH" value="13.000000" />
  <attribute name="Current Error" value="13.000000" />
  <attribute name="IntegralT" value="117.000000" />
  <attribute name="IntegralI" value="117.000000" />
  <attribute name="IntegralH" value="117.000000" />
  <attribute name="DerivativeT" value="1.000000" />
  <attribute name="DerivativeI" value="1.000000" />
  <attribute name="DerivativeH" value="1.000000" />
  <attribute name="Loop Time for DT" value="9.000000" />
  <attribute name="Output H" value="8388608"/>
  <attribute name="Output I" value="200"/>
  <attribute name="Output T" value="4"/>
  <attribute name="Target GC Util Change" value ="20.000000" />
  <attribute name="Current GC Util Change" value="33.000000"/>
  <attribute name="GC Util currently" value="33" />
  <attribute name="CPU Util currently" value="499757095671" />
<allocation-satisfied id="880" threadId="0000000000DDD900" bytesRequested="136" />
<af-end id="881" timestamp="2019-06-17T06:04:31.425" threadId="0000000000DDE288" success="true" from="nursery"/>
<exclusive-end id="882" timestamp="2019-06-17T06:04:31.425" durationms="2.314" />

<exclusive-start id="883" timestamp="2019-06-17T06:04:31.433" intervalms="9.666">
  <response-info timems="0.059" idlems="0.059" threads="0" lastid="0000000000DE1500" lastname="Thread-9" />
</exclusive-start>
<af-start id="884" threadId="0000000000DE1E88" totalBytesRequested="24" timestamp="2019-06-17T06:04:31.433" intervalms="9.753" type="nursery" />
<cycle-start id="885" type="scavenge" contextid="0" timestamp="2019-06-17T06:04:31.433" intervalms="9.783" />
<gc-start id="886" type="scavenge" contextid="885" timestamp="2019-06-17T06:04:31.433">
  <mem-info id="887" free="684416" total="16908288" percent="4">
    <mem type="nursery" free="0" total="11010048" percent="0">
      <mem type="allocate" free="0" total="9895936" percent="0" />
      <mem type="survivor" free="0" total="1114112" percent="0" />
    </mem>
    <mem type="tenure" free="684416" total="5898240" percent="11">
      <mem type="soa" free="434560" total="5603328" percent="7" />
      <mem type="loa" free="249856" total="294912" percent="84" />
    </mem>
    <remembered-set count="3142" />
  </mem-info>
</gc-start>
<allocation-stats totalBytes="9282560" >
  <allocated-bytes non-tlh="136" tlh="9282424" />
  <largest-consumer threadName="Thread-10" threadId="0000000000DD9D00" bytes="2952752" />
</allocation-stats>
<gc-op id="888" type="scavenge" timems="1.218" contextid="885" timestamp="2019-06-17T06:04:31.434">
  <scavenger-info tenureage="3" tenuremask="ffe8" tiltratio="89" />
  <memory-copied type="nursery" objects="4415" bytes="107144" bytesdiscarded="326008" />
  <memory-copied type="tenure" objects="6929" bytes="303672" bytesdiscarded="0" />
</gc-op>
<heap-resize id="889" type="expand" space="nursery" amount="524288" count="1" timems="0.010" reason="excessive time being spent scavenging" timestamp="2019-06-17T06:04:31.435" />
<gc-end id="890" type="scavenge" contextid="885" durationms="1.930" usertimems="4.000" systemtimems="0.000" timestamp="2019-06-17T06:04:31.435" activeThreads="4">
  <mem-info id="891" free="10427008" total="17432576" percent="59">
    <mem type="nursery" free="9921536" total="11534336" percent="86">
      <mem type="allocate" free="9921536" total="10354688" percent="95" />
      <mem type="survivor" free="0" total="1179648" percent="0" />
    </mem>
    <mem type="tenure" free="505472" total="5898240" percent="8">
      <mem type="soa" free="255616" total="5603328" percent="4" />
      <mem type="loa" free="249856" total="294912" percent="84" />
    </mem>
    <remembered-set count="4290" />
  </mem-info>
</gc-end>
<cycle-end id="892" type="scavenge" contextid="885" timestamp="2019-06-17T06:04:31.435" />
  <attribute name="elasticGC enabled" value="1" />
  <attribute name= "numThreadsSpecified" value="4" />
  <attribute name="heapSize specified" value="14680064" />
  <attribute name="Current GC Util" value="27" />
  <attribute name= "Current Time Running" value="1098" />
  <attribute name ="GC Interval" value="200" />
  <attribute name="ProportionalT" value="7.000000" />
  <attribute name="ProportionalI" value="7.000000" />
  <attribute name="ProportionalH" value="7.000000" />
  <attribute name="Current Error" value="7.000000" />
  <attribute name="IntegralT" value="70.000000" />
  <attribute name="IntegralI" value="70.000000" />
  <attribute name="IntegralH" value="70.000000" />
  <attribute name="DerivativeT" value="-0.600000" />
  <attribute name="DerivativeI" value="-0.600000" />
  <attribute name="DerivativeH" value="-0.600000" />
  <attribute name="Loop Time for DT" value="10.000000" />
  <attribute name="Output H" value="8388608"/>
  <attribute name="Output I" value="200"/>
  <attribute name="Output T" value="4"/>
  <attribute name="Target GC Util Change" value ="20.000000" />
  <attribute name="Current GC Util Change" value="27.000000"/>
  <attribute name="GC Util currently" value="27" />
  <attribute name="CPU Util currently" value="467551900553" />
<allocation-satisfied id="893" threadId="0000000000DE1500" bytesRequested="24" />
<af-end id="894" timestamp="2019-06-17T06:04:31.435" threadId="0000000000DE1E88" success="true" from="nursery"/>
<exclusive-end id="895" timestamp="2019-06-17T06:04:31.435" durationms="2.663" />

<concurrent-kickoff id="896" timestamp="2019-06-17T06:04:31.442">
  <kickoff reason="threshold reached" targetBytes="1845932" thresholdFreeBytes="258030"  remainingFree="156672" tenureFreeBytes="505472" nurseryFreeBytes="156672" />
</concurrent-kickoff>
<exclusive-start id="897" timestamp="2019-06-17T06:04:31.442" intervalms="9.758">
  <response-info timems="0.065" idlems="0.065" threads="0" lastid="0000000000DE5100" lastname="Thread-7" />
</exclusive-start>
<cycle-start id="898" type="global" contextid="0" timestamp="2019-06-17T06:04:31.442" intervalms="87.810" />
<exclusive-end id="899" timestamp="2019-06-17T06:04:31.443" durationms="0.236" />

<exclusive-start id="900" timestamp="2019-06-17T06:04:31.443" intervalms="0.679">
  <response-info timems="0.027" idlems="0.025" threads="1" lastid="0000000000DDD900" lastname="Thread-8" />
</exclusive-start>
<af-start id="901" threadId="0000000000DE1E88" totalBytesRequested="40" timestamp="2019-06-17T06:04:31.443" intervalms="10.420" type="nursery" />
<cycle-start id="902" type="scavenge" contextid="0" timestamp="2019-06-17T06:04:31.443" intervalms="10.430" />
<gc-start id="903" type="scavenge" contextid="902" timestamp="2019-06-17T06:04:31.443">
  <mem-info id="904" free="505472" total="17432576" percent="2">
    <mem type="nursery" free="0" total="11534336" percent="0">
      <mem type="allocate" free="0" total="10354688" percent="0" />
      <mem type="survivor" free="0" total="1179648" percent="0" />
    </mem>
    <mem type="tenure" free="505472" total="5898240" percent="8">
      <mem type="soa" free="255616" total="5603328" percent="4" />
      <mem type="loa" free="249856" total="294912" percent="84" />
    </mem>
    <remembered-set count="5852" />
  </mem-info>
</gc-start>
<allocation-stats totalBytes="9920024" >
  <allocated-bytes non-tlh="24" tlh="9920000" />
  <largest-consumer threadName="Thread-9" threadId="0000000000DE1500" bytes="3374616" />
</allocation-stats>
<gc-op id="905" type="scavenge" timems="1.225" contextid="902" timestamp="2019-06-17T06:04:31.445">
  <scavenger-info tenureage="3" tenuremask="ffe8" tiltratio="89" />
  <memory-copied type="nursery" objects="4598" bytes="111256" bytesdiscarded="321896" />
  <memory-copied type="tenure" objects="1331" bytes="31944" bytesdiscarded="0" />
</gc-op>
<heap-resize id="906" type="expand" space="nursery" amount="524288" count="1" timems="0.013" reason="excessive time being spent scavenging" timestamp="2019-06-17T06:04:31.445" />
<gc-end id="907" type="scavenge" contextid="902" durationms="1.823" usertimems="0.000" systemtimems="0.000" timestamp="2019-06-17T06:04:31.445" activeThreads="4">
  <mem-info id="908" free="10846592" total="17956864" percent="60">
    <mem type="nursery" free="10380288" total="12058624" percent="86">
      <mem type="allocate" free="10380288" total="10813440" percent="95" />
      <mem type="survivor" free="0" total="1245184" percent="0" />
    </mem>
    <mem type="tenure" free="466304" total="5898240" percent="7">
      <mem type="soa" free="216448" total="5603328" percent="3" />
      <mem type="loa" free="249856" total="294912" percent="84" />
    </mem>
    <remembered-set count="4521" />
  </mem-info>
</gc-end>
<cycle-end id="909" type="scavenge" contextid="902" timestamp="2019-06-17T06:04:31.445" />
  <attribute name="elasticGC enabled" value="1" />
  <attribute name= "numThreadsSpecified" value="4" />
  <attribute name="heapSize specified" value="14680064" />
  <attribute name="Current GC Util" value="26" />
  <attribute name= "Current Time Running" value="1108" />
  <attribute name ="GC Interval" value="200" />
  <attribute name="ProportionalT" value="6.000000" />
  <attribute name="ProportionalI" value="6.000000" />
  <attribute name="ProportionalH" value="6.000000" />
  <attribute name="Current Error" value="6.000000" />
  <attribute name="IntegralT" value="60.000000" />
  <attribute name="IntegralI" value="60.000000" />
  <attribute name="IntegralH" value="60.000000" />
  <attribute name="DerivativeT" value="-0.100000" />
  <attribute name="DerivativeI" value="-0.100000" />
  <attribute name="DerivativeH" value="-0.100000" />
  <attribute name="Loop Time for DT" value="10.000000" />
  <attribute name="Output H" value="8388608"/>
  <attribute name="Output I" value="200"/>
  <attribute name="Output T" value="4"/>
  <attribute name="Target GC Util Change" value ="20.000000" />
  <attribute name="Current GC Util Change" value="26.000000"/>
  <attribute name="GC Util currently" value="26" />
  <attribute name="CPU Util currently" value="444016937572" />
<allocation-satisfied id="910" threadId="0000000000DE1500" bytesRequested="40" />
<af-end id="911" timestamp="2019-06-17T06:04:31.446" threadId="0000000000DE1E88" success="true" from="nursery"/>
<exclusive-end id="912" timestamp="2019-06-17T06:04:31.446" durationms="2.939" />

<exclusive-start id="913" timestamp="2019-06-17T06:04:31.460" intervalms="16.797">
  <response-info timems="0.061" idlems="0.061" threads="0" lastid="0000000000DE5100" lastname="Thread-7" />
</exclusive-start>
<concurrent-collection-start id="914" timestamp="2019-06-17T06:04:31.460" intervalms="377.304" >
  <concurrent-trace-info reason="card cleaning threshold reached" tracedByMutators="949256" tracedByHelpers="1620848" cardsCleaned="338" workStackOverflowCount="0" />
</concurrent-collection-start>
<gc-start id="915" type="global" contextid="898" timestamp="2019-06-17T06:04:31.460">
  <mem-info id="916" free="466304" total="17956864" percent="2">
    <mem type="nursery" free="0" total="12058624" percent="0">
      <mem type="allocate" free="0" total="10813440" percent="0" />
      <mem type="survivor" free="0" total="1245184" percent="0" />
    </mem>
    <mem type="tenure" free="466304" total="5898240" percent="7">
      <mem type="soa" free="216448" total="5603328" percent="3" />
      <mem type="loa" free="249856" total="294912" percent="84" />
    </mem>
    <remembered-set count="5848" />
  </mem-info>
</gc-start>
<allocation-stats totalBytes="10378968" >
  <allocated-bytes non-tlh="40" tlh="10378928" />
  <largest-consumer threadName="Thread-8" threadId="0000000000DDD900" bytes="4615568" />
</allocation-stats>
<gc-op id="917" type="rs-scan" timems="0.794" contextid="898" timestamp="2019-06-17T06:04:31.461">
  <scan objectsFound="5778" bytesTraced="507264" workStackOverflowCount="0" />
</gc-op>
<gc-op id="918" type="card-cleaning" timems="0.271" contextid="898" timestamp="2019-06-17T06:04:31.461">
  <card-cleaning cardsCleaned="8" bytesTraced="7488" workStackOverflowCount="0" />
</gc-op>
<gc-op id="919" type="mark" timems="1.335" contextid="898" timestamp="2019-06-17T06:04:31.463">
  <trace-info objectcount="595" scancount="563" scanbytes="15336" />
  <finalization candidates="124" enqueued="0" />
  <ownableSynchronizers candidates="3" cleared="0" />
  <references type="soft" candidates="148" cleared="0" enqueued="0" dynamicThreshold="8" maxThreshold="32" />
  <references type="weak" candidates="692" cleared="0" enqueued="0" />
  <references type="phantom" candidates="37" cleared="0" enqueued="0" />
  <stringconstants candidates="4597" cleared="0"  />
</gc-op>
<gc-op id="920" type="sweep" timems="0.734" contextid="898" timestamp="2019-06-17T06:04:31.464" />
<mem-info id="921" free="12082736" total="17956864" percent="67">
  <mem type="nursery" free="10643296" total="12058624" percent="88">
    <mem type="allocate" free="10643296" total="10813440" percent="98" />
    <mem type="survivor" free="0" total="1245184" percent="0" />
  </mem>
  <mem type="tenure" free="1439440" total="5898240" percent="24" micro-fragmented="77596" macro-fragmented="0">
    <mem type="soa" free="1144528" total="5603328" percent="20" />
    <mem type="loa" free="294912" total="294912" percent="100" />
  </mem>
  <remembered-set count="5848" />
</mem-info>
<gc-op id="922" type="compact" timems="6.798" contextid="898" timestamp="2019-06-17T06:04:31.471">
  <compact-info movecount="33595" movebytes="1701392" reason="compact to aid heap contraction" />
</gc-op>
<heap-resize id="923" type="contract" space="tenure" amount="262144" count="1" timems="0.083" reason="heap reconfiguration" timestamp="2019-06-17T06:04:31.471" />
<gc-end id="924" type="global" contextid="898" durationms="11.399" usertimems="20.000" systemtimems="0.000" timestamp="2019-06-17T06:04:31.471" activeThreads="4">
  <mem-info id="925" free="11901288" total="17694720" percent="67">
    <mem type="nursery" free="10667672" total="12058624" percent="88">
      <mem type="allocate" free="10667672" total="10813440" percent="98" />
      <mem type="survivor" free="0" total="1245184" percent="0" />
    </mem>
    <mem type="tenure" free="1233616" total="5636096" percent="21">
      <mem type="soa" free="984784" total="5354496" percent="18" />
      <mem type="loa" free="248832" total="281600" percent="88" />
    </mem>
    <remembered-set count="5848" />
  </mem-info>
</gc-end>
<cycle-end id="926" type="global" contextid="898" timestamp="2019-06-17T06:04:31.472" />
  <attribute name="elasticGC enabled" value="1" />
  <attribute name= "numThreadsSpecified" value="4" />
  <attribute name="heapSize specified" value="17956864" />
  <attribute name="Current GC Util" value="67" />
  <attribute name= "Current Time Running" value="1136" />
  <attribute name ="GC Interval" value="200" />
  <attribute name="ProportionalT" value="47.000000" />
  <attribute name="ProportionalI" value="47.000000" />
  <attribute name="ProportionalH" value="47.000000" />
  <attribute name="Current Error" value="47.000000" />
  <attribute name="IntegralT" value="329.000000" />
  <attribute name="IntegralI" value="329.000000" />
  <attribute name="IntegralH" value="329.000000" />
  <attribute name="DerivativeT" value="-13.714286" />
  <attribute name="DerivativeI" value="-13.714286" />
  <attribute name="DerivativeH" value="-13.714286" />
  <attribute name="Loop Time for DT" value="7.000000" />
  <attribute name="Output H" value="8388608"/>
  <attribute name="Output I" value="368"/>
  <attribute name="Output T" value="4"/>
  <attribute name="Target GC Util Change" value ="20.000000" />
  <attribute name="Current GC Util Change" value="67.000000"/>
  <attribute name="GC Util currently" value="67" />
  <attribute name="CPU Util currently" value="663366201831" />
<concurrent-collection-end id="927" timestamp="2019-06-17T06:04:31.472" />
<exclusive-end id="928" timestamp="2019-06-17T06:04:31.472" durationms="12.137" />

<exclusive-start id="929" timestamp="2019-06-17T06:04:31.480" intervalms="20.374">
  <response-info timems="0.026" idlems="0.026" threads="0" lastid="0000000000DD9D00" lastname="Thread-10" />
</exclusive-start>
<af-start id="930" threadId="0000000000DDA688" totalBytesRequested="40" timestamp="2019-06-17T06:04:31.480" intervalms="37.140" type="nursery" />
<cycle-start id="931" type="scavenge" contextid="0" timestamp="2019-06-17T06:04:31.480" intervalms="37.098" />
<gc-start id="932" type="scavenge" contextid="931" timestamp="2019-06-17T06:04:31.480">
  <mem-info id="933" free="1233616" total="17694720" percent="6">
    <mem type="nursery" free="0" total="12058624" percent="0">
      <mem type="allocate" free="0" total="10813440" percent="0" />
      <mem type="survivor" free="0" total="1245184" percent="0" />
    </mem>
    <mem type="tenure" free="1233616" total="5636096" percent="21">
      <mem type="soa" free="984784" total="5354496" percent="18" />
      <mem type="loa" free="248832" total="281600" percent="88" />
    </mem>
    <remembered-set count="7507" />
  </mem-info>
</gc-start>
<allocation-stats totalBytes="10666256" >
  <allocated-bytes non-tlh="0" tlh="10666256" />
  <largest-consumer threadName="Thread-7" threadId="0000000000DE5100" bytes="3898896" />
</allocation-stats>
<gc-op id="934" type="scavenge" timems="0.327" contextid="931" timestamp="2019-06-17T06:04:31.481">
  <scavenger-info tenureage="3" tenuremask="ffe8" tiltratio="89" />
  <memory-copied type="nursery" objects="6229" bytes="150432" bytesdiscarded="374880" />
  <memory-copied type="tenure" objects="1358" bytes="32592" bytesdiscarded="0" />
  <ownableSynchronizers candidates="6" cleared="6" />
</gc-op>
<gc-end id="935" type="scavenge" contextid="931" durationms="0.613" usertimems="0.000" systemtimems="0.000" timestamp="2019-06-17T06:04:31.481" activeThreads="4">
  <mem-info id="936" free="11189200" total="17694720" percent="63">
    <mem type="nursery" free="10288128" total="12058624" percent="85">
      <mem type="allocate" free="10288128" total="10813440" percent="95" />
      <mem type="survivor" free="0" total="1245184" percent="0" />
    </mem>
    <mem type="tenure" free="901072" total="5636096" percent="15">
      <mem type="soa" free="652240" total="5354496" percent="12" />
      <mem type="loa" free="248832" total="281600" percent="88" />
    </mem>
    <remembered-set count="6149" />
  </mem-info>
</gc-end>
<cycle-end id="937" type="scavenge" contextid="931" timestamp="2019-06-17T06:04:31.481" />
  <attribute name="elasticGC enabled" value="1" />
  <attribute name= "numThreadsSpecified" value="4" />
  <attribute name="heapSize specified" value="17956864" />
  <attribute name="Current GC Util" value="70" />
  <attribute name= "Current Time Running" value="1146" />
  <attribute name ="GC Interval" value="552" />
  <attribute name="ProportionalT" value="50.000000" />
  <attribute name="ProportionalI" value="50.000000" />
  <attribute name="ProportionalH" value="50.000000" />
  <attribute name="Current Error" value="50.000000" />
  <attribute name="IntegralT" value="500.000000" />
  <attribute name="IntegralI" value="500.000000" />
  <attribute name="IntegralH" value="500.000000" />
  <attribute name="DerivativeT" value="0.300000" />
  <attribute name="DerivativeI" value="0.300000" />
  <attribute name="DerivativeH" value="0.300000" />
  <attribute name="Loop Time for DT" value="10.000000" />
  <attribute name="Output H" value="8388608"/>
  <attribute name="Output I" value="552"/>
  <attribute name="Output T" value="4"/>
  <attribute name="Target GC Util Change" value ="20.000000" />
  <attribute name="Current GC Util Change" value="70.000000"/>
  <attribute name="GC Util currently" value="70" />
  <attribute name="CPU Util currently" value="479589489795" />
<allocation-satisfied id="938" threadId="0000000000DD9D00" bytesRequested="40" />
<af-end id="939" timestamp="2019-06-17T06:04:31.481" threadId="0000000000DDA688" success="true" from="nursery"/>
<exclusive-end id="940" timestamp="2019-06-17T06:04:31.481" durationms="1.140" />

<exclusive-start id="941" timestamp="2019-06-17T06:04:31.489" intervalms="9.298">
  <response-info timems="0.057" idlems="0.057" threads="0" lastid="0000000000DE1500" lastname="Thread-9" />
</exclusive-start>
<af-start id="942" threadId="0000000000DE1E88" totalBytesRequested="40" timestamp="2019-06-17T06:04:31.490" intervalms="9.300" type="nursery" />
<cycle-start id="943" type="scavenge" contextid="0" timestamp="2019-06-17T06:04:31.490" intervalms="9.305" />
<gc-start id="944" type="scavenge" contextid="943" timestamp="2019-06-17T06:04:31.490">
  <mem-info id="945" free="901072" total="17694720" percent="5">
    <mem type="nursery" free="0" total="12058624" percent="0">
      <mem type="allocate" free="0" total="10813440" percent="0" />
      <mem type="survivor" free="0" total="1245184" percent="0" />
    </mem>
    <mem type="tenure" free="901072" total="5636096" percent="15">
      <mem type="soa" free="652240" total="5354496" percent="12" />
      <mem type="loa" free="248832" total="281600" percent="88" />
    </mem>
    <remembered-set count="7553" />
  </mem-info>
</gc-start>
<allocation-stats totalBytes="10286904" >
  <allocated-bytes non-tlh="40" tlh="10286864" />
  <largest-consumer threadName="Thread-7" threadId="0000000000DE5100" bytes="3735112" />
</allocation-stats>
<gc-op id="946" type="scavenge" timems="0.855" contextid="943" timestamp="2019-06-17T06:04:31.491">
  <scavenger-info tenureage="3" tenuremask="ffe8" tiltratio="89" />
  <memory-copied type="nursery" objects="6149" bytes="148696" bytesdiscarded="161576" />
  <memory-copied type="tenure" objects="1511" bytes="36264" bytesdiscarded="0" />
</gc-op>
<heap-resize id="947" type="expand" space="nursery" amount="524288" count="1" timems="0.014" reason="excessive time being spent scavenging" timestamp="2019-06-17T06:04:31.491" />
<gc-end id="948" type="scavenge" contextid="943" durationms="1.584" usertimems="4.000" systemtimems="0.000" timestamp="2019-06-17T06:04:31.491" activeThreads="4">
  <mem-info id="949" free="11661776" total="18219008" percent="64">
    <mem type="nursery" free="10961920" total="12582912" percent="87">
      <mem type="allocate" free="10961920" total="11272192" percent="97" />
      <mem type="survivor" free="0" total="1310720" percent="0" />
    </mem>
    <mem type="tenure" free="699856" total="5636096" percent="12">
      <mem type="soa" free="451024" total="5354496" percent="8" />
      <mem type="loa" free="248832" total="281600" percent="88" />
    </mem>
    <remembered-set count="6042" />
  </mem-info>
</gc-end>
<cycle-end id="950" type="scavenge" contextid="943" timestamp="2019-06-17T06:04:31.491" />
  <attribute name="elasticGC enabled" value="1" />
  <attribute name= "numThreadsSpecified" value="4" />
  <attribute name="heapSize specified" value="17956864" />
  <attribute name="Current GC Util" value="12" />
  <attribute name= "Current Time Running" value="1155" />
  <attribute name ="GC Interval" value="200" />
  <attribute name="ProportionalT" value="-8.000000" />
  <attribute name="ProportionalI" value="-8.000000" />
  <attribute name="ProportionalH" value="-8.000000" />
  <attribute name="Current Error" value="-8.000000" />
  <attribute name="IntegralT" value="-72.000000" />
  <attribute name="IntegralI" value="-72.000000" />
  <attribute name="IntegralH" value="-72.000000" />
  <attribute name="DerivativeT" value="-6.444444" />
  <attribute name="DerivativeI" value="-6.444444" />
  <attribute name="DerivativeH" value="-6.444444" />
  <attribute name="Loop Time for DT" value="9.000000" />
  <attribute name="Output H" value="2092630016"/>
  <attribute name="Output I" value="200"/>
  <attribute name="Output T" value="4"/>
  <attribute name="Target GC Util Change" value ="20.000000" />
  <attribute name="Current GC Util Change" value="12.000000"/>
  <attribute name="GC Util currently" value="12" />
  <attribute name="CPU Util currently" value="489964136678" />
<allocation-satisfied id="951" threadId="0000000000DE1500" bytesRequested="40" />
<af-end id="952" timestamp="2019-06-17T06:04:31.492" threadId="0000000000DE1E88" success="true" from="nursery"/>
<exclusive-end id="953" timestamp="2019-06-17T06:04:31.492" durationms="2.282" />

<exclusive-start id="954" timestamp="2019-06-17T06:04:31.501" intervalms="11.278">
  <response-info timems="0.322" idlems="0.322" threads="0" lastid="0000000000DE5100" lastname="Thread-7" />
</exclusive-start>
<af-start id="955" threadId="0000000000DE5A88" totalBytesRequested="40" timestamp="2019-06-17T06:04:31.501" intervalms="11.279" type="nursery" />
<cycle-start id="956" type="scavenge" contextid="0" timestamp="2019-06-17T06:04:31.501" intervalms="11.278" />
<gc-start id="957" type="scavenge" contextid="956" timestamp="2019-06-17T06:04:31.501">
  <mem-info id="958" free="699856" total="18219008" percent="3">
    <mem type="nursery" free="0" total="12582912" percent="0">
      <mem type="allocate" free="0" total="11272192" percent="0" />
      <mem type="survivor" free="0" total="1310720" percent="0" />
    </mem>
    <mem type="tenure" free="699856" total="5636096" percent="12">
      <mem type="soa" free="451024" total="5354496" percent="8" />
      <mem type="loa" free="248832" total="281600" percent="88" />
    </mem>
    <remembered-set count="7231" />
  </mem-info>
</gc-start>
<allocation-stats totalBytes="10960312" >
  <allocated-bytes non-tlh="40" tlh="10960272" />
  <largest-consumer threadName="Thread-7" threadId="0000000000DE5100" bytes="4006264" />
</allocation-stats>
<gc-op id="959" type="scavenge" timems="1.025" contextid="956" timestamp="2019-06-17T06:04:31.502">
  <scavenger-info tenureage="3" tenuremask="ffe8" tiltratio="89" />
  <memory-copied type="nursery" objects="17859" bytes="704520" bytesdiscarded="192504" />
  <memory-copied type="tenure" objects="1566" bytes="37584" bytesdiscarded="0" />
</gc-op>
<heap-resize id="960" type="expand" space="nursery" amount="524288" count="1" timems="0.011" reason="excessive time being spent scavenging" timestamp="2019-06-17T06:04:31.502" />
<gc-end id="961" type="scavenge" contextid="956" durationms="1.521" usertimems="4.000" systemtimems="0.000" timestamp="2019-06-17T06:04:31.503" activeThreads="4">
  <mem-info id="962" free="11533776" total="18743296" percent="61">
    <mem type="nursery" free="10833920" total="13107200" percent="82">
      <mem type="allocate" free="10833920" total="11730944" percent="92" />
      <mem type="survivor" free="0" total="1376256" percent="0" />
    </mem>
    <mem type="tenure" free="699856" total="5636096" percent="12">
      <mem type="soa" free="451024" total="5354496" percent="8" />
      <mem type="loa" free="248832" total="281600" percent="88" />
    </mem>
    <remembered-set count="5665" />
  </mem-info>
</gc-end>
<cycle-end id="963" type="scavenge" contextid="956" timestamp="2019-06-17T06:04:31.503" />
  <attribute name="elasticGC enabled" value="1" />
  <attribute name= "numThreadsSpecified" value="4" />
  <attribute name="heapSize specified" value="17956864" />
  <attribute name="Current GC Util" value="16" />
  <attribute name= "Current Time Running" value="1166" />
  <attribute name ="GC Interval" value="200" />
  <attribute name="ProportionalT" value="-4.000000" />
  <attribute name="ProportionalI" value="-4.000000" />
  <attribute name="ProportionalH" value="-4.000000" />
  <attribute name="Current Error" value="-4.000000" />
  <attribute name="IntegralT" value="-44.000000" />
  <attribute name="IntegralI" value="-44.000000" />
  <attribute name="IntegralH" value="-44.000000" />
  <attribute name="DerivativeT" value="-0.363636" />
  <attribute name="DerivativeI" value="-0.363636" />
  <attribute name="DerivativeH" value="-0.363636" />
  <attribute name="Loop Time for DT" value="11.000000" />
  <attribute name="Output H" value="2092630016"/>
  <attribute name="Output I" value="200"/>
  <attribute name="Output T" value="4"/>
  <attribute name="Target GC Util Change" value ="20.000000" />
  <attribute name="Current GC Util Change" value="16.000000"/>
  <attribute name="GC Util currently" value="16" />
  <attribute name="CPU Util currently" value="409731193227" />
<allocation-satisfied id="964" threadId="0000000000DE5100" bytesRequested="40" />
<af-end id="965" timestamp="2019-06-17T06:04:31.503" threadId="0000000000DE5A88" success="true" from="nursery"/>
<exclusive-end id="966" timestamp="2019-06-17T06:04:31.503" durationms="2.171" />

<exclusive-start id="967" timestamp="2019-06-17T06:04:31.511" intervalms="10.159">
  <response-info timems="0.022" idlems="0.022" threads="0" lastid="0000000000DE5100" lastname="Thread-7" />
</exclusive-start>
<af-start id="968" threadId="0000000000DE5A88" totalBytesRequested="40" timestamp="2019-06-17T06:04:31.511" intervalms="10.156" type="nursery" />
<cycle-start id="969" type="scavenge" contextid="0" timestamp="2019-06-17T06:04:31.511" intervalms="10.150" />
<gc-start id="970" type="scavenge" contextid="969" timestamp="2019-06-17T06:04:31.511">
  <mem-info id="971" free="699856" total="18743296" percent="3">
    <mem type="nursery" free="0" total="13107200" percent="0">
      <mem type="allocate" free="0" total="11730944" percent="0" />
      <mem type="survivor" free="0" total="1376256" percent="0" />
    </mem>
    <mem type="tenure" free="699856" total="5636096" percent="12">
      <mem type="soa" free="451024" total="5354496" percent="8" />
      <mem type="loa" free="248832" total="281600" percent="88" />
    </mem>
    <remembered-set count="6462" />
  </mem-info>
</gc-start>
<allocation-stats totalBytes="10832368" >
  <allocated-bytes non-tlh="40" tlh="10832328" />
  <largest-consumer threadName="Thread-7" threadId="0000000000DE5100" bytes="3767864" />
</allocation-stats>
<gc-op id="972" type="scavenge" timems="1.260" contextid="969" timestamp="2019-06-17T06:04:31.513">
  <scavenger-info tenureage="5" tenuremask="ffe0" tiltratio="89" />
  <memory-copied type="nursery" objects="25160" bytes="1017184" bytesdiscarded="282272" />
</gc-op>
<heap-resize id="973" type="expand" space="nursery" amount="655360" count="1" timems="0.010" reason="excessive time being spent scavenging" timestamp="2019-06-17T06:04:31.513" />
<gc-end id="974" type="scavenge" contextid="969" durationms="1.711" usertimems="4.000" systemtimems="0.000" timestamp="2019-06-17T06:04:31.513" activeThreads="4">
  <mem-info id="975" free="11590096" total="19398656" percent="59">
    <mem type="nursery" free="10890240" total="13762560" percent="79">
      <mem type="allocate" free="10890240" total="12189696" percent="89" />
      <mem type="survivor" free="0" total="1572864" percent="0" />
    </mem>
    <mem type="tenure" free="699856" total="5636096" percent="12">
      <mem type="soa" free="451024" total="5354496" percent="8" />
      <mem type="loa" free="248832" total="281600" percent="88" />
    </mem>
    <remembered-set count="6460" />
  </mem-info>
</gc-end>
<cycle-end id="976" type="scavenge" contextid="969" timestamp="2019-06-17T06:04:31.513" />
  <attribute name="elasticGC enabled" value="1" />
  <attribute name= "numThreadsSpecified" value="4" />
  <attribute name="heapSize specified" value="17956864" />
  <attribute name="Current GC Util" value="26" />
  <attribute name= "Current Time Running" value="1176" />
  <attribute name ="GC Interval" value="200" />
  <attribute name="ProportionalT" value="6.000000" />
  <attribute name="ProportionalI" value="6.000000" />
  <attribute name="ProportionalH" value="6.000000" />
  <attribute name="Current Error" value="6.000000" />
  <attribute name="IntegralT" value="60.000000" />
  <attribute name="IntegralI" value="60.000000" />
  <attribute name="IntegralH" value="60.000000" />
  <attribute name="DerivativeT" value="0.600000" />
  <attribute name="DerivativeI" value="0.600000" />
  <attribute name="DerivativeH" value="0.600000" />
  <attribute name="Loop Time for DT" value="10.000000" />
  <attribute name="Output H" value="8388608"/>
  <attribute name="Output I" value="200"/>
  <attribute name="Output T" value="4"/>
  <attribute name="Target GC Util Change" value ="20.000000" />
  <attribute name="Current GC Util Change" value="26.000000"/>
  <attribute name="GC Util currently" value="26" />
  <attribute name="CPU Util currently" value="456603208513" />
<allocation-satisfied id="977" threadId="0000000000DE5100" bytesRequested="40" />
<af-end id="978" timestamp="2019-06-17T06:04:31.513" threadId="0000000000DE5A88" success="true" from="nursery"/>
<exclusive-end id="979" timestamp="2019-06-17T06:04:31.513" durationms="2.301" />

<exclusive-start id="980" timestamp="2019-06-17T06:04:31.520" intervalms="8.943">
  <response-info timems="0.021" idlems="0.021" threads="0" lastid="0000000000DE1500" lastname="Thread-9" />
</exclusive-start>
<af-start id="981" threadId="0000000000DE1E88" totalBytesRequested="40" timestamp="2019-06-17T06:04:31.520" intervalms="8.911" type="nursery" />
<cycle-start id="982" type="scavenge" contextid="0" timestamp="2019-06-17T06:04:31.520" intervalms="8.931" />
<gc-start id="983" type="scavenge" contextid="982" timestamp="2019-06-17T06:04:31.520">
  <mem-info id="984" free="699856" total="19398656" percent="3">
    <mem type="nursery" free="0" total="13762560" percent="0">
      <mem type="allocate" free="0" total="12189696" percent="0" />
      <mem type="survivor" free="0" total="1572864" percent="0" />
    </mem>
    <mem type="tenure" free="699856" total="5636096" percent="12">
      <mem type="soa" free="451024" total="5354496" percent="8" />
      <mem type="loa" free="248832" total="281600" percent="88" />
    </mem>
    <remembered-set count="6824" />
  </mem-info>
</gc-start>
<allocation-stats totalBytes="10888784" >
  <allocated-bytes non-tlh="40" tlh="10888744" />
  <largest-consumer threadName="Thread-7" threadId="0000000000DE5100" bytes="2981560" />
</allocation-stats>
<gc-op id="985" type="scavenge" timems="1.751" contextid="982" timestamp="2019-06-17T06:04:31.522">
  <scavenger-info tenureage="2" tenuremask="fff4" tiltratio="88" />
  <memory-copied type="nursery" objects="10959" bytes="401992" bytesdiscarded="170936" />
  <memory-copied type="tenure" objects="16168" bytes="662784" bytesdiscarded="24" />
  <copy-failed type="tenure" objects="71" bytes="1704" />
</gc-op>
<heap-resize id="986" type="expand" space="nursery" amount="1441792" count="1" timems="0.014" reason="excessive time being spent scavenging" timestamp="2019-06-17T06:04:31.522" />
<gc-end id="987" type="scavenge" contextid="982" durationms="2.296" usertimems="4.000" systemtimems="0.000" timestamp="2019-06-17T06:04:31.522" activeThreads="4">
  <mem-info id="988" free="13307392" total="20840448" percent="63">
    <mem type="nursery" free="13058560" total="15204352" percent="85">
      <mem type="allocate" free="13058560" total="13631488" percent="95" />
      <mem type="survivor" free="0" total="1572864" percent="0" />
    </mem>
    <mem type="tenure" free="248832" total="5636096" percent="4">
      <mem type="soa" free="0" total="5354496" percent="0" />
      <mem type="loa" free="248832" total="281600" percent="88" />
    </mem>
    <remembered-set count="4458" />
  </mem-info>
</gc-end>
<cycle-end id="989" type="scavenge" contextid="982" timestamp="2019-06-17T06:04:31.523" />
  <attribute name="elasticGC enabled" value="1" />
  <attribute name= "numThreadsSpecified" value="4" />
  <attribute name="heapSize specified" value="17956864" />
  <attribute name="Current GC Util" value="40" />
  <attribute name= "Current Time Running" value="1185" />
  <attribute name ="GC Interval" value="208" />
  <attribute name="ProportionalT" value="20.000000" />
  <attribute name="ProportionalI" value="20.000000" />
  <attribute name="ProportionalH" value="20.000000" />
  <attribute name="Current Error" value="20.000000" />
  <attribute name="IntegralT" value="180.000000" />
  <attribute name="IntegralI" value="180.000000" />
  <attribute name="IntegralH" value="180.000000" />
  <attribute name="DerivativeT" value="1.555556" />
  <attribute name="DerivativeI" value="1.555556" />
  <attribute name="DerivativeH" value="1.555556" />
  <attribute name="Loop Time for DT" value="9.000000" />
  <attribute name="Output H" value="8388608"/>
  <attribute name="Output I" value="208"/>
  <attribute name="Output T" value="4"/>
  <attribute name="Target GC Util Change" value ="20.000000" />
  <attribute name="Current GC Util Change" value="40.000000"/>
  <attribute name="GC Util currently" value="40" />
  <attribute name="CPU Util currently" value="523308622068" />
<allocation-satisfied id="990" threadId="0000000000DE1500" bytesRequested="40" />
<af-end id="991" timestamp="2019-06-17T06:04:31.523" threadId="0000000000DE1E88" success="true" from="nursery"/>
<exclusive-end id="992" timestamp="2019-06-17T06:04:31.523" durationms="3.077" />

<concurrent-kickoff id="993" timestamp="2019-06-17T06:04:31.531">
  <kickoff reason="next scavenge will percolate" targetBytes="1898930" thresholdFreeBytes="266369"  remainingFree="213504" tenureFreeBytes="248832" nurseryFreeBytes="213504" />
</concurrent-kickoff>
<exclusive-start id="994" timestamp="2019-06-17T06:04:31.531" intervalms="11.599">
  <response-info timems="0.057" idlems="0.041" threads="1" lastid="0000000000DDD900" lastname="Thread-8" />
</exclusive-start>
<cycle-start id="995" type="global" contextid="0" timestamp="2019-06-17T06:04:31.532" intervalms="89.101" />
<exclusive-end id="996" timestamp="2019-06-17T06:04:31.532" durationms="0.183" />

<exclusive-start id="997" timestamp="2019-06-17T06:04:31.532" intervalms="0.727">
  <response-info timems="0.022" idlems="0.022" threads="0" lastid="0000000000DD9D00" lastname="Thread-10" />
</exclusive-start>
<af-start id="998" threadId="0000000000DDA688" totalBytesRequested="40" timestamp="2019-06-17T06:04:31.532" intervalms="12.349" type="nursery" />
<percolate-collect id="999" from="nursery" to="global" reason="failed tenure threshold reached" timestamp="2019-06-17T06:04:31.532"/>
<concurrent-aborted id="1000" timestamp="2019-06-17T06:04:31.532">
  <reason value="insufficient progress made" />
</concurrent-aborted>
<cycle-end id="1001" type="global" contextid="995" timestamp="2019-06-17T06:04:31.532" />
  <attribute name="elasticGC enabled" value="1" />
  <attribute name= "numThreadsSpecified" value="4" />
  <attribute name="heapSize specified" value="17956864" />
  <attribute name="Current GC Util" value="40" />
  <attribute name= "Current Time Running" value="1185" />
  <attribute name ="GC Interval" value="208" />
  <attribute name="ProportionalT" value="20.000000" />
  <attribute name="ProportionalI" value="20.000000" />
  <attribute name="ProportionalH" value="20.000000" />
  <attribute name="Current Error" value="20.000000" />
  <attribute name="IntegralT" value="180.000000" />
  <attribute name="IntegralI" value="180.000000" />
  <attribute name="IntegralH" value="180.000000" />
  <attribute name="DerivativeT" value="1.555556" />
  <attribute name="DerivativeI" value="1.555556" />
  <attribute name="DerivativeH" value="1.555556" />
  <attribute name="Loop Time for DT" value="9.000000" />
  <attribute name="Output H" value="8388608"/>
  <attribute name="Output I" value="208"/>
  <attribute name="Output T" value="4"/>
  <attribute name="Target GC Util Change" value ="20.000000" />
  <attribute name="Current GC Util Change" value="40.000000"/>
  <attribute name="GC Util currently" value="40" />
  <attribute name="CPU Util currently" value="523308622068" />
<cycle-start id="1002" type="global" contextid="0" timestamp="2019-06-17T06:04:31.533" intervalms="1.006" />
<gc-start id="1003" type="global" contextid="1002" timestamp="2019-06-17T06:04:31.533">
  <mem-info id="1004" free="248832" total="20840448" percent="1">
    <mem type="nursery" free="0" total="15204352" percent="0">
      <mem type="allocate" free="0" total="13631488" percent="0" />
      <mem type="survivor" free="0" total="1572864" percent="0" />
    </mem>
    <mem type="tenure" free="248832" total="5636096" percent="4">
      <mem type="soa" free="0" total="5354496" percent="0" />
      <mem type="loa" free="248832" total="281600" percent="88" />
    </mem>
    <remembered-set count="6026" />
  </mem-info>
</gc-start>
<allocation-stats totalBytes="13057032" >
  <allocated-bytes non-tlh="40" tlh="13056992" />
  <largest-consumer threadName="Thread-7" threadId="0000000000DE5100" bytes="4112336" />
</allocation-stats>
<gc-op id="1005" type="mark" timems="1.200" contextid="1002" timestamp="2019-06-17T06:04:31.534">
  <trace-info objectcount="68300" scancount="59884" scanbytes="2340072" />
  <finalization candidates="124" enqueued="0" />
  <ownableSynchronizers candidates="3" cleared="0" />
  <references type="soft" candidates="148" cleared="0" enqueued="0" dynamicThreshold="7" maxThreshold="32" />
  <references type="weak" candidates="692" cleared="0" enqueued="0" />
  <references type="phantom" candidates="37" cleared="0" enqueued="0" />
  <stringconstants candidates="4597" cleared="0"  />
</gc-op>
<gc-op id="1006" type="sweep" timems="0.238" contextid="1002" timestamp="2019-06-17T06:04:31.534" />
<mem-info id="1007" free="14942880" total="20840448" percent="71">
  <mem type="nursery" free="13007208" total="15204352" percent="85">
    <mem type="allocate" free="13007208" total="13631488" percent="95" />
    <mem type="survivor" free="0" total="1572864" percent="0" />
  </mem>
  <mem type="tenure" free="1935672" total="5636096" percent="34" micro-fragmented="0" macro-fragmented="0">
    <mem type="soa" free="1654072" total="5354496" percent="30" />
    <mem type="loa" free="281600" total="281600" percent="100" />
  </mem>
  <remembered-set count="2942" />
</mem-info>
<gc-op id="1008" type="compact" timems="3.298" contextid="1002" timestamp="2019-06-17T06:04:31.538">
  <compact-info movecount="24798" movebytes="1332288" reason="compact to aid heap contraction" />
</gc-op>
<heap-resize id="1009" type="contract" space="tenure" amount="262144" count="1" timems="0.087" reason="heap reconfiguration" timestamp="2019-06-17T06:04:31.538" />
<gc-end id="1010" type="global" contextid="1002" durationms="5.409" usertimems="12.000" systemtimems="0.000" timestamp="2019-06-17T06:04:31.538" activeThreads="4">
  <mem-info id="1011" free="14677608" total="20578304" percent="71">
    <mem type="nursery" free="13023032" total="15204352" percent="85">
      <mem type="allocate" free="13023032" total="13631488" percent="95" />
      <mem type="survivor" free="0" total="1572864" percent="0" />
    </mem>
    <mem type="tenure" free="1654576" total="5373952" percent="30">
      <mem type="soa" free="1405744" total="5105664" percent="27" />
      <mem type="loa" free="248832" total="268288" percent="92" />
    </mem>
    <remembered-set count="2942" />
  </mem-info>
</gc-end>
<cycle-end id="1012" type="global" contextid="1002" timestamp="2019-06-17T06:04:31.538" />
  <attribute name="elasticGC enabled" value="1" />
  <attribute name= "numThreadsSpecified" value="4" />
  <attribute name="heapSize specified" value="20840448" />
  <attribute name="Current GC Util" value="63" />
  <attribute name= "Current Time Running" value="1203" />
  <attribute name ="GC Interval" value="208" />
  <attribute name="ProportionalT" value="43.000000" />
  <attribute name="ProportionalI" value="43.000000" />
  <attribute name="ProportionalH" value="43.000000" />
  <attribute name="Current Error" value="43.000000" />
  <attribute name="IntegralT" value="172.000000" />
  <attribute name="IntegralI" value="172.000000" />
  <attribute name="IntegralH" value="172.000000" />
  <attribute name="DerivativeT" value="2.750000" />
  <attribute name="DerivativeI" value="2.750000" />
  <attribute name="DerivativeH" value="2.750000" />
  <attribute name="Loop Time for DT" value="4.000000" />
  <attribute name="Output H" value="8388608"/>
  <attribute name="Output I" value="224"/>
  <attribute name="Output T" value="4"/>
  <attribute name="Target GC Util Change" value ="20.000000" />
  <attribute name="Current GC Util Change" value="63.000000"/>
  <attribute name="GC Util currently" value="63" />
  <attribute name="CPU Util currently" value="1355509118554" />
<allocation-satisfied id="1013" threadId="0000000000DD9D00" bytesRequested="40" />
<af-end id="1014" timestamp="2019-06-17T06:04:31.538" threadId="0000000000DDA688" success="true" from="nursery"/>
<exclusive-end id="1015" timestamp="2019-06-17T06:04:31.538" durationms="6.157" />

<exclusive-start id="1016" timestamp="2019-06-17T06:04:31.547" intervalms="15.136">
  <response-info timems="0.023" idlems="0.023" threads="0" lastid="0000000000DD9D00" lastname="Thread-10" />
</exclusive-start>
<af-start id="1017" threadId="0000000000DDA688" totalBytesRequested="40" timestamp="2019-06-17T06:04:31.547" intervalms="15.141" type="nursery" />
<cycle-start id="1018" type="scavenge" contextid="0" timestamp="2019-06-17T06:04:31.548" intervalms="27.477" />
<gc-start id="1019" type="scavenge" contextid="1018" timestamp="2019-06-17T06:04:31.548">
  <mem-info id="1020" free="1654576" total="20578304" percent="8">
    <mem type="nursery" free="0" total="15204352" percent="0">
      <mem type="allocate" free="0" total="13631488" percent="0" />
      <mem type="survivor" free="0" total="1572864" percent="0" />
    </mem>
    <mem type="tenure" free="1654576" total="5373952" percent="30">
      <mem type="soa" free="1405744" total="5105664" percent="27" />
      <mem type="loa" free="248832" total="268288" percent="92" />
    </mem>
    <remembered-set count="4302" />
  </mem-info>
</gc-start>
<allocation-stats totalBytes="13021432" >
  <allocated-bytes non-tlh="40" tlh="13021392" />
  <largest-consumer threadName="Thread-9" threadId="0000000000DE1500" bytes="3683592" />
</allocation-stats>
<gc-op id="1021" type="scavenge" timems="0.600" contextid="1018" timestamp="2019-06-17T06:04:31.548">
  <scavenger-info tenureage="3" tenuremask="fff8" tiltratio="89" />
  <memory-copied type="nursery" objects="16359" bytes="668560" bytesdiscarded="236912" />
  <ownableSynchronizers candidates="6" cleared="6" />
</gc-op>
<gc-end id="1022" type="scavenge" contextid="1018" durationms="1.048" usertimems="0.000" systemtimems="0.000" timestamp="2019-06-17T06:04:31.549" activeThreads="4">
  <mem-info id="1023" free="14380592" total="20578304" percent="69">
    <mem type="nursery" free="12726016" total="15204352" percent="83">
      <mem type="allocate" free="12726016" total="13631488" percent="93" />
      <mem type="survivor" free="0" total="1572864" percent="0" />
    </mem>
    <mem type="tenure" free="1654576" total="5373952" percent="30">
      <mem type="soa" free="1405744" total="5105664" percent="27" />
      <mem type="loa" free="248832" total="268288" percent="92" />
    </mem>
    <remembered-set count="4302" />
  </mem-info>
</gc-end>
<cycle-end id="1024" type="scavenge" contextid="1018" timestamp="2019-06-17T06:04:31.549" />
  <attribute name="elasticGC enabled" value="1" />
  <attribute name= "numThreadsSpecified" value="4" />
  <attribute name="heapSize specified" value="20840448" />
  <attribute name="Current GC Util" value="92" />
  <attribute name= "Current Time Running" value="1213" />
  <attribute name ="GC Interval" value="800" />
  <attribute name="ProportionalT" value="72.000000" />
  <attribute name="ProportionalI" value="72.000000" />
  <attribute name="ProportionalH" value="72.000000" />
  <attribute name="Current Error" value="72.000000" />
  <attribute name="IntegralT" value="720.000000" />
  <attribute name="IntegralI" value="720.000000" />
  <attribute name="IntegralH" value="720.000000" />
  <attribute name="DerivativeT" value="2.900000" />
  <attribute name="DerivativeI" value="2.900000" />
  <attribute name="DerivativeH" value="2.900000" />
  <attribute name="Loop Time for DT" value="10.000000" />
  <attribute name="Output H" value="8388608"/>
  <attribute name="Output I" value="800"/>
  <attribute name="Output T" value="4"/>
  <attribute name="Target GC Util Change" value ="20.000000" />
  <attribute name="Current GC Util Change" value="92.000000"/>
  <attribute name="GC Util currently" value="92" />
  <attribute name="CPU Util currently" value="455171354589" />
<allocation-satisfied id="1025" threadId="0000000000DD9D00" bytesRequested="40" />
<af-end id="1026" timestamp="2019-06-17T06:04:31.549" threadId="0000000000DDA688" success="true" from="nursery"/>
<exclusive-end id="1027" timestamp="2019-06-17T06:04:31.549" durationms="1.712" />

<exclusive-start id="1028" timestamp="2019-06-17T06:04:31.558" intervalms="10.923">
  <response-info timems="0.133" idlems="0.075" threads="1" lastid="0000000000DDD900" lastname="Thread-8" />
</exclusive-start>
<af-start id="1029" threadId="0000000000DDA688" totalBytesRequested="40" timestamp="2019-06-17T06:04:31.558" intervalms="10.912" type="nursery" />
<cycle-start id="1030" type="scavenge" contextid="0" timestamp="2019-06-17T06:04:31.558" intervalms="10.863" />
<gc-start id="1031" type="scavenge" contextid="1030" timestamp="2019-06-17T06:04:31.558">
  <mem-info id="1032" free="1654576" total="20578304" percent="8">
    <mem type="nursery" free="0" total="15204352" percent="0">
      <mem type="allocate" free="0" total="13631488" percent="0" />
      <mem type="survivor" free="0" total="1572864" percent="0" />
    </mem>
    <mem type="tenure" free="1654576" total="5373952" percent="30">
      <mem type="soa" free="1405744" total="5105664" percent="27" />
      <mem type="loa" free="248832" total="268288" percent="92" />
    </mem>
    <remembered-set count="5676" />
  </mem-info>
</gc-start>
<allocation-stats totalBytes="12724224" >
  <allocated-bytes non-tlh="40" tlh="12724184" />
  <largest-consumer threadName="Thread-7" threadId="0000000000DE5100" bytes="4029944" />
</allocation-stats>
<gc-op id="1033" type="scavenge" timems="0.499" contextid="1030" timestamp="2019-06-17T06:04:31.559">
  <scavenger-info tenureage="7" tenuremask="ff80" tiltratio="89" />
  <memory-copied type="nursery" objects="18988" bytes="731520" bytesdiscarded="182400" />
</gc-op>
<gc-end id="1034" type="scavenge" contextid="1030" durationms="0.709" usertimems="4.000" systemtimems="0.000" timestamp="2019-06-17T06:04:31.559" activeThreads="4">
  <mem-info id="1035" free="14372144" total="20578304" percent="69">
    <mem type="nursery" free="12717568" total="15204352" percent="83">
      <mem type="allocate" free="12717568" total="13631488" percent="93" />
      <mem type="survivor" free="0" total="1572864" percent="0" />
    </mem>
    <mem type="tenure" free="1654576" total="5373952" percent="30">
      <mem type="soa" free="1405744" total="5105664" percent="27" />
      <mem type="loa" free="248832" total="268288" percent="92" />
    </mem>
    <remembered-set count="5676" />
  </mem-info>
</gc-end>
<cycle-end id="1036" type="scavenge" contextid="1030" timestamp="2019-06-17T06:04:31.559" />
  <attribute name="elasticGC enabled" value="1" />
  <attribute name= "numThreadsSpecified" value="4" />
  <attribute name="heapSize specified" value="20840448" />
  <attribute name="Current GC Util" value="18" />
  <attribute name= "Current Time Running" value="1223" />
  <attribute name ="GC Interval" value="200" />
  <attribute name="ProportionalT" value="-2.000000" />
  <attribute name="ProportionalI" value="-2.000000" />
  <attribute name="ProportionalH" value="-2.000000" />
  <attribute name="Current Error" value="-2.000000" />
  <attribute name="IntegralT" value="-20.000000" />
  <attribute name="IntegralI" value="-20.000000" />
  <attribute name="IntegralH" value="-20.000000" />
  <attribute name="DerivativeT" value="-7.400000" />
  <attribute name="DerivativeI" value="-7.400000" />
  <attribute name="DerivativeH" value="-7.400000" />
  <attribute name="Loop Time for DT" value="10.000000" />
  <attribute name="Output H" value="2092630016"/>
  <attribute name="Output I" value="200"/>
  <attribute name="Output T" value="4"/>
  <attribute name="Target GC Util Change" value ="20.000000" />
  <attribute name="Current GC Util Change" value="18.000000"/>
  <attribute name="GC Util currently" value="18" />
  <attribute name="CPU Util currently" value="429701556346" />
<allocation-satisfied id="1037" threadId="0000000000DD9D00" bytesRequested="40" />
<af-end id="1038" timestamp="2019-06-17T06:04:31.560" threadId="0000000000DDA688" success="true" from="nursery"/>
<exclusive-end id="1039" timestamp="2019-06-17T06:04:31.560" durationms="1.352" />

<exclusive-start id="1040" timestamp="2019-06-17T06:04:31.568" intervalms="9.998">
  <response-info timems="0.023" idlems="0.023" threads="0" lastid="0000000000DDD900" lastname="Thread-8" />
</exclusive-start>
<af-start id="1041" threadId="0000000000DDE288" totalBytesRequested="40" timestamp="2019-06-17T06:04:31.568" intervalms="10.022" type="nursery" />
<cycle-start id="1042" type="scavenge" contextid="0" timestamp="2019-06-17T06:04:31.568" intervalms="10.068" />
<gc-start id="1043" type="scavenge" contextid="1042" timestamp="2019-06-17T06:04:31.569">
  <mem-info id="1044" free="1654576" total="20578304" percent="8">
    <mem type="nursery" free="0" total="15204352" percent="0">
      <mem type="allocate" free="0" total="13631488" percent="0" />
      <mem type="survivor" free="0" total="1572864" percent="0" />
    </mem>
    <mem type="tenure" free="1654576" total="5373952" percent="30">
      <mem type="soa" free="1405744" total="5105664" percent="27" />
      <mem type="loa" free="248832" total="268288" percent="92" />
    </mem>
    <remembered-set count="6508" />
  </mem-info>
</gc-start>
<allocation-stats totalBytes="12716048" >
  <allocated-bytes non-tlh="40" tlh="12716008" />
  <largest-consumer threadName="Thread-7" threadId="0000000000DE5100" bytes="4029976" />
</allocation-stats>
<gc-op id="1045" type="scavenge" timems="1.336" contextid="1042" timestamp="2019-06-17T06:04:31.570">
  <scavenger-info tenureage="3" tenuremask="fff8" tiltratio="89" />
  <memory-copied type="nursery" objects="19806" bytes="750984" bytesdiscarded="162936" />
  <memory-copied type="tenure" objects="6981" bytes="304920" bytesdiscarded="24" />
</gc-op>
<heap-resize id="1046" type="expand" space="nursery" amount="786432" count="1" timems="0.015" reason="excessive time being spent scavenging" timestamp="2019-06-17T06:04:31.570" />
<gc-end id="1047" type="scavenge" contextid="1042" durationms="1.675" usertimems="4.000" systemtimems="0.000" timestamp="2019-06-17T06:04:31.570" activeThreads="4">
  <mem-info id="1048" free="14546736" total="21364736" percent="68">
    <mem type="nursery" free="13372928" total="15990784" percent="83">
      <mem type="allocate" free="13372928" total="14286848" percent="93" />
      <mem type="survivor" free="0" total="1703936" percent="0" />
    </mem>
    <mem type="tenure" free="1173808" total="5373952" percent="21">
      <mem type="soa" free="924976" total="5105664" percent="18" />
      <mem type="loa" free="248832" total="268288" percent="92" />
    </mem>
    <remembered-set count="6382" />
  </mem-info>
</gc-end>
<cycle-end id="1049" type="scavenge" contextid="1042" timestamp="2019-06-17T06:04:31.570" />
  <attribute name="elasticGC enabled" value="1" />
  <attribute name= "numThreadsSpecified" value="4" />
  <attribute name="heapSize specified" value="20840448" />
  <attribute name="Current GC Util" value="18" />
  <attribute name= "Current Time Running" value="1234" />
  <attribute name ="GC Interval" value="200" />
  <attribute name="ProportionalT" value="-2.000000" />
  <attribute name="ProportionalI" value="-2.000000" />
  <attribute name="ProportionalH" value="-2.000000" />
  <attribute name="Current Error" value="-2.000000" />
  <attribute name="IntegralT" value="-22.000000" />
  <attribute name="IntegralI" value="-22.000000" />
  <attribute name="IntegralH" value="-22.000000" />
  <attribute name="DerivativeT" value="-0.181818" />
  <attribute name="DerivativeI" value="-0.181818" />
  <attribute name="DerivativeH" value="-0.181818" />
  <attribute name="Loop Time for DT" value="11.000000" />
  <attribute name="Output H" value="2092630016"/>
  <attribute name="Output I" value="200"/>
  <attribute name="Output T" value="4"/>
  <attribute name="Target GC Util Change" value ="20.000000" />
  <attribute name="Current GC Util Change" value="18.000000"/>
  <attribute name="GC Util currently" value="18" />
  <attribute name="CPU Util currently" value="453942830131" />
<allocation-satisfied id="1050" threadId="0000000000DDD900" bytesRequested="40" />
<af-end id="1051" timestamp="2019-06-17T06:04:31.570" threadId="0000000000DDE288" success="true" from="nursery"/>
<exclusive-end id="1052" timestamp="2019-06-17T06:04:31.571" durationms="2.287" />

<exclusive-start id="1053" timestamp="2019-06-17T06:04:31.580" intervalms="11.355">
  <response-info timems="0.082" idlems="0.055" threads="1" lastid="0000000000DDD900" lastname="Thread-8" />
</exclusive-start>
<af-start id="1054" threadId="0000000000DE5A88" totalBytesRequested="40" timestamp="2019-06-17T06:04:31.580" intervalms="11.308" type="nursery" />
<cycle-start id="1055" type="scavenge" contextid="0" timestamp="2019-06-17T06:04:31.580" intervalms="11.307" />
<gc-start id="1056" type="scavenge" contextid="1055" timestamp="2019-06-17T06:04:31.580">
  <mem-info id="1057" free="1173808" total="21364736" percent="5">
    <mem type="nursery" free="0" total="15990784" percent="0">
      <mem type="allocate" free="0" total="14286848" percent="0" />
      <mem type="survivor" free="0" total="1703936" percent="0" />
    </mem>
    <mem type="tenure" free="1173808" total="5373952" percent="21">
      <mem type="soa" free="924976" total="5105664" percent="18" />
      <mem type="loa" free="248832" total="268288" percent="92" />
    </mem>
    <remembered-set count="6902" />
  </mem-info>
</gc-start>
<allocation-stats totalBytes="13371088" >
  <allocated-bytes non-tlh="40" tlh="13371048" />
  <largest-consumer threadName="Thread-7" threadId="0000000000DE5100" bytes="4238784" />
</allocation-stats>
<gc-op id="1058" type="scavenge" timems="1.446" contextid="1055" timestamp="2019-06-17T06:04:31.581">
  <scavenger-info tenureage="3" tenuremask="4008" tiltratio="89" />
  <memory-copied type="nursery" objects="12867" bytes="447432" bytesdiscarded="164664" />
  <memory-copied type="tenure" objects="9138" bytes="356688" bytesdiscarded="48" />
</gc-op>
<heap-resize id="1059" type="expand" space="nursery" amount="655360" count="1" timems="0.010" reason="excessive time being spent scavenging" timestamp="2019-06-17T06:04:31.582" />
<gc-end id="1060" type="scavenge" contextid="1055" durationms="1.877" usertimems="4.000" systemtimems="0.000" timestamp="2019-06-17T06:04:31.582" activeThreads="4">
  <mem-info id="1061" free="15070768" total="22020096" percent="68">
    <mem type="nursery" free="14330112" total="16646144" percent="86">
      <mem type="allocate" free="14330112" total="14942208" percent="95" />
      <mem type="survivor" free="0" total="1703936" percent="0" />
    </mem>
    <mem type="tenure" free="740656" total="5373952" percent="13">
      <mem type="soa" free="491824" total="5105664" percent="9" />
      <mem type="loa" free="248832" total="268288" percent="92" />
    </mem>
    <remembered-set count="5258" />
  </mem-info>
</gc-end>
<cycle-end id="1062" type="scavenge" contextid="1055" timestamp="2019-06-17T06:04:31.582" />
  <attribute name="elasticGC enabled" value="1" />
  <attribute name= "numThreadsSpecified" value="4" />
  <attribute name="heapSize specified" value="20840448" />
  <attribute name="Current GC Util" value="31" />
  <attribute name= "Current Time Running" value="1245" />
  <attribute name ="GC Interval" value="200" />
  <attribute name="ProportionalT" value="11.000000" />
  <attribute name="ProportionalI" value="11.000000" />
  <attribute name="ProportionalH" value="11.000000" />
  <attribute name="Current Error" value="11.000000" />
  <attribute name="IntegralT" value="121.000000" />
  <attribute name="IntegralI" value="121.000000" />
  <attribute name="IntegralH" value="121.000000" />
  <attribute name="DerivativeT" value="1.000000" />
  <attribute name="DerivativeI" value="1.000000" />
  <attribute name="DerivativeH" value="1.000000" />
  <attribute name="Loop Time for DT" value="11.000000" />
  <attribute name="Output H" value="8388608"/>
  <attribute name="Output I" value="200"/>
  <attribute name="Output T" value="4"/>
  <attribute name="Target GC Util Change" value ="20.000000" />
  <attribute name="Current GC Util Change" value="31.000000"/>
  <attribute name="GC Util currently" value="31" />
  <attribute name="CPU Util currently" value="406590889746" />
<allocation-satisfied id="1063" threadId="0000000000DE5100" bytesRequested="40" />
<af-end id="1064" timestamp="2019-06-17T06:04:31.582" threadId="0000000000DE5A88" success="true" from="nursery"/>
<exclusive-end id="1065" timestamp="2019-06-17T06:04:31.582" durationms="2.562" />

<exclusive-start id="1066" timestamp="2019-06-17T06:04:31.590" intervalms="10.859">
  <response-info timems="0.025" idlems="0.025" threads="0" lastid="0000000000DE5100" lastname="Thread-7" />
</exclusive-start>
<af-start id="1067" threadId="0000000000DE5A88" totalBytesRequested="40" timestamp="2019-06-17T06:04:31.591" intervalms="10.865" type="nursery" />
<cycle-start id="1068" type="scavenge" contextid="0" timestamp="2019-06-17T06:04:31.591" intervalms="10.869" />
<gc-start id="1069" type="scavenge" contextid="1068" timestamp="2019-06-17T06:04:31.591">
  <mem-info id="1070" free="740656" total="22020096" percent="3">
    <mem type="nursery" free="0" total="16646144" percent="0">
      <mem type="allocate" free="0" total="14942208" percent="0" />
      <mem type="survivor" free="0" total="1703936" percent="0" />
    </mem>
    <mem type="tenure" free="740656" total="5373952" percent="13">
      <mem type="soa" free="491824" total="5105664" percent="9" />
      <mem type="loa" free="248832" total="268288" percent="92" />
    </mem>
    <remembered-set count="6506" />
  </mem-info>
</gc-start>
<allocation-stats totalBytes="14328504" >
  <allocated-bytes non-tlh="40" tlh="14328464" />
  <largest-consumer threadName="Thread-7" threadId="0000000000DE5100" bytes="4204320" />
</allocation-stats>
<gc-op id="1071" type="scavenge" timems="1.146" contextid="1068" timestamp="2019-06-17T06:04:31.592">
  <scavenger-info tenureage="3" tenuremask="ffe8" tiltratio="89" />
  <memory-copied type="nursery" objects="11978" bytes="425840" bytesdiscarded="102544" />
  <memory-copied type="tenure" objects="2672" bytes="64128" bytesdiscarded="0" />
</gc-op>
<heap-resize id="1072" type="expand" space="nursery" amount="786432" count="1" timems="0.012" reason="excessive time being spent scavenging" timestamp="2019-06-17T06:04:31.592" />
<gc-end id="1073" type="scavenge" contextid="1068" durationms="1.617" usertimems="4.000" systemtimems="0.000" timestamp="2019-06-17T06:04:31.592" activeThreads="4">
  <mem-info id="1074" free="15770672" total="22806528" percent="69">
    <mem type="nursery" free="15069184" total="17432576" percent="86">
      <mem type="allocate" free="15069184" total="15597568" percent="96" />
      <mem type="survivor" free="0" total="1835008" percent="0" />
    </mem>
    <mem type="tenure" free="701488" total="5373952" percent="13">
      <mem type="soa" free="452656" total="5105664" percent="8" />
      <mem type="loa" free="248832" total="268288" percent="92" />
    </mem>
    <remembered-set count="3834" />
  </mem-info>
</gc-end>
<cycle-end id="1075" type="scavenge" contextid="1068" timestamp="2019-06-17T06:04:31.592" />
  <attribute name="elasticGC enabled" value="1" />
  <attribute name= "numThreadsSpecified" value="4" />
  <attribute name="heapSize specified" value="20840448" />
  <attribute name="Current GC Util" value="36" />
  <attribute name= "Current Time Running" value="1256" />
  <attribute name ="GC Interval" value="200" />
  <attribute name="ProportionalT" value="16.000000" />
  <attribute name="ProportionalI" value="16.000000" />
  <attribute name="ProportionalH" value="16.000000" />
  <attribute name="Current Error" value="16.000000" />
  <attribute name="IntegralT" value="176.000000" />
  <attribute name="IntegralI" value="176.000000" />
  <attribute name="IntegralH" value="176.000000" />
  <attribute name="DerivativeT" value="0.454545" />
  <attribute name="DerivativeI" value="0.454545" />
  <attribute name="DerivativeH" value="0.454545" />
  <attribute name="Loop Time for DT" value="11.000000" />
  <attribute name="Output H" value="8388608"/>
  <attribute name="Output I" value="200"/>
  <attribute name="Output T" value="4"/>
  <attribute name="Target GC Util Change" value ="20.000000" />
  <attribute name="Current GC Util Change" value="36.000000"/>
  <attribute name="GC Util currently" value="36" />
  <attribute name="CPU Util currently" value="422459754620" />
<allocation-satisfied id="1076" threadId="0000000000DE5100" bytesRequested="40" />
<af-end id="1077" timestamp="2019-06-17T06:04:31.593" threadId="0000000000DE5A88" success="true" from="nursery"/>
<exclusive-end id="1078" timestamp="2019-06-17T06:04:31.593" durationms="2.142" />

<exclusive-start id="1079" timestamp="2019-06-17T06:04:31.602" intervalms="11.076">
  <response-info timems="0.023" idlems="0.023" threads="0" lastid="0000000000DD9D00" lastname="Thread-10" />
</exclusive-start>
<af-start id="1080" threadId="0000000000DDA688" totalBytesRequested="24" timestamp="2019-06-17T06:04:31.602" intervalms="11.062" type="nursery" />
<cycle-start id="1081" type="scavenge" contextid="0" timestamp="2019-06-17T06:04:31.602" intervalms="11.519" />
<gc-start id="1082" type="scavenge" contextid="1081" timestamp="2019-06-17T06:04:31.602">
  <mem-info id="1083" free="701488" total="22806528" percent="3">
    <mem type="nursery" free="0" total="17432576" percent="0">
      <mem type="allocate" free="0" total="15597568" percent="0" />
      <mem type="survivor" free="0" total="1835008" percent="0" />
    </mem>
    <mem type="tenure" free="701488" total="5373952" percent="13">
      <mem type="soa" free="452656" total="5105664" percent="8" />
      <mem type="loa" free="248832" total="268288" percent="92" />
    </mem>
    <remembered-set count="4798" />
  </mem-info>
</gc-start>
<allocation-stats totalBytes="15067192" >
  <allocated-bytes non-tlh="40" tlh="15067152" />
  <largest-consumer threadName="Thread-10" threadId="0000000000DD9D00" bytes="4685312" />
</allocation-stats>
<gc-op id="1084" type="scavenge" timems="0.668" contextid="1081" timestamp="2019-06-17T06:04:31.603">
  <scavenger-info tenureage="3" tenuremask="ffe8" tiltratio="89" />
  <memory-copied type="nursery" objects="5615" bytes="136040" bytesdiscarded="182680" />
  <memory-copied type="tenure" objects="7801" bytes="324600" bytesdiscarded="744" />
</gc-op>
<gc-end id="1085" type="scavenge" contextid="1081" durationms="1.010" usertimems="0.000" systemtimems="0.000" timestamp="2019-06-17T06:04:31.603" activeThreads="4">
  <mem-info id="1086" free="15612720" total="22806528" percent="68">
    <mem type="nursery" free="15344384" total="17432576" percent="88">
      <mem type="allocate" free="15344384" total="15663104" percent="97" />
      <mem type="survivor" free="0" total="1769472" percent="0" />
    </mem>
    <mem type="tenure" free="268336" total="5373952" percent="4">
      <mem type="soa" free="19504" total="5105664" percent="0" />
      <mem type="loa" free="248832" total="268288" percent="92" />
    </mem>
    <remembered-set count="5467" />
  </mem-info>
</gc-end>
<cycle-end id="1087" type="scavenge" contextid="1081" timestamp="2019-06-17T06:04:31.603" />
  <attribute name="elasticGC enabled" value="1" />
  <attribute name= "numThreadsSpecified" value="4" />
  <attribute name="heapSize specified" value="20840448" />
  <attribute name="Current GC Util" value="23" />
  <attribute name= "Current Time Running" value="1267" />
  <attribute name ="GC Interval" value="200" />
  <attribute name="ProportionalT" value="3.000000" />
  <attribute name="ProportionalI" value="3.000000" />
  <attribute name="ProportionalH" value="3.000000" />
  <attribute name="Current Error" value="3.000000" />
  <attribute name="IntegralT" value="33.000000" />
  <attribute name="IntegralI" value="33.000000" />
  <attribute name="IntegralH" value="33.000000" />
  <attribute name="DerivativeT" value="-1.181818" />
  <attribute name="DerivativeI" value="-1.181818" />
  <attribute name="DerivativeH" value="-1.181818" />
  <attribute name="Loop Time for DT" value="11.000000" />
  <attribute name="Output H" value="8388608"/>
  <attribute name="Output I" value="200"/>
  <attribute name="Output T" value="4"/>
  <attribute name="Target GC Util Change" value ="20.000000" />
  <attribute name="Current GC Util Change" value="23.000000"/>
  <attribute name="GC Util currently" value="23" />
  <attribute name="CPU Util currently" value="398951479705" />
<allocation-satisfied id="1088" threadId="0000000000DD9D00" bytesRequested="24" />
<af-end id="1089" timestamp="2019-06-17T06:04:31.604" threadId="0000000000DDA688" success="true" from="nursery"/>
<exclusive-end id="1090" timestamp="2019-06-17T06:04:31.604" durationms="2.040" />

<concurrent-kickoff id="1091" timestamp="2019-06-17T06:04:31.613">
  <kickoff reason="threshold reached" targetBytes="1810609" thresholdFreeBytes="254767"  remainingFree="205568" tenureFreeBytes="268336" nurseryFreeBytes="205568" />
</concurrent-kickoff>
<exclusive-start id="1092" timestamp="2019-06-17T06:04:31.613" intervalms="11.308">
  <response-info timems="0.080" idlems="0.049" threads="1" lastid="0000000000DE1500" lastname="Thread-9" />
</exclusive-start>
<cycle-start id="1093" type="global" contextid="0" timestamp="2019-06-17T06:04:31.613" intervalms="80.401" />
<exclusive-end id="1094" timestamp="2019-06-17T06:04:31.613" durationms="0.204" />

<exclusive-start id="1095" timestamp="2019-06-17T06:04:31.613" intervalms="0.620">
  <response-info timems="0.033" idlems="0.033" threads="0" lastid="0000000000DDD900" lastname="Thread-8" />
</exclusive-start>
<af-start id="1096" threadId="0000000000DDE288" totalBytesRequested="24" timestamp="2019-06-17T06:04:31.614" intervalms="12.013" type="nursery" />
<cycle-start id="1097" type="scavenge" contextid="0" timestamp="2019-06-17T06:04:31.614" intervalms="11.552" />
<gc-start id="1098" type="scavenge" contextid="1097" timestamp="2019-06-17T06:04:31.614">
  <mem-info id="1099" free="268336" total="22806528" percent="1">
    <mem type="nursery" free="0" total="17432576" percent="0">
      <mem type="allocate" free="0" total="15663104" percent="0" />
      <mem type="survivor" free="0" total="1769472" percent="0" />
    </mem>
    <mem type="tenure" free="268336" total="5373952" percent="4">
      <mem type="soa" free="19504" total="5105664" percent="0" />
      <mem type="loa" free="248832" total="268288" percent="92" />
    </mem>
    <remembered-set count="7005" />
  </mem-info>
</gc-start>
<allocation-stats totalBytes="15342560" >
  <allocated-bytes non-tlh="24" tlh="15342536" />
  <largest-consumer threadName="Thread-10" threadId="0000000000DD9D00" bytes="4956344" />
</allocation-stats>
<gc-op id="1100" type="scavenge" timems="0.651" contextid="1097" timestamp="2019-06-17T06:04:31.615">
  <scavenger-info tenureage="3" tenuremask="ffe8" tiltratio="89" />
  <memory-copied type="nursery" objects="5021" bytes="121848" bytesdiscarded="34824" />
  <memory-copied type="tenure" objects="2148" bytes="51552" bytesdiscarded="0" />
  <heap-resize type="expand" space="tenure" amount="65536" count="1" timems="0.011" reason="continue current collection" />
</gc-op>
<gc-end id="1101" type="scavenge" contextid="1097" durationms="0.897" usertimems="0.000" systemtimems="0.000" timestamp="2019-06-17T06:04:31.615" activeThreads="4">
  <mem-info id="1102" free="15781632" total="22872064" percent="68">
    <mem type="nursery" free="15506432" total="17432576" percent="88">
      <mem type="allocate" free="15506432" total="15663104" percent="98" />
      <mem type="survivor" free="0" total="1769472" percent="0" />
    </mem>
    <mem type="tenure" free="275200" total="5439488" percent="5">
      <mem type="soa" free="23296" total="5168128" percent="0" />
      <mem type="loa" free="251904" total="271360" percent="92" />
    </mem>
    <remembered-set count="4857" />
  </mem-info>
</gc-end>
<cycle-end id="1103" type="scavenge" contextid="1097" timestamp="2019-06-17T06:04:31.615" />
  <attribute name="elasticGC enabled" value="1" />
  <attribute name= "numThreadsSpecified" value="4" />
  <attribute name="heapSize specified" value="20840448" />
  <attribute name="Current GC Util" value="15" />
  <attribute name= "Current Time Running" value="1279" />
  <attribute name ="GC Interval" value="200" />
  <attribute name="ProportionalT" value="-5.000000" />
  <attribute name="ProportionalI" value="-5.000000" />
  <attribute name="ProportionalH" value="-5.000000" />
  <attribute name="Current Error" value="-5.000000" />
  <attribute name="IntegralT" value="-60.000000" />
  <attribute name="IntegralI" value="-60.000000" />
  <attribute name="IntegralH" value="-60.000000" />
  <attribute name="DerivativeT" value="-0.666667" />
  <attribute name="DerivativeI" value="-0.666667" />
  <attribute name="DerivativeH" value="-0.666667" />
  <attribute name="Loop Time for DT" value="12.000000" />
  <attribute name="Output H" value="2092630016"/>
  <attribute name="Output I" value="200"/>
  <attribute name="Output T" value="4"/>
  <attribute name="Target GC Util Change" value ="20.000000" />
  <attribute name="Current GC Util Change" value="15.000000"/>
  <attribute name="GC Util currently" value="15" />
  <attribute name="CPU Util currently" value="402257927784" />
<allocation-satisfied id="1104" threadId="0000000000DDD900" bytesRequested="24" />
<af-end id="1105" timestamp="2019-06-17T06:04:31.615" threadId="0000000000DDE288" success="true" from="nursery"/>
<exclusive-end id="1106" timestamp="2019-06-17T06:04:31.615" durationms="1.572" />

<exclusive-start id="1107" timestamp="2019-06-17T06:04:31.627" intervalms="13.164">
  <response-info timems="0.151" idlems="0.066" threads="2" lastid="0000000000DE1500" lastname="Thread-9" />
</exclusive-start>
<af-start id="1108" threadId="0000000000DDA688" totalBytesRequested="40" timestamp="2019-06-17T06:04:31.627" intervalms="13.120" type="nursery" />
<cycle-start id="1109" type="scavenge" contextid="0" timestamp="2019-06-17T06:04:31.627" intervalms="13.118" />
<gc-start id="1110" type="scavenge" contextid="1109" timestamp="2019-06-17T06:04:31.627">
  <mem-info id="1111" free="275200" total="22872064" percent="1">
    <mem type="nursery" free="0" total="17432576" percent="0">
      <mem type="allocate" free="0" total="15663104" percent="0" />
      <mem type="survivor" free="0" total="1769472" percent="0" />
    </mem>
    <mem type="tenure" free="275200" total="5439488" percent="5">
      <mem type="soa" free="23296" total="5168128" percent="0" />
      <mem type="loa" free="251904" total="271360" percent="92" />
    </mem>
    <remembered-set count="7237" />
  </mem-info>
</gc-start>
<allocation-stats totalBytes="15504488" >
  <allocated-bytes non-tlh="24" tlh="15504464" />
  <largest-consumer threadName="Thread-10" threadId="0000000000DD9D00" bytes="4685288" />
</allocation-stats>
<gc-op id="1112" type="scavenge" timems="0.374" contextid="1109" timestamp="2019-06-17T06:04:31.627">
  <scavenger-info tenureage="3" tenuremask="ffe8" tiltratio="89" />
  <memory-copied type="nursery" objects="5544" bytes="134368" bytesdiscarded="215072" />
  <memory-copied type="tenure" objects="1849" bytes="44376" bytesdiscarded="0" />
</gc-op>
<gc-end id="1113" type="scavenge" contextid="1109" durationms="0.679" usertimems="0.000" systemtimems="0.000" timestamp="2019-06-17T06:04:31.628" activeThreads="4">
  <mem-info id="1114" free="15588864" total="22872064" percent="68">
    <mem type="nursery" free="15313664" total="17432576" percent="87">
      <mem type="allocate" free="15313664" total="15663104" percent="97" />
      <mem type="survivor" free="0" total="1769472" percent="0" />
    </mem>
    <mem type="tenure" free="275200" total="5439488" percent="5">
      <mem type="soa" free="23296" total="5168128" percent="0" />
      <mem type="loa" free="251904" total="271360" percent="92" />
    </mem>
    <remembered-set count="5388" />
  </mem-info>
</gc-end>
<cycle-end id="1115" type="scavenge" contextid="1109" timestamp="2019-06-17T06:04:31.628" />
  <attribute name="elasticGC enabled" value="1" />
  <attribute name= "numThreadsSpecified" value="4" />
  <attribute name="heapSize specified" value="20840448" />
  <attribute name="Current GC Util" value="11" />
  <attribute name= "Current Time Running" value="1292" />
  <attribute name ="GC Interval" value="200" />
  <attribute name="ProportionalT" value="-9.000000" />
  <attribute name="ProportionalI" value="-9.000000" />
  <attribute name="ProportionalH" value="-9.000000" />
  <attribute name="Current Error" value="-9.000000" />
  <attribute name="IntegralT" value="-117.000000" />
  <attribute name="IntegralI" value="-117.000000" />
  <attribute name="IntegralH" value="-117.000000" />
  <attribute name="DerivativeT" value="-0.692308" />
  <attribute name="DerivativeI" value="-0.692308" />
  <attribute name="DerivativeH" value="-0.692308" />
  <attribute name="Loop Time for DT" value="13.000000" />
  <attribute name="Output H" value="2092630016"/>
  <attribute name="Output I" value="200"/>
  <attribute name="Output T" value="4"/>
  <attribute name="Target GC Util Change" value ="20.000000" />
  <attribute name="Current GC Util Change" value="11.000000"/>
  <attribute name="GC Util currently" value="11" />
  <attribute name="CPU Util currently" value="351148533611" />
<allocation-satisfied id="1116" threadId="0000000000DD9D00" bytesRequested="40" />
<af-end id="1117" timestamp="2019-06-17T06:04:31.628" threadId="0000000000DDA688" success="true" from="nursery"/>
<exclusive-end id="1118" timestamp="2019-06-17T06:04:31.628" durationms="1.178" />

<exclusive-start id="1119" timestamp="2019-06-17T06:04:31.628" intervalms="1.723">
  <response-info timems="0.025" idlems="0.025" threads="0" lastid="0000000000DE5100" lastname="Thread-7" />
</exclusive-start>
<concurrent-collection-start id="1120" timestamp="2019-06-17T06:04:31.628" intervalms="168.475" >
  <concurrent-trace-info reason="card cleaning threshold reached" tracedByMutators="1818704" tracedByHelpers="1132016" cardsCleaned="884" workStackOverflowCount="0" />
</concurrent-collection-start>
<gc-start id="1121" type="global" contextid="1093" timestamp="2019-06-17T06:04:31.628">
  <mem-info id="1122" free="15257048" total="22872064" percent="66">
    <mem type="nursery" free="14981848" total="17432576" percent="85">
      <mem type="allocate" free="14981848" total="15663104" percent="95" />
      <mem type="survivor" free="0" total="1769472" percent="0" />
    </mem>
    <mem type="tenure" free="275200" total="5439488" percent="5">
      <mem type="soa" free="23296" total="5168128" percent="0" />
      <mem type="loa" free="251904" total="271360" percent="92" />
    </mem>
    <remembered-set count="5432" />
  </mem-info>
</gc-start>
<allocation-stats totalBytes="331816" >
  <allocated-bytes non-tlh="40" tlh="331776" />
  <largest-consumer threadName="Thread-7" threadId="0000000000DE5100" bytes="135168" />
</allocation-stats>
<gc-op id="1123" type="rs-scan" timems="0.783" contextid="1093" timestamp="2019-06-17T06:04:31.629">
  <scan objectsFound="5265" bytesTraced="470296" workStackOverflowCount="0" />
</gc-op>
<gc-op id="1124" type="card-cleaning" timems="0.258" contextid="1093" timestamp="2019-06-17T06:04:31.630">
  <card-cleaning cardsCleaned="23" bytesTraced="17852" workStackOverflowCount="0" />
</gc-op>
<gc-op id="1125" type="mark" timems="1.293" contextid="1093" timestamp="2019-06-17T06:04:31.631">
  <trace-info objectcount="582" scancount="550" scanbytes="15056" />
  <finalization candidates="124" enqueued="0" />
  <ownableSynchronizers candidates="3" cleared="0" />
  <references type="soft" candidates="148" cleared="0" enqueued="0" dynamicThreshold="9" maxThreshold="32" />
  <references type="weak" candidates="692" cleared="0" enqueued="0" />
  <references type="phantom" candidates="37" cleared="0" enqueued="0" />
  <stringconstants candidates="4597" cleared="0"  />
</gc-op>
<gc-op id="1126" type="sweep" timems="0.740" contextid="1093" timestamp="2019-06-17T06:04:31.632" />
<mem-info id="1127" free="16454144" total="22872064" percent="71">
  <mem type="nursery" free="15513848" total="17432576" percent="88">
    <mem type="allocate" free="15513848" total="15663104" percent="99" />
    <mem type="survivor" free="0" total="1769472" percent="0" />
  </mem>
  <mem type="tenure" free="940296" total="5439488" percent="17" micro-fragmented="37029" macro-fragmented="0">
    <mem type="soa" free="668936" total="5168128" percent="12" />
    <mem type="loa" free="271360" total="271360" percent="100" />
  </mem>
  <remembered-set count="5432" />
</mem-info>
<gc-op id="1128" type="compact" timems="7.682" contextid="1093" timestamp="2019-06-17T06:04:31.640">
  <compact-info movecount="35651" movebytes="1406472" reason="compact to aid heap contraction" />
</gc-op>
<heap-resize id="1129" type="contract" space="tenure" amount="262144" count="1" timems="0.083" reason="heap reconfiguration" timestamp="2019-06-17T06:04:31.640" />
<gc-end id="1130" type="global" contextid="1093" durationms="12.109" usertimems="20.000" systemtimems="0.000" timestamp="2019-06-17T06:04:31.641" activeThreads="4">
  <mem-info id="1131" free="16240072" total="22609920" percent="71">
    <mem type="nursery" free="15527600" total="17432576" percent="89">
      <mem type="allocate" free="15527600" total="15663104" percent="99" />
      <mem type="survivor" free="0" total="1769472" percent="0" />
    </mem>
    <mem type="tenure" free="712472" total="5177344" percent="13">
      <mem type="soa" free="463640" total="4919296" percent="9" />
      <mem type="loa" free="248832" total="258048" percent="96" />
    </mem>
    <remembered-set count="5432" />
  </mem-info>
</gc-end>
<cycle-end id="1132" type="global" contextid="1093" timestamp="2019-06-17T06:04:31.641" />
  <attribute name="elasticGC enabled" value="1" />
  <attribute name= "numThreadsSpecified" value="4" />
  <attribute name="heapSize specified" value="22872064" />
  <attribute name="Current GC Util" value="67" />
  <attribute name= "Current Time Running" value="1305" />
  <attribute name ="GC Interval" value="200" />
  <attribute name="ProportionalT" value="47.000000" />
  <attribute name="ProportionalI" value="47.000000" />
  <attribute name="ProportionalH" value="47.000000" />
  <attribute name="Current Error" value="47.000000" />
  <attribute name="IntegralT" value="376.000000" />
  <attribute name="IntegralI" value="376.000000" />
  <attribute name="IntegralH" value="376.000000" />
  <attribute name="DerivativeT" value="-10.750000" />
  <attribute name="DerivativeI" value="-10.750000" />
  <attribute name="DerivativeH" value="-10.750000" />
  <attribute name="Loop Time for DT" value="8.000000" />
  <attribute name="Output H" value="8388608"/>
  <attribute name="Output I" value="416"/>
  <attribute name="Output T" value="4"/>
  <attribute name="Target GC Util Change" value ="20.000000" />
  <attribute name="Current GC Util Change" value="67.000000"/>
  <attribute name="GC Util currently" value="67" />
  <attribute name="CPU Util currently" value="589251034452" />
<concurrent-collection-end id="1133" timestamp="2019-06-17T06:04:31.641" />
<exclusive-end id="1134" timestamp="2019-06-17T06:04:31.641" durationms="12.695" />

<exclusive-start id="1135" timestamp="2019-06-17T06:04:31.650" intervalms="22.158">
  <response-info timems="0.023" idlems="0.023" threads="0" lastid="0000000000DD9D00" lastname="Thread-10" />
</exclusive-start>
<af-start id="1136" threadId="0000000000DDA688" totalBytesRequested="40" timestamp="2019-06-17T06:04:31.651" intervalms="23.891" type="nursery" />
<cycle-start id="1137" type="scavenge" contextid="0" timestamp="2019-06-17T06:04:31.651" intervalms="23.889" />
<gc-start id="1138" type="scavenge" contextid="1137" timestamp="2019-06-17T06:04:31.651">
  <mem-info id="1139" free="712472" total="22609920" percent="3">
    <mem type="nursery" free="0" total="17432576" percent="0">
      <mem type="allocate" free="0" total="15663104" percent="0" />
      <mem type="survivor" free="0" total="1769472" percent="0" />
    </mem>
    <mem type="tenure" free="712472" total="5177344" percent="13">
      <mem type="soa" free="463640" total="4919296" percent="9" />
      <mem type="loa" free="248832" total="258048" percent="96" />
    </mem>
    <remembered-set count="6282" />
  </mem-info>
</gc-start>
<allocation-stats totalBytes="15524640" >
  <allocated-bytes non-tlh="0" tlh="15524640" />
  <largest-consumer threadName="Thread-7" threadId="0000000000DE5100" bytes="4762624" />
</allocation-stats>
<gc-op id="1140" type="scavenge" timems="0.801" contextid="1137" timestamp="2019-06-17T06:04:31.652">
  <scavenger-info tenureage="3" tenuremask="ffe8" tiltratio="89" />
  <memory-copied type="nursery" objects="19774" bytes="750672" bytesdiscarded="221472" />
  <memory-copied type="tenure" objects="1354" bytes="32496" bytesdiscarded="0" />
  <ownableSynchronizers candidates="6" cleared="6" />
</gc-op>
<gc-end id="1141" type="scavenge" contextid="1137" durationms="0.973" usertimems="4.000" systemtimems="0.000" timestamp="2019-06-17T06:04:31.652" activeThreads="4">
  <mem-info id="1142" free="15294376" total="22609920" percent="67">
    <mem type="nursery" free="14690960" total="17432576" percent="84">
      <mem type="allocate" free="14690960" total="15663104" percent="93" />
      <mem type="survivor" free="0" total="1769472" percent="0" />
    </mem>
    <mem type="tenure" free="603416" total="5177344" percent="11">
      <mem type="soa" free="354584" total="4919296" percent="7" />
      <mem type="loa" free="248832" total="258048" percent="96" />
    </mem>
    <remembered-set count="4928" />
  </mem-info>
</gc-end>
<cycle-end id="1143" type="scavenge" contextid="1137" timestamp="2019-06-17T06:04:31.652" />
  <attribute name="elasticGC enabled" value="1" />
  <attribute name= "numThreadsSpecified" value="4" />
  <attribute name="heapSize specified" value="22872064" />
  <attribute name="Current GC Util" value="68" />
  <attribute name= "Current Time Running" value="1316" />
  <attribute name ="GC Interval" value="576" />
  <attribute name="ProportionalT" value="48.000000" />
  <attribute name="ProportionalI" value="48.000000" />
  <attribute name="ProportionalH" value="48.000000" />
  <attribute name="Current Error" value="48.000000" />
  <attribute name="IntegralT" value="528.000000" />
  <attribute name="IntegralI" value="528.000000" />
  <attribute name="IntegralH" value="528.000000" />
  <attribute name="DerivativeT" value="0.090909" />
  <attribute name="DerivativeI" value="0.090909" />
  <attribute name="DerivativeH" value="0.090909" />
  <attribute name="Loop Time for DT" value="11.000000" />
  <attribute name="Output H" value="8388608"/>
  <attribute name="Output I" value="576"/>
  <attribute name="Output T" value="4"/>
  <attribute name="Target GC Util Change" value ="20.000000" />
  <attribute name="Current GC Util Change" value="68.000000"/>
  <attribute name="GC Util currently" value="68" />
  <attribute name="CPU Util currently" value="429244646670" />
<allocation-satisfied id="1144" threadId="0000000000DD9D00" bytesRequested="40" />
<af-end id="1145" timestamp="2019-06-17T06:04:31.652" threadId="0000000000DDA688" success="true" from="nursery"/>
<exclusive-end id="1146" timestamp="2019-06-17T06:04:31.652" durationms="1.543" />

<exclusive-start id="1147" timestamp="2019-06-17T06:04:31.662" intervalms="11.621">
  <response-info timems="0.027" idlems="0.027" threads="0" lastid="0000000000DE1500" lastname="Thread-9" />
</exclusive-start>
<af-start id="1148" threadId="0000000000DE1E88" totalBytesRequested="24" timestamp="2019-06-17T06:04:31.662" intervalms="11.644" type="nursery" />
<cycle-start id="1149" type="scavenge" contextid="0" timestamp="2019-06-17T06:04:31.662" intervalms="11.666" />
<gc-start id="1150" type="scavenge" contextid="1149" timestamp="2019-06-17T06:04:31.662">
  <mem-info id="1151" free="603416" total="22609920" percent="2">
    <mem type="nursery" free="0" total="17432576" percent="0">
      <mem type="allocate" free="0" total="15663104" percent="0" />
      <mem type="survivor" free="0" total="1769472" percent="0" />
    </mem>
    <mem type="tenure" free="603416" total="5177344" percent="11">
      <mem type="soa" free="354584" total="4919296" percent="7" />
      <mem type="loa" free="248832" total="258048" percent="96" />
    </mem>
    <remembered-set count="5523" />
  </mem-info>
</gc-start>
<allocation-stats totalBytes="14689104" >
  <allocated-bytes non-tlh="40" tlh="14689064" />
  <largest-consumer threadName="Thread-10" threadId="0000000000DD9D00" bytes="4161016" />
</allocation-stats>
<gc-op id="1152" type="scavenge" timems="1.330" contextid="1149" timestamp="2019-06-17T06:04:31.664">
  <scavenger-info tenureage="3" tenuremask="ffe8" tiltratio="89" />
  <memory-copied type="nursery" objects="23123" bytes="831224" bytesdiscarded="121864" />
  <memory-copied type="tenure" objects="1564" bytes="37536" bytesdiscarded="0" />
</gc-op>
<gc-end id="1153" type="scavenge" contextid="1149" durationms="1.838" usertimems="4.000" systemtimems="0.000" timestamp="2019-06-17T06:04:31.664" activeThreads="4">
  <mem-info id="1154" free="15274264" total="22609920" percent="67">
    <mem type="nursery" free="14710016" total="17432576" percent="84">
      <mem type="allocate" free="14710016" total="15663104" percent="93" />
      <mem type="survivor" free="0" total="1769472" percent="0" />
    </mem>
    <mem type="tenure" free="564248" total="5177344" percent="10">
      <mem type="soa" free="315416" total="4919296" percent="6" />
      <mem type="loa" free="248832" total="258048" percent="96" />
    </mem>
    <remembered-set count="3957" />
  </mem-info>
</gc-end>
<cycle-end id="1155" type="scavenge" contextid="1149" timestamp="2019-06-17T06:04:31.664" />
  <attribute name="elasticGC enabled" value="1" />
  <attribute name= "numThreadsSpecified" value="4" />
  <attribute name="heapSize specified" value="22872064" />
  <attribute name="Current GC Util" value="18" />
  <attribute name= "Current Time Running" value="1328" />
  <attribute name ="GC Interval" value="200" />
  <attribute name="ProportionalT" value="-2.000000" />
  <attribute name="ProportionalI" value="-2.000000" />
  <attribute name="ProportionalH" value="-2.000000" />
  <attribute name="Current Error" value="-2.000000" />
  <attribute name="IntegralT" value="-24.000000" />
  <attribute name="IntegralI" value="-24.000000" />
  <attribute name="IntegralH" value="-24.000000" />
  <attribute name="DerivativeT" value="-4.166667" />
  <attribute name="DerivativeI" value="-4.166667" />
  <attribute name="DerivativeH" value="-4.166667" />
  <attribute name="Loop Time for DT" value="12.000000" />
  <attribute name="Output H" value="2092630016"/>
  <attribute name="Output I" value="200"/>
  <attribute name="Output T" value="4"/>
  <attribute name="Target GC Util Change" value ="20.000000" />
  <attribute name="Current GC Util Change" value="18.000000"/>
  <attribute name="GC Util currently" value="18" />
  <attribute name="CPU Util currently" value="392337198519" />
<allocation-satisfied id="1156" threadId="0000000000DE1500" bytesRequested="24" />
<af-end id="1157" timestamp="2019-06-17T06:04:31.665" threadId="0000000000DE1E88" success="true" from="nursery"/>
<exclusive-end id="1158" timestamp="2019-06-17T06:04:31.665" durationms="2.724" />

<exclusive-start id="1159" timestamp="2019-06-17T06:04:31.678" intervalms="16.166">
  <response-info timems="2.092" idlems="1.057" threads="1" lastid="0000000000DDD900" lastname="Thread-8" />
</exclusive-start>
<af-start id="1160" threadId="0000000000DE1E88" totalBytesRequested="48" timestamp="2019-06-17T06:04:31.678" intervalms="16.157" type="nursery" />
<cycle-start id="1161" type="scavenge" contextid="0" timestamp="2019-06-17T06:04:31.678" intervalms="16.143" />
<gc-start id="1162" type="scavenge" contextid="1161" timestamp="2019-06-17T06:04:31.679">
  <mem-info id="1163" free="564248" total="22609920" percent="2">
    <mem type="nursery" free="0" total="17432576" percent="0">
      <mem type="allocate" free="0" total="15663104" percent="0" />
      <mem type="survivor" free="0" total="1769472" percent="0" />
    </mem>
    <mem type="tenure" free="564248" total="5177344" percent="10">
      <mem type="soa" free="315416" total="4919296" percent="6" />
      <mem type="loa" free="248832" total="258048" percent="96" />
    </mem>
    <remembered-set count="4587" />
  </mem-info>
</gc-start>
<allocation-stats totalBytes="14708280" >
  <allocated-bytes non-tlh="24" tlh="14708256" />
  <largest-consumer threadName="Thread-10" threadId="0000000000DD9D00" bytes="5209552" />
</allocation-stats>
<gc-op id="1164" type="scavenge" timems="1.390" contextid="1161" timestamp="2019-06-17T06:04:31.680">
  <scavenger-info tenureage="3" tenuremask="ffe8" tiltratio="89" />
  <memory-copied type="nursery" objects="24399" bytes="958856" bytesdiscarded="121216" />
  <memory-copied type="tenure" objects="2381" bytes="57144" bytesdiscarded="0" />
</gc-op>
<heap-resize id="1165" type="expand" space="nursery" amount="786432" count="1" timems="0.016" reason="excessive time being spent scavenging" timestamp="2019-06-17T06:04:31.681" />
<gc-end id="1166" type="scavenge" contextid="1161" durationms="2.086" usertimems="4.000" systemtimems="0.000" timestamp="2019-06-17T06:04:31.681" activeThreads="4">
  <mem-info id="1167" free="15724304" total="23396352" percent="67">
    <mem type="nursery" free="15238392" total="18219008" percent="83">
      <mem type="allocate" free="15238392" total="16318464" percent="93" />
      <mem type="survivor" free="0" total="1900544" percent="0" />
    </mem>
    <mem type="tenure" free="485912" total="5177344" percent="9">
      <mem type="soa" free="237080" total="4919296" percent="4" />
      <mem type="loa" free="248832" total="258048" percent="96" />
    </mem>
    <remembered-set count="2206" />
  </mem-info>
</gc-end>
<cycle-end id="1168" type="scavenge" contextid="1161" timestamp="2019-06-17T06:04:31.681" />
  <attribute name="elasticGC enabled" value="1" />
  <attribute name= "numThreadsSpecified" value="4" />
  <attribute name="heapSize specified" value="22872064" />
  <attribute name="Current GC Util" value="18" />
  <attribute name= "Current Time Running" value="1344" />
  <attribute name ="GC Interval" value="200" />
  <attribute name="ProportionalT" value="-2.000000" />
  <attribute name="ProportionalI" value="-2.000000" />
  <attribute name="ProportionalH" value="-2.000000" />
  <attribute name="Current Error" value="-2.000000" />
  <attribute name="IntegralT" value="-32.000000" />
  <attribute name="IntegralI" value="-32.000000" />
  <attribute name="IntegralH" value="-32.000000" />
  <attribute name="DerivativeT" value="-0.125000" />
  <attribute name="DerivativeI" value="-0.125000" />
  <attribute name="DerivativeH" value="-0.125000" />
  <attribute name="Loop Time for DT" value="16.000000" />
  <attribute name="Output H" value="2092630016"/>
  <attribute name="Output I" value="200"/>
  <attribute name="Output T" value="4"/>
  <attribute name="Target GC Util Change" value ="20.000000" />
  <attribute name="Current GC Util Change" value="18.000000"/>
  <attribute name="GC Util currently" value="18" />
  <attribute name="CPU Util currently" value="284086582369" />
<allocation-satisfied id="1169" threadId="0000000000DE1500" bytesRequested="48" />
<af-end id="1170" timestamp="2019-06-17T06:04:31.681" threadId="0000000000DE1E88" success="true" from="nursery"/>
<exclusive-end id="1171" timestamp="2019-06-17T06:04:31.681" durationms="2.876" />

<exclusive-start id="1172" timestamp="2019-06-17T06:04:31.692" intervalms="13.263">
  <response-info timems="0.025" idlems="0.025" threads="0" lastid="0000000000DDD900" lastname="Thread-8" />
</exclusive-start>
<af-start id="1173" threadId="0000000000DDE288" totalBytesRequested="40" timestamp="2019-06-17T06:04:31.692" intervalms="13.279" type="nursery" />
<cycle-start id="1174" type="scavenge" contextid="0" timestamp="2019-06-17T06:04:31.692" intervalms="13.278" />
<gc-start id="1175" type="scavenge" contextid="1174" timestamp="2019-06-17T06:04:31.692">
  <mem-info id="1176" free="485912" total="23396352" percent="2">
    <mem type="nursery" free="0" total="18219008" percent="0">
      <mem type="allocate" free="0" total="16318464" percent="0" />
      <mem type="survivor" free="0" total="1900544" percent="0" />
    </mem>
    <mem type="tenure" free="485912" total="5177344" percent="9">
      <mem type="soa" free="237080" total="4919296" percent="4" />
      <mem type="loa" free="248832" total="258048" percent="96" />
    </mem>
    <remembered-set count="2589" />
  </mem-info>
</gc-start>
<allocation-stats totalBytes="15236520" >
  <allocated-bytes non-tlh="48" tlh="15236472" />
  <largest-consumer threadName="Thread-7" threadId="0000000000DE5100" bytes="4292008" />
</allocation-stats>
<gc-op id="1177" type="scavenge" timems="1.798" contextid="1174" timestamp="2019-06-17T06:04:31.694">
  <scavenger-info tenureage="14" tenuremask="4000" tiltratio="89" />
  <memory-copied type="nursery" objects="22556" bytes="955040" bytesdiscarded="86992" />
</gc-op>
<heap-resize id="1178" type="expand" space="nursery" amount="1310720" count="1" timems="0.012" reason="excessive time being spent scavenging" timestamp="2019-06-17T06:04:31.694" />
<gc-end id="1179" type="scavenge" contextid="1174" durationms="2.298" usertimems="4.000" systemtimems="0.000" timestamp="2019-06-17T06:04:31.694" activeThreads="4">
  <mem-info id="1180" free="17007528" total="24707072" percent="68">
    <mem type="nursery" free="16521616" total="19529728" percent="84">
      <mem type="allocate" free="16521616" total="17563648" percent="94" />
      <mem type="survivor" free="0" total="1966080" percent="0" />
    </mem>
    <mem type="tenure" free="485912" total="5177344" percent="9">
      <mem type="soa" free="237080" total="4919296" percent="4" />
      <mem type="loa" free="248832" total="258048" percent="96" />
    </mem>
    <remembered-set count="2588" />
  </mem-info>
</gc-end>
<cycle-end id="1181" type="scavenge" contextid="1174" timestamp="2019-06-17T06:04:31.694" />
  <attribute name="elasticGC enabled" value="1" />
  <attribute name= "numThreadsSpecified" value="4" />
  <attribute name="heapSize specified" value="22872064" />
  <attribute name="Current GC Util" value="25" />
  <attribute name= "Current Time Running" value="1357" />
  <attribute name ="GC Interval" value="200" />
  <attribute name="ProportionalT" value="5.000000" />
  <attribute name="ProportionalI" value="5.000000" />
  <attribute name="ProportionalH" value="5.000000" />
  <attribute name="Current Error" value="5.000000" />
  <attribute name="IntegralT" value="65.000000" />
  <attribute name="IntegralI" value="65.000000" />
  <attribute name="IntegralH" value="65.000000" />
  <attribute name="DerivativeT" value="0.384615" />
  <attribute name="DerivativeI" value="0.384615" />
  <attribute name="DerivativeH" value="0.384615" />
  <attribute name="Loop Time for DT" value="13.000000" />
  <attribute name="Output H" value="8388608"/>
  <attribute name="Output I" value="200"/>
  <attribute name="Output T" value="4"/>
  <attribute name="Target GC Util Change" value ="20.000000" />
  <attribute name="Current GC Util Change" value="25.000000"/>
  <attribute name="GC Util currently" value="25" />
  <attribute name="CPU Util currently" value="348540757488" />
<allocation-satisfied id="1182" threadId="0000000000DDD900" bytesRequested="40" />
<af-end id="1183" timestamp="2019-06-17T06:04:31.694" threadId="0000000000DDE288" success="true" from="nursery"/>
<exclusive-end id="1184" timestamp="2019-06-17T06:04:31.694" durationms="2.947" />

<exclusive-start id="1185" timestamp="2019-06-17T06:04:31.706" intervalms="14.827">
  <response-info timems="0.049" idlems="0.049" threads="1" lastid="0000000000DD9D00" lastname="Thread-10" />
</exclusive-start>
<af-start id="1186" threadId="0000000000DDE288" totalBytesRequested="40" timestamp="2019-06-17T06:04:31.706" intervalms="14.791" type="nursery" />
<cycle-start id="1187" type="scavenge" contextid="0" timestamp="2019-06-17T06:04:31.707" intervalms="14.796" />
<gc-start id="1188" type="scavenge" contextid="1187" timestamp="2019-06-17T06:04:31.707">
  <mem-info id="1189" free="485912" total="24707072" percent="1">
    <mem type="nursery" free="0" total="19529728" percent="0">
      <mem type="allocate" free="0" total="17563648" percent="0" />
      <mem type="survivor" free="0" total="1966080" percent="0" />
    </mem>
    <mem type="tenure" free="485912" total="5177344" percent="9">
      <mem type="soa" free="237080" total="4919296" percent="4" />
      <mem type="loa" free="248832" total="258048" percent="96" />
    </mem>
    <remembered-set count="2821" />
  </mem-info>
</gc-start>
<allocation-stats totalBytes="16519392" >
  <allocated-bytes non-tlh="40" tlh="16519352" />
  <largest-consumer threadName="Thread-7" threadId="0000000000DE5100" bytes="4292152" />
</allocation-stats>
<gc-op id="1190" type="scavenge" timems="2.175" contextid="1187" timestamp="2019-06-17T06:04:31.709">
  <scavenger-info tenureage="14" tenuremask="4000" tiltratio="89" />
  <memory-copied type="nursery" objects="29550" bytes="1260272" bytesdiscarded="118408" />
</gc-op>
<heap-resize id="1191" type="expand" space="nursery" amount="1179648" count="1" timems="0.011" reason="excessive time being spent scavenging" timestamp="2019-06-17T06:04:31.709" />
<gc-end id="1192" type="scavenge" contextid="1187" durationms="2.596" usertimems="4.000" systemtimems="0.000" timestamp="2019-06-17T06:04:31.709" activeThreads="4">
  <mem-info id="1193" free="17719456" total="25886720" percent="68">
    <mem type="nursery" free="17233544" total="20709376" percent="83">
      <mem type="allocate" free="17233544" total="18612224" percent="92" />
      <mem type="survivor" free="0" total="2097152" percent="0" />
    </mem>
    <mem type="tenure" free="485912" total="5177344" percent="9">
      <mem type="soa" free="237080" total="4919296" percent="4" />
      <mem type="loa" free="248832" total="258048" percent="96" />
    </mem>
    <remembered-set count="2821" />
  </mem-info>
</gc-end>
<cycle-end id="1194" type="scavenge" contextid="1187" timestamp="2019-06-17T06:04:31.709" />
  <attribute name="elasticGC enabled" value="1" />
  <attribute name= "numThreadsSpecified" value="4" />
  <attribute name="heapSize specified" value="22872064" />
  <attribute name="Current GC Util" value="28" />
  <attribute name= "Current Time Running" value="1372" />
  <attribute name ="GC Interval" value="200" />
  <attribute name="ProportionalT" value="8.000000" />
  <attribute name="ProportionalI" value="8.000000" />
  <attribute name="ProportionalH" value="8.000000" />
  <attribute name="Current Error" value="8.000000" />
  <attribute name="IntegralT" value="120.000000" />
  <attribute name="IntegralI" value="120.000000" />
  <attribute name="IntegralH" value="120.000000" />
  <attribute name="DerivativeT" value="0.200000" />
  <attribute name="DerivativeI" value="0.200000" />
  <attribute name="DerivativeH" value="0.200000" />
  <attribute name="Loop Time for DT" value="15.000000" />
  <attribute name="Output H" value="8388608"/>
  <attribute name="Output I" value="200"/>
  <attribute name="Output T" value="4"/>
  <attribute name="Target GC Util Change" value ="20.000000" />
  <attribute name="Current GC Util Change" value="28.000000"/>
  <attribute name="GC Util currently" value="28" />
  <attribute name="CPU Util currently" value="313386944756" />
<allocation-satisfied id="1195" threadId="0000000000DDD900" bytesRequested="40" />
<af-end id="1196" timestamp="2019-06-17T06:04:31.710" threadId="0000000000DDE288" success="true" from="nursery"/>
<exclusive-end id="1197" timestamp="2019-06-17T06:04:31.710" durationms="3.432" />

<exclusive-start id="1198" timestamp="2019-06-17T06:04:31.725" intervalms="19.049">
  <response-info timems="2.924" idlems="2.924" threads="0" lastid="0000000000DD9D00" lastname="Thread-10" />
</exclusive-start>
<af-start id="1199" threadId="0000000000DDA688" totalBytesRequested="40" timestamp="2019-06-17T06:04:31.726" intervalms="19.046" type="nursery" />
<cycle-start id="1200" type="scavenge" contextid="0" timestamp="2019-06-17T06:04:31.726" intervalms="19.037" />
<gc-start id="1201" type="scavenge" contextid="1200" timestamp="2019-06-17T06:04:31.726">
  <mem-info id="1202" free="485912" total="25886720" percent="1">
    <mem type="nursery" free="0" total="20709376" percent="0">
      <mem type="allocate" free="0" total="18612224" percent="0" />
      <mem type="survivor" free="0" total="2097152" percent="0" />
    </mem>
    <mem type="tenure" free="485912" total="5177344" percent="9">
      <mem type="soa" free="237080" total="4919296" percent="4" />
      <mem type="loa" free="248832" total="258048" percent="96" />
    </mem>
    <remembered-set count="2821" />
  </mem-info>
</gc-start>
<allocation-stats totalBytes="17231384" >
  <allocated-bytes non-tlh="40" tlh="17231344" />
  <largest-consumer threadName="Thread-8" threadId="0000000000DDD900" bytes="6237392" />
</allocation-stats>
<gc-op id="1203" type="scavenge" timems="0.922" contextid="1200" timestamp="2019-06-17T06:04:31.727">
  <scavenger-info tenureage="3" tenuremask="4028" tiltratio="89" />
  <memory-copied type="nursery" objects="25202" bytes="1016976" bytesdiscarded="181872" />
  <memory-copied type="tenure" objects="7026" bytes="307392" bytesdiscarded="32" />
  <copy-failed type="tenure" objects="7134" bytes="267432" />
</gc-op>
<gc-end id="1204" type="scavenge" contextid="1200" durationms="1.217" usertimems="4.000" systemtimems="0.000" timestamp="2019-06-17T06:04:31.727" activeThreads="4">
  <mem-info id="1205" free="17662208" total="25886720" percent="68">
    <mem type="nursery" free="17413376" total="20709376" percent="84">
      <mem type="allocate" free="17413376" total="18612224" percent="93" />
      <mem type="survivor" free="0" total="2097152" percent="0" />
    </mem>
    <mem type="tenure" free="248832" total="5177344" percent="4">
      <mem type="soa" free="0" total="4919296" percent="0" />
      <mem type="loa" free="248832" total="258048" percent="96" />
    </mem>
    <remembered-set count="2065" />
  </mem-info>
</gc-end>
<cycle-end id="1206" type="scavenge" contextid="1200" timestamp="2019-06-17T06:04:31.727" />
  <attribute name="elasticGC enabled" value="1" />
  <attribute name= "numThreadsSpecified" value="4" />
  <attribute name="heapSize specified" value="22872064" />
  <attribute name="Current GC Util" value="27" />
  <attribute name= "Current Time Running" value="1391" />
  <attribute name ="GC Interval" value="200" />
  <attribute name="ProportionalT" value="7.000000" />
  <attribute name="ProportionalI" value="7.000000" />
  <attribute name="ProportionalH" value="7.000000" />
  <attribute name="Current Error" value="7.000000" />
  <attribute name="IntegralT" value="133.000000" />
  <attribute name="IntegralI" value="133.000000" />
  <attribute name="IntegralH" value="133.000000" />
  <attribute name="DerivativeT" value="-0.052632" />
  <attribute name="DerivativeI" value="-0.052632" />
  <attribute name="DerivativeH" value="-0.052632" />
  <attribute name="Loop Time for DT" value="19.000000" />
  <attribute name="Output H" value="8388608"/>
  <attribute name="Output I" value="200"/>
  <attribute name="Output T" value="4"/>
  <attribute name="Target GC Util Change" value ="20.000000" />
  <attribute name="Current GC Util Change" value="27.000000"/>
  <attribute name="GC Util currently" value="27" />
  <attribute name="CPU Util currently" value="241937508543" />
<allocation-satisfied id="1207" threadId="0000000000DD9D00" bytesRequested="40" />
<af-end id="1208" timestamp="2019-06-17T06:04:31.727" threadId="0000000000DDA688" success="true" from="nursery"/>
<exclusive-end id="1209" timestamp="2019-06-17T06:04:31.727" durationms="1.797" />

<concurrent-kickoff id="1210" timestamp="2019-06-17T06:04:31.747">
  <kickoff reason="next scavenge will percolate" targetBytes="1954144" thresholdFreeBytes="275433"  remainingFree="242944" tenureFreeBytes="248832" nurseryFreeBytes="242944" />
</concurrent-kickoff>
<exclusive-start id="1211" timestamp="2019-06-17T06:04:31.747" intervalms="21.559">
  <response-info timems="0.034" idlems="0.019" threads="1" lastid="0000000000DE5100" lastname="Thread-7" />
</exclusive-start>
<cycle-start id="1212" type="global" contextid="0" timestamp="2019-06-17T06:04:31.747" intervalms="134.167" />
<exclusive-end id="1213" timestamp="2019-06-17T06:04:31.747" durationms="0.247" />

<exclusive-start id="1214" timestamp="2019-06-17T06:04:31.748" intervalms="0.786">
  <response-info timems="0.028" idlems="0.028" threads="0" lastid="0000000000DDD900" lastname="Thread-8" />
</exclusive-start>
<af-start id="1215" threadId="0000000000DDE288" totalBytesRequested="40" timestamp="2019-06-17T06:04:31.748" intervalms="22.380" type="nursery" />
<percolate-collect id="1216" from="nursery" to="global" reason="failed tenure threshold reached" timestamp="2019-06-17T06:04:31.748"/>
<concurrent-aborted id="1217" timestamp="2019-06-17T06:04:31.748">
  <reason value="insufficient progress made" />
</concurrent-aborted>
<cycle-end id="1218" type="global" contextid="1212" timestamp="2019-06-17T06:04:31.748" />
  <attribute name="elasticGC enabled" value="1" />
  <attribute name= "numThreadsSpecified" value="4" />
  <attribute name="heapSize specified" value="22872064" />
  <attribute name="Current GC Util" value="27" />
  <attribute name= "Current Time Running" value="1391" />
  <attribute name ="GC Interval" value="200" />
  <attribute name="ProportionalT" value="7.000000" />
  <attribute name="ProportionalI" value="7.000000" />
  <attribute name="ProportionalH" value="7.000000" />
  <attribute name="Current Error" value="7.000000" />
  <attribute name="IntegralT" value="133.000000" />
  <attribute name="IntegralI" value="133.000000" />
  <attribute name="IntegralH" value="133.000000" />
  <attribute name="DerivativeT" value="-0.052632" />
  <attribute name="DerivativeI" value="-0.052632" />
  <attribute name="DerivativeH" value="-0.052632" />
  <attribute name="Loop Time for DT" value="19.000000" />
  <attribute name="Output H" value="8388608"/>
  <attribute name="Output I" value="200"/>
  <attribute name="Output T" value="4"/>
  <attribute name="Target GC Util Change" value ="20.000000" />
  <attribute name="Current GC Util Change" value="27.000000"/>
  <attribute name="GC Util currently" value="27" />
  <attribute name="CPU Util currently" value="241937508543" />
<cycle-start id="1219" type="global" contextid="0" timestamp="2019-06-17T06:04:31.748" intervalms="1.327" />
<gc-start id="1220" type="global" contextid="1219" timestamp="2019-06-17T06:04:31.749">
  <mem-info id="1221" free="248832" total="25886720" percent="0">
    <mem type="nursery" free="0" total="20709376" percent="0">
      <mem type="allocate" free="0" total="18612224" percent="0" />
      <mem type="survivor" free="0" total="2097152" percent="0" />
    </mem>
    <mem type="tenure" free="248832" total="5177344" percent="4">
      <mem type="soa" free="0" total="4919296" percent="0" />
      <mem type="loa" free="248832" total="258048" percent="96" />
    </mem>
    <remembered-set count="2275" />
  </mem-info>
</gc-start>
<allocation-stats totalBytes="17411176" >
  <allocated-bytes non-tlh="40" tlh="17411136" />
  <largest-consumer threadName="Thread-8" threadId="0000000000DDD900" bytes="6519984" />
</allocation-stats>
<gc-op id="1222" type="mark" timems="2.195" contextid="1219" timestamp="2019-06-17T06:04:31.751">
  <trace-info objectcount="66748" scancount="59138" scanbytes="2310444" />
  <finalization candidates="124" enqueued="0" />
  <ownableSynchronizers candidates="3" cleared="0" />
  <references type="soft" candidates="148" cleared="64" enqueued="58" dynamicThreshold="4" maxThreshold="32" />
  <references type="weak" candidates="692" cleared="0" enqueued="0" />
  <references type="phantom" candidates="37" cleared="0" enqueued="0" />
  <stringconstants candidates="4597" cleared="0"  />
</gc-op>
<gc-op id="1223" type="sweep" timems="0.745" contextid="1219" timestamp="2019-06-17T06:04:31.752" />
<mem-info id="1224" free="19557704" total="25886720" percent="75">
  <mem type="nursery" free="17641648" total="20709376" percent="85">
    <mem type="allocate" free="17641648" total="18612224" percent="94" />
    <mem type="survivor" free="0" total="2097152" percent="0" />
  </mem>
  <mem type="tenure" free="1916056" total="5177344" percent="37" micro-fragmented="15444" macro-fragmented="0">
    <mem type="soa" free="1658008" total="4919296" percent="33" />
    <mem type="loa" free="258048" total="258048" percent="100" />
  </mem>
  <pending-finalizers system="0" default="0" reference="58" classloader="0" />
  <remembered-set count="1056" />
</mem-info>
<gc-op id="1225" type="compact" timems="9.446" contextid="1219" timestamp="2019-06-17T06:04:31.761">
  <compact-info movecount="58875" movebytes="3893256" reason="compact to aid heap contraction" />
</gc-op>
<heap-resize id="1226" type="contract" space="tenure" amount="196608" count="1" timems="0.088" reason="heap reconfiguration" timestamp="2019-06-17T06:04:31.762" />
<gc-end id="1227" type="global" contextid="1219" durationms="13.465" usertimems="20.000" systemtimems="0.000" timestamp="2019-06-17T06:04:31.762" activeThreads="4">
  <mem-info id="1228" free="19323568" total="25690112" percent="75">
    <mem type="nursery" free="17657752" total="20709376" percent="85">
      <mem type="allocate" free="17657752" total="18612224" percent="94" />
      <mem type="survivor" free="0" total="2097152" percent="0" />
    </mem>
    <mem type="tenure" free="1665816" total="4980736" percent="33">
      <mem type="soa" free="1478424" total="4731904" percent="31" />
      <mem type="loa" free="187392" total="248832" percent="75" />
    </mem>
    <pending-finalizers system="0" default="0" reference="58" classloader="0" />
    <remembered-set count="1056" />
  </mem-info>
</gc-end>
<cycle-end id="1229" type="global" contextid="1219" timestamp="2019-06-17T06:04:31.762" />
  <attribute name="elasticGC enabled" value="1" />
  <attribute name= "numThreadsSpecified" value="4" />
  <attribute name="heapSize specified" value="25886720" />
  <attribute name="Current GC Util" value="78" />
  <attribute name= "Current Time Running" value="1426" />
  <attribute name ="GC Interval" value="200" />
  <attribute name="ProportionalT" value="58.000000" />
  <attribute name="ProportionalI" value="58.000000" />
  <attribute name="ProportionalH" value="58.000000" />
  <attribute name="Current Error" value="58.000000" />
  <attribute name="IntegralT" value="522.000000" />
  <attribute name="IntegralI" value="522.000000" />
  <attribute name="IntegralH" value="522.000000" />
  <attribute name="DerivativeT" value="-10.555556" />
  <attribute name="DerivativeI" value="-10.555556" />
  <attribute name="DerivativeH" value="-10.555556" />
  <attribute name="Loop Time for DT" value="9.000000" />
  <attribute name="Output H" value="8388608"/>
  <attribute name="Output I" value="576"/>
  <attribute name="Output T" value="4"/>
  <attribute name="Target GC Util Change" value ="20.000000" />
  <attribute name="Current GC Util Change" value="78.000000"/>
  <attribute name="GC Util currently" value="78" />
  <attribute name="CPU Util currently" value="480353687179" />
<allocation-satisfied id="1230" threadId="0000000000DDD900" bytesRequested="40" />
<af-end id="1231" timestamp="2019-06-17T06:04:31.762" threadId="0000000000DDE288" success="true" from="nursery"/>
<exclusive-end id="1232" timestamp="2019-06-17T06:04:31.763" durationms="14.771" />

<exclusive-start id="1233" timestamp="2019-06-17T06:04:31.778" intervalms="30.270">
  <response-info timems="0.030" idlems="0.030" threads="0" lastid="0000000000DDD900" lastname="Thread-8" />
</exclusive-start>
<af-start id="1234" threadId="0000000000DDE288" totalBytesRequested="40" timestamp="2019-06-17T06:04:31.778" intervalms="30.259" type="nursery" />
<cycle-start id="1235" type="scavenge" contextid="0" timestamp="2019-06-17T06:04:31.778" intervalms="52.646" />
<gc-start id="1236" type="scavenge" contextid="1235" timestamp="2019-06-17T06:04:31.778">
  <mem-info id="1237" free="1665816" total="25690112" percent="6">
    <mem type="nursery" free="0" total="20709376" percent="0">
      <mem type="allocate" free="0" total="18612224" percent="0" />
      <mem type="survivor" free="0" total="2097152" percent="0" />
    </mem>
    <mem type="tenure" free="1665816" total="4980736" percent="33">
      <mem type="soa" free="1478424" total="4731904" percent="31" />
      <mem type="loa" free="187392" total="248832" percent="75" />
    </mem>
    <remembered-set count="1379" />
  </mem-info>
</gc-start>
<allocation-stats totalBytes="17655736" >
  <allocated-bytes non-tlh="40" tlh="17655696" />
  <largest-consumer threadName="Thread-8" threadId="0000000000DDD900" bytes="6610160" />
</allocation-stats>
<gc-op id="1238" type="scavenge" timems="1.247" contextid="1235" timestamp="2019-06-17T06:04:31.780">
  <scavenger-info tenureage="3" tenuremask="4078" tiltratio="89" />
  <memory-copied type="nursery" objects="11073" bytes="406184" bytesdiscarded="175192" />
  <memory-copied type="tenure" objects="12693" bytes="577992" bytesdiscarded="24" />
  <ownableSynchronizers candidates="6" cleared="6" />
</gc-op>
<gc-end id="1239" type="scavenge" contextid="1235" durationms="1.540" usertimems="4.000" systemtimems="0.000" timestamp="2019-06-17T06:04:31.780" activeThreads="4">
  <mem-info id="1240" free="18997784" total="25690112" percent="73">
    <mem type="nursery" free="18030848" total="20709376" percent="87">
      <mem type="allocate" free="18030848" total="18612224" percent="96" />
      <mem type="survivor" free="0" total="2097152" percent="0" />
    </mem>
    <mem type="tenure" free="966936" total="4980736" percent="19">
      <mem type="soa" free="779544" total="4731904" percent="16" />
      <mem type="loa" free="187392" total="248832" percent="75" />
    </mem>
    <remembered-set count="3183" />
  </mem-info>
</gc-end>
<cycle-end id="1241" type="scavenge" contextid="1235" timestamp="2019-06-17T06:04:31.780" />
  <attribute name="elasticGC enabled" value="1" />
  <attribute name= "numThreadsSpecified" value="4" />
  <attribute name="heapSize specified" value="25886720" />
  <attribute name="Current GC Util" value="95" />
  <attribute name= "Current Time Running" value="1443" />
  <attribute name ="GC Interval" value="1352" />
  <attribute name="ProportionalT" value="75.000000" />
  <attribute name="ProportionalI" value="75.000000" />
  <attribute name="ProportionalH" value="75.000000" />
  <attribute name="Current Error" value="75.000000" />
  <attribute name="IntegralT" value="1275.000000" />
  <attribute name="IntegralI" value="1275.000000" />
  <attribute name="IntegralH" value="1275.000000" />
  <attribute name="DerivativeT" value="1.000000" />
  <attribute name="DerivativeI" value="1.000000" />
  <attribute name="DerivativeH" value="1.000000" />
  <attribute name="Loop Time for DT" value="17.000000" />
  <attribute name="Output H" value="8388608"/>
  <attribute name="Output I" value="1352"/>
  <attribute name="Output T" value="4"/>
  <attribute name="Target GC Util Change" value ="20.000000" />
  <attribute name="Current GC Util Change" value="95.000000"/>
  <attribute name="GC Util currently" value="95" />
  <attribute name="CPU Util currently" value="270920471027" />
<allocation-satisfied id="1242" threadId="0000000000DDD900" bytesRequested="40" />
<af-end id="1243" timestamp="2019-06-17T06:04:31.780" threadId="0000000000DDE288" success="true" from="nursery"/>
<exclusive-end id="1244" timestamp="2019-06-17T06:04:31.780" durationms="2.164" />

<exclusive-start id="1245" timestamp="2019-06-17T06:04:31.797" intervalms="18.919">
  <response-info timems="0.036" idlems="0.020" threads="1" lastid="0000000000DE5100" lastname="Thread-7" />
</exclusive-start>
<af-start id="1246" threadId="0000000000DDA688" totalBytesRequested="40" timestamp="2019-06-17T06:04:31.797" intervalms="18.929" type="nursery" />
<cycle-start id="1247" type="scavenge" contextid="0" timestamp="2019-06-17T06:04:31.797" intervalms="18.930" />
<gc-start id="1248" type="scavenge" contextid="1247" timestamp="2019-06-17T06:04:31.797">
  <mem-info id="1249" free="966936" total="25690112" percent="3">
    <mem type="nursery" free="0" total="20709376" percent="0">
      <mem type="allocate" free="0" total="18612224" percent="0" />
      <mem type="survivor" free="0" total="2097152" percent="0" />
    </mem>
    <mem type="tenure" free="966936" total="4980736" percent="19">
      <mem type="soa" free="779544" total="4731904" percent="16" />
      <mem type="loa" free="187392" total="248832" percent="75" />
    </mem>
    <remembered-set count="3915" />
  </mem-info>
</gc-start>
<allocation-stats totalBytes="18028544" >
  <allocated-bytes non-tlh="40" tlh="18028504" />
  <largest-consumer threadName="Thread-8" threadId="0000000000DDD900" bytes="6462976" />
</allocation-stats>
<gc-op id="1250" type="scavenge" timems="0.891" contextid="1247" timestamp="2019-06-17T06:04:31.798">
  <scavenger-info tenureage="14" tenuremask="4000" tiltratio="89" />
  <memory-copied type="nursery" objects="12113" bytes="431312" bytesdiscarded="180784" />
</gc-op>
<gc-end id="1251" type="scavenge" contextid="1247" durationms="1.152" usertimems="4.000" systemtimems="0.000" timestamp="2019-06-17T06:04:31.798" activeThreads="4">
  <mem-info id="1252" free="18967064" total="25690112" percent="73">
    <mem type="nursery" free="18000128" total="20709376" percent="86">
      <mem type="allocate" free="18000128" total="18612224" percent="96" />
      <mem type="survivor" free="0" total="2097152" percent="0" />
    </mem>
    <mem type="tenure" free="966936" total="4980736" percent="19">
      <mem type="soa" free="779544" total="4731904" percent="16" />
      <mem type="loa" free="187392" total="248832" percent="75" />
    </mem>
    <remembered-set count="3915" />
  </mem-info>
</gc-end>
<cycle-end id="1253" type="scavenge" contextid="1247" timestamp="2019-06-17T06:04:31.799" />
  <attribute name="elasticGC enabled" value="1" />
  <attribute name= "numThreadsSpecified" value="4" />
  <attribute name="heapSize specified" value="25886720" />
  <attribute name="Current GC Util" value="18" />
  <attribute name= "Current Time Running" value="1462" />
  <attribute name ="GC Interval" value="200" />
  <attribute name="ProportionalT" value="-2.000000" />
  <attribute name="ProportionalI" value="-2.000000" />
  <attribute name="ProportionalH" value="-2.000000" />
  <attribute name="Current Error" value="-2.000000" />
  <attribute name="IntegralT" value="-38.000000" />
  <attribute name="IntegralI" value="-38.000000" />
  <attribute name="IntegralH" value="-38.000000" />
  <attribute name="DerivativeT" value="-4.052632" />
  <attribute name="DerivativeI" value="-4.052632" />
  <attribute name="DerivativeH" value="-4.052632" />
  <attribute name="Loop Time for DT" value="19.000000" />
  <attribute name="Output H" value="2092630016"/>
  <attribute name="Output I" value="200"/>
  <attribute name="Output T" value="4"/>
  <attribute name="Target GC Util Change" value ="20.000000" />
  <attribute name="Current GC Util Change" value="18.000000"/>
  <attribute name="GC Util currently" value="18" />
  <attribute name="CPU Util currently" value="243464639073" />
<allocation-satisfied id="1254" threadId="0000000000DD9D00" bytesRequested="40" />
<af-end id="1255" timestamp="2019-06-17T06:04:31.799" threadId="0000000000DDA688" success="true" from="nursery"/>
<exclusive-end id="1256" timestamp="2019-06-17T06:04:31.799" durationms="1.766" />

<exclusive-start id="1257" timestamp="2019-06-17T06:04:31.822" intervalms="25.291">
  <response-info timems="0.088" idlems="0.088" threads="0" lastid="0000000000DDD900" lastname="Thread-8" />
</exclusive-start>
<af-start id="1258" threadId="0000000000DDE288" totalBytesRequested="40" timestamp="2019-06-17T06:04:31.822" intervalms="25.324" type="nursery" />
<cycle-start id="1259" type="scavenge" contextid="0" timestamp="2019-06-17T06:04:31.823" intervalms="25.339" />
<gc-start id="1260" type="scavenge" contextid="1259" timestamp="2019-06-17T06:04:31.823">
  <mem-info id="1261" free="966936" total="25690112" percent="3">
    <mem type="nursery" free="0" total="20709376" percent="0">
      <mem type="allocate" free="0" total="18612224" percent="0" />
      <mem type="survivor" free="0" total="2097152" percent="0" />
    </mem>
    <mem type="tenure" free="966936" total="4980736" percent="19">
      <mem type="soa" free="779544" total="4731904" percent="16" />
      <mem type="loa" free="187392" total="248832" percent="75" />
    </mem>
    <remembered-set count="4631" />
  </mem-info>
</gc-start>
<allocation-stats totalBytes="17998056" >
  <allocated-bytes non-tlh="40" tlh="17998016" />
  <largest-consumer threadName="Thread-8" threadId="0000000000DDD900" bytes="6301248" />
</allocation-stats>
<gc-op id="1262" type="scavenge" timems="1.448" contextid="1259" timestamp="2019-06-17T06:04:31.824">
  <scavenger-info tenureage="3" tenuremask="fff8" tiltratio="89" />
  <memory-copied type="nursery" objects="4618" bytes="113408" bytesdiscarded="319744" />
  <memory-copied type="tenure" objects="8454" bytes="340272" bytesdiscarded="24" />
</gc-op>
<gc-end id="1263" type="scavenge" contextid="1259" durationms="1.767" usertimems="8.000" systemtimems="0.000" timestamp="2019-06-17T06:04:31.824" activeThreads="4">
  <mem-info id="1264" free="18843296" total="25690112" percent="73">
    <mem type="nursery" free="18179072" total="20709376" percent="87">
      <mem type="allocate" free="18179072" total="18612224" percent="97" />
      <mem type="survivor" free="0" total="2097152" percent="0" />
    </mem>
    <mem type="tenure" free="664224" total="4980736" percent="13">
      <mem type="soa" free="476832" total="4731904" percent="10" />
      <mem type="loa" free="187392" total="248832" percent="75" />
    </mem>
    <remembered-set count="4521" />
  </mem-info>
</gc-end>
<cycle-end id="1265" type="scavenge" contextid="1259" timestamp="2019-06-17T06:04:31.825" />
  <attribute name="elasticGC enabled" value="1" />
  <attribute name= "numThreadsSpecified" value="4" />
  <attribute name="heapSize specified" value="25886720" />
  <attribute name="Current GC Util" value="9" />
  <attribute name= "Current Time Running" value="1488" />
  <attribute name ="GC Interval" value="200" />
  <attribute name="ProportionalT" value="-11.000000" />
  <attribute name="ProportionalI" value="-11.000000" />
  <attribute name="ProportionalH" value="-11.000000" />
  <attribute name="Current Error" value="-11.000000" />
  <attribute name="IntegralT" value="-286.000000" />
  <attribute name="IntegralI" value="-286.000000" />
  <attribute name="IntegralH" value="-286.000000" />
  <attribute name="DerivativeT" value="-0.423077" />
  <attribute name="DerivativeI" value="-0.423077" />
  <attribute name="DerivativeH" value="-0.423077" />
  <attribute name="Loop Time for DT" value="26.000000" />
  <attribute name="Output H" value="2092630016"/>
  <attribute name="Output I" value="200"/>
  <attribute name="Output T" value="4"/>
  <attribute name="Target GC Util Change" value ="20.000000" />
  <attribute name="Current GC Util Change" value="9.000000"/>
  <attribute name="GC Util currently" value="9" />
  <attribute name="CPU Util currently" value="181887518825" />
<allocation-satisfied id="1266" threadId="0000000000DDD900" bytesRequested="40" />
<af-end id="1267" timestamp="2019-06-17T06:04:31.825" threadId="0000000000DDE288" success="true" from="nursery"/>
<exclusive-end id="1268" timestamp="2019-06-17T06:04:31.825" durationms="2.490" />

<exclusive-start id="1269" timestamp="2019-06-17T06:04:31.844" intervalms="21.508">
  <response-info timems="1.455" idlems="0.812" threads="1" lastid="0000000000DE5100" lastname="Thread-7" />
</exclusive-start>
<af-start id="1270" threadId="0000000000DDE288" totalBytesRequested="40" timestamp="2019-06-17T06:04:31.844" intervalms="21.456" type="nursery" />
<cycle-start id="1271" type="scavenge" contextid="0" timestamp="2019-06-17T06:04:31.844" intervalms="21.448" />
<gc-start id="1272" type="scavenge" contextid="1271" timestamp="2019-06-17T06:04:31.844">
  <mem-info id="1273" free="664224" total="25690112" percent="2">
    <mem type="nursery" free="0" total="20709376" percent="0">
      <mem type="allocate" free="0" total="18612224" percent="0" />
      <mem type="survivor" free="0" total="2097152" percent="0" />
    </mem>
    <mem type="tenure" free="664224" total="4980736" percent="13">
      <mem type="soa" free="476832" total="4731904" percent="10" />
      <mem type="loa" free="187392" total="248832" percent="75" />
    </mem>
    <remembered-set count="5596" />
  </mem-info>
</gc-start>
<allocation-stats totalBytes="18176600" >
  <allocated-bytes non-tlh="40" tlh="18176560" />
  <largest-consumer threadName="Thread-8" threadId="0000000000DDD900" bytes="4776336" />
</allocation-stats>
<gc-op id="1274" type="scavenge" timems="0.384" contextid="1271" timestamp="2019-06-17T06:04:31.845">
  <scavenger-info tenureage="3" tenuremask="ffc8" tiltratio="89" />
  <memory-copied type="nursery" objects="3498" bytes="85424" bytesdiscarded="185680" />
  <memory-copied type="tenure" objects="2288" bytes="56400" bytesdiscarded="0" />
</gc-op>
<gc-end id="1275" type="scavenge" contextid="1271" durationms="0.687" usertimems="0.000" systemtimems="0.000" timestamp="2019-06-17T06:04:31.845" activeThreads="4">
  <mem-info id="1276" free="18834848" total="25690112" percent="73">
    <mem type="nursery" free="18341120" total="20709376" percent="88">
      <mem type="allocate" free="18341120" total="18612224" percent="98" />
      <mem type="survivor" free="0" total="2097152" percent="0" />
    </mem>
    <mem type="tenure" free="493728" total="4980736" percent="9">
      <mem type="soa" free="306336" total="4731904" percent="6" />
      <mem type="loa" free="187392" total="248832" percent="75" />
    </mem>
    <remembered-set count="3308" />
  </mem-info>
</gc-end>
<cycle-end id="1277" type="scavenge" contextid="1271" timestamp="2019-06-17T06:04:31.845" />
  <attribute name="elasticGC enabled" value="1" />
  <attribute name= "numThreadsSpecified" value="4" />
  <attribute name="heapSize specified" value="25886720" />
  <attribute name="Current GC Util" value="17" />
  <attribute name= "Current Time Running" value="1509" />
  <attribute name ="GC Interval" value="200" />
  <attribute name="ProportionalT" value="-3.000000" />
  <attribute name="ProportionalI" value="-3.000000" />
  <attribute name="ProportionalH" value="-3.000000" />
  <attribute name="Current Error" value="-3.000000" />
  <attribute name="IntegralT" value="-63.000000" />
  <attribute name="IntegralI" value="-63.000000" />
  <attribute name="IntegralH" value="-63.000000" />
  <attribute name="DerivativeT" value="-0.142857" />
  <attribute name="DerivativeI" value="-0.142857" />
  <attribute name="DerivativeH" value="-0.142857" />
  <attribute name="Loop Time for DT" value="21.000000" />
  <attribute name="Output H" value="2092630016"/>
  <attribute name="Output I" value="200"/>
  <attribute name="Output T" value="4"/>
  <attribute name="Target GC Util Change" value ="20.000000" />
  <attribute name="Current GC Util Change" value="17.000000"/>
  <attribute name="GC Util currently" value="17" />
  <attribute name="CPU Util currently" value="215154335319" />
<allocation-satisfied id="1278" threadId="0000000000DDD900" bytesRequested="40" />
<af-end id="1279" timestamp="2019-06-17T06:04:31.845" threadId="0000000000DDE288" success="true" from="nursery"/>
<exclusive-end id="1280" timestamp="2019-06-17T06:04:31.845" durationms="1.287" />

<concurrent-kickoff id="1281" timestamp="2019-06-17T06:04:31.867">
  <kickoff reason="threshold reached" targetBytes="1879936" thresholdFreeBytes="265184"  remainingFree="253184" tenureFreeBytes="493728" nurseryFreeBytes="253184" />
</concurrent-kickoff>
<exclusive-start id="1282" timestamp="2019-06-17T06:04:31.867" intervalms="23.617">
  <response-info timems="0.033" idlems="0.033" threads="0" lastid="0000000000DE1500" lastname="Thread-9" />
</exclusive-start>
<cycle-start id="1283" type="global" contextid="0" timestamp="2019-06-17T06:04:31.867" intervalms="119.036" />
<exclusive-end id="1284" timestamp="2019-06-17T06:04:31.868" durationms="0.185" />

<exclusive-start id="1285" timestamp="2019-06-17T06:04:31.870" intervalms="2.228">
  <response-info timems="0.029" idlems="0.029" threads="0" lastid="0000000000DE1500" lastname="Thread-9" />
</exclusive-start>
<af-start id="1286" threadId="0000000000DE1E88" totalBytesRequested="24" timestamp="2019-06-17T06:04:31.870" intervalms="25.832" type="nursery" />
<cycle-start id="1287" type="scavenge" contextid="0" timestamp="2019-06-17T06:04:31.870" intervalms="25.821" />
<gc-start id="1288" type="scavenge" contextid="1287" timestamp="2019-06-17T06:04:31.870">
  <mem-info id="1289" free="493728" total="25690112" percent="1">
    <mem type="nursery" free="0" total="20709376" percent="0">
      <mem type="allocate" free="0" total="18612224" percent="0" />
      <mem type="survivor" free="0" total="2097152" percent="0" />
    </mem>
    <mem type="tenure" free="493728" total="4980736" percent="9">
      <mem type="soa" free="306336" total="4731904" percent="6" />
      <mem type="loa" free="187392" total="248832" percent="75" />
    </mem>
    <remembered-set count="4568" />
  </mem-info>
</gc-start>
<allocation-stats totalBytes="18338952" >
  <allocated-bytes non-tlh="40" tlh="18338912" />
  <largest-consumer threadName="Thread-9" threadId="0000000000DE1500" bytes="6520160" />
</allocation-stats>
<gc-op id="1290" type="scavenge" timems="1.090" contextid="1287" timestamp="2019-06-17T06:04:31.871">
  <scavenger-info tenureage="3" tenuremask="ffe8" tiltratio="89" />
  <memory-copied type="nursery" objects="3701" bytes="90224" bytesdiscarded="220048" />
  <memory-copied type="tenure" objects="1036" bytes="24864" bytesdiscarded="0" />
</gc-op>
<gc-end id="1291" type="scavenge" contextid="1287" durationms="1.486" usertimems="4.000" systemtimems="0.000" timestamp="2019-06-17T06:04:31.871" activeThreads="4">
  <mem-info id="1292" free="18756512" total="25690112" percent="73">
    <mem type="nursery" free="18301952" total="20709376" percent="88">
      <mem type="allocate" free="18301952" total="18612224" percent="98" />
      <mem type="survivor" free="0" total="2097152" percent="0" />
    </mem>
    <mem type="tenure" free="454560" total="4980736" percent="9">
      <mem type="soa" free="267168" total="4731904" percent="5" />
      <mem type="loa" free="187392" total="248832" percent="75" />
    </mem>
    <remembered-set count="3532" />
  </mem-info>
</gc-end>
<cycle-end id="1293" type="scavenge" contextid="1287" timestamp="2019-06-17T06:04:31.871" />
  <attribute name="elasticGC enabled" value="1" />
  <attribute name= "numThreadsSpecified" value="4" />
  <attribute name="heapSize specified" value="25886720" />
  <attribute name="Current GC Util" value="4" />
  <attribute name= "Current Time Running" value="1535" />
  <attribute name ="GC Interval" value="200" />
  <attribute name="ProportionalT" value="-16.000000" />
  <attribute name="ProportionalI" value="-16.000000" />
  <attribute name="ProportionalH" value="-16.000000" />
  <attribute name="Current Error" value="-16.000000" />
  <attribute name="IntegralT" value="-416.000000" />
  <attribute name="IntegralI" value="-416.000000" />
  <attribute name="IntegralH" value="-416.000000" />
  <attribute name="DerivativeT" value="-0.615385" />
  <attribute name="DerivativeI" value="-0.615385" />
  <attribute name="DerivativeH" value="-0.615385" />
  <attribute name="Loop Time for DT" value="26.000000" />
  <attribute name="Output H" value="2092630016"/>
  <attribute name="Output I" value="200"/>
  <attribute name="Output T" value="4"/>
  <attribute name="Target GC Util Change" value ="20.000000" />
  <attribute name="Current GC Util Change" value="4.000000"/>
  <attribute name="GC Util currently" value="4" />
  <attribute name="CPU Util currently" value="178852779557" />
<allocation-satisfied id="1294" threadId="0000000000DE1500" bytesRequested="24" />
<af-end id="1295" timestamp="2019-06-17T06:04:31.872" threadId="0000000000DE1E88" success="true" from="nursery"/>
<exclusive-end id="1296" timestamp="2019-06-17T06:04:31.872" durationms="2.360" />

<exclusive-start id="1297" timestamp="2019-06-17T06:04:31.899" intervalms="29.690">
  <response-info timems="0.038" idlems="0.021" threads="1" lastid="0000000000DDD900" lastname="Thread-8" />
</exclusive-start>
<af-start id="1298" threadId="0000000000DE5A88" totalBytesRequested="40" timestamp="2019-06-17T06:04:31.899" intervalms="29.720" type="nursery" />
<cycle-start id="1299" type="scavenge" contextid="0" timestamp="2019-06-17T06:04:31.900" intervalms="29.721" />
<gc-start id="1300" type="scavenge" contextid="1299" timestamp="2019-06-17T06:04:31.900">
  <mem-info id="1301" free="454560" total="25690112" percent="1">
    <mem type="nursery" free="0" total="20709376" percent="0">
      <mem type="allocate" free="0" total="18612224" percent="0" />
      <mem type="survivor" free="0" total="2097152" percent="0" />
    </mem>
    <mem type="tenure" free="454560" total="4980736" percent="9">
      <mem type="soa" free="267168" total="4731904" percent="5" />
      <mem type="loa" free="187392" total="248832" percent="75" />
    </mem>
    <remembered-set count="4695" />
  </mem-info>
</gc-start>
<allocation-stats totalBytes="18299648" >
  <allocated-bytes non-tlh="24" tlh="18299624" />
  <largest-consumer threadName="Thread-10" threadId="0000000000DD9D00" bytes="6733904" />
</allocation-stats>
<gc-op id="1302" type="scavenge" timems="1.123" contextid="1299" timestamp="2019-06-17T06:04:31.901">
  <scavenger-info tenureage="3" tenuremask="ffe8" tiltratio="89" />
  <memory-copied type="nursery" objects="3741" bytes="91088" bytesdiscarded="342064" />
  <memory-copied type="tenure" objects="1091" bytes="26184" bytesdiscarded="0" />
</gc-op>
<gc-end id="1303" type="scavenge" contextid="1299" durationms="1.429" usertimems="4.000" systemtimems="0.000" timestamp="2019-06-17T06:04:31.901" activeThreads="4">
  <mem-info id="1304" free="18594464" total="25690112" percent="72">
    <mem type="nursery" free="18179072" total="20709376" percent="87">
      <mem type="allocate" free="18179072" total="18612224" percent="97" />
      <mem type="survivor" free="0" total="2097152" percent="0" />
    </mem>
    <mem type="tenure" free="415392" total="4980736" percent="8">
      <mem type="soa" free="228000" total="4731904" percent="4" />
      <mem type="loa" free="187392" total="248832" percent="75" />
    </mem>
    <remembered-set count="3604" />
  </mem-info>
</gc-end>
<cycle-end id="1305" type="scavenge" contextid="1299" timestamp="2019-06-17T06:04:31.901" />
  <attribute name="elasticGC enabled" value="1" />
  <attribute name= "numThreadsSpecified" value="4" />
  <attribute name="heapSize specified" value="25886720" />
  <attribute name="Current GC Util" value="9" />
  <attribute name= "Current Time Running" value="1565" />
  <attribute name ="GC Interval" value="200" />
  <attribute name="ProportionalT" value="-11.000000" />
  <attribute name="ProportionalI" value="-11.000000" />
  <attribute name="ProportionalH" value="-11.000000" />
  <attribute name="Current Error" value="-11.000000" />
  <attribute name="IntegralT" value="-330.000000" />
  <attribute name="IntegralI" value="-330.000000" />
  <attribute name="IntegralH" value="-330.000000" />
  <attribute name="DerivativeT" value="-0.366667" />
  <attribute name="DerivativeI" value="-0.366667" />
  <attribute name="DerivativeH" value="-0.366667" />
  <attribute name="Loop Time for DT" value="30.000000" />
  <attribute name="Output H" value="2092630016"/>
  <attribute name="Output I" value="200"/>
  <attribute name="Output T" value="4"/>
  <attribute name="Target GC Util Change" value ="20.000000" />
  <attribute name="Current GC Util Change" value="9.000000"/>
  <attribute name="GC Util currently" value="9" />
  <attribute name="CPU Util currently" value="154964874398" />
<allocation-satisfied id="1306" threadId="0000000000DE5100" bytesRequested="40" />
<af-end id="1307" timestamp="2019-06-17T06:04:31.901" threadId="0000000000DE5A88" success="true" from="nursery"/>
<exclusive-end id="1308" timestamp="2019-06-17T06:04:31.901" durationms="2.082" />

<exclusive-start id="1309" timestamp="2019-06-17T06:04:31.904" intervalms="4.988">
  <response-info timems="2.456" idlems="1.230" threads="1" lastid="0000000000DE5100" lastname="Thread-7" />
</exclusive-start>
<concurrent-collection-start id="1310" timestamp="2019-06-17T06:04:31.904" intervalms="275.942" >
  <concurrent-trace-info reason="card cleaning threshold reached" tracedByMutators="487852" tracedByHelpers="2304744" cardsCleaned="801" workStackOverflowCount="0" />
</concurrent-collection-start>
<gc-start id="1311" type="global" contextid="1283" timestamp="2019-06-17T06:04:31.904">
  <mem-info id="1312" free="16919160" total="25690112" percent="65">
    <mem type="nursery" free="16503768" total="20709376" percent="79">
      <mem type="allocate" free="16503768" total="18612224" percent="88" />
      <mem type="survivor" free="0" total="2097152" percent="0" />
    </mem>
    <mem type="tenure" free="415392" total="4980736" percent="8">
      <mem type="soa" free="228000" total="4731904" percent="4" />
      <mem type="loa" free="187392" total="248832" percent="75" />
    </mem>
    <remembered-set count="3677" />
  </mem-info>
</gc-start>
<allocation-stats totalBytes="1675008" >
  <allocated-bytes non-tlh="40" tlh="1674968" />
  <largest-consumer threadName="Thread-10" threadId="0000000000DD9D00" bytes="737152" />
</allocation-stats>
<gc-op id="1313" type="rs-scan" timems="0.602" contextid="1283" timestamp="2019-06-17T06:04:31.905">
  <scan objectsFound="3430" bytesTraced="335824" workStackOverflowCount="0" />
</gc-op>
<gc-op id="1314" type="card-cleaning" timems="0.441" contextid="1283" timestamp="2019-06-17T06:04:31.906">
  <card-cleaning cardsCleaned="34" bytesTraced="26928" workStackOverflowCount="0" />
</gc-op>
<gc-op id="1315" type="mark" timems="1.352" contextid="1283" timestamp="2019-06-17T06:04:31.907">
  <trace-info objectcount="588" scancount="556" scanbytes="15304" />
  <finalization candidates="124" enqueued="0" />
  <ownableSynchronizers candidates="3" cleared="0" />
  <references type="soft" candidates="84" cleared="0" enqueued="0" dynamicThreshold="10" maxThreshold="32" />
  <references type="weak" candidates="692" cleared="0" enqueued="0" />
  <references type="phantom" candidates="37" cleared="0" enqueued="0" />
  <stringconstants candidates="4597" cleared="0"  />
</gc-op>
<gc-op id="1316" type="sweep" timems="0.720" contextid="1283" timestamp="2019-06-17T06:04:31.908" />
<mem-info id="1317" free="19208472" total="25690112" percent="74">
  <mem type="nursery" free="18506976" total="20709376" percent="89">
    <mem type="allocate" free="18506976" total="18612224" percent="99" />
    <mem type="survivor" free="0" total="2097152" percent="0" />
  </mem>
  <mem type="tenure" free="701496" total="4980736" percent="14" micro-fragmented="7462" macro-fragmented="0">
    <mem type="soa" free="452664" total="4731904" percent="9" />
    <mem type="loa" free="248832" total="248832" percent="100" />
  </mem>
  <remembered-set count="3677" />
</mem-info>
<gc-op id="1318" type="compact" timems="14.305" contextid="1283" timestamp="2019-06-17T06:04:31.922">
  <compact-info movecount="67514" movebytes="4119672" reason="compact to aid heap contraction" />
</gc-op>
<heap-resize id="1319" type="contract" space="tenure" amount="196608" count="1" timems="0.086" reason="heap reconfiguration" timestamp="2019-06-17T06:04:31.923" />
<gc-end id="1320" type="global" contextid="1283" durationms="18.500" usertimems="44.000" systemtimems="0.000" timestamp="2019-06-17T06:04:31.923" activeThreads="4">
  <mem-info id="1321" free="18981016" total="25493504" percent="74">
    <mem type="nursery" free="18518592" total="20709376" percent="89">
      <mem type="allocate" free="18518592" total="18612224" percent="99" />
      <mem type="survivor" free="0" total="2097152" percent="0" />
    </mem>
    <mem type="tenure" free="462424" total="4784128" percent="9">
      <mem type="soa" free="276056" total="4545536" percent="6" />
      <mem type="loa" free="186368" total="238592" percent="78" />
    </mem>
    <remembered-set count="3677" />
  </mem-info>
</gc-end>
<cycle-end id="1322" type="global" contextid="1283" timestamp="2019-06-17T06:04:31.923" />
  <attribute name="elasticGC enabled" value="1" />
  <attribute name= "numThreadsSpecified" value="4" />
  <attribute name="heapSize specified" value="25690112" />
  <attribute name="Current GC Util" value="40" />
  <attribute name= "Current Time Running" value="1587" />
  <attribute name ="GC Interval" value="200" />
  <attribute name="ProportionalT" value="20.000000" />
  <attribute name="ProportionalI" value="20.000000" />
  <attribute name="ProportionalH" value="20.000000" />
  <attribute name="Current Error" value="20.000000" />
  <attribute name="IntegralT" value="280.000000" />
  <attribute name="IntegralI" value="280.000000" />
  <attribute name="IntegralH" value="280.000000" />
  <attribute name="DerivativeT" value="-9.428571" />
  <attribute name="DerivativeI" value="-9.428571" />
  <attribute name="DerivativeH" value="-9.428571" />
  <attribute name="Loop Time for DT" value="14.000000" />
  <attribute name="Output H" value="8388608"/>
  <attribute name="Output I" value="296"/>
  <attribute name="Output T" value="4"/>
  <attribute name="Target GC Util Change" value ="20.000000" />
  <attribute name="Current GC Util Change" value="40.000000"/>
  <attribute name="GC Util currently" value="40" />
  <attribute name="CPU Util currently" value="320013806932" />
<concurrent-collection-end id="1323" timestamp="2019-06-17T06:04:31.923" />
<exclusive-end id="1324" timestamp="2019-06-17T06:04:31.923" durationms="18.966" />

<exclusive-start id="1325" timestamp="2019-06-17T06:04:31.947" intervalms="42.583">
  <response-info timems="0.059" idlems="0.059" threads="0" lastid="0000000000DE1500" lastname="Thread-9" />
</exclusive-start>
<af-start id="1326" threadId="0000000000DE1E88" totalBytesRequested="40" timestamp="2019-06-17T06:04:31.947" intervalms="47.627" type="nursery" />
<cycle-start id="1327" type="scavenge" contextid="0" timestamp="2019-06-17T06:04:31.947" intervalms="47.631" />
<gc-start id="1328" type="scavenge" contextid="1327" timestamp="2019-06-17T06:04:31.947">
  <mem-info id="1329" free="462424" total="25493504" percent="1">
    <mem type="nursery" free="0" total="20709376" percent="0">
      <mem type="allocate" free="0" total="18612224" percent="0" />
      <mem type="survivor" free="0" total="2097152" percent="0" />
    </mem>
    <mem type="tenure" free="462424" total="4784128" percent="9">
      <mem type="soa" free="276056" total="4545536" percent="6" />
      <mem type="loa" free="186368" total="238592" percent="78" />
    </mem>
    <remembered-set count="4846" />
  </mem-info>
</gc-start>
<allocation-stats totalBytes="18515944" >
  <allocated-bytes non-tlh="0" tlh="18515944" />
  <largest-consumer threadName="Thread-10" threadId="0000000000DD9D00" bytes="7216400" />
</allocation-stats>
<gc-op id="1330" type="scavenge" timems="1.303" contextid="1327" timestamp="2019-06-17T06:04:31.949">
  <scavenger-info tenureage="3" tenuremask="ffe8" tiltratio="89" />
  <memory-copied type="nursery" objects="3918" bytes="95416" bytesdiscarded="245576" />
  <memory-copied type="tenure" objects="1083" bytes="25992" bytesdiscarded="0" />
  <ownableSynchronizers candidates="6" cleared="6" />
</gc-op>
<gc-end id="1331" type="scavenge" contextid="1327" durationms="1.719" usertimems="0.000" systemtimems="0.000" timestamp="2019-06-17T06:04:31.949" activeThreads="4">
  <mem-info id="1332" free="18563160" total="25493504" percent="72">
    <mem type="nursery" free="18271232" total="20709376" percent="88">
      <mem type="allocate" free="18271232" total="18612224" percent="98" />
      <mem type="survivor" free="0" total="2097152" percent="0" />
    </mem>
    <mem type="tenure" free="291928" total="4784128" percent="6">
      <mem type="soa" free="105560" total="4545536" percent="2" />
      <mem type="loa" free="186368" total="238592" percent="78" />
    </mem>
    <remembered-set count="3763" />
  </mem-info>
</gc-end>
<cycle-end id="1333" type="scavenge" contextid="1327" timestamp="2019-06-17T06:04:31.949" />
  <attribute name="elasticGC enabled" value="1" />
  <attribute name= "numThreadsSpecified" value="4" />
  <attribute name="heapSize specified" value="25690112" />
  <attribute name="Current GC Util" value="54" />
  <attribute name= "Current Time Running" value="1612" />
  <attribute name ="GC Interval" value="888" />
  <attribute name="ProportionalT" value="34.000000" />
  <attribute name="ProportionalI" value="34.000000" />
  <attribute name="ProportionalH" value="34.000000" />
  <attribute name="Current Error" value="34.000000" />
  <attribute name="IntegralT" value="850.000000" />
  <attribute name="IntegralI" value="850.000000" />
  <attribute name="IntegralH" value="850.000000" />
  <attribute name="DerivativeT" value="0.560000" />
  <attribute name="DerivativeI" value="0.560000" />
  <attribute name="DerivativeH" value="0.560000" />
  <attribute name="Loop Time for DT" value="25.000000" />
  <attribute name="Output H" value="8388608"/>
  <attribute name="Output I" value="888"/>
  <attribute name="Output T" value="4"/>
  <attribute name="Target GC Util Change" value ="20.000000" />
  <attribute name="Current GC Util Change" value="54.000000"/>
  <attribute name="GC Util currently" value="54" />
  <attribute name="CPU Util currently" value="184175779683" />
<allocation-satisfied id="1334" threadId="0000000000DE1500" bytesRequested="40" />
<af-end id="1335" timestamp="2019-06-17T06:04:31.949" threadId="0000000000DE1E88" success="true" from="nursery"/>
<exclusive-end id="1336" timestamp="2019-06-17T06:04:31.949" durationms="2.483" />

<concurrent-kickoff id="1337" timestamp="2019-06-17T06:04:31.970">
  <kickoff reason="threshold reached" targetBytes="1977882" thresholdFreeBytes="277184"  remainingFree="224216" tenureFreeBytes="291928" nurseryFreeBytes="224216" />
</concurrent-kickoff>
<exclusive-start id="1338" timestamp="2019-06-17T06:04:31.970" intervalms="23.141">
  <response-info timems="0.131" idlems="0.095" threads="1" lastid="0000000000DE1500" lastname="Thread-9" />
</exclusive-start>
<cycle-start id="1339" type="global" contextid="0" timestamp="2019-06-17T06:04:31.970" intervalms="102.624" />
<exclusive-end id="1340" timestamp="2019-06-17T06:04:31.970" durationms="0.176" />

<exclusive-start id="1341" timestamp="2019-06-17T06:04:31.971" intervalms="0.535">
  <response-info timems="0.022" idlems="0.022" threads="0" lastid="0000000000DDD900" lastname="Thread-8" />
</exclusive-start>
<af-start id="1342" threadId="0000000000DDE288" totalBytesRequested="40" timestamp="2019-06-17T06:04:31.971" intervalms="23.599" type="nursery" />
<cycle-start id="1343" type="scavenge" contextid="0" timestamp="2019-06-17T06:04:31.971" intervalms="23.617" />
<gc-start id="1344" type="scavenge" contextid="1343" timestamp="2019-06-17T06:04:31.971">
  <mem-info id="1345" free="291928" total="25493504" percent="1">
    <mem type="nursery" free="0" total="20709376" percent="0">
      <mem type="allocate" free="0" total="18612224" percent="0" />
      <mem type="survivor" free="0" total="2097152" percent="0" />
    </mem>
    <mem type="tenure" free="291928" total="4784128" percent="6">
      <mem type="soa" free="105560" total="4545536" percent="2" />
      <mem type="loa" free="186368" total="238592" percent="78" />
    </mem>
    <remembered-set count="5266" />
  </mem-info>
</gc-start>
<allocation-stats totalBytes="18269040" >
  <allocated-bytes non-tlh="40" tlh="18269000" />
  <largest-consumer threadName="Thread-7" threadId="0000000000DE5100" bytes="5209520" />
</allocation-stats>
<gc-op id="1346" type="scavenge" timems="1.038" contextid="1343" timestamp="2019-06-17T06:04:31.972">
  <scavenger-info tenureage="3" tenuremask="ffe8" tiltratio="89" />
  <memory-copied type="nursery" objects="4204" bytes="102456" bytesdiscarded="238536" />
  <memory-copied type="tenure" objects="1257" bytes="30168" bytesdiscarded="0" />
</gc-op>
<gc-end id="1347" type="scavenge" contextid="1343" durationms="1.519" usertimems="0.000" systemtimems="4.000" timestamp="2019-06-17T06:04:31.972" activeThreads="4">
  <mem-info id="1348" free="18457600" total="25493504" percent="72">
    <mem type="nursery" free="18271232" total="20709376" percent="88">
      <mem type="allocate" free="18271232" total="18612224" percent="98" />
      <mem type="survivor" free="0" total="2097152" percent="0" />
    </mem>
    <mem type="tenure" free="186368" total="4784128" percent="3">
      <mem type="soa" free="0" total="4545536" percent="0" />
      <mem type="loa" free="186368" total="238592" percent="78" />
    </mem>
    <remembered-set count="4009" />
  </mem-info>
</gc-end>
<cycle-end id="1349" type="scavenge" contextid="1343" timestamp="2019-06-17T06:04:31.973" />
  <attribute name="elasticGC enabled" value="1" />
  <attribute name= "numThreadsSpecified" value="4" />
  <attribute name="heapSize specified" value="25690112" />
  <attribute name="Current GC Util" value="12" />
  <attribute name= "Current Time Running" value="1636" />
  <attribute name ="GC Interval" value="200" />
  <attribute name="ProportionalT" value="-8.000000" />
  <attribute name="ProportionalI" value="-8.000000" />
  <attribute name="ProportionalH" value="-8.000000" />
  <attribute name="Current Error" value="-8.000000" />
  <attribute name="IntegralT" value="-192.000000" />
  <attribute name="IntegralI" value="-192.000000" />
  <attribute name="IntegralH" value="-192.000000" />
  <attribute name="DerivativeT" value="-1.750000" />
  <attribute name="DerivativeI" value="-1.750000" />
  <attribute name="DerivativeH" value="-1.750000" />
  <attribute name="Loop Time for DT" value="24.000000" />
  <attribute name="Output H" value="2092630016"/>
  <attribute name="Output I" value="200"/>
  <attribute name="Output T" value="4"/>
  <attribute name="Target GC Util Change" value ="20.000000" />
  <attribute name="Current GC Util Change" value="12.000000"/>
  <attribute name="GC Util currently" value="12" />
  <attribute name="CPU Util currently" value="196076060874" />
<allocation-satisfied id="1350" threadId="0000000000DDD900" bytesRequested="40" />
<af-end id="1351" timestamp="2019-06-17T06:04:31.973" threadId="0000000000DDE288" success="true" from="nursery"/>
<exclusive-end id="1352" timestamp="2019-06-17T06:04:31.973" durationms="2.570" />

<exclusive-start id="1353" timestamp="2019-06-17T06:04:31.988" intervalms="17.140">
  <response-info timems="0.400" idlems="0.227" threads="1" lastid="0000000000DE5100" lastname="Thread-7" />
</exclusive-start>
<af-start id="1354" threadId="0000000000DE1E88" totalBytesRequested="24" timestamp="2019-06-17T06:04:31.988" intervalms="17.144" type="nursery" />
<cycle-start id="1355" type="scavenge" contextid="0" timestamp="2019-06-17T06:04:31.988" intervalms="17.119" />
<gc-start id="1356" type="scavenge" contextid="1355" timestamp="2019-06-17T06:04:31.988">
  <mem-info id="1357" free="186368" total="25493504" percent="0">
    <mem type="nursery" free="0" total="20709376" percent="0">
      <mem type="allocate" free="0" total="18612224" percent="0" />
      <mem type="survivor" free="0" total="2097152" percent="0" />
    </mem>
    <mem type="tenure" free="186368" total="4784128" percent="3">
      <mem type="soa" free="0" total="4545536" percent="0" />
      <mem type="loa" free="186368" total="238592" percent="78" />
    </mem>
    <remembered-set count="5222" />
  </mem-info>
</gc-start>
<allocation-stats totalBytes="18268904" >
  <allocated-bytes non-tlh="40" tlh="18268864" />
  <largest-consumer threadName="Thread-10" threadId="0000000000DD9D00" bytes="5917080" />
</allocation-stats>
<gc-op id="1358" type="scavenge" timems="1.395" contextid="1355" timestamp="2019-06-17T06:04:31.990">
  <scavenger-info tenureage="3" tenuremask="ffe8" tiltratio="89" />
  <memory-copied type="nursery" objects="17732" bytes="701632" bytesdiscarded="103232" />
  <memory-copied type="tenure" objects="1158" bytes="27792" bytesdiscarded="0" />
  <heap-resize type="expand" space="tenure" amount="65536" count="1" timems="0.021" reason="continue current collection" />
</gc-op>
<heap-resize id="1359" type="expand" space="nursery" amount="786432" count="1" timems="0.015" reason="excessive time being spent scavenging" timestamp="2019-06-17T06:04:31.990" />
<gc-end id="1360" type="scavenge" contextid="1355" durationms="1.845" usertimems="4.000" systemtimems="0.000" timestamp="2019-06-17T06:04:31.990" activeThreads="4">
  <mem-info id="1361" free="18675456" total="26345472" percent="70">
    <mem type="nursery" free="18462720" total="21495808" percent="85">
      <mem type="allocate" free="18462720" total="19267584" percent="95" />
      <mem type="survivor" free="0" total="2228224" percent="0" />
    </mem>
    <mem type="tenure" free="212736" total="4849664" percent="4">
      <mem type="soa" free="23296" total="4608000" percent="0" />
      <mem type="loa" free="189440" total="241664" percent="78" />
    </mem>
    <remembered-set count="4064" />
  </mem-info>
</gc-end>
<cycle-end id="1362" type="scavenge" contextid="1355" timestamp="2019-06-17T06:04:31.990" />
  <attribute name="elasticGC enabled" value="1" />
  <attribute name= "numThreadsSpecified" value="4" />
  <attribute name="heapSize specified" value="25690112" />
  <attribute name="Current GC Util" value="15" />
  <attribute name= "Current Time Running" value="1653" />
  <attribute name ="GC Interval" value="200" />
  <attribute name="ProportionalT" value="-5.000000" />
  <attribute name="ProportionalI" value="-5.000000" />
  <attribute name="ProportionalH" value="-5.000000" />
  <attribute name="Current Error" value="-5.000000" />
  <attribute name="IntegralT" value="-85.000000" />
  <attribute name="IntegralI" value="-85.000000" />
  <attribute name="IntegralH" value="-85.000000" />
  <attribute name="DerivativeT" value="-0.294118" />
  <attribute name="DerivativeI" value="-0.294118" />
  <attribute name="DerivativeH" value="-0.294118" />
  <attribute name="Loop Time for DT" value="17.000000" />
  <attribute name="Output H" value="2092630016"/>
  <attribute name="Output I" value="200"/>
  <attribute name="Output T" value="4"/>
  <attribute name="Target GC Util Change" value ="20.000000" />
  <attribute name="Current GC Util Change" value="15.000000"/>
  <attribute name="GC Util currently" value="15" />
  <attribute name="CPU Util currently" value="270032260310" />
<allocation-satisfied id="1363" threadId="0000000000DE1500" bytesRequested="24" />
<af-end id="1364" timestamp="2019-06-17T06:04:31.991" threadId="0000000000DE1E88" success="true" from="nursery"/>
<exclusive-end id="1365" timestamp="2019-06-17T06:04:31.991" durationms="3.374" />

<exclusive-start id="1366" timestamp="2019-06-17T06:04:31.992" intervalms="4.071">
  <response-info timems="0.063" idlems="0.041" threads="1" lastid="0000000000DE1500" lastname="Thread-9" />
</exclusive-start>
<concurrent-collection-start id="1367" timestamp="2019-06-17T06:04:31.992" intervalms="87.512" >
  <concurrent-trace-info reason="card cleaning threshold reached" tracedByMutators="1818104" tracedByHelpers="950944" cardsCleaned="627" workStackOverflowCount="0" />
</concurrent-collection-start>
<gc-start id="1368" type="global" contextid="1339" timestamp="2019-06-17T06:04:31.992">
  <mem-info id="1369" free="18409192" total="26345472" percent="69">
    <mem type="nursery" free="18196456" total="21495808" percent="84">
      <mem type="allocate" free="18196456" total="19267584" percent="94" />
      <mem type="survivor" free="0" total="2228224" percent="0" />
    </mem>
    <mem type="tenure" free="212736" total="4849664" percent="4">
      <mem type="soa" free="23296" total="4608000" percent="0" />
      <mem type="loa" free="189440" total="241664" percent="78" />
    </mem>
    <remembered-set count="4064" />
  </mem-info>
</gc-start>
<allocation-stats totalBytes="266264" >
  <allocated-bytes non-tlh="24" tlh="266240" />
  <largest-consumer threadName="Thread-8" threadId="0000000000DDD900" bytes="135168" />
</allocation-stats>
<gc-op id="1370" type="rs-scan" timems="0.793" contextid="1339" timestamp="2019-06-17T06:04:31.993">
  <scan objectsFound="4030" bytesTraced="456392" workStackOverflowCount="0" />
</gc-op>
<gc-op id="1371" type="card-cleaning" timems="0.302" contextid="1339" timestamp="2019-06-17T06:04:31.993">
  <card-cleaning cardsCleaned="2" bytesTraced="1960" workStackOverflowCount="0" />
</gc-op>
<gc-op id="1372" type="mark" timems="1.205" contextid="1339" timestamp="2019-06-17T06:04:31.995">
  <trace-info objectcount="11016" scancount="10984" scanbytes="540248" />
  <finalization candidates="124" enqueued="0" />
  <ownableSynchronizers candidates="3" cleared="0" />
  <references type="soft" candidates="84" cleared="0" enqueued="0" dynamicThreshold="3" maxThreshold="32" />
  <references type="weak" candidates="692" cleared="0" enqueued="0" />
  <references type="phantom" candidates="37" cleared="0" enqueued="0" />
  <stringconstants candidates="4597" cleared="0"  />
</gc-op>
<gc-op id="1373" type="sweep" timems="0.689" contextid="1339" timestamp="2019-06-17T06:04:31.995" />
<mem-info id="1374" free="19056008" total="26345472" percent="72">
  <mem type="nursery" free="18559776" total="21495808" percent="86">
    <mem type="allocate" free="18559776" total="19267584" percent="96" />
    <mem type="survivor" free="0" total="2228224" percent="0" />
  </mem>
  <mem type="tenure" free="496232" total="4849664" percent="10" micro-fragmented="0" macro-fragmented="0">
    <mem type="soa" free="254568" total="4608000" percent="5" />
    <mem type="loa" free="241664" total="241664" percent="100" />
  </mem>
  <remembered-set count="4064" />
</mem-info>
<gc-op id="1375" type="compact" timems="5.627" contextid="1339" timestamp="2019-06-17T06:04:32.001">
  <compact-info movecount="20968" movebytes="779152" reason="compact to aid heap contraction" />
</gc-op>
<heap-resize id="1376" type="contract" space="tenure" amount="196608" count="1" timems="0.086" reason="heap reconfiguration" timestamp="2019-06-17T06:04:32.002" />
<gc-end id="1377" type="global" contextid="1339" durationms="10.008" usertimems="16.000" systemtimems="0.000" timestamp="2019-06-17T06:04:32.002" activeThreads="4">
  <mem-info id="1378" free="18821192" total="26148864" percent="71">
    <mem type="nursery" free="18566624" total="21495808" percent="86">
      <mem type="allocate" free="18566624" total="19267584" percent="96" />
      <mem type="survivor" free="0" total="2228224" percent="0" />
    </mem>
    <mem type="tenure" free="254568" total="4653056" percent="5">
      <mem type="soa" free="67176" total="4420608" percent="1" />
      <mem type="loa" free="187392" total="232448" percent="80" />
    </mem>
    <remembered-set count="4064" />
  </mem-info>
</gc-end>
<cycle-end id="1379" type="global" contextid="1339" timestamp="2019-06-17T06:04:32.002" />
  <attribute name="elasticGC enabled" value="1" />
  <attribute name= "numThreadsSpecified" value="4" />
  <attribute name="heapSize specified" value="26345472" />
  <attribute name="Current GC Util" value="97" />
  <attribute name= "Current Time Running" value="1666" />
  <attribute name ="GC Interval" value="200" />
  <attribute name="ProportionalT" value="77.000000" />
  <attribute name="ProportionalI" value="77.000000" />
  <attribute name="ProportionalH" value="77.000000" />
  <attribute name="Current Error" value="77.000000" />
  <attribute name="IntegralT" value="385.000000" />
  <attribute name="IntegralI" value="385.000000" />
  <attribute name="IntegralH" value="385.000000" />
  <attribute name="DerivativeT" value="-20.600000" />
  <attribute name="DerivativeI" value="-20.600000" />
  <attribute name="DerivativeH" value="-20.600000" />
  <attribute name="Loop Time for DT" value="5.000000" />
  <attribute name="Output H" value="8388608"/>
  <attribute name="Output I" value="448"/>
  <attribute name="Output T" value="4"/>
  <attribute name="Target GC Util Change" value ="20.000000" />
  <attribute name="Current GC Util Change" value="97.000000"/>
  <attribute name="GC Util currently" value="97" />
  <attribute name="CPU Util currently" value="800261058522" />
<concurrent-collection-end id="1380" timestamp="2019-06-17T06:04:32.002" />
<exclusive-end id="1381" timestamp="2019-06-17T06:04:32.002" durationms="10.635" />

<concurrent-kickoff id="1382" timestamp="2019-06-17T06:04:32.013">
  <kickoff reason="threshold reached" targetBytes="2062790" thresholdFreeBytes="289421"  remainingFree="171488" tenureFreeBytes="254568" nurseryFreeBytes="171488" />
</concurrent-kickoff>
<exclusive-start id="1383" timestamp="2019-06-17T06:04:32.013" intervalms="21.439">
  <response-info timems="0.070" idlems="0.069" threads="1" lastid="0000000000DD9D00" lastname="Thread-10" />
</exclusive-start>
<cycle-start id="1384" type="global" contextid="0" timestamp="2019-06-17T06:04:32.013" intervalms="43.189" />
<exclusive-end id="1385" timestamp="2019-06-17T06:04:32.013" durationms="0.194" />

<exclusive-start id="1386" timestamp="2019-06-17T06:04:32.014" intervalms="0.667">
  <response-info timems="0.031" idlems="0.031" threads="0" lastid="0000000000DD9D00" lastname="Thread-10" />
</exclusive-start>
<af-start id="1387" threadId="0000000000DDA688" totalBytesRequested="40" timestamp="2019-06-17T06:04:32.014" intervalms="26.165" type="nursery" />
<cycle-start id="1388" type="scavenge" contextid="0" timestamp="2019-06-17T06:04:32.014" intervalms="26.177" />
<gc-start id="1389" type="scavenge" contextid="1388" timestamp="2019-06-17T06:04:32.014">
  <mem-info id="1390" free="254568" total="26148864" percent="0">
    <mem type="nursery" free="0" total="21495808" percent="0">
      <mem type="allocate" free="0" total="19267584" percent="0" />
      <mem type="survivor" free="0" total="2228224" percent="0" />
    </mem>
    <mem type="tenure" free="254568" total="4653056" percent="5">
      <mem type="soa" free="67176" total="4420608" percent="1" />
      <mem type="loa" free="187392" total="232448" percent="80" />
    </mem>
    <remembered-set count="4288" />
  </mem-info>
</gc-start>
<allocation-stats totalBytes="18564208" >
  <allocated-bytes non-tlh="0" tlh="18564208" />
  <largest-consumer threadName="Thread-8" threadId="0000000000DDD900" bytes="6511200" />
</allocation-stats>
<gc-op id="1391" type="scavenge" timems="1.847" contextid="1388" timestamp="2019-06-17T06:04:32.016">
  <scavenger-info tenureage="3" tenuremask="ffe8" tiltratio="89" />
  <memory-copied type="nursery" objects="26270" bytes="1044056" bytesdiscarded="146200" />
  <memory-copied type="tenure" objects="802" bytes="19248" bytesdiscarded="0" />
  <copy-failed type="tenure" objects="450" bytes="10800" />
  <ownableSynchronizers candidates="6" cleared="6" />
</gc-op>
<gc-end id="1392" type="scavenge" contextid="1388" durationms="2.077" usertimems="0.000" systemtimems="8.000" timestamp="2019-06-17T06:04:32.016" activeThreads="4">
  <mem-info id="1393" free="18330256" total="26148864" percent="70">
    <mem type="nursery" free="18142864" total="21495808" percent="84">
      <mem type="allocate" free="18142864" total="19333120" percent="93" />
      <mem type="survivor" free="0" total="2162688" percent="0" />
    </mem>
    <mem type="tenure" free="187392" total="4653056" percent="4">
      <mem type="soa" free="0" total="4420608" percent="0" />
      <mem type="loa" free="187392" total="232448" percent="80" />
    </mem>
    <remembered-set count="3483" />
  </mem-info>
</gc-end>
<cycle-end id="1394" type="scavenge" contextid="1388" timestamp="2019-06-17T06:04:32.016" />
  <attribute name="elasticGC enabled" value="1" />
  <attribute name= "numThreadsSpecified" value="4" />
  <attribute name="heapSize specified" value="26345472" />
  <attribute name="Current GC Util" value="50" />
  <attribute name= "Current Time Running" value="1679" />
  <attribute name ="GC Interval" value="416" />
  <attribute name="ProportionalT" value="30.000000" />
  <attribute name="ProportionalI" value="30.000000" />
  <attribute name="ProportionalH" value="30.000000" />
  <attribute name="Current Error" value="30.000000" />
  <attribute name="IntegralT" value="390.000000" />
  <attribute name="IntegralI" value="390.000000" />
  <attribute name="IntegralH" value="390.000000" />
  <attribute name="DerivativeT" value="-3.615385" />
  <attribute name="DerivativeI" value="-3.615385" />
  <attribute name="DerivativeH" value="-3.615385" />
  <attribute name="Loop Time for DT" value="13.000000" />
  <attribute name="Output H" value="8388608"/>
  <attribute name="Output I" value="416"/>
  <attribute name="Output T" value="4"/>
  <attribute name="Target GC Util Change" value ="20.000000" />
  <attribute name="Current GC Util Change" value="50.000000"/>
  <attribute name="GC Util currently" value="50" />
  <attribute name="CPU Util currently" value="359893380147" />
<allocation-satisfied id="1395" threadId="0000000000DD9D00" bytesRequested="40" />
<af-end id="1396" timestamp="2019-06-17T06:04:32.016" threadId="0000000000DDA688" success="true" from="nursery"/>
<exclusive-end id="1397" timestamp="2019-06-17T06:04:32.016" durationms="2.636" />

<exclusive-start id="1398" timestamp="2019-06-17T06:04:32.028" intervalms="13.917">
  <response-info timems="0.041" idlems="0.041" threads="0" lastid="0000000000DE1500" lastname="Thread-9" />
</exclusive-start>
<af-start id="1399" threadId="0000000000DE1E88" totalBytesRequested="40" timestamp="2019-06-17T06:04:32.028" intervalms="13.948" type="nursery" />
<percolate-collect id="1400" from="nursery" to="global" reason="failed tenure threshold reached" timestamp="2019-06-17T06:04:32.028"/>
<gc-start id="1401" type="global" contextid="1384" timestamp="2019-06-17T06:04:32.028">
  <mem-info id="1402" free="187392" total="26148864" percent="0">
    <mem type="nursery" free="0" total="21495808" percent="0">
      <mem type="allocate" free="0" total="19333120" percent="0" />
      <mem type="survivor" free="0" total="2162688" percent="0" />
    </mem>
    <mem type="tenure" free="187392" total="4653056" percent="4">
      <mem type="soa" free="0" total="4420608" percent="0" />
      <mem type="loa" free="187392" total="232448" percent="80" />
    </mem>
    <remembered-set count="3772" />
  </mem-info>
</gc-start>
<allocation-stats totalBytes="18140600" >
  <allocated-bytes non-tlh="40" tlh="18140560" />
  <largest-consumer threadName="Thread-9" threadId="0000000000DE1500" bytes="6061416" />
</allocation-stats>
<concurrent-halted id="1403" timestamp="2019-06-17T06:04:32.028">
  <halted state="Class scanning incomplete" status="clean trace" />
  <traced bytesTarget="2062790" bytesTotal="871992" bytesByMutator="499564" bytesByHelper="372428" percent="42" />
  <cards cleaned="0" thresholdBytes="114014" />
</concurrent-halted>
<gc-op id="1404" type="tracing" timems="0.332" contextid="1384" timestamp="2019-06-17T06:04:32.029">
  <trace bytesTraced="64756" workStackOverflowCount="0" />
</gc-op>
<gc-op id="1405" type="rs-scan" timems="0.534" contextid="1384" timestamp="2019-06-17T06:04:32.029">
  <scan objectsFound="936" bytesTraced="88852" workStackOverflowCount="0" />
</gc-op>
<gc-op id="1406" type="card-cleaning" timems="0.286" contextid="1384" timestamp="2019-06-17T06:04:32.030">
  <card-cleaning cardsCleaned="97" bytesTraced="80932" workStackOverflowCount="0" />
</gc-op>
<gc-op id="1407" type="mark" timems="1.758" contextid="1384" timestamp="2019-06-17T06:04:32.032">
  <trace-info objectcount="41946" scancount="37618" scanbytes="1443056" />
  <finalization candidates="124" enqueued="0" />
  <ownableSynchronizers candidates="3" cleared="0" />
  <references type="soft" candidates="84" cleared="0" enqueued="0" dynamicThreshold="1" maxThreshold="32" />
  <references type="weak" candidates="692" cleared="0" enqueued="0" />
  <references type="phantom" candidates="37" cleared="0" enqueued="0" />
  <stringconstants candidates="4597" cleared="0"  />
</gc-op>
<gc-op id="1408" type="sweep" timems="0.770" contextid="1384" timestamp="2019-06-17T06:04:32.032" />
<mem-info id="1409" free="19516992" total="26148864" percent="74">
  <mem type="nursery" free="18249160" total="21495808" percent="84">
    <mem type="allocate" free="18249160" total="19333120" percent="94" />
    <mem type="survivor" free="0" total="2162688" percent="0" />
  </mem>
  <mem type="tenure" free="1267832" total="4653056" percent="27" micro-fragmented="27101" macro-fragmented="0">
    <mem type="soa" free="1035384" total="4420608" percent="23" />
    <mem type="loa" free="232448" total="232448" percent="100" />
  </mem>
  <remembered-set count="1634" />
</mem-info>
<gc-op id="1410" type="compact" timems="3.644" contextid="1384" timestamp="2019-06-17T06:04:32.036">
  <compact-info movecount="31853" movebytes="1317056" reason="compact to aid heap contraction" />
</gc-op>
<heap-resize id="1411" type="contract" space="tenure" amount="196608" count="1" timems="0.070" reason="heap reconfiguration" timestamp="2019-06-17T06:04:32.037" />
<gc-end id="1412" type="global" contextid="1384" durationms="8.879" usertimems="20.000" systemtimems="0.000" timestamp="2019-06-17T06:04:32.037" activeThreads="4">
  <mem-info id="1413" free="19426928" total="25952256" percent="74">
    <mem type="nursery" free="18332384" total="21495808" percent="85">
      <mem type="allocate" free="18332384" total="19333120" percent="94" />
      <mem type="survivor" free="0" total="2162688" percent="0" />
    </mem>
    <mem type="tenure" free="1094544" total="4456448" percent="24">
      <mem type="soa" free="908176" total="4234240" percent="21" />
      <mem type="loa" free="186368" total="222208" percent="83" />
    </mem>
    <remembered-set count="1634" />
  </mem-info>
</gc-end>
<cycle-end id="1414" type="global" contextid="1384" timestamp="2019-06-17T06:04:32.037" />
  <attribute name="elasticGC enabled" value="1" />
  <attribute name= "numThreadsSpecified" value="4" />
  <attribute name="heapSize specified" value="26148864" />
  <attribute name="Current GC Util" value="205" />
  <attribute name= "Current Time Running" value="1701" />
  <attribute name ="GC Interval" value="416" />
  <attribute name="ProportionalT" value="185.000000" />
  <attribute name="ProportionalI" value="185.000000" />
  <attribute name="ProportionalH" value="185.000000" />
  <attribute name="Current Error" value="185.000000" />
  <attribute name="IntegralT" value="555.000000" />
  <attribute name="IntegralI" value="555.000000" />
  <attribute name="IntegralH" value="555.000000" />
  <attribute name="DerivativeT" value="16.333333" />
  <attribute name="DerivativeI" value="16.333333" />
  <attribute name="DerivativeH" value="16.333333" />
  <attribute name="Loop Time for DT" value="3.000000" />
  <attribute name="Output H" value="8388608"/>
  <attribute name="Output I" value="760"/>
  <attribute name="Output T" value="4"/>
  <attribute name="Target GC Util Change" value ="20.000000" />
  <attribute name="Current GC Util Change" value="205.000000"/>
  <attribute name="GC Util currently" value="205" />
  <attribute name="CPU Util currently" value="1222092875332" />
<allocation-satisfied id="1415" threadId="0000000000DE1500" bytesRequested="40" />
<af-end id="1416" timestamp="2019-06-17T06:04:32.037" threadId="0000000000DE1E88" success="true" from="nursery"/>
<exclusive-end id="1417" timestamp="2019-06-17T06:04:32.038" durationms="9.757" />

<exclusive-start id="1418" timestamp="2019-06-17T06:04:32.046" intervalms="18.732">
  <response-info timems="0.023" idlems="0.023" threads="0" lastid="0000000000DE1500" lastname="Thread-9" />
</exclusive-start>
<af-start id="1419" threadId="0000000000DE1E88" totalBytesRequested="40" timestamp="2019-06-17T06:04:32.047" intervalms="18.700" type="nursery" />
<cycle-start id="1420" type="scavenge" contextid="0" timestamp="2019-06-17T06:04:32.047" intervalms="32.637" />
<gc-start id="1421" type="scavenge" contextid="1420" timestamp="2019-06-17T06:04:32.047">
  <mem-info id="1422" free="1094544" total="25952256" percent="4">
    <mem type="nursery" free="0" total="21495808" percent="0">
      <mem type="allocate" free="0" total="19333120" percent="0" />
      <mem type="survivor" free="0" total="2162688" percent="0" />
    </mem>
    <mem type="tenure" free="1094544" total="4456448" percent="24">
      <mem type="soa" free="908176" total="4234240" percent="21" />
      <mem type="loa" free="186368" total="222208" percent="83" />
    </mem>
    <remembered-set count="1966" />
  </mem-info>
</gc-start>
<allocation-stats totalBytes="18330208" >
  <allocated-bytes non-tlh="40" tlh="18330168" />
  <largest-consumer threadName="Thread-8" threadId="0000000000DDD900" bytes="5209472" />
</allocation-stats>
<gc-op id="1423" type="scavenge" timems="1.273" contextid="1420" timestamp="2019-06-17T06:04:32.048">
  <scavenger-info tenureage="3" tenuremask="fff8" tiltratio="89" />
  <memory-copied type="nursery" objects="21228" bytes="923288" bytesdiscarded="121960" />
  <memory-copied type="tenure" objects="789" bytes="18936" bytesdiscarded="0" />
  <ownableSynchronizers candidates="6" cleared="6" />
</gc-op>
<gc-end id="1424" type="scavenge" contextid="1420" durationms="1.465" usertimems="0.000" systemtimems="0.000" timestamp="2019-06-17T06:04:32.048" activeThreads="4">
  <mem-info id="1425" free="19343248" total="25952256" percent="74">
    <mem type="nursery" free="18287872" total="21495808" percent="85">
      <mem type="allocate" free="18287872" total="19333120" percent="94" />
      <mem type="survivor" free="0" total="2162688" percent="0" />
    </mem>
    <mem type="tenure" free="1055376" total="4456448" percent="23">
      <mem type="soa" free="869008" total="4234240" percent="20" />
      <mem type="loa" free="186368" total="222208" percent="83" />
    </mem>
    <remembered-set count="1177" />
  </mem-info>
</gc-end>
<cycle-end id="1426" type="scavenge" contextid="1420" timestamp="2019-06-17T06:04:32.048" />
  <attribute name="elasticGC enabled" value="1" />
  <attribute name= "numThreadsSpecified" value="4" />
  <attribute name="heapSize specified" value="26148864" />
  <attribute name="Current GC Util" value="41" />
  <attribute name= "Current Time Running" value="1712" />
  <attribute name ="GC Interval" value="240" />
  <attribute name="ProportionalT" value="21.000000" />
  <attribute name="ProportionalI" value="21.000000" />
  <attribute name="ProportionalH" value="21.000000" />
  <attribute name="Current Error" value="21.000000" />
  <attribute name="IntegralT" value="231.000000" />
  <attribute name="IntegralI" value="231.000000" />
  <attribute name="IntegralH" value="231.000000" />
  <attribute name="DerivativeT" value="-14.909091" />
  <attribute name="DerivativeI" value="-14.909091" />
  <attribute name="DerivativeH" value="-14.909091" />
  <attribute name="Loop Time for DT" value="11.000000" />
  <attribute name="Output H" value="8388608"/>
  <attribute name="Output I" value="240"/>
  <attribute name="Output T" value="4"/>
  <attribute name="Target GC Util Change" value ="20.000000" />
  <attribute name="Current GC Util Change" value="41.000000"/>
  <attribute name="GC Util currently" value="41" />
  <attribute name="CPU Util currently" value="445868446797" />
<allocation-satisfied id="1427" threadId="0000000000DE1500" bytesRequested="40" />
<af-end id="1428" timestamp="2019-06-17T06:04:32.049" threadId="0000000000DE1E88" success="true" from="nursery"/>
<exclusive-end id="1429" timestamp="2019-06-17T06:04:32.049" durationms="2.121" />

<exclusive-start id="1430" timestamp="2019-06-17T06:04:32.058" intervalms="11.665">
  <response-info timems="0.022" idlems="0.022" threads="0" lastid="0000000000DE1500" lastname="Thread-9" />
</exclusive-start>
<af-start id="1431" threadId="0000000000DE1E88" totalBytesRequested="40" timestamp="2019-06-17T06:04:32.058" intervalms="11.664" type="nursery" />
<cycle-start id="1432" type="scavenge" contextid="0" timestamp="2019-06-17T06:04:32.058" intervalms="11.661" />
<gc-start id="1433" type="scavenge" contextid="1432" timestamp="2019-06-17T06:04:32.058">
  <mem-info id="1434" free="1055376" total="25952256" percent="4">
    <mem type="nursery" free="0" total="21495808" percent="0">
      <mem type="allocate" free="0" total="19333120" percent="0" />
      <mem type="survivor" free="0" total="2162688" percent="0" />
    </mem>
    <mem type="tenure" free="1055376" total="4456448" percent="23">
      <mem type="soa" free="869008" total="4234240" percent="20" />
      <mem type="loa" free="186368" total="222208" percent="83" />
    </mem>
    <remembered-set count="1426" />
  </mem-info>
</gc-start>
<allocation-stats totalBytes="18285832" >
  <allocated-bytes non-tlh="40" tlh="18285792" />
  <largest-consumer threadName="Thread-7" threadId="0000000000DE5100" bytes="4816504" />
</allocation-stats>
<gc-op id="1435" type="scavenge" timems="1.417" contextid="1432" timestamp="2019-06-17T06:04:32.060">
  <scavenger-info tenureage="6" tenuremask="ffc0" tiltratio="89" />
  <memory-copied type="nursery" objects="28731" bytes="1240720" bytesdiscarded="103136" />
</gc-op>
<heap-resize id="1436" type="expand" space="nursery" amount="1179648" count="1" timems="0.016" reason="excessive time being spent scavenging" timestamp="2019-06-17T06:04:32.060" />
<gc-end id="1437" type="scavenge" contextid="1432" durationms="1.698" usertimems="4.000" systemtimems="0.000" timestamp="2019-06-17T06:04:32.060" activeThreads="4">
  <mem-info id="1438" free="20093216" total="27131904" percent="74">
    <mem type="nursery" free="19037840" total="22675456" percent="83">
      <mem type="allocate" free="19037840" total="20381696" percent="93" />
      <mem type="survivor" free="0" total="2293760" percent="0" />
    </mem>
    <mem type="tenure" free="1055376" total="4456448" percent="23">
      <mem type="soa" free="869008" total="4234240" percent="20" />
      <mem type="loa" free="186368" total="222208" percent="83" />
    </mem>
    <remembered-set count="1426" />
  </mem-info>
</gc-end>
<cycle-end id="1439" type="scavenge" contextid="1432" timestamp="2019-06-17T06:04:32.060" />
  <attribute name="elasticGC enabled" value="1" />
  <attribute name= "numThreadsSpecified" value="4" />
  <attribute name="heapSize specified" value="26148864" />
  <attribute name="Current GC Util" value="28" />
  <attribute name= "Current Time Running" value="1723" />
  <attribute name ="GC Interval" value="200" />
  <attribute name="ProportionalT" value="8.000000" />
  <attribute name="ProportionalI" value="8.000000" />
  <attribute name="ProportionalH" value="8.000000" />
  <attribute name="Current Error" value="8.000000" />
  <attribute name="IntegralT" value="88.000000" />
  <attribute name="IntegralI" value="88.000000" />
  <attribute name="IntegralH" value="88.000000" />
  <attribute name="DerivativeT" value="-1.181818" />
  <attribute name="DerivativeI" value="-1.181818" />
  <attribute name="DerivativeH" value="-1.181818" />
  <attribute name="Loop Time for DT" value="11.000000" />
  <attribute name="Output H" value="8388608"/>
  <attribute name="Output I" value="200"/>
  <attribute name="Output T" value="4"/>
  <attribute name="Target GC Util Change" value ="20.000000" />
  <attribute name="Current GC Util Change" value="28.000000"/>
  <attribute name="GC Util currently" value="28" />
  <attribute name="CPU Util currently" value="395664214071" />
<allocation-satisfied id="1440" threadId="0000000000DE1500" bytesRequested="40" />
<af-end id="1441" timestamp="2019-06-17T06:04:32.060" threadId="0000000000DE1E88" success="true" from="nursery"/>
<exclusive-end id="1442" timestamp="2019-06-17T06:04:32.060" durationms="2.278" />

<exclusive-start id="1443" timestamp="2019-06-17T06:04:32.070" intervalms="11.465">
  <response-info timems="0.022" idlems="0.022" threads="0" lastid="0000000000DD9D00" lastname="Thread-10" />
</exclusive-start>
<af-start id="1444" threadId="0000000000DDA688" totalBytesRequested="24" timestamp="2019-06-17T06:04:32.070" intervalms="11.476" type="nursery" />
<cycle-start id="1445" type="scavenge" contextid="0" timestamp="2019-06-17T06:04:32.070" intervalms="11.472" />
<gc-start id="1446" type="scavenge" contextid="1445" timestamp="2019-06-17T06:04:32.070">
  <mem-info id="1447" free="1055376" total="27131904" percent="3">
    <mem type="nursery" free="0" total="22675456" percent="0">
      <mem type="allocate" free="0" total="20381696" percent="0" />
      <mem type="survivor" free="0" total="2293760" percent="0" />
    </mem>
    <mem type="tenure" free="1055376" total="4456448" percent="23">
      <mem type="soa" free="869008" total="4234240" percent="20" />
      <mem type="loa" free="186368" total="222208" percent="83" />
    </mem>
    <remembered-set count="1426" />
  </mem-info>
</gc-start>
<allocation-stats totalBytes="19035688" >
  <allocated-bytes non-tlh="40" tlh="19035648" />
  <largest-consumer threadName="Thread-7" threadId="0000000000DE5100" bytes="5503968" />
</allocation-stats>
<gc-op id="1448" type="scavenge" timems="0.938" contextid="1445" timestamp="2019-06-17T06:04:32.071">
  <scavenger-info tenureage="3" tenuremask="fff8" tiltratio="89" />
  <memory-copied type="nursery" objects="17693" bytes="700992" bytesdiscarded="243648" />
  <memory-copied type="tenure" objects="12620" bytes="577632" bytesdiscarded="72" />
</gc-op>
<heap-resize id="1449" type="expand" space="nursery" amount="917504" count="1" timems="0.021" reason="excessive time being spent scavenging" timestamp="2019-06-17T06:04:32.071" />
<gc-end id="1450" type="scavenge" contextid="1445" durationms="1.324" usertimems="4.000" systemtimems="0.000" timestamp="2019-06-17T06:04:32.071" activeThreads="4">
  <mem-info id="1451" free="20538656" total="28049408" percent="73">
    <mem type="nursery" free="20223488" total="23592960" percent="85">
      <mem type="allocate" free="20223488" total="21168128" percent="95" />
      <mem type="survivor" free="0" total="2424832" percent="0" />
    </mem>
    <mem type="tenure" free="315168" total="4456448" percent="7">
      <mem type="soa" free="128800" total="4234240" percent="3" />
      <mem type="loa" free="186368" total="222208" percent="83" />
    </mem>
    <remembered-set count="5971" />
  </mem-info>
</gc-end>
<cycle-end id="1452" type="scavenge" contextid="1445" timestamp="2019-06-17T06:04:32.071" />
  <attribute name="elasticGC enabled" value="1" />
  <attribute name= "numThreadsSpecified" value="4" />
  <attribute name="heapSize specified" value="26148864" />
  <attribute name="Current GC Util" value="30" />
  <attribute name= "Current Time Running" value="1735" />
  <attribute name ="GC Interval" value="200" />
  <attribute name="ProportionalT" value="10.000000" />
  <attribute name="ProportionalI" value="10.000000" />
  <attribute name="ProportionalH" value="10.000000" />
  <attribute name="Current Error" value="10.000000" />
  <attribute name="IntegralT" value="120.000000" />
  <attribute name="IntegralI" value="120.000000" />
  <attribute name="IntegralH" value="120.000000" />
  <attribute name="DerivativeT" value="0.166667" />
  <attribute name="DerivativeI" value="0.166667" />
  <attribute name="DerivativeH" value="0.166667" />
  <attribute name="Loop Time for DT" value="12.000000" />
  <attribute name="Output H" value="8388608"/>
  <attribute name="Output I" value="200"/>
  <attribute name="Output T" value="4"/>
  <attribute name="Target GC Util Change" value ="20.000000" />
  <attribute name="Current GC Util Change" value="30.000000"/>
  <attribute name="GC Util currently" value="30" />
  <attribute name="CPU Util currently" value="398441859128" />
<allocation-satisfied id="1453" threadId="0000000000DD9D00" bytesRequested="24" />
<af-end id="1454" timestamp="2019-06-17T06:04:32.071" threadId="0000000000DDA688" success="true" from="nursery"/>
<exclusive-end id="1455" timestamp="2019-06-17T06:04:32.071" durationms="1.847" />

<concurrent-kickoff id="1456" timestamp="2019-06-17T06:04:32.084">
  <kickoff reason="threshold reached" targetBytes="1762151" thresholdFreeBytes="248790"  remainingFree="243200" tenureFreeBytes="315168" nurseryFreeBytes="243200" />
</concurrent-kickoff>
<exclusive-start id="1457" timestamp="2019-06-17T06:04:32.084" intervalms="14.407">
  <response-info timems="0.022" idlems="0.022" threads="0" lastid="0000000000DE5100" lastname="Thread-7" />
</exclusive-start>
<cycle-start id="1458" type="global" contextid="0" timestamp="2019-06-17T06:04:32.084" intervalms="70.858" />
<exclusive-end id="1459" timestamp="2019-06-17T06:04:32.084" durationms="0.231" />

<exclusive-start id="1460" timestamp="2019-06-17T06:04:32.085" intervalms="0.611">
  <response-info timems="0.020" idlems="0.020" threads="0" lastid="0000000000DE1500" lastname="Thread-9" />
</exclusive-start>
<af-start id="1461" threadId="0000000000DE1E88" totalBytesRequested="40" timestamp="2019-06-17T06:04:32.085" intervalms="15.065" type="nursery" />
<cycle-start id="1462" type="scavenge" contextid="0" timestamp="2019-06-17T06:04:32.085" intervalms="15.113" />
<gc-start id="1463" type="scavenge" contextid="1462" timestamp="2019-06-17T06:04:32.085">
  <mem-info id="1464" free="315168" total="28049408" percent="1">
    <mem type="nursery" free="0" total="23592960" percent="0">
      <mem type="allocate" free="0" total="21168128" percent="0" />
      <mem type="survivor" free="0" total="2424832" percent="0" />
    </mem>
    <mem type="tenure" free="315168" total="4456448" percent="7">
      <mem type="soa" free="128800" total="4234240" percent="3" />
      <mem type="loa" free="186368" total="222208" percent="83" />
    </mem>
    <remembered-set count="6437" />
  </mem-info>
</gc-start>
<allocation-stats totalBytes="20221000" >
  <allocated-bytes non-tlh="24" tlh="20220976" />
  <largest-consumer threadName="Thread-7" threadId="0000000000DE5100" bytes="5995920" />
</allocation-stats>
<gc-op id="1465" type="scavenge" timems="1.124" contextid="1462" timestamp="2019-06-17T06:04:32.086">
  <scavenger-info tenureage="3" tenuremask="ffc8" tiltratio="89" />
  <memory-copied type="nursery" objects="18820" bytes="772888" bytesdiscarded="98648" />
  <memory-copied type="tenure" objects="6047" bytes="237600" bytesdiscarded="24" />
  <copy-failed type="tenure" objects="2230" bytes="98424" />
</gc-op>
<gc-end id="1466" type="scavenge" contextid="1462" durationms="1.393" usertimems="0.000" systemtimems="0.000" timestamp="2019-06-17T06:04:32.086" activeThreads="4">
  <mem-info id="1467" free="20548496" total="28049408" percent="73">
    <mem type="nursery" free="20362128" total="23592960" percent="86">
      <mem type="allocate" free="20362128" total="21233664" percent="95" />
      <mem type="survivor" free="0" total="2359296" percent="0" />
    </mem>
    <mem type="tenure" free="186368" total="4456448" percent="4">
      <mem type="soa" free="0" total="4234240" percent="0" />
      <mem type="loa" free="186368" total="222208" percent="83" />
    </mem>
    <remembered-set count="3834" />
  </mem-info>
</gc-end>
<cycle-end id="1468" type="scavenge" contextid="1462" timestamp="2019-06-17T06:04:32.087" />
  <attribute name="elasticGC enabled" value="1" />
  <attribute name= "numThreadsSpecified" value="4" />
  <attribute name="heapSize specified" value="26148864" />
  <attribute name="Current GC Util" value="22" />
  <attribute name= "Current Time Running" value="1750" />
  <attribute name ="GC Interval" value="200" />
  <attribute name="ProportionalT" value="2.000000" />
  <attribute name="ProportionalI" value="2.000000" />
  <attribute name="ProportionalH" value="2.000000" />
  <attribute name="Current Error" value="2.000000" />
  <attribute name="IntegralT" value="30.000000" />
  <attribute name="IntegralI" value="30.000000" />
  <attribute name="IntegralH" value="30.000000" />
  <attribute name="DerivativeT" value="-0.533333" />
  <attribute name="DerivativeI" value="-0.533333" />
  <attribute name="DerivativeH" value="-0.533333" />
  <attribute name="Loop Time for DT" value="15.000000" />
  <attribute name="Output H" value="8388608"/>
  <attribute name="Output I" value="200"/>
  <attribute name="Output T" value="4"/>
  <attribute name="Target GC Util Change" value ="20.000000" />
  <attribute name="Current GC Util Change" value="22.000000"/>
  <attribute name="GC Util currently" value="22" />
  <attribute name="CPU Util currently" value="303898849435" />
<allocation-satisfied id="1469" threadId="0000000000DE1500" bytesRequested="40" />
<af-end id="1470" timestamp="2019-06-17T06:04:32.087" threadId="0000000000DE1E88" success="true" from="nursery"/>
<exclusive-end id="1471" timestamp="2019-06-17T06:04:32.087" durationms="2.064" />

<exclusive-start id="1472" timestamp="2019-06-17T06:04:32.099" intervalms="14.452">
  <response-info timems="0.022" idlems="0.022" threads="1" lastid="0000000000DD9D00" lastname="Thread-10" />
</exclusive-start>
<af-start id="1473" threadId="0000000000DE1E88" totalBytesRequested="40" timestamp="2019-06-17T06:04:32.099" intervalms="14.397" type="nursery" />
<percolate-collect id="1474" from="nursery" to="global" reason="failed tenure threshold reached" timestamp="2019-06-17T06:04:32.099"/>
<gc-start id="1475" type="global" contextid="1458" timestamp="2019-06-17T06:04:32.099">
  <mem-info id="1476" free="186368" total="28049408" percent="0">
    <mem type="nursery" free="0" total="23592960" percent="0">
      <mem type="allocate" free="0" total="21233664" percent="0" />
      <mem type="survivor" free="0" total="2359296" percent="0" />
    </mem>
    <mem type="tenure" free="186368" total="4456448" percent="4">
      <mem type="soa" free="0" total="4234240" percent="0" />
      <mem type="loa" free="186368" total="222208" percent="83" />
    </mem>
    <remembered-set count="4195" />
  </mem-info>
</gc-start>
<allocation-stats totalBytes="20359800" >
  <allocated-bytes non-tlh="40" tlh="20359760" />
  <largest-consumer threadName="Thread-9" threadId="0000000000DE1500" bytes="5995912" />
</allocation-stats>
<concurrent-halted id="1477" timestamp="2019-06-17T06:04:32.100">
  <halted state="Class scanning incomplete" status="clean trace" />
  <traced bytesTarget="1762151" bytesTotal="1449324" bytesByMutator="920896" bytesByHelper="528428" percent="82" />
  <cards cleaned="124" thresholdBytes="98008" />
</concurrent-halted>
<gc-op id="1478" type="rs-scan" timems="0.554" contextid="1458" timestamp="2019-06-17T06:04:32.100">
  <scan objectsFound="1255" bytesTraced="110292" workStackOverflowCount="0" />
</gc-op>
<gc-op id="1479" type="card-cleaning" timems="0.410" contextid="1458" timestamp="2019-06-17T06:04:32.101">
  <card-cleaning cardsCleaned="4" bytesTraced="6520" workStackOverflowCount="0" />
</gc-op>
<gc-op id="1480" type="mark" timems="1.244" contextid="1458" timestamp="2019-06-17T06:04:32.102">
  <trace-info objectcount="18429" scancount="18397" scanbytes="855860" />
  <finalization candidates="124" enqueued="0" />
  <ownableSynchronizers candidates="3" cleared="0" />
  <references type="soft" candidates="84" cleared="0" enqueued="0" dynamicThreshold="7" maxThreshold="32" />
  <references type="weak" candidates="692" cleared="0" enqueued="0" />
  <references type="phantom" candidates="37" cleared="0" enqueued="0" />
  <stringconstants candidates="4597" cleared="0"  />
</gc-op>
<gc-op id="1481" type="sweep" timems="0.745" contextid="1458" timestamp="2019-06-17T06:04:32.103" />
<mem-info id="1482" free="21451560" total="28049408" percent="76">
  <mem type="nursery" free="20482672" total="23592960" percent="86">
    <mem type="allocate" free="20482672" total="21233664" percent="96" />
    <mem type="survivor" free="0" total="2359296" percent="0" />
  </mem>
  <mem type="tenure" free="968888" total="4456448" percent="21" micro-fragmented="0" macro-fragmented="0">
    <mem type="soa" free="746680" total="4234240" percent="17" />
    <mem type="loa" free="222208" total="222208" percent="100" />
  </mem>
  <remembered-set count="1981" />
</mem-info>
<gc-op id="1483" type="compact" timems="4.664" contextid="1458" timestamp="2019-06-17T06:04:32.108">
  <compact-info movecount="26375" movebytes="1185464" reason="compact to aid heap contraction" />
</gc-op>
<heap-resize id="1484" type="contract" space="tenure" amount="196608" count="1" timems="0.095" reason="heap reconfiguration" timestamp="2019-06-17T06:04:32.109" />
<gc-end id="1485" type="global" contextid="1458" durationms="9.340" usertimems="16.000" systemtimems="0.000" timestamp="2019-06-17T06:04:32.109" activeThreads="4">
  <mem-info id="1486" free="21272696" total="27852800" percent="76">
    <mem type="nursery" free="20519848" total="23592960" percent="86">
      <mem type="allocate" free="20519848" total="21233664" percent="96" />
      <mem type="survivor" free="0" total="2359296" percent="0" />
    </mem>
    <mem type="tenure" free="752848" total="4259840" percent="17">
      <mem type="soa" free="565456" total="4046848" percent="13" />
      <mem type="loa" free="187392" total="212992" percent="87" />
    </mem>
    <remembered-set count="1981" />
  </mem-info>
</gc-end>
<cycle-end id="1487" type="global" contextid="1458" timestamp="2019-06-17T06:04:32.109" />
  <attribute name="elasticGC enabled" value="1" />
  <attribute name= "numThreadsSpecified" value="4" />
  <attribute name="heapSize specified" value="28049408" />
  <attribute name="Current GC Util" value="118" />
  <attribute name= "Current Time Running" value="1773" />
  <attribute name ="GC Interval" value="200" />
  <attribute name="ProportionalT" value="98.000000" />
  <attribute name="ProportionalI" value="98.000000" />
  <attribute name="ProportionalH" value="98.000000" />
  <attribute name="Current Error" value="98.000000" />
  <attribute name="IntegralT" value="490.000000" />
  <attribute name="IntegralI" value="490.000000" />
  <attribute name="IntegralH" value="490.000000" />
  <attribute name="DerivativeT" value="-8.000000" />
  <attribute name="DerivativeI" value="-8.000000" />
  <attribute name="DerivativeH" value="-8.000000" />
  <attribute name="Loop Time for DT" value="5.000000" />
  <attribute name="Output H" value="8388608"/>
  <attribute name="Output I" value="584"/>
  <attribute name="Output T" value="4"/>
  <attribute name="Target GC Util Change" value ="20.000000" />
  <attribute name="Current GC Util Change" value="118.000000"/>
  <attribute name="GC Util currently" value="118" />
  <attribute name="CPU Util currently" value="960461370994" />
<allocation-satisfied id="1488" threadId="0000000000DE1500" bytesRequested="40" />
<af-end id="1489" timestamp="2019-06-17T06:04:32.109" threadId="0000000000DE1E88" success="true" from="nursery"/>
<exclusive-end id="1490" timestamp="2019-06-17T06:04:32.109" durationms="10.219" />

<exclusive-start id="1491" timestamp="2019-06-17T06:04:32.120" intervalms="20.854">
  <response-info timems="0.034" idlems="0.034" threads="0" lastid="0000000000DE5100" lastname="Thread-7" />
</exclusive-start>
<af-start id="1492" threadId="0000000000DE5A88" totalBytesRequested="40" timestamp="2019-06-17T06:04:32.120" intervalms="20.910" type="nursery" />
<cycle-start id="1493" type="scavenge" contextid="0" timestamp="2019-06-17T06:04:32.120" intervalms="35.316" />
<gc-start id="1494" type="scavenge" contextid="1493" timestamp="2019-06-17T06:04:32.120">
  <mem-info id="1495" free="752848" total="27852800" percent="2">
    <mem type="nursery" free="0" total="23592960" percent="0">
      <mem type="allocate" free="0" total="21233664" percent="0" />
      <mem type="survivor" free="0" total="2359296" percent="0" />
    </mem>
    <mem type="tenure" free="752848" total="4259840" percent="17">
      <mem type="soa" free="565456" total="4046848" percent="13" />
      <mem type="loa" free="187392" total="212992" percent="87" />
    </mem>
    <remembered-set count="2469" />
  </mem-info>
</gc-start>
<allocation-stats totalBytes="20517280" >
  <allocated-bytes non-tlh="40" tlh="20517240" />
  <largest-consumer threadName="Thread-7" threadId="0000000000DE5100" bytes="5995688" />
</allocation-stats>
<gc-op id="1496" type="scavenge" timems="1.189" contextid="1493" timestamp="2019-06-17T06:04:32.122">
  <scavenger-info tenureage="3" tenuremask="fff8" tiltratio="90" />
  <memory-copied type="nursery" objects="11059" bytes="404304" bytesdiscarded="185520" />
  <memory-copied type="tenure" objects="7570" bytes="363960" bytesdiscarded="24" />
  <ownableSynchronizers candidates="6" cleared="6" />
</gc-op>
<gc-end id="1497" type="scavenge" contextid="1493" durationms="1.419" usertimems="4.000" systemtimems="0.000" timestamp="2019-06-17T06:04:32.122" activeThreads="4">
  <mem-info id="1498" free="20831232" total="27852800" percent="74">
    <mem type="nursery" free="20643840" total="23592960" percent="87">
      <mem type="allocate" free="20643840" total="21233664" percent="97" />
      <mem type="survivor" free="0" total="2359296" percent="0" />
    </mem>
    <mem type="tenure" free="187392" total="4259840" percent="4">
      <mem type="soa" free="0" total="4046848" percent="0" />
      <mem type="loa" free="187392" total="212992" percent="87" />
    </mem>
    <remembered-set count="3549" />
  </mem-info>
</gc-end>
<cycle-end id="1499" type="scavenge" contextid="1493" timestamp="2019-06-17T06:04:32.122" />
  <attribute name="elasticGC enabled" value="1" />
  <attribute name= "numThreadsSpecified" value="4" />
  <attribute name="heapSize specified" value="28049408" />
  <attribute name="Current GC Util" value="65" />
  <attribute name= "Current Time Running" value="1785" />
  <attribute name ="GC Interval" value="584" />
  <attribute name="ProportionalT" value="45.000000" />
  <attribute name="ProportionalI" value="45.000000" />
  <attribute name="ProportionalH" value="45.000000" />
  <attribute name="Current Error" value="45.000000" />
  <attribute name="IntegralT" value="540.000000" />
  <attribute name="IntegralI" value="540.000000" />
  <attribute name="IntegralH" value="540.000000" />
  <attribute name="DerivativeT" value="-4.416667" />
  <attribute name="DerivativeI" value="-4.416667" />
  <attribute name="DerivativeH" value="-4.416667" />
  <attribute name="Loop Time for DT" value="12.000000" />
  <attribute name="Output H" value="8388608"/>
  <attribute name="Output I" value="584"/>
  <attribute name="Output T" value="4"/>
  <attribute name="Target GC Util Change" value ="20.000000" />
  <attribute name="Current GC Util Change" value="65.000000"/>
  <attribute name="GC Util currently" value="65" />
  <attribute name="CPU Util currently" value="375114669746" />
<allocation-satisfied id="1500" threadId="0000000000DE5100" bytesRequested="40" />
<af-end id="1501" timestamp="2019-06-17T06:04:32.122" threadId="0000000000DE5A88" success="true" from="nursery"/>
<exclusive-end id="1502" timestamp="2019-06-17T06:04:32.122" durationms="2.203" />

<concurrent-kickoff id="1503" timestamp="2019-06-17T06:04:32.133">
  <kickoff reason="threshold reached" targetBytes="1652142" thresholdFreeBytes="233678"  remainingFree="196568" tenureFreeBytes="187392" nurseryFreeBytes="196568" />
</concurrent-kickoff>
<exclusive-start id="1504" timestamp="2019-06-17T06:04:32.133" intervalms="12.972">
  <response-info timems="0.059" idlems="0.033" threads="1" lastid="0000000000DE5100" lastname="Thread-7" />
</exclusive-start>
<cycle-start id="1505" type="global" contextid="0" timestamp="2019-06-17T06:04:32.133" intervalms="48.877" />
<exclusive-end id="1506" timestamp="2019-06-17T06:04:32.133" durationms="0.173" />

<exclusive-start id="1507" timestamp="2019-06-17T06:04:32.134" intervalms="0.645">
  <response-info timems="0.022" idlems="0.022" threads="1" lastid="0000000000DD9D00" lastname="Thread-10" />
</exclusive-start>
<af-start id="1508" threadId="0000000000DE1E88" totalBytesRequested="40" timestamp="2019-06-17T06:04:32.134" intervalms="13.559" type="nursery" />
<cycle-start id="1509" type="scavenge" contextid="0" timestamp="2019-06-17T06:04:32.134" intervalms="13.507" />
<gc-start id="1510" type="scavenge" contextid="1509" timestamp="2019-06-17T06:04:32.134">
  <mem-info id="1511" free="187392" total="27852800" percent="0">
    <mem type="nursery" free="0" total="23592960" percent="0">
      <mem type="allocate" free="0" total="21233664" percent="0" />
      <mem type="survivor" free="0" total="2359296" percent="0" />
    </mem>
    <mem type="tenure" free="187392" total="4259840" percent="4">
      <mem type="soa" free="0" total="4046848" percent="0" />
      <mem type="loa" free="187392" total="212992" percent="87" />
    </mem>
    <remembered-set count="4574" />
  </mem-info>
</gc-start>
<allocation-stats totalBytes="20641288" >
  <allocated-bytes non-tlh="40" tlh="20641248" />
  <largest-consumer threadName="Thread-9" threadId="0000000000DE1500" bytes="5799248" />
</allocation-stats>
<gc-op id="1512" type="scavenge" timems="0.727" contextid="1509" timestamp="2019-06-17T06:04:32.135">
  <scavenger-info tenureage="6" tenuremask="ffc0" tiltratio="90" />
  <memory-copied type="nursery" objects="13739" bytes="468328" bytesdiscarded="182936" />
</gc-op>
<heap-resize id="1513" type="expand" space="nursery" amount="1048576" count="1" timems="0.018" reason="excessive time being spent scavenging" timestamp="2019-06-17T06:04:32.135" />
<gc-end id="1514" type="scavenge" contextid="1509" durationms="1.162" usertimems="4.000" systemtimems="0.000" timestamp="2019-06-17T06:04:32.135" activeThreads="4">
  <mem-info id="1515" free="21687296" total="28901376" percent="75">
    <mem type="nursery" free="21499904" total="24641536" percent="87">
      <mem type="allocate" free="21499904" total="22151168" percent="97" />
      <mem type="survivor" free="0" total="2490368" percent="0" />
    </mem>
    <mem type="tenure" free="187392" total="4259840" percent="4">
      <mem type="soa" free="0" total="4046848" percent="0" />
      <mem type="loa" free="187392" total="212992" percent="87" />
    </mem>
    <remembered-set count="4574" />
  </mem-info>
</gc-end>
<cycle-end id="1516" type="scavenge" contextid="1509" timestamp="2019-06-17T06:04:32.135" />
  <attribute name="elasticGC enabled" value="1" />
  <attribute name= "numThreadsSpecified" value="4" />
  <attribute name="heapSize specified" value="28049408" />
  <attribute name="Current GC Util" value="23" />
  <attribute name= "Current Time Running" value="1799" />
  <attribute name ="GC Interval" value="200" />
  <attribute name="ProportionalT" value="3.000000" />
  <attribute name="ProportionalI" value="3.000000" />
  <attribute name="ProportionalH" value="3.000000" />
  <attribute name="Current Error" value="3.000000" />
  <attribute name="IntegralT" value="42.000000" />
  <attribute name="IntegralI" value="42.000000" />
  <attribute name="IntegralH" value="42.000000" />
  <attribute name="DerivativeT" value="-3.000000" />
  <attribute name="DerivativeI" value="-3.000000" />
  <attribute name="DerivativeH" value="-3.000000" />
  <attribute name="Loop Time for DT" value="14.000000" />
  <attribute name="Output H" value="8388608"/>
  <attribute name="Output I" value="200"/>
  <attribute name="Output T" value="4"/>
  <attribute name="Target GC Util Change" value ="20.000000" />
  <attribute name="Current GC Util Change" value="23.000000"/>
  <attribute name="GC Util currently" value="23" />
  <attribute name="CPU Util currently" value="340446683472" />
<allocation-satisfied id="1517" threadId="0000000000DE1500" bytesRequested="40" />
<af-end id="1518" timestamp="2019-06-17T06:04:32.135" threadId="0000000000DE1E88" success="true" from="nursery"/>
<exclusive-end id="1519" timestamp="2019-06-17T06:04:32.135" durationms="1.929" />

<exclusive-start id="1520" timestamp="2019-06-17T06:04:32.149" intervalms="15.858">
  <response-info timems="0.028" idlems="0.028" threads="0" lastid="0000000000DD9D00" lastname="Thread-10" />
</exclusive-start>
<af-start id="1521" threadId="0000000000DDA688" totalBytesRequested="24" timestamp="2019-06-17T06:04:32.150" intervalms="15.859" type="nursery" />
<cycle-start id="1522" type="scavenge" contextid="0" timestamp="2019-06-17T06:04:32.150" intervalms="15.856" />
<gc-start id="1523" type="scavenge" contextid="1522" timestamp="2019-06-17T06:04:32.150">
  <mem-info id="1524" free="187392" total="28901376" percent="0">
    <mem type="nursery" free="0" total="24641536" percent="0">
      <mem type="allocate" free="0" total="22151168" percent="0" />
      <mem type="survivor" free="0" total="2490368" percent="0" />
    </mem>
    <mem type="tenure" free="187392" total="4259840" percent="4">
      <mem type="soa" free="0" total="4046848" percent="0" />
      <mem type="loa" free="187392" total="212992" percent="87" />
    </mem>
    <remembered-set count="5705" />
  </mem-info>
</gc-start>
<allocation-stats totalBytes="21497224" >
  <allocated-bytes non-tlh="40" tlh="21497184" />
  <largest-consumer threadName="Thread-7" threadId="0000000000DE5100" bytes="5864848" />
</allocation-stats>
<gc-op id="1525" type="scavenge" timems="0.599" contextid="1522" timestamp="2019-06-17T06:04:32.150">
  <scavenger-info tenureage="3" tenuremask="fff8" tiltratio="89" />
  <memory-copied type="nursery" objects="10434" bytes="389224" bytesdiscarded="231320" />
  <memory-copied type="tenure" objects="1679" bytes="40296" bytesdiscarded="0" />
  <heap-resize type="expand" space="tenure" amount="65536" count="1" timems="0.013" reason="continue current collection" />
</gc-op>
<gc-end id="1526" type="scavenge" contextid="1522" durationms="0.855" usertimems="4.000" systemtimems="0.000" timestamp="2019-06-17T06:04:32.151" activeThreads="4">
  <mem-info id="1527" free="21744384" total="28966912" percent="75">
    <mem type="nursery" free="21530624" total="24641536" percent="87">
      <mem type="allocate" free="21530624" total="22151168" percent="97" />
      <mem type="survivor" free="0" total="2490368" percent="0" />
    </mem>
    <mem type="tenure" free="213760" total="4325376" percent="4">
      <mem type="soa" free="23296" total="4109312" percent="0" />
      <mem type="loa" free="190464" total="216064" percent="88" />
    </mem>
    <remembered-set count="4026" />
  </mem-info>
</gc-end>
<cycle-end id="1528" type="scavenge" contextid="1522" timestamp="2019-06-17T06:04:32.151" />
  <attribute name="elasticGC enabled" value="1" />
  <attribute name= "numThreadsSpecified" value="4" />
  <attribute name="heapSize specified" value="28049408" />
  <attribute name="Current GC Util" value="11" />
  <attribute name= "Current Time Running" value="1815" />
  <attribute name ="GC Interval" value="200" />
  <attribute name="ProportionalT" value="-9.000000" />
  <attribute name="ProportionalI" value="-9.000000" />
  <attribute name="ProportionalH" value="-9.000000" />
  <attribute name="Current Error" value="-9.000000" />
  <attribute name="IntegralT" value="-144.000000" />
  <attribute name="IntegralI" value="-144.000000" />
  <attribute name="IntegralH" value="-144.000000" />
  <attribute name="DerivativeT" value="-0.750000" />
  <attribute name="DerivativeI" value="-0.750000" />
  <attribute name="DerivativeH" value="-0.750000" />
  <attribute name="Loop Time for DT" value="16.000000" />
  <attribute name="Output H" value="2092630016"/>
  <attribute name="Output I" value="200"/>
  <attribute name="Output T" value="4"/>
  <attribute name="Target GC Util Change" value ="20.000000" />
  <attribute name="Current GC Util Change" value="11.000000"/>
  <attribute name="GC Util currently" value="11" />
  <attribute name="CPU Util currently" value="291639274081" />
<allocation-satisfied id="1529" threadId="0000000000DD9D00" bytesRequested="24" />
<af-end id="1530" timestamp="2019-06-17T06:04:32.152" threadId="0000000000DDA688" success="true" from="nursery"/>
<exclusive-end id="1531" timestamp="2019-06-17T06:04:32.152" durationms="2.196" />

<exclusive-start id="1532" timestamp="2019-06-17T06:04:32.153" intervalms="3.136">
  <response-info timems="0.021" idlems="0.021" threads="0" lastid="0000000000DE1500" lastname="Thread-9" />
</exclusive-start>
<concurrent-collection-start id="1533" timestamp="2019-06-17T06:04:32.153" intervalms="160.815" >
  <concurrent-trace-info reason="card cleaning threshold reached" tracedByMutators="1550536" tracedByHelpers="764380" cardsCleaned="649" workStackOverflowCount="0" />
</concurrent-collection-start>
<gc-start id="1534" type="global" contextid="1505" timestamp="2019-06-17T06:04:32.153">
  <mem-info id="1535" free="21342952" total="28966912" percent="73">
    <mem type="nursery" free="21129192" total="24641536" percent="85">
      <mem type="allocate" free="21129192" total="22151168" percent="95" />
      <mem type="survivor" free="0" total="2490368" percent="0" />
    </mem>
    <mem type="tenure" free="213760" total="4325376" percent="4">
      <mem type="soa" free="23296" total="4109312" percent="0" />
      <mem type="loa" free="190464" total="216064" percent="88" />
    </mem>
    <remembered-set count="4047" />
  </mem-info>
</gc-start>
<allocation-stats totalBytes="401408" >
  <allocated-bytes non-tlh="24" tlh="401384" />
  <largest-consumer threadName="Thread-10" threadId="0000000000DD9D00" bytes="135184" />
</allocation-stats>
<gc-op id="1536" type="rs-scan" timems="0.695" contextid="1505" timestamp="2019-06-17T06:04:32.154">
  <scan objectsFound="3934" bytesTraced="352588" workStackOverflowCount="0" />
</gc-op>
<gc-op id="1537" type="card-cleaning" timems="0.405" contextid="1505" timestamp="2019-06-17T06:04:32.154">
  <card-cleaning cardsCleaned="16" bytesTraced="11128" workStackOverflowCount="0" />
</gc-op>
<gc-op id="1538" type="mark" timems="1.069" contextid="1505" timestamp="2019-06-17T06:04:32.155">
  <trace-info objectcount="6856" scancount="6824" scanbytes="303220" />
  <finalization candidates="124" enqueued="0" />
  <ownableSynchronizers candidates="3" cleared="0" />
  <references type="soft" candidates="84" cleared="0" enqueued="0" dynamicThreshold="5" maxThreshold="32" />
  <references type="weak" candidates="692" cleared="0" enqueued="0" />
  <references type="phantom" candidates="37" cleared="0" enqueued="0" />
  <stringconstants candidates="4597" cleared="0"  />
</gc-op>
<gc-op id="1539" type="sweep" timems="0.679" contextid="1505" timestamp="2019-06-17T06:04:32.156" />
<mem-info id="1540" free="22186760" total="28966912" percent="76">
  <mem type="nursery" free="21747056" total="24641536" percent="88">
    <mem type="allocate" free="21747056" total="22151168" percent="98" />
    <mem type="survivor" free="0" total="2490368" percent="0" />
  </mem>
  <mem type="tenure" free="439704" total="4325376" percent="10" micro-fragmented="0" macro-fragmented="0">
    <mem type="soa" free="223640" total="4109312" percent="5" />
    <mem type="loa" free="216064" total="216064" percent="100" />
  </mem>
  <remembered-set count="4047" />
</mem-info>
<gc-op id="1541" type="compact" timems="4.816" contextid="1505" timestamp="2019-06-17T06:04:32.161">
  <compact-info movecount="15937" movebytes="699368" reason="compact to aid heap contraction" />
</gc-op>
<heap-resize id="1542" type="contract" space="tenure" amount="196608" count="1" timems="0.088" reason="heap reconfiguration" timestamp="2019-06-17T06:04:32.162" />
<gc-end id="1543" type="global" contextid="1505" durationms="9.213" usertimems="12.000" systemtimems="0.000" timestamp="2019-06-17T06:04:32.162" activeThreads="4">
  <mem-info id="1544" free="21985016" total="28770304" percent="76">
    <mem type="nursery" free="21761352" total="24641536" percent="88">
      <mem type="allocate" free="21761352" total="22151168" percent="98" />
      <mem type="survivor" free="0" total="2490368" percent="0" />
    </mem>
    <mem type="tenure" free="223664" total="4128768" percent="5">
      <mem type="soa" free="37296" total="3922944" percent="0" />
      <mem type="loa" free="186368" total="205824" percent="90" />
    </mem>
    <remembered-set count="4047" />
  </mem-info>
</gc-end>
<cycle-end id="1545" type="global" contextid="1505" timestamp="2019-06-17T06:04:32.162" />
  <attribute name="elasticGC enabled" value="1" />
  <attribute name= "numThreadsSpecified" value="4" />
  <attribute name="heapSize specified" value="28966912" />
  <attribute name="Current GC Util" value="99" />
  <attribute name= "Current Time Running" value="1826" />
  <attribute name ="GC Interval" value="200" />
  <attribute name="ProportionalT" value="79.000000" />
  <attribute name="ProportionalI" value="79.000000" />
  <attribute name="ProportionalH" value="79.000000" />
  <attribute name="Current Error" value="79.000000" />
  <attribute name="IntegralT" value="395.000000" />
  <attribute name="IntegralI" value="395.000000" />
  <attribute name="IntegralH" value="395.000000" />
  <attribute name="DerivativeT" value="-19.200000" />
  <attribute name="DerivativeI" value="-19.200000" />
  <attribute name="DerivativeH" value="-19.200000" />
  <attribute name="Loop Time for DT" value="5.000000" />
  <attribute name="Output H" value="8388608"/>
  <attribute name="Output I" value="456"/>
  <attribute name="Output T" value="4"/>
  <attribute name="Target GC Util Change" value ="20.000000" />
  <attribute name="Current GC Util Change" value="99.000000"/>
  <attribute name="GC Util currently" value="99" />
  <attribute name="CPU Util currently" value="926378992948" />
<concurrent-collection-end id="1546" timestamp="2019-06-17T06:04:32.162" />
<exclusive-end id="1547" timestamp="2019-06-17T06:04:32.162" durationms="9.742" />

<concurrent-kickoff id="1548" timestamp="2019-06-17T06:04:32.176">
  <kickoff reason="threshold reached" targetBytes="1720631" thresholdFreeBytes="243622"  remainingFree="200008" tenureFreeBytes="223664" nurseryFreeBytes="200008" />
</concurrent-kickoff>
<exclusive-start id="1549" timestamp="2019-06-17T06:04:32.177" intervalms="24.207">
  <response-info timems="0.997" idlems="0.509" threads="1" lastid="0000000000DD9D00" lastname="Thread-10" />
</exclusive-start>
<cycle-start id="1550" type="global" contextid="0" timestamp="2019-06-17T06:04:32.177" intervalms="43.942" />
<exclusive-end id="1551" timestamp="2019-06-17T06:04:32.177" durationms="0.357" />

<exclusive-start id="1552" timestamp="2019-06-17T06:04:32.178" intervalms="0.825">
  <response-info timems="0.025" idlems="0.025" threads="0" lastid="0000000000DDD900" lastname="Thread-8" />
</exclusive-start>
<af-start id="1553" threadId="0000000000DDE288" totalBytesRequested="40" timestamp="2019-06-17T06:04:32.178" intervalms="28.187" type="nursery" />
<cycle-start id="1554" type="scavenge" contextid="0" timestamp="2019-06-17T06:04:32.178" intervalms="28.221" />
<gc-start id="1555" type="scavenge" contextid="1554" timestamp="2019-06-17T06:04:32.178">
  <mem-info id="1556" free="223664" total="28770304" percent="0">
    <mem type="nursery" free="0" total="24641536" percent="0">
      <mem type="allocate" free="0" total="22151168" percent="0" />
      <mem type="survivor" free="0" total="2490368" percent="0" />
    </mem>
    <mem type="tenure" free="223664" total="4128768" percent="5">
      <mem type="soa" free="37296" total="3922944" percent="0" />
      <mem type="loa" free="186368" total="205824" percent="90" />
    </mem>
    <remembered-set count="5109" />
  </mem-info>
</gc-start>
<allocation-stats totalBytes="21758776" >
  <allocated-bytes non-tlh="0" tlh="21758776" />
  <largest-consumer threadName="Thread-8" threadId="0000000000DDD900" bytes="5884616" />
</allocation-stats>
<gc-op id="1557" type="scavenge" timems="1.037" contextid="1554" timestamp="2019-06-17T06:04:32.179">
  <scavenger-info tenureage="14" tenuremask="4000" tiltratio="89" />
  <memory-copied type="nursery" objects="14326" bytes="482816" bytesdiscarded="115456" />
  <ownableSynchronizers candidates="6" cleared="6" />
</gc-op>
<gc-end id="1558" type="scavenge" contextid="1554" durationms="1.646" usertimems="4.000" systemtimems="0.000" timestamp="2019-06-17T06:04:32.180" activeThreads="4">
  <mem-info id="1559" free="21776560" total="28770304" percent="75">
    <mem type="nursery" free="21552896" total="24641536" percent="87">
      <mem type="allocate" free="21552896" total="22151168" percent="97" />
      <mem type="survivor" free="0" total="2490368" percent="0" />
    </mem>
    <mem type="tenure" free="223664" total="4128768" percent="5">
      <mem type="soa" free="37296" total="3922944" percent="0" />
      <mem type="loa" free="186368" total="205824" percent="90" />
    </mem>
    <remembered-set count="5109" />
  </mem-info>
</gc-end>
<cycle-end id="1560" type="scavenge" contextid="1554" timestamp="2019-06-17T06:04:32.180" />
  <attribute name="elasticGC enabled" value="1" />
  <attribute name= "numThreadsSpecified" value="4" />
  <attribute name="heapSize specified" value="28966912" />
  <attribute name="Current GC Util" value="32" />
  <attribute name= "Current Time Running" value="1843" />
  <attribute name ="GC Interval" value="216" />
  <attribute name="ProportionalT" value="12.000000" />
  <attribute name="ProportionalI" value="12.000000" />
  <attribute name="ProportionalH" value="12.000000" />
  <attribute name="Current Error" value="12.000000" />
  <attribute name="IntegralT" value="204.000000" />
  <attribute name="IntegralI" value="204.000000" />
  <attribute name="IntegralH" value="204.000000" />
  <attribute name="DerivativeT" value="-3.941176" />
  <attribute name="DerivativeI" value="-3.941176" />
  <attribute name="DerivativeH" value="-3.941176" />
  <attribute name="Loop Time for DT" value="17.000000" />
  <attribute name="Output H" value="8388608"/>
  <attribute name="Output I" value="216"/>
  <attribute name="Output T" value="4"/>
  <attribute name="Target GC Util Change" value ="20.000000" />
  <attribute name="Current GC Util Change" value="32.000000"/>
  <attribute name="GC Util currently" value="32" />
  <attribute name="CPU Util currently" value="275121834600" />
<allocation-satisfied id="1561" threadId="0000000000DDD900" bytesRequested="40" />
<af-end id="1562" timestamp="2019-06-17T06:04:32.180" threadId="0000000000DDE288" success="true" from="nursery"/>
<exclusive-end id="1563" timestamp="2019-06-17T06:04:32.180" durationms="2.729" />

<exclusive-start id="1564" timestamp="2019-06-17T06:04:32.198" intervalms="20.606">
  <response-info timems="0.033" idlems="0.033" threads="0" lastid="0000000000DD9D00" lastname="Thread-10" />
</exclusive-start>
<af-start id="1565" threadId="0000000000DDA688" totalBytesRequested="40" timestamp="2019-06-17T06:04:32.198" intervalms="20.650" type="nursery" />
<percolate-collect id="1566" from="nursery" to="global" reason="concurrent mark exhausted" timestamp="2019-06-17T06:04:32.198"/>
<gc-start id="1567" type="global" contextid="1550" timestamp="2019-06-17T06:04:32.199">
  <mem-info id="1568" free="223664" total="28770304" percent="0">
    <mem type="nursery" free="0" total="24641536" percent="0">
      <mem type="allocate" free="0" total="22151168" percent="0" />
      <mem type="survivor" free="0" total="2490368" percent="0" />
    </mem>
    <mem type="tenure" free="223664" total="4128768" percent="5">
      <mem type="soa" free="37296" total="3922944" percent="0" />
      <mem type="loa" free="186368" total="205824" percent="90" />
    </mem>
    <remembered-set count="5984" />
  </mem-info>
</gc-start>
<allocation-stats totalBytes="21550416" >
  <allocated-bytes non-tlh="40" tlh="21550376" />
  <largest-consumer threadName="Thread-8" threadId="0000000000DDD900" bytes="7568552" />
</allocation-stats>
<concurrent-halted id="1569" timestamp="2019-06-17T06:04:32.199">
  <halted state="Complete" status="exhausted" />
  <traced bytesTarget="1720631" bytesTotal="2098404" bytesByMutator="822272" bytesByHelper="1276132" percent="121" />
  <cards cleaned="231" thresholdBytes="95972" />
</concurrent-halted>
<gc-op id="1570" type="rs-scan" timems="0.578" contextid="1550" timestamp="2019-06-17T06:04:32.199">
  <scan objectsFound="5945" bytesTraced="520684" workStackOverflowCount="0" />
</gc-op>
<gc-op id="1571" type="card-cleaning" timems="0.109" contextid="1550" timestamp="2019-06-17T06:04:32.200">
  <card-cleaning cardsCleaned="4" bytesTraced="4408" workStackOverflowCount="0" />
</gc-op>
<gc-op id="1572" type="mark" timems="1.130" contextid="1550" timestamp="2019-06-17T06:04:32.201">
  <trace-info objectcount="10454" scancount="10422" scanbytes="527096" />
  <finalization candidates="124" enqueued="0" />
  <ownableSynchronizers candidates="3" cleared="0" />
  <references type="soft" candidates="84" cleared="0" enqueued="0" dynamicThreshold="1" maxThreshold="32" />
  <references type="weak" candidates="692" cleared="0" enqueued="0" />
  <references type="phantom" candidates="37" cleared="0" enqueued="0" />
  <stringconstants candidates="4597" cleared="0"  />
</gc-op>
<gc-op id="1573" type="sweep" timems="0.343" contextid="1550" timestamp="2019-06-17T06:04:32.201" />
<mem-info id="1574" free="21673216" total="28770304" percent="75">
  <mem type="nursery" free="21430096" total="24641536" percent="86">
    <mem type="allocate" free="21430096" total="22151168" percent="96" />
    <mem type="survivor" free="0" total="2490368" percent="0" />
  </mem>
  <mem type="tenure" free="243120" total="4128768" percent="5" micro-fragmented="0" macro-fragmented="0">
    <mem type="soa" free="37296" total="3922944" percent="0" />
    <mem type="loa" free="205824" total="205824" percent="100" />
  </mem>
  <remembered-set count="5984" />
</mem-info>
<gc-op id="1575" type="compact" timems="4.859" contextid="1550" timestamp="2019-06-17T06:04:32.206">
  <compact-info movecount="17022" movebytes="684760" reason="compact to aid heap contraction" />
</gc-op>
<heap-resize id="1576" type="expand" space="tenure" amount="2063859712" count="1" timems="0.027" reason="satisfy allocation request" timestamp="2019-06-17T06:04:32.206" />
<gc-end id="1577" type="global" contextid="1550" durationms="8.011" usertimems="8.000" systemtimems="0.000" timestamp="2019-06-17T06:04:32.207" activeThreads="4">
  <mem-info id="1578" free="2085569240" total="2092630016" percent="99">
    <mem type="nursery" free="21466408" total="24641536" percent="87">
      <mem type="allocate" free="21466408" total="22151168" percent="96" />
      <mem type="survivor" free="0" total="2490368" percent="0" />
    </mem>
    <mem type="tenure" free="2064102832" total="2067988480" percent="99">
      <mem type="soa" free="1960703408" total="1964589056" percent="99" />
      <mem type="loa" free="103399424" total="103399424" percent="100" />
    </mem>
    <remembered-set count="5984" />
  </mem-info>
</gc-end>
<cycle-end id="1579" type="global" contextid="1550" timestamp="2019-06-17T06:04:32.207" />
  <attribute name="elasticGC enabled" value="1" />
  <attribute name= "numThreadsSpecified" value="4" />
  <attribute name="heapSize specified" value="28770304" />
  <attribute name="Current GC Util" value="0" />
  <attribute name= "Current Time Running" value="1871" />
  <attribute name ="GC Interval" value="216" />
  <attribute name="ProportionalT" value="-20.000000" />
  <attribute name="ProportionalI" value="-20.000000" />
  <attribute name="ProportionalH" value="-20.000000" />
  <attribute name="Current Error" value="-20.000000" />
  <attribute name="IntegralT" value="-100.000000" />
  <attribute name="IntegralI" value="-100.000000" />
  <attribute name="IntegralH" value="-100.000000" />
  <attribute name="DerivativeT" value="-9.800000" />
  <attribute name="DerivativeI" value="-9.800000" />
  <attribute name="DerivativeH" value="-9.800000" />
  <attribute name="Loop Time for DT" value="5.000000" />
  <attribute name="Output H" value="2092630016"/>
  <attribute name="Output I" value="200"/>
  <attribute name="Output T" value="4"/>
  <attribute name="Target GC Util Change" value ="20.000000" />
  <attribute name="Current GC Util Change" value="0.000000"/>
  <attribute name="GC Util currently" value="0" />
  <attribute name="CPU Util currently" value="930872745915" />
<allocation-satisfied id="1580" threadId="0000000000DD9D00" bytesRequested="40" />
<af-end id="1581" timestamp="2019-06-17T06:04:32.207" threadId="0000000000DDA688" success="true" from="nursery"/>
<exclusive-end id="1582" timestamp="2019-06-17T06:04:32.207" durationms="8.758" />

<exclusive-start id="1583" timestamp="2019-06-17T06:04:32.222" intervalms="23.446">
  <response-info timems="0.026" idlems="0.026" threads="0" lastid="0000000000DDD900" lastname="Thread-8" />
</exclusive-start>
<af-start id="1584" threadId="0000000000DDE288" totalBytesRequested="40" timestamp="2019-06-17T06:04:32.222" intervalms="23.405" type="nursery" />
<cycle-start id="1585" type="scavenge" contextid="0" timestamp="2019-06-17T06:04:32.222" intervalms="44.037" />
<gc-start id="1586" type="scavenge" contextid="1585" timestamp="2019-06-17T06:04:32.222">
  <mem-info id="1587" free="2064102832" total="2092630016" percent="98">
    <mem type="nursery" free="0" total="24641536" percent="0">
      <mem type="allocate" free="0" total="22151168" percent="0" />
      <mem type="survivor" free="0" total="2490368" percent="0" />
    </mem>
    <mem type="tenure" free="2064102832" total="2067988480" percent="99">
      <mem type="soa" free="1960703408" total="1964589056" percent="99" />
      <mem type="loa" free="103399424" total="103399424" percent="100" />
    </mem>
    <remembered-set count="6546" />
  </mem-info>
</gc-start>
<allocation-stats totalBytes="21463704" >
  <allocated-bytes non-tlh="40" tlh="21463664" />
  <largest-consumer threadName="Thread-8" threadId="0000000000DDD900" bytes="7175384" />
</allocation-stats>
<gc-op id="1588" type="scavenge" timems="1.557" contextid="1585" timestamp="2019-06-17T06:04:32.224">
  <scavenger-info tenureage="3" tenuremask="4018" tiltratio="89" />
  <memory-copied type="nursery" objects="15512" bytes="648112" bytesdiscarded="139712" />
  <memory-copied type="tenure" objects="2806" bytes="67344" bytesdiscarded="0" />
  <ownableSynchronizers candidates="6" cleared="6" />
</gc-op>
<gc-end id="1589" type="scavenge" contextid="1585" durationms="1.967" usertimems="0.000" systemtimems="4.000" timestamp="2019-06-17T06:04:32.224" activeThreads="4">
  <mem-info id="1590" free="2085317952" total="2092630016" percent="99">
    <mem type="nursery" free="21363344" total="24641536" percent="86">
      <mem type="allocate" free="21363344" total="22151168" percent="96" />
      <mem type="survivor" free="0" total="2490368" percent="0" />
    </mem>
    <mem type="tenure" free="2063954608" total="2067988480" percent="99">
      <mem type="soa" free="1960555184" total="1964589056" percent="99" />
      <mem type="loa" free="103399424" total="103399424" percent="100" />
    </mem>
    <remembered-set count="3740" />
  </mem-info>
</gc-end>
<cycle-end id="1591" type="scavenge" contextid="1585" timestamp="2019-06-17T06:04:32.224" />
  <attribute name="elasticGC enabled" value="1" />
  <attribute name= "numThreadsSpecified" value="4" />
  <attribute name="heapSize specified" value="28770304" />
  <attribute name="Current GC Util" value="90" />
  <attribute name= "Current Time Running" value="1887" />
  <attribute name ="GC Interval" value="1200" />
  <attribute name="ProportionalT" value="70.000000" />
  <attribute name="ProportionalI" value="70.000000" />
  <attribute name="ProportionalH" value="70.000000" />
  <attribute name="Current Error" value="70.000000" />
  <attribute name="IntegralT" value="1120.000000" />
  <attribute name="IntegralI" value="1120.000000" />
  <attribute name="IntegralH" value="1120.000000" />
  <attribute name="DerivativeT" value="4.375000" />
  <attribute name="DerivativeI" value="4.375000" />
  <attribute name="DerivativeH" value="4.375000" />
  <attribute name="Loop Time for DT" value="16.000000" />
  <attribute name="Output H" value="8388608"/>
  <attribute name="Output I" value="1200"/>
  <attribute name="Output T" value="4"/>
  <attribute name="Target GC Util Change" value ="20.000000" />
  <attribute name="Current GC Util Change" value="90.000000"/>
  <attribute name="GC Util currently" value="90" />
  <attribute name="CPU Util currently" value="292369245890" />
<allocation-satisfied id="1592" threadId="0000000000DDD900" bytesRequested="40" />
<af-end id="1593" timestamp="2019-06-17T06:04:32.224" threadId="0000000000DDE288" success="true" from="nursery"/>
<exclusive-end id="1594" timestamp="2019-06-17T06:04:32.224" durationms="2.718" />

<exclusive-start id="1595" timestamp="2019-06-17T06:04:32.239" intervalms="17.142">
  <response-info timems="0.022" idlems="0.022" threads="0" lastid="0000000000DDD900" lastname="Thread-8" />
</exclusive-start>
<af-start id="1596" threadId="0000000000DDE288" totalBytesRequested="40" timestamp="2019-06-17T06:04:32.239" intervalms="17.130" type="nursery" />
<cycle-start id="1597" type="scavenge" contextid="0" timestamp="2019-06-17T06:04:32.239" intervalms="17.123" />
<gc-start id="1598" type="scavenge" contextid="1597" timestamp="2019-06-17T06:04:32.239">
  <mem-info id="1599" free="2063954608" total="2092630016" percent="98">
    <mem type="nursery" free="0" total="24641536" percent="0">
      <mem type="allocate" free="0" total="22151168" percent="0" />
      <mem type="survivor" free="0" total="2490368" percent="0" />
    </mem>
    <mem type="tenure" free="2063954608" total="2067988480" percent="99">
      <mem type="soa" free="1960555184" total="1964589056" percent="99" />
      <mem type="loa" free="103399424" total="103399424" percent="100" />
    </mem>
    <remembered-set count="4375" />
  </mem-info>
</gc-start>
<allocation-stats totalBytes="21360632" >
  <allocated-bytes non-tlh="40" tlh="21360592" />
  <largest-consumer threadName="Thread-8" threadId="0000000000DDD900" bytes="8877736" />
</allocation-stats>
<gc-op id="1600" type="scavenge" timems="0.907" contextid="1597" timestamp="2019-06-17T06:04:32.240">
  <scavenger-info tenureage="14" tenuremask="4000" tiltratio="89" />
  <memory-copied type="nursery" objects="16910" bytes="682032" bytesdiscarded="131280" />
</gc-op>
<gc-end id="1601" type="scavenge" contextid="1597" durationms="1.336" usertimems="4.000" systemtimems="0.000" timestamp="2019-06-17T06:04:32.240" activeThreads="4">
  <mem-info id="1602" free="2085292464" total="2092630016" percent="99">
    <mem type="nursery" free="21337856" total="24641536" percent="86">
      <mem type="allocate" free="21337856" total="22151168" percent="96" />
      <mem type="survivor" free="0" total="2490368" percent="0" />
    </mem>
    <mem type="tenure" free="2063954608" total="2067988480" percent="99">
      <mem type="soa" free="1960555184" total="1964589056" percent="99" />
      <mem type="loa" free="103399424" total="103399424" percent="100" />
    </mem>
    <remembered-set count="4374" />
  </mem-info>
</gc-end>
<cycle-end id="1603" type="scavenge" contextid="1597" timestamp="2019-06-17T06:04:32.241" />
  <attribute name="elasticGC enabled" value="1" />
  <attribute name= "numThreadsSpecified" value="4" />
  <attribute name="heapSize specified" value="28770304" />
  <attribute name="Current GC Util" value="22" />
  <attribute name= "Current Time Running" value="1904" />
  <attribute name ="GC Interval" value="200" />
  <attribute name="ProportionalT" value="2.000000" />
  <attribute name="ProportionalI" value="2.000000" />
  <attribute name="ProportionalH" value="2.000000" />
  <attribute name="Current Error" value="2.000000" />
  <attribute name="IntegralT" value="34.000000" />
  <attribute name="IntegralI" value="34.000000" />
  <attribute name="IntegralH" value="34.000000" />
  <attribute name="DerivativeT" value="-4.000000" />
  <attribute name="DerivativeI" value="-4.000000" />
  <attribute name="DerivativeH" value="-4.000000" />
  <attribute name="Loop Time for DT" value="17.000000" />
  <attribute name="Output H" value="8388608"/>
  <attribute name="Output I" value="200"/>
  <attribute name="Output T" value="4"/>
  <attribute name="Target GC Util Change" value ="20.000000" />
  <attribute name="Current GC Util Change" value="22.000000"/>
  <attribute name="GC Util currently" value="22" />
  <attribute name="CPU Util currently" value="268227634887" />
<allocation-satisfied id="1604" threadId="0000000000DDD900" bytesRequested="40" />
<af-end id="1605" timestamp="2019-06-17T06:04:32.241" threadId="0000000000DDE288" success="true" from="nursery"/>
<exclusive-end id="1606" timestamp="2019-06-17T06:04:32.241" durationms="2.059" />

<exclusive-start id="1607" timestamp="2019-06-17T06:04:32.257" intervalms="18.631">
  <response-info timems="0.050" idlems="0.050" threads="0" lastid="0000000000DDD900" lastname="Thread-8" />
</exclusive-start>
<af-start id="1608" threadId="0000000000DDE288" totalBytesRequested="40" timestamp="2019-06-17T06:04:32.258" intervalms="18.673" type="nursery" />
<cycle-start id="1609" type="scavenge" contextid="0" timestamp="2019-06-17T06:04:32.258" intervalms="18.670" />
<gc-start id="1610" type="scavenge" contextid="1609" timestamp="2019-06-17T06:04:32.258">
  <mem-info id="1611" free="2063954608" total="2092630016" percent="98">
    <mem type="nursery" free="0" total="24641536" percent="0">
      <mem type="allocate" free="0" total="22151168" percent="0" />
      <mem type="survivor" free="0" total="2490368" percent="0" />
    </mem>
    <mem type="tenure" free="2063954608" total="2067988480" percent="99">
      <mem type="soa" free="1960555184" total="1964589056" percent="99" />
      <mem type="loa" free="103399424" total="103399424" percent="100" />
    </mem>
    <remembered-set count="5186" />
  </mem-info>
</gc-start>
<allocation-stats totalBytes="21335448" >
  <allocated-bytes non-tlh="40" tlh="21335408" />
  <largest-consumer threadName="Thread-8" threadId="0000000000DDD900" bytes="10195672" />
</allocation-stats>
<gc-op id="1612" type="scavenge" timems="1.729" contextid="1609" timestamp="2019-06-17T06:04:32.260">
  <scavenger-info tenureage="2" tenuremask="4004" tiltratio="89" />
  <memory-copied type="nursery" objects="5404" bytes="131080" bytesdiscarded="95480" />
  <memory-copied type="tenure" objects="13099" bytes="589128" bytesdiscarded="24" />
</gc-op>
<gc-end id="1613" type="scavenge" contextid="1609" durationms="2.138" usertimems="8.000" systemtimems="0.000" timestamp="2019-06-17T06:04:32.260" activeThreads="4">
  <mem-info id="1614" free="2085200448" total="2092630016" percent="99">
    <mem type="nursery" free="21924608" total="24641536" percent="88">
      <mem type="allocate" free="21924608" total="22151168" percent="98" />
      <mem type="survivor" free="0" total="2490368" percent="0" />
    </mem>
    <mem type="tenure" free="2063275840" total="2067988480" percent="99">
      <mem type="soa" free="1959876416" total="1964589056" percent="99" />
      <mem type="loa" free="103399424" total="103399424" percent="100" />
    </mem>
    <remembered-set count="5250" />
  </mem-info>
</gc-end>
<cycle-end id="1615" type="scavenge" contextid="1609" timestamp="2019-06-17T06:04:32.260" />
  <attribute name="elasticGC enabled" value="1" />
  <attribute name= "numThreadsSpecified" value="4" />
  <attribute name="heapSize specified" value="28770304" />
  <attribute name="Current GC Util" value="12" />
  <attribute name= "Current Time Running" value="1923" />
  <attribute name ="GC Interval" value="200" />
  <attribute name="ProportionalT" value="-8.000000" />
  <attribute name="ProportionalI" value="-8.000000" />
  <attribute name="ProportionalH" value="-8.000000" />
  <attribute name="Current Error" value="-8.000000" />
  <attribute name="IntegralT" value="-152.000000" />
  <attribute name="IntegralI" value="-152.000000" />
  <attribute name="IntegralH" value="-152.000000" />
  <attribute name="DerivativeT" value="-0.526316" />
  <attribute name="DerivativeI" value="-0.526316" />
  <attribute name="DerivativeH" value="-0.526316" />
  <attribute name="Loop Time for DT" value="19.000000" />
  <attribute name="Output H" value="2092630016"/>
  <attribute name="Output I" value="200"/>
  <attribute name="Output T" value="4"/>
  <attribute name="Target GC Util Change" value ="20.000000" />
  <attribute name="Current GC Util Change" value="12.000000"/>
  <attribute name="GC Util currently" value="12" />
  <attribute name="CPU Util currently" value="246910107801" />
<allocation-satisfied id="1616" threadId="0000000000DDD900" bytesRequested="40" />
<af-end id="1617" timestamp="2019-06-17T06:04:32.260" threadId="0000000000DDE288" success="true" from="nursery"/>
<exclusive-end id="1618" timestamp="2019-06-17T06:04:32.260" durationms="3.028" />

<exclusive-start id="1619" timestamp="2019-06-17T06:04:32.275" intervalms="17.341">
  <response-info timems="0.041" idlems="0.022" threads="1" lastid="0000000000DE1500" lastname="Thread-9" />
</exclusive-start>
<af-start id="1620" threadId="0000000000DDA688" totalBytesRequested="40" timestamp="2019-06-17T06:04:32.275" intervalms="17.259" type="nursery" />
<cycle-start id="1621" type="scavenge" contextid="0" timestamp="2019-06-17T06:04:32.275" intervalms="17.263" />
<gc-start id="1622" type="scavenge" contextid="1621" timestamp="2019-06-17T06:04:32.275">
  <mem-info id="1623" free="2063275840" total="2092630016" percent="98">
    <mem type="nursery" free="0" total="24641536" percent="0">
      <mem type="allocate" free="0" total="22151168" percent="0" />
      <mem type="survivor" free="0" total="2490368" percent="0" />
    </mem>
    <mem type="tenure" free="2063275840" total="2067988480" percent="99">
      <mem type="soa" free="1959876416" total="1964589056" percent="99" />
      <mem type="loa" free="103399424" total="103399424" percent="100" />
    </mem>
    <remembered-set count="6720" />
  </mem-info>
</gc-start>
<allocation-stats totalBytes="21921600" >
  <allocated-bytes non-tlh="40" tlh="21921560" />
  <largest-consumer threadName="Thread-8" threadId="0000000000DDD900" bytes="8616968" />
</allocation-stats>
<gc-op id="1624" type="scavenge" timems="0.551" contextid="1621" timestamp="2019-06-17T06:04:32.276">
  <scavenger-info tenureage="4" tenuremask="4030" tiltratio="89" />
  <memory-copied type="nursery" objects="10582" bytes="393064" bytesdiscarded="157592" />
  <memory-copied type="tenure" objects="2214" bytes="53136" bytesdiscarded="0" />
</gc-op>
<gc-end id="1625" type="scavenge" contextid="1621" durationms="0.848" usertimems="4.000" systemtimems="0.000" timestamp="2019-06-17T06:04:32.276" activeThreads="4">
  <mem-info id="1626" free="2084736576" total="2092630016" percent="99">
    <mem type="nursery" free="21600512" total="24641536" percent="87">
      <mem type="allocate" free="21600512" total="22151168" percent="97" />
      <mem type="survivor" free="0" total="2490368" percent="0" />
    </mem>
    <mem type="tenure" free="2063136064" total="2067988480" percent="99">
      <mem type="soa" free="1959736640" total="1964589056" percent="99" />
      <mem type="loa" free="103399424" total="103399424" percent="100" />
    </mem>
    <remembered-set count="4506" />
  </mem-info>
</gc-end>
<cycle-end id="1627" type="scavenge" contextid="1621" timestamp="2019-06-17T06:04:32.276" />
  <attribute name="elasticGC enabled" value="1" />
  <attribute name= "numThreadsSpecified" value="4" />
  <attribute name="heapSize specified" value="28770304" />
  <attribute name="Current GC Util" value="24" />
  <attribute name= "Current Time Running" value="1940" />
  <attribute name ="GC Interval" value="200" />
  <attribute name="ProportionalT" value="4.000000" />
  <attribute name="ProportionalI" value="4.000000" />
  <attribute name="ProportionalH" value="4.000000" />
  <attribute name="Current Error" value="4.000000" />
  <attribute name="IntegralT" value="68.000000" />
  <attribute name="IntegralI" value="68.000000" />
  <attribute name="IntegralH" value="68.000000" />
  <attribute name="DerivativeT" value="0.235294" />
  <attribute name="DerivativeI" value="0.235294" />
  <attribute name="DerivativeH" value="0.235294" />
  <attribute name="Loop Time for DT" value="17.000000" />
  <attribute name="Output H" value="8388608"/>
  <attribute name="Output I" value="200"/>
  <attribute name="Output T" value="4"/>
  <attribute name="Target GC Util Change" value ="20.000000" />
  <attribute name="Current GC Util Change" value="24.000000"/>
  <attribute name="GC Util currently" value="24" />
  <attribute name="CPU Util currently" value="267055139489" />
<allocation-satisfied id="1628" threadId="0000000000DD9D00" bytesRequested="40" />
<af-end id="1629" timestamp="2019-06-17T06:04:32.276" threadId="0000000000DDA688" success="true" from="nursery"/>
<exclusive-end id="1630" timestamp="2019-06-17T06:04:32.276" durationms="1.404" />

<exclusive-start id="1631" timestamp="2019-06-17T06:04:32.298" intervalms="23.740">
  <response-info timems="0.062" idlems="0.062" threads="0" lastid="0000000000DE5100" lastname="Thread-7" />
</exclusive-start>
<af-start id="1632" threadId="0000000000DE5A88" totalBytesRequested="24" timestamp="2019-06-17T06:04:32.299" intervalms="23.821" type="nursery" />
<cycle-start id="1633" type="scavenge" contextid="0" timestamp="2019-06-17T06:04:32.299" intervalms="23.826" />
<gc-start id="1634" type="scavenge" contextid="1633" timestamp="2019-06-17T06:04:32.299">
  <mem-info id="1635" free="2063136064" total="2092630016" percent="98">
    <mem type="nursery" free="0" total="24641536" percent="0">
      <mem type="allocate" free="0" total="22151168" percent="0" />
      <mem type="survivor" free="0" total="2490368" percent="0" />
    </mem>
    <mem type="tenure" free="2063136064" total="2067988480" percent="99">
      <mem type="soa" free="1959736640" total="1964589056" percent="99" />
      <mem type="loa" free="103399424" total="103399424" percent="100" />
    </mem>
    <remembered-set count="5403" />
  </mem-info>
</gc-start>
<allocation-stats totalBytes="21597824" >
  <allocated-bytes non-tlh="40" tlh="21597784" />
  <largest-consumer threadName="Thread-8" threadId="0000000000DDD900" bytes="8852696" />
</allocation-stats>
<gc-op id="1636" type="scavenge" timems="1.649" contextid="1633" timestamp="2019-06-17T06:04:32.301">
  <scavenger-info tenureage="14" tenuremask="4000" tiltratio="89" />
  <memory-copied type="nursery" objects="12539" bytes="439816" bytesdiscarded="119288" />
</gc-op>
<gc-end id="1637" type="scavenge" contextid="1633" durationms="2.123" usertimems="4.000" systemtimems="0.000" timestamp="2019-06-17T06:04:32.301" activeThreads="4">
  <mem-info id="1638" free="2084728128" total="2092630016" percent="99">
    <mem type="nursery" free="21592064" total="24641536" percent="87">
      <mem type="allocate" free="21592064" total="22151168" percent="97" />
      <mem type="survivor" free="0" total="2490368" percent="0" />
    </mem>
    <mem type="tenure" free="2063136064" total="2067988480" percent="99">
      <mem type="soa" free="1959736640" total="1964589056" percent="99" />
      <mem type="loa" free="103399424" total="103399424" percent="100" />
    </mem>
    <remembered-set count="5402" />
  </mem-info>
</gc-end>
<cycle-end id="1639" type="scavenge" contextid="1633" timestamp="2019-06-17T06:04:32.301" />
  <attribute name="elasticGC enabled" value="1" />
  <attribute name= "numThreadsSpecified" value="4" />
  <attribute name="heapSize specified" value="28770304" />
  <attribute name="Current GC Util" value="7" />
  <attribute name= "Current Time Running" value="1964" />
  <attribute name ="GC Interval" value="200" />
  <attribute name="ProportionalT" value="-13.000000" />
  <attribute name="ProportionalI" value="-13.000000" />
  <attribute name="ProportionalH" value="-13.000000" />
  <attribute name="Current Error" value="-13.000000" />
  <attribute name="IntegralT" value="-312.000000" />
  <attribute name="IntegralI" value="-312.000000" />
  <attribute name="IntegralH" value="-312.000000" />
  <attribute name="DerivativeT" value="-0.708333" />
  <attribute name="DerivativeI" value="-0.708333" />
  <attribute name="DerivativeH" value="-0.708333" />
  <attribute name="Loop Time for DT" value="24.000000" />
  <attribute name="Output H" value="2092630016"/>
  <attribute name="Output I" value="200"/>
  <attribute name="Output T" value="4"/>
  <attribute name="Target GC Util Change" value ="20.000000" />
  <attribute name="Current GC Util Change" value="7.000000"/>
  <attribute name="GC Util currently" value="7" />
  <attribute name="CPU Util currently" value="192331722895" />
<allocation-satisfied id="1640" threadId="0000000000DE5100" bytesRequested="24" />
<af-end id="1641" timestamp="2019-06-17T06:04:32.301" threadId="0000000000DE5A88" success="true" from="nursery"/>
<exclusive-end id="1642" timestamp="2019-06-17T06:04:32.301" durationms="2.893" />

<exclusive-start id="1643" timestamp="2019-06-17T06:04:32.315" intervalms="16.936">
  <response-info timems="0.024" idlems="0.024" threads="0" lastid="0000000000DDD900" lastname="Thread-8" />
</exclusive-start>
<af-start id="1644" threadId="0000000000DDE288" totalBytesRequested="40" timestamp="2019-06-17T06:04:32.316" intervalms="16.896" type="nursery" />
<cycle-start id="1645" type="scavenge" contextid="0" timestamp="2019-06-17T06:04:32.316" intervalms="16.925" />
<gc-start id="1646" type="scavenge" contextid="1645" timestamp="2019-06-17T06:04:32.316">
  <mem-info id="1647" free="2063136064" total="2092630016" percent="98">
    <mem type="nursery" free="0" total="24641536" percent="0">
      <mem type="allocate" free="0" total="22151168" percent="0" />
      <mem type="survivor" free="0" total="2490368" percent="0" />
    </mem>
    <mem type="tenure" free="2063136064" total="2067988480" percent="99">
      <mem type="soa" free="1959736640" total="1964589056" percent="99" />
      <mem type="loa" free="103399424" total="103399424" percent="100" />
    </mem>
    <remembered-set count="6388" />
  </mem-info>
</gc-start>
<allocation-stats totalBytes="21589536" >
  <allocated-bytes non-tlh="24" tlh="21589512" />
  <largest-consumer threadName="Thread-8" threadId="0000000000DDD900" bytes="6520040" />
</allocation-stats>
<gc-op id="1648" type="scavenge" timems="0.938" contextid="1645" timestamp="2019-06-17T06:04:32.317">
  <scavenger-info tenureage="4" tenuremask="4010" tiltratio="89" />
  <memory-copied type="nursery" objects="13348" bytes="459024" bytesdiscarded="122352" />
  <memory-copied type="tenure" objects="1310" bytes="31440" bytesdiscarded="0" />
</gc-op>
<gc-end id="1649" type="scavenge" contextid="1645" durationms="1.451" usertimems="4.000" systemtimems="0.000" timestamp="2019-06-17T06:04:32.317" activeThreads="4">
  <mem-info id="1650" free="2084705856" total="2092630016" percent="99">
    <mem type="nursery" free="21569792" total="24641536" percent="87">
      <mem type="allocate" free="21569792" total="22151168" percent="97" />
      <mem type="survivor" free="0" total="2490368" percent="0" />
    </mem>
    <mem type="tenure" free="2063136064" total="2067988480" percent="99">
      <mem type="soa" free="1959736640" total="1964589056" percent="99" />
      <mem type="loa" free="103399424" total="103399424" percent="100" />
    </mem>
    <remembered-set count="5078" />
  </mem-info>
</gc-end>
<cycle-end id="1651" type="scavenge" contextid="1645" timestamp="2019-06-17T06:04:32.317" />
  <attribute name="elasticGC enabled" value="1" />
  <attribute name= "numThreadsSpecified" value="4" />
  <attribute name="heapSize specified" value="28770304" />
  <attribute name="Current GC Util" value="23" />
  <attribute name= "Current Time Running" value="1981" />
  <attribute name ="GC Interval" value="200" />
  <attribute name="ProportionalT" value="3.000000" />
  <attribute name="ProportionalI" value="3.000000" />
  <attribute name="ProportionalH" value="3.000000" />
  <attribute name="Current Error" value="3.000000" />
  <attribute name="IntegralT" value="51.000000" />
  <attribute name="IntegralI" value="51.000000" />
  <attribute name="IntegralH" value="51.000000" />
  <attribute name="DerivativeT" value="0.176471" />
  <attribute name="DerivativeI" value="0.176471" />
  <attribute name="DerivativeH" value="0.176471" />
  <attribute name="Loop Time for DT" value="17.000000" />
  <attribute name="Output H" value="8388608"/>
  <attribute name="Output I" value="200"/>
  <attribute name="Output T" value="4"/>
  <attribute name="Target GC Util Change" value ="20.000000" />
  <attribute name="Current GC Util Change" value="23.000000"/>
  <attribute name="GC Util currently" value="23" />
  <attribute name="CPU Util currently" value="274069479517" />
<allocation-satisfied id="1652" threadId="0000000000DDD900" bytesRequested="40" />
<af-end id="1653" timestamp="2019-06-17T06:04:32.318" threadId="0000000000DDE288" success="true" from="nursery"/>
<exclusive-end id="1654" timestamp="2019-06-17T06:04:32.318" durationms="2.346" />

<exclusive-start id="1655" timestamp="2019-06-17T06:04:32.331" intervalms="15.571">
  <response-info timems="0.024" idlems="0.024" threads="0" lastid="0000000000DDD900" lastname="Thread-8" />
</exclusive-start>
<af-start id="1656" threadId="0000000000DDE288" totalBytesRequested="40" timestamp="2019-06-17T06:04:32.331" intervalms="15.562" type="nursery" />
<cycle-start id="1657" type="scavenge" contextid="0" timestamp="2019-06-17T06:04:32.331" intervalms="15.522" />
<gc-start id="1658" type="scavenge" contextid="1657" timestamp="2019-06-17T06:04:32.331">
  <mem-info id="1659" free="2063136064" total="2092630016" percent="98">
    <mem type="nursery" free="0" total="24641536" percent="0">
      <mem type="allocate" free="0" total="22151168" percent="0" />
      <mem type="survivor" free="0" total="2490368" percent="0" />
    </mem>
    <mem type="tenure" free="2063136064" total="2067988480" percent="99">
      <mem type="soa" free="1959736640" total="1964589056" percent="99" />
      <mem type="loa" free="103399424" total="103399424" percent="100" />
    </mem>
    <remembered-set count="6077" />
  </mem-info>
</gc-start>
<allocation-stats totalBytes="21567424" >
  <allocated-bytes non-tlh="40" tlh="21567384" />
  <largest-consumer threadName="Thread-8" threadId="0000000000DDD900" bytes="5996064" />
</allocation-stats>
<gc-op id="1660" type="scavenge" timems="1.411" contextid="1657" timestamp="2019-06-17T06:04:32.333">
  <scavenger-info tenureage="3" tenuremask="4018" tiltratio="89" />
  <memory-copied type="nursery" objects="12011" bytes="426816" bytesdiscarded="185280" />
  <memory-copied type="tenure" objects="8948" bytes="352128" bytesdiscarded="48" />
</gc-op>
<gc-end id="1661" type="scavenge" contextid="1657" durationms="1.837" usertimems="4.000" systemtimems="0.000" timestamp="2019-06-17T06:04:32.333" activeThreads="4">
  <mem-info id="1662" free="2084342592" total="2092630016" percent="99">
    <mem type="nursery" free="21539072" total="24641536" percent="87">
      <mem type="allocate" free="21539072" total="22151168" percent="97" />
      <mem type="survivor" free="0" total="2490368" percent="0" />
    </mem>
    <mem type="tenure" free="2062803520" total="2067988480" percent="99">
      <mem type="soa" free="1959404096" total="1964589056" percent="99" />
      <mem type="loa" free="103399424" total="103399424" percent="100" />
    </mem>
    <remembered-set count="5805" />
  </mem-info>
</gc-end>
<cycle-end id="1663" type="scavenge" contextid="1657" timestamp="2019-06-17T06:04:32.333" />
  <attribute name="elasticGC enabled" value="1" />
  <attribute name= "numThreadsSpecified" value="4" />
  <attribute name="heapSize specified" value="28770304" />
  <attribute name="Current GC Util" value="15" />
  <attribute name= "Current Time Running" value="1996" />
  <attribute name ="GC Interval" value="200" />
  <attribute name="ProportionalT" value="-5.000000" />
  <attribute name="ProportionalI" value="-5.000000" />
  <attribute name="ProportionalH" value="-5.000000" />
  <attribute name="Current Error" value="-5.000000" />
  <attribute name="IntegralT" value="-75.000000" />
  <attribute name="IntegralI" value="-75.000000" />
  <attribute name="IntegralH" value="-75.000000" />
  <attribute name="DerivativeT" value="-0.533333" />
  <attribute name="DerivativeI" value="-0.533333" />
  <attribute name="DerivativeH" value="-0.533333" />
  <attribute name="Loop Time for DT" value="15.000000" />
  <attribute name="Output H" value="2092630016"/>
  <attribute name="Output I" value="200"/>
  <attribute name="Output T" value="4"/>
  <attribute name="Target GC Util Change" value ="20.000000" />
  <attribute name="Current GC Util Change" value="15.000000"/>
  <attribute name="GC Util currently" value="15" />
  <attribute name="CPU Util currently" value="299454432910" />
<allocation-satisfied id="1664" threadId="0000000000DDD900" bytesRequested="40" />
<af-end id="1665" timestamp="2019-06-17T06:04:32.334" threadId="0000000000DDE288" success="true" from="nursery"/>
<exclusive-end id="1666" timestamp="2019-06-17T06:04:32.334" durationms="2.682" />

<exclusive-start id="1667" timestamp="2019-06-17T06:04:32.346" intervalms="15.187">
  <response-info timems="0.023" idlems="0.023" threads="0" lastid="0000000000DD9D00" lastname="Thread-10" />
</exclusive-start>
<af-start id="1668" threadId="0000000000DDA688" totalBytesRequested="40" timestamp="2019-06-17T06:04:32.346" intervalms="15.190" type="nursery" />
<cycle-start id="1669" type="scavenge" contextid="0" timestamp="2019-06-17T06:04:32.346" intervalms="15.186" />
<gc-start id="1670" type="scavenge" contextid="1669" timestamp="2019-06-17T06:04:32.346">
  <mem-info id="1671" free="2062803520" total="2092630016" percent="98">
    <mem type="nursery" free="0" total="24641536" percent="0">
      <mem type="allocate" free="0" total="22151168" percent="0" />
      <mem type="survivor" free="0" total="2490368" percent="0" />
    </mem>
    <mem type="tenure" free="2062803520" total="2067988480" percent="99">
      <mem type="soa" free="1959404096" total="1964589056" percent="99" />
      <mem type="loa" free="103399424" total="103399424" percent="100" />
    </mem>
    <remembered-set count="6953" />
  </mem-info>
</gc-start>
<allocation-stats totalBytes="21536232" >
  <allocated-bytes non-tlh="40" tlh="21536192" />
  <largest-consumer threadName="Thread-7" threadId="0000000000DE5100" bytes="6432088" />
</allocation-stats>
<gc-op id="1672" type="scavenge" timems="0.497" contextid="1669" timestamp="2019-06-17T06:04:32.347">
  <scavenger-info tenureage="3" tenuremask="4008" tiltratio="89" />
  <memory-copied type="nursery" objects="11933" bytes="424808" bytesdiscarded="257176" />
  <memory-copied type="tenure" objects="2013" bytes="48312" bytesdiscarded="0" />
</gc-op>
<gc-end id="1673" type="scavenge" contextid="1669" durationms="0.673" usertimems="4.000" systemtimems="0.000" timestamp="2019-06-17T06:04:32.347" activeThreads="4">
  <mem-info id="1674" free="2084141376" total="2092630016" percent="99">
    <mem type="nursery" free="21469184" total="24641536" percent="87">
      <mem type="allocate" free="21469184" total="22151168" percent="96" />
      <mem type="survivor" free="0" total="2490368" percent="0" />
    </mem>
    <mem type="tenure" free="2062672192" total="2067988480" percent="99">
      <mem type="soa" free="1959272768" total="1964589056" percent="99" />
      <mem type="loa" free="103399424" total="103399424" percent="100" />
    </mem>
    <remembered-set count="4939" />
  </mem-info>
</gc-end>
<cycle-end id="1675" type="scavenge" contextid="1669" timestamp="2019-06-17T06:04:32.347" />
  <attribute name="elasticGC enabled" value="1" />
  <attribute name= "numThreadsSpecified" value="4" />
  <attribute name="heapSize specified" value="28770304" />
  <attribute name="Current GC Util" value="25" />
  <attribute name= "Current Time Running" value="2011" />
  <attribute name ="GC Interval" value="200" />
  <attribute name="ProportionalT" value="5.000000" />
  <attribute name="ProportionalI" value="5.000000" />
  <attribute name="ProportionalH" value="5.000000" />
  <attribute name="Current Error" value="5.000000" />
  <attribute name="IntegralT" value="75.000000" />
  <attribute name="IntegralI" value="75.000000" />
  <attribute name="IntegralH" value="75.000000" />
  <attribute name="DerivativeT" value="0.333333" />
  <attribute name="DerivativeI" value="0.333333" />
  <attribute name="DerivativeH" value="0.333333" />
  <attribute name="Loop Time for DT" value="15.000000" />
  <attribute name="Output H" value="8388608"/>
  <attribute name="Output I" value="200"/>
  <attribute name="Output T" value="4"/>
  <attribute name="Target GC Util Change" value ="20.000000" />
  <attribute name="Current GC Util Change" value="25.000000"/>
  <attribute name="GC Util currently" value="25" />
  <attribute name="CPU Util currently" value="303939588033" />
<allocation-satisfied id="1676" threadId="0000000000DD9D00" bytesRequested="40" />
<af-end id="1677" timestamp="2019-06-17T06:04:32.347" threadId="0000000000DDA688" success="true" from="nursery"/>
<exclusive-end id="1678" timestamp="2019-06-17T06:04:32.347" durationms="1.247" />

<exclusive-start id="1679" timestamp="2019-06-17T06:04:32.361" intervalms="14.714">
  <response-info timems="0.031" idlems="0.031" threads="0" lastid="0000000000DDD900" lastname="Thread-8" />
</exclusive-start>
<af-start id="1680" threadId="0000000000DDE288" totalBytesRequested="40" timestamp="2019-06-17T06:04:32.361" intervalms="14.715" type="nursery" />
<cycle-start id="1681" type="scavenge" contextid="0" timestamp="2019-06-17T06:04:32.361" intervalms="14.724" />
<gc-start id="1682" type="scavenge" contextid="1681" timestamp="2019-06-17T06:04:32.361">
  <mem-info id="1683" free="2062672192" total="2092630016" percent="98">
    <mem type="nursery" free="0" total="24641536" percent="0">
      <mem type="allocate" free="0" total="22151168" percent="0" />
      <mem type="survivor" free="0" total="2490368" percent="0" />
    </mem>
    <mem type="tenure" free="2062672192" total="2067988480" percent="99">
      <mem type="soa" free="1959272768" total="1964589056" percent="99" />
      <mem type="loa" free="103399424" total="103399424" percent="100" />
    </mem>
    <remembered-set count="6039" />
  </mem-info>
</gc-start>
<allocation-stats totalBytes="21466640" >
  <allocated-bytes non-tlh="40" tlh="21466600" />
  <largest-consumer threadName="Thread-7" threadId="0000000000DE5100" bytes="6231288" />
</allocation-stats>
<gc-op id="1684" type="scavenge" timems="0.930" contextid="1681" timestamp="2019-06-17T06:04:32.362">
  <scavenger-info tenureage="3" tenuremask="4008" tiltratio="89" />
  <memory-copied type="nursery" objects="11773" bytes="421320" bytesdiscarded="129336" />
  <memory-copied type="tenure" objects="2177" bytes="52248" bytesdiscarded="0" />
</gc-op>
<gc-end id="1685" type="scavenge" contextid="1681" durationms="1.517" usertimems="0.000" systemtimems="4.000" timestamp="2019-06-17T06:04:32.363" activeThreads="4">
  <mem-info id="1686" free="2084233536" total="2092630016" percent="99">
    <mem type="nursery" free="21600512" total="24641536" percent="87">
      <mem type="allocate" free="21600512" total="22151168" percent="97" />
      <mem type="survivor" free="0" total="2490368" percent="0" />
    </mem>
    <mem type="tenure" free="2062633024" total="2067988480" percent="99">
      <mem type="soa" free="1959233600" total="1964589056" percent="99" />
      <mem type="loa" free="103399424" total="103399424" percent="100" />
    </mem>
    <remembered-set count="3862" />
  </mem-info>
</gc-end>
<cycle-end id="1687" type="scavenge" contextid="1681" timestamp="2019-06-17T06:04:32.363" />
  <attribute name="elasticGC enabled" value="1" />
  <attribute name= "numThreadsSpecified" value="4" />
  <attribute name="heapSize specified" value="28770304" />
  <attribute name="Current GC Util" value="11" />
  <attribute name= "Current Time Running" value="2026" />
  <attribute name ="GC Interval" value="200" />
  <attribute name="ProportionalT" value="-9.000000" />
  <attribute name="ProportionalI" value="-9.000000" />
  <attribute name="ProportionalH" value="-9.000000" />
  <attribute name="Current Error" value="-9.000000" />
  <attribute name="IntegralT" value="-135.000000" />
  <attribute name="IntegralI" value="-135.000000" />
  <attribute name="IntegralH" value="-135.000000" />
  <attribute name="DerivativeT" value="-0.933333" />
  <attribute name="DerivativeI" value="-0.933333" />
  <attribute name="DerivativeH" value="-0.933333" />
  <attribute name="Loop Time for DT" value="15.000000" />
  <attribute name="Output H" value="2092630016"/>
  <attribute name="Output I" value="200"/>
  <attribute name="Output T" value="4"/>
  <attribute name="Target GC Util Change" value ="20.000000" />
  <attribute name="Current GC Util Change" value="11.000000"/>
  <attribute name="GC Util currently" value="11" />
  <attribute name="CPU Util currently" value="309381720828" />
<allocation-satisfied id="1688" threadId="0000000000DDD900" bytesRequested="40" />
<af-end id="1689" timestamp="2019-06-17T06:04:32.363" threadId="0000000000DDE288" success="true" from="nursery"/>
<exclusive-end id="1690" timestamp="2019-06-17T06:04:32.363" durationms="2.301" />

<exclusive-start id="1691" timestamp="2019-06-17T06:04:32.376" intervalms="15.348">
  <response-info timems="0.022" idlems="0.022" threads="0" lastid="0000000000DE5100" lastname="Thread-7" />
</exclusive-start>
<af-start id="1692" threadId="0000000000DE5A88" totalBytesRequested="40" timestamp="2019-06-17T06:04:32.376" intervalms="15.358" type="nursery" />
<cycle-start id="1693" type="scavenge" contextid="0" timestamp="2019-06-17T06:04:32.376" intervalms="15.379" />
<gc-start id="1694" type="scavenge" contextid="1693" timestamp="2019-06-17T06:04:32.377">
  <mem-info id="1695" free="2062633024" total="2092630016" percent="98">
    <mem type="nursery" free="0" total="24641536" percent="0">
      <mem type="allocate" free="0" total="22151168" percent="0" />
      <mem type="survivor" free="0" total="2490368" percent="0" />
    </mem>
    <mem type="tenure" free="2062633024" total="2067988480" percent="99">
      <mem type="soa" free="1959233600" total="1964589056" percent="99" />
      <mem type="loa" free="103399424" total="103399424" percent="100" />
    </mem>
    <remembered-set count="4654" />
  </mem-info>
</gc-start>
<allocation-stats totalBytes="21597968" >
  <allocated-bytes non-tlh="40" tlh="21597928" />
  <largest-consumer threadName="Thread-7" threadId="0000000000DE5100" bytes="5864648" />
</allocation-stats>
<gc-op id="1696" type="scavenge" timems="1.103" contextid="1693" timestamp="2019-06-17T06:04:32.378">
  <scavenger-info tenureage="3" tenuremask="4008" tiltratio="89" />
  <memory-copied type="nursery" objects="11866" bytes="423416" bytesdiscarded="57352" />
  <memory-copied type="tenure" objects="7616" bytes="320160" bytesdiscarded="24" />
</gc-op>
<gc-end id="1697" type="scavenge" contextid="1693" durationms="1.522" usertimems="0.000" systemtimems="0.000" timestamp="2019-06-17T06:04:32.378" activeThreads="4">
  <mem-info id="1698" free="2083931712" total="2092630016" percent="99">
    <mem type="nursery" free="21670400" total="24641536" percent="87">
      <mem type="allocate" free="21670400" total="22151168" percent="97" />
      <mem type="survivor" free="0" total="2490368" percent="0" />
    </mem>
    <mem type="tenure" free="2062261312" total="2067988480" percent="99">
      <mem type="soa" free="1958861888" total="1964589056" percent="99" />
      <mem type="loa" free="103399424" total="103399424" percent="100" />
    </mem>
    <remembered-set count="5512" />
  </mem-info>
</gc-end>
<cycle-end id="1699" type="scavenge" contextid="1693" timestamp="2019-06-17T06:04:32.378" />
  <attribute name="elasticGC enabled" value="1" />
  <attribute name= "numThreadsSpecified" value="4" />
  <attribute name="heapSize specified" value="28770304" />
  <attribute name="Current GC Util" value="15" />
  <attribute name= "Current Time Running" value="2042" />
  <attribute name ="GC Interval" value="200" />
  <attribute name="ProportionalT" value="-5.000000" />
  <attribute name="ProportionalI" value="-5.000000" />
  <attribute name="ProportionalH" value="-5.000000" />
  <attribute name="Current Error" value="-5.000000" />
  <attribute name="IntegralT" value="-80.000000" />
  <attribute name="IntegralI" value="-80.000000" />
  <attribute name="IntegralH" value="-80.000000" />
  <attribute name="DerivativeT" value="-0.312500" />
  <attribute name="DerivativeI" value="-0.312500" />
  <attribute name="DerivativeH" value="-0.312500" />
  <attribute name="Loop Time for DT" value="16.000000" />
  <attribute name="Output H" value="2092630016"/>
  <attribute name="Output I" value="200"/>
  <attribute name="Output T" value="4"/>
  <attribute name="Target GC Util Change" value ="20.000000" />
  <attribute name="Current GC Util Change" value="15.000000"/>
  <attribute name="GC Util currently" value="15" />
  <attribute name="CPU Util currently" value="298499427364" />
<allocation-satisfied id="1700" threadId="0000000000DE5100" bytesRequested="40" />
<af-end id="1701" timestamp="2019-06-17T06:04:32.379" threadId="0000000000DE5A88" success="true" from="nursery"/>
<exclusive-end id="1702" timestamp="2019-06-17T06:04:32.379" durationms="2.390" />

<exclusive-start id="1703" timestamp="2019-06-17T06:04:32.392" intervalms="15.927">
  <response-info timems="0.025" idlems="0.025" threads="0" lastid="0000000000DE5100" lastname="Thread-7" />
</exclusive-start>
<af-start id="1704" threadId="0000000000DE5A88" totalBytesRequested="40" timestamp="2019-06-17T06:04:32.392" intervalms="15.913" type="nursery" />
<cycle-start id="1705" type="scavenge" contextid="0" timestamp="2019-06-17T06:04:32.392" intervalms="15.888" />
<gc-start id="1706" type="scavenge" contextid="1705" timestamp="2019-06-17T06:04:32.392">
  <mem-info id="1707" free="2062261312" total="2092630016" percent="98">
    <mem type="nursery" free="0" total="24641536" percent="0">
      <mem type="allocate" free="0" total="22151168" percent="0" />
      <mem type="survivor" free="0" total="2490368" percent="0" />
    </mem>
    <mem type="tenure" free="2062261312" total="2067988480" percent="99">
      <mem type="soa" free="1958861888" total="1964589056" percent="99" />
      <mem type="loa" free="103399424" total="103399424" percent="100" />
    </mem>
    <remembered-set count="6978" />
  </mem-info>
</gc-start>
<allocation-stats totalBytes="21667760" >
  <allocated-bytes non-tlh="40" tlh="21667720" />
  <largest-consumer threadName="Thread-7" threadId="0000000000DE5100" bytes="6389072" />
</allocation-stats>
<gc-op id="1708" type="scavenge" timems="1.033" contextid="1705" timestamp="2019-06-17T06:04:32.394">
  <scavenger-info tenureage="3" tenuremask="4008" tiltratio="89" />
  <memory-copied type="nursery" objects="12333" bytes="434576" bytesdiscarded="73696" />
  <memory-copied type="tenure" objects="1992" bytes="47808" bytesdiscarded="0" />
</gc-op>
<gc-end id="1709" type="scavenge" contextid="1705" durationms="1.410" usertimems="4.000" systemtimems="0.000" timestamp="2019-06-17T06:04:32.394" activeThreads="4">
  <mem-info id="1710" free="2083904208" total="2092630016" percent="99">
    <mem type="nursery" free="21642896" total="24641536" percent="87">
      <mem type="allocate" free="21642896" total="22151168" percent="97" />
      <mem type="survivor" free="0" total="2490368" percent="0" />
    </mem>
    <mem type="tenure" free="2062261312" total="2067988480" percent="99">
      <mem type="soa" free="1958861888" total="1964589056" percent="99" />
      <mem type="loa" free="103399424" total="103399424" percent="100" />
    </mem>
    <remembered-set count="4985" />
  </mem-info>
</gc-end>
<cycle-end id="1711" type="scavenge" contextid="1705" timestamp="2019-06-17T06:04:32.394" />
  <attribute name="elasticGC enabled" value="1" />
  <attribute name= "numThreadsSpecified" value="4" />
  <attribute name="heapSize specified" value="28770304" />
  <attribute name="Current GC Util" value="18" />
  <attribute name= "Current Time Running" value="2058" />
  <attribute name ="GC Interval" value="200" />
  <attribute name="ProportionalT" value="-2.000000" />
  <attribute name="ProportionalI" value="-2.000000" />
  <attribute name="ProportionalH" value="-2.000000" />
  <attribute name="Current Error" value="-2.000000" />
  <attribute name="IntegralT" value="-32.000000" />
  <attribute name="IntegralI" value="-32.000000" />
  <attribute name="IntegralH" value="-32.000000" />
  <attribute name="DerivativeT" value="-0.125000" />
  <attribute name="DerivativeI" value="-0.125000" />
  <attribute name="DerivativeH" value="-0.125000" />
  <attribute name="Loop Time for DT" value="16.000000" />
  <attribute name="Output H" value="2092630016"/>
  <attribute name="Output I" value="200"/>
  <attribute name="Output T" value="4"/>
  <attribute name="Target GC Util Change" value ="20.000000" />
  <attribute name="Current GC Util Change" value="18.000000"/>
  <attribute name="GC Util currently" value="18" />
  <attribute name="CPU Util currently" value="292581891040" />
<allocation-satisfied id="1712" threadId="0000000000DE5100" bytesRequested="40" />
<af-end id="1713" timestamp="2019-06-17T06:04:32.394" threadId="0000000000DE5A88" success="true" from="nursery"/>
<exclusive-end id="1714" timestamp="2019-06-17T06:04:32.394" durationms="2.016" />

<exclusive-start id="1715" timestamp="2019-06-17T06:04:32.408" intervalms="15.360">
  <response-info timems="0.033" idlems="0.033" threads="0" lastid="0000000000DE5100" lastname="Thread-7" />
</exclusive-start>
<af-start id="1716" threadId="0000000000DE5A88" totalBytesRequested="40" timestamp="2019-06-17T06:04:32.408" intervalms="15.357" type="nursery" />
<cycle-start id="1717" type="scavenge" contextid="0" timestamp="2019-06-17T06:04:32.408" intervalms="15.356" />
<gc-start id="1718" type="scavenge" contextid="1717" timestamp="2019-06-17T06:04:32.408">
  <mem-info id="1719" free="2062261312" total="2092630016" percent="98">
    <mem type="nursery" free="0" total="24641536" percent="0">
      <mem type="allocate" free="0" total="22151168" percent="0" />
      <mem type="survivor" free="0" total="2490368" percent="0" />
    </mem>
    <mem type="tenure" free="2062261312" total="2067988480" percent="99">
      <mem type="soa" free="1958861888" total="1964589056" percent="99" />
      <mem type="loa" free="103399424" total="103399424" percent="100" />
    </mem>
    <remembered-set count="6726" />
  </mem-info>
</gc-start>
<allocation-stats totalBytes="21640216" >
  <allocated-bytes non-tlh="40" tlh="21640176" />
  <largest-consumer threadName="Thread-7" threadId="0000000000DE5100" bytes="6405008" />
</allocation-stats>
<gc-op id="1720" type="scavenge" timems="1.437" contextid="1717" timestamp="2019-06-17T06:04:32.410">
  <scavenger-info tenureage="3" tenuremask="4008" tiltratio="89" />
  <memory-copied type="nursery" objects="13218" bytes="455864" bytesdiscarded="133960" />
  <memory-copied type="tenure" objects="1921" bytes="46104" bytesdiscarded="0" />
</gc-op>
<gc-end id="1721" type="scavenge" contextid="1717" durationms="1.892" usertimems="4.000" systemtimems="0.000" timestamp="2019-06-17T06:04:32.410" activeThreads="4">
  <mem-info id="1722" free="2083783488" total="2092630016" percent="99">
    <mem type="nursery" free="21561344" total="24641536" percent="87">
      <mem type="allocate" free="21561344" total="22151168" percent="97" />
      <mem type="survivor" free="0" total="2490368" percent="0" />
    </mem>
    <mem type="tenure" free="2062222144" total="2067988480" percent="99">
      <mem type="soa" free="1958822720" total="1964589056" percent="99" />
      <mem type="loa" free="103399424" total="103399424" percent="100" />
    </mem>
    <remembered-set count="4805" />
  </mem-info>
</gc-end>
<cycle-end id="1723" type="scavenge" contextid="1717" timestamp="2019-06-17T06:04:32.410" />
  <attribute name="elasticGC enabled" value="1" />
  <attribute name= "numThreadsSpecified" value="4" />
  <attribute name="heapSize specified" value="28770304" />
  <attribute name="Current GC Util" value="17" />
  <attribute name= "Current Time Running" value="2073" />
  <attribute name ="GC Interval" value="200" />
  <attribute name="ProportionalT" value="-3.000000" />
  <attribute name="ProportionalI" value="-3.000000" />
  <attribute name="ProportionalH" value="-3.000000" />
  <attribute name="Current Error" value="-3.000000" />
  <attribute name="IntegralT" value="-45.000000" />
  <attribute name="IntegralI" value="-45.000000" />
  <attribute name="IntegralH" value="-45.000000" />
  <attribute name="DerivativeT" value="-0.200000" />
  <attribute name="DerivativeI" value="-0.200000" />
  <attribute name="DerivativeH" value="-0.200000" />
  <attribute name="Loop Time for DT" value="15.000000" />
  <attribute name="Output H" value="2092630016"/>
  <attribute name="Output I" value="200"/>
  <attribute name="Output T" value="4"/>
  <attribute name="Target GC Util Change" value ="20.000000" />
  <attribute name="Current GC Util Change" value="17.000000"/>
  <attribute name="GC Util currently" value="17" />
  <attribute name="CPU Util currently" value="299110326600" />
<allocation-satisfied id="1724" threadId="0000000000DE5100" bytesRequested="40" />
<af-end id="1725" timestamp="2019-06-17T06:04:32.410" threadId="0000000000DE5A88" success="true" from="nursery"/>
<exclusive-end id="1726" timestamp="2019-06-17T06:04:32.410" durationms="2.579" />

<exclusive-start id="1727" timestamp="2019-06-17T06:04:32.425" intervalms="17.226">
  <response-info timems="0.022" idlems="0.022" threads="0" lastid="0000000000DD9D00" lastname="Thread-10" />
</exclusive-start>
<af-start id="1728" threadId="0000000000DDA688" totalBytesRequested="40" timestamp="2019-06-17T06:04:32.425" intervalms="17.226" type="nursery" />
<cycle-start id="1729" type="scavenge" contextid="0" timestamp="2019-06-17T06:04:32.425" intervalms="17.222" />
<gc-start id="1730" type="scavenge" contextid="1729" timestamp="2019-06-17T06:04:32.425">
  <mem-info id="1731" free="2062222144" total="2092630016" percent="98">
    <mem type="nursery" free="0" total="24641536" percent="0">
      <mem type="allocate" free="0" total="22151168" percent="0" />
      <mem type="survivor" free="0" total="2490368" percent="0" />
    </mem>
    <mem type="tenure" free="2062222144" total="2067988480" percent="99">
      <mem type="soa" free="1958822720" total="1964589056" percent="99" />
      <mem type="loa" free="103399424" total="103399424" percent="100" />
    </mem>
    <remembered-set count="5421" />
  </mem-info>
</gc-start>
<allocation-stats totalBytes="21558872" >
  <allocated-bytes non-tlh="40" tlh="21558832" />
  <largest-consumer threadName="Thread-10" threadId="0000000000DD9D00" bytes="5799120" />
</allocation-stats>
<gc-op id="1732" type="scavenge" timems="2.036" contextid="1729" timestamp="2019-06-17T06:04:32.427">
  <scavenger-info tenureage="3" tenuremask="4008" tiltratio="89" />
  <memory-copied type="nursery" objects="19208" bytes="737232" bytesdiscarded="48408" />
  <memory-copied type="tenure" objects="7736" bytes="323040" bytesdiscarded="48" />
</gc-op>
<gc-end id="1733" type="scavenge" contextid="1729" durationms="2.340" usertimems="4.000" systemtimems="0.000" timestamp="2019-06-17T06:04:32.427" activeThreads="1">
  <mem-info id="1734" free="2083325016" total="2092630016" percent="99">
    <mem type="nursery" free="21365528" total="24641536" percent="86">
      <mem type="allocate" free="21365528" total="22151168" percent="96" />
      <mem type="survivor" free="0" total="2490368" percent="0" />
    </mem>
    <mem type="tenure" free="2061959488" total="2067988480" percent="99">
      <mem type="soa" free="1958560064" total="1964589056" percent="99" />
      <mem type="loa" free="103399424" total="103399424" percent="100" />
    </mem>
    <remembered-set count="6856" />
  </mem-info>
</gc-end>
<cycle-end id="1735" type="scavenge" contextid="1729" timestamp="2019-06-17T06:04:32.428" />
  <attribute name="elasticGC enabled" value="1" />
  <attribute name= "numThreadsSpecified" value="1" />
  <attribute name="heapSize specified" value="28770304" />
  <attribute name="Current GC Util" value="20" />
  <attribute name= "Current Time Running" value="2090" />
  <attribute name ="GC Interval" value="200" />
  <attribute name="ProportionalT" value="0.000000" />
  <attribute name="ProportionalI" value="0.000000" />
  <attribute name="ProportionalH" value="0.000000" />
  <attribute name="Current Error" value="0.000000" />
  <attribute name="IntegralT" value="0.000000" />
  <attribute name="IntegralI" value="0.000000" />
  <attribute name="IntegralH" value="0.000000" />
  <attribute name="DerivativeT" value="0.000000" />
  <attribute name="DerivativeI" value="0.000000" />
  <attribute name="DerivativeH" value="0.000000" />
  <attribute name="Loop Time for DT" value="17.000000" />
  <attribute name="Output H" value="8388608"/>
  <attribute name="Output I" value="200"/>
  <attribute name="Output T" value="1"/>
  <attribute name="Target GC Util Change" value ="20.000000" />
  <attribute name="Current GC Util Change" value="20.000000"/>
  <attribute name="GC Util currently" value="20" />
  <attribute name="CPU Util currently" value="269350488622" />
<allocation-satisfied id="1736" threadId="0000000000DD9D00" bytesRequested="40" />
<af-end id="1737" timestamp="2019-06-17T06:04:32.428" threadId="0000000000DDA688" success="true" from="nursery"/>
<exclusive-end id="1738" timestamp="2019-06-17T06:04:32.428" durationms="2.922" />

<exclusive-start id="1739" timestamp="2019-06-17T06:04:32.444" intervalms="18.798">
  <response-info timems="0.127" idlems="0.127" threads="0" lastid="0000000000DE1500" lastname="Thread-9" />
</exclusive-start>
<af-start id="1740" threadId="0000000000DE1E88" totalBytesRequested="24" timestamp="2019-06-17T06:04:32.444" intervalms="18.807" type="nursery" />
<cycle-start id="1741" type="scavenge" contextid="0" timestamp="2019-06-17T06:04:32.444" intervalms="18.815" />
<gc-start id="1742" type="scavenge" contextid="1741" timestamp="2019-06-17T06:04:32.444">
  <mem-info id="1743" free="2061959488" total="2092630016" percent="98">
    <mem type="nursery" free="0" total="24641536" percent="0">
      <mem type="allocate" free="0" total="22151168" percent="0" />
      <mem type="survivor" free="0" total="2490368" percent="0" />
    </mem>
    <mem type="tenure" free="2061959488" total="2067988480" percent="99">
      <mem type="soa" free="1958560064" total="1964589056" percent="99" />
      <mem type="loa" free="103399424" total="103399424" percent="100" />
    </mem>
    <remembered-set count="7934" />
  </mem-info>
</gc-start>
<allocation-stats totalBytes="21362976" >
  <allocated-bytes non-tlh="40" tlh="21362936" />
  <largest-consumer threadName="Thread-10" threadId="0000000000DD9D00" bytes="5734696" />
</allocation-stats>
<gc-op id="1744" type="scavenge" timems="2.022" contextid="1741" timestamp="2019-06-17T06:04:32.446">
  <scavenger-info tenureage="3" tenuremask="4008" tiltratio="89" />
  <memory-copied type="nursery" objects="18782" bytes="726832" bytesdiscarded="110768" />
  <memory-copied type="tenure" objects="2474" bytes="59376" bytesdiscarded="0" />
</gc-op>
<gc-end id="1745" type="scavenge" contextid="1741" durationms="2.431" usertimems="4.000" systemtimems="0.000" timestamp="2019-06-17T06:04:32.446" activeThreads="4">
  <mem-info id="1746" free="2083194720" total="2092630016" percent="99">
    <mem type="nursery" free="21313568" total="24641536" percent="86">
      <mem type="allocate" free="21313568" total="22151168" percent="96" />
      <mem type="survivor" free="0" total="2490368" percent="0" />
    </mem>
    <mem type="tenure" free="2061881152" total="2067988480" percent="99">
      <mem type="soa" free="1958481728" total="1964589056" percent="99" />
      <mem type="loa" free="103399424" total="103399424" percent="100" />
    </mem>
    <remembered-set count="5458" />
  </mem-info>
</gc-end>
<cycle-end id="1747" type="scavenge" contextid="1741" timestamp="2019-06-17T06:04:32.446" />
  <attribute name="elasticGC enabled" value="1" />
  <attribute name= "numThreadsSpecified" value="4" />
  <attribute name="heapSize specified" value="28770304" />
  <attribute name="Current GC Util" value="12" />
  <attribute name= "Current Time Running" value="2109" />
  <attribute name ="GC Interval" value="200" />
  <attribute name="ProportionalT" value="-8.000000" />
  <attribute name="ProportionalI" value="-8.000000" />
  <attribute name="ProportionalH" value="-8.000000" />
  <attribute name="Current Error" value="-8.000000" />
  <attribute name="IntegralT" value="-152.000000" />
  <attribute name="IntegralI" value="-152.000000" />
  <attribute name="IntegralH" value="-152.000000" />
  <attribute name="DerivativeT" value="-0.421053" />
  <attribute name="DerivativeI" value="-0.421053" />
  <attribute name="DerivativeH" value="-0.421053" />
  <attribute name="Loop Time for DT" value="19.000000" />
  <attribute name="Output H" value="2092630016"/>
  <attribute name="Output I" value="200"/>
  <attribute name="Output T" value="4"/>
  <attribute name="Target GC Util Change" value ="20.000000" />
  <attribute name="Current GC Util Change" value="12.000000"/>
  <attribute name="GC Util currently" value="12" />
  <attribute name="CPU Util currently" value="244376157500" />
<allocation-satisfied id="1748" threadId="0000000000DE1500" bytesRequested="24" />
<af-end id="1749" timestamp="2019-06-17T06:04:32.447" threadId="0000000000DE1E88" success="true" from="nursery"/>
<exclusive-end id="1750" timestamp="2019-06-17T06:04:32.447" durationms="3.224" />

<exclusive-start id="1751" timestamp="2019-06-17T06:04:32.462" intervalms="18.495">
  <response-info timems="0.035" idlems="0.035" threads="0" lastid="0000000000DE1500" lastname="Thread-9" />
</exclusive-start>
<af-start id="1752" threadId="0000000000DE1E88" totalBytesRequested="40" timestamp="2019-06-17T06:04:32.462" intervalms="18.487" type="nursery" />
<cycle-start id="1753" type="scavenge" contextid="0" timestamp="2019-06-17T06:04:32.462" intervalms="18.480" />
<gc-start id="1754" type="scavenge" contextid="1753" timestamp="2019-06-17T06:04:32.462">
  <mem-info id="1755" free="2061881152" total="2092630016" percent="98">
    <mem type="nursery" free="0" total="24641536" percent="0">
      <mem type="allocate" free="0" total="22151168" percent="0" />
      <mem type="survivor" free="0" total="2490368" percent="0" />
    </mem>
    <mem type="tenure" free="2061881152" total="2067988480" percent="99">
      <mem type="soa" free="1958481728" total="1964589056" percent="99" />
      <mem type="loa" free="103399424" total="103399424" percent="100" />
    </mem>
    <remembered-set count="6352" />
  </mem-info>
</gc-start>
<allocation-stats totalBytes="21310808" >
  <allocated-bytes non-tlh="24" tlh="21310784" />
  <largest-consumer threadName="Thread-7" threadId="0000000000DE5100" bytes="5733632" />
</allocation-stats>
<gc-op id="1756" type="scavenge" timems="1.319" contextid="1753" timestamp="2019-06-17T06:04:32.464">
  <scavenger-info tenureage="3" tenuremask="ffe8" tiltratio="89" />
  <memory-copied type="nursery" objects="17998" bytes="708192" bytesdiscarded="171792" />
  <memory-copied type="tenure" objects="2785" bytes="66840" bytesdiscarded="0" />
</gc-op>
<gc-end id="1757" type="scavenge" contextid="1753" durationms="1.657" usertimems="4.000" systemtimems="0.000" timestamp="2019-06-17T06:04:32.464" activeThreads="4">
  <mem-info id="1758" free="2083113168" total="2092630016" percent="99">
    <mem type="nursery" free="21271184" total="24641536" percent="86">
      <mem type="allocate" free="21271184" total="22151168" percent="96" />
      <mem type="survivor" free="0" total="2490368" percent="0" />
    </mem>
    <mem type="tenure" free="2061841984" total="2067988480" percent="99">
      <mem type="soa" free="1958442560" total="1964589056" percent="99" />
      <mem type="loa" free="103399424" total="103399424" percent="100" />
    </mem>
    <remembered-set count="3567" />
  </mem-info>
</gc-end>
<cycle-end id="1759" type="scavenge" contextid="1753" timestamp="2019-06-17T06:04:32.464" />
  <attribute name="elasticGC enabled" value="1" />
  <attribute name= "numThreadsSpecified" value="4" />
  <attribute name="heapSize specified" value="28770304" />
  <attribute name="Current GC Util" value="25" />
  <attribute name= "Current Time Running" value="2127" />
  <attribute name ="GC Interval" value="200" />
  <attribute name="ProportionalT" value="5.000000" />
  <attribute name="ProportionalI" value="5.000000" />
  <attribute name="ProportionalH" value="5.000000" />
  <attribute name="Current Error" value="5.000000" />
  <attribute name="IntegralT" value="90.000000" />
  <attribute name="IntegralI" value="90.000000" />
  <attribute name="IntegralH" value="90.000000" />
  <attribute name="DerivativeT" value="0.277778" />
  <attribute name="DerivativeI" value="0.277778" />
  <attribute name="DerivativeH" value="0.277778" />
  <attribute name="Loop Time for DT" value="18.000000" />
  <attribute name="Output H" value="8388608"/>
  <attribute name="Output I" value="200"/>
  <attribute name="Output T" value="4"/>
  <attribute name="Target GC Util Change" value ="20.000000" />
  <attribute name="Current GC Util Change" value="25.000000"/>
  <attribute name="GC Util currently" value="25" />
  <attribute name="CPU Util currently" value="250474696334" />
<allocation-satisfied id="1760" threadId="0000000000DE1500" bytesRequested="40" />
<af-end id="1761" timestamp="2019-06-17T06:04:32.464" threadId="0000000000DE1E88" success="true" from="nursery"/>
<exclusive-end id="1762" timestamp="2019-06-17T06:04:32.464" durationms="2.320" />

<exclusive-start id="1763" timestamp="2019-06-17T06:04:32.482" intervalms="19.574">
  <response-info timems="0.027" idlems="0.027" threads="0" lastid="0000000000DE5100" lastname="Thread-7" />
</exclusive-start>
<af-start id="1764" threadId="0000000000DE5A88" totalBytesRequested="40" timestamp="2019-06-17T06:04:32.482" intervalms="19.607" type="nursery" />
<cycle-start id="1765" type="scavenge" contextid="0" timestamp="2019-06-17T06:04:32.482" intervalms="19.648" />
<gc-start id="1766" type="scavenge" contextid="1765" timestamp="2019-06-17T06:04:32.482">
  <mem-info id="1767" free="2061841984" total="2092630016" percent="98">
    <mem type="nursery" free="0" total="24641536" percent="0">
      <mem type="allocate" free="0" total="22151168" percent="0" />
      <mem type="survivor" free="0" total="2490368" percent="0" />
    </mem>
    <mem type="tenure" free="2061841984" total="2067988480" percent="99">
      <mem type="soa" free="1958442560" total="1964589056" percent="99" />
      <mem type="loa" free="103399424" total="103399424" percent="100" />
    </mem>
    <remembered-set count="3706" />
  </mem-info>
</gc-start>
<allocation-stats totalBytes="21268488" >
  <allocated-bytes non-tlh="40" tlh="21268448" />
  <largest-consumer threadName="Thread-7" threadId="0000000000DE5100" bytes="6946648" />
</allocation-stats>
<gc-op id="1768" type="scavenge" timems="1.738" contextid="1765" timestamp="2019-06-17T06:04:32.484">
  <scavenger-info tenureage="2" tenuremask="ffec" tiltratio="89" />
  <memory-copied type="nursery" objects="11470" bytes="414256" bytesdiscarded="237008" />
  <memory-copied type="tenure" objects="15745" bytes="652632" bytesdiscarded="48" />
</gc-op>
<gc-end id="1769" type="scavenge" contextid="1765" durationms="2.156" usertimems="4.000" systemtimems="0.000" timestamp="2019-06-17T06:04:32.484" activeThreads="4">
  <mem-info id="1770" free="2082599520" total="2092630016" percent="99">
    <mem type="nursery" free="21499904" total="24641536" percent="87">
      <mem type="allocate" free="21499904" total="22151168" percent="97" />
      <mem type="survivor" free="0" total="2490368" percent="0" />
    </mem>
    <mem type="tenure" free="2061099616" total="2067988480" percent="99">
      <mem type="soa" free="1957700192" total="1964589056" percent="99" />
      <mem type="loa" free="103399424" total="103399424" percent="100" />
    </mem>
    <remembered-set count="3877" />
  </mem-info>
</gc-end>
<cycle-end id="1771" type="scavenge" contextid="1765" timestamp="2019-06-17T06:04:32.484" />
  <attribute name="elasticGC enabled" value="1" />
  <attribute name= "numThreadsSpecified" value="4" />
  <attribute name="heapSize specified" value="28770304" />
  <attribute name="Current GC Util" value="15" />
  <attribute name= "Current Time Running" value="2147" />
  <attribute name ="GC Interval" value="200" />
  <attribute name="ProportionalT" value="-5.000000" />
  <attribute name="ProportionalI" value="-5.000000" />
  <attribute name="ProportionalH" value="-5.000000" />
  <attribute name="Current Error" value="-5.000000" />
  <attribute name="IntegralT" value="-100.000000" />
  <attribute name="IntegralI" value="-100.000000" />
  <attribute name="IntegralH" value="-100.000000" />
  <attribute name="DerivativeT" value="-0.500000" />
  <attribute name="DerivativeI" value="-0.500000" />
  <attribute name="DerivativeH" value="-0.500000" />
  <attribute name="Loop Time for DT" value="20.000000" />
  <attribute name="Output H" value="2092630016"/>
  <attribute name="Output I" value="200"/>
  <attribute name="Output T" value="4"/>
  <attribute name="Target GC Util Change" value ="20.000000" />
  <attribute name="Current GC Util Change" value="15.000000"/>
  <attribute name="GC Util currently" value="15" />
  <attribute name="CPU Util currently" value="233086625112" />
<allocation-satisfied id="1772" threadId="0000000000DE5100" bytesRequested="40" />
<af-end id="1773" timestamp="2019-06-17T06:04:32.485" threadId="0000000000DE5A88" success="true" from="nursery"/>
<exclusive-end id="1774" timestamp="2019-06-17T06:04:32.485" durationms="2.972" />

<exclusive-start id="1775" timestamp="2019-06-17T06:04:32.499" intervalms="17.088">
  <response-info timems="0.025" idlems="0.025" threads="0" lastid="0000000000DE1500" lastname="Thread-9" />
</exclusive-start>
<af-start id="1776" threadId="0000000000DE1E88" totalBytesRequested="40" timestamp="2019-06-17T06:04:32.499" intervalms="17.064" type="nursery" />
<cycle-start id="1777" type="scavenge" contextid="0" timestamp="2019-06-17T06:04:32.499" intervalms="17.028" />
<gc-start id="1778" type="scavenge" contextid="1777" timestamp="2019-06-17T06:04:32.499">
  <mem-info id="1779" free="2061099616" total="2092630016" percent="98">
    <mem type="nursery" free="0" total="24641536" percent="0">
      <mem type="allocate" free="0" total="22151168" percent="0" />
      <mem type="survivor" free="0" total="2490368" percent="0" />
    </mem>
    <mem type="tenure" free="2061099616" total="2067988480" percent="99">
      <mem type="soa" free="1957700192" total="1964589056" percent="99" />
      <mem type="loa" free="103399424" total="103399424" percent="100" />
    </mem>
    <remembered-set count="6274" />
  </mem-info>
</gc-start>
<allocation-stats totalBytes="21497296" >
  <allocated-bytes non-tlh="40" tlh="21497256" />
  <largest-consumer threadName="Thread-7" threadId="0000000000DE5100" bytes="5602624" />
</allocation-stats>
<gc-op id="1780" type="scavenge" timems="1.119" contextid="1777" timestamp="2019-06-17T06:04:32.500">
  <scavenger-info tenureage="2" tenuremask="ffe4" tiltratio="89" />
  <memory-copied type="nursery" objects="18742" bytes="726384" bytesdiscarded="184320" />
  <memory-copied type="tenure" objects="1954" bytes="46896" bytesdiscarded="0" />
</gc-op>
<gc-end id="1781" type="scavenge" contextid="1777" durationms="1.519" usertimems="4.000" systemtimems="0.000" timestamp="2019-06-17T06:04:32.501" activeThreads="4">
  <mem-info id="1782" free="2082340080" total="2092630016" percent="99">
    <mem type="nursery" free="21240464" total="24641536" percent="86">
      <mem type="allocate" free="21240464" total="22151168" percent="95" />
      <mem type="survivor" free="0" total="2490368" percent="0" />
    </mem>
    <mem type="tenure" free="2061099616" total="2067988480" percent="99">
      <mem type="soa" free="1957700192" total="1964589056" percent="99" />
      <mem type="loa" free="103399424" total="103399424" percent="100" />
    </mem>
    <remembered-set count="4319" />
  </mem-info>
</gc-end>
<cycle-end id="1783" type="scavenge" contextid="1777" timestamp="2019-06-17T06:04:32.501" />
  <attribute name="elasticGC enabled" value="1" />
  <attribute name= "numThreadsSpecified" value="4" />
  <attribute name="heapSize specified" value="28770304" />
  <attribute name="Current GC Util" value="25" />
  <attribute name= "Current Time Running" value="2164" />
  <attribute name ="GC Interval" value="200" />
  <attribute name="ProportionalT" value="5.000000" />
  <attribute name="ProportionalI" value="5.000000" />
  <attribute name="ProportionalH" value="5.000000" />
  <attribute name="Current Error" value="5.000000" />
  <attribute name="IntegralT" value="85.000000" />
  <attribute name="IntegralI" value="85.000000" />
  <attribute name="IntegralH" value="85.000000" />
  <attribute name="DerivativeT" value="0.294118" />
  <attribute name="DerivativeI" value="0.294118" />
  <attribute name="DerivativeH" value="0.294118" />
  <attribute name="Loop Time for DT" value="17.000000" />
  <attribute name="Output H" value="8388608"/>
  <attribute name="Output I" value="200"/>
  <attribute name="Output T" value="4"/>
  <attribute name="Target GC Util Change" value ="20.000000" />
  <attribute name="Current GC Util Change" value="25.000000"/>
  <attribute name="GC Util currently" value="25" />
  <attribute name="CPU Util currently" value="271249990364" />
<allocation-satisfied id="1784" threadId="0000000000DE1500" bytesRequested="40" />
<af-end id="1785" timestamp="2019-06-17T06:04:32.501" threadId="0000000000DE1E88" success="true" from="nursery"/>
<exclusive-end id="1786" timestamp="2019-06-17T06:04:32.501" durationms="2.250" />

<exclusive-start id="1787" timestamp="2019-06-17T06:04:32.515" intervalms="15.993">
  <response-info timems="0.025" idlems="0.025" threads="0" lastid="0000000000DD9D00" lastname="Thread-10" />
</exclusive-start>
<af-start id="1788" threadId="0000000000DDA688" totalBytesRequested="24" timestamp="2019-06-17T06:04:32.515" intervalms="15.985" type="nursery" />
<cycle-start id="1789" type="scavenge" contextid="0" timestamp="2019-06-17T06:04:32.515" intervalms="15.979" />
<gc-start id="1790" type="scavenge" contextid="1789" timestamp="2019-06-17T06:04:32.515">
  <mem-info id="1791" free="2061099616" total="2092630016" percent="98">
    <mem type="nursery" free="0" total="24641536" percent="0">
      <mem type="allocate" free="0" total="22151168" percent="0" />
      <mem type="survivor" free="0" total="2490368" percent="0" />
    </mem>
    <mem type="tenure" free="2061099616" total="2067988480" percent="99">
      <mem type="soa" free="1957700192" total="1964589056" percent="99" />
      <mem type="loa" free="103399424" total="103399424" percent="100" />
    </mem>
    <remembered-set count="6466" />
  </mem-info>
</gc-start>
<allocation-stats totalBytes="21237816" >
  <allocated-bytes non-tlh="40" tlh="21237776" />
  <largest-consumer threadName="Thread-8" threadId="0000000000DDD900" bytes="5864560" />
</allocation-stats>
<gc-op id="1792" type="scavenge" timems="0.717" contextid="1789" timestamp="2019-06-17T06:04:32.516">
  <scavenger-info tenureage="2" tenuremask="4004" tiltratio="89" />
  <memory-copied type="nursery" objects="18575" bytes="722104" bytesdiscarded="57272" />
  <memory-copied type="tenure" objects="9206" bytes="358320" bytesdiscarded="24" />
</gc-op>
<gc-end id="1793" type="scavenge" contextid="1789" durationms="0.953" usertimems="0.000" systemtimems="0.000" timestamp="2019-06-17T06:04:32.516" activeThreads="4">
  <mem-info id="1794" free="2081906928" total="2092630016" percent="99">
    <mem type="nursery" free="21371792" total="24641536" percent="86">
      <mem type="allocate" free="21371792" total="22151168" percent="96" />
      <mem type="survivor" free="0" total="2490368" percent="0" />
    </mem>
    <mem type="tenure" free="2060535136" total="2067988480" percent="99">
      <mem type="soa" free="1957135712" total="1964589056" percent="99" />
      <mem type="loa" free="103399424" total="103399424" percent="100" />
    </mem>
    <remembered-set count="6031" />
  </mem-info>
</gc-end>
<cycle-end id="1795" type="scavenge" contextid="1789" timestamp="2019-06-17T06:04:32.516" />
  <attribute name="elasticGC enabled" value="1" />
  <attribute name= "numThreadsSpecified" value="4" />
  <attribute name="heapSize specified" value="28770304" />
  <attribute name="Current GC Util" value="17" />
  <attribute name= "Current Time Running" value="2180" />
  <attribute name ="GC Interval" value="200" />
  <attribute name="ProportionalT" value="-3.000000" />
  <attribute name="ProportionalI" value="-3.000000" />
  <attribute name="ProportionalH" value="-3.000000" />
  <attribute name="Current Error" value="-3.000000" />
  <attribute name="IntegralT" value="-48.000000" />
  <attribute name="IntegralI" value="-48.000000" />
  <attribute name="IntegralH" value="-48.000000" />
  <attribute name="DerivativeT" value="-0.500000" />
  <attribute name="DerivativeI" value="-0.500000" />
  <attribute name="DerivativeH" value="-0.500000" />
  <attribute name="Loop Time for DT" value="16.000000" />
  <attribute name="Output H" value="2092630016"/>
  <attribute name="Output I" value="200"/>
  <attribute name="Output T" value="4"/>
  <attribute name="Target GC Util Change" value ="20.000000" />
  <attribute name="Current GC Util Change" value="17.000000"/>
  <attribute name="GC Util currently" value="17" />
  <attribute name="CPU Util currently" value="291405695774" />
<allocation-satisfied id="1796" threadId="0000000000DD9D00" bytesRequested="24" />
<af-end id="1797" timestamp="2019-06-17T06:04:32.516" threadId="0000000000DDA688" success="true" from="nursery"/>
<exclusive-end id="1798" timestamp="2019-06-17T06:04:32.516" durationms="1.483" />

<exclusive-start id="1799" timestamp="2019-06-17T06:04:32.534" intervalms="19.229">
  <response-info timems="0.063" idlems="0.063" threads="0" lastid="0000000000DE5100" lastname="Thread-7" />
</exclusive-start>
<af-start id="1800" threadId="0000000000DE5A88" totalBytesRequested="24" timestamp="2019-06-17T06:04:32.534" intervalms="19.264" type="nursery" />
<cycle-start id="1801" type="scavenge" contextid="0" timestamp="2019-06-17T06:04:32.534" intervalms="19.315" />
<gc-start id="1802" type="scavenge" contextid="1801" timestamp="2019-06-17T06:04:32.534">
  <mem-info id="1803" free="2060535136" total="2092630016" percent="98">
    <mem type="nursery" free="0" total="24641536" percent="0">
      <mem type="allocate" free="0" total="22151168" percent="0" />
      <mem type="survivor" free="0" total="2490368" percent="0" />
    </mem>
    <mem type="tenure" free="2060535136" total="2067988480" percent="99">
      <mem type="soa" free="1957135712" total="1964589056" percent="99" />
      <mem type="loa" free="103399424" total="103399424" percent="100" />
    </mem>
    <remembered-set count="7177" />
  </mem-info>
</gc-start>
<allocation-stats totalBytes="21369048" >
  <allocated-bytes non-tlh="24" tlh="21369024" />
  <largest-consumer threadName="Thread-8" threadId="0000000000DDD900" bytes="6520080" />
</allocation-stats>
<gc-op id="1804" type="scavenge" timems="1.021" contextid="1801" timestamp="2019-06-17T06:04:32.536">
  <scavenger-info tenureage="2" tenuremask="4004" tiltratio="89" />
  <memory-copied type="nursery" objects="11345" bytes="411304" bytesdiscarded="259016" />
  <memory-copied type="tenure" objects="9204" bytes="358272" bytesdiscarded="0" />
</gc-op>
<gc-end id="1805" type="scavenge" contextid="1801" durationms="1.469" usertimems="4.000" systemtimems="0.000" timestamp="2019-06-17T06:04:32.536" activeThreads="4">
  <mem-info id="1806" free="2081744880" total="2092630016" percent="99">
    <mem type="nursery" free="21480848" total="24641536" percent="87">
      <mem type="allocate" free="21480848" total="22151168" percent="96" />
      <mem type="survivor" free="0" total="2490368" percent="0" />
    </mem>
    <mem type="tenure" free="2060264032" total="2067988480" percent="99">
      <mem type="soa" free="1956864608" total="1964589056" percent="99" />
      <mem type="loa" free="103399424" total="103399424" percent="100" />
    </mem>
    <remembered-set count="4833" />
  </mem-info>
</gc-end>
<cycle-end id="1807" type="scavenge" contextid="1801" timestamp="2019-06-17T06:04:32.536" />
  <attribute name="elasticGC enabled" value="1" />
  <attribute name= "numThreadsSpecified" value="4" />
  <attribute name="heapSize specified" value="28770304" />
  <attribute name="Current GC Util" value="14" />
  <attribute name= "Current Time Running" value="2200" />
  <attribute name ="GC Interval" value="200" />
  <attribute name="ProportionalT" value="-6.000000" />
  <attribute name="ProportionalI" value="-6.000000" />
  <attribute name="ProportionalH" value="-6.000000" />
  <attribute name="Current Error" value="-6.000000" />
  <attribute name="IntegralT" value="-120.000000" />
  <attribute name="IntegralI" value="-120.000000" />
  <attribute name="IntegralH" value="-120.000000" />
  <attribute name="DerivativeT" value="-0.300000" />
  <attribute name="DerivativeI" value="-0.300000" />
  <attribute name="DerivativeH" value="-0.300000" />
  <attribute name="Loop Time for DT" value="20.000000" />
  <attribute name="Output H" value="2092630016"/>
  <attribute name="Output I" value="200"/>
  <attribute name="Output T" value="4"/>
  <attribute name="Target GC Util Change" value ="20.000000" />
  <attribute name="Current GC Util Change" value="14.000000"/>
  <attribute name="GC Util currently" value="14" />
  <attribute name="CPU Util currently" value="236525622941" />
<allocation-satisfied id="1808" threadId="0000000000DE5100" bytesRequested="24" />
<af-end id="1809" timestamp="2019-06-17T06:04:32.536" threadId="0000000000DE5A88" success="true" from="nursery"/>
<exclusive-end id="1810" timestamp="2019-06-17T06:04:32.536" durationms="2.255" />

<exclusive-start id="1811" timestamp="2019-06-17T06:04:32.557" intervalms="22.590">
  <response-info timems="4.605" idlems="2.314" threads="1" lastid="0000000000DE1500" lastname="Thread-9" />
</exclusive-start>
<af-start id="1812" threadId="0000000000DE5A88" totalBytesRequested="40" timestamp="2019-06-17T06:04:32.557" intervalms="22.674" type="nursery" />
<cycle-start id="1813" type="scavenge" contextid="0" timestamp="2019-06-17T06:04:32.557" intervalms="22.746" />
<gc-start id="1814" type="scavenge" contextid="1813" timestamp="2019-06-17T06:04:32.557">
  <mem-info id="1815" free="2060264032" total="2092630016" percent="98">
    <mem type="nursery" free="0" total="24641536" percent="0">
      <mem type="allocate" free="0" total="22151168" percent="0" />
      <mem type="survivor" free="0" total="2490368" percent="0" />
    </mem>
    <mem type="tenure" free="2060264032" total="2067988480" percent="99">
      <mem type="soa" free="1956864608" total="1964589056" percent="99" />
      <mem type="loa" free="103399424" total="103399424" percent="100" />
    </mem>
    <remembered-set count="5529" />
  </mem-info>
</gc-start>
<allocation-stats totalBytes="21478344" >
  <allocated-bytes non-tlh="24" tlh="21478320" />
  <largest-consumer threadName="Thread-7" threadId="0000000000DE5100" bytes="7306432" />
</allocation-stats>
<gc-op id="1816" type="scavenge" timems="1.507" contextid="1813" timestamp="2019-06-17T06:04:32.559">
  <scavenger-info tenureage="2" tenuremask="4004" tiltratio="89" />
  <memory-copied type="nursery" objects="13500" bytes="462824" bytesdiscarded="149272" />
  <memory-copied type="tenure" objects="9060" bytes="354816" bytesdiscarded="48" />
</gc-op>
<gc-end id="1817" type="scavenge" contextid="1813" durationms="1.987" usertimems="0.000" systemtimems="0.000" timestamp="2019-06-17T06:04:32.559" activeThreads="4">
  <mem-info id="1818" free="2081439840" total="2092630016" percent="99">
    <mem type="nursery" free="21539072" total="24641536" percent="87">
      <mem type="allocate" free="21539072" total="22151168" percent="97" />
      <mem type="survivor" free="0" total="2490368" percent="0" />
    </mem>
    <mem type="tenure" free="2059900768" total="2067988480" percent="99">
      <mem type="soa" free="1956501344" total="1964589056" percent="99" />
      <mem type="loa" free="103399424" total="103399424" percent="100" />
    </mem>
    <remembered-set count="3335" />
  </mem-info>
</gc-end>
<cycle-end id="1819" type="scavenge" contextid="1813" timestamp="2019-06-17T06:04:32.559" />
  <attribute name="elasticGC enabled" value="1" />
  <attribute name= "numThreadsSpecified" value="4" />
  <attribute name="heapSize specified" value="28770304" />
  <attribute name="Current GC Util" value="11" />
  <attribute name= "Current Time Running" value="2222" />
  <attribute name ="GC Interval" value="200" />
  <attribute name="ProportionalT" value="-9.000000" />
  <attribute name="ProportionalI" value="-9.000000" />
  <attribute name="ProportionalH" value="-9.000000" />
  <attribute name="Current Error" value="-9.000000" />
  <attribute name="IntegralT" value="-198.000000" />
  <attribute name="IntegralI" value="-198.000000" />
  <attribute name="IntegralH" value="-198.000000" />
  <attribute name="DerivativeT" value="-0.409091" />
  <attribute name="DerivativeI" value="-0.409091" />
  <attribute name="DerivativeH" value="-0.409091" />
  <attribute name="Loop Time for DT" value="22.000000" />
  <attribute name="Output H" value="2092630016"/>
  <attribute name="Output I" value="200"/>
  <attribute name="Output T" value="4"/>
  <attribute name="Target GC Util Change" value ="20.000000" />
  <attribute name="Current GC Util Change" value="11.000000"/>
  <attribute name="GC Util currently" value="11" />
  <attribute name="CPU Util currently" value="201692672147" />
<allocation-satisfied id="1820" threadId="0000000000DE5100" bytesRequested="40" />
<af-end id="1821" timestamp="2019-06-17T06:04:32.559" threadId="0000000000DE5A88" success="true" from="nursery"/>
<exclusive-end id="1822" timestamp="2019-06-17T06:04:32.560" durationms="3.055" />

<exclusive-start id="1823" timestamp="2019-06-17T06:04:32.575" intervalms="18.463">
  <response-info timems="0.035" idlems="0.035" threads="0" lastid="0000000000DE5100" lastname="Thread-7" />
</exclusive-start>
<af-start id="1824" threadId="0000000000DE5A88" totalBytesRequested="40" timestamp="2019-06-17T06:04:32.575" intervalms="18.381" type="nursery" />
<cycle-start id="1825" type="scavenge" contextid="0" timestamp="2019-06-17T06:04:32.575" intervalms="18.265" />
<gc-start id="1826" type="scavenge" contextid="1825" timestamp="2019-06-17T06:04:32.575">
  <mem-info id="1827" free="2059900768" total="2092630016" percent="98">
    <mem type="nursery" free="0" total="24641536" percent="0">
      <mem type="allocate" free="0" total="22151168" percent="0" />
      <mem type="survivor" free="0" total="2490368" percent="0" />
    </mem>
    <mem type="tenure" free="2059900768" total="2067988480" percent="99">
      <mem type="soa" free="1956501344" total="1964589056" percent="99" />
      <mem type="loa" free="103399424" total="103399424" percent="100" />
    </mem>
    <remembered-set count="4485" />
  </mem-info>
</gc-start>
<allocation-stats totalBytes="21536304" >
  <allocated-bytes non-tlh="40" tlh="21536264" />
  <largest-consumer threadName="Thread-7" threadId="0000000000DE5100" bytes="7568456" />
</allocation-stats>
<gc-op id="1828" type="scavenge" timems="1.539" contextid="1825" timestamp="2019-06-17T06:04:32.577">
  <scavenger-info tenureage="2" tenuremask="4004" tiltratio="89" />
  <memory-copied type="nursery" objects="11761" bytes="421328" bytesdiscarded="115504" />
  <memory-copied type="tenure" objects="1988" bytes="47712" bytesdiscarded="0" />
</gc-op>
<gc-end id="1829" type="scavenge" contextid="1825" durationms="1.979" usertimems="4.000" systemtimems="0.000" timestamp="2019-06-17T06:04:32.577" activeThreads="4">
  <mem-info id="1830" free="2081475936" total="2092630016" percent="99">
    <mem type="nursery" free="21614336" total="24641536" percent="87">
      <mem type="allocate" free="21614336" total="22151168" percent="97" />
      <mem type="survivor" free="0" total="2490368" percent="0" />
    </mem>
    <mem type="tenure" free="2059861600" total="2067988480" percent="99">
      <mem type="soa" free="1956462176" total="1964589056" percent="99" />
      <mem type="loa" free="103399424" total="103399424" percent="100" />
    </mem>
    <remembered-set count="2496" />
  </mem-info>
</gc-end>
<cycle-end id="1831" type="scavenge" contextid="1825" timestamp="2019-06-17T06:04:32.577" />
  <attribute name="elasticGC enabled" value="1" />
  <attribute name= "numThreadsSpecified" value="4" />
  <attribute name="heapSize specified" value="28770304" />
  <attribute name="Current GC Util" value="21" />
  <attribute name= "Current Time Running" value="2240" />
  <attribute name ="GC Interval" value="200" />
  <attribute name="ProportionalT" value="1.000000" />
  <attribute name="ProportionalI" value="1.000000" />
  <attribute name="ProportionalH" value="1.000000" />
  <attribute name="Current Error" value="1.000000" />
  <attribute name="IntegralT" value="18.000000" />
  <attribute name="IntegralI" value="18.000000" />
  <attribute name="IntegralH" value="18.000000" />
  <attribute name="DerivativeT" value="0.055556" />
  <attribute name="DerivativeI" value="0.055556" />
  <attribute name="DerivativeH" value="0.055556" />
  <attribute name="Loop Time for DT" value="18.000000" />
  <attribute name="Output H" value="8388608"/>
  <attribute name="Output I" value="200"/>
  <attribute name="Output T" value="4"/>
  <attribute name="Target GC Util Change" value ="20.000000" />
  <attribute name="Current GC Util Change" value="21.000000"/>
  <attribute name="GC Util currently" value="21" />
  <attribute name="CPU Util currently" value="254593512341" />
<allocation-satisfied id="1832" threadId="0000000000DE5100" bytesRequested="40" />
<af-end id="1833" timestamp="2019-06-17T06:04:32.578" threadId="0000000000DE5A88" success="true" from="nursery"/>
<exclusive-end id="1834" timestamp="2019-06-17T06:04:32.578" durationms="2.724" />

<exclusive-start id="1835" timestamp="2019-06-17T06:04:32.594" intervalms="19.036">
  <response-info timems="0.037" idlems="0.037" threads="0" lastid="0000000000DD9D00" lastname="Thread-10" />
</exclusive-start>
<af-start id="1836" threadId="0000000000DDA688" totalBytesRequested="40" timestamp="2019-06-17T06:04:32.594" intervalms="19.008" type="nursery" />
<cycle-start id="1837" type="scavenge" contextid="0" timestamp="2019-06-17T06:04:32.594" intervalms="19.007" />
<gc-start id="1838" type="scavenge" contextid="1837" timestamp="2019-06-17T06:04:32.594">
  <mem-info id="1839" free="2059861600" total="2092630016" percent="98">
    <mem type="nursery" free="0" total="24641536" percent="0">
      <mem type="allocate" free="0" total="22151168" percent="0" />
      <mem type="survivor" free="0" total="2490368" percent="0" />
    </mem>
    <mem type="tenure" free="2059861600" total="2067988480" percent="99">
      <mem type="soa" free="1956462176" total="1964589056" percent="99" />
      <mem type="loa" free="103399424" total="103399424" percent="100" />
    </mem>
    <remembered-set count="3841" />
  </mem-info>
</gc-start>
<allocation-stats totalBytes="21611728" >
  <allocated-bytes non-tlh="40" tlh="21611688" />
  <largest-consumer threadName="Thread-7" threadId="0000000000DE5100" bytes="8354920" />
</allocation-stats>
<gc-op id="1840" type="scavenge" timems="0.443" contextid="1837" timestamp="2019-06-17T06:04:32.595">
  <scavenger-info tenureage="2" tenuremask="4004" tiltratio="89" />
  <memory-copied type="nursery" objects="11427" bytes="412880" bytesdiscarded="176944" />
  <memory-copied type="tenure" objects="2275" bytes="54600" bytesdiscarded="0" />
</gc-op>
<gc-end id="1841" type="scavenge" contextid="1837" durationms="0.741" usertimems="4.000" systemtimems="0.000" timestamp="2019-06-17T06:04:32.595" activeThreads="4">
  <mem-info id="1842" free="2081422944" total="2092630016" percent="99">
    <mem type="nursery" free="21561344" total="24641536" percent="87">
      <mem type="allocate" free="21561344" total="22151168" percent="97" />
      <mem type="survivor" free="0" total="2490368" percent="0" />
    </mem>
    <mem type="tenure" free="2059861600" total="2067988480" percent="99">
      <mem type="soa" free="1956462176" total="1964589056" percent="99" />
      <mem type="loa" free="103399424" total="103399424" percent="100" />
    </mem>
    <remembered-set count="2589" />
  </mem-info>
</gc-end>
<cycle-end id="1843" type="scavenge" contextid="1837" timestamp="2019-06-17T06:04:32.595" />
  <attribute name="elasticGC enabled" value="1" />
  <attribute name= "numThreadsSpecified" value="4" />
  <attribute name="heapSize specified" value="28770304" />
  <attribute name="Current GC Util" value="17" />
  <attribute name= "Current Time Running" value="2259" />
  <attribute name ="GC Interval" value="200" />
  <attribute name="ProportionalT" value="-3.000000" />
  <attribute name="ProportionalI" value="-3.000000" />
  <attribute name="ProportionalH" value="-3.000000" />
  <attribute name="Current Error" value="-3.000000" />
  <attribute name="IntegralT" value="-57.000000" />
  <attribute name="IntegralI" value="-57.000000" />
  <attribute name="IntegralH" value="-57.000000" />
  <attribute name="DerivativeT" value="-0.210526" />
  <attribute name="DerivativeI" value="-0.210526" />
  <attribute name="DerivativeH" value="-0.210526" />
  <attribute name="Loop Time for DT" value="19.000000" />
  <attribute name="Output H" value="2092630016"/>
  <attribute name="Output I" value="200"/>
  <attribute name="Output T" value="4"/>
  <attribute name="Target GC Util Change" value ="20.000000" />
  <attribute name="Current GC Util Change" value="17.000000"/>
  <attribute name="GC Util currently" value="17" />
  <attribute name="CPU Util currently" value="243929719657" />
<allocation-satisfied id="1844" threadId="0000000000DD9D00" bytesRequested="40" />
<af-end id="1845" timestamp="2019-06-17T06:04:32.595" threadId="0000000000DDA688" success="true" from="nursery"/>
<exclusive-end id="1846" timestamp="2019-06-17T06:04:32.595" durationms="1.336" />

<exclusive-start id="1847" timestamp="2019-06-17T06:04:32.612" intervalms="17.904">
  <response-info timems="0.197" idlems="0.182" threads="1" lastid="0000000000DE1500" lastname="Thread-9" />
</exclusive-start>
<af-start id="1848" threadId="0000000000DDE288" totalBytesRequested="40" timestamp="2019-06-17T06:04:32.612" intervalms="17.926" type="nursery" />
<cycle-start id="1849" type="scavenge" contextid="0" timestamp="2019-06-17T06:04:32.612" intervalms="17.933" />
<gc-start id="1850" type="scavenge" contextid="1849" timestamp="2019-06-17T06:04:32.612">
  <mem-info id="1851" free="2059861600" total="2092630016" percent="98">
    <mem type="nursery" free="0" total="24641536" percent="0">
      <mem type="allocate" free="0" total="22151168" percent="0" />
      <mem type="survivor" free="0" total="2490368" percent="0" />
    </mem>
    <mem type="tenure" free="2059861600" total="2067988480" percent="99">
      <mem type="soa" free="1956462176" total="1964589056" percent="99" />
      <mem type="loa" free="103399424" total="103399424" percent="100" />
    </mem>
    <remembered-set count="4286" />
  </mem-info>
</gc-start>
<allocation-stats totalBytes="21559144" >
  <allocated-bytes non-tlh="40" tlh="21559104" />
  <largest-consumer threadName="Thread-7" threadId="0000000000DE5100" bytes="8224064" />
</allocation-stats>
<gc-op id="1852" type="scavenge" timems="1.476" contextid="1849" timestamp="2019-06-17T06:04:32.614">
  <scavenger-info tenureage="2" tenuremask="4004" tiltratio="89" />
  <memory-copied type="nursery" objects="10766" bytes="397480" bytesdiscarded="183896" />
  <memory-copied type="tenure" objects="9155" bytes="357096" bytesdiscarded="48" />
</gc-op>
<gc-end id="1853" type="scavenge" contextid="1849" durationms="2.077" usertimems="4.000" systemtimems="0.000" timestamp="2019-06-17T06:04:32.614" activeThreads="4">
  <mem-info id="1854" free="2081160288" total="2092630016" percent="99">
    <mem type="nursery" free="21569792" total="24641536" percent="87">
      <mem type="allocate" free="21569792" total="22151168" percent="97" />
      <mem type="survivor" free="0" total="2490368" percent="0" />
    </mem>
    <mem type="tenure" free="2059590496" total="2067988480" percent="99">
      <mem type="soa" free="1956191072" total="1964589056" percent="99" />
      <mem type="loa" free="103399424" total="103399424" percent="100" />
    </mem>
    <remembered-set count="4421" />
  </mem-info>
</gc-end>
<cycle-end id="1855" type="scavenge" contextid="1849" timestamp="2019-06-17T06:04:32.615" />
  <attribute name="elasticGC enabled" value="1" />
  <attribute name= "numThreadsSpecified" value="4" />
  <attribute name="heapSize specified" value="28770304" />
  <attribute name="Current GC Util" value="8" />
  <attribute name= "Current Time Running" value="2277" />
  <attribute name ="GC Interval" value="200" />
  <attribute name="ProportionalT" value="-12.000000" />
  <attribute name="ProportionalI" value="-12.000000" />
  <attribute name="ProportionalH" value="-12.000000" />
  <attribute name="Current Error" value="-12.000000" />
  <attribute name="IntegralT" value="-216.000000" />
  <attribute name="IntegralI" value="-216.000000" />
  <attribute name="IntegralH" value="-216.000000" />
  <attribute name="DerivativeT" value="-0.666667" />
  <attribute name="DerivativeI" value="-0.666667" />
  <attribute name="DerivativeH" value="-0.666667" />
  <attribute name="Loop Time for DT" value="18.000000" />
  <attribute name="Output H" value="2092630016"/>
  <attribute name="Output I" value="200"/>
  <attribute name="Output T" value="4"/>
  <attribute name="Target GC Util Change" value ="20.000000" />
  <attribute name="Current GC Util Change" value="8.000000"/>
  <attribute name="GC Util currently" value="8" />
  <attribute name="CPU Util currently" value="255033169911" />
<allocation-satisfied id="1856" threadId="0000000000DDD900" bytesRequested="40" />
<af-end id="1857" timestamp="2019-06-17T06:04:32.615" threadId="0000000000DDE288" success="true" from="nursery"/>
<exclusive-end id="1858" timestamp="2019-06-17T06:04:32.615" durationms="2.931" />

<exclusive-start id="1859" timestamp="2019-06-17T06:04:32.632" intervalms="20.464">
  <response-info timems="0.205" idlems="0.186" threads="1" lastid="0000000000DDD900" lastname="Thread-8" />
</exclusive-start>
<af-start id="1860" threadId="0000000000DE1E88" totalBytesRequested="40" timestamp="2019-06-17T06:04:32.633" intervalms="20.453" type="nursery" />
<cycle-start id="1861" type="scavenge" contextid="0" timestamp="2019-06-17T06:04:32.633" intervalms="20.453" />
<gc-start id="1862" type="scavenge" contextid="1861" timestamp="2019-06-17T06:04:32.633">
  <mem-info id="1863" free="2059590496" total="2092630016" percent="98">
    <mem type="nursery" free="0" total="24641536" percent="0">
      <mem type="allocate" free="0" total="22151168" percent="0" />
      <mem type="survivor" free="0" total="2490368" percent="0" />
    </mem>
    <mem type="tenure" free="2059590496" total="2067988480" percent="99">
      <mem type="soa" free="1956191072" total="1964589056" percent="99" />
      <mem type="loa" free="103399424" total="103399424" percent="100" />
    </mem>
    <remembered-set count="6083" />
  </mem-info>
</gc-start>
<allocation-stats totalBytes="21567272" >
  <allocated-bytes non-tlh="40" tlh="21567232" />
  <largest-consumer threadName="Thread-7" threadId="0000000000DE5100" bytes="8223896" />
</allocation-stats>
<gc-op id="1864" type="scavenge" timems="1.512" contextid="1861" timestamp="2019-06-17T06:04:32.635">
  <scavenger-info tenureage="2" tenuremask="4004" tiltratio="89" />
  <memory-copied type="nursery" objects="17843" bytes="704648" bytesdiscarded="178552" />
  <memory-copied type="tenure" objects="2059" bytes="49416" bytesdiscarded="0" />
</gc-op>
<gc-end id="1865" type="scavenge" contextid="1861" durationms="2.030" usertimems="4.000" systemtimems="0.000" timestamp="2019-06-17T06:04:32.635" activeThreads="4">
  <mem-info id="1866" free="2080819296" total="2092630016" percent="99">
    <mem type="nursery" free="21267968" total="24641536" percent="86">
      <mem type="allocate" free="21267968" total="22151168" percent="96" />
      <mem type="survivor" free="0" total="2490368" percent="0" />
    </mem>
    <mem type="tenure" free="2059551328" total="2067988480" percent="99">
      <mem type="soa" free="1956151904" total="1964589056" percent="99" />
      <mem type="loa" free="103399424" total="103399424" percent="100" />
    </mem>
    <remembered-set count="4023" />
  </mem-info>
</gc-end>
<cycle-end id="1867" type="scavenge" contextid="1861" timestamp="2019-06-17T06:04:32.635" />
  <attribute name="elasticGC enabled" value="1" />
  <attribute name= "numThreadsSpecified" value="4" />
  <attribute name="heapSize specified" value="28770304" />
  <attribute name="Current GC Util" value="18" />
  <attribute name= "Current Time Running" value="2298" />
  <attribute name ="GC Interval" value="200" />
  <attribute name="ProportionalT" value="-2.000000" />
  <attribute name="ProportionalI" value="-2.000000" />
  <attribute name="ProportionalH" value="-2.000000" />
  <attribute name="Current Error" value="-2.000000" />
  <attribute name="IntegralT" value="-42.000000" />
  <attribute name="IntegralI" value="-42.000000" />
  <attribute name="IntegralH" value="-42.000000" />
  <attribute name="DerivativeT" value="-0.095238" />
  <attribute name="DerivativeI" value="-0.095238" />
  <attribute name="DerivativeH" value="-0.095238" />
  <attribute name="Loop Time for DT" value="21.000000" />
  <attribute name="Output H" value="2092630016"/>
  <attribute name="Output I" value="200"/>
  <attribute name="Output T" value="4"/>
  <attribute name="Target GC Util Change" value ="20.000000" />
  <attribute name="Current GC Util Change" value="18.000000"/>
  <attribute name="GC Util currently" value="18" />
  <attribute name="CPU Util currently" value="226049288198" />
<allocation-satisfied id="1868" threadId="0000000000DE1500" bytesRequested="40" />
<af-end id="1869" timestamp="2019-06-17T06:04:32.635" threadId="0000000000DE1E88" success="true" from="nursery"/>
<exclusive-end id="1870" timestamp="2019-06-17T06:04:32.635" durationms="2.828" />

<exclusive-start id="1871" timestamp="2019-06-17T06:04:32.653" intervalms="20.965">
  <response-info timems="0.030" idlems="0.030" threads="0" lastid="0000000000DE5100" lastname="Thread-7" />
</exclusive-start>
<af-start id="1872" threadId="0000000000DE5A88" totalBytesRequested="136" timestamp="2019-06-17T06:04:32.653" intervalms="20.973" type="nursery" />
<cycle-start id="1873" type="scavenge" contextid="0" timestamp="2019-06-17T06:04:32.654" intervalms="20.973" />
<gc-start id="1874" type="scavenge" contextid="1873" timestamp="2019-06-17T06:04:32.654">
  <mem-info id="1875" free="2059551328" total="2092630016" percent="98">
    <mem type="nursery" free="0" total="24641536" percent="0">
      <mem type="allocate" free="0" total="22151168" percent="0" />
      <mem type="survivor" free="0" total="2490368" percent="0" />
    </mem>
    <mem type="tenure" free="2059551328" total="2067988480" percent="99">
      <mem type="soa" free="1956151904" total="1964589056" percent="99" />
      <mem type="loa" free="103399424" total="103399424" percent="100" />
    </mem>
    <remembered-set count="5531" />
  </mem-info>
</gc-start>
<allocation-stats totalBytes="21265336" >
  <allocated-bytes non-tlh="40" tlh="21265296" />
  <largest-consumer threadName="Thread-10" threadId="0000000000DD9D00" bytes="7044256" />
</allocation-stats>
<gc-op id="1876" type="scavenge" timems="1.981" contextid="1873" timestamp="2019-06-17T06:04:32.656">
  <scavenger-info tenureage="2" tenuremask="4004" tiltratio="89" />
  <memory-copied type="nursery" objects="18000" bytes="708384" bytesdiscarded="135648" />
  <memory-copied type="tenure" objects="8385" bytes="338616" bytesdiscarded="48" />
</gc-op>
<gc-end id="1877" type="scavenge" contextid="1873" durationms="2.348" usertimems="4.000" systemtimems="0.000" timestamp="2019-06-17T06:04:32.656" activeThreads="4">
  <mem-info id="1878" free="2080416864" total="2092630016" percent="99">
    <mem type="nursery" free="21307136" total="24641536" percent="86">
      <mem type="allocate" free="21307136" total="22151168" percent="96" />
      <mem type="survivor" free="0" total="2490368" percent="0" />
    </mem>
    <mem type="tenure" free="2059109728" total="2067988480" percent="99">
      <mem type="soa" free="1955710304" total="1964589056" percent="99" />
      <mem type="loa" free="103399424" total="103399424" percent="100" />
    </mem>
    <remembered-set count="5232" />
  </mem-info>
</gc-end>
<cycle-end id="1879" type="scavenge" contextid="1873" timestamp="2019-06-17T06:04:32.656" />
  <attribute name="elasticGC enabled" value="1" />
  <attribute name= "numThreadsSpecified" value="4" />
  <attribute name="heapSize specified" value="28770304" />
  <attribute name="Current GC Util" value="16" />
  <attribute name= "Current Time Running" value="2319" />
  <attribute name ="GC Interval" value="200" />
  <attribute name="ProportionalT" value="-4.000000" />
  <attribute name="ProportionalI" value="-4.000000" />
  <attribute name="ProportionalH" value="-4.000000" />
  <attribute name="Current Error" value="-4.000000" />
  <attribute name="IntegralT" value="-84.000000" />
  <attribute name="IntegralI" value="-84.000000" />
  <attribute name="IntegralH" value="-84.000000" />
  <attribute name="DerivativeT" value="-0.190476" />
  <attribute name="DerivativeI" value="-0.190476" />
  <attribute name="DerivativeH" value="-0.190476" />
  <attribute name="Loop Time for DT" value="21.000000" />
  <attribute name="Output H" value="2092630016"/>
  <attribute name="Output I" value="200"/>
  <attribute name="Output T" value="4"/>
  <attribute name="Target GC Util Change" value ="20.000000" />
  <attribute name="Current GC Util Change" value="16.000000"/>
  <attribute name="GC Util currently" value="16" />
  <attribute name="CPU Util currently" value="220133810866" />
<allocation-satisfied id="1880" threadId="0000000000DE5100" bytesRequested="136" />
<af-end id="1881" timestamp="2019-06-17T06:04:32.657" threadId="0000000000DE5A88" success="true" from="nursery"/>
<exclusive-end id="1882" timestamp="2019-06-17T06:04:32.657" durationms="3.285" />

<exclusive-start id="1883" timestamp="2019-06-17T06:04:32.676" intervalms="22.154">
  <response-info timems="0.072" idlems="0.072" threads="0" lastid="0000000000DE1500" lastname="Thread-9" />
</exclusive-start>
<af-start id="1884" threadId="0000000000DE1E88" totalBytesRequested="40" timestamp="2019-06-17T06:04:32.676" intervalms="22.198" type="nursery" />
<cycle-start id="1885" type="scavenge" contextid="0" timestamp="2019-06-17T06:04:32.676" intervalms="22.220" />
<gc-start id="1886" type="scavenge" contextid="1885" timestamp="2019-06-17T06:04:32.676">
  <mem-info id="1887" free="2059109728" total="2092630016" percent="98">
    <mem type="nursery" free="0" total="24641536" percent="0">
      <mem type="allocate" free="0" total="22151168" percent="0" />
      <mem type="survivor" free="0" total="2490368" percent="0" />
    </mem>
    <mem type="tenure" free="2059109728" total="2067988480" percent="99">
      <mem type="soa" free="1955710304" total="1964589056" percent="99" />
      <mem type="loa" free="103399424" total="103399424" percent="100" />
    </mem>
    <remembered-set count="6591" />
  </mem-info>
</gc-start>
<allocation-stats totalBytes="21304656" >
  <allocated-bytes non-tlh="136" tlh="21304520" />
  <largest-consumer threadName="Thread-7" threadId="0000000000DE5100" bytes="6986792" />
</allocation-stats>
<gc-op id="1888" type="scavenge" timems="0.759" contextid="1885" timestamp="2019-06-17T06:04:32.677">
  <scavenger-info tenureage="2" tenuremask="4004" tiltratio="89" />
  <memory-copied type="nursery" objects="10977" bytes="402600" bytesdiscarded="170328" />
  <memory-copied type="tenure" objects="9149" bytes="356952" bytesdiscarded="0" />
</gc-op>
<gc-end id="1889" type="scavenge" contextid="1885" durationms="1.080" usertimems="4.000" systemtimems="0.000" timestamp="2019-06-17T06:04:32.677" activeThreads="4">
  <mem-info id="1890" free="2080346976" total="2092630016" percent="99">
    <mem type="nursery" free="21578240" total="24641536" percent="87">
      <mem type="allocate" free="21578240" total="22151168" percent="97" />
      <mem type="survivor" free="0" total="2490368" percent="0" />
    </mem>
    <mem type="tenure" free="2058768736" total="2067988480" percent="99">
      <mem type="soa" free="1955369312" total="1964589056" percent="99" />
      <mem type="loa" free="103399424" total="103399424" percent="100" />
    </mem>
    <remembered-set count="4812" />
  </mem-info>
</gc-end>
<cycle-end id="1891" type="scavenge" contextid="1885" timestamp="2019-06-17T06:04:32.677" />
  <attribute name="elasticGC enabled" value="1" />
  <attribute name= "numThreadsSpecified" value="4" />
  <attribute name="heapSize specified" value="28770304" />
  <attribute name="Current GC Util" value="21" />
  <attribute name= "Current Time Running" value="2341" />
  <attribute name ="GC Interval" value="200" />
  <attribute name="ProportionalT" value="1.000000" />
  <attribute name="ProportionalI" value="1.000000" />
  <attribute name="ProportionalH" value="1.000000" />
  <attribute name="Current Error" value="1.000000" />
  <attribute name="IntegralT" value="22.000000" />
  <attribute name="IntegralI" value="22.000000" />
  <attribute name="IntegralH" value="22.000000" />
  <attribute name="DerivativeT" value="0.045455" />
  <attribute name="DerivativeI" value="0.045455" />
  <attribute name="DerivativeH" value="0.045455" />
  <attribute name="Loop Time for DT" value="22.000000" />
  <attribute name="Output H" value="8388608"/>
  <attribute name="Output I" value="200"/>
  <attribute name="Output T" value="4"/>
  <attribute name="Target GC Util Change" value ="20.000000" />
  <attribute name="Current GC Util Change" value="21.000000"/>
  <attribute name="GC Util currently" value="21" />
  <attribute name="CPU Util currently" value="208095568314" />
<allocation-satisfied id="1892" threadId="0000000000DE1500" bytesRequested="40" />
<af-end id="1893" timestamp="2019-06-17T06:04:32.677" threadId="0000000000DE1E88" success="true" from="nursery"/>
<exclusive-end id="1894" timestamp="2019-06-17T06:04:32.677" durationms="1.886" />

<exclusive-start id="1895" timestamp="2019-06-17T06:04:32.692" intervalms="16.595">
  <response-info timems="0.043" idlems="0.043" threads="0" lastid="0000000000DDD900" lastname="Thread-8" />
</exclusive-start>
<af-start id="1896" threadId="0000000000DDE288" totalBytesRequested="40" timestamp="2019-06-17T06:04:32.692" intervalms="16.582" type="nursery" />
<cycle-start id="1897" type="scavenge" contextid="0" timestamp="2019-06-17T06:04:32.692" intervalms="16.563" />
<gc-start id="1898" type="scavenge" contextid="1897" timestamp="2019-06-17T06:04:32.693">
  <mem-info id="1899" free="2058768736" total="2092630016" percent="98">
    <mem type="nursery" free="0" total="24641536" percent="0">
      <mem type="allocate" free="0" total="22151168" percent="0" />
      <mem type="survivor" free="0" total="2490368" percent="0" />
    </mem>
    <mem type="tenure" free="2058768736" total="2067988480" percent="99">
      <mem type="soa" free="1955369312" total="1964589056" percent="99" />
      <mem type="loa" free="103399424" total="103399424" percent="100" />
    </mem>
    <remembered-set count="5621" />
  </mem-info>
</gc-start>
<allocation-stats totalBytes="21576256" >
  <allocated-bytes non-tlh="40" tlh="21576216" />
  <largest-consumer threadName="Thread-7" threadId="0000000000DE5100" bytes="6864784" />
</allocation-stats>
<gc-op id="1900" type="scavenge" timems="1.284" contextid="1897" timestamp="2019-06-17T06:04:32.694">
  <scavenger-info tenureage="2" tenuremask="4004" tiltratio="89" />
  <memory-copied type="nursery" objects="9367" bytes="363880" bytesdiscarded="156056" />
  <memory-copied type="tenure" objects="8594" bytes="343632" bytesdiscarded="24" />
</gc-op>
<gc-end id="1901" type="scavenge" contextid="1897" durationms="1.847" usertimems="4.000" systemtimems="0.000" timestamp="2019-06-17T06:04:32.694" activeThreads="4">
  <mem-info id="1902" free="2080028256" total="2092630016" percent="99">
    <mem type="nursery" free="21631232" total="24641536" percent="87">
      <mem type="allocate" free="21631232" total="22151168" percent="97" />
      <mem type="survivor" free="0" total="2490368" percent="0" />
    </mem>
    <mem type="tenure" free="2058397024" total="2067988480" percent="99">
      <mem type="soa" free="1954997600" total="1964589056" percent="99" />
      <mem type="loa" free="103399424" total="103399424" percent="100" />
    </mem>
    <remembered-set count="3229" />
  </mem-info>
</gc-end>
<cycle-end id="1903" type="scavenge" contextid="1897" timestamp="2019-06-17T06:04:32.695" />
  <attribute name="elasticGC enabled" value="1" />
  <attribute name= "numThreadsSpecified" value="4" />
  <attribute name="heapSize specified" value="28770304" />
  <attribute name="Current GC Util" value="13" />
  <attribute name= "Current Time Running" value="2358" />
  <attribute name ="GC Interval" value="200" />
  <attribute name="ProportionalT" value="-7.000000" />
  <attribute name="ProportionalI" value="-7.000000" />
  <attribute name="ProportionalH" value="-7.000000" />
  <attribute name="Current Error" value="-7.000000" />
  <attribute name="IntegralT" value="-119.000000" />
  <attribute name="IntegralI" value="-119.000000" />
  <attribute name="IntegralH" value="-119.000000" />
  <attribute name="DerivativeT" value="-0.470588" />
  <attribute name="DerivativeI" value="-0.470588" />
  <attribute name="DerivativeH" value="-0.470588" />
  <attribute name="Loop Time for DT" value="17.000000" />
  <attribute name="Output H" value="2092630016"/>
  <attribute name="Output I" value="200"/>
  <attribute name="Output T" value="4"/>
  <attribute name="Target GC Util Change" value ="20.000000" />
  <attribute name="Current GC Util Change" value="13.000000"/>
  <attribute name="GC Util currently" value="13" />
  <attribute name="CPU Util currently" value="277352072370" />
<allocation-satisfied id="1904" threadId="0000000000DDD900" bytesRequested="40" />
<af-end id="1905" timestamp="2019-06-17T06:04:32.695" threadId="0000000000DDE288" success="true" from="nursery"/>
<exclusive-end id="1906" timestamp="2019-06-17T06:04:32.695" durationms="2.788" />

<exclusive-start id="1907" timestamp="2019-06-17T06:04:32.707" intervalms="15.244">
  <response-info timems="0.111" idlems="0.111" threads="0" lastid="0000000000DE5100" lastname="Thread-7" />
</exclusive-start>
<af-start id="1908" threadId="0000000000DE5A88" totalBytesRequested="40" timestamp="2019-06-17T06:04:32.708" intervalms="15.225" type="nursery" />
<cycle-start id="1909" type="scavenge" contextid="0" timestamp="2019-06-17T06:04:32.708" intervalms="15.218" />
<gc-start id="1910" type="scavenge" contextid="1909" timestamp="2019-06-17T06:04:32.708">
  <mem-info id="1911" free="2058397024" total="2092630016" percent="98">
    <mem type="nursery" free="0" total="24641536" percent="0">
      <mem type="allocate" free="0" total="22151168" percent="0" />
      <mem type="survivor" free="0" total="2490368" percent="0" />
    </mem>
    <mem type="tenure" free="2058397024" total="2067988480" percent="99">
      <mem type="soa" free="1954997600" total="1964589056" percent="99" />
      <mem type="loa" free="103399424" total="103399424" percent="100" />
    </mem>
    <remembered-set count="3900" />
  </mem-info>
</gc-start>
<allocation-stats totalBytes="21629640" >
  <allocated-bytes non-tlh="40" tlh="21629600" />
  <largest-consumer threadName="Thread-8" threadId="0000000000DDD900" bytes="8224480" />
</allocation-stats>
<gc-op id="1912" type="scavenge" timems="1.442" contextid="1909" timestamp="2019-06-17T06:04:32.709">
  <scavenger-info tenureage="2" tenuremask="4004" tiltratio="89" />
  <memory-copied type="nursery" objects="8480" bytes="342880" bytesdiscarded="137888" />
  <memory-copied type="tenure" objects="2087" bytes="50088" bytesdiscarded="0" />
</gc-op>
<gc-end id="1913" type="scavenge" contextid="1909" durationms="1.773" usertimems="4.000" systemtimems="0.000" timestamp="2019-06-17T06:04:32.709" activeThreads="4">
  <mem-info id="1914" free="2080028256" total="2092630016" percent="99">
    <mem type="nursery" free="21670400" total="24641536" percent="87">
      <mem type="allocate" free="21670400" total="22151168" percent="97" />
      <mem type="survivor" free="0" total="2490368" percent="0" />
    </mem>
    <mem type="tenure" free="2058357856" total="2067988480" percent="99">
      <mem type="soa" free="1954958432" total="1964589056" percent="99" />
      <mem type="loa" free="103399424" total="103399424" percent="100" />
    </mem>
    <remembered-set count="1814" />
  </mem-info>
</gc-end>
<cycle-end id="1915" type="scavenge" contextid="1909" timestamp="2019-06-17T06:04:32.710" />
  <attribute name="elasticGC enabled" value="1" />
  <attribute name= "numThreadsSpecified" value="4" />
  <attribute name="heapSize specified" value="28770304" />
  <attribute name="Current GC Util" value="21" />
  <attribute name= "Current Time Running" value="2373" />
  <attribute name ="GC Interval" value="200" />
  <attribute name="ProportionalT" value="1.000000" />
  <attribute name="ProportionalI" value="1.000000" />
  <attribute name="ProportionalH" value="1.000000" />
  <attribute name="Current Error" value="1.000000" />
  <attribute name="IntegralT" value="15.000000" />
  <attribute name="IntegralI" value="15.000000" />
  <attribute name="IntegralH" value="15.000000" />
  <attribute name="DerivativeT" value="0.066667" />
  <attribute name="DerivativeI" value="0.066667" />
  <attribute name="DerivativeH" value="0.066667" />
  <attribute name="Loop Time for DT" value="15.000000" />
  <attribute name="Output H" value="8388608"/>
  <attribute name="Output I" value="200"/>
  <attribute name="Output T" value="4"/>
  <attribute name="Target GC Util Change" value ="20.000000" />
  <attribute name="Current GC Util Change" value="21.000000"/>
  <attribute name="GC Util currently" value="21" />
  <attribute name="CPU Util currently" value="303656725297" />
<allocation-satisfied id="1916" threadId="0000000000DE5100" bytesRequested="40" />
<af-end id="1917" timestamp="2019-06-17T06:04:32.710" threadId="0000000000DE5A88" success="true" from="nursery"/>
<exclusive-end id="1918" timestamp="2019-06-17T06:04:32.710" durationms="2.544" />

<exclusive-start id="1919" timestamp="2019-06-17T06:04:32.722" intervalms="14.199">
  <response-info timems="0.236" idlems="0.236" threads="0" lastid="0000000000DE1500" lastname="Thread-9" />
</exclusive-start>
<af-start id="1920" threadId="0000000000DE1E88" totalBytesRequested="40" timestamp="2019-06-17T06:04:32.722" intervalms="14.181" type="nursery" />
<cycle-start id="1921" type="scavenge" contextid="0" timestamp="2019-06-17T06:04:32.722" intervalms="14.183" />
<gc-start id="1922" type="scavenge" contextid="1921" timestamp="2019-06-17T06:04:32.722">
  <mem-info id="1923" free="2058357856" total="2092630016" percent="98">
    <mem type="nursery" free="0" total="24641536" percent="0">
      <mem type="allocate" free="0" total="22151168" percent="0" />
      <mem type="survivor" free="0" total="2490368" percent="0" />
    </mem>
    <mem type="tenure" free="2058357856" total="2067988480" percent="99">
      <mem type="soa" free="1954958432" total="1964589056" percent="99" />
      <mem type="loa" free="103399424" total="103399424" percent="100" />
    </mem>
    <remembered-set count="2809" />
  </mem-info>
</gc-start>
<allocation-stats totalBytes="21668752" >
  <allocated-bytes non-tlh="40" tlh="21668712" />
  <largest-consumer threadName="Thread-9" threadId="0000000000DE1500" bytes="7333880" />
</allocation-stats>
<gc-op id="1924" type="scavenge" timems="0.460" contextid="1921" timestamp="2019-06-17T06:04:32.722">
  <scavenger-info tenureage="2" tenuremask="4004" tiltratio="89" />
  <memory-copied type="nursery" objects="2849" bytes="70512" bytesdiscarded="331920" />
  <memory-copied type="tenure" objects="6960" bytes="304416" bytesdiscarded="48" />
</gc-op>
<gc-end id="1925" type="scavenge" contextid="1921" durationms="0.681" usertimems="0.000" systemtimems="0.000" timestamp="2019-06-17T06:04:32.723" activeThreads="4">
  <mem-info id="1926" free="2079774048" total="2092630016" percent="99">
    <mem type="nursery" free="21748736" total="24641536" percent="88">
      <mem type="allocate" free="21748736" total="22151168" percent="98" />
      <mem type="survivor" free="0" total="2490368" percent="0" />
    </mem>
    <mem type="tenure" free="2058025312" total="2067988480" percent="99">
      <mem type="soa" free="1954625888" total="1964589056" percent="99" />
      <mem type="loa" free="103399424" total="103399424" percent="100" />
    </mem>
    <remembered-set count="2583" />
  </mem-info>
</gc-end>
<cycle-end id="1927" type="scavenge" contextid="1921" timestamp="2019-06-17T06:04:32.723" />
  <attribute name="elasticGC enabled" value="1" />
  <attribute name= "numThreadsSpecified" value="4" />
  <attribute name="heapSize specified" value="28770304" />
  <attribute name="Current GC Util" value="22" />
  <attribute name= "Current Time Running" value="2387" />
  <attribute name ="GC Interval" value="200" />
  <attribute name="ProportionalT" value="2.000000" />
  <attribute name="ProportionalI" value="2.000000" />
  <attribute name="ProportionalH" value="2.000000" />
  <attribute name="Current Error" value="2.000000" />
  <attribute name="IntegralT" value="28.000000" />
  <attribute name="IntegralI" value="28.000000" />
  <attribute name="IntegralH" value="28.000000" />
  <attribute name="DerivativeT" value="0.071429" />
  <attribute name="DerivativeI" value="0.071429" />
  <attribute name="DerivativeH" value="0.071429" />
  <attribute name="Loop Time for DT" value="14.000000" />
  <attribute name="Output H" value="8388608"/>
  <attribute name="Output I" value="200"/>
  <attribute name="Output T" value="4"/>
  <attribute name="Target GC Util Change" value ="20.000000" />
  <attribute name="Current GC Util Change" value="22.000000"/>
  <attribute name="GC Util currently" value="22" />
  <attribute name="CPU Util currently" value="328722306912" />
<allocation-satisfied id="1928" threadId="0000000000DE1500" bytesRequested="40" />
<af-end id="1929" timestamp="2019-06-17T06:04:32.723" threadId="0000000000DE1E88" success="true" from="nursery"/>
<exclusive-end id="1930" timestamp="2019-06-17T06:04:32.723" durationms="1.257" />

<exclusive-start id="1931" timestamp="2019-06-17T06:04:32.734" intervalms="12.899">
  <response-info timems="0.042" idlems="0.023" threads="1" lastid="0000000000DD9D00" lastname="Thread-10" />
</exclusive-start>
<af-start id="1932" threadId="0000000000DE5A88" totalBytesRequested="24" timestamp="2019-06-17T06:04:32.735" intervalms="12.900" type="nursery" />
<cycle-start id="1933" type="scavenge" contextid="0" timestamp="2019-06-17T06:04:32.735" intervalms="12.895" />
<gc-start id="1934" type="scavenge" contextid="1933" timestamp="2019-06-17T06:04:32.735">
  <mem-info id="1935" free="2058025312" total="2092630016" percent="98">
    <mem type="nursery" free="0" total="24641536" percent="0">
      <mem type="allocate" free="0" total="22151168" percent="0" />
      <mem type="survivor" free="0" total="2490368" percent="0" />
    </mem>
    <mem type="tenure" free="2058025312" total="2067988480" percent="99">
      <mem type="soa" free="1954625888" total="1964589056" percent="99" />
      <mem type="loa" free="103399424" total="103399424" percent="100" />
    </mem>
    <remembered-set count="4012" />
  </mem-info>
</gc-start>
<allocation-stats totalBytes="21747424" >
  <allocated-bytes non-tlh="40" tlh="21747384" />
  <largest-consumer threadName="Thread-8" threadId="0000000000DDD900" bytes="7175784" />
</allocation-stats>
<gc-op id="1936" type="scavenge" timems="1.237" contextid="1933" timestamp="2019-06-17T06:04:32.736">
  <scavenger-info tenureage="2" tenuremask="4004" tiltratio="89" />
  <memory-copied type="nursery" objects="3065" bytes="75376" bytesdiscarded="265616" />
  <memory-copied type="tenure" objects="1164" bytes="27936" bytesdiscarded="0" />
</gc-op>
<gc-end id="1937" type="scavenge" contextid="1933" durationms="1.706" usertimems="4.000" systemtimems="0.000" timestamp="2019-06-17T06:04:32.736" activeThreads="4">
  <mem-info id="1938" free="2079835488" total="2092630016" percent="99">
    <mem type="nursery" free="21810176" total="24641536" percent="88">
      <mem type="allocate" free="21810176" total="22151168" percent="98" />
      <mem type="survivor" free="0" total="2490368" percent="0" />
    </mem>
    <mem type="tenure" free="2058025312" total="2067988480" percent="99">
      <mem type="soa" free="1954625888" total="1964589056" percent="99" />
      <mem type="loa" free="103399424" total="103399424" percent="100" />
    </mem>
    <remembered-set count="2844" />
  </mem-info>
</gc-end>
<cycle-end id="1939" type="scavenge" contextid="1933" timestamp="2019-06-17T06:04:32.737" />
  <attribute name="elasticGC enabled" value="1" />
  <attribute name= "numThreadsSpecified" value="4" />
  <attribute name="heapSize specified" value="28770304" />
  <attribute name="Current GC Util" value="11" />
  <attribute name= "Current Time Running" value="2400" />
  <attribute name ="GC Interval" value="200" />
  <attribute name="ProportionalT" value="-9.000000" />
  <attribute name="ProportionalI" value="-9.000000" />
  <attribute name="ProportionalH" value="-9.000000" />
  <attribute name="Current Error" value="-9.000000" />
  <attribute name="IntegralT" value="-117.000000" />
  <attribute name="IntegralI" value="-117.000000" />
  <attribute name="IntegralH" value="-117.000000" />
  <attribute name="DerivativeT" value="-0.846154" />
  <attribute name="DerivativeI" value="-0.846154" />
  <attribute name="DerivativeH" value="-0.846154" />
  <attribute name="Loop Time for DT" value="13.000000" />
  <attribute name="Output H" value="2092630016"/>
  <attribute name="Output I" value="200"/>
  <attribute name="Output T" value="4"/>
  <attribute name="Target GC Util Change" value ="20.000000" />
  <attribute name="Current GC Util Change" value="11.000000"/>
  <attribute name="GC Util currently" value="11" />
  <attribute name="CPU Util currently" value="350985669795" />
<allocation-satisfied id="1940" threadId="0000000000DE5100" bytesRequested="24" />
<af-end id="1941" timestamp="2019-06-17T06:04:32.737" threadId="0000000000DE5A88" success="true" from="nursery"/>
<exclusive-end id="1942" timestamp="2019-06-17T06:04:32.737" durationms="2.360" />

<exclusive-start id="1943" timestamp="2019-06-17T06:04:32.748" intervalms="13.330">
  <response-info timems="0.041" idlems="0.041" threads="0" lastid="0000000000DDD900" lastname="Thread-8" />
</exclusive-start>
<af-start id="1944" threadId="0000000000DDE288" totalBytesRequested="40" timestamp="2019-06-17T06:04:32.748" intervalms="13.334" type="nursery" />
<cycle-start id="1945" type="scavenge" contextid="0" timestamp="2019-06-17T06:04:32.748" intervalms="13.339" />
<gc-start id="1946" type="scavenge" contextid="1945" timestamp="2019-06-17T06:04:32.748">
  <mem-info id="1947" free="2058025312" total="2092630016" percent="98">
    <mem type="nursery" free="0" total="24641536" percent="0">
      <mem type="allocate" free="0" total="22151168" percent="0" />
      <mem type="survivor" free="0" total="2490368" percent="0" />
    </mem>
    <mem type="tenure" free="2058025312" total="2067988480" percent="99">
      <mem type="soa" free="1954625888" total="1964589056" percent="99" />
      <mem type="loa" free="103399424" total="103399424" percent="100" />
    </mem>
    <remembered-set count="4365" />
  </mem-info>
</gc-start>
<allocation-stats totalBytes="21807712" >
  <allocated-bytes non-tlh="24" tlh="21807688" />
  <largest-consumer threadName="Thread-8" threadId="0000000000DDD900" bytes="7096632" />
</allocation-stats>
<gc-op id="1948" type="scavenge" timems="1.250" contextid="1945" timestamp="2019-06-17T06:04:32.750">
  <scavenger-info tenureage="14" tenuremask="4000" tiltratio="89" />
  <memory-copied type="nursery" objects="4590" bytes="112176" bytesdiscarded="290256" />
</gc-op>
<gc-end id="1949" type="scavenge" contextid="1945" durationms="1.804" usertimems="4.000" systemtimems="0.000" timestamp="2019-06-17T06:04:32.750" activeThreads="4">
  <mem-info id="1950" free="2079774048" total="2092630016" percent="99">
    <mem type="nursery" free="21748736" total="24641536" percent="88">
      <mem type="allocate" free="21748736" total="22151168" percent="98" />
      <mem type="survivor" free="0" total="2490368" percent="0" />
    </mem>
    <mem type="tenure" free="2058025312" total="2067988480" percent="99">
      <mem type="soa" free="1954625888" total="1964589056" percent="99" />
      <mem type="loa" free="103399424" total="103399424" percent="100" />
    </mem>
    <remembered-set count="4365" />
  </mem-info>
</gc-end>
<cycle-end id="1951" type="scavenge" contextid="1945" timestamp="2019-06-17T06:04:32.750" />
  <attribute name="elasticGC enabled" value="1" />
  <attribute name= "numThreadsSpecified" value="4" />
  <attribute name="heapSize specified" value="28770304" />
  <attribute name="Current GC Util" value="21" />
  <attribute name= "Current Time Running" value="2413" />
  <attribute name ="GC Interval" value="200" />
  <attribute name="ProportionalT" value="1.000000" />
  <attribute name="ProportionalI" value="1.000000" />
  <attribute name="ProportionalH" value="1.000000" />
  <attribute name="Current Error" value="1.000000" />
  <attribute name="IntegralT" value="13.000000" />
  <attribute name="IntegralI" value="13.000000" />
  <attribute name="IntegralH" value="13.000000" />
  <attribute name="DerivativeT" value="0.076923" />
  <attribute name="DerivativeI" value="0.076923" />
  <attribute name="DerivativeH" value="0.076923" />
  <attribute name="Loop Time for DT" value="13.000000" />
  <attribute name="Output H" value="8388608"/>
  <attribute name="Output I" value="200"/>
  <attribute name="Output T" value="4"/>
  <attribute name="Target GC Util Change" value ="20.000000" />
  <attribute name="Current GC Util Change" value="21.000000"/>
  <attribute name="GC Util currently" value="21" />
  <attribute name="CPU Util currently" value="347453158052" />
<allocation-satisfied id="1952" threadId="0000000000DDD900" bytesRequested="40" />
<af-end id="1953" timestamp="2019-06-17T06:04:32.750" threadId="0000000000DDE288" success="true" from="nursery"/>
<exclusive-end id="1954" timestamp="2019-06-17T06:04:32.750" durationms="2.661" />

<exclusive-start id="1955" timestamp="2019-06-17T06:04:32.761" intervalms="13.476">
  <response-info timems="0.029" idlems="0.029" threads="0" lastid="0000000000DE1500" lastname="Thread-9" />
</exclusive-start>
<af-start id="1956" threadId="0000000000DE1E88" totalBytesRequested="40" timestamp="2019-06-17T06:04:32.761" intervalms="13.467" type="nursery" />
<cycle-start id="1957" type="scavenge" contextid="0" timestamp="2019-06-17T06:04:32.761" intervalms="13.457" />
<gc-start id="1958" type="scavenge" contextid="1957" timestamp="2019-06-17T06:04:32.762">
  <mem-info id="1959" free="2058025312" total="2092630016" percent="98">
    <mem type="nursery" free="0" total="24641536" percent="0">
      <mem type="allocate" free="0" total="22151168" percent="0" />
      <mem type="survivor" free="0" total="2490368" percent="0" />
    </mem>
    <mem type="tenure" free="2058025312" total="2067988480" percent="99">
      <mem type="soa" free="1954625888" total="1964589056" percent="99" />
      <mem type="loa" free="103399424" total="103399424" percent="100" />
    </mem>
    <remembered-set count="5936" />
  </mem-info>
</gc-start>
<allocation-stats totalBytes="21747208" >
  <allocated-bytes non-tlh="40" tlh="21747168" />
  <largest-consumer threadName="Thread-8" threadId="0000000000DDD900" bytes="7166488" />
</allocation-stats>
<gc-op id="1960" type="scavenge" timems="0.395" contextid="1957" timestamp="2019-06-17T06:04:32.762">
  <scavenger-info tenureage="14" tenuremask="4000" tiltratio="89" />
  <memory-copied type="nursery" objects="6172" bytes="150048" bytesdiscarded="322272" />
</gc-op>
<gc-end id="1961" type="scavenge" contextid="1957" durationms="0.567" usertimems="0.000" systemtimems="0.000" timestamp="2019-06-17T06:04:32.762" activeThreads="4">
  <mem-info id="1962" free="2079704160" total="2092630016" percent="99">
    <mem type="nursery" free="21678848" total="24641536" percent="87">
      <mem type="allocate" free="21678848" total="22151168" percent="97" />
      <mem type="survivor" free="0" total="2490368" percent="0" />
    </mem>
    <mem type="tenure" free="2058025312" total="2067988480" percent="99">
      <mem type="soa" free="1954625888" total="1964589056" percent="99" />
      <mem type="loa" free="103399424" total="103399424" percent="100" />
    </mem>
    <remembered-set count="5936" />
  </mem-info>
</gc-end>
<cycle-end id="1963" type="scavenge" contextid="1957" timestamp="2019-06-17T06:04:32.762" />
  <attribute name="elasticGC enabled" value="1" />
  <attribute name= "numThreadsSpecified" value="4" />
  <attribute name="heapSize specified" value="28770304" />
  <attribute name="Current GC Util" value="21" />
  <attribute name= "Current Time Running" value="2427" />
  <attribute name ="GC Interval" value="200" />
  <attribute name="ProportionalT" value="1.000000" />
  <attribute name="ProportionalI" value="1.000000" />
  <attribute name="ProportionalH" value="1.000000" />
  <attribute name="Current Error" value="1.000000" />
  <attribute name="IntegralT" value="14.000000" />
  <attribute name="IntegralI" value="14.000000" />
  <attribute name="IntegralH" value="14.000000" />
  <attribute name="DerivativeT" value="0.000000" />
  <attribute name="DerivativeI" value="0.000000" />
  <attribute name="DerivativeH" value="0.000000" />
  <attribute name="Loop Time for DT" value="14.000000" />
  <attribute name="Output H" value="8388608"/>
  <attribute name="Output I" value="200"/>
  <attribute name="Output T" value="4"/>
  <attribute name="Target GC Util Change" value ="20.000000" />
  <attribute name="Current GC Util Change" value="21.000000"/>
  <attribute name="GC Util currently" value="21" />
  <attribute name="CPU Util currently" value="346863198134" />
<allocation-satisfied id="1964" threadId="0000000000DE1500" bytesRequested="40" />
<af-end id="1965" timestamp="2019-06-17T06:04:32.762" threadId="0000000000DE1E88" success="true" from="nursery"/>
<exclusive-end id="1966" timestamp="2019-06-17T06:04:32.762" durationms="1.163" />

<exclusive-start id="1967" timestamp="2019-06-17T06:04:32.773" intervalms="11.737">
  <response-info timems="0.038" idlems="0.021" threads="1" lastid="0000000000DD9D00" lastname="Thread-10" />
</exclusive-start>
<af-start id="1968" threadId="0000000000DE5A88" totalBytesRequested="40" timestamp="2019-06-17T06:04:32.773" intervalms="11.740" type="nursery" />
<cycle-start id="1969" type="scavenge" contextid="0" timestamp="2019-06-17T06:04:32.773" intervalms="11.745" />
<gc-start id="1970" type="scavenge" contextid="1969" timestamp="2019-06-17T06:04:32.773">
  <mem-info id="1971" free="2058025312" total="2092630016" percent="98">
    <mem type="nursery" free="0" total="24641536" percent="0">
      <mem type="allocate" free="0" total="22151168" percent="0" />
      <mem type="survivor" free="0" total="2490368" percent="0" />
    </mem>
    <mem type="tenure" free="2058025312" total="2067988480" percent="99">
      <mem type="soa" free="1954625888" total="1964589056" percent="99" />
      <mem type="loa" free="103399424" total="103399424" percent="100" />
    </mem>
    <remembered-set count="7381" />
  </mem-info>
</gc-start>
<allocation-stats totalBytes="21677424" >
  <allocated-bytes non-tlh="40" tlh="21677384" />
  <largest-consumer threadName="Thread-8" threadId="0000000000DDD900" bytes="7306872" />
</allocation-stats>
<gc-op id="1972" type="scavenge" timems="1.158" contextid="1969" timestamp="2019-06-17T06:04:32.775">
  <scavenger-info tenureage="4" tenuremask="4010" tiltratio="89" />
  <memory-copied type="nursery" objects="12366" bytes="435688" bytesdiscarded="145688" />
  <memory-copied type="tenure" objects="1322" bytes="31728" bytesdiscarded="0" />
</gc-op>
<gc-end id="1973" type="scavenge" contextid="1969" durationms="1.538" usertimems="4.000" systemtimems="0.000" timestamp="2019-06-17T06:04:32.775" activeThreads="4">
  <mem-info id="1974" free="2079555936" total="2092630016" percent="99">
    <mem type="nursery" free="21569792" total="24641536" percent="87">
      <mem type="allocate" free="21569792" total="22151168" percent="97" />
      <mem type="survivor" free="0" total="2490368" percent="0" />
    </mem>
    <mem type="tenure" free="2057986144" total="2067988480" percent="99">
      <mem type="soa" free="1954586720" total="1964589056" percent="99" />
      <mem type="loa" free="103399424" total="103399424" percent="100" />
    </mem>
    <remembered-set count="6059" />
  </mem-info>
</gc-end>
<cycle-end id="1975" type="scavenge" contextid="1969" timestamp="2019-06-17T06:04:32.775" />
  <attribute name="elasticGC enabled" value="1" />
  <attribute name= "numThreadsSpecified" value="4" />
  <attribute name="heapSize specified" value="28770304" />
  <attribute name="Current GC Util" value="9" />
  <attribute name= "Current Time Running" value="2438" />
  <attribute name ="GC Interval" value="200" />
  <attribute name="ProportionalT" value="-11.000000" />
  <attribute name="ProportionalI" value="-11.000000" />
  <attribute name="ProportionalH" value="-11.000000" />
  <attribute name="Current Error" value="-11.000000" />
  <attribute name="IntegralT" value="-121.000000" />
  <attribute name="IntegralI" value="-121.000000" />
  <attribute name="IntegralH" value="-121.000000" />
  <attribute name="DerivativeT" value="-1.090909" />
  <attribute name="DerivativeI" value="-1.090909" />
  <attribute name="DerivativeH" value="-1.090909" />
  <attribute name="Loop Time for DT" value="11.000000" />
  <attribute name="Output H" value="2092630016"/>
  <attribute name="Output I" value="200"/>
  <attribute name="Output T" value="4"/>
  <attribute name="Target GC Util Change" value ="20.000000" />
  <attribute name="Current GC Util Change" value="9.000000"/>
  <attribute name="GC Util currently" value="9" />
  <attribute name="CPU Util currently" value="386961562168" />
<allocation-satisfied id="1976" threadId="0000000000DE5100" bytesRequested="40" />
<af-end id="1977" timestamp="2019-06-17T06:04:32.775" threadId="0000000000DE5A88" success="true" from="nursery"/>
<exclusive-end id="1978" timestamp="2019-06-17T06:04:32.775" durationms="2.252" />

<exclusive-start id="1979" timestamp="2019-06-17T06:04:32.786" intervalms="12.855">
  <response-info timems="0.077" idlems="0.041" threads="1" lastid="0000000000DD9D00" lastname="Thread-10" />
</exclusive-start>
<af-start id="1980" threadId="0000000000DE5A88" totalBytesRequested="40" timestamp="2019-06-17T06:04:32.786" intervalms="12.865" type="nursery" />
<cycle-start id="1981" type="scavenge" contextid="0" timestamp="2019-06-17T06:04:32.786" intervalms="12.866" />
<gc-start id="1982" type="scavenge" contextid="1981" timestamp="2019-06-17T06:04:32.786">
  <mem-info id="1983" free="2057986144" total="2092630016" percent="98">
    <mem type="nursery" free="0" total="24641536" percent="0">
      <mem type="allocate" free="0" total="22151168" percent="0" />
      <mem type="survivor" free="0" total="2490368" percent="0" />
    </mem>
    <mem type="tenure" free="2057986144" total="2067988480" percent="99">
      <mem type="soa" free="1954586720" total="1964589056" percent="99" />
      <mem type="loa" free="103399424" total="103399424" percent="100" />
    </mem>
    <remembered-set count="7519" />
  </mem-info>
</gc-start>
<allocation-stats totalBytes="21568120" >
  <allocated-bytes non-tlh="40" tlh="21568080" />
  <largest-consumer threadName="Thread-8" threadId="0000000000DDD900" bytes="7437880" />
</allocation-stats>
<gc-op id="1984" type="scavenge" timems="1.505" contextid="1981" timestamp="2019-06-17T06:04:32.788">
  <scavenger-info tenureage="4" tenuremask="4010" tiltratio="89" />
  <memory-copied type="nursery" objects="12816" bytes="445984" bytesdiscarded="104672" />
  <memory-copied type="tenure" objects="1427" bytes="34248" bytesdiscarded="0" />
</gc-op>
<gc-end id="1985" type="scavenge" contextid="1981" durationms="1.899" usertimems="0.000" systemtimems="4.000" timestamp="2019-06-17T06:04:32.788" activeThreads="4">
  <mem-info id="1986" free="2079586656" total="2092630016" percent="99">
    <mem type="nursery" free="21600512" total="24641536" percent="87">
      <mem type="allocate" free="21600512" total="22151168" percent="97" />
      <mem type="survivor" free="0" total="2490368" percent="0" />
    </mem>
    <mem type="tenure" free="2057986144" total="2067988480" percent="99">
      <mem type="soa" free="1954586720" total="1964589056" percent="99" />
      <mem type="loa" free="103399424" total="103399424" percent="100" />
    </mem>
    <remembered-set count="6091" />
  </mem-info>
</gc-end>
<cycle-end id="1987" type="scavenge" contextid="1981" timestamp="2019-06-17T06:04:32.788" />
  <attribute name="elasticGC enabled" value="1" />
  <attribute name= "numThreadsSpecified" value="4" />
  <attribute name="heapSize specified" value="28770304" />
  <attribute name="Current GC Util" value="24" />
  <attribute name= "Current Time Running" value="2451" />
  <attribute name ="GC Interval" value="200" />
  <attribute name="ProportionalT" value="4.000000" />
  <attribute name="ProportionalI" value="4.000000" />
  <attribute name="ProportionalH" value="4.000000" />
  <attribute name="Current Error" value="4.000000" />
  <attribute name="IntegralT" value="52.000000" />
  <attribute name="IntegralI" value="52.000000" />
  <attribute name="IntegralH" value="52.000000" />
  <attribute name="DerivativeT" value="0.307692" />
  <attribute name="DerivativeI" value="0.307692" />
  <attribute name="DerivativeH" value="0.307692" />
  <attribute name="Loop Time for DT" value="13.000000" />
  <attribute name="Output H" value="8388608"/>
  <attribute name="Output I" value="200"/>
  <attribute name="Output T" value="4"/>
  <attribute name="Target GC Util Change" value ="20.000000" />
  <attribute name="Current GC Util Change" value="24.000000"/>
  <attribute name="GC Util currently" value="24" />
  <attribute name="CPU Util currently" value="358792505137" />
<allocation-satisfied id="1988" threadId="0000000000DE5100" bytesRequested="40" />
<af-end id="1989" timestamp="2019-06-17T06:04:32.788" threadId="0000000000DE5A88" success="true" from="nursery"/>
<exclusive-end id="1990" timestamp="2019-06-17T06:04:32.788" durationms="2.580" />

<exclusive-start id="1991" timestamp="2019-06-17T06:04:32.798" intervalms="12.464">
  <response-info timems="0.022" idlems="0.022" threads="0" lastid="0000000000DE1500" lastname="Thread-9" />
</exclusive-start>
<af-start id="1992" threadId="0000000000DE1E88" totalBytesRequested="40" timestamp="2019-06-17T06:04:32.798" intervalms="12.437" type="nursery" />
<cycle-start id="1993" type="scavenge" contextid="0" timestamp="2019-06-17T06:04:32.799" intervalms="12.434" />
<gc-start id="1994" type="scavenge" contextid="1993" timestamp="2019-06-17T06:04:32.799">
  <mem-info id="1995" free="2057986144" total="2092630016" percent="98">
    <mem type="nursery" free="0" total="24641536" percent="0">
      <mem type="allocate" free="0" total="22151168" percent="0" />
      <mem type="survivor" free="0" total="2490368" percent="0" />
    </mem>
    <mem type="tenure" free="2057986144" total="2067988480" percent="99">
      <mem type="soa" free="1954586720" total="1964589056" percent="99" />
      <mem type="loa" free="103399424" total="103399424" percent="100" />
    </mem>
    <remembered-set count="7441" />
  </mem-info>
</gc-start>
<allocation-stats totalBytes="21598792" >
  <allocated-bytes non-tlh="40" tlh="21598752" />
  <largest-consumer threadName="Thread-8" threadId="0000000000DDD900" bytes="7149200" />
</allocation-stats>
<gc-op id="1996" type="scavenge" timems="0.623" contextid="1993" timestamp="2019-06-17T06:04:32.799">
  <scavenger-info tenureage="3" tenuremask="4018" tiltratio="89" />
  <memory-copied type="nursery" objects="17280" bytes="691312" bytesdiscarded="118784" />
  <memory-copied type="tenure" objects="3096" bytes="74304" bytesdiscarded="0" />
</gc-op>
<gc-end id="1997" type="scavenge" contextid="1993" durationms="0.885" usertimems="0.000" systemtimems="0.000" timestamp="2019-06-17T06:04:32.800" activeThreads="4">
  <mem-info id="1998" free="2079218160" total="2092630016" percent="99">
    <mem type="nursery" free="21341072" total="24641536" percent="86">
      <mem type="allocate" free="21341072" total="22151168" percent="96" />
      <mem type="survivor" free="0" total="2490368" percent="0" />
    </mem>
    <mem type="tenure" free="2057877088" total="2067988480" percent="99">
      <mem type="soa" free="1954477664" total="1964589056" percent="99" />
      <mem type="loa" free="103399424" total="103399424" percent="100" />
    </mem>
    <remembered-set count="4345" />
  </mem-info>
</gc-end>
<cycle-end id="1999" type="scavenge" contextid="1993" timestamp="2019-06-17T06:04:32.800" />
  <attribute name="elasticGC enabled" value="1" />
  <attribute name= "numThreadsSpecified" value="4" />
  <attribute name="heapSize specified" value="28770304" />
  <attribute name="Current GC Util" value="25" />
  <attribute name= "Current Time Running" value="2464" />
  <attribute name ="GC Interval" value="200" />
  <attribute name="ProportionalT" value="5.000000" />
  <attribute name="ProportionalI" value="5.000000" />
  <attribute name="ProportionalH" value="5.000000" />
  <attribute name="Current Error" value="5.000000" />
  <attribute name="IntegralT" value="65.000000" />
  <attribute name="IntegralI" value="65.000000" />
  <attribute name="IntegralH" value="65.000000" />
  <attribute name="DerivativeT" value="0.076923" />
  <attribute name="DerivativeI" value="0.076923" />
  <attribute name="DerivativeH" value="0.076923" />
  <attribute name="Loop Time for DT" value="13.000000" />
  <attribute name="Output H" value="8388608"/>
  <attribute name="Output I" value="200"/>
  <attribute name="Output T" value="4"/>
  <attribute name="Target GC Util Change" value ="20.000000" />
  <attribute name="Current GC Util Change" value="25.000000"/>
  <attribute name="GC Util currently" value="25" />
  <attribute name="CPU Util currently" value="372994703905" />
<allocation-satisfied id="2000" threadId="0000000000DE1500" bytesRequested="40" />
<af-end id="2001" timestamp="2019-06-17T06:04:32.800" threadId="0000000000DE1E88" success="true" from="nursery"/>
<exclusive-end id="2002" timestamp="2019-06-17T06:04:32.800" durationms="1.465" />

<exclusive-start id="2003" timestamp="2019-06-17T06:04:32.809" intervalms="10.587">
  <response-info timems="0.024" idlems="0.024" threads="0" lastid="0000000000DD9D00" lastname="Thread-10" />
</exclusive-start>
<af-start id="2004" threadId="0000000000DDA688" totalBytesRequested="40" timestamp="2019-06-17T06:04:32.809" intervalms="10.588" type="nursery" />
<cycle-start id="2005" type="scavenge" contextid="0" timestamp="2019-06-17T06:04:32.809" intervalms="10.587" />
<gc-start id="2006" type="scavenge" contextid="2005" timestamp="2019-06-17T06:04:32.809">
  <mem-info id="2007" free="2057877088" total="2092630016" percent="98">
    <mem type="nursery" free="0" total="24641536" percent="0">
      <mem type="allocate" free="0" total="22151168" percent="0" />
      <mem type="survivor" free="0" total="2490368" percent="0" />
    </mem>
    <mem type="tenure" free="2057877088" total="2067988480" percent="99">
      <mem type="soa" free="1954477664" total="1964589056" percent="99" />
      <mem type="loa" free="103399424" total="103399424" percent="100" />
    </mem>
    <remembered-set count="4896" />
  </mem-info>
</gc-start>
<allocation-stats totalBytes="21338472" >
  <allocated-bytes non-tlh="40" tlh="21338432" />
  <largest-consumer threadName="Thread-9" threadId="0000000000DE1500" bytes="6234304" />
</allocation-stats>
<gc-op id="2008" type="scavenge" timems="1.041" contextid="2005" timestamp="2019-06-17T06:04:32.811">
  <scavenger-info tenureage="3" tenuremask="4008" tiltratio="89" />
  <memory-copied type="nursery" objects="10767" bytes="397816" bytesdiscarded="122120" />
  <memory-copied type="tenure" objects="7581" bytes="319320" bytesdiscarded="24" />
</gc-op>
<gc-end id="2009" type="scavenge" contextid="2005" durationms="1.451" usertimems="0.000" systemtimems="0.000" timestamp="2019-06-17T06:04:32.811" activeThreads="4">
  <mem-info id="2010" free="2079276384" total="2092630016" percent="99">
    <mem type="nursery" free="21631232" total="24641536" percent="87">
      <mem type="allocate" free="21631232" total="22151168" percent="97" />
      <mem type="survivor" free="0" total="2490368" percent="0" />
    </mem>
    <mem type="tenure" free="2057645152" total="2067988480" percent="99">
      <mem type="soa" free="1954245728" total="1964589056" percent="99" />
      <mem type="loa" free="103399424" total="103399424" percent="100" />
    </mem>
    <remembered-set count="4545" />
  </mem-info>
</gc-end>
<cycle-end id="2011" type="scavenge" contextid="2005" timestamp="2019-06-17T06:04:32.811" />
  <attribute name="elasticGC enabled" value="1" />
  <attribute name= "numThreadsSpecified" value="4" />
  <attribute name="heapSize specified" value="28770304" />
  <attribute name="Current GC Util" value="19" />
  <attribute name= "Current Time Running" value="2474" />
  <attribute name ="GC Interval" value="200" />
  <attribute name="ProportionalT" value="-1.000000" />
  <attribute name="ProportionalI" value="-1.000000" />
  <attribute name="ProportionalH" value="-1.000000" />
  <attribute name="Current Error" value="-1.000000" />
  <attribute name="IntegralT" value="-10.000000" />
  <attribute name="IntegralI" value="-10.000000" />
  <attribute name="IntegralH" value="-10.000000" />
  <attribute name="DerivativeT" value="-0.600000" />
  <attribute name="DerivativeI" value="-0.600000" />
  <attribute name="DerivativeH" value="-0.600000" />
  <attribute name="Loop Time for DT" value="10.000000" />
  <attribute name="Output H" value="2092630016"/>
  <attribute name="Output I" value="200"/>
  <attribute name="Output T" value="4"/>
  <attribute name="Target GC Util Change" value ="20.000000" />
  <attribute name="Current GC Util Change" value="19.000000"/>
  <attribute name="GC Util currently" value="19" />
  <attribute name="CPU Util currently" value="431644262378" />
<allocation-satisfied id="2012" threadId="0000000000DD9D00" bytesRequested="40" />
<af-end id="2013" timestamp="2019-06-17T06:04:32.811" threadId="0000000000DDA688" success="true" from="nursery"/>
<exclusive-end id="2014" timestamp="2019-06-17T06:04:32.811" durationms="2.101" />

<exclusive-start id="2015" timestamp="2019-06-17T06:04:32.820" intervalms="10.970">
  <response-info timems="0.034" idlems="0.034" threads="0" lastid="0000000000DE5100" lastname="Thread-7" />
</exclusive-start>
<af-start id="2016" threadId="0000000000DE5A88" totalBytesRequested="40" timestamp="2019-06-17T06:04:32.820" intervalms="10.970" type="nursery" />
<cycle-start id="2017" type="scavenge" contextid="0" timestamp="2019-06-17T06:04:32.820" intervalms="10.973" />
<gc-start id="2018" type="scavenge" contextid="2017" timestamp="2019-06-17T06:04:32.820">
  <mem-info id="2019" free="2057645152" total="2092630016" percent="98">
    <mem type="nursery" free="0" total="24641536" percent="0">
      <mem type="allocate" free="0" total="22151168" percent="0" />
      <mem type="survivor" free="0" total="2490368" percent="0" />
    </mem>
    <mem type="tenure" free="2057645152" total="2067988480" percent="99">
      <mem type="soa" free="1954245728" total="1964589056" percent="99" />
      <mem type="loa" free="103399424" total="103399424" percent="100" />
    </mem>
    <remembered-set count="5532" />
  </mem-info>
</gc-start>
<allocation-stats totalBytes="21629344" >
  <allocated-bytes non-tlh="40" tlh="21629304" />
  <largest-consumer threadName="Thread-9" threadId="0000000000DE1500" bytes="6127168" />
</allocation-stats>
<gc-op id="2020" type="scavenge" timems="0.892" contextid="2017" timestamp="2019-06-17T06:04:32.821">
  <scavenger-info tenureage="3" tenuremask="4008" tiltratio="89" />
  <memory-copied type="nursery" objects="10078" bytes="381352" bytesdiscarded="138584" />
  <memory-copied type="tenure" objects="1950" bytes="46800" bytesdiscarded="0" />
</gc-op>
<gc-end id="2021" type="scavenge" contextid="2017" durationms="1.353" usertimems="4.000" systemtimems="0.000" timestamp="2019-06-17T06:04:32.822" activeThreads="4">
  <mem-info id="2022" free="2079237216" total="2092630016" percent="99">
    <mem type="nursery" free="21631232" total="24641536" percent="87">
      <mem type="allocate" free="21631232" total="22151168" percent="97" />
      <mem type="survivor" free="0" total="2490368" percent="0" />
    </mem>
    <mem type="tenure" free="2057605984" total="2067988480" percent="99">
      <mem type="soa" free="1954206560" total="1964589056" percent="99" />
      <mem type="loa" free="103399424" total="103399424" percent="100" />
    </mem>
    <remembered-set count="3582" />
  </mem-info>
</gc-end>
<cycle-end id="2023" type="scavenge" contextid="2017" timestamp="2019-06-17T06:04:32.822" />
  <attribute name="elasticGC enabled" value="1" />
  <attribute name= "numThreadsSpecified" value="4" />
  <attribute name="heapSize specified" value="28770304" />
  <attribute name="Current GC Util" value="24" />
  <attribute name= "Current Time Running" value="2485" />
  <attribute name ="GC Interval" value="200" />
  <attribute name="ProportionalT" value="4.000000" />
  <attribute name="ProportionalI" value="4.000000" />
  <attribute name="ProportionalH" value="4.000000" />
  <attribute name="Current Error" value="4.000000" />
  <attribute name="IntegralT" value="44.000000" />
  <attribute name="IntegralI" value="44.000000" />
  <attribute name="IntegralH" value="44.000000" />
  <attribute name="DerivativeT" value="0.363636" />
  <attribute name="DerivativeI" value="0.363636" />
  <attribute name="DerivativeH" value="0.363636" />
  <attribute name="Loop Time for DT" value="11.000000" />
  <attribute name="Output H" value="8388608"/>
  <attribute name="Output I" value="200"/>
  <attribute name="Output T" value="4"/>
  <attribute name="Target GC Util Change" value ="20.000000" />
  <attribute name="Current GC Util Change" value="24.000000"/>
  <attribute name="GC Util currently" value="24" />
  <attribute name="CPU Util currently" value="419764766836" />
<allocation-satisfied id="2024" threadId="0000000000DE5100" bytesRequested="40" />
<af-end id="2025" timestamp="2019-06-17T06:04:32.822" threadId="0000000000DE5A88" success="true" from="nursery"/>
<exclusive-end id="2026" timestamp="2019-06-17T06:04:32.822" durationms="2.025" />

<exclusive-start id="2027" timestamp="2019-06-17T06:04:32.831" intervalms="11.108">
  <response-info timems="0.021" idlems="0.021" threads="0" lastid="0000000000DE1500" lastname="Thread-9" />
</exclusive-start>
<af-start id="2028" threadId="0000000000DE1E88" totalBytesRequested="24" timestamp="2019-06-17T06:04:32.831" intervalms="11.106" type="nursery" />
<cycle-start id="2029" type="scavenge" contextid="0" timestamp="2019-06-17T06:04:32.831" intervalms="11.099" />
<gc-start id="2030" type="scavenge" contextid="2029" timestamp="2019-06-17T06:04:32.831">
  <mem-info id="2031" free="2057605984" total="2092630016" percent="98">
    <mem type="nursery" free="0" total="24641536" percent="0">
      <mem type="allocate" free="0" total="22151168" percent="0" />
      <mem type="survivor" free="0" total="2490368" percent="0" />
    </mem>
    <mem type="tenure" free="2057605984" total="2067988480" percent="99">
      <mem type="soa" free="1954206560" total="1964589056" percent="99" />
      <mem type="loa" free="103399424" total="103399424" percent="100" />
    </mem>
    <remembered-set count="4312" />
  </mem-info>
</gc-start>
<allocation-stats totalBytes="21629720" >
  <allocated-bytes non-tlh="40" tlh="21629680" />
  <largest-consumer threadName="Thread-9" threadId="0000000000DE1500" bytes="6520576" />
</allocation-stats>
<gc-op id="2032" type="scavenge" timems="1.417" contextid="2029" timestamp="2019-06-17T06:04:32.833">
  <scavenger-info tenureage="3" tenuremask="4008" tiltratio="89" />
  <memory-copied type="nursery" objects="9451" bytes="365560" bytesdiscarded="10256" />
  <memory-copied type="tenure" objects="7424" bytes="315552" bytesdiscarded="24" />
</gc-op>
<gc-end id="2033" type="scavenge" contextid="2029" durationms="1.636" usertimems="0.000" systemtimems="0.000" timestamp="2019-06-17T06:04:32.833" activeThreads="1">
  <mem-info id="2034" free="2079017184" total="2092630016" percent="99">
    <mem type="nursery" free="21775352" total="24641536" percent="88">
      <mem type="allocate" free="21775352" total="22151168" percent="98" />
      <mem type="survivor" free="0" total="2490368" percent="0" />
    </mem>
    <mem type="tenure" free="2057241832" total="2067988480" percent="99">
      <mem type="soa" free="1953842408" total="1964589056" percent="99" />
      <mem type="loa" free="103399424" total="103399424" percent="100" />
    </mem>
    <remembered-set count="3269" />
  </mem-info>
</gc-end>
<cycle-end id="2035" type="scavenge" contextid="2029" timestamp="2019-06-17T06:04:32.833" />
  <attribute name="elasticGC enabled" value="1" />
  <attribute name= "numThreadsSpecified" value="1" />
  <attribute name="heapSize specified" value="28770304" />
  <attribute name="Current GC Util" value="20" />
  <attribute name= "Current Time Running" value="2496" />
  <attribute name ="GC Interval" value="200" />
  <attribute name="ProportionalT" value="0.000000" />
  <attribute name="ProportionalI" value="0.000000" />
  <attribute name="ProportionalH" value="0.000000" />
  <attribute name="Current Error" value="0.000000" />
  <attribute name="IntegralT" value="0.000000" />
  <attribute name="IntegralI" value="0.000000" />
  <attribute name="IntegralH" value="0.000000" />
  <attribute name="DerivativeT" value="-0.363636" />
  <attribute name="DerivativeI" value="-0.363636" />
  <attribute name="DerivativeH" value="-0.363636" />
  <attribute name="Loop Time for DT" value="11.000000" />
  <attribute name="Output H" value="8388608"/>
  <attribute name="Output I" value="200"/>
  <attribute name="Output T" value="1"/>
  <attribute name="Target GC Util Change" value ="20.000000" />
  <attribute name="Current GC Util Change" value="20.000000"/>
  <attribute name="GC Util currently" value="20" />
  <attribute name="CPU Util currently" value="422974199403" />
<allocation-satisfied id="2036" threadId="0000000000DE1500" bytesRequested="24" />
<af-end id="2037" timestamp="2019-06-17T06:04:32.833" threadId="0000000000DE1E88" success="true" from="nursery"/>
<exclusive-end id="2038" timestamp="2019-06-17T06:04:32.833" durationms="2.211" />

<exclusive-start id="2039" timestamp="2019-06-17T06:04:32.843" intervalms="11.771">
  <response-info timems="0.024" idlems="0.024" threads="0" lastid="0000000000DD9D00" lastname="Thread-10" />
</exclusive-start>
<af-start id="2040" threadId="0000000000DDA688" totalBytesRequested="40" timestamp="2019-06-17T06:04:32.843" intervalms="11.803" type="nursery" />
<cycle-start id="2041" type="scavenge" contextid="0" timestamp="2019-06-17T06:04:32.843" intervalms="11.847" />
<gc-start id="2042" type="scavenge" contextid="2041" timestamp="2019-06-17T06:04:32.843">
  <mem-info id="2043" free="2057241832" total="2092630016" percent="98">
    <mem type="nursery" free="0" total="24641536" percent="0">
      <mem type="allocate" free="0" total="22151168" percent="0" />
      <mem type="survivor" free="0" total="2490368" percent="0" />
    </mem>
    <mem type="tenure" free="2057241832" total="2067988480" percent="99">
      <mem type="soa" free="1953842408" total="1964589056" percent="99" />
      <mem type="loa" free="103399424" total="103399424" percent="100" />
    </mem>
    <remembered-set count="4128" />
  </mem-info>
</gc-start>
<allocation-stats totalBytes="21772472" >
  <allocated-bytes non-tlh="24" tlh="21772448" />
  <largest-consumer threadName="Thread-9" threadId="0000000000DE1500" bytes="6651072" />
</allocation-stats>
<gc-op id="2044" type="scavenge" timems="1.059" contextid="2041" timestamp="2019-06-17T06:04:32.844">
  <scavenger-info tenureage="3" tenuremask="4008" tiltratio="89" />
  <memory-copied type="nursery" objects="9660" bytes="370976" bytesdiscarded="210400" />
  <memory-copied type="tenure" objects="1071" bytes="25704" bytesdiscarded="0" />
</gc-op>
<gc-end id="2045" type="scavenge" contextid="2041" durationms="1.468" usertimems="0.000" systemtimems="0.000" timestamp="2019-06-17T06:04:32.845" activeThreads="4">
  <mem-info id="2046" free="2078680296" total="2092630016" percent="99">
    <mem type="nursery" free="21569792" total="24641536" percent="87">
      <mem type="allocate" free="21569792" total="22151168" percent="97" />
      <mem type="survivor" free="0" total="2490368" percent="0" />
    </mem>
    <mem type="tenure" free="2057110504" total="2067988480" percent="99">
      <mem type="soa" free="1953711080" total="1964589056" percent="99" />
      <mem type="loa" free="103399424" total="103399424" percent="100" />
    </mem>
    <remembered-set count="3056" />
  </mem-info>
</gc-end>
<cycle-end id="2047" type="scavenge" contextid="2041" timestamp="2019-06-17T06:04:32.845" />
  <attribute name="elasticGC enabled" value="1" />
  <attribute name= "numThreadsSpecified" value="4" />
  <attribute name="heapSize specified" value="28770304" />
  <attribute name="Current GC Util" value="13" />
  <attribute name= "Current Time Running" value="2508" />
  <attribute name ="GC Interval" value="200" />
  <attribute name="ProportionalT" value="-7.000000" />
  <attribute name="ProportionalI" value="-7.000000" />
  <attribute name="ProportionalH" value="-7.000000" />
  <attribute name="Current Error" value="-7.000000" />
  <attribute name="IntegralT" value="-84.000000" />
  <attribute name="IntegralI" value="-84.000000" />
  <attribute name="IntegralH" value="-84.000000" />
  <attribute name="DerivativeT" value="-0.583333" />
  <attribute name="DerivativeI" value="-0.583333" />
  <attribute name="DerivativeH" value="-0.583333" />
  <attribute name="Loop Time for DT" value="12.000000" />
  <attribute name="Output H" value="2092630016"/>
  <attribute name="Output I" value="200"/>
  <attribute name="Output T" value="4"/>
  <attribute name="Target GC Util Change" value ="20.000000" />
  <attribute name="Current GC Util Change" value="13.000000"/>
  <attribute name="GC Util currently" value="13" />
  <attribute name="CPU Util currently" value="385106712753" />
<allocation-satisfied id="2048" threadId="0000000000DD9D00" bytesRequested="40" />
<af-end id="2049" timestamp="2019-06-17T06:04:32.845" threadId="0000000000DDA688" success="true" from="nursery"/>
<exclusive-end id="2050" timestamp="2019-06-17T06:04:32.845" durationms="2.232" />

<exclusive-start id="2051" timestamp="2019-06-17T06:04:32.854" intervalms="11.401">
  <response-info timems="0.019" idlems="0.019" threads="0" lastid="0000000000DD9D00" lastname="Thread-10" />
</exclusive-start>
<af-start id="2052" threadId="0000000000DDA688" totalBytesRequested="40" timestamp="2019-06-17T06:04:32.854" intervalms="11.332" type="nursery" />
<cycle-start id="2053" type="scavenge" contextid="0" timestamp="2019-06-17T06:04:32.854" intervalms="11.294" />
<gc-start id="2054" type="scavenge" contextid="2053" timestamp="2019-06-17T06:04:32.854">
  <mem-info id="2055" free="2057110504" total="2092630016" percent="98">
    <mem type="nursery" free="0" total="24641536" percent="0">
      <mem type="allocate" free="0" total="22151168" percent="0" />
      <mem type="survivor" free="0" total="2490368" percent="0" />
    </mem>
    <mem type="tenure" free="2057110504" total="2067988480" percent="99">
      <mem type="soa" free="1953711080" total="1964589056" percent="99" />
      <mem type="loa" free="103399424" total="103399424" percent="100" />
    </mem>
    <remembered-set count="3740" />
  </mem-info>
</gc-start>
<allocation-stats totalBytes="21568000" >
  <allocated-bytes non-tlh="40" tlh="21567960" />
  <largest-consumer threadName="Thread-9" threadId="0000000000DE1500" bytes="5996240" />
</allocation-stats>
<gc-op id="2056" type="scavenge" timems="1.542" contextid="2053" timestamp="2019-06-17T06:04:32.856">
  <scavenger-info tenureage="3" tenuremask="4008" tiltratio="89" />
  <memory-copied type="nursery" objects="15438" bytes="647472" bytesdiscarded="157392" />
  <memory-copied type="tenure" objects="1223" bytes="29352" bytesdiscarded="0" />
</gc-op>
<gc-end id="2057" type="scavenge" contextid="2053" durationms="1.841" usertimems="4.000" systemtimems="0.000" timestamp="2019-06-17T06:04:32.856" activeThreads="4">
  <mem-info id="2058" free="2078417640" total="2092630016" percent="99">
    <mem type="nursery" free="21346304" total="24641536" percent="86">
      <mem type="allocate" free="21346304" total="22151168" percent="96" />
      <mem type="survivor" free="0" total="2490368" percent="0" />
    </mem>
    <mem type="tenure" free="2057071336" total="2067988480" percent="99">
      <mem type="soa" free="1953671912" total="1964589056" percent="99" />
      <mem type="loa" free="103399424" total="103399424" percent="100" />
    </mem>
    <remembered-set count="2517" />
  </mem-info>
</gc-end>
<cycle-end id="2059" type="scavenge" contextid="2053" timestamp="2019-06-17T06:04:32.856" />
  <attribute name="elasticGC enabled" value="1" />
  <attribute name= "numThreadsSpecified" value="4" />
  <attribute name="heapSize specified" value="28770304" />
  <attribute name="Current GC Util" value="24" />
  <attribute name= "Current Time Running" value="2519" />
  <attribute name ="GC Interval" value="200" />
  <attribute name="ProportionalT" value="4.000000" />
  <attribute name="ProportionalI" value="4.000000" />
  <attribute name="ProportionalH" value="4.000000" />
  <attribute name="Current Error" value="4.000000" />
  <attribute name="IntegralT" value="44.000000" />
  <attribute name="IntegralI" value="44.000000" />
  <attribute name="IntegralH" value="44.000000" />
  <attribute name="DerivativeT" value="0.363636" />
  <attribute name="DerivativeI" value="0.363636" />
  <attribute name="DerivativeH" value="0.363636" />
  <attribute name="Loop Time for DT" value="11.000000" />
  <attribute name="Output H" value="8388608"/>
  <attribute name="Output I" value="200"/>
  <attribute name="Output T" value="4"/>
  <attribute name="Target GC Util Change" value ="20.000000" />
  <attribute name="Current GC Util Change" value="24.000000"/>
  <attribute name="GC Util currently" value="24" />
  <attribute name="CPU Util currently" value="409858278593" />
<allocation-satisfied id="2060" threadId="0000000000DD9D00" bytesRequested="40" />
<af-end id="2061" timestamp="2019-06-17T06:04:32.857" threadId="0000000000DDA688" success="true" from="nursery"/>
<exclusive-end id="2062" timestamp="2019-06-17T06:04:32.857" durationms="2.599" />

<exclusive-start id="2063" timestamp="2019-06-17T06:04:32.867" intervalms="12.906">
  <response-info timems="0.038" idlems="0.038" threads="0" lastid="0000000000DE1500" lastname="Thread-9" />
</exclusive-start>
<af-start id="2064" threadId="0000000000DE1E88" totalBytesRequested="24" timestamp="2019-06-17T06:04:32.867" intervalms="12.936" type="nursery" />
<cycle-start id="2065" type="scavenge" contextid="0" timestamp="2019-06-17T06:04:32.867" intervalms="12.945" />
<gc-start id="2066" type="scavenge" contextid="2065" timestamp="2019-06-17T06:04:32.867">
  <mem-info id="2067" free="2057071336" total="2092630016" percent="98">
    <mem type="nursery" free="0" total="24641536" percent="0">
      <mem type="allocate" free="0" total="22151168" percent="0" />
      <mem type="survivor" free="0" total="2490368" percent="0" />
    </mem>
    <mem type="tenure" free="2057071336" total="2067988480" percent="99">
      <mem type="soa" free="1953671912" total="1964589056" percent="99" />
      <mem type="loa" free="103399424" total="103399424" percent="100" />
    </mem>
    <remembered-set count="2841" />
  </mem-info>
</gc-start>
<allocation-stats totalBytes="21344712" >
  <allocated-bytes non-tlh="40" tlh="21344672" />
  <largest-consumer threadName="Thread-7" threadId="0000000000DE5100" bytes="5603024" />
</allocation-stats>
<gc-op id="2068" type="scavenge" timems="0.542" contextid="2065" timestamp="2019-06-17T06:04:32.868">
  <scavenger-info tenureage="3" tenuremask="4008" tiltratio="89" />
  <memory-copied type="nursery" objects="9786" bytes="373712" bytesdiscarded="129328" />
  <memory-copied type="tenure" objects="6953" bytes="304248" bytesdiscarded="24" />
</gc-op>
<gc-end id="2069" type="scavenge" contextid="2065" durationms="0.723" usertimems="0.000" systemtimems="4.000" timestamp="2019-06-17T06:04:32.868" activeThreads="4">
  <mem-info id="2070" free="2078386920" total="2092630016" percent="99">
    <mem type="nursery" free="21648128" total="24641536" percent="87">
      <mem type="allocate" free="21648128" total="22151168" percent="97" />
      <mem type="survivor" free="0" total="2490368" percent="0" />
    </mem>
    <mem type="tenure" free="2056738792" total="2067988480" percent="99">
      <mem type="soa" free="1953339368" total="1964589056" percent="99" />
      <mem type="loa" free="103399424" total="103399424" percent="100" />
    </mem>
    <remembered-set count="2791" />
  </mem-info>
</gc-end>
<cycle-end id="2071" type="scavenge" contextid="2065" timestamp="2019-06-17T06:04:32.868" />
  <attribute name="elasticGC enabled" value="1" />
  <attribute name= "numThreadsSpecified" value="4" />
  <attribute name="heapSize specified" value="28770304" />
  <attribute name="Current GC Util" value="27" />
  <attribute name= "Current Time Running" value="2532" />
  <attribute name ="GC Interval" value="200" />
  <attribute name="ProportionalT" value="7.000000" />
  <attribute name="ProportionalI" value="7.000000" />
  <attribute name="ProportionalH" value="7.000000" />
  <attribute name="Current Error" value="7.000000" />
  <attribute name="IntegralT" value="91.000000" />
  <attribute name="IntegralI" value="91.000000" />
  <attribute name="IntegralH" value="91.000000" />
  <attribute name="DerivativeT" value="0.230769" />
  <attribute name="DerivativeI" value="0.230769" />
  <attribute name="DerivativeH" value="0.230769" />
  <attribute name="Loop Time for DT" value="13.000000" />
  <attribute name="Output H" value="8388608"/>
  <attribute name="Output I" value="200"/>
  <attribute name="Output T" value="4"/>
  <attribute name="Target GC Util Change" value ="20.000000" />
  <attribute name="Current GC Util Change" value="27.000000"/>
  <attribute name="GC Util currently" value="27" />
  <attribute name="CPU Util currently" value="359687319339" />
<allocation-satisfied id="2072" threadId="0000000000DE1500" bytesRequested="24" />
<af-end id="2073" timestamp="2019-06-17T06:04:32.868" threadId="0000000000DE1E88" success="true" from="nursery"/>
<exclusive-end id="2074" timestamp="2019-06-17T06:04:32.868" durationms="1.229" />

<exclusive-start id="2075" timestamp="2019-06-17T06:04:32.879" intervalms="11.791">
  <response-info timems="0.025" idlems="0.025" threads="0" lastid="0000000000DDD900" lastname="Thread-8" />
</exclusive-start>
<af-start id="2076" threadId="0000000000DDE288" totalBytesRequested="24" timestamp="2019-06-17T06:04:32.879" intervalms="11.764" type="nursery" />
<cycle-start id="2077" type="scavenge" contextid="0" timestamp="2019-06-17T06:04:32.879" intervalms="11.761" />
<gc-start id="2078" type="scavenge" contextid="2077" timestamp="2019-06-17T06:04:32.879">
  <mem-info id="2079" free="2056738792" total="2092630016" percent="98">
    <mem type="nursery" free="0" total="24641536" percent="0">
      <mem type="allocate" free="0" total="22151168" percent="0" />
      <mem type="survivor" free="0" total="2490368" percent="0" />
    </mem>
    <mem type="tenure" free="2056738792" total="2067988480" percent="99">
      <mem type="soa" free="1953339368" total="1964589056" percent="99" />
      <mem type="loa" free="103399424" total="103399424" percent="100" />
    </mem>
    <remembered-set count="3490" />
  </mem-info>
</gc-start>
<allocation-stats totalBytes="21645400" >
  <allocated-bytes non-tlh="24" tlh="21645376" />
  <largest-consumer threadName="Thread-9" threadId="0000000000DE1500" bytes="5755032" />
</allocation-stats>
<gc-op id="2080" type="scavenge" timems="1.101" contextid="2077" timestamp="2019-06-17T06:04:32.880">
  <scavenger-info tenureage="3" tenuremask="4008" tiltratio="89" />
  <memory-copied type="nursery" objects="10210" bytes="384600" bytesdiscarded="82344" />
  <memory-copied type="tenure" objects="1175" bytes="28200" bytesdiscarded="0" />
</gc-op>
<gc-end id="2081" type="scavenge" contextid="2077" durationms="1.602" usertimems="4.000" systemtimems="0.000" timestamp="2019-06-17T06:04:32.881" activeThreads="4">
  <mem-info id="2082" free="2078383848" total="2092630016" percent="99">
    <mem type="nursery" free="21684224" total="24641536" percent="87">
      <mem type="allocate" free="21684224" total="22151168" percent="97" />
      <mem type="survivor" free="0" total="2490368" percent="0" />
    </mem>
    <mem type="tenure" free="2056699624" total="2067988480" percent="99">
      <mem type="soa" free="1953300200" total="1964589056" percent="99" />
      <mem type="loa" free="103399424" total="103399424" percent="100" />
    </mem>
    <remembered-set count="2315" />
  </mem-info>
</gc-end>
<cycle-end id="2083" type="scavenge" contextid="2077" timestamp="2019-06-17T06:04:32.881" />
  <attribute name="elasticGC enabled" value="1" />
  <attribute name= "numThreadsSpecified" value="4" />
  <attribute name="heapSize specified" value="28770304" />
  <attribute name="Current GC Util" value="16" />
  <attribute name= "Current Time Running" value="2544" />
  <attribute name ="GC Interval" value="200" />
  <attribute name="ProportionalT" value="-4.000000" />
  <attribute name="ProportionalI" value="-4.000000" />
  <attribute name="ProportionalH" value="-4.000000" />
  <attribute name="Current Error" value="-4.000000" />
  <attribute name="IntegralT" value="-48.000000" />
  <attribute name="IntegralI" value="-48.000000" />
  <attribute name="IntegralH" value="-48.000000" />
  <attribute name="DerivativeT" value="-0.916667" />
  <attribute name="DerivativeI" value="-0.916667" />
  <attribute name="DerivativeH" value="-0.916667" />
  <attribute name="Loop Time for DT" value="12.000000" />
  <attribute name="Output H" value="2092630016"/>
  <attribute name="Output I" value="200"/>
  <attribute name="Output T" value="4"/>
  <attribute name="Target GC Util Change" value ="20.000000" />
  <attribute name="Current GC Util Change" value="16.000000"/>
  <attribute name="GC Util currently" value="16" />
  <attribute name="CPU Util currently" value="387895164968" />
<allocation-satisfied id="2084" threadId="0000000000DDD900" bytesRequested="24" />
<af-end id="2085" timestamp="2019-06-17T06:04:32.881" threadId="0000000000DDE288" success="true" from="nursery"/>
<exclusive-end id="2086" timestamp="2019-06-17T06:04:32.881" durationms="2.412" />

<exclusive-start id="2087" timestamp="2019-06-17T06:04:32.895" intervalms="15.812">
  <response-info timems="0.763" idlems="0.391" threads="1" lastid="0000000000DE5100" lastname="Thread-7" />
</exclusive-start>
<af-start id="2088" threadId="0000000000DE1E88" totalBytesRequested="40" timestamp="2019-06-17T06:04:32.895" intervalms="15.870" type="nursery" />
<cycle-start id="2089" type="scavenge" contextid="0" timestamp="2019-06-17T06:04:32.895" intervalms="15.864" />
<gc-start id="2090" type="scavenge" contextid="2089" timestamp="2019-06-17T06:04:32.895">
  <mem-info id="2091" free="2056699624" total="2092630016" percent="98">
    <mem type="nursery" free="0" total="24641536" percent="0">
      <mem type="allocate" free="0" total="22151168" percent="0" />
      <mem type="survivor" free="0" total="2490368" percent="0" />
    </mem>
    <mem type="tenure" free="2056699624" total="2067988480" percent="99">
      <mem type="soa" free="1953300200" total="1964589056" percent="99" />
      <mem type="loa" free="103399424" total="103399424" percent="100" />
    </mem>
    <remembered-set count="3035" />
  </mem-info>
</gc-start>
<allocation-stats totalBytes="21681736" >
  <allocated-bytes non-tlh="24" tlh="21681712" />
  <largest-consumer threadName="Thread-9" threadId="0000000000DE1500" bytes="6782192" />
</allocation-stats>
<gc-op id="2092" type="scavenge" timems="0.716" contextid="2089" timestamp="2019-06-17T06:04:32.896">
  <scavenger-info tenureage="3" tenuremask="ffe8" tiltratio="89" />
  <memory-copied type="nursery" objects="4886" bytes="119208" bytesdiscarded="283224" />
  <memory-copied type="tenure" objects="6936" bytes="303840" bytesdiscarded="0" />
</gc-op>
<gc-end id="2093" type="scavenge" contextid="2089" durationms="0.895" usertimems="0.000" systemtimems="0.000" timestamp="2019-06-17T06:04:32.896" activeThreads="4">
  <mem-info id="2094" free="2078378472" total="2092630016" percent="99">
    <mem type="nursery" free="21748736" total="24641536" percent="88">
      <mem type="allocate" free="21748736" total="22151168" percent="98" />
      <mem type="survivor" free="0" total="2490368" percent="0" />
    </mem>
    <mem type="tenure" free="2056629736" total="2067988480" percent="99">
      <mem type="soa" free="1953230312" total="1964589056" percent="99" />
      <mem type="loa" free="103399424" total="103399424" percent="100" />
    </mem>
    <remembered-set count="4670" />
  </mem-info>
</gc-end>
<cycle-end id="2095" type="scavenge" contextid="2089" timestamp="2019-06-17T06:04:32.896" />
  <attribute name="elasticGC enabled" value="1" />
  <attribute name= "numThreadsSpecified" value="4" />
  <attribute name="heapSize specified" value="28770304" />
  <attribute name="Current GC Util" value="16" />
  <attribute name= "Current Time Running" value="2560" />
  <attribute name ="GC Interval" value="200" />
  <attribute name="ProportionalT" value="-4.000000" />
  <attribute name="ProportionalI" value="-4.000000" />
  <attribute name="ProportionalH" value="-4.000000" />
  <attribute name="Current Error" value="-4.000000" />
  <attribute name="IntegralT" value="-64.000000" />
  <attribute name="IntegralI" value="-64.000000" />
  <attribute name="IntegralH" value="-64.000000" />
  <attribute name="DerivativeT" value="-0.250000" />
  <attribute name="DerivativeI" value="-0.250000" />
  <attribute name="DerivativeH" value="-0.250000" />
  <attribute name="Loop Time for DT" value="16.000000" />
  <attribute name="Output H" value="2092630016"/>
  <attribute name="Output I" value="200"/>
  <attribute name="Output T" value="4"/>
  <attribute name="Target GC Util Change" value ="20.000000" />
  <attribute name="Current GC Util Change" value="16.000000"/>
  <attribute name="GC Util currently" value="16" />
  <attribute name="CPU Util currently" value="292344540001" />
<allocation-satisfied id="2096" threadId="0000000000DE1500" bytesRequested="40" />
<af-end id="2097" timestamp="2019-06-17T06:04:32.896" threadId="0000000000DE1E88" success="true" from="nursery"/>
<exclusive-end id="2098" timestamp="2019-06-17T06:04:32.896" durationms="1.504" />

<exclusive-start id="2099" timestamp="2019-06-17T06:04:32.910" intervalms="14.844">
  <response-info timems="0.034" idlems="0.034" threads="0" lastid="0000000000DE5100" lastname="Thread-7" />
</exclusive-start>
<af-start id="2100" threadId="0000000000DE5A88" totalBytesRequested="40" timestamp="2019-06-17T06:04:32.910" intervalms="14.847" type="nursery" />
<cycle-start id="2101" type="scavenge" contextid="0" timestamp="2019-06-17T06:04:32.910" intervalms="14.853" />
<gc-start id="2102" type="scavenge" contextid="2101" timestamp="2019-06-17T06:04:32.910">
  <mem-info id="2103" free="2056629736" total="2092630016" percent="98">
    <mem type="nursery" free="0" total="24641536" percent="0">
      <mem type="allocate" free="0" total="22151168" percent="0" />
      <mem type="survivor" free="0" total="2490368" percent="0" />
    </mem>
    <mem type="tenure" free="2056629736" total="2067988480" percent="99">
      <mem type="soa" free="1953230312" total="1964589056" percent="99" />
      <mem type="loa" free="103399424" total="103399424" percent="100" />
    </mem>
    <remembered-set count="7382" />
  </mem-info>
</gc-start>
<allocation-stats totalBytes="21747344" >
  <allocated-bytes non-tlh="40" tlh="21747304" />
  <largest-consumer threadName="Thread-9" threadId="0000000000DE1500" bytes="6651440" />
</allocation-stats>
<gc-op id="2104" type="scavenge" timems="1.050" contextid="2101" timestamp="2019-06-17T06:04:32.911">
  <scavenger-info tenureage="3" tenuremask="ffe8" tiltratio="89" />
  <memory-copied type="nursery" objects="11925" bytes="425528" bytesdiscarded="148288" />
  <memory-copied type="tenure" objects="1457" bytes="34968" bytesdiscarded="0" />
</gc-op>
<gc-end id="2105" type="scavenge" contextid="2101" durationms="1.529" usertimems="0.000" systemtimems="0.000" timestamp="2019-06-17T06:04:32.911" activeThreads="4">
  <mem-info id="2106" free="2078207088" total="2092630016" percent="99">
    <mem type="nursery" free="21577352" total="24641536" percent="87">
      <mem type="allocate" free="21577352" total="22151168" percent="97" />
      <mem type="survivor" free="0" total="2490368" percent="0" />
    </mem>
    <mem type="tenure" free="2056629736" total="2067988480" percent="99">
      <mem type="soa" free="1953230312" total="1964589056" percent="99" />
      <mem type="loa" free="103399424" total="103399424" percent="100" />
    </mem>
    <remembered-set count="5925" />
  </mem-info>
</gc-end>
<cycle-end id="2107" type="scavenge" contextid="2101" timestamp="2019-06-17T06:04:32.912" />
  <attribute name="elasticGC enabled" value="1" />
  <attribute name= "numThreadsSpecified" value="4" />
  <attribute name="heapSize specified" value="28770304" />
  <attribute name="Current GC Util" value="12" />
  <attribute name= "Current Time Running" value="2575" />
  <attribute name ="GC Interval" value="200" />
  <attribute name="ProportionalT" value="-8.000000" />
  <attribute name="ProportionalI" value="-8.000000" />
  <attribute name="ProportionalH" value="-8.000000" />
  <attribute name="Current Error" value="-8.000000" />
  <attribute name="IntegralT" value="-120.000000" />
  <attribute name="IntegralI" value="-120.000000" />
  <attribute name="IntegralH" value="-120.000000" />
  <attribute name="DerivativeT" value="-0.533333" />
  <attribute name="DerivativeI" value="-0.533333" />
  <attribute name="DerivativeH" value="-0.533333" />
  <attribute name="Loop Time for DT" value="15.000000" />
  <attribute name="Output H" value="2092630016"/>
  <attribute name="Output I" value="200"/>
  <attribute name="Output T" value="4"/>
  <attribute name="Target GC Util Change" value ="20.000000" />
  <attribute name="Current GC Util Change" value="12.000000"/>
  <attribute name="GC Util currently" value="12" />
  <attribute name="CPU Util currently" value="306077160611" />
<allocation-satisfied id="2108" threadId="0000000000DE5100" bytesRequested="40" />
<af-end id="2109" timestamp="2019-06-17T06:04:32.912" threadId="0000000000DE5A88" success="true" from="nursery"/>
<exclusive-end id="2110" timestamp="2019-06-17T06:04:32.912" durationms="2.270" />

<exclusive-start id="2111" timestamp="2019-06-17T06:04:32.924" intervalms="14.485">
  <response-info timems="0.030" idlems="0.030" threads="0" lastid="0000000000DE1500" lastname="Thread-9" />
</exclusive-start>
<af-start id="2112" threadId="0000000000DE1E88" totalBytesRequested="40" timestamp="2019-06-17T06:04:32.924" intervalms="14.468" type="nursery" />
<cycle-start id="2113" type="scavenge" contextid="0" timestamp="2019-06-17T06:04:32.924" intervalms="14.457" />
<gc-start id="2114" type="scavenge" contextid="2113" timestamp="2019-06-17T06:04:32.924">
  <mem-info id="2115" free="2056629736" total="2092630016" percent="98">
    <mem type="nursery" free="0" total="24641536" percent="0">
      <mem type="allocate" free="0" total="22151168" percent="0" />
      <mem type="survivor" free="0" total="2490368" percent="0" />
    </mem>
    <mem type="tenure" free="2056629736" total="2067988480" percent="99">
      <mem type="soa" free="1953230312" total="1964589056" percent="99" />
      <mem type="loa" free="103399424" total="103399424" percent="100" />
    </mem>
    <remembered-set count="7142" />
  </mem-info>
</gc-start>
<allocation-stats totalBytes="21576320" >
  <allocated-bytes non-tlh="40" tlh="21576280" />
  <largest-consumer threadName="Thread-7" threadId="0000000000DE5100" bytes="5865272" />
</allocation-stats>
<gc-op id="2116" type="scavenge" timems="0.550" contextid="2113" timestamp="2019-06-17T06:04:32.925">
  <scavenger-info tenureage="2" tenuremask="400c" tiltratio="89" />
  <memory-copied type="nursery" objects="12671" bytes="443344" bytesdiscarded="129584" />
  <memory-copied type="tenure" objects="3120" bytes="74880" bytesdiscarded="0" />
</gc-op>
<gc-end id="2117" type="scavenge" contextid="2113" durationms="0.733" usertimems="4.000" systemtimems="0.000" timestamp="2019-06-17T06:04:32.925" activeThreads="4">
  <mem-info id="2118" free="2078076648" total="2092630016" percent="99">
    <mem type="nursery" free="21578240" total="24641536" percent="87">
      <mem type="allocate" free="21578240" total="22151168" percent="97" />
      <mem type="survivor" free="0" total="2490368" percent="0" />
    </mem>
    <mem type="tenure" free="2056498408" total="2067988480" percent="99">
      <mem type="soa" free="1953098984" total="1964589056" percent="99" />
      <mem type="loa" free="103399424" total="103399424" percent="100" />
    </mem>
    <remembered-set count="4021" />
  </mem-info>
</gc-end>
<cycle-end id="2119" type="scavenge" contextid="2113" timestamp="2019-06-17T06:04:32.925" />
  <attribute name="elasticGC enabled" value="1" />
  <attribute name= "numThreadsSpecified" value="4" />
  <attribute name="heapSize specified" value="28770304" />
  <attribute name="Current GC Util" value="19" />
  <attribute name= "Current Time Running" value="2589" />
  <attribute name ="GC Interval" value="200" />
  <attribute name="ProportionalT" value="-1.000000" />
  <attribute name="ProportionalI" value="-1.000000" />
  <attribute name="ProportionalH" value="-1.000000" />
  <attribute name="Current Error" value="-1.000000" />
  <attribute name="IntegralT" value="-14.000000" />
  <attribute name="IntegralI" value="-14.000000" />
  <attribute name="IntegralH" value="-14.000000" />
  <attribute name="DerivativeT" value="-0.071429" />
  <attribute name="DerivativeI" value="-0.071429" />
  <attribute name="DerivativeH" value="-0.071429" />
  <attribute name="Loop Time for DT" value="14.000000" />
  <attribute name="Output H" value="2092630016"/>
  <attribute name="Output I" value="200"/>
  <attribute name="Output T" value="4"/>
  <attribute name="Target GC Util Change" value ="20.000000" />
  <attribute name="Current GC Util Change" value="19.000000"/>
  <attribute name="GC Util currently" value="19" />
  <attribute name="CPU Util currently" value="323487749944" />
<allocation-satisfied id="2120" threadId="0000000000DE1500" bytesRequested="40" />
<af-end id="2121" timestamp="2019-06-17T06:04:32.925" threadId="0000000000DE1E88" success="true" from="nursery"/>
<exclusive-end id="2122" timestamp="2019-06-17T06:04:32.925" durationms="1.331" />

<exclusive-start id="2123" timestamp="2019-06-17T06:04:32.940" intervalms="15.907">
  <response-info timems="0.041" idlems="0.041" threads="0" lastid="0000000000DDD900" lastname="Thread-8" />
</exclusive-start>
<af-start id="2124" threadId="0000000000DDE288" totalBytesRequested="40" timestamp="2019-06-17T06:04:32.940" intervalms="15.933" type="nursery" />
<cycle-start id="2125" type="scavenge" contextid="0" timestamp="2019-06-17T06:04:32.940" intervalms="15.945" />
<gc-start id="2126" type="scavenge" contextid="2125" timestamp="2019-06-17T06:04:32.940">
  <mem-info id="2127" free="2056498408" total="2092630016" percent="98">
    <mem type="nursery" free="0" total="24641536" percent="0">
      <mem type="allocate" free="0" total="22151168" percent="0" />
      <mem type="survivor" free="0" total="2490368" percent="0" />
    </mem>
    <mem type="tenure" free="2056498408" total="2067988480" percent="99">
      <mem type="soa" free="1953098984" total="1964589056" percent="99" />
      <mem type="loa" free="103399424" total="103399424" percent="100" />
    </mem>
    <remembered-set count="4997" />
  </mem-info>
</gc-start>
<allocation-stats totalBytes="21577560" >
  <allocated-bytes non-tlh="40" tlh="21577520" />
  <largest-consumer threadName="Thread-9" threadId="0000000000DE1500" bytes="7495976" />
</allocation-stats>
<gc-op id="2128" type="scavenge" timems="1.492" contextid="2125" timestamp="2019-06-17T06:04:32.942">
  <scavenger-info tenureage="2" tenuremask="400c" tiltratio="89" />
  <memory-copied type="nursery" objects="8245" bytes="336768" bytesdiscarded="121728" />
  <memory-copied type="tenure" objects="3739" bytes="89736" bytesdiscarded="0" />
</gc-op>
<gc-end id="2129" type="scavenge" contextid="2125" durationms="2.093" usertimems="4.000" systemtimems="0.000" timestamp="2019-06-17T06:04:32.942" activeThreads="4">
  <mem-info id="2130" free="2078082024" total="2092630016" percent="99">
    <mem type="nursery" free="21692672" total="24641536" percent="88">
      <mem type="allocate" free="21692672" total="22151168" percent="97" />
      <mem type="survivor" free="0" total="2490368" percent="0" />
    </mem>
    <mem type="tenure" free="2056389352" total="2067988480" percent="99">
      <mem type="soa" free="1952989928" total="1964589056" percent="99" />
      <mem type="loa" free="103399424" total="103399424" percent="100" />
    </mem>
    <remembered-set count="2281" />
  </mem-info>
</gc-end>
<cycle-end id="2131" type="scavenge" contextid="2125" timestamp="2019-06-17T06:04:32.943" />
  <attribute name="elasticGC enabled" value="1" />
  <attribute name= "numThreadsSpecified" value="4" />
  <attribute name="heapSize specified" value="28770304" />
  <attribute name="Current GC Util" value="11" />
  <attribute name= "Current Time Running" value="2605" />
  <attribute name ="GC Interval" value="200" />
  <attribute name="ProportionalT" value="-9.000000" />
  <attribute name="ProportionalI" value="-9.000000" />
  <attribute name="ProportionalH" value="-9.000000" />
  <attribute name="Current Error" value="-9.000000" />
  <attribute name="IntegralT" value="-144.000000" />
  <attribute name="IntegralI" value="-144.000000" />
  <attribute name="IntegralH" value="-144.000000" />
  <attribute name="DerivativeT" value="-0.562500" />
  <attribute name="DerivativeI" value="-0.562500" />
  <attribute name="DerivativeH" value="-0.562500" />
  <attribute name="Loop Time for DT" value="16.000000" />
  <attribute name="Output H" value="2092630016"/>
  <attribute name="Output I" value="200"/>
  <attribute name="Output T" value="4"/>
  <attribute name="Target GC Util Change" value ="20.000000" />
  <attribute name="Current GC Util Change" value="11.000000"/>
  <attribute name="GC Util currently" value="11" />
  <attribute name="CPU Util currently" value="285860431474" />
<allocation-satisfied id="2132" threadId="0000000000DDD900" bytesRequested="40" />
<af-end id="2133" timestamp="2019-06-17T06:04:32.943" threadId="0000000000DDE288" success="true" from="nursery"/>
<exclusive-end id="2134" timestamp="2019-06-17T06:04:32.943" durationms="2.884" />

<exclusive-start id="2135" timestamp="2019-06-17T06:04:32.951" intervalms="11.163">
  <response-info timems="0.028" idlems="0.028" threads="0" lastid="0000000000DDD900" lastname="Thread-8" />
</exclusive-start>
<af-start id="2136" threadId="0000000000DDE288" totalBytesRequested="40" timestamp="2019-06-17T06:04:32.951" intervalms="11.141" type="nursery" />
<cycle-start id="2137" type="scavenge" contextid="0" timestamp="2019-06-17T06:04:32.951" intervalms="11.134" />
<gc-start id="2138" type="scavenge" contextid="2137" timestamp="2019-06-17T06:04:32.951">
  <mem-info id="2139" free="2056389352" total="2092630016" percent="98">
    <mem type="nursery" free="0" total="24641536" percent="0">
      <mem type="allocate" free="0" total="22151168" percent="0" />
      <mem type="survivor" free="0" total="2490368" percent="0" />
    </mem>
    <mem type="tenure" free="2056389352" total="2067988480" percent="99">
      <mem type="soa" free="1952989928" total="1964589056" percent="99" />
      <mem type="loa" free="103399424" total="103399424" percent="100" />
    </mem>
    <remembered-set count="3891" />
  </mem-info>
</gc-start>
<allocation-stats totalBytes="21691960" >
  <allocated-bytes non-tlh="40" tlh="21691920" />
  <largest-consumer threadName="Thread-7" threadId="0000000000DE5100" bytes="6258408" />
</allocation-stats>
<gc-op id="2140" type="scavenge" timems="1.771" contextid="2137" timestamp="2019-06-17T06:04:32.953">
  <scavenger-info tenureage="14" tenuremask="4000" tiltratio="89" />
  <memory-copied type="nursery" objects="20049" bytes="757528" bytesdiscarded="111848" />
</gc-op>
<gc-end id="2141" type="scavenge" contextid="2137" durationms="2.284" usertimems="4.000" systemtimems="0.000" timestamp="2019-06-17T06:04:32.954" activeThreads="4">
  <mem-info id="2142" free="2077671144" total="2092630016" percent="99">
    <mem type="nursery" free="21281792" total="24641536" percent="86">
      <mem type="allocate" free="21281792" total="22151168" percent="96" />
      <mem type="survivor" free="0" total="2490368" percent="0" />
    </mem>
    <mem type="tenure" free="2056389352" total="2067988480" percent="99">
      <mem type="soa" free="1952989928" total="1964589056" percent="99" />
      <mem type="loa" free="103399424" total="103399424" percent="100" />
    </mem>
    <remembered-set count="3891" />
  </mem-info>
</gc-end>
<cycle-end id="2143" type="scavenge" contextid="2137" timestamp="2019-06-17T06:04:32.954" />
  <attribute name="elasticGC enabled" value="1" />
  <attribute name= "numThreadsSpecified" value="4" />
  <attribute name="heapSize specified" value="28770304" />
  <attribute name="Current GC Util" value="33" />
  <attribute name= "Current Time Running" value="2616" />
  <attribute name ="GC Interval" value="200" />
  <attribute name="ProportionalT" value="13.000000" />
  <attribute name="ProportionalI" value="13.000000" />
  <attribute name="ProportionalH" value="13.000000" />
  <attribute name="Current Error" value="13.000000" />
  <attribute name="IntegralT" value="143.000000" />
  <attribute name="IntegralI" value="143.000000" />
  <attribute name="IntegralH" value="143.000000" />
  <attribute name="DerivativeT" value="1.181818" />
  <attribute name="DerivativeI" value="1.181818" />
  <attribute name="DerivativeH" value="1.181818" />
  <attribute name="Loop Time for DT" value="11.000000" />
  <attribute name="Output H" value="8388608"/>
  <attribute name="Output I" value="200"/>
  <attribute name="Output T" value="4"/>
  <attribute name="Target GC Util Change" value ="20.000000" />
  <attribute name="Current GC Util Change" value="33.000000"/>
  <attribute name="GC Util currently" value="33" />
  <attribute name="CPU Util currently" value="417843229793" />
<allocation-satisfied id="2144" threadId="0000000000DDD900" bytesRequested="40" />
<af-end id="2145" timestamp="2019-06-17T06:04:32.954" threadId="0000000000DDE288" success="true" from="nursery"/>
<exclusive-end id="2146" timestamp="2019-06-17T06:04:32.954" durationms="3.112" />

<exclusive-start id="2147" timestamp="2019-06-17T06:04:32.962" intervalms="11.189">
  <response-info timems="0.023" idlems="0.021" threads="1" lastid="0000000000DE5100" lastname="Thread-7" />
</exclusive-start>
<af-start id="2148" threadId="0000000000DDA688" totalBytesRequested="40" timestamp="2019-06-17T06:04:32.962" intervalms="11.189" type="nursery" />
<cycle-start id="2149" type="scavenge" contextid="0" timestamp="2019-06-17T06:04:32.962" intervalms="11.196" />
<gc-start id="2150" type="scavenge" contextid="2149" timestamp="2019-06-17T06:04:32.963">
  <mem-info id="2151" free="2056389352" total="2092630016" percent="98">
    <mem type="nursery" free="0" total="24641536" percent="0">
      <mem type="allocate" free="0" total="22151168" percent="0" />
      <mem type="survivor" free="0" total="2490368" percent="0" />
    </mem>
    <mem type="tenure" free="2056389352" total="2067988480" percent="99">
      <mem type="soa" free="1952989928" total="1964589056" percent="99" />
      <mem type="loa" free="103399424" total="103399424" percent="100" />
    </mem>
    <remembered-set count="5767" />
  </mem-info>
</gc-start>
<allocation-stats totalBytes="21281088" >
  <allocated-bytes non-tlh="40" tlh="21281048" />
  <largest-consumer threadName="Thread-7" threadId="0000000000DE5100" bytes="5734184" />
</allocation-stats>
<gc-op id="2152" type="scavenge" timems="2.213" contextid="2149" timestamp="2019-06-17T06:04:32.965">
  <scavenger-info tenureage="14" tenuremask="4000" tiltratio="89" />
  <memory-copied type="nursery" objects="28125" bytes="1088904" bytesdiscarded="134232" />
</gc-op>
<gc-end id="2153" type="scavenge" contextid="2149" durationms="2.565" usertimems="4.000" systemtimems="0.000" timestamp="2019-06-17T06:04:32.965" activeThreads="4">
  <mem-info id="2154" free="2077317384" total="2092630016" percent="99">
    <mem type="nursery" free="20928032" total="24641536" percent="84">
      <mem type="allocate" free="20928032" total="22151168" percent="94" />
      <mem type="survivor" free="0" total="2490368" percent="0" />
    </mem>
    <mem type="tenure" free="2056389352" total="2067988480" percent="99">
      <mem type="soa" free="1952989928" total="1964589056" percent="99" />
      <mem type="loa" free="103399424" total="103399424" percent="100" />
    </mem>
    <remembered-set count="5766" />
  </mem-info>
</gc-end>
<cycle-end id="2155" type="scavenge" contextid="2149" timestamp="2019-06-17T06:04:32.965" />
  <attribute name="elasticGC enabled" value="1" />
  <attribute name= "numThreadsSpecified" value="4" />
  <attribute name="heapSize specified" value="28770304" />
  <attribute name="Current GC Util" value="38" />
  <attribute name= "Current Time Running" value="2628" />
  <attribute name ="GC Interval" value="240" />
  <attribute name="ProportionalT" value="18.000000" />
  <attribute name="ProportionalI" value="18.000000" />
  <attribute name="ProportionalH" value="18.000000" />
  <attribute name="Current Error" value="18.000000" />
  <attribute name="IntegralT" value="216.000000" />
  <attribute name="IntegralI" value="216.000000" />
  <attribute name="IntegralH" value="216.000000" />
  <attribute name="DerivativeT" value="0.416667" />
  <attribute name="DerivativeI" value="0.416667" />
  <attribute name="DerivativeH" value="0.416667" />
  <attribute name="Loop Time for DT" value="12.000000" />
  <attribute name="Output H" value="8388608"/>
  <attribute name="Output I" value="240"/>
  <attribute name="Output T" value="4"/>
  <attribute name="Target GC Util Change" value ="20.000000" />
  <attribute name="Current GC Util Change" value="38.000000"/>
  <attribute name="GC Util currently" value="38" />
  <attribute name="CPU Util currently" value="412378271387" />
<allocation-satisfied id="2156" threadId="0000000000DD9D00" bytesRequested="40" />
<af-end id="2157" timestamp="2019-06-17T06:04:32.965" threadId="0000000000DDA688" success="true" from="nursery"/>
<exclusive-end id="2158" timestamp="2019-06-17T06:04:32.966" durationms="3.352" />

<exclusive-start id="2159" timestamp="2019-06-17T06:04:32.974" intervalms="11.573">
  <response-info timems="0.022" idlems="0.022" threads="0" lastid="0000000000DDD900" lastname="Thread-8" />
</exclusive-start>
<af-start id="2160" threadId="0000000000DDE288" totalBytesRequested="24" timestamp="2019-06-17T06:04:32.974" intervalms="11.576" type="nursery" />
<cycle-start id="2161" type="scavenge" contextid="0" timestamp="2019-06-17T06:04:32.974" intervalms="11.572" />
<gc-start id="2162" type="scavenge" contextid="2161" timestamp="2019-06-17T06:04:32.974">
  <mem-info id="2163" free="2056389352" total="2092630016" percent="98">
    <mem type="nursery" free="0" total="24641536" percent="0">
      <mem type="allocate" free="0" total="22151168" percent="0" />
      <mem type="survivor" free="0" total="2490368" percent="0" />
    </mem>
    <mem type="tenure" free="2056389352" total="2067988480" percent="99">
      <mem type="soa" free="1952989928" total="1964589056" percent="99" />
      <mem type="loa" free="103399424" total="103399424" percent="100" />
    </mem>
    <remembered-set count="6019" />
  </mem-info>
</gc-start>
<allocation-stats totalBytes="20927136" >
  <allocated-bytes non-tlh="40" tlh="20927096" />
  <largest-consumer threadName="Thread-9" threadId="0000000000DE1500" bytes="5865224" />
</allocation-stats>
<gc-op id="2164" type="scavenge" timems="1.803" contextid="2161" timestamp="2019-06-17T06:04:32.976">
  <scavenger-info tenureage="4" tenuremask="4010" tiltratio="89" />
  <memory-copied type="nursery" objects="26694" bytes="1054464" bytesdiscarded="146400" />
  <memory-copied type="tenure" objects="1213" bytes="29112" bytesdiscarded="0" />
</gc-op>
<gc-end id="2165" type="scavenge" contextid="2161" durationms="2.179" usertimems="4.000" systemtimems="0.000" timestamp="2019-06-17T06:04:32.976" activeThreads="4">
  <mem-info id="2166" free="2077339656" total="2092630016" percent="99">
    <mem type="nursery" free="20950304" total="24641536" percent="85">
      <mem type="allocate" free="20950304" total="22151168" percent="94" />
      <mem type="survivor" free="0" total="2490368" percent="0" />
    </mem>
    <mem type="tenure" free="2056389352" total="2067988480" percent="99">
      <mem type="soa" free="1952989928" total="1964589056" percent="99" />
      <mem type="loa" free="103399424" total="103399424" percent="100" />
    </mem>
    <remembered-set count="4805" />
  </mem-info>
</gc-end>
<cycle-end id="2167" type="scavenge" contextid="2161" timestamp="2019-06-17T06:04:32.976" />
  <attribute name="elasticGC enabled" value="1" />
  <attribute name= "numThreadsSpecified" value="4" />
  <attribute name="heapSize specified" value="28770304" />
  <attribute name="Current GC Util" value="48" />
  <attribute name= "Current Time Running" value="2639" />
  <attribute name ="GC Interval" value="336" />
  <attribute name="ProportionalT" value="28.000000" />
  <attribute name="ProportionalI" value="28.000000" />
  <attribute name="ProportionalH" value="28.000000" />
  <attribute name="Current Error" value="28.000000" />
  <attribute name="IntegralT" value="308.000000" />
  <attribute name="IntegralI" value="308.000000" />
  <attribute name="IntegralH" value="308.000000" />
  <attribute name="DerivativeT" value="0.909091" />
  <attribute name="DerivativeI" value="0.909091" />
  <attribute name="DerivativeH" value="0.909091" />
  <attribute name="Loop Time for DT" value="11.000000" />
  <attribute name="Output H" value="8388608"/>
  <attribute name="Output I" value="336"/>
  <attribute name="Output T" value="4"/>
  <attribute name="Target GC Util Change" value ="20.000000" />
  <attribute name="Current GC Util Change" value="48.000000"/>
  <attribute name="GC Util currently" value="48" />
  <attribute name="CPU Util currently" value="401744274591" />
<allocation-satisfied id="2168" threadId="0000000000DDD900" bytesRequested="24" />
<af-end id="2169" timestamp="2019-06-17T06:04:32.977" threadId="0000000000DDE288" success="true" from="nursery"/>
<exclusive-end id="2170" timestamp="2019-06-17T06:04:32.977" durationms="2.881" />

<exclusive-start id="2171" timestamp="2019-06-17T06:04:32.985" intervalms="11.255">
  <response-info timems="0.026" idlems="0.026" threads="0" lastid="0000000000DE5100" lastname="Thread-7" />
</exclusive-start>
<af-start id="2172" threadId="0000000000DE5A88" totalBytesRequested="40" timestamp="2019-06-17T06:04:32.985" intervalms="11.247" type="nursery" />
<cycle-start id="2173" type="scavenge" contextid="0" timestamp="2019-06-17T06:04:32.985" intervalms="11.272" />
<gc-start id="2174" type="scavenge" contextid="2173" timestamp="2019-06-17T06:04:32.986">
  <mem-info id="2175" free="2056389352" total="2092630016" percent="98">
    <mem type="nursery" free="0" total="24641536" percent="0">
      <mem type="allocate" free="0" total="22151168" percent="0" />
      <mem type="survivor" free="0" total="2490368" percent="0" />
    </mem>
    <mem type="tenure" free="2056389352" total="2067988480" percent="99">
      <mem type="soa" free="1952989928" total="1964589056" percent="99" />
      <mem type="loa" free="103399424" total="103399424" percent="100" />
    </mem>
    <remembered-set count="5013" />
  </mem-info>
</gc-start>
<allocation-stats totalBytes="20947544" >
  <allocated-bytes non-tlh="24" tlh="20947520" />
  <largest-consumer threadName="Thread-9" threadId="0000000000DE1500" bytes="5864680" />
</allocation-stats>
<gc-op id="2176" type="scavenge" timems="1.512" contextid="2173" timestamp="2019-06-17T06:04:32.987">
  <scavenger-info tenureage="14" tenuremask="4000" tiltratio="89" />
  <memory-copied type="nursery" objects="29895" bytes="1131448" bytesdiscarded="91688" />
</gc-op>
<gc-end id="2177" type="scavenge" contextid="2173" durationms="2.018" usertimems="0.000" systemtimems="0.000" timestamp="2019-06-17T06:04:32.988" activeThreads="4">
  <mem-info id="2178" free="2077317384" total="2092630016" percent="99">
    <mem type="nursery" free="20928032" total="24641536" percent="84">
      <mem type="allocate" free="20928032" total="22151168" percent="94" />
      <mem type="survivor" free="0" total="2490368" percent="0" />
    </mem>
    <mem type="tenure" free="2056389352" total="2067988480" percent="99">
      <mem type="soa" free="1952989928" total="1964589056" percent="99" />
      <mem type="loa" free="103399424" total="103399424" percent="100" />
    </mem>
    <remembered-set count="5013" />
  </mem-info>
</gc-end>
<cycle-end id="2179" type="scavenge" contextid="2173" timestamp="2019-06-17T06:04:32.988" />
  <attribute name="elasticGC enabled" value="1" />
  <attribute name= "numThreadsSpecified" value="4" />
  <attribute name="heapSize specified" value="28770304" />
  <attribute name="Current GC Util" value="37" />
  <attribute name= "Current Time Running" value="2651" />
  <attribute name ="GC Interval" value="224" />
  <attribute name="ProportionalT" value="17.000000" />
  <attribute name="ProportionalI" value="17.000000" />
  <attribute name="ProportionalH" value="17.000000" />
  <attribute name="Current Error" value="17.000000" />
  <attribute name="IntegralT" value="204.000000" />
  <attribute name="IntegralI" value="204.000000" />
  <attribute name="IntegralH" value="204.000000" />
  <attribute name="DerivativeT" value="-0.916667" />
  <attribute name="DerivativeI" value="-0.916667" />
  <attribute name="DerivativeH" value="-0.916667" />
  <attribute name="Loop Time for DT" value="12.000000" />
  <attribute name="Output H" value="8388608"/>
  <attribute name="Output I" value="224"/>
  <attribute name="Output T" value="4"/>
  <attribute name="Target GC Util Change" value ="20.000000" />
  <attribute name="Current GC Util Change" value="37.000000"/>
  <attribute name="GC Util currently" value="37" />
  <attribute name="CPU Util currently" value="397112044846" />
<allocation-satisfied id="2180" threadId="0000000000DE5100" bytesRequested="40" />
<af-end id="2181" timestamp="2019-06-17T06:04:32.988" threadId="0000000000DE5A88" success="true" from="nursery"/>
<exclusive-end id="2182" timestamp="2019-06-17T06:04:32.988" durationms="2.869" />

<exclusive-start id="2183" timestamp="2019-06-17T06:04:32.996" intervalms="11.267">
  <response-info timems="0.023" idlems="0.023" threads="0" lastid="0000000000DD9D00" lastname="Thread-10" />
</exclusive-start>
<af-start id="2184" threadId="0000000000DDA688" totalBytesRequested="24" timestamp="2019-06-17T06:04:32.996" intervalms="11.279" type="nursery" />
<cycle-start id="2185" type="scavenge" contextid="0" timestamp="2019-06-17T06:04:32.997" intervalms="11.256" />
<gc-start id="2186" type="scavenge" contextid="2185" timestamp="2019-06-17T06:04:32.997">
  <mem-info id="2187" free="2056389352" total="2092630016" percent="98">
    <mem type="nursery" free="0" total="24641536" percent="0">
      <mem type="allocate" free="0" total="22151168" percent="0" />
      <mem type="survivor" free="0" total="2490368" percent="0" />
    </mem>
    <mem type="tenure" free="2056389352" total="2067988480" percent="99">
      <mem type="soa" free="1952989928" total="1964589056" percent="99" />
      <mem type="loa" free="103399424" total="103399424" percent="100" />
    </mem>
    <remembered-set count="5205" />
  </mem-info>
</gc-start>
<allocation-stats totalBytes="20927456" >
  <allocated-bytes non-tlh="40" tlh="20927416" />
  <largest-consumer threadName="Thread-9" threadId="0000000000DE1500" bytes="5952936" />
</allocation-stats>
<gc-op id="2188" type="scavenge" timems="1.640" contextid="2185" timestamp="2019-06-17T06:04:32.999">
  <scavenger-info tenureage="3" tenuremask="4038" tiltratio="89" />
  <memory-copied type="nursery" objects="10032" bytes="379936" bytesdiscarded="232160" />
  <memory-copied type="tenure" objects="17333" bytes="690744" bytesdiscarded="72" />
</gc-op>
<gc-end id="2189" type="scavenge" contextid="2185" durationms="2.079" usertimems="4.000" systemtimems="0.000" timestamp="2019-06-17T06:04:32.999" activeThreads="4">
  <mem-info id="2190" free="2077173504" total="2092630016" percent="99">
    <mem type="nursery" free="21539072" total="24641536" percent="87">
      <mem type="allocate" free="21539072" total="22151168" percent="97" />
      <mem type="survivor" free="0" total="2490368" percent="0" />
    </mem>
    <mem type="tenure" free="2055634432" total="2067988480" percent="99">
      <mem type="soa" free="1952235008" total="1964589056" percent="99" />
      <mem type="loa" free="103399424" total="103399424" percent="100" />
    </mem>
    <remembered-set count="4890" />
  </mem-info>
</gc-end>
<cycle-end id="2191" type="scavenge" contextid="2185" timestamp="2019-06-17T06:04:32.999" />
  <attribute name="elasticGC enabled" value="1" />
  <attribute name= "numThreadsSpecified" value="4" />
  <attribute name="heapSize specified" value="28770304" />
  <attribute name="Current GC Util" value="36" />
  <attribute name= "Current Time Running" value="2662" />
  <attribute name ="GC Interval" value="200" />
  <attribute name="ProportionalT" value="16.000000" />
  <attribute name="ProportionalI" value="16.000000" />
  <attribute name="ProportionalH" value="16.000000" />
  <attribute name="Current Error" value="16.000000" />
  <attribute name="IntegralT" value="176.000000" />
  <attribute name="IntegralI" value="176.000000" />
  <attribute name="IntegralH" value="176.000000" />
  <attribute name="DerivativeT" value="-0.090909" />
  <attribute name="DerivativeI" value="-0.090909" />
  <attribute name="DerivativeH" value="-0.090909" />
  <attribute name="Loop Time for DT" value="11.000000" />
  <attribute name="Output H" value="8388608"/>
  <attribute name="Output I" value="200"/>
  <attribute name="Output T" value="4"/>
  <attribute name="Target GC Util Change" value ="20.000000" />
  <attribute name="Current GC Util Change" value="36.000000"/>
  <attribute name="GC Util currently" value="36" />
  <attribute name="CPU Util currently" value="415928926094" />
<allocation-satisfied id="2192" threadId="0000000000DD9D00" bytesRequested="24" />
<af-end id="2193" timestamp="2019-06-17T06:04:32.999" threadId="0000000000DDA688" success="true" from="nursery"/>
<exclusive-end id="2194" timestamp="2019-06-17T06:04:32.999" durationms="2.836" />

<exclusive-start id="2195" timestamp="2019-06-17T06:04:33.008" intervalms="12.031">
  <response-info timems="0.026" idlems="0.026" threads="0" lastid="0000000000DE1500" lastname="Thread-9" />
</exclusive-start>
<af-start id="2196" threadId="0000000000DE1E88" totalBytesRequested="48" timestamp="2019-06-17T06:04:33.008" intervalms="12.019" type="nursery" />
<cycle-start id="2197" type="scavenge" contextid="0" timestamp="2019-06-17T06:04:33.009" intervalms="12.009" />
<gc-start id="2198" type="scavenge" contextid="2197" timestamp="2019-06-17T06:04:33.009">
  <mem-info id="2199" free="2055634432" total="2092630016" percent="98">
    <mem type="nursery" free="0" total="24641536" percent="0">
      <mem type="allocate" free="0" total="22151168" percent="0" />
      <mem type="survivor" free="0" total="2490368" percent="0" />
    </mem>
    <mem type="tenure" free="2055634432" total="2067988480" percent="99">
      <mem type="soa" free="1952235008" total="1964589056" percent="99" />
      <mem type="loa" free="103399424" total="103399424" percent="100" />
    </mem>
    <remembered-set count="9071" />
  </mem-info>
</gc-start>
<allocation-stats totalBytes="21537264" >
  <allocated-bytes non-tlh="24" tlh="21537240" />
  <largest-consumer threadName="Thread-9" threadId="0000000000DE1500" bytes="6432440" />
</allocation-stats>
<gc-op id="2200" type="scavenge" timems="0.616" contextid="2197" timestamp="2019-06-17T06:04:33.009">
  <scavenger-info tenureage="14" tenuremask="4000" tiltratio="89" />
  <memory-copied type="nursery" objects="18732" bytes="691336" bytesdiscarded="149480" />
</gc-op>
<gc-end id="2201" type="scavenge" contextid="2197" durationms="0.873" usertimems="4.000" systemtimems="0.000" timestamp="2019-06-17T06:04:33.010" activeThreads="4">
  <mem-info id="2202" free="2076944784" total="2092630016" percent="99">
    <mem type="nursery" free="21310352" total="24641536" percent="86">
      <mem type="allocate" free="21310352" total="22151168" percent="96" />
      <mem type="survivor" free="0" total="2490368" percent="0" />
    </mem>
    <mem type="tenure" free="2055634432" total="2067988480" percent="99">
      <mem type="soa" free="1952235008" total="1964589056" percent="99" />
      <mem type="loa" free="103399424" total="103399424" percent="100" />
    </mem>
    <remembered-set count="9071" />
  </mem-info>
</gc-end>
<cycle-end id="2203" type="scavenge" contextid="2197" timestamp="2019-06-17T06:04:33.010" />
  <attribute name="elasticGC enabled" value="1" />
  <attribute name= "numThreadsSpecified" value="4" />
  <attribute name="heapSize specified" value="28770304" />
  <attribute name="Current GC Util" value="34" />
  <attribute name= "Current Time Running" value="2674" />
  <attribute name ="GC Interval" value="200" />
  <attribute name="ProportionalT" value="14.000000" />
  <attribute name="ProportionalI" value="14.000000" />
  <attribute name="ProportionalH" value="14.000000" />
  <attribute name="Current Error" value="14.000000" />
  <attribute name="IntegralT" value="168.000000" />
  <attribute name="IntegralI" value="168.000000" />
  <attribute name="IntegralH" value="168.000000" />
  <attribute name="DerivativeT" value="-0.166667" />
  <attribute name="DerivativeI" value="-0.166667" />
  <attribute name="DerivativeH" value="-0.166667" />
  <attribute name="Loop Time for DT" value="12.000000" />
  <attribute name="Output H" value="8388608"/>
  <attribute name="Output I" value="200"/>
  <attribute name="Output T" value="4"/>
  <attribute name="Target GC Util Change" value ="20.000000" />
  <attribute name="Current GC Util Change" value="34.000000"/>
  <attribute name="GC Util currently" value="34" />
  <attribute name="CPU Util currently" value="386567588725" />
<allocation-satisfied id="2204" threadId="0000000000DE1500" bytesRequested="48" />
<af-end id="2205" timestamp="2019-06-17T06:04:33.010" threadId="0000000000DE1E88" success="true" from="nursery"/>
<exclusive-end id="2206" timestamp="2019-06-17T06:04:33.010" durationms="1.465" />

<exclusive-start id="2207" timestamp="2019-06-17T06:04:33.021" intervalms="12.402">
  <response-info timems="0.039" idlems="0.039" threads="0" lastid="0000000000DDD900" lastname="Thread-8" />
</exclusive-start>
<af-start id="2208" threadId="0000000000DDE288" totalBytesRequested="40" timestamp="2019-06-17T06:04:33.021" intervalms="12.424" type="nursery" />
<cycle-start id="2209" type="scavenge" contextid="0" timestamp="2019-06-17T06:04:33.021" intervalms="12.435" />
<gc-start id="2210" type="scavenge" contextid="2209" timestamp="2019-06-17T06:04:33.021">
  <mem-info id="2211" free="2055634432" total="2092630016" percent="98">
    <mem type="nursery" free="0" total="24641536" percent="0">
      <mem type="allocate" free="0" total="22151168" percent="0" />
      <mem type="survivor" free="0" total="2490368" percent="0" />
    </mem>
    <mem type="tenure" free="2055634432" total="2067988480" percent="99">
      <mem type="soa" free="1952235008" total="1964589056" percent="99" />
      <mem type="loa" free="103399424" total="103399424" percent="100" />
    </mem>
    <remembered-set count="9465" />
  </mem-info>
</gc-start>
<allocation-stats totalBytes="21308864" >
  <allocated-bytes non-tlh="48" tlh="21308816" />
  <largest-consumer threadName="Thread-8" threadId="0000000000DDD900" bytes="7245256" />
</allocation-stats>
<gc-op id="2212" type="scavenge" timems="1.345" contextid="2209" timestamp="2019-06-17T06:04:33.023">
  <scavenger-info tenureage="14" tenuremask="4000" tiltratio="89" />
  <memory-copied type="nursery" objects="30355" bytes="1142296" bytesdiscarded="204776" />
</gc-op>
<gc-end id="2213" type="scavenge" contextid="2209" durationms="1.925" usertimems="8.000" systemtimems="0.000" timestamp="2019-06-17T06:04:33.023" activeThreads="4">
  <mem-info id="2214" free="2076438528" total="2092630016" percent="99">
    <mem type="nursery" free="20804096" total="24641536" percent="84">
      <mem type="allocate" free="20804096" total="22151168" percent="93" />
      <mem type="survivor" free="0" total="2490368" percent="0" />
    </mem>
    <mem type="tenure" free="2055634432" total="2067988480" percent="99">
      <mem type="soa" free="1952235008" total="1964589056" percent="99" />
      <mem type="loa" free="103399424" total="103399424" percent="100" />
    </mem>
    <remembered-set count="9464" />
  </mem-info>
</gc-end>
<cycle-end id="2215" type="scavenge" contextid="2209" timestamp="2019-06-17T06:04:33.023" />
  <attribute name="elasticGC enabled" value="1" />
  <attribute name= "numThreadsSpecified" value="4" />
  <attribute name="heapSize specified" value="28770304" />
  <attribute name="Current GC Util" value="15" />
  <attribute name= "Current Time Running" value="2686" />
  <attribute name ="GC Interval" value="200" />
  <attribute name="ProportionalT" value="-5.000000" />
  <attribute name="ProportionalI" value="-5.000000" />
  <attribute name="ProportionalH" value="-5.000000" />
  <attribute name="Current Error" value="-5.000000" />
  <attribute name="IntegralT" value="-60.000000" />
  <attribute name="IntegralI" value="-60.000000" />
  <attribute name="IntegralH" value="-60.000000" />
  <attribute name="DerivativeT" value="-1.583333" />
  <attribute name="DerivativeI" value="-1.583333" />
  <attribute name="DerivativeH" value="-1.583333" />
  <attribute name="Loop Time for DT" value="12.000000" />
  <attribute name="Output H" value="2092630016"/>
  <attribute name="Output I" value="200"/>
  <attribute name="Output T" value="4"/>
  <attribute name="Target GC Util Change" value ="20.000000" />
  <attribute name="Current GC Util Change" value="15.000000"/>
  <attribute name="GC Util currently" value="15" />
  <attribute name="CPU Util currently" value="368192839121" />
<allocation-satisfied id="2216" threadId="0000000000DDD900" bytesRequested="40" />
<af-end id="2217" timestamp="2019-06-17T06:04:33.023" threadId="0000000000DDE288" success="true" from="nursery"/>
<exclusive-end id="2218" timestamp="2019-06-17T06:04:33.024" durationms="2.803" />

<exclusive-start id="2219" timestamp="2019-06-17T06:04:33.035" intervalms="13.876">
  <response-info timems="0.212" idlems="0.212" threads="0" lastid="0000000000DE1500" lastname="Thread-9" />
</exclusive-start>
<af-start id="2220" threadId="0000000000DE1E88" totalBytesRequested="40" timestamp="2019-06-17T06:04:33.035" intervalms="13.867" type="nursery" />
<cycle-start id="2221" type="scavenge" contextid="0" timestamp="2019-06-17T06:04:33.035" intervalms="13.861" />
<gc-start id="2222" type="scavenge" contextid="2221" timestamp="2019-06-17T06:04:33.035">
  <mem-info id="2223" free="2055634432" total="2092630016" percent="98">
    <mem type="nursery" free="0" total="24641536" percent="0">
      <mem type="allocate" free="0" total="22151168" percent="0" />
      <mem type="survivor" free="0" total="2490368" percent="0" />
    </mem>
    <mem type="tenure" free="2055634432" total="2067988480" percent="99">
      <mem type="soa" free="1952235008" total="1964589056" percent="99" />
      <mem type="loa" free="103399424" total="103399424" percent="100" />
    </mem>
    <remembered-set count="9734" />
  </mem-info>
</gc-start>
<allocation-stats totalBytes="20803624" >
  <allocated-bytes non-tlh="40" tlh="20803584" />
  <largest-consumer threadName="Thread-8" threadId="0000000000DDD900" bytes="7762280" />
</allocation-stats>
<gc-op id="2224" type="scavenge" timems="0.817" contextid="2221" timestamp="2019-06-17T06:04:33.036">
  <scavenger-info tenureage="3" tenuremask="4028" tiltratio="89" />
  <memory-copied type="nursery" objects="21159" bytes="784272" bytesdiscarded="241752" />
  <memory-copied type="tenure" objects="8893" bytes="350808" bytesdiscarded="24" />
</gc-op>
<gc-end id="2225" type="scavenge" contextid="2221" durationms="1.043" usertimems="0.000" systemtimems="4.000" timestamp="2019-06-17T06:04:33.036" activeThreads="4">
  <mem-info id="2226" free="2076477864" total="2092630016" percent="99">
    <mem type="nursery" free="21125144" total="24641536" percent="85">
      <mem type="allocate" free="21125144" total="22151168" percent="95" />
      <mem type="survivor" free="0" total="2490368" percent="0" />
    </mem>
    <mem type="tenure" free="2055352720" total="2067988480" percent="99">
      <mem type="soa" free="1951953296" total="1964589056" percent="99" />
      <mem type="loa" free="103399424" total="103399424" percent="100" />
    </mem>
    <remembered-set count="6030" />
  </mem-info>
</gc-end>
<cycle-end id="2227" type="scavenge" contextid="2221" timestamp="2019-06-17T06:04:33.036" />
  <attribute name="elasticGC enabled" value="1" />
  <attribute name= "numThreadsSpecified" value="4" />
  <attribute name="heapSize specified" value="28770304" />
  <attribute name="Current GC Util" value="24" />
  <attribute name= "Current Time Running" value="2700" />
  <attribute name ="GC Interval" value="200" />
  <attribute name="ProportionalT" value="4.000000" />
  <attribute name="ProportionalI" value="4.000000" />
  <attribute name="ProportionalH" value="4.000000" />
  <attribute name="Current Error" value="4.000000" />
  <attribute name="IntegralT" value="56.000000" />
  <attribute name="IntegralI" value="56.000000" />
  <attribute name="IntegralH" value="56.000000" />
  <attribute name="DerivativeT" value="0.285714" />
  <attribute name="DerivativeI" value="0.285714" />
  <attribute name="DerivativeH" value="0.285714" />
  <attribute name="Loop Time for DT" value="14.000000" />
  <attribute name="Output H" value="8388608"/>
  <attribute name="Output I" value="200"/>
  <attribute name="Output T" value="4"/>
  <attribute name="Target GC Util Change" value ="20.000000" />
  <attribute name="Current GC Util Change" value="24.000000"/>
  <attribute name="GC Util currently" value="24" />
  <attribute name="CPU Util currently" value="336864146864" />
<allocation-satisfied id="2228" threadId="0000000000DE1500" bytesRequested="40" />
<af-end id="2229" timestamp="2019-06-17T06:04:33.036" threadId="0000000000DE1E88" success="true" from="nursery"/>
<exclusive-end id="2230" timestamp="2019-06-17T06:04:33.036" durationms="1.610" />

<exclusive-start id="2231" timestamp="2019-06-17T06:04:33.050" intervalms="14.881">
  <response-info timems="0.035" idlems="0.035" threads="0" lastid="0000000000DD9D00" lastname="Thread-10" />
</exclusive-start>
<af-start id="2232" threadId="0000000000DDA688" totalBytesRequested="40" timestamp="2019-06-17T06:04:33.050" intervalms="14.845" type="nursery" />
<cycle-start id="2233" type="scavenge" contextid="0" timestamp="2019-06-17T06:04:33.050" intervalms="14.849" />
<gc-start id="2234" type="scavenge" contextid="2233" timestamp="2019-06-17T06:04:33.050">
  <mem-info id="2235" free="2055352720" total="2092630016" percent="98">
    <mem type="nursery" free="0" total="24641536" percent="0">
      <mem type="allocate" free="0" total="22151168" percent="0" />
      <mem type="survivor" free="0" total="2490368" percent="0" />
    </mem>
    <mem type="tenure" free="2055352720" total="2067988480" percent="99">
      <mem type="soa" free="1951953296" total="1964589056" percent="99" />
      <mem type="loa" free="103399424" total="103399424" percent="100" />
    </mem>
    <remembered-set count="6355" />
  </mem-info>
</gc-start>
<allocation-stats totalBytes="21124592" >
  <allocated-bytes non-tlh="40" tlh="21124552" />
  <largest-consumer threadName="Thread-10" threadId="0000000000DD9D00" bytes="9142024" />
</allocation-stats>
<gc-op id="2236" type="scavenge" timems="1.822" contextid="2233" timestamp="2019-06-17T06:04:33.052">
  <scavenger-info tenureage="3" tenuremask="4008" tiltratio="89" />
  <memory-copied type="nursery" objects="19725" bytes="886664" bytesdiscarded="67288" />
  <memory-copied type="tenure" objects="5451" bytes="130824" bytesdiscarded="0" />
</gc-op>
<gc-end id="2237" type="scavenge" contextid="2233" durationms="2.171" usertimems="4.000" systemtimems="0.000" timestamp="2019-06-17T06:04:33.052" activeThreads="1">
  <mem-info id="2238" free="2076340272" total="2092630016" percent="99">
    <mem type="nursery" free="21197216" total="24641536" percent="86">
      <mem type="allocate" free="21197216" total="22151168" percent="95" />
      <mem type="survivor" free="0" total="2490368" percent="0" />
    </mem>
    <mem type="tenure" free="2055143056" total="2067988480" percent="99">
      <mem type="soa" free="1951743632" total="1964589056" percent="99" />
      <mem type="loa" free="103399424" total="103399424" percent="100" />
    </mem>
    <remembered-set count="1927" />
  </mem-info>
</gc-end>
<cycle-end id="2239" type="scavenge" contextid="2233" timestamp="2019-06-17T06:04:33.052" />
  <attribute name="elasticGC enabled" value="1" />
  <attribute name= "numThreadsSpecified" value="1" />
  <attribute name="heapSize specified" value="28770304" />
  <attribute name="Current GC Util" value="20" />
  <attribute name= "Current Time Running" value="2715" />
  <attribute name ="GC Interval" value="200" />
  <attribute name="ProportionalT" value="0.000000" />
  <attribute name="ProportionalI" value="0.000000" />
  <attribute name="ProportionalH" value="0.000000" />
  <attribute name="Current Error" value="0.000000" />
  <attribute name="IntegralT" value="0.000000" />
  <attribute name="IntegralI" value="0.000000" />
  <attribute name="IntegralH" value="0.000000" />
  <attribute name="DerivativeT" value="-0.266667" />
  <attribute name="DerivativeI" value="-0.266667" />
  <attribute name="DerivativeH" value="-0.266667" />
  <attribute name="Loop Time for DT" value="15.000000" />
  <attribute name="Output H" value="8388608"/>
  <attribute name="Output I" value="200"/>
  <attribute name="Output T" value="1"/>
  <attribute name="Target GC Util Change" value ="20.000000" />
  <attribute name="Current GC Util Change" value="20.000000"/>
  <attribute name="GC Util currently" value="20" />
  <attribute name="CPU Util currently" value="307903401189" />
<allocation-satisfied id="2240" threadId="0000000000DD9D00" bytesRequested="40" />
<af-end id="2241" timestamp="2019-06-17T06:04:33.052" threadId="0000000000DDA688" success="true" from="nursery"/>
<exclusive-end id="2242" timestamp="2019-06-17T06:04:33.052" durationms="2.756" />

<exclusive-start id="2243" timestamp="2019-06-17T06:04:33.064" intervalms="14.421">
  <response-info timems="0.037" idlems="0.021" threads="1" lastid="0000000000DDD900" lastname="Thread-8" />
</exclusive-start>
<af-start id="2244" threadId="0000000000DE1E88" totalBytesRequested="40" timestamp="2019-06-17T06:04:33.064" intervalms="14.421" type="nursery" />
<cycle-start id="2245" type="scavenge" contextid="0" timestamp="2019-06-17T06:04:33.064" intervalms="14.417" />
<gc-start id="2246" type="scavenge" contextid="2245" timestamp="2019-06-17T06:04:33.064">
  <mem-info id="2247" free="2055143056" total="2092630016" percent="98">
    <mem type="nursery" free="0" total="24641536" percent="0">
      <mem type="allocate" free="0" total="22151168" percent="0" />
      <mem type="survivor" free="0" total="2490368" percent="0" />
    </mem>
    <mem type="tenure" free="2055143056" total="2067988480" percent="99">
      <mem type="soa" free="1951743632" total="1964589056" percent="99" />
      <mem type="loa" free="103399424" total="103399424" percent="100" />
    </mem>
    <remembered-set count="2141" />
  </mem-info>
</gc-start>
<allocation-stats totalBytes="21192600" >
  <allocated-bytes non-tlh="40" tlh="21192560" />
  <largest-consumer threadName="Thread-8" threadId="0000000000DDD900" bytes="8468616" />
</allocation-stats>
<gc-op id="2248" type="scavenge" timems="1.452" contextid="2245" timestamp="2019-06-17T06:04:33.066">
  <scavenger-info tenureage="6" tenuremask="4040" tiltratio="89" />
  <memory-copied type="nursery" objects="20887" bytes="914728" bytesdiscarded="69080" />
  <memory-copied type="tenure" objects="803" bytes="19272" bytesdiscarded="0" />
</gc-op>
<gc-end id="2249" type="scavenge" contextid="2245" durationms="1.986" usertimems="4.000" systemtimems="0.000" timestamp="2019-06-17T06:04:33.066" activeThreads="4">
  <mem-info id="2250" free="2076310416" total="2092630016" percent="99">
    <mem type="nursery" free="21167360" total="24641536" percent="85">
      <mem type="allocate" free="21167360" total="22151168" percent="95" />
      <mem type="survivor" free="0" total="2490368" percent="0" />
    </mem>
    <mem type="tenure" free="2055143056" total="2067988480" percent="99">
      <mem type="soa" free="1951743632" total="1964589056" percent="99" />
      <mem type="loa" free="103399424" total="103399424" percent="100" />
    </mem>
    <remembered-set count="1335" />
  </mem-info>
</gc-end>
<cycle-end id="2251" type="scavenge" contextid="2245" timestamp="2019-06-17T06:04:33.066" />
  <attribute name="elasticGC enabled" value="1" />
  <attribute name= "numThreadsSpecified" value="4" />
  <attribute name="heapSize specified" value="28770304" />
  <attribute name="Current GC Util" value="14" />
  <attribute name= "Current Time Running" value="2729" />
  <attribute name ="GC Interval" value="200" />
  <attribute name="ProportionalT" value="-6.000000" />
  <attribute name="ProportionalI" value="-6.000000" />
  <attribute name="ProportionalH" value="-6.000000" />
  <attribute name="Current Error" value="-6.000000" />
  <attribute name="IntegralT" value="-84.000000" />
  <attribute name="IntegralI" value="-84.000000" />
  <attribute name="IntegralH" value="-84.000000" />
  <attribute name="DerivativeT" value="-0.428571" />
  <attribute name="DerivativeI" value="-0.428571" />
  <attribute name="DerivativeH" value="-0.428571" />
  <attribute name="Loop Time for DT" value="14.000000" />
  <attribute name="Output H" value="2092630016"/>
  <attribute name="Output I" value="200"/>
  <attribute name="Output T" value="4"/>
  <attribute name="Target GC Util Change" value ="20.000000" />
  <attribute name="Current GC Util Change" value="14.000000"/>
  <attribute name="GC Util currently" value="14" />
  <attribute name="CPU Util currently" value="320087393109" />
<allocation-satisfied id="2252" threadId="0000000000DE1500" bytesRequested="40" />
<af-end id="2253" timestamp="2019-06-17T06:04:33.066" threadId="0000000000DE1E88" success="true" from="nursery"/>
<exclusive-end id="2254" timestamp="2019-06-17T06:04:33.067" durationms="2.625" />

<exclusive-start id="2255" timestamp="2019-06-17T06:04:33.078" intervalms="14.419">
  <response-info timems="0.066" idlems="0.066" threads="0" lastid="0000000000DD9D00" lastname="Thread-10" />
</exclusive-start>
<af-start id="2256" threadId="0000000000DDA688" totalBytesRequested="40" timestamp="2019-06-17T06:04:33.079" intervalms="14.490" type="nursery" />
<cycle-start id="2257" type="scavenge" contextid="0" timestamp="2019-06-17T06:04:33.079" intervalms="14.493" />
<gc-start id="2258" type="scavenge" contextid="2257" timestamp="2019-06-17T06:04:33.079">
  <mem-info id="2259" free="2055143056" total="2092630016" percent="98">
    <mem type="nursery" free="0" total="24641536" percent="0">
      <mem type="allocate" free="0" total="22151168" percent="0" />
      <mem type="survivor" free="0" total="2490368" percent="0" />
    </mem>
    <mem type="tenure" free="2055143056" total="2067988480" percent="99">
      <mem type="soa" free="1951743632" total="1964589056" percent="99" />
      <mem type="loa" free="103399424" total="103399424" percent="100" />
    </mem>
    <remembered-set count="1538" />
  </mem-info>
</gc-start>
<allocation-stats totalBytes="21166656" >
  <allocated-bytes non-tlh="40" tlh="21166616" />
  <largest-consumer threadName="Thread-9" threadId="0000000000DE1500" bytes="8044232" />
</allocation-stats>
<gc-op id="2260" type="scavenge" timems="2.108" contextid="2257" timestamp="2019-06-17T06:04:33.081">
  <scavenger-info tenureage="2" tenuremask="400c" tiltratio="89" />
  <memory-copied type="nursery" objects="7137" bytes="172600" bytesdiscarded="285896" />
  <memory-copied type="tenure" objects="17263" bytes="826440" bytesdiscarded="96" />
</gc-op>
<gc-end id="2261" type="scavenge" contextid="2257" durationms="2.355" usertimems="8.000" systemtimems="0.000" timestamp="2019-06-17T06:04:33.081" activeThreads="4">
  <mem-info id="2262" free="2076028704" total="2092630016" percent="99">
    <mem type="nursery" free="21692672" total="24641536" percent="88">
      <mem type="allocate" free="21692672" total="22151168" percent="97" />
      <mem type="survivor" free="0" total="2490368" percent="0" />
    </mem>
    <mem type="tenure" free="2054336032" total="2067988480" percent="99">
      <mem type="soa" free="1950936608" total="1964589056" percent="99" />
      <mem type="loa" free="103399424" total="103399424" percent="100" />
    </mem>
    <remembered-set count="5963" />
  </mem-info>
</gc-end>
<cycle-end id="2263" type="scavenge" contextid="2257" timestamp="2019-06-17T06:04:33.081" />
  <attribute name="elasticGC enabled" value="1" />
  <attribute name= "numThreadsSpecified" value="4" />
  <attribute name="heapSize specified" value="28770304" />
  <attribute name="Current GC Util" value="23" />
  <attribute name= "Current Time Running" value="2744" />
  <attribute name ="GC Interval" value="200" />
  <attribute name="ProportionalT" value="3.000000" />
  <attribute name="ProportionalI" value="3.000000" />
  <attribute name="ProportionalH" value="3.000000" />
  <attribute name="Current Error" value="3.000000" />
  <attribute name="IntegralT" value="45.000000" />
  <attribute name="IntegralI" value="45.000000" />
  <attribute name="IntegralH" value="45.000000" />
  <attribute name="DerivativeT" value="0.200000" />
  <attribute name="DerivativeI" value="0.200000" />
  <attribute name="DerivativeH" value="0.200000" />
  <attribute name="Loop Time for DT" value="15.000000" />
  <attribute name="Output H" value="8388608"/>
  <attribute name="Output I" value="200"/>
  <attribute name="Output T" value="4"/>
  <attribute name="Target GC Util Change" value ="20.000000" />
  <attribute name="Current GC Util Change" value="23.000000"/>
  <attribute name="GC Util currently" value="23" />
  <attribute name="CPU Util currently" value="320322417068" />
<allocation-satisfied id="2264" threadId="0000000000DD9D00" bytesRequested="40" />
<af-end id="2265" timestamp="2019-06-17T06:04:33.081" threadId="0000000000DDA688" success="true" from="nursery"/>
<exclusive-end id="2266" timestamp="2019-06-17T06:04:33.081" durationms="3.030" />

<exclusive-start id="2267" timestamp="2019-06-17T06:04:33.096" intervalms="17.224">
  <response-info timems="1.173" idlems="0.590" threads="1" lastid="0000000000DE5100" lastname="Thread-7" />
</exclusive-start>
<af-start id="2268" threadId="0000000000DDE288" totalBytesRequested="24" timestamp="2019-06-17T06:04:33.096" intervalms="17.202" type="nursery" />
<cycle-start id="2269" type="scavenge" contextid="0" timestamp="2019-06-17T06:04:33.096" intervalms="17.203" />
<gc-start id="2270" type="scavenge" contextid="2269" timestamp="2019-06-17T06:04:33.096">
  <mem-info id="2271" free="2054336032" total="2092630016" percent="98">
    <mem type="nursery" free="0" total="24641536" percent="0">
      <mem type="allocate" free="0" total="22151168" percent="0" />
      <mem type="survivor" free="0" total="2490368" percent="0" />
    </mem>
    <mem type="tenure" free="2054336032" total="2067988480" percent="99">
      <mem type="soa" free="1950936608" total="1964589056" percent="99" />
      <mem type="loa" free="103399424" total="103399424" percent="100" />
    </mem>
    <remembered-set count="8138" />
  </mem-info>
</gc-start>
<allocation-stats totalBytes="21692240" >
  <allocated-bytes non-tlh="40" tlh="21692200" />
  <largest-consumer threadName="Thread-8" threadId="0000000000DDD900" bytes="9518880" />
</allocation-stats>
<gc-op id="2272" type="scavenge" timems="0.719" contextid="2269" timestamp="2019-06-17T06:04:33.097">
  <scavenger-info tenureage="14" tenuremask="4000" tiltratio="89" />
  <memory-copied type="nursery" objects="9226" bytes="222384" bytesdiscarded="367440" />
</gc-op>
<gc-end id="2273" type="scavenge" contextid="2269" durationms="1.110" usertimems="4.000" systemtimems="0.000" timestamp="2019-06-17T06:04:33.097" activeThreads="4">
  <mem-info id="2274" free="2075897376" total="2092630016" percent="99">
    <mem type="nursery" free="21561344" total="24641536" percent="87">
      <mem type="allocate" free="21561344" total="22151168" percent="97" />
      <mem type="survivor" free="0" total="2490368" percent="0" />
    </mem>
    <mem type="tenure" free="2054336032" total="2067988480" percent="99">
      <mem type="soa" free="1950936608" total="1964589056" percent="99" />
      <mem type="loa" free="103399424" total="103399424" percent="100" />
    </mem>
    <remembered-set count="8138" />
  </mem-info>
</gc-end>
<cycle-end id="2275" type="scavenge" contextid="2269" timestamp="2019-06-17T06:04:33.097" />
  <attribute name="elasticGC enabled" value="1" />
  <attribute name= "numThreadsSpecified" value="4" />
  <attribute name="heapSize specified" value="28770304" />
  <attribute name="Current GC Util" value="32" />
  <attribute name= "Current Time Running" value="2761" />
  <attribute name ="GC Interval" value="216" />
  <attribute name="ProportionalT" value="12.000000" />
  <attribute name="ProportionalI" value="12.000000" />
  <attribute name="ProportionalH" value="12.000000" />
  <attribute name="Current Error" value="12.000000" />
  <attribute name="IntegralT" value="204.000000" />
  <attribute name="IntegralI" value="204.000000" />
  <attribute name="IntegralH" value="204.000000" />
  <attribute name="DerivativeT" value="0.529412" />
  <attribute name="DerivativeI" value="0.529412" />
  <attribute name="DerivativeH" value="0.529412" />
  <attribute name="Loop Time for DT" value="17.000000" />
  <attribute name="Output H" value="8388608"/>
  <attribute name="Output I" value="216"/>
  <attribute name="Output T" value="4"/>
  <attribute name="Target GC Util Change" value ="20.000000" />
  <attribute name="Current GC Util Change" value="32.000000"/>
  <attribute name="GC Util currently" value="32" />
  <attribute name="CPU Util currently" value="268733507300" />
<allocation-satisfied id="2276" threadId="0000000000DDD900" bytesRequested="24" />
<af-end id="2277" timestamp="2019-06-17T06:04:33.097" threadId="0000000000DDE288" success="true" from="nursery"/>
<exclusive-end id="2278" timestamp="2019-06-17T06:04:33.097" durationms="1.812" />

<exclusive-start id="2279" timestamp="2019-06-17T06:04:33.109" intervalms="13.006">
  <response-info timems="0.063" idlems="0.063" threads="0" lastid="0000000000DD9D00" lastname="Thread-10" />
</exclusive-start>
<af-start id="2280" threadId="0000000000DDA688" totalBytesRequested="40" timestamp="2019-06-17T06:04:33.109" intervalms="13.049" type="nursery" />
<cycle-start id="2281" type="scavenge" contextid="0" timestamp="2019-06-17T06:04:33.109" intervalms="13.077" />
<gc-start id="2282" type="scavenge" contextid="2281" timestamp="2019-06-17T06:04:33.109">
  <mem-info id="2283" free="2054336032" total="2092630016" percent="98">
    <mem type="nursery" free="0" total="24641536" percent="0">
      <mem type="allocate" free="0" total="22151168" percent="0" />
      <mem type="survivor" free="0" total="2490368" percent="0" />
    </mem>
    <mem type="tenure" free="2054336032" total="2067988480" percent="99">
      <mem type="soa" free="1950936608" total="1964589056" percent="99" />
      <mem type="loa" free="103399424" total="103399424" percent="100" />
    </mem>
    <remembered-set count="10955" />
  </mem-info>
</gc-start>
<allocation-stats totalBytes="21559096" >
  <allocated-bytes non-tlh="24" tlh="21559072" />
  <largest-consumer threadName="Thread-9" threadId="0000000000DE1500" bytes="7748680" />
</allocation-stats>
<gc-op id="2284" type="scavenge" timems="1.163" contextid="2281" timestamp="2019-06-17T06:04:33.110">
  <scavenger-info tenureage="6" tenuremask="4040" tiltratio="89" />
  <memory-copied type="nursery" objects="16681" bytes="538600" bytesdiscarded="121112" />
  <memory-copied type="tenure" objects="1459" bytes="35016" bytesdiscarded="0" />
</gc-op>
<gc-end id="2285" type="scavenge" contextid="2281" durationms="1.441" usertimems="4.000" systemtimems="0.000" timestamp="2019-06-17T06:04:33.111" activeThreads="4">
  <mem-info id="2286" free="2075696160" total="2092630016" percent="99">
    <mem type="nursery" free="21491456" total="24641536" percent="87">
      <mem type="allocate" free="21491456" total="22151168" percent="97" />
      <mem type="survivor" free="0" total="2490368" percent="0" />
    </mem>
    <mem type="tenure" free="2054204704" total="2067988480" percent="99">
      <mem type="soa" free="1950805280" total="1964589056" percent="99" />
      <mem type="loa" free="103399424" total="103399424" percent="100" />
    </mem>
    <remembered-set count="10507" />
  </mem-info>
</gc-end>
<cycle-end id="2287" type="scavenge" contextid="2281" timestamp="2019-06-17T06:04:33.111" />
  <attribute name="elasticGC enabled" value="1" />
  <attribute name= "numThreadsSpecified" value="4" />
  <attribute name="heapSize specified" value="28770304" />
  <attribute name="Current GC Util" value="13" />
  <attribute name= "Current Time Running" value="2774" />
  <attribute name ="GC Interval" value="200" />
  <attribute name="ProportionalT" value="-7.000000" />
  <attribute name="ProportionalI" value="-7.000000" />
  <attribute name="ProportionalH" value="-7.000000" />
  <attribute name="Current Error" value="-7.000000" />
  <attribute name="IntegralT" value="-91.000000" />
  <attribute name="IntegralI" value="-91.000000" />
  <attribute name="IntegralH" value="-91.000000" />
  <attribute name="DerivativeT" value="-1.461538" />
  <attribute name="DerivativeI" value="-1.461538" />
  <attribute name="DerivativeH" value="-1.461538" />
  <attribute name="Loop Time for DT" value="13.000000" />
  <attribute name="Output H" value="2092630016"/>
  <attribute name="Output I" value="200"/>
  <attribute name="Output T" value="4"/>
  <attribute name="Target GC Util Change" value ="20.000000" />
  <attribute name="Current GC Util Change" value="13.000000"/>
  <attribute name="GC Util currently" value="13" />
  <attribute name="CPU Util currently" value="349339716827" />
<allocation-satisfied id="2288" threadId="0000000000DD9D00" bytesRequested="40" />
<af-end id="2289" timestamp="2019-06-17T06:04:33.111" threadId="0000000000DDA688" success="true" from="nursery"/>
<exclusive-end id="2290" timestamp="2019-06-17T06:04:33.111" durationms="2.218" />

<exclusive-start id="2291" timestamp="2019-06-17T06:04:33.122" intervalms="13.034">
  <response-info timems="0.062" idlems="0.062" threads="0" lastid="0000000000DD9D00" lastname="Thread-10" />
</exclusive-start>
<af-start id="2292" threadId="0000000000DDA688" totalBytesRequested="40" timestamp="2019-06-17T06:04:33.122" intervalms="13.026" type="nursery" />
<cycle-start id="2293" type="scavenge" contextid="0" timestamp="2019-06-17T06:04:33.122" intervalms="13.037" />
<gc-start id="2294" type="scavenge" contextid="2293" timestamp="2019-06-17T06:04:33.122">
  <mem-info id="2295" free="2054204704" total="2092630016" percent="98">
    <mem type="nursery" free="0" total="24641536" percent="0">
      <mem type="allocate" free="0" total="22151168" percent="0" />
      <mem type="survivor" free="0" total="2490368" percent="0" />
    </mem>
    <mem type="tenure" free="2054204704" total="2067988480" percent="99">
      <mem type="soa" free="1950805280" total="1964589056" percent="99" />
      <mem type="loa" free="103399424" total="103399424" percent="100" />
    </mem>
    <remembered-set count="11976" />
  </mem-info>
</gc-start>
<allocation-stats totalBytes="21491048" >
  <allocated-bytes non-tlh="40" tlh="21491008" />
  <largest-consumer threadName="Thread-10" threadId="0000000000DD9D00" bytes="7307168" />
</allocation-stats>
<gc-op id="2296" type="scavenge" timems="1.218" contextid="2293" timestamp="2019-06-17T06:04:33.124">
  <scavenger-info tenureage="14" tenuremask="4000" tiltratio="89" />
  <memory-copied type="nursery" objects="20639" bytes="633992" bytesdiscarded="64888" />
</gc-op>
<gc-end id="2297" type="scavenge" contextid="2293" durationms="1.616" usertimems="4.000" systemtimems="0.000" timestamp="2019-06-17T06:04:33.124" activeThreads="4">
  <mem-info id="2298" free="2075656992" total="2092630016" percent="99">
    <mem type="nursery" free="21452288" total="24641536" percent="87">
      <mem type="allocate" free="21452288" total="22151168" percent="96" />
      <mem type="survivor" free="0" total="2490368" percent="0" />
    </mem>
    <mem type="tenure" free="2054204704" total="2067988480" percent="99">
      <mem type="soa" free="1950805280" total="1964589056" percent="99" />
      <mem type="loa" free="103399424" total="103399424" percent="100" />
    </mem>
    <remembered-set count="11973" />
  </mem-info>
</gc-end>
<cycle-end id="2299" type="scavenge" contextid="2293" timestamp="2019-06-17T06:04:33.124" />
  <attribute name="elasticGC enabled" value="1" />
  <attribute name= "numThreadsSpecified" value="4" />
  <attribute name="heapSize specified" value="28770304" />
  <attribute name="Current GC Util" value="23" />
  <attribute name= "Current Time Running" value="2787" />
  <attribute name ="GC Interval" value="200" />
  <attribute name="ProportionalT" value="3.000000" />
  <attribute name="ProportionalI" value="3.000000" />
  <attribute name="ProportionalH" value="3.000000" />
  <attribute name="Current Error" value="3.000000" />
  <attribute name="IntegralT" value="39.000000" />
  <attribute name="IntegralI" value="39.000000" />
  <attribute name="IntegralH" value="39.000000" />
  <attribute name="DerivativeT" value="0.230769" />
  <attribute name="DerivativeI" value="0.230769" />
  <attribute name="DerivativeH" value="0.230769" />
  <attribute name="Loop Time for DT" value="13.000000" />
  <attribute name="Output H" value="8388608"/>
  <attribute name="Output I" value="200"/>
  <attribute name="Output T" value="4"/>
  <attribute name="Target GC Util Change" value ="20.000000" />
  <attribute name="Current GC Util Change" value="23.000000"/>
  <attribute name="GC Util currently" value="23" />
  <attribute name="CPU Util currently" value="350259359402" />
<allocation-satisfied id="2300" threadId="0000000000DD9D00" bytesRequested="40" />
<af-end id="2301" timestamp="2019-06-17T06:04:33.124" threadId="0000000000DDA688" success="true" from="nursery"/>
<exclusive-end id="2302" timestamp="2019-06-17T06:04:33.124" durationms="2.506" />

<exclusive-start id="2303" timestamp="2019-06-17T06:04:33.139" intervalms="17.773">
  <response-info timems="0.085" idlems="0.053" threads="1" lastid="0000000000DDD900" lastname="Thread-8" />
</exclusive-start>
<af-start id="2304" threadId="0000000000DE5A88" totalBytesRequested="40" timestamp="2019-06-17T06:04:33.140" intervalms="17.767" type="nursery" />
<cycle-start id="2305" type="scavenge" contextid="0" timestamp="2019-06-17T06:04:33.140" intervalms="17.784" />
<gc-start id="2306" type="scavenge" contextid="2305" timestamp="2019-06-17T06:04:33.140">
  <mem-info id="2307" free="2054204704" total="2092630016" percent="98">
    <mem type="nursery" free="0" total="24641536" percent="0">
      <mem type="allocate" free="0" total="22151168" percent="0" />
      <mem type="survivor" free="0" total="2490368" percent="0" />
    </mem>
    <mem type="tenure" free="2054204704" total="2067988480" percent="99">
      <mem type="soa" free="1950805280" total="1964589056" percent="99" />
      <mem type="loa" free="103399424" total="103399424" percent="100" />
    </mem>
    <remembered-set count="12696" />
  </mem-info>
</gc-start>
<allocation-stats totalBytes="21451864" >
  <allocated-bytes non-tlh="40" tlh="21451824" />
  <largest-consumer threadName="Thread-10" threadId="0000000000DD9D00" bytes="7263592" />
</allocation-stats>
<gc-op id="2308" type="scavenge" timems="1.640" contextid="2305" timestamp="2019-06-17T06:04:33.142">
  <scavenger-info tenureage="2" tenuremask="4014" tiltratio="89" />
  <memory-copied type="nursery" objects="18991" bytes="594064" bytesdiscarded="258416" />
  <memory-copied type="tenure" objects="12442" bytes="435984" bytesdiscarded="24" />
</gc-op>
<gc-end id="2309" type="scavenge" contextid="2305" durationms="2.124" usertimems="4.000" systemtimems="0.000" timestamp="2019-06-17T06:04:33.142" activeThreads="4">
  <mem-info id="2310" free="2075090352" total="2092630016" percent="99">
    <mem type="nursery" free="21298688" total="24641536" percent="86">
      <mem type="allocate" free="21298688" total="22151168" percent="96" />
      <mem type="survivor" free="0" total="2490368" percent="0" />
    </mem>
    <mem type="tenure" free="2053791664" total="2067988480" percent="99">
      <mem type="soa" free="1950392240" total="1964589056" percent="99" />
      <mem type="loa" free="103399424" total="103399424" percent="100" />
    </mem>
    <remembered-set count="10803" />
  </mem-info>
</gc-end>
<cycle-end id="2311" type="scavenge" contextid="2305" timestamp="2019-06-17T06:04:33.142" />
  <attribute name="elasticGC enabled" value="1" />
  <attribute name= "numThreadsSpecified" value="4" />
  <attribute name="heapSize specified" value="28770304" />
  <attribute name="Current GC Util" value="18" />
  <attribute name= "Current Time Running" value="2805" />
  <attribute name ="GC Interval" value="200" />
  <attribute name="ProportionalT" value="-2.000000" />
  <attribute name="ProportionalI" value="-2.000000" />
  <attribute name="ProportionalH" value="-2.000000" />
  <attribute name="Current Error" value="-2.000000" />
  <attribute name="IntegralT" value="-36.000000" />
  <attribute name="IntegralI" value="-36.000000" />
  <attribute name="IntegralH" value="-36.000000" />
  <attribute name="DerivativeT" value="-0.277778" />
  <attribute name="DerivativeI" value="-0.277778" />
  <attribute name="DerivativeH" value="-0.277778" />
  <attribute name="Loop Time for DT" value="18.000000" />
  <attribute name="Output H" value="2092630016"/>
  <attribute name="Output I" value="200"/>
  <attribute name="Output T" value="4"/>
  <attribute name="Target GC Util Change" value ="20.000000" />
  <attribute name="Current GC Util Change" value="18.000000"/>
  <attribute name="GC Util currently" value="18" />
  <attribute name="CPU Util currently" value="259004719681" />
<allocation-satisfied id="2312" threadId="0000000000DE5100" bytesRequested="40" />
<af-end id="2313" timestamp="2019-06-17T06:04:33.142" threadId="0000000000DE5A88" success="true" from="nursery"/>
<exclusive-end id="2314" timestamp="2019-06-17T06:04:33.142" durationms="3.049" />

<exclusive-start id="2315" timestamp="2019-06-17T06:04:33.152" intervalms="12.243">
  <response-info timems="0.238" idlems="0.127" threads="1" lastid="0000000000DDD900" lastname="Thread-8" />
</exclusive-start>
<af-start id="2316" threadId="0000000000DDA688" totalBytesRequested="40" timestamp="2019-06-17T06:04:33.152" intervalms="12.205" type="nursery" />
<cycle-start id="2317" type="scavenge" contextid="0" timestamp="2019-06-17T06:04:33.152" intervalms="12.147" />
<gc-start id="2318" type="scavenge" contextid="2317" timestamp="2019-06-17T06:04:33.152">
  <mem-info id="2319" free="2053791664" total="2092630016" percent="98">
    <mem type="nursery" free="0" total="24641536" percent="0">
      <mem type="allocate" free="0" total="22151168" percent="0" />
      <mem type="survivor" free="0" total="2490368" percent="0" />
    </mem>
    <mem type="tenure" free="2053791664" total="2067988480" percent="99">
      <mem type="soa" free="1950392240" total="1964589056" percent="99" />
      <mem type="loa" free="103399424" total="103399424" percent="100" />
    </mem>
    <remembered-set count="11954" />
  </mem-info>
</gc-start>
<allocation-stats totalBytes="21298184" >
  <allocated-bytes non-tlh="40" tlh="21298144" />
  <largest-consumer threadName="Thread-9" threadId="0000000000DE1500" bytes="6061312" />
</allocation-stats>
<gc-op id="2320" type="scavenge" timems="1.314" contextid="2317" timestamp="2019-06-17T06:04:33.153">
  <scavenger-info tenureage="6" tenuremask="4040" tiltratio="89" />
  <memory-copied type="nursery" objects="24542" bytes="864832" bytesdiscarded="95648" />
  <memory-copied type="tenure" objects="1920" bytes="46080" bytesdiscarded="0" />
</gc-op>
<gc-end id="2321" type="scavenge" contextid="2317" durationms="1.624" usertimems="0.000" systemtimems="4.000" timestamp="2019-06-17T06:04:33.154" activeThreads="4">
  <mem-info id="2322" free="2074982352" total="2092630016" percent="99">
    <mem type="nursery" free="21190688" total="24641536" percent="85">
      <mem type="allocate" free="21190688" total="22151168" percent="95" />
      <mem type="survivor" free="0" total="2490368" percent="0" />
    </mem>
    <mem type="tenure" free="2053791664" total="2067988480" percent="99">
      <mem type="soa" free="1950392240" total="1964589056" percent="99" />
      <mem type="loa" free="103399424" total="103399424" percent="100" />
    </mem>
    <remembered-set count="10033" />
  </mem-info>
</gc-end>
<cycle-end id="2323" type="scavenge" contextid="2317" timestamp="2019-06-17T06:04:33.154" />
  <attribute name="elasticGC enabled" value="1" />
  <attribute name= "numThreadsSpecified" value="4" />
  <attribute name="heapSize specified" value="28770304" />
  <attribute name="Current GC Util" value="37" />
  <attribute name= "Current Time Running" value="2817" />
  <attribute name ="GC Interval" value="224" />
  <attribute name="ProportionalT" value="17.000000" />
  <attribute name="ProportionalI" value="17.000000" />
  <attribute name="ProportionalH" value="17.000000" />
  <attribute name="Current Error" value="17.000000" />
  <attribute name="IntegralT" value="204.000000" />
  <attribute name="IntegralI" value="204.000000" />
  <attribute name="IntegralH" value="204.000000" />
  <attribute name="DerivativeT" value="1.416667" />
  <attribute name="DerivativeI" value="1.416667" />
  <attribute name="DerivativeH" value="1.416667" />
  <attribute name="Loop Time for DT" value="12.000000" />
  <attribute name="Output H" value="8388608"/>
  <attribute name="Output I" value="224"/>
  <attribute name="Output T" value="4"/>
  <attribute name="Target GC Util Change" value ="20.000000" />
  <attribute name="Current GC Util Change" value="37.000000"/>
  <attribute name="GC Util currently" value="37" />
  <attribute name="CPU Util currently" value="384676295818" />
<allocation-satisfied id="2324" threadId="0000000000DD9D00" bytesRequested="40" />
<af-end id="2325" timestamp="2019-06-17T06:04:33.154" threadId="0000000000DDA688" success="true" from="nursery"/>
<exclusive-end id="2326" timestamp="2019-06-17T06:04:33.154" durationms="2.280" />

<exclusive-start id="2327" timestamp="2019-06-17T06:04:33.165" intervalms="13.821">
  <response-info timems="0.051" idlems="0.051" threads="0" lastid="0000000000DDD900" lastname="Thread-8" />
</exclusive-start>
<af-start id="2328" threadId="0000000000DDE288" totalBytesRequested="40" timestamp="2019-06-17T06:04:33.166" intervalms="13.827" type="nursery" />
<cycle-start id="2329" type="scavenge" contextid="0" timestamp="2019-06-17T06:04:33.166" intervalms="13.831" />
<gc-start id="2330" type="scavenge" contextid="2329" timestamp="2019-06-17T06:04:33.166">
  <mem-info id="2331" free="2053791664" total="2092630016" percent="98">
    <mem type="nursery" free="0" total="24641536" percent="0">
      <mem type="allocate" free="0" total="22151168" percent="0" />
      <mem type="survivor" free="0" total="2490368" percent="0" />
    </mem>
    <mem type="tenure" free="2053791664" total="2067988480" percent="99">
      <mem type="soa" free="1950392240" total="1964589056" percent="99" />
      <mem type="loa" free="103399424" total="103399424" percent="100" />
    </mem>
    <remembered-set count="12764" />
  </mem-info>
</gc-start>
<allocation-stats totalBytes="21190296" >
  <allocated-bytes non-tlh="40" tlh="21190256" />
  <largest-consumer threadName="Thread-10" threadId="0000000000DD9D00" bytes="7788480" />
</allocation-stats>
<gc-op id="2332" type="scavenge" timems="1.229" contextid="2329" timestamp="2019-06-17T06:04:33.167">
  <scavenger-info tenureage="14" tenuremask="4000" tiltratio="89" />
  <memory-copied type="nursery" objects="28380" bytes="957072" bytesdiscarded="166512" />
</gc-op>
<gc-end id="2333" type="scavenge" contextid="2329" durationms="1.702" usertimems="4.000" systemtimems="0.000" timestamp="2019-06-17T06:04:33.168" activeThreads="4">
  <mem-info id="2334" free="2074819248" total="2092630016" percent="99">
    <mem type="nursery" free="21027584" total="24641536" percent="85">
      <mem type="allocate" free="21027584" total="22151168" percent="94" />
      <mem type="survivor" free="0" total="2490368" percent="0" />
    </mem>
    <mem type="tenure" free="2053791664" total="2067988480" percent="99">
      <mem type="soa" free="1950392240" total="1964589056" percent="99" />
      <mem type="loa" free="103399424" total="103399424" percent="100" />
    </mem>
    <remembered-set count="12763" />
  </mem-info>
</gc-end>
<cycle-end id="2335" type="scavenge" contextid="2329" timestamp="2019-06-17T06:04:33.168" />
  <attribute name="elasticGC enabled" value="1" />
  <attribute name= "numThreadsSpecified" value="4" />
  <attribute name="heapSize specified" value="28770304" />
  <attribute name="Current GC Util" value="25" />
  <attribute name= "Current Time Running" value="2831" />
  <attribute name ="GC Interval" value="200" />
  <attribute name="ProportionalT" value="5.000000" />
  <attribute name="ProportionalI" value="5.000000" />
  <attribute name="ProportionalH" value="5.000000" />
  <attribute name="Current Error" value="5.000000" />
  <attribute name="IntegralT" value="70.000000" />
  <attribute name="IntegralI" value="70.000000" />
  <attribute name="IntegralH" value="70.000000" />
  <attribute name="DerivativeT" value="-0.857143" />
  <attribute name="DerivativeI" value="-0.857143" />
  <attribute name="DerivativeH" value="-0.857143" />
  <attribute name="Loop Time for DT" value="14.000000" />
  <attribute name="Output H" value="8388608"/>
  <attribute name="Output I" value="200"/>
  <attribute name="Output T" value="4"/>
  <attribute name="Target GC Util Change" value ="20.000000" />
  <attribute name="Current GC Util Change" value="25.000000"/>
  <attribute name="GC Util currently" value="25" />
  <attribute name="CPU Util currently" value="333427010821" />
<allocation-satisfied id="2336" threadId="0000000000DDD900" bytesRequested="40" />
<af-end id="2337" timestamp="2019-06-17T06:04:33.168" threadId="0000000000DDE288" success="true" from="nursery"/>
<exclusive-end id="2338" timestamp="2019-06-17T06:04:33.168" durationms="2.426" />

<exclusive-start id="2339" timestamp="2019-06-17T06:04:33.177" intervalms="11.828">
  <response-info timems="0.209" idlems="0.209" threads="0" lastid="0000000000DE1500" lastname="Thread-9" />
</exclusive-start>
<af-start id="2340" threadId="0000000000DE1E88" totalBytesRequested="24" timestamp="2019-06-17T06:04:33.177" intervalms="11.776" type="nursery" />
<cycle-start id="2341" type="scavenge" contextid="0" timestamp="2019-06-17T06:04:33.177" intervalms="11.770" />
<gc-start id="2342" type="scavenge" contextid="2341" timestamp="2019-06-17T06:04:33.179">
  <mem-info id="2343" free="2053791664" total="2092630016" percent="98">
    <mem type="nursery" free="0" total="24641536" percent="0">
      <mem type="allocate" free="0" total="22151168" percent="0" />
      <mem type="survivor" free="0" total="2490368" percent="0" />
    </mem>
    <mem type="tenure" free="2053791664" total="2067988480" percent="99">
      <mem type="soa" free="1950392240" total="1964589056" percent="99" />
      <mem type="loa" free="103399424" total="103399424" percent="100" />
    </mem>
    <remembered-set count="13066" />
  </mem-info>
</gc-start>
<allocation-stats totalBytes="21027144" >
  <allocated-bytes non-tlh="40" tlh="21027104" />
  <largest-consumer threadName="Thread-8" threadId="0000000000DDD900" bytes="6183536" />
</allocation-stats>
<gc-op id="2344" type="scavenge" timems="1.059" contextid="2341" timestamp="2019-06-17T06:04:33.180">
  <scavenger-info tenureage="3" tenuremask="4058" tiltratio="89" />
  <memory-copied type="nursery" objects="26107" bytes="1040232" bytesdiscarded="361992" />
  <memory-copied type="tenure" objects="16905" bytes="543096" bytesdiscarded="0" />
</gc-op>
<gc-end id="2345" type="scavenge" contextid="2341" durationms="1.363" usertimems="4.000" systemtimems="0.000" timestamp="2019-06-17T06:04:33.180" activeThreads="4">
  <mem-info id="2346" free="2073976128" total="2092630016" percent="99">
    <mem type="nursery" free="20748944" total="24641536" percent="84">
      <mem type="allocate" free="20748944" total="22151168" percent="93" />
      <mem type="survivor" free="0" total="2490368" percent="0" />
    </mem>
    <mem type="tenure" free="2053227184" total="2067988480" percent="99">
      <mem type="soa" free="1949827760" total="1964589056" percent="99" />
      <mem type="loa" free="103399424" total="103399424" percent="100" />
    </mem>
    <remembered-set count="6414" />
  </mem-info>
</gc-end>
<cycle-end id="2347" type="scavenge" contextid="2341" timestamp="2019-06-17T06:04:33.180" />
  <attribute name="elasticGC enabled" value="1" />
  <attribute name= "numThreadsSpecified" value="4" />
  <attribute name="heapSize specified" value="28770304" />
  <attribute name="Current GC Util" value="25" />
  <attribute name= "Current Time Running" value="2844" />
  <attribute name ="GC Interval" value="200" />
  <attribute name="ProportionalT" value="5.000000" />
  <attribute name="ProportionalI" value="5.000000" />
  <attribute name="ProportionalH" value="5.000000" />
  <attribute name="Current Error" value="5.000000" />
  <attribute name="IntegralT" value="65.000000" />
  <attribute name="IntegralI" value="65.000000" />
  <attribute name="IntegralH" value="65.000000" />
  <attribute name="DerivativeT" value="0.000000" />
  <attribute name="DerivativeI" value="0.000000" />
  <attribute name="DerivativeH" value="0.000000" />
  <attribute name="Loop Time for DT" value="13.000000" />
  <attribute name="Output H" value="8388608"/>
  <attribute name="Output I" value="200"/>
  <attribute name="Output T" value="4"/>
  <attribute name="Target GC Util Change" value ="20.000000" />
  <attribute name="Current GC Util Change" value="25.000000"/>
  <attribute name="GC Util currently" value="25" />
  <attribute name="CPU Util currently" value="350293227422" />
<allocation-satisfied id="2348" threadId="0000000000DE1500" bytesRequested="24" />
<af-end id="2349" timestamp="2019-06-17T06:04:33.181" threadId="0000000000DE1E88" success="true" from="nursery"/>
<exclusive-end id="2350" timestamp="2019-06-17T06:04:33.181" durationms="3.339" />

<exclusive-start id="2351" timestamp="2019-06-17T06:04:33.193" intervalms="15.836">
  <response-info timems="0.032" idlems="0.032" threads="0" lastid="0000000000DD9D00" lastname="Thread-10" />
</exclusive-start>
<af-start id="2352" threadId="0000000000DDA688" totalBytesRequested="40" timestamp="2019-06-17T06:04:33.193" intervalms="15.847" type="nursery" />
<cycle-start id="2353" type="scavenge" contextid="0" timestamp="2019-06-17T06:04:33.193" intervalms="15.854" />
<gc-start id="2354" type="scavenge" contextid="2353" timestamp="2019-06-17T06:04:33.193">
  <mem-info id="2355" free="2053227184" total="2092630016" percent="98">
    <mem type="nursery" free="0" total="24641536" percent="0">
      <mem type="allocate" free="0" total="22151168" percent="0" />
      <mem type="survivor" free="0" total="2490368" percent="0" />
    </mem>
    <mem type="tenure" free="2053227184" total="2067988480" percent="99">
      <mem type="soa" free="1949827760" total="1964589056" percent="99" />
      <mem type="loa" free="103399424" total="103399424" percent="100" />
    </mem>
    <remembered-set count="7096" />
  </mem-info>
</gc-start>
<allocation-stats totalBytes="20747088" >
  <allocated-bytes non-tlh="24" tlh="20747064" />
  <largest-consumer threadName="Thread-10" threadId="0000000000DD9D00" bytes="8263544" />
</allocation-stats>
<gc-op id="2356" type="scavenge" timems="1.658" contextid="2353" timestamp="2019-06-17T06:04:33.195">
  <scavenger-info tenureage="3" tenuremask="4008" tiltratio="89" />
  <memory-copied type="nursery" objects="22619" bytes="818936" bytesdiscarded="214648" />
  <memory-copied type="tenure" objects="7452" bytes="316224" bytesdiscarded="48" />
</gc-op>
<gc-end id="2357" type="scavenge" contextid="2353" durationms="1.970" usertimems="8.000" systemtimems="0.000" timestamp="2019-06-17T06:04:33.195" activeThreads="4">
  <mem-info id="2358" free="2073950784" total="2092630016" percent="99">
    <mem type="nursery" free="21117584" total="24641536" percent="85">
      <mem type="allocate" free="21117584" total="22151168" percent="95" />
      <mem type="survivor" free="0" total="2490368" percent="0" />
    </mem>
    <mem type="tenure" free="2052833200" total="2067988480" percent="99">
      <mem type="soa" free="1949433776" total="1964589056" percent="99" />
      <mem type="loa" free="103399424" total="103399424" percent="100" />
    </mem>
    <remembered-set count="5852" />
  </mem-info>
</gc-end>
<cycle-end id="2359" type="scavenge" contextid="2353" timestamp="2019-06-17T06:04:33.196" />
  <attribute name="elasticGC enabled" value="1" />
  <attribute name= "numThreadsSpecified" value="4" />
  <attribute name="heapSize specified" value="28770304" />
  <attribute name="Current GC Util" value="27" />
  <attribute name= "Current Time Running" value="2859" />
  <attribute name ="GC Interval" value="200" />
  <attribute name="ProportionalT" value="7.000000" />
  <attribute name="ProportionalI" value="7.000000" />
  <attribute name="ProportionalH" value="7.000000" />
  <attribute name="Current Error" value="7.000000" />
  <attribute name="IntegralT" value="105.000000" />
  <attribute name="IntegralI" value="105.000000" />
  <attribute name="IntegralH" value="105.000000" />
  <attribute name="DerivativeT" value="0.133333" />
  <attribute name="DerivativeI" value="0.133333" />
  <attribute name="DerivativeH" value="0.133333" />
  <attribute name="Loop Time for DT" value="15.000000" />
  <attribute name="Output H" value="8388608"/>
  <attribute name="Output I" value="200"/>
  <attribute name="Output T" value="4"/>
  <attribute name="Target GC Util Change" value ="20.000000" />
  <attribute name="Current GC Util Change" value="27.000000"/>
  <attribute name="GC Util currently" value="27" />
  <attribute name="CPU Util currently" value="318666820794" />
<allocation-satisfied id="2360" threadId="0000000000DD9D00" bytesRequested="40" />
<af-end id="2361" timestamp="2019-06-17T06:04:33.196" threadId="0000000000DDA688" success="true" from="nursery"/>
<exclusive-end id="2362" timestamp="2019-06-17T06:04:33.196" durationms="2.607" />

<exclusive-start id="2363" timestamp="2019-06-17T06:04:33.206" intervalms="13.332">
  <response-info timems="0.045" idlems="0.045" threads="0" lastid="0000000000DD9D00" lastname="Thread-10" />
</exclusive-start>
<af-start id="2364" threadId="0000000000DDA688" totalBytesRequested="40" timestamp="2019-06-17T06:04:33.207" intervalms="13.350" type="nursery" />
<cycle-start id="2365" type="scavenge" contextid="0" timestamp="2019-06-17T06:04:33.207" intervalms="13.341" />
<gc-start id="2366" type="scavenge" contextid="2365" timestamp="2019-06-17T06:04:33.207">
  <mem-info id="2367" free="2052833200" total="2092630016" percent="98">
    <mem type="nursery" free="0" total="24641536" percent="0">
      <mem type="allocate" free="0" total="22151168" percent="0" />
      <mem type="survivor" free="0" total="2490368" percent="0" />
    </mem>
    <mem type="tenure" free="2052833200" total="2067988480" percent="99">
      <mem type="soa" free="1949433776" total="1964589056" percent="99" />
      <mem type="loa" free="103399424" total="103399424" percent="100" />
    </mem>
    <remembered-set count="6786" />
  </mem-info>
</gc-start>
<allocation-stats totalBytes="21115632" >
  <allocated-bytes non-tlh="40" tlh="21115592" />
  <largest-consumer threadName="Thread-9" threadId="0000000000DE1500" bytes="7175624" />
</allocation-stats>
<gc-op id="2368" type="scavenge" timems="1.135" contextid="2365" timestamp="2019-06-17T06:04:33.208">
  <scavenger-info tenureage="14" tenuremask="4000" tiltratio="89" />
  <memory-copied type="nursery" objects="14697" bytes="491264" bytesdiscarded="229888" />
</gc-op>
<gc-end id="2369" type="scavenge" contextid="2365" durationms="1.431" usertimems="4.000" systemtimems="0.000" timestamp="2019-06-17T06:04:33.208" activeThreads="4">
  <mem-info id="2370" free="2074263216" total="2092630016" percent="99">
    <mem type="nursery" free="21430016" total="24641536" percent="86">
      <mem type="allocate" free="21430016" total="22151168" percent="96" />
      <mem type="survivor" free="0" total="2490368" percent="0" />
    </mem>
    <mem type="tenure" free="2052833200" total="2067988480" percent="99">
      <mem type="soa" free="1949433776" total="1964589056" percent="99" />
      <mem type="loa" free="103399424" total="103399424" percent="100" />
    </mem>
    <remembered-set count="6785" />
  </mem-info>
</gc-end>
<cycle-end id="2371" type="scavenge" contextid="2365" timestamp="2019-06-17T06:04:33.208" />
  <attribute name="elasticGC enabled" value="1" />
  <attribute name= "numThreadsSpecified" value="4" />
  <attribute name="heapSize specified" value="28770304" />
  <attribute name="Current GC Util" value="32" />
  <attribute name= "Current Time Running" value="2872" />
  <attribute name ="GC Interval" value="200" />
  <attribute name="ProportionalT" value="12.000000" />
  <attribute name="ProportionalI" value="12.000000" />
  <attribute name="ProportionalH" value="12.000000" />
  <attribute name="Current Error" value="12.000000" />
  <attribute name="IntegralT" value="156.000000" />
  <attribute name="IntegralI" value="156.000000" />
  <attribute name="IntegralH" value="156.000000" />
  <attribute name="DerivativeT" value="0.384615" />
  <attribute name="DerivativeI" value="0.384615" />
  <attribute name="DerivativeH" value="0.384615" />
  <attribute name="Loop Time for DT" value="13.000000" />
  <attribute name="Output H" value="8388608"/>
  <attribute name="Output I" value="200"/>
  <attribute name="Output T" value="4"/>
  <attribute name="Target GC Util Change" value ="20.000000" />
  <attribute name="Current GC Util Change" value="32.000000"/>
  <attribute name="GC Util currently" value="32" />
  <attribute name="CPU Util currently" value="346240842679" />
<allocation-satisfied id="2372" threadId="0000000000DD9D00" bytesRequested="40" />
<af-end id="2373" timestamp="2019-06-17T06:04:33.208" threadId="0000000000DDA688" success="true" from="nursery"/>
<exclusive-end id="2374" timestamp="2019-06-17T06:04:33.208" durationms="2.024" />

<exclusive-start id="2375" timestamp="2019-06-17T06:04:33.224" intervalms="17.457">
  <response-info timems="0.066" idlems="0.066" threads="0" lastid="0000000000DE1500" lastname="Thread-9" />
</exclusive-start>
<af-start id="2376" threadId="0000000000DE1E88" totalBytesRequested="40" timestamp="2019-06-17T06:04:33.224" intervalms="17.465" type="nursery" />
<cycle-start id="2377" type="scavenge" contextid="0" timestamp="2019-06-17T06:04:33.224" intervalms="17.467" />
<gc-start id="2378" type="scavenge" contextid="2377" timestamp="2019-06-17T06:04:33.224">
  <mem-info id="2379" free="2052833200" total="2092630016" percent="98">
    <mem type="nursery" free="0" total="24641536" percent="0">
      <mem type="allocate" free="0" total="22151168" percent="0" />
      <mem type="survivor" free="0" total="2490368" percent="0" />
    </mem>
    <mem type="tenure" free="2052833200" total="2067988480" percent="99">
      <mem type="soa" free="1949433776" total="1964589056" percent="99" />
      <mem type="loa" free="103399424" total="103399424" percent="100" />
    </mem>
    <remembered-set count="7123" />
  </mem-info>
</gc-start>
<allocation-stats totalBytes="21429440" >
  <allocated-bytes non-tlh="40" tlh="21429400" />
  <largest-consumer threadName="Thread-9" threadId="0000000000DE1500" bytes="10452672" />
</allocation-stats>
<gc-op id="2380" type="scavenge" timems="1.321" contextid="2377" timestamp="2019-06-17T06:04:33.226">
  <scavenger-info tenureage="4" tenuremask="4010" tiltratio="89" />
  <memory-copied type="nursery" objects="13091" bytes="452344" bytesdiscarded="95096" />
  <memory-copied type="tenure" objects="3797" bytes="91128" bytesdiscarded="0" />
</gc-op>
<gc-end id="2381" type="scavenge" contextid="2377" durationms="1.763" usertimems="4.000" systemtimems="0.000" timestamp="2019-06-17T06:04:33.226" activeThreads="4">
  <mem-info id="2382" free="2074436928" total="2092630016" percent="99">
    <mem type="nursery" free="21603728" total="24641536" percent="87">
      <mem type="allocate" free="21603728" total="22151168" percent="97" />
      <mem type="survivor" free="0" total="2490368" percent="0" />
    </mem>
    <mem type="tenure" free="2052833200" total="2067988480" percent="99">
      <mem type="soa" free="1949433776" total="1964589056" percent="99" />
      <mem type="loa" free="103399424" total="103399424" percent="100" />
    </mem>
    <remembered-set count="3323" />
  </mem-info>
</gc-end>
<cycle-end id="2383" type="scavenge" contextid="2377" timestamp="2019-06-17T06:04:33.226" />
  <attribute name="elasticGC enabled" value="1" />
  <attribute name= "numThreadsSpecified" value="4" />
  <attribute name="heapSize specified" value="28770304" />
  <attribute name="Current GC Util" value="15" />
  <attribute name= "Current Time Running" value="2889" />
  <attribute name ="GC Interval" value="200" />
  <attribute name="ProportionalT" value="-5.000000" />
  <attribute name="ProportionalI" value="-5.000000" />
  <attribute name="ProportionalH" value="-5.000000" />
  <attribute name="Current Error" value="-5.000000" />
  <attribute name="IntegralT" value="-85.000000" />
  <attribute name="IntegralI" value="-85.000000" />
  <attribute name="IntegralH" value="-85.000000" />
  <attribute name="DerivativeT" value="-1.000000" />
  <attribute name="DerivativeI" value="-1.000000" />
  <attribute name="DerivativeH" value="-1.000000" />
  <attribute name="Loop Time for DT" value="17.000000" />
  <attribute name="Output H" value="2092630016"/>
  <attribute name="Output I" value="200"/>
  <attribute name="Output T" value="4"/>
  <attribute name="Target GC Util Change" value ="20.000000" />
  <attribute name="Current GC Util Change" value="15.000000"/>
  <attribute name="GC Util currently" value="15" />
  <attribute name="CPU Util currently" value="264970989810" />
<allocation-satisfied id="2384" threadId="0000000000DE1500" bytesRequested="40" />
<af-end id="2385" timestamp="2019-06-17T06:04:33.226" threadId="0000000000DE1E88" success="true" from="nursery"/>
<exclusive-end id="2386" timestamp="2019-06-17T06:04:33.227" durationms="2.593" />

<exclusive-start id="2387" timestamp="2019-06-17T06:04:33.243" intervalms="19.524">
  <response-info timems="0.091" idlems="0.091" threads="0" lastid="0000000000DE1500" lastname="Thread-9" />
</exclusive-start>
<af-start id="2388" threadId="0000000000DE1E88" totalBytesRequested="40" timestamp="2019-06-17T06:04:33.244" intervalms="19.569" type="nursery" />
<cycle-start id="2389" type="scavenge" contextid="0" timestamp="2019-06-17T06:04:33.244" intervalms="19.610" />
<gc-start id="2390" type="scavenge" contextid="2389" timestamp="2019-06-17T06:04:33.244">
  <mem-info id="2391" free="2052833200" total="2092630016" percent="98">
    <mem type="nursery" free="0" total="24641536" percent="0">
      <mem type="allocate" free="0" total="22151168" percent="0" />
      <mem type="survivor" free="0" total="2490368" percent="0" />
    </mem>
    <mem type="tenure" free="2052833200" total="2067988480" percent="99">
      <mem type="soa" free="1949433776" total="1964589056" percent="99" />
      <mem type="loa" free="103399424" total="103399424" percent="100" />
    </mem>
    <remembered-set count="4491" />
  </mem-info>
</gc-start>
<allocation-stats totalBytes="21601944" >
  <allocated-bytes non-tlh="40" tlh="21601904" />
  <largest-consumer threadName="Thread-9" threadId="0000000000DE1500" bytes="12198296" />
</allocation-stats>
<gc-op id="2392" type="scavenge" timems="1.231" contextid="2389" timestamp="2019-06-17T06:04:33.245">
  <scavenger-info tenureage="4" tenuremask="4010" tiltratio="89" />
  <memory-copied type="nursery" objects="4475" bytes="107792" bytesdiscarded="157936" />
  <memory-copied type="tenure" objects="3081" bytes="73944" bytesdiscarded="0" />
</gc-op>
<gc-end id="2393" type="scavenge" contextid="2389" durationms="1.776" usertimems="4.000" systemtimems="0.000" timestamp="2019-06-17T06:04:33.246" activeThreads="4">
  <mem-info id="2394" free="2074718640" total="2092630016" percent="99">
    <mem type="nursery" free="21885440" total="24641536" percent="88">
      <mem type="allocate" free="21885440" total="22151168" percent="98" />
      <mem type="survivor" free="0" total="2490368" percent="0" />
    </mem>
    <mem type="tenure" free="2052833200" total="2067988480" percent="99">
      <mem type="soa" free="1949433776" total="1964589056" percent="99" />
      <mem type="loa" free="103399424" total="103399424" percent="100" />
    </mem>
    <remembered-set count="3451" />
  </mem-info>
</gc-end>
<cycle-end id="2395" type="scavenge" contextid="2389" timestamp="2019-06-17T06:04:33.246" />
  <attribute name="elasticGC enabled" value="1" />
  <attribute name= "numThreadsSpecified" value="4" />
  <attribute name="heapSize specified" value="28770304" />
  <attribute name="Current GC Util" value="16" />
  <attribute name= "Current Time Running" value="2909" />
  <attribute name ="GC Interval" value="200" />
  <attribute name="ProportionalT" value="-4.000000" />
  <attribute name="ProportionalI" value="-4.000000" />
  <attribute name="ProportionalH" value="-4.000000" />
  <attribute name="Current Error" value="-4.000000" />
  <attribute name="IntegralT" value="-80.000000" />
  <attribute name="IntegralI" value="-80.000000" />
  <attribute name="IntegralH" value="-80.000000" />
  <attribute name="DerivativeT" value="-0.200000" />
  <attribute name="DerivativeI" value="-0.200000" />
  <attribute name="DerivativeH" value="-0.200000" />
  <attribute name="Loop Time for DT" value="20.000000" />
  <attribute name="Output H" value="2092630016"/>
  <attribute name="Output I" value="200"/>
  <attribute name="Output T" value="4"/>
  <attribute name="Target GC Util Change" value ="20.000000" />
  <attribute name="Current GC Util Change" value="16.000000"/>
  <attribute name="GC Util currently" value="16" />
  <attribute name="CPU Util currently" value="233034329830" />
<allocation-satisfied id="2396" threadId="0000000000DE1500" bytesRequested="40" />
<af-end id="2397" timestamp="2019-06-17T06:04:33.246" threadId="0000000000DE1E88" success="true" from="nursery"/>
<exclusive-end id="2398" timestamp="2019-06-17T06:04:33.246" durationms="2.592" />

</verbosegc>

