<?xml version="1.0" ?>

<verbosegc xmlns="http://www.ibm.com/j9/verbosegc" version="08cc62e_CMPRSS">

<initialized id="1" timestamp="2019-08-02T23:39:17.517">
  <attribute name="gcPolicy" value="-Xgcpolicy:optavgpause" />
  <attribute name="elasticGC enabled" value="1" />
  <attribute name= "numThreadsSpecified" value="0" />
  <attribute name="heapSize specified" value="0" />
  <attribute name= "numCores" value="0" />
  <attribute name ="GC Interval" value="0" />
  <attribute name="GC Util Range Max" value="0" />
  <attribute name="Current GC Util" value="0" />
  <attribute name= "Current Time Running" value="0" />
  <attribute name="maxHeapSize" value="0x7cba0000" />
  <attribute name="initialHeapSize" value="0x800000" />
  <attribute name="compressedRefs" value="true" />
  <attribute name="compressedRefsDisplacement" value="0x0" />
  <attribute name="compressedRefsShift" value="0x0" />
  <attribute name="pageSize" value="0x1000" />
  <attribute name="pageType" value="not used" />
  <attribute name="requestedPageSize" value="0x1000" />
  <attribute name="requestedPageType" value="not used" />
  <attribute name="gcthreads" value="8" />
  <attribute name="packetListSplit" value="8" />
  <attribute name="cacheListSplit" value="8" />
  <attribute name="splitFreeListSplitAmount" value="1" />
  <attribute name="numaNodes" value="0" />
  <system>
    <attribute name="physicalMemory" value="8370401280" />
    <attribute name="numCPUs" value="8" />
    <attribute name="architecture" value="amd64" />
    <attribute name="os" value="Linux" />
    <attribute name="osVersion" value="4.4.0-154-generic" />
  </system>
  <vmargs>
    <vmarg name="-Xoptionsfile=/vagrant/jdk/lib/options.default" />
    <vmarg name="-Xlockword:mode=default,noLockword=java/lang/String,noLockword=java/util/MapEntry,noLockword=java/util/HashMap$Entry,noLockword..." />
    <vmarg name="-Xjcl:jclse29" />
    <vmarg name="-Dcom.ibm.oti.vm.bootstrap.library.path=/vagrant/jdk/lib/compressedrefs:/vagrant/jdk/lib" />
    <vmarg name="-Dsun.boot.library.path=/vagrant/jdk/lib/compressedrefs:/vagrant/jdk/lib" />
    <vmarg name="-Djava.library.path=/vagrant/jdk/lib/compressedrefs:/vagrant/jdk/lib:/usr/lib64:/usr/lib" />
    <vmarg name="-Djava.home=/vagrant/jdk" />
    <vmarg name="-Duser.dir=/vagrant" />
    <vmarg name="-Xgcpolicy:optavgpause" />
    <vmarg name="-Xgcelastic" />
    <vmarg name="-Xcheck:gc:::elasticGC" />
    <vmarg name="-verbose:gc" />
    <vmarg name="-Xloggc:jdkI-small-OAP-8core-verbose6pmd.txt" />
    <vmarg name="-Djava.class.path=dacapo-9.12-MR1-bach.jar" />
    <vmarg name="-Dsun.java.command=dacapo-9.12-MR1-bach.jar pmd --size=small" />
    <vmarg name="-Dsun.java.launcher=SUN_STANDARD" />
    <vmarg name="-Dsun.java.launcher.pid=18105" />
  </vmargs>
</initialized>

<exclusive-start id="2" timestamp="2019-08-02T23:39:18.345" intervalms="827.968">
  <response-info timems="0.022" idlems="0.022" threads="0" lastid="0000000000D7CA00" lastname="main" />
</exclusive-start>
<sys-start reason="explicit" id="3" timestamp="2019-08-02T23:39:18.346" intervalms="828.286" />
<cycle-start id="4" type="global" contextid="0" timestamp="2019-08-02T23:39:18.346" intervalms="828.640" />
<gc-start id="5" type="global" contextid="4" timestamp="2019-08-02T23:39:18.346">
  <mem-info id="6" free="1481176" total="8388608" percent="17">
    <mem type="tenure" free="1481176" total="8388608" percent="17">
      <mem type="soa" free="1062360" total="7969792" percent="13" />
      <mem type="loa" free="418816" total="418816" percent="100" />
    </mem>
  </mem-info>
</gc-start>
<allocation-stats totalBytes="6898744" >
  <allocated-bytes non-tlh="460328" tlh="6438416" />
  <largest-consumer threadName="main" threadId="0000000000D7CA00" bytes="6805800" />
</allocation-stats>
<gc-op id="7" type="mark" timems="2.629" contextid="4" timestamp="2019-08-02T23:39:18.349">
  <trace-info objectcount="20004" scancount="16574" scanbytes="533868" />
  <finalization candidates="46" enqueued="1" />
  <ownableSynchronizers candidates="4" cleared="3" />
  <references type="soft" candidates="66" cleared="0" enqueued="0" dynamicThreshold="32" maxThreshold="32" />
  <references type="weak" candidates="911" cleared="529" enqueued="452" />
  <references type="phantom" candidates="125" cleared="44" enqueued="44" />
  <stringconstants candidates="2485" cleared="0"  />
</gc-op>
<gc-op id="8" type="classunload" timems="0.070" contextid="4" timestamp="2019-08-02T23:39:18.349">
  <classunload-info classloadercandidates="6" classloadersunloaded="0" classesunloaded="0" anonymousclassesunloaded="0" quiescems="0.000" setupms="0.069" scanms="0.000" postms="0.001" />
</gc-op>
<gc-op id="9" type="sweep" timems="0.555" contextid="4" timestamp="2019-08-02T23:39:18.350" />
<gc-end id="10" type="global" contextid="4" durationms="4.547" usertimems="4.000" systemtimems="4.000" timestamp="2019-08-02T23:39:18.350" activeThreads="8">
  <mem-info id="11" free="6773264" total="8388608" percent="80">
    <mem type="tenure" free="6773264" total="8388608" percent="80" micro-fragmented="240598">
      <mem type="soa" free="6354448" total="7969792" percent="79" />
      <mem type="loa" free="418816" total="418816" percent="100" />
    </mem>
    <pending-finalizers system="1" default="0" reference="496" classloader="0" />
  </mem-info>
</gc-end>
<cycle-end id="12" type="global" contextid="4" timestamp="2019-08-02T23:39:18.351" />
  <attribute name="elasticGC enabled" value="1" />
  <attribute name= "numThreadsSpecified" value="0" />
  <attribute name="heapSize specified" value="0" />
  <attribute name= "numCores" value="8" />
  <attribute name ="GC Interval" value="0" />
  <attribute name ="Control flow" value="1" />
  <attribute name="GC Util Range Max" value="90" />
  <attribute name="Current GC Util" value="24" />
  <attribute name= "Current Time Running" value="3" />
<sys-end id="13" timestamp="2019-08-02T23:39:18.351" />
<exclusive-end id="14" timestamp="2019-08-02T23:39:18.351" durationms="5.643" />

<exclusive-start id="15" timestamp="2019-08-02T23:39:18.557" intervalms="211.714">
  <response-info timems="0.075" idlems="0.075" threads="0" lastid="0000000000D7CA00" lastname="main" />
</exclusive-start>
<af-start id="16" threadId="0000000000D7D388" totalBytesRequested="88" timestamp="2019-08-02T23:39:18.557" intervalms="1039.868" />
<cycle-start id="17" type="global" contextid="0" timestamp="2019-08-02T23:39:18.559" intervalms="213.427" />
<gc-start id="18" type="global" contextid="17" timestamp="2019-08-02T23:39:18.559">
  <mem-info id="19" free="418816" total="8388608" percent="4">
    <mem type="tenure" free="418816" total="8388608" percent="4">
      <mem type="soa" free="0" total="7969792" percent="0" />
      <mem type="loa" free="418816" total="418816" percent="100" />
    </mem>
  </mem-info>
</gc-start>
<allocation-stats totalBytes="6288048" >
  <allocated-bytes non-tlh="742168" tlh="5545880" />
  <largest-consumer threadName="main" threadId="0000000000D7CA00" bytes="6278880" />
</allocation-stats>
<gc-op id="20" type="mark" timems="1.598" contextid="17" timestamp="2019-08-02T23:39:18.561">
  <trace-info objectcount="23779" scancount="19215" scanbytes="629972" />
  <finalization candidates="50" enqueued="0" />
  <ownableSynchronizers candidates="1" cleared="0" />
  <references type="soft" candidates="69" cleared="0" enqueued="0" dynamicThreshold="25" maxThreshold="32" />
  <references type="weak" candidates="550" cleared="85" enqueued="80" />
  <references type="phantom" candidates="88" cleared="5" enqueued="5" />
  <stringconstants candidates="3393" cleared="4"  />
</gc-op>
<gc-op id="21" type="sweep" timems="0.206" contextid="17" timestamp="2019-08-02T23:39:18.561" />
<gc-end id="22" type="global" contextid="17" durationms="2.906" usertimems="4.000" systemtimems="0.000" timestamp="2019-08-02T23:39:18.562" activeThreads="1">
  <mem-info id="23" free="6345912" total="8388608" percent="75">
    <mem type="tenure" free="6345912" total="8388608" percent="75" micro-fragmented="340111">
      <mem type="soa" free="6073680" total="7969792" percent="76" />
      <mem type="loa" free="272232" total="418816" percent="65" />
    </mem>
    <pending-finalizers system="0" default="0" reference="85" classloader="0" />
  </mem-info>
</gc-end>
<cycle-end id="24" type="global" contextid="17" timestamp="2019-08-02T23:39:18.562" />
  <attribute name="elasticGC enabled" value="1" />
  <attribute name= "numThreadsSpecified" value="1" />
  <attribute name="heapSize specified" value="0" />
  <attribute name= "numCores" value="8" />
  <attribute name ="GC Interval" value="0" />
  <attribute name ="Control flow" value="3" />
  <attribute name="GC Util Range Max" value="90" />
  <attribute name="Current GC Util" value="32" />
  <attribute name= "Current Time Running" value="215" />
<allocation-satisfied id="25" threadId="0000000000D7CA00" bytesRequested="88" />
<af-end id="26" timestamp="2019-08-02T23:39:18.563" threadId="0000000000D7D388" success="true" />
<exclusive-end id="27" timestamp="2019-08-02T23:39:18.563" durationms="5.883" />

<concurrent-kickoff id="28" timestamp="2019-08-02T23:39:18.747">
  <kickoff reason="threshold reached" targetBytes="2489738" thresholdFreeBytes="343258" remainingFree="316960" tenureFreeBytes="316960" />
</concurrent-kickoff>
<exclusive-start id="29" timestamp="2019-08-02T23:39:18.747" intervalms="190.628">
  <response-info timems="0.034" idlems="0.034" threads="0" lastid="0000000000D7CA00" lastname="main" />
</exclusive-start>
<cycle-start id="30" type="global" contextid="0" timestamp="2019-08-02T23:39:18.748" intervalms="188.300" />
<exclusive-end id="31" timestamp="2019-08-02T23:39:18.748" durationms="0.111" />

<exclusive-start id="32" timestamp="2019-08-02T23:39:18.758" intervalms="10.308">
  <response-info timems="0.055" idlems="0.055" threads="0" lastid="0000000000D7CA00" lastname="main" />
</exclusive-start>
<af-start id="33" threadId="0000000000D7D388" totalBytesRequested="88" timestamp="2019-08-02T23:39:18.758" intervalms="200.839" />
<gc-start id="34" type="global" contextid="30" timestamp="2019-08-02T23:39:18.758">
  <mem-info id="35" free="271416" total="8388608" percent="3">
    <mem type="tenure" free="271416" total="8388608" percent="3">
      <mem type="soa" free="0" total="7969792" percent="0" />
      <mem type="loa" free="271416" total="418816" percent="64" />
    </mem>
  </mem-info>
</gc-start>
<allocation-stats totalBytes="6135416" >
  <allocated-bytes non-tlh="1148744" tlh="4986672" />
  <largest-consumer threadName="main" threadId="0000000000D7CA00" bytes="788832" />
</allocation-stats>
<concurrent-halted id="36" timestamp="2019-08-02T23:39:18.758">
  <halted state="Complete" status="trace only" />
  <traced bytesTarget="2489738" bytesTotal="544896" bytesByMutator="8976" bytesByHelper="535920" percent="21" />
  <cards cleaned="0" thresholdBytes="135222" />
</concurrent-halted>
<gc-op id="37" type="card-cleaning" timems="0.408" contextid="30" timestamp="2019-08-02T23:39:18.759">
  <card-cleaning cardsCleaned="46" bytesTraced="26916" workStackOverflowCount="0" />
</gc-op>
<gc-op id="38" type="mark" timems="1.316" contextid="30" timestamp="2019-08-02T23:39:18.760">
  <trace-info objectcount="11604" scancount="8986" scanbytes="270048" />
  <finalization candidates="54" enqueued="0" />
  <ownableSynchronizers candidates="5" cleared="4" />
  <references type="soft" candidates="198" cleared="0" enqueued="0" dynamicThreshold="24" maxThreshold="32" />
  <references type="weak" candidates="938" cleared="259" enqueued="184" />
  <references type="phantom" candidates="90" cleared="6" enqueued="6" />
  <stringconstants candidates="4948" cleared="4"  />
</gc-op>
<gc-op id="39" type="classunload" timems="0.002" contextid="30" timestamp="2019-08-02T23:39:18.760">
  <classunload-info classloadercandidates="8" classloadersunloaded="0" classesunloaded="0" anonymousclassesunloaded="0" quiescems="0.000" setupms="0.001" scanms="0.001" postms="0.000" />
</gc-op>
<gc-op id="40" type="sweep" timems="0.287" contextid="30" timestamp="2019-08-02T23:39:18.760" />
<mem-info id="41" free="6066720" total="8388608" percent="72">
  <mem type="tenure" free="6066720" total="8388608" percent="72" micro-fragmented="404995">
    <mem type="soa" free="5647904" total="7969792" percent="70" />
    <mem type="loa" free="418816" total="418816" percent="100" />
  </mem>
  <pending-finalizers system="0" default="0" reference="190" classloader="0" />
</mem-info>
<gc-op id="42" type="compact" timems="6.534" contextid="30" timestamp="2019-08-02T23:39:18.767">
  <compact-info movecount="33296" movebytes="1804008" reason="no compaction" />
</gc-op>
<gc-end id="43" type="global" contextid="30" durationms="9.626" usertimems="12.000" systemtimems="0.000" timestamp="2019-08-02T23:39:18.768" activeThreads="2">
  <mem-info id="44" free="6584424" total="8388608" percent="78">
    <mem type="tenure" free="6584424" total="8388608" percent="78">
      <mem type="soa" free="6165608" total="7969792" percent="77" />
      <mem type="loa" free="418816" total="418816" percent="100" />
    </mem>
    <pending-finalizers system="0" default="0" reference="190" classloader="0" />
  </mem-info>
</gc-end>
<cycle-end id="45" type="global" contextid="30" timestamp="2019-08-02T23:39:18.768" />
  <attribute name="elasticGC enabled" value="1" />
  <attribute name= "numThreadsSpecified" value="2" />
  <attribute name="heapSize specified" value="8388608" />
  <attribute name= "numCores" value="8" />
  <attribute name ="GC Interval" value="0" />
  <attribute name ="Control flow" value="3" />
  <attribute name="GC Util Range Max" value="90" />
  <attribute name="Current GC Util" value="32" />
  <attribute name= "Current Time Running" value="421" />
<allocation-satisfied id="46" threadId="0000000000D7CA00" bytesRequested="88" />
<af-end id="47" timestamp="2019-08-02T23:39:18.768" threadId="0000000000D7D388" success="true" />
<exclusive-end id="48" timestamp="2019-08-02T23:39:18.768" durationms="10.253" />

</verbosegc>

