<?xml version="1.0" ?>

<verbosegc xmlns="http://www.ibm.com/j9/verbosegc" version="08cc62e_CMPRSS">

<initialized id="1" timestamp="2019-08-02T23:45:53.095">
  <attribute name="gcPolicy" value="-Xgcpolicy:optthruput" />
  <attribute name="elasticGC enabled" value="1" />
  <attribute name= "numThreadsSpecified" value="0" />
  <attribute name="heapSize specified" value="0" />
  <attribute name= "numCores" value="0" />
  <attribute name ="GC Interval" value="0" />
  <attribute name="GC Util Range Max" value="0" />
  <attribute name="Current GC Util" value="0" />
  <attribute name= "Current Time Running" value="0" />
  <attribute name="maxHeapSize" value="0x7cba0000" />
  <attribute name="initialHeapSize" value="0x800000" />
  <attribute name="compressedRefs" value="true" />
  <attribute name="compressedRefsDisplacement" value="0x0" />
  <attribute name="compressedRefsShift" value="0x0" />
  <attribute name="pageSize" value="0x1000" />
  <attribute name="pageType" value="not used" />
  <attribute name="requestedPageSize" value="0x1000" />
  <attribute name="requestedPageType" value="not used" />
  <attribute name="gcthreads" value="8" />
  <attribute name="packetListSplit" value="8" />
  <attribute name="cacheListSplit" value="8" />
  <attribute name="splitFreeListSplitAmount" value="1" />
  <attribute name="numaNodes" value="0" />
  <system>
    <attribute name="physicalMemory" value="8370401280" />
    <attribute name="numCPUs" value="8" />
    <attribute name="architecture" value="amd64" />
    <attribute name="os" value="Linux" />
    <attribute name="osVersion" value="4.4.0-154-generic" />
  </system>
  <vmargs>
    <vmarg name="-Xoptionsfile=/vagrant/jdk/lib/options.default" />
    <vmarg name="-Xlockword:mode=default,noLockword=java/lang/String,noLockword=java/util/MapEntry,noLockword=java/util/HashMap$Entry,noLockword..." />
    <vmarg name="-Xjcl:jclse29" />
    <vmarg name="-Dcom.ibm.oti.vm.bootstrap.library.path=/vagrant/jdk/lib/compressedrefs:/vagrant/jdk/lib" />
    <vmarg name="-Dsun.boot.library.path=/vagrant/jdk/lib/compressedrefs:/vagrant/jdk/lib" />
    <vmarg name="-Djava.library.path=/vagrant/jdk/lib/compressedrefs:/vagrant/jdk/lib:/usr/lib64:/usr/lib" />
    <vmarg name="-Djava.home=/vagrant/jdk" />
    <vmarg name="-Duser.dir=/vagrant" />
    <vmarg name="-Xgcpolicy:optthruput" />
    <vmarg name="-Xgcelastic" />
    <vmarg name="-Xcheck:gc:::elasticGC" />
    <vmarg name="-verbose:gc" />
    <vmarg name="-Xloggc:jdkI-small-OTT-8core-verbose16pmd.txt" />
    <vmarg name="-Djava.class.path=dacapo-9.12-MR1-bach.jar" />
    <vmarg name="-Dsun.java.command=dacapo-9.12-MR1-bach.jar pmd --size=small" />
    <vmarg name="-Dsun.java.launcher=SUN_STANDARD" />
    <vmarg name="-Dsun.java.launcher.pid=21256" />
  </vmargs>
</initialized>

<exclusive-start id="2" timestamp="2019-08-02T23:45:53.804" intervalms="708.668">
  <response-info timems="0.031" idlems="0.031" threads="0" lastid="00000000011E3A00" lastname="main" />
</exclusive-start>
<sys-start reason="explicit" id="3" timestamp="2019-08-02T23:45:53.804" intervalms="708.894" />
<cycle-start id="4" type="global" contextid="0" timestamp="2019-08-02T23:45:53.804" intervalms="709.077" />
<gc-start id="5" type="global" contextid="4" timestamp="2019-08-02T23:45:53.804">
  <mem-info id="6" free="1496656" total="8388608" percent="17">
    <mem type="tenure" free="1496656" total="8388608" percent="17">
      <mem type="soa" free="1077840" total="7969792" percent="13" />
      <mem type="loa" free="418816" total="418816" percent="100" />
    </mem>
  </mem-info>
</gc-start>
<allocation-stats totalBytes="6884416" >
  <allocated-bytes non-tlh="539056" tlh="6345360" />
  <largest-consumer threadName="main" threadId="00000000011E3A00" bytes="6794592" />
</allocation-stats>
<gc-op id="7" type="mark" timems="3.720" contextid="4" timestamp="2019-08-02T23:45:53.808">
  <trace-info objectcount="19995" scancount="16598" scanbytes="533604" />
  <finalization candidates="46" enqueued="1" />
  <ownableSynchronizers candidates="4" cleared="3" />
  <references type="soft" candidates="66" cleared="0" enqueued="0" dynamicThreshold="32" maxThreshold="32" />
  <references type="weak" candidates="911" cleared="529" enqueued="452" />
  <references type="phantom" candidates="125" cleared="44" enqueued="44" />
  <stringconstants candidates="2485" cleared="0"  />
</gc-op>
<gc-op id="8" type="classunload" timems="0.069" contextid="4" timestamp="2019-08-02T23:45:53.808">
  <classunload-info classloadercandidates="6" classloadersunloaded="0" classesunloaded="0" anonymousclassesunloaded="0" quiescems="0.000" setupms="0.069" scanms="0.000" postms="0.000" />
</gc-op>
<gc-op id="9" type="sweep" timems="0.488" contextid="4" timestamp="2019-08-02T23:45:53.809" />
<gc-end id="10" type="global" contextid="4" durationms="5.733" usertimems="8.000" systemtimems="0.000" timestamp="2019-08-02T23:45:53.810" activeThreads="8">
  <mem-info id="11" free="6770504" total="8388608" percent="80">
    <mem type="tenure" free="6770504" total="8388608" percent="80" micro-fragmented="202416" macro-fragmented="0">
      <mem type="soa" free="6351688" total="7969792" percent="79" />
      <mem type="loa" free="418816" total="418816" percent="100" />
    </mem>
    <pending-finalizers system="1" default="0" reference="496" classloader="0" />
  </mem-info>
</gc-end>
<cycle-end id="12" type="global" contextid="4" timestamp="2019-08-02T23:45:53.810" />
  <attribute name="elasticGC enabled" value="1" />
  <attribute name= "numThreadsSpecified" value="0" />
  <attribute name="heapSize specified" value="0" />
  <attribute name= "numCores" value="8" />
  <attribute name ="GC Interval" value="0" />
  <attribute name ="Control flow" value="1" />
  <attribute name="GC Util Range Max" value="94" />
  <attribute name="Current GC Util" value="46" />
  <attribute name= "Current Time Running" value="4" />
<sys-end id="13" timestamp="2019-08-02T23:45:53.810" />
<exclusive-end id="14" timestamp="2019-08-02T23:45:53.810" durationms="6.440" />

<exclusive-start id="15" timestamp="2019-08-02T23:45:54.005" intervalms="201.273">
  <response-info timems="0.036" idlems="0.036" threads="0" lastid="00000000011E3A00" lastname="main" />
</exclusive-start>
<af-start id="16" threadId="00000000011E4388" totalBytesRequested="8208" timestamp="2019-08-02T23:45:54.005" intervalms="910.048" />
<cycle-start id="17" type="global" contextid="0" timestamp="2019-08-02T23:45:54.005" intervalms="201.043" />
<gc-start id="18" type="global" contextid="17" timestamp="2019-08-02T23:45:54.005">
  <mem-info id="19" free="418816" total="8388608" percent="4">
    <mem type="tenure" free="418816" total="8388608" percent="4">
      <mem type="soa" free="0" total="7969792" percent="0" />
      <mem type="loa" free="418816" total="418816" percent="100" />
    </mem>
  </mem-info>
</gc-start>
<allocation-stats totalBytes="6279384" >
  <allocated-bytes non-tlh="810120" tlh="5469264" />
  <largest-consumer threadName="main" threadId="00000000011E3A00" bytes="6270056" />
</allocation-stats>
<gc-op id="20" type="mark" timems="1.656" contextid="17" timestamp="2019-08-02T23:45:54.007">
  <trace-info objectcount="24129" scancount="19528" scanbytes="643172" />
  <finalization candidates="50" enqueued="0" />
  <ownableSynchronizers candidates="1" cleared="0" />
  <references type="soft" candidates="69" cleared="0" enqueued="0" dynamicThreshold="25" maxThreshold="32" />
  <references type="weak" candidates="550" cleared="85" enqueued="80" />
  <references type="phantom" candidates="89" cleared="5" enqueued="5" />
  <stringconstants candidates="3396" cleared="4"  />
</gc-op>
<gc-op id="21" type="sweep" timems="0.216" contextid="17" timestamp="2019-08-02T23:45:54.007" />
<gc-end id="22" type="global" contextid="17" durationms="2.533" usertimems="0.000" systemtimems="0.000" timestamp="2019-08-02T23:45:54.008" activeThreads="2">
  <mem-info id="23" free="6466192" total="8388608" percent="77">
    <mem type="tenure" free="6466192" total="8388608" percent="77" micro-fragmented="334760" macro-fragmented="0">
      <mem type="soa" free="6047376" total="7969792" percent="75" />
      <mem type="loa" free="418816" total="418816" percent="100" />
    </mem>
    <pending-finalizers system="0" default="0" reference="85" classloader="0" />
  </mem-info>
</gc-end>
<cycle-end id="24" type="global" contextid="17" timestamp="2019-08-02T23:45:54.008" />
  <attribute name="elasticGC enabled" value="1" />
  <attribute name= "numThreadsSpecified" value="2" />
  <attribute name="heapSize specified" value="0" />
  <attribute name= "numCores" value="8" />
  <attribute name ="GC Interval" value="0" />
  <attribute name ="Control flow" value="1" />
  <attribute name="GC Util Range Max" value="94" />
  <attribute name="Current GC Util" value="9" />
  <attribute name= "Current Time Running" value="202" />
<allocation-satisfied id="25" threadId="00000000011E3A00" bytesRequested="8208" />
<af-end id="26" timestamp="2019-08-02T23:45:54.008" threadId="00000000011E4388" success="true" />
<exclusive-end id="27" timestamp="2019-08-02T23:45:54.008" durationms="3.329" />

<exclusive-start id="28" timestamp="2019-08-02T23:45:54.238" intervalms="233.357">
  <response-info timems="0.087" idlems="0.046" threads="1" lastid="00000000011E7600" lastname="JIT Compilation Thread-0" />
</exclusive-start>
<af-start id="29" threadId="00000000011E4388" totalBytesRequested="16" timestamp="2019-08-02T23:45:54.239" intervalms="233.426" />
<cycle-start id="30" type="global" contextid="0" timestamp="2019-08-02T23:45:54.239" intervalms="233.528" />
<gc-start id="31" type="global" contextid="30" timestamp="2019-08-02T23:45:54.239">
  <mem-info id="32" free="141360" total="8388608" percent="1">
    <mem type="tenure" free="141360" total="8388608" percent="1">
      <mem type="soa" free="0" total="7969792" percent="0" />
      <mem type="loa" free="141360" total="418816" percent="33" />
    </mem>
  </mem-info>
</gc-start>
<allocation-stats totalBytes="6241952" >
  <allocated-bytes non-tlh="1292424" tlh="4949528" />
  <largest-consumer threadName="main" threadId="00000000011E3A00" bytes="851432" />
</allocation-stats>
<gc-op id="33" type="mark" timems="1.426" contextid="30" timestamp="2019-08-02T23:45:54.240">
  <trace-info objectcount="34368" scancount="26619" scanbytes="850516" />
  <finalization candidates="58" enqueued="0" />
  <ownableSynchronizers candidates="5" cleared="4" />
  <references type="soft" candidates="200" cleared="0" enqueued="0" dynamicThreshold="24" maxThreshold="32" />
  <references type="weak" candidates="944" cleared="262" enqueued="186" />
  <references type="phantom" candidates="92" cleared="6" enqueued="6" />
  <stringconstants candidates="5202" cleared="4"  />
</gc-op>
<gc-op id="34" type="classunload" timems="0.002" contextid="30" timestamp="2019-08-02T23:45:54.241">
  <classunload-info classloadercandidates="8" classloadersunloaded="0" classesunloaded="0" anonymousclassesunloaded="0" quiescems="0.000" setupms="0.002" scanms="0.000" postms="0.000" />
</gc-op>
<gc-op id="35" type="sweep" timems="0.244" contextid="30" timestamp="2019-08-02T23:45:54.241" />
<gc-end id="36" type="global" contextid="30" durationms="2.647" usertimems="4.000" systemtimems="0.000" timestamp="2019-08-02T23:45:54.242" activeThreads="2">
  <mem-info id="37" free="5948280" total="8388608" percent="70">
    <mem type="tenure" free="5948280" total="8388608" percent="70" micro-fragmented="504582" macro-fragmented="0">
      <mem type="soa" free="5529464" total="7969792" percent="69" />
      <mem type="loa" free="418816" total="418816" percent="100" />
    </mem>
    <pending-finalizers system="0" default="0" reference="192" classloader="0" />
  </mem-info>
</gc-end>
<cycle-end id="38" type="global" contextid="30" timestamp="2019-08-02T23:45:54.242" />
  <attribute name="elasticGC enabled" value="1" />
  <attribute name= "numThreadsSpecified" value="2" />
  <attribute name="heapSize specified" value="0" />
  <attribute name= "numCores" value="8" />
  <attribute name ="GC Interval" value="0" />
  <attribute name ="Control flow" value="1" />
  <attribute name="GC Util Range Max" value="94" />
  <attribute name="Current GC Util" value="9" />
  <attribute name= "Current Time Running" value="436" />
<allocation-satisfied id="39" threadId="00000000011E3A00" bytesRequested="16" />
<af-end id="40" timestamp="2019-08-02T23:45:54.242" threadId="00000000011E4388" success="true" />
<exclusive-end id="41" timestamp="2019-08-02T23:45:54.242" durationms="3.497" />

</verbosegc>

