<?xml version="1.0" ?>

<verbosegc xmlns="http://www.ibm.com/j9/verbosegc" version="08cc62e_CMPRSS">

<initialized id="1" timestamp="2019-08-02T23:45:33.711">
  <attribute name="gcPolicy" value="-Xgcpolicy:optthruput" />
  <attribute name="elasticGC enabled" value="1" />
  <attribute name= "numThreadsSpecified" value="0" />
  <attribute name="heapSize specified" value="0" />
  <attribute name= "numCores" value="0" />
  <attribute name ="GC Interval" value="0" />
  <attribute name="GC Util Range Max" value="0" />
  <attribute name="Current GC Util" value="0" />
  <attribute name= "Current Time Running" value="0" />
  <attribute name="maxHeapSize" value="0x7cba0000" />
  <attribute name="initialHeapSize" value="0x800000" />
  <attribute name="compressedRefs" value="true" />
  <attribute name="compressedRefsDisplacement" value="0x0" />
  <attribute name="compressedRefsShift" value="0x0" />
  <attribute name="pageSize" value="0x1000" />
  <attribute name="pageType" value="not used" />
  <attribute name="requestedPageSize" value="0x1000" />
  <attribute name="requestedPageType" value="not used" />
  <attribute name="gcthreads" value="8" />
  <attribute name="packetListSplit" value="8" />
  <attribute name="cacheListSplit" value="8" />
  <attribute name="splitFreeListSplitAmount" value="1" />
  <attribute name="numaNodes" value="0" />
  <system>
    <attribute name="physicalMemory" value="8370401280" />
    <attribute name="numCPUs" value="8" />
    <attribute name="architecture" value="amd64" />
    <attribute name="os" value="Linux" />
    <attribute name="osVersion" value="4.4.0-154-generic" />
  </system>
  <vmargs>
    <vmarg name="-Xoptionsfile=/vagrant/jdk/lib/options.default" />
    <vmarg name="-Xlockword:mode=default,noLockword=java/lang/String,noLockword=java/util/MapEntry,noLockword=java/util/HashMap$Entry,noLockword..." />
    <vmarg name="-Xjcl:jclse29" />
    <vmarg name="-Dcom.ibm.oti.vm.bootstrap.library.path=/vagrant/jdk/lib/compressedrefs:/vagrant/jdk/lib" />
    <vmarg name="-Dsun.boot.library.path=/vagrant/jdk/lib/compressedrefs:/vagrant/jdk/lib" />
    <vmarg name="-Djava.library.path=/vagrant/jdk/lib/compressedrefs:/vagrant/jdk/lib:/usr/lib64:/usr/lib" />
    <vmarg name="-Djava.home=/vagrant/jdk" />
    <vmarg name="-Duser.dir=/vagrant" />
    <vmarg name="-Xgcpolicy:optthruput" />
    <vmarg name="-Xgcelastic" />
    <vmarg name="-Xcheck:gc:::elasticGC" />
    <vmarg name="-verbose:gc" />
    <vmarg name="-Xloggc:jdkI-small-OTT-8core-verbose6pmd.txt" />
    <vmarg name="-Djava.class.path=dacapo-9.12-MR1-bach.jar" />
    <vmarg name="-Dsun.java.command=dacapo-9.12-MR1-bach.jar pmd --size=small" />
    <vmarg name="-Dsun.java.launcher=SUN_STANDARD" />
    <vmarg name="-Dsun.java.launcher.pid=20976" />
  </vmargs>
</initialized>

<exclusive-start id="2" timestamp="2019-08-02T23:45:34.753" intervalms="1041.991">
  <response-info timems="0.022" idlems="0.022" threads="0" lastid="0000000001999A00" lastname="main" />
</exclusive-start>
<sys-start reason="explicit" id="3" timestamp="2019-08-02T23:45:34.753" intervalms="1042.278" />
<cycle-start id="4" type="global" contextid="0" timestamp="2019-08-02T23:45:34.754" intervalms="1042.498" />
<gc-start id="5" type="global" contextid="4" timestamp="2019-08-02T23:45:34.754">
  <mem-info id="6" free="1525248" total="8388608" percent="18">
    <mem type="tenure" free="1525248" total="8388608" percent="18">
      <mem type="soa" free="1106432" total="7969792" percent="13" />
      <mem type="loa" free="418816" total="418816" percent="100" />
    </mem>
  </mem-info>
</gc-start>
<allocation-stats totalBytes="6855664" >
  <allocated-bytes non-tlh="408064" tlh="6447600" />
  <largest-consumer threadName="main" threadId="0000000001999A00" bytes="6765840" />
</allocation-stats>
<gc-op id="7" type="mark" timems="2.580" contextid="4" timestamp="2019-08-02T23:45:34.757">
  <trace-info objectcount="19995" scancount="16570" scanbytes="533604" />
  <finalization candidates="46" enqueued="1" />
  <ownableSynchronizers candidates="4" cleared="3" />
  <references type="soft" candidates="66" cleared="0" enqueued="0" dynamicThreshold="32" maxThreshold="32" />
  <references type="weak" candidates="911" cleared="529" enqueued="452" />
  <references type="phantom" candidates="125" cleared="44" enqueued="44" />
  <stringconstants candidates="2485" cleared="0"  />
</gc-op>
<gc-op id="8" type="classunload" timems="0.091" contextid="4" timestamp="2019-08-02T23:45:34.757">
  <classunload-info classloadercandidates="6" classloadersunloaded="0" classesunloaded="0" anonymousclassesunloaded="0" quiescems="0.000" setupms="0.091" scanms="0.000" postms="0.000" />
</gc-op>
<gc-op id="9" type="sweep" timems="0.555" contextid="4" timestamp="2019-08-02T23:45:34.757" />
<gc-end id="10" type="global" contextid="4" durationms="4.617" usertimems="4.000" systemtimems="4.000" timestamp="2019-08-02T23:45:34.758" activeThreads="8">
  <mem-info id="11" free="6775856" total="8388608" percent="80">
    <mem type="tenure" free="6775856" total="8388608" percent="80" micro-fragmented="268032" macro-fragmented="0">
      <mem type="soa" free="6357040" total="7969792" percent="79" />
      <mem type="loa" free="418816" total="418816" percent="100" />
    </mem>
    <pending-finalizers system="1" default="0" reference="496" classloader="0" />
  </mem-info>
</gc-end>
<cycle-end id="12" type="global" contextid="4" timestamp="2019-08-02T23:45:34.758" />
  <attribute name="elasticGC enabled" value="1" />
  <attribute name= "numThreadsSpecified" value="0" />
  <attribute name="heapSize specified" value="0" />
  <attribute name= "numCores" value="8" />
  <attribute name ="GC Interval" value="0" />
  <attribute name ="Control flow" value="1" />
  <attribute name="GC Util Range Max" value="97" />
  <attribute name="Current GC Util" value="28" />
  <attribute name= "Current Time Running" value="3" />
<sys-end id="13" timestamp="2019-08-02T23:45:34.759" />
<exclusive-end id="14" timestamp="2019-08-02T23:45:34.759" durationms="5.540" />

<exclusive-start id="15" timestamp="2019-08-02T23:45:34.982" intervalms="228.580">
  <response-info timems="0.047" idlems="0.047" threads="0" lastid="0000000001999A00" lastname="main" />
</exclusive-start>
<af-start id="16" threadId="000000000199A388" totalBytesRequested="8208" timestamp="2019-08-02T23:45:34.982" intervalms="1270.672" />
<cycle-start id="17" type="global" contextid="0" timestamp="2019-08-02T23:45:34.982" intervalms="228.247" />
<gc-start id="18" type="global" contextid="17" timestamp="2019-08-02T23:45:34.982">
  <mem-info id="19" free="418816" total="8388608" percent="4">
    <mem type="tenure" free="418816" total="8388608" percent="4">
      <mem type="soa" free="0" total="7969792" percent="0" />
      <mem type="loa" free="418816" total="418816" percent="100" />
    </mem>
  </mem-info>
</gc-start>
<allocation-stats totalBytes="6295728" >
  <allocated-bytes non-tlh="733120" tlh="5562608" />
  <largest-consumer threadName="main" threadId="0000000001999A00" bytes="6286488" />
</allocation-stats>
<gc-op id="20" type="mark" timems="1.796" contextid="17" timestamp="2019-08-02T23:45:34.984">
  <trace-info objectcount="24132" scancount="19531" scanbytes="651392" />
  <finalization candidates="50" enqueued="0" />
  <ownableSynchronizers candidates="1" cleared="0" />
  <references type="soft" candidates="69" cleared="0" enqueued="0" dynamicThreshold="25" maxThreshold="32" />
  <references type="weak" candidates="550" cleared="85" enqueued="80" />
  <references type="phantom" candidates="89" cleared="5" enqueued="5" />
  <stringconstants candidates="3396" cleared="4"  />
</gc-op>
<gc-op id="21" type="sweep" timems="0.244" contextid="17" timestamp="2019-08-02T23:45:34.984" />
<mem-info id="22" free="6457544" total="8388608" percent="76">
  <mem type="tenure" free="6457544" total="8388608" percent="76" micro-fragmented="410004" macro-fragmented="0">
    <mem type="soa" free="6038728" total="7969792" percent="75" />
    <mem type="loa" free="418816" total="418816" percent="100" />
  </mem>
  <pending-finalizers system="0" default="0" reference="85" classloader="0" />
</mem-info>
<gc-op id="23" type="compact" timems="4.922" contextid="17" timestamp="2019-08-02T23:45:34.989">
  <compact-info movecount="24131" movebytes="1510824" reason="no compaction" />
</gc-op>
<gc-end id="24" type="global" contextid="17" durationms="7.607" usertimems="12.000" systemtimems="0.000" timestamp="2019-08-02T23:45:34.989" activeThreads="1">
  <mem-info id="25" free="6812160" total="8388608" percent="81">
    <mem type="tenure" free="6812160" total="8388608" percent="81">
      <mem type="soa" free="6393344" total="7969792" percent="80" />
      <mem type="loa" free="418816" total="418816" percent="100" />
    </mem>
    <pending-finalizers system="0" default="0" reference="85" classloader="0" />
  </mem-info>
</gc-end>
<cycle-end id="26" type="global" contextid="17" timestamp="2019-08-02T23:45:34.990" />
  <attribute name="elasticGC enabled" value="1" />
  <attribute name= "numThreadsSpecified" value="1" />
  <attribute name="heapSize specified" value="8388608" />
  <attribute name= "numCores" value="8" />
  <attribute name ="GC Interval" value="0" />
  <attribute name ="Control flow" value="3" />
  <attribute name="GC Util Range Max" value="97" />
  <attribute name="Current GC Util" value="39" />
  <attribute name= "Current Time Running" value="235" />
<allocation-satisfied id="27" threadId="0000000001999A00" bytesRequested="8208" />
<af-end id="28" timestamp="2019-08-02T23:45:34.990" threadId="000000000199A388" success="true" />
<exclusive-end id="29" timestamp="2019-08-02T23:45:34.990" durationms="8.465" />

<exclusive-start id="30" timestamp="2019-08-02T23:45:35.361" intervalms="379.215">
  <response-info timems="0.024" idlems="0.024" threads="0" lastid="0000000001999A00" lastname="main" />
</exclusive-start>
<af-start id="31" threadId="000000000199A388" totalBytesRequested="64" timestamp="2019-08-02T23:45:35.361" intervalms="379.202" />
<cycle-start id="32" type="global" contextid="0" timestamp="2019-08-02T23:45:35.361" intervalms="379.199" />
<gc-start id="33" type="global" contextid="32" timestamp="2019-08-02T23:45:35.361">
  <mem-info id="34" free="418816" total="8388608" percent="4">
    <mem type="tenure" free="418816" total="8388608" percent="4">
      <mem type="soa" free="0" total="7969792" percent="0" />
      <mem type="loa" free="418816" total="418816" percent="100" />
    </mem>
  </mem-info>
</gc-start>
<allocation-stats totalBytes="6453336" >
  <allocated-bytes non-tlh="500472" tlh="5952864" />
  <largest-consumer threadName="main" threadId="0000000001999A00" bytes="1125848" />
</allocation-stats>
<gc-op id="35" type="mark" timems="1.523" contextid="32" timestamp="2019-08-02T23:45:35.363">
  <trace-info objectcount="27762" scancount="21863" scanbytes="693456" />
  <finalization candidates="58" enqueued="0" />
  <ownableSynchronizers candidates="5" cleared="4" />
  <references type="soft" candidates="102" cleared="0" enqueued="0" dynamicThreshold="25" maxThreshold="32" />
  <references type="weak" candidates="941" cleared="266" enqueued="190" />
  <references type="phantom" candidates="92" cleared="14" enqueued="14" />
  <stringconstants candidates="5222" cleared="1494"  />
</gc-op>
<gc-op id="36" type="classunload" timems="1.475" contextid="32" timestamp="2019-08-02T23:45:35.364">
  <classunload-info classloadercandidates="8" classloadersunloaded="2" classesunloaded="671" anonymousclassesunloaded="0" quiescems="0.000" setupms="1.300" scanms="0.172" postms="0.003" />
</gc-op>
<gc-op id="37" type="sweep" timems="0.230" contextid="32" timestamp="2019-08-02T23:45:35.365" />
<gc-end id="38" type="global" contextid="32" durationms="4.818" usertimems="4.000" systemtimems="0.000" timestamp="2019-08-02T23:45:35.366" activeThreads="2">
  <mem-info id="39" free="6659392" total="8388608" percent="79">
    <mem type="tenure" free="6659392" total="8388608" percent="79" micro-fragmented="247490" macro-fragmented="0">
      <mem type="soa" free="6240576" total="7969792" percent="78" />
      <mem type="loa" free="418816" total="418816" percent="100" />
    </mem>
    <pending-finalizers system="0" default="0" reference="204" classloader="0" />
  </mem-info>
</gc-end>
<cycle-end id="40" type="global" contextid="32" timestamp="2019-08-02T23:45:35.366" />
  <attribute name="elasticGC enabled" value="1" />
  <attribute name= "numThreadsSpecified" value="2" />
  <attribute name="heapSize specified" value="8388608" />
  <attribute name= "numCores" value="8" />
  <attribute name ="GC Interval" value="0" />
  <attribute name ="Control flow" value="3" />
  <attribute name="GC Util Range Max" value="97" />
  <attribute name="Current GC Util" value="0" />
  <attribute name= "Current Time Running" value="611" />
<allocation-satisfied id="41" threadId="0000000001999A00" bytesRequested="64" />
<af-end id="42" timestamp="2019-08-02T23:45:35.366" threadId="000000000199A388" success="true" />
<exclusive-end id="43" timestamp="2019-08-02T23:45:35.366" durationms="5.659" />

</verbosegc>

