<?xml version="1.0" ?>

<verbosegc xmlns="http://www.ibm.com/j9/verbosegc" version="10b4217_CMPRSS">

<initialized id="1" timestamp="2019-06-16T22:58:28.272">
  <attribute name="gcPolicy" value="-Xgcpolicy:gencon" />
  <attribute name="elasticGC enabled" value="1" />
  <attribute name= "numThreadsSpecified" value="0" />
  <attribute name="heapSize specified" value="0" />
  <attribute name="Current GC Util" value="0" />
  <attribute name= "Current Time Running" value="0" />
  <attribute name ="GC Interval" value="0" />
  <attribute name="ProportionalT" value="0.000000" />
  <attribute name="ProportionalI" value="0.000000" />
  <attribute name="ProportionalH" value="0.000000" />
  <attribute name="IntegralT" value="0.000000" />
  <attribute name="IntegralI" value="0.000000" />
  <attribute name="IntegralH" value="0.000000" />
  <attribute name="DerivativeT" value="0.000000" />
  <attribute name="DerivativeI" value="0.000000" />
  <attribute name="DerivativeH" value="0.000000" />
  <attribute name="Target GC Util Change" value ="0.000000" />
  <attribute name="Current GC Util Change" value="0.000000"/>
  <attribute name="Current Error" value="0.000000" />
  <attribute name="Loop Time for DT" value="0.000000" />
  <attribute name="Output H" value="0"/>
  <attribute name="Output I" value="0"/>
  <attribute name="Output T" value="0"/>
  <attribute name="GC Util currently" value="0" />
  <attribute name="CPU Util currently" value="0" />
  <attribute name="maxHeapSize" value="0x7cbc0000" />
  <attribute name="initialHeapSize" value="0x800000" />
  <attribute name="compressedRefs" value="true" />
  <attribute name="compressedRefsDisplacement" value="0x0" />
  <attribute name="compressedRefsShift" value="0x0" />
  <attribute name="pageSize" value="0x1000" />
  <attribute name="pageType" value="not used" />
  <attribute name="requestedPageSize" value="0x1000" />
  <attribute name="requestedPageType" value="not used" />
  <attribute name="gcthreads" value="4" />
  <attribute name="gcthreads Concurrent Mark" value="1" />
  <attribute name="packetListSplit" value="4" />
  <attribute name="cacheListSplit" value="4" />
  <attribute name="splitFreeListSplitAmount" value="1" />
  <attribute name="numaNodes" value="0" />
  <system>
    <attribute name="physicalMemory" value="8370958336" />
    <attribute name="numCPUs" value="4" />
    <attribute name="architecture" value="amd64" />
    <attribute name="os" value="Linux" />
    <attribute name="osVersion" value="4.4.0-150-generic" />
  </system>
  <vmargs>
    <vmarg name="-Xoptionsfile=/vagrant/jdk/lib/options.default" />
    <vmarg name="-Xlockword:mode=default,noLockword=java/lang/String,noLockword=java/util/MapEntry,noLockword=java/util/HashMap$Entry,noLockword..." />
    <vmarg name="-Xjcl:jclse29" />
    <vmarg name="-Dcom.ibm.oti.vm.bootstrap.library.path=/vagrant/jdk/lib/compressedrefs:/vagrant/jdk/lib" />
    <vmarg name="-Dsun.boot.library.path=/vagrant/jdk/lib/compressedrefs:/vagrant/jdk/lib" />
    <vmarg name="-Djava.library.path=/vagrant/jdk/lib/compressedrefs:/vagrant/jdk/lib:/usr/lib64:/usr/lib" />
    <vmarg name="-Djava.home=/vagrant/jdk" />
    <vmarg name="-Duser.dir=/vagrant" />
    <vmarg name="-Xgcpolicy:gencon" />
    <vmarg name="-Xgcelastic" />
    <vmarg name="-Xcheck:gc:::elasticGC" />
    <vmarg name="-verbose:gc" />
    <vmarg name="-Xloggc:jdk0.5-0.5-1-default-GEN-4CORE-elasticverbose13pmd.txt" />
    <vmarg name="-Djava.class.path=dacapo-9.12-MR1-bach.jar" />
    <vmarg name="-Dsun.java.command=dacapo-9.12-MR1-bach.jar pmd --size=default" />
    <vmarg name="-Dsun.java.launcher=SUN_STANDARD" />
    <vmarg name="-Dsun.java.launcher.pid=14701" />
  </vmargs>
</initialized>

<exclusive-start id="2" timestamp="2019-06-16T22:58:28.488" intervalms="215.715">
  <response-info timems="0.022" idlems="0.022" threads="0" lastid="0000000000A2B700" lastname="main" />
</exclusive-start>
<af-start id="3" threadId="0000000000A2C088" totalBytesRequested="7176" timestamp="2019-06-16T22:58:28.488" intervalms="215.997" type="nursery" />
<cycle-start id="4" type="scavenge" contextid="0" timestamp="2019-06-16T22:58:28.488" intervalms="216.368" />
<gc-start id="5" type="scavenge" contextid="4" timestamp="2019-06-16T22:58:28.493">
  <mem-info id="6" free="6062624" total="8388608" percent="72">
    <mem type="nursery" free="0" total="2097152" percent="0">
      <mem type="allocate" free="0" total="1048576" percent="0" />
      <mem type="survivor" free="0" total="1048576" percent="0" />
    </mem>
    <mem type="tenure" free="6062624" total="6291456" percent="96">
      <mem type="soa" free="5748256" total="5977088" percent="96" />
      <mem type="loa" free="314368" total="314368" percent="100" />
    </mem>
    <remembered-set count="3161" />
  </mem-info>
</gc-start>
<allocation-stats totalBytes="1274024" >
  <allocated-bytes non-tlh="344784" tlh="929240" />
  <largest-consumer threadName="main" threadId="0000000000A2B700" bytes="1200376" />
</allocation-stats>
<gc-op id="7" type="scavenge" timems="1.644" contextid="4" timestamp="2019-06-16T22:58:28.495">
  <scavenger-info tenureage="2" tenuremask="fffc" tiltratio="50" />
  <memory-copied type="nursery" objects="10578" bytes="479600" bytesdiscarded="91096" />
  <finalization candidates="11" enqueued="0" />
  <references type="soft" candidates="62" cleared="0" enqueued="0" dynamicThreshold="32" maxThreshold="32" />
  <references type="weak" candidates="309" cleared="177" enqueued="141" />
  <references type="phantom" candidates="25" cleared="6" enqueued="6" />
</gc-op>
<gc-end id="8" type="scavenge" contextid="4" durationms="5.083" usertimems="8.000" systemtimems="0.000" timestamp="2019-06-16T22:58:28.498" activeThreads="4">
  <mem-info id="9" free="6538408" total="8388608" percent="77">
    <mem type="nursery" free="475784" total="2097152" percent="22">
      <mem type="allocate" free="475784" total="1048576" percent="45" />
      <mem type="survivor" free="0" total="1048576" percent="0" />
    </mem>
    <mem type="tenure" free="6062624" total="6291456" percent="96">
      <mem type="soa" free="5748256" total="5977088" percent="96" />
      <mem type="loa" free="314368" total="314368" percent="100" />
    </mem>
    <pending-finalizers system="0" default="0" reference="147" classloader="0" />
    <remembered-set count="3161" />
  </mem-info>
</gc-end>
<cycle-end id="10" type="scavenge" contextid="4" timestamp="2019-06-16T22:58:28.498" />
  <attribute name="elasticGC enabled" value="1" />
  <attribute name= "numThreadsSpecified" value="0" />
  <attribute name="heapSize specified" value="0" />
  <attribute name="Current GC Util" value="0" />
  <attribute name= "Current Time Running" value="70" />
  <attribute name ="GC Interval" value="1" />
  <attribute name="ProportionalT" value="0.000000" />
  <attribute name="ProportionalI" value="0.000000" />
  <attribute name="ProportionalH" value="0.000000" />
  <attribute name="Current Error" value="0.000000" />
  <attribute name="IntegralT" value="0.000000" />
  <attribute name="IntegralI" value="0.000000" />
  <attribute name="IntegralH" value="0.000000" />
  <attribute name="DerivativeT" value="0.000000" />
  <attribute name="DerivativeI" value="0.000000" />
  <attribute name="DerivativeH" value="0.000000" />
  <attribute name="Loop Time for DT" value="0.000000" />
  <attribute name="Output H" value="0"/>
  <attribute name="Output I" value="0"/>
  <attribute name="Output T" value="0"/>
  <attribute name="Target GC Util Change" value ="20.000000" />
  <attribute name="Current GC Util Change" value="0.000000"/>
  <attribute name="GC Util currently" value="0" />
  <attribute name="CPU Util currently" value="31" />
<allocation-satisfied id="11" threadId="0000000000A2B700" bytesRequested="7176" />
<af-end id="12" timestamp="2019-06-16T22:58:28.498" threadId="0000000000A2C088" success="true" from="nursery"/>
<exclusive-end id="13" timestamp="2019-06-16T22:58:28.499" durationms="11.062" />

<exclusive-start id="14" timestamp="2019-06-16T22:58:28.538" intervalms="50.897">
  <response-info timems="0.071" idlems="0.071" threads="0" lastid="0000000000A2B700" lastname="main" />
</exclusive-start>
<af-start id="15" threadId="0000000000A2C088" totalBytesRequested="3616" timestamp="2019-06-16T22:58:28.539" intervalms="50.726" type="nursery" />
<cycle-start id="16" type="scavenge" contextid="0" timestamp="2019-06-16T22:58:28.539" intervalms="50.450" />
<gc-start id="17" type="scavenge" contextid="16" timestamp="2019-06-16T22:58:28.545">
  <mem-info id="18" free="6054720" total="8388608" percent="72">
    <mem type="nursery" free="0" total="2097152" percent="0">
      <mem type="allocate" free="0" total="1048576" percent="0" />
      <mem type="survivor" free="0" total="1048576" percent="0" />
    </mem>
    <mem type="tenure" free="6054720" total="6291456" percent="96">
      <mem type="soa" free="5740352" total="5977088" percent="96" />
      <mem type="loa" free="314368" total="314368" percent="100" />
    </mem>
    <remembered-set count="3264" />
  </mem-info>
</gc-start>
<allocation-stats totalBytes="480056" >
  <allocated-bytes non-tlh="15080" tlh="464976" />
  <largest-consumer threadName="main" threadId="0000000000A2B700" bytes="468080" />
</allocation-stats>
<gc-op id="19" type="scavenge" timems="2.038" contextid="16" timestamp="2019-06-16T22:58:28.547">
  <scavenger-info tenureage="5" tenuremask="7fe0" tiltratio="50" />
  <memory-copied type="nursery" objects="10910" bytes="486504" bytesdiscarded="17144" />
  <finalization candidates="11" enqueued="0" />
  <references type="soft" candidates="62" cleared="0" enqueued="0" dynamicThreshold="32" maxThreshold="32" />
  <references type="weak" candidates="248" cleared="103" enqueued="100" />
  <references type="phantom" candidates="37" cleared="12" enqueued="12" />
</gc-op>
<gc-end id="20" type="scavenge" contextid="16" durationms="2.329" usertimems="4.000" systemtimems="0.000" timestamp="2019-06-16T22:58:28.547" activeThreads="1">
  <mem-info id="21" free="6598184" total="8388608" percent="78">
    <mem type="nursery" free="543464" total="2097152" percent="25">
      <mem type="allocate" free="543464" total="1048576" percent="51" />
      <mem type="survivor" free="0" total="1048576" percent="0" />
    </mem>
    <mem type="tenure" free="6054720" total="6291456" percent="96">
      <mem type="soa" free="5740352" total="5977088" percent="96" />
      <mem type="loa" free="314368" total="314368" percent="100" />
    </mem>
    <pending-finalizers system="0" default="0" reference="112" classloader="0" />
    <remembered-set count="3264" />
  </mem-info>
</gc-end>
<cycle-end id="22" type="scavenge" contextid="16" timestamp="2019-06-16T22:58:28.548" />
  <attribute name="elasticGC enabled" value="1" />
  <attribute name= "numThreadsSpecified" value="1" />
  <attribute name="heapSize specified" value="0" />
  <attribute name="Current GC Util" value="20" />
  <attribute name= "Current Time Running" value="122" />
  <attribute name ="GC Interval" value="200" />
  <attribute name="ProportionalT" value="0.000000" />
  <attribute name="ProportionalI" value="0.000000" />
  <attribute name="ProportionalH" value="0.000000" />
  <attribute name="Current Error" value="0.000000" />
  <attribute name="IntegralT" value="0.000000" />
  <attribute name="IntegralI" value="0.000000" />
  <attribute name="IntegralH" value="0.000000" />
  <attribute name="DerivativeT" value="0.000000" />
  <attribute name="DerivativeI" value="0.000000" />
  <attribute name="DerivativeH" value="0.000000" />
  <attribute name="Loop Time for DT" value="52.000000" />
  <attribute name="Output H" value="8388608"/>
  <attribute name="Output I" value="200"/>
  <attribute name="Output T" value="1"/>
  <attribute name="Target GC Util Change" value ="20.000000" />
  <attribute name="Current GC Util Change" value="20.000000"/>
  <attribute name="GC Util currently" value="20" />
  <attribute name="CPU Util currently" value="9" />
<allocation-satisfied id="23" threadId="0000000000A2B700" bytesRequested="3616" />
<af-end id="24" timestamp="2019-06-16T22:58:28.548" threadId="0000000000A2C088" success="true" from="nursery"/>
<exclusive-end id="25" timestamp="2019-06-16T22:58:28.548" durationms="9.535" />

<exclusive-start id="26" timestamp="2019-06-16T22:58:28.571" intervalms="32.345">
  <response-info timems="0.069" idlems="0.069" threads="0" lastid="0000000000A2B700" lastname="main" />
</exclusive-start>
<af-start id="27" threadId="0000000000A2C088" totalBytesRequested="3968" timestamp="2019-06-16T22:58:28.571" intervalms="32.368" type="nursery" />
<cycle-start id="28" type="scavenge" contextid="0" timestamp="2019-06-16T22:58:28.571" intervalms="32.368" />
<gc-start id="29" type="scavenge" contextid="28" timestamp="2019-06-16T22:58:28.571">
  <mem-info id="30" free="6049016" total="8388608" percent="72">
    <mem type="nursery" free="0" total="2097152" percent="0">
      <mem type="allocate" free="0" total="1048576" percent="0" />
      <mem type="survivor" free="0" total="1048576" percent="0" />
    </mem>
    <mem type="tenure" free="6049016" total="6291456" percent="96">
      <mem type="soa" free="5734648" total="5977088" percent="95" />
      <mem type="loa" free="314368" total="314368" percent="100" />
    </mem>
    <remembered-set count="3353" />
  </mem-info>
</gc-start>
<allocation-stats totalBytes="544456" >
  <allocated-bytes non-tlh="9320" tlh="535136" />
  <largest-consumer threadName="main" threadId="0000000000A2B700" bytes="536264" />
</allocation-stats>
<gc-op id="31" type="scavenge" timems="0.940" contextid="28" timestamp="2019-06-16T22:58:28.572">
  <scavenger-info tenureage="4" tenuremask="7ff0" tiltratio="50" />
  <memory-copied type="nursery" objects="11205" bytes="498776" bytesdiscarded="130080" />
  <finalization candidates="11" enqueued="0" />
  <references type="soft" candidates="62" cleared="0" enqueued="0" dynamicThreshold="32" maxThreshold="32" />
  <references type="weak" candidates="246" cleared="100" enqueued="100" />
  <references type="phantom" candidates="44" cleared="15" enqueued="15" />
</gc-op>
<gc-end id="32" type="scavenge" contextid="28" durationms="1.209" usertimems="0.000" systemtimems="0.000" timestamp="2019-06-16T22:58:28.572" activeThreads="4">
  <mem-info id="33" free="6467280" total="8388608" percent="77">
    <mem type="nursery" free="418264" total="2097152" percent="19">
      <mem type="allocate" free="418264" total="1048576" percent="39" />
      <mem type="survivor" free="0" total="1048576" percent="0" />
    </mem>
    <mem type="tenure" free="6049016" total="6291456" percent="96">
      <mem type="soa" free="5734648" total="5977088" percent="95" />
      <mem type="loa" free="314368" total="314368" percent="100" />
    </mem>
    <pending-finalizers system="0" default="0" reference="115" classloader="0" />
    <remembered-set count="1083" />
  </mem-info>
</gc-end>
<cycle-end id="34" type="scavenge" contextid="28" timestamp="2019-06-16T22:58:28.572" />
  <attribute name="elasticGC enabled" value="1" />
  <attribute name= "numThreadsSpecified" value="4" />
  <attribute name="heapSize specified" value="0" />
  <attribute name="Current GC Util" value="33" />
  <attribute name= "Current Time Running" value="148" />
  <attribute name ="GC Interval" value="200" />
  <attribute name="ProportionalT" value="6.500000" />
  <attribute name="ProportionalI" value="6.500000" />
  <attribute name="ProportionalH" value="6.500000" />
  <attribute name="Current Error" value="13.000000" />
  <attribute name="IntegralT" value="169.000000" />
  <attribute name="IntegralI" value="169.000000" />
  <attribute name="IntegralH" value="169.000000" />
  <attribute name="DerivativeT" value="0.500000" />
  <attribute name="DerivativeI" value="0.500000" />
  <attribute name="DerivativeH" value="0.500000" />
  <attribute name="Loop Time for DT" value="26.000000" />
  <attribute name="Output H" value="8388608"/>
  <attribute name="Output I" value="200"/>
  <attribute name="Output T" value="4"/>
  <attribute name="Target GC Util Change" value ="20.000000" />
  <attribute name="Current GC Util Change" value="33.000000"/>
  <attribute name="GC Util currently" value="33" />
  <attribute name="CPU Util currently" value="10" />
<allocation-satisfied id="35" threadId="0000000000A2B700" bytesRequested="3968" />
<af-end id="36" timestamp="2019-06-16T22:58:28.573" threadId="0000000000A2C088" success="true" from="nursery"/>
<exclusive-end id="37" timestamp="2019-06-16T22:58:28.573" durationms="1.813" />

<exclusive-start id="38" timestamp="2019-06-16T22:58:29.021" intervalms="450.271">
  <response-info timems="0.186" idlems="0.186" threads="0" lastid="0000000000A2B700" lastname="main" />
</exclusive-start>
<af-start id="39" threadId="0000000000A2C088" totalBytesRequested="152" timestamp="2019-06-16T22:58:29.021" intervalms="450.622" type="nursery" />
<cycle-start id="40" type="scavenge" contextid="0" timestamp="2019-06-16T22:58:29.022" intervalms="450.893" />
<gc-start id="41" type="scavenge" contextid="40" timestamp="2019-06-16T22:58:29.022">
  <mem-info id="42" free="6047568" total="8388608" percent="72">
    <mem type="nursery" free="0" total="2097152" percent="0">
      <mem type="allocate" free="0" total="1048576" percent="0" />
      <mem type="survivor" free="0" total="1048576" percent="0" />
    </mem>
    <mem type="tenure" free="6047568" total="6291456" percent="96">
      <mem type="soa" free="5733200" total="5977088" percent="95" />
      <mem type="loa" free="314368" total="314368" percent="100" />
    </mem>
    <remembered-set count="1104" />
  </mem-info>
</gc-start>
<allocation-stats totalBytes="419480" >
  <allocated-bytes non-tlh="48464" tlh="371016" />
  <largest-consumer threadName="main" threadId="0000000000A2B700" bytes="419480" />
</allocation-stats>
<gc-op id="43" type="scavenge" timems="8.336" contextid="40" timestamp="2019-06-16T22:58:29.031">
  <scavenger-info tenureage="3" tenuremask="fff8" tiltratio="50" />
  <memory-copied type="nursery" objects="835" bytes="188624" bytesdiscarded="107336" />
  <memory-copied type="tenure" objects="10288" bytes="459824" bytesdiscarded="152" />
  <finalization candidates="14" enqueued="1" />
  <references type="soft" candidates="1" cleared="0" enqueued="0" dynamicThreshold="32" maxThreshold="32" />
  <references type="weak" candidates="36" cleared="20" enqueued="20" />
  <references type="phantom" candidates="22" cleared="8" enqueued="8" />
</gc-op>
<gc-end id="44" type="scavenge" contextid="40" durationms="9.413" usertimems="12.000" systemtimems="0.000" timestamp="2019-06-16T22:58:29.032" activeThreads="4">
  <mem-info id="45" free="6273368" total="8388608" percent="74">
    <mem type="nursery" free="752544" total="2097152" percent="35">
      <mem type="allocate" free="752544" total="1048576" percent="71" />
      <mem type="survivor" free="0" total="1048576" percent="0" />
    </mem>
    <mem type="tenure" free="5520824" total="6291456" percent="87">
      <mem type="soa" free="5206456" total="5977088" percent="87" />
      <mem type="loa" free="314368" total="314368" percent="100" />
    </mem>
    <pending-finalizers system="1" default="0" reference="28" classloader="0" />
    <remembered-set count="224" />
  </mem-info>
</gc-end>
<cycle-end id="46" type="scavenge" contextid="40" timestamp="2019-06-16T22:58:29.032" />
  <attribute name="elasticGC enabled" value="1" />
  <attribute name= "numThreadsSpecified" value="4" />
  <attribute name="heapSize specified" value="0" />
  <attribute name="Current GC Util" value="0" />
  <attribute name= "Current Time Running" value="599" />
  <attribute name ="GC Interval" value="200" />
  <attribute name="ProportionalT" value="-10.000000" />
  <attribute name="ProportionalI" value="-10.000000" />
  <attribute name="ProportionalH" value="-10.000000" />
  <attribute name="Current Error" value="-20.000000" />
  <attribute name="IntegralT" value="-4341.000000" />
  <attribute name="IntegralI" value="-4341.000000" />
  <attribute name="IntegralH" value="-4341.000000" />
  <attribute name="DerivativeT" value="-0.073171" />
  <attribute name="DerivativeI" value="-0.073171" />
  <attribute name="DerivativeH" value="-0.073171" />
  <attribute name="Loop Time for DT" value="451.000000" />
  <attribute name="Output H" value="2092630016"/>
  <attribute name="Output I" value="200"/>
  <attribute name="Output T" value="4"/>
  <attribute name="Target GC Util Change" value ="20.000000" />
  <attribute name="Current GC Util Change" value="0.000000"/>
  <attribute name="GC Util currently" value="0" />
  <attribute name="CPU Util currently" value="3" />
<allocation-satisfied id="47" threadId="0000000000A2B700" bytesRequested="152" />
<af-end id="48" timestamp="2019-06-16T22:58:29.033" threadId="0000000000A2C088" success="true" from="nursery"/>
<exclusive-end id="49" timestamp="2019-06-16T22:58:29.033" durationms="12.050" />

<exclusive-start id="50" timestamp="2019-06-16T22:58:32.180" intervalms="3158.926">
  <response-info timems="0.176" idlems="0.176" threads="0" lastid="0000000000A2B700" lastname="main" />
</exclusive-start>
<af-start id="51" threadId="0000000000A2C088" totalBytesRequested="2056" timestamp="2019-06-16T22:58:32.181" intervalms="3159.032" type="nursery" />
<cycle-start id="52" type="scavenge" contextid="0" timestamp="2019-06-16T22:58:32.181" intervalms="3159.251" />
<gc-start id="53" type="scavenge" contextid="52" timestamp="2019-06-16T22:58:32.182">
  <mem-info id="54" free="5520824" total="8388608" percent="65">
    <mem type="nursery" free="0" total="2097152" percent="0">
      <mem type="allocate" free="0" total="1048576" percent="0" />
      <mem type="survivor" free="0" total="1048576" percent="0" />
    </mem>
    <mem type="tenure" free="5520824" total="6291456" percent="87">
      <mem type="soa" free="5206456" total="5977088" percent="87" />
      <mem type="loa" free="314368" total="314368" percent="100" />
    </mem>
    <remembered-set count="224" />
  </mem-info>
</gc-start>
<allocation-stats totalBytes="744912" >
  <allocated-bytes non-tlh="152" tlh="744760" />
  <largest-consumer threadName="main" threadId="0000000000A2B700" bytes="744912" />
</allocation-stats>
<gc-op id="55" type="scavenge" timems="1.771" contextid="52" timestamp="2019-06-16T22:58:32.184">
  <scavenger-info tenureage="3" tenuremask="fff8" tiltratio="50" />
  <memory-copied type="nursery" objects="469" bytes="87176" bytesdiscarded="7480" />
  <memory-copied type="tenure" objects="304" bytes="15560" bytesdiscarded="0" />
  <finalization candidates="2" enqueued="0" />
  <references type="soft" candidates="1" cleared="0" enqueued="0" dynamicThreshold="32" maxThreshold="32" />
  <references type="weak" candidates="2" cleared="0" enqueued="0" />
  <references type="phantom" candidates="8" cleared="0" enqueued="0" />
</gc-op>
<gc-end id="56" type="scavenge" contextid="52" durationms="3.234" usertimems="4.000" systemtimems="0.000" timestamp="2019-06-16T22:58:32.185" activeThreads="4">
  <mem-info id="57" free="6435496" total="8388608" percent="76">
    <mem type="nursery" free="953840" total="2097152" percent="45">
      <mem type="allocate" free="953840" total="1048576" percent="90" />
      <mem type="survivor" free="0" total="1048576" percent="0" />
    </mem>
    <mem type="tenure" free="5481656" total="6291456" percent="87">
      <mem type="soa" free="5167288" total="5977088" percent="86" />
      <mem type="loa" free="314368" total="314368" percent="100" />
    </mem>
    <remembered-set count="116" />
  </mem-info>
</gc-end>
<cycle-end id="58" type="scavenge" contextid="52" timestamp="2019-06-16T22:58:32.185" />
  <attribute name="elasticGC enabled" value="1" />
  <attribute name= "numThreadsSpecified" value="4" />
  <attribute name="heapSize specified" value="0" />
  <attribute name="Current GC Util" value="0" />
  <attribute name= "Current Time Running" value="3759" />
  <attribute name ="GC Interval" value="200" />
  <attribute name="ProportionalT" value="-10.000000" />
  <attribute name="ProportionalI" value="-10.000000" />
  <attribute name="ProportionalH" value="-10.000000" />
  <attribute name="Current Error" value="-20.000000" />
  <attribute name="IntegralT" value="-35941.000000" />
  <attribute name="IntegralI" value="-35941.000000" />
  <attribute name="IntegralH" value="-35941.000000" />
  <attribute name="DerivativeT" value="-0.006329" />
  <attribute name="DerivativeI" value="-0.006329" />
  <attribute name="DerivativeH" value="-0.006329" />
  <attribute name="Loop Time for DT" value="3160.000000" />
  <attribute name="Output H" value="2092630016"/>
  <attribute name="Output I" value="200"/>
  <attribute name="Output T" value="4"/>
  <attribute name="Target GC Util Change" value ="20.000000" />
  <attribute name="Current GC Util Change" value="0.000000"/>
  <attribute name="GC Util currently" value="0" />
  <attribute name="CPU Util currently" value="2" />
<allocation-satisfied id="59" threadId="0000000000A2B700" bytesRequested="2056" />
<af-end id="60" timestamp="2019-06-16T22:58:32.186" threadId="0000000000A2C088" success="true" from="nursery"/>
<exclusive-end id="61" timestamp="2019-06-16T22:58:32.187" durationms="6.657" />

<exclusive-start id="62" timestamp="2019-06-16T22:58:36.175" intervalms="3995.340">
  <response-info timems="0.184" idlems="0.184" threads="0" lastid="0000000000A2B700" lastname="main" />
</exclusive-start>
<af-start id="63" threadId="0000000000A2C088" totalBytesRequested="2056" timestamp="2019-06-16T22:58:36.176" intervalms="3995.333" type="nursery" />
<cycle-start id="64" type="scavenge" contextid="0" timestamp="2019-06-16T22:58:36.176" intervalms="3995.362" />
<gc-start id="65" type="scavenge" contextid="64" timestamp="2019-06-16T22:58:36.177">
  <mem-info id="66" free="5481656" total="8388608" percent="65">
    <mem type="nursery" free="0" total="2097152" percent="0">
      <mem type="allocate" free="0" total="1048576" percent="0" />
      <mem type="survivor" free="0" total="1048576" percent="0" />
    </mem>
    <mem type="tenure" free="5481656" total="6291456" percent="87">
      <mem type="soa" free="5167288" total="5977088" percent="86" />
      <mem type="loa" free="314368" total="314368" percent="100" />
    </mem>
    <remembered-set count="116" />
  </mem-info>
</gc-start>
<allocation-stats totalBytes="947880" >
  <allocated-bytes non-tlh="2056" tlh="945824" />
  <largest-consumer threadName="main" threadId="0000000000A2B700" bytes="947880" />
</allocation-stats>
<gc-op id="67" type="scavenge" timems="2.147" contextid="64" timestamp="2019-06-16T22:58:36.180">
  <scavenger-info tenureage="4" tenuremask="fff0" tiltratio="50" />
  <memory-copied type="nursery" objects="469" bytes="87160" bytesdiscarded="32088" />
  <finalization candidates="2" enqueued="0" />
  <references type="soft" candidates="1" cleared="0" enqueued="0" dynamicThreshold="32" maxThreshold="32" />
  <references type="weak" candidates="2" cleared="0" enqueued="0" />
  <references type="phantom" candidates="8" cleared="0" enqueued="0" />
</gc-op>
<gc-end id="68" type="scavenge" contextid="64" durationms="4.928" usertimems="4.000" systemtimems="0.000" timestamp="2019-06-16T22:58:36.182" activeThreads="4">
  <mem-info id="69" free="6541976" total="8388608" percent="77">
    <mem type="nursery" free="1060320" total="2097152" percent="50">
      <mem type="allocate" free="1060320" total="1179648" percent="89" />
      <mem type="survivor" free="0" total="917504" percent="0" />
    </mem>
    <mem type="tenure" free="5481656" total="6291456" percent="87" macro-fragmented="2592282">
      <mem type="soa" free="5167288" total="5977088" percent="86" />
      <mem type="loa" free="314368" total="314368" percent="100" />
    </mem>
    <remembered-set count="95" />
  </mem-info>
</gc-end>
<cycle-end id="70" type="scavenge" contextid="64" timestamp="2019-06-16T22:58:36.182" />
  <attribute name="elasticGC enabled" value="1" />
  <attribute name= "numThreadsSpecified" value="4" />
  <attribute name="heapSize specified" value="0" />
  <attribute name="Current GC Util" value="0" />
  <attribute name= "Current Time Running" value="7754" />
  <attribute name ="GC Interval" value="200" />
  <attribute name="ProportionalT" value="-10.000000" />
  <attribute name="ProportionalI" value="-10.000000" />
  <attribute name="ProportionalH" value="-10.000000" />
  <attribute name="Current Error" value="-20.000000" />
  <attribute name="IntegralT" value="-75891.000000" />
  <attribute name="IntegralI" value="-75891.000000" />
  <attribute name="IntegralH" value="-75891.000000" />
  <attribute name="DerivativeT" value="-0.005006" />
  <attribute name="DerivativeI" value="-0.005006" />
  <attribute name="DerivativeH" value="-0.005006" />
  <attribute name="Loop Time for DT" value="3995.000000" />
  <attribute name="Output H" value="2092630016"/>
  <attribute name="Output I" value="200"/>
  <attribute name="Output T" value="4"/>
  <attribute name="Target GC Util Change" value ="20.000000" />
  <attribute name="Current GC Util Change" value="0.000000"/>
  <attribute name="GC Util currently" value="0" />
  <attribute name="CPU Util currently" value="2" />
<allocation-satisfied id="71" threadId="0000000000A2B700" bytesRequested="2056" />
<af-end id="72" timestamp="2019-06-16T22:58:36.183" threadId="0000000000A2C088" success="true" from="nursery"/>
<exclusive-end id="73" timestamp="2019-06-16T22:58:36.184" durationms="8.293" />

<exclusive-start id="74" timestamp="2019-06-16T22:58:40.587" intervalms="4412.184">
  <response-info timems="0.195" idlems="0.195" threads="0" lastid="0000000000A2B700" lastname="main" />
</exclusive-start>
<af-start id="75" threadId="0000000000A2C088" totalBytesRequested="2056" timestamp="2019-06-16T22:58:40.588" intervalms="4412.194" type="nursery" />
<cycle-start id="76" type="scavenge" contextid="0" timestamp="2019-06-16T22:58:40.589" intervalms="4412.104" />
<gc-start id="77" type="scavenge" contextid="76" timestamp="2019-06-16T22:58:40.589">
  <mem-info id="78" free="5481656" total="8388608" percent="65">
    <mem type="nursery" free="0" total="2097152" percent="0">
      <mem type="allocate" free="0" total="1179648" percent="0" />
      <mem type="survivor" free="0" total="917504" percent="0" />
    </mem>
    <mem type="tenure" free="5481656" total="6291456" percent="87">
      <mem type="soa" free="5167288" total="5977088" percent="86" />
      <mem type="loa" free="314368" total="314368" percent="100" />
    </mem>
    <remembered-set count="95" />
  </mem-info>
</gc-start>
<allocation-stats totalBytes="1048632" >
  <allocated-bytes non-tlh="2056" tlh="1046576" />
  <largest-consumer threadName="main" threadId="0000000000A2B700" bytes="1048632" />
</allocation-stats>
<gc-op id="79" type="scavenge" timems="1.351" contextid="76" timestamp="2019-06-16T22:58:40.592">
  <scavenger-info tenureage="3" tenuremask="fff8" tiltratio="56" />
  <memory-copied type="nursery" objects="14" bytes="2704" bytesdiscarded="75616" />
  <memory-copied type="tenure" objects="457" bytes="86592" bytesdiscarded="696" />
  <finalization candidates="2" enqueued="0" />
  <references type="phantom" candidates="1" cleared="0" enqueued="0" />
</gc-op>
<gc-end id="80" type="scavenge" contextid="76" durationms="3.644" usertimems="0.000" systemtimems="0.000" timestamp="2019-06-16T22:58:40.593" activeThreads="4">
  <mem-info id="81" free="6619560" total="8388608" percent="78">
    <mem type="nursery" free="1232384" total="2097152" percent="58">
      <mem type="allocate" free="1232384" total="1310720" percent="94" />
      <mem type="survivor" free="0" total="786432" percent="0" />
    </mem>
    <mem type="tenure" free="5387176" total="6291456" percent="85" macro-fragmented="4479464">
      <mem type="soa" free="5072808" total="5977088" percent="84" />
      <mem type="loa" free="314368" total="314368" percent="100" />
    </mem>
    <remembered-set count="62" />
  </mem-info>
</gc-end>
<cycle-end id="82" type="scavenge" contextid="76" timestamp="2019-06-16T22:58:40.593" />
  <attribute name="elasticGC enabled" value="1" />
  <attribute name= "numThreadsSpecified" value="4" />
  <attribute name="heapSize specified" value="0" />
  <attribute name="Current GC Util" value="0" />
  <attribute name= "Current Time Running" value="12167" />
  <attribute name ="GC Interval" value="200" />
  <attribute name="ProportionalT" value="-10.000000" />
  <attribute name="ProportionalI" value="-10.000000" />
  <attribute name="ProportionalH" value="-10.000000" />
  <attribute name="Current Error" value="-20.000000" />
  <attribute name="IntegralT" value="-44130.000000" />
  <attribute name="IntegralI" value="-44130.000000" />
  <attribute name="IntegralH" value="-44130.000000" />
  <attribute name="DerivativeT" value="-0.004532" />
  <attribute name="DerivativeI" value="-0.004532" />
  <attribute name="DerivativeH" value="-0.004532" />
  <attribute name="Loop Time for DT" value="4413.000000" />
  <attribute name="Output H" value="2092630016"/>
  <attribute name="Output I" value="200"/>
  <attribute name="Output T" value="4"/>
  <attribute name="Target GC Util Change" value ="20.000000" />
  <attribute name="Current GC Util Change" value="0.000000"/>
  <attribute name="GC Util currently" value="0" />
  <attribute name="CPU Util currently" value="1" />
<allocation-satisfied id="83" threadId="0000000000A2B700" bytesRequested="2056" />
<af-end id="84" timestamp="2019-06-16T22:58:40.594" threadId="0000000000A2C088" success="true" from="nursery"/>
<exclusive-end id="85" timestamp="2019-06-16T22:58:40.595" durationms="7.179" />

<exclusive-start id="86" timestamp="2019-06-16T22:58:43.290" intervalms="2702.734">
  <response-info timems="0.022" idlems="0.022" threads="0" lastid="0000000000A2B700" lastname="main" />
</exclusive-start>
<af-start id="87" threadId="0000000000A2C088" totalBytesRequested="48" timestamp="2019-06-16T22:58:43.290" intervalms="2702.298" type="nursery" />
<cycle-start id="88" type="scavenge" contextid="0" timestamp="2019-06-16T22:58:43.290" intervalms="2701.915" />
<gc-start id="89" type="scavenge" contextid="88" timestamp="2019-06-16T22:58:43.291">
  <mem-info id="90" free="5378760" total="8388608" percent="64">
    <mem type="nursery" free="0" total="2097152" percent="0">
      <mem type="allocate" free="0" total="1310720" percent="0" />
      <mem type="survivor" free="0" total="786432" percent="0" />
    </mem>
    <mem type="tenure" free="5378760" total="6291456" percent="85">
      <mem type="soa" free="5064392" total="5977088" percent="84" />
      <mem type="loa" free="314368" total="314368" percent="100" />
    </mem>
    <remembered-set count="223" />
  </mem-info>
</gc-start>
<allocation-stats totalBytes="1240248" >
  <allocated-bytes non-tlh="178608" tlh="1061640" />
  <largest-consumer threadName="main" threadId="0000000000A2B700" bytes="1240248" />
</allocation-stats>
<gc-op id="91" type="scavenge" timems="0.398" contextid="88" timestamp="2019-06-16T22:58:43.292">
  <scavenger-info tenureage="3" tenuremask="ffc8" tiltratio="62" />
  <memory-copied type="nursery" objects="1264" bytes="355528" bytesdiscarded="25304" />
  <finalization candidates="7" enqueued="0" />
  <ownableSynchronizers candidates="1" cleared="0" />
  <references type="soft" candidates="1" cleared="0" enqueued="0" dynamicThreshold="32" maxThreshold="32" />
  <references type="weak" candidates="377" cleared="218" enqueued="155" />
  <references type="phantom" candidates="24" cleared="0" enqueued="0" />
</gc-op>
<gc-end id="92" type="scavenge" contextid="88" durationms="0.942" usertimems="0.000" systemtimems="0.000" timestamp="2019-06-16T22:58:43.292" activeThreads="4">
  <mem-info id="93" free="6308576" total="8388608" percent="75">
    <mem type="nursery" free="929816" total="2097152" percent="44">
      <mem type="allocate" free="929816" total="1310720" percent="70" />
      <mem type="survivor" free="0" total="786432" percent="0" />
    </mem>
    <mem type="tenure" free="5378760" total="6291456" percent="85" macro-fragmented="3110739">
      <mem type="soa" free="5064392" total="5977088" percent="84" />
      <mem type="loa" free="314368" total="314368" percent="100" />
    </mem>
    <pending-finalizers system="0" default="0" reference="155" classloader="0" />
    <remembered-set count="221" />
  </mem-info>
</gc-end>
<cycle-end id="94" type="scavenge" contextid="88" timestamp="2019-06-16T22:58:43.292" />
  <attribute name="elasticGC enabled" value="1" />
  <attribute name= "numThreadsSpecified" value="4" />
  <attribute name="heapSize specified" value="0" />
  <attribute name="Current GC Util" value="0" />
  <attribute name= "Current Time Running" value="14868" />
  <attribute name ="GC Interval" value="200" />
  <attribute name="ProportionalT" value="-10.000000" />
  <attribute name="ProportionalI" value="-10.000000" />
  <attribute name="ProportionalH" value="-10.000000" />
  <attribute name="Current Error" value="-20.000000" />
  <attribute name="IntegralT" value="-27010.000000" />
  <attribute name="IntegralI" value="-27010.000000" />
  <attribute name="IntegralH" value="-27010.000000" />
  <attribute name="DerivativeT" value="-0.007405" />
  <attribute name="DerivativeI" value="-0.007405" />
  <attribute name="DerivativeH" value="-0.007405" />
  <attribute name="Loop Time for DT" value="2701.000000" />
  <attribute name="Output H" value="2092630016"/>
  <attribute name="Output I" value="200"/>
  <attribute name="Output T" value="4"/>
  <attribute name="Target GC Util Change" value ="20.000000" />
  <attribute name="Current GC Util Change" value="0.000000"/>
  <attribute name="GC Util currently" value="0" />
  <attribute name="CPU Util currently" value="1" />
<allocation-satisfied id="95" threadId="0000000000A2B700" bytesRequested="48" />
<af-end id="96" timestamp="2019-06-16T22:58:43.292" threadId="0000000000A2C088" success="true" from="nursery"/>
<exclusive-end id="97" timestamp="2019-06-16T22:58:43.292" durationms="1.981" />

<exclusive-start id="98" timestamp="2019-06-16T22:58:43.314" intervalms="24.066">
  <response-info timems="0.053" idlems="0.053" threads="0" lastid="0000000000A2B700" lastname="main" />
</exclusive-start>
<af-start id="99" threadId="0000000000A2C088" totalBytesRequested="9064" timestamp="2019-06-16T22:58:43.314" intervalms="24.035" type="nursery" />
<cycle-start id="100" type="scavenge" contextid="0" timestamp="2019-06-16T22:58:43.315" intervalms="24.012" />
<gc-start id="101" type="scavenge" contextid="100" timestamp="2019-06-16T22:58:43.315">
  <mem-info id="102" free="5371368" total="8388608" percent="64">
    <mem type="nursery" free="0" total="2097152" percent="0">
      <mem type="allocate" free="0" total="1310720" percent="0" />
      <mem type="survivor" free="0" total="786432" percent="0" />
    </mem>
    <mem type="tenure" free="5371368" total="6291456" percent="85">
      <mem type="soa" free="5057000" total="5977088" percent="84" />
      <mem type="loa" free="314368" total="314368" percent="100" />
    </mem>
    <remembered-set count="349" />
  </mem-info>
</gc-start>
<allocation-stats totalBytes="913960" >
  <allocated-bytes non-tlh="7440" tlh="906520" />
  <largest-consumer threadName="main" threadId="0000000000A2B700" bytes="909864" />
</allocation-stats>
<gc-op id="103" type="scavenge" timems="0.444" contextid="100" timestamp="2019-06-16T22:58:43.315">
  <scavenger-info tenureage="3" tenuremask="fff8" tiltratio="62" />
  <memory-copied type="nursery" objects="2747" bytes="426936" bytesdiscarded="81936" />
  <finalization candidates="32" enqueued="0" />
  <ownableSynchronizers candidates="4" cleared="3" />
  <references type="soft" candidates="3" cleared="0" enqueued="0" dynamicThreshold="32" maxThreshold="32" />
  <references type="weak" candidates="271" cleared="19" enqueued="17" />
  <references type="phantom" candidates="27" cleared="3" enqueued="3" />
</gc-op>
<gc-end id="104" type="scavenge" contextid="100" durationms="0.921" usertimems="4.000" systemtimems="0.000" timestamp="2019-06-16T22:58:43.316" activeThreads="4">
  <mem-info id="105" free="6369704" total="8388608" percent="75">
    <mem type="nursery" free="998336" total="2097152" percent="47">
      <mem type="allocate" free="998336" total="1507328" percent="66" />
      <mem type="survivor" free="0" total="589824" percent="0" />
    </mem>
    <mem type="tenure" free="5371368" total="6291456" percent="85" macro-fragmented="0">
      <mem type="soa" free="5057000" total="5977088" percent="84" />
      <mem type="loa" free="314368" total="314368" percent="100" />
    </mem>
    <pending-finalizers system="0" default="0" reference="20" classloader="0" />
    <remembered-set count="346" />
  </mem-info>
</gc-end>
<cycle-end id="106" type="scavenge" contextid="100" timestamp="2019-06-16T22:58:43.316" />
  <attribute name="elasticGC enabled" value="1" />
  <attribute name= "numThreadsSpecified" value="4" />
  <attribute name="heapSize specified" value="0" />
  <attribute name="Current GC Util" value="3" />
  <attribute name= "Current Time Running" value="14891" />
  <attribute name ="GC Interval" value="200" />
  <attribute name="ProportionalT" value="-8.500000" />
  <attribute name="ProportionalI" value="-8.500000" />
  <attribute name="ProportionalH" value="-8.500000" />
  <attribute name="Current Error" value="-17.000000" />
  <attribute name="IntegralT" value="-195.500000" />
  <attribute name="IntegralI" value="-195.500000" />
  <attribute name="IntegralH" value="-195.500000" />
  <attribute name="DerivativeT" value="-0.739130" />
  <attribute name="DerivativeI" value="-0.739130" />
  <attribute name="DerivativeH" value="-0.739130" />
  <attribute name="Loop Time for DT" value="23.000000" />
  <attribute name="Output H" value="2092630016"/>
  <attribute name="Output I" value="200"/>
  <attribute name="Output T" value="4"/>
  <attribute name="Target GC Util Change" value ="20.000000" />
  <attribute name="Current GC Util Change" value="3.000000"/>
  <attribute name="GC Util currently" value="3" />
  <attribute name="CPU Util currently" value="194574873795" />
<allocation-satisfied id="107" threadId="0000000000A2B700" bytesRequested="9064" />
<af-end id="108" timestamp="2019-06-16T22:58:43.316" threadId="0000000000A2C088" success="true" from="nursery"/>
<exclusive-end id="109" timestamp="2019-06-16T22:58:43.316" durationms="1.615" />

<exclusive-start id="110" timestamp="2019-06-16T22:58:43.316" intervalms="1.873">
  <response-info timems="0.019" idlems="0.019" threads="0" lastid="0000000000A2B700" lastname="main" />
</exclusive-start>
<af-start id="111" threadId="0000000000A2C088" totalBytesRequested="14040" timestamp="2019-06-16T22:58:43.316" intervalms="1.861" type="nursery" />
<cycle-start id="112" type="scavenge" contextid="0" timestamp="2019-06-16T22:58:43.316" intervalms="1.850" />
<gc-start id="113" type="scavenge" contextid="112" timestamp="2019-06-16T22:58:43.316">
  <mem-info id="114" free="5371368" total="8388608" percent="64">
    <mem type="nursery" free="0" total="2097152" percent="0">
      <mem type="allocate" free="0" total="1507328" percent="0" />
      <mem type="survivor" free="0" total="589824" percent="0" />
    </mem>
    <mem type="tenure" free="5371368" total="6291456" percent="85">
      <mem type="soa" free="5057000" total="5977088" percent="84" />
      <mem type="loa" free="314368" total="314368" percent="100" />
    </mem>
    <remembered-set count="348" />
  </mem-info>
</gc-start>
<allocation-stats totalBytes="938792" >
  <allocated-bytes non-tlh="9064" tlh="929728" />
  <largest-consumer threadName="main" threadId="0000000000A2B700" bytes="934696" />
</allocation-stats>
<gc-op id="115" type="scavenge" timems="0.395" contextid="112" timestamp="2019-06-16T22:58:43.317">
  <scavenger-info tenureage="3" tenuremask="fff8" tiltratio="71" />
  <memory-copied type="nursery" objects="2704" bytes="429016" bytesdiscarded="89632" />
  <finalization candidates="32" enqueued="0" />
  <ownableSynchronizers candidates="1" cleared="0" />
  <references type="soft" candidates="3" cleared="0" enqueued="0" dynamicThreshold="32" maxThreshold="32" />
  <references type="weak" candidates="252" cleared="0" enqueued="0" />
  <references type="phantom" candidates="24" cleared="0" enqueued="0" />
</gc-op>
<gc-end id="116" type="scavenge" contextid="112" durationms="0.666" usertimems="0.000" systemtimems="0.000" timestamp="2019-06-16T22:58:43.317" activeThreads="4">
  <mem-info id="117" free="6425472" total="8388608" percent="76">
    <mem type="nursery" free="1054104" total="2097152" percent="50">
      <mem type="allocate" free="1054104" total="1572864" percent="67" />
      <mem type="survivor" free="0" total="524288" percent="0" />
    </mem>
    <mem type="tenure" free="5371368" total="6291456" percent="85" macro-fragmented="1250136">
      <mem type="soa" free="5057000" total="5977088" percent="84" />
      <mem type="loa" free="314368" total="314368" percent="100" />
    </mem>
    <remembered-set count="264" />
  </mem-info>
</gc-end>
<cycle-end id="118" type="scavenge" contextid="112" timestamp="2019-06-16T22:58:43.317" />
  <attribute name="elasticGC enabled" value="1" />
  <attribute name= "numThreadsSpecified" value="4" />
  <attribute name="heapSize specified" value="0" />
  <attribute name="Current GC Util" value="57" />
  <attribute name= "Current Time Running" value="14893" />
  <attribute name ="GC Interval" value="200" />
  <attribute name="ProportionalT" value="18.500000" />
  <attribute name="ProportionalI" value="18.500000" />
  <attribute name="ProportionalH" value="18.500000" />
  <attribute name="Current Error" value="37.000000" />
  <attribute name="IntegralT" value="37.000000" />
  <attribute name="IntegralI" value="37.000000" />
  <attribute name="IntegralH" value="37.000000" />
  <attribute name="DerivativeT" value="18.500000" />
  <attribute name="DerivativeI" value="18.500000" />
  <attribute name="DerivativeH" value="18.500000" />
  <attribute name="Loop Time for DT" value="2.000000" />
  <attribute name="Output H" value="8388608"/>
  <attribute name="Output I" value="200"/>
  <attribute name="Output T" value="4"/>
  <attribute name="Target GC Util Change" value ="20.000000" />
  <attribute name="Current GC Util Change" value="57.000000"/>
  <attribute name="GC Util currently" value="57" />
  <attribute name="CPU Util currently" value="2795549135064" />
<allocation-satisfied id="119" threadId="0000000000A2B700" bytesRequested="14040" />
<af-end id="120" timestamp="2019-06-16T22:58:43.317" threadId="0000000000A2C088" success="true" from="nursery"/>
<exclusive-end id="121" timestamp="2019-06-16T22:58:43.317" durationms="1.193" />

<exclusive-start id="122" timestamp="2019-06-16T22:58:43.317" intervalms="1.362">
  <response-info timems="0.021" idlems="0.021" threads="0" lastid="0000000000A2B700" lastname="main" />
</exclusive-start>
<af-start id="123" threadId="0000000000A2C088" totalBytesRequested="9024" timestamp="2019-06-16T22:58:43.318" intervalms="1.302" type="nursery" />
<cycle-start id="124" type="scavenge" contextid="0" timestamp="2019-06-16T22:58:43.318" intervalms="1.252" />
<gc-start id="125" type="scavenge" contextid="124" timestamp="2019-06-16T22:58:43.318">
  <mem-info id="126" free="5371368" total="8388608" percent="64">
    <mem type="nursery" free="0" total="2097152" percent="0">
      <mem type="allocate" free="0" total="1572864" percent="0" />
      <mem type="survivor" free="0" total="524288" percent="0" />
    </mem>
    <mem type="tenure" free="5371368" total="6291456" percent="85">
      <mem type="soa" free="5057000" total="5977088" percent="84" />
      <mem type="loa" free="314368" total="314368" percent="100" />
    </mem>
    <remembered-set count="264" />
  </mem-info>
</gc-start>
<allocation-stats totalBytes="977440" >
  <allocated-bytes non-tlh="14040" tlh="963400" />
  <largest-consumer threadName="main" threadId="0000000000A2B700" bytes="977440" />
</allocation-stats>
<gc-op id="127" type="scavenge" timems="0.448" contextid="124" timestamp="2019-06-16T22:58:43.318">
  <scavenger-info tenureage="3" tenuremask="fff8" tiltratio="75" />
  <memory-copied type="nursery" objects="1575" bytes="88856" bytesdiscarded="7224" />
  <memory-copied type="tenure" objects="1129" bytes="350920" bytesdiscarded="72" />
  <finalization candidates="32" enqueued="0" />
  <ownableSynchronizers candidates="1" cleared="0" />
  <references type="soft" candidates="2" cleared="0" enqueued="0" dynamicThreshold="32" maxThreshold="32" />
  <references type="weak" candidates="93" cleared="0" enqueued="0" />
</gc-op>
<gc-end id="128" type="scavenge" contextid="124" durationms="0.657" usertimems="0.000" systemtimems="0.000" timestamp="2019-06-16T22:58:43.318" activeThreads="4">
  <mem-info id="129" free="6555704" total="8388608" percent="78">
    <mem type="nursery" free="1476736" total="2097152" percent="70">
      <mem type="allocate" free="1476736" total="1572864" percent="93" />
      <mem type="survivor" free="0" total="524288" percent="0" />
    </mem>
    <mem type="tenure" free="5078968" total="6291456" percent="80" macro-fragmented="3732887">
      <mem type="soa" free="4764600" total="5977088" percent="79" />
      <mem type="loa" free="314368" total="314368" percent="100" />
    </mem>
    <remembered-set count="141" />
  </mem-info>
</gc-end>
<cycle-end id="130" type="scavenge" contextid="124" timestamp="2019-06-16T22:58:43.318" />
  <attribute name="elasticGC enabled" value="1" />
  <attribute name= "numThreadsSpecified" value="4" />
  <attribute name="heapSize specified" value="0" />
  <attribute name="Current GC Util" value="66" />
  <attribute name= "Current Time Running" value="14894" />
  <attribute name ="GC Interval" value="200" />
  <attribute name="ProportionalT" value="23.000000" />
  <attribute name="ProportionalI" value="23.000000" />
  <attribute name="ProportionalH" value="23.000000" />
  <attribute name="Current Error" value="46.000000" />
  <attribute name="IntegralT" value="23.000000" />
  <attribute name="IntegralI" value="23.000000" />
  <attribute name="IntegralH" value="23.000000" />
  <attribute name="DerivativeT" value="9.000000" />
  <attribute name="DerivativeI" value="9.000000" />
  <attribute name="DerivativeH" value="9.000000" />
  <attribute name="Loop Time for DT" value="1.000000" />
  <attribute name="Output H" value="8388608"/>
  <attribute name="Output I" value="200"/>
  <attribute name="Output T" value="4"/>
  <attribute name="Target GC Util Change" value ="20.000000" />
  <attribute name="Current GC Util Change" value="66.000000"/>
  <attribute name="GC Util currently" value="66" />
  <attribute name="CPU Util currently" value="3685059404681" />
<allocation-satisfied id="131" threadId="0000000000A2B700" bytesRequested="9024" />
<af-end id="132" timestamp="2019-06-16T22:58:43.319" threadId="0000000000A2C088" success="true" from="nursery"/>
<exclusive-end id="133" timestamp="2019-06-16T22:58:43.319" durationms="1.104" />

<exclusive-start id="134" timestamp="2019-06-16T22:58:43.319" intervalms="1.297">
  <response-info timems="0.018" idlems="0.018" threads="0" lastid="0000000000A2B700" lastname="main" />
</exclusive-start>
<af-start id="135" threadId="0000000000A2C088" totalBytesRequested="22032" timestamp="2019-06-16T22:58:43.319" intervalms="1.297" type="nursery" />
<cycle-start id="136" type="scavenge" contextid="0" timestamp="2019-06-16T22:58:43.319" intervalms="1.295" />
<gc-start id="137" type="scavenge" contextid="136" timestamp="2019-06-16T22:58:43.319">
  <mem-info id="138" free="5078968" total="8388608" percent="60">
    <mem type="nursery" free="0" total="2097152" percent="0">
      <mem type="allocate" free="0" total="1572864" percent="0" />
      <mem type="survivor" free="0" total="524288" percent="0" />
    </mem>
    <mem type="tenure" free="5078968" total="6291456" percent="80">
      <mem type="soa" free="4764600" total="5977088" percent="79" />
      <mem type="loa" free="314368" total="314368" percent="100" />
    </mem>
    <remembered-set count="141" />
  </mem-info>
</gc-start>
<allocation-stats totalBytes="1343456" >
  <allocated-bytes non-tlh="9024" tlh="1334432" />
  <largest-consumer threadName="main" threadId="0000000000A2B700" bytes="1343456" />
</allocation-stats>
<gc-op id="139" type="scavenge" timems="0.250" contextid="136" timestamp="2019-06-16T22:58:43.319">
  <scavenger-info tenureage="3" tenuremask="ffe8" tiltratio="75" />
  <memory-copied type="nursery" objects="4" bytes="12080" bytesdiscarded="66256" />
  <memory-copied type="tenure" objects="1571" bytes="70008" bytesdiscarded="40" />
  <finalization candidates="25" enqueued="0" />
</gc-op>
<gc-end id="140" type="scavenge" contextid="136" durationms="0.455" usertimems="0.000" systemtimems="0.000" timestamp="2019-06-16T22:58:43.319" activeThreads="4">
  <mem-info id="141" free="6560696" total="8388608" percent="78">
    <mem type="nursery" free="1560064" total="2097152" percent="74">
      <mem type="allocate" free="1560064" total="1638400" percent="95" />
      <mem type="survivor" free="0" total="458752" percent="0" />
    </mem>
    <mem type="tenure" free="5000632" total="6291456" percent="79" macro-fragmented="3732887">
      <mem type="soa" free="4686264" total="5977088" percent="78" />
      <mem type="loa" free="314368" total="314368" percent="100" />
    </mem>
    <remembered-set count="60" />
  </mem-info>
</gc-end>
<cycle-end id="142" type="scavenge" contextid="136" timestamp="2019-06-16T22:58:43.319" />
  <attribute name="elasticGC enabled" value="1" />
  <attribute name= "numThreadsSpecified" value="4" />
  <attribute name="heapSize specified" value="0" />
  <attribute name="Current GC Util" value="64" />
  <attribute name= "Current Time Running" value="14896" />
  <attribute name ="GC Interval" value="200" />
  <attribute name="ProportionalT" value="22.000000" />
  <attribute name="ProportionalI" value="22.000000" />
  <attribute name="ProportionalH" value="22.000000" />
  <attribute name="Current Error" value="44.000000" />
  <attribute name="IntegralT" value="44.000000" />
  <attribute name="IntegralI" value="44.000000" />
  <attribute name="IntegralH" value="44.000000" />
  <attribute name="DerivativeT" value="-1.000000" />
  <attribute name="DerivativeI" value="-1.000000" />
  <attribute name="DerivativeH" value="-1.000000" />
  <attribute name="Loop Time for DT" value="2.000000" />
  <attribute name="Output H" value="8388608"/>
  <attribute name="Output I" value="200"/>
  <attribute name="Output T" value="4"/>
  <attribute name="Target GC Util Change" value ="20.000000" />
  <attribute name="Current GC Util Change" value="64.000000"/>
  <attribute name="GC Util currently" value="64" />
  <attribute name="CPU Util currently" value="3563032196385" />
<allocation-satisfied id="143" threadId="0000000000A2B700" bytesRequested="22032" />
<af-end id="144" timestamp="2019-06-16T22:58:43.320" threadId="0000000000A2C088" success="true" from="nursery"/>
<exclusive-end id="145" timestamp="2019-06-16T22:58:43.320" durationms="0.832" />

<exclusive-start id="146" timestamp="2019-06-16T22:58:43.320" intervalms="1.022">
  <response-info timems="0.018" idlems="0.018" threads="0" lastid="0000000000A2B700" lastname="main" />
</exclusive-start>
<af-start id="147" threadId="0000000000A2C088" totalBytesRequested="12888" timestamp="2019-06-16T22:58:43.320" intervalms="1.023" type="nursery" />
<cycle-start id="148" type="scavenge" contextid="0" timestamp="2019-06-16T22:58:43.320" intervalms="1.020" />
<gc-start id="149" type="scavenge" contextid="148" timestamp="2019-06-16T22:58:43.320">
  <mem-info id="150" free="5000632" total="8388608" percent="59">
    <mem type="nursery" free="0" total="2097152" percent="0">
      <mem type="allocate" free="0" total="1638400" percent="0" />
      <mem type="survivor" free="0" total="458752" percent="0" />
    </mem>
    <mem type="tenure" free="5000632" total="6291456" percent="79">
      <mem type="soa" free="4686264" total="5977088" percent="78" />
      <mem type="loa" free="314368" total="314368" percent="100" />
    </mem>
    <remembered-set count="60" />
  </mem-info>
</gc-start>
<allocation-stats totalBytes="1362808" >
  <allocated-bytes non-tlh="22032" tlh="1340776" />
  <largest-consumer threadName="main" threadId="0000000000A2B700" bytes="1362808" />
</allocation-stats>
<gc-op id="151" type="scavenge" timems="0.115" contextid="148" timestamp="2019-06-16T22:58:43.320">
  <scavenger-info tenureage="3" tenuremask="ffe8" tiltratio="78" />
  <memory-copied type="nursery" objects="2" bytes="25560" bytesdiscarded="39152" />
  <memory-copied type="tenure" objects="2" bytes="1040" bytesdiscarded="0" />
</gc-op>
<gc-end id="152" type="scavenge" contextid="148" durationms="0.318" usertimems="0.000" systemtimems="0.000" timestamp="2019-06-16T22:58:43.320" activeThreads="4">
  <mem-info id="153" free="6639856" total="8388608" percent="79">
    <mem type="nursery" free="1639224" total="2097152" percent="78">
      <mem type="allocate" free="1639224" total="1703936" percent="96" />
      <mem type="survivor" free="0" total="393216" percent="0" />
    </mem>
    <mem type="tenure" free="5000632" total="6291456" percent="79" macro-fragmented="4479464">
      <mem type="soa" free="4686264" total="5977088" percent="78" />
      <mem type="loa" free="314368" total="314368" percent="100" />
    </mem>
    <remembered-set count="58" />
  </mem-info>
</gc-end>
<cycle-end id="154" type="scavenge" contextid="148" timestamp="2019-06-16T22:58:43.320" />
  <attribute name="elasticGC enabled" value="1" />
  <attribute name= "numThreadsSpecified" value="4" />
  <attribute name="heapSize specified" value="0" />
  <attribute name="Current GC Util" value="56" />
  <attribute name= "Current Time Running" value="14897" />
  <attribute name ="GC Interval" value="200" />
  <attribute name="ProportionalT" value="18.000000" />
  <attribute name="ProportionalI" value="18.000000" />
  <attribute name="ProportionalH" value="18.000000" />
  <attribute name="Current Error" value="36.000000" />
  <attribute name="IntegralT" value="18.000000" />
  <attribute name="IntegralI" value="18.000000" />
  <attribute name="IntegralH" value="18.000000" />
  <attribute name="DerivativeT" value="-8.000000" />
  <attribute name="DerivativeI" value="-8.000000" />
  <attribute name="DerivativeH" value="-8.000000" />
  <attribute name="Loop Time for DT" value="1.000000" />
  <attribute name="Output H" value="8388608"/>
  <attribute name="Output I" value="200"/>
  <attribute name="Output T" value="4"/>
  <attribute name="Target GC Util Change" value ="20.000000" />
  <attribute name="Current GC Util Change" value="56.000000"/>
  <attribute name="GC Util currently" value="56" />
  <attribute name="CPU Util currently" value="4523850927639" />
<allocation-satisfied id="155" threadId="0000000000A2B700" bytesRequested="12888" />
<af-end id="156" timestamp="2019-06-16T22:58:43.320" threadId="0000000000A2C088" success="true" from="nursery"/>
<exclusive-end id="157" timestamp="2019-06-16T22:58:43.321" durationms="0.689" />

<exclusive-start id="158" timestamp="2019-06-16T22:58:43.321" intervalms="0.883">
  <response-info timems="0.017" idlems="0.017" threads="0" lastid="0000000000A2B700" lastname="main" />
</exclusive-start>
<af-start id="159" threadId="0000000000A2C088" totalBytesRequested="28992" timestamp="2019-06-16T22:58:43.321" intervalms="0.881" type="nursery" />
<cycle-start id="160" type="scavenge" contextid="0" timestamp="2019-06-16T22:58:43.321" intervalms="0.886" />
<gc-start id="161" type="scavenge" contextid="160" timestamp="2019-06-16T22:58:43.321">
  <mem-info id="162" free="5000632" total="8388608" percent="59">
    <mem type="nursery" free="0" total="2097152" percent="0">
      <mem type="allocate" free="0" total="1703936" percent="0" />
      <mem type="survivor" free="0" total="393216" percent="0" />
    </mem>
    <mem type="tenure" free="5000632" total="6291456" percent="79">
      <mem type="soa" free="4686264" total="5977088" percent="78" />
      <mem type="loa" free="314368" total="314368" percent="100" />
    </mem>
    <remembered-set count="58" />
  </mem-info>
</gc-start>
<allocation-stats totalBytes="1446064" >
  <allocated-bytes non-tlh="12888" tlh="1433176" />
  <largest-consumer threadName="main" threadId="0000000000A2B700" bytes="1446064" />
</allocation-stats>
<gc-op id="163" type="scavenge" timems="0.153" contextid="160" timestamp="2019-06-16T22:58:43.321">
  <scavenger-info tenureage="3" tenuremask="ffe8" tiltratio="81" />
  <memory-copied type="nursery" objects="2" bytes="14520" bytesdiscarded="24648" />
</gc-op>
<gc-end id="164" type="scavenge" contextid="160" durationms="0.355" usertimems="0.000" systemtimems="0.000" timestamp="2019-06-16T22:58:43.321" activeThreads="4">
  <mem-info id="165" free="6730936" total="8388608" percent="80">
    <mem type="nursery" free="1730304" total="2097152" percent="82">
      <mem type="allocate" free="1730304" total="1769472" percent="97" />
      <mem type="survivor" free="0" total="327680" percent="0" />
    </mem>
    <mem type="tenure" free="5000632" total="6291456" percent="79" macro-fragmented="4479464">
      <mem type="soa" free="4686264" total="5977088" percent="78" />
      <mem type="loa" free="314368" total="314368" percent="100" />
    </mem>
    <remembered-set count="57" />
  </mem-info>
</gc-end>
<cycle-end id="166" type="scavenge" contextid="160" timestamp="2019-06-16T22:58:43.321" />
  <attribute name="elasticGC enabled" value="1" />
  <attribute name= "numThreadsSpecified" value="4" />
  <attribute name="heapSize specified" value="0" />
  <attribute name="Current GC Util" value="42" />
  <attribute name= "Current Time Running" value="14897" />
  <attribute name ="GC Interval" value="200" />
  <attribute name="ProportionalT" value="11.000000" />
  <attribute name="ProportionalI" value="11.000000" />
  <attribute name="ProportionalH" value="11.000000" />
  <attribute name="Current Error" value="22.000000" />
  <attribute name="IntegralT" value="0.000000" />
  <attribute name="IntegralI" value="0.000000" />
  <attribute name="IntegralH" value="0.000000" />
  <attribute name="DerivativeT" value="-inf" />
  <attribute name="DerivativeI" value="-inf" />
  <attribute name="DerivativeH" value="-inf" />
  <attribute name="Loop Time for DT" value="0.000000" />
  <attribute name="Output H" value="2092630016"/>
  <attribute name="Output I" value="200"/>
  <attribute name="Output T" value="4"/>
  <attribute name="Target GC Util Change" value ="20.000000" />
  <attribute name="Current GC Util Change" value="42.000000"/>
  <attribute name="GC Util currently" value="42" />
  <attribute name="CPU Util currently" value="5206879168063" />
<allocation-satisfied id="167" threadId="0000000000A2B700" bytesRequested="28992" />
<af-end id="168" timestamp="2019-06-16T22:58:43.321" threadId="0000000000A2C088" success="true" from="nursery"/>
<exclusive-end id="169" timestamp="2019-06-16T22:58:43.321" durationms="0.728" />

<exclusive-start id="170" timestamp="2019-06-16T22:58:43.322" intervalms="0.928">
  <response-info timems="0.024" idlems="0.024" threads="0" lastid="0000000000A2B700" lastname="main" />
</exclusive-start>
<af-start id="171" threadId="0000000000A2C088" totalBytesRequested="16024" timestamp="2019-06-16T22:58:43.322" intervalms="0.931" type="nursery" />
<cycle-start id="172" type="scavenge" contextid="0" timestamp="2019-06-16T22:58:43.322" intervalms="0.928" />
<gc-start id="173" type="scavenge" contextid="172" timestamp="2019-06-16T22:58:43.322">
  <mem-info id="174" free="5000632" total="8388608" percent="59">
    <mem type="nursery" free="0" total="2097152" percent="0">
      <mem type="allocate" free="0" total="1769472" percent="0" />
      <mem type="survivor" free="0" total="327680" percent="0" />
    </mem>
    <mem type="tenure" free="5000632" total="6291456" percent="79">
      <mem type="soa" free="4686264" total="5977088" percent="78" />
      <mem type="loa" free="314368" total="314368" percent="100" />
    </mem>
    <remembered-set count="57" />
  </mem-info>
</gc-start>
<allocation-stats totalBytes="1552664" >
  <allocated-bytes non-tlh="28992" tlh="1523672" />
  <largest-consumer threadName="main" threadId="0000000000A2B700" bytes="1552664" />
</allocation-stats>
<gc-op id="175" type="scavenge" timems="0.128" contextid="172" timestamp="2019-06-16T22:58:43.322">
  <scavenger-info tenureage="3" tenuremask="fff8" tiltratio="84" />
  <memory-copied type="nursery" objects="2" bytes="31792" bytesdiscarded="39152" />
</gc-op>
<gc-end id="176" type="scavenge" contextid="172" durationms="0.348" usertimems="0.000" systemtimems="0.000" timestamp="2019-06-16T22:58:43.322" activeThreads="4">
  <mem-info id="177" free="6764696" total="8388608" percent="80">
    <mem type="nursery" free="1764064" total="2097152" percent="84">
      <mem type="allocate" free="1764064" total="1835008" percent="96" />
      <mem type="survivor" free="0" total="262144" percent="0" />
    </mem>
    <mem type="tenure" free="5000632" total="6291456" percent="79" macro-fragmented="2592282">
      <mem type="soa" free="4686264" total="5977088" percent="78" />
      <mem type="loa" free="314368" total="314368" percent="100" />
    </mem>
    <remembered-set count="57" />
  </mem-info>
</gc-end>
<cycle-end id="178" type="scavenge" contextid="172" timestamp="2019-06-16T22:58:43.322" />
  <attribute name="elasticGC enabled" value="1" />
  <attribute name= "numThreadsSpecified" value="4" />
  <attribute name="heapSize specified" value="0" />
  <attribute name="Current GC Util" value="41" />
  <attribute name= "Current Time Running" value="14898" />
  <attribute name ="GC Interval" value="200" />
  <attribute name="ProportionalT" value="10.500000" />
  <attribute name="ProportionalI" value="10.500000" />
  <attribute name="ProportionalH" value="10.500000" />
  <attribute name="Current Error" value="21.000000" />
  <attribute name="IntegralT" value="10.500000" />
  <attribute name="IntegralI" value="10.500000" />
  <attribute name="IntegralH" value="10.500000" />
  <attribute name="DerivativeT" value="-1.000000" />
  <attribute name="DerivativeI" value="-1.000000" />
  <attribute name="DerivativeH" value="-1.000000" />
  <attribute name="Loop Time for DT" value="1.000000" />
  <attribute name="Output H" value="8388608"/>
  <attribute name="Output I" value="200"/>
  <attribute name="Output T" value="4"/>
  <attribute name="Target GC Util Change" value ="20.000000" />
  <attribute name="Current GC Util Change" value="41.000000"/>
  <attribute name="GC Util currently" value="41" />
  <attribute name="CPU Util currently" value="4975365320714" />
<allocation-satisfied id="179" threadId="0000000000A2B700" bytesRequested="16024" />
<af-end id="180" timestamp="2019-06-16T22:58:43.322" threadId="0000000000A2C088" success="true" from="nursery"/>
<exclusive-end id="181" timestamp="2019-06-16T22:58:43.322" durationms="0.719" />

<exclusive-start id="182" timestamp="2019-06-16T22:58:43.323" intervalms="0.935">
  <response-info timems="0.017" idlems="0.017" threads="0" lastid="0000000000A2B700" lastname="main" />
</exclusive-start>
<af-start id="183" threadId="0000000000A2C088" totalBytesRequested="17368" timestamp="2019-06-16T22:58:43.323" intervalms="0.937" type="nursery" />
<cycle-start id="184" type="scavenge" contextid="0" timestamp="2019-06-16T22:58:43.323" intervalms="0.935" />
<gc-start id="185" type="scavenge" contextid="184" timestamp="2019-06-16T22:58:43.323">
  <mem-info id="186" free="5000632" total="8388608" percent="59">
    <mem type="nursery" free="0" total="2097152" percent="0">
      <mem type="allocate" free="0" total="1835008" percent="0" />
      <mem type="survivor" free="0" total="262144" percent="0" />
    </mem>
    <mem type="tenure" free="5000632" total="6291456" percent="79">
      <mem type="soa" free="4686264" total="5977088" percent="78" />
      <mem type="loa" free="314368" total="314368" percent="100" />
    </mem>
    <remembered-set count="57" />
  </mem-info>
</gc-start>
<allocation-stats totalBytes="1535400" >
  <allocated-bytes non-tlh="16024" tlh="1519376" />
  <largest-consumer threadName="main" threadId="0000000000A2B700" bytes="1535400" />
</allocation-stats>
<gc-op id="187" type="scavenge" timems="0.127" contextid="184" timestamp="2019-06-16T22:58:43.323">
  <scavenger-info tenureage="3" tenuremask="fff8" tiltratio="87" />
  <memory-copied type="nursery" objects="2" bytes="34744" bytesdiscarded="39152" />
</gc-op>
<gc-end id="188" type="scavenge" contextid="184" durationms="0.324" usertimems="0.000" systemtimems="0.000" timestamp="2019-06-16T22:58:43.323" activeThreads="4">
  <mem-info id="189" free="6761744" total="8388608" percent="80">
    <mem type="nursery" free="1761112" total="2097152" percent="83">
      <mem type="allocate" free="1761112" total="1835008" percent="95" />
      <mem type="survivor" free="0" total="262144" percent="0" />
    </mem>
    <mem type="tenure" free="5000632" total="6291456" percent="79" macro-fragmented="4479464">
      <mem type="soa" free="4686264" total="5977088" percent="78" />
      <mem type="loa" free="314368" total="314368" percent="100" />
    </mem>
    <remembered-set count="57" />
  </mem-info>
</gc-end>
<cycle-end id="190" type="scavenge" contextid="184" timestamp="2019-06-16T22:58:43.323" />
  <attribute name="elasticGC enabled" value="1" />
  <attribute name= "numThreadsSpecified" value="4" />
  <attribute name="heapSize specified" value="0" />
  <attribute name="Current GC Util" value="42" />
  <attribute name= "Current Time Running" value="14899" />
  <attribute name ="GC Interval" value="200" />
  <attribute name="ProportionalT" value="11.000000" />
  <attribute name="ProportionalI" value="11.000000" />
  <attribute name="ProportionalH" value="11.000000" />
  <attribute name="Current Error" value="22.000000" />
  <attribute name="IntegralT" value="11.000000" />
  <attribute name="IntegralI" value="11.000000" />
  <attribute name="IntegralH" value="11.000000" />
  <attribute name="DerivativeT" value="1.000000" />
  <attribute name="DerivativeI" value="1.000000" />
  <attribute name="DerivativeH" value="1.000000" />
  <attribute name="Loop Time for DT" value="1.000000" />
  <attribute name="Output H" value="8388608"/>
  <attribute name="Output I" value="200"/>
  <attribute name="Output T" value="4"/>
  <attribute name="Target GC Util Change" value ="20.000000" />
  <attribute name="Current GC Util Change" value="42.000000"/>
  <attribute name="GC Util currently" value="42" />
  <attribute name="CPU Util currently" value="4934126232381" />
<allocation-satisfied id="191" threadId="0000000000A2B700" bytesRequested="17368" />
<af-end id="192" timestamp="2019-06-16T22:58:43.323" threadId="0000000000A2C088" success="true" from="nursery"/>
<exclusive-end id="193" timestamp="2019-06-16T22:58:43.323" durationms="0.697" />

<exclusive-start id="194" timestamp="2019-06-16T22:58:43.323" intervalms="0.897">
  <response-info timems="0.026" idlems="0.026" threads="0" lastid="0000000000A2B700" lastname="main" />
</exclusive-start>
<af-start id="195" threadId="0000000000A2C088" totalBytesRequested="36992" timestamp="2019-06-16T22:58:43.324" intervalms="0.893" type="nursery" />
<cycle-start id="196" type="scavenge" contextid="0" timestamp="2019-06-16T22:58:43.324" intervalms="0.894" />
<gc-start id="197" type="scavenge" contextid="196" timestamp="2019-06-16T22:58:43.324">
  <mem-info id="198" free="5000632" total="8388608" percent="59">
    <mem type="nursery" free="0" total="2097152" percent="0">
      <mem type="allocate" free="0" total="1835008" percent="0" />
      <mem type="survivor" free="0" total="262144" percent="0" />
    </mem>
    <mem type="tenure" free="5000632" total="6291456" percent="79">
      <mem type="soa" free="4686264" total="5977088" percent="78" />
      <mem type="loa" free="314368" total="314368" percent="100" />
    </mem>
    <remembered-set count="57" />
  </mem-info>
</gc-start>
<allocation-stats totalBytes="1472728" >
  <allocated-bytes non-tlh="35760" tlh="1436968" />
  <largest-consumer threadName="main" threadId="0000000000A2B700" bytes="1472728" />
</allocation-stats>
<gc-op id="199" type="scavenge" timems="0.126" contextid="196" timestamp="2019-06-16T22:58:43.324">
  <scavenger-info tenureage="3" tenuremask="fff8" tiltratio="87" />
  <memory-copied type="nursery" objects="2" bytes="18528" bytesdiscarded="20640" />
</gc-op>
<gc-end id="200" type="scavenge" contextid="196" durationms="0.419" usertimems="0.000" systemtimems="0.000" timestamp="2019-06-16T22:58:43.324" activeThreads="4">
  <mem-info id="201" free="6796472" total="8388608" percent="81">
    <mem type="nursery" free="1795840" total="2097152" percent="85">
      <mem type="allocate" free="1795840" total="1835008" percent="97" />
      <mem type="survivor" free="0" total="262144" percent="0" />
    </mem>
    <mem type="tenure" free="5000632" total="6291456" percent="79" macro-fragmented="0">
      <mem type="soa" free="4686264" total="5977088" percent="78" />
      <mem type="loa" free="314368" total="314368" percent="100" />
    </mem>
    <remembered-set count="57" />
  </mem-info>
</gc-end>
<cycle-end id="202" type="scavenge" contextid="196" timestamp="2019-06-16T22:58:43.324" />
  <attribute name="elasticGC enabled" value="1" />
  <attribute name= "numThreadsSpecified" value="4" />
  <attribute name="heapSize specified" value="0" />
  <attribute name="Current GC Util" value="41" />
  <attribute name= "Current Time Running" value="14900" />
  <attribute name ="GC Interval" value="200" />
  <attribute name="ProportionalT" value="10.500000" />
  <attribute name="ProportionalI" value="10.500000" />
  <attribute name="ProportionalH" value="10.500000" />
  <attribute name="Current Error" value="21.000000" />
  <attribute name="IntegralT" value="10.500000" />
  <attribute name="IntegralI" value="10.500000" />
  <attribute name="IntegralH" value="10.500000" />
  <attribute name="DerivativeT" value="-1.000000" />
  <attribute name="DerivativeI" value="-1.000000" />
  <attribute name="DerivativeH" value="-1.000000" />
  <attribute name="Loop Time for DT" value="1.000000" />
  <attribute name="Output H" value="8388608"/>
  <attribute name="Output I" value="200"/>
  <attribute name="Output T" value="4"/>
  <attribute name="Target GC Util Change" value ="20.000000" />
  <attribute name="Current GC Util Change" value="41.000000"/>
  <attribute name="GC Util currently" value="41" />
  <attribute name="CPU Util currently" value="5160424966444" />
<allocation-satisfied id="203" threadId="0000000000A2B700" bytesRequested="36992" />
<af-end id="204" timestamp="2019-06-16T22:58:43.324" threadId="0000000000A2C088" success="true" from="nursery"/>
<exclusive-end id="205" timestamp="2019-06-16T22:58:43.324" durationms="0.788" />

<exclusive-start id="206" timestamp="2019-06-16T22:58:43.324" intervalms="0.982">
  <response-info timems="0.017" idlems="0.017" threads="0" lastid="0000000000A2B700" lastname="main" />
</exclusive-start>
<af-start id="207" threadId="0000000000A2C088" totalBytesRequested="19824" timestamp="2019-06-16T22:58:43.324" intervalms="0.982" type="nursery" />
<cycle-start id="208" type="scavenge" contextid="0" timestamp="2019-06-16T22:58:43.325" intervalms="0.981" />
<gc-start id="209" type="scavenge" contextid="208" timestamp="2019-06-16T22:58:43.325">
  <mem-info id="210" free="5000632" total="8388608" percent="59">
    <mem type="nursery" free="0" total="2097152" percent="0">
      <mem type="allocate" free="0" total="1835008" percent="0" />
      <mem type="survivor" free="0" total="262144" percent="0" />
    </mem>
    <mem type="tenure" free="5000632" total="6291456" percent="79">
      <mem type="soa" free="4686264" total="5977088" percent="78" />
      <mem type="loa" free="314368" total="314368" percent="100" />
    </mem>
    <remembered-set count="57" />
  </mem-info>
</gc-start>
<allocation-stats totalBytes="1569040" >
  <allocated-bytes non-tlh="74208" tlh="1494832" />
  <largest-consumer threadName="main" threadId="0000000000A2B700" bytes="1569040" />
</allocation-stats>
<gc-op id="211" type="scavenge" timems="0.127" contextid="208" timestamp="2019-06-16T22:58:43.325">
  <scavenger-info tenureage="3" tenuremask="fff8" tiltratio="87" />
  <memory-copied type="nursery" objects="2" bytes="39400" bytesdiscarded="39152" />
</gc-op>
<gc-end id="212" type="scavenge" contextid="208" durationms="0.326" usertimems="0.000" systemtimems="0.000" timestamp="2019-06-16T22:58:43.325" activeThreads="4">
  <mem-info id="213" free="6757088" total="8388608" percent="80">
    <mem type="nursery" free="1756456" total="2097152" percent="83">
      <mem type="allocate" free="1756456" total="1835008" percent="95" />
      <mem type="survivor" free="0" total="262144" percent="0" />
    </mem>
    <mem type="tenure" free="5000632" total="6291456" percent="79" macro-fragmented="4479464">
      <mem type="soa" free="4686264" total="5977088" percent="78" />
      <mem type="loa" free="314368" total="314368" percent="100" />
    </mem>
    <remembered-set count="57" />
  </mem-info>
</gc-end>
<cycle-end id="214" type="scavenge" contextid="208" timestamp="2019-06-16T22:58:43.325" />
  <attribute name="elasticGC enabled" value="1" />
  <attribute name= "numThreadsSpecified" value="4" />
  <attribute name="heapSize specified" value="0" />
  <attribute name="Current GC Util" value="47" />
  <attribute name= "Current Time Running" value="14901" />
  <attribute name ="GC Interval" value="200" />
  <attribute name="ProportionalT" value="13.500000" />
  <attribute name="ProportionalI" value="13.500000" />
  <attribute name="ProportionalH" value="13.500000" />
  <attribute name="Current Error" value="27.000000" />
  <attribute name="IntegralT" value="13.500000" />
  <attribute name="IntegralI" value="13.500000" />
  <attribute name="IntegralH" value="13.500000" />
  <attribute name="DerivativeT" value="6.000000" />
  <attribute name="DerivativeI" value="6.000000" />
  <attribute name="DerivativeH" value="6.000000" />
  <attribute name="Loop Time for DT" value="1.000000" />
  <attribute name="Output H" value="8388608"/>
  <attribute name="Output I" value="200"/>
  <attribute name="Output T" value="4"/>
  <attribute name="Target GC Util Change" value ="20.000000" />
  <attribute name="Current GC Util Change" value="47.000000"/>
  <attribute name="GC Util currently" value="47" />
  <attribute name="CPU Util currently" value="4701599404207" />
<allocation-satisfied id="215" threadId="0000000000A2B700" bytesRequested="19824" />
<af-end id="216" timestamp="2019-06-16T22:58:43.325" threadId="0000000000A2C088" success="true" from="nursery"/>
<exclusive-end id="217" timestamp="2019-06-16T22:58:43.325" durationms="0.692" />

<exclusive-start id="218" timestamp="2019-06-16T22:58:43.325" intervalms="0.881">
  <response-info timems="0.018" idlems="0.018" threads="0" lastid="0000000000A2B700" lastname="main" />
</exclusive-start>
<af-start id="219" threadId="0000000000A2C088" totalBytesRequested="41632" timestamp="2019-06-16T22:58:43.325" intervalms="0.881" type="nursery" />
<cycle-start id="220" type="scavenge" contextid="0" timestamp="2019-06-16T22:58:43.325" intervalms="0.882" />
<gc-start id="221" type="scavenge" contextid="220" timestamp="2019-06-16T22:58:43.325">
  <mem-info id="222" free="5000632" total="8388608" percent="59">
    <mem type="nursery" free="0" total="2097152" percent="0">
      <mem type="allocate" free="0" total="1835008" percent="0" />
      <mem type="survivor" free="0" total="262144" percent="0" />
    </mem>
    <mem type="tenure" free="5000632" total="6291456" percent="79">
      <mem type="soa" free="4686264" total="5977088" percent="78" />
      <mem type="loa" free="314368" total="314368" percent="100" />
    </mem>
    <remembered-set count="57" />
  </mem-info>
</gc-start>
<allocation-stats totalBytes="1502360" >
  <allocated-bytes non-tlh="59464" tlh="1442896" />
  <largest-consumer threadName="main" threadId="0000000000A2B700" bytes="1502360" />
</allocation-stats>
<gc-op id="223" type="scavenge" timems="0.132" contextid="220" timestamp="2019-06-16T22:58:43.326">
  <scavenger-info tenureage="3" tenuremask="fff8" tiltratio="87" />
  <memory-copied type="nursery" objects="2" bytes="20840" bytesdiscarded="18328" />
</gc-op>
<gc-end id="224" type="scavenge" contextid="220" durationms="0.432" usertimems="0.000" systemtimems="0.000" timestamp="2019-06-16T22:58:43.326" activeThreads="4">
  <mem-info id="225" free="6796472" total="8388608" percent="81">
    <mem type="nursery" free="1795840" total="2097152" percent="85">
      <mem type="allocate" free="1795840" total="1835008" percent="97" />
      <mem type="survivor" free="0" total="262144" percent="0" />
    </mem>
    <mem type="tenure" free="5000632" total="6291456" percent="79" macro-fragmented="13104">
      <mem type="soa" free="4686264" total="5977088" percent="78" />
      <mem type="loa" free="314368" total="314368" percent="100" />
    </mem>
    <remembered-set count="57" />
  </mem-info>
</gc-end>
<cycle-end id="226" type="scavenge" contextid="220" timestamp="2019-06-16T22:58:43.326" />
  <attribute name="elasticGC enabled" value="1" />
  <attribute name= "numThreadsSpecified" value="4" />
  <attribute name="heapSize specified" value="0" />
  <attribute name="Current GC Util" value="41" />
  <attribute name= "Current Time Running" value="14902" />
  <attribute name ="GC Interval" value="200" />
  <attribute name="ProportionalT" value="10.500000" />
  <attribute name="ProportionalI" value="10.500000" />
  <attribute name="ProportionalH" value="10.500000" />
  <attribute name="Current Error" value="21.000000" />
  <attribute name="IntegralT" value="10.500000" />
  <attribute name="IntegralI" value="10.500000" />
  <attribute name="IntegralH" value="10.500000" />
  <attribute name="DerivativeT" value="-6.000000" />
  <attribute name="DerivativeI" value="-6.000000" />
  <attribute name="DerivativeH" value="-6.000000" />
  <attribute name="Loop Time for DT" value="1.000000" />
  <attribute name="Output H" value="8388608"/>
  <attribute name="Output I" value="200"/>
  <attribute name="Output T" value="4"/>
  <attribute name="Target GC Util Change" value ="20.000000" />
  <attribute name="Current GC Util Change" value="41.000000"/>
  <attribute name="GC Util currently" value="41" />
  <attribute name="CPU Util currently" value="5229688802342" />
<allocation-satisfied id="227" threadId="0000000000A2B700" bytesRequested="41632" />
<af-end id="228" timestamp="2019-06-16T22:58:43.326" threadId="0000000000A2C088" success="true" from="nursery"/>
<exclusive-end id="229" timestamp="2019-06-16T22:58:43.326" durationms="0.803" />

<exclusive-start id="230" timestamp="2019-06-16T22:58:43.326" intervalms="0.993">
  <response-info timems="0.018" idlems="0.018" threads="0" lastid="0000000000A2B700" lastname="main" />
</exclusive-start>
<af-start id="231" threadId="0000000000A2C088" totalBytesRequested="43632" timestamp="2019-06-16T22:58:43.326" intervalms="0.993" type="nursery" />
<cycle-start id="232" type="scavenge" contextid="0" timestamp="2019-06-16T22:58:43.326" intervalms="0.992" />
<gc-start id="233" type="scavenge" contextid="232" timestamp="2019-06-16T22:58:43.326">
  <mem-info id="234" free="5000632" total="8388608" percent="59">
    <mem type="nursery" free="0" total="2097152" percent="0">
      <mem type="allocate" free="0" total="1835008" percent="0" />
      <mem type="survivor" free="0" total="262144" percent="0" />
    </mem>
    <mem type="tenure" free="5000632" total="6291456" percent="79">
      <mem type="soa" free="4686264" total="5977088" percent="78" />
      <mem type="loa" free="314368" total="314368" percent="100" />
    </mem>
    <remembered-set count="57" />
  </mem-info>
</gc-start>
<allocation-stats totalBytes="1534304" >
  <allocated-bytes non-tlh="125120" tlh="1409184" />
  <largest-consumer threadName="main" threadId="0000000000A2B700" bytes="1534304" />
</allocation-stats>
<gc-op id="235" type="scavenge" timems="0.124" contextid="232" timestamp="2019-06-16T22:58:43.327">
  <scavenger-info tenureage="3" tenuremask="fff8" tiltratio="87" />
  <memory-copied type="nursery" objects="2" bytes="21840" bytesdiscarded="17328" />
</gc-op>
<gc-end id="236" type="scavenge" contextid="232" durationms="0.355" usertimems="0.000" systemtimems="0.000" timestamp="2019-06-16T22:58:43.327" activeThreads="4">
  <mem-info id="237" free="6796472" total="8388608" percent="81">
    <mem type="nursery" free="1795840" total="2097152" percent="85">
      <mem type="allocate" free="1795840" total="1835008" percent="97" />
      <mem type="survivor" free="0" total="262144" percent="0" />
    </mem>
    <mem type="tenure" free="5000632" total="6291456" percent="79" macro-fragmented="2160235">
      <mem type="soa" free="4686264" total="5977088" percent="78" />
      <mem type="loa" free="314368" total="314368" percent="100" />
    </mem>
    <remembered-set count="57" />
  </mem-info>
</gc-end>
<cycle-end id="238" type="scavenge" contextid="232" timestamp="2019-06-16T22:58:43.327" />
  <attribute name="elasticGC enabled" value="1" />
  <attribute name= "numThreadsSpecified" value="4" />
  <attribute name="heapSize specified" value="0" />
  <attribute name="Current GC Util" value="47" />
  <attribute name= "Current Time Running" value="14903" />
  <attribute name ="GC Interval" value="200" />
  <attribute name="ProportionalT" value="13.500000" />
  <attribute name="ProportionalI" value="13.500000" />
  <attribute name="ProportionalH" value="13.500000" />
  <attribute name="Current Error" value="27.000000" />
  <attribute name="IntegralT" value="13.500000" />
  <attribute name="IntegralI" value="13.500000" />
  <attribute name="IntegralH" value="13.500000" />
  <attribute name="DerivativeT" value="6.000000" />
  <attribute name="DerivativeI" value="6.000000" />
  <attribute name="DerivativeH" value="6.000000" />
  <attribute name="Loop Time for DT" value="1.000000" />
  <attribute name="Output H" value="8388608"/>
  <attribute name="Output I" value="200"/>
  <attribute name="Output T" value="4"/>
  <attribute name="Target GC Util Change" value ="20.000000" />
  <attribute name="Current GC Util Change" value="47.000000"/>
  <attribute name="GC Util currently" value="47" />
  <attribute name="CPU Util currently" value="4647560536964" />
<allocation-satisfied id="239" threadId="0000000000A2B700" bytesRequested="43632" />
<af-end id="240" timestamp="2019-06-16T22:58:43.327" threadId="0000000000A2C088" success="true" from="nursery"/>
<exclusive-end id="241" timestamp="2019-06-16T22:58:43.327" durationms="0.724" />

<exclusive-start id="242" timestamp="2019-06-16T22:58:43.327" intervalms="0.908">
  <response-info timems="0.018" idlems="0.018" threads="0" lastid="0000000000A2B700" lastname="main" />
</exclusive-start>
<af-start id="243" threadId="0000000000A2C088" totalBytesRequested="22712" timestamp="2019-06-16T22:58:43.327" intervalms="0.907" type="nursery" />
<cycle-start id="244" type="scavenge" contextid="0" timestamp="2019-06-16T22:58:43.327" intervalms="0.908" />
<gc-start id="245" type="scavenge" contextid="244" timestamp="2019-06-16T22:58:43.327">
  <mem-info id="246" free="5000632" total="8388608" percent="59">
    <mem type="nursery" free="0" total="2097152" percent="0">
      <mem type="allocate" free="0" total="1835008" percent="0" />
      <mem type="survivor" free="0" total="262144" percent="0" />
    </mem>
    <mem type="tenure" free="5000632" total="6291456" percent="79">
      <mem type="soa" free="4686264" total="5977088" percent="78" />
      <mem type="loa" free="314368" total="314368" percent="100" />
    </mem>
    <remembered-set count="57" />
  </mem-info>
</gc-start>
<allocation-stats totalBytes="1492520" >
  <allocated-bytes non-tlh="131112" tlh="1361408" />
  <largest-consumer threadName="main" threadId="0000000000A2B700" bytes="1492520" />
</allocation-stats>
<gc-op id="247" type="scavenge" timems="0.124" contextid="244" timestamp="2019-06-16T22:58:43.328">
  <scavenger-info tenureage="3" tenuremask="fff8" tiltratio="87" />
  <memory-copied type="nursery" objects="4" bytes="22792" bytesdiscarded="16376" />
</gc-op>
<gc-end id="248" type="scavenge" contextid="244" durationms="0.320" usertimems="0.000" systemtimems="0.000" timestamp="2019-06-16T22:58:43.328" activeThreads="4">
  <mem-info id="249" free="6796472" total="8388608" percent="81">
    <mem type="nursery" free="1795840" total="2097152" percent="85">
      <mem type="allocate" free="1795840" total="1835008" percent="97" />
      <mem type="survivor" free="0" total="262144" percent="0" />
    </mem>
    <mem type="tenure" free="5000632" total="6291456" percent="79" macro-fragmented="4479464">
      <mem type="soa" free="4686264" total="5977088" percent="78" />
      <mem type="loa" free="314368" total="314368" percent="100" />
    </mem>
    <remembered-set count="57" />
  </mem-info>
</gc-end>
<cycle-end id="250" type="scavenge" contextid="244" timestamp="2019-06-16T22:58:43.328" />
  <attribute name="elasticGC enabled" value="1" />
  <attribute name= "numThreadsSpecified" value="4" />
  <attribute name="heapSize specified" value="0" />
  <attribute name="Current GC Util" value="43" />
  <attribute name= "Current Time Running" value="14904" />
  <attribute name ="GC Interval" value="200" />
  <attribute name="ProportionalT" value="11.500000" />
  <attribute name="ProportionalI" value="11.500000" />
  <attribute name="ProportionalH" value="11.500000" />
  <attribute name="Current Error" value="23.000000" />
  <attribute name="IntegralT" value="11.500000" />
  <attribute name="IntegralI" value="11.500000" />
  <attribute name="IntegralH" value="11.500000" />
  <attribute name="DerivativeT" value="-4.000000" />
  <attribute name="DerivativeI" value="-4.000000" />
  <attribute name="DerivativeH" value="-4.000000" />
  <attribute name="Loop Time for DT" value="1.000000" />
  <attribute name="Output H" value="8388608"/>
  <attribute name="Output I" value="200"/>
  <attribute name="Output T" value="4"/>
  <attribute name="Target GC Util Change" value ="20.000000" />
  <attribute name="Current GC Util Change" value="43.000000"/>
  <attribute name="GC Util currently" value="43" />
  <attribute name="CPU Util currently" value="5078792743362" />
<allocation-satisfied id="251" threadId="0000000000A2B700" bytesRequested="22712" />
<af-end id="252" timestamp="2019-06-16T22:58:43.328" threadId="0000000000A2C088" success="true" from="nursery"/>
<exclusive-end id="253" timestamp="2019-06-16T22:58:43.328" durationms="0.689" />

<exclusive-start id="254" timestamp="2019-06-16T22:58:43.328" intervalms="0.878">
  <response-info timems="0.018" idlems="0.018" threads="0" lastid="0000000000A2B700" lastname="main" />
</exclusive-start>
<af-start id="255" threadId="0000000000A2C088" totalBytesRequested="23744" timestamp="2019-06-16T22:58:43.328" intervalms="0.878" type="nursery" />
<cycle-start id="256" type="scavenge" contextid="0" timestamp="2019-06-16T22:58:43.328" intervalms="0.878" />
<gc-start id="257" type="scavenge" contextid="256" timestamp="2019-06-16T22:58:43.328">
  <mem-info id="258" free="5000632" total="8388608" percent="59">
    <mem type="nursery" free="0" total="2097152" percent="0">
      <mem type="allocate" free="0" total="1835008" percent="0" />
      <mem type="survivor" free="0" total="262144" percent="0" />
    </mem>
    <mem type="tenure" free="5000632" total="6291456" percent="79">
      <mem type="soa" free="4686264" total="5977088" percent="78" />
      <mem type="loa" free="314368" total="314368" percent="100" />
    </mem>
    <remembered-set count="57" />
  </mem-info>
</gc-start>
<allocation-stats totalBytes="1555888" >
  <allocated-bytes non-tlh="159760" tlh="1396128" />
  <largest-consumer threadName="main" threadId="0000000000A2B700" bytes="1555888" />
</allocation-stats>
<gc-op id="259" type="scavenge" timems="0.127" contextid="256" timestamp="2019-06-16T22:58:43.328">
  <scavenger-info tenureage="3" tenuremask="fff8" tiltratio="87" />
  <memory-copied type="nursery" objects="2" bytes="47224" bytesdiscarded="39152" />
</gc-op>
<gc-end id="260" type="scavenge" contextid="256" durationms="0.326" usertimems="0.000" systemtimems="0.000" timestamp="2019-06-16T22:58:43.329" activeThreads="4">
  <mem-info id="261" free="6749264" total="8388608" percent="80">
    <mem type="nursery" free="1748632" total="2097152" percent="83">
      <mem type="allocate" free="1748632" total="1835008" percent="95" />
      <mem type="survivor" free="0" total="262144" percent="0" />
    </mem>
    <mem type="tenure" free="5000632" total="6291456" percent="79" macro-fragmented="4479464">
      <mem type="soa" free="4686264" total="5977088" percent="78" />
      <mem type="loa" free="314368" total="314368" percent="100" />
    </mem>
    <remembered-set count="57" />
  </mem-info>
</gc-end>
<cycle-end id="262" type="scavenge" contextid="256" timestamp="2019-06-16T22:58:43.329" />
  <attribute name="elasticGC enabled" value="1" />
  <attribute name= "numThreadsSpecified" value="4" />
  <attribute name="heapSize specified" value="0" />
  <attribute name="Current GC Util" value="41" />
  <attribute name= "Current Time Running" value="14905" />
  <attribute name ="GC Interval" value="200" />
  <attribute name="ProportionalT" value="10.500000" />
  <attribute name="ProportionalI" value="10.500000" />
  <attribute name="ProportionalH" value="10.500000" />
  <attribute name="Current Error" value="21.000000" />
  <attribute name="IntegralT" value="10.500000" />
  <attribute name="IntegralI" value="10.500000" />
  <attribute name="IntegralH" value="10.500000" />
  <attribute name="DerivativeT" value="-2.000000" />
  <attribute name="DerivativeI" value="-2.000000" />
  <attribute name="DerivativeH" value="-2.000000" />
  <attribute name="Loop Time for DT" value="1.000000" />
  <attribute name="Output H" value="8388608"/>
  <attribute name="Output I" value="200"/>
  <attribute name="Output T" value="4"/>
  <attribute name="Target GC Util Change" value ="20.000000" />
  <attribute name="Current GC Util Change" value="41.000000"/>
  <attribute name="GC Util currently" value="41" />
  <attribute name="CPU Util currently" value="5254776015488" />
<allocation-satisfied id="263" threadId="0000000000A2B700" bytesRequested="23744" />
<af-end id="264" timestamp="2019-06-16T22:58:43.329" threadId="0000000000A2C088" success="true" from="nursery"/>
<exclusive-end id="265" timestamp="2019-06-16T22:58:43.329" durationms="0.697" />

<exclusive-start id="266" timestamp="2019-06-16T22:58:43.329" intervalms="0.892">
  <response-info timems="0.027" idlems="0.027" threads="0" lastid="0000000000A2B700" lastname="main" />
</exclusive-start>
<af-start id="267" threadId="0000000000A2C088" totalBytesRequested="49152" timestamp="2019-06-16T22:58:43.329" intervalms="0.887" type="nursery" />
<cycle-start id="268" type="scavenge" contextid="0" timestamp="2019-06-16T22:58:43.329" intervalms="0.880" />
<gc-start id="269" type="scavenge" contextid="268" timestamp="2019-06-16T22:58:43.329">
  <mem-info id="270" free="5000632" total="8388608" percent="59">
    <mem type="nursery" free="0" total="2097152" percent="0">
      <mem type="allocate" free="0" total="1835008" percent="0" />
      <mem type="survivor" free="0" total="262144" percent="0" />
    </mem>
    <mem type="tenure" free="5000632" total="6291456" percent="79">
      <mem type="soa" free="4686264" total="5977088" percent="78" />
      <mem type="loa" free="314368" total="314368" percent="100" />
    </mem>
    <remembered-set count="57" />
  </mem-info>
</gc-start>
<allocation-stats totalBytes="1497536" >
  <allocated-bytes non-tlh="166840" tlh="1330696" />
  <largest-consumer threadName="main" threadId="0000000000A2B700" bytes="1497536" />
</allocation-stats>
<gc-op id="271" type="scavenge" timems="0.124" contextid="268" timestamp="2019-06-16T22:58:43.329">
  <scavenger-info tenureage="3" tenuremask="fff8" tiltratio="87" />
  <memory-copied type="nursery" objects="2" bytes="24600" bytesdiscarded="14568" />
</gc-op>
<gc-end id="272" type="scavenge" contextid="268" durationms="0.415" usertimems="4.000" systemtimems="0.000" timestamp="2019-06-16T22:58:43.330" activeThreads="4">
  <mem-info id="273" free="6796472" total="8388608" percent="81">
    <mem type="nursery" free="1795840" total="2097152" percent="85">
      <mem type="allocate" free="1795840" total="1835008" percent="97" />
      <mem type="survivor" free="0" total="262144" percent="0" />
    </mem>
    <mem type="tenure" free="5000632" total="6291456" percent="79" macro-fragmented="0">
      <mem type="soa" free="4686264" total="5977088" percent="78" />
      <mem type="loa" free="314368" total="314368" percent="100" />
    </mem>
    <remembered-set count="57" />
  </mem-info>
</gc-end>
<cycle-end id="274" type="scavenge" contextid="268" timestamp="2019-06-16T22:58:43.330" />
  <attribute name="elasticGC enabled" value="1" />
  <attribute name= "numThreadsSpecified" value="4" />
  <attribute name="heapSize specified" value="0" />
  <attribute name="Current GC Util" value="41" />
  <attribute name= "Current Time Running" value="14906" />
  <attribute name ="GC Interval" value="200" />
  <attribute name="ProportionalT" value="10.500000" />
  <attribute name="ProportionalI" value="10.500000" />
  <attribute name="ProportionalH" value="10.500000" />
  <attribute name="Current Error" value="21.000000" />
  <attribute name="IntegralT" value="10.500000" />
  <attribute name="IntegralI" value="10.500000" />
  <attribute name="IntegralH" value="10.500000" />
  <attribute name="DerivativeT" value="0.000000" />
  <attribute name="DerivativeI" value="0.000000" />
  <attribute name="DerivativeH" value="0.000000" />
  <attribute name="Loop Time for DT" value="1.000000" />
  <attribute name="Output H" value="8388608"/>
  <attribute name="Output I" value="200"/>
  <attribute name="Output T" value="4"/>
  <attribute name="Target GC Util Change" value ="20.000000" />
  <attribute name="Current GC Util Change" value="41.000000"/>
  <attribute name="GC Util currently" value="41" />
  <attribute name="CPU Util currently" value="5253171843669" />
<allocation-satisfied id="275" threadId="0000000000A2B700" bytesRequested="49152" />
<af-end id="276" timestamp="2019-06-16T22:58:43.330" threadId="0000000000A2C088" success="true" from="nursery"/>
<exclusive-end id="277" timestamp="2019-06-16T22:58:43.330" durationms="0.772" />

<exclusive-start id="278" timestamp="2019-06-16T22:58:43.330" intervalms="0.956">
  <response-info timems="0.018" idlems="0.018" threads="0" lastid="0000000000A2B700" lastname="main" />
</exclusive-start>
<af-start id="279" threadId="0000000000A2C088" totalBytesRequested="25608" timestamp="2019-06-16T22:58:43.330" intervalms="0.961" type="nursery" />
<cycle-start id="280" type="scavenge" contextid="0" timestamp="2019-06-16T22:58:43.330" intervalms="0.968" />
<gc-start id="281" type="scavenge" contextid="280" timestamp="2019-06-16T22:58:43.330">
  <mem-info id="282" free="5000632" total="8388608" percent="59">
    <mem type="nursery" free="0" total="2097152" percent="0">
      <mem type="allocate" free="0" total="1835008" percent="0" />
      <mem type="survivor" free="0" total="262144" percent="0" />
    </mem>
    <mem type="tenure" free="5000632" total="6291456" percent="79">
      <mem type="soa" free="4686264" total="5977088" percent="78" />
      <mem type="loa" free="314368" total="314368" percent="100" />
    </mem>
    <remembered-set count="57" />
  </mem-info>
</gc-start>
<allocation-stats totalBytes="1583296" >
  <allocated-bytes non-tlh="247496" tlh="1335800" />
  <largest-consumer threadName="main" threadId="0000000000A2B700" bytes="1583296" />
</allocation-stats>
<gc-op id="283" type="scavenge" timems="0.125" contextid="280" timestamp="2019-06-16T22:58:43.330">
  <scavenger-info tenureage="14" tenuremask="4000" tiltratio="87" />
  <memory-copied type="nursery" objects="4" bytes="25688" bytesdiscarded="13480" />
</gc-op>
<gc-end id="284" type="scavenge" contextid="280" durationms="0.321" usertimems="0.000" systemtimems="0.000" timestamp="2019-06-16T22:58:43.330" activeThreads="4">
  <mem-info id="285" free="6796472" total="8388608" percent="81">
    <mem type="nursery" free="1795840" total="2097152" percent="85">
      <mem type="allocate" free="1795840" total="1835008" percent="97" />
      <mem type="survivor" free="0" total="262144" percent="0" />
    </mem>
    <mem type="tenure" free="5000632" total="6291456" percent="79" macro-fragmented="3732887">
      <mem type="soa" free="4686264" total="5977088" percent="78" />
      <mem type="loa" free="314368" total="314368" percent="100" />
    </mem>
    <remembered-set count="57" />
  </mem-info>
</gc-end>
<cycle-end id="286" type="scavenge" contextid="280" timestamp="2019-06-16T22:58:43.330" />
  <attribute name="elasticGC enabled" value="1" />
  <attribute name= "numThreadsSpecified" value="4" />
  <attribute name="heapSize specified" value="0" />
  <attribute name="Current GC Util" value="46" />
  <attribute name= "Current Time Running" value="14907" />
  <attribute name ="GC Interval" value="200" />
  <attribute name="ProportionalT" value="13.000000" />
  <attribute name="ProportionalI" value="13.000000" />
  <attribute name="ProportionalH" value="13.000000" />
  <attribute name="Current Error" value="26.000000" />
  <attribute name="IntegralT" value="13.000000" />
  <attribute name="IntegralI" value="13.000000" />
  <attribute name="IntegralH" value="13.000000" />
  <attribute name="DerivativeT" value="5.000000" />
  <attribute name="DerivativeI" value="5.000000" />
  <attribute name="DerivativeH" value="5.000000" />
  <attribute name="Loop Time for DT" value="1.000000" />
  <attribute name="Output H" value="8388608"/>
  <attribute name="Output I" value="200"/>
  <attribute name="Output T" value="4"/>
  <attribute name="Target GC Util Change" value ="20.000000" />
  <attribute name="Current GC Util Change" value="46.000000"/>
  <attribute name="GC Util currently" value="46" />
  <attribute name="CPU Util currently" value="4754344889906" />
<allocation-satisfied id="287" threadId="0000000000A2B700" bytesRequested="25608" />
<af-end id="288" timestamp="2019-06-16T22:58:43.331" threadId="0000000000A2C088" success="true" from="nursery"/>
<exclusive-end id="289" timestamp="2019-06-16T22:58:43.331" durationms="0.689" />

<exclusive-start id="290" timestamp="2019-06-16T22:58:43.331" intervalms="0.888">
  <response-info timems="0.024" idlems="0.024" threads="0" lastid="0000000000A2B700" lastname="main" />
</exclusive-start>
<af-start id="291" threadId="0000000000A2C088" totalBytesRequested="26512" timestamp="2019-06-16T22:58:43.331" intervalms="0.888" type="nursery" />
<cycle-start id="292" type="scavenge" contextid="0" timestamp="2019-06-16T22:58:43.331" intervalms="0.888" />
<gc-start id="293" type="scavenge" contextid="292" timestamp="2019-06-16T22:58:43.331">
  <mem-info id="294" free="5000632" total="8388608" percent="59">
    <mem type="nursery" free="0" total="2097152" percent="0">
      <mem type="allocate" free="0" total="1835008" percent="0" />
      <mem type="survivor" free="0" total="262144" percent="0" />
    </mem>
    <mem type="tenure" free="5000632" total="6291456" percent="79">
      <mem type="soa" free="4686264" total="5977088" percent="78" />
      <mem type="loa" free="314368" total="314368" percent="100" />
    </mem>
    <remembered-set count="57" />
  </mem-info>
</gc-start>
<allocation-stats totalBytes="1563904" >
  <allocated-bytes non-tlh="231368" tlh="1332536" />
  <largest-consumer threadName="main" threadId="0000000000A2B700" bytes="1563904" />
</allocation-stats>
<gc-op id="295" type="scavenge" timems="0.125" contextid="292" timestamp="2019-06-16T22:58:43.331">
  <scavenger-info tenureage="14" tenuremask="4000" tiltratio="87" />
  <memory-copied type="nursery" objects="4" bytes="26592" bytesdiscarded="12576" />
</gc-op>
<gc-end id="296" type="scavenge" contextid="292" durationms="0.338" usertimems="0.000" systemtimems="0.000" timestamp="2019-06-16T22:58:43.331" activeThreads="4">
  <mem-info id="297" free="6796472" total="8388608" percent="81">
    <mem type="nursery" free="1795840" total="2097152" percent="85">
      <mem type="allocate" free="1795840" total="1835008" percent="97" />
      <mem type="survivor" free="0" total="262144" percent="0" />
    </mem>
    <mem type="tenure" free="5000632" total="6291456" percent="79" macro-fragmented="2592282">
      <mem type="soa" free="4686264" total="5977088" percent="78" />
      <mem type="loa" free="314368" total="314368" percent="100" />
    </mem>
    <remembered-set count="57" />
  </mem-info>
</gc-end>
<cycle-end id="298" type="scavenge" contextid="292" timestamp="2019-06-16T22:58:43.331" />
  <attribute name="elasticGC enabled" value="1" />
  <attribute name= "numThreadsSpecified" value="4" />
  <attribute name="heapSize specified" value="0" />
  <attribute name="Current GC Util" value="41" />
  <attribute name= "Current Time Running" value="14908" />
  <attribute name ="GC Interval" value="200" />
  <attribute name="ProportionalT" value="10.500000" />
  <attribute name="ProportionalI" value="10.500000" />
  <attribute name="ProportionalH" value="10.500000" />
  <attribute name="Current Error" value="21.000000" />
  <attribute name="IntegralT" value="10.500000" />
  <attribute name="IntegralI" value="10.500000" />
  <attribute name="IntegralH" value="10.500000" />
  <attribute name="DerivativeT" value="-5.000000" />
  <attribute name="DerivativeI" value="-5.000000" />
  <attribute name="DerivativeH" value="-5.000000" />
  <attribute name="Loop Time for DT" value="1.000000" />
  <attribute name="Output H" value="8388608"/>
  <attribute name="Output I" value="200"/>
  <attribute name="Output T" value="4"/>
  <attribute name="Target GC Util Change" value ="20.000000" />
  <attribute name="Current GC Util Change" value="41.000000"/>
  <attribute name="GC Util currently" value="41" />
  <attribute name="CPU Util currently" value="5195674652384" />
<allocation-satisfied id="299" threadId="0000000000A2B700" bytesRequested="26512" />
<af-end id="300" timestamp="2019-06-16T22:58:43.331" threadId="0000000000A2C088" success="true" from="nursery"/>
<exclusive-end id="301" timestamp="2019-06-16T22:58:43.332" durationms="0.705" />

<exclusive-start id="302" timestamp="2019-06-16T22:58:43.332" intervalms="0.930">
  <response-info timems="0.020" idlems="0.020" threads="0" lastid="0000000000A2B700" lastname="main" />
</exclusive-start>
<sys-start reason="explicit" id="303" timestamp="2019-06-16T22:58:43.332" intervalms="15060.037" />
<cycle-start id="304" type="global" contextid="0" timestamp="2019-06-16T22:58:43.332" intervalms="15060.213" />
<gc-start id="305" type="global" contextid="304" timestamp="2019-06-16T22:58:43.332">
  <mem-info id="306" free="6516480" total="8388608" percent="77">
    <mem type="nursery" free="1515848" total="2097152" percent="72">
      <mem type="allocate" free="1515848" total="1835008" percent="82" />
      <mem type="survivor" free="0" total="262144" percent="0" />
    </mem>
    <mem type="tenure" free="5000632" total="6291456" percent="79">
      <mem type="soa" free="4686264" total="5977088" percent="78" />
      <mem type="loa" free="314368" total="314368" percent="100" />
    </mem>
    <remembered-set count="57" />
  </mem-info>
</gc-start>
<allocation-stats totalBytes="263480" >
  <allocated-bytes non-tlh="132536" tlh="130944" />
  <largest-consumer threadName="main" threadId="0000000000A2B700" bytes="263480" />
</allocation-stats>
<gc-op id="307" type="mark" timems="1.486" contextid="304" timestamp="2019-06-16T22:58:43.334">
  <trace-info objectcount="18985" scancount="15696" scanbytes="515436" />
  <finalization candidates="45" enqueued="0" />
  <ownableSynchronizers candidates="1" cleared="0" />
  <references type="soft" candidates="66" cleared="0" enqueued="0" dynamicThreshold="32" maxThreshold="32" />
  <references type="weak" candidates="397" cleared="28" enqueued="14" />
  <references type="phantom" candidates="54" cleared="0" enqueued="0" />
  <stringconstants candidates="2485" cleared="0"  />
</gc-op>
<gc-op id="308" type="classunload" timems="0.040" contextid="304" timestamp="2019-06-16T22:58:43.334">
  <classunload-info classloadercandidates="6" classloadersunloaded="0" classesunloaded="0" anonymousclassesunloaded="0" quiescems="0.000" setupms="0.040" scanms="0.000" postms="0.000" />
</gc-op>
<gc-op id="309" type="sweep" timems="0.393" contextid="304" timestamp="2019-06-16T22:58:43.334" />
<mem-info id="310" free="6908768" total="8388608" percent="82">
  <mem type="nursery" free="1803512" total="2097152" percent="85">
    <mem type="allocate" free="1803512" total="1835008" percent="98" />
    <mem type="survivor" free="0" total="262144" percent="0" />
  </mem>
  <mem type="tenure" free="5105256" total="6291456" percent="81" micro-fragmented="25153" macro-fragmented="3110739">
    <mem type="soa" free="4790888" total="5977088" percent="80" />
    <mem type="loa" free="314368" total="314368" percent="100" />
  </mem>
  <pending-finalizers system="0" default="0" reference="14" classloader="0" />
  <remembered-set count="55" />
</mem-info>
<gc-op id="311" type="compact" timems="3.906" contextid="304" timestamp="2019-06-16T22:58:43.338">
  <compact-info movecount="14562" movebytes="1022840" reason="compact to aid heap contraction" />
</gc-op>
<gc-end id="312" type="global" contextid="304" durationms="6.952" usertimems="4.000" systemtimems="4.000" timestamp="2019-06-16T22:58:43.339" activeThreads="4">
  <mem-info id="313" free="6919816" total="8388608" percent="82">
    <mem type="nursery" free="1806600" total="2097152" percent="86">
      <mem type="allocate" free="1806600" total="1835008" percent="98" />
      <mem type="survivor" free="0" total="262144" percent="0" />
    </mem>
    <mem type="tenure" free="5113216" total="6291456" percent="81">
      <mem type="soa" free="4798848" total="5977088" percent="80" />
      <mem type="loa" free="314368" total="314368" percent="100" />
    </mem>
    <pending-finalizers system="0" default="0" reference="14" classloader="0" />
    <remembered-set count="55" />
  </mem-info>
</gc-end>
<cycle-end id="314" type="global" contextid="304" timestamp="2019-06-16T22:58:43.339" />
  <attribute name="elasticGC enabled" value="1" />
  <attribute name= "numThreadsSpecified" value="4" />
  <attribute name="heapSize specified" value="8388608" />
  <attribute name="Current GC Util" value="23" />
  <attribute name= "Current Time Running" value="14915" />
  <attribute name ="GC Interval" value="200" />
  <attribute name="ProportionalT" value="1.500000" />
  <attribute name="ProportionalI" value="1.500000" />
  <attribute name="ProportionalH" value="1.500000" />
  <attribute name="Current Error" value="3.000000" />
  <attribute name="IntegralT" value="6.000000" />
  <attribute name="IntegralI" value="6.000000" />
  <attribute name="IntegralH" value="6.000000" />
  <attribute name="DerivativeT" value="0.750000" />
  <attribute name="DerivativeI" value="0.750000" />
  <attribute name="DerivativeH" value="0.750000" />
  <attribute name="Loop Time for DT" value="4.000000" />
  <attribute name="Output H" value="8388608"/>
  <attribute name="Output I" value="200"/>
  <attribute name="Output T" value="4"/>
  <attribute name="Target GC Util Change" value ="20.000000" />
  <attribute name="Current GC Util Change" value="23.000000"/>
  <attribute name="GC Util currently" value="23" />
  <attribute name="CPU Util currently" value="1163778392893" />
<sys-end id="315" timestamp="2019-06-16T22:58:43.339" />
<exclusive-end id="316" timestamp="2019-06-16T22:58:43.339" durationms="7.637" />

<exclusive-start id="317" timestamp="2019-06-16T22:58:43.679" intervalms="347.026">
  <response-info timems="0.026" idlems="0.026" threads="0" lastid="0000000000A2B700" lastname="main" />
</exclusive-start>
<af-start id="318" threadId="0000000000A2C088" totalBytesRequested="96" timestamp="2019-06-16T22:58:43.679" intervalms="347.995" type="nursery" />
<cycle-start id="319" type="scavenge" contextid="0" timestamp="2019-06-16T22:58:43.679" intervalms="348.006" />
<gc-start id="320" type="scavenge" contextid="319" timestamp="2019-06-16T22:58:43.679">
  <mem-info id="321" free="5082976" total="8388608" percent="60">
    <mem type="nursery" free="0" total="2097152" percent="0">
      <mem type="allocate" free="0" total="1835008" percent="0" />
      <mem type="survivor" free="0" total="262144" percent="0" />
    </mem>
    <mem type="tenure" free="5082976" total="6291456" percent="80">
      <mem type="soa" free="4768608" total="5977088" percent="79" />
      <mem type="loa" free="314368" total="314368" percent="100" />
    </mem>
    <remembered-set count="480" />
  </mem-info>
</gc-start>
<allocation-stats totalBytes="1836208" >
  <allocated-bytes non-tlh="30240" tlh="1805968" />
  <largest-consumer threadName="main" threadId="0000000000A2B700" bytes="1832112" />
</allocation-stats>
<gc-op id="322" type="scavenge" timems="0.358" contextid="319" timestamp="2019-06-16T22:58:43.679">
  <scavenger-info tenureage="14" tenuremask="4000" tiltratio="87" />
  <memory-copied type="nursery" objects="2135" bytes="126576" bytesdiscarded="30024" />
  <ownableSynchronizers candidates="2" cleared="2" />
  <references type="soft" candidates="2" cleared="0" enqueued="0" dynamicThreshold="26" maxThreshold="32" />
  <references type="weak" candidates="49" cleared="45" enqueued="45" />
  <references type="phantom" candidates="7" cleared="2" enqueued="2" />
</gc-op>
<gc-end id="323" type="scavenge" contextid="319" durationms="0.627" usertimems="0.000" systemtimems="0.000" timestamp="2019-06-16T22:58:43.680" activeThreads="4">
  <mem-info id="324" free="6761312" total="8388608" percent="80">
    <mem type="nursery" free="1678336" total="2097152" percent="80">
      <mem type="allocate" free="1678336" total="1835008" percent="91" />
      <mem type="survivor" free="0" total="262144" percent="0" />
    </mem>
    <mem type="tenure" free="5082976" total="6291456" percent="80" macro-fragmented="2160235">
      <mem type="soa" free="4768608" total="5977088" percent="79" />
      <mem type="loa" free="314368" total="314368" percent="100" />
    </mem>
    <pending-finalizers system="0" default="0" reference="47" classloader="0" />
    <remembered-set count="478" />
  </mem-info>
</gc-end>
<cycle-end id="325" type="scavenge" contextid="319" timestamp="2019-06-16T22:58:43.680" />
  <attribute name="elasticGC enabled" value="1" />
  <attribute name= "numThreadsSpecified" value="4" />
  <attribute name="heapSize specified" value="8388608" />
  <attribute name="Current GC Util" value="1" />
  <attribute name= "Current Time Running" value="15256" />
  <attribute name ="GC Interval" value="200" />
  <attribute name="ProportionalT" value="-9.500000" />
  <attribute name="ProportionalI" value="-9.500000" />
  <attribute name="ProportionalH" value="-9.500000" />
  <attribute name="Current Error" value="-19.000000" />
  <attribute name="IntegralT" value="-3239.500000" />
  <attribute name="IntegralI" value="-3239.500000" />
  <attribute name="IntegralH" value="-3239.500000" />
  <attribute name="DerivativeT" value="-0.064516" />
  <attribute name="DerivativeI" value="-0.064516" />
  <attribute name="DerivativeH" value="-0.064516" />
  <attribute name="Loop Time for DT" value="341.000000" />
  <attribute name="Output H" value="2092630016"/>
  <attribute name="Output I" value="200"/>
  <attribute name="Output T" value="4"/>
  <attribute name="Target GC Util Change" value ="20.000000" />
  <attribute name="Current GC Util Change" value="1.000000"/>
  <attribute name="GC Util currently" value="1" />
  <attribute name="CPU Util currently" value="0" />
<allocation-satisfied id="326" threadId="0000000000A2B700" bytesRequested="96" />
<af-end id="327" timestamp="2019-06-16T22:58:43.680" threadId="0000000000A2C088" success="true" from="nursery"/>
<exclusive-end id="328" timestamp="2019-06-16T22:58:43.680" durationms="1.148" />

<exclusive-start id="329" timestamp="2019-06-16T22:58:43.725" intervalms="45.807">
  <response-info timems="0.027" idlems="0.027" threads="0" lastid="0000000000A2B700" lastname="main" />
</exclusive-start>
<af-start id="330" threadId="0000000000A2C088" totalBytesRequested="112" timestamp="2019-06-16T22:58:43.725" intervalms="45.790" type="nursery" />
<cycle-start id="331" type="scavenge" contextid="0" timestamp="2019-06-16T22:58:43.725" intervalms="45.790" />
<gc-start id="332" type="scavenge" contextid="331" timestamp="2019-06-16T22:58:43.725">
  <mem-info id="333" free="5053648" total="8388608" percent="60">
    <mem type="nursery" free="0" total="2097152" percent="0">
      <mem type="allocate" free="0" total="1835008" percent="0" />
      <mem type="survivor" free="0" total="262144" percent="0" />
    </mem>
    <mem type="tenure" free="5053648" total="6291456" percent="80">
      <mem type="soa" free="4739280" total="5977088" percent="79" />
      <mem type="loa" free="314368" total="314368" percent="100" />
    </mem>
    <remembered-set count="762" />
  </mem-info>
</gc-start>
<allocation-stats totalBytes="1706632" >
  <allocated-bytes non-tlh="29424" tlh="1677208" />
  <largest-consumer threadName="main" threadId="0000000000A2B700" bytes="1702536" />
</allocation-stats>
<gc-op id="334" type="scavenge" timems="0.343" contextid="331" timestamp="2019-06-16T22:58:43.725">
  <scavenger-info tenureage="14" tenuremask="4000" tiltratio="87" />
  <memory-copied type="nursery" objects="2356" bytes="129320" bytesdiscarded="27264" />
  <references type="soft" candidates="2" cleared="0" enqueued="0" dynamicThreshold="26" maxThreshold="32" />
  <references type="weak" candidates="15" cleared="11" enqueued="11" />
  <references type="phantom" candidates="5" cleared="0" enqueued="0" />
</gc-op>
<gc-end id="335" type="scavenge" contextid="331" durationms="0.574" usertimems="0.000" systemtimems="0.000" timestamp="2019-06-16T22:58:43.725" activeThreads="4">
  <mem-info id="336" free="6731984" total="8388608" percent="80">
    <mem type="nursery" free="1678336" total="2097152" percent="80">
      <mem type="allocate" free="1678336" total="1835008" percent="91" />
      <mem type="survivor" free="0" total="262144" percent="0" />
    </mem>
    <mem type="tenure" free="5053648" total="6291456" percent="80" macro-fragmented="3732887">
      <mem type="soa" free="4739280" total="5977088" percent="79" />
      <mem type="loa" free="314368" total="314368" percent="100" />
    </mem>
    <pending-finalizers system="0" default="0" reference="11" classloader="0" />
    <remembered-set count="757" />
  </mem-info>
</gc-end>
<cycle-end id="337" type="scavenge" contextid="331" timestamp="2019-06-16T22:58:43.725" />
  <attribute name="elasticGC enabled" value="1" />
  <attribute name= "numThreadsSpecified" value="4" />
  <attribute name="heapSize specified" value="8388608" />
  <attribute name="Current GC Util" value="1" />
  <attribute name= "Current Time Running" value="15301" />
  <attribute name ="GC Interval" value="200" />
  <attribute name="ProportionalT" value="-9.500000" />
  <attribute name="ProportionalI" value="-9.500000" />
  <attribute name="ProportionalH" value="-9.500000" />
  <attribute name="Current Error" value="-19.000000" />
  <attribute name="IntegralT" value="-427.500000" />
  <attribute name="IntegralI" value="-427.500000" />
  <attribute name="IntegralH" value="-427.500000" />
  <attribute name="DerivativeT" value="-0.422222" />
  <attribute name="DerivativeI" value="-0.422222" />
  <attribute name="DerivativeH" value="-0.422222" />
  <attribute name="Loop Time for DT" value="45.000000" />
  <attribute name="Output H" value="2092630016"/>
  <attribute name="Output I" value="200"/>
  <attribute name="Output T" value="4"/>
  <attribute name="Target GC Util Change" value ="20.000000" />
  <attribute name="Current GC Util Change" value="1.000000"/>
  <attribute name="GC Util currently" value="1" />
  <attribute name="CPU Util currently" value="100726340921" />
<allocation-satisfied id="338" threadId="0000000000A2B700" bytesRequested="112" />
<af-end id="339" timestamp="2019-06-16T22:58:43.726" threadId="0000000000A2C088" success="true" from="nursery"/>
<exclusive-end id="340" timestamp="2019-06-16T22:58:43.726" durationms="1.000" />

<exclusive-start id="341" timestamp="2019-06-16T22:58:43.809" intervalms="84.332">
  <response-info timems="0.037" idlems="0.037" threads="0" lastid="0000000000A2B700" lastname="main" />
</exclusive-start>
<af-start id="342" threadId="0000000000A2C088" totalBytesRequested="1032" timestamp="2019-06-16T22:58:43.809" intervalms="84.380" type="nursery" />
<cycle-start id="343" type="scavenge" contextid="0" timestamp="2019-06-16T22:58:43.809" intervalms="84.411" />
<gc-start id="344" type="scavenge" contextid="343" timestamp="2019-06-16T22:58:43.809">
  <mem-info id="345" free="5015072" total="8388608" percent="59">
    <mem type="nursery" free="0" total="2097152" percent="0">
      <mem type="allocate" free="0" total="1835008" percent="0" />
      <mem type="survivor" free="0" total="262144" percent="0" />
    </mem>
    <mem type="tenure" free="5015072" total="6291456" percent="79">
      <mem type="soa" free="4700704" total="5977088" percent="78" />
      <mem type="loa" free="314368" total="314368" percent="100" />
    </mem>
    <remembered-set count="1214" />
  </mem-info>
</gc-start>
<allocation-stats totalBytes="1715072" >
  <allocated-bytes non-tlh="104232" tlh="1610840" />
  <largest-consumer threadName="main" threadId="0000000000A2B700" bytes="1715072" />
</allocation-stats>
<gc-op id="346" type="scavenge" timems="0.523" contextid="343" timestamp="2019-06-16T22:58:43.810">
  <scavenger-info tenureage="14" tenuremask="4000" tiltratio="87" />
  <memory-copied type="nursery" objects="3012" bytes="262000" bytesdiscarded="48" />
  <memory-copied type="tenure" objects="1964" bytes="98280" bytesdiscarded="0" />
  <copy-failed type="nursery" objects="1964" bytes="98336" />
  <references type="soft" candidates="2" cleared="0" enqueued="0" dynamicThreshold="26" maxThreshold="32" />
  <references type="weak" candidates="11" cleared="6" enqueued="6" />
  <references type="phantom" candidates="5" cleared="0" enqueued="0" />
</gc-op>
<gc-end id="347" type="scavenge" contextid="343" durationms="0.821" usertimems="4.000" systemtimems="0.000" timestamp="2019-06-16T22:58:43.810" activeThreads="4">
  <mem-info id="348" free="5905448" total="8388608" percent="70">
    <mem type="nursery" free="1179648" total="2097152" percent="56">
      <mem type="allocate" free="1179648" total="1441792" percent="81" />
      <mem type="survivor" free="0" total="655360" percent="0" />
    </mem>
    <mem type="tenure" free="4725800" total="6291456" percent="75" macro-fragmented="3732887">
      <mem type="soa" free="4411432" total="5977088" percent="73" />
      <mem type="loa" free="314368" total="314368" percent="100" />
    </mem>
    <pending-finalizers system="0" default="0" reference="6" classloader="0" />
    <remembered-set count="922" />
  </mem-info>
</gc-end>
<cycle-end id="349" type="scavenge" contextid="343" timestamp="2019-06-16T22:58:43.810" />
  <attribute name="elasticGC enabled" value="1" />
  <attribute name= "numThreadsSpecified" value="4" />
  <attribute name="heapSize specified" value="8388608" />
  <attribute name="Current GC Util" value="0" />
  <attribute name= "Current Time Running" value="15386" />
  <attribute name ="GC Interval" value="200" />
  <attribute name="ProportionalT" value="-10.000000" />
  <attribute name="ProportionalI" value="-10.000000" />
  <attribute name="ProportionalH" value="-10.000000" />
  <attribute name="Current Error" value="-20.000000" />
  <attribute name="IntegralT" value="-850.000000" />
  <attribute name="IntegralI" value="-850.000000" />
  <attribute name="IntegralH" value="-850.000000" />
  <attribute name="DerivativeT" value="-0.235294" />
  <attribute name="DerivativeI" value="-0.235294" />
  <attribute name="DerivativeH" value="-0.235294" />
  <attribute name="Loop Time for DT" value="85.000000" />
  <attribute name="Output H" value="2092630016"/>
  <attribute name="Output I" value="200"/>
  <attribute name="Output T" value="4"/>
  <attribute name="Target GC Util Change" value ="20.000000" />
  <attribute name="Current GC Util Change" value="0.000000"/>
  <attribute name="GC Util currently" value="0" />
  <attribute name="CPU Util currently" value="54561884244" />
<allocation-satisfied id="350" threadId="0000000000A2B700" bytesRequested="1032" />
<af-end id="351" timestamp="2019-06-16T22:58:43.810" threadId="0000000000A2C088" success="true" from="nursery"/>
<exclusive-end id="352" timestamp="2019-06-16T22:58:43.810" durationms="1.379" />

<exclusive-start id="353" timestamp="2019-06-16T22:58:43.864" intervalms="55.023">
  <response-info timems="0.036" idlems="0.036" threads="0" lastid="0000000000A2B700" lastname="main" />
</exclusive-start>
<af-start id="354" threadId="0000000000A2C088" totalBytesRequested="208" timestamp="2019-06-16T22:58:43.864" intervalms="54.977" type="nursery" />
<cycle-start id="355" type="scavenge" contextid="0" timestamp="2019-06-16T22:58:43.864" intervalms="54.938" />
<gc-start id="356" type="scavenge" contextid="355" timestamp="2019-06-16T22:58:43.864">
  <mem-info id="357" free="4697560" total="8388608" percent="55">
    <mem type="nursery" free="0" total="2097152" percent="0">
      <mem type="allocate" free="0" total="1441792" percent="0" />
      <mem type="survivor" free="0" total="655360" percent="0" />
    </mem>
    <mem type="tenure" free="4697560" total="6291456" percent="74">
      <mem type="soa" free="4383192" total="5977088" percent="73" />
      <mem type="loa" free="314368" total="314368" percent="100" />
    </mem>
    <remembered-set count="1294" />
  </mem-info>
</gc-start>
<allocation-stats totalBytes="1206344" >
  <allocated-bytes non-tlh="29272" tlh="1177072" />
  <largest-consumer threadName="main" threadId="0000000000A2B700" bytes="1206344" />
</allocation-stats>
<gc-op id="358" type="scavenge" timems="0.718" contextid="355" timestamp="2019-06-16T22:58:43.865">
  <scavenger-info tenureage="3" tenuremask="fff8" tiltratio="68" />
  <memory-copied type="nursery" objects="3446" bytes="284304" bytesdiscarded="49048" />
  <memory-copied type="tenure" objects="1590" bytes="74528" bytesdiscarded="0" />
  <finalization candidates="5" enqueued="0" />
  <references type="soft" candidates="1" cleared="0" enqueued="0" dynamicThreshold="26" maxThreshold="32" />
  <references type="weak" candidates="105" cleared="35" enqueued="24" />
  <references type="phantom" candidates="2" cleared="1" enqueued="1" />
</gc-op>
<gc-end id="359" type="scavenge" contextid="355" durationms="0.966" usertimems="0.000" systemtimems="0.000" timestamp="2019-06-16T22:58:43.865" activeThreads="4">
  <mem-info id="360" free="5871504" total="8388608" percent="69">
    <mem type="nursery" free="1173944" total="2097152" percent="55">
      <mem type="allocate" free="1173944" total="1507328" percent="77" />
      <mem type="survivor" free="0" total="589824" percent="0" />
    </mem>
    <mem type="tenure" free="4697560" total="6291456" percent="74" macro-fragmented="3732887">
      <mem type="soa" free="4383192" total="5977088" percent="73" />
      <mem type="loa" free="314368" total="314368" percent="100" />
    </mem>
    <pending-finalizers system="0" default="0" reference="25" classloader="0" />
    <remembered-set count="979" />
  </mem-info>
</gc-end>
<cycle-end id="361" type="scavenge" contextid="355" timestamp="2019-06-16T22:58:43.865" />
  <attribute name="elasticGC enabled" value="1" />
  <attribute name= "numThreadsSpecified" value="4" />
  <attribute name="heapSize specified" value="8388608" />
  <attribute name="Current GC Util" value="2" />
  <attribute name= "Current Time Running" value="15441" />
  <attribute name ="GC Interval" value="200" />
  <attribute name="ProportionalT" value="-9.000000" />
  <attribute name="ProportionalI" value="-9.000000" />
  <attribute name="ProportionalH" value="-9.000000" />
  <attribute name="Current Error" value="-18.000000" />
  <attribute name="IntegralT" value="-495.000000" />
  <attribute name="IntegralI" value="-495.000000" />
  <attribute name="IntegralH" value="-495.000000" />
  <attribute name="DerivativeT" value="-0.327273" />
  <attribute name="DerivativeI" value="-0.327273" />
  <attribute name="DerivativeH" value="-0.327273" />
  <attribute name="Loop Time for DT" value="55.000000" />
  <attribute name="Output H" value="2092630016"/>
  <attribute name="Output I" value="200"/>
  <attribute name="Output T" value="4"/>
  <attribute name="Target GC Util Change" value ="20.000000" />
  <attribute name="Current GC Util Change" value="2.000000"/>
  <attribute name="GC Util currently" value="2" />
  <attribute name="CPU Util currently" value="21" />
<allocation-satisfied id="362" threadId="0000000000A2B700" bytesRequested="208" />
<af-end id="363" timestamp="2019-06-16T22:58:43.865" threadId="0000000000A2C088" success="true" from="nursery"/>
<exclusive-end id="364" timestamp="2019-06-16T22:58:43.865" durationms="1.348" />

<exclusive-start id="365" timestamp="2019-06-16T22:58:44.165" intervalms="301.490">
  <response-info timems="0.038" idlems="0.038" threads="0" lastid="0000000000A2B700" lastname="main" />
</exclusive-start>
<af-start id="366" threadId="0000000000A2C088" totalBytesRequested="40" timestamp="2019-06-16T22:58:44.166" intervalms="301.542" type="nursery" />
<cycle-start id="367" type="scavenge" contextid="0" timestamp="2019-06-16T22:58:44.166" intervalms="301.570" />
<gc-start id="368" type="scavenge" contextid="367" timestamp="2019-06-16T22:58:44.166">
  <mem-info id="369" free="4697296" total="8388608" percent="55">
    <mem type="nursery" free="0" total="2097152" percent="0">
      <mem type="allocate" free="0" total="1507328" percent="0" />
      <mem type="survivor" free="0" total="589824" percent="0" />
    </mem>
    <mem type="tenure" free="4697296" total="6291456" percent="74">
      <mem type="soa" free="4382928" total="5977088" percent="73" />
      <mem type="loa" free="314368" total="314368" percent="100" />
    </mem>
    <remembered-set count="985" />
  </mem-info>
</gc-start>
<allocation-stats totalBytes="1173248" >
  <allocated-bytes non-tlh="472" tlh="1172776" />
  <largest-consumer threadName="main" threadId="0000000000A2B700" bytes="1161416" />
</allocation-stats>
<gc-op id="370" type="scavenge" timems="0.643" contextid="367" timestamp="2019-06-16T22:58:44.167">
  <scavenger-info tenureage="3" tenuremask="ffe8" tiltratio="71" />
  <memory-copied type="nursery" objects="5264" bytes="425816" bytesdiscarded="38552" />
  <memory-copied type="tenure" objects="97" bytes="3944" bytesdiscarded="0" />
  <finalization candidates="5" enqueued="0" />
  <references type="soft" candidates="1" cleared="0" enqueued="0" dynamicThreshold="26" maxThreshold="32" />
  <references type="weak" candidates="70" cleared="0" enqueued="0" />
  <references type="phantom" candidates="1" cleared="0" enqueued="0" />
</gc-op>
<gc-end id="371" type="scavenge" contextid="367" durationms="1.016" usertimems="0.000" systemtimems="0.000" timestamp="2019-06-16T22:58:44.167" activeThreads="4">
  <mem-info id="372" free="5674704" total="8388608" percent="67">
    <mem type="nursery" free="977408" total="2097152" percent="46">
      <mem type="allocate" free="977408" total="1441792" percent="67" />
      <mem type="survivor" free="0" total="655360" percent="0" />
    </mem>
    <mem type="tenure" free="4697296" total="6291456" percent="74" macro-fragmented="3732887">
      <mem type="soa" free="4382928" total="5977088" percent="73" />
      <mem type="loa" free="314368" total="314368" percent="100" />
    </mem>
    <remembered-set count="566" />
  </mem-info>
</gc-end>
<cycle-end id="373" type="scavenge" contextid="367" timestamp="2019-06-16T22:58:44.167" />
  <attribute name="elasticGC enabled" value="1" />
  <attribute name= "numThreadsSpecified" value="4" />
  <attribute name="heapSize specified" value="8388608" />
  <attribute name="Current GC Util" value="0" />
  <attribute name= "Current Time Running" value="15742" />
  <attribute name ="GC Interval" value="200" />
  <attribute name="ProportionalT" value="-10.000000" />
  <attribute name="ProportionalI" value="-10.000000" />
  <attribute name="ProportionalH" value="-10.000000" />
  <attribute name="Current Error" value="-20.000000" />
  <attribute name="IntegralT" value="-3010.000000" />
  <attribute name="IntegralI" value="-3010.000000" />
  <attribute name="IntegralH" value="-3010.000000" />
  <attribute name="DerivativeT" value="-0.066445" />
  <attribute name="DerivativeI" value="-0.066445" />
  <attribute name="DerivativeH" value="-0.066445" />
  <attribute name="Loop Time for DT" value="301.000000" />
  <attribute name="Output H" value="2092630016"/>
  <attribute name="Output I" value="200"/>
  <attribute name="Output T" value="4"/>
  <attribute name="Target GC Util Change" value ="20.000000" />
  <attribute name="Current GC Util Change" value="0.000000"/>
  <attribute name="GC Util currently" value="0" />
  <attribute name="CPU Util currently" value="3" />
<allocation-satisfied id="374" threadId="0000000000A2B700" bytesRequested="40" />
<af-end id="375" timestamp="2019-06-16T22:58:44.167" threadId="0000000000A2C088" success="true" from="nursery"/>
<exclusive-end id="376" timestamp="2019-06-16T22:58:44.167" durationms="1.619" />

<exclusive-start id="377" timestamp="2019-06-16T22:58:44.208" intervalms="42.298">
  <response-info timems="0.046" idlems="0.046" threads="0" lastid="0000000000D3BC00" lastname="PmdThread 1" />
</exclusive-start>
<af-start id="378" threadId="0000000000D3C588" totalBytesRequested="32" timestamp="2019-06-16T22:58:44.208" intervalms="42.251" type="nursery" />
<cycle-start id="379" type="scavenge" contextid="0" timestamp="2019-06-16T22:58:44.208" intervalms="42.203" />
<gc-start id="380" type="scavenge" contextid="379" timestamp="2019-06-16T22:58:44.208">
  <mem-info id="381" free="4694424" total="8388608" percent="55">
    <mem type="nursery" free="0" total="2097152" percent="0">
      <mem type="allocate" free="0" total="1441792" percent="0" />
      <mem type="survivor" free="0" total="655360" percent="0" />
    </mem>
    <mem type="tenure" free="4694424" total="6291456" percent="74">
      <mem type="soa" free="4380056" total="5977088" percent="73" />
      <mem type="loa" free="314368" total="314368" percent="100" />
    </mem>
    <remembered-set count="629" />
  </mem-info>
</gc-start>
<allocation-stats totalBytes="979104" >
  <allocated-bytes non-tlh="11120" tlh="967984" />
  <largest-consumer threadName="main" threadId="0000000000A2B700" bytes="211640" />
</allocation-stats>
<gc-op id="382" type="scavenge" timems="0.969" contextid="379" timestamp="2019-06-16T22:58:44.209">
  <scavenger-info tenureage="3" tenuremask="ffe8" tiltratio="68" />
  <memory-copied type="nursery" objects="8605" bytes="654808" bytesdiscarded="424" />
  <memory-copied type="tenure" objects="7430" bytes="448952" bytesdiscarded="256" />
  <copy-failed type="nursery" objects="6251" bytes="280688" />
  <finalization candidates="6" enqueued="0" />
  <ownableSynchronizers candidates="7" cleared="0" />
  <references type="soft" candidates="1" cleared="0" enqueued="0" dynamicThreshold="26" maxThreshold="32" />
  <references type="weak" candidates="410" cleared="188" enqueued="126" />
  <references type="phantom" candidates="5" cleared="0" enqueued="0" />
</gc-op>
<gc-end id="383" type="scavenge" contextid="379" durationms="1.245" usertimems="0.000" systemtimems="0.000" timestamp="2019-06-16T22:58:44.209" activeThreads="4">
  <mem-info id="384" free="4587944" total="8388608" percent="54">
    <mem type="nursery" free="393216" total="2097152" percent="18">
      <mem type="allocate" free="393216" total="1048576" percent="37" />
      <mem type="survivor" free="0" total="1048576" percent="0" />
    </mem>
    <mem type="tenure" free="4194728" total="6291456" percent="66" macro-fragmented="3732887">
      <mem type="soa" free="3880360" total="5977088" percent="64" />
      <mem type="loa" free="314368" total="314368" percent="100" />
    </mem>
    <pending-finalizers system="0" default="0" reference="126" classloader="0" />
    <remembered-set count="427" />
  </mem-info>
</gc-end>
<cycle-end id="385" type="scavenge" contextid="379" timestamp="2019-06-16T22:58:44.209" />
  <attribute name="elasticGC enabled" value="1" />
  <attribute name= "numThreadsSpecified" value="4" />
  <attribute name="heapSize specified" value="8388608" />
  <attribute name="Current GC Util" value="2" />
  <attribute name= "Current Time Running" value="15785" />
  <attribute name ="GC Interval" value="200" />
  <attribute name="ProportionalT" value="-9.000000" />
  <attribute name="ProportionalI" value="-9.000000" />
  <attribute name="ProportionalH" value="-9.000000" />
  <attribute name="Current Error" value="-18.000000" />
  <attribute name="IntegralT" value="-387.000000" />
  <attribute name="IntegralI" value="-387.000000" />
  <attribute name="IntegralH" value="-387.000000" />
  <attribute name="DerivativeT" value="-0.418605" />
  <attribute name="DerivativeI" value="-0.418605" />
  <attribute name="DerivativeH" value="-0.418605" />
  <attribute name="Loop Time for DT" value="43.000000" />
  <attribute name="Output H" value="2092630016"/>
  <attribute name="Output I" value="200"/>
  <attribute name="Output T" value="4"/>
  <attribute name="Target GC Util Change" value ="20.000000" />
  <attribute name="Current GC Util Change" value="2.000000"/>
  <attribute name="GC Util currently" value="2" />
  <attribute name="CPU Util currently" value="26" />
<allocation-satisfied id="386" threadId="0000000000D3BC00" bytesRequested="32" />
<af-end id="387" timestamp="2019-06-16T22:58:44.209" threadId="0000000000D3C588" success="true" from="nursery"/>
<exclusive-end id="388" timestamp="2019-06-16T22:58:44.209" durationms="1.677" />

<exclusive-start id="389" timestamp="2019-06-16T22:58:44.219" intervalms="11.733">
  <response-info timems="0.052" idlems="0.028" threads="1" lastid="0000000000D47000" lastname="PmdThread 4" />
</exclusive-start>
<af-start id="390" threadId="0000000000D43D88" totalBytesRequested="1144" timestamp="2019-06-16T22:58:44.220" intervalms="11.727" type="nursery" />
<cycle-start id="391" type="scavenge" contextid="0" timestamp="2019-06-16T22:58:44.220" intervalms="11.778" />
<gc-start id="392" type="scavenge" contextid="391" timestamp="2019-06-16T22:58:44.220">
  <mem-info id="393" free="4194728" total="8388608" percent="50">
    <mem type="nursery" free="0" total="2097152" percent="0">
      <mem type="allocate" free="0" total="1048576" percent="0" />
      <mem type="survivor" free="0" total="1048576" percent="0" />
    </mem>
    <mem type="tenure" free="4194728" total="6291456" percent="66">
      <mem type="soa" free="3880360" total="5977088" percent="64" />
      <mem type="loa" free="314368" total="314368" percent="100" />
    </mem>
    <remembered-set count="436" />
  </mem-info>
</gc-start>
<allocation-stats totalBytes="390680" >
  <allocated-bytes non-tlh="32" tlh="390648" />
  <largest-consumer threadName="PmdThread 3" threadId="0000000000D43400" bytes="154088" />
</allocation-stats>
<gc-op id="394" type="scavenge" timems="2.708" contextid="391" timestamp="2019-06-16T22:58:44.223">
  <scavenger-info tenureage="3" tenuremask="ffe8" tiltratio="50" />
  <memory-copied type="nursery" objects="10324" bytes="766120" bytesdiscarded="213152" />
  <memory-copied type="tenure" objects="1652" bytes="63112" bytesdiscarded="120" />
  <finalization candidates="6" enqueued="0" />
  <ownableSynchronizers candidates="7" cleared="0" />
  <references type="weak" candidates="152" cleared="0" enqueued="0" />
  <references type="phantom" candidates="2" cleared="0" enqueued="0" />
</gc-op>
<heap-resize id="395" type="expand" space="nursery" amount="262144" count="1" timems="0.142" reason="excessive time being spent scavenging" timestamp="2019-06-16T22:58:44.223" />
<gc-end id="396" type="scavenge" contextid="391" durationms="3.325" usertimems="4.000" systemtimems="0.000" timestamp="2019-06-16T22:58:44.223" activeThreads="4">
  <mem-info id="397" free="4316696" total="8650752" percent="49">
    <mem type="nursery" free="200304" total="2359296" percent="8">
      <mem type="allocate" free="200304" total="1179648" percent="16" />
      <mem type="survivor" free="0" total="1179648" percent="0" />
    </mem>
    <mem type="tenure" free="4116392" total="6291456" percent="65" macro-fragmented="3110739">
      <mem type="soa" free="3802024" total="5977088" percent="63" />
      <mem type="loa" free="314368" total="314368" percent="100" />
    </mem>
    <remembered-set count="169" />
  </mem-info>
</gc-end>
<cycle-end id="398" type="scavenge" contextid="391" timestamp="2019-06-16T22:58:44.223" />
  <attribute name="elasticGC enabled" value="1" />
  <attribute name= "numThreadsSpecified" value="4" />
  <attribute name="heapSize specified" value="8388608" />
  <attribute name="Current GC Util" value="17" />
  <attribute name= "Current Time Running" value="15796" />
  <attribute name ="GC Interval" value="200" />
  <attribute name="ProportionalT" value="-1.500000" />
  <attribute name="ProportionalI" value="-1.500000" />
  <attribute name="ProportionalH" value="-1.500000" />
  <attribute name="Current Error" value="-3.000000" />
  <attribute name="IntegralT" value="-16.500000" />
  <attribute name="IntegralI" value="-16.500000" />
  <attribute name="IntegralH" value="-16.500000" />
  <attribute name="DerivativeT" value="-0.272727" />
  <attribute name="DerivativeI" value="-0.272727" />
  <attribute name="DerivativeH" value="-0.272727" />
  <attribute name="Loop Time for DT" value="11.000000" />
  <attribute name="Output H" value="2092630016"/>
  <attribute name="Output I" value="200"/>
  <attribute name="Output T" value="4"/>
  <attribute name="Target GC Util Change" value ="20.000000" />
  <attribute name="Current GC Util Change" value="17.000000"/>
  <attribute name="GC Util currently" value="17" />
  <attribute name="CPU Util currently" value="389093997044" />
<allocation-satisfied id="399" threadId="0000000000D43400" bytesRequested="1144" />
<af-end id="400" timestamp="2019-06-16T22:58:44.224" threadId="0000000000D43D88" success="true" from="nursery"/>
<exclusive-end id="401" timestamp="2019-06-16T22:58:44.224" durationms="4.213" />

<exclusive-start id="402" timestamp="2019-06-16T22:58:44.230" intervalms="10.464">
  <response-info timems="0.042" idlems="0.042" threads="0" lastid="0000000000D43400" lastname="PmdThread 3" />
</exclusive-start>
<af-start id="403" threadId="0000000000D43D88" totalBytesRequested="1144" timestamp="2019-06-16T22:58:44.230" intervalms="10.436" type="nursery" />
<cycle-start id="404" type="scavenge" contextid="0" timestamp="2019-06-16T22:58:44.230" intervalms="10.402" />
<gc-start id="405" type="scavenge" contextid="404" timestamp="2019-06-16T22:58:44.230">
  <mem-info id="406" free="4116392" total="8650752" percent="47">
    <mem type="nursery" free="0" total="2359296" percent="0">
      <mem type="allocate" free="0" total="1179648" percent="0" />
      <mem type="survivor" free="0" total="1179648" percent="0" />
    </mem>
    <mem type="tenure" free="4116392" total="6291456" percent="65">
      <mem type="soa" free="3802024" total="5977088" percent="63" />
      <mem type="loa" free="314368" total="314368" percent="100" />
    </mem>
    <remembered-set count="170" />
  </mem-info>
</gc-start>
<allocation-stats totalBytes="197872" >
  <allocated-bytes non-tlh="1144" tlh="196728" />
  <largest-consumer threadName="PmdThread 4" threadId="0000000000D47000" bytes="121152" />
</allocation-stats>
<gc-op id="407" type="scavenge" timems="1.189" contextid="404" timestamp="2019-06-16T22:58:44.231">
  <scavenger-info tenureage="5" tenuremask="ffe0" tiltratio="50" />
  <memory-copied type="nursery" objects="11311" bytes="823848" bytesdiscarded="112528" />
  <finalization candidates="1" enqueued="0" />
  <ownableSynchronizers candidates="7" cleared="0" />
  <references type="weak" candidates="152" cleared="0" enqueued="0" />
  <references type="phantom" candidates="1" cleared="0" enqueued="0" />
</gc-op>
<heap-resize id="408" type="expand" space="nursery" amount="131072" count="1" timems="0.064" reason="excessive time being spent scavenging" timestamp="2019-06-16T22:58:44.231" />
<gc-end id="409" type="scavenge" contextid="404" durationms="1.620" usertimems="0.000" systemtimems="0.000" timestamp="2019-06-16T22:58:44.232" activeThreads="4">
  <mem-info id="410" free="4425144" total="8781824" percent="50">
    <mem type="nursery" free="308752" total="2490368" percent="12">
      <mem type="allocate" free="308752" total="1245184" percent="24" />
      <mem type="survivor" free="0" total="1245184" percent="0" />
    </mem>
    <mem type="tenure" free="4116392" total="6291456" percent="65" macro-fragmented="0">
      <mem type="soa" free="3802024" total="5977088" percent="63" />
      <mem type="loa" free="314368" total="314368" percent="100" />
    </mem>
    <remembered-set count="150" />
  </mem-info>
</gc-end>
<cycle-end id="411" type="scavenge" contextid="404" timestamp="2019-06-16T22:58:44.232" />
  <attribute name="elasticGC enabled" value="1" />
  <attribute name= "numThreadsSpecified" value="4" />
  <attribute name="heapSize specified" value="8388608" />
  <attribute name="Current GC Util" value="35" />
  <attribute name= "Current Time Running" value="15807" />
  <attribute name ="GC Interval" value="200" />
  <attribute name="ProportionalT" value="7.500000" />
  <attribute name="ProportionalI" value="7.500000" />
  <attribute name="ProportionalH" value="7.500000" />
  <attribute name="Current Error" value="15.000000" />
  <attribute name="IntegralT" value="82.500000" />
  <attribute name="IntegralI" value="82.500000" />
  <attribute name="IntegralH" value="82.500000" />
  <attribute name="DerivativeT" value="1.363636" />
  <attribute name="DerivativeI" value="1.363636" />
  <attribute name="DerivativeH" value="1.363636" />
  <attribute name="Loop Time for DT" value="11.000000" />
  <attribute name="Output H" value="8388608"/>
  <attribute name="Output I" value="200"/>
  <attribute name="Output T" value="4"/>
  <attribute name="Target GC Util Change" value ="20.000000" />
  <attribute name="Current GC Util Change" value="35.000000"/>
  <attribute name="GC Util currently" value="35" />
  <attribute name="CPU Util currently" value="449083451697" />
<allocation-satisfied id="412" threadId="0000000000D43400" bytesRequested="1144" />
<af-end id="413" timestamp="2019-06-16T22:58:44.232" threadId="0000000000D43D88" success="true" from="nursery"/>
<exclusive-end id="414" timestamp="2019-06-16T22:58:44.232" durationms="1.986" />

<exclusive-start id="415" timestamp="2019-06-16T22:58:44.234" intervalms="3.766">
  <response-info timems="0.026" idlems="0.026" threads="0" lastid="0000000000D3F800" lastname="PmdThread 2" />
</exclusive-start>
<af-start id="416" threadId="0000000000D40188" totalBytesRequested="16" timestamp="2019-06-16T22:58:44.234" intervalms="3.781" type="nursery" />
<cycle-start id="417" type="scavenge" contextid="0" timestamp="2019-06-16T22:58:44.234" intervalms="3.787" />
<gc-start id="418" type="scavenge" contextid="417" timestamp="2019-06-16T22:58:44.234">
  <mem-info id="419" free="4116392" total="8781824" percent="46">
    <mem type="nursery" free="0" total="2490368" percent="0">
      <mem type="allocate" free="0" total="1245184" percent="0" />
      <mem type="survivor" free="0" total="1245184" percent="0" />
    </mem>
    <mem type="tenure" free="4116392" total="6291456" percent="65">
      <mem type="soa" free="3802024" total="5977088" percent="63" />
      <mem type="loa" free="314368" total="314368" percent="100" />
    </mem>
    <remembered-set count="151" />
  </mem-info>
</gc-start>
<allocation-stats totalBytes="306840" >
  <allocated-bytes non-tlh="1144" tlh="305696" />
  <largest-consumer threadName="PmdThread 3" threadId="0000000000D43400" bytes="187512" />
</allocation-stats>
<gc-op id="420" type="scavenge" timems="0.644" contextid="417" timestamp="2019-06-16T22:58:44.235">
  <scavenger-info tenureage="2" tenuremask="ffe4" tiltratio="50" />
  <memory-copied type="nursery" objects="8203" bytes="687072" bytesdiscarded="220672" />
  <memory-copied type="tenure" objects="3969" bytes="205272" bytesdiscarded="64" />
  <finalization candidates="1" enqueued="0" />
  <ownableSynchronizers candidates="7" cleared="0" />
  <references type="weak" candidates="152" cleared="0" enqueued="0" />
  <references type="phantom" candidates="1" cleared="0" enqueued="0" />
</gc-op>
<gc-end id="421" type="scavenge" contextid="417" durationms="0.873" usertimems="0.000" systemtimems="0.000" timestamp="2019-06-16T22:58:44.235" activeThreads="4">
  <mem-info id="422" free="4165776" total="8781824" percent="47">
    <mem type="nursery" free="337384" total="2490368" percent="13">
      <mem type="allocate" free="337384" total="1245184" percent="27" />
      <mem type="survivor" free="0" total="1245184" percent="0" />
    </mem>
    <mem type="tenure" free="3828392" total="6291456" percent="60" macro-fragmented="1800196">
      <mem type="soa" free="3514024" total="5977088" percent="58" />
      <mem type="loa" free="314368" total="314368" percent="100" />
    </mem>
    <remembered-set count="783" />
  </mem-info>
</gc-end>
<cycle-end id="423" type="scavenge" contextid="417" timestamp="2019-06-16T22:58:44.235" />
  <attribute name="elasticGC enabled" value="1" />
  <attribute name= "numThreadsSpecified" value="4" />
  <attribute name="heapSize specified" value="8388608" />
  <attribute name="Current GC Util" value="68" />
  <attribute name= "Current Time Running" value="15810" />
  <attribute name ="GC Interval" value="200" />
  <attribute name="ProportionalT" value="24.000000" />
  <attribute name="ProportionalI" value="24.000000" />
  <attribute name="ProportionalH" value="24.000000" />
  <attribute name="Current Error" value="48.000000" />
  <attribute name="IntegralT" value="72.000000" />
  <attribute name="IntegralI" value="72.000000" />
  <attribute name="IntegralH" value="72.000000" />
  <attribute name="DerivativeT" value="11.000000" />
  <attribute name="DerivativeI" value="11.000000" />
  <attribute name="DerivativeH" value="11.000000" />
  <attribute name="Loop Time for DT" value="3.000000" />
  <attribute name="Output H" value="8388608"/>
  <attribute name="Output I" value="200"/>
  <attribute name="Output T" value="4"/>
  <attribute name="Target GC Util Change" value ="20.000000" />
  <attribute name="Current GC Util Change" value="68.000000"/>
  <attribute name="GC Util currently" value="68" />
  <attribute name="CPU Util currently" value="1214420358369" />
<allocation-satisfied id="424" threadId="0000000000D3F800" bytesRequested="16" />
<af-end id="425" timestamp="2019-06-16T22:58:44.235" threadId="0000000000D40188" success="true" from="nursery"/>
<exclusive-end id="426" timestamp="2019-06-16T22:58:44.235" durationms="1.271" />

<exclusive-start id="427" timestamp="2019-06-16T22:58:44.244" intervalms="9.926">
  <response-info timems="0.039" idlems="0.039" threads="0" lastid="0000000000D43400" lastname="PmdThread 3" />
</exclusive-start>
<af-start id="428" threadId="0000000000D43D88" totalBytesRequested="1608" timestamp="2019-06-16T22:58:44.244" intervalms="9.931" type="nursery" />
<cycle-start id="429" type="scavenge" contextid="0" timestamp="2019-06-16T22:58:44.244" intervalms="9.937" />
<gc-start id="430" type="scavenge" contextid="429" timestamp="2019-06-16T22:58:44.244">
  <mem-info id="431" free="3827416" total="8781824" percent="43">
    <mem type="nursery" free="0" total="2490368" percent="0">
      <mem type="allocate" free="0" total="1245184" percent="0" />
      <mem type="survivor" free="0" total="1245184" percent="0" />
    </mem>
    <mem type="tenure" free="3827416" total="6291456" percent="60">
      <mem type="soa" free="3513048" total="5977088" percent="58" />
      <mem type="loa" free="314368" total="314368" percent="100" />
    </mem>
    <remembered-set count="810" />
  </mem-info>
</gc-start>
<allocation-stats totalBytes="334640" >
  <allocated-bytes non-tlh="992" tlh="333648" />
  <largest-consumer threadName="PmdThread 4" threadId="0000000000D47000" bytes="192112" />
</allocation-stats>
<gc-op id="432" type="scavenge" timems="1.352" contextid="429" timestamp="2019-06-16T22:58:44.245">
  <scavenger-info tenureage="5" tenuremask="ffe0" tiltratio="50" />
  <memory-copied type="nursery" objects="7802" bytes="702312" bytesdiscarded="147320" />
  <memory-copied type="tenure" objects="1386" bytes="87504" bytesdiscarded="0" />
  <finalization candidates="1" enqueued="0" />
  <ownableSynchronizers candidates="7" cleared="0" />
  <references type="weak" candidates="153" cleared="0" enqueued="0" />
  <references type="phantom" candidates="3" cleared="0" enqueued="0" />
</gc-op>
<heap-resize id="433" type="expand" space="nursery" amount="131072" count="1" timems="0.013" reason="excessive time being spent scavenging" timestamp="2019-06-16T22:58:44.245" />
<gc-end id="434" type="scavenge" contextid="429" durationms="1.655" usertimems="4.000" systemtimems="0.000" timestamp="2019-06-16T22:58:44.245" activeThreads="4">
  <mem-info id="435" free="4244912" total="8912896" percent="47">
    <mem type="nursery" free="526552" total="2621440" percent="20">
      <mem type="allocate" free="526552" total="1376256" percent="38" />
      <mem type="survivor" free="0" total="1245184" percent="0" />
    </mem>
    <mem type="tenure" free="3718360" total="6291456" percent="59" macro-fragmented="3110739">
      <mem type="soa" free="3403992" total="5977088" percent="56" />
      <mem type="loa" free="314368" total="314368" percent="100" />
    </mem>
    <remembered-set count="820" />
  </mem-info>
</gc-end>
<cycle-end id="436" type="scavenge" contextid="429" timestamp="2019-06-16T22:58:44.246" />
  <attribute name="elasticGC enabled" value="1" />
  <attribute name= "numThreadsSpecified" value="4" />
  <attribute name="heapSize specified" value="8388608" />
  <attribute name="Current GC Util" value="17" />
  <attribute name= "Current Time Running" value="15820" />
  <attribute name ="GC Interval" value="200" />
  <attribute name="ProportionalT" value="-1.500000" />
  <attribute name="ProportionalI" value="-1.500000" />
  <attribute name="ProportionalH" value="-1.500000" />
  <attribute name="Current Error" value="-3.000000" />
  <attribute name="IntegralT" value="-15.000000" />
  <attribute name="IntegralI" value="-15.000000" />
  <attribute name="IntegralH" value="-15.000000" />
  <attribute name="DerivativeT" value="-5.100000" />
  <attribute name="DerivativeI" value="-5.100000" />
  <attribute name="DerivativeH" value="-5.100000" />
  <attribute name="Loop Time for DT" value="10.000000" />
  <attribute name="Output H" value="2092630016"/>
  <attribute name="Output I" value="200"/>
  <attribute name="Output T" value="4"/>
  <attribute name="Target GC Util Change" value ="20.000000" />
  <attribute name="Current GC Util Change" value="17.000000"/>
  <attribute name="GC Util currently" value="17" />
  <attribute name="CPU Util currently" value="462591347654" />
<allocation-satisfied id="437" threadId="0000000000D43400" bytesRequested="1608" />
<af-end id="438" timestamp="2019-06-16T22:58:44.246" threadId="0000000000D43D88" success="true" from="nursery"/>
<exclusive-end id="439" timestamp="2019-06-16T22:58:44.246" durationms="2.110" />

<exclusive-start id="440" timestamp="2019-06-16T22:58:44.256" intervalms="12.264">
  <response-info timems="0.040" idlems="0.040" threads="0" lastid="0000000000D43400" lastname="PmdThread 3" />
</exclusive-start>
<af-start id="441" threadId="0000000000D43D88" totalBytesRequested="130056" timestamp="2019-06-16T22:58:44.256" intervalms="12.257" type="nursery" />
<cycle-start id="442" type="scavenge" contextid="0" timestamp="2019-06-16T22:58:44.256" intervalms="12.251" />
<gc-start id="443" type="scavenge" contextid="442" timestamp="2019-06-16T22:58:44.256">
  <mem-info id="444" free="3829576" total="8912896" percent="42">
    <mem type="nursery" free="114888" total="2621440" percent="4">
      <mem type="allocate" free="114888" total="1376256" percent="8" />
      <mem type="survivor" free="0" total="1245184" percent="0" />
    </mem>
    <mem type="tenure" free="3714688" total="6291456" percent="59">
      <mem type="soa" free="3400320" total="5977088" percent="56" />
      <mem type="loa" free="314368" total="314368" percent="100" />
    </mem>
    <remembered-set count="861" />
  </mem-info>
</gc-start>
<allocation-stats totalBytes="410304" >
  <allocated-bytes non-tlh="101552" tlh="308752" />
  <largest-consumer threadName="PmdThread 3" threadId="0000000000D43400" bytes="240776" />
</allocation-stats>
<gc-op id="445" type="scavenge" timems="1.536" contextid="442" timestamp="2019-06-16T22:58:44.258">
  <scavenger-info tenureage="2" tenuremask="ff94" tiltratio="52" />
  <memory-copied type="nursery" objects="7735" bytes="746544" bytesdiscarded="81000" />
  <memory-copied type="tenure" objects="911" bytes="81008" bytesdiscarded="16" />
  <finalization candidates="1" enqueued="0" />
  <ownableSynchronizers candidates="7" cleared="0" />
  <references type="weak" candidates="153" cleared="0" enqueued="0" />
  <references type="phantom" candidates="3" cleared="0" enqueued="0" />
</gc-op>
<gc-end id="446" type="scavenge" contextid="442" durationms="1.787" usertimems="4.000" systemtimems="0.000" timestamp="2019-06-16T22:58:44.258" activeThreads="4">
  <mem-info id="447" free="4257200" total="8912896" percent="47">
    <mem type="nursery" free="679680" total="2621440" percent="25">
      <mem type="allocate" free="679680" total="1507328" percent="45" />
      <mem type="survivor" free="0" total="1114112" percent="0" />
    </mem>
    <mem type="tenure" free="3577520" total="6291456" percent="56" macro-fragmented="2592282">
      <mem type="soa" free="3263152" total="5977088" percent="54" />
      <mem type="loa" free="314368" total="314368" percent="100" />
    </mem>
    <remembered-set count="1093" />
  </mem-info>
</gc-end>
<cycle-end id="448" type="scavenge" contextid="442" timestamp="2019-06-16T22:58:44.258" />
  <attribute name="elasticGC enabled" value="1" />
  <attribute name= "numThreadsSpecified" value="4" />
  <attribute name="heapSize specified" value="8388608" />
  <attribute name="Current GC Util" value="22" />
  <attribute name= "Current Time Running" value="15833" />
  <attribute name ="GC Interval" value="200" />
  <attribute name="ProportionalT" value="1.000000" />
  <attribute name="ProportionalI" value="1.000000" />
  <attribute name="ProportionalH" value="1.000000" />
  <attribute name="Current Error" value="2.000000" />
  <attribute name="IntegralT" value="13.000000" />
  <attribute name="IntegralI" value="13.000000" />
  <attribute name="IntegralH" value="13.000000" />
  <attribute name="DerivativeT" value="0.153846" />
  <attribute name="DerivativeI" value="0.153846" />
  <attribute name="DerivativeH" value="0.153846" />
  <attribute name="Loop Time for DT" value="13.000000" />
  <attribute name="Output H" value="8388608"/>
  <attribute name="Output I" value="200"/>
  <attribute name="Output T" value="4"/>
  <attribute name="Target GC Util Change" value ="20.000000" />
  <attribute name="Current GC Util Change" value="22.000000"/>
  <attribute name="GC Util currently" value="22" />
  <attribute name="CPU Util currently" value="376527820865" />
<allocation-satisfied id="449" threadId="0000000000D43400" bytesRequested="130056" />
<af-end id="450" timestamp="2019-06-16T22:58:44.258" threadId="0000000000D43D88" success="true" from="nursery"/>
<exclusive-end id="451" timestamp="2019-06-16T22:58:44.258" durationms="2.441" />

<exclusive-start id="452" timestamp="2019-06-16T22:58:44.264" intervalms="8.575">
  <response-info timems="0.059" idlems="0.059" threads="0" lastid="0000000000D3BC00" lastname="PmdThread 1" />
</exclusive-start>
<af-start id="453" threadId="0000000000D3C588" totalBytesRequested="40" timestamp="2019-06-16T22:58:44.265" intervalms="8.556" type="nursery" />
<cycle-start id="454" type="scavenge" contextid="0" timestamp="2019-06-16T22:58:44.265" intervalms="8.547" />
<gc-start id="455" type="scavenge" contextid="454" timestamp="2019-06-16T22:58:44.265">
  <mem-info id="456" free="3576032" total="8912896" percent="40">
    <mem type="nursery" free="0" total="2621440" percent="0">
      <mem type="allocate" free="0" total="1507328" percent="0" />
      <mem type="survivor" free="0" total="1114112" percent="0" />
    </mem>
    <mem type="tenure" free="3576032" total="6291456" percent="56">
      <mem type="soa" free="3261664" total="5977088" percent="54" />
      <mem type="loa" free="314368" total="314368" percent="100" />
    </mem>
    <remembered-set count="1110" />
  </mem-info>
</gc-start>
<allocation-stats totalBytes="678624" >
  <allocated-bytes non-tlh="315016" tlh="363608" />
  <largest-consumer threadName="PmdThread 3" threadId="0000000000D43400" bytes="509888" />
</allocation-stats>
<gc-op id="457" type="scavenge" timems="0.708" contextid="454" timestamp="2019-06-16T22:58:44.265">
  <scavenger-info tenureage="4" tenuremask="fff0" tiltratio="57" />
  <memory-copied type="nursery" objects="2944" bytes="333920" bytesdiscarded="98664" />
  <memory-copied type="tenure" objects="5467" bytes="479192" bytesdiscarded="320" />
  <finalization candidates="1" enqueued="0" />
  <ownableSynchronizers candidates="7" cleared="0" />
  <references type="weak" candidates="1" cleared="0" enqueued="0" />
  <references type="phantom" candidates="3" cleared="0" enqueued="0" />
</gc-op>
<gc-end id="458" type="scavenge" contextid="454" durationms="0.979" usertimems="4.000" systemtimems="0.000" timestamp="2019-06-16T22:58:44.266" activeThreads="4">
  <mem-info id="459" free="4223288" total="8912896" percent="47">
    <mem type="nursery" free="1140216" total="2621440" percent="43">
      <mem type="allocate" free="1140216" total="1572864" percent="72" />
      <mem type="survivor" free="0" total="1048576" percent="0" />
    </mem>
    <mem type="tenure" free="3083072" total="6291456" percent="49" macro-fragmented="1800196">
      <mem type="soa" free="2768704" total="5977088" percent="46" />
      <mem type="loa" free="314368" total="314368" percent="100" />
    </mem>
    <remembered-set count="224" />
  </mem-info>
</gc-end>
<cycle-end id="460" type="scavenge" contextid="454" timestamp="2019-06-16T22:58:44.266" />
  <attribute name="elasticGC enabled" value="1" />
  <attribute name= "numThreadsSpecified" value="4" />
  <attribute name="heapSize specified" value="8388608" />
  <attribute name="Current GC Util" value="36" />
  <attribute name= "Current Time Running" value="15841" />
  <attribute name ="GC Interval" value="200" />
  <attribute name="ProportionalT" value="8.000000" />
  <attribute name="ProportionalI" value="8.000000" />
  <attribute name="ProportionalH" value="8.000000" />
  <attribute name="Current Error" value="16.000000" />
  <attribute name="IntegralT" value="64.000000" />
  <attribute name="IntegralI" value="64.000000" />
  <attribute name="IntegralH" value="64.000000" />
  <attribute name="DerivativeT" value="1.750000" />
  <attribute name="DerivativeI" value="1.750000" />
  <attribute name="DerivativeH" value="1.750000" />
  <attribute name="Loop Time for DT" value="8.000000" />
  <attribute name="Output H" value="8388608"/>
  <attribute name="Output I" value="200"/>
  <attribute name="Output T" value="4"/>
  <attribute name="Target GC Util Change" value ="20.000000" />
  <attribute name="Current GC Util Change" value="36.000000"/>
  <attribute name="GC Util currently" value="36" />
  <attribute name="CPU Util currently" value="541158481506" />
<allocation-satisfied id="461" threadId="0000000000D3BC00" bytesRequested="40" />
<af-end id="462" timestamp="2019-06-16T22:58:44.266" threadId="0000000000D3C588" success="true" from="nursery"/>
<exclusive-end id="463" timestamp="2019-06-16T22:58:44.266" durationms="1.456" />

<exclusive-start id="464" timestamp="2019-06-16T22:58:44.278" intervalms="13.827">
  <response-info timems="0.031" idlems="0.031" threads="0" lastid="0000000000D43400" lastname="PmdThread 3" />
</exclusive-start>
<af-start id="465" threadId="0000000000D43D88" totalBytesRequested="1032" timestamp="2019-06-16T22:58:44.278" intervalms="13.871" type="nursery" />
<cycle-start id="466" type="scavenge" contextid="0" timestamp="2019-06-16T22:58:44.278" intervalms="13.861" />
<gc-start id="467" type="scavenge" contextid="466" timestamp="2019-06-16T22:58:44.278">
  <mem-info id="468" free="3072136" total="8912896" percent="34">
    <mem type="nursery" free="0" total="2621440" percent="0">
      <mem type="allocate" free="0" total="1572864" percent="0" />
      <mem type="survivor" free="0" total="1048576" percent="0" />
    </mem>
    <mem type="tenure" free="3072136" total="6291456" percent="48">
      <mem type="soa" free="2757768" total="5977088" percent="46" />
      <mem type="loa" free="314368" total="314368" percent="100" />
    </mem>
    <remembered-set count="418" />
  </mem-info>
</gc-start>
<allocation-stats totalBytes="1108952" >
  <allocated-bytes non-tlh="111584" tlh="997368" />
  <largest-consumer threadName="PmdThread 3" threadId="0000000000D43400" bytes="497168" />
</allocation-stats>
<gc-op id="469" type="scavenge" timems="1.559" contextid="466" timestamp="2019-06-16T22:58:44.280">
  <scavenger-info tenureage="3" tenuremask="ff58" tiltratio="60" />
  <memory-copied type="nursery" objects="4292" bytes="510224" bytesdiscarded="38120" />
  <memory-copied type="tenure" objects="1343" bytes="114448" bytesdiscarded="224" />
  <references type="weak" candidates="8" cleared="3" enqueued="3" />
  <references type="phantom" candidates="3" cleared="0" enqueued="0" />
</gc-op>
<heap-resize id="470" type="expand" space="nursery" amount="131072" count="1" timems="0.012" reason="excessive time being spent scavenging" timestamp="2019-06-16T22:58:44.280" />
<gc-end id="471" type="scavenge" contextid="466" durationms="1.834" usertimems="4.000" systemtimems="0.000" timestamp="2019-06-16T22:58:44.280" activeThreads="4">
  <mem-info id="472" free="4127048" total="9043968" percent="45">
    <mem type="nursery" free="1155520" total="2752512" percent="41">
      <mem type="allocate" free="1155520" total="1703936" percent="67" />
      <mem type="survivor" free="0" total="1048576" percent="0" />
    </mem>
    <mem type="tenure" free="2971528" total="6291456" percent="47" macro-fragmented="1800196">
      <mem type="soa" free="2657160" total="5977088" percent="44" />
      <mem type="loa" free="314368" total="314368" percent="100" />
    </mem>
    <pending-finalizers system="0" default="0" reference="3" classloader="0" />
    <remembered-set count="401" />
  </mem-info>
</gc-end>
<cycle-end id="473" type="scavenge" contextid="466" timestamp="2019-06-16T22:58:44.280" />
  <attribute name="elasticGC enabled" value="1" />
  <attribute name= "numThreadsSpecified" value="4" />
  <attribute name="heapSize specified" value="8388608" />
  <attribute name="Current GC Util" value="12" />
  <attribute name= "Current Time Running" value="15855" />
  <attribute name ="GC Interval" value="200" />
  <attribute name="ProportionalT" value="-4.000000" />
  <attribute name="ProportionalI" value="-4.000000" />
  <attribute name="ProportionalH" value="-4.000000" />
  <attribute name="Current Error" value="-8.000000" />
  <attribute name="IntegralT" value="-56.000000" />
  <attribute name="IntegralI" value="-56.000000" />
  <attribute name="IntegralH" value="-56.000000" />
  <attribute name="DerivativeT" value="-1.714286" />
  <attribute name="DerivativeI" value="-1.714286" />
  <attribute name="DerivativeH" value="-1.714286" />
  <attribute name="Loop Time for DT" value="14.000000" />
  <attribute name="Output H" value="2092630016"/>
  <attribute name="Output I" value="200"/>
  <attribute name="Output T" value="4"/>
  <attribute name="Target GC Util Change" value ="20.000000" />
  <attribute name="Current GC Util Change" value="12.000000"/>
  <attribute name="GC Util currently" value="12" />
  <attribute name="CPU Util currently" value="333293537091" />
<allocation-satisfied id="474" threadId="0000000000D43400" bytesRequested="1032" />
<af-end id="475" timestamp="2019-06-16T22:58:44.281" threadId="0000000000D43D88" success="true" from="nursery"/>
<exclusive-end id="476" timestamp="2019-06-16T22:58:44.281" durationms="2.321" />

<exclusive-start id="477" timestamp="2019-06-16T22:58:44.308" intervalms="30.020">
  <response-info timems="0.108" idlems="0.055" threads="2" lastid="0000000000D43400" lastname="PmdThread 3" />
</exclusive-start>
<af-start id="478" threadId="0000000000D3C588" totalBytesRequested="16" timestamp="2019-06-16T22:58:44.308" intervalms="30.029" type="nursery" />
<cycle-start id="479" type="scavenge" contextid="0" timestamp="2019-06-16T22:58:44.308" intervalms="30.053" />
<gc-start id="480" type="scavenge" contextid="479" timestamp="2019-06-16T22:58:44.309">
  <mem-info id="481" free="2962544" total="9043968" percent="32">
    <mem type="nursery" free="0" total="2752512" percent="0">
      <mem type="allocate" free="0" total="1703936" percent="0" />
      <mem type="survivor" free="0" total="1048576" percent="0" />
    </mem>
    <mem type="tenure" free="2962544" total="6291456" percent="47">
      <mem type="soa" free="2648176" total="5977088" percent="44" />
      <mem type="loa" free="314368" total="314368" percent="100" />
    </mem>
    <remembered-set count="526" />
  </mem-info>
</gc-start>
<allocation-stats totalBytes="1162360" >
  <allocated-bytes non-tlh="10016" tlh="1152344" />
  <largest-consumer threadName="PmdThread 3" threadId="0000000000D43400" bytes="499184" />
</allocation-stats>
<gc-op id="482" type="scavenge" timems="0.786" contextid="479" timestamp="2019-06-16T22:58:44.309">
  <scavenger-info tenureage="3" tenuremask="7f08" tiltratio="61" />
  <memory-copied type="nursery" objects="9248" bytes="670640" bytesdiscarded="167296" />
  <memory-copied type="tenure" objects="867" bytes="59600" bytesdiscarded="0" />
  <finalization candidates="1" enqueued="0" />
  <references type="soft" candidates="2" cleared="0" enqueued="0" dynamicThreshold="26" maxThreshold="32" />
  <references type="weak" candidates="15" cleared="6" enqueued="6" />
  <references type="phantom" candidates="7" cleared="2" enqueued="2" />
</gc-op>
<gc-end id="483" type="scavenge" contextid="479" durationms="1.044" usertimems="4.000" systemtimems="0.000" timestamp="2019-06-16T22:58:44.310" activeThreads="4">
  <mem-info id="484" free="3959512" total="9043968" percent="43">
    <mem type="nursery" free="996968" total="2752512" percent="36">
      <mem type="allocate" free="996968" total="1835008" percent="54" />
      <mem type="survivor" free="0" total="917504" percent="0" />
    </mem>
    <mem type="tenure" free="2962544" total="6291456" percent="47" macro-fragmented="2160235">
      <mem type="soa" free="2648176" total="5977088" percent="44" />
      <mem type="loa" free="314368" total="314368" percent="100" />
    </mem>
    <pending-finalizers system="0" default="0" reference="8" classloader="0" />
    <remembered-set count="481" />
  </mem-info>
</gc-end>
<cycle-end id="485" type="scavenge" contextid="479" timestamp="2019-06-16T22:58:44.310" />
  <attribute name="elasticGC enabled" value="1" />
  <attribute name= "numThreadsSpecified" value="4" />
  <attribute name="heapSize specified" value="8388608" />
  <attribute name="Current GC Util" value="9" />
  <attribute name= "Current Time Running" value="15885" />
  <attribute name ="GC Interval" value="200" />
  <attribute name="ProportionalT" value="-5.500000" />
  <attribute name="ProportionalI" value="-5.500000" />
  <attribute name="ProportionalH" value="-5.500000" />
  <attribute name="Current Error" value="-11.000000" />
  <attribute name="IntegralT" value="-165.000000" />
  <attribute name="IntegralI" value="-165.000000" />
  <attribute name="IntegralH" value="-165.000000" />
  <attribute name="DerivativeT" value="-0.366667" />
  <attribute name="DerivativeI" value="-0.366667" />
  <attribute name="DerivativeH" value="-0.366667" />
  <attribute name="Loop Time for DT" value="30.000000" />
  <attribute name="Output H" value="2092630016"/>
  <attribute name="Output I" value="200"/>
  <attribute name="Output T" value="4"/>
  <attribute name="Target GC Util Change" value ="20.000000" />
  <attribute name="Current GC Util Change" value="9.000000"/>
  <attribute name="GC Util currently" value="9" />
  <attribute name="CPU Util currently" value="153214588094" />
<allocation-satisfied id="486" threadId="0000000000D3BC00" bytesRequested="16" />
<af-end id="487" timestamp="2019-06-16T22:58:44.310" threadId="0000000000D3C588" success="true" from="nursery"/>
<exclusive-end id="488" timestamp="2019-06-16T22:58:44.310" durationms="1.589" />

<exclusive-start id="489" timestamp="2019-06-16T22:58:44.331" intervalms="22.430">
  <response-info timems="0.165" idlems="0.165" threads="0" lastid="0000000000D3F800" lastname="PmdThread 2" />
</exclusive-start>
<af-start id="490" threadId="0000000000D40188" totalBytesRequested="16" timestamp="2019-06-16T22:58:44.331" intervalms="22.416" type="nursery" />
<cycle-start id="491" type="scavenge" contextid="0" timestamp="2019-06-16T22:58:44.331" intervalms="22.418" />
<gc-start id="492" type="scavenge" contextid="491" timestamp="2019-06-16T22:58:44.331">
  <mem-info id="493" free="2942512" total="9043968" percent="32">
    <mem type="nursery" free="0" total="2752512" percent="0">
      <mem type="allocate" free="0" total="1835008" percent="0" />
      <mem type="survivor" free="0" total="917504" percent="0" />
    </mem>
    <mem type="tenure" free="2942512" total="6291456" percent="46">
      <mem type="soa" free="2628144" total="5977088" percent="43" />
      <mem type="loa" free="314368" total="314368" percent="100" />
    </mem>
    <remembered-set count="909" />
  </mem-info>
</gc-start>
<allocation-stats totalBytes="1015744" >
  <allocated-bytes non-tlh="20048" tlh="995696" />
  <largest-consumer threadName="PmdThread 2" threadId="0000000000D3F800" bytes="423328" />
</allocation-stats>
<gc-op id="494" type="scavenge" timems="3.250" contextid="491" timestamp="2019-06-16T22:58:44.334">
  <scavenger-info tenureage="3" tenuremask="7f88" tiltratio="66" />
  <memory-copied type="nursery" objects="16136" bytes="841840" bytesdiscarded="43152" />
  <memory-copied type="tenure" objects="678" bytes="109776" bytesdiscarded="144" />
  <finalization candidates="1" enqueued="0" />
  <references type="soft" candidates="17" cleared="0" enqueued="0" dynamicThreshold="26" maxThreshold="32" />
  <references type="weak" candidates="35" cleared="7" enqueued="4" />
  <references type="phantom" candidates="5" cleared="0" enqueued="0" />
</gc-op>
<heap-resize id="495" type="expand" space="nursery" amount="262144" count="1" timems="0.014" reason="excessive time being spent scavenging" timestamp="2019-06-16T22:58:44.335" />
<gc-end id="496" type="scavenge" contextid="491" durationms="3.759" usertimems="8.000" systemtimems="0.000" timestamp="2019-06-16T22:58:44.335" activeThreads="4">
  <mem-info id="497" free="3787592" total="9306112" percent="40">
    <mem type="nursery" free="884248" total="3014656" percent="29">
      <mem type="allocate" free="884248" total="1769472" percent="49" />
      <mem type="survivor" free="0" total="1245184" percent="0" />
    </mem>
    <mem type="tenure" free="2903344" total="6291456" percent="46" macro-fragmented="5266">
      <mem type="soa" free="2588976" total="5977088" percent="43" />
      <mem type="loa" free="314368" total="314368" percent="100" />
    </mem>
    <pending-finalizers system="0" default="0" reference="4" classloader="0" />
    <remembered-set count="714" />
  </mem-info>
</gc-end>
<cycle-end id="498" type="scavenge" contextid="491" timestamp="2019-06-16T22:58:44.335" />
  <attribute name="elasticGC enabled" value="1" />
  <attribute name= "numThreadsSpecified" value="4" />
  <attribute name="heapSize specified" value="8388608" />
  <attribute name="Current GC Util" value="8" />
  <attribute name= "Current Time Running" value="15908" />
  <attribute name ="GC Interval" value="200" />
  <attribute name="ProportionalT" value="-6.000000" />
  <attribute name="ProportionalI" value="-6.000000" />
  <attribute name="ProportionalH" value="-6.000000" />
  <attribute name="Current Error" value="-12.000000" />
  <attribute name="IntegralT" value="-138.000000" />
  <attribute name="IntegralI" value="-138.000000" />
  <attribute name="IntegralH" value="-138.000000" />
  <attribute name="DerivativeT" value="-0.521739" />
  <attribute name="DerivativeI" value="-0.521739" />
  <attribute name="DerivativeH" value="-0.521739" />
  <attribute name="Loop Time for DT" value="23.000000" />
  <attribute name="Output H" value="2092630016"/>
  <attribute name="Output I" value="200"/>
  <attribute name="Output T" value="4"/>
  <attribute name="Target GC Util Change" value ="20.000000" />
  <attribute name="Current GC Util Change" value="8.000000"/>
  <attribute name="GC Util currently" value="8" />
  <attribute name="CPU Util currently" value="205720930895" />
<allocation-satisfied id="499" threadId="0000000000D3F800" bytesRequested="16" />
<af-end id="500" timestamp="2019-06-16T22:58:44.335" threadId="0000000000D40188" success="true" from="nursery"/>
<exclusive-end id="501" timestamp="2019-06-16T22:58:44.335" durationms="4.434" />

<exclusive-start id="502" timestamp="2019-06-16T22:58:44.359" intervalms="28.622">
  <response-info timems="0.349" idlems="0.235" threads="1" lastid="0000000000A2F300" lastname="JIT Compilation Thread-0" />
</exclusive-start>
<af-start id="503" threadId="0000000000D3C588" totalBytesRequested="48" timestamp="2019-06-16T22:58:44.359" intervalms="28.633" type="nursery" />
<cycle-start id="504" type="scavenge" contextid="0" timestamp="2019-06-16T22:58:44.360" intervalms="28.618" />
<gc-start id="505" type="scavenge" contextid="504" timestamp="2019-06-16T22:58:44.360">
  <mem-info id="506" free="2863576" total="9306112" percent="30">
    <mem type="nursery" free="0" total="3014656" percent="0">
      <mem type="allocate" free="0" total="1769472" percent="0" />
      <mem type="survivor" free="0" total="1245184" percent="0" />
    </mem>
    <mem type="tenure" free="2863576" total="6291456" percent="45">
      <mem type="soa" free="2549208" total="5977088" percent="42" />
      <mem type="loa" free="314368" total="314368" percent="100" />
    </mem>
    <remembered-set count="1283" />
  </mem-info>
</gc-start>
<allocation-stats totalBytes="922328" >
  <allocated-bytes non-tlh="39784" tlh="882544" />
  <largest-consumer threadName="PmdThread 2" threadId="0000000000D3F800" bytes="409456" />
</allocation-stats>
<gc-op id="507" type="scavenge" timems="1.441" contextid="504" timestamp="2019-06-16T22:58:44.361">
  <scavenger-info tenureage="3" tenuremask="7fc8" tiltratio="58" />
  <memory-copied type="nursery" objects="22373" bytes="785296" bytesdiscarded="103744" />
  <memory-copied type="tenure" objects="2096" bytes="301912" bytesdiscarded="680" />
  <finalization candidates="1" enqueued="0" />
  <references type="soft" candidates="28" cleared="0" enqueued="0" dynamicThreshold="26" maxThreshold="32" />
  <references type="weak" candidates="87" cleared="24" enqueued="17" />
  <references type="phantom" candidates="4" cleared="0" enqueued="0" />
</gc-op>
<gc-end id="508" type="scavenge" contextid="504" durationms="1.761" usertimems="4.000" systemtimems="0.000" timestamp="2019-06-16T22:58:44.361" activeThreads="4">
  <mem-info id="509" free="3593928" total="9306112" percent="38">
    <mem type="nursery" free="1076736" total="3014656" percent="35">
      <mem type="allocate" free="1076736" total="1966080" percent="54" />
      <mem type="survivor" free="0" total="1048576" percent="0" />
    </mem>
    <mem type="tenure" free="2517192" total="6291456" percent="40" macro-fragmented="1250136">
      <mem type="soa" free="2202824" total="5977088" percent="36" />
      <mem type="loa" free="314368" total="314368" percent="100" />
    </mem>
    <pending-finalizers system="0" default="0" reference="17" classloader="0" />
    <remembered-set count="1269" />
  </mem-info>
</gc-end>
<cycle-end id="510" type="scavenge" contextid="504" timestamp="2019-06-16T22:58:44.361" />
  <attribute name="elasticGC enabled" value="1" />
  <attribute name= "numThreadsSpecified" value="4" />
  <attribute name="heapSize specified" value="8388608" />
  <attribute name="Current GC Util" value="16" />
  <attribute name= "Current Time Running" value="15936" />
  <attribute name ="GC Interval" value="200" />
  <attribute name="ProportionalT" value="-2.000000" />
  <attribute name="ProportionalI" value="-2.000000" />
  <attribute name="ProportionalH" value="-2.000000" />
  <attribute name="Current Error" value="-4.000000" />
  <attribute name="IntegralT" value="-56.000000" />
  <attribute name="IntegralI" value="-56.000000" />
  <attribute name="IntegralH" value="-56.000000" />
  <attribute name="DerivativeT" value="-0.142857" />
  <attribute name="DerivativeI" value="-0.142857" />
  <attribute name="DerivativeH" value="-0.142857" />
  <attribute name="Loop Time for DT" value="28.000000" />
  <attribute name="Output H" value="2092630016"/>
  <attribute name="Output I" value="200"/>
  <attribute name="Output T" value="4"/>
  <attribute name="Target GC Util Change" value ="20.000000" />
  <attribute name="Current GC Util Change" value="16.000000"/>
  <attribute name="GC Util currently" value="16" />
  <attribute name="CPU Util currently" value="161219741076" />
<allocation-satisfied id="511" threadId="0000000000D3BC00" bytesRequested="48" />
<af-end id="512" timestamp="2019-06-16T22:58:44.362" threadId="0000000000D3C588" success="true" from="nursery"/>
<exclusive-end id="513" timestamp="2019-06-16T22:58:44.362" durationms="2.226" />

<exclusive-start id="514" timestamp="2019-06-16T22:58:44.385" intervalms="25.256">
  <response-info timems="0.105" idlems="0.060" threads="2" lastid="0000000000D43400" lastname="PmdThread 3" />
</exclusive-start>
<af-start id="515" threadId="0000000000A2C088" totalBytesRequested="136" timestamp="2019-06-16T22:58:44.385" intervalms="25.247" type="nursery" />
<cycle-start id="516" type="scavenge" contextid="0" timestamp="2019-06-16T22:58:44.385" intervalms="25.251" />
<gc-start id="517" type="scavenge" contextid="516" timestamp="2019-06-16T22:58:44.385">
  <mem-info id="518" free="2509304" total="9306112" percent="26">
    <mem type="nursery" free="0" total="3014656" percent="0">
      <mem type="allocate" free="0" total="1966080" percent="0" />
      <mem type="survivor" free="0" total="1048576" percent="0" />
    </mem>
    <mem type="tenure" free="2509304" total="6291456" percent="39">
      <mem type="soa" free="2194936" total="5977088" percent="36" />
      <mem type="loa" free="314368" total="314368" percent="100" />
    </mem>
    <remembered-set count="1382" />
  </mem-info>
</gc-start>
<allocation-stats totalBytes="1083040" >
  <allocated-bytes non-tlh="7936" tlh="1075104" />
  <largest-consumer threadName="PmdThread 3" threadId="0000000000D43400" bytes="327296" />
</allocation-stats>
<gc-op id="519" type="scavenge" timems="1.292" contextid="516" timestamp="2019-06-16T22:58:44.386">
  <scavenger-info tenureage="3" tenuremask="7fe8" tiltratio="65" />
  <memory-copied type="nursery" objects="18368" bytes="632280" bytesdiscarded="47064" />
  <memory-copied type="tenure" objects="5971" bytes="226920" bytesdiscarded="800" />
  <finalization candidates="6" enqueued="0" />
  <references type="soft" candidates="30" cleared="0" enqueued="0" dynamicThreshold="26" maxThreshold="32" />
  <references type="weak" candidates="83" cleared="8" enqueued="5" />
  <references type="phantom" candidates="3" cleared="2" enqueued="2" />
</gc-op>
<gc-end id="520" type="scavenge" contextid="516" durationms="1.514" usertimems="4.000" systemtimems="0.000" timestamp="2019-06-16T22:58:44.386" activeThreads="4">
  <mem-info id="521" free="3555320" total="9306112" percent="38">
    <mem type="nursery" free="1286400" total="3014656" percent="42">
      <mem type="allocate" free="1286400" total="1966080" percent="65" />
      <mem type="survivor" free="0" total="1048576" percent="0" />
    </mem>
    <mem type="tenure" free="2268920" total="6291456" percent="36" macro-fragmented="1800196">
      <mem type="soa" free="1954552" total="5977088" percent="32" />
      <mem type="loa" free="314368" total="314368" percent="100" />
    </mem>
    <pending-finalizers system="0" default="0" reference="7" classloader="0" />
    <remembered-set count="1419" />
  </mem-info>
</gc-end>
<cycle-end id="522" type="scavenge" contextid="516" timestamp="2019-06-16T22:58:44.386" />
  <attribute name="elasticGC enabled" value="1" />
  <attribute name= "numThreadsSpecified" value="4" />
  <attribute name="heapSize specified" value="8388608" />
  <attribute name="Current GC Util" value="11" />
  <attribute name= "Current Time Running" value="15961" />
  <attribute name ="GC Interval" value="200" />
  <attribute name="ProportionalT" value="-4.500000" />
  <attribute name="ProportionalI" value="-4.500000" />
  <attribute name="ProportionalH" value="-4.500000" />
  <attribute name="Current Error" value="-9.000000" />
  <attribute name="IntegralT" value="-112.500000" />
  <attribute name="IntegralI" value="-112.500000" />
  <attribute name="IntegralH" value="-112.500000" />
  <attribute name="DerivativeT" value="-0.360000" />
  <attribute name="DerivativeI" value="-0.360000" />
  <attribute name="DerivativeH" value="-0.360000" />
  <attribute name="Loop Time for DT" value="25.000000" />
  <attribute name="Output H" value="2092630016"/>
  <attribute name="Output I" value="200"/>
  <attribute name="Output T" value="4"/>
  <attribute name="Target GC Util Change" value ="20.000000" />
  <attribute name="Current GC Util Change" value="11.000000"/>
  <attribute name="GC Util currently" value="11" />
  <attribute name="CPU Util currently" value="182667964005" />
<allocation-satisfied id="523" threadId="0000000000A2B700" bytesRequested="136" />
<af-end id="524" timestamp="2019-06-16T22:58:44.387" threadId="0000000000A2C088" success="true" from="nursery"/>
<exclusive-end id="525" timestamp="2019-06-16T22:58:44.387" durationms="1.973" />

<exclusive-start id="526" timestamp="2019-06-16T22:58:44.401" intervalms="15.886">
  <response-info timems="0.221" idlems="0.194" threads="1" lastid="0000000000A2F300" lastname="JIT Compilation Thread-0" />
</exclusive-start>
<af-start id="527" threadId="0000000000A2C088" totalBytesRequested="208" timestamp="2019-06-16T22:58:44.401" intervalms="15.881" type="nursery" />
<cycle-start id="528" type="scavenge" contextid="0" timestamp="2019-06-16T22:58:44.401" intervalms="15.919" />
<gc-start id="529" type="scavenge" contextid="528" timestamp="2019-06-16T22:58:44.401">
  <mem-info id="530" free="2261784" total="9306112" percent="24">
    <mem type="nursery" free="0" total="3014656" percent="0">
      <mem type="allocate" free="0" total="1966080" percent="0" />
      <mem type="survivor" free="0" total="1048576" percent="0" />
    </mem>
    <mem type="tenure" free="2261784" total="6291456" percent="35">
      <mem type="soa" free="1947416" total="5977088" percent="32" />
      <mem type="loa" free="314368" total="314368" percent="100" />
    </mem>
    <remembered-set count="1515" />
  </mem-info>
</gc-start>
<allocation-stats totalBytes="1291608" >
  <allocated-bytes non-tlh="63584" tlh="1228024" />
  <largest-consumer threadName="PmdThread 4" threadId="0000000000D47000" bytes="618328" />
</allocation-stats>
<gc-op id="531" type="scavenge" timems="1.204" contextid="528" timestamp="2019-06-16T22:58:44.402">
  <scavenger-info tenureage="4" tenuremask="7ff0" tiltratio="65" />
  <memory-copied type="nursery" objects="22841" bytes="919696" bytesdiscarded="116536" />
  <finalization candidates="5" enqueued="0" />
  <references type="soft" candidates="31" cleared="0" enqueued="0" dynamicThreshold="26" maxThreshold="32" />
  <references type="weak" candidates="96" cleared="7" enqueued="4" />
  <references type="phantom" candidates="4" cleared="1" enqueued="1" />
</gc-op>
<gc-end id="532" type="scavenge" contextid="528" durationms="1.474" usertimems="4.000" systemtimems="0.000" timestamp="2019-06-16T22:58:44.402" activeThreads="4">
  <mem-info id="533" free="2994672" total="9306112" percent="32">
    <mem type="nursery" free="732888" total="3014656" percent="24">
      <mem type="allocate" free="732888" total="1769472" percent="41" />
      <mem type="survivor" free="0" total="1245184" percent="0" />
    </mem>
    <mem type="tenure" free="2261784" total="6291456" percent="35" macro-fragmented="1250136">
      <mem type="soa" free="1947416" total="5977088" percent="32" />
      <mem type="loa" free="314368" total="314368" percent="100" />
    </mem>
    <pending-finalizers system="0" default="0" reference="5" classloader="0" />
    <remembered-set count="997" />
  </mem-info>
</gc-end>
<cycle-end id="534" type="scavenge" contextid="528" timestamp="2019-06-16T22:58:44.402" />
  <attribute name="elasticGC enabled" value="1" />
  <attribute name= "numThreadsSpecified" value="4" />
  <attribute name="heapSize specified" value="8388608" />
  <attribute name="Current GC Util" value="18" />
  <attribute name= "Current Time Running" value="15977" />
  <attribute name ="GC Interval" value="200" />
  <attribute name="ProportionalT" value="-1.000000" />
  <attribute name="ProportionalI" value="-1.000000" />
  <attribute name="ProportionalH" value="-1.000000" />
  <attribute name="Current Error" value="-2.000000" />
  <attribute name="IntegralT" value="-16.000000" />
  <attribute name="IntegralI" value="-16.000000" />
  <attribute name="IntegralH" value="-16.000000" />
  <attribute name="DerivativeT" value="-0.125000" />
  <attribute name="DerivativeI" value="-0.125000" />
  <attribute name="DerivativeH" value="-0.125000" />
  <attribute name="Loop Time for DT" value="16.000000" />
  <attribute name="Output H" value="2092630016"/>
  <attribute name="Output I" value="200"/>
  <attribute name="Output T" value="4"/>
  <attribute name="Target GC Util Change" value ="20.000000" />
  <attribute name="Current GC Util Change" value="18.000000"/>
  <attribute name="GC Util currently" value="18" />
  <attribute name="CPU Util currently" value="288278050043" />
<allocation-satisfied id="535" threadId="0000000000A2B700" bytesRequested="208" />
<af-end id="536" timestamp="2019-06-16T22:58:44.402" threadId="0000000000A2C088" success="true" from="nursery"/>
<exclusive-end id="537" timestamp="2019-06-16T22:58:44.403" durationms="2.014" />

<exclusive-start id="538" timestamp="2019-06-16T22:58:44.408" intervalms="7.302">
  <response-info timems="0.168" idlems="0.070" threads="3" lastid="0000000000D3BC00" lastname="PmdThread 1" />
</exclusive-start>
<af-start id="539" threadId="0000000000D40188" totalBytesRequested="40" timestamp="2019-06-16T22:58:44.408" intervalms="7.307" type="nursery" />
<cycle-start id="540" type="scavenge" contextid="0" timestamp="2019-06-16T22:58:44.408" intervalms="7.275" />
<gc-start id="541" type="scavenge" contextid="540" timestamp="2019-06-16T22:58:44.408">
  <mem-info id="542" free="2259720" total="9306112" percent="24">
    <mem type="nursery" free="0" total="3014656" percent="0">
      <mem type="allocate" free="0" total="1769472" percent="0" />
      <mem type="survivor" free="0" total="1245184" percent="0" />
    </mem>
    <mem type="tenure" free="2259720" total="6291456" percent="35">
      <mem type="soa" free="1945352" total="5977088" percent="32" />
      <mem type="loa" free="314368" total="314368" percent="100" />
    </mem>
    <remembered-set count="1028" />
  </mem-info>
</gc-start>
<allocation-stats totalBytes="729120" >
  <allocated-bytes non-tlh="2272" tlh="726848" />
  <largest-consumer threadName="PmdThread 2" threadId="0000000000D3F800" bytes="343816" />
</allocation-stats>
<gc-op id="543" type="scavenge" timems="3.586" contextid="540" timestamp="2019-06-16T22:58:44.412">
  <scavenger-info tenureage="3" tenuremask="7ff8" tiltratio="58" />
  <memory-copied type="nursery" objects="8863" bytes="438664" bytesdiscarded="55544" />
  <memory-copied type="tenure" objects="15854" bytes="541464" bytesdiscarded="184" />
  <finalization candidates="5" enqueued="0" />
  <references type="soft" candidates="5" cleared="0" enqueued="0" dynamicThreshold="26" maxThreshold="32" />
  <references type="weak" candidates="35" cleared="4" enqueued="4" />
  <references type="phantom" candidates="2" cleared="0" enqueued="0" />
</gc-op>
<heap-resize id="544" type="expand" space="nursery" amount="655360" count="1" timems="0.013" reason="excessive time being spent scavenging" timestamp="2019-06-16T22:58:44.412" />
<gc-end id="545" type="scavenge" contextid="540" durationms="4.094" usertimems="4.000" systemtimems="0.000" timestamp="2019-06-16T22:58:44.412" activeThreads="4">
  <mem-info id="546" free="3353336" total="9961472" percent="33">
    <mem type="nursery" free="1602800" total="3670016" percent="43">
      <mem type="allocate" free="1602800" total="2097152" percent="76" />
      <mem type="survivor" free="0" total="1572864" percent="0" />
    </mem>
    <mem type="tenure" free="1750536" total="6291456" percent="27" macro-fragmented="1250136">
      <mem type="soa" free="1436168" total="5977088" percent="24" />
      <mem type="loa" free="314368" total="314368" percent="100" />
    </mem>
    <pending-finalizers system="0" default="0" reference="4" classloader="0" />
    <remembered-set count="1099" />
  </mem-info>
</gc-end>
<cycle-end id="547" type="scavenge" contextid="540" timestamp="2019-06-16T22:58:44.412" />
  <attribute name="elasticGC enabled" value="1" />
  <attribute name= "numThreadsSpecified" value="4" />
  <attribute name="heapSize specified" value="8388608" />
  <attribute name="Current GC Util" value="37" />
  <attribute name= "Current Time Running" value="15985" />
  <attribute name ="GC Interval" value="200" />
  <attribute name="ProportionalT" value="8.500000" />
  <attribute name="ProportionalI" value="8.500000" />
  <attribute name="ProportionalH" value="8.500000" />
  <attribute name="Current Error" value="17.000000" />
  <attribute name="IntegralT" value="68.000000" />
  <attribute name="IntegralI" value="68.000000" />
  <attribute name="IntegralH" value="68.000000" />
  <attribute name="DerivativeT" value="2.125000" />
  <attribute name="DerivativeI" value="2.125000" />
  <attribute name="DerivativeH" value="2.125000" />
  <attribute name="Loop Time for DT" value="8.000000" />
  <attribute name="Output H" value="8388608"/>
  <attribute name="Output I" value="200"/>
  <attribute name="Output T" value="4"/>
  <attribute name="Target GC Util Change" value ="20.000000" />
  <attribute name="Current GC Util Change" value="37.000000"/>
  <attribute name="GC Util currently" value="37" />
  <attribute name="CPU Util currently" value="640189806769" />
<allocation-satisfied id="548" threadId="0000000000D3F800" bytesRequested="40" />
<af-end id="549" timestamp="2019-06-16T22:58:44.413" threadId="0000000000D40188" success="true" from="nursery"/>
<exclusive-end id="550" timestamp="2019-06-16T22:58:44.413" durationms="4.866" />

<exclusive-start id="551" timestamp="2019-06-16T22:58:44.429" intervalms="20.798">
  <response-info timems="0.048" idlems="0.048" threads="0" lastid="0000000000D3F800" lastname="PmdThread 2" />
</exclusive-start>
<af-start id="552" threadId="0000000000D40188" totalBytesRequested="16" timestamp="2019-06-16T22:58:44.429" intervalms="20.813" type="nursery" />
<cycle-start id="553" type="scavenge" contextid="0" timestamp="2019-06-16T22:58:44.429" intervalms="20.813" />
<gc-start id="554" type="scavenge" contextid="553" timestamp="2019-06-16T22:58:44.429">
  <mem-info id="555" free="1745264" total="9961472" percent="17">
    <mem type="nursery" free="0" total="3670016" percent="0">
      <mem type="allocate" free="0" total="2097152" percent="0" />
      <mem type="survivor" free="0" total="1572864" percent="0" />
    </mem>
    <mem type="tenure" free="1745264" total="6291456" percent="27">
      <mem type="soa" free="1430896" total="5977088" percent="23" />
      <mem type="loa" free="314368" total="314368" percent="100" />
    </mem>
    <remembered-set count="1196" />
  </mem-info>
</gc-start>
<allocation-stats totalBytes="1605352" >
  <allocated-bytes non-tlh="5312" tlh="1600040" />
  <largest-consumer threadName="PmdThread 2" threadId="0000000000D3F800" bytes="971808" />
</allocation-stats>
<gc-op id="556" type="scavenge" timems="2.162" contextid="553" timestamp="2019-06-16T22:58:44.431">
  <scavenger-info tenureage="3" tenuremask="7ff8" tiltratio="57" />
  <memory-copied type="nursery" objects="7240" bytes="321304" bytesdiscarded="24464" />
  <memory-copied type="tenure" objects="2286" bytes="73488" bytesdiscarded="40" />
  <finalization candidates="5" enqueued="0" />
  <references type="soft" candidates="1" cleared="0" enqueued="0" dynamicThreshold="26" maxThreshold="32" />
  <references type="weak" candidates="96" cleared="83" enqueued="83" />
</gc-op>
<heap-resize id="557" type="expand" space="nursery" amount="262144" count="1" timems="0.013" reason="excessive time being spent scavenging" timestamp="2019-06-16T22:58:44.431" />
<gc-end id="558" type="scavenge" contextid="553" durationms="2.605" usertimems="4.000" systemtimems="0.000" timestamp="2019-06-16T22:58:44.431" activeThreads="4">
  <mem-info id="559" free="3876952" total="10223616" percent="37">
    <mem type="nursery" free="2210024" total="3932160" percent="56">
      <mem type="allocate" free="2210024" total="2555904" percent="86" />
      <mem type="survivor" free="0" total="1376256" percent="0" />
    </mem>
    <mem type="tenure" free="1666928" total="6291456" percent="26" macro-fragmented="1250136">
      <mem type="soa" free="1352560" total="5977088" percent="22" />
      <mem type="loa" free="314368" total="314368" percent="100" />
    </mem>
    <pending-finalizers system="0" default="0" reference="83" classloader="0" />
    <remembered-set count="504" />
  </mem-info>
</gc-end>
<cycle-end id="560" type="scavenge" contextid="553" timestamp="2019-06-16T22:58:44.432" />
  <attribute name="elasticGC enabled" value="1" />
  <attribute name= "numThreadsSpecified" value="4" />
  <attribute name="heapSize specified" value="8388608" />
  <attribute name="Current GC Util" value="24" />
  <attribute name= "Current Time Running" value="16005" />
  <attribute name ="GC Interval" value="200" />
  <attribute name="ProportionalT" value="2.000000" />
  <attribute name="ProportionalI" value="2.000000" />
  <attribute name="ProportionalH" value="2.000000" />
  <attribute name="Current Error" value="4.000000" />
  <attribute name="IntegralT" value="40.000000" />
  <attribute name="IntegralI" value="40.000000" />
  <attribute name="IntegralH" value="40.000000" />
  <attribute name="DerivativeT" value="-0.650000" />
  <attribute name="DerivativeI" value="-0.650000" />
  <attribute name="DerivativeH" value="-0.650000" />
  <attribute name="Loop Time for DT" value="20.000000" />
  <attribute name="Output H" value="8388608"/>
  <attribute name="Output I" value="200"/>
  <attribute name="Output T" value="4"/>
  <attribute name="Target GC Util Change" value ="20.000000" />
  <attribute name="Current GC Util Change" value="24.000000"/>
  <attribute name="GC Util currently" value="24" />
  <attribute name="CPU Util currently" value="221499584013" />
<allocation-satisfied id="561" threadId="0000000000D3F800" bytesRequested="16" />
<af-end id="562" timestamp="2019-06-16T22:58:44.432" threadId="0000000000D40188" success="true" from="nursery"/>
<exclusive-end id="563" timestamp="2019-06-16T22:58:44.432" durationms="3.338" />

<exclusive-start id="564" timestamp="2019-06-16T22:58:44.457" intervalms="28.660">
  <response-info timems="0.040" idlems="0.040" threads="0" lastid="0000000000D3F800" lastname="PmdThread 2" />
</exclusive-start>
<af-start id="565" threadId="0000000000D40188" totalBytesRequested="40" timestamp="2019-06-16T22:58:44.457" intervalms="28.649" type="nursery" />
<cycle-start id="566" type="scavenge" contextid="0" timestamp="2019-06-16T22:58:44.457" intervalms="28.644" />
<gc-start id="567" type="scavenge" contextid="566" timestamp="2019-06-16T22:58:44.457">
  <mem-info id="568" free="1665720" total="10223616" percent="16">
    <mem type="nursery" free="0" total="3932160" percent="0">
      <mem type="allocate" free="0" total="2555904" percent="0" />
      <mem type="survivor" free="0" total="1376256" percent="0" />
    </mem>
    <mem type="tenure" free="1665720" total="6291456" percent="26">
      <mem type="soa" free="1351352" total="5977088" percent="22" />
      <mem type="loa" free="314368" total="314368" percent="100" />
    </mem>
    <remembered-set count="589" />
  </mem-info>
</gc-start>
<allocation-stats totalBytes="2209608" >
  <allocated-bytes non-tlh="1224" tlh="2208384" />
  <largest-consumer threadName="PmdThread 2" threadId="0000000000D3F800" bytes="808176" />
</allocation-stats>
<gc-op id="569" type="scavenge" timems="2.762" contextid="566" timestamp="2019-06-16T22:58:44.460">
  <scavenger-info tenureage="3" tenuremask="7ff8" tiltratio="65" />
  <memory-copied type="nursery" objects="9186" bytes="287080" bytesdiscarded="104048" />
  <memory-copied type="tenure" objects="3992" bytes="210960" bytesdiscarded="96" />
  <references type="weak" candidates="79" cleared="77" enqueued="77" />
  <references type="phantom" candidates="1" cleared="1" enqueued="1" />
</gc-op>
<heap-resize id="570" type="expand" space="nursery" amount="262144" count="1" timems="0.013" reason="excessive time being spent scavenging" timestamp="2019-06-16T22:58:44.461" />
<gc-end id="571" type="scavenge" contextid="566" durationms="3.292" usertimems="8.000" systemtimems="0.000" timestamp="2019-06-16T22:58:44.461" activeThreads="4">
  <mem-info id="572" free="4174744" total="10485760" percent="39">
    <mem type="nursery" free="2754048" total="4194304" percent="65">
      <mem type="allocate" free="2754048" total="3145728" percent="87" />
      <mem type="survivor" free="0" total="1048576" percent="0" />
    </mem>
    <mem type="tenure" free="1420696" total="6291456" percent="22" macro-fragmented="0">
      <mem type="soa" free="1106328" total="5977088" percent="18" />
      <mem type="loa" free="314368" total="314368" percent="100" />
    </mem>
    <pending-finalizers system="0" default="0" reference="78" classloader="0" />
    <remembered-set count="608" />
  </mem-info>
</gc-end>
<cycle-end id="573" type="scavenge" contextid="566" timestamp="2019-06-16T22:58:44.461" />
  <attribute name="elasticGC enabled" value="1" />
  <attribute name= "numThreadsSpecified" value="4" />
  <attribute name="heapSize specified" value="8388608" />
  <attribute name="Current GC Util" value="11" />
  <attribute name= "Current Time Running" value="16034" />
  <attribute name ="GC Interval" value="200" />
  <attribute name="ProportionalT" value="-4.500000" />
  <attribute name="ProportionalI" value="-4.500000" />
  <attribute name="ProportionalH" value="-4.500000" />
  <attribute name="Current Error" value="-9.000000" />
  <attribute name="IntegralT" value="-130.500000" />
  <attribute name="IntegralI" value="-130.500000" />
  <attribute name="IntegralH" value="-130.500000" />
  <attribute name="DerivativeT" value="-0.448276" />
  <attribute name="DerivativeI" value="-0.448276" />
  <attribute name="DerivativeH" value="-0.448276" />
  <attribute name="Loop Time for DT" value="29.000000" />
  <attribute name="Output H" value="2092630016"/>
  <attribute name="Output I" value="200"/>
  <attribute name="Output T" value="4"/>
  <attribute name="Target GC Util Change" value ="20.000000" />
  <attribute name="Current GC Util Change" value="11.000000"/>
  <attribute name="GC Util currently" value="11" />
  <attribute name="CPU Util currently" value="161222835334" />
<allocation-satisfied id="574" threadId="0000000000D3F800" bytesRequested="40" />
<af-end id="575" timestamp="2019-06-16T22:58:44.461" threadId="0000000000D40188" success="true" from="nursery"/>
<exclusive-end id="576" timestamp="2019-06-16T22:58:44.461" durationms="3.938" />

<exclusive-start id="577" timestamp="2019-06-16T22:58:44.479" intervalms="21.648">
  <response-info timems="0.049" idlems="0.049" threads="0" lastid="0000000000D3F800" lastname="PmdThread 2" />
</exclusive-start>
<af-start id="578" threadId="0000000000D40188" totalBytesRequested="872" timestamp="2019-06-16T22:58:44.479" intervalms="21.652" type="nursery" />
<cycle-start id="579" type="scavenge" contextid="0" timestamp="2019-06-16T22:58:44.479" intervalms="21.663" />
<gc-start id="580" type="scavenge" contextid="579" timestamp="2019-06-16T22:58:44.479">
  <mem-info id="581" free="1418592" total="10485760" percent="13">
    <mem type="nursery" free="0" total="4194304" percent="0">
      <mem type="allocate" free="0" total="3145728" percent="0" />
      <mem type="survivor" free="0" total="1048576" percent="0" />
    </mem>
    <mem type="tenure" free="1418592" total="6291456" percent="22">
      <mem type="soa" free="1104224" total="5977088" percent="18" />
      <mem type="loa" free="314368" total="314368" percent="100" />
    </mem>
    <remembered-set count="662" />
  </mem-info>
</gc-start>
<allocation-stats totalBytes="2751512" >
  <allocated-bytes non-tlh="2144" tlh="2749368" />
  <largest-consumer threadName="PmdThread 2" threadId="0000000000D3F800" bytes="1599488" />
</allocation-stats>
<gc-op id="582" type="scavenge" timems="1.923" contextid="579" timestamp="2019-06-16T22:58:44.481">
  <scavenger-info tenureage="4" tenuremask="7ff0" tiltratio="75" />
  <memory-copied type="nursery" objects="13656" bytes="395312" bytesdiscarded="73968" />
  <references type="weak" candidates="167" cleared="165" enqueued="165" />
</gc-op>
<heap-resize id="583" type="expand" space="nursery" amount="262144" count="1" timems="0.015" reason="excessive time being spent scavenging" timestamp="2019-06-16T22:58:44.481" />
<gc-end id="584" type="scavenge" contextid="579" durationms="2.396" usertimems="4.000" systemtimems="0.000" timestamp="2019-06-16T22:58:44.482" activeThreads="4">
  <mem-info id="585" free="4487520" total="10747904" percent="41">
    <mem type="nursery" free="3068928" total="4456448" percent="68">
      <mem type="allocate" free="3068928" total="3538944" percent="86" />
      <mem type="survivor" free="0" total="917504" percent="0" />
    </mem>
    <mem type="tenure" free="1418592" total="6291456" percent="22" macro-fragmented="1041779">
      <mem type="soa" free="1104224" total="5977088" percent="18" />
      <mem type="loa" free="314368" total="314368" percent="100" />
    </mem>
    <pending-finalizers system="0" default="0" reference="165" classloader="0" />
    <remembered-set count="583" />
  </mem-info>
</gc-end>
<cycle-end id="586" type="scavenge" contextid="579" timestamp="2019-06-16T22:58:44.482" />
  <attribute name="elasticGC enabled" value="1" />
  <attribute name= "numThreadsSpecified" value="4" />
  <attribute name="heapSize specified" value="8388608" />
  <attribute name="Current GC Util" value="19" />
  <attribute name= "Current Time Running" value="16056" />
  <attribute name ="GC Interval" value="200" />
  <attribute name="ProportionalT" value="-0.500000" />
  <attribute name="ProportionalI" value="-0.500000" />
  <attribute name="ProportionalH" value="-0.500000" />
  <attribute name="Current Error" value="-1.000000" />
  <attribute name="IntegralT" value="-11.000000" />
  <attribute name="IntegralI" value="-11.000000" />
  <attribute name="IntegralH" value="-11.000000" />
  <attribute name="DerivativeT" value="-0.045455" />
  <attribute name="DerivativeI" value="-0.045455" />
  <attribute name="DerivativeH" value="-0.045455" />
  <attribute name="Loop Time for DT" value="22.000000" />
  <attribute name="Output H" value="2092630016"/>
  <attribute name="Output I" value="200"/>
  <attribute name="Output T" value="4"/>
  <attribute name="Target GC Util Change" value ="20.000000" />
  <attribute name="Current GC Util Change" value="19.000000"/>
  <attribute name="GC Util currently" value="19" />
  <attribute name="CPU Util currently" value="212296447928" />
<allocation-satisfied id="587" threadId="0000000000D3F800" bytesRequested="872" />
<af-end id="588" timestamp="2019-06-16T22:58:44.482" threadId="0000000000D40188" success="true" from="nursery"/>
<exclusive-end id="589" timestamp="2019-06-16T22:58:44.482" durationms="3.067" />

<exclusive-start id="590" timestamp="2019-06-16T22:58:44.506" intervalms="27.475">
  <response-info timems="0.032" idlems="0.032" threads="0" lastid="0000000000D3F800" lastname="PmdThread 2" />
</exclusive-start>
<af-start id="591" threadId="0000000000D40188" totalBytesRequested="544" timestamp="2019-06-16T22:58:44.507" intervalms="27.530" type="nursery" />
<cycle-start id="592" type="scavenge" contextid="0" timestamp="2019-06-16T22:58:44.507" intervalms="27.586" />
<gc-start id="593" type="scavenge" contextid="592" timestamp="2019-06-16T22:58:44.507">
  <mem-info id="594" free="1402208" total="10747904" percent="13">
    <mem type="nursery" free="0" total="4456448" percent="0">
      <mem type="allocate" free="0" total="3538944" percent="0" />
      <mem type="survivor" free="0" total="917504" percent="0" />
    </mem>
    <mem type="tenure" free="1402208" total="6291456" percent="22">
      <mem type="soa" free="1087840" total="5977088" percent="18" />
      <mem type="loa" free="314368" total="314368" percent="100" />
    </mem>
    <remembered-set count="880" />
  </mem-info>
</gc-start>
<allocation-stats totalBytes="3080192" >
  <allocated-bytes non-tlh="17256" tlh="3062936" />
  <largest-consumer threadName="PmdThread 2" threadId="0000000000D3F800" bytes="1894816" />
</allocation-stats>
<gc-op id="595" type="scavenge" timems="2.185" contextid="592" timestamp="2019-06-16T22:58:44.509">
  <scavenger-info tenureage="4" tenuremask="7ff0" tiltratio="79" />
  <memory-copied type="nursery" objects="15308" bytes="443736" bytesdiscarded="64608" />
  <memory-copied type="tenure" objects="1281" bytes="52192" bytesdiscarded="48" />
  <references type="soft" candidates="95" cleared="0" enqueued="0" dynamicThreshold="26" maxThreshold="32" />
  <references type="weak" candidates="197" cleared="195" enqueued="195" />
</gc-op>
<gc-end id="596" type="scavenge" contextid="592" durationms="2.831" usertimems="0.000" systemtimems="0.000" timestamp="2019-06-16T22:58:44.510" activeThreads="4">
  <mem-info id="597" free="4523872" total="10747904" percent="42">
    <mem type="nursery" free="3160832" total="4456448" percent="70">
      <mem type="allocate" free="3160832" total="3670016" percent="86" />
      <mem type="survivor" free="0" total="786432" percent="0" />
    </mem>
    <mem type="tenure" free="1363040" total="6291456" percent="21" macro-fragmented="1041779">
      <mem type="soa" free="1048672" total="5977088" percent="17" />
      <mem type="loa" free="314368" total="314368" percent="100" />
    </mem>
    <pending-finalizers system="0" default="0" reference="195" classloader="0" />
    <remembered-set count="866" />
  </mem-info>
</gc-end>
<cycle-end id="598" type="scavenge" contextid="592" timestamp="2019-06-16T22:58:44.510" />
  <attribute name="elasticGC enabled" value="1" />
  <attribute name= "numThreadsSpecified" value="4" />
  <attribute name="heapSize specified" value="8388608" />
  <attribute name="Current GC Util" value="9" />
  <attribute name= "Current Time Running" value="16084" />
  <attribute name ="GC Interval" value="200" />
  <attribute name="ProportionalT" value="-5.500000" />
  <attribute name="ProportionalI" value="-5.500000" />
  <attribute name="ProportionalH" value="-5.500000" />
  <attribute name="Current Error" value="-11.000000" />
  <attribute name="IntegralT" value="-154.000000" />
  <attribute name="IntegralI" value="-154.000000" />
  <attribute name="IntegralH" value="-154.000000" />
  <attribute name="DerivativeT" value="-0.392857" />
  <attribute name="DerivativeI" value="-0.392857" />
  <attribute name="DerivativeH" value="-0.392857" />
  <attribute name="Loop Time for DT" value="28.000000" />
  <attribute name="Output H" value="2092630016"/>
  <attribute name="Output I" value="200"/>
  <attribute name="Output T" value="4"/>
  <attribute name="Target GC Util Change" value ="20.000000" />
  <attribute name="Current GC Util Change" value="9.000000"/>
  <attribute name="GC Util currently" value="9" />
  <attribute name="CPU Util currently" value="165795230371" />
<allocation-satisfied id="599" threadId="0000000000D3F800" bytesRequested="544" />
<af-end id="600" timestamp="2019-06-16T22:58:44.510" threadId="0000000000D40188" success="true" from="nursery"/>
<exclusive-end id="601" timestamp="2019-06-16T22:58:44.510" durationms="3.744" />

<exclusive-start id="602" timestamp="2019-06-16T22:58:44.537" intervalms="31.044">
  <response-info timems="0.055" idlems="0.055" threads="0" lastid="0000000000D43400" lastname="PmdThread 3" />
</exclusive-start>
<af-start id="603" threadId="0000000000D43D88" totalBytesRequested="32" timestamp="2019-06-16T22:58:44.538" intervalms="30.989" type="nursery" />
<cycle-start id="604" type="scavenge" contextid="0" timestamp="2019-06-16T22:58:44.538" intervalms="30.915" />
<gc-start id="605" type="scavenge" contextid="604" timestamp="2019-06-16T22:58:44.538">
  <mem-info id="606" free="1361896" total="10747904" percent="12">
    <mem type="nursery" free="0" total="4456448" percent="0">
      <mem type="allocate" free="0" total="3670016" percent="0" />
      <mem type="survivor" free="0" total="786432" percent="0" />
    </mem>
    <mem type="tenure" free="1361896" total="6291456" percent="21">
      <mem type="soa" free="1047528" total="5977088" percent="17" />
      <mem type="loa" free="314368" total="314368" percent="100" />
    </mem>
    <remembered-set count="995" />
  </mem-info>
</gc-start>
<allocation-stats totalBytes="3160592" >
  <allocated-bytes non-tlh="1688" tlh="3158904" />
  <largest-consumer threadName="PmdThread 2" threadId="0000000000D3F800" bytes="1171352" />
</allocation-stats>
<gc-op id="607" type="scavenge" timems="1.822" contextid="604" timestamp="2019-06-16T22:58:44.540">
  <scavenger-info tenureage="3" tenuremask="7ff8" tiltratio="82" />
  <memory-copied type="nursery" objects="20205" bytes="708480" bytesdiscarded="76912" />
  <memory-copied type="tenure" objects="12190" bytes="313896" bytesdiscarded="48" />
  <copy-failed type="nursery" objects="4661" bytes="99736" />
  <finalization candidates="1" enqueued="0" />
  <references type="soft" candidates="100" cleared="0" enqueued="0" dynamicThreshold="26" maxThreshold="32" />
  <references type="weak" candidates="29" cleared="21" enqueued="21" />
</gc-op>
<heap-resize id="608" type="expand" space="nursery" amount="262144" count="1" timems="0.024" reason="excessive time being spent scavenging" timestamp="2019-06-16T22:58:44.540" />
<gc-end id="609" type="scavenge" contextid="604" durationms="2.342" usertimems="0.000" systemtimems="0.000" timestamp="2019-06-16T22:58:44.540" activeThreads="4">
  <mem-info id="610" free="3538920" total="11010048" percent="32">
    <mem type="nursery" free="2490368" total="4718592" percent="52">
      <mem type="allocate" free="2490368" total="3276800" percent="76" />
      <mem type="survivor" free="0" total="1441792" percent="0" />
    </mem>
    <mem type="tenure" free="1048552" total="6291456" percent="16" macro-fragmented="0">
      <mem type="soa" free="734184" total="5977088" percent="12" />
      <mem type="loa" free="314368" total="314368" percent="100" />
    </mem>
    <pending-finalizers system="0" default="0" reference="21" classloader="0" />
    <remembered-set count="595" />
  </mem-info>
</gc-end>
<cycle-end id="611" type="scavenge" contextid="604" timestamp="2019-06-16T22:58:44.541" />
  <attribute name="elasticGC enabled" value="1" />
  <attribute name= "numThreadsSpecified" value="4" />
  <attribute name="heapSize specified" value="8388608" />
  <attribute name="Current GC Util" value="9" />
  <attribute name= "Current Time Running" value="16115" />
  <attribute name ="GC Interval" value="200" />
  <attribute name="ProportionalT" value="-5.500000" />
  <attribute name="ProportionalI" value="-5.500000" />
  <attribute name="ProportionalH" value="-5.500000" />
  <attribute name="Current Error" value="-11.000000" />
  <attribute name="IntegralT" value="-170.500000" />
  <attribute name="IntegralI" value="-170.500000" />
  <attribute name="IntegralH" value="-170.500000" />
  <attribute name="DerivativeT" value="-0.354839" />
  <attribute name="DerivativeI" value="-0.354839" />
  <attribute name="DerivativeH" value="-0.354839" />
  <attribute name="Loop Time for DT" value="31.000000" />
  <attribute name="Output H" value="2092630016"/>
  <attribute name="Output I" value="200"/>
  <attribute name="Output T" value="4"/>
  <attribute name="Target GC Util Change" value ="20.000000" />
  <attribute name="Current GC Util Change" value="9.000000"/>
  <attribute name="GC Util currently" value="9" />
  <attribute name="CPU Util currently" value="147654475048" />
<allocation-satisfied id="612" threadId="0000000000D43400" bytesRequested="32" />
<af-end id="613" timestamp="2019-06-16T22:58:44.541" threadId="0000000000D43D88" success="true" from="nursery"/>
<exclusive-end id="614" timestamp="2019-06-16T22:58:44.541" durationms="3.587" />

<exclusive-start id="615" timestamp="2019-06-16T22:58:44.567" intervalms="29.260">
  <response-info timems="0.061" idlems="0.061" threads="0" lastid="0000000000D3F800" lastname="PmdThread 2" />
</exclusive-start>
<af-start id="616" threadId="0000000000D40188" totalBytesRequested="24" timestamp="2019-06-16T22:58:44.567" intervalms="29.301" type="nursery" />
<cycle-start id="617" type="scavenge" contextid="0" timestamp="2019-06-16T22:58:44.567" intervalms="29.355" />
<gc-start id="618" type="scavenge" contextid="617" timestamp="2019-06-16T22:58:44.567">
  <mem-info id="619" free="1045264" total="11010048" percent="9">
    <mem type="nursery" free="0" total="4718592" percent="0">
      <mem type="allocate" free="0" total="3276800" percent="0" />
      <mem type="survivor" free="0" total="1441792" percent="0" />
    </mem>
    <mem type="tenure" free="1045264" total="6291456" percent="16">
      <mem type="soa" free="730896" total="5977088" percent="12" />
      <mem type="loa" free="314368" total="314368" percent="100" />
    </mem>
    <remembered-set count="677" />
  </mem-info>
</gc-start>
<allocation-stats totalBytes="2492856" >
  <allocated-bytes non-tlh="19712" tlh="2473144" />
  <largest-consumer threadName="PmdThread 3" threadId="0000000000D43400" bytes="1031784" />
</allocation-stats>
<gc-op id="620" type="scavenge" timems="3.534" contextid="617" timestamp="2019-06-16T22:58:44.571">
  <scavenger-info tenureage="3" tenuremask="7ff8" tiltratio="69" />
  <memory-copied type="nursery" objects="20550" bytes="881528" bytesdiscarded="90480" />
  <memory-copied type="tenure" objects="2775" bytes="79848" bytesdiscarded="0" />
  <finalization candidates="1" enqueued="0" />
  <references type="soft" candidates="109" cleared="0" enqueued="0" dynamicThreshold="26" maxThreshold="32" />
  <references type="weak" candidates="49" cleared="41" enqueued="41" />
  <references type="phantom" candidates="3" cleared="2" enqueued="2" />
</gc-op>
<heap-resize id="621" type="expand" space="nursery" amount="393216" count="1" timems="0.014" reason="excessive time being spent scavenging" timestamp="2019-06-16T22:58:44.571" />
<gc-end id="622" type="scavenge" contextid="617" durationms="4.397" usertimems="4.000" systemtimems="0.000" timestamp="2019-06-16T22:58:44.571" activeThreads="4">
  <mem-info id="623" free="3856800" total="11403264" percent="33">
    <mem type="nursery" free="2893232" total="5111808" percent="56">
      <mem type="allocate" free="2893232" total="3866624" percent="74" />
      <mem type="survivor" free="0" total="1245184" percent="0" />
    </mem>
    <mem type="tenure" free="963568" total="6291456" percent="15" macro-fragmented="1224">
      <mem type="soa" free="649200" total="5977088" percent="10" />
      <mem type="loa" free="314368" total="314368" percent="100" />
    </mem>
    <pending-finalizers system="0" default="0" reference="43" classloader="0" />
    <remembered-set count="372" />
  </mem-info>
</gc-end>
<cycle-end id="624" type="scavenge" contextid="617" timestamp="2019-06-16T22:58:44.572" />
  <attribute name="elasticGC enabled" value="1" />
  <attribute name= "numThreadsSpecified" value="4" />
  <attribute name="heapSize specified" value="8388608" />
  <attribute name="Current GC Util" value="11" />
  <attribute name= "Current Time Running" value="16144" />
  <attribute name ="GC Interval" value="200" />
  <attribute name="ProportionalT" value="-4.500000" />
  <attribute name="ProportionalI" value="-4.500000" />
  <attribute name="ProportionalH" value="-4.500000" />
  <attribute name="Current Error" value="-9.000000" />
  <attribute name="IntegralT" value="-130.500000" />
  <attribute name="IntegralI" value="-130.500000" />
  <attribute name="IntegralH" value="-130.500000" />
  <attribute name="DerivativeT" value="-0.310345" />
  <attribute name="DerivativeI" value="-0.310345" />
  <attribute name="DerivativeH" value="-0.310345" />
  <attribute name="Loop Time for DT" value="29.000000" />
  <attribute name="Output H" value="2092630016"/>
  <attribute name="Output I" value="200"/>
  <attribute name="Output T" value="4"/>
  <attribute name="Target GC Util Change" value ="20.000000" />
  <attribute name="Current GC Util Change" value="11.000000"/>
  <attribute name="GC Util currently" value="11" />
  <attribute name="CPU Util currently" value="158933419969" />
<allocation-satisfied id="625" threadId="0000000000D3F800" bytesRequested="24" />
<af-end id="626" timestamp="2019-06-16T22:58:44.572" threadId="0000000000D40188" success="true" from="nursery"/>
<exclusive-end id="627" timestamp="2019-06-16T22:58:44.572" durationms="5.339" />

<exclusive-start id="628" timestamp="2019-06-16T22:58:44.603" intervalms="36.310">
  <response-info timems="0.042" idlems="0.024" threads="1" lastid="0000000000A2F300" lastname="JIT Compilation Thread-0" />
</exclusive-start>
<af-start id="629" threadId="0000000000D3C588" totalBytesRequested="72" timestamp="2019-06-16T22:58:44.603" intervalms="36.290" type="nursery" />
<cycle-start id="630" type="scavenge" contextid="0" timestamp="2019-06-16T22:58:44.603" intervalms="36.324" />
<gc-start id="631" type="scavenge" contextid="630" timestamp="2019-06-16T22:58:44.603">
  <mem-info id="632" free="962912" total="11403264" percent="8">
    <mem type="nursery" free="0" total="5111808" percent="0">
      <mem type="allocate" free="0" total="3866624" percent="0" />
      <mem type="survivor" free="0" total="1245184" percent="0" />
    </mem>
    <mem type="tenure" free="962912" total="6291456" percent="15">
      <mem type="soa" free="648544" total="5977088" percent="10" />
      <mem type="loa" free="314368" total="314368" percent="100" />
    </mem>
    <remembered-set count="408" />
  </mem-info>
</gc-start>
<allocation-stats totalBytes="2893352" >
  <allocated-bytes non-tlh="680" tlh="2892672" />
  <largest-consumer threadName="PmdThread 2" threadId="0000000000D3F800" bytes="959768" />
</allocation-stats>
<gc-op id="633" type="scavenge" timems="1.467" contextid="630" timestamp="2019-06-16T22:58:44.605">
  <scavenger-info tenureage="4" tenuremask="7ff0" tiltratio="75" />
  <memory-copied type="nursery" objects="23126" bytes="1064968" bytesdiscarded="176440" />
  <memory-copied type="tenure" objects="2594" bytes="55328" bytesdiscarded="0" />
  <copy-failed type="nursery" objects="2594" bytes="55328" />
  <finalization candidates="1" enqueued="0" />
  <references type="soft" candidates="111" cleared="0" enqueued="0" dynamicThreshold="26" maxThreshold="32" />
  <references type="weak" candidates="10" cleared="2" enqueued="2" />
  <references type="phantom" candidates="1" cleared="0" enqueued="0" />
</gc-op>
<gc-end id="634" type="scavenge" contextid="630" durationms="1.833" usertimems="4.000" systemtimems="0.000" timestamp="2019-06-16T22:58:44.605" activeThreads="4">
  <mem-info id="635" free="3322208" total="11403264" percent="29">
    <mem type="nursery" free="2359296" total="5111808" percent="46">
      <mem type="allocate" free="2359296" total="3604480" percent="65" />
      <mem type="survivor" free="0" total="1507328" percent="0" />
    </mem>
    <mem type="tenure" free="962912" total="6291456" percent="15" macro-fragmented="602881">
      <mem type="soa" free="648544" total="5977088" percent="10" />
      <mem type="loa" free="314368" total="314368" percent="100" />
    </mem>
    <pending-finalizers system="0" default="0" reference="2" classloader="0" />
    <remembered-set count="416" />
  </mem-info>
</gc-end>
<cycle-end id="636" type="scavenge" contextid="630" timestamp="2019-06-16T22:58:44.605" />
  <attribute name="elasticGC enabled" value="1" />
  <attribute name= "numThreadsSpecified" value="4" />
  <attribute name="heapSize specified" value="8388608" />
  <attribute name="Current GC Util" value="14" />
  <attribute name= "Current Time Running" value="16180" />
  <attribute name ="GC Interval" value="200" />
  <attribute name="ProportionalT" value="-3.000000" />
  <attribute name="ProportionalI" value="-3.000000" />
  <attribute name="ProportionalH" value="-3.000000" />
  <attribute name="Current Error" value="-6.000000" />
  <attribute name="IntegralT" value="-108.000000" />
  <attribute name="IntegralI" value="-108.000000" />
  <attribute name="IntegralH" value="-108.000000" />
  <attribute name="DerivativeT" value="-0.166667" />
  <attribute name="DerivativeI" value="-0.166667" />
  <attribute name="DerivativeH" value="-0.166667" />
  <attribute name="Loop Time for DT" value="36.000000" />
  <attribute name="Output H" value="2092630016"/>
  <attribute name="Output I" value="200"/>
  <attribute name="Output T" value="4"/>
  <attribute name="Target GC Util Change" value ="20.000000" />
  <attribute name="Current GC Util Change" value="14.000000"/>
  <attribute name="GC Util currently" value="14" />
  <attribute name="CPU Util currently" value="1" />
<allocation-satisfied id="637" threadId="0000000000D3BC00" bytesRequested="72" />
<af-end id="638" timestamp="2019-06-16T22:58:44.605" threadId="0000000000D3C588" success="true" from="nursery"/>
<exclusive-end id="639" timestamp="2019-06-16T22:58:44.606" durationms="2.512" />

<exclusive-start id="640" timestamp="2019-06-16T22:58:44.638" intervalms="35.131">
  <response-info timems="0.060" idlems="0.060" threads="0" lastid="0000000000D3BC00" lastname="PmdThread 1" />
</exclusive-start>
<af-start id="641" threadId="0000000000D3C588" totalBytesRequested="72" timestamp="2019-06-16T22:58:44.638" intervalms="35.132" type="nursery" />
<cycle-start id="642" type="scavenge" contextid="0" timestamp="2019-06-16T22:58:44.638" intervalms="35.139" />
<gc-start id="643" type="scavenge" contextid="642" timestamp="2019-06-16T22:58:44.639">
  <mem-info id="644" free="958216" total="11403264" percent="8">
    <mem type="nursery" free="0" total="5111808" percent="0">
      <mem type="allocate" free="0" total="3604480" percent="0" />
      <mem type="survivor" free="0" total="1507328" percent="0" />
    </mem>
    <mem type="tenure" free="958216" total="6291456" percent="15">
      <mem type="soa" free="643848" total="5977088" percent="10" />
      <mem type="loa" free="314368" total="314368" percent="100" />
    </mem>
    <remembered-set count="534" />
  </mem-info>
</gc-start>
<allocation-stats totalBytes="2362928" >
  <allocated-bytes non-tlh="4768" tlh="2358160" />
  <largest-consumer threadName="PmdThread 4" threadId="0000000000D47000" bytes="1064608" />
</allocation-stats>
<gc-op id="645" type="scavenge" timems="2.297" contextid="642" timestamp="2019-06-16T22:58:44.641">
  <scavenger-info tenureage="3" tenuremask="7ff8" tiltratio="70" />
  <memory-copied type="nursery" objects="16069" bytes="875072" bytesdiscarded="186048" />
  <memory-copied type="tenure" objects="14365" bytes="561192" bytesdiscarded="64" />
  <finalization candidates="1" enqueued="0" />
  <references type="soft" candidates="11" cleared="0" enqueued="0" dynamicThreshold="26" maxThreshold="32" />
  <references type="weak" candidates="19" cleared="19" enqueued="19" />
  <references type="phantom" candidates="12" cleared="7" enqueued="7" />
</gc-op>
<gc-end id="646" type="scavenge" contextid="642" durationms="2.993" usertimems="0.000" systemtimems="4.000" timestamp="2019-06-16T22:58:44.642" activeThreads="4">
  <mem-info id="647" free="3024632" total="11403264" percent="26">
    <mem type="nursery" free="2608624" total="5111808" percent="51">
      <mem type="allocate" free="2608624" total="3670016" percent="71" />
      <mem type="survivor" free="0" total="1441792" percent="0" />
    </mem>
    <mem type="tenure" free="416008" total="6291456" percent="6" macro-fragmented="0">
      <mem type="soa" free="101640" total="5977088" percent="1" />
      <mem type="loa" free="314368" total="314368" percent="100" />
    </mem>
    <pending-finalizers system="0" default="0" reference="26" classloader="0" />
    <remembered-set count="471" />
  </mem-info>
</gc-end>
<cycle-end id="648" type="scavenge" contextid="642" timestamp="2019-06-16T22:58:44.642" />
  <attribute name="elasticGC enabled" value="1" />
  <attribute name= "numThreadsSpecified" value="4" />
  <attribute name="heapSize specified" value="8388608" />
  <attribute name="Current GC Util" value="8" />
  <attribute name= "Current Time Running" value="16216" />
  <attribute name ="GC Interval" value="200" />
  <attribute name="ProportionalT" value="-6.000000" />
  <attribute name="ProportionalI" value="-6.000000" />
  <attribute name="ProportionalH" value="-6.000000" />
  <attribute name="Current Error" value="-12.000000" />
  <attribute name="IntegralT" value="-216.000000" />
  <attribute name="IntegralI" value="-216.000000" />
  <attribute name="IntegralH" value="-216.000000" />
  <attribute name="DerivativeT" value="-0.333333" />
  <attribute name="DerivativeI" value="-0.333333" />
  <attribute name="DerivativeH" value="-0.333333" />
  <attribute name="Loop Time for DT" value="36.000000" />
  <attribute name="Output H" value="2092630016"/>
  <attribute name="Output I" value="200"/>
  <attribute name="Output T" value="4"/>
  <attribute name="Target GC Util Change" value ="20.000000" />
  <attribute name="Current GC Util Change" value="8.000000"/>
  <attribute name="GC Util currently" value="8" />
  <attribute name="CPU Util currently" value="129942937252" />
<allocation-satisfied id="649" threadId="0000000000D3BC00" bytesRequested="72" />
<af-end id="650" timestamp="2019-06-16T22:58:44.642" threadId="0000000000D3C588" success="true" from="nursery"/>
<exclusive-end id="651" timestamp="2019-06-16T22:58:44.642" durationms="3.886" />

<concurrent-kickoff id="652" timestamp="2019-06-16T22:58:44.664">
  <kickoff reason="threshold reached" targetBytes="1867303" thresholdFreeBytes="258815"  remainingFree="237040" tenureFreeBytes="415208" nurseryFreeBytes="237040" />
</concurrent-kickoff>
<exclusive-start id="653" timestamp="2019-06-16T22:58:44.664" intervalms="26.034">
  <response-info timems="0.049" idlems="0.049" threads="0" lastid="0000000000D47000" lastname="PmdThread 4" />
</exclusive-start>
<cycle-start id="654" type="global" contextid="0" timestamp="2019-06-16T22:58:44.664" intervalms="1332.264" />
<exclusive-end id="655" timestamp="2019-06-16T22:58:44.664" durationms="0.178" />

<exclusive-start id="656" timestamp="2019-06-16T22:58:44.671" intervalms="6.588">
  <response-info timems="0.058" idlems="0.058" threads="0" lastid="0000000000D3BC00" lastname="PmdThread 1" />
</exclusive-start>
<af-start id="657" threadId="0000000000D3C588" totalBytesRequested="256" timestamp="2019-06-16T22:58:44.671" intervalms="32.648" type="nursery" />
<cycle-start id="658" type="scavenge" contextid="0" timestamp="2019-06-16T22:58:44.671" intervalms="32.597" />
<gc-start id="659" type="scavenge" contextid="658" timestamp="2019-06-16T22:58:44.671">
  <mem-info id="660" free="415008" total="11403264" percent="3">
    <mem type="nursery" free="0" total="5111808" percent="0">
      <mem type="allocate" free="0" total="3670016" percent="0" />
      <mem type="survivor" free="0" total="1441792" percent="0" />
    </mem>
    <mem type="tenure" free="415008" total="6291456" percent="6">
      <mem type="soa" free="100640" total="5977088" percent="1" />
      <mem type="loa" free="314368" total="314368" percent="100" />
    </mem>
    <remembered-set count="506" />
  </mem-info>
</gc-start>
<allocation-stats totalBytes="2605328" >
  <allocated-bytes non-tlh="1072" tlh="2604256" />
  <largest-consumer threadName="PmdThread 4" threadId="0000000000D47000" bytes="1168952" />
</allocation-stats>
<gc-op id="661" type="scavenge" timems="2.149" contextid="658" timestamp="2019-06-16T22:58:44.673">
  <scavenger-info tenureage="3" tenuremask="7ff8" tiltratio="71" />
  <memory-copied type="nursery" objects="14589" bytes="762008" bytesdiscarded="29936" />
  <memory-copied type="tenure" objects="3288" bytes="237576" bytesdiscarded="544" />
  <references type="soft" candidates="2" cleared="0" enqueued="0" dynamicThreshold="26" maxThreshold="32" />
  <references type="weak" candidates="106" cleared="106" enqueued="106" />
  <references type="phantom" candidates="22" cleared="12" enqueued="12" />
  <heap-resize type="expand" space="tenure" amount="131072" count="2" timems="0.025" reason="continue current collection" />
</gc-op>
<heap-resize id="662" type="expand" space="nursery" amount="262144" count="1" timems="0.013" reason="excessive time being spent scavenging" timestamp="2019-06-16T22:58:44.674" />
<gc-end id="663" type="scavenge" contextid="658" durationms="2.582" usertimems="4.000" systemtimems="0.000" timestamp="2019-06-16T22:58:44.674" activeThreads="4">
  <mem-info id="664" free="3418304" total="11796480" percent="28">
    <mem type="nursery" free="3074496" total="5373952" percent="57">
      <mem type="allocate" free="3074496" total="3866624" percent="79" />
      <mem type="survivor" free="0" total="1507328" percent="0" />
    </mem>
    <mem type="tenure" free="343808" total="6422528" percent="5" macro-fragmented="0">
      <mem type="soa" free="23296" total="6102016" percent="0" />
      <mem type="loa" free="320512" total="320512" percent="100" />
    </mem>
    <pending-finalizers system="0" default="0" reference="118" classloader="0" />
    <remembered-set count="458" />
  </mem-info>
</gc-end>
<cycle-end id="665" type="scavenge" contextid="658" timestamp="2019-06-16T22:58:44.674" />
  <attribute name="elasticGC enabled" value="1" />
  <attribute name= "numThreadsSpecified" value="4" />
  <attribute name="heapSize specified" value="8388608" />
  <attribute name="Current GC Util" value="13" />
  <attribute name= "Current Time Running" value="16248" />
  <attribute name ="GC Interval" value="200" />
  <attribute name="ProportionalT" value="-3.500000" />
  <attribute name="ProportionalI" value="-3.500000" />
  <attribute name="ProportionalH" value="-3.500000" />
  <attribute name="Current Error" value="-7.000000" />
  <attribute name="IntegralT" value="-112.000000" />
  <attribute name="IntegralI" value="-112.000000" />
  <attribute name="IntegralH" value="-112.000000" />
  <attribute name="DerivativeT" value="-0.218750" />
  <attribute name="DerivativeI" value="-0.218750" />
  <attribute name="DerivativeH" value="-0.218750" />
  <attribute name="Loop Time for DT" value="32.000000" />
  <attribute name="Output H" value="2092630016"/>
  <attribute name="Output I" value="200"/>
  <attribute name="Output T" value="4"/>
  <attribute name="Target GC Util Change" value ="20.000000" />
  <attribute name="Current GC Util Change" value="13.000000"/>
  <attribute name="GC Util currently" value="13" />
  <attribute name="CPU Util currently" value="142964511357" />
<allocation-satisfied id="666" threadId="0000000000D3BC00" bytesRequested="256" />
<af-end id="667" timestamp="2019-06-16T22:58:44.674" threadId="0000000000D3C588" success="true" from="nursery"/>
<exclusive-end id="668" timestamp="2019-06-16T22:58:44.674" durationms="3.236" />

<exclusive-start id="669" timestamp="2019-06-16T22:58:44.674" intervalms="3.332">
  <response-info timems="0.024" idlems="0.024" threads="0" lastid="0000000000D43400" lastname="PmdThread 3" />
</exclusive-start>
<concurrent-collection-start id="670" timestamp="2019-06-16T22:58:44.674" intervalms="16402.384" >
  <concurrent-trace-info reason="card cleaning threshold reached" tracedByMutators="1304244" tracedByHelpers="1000960" cardsCleaned="6" workStackOverflowCount="0" />
</concurrent-collection-start>
<gc-start id="671" type="global" contextid="654" timestamp="2019-06-16T22:58:44.674">
  <mem-info id="672" free="3344320" total="11796480" percent="28">
    <mem type="nursery" free="3000512" total="5373952" percent="55">
      <mem type="allocate" free="3000512" total="3866624" percent="77" />
      <mem type="survivor" free="0" total="1507328" percent="0" />
    </mem>
    <mem type="tenure" free="343808" total="6422528" percent="5">
      <mem type="soa" free="23296" total="6102016" percent="0" />
      <mem type="loa" free="320512" total="320512" percent="100" />
    </mem>
    <pending-finalizers system="0" default="0" reference="117" classloader="0" />
    <remembered-set count="458" />
  </mem-info>
</gc-start>
<allocation-stats totalBytes="73984" >
  <allocated-bytes non-tlh="256" tlh="73728" />
  <largest-consumer threadName="PmdThread 3" threadId="0000000000D43400" bytes="45056" />
</allocation-stats>
<gc-op id="673" type="rs-scan" timems="0.892" contextid="654" timestamp="2019-06-16T22:58:44.675">
  <scan objectsFound="217" bytesTraced="15412" workStackOverflowCount="0" />
</gc-op>
<gc-op id="674" type="card-cleaning" timems="1.003" contextid="654" timestamp="2019-06-16T22:58:44.676">
  <card-cleaning cardsCleaned="139" bytesTraced="156612" workStackOverflowCount="0" />
</gc-op>
<gc-op id="675" type="mark" timems="4.312" contextid="654" timestamp="2019-06-16T22:58:44.681">
  <trace-info objectcount="15909" scancount="14495" scanbytes="503124" />
  <finalization candidates="58" enqueued="0" />
  <ownableSynchronizers candidates="8" cleared="0" />
  <references type="soft" candidates="213" cleared="0" enqueued="0" dynamicThreshold="26" maxThreshold="32" />
  <references type="weak" candidates="702" cleared="40" enqueued="20" />
  <references type="phantom" candidates="73" cleared="2" enqueued="2" />
  <stringconstants candidates="4982" cleared="5"  />
</gc-op>
<gc-op id="676" type="classunload" timems="0.300" contextid="654" timestamp="2019-06-16T22:58:44.681">
  <classunload-info classloadercandidates="10" classloadersunloaded="1" classesunloaded="1" anonymousclassesunloaded="0" quiescems="0.000" setupms="0.282" scanms="0.017" postms="0.001" />
</gc-op>
<gc-op id="677" type="sweep" timems="1.352" contextid="654" timestamp="2019-06-16T22:58:44.683" />
<mem-info id="678" free="5090752" total="11796480" percent="43">
  <mem type="nursery" free="3103800" total="5373952" percent="57">
    <mem type="allocate" free="3103800" total="3866624" percent="80" />
    <mem type="survivor" free="0" total="1507328" percent="0" />
  </mem>
  <mem type="tenure" free="1986952" total="6422528" percent="30" micro-fragmented="114129" macro-fragmented="0">
    <mem type="soa" free="1666440" total="6102016" percent="27" />
    <mem type="loa" free="320512" total="320512" percent="100" />
  </mem>
  <pending-finalizers system="0" default="0" reference="139" classloader="0" />
  <remembered-set count="444" />
</mem-info>
<gc-op id="679" type="compact" timems="22.858" contextid="654" timestamp="2019-06-16T22:58:44.706">
  <compact-info movecount="100228" movebytes="4795040" reason="compact to aid heap contraction" />
</gc-op>
<heap-resize id="680" type="contract" space="tenure" amount="262144" count="1" timems="0.169" reason="heap reconfiguration" timestamp="2019-06-16T22:58:44.707" />
<gc-end id="681" type="global" contextid="654" durationms="32.511" usertimems="40.000" systemtimems="0.000" timestamp="2019-06-16T22:58:44.707" activeThreads="4">
  <mem-info id="682" free="4924760" total="11534336" percent="42">
    <mem type="nursery" free="3104888" total="5373952" percent="57">
      <mem type="allocate" free="3104888" total="3866624" percent="80" />
      <mem type="survivor" free="0" total="1507328" percent="0" />
    </mem>
    <mem type="tenure" free="1819872" total="6160384" percent="29">
      <mem type="soa" free="1571040" total="5853184" percent="26" />
      <mem type="loa" free="248832" total="307200" percent="81" />
    </mem>
    <pending-finalizers system="0" default="0" reference="139" classloader="0" />
    <remembered-set count="444" />
  </mem-info>
</gc-end>
<cycle-end id="683" type="global" contextid="654" timestamp="2019-06-16T22:58:44.707" />
  <attribute name="elasticGC enabled" value="1" />
  <attribute name= "numThreadsSpecified" value="4" />
  <attribute name="heapSize specified" value="11796480" />
  <attribute name="Current GC Util" value="40" />
  <attribute name= "Current Time Running" value="16282" />
  <attribute name ="GC Interval" value="200" />
  <attribute name="ProportionalT" value="10.000000" />
  <attribute name="ProportionalI" value="10.000000" />
  <attribute name="ProportionalH" value="10.000000" />
  <attribute name="Current Error" value="20.000000" />
  <attribute name="IntegralT" value="230.000000" />
  <attribute name="IntegralI" value="230.000000" />
  <attribute name="IntegralH" value="230.000000" />
  <attribute name="DerivativeT" value="-2.391304" />
  <attribute name="DerivativeI" value="-2.391304" />
  <attribute name="DerivativeH" value="-2.391304" />
  <attribute name="Loop Time for DT" value="23.000000" />
  <attribute name="Output H" value="8388608"/>
  <attribute name="Output I" value="240"/>
  <attribute name="Output T" value="4"/>
  <attribute name="Target GC Util Change" value ="20.000000" />
  <attribute name="Current GC Util Change" value="40.000000"/>
  <attribute name="GC Util currently" value="40" />
  <attribute name="CPU Util currently" value="200233089235" />
<concurrent-collection-end id="684" timestamp="2019-06-16T22:58:44.707" />
<exclusive-end id="685" timestamp="2019-06-16T22:58:44.707" durationms="33.043" />

<exclusive-start id="686" timestamp="2019-06-16T22:58:44.721" intervalms="47.050">
  <response-info timems="0.079" idlems="0.042" threads="1" lastid="0000000000D47000" lastname="PmdThread 4" />
</exclusive-start>
<af-start id="687" threadId="0000000000D3C588" totalBytesRequested="48" timestamp="2019-06-16T22:58:44.721" intervalms="50.383" type="nursery" />
<cycle-start id="688" type="scavenge" contextid="0" timestamp="2019-06-16T22:58:44.721" intervalms="50.416" />
<gc-start id="689" type="scavenge" contextid="688" timestamp="2019-06-16T22:58:44.721">
  <mem-info id="690" free="1819336" total="11534336" percent="15">
    <mem type="nursery" free="0" total="5373952" percent="0">
      <mem type="allocate" free="0" total="3866624" percent="0" />
      <mem type="survivor" free="0" total="1507328" percent="0" />
    </mem>
    <mem type="tenure" free="1819336" total="6160384" percent="29">
      <mem type="soa" free="1570504" total="5853184" percent="26" />
      <mem type="loa" free="248832" total="307200" percent="81" />
    </mem>
    <remembered-set count="597" />
  </mem-info>
</gc-start>
<allocation-stats totalBytes="3098472" >
  <allocated-bytes non-tlh="16928" tlh="3081544" />
  <largest-consumer threadName="PmdThread 4" threadId="0000000000D47000" bytes="1542200" />
</allocation-stats>
<gc-op id="691" type="scavenge" timems="1.654" contextid="688" timestamp="2019-06-16T22:58:44.724">
  <scavenger-info tenureage="3" tenuremask="7ff8" tiltratio="71" />
  <memory-copied type="nursery" objects="10293" bytes="590408" bytesdiscarded="191320" />
  <memory-copied type="tenure" objects="5184" bytes="251896" bytesdiscarded="64" />
  <ownableSynchronizers candidates="16" cleared="16" />
  <references type="soft" candidates="16" cleared="0" enqueued="0" dynamicThreshold="9" maxThreshold="32" />
  <references type="weak" candidates="94" cleared="94" enqueued="94" />
  <references type="phantom" candidates="12" cleared="2" enqueued="2" />
</gc-op>
<gc-end id="692" type="scavenge" contextid="688" durationms="2.314" usertimems="0.000" systemtimems="4.000" timestamp="2019-06-16T22:58:44.724" activeThreads="4">
  <mem-info id="693" free="4666288" total="11534336" percent="40">
    <mem type="nursery" free="3344112" total="5373952" percent="62">
      <mem type="allocate" free="3344112" total="4128768" percent="80" />
      <mem type="survivor" free="0" total="1245184" percent="0" />
    </mem>
    <mem type="tenure" free="1322176" total="6160384" percent="21" macro-fragmented="868149">
      <mem type="soa" free="1073344" total="5853184" percent="18" />
      <mem type="loa" free="248832" total="307200" percent="81" />
    </mem>
    <pending-finalizers system="0" default="0" reference="96" classloader="0" />
    <remembered-set count="553" />
  </mem-info>
</gc-end>
<cycle-end id="694" type="scavenge" contextid="688" timestamp="2019-06-16T22:58:44.724" />
  <attribute name="elasticGC enabled" value="1" />
  <attribute name= "numThreadsSpecified" value="4" />
  <attribute name="heapSize specified" value="11796480" />
  <attribute name="Current GC Util" value="125" />
  <attribute name= "Current Time Running" value="16299" />
  <attribute name ="GC Interval" value="952" />
  <attribute name="ProportionalT" value="52.500000" />
  <attribute name="ProportionalI" value="52.500000" />
  <attribute name="ProportionalH" value="52.500000" />
  <attribute name="Current Error" value="105.000000" />
  <attribute name="IntegralT" value="892.500000" />
  <attribute name="IntegralI" value="892.500000" />
  <attribute name="IntegralH" value="892.500000" />
  <attribute name="DerivativeT" value="5.000000" />
  <attribute name="DerivativeI" value="5.000000" />
  <attribute name="DerivativeH" value="5.000000" />
  <attribute name="Loop Time for DT" value="17.000000" />
  <attribute name="Output H" value="8388608"/>
  <attribute name="Output I" value="952"/>
  <attribute name="Output T" value="4"/>
  <attribute name="Target GC Util Change" value ="20.000000" />
  <attribute name="Current GC Util Change" value="125.000000"/>
  <attribute name="GC Util currently" value="125" />
  <attribute name="CPU Util currently" value="287429597095" />
<allocation-satisfied id="695" threadId="0000000000D3BC00" bytesRequested="48" />
<af-end id="696" timestamp="2019-06-16T22:58:44.724" threadId="0000000000D3C588" success="true" from="nursery"/>
<exclusive-end id="697" timestamp="2019-06-16T22:58:44.724" durationms="3.124" />

<exclusive-start id="698" timestamp="2019-06-16T22:58:44.746" intervalms="24.759">
  <response-info timems="0.052" idlems="0.052" threads="0" lastid="0000000000D3BC00" lastname="PmdThread 1" />
</exclusive-start>
<af-start id="699" threadId="0000000000D3C588" totalBytesRequested="64" timestamp="2019-06-16T22:58:44.746" intervalms="24.735" type="nursery" />
<cycle-start id="700" type="scavenge" contextid="0" timestamp="2019-06-16T22:58:44.746" intervalms="24.707" />
<gc-start id="701" type="scavenge" contextid="700" timestamp="2019-06-16T22:58:44.746">
  <mem-info id="702" free="1322176" total="11534336" percent="11">
    <mem type="nursery" free="0" total="5373952" percent="0">
      <mem type="allocate" free="0" total="4128768" percent="0" />
      <mem type="survivor" free="0" total="1245184" percent="0" />
    </mem>
    <mem type="tenure" free="1322176" total="6160384" percent="21">
      <mem type="soa" free="1073344" total="5853184" percent="18" />
      <mem type="loa" free="248832" total="307200" percent="81" />
    </mem>
    <remembered-set count="608" />
  </mem-info>
</gc-start>
<allocation-stats totalBytes="3342688" >
  <allocated-bytes non-tlh="48" tlh="3342640" />
  <largest-consumer threadName="PmdThread 2" threadId="0000000000D3F800" bytes="1084848" />
</allocation-stats>
<gc-op id="703" type="scavenge" timems="1.596" contextid="700" timestamp="2019-06-16T22:58:44.748">
  <scavenger-info tenureage="3" tenuremask="7ff8" tiltratio="76" />
  <memory-copied type="nursery" objects="6630" bytes="657456" bytesdiscarded="162800" />
  <memory-copied type="tenure" objects="5669" bytes="199312" bytesdiscarded="64" />
  <references type="soft" candidates="16" cleared="0" enqueued="0" dynamicThreshold="9" maxThreshold="32" />
  <references type="weak" candidates="59" cleared="59" enqueued="59" />
  <references type="phantom" candidates="17" cleared="11" enqueued="11" />
</gc-op>
<gc-end id="704" type="scavenge" contextid="700" durationms="2.060" usertimems="4.000" systemtimems="0.000" timestamp="2019-06-16T22:58:44.748" activeThreads="4">
  <mem-info id="705" free="4538800" total="11534336" percent="39">
    <mem type="nursery" free="3373296" total="5373952" percent="62">
      <mem type="allocate" free="3373296" total="4194304" percent="80" />
      <mem type="survivor" free="0" total="1179648" percent="0" />
    </mem>
    <mem type="tenure" free="1165504" total="6160384" percent="18" macro-fragmented="10920">
      <mem type="soa" free="916672" total="5853184" percent="15" />
      <mem type="loa" free="248832" total="307200" percent="81" />
    </mem>
    <pending-finalizers system="0" default="0" reference="70" classloader="0" />
    <remembered-set count="333" />
  </mem-info>
</gc-end>
<cycle-end id="706" type="scavenge" contextid="700" timestamp="2019-06-16T22:58:44.748" />
  <attribute name="elasticGC enabled" value="1" />
  <attribute name= "numThreadsSpecified" value="4" />
  <attribute name="heapSize specified" value="11796480" />
  <attribute name="Current GC Util" value="13" />
  <attribute name= "Current Time Running" value="16323" />
  <attribute name ="GC Interval" value="200" />
  <attribute name="ProportionalT" value="-3.500000" />
  <attribute name="ProportionalI" value="-3.500000" />
  <attribute name="ProportionalH" value="-3.500000" />
  <attribute name="Current Error" value="-7.000000" />
  <attribute name="IntegralT" value="-84.000000" />
  <attribute name="IntegralI" value="-84.000000" />
  <attribute name="IntegralH" value="-84.000000" />
  <attribute name="DerivativeT" value="-4.666667" />
  <attribute name="DerivativeI" value="-4.666667" />
  <attribute name="DerivativeH" value="-4.666667" />
  <attribute name="Loop Time for DT" value="24.000000" />
  <attribute name="Output H" value="2092630016"/>
  <attribute name="Output I" value="200"/>
  <attribute name="Output T" value="4"/>
  <attribute name="Target GC Util Change" value ="20.000000" />
  <attribute name="Current GC Util Change" value="13.000000"/>
  <attribute name="GC Util currently" value="13" />
  <attribute name="CPU Util currently" value="188564155293" />
<allocation-satisfied id="707" threadId="0000000000D3BC00" bytesRequested="64" />
<af-end id="708" timestamp="2019-06-16T22:58:44.749" threadId="0000000000D3C588" success="true" from="nursery"/>
<exclusive-end id="709" timestamp="2019-06-16T22:58:44.749" durationms="2.801" />

<exclusive-start id="710" timestamp="2019-06-16T22:58:44.770" intervalms="24.331">
  <response-info timems="0.039" idlems="0.022" threads="1" lastid="0000000000D43400" lastname="PmdThread 3" />
</exclusive-start>
<af-start id="711" threadId="0000000000D40188" totalBytesRequested="40" timestamp="2019-06-16T22:58:44.770" intervalms="24.362" type="nursery" />
<cycle-start id="712" type="scavenge" contextid="0" timestamp="2019-06-16T22:58:44.771" intervalms="24.402" />
<gc-start id="713" type="scavenge" contextid="712" timestamp="2019-06-16T22:58:44.771">
  <mem-info id="714" free="1165504" total="11534336" percent="10">
    <mem type="nursery" free="0" total="5373952" percent="0">
      <mem type="allocate" free="0" total="4194304" percent="0" />
      <mem type="survivor" free="0" total="1179648" percent="0" />
    </mem>
    <mem type="tenure" free="1165504" total="6160384" percent="18">
      <mem type="soa" free="916672" total="5853184" percent="15" />
      <mem type="loa" free="248832" total="307200" percent="81" />
    </mem>
    <remembered-set count="366" />
  </mem-info>
</gc-start>
<allocation-stats totalBytes="3370784" >
  <allocated-bytes non-tlh="64" tlh="3370720" />
  <largest-consumer threadName="PmdThread 3" threadId="0000000000D43400" bytes="960528" />
</allocation-stats>
<gc-op id="715" type="scavenge" timems="0.736" contextid="712" timestamp="2019-06-16T22:58:44.771">
  <scavenger-info tenureage="3" tenuremask="7ff8" tiltratio="78" />
  <memory-copied type="nursery" objects="6823" bytes="718736" bytesdiscarded="109232" />
  <memory-copied type="tenure" objects="1790" bytes="121744" bytesdiscarded="0" />
  <references type="soft" candidates="16" cleared="0" enqueued="0" dynamicThreshold="9" maxThreshold="32" />
  <references type="weak" candidates="92" cleared="92" enqueued="92" />
  <references type="phantom" candidates="13" cleared="12" enqueued="12" />
</gc-op>
<gc-end id="716" type="scavenge" contextid="712" durationms="1.019" usertimems="0.000" systemtimems="0.000" timestamp="2019-06-16T22:58:44.772" activeThreads="4">
  <mem-info id="717" free="4462576" total="11534336" percent="38">
    <mem type="nursery" free="3430968" total="5373952" percent="63">
      <mem type="allocate" free="3430968" total="4259840" percent="80" />
      <mem type="survivor" free="0" total="1114112" percent="0" />
    </mem>
    <mem type="tenure" free="1031608" total="6160384" percent="16" macro-fragmented="502401">
      <mem type="soa" free="782776" total="5853184" percent="13" />
      <mem type="loa" free="248832" total="307200" percent="81" />
    </mem>
    <pending-finalizers system="0" default="0" reference="104" classloader="0" />
    <remembered-set count="241" />
  </mem-info>
</gc-end>
<cycle-end id="718" type="scavenge" contextid="712" timestamp="2019-06-16T22:58:44.772" />
  <attribute name="elasticGC enabled" value="1" />
  <attribute name= "numThreadsSpecified" value="4" />
  <attribute name="heapSize specified" value="11796480" />
  <attribute name="Current GC Util" value="11" />
  <attribute name= "Current Time Running" value="16347" />
  <attribute name ="GC Interval" value="200" />
  <attribute name="ProportionalT" value="-4.500000" />
  <attribute name="ProportionalI" value="-4.500000" />
  <attribute name="ProportionalH" value="-4.500000" />
  <attribute name="Current Error" value="-9.000000" />
  <attribute name="IntegralT" value="-108.000000" />
  <attribute name="IntegralI" value="-108.000000" />
  <attribute name="IntegralH" value="-108.000000" />
  <attribute name="DerivativeT" value="-0.375000" />
  <attribute name="DerivativeI" value="-0.375000" />
  <attribute name="DerivativeH" value="-0.375000" />
  <attribute name="Loop Time for DT" value="24.000000" />
  <attribute name="Output H" value="2092630016"/>
  <attribute name="Output I" value="200"/>
  <attribute name="Output T" value="4"/>
  <attribute name="Target GC Util Change" value ="20.000000" />
  <attribute name="Current GC Util Change" value="11.000000"/>
  <attribute name="GC Util currently" value="11" />
  <attribute name="CPU Util currently" value="189691311729" />
<allocation-satisfied id="719" threadId="0000000000D3F800" bytesRequested="40" />
<af-end id="720" timestamp="2019-06-16T22:58:44.772" threadId="0000000000D40188" success="true" from="nursery"/>
<exclusive-end id="721" timestamp="2019-06-16T22:58:44.772" durationms="1.659" />

<exclusive-start id="722" timestamp="2019-06-16T22:58:44.794" intervalms="23.521">
  <response-info timems="0.061" idlems="0.061" threads="0" lastid="0000000000D47000" lastname="PmdThread 4" />
</exclusive-start>
<af-start id="723" threadId="0000000000D47988" totalBytesRequested="864" timestamp="2019-06-16T22:58:44.794" intervalms="23.577" type="nursery" />
<cycle-start id="724" type="scavenge" contextid="0" timestamp="2019-06-16T22:58:44.795" intervalms="24.070" />
<gc-start id="725" type="scavenge" contextid="724" timestamp="2019-06-16T22:58:44.795">
  <mem-info id="726" free="1031608" total="11534336" percent="8">
    <mem type="nursery" free="0" total="5373952" percent="0">
      <mem type="allocate" free="0" total="4259840" percent="0" />
      <mem type="survivor" free="0" total="1114112" percent="0" />
    </mem>
    <mem type="tenure" free="1031608" total="6160384" percent="16">
      <mem type="soa" free="782776" total="5853184" percent="13" />
      <mem type="loa" free="248832" total="307200" percent="81" />
    </mem>
    <remembered-set count="278" />
  </mem-info>
</gc-start>
<allocation-stats totalBytes="3428792" >
  <allocated-bytes non-tlh="40" tlh="3428752" />
  <largest-consumer threadName="PmdThread 4" threadId="0000000000D47000" bytes="935384" />
</allocation-stats>
<gc-op id="727" type="scavenge" timems="1.098" contextid="724" timestamp="2019-06-16T22:58:44.797">
  <scavenger-info tenureage="3" tenuremask="7ff8" tiltratio="79" />
  <memory-copied type="nursery" objects="6554" bytes="529792" bytesdiscarded="116888" />
  <memory-copied type="tenure" objects="300" bytes="13272" bytesdiscarded="0" />
  <references type="weak" candidates="93" cleared="93" enqueued="93" />
  <references type="phantom" candidates="18" cleared="15" enqueued="15" />
</gc-op>
<heap-resize id="728" type="expand" space="nursery" amount="262144" count="1" timems="0.018" reason="excessive time being spent scavenging" timestamp="2019-06-16T22:58:44.797" />
<gc-end id="729" type="scavenge" contextid="724" durationms="2.556" usertimems="0.000" systemtimems="0.000" timestamp="2019-06-16T22:58:44.797" activeThreads="4">
  <mem-info id="730" free="4867216" total="11796480" percent="41">
    <mem type="nursery" free="3874776" total="5636096" percent="68">
      <mem type="allocate" free="3874776" total="4521984" percent="85" />
      <mem type="survivor" free="0" total="1114112" percent="0" />
    </mem>
    <mem type="tenure" free="992440" total="6160384" percent="16" macro-fragmented="0">
      <mem type="soa" free="743608" total="5853184" percent="12" />
      <mem type="loa" free="248832" total="307200" percent="81" />
    </mem>
    <pending-finalizers system="0" default="0" reference="108" classloader="0" />
    <remembered-set count="243" />
  </mem-info>
</gc-end>
<cycle-end id="731" type="scavenge" contextid="724" timestamp="2019-06-16T22:58:44.797" />
  <attribute name="elasticGC enabled" value="1" />
  <attribute name= "numThreadsSpecified" value="4" />
  <attribute name="heapSize specified" value="11796480" />
  <attribute name="Current GC Util" value="6" />
  <attribute name= "Current Time Running" value="16372" />
  <attribute name ="GC Interval" value="200" />
  <attribute name="ProportionalT" value="-7.000000" />
  <attribute name="ProportionalI" value="-7.000000" />
  <attribute name="ProportionalH" value="-7.000000" />
  <attribute name="Current Error" value="-14.000000" />
  <attribute name="IntegralT" value="-175.000000" />
  <attribute name="IntegralI" value="-175.000000" />
  <attribute name="IntegralH" value="-175.000000" />
  <attribute name="DerivativeT" value="-0.560000" />
  <attribute name="DerivativeI" value="-0.560000" />
  <attribute name="DerivativeH" value="-0.560000" />
  <attribute name="Loop Time for DT" value="25.000000" />
  <attribute name="Output H" value="2092630016"/>
  <attribute name="Output I" value="200"/>
  <attribute name="Output T" value="4"/>
  <attribute name="Target GC Util Change" value ="20.000000" />
  <attribute name="Current GC Util Change" value="6.000000"/>
  <attribute name="GC Util currently" value="6" />
  <attribute name="CPU Util currently" value="184358757447" />
<allocation-satisfied id="732" threadId="0000000000D47000" bytesRequested="864" />
<af-end id="733" timestamp="2019-06-16T22:58:44.798" threadId="0000000000D47988" success="true" from="nursery"/>
<exclusive-end id="734" timestamp="2019-06-16T22:58:44.798" durationms="3.879" />

<exclusive-start id="735" timestamp="2019-06-16T22:58:44.820" intervalms="25.870">
  <response-info timems="0.044" idlems="0.044" threads="0" lastid="0000000000D3F800" lastname="PmdThread 2" />
</exclusive-start>
<af-start id="736" threadId="0000000000D40188" totalBytesRequested="56" timestamp="2019-06-16T22:58:44.820" intervalms="25.741" type="nursery" />
<cycle-start id="737" type="scavenge" contextid="0" timestamp="2019-06-16T22:58:44.820" intervalms="25.164" />
<gc-start id="738" type="scavenge" contextid="737" timestamp="2019-06-16T22:58:44.820">
  <mem-info id="739" free="992440" total="11796480" percent="8">
    <mem type="nursery" free="0" total="5636096" percent="0">
      <mem type="allocate" free="0" total="4521984" percent="0" />
      <mem type="survivor" free="0" total="1114112" percent="0" />
    </mem>
    <mem type="tenure" free="992440" total="6160384" percent="16">
      <mem type="soa" free="743608" total="5853184" percent="12" />
      <mem type="loa" free="248832" total="307200" percent="81" />
    </mem>
    <remembered-set count="285" />
  </mem-info>
</gc-start>
<allocation-stats totalBytes="3855896" >
  <allocated-bytes non-tlh="864" tlh="3855032" />
  <largest-consumer threadName="PmdThread 2" threadId="0000000000D3F800" bytes="1055992" />
</allocation-stats>
<gc-op id="740" type="scavenge" timems="0.869" contextid="737" timestamp="2019-06-16T22:58:44.821">
  <scavenger-info tenureage="3" tenuremask="7ff8" tiltratio="80" />
  <memory-copied type="nursery" objects="8374" bytes="787624" bytesdiscarded="101048" />
  <memory-copied type="tenure" objects="273" bytes="9336" bytesdiscarded="0" />
  <references type="weak" candidates="83" cleared="83" enqueued="83" />
  <references type="phantom" candidates="15" cleared="10" enqueued="10" />
</gc-op>
<gc-end id="741" type="scavenge" contextid="737" durationms="1.191" usertimems="4.000" systemtimems="0.000" timestamp="2019-06-16T22:58:44.821" activeThreads="4">
  <mem-info id="742" free="4492592" total="11796480" percent="38">
    <mem type="nursery" free="3631480" total="5636096" percent="64">
      <mem type="allocate" free="3631480" total="4521984" percent="80" />
      <mem type="survivor" free="0" total="1114112" percent="0" />
    </mem>
    <mem type="tenure" free="861112" total="6160384" percent="13" macro-fragmented="0">
      <mem type="soa" free="612280" total="5853184" percent="10" />
      <mem type="loa" free="248832" total="307200" percent="81" />
    </mem>
    <pending-finalizers system="0" default="0" reference="93" classloader="0" />
    <remembered-set count="223" />
  </mem-info>
</gc-end>
<cycle-end id="743" type="scavenge" contextid="737" timestamp="2019-06-16T22:58:44.821" />
  <attribute name="elasticGC enabled" value="1" />
  <attribute name= "numThreadsSpecified" value="4" />
  <attribute name="heapSize specified" value="11796480" />
  <attribute name="Current GC Util" value="9" />
  <attribute name= "Current Time Running" value="16396" />
  <attribute name ="GC Interval" value="200" />
  <attribute name="ProportionalT" value="-5.500000" />
  <attribute name="ProportionalI" value="-5.500000" />
  <attribute name="ProportionalH" value="-5.500000" />
  <attribute name="Current Error" value="-11.000000" />
  <attribute name="IntegralT" value="-132.000000" />
  <attribute name="IntegralI" value="-132.000000" />
  <attribute name="IntegralH" value="-132.000000" />
  <attribute name="DerivativeT" value="-0.458333" />
  <attribute name="DerivativeI" value="-0.458333" />
  <attribute name="DerivativeH" value="-0.458333" />
  <attribute name="Loop Time for DT" value="24.000000" />
  <attribute name="Output H" value="2092630016"/>
  <attribute name="Output I" value="200"/>
  <attribute name="Output T" value="4"/>
  <attribute name="Target GC Util Change" value ="20.000000" />
  <attribute name="Current GC Util Change" value="9.000000"/>
  <attribute name="GC Util currently" value="9" />
  <attribute name="CPU Util currently" value="190966275024" />
<allocation-satisfied id="744" threadId="0000000000D3F800" bytesRequested="56" />
<af-end id="745" timestamp="2019-06-16T22:58:44.821" threadId="0000000000D40188" success="true" from="nursery"/>
<exclusive-end id="746" timestamp="2019-06-16T22:58:44.821" durationms="1.594" />

<exclusive-start id="747" timestamp="2019-06-16T22:58:44.845" intervalms="24.894">
  <response-info timems="0.045" idlems="0.045" threads="0" lastid="0000000000D3F800" lastname="PmdThread 2" />
</exclusive-start>
<af-start id="748" threadId="0000000000D40188" totalBytesRequested="16392" timestamp="2019-06-16T22:58:44.845" intervalms="24.890" type="nursery" />
<cycle-start id="749" type="scavenge" contextid="0" timestamp="2019-06-16T22:58:44.845" intervalms="24.888" />
<gc-start id="750" type="scavenge" contextid="749" timestamp="2019-06-16T22:58:44.845">
  <mem-info id="751" free="861112" total="11796480" percent="7">
    <mem type="nursery" free="0" total="5636096" percent="0">
      <mem type="allocate" free="0" total="4521984" percent="0" />
      <mem type="survivor" free="0" total="1114112" percent="0" />
    </mem>
    <mem type="tenure" free="861112" total="6160384" percent="13">
      <mem type="soa" free="612280" total="5853184" percent="10" />
      <mem type="loa" free="248832" total="307200" percent="81" />
    </mem>
    <remembered-set count="263" />
  </mem-info>
</gc-start>
<allocation-stats totalBytes="3618368" >
  <allocated-bytes non-tlh="56" tlh="3618312" />
  <largest-consumer threadName="PmdThread 2" threadId="0000000000D3F800" bytes="1069648" />
</allocation-stats>
<gc-op id="752" type="scavenge" timems="0.788" contextid="749" timestamp="2019-06-16T22:58:44.846">
  <scavenger-info tenureage="3" tenuremask="7ff8" tiltratio="80" />
  <memory-copied type="nursery" objects="8017" bytes="742152" bytesdiscarded="146200" />
  <memory-copied type="tenure" objects="216" bytes="6904" bytesdiscarded="0" />
  <references type="weak" candidates="99" cleared="99" enqueued="99" />
  <references type="phantom" candidates="15" cleared="11" enqueued="11" />
</gc-op>
<gc-end id="753" type="scavenge" contextid="749" durationms="1.112" usertimems="0.000" systemtimems="4.000" timestamp="2019-06-16T22:58:44.846" activeThreads="4">
  <mem-info id="754" free="4493352" total="11796480" percent="38">
    <mem type="nursery" free="3632240" total="5636096" percent="64">
      <mem type="allocate" free="3632240" total="4521984" percent="80" />
      <mem type="survivor" free="0" total="1114112" percent="0" />
    </mem>
    <mem type="tenure" free="861112" total="6160384" percent="13" macro-fragmented="0">
      <mem type="soa" free="612280" total="5853184" percent="10" />
      <mem type="loa" free="248832" total="307200" percent="81" />
    </mem>
    <pending-finalizers system="0" default="0" reference="110" classloader="0" />
    <remembered-set count="213" />
  </mem-info>
</gc-end>
<cycle-end id="755" type="scavenge" contextid="749" timestamp="2019-06-16T22:58:44.846" />
  <attribute name="elasticGC enabled" value="1" />
  <attribute name= "numThreadsSpecified" value="4" />
  <attribute name="heapSize specified" value="11796480" />
  <attribute name="Current GC Util" value="6" />
  <attribute name= "Current Time Running" value="16421" />
  <attribute name ="GC Interval" value="200" />
  <attribute name="ProportionalT" value="-7.000000" />
  <attribute name="ProportionalI" value="-7.000000" />
  <attribute name="ProportionalH" value="-7.000000" />
  <attribute name="Current Error" value="-14.000000" />
  <attribute name="IntegralT" value="-175.000000" />
  <attribute name="IntegralI" value="-175.000000" />
  <attribute name="IntegralH" value="-175.000000" />
  <attribute name="DerivativeT" value="-0.560000" />
  <attribute name="DerivativeI" value="-0.560000" />
  <attribute name="DerivativeH" value="-0.560000" />
  <attribute name="Loop Time for DT" value="25.000000" />
  <attribute name="Output H" value="2092630016"/>
  <attribute name="Output I" value="200"/>
  <attribute name="Output T" value="4"/>
  <attribute name="Target GC Util Change" value ="20.000000" />
  <attribute name="Current GC Util Change" value="6.000000"/>
  <attribute name="GC Util currently" value="6" />
  <attribute name="CPU Util currently" value="185207195186" />
<allocation-satisfied id="756" threadId="0000000000D3F800" bytesRequested="16392" />
<af-end id="757" timestamp="2019-06-16T22:58:44.846" threadId="0000000000D40188" success="true" from="nursery"/>
<exclusive-end id="758" timestamp="2019-06-16T22:58:44.846" durationms="1.565" />

<exclusive-start id="759" timestamp="2019-06-16T22:58:44.870" intervalms="25.051">
  <response-info timems="0.030" idlems="0.030" threads="0" lastid="0000000000D47000" lastname="PmdThread 4" />
</exclusive-start>
<af-start id="760" threadId="0000000000D47988" totalBytesRequested="8200" timestamp="2019-06-16T22:58:44.870" intervalms="25.078" type="nursery" />
<cycle-start id="761" type="scavenge" contextid="0" timestamp="2019-06-16T22:58:44.870" intervalms="25.100" />
<gc-start id="762" type="scavenge" contextid="761" timestamp="2019-06-16T22:58:44.870">
  <mem-info id="763" free="860520" total="11796480" percent="7">
    <mem type="nursery" free="0" total="5636096" percent="0">
      <mem type="allocate" free="0" total="4521984" percent="0" />
      <mem type="survivor" free="0" total="1114112" percent="0" />
    </mem>
    <mem type="tenure" free="860520" total="6160384" percent="13">
      <mem type="soa" free="611688" total="5853184" percent="10" />
      <mem type="loa" free="248832" total="307200" percent="81" />
    </mem>
    <remembered-set count="278" />
  </mem-info>
</gc-start>
<allocation-stats totalBytes="3625792" >
  <allocated-bytes non-tlh="16984" tlh="3608808" />
  <largest-consumer threadName="PmdThread 3" threadId="0000000000D43400" bytes="1120736" />
</allocation-stats>
<gc-op id="764" type="scavenge" timems="1.338" contextid="761" timestamp="2019-06-16T22:58:44.871">
  <scavenger-info tenureage="4" tenuremask="7ff0" tiltratio="80" />
  <memory-copied type="nursery" objects="8301" bytes="734744" bytesdiscarded="78112" />
  <references type="weak" candidates="75" cleared="75" enqueued="75" />
  <references type="phantom" candidates="18" cleared="14" enqueued="14" />
</gc-op>
<gc-end id="765" type="scavenge" contextid="761" durationms="1.796" usertimems="0.000" systemtimems="0.000" timestamp="2019-06-16T22:58:44.872" activeThreads="4">
  <mem-info id="766" free="4634064" total="11796480" percent="39">
    <mem type="nursery" free="3773544" total="5636096" percent="66">
      <mem type="allocate" free="3773544" total="4587520" percent="82" />
      <mem type="survivor" free="0" total="1048576" percent="0" />
    </mem>
    <mem type="tenure" free="860520" total="6160384" percent="13" macro-fragmented="2539">
      <mem type="soa" free="611688" total="5853184" percent="10" />
      <mem type="loa" free="248832" total="307200" percent="81" />
    </mem>
    <pending-finalizers system="0" default="0" reference="89" classloader="0" />
    <remembered-set count="262" />
  </mem-info>
</gc-end>
<cycle-end id="767" type="scavenge" contextid="761" timestamp="2019-06-16T22:58:44.872" />
  <attribute name="elasticGC enabled" value="1" />
  <attribute name= "numThreadsSpecified" value="4" />
  <attribute name="heapSize specified" value="11796480" />
  <attribute name="Current GC Util" value="6" />
  <attribute name= "Current Time Running" value="16447" />
  <attribute name ="GC Interval" value="200" />
  <attribute name="ProportionalT" value="-7.000000" />
  <attribute name="ProportionalI" value="-7.000000" />
  <attribute name="ProportionalH" value="-7.000000" />
  <attribute name="Current Error" value="-14.000000" />
  <attribute name="IntegralT" value="-182.000000" />
  <attribute name="IntegralI" value="-182.000000" />
  <attribute name="IntegralH" value="-182.000000" />
  <attribute name="DerivativeT" value="-0.538462" />
  <attribute name="DerivativeI" value="-0.538462" />
  <attribute name="DerivativeH" value="-0.538462" />
  <attribute name="Loop Time for DT" value="26.000000" />
  <attribute name="Output H" value="2092630016"/>
  <attribute name="Output I" value="200"/>
  <attribute name="Output T" value="4"/>
  <attribute name="Target GC Util Change" value ="20.000000" />
  <attribute name="Current GC Util Change" value="6.000000"/>
  <attribute name="GC Util currently" value="6" />
  <attribute name="CPU Util currently" value="182561621440" />
<allocation-satisfied id="768" threadId="0000000000D47000" bytesRequested="8200" />
<af-end id="769" timestamp="2019-06-16T22:58:44.872" threadId="0000000000D47988" success="true" from="nursery"/>
<exclusive-end id="770" timestamp="2019-06-16T22:58:44.872" durationms="2.534" />

<exclusive-start id="771" timestamp="2019-06-16T22:58:44.894" intervalms="24.891">
  <response-info timems="0.046" idlems="0.046" threads="0" lastid="0000000000D43400" lastname="PmdThread 3" />
</exclusive-start>
<af-start id="772" threadId="0000000000D43D88" totalBytesRequested="24" timestamp="2019-06-16T22:58:44.895" intervalms="24.955" type="nursery" />
<cycle-start id="773" type="scavenge" contextid="0" timestamp="2019-06-16T22:58:44.895" intervalms="25.013" />
<gc-start id="774" type="scavenge" contextid="773" timestamp="2019-06-16T22:58:44.895">
  <mem-info id="775" free="860520" total="11796480" percent="7">
    <mem type="nursery" free="0" total="5636096" percent="0">
      <mem type="allocate" free="0" total="4587520" percent="0" />
      <mem type="survivor" free="0" total="1048576" percent="0" />
    </mem>
    <mem type="tenure" free="860520" total="6160384" percent="13">
      <mem type="soa" free="611688" total="5853184" percent="10" />
      <mem type="loa" free="248832" total="307200" percent="81" />
    </mem>
    <remembered-set count="303" />
  </mem-info>
</gc-start>
<allocation-stats totalBytes="3771800" >
  <allocated-bytes non-tlh="8200" tlh="3763600" />
  <largest-consumer threadName="PmdThread 2" threadId="0000000000D3F800" bytes="1297992" />
</allocation-stats>
<gc-op id="776" type="scavenge" timems="0.774" contextid="773" timestamp="2019-06-16T22:58:44.896">
  <scavenger-info tenureage="4" tenuremask="7ff0" tiltratio="81" />
  <memory-copied type="nursery" objects="8553" bytes="725736" bytesdiscarded="99408" />
  <memory-copied type="tenure" objects="264" bytes="8360" bytesdiscarded="0" />
  <references type="weak" candidates="82" cleared="82" enqueued="82" />
  <references type="phantom" candidates="17" cleared="16" enqueued="16" />
</gc-op>
<gc-end id="777" type="scavenge" contextid="773" durationms="1.231" usertimems="0.000" systemtimems="0.000" timestamp="2019-06-16T22:58:44.896" activeThreads="4">
  <mem-info id="778" free="4648168" total="11796480" percent="39">
    <mem type="nursery" free="3826816" total="5636096" percent="67">
      <mem type="allocate" free="3826816" total="4653056" percent="82" />
      <mem type="survivor" free="0" total="983040" percent="0" />
    </mem>
    <mem type="tenure" free="821352" total="6160384" percent="13" macro-fragmented="0">
      <mem type="soa" free="572520" total="5853184" percent="9" />
      <mem type="loa" free="248832" total="307200" percent="81" />
    </mem>
    <pending-finalizers system="0" default="0" reference="98" classloader="0" />
    <remembered-set count="281" />
  </mem-info>
</gc-end>
<cycle-end id="779" type="scavenge" contextid="773" timestamp="2019-06-16T22:58:44.896" />
  <attribute name="elasticGC enabled" value="1" />
  <attribute name= "numThreadsSpecified" value="4" />
  <attribute name="heapSize specified" value="11796480" />
  <attribute name="Current GC Util" value="10" />
  <attribute name= "Current Time Running" value="16472" />
  <attribute name ="GC Interval" value="200" />
  <attribute name="ProportionalT" value="-5.000000" />
  <attribute name="ProportionalI" value="-5.000000" />
  <attribute name="ProportionalH" value="-5.000000" />
  <attribute name="Current Error" value="-10.000000" />
  <attribute name="IntegralT" value="-125.000000" />
  <attribute name="IntegralI" value="-125.000000" />
  <attribute name="IntegralH" value="-125.000000" />
  <attribute name="DerivativeT" value="-0.400000" />
  <attribute name="DerivativeI" value="-0.400000" />
  <attribute name="DerivativeH" value="-0.400000" />
  <attribute name="Loop Time for DT" value="25.000000" />
  <attribute name="Output H" value="2092630016"/>
  <attribute name="Output I" value="200"/>
  <attribute name="Output T" value="4"/>
  <attribute name="Target GC Util Change" value ="20.000000" />
  <attribute name="Current GC Util Change" value="10.000000"/>
  <attribute name="GC Util currently" value="10" />
  <attribute name="CPU Util currently" value="184363680723" />
<allocation-satisfied id="780" threadId="0000000000D43400" bytesRequested="24" />
<af-end id="781" timestamp="2019-06-16T22:58:44.896" threadId="0000000000D43D88" success="true" from="nursery"/>
<exclusive-end id="782" timestamp="2019-06-16T22:58:44.897" durationms="2.103" />

<exclusive-start id="783" timestamp="2019-06-16T22:58:44.922" intervalms="27.163">
  <response-info timems="0.078" idlems="0.078" threads="0" lastid="0000000000D3F800" lastname="PmdThread 2" />
</exclusive-start>
<af-start id="784" threadId="0000000000D40188" totalBytesRequested="16392" timestamp="2019-06-16T22:58:44.922" intervalms="27.075" type="nursery" />
<cycle-start id="785" type="scavenge" contextid="0" timestamp="2019-06-16T22:58:44.922" intervalms="26.994" />
<gc-start id="786" type="scavenge" contextid="785" timestamp="2019-06-16T22:58:44.922">
  <mem-info id="787" free="821352" total="11796480" percent="6">
    <mem type="nursery" free="0" total="5636096" percent="0">
      <mem type="allocate" free="0" total="4653056" percent="0" />
      <mem type="survivor" free="0" total="983040" percent="0" />
    </mem>
    <mem type="tenure" free="821352" total="6160384" percent="13">
      <mem type="soa" free="572520" total="5853184" percent="9" />
      <mem type="loa" free="248832" total="307200" percent="81" />
    </mem>
    <remembered-set count="334" />
  </mem-info>
</gc-start>
<allocation-stats totalBytes="3812984" >
  <allocated-bytes non-tlh="24" tlh="3812960" />
  <largest-consumer threadName="PmdThread 4" threadId="0000000000D47000" bytes="1203304" />
</allocation-stats>
<gc-op id="788" type="scavenge" timems="0.742" contextid="785" timestamp="2019-06-16T22:58:44.923">
  <scavenger-info tenureage="4" tenuremask="7ff0" tiltratio="82" />
  <memory-copied type="nursery" objects="8642" bytes="839288" bytesdiscarded="142144" />
  <memory-copied type="tenure" objects="172" bytes="5424" bytesdiscarded="0" />
  <references type="weak" candidates="92" cleared="91" enqueued="91" />
  <references type="phantom" candidates="17" cleared="13" enqueued="13" />
</gc-op>
<gc-end id="789" type="scavenge" contextid="785" durationms="0.986" usertimems="0.000" systemtimems="0.000" timestamp="2019-06-16T22:58:44.923" activeThreads="4">
  <mem-info id="790" free="4425832" total="11796480" percent="37">
    <mem type="nursery" free="3604480" total="5636096" percent="63">
      <mem type="allocate" free="3604480" total="4587520" percent="78" />
      <mem type="survivor" free="0" total="1048576" percent="0" />
    </mem>
    <mem type="tenure" free="821352" total="6160384" percent="13" macro-fragmented="502401">
      <mem type="soa" free="572520" total="5853184" percent="9" />
      <mem type="loa" free="248832" total="307200" percent="81" />
    </mem>
    <pending-finalizers system="0" default="0" reference="104" classloader="0" />
    <remembered-set count="268" />
  </mem-info>
</gc-end>
<cycle-end id="791" type="scavenge" contextid="785" timestamp="2019-06-16T22:58:44.923" />
  <attribute name="elasticGC enabled" value="1" />
  <attribute name= "numThreadsSpecified" value="4" />
  <attribute name="heapSize specified" value="11796480" />
  <attribute name="Current GC Util" value="6" />
  <attribute name= "Current Time Running" value="16498" />
  <attribute name ="GC Interval" value="200" />
  <attribute name="ProportionalT" value="-7.000000" />
  <attribute name="ProportionalI" value="-7.000000" />
  <attribute name="ProportionalH" value="-7.000000" />
  <attribute name="Current Error" value="-14.000000" />
  <attribute name="IntegralT" value="-182.000000" />
  <attribute name="IntegralI" value="-182.000000" />
  <attribute name="IntegralH" value="-182.000000" />
  <attribute name="DerivativeT" value="-0.538462" />
  <attribute name="DerivativeI" value="-0.538462" />
  <attribute name="DerivativeH" value="-0.538462" />
  <attribute name="Loop Time for DT" value="26.000000" />
  <attribute name="Output H" value="2092630016"/>
  <attribute name="Output I" value="200"/>
  <attribute name="Output T" value="4"/>
  <attribute name="Target GC Util Change" value ="20.000000" />
  <attribute name="Current GC Util Change" value="6.000000"/>
  <attribute name="GC Util currently" value="6" />
  <attribute name="CPU Util currently" value="171990320309" />
<allocation-satisfied id="792" threadId="0000000000D3F800" bytesRequested="16392" />
<af-end id="793" timestamp="2019-06-16T22:58:44.923" threadId="0000000000D40188" success="true" from="nursery"/>
<exclusive-end id="794" timestamp="2019-06-16T22:58:44.923" durationms="1.383" />

<exclusive-start id="795" timestamp="2019-06-16T22:58:44.940" intervalms="18.065">
  <response-info timems="0.041" idlems="0.041" threads="0" lastid="0000000000D3F800" lastname="PmdThread 2" />
</exclusive-start>
<af-start id="796" threadId="0000000000D40188" totalBytesRequested="56" timestamp="2019-06-16T22:58:44.940" intervalms="18.523" type="nursery" />
<cycle-start id="797" type="scavenge" contextid="0" timestamp="2019-06-16T22:58:44.940" intervalms="18.594" />
<gc-start id="798" type="scavenge" contextid="797" timestamp="2019-06-16T22:58:44.940">
  <mem-info id="799" free="821352" total="11796480" percent="6">
    <mem type="nursery" free="0" total="5636096" percent="0">
      <mem type="allocate" free="0" total="4587520" percent="0" />
      <mem type="survivor" free="0" total="1048576" percent="0" />
    </mem>
    <mem type="tenure" free="821352" total="6160384" percent="13">
      <mem type="soa" free="572520" total="5853184" percent="9" />
      <mem type="loa" free="248832" total="307200" percent="81" />
    </mem>
    <remembered-set count="299" />
  </mem-info>
</gc-start>
<allocation-stats totalBytes="3603400" >
  <allocated-bytes non-tlh="16392" tlh="3587008" />
  <largest-consumer threadName="PmdThread 2" threadId="0000000000D3F800" bytes="1277640" />
</allocation-stats>
<gc-op id="800" type="scavenge" timems="1.170" contextid="797" timestamp="2019-06-16T22:58:44.942">
  <scavenger-info tenureage="4" tenuremask="7ff0" tiltratio="81" />
  <memory-copied type="nursery" objects="18810" bytes="1045568" bytesdiscarded="2112" />
  <memory-copied type="tenure" objects="3733" bytes="389232" bytesdiscarded="832" />
  <copy-failed type="nursery" objects="3465" bytes="378128" />
  <references type="weak" candidates="33" cleared="33" enqueued="33" />
  <references type="phantom" candidates="12" cleared="8" enqueued="8" />
</gc-op>
<gc-end id="801" type="scavenge" contextid="797" durationms="1.529" usertimems="4.000" systemtimems="0.000" timestamp="2019-06-16T22:58:44.942" activeThreads="4">
  <mem-info id="802" free="2814808" total="11796480" percent="23">
    <mem type="nursery" free="2359296" total="5636096" percent="41">
      <mem type="allocate" free="2359296" total="3407872" percent="69" />
      <mem type="survivor" free="0" total="2228224" percent="0" />
    </mem>
    <mem type="tenure" free="455512" total="6160384" percent="7" macro-fragmented="403806">
      <mem type="soa" free="206680" total="5853184" percent="3" />
      <mem type="loa" free="248832" total="307200" percent="81" />
    </mem>
    <pending-finalizers system="0" default="0" reference="41" classloader="0" />
    <remembered-set count="1246" />
  </mem-info>
</gc-end>
<cycle-end id="803" type="scavenge" contextid="797" timestamp="2019-06-16T22:58:44.942" />
  <attribute name="elasticGC enabled" value="1" />
  <attribute name= "numThreadsSpecified" value="4" />
  <attribute name="heapSize specified" value="11796480" />
  <attribute name="Current GC Util" value="8" />
  <attribute name= "Current Time Running" value="16517" />
  <attribute name ="GC Interval" value="200" />
  <attribute name="ProportionalT" value="-6.000000" />
  <attribute name="ProportionalI" value="-6.000000" />
  <attribute name="ProportionalH" value="-6.000000" />
  <attribute name="Current Error" value="-12.000000" />
  <attribute name="IntegralT" value="-114.000000" />
  <attribute name="IntegralI" value="-114.000000" />
  <attribute name="IntegralH" value="-114.000000" />
  <attribute name="DerivativeT" value="-0.631579" />
  <attribute name="DerivativeI" value="-0.631579" />
  <attribute name="DerivativeH" value="-0.631579" />
  <attribute name="Loop Time for DT" value="19.000000" />
  <attribute name="Output H" value="2092630016"/>
  <attribute name="Output I" value="200"/>
  <attribute name="Output T" value="4"/>
  <attribute name="Target GC Util Change" value ="20.000000" />
  <attribute name="Current GC Util Change" value="8.000000"/>
  <attribute name="GC Util currently" value="8" />
  <attribute name="CPU Util currently" value="245247919066" />
<allocation-satisfied id="804" threadId="0000000000D3F800" bytesRequested="56" />
<af-end id="805" timestamp="2019-06-16T22:58:44.942" threadId="0000000000D40188" success="true" from="nursery"/>
<exclusive-end id="806" timestamp="2019-06-16T22:58:44.942" durationms="2.686" />

<concurrent-kickoff id="807" timestamp="2019-06-16T22:58:44.951">
  <kickoff reason="threshold reached" targetBytes="1903488" thresholdFreeBytes="264224"  remainingFree="229320" tenureFreeBytes="455512" nurseryFreeBytes="229320" />
</concurrent-kickoff>
<exclusive-start id="808" timestamp="2019-06-16T22:58:44.951" intervalms="11.440">
  <response-info timems="0.100" idlems="0.059" threads="1" lastid="0000000000D43400" lastname="PmdThread 3" />
</exclusive-start>
<cycle-start id="809" type="global" contextid="0" timestamp="2019-06-16T22:58:44.951" intervalms="286.949" />
<exclusive-end id="810" timestamp="2019-06-16T22:58:44.951" durationms="0.165" />

<exclusive-start id="811" timestamp="2019-06-16T22:58:44.952" intervalms="1.043">
  <response-info timems="0.027" idlems="0.027" threads="0" lastid="0000000000D47000" lastname="PmdThread 4" />
</exclusive-start>
<af-start id="812" threadId="0000000000D47988" totalBytesRequested="56" timestamp="2019-06-16T22:58:44.952" intervalms="12.084" type="nursery" />
<cycle-start id="813" type="scavenge" contextid="0" timestamp="2019-06-16T22:58:44.952" intervalms="12.089" />
<gc-start id="814" type="scavenge" contextid="813" timestamp="2019-06-16T22:58:44.953">
  <mem-info id="815" free="455512" total="11796480" percent="3">
    <mem type="nursery" free="0" total="5636096" percent="0">
      <mem type="allocate" free="0" total="3407872" percent="0" />
      <mem type="survivor" free="0" total="2228224" percent="0" />
    </mem>
    <mem type="tenure" free="455512" total="6160384" percent="7">
      <mem type="soa" free="206680" total="5853184" percent="3" />
      <mem type="loa" free="248832" total="307200" percent="81" />
    </mem>
    <remembered-set count="1252" />
  </mem-info>
</gc-start>
<allocation-stats totalBytes="2358824" >
  <allocated-bytes non-tlh="56" tlh="2358768" />
  <largest-consumer threadName="PmdThread 2" threadId="0000000000D3F800" bytes="1285960" />
</allocation-stats>
<gc-op id="816" type="scavenge" timems="2.847" contextid="813" timestamp="2019-06-16T22:58:44.956">
  <scavenger-info tenureage="3" tenuremask="7ff8" tiltratio="60" />
  <memory-copied type="nursery" objects="27651" bytes="1393784" bytesdiscarded="83584" />
  <memory-copied type="tenure" objects="1571" bytes="113208" bytesdiscarded="8" />
  <references type="weak" candidates="1" cleared="1" enqueued="1" />
  <references type="phantom" candidates="4" cleared="1" enqueued="1" />
</gc-op>
<heap-resize id="817" type="expand" space="nursery" amount="786432" count="1" timems="0.017" reason="excessive time being spent scavenging" timestamp="2019-06-16T22:58:44.956" />
<gc-end id="818" type="scavenge" contextid="813" durationms="3.491" usertimems="8.000" systemtimems="0.000" timestamp="2019-06-16T22:58:44.956" activeThreads="4">
  <mem-info id="819" free="2887408" total="12582912" percent="22">
    <mem type="nursery" free="2520248" total="6422528" percent="39">
      <mem type="allocate" free="2520248" total="3997696" percent="63" />
      <mem type="survivor" free="0" total="2424832" percent="0" />
    </mem>
    <mem type="tenure" free="367160" total="6160384" percent="5" macro-fragmented="0">
      <mem type="soa" free="118328" total="5853184" percent="2" />
      <mem type="loa" free="248832" total="307200" percent="81" />
    </mem>
    <pending-finalizers system="0" default="0" reference="2" classloader="0" />
    <remembered-set count="899" />
  </mem-info>
</gc-end>
<cycle-end id="820" type="scavenge" contextid="813" timestamp="2019-06-16T22:58:44.956" />
  <attribute name="elasticGC enabled" value="1" />
  <attribute name= "numThreadsSpecified" value="4" />
  <attribute name="heapSize specified" value="11796480" />
  <attribute name="Current GC Util" value="26" />
  <attribute name= "Current Time Running" value="16529" />
  <attribute name ="GC Interval" value="200" />
  <attribute name="ProportionalT" value="3.000000" />
  <attribute name="ProportionalI" value="3.000000" />
  <attribute name="ProportionalH" value="3.000000" />
  <attribute name="Current Error" value="6.000000" />
  <attribute name="IntegralT" value="36.000000" />
  <attribute name="IntegralI" value="36.000000" />
  <attribute name="IntegralH" value="36.000000" />
  <attribute name="DerivativeT" value="0.500000" />
  <attribute name="DerivativeI" value="0.500000" />
  <attribute name="DerivativeH" value="0.500000" />
  <attribute name="Loop Time for DT" value="12.000000" />
  <attribute name="Output H" value="8388608"/>
  <attribute name="Output I" value="200"/>
  <attribute name="Output T" value="4"/>
  <attribute name="Target GC Util Change" value ="20.000000" />
  <attribute name="Current GC Util Change" value="26.000000"/>
  <attribute name="GC Util currently" value="26" />
  <attribute name="CPU Util currently" value="381426507740" />
<allocation-satisfied id="821" threadId="0000000000D47000" bytesRequested="56" />
<af-end id="822" timestamp="2019-06-16T22:58:44.956" threadId="0000000000D47988" success="true" from="nursery"/>
<exclusive-end id="823" timestamp="2019-06-16T22:58:44.957" durationms="4.442" />

<exclusive-start id="824" timestamp="2019-06-16T22:58:44.966" intervalms="13.880">
  <response-info timems="0.047" idlems="0.047" threads="0" lastid="0000000000D3F800" lastname="PmdThread 2" />
</exclusive-start>
<concurrent-collection-start id="825" timestamp="2019-06-16T22:58:44.966" intervalms="292.015" >
  <concurrent-trace-info reason="card cleaning threshold reached" tracedByMutators="809284" tracedByHelpers="758328" cardsCleaned="113" workStackOverflowCount="0" />
</concurrent-collection-start>
<gc-start id="826" type="global" contextid="809" timestamp="2019-06-16T22:58:44.966">
  <mem-info id="827" free="367160" total="12582912" percent="2">
    <mem type="nursery" free="0" total="6422528" percent="0">
      <mem type="allocate" free="0" total="3997696" percent="0" />
      <mem type="survivor" free="0" total="2424832" percent="0" />
    </mem>
    <mem type="tenure" free="367160" total="6160384" percent="5">
      <mem type="soa" free="118328" total="5853184" percent="2" />
      <mem type="loa" free="248832" total="307200" percent="81" />
    </mem>
    <remembered-set count="917" />
  </mem-info>
</gc-start>
<allocation-stats totalBytes="2516616" >
  <allocated-bytes non-tlh="56" tlh="2516560" />
  <largest-consumer threadName="PmdThread 2" threadId="0000000000D3F800" bytes="1286808" />
</allocation-stats>
<gc-op id="828" type="rs-scan" timems="0.897" contextid="809" timestamp="2019-06-16T22:58:44.967">
  <scan objectsFound="745" bytesTraced="550472" workStackOverflowCount="0" />
</gc-op>
<gc-op id="829" type="card-cleaning" timems="0.147" contextid="809" timestamp="2019-06-16T22:58:44.968">
  <card-cleaning cardsCleaned="0" bytesTraced="8188" workStackOverflowCount="0" />
</gc-op>
<gc-op id="830" type="mark" timems="1.848" contextid="809" timestamp="2019-06-16T22:58:44.970">
  <trace-info objectcount="21851" scancount="19784" scanbytes="718308" />
  <finalization candidates="58" enqueued="0" />
  <ownableSynchronizers candidates="8" cleared="0" />
  <references type="soft" candidates="229" cleared="0" enqueued="0" dynamicThreshold="9" maxThreshold="32" />
  <references type="weak" candidates="682" cleared="20" enqueued="20" />
  <references type="phantom" candidates="78" cleared="1" enqueued="1" />
  <stringconstants candidates="4993" cleared="0"  />
</gc-op>
<gc-op id="831" type="sweep" timems="0.242" contextid="809" timestamp="2019-06-16T22:58:44.970" />
<mem-info id="832" free="4705720" total="12582912" percent="37">
  <mem type="nursery" free="1928208" total="6422528" percent="30">
    <mem type="allocate" free="1928208" total="3997696" percent="48" />
    <mem type="survivor" free="0" total="2424832" percent="0" />
  </mem>
  <mem type="tenure" free="2777512" total="6160384" percent="45" micro-fragmented="46765" macro-fragmented="0">
    <mem type="soa" free="2470312" total="5853184" percent="42" />
    <mem type="loa" free="307200" total="307200" percent="100" />
  </mem>
  <pending-finalizers system="0" default="0" reference="21" classloader="0" />
  <remembered-set count="860" />
</mem-info>
<gc-op id="833" type="compact" timems="10.968" contextid="809" timestamp="2019-06-16T22:58:44.981">
  <compact-info movecount="87207" movebytes="4329520" reason="compact to aid heap contraction" />
</gc-op>
<heap-resize id="834" type="contract" space="tenure" amount="262144" count="1" timems="0.078" reason="heap reconfiguration" timestamp="2019-06-16T22:58:44.981" />
<gc-end id="835" type="global" contextid="809" durationms="15.229" usertimems="24.000" systemtimems="0.000" timestamp="2019-06-16T22:58:44.982" activeThreads="4">
  <mem-info id="836" free="4906288" total="12320768" percent="39">
    <mem type="nursery" free="2354096" total="6422528" percent="36">
      <mem type="allocate" free="2354096" total="3997696" percent="58" />
      <mem type="survivor" free="0" total="2424832" percent="0" />
    </mem>
    <mem type="tenure" free="2552192" total="5898240" percent="43">
      <mem type="soa" free="2302336" total="5603328" percent="41" />
      <mem type="loa" free="249856" total="294912" percent="84" />
    </mem>
    <pending-finalizers system="0" default="0" reference="21" classloader="0" />
    <remembered-set count="860" />
  </mem-info>
</gc-end>
<cycle-end id="837" type="global" contextid="809" timestamp="2019-06-16T22:58:44.982" />
  <attribute name="elasticGC enabled" value="1" />
  <attribute name= "numThreadsSpecified" value="4" />
  <attribute name="heapSize specified" value="12582912" />
  <attribute name="Current GC Util" value="83" />
  <attribute name= "Current Time Running" value="16558" />
  <attribute name ="GC Interval" value="200" />
  <attribute name="ProportionalT" value="31.500000" />
  <attribute name="ProportionalI" value="31.500000" />
  <attribute name="ProportionalH" value="31.500000" />
  <attribute name="Current Error" value="63.000000" />
  <attribute name="IntegralT" value="346.500000" />
  <attribute name="IntegralI" value="346.500000" />
  <attribute name="IntegralH" value="346.500000" />
  <attribute name="DerivativeT" value="4.181818" />
  <attribute name="DerivativeI" value="4.181818" />
  <attribute name="DerivativeH" value="4.181818" />
  <attribute name="Loop Time for DT" value="11.000000" />
  <attribute name="Output H" value="8388608"/>
  <attribute name="Output I" value="384"/>
  <attribute name="Output T" value="4"/>
  <attribute name="Target GC Util Change" value ="20.000000" />
  <attribute name="Current GC Util Change" value="83.000000"/>
  <attribute name="GC Util currently" value="83" />
  <attribute name="CPU Util currently" value="416503288499" />
<concurrent-collection-end id="838" timestamp="2019-06-16T22:58:44.982" />
<exclusive-end id="839" timestamp="2019-06-16T22:58:44.982" durationms="15.665" />

<exclusive-start id="840" timestamp="2019-06-16T22:58:44.991" intervalms="25.394">
  <response-info timems="0.043" idlems="0.024" threads="1" lastid="0000000000D43400" lastname="PmdThread 3" />
</exclusive-start>
<af-start id="841" threadId="0000000000D47988" totalBytesRequested="56" timestamp="2019-06-16T22:58:44.992" intervalms="39.560" type="nursery" />
<cycle-start id="842" type="scavenge" contextid="0" timestamp="2019-06-16T22:58:44.992" intervalms="39.658" />
<gc-start id="843" type="scavenge" contextid="842" timestamp="2019-06-16T22:58:44.992">
  <mem-info id="844" free="2552192" total="12320768" percent="20">
    <mem type="nursery" free="0" total="6422528" percent="0">
      <mem type="allocate" free="0" total="3997696" percent="0" />
      <mem type="survivor" free="0" total="2424832" percent="0" />
    </mem>
    <mem type="tenure" free="2552192" total="5898240" percent="43">
      <mem type="soa" free="2302336" total="5603328" percent="41" />
      <mem type="loa" free="249856" total="294912" percent="84" />
    </mem>
    <remembered-set count="870" />
  </mem-info>
</gc-start>
<allocation-stats totalBytes="2353488" >
  <allocated-bytes non-tlh="0" tlh="2353488" />
  <largest-consumer threadName="PmdThread 4" threadId="0000000000D47000" bytes="703184" />
</allocation-stats>
<gc-op id="845" type="scavenge" timems="2.593" contextid="842" timestamp="2019-06-16T22:58:44.995">
  <scavenger-info tenureage="2" tenuremask="7ffc" tiltratio="62" />
  <memory-copied type="nursery" objects="32033" bytes="1311208" bytesdiscarded="109880" />
  <memory-copied type="tenure" objects="15782" bytes="879648" bytesdiscarded="808" />
  <ownableSynchronizers candidates="16" cleared="16" />
  <references type="phantom" candidates="1" cleared="0" enqueued="0" />
</gc-op>
<gc-end id="846" type="scavenge" contextid="842" durationms="3.092" usertimems="8.000" systemtimems="0.000" timestamp="2019-06-16T22:58:44.995" activeThreads="4">
  <mem-info id="847" free="4564720" total="12320768" percent="37">
    <mem type="nursery" free="3032280" total="6422528" percent="47">
      <mem type="allocate" free="3032280" total="4456448" percent="68" />
      <mem type="survivor" free="0" total="1966080" percent="0" />
    </mem>
    <mem type="tenure" free="1532440" total="5898240" percent="25" macro-fragmented="1250136">
      <mem type="soa" free="1282584" total="5603328" percent="22" />
      <mem type="loa" free="249856" total="294912" percent="84" />
    </mem>
    <remembered-set count="755" />
  </mem-info>
</gc-end>
<cycle-end id="848" type="scavenge" contextid="842" timestamp="2019-06-16T22:58:44.995" />
  <attribute name="elasticGC enabled" value="1" />
  <attribute name= "numThreadsSpecified" value="4" />
  <attribute name="heapSize specified" value="12582912" />
  <attribute name="Current GC Util" value="126" />
  <attribute name= "Current Time Running" value="16569" />
  <attribute name ="GC Interval" value="640" />
  <attribute name="ProportionalT" value="53.000000" />
  <attribute name="ProportionalI" value="53.000000" />
  <attribute name="ProportionalH" value="53.000000" />
  <attribute name="Current Error" value="106.000000" />
  <attribute name="IntegralT" value="583.000000" />
  <attribute name="IntegralI" value="583.000000" />
  <attribute name="IntegralH" value="583.000000" />
  <attribute name="DerivativeT" value="3.909091" />
  <attribute name="DerivativeI" value="3.909091" />
  <attribute name="DerivativeH" value="3.909091" />
  <attribute name="Loop Time for DT" value="11.000000" />
  <attribute name="Output H" value="8388608"/>
  <attribute name="Output I" value="640"/>
  <attribute name="Output T" value="4"/>
  <attribute name="Target GC Util Change" value ="20.000000" />
  <attribute name="Current GC Util Change" value="126.000000"/>
  <attribute name="GC Util currently" value="126" />
  <attribute name="CPU Util currently" value="407984623402" />
<allocation-satisfied id="849" threadId="0000000000D47000" bytesRequested="56" />
<af-end id="850" timestamp="2019-06-16T22:58:44.996" threadId="0000000000D47988" success="true" from="nursery"/>
<exclusive-end id="851" timestamp="2019-06-16T22:58:44.996" durationms="4.383" />

<exclusive-start id="852" timestamp="2019-06-16T22:58:45.009" intervalms="17.350">
  <response-info timems="0.071" idlems="0.038" threads="1" lastid="0000000000D43400" lastname="PmdThread 3" />
</exclusive-start>
<af-start id="853" threadId="0000000000D40188" totalBytesRequested="24" timestamp="2019-06-16T22:58:45.009" intervalms="17.085" type="nursery" />
<cycle-start id="854" type="scavenge" contextid="0" timestamp="2019-06-16T22:58:45.009" intervalms="16.956" />
<gc-start id="855" type="scavenge" contextid="854" timestamp="2019-06-16T22:58:45.009">
  <mem-info id="856" free="1532440" total="12320768" percent="12">
    <mem type="nursery" free="0" total="6422528" percent="0">
      <mem type="allocate" free="0" total="4456448" percent="0" />
      <mem type="survivor" free="0" total="1966080" percent="0" />
    </mem>
    <mem type="tenure" free="1532440" total="5898240" percent="25">
      <mem type="soa" free="1282584" total="5603328" percent="22" />
      <mem type="loa" free="249856" total="294912" percent="84" />
    </mem>
    <remembered-set count="793" />
  </mem-info>
</gc-start>
<allocation-stats totalBytes="3031568" >
  <allocated-bytes non-tlh="56" tlh="3031512" />
  <largest-consumer threadName="PmdThread 3" threadId="0000000000D43400" bytes="1253064" />
</allocation-stats>
<gc-op id="857" type="scavenge" timems="1.601" contextid="854" timestamp="2019-06-16T22:58:45.011">
  <scavenger-info tenureage="2" tenuremask="7ffc" tiltratio="69" />
  <memory-copied type="nursery" objects="40124" bytes="1640240" bytesdiscarded="68952" />
  <memory-copied type="tenure" objects="10692" bytes="457424" bytesdiscarded="208" />
  <references type="weak" candidates="4" cleared="4" enqueued="4" />
  <references type="phantom" candidates="2" cleared="2" enqueued="2" />
</gc-op>
<heap-resize id="858" type="expand" space="nursery" amount="393216" count="1" timems="0.015" reason="excessive time being spent scavenging" timestamp="2019-06-16T22:58:45.011" />
<gc-end id="859" type="scavenge" contextid="854" durationms="2.037" usertimems="4.000" systemtimems="0.000" timestamp="2019-06-16T22:58:45.011" activeThreads="4">
  <mem-info id="860" free="3953928" total="12713984" percent="31">
    <mem type="nursery" free="2876680" total="6815744" percent="42">
      <mem type="allocate" free="2876680" total="4587520" percent="62" />
      <mem type="survivor" free="0" total="2228224" percent="0" />
    </mem>
    <mem type="tenure" free="1077248" total="5898240" percent="18" macro-fragmented="0">
      <mem type="soa" free="827392" total="5603328" percent="14" />
      <mem type="loa" free="249856" total="294912" percent="84" />
    </mem>
    <pending-finalizers system="0" default="0" reference="6" classloader="0" />
    <remembered-set count="309" />
  </mem-info>
</gc-end>
<cycle-end id="861" type="scavenge" contextid="854" timestamp="2019-06-16T22:58:45.011" />
  <attribute name="elasticGC enabled" value="1" />
  <attribute name= "numThreadsSpecified" value="4" />
  <attribute name="heapSize specified" value="12582912" />
  <attribute name="Current GC Util" value="39" />
  <attribute name= "Current Time Running" value="16586" />
  <attribute name ="GC Interval" value="200" />
  <attribute name="ProportionalT" value="9.500000" />
  <attribute name="ProportionalI" value="9.500000" />
  <attribute name="ProportionalH" value="9.500000" />
  <attribute name="Current Error" value="19.000000" />
  <attribute name="IntegralT" value="161.500000" />
  <attribute name="IntegralI" value="161.500000" />
  <attribute name="IntegralH" value="161.500000" />
  <attribute name="DerivativeT" value="-5.117647" />
  <attribute name="DerivativeI" value="-5.117647" />
  <attribute name="DerivativeH" value="-5.117647" />
  <attribute name="Loop Time for DT" value="17.000000" />
  <attribute name="Output H" value="8388608"/>
  <attribute name="Output I" value="200"/>
  <attribute name="Output T" value="4"/>
  <attribute name="Target GC Util Change" value ="20.000000" />
  <attribute name="Current GC Util Change" value="39.000000"/>
  <attribute name="GC Util currently" value="39" />
  <attribute name="CPU Util currently" value="273642445783" />
<allocation-satisfied id="862" threadId="0000000000D3F800" bytesRequested="24" />
<af-end id="863" timestamp="2019-06-16T22:58:45.011" threadId="0000000000D40188" success="true" from="nursery"/>
<exclusive-end id="864" timestamp="2019-06-16T22:58:45.011" durationms="2.588" />

<exclusive-start id="865" timestamp="2019-06-16T22:58:45.018" intervalms="9.151">
  <response-info timems="0.031" idlems="0.031" threads="0" lastid="0000000000D3F800" lastname="PmdThread 2" />
</exclusive-start>
<af-start id="866" threadId="0000000000D40188" totalBytesRequested="488" timestamp="2019-06-16T22:58:45.018" intervalms="9.070" type="nursery" />
<cycle-start id="867" type="scavenge" contextid="0" timestamp="2019-06-16T22:58:45.018" intervalms="9.023" />
<gc-start id="868" type="scavenge" contextid="867" timestamp="2019-06-16T22:58:45.018">
  <mem-info id="869" free="1077248" total="12713984" percent="8">
    <mem type="nursery" free="0" total="6815744" percent="0">
      <mem type="allocate" free="0" total="4587520" percent="0" />
      <mem type="survivor" free="0" total="2228224" percent="0" />
    </mem>
    <mem type="tenure" free="1077248" total="5898240" percent="18">
      <mem type="soa" free="827392" total="5603328" percent="14" />
      <mem type="loa" free="249856" total="294912" percent="84" />
    </mem>
    <remembered-set count="350" />
  </mem-info>
</gc-start>
<allocation-stats totalBytes="2875456" >
  <allocated-bytes non-tlh="24" tlh="2875432" />
  <largest-consumer threadName="PmdThread 1" threadId="0000000000D3BC00" bytes="832448" />
</allocation-stats>
<gc-op id="870" type="scavenge" timems="2.679" contextid="867" timestamp="2019-06-16T22:58:45.021">
  <scavenger-info tenureage="1" tenuremask="7ffe" tiltratio="67" />
  <memory-copied type="nursery" objects="35233" bytes="1377256" bytesdiscarded="98848" />
  <memory-copied type="tenure" objects="20747" bytes="888040" bytesdiscarded="952" />
  <copy-failed type="tenure" objects="18736" bytes="700584" />
  <references type="weak" candidates="70" cleared="70" enqueued="70" />
  <references type="phantom" candidates="1" cleared="0" enqueued="0" />
</gc-op>
<heap-resize id="871" type="expand" space="nursery" amount="786432" count="1" timems="0.015" reason="excessive time being spent scavenging" timestamp="2019-06-16T22:58:45.021" />
<gc-end id="872" type="scavenge" contextid="867" durationms="3.099" usertimems="4.000" systemtimems="0.000" timestamp="2019-06-16T22:58:45.021" activeThreads="4">
  <mem-info id="873" free="4082160" total="13500416" percent="30">
    <mem type="nursery" free="3832304" total="7602176" percent="50">
      <mem type="allocate" free="3832304" total="5308416" percent="72" />
      <mem type="survivor" free="0" total="2293760" percent="0" />
    </mem>
    <mem type="tenure" free="249856" total="5898240" percent="4" macro-fragmented="0">
      <mem type="soa" free="0" total="5603328" percent="0" />
      <mem type="loa" free="249856" total="294912" percent="84" />
    </mem>
    <pending-finalizers system="0" default="0" reference="70" classloader="0" />
    <remembered-set count="474" />
  </mem-info>
</gc-end>
<cycle-end id="874" type="scavenge" contextid="867" timestamp="2019-06-16T22:58:45.021" />
  <attribute name="elasticGC enabled" value="1" />
  <attribute name= "numThreadsSpecified" value="4" />
  <attribute name="heapSize specified" value="12582912" />
  <attribute name="Current GC Util" value="54" />
  <attribute name= "Current Time Running" value="16595" />
  <attribute name ="GC Interval" value="200" />
  <attribute name="ProportionalT" value="17.000000" />
  <attribute name="ProportionalI" value="17.000000" />
  <attribute name="ProportionalH" value="17.000000" />
  <attribute name="Current Error" value="34.000000" />
  <attribute name="IntegralT" value="153.000000" />
  <attribute name="IntegralI" value="153.000000" />
  <attribute name="IntegralH" value="153.000000" />
  <attribute name="DerivativeT" value="1.666667" />
  <attribute name="DerivativeI" value="1.666667" />
  <attribute name="DerivativeH" value="1.666667" />
  <attribute name="Loop Time for DT" value="9.000000" />
  <attribute name="Output H" value="8388608"/>
  <attribute name="Output I" value="200"/>
  <attribute name="Output T" value="4"/>
  <attribute name="Target GC Util Change" value ="20.000000" />
  <attribute name="Current GC Util Change" value="54.000000"/>
  <attribute name="GC Util currently" value="54" />
  <attribute name="CPU Util currently" value="519763810676" />
<allocation-satisfied id="875" threadId="0000000000D3F800" bytesRequested="488" />
<af-end id="876" timestamp="2019-06-16T22:58:45.021" threadId="0000000000D40188" success="true" from="nursery"/>
<exclusive-end id="877" timestamp="2019-06-16T22:58:45.021" durationms="3.460" />

<concurrent-kickoff id="878" timestamp="2019-06-16T22:58:45.032">
  <kickoff reason="next scavenge will percolate" targetBytes="1759487" thresholdFreeBytes="245180"  remainingFree="154096" tenureFreeBytes="249856" nurseryFreeBytes="154096" />
</concurrent-kickoff>
<exclusive-start id="879" timestamp="2019-06-16T22:58:45.032" intervalms="13.870">
  <response-info timems="0.138" idlems="0.066" threads="2" lastid="0000000000D3F800" lastname="PmdThread 2" />
</exclusive-start>
<cycle-start id="880" type="global" contextid="0" timestamp="2019-06-16T22:58:45.032" intervalms="80.669" />
<exclusive-end id="881" timestamp="2019-06-16T22:58:45.032" durationms="0.121" />

<exclusive-start id="882" timestamp="2019-06-16T22:58:45.033" intervalms="0.856">
  <response-info timems="0.035" idlems="0.035" threads="0" lastid="0000000000D3BC00" lastname="PmdThread 1" />
</exclusive-start>
<af-start id="883" threadId="0000000000D3C588" totalBytesRequested="104" timestamp="2019-06-16T22:58:45.033" intervalms="14.731" type="nursery" />
<percolate-collect id="884" from="nursery" to="global" reason="failed tenure threshold reached" timestamp="2019-06-16T22:58:45.033"/>
<concurrent-aborted id="885" timestamp="2019-06-16T22:58:45.033">
  <reason value="insufficient progress made" />
</concurrent-aborted>
<cycle-end id="886" type="global" contextid="880" timestamp="2019-06-16T22:58:45.033" />
  <attribute name="elasticGC enabled" value="1" />
  <attribute name= "numThreadsSpecified" value="4" />
  <attribute name="heapSize specified" value="12582912" />
  <attribute name="Current GC Util" value="54" />
  <attribute name= "Current Time Running" value="16595" />
  <attribute name ="GC Interval" value="200" />
  <attribute name="ProportionalT" value="17.000000" />
  <attribute name="ProportionalI" value="17.000000" />
  <attribute name="ProportionalH" value="17.000000" />
  <attribute name="Current Error" value="34.000000" />
  <attribute name="IntegralT" value="153.000000" />
  <attribute name="IntegralI" value="153.000000" />
  <attribute name="IntegralH" value="153.000000" />
  <attribute name="DerivativeT" value="1.666667" />
  <attribute name="DerivativeI" value="1.666667" />
  <attribute name="DerivativeH" value="1.666667" />
  <attribute name="Loop Time for DT" value="9.000000" />
  <attribute name="Output H" value="8388608"/>
  <attribute name="Output I" value="200"/>
  <attribute name="Output T" value="4"/>
  <attribute name="Target GC Util Change" value ="20.000000" />
  <attribute name="Current GC Util Change" value="54.000000"/>
  <attribute name="GC Util currently" value="54" />
  <attribute name="CPU Util currently" value="519763810676" />
<cycle-start id="887" type="global" contextid="0" timestamp="2019-06-16T22:58:45.033" intervalms="1.088" />
<gc-start id="888" type="global" contextid="887" timestamp="2019-06-16T22:58:45.033">
  <mem-info id="889" free="249856" total="13500416" percent="1">
    <mem type="nursery" free="0" total="7602176" percent="0">
      <mem type="allocate" free="0" total="5308416" percent="0" />
      <mem type="survivor" free="0" total="2293760" percent="0" />
    </mem>
    <mem type="tenure" free="249856" total="5898240" percent="4">
      <mem type="soa" free="0" total="5603328" percent="0" />
      <mem type="loa" free="249856" total="294912" percent="84" />
    </mem>
    <remembered-set count="506" />
  </mem-info>
</gc-start>
<allocation-stats totalBytes="3831328" >
  <allocated-bytes non-tlh="488" tlh="3830840" />
  <largest-consumer threadName="PmdThread 4" threadId="0000000000D47000" bytes="1633568" />
</allocation-stats>
<gc-op id="890" type="mark" timems="3.727" contextid="887" timestamp="2019-06-16T22:58:45.037">
  <trace-info objectcount="166876" scancount="147913" scanbytes="4966472" />
  <finalization candidates="58" enqueued="0" />
  <ownableSynchronizers candidates="8" cleared="0" />
  <references type="soft" candidates="229" cleared="0" enqueued="0" dynamicThreshold="13" maxThreshold="32" />
  <references type="weak" candidates="673" cleared="11" enqueued="11" />
  <references type="phantom" candidates="78" cleared="1" enqueued="1" />
  <stringconstants candidates="4993" cleared="0"  />
</gc-op>
<gc-op id="891" type="sweep" timems="0.821" contextid="887" timestamp="2019-06-16T22:58:45.038" />
<mem-info id="892" free="2310840" total="13500416" percent="17">
  <mem type="nursery" free="1601984" total="7602176" percent="21">
    <mem type="allocate" free="1601984" total="5308416" percent="30" />
    <mem type="survivor" free="0" total="2293760" percent="0" />
  </mem>
  <mem type="tenure" free="708856" total="5898240" percent="12" micro-fragmented="3840" macro-fragmented="0">
    <mem type="soa" free="413944" total="5603328" percent="7" />
    <mem type="loa" free="294912" total="294912" percent="100" />
  </mem>
  <pending-finalizers system="0" default="0" reference="12" classloader="0" />
  <remembered-set count="499" />
</mem-info>
<gc-op id="893" type="compact" timems="21.028" contextid="887" timestamp="2019-06-16T22:58:45.059">
  <compact-info movecount="146399" movebytes="6235000" reason="compact to aid heap contraction" />
</gc-op>
<heap-resize id="894" type="contract" space="tenure" amount="262144" count="1" timems="0.069" reason="heap reconfiguration" timestamp="2019-06-16T22:58:45.060" />
<gc-end id="895" type="global" contextid="887" durationms="26.645" usertimems="48.000" systemtimems="0.000" timestamp="2019-06-16T22:58:45.060" activeThreads="4">
  <mem-info id="896" free="3384792" total="13238272" percent="25">
    <mem type="nursery" free="2960120" total="7602176" percent="38">
      <mem type="allocate" free="2960120" total="5308416" percent="55" />
      <mem type="survivor" free="0" total="2293760" percent="0" />
    </mem>
    <mem type="tenure" free="424672" total="5636096" percent="7">
      <mem type="soa" free="175840" total="5354496" percent="3" />
      <mem type="loa" free="248832" total="281600" percent="88" />
    </mem>
    <pending-finalizers system="0" default="0" reference="12" classloader="0" />
    <remembered-set count="499" />
  </mem-info>
</gc-end>
<cycle-end id="897" type="global" contextid="887" timestamp="2019-06-16T22:58:45.060" />
  <attribute name="elasticGC enabled" value="1" />
  <attribute name= "numThreadsSpecified" value="4" />
  <attribute name="heapSize specified" value="13500416" />
  <attribute name="Current GC Util" value="72" />
  <attribute name= "Current Time Running" value="16636" />
  <attribute name ="GC Interval" value="200" />
  <attribute name="ProportionalT" value="26.000000" />
  <attribute name="ProportionalI" value="26.000000" />
  <attribute name="ProportionalH" value="26.000000" />
  <attribute name="Current Error" value="52.000000" />
  <attribute name="IntegralT" value="546.000000" />
  <attribute name="IntegralI" value="546.000000" />
  <attribute name="IntegralH" value="546.000000" />
  <attribute name="DerivativeT" value="-4.095238" />
  <attribute name="DerivativeI" value="-4.095238" />
  <attribute name="DerivativeH" value="-4.095238" />
  <attribute name="Loop Time for DT" value="21.000000" />
  <attribute name="Output H" value="8388608"/>
  <attribute name="Output I" value="568"/>
  <attribute name="Output T" value="4"/>
  <attribute name="Target GC Util Change" value ="20.000000" />
  <attribute name="Current GC Util Change" value="72.000000"/>
  <attribute name="GC Util currently" value="72" />
  <attribute name="CPU Util currently" value="217750695240" />
<allocation-satisfied id="898" threadId="0000000000D3BC00" bytesRequested="104" />
<af-end id="899" timestamp="2019-06-16T22:58:45.060" threadId="0000000000D3C588" success="true" from="nursery"/>
<exclusive-end id="900" timestamp="2019-06-16T22:58:45.060" durationms="27.445" />

<concurrent-kickoff id="901" timestamp="2019-06-16T22:58:45.066">
  <kickoff reason="threshold reached" targetBytes="1681288" thresholdFreeBytes="234373"  remainingFree="174736" tenureFreeBytes="424672" nurseryFreeBytes="174736" />
</concurrent-kickoff>
<exclusive-start id="902" timestamp="2019-06-16T22:58:45.066" intervalms="33.084">
  <response-info timems="0.035" idlems="0.035" threads="0" lastid="0000000000D3F800" lastname="PmdThread 2" />
</exclusive-start>
<cycle-start id="903" type="global" contextid="0" timestamp="2019-06-16T22:58:45.066" intervalms="32.881" />
<exclusive-end id="904" timestamp="2019-06-16T22:58:45.066" durationms="0.177" />

<exclusive-start id="905" timestamp="2019-06-16T22:58:45.067" intervalms="0.943">
  <response-info timems="0.073" idlems="0.045" threads="1" lastid="0000000000D43400" lastname="PmdThread 3" />
</exclusive-start>
<af-start id="906" threadId="0000000000D40188" totalBytesRequested="80" timestamp="2019-06-16T22:58:45.067" intervalms="34.022" type="nursery" />
<cycle-start id="907" type="scavenge" contextid="0" timestamp="2019-06-16T22:58:45.067" intervalms="48.756" />
<gc-start id="908" type="scavenge" contextid="907" timestamp="2019-06-16T22:58:45.067">
  <mem-info id="909" free="424672" total="13238272" percent="3">
    <mem type="nursery" free="0" total="7602176" percent="0">
      <mem type="allocate" free="0" total="5308416" percent="0" />
      <mem type="survivor" free="0" total="2293760" percent="0" />
    </mem>
    <mem type="tenure" free="424672" total="5636096" percent="7">
      <mem type="soa" free="175840" total="5354496" percent="3" />
      <mem type="loa" free="248832" total="281600" percent="88" />
    </mem>
    <remembered-set count="502" />
  </mem-info>
</gc-start>
<allocation-stats totalBytes="2958328" >
  <allocated-bytes non-tlh="104" tlh="2958224" />
  <largest-consumer threadName="PmdThread 1" threadId="0000000000D3BC00" bytes="996952" />
</allocation-stats>
<gc-op id="910" type="scavenge" timems="5.830" contextid="907" timestamp="2019-06-16T22:58:45.073">
  <scavenger-info tenureage="1" tenuremask="7ffe" tiltratio="69" />
  <memory-copied type="nursery" objects="59792" bytes="2223848" bytesdiscarded="69896" />
  <memory-copied type="tenure" objects="2108" bytes="137776" bytesdiscarded="8" />
  <copy-failed type="nursery" objects="1" bytes="56" />
  <copy-failed type="tenure" objects="24055" bytes="905552" />
  <ownableSynchronizers candidates="16" cleared="0" />
  <warning details="aborted collection due to insufficient free space" />
</gc-op>
<gc-end id="911" type="scavenge" contextid="907" durationms="6.072" usertimems="8.000" systemtimems="0.000" timestamp="2019-06-16T22:58:45.073" activeThreads="4">
  <mem-info id="912" free="248832" total="13238272" percent="1">
    <mem type="nursery" free="0" total="7602176" percent="0">
      <mem type="allocate" free="0" total="5308416" percent="0" />
      <mem type="survivor" free="0" total="2293760" percent="0" />
    </mem>
    <mem type="tenure" free="248832" total="5636096" percent="4" macro-fragmented="201903">
      <mem type="soa" free="0" total="5354496" percent="0" />
      <mem type="loa" free="248832" total="281600" percent="88" />
    </mem>
    <remembered-set count="502" />
  </mem-info>
</gc-end>
<cycle-end id="913" type="scavenge" contextid="907" timestamp="2019-06-16T22:58:45.073" />
  <attribute name="elasticGC enabled" value="1" />
  <attribute name= "numThreadsSpecified" value="4" />
  <attribute name="heapSize specified" value="13500416" />
  <attribute name="Current GC Util" value="518" />
  <attribute name= "Current Time Running" value="16643" />
  <attribute name ="GC Interval" value="2056" />
  <attribute name="ProportionalT" value="249.000000" />
  <attribute name="ProportionalI" value="249.000000" />
  <attribute name="ProportionalH" value="249.000000" />
  <attribute name="Current Error" value="498.000000" />
  <attribute name="IntegralT" value="1743.000000" />
  <attribute name="IntegralI" value="1743.000000" />
  <attribute name="IntegralH" value="1743.000000" />
  <attribute name="DerivativeT" value="63.714286" />
  <attribute name="DerivativeI" value="63.714286" />
  <attribute name="DerivativeH" value="63.714286" />
  <attribute name="Loop Time for DT" value="7.000000" />
  <attribute name="Output H" value="8388608"/>
  <attribute name="Output I" value="2056"/>
  <attribute name="Output T" value="4"/>
  <attribute name="Target GC Util Change" value ="20.000000" />
  <attribute name="Current GC Util Change" value="518.000000"/>
  <attribute name="GC Util currently" value="518" />
  <attribute name="CPU Util currently" value="595586523688" />
<percolate-collect id="914" from="nursery" to="global" reason="failed tenure threshold reached" timestamp="2019-06-16T22:58:45.073"/>
<concurrent-aborted id="915" timestamp="2019-06-16T22:58:45.073">
  <reason value="insufficient progress made" />
</concurrent-aborted>
<cycle-end id="916" type="global" contextid="903" timestamp="2019-06-16T22:58:45.073" />
  <attribute name="elasticGC enabled" value="1" />
  <attribute name= "numThreadsSpecified" value="4" />
  <attribute name="heapSize specified" value="13500416" />
  <attribute name="Current GC Util" value="518" />
  <attribute name= "Current Time Running" value="16643" />
  <attribute name ="GC Interval" value="2056" />
  <attribute name="ProportionalT" value="249.000000" />
  <attribute name="ProportionalI" value="249.000000" />
  <attribute name="ProportionalH" value="249.000000" />
  <attribute name="Current Error" value="498.000000" />
  <attribute name="IntegralT" value="1743.000000" />
  <attribute name="IntegralI" value="1743.000000" />
  <attribute name="IntegralH" value="1743.000000" />
  <attribute name="DerivativeT" value="63.714286" />
  <attribute name="DerivativeI" value="63.714286" />
  <attribute name="DerivativeH" value="63.714286" />
  <attribute name="Loop Time for DT" value="7.000000" />
  <attribute name="Output H" value="8388608"/>
  <attribute name="Output I" value="2056"/>
  <attribute name="Output T" value="4"/>
  <attribute name="Target GC Util Change" value ="20.000000" />
  <attribute name="Current GC Util Change" value="518.000000"/>
  <attribute name="GC Util currently" value="518" />
  <attribute name="CPU Util currently" value="595586523688" />
<cycle-start id="917" type="global" contextid="0" timestamp="2019-06-16T22:58:45.073" intervalms="7.479" />
<gc-start id="918" type="global" contextid="917" timestamp="2019-06-16T22:58:45.073">
  <mem-info id="919" free="248832" total="13238272" percent="1">
    <mem type="nursery" free="0" total="7602176" percent="0">
      <mem type="allocate" free="0" total="5308416" percent="0" />
      <mem type="survivor" free="0" total="2293760" percent="0" />
    </mem>
    <mem type="tenure" free="248832" total="5636096" percent="4">
      <mem type="soa" free="0" total="5354496" percent="0" />
      <mem type="loa" free="248832" total="281600" percent="88" />
    </mem>
    <remembered-set count="502" />
  </mem-info>
</gc-start>
<allocation-stats totalBytes="0" >
  <allocated-bytes non-tlh="0" tlh="0" />
</allocation-stats>
<heap-resize id="920" type="loa contract" space="tenure" amount="225280" count="1" timems="0.069" reason="contract on aggressive gc" timestamp="2019-06-16T22:58:45.073" />
<gc-op id="921" type="mark" timems="2.881" contextid="917" timestamp="2019-06-16T22:58:45.076">
  <trace-info objectcount="175177" scancount="156243" scanbytes="5287920" />
  <finalization candidates="58" enqueued="0" />
  <ownableSynchronizers candidates="8" cleared="0" />
  <references type="soft" candidates="229" cleared="138" enqueued="125" dynamicThreshold="2" maxThreshold="32" />
  <references type="weak" candidates="790" cleared="128" enqueued="128" />
  <references type="phantom" candidates="77" cleared="0" enqueued="0" />
  <stringconstants candidates="4993" cleared="1"  />
</gc-op>
<gc-op id="922" type="classunload" timems="0.003" contextid="917" timestamp="2019-06-16T22:58:45.076">
  <classunload-info classloadercandidates="10" classloadersunloaded="0" classesunloaded="0" anonymousclassesunloaded="0" quiescems="0.000" setupms="0.002" scanms="0.000" postms="0.001" />
</gc-op>
<gc-op id="923" type="sweep" timems="0.276" contextid="917" timestamp="2019-06-16T22:58:45.077" />
<mem-info id="924" free="2588008" total="13238272" percent="19">
  <mem type="nursery" free="2080888" total="7602176" percent="27">
    <mem type="allocate" free="2080888" total="5308416" percent="39" />
    <mem type="survivor" free="0" total="2293760" percent="0" />
  </mem>
  <mem type="tenure" free="507120" total="5636096" percent="8" micro-fragmented="23096" macro-fragmented="2116">
    <mem type="soa" free="507120" total="5636096" percent="8" />
    <mem type="loa" free="0" total="0" percent="0" />
  </mem>
  <pending-finalizers system="0" default="0" reference="253" classloader="0" />
  <remembered-set count="499" />
</mem-info>
<gc-op id="925" type="compact" timems="20.669" contextid="917" timestamp="2019-06-16T22:58:45.098">
  <compact-info movecount="167292" movebytes="7445856" reason="compact to aid heap contraction" />
</gc-op>
<heap-resize id="926" type="contract" space="tenure" amount="524288" count="1" timems="0.098" reason="heap reconfiguration" timestamp="2019-06-16T22:58:45.098" />
<gc-end id="927" type="global" contextid="917" durationms="24.743" usertimems="48.000" systemtimems="0.000" timestamp="2019-06-16T22:58:45.098" activeThreads="4">
  <mem-info id="928" free="2659352" total="12713984" percent="20">
    <mem type="nursery" free="2644720" total="7602176" percent="34">
      <mem type="allocate" free="2644720" total="5308416" percent="49" />
      <mem type="survivor" free="0" total="2293760" percent="0" />
    </mem>
    <mem type="tenure" free="14632" total="5111808" percent="0">
      <mem type="soa" free="14632" total="5111808" percent="0" />
      <mem type="loa" free="0" total="0" percent="0" />
    </mem>
    <pending-finalizers system="0" default="0" reference="253" classloader="0" />
    <remembered-set count="499" />
  </mem-info>
</gc-end>
<cycle-end id="929" type="global" contextid="917" timestamp="2019-06-16T22:58:45.098" />
  <attribute name="elasticGC enabled" value="1" />
  <attribute name= "numThreadsSpecified" value="4" />
  <attribute name="heapSize specified" value="13238272" />
  <attribute name="Current GC Util" value="79" />
  <attribute name= "Current Time Running" value="16674" />
  <attribute name ="GC Interval" value="2056" />
  <attribute name="ProportionalT" value="29.500000" />
  <attribute name="ProportionalI" value="29.500000" />
  <attribute name="ProportionalH" value="29.500000" />
  <attribute name="Current Error" value="59.000000" />
  <attribute name="IntegralT" value="590.000000" />
  <attribute name="IntegralI" value="590.000000" />
  <attribute name="IntegralH" value="590.000000" />
  <attribute name="DerivativeT" value="1.850000" />
  <attribute name="DerivativeI" value="1.850000" />
  <attribute name="DerivativeH" value="1.850000" />
  <attribute name="Loop Time for DT" value="20.000000" />
  <attribute name="Output H" value="8388608"/>
  <attribute name="Output I" value="624"/>
  <attribute name="Output T" value="4"/>
  <attribute name="Target GC Util Change" value ="20.000000" />
  <attribute name="Current GC Util Change" value="79.000000"/>
  <attribute name="GC Util currently" value="79" />
  <attribute name="CPU Util currently" value="221936724694" />
<allocation-satisfied id="930" threadId="0000000000D3F800" bytesRequested="80" />
<af-end id="931" timestamp="2019-06-16T22:58:45.098" threadId="0000000000D40188" success="true" from="nursery"/>
<exclusive-end id="932" timestamp="2019-06-16T22:58:45.098" durationms="31.645" />

<concurrent-kickoff id="933" timestamp="2019-06-16T22:58:45.103">
  <kickoff reason="threshold reached" targetBytes="1524889" thresholdFreeBytes="212760"  remainingFree="133792" tenureFreeBytes="14632" nurseryFreeBytes="133792" />
</concurrent-kickoff>
<exclusive-start id="934" timestamp="2019-06-16T22:58:45.103" intervalms="36.274">
  <response-info timems="0.069" idlems="0.041" threads="1" lastid="0000000000D43400" lastname="PmdThread 3" />
</exclusive-start>
<cycle-start id="935" type="global" contextid="0" timestamp="2019-06-16T22:58:45.103" intervalms="29.715" />
<exclusive-end id="936" timestamp="2019-06-16T22:58:45.103" durationms="0.125" />

<exclusive-start id="937" timestamp="2019-06-16T22:58:45.104" intervalms="0.933">
  <response-info timems="0.081" idlems="0.050" threads="1" lastid="0000000000D47000" lastname="PmdThread 4" />
</exclusive-start>
<af-start id="938" threadId="0000000000D40188" totalBytesRequested="16" timestamp="2019-06-16T22:58:45.104" intervalms="37.209" type="nursery" />
<cycle-start id="939" type="scavenge" contextid="0" timestamp="2019-06-16T22:58:45.104" intervalms="37.220" />
<gc-start id="940" type="scavenge" contextid="939" timestamp="2019-06-16T22:58:45.104">
  <mem-info id="941" free="14632" total="12713984" percent="0">
    <mem type="nursery" free="0" total="7602176" percent="0">
      <mem type="allocate" free="0" total="5308416" percent="0" />
      <mem type="survivor" free="0" total="2293760" percent="0" />
    </mem>
    <mem type="tenure" free="14632" total="5111808" percent="0">
      <mem type="soa" free="14632" total="5111808" percent="0" />
      <mem type="loa" free="0" total="0" percent="0" />
    </mem>
    <remembered-set count="633" />
  </mem-info>
</gc-start>
<allocation-stats totalBytes="2641296" >
  <allocated-bytes non-tlh="80" tlh="2641216" />
  <largest-consumer threadName="PmdThread 3" threadId="0000000000D43400" bytes="859920" />
</allocation-stats>
<gc-op id="942" type="scavenge" timems="5.631" contextid="939" timestamp="2019-06-16T22:58:45.110">
  <scavenger-info tenureage="1" tenuremask="7ffe" tiltratio="69" />
  <memory-copied type="nursery" objects="57144" bytes="2193608" bytesdiscarded="100128" />
  <memory-copied type="tenure" objects="313" bytes="14624" bytesdiscarded="8" />
  <copy-failed type="nursery" objects="1" bytes="48" />
  <copy-failed type="tenure" objects="52824" bytes="1974920" />
  <ownableSynchronizers candidates="16" cleared="0" />
  <warning details="aborted collection due to insufficient free space" />
</gc-op>
<gc-end id="943" type="scavenge" contextid="939" durationms="5.821" usertimems="8.000" systemtimems="0.000" timestamp="2019-06-16T22:58:45.110" activeThreads="4">
  <mem-info id="944" free="0" total="12713984" percent="0">
    <mem type="nursery" free="0" total="7602176" percent="0">
      <mem type="allocate" free="0" total="5308416" percent="0" />
      <mem type="survivor" free="0" total="2293760" percent="0" />
    </mem>
    <mem type="tenure" free="0" total="5111808" percent="0" macro-fragmented="0">
      <mem type="soa" free="0" total="5111808" percent="0" />
      <mem type="loa" free="0" total="0" percent="0" />
    </mem>
    <remembered-set count="633" />
  </mem-info>
</gc-end>
<cycle-end id="945" type="scavenge" contextid="939" timestamp="2019-06-16T22:58:45.110" />
  <attribute name="elasticGC enabled" value="1" />
  <attribute name= "numThreadsSpecified" value="4" />
  <attribute name="heapSize specified" value="13238272" />
  <attribute name="Current GC Util" value="741" />
  <attribute name= "Current Time Running" value="16681" />
  <attribute name ="GC Interval" value="2984" />
  <attribute name="ProportionalT" value="360.500000" />
  <attribute name="ProportionalI" value="360.500000" />
  <attribute name="ProportionalH" value="360.500000" />
  <attribute name="Current Error" value="721.000000" />
  <attribute name="IntegralT" value="2523.500000" />
  <attribute name="IntegralI" value="2523.500000" />
  <attribute name="IntegralH" value="2523.500000" />
  <attribute name="DerivativeT" value="94.571429" />
  <attribute name="DerivativeI" value="94.571429" />
  <attribute name="DerivativeH" value="94.571429" />
  <attribute name="Loop Time for DT" value="7.000000" />
  <attribute name="Output H" value="8388608"/>
  <attribute name="Output I" value="2984"/>
  <attribute name="Output T" value="4"/>
  <attribute name="Target GC Util Change" value ="20.000000" />
  <attribute name="Current GC Util Change" value="741.000000"/>
  <attribute name="GC Util currently" value="741" />
  <attribute name="CPU Util currently" value="718904485949" />
<percolate-collect id="946" from="nursery" to="global" reason="failed tenure threshold reached" timestamp="2019-06-16T22:58:45.110"/>
<concurrent-aborted id="947" timestamp="2019-06-16T22:58:45.110">
  <reason value="insufficient progress made" />
</concurrent-aborted>
<cycle-end id="948" type="global" contextid="935" timestamp="2019-06-16T22:58:45.110" />
  <attribute name="elasticGC enabled" value="1" />
  <attribute name= "numThreadsSpecified" value="4" />
  <attribute name="heapSize specified" value="13238272" />
  <attribute name="Current GC Util" value="741" />
  <attribute name= "Current Time Running" value="16681" />
  <attribute name ="GC Interval" value="2984" />
  <attribute name="ProportionalT" value="360.500000" />
  <attribute name="ProportionalI" value="360.500000" />
  <attribute name="ProportionalH" value="360.500000" />
  <attribute name="Current Error" value="721.000000" />
  <attribute name="IntegralT" value="2523.500000" />
  <attribute name="IntegralI" value="2523.500000" />
  <attribute name="IntegralH" value="2523.500000" />
  <attribute name="DerivativeT" value="94.571429" />
  <attribute name="DerivativeI" value="94.571429" />
  <attribute name="DerivativeH" value="94.571429" />
  <attribute name="Loop Time for DT" value="7.000000" />
  <attribute name="Output H" value="8388608"/>
  <attribute name="Output I" value="2984"/>
  <attribute name="Output T" value="4"/>
  <attribute name="Target GC Util Change" value ="20.000000" />
  <attribute name="Current GC Util Change" value="741.000000"/>
  <attribute name="GC Util currently" value="741" />
  <attribute name="CPU Util currently" value="718904485949" />
<cycle-start id="949" type="global" contextid="0" timestamp="2019-06-16T22:58:45.110" intervalms="7.200" />
<gc-start id="950" type="global" contextid="949" timestamp="2019-06-16T22:58:45.110">
  <mem-info id="951" free="0" total="12713984" percent="0">
    <mem type="nursery" free="0" total="7602176" percent="0">
      <mem type="allocate" free="0" total="5308416" percent="0" />
      <mem type="survivor" free="0" total="2293760" percent="0" />
    </mem>
    <mem type="tenure" free="0" total="5111808" percent="0">
      <mem type="soa" free="0" total="5111808" percent="0" />
      <mem type="loa" free="0" total="0" percent="0" />
    </mem>
    <remembered-set count="633" />
  </mem-info>
</gc-start>
<allocation-stats totalBytes="0" >
  <allocated-bytes non-tlh="0" tlh="0" />
</allocation-stats>
<gc-op id="952" type="mark" timems="3.226" contextid="949" timestamp="2019-06-16T22:58:45.114">
  <trace-info objectcount="181100" scancount="162144" scanbytes="5515936" />
  <finalization candidates="58" enqueued="0" />
  <ownableSynchronizers candidates="8" cleared="0" />
  <references type="soft" candidates="91" cleared="0" enqueued="0" dynamicThreshold="0" maxThreshold="32" />
  <references type="weak" candidates="820" cleared="158" enqueued="158" />
  <references type="phantom" candidates="77" cleared="0" enqueued="0" />
  <stringconstants candidates="4992" cleared="51"  />
</gc-op>
<gc-op id="953" type="classunload" timems="0.002" contextid="949" timestamp="2019-06-16T22:58:45.114">
  <classunload-info classloadercandidates="10" classloadersunloaded="0" classesunloaded="0" anonymousclassesunloaded="0" quiescems="0.000" setupms="0.001" scanms="0.001" postms="0.000" />
</gc-op>
<gc-op id="954" type="sweep" timems="0.320" contextid="949" timestamp="2019-06-16T22:58:45.114" />
<mem-info id="955" free="1967200" total="12713984" percent="15">
  <mem type="nursery" free="1950720" total="7602176" percent="25">
    <mem type="allocate" free="1950720" total="5308416" percent="36" />
    <mem type="survivor" free="0" total="2293760" percent="0" />
  </mem>
  <mem type="tenure" free="16480" total="5111808" percent="0" micro-fragmented="11523" macro-fragmented="0">
    <mem type="soa" free="16480" total="5111808" percent="0" />
    <mem type="loa" free="0" total="0" percent="0" />
  </mem>
  <pending-finalizers system="0" default="0" reference="158" classloader="0" />
  <remembered-set count="513" />
</mem-info>
<gc-op id="956" type="compact" timems="22.284" contextid="949" timestamp="2019-06-16T22:58:45.137">
  <compact-info movecount="175277" movebytes="7753680" reason="compact to aid heap contraction" />
</gc-op>
<gc-end id="957" type="global" contextid="949" durationms="26.447" usertimems="48.000" systemtimems="0.000" timestamp="2019-06-16T22:58:45.137" activeThreads="4">
  <mem-info id="958" free="2421176" total="12713984" percent="19">
    <mem type="nursery" free="2386120" total="7602176" percent="31">
      <mem type="allocate" free="2386120" total="5308416" percent="44" />
      <mem type="survivor" free="0" total="2293760" percent="0" />
    </mem>
    <mem type="tenure" free="35056" total="5111808" percent="0">
      <mem type="soa" free="35056" total="5111808" percent="0" />
      <mem type="loa" free="0" total="0" percent="0" />
    </mem>
    <pending-finalizers system="0" default="0" reference="158" classloader="0" />
    <remembered-set count="513" />
  </mem-info>
</gc-end>
<cycle-end id="959" type="global" contextid="949" timestamp="2019-06-16T22:58:45.137" />
  <attribute name="elasticGC enabled" value="1" />
  <attribute name= "numThreadsSpecified" value="4" />
  <attribute name="heapSize specified" value="12713984" />
  <attribute name="Current GC Util" value="85" />
  <attribute name= "Current Time Running" value="16713" />
  <attribute name ="GC Interval" value="2984" />
  <attribute name="ProportionalT" value="32.500000" />
  <attribute name="ProportionalI" value="32.500000" />
  <attribute name="ProportionalH" value="32.500000" />
  <attribute name="Current Error" value="65.000000" />
  <attribute name="IntegralT" value="715.000000" />
  <attribute name="IntegralI" value="715.000000" />
  <attribute name="IntegralH" value="715.000000" />
  <attribute name="DerivativeT" value="2.000000" />
  <attribute name="DerivativeI" value="2.000000" />
  <attribute name="DerivativeH" value="2.000000" />
  <attribute name="Loop Time for DT" value="22.000000" />
  <attribute name="Output H" value="8388608"/>
  <attribute name="Output I" value="752"/>
  <attribute name="Output T" value="4"/>
  <attribute name="Target GC Util Change" value ="20.000000" />
  <attribute name="Current GC Util Change" value="85.000000"/>
  <attribute name="GC Util currently" value="85" />
  <attribute name="CPU Util currently" value="206323614437" />
<allocation-satisfied id="960" threadId="0000000000D3F800" bytesRequested="16" />
<af-end id="961" timestamp="2019-06-16T22:58:45.137" threadId="0000000000D40188" success="true" from="nursery"/>
<exclusive-end id="962" timestamp="2019-06-16T22:58:45.137" durationms="33.064" />

<concurrent-kickoff id="963" timestamp="2019-06-16T22:58:45.140">
  <kickoff reason="threshold reached" targetBytes="1524889" thresholdFreeBytes="212760"  remainingFree="166072" tenureFreeBytes="35056" nurseryFreeBytes="166072" />
</concurrent-kickoff>
<exclusive-start id="964" timestamp="2019-06-16T22:58:45.140" intervalms="36.539">
  <response-info timems="0.031" idlems="0.031" threads="0" lastid="0000000000D47000" lastname="PmdThread 4" />
</exclusive-start>
<cycle-start id="965" type="global" contextid="0" timestamp="2019-06-16T22:58:45.141" intervalms="30.268" />
<exclusive-end id="966" timestamp="2019-06-16T22:58:45.141" durationms="0.121" />

<exclusive-start id="967" timestamp="2019-06-16T22:58:45.141" intervalms="0.562">
  <response-info timems="0.020" idlems="0.020" threads="0" lastid="0000000000D43400" lastname="PmdThread 3" />
</exclusive-start>
<af-start id="968" threadId="0000000000D43D88" totalBytesRequested="56" timestamp="2019-06-16T22:58:45.141" intervalms="37.111" type="nursery" />
<cycle-start id="969" type="scavenge" contextid="0" timestamp="2019-06-16T22:58:45.141" intervalms="37.117" />
<gc-start id="970" type="scavenge" contextid="969" timestamp="2019-06-16T22:58:45.141">
  <mem-info id="971" free="35056" total="12713984" percent="0">
    <mem type="nursery" free="0" total="7602176" percent="0">
      <mem type="allocate" free="0" total="5308416" percent="0" />
      <mem type="survivor" free="0" total="2293760" percent="0" />
    </mem>
    <mem type="tenure" free="35056" total="5111808" percent="0">
      <mem type="soa" free="35056" total="5111808" percent="0" />
      <mem type="loa" free="0" total="0" percent="0" />
    </mem>
    <remembered-set count="527" />
  </mem-info>
</gc-start>
<allocation-stats totalBytes="2381960" >
  <allocated-bytes non-tlh="16" tlh="2381944" />
  <largest-consumer threadName="PmdThread 4" threadId="0000000000D47000" bytes="675664" />
</allocation-stats>
<gc-op id="972" type="scavenge" timems="7.184" contextid="969" timestamp="2019-06-16T22:58:45.149">
  <scavenger-info tenureage="1" tenuremask="7ffe" tiltratio="69" />
  <memory-copied type="nursery" objects="56645" bytes="2233640" bytesdiscarded="58600" />
  <memory-copied type="tenure" objects="663" bytes="34752" bytesdiscarded="8" />
  <copy-failed type="nursery" objects="1" bytes="56" />
  <copy-failed type="tenure" objects="52071" bytes="1999648" />
  <ownableSynchronizers candidates="16" cleared="0" />
  <warning details="aborted collection due to insufficient free space" />
</gc-op>
<gc-end id="973" type="scavenge" contextid="969" durationms="7.433" usertimems="8.000" systemtimems="0.000" timestamp="2019-06-16T22:58:45.149" activeThreads="4">
  <mem-info id="974" free="0" total="12713984" percent="0">
    <mem type="nursery" free="0" total="7602176" percent="0">
      <mem type="allocate" free="0" total="5308416" percent="0" />
      <mem type="survivor" free="0" total="2293760" percent="0" />
    </mem>
    <mem type="tenure" free="0" total="5111808" percent="0" macro-fragmented="0">
      <mem type="soa" free="0" total="5111808" percent="0" />
      <mem type="loa" free="0" total="0" percent="0" />
    </mem>
    <remembered-set count="527" />
  </mem-info>
</gc-end>
<cycle-end id="975" type="scavenge" contextid="969" timestamp="2019-06-16T22:58:45.149" />
  <attribute name="elasticGC enabled" value="1" />
  <attribute name= "numThreadsSpecified" value="4" />
  <attribute name="heapSize specified" value="12713984" />
  <attribute name="Current GC Util" value="1051" />
  <attribute name= "Current Time Running" value="16718" />
  <attribute name ="GC Interval" value="3288" />
  <attribute name="ProportionalT" value="515.500000" />
  <attribute name="ProportionalI" value="515.500000" />
  <attribute name="ProportionalH" value="515.500000" />
  <attribute name="Current Error" value="1031.000000" />
  <attribute name="IntegralT" value="2577.500000" />
  <attribute name="IntegralI" value="2577.500000" />
  <attribute name="IntegralH" value="2577.500000" />
  <attribute name="DerivativeT" value="193.200000" />
  <attribute name="DerivativeI" value="193.200000" />
  <attribute name="DerivativeH" value="193.200000" />
  <attribute name="Loop Time for DT" value="5.000000" />
  <attribute name="Output H" value="8388608"/>
  <attribute name="Output I" value="3288"/>
  <attribute name="Output T" value="4"/>
  <attribute name="Target GC Util Change" value ="20.000000" />
  <attribute name="Current GC Util Change" value="1051.000000"/>
  <attribute name="GC Util currently" value="1051" />
  <attribute name="CPU Util currently" value="971373495359" />
<percolate-collect id="976" from="nursery" to="global" reason="failed tenure threshold reached" timestamp="2019-06-16T22:58:45.149"/>
<concurrent-aborted id="977" timestamp="2019-06-16T22:58:45.149">
  <reason value="insufficient progress made" />
</concurrent-aborted>
<cycle-end id="978" type="global" contextid="965" timestamp="2019-06-16T22:58:45.149" />
  <attribute name="elasticGC enabled" value="1" />
  <attribute name= "numThreadsSpecified" value="4" />
  <attribute name="heapSize specified" value="12713984" />
  <attribute name="Current GC Util" value="1051" />
  <attribute name= "Current Time Running" value="16718" />
  <attribute name ="GC Interval" value="3288" />
  <attribute name="ProportionalT" value="515.500000" />
  <attribute name="ProportionalI" value="515.500000" />
  <attribute name="ProportionalH" value="515.500000" />
  <attribute name="Current Error" value="1031.000000" />
  <attribute name="IntegralT" value="2577.500000" />
  <attribute name="IntegralI" value="2577.500000" />
  <attribute name="IntegralH" value="2577.500000" />
  <attribute name="DerivativeT" value="193.200000" />
  <attribute name="DerivativeI" value="193.200000" />
  <attribute name="DerivativeH" value="193.200000" />
  <attribute name="Loop Time for DT" value="5.000000" />
  <attribute name="Output H" value="8388608"/>
  <attribute name="Output I" value="3288"/>
  <attribute name="Output T" value="4"/>
  <attribute name="Target GC Util Change" value ="20.000000" />
  <attribute name="Current GC Util Change" value="1051.000000"/>
  <attribute name="GC Util currently" value="1051" />
  <attribute name="CPU Util currently" value="971373495359" />
<cycle-start id="979" type="global" contextid="0" timestamp="2019-06-16T22:58:45.149" intervalms="8.708" />
<gc-start id="980" type="global" contextid="979" timestamp="2019-06-16T22:58:45.149">
  <mem-info id="981" free="0" total="12713984" percent="0">
    <mem type="nursery" free="0" total="7602176" percent="0">
      <mem type="allocate" free="0" total="5308416" percent="0" />
      <mem type="survivor" free="0" total="2293760" percent="0" />
    </mem>
    <mem type="tenure" free="0" total="5111808" percent="0">
      <mem type="soa" free="0" total="5111808" percent="0" />
      <mem type="loa" free="0" total="0" percent="0" />
    </mem>
    <remembered-set count="527" />
  </mem-info>
</gc-start>
<allocation-stats totalBytes="0" >
  <allocated-bytes non-tlh="0" tlh="0" />
</allocation-stats>
<gc-op id="982" type="mark" timems="3.618" contextid="979" timestamp="2019-06-16T22:58:45.153">
  <trace-info objectcount="184551" scancount="165444" scanbytes="5638024" />
  <finalization candidates="58" enqueued="0" />
  <ownableSynchronizers candidates="8" cleared="0" />
  <references type="soft" candidates="95" cleared="4" enqueued="0" dynamicThreshold="0" maxThreshold="32" />
  <references type="weak" candidates="711" cleared="49" enqueued="49" />
  <references type="phantom" candidates="78" cleared="1" enqueued="1" />
  <stringconstants candidates="4941" cleared="0"  />
</gc-op>
<gc-op id="983" type="classunload" timems="0.002" contextid="979" timestamp="2019-06-16T22:58:45.153">
  <classunload-info classloadercandidates="10" classloadersunloaded="0" classesunloaded="0" anonymousclassesunloaded="0" quiescems="0.000" setupms="0.002" scanms="0.000" postms="0.000" />
</gc-op>
<gc-op id="984" type="sweep" timems="0.328" contextid="979" timestamp="2019-06-16T22:58:45.154" />
<mem-info id="985" free="1776952" total="12713984" percent="13">
  <mem type="nursery" free="1519696" total="7602176" percent="19">
    <mem type="allocate" free="1519696" total="5308416" percent="28" />
    <mem type="survivor" free="0" total="2293760" percent="0" />
  </mem>
  <mem type="tenure" free="257256" total="5111808" percent="5" micro-fragmented="0" macro-fragmented="0">
    <mem type="soa" free="257256" total="5111808" percent="5" />
    <mem type="loa" free="0" total="0" percent="0" />
  </mem>
  <pending-finalizers system="0" default="0" reference="50" classloader="0" />
  <remembered-set count="519" />
</mem-info>
<gc-op id="986" type="compact" timems="20.057" contextid="979" timestamp="2019-06-16T22:58:45.174">
  <compact-info movecount="156477" movebytes="6999576" reason="compact to aid heap contraction" />
</gc-op>
<heap-resize id="987" type="contract" space="tenure" amount="196608" count="1" timems="0.085" reason="heap reconfiguration" timestamp="2019-06-16T22:58:45.174" />
<gc-end id="988" type="global" contextid="979" durationms="25.181" usertimems="48.000" systemtimems="0.000" timestamp="2019-06-16T22:58:45.174" activeThreads="4">
  <mem-info id="989" free="2089336" total="12517376" percent="16">
    <mem type="nursery" free="2028544" total="7602176" percent="26">
      <mem type="allocate" free="2028544" total="5308416" percent="38" />
      <mem type="survivor" free="0" total="2293760" percent="0" />
    </mem>
    <mem type="tenure" free="60792" total="4915200" percent="1">
      <mem type="soa" free="60792" total="4915200" percent="1" />
      <mem type="loa" free="0" total="0" percent="0" />
    </mem>
    <pending-finalizers system="0" default="0" reference="50" classloader="0" />
    <remembered-set count="519" />
  </mem-info>
</gc-end>
<cycle-end id="990" type="global" contextid="979" timestamp="2019-06-16T22:58:45.175" />
  <attribute name="elasticGC enabled" value="1" />
  <attribute name= "numThreadsSpecified" value="4" />
  <attribute name="heapSize specified" value="12713984" />
  <attribute name="Current GC Util" value="80" />
  <attribute name= "Current Time Running" value="16751" />
  <attribute name ="GC Interval" value="3288" />
  <attribute name="ProportionalT" value="30.000000" />
  <attribute name="ProportionalI" value="30.000000" />
  <attribute name="ProportionalH" value="30.000000" />
  <attribute name="Current Error" value="60.000000" />
  <attribute name="IntegralT" value="630.000000" />
  <attribute name="IntegralI" value="630.000000" />
  <attribute name="IntegralH" value="630.000000" />
  <attribute name="DerivativeT" value="2.285714" />
  <attribute name="DerivativeI" value="2.285714" />
  <attribute name="DerivativeH" value="2.285714" />
  <attribute name="Loop Time for DT" value="21.000000" />
  <attribute name="Output H" value="8388608"/>
  <attribute name="Output I" value="664"/>
  <attribute name="Output T" value="4"/>
  <attribute name="Target GC Util Change" value ="20.000000" />
  <attribute name="Current GC Util Change" value="80.000000"/>
  <attribute name="GC Util currently" value="80" />
  <attribute name="CPU Util currently" value="228001499336" />
<allocation-satisfied id="991" threadId="0000000000D43400" bytesRequested="56" />
<af-end id="992" timestamp="2019-06-16T22:58:45.175" threadId="0000000000D43D88" success="true" from="nursery"/>
<exclusive-end id="993" timestamp="2019-06-16T22:58:45.175" durationms="33.994" />

<concurrent-kickoff id="994" timestamp="2019-06-16T22:58:45.179">
  <kickoff reason="threshold reached" targetBytes="1466239" thresholdFreeBytes="204657"  remainingFree="164808" tenureFreeBytes="60792" nurseryFreeBytes="164808" />
</concurrent-kickoff>
<exclusive-start id="995" timestamp="2019-06-16T22:58:45.179" intervalms="37.918">
  <response-info timems="0.065" idlems="0.045" threads="1" lastid="0000000000D43400" lastname="PmdThread 3" />
</exclusive-start>
<cycle-start id="996" type="global" contextid="0" timestamp="2019-06-16T22:58:45.179" intervalms="29.847" />
<exclusive-end id="997" timestamp="2019-06-16T22:58:45.179" durationms="0.246" />

<exclusive-start id="998" timestamp="2019-06-16T22:58:45.180" intervalms="0.581">
  <response-info timems="0.022" idlems="0.022" threads="1" lastid="0000000000D3F800" lastname="PmdThread 2" />
</exclusive-start>
<af-start id="999" threadId="0000000000D3C588" totalBytesRequested="16" timestamp="2019-06-16T22:58:45.180" intervalms="38.528" type="nursery" />
<cycle-start id="1000" type="scavenge" contextid="0" timestamp="2019-06-16T22:58:45.180" intervalms="38.552" />
<gc-start id="1001" type="scavenge" contextid="1000" timestamp="2019-06-16T22:58:45.180">
  <mem-info id="1002" free="60792" total="12517376" percent="0">
    <mem type="nursery" free="0" total="7602176" percent="0">
      <mem type="allocate" free="0" total="5308416" percent="0" />
      <mem type="survivor" free="0" total="2293760" percent="0" />
    </mem>
    <mem type="tenure" free="60792" total="4915200" percent="1">
      <mem type="soa" free="60792" total="4915200" percent="1" />
      <mem type="loa" free="0" total="0" percent="0" />
    </mem>
    <remembered-set count="520" />
  </mem-info>
</gc-start>
<allocation-stats totalBytes="2027720" >
  <allocated-bytes non-tlh="56" tlh="2027664" />
  <largest-consumer threadName="PmdThread 4" threadId="0000000000D47000" bytes="736944" />
</allocation-stats>
<gc-op id="1003" type="scavenge" timems="6.848" contextid="1000" timestamp="2019-06-16T22:58:45.187">
  <scavenger-info tenureage="1" tenuremask="7ffe" tiltratio="69" />
  <memory-copied type="nursery" objects="50684" bytes="1999584" bytesdiscarded="289864" />
  <memory-copied type="tenure" objects="953" bytes="58264" bytesdiscarded="8" />
  <copy-failed type="nursery" objects="1" bytes="16" />
  <copy-failed type="tenure" objects="45824" bytes="1820200" />
  <ownableSynchronizers candidates="16" cleared="0" />
  <warning details="aborted collection due to insufficient free space" />
</gc-op>
<gc-end id="1004" type="scavenge" contextid="1000" durationms="7.156" usertimems="8.000" systemtimems="0.000" timestamp="2019-06-16T22:58:45.187" activeThreads="4">
  <mem-info id="1005" free="0" total="12517376" percent="0">
    <mem type="nursery" free="0" total="7602176" percent="0">
      <mem type="allocate" free="0" total="5308416" percent="0" />
      <mem type="survivor" free="0" total="2293760" percent="0" />
    </mem>
    <mem type="tenure" free="0" total="4915200" percent="0" macro-fragmented="0">
      <mem type="soa" free="0" total="4915200" percent="0" />
      <mem type="loa" free="0" total="0" percent="0" />
    </mem>
    <remembered-set count="520" />
  </mem-info>
</gc-end>
<cycle-end id="1006" type="scavenge" contextid="1000" timestamp="2019-06-16T22:58:45.187" />
  <attribute name="elasticGC enabled" value="1" />
  <attribute name= "numThreadsSpecified" value="4" />
  <attribute name="heapSize specified" value="12713984" />
  <attribute name="Current GC Util" value="791" />
  <attribute name= "Current Time Running" value="16757" />
  <attribute name ="GC Interval" value="2824" />
  <attribute name="ProportionalT" value="385.500000" />
  <attribute name="ProportionalI" value="385.500000" />
  <attribute name="ProportionalH" value="385.500000" />
  <attribute name="Current Error" value="771.000000" />
  <attribute name="IntegralT" value="2313.000000" />
  <attribute name="IntegralI" value="2313.000000" />
  <attribute name="IntegralH" value="2313.000000" />
  <attribute name="DerivativeT" value="118.500000" />
  <attribute name="DerivativeI" value="118.500000" />
  <attribute name="DerivativeH" value="118.500000" />
  <attribute name="Loop Time for DT" value="6.000000" />
  <attribute name="Output H" value="8388608"/>
  <attribute name="Output I" value="2824"/>
  <attribute name="Output T" value="4"/>
  <attribute name="Target GC Util Change" value ="20.000000" />
  <attribute name="Current GC Util Change" value="791.000000"/>
  <attribute name="GC Util currently" value="791" />
  <attribute name="CPU Util currently" value="777607363279" />
<percolate-collect id="1007" from="nursery" to="global" reason="failed tenure threshold reached" timestamp="2019-06-16T22:58:45.187"/>
<concurrent-aborted id="1008" timestamp="2019-06-16T22:58:45.188">
  <reason value="insufficient progress made" />
</concurrent-aborted>
<cycle-end id="1009" type="global" contextid="996" timestamp="2019-06-16T22:58:45.188" />
  <attribute name="elasticGC enabled" value="1" />
  <attribute name= "numThreadsSpecified" value="4" />
  <attribute name="heapSize specified" value="12713984" />
  <attribute name="Current GC Util" value="791" />
  <attribute name= "Current Time Running" value="16757" />
  <attribute name ="GC Interval" value="2824" />
  <attribute name="ProportionalT" value="385.500000" />
  <attribute name="ProportionalI" value="385.500000" />
  <attribute name="ProportionalH" value="385.500000" />
  <attribute name="Current Error" value="771.000000" />
  <attribute name="IntegralT" value="2313.000000" />
  <attribute name="IntegralI" value="2313.000000" />
  <attribute name="IntegralH" value="2313.000000" />
  <attribute name="DerivativeT" value="118.500000" />
  <attribute name="DerivativeI" value="118.500000" />
  <attribute name="DerivativeH" value="118.500000" />
  <attribute name="Loop Time for DT" value="6.000000" />
  <attribute name="Output H" value="8388608"/>
  <attribute name="Output I" value="2824"/>
  <attribute name="Output T" value="4"/>
  <attribute name="Target GC Util Change" value ="20.000000" />
  <attribute name="Current GC Util Change" value="791.000000"/>
  <attribute name="GC Util currently" value="791" />
  <attribute name="CPU Util currently" value="777607363279" />
<cycle-start id="1010" type="global" contextid="0" timestamp="2019-06-16T22:58:45.188" intervalms="8.745" />
<gc-start id="1011" type="global" contextid="1010" timestamp="2019-06-16T22:58:45.188">
  <mem-info id="1012" free="0" total="12517376" percent="0">
    <mem type="nursery" free="0" total="7602176" percent="0">
      <mem type="allocate" free="0" total="5308416" percent="0" />
      <mem type="survivor" free="0" total="2293760" percent="0" />
    </mem>
    <mem type="tenure" free="0" total="4915200" percent="0">
      <mem type="soa" free="0" total="4915200" percent="0" />
      <mem type="loa" free="0" total="0" percent="0" />
    </mem>
    <remembered-set count="520" />
  </mem-info>
</gc-start>
<allocation-stats totalBytes="0" >
  <allocated-bytes non-tlh="0" tlh="0" />
</allocation-stats>
<gc-op id="1013" type="mark" timems="3.708" contextid="1010" timestamp="2019-06-16T22:58:45.192">
  <trace-info objectcount="193893" scancount="174009" scanbytes="5951060" />
  <finalization candidates="58" enqueued="0" />
  <ownableSynchronizers candidates="8" cleared="0" />
  <references type="soft" candidates="92" cleared="0" enqueued="0" dynamicThreshold="0" maxThreshold="32" />
  <references type="weak" candidates="662" cleared="0" enqueued="0" />
  <references type="phantom" candidates="77" cleared="0" enqueued="0" />
  <stringconstants candidates="4941" cleared="0"  />
</gc-op>
<gc-op id="1014" type="classunload" timems="0.002" contextid="1010" timestamp="2019-06-16T22:58:45.192">
  <classunload-info classloadercandidates="10" classloadersunloaded="0" classesunloaded="0" anonymousclassesunloaded="0" quiescems="0.000" setupms="0.002" scanms="0.000" postms="0.000" />
</gc-op>
<gc-op id="1015" type="sweep" timems="0.278" contextid="1010" timestamp="2019-06-16T22:58:45.192" />
<mem-info id="1016" free="1229208" total="12517376" percent="9">
  <mem type="nursery" free="1168416" total="7602176" percent="15">
    <mem type="allocate" free="1168416" total="5308416" percent="22" />
    <mem type="survivor" free="0" total="2293760" percent="0" />
  </mem>
  <mem type="tenure" free="60792" total="4915200" percent="1" micro-fragmented="0" macro-fragmented="56347">
    <mem type="soa" free="60792" total="4915200" percent="1" />
    <mem type="loa" free="0" total="0" percent="0" />
  </mem>
  <remembered-set count="520" />
</mem-info>
<gc-op id="1017" type="compact" timems="9.262" contextid="1010" timestamp="2019-06-16T22:58:45.202">
  <compact-info movecount="36366" movebytes="1424408" reason="compact to aid heap contraction" />
</gc-op>
<gc-end id="1018" type="global" contextid="1010" durationms="13.901" usertimems="24.000" systemtimems="0.000" timestamp="2019-06-16T22:58:45.202" activeThreads="4">
  <mem-info id="1019" free="1745656" total="12517376" percent="13">
    <mem type="nursery" free="1684864" total="7602176" percent="22">
      <mem type="allocate" free="1684864" total="5308416" percent="31" />
      <mem type="survivor" free="0" total="2293760" percent="0" />
    </mem>
    <mem type="tenure" free="60792" total="4915200" percent="1">
      <mem type="soa" free="60792" total="4915200" percent="1" />
      <mem type="loa" free="0" total="0" percent="0" />
    </mem>
    <remembered-set count="520" />
  </mem-info>
</gc-end>
<cycle-end id="1020" type="global" contextid="1010" timestamp="2019-06-16T22:58:45.202" />
  <attribute name="elasticGC enabled" value="1" />
  <attribute name= "numThreadsSpecified" value="4" />
  <attribute name="heapSize specified" value="12517376" />
  <attribute name="Current GC Util" value="59" />
  <attribute name= "Current Time Running" value="16778" />
  <attribute name ="GC Interval" value="2824" />
  <attribute name="ProportionalT" value="19.500000" />
  <attribute name="ProportionalI" value="19.500000" />
  <attribute name="ProportionalH" value="19.500000" />
  <attribute name="Current Error" value="39.000000" />
  <attribute name="IntegralT" value="175.500000" />
  <attribute name="IntegralI" value="175.500000" />
  <attribute name="IntegralH" value="175.500000" />
  <attribute name="DerivativeT" value="1.222222" />
  <attribute name="DerivativeI" value="1.222222" />
  <attribute name="DerivativeH" value="1.222222" />
  <attribute name="Loop Time for DT" value="9.000000" />
  <attribute name="Output H" value="8388608"/>
  <attribute name="Output I" value="200"/>
  <attribute name="Output T" value="4"/>
  <attribute name="Target GC Util Change" value ="20.000000" />
  <attribute name="Current GC Util Change" value="59.000000"/>
  <attribute name="GC Util currently" value="59" />
  <attribute name="CPU Util currently" value="492188746981" />
<allocation-satisfied id="1021" threadId="0000000000D3BC00" bytesRequested="16" />
<af-end id="1022" timestamp="2019-06-16T22:58:45.202" threadId="0000000000D3C588" success="true" from="nursery"/>
<exclusive-end id="1023" timestamp="2019-06-16T22:58:45.202" durationms="22.848" />

<concurrent-kickoff id="1024" timestamp="2019-06-16T22:58:45.204">
  <kickoff reason="threshold reached" targetBytes="1466239" thresholdFreeBytes="204657"  remainingFree="165232" tenureFreeBytes="60792" nurseryFreeBytes="165232" />
</concurrent-kickoff>
<exclusive-start id="1025" timestamp="2019-06-16T22:58:45.204" intervalms="24.905">
  <response-info timems="0.036" idlems="0.036" threads="0" lastid="0000000000D43400" lastname="PmdThread 3" />
</exclusive-start>
<cycle-start id="1026" type="global" contextid="0" timestamp="2019-06-16T22:58:45.205" intervalms="16.726" />
<exclusive-end id="1027" timestamp="2019-06-16T22:58:45.205" durationms="0.209" />

<exclusive-start id="1028" timestamp="2019-06-16T22:58:45.205" intervalms="0.910">
  <response-info timems="0.029" idlems="0.029" threads="0" lastid="0000000000D47000" lastname="PmdThread 4" />
</exclusive-start>
<af-start id="1029" threadId="0000000000D47988" totalBytesRequested="16" timestamp="2019-06-16T22:58:45.205" intervalms="25.781" type="nursery" />
<cycle-start id="1030" type="scavenge" contextid="0" timestamp="2019-06-16T22:58:45.206" intervalms="25.793" />
<gc-start id="1031" type="scavenge" contextid="1030" timestamp="2019-06-16T22:58:45.206">
  <mem-info id="1032" free="60792" total="12517376" percent="0">
    <mem type="nursery" free="0" total="7602176" percent="0">
      <mem type="allocate" free="0" total="5308416" percent="0" />
      <mem type="survivor" free="0" total="2293760" percent="0" />
    </mem>
    <mem type="tenure" free="60792" total="4915200" percent="1">
      <mem type="soa" free="60792" total="4915200" percent="1" />
      <mem type="loa" free="0" total="0" percent="0" />
    </mem>
    <remembered-set count="529" />
  </mem-info>
</gc-start>
<allocation-stats totalBytes="1683752" >
  <allocated-bytes non-tlh="16" tlh="1683736" />
  <largest-consumer threadName="PmdThread 1" threadId="0000000000D3BC00" bytes="819008" />
</allocation-stats>
<gc-op id="1033" type="scavenge" timems="6.882" contextid="1030" timestamp="2019-06-16T22:58:45.213">
  <scavenger-info tenureage="1" tenuremask="7ffe" tiltratio="69" />
  <memory-copied type="nursery" objects="55884" bytes="2217968" bytesdiscarded="69120" />
  <memory-copied type="tenure" objects="1241" bytes="57792" bytesdiscarded="64" />
  <copy-failed type="nursery" objects="1" bytes="64" />
  <copy-failed type="tenure" objects="53136" bytes="2109728" />
  <ownableSynchronizers candidates="16" cleared="0" />
  <warning details="aborted collection due to insufficient free space" />
</gc-op>
<gc-end id="1034" type="scavenge" contextid="1030" durationms="7.376" usertimems="8.000" systemtimems="0.000" timestamp="2019-06-16T22:58:45.213" activeThreads="4">
  <mem-info id="1035" free="0" total="12517376" percent="0">
    <mem type="nursery" free="0" total="7602176" percent="0">
      <mem type="allocate" free="0" total="5308416" percent="0" />
      <mem type="survivor" free="0" total="2293760" percent="0" />
    </mem>
    <mem type="tenure" free="0" total="4915200" percent="0" macro-fragmented="0">
      <mem type="soa" free="0" total="4915200" percent="0" />
      <mem type="loa" free="0" total="0" percent="0" />
    </mem>
    <remembered-set count="529" />
  </mem-info>
</gc-end>
<cycle-end id="1036" type="scavenge" contextid="1030" timestamp="2019-06-16T22:58:45.213" />
  <attribute name="elasticGC enabled" value="1" />
  <attribute name= "numThreadsSpecified" value="4" />
  <attribute name="heapSize specified" value="12517376" />
  <attribute name="Current GC Util" value="599" />
  <attribute name= "Current Time Running" value="16782" />
  <attribute name ="GC Interval" value="1584" />
  <attribute name="ProportionalT" value="289.500000" />
  <attribute name="ProportionalI" value="289.500000" />
  <attribute name="ProportionalH" value="289.500000" />
  <attribute name="Current Error" value="579.000000" />
  <attribute name="IntegralT" value="1158.000000" />
  <attribute name="IntegralI" value="1158.000000" />
  <attribute name="IntegralH" value="1158.000000" />
  <attribute name="DerivativeT" value="135.000000" />
  <attribute name="DerivativeI" value="135.000000" />
  <attribute name="DerivativeH" value="135.000000" />
  <attribute name="Loop Time for DT" value="4.000000" />
  <attribute name="Output H" value="8388608"/>
  <attribute name="Output I" value="1584"/>
  <attribute name="Output T" value="4"/>
  <attribute name="Target GC Util Change" value ="20.000000" />
  <attribute name="Current GC Util Change" value="599.000000"/>
  <attribute name="GC Util currently" value="599" />
  <attribute name="CPU Util currently" value="1119099244277" />
<percolate-collect id="1037" from="nursery" to="global" reason="failed tenure threshold reached" timestamp="2019-06-16T22:58:45.213"/>
<concurrent-aborted id="1038" timestamp="2019-06-16T22:58:45.213">
  <reason value="insufficient progress made" />
</concurrent-aborted>
<cycle-end id="1039" type="global" contextid="1026" timestamp="2019-06-16T22:58:45.213" />
  <attribute name="elasticGC enabled" value="1" />
  <attribute name= "numThreadsSpecified" value="4" />
  <attribute name="heapSize specified" value="12517376" />
  <attribute name="Current GC Util" value="599" />
  <attribute name= "Current Time Running" value="16782" />
  <attribute name ="GC Interval" value="1584" />
  <attribute name="ProportionalT" value="289.500000" />
  <attribute name="ProportionalI" value="289.500000" />
  <attribute name="ProportionalH" value="289.500000" />
  <attribute name="Current Error" value="579.000000" />
  <attribute name="IntegralT" value="1158.000000" />
  <attribute name="IntegralI" value="1158.000000" />
  <attribute name="IntegralH" value="1158.000000" />
  <attribute name="DerivativeT" value="135.000000" />
  <attribute name="DerivativeI" value="135.000000" />
  <attribute name="DerivativeH" value="135.000000" />
  <attribute name="Loop Time for DT" value="4.000000" />
  <attribute name="Output H" value="8388608"/>
  <attribute name="Output I" value="1584"/>
  <attribute name="Output T" value="4"/>
  <attribute name="Target GC Util Change" value ="20.000000" />
  <attribute name="Current GC Util Change" value="599.000000"/>
  <attribute name="GC Util currently" value="599" />
  <attribute name="CPU Util currently" value="1119099244277" />
<cycle-start id="1040" type="global" contextid="0" timestamp="2019-06-16T22:58:45.214" intervalms="8.997" />
<gc-start id="1041" type="global" contextid="1040" timestamp="2019-06-16T22:58:45.214">
  <mem-info id="1042" free="0" total="12517376" percent="0">
    <mem type="nursery" free="0" total="7602176" percent="0">
      <mem type="allocate" free="0" total="5308416" percent="0" />
      <mem type="survivor" free="0" total="2293760" percent="0" />
    </mem>
    <mem type="tenure" free="0" total="4915200" percent="0">
      <mem type="soa" free="0" total="4915200" percent="0" />
      <mem type="loa" free="0" total="0" percent="0" />
    </mem>
    <remembered-set count="529" />
  </mem-info>
</gc-start>
<allocation-stats totalBytes="0" >
  <allocated-bytes non-tlh="0" tlh="0" />
</allocation-stats>
<gc-op id="1043" type="mark" timems="5.361" contextid="1040" timestamp="2019-06-16T22:58:45.219">
  <trace-info objectcount="200296" scancount="179929" scanbytes="6166940" />
  <finalization candidates="58" enqueued="0" />
  <ownableSynchronizers candidates="8" cleared="0" />
  <references type="soft" candidates="95" cleared="4" enqueued="0" dynamicThreshold="0" maxThreshold="32" />
  <references type="weak" candidates="663" cleared="0" enqueued="0" />
  <references type="phantom" candidates="78" cleared="0" enqueued="0" />
  <stringconstants candidates="4941" cleared="0"  />
</gc-op>
<gc-op id="1044" type="classunload" timems="0.002" contextid="1040" timestamp="2019-06-16T22:58:45.219">
  <classunload-info classloadercandidates="10" classloadersunloaded="0" classesunloaded="0" anonymousclassesunloaded="0" quiescems="0.000" setupms="0.002" scanms="0.000" postms="0.000" />
</gc-op>
<gc-op id="1045" type="sweep" timems="0.264" contextid="1040" timestamp="2019-06-16T22:58:45.220" />
<mem-info id="1046" free="1210568" total="12517376" percent="9">
  <mem type="nursery" free="1149776" total="7602176" percent="15">
    <mem type="allocate" free="1149776" total="5308416" percent="21" />
    <mem type="survivor" free="0" total="2293760" percent="0" />
  </mem>
  <mem type="tenure" free="60792" total="4915200" percent="1" micro-fragmented="0" macro-fragmented="492">
    <mem type="soa" free="60792" total="4915200" percent="1" />
    <mem type="loa" free="0" total="0" percent="0" />
  </mem>
  <remembered-set count="528" />
</mem-info>
<gc-op id="1047" type="compact" timems="11.048" contextid="1040" timestamp="2019-06-16T22:58:45.231">
  <compact-info movecount="57926" movebytes="2492248" reason="compact to aid heap contraction" />
</gc-op>
<gc-end id="1048" type="global" contextid="1040" durationms="17.508" usertimems="28.000" systemtimems="4.000" timestamp="2019-06-16T22:58:45.231" activeThreads="4">
  <mem-info id="1049" free="1504472" total="12517376" percent="12">
    <mem type="nursery" free="1443632" total="7602176" percent="18">
      <mem type="allocate" free="1443632" total="5308416" percent="27" />
      <mem type="survivor" free="0" total="2293760" percent="0" />
    </mem>
    <mem type="tenure" free="60840" total="4915200" percent="1">
      <mem type="soa" free="60840" total="4915200" percent="1" />
      <mem type="loa" free="0" total="0" percent="0" />
    </mem>
    <remembered-set count="528" />
  </mem-info>
</gc-end>
<cycle-end id="1050" type="global" contextid="1040" timestamp="2019-06-16T22:58:45.231" />
  <attribute name="elasticGC enabled" value="1" />
  <attribute name= "numThreadsSpecified" value="4" />
  <attribute name="heapSize specified" value="12517376" />
  <attribute name="Current GC Util" value="151" />
  <attribute name= "Current Time Running" value="16808" />
  <attribute name ="GC Interval" value="1584" />
  <attribute name="ProportionalT" value="65.500000" />
  <attribute name="ProportionalI" value="65.500000" />
  <attribute name="ProportionalH" value="65.500000" />
  <attribute name="Current Error" value="131.000000" />
  <attribute name="IntegralT" value="786.000000" />
  <attribute name="IntegralI" value="786.000000" />
  <attribute name="IntegralH" value="786.000000" />
  <attribute name="DerivativeT" value="10.333333" />
  <attribute name="DerivativeI" value="10.333333" />
  <attribute name="DerivativeH" value="10.333333" />
  <attribute name="Loop Time for DT" value="12.000000" />
  <attribute name="Output H" value="8388608"/>
  <attribute name="Output I" value="864"/>
  <attribute name="Output T" value="4"/>
  <attribute name="Target GC Util Change" value ="20.000000" />
  <attribute name="Current GC Util Change" value="151.000000"/>
  <attribute name="GC Util currently" value="151" />
  <attribute name="CPU Util currently" value="412586314197" />
<allocation-satisfied id="1051" threadId="0000000000D47000" bytesRequested="16" />
<af-end id="1052" timestamp="2019-06-16T22:58:45.232" threadId="0000000000D47988" success="true" from="nursery"/>
<exclusive-end id="1053" timestamp="2019-06-16T22:58:45.232" durationms="26.278" />

<concurrent-kickoff id="1054" timestamp="2019-06-16T22:58:45.234">
  <kickoff reason="threshold reached" targetBytes="1466239" thresholdFreeBytes="204657"  remainingFree="169760" tenureFreeBytes="60840" nurseryFreeBytes="169760" />
</concurrent-kickoff>
<exclusive-start id="1055" timestamp="2019-06-16T22:58:45.234" intervalms="29.127">
  <response-info timems="0.051" idlems="0.051" threads="0" lastid="0000000000D47000" lastname="PmdThread 4" />
</exclusive-start>
<cycle-start id="1056" type="global" contextid="0" timestamp="2019-06-16T22:58:45.235" intervalms="20.977" />
<exclusive-end id="1057" timestamp="2019-06-16T22:58:45.235" durationms="0.123" />

<exclusive-start id="1058" timestamp="2019-06-16T22:58:45.236" intervalms="1.481">
  <response-info timems="0.028" idlems="0.028" threads="0" lastid="0000000000D47000" lastname="PmdThread 4" />
</exclusive-start>
<af-start id="1059" threadId="0000000000D47988" totalBytesRequested="16" timestamp="2019-06-16T22:58:45.236" intervalms="30.634" type="nursery" />
<cycle-start id="1060" type="scavenge" contextid="0" timestamp="2019-06-16T22:58:45.236" intervalms="30.569" />
<gc-start id="1061" type="scavenge" contextid="1060" timestamp="2019-06-16T22:58:45.236">
  <mem-info id="1062" free="60840" total="12517376" percent="0">
    <mem type="nursery" free="0" total="7602176" percent="0">
      <mem type="allocate" free="0" total="5308416" percent="0" />
      <mem type="survivor" free="0" total="2293760" percent="0" />
    </mem>
    <mem type="tenure" free="60840" total="4915200" percent="1">
      <mem type="soa" free="60840" total="4915200" percent="1" />
      <mem type="loa" free="0" total="0" percent="0" />
    </mem>
    <remembered-set count="543" />
  </mem-info>
</gc-start>
<allocation-stats totalBytes="1442544" >
  <allocated-bytes non-tlh="16" tlh="1442528" />
  <largest-consumer threadName="PmdThread 4" threadId="0000000000D47000" bytes="636528" />
</allocation-stats>
<gc-op id="1063" type="scavenge" timems="6.412" contextid="1060" timestamp="2019-06-16T22:58:45.243">
  <scavenger-info tenureage="1" tenuremask="7ffe" tiltratio="69" />
  <memory-copied type="nursery" objects="57446" bytes="2274688" bytesdiscarded="11720" />
  <memory-copied type="tenure" objects="1349" bytes="58152" bytesdiscarded="0" />
  <copy-failed type="nursery" objects="1" bytes="56" />
  <copy-failed type="tenure" objects="50768" bytes="2038320" />
  <ownableSynchronizers candidates="16" cleared="0" />
  <warning details="aborted collection due to insufficient free space" />
</gc-op>
<gc-end id="1064" type="scavenge" contextid="1060" durationms="6.821" usertimems="12.000" systemtimems="0.000" timestamp="2019-06-16T22:58:45.243" activeThreads="4">
  <mem-info id="1065" free="0" total="12517376" percent="0">
    <mem type="nursery" free="0" total="7602176" percent="0">
      <mem type="allocate" free="0" total="5308416" percent="0" />
      <mem type="survivor" free="0" total="2293760" percent="0" />
    </mem>
    <mem type="tenure" free="0" total="4915200" percent="0" macro-fragmented="0">
      <mem type="soa" free="0" total="4915200" percent="0" />
      <mem type="loa" free="0" total="0" percent="0" />
    </mem>
    <remembered-set count="543" />
  </mem-info>
</gc-end>
<cycle-end id="1066" type="scavenge" contextid="1060" timestamp="2019-06-16T22:58:45.243" />
  <attribute name="elasticGC enabled" value="1" />
  <attribute name= "numThreadsSpecified" value="4" />
  <attribute name="heapSize specified" value="12517376" />
  <attribute name="Current GC Util" value="133" />
  <attribute name= "Current Time Running" value="16813" />
  <attribute name ="GC Interval" value="336" />
  <attribute name="ProportionalT" value="56.500000" />
  <attribute name="ProportionalI" value="56.500000" />
  <attribute name="ProportionalH" value="56.500000" />
  <attribute name="Current Error" value="113.000000" />
  <attribute name="IntegralT" value="282.500000" />
  <attribute name="IntegralI" value="282.500000" />
  <attribute name="IntegralH" value="282.500000" />
  <attribute name="DerivativeT" value="-3.600000" />
  <attribute name="DerivativeI" value="-3.600000" />
  <attribute name="DerivativeH" value="-3.600000" />
  <attribute name="Loop Time for DT" value="5.000000" />
  <attribute name="Output H" value="8388608"/>
  <attribute name="Output I" value="336"/>
  <attribute name="Output T" value="4"/>
  <attribute name="Target GC Util Change" value ="20.000000" />
  <attribute name="Current GC Util Change" value="133.000000"/>
  <attribute name="GC Util currently" value="133" />
  <attribute name="CPU Util currently" value="877017330075" />
<percolate-collect id="1067" from="nursery" to="global" reason="failed tenure threshold reached" timestamp="2019-06-16T22:58:45.243"/>
<concurrent-aborted id="1068" timestamp="2019-06-16T22:58:45.243">
  <reason value="insufficient progress made" />
</concurrent-aborted>
<cycle-end id="1069" type="global" contextid="1056" timestamp="2019-06-16T22:58:45.243" />
  <attribute name="elasticGC enabled" value="1" />
  <attribute name= "numThreadsSpecified" value="4" />
  <attribute name="heapSize specified" value="12517376" />
  <attribute name="Current GC Util" value="133" />
  <attribute name= "Current Time Running" value="16813" />
  <attribute name ="GC Interval" value="336" />
  <attribute name="ProportionalT" value="56.500000" />
  <attribute name="ProportionalI" value="56.500000" />
  <attribute name="ProportionalH" value="56.500000" />
  <attribute name="Current Error" value="113.000000" />
  <attribute name="IntegralT" value="282.500000" />
  <attribute name="IntegralI" value="282.500000" />
  <attribute name="IntegralH" value="282.500000" />
  <attribute name="DerivativeT" value="-3.600000" />
  <attribute name="DerivativeI" value="-3.600000" />
  <attribute name="DerivativeH" value="-3.600000" />
  <attribute name="Loop Time for DT" value="5.000000" />
  <attribute name="Output H" value="8388608"/>
  <attribute name="Output I" value="336"/>
  <attribute name="Output T" value="4"/>
  <attribute name="Target GC Util Change" value ="20.000000" />
  <attribute name="Current GC Util Change" value="133.000000"/>
  <attribute name="GC Util currently" value="133" />
  <attribute name="CPU Util currently" value="877017330075" />
<cycle-start id="1070" type="global" contextid="0" timestamp="2019-06-16T22:58:45.243" intervalms="8.954" />
<gc-start id="1071" type="global" contextid="1070" timestamp="2019-06-16T22:58:45.244">
  <mem-info id="1072" free="0" total="12517376" percent="0">
    <mem type="nursery" free="0" total="7602176" percent="0">
      <mem type="allocate" free="0" total="5308416" percent="0" />
      <mem type="survivor" free="0" total="2293760" percent="0" />
    </mem>
    <mem type="tenure" free="0" total="4915200" percent="0">
      <mem type="soa" free="0" total="4915200" percent="0" />
      <mem type="loa" free="0" total="0" percent="0" />
    </mem>
    <remembered-set count="543" />
  </mem-info>
</gc-start>
<allocation-stats totalBytes="0" >
  <allocated-bytes non-tlh="0" tlh="0" />
</allocation-stats>
<gc-op id="1073" type="mark" timems="6.225" contextid="1070" timestamp="2019-06-16T22:58:45.250">
  <trace-info objectcount="191648" scancount="171542" scanbytes="5881044" />
  <finalization candidates="58" enqueued="0" />
  <ownableSynchronizers candidates="8" cleared="0" />
  <references type="soft" candidates="91" cleared="0" enqueued="0" dynamicThreshold="0" maxThreshold="32" />
  <references type="weak" candidates="679" cleared="17" enqueued="17" />
  <references type="phantom" candidates="79" cleared="1" enqueued="1" />
  <stringconstants candidates="4941" cleared="0"  />
</gc-op>
<gc-op id="1074" type="classunload" timems="0.002" contextid="1070" timestamp="2019-06-16T22:58:45.250">
  <classunload-info classloadercandidates="10" classloadersunloaded="0" classesunloaded="0" anonymousclassesunloaded="0" quiescems="0.000" setupms="0.001" scanms="0.001" postms="0.000" />
</gc-op>
<gc-op id="1075" type="sweep" timems="0.577" contextid="1070" timestamp="2019-06-16T22:58:45.251" />
<mem-info id="1076" free="1426760" total="12517376" percent="11">
  <mem type="nursery" free="658584" total="7602176" percent="8">
    <mem type="allocate" free="658584" total="5308416" percent="12" />
    <mem type="survivor" free="0" total="2293760" percent="0" />
  </mem>
  <mem type="tenure" free="768176" total="4915200" percent="15" micro-fragmented="38796" macro-fragmented="3657">
    <mem type="soa" free="768176" total="4915200" percent="15" />
    <mem type="loa" free="0" total="0" percent="0" />
  </mem>
  <pending-finalizers system="0" default="0" reference="18" classloader="0" />
  <remembered-set count="526" />
</mem-info>
<gc-op id="1077" type="compact" timems="22.382" contextid="1070" timestamp="2019-06-16T22:58:45.273">
  <compact-info movecount="96728" movebytes="4217952" reason="compact to aid heap contraction" />
</gc-op>
<heap-resize id="1078" type="contract" space="tenure" amount="720896" count="1" timems="0.125" reason="heap reconfiguration" timestamp="2019-06-16T22:58:45.273" />
<gc-end id="1079" type="global" contextid="1070" durationms="30.002" usertimems="40.000" systemtimems="8.000" timestamp="2019-06-16T22:58:45.274" activeThreads="4">
  <mem-info id="1080" free="1207344" total="11796480" percent="10">
    <mem type="nursery" free="1147408" total="7602176" percent="15">
      <mem type="allocate" free="1147408" total="5308416" percent="21" />
      <mem type="survivor" free="0" total="2293760" percent="0" />
    </mem>
    <mem type="tenure" free="59936" total="4194304" percent="1">
      <mem type="soa" free="59936" total="4194304" percent="1" />
      <mem type="loa" free="0" total="0" percent="0" />
    </mem>
    <pending-finalizers system="0" default="0" reference="18" classloader="0" />
    <remembered-set count="526" />
  </mem-info>
</gc-end>
<cycle-end id="1081" type="global" contextid="1070" timestamp="2019-06-16T22:58:45.274" />
  <attribute name="elasticGC enabled" value="1" />
  <attribute name= "numThreadsSpecified" value="4" />
  <attribute name="heapSize specified" value="12517376" />
  <attribute name="Current GC Util" value="156" />
  <attribute name= "Current Time Running" value="16850" />
  <attribute name ="GC Interval" value="336" />
  <attribute name="ProportionalT" value="68.000000" />
  <attribute name="ProportionalI" value="68.000000" />
  <attribute name="ProportionalH" value="68.000000" />
  <attribute name="Current Error" value="136.000000" />
  <attribute name="IntegralT" value="1564.000000" />
  <attribute name="IntegralI" value="1564.000000" />
  <attribute name="IntegralH" value="1564.000000" />
  <attribute name="DerivativeT" value="2.913043" />
  <attribute name="DerivativeI" value="2.913043" />
  <attribute name="DerivativeH" value="2.913043" />
  <attribute name="Loop Time for DT" value="23.000000" />
  <attribute name="Output H" value="8388608"/>
  <attribute name="Output I" value="1640"/>
  <attribute name="Output T" value="4"/>
  <attribute name="Target GC Util Change" value ="20.000000" />
  <attribute name="Current GC Util Change" value="156.000000"/>
  <attribute name="GC Util currently" value="156" />
  <attribute name="CPU Util currently" value="205249803689" />
<allocation-satisfied id="1082" threadId="0000000000D47000" bytesRequested="16" />
<af-end id="1083" timestamp="2019-06-16T22:58:45.274" threadId="0000000000D47988" success="true" from="nursery"/>
<exclusive-end id="1084" timestamp="2019-06-16T22:58:45.274" durationms="37.826" />

<concurrent-kickoff id="1085" timestamp="2019-06-16T22:58:45.277">
  <kickoff reason="threshold reached" targetBytes="1251190" thresholdFreeBytes="174939"  remainingFree="131528" tenureFreeBytes="59936" nurseryFreeBytes="131528" />
</concurrent-kickoff>
<exclusive-start id="1086" timestamp="2019-06-16T22:58:45.277" intervalms="40.872">
  <response-info timems="0.024" idlems="0.024" threads="0" lastid="0000000000D3BC00" lastname="PmdThread 1" />
</exclusive-start>
<cycle-start id="1087" type="global" contextid="0" timestamp="2019-06-16T22:58:45.277" intervalms="33.399" />
<exclusive-end id="1088" timestamp="2019-06-16T22:58:45.277" durationms="0.113" />

<exclusive-start id="1089" timestamp="2019-06-16T22:58:45.278" intervalms="0.811">
  <response-info timems="0.038" idlems="0.038" threads="0" lastid="0000000000D47000" lastname="PmdThread 4" />
</exclusive-start>
<af-start id="1090" threadId="0000000000D47988" totalBytesRequested="56" timestamp="2019-06-16T22:58:45.278" intervalms="41.654" type="nursery" />
<cycle-start id="1091" type="scavenge" contextid="0" timestamp="2019-06-16T22:58:45.278" intervalms="41.674" />
<gc-start id="1092" type="scavenge" contextid="1091" timestamp="2019-06-16T22:58:45.278">
  <mem-info id="1093" free="59936" total="11796480" percent="0">
    <mem type="nursery" free="0" total="7602176" percent="0">
      <mem type="allocate" free="0" total="5308416" percent="0" />
      <mem type="survivor" free="0" total="2293760" percent="0" />
    </mem>
    <mem type="tenure" free="59936" total="4194304" percent="1">
      <mem type="soa" free="59936" total="4194304" percent="1" />
      <mem type="loa" free="0" total="0" percent="0" />
    </mem>
    <remembered-set count="688" />
  </mem-info>
</gc-start>
<allocation-stats totalBytes="1146896" >
  <allocated-bytes non-tlh="90184" tlh="1056712" />
  <largest-consumer threadName="PmdThread 4" threadId="0000000000D47000" bytes="659104" />
</allocation-stats>
<gc-op id="1094" type="scavenge" timems="6.058" contextid="1091" timestamp="2019-06-16T22:58:45.284">
  <scavenger-info tenureage="1" tenuremask="7ffe" tiltratio="69" />
  <memory-copied type="nursery" objects="55414" bytes="2242856" bytesdiscarded="50800" />
  <memory-copied type="tenure" objects="1332" bytes="59824" bytesdiscarded="8" />
  <copy-failed type="nursery" objects="1" bytes="56" />
  <copy-failed type="tenure" objects="43495" bytes="1631464" />
  <ownableSynchronizers candidates="16" cleared="0" />
  <warning details="aborted collection due to insufficient free space" />
</gc-op>
<gc-end id="1095" type="scavenge" contextid="1091" durationms="6.295" usertimems="8.000" systemtimems="0.000" timestamp="2019-06-16T22:58:45.284" activeThreads="4">
  <mem-info id="1096" free="0" total="11796480" percent="0">
    <mem type="nursery" free="0" total="7602176" percent="0">
      <mem type="allocate" free="0" total="5308416" percent="0" />
      <mem type="survivor" free="0" total="2293760" percent="0" />
    </mem>
    <mem type="tenure" free="0" total="4194304" percent="0" macro-fragmented="0">
      <mem type="soa" free="0" total="4194304" percent="0" />
      <mem type="loa" free="0" total="0" percent="0" />
    </mem>
    <remembered-set count="688" />
  </mem-info>
</gc-end>
<cycle-end id="1097" type="scavenge" contextid="1091" timestamp="2019-06-16T22:58:45.284" />
  <attribute name="elasticGC enabled" value="1" />
  <attribute name= "numThreadsSpecified" value="4" />
  <attribute name="heapSize specified" value="12517376" />
  <attribute name="Current GC Util" value="199" />
  <attribute name= "Current Time Running" value="16854" />
  <attribute name ="GC Interval" value="464" />
  <attribute name="ProportionalT" value="89.500000" />
  <attribute name="ProportionalI" value="89.500000" />
  <attribute name="ProportionalH" value="89.500000" />
  <attribute name="Current Error" value="179.000000" />
  <attribute name="IntegralT" value="358.000000" />
  <attribute name="IntegralI" value="358.000000" />
  <attribute name="IntegralH" value="358.000000" />
  <attribute name="DerivativeT" value="10.750000" />
  <attribute name="DerivativeI" value="10.750000" />
  <attribute name="DerivativeH" value="10.750000" />
  <attribute name="Loop Time for DT" value="4.000000" />
  <attribute name="Output H" value="8388608"/>
  <attribute name="Output I" value="464"/>
  <attribute name="Output T" value="4"/>
  <attribute name="Target GC Util Change" value ="20.000000" />
  <attribute name="Current GC Util Change" value="199.000000"/>
  <attribute name="GC Util currently" value="199" />
  <attribute name="CPU Util currently" value="971399684029" />
<percolate-collect id="1098" from="nursery" to="global" reason="failed tenure threshold reached" timestamp="2019-06-16T22:58:45.284"/>
<concurrent-aborted id="1099" timestamp="2019-06-16T22:58:45.285">
  <reason value="insufficient progress made" />
</concurrent-aborted>
<cycle-end id="1100" type="global" contextid="1087" timestamp="2019-06-16T22:58:45.285" />
  <attribute name="elasticGC enabled" value="1" />
  <attribute name= "numThreadsSpecified" value="4" />
  <attribute name="heapSize specified" value="12517376" />
  <attribute name="Current GC Util" value="199" />
  <attribute name= "Current Time Running" value="16854" />
  <attribute name ="GC Interval" value="464" />
  <attribute name="ProportionalT" value="89.500000" />
  <attribute name="ProportionalI" value="89.500000" />
  <attribute name="ProportionalH" value="89.500000" />
  <attribute name="Current Error" value="179.000000" />
  <attribute name="IntegralT" value="358.000000" />
  <attribute name="IntegralI" value="358.000000" />
  <attribute name="IntegralH" value="358.000000" />
  <attribute name="DerivativeT" value="10.750000" />
  <attribute name="DerivativeI" value="10.750000" />
  <attribute name="DerivativeH" value="10.750000" />
  <attribute name="Loop Time for DT" value="4.000000" />
  <attribute name="Output H" value="8388608"/>
  <attribute name="Output I" value="464"/>
  <attribute name="Output T" value="4"/>
  <attribute name="Target GC Util Change" value ="20.000000" />
  <attribute name="Current GC Util Change" value="199.000000"/>
  <attribute name="GC Util currently" value="199" />
  <attribute name="CPU Util currently" value="971399684029" />
<cycle-start id="1101" type="global" contextid="0" timestamp="2019-06-16T22:58:45.285" intervalms="7.903" />
<gc-start id="1102" type="global" contextid="1101" timestamp="2019-06-16T22:58:45.285">
  <mem-info id="1103" free="0" total="11796480" percent="0">
    <mem type="nursery" free="0" total="7602176" percent="0">
      <mem type="allocate" free="0" total="5308416" percent="0" />
      <mem type="survivor" free="0" total="2293760" percent="0" />
    </mem>
    <mem type="tenure" free="0" total="4194304" percent="0">
      <mem type="soa" free="0" total="4194304" percent="0" />
      <mem type="loa" free="0" total="0" percent="0" />
    </mem>
    <remembered-set count="688" />
  </mem-info>
</gc-start>
<allocation-stats totalBytes="0" >
  <allocated-bytes non-tlh="0" tlh="0" />
</allocation-stats>
<gc-op id="1104" type="mark" timems="6.502" contextid="1101" timestamp="2019-06-16T22:58:45.291">
  <trace-info objectcount="187977" scancount="167551" scanbytes="5733508" />
  <finalization candidates="58" enqueued="0" />
  <ownableSynchronizers candidates="8" cleared="0" />
  <references type="soft" candidates="96" cleared="5" enqueued="0" dynamicThreshold="0" maxThreshold="32" />
  <references type="weak" candidates="668" cleared="6" enqueued="6" />
  <references type="phantom" candidates="79" cleared="2" enqueued="2" />
  <stringconstants candidates="4941" cleared="0"  />
</gc-op>
<gc-op id="1105" type="classunload" timems="0.002" contextid="1101" timestamp="2019-06-16T22:58:45.292">
  <classunload-info classloadercandidates="10" classloadersunloaded="0" classesunloaded="0" anonymousclassesunloaded="0" quiescems="0.000" setupms="0.002" scanms="0.000" postms="0.000" />
</gc-op>
<gc-op id="1106" type="sweep" timems="0.731" contextid="1101" timestamp="2019-06-16T22:58:45.292" />
<mem-info id="1107" free="930200" total="11796480" percent="7">
  <mem type="nursery" free="861200" total="7602176" percent="11">
    <mem type="allocate" free="861200" total="5308416" percent="16" />
    <mem type="survivor" free="0" total="2293760" percent="0" />
  </mem>
  <mem type="tenure" free="69000" total="4194304" percent="1" micro-fragmented="0" macro-fragmented="56347">
    <mem type="soa" free="69000" total="4194304" percent="1" />
    <mem type="loa" free="0" total="0" percent="0" />
  </mem>
  <pending-finalizers system="0" default="0" reference="8" classloader="0" />
  <remembered-set count="685" />
</mem-info>
<gc-op id="1108" type="compact" timems="24.876" contextid="1101" timestamp="2019-06-16T22:58:45.318">
  <compact-info movecount="167676" movebytes="6987992" reason="compact to aid heap contraction" />
</gc-op>
<heap-resize id="1109" type="contract" space="tenure" amount="65536" count="1" timems="0.085" reason="heap reconfiguration" timestamp="2019-06-16T22:58:45.318" />
<gc-end id="1110" type="global" contextid="1101" durationms="33.290" usertimems="56.000" systemtimems="0.000" timestamp="2019-06-16T22:58:45.318" activeThreads="4">
  <mem-info id="1111" free="1163680" total="11730944" percent="9">
    <mem type="nursery" free="1159656" total="7602176" percent="15">
      <mem type="allocate" free="1159656" total="5308416" percent="21" />
      <mem type="survivor" free="0" total="2293760" percent="0" />
    </mem>
    <mem type="tenure" free="4024" total="4128768" percent="0">
      <mem type="soa" free="4024" total="4128768" percent="0" />
      <mem type="loa" free="0" total="0" percent="0" />
    </mem>
    <pending-finalizers system="0" default="0" reference="8" classloader="0" />
    <remembered-set count="685" />
  </mem-info>
</gc-end>
<cycle-end id="1112" type="global" contextid="1101" timestamp="2019-06-16T22:58:45.318" />
  <attribute name="elasticGC enabled" value="1" />
  <attribute name= "numThreadsSpecified" value="4" />
  <attribute name="heapSize specified" value="11796480" />
  <attribute name="Current GC Util" value="156" />
  <attribute name= "Current Time Running" value="16894" />
  <attribute name ="GC Interval" value="464" />
  <attribute name="ProportionalT" value="68.000000" />
  <attribute name="ProportionalI" value="68.000000" />
  <attribute name="ProportionalH" value="68.000000" />
  <attribute name="Current Error" value="136.000000" />
  <attribute name="IntegralT" value="1700.000000" />
  <attribute name="IntegralI" value="1700.000000" />
  <attribute name="IntegralH" value="1700.000000" />
  <attribute name="DerivativeT" value="1.800000" />
  <attribute name="DerivativeI" value="1.800000" />
  <attribute name="DerivativeH" value="1.800000" />
  <attribute name="Loop Time for DT" value="25.000000" />
  <attribute name="Output H" value="8388608"/>
  <attribute name="Output I" value="1776"/>
  <attribute name="Output T" value="4"/>
  <attribute name="Target GC Util Change" value ="20.000000" />
  <attribute name="Current GC Util Change" value="156.000000"/>
  <attribute name="GC Util currently" value="156" />
  <attribute name="CPU Util currently" value="184305420790" />
<allocation-satisfied id="1113" threadId="0000000000D47000" bytesRequested="56" />
<af-end id="1114" timestamp="2019-06-16T22:58:45.319" threadId="0000000000D47988" success="true" from="nursery"/>
<exclusive-end id="1115" timestamp="2019-06-16T22:58:45.319" durationms="41.017" />

<concurrent-kickoff id="1116" timestamp="2019-06-16T22:58:45.322">
  <kickoff reason="threshold reached" targetBytes="1231641" thresholdFreeBytes="172239"  remainingFree="106912" tenureFreeBytes="4024" nurseryFreeBytes="106912" />
</concurrent-kickoff>
<exclusive-start id="1117" timestamp="2019-06-16T22:58:45.322" intervalms="44.141">
  <response-info timems="0.055" idlems="0.030" threads="1" lastid="0000000000D47000" lastname="PmdThread 4" />
</exclusive-start>
<cycle-start id="1118" type="global" contextid="0" timestamp="2019-06-16T22:58:45.322" intervalms="37.074" />
<exclusive-end id="1119" timestamp="2019-06-16T22:58:45.322" durationms="0.173" />

<exclusive-start id="1120" timestamp="2019-06-16T22:58:45.322" intervalms="0.572">
  <response-info timems="0.029" idlems="0.029" threads="0" lastid="0000000000D43400" lastname="PmdThread 3" />
</exclusive-start>
<af-start id="1121" threadId="0000000000D43D88" totalBytesRequested="72" timestamp="2019-06-16T22:58:45.322" intervalms="44.743" type="nursery" />
<cycle-start id="1122" type="scavenge" contextid="0" timestamp="2019-06-16T22:58:45.323" intervalms="44.777" />
<gc-start id="1123" type="scavenge" contextid="1122" timestamp="2019-06-16T22:58:45.323">
  <mem-info id="1124" free="4024" total="11730944" percent="0">
    <mem type="nursery" free="0" total="7602176" percent="0">
      <mem type="allocate" free="0" total="5308416" percent="0" />
      <mem type="survivor" free="0" total="2293760" percent="0" />
    </mem>
    <mem type="tenure" free="4024" total="4128768" percent="0">
      <mem type="soa" free="4024" total="4128768" percent="0" />
      <mem type="loa" free="0" total="0" percent="0" />
    </mem>
    <remembered-set count="945" />
  </mem-info>
</gc-start>
<allocation-stats totalBytes="1158720" >
  <allocated-bytes non-tlh="32840" tlh="1125880" />
  <largest-consumer threadName="PmdThread 4" threadId="0000000000D47000" bytes="516000" />
</allocation-stats>
<gc-op id="1125" type="scavenge" timems="6.326" contextid="1122" timestamp="2019-06-16T22:58:45.329">
  <scavenger-info tenureage="1" tenuremask="7ffe" tiltratio="69" />
  <memory-copied type="nursery" objects="50070" bytes="2170456" bytesdiscarded="123216" />
  <memory-copied type="tenure" objects="33" bytes="4008" bytesdiscarded="8" />
  <copy-failed type="nursery" objects="1" bytes="16" />
  <copy-failed type="tenure" objects="44766" bytes="1914744" />
  <ownableSynchronizers candidates="16" cleared="0" />
  <warning details="aborted collection due to insufficient free space" />
</gc-op>
<gc-end id="1126" type="scavenge" contextid="1122" durationms="6.523" usertimems="8.000" systemtimems="0.000" timestamp="2019-06-16T22:58:45.329" activeThreads="4">
  <mem-info id="1127" free="0" total="11730944" percent="0">
    <mem type="nursery" free="0" total="7602176" percent="0">
      <mem type="allocate" free="0" total="5308416" percent="0" />
      <mem type="survivor" free="0" total="2293760" percent="0" />
    </mem>
    <mem type="tenure" free="0" total="4128768" percent="0" macro-fragmented="0">
      <mem type="soa" free="0" total="4128768" percent="0" />
      <mem type="loa" free="0" total="0" percent="0" />
    </mem>
    <remembered-set count="945" />
  </mem-info>
</gc-end>
<cycle-end id="1128" type="scavenge" contextid="1122" timestamp="2019-06-16T22:58:45.329" />
  <attribute name="elasticGC enabled" value="1" />
  <attribute name= "numThreadsSpecified" value="4" />
  <attribute name="heapSize specified" value="11796480" />
  <attribute name="Current GC Util" value="261" />
  <attribute name= "Current Time Running" value="16899" />
  <attribute name ="GC Interval" value="744" />
  <attribute name="ProportionalT" value="120.500000" />
  <attribute name="ProportionalI" value="120.500000" />
  <attribute name="ProportionalH" value="120.500000" />
  <attribute name="Current Error" value="241.000000" />
  <attribute name="IntegralT" value="602.500000" />
  <attribute name="IntegralI" value="602.500000" />
  <attribute name="IntegralH" value="602.500000" />
  <attribute name="DerivativeT" value="21.000000" />
  <attribute name="DerivativeI" value="21.000000" />
  <attribute name="DerivativeH" value="21.000000" />
  <attribute name="Loop Time for DT" value="5.000000" />
  <attribute name="Output H" value="8388608"/>
  <attribute name="Output I" value="744"/>
  <attribute name="Output T" value="4"/>
  <attribute name="Target GC Util Change" value ="20.000000" />
  <attribute name="Current GC Util Change" value="261.000000"/>
  <attribute name="GC Util currently" value="261" />
  <attribute name="CPU Util currently" value="918083900738" />
<percolate-collect id="1129" from="nursery" to="global" reason="failed tenure threshold reached" timestamp="2019-06-16T22:58:45.329"/>
<concurrent-aborted id="1130" timestamp="2019-06-16T22:58:45.329">
  <reason value="insufficient progress made" />
</concurrent-aborted>
<cycle-end id="1131" type="global" contextid="1118" timestamp="2019-06-16T22:58:45.329" />
  <attribute name="elasticGC enabled" value="1" />
  <attribute name= "numThreadsSpecified" value="4" />
  <attribute name="heapSize specified" value="11796480" />
  <attribute name="Current GC Util" value="261" />
  <attribute name= "Current Time Running" value="16899" />
  <attribute name ="GC Interval" value="744" />
  <attribute name="ProportionalT" value="120.500000" />
  <attribute name="ProportionalI" value="120.500000" />
  <attribute name="ProportionalH" value="120.500000" />
  <attribute name="Current Error" value="241.000000" />
  <attribute name="IntegralT" value="602.500000" />
  <attribute name="IntegralI" value="602.500000" />
  <attribute name="IntegralH" value="602.500000" />
  <attribute name="DerivativeT" value="21.000000" />
  <attribute name="DerivativeI" value="21.000000" />
  <attribute name="DerivativeH" value="21.000000" />
  <attribute name="Loop Time for DT" value="5.000000" />
  <attribute name="Output H" value="8388608"/>
  <attribute name="Output I" value="744"/>
  <attribute name="Output T" value="4"/>
  <attribute name="Target GC Util Change" value ="20.000000" />
  <attribute name="Current GC Util Change" value="261.000000"/>
  <attribute name="GC Util currently" value="261" />
  <attribute name="CPU Util currently" value="918083900738" />
<cycle-start id="1132" type="global" contextid="0" timestamp="2019-06-16T22:58:45.329" intervalms="7.560" />
<gc-start id="1133" type="global" contextid="1132" timestamp="2019-06-16T22:58:45.329">
  <mem-info id="1134" free="0" total="11730944" percent="0">
    <mem type="nursery" free="0" total="7602176" percent="0">
      <mem type="allocate" free="0" total="5308416" percent="0" />
      <mem type="survivor" free="0" total="2293760" percent="0" />
    </mem>
    <mem type="tenure" free="0" total="4128768" percent="0">
      <mem type="soa" free="0" total="4128768" percent="0" />
      <mem type="loa" free="0" total="0" percent="0" />
    </mem>
    <remembered-set count="945" />
  </mem-info>
</gc-start>
<allocation-stats totalBytes="0" >
  <allocated-bytes non-tlh="0" tlh="0" />
</allocation-stats>
<gc-op id="1135" type="mark" timems="9.211" contextid="1132" timestamp="2019-06-16T22:58:45.339">
  <trace-info objectcount="193107" scancount="172535" scanbytes="5908756" />
  <finalization candidates="58" enqueued="0" />
  <ownableSynchronizers candidates="8" cleared="0" />
  <references type="soft" candidates="91" cleared="0" enqueued="0" dynamicThreshold="0" maxThreshold="32" />
  <references type="weak" candidates="666" cleared="4" enqueued="4" />
  <references type="phantom" candidates="78" cleared="0" enqueued="0" />
  <stringconstants candidates="4941" cleared="0"  />
</gc-op>
<gc-op id="1136" type="classunload" timems="0.002" contextid="1132" timestamp="2019-06-16T22:58:45.339">
  <classunload-info classloadercandidates="10" classloadersunloaded="0" classesunloaded="0" anonymousclassesunloaded="0" quiescems="0.000" setupms="0.001" scanms="0.001" postms="0.000" />
</gc-op>
<gc-op id="1137" type="sweep" timems="0.847" contextid="1132" timestamp="2019-06-16T22:58:45.340" />
<mem-info id="1138" free="594448" total="11730944" percent="5">
  <mem type="nursery" free="590424" total="7602176" percent="7">
    <mem type="allocate" free="590424" total="5308416" percent="11" />
    <mem type="survivor" free="0" total="2293760" percent="0" />
  </mem>
  <mem type="tenure" free="4024" total="4128768" percent="0" micro-fragmented="9244" macro-fragmented="1469">
    <mem type="soa" free="4024" total="4128768" percent="0" />
    <mem type="loa" free="0" total="0" percent="0" />
  </mem>
  <pending-finalizers system="0" default="0" reference="4" classloader="0" />
  <remembered-set count="944" />
</mem-info>
<gc-op id="1139" type="compact" timems="25.805" contextid="1132" timestamp="2019-06-16T22:58:45.366">
  <compact-info movecount="167257" movebytes="7028272" reason="compact to aid heap contraction" />
</gc-op>
<gc-end id="1140" type="global" contextid="1132" durationms="36.437" usertimems="52.000" systemtimems="4.000" timestamp="2019-06-16T22:58:45.366" activeThreads="4">
  <mem-info id="1141" free="912384" total="11730944" percent="7">
    <mem type="nursery" free="898800" total="7602176" percent="11">
      <mem type="allocate" free="898800" total="5308416" percent="16" />
      <mem type="survivor" free="0" total="2293760" percent="0" />
    </mem>
    <mem type="tenure" free="13584" total="4128768" percent="0">
      <mem type="soa" free="13584" total="4128768" percent="0" />
      <mem type="loa" free="0" total="0" percent="0" />
    </mem>
    <pending-finalizers system="0" default="0" reference="4" classloader="0" />
    <remembered-set count="944" />
  </mem-info>
</gc-end>
<cycle-end id="1142" type="global" contextid="1132" timestamp="2019-06-16T22:58:45.366" />
  <attribute name="elasticGC enabled" value="1" />
  <attribute name= "numThreadsSpecified" value="4" />
  <attribute name="heapSize specified" value="11730944" />
  <attribute name="Current GC Util" value="139" />
  <attribute name= "Current Time Running" value="16942" />
  <attribute name ="GC Interval" value="744" />
  <attribute name="ProportionalT" value="59.500000" />
  <attribute name="ProportionalI" value="59.500000" />
  <attribute name="ProportionalH" value="59.500000" />
  <attribute name="Current Error" value="119.000000" />
  <attribute name="IntegralT" value="1547.000000" />
  <attribute name="IntegralI" value="1547.000000" />
  <attribute name="IntegralH" value="1547.000000" />
  <attribute name="DerivativeT" value="1.384615" />
  <attribute name="DerivativeI" value="1.384615" />
  <attribute name="DerivativeH" value="1.384615" />
  <attribute name="Loop Time for DT" value="26.000000" />
  <attribute name="Output H" value="8388608"/>
  <attribute name="Output I" value="1608"/>
  <attribute name="Output T" value="4"/>
  <attribute name="Target GC Util Change" value ="20.000000" />
  <attribute name="Current GC Util Change" value="139.000000"/>
  <attribute name="GC Util currently" value="139" />
  <attribute name="CPU Util currently" value="177874033714" />
<allocation-satisfied id="1143" threadId="0000000000D43400" bytesRequested="72" />
<af-end id="1144" timestamp="2019-06-16T22:58:45.366" threadId="0000000000D43D88" success="true" from="nursery"/>
<exclusive-end id="1145" timestamp="2019-06-16T22:58:45.366" durationms="43.913" />

<concurrent-kickoff id="1146" timestamp="2019-06-16T22:58:45.368">
  <kickoff reason="threshold reached" targetBytes="1231641" thresholdFreeBytes="172239"  remainingFree="161448" tenureFreeBytes="13584" nurseryFreeBytes="161448" />
</concurrent-kickoff>
<exclusive-start id="1147" timestamp="2019-06-16T22:58:45.368" intervalms="45.552">
  <response-info timems="0.042" idlems="0.042" threads="0" lastid="0000000000D43400" lastname="PmdThread 3" />
</exclusive-start>
<cycle-start id="1148" type="global" contextid="0" timestamp="2019-06-16T22:58:45.368" intervalms="38.561" />
<exclusive-end id="1149" timestamp="2019-06-16T22:58:45.368" durationms="0.127" />

<exclusive-start id="1150" timestamp="2019-06-16T22:58:45.368" intervalms="0.621">
  <response-info timems="0.110" idlems="0.064" threads="1" lastid="0000000000D3F800" lastname="PmdThread 2" />
</exclusive-start>
<af-start id="1151" threadId="0000000000D43D88" totalBytesRequested="48" timestamp="2019-06-16T22:58:45.369" intervalms="46.121" type="nursery" />
<cycle-start id="1152" type="scavenge" contextid="0" timestamp="2019-06-16T22:58:45.369" intervalms="46.120" />
<gc-start id="1153" type="scavenge" contextid="1152" timestamp="2019-06-16T22:58:45.369">
  <mem-info id="1154" free="13584" total="11730944" percent="0">
    <mem type="nursery" free="0" total="7602176" percent="0">
      <mem type="allocate" free="0" total="5308416" percent="0" />
      <mem type="survivor" free="0" total="2293760" percent="0" />
    </mem>
    <mem type="tenure" free="13584" total="4128768" percent="0">
      <mem type="soa" free="13584" total="4128768" percent="0" />
      <mem type="loa" free="0" total="0" percent="0" />
    </mem>
    <remembered-set count="990" />
  </mem-info>
</gc-start>
<allocation-stats totalBytes="898240" >
  <allocated-bytes non-tlh="72" tlh="898168" />
  <largest-consumer threadName="PmdThread 3" threadId="0000000000D43400" bytes="294808" />
</allocation-stats>
<gc-op id="1155" type="scavenge" timems="5.767" contextid="1152" timestamp="2019-06-16T22:58:45.375">
  <scavenger-info tenureage="1" tenuremask="7ffe" tiltratio="69" />
  <memory-copied type="nursery" objects="53129" bytes="2267952" bytesdiscarded="25768" />
  <memory-copied type="tenure" objects="281" bytes="13584" bytesdiscarded="0" />
  <copy-failed type="nursery" objects="1" bytes="8200" />
  <copy-failed type="tenure" objects="45823" bytes="2020008" />
  <ownableSynchronizers candidates="16" cleared="0" />
  <warning details="aborted collection due to insufficient free space" />
</gc-op>
<gc-end id="1156" type="scavenge" contextid="1152" durationms="5.983" usertimems="8.000" systemtimems="0.000" timestamp="2019-06-16T22:58:45.375" activeThreads="4">
  <mem-info id="1157" free="0" total="11730944" percent="0">
    <mem type="nursery" free="0" total="7602176" percent="0">
      <mem type="allocate" free="0" total="5308416" percent="0" />
      <mem type="survivor" free="0" total="2293760" percent="0" />
    </mem>
    <mem type="tenure" free="0" total="4128768" percent="0" macro-fragmented="0">
      <mem type="soa" free="0" total="4128768" percent="0" />
      <mem type="loa" free="0" total="0" percent="0" />
    </mem>
    <remembered-set count="990" />
  </mem-info>
</gc-end>
<cycle-end id="1158" type="scavenge" contextid="1152" timestamp="2019-06-16T22:58:45.375" />
  <attribute name="elasticGC enabled" value="1" />
  <attribute name= "numThreadsSpecified" value="4" />
  <attribute name="heapSize specified" value="11730944" />
  <attribute name="Current GC Util" value="408" />
  <attribute name= "Current Time Running" value="16945" />
  <attribute name ="GC Interval" value="872" />
  <attribute name="ProportionalT" value="194.000000" />
  <attribute name="ProportionalI" value="194.000000" />
  <attribute name="ProportionalH" value="194.000000" />
  <attribute name="Current Error" value="388.000000" />
  <attribute name="IntegralT" value="582.000000" />
  <attribute name="IntegralI" value="582.000000" />
  <attribute name="IntegralH" value="582.000000" />
  <attribute name="DerivativeT" value="89.666667" />
  <attribute name="DerivativeI" value="89.666667" />
  <attribute name="DerivativeH" value="89.666667" />
  <attribute name="Loop Time for DT" value="3.000000" />
  <attribute name="Output H" value="8388608"/>
  <attribute name="Output I" value="872"/>
  <attribute name="Output T" value="4"/>
  <attribute name="Target GC Util Change" value ="20.000000" />
  <attribute name="Current GC Util Change" value="408.000000"/>
  <attribute name="GC Util currently" value="408" />
  <attribute name="CPU Util currently" value="1507487445880" />
<percolate-collect id="1159" from="nursery" to="global" reason="failed tenure threshold reached" timestamp="2019-06-16T22:58:45.375"/>
<concurrent-aborted id="1160" timestamp="2019-06-16T22:58:45.375">
  <reason value="insufficient progress made" />
</concurrent-aborted>
<cycle-end id="1161" type="global" contextid="1148" timestamp="2019-06-16T22:58:45.375" />
  <attribute name="elasticGC enabled" value="1" />
  <attribute name= "numThreadsSpecified" value="4" />
  <attribute name="heapSize specified" value="11730944" />
  <attribute name="Current GC Util" value="408" />
  <attribute name= "Current Time Running" value="16945" />
  <attribute name ="GC Interval" value="872" />
  <attribute name="ProportionalT" value="194.000000" />
  <attribute name="ProportionalI" value="194.000000" />
  <attribute name="ProportionalH" value="194.000000" />
  <attribute name="Current Error" value="388.000000" />
  <attribute name="IntegralT" value="582.000000" />
  <attribute name="IntegralI" value="582.000000" />
  <attribute name="IntegralH" value="582.000000" />
  <attribute name="DerivativeT" value="89.666667" />
  <attribute name="DerivativeI" value="89.666667" />
  <attribute name="DerivativeH" value="89.666667" />
  <attribute name="Loop Time for DT" value="3.000000" />
  <attribute name="Output H" value="8388608"/>
  <attribute name="Output I" value="872"/>
  <attribute name="Output T" value="4"/>
  <attribute name="Target GC Util Change" value ="20.000000" />
  <attribute name="Current GC Util Change" value="408.000000"/>
  <attribute name="GC Util currently" value="408" />
  <attribute name="CPU Util currently" value="1507487445880" />
<cycle-start id="1162" type="global" contextid="0" timestamp="2019-06-16T22:58:45.375" intervalms="7.226" />
<gc-start id="1163" type="global" contextid="1162" timestamp="2019-06-16T22:58:45.375">
  <mem-info id="1164" free="0" total="11730944" percent="0">
    <mem type="nursery" free="0" total="7602176" percent="0">
      <mem type="allocate" free="0" total="5308416" percent="0" />
      <mem type="survivor" free="0" total="2293760" percent="0" />
    </mem>
    <mem type="tenure" free="0" total="4128768" percent="0">
      <mem type="soa" free="0" total="4128768" percent="0" />
      <mem type="loa" free="0" total="0" percent="0" />
    </mem>
    <remembered-set count="990" />
  </mem-info>
</gc-start>
<allocation-stats totalBytes="0" >
  <allocated-bytes non-tlh="0" tlh="0" />
</allocation-stats>
<gc-op id="1165" type="mark" timems="3.951" contextid="1162" timestamp="2019-06-16T22:58:45.379">
  <trace-info objectcount="197098" scancount="176586" scanbytes="6057752" />
  <finalization candidates="58" enqueued="0" />
  <ownableSynchronizers candidates="8" cleared="0" />
  <references type="soft" candidates="91" cleared="0" enqueued="0" dynamicThreshold="0" maxThreshold="32" />
  <references type="weak" candidates="662" cleared="0" enqueued="0" />
  <references type="phantom" candidates="77" cleared="0" enqueued="0" />
  <stringconstants candidates="4941" cleared="0"  />
</gc-op>
<gc-op id="1166" type="classunload" timems="0.002" contextid="1162" timestamp="2019-06-16T22:58:45.379">
  <classunload-info classloadercandidates="10" classloadersunloaded="0" classesunloaded="0" anonymousclassesunloaded="0" quiescems="0.000" setupms="0.001" scanms="0.001" postms="0.000" />
</gc-op>
<gc-op id="1167" type="sweep" timems="0.294" contextid="1162" timestamp="2019-06-16T22:58:45.380" />
<mem-info id="1168" free="457536" total="11730944" percent="3">
  <mem type="nursery" free="443912" total="7602176" percent="5">
    <mem type="allocate" free="443912" total="5308416" percent="8" />
    <mem type="survivor" free="0" total="2293760" percent="0" />
  </mem>
  <mem type="tenure" free="13624" total="4128768" percent="0" micro-fragmented="1793" macro-fragmented="10920">
    <mem type="soa" free="13624" total="4128768" percent="0" />
    <mem type="loa" free="0" total="0" percent="0" />
  </mem>
  <remembered-set count="990" />
</mem-info>
<gc-op id="1169" type="compact" timems="22.187" contextid="1162" timestamp="2019-06-16T22:58:45.402">
  <compact-info movecount="111088" movebytes="4453696" reason="compact to aid heap contraction" />
</gc-op>
<gc-end id="1170" type="global" contextid="1162" durationms="27.228" usertimems="40.000" systemtimems="0.000" timestamp="2019-06-16T22:58:45.402" activeThreads="4">
  <mem-info id="1171" free="768520" total="11730944" percent="6">
    <mem type="nursery" free="752664" total="7602176" percent="9">
      <mem type="allocate" free="752664" total="5308416" percent="14" />
      <mem type="survivor" free="0" total="2293760" percent="0" />
    </mem>
    <mem type="tenure" free="15856" total="4128768" percent="0">
      <mem type="soa" free="15856" total="4128768" percent="0" />
      <mem type="loa" free="0" total="0" percent="0" />
    </mem>
    <remembered-set count="990" />
  </mem-info>
</gc-end>
<cycle-end id="1172" type="global" contextid="1162" timestamp="2019-06-16T22:58:45.403" />
  <attribute name="elasticGC enabled" value="1" />
  <attribute name= "numThreadsSpecified" value="4" />
  <attribute name="heapSize specified" value="11730944" />
  <attribute name="Current GC Util" value="112" />
  <attribute name= "Current Time Running" value="16979" />
  <attribute name ="GC Interval" value="872" />
  <attribute name="ProportionalT" value="46.000000" />
  <attribute name="ProportionalI" value="46.000000" />
  <attribute name="ProportionalH" value="46.000000" />
  <attribute name="Current Error" value="92.000000" />
  <attribute name="IntegralT" value="1058.000000" />
  <attribute name="IntegralI" value="1058.000000" />
  <attribute name="IntegralH" value="1058.000000" />
  <attribute name="DerivativeT" value="2.913043" />
  <attribute name="DerivativeI" value="2.913043" />
  <attribute name="DerivativeH" value="2.913043" />
  <attribute name="Loop Time for DT" value="23.000000" />
  <attribute name="Output H" value="8388608"/>
  <attribute name="Output I" value="1112"/>
  <attribute name="Output T" value="4"/>
  <attribute name="Target GC Util Change" value ="20.000000" />
  <attribute name="Current GC Util Change" value="112.000000"/>
  <attribute name="GC Util currently" value="112" />
  <attribute name="CPU Util currently" value="205964847843" />
<allocation-satisfied id="1173" threadId="0000000000D43400" bytesRequested="48" />
<af-end id="1174" timestamp="2019-06-16T22:58:45.403" threadId="0000000000D43D88" success="true" from="nursery"/>
<exclusive-end id="1175" timestamp="2019-06-16T22:58:45.403" durationms="34.584" />

<concurrent-kickoff id="1176" timestamp="2019-06-16T22:58:45.406">
  <kickoff reason="threshold reached" targetBytes="1231641" thresholdFreeBytes="172239"  remainingFree="138216" tenureFreeBytes="15856" nurseryFreeBytes="138216" />
</concurrent-kickoff>
<exclusive-start id="1177" timestamp="2019-06-16T22:58:45.414" intervalms="45.113">
  <response-info timems="7.863" idlems="7.863" threads="0" lastid="0000000000D47000" lastname="PmdThread 4" />
</exclusive-start>
<cycle-start id="1178" type="global" contextid="0" timestamp="2019-06-16T22:58:45.414" intervalms="38.574" />
<exclusive-end id="1179" timestamp="2019-06-16T22:58:45.414" durationms="0.291" />

<exclusive-start id="1180" timestamp="2019-06-16T22:58:45.415" intervalms="0.965">
  <response-info timems="0.025" idlems="0.025" threads="0" lastid="0000000000D43400" lastname="PmdThread 3" />
</exclusive-start>
<af-start id="1181" threadId="0000000000D43D88" totalBytesRequested="16" timestamp="2019-06-16T22:58:45.415" intervalms="46.215" type="nursery" />
<cycle-start id="1182" type="scavenge" contextid="0" timestamp="2019-06-16T22:58:45.415" intervalms="46.280" />
<gc-start id="1183" type="scavenge" contextid="1182" timestamp="2019-06-16T22:58:45.415">
  <mem-info id="1184" free="15856" total="11730944" percent="0">
    <mem type="nursery" free="0" total="7602176" percent="0">
      <mem type="allocate" free="0" total="5308416" percent="0" />
      <mem type="survivor" free="0" total="2293760" percent="0" />
    </mem>
    <mem type="tenure" free="15856" total="4128768" percent="0">
      <mem type="soa" free="15856" total="4128768" percent="0" />
      <mem type="loa" free="0" total="0" percent="0" />
    </mem>
    <remembered-set count="990" />
  </mem-info>
</gc-start>
<allocation-stats totalBytes="752432" >
  <allocated-bytes non-tlh="48" tlh="752384" />
  <largest-consumer threadName="PmdThread 4" threadId="0000000000D47000" bytes="687896" />
</allocation-stats>
<gc-op id="1185" type="scavenge" timems="6.450" contextid="1182" timestamp="2019-06-16T22:58:45.422">
  <scavenger-info tenureage="1" tenuremask="7ffe" tiltratio="69" />
  <memory-copied type="nursery" objects="50300" bytes="2185968" bytesdiscarded="107720" />
  <memory-copied type="tenure" objects="335" bytes="15856" bytesdiscarded="0" />
  <copy-failed type="nursery" objects="1" bytes="72" />
  <copy-failed type="tenure" objects="48182" bytes="2107824" />
  <ownableSynchronizers candidates="16" cleared="0" />
  <warning details="aborted collection due to insufficient free space" />
</gc-op>
<gc-end id="1186" type="scavenge" contextid="1182" durationms="6.811" usertimems="8.000" systemtimems="0.000" timestamp="2019-06-16T22:58:45.422" activeThreads="4">
  <mem-info id="1187" free="0" total="11730944" percent="0">
    <mem type="nursery" free="0" total="7602176" percent="0">
      <mem type="allocate" free="0" total="5308416" percent="0" />
      <mem type="survivor" free="0" total="2293760" percent="0" />
    </mem>
    <mem type="tenure" free="0" total="4128768" percent="0" macro-fragmented="0">
      <mem type="soa" free="0" total="4128768" percent="0" />
      <mem type="loa" free="0" total="0" percent="0" />
    </mem>
    <remembered-set count="990" />
  </mem-info>
</gc-end>
<cycle-end id="1188" type="scavenge" contextid="1182" timestamp="2019-06-16T22:58:45.422" />
  <attribute name="elasticGC enabled" value="1" />
  <attribute name= "numThreadsSpecified" value="4" />
  <attribute name="heapSize specified" value="11730944" />
  <attribute name="Current GC Util" value="56" />
  <attribute name= "Current Time Running" value="16992" />
  <attribute name ="GC Interval" value="248" />
  <attribute name="ProportionalT" value="18.000000" />
  <attribute name="ProportionalI" value="18.000000" />
  <attribute name="ProportionalH" value="18.000000" />
  <attribute name="Current Error" value="36.000000" />
  <attribute name="IntegralT" value="234.000000" />
  <attribute name="IntegralI" value="234.000000" />
  <attribute name="IntegralH" value="234.000000" />
  <attribute name="DerivativeT" value="-4.307692" />
  <attribute name="DerivativeI" value="-4.307692" />
  <attribute name="DerivativeH" value="-4.307692" />
  <attribute name="Loop Time for DT" value="13.000000" />
  <attribute name="Output H" value="8388608"/>
  <attribute name="Output I" value="248"/>
  <attribute name="Output T" value="4"/>
  <attribute name="Target GC Util Change" value ="20.000000" />
  <attribute name="Current GC Util Change" value="56.000000"/>
  <attribute name="GC Util currently" value="56" />
  <attribute name="CPU Util currently" value="354802390891" />
<percolate-collect id="1189" from="nursery" to="global" reason="failed tenure threshold reached" timestamp="2019-06-16T22:58:45.422"/>
<concurrent-aborted id="1190" timestamp="2019-06-16T22:58:45.422">
  <reason value="insufficient progress made" />
</concurrent-aborted>
<cycle-end id="1191" type="global" contextid="1178" timestamp="2019-06-16T22:58:45.422" />
  <attribute name="elasticGC enabled" value="1" />
  <attribute name= "numThreadsSpecified" value="4" />
  <attribute name="heapSize specified" value="11730944" />
  <attribute name="Current GC Util" value="56" />
  <attribute name= "Current Time Running" value="16992" />
  <attribute name ="GC Interval" value="248" />
  <attribute name="ProportionalT" value="18.000000" />
  <attribute name="ProportionalI" value="18.000000" />
  <attribute name="ProportionalH" value="18.000000" />
  <attribute name="Current Error" value="36.000000" />
  <attribute name="IntegralT" value="234.000000" />
  <attribute name="IntegralI" value="234.000000" />
  <attribute name="IntegralH" value="234.000000" />
  <attribute name="DerivativeT" value="-4.307692" />
  <attribute name="DerivativeI" value="-4.307692" />
  <attribute name="DerivativeH" value="-4.307692" />
  <attribute name="Loop Time for DT" value="13.000000" />
  <attribute name="Output H" value="8388608"/>
  <attribute name="Output I" value="248"/>
  <attribute name="Output T" value="4"/>
  <attribute name="Target GC Util Change" value ="20.000000" />
  <attribute name="Current GC Util Change" value="56.000000"/>
  <attribute name="GC Util currently" value="56" />
  <attribute name="CPU Util currently" value="354802390891" />
<cycle-start id="1192" type="global" contextid="0" timestamp="2019-06-16T22:58:45.422" intervalms="8.716" />
<gc-start id="1193" type="global" contextid="1192" timestamp="2019-06-16T22:58:45.423">
  <mem-info id="1194" free="0" total="11730944" percent="0">
    <mem type="nursery" free="0" total="7602176" percent="0">
      <mem type="allocate" free="0" total="5308416" percent="0" />
      <mem type="survivor" free="0" total="2293760" percent="0" />
    </mem>
    <mem type="tenure" free="0" total="4128768" percent="0">
      <mem type="soa" free="0" total="4128768" percent="0" />
      <mem type="loa" free="0" total="0" percent="0" />
    </mem>
    <remembered-set count="990" />
  </mem-info>
</gc-start>
<allocation-stats totalBytes="0" >
  <allocated-bytes non-tlh="0" tlh="0" />
</allocation-stats>
<gc-op id="1195" type="mark" timems="3.782" contextid="1192" timestamp="2019-06-16T22:58:45.427">
  <trace-info objectcount="201488" scancount="180689" scanbytes="6206796" />
  <finalization candidates="58" enqueued="0" />
  <ownableSynchronizers candidates="8" cleared="0" />
  <references type="soft" candidates="91" cleared="0" enqueued="0" dynamicThreshold="0" maxThreshold="32" />
  <references type="weak" candidates="662" cleared="0" enqueued="0" />
  <references type="phantom" candidates="77" cleared="0" enqueued="0" />
  <stringconstants candidates="4941" cleared="0"  />
</gc-op>
<gc-op id="1196" type="classunload" timems="0.002" contextid="1192" timestamp="2019-06-16T22:58:45.427">
  <classunload-info classloadercandidates="10" classloadersunloaded="0" classesunloaded="0" anonymousclassesunloaded="0" quiescems="0.000" setupms="0.001" scanms="0.001" postms="0.000" />
</gc-op>
<gc-op id="1197" type="sweep" timems="0.297" contextid="1192" timestamp="2019-06-16T22:58:45.427" />
<mem-info id="1198" free="354936" total="11730944" percent="3">
  <mem type="nursery" free="339080" total="7602176" percent="4">
    <mem type="allocate" free="339080" total="5308416" percent="6" />
    <mem type="survivor" free="0" total="2293760" percent="0" />
  </mem>
  <mem type="tenure" free="15856" total="4128768" percent="0" micro-fragmented="0" macro-fragmented="0">
    <mem type="soa" free="15856" total="4128768" percent="0" />
    <mem type="loa" free="0" total="0" percent="0" />
  </mem>
  <remembered-set count="990" />
</mem-info>
<gc-op id="1199" type="compact" timems="21.847" contextid="1192" timestamp="2019-06-16T22:58:45.449">
  <compact-info movecount="105632" movebytes="4247296" reason="compact to aid heap contraction" />
</gc-op>
<gc-end id="1200" type="global" contextid="1192" durationms="26.807" usertimems="40.000" systemtimems="0.000" timestamp="2019-06-16T22:58:45.449" activeThreads="4">
  <mem-info id="1201" free="605008" total="11730944" percent="5">
    <mem type="nursery" free="589152" total="7602176" percent="7">
      <mem type="allocate" free="589152" total="5308416" percent="11" />
      <mem type="survivor" free="0" total="2293760" percent="0" />
    </mem>
    <mem type="tenure" free="15856" total="4128768" percent="0">
      <mem type="soa" free="15856" total="4128768" percent="0" />
      <mem type="loa" free="0" total="0" percent="0" />
    </mem>
    <remembered-set count="990" />
  </mem-info>
</gc-end>
<cycle-end id="1202" type="global" contextid="1192" timestamp="2019-06-16T22:58:45.450" />
  <attribute name="elasticGC enabled" value="1" />
  <attribute name= "numThreadsSpecified" value="4" />
  <attribute name="heapSize specified" value="11730944" />
  <attribute name="Current GC Util" value="111" />
  <attribute name= "Current Time Running" value="17026" />
  <attribute name ="GC Interval" value="248" />
  <attribute name="ProportionalT" value="45.500000" />
  <attribute name="ProportionalI" value="45.500000" />
  <attribute name="ProportionalH" value="45.500000" />
  <attribute name="Current Error" value="91.000000" />
  <attribute name="IntegralT" value="1001.000000" />
  <attribute name="IntegralI" value="1001.000000" />
  <attribute name="IntegralH" value="1001.000000" />
  <attribute name="DerivativeT" value="3.045455" />
  <attribute name="DerivativeI" value="3.045455" />
  <attribute name="DerivativeH" value="3.045455" />
  <attribute name="Loop Time for DT" value="22.000000" />
  <attribute name="Output H" value="8388608"/>
  <attribute name="Output I" value="1056"/>
  <attribute name="Output T" value="4"/>
  <attribute name="Target GC Util Change" value ="20.000000" />
  <attribute name="Current GC Util Change" value="111.000000"/>
  <attribute name="GC Util currently" value="111" />
  <attribute name="CPU Util currently" value="209217691915" />
<allocation-satisfied id="1203" threadId="0000000000D43400" bytesRequested="16" />
<af-end id="1204" timestamp="2019-06-16T22:58:45.450" threadId="0000000000D43D88" success="true" from="nursery"/>
<exclusive-end id="1205" timestamp="2019-06-16T22:58:45.450" durationms="35.350" />

<concurrent-kickoff id="1206" timestamp="2019-06-16T22:58:45.452">
  <kickoff reason="threshold reached" targetBytes="1231641" thresholdFreeBytes="172239"  remainingFree="138576" tenureFreeBytes="15856" nurseryFreeBytes="138576" />
</concurrent-kickoff>
<exclusive-start id="1207" timestamp="2019-06-16T22:58:45.458" intervalms="43.074">
  <response-info timems="5.614" idlems="5.614" threads="0" lastid="0000000000D47000" lastname="PmdThread 4" />
</exclusive-start>
<cycle-start id="1208" type="global" contextid="0" timestamp="2019-06-16T22:58:45.458" intervalms="35.335" />
<exclusive-end id="1209" timestamp="2019-06-16T22:58:45.458" durationms="0.307" />

<exclusive-start id="1210" timestamp="2019-06-16T22:58:45.459" intervalms="1.471">
  <response-info timems="0.054" idlems="0.054" threads="0" lastid="0000000000D3F800" lastname="PmdThread 2" />
</exclusive-start>
<af-start id="1211" threadId="0000000000D40188" totalBytesRequested="48" timestamp="2019-06-16T22:58:45.459" intervalms="44.511" type="nursery" />
<cycle-start id="1212" type="scavenge" contextid="0" timestamp="2019-06-16T22:58:45.459" intervalms="44.501" />
<gc-start id="1213" type="scavenge" contextid="1212" timestamp="2019-06-16T22:58:45.460">
  <mem-info id="1214" free="15856" total="11730944" percent="0">
    <mem type="nursery" free="0" total="7602176" percent="0">
      <mem type="allocate" free="0" total="5308416" percent="0" />
      <mem type="survivor" free="0" total="2293760" percent="0" />
    </mem>
    <mem type="tenure" free="15856" total="4128768" percent="0">
      <mem type="soa" free="15856" total="4128768" percent="0" />
      <mem type="loa" free="0" total="0" percent="0" />
    </mem>
    <remembered-set count="990" />
  </mem-info>
</gc-start>
<allocation-stats totalBytes="588808" >
  <allocated-bytes non-tlh="16" tlh="588792" />
  <largest-consumer threadName="PmdThread 4" threadId="0000000000D47000" bytes="515872" />
</allocation-stats>
<gc-op id="1215" type="scavenge" timems="5.500" contextid="1212" timestamp="2019-06-16T22:58:45.465">
  <scavenger-info tenureage="1" tenuremask="7ffe" tiltratio="69" />
  <memory-copied type="nursery" objects="48072" bytes="2097792" bytesdiscarded="195888" />
  <memory-copied type="tenure" objects="333" bytes="15856" bytesdiscarded="0" />
  <copy-failed type="nursery" objects="1" bytes="64" />
  <copy-failed type="tenure" objects="43537" bytes="1933352" />
  <ownableSynchronizers candidates="16" cleared="0" />
  <warning details="aborted collection due to insufficient free space" />
</gc-op>
<gc-end id="1216" type="scavenge" contextid="1212" durationms="5.861" usertimems="8.000" systemtimems="4.000" timestamp="2019-06-16T22:58:45.465" activeThreads="4">
  <mem-info id="1217" free="0" total="11730944" percent="0">
    <mem type="nursery" free="0" total="7602176" percent="0">
      <mem type="allocate" free="0" total="5308416" percent="0" />
      <mem type="survivor" free="0" total="2293760" percent="0" />
    </mem>
    <mem type="tenure" free="0" total="4128768" percent="0" macro-fragmented="0">
      <mem type="soa" free="0" total="4128768" percent="0" />
      <mem type="loa" free="0" total="0" percent="0" />
    </mem>
    <remembered-set count="990" />
  </mem-info>
</gc-end>
<cycle-end id="1218" type="scavenge" contextid="1212" timestamp="2019-06-16T22:58:45.466" />
  <attribute name="elasticGC enabled" value="1" />
  <attribute name= "numThreadsSpecified" value="4" />
  <attribute name="heapSize specified" value="11730944" />
  <attribute name="Current GC Util" value="92" />
  <attribute name= "Current Time Running" value="17036" />
  <attribute name ="GC Interval" value="400" />
  <attribute name="ProportionalT" value="36.000000" />
  <attribute name="ProportionalI" value="36.000000" />
  <attribute name="ProportionalH" value="36.000000" />
  <attribute name="Current Error" value="72.000000" />
  <attribute name="IntegralT" value="360.000000" />
  <attribute name="IntegralI" value="360.000000" />
  <attribute name="IntegralH" value="360.000000" />
  <attribute name="DerivativeT" value="-1.900000" />
  <attribute name="DerivativeI" value="-1.900000" />
  <attribute name="DerivativeH" value="-1.900000" />
  <attribute name="Loop Time for DT" value="10.000000" />
  <attribute name="Output H" value="8388608"/>
  <attribute name="Output I" value="400"/>
  <attribute name="Output T" value="4"/>
  <attribute name="Target GC Util Change" value ="20.000000" />
  <attribute name="Current GC Util Change" value="92.000000"/>
  <attribute name="GC Util currently" value="92" />
  <attribute name="CPU Util currently" value="437537214545" />
<percolate-collect id="1219" from="nursery" to="global" reason="failed tenure threshold reached" timestamp="2019-06-16T22:58:45.466"/>
<gc-start id="1220" type="global" contextid="1208" timestamp="2019-06-16T22:58:45.466">
  <mem-info id="1221" free="0" total="11730944" percent="0">
    <mem type="nursery" free="0" total="7602176" percent="0">
      <mem type="allocate" free="0" total="5308416" percent="0" />
      <mem type="survivor" free="0" total="2293760" percent="0" />
    </mem>
    <mem type="tenure" free="0" total="4128768" percent="0">
      <mem type="soa" free="0" total="4128768" percent="0" />
      <mem type="loa" free="0" total="0" percent="0" />
    </mem>
    <remembered-set count="990" />
  </mem-info>
</gc-start>
<allocation-stats totalBytes="0" >
  <allocated-bytes non-tlh="0" tlh="0" />
</allocation-stats>
<concurrent-halted id="1222" timestamp="2019-06-16T22:58:45.466">
  <halted state="Class scanning incomplete" status="clean trace" />
  <traced bytesTarget="1231641" bytesTotal="402452" bytesByMutator="402452" bytesByHelper="0" percent="32" />
  <cards cleaned="0" thresholdBytes="67851" />
</concurrent-halted>
<gc-op id="1223" type="tracing" timems="0.640" contextid="1208" timestamp="2019-06-16T22:58:45.467">
  <trace bytesTraced="994156" workStackOverflowCount="0" />
</gc-op>
<gc-op id="1224" type="rs-scan" timems="0.131" contextid="1208" timestamp="2019-06-16T22:58:45.467">
  <scan objectsFound="144" bytesTraced="18976" workStackOverflowCount="0" />
</gc-op>
<gc-op id="1225" type="card-cleaning" timems="5.083" contextid="1208" timestamp="2019-06-16T22:58:45.472">
  <card-cleaning cardsCleaned="9" bytesTraced="4554628" workStackOverflowCount="0" />
</gc-op>
<gc-op id="1226" type="mark" timems="1.550" contextid="1208" timestamp="2019-06-16T22:58:45.474">
  <trace-info objectcount="14600" scancount="12093" scanbytes="394892" />
  <finalization candidates="58" enqueued="0" />
  <ownableSynchronizers candidates="8" cleared="0" />
  <references type="soft" candidates="91" cleared="0" enqueued="0" dynamicThreshold="0" maxThreshold="32" />
  <references type="weak" candidates="662" cleared="0" enqueued="0" />
  <references type="phantom" candidates="76" cleared="0" enqueued="0" />
  <stringconstants candidates="4941" cleared="0"  />
</gc-op>
<gc-op id="1227" type="classunload" timems="0.002" contextid="1208" timestamp="2019-06-16T22:58:45.474">
  <classunload-info classloadercandidates="10" classloadersunloaded="0" classesunloaded="0" anonymousclassesunloaded="0" quiescems="0.000" setupms="0.001" scanms="0.001" postms="0.000" />
</gc-op>
<gc-op id="1228" type="sweep" timems="0.332" contextid="1208" timestamp="2019-06-16T22:58:45.474" />
<mem-info id="1229" free="256392" total="11730944" percent="2">
  <mem type="nursery" free="240536" total="7602176" percent="3">
    <mem type="allocate" free="240536" total="5308416" percent="4" />
    <mem type="survivor" free="0" total="2293760" percent="0" />
  </mem>
  <mem type="tenure" free="15856" total="4128768" percent="0" micro-fragmented="0" macro-fragmented="0">
    <mem type="soa" free="15856" total="4128768" percent="0" />
    <mem type="loa" free="0" total="0" percent="0" />
  </mem>
  <remembered-set count="990" />
</mem-info>
<gc-op id="1230" type="compact" timems="22.857" contextid="1208" timestamp="2019-06-16T22:58:45.498">
  <compact-info movecount="109738" movebytes="4387016" reason="compact to aid heap contraction" />
</gc-op>
<gc-end id="1231" type="global" contextid="1208" durationms="32.164" usertimems="32.000" systemtimems="4.000" timestamp="2019-06-16T22:58:45.498" activeThreads="4">
  <mem-info id="1232" free="462856" total="11730944" percent="3">
    <mem type="nursery" free="447000" total="7602176" percent="5">
      <mem type="allocate" free="447000" total="5308416" percent="8" />
      <mem type="survivor" free="0" total="2293760" percent="0" />
    </mem>
    <mem type="tenure" free="15856" total="4128768" percent="0">
      <mem type="soa" free="15856" total="4128768" percent="0" />
      <mem type="loa" free="0" total="0" percent="0" />
    </mem>
    <remembered-set count="990" />
  </mem-info>
</gc-end>
<cycle-end id="1233" type="global" contextid="1208" timestamp="2019-06-16T22:58:45.498" />
  <attribute name="elasticGC enabled" value="1" />
  <attribute name= "numThreadsSpecified" value="4" />
  <attribute name="heapSize specified" value="11730944" />
  <attribute name="Current GC Util" value="110" />
  <attribute name= "Current Time Running" value="17074" />
  <attribute name ="GC Interval" value="400" />
  <attribute name="ProportionalT" value="45.000000" />
  <attribute name="ProportionalI" value="45.000000" />
  <attribute name="ProportionalH" value="45.000000" />
  <attribute name="Current Error" value="90.000000" />
  <attribute name="IntegralT" value="1035.000000" />
  <attribute name="IntegralI" value="1035.000000" />
  <attribute name="IntegralH" value="1035.000000" />
  <attribute name="DerivativeT" value="3.434783" />
  <attribute name="DerivativeI" value="3.434783" />
  <attribute name="DerivativeH" value="3.434783" />
  <attribute name="Loop Time for DT" value="23.000000" />
  <attribute name="Output H" value="8388608"/>
  <attribute name="Output I" value="1088"/>
  <attribute name="Output T" value="4"/>
  <attribute name="Target GC Util Change" value ="20.000000" />
  <attribute name="Current GC Util Change" value="110.000000"/>
  <attribute name="GC Util currently" value="110" />
  <attribute name="CPU Util currently" value="199845347383" />
<concurrent-kickoff id="1234" timestamp="2019-06-16T22:58:45.498">
  <kickoff reason="threshold reached" targetBytes="5951236" thresholdFreeBytes="821568"  remainingFree="446952" tenureFreeBytes="15856" nurseryFreeBytes="446952" />
</concurrent-kickoff>
<allocation-satisfied id="1235" threadId="0000000000D3F800" bytesRequested="48" />
<af-end id="1236" timestamp="2019-06-16T22:58:45.498" threadId="0000000000D40188" success="true" from="nursery"/>
<exclusive-end id="1237" timestamp="2019-06-16T22:58:45.499" durationms="39.432" />

<exclusive-start id="1238" timestamp="2019-06-16T22:58:45.499" intervalms="39.592">
  <response-info timems="0.032" idlems="0.032" threads="0" lastid="0000000000D43400" lastname="PmdThread 3" />
</exclusive-start>
<cycle-start id="1239" type="global" contextid="0" timestamp="2019-06-16T22:58:45.499" intervalms="40.952" />
<exclusive-end id="1240" timestamp="2019-06-16T22:58:45.499" durationms="0.096" />

<exclusive-start id="1241" timestamp="2019-06-16T22:58:45.501" intervalms="1.951">
  <response-info timems="0.047" idlems="0.026" threads="1" lastid="0000000000D3BC00" lastname="PmdThread 1" />
</exclusive-start>
<concurrent-collection-start id="1242" timestamp="2019-06-16T22:58:45.501" intervalms="534.576" >
  <concurrent-trace-info reason="card cleaning threshold reached" tracedByMutators="919112" tracedByHelpers="647004" cardsCleaned="5" workStackOverflowCount="0" />
</concurrent-collection-start>
<gc-start id="1243" type="global" contextid="1239" timestamp="2019-06-16T22:58:45.501">
  <mem-info id="1244" free="294872" total="11730944" percent="2">
    <mem type="nursery" free="279016" total="7602176" percent="3">
      <mem type="allocate" free="279016" total="5308416" percent="5" />
      <mem type="survivor" free="0" total="2293760" percent="0" />
    </mem>
    <mem type="tenure" free="15856" total="4128768" percent="0">
      <mem type="soa" free="15856" total="4128768" percent="0" />
      <mem type="loa" free="0" total="0" percent="0" />
    </mem>
    <remembered-set count="990" />
  </mem-info>
</gc-start>
<allocation-stats totalBytes="167800" >
  <allocated-bytes non-tlh="48" tlh="167752" />
  <largest-consumer threadName="PmdThread 1" threadId="0000000000D3BC00" bytes="61384" />
</allocation-stats>
<gc-op id="1245" type="rs-scan" timems="0.791" contextid="1239" timestamp="2019-06-16T22:58:45.502">
  <scan objectsFound="160" bytesTraced="19392" workStackOverflowCount="0" />
</gc-op>
<gc-op id="1246" type="card-cleaning" timems="2.312" contextid="1239" timestamp="2019-06-16T22:58:45.504">
  <card-cleaning cardsCleaned="5" bytesTraced="4557060" workStackOverflowCount="0" />
</gc-op>
<gc-op id="1247" type="mark" timems="1.654" contextid="1239" timestamp="2019-06-16T22:58:45.506">
  <trace-info objectcount="7853" scancount="6914" scanbytes="239796" />
  <finalization candidates="58" enqueued="0" />
  <ownableSynchronizers candidates="8" cleared="0" />
  <references type="soft" candidates="91" cleared="0" enqueued="0" dynamicThreshold="0" maxThreshold="32" />
  <references type="weak" candidates="662" cleared="0" enqueued="0" />
  <references type="phantom" candidates="76" cleared="0" enqueued="0" />
  <stringconstants candidates="4941" cleared="0"  />
</gc-op>
<gc-op id="1248" type="sweep" timems="0.288" contextid="1239" timestamp="2019-06-16T22:58:45.506" />
<mem-info id="1249" free="414128" total="11730944" percent="3">
  <mem type="nursery" free="398272" total="7602176" percent="5">
    <mem type="allocate" free="398272" total="5308416" percent="7" />
    <mem type="survivor" free="0" total="2293760" percent="0" />
  </mem>
  <mem type="tenure" free="15856" total="4128768" percent="0" micro-fragmented="0" macro-fragmented="0">
    <mem type="soa" free="15856" total="4128768" percent="0" />
    <mem type="loa" free="0" total="0" percent="0" />
  </mem>
  <remembered-set count="990" />
</mem-info>
<gc-op id="1250" type="compact" timems="23.143" contextid="1239" timestamp="2019-06-16T22:58:45.530">
  <compact-info movecount="111090" movebytes="4433720" reason="compact to aid heap contraction" />
</gc-op>
<gc-end id="1251" type="global" contextid="1239" durationms="29.235" usertimems="28.000" systemtimems="12.000" timestamp="2019-06-16T22:58:45.530" activeThreads="4">
  <mem-info id="1252" free="448600" total="11730944" percent="3">
    <mem type="nursery" free="432744" total="7602176" percent="5">
      <mem type="allocate" free="432744" total="5308416" percent="8" />
      <mem type="survivor" free="0" total="2293760" percent="0" />
    </mem>
    <mem type="tenure" free="15856" total="4128768" percent="0">
      <mem type="soa" free="15856" total="4128768" percent="0" />
      <mem type="loa" free="0" total="0" percent="0" />
    </mem>
    <remembered-set count="990" />
  </mem-info>
</gc-end>
<cycle-end id="1253" type="global" contextid="1239" timestamp="2019-06-16T22:58:45.530" />
  <attribute name="elasticGC enabled" value="1" />
  <attribute name= "numThreadsSpecified" value="4" />
  <attribute name="heapSize specified" value="11730944" />
  <attribute name="Current GC Util" value="109" />
  <attribute name= "Current Time Running" value="17106" />
  <attribute name ="GC Interval" value="400" />
  <attribute name="ProportionalT" value="44.500000" />
  <attribute name="ProportionalI" value="44.500000" />
  <attribute name="ProportionalH" value="44.500000" />
  <attribute name="Current Error" value="89.000000" />
  <attribute name="IntegralT" value="1023.500000" />
  <attribute name="IntegralI" value="1023.500000" />
  <attribute name="IntegralH" value="1023.500000" />
  <attribute name="DerivativeT" value="3.260870" />
  <attribute name="DerivativeI" value="3.260870" />
  <attribute name="DerivativeH" value="3.260870" />
  <attribute name="Loop Time for DT" value="23.000000" />
  <attribute name="Output H" value="8388608"/>
  <attribute name="Output I" value="1072"/>
  <attribute name="Output T" value="4"/>
  <attribute name="Target GC Util Change" value ="20.000000" />
  <attribute name="Current GC Util Change" value="109.000000"/>
  <attribute name="GC Util currently" value="109" />
  <attribute name="CPU Util currently" value="197807175864" />
<concurrent-collection-end id="1254" timestamp="2019-06-16T22:58:45.530" />
<exclusive-end id="1255" timestamp="2019-06-16T22:58:45.531" durationms="29.875" />

<concurrent-kickoff id="1256" timestamp="2019-06-16T22:58:45.531">
  <kickoff reason="threshold reached" targetBytes="5074229" thresholdFreeBytes="700945"  remainingFree="420456" tenureFreeBytes="15856" nurseryFreeBytes="420456" />
</concurrent-kickoff>
<exclusive-start id="1257" timestamp="2019-06-16T22:58:45.531" intervalms="30.316">
  <response-info timems="0.059" idlems="0.059" threads="0" lastid="0000000000D47000" lastname="PmdThread 4" />
</exclusive-start>
<cycle-start id="1258" type="global" contextid="0" timestamp="2019-06-16T22:58:45.531" intervalms="32.308" />
<exclusive-end id="1259" timestamp="2019-06-16T22:58:45.531" durationms="0.183" />

<exclusive-start id="1260" timestamp="2019-06-16T22:58:45.534" intervalms="2.946">
  <response-info timems="0.069" idlems="0.069" threads="0" lastid="0000000000D3F800" lastname="PmdThread 2" />
</exclusive-start>
<concurrent-collection-start id="1261" timestamp="2019-06-16T22:58:45.534" intervalms="33.300" >
  <concurrent-trace-info reason="card cleaning threshold reached" tracedByMutators="457592" tracedByHelpers="1103840" cardsCleaned="0" workStackOverflowCount="0" />
</concurrent-collection-start>
<gc-start id="1262" type="global" contextid="1258" timestamp="2019-06-16T22:58:45.534">
  <mem-info id="1263" free="174168" total="11730944" percent="1">
    <mem type="nursery" free="158312" total="7602176" percent="2">
      <mem type="allocate" free="158312" total="5308416" percent="2" />
      <mem type="survivor" free="0" total="2293760" percent="0" />
    </mem>
    <mem type="tenure" free="15856" total="4128768" percent="0">
      <mem type="soa" free="15856" total="4128768" percent="0" />
      <mem type="loa" free="0" total="0" percent="0" />
    </mem>
    <remembered-set count="990" />
  </mem-info>
</gc-start>
<allocation-stats totalBytes="274320" >
  <allocated-bytes non-tlh="0" tlh="274320" />
  <largest-consumer threadName="PmdThread 1" threadId="0000000000D3BC00" bytes="135080" />
</allocation-stats>
<gc-op id="1264" type="rs-scan" timems="0.244" contextid="1258" timestamp="2019-06-16T22:58:45.535">
  <scan objectsFound="149" bytesTraced="19152" workStackOverflowCount="0" />
</gc-op>
<gc-op id="1265" type="card-cleaning" timems="0.832" contextid="1258" timestamp="2019-06-16T22:58:45.536">
  <card-cleaning cardsCleaned="0" bytesTraced="1862528" workStackOverflowCount="0" />
</gc-op>
<gc-op id="1266" type="mark" timems="1.716" contextid="1258" timestamp="2019-06-16T22:58:45.537">
  <trace-info objectcount="87146" scancount="80740" scanbytes="2942628" />
  <finalization candidates="58" enqueued="0" />
  <ownableSynchronizers candidates="8" cleared="0" />
  <references type="soft" candidates="91" cleared="0" enqueued="0" dynamicThreshold="0" maxThreshold="32" />
  <references type="weak" candidates="662" cleared="0" enqueued="0" />
  <references type="phantom" candidates="76" cleared="0" enqueued="0" />
  <stringconstants candidates="4941" cleared="0"  />
</gc-op>
<gc-op id="1267" type="sweep" timems="0.297" contextid="1258" timestamp="2019-06-16T22:58:45.538" />
<mem-info id="1268" free="410800" total="11730944" percent="3">
  <mem type="nursery" free="394944" total="7602176" percent="5">
    <mem type="allocate" free="394944" total="5308416" percent="7" />
    <mem type="survivor" free="0" total="2293760" percent="0" />
  </mem>
  <mem type="tenure" free="15856" total="4128768" percent="0" micro-fragmented="0" macro-fragmented="10920">
    <mem type="soa" free="15856" total="4128768" percent="0" />
    <mem type="loa" free="0" total="0" percent="0" />
  </mem>
  <remembered-set count="990" />
</mem-info>
<gc-op id="1269" type="compact" timems="23.084" contextid="1258" timestamp="2019-06-16T22:58:45.561">
  <compact-info movecount="110419" movebytes="4404536" reason="compact to aid heap contraction" />
</gc-op>
<gc-end id="1270" type="global" contextid="1258" durationms="27.253" usertimems="28.000" systemtimems="8.000" timestamp="2019-06-16T22:58:45.561" activeThreads="4">
  <mem-info id="1271" free="442320" total="11730944" percent="3">
    <mem type="nursery" free="426464" total="7602176" percent="5">
      <mem type="allocate" free="426464" total="5308416" percent="8" />
      <mem type="survivor" free="0" total="2293760" percent="0" />
    </mem>
    <mem type="tenure" free="15856" total="4128768" percent="0">
      <mem type="soa" free="15856" total="4128768" percent="0" />
      <mem type="loa" free="0" total="0" percent="0" />
    </mem>
    <remembered-set count="990" />
  </mem-info>
</gc-end>
<cycle-end id="1272" type="global" contextid="1258" timestamp="2019-06-16T22:58:45.562" />
  <attribute name="elasticGC enabled" value="1" />
  <attribute name= "numThreadsSpecified" value="4" />
  <attribute name="heapSize specified" value="11730944" />
  <attribute name="Current GC Util" value="111" />
  <attribute name= "Current Time Running" value="17138" />
  <attribute name ="GC Interval" value="400" />
  <attribute name="ProportionalT" value="45.500000" />
  <attribute name="ProportionalI" value="45.500000" />
  <attribute name="ProportionalH" value="45.500000" />
  <attribute name="Current Error" value="91.000000" />
  <attribute name="IntegralT" value="1046.500000" />
  <attribute name="IntegralI" value="1046.500000" />
  <attribute name="IntegralH" value="1046.500000" />
  <attribute name="DerivativeT" value="3.000000" />
  <attribute name="DerivativeI" value="3.000000" />
  <attribute name="DerivativeH" value="3.000000" />
  <attribute name="Loop Time for DT" value="23.000000" />
  <attribute name="Output H" value="8388608"/>
  <attribute name="Output I" value="1096"/>
  <attribute name="Output T" value="4"/>
  <attribute name="Target GC Util Change" value ="20.000000" />
  <attribute name="Current GC Util Change" value="111.000000"/>
  <attribute name="GC Util currently" value="111" />
  <attribute name="CPU Util currently" value="198763487611" />
<concurrent-collection-end id="1273" timestamp="2019-06-16T22:58:45.562" />
<exclusive-end id="1274" timestamp="2019-06-16T22:58:45.562" durationms="27.923" />

<concurrent-kickoff id="1275" timestamp="2019-06-16T22:58:45.562">
  <kickoff reason="threshold reached" targetBytes="4371495" thresholdFreeBytes="604128"  remainingFree="418272" tenureFreeBytes="15856" nurseryFreeBytes="418272" />
</concurrent-kickoff>
<exclusive-start id="1276" timestamp="2019-06-16T22:58:45.562" intervalms="28.178">
  <response-info timems="0.079" idlems="0.079" threads="0" lastid="0000000000D3BC00" lastname="PmdThread 1" />
</exclusive-start>
<cycle-start id="1277" type="global" contextid="0" timestamp="2019-06-16T22:58:45.562" intervalms="31.126" />
<exclusive-end id="1278" timestamp="2019-06-16T22:58:45.562" durationms="0.152" />

<exclusive-start id="1279" timestamp="2019-06-16T22:58:45.564" intervalms="2.065">
  <response-info timems="0.080" idlems="0.080" threads="0" lastid="0000000000D47000" lastname="PmdThread 4" />
</exclusive-start>
<concurrent-collection-start id="1280" timestamp="2019-06-16T22:58:45.564" intervalms="30.185" >
  <concurrent-trace-info reason="card cleaning threshold reached" tracedByMutators="772012" tracedByHelpers="796620" cardsCleaned="12" workStackOverflowCount="0" />
</concurrent-collection-start>
<gc-start id="1281" type="global" contextid="1277" timestamp="2019-06-16T22:58:45.564">
  <mem-info id="1282" free="225232" total="11730944" percent="1">
    <mem type="nursery" free="209376" total="7602176" percent="2">
      <mem type="allocate" free="209376" total="5308416" percent="3" />
      <mem type="survivor" free="0" total="2293760" percent="0" />
    </mem>
    <mem type="tenure" free="15856" total="4128768" percent="0">
      <mem type="soa" free="15856" total="4128768" percent="0" />
      <mem type="loa" free="0" total="0" percent="0" />
    </mem>
    <remembered-set count="990" />
  </mem-info>
</gc-start>
<allocation-stats totalBytes="216968" >
  <allocated-bytes non-tlh="0" tlh="216968" />
  <largest-consumer threadName="PmdThread 3" threadId="0000000000D43400" bytes="122808" />
</allocation-stats>
<gc-op id="1283" type="rs-scan" timems="0.207" contextid="1277" timestamp="2019-06-16T22:58:45.565">
  <scan objectsFound="160" bytesTraced="19392" workStackOverflowCount="0" />
</gc-op>
<gc-op id="1284" type="card-cleaning" timems="2.317" contextid="1277" timestamp="2019-06-16T22:58:45.567">
  <card-cleaning cardsCleaned="5" bytesTraced="4552912" workStackOverflowCount="0" />
</gc-op>
<gc-op id="1285" type="mark" timems="0.881" contextid="1277" timestamp="2019-06-16T22:58:45.568">
  <trace-info objectcount="8101" scancount="7191" scanbytes="247136" />
  <finalization candidates="58" enqueued="0" />
  <ownableSynchronizers candidates="8" cleared="0" />
  <references type="soft" candidates="95" cleared="4" enqueued="0" dynamicThreshold="0" maxThreshold="32" />
  <references type="weak" candidates="663" cleared="0" enqueued="0" />
  <references type="phantom" candidates="77" cleared="0" enqueued="0" />
  <stringconstants candidates="4941" cleared="0"  />
</gc-op>
<gc-op id="1286" type="sweep" timems="0.328" contextid="1277" timestamp="2019-06-16T22:58:45.569" />
<mem-info id="1287" free="391840" total="11730944" percent="3">
  <mem type="nursery" free="375984" total="7602176" percent="4">
    <mem type="allocate" free="375984" total="5308416" percent="7" />
    <mem type="survivor" free="0" total="2293760" percent="0" />
  </mem>
  <mem type="tenure" free="15856" total="4128768" percent="0" micro-fragmented="0" macro-fragmented="0">
    <mem type="soa" free="15856" total="4128768" percent="0" />
    <mem type="loa" free="0" total="0" percent="0" />
  </mem>
  <remembered-set count="990" />
</mem-info>
<gc-op id="1288" type="compact" timems="19.276" contextid="1277" timestamp="2019-06-16T22:58:45.588">
  <compact-info movecount="87884" movebytes="3572144" reason="compact to aid heap contraction" />
</gc-op>
<gc-end id="1289" type="global" contextid="1277" durationms="24.162" usertimems="32.000" systemtimems="0.000" timestamp="2019-06-16T22:58:45.589" activeThreads="4">
  <mem-info id="1290" free="443448" total="11730944" percent="3">
    <mem type="nursery" free="427592" total="7602176" percent="5">
      <mem type="allocate" free="427592" total="5308416" percent="8" />
      <mem type="survivor" free="0" total="2293760" percent="0" />
    </mem>
    <mem type="tenure" free="15856" total="4128768" percent="0">
      <mem type="soa" free="15856" total="4128768" percent="0" />
      <mem type="loa" free="0" total="0" percent="0" />
    </mem>
    <remembered-set count="990" />
  </mem-info>
</gc-end>
<cycle-end id="1291" type="global" contextid="1277" timestamp="2019-06-16T22:58:45.589" />
  <attribute name="elasticGC enabled" value="1" />
  <attribute name= "numThreadsSpecified" value="4" />
  <attribute name="heapSize specified" value="11730944" />
  <attribute name="Current GC Util" value="28" />
  <attribute name= "Current Time Running" value="17165" />
  <attribute name ="GC Interval" value="400" />
  <attribute name="ProportionalT" value="4.000000" />
  <attribute name="ProportionalI" value="4.000000" />
  <attribute name="ProportionalH" value="4.000000" />
  <attribute name="Current Error" value="8.000000" />
  <attribute name="IntegralT" value="80.000000" />
  <attribute name="IntegralI" value="80.000000" />
  <attribute name="IntegralH" value="80.000000" />
  <attribute name="DerivativeT" value="-0.100000" />
  <attribute name="DerivativeI" value="-0.100000" />
  <attribute name="DerivativeH" value="-0.100000" />
  <attribute name="Loop Time for DT" value="20.000000" />
  <attribute name="Output H" value="8388608"/>
  <attribute name="Output I" value="200"/>
  <attribute name="Output T" value="4"/>
  <attribute name="Target GC Util Change" value ="20.000000" />
  <attribute name="Current GC Util Change" value="28.000000"/>
  <attribute name="GC Util currently" value="28" />
  <attribute name="CPU Util currently" value="237216139322" />
<concurrent-collection-end id="1292" timestamp="2019-06-16T22:58:45.589" />
<exclusive-end id="1293" timestamp="2019-06-16T22:58:45.589" durationms="24.757" />

<concurrent-kickoff id="1294" timestamp="2019-06-16T22:58:45.589">
  <kickoff reason="threshold reached" targetBytes="3811231" thresholdFreeBytes="527144"  remainingFree="411208" tenureFreeBytes="15856" nurseryFreeBytes="411208" />
</concurrent-kickoff>
<exclusive-start id="1295" timestamp="2019-06-16T22:58:45.589" intervalms="25.275">
  <response-info timems="0.093" idlems="0.093" threads="0" lastid="0000000000D47000" lastname="PmdThread 4" />
</exclusive-start>
<cycle-start id="1296" type="global" contextid="0" timestamp="2019-06-16T22:58:45.590" intervalms="27.340" />
<exclusive-end id="1297" timestamp="2019-06-16T22:58:45.590" durationms="0.183" />

<exclusive-start id="1298" timestamp="2019-06-16T22:58:45.592" intervalms="2.619">
  <response-info timems="0.069" idlems="0.044" threads="1" lastid="0000000000D43400" lastname="PmdThread 3" />
</exclusive-start>
<concurrent-collection-start id="1299" timestamp="2019-06-16T22:58:45.592" intervalms="27.906" >
  <concurrent-trace-info reason="card cleaning threshold reached" tracedByMutators="700712" tracedByHelpers="862584" cardsCleaned="2" workStackOverflowCount="0" />
</concurrent-collection-start>
<gc-start id="1300" type="global" contextid="1296" timestamp="2019-06-16T22:58:45.592">
  <mem-info id="1301" free="107576" total="11730944" percent="0">
    <mem type="nursery" free="91720" total="7602176" percent="1">
      <mem type="allocate" free="91720" total="5308416" percent="1" />
      <mem type="survivor" free="0" total="2293760" percent="0" />
    </mem>
    <mem type="tenure" free="15856" total="4128768" percent="0">
      <mem type="soa" free="15856" total="4128768" percent="0" />
      <mem type="loa" free="0" total="0" percent="0" />
    </mem>
    <remembered-set count="991" />
  </mem-info>
</gc-start>
<allocation-stats totalBytes="335312" >
  <allocated-bytes non-tlh="0" tlh="335312" />
  <largest-consumer threadName="PmdThread 1" threadId="0000000000D3BC00" bytes="159232" />
</allocation-stats>
<gc-op id="1302" type="rs-scan" timems="0.177" contextid="1296" timestamp="2019-06-16T22:58:45.593">
  <scan objectsFound="147" bytesTraced="17608" workStackOverflowCount="0" />
</gc-op>
<gc-op id="1303" type="card-cleaning" timems="1.145" contextid="1296" timestamp="2019-06-16T22:58:45.594">
  <card-cleaning cardsCleaned="2" bytesTraced="1869352" workStackOverflowCount="0" />
</gc-op>
<gc-op id="1304" type="mark" timems="1.793" contextid="1296" timestamp="2019-06-16T22:58:45.596">
  <trace-info objectcount="86799" scancount="80594" scanbytes="2938268" />
  <finalization candidates="58" enqueued="0" />
  <ownableSynchronizers candidates="8" cleared="0" />
  <references type="soft" candidates="91" cleared="0" enqueued="0" dynamicThreshold="0" maxThreshold="32" />
  <references type="weak" candidates="669" cleared="7" enqueued="7" />
  <references type="phantom" candidates="77" cleared="1" enqueued="1" />
  <stringconstants candidates="4941" cleared="0"  />
</gc-op>
<gc-op id="1305" type="sweep" timems="0.296" contextid="1296" timestamp="2019-06-16T22:58:45.596" />
<mem-info id="1306" free="408120" total="11730944" percent="3">
  <mem type="nursery" free="392264" total="7602176" percent="5">
    <mem type="allocate" free="392264" total="5308416" percent="7" />
    <mem type="survivor" free="0" total="2293760" percent="0" />
  </mem>
  <mem type="tenure" free="15856" total="4128768" percent="0" micro-fragmented="0" macro-fragmented="10920">
    <mem type="soa" free="15856" total="4128768" percent="0" />
    <mem type="loa" free="0" total="0" percent="0" />
  </mem>
  <pending-finalizers system="0" default="0" reference="8" classloader="0" />
  <remembered-set count="991" />
</mem-info>
<gc-op id="1307" type="compact" timems="17.189" contextid="1296" timestamp="2019-06-16T22:58:45.614">
  <compact-info movecount="75940" movebytes="3117504" reason="compact to aid heap contraction" />
</gc-op>
<gc-end id="1308" type="global" contextid="1296" durationms="21.606" usertimems="28.000" systemtimems="0.000" timestamp="2019-06-16T22:58:45.614" activeThreads="4">
  <mem-info id="1309" free="444680" total="11730944" percent="3">
    <mem type="nursery" free="428824" total="7602176" percent="5">
      <mem type="allocate" free="428824" total="5308416" percent="8" />
      <mem type="survivor" free="0" total="2293760" percent="0" />
    </mem>
    <mem type="tenure" free="15856" total="4128768" percent="0">
      <mem type="soa" free="15856" total="4128768" percent="0" />
      <mem type="loa" free="0" total="0" percent="0" />
    </mem>
    <pending-finalizers system="0" default="0" reference="8" classloader="0" />
    <remembered-set count="991" />
  </mem-info>
</gc-end>
<cycle-end id="1310" type="global" contextid="1296" timestamp="2019-06-16T22:58:45.614" />
  <attribute name="elasticGC enabled" value="1" />
  <attribute name= "numThreadsSpecified" value="4" />
  <attribute name="heapSize specified" value="11730944" />
  <attribute name="Current GC Util" value="30" />
  <attribute name= "Current Time Running" value="17190" />
  <attribute name ="GC Interval" value="400" />
  <attribute name="ProportionalT" value="5.000000" />
  <attribute name="ProportionalI" value="5.000000" />
  <attribute name="ProportionalH" value="5.000000" />
  <attribute name="Current Error" value="10.000000" />
  <attribute name="IntegralT" value="85.000000" />
  <attribute name="IntegralI" value="85.000000" />
  <attribute name="IntegralH" value="85.000000" />
  <attribute name="DerivativeT" value="-0.411765" />
  <attribute name="DerivativeI" value="-0.411765" />
  <attribute name="DerivativeH" value="-0.411765" />
  <attribute name="Loop Time for DT" value="17.000000" />
  <attribute name="Output H" value="8388608"/>
  <attribute name="Output I" value="200"/>
  <attribute name="Output T" value="4"/>
  <attribute name="Target GC Util Change" value ="20.000000" />
  <attribute name="Current GC Util Change" value="30.000000"/>
  <attribute name="GC Util currently" value="30" />
  <attribute name="CPU Util currently" value="266029589932" />
<concurrent-collection-end id="1311" timestamp="2019-06-16T22:58:45.614" />
<exclusive-end id="1312" timestamp="2019-06-16T22:58:45.614" durationms="22.158" />

<concurrent-kickoff id="1313" timestamp="2019-06-16T22:58:45.614">
  <kickoff reason="threshold reached" targetBytes="3361622" thresholdFreeBytes="460071"  remainingFree="416536" tenureFreeBytes="15856" nurseryFreeBytes="416536" />
</concurrent-kickoff>
<exclusive-start id="1314" timestamp="2019-06-16T22:58:45.614" intervalms="22.396">
  <response-info timems="0.028" idlems="0.026" threads="1" lastid="0000000000D3F800" lastname="PmdThread 2" />
</exclusive-start>
<cycle-start id="1315" type="global" contextid="0" timestamp="2019-06-16T22:58:45.615" intervalms="25.017" />
<exclusive-end id="1316" timestamp="2019-06-16T22:58:45.615" durationms="0.156" />

<exclusive-start id="1317" timestamp="2019-06-16T22:58:45.617" intervalms="2.278">
  <response-info timems="0.077" idlems="0.046" threads="3" lastid="0000000000D43400" lastname="PmdThread 3" />
</exclusive-start>
<concurrent-collection-start id="1318" timestamp="2019-06-16T22:58:45.617" intervalms="24.673" >
  <concurrent-trace-info reason="card cleaning threshold reached" tracedByMutators="766420" tracedByHelpers="807156" cardsCleaned="20" workStackOverflowCount="0" />
</concurrent-collection-start>
<gc-start id="1319" type="global" contextid="1315" timestamp="2019-06-16T22:58:45.617">
  <mem-info id="1320" free="117000" total="11730944" percent="0">
    <mem type="nursery" free="101144" total="7602176" percent="1">
      <mem type="allocate" free="101144" total="5308416" percent="1" />
      <mem type="survivor" free="0" total="2293760" percent="0" />
    </mem>
    <mem type="tenure" free="15856" total="4128768" percent="0">
      <mem type="soa" free="15856" total="4128768" percent="0" />
      <mem type="loa" free="0" total="0" percent="0" />
    </mem>
    <remembered-set count="997" />
  </mem-info>
</gc-start>
<allocation-stats totalBytes="327440" >
  <allocated-bytes non-tlh="0" tlh="327440" />
  <largest-consumer threadName="PmdThread 3" threadId="0000000000D43400" bytes="184280" />
</allocation-stats>
<gc-op id="1321" type="rs-scan" timems="0.193" contextid="1315" timestamp="2019-06-16T22:58:45.617">
  <scan objectsFound="194" bytesTraced="22444" workStackOverflowCount="0" />
</gc-op>
<gc-op id="1322" type="card-cleaning" timems="2.111" contextid="1315" timestamp="2019-06-16T22:58:45.619">
  <card-cleaning cardsCleaned="6" bytesTraced="4647732" workStackOverflowCount="0" />
</gc-op>
<gc-op id="1323" type="mark" timems="0.765" contextid="1315" timestamp="2019-06-16T22:58:45.620">
  <trace-info objectcount="4775" scancount="4267" scanbytes="144888" />
  <finalization candidates="58" enqueued="0" />
  <ownableSynchronizers candidates="8" cleared="0" />
  <references type="soft" candidates="94" cleared="3" enqueued="0" dynamicThreshold="0" maxThreshold="32" />
  <references type="weak" candidates="664" cleared="2" enqueued="2" />
  <references type="phantom" candidates="76" cleared="0" enqueued="0" />
  <stringconstants candidates="4941" cleared="0"  />
</gc-op>
<gc-op id="1324" type="sweep" timems="0.342" contextid="1315" timestamp="2019-06-16T22:58:45.621" />
<mem-info id="1325" free="493720" total="11730944" percent="4">
  <mem type="nursery" free="477864" total="7602176" percent="6">
    <mem type="allocate" free="477864" total="5308416" percent="9" />
    <mem type="survivor" free="0" total="2293760" percent="0" />
  </mem>
  <mem type="tenure" free="15856" total="4128768" percent="0" micro-fragmented="0" macro-fragmented="0">
    <mem type="soa" free="15856" total="4128768" percent="0" />
    <mem type="loa" free="0" total="0" percent="0" />
  </mem>
  <pending-finalizers system="0" default="0" reference="2" classloader="0" />
  <remembered-set count="997" />
</mem-info>
<gc-op id="1326" type="compact" timems="16.761" contextid="1315" timestamp="2019-06-16T22:58:45.638">
  <compact-info movecount="71746" movebytes="2900848" reason="compact to aid heap contraction" />
</gc-op>
<gc-end id="1327" type="global" contextid="1315" durationms="21.285" usertimems="20.000" systemtimems="8.000" timestamp="2019-06-16T22:58:45.638" activeThreads="4">
  <mem-info id="1328" free="527280" total="11730944" percent="4">
    <mem type="nursery" free="511424" total="7602176" percent="6">
      <mem type="allocate" free="511424" total="5308416" percent="9" />
      <mem type="survivor" free="0" total="2293760" percent="0" />
    </mem>
    <mem type="tenure" free="15856" total="4128768" percent="0">
      <mem type="soa" free="15856" total="4128768" percent="0" />
      <mem type="loa" free="0" total="0" percent="0" />
    </mem>
    <pending-finalizers system="0" default="0" reference="2" classloader="0" />
    <remembered-set count="997" />
  </mem-info>
</gc-end>
<cycle-end id="1329" type="global" contextid="1315" timestamp="2019-06-16T22:58:45.638" />
  <attribute name="elasticGC enabled" value="1" />
  <attribute name= "numThreadsSpecified" value="4" />
  <attribute name="heapSize specified" value="11730944" />
  <attribute name="Current GC Util" value="31" />
  <attribute name= "Current Time Running" value="17215" />
  <attribute name ="GC Interval" value="400" />
  <attribute name="ProportionalT" value="5.500000" />
  <attribute name="ProportionalI" value="5.500000" />
  <attribute name="ProportionalH" value="5.500000" />
  <attribute name="Current Error" value="11.000000" />
  <attribute name="IntegralT" value="93.500000" />
  <attribute name="IntegralI" value="93.500000" />
  <attribute name="IntegralH" value="93.500000" />
  <attribute name="DerivativeT" value="-0.588235" />
  <attribute name="DerivativeI" value="-0.588235" />
  <attribute name="DerivativeH" value="-0.588235" />
  <attribute name="Loop Time for DT" value="17.000000" />
  <attribute name="Output H" value="8388608"/>
  <attribute name="Output I" value="200"/>
  <attribute name="Output T" value="4"/>
  <attribute name="Target GC Util Change" value ="20.000000" />
  <attribute name="Current GC Util Change" value="31.000000"/>
  <attribute name="GC Util currently" value="31" />
  <attribute name="CPU Util currently" value="272569066859" />
<concurrent-collection-end id="1330" timestamp="2019-06-16T22:58:45.638" />
<exclusive-end id="1331" timestamp="2019-06-16T22:58:45.639" durationms="21.889" />

<concurrent-kickoff id="1332" timestamp="2019-06-16T22:58:45.639">
  <kickoff reason="threshold reached" targetBytes="3004735" thresholdFreeBytes="411897"  remainingFree="392640" tenureFreeBytes="15856" nurseryFreeBytes="392640" />
</concurrent-kickoff>
<exclusive-start id="1333" timestamp="2019-06-16T22:58:45.639" intervalms="22.395">
  <response-info timems="0.103" idlems="0.103" threads="0" lastid="0000000000D3BC00" lastname="PmdThread 1" />
</exclusive-start>
<cycle-start id="1334" type="global" contextid="0" timestamp="2019-06-16T22:58:45.639" intervalms="24.668" />
<exclusive-end id="1335" timestamp="2019-06-16T22:58:45.639" durationms="0.175" />

<exclusive-start id="1336" timestamp="2019-06-16T22:58:45.641" intervalms="1.827">
  <response-info timems="0.057" idlems="0.028" threads="2" lastid="0000000000A2F300" lastname="JIT Compilation Thread-0" />
</exclusive-start>
<concurrent-collection-start id="1337" timestamp="2019-06-16T22:58:45.641" intervalms="24.218" >
  <concurrent-trace-info reason="card cleaning threshold reached" tracedByMutators="883284" tracedByHelpers="684216" cardsCleaned="12" workStackOverflowCount="0" />
</concurrent-collection-start>
<gc-start id="1338" type="global" contextid="1334" timestamp="2019-06-16T22:58:45.641">
  <mem-info id="1339" free="19376" total="11730944" percent="0">
    <mem type="nursery" free="3520" total="7602176" percent="0">
      <mem type="allocate" free="3520" total="5308416" percent="0" />
      <mem type="survivor" free="0" total="2293760" percent="0" />
    </mem>
    <mem type="tenure" free="15856" total="4128768" percent="0">
      <mem type="soa" free="15856" total="4128768" percent="0" />
      <mem type="loa" free="0" total="0" percent="0" />
    </mem>
    <remembered-set count="999" />
  </mem-info>
</gc-start>
<allocation-stats totalBytes="507576" >
  <allocated-bytes non-tlh="0" tlh="507576" />
  <largest-consumer threadName="PmdThread 1" threadId="0000000000D3BC00" bytes="278504" />
</allocation-stats>
<gc-op id="1340" type="rs-scan" timems="0.820" contextid="1334" timestamp="2019-06-16T22:58:45.642">
  <scan objectsFound="167" bytesTraced="21520" workStackOverflowCount="0" />
</gc-op>
<gc-op id="1341" type="card-cleaning" timems="3.412" contextid="1334" timestamp="2019-06-16T22:58:45.646">
  <card-cleaning cardsCleaned="6" bytesTraced="4655348" workStackOverflowCount="0" />
</gc-op>
<gc-op id="1342" type="mark" timems="0.915" contextid="1334" timestamp="2019-06-16T22:58:45.647">
  <trace-info objectcount="4779" scancount="4261" scanbytes="144552" />
  <finalization candidates="58" enqueued="0" />
  <ownableSynchronizers candidates="8" cleared="0" />
  <references type="soft" candidates="92" cleared="1" enqueued="0" dynamicThreshold="0" maxThreshold="32" />
  <references type="weak" candidates="663" cleared="1" enqueued="1" />
  <references type="phantom" candidates="77" cleared="1" enqueued="1" />
  <stringconstants candidates="4941" cleared="0"  />
</gc-op>
<gc-op id="1343" type="sweep" timems="0.250" contextid="1334" timestamp="2019-06-16T22:58:45.647" />
<mem-info id="1344" free="476504" total="11730944" percent="4">
  <mem type="nursery" free="460648" total="7602176" percent="6">
    <mem type="allocate" free="460648" total="5308416" percent="8" />
    <mem type="survivor" free="0" total="2293760" percent="0" />
  </mem>
  <mem type="tenure" free="15856" total="4128768" percent="0" micro-fragmented="0" macro-fragmented="0">
    <mem type="soa" free="15856" total="4128768" percent="0" />
    <mem type="loa" free="0" total="0" percent="0" />
  </mem>
  <pending-finalizers system="0" default="0" reference="2" classloader="0" />
  <remembered-set count="999" />
</mem-info>
<gc-op id="1345" type="compact" timems="18.246" contextid="1334" timestamp="2019-06-16T22:58:45.665">
  <compact-info movecount="110828" movebytes="4598312" reason="compact to aid heap contraction" />
</gc-op>
<gc-end id="1346" type="global" contextid="1334" durationms="25.003" usertimems="40.000" systemtimems="0.000" timestamp="2019-06-16T22:58:45.666" activeThreads="4">
  <mem-info id="1347" free="508872" total="11730944" percent="4">
    <mem type="nursery" free="492792" total="7602176" percent="6">
      <mem type="allocate" free="492792" total="5308416" percent="9" />
      <mem type="survivor" free="0" total="2293760" percent="0" />
    </mem>
    <mem type="tenure" free="16080" total="4128768" percent="0">
      <mem type="soa" free="16080" total="4128768" percent="0" />
      <mem type="loa" free="0" total="0" percent="0" />
    </mem>
    <pending-finalizers system="0" default="0" reference="2" classloader="0" />
    <remembered-set count="999" />
  </mem-info>
</gc-end>
<cycle-end id="1348" type="global" contextid="1334" timestamp="2019-06-16T22:58:45.666" />
  <attribute name="elasticGC enabled" value="1" />
  <attribute name= "numThreadsSpecified" value="4" />
  <attribute name="heapSize specified" value="11730944" />
  <attribute name="Current GC Util" value="71" />
  <attribute name= "Current Time Running" value="17242" />
  <attribute name ="GC Interval" value="400" />
  <attribute name="ProportionalT" value="25.500000" />
  <attribute name="ProportionalI" value="25.500000" />
  <attribute name="ProportionalH" value="25.500000" />
  <attribute name="Current Error" value="51.000000" />
  <attribute name="IntegralT" value="459.000000" />
  <attribute name="IntegralI" value="459.000000" />
  <attribute name="IntegralH" value="459.000000" />
  <attribute name="DerivativeT" value="2.333333" />
  <attribute name="DerivativeI" value="2.333333" />
  <attribute name="DerivativeH" value="2.333333" />
  <attribute name="Loop Time for DT" value="18.000000" />
  <attribute name="Output H" value="8388608"/>
  <attribute name="Output I" value="488"/>
  <attribute name="Output T" value="4"/>
  <attribute name="Target GC Util Change" value ="20.000000" />
  <attribute name="Current GC Util Change" value="71.000000"/>
  <attribute name="GC Util currently" value="71" />
  <attribute name="CPU Util currently" value="250543782185" />
<concurrent-collection-end id="1349" timestamp="2019-06-16T22:58:45.666" />
<exclusive-end id="1350" timestamp="2019-06-16T22:58:45.666" durationms="25.497" />

<concurrent-kickoff id="1351" timestamp="2019-06-16T22:58:45.670">
  <kickoff reason="threshold reached" targetBytes="2717193" thresholdFreeBytes="365206"  remainingFree="357624" tenureFreeBytes="16080" nurseryFreeBytes="357624" />
</concurrent-kickoff>
<exclusive-start id="1352" timestamp="2019-06-16T22:58:45.680" intervalms="39.291">
  <response-info timems="6.586" idlems="6.586" threads="0" lastid="0000000000D47000" lastname="PmdThread 4" />
</exclusive-start>
<cycle-start id="1353" type="global" contextid="0" timestamp="2019-06-16T22:58:45.680" intervalms="41.141" />
<exclusive-end id="1354" timestamp="2019-06-16T22:58:45.680" durationms="0.204" />

<exclusive-start id="1355" timestamp="2019-06-16T22:58:45.683" intervalms="2.307">
  <response-info timems="0.027" idlems="0.027" threads="0" lastid="0000000000D3F800" lastname="PmdThread 2" />
</exclusive-start>
<concurrent-collection-start id="1356" timestamp="2019-06-16T22:58:45.683" intervalms="41.640" >
  <concurrent-trace-info reason="card cleaning threshold reached" tracedByMutators="803960" tracedByHelpers="687296" cardsCleaned="15" workStackOverflowCount="0" />
</concurrent-collection-start>
<gc-start id="1357" type="global" contextid="1353" timestamp="2019-06-16T22:58:45.683">
  <mem-info id="1358" free="70600" total="11730944" percent="0">
    <mem type="nursery" free="54520" total="7602176" percent="0">
      <mem type="allocate" free="54520" total="5308416" percent="1" />
      <mem type="survivor" free="0" total="2293760" percent="0" />
    </mem>
    <mem type="tenure" free="16080" total="4128768" percent="0">
      <mem type="soa" free="16080" total="4128768" percent="0" />
      <mem type="loa" free="0" total="0" percent="0" />
    </mem>
    <remembered-set count="1001" />
  </mem-info>
</gc-start>
<allocation-stats totalBytes="438056" >
  <allocated-bytes non-tlh="0" tlh="438056" />
  <largest-consumer threadName="PmdThread 4" threadId="0000000000D47000" bytes="212840" />
</allocation-stats>
<gc-op id="1359" type="rs-scan" timems="0.196" contextid="1353" timestamp="2019-06-16T22:58:45.683">
  <scan objectsFound="163" bytesTraced="21520" workStackOverflowCount="0" />
</gc-op>
<gc-op id="1360" type="card-cleaning" timems="2.264" contextid="1353" timestamp="2019-06-16T22:58:45.686">
  <card-cleaning cardsCleaned="6" bytesTraced="4717208" workStackOverflowCount="0" />
</gc-op>
<gc-op id="1361" type="mark" timems="0.910" contextid="1353" timestamp="2019-06-16T22:58:45.687">
  <trace-info objectcount="4952" scancount="4369" scanbytes="148780" />
  <finalization candidates="58" enqueued="0" />
  <ownableSynchronizers candidates="8" cleared="0" />
  <references type="soft" candidates="91" cleared="0" enqueued="0" dynamicThreshold="0" maxThreshold="32" />
  <references type="weak" candidates="662" cleared="0" enqueued="0" />
  <references type="phantom" candidates="76" cleared="0" enqueued="0" />
  <stringconstants candidates="4941" cleared="0"  />
</gc-op>
<gc-op id="1362" type="sweep" timems="0.299" contextid="1353" timestamp="2019-06-16T22:58:45.687" />
<mem-info id="1363" free="480344" total="11730944" percent="4">
  <mem type="nursery" free="321392" total="7602176" percent="4">
    <mem type="allocate" free="321392" total="5308416" percent="6" />
    <mem type="survivor" free="0" total="2293760" percent="0" />
  </mem>
  <mem type="tenure" free="158952" total="4128768" percent="3" micro-fragmented="6427" macro-fragmented="0">
    <mem type="soa" free="158952" total="4128768" percent="3" />
    <mem type="loa" free="0" total="0" percent="0" />
  </mem>
  <remembered-set count="1001" />
</mem-info>
<gc-op id="1364" type="compact" timems="18.640" contextid="1353" timestamp="2019-06-16T22:58:45.706">
  <compact-info movecount="85397" movebytes="3772496" reason="compact to aid heap contraction" />
</gc-op>
<heap-resize id="1365" type="contract" space="tenure" amount="131072" count="1" timems="0.087" reason="heap reconfiguration" timestamp="2019-06-16T22:58:45.706" />
<gc-end id="1366" type="global" contextid="1353" durationms="23.864" usertimems="36.000" systemtimems="0.000" timestamp="2019-06-16T22:58:45.707" activeThreads="4">
  <mem-info id="1367" free="455832" total="11599872" percent="3">
    <mem type="nursery" free="423432" total="7602176" percent="5">
      <mem type="allocate" free="423432" total="5308416" percent="7" />
      <mem type="survivor" free="0" total="2293760" percent="0" />
    </mem>
    <mem type="tenure" free="32400" total="3997696" percent="0">
      <mem type="soa" free="32400" total="3997696" percent="0" />
      <mem type="loa" free="0" total="0" percent="0" />
    </mem>
    <remembered-set count="1001" />
  </mem-info>
</gc-end>
<cycle-end id="1368" type="global" contextid="1353" timestamp="2019-06-16T22:58:45.707" />
  <attribute name="elasticGC enabled" value="1" />
  <attribute name= "numThreadsSpecified" value="4" />
  <attribute name="heapSize specified" value="11730944" />
  <attribute name="Current GC Util" value="51" />
  <attribute name= "Current Time Running" value="17283" />
  <attribute name ="GC Interval" value="400" />
  <attribute name="ProportionalT" value="15.500000" />
  <attribute name="ProportionalI" value="15.500000" />
  <attribute name="ProportionalH" value="15.500000" />
  <attribute name="Current Error" value="31.000000" />
  <attribute name="IntegralT" value="294.500000" />
  <attribute name="IntegralI" value="294.500000" />
  <attribute name="IntegralH" value="294.500000" />
  <attribute name="DerivativeT" value="1.631579" />
  <attribute name="DerivativeI" value="1.631579" />
  <attribute name="DerivativeH" value="1.631579" />
  <attribute name="Loop Time for DT" value="19.000000" />
  <attribute name="Output H" value="8388608"/>
  <attribute name="Output I" value="312"/>
  <attribute name="Output T" value="4"/>
  <attribute name="Target GC Util Change" value ="20.000000" />
  <attribute name="Current GC Util Change" value="51.000000"/>
  <attribute name="GC Util currently" value="51" />
  <attribute name="CPU Util currently" value="245478158924" />
<concurrent-collection-end id="1369" timestamp="2019-06-16T22:58:45.707" />
<exclusive-end id="1370" timestamp="2019-06-16T22:58:45.707" durationms="24.377" />

<concurrent-kickoff id="1371" timestamp="2019-06-16T22:58:45.707">
  <kickoff reason="threshold reached" targetBytes="1585926" thresholdFreeBytes="209531"  remainingFree="185848" tenureFreeBytes="32400" nurseryFreeBytes="157176" />
</concurrent-kickoff>
<exclusive-start id="1372" timestamp="2019-06-16T22:58:45.707" intervalms="24.802">
  <response-info timems="0.050" idlems="0.050" threads="0" lastid="0000000000D47000" lastname="PmdThread 4" />
</exclusive-start>
<cycle-start id="1373" type="global" contextid="0" timestamp="2019-06-16T22:58:45.707" intervalms="27.047" />
<exclusive-end id="1374" timestamp="2019-06-16T22:58:45.707" durationms="0.104" />

<exclusive-start id="1375" timestamp="2019-06-16T22:58:45.710" intervalms="2.479">
  <response-info timems="0.030" idlems="0.030" threads="0" lastid="0000000000D3F800" lastname="PmdThread 2" />
</exclusive-start>
<concurrent-collection-start id="1376" timestamp="2019-06-16T22:58:45.710" intervalms="27.247" >
  <concurrent-trace-info reason="card cleaning threshold reached" tracedByMutators="347468" tracedByHelpers="1140388" cardsCleaned="11" workStackOverflowCount="0" />
</concurrent-collection-start>
<gc-start id="1377" type="global" contextid="1373" timestamp="2019-06-16T22:58:45.710">
  <mem-info id="1378" free="32400" total="11599872" percent="0">
    <mem type="nursery" free="0" total="7602176" percent="0">
      <mem type="allocate" free="0" total="5308416" percent="0" />
      <mem type="survivor" free="0" total="2293760" percent="0" />
    </mem>
    <mem type="tenure" free="32400" total="3997696" percent="0">
      <mem type="soa" free="32400" total="3997696" percent="0" />
      <mem type="loa" free="0" total="0" percent="0" />
    </mem>
    <remembered-set count="1001" />
  </mem-info>
</gc-start>
<allocation-stats totalBytes="411544" >
  <allocated-bytes non-tlh="32784" tlh="378760" />
  <largest-consumer threadName="PmdThread 4" threadId="0000000000D47000" bytes="163752" />
</allocation-stats>
<gc-op id="1379" type="rs-scan" timems="0.189" contextid="1373" timestamp="2019-06-16T22:58:45.710">
  <scan objectsFound="117" bytesTraced="19868" workStackOverflowCount="0" />
</gc-op>
<gc-op id="1380" type="card-cleaning" timems="1.620" contextid="1373" timestamp="2019-06-16T22:58:45.712">
  <card-cleaning cardsCleaned="4" bytesTraced="2934960" workStackOverflowCount="0" />
</gc-op>
<gc-op id="1381" type="mark" timems="2.107" contextid="1373" timestamp="2019-06-16T22:58:45.714">
  <trace-info objectcount="57754" scancount="54171" scanbytes="1964476" />
  <finalization candidates="58" enqueued="0" />
  <ownableSynchronizers candidates="8" cleared="0" />
  <references type="soft" candidates="91" cleared="0" enqueued="0" dynamicThreshold="0" maxThreshold="32" />
  <references type="weak" candidates="674" cleared="12" enqueued="12" />
  <references type="phantom" candidates="77" cleared="0" enqueued="0" />
  <stringconstants candidates="4941" cleared="0"  />
</gc-op>
<gc-op id="1382" type="sweep" timems="0.594" contextid="1373" timestamp="2019-06-16T22:58:45.715" />
<mem-info id="1383" free="299608" total="11599872" percent="2">
  <mem type="nursery" free="267208" total="7602176" percent="3">
    <mem type="allocate" free="267208" total="5308416" percent="5" />
    <mem type="survivor" free="0" total="2293760" percent="0" />
  </mem>
  <mem type="tenure" free="32400" total="3997696" percent="0" micro-fragmented="0" macro-fragmented="27173">
    <mem type="soa" free="32400" total="3997696" percent="0" />
    <mem type="loa" free="0" total="0" percent="0" />
  </mem>
  <pending-finalizers system="0" default="0" reference="12" classloader="0" />
  <remembered-set count="1000" />
</mem-info>
<gc-op id="1384" type="compact" timems="17.321" contextid="1373" timestamp="2019-06-16T22:58:45.732">
  <compact-info movecount="122628" movebytes="5278456" reason="compact to aid heap contraction" />
</gc-op>
<gc-end id="1385" type="global" contextid="1373" durationms="22.805" usertimems="52.000" systemtimems="0.000" timestamp="2019-06-16T22:58:45.733" activeThreads="4">
  <mem-info id="1386" free="363976" total="11599872" percent="3">
    <mem type="nursery" free="331128" total="7602176" percent="4">
      <mem type="allocate" free="331128" total="5308416" percent="6" />
      <mem type="survivor" free="0" total="2293760" percent="0" />
    </mem>
    <mem type="tenure" free="32848" total="3997696" percent="0">
      <mem type="soa" free="32848" total="3997696" percent="0" />
      <mem type="loa" free="0" total="0" percent="0" />
    </mem>
    <pending-finalizers system="0" default="0" reference="12" classloader="0" />
    <remembered-set count="1000" />
  </mem-info>
</gc-end>
<cycle-end id="1387" type="global" contextid="1373" timestamp="2019-06-16T22:58:45.733" />
  <attribute name="elasticGC enabled" value="1" />
  <attribute name= "numThreadsSpecified" value="4" />
  <attribute name="heapSize specified" value="11599872" />
  <attribute name="Current GC Util" value="167" />
  <attribute name= "Current Time Running" value="17309" />
  <attribute name ="GC Interval" value="400" />
  <attribute name="ProportionalT" value="73.500000" />
  <attribute name="ProportionalI" value="73.500000" />
  <attribute name="ProportionalH" value="73.500000" />
  <attribute name="Current Error" value="147.000000" />
  <attribute name="IntegralT" value="1249.500000" />
  <attribute name="IntegralI" value="1249.500000" />
  <attribute name="IntegralH" value="1249.500000" />
  <attribute name="DerivativeT" value="4.000000" />
  <attribute name="DerivativeI" value="4.000000" />
  <attribute name="DerivativeH" value="4.000000" />
  <attribute name="Loop Time for DT" value="17.000000" />
  <attribute name="Output H" value="8388608"/>
  <attribute name="Output I" value="1328"/>
  <attribute name="Output T" value="4"/>
  <attribute name="Target GC Util Change" value ="20.000000" />
  <attribute name="Current GC Util Change" value="167.000000"/>
  <attribute name="GC Util currently" value="167" />
  <attribute name="CPU Util currently" value="264149967823" />
<concurrent-collection-end id="1388" timestamp="2019-06-16T22:58:45.733" />
<exclusive-end id="1389" timestamp="2019-06-16T22:58:45.733" durationms="23.448" />

<concurrent-kickoff id="1390" timestamp="2019-06-16T22:58:45.734">
  <kickoff reason="threshold reached" targetBytes="1565888" thresholdFreeBytes="209110"  remainingFree="187768" tenureFreeBytes="32848" nurseryFreeBytes="187768" />
</concurrent-kickoff>
<exclusive-start id="1391" timestamp="2019-06-16T22:58:45.734" intervalms="24.080">
  <response-info timems="0.029" idlems="0.029" threads="0" lastid="0000000000D3F800" lastname="PmdThread 2" />
</exclusive-start>
<cycle-start id="1392" type="global" contextid="0" timestamp="2019-06-16T22:58:45.734" intervalms="26.632" />
<exclusive-end id="1393" timestamp="2019-06-16T22:58:45.734" durationms="0.253" />

<exclusive-start id="1394" timestamp="2019-06-16T22:58:45.737" intervalms="2.905">
  <response-info timems="0.082" idlems="0.082" threads="0" lastid="0000000000D3F800" lastname="PmdThread 2" />
</exclusive-start>
<af-start id="1395" threadId="0000000000D40188" totalBytesRequested="776" timestamp="2019-06-16T22:58:45.737" intervalms="277.634" type="nursery" />
<percolate-collect id="1396" from="nursery" to="global" reason="concurrent mark exhausted" timestamp="2019-06-16T22:58:45.737"/>
<gc-start id="1397" type="global" contextid="1392" timestamp="2019-06-16T22:58:45.737">
  <mem-info id="1398" free="32848" total="11599872" percent="0">
    <mem type="nursery" free="0" total="7602176" percent="0">
      <mem type="allocate" free="0" total="5308416" percent="0" />
      <mem type="survivor" free="0" total="2293760" percent="0" />
    </mem>
    <mem type="tenure" free="32848" total="3997696" percent="0">
      <mem type="soa" free="32848" total="3997696" percent="0" />
      <mem type="loa" free="0" total="0" percent="0" />
    </mem>
    <remembered-set count="1000" />
  </mem-info>
</gc-start>
<allocation-stats totalBytes="329688" >
  <allocated-bytes non-tlh="0" tlh="329688" />
  <largest-consumer threadName="PmdThread 3" threadId="0000000000D43400" bytes="154920" />
</allocation-stats>
<concurrent-halted id="1399" timestamp="2019-06-16T22:58:45.737">
  <halted state="Complete" status="exhausted" />
  <traced bytesTarget="1565888" bytesTotal="1485472" bytesByMutator="654560" bytesByHelper="830912" percent="94" />
  <cards cleaned="2" thresholdBytes="82376" />
</concurrent-halted>
<gc-op id="1400" type="rs-scan" timems="0.933" contextid="1392" timestamp="2019-06-16T22:58:45.738">
  <scan objectsFound="154" bytesTraced="19832" workStackOverflowCount="0" />
</gc-op>
<gc-op id="1401" type="card-cleaning" timems="1.202" contextid="1392" timestamp="2019-06-16T22:58:45.739">
  <card-cleaning cardsCleaned="2" bytesTraced="1975840" workStackOverflowCount="0" />
</gc-op>
<gc-op id="1402" type="mark" timems="2.290" contextid="1392" timestamp="2019-06-16T22:58:45.742">
  <trace-info objectcount="86794" scancount="80686" scanbytes="2945640" />
  <finalization candidates="58" enqueued="0" />
  <ownableSynchronizers candidates="8" cleared="0" />
  <references type="soft" candidates="91" cleared="0" enqueued="0" dynamicThreshold="0" maxThreshold="32" />
  <references type="weak" candidates="682" cleared="20" enqueued="20" />
  <references type="phantom" candidates="77" cleared="0" enqueued="0" />
  <stringconstants candidates="4941" cleared="0"  />
</gc-op>
<gc-op id="1403" type="sweep" timems="0.582" contextid="1392" timestamp="2019-06-16T22:58:45.742" />
<mem-info id="1404" free="307080" total="11599872" percent="2">
  <mem type="nursery" free="274232" total="7602176" percent="3">
    <mem type="allocate" free="274232" total="5308416" percent="5" />
    <mem type="survivor" free="0" total="2293760" percent="0" />
  </mem>
  <mem type="tenure" free="32848" total="3997696" percent="0" micro-fragmented="0" macro-fragmented="0">
    <mem type="soa" free="32848" total="3997696" percent="0" />
    <mem type="loa" free="0" total="0" percent="0" />
  </mem>
  <pending-finalizers system="0" default="0" reference="20" classloader="0" />
  <remembered-set count="1000" />
</mem-info>
<gc-op id="1405" type="compact" timems="18.622" contextid="1392" timestamp="2019-06-16T22:58:45.761">
  <compact-info movecount="58308" movebytes="2397000" reason="compact to aid heap contraction" />
</gc-op>
<heap-resize id="1406" type="expand" space="tenure" amount="2081030144" count="1" timems="0.021" reason="satisfy allocation request" timestamp="2019-06-16T22:58:45.762" />
<gc-end id="1407" type="global" contextid="1392" durationms="24.807" usertimems="36.000" systemtimems="0.000" timestamp="2019-06-16T22:58:45.762" activeThreads="4">
  <mem-info id="1408" free="2081372880" total="2092630016" percent="99">
    <mem type="nursery" free="309888" total="7602176" percent="4">
      <mem type="allocate" free="309888" total="5308416" percent="5" />
      <mem type="survivor" free="0" total="2293760" percent="0" />
    </mem>
    <mem type="tenure" free="2081062992" total="2085027840" percent="99">
      <mem type="soa" free="2081062992" total="2085027840" percent="99" />
      <mem type="loa" free="0" total="0" percent="0" />
    </mem>
    <pending-finalizers system="0" default="0" reference="20" classloader="0" />
    <remembered-set count="1000" />
  </mem-info>
</gc-end>
<cycle-end id="1409" type="global" contextid="1392" timestamp="2019-06-16T22:58:45.762" />
  <attribute name="elasticGC enabled" value="1" />
  <attribute name= "numThreadsSpecified" value="4" />
  <attribute name="heapSize specified" value="11599872" />
  <attribute name="Current GC Util" value="0" />
  <attribute name= "Current Time Running" value="17338" />
  <attribute name ="GC Interval" value="400" />
  <attribute name="ProportionalT" value="-10.000000" />
  <attribute name="ProportionalI" value="-10.000000" />
  <attribute name="ProportionalH" value="-10.000000" />
  <attribute name="Current Error" value="-20.000000" />
  <attribute name="IntegralT" value="-190.000000" />
  <attribute name="IntegralI" value="-190.000000" />
  <attribute name="IntegralH" value="-190.000000" />
  <attribute name="DerivativeT" value="-4.842105" />
  <attribute name="DerivativeI" value="-4.842105" />
  <attribute name="DerivativeH" value="-4.842105" />
  <attribute name="Loop Time for DT" value="19.000000" />
  <attribute name="Output H" value="2092630016"/>
  <attribute name="Output I" value="200"/>
  <attribute name="Output T" value="4"/>
  <attribute name="Target GC Util Change" value ="20.000000" />
  <attribute name="Current GC Util Change" value="0.000000"/>
  <attribute name="GC Util currently" value="0" />
  <attribute name="CPU Util currently" value="246102843207" />
<allocation-satisfied id="1410" threadId="0000000000D3F800" bytesRequested="776" />
<af-end id="1411" timestamp="2019-06-16T22:58:45.762" threadId="0000000000D40188" success="true" from="nursery"/>
<exclusive-end id="1412" timestamp="2019-06-16T22:58:45.762" durationms="25.568" />

<exclusive-start id="1413" timestamp="2019-06-16T22:58:45.763" intervalms="26.557">
  <response-info timems="0.117" idlems="0.068" threads="1" lastid="0000000000A32F00" lastname="JIT Compilation Thread-1" />
</exclusive-start>
<af-start id="1414" threadId="0000000000D47988" totalBytesRequested="56" timestamp="2019-06-16T22:58:45.763" intervalms="26.530" type="nursery" />
<cycle-start id="1415" type="scavenge" contextid="0" timestamp="2019-06-16T22:58:45.764" intervalms="304.109" />
<gc-start id="1416" type="scavenge" contextid="1415" timestamp="2019-06-16T22:58:45.764">
  <mem-info id="1417" free="2081062992" total="2092630016" percent="99">
    <mem type="nursery" free="0" total="7602176" percent="0">
      <mem type="allocate" free="0" total="5308416" percent="0" />
      <mem type="survivor" free="0" total="2293760" percent="0" />
    </mem>
    <mem type="tenure" free="2081062992" total="2085027840" percent="99">
      <mem type="soa" free="2081062992" total="2085027840" percent="99" />
      <mem type="loa" free="0" total="0" percent="0" />
    </mem>
    <remembered-set count="1000" />
  </mem-info>
</gc-start>
<allocation-stats totalBytes="309528" >
  <allocated-bytes non-tlh="776" tlh="308752" />
  <largest-consumer threadName="PmdThread 2" threadId="0000000000D3F800" bytes="184840" />
</allocation-stats>
<gc-op id="1418" type="scavenge" timems="5.905" contextid="1415" timestamp="2019-06-16T22:58:45.770">
  <scavenger-info tenureage="1" tenuremask="7ffe" tiltratio="69" />
  <memory-copied type="nursery" objects="24611" bytes="984120" bytesdiscarded="158384" />
  <memory-copied type="tenure" objects="101944" bytes="4052352" bytesdiscarded="792" />
  <ownableSynchronizers candidates="16" cleared="16" />
  <references type="weak" candidates="24" cleared="24" enqueued="24" />
  <references type="phantom" candidates="1" cleared="0" enqueued="0" />
</gc-op>
<gc-end id="1419" type="scavenge" contextid="1415" durationms="6.275" usertimems="12.000" systemtimems="0.000" timestamp="2019-06-16T22:58:45.770" activeThreads="4">
  <mem-info id="1420" free="2081265664" total="2092630016" percent="99">
    <mem type="nursery" free="4493552" total="7602176" percent="59">
      <mem type="allocate" free="4493552" total="5636096" percent="79" />
      <mem type="survivor" free="0" total="1966080" percent="0" />
    </mem>
    <mem type="tenure" free="2076772112" total="2085027840" percent="99" macro-fragmented="196632">
      <mem type="soa" free="2076772112" total="2085027840" percent="99" />
      <mem type="loa" free="0" total="0" percent="0" />
    </mem>
    <pending-finalizers system="0" default="0" reference="24" classloader="0" />
    <remembered-set count="1534" />
  </mem-info>
</gc-end>
<cycle-end id="1421" type="scavenge" contextid="1415" timestamp="2019-06-16T22:58:45.770" />
  <attribute name="elasticGC enabled" value="1" />
  <attribute name= "numThreadsSpecified" value="4" />
  <attribute name="heapSize specified" value="11599872" />
  <attribute name="Current GC Util" value="2166" />
  <attribute name= "Current Time Running" value="17340" />
  <attribute name ="GC Interval" value="4000" />
  <attribute name="ProportionalT" value="1073.000000" />
  <attribute name="ProportionalI" value="1073.000000" />
  <attribute name="ProportionalH" value="1073.000000" />
  <attribute name="Current Error" value="2146.000000" />
  <attribute name="IntegralT" value="2146.000000" />
  <attribute name="IntegralI" value="2146.000000" />
  <attribute name="IntegralH" value="2146.000000" />
  <attribute name="DerivativeT" value="1073.000000" />
  <attribute name="DerivativeI" value="1073.000000" />
  <attribute name="DerivativeH" value="1073.000000" />
  <attribute name="Loop Time for DT" value="2.000000" />
  <attribute name="Output H" value="8388608"/>
  <attribute name="Output I" value="4000"/>
  <attribute name="Output T" value="4"/>
  <attribute name="Target GC Util Change" value ="20.000000" />
  <attribute name="Current GC Util Change" value="2166.000000"/>
  <attribute name="GC Util currently" value="2166" />
  <attribute name="CPU Util currently" value="2165830700891" />
<allocation-satisfied id="1422" threadId="0000000000D47000" bytesRequested="56" />
<af-end id="1423" timestamp="2019-06-16T22:58:45.770" threadId="0000000000D47988" success="true" from="nursery"/>
<exclusive-end id="1424" timestamp="2019-06-16T22:58:45.770" durationms="6.777" />

<exclusive-start id="1425" timestamp="2019-06-16T22:58:45.779" intervalms="15.263">
  <response-info timems="0.071" idlems="0.071" threads="0" lastid="0000000000D47000" lastname="PmdThread 4" />
</exclusive-start>
<af-start id="1426" threadId="0000000000D47988" totalBytesRequested="40" timestamp="2019-06-16T22:58:45.779" intervalms="15.311" type="nursery" />
<cycle-start id="1427" type="scavenge" contextid="0" timestamp="2019-06-16T22:58:45.779" intervalms="15.750" />
<gc-start id="1428" type="scavenge" contextid="1427" timestamp="2019-06-16T22:58:45.779">
  <mem-info id="1429" free="2076772112" total="2092630016" percent="99">
    <mem type="nursery" free="0" total="7602176" percent="0">
      <mem type="allocate" free="0" total="5636096" percent="0" />
      <mem type="survivor" free="0" total="1966080" percent="0" />
    </mem>
    <mem type="tenure" free="2076772112" total="2085027840" percent="99">
      <mem type="soa" free="2076772112" total="2085027840" percent="99" />
      <mem type="loa" free="0" total="0" percent="0" />
    </mem>
    <remembered-set count="1738" />
  </mem-info>
</gc-start>
<allocation-stats totalBytes="4492352" >
  <allocated-bytes non-tlh="56" tlh="4492296" />
  <largest-consumer threadName="PmdThread 4" threadId="0000000000D47000" bytes="1928760" />
</allocation-stats>
<gc-op id="1430" type="scavenge" timems="4.135" contextid="1427" timestamp="2019-06-16T22:58:45.784">
  <scavenger-info tenureage="1" tenuremask="7ffe" tiltratio="74" />
  <memory-copied type="nursery" objects="17007" bytes="717216" bytesdiscarded="56032" />
  <memory-copied type="tenure" objects="24286" bytes="964920" bytesdiscarded="312" />
  <references type="soft" candidates="6" cleared="0" enqueued="0" dynamicThreshold="31" maxThreshold="32" />
  <references type="weak" candidates="53" cleared="53" enqueued="53" />
  <references type="phantom" candidates="3" cleared="3" enqueued="3" />
</gc-op>
<gc-end id="1431" type="scavenge" contextid="1427" durationms="4.596" usertimems="4.000" systemtimems="0.000" timestamp="2019-06-16T22:58:45.784" activeThreads="4">
  <mem-info id="1432" free="2080994824" total="2092630016" percent="99">
    <mem type="nursery" free="5058816" total="7602176" percent="66">
      <mem type="allocate" free="5058816" total="5832704" percent="86" />
      <mem type="survivor" free="0" total="1769472" percent="0" />
    </mem>
    <mem type="tenure" free="2075936008" total="2085027840" percent="99" macro-fragmented="0">
      <mem type="soa" free="2075936008" total="2085027840" percent="99" />
      <mem type="loa" free="0" total="0" percent="0" />
    </mem>
    <pending-finalizers system="0" default="0" reference="56" classloader="0" />
    <remembered-set count="400" />
  </mem-info>
</gc-end>
<cycle-end id="1433" type="scavenge" contextid="1427" timestamp="2019-06-16T22:58:45.784" />
  <attribute name="elasticGC enabled" value="1" />
  <attribute name= "numThreadsSpecified" value="4" />
  <attribute name="heapSize specified" value="11599872" />
  <attribute name="Current GC Util" value="74" />
  <attribute name= "Current Time Running" value="17356" />
  <attribute name ="GC Interval" value="328" />
  <attribute name="ProportionalT" value="27.000000" />
  <attribute name="ProportionalI" value="27.000000" />
  <attribute name="ProportionalH" value="27.000000" />
  <attribute name="Current Error" value="54.000000" />
  <attribute name="IntegralT" value="432.000000" />
  <attribute name="IntegralI" value="432.000000" />
  <attribute name="IntegralH" value="432.000000" />
  <attribute name="DerivativeT" value="-130.750000" />
  <attribute name="DerivativeI" value="-130.750000" />
  <attribute name="DerivativeH" value="-130.750000" />
  <attribute name="Loop Time for DT" value="16.000000" />
  <attribute name="Output H" value="8388608"/>
  <attribute name="Output I" value="328"/>
  <attribute name="Output T" value="4"/>
  <attribute name="Target GC Util Change" value ="20.000000" />
  <attribute name="Current GC Util Change" value="74.000000"/>
  <attribute name="GC Util currently" value="74" />
  <attribute name="CPU Util currently" value="290502246913" />
<allocation-satisfied id="1434" threadId="0000000000D47000" bytesRequested="40" />
<af-end id="1435" timestamp="2019-06-16T22:58:45.784" threadId="0000000000D47988" success="true" from="nursery"/>
<exclusive-end id="1436" timestamp="2019-06-16T22:58:45.784" durationms="5.708" />

<exclusive-start id="1437" timestamp="2019-06-16T22:58:45.799" intervalms="20.439">
  <response-info timems="0.236" idlems="0.137" threads="2" lastid="0000000000D43400" lastname="PmdThread 3" />
</exclusive-start>
<af-start id="1438" threadId="0000000000D47988" totalBytesRequested="56" timestamp="2019-06-16T22:58:45.799" intervalms="20.449" type="nursery" />
<cycle-start id="1439" type="scavenge" contextid="0" timestamp="2019-06-16T22:58:45.799" intervalms="20.010" />
<gc-start id="1440" type="scavenge" contextid="1439" timestamp="2019-06-16T22:58:45.799">
  <mem-info id="1441" free="2075936008" total="2092630016" percent="99">
    <mem type="nursery" free="0" total="7602176" percent="0">
      <mem type="allocate" free="0" total="5832704" percent="0" />
      <mem type="survivor" free="0" total="1769472" percent="0" />
    </mem>
    <mem type="tenure" free="2075936008" total="2085027840" percent="99">
      <mem type="soa" free="2075936008" total="2085027840" percent="99" />
      <mem type="loa" free="0" total="0" percent="0" />
    </mem>
    <remembered-set count="413" />
  </mem-info>
</gc-start>
<allocation-stats totalBytes="5058072" >
  <allocated-bytes non-tlh="32824" tlh="5025248" />
  <largest-consumer threadName="PmdThread 4" threadId="0000000000D47000" bytes="3772088" />
</allocation-stats>
<gc-op id="1442" type="scavenge" timems="3.144" contextid="1439" timestamp="2019-06-16T22:58:45.803">
  <scavenger-info tenureage="1" tenuremask="7ffe" tiltratio="76" />
  <memory-copied type="nursery" objects="35664" bytes="1453464" bytesdiscarded="99424" />
  <memory-copied type="tenure" objects="16786" bytes="671264" bytesdiscarded="88" />
</gc-op>
<gc-end id="1443" type="scavenge" contextid="1439" durationms="3.617" usertimems="8.000" systemtimems="0.000" timestamp="2019-06-16T22:58:45.803" activeThreads="4">
  <mem-info id="1444" free="2078987488" total="2092630016" percent="99">
    <mem type="nursery" free="3755488" total="7602176" percent="49">
      <mem type="allocate" free="3755488" total="5308416" percent="70" />
      <mem type="survivor" free="0" total="2293760" percent="0" />
    </mem>
    <mem type="tenure" free="2075232000" total="2085027840" percent="99" macro-fragmented="0">
      <mem type="soa" free="2075232000" total="2085027840" percent="99" />
      <mem type="loa" free="0" total="0" percent="0" />
    </mem>
    <remembered-set count="152" />
  </mem-info>
</gc-end>
<cycle-end id="1445" type="scavenge" contextid="1439" timestamp="2019-06-16T22:58:45.803" />
  <attribute name="elasticGC enabled" value="1" />
  <attribute name= "numThreadsSpecified" value="4" />
  <attribute name="heapSize specified" value="11599872" />
  <attribute name="Current GC Util" value="29" />
  <attribute name= "Current Time Running" value="17376" />
  <attribute name ="GC Interval" value="200" />
  <attribute name="ProportionalT" value="4.500000" />
  <attribute name="ProportionalI" value="4.500000" />
  <attribute name="ProportionalH" value="4.500000" />
  <attribute name="Current Error" value="9.000000" />
  <attribute name="IntegralT" value="90.000000" />
  <attribute name="IntegralI" value="90.000000" />
  <attribute name="IntegralH" value="90.000000" />
  <attribute name="DerivativeT" value="-2.250000" />
  <attribute name="DerivativeI" value="-2.250000" />
  <attribute name="DerivativeH" value="-2.250000" />
  <attribute name="Loop Time for DT" value="20.000000" />
  <attribute name="Output H" value="8388608"/>
  <attribute name="Output I" value="200"/>
  <attribute name="Output T" value="4"/>
  <attribute name="Target GC Util Change" value ="20.000000" />
  <attribute name="Current GC Util Change" value="29.000000"/>
  <attribute name="GC Util currently" value="29" />
  <attribute name="CPU Util currently" value="230303973294" />
<allocation-satisfied id="1446" threadId="0000000000D47000" bytesRequested="56" />
<af-end id="1447" timestamp="2019-06-16T22:58:45.803" threadId="0000000000D47988" success="true" from="nursery"/>
<exclusive-end id="1448" timestamp="2019-06-16T22:58:45.803" durationms="4.297" />

<exclusive-start id="1449" timestamp="2019-06-16T22:58:45.814" intervalms="14.694">
  <response-info timems="0.059" idlems="0.059" threads="0" lastid="0000000000D47000" lastname="PmdThread 4" />
</exclusive-start>
<af-start id="1450" threadId="0000000000D47988" totalBytesRequested="56" timestamp="2019-06-16T22:58:45.814" intervalms="14.660" type="nursery" />
<cycle-start id="1451" type="scavenge" contextid="0" timestamp="2019-06-16T22:58:45.814" intervalms="14.661" />
<gc-start id="1452" type="scavenge" contextid="1451" timestamp="2019-06-16T22:58:45.815">
  <mem-info id="1453" free="2075232000" total="2092630016" percent="99">
    <mem type="nursery" free="0" total="7602176" percent="0">
      <mem type="allocate" free="0" total="5308416" percent="0" />
      <mem type="survivor" free="0" total="2293760" percent="0" />
    </mem>
    <mem type="tenure" free="2075232000" total="2085027840" percent="99">
      <mem type="soa" free="2075232000" total="2085027840" percent="99" />
      <mem type="loa" free="0" total="0" percent="0" />
    </mem>
    <remembered-set count="1096" />
  </mem-info>
</gc-start>
<allocation-stats totalBytes="3753704" >
  <allocated-bytes non-tlh="56" tlh="3753648" />
  <largest-consumer threadName="PmdThread 4" threadId="0000000000D47000" bytes="2935896" />
</allocation-stats>
<gc-op id="1454" type="scavenge" timems="3.613" contextid="1451" timestamp="2019-06-16T22:58:45.818">
  <scavenger-info tenureage="1" tenuremask="7ffe" tiltratio="69" />
  <memory-copied type="nursery" objects="21844" bytes="841480" bytesdiscarded="94704" />
  <memory-copied type="tenure" objects="35311" bytes="1440928" bytesdiscarded="320" />
  <references type="weak" candidates="52" cleared="52" enqueued="52" />
  <references type="phantom" candidates="3" cleared="3" enqueued="3" />
</gc-op>
<gc-end id="1455" type="scavenge" contextid="1451" durationms="4.081" usertimems="4.000" systemtimems="4.000" timestamp="2019-06-16T22:58:45.819" activeThreads="4">
  <mem-info id="1456" free="2078291424" total="2092630016" percent="99">
    <mem type="nursery" free="4503296" total="7602176" percent="59">
      <mem type="allocate" free="4503296" total="5439488" percent="82" />
      <mem type="survivor" free="0" total="2162688" percent="0" />
    </mem>
    <mem type="tenure" free="2073788128" total="2085027840" percent="99" macro-fragmented="97368">
      <mem type="soa" free="2073788128" total="2085027840" percent="99" />
      <mem type="loa" free="0" total="0" percent="0" />
    </mem>
    <pending-finalizers system="0" default="0" reference="55" classloader="0" />
    <remembered-set count="177" />
  </mem-info>
</gc-end>
<cycle-end id="1457" type="scavenge" contextid="1451" timestamp="2019-06-16T22:58:45.819" />
  <attribute name="elasticGC enabled" value="1" />
  <attribute name= "numThreadsSpecified" value="4" />
  <attribute name="heapSize specified" value="11599872" />
  <attribute name="Current GC Util" value="41" />
  <attribute name= "Current Time Running" value="17391" />
  <attribute name ="GC Interval" value="200" />
  <attribute name="ProportionalT" value="10.500000" />
  <attribute name="ProportionalI" value="10.500000" />
  <attribute name="ProportionalH" value="10.500000" />
  <attribute name="Current Error" value="21.000000" />
  <attribute name="IntegralT" value="157.500000" />
  <attribute name="IntegralI" value="157.500000" />
  <attribute name="IntegralH" value="157.500000" />
  <attribute name="DerivativeT" value="0.800000" />
  <attribute name="DerivativeI" value="0.800000" />
  <attribute name="DerivativeH" value="0.800000" />
  <attribute name="Loop Time for DT" value="15.000000" />
  <attribute name="Output H" value="8388608"/>
  <attribute name="Output I" value="200"/>
  <attribute name="Output T" value="4"/>
  <attribute name="Target GC Util Change" value ="20.000000" />
  <attribute name="Current GC Util Change" value="41.000000"/>
  <attribute name="GC Util currently" value="41" />
  <attribute name="CPU Util currently" value="305571053944" />
<allocation-satisfied id="1458" threadId="0000000000D47000" bytesRequested="56" />
<af-end id="1459" timestamp="2019-06-16T22:58:45.819" threadId="0000000000D47988" success="true" from="nursery"/>
<exclusive-end id="1460" timestamp="2019-06-16T22:58:45.819" durationms="5.203" />

<exclusive-start id="1461" timestamp="2019-06-16T22:58:45.830" intervalms="16.530">
  <response-info timems="0.380" idlems="0.380" threads="0" lastid="0000000000D43400" lastname="PmdThread 3" />
</exclusive-start>
<af-start id="1462" threadId="0000000000D43D88" totalBytesRequested="56" timestamp="2019-06-16T22:58:45.830" intervalms="16.543" type="nursery" />
<cycle-start id="1463" type="scavenge" contextid="0" timestamp="2019-06-16T22:58:45.830" intervalms="16.534" />
<gc-start id="1464" type="scavenge" contextid="1463" timestamp="2019-06-16T22:58:45.831">
  <mem-info id="1465" free="2073788128" total="2092630016" percent="99">
    <mem type="nursery" free="0" total="7602176" percent="0">
      <mem type="allocate" free="0" total="5439488" percent="0" />
      <mem type="survivor" free="0" total="2162688" percent="0" />
    </mem>
    <mem type="tenure" free="2073788128" total="2085027840" percent="99">
      <mem type="soa" free="2073788128" total="2085027840" percent="99" />
      <mem type="loa" free="0" total="0" percent="0" />
    </mem>
    <remembered-set count="1042" />
  </mem-info>
</gc-start>
<allocation-stats totalBytes="4502240" >
  <allocated-bytes non-tlh="32840" tlh="4469400" />
  <largest-consumer threadName="PmdThread 4" threadId="0000000000D47000" bytes="2930016" />
</allocation-stats>
<gc-op id="1466" type="scavenge" timems="1.763" contextid="1463" timestamp="2019-06-16T22:58:45.833">
  <scavenger-info tenureage="1" tenuremask="7ffe" tiltratio="71" />
  <memory-copied type="nursery" objects="22288" bytes="963528" bytesdiscarded="168624" />
  <memory-copied type="tenure" objects="21216" bytes="809496" bytesdiscarded="392" />
  <references type="weak" candidates="43" cleared="43" enqueued="43" />
  <references type="phantom" candidates="1" cleared="1" enqueued="1" />
</gc-op>
<gc-end id="1467" type="scavenge" contextid="1463" durationms="2.644" usertimems="4.000" systemtimems="0.000" timestamp="2019-06-16T22:58:45.833" activeThreads="4">
  <mem-info id="1468" free="2077480992" total="2092630016" percent="99">
    <mem type="nursery" free="4503872" total="7602176" percent="59">
      <mem type="allocate" free="4503872" total="5636096" percent="79" />
      <mem type="survivor" free="0" total="1966080" percent="0" />
    </mem>
    <mem type="tenure" free="2072977120" total="2085027840" percent="99" macro-fragmented="0">
      <mem type="soa" free="2072977120" total="2085027840" percent="99" />
      <mem type="loa" free="0" total="0" percent="0" />
    </mem>
    <pending-finalizers system="0" default="0" reference="44" classloader="0" />
    <remembered-set count="206" />
  </mem-info>
</gc-end>
<cycle-end id="1469" type="scavenge" contextid="1463" timestamp="2019-06-16T22:58:45.833" />
  <attribute name="elasticGC enabled" value="1" />
  <attribute name= "numThreadsSpecified" value="4" />
  <attribute name="heapSize specified" value="11599872" />
  <attribute name="Current GC Util" value="40" />
  <attribute name= "Current Time Running" value="17408" />
  <attribute name ="GC Interval" value="200" />
  <attribute name="ProportionalT" value="10.000000" />
  <attribute name="ProportionalI" value="10.000000" />
  <attribute name="ProportionalH" value="10.000000" />
  <attribute name="Current Error" value="20.000000" />
  <attribute name="IntegralT" value="170.000000" />
  <attribute name="IntegralI" value="170.000000" />
  <attribute name="IntegralH" value="170.000000" />
  <attribute name="DerivativeT" value="-0.058824" />
  <attribute name="DerivativeI" value="-0.058824" />
  <attribute name="DerivativeH" value="-0.058824" />
  <attribute name="Loop Time for DT" value="17.000000" />
  <attribute name="Output H" value="8388608"/>
  <attribute name="Output I" value="200"/>
  <attribute name="Output T" value="4"/>
  <attribute name="Target GC Util Change" value ="20.000000" />
  <attribute name="Current GC Util Change" value="40.000000"/>
  <attribute name="GC Util currently" value="40" />
  <attribute name="CPU Util currently" value="279863572723" />
<allocation-satisfied id="1470" threadId="0000000000D43400" bytesRequested="56" />
<af-end id="1471" timestamp="2019-06-16T22:58:45.834" threadId="0000000000D43D88" success="true" from="nursery"/>
<exclusive-end id="1472" timestamp="2019-06-16T22:58:45.834" durationms="3.251" />

<exclusive-start id="1473" timestamp="2019-06-16T22:58:45.857" intervalms="26.249">
  <response-info timems="0.035" idlems="0.035" threads="0" lastid="0000000000D43400" lastname="PmdThread 3" />
</exclusive-start>
<af-start id="1474" threadId="0000000000D43D88" totalBytesRequested="16" timestamp="2019-06-16T22:58:45.857" intervalms="26.283" type="nursery" />
<cycle-start id="1475" type="scavenge" contextid="0" timestamp="2019-06-16T22:58:45.857" intervalms="26.302" />
<gc-start id="1476" type="scavenge" contextid="1475" timestamp="2019-06-16T22:58:45.857">
  <mem-info id="1477" free="2072977056" total="2092630016" percent="99">
    <mem type="nursery" free="0" total="7602176" percent="0">
      <mem type="allocate" free="0" total="5636096" percent="0" />
      <mem type="survivor" free="0" total="1966080" percent="0" />
    </mem>
    <mem type="tenure" free="2072977056" total="2085027840" percent="99">
      <mem type="soa" free="2072977056" total="2085027840" percent="99" />
      <mem type="loa" free="0" total="0" percent="0" />
    </mem>
    <remembered-set count="6140" />
  </mem-info>
</gc-start>
<allocation-stats totalBytes="4501920" >
  <allocated-bytes non-tlh="120" tlh="4501800" />
  <largest-consumer threadName="PmdThread 4" threadId="0000000000D47000" bytes="2457296" />
</allocation-stats>
<gc-op id="1478" type="scavenge" timems="1.510" contextid="1475" timestamp="2019-06-16T22:58:45.859">
  <scavenger-info tenureage="1" tenuremask="7ffe" tiltratio="74" />
  <memory-copied type="nursery" objects="23436" bytes="875096" bytesdiscarded="258992" />
  <memory-copied type="tenure" objects="21549" bytes="879608" bytesdiscarded="296" />
  <references type="weak" candidates="52" cleared="51" enqueued="51" />
  <references type="phantom" candidates="3" cleared="2" enqueued="2" />
</gc-op>
<gc-end id="1479" type="scavenge" contextid="1475" durationms="2.046" usertimems="4.000" systemtimems="0.000" timestamp="2019-06-16T22:58:45.859" activeThreads="4">
  <mem-info id="1480" free="2076688744" total="2092630016" percent="99">
    <mem type="nursery" free="4698568" total="7602176" percent="61">
      <mem type="allocate" free="4698568" total="5832704" percent="80" />
      <mem type="survivor" free="0" total="1769472" percent="0" />
    </mem>
    <mem type="tenure" free="2071990176" total="2085027840" percent="99" macro-fragmented="0">
      <mem type="soa" free="2071990176" total="2085027840" percent="99" />
      <mem type="loa" free="0" total="0" percent="0" />
    </mem>
    <pending-finalizers system="0" default="0" reference="53" classloader="0" />
    <remembered-set count="6394" />
  </mem-info>
</gc-end>
<cycle-end id="1481" type="scavenge" contextid="1475" timestamp="2019-06-16T22:58:45.859" />
  <attribute name="elasticGC enabled" value="1" />
  <attribute name= "numThreadsSpecified" value="4" />
  <attribute name="heapSize specified" value="11599872" />
  <attribute name="Current GC Util" value="16" />
  <attribute name= "Current Time Running" value="17434" />
  <attribute name ="GC Interval" value="200" />
  <attribute name="ProportionalT" value="-2.000000" />
  <attribute name="ProportionalI" value="-2.000000" />
  <attribute name="ProportionalH" value="-2.000000" />
  <attribute name="Current Error" value="-4.000000" />
  <attribute name="IntegralT" value="-52.000000" />
  <attribute name="IntegralI" value="-52.000000" />
  <attribute name="IntegralH" value="-52.000000" />
  <attribute name="DerivativeT" value="-0.923077" />
  <attribute name="DerivativeI" value="-0.923077" />
  <attribute name="DerivativeH" value="-0.923077" />
  <attribute name="Loop Time for DT" value="26.000000" />
  <attribute name="Output H" value="2092630016"/>
  <attribute name="Output I" value="200"/>
  <attribute name="Output T" value="4"/>
  <attribute name="Target GC Util Change" value ="20.000000" />
  <attribute name="Current GC Util Change" value="16.000000"/>
  <attribute name="GC Util currently" value="16" />
  <attribute name="CPU Util currently" value="177470508465" />
<allocation-satisfied id="1482" threadId="0000000000D43400" bytesRequested="16" />
<af-end id="1483" timestamp="2019-06-16T22:58:45.859" threadId="0000000000D43D88" success="true" from="nursery"/>
<exclusive-end id="1484" timestamp="2019-06-16T22:58:45.859" durationms="2.760" />

<exclusive-start id="1485" timestamp="2019-06-16T22:58:45.864" intervalms="7.652">
  <response-info timems="0.055" idlems="0.052" threads="1" lastid="0000000000D43400" lastname="PmdThread 3" />
</exclusive-start>
<af-start id="1486" threadId="0000000000D47988" totalBytesRequested="16" timestamp="2019-06-16T22:58:45.864" intervalms="7.631" type="nursery" />
<cycle-start id="1487" type="scavenge" contextid="0" timestamp="2019-06-16T22:58:45.864" intervalms="7.616" />
<gc-start id="1488" type="scavenge" contextid="1487" timestamp="2019-06-16T22:58:45.865">
  <mem-info id="1489" free="2071989920" total="2092630016" percent="99">
    <mem type="nursery" free="0" total="7602176" percent="0">
      <mem type="allocate" free="0" total="5832704" percent="0" />
      <mem type="survivor" free="0" total="1769472" percent="0" />
    </mem>
    <mem type="tenure" free="2071989920" total="2085027840" percent="99">
      <mem type="soa" free="2071989920" total="2085027840" percent="99" />
      <mem type="loa" free="0" total="0" percent="0" />
    </mem>
    <remembered-set count="6742" />
  </mem-info>
</gc-start>
<allocation-stats totalBytes="4698168" >
  <allocated-bytes non-tlh="272" tlh="4697896" />
  <largest-consumer threadName="PmdThread 3" threadId="0000000000D43400" bytes="3514480" />
</allocation-stats>
<gc-op id="1490" type="scavenge" timems="1.958" contextid="1487" timestamp="2019-06-16T22:58:45.867">
  <scavenger-info tenureage="1" tenuremask="7ffe" tiltratio="76" />
  <memory-copied type="nursery" objects="1134" bytes="32792" bytesdiscarded="176872" />
  <memory-copied type="tenure" objects="23243" bytes="863120" bytesdiscarded="792" />
  <references type="weak" candidates="11" cleared="10" enqueued="10" />
  <references type="phantom" candidates="1" cleared="0" enqueued="0" />
</gc-op>
<gc-end id="1491" type="scavenge" contextid="1487" durationms="2.420" usertimems="8.000" systemtimems="0.000" timestamp="2019-06-16T22:58:45.867" activeThreads="4">
  <mem-info id="1492" free="2076967096" total="2092630016" percent="99">
    <mem type="nursery" free="5754112" total="7602176" percent="75">
      <mem type="allocate" free="5754112" total="5963776" percent="96" />
      <mem type="survivor" free="0" total="1638400" percent="0" />
    </mem>
    <mem type="tenure" free="2071212984" total="2085027840" percent="99" macro-fragmented="0">
      <mem type="soa" free="2071212984" total="2085027840" percent="99" />
      <mem type="loa" free="0" total="0" percent="0" />
    </mem>
    <pending-finalizers system="0" default="0" reference="10" classloader="0" />
    <remembered-set count="524" />
  </mem-info>
</gc-end>
<cycle-end id="1493" type="scavenge" contextid="1487" timestamp="2019-06-16T22:58:45.867" />
  <attribute name="elasticGC enabled" value="1" />
  <attribute name= "numThreadsSpecified" value="4" />
  <attribute name="heapSize specified" value="11599872" />
  <attribute name="Current GC Util" value="70" />
  <attribute name= "Current Time Running" value="17441" />
  <attribute name ="GC Interval" value="208" />
  <attribute name="ProportionalT" value="25.000000" />
  <attribute name="ProportionalI" value="25.000000" />
  <attribute name="ProportionalH" value="25.000000" />
  <attribute name="Current Error" value="50.000000" />
  <attribute name="IntegralT" value="175.000000" />
  <attribute name="IntegralI" value="175.000000" />
  <attribute name="IntegralH" value="175.000000" />
  <attribute name="DerivativeT" value="7.142857" />
  <attribute name="DerivativeI" value="7.142857" />
  <attribute name="DerivativeH" value="7.142857" />
  <attribute name="Loop Time for DT" value="7.000000" />
  <attribute name="Output H" value="8388608"/>
  <attribute name="Output I" value="208"/>
  <attribute name="Output T" value="4"/>
  <attribute name="Target GC Util Change" value ="20.000000" />
  <attribute name="Current GC Util Change" value="70.000000"/>
  <attribute name="GC Util currently" value="70" />
  <attribute name="CPU Util currently" value="611427685964" />
<allocation-satisfied id="1494" threadId="0000000000D47000" bytesRequested="16" />
<af-end id="1495" timestamp="2019-06-16T22:58:45.867" threadId="0000000000D47988" success="true" from="nursery"/>
<exclusive-end id="1496" timestamp="2019-06-16T22:58:45.867" durationms="3.076" />

<exclusive-start id="1497" timestamp="2019-06-16T22:58:45.884" intervalms="19.889">
  <response-info timems="0.085" idlems="0.048" threads="2" lastid="0000000000D43400" lastname="PmdThread 3" />
</exclusive-start>
<af-start id="1498" threadId="0000000000D47988" totalBytesRequested="24" timestamp="2019-06-16T22:58:45.884" intervalms="19.918" type="nursery" />
<cycle-start id="1499" type="scavenge" contextid="0" timestamp="2019-06-16T22:58:45.884" intervalms="19.922" />
<gc-start id="1500" type="scavenge" contextid="1499" timestamp="2019-06-16T22:58:45.884">
  <mem-info id="1501" free="2071211920" total="2092630016" percent="98">
    <mem type="nursery" free="0" total="7602176" percent="0">
      <mem type="allocate" free="0" total="5963776" percent="0" />
      <mem type="survivor" free="0" total="1638400" percent="0" />
    </mem>
    <mem type="tenure" free="2071211920" total="2085027840" percent="99">
      <mem type="soa" free="2071211920" total="2085027840" percent="99" />
      <mem type="loa" free="0" total="0" percent="0" />
    </mem>
    <remembered-set count="1598" />
  </mem-info>
</gc-start>
<allocation-stats totalBytes="5753752" >
  <allocated-bytes non-tlh="17472" tlh="5736280" />
  <largest-consumer threadName="PmdThread 4" threadId="0000000000D47000" bytes="2546512" />
</allocation-stats>
<gc-op id="1502" type="scavenge" timems="1.413" contextid="1499" timestamp="2019-06-16T22:58:45.886">
  <scavenger-info tenureage="2" tenuremask="7ffc" tiltratio="78" />
  <memory-copied type="nursery" objects="9580" bytes="490144" bytesdiscarded="176184" />
  <references type="soft" candidates="1" cleared="0" enqueued="0" dynamicThreshold="31" maxThreshold="32" />
  <references type="weak" candidates="20" cleared="16" enqueued="16" />
  <references type="phantom" candidates="7" cleared="4" enqueued="4" />
</gc-op>
<gc-end id="1503" type="scavenge" contextid="1499" durationms="1.859" usertimems="4.000" systemtimems="0.000" timestamp="2019-06-16T22:58:45.886" activeThreads="4">
  <mem-info id="1504" free="2076640336" total="2092630016" percent="99">
    <mem type="nursery" free="5428416" total="7602176" percent="71">
      <mem type="allocate" free="5428416" total="6094848" percent="89" />
      <mem type="survivor" free="0" total="1507328" percent="0" />
    </mem>
    <mem type="tenure" free="2071211920" total="2085027840" percent="99" macro-fragmented="0">
      <mem type="soa" free="2071211920" total="2085027840" percent="99" />
      <mem type="loa" free="0" total="0" percent="0" />
    </mem>
    <pending-finalizers system="0" default="0" reference="20" classloader="0" />
    <remembered-set count="1593" />
  </mem-info>
</gc-end>
<cycle-end id="1505" type="scavenge" contextid="1499" timestamp="2019-06-16T22:58:45.886" />
  <attribute name="elasticGC enabled" value="1" />
  <attribute name= "numThreadsSpecified" value="4" />
  <attribute name="heapSize specified" value="11599872" />
  <attribute name="Current GC Util" value="26" />
  <attribute name= "Current Time Running" value="17461" />
  <attribute name ="GC Interval" value="200" />
  <attribute name="ProportionalT" value="3.000000" />
  <attribute name="ProportionalI" value="3.000000" />
  <attribute name="ProportionalH" value="3.000000" />
  <attribute name="Current Error" value="6.000000" />
  <attribute name="IntegralT" value="60.000000" />
  <attribute name="IntegralI" value="60.000000" />
  <attribute name="IntegralH" value="60.000000" />
  <attribute name="DerivativeT" value="-2.200000" />
  <attribute name="DerivativeI" value="-2.200000" />
  <attribute name="DerivativeH" value="-2.200000" />
  <attribute name="Loop Time for DT" value="20.000000" />
  <attribute name="Output H" value="8388608"/>
  <attribute name="Output I" value="200"/>
  <attribute name="Output T" value="4"/>
  <attribute name="Target GC Util Change" value ="20.000000" />
  <attribute name="Current GC Util Change" value="26.000000"/>
  <attribute name="GC Util currently" value="26" />
  <attribute name="CPU Util currently" value="231514605985" />
<allocation-satisfied id="1506" threadId="0000000000D47000" bytesRequested="24" />
<af-end id="1507" timestamp="2019-06-16T22:58:45.887" threadId="0000000000D47988" success="true" from="nursery"/>
<exclusive-end id="1508" timestamp="2019-06-16T22:58:45.887" durationms="2.568" />

<exclusive-start id="1509" timestamp="2019-06-16T22:58:45.910" intervalms="25.796">
  <response-info timems="0.087" idlems="0.055" threads="1" lastid="0000000000D43400" lastname="PmdThread 3" />
</exclusive-start>
<af-start id="1510" threadId="0000000000D47988" totalBytesRequested="16" timestamp="2019-06-16T22:58:45.911" intervalms="26.451" type="nursery" />
<cycle-start id="1511" type="scavenge" contextid="0" timestamp="2019-06-16T22:58:45.911" intervalms="26.434" />
<gc-start id="1512" type="scavenge" contextid="1511" timestamp="2019-06-16T22:58:45.911">
  <mem-info id="1513" free="2071210608" total="2092630016" percent="98">
    <mem type="nursery" free="0" total="7602176" percent="0">
      <mem type="allocate" free="0" total="6094848" percent="0" />
      <mem type="survivor" free="0" total="1507328" percent="0" />
    </mem>
    <mem type="tenure" free="2071210608" total="2085027840" percent="99">
      <mem type="soa" free="2071210608" total="2085027840" percent="99" />
      <mem type="loa" free="0" total="0" percent="0" />
    </mem>
    <remembered-set count="3900" />
  </mem-info>
</gc-start>
<allocation-stats totalBytes="5428904" >
  <allocated-bytes non-tlh="1336" tlh="5427568" />
  <largest-consumer threadName="PmdThread 4" threadId="0000000000D47000" bytes="4137528" />
</allocation-stats>
<gc-op id="1514" type="scavenge" timems="1.306" contextid="1511" timestamp="2019-06-16T22:58:45.912">
  <scavenger-info tenureage="3" tenuremask="7ff8" tiltratio="80" />
  <memory-copied type="nursery" objects="14592" bytes="562088" bytesdiscarded="153640" />
  <references type="soft" candidates="1" cleared="0" enqueued="0" dynamicThreshold="31" maxThreshold="32" />
  <references type="weak" candidates="24" cleared="22" enqueued="22" />
  <references type="phantom" candidates="3" cleared="2" enqueued="2" />
</gc-op>
<gc-end id="1515" type="scavenge" contextid="1511" durationms="1.768" usertimems="4.000" systemtimems="0.000" timestamp="2019-06-16T22:58:45.913" activeThreads="4">
  <mem-info id="1516" free="2076718928" total="2092630016" percent="99">
    <mem type="nursery" free="5508320" total="7602176" percent="72">
      <mem type="allocate" free="5508320" total="6225920" percent="88" />
      <mem type="survivor" free="0" total="1376256" percent="0" />
    </mem>
    <mem type="tenure" free="2071210608" total="2085027840" percent="99" macro-fragmented="0">
      <mem type="soa" free="2071210608" total="2085027840" percent="99" />
      <mem type="loa" free="0" total="0" percent="0" />
    </mem>
    <pending-finalizers system="0" default="0" reference="24" classloader="0" />
    <remembered-set count="3839" />
  </mem-info>
</gc-end>
<cycle-end id="1517" type="scavenge" contextid="1511" timestamp="2019-06-16T22:58:45.913" />
  <attribute name="elasticGC enabled" value="1" />
  <attribute name= "numThreadsSpecified" value="4" />
  <attribute name="heapSize specified" value="11599872" />
  <attribute name="Current GC Util" value="12" />
  <attribute name= "Current Time Running" value="17488" />
  <attribute name ="GC Interval" value="200" />
  <attribute name="ProportionalT" value="-4.000000" />
  <attribute name="ProportionalI" value="-4.000000" />
  <attribute name="ProportionalH" value="-4.000000" />
  <attribute name="Current Error" value="-8.000000" />
  <attribute name="IntegralT" value="-108.000000" />
  <attribute name="IntegralI" value="-108.000000" />
  <attribute name="IntegralH" value="-108.000000" />
  <attribute name="DerivativeT" value="-0.518519" />
  <attribute name="DerivativeI" value="-0.518519" />
  <attribute name="DerivativeH" value="-0.518519" />
  <attribute name="Loop Time for DT" value="27.000000" />
  <attribute name="Output H" value="2092630016"/>
  <attribute name="Output I" value="200"/>
  <attribute name="Output T" value="4"/>
  <attribute name="Target GC Util Change" value ="20.000000" />
  <attribute name="Current GC Util Change" value="12.000000"/>
  <attribute name="GC Util currently" value="12" />
  <attribute name="CPU Util currently" value="174326873133" />
<allocation-satisfied id="1518" threadId="0000000000D47000" bytesRequested="16" />
<af-end id="1519" timestamp="2019-06-16T22:58:45.913" threadId="0000000000D47988" success="true" from="nursery"/>
<exclusive-end id="1520" timestamp="2019-06-16T22:58:45.913" durationms="3.068" />

<exclusive-start id="1521" timestamp="2019-06-16T22:58:45.931" intervalms="21.169">
  <response-info timems="0.033" idlems="0.033" threads="0" lastid="0000000000D47000" lastname="PmdThread 4" />
</exclusive-start>
<af-start id="1522" threadId="0000000000D47988" totalBytesRequested="96" timestamp="2019-06-16T22:58:45.931" intervalms="20.490" type="nursery" />
<cycle-start id="1523" type="scavenge" contextid="0" timestamp="2019-06-16T22:58:45.931" intervalms="20.497" />
<gc-start id="1524" type="scavenge" contextid="1523" timestamp="2019-06-16T22:58:45.931">
  <mem-info id="1525" free="2071209680" total="2092630016" percent="98">
    <mem type="nursery" free="0" total="7602176" percent="0">
      <mem type="allocate" free="0" total="6225920" percent="0" />
      <mem type="survivor" free="0" total="1376256" percent="0" />
    </mem>
    <mem type="tenure" free="2071209680" total="2085027840" percent="99">
      <mem type="soa" free="2071209680" total="2085027840" percent="99" />
      <mem type="loa" free="0" total="0" percent="0" />
    </mem>
    <remembered-set count="5174" />
  </mem-info>
</gc-start>
<allocation-stats totalBytes="5506488" >
  <allocated-bytes non-tlh="444144" tlh="5062344" />
  <largest-consumer threadName="PmdThread 4" threadId="0000000000D47000" bytes="3689096" />
</allocation-stats>
<gc-op id="1526" type="scavenge" timems="1.891" contextid="1523" timestamp="2019-06-16T22:58:45.933">
  <scavenger-info tenureage="4" tenuremask="7ff0" tiltratio="81" />
  <memory-copied type="nursery" objects="25568" bytes="1295576" bytesdiscarded="68312" />
  <references type="soft" candidates="2" cleared="0" enqueued="0" dynamicThreshold="31" maxThreshold="32" />
  <references type="weak" candidates="20" cleared="17" enqueued="17" />
  <references type="phantom" candidates="7" cleared="6" enqueued="6" />
</gc-op>
<gc-end id="1527" type="scavenge" contextid="1523" durationms="2.316" usertimems="4.000" systemtimems="4.000" timestamp="2019-06-16T22:58:45.934" activeThreads="4">
  <mem-info id="1528" free="2075416120" total="2092630016" percent="99">
    <mem type="nursery" free="4206440" total="7602176" percent="55">
      <mem type="allocate" free="4206440" total="5570560" percent="75" />
      <mem type="survivor" free="0" total="2031616" percent="0" />
    </mem>
    <mem type="tenure" free="2071209680" total="2085027840" percent="99" macro-fragmented="0">
      <mem type="soa" free="2071209680" total="2085027840" percent="99" />
      <mem type="loa" free="0" total="0" percent="0" />
    </mem>
    <pending-finalizers system="0" default="0" reference="23" classloader="0" />
    <remembered-set count="5149" />
  </mem-info>
</gc-end>
<cycle-end id="1529" type="scavenge" contextid="1523" timestamp="2019-06-16T22:58:45.934" />
  <attribute name="elasticGC enabled" value="1" />
  <attribute name= "numThreadsSpecified" value="4" />
  <attribute name="heapSize specified" value="11599872" />
  <attribute name="Current GC Util" value="18" />
  <attribute name= "Current Time Running" value="17508" />
  <attribute name ="GC Interval" value="200" />
  <attribute name="ProportionalT" value="-1.000000" />
  <attribute name="ProportionalI" value="-1.000000" />
  <attribute name="ProportionalH" value="-1.000000" />
  <attribute name="Current Error" value="-2.000000" />
  <attribute name="IntegralT" value="-20.000000" />
  <attribute name="IntegralI" value="-20.000000" />
  <attribute name="IntegralH" value="-20.000000" />
  <attribute name="DerivativeT" value="-0.100000" />
  <attribute name="DerivativeI" value="-0.100000" />
  <attribute name="DerivativeH" value="-0.100000" />
  <attribute name="Loop Time for DT" value="20.000000" />
  <attribute name="Output H" value="2092630016"/>
  <attribute name="Output I" value="200"/>
  <attribute name="Output T" value="4"/>
  <attribute name="Target GC Util Change" value ="20.000000" />
  <attribute name="Current GC Util Change" value="18.000000"/>
  <attribute name="GC Util currently" value="18" />
  <attribute name="CPU Util currently" value="225336394903" />
<allocation-satisfied id="1530" threadId="0000000000D47000" bytesRequested="96" />
<af-end id="1531" timestamp="2019-06-16T22:58:45.934" threadId="0000000000D47988" success="true" from="nursery"/>
<exclusive-end id="1532" timestamp="2019-06-16T22:58:45.934" durationms="2.880" />

<exclusive-start id="1533" timestamp="2019-06-16T22:58:45.949" intervalms="18.276">
  <response-info timems="0.048" idlems="0.048" threads="0" lastid="0000000000D3BC00" lastname="PmdThread 1" />
</exclusive-start>
<af-start id="1534" threadId="0000000000D3C588" totalBytesRequested="16" timestamp="2019-06-16T22:58:45.949" intervalms="18.242" type="nursery" />
<cycle-start id="1535" type="scavenge" contextid="0" timestamp="2019-06-16T22:58:45.949" intervalms="18.212" />
<gc-start id="1536" type="scavenge" contextid="1535" timestamp="2019-06-16T22:58:45.950">
  <mem-info id="1537" free="2071208200" total="2092630016" percent="98">
    <mem type="nursery" free="0" total="7602176" percent="0">
      <mem type="allocate" free="0" total="5570560" percent="0" />
      <mem type="survivor" free="0" total="2031616" percent="0" />
    </mem>
    <mem type="tenure" free="2071208200" total="2085027840" percent="99">
      <mem type="soa" free="2071208200" total="2085027840" percent="99" />
      <mem type="loa" free="0" total="0" percent="0" />
    </mem>
    <remembered-set count="5217" />
  </mem-info>
</gc-start>
<allocation-stats totalBytes="4189600" >
  <allocated-bytes non-tlh="1576" tlh="4188024" />
  <largest-consumer threadName="PmdThread 4" threadId="0000000000D47000" bytes="2325704" />
</allocation-stats>
<gc-op id="1538" type="scavenge" timems="1.102" contextid="1535" timestamp="2019-06-16T22:58:45.951">
  <scavenger-info tenureage="3" tenuremask="7ff8" tiltratio="73" />
  <memory-copied type="nursery" objects="19559" bytes="943128" bytesdiscarded="243584" />
  <memory-copied type="tenure" objects="9093" bytes="400120" bytesdiscarded="416" />
  <references type="soft" candidates="1" cleared="0" enqueued="0" dynamicThreshold="31" maxThreshold="32" />
  <references type="weak" candidates="124" cleared="124" enqueued="124" />
  <references type="phantom" candidates="6" cleared="5" enqueued="5" />
</gc-op>
<gc-end id="1539" type="scavenge" contextid="1535" durationms="1.509" usertimems="0.000" systemtimems="4.000" timestamp="2019-06-16T22:58:45.951" activeThreads="4">
  <mem-info id="1540" free="2075240984" total="2092630016" percent="99">
    <mem type="nursery" free="4513304" total="7602176" percent="59">
      <mem type="allocate" free="4513304" total="5701632" percent="79" />
      <mem type="survivor" free="0" total="1900544" percent="0" />
    </mem>
    <mem type="tenure" free="2070727680" total="2085027840" percent="99" macro-fragmented="0">
      <mem type="soa" free="2070727680" total="2085027840" percent="99" />
      <mem type="loa" free="0" total="0" percent="0" />
    </mem>
    <pending-finalizers system="0" default="0" reference="129" classloader="0" />
    <remembered-set count="3788" />
  </mem-info>
</gc-end>
<cycle-end id="1541" type="scavenge" contextid="1535" timestamp="2019-06-16T22:58:45.951" />
  <attribute name="elasticGC enabled" value="1" />
  <attribute name= "numThreadsSpecified" value="4" />
  <attribute name="heapSize specified" value="11599872" />
  <attribute name="Current GC Util" value="27" />
  <attribute name= "Current Time Running" value="17526" />
  <attribute name ="GC Interval" value="200" />
  <attribute name="ProportionalT" value="3.500000" />
  <attribute name="ProportionalI" value="3.500000" />
  <attribute name="ProportionalH" value="3.500000" />
  <attribute name="Current Error" value="7.000000" />
  <attribute name="IntegralT" value="63.000000" />
  <attribute name="IntegralI" value="63.000000" />
  <attribute name="IntegralH" value="63.000000" />
  <attribute name="DerivativeT" value="0.388889" />
  <attribute name="DerivativeI" value="0.388889" />
  <attribute name="DerivativeH" value="0.388889" />
  <attribute name="Loop Time for DT" value="18.000000" />
  <attribute name="Output H" value="8388608"/>
  <attribute name="Output I" value="200"/>
  <attribute name="Output T" value="4"/>
  <attribute name="Target GC Util Change" value ="20.000000" />
  <attribute name="Current GC Util Change" value="27.000000"/>
  <attribute name="GC Util currently" value="27" />
  <attribute name="CPU Util currently" value="254460492667" />
<allocation-satisfied id="1542" threadId="0000000000D3BC00" bytesRequested="16" />
<af-end id="1543" timestamp="2019-06-16T22:58:45.951" threadId="0000000000D3C588" success="true" from="nursery"/>
<exclusive-end id="1544" timestamp="2019-06-16T22:58:45.951" durationms="1.994" />

<exclusive-start id="1545" timestamp="2019-06-16T22:58:45.970" intervalms="20.226">
  <response-info timems="0.075" idlems="0.075" threads="0" lastid="0000000000D47000" lastname="PmdThread 4" />
</exclusive-start>
<af-start id="1546" threadId="0000000000D47988" totalBytesRequested="56" timestamp="2019-06-16T22:58:45.970" intervalms="20.304" type="nursery" />
<cycle-start id="1547" type="scavenge" contextid="0" timestamp="2019-06-16T22:58:45.970" intervalms="20.320" />
<gc-start id="1548" type="scavenge" contextid="1547" timestamp="2019-06-16T22:58:45.970">
  <mem-info id="1549" free="2070725192" total="2092630016" percent="98">
    <mem type="nursery" free="0" total="7602176" percent="0">
      <mem type="allocate" free="0" total="5701632" percent="0" />
      <mem type="survivor" free="0" total="1900544" percent="0" />
    </mem>
    <mem type="tenure" free="2070725192" total="2085027840" percent="99">
      <mem type="soa" free="2070725192" total="2085027840" percent="99" />
      <mem type="loa" free="0" total="0" percent="0" />
    </mem>
    <remembered-set count="4150" />
  </mem-info>
</gc-start>
<allocation-stats totalBytes="4510904" >
  <allocated-bytes non-tlh="2504" tlh="4508400" />
  <largest-consumer threadName="PmdThread 2" threadId="0000000000D3F800" bytes="1290216" />
</allocation-stats>
<gc-op id="1550" type="scavenge" timems="1.044" contextid="1547" timestamp="2019-06-16T22:58:45.971">
  <scavenger-info tenureage="4" tenuremask="7ff0" tiltratio="75" />
  <memory-copied type="nursery" objects="12625" bytes="631216" bytesdiscarded="142672" />
  <references type="soft" candidates="1" cleared="0" enqueued="0" dynamicThreshold="31" maxThreshold="32" />
  <references type="weak" candidates="249" cleared="249" enqueued="249" />
  <references type="phantom" candidates="6" cleared="5" enqueued="5" />
</gc-op>
<gc-end id="1551" type="scavenge" contextid="1547" durationms="1.409" usertimems="4.000" systemtimems="0.000" timestamp="2019-06-16T22:58:45.972" activeThreads="4">
  <mem-info id="1552" free="2075783176" total="2092630016" percent="99">
    <mem type="nursery" free="5057984" total="7602176" percent="66">
      <mem type="allocate" free="5057984" total="5832704" percent="86" />
      <mem type="survivor" free="0" total="1769472" percent="0" />
    </mem>
    <mem type="tenure" free="2070725192" total="2085027840" percent="99" macro-fragmented="602881">
      <mem type="soa" free="2070725192" total="2085027840" percent="99" />
      <mem type="loa" free="0" total="0" percent="0" />
    </mem>
    <pending-finalizers system="0" default="0" reference="254" classloader="0" />
    <remembered-set count="3830" />
  </mem-info>
</gc-end>
<cycle-end id="1553" type="scavenge" contextid="1547" timestamp="2019-06-16T22:58:45.972" />
  <attribute name="elasticGC enabled" value="1" />
  <attribute name= "numThreadsSpecified" value="4" />
  <attribute name="heapSize specified" value="11599872" />
  <attribute name="Current GC Util" value="16" />
  <attribute name= "Current Time Running" value="17547" />
  <attribute name ="GC Interval" value="200" />
  <attribute name="ProportionalT" value="-2.000000" />
  <attribute name="ProportionalI" value="-2.000000" />
  <attribute name="ProportionalH" value="-2.000000" />
  <attribute name="Current Error" value="-4.000000" />
  <attribute name="IntegralT" value="-42.000000" />
  <attribute name="IntegralI" value="-42.000000" />
  <attribute name="IntegralH" value="-42.000000" />
  <attribute name="DerivativeT" value="-0.523810" />
  <attribute name="DerivativeI" value="-0.523810" />
  <attribute name="DerivativeH" value="-0.523810" />
  <attribute name="Loop Time for DT" value="21.000000" />
  <attribute name="Output H" value="2092630016"/>
  <attribute name="Output I" value="200"/>
  <attribute name="Output T" value="4"/>
  <attribute name="Target GC Util Change" value ="20.000000" />
  <attribute name="Current GC Util Change" value="16.000000"/>
  <attribute name="GC Util currently" value="16" />
  <attribute name="CPU Util currently" value="222359049008" />
<allocation-satisfied id="1554" threadId="0000000000D47000" bytesRequested="56" />
<af-end id="1555" timestamp="2019-06-16T22:58:45.972" threadId="0000000000D47988" success="true" from="nursery"/>
<exclusive-end id="1556" timestamp="2019-06-16T22:58:45.972" durationms="2.376" />

<exclusive-start id="1557" timestamp="2019-06-16T22:58:45.991" intervalms="21.099">
  <response-info timems="0.079" idlems="0.037" threads="2" lastid="0000000000A32F00" lastname="JIT Compilation Thread-1" />
</exclusive-start>
<af-start id="1558" threadId="0000000000D43D88" totalBytesRequested="40" timestamp="2019-06-16T22:58:45.991" intervalms="21.076" type="nursery" />
<cycle-start id="1559" type="scavenge" contextid="0" timestamp="2019-06-16T22:58:45.991" intervalms="21.145" />
<gc-start id="1560" type="scavenge" contextid="1559" timestamp="2019-06-16T22:58:45.991">
  <mem-info id="1561" free="2070724088" total="2092630016" percent="98">
    <mem type="nursery" free="0" total="7602176" percent="0">
      <mem type="allocate" free="0" total="5832704" percent="0" />
      <mem type="survivor" free="0" total="1769472" percent="0" />
    </mem>
    <mem type="tenure" free="2070724088" total="2085027840" percent="99">
      <mem type="soa" free="2070724088" total="2085027840" percent="99" />
      <mem type="loa" free="0" total="0" percent="0" />
    </mem>
    <remembered-set count="4318" />
  </mem-info>
</gc-start>
<allocation-stats totalBytes="5046608" >
  <allocated-bytes non-tlh="1160" tlh="5045448" />
  <largest-consumer threadName="PmdThread 3" threadId="0000000000D43400" bytes="2309016" />
</allocation-stats>
<gc-op id="1562" type="scavenge" timems="2.128" contextid="1559" timestamp="2019-06-16T22:58:45.993">
  <scavenger-info tenureage="4" tenuremask="7ff0" tiltratio="76" />
  <memory-copied type="nursery" objects="26459" bytes="1293296" bytesdiscarded="64392" />
  <memory-copied type="tenure" objects="5403" bytes="151512" bytesdiscarded="32" />
  <references type="soft" candidates="1" cleared="0" enqueued="0" dynamicThreshold="31" maxThreshold="32" />
  <references type="weak" candidates="162" cleared="162" enqueued="162" />
  <references type="phantom" candidates="2" cleared="2" enqueued="2" />
</gc-op>
<gc-end id="1563" type="scavenge" contextid="1559" durationms="2.657" usertimems="4.000" systemtimems="0.000" timestamp="2019-06-16T22:58:45.994" activeThreads="4">
  <mem-info id="1564" free="2074792824" total="2092630016" percent="99">
    <mem type="nursery" free="4147072" total="7602176" percent="54">
      <mem type="allocate" free="4147072" total="5505024" percent="75" />
      <mem type="survivor" free="0" total="2097152" percent="0" />
    </mem>
    <mem type="tenure" free="2070645752" total="2085027840" percent="99" macro-fragmented="178816">
      <mem type="soa" free="2070645752" total="2085027840" percent="99" />
      <mem type="loa" free="0" total="0" percent="0" />
    </mem>
    <pending-finalizers system="0" default="0" reference="164" classloader="0" />
    <remembered-set count="1626" />
  </mem-info>
</gc-end>
<cycle-end id="1565" type="scavenge" contextid="1559" timestamp="2019-06-16T22:58:45.994" />
  <attribute name="elasticGC enabled" value="1" />
  <attribute name= "numThreadsSpecified" value="4" />
  <attribute name="heapSize specified" value="11599872" />
  <attribute name="Current GC Util" value="14" />
  <attribute name= "Current Time Running" value="17568" />
  <attribute name ="GC Interval" value="200" />
  <attribute name="ProportionalT" value="-3.000000" />
  <attribute name="ProportionalI" value="-3.000000" />
  <attribute name="ProportionalH" value="-3.000000" />
  <attribute name="Current Error" value="-6.000000" />
  <attribute name="IntegralT" value="-63.000000" />
  <attribute name="IntegralI" value="-63.000000" />
  <attribute name="IntegralH" value="-63.000000" />
  <attribute name="DerivativeT" value="-0.285714" />
  <attribute name="DerivativeI" value="-0.285714" />
  <attribute name="DerivativeH" value="-0.285714" />
  <attribute name="Loop Time for DT" value="21.000000" />
  <attribute name="Output H" value="2092630016"/>
  <attribute name="Output I" value="200"/>
  <attribute name="Output T" value="4"/>
  <attribute name="Target GC Util Change" value ="20.000000" />
  <attribute name="Current GC Util Change" value="14.000000"/>
  <attribute name="GC Util currently" value="14" />
  <attribute name="CPU Util currently" value="219869026225" />
<allocation-satisfied id="1566" threadId="0000000000D43400" bytesRequested="40" />
<af-end id="1567" timestamp="2019-06-16T22:58:45.994" threadId="0000000000D43D88" success="true" from="nursery"/>
<exclusive-end id="1568" timestamp="2019-06-16T22:58:45.994" durationms="3.417" />

<exclusive-start id="1569" timestamp="2019-06-16T22:58:46.017" intervalms="26.410">
  <response-info timems="0.060" idlems="0.060" threads="0" lastid="0000000000D47000" lastname="PmdThread 4" />
</exclusive-start>
<af-start id="1570" threadId="0000000000D47988" totalBytesRequested="120" timestamp="2019-06-16T22:58:46.017" intervalms="26.379" type="nursery" />
<cycle-start id="1571" type="scavenge" contextid="0" timestamp="2019-06-16T22:58:46.017" intervalms="26.356" />
<gc-start id="1572" type="scavenge" contextid="1571" timestamp="2019-06-16T22:58:46.017">
  <mem-info id="1573" free="2070643376" total="2092630016" percent="98">
    <mem type="nursery" free="0" total="7602176" percent="0">
      <mem type="allocate" free="0" total="5505024" percent="0" />
      <mem type="survivor" free="0" total="2097152" percent="0" />
    </mem>
    <mem type="tenure" free="2070643376" total="2085027840" percent="99">
      <mem type="soa" free="2070643376" total="2085027840" percent="99" />
      <mem type="loa" free="0" total="0" percent="0" />
    </mem>
    <remembered-set count="2131" />
  </mem-info>
</gc-start>
<allocation-stats totalBytes="4142552" >
  <allocated-bytes non-tlh="45376" tlh="4097176" />
  <largest-consumer threadName="PmdThread 4" threadId="0000000000D47000" bytes="1981600" />
</allocation-stats>
<gc-op id="1574" type="scavenge" timems="2.915" contextid="1571" timestamp="2019-06-16T22:58:46.020">
  <scavenger-info tenureage="4" tenuremask="7ff0" tiltratio="72" />
  <memory-copied type="nursery" objects="26449" bytes="1321080" bytesdiscarded="41192" />
  <memory-copied type="tenure" objects="3032" bytes="88880" bytesdiscarded="16" />
  <references type="weak" candidates="263" cleared="262" enqueued="262" />
  <references type="phantom" candidates="6" cleared="5" enqueued="5" />
</gc-op>
<gc-end id="1575" type="scavenge" contextid="1571" durationms="3.310" usertimems="4.000" systemtimems="0.000" timestamp="2019-06-16T22:58:46.021" activeThreads="1">
  <mem-info id="1576" free="2075169944" total="2092630016" percent="99">
    <mem type="nursery" free="4666344" total="7602176" percent="61">
      <mem type="allocate" free="4666344" total="6029312" percent="77" />
      <mem type="survivor" free="0" total="1572864" percent="0" />
    </mem>
    <mem type="tenure" free="2070503600" total="2085027840" percent="99" macro-fragmented="0">
      <mem type="soa" free="2070503600" total="2085027840" percent="99" />
      <mem type="loa" free="0" total="0" percent="0" />
    </mem>
    <pending-finalizers system="0" default="0" reference="267" classloader="0" />
    <remembered-set count="241" />
  </mem-info>
</gc-end>
<cycle-end id="1577" type="scavenge" contextid="1571" timestamp="2019-06-16T22:58:46.021" />
  <attribute name="elasticGC enabled" value="1" />
  <attribute name= "numThreadsSpecified" value="1" />
  <attribute name="heapSize specified" value="11599872" />
  <attribute name="Current GC Util" value="20" />
  <attribute name= "Current Time Running" value="17594" />
  <attribute name ="GC Interval" value="200" />
  <attribute name="ProportionalT" value="0.000000" />
  <attribute name="ProportionalI" value="0.000000" />
  <attribute name="ProportionalH" value="0.000000" />
  <attribute name="Current Error" value="0.000000" />
  <attribute name="IntegralT" value="0.000000" />
  <attribute name="IntegralI" value="0.000000" />
  <attribute name="IntegralH" value="0.000000" />
  <attribute name="DerivativeT" value="0.000000" />
  <attribute name="DerivativeI" value="0.000000" />
  <attribute name="DerivativeH" value="0.000000" />
  <attribute name="Loop Time for DT" value="26.000000" />
  <attribute name="Output H" value="8388608"/>
  <attribute name="Output I" value="200"/>
  <attribute name="Output T" value="1"/>
  <attribute name="Target GC Util Change" value ="20.000000" />
  <attribute name="Current GC Util Change" value="20.000000"/>
  <attribute name="GC Util currently" value="20" />
  <attribute name="CPU Util currently" value="176179477596" />
<allocation-satisfied id="1578" threadId="0000000000D47000" bytesRequested="120" />
<af-end id="1579" timestamp="2019-06-16T22:58:46.021" threadId="0000000000D47988" success="true" from="nursery"/>
<exclusive-end id="1580" timestamp="2019-06-16T22:58:46.021" durationms="3.983" />

<exclusive-start id="1581" timestamp="2019-06-16T22:58:46.038" intervalms="20.674">
  <response-info timems="0.053" idlems="0.053" threads="0" lastid="0000000000D47000" lastname="PmdThread 4" />
</exclusive-start>
<af-start id="1582" threadId="0000000000D47988" totalBytesRequested="760" timestamp="2019-06-16T22:58:46.038" intervalms="21.079" type="nursery" />
<cycle-start id="1583" type="scavenge" contextid="0" timestamp="2019-06-16T22:58:46.038" intervalms="21.063" />
<gc-start id="1584" type="scavenge" contextid="1583" timestamp="2019-06-16T22:58:46.038">
  <mem-info id="1585" free="2070503600" total="2092630016" percent="98">
    <mem type="nursery" free="0" total="7602176" percent="0">
      <mem type="allocate" free="0" total="6029312" percent="0" />
      <mem type="survivor" free="0" total="1572864" percent="0" />
    </mem>
    <mem type="tenure" free="2070503600" total="2085027840" percent="99">
      <mem type="soa" free="2070503600" total="2085027840" percent="99" />
      <mem type="loa" free="0" total="0" percent="0" />
    </mem>
    <remembered-set count="802" />
  </mem-info>
</gc-start>
<allocation-stats totalBytes="4658584" >
  <allocated-bytes non-tlh="120" tlh="4658464" />
  <largest-consumer threadName="PmdThread 4" threadId="0000000000D47000" bytes="2923160" />
</allocation-stats>
<gc-op id="1586" type="scavenge" timems="1.680" contextid="1583" timestamp="2019-06-16T22:58:46.040">
  <scavenger-info tenureage="4" tenuremask="7ff0" tiltratio="79" />
  <memory-copied type="nursery" objects="28120" bytes="1378392" bytesdiscarded="105224" />
  <memory-copied type="tenure" objects="123" bytes="4352" bytesdiscarded="0" />
  <references type="weak" candidates="298" cleared="297" enqueued="297" />
  <references type="phantom" candidates="13" cleared="12" enqueued="12" />
</gc-op>
<gc-end id="1587" type="scavenge" contextid="1583" durationms="2.090" usertimems="0.000" systemtimems="4.000" timestamp="2019-06-16T22:58:46.041" activeThreads="4">
  <mem-info id="1588" free="2075048440" total="2092630016" percent="99">
    <mem type="nursery" free="4544840" total="7602176" percent="59">
      <mem type="allocate" free="4544840" total="6029312" percent="75" />
      <mem type="survivor" free="0" total="1572864" percent="0" />
    </mem>
    <mem type="tenure" free="2070503600" total="2085027840" percent="99" macro-fragmented="0">
      <mem type="soa" free="2070503600" total="2085027840" percent="99" />
      <mem type="loa" free="0" total="0" percent="0" />
    </mem>
    <pending-finalizers system="0" default="0" reference="309" classloader="0" />
    <remembered-set count="247" />
  </mem-info>
</gc-end>
<cycle-end id="1589" type="scavenge" contextid="1583" timestamp="2019-06-16T22:58:46.041" />
  <attribute name="elasticGC enabled" value="1" />
  <attribute name= "numThreadsSpecified" value="4" />
  <attribute name="heapSize specified" value="11599872" />
  <attribute name="Current GC Util" value="16" />
  <attribute name= "Current Time Running" value="17615" />
  <attribute name ="GC Interval" value="200" />
  <attribute name="ProportionalT" value="-2.000000" />
  <attribute name="ProportionalI" value="-2.000000" />
  <attribute name="ProportionalH" value="-2.000000" />
  <attribute name="Current Error" value="-4.000000" />
  <attribute name="IntegralT" value="-42.000000" />
  <attribute name="IntegralI" value="-42.000000" />
  <attribute name="IntegralH" value="-42.000000" />
  <attribute name="DerivativeT" value="-0.190476" />
  <attribute name="DerivativeI" value="-0.190476" />
  <attribute name="DerivativeH" value="-0.190476" />
  <attribute name="Loop Time for DT" value="21.000000" />
  <attribute name="Output H" value="2092630016"/>
  <attribute name="Output I" value="200"/>
  <attribute name="Output T" value="4"/>
  <attribute name="Target GC Util Change" value ="20.000000" />
  <attribute name="Current GC Util Change" value="16.000000"/>
  <attribute name="GC Util currently" value="16" />
  <attribute name="CPU Util currently" value="218727683914" />
<allocation-satisfied id="1590" threadId="0000000000D47000" bytesRequested="760" />
<af-end id="1591" timestamp="2019-06-16T22:58:46.041" threadId="0000000000D47988" success="true" from="nursery"/>
<exclusive-end id="1592" timestamp="2019-06-16T22:58:46.041" durationms="3.111" />

<exclusive-start id="1593" timestamp="2019-06-16T22:58:46.053" intervalms="15.411">
  <response-info timems="0.065" idlems="0.035" threads="1" lastid="0000000000D3BC00" lastname="PmdThread 1" />
</exclusive-start>
<af-start id="1594" threadId="0000000000D43D88" totalBytesRequested="32" timestamp="2019-06-16T22:58:46.053" intervalms="15.023" type="nursery" />
<cycle-start id="1595" type="scavenge" contextid="0" timestamp="2019-06-16T22:58:46.053" intervalms="14.986" />
<gc-start id="1596" type="scavenge" contextid="1595" timestamp="2019-06-16T22:58:46.053">
  <mem-info id="1597" free="2070503600" total="2092630016" percent="98">
    <mem type="nursery" free="0" total="7602176" percent="0">
      <mem type="allocate" free="0" total="6029312" percent="0" />
      <mem type="survivor" free="0" total="1572864" percent="0" />
    </mem>
    <mem type="tenure" free="2070503600" total="2085027840" percent="99">
      <mem type="soa" free="2070503600" total="2085027840" percent="99" />
      <mem type="loa" free="0" total="0" percent="0" />
    </mem>
    <remembered-set count="908" />
  </mem-info>
</gc-start>
<allocation-stats totalBytes="4536656" >
  <allocated-bytes non-tlh="760" tlh="4535896" />
  <largest-consumer threadName="PmdThread 4" threadId="0000000000D47000" bytes="2730864" />
</allocation-stats>
<gc-op id="1598" type="scavenge" timems="3.021" contextid="1595" timestamp="2019-06-16T22:58:46.057">
  <scavenger-info tenureage="4" tenuremask="7ff0" tiltratio="79" />
  <memory-copied type="nursery" objects="31308" bytes="1476552" bytesdiscarded="95576" />
  <memory-copied type="tenure" objects="2544" bytes="150768" bytesdiscarded="56" />
  <copy-failed type="nursery" objects="1327" bytes="50864" />
  <references type="weak" candidates="295" cleared="294" enqueued="294" />
  <references type="phantom" candidates="8" cleared="7" enqueued="7" />
</gc-op>
<gc-end id="1599" type="scavenge" contextid="1595" durationms="3.601" usertimems="4.000" systemtimems="4.000" timestamp="2019-06-16T22:58:46.057" activeThreads="4">
  <mem-info id="1600" free="2074539408" total="2092630016" percent="99">
    <mem type="nursery" free="4194304" total="7602176" percent="55">
      <mem type="allocate" free="4194304" total="5767168" percent="72" />
      <mem type="survivor" free="0" total="1835008" percent="0" />
    </mem>
    <mem type="tenure" free="2070345104" total="2085027840" percent="99" macro-fragmented="723458">
      <mem type="soa" free="2070345104" total="2085027840" percent="99" />
      <mem type="loa" free="0" total="0" percent="0" />
    </mem>
    <pending-finalizers system="0" default="0" reference="301" classloader="0" />
    <remembered-set count="498" />
  </mem-info>
</gc-end>
<cycle-end id="1601" type="scavenge" contextid="1595" timestamp="2019-06-16T22:58:46.057" />
  <attribute name="elasticGC enabled" value="1" />
  <attribute name= "numThreadsSpecified" value="4" />
  <attribute name="heapSize specified" value="11599872" />
  <attribute name="Current GC Util" value="23" />
  <attribute name= "Current Time Running" value="17630" />
  <attribute name ="GC Interval" value="200" />
  <attribute name="ProportionalT" value="1.500000" />
  <attribute name="ProportionalI" value="1.500000" />
  <attribute name="ProportionalH" value="1.500000" />
  <attribute name="Current Error" value="3.000000" />
  <attribute name="IntegralT" value="22.500000" />
  <attribute name="IntegralI" value="22.500000" />
  <attribute name="IntegralH" value="22.500000" />
  <attribute name="DerivativeT" value="0.200000" />
  <attribute name="DerivativeI" value="0.200000" />
  <attribute name="DerivativeH" value="0.200000" />
  <attribute name="Loop Time for DT" value="15.000000" />
  <attribute name="Output H" value="8388608"/>
  <attribute name="Output I" value="200"/>
  <attribute name="Output T" value="4"/>
  <attribute name="Target GC Util Change" value ="20.000000" />
  <attribute name="Current GC Util Change" value="23.000000"/>
  <attribute name="GC Util currently" value="23" />
  <attribute name="CPU Util currently" value="308987311183" />
<allocation-satisfied id="1602" threadId="0000000000D43400" bytesRequested="32" />
<af-end id="1603" timestamp="2019-06-16T22:58:46.057" threadId="0000000000D43D88" success="true" from="nursery"/>
<exclusive-end id="1604" timestamp="2019-06-16T22:58:46.057" durationms="4.184" />

<exclusive-start id="1605" timestamp="2019-06-16T22:58:46.076" intervalms="22.708">
  <response-info timems="0.063" idlems="0.063" threads="0" lastid="0000000000D3BC00" lastname="PmdThread 1" />
</exclusive-start>
<af-start id="1606" threadId="0000000000D3C588" totalBytesRequested="64" timestamp="2019-06-16T22:58:46.076" intervalms="22.731" type="nursery" />
<cycle-start id="1607" type="scavenge" contextid="0" timestamp="2019-06-16T22:58:46.076" intervalms="22.784" />
<gc-start id="1608" type="scavenge" contextid="1607" timestamp="2019-06-16T22:58:46.076">
  <mem-info id="1609" free="2070344848" total="2092630016" percent="98">
    <mem type="nursery" free="0" total="7602176" percent="0">
      <mem type="allocate" free="0" total="5767168" percent="0" />
      <mem type="survivor" free="0" total="1835008" percent="0" />
    </mem>
    <mem type="tenure" free="2070344848" total="2085027840" percent="99">
      <mem type="soa" free="2070344848" total="2085027840" percent="99" />
      <mem type="loa" free="0" total="0" percent="0" />
    </mem>
    <remembered-set count="914" />
  </mem-info>
</gc-start>
<allocation-stats totalBytes="4189416" >
  <allocated-bytes non-tlh="288" tlh="4189128" />
  <largest-consumer threadName="PmdThread 4" threadId="0000000000D47000" bytes="1930248" />
</allocation-stats>
<gc-op id="1610" type="scavenge" timems="2.829" contextid="1607" timestamp="2019-06-16T22:58:46.080">
  <scavenger-info tenureage="4" tenuremask="7ff0" tiltratio="75" />
  <memory-copied type="nursery" objects="16138" bytes="934088" bytesdiscarded="112080" />
  <memory-copied type="tenure" objects="18467" bytes="738440" bytesdiscarded="264" />
  <references type="weak" candidates="214" cleared="213" enqueued="213" />
  <references type="phantom" candidates="13" cleared="11" enqueued="11" />
</gc-op>
<gc-end id="1611" type="scavenge" contextid="1607" durationms="3.952" usertimems="4.000" systemtimems="0.000" timestamp="2019-06-16T22:58:46.080" activeThreads="4">
  <mem-info id="1612" free="2074260800" total="2092630016" percent="99">
    <mem type="nursery" free="4718512" total="7602176" percent="62">
      <mem type="allocate" free="4718512" total="5767168" percent="81" />
      <mem type="survivor" free="0" total="1835008" percent="0" />
    </mem>
    <mem type="tenure" free="2069542288" total="2085027840" percent="99" macro-fragmented="201903">
      <mem type="soa" free="2069542288" total="2085027840" percent="99" />
      <mem type="loa" free="0" total="0" percent="0" />
    </mem>
    <pending-finalizers system="0" default="0" reference="224" classloader="0" />
    <remembered-set count="848" />
  </mem-info>
</gc-end>
<cycle-end id="1613" type="scavenge" contextid="1607" timestamp="2019-06-16T22:58:46.080" />
  <attribute name="elasticGC enabled" value="1" />
  <attribute name= "numThreadsSpecified" value="4" />
  <attribute name="heapSize specified" value="11599872" />
  <attribute name="Current GC Util" value="30" />
  <attribute name= "Current Time Running" value="17653" />
  <attribute name ="GC Interval" value="200" />
  <attribute name="ProportionalT" value="5.000000" />
  <attribute name="ProportionalI" value="5.000000" />
  <attribute name="ProportionalH" value="5.000000" />
  <attribute name="Current Error" value="10.000000" />
  <attribute name="IntegralT" value="115.000000" />
  <attribute name="IntegralI" value="115.000000" />
  <attribute name="IntegralH" value="115.000000" />
  <attribute name="DerivativeT" value="0.304348" />
  <attribute name="DerivativeI" value="0.304348" />
  <attribute name="DerivativeH" value="0.304348" />
  <attribute name="Loop Time for DT" value="23.000000" />
  <attribute name="Output H" value="8388608"/>
  <attribute name="Output I" value="200"/>
  <attribute name="Output T" value="4"/>
  <attribute name="Target GC Util Change" value ="20.000000" />
  <attribute name="Current GC Util Change" value="30.000000"/>
  <attribute name="GC Util currently" value="30" />
  <attribute name="CPU Util currently" value="197682744322" />
<allocation-satisfied id="1614" threadId="0000000000D3BC00" bytesRequested="64" />
<af-end id="1615" timestamp="2019-06-16T22:58:46.081" threadId="0000000000D3C588" success="true" from="nursery"/>
<exclusive-end id="1616" timestamp="2019-06-16T22:58:46.081" durationms="4.727" />

<exclusive-start id="1617" timestamp="2019-06-16T22:58:46.110" intervalms="34.007">
  <response-info timems="0.132" idlems="0.075" threads="1" lastid="0000000000D3BC00" lastname="PmdThread 1" />
</exclusive-start>
<af-start id="1618" threadId="0000000000D43D88" totalBytesRequested="40" timestamp="2019-06-16T22:58:46.110" intervalms="34.212" type="nursery" />
<cycle-start id="1619" type="scavenge" contextid="0" timestamp="2019-06-16T22:58:46.110" intervalms="34.165" />
<gc-start id="1620" type="scavenge" contextid="1619" timestamp="2019-06-16T22:58:46.110">
  <mem-info id="1621" free="2069536840" total="2092630016" percent="98">
    <mem type="nursery" free="0" total="7602176" percent="0">
      <mem type="allocate" free="0" total="5767168" percent="0" />
      <mem type="survivor" free="0" total="1835008" percent="0" />
    </mem>
    <mem type="tenure" free="2069536840" total="2085027840" percent="99">
      <mem type="soa" free="2069536840" total="2085027840" percent="99" />
      <mem type="loa" free="0" total="0" percent="0" />
    </mem>
    <remembered-set count="1586" />
  </mem-info>
</gc-start>
<allocation-stats totalBytes="4710104" >
  <allocated-bytes non-tlh="5512" tlh="4704592" />
  <largest-consumer threadName="PmdThread 4" threadId="0000000000D47000" bytes="2060048" />
</allocation-stats>
<gc-op id="1622" type="scavenge" timems="2.176" contextid="1619" timestamp="2019-06-16T22:58:46.113">
  <scavenger-info tenureage="4" tenuremask="7ff0" tiltratio="75" />
  <memory-copied type="nursery" objects="13068" bytes="829960" bytesdiscarded="72544" />
  <memory-copied type="tenure" objects="1782" bytes="103384" bytesdiscarded="24" />
  <references type="weak" candidates="320" cleared="320" enqueued="320" />
  <references type="phantom" candidates="12" cleared="12" enqueued="12" />
</gc-op>
<gc-end id="1623" type="scavenge" contextid="1619" durationms="2.908" usertimems="8.000" systemtimems="0.000" timestamp="2019-06-16T22:58:46.113" activeThreads="4">
  <mem-info id="1624" free="2074486496" total="2092630016" percent="99">
    <mem type="nursery" free="5060784" total="7602176" percent="66">
      <mem type="allocate" free="5060784" total="5963776" percent="84" />
      <mem type="survivor" free="0" total="1638400" percent="0" />
    </mem>
    <mem type="tenure" free="2069425712" total="2085027840" percent="99" macro-fragmented="357632">
      <mem type="soa" free="2069425712" total="2085027840" percent="99" />
      <mem type="loa" free="0" total="0" percent="0" />
    </mem>
    <pending-finalizers system="0" default="0" reference="332" classloader="0" />
    <remembered-set count="397" />
  </mem-info>
</gc-end>
<cycle-end id="1625" type="scavenge" contextid="1619" timestamp="2019-06-16T22:58:46.113" />
  <attribute name="elasticGC enabled" value="1" />
  <attribute name= "numThreadsSpecified" value="4" />
  <attribute name="heapSize specified" value="11599872" />
  <attribute name="Current GC Util" value="17" />
  <attribute name= "Current Time Running" value="17687" />
  <attribute name ="GC Interval" value="200" />
  <attribute name="ProportionalT" value="-1.500000" />
  <attribute name="ProportionalI" value="-1.500000" />
  <attribute name="ProportionalH" value="-1.500000" />
  <attribute name="Current Error" value="-3.000000" />
  <attribute name="IntegralT" value="-51.000000" />
  <attribute name="IntegralI" value="-51.000000" />
  <attribute name="IntegralH" value="-51.000000" />
  <attribute name="DerivativeT" value="-0.382353" />
  <attribute name="DerivativeI" value="-0.382353" />
  <attribute name="DerivativeH" value="-0.382353" />
  <attribute name="Loop Time for DT" value="34.000000" />
  <attribute name="Output H" value="2092630016"/>
  <attribute name="Output I" value="200"/>
  <attribute name="Output T" value="4"/>
  <attribute name="Target GC Util Change" value ="20.000000" />
  <attribute name="Current GC Util Change" value="17.000000"/>
  <attribute name="GC Util currently" value="17" />
  <attribute name="CPU Util currently" value="136411751154" />
<allocation-satisfied id="1626" threadId="0000000000D43400" bytesRequested="40" />
<af-end id="1627" timestamp="2019-06-16T22:58:46.114" threadId="0000000000D43D88" success="true" from="nursery"/>
<exclusive-end id="1628" timestamp="2019-06-16T22:58:46.114" durationms="4.115" />

<exclusive-start id="1629" timestamp="2019-06-16T22:58:46.141" intervalms="30.843">
  <response-info timems="0.462" idlems="0.462" threads="0" lastid="0000000000D43400" lastname="PmdThread 3" />
</exclusive-start>
<af-start id="1630" threadId="0000000000D43D88" totalBytesRequested="32" timestamp="2019-06-16T22:58:46.141" intervalms="30.619" type="nursery" />
<cycle-start id="1631" type="scavenge" contextid="0" timestamp="2019-06-16T22:58:46.141" intervalms="30.646" />
<gc-start id="1632" type="scavenge" contextid="1631" timestamp="2019-06-16T22:58:46.141">
  <mem-info id="1633" free="2069422864" total="2092630016" percent="98">
    <mem type="nursery" free="0" total="7602176" percent="0">
      <mem type="allocate" free="0" total="5963776" percent="0" />
      <mem type="survivor" free="0" total="1638400" percent="0" />
    </mem>
    <mem type="tenure" free="2069422864" total="2085027840" percent="99">
      <mem type="soa" free="2069422864" total="2085027840" percent="99" />
      <mem type="loa" free="0" total="0" percent="0" />
    </mem>
    <remembered-set count="877" />
  </mem-info>
</gc-start>
<allocation-stats totalBytes="5059152" >
  <allocated-bytes non-tlh="2888" tlh="5056264" />
  <largest-consumer threadName="PmdThread 3" threadId="0000000000D43400" bytes="1791248" />
</allocation-stats>
<gc-op id="1634" type="scavenge" timems="1.821" contextid="1631" timestamp="2019-06-16T22:58:46.143">
  <scavenger-info tenureage="4" tenuremask="7ff0" tiltratio="78" />
  <memory-copied type="nursery" objects="9059" bytes="559016" bytesdiscarded="137480" />
  <memory-copied type="tenure" objects="1704" bytes="181952" bytesdiscarded="24" />
  <references type="weak" candidates="263" cleared="263" enqueued="263" />
  <references type="phantom" candidates="4" cleared="4" enqueued="4" />
</gc-op>
<gc-end id="1635" type="scavenge" contextid="1631" durationms="2.500" usertimems="4.000" systemtimems="0.000" timestamp="2019-06-16T22:58:46.144" activeThreads="4">
  <mem-info id="1636" free="2074633592" total="2092630016" percent="99">
    <mem type="nursery" free="5395632" total="7602176" percent="70">
      <mem type="allocate" free="5395632" total="6094848" percent="88" />
      <mem type="survivor" free="0" total="1507328" percent="0" />
    </mem>
    <mem type="tenure" free="2069237960" total="2085027840" percent="99" macro-fragmented="67617">
      <mem type="soa" free="2069237960" total="2085027840" percent="99" />
      <mem type="loa" free="0" total="0" percent="0" />
    </mem>
    <pending-finalizers system="0" default="0" reference="267" classloader="0" />
    <remembered-set count="298" />
  </mem-info>
</gc-end>
<cycle-end id="1637" type="scavenge" contextid="1631" timestamp="2019-06-16T22:58:46.144" />
  <attribute name="elasticGC enabled" value="1" />
  <attribute name= "numThreadsSpecified" value="4" />
  <attribute name="heapSize specified" value="11599872" />
  <attribute name="Current GC Util" value="18" />
  <attribute name= "Current Time Running" value="17718" />
  <attribute name ="GC Interval" value="200" />
  <attribute name="ProportionalT" value="-1.000000" />
  <attribute name="ProportionalI" value="-1.000000" />
  <attribute name="ProportionalH" value="-1.000000" />
  <attribute name="Current Error" value="-2.000000" />
  <attribute name="IntegralT" value="-31.000000" />
  <attribute name="IntegralI" value="-31.000000" />
  <attribute name="IntegralH" value="-31.000000" />
  <attribute name="DerivativeT" value="-0.064516" />
  <attribute name="DerivativeI" value="-0.064516" />
  <attribute name="DerivativeH" value="-0.064516" />
  <attribute name="Loop Time for DT" value="31.000000" />
  <attribute name="Output H" value="2092630016"/>
  <attribute name="Output I" value="200"/>
  <attribute name="Output T" value="4"/>
  <attribute name="Target GC Util Change" value ="20.000000" />
  <attribute name="Current GC Util Change" value="18.000000"/>
  <attribute name="GC Util currently" value="18" />
  <attribute name="CPU Util currently" value="150916774976" />
<allocation-satisfied id="1638" threadId="0000000000D43400" bytesRequested="32" />
<af-end id="1639" timestamp="2019-06-16T22:58:46.144" threadId="0000000000D43D88" success="true" from="nursery"/>
<exclusive-end id="1640" timestamp="2019-06-16T22:58:46.144" durationms="3.236" />

<exclusive-start id="1641" timestamp="2019-06-16T22:58:46.154" intervalms="13.580">
  <response-info timems="0.037" idlems="0.037" threads="0" lastid="0000000000D43400" lastname="PmdThread 3" />
</exclusive-start>
<af-start id="1642" threadId="0000000000D43D88" totalBytesRequested="72" timestamp="2019-06-16T22:58:46.154" intervalms="13.554" type="nursery" />
<cycle-start id="1643" type="scavenge" contextid="0" timestamp="2019-06-16T22:58:46.155" intervalms="13.564" />
<gc-start id="1644" type="scavenge" contextid="1643" timestamp="2019-06-16T22:58:46.155">
  <mem-info id="1645" free="2069237392" total="2092630016" percent="98">
    <mem type="nursery" free="0" total="7602176" percent="0">
      <mem type="allocate" free="0" total="6094848" percent="0" />
      <mem type="survivor" free="0" total="1507328" percent="0" />
    </mem>
    <mem type="tenure" free="2069237392" total="2085027840" percent="99">
      <mem type="soa" free="2069237392" total="2085027840" percent="99" />
      <mem type="loa" free="0" total="0" percent="0" />
    </mem>
    <remembered-set count="931" />
  </mem-info>
</gc-start>
<allocation-stats totalBytes="5390720" >
  <allocated-bytes non-tlh="600" tlh="5390120" />
  <largest-consumer threadName="PmdThread 3" threadId="0000000000D43400" bytes="2703160" />
</allocation-stats>
<gc-op id="1646" type="scavenge" timems="1.636" contextid="1643" timestamp="2019-06-16T22:58:46.156">
  <scavenger-info tenureage="3" tenuremask="7fe8" tiltratio="80" />
  <memory-copied type="nursery" objects="6793" bytes="481824" bytesdiscarded="104224" />
  <memory-copied type="tenure" objects="101" bytes="3272" bytesdiscarded="0" />
  <references type="weak" candidates="220" cleared="219" enqueued="219" />
  <references type="phantom" candidates="4" cleared="3" enqueued="3" />
</gc-op>
<gc-end id="1647" type="scavenge" contextid="1643" durationms="2.139" usertimems="4.000" systemtimems="0.000" timestamp="2019-06-16T22:58:46.157" activeThreads="4">
  <mem-info id="1648" free="2074942504" total="2092630016" percent="99">
    <mem type="nursery" free="5705112" total="7602176" percent="75">
      <mem type="allocate" free="5705112" total="6291456" percent="90" />
      <mem type="survivor" free="0" total="1310720" percent="0" />
    </mem>
    <mem type="tenure" free="2069237392" total="2085027840" percent="99" macro-fragmented="201903">
      <mem type="soa" free="2069237392" total="2085027840" percent="99" />
      <mem type="loa" free="0" total="0" percent="0" />
    </mem>
    <pending-finalizers system="0" default="0" reference="222" classloader="0" />
    <remembered-set count="271" />
  </mem-info>
</gc-end>
<cycle-end id="1649" type="scavenge" contextid="1643" timestamp="2019-06-16T22:58:46.157" />
  <attribute name="elasticGC enabled" value="1" />
  <attribute name= "numThreadsSpecified" value="4" />
  <attribute name="heapSize specified" value="11599872" />
  <attribute name="Current GC Util" value="31" />
  <attribute name= "Current Time Running" value="17731" />
  <attribute name ="GC Interval" value="200" />
  <attribute name="ProportionalT" value="5.500000" />
  <attribute name="ProportionalI" value="5.500000" />
  <attribute name="ProportionalH" value="5.500000" />
  <attribute name="Current Error" value="11.000000" />
  <attribute name="IntegralT" value="71.500000" />
  <attribute name="IntegralI" value="71.500000" />
  <attribute name="IntegralH" value="71.500000" />
  <attribute name="DerivativeT" value="0.846154" />
  <attribute name="DerivativeI" value="0.846154" />
  <attribute name="DerivativeH" value="0.846154" />
  <attribute name="Loop Time for DT" value="13.000000" />
  <attribute name="Output H" value="8388608"/>
  <attribute name="Output I" value="200"/>
  <attribute name="Output T" value="4"/>
  <attribute name="Target GC Util Change" value ="20.000000" />
  <attribute name="Current GC Util Change" value="31.000000"/>
  <attribute name="GC Util currently" value="31" />
  <attribute name="CPU Util currently" value="339584458094" />
<allocation-satisfied id="1650" threadId="0000000000D43400" bytesRequested="72" />
<af-end id="1651" timestamp="2019-06-16T22:58:46.157" threadId="0000000000D43D88" success="true" from="nursery"/>
<exclusive-end id="1652" timestamp="2019-06-16T22:58:46.157" durationms="2.808" />

<exclusive-start id="1653" timestamp="2019-06-16T22:58:46.176" intervalms="21.490">
  <response-info timems="0.036" idlems="0.036" threads="0" lastid="0000000000D47000" lastname="PmdThread 4" />
</exclusive-start>
<af-start id="1654" threadId="0000000000D47988" totalBytesRequested="784" timestamp="2019-06-16T22:58:46.178" intervalms="23.995" type="nursery" />
<cycle-start id="1655" type="scavenge" contextid="0" timestamp="2019-06-16T22:58:46.178" intervalms="23.957" />
<gc-start id="1656" type="scavenge" contextid="1655" timestamp="2019-06-16T22:58:46.179">
  <mem-info id="1657" free="2069237024" total="2092630016" percent="98">
    <mem type="nursery" free="0" total="7602176" percent="0">
      <mem type="allocate" free="0" total="6291456" percent="0" />
      <mem type="survivor" free="0" total="1310720" percent="0" />
    </mem>
    <mem type="tenure" free="2069237024" total="2085027840" percent="99">
      <mem type="soa" free="2069237024" total="2085027840" percent="99" />
      <mem type="loa" free="0" total="0" percent="0" />
    </mem>
    <remembered-set count="1191" />
  </mem-info>
</gc-start>
<allocation-stats totalBytes="5685104" >
  <allocated-bytes non-tlh="440" tlh="5684664" />
  <largest-consumer threadName="PmdThread 4" threadId="0000000000D47000" bytes="3967448" />
</allocation-stats>
<gc-op id="1658" type="scavenge" timems="0.890" contextid="1655" timestamp="2019-06-16T22:58:46.180">
  <scavenger-info tenureage="6" tenuremask="7fc0" tiltratio="82" />
  <memory-copied type="nursery" objects="6653" bytes="479640" bytesdiscarded="62096" />
  <references type="weak" candidates="286" cleared="286" enqueued="286" />
  <references type="phantom" candidates="4" cleared="3" enqueued="3" />
</gc-op>
<gc-end id="1659" type="scavenge" contextid="1655" durationms="1.466" usertimems="4.000" systemtimems="0.000" timestamp="2019-06-16T22:58:46.180" activeThreads="4">
  <mem-info id="1660" free="2075116016" total="2092630016" percent="99">
    <mem type="nursery" free="5878992" total="7602176" percent="77">
      <mem type="allocate" free="5878992" total="6422528" percent="91" />
      <mem type="survivor" free="0" total="1179648" percent="0" />
    </mem>
    <mem type="tenure" free="2069237024" total="2085027840" percent="99" macro-fragmented="723458">
      <mem type="soa" free="2069237024" total="2085027840" percent="99" />
      <mem type="loa" free="0" total="0" percent="0" />
    </mem>
    <pending-finalizers system="0" default="0" reference="289" classloader="0" />
    <remembered-set count="291" />
  </mem-info>
</gc-end>
<cycle-end id="1661" type="scavenge" contextid="1655" timestamp="2019-06-16T22:58:46.180" />
  <attribute name="elasticGC enabled" value="1" />
  <attribute name= "numThreadsSpecified" value="4" />
  <attribute name="heapSize specified" value="11599872" />
  <attribute name="Current GC Util" value="16" />
  <attribute name= "Current Time Running" value="17755" />
  <attribute name ="GC Interval" value="200" />
  <attribute name="ProportionalT" value="-2.000000" />
  <attribute name="ProportionalI" value="-2.000000" />
  <attribute name="ProportionalH" value="-2.000000" />
  <attribute name="Current Error" value="-4.000000" />
  <attribute name="IntegralT" value="-48.000000" />
  <attribute name="IntegralI" value="-48.000000" />
  <attribute name="IntegralH" value="-48.000000" />
  <attribute name="DerivativeT" value="-0.625000" />
  <attribute name="DerivativeI" value="-0.625000" />
  <attribute name="DerivativeH" value="-0.625000" />
  <attribute name="Loop Time for DT" value="24.000000" />
  <attribute name="Output H" value="2092630016"/>
  <attribute name="Output I" value="200"/>
  <attribute name="Output T" value="4"/>
  <attribute name="Target GC Util Change" value ="20.000000" />
  <attribute name="Current GC Util Change" value="16.000000"/>
  <attribute name="GC Util currently" value="16" />
  <attribute name="CPU Util currently" value="191347499399" />
<allocation-satisfied id="1662" threadId="0000000000D47000" bytesRequested="784" />
<af-end id="1663" timestamp="2019-06-16T22:58:46.180" threadId="0000000000D47988" success="true" from="nursery"/>
<exclusive-end id="1664" timestamp="2019-06-16T22:58:46.180" durationms="4.628" />

<exclusive-start id="1665" timestamp="2019-06-16T22:58:46.193" intervalms="16.954">
  <response-info timems="0.234" idlems="0.200" threads="1" lastid="0000000000D47000" lastname="PmdThread 4" />
</exclusive-start>
<af-start id="1666" threadId="0000000000D3C588" totalBytesRequested="56" timestamp="2019-06-16T22:58:46.193" intervalms="14.458" type="nursery" />
<cycle-start id="1667" type="scavenge" contextid="0" timestamp="2019-06-16T22:58:46.193" intervalms="14.477" />
<gc-start id="1668" type="scavenge" contextid="1667" timestamp="2019-06-16T22:58:46.193">
  <mem-info id="1669" free="2069237024" total="2092630016" percent="98">
    <mem type="nursery" free="0" total="7602176" percent="0">
      <mem type="allocate" free="0" total="6422528" percent="0" />
      <mem type="survivor" free="0" total="1179648" percent="0" />
    </mem>
    <mem type="tenure" free="2069237024" total="2085027840" percent="99">
      <mem type="soa" free="2069237024" total="2085027840" percent="99" />
      <mem type="loa" free="0" total="0" percent="0" />
    </mem>
    <remembered-set count="759" />
  </mem-info>
</gc-start>
<allocation-stats totalBytes="5874248" >
  <allocated-bytes non-tlh="784" tlh="5873464" />
  <largest-consumer threadName="PmdThread 4" threadId="0000000000D47000" bytes="2081856" />
</allocation-stats>
<gc-op id="1670" type="scavenge" timems="0.991" contextid="1667" timestamp="2019-06-16T22:58:46.194">
  <scavenger-info tenureage="7" tenuremask="7f80" tiltratio="84" />
  <memory-copied type="nursery" objects="21220" bytes="1082480" bytesdiscarded="96216" />
  <memory-copied type="tenure" objects="703" bytes="84112" bytesdiscarded="616" />
  <copy-failed type="nursery" objects="703" bytes="84112" />
  <references type="weak" candidates="166" cleared="166" enqueued="166" />
  <references type="phantom" candidates="5" cleared="4" enqueued="4" />
</gc-op>
<gc-end id="1671" type="scavenge" contextid="1667" durationms="1.432" usertimems="4.000" systemtimems="0.000" timestamp="2019-06-16T22:58:46.194" activeThreads="4">
  <mem-info id="1672" free="2073578752" total="2092630016" percent="99">
    <mem type="nursery" free="4390912" total="7602176" percent="57">
      <mem type="allocate" free="4390912" total="5570560" percent="78" />
      <mem type="survivor" free="0" total="2031616" percent="0" />
    </mem>
    <mem type="tenure" free="2069187840" total="2085027840" percent="99" macro-fragmented="1041779">
      <mem type="soa" free="2069187840" total="2085027840" percent="99" />
      <mem type="loa" free="0" total="0" percent="0" />
    </mem>
    <pending-finalizers system="0" default="0" reference="170" classloader="0" />
    <remembered-set count="601" />
  </mem-info>
</gc-end>
<cycle-end id="1673" type="scavenge" contextid="1667" timestamp="2019-06-16T22:58:46.195" />
  <attribute name="elasticGC enabled" value="1" />
  <attribute name= "numThreadsSpecified" value="4" />
  <attribute name="heapSize specified" value="11599872" />
  <attribute name="Current GC Util" value="11" />
  <attribute name= "Current Time Running" value="17770" />
  <attribute name ="GC Interval" value="200" />
  <attribute name="ProportionalT" value="-4.500000" />
  <attribute name="ProportionalI" value="-4.500000" />
  <attribute name="ProportionalH" value="-4.500000" />
  <attribute name="Current Error" value="-9.000000" />
  <attribute name="IntegralT" value="-67.500000" />
  <attribute name="IntegralI" value="-67.500000" />
  <attribute name="IntegralH" value="-67.500000" />
  <attribute name="DerivativeT" value="-0.600000" />
  <attribute name="DerivativeI" value="-0.600000" />
  <attribute name="DerivativeH" value="-0.600000" />
  <attribute name="Loop Time for DT" value="15.000000" />
  <attribute name="Output H" value="2092630016"/>
  <attribute name="Output I" value="200"/>
  <attribute name="Output T" value="4"/>
  <attribute name="Target GC Util Change" value ="20.000000" />
  <attribute name="Current GC Util Change" value="11.000000"/>
  <attribute name="GC Util currently" value="11" />
  <attribute name="CPU Util currently" value="323306751919" />
<allocation-satisfied id="1674" threadId="0000000000D3BC00" bytesRequested="56" />
<af-end id="1675" timestamp="2019-06-16T22:58:46.195" threadId="0000000000D3C588" success="true" from="nursery"/>
<exclusive-end id="1676" timestamp="2019-06-16T22:58:46.195" durationms="2.088" />

<exclusive-start id="1677" timestamp="2019-06-16T22:58:46.201" intervalms="8.288">
  <response-info timems="0.027" idlems="0.027" threads="0" lastid="0000000000D43400" lastname="PmdThread 3" />
</exclusive-start>
<af-start id="1678" threadId="0000000000D43D88" totalBytesRequested="64" timestamp="2019-06-16T22:58:46.201" intervalms="8.651" type="nursery" />
<cycle-start id="1679" type="scavenge" contextid="0" timestamp="2019-06-16T22:58:46.202" intervalms="8.605" />
<gc-start id="1680" type="scavenge" contextid="1679" timestamp="2019-06-16T22:58:46.202">
  <mem-info id="1681" free="2069187632" total="2092630016" percent="98">
    <mem type="nursery" free="0" total="7602176" percent="0">
      <mem type="allocate" free="0" total="5570560" percent="0" />
      <mem type="survivor" free="0" total="2031616" percent="0" />
    </mem>
    <mem type="tenure" free="2069187632" total="2085027840" percent="99">
      <mem type="soa" free="2069187632" total="2085027840" percent="99" />
      <mem type="loa" free="0" total="0" percent="0" />
    </mem>
    <remembered-set count="784" />
  </mem-info>
</gc-start>
<allocation-stats totalBytes="4388728" >
  <allocated-bytes non-tlh="264" tlh="4388464" />
  <largest-consumer threadName="PmdThread 1" threadId="0000000000D3BC00" bytes="1670896" />
</allocation-stats>
<gc-op id="1682" type="scavenge" timems="3.554" contextid="1679" timestamp="2019-06-16T22:58:46.205">
  <scavenger-info tenureage="7" tenuremask="7f80" tiltratio="73" />
  <memory-copied type="nursery" objects="36964" bytes="1750088" bytesdiscarded="200616" />
  <memory-copied type="tenure" objects="70" bytes="2224" bytesdiscarded="0" />
  <references type="weak" candidates="190" cleared="190" enqueued="190" />
  <references type="phantom" candidates="4" cleared="2" enqueued="2" />
</gc-op>
<gc-end id="1683" type="scavenge" contextid="1679" durationms="3.939" usertimems="4.000" systemtimems="4.000" timestamp="2019-06-16T22:58:46.206" activeThreads="4">
  <mem-info id="1684" free="2072410000" total="2092630016" percent="99">
    <mem type="nursery" free="3222368" total="7602176" percent="42">
      <mem type="allocate" free="3222368" total="5177344" percent="62" />
      <mem type="survivor" free="0" total="2424832" percent="0" />
    </mem>
    <mem type="tenure" free="2069187632" total="2085027840" percent="99" macro-fragmented="868149">
      <mem type="soa" free="2069187632" total="2085027840" percent="99" />
      <mem type="loa" free="0" total="0" percent="0" />
    </mem>
    <pending-finalizers system="0" default="0" reference="192" classloader="0" />
    <remembered-set count="581" />
  </mem-info>
</gc-end>
<cycle-end id="1685" type="scavenge" contextid="1679" timestamp="2019-06-16T22:58:46.206" />
  <attribute name="elasticGC enabled" value="1" />
  <attribute name= "numThreadsSpecified" value="4" />
  <attribute name="heapSize specified" value="11599872" />
  <attribute name="Current GC Util" value="36" />
  <attribute name= "Current Time Running" value="17778" />
  <attribute name ="GC Interval" value="200" />
  <attribute name="ProportionalT" value="8.000000" />
  <attribute name="ProportionalI" value="8.000000" />
  <attribute name="ProportionalH" value="8.000000" />
  <attribute name="Current Error" value="16.000000" />
  <attribute name="IntegralT" value="64.000000" />
  <attribute name="IntegralI" value="64.000000" />
  <attribute name="IntegralH" value="64.000000" />
  <attribute name="DerivativeT" value="2.000000" />
  <attribute name="DerivativeI" value="2.000000" />
  <attribute name="DerivativeH" value="2.000000" />
  <attribute name="Loop Time for DT" value="8.000000" />
  <attribute name="Output H" value="8388608"/>
  <attribute name="Output I" value="200"/>
  <attribute name="Output T" value="4"/>
  <attribute name="Target GC Util Change" value ="20.000000" />
  <attribute name="Current GC Util Change" value="36.000000"/>
  <attribute name="GC Util currently" value="36" />
  <attribute name="CPU Util currently" value="539073569914" />
<allocation-satisfied id="1686" threadId="0000000000D43400" bytesRequested="64" />
<af-end id="1687" timestamp="2019-06-16T22:58:46.206" threadId="0000000000D43D88" success="true" from="nursery"/>
<exclusive-end id="1688" timestamp="2019-06-16T22:58:46.206" durationms="4.804" />

<exclusive-start id="1689" timestamp="2019-06-16T22:58:46.210" intervalms="9.044">
  <response-info timems="0.039" idlems="0.039" threads="0" lastid="0000000000D43400" lastname="PmdThread 3" />
</exclusive-start>
<af-start id="1690" threadId="0000000000D43D88" totalBytesRequested="16" timestamp="2019-06-16T22:58:46.210" intervalms="8.980" type="nursery" />
<cycle-start id="1691" type="scavenge" contextid="0" timestamp="2019-06-16T22:58:46.211" intervalms="8.978" />
<gc-start id="1692" type="scavenge" contextid="1691" timestamp="2019-06-16T22:58:46.211">
  <mem-info id="1693" free="2069187632" total="2092630016" percent="98">
    <mem type="nursery" free="0" total="7602176" percent="0">
      <mem type="allocate" free="0" total="5177344" percent="0" />
      <mem type="survivor" free="0" total="2424832" percent="0" />
    </mem>
    <mem type="tenure" free="2069187632" total="2085027840" percent="99">
      <mem type="soa" free="2069187632" total="2085027840" percent="99" />
      <mem type="loa" free="0" total="0" percent="0" />
    </mem>
    <remembered-set count="673" />
  </mem-info>
</gc-start>
<allocation-stats totalBytes="3221168" >
  <allocated-bytes non-tlh="64" tlh="3221104" />
  <largest-consumer threadName="PmdThread 1" threadId="0000000000D3BC00" bytes="1370624" />
</allocation-stats>
<gc-op id="1694" type="scavenge" timems="2.689" contextid="1691" timestamp="2019-06-16T22:58:46.213">
  <scavenger-info tenureage="6" tenuremask="7fc0" tiltratio="68" />
  <memory-copied type="nursery" objects="45057" bytes="2047304" bytesdiscarded="149112" />
  <memory-copied type="tenure" objects="283" bytes="8080" bytesdiscarded="0" />
  <references type="weak" candidates="46" cleared="46" enqueued="46" />
  <references type="phantom" candidates="3" cleared="2" enqueued="2" />
</gc-op>
<gc-end id="1695" type="scavenge" contextid="1691" durationms="3.063" usertimems="8.000" systemtimems="0.000" timestamp="2019-06-16T22:58:46.214" activeThreads="4">
  <mem-info id="1696" free="2072037104" total="2092630016" percent="99">
    <mem type="nursery" free="2849472" total="7602176" percent="37">
      <mem type="allocate" free="2849472" total="5046272" percent="56" />
      <mem type="survivor" free="0" total="2555904" percent="0" />
    </mem>
    <mem type="tenure" free="2069187632" total="2085027840" percent="99" macro-fragmented="1041779">
      <mem type="soa" free="2069187632" total="2085027840" percent="99" />
      <mem type="loa" free="0" total="0" percent="0" />
    </mem>
    <pending-finalizers system="0" default="0" reference="48" classloader="0" />
    <remembered-set count="525" />
  </mem-info>
</gc-end>
<cycle-end id="1697" type="scavenge" contextid="1691" timestamp="2019-06-16T22:58:46.214" />
  <attribute name="elasticGC enabled" value="1" />
  <attribute name= "numThreadsSpecified" value="4" />
  <attribute name="heapSize specified" value="11599872" />
  <attribute name="Current GC Util" value="82" />
  <attribute name= "Current Time Running" value="17787" />
  <attribute name ="GC Interval" value="320" />
  <attribute name="ProportionalT" value="31.000000" />
  <attribute name="ProportionalI" value="31.000000" />
  <attribute name="ProportionalH" value="31.000000" />
  <attribute name="Current Error" value="62.000000" />
  <attribute name="IntegralT" value="279.000000" />
  <attribute name="IntegralI" value="279.000000" />
  <attribute name="IntegralH" value="279.000000" />
  <attribute name="DerivativeT" value="5.111111" />
  <attribute name="DerivativeI" value="5.111111" />
  <attribute name="DerivativeH" value="5.111111" />
  <attribute name="Loop Time for DT" value="9.000000" />
  <attribute name="Output H" value="8388608"/>
  <attribute name="Output I" value="320"/>
  <attribute name="Output T" value="4"/>
  <attribute name="Target GC Util Change" value ="20.000000" />
  <attribute name="Current GC Util Change" value="82.000000"/>
  <attribute name="GC Util currently" value="82" />
  <attribute name="CPU Util currently" value="514530218476" />
<allocation-satisfied id="1698" threadId="0000000000D43400" bytesRequested="16" />
<af-end id="1699" timestamp="2019-06-16T22:58:46.214" threadId="0000000000D43D88" success="true" from="nursery"/>
<exclusive-end id="1700" timestamp="2019-06-16T22:58:46.214" durationms="4.085" />

<exclusive-start id="1701" timestamp="2019-06-16T22:58:46.218" intervalms="7.471">
  <response-info timems="0.039" idlems="0.021" threads="1" lastid="0000000000D47000" lastname="PmdThread 4" />
</exclusive-start>
<af-start id="1702" threadId="0000000000D3C588" totalBytesRequested="56" timestamp="2019-06-16T22:58:46.218" intervalms="7.179" type="nursery" />
<cycle-start id="1703" type="scavenge" contextid="0" timestamp="2019-06-16T22:58:46.218" intervalms="7.231" />
<gc-start id="1704" type="scavenge" contextid="1703" timestamp="2019-06-16T22:58:46.218">
  <mem-info id="1705" free="2069187632" total="2092630016" percent="98">
    <mem type="nursery" free="0" total="7602176" percent="0">
      <mem type="allocate" free="0" total="5046272" percent="0" />
      <mem type="survivor" free="0" total="2555904" percent="0" />
    </mem>
    <mem type="tenure" free="2069187632" total="2085027840" percent="99">
      <mem type="soa" free="2069187632" total="2085027840" percent="99" />
      <mem type="loa" free="0" total="0" percent="0" />
    </mem>
    <remembered-set count="638" />
  </mem-info>
</gc-start>
<allocation-stats totalBytes="2845872" >
  <allocated-bytes non-tlh="16" tlh="2845856" />
  <largest-consumer threadName="PmdThread 3" threadId="0000000000D43400" bytes="1118016" />
</allocation-stats>
<gc-op id="1706" type="scavenge" timems="1.843" contextid="1703" timestamp="2019-06-16T22:58:46.220">
  <scavenger-info tenureage="5" tenuremask="7fe0" tiltratio="66" />
  <memory-copied type="nursery" objects="45804" bytes="2011696" bytesdiscarded="125384" />
  <memory-copied type="tenure" objects="158" bytes="5112" bytesdiscarded="0" />
  <references type="weak" candidates="44" cleared="44" enqueued="44" />
  <references type="phantom" candidates="2" cleared="1" enqueued="1" />
</gc-op>
<gc-end id="1707" type="scavenge" contextid="1703" durationms="2.302" usertimems="4.000" systemtimems="0.000" timestamp="2019-06-16T22:58:46.220" activeThreads="4">
  <mem-info id="1708" free="2072354760" total="2092630016" percent="99">
    <mem type="nursery" free="3167128" total="7602176" percent="41">
      <mem type="allocate" free="3167128" total="5308416" percent="59" />
      <mem type="survivor" free="0" total="2293760" percent="0" />
    </mem>
    <mem type="tenure" free="2069187632" total="2085027840" percent="99" macro-fragmented="502401">
      <mem type="soa" free="2069187632" total="2085027840" percent="99" />
      <mem type="loa" free="0" total="0" percent="0" />
    </mem>
    <pending-finalizers system="0" default="0" reference="45" classloader="0" />
    <remembered-set count="494" />
  </mem-info>
</gc-end>
<cycle-end id="1709" type="scavenge" contextid="1703" timestamp="2019-06-16T22:58:46.220" />
  <attribute name="elasticGC enabled" value="1" />
  <attribute name= "numThreadsSpecified" value="4" />
  <attribute name="heapSize specified" value="11599872" />
  <attribute name="Current GC Util" value="95" />
  <attribute name= "Current Time Running" value="17795" />
  <attribute name ="GC Interval" value="344" />
  <attribute name="ProportionalT" value="37.500000" />
  <attribute name="ProportionalI" value="37.500000" />
  <attribute name="ProportionalH" value="37.500000" />
  <attribute name="Current Error" value="75.000000" />
  <attribute name="IntegralT" value="300.000000" />
  <attribute name="IntegralI" value="300.000000" />
  <attribute name="IntegralH" value="300.000000" />
  <attribute name="DerivativeT" value="1.625000" />
  <attribute name="DerivativeI" value="1.625000" />
  <attribute name="DerivativeH" value="1.625000" />
  <attribute name="Loop Time for DT" value="8.000000" />
  <attribute name="Output H" value="8388608"/>
  <attribute name="Output I" value="344"/>
  <attribute name="Output T" value="4"/>
  <attribute name="Target GC Util Change" value ="20.000000" />
  <attribute name="Current GC Util Change" value="95.000000"/>
  <attribute name="GC Util currently" value="95" />
  <attribute name="CPU Util currently" value="629656919043" />
<allocation-satisfied id="1710" threadId="0000000000D3BC00" bytesRequested="56" />
<af-end id="1711" timestamp="2019-06-16T22:58:46.220" threadId="0000000000D3C588" success="true" from="nursery"/>
<exclusive-end id="1712" timestamp="2019-06-16T22:58:46.220" durationms="2.913" />

<exclusive-start id="1713" timestamp="2019-06-16T22:58:46.226" intervalms="8.565">
  <response-info timems="0.033" idlems="0.022" threads="2" lastid="0000000000D47000" lastname="PmdThread 4" />
</exclusive-start>
<af-start id="1714" threadId="0000000000D3C588" totalBytesRequested="72" timestamp="2019-06-16T22:58:46.226" intervalms="8.551" type="nursery" />
<cycle-start id="1715" type="scavenge" contextid="0" timestamp="2019-06-16T22:58:46.226" intervalms="8.552" />
<gc-start id="1716" type="scavenge" contextid="1715" timestamp="2019-06-16T22:58:46.226">
  <mem-info id="1717" free="2069187368" total="2092630016" percent="98">
    <mem type="nursery" free="0" total="7602176" percent="0">
      <mem type="allocate" free="0" total="5308416" percent="0" />
      <mem type="survivor" free="0" total="2293760" percent="0" />
    </mem>
    <mem type="tenure" free="2069187368" total="2085027840" percent="99">
      <mem type="soa" free="2069187368" total="2085027840" percent="99" />
      <mem type="loa" free="0" total="0" percent="0" />
    </mem>
    <remembered-set count="702" />
  </mem-info>
</gc-start>
<allocation-stats totalBytes="3161128" >
  <allocated-bytes non-tlh="320" tlh="3160808" />
  <largest-consumer threadName="PmdThread 4" threadId="0000000000D47000" bytes="1078544" />
</allocation-stats>
<gc-op id="1718" type="scavenge" timems="2.793" contextid="1715" timestamp="2019-06-16T22:58:46.229">
  <scavenger-info tenureage="3" tenuremask="7ff8" tiltratio="69" />
  <memory-copied type="nursery" objects="31707" bytes="1359192" bytesdiscarded="163736" />
  <memory-copied type="tenure" objects="25861" bytes="1156040" bytesdiscarded="200" />
  <references type="weak" candidates="201" cleared="200" enqueued="200" />
  <references type="phantom" candidates="1" cleared="0" enqueued="0" />
</gc-op>
<gc-end id="1719" type="scavenge" contextid="1715" durationms="3.141" usertimems="4.000" systemtimems="0.000" timestamp="2019-06-16T22:58:46.230" activeThreads="4">
  <mem-info id="1720" free="2071874504" total="2092630016" percent="99">
    <mem type="nursery" free="3784640" total="7602176" percent="49">
      <mem type="allocate" free="3784640" total="5308416" percent="71" />
      <mem type="survivor" free="0" total="2293760" percent="0" />
    </mem>
    <mem type="tenure" free="2068089864" total="2085027840" percent="99" macro-fragmented="723458">
      <mem type="soa" free="2068089864" total="2085027840" percent="99" />
      <mem type="loa" free="0" total="0" percent="0" />
    </mem>
    <pending-finalizers system="0" default="0" reference="200" classloader="0" />
    <remembered-set count="623" />
  </mem-info>
</gc-end>
<cycle-end id="1721" type="scavenge" contextid="1715" timestamp="2019-06-16T22:58:46.230" />
  <attribute name="elasticGC enabled" value="1" />
  <attribute name= "numThreadsSpecified" value="4" />
  <attribute name="heapSize specified" value="11599872" />
  <attribute name="Current GC Util" value="50" />
  <attribute name= "Current Time Running" value="17803" />
  <attribute name ="GC Interval" value="200" />
  <attribute name="ProportionalT" value="15.000000" />
  <attribute name="ProportionalI" value="15.000000" />
  <attribute name="ProportionalH" value="15.000000" />
  <attribute name="Current Error" value="30.000000" />
  <attribute name="IntegralT" value="120.000000" />
  <attribute name="IntegralI" value="120.000000" />
  <attribute name="IntegralH" value="120.000000" />
  <attribute name="DerivativeT" value="-5.625000" />
  <attribute name="DerivativeI" value="-5.625000" />
  <attribute name="DerivativeH" value="-5.625000" />
  <attribute name="Loop Time for DT" value="8.000000" />
  <attribute name="Output H" value="8388608"/>
  <attribute name="Output I" value="200"/>
  <attribute name="Output T" value="4"/>
  <attribute name="Target GC Util Change" value ="20.000000" />
  <attribute name="Current GC Util Change" value="50.000000"/>
  <attribute name="GC Util currently" value="50" />
  <attribute name="CPU Util currently" value="544747521753" />
<allocation-satisfied id="1722" threadId="0000000000D3BC00" bytesRequested="72" />
<af-end id="1723" timestamp="2019-06-16T22:58:46.230" threadId="0000000000D3C588" success="true" from="nursery"/>
<exclusive-end id="1724" timestamp="2019-06-16T22:58:46.230" durationms="3.621" />

<exclusive-start id="1725" timestamp="2019-06-16T22:58:46.238" intervalms="11.936">
  <response-info timems="0.048" idlems="0.048" threads="0" lastid="0000000000D47000" lastname="PmdThread 4" />
</exclusive-start>
<af-start id="1726" threadId="0000000000D47988" totalBytesRequested="120" timestamp="2019-06-16T22:58:46.238" intervalms="11.923" type="nursery" />
<cycle-start id="1727" type="scavenge" contextid="0" timestamp="2019-06-16T22:58:46.238" intervalms="11.894" />
<gc-start id="1728" type="scavenge" contextid="1727" timestamp="2019-06-16T22:58:46.238">
  <mem-info id="1729" free="2068088128" total="2092630016" percent="98">
    <mem type="nursery" free="0" total="7602176" percent="0">
      <mem type="allocate" free="0" total="5308416" percent="0" />
      <mem type="survivor" free="0" total="2293760" percent="0" />
    </mem>
    <mem type="tenure" free="2068088128" total="2085027840" percent="99">
      <mem type="soa" free="2068088128" total="2085027840" percent="99" />
      <mem type="loa" free="0" total="0" percent="0" />
    </mem>
    <remembered-set count="1220" />
  </mem-info>
</gc-start>
<allocation-stats totalBytes="3781272" >
  <allocated-bytes non-tlh="1808" tlh="3779464" />
  <largest-consumer threadName="PmdThread 4" threadId="0000000000D47000" bytes="1282568" />
</allocation-stats>
<gc-op id="1730" type="scavenge" timems="1.286" contextid="1727" timestamp="2019-06-16T22:58:46.240">
  <scavenger-info tenureage="4" tenuremask="7ff0" tiltratio="69" />
  <memory-copied type="nursery" objects="35572" bytes="1436904" bytesdiscarded="96152" />
  <references type="weak" candidates="199" cleared="199" enqueued="199" />
  <references type="phantom" candidates="3" cleared="3" enqueued="3" />
</gc-op>
<gc-end id="1731" type="scavenge" contextid="1727" durationms="2.141" usertimems="4.000" systemtimems="0.000" timestamp="2019-06-16T22:58:46.241" activeThreads="4">
  <mem-info id="1732" free="2071991896" total="2092630016" percent="99">
    <mem type="nursery" free="3903768" total="7602176" percent="51">
      <mem type="allocate" free="3903768" total="5439488" percent="71" />
      <mem type="survivor" free="0" total="2162688" percent="0" />
    </mem>
    <mem type="tenure" free="2068088128" total="2085027840" percent="99" macro-fragmented="502401">
      <mem type="soa" free="2068088128" total="2085027840" percent="99" />
      <mem type="loa" free="0" total="0" percent="0" />
    </mem>
    <pending-finalizers system="0" default="0" reference="202" classloader="0" />
    <remembered-set count="861" />
  </mem-info>
</gc-end>
<cycle-end id="1733" type="scavenge" contextid="1727" timestamp="2019-06-16T22:58:46.241" />
  <attribute name="elasticGC enabled" value="1" />
  <attribute name= "numThreadsSpecified" value="4" />
  <attribute name="heapSize specified" value="11599872" />
  <attribute name="Current GC Util" value="45" />
  <attribute name= "Current Time Running" value="17815" />
  <attribute name ="GC Interval" value="200" />
  <attribute name="ProportionalT" value="12.500000" />
  <attribute name="ProportionalI" value="12.500000" />
  <attribute name="ProportionalH" value="12.500000" />
  <attribute name="Current Error" value="25.000000" />
  <attribute name="IntegralT" value="150.000000" />
  <attribute name="IntegralI" value="150.000000" />
  <attribute name="IntegralH" value="150.000000" />
  <attribute name="DerivativeT" value="-0.416667" />
  <attribute name="DerivativeI" value="-0.416667" />
  <attribute name="DerivativeH" value="-0.416667" />
  <attribute name="Loop Time for DT" value="12.000000" />
  <attribute name="Output H" value="8388608"/>
  <attribute name="Output I" value="200"/>
  <attribute name="Output T" value="4"/>
  <attribute name="Target GC Util Change" value ="20.000000" />
  <attribute name="Current GC Util Change" value="45.000000"/>
  <attribute name="GC Util currently" value="45" />
  <attribute name="CPU Util currently" value="370299744184" />
<allocation-satisfied id="1734" threadId="0000000000D47000" bytesRequested="120" />
<af-end id="1735" timestamp="2019-06-16T22:58:46.241" threadId="0000000000D47988" success="true" from="nursery"/>
<exclusive-end id="1736" timestamp="2019-06-16T22:58:46.241" durationms="2.896" />

<exclusive-start id="1737" timestamp="2019-06-16T22:58:46.244" intervalms="6.313">
  <response-info timems="0.030" idlems="0.030" threads="0" lastid="0000000000D3BC00" lastname="PmdThread 1" />
</exclusive-start>
<af-start id="1738" threadId="0000000000D3C588" totalBytesRequested="40" timestamp="2019-06-16T22:58:46.244" intervalms="6.347" type="nursery" />
<cycle-start id="1739" type="scavenge" contextid="0" timestamp="2019-06-16T22:58:46.245" intervalms="6.380" />
<gc-start id="1740" type="scavenge" contextid="1739" timestamp="2019-06-16T22:58:46.245">
  <mem-info id="1741" free="2068088128" total="2092630016" percent="98">
    <mem type="nursery" free="0" total="7602176" percent="0">
      <mem type="allocate" free="0" total="5439488" percent="0" />
      <mem type="survivor" free="0" total="2162688" percent="0" />
    </mem>
    <mem type="tenure" free="2068088128" total="2085027840" percent="99">
      <mem type="soa" free="2068088128" total="2085027840" percent="99" />
      <mem type="loa" free="0" total="0" percent="0" />
    </mem>
    <remembered-set count="1723" />
  </mem-info>
</gc-start>
<allocation-stats totalBytes="3889000" >
  <allocated-bytes non-tlh="120" tlh="3888880" />
  <largest-consumer threadName="PmdThread 1" threadId="0000000000D3BC00" bytes="1556192" />
</allocation-stats>
<gc-op id="1742" type="scavenge" timems="2.401" contextid="1739" timestamp="2019-06-16T22:58:46.247">
  <scavenger-info tenureage="4" tenuremask="7ff0" tiltratio="71" />
  <memory-copied type="nursery" objects="30421" bytes="1368112" bytesdiscarded="217336" />
  <memory-copied type="tenure" objects="11157" bytes="411576" bytesdiscarded="160" />
  <references type="weak" candidates="210" cleared="209" enqueued="209" />
  <references type="phantom" candidates="2" cleared="0" enqueued="0" />
</gc-op>
<gc-end id="1743" type="scavenge" contextid="1739" durationms="2.839" usertimems="8.000" systemtimems="0.000" timestamp="2019-06-16T22:58:46.248" activeThreads="4">
  <mem-info id="1744" free="2071623120" total="2092630016" percent="98">
    <mem type="nursery" free="3985040" total="7602176" percent="52">
      <mem type="allocate" free="3985040" total="5570560" percent="71" />
      <mem type="survivor" free="0" total="2031616" percent="0" />
    </mem>
    <mem type="tenure" free="2067638080" total="2085027840" percent="99" macro-fragmented="140211">
      <mem type="soa" free="2067638080" total="2085027840" percent="99" />
      <mem type="loa" free="0" total="0" percent="0" />
    </mem>
    <pending-finalizers system="0" default="0" reference="209" classloader="0" />
    <remembered-set count="1420" />
  </mem-info>
</gc-end>
<cycle-end id="1745" type="scavenge" contextid="1739" timestamp="2019-06-16T22:58:46.248" />
  <attribute name="elasticGC enabled" value="1" />
  <attribute name= "numThreadsSpecified" value="4" />
  <attribute name="heapSize specified" value="11599872" />
  <attribute name="Current GC Util" value="66" />
  <attribute name= "Current Time Running" value="17821" />
  <attribute name ="GC Interval" value="200" />
  <attribute name="ProportionalT" value="23.000000" />
  <attribute name="ProportionalI" value="23.000000" />
  <attribute name="ProportionalH" value="23.000000" />
  <attribute name="Current Error" value="46.000000" />
  <attribute name="IntegralT" value="138.000000" />
  <attribute name="IntegralI" value="138.000000" />
  <attribute name="IntegralH" value="138.000000" />
  <attribute name="DerivativeT" value="3.500000" />
  <attribute name="DerivativeI" value="3.500000" />
  <attribute name="DerivativeH" value="3.500000" />
  <attribute name="Loop Time for DT" value="6.000000" />
  <attribute name="Output H" value="8388608"/>
  <attribute name="Output I" value="200"/>
  <attribute name="Output T" value="4"/>
  <attribute name="Target GC Util Change" value ="20.000000" />
  <attribute name="Current GC Util Change" value="66.000000"/>
  <attribute name="GC Util currently" value="66" />
  <attribute name="CPU Util currently" value="781062778697" />
<allocation-satisfied id="1746" threadId="0000000000D3BC00" bytesRequested="40" />
<af-end id="1747" timestamp="2019-06-16T22:58:46.248" threadId="0000000000D3C588" success="true" from="nursery"/>
<exclusive-end id="1748" timestamp="2019-06-16T22:58:46.248" durationms="3.606" />

<exclusive-start id="1749" timestamp="2019-06-16T22:58:46.255" intervalms="10.434">
  <response-info timems="0.032" idlems="0.029" threads="1" lastid="0000000000D3F800" lastname="PmdThread 2" />
</exclusive-start>
<af-start id="1750" threadId="0000000000D47988" totalBytesRequested="1008" timestamp="2019-06-16T22:58:46.255" intervalms="10.460" type="nursery" />
<cycle-start id="1751" type="scavenge" contextid="0" timestamp="2019-06-16T22:58:46.255" intervalms="10.500" />
<gc-start id="1752" type="scavenge" contextid="1751" timestamp="2019-06-16T22:58:46.255">
  <mem-info id="1753" free="2067634552" total="2092630016" percent="98">
    <mem type="nursery" free="0" total="7602176" percent="0">
      <mem type="allocate" free="0" total="5570560" percent="0" />
      <mem type="survivor" free="0" total="2031616" percent="0" />
    </mem>
    <mem type="tenure" free="2067634552" total="2085027840" percent="99">
      <mem type="soa" free="2067634552" total="2085027840" percent="99" />
      <mem type="loa" free="0" total="0" percent="0" />
    </mem>
    <remembered-set count="2026" />
  </mem-info>
</gc-start>
<allocation-stats totalBytes="3983040" >
  <allocated-bytes non-tlh="3568" tlh="3979472" />
  <largest-consumer threadName="PmdThread 4" threadId="0000000000D47000" bytes="1658968" />
</allocation-stats>
<gc-op id="1754" type="scavenge" timems="1.223" contextid="1751" timestamp="2019-06-16T22:58:46.257">
  <scavenger-info tenureage="3" tenuremask="7ff8" tiltratio="73" />
  <memory-copied type="nursery" objects="16592" bytes="740912" bytesdiscarded="411656" />
  <memory-copied type="tenure" objects="17216" bytes="765048" bytesdiscarded="128" />
  <references type="soft" candidates="72" cleared="0" enqueued="0" dynamicThreshold="31" maxThreshold="32" />
  <references type="weak" candidates="237" cleared="237" enqueued="237" />
  <references type="phantom" candidates="4" cleared="4" enqueued="4" />
</gc-op>
<gc-end id="1755" type="scavenge" contextid="1751" durationms="1.706" usertimems="8.000" systemtimems="0.000" timestamp="2019-06-16T22:58:46.257" activeThreads="4">
  <mem-info id="1756" free="2071364920" total="2092630016" percent="98">
    <mem type="nursery" free="4481992" total="7602176" percent="58">
      <mem type="allocate" free="4481992" total="5636096" percent="79" />
      <mem type="survivor" free="0" total="1966080" percent="0" />
    </mem>
    <mem type="tenure" free="2066882928" total="2085027840" percent="99" macro-fragmented="447040">
      <mem type="soa" free="2066882928" total="2085027840" percent="99" />
      <mem type="loa" free="0" total="0" percent="0" />
    </mem>
    <pending-finalizers system="0" default="0" reference="241" classloader="0" />
    <remembered-set count="1955" />
  </mem-info>
</gc-end>
<cycle-end id="1757" type="scavenge" contextid="1751" timestamp="2019-06-16T22:58:46.257" />
  <attribute name="elasticGC enabled" value="1" />
  <attribute name= "numThreadsSpecified" value="4" />
  <attribute name="heapSize specified" value="11599872" />
  <attribute name="Current GC Util" value="58" />
  <attribute name= "Current Time Running" value="17832" />
  <attribute name ="GC Interval" value="232" />
  <attribute name="ProportionalT" value="19.000000" />
  <attribute name="ProportionalI" value="19.000000" />
  <attribute name="ProportionalH" value="19.000000" />
  <attribute name="Current Error" value="38.000000" />
  <attribute name="IntegralT" value="209.000000" />
  <attribute name="IntegralI" value="209.000000" />
  <attribute name="IntegralH" value="209.000000" />
  <attribute name="DerivativeT" value="-0.727273" />
  <attribute name="DerivativeI" value="-0.727273" />
  <attribute name="DerivativeH" value="-0.727273" />
  <attribute name="Loop Time for DT" value="11.000000" />
  <attribute name="Output H" value="8388608"/>
  <attribute name="Output I" value="232"/>
  <attribute name="Output T" value="4"/>
  <attribute name="Target GC Util Change" value ="20.000000" />
  <attribute name="Current GC Util Change" value="58.000000"/>
  <attribute name="GC Util currently" value="58" />
  <attribute name="CPU Util currently" value="436487623776" />
<allocation-satisfied id="1758" threadId="0000000000D47000" bytesRequested="1008" />
<af-end id="1759" timestamp="2019-06-16T22:58:46.257" threadId="0000000000D47988" success="true" from="nursery"/>
<exclusive-end id="1760" timestamp="2019-06-16T22:58:46.257" durationms="2.504" />

<exclusive-start id="1761" timestamp="2019-06-16T22:58:46.266" intervalms="10.935">
  <response-info timems="0.033" idlems="0.033" threads="0" lastid="0000000000D3F800" lastname="PmdThread 2" />
</exclusive-start>
<af-start id="1762" threadId="0000000000D40188" totalBytesRequested="32" timestamp="2019-06-16T22:58:46.266" intervalms="10.894" type="nursery" />
<cycle-start id="1763" type="scavenge" contextid="0" timestamp="2019-06-16T22:58:46.266" intervalms="10.825" />
<gc-start id="1764" type="scavenge" contextid="1763" timestamp="2019-06-16T22:58:46.266">
  <mem-info id="1765" free="2066882376" total="2092630016" percent="98">
    <mem type="nursery" free="0" total="7602176" percent="0">
      <mem type="allocate" free="0" total="5636096" percent="0" />
      <mem type="survivor" free="0" total="1966080" percent="0" />
    </mem>
    <mem type="tenure" free="2066882376" total="2085027840" percent="99">
      <mem type="soa" free="2066882376" total="2085027840" percent="99" />
      <mem type="loa" free="0" total="0" percent="0" />
    </mem>
    <remembered-set count="3322" />
  </mem-info>
</gc-start>
<allocation-stats totalBytes="4476896" >
  <allocated-bytes non-tlh="1560" tlh="4475336" />
  <largest-consumer threadName="PmdThread 4" threadId="0000000000D47000" bytes="2441872" />
</allocation-stats>
<gc-op id="1766" type="scavenge" timems="2.008" contextid="1763" timestamp="2019-06-16T22:58:46.268">
  <scavenger-info tenureage="4" tenuremask="7ff0" tiltratio="74" />
  <memory-copied type="nursery" objects="19063" bytes="858560" bytesdiscarded="143040" />
  <references type="soft" candidates="72" cleared="0" enqueued="0" dynamicThreshold="31" maxThreshold="32" />
  <references type="weak" candidates="201" cleared="201" enqueued="201" />
  <references type="phantom" candidates="2" cleared="2" enqueued="2" />
</gc-op>
<gc-end id="1767" type="scavenge" contextid="1763" durationms="2.617" usertimems="8.000" systemtimems="0.000" timestamp="2019-06-16T22:58:46.269" activeThreads="4">
  <mem-info id="1768" free="2071712792" total="2092630016" percent="99">
    <mem type="nursery" free="4830416" total="7602176" percent="63">
      <mem type="allocate" free="4830416" total="5832704" percent="82" />
      <mem type="survivor" free="0" total="1769472" percent="0" />
    </mem>
    <mem type="tenure" free="2066882376" total="2085027840" percent="99" macro-fragmented="357632">
      <mem type="soa" free="2066882376" total="2085027840" percent="99" />
      <mem type="loa" free="0" total="0" percent="0" />
    </mem>
    <pending-finalizers system="0" default="0" reference="203" classloader="0" />
    <remembered-set count="1968" />
  </mem-info>
</gc-end>
<cycle-end id="1769" type="scavenge" contextid="1763" timestamp="2019-06-16T22:58:46.269" />
  <attribute name="elasticGC enabled" value="1" />
  <attribute name= "numThreadsSpecified" value="4" />
  <attribute name="heapSize specified" value="11599872" />
  <attribute name="Current GC Util" value="38" />
  <attribute name= "Current Time Running" value="17843" />
  <attribute name ="GC Interval" value="200" />
  <attribute name="ProportionalT" value="9.000000" />
  <attribute name="ProportionalI" value="9.000000" />
  <attribute name="ProportionalH" value="9.000000" />
  <attribute name="Current Error" value="18.000000" />
  <attribute name="IntegralT" value="99.000000" />
  <attribute name="IntegralI" value="99.000000" />
  <attribute name="IntegralH" value="99.000000" />
  <attribute name="DerivativeT" value="-1.818182" />
  <attribute name="DerivativeI" value="-1.818182" />
  <attribute name="DerivativeH" value="-1.818182" />
  <attribute name="Loop Time for DT" value="11.000000" />
  <attribute name="Output H" value="8388608"/>
  <attribute name="Output I" value="200"/>
  <attribute name="Output T" value="4"/>
  <attribute name="Target GC Util Change" value ="20.000000" />
  <attribute name="Current GC Util Change" value="38.000000"/>
  <attribute name="GC Util currently" value="38" />
  <attribute name="CPU Util currently" value="430004976544" />
<allocation-satisfied id="1770" threadId="0000000000D3F800" bytesRequested="32" />
<af-end id="1771" timestamp="2019-06-16T22:58:46.269" threadId="0000000000D40188" success="true" from="nursery"/>
<exclusive-end id="1772" timestamp="2019-06-16T22:58:46.269" durationms="3.447" />

<exclusive-start id="1773" timestamp="2019-06-16T22:58:46.277" intervalms="10.882">
  <response-info timems="0.079" idlems="0.042" threads="1" lastid="0000000000D43400" lastname="PmdThread 3" />
</exclusive-start>
<af-start id="1774" threadId="0000000000D3C588" totalBytesRequested="24" timestamp="2019-06-16T22:58:46.277" intervalms="10.951" type="nursery" />
<cycle-start id="1775" type="scavenge" contextid="0" timestamp="2019-06-16T22:58:46.277" intervalms="10.931" />
<gc-start id="1776" type="scavenge" contextid="1775" timestamp="2019-06-16T22:58:46.277">
  <mem-info id="1777" free="2066882080" total="2092630016" percent="98">
    <mem type="nursery" free="0" total="7602176" percent="0">
      <mem type="allocate" free="0" total="5832704" percent="0" />
      <mem type="survivor" free="0" total="1769472" percent="0" />
    </mem>
    <mem type="tenure" free="2066882080" total="2085027840" percent="99">
      <mem type="soa" free="2066882080" total="2085027840" percent="99" />
      <mem type="loa" free="0" total="0" percent="0" />
    </mem>
    <remembered-set count="2446" />
  </mem-info>
</gc-start>
<allocation-stats totalBytes="4825632" >
  <allocated-bytes non-tlh="328" tlh="4825304" />
  <largest-consumer threadName="PmdThread 4" threadId="0000000000D47000" bytes="2242712" />
</allocation-stats>
<gc-op id="1778" type="scavenge" timems="1.792" contextid="1775" timestamp="2019-06-16T22:58:46.279">
  <scavenger-info tenureage="4" tenuremask="7ff0" tiltratio="76" />
  <memory-copied type="nursery" objects="8165" bytes="479328" bytesdiscarded="292680" />
  <memory-copied type="tenure" objects="6036" bytes="215032" bytesdiscarded="32" />
  <references type="soft" candidates="72" cleared="0" enqueued="0" dynamicThreshold="31" maxThreshold="32" />
  <references type="weak" candidates="304" cleared="304" enqueued="304" />
  <references type="phantom" candidates="2" cleared="2" enqueued="2" />
</gc-op>
<gc-end id="1779" type="scavenge" contextid="1775" durationms="2.660" usertimems="4.000" systemtimems="0.000" timestamp="2019-06-16T22:58:46.280" activeThreads="4">
  <mem-info id="1780" free="2071933416" total="2092630016" percent="99">
    <mem type="nursery" free="5191112" total="7602176" percent="68">
      <mem type="allocate" free="5191112" total="5963776" percent="87" />
      <mem type="survivor" free="0" total="1638400" percent="0" />
    </mem>
    <mem type="tenure" free="2066742304" total="2085027840" percent="99" macro-fragmented="290741">
      <mem type="soa" free="2066742304" total="2085027840" percent="99" />
      <mem type="loa" free="0" total="0" percent="0" />
    </mem>
    <pending-finalizers system="0" default="0" reference="306" classloader="0" />
    <remembered-set count="1052" />
  </mem-info>
</gc-end>
<cycle-end id="1781" type="scavenge" contextid="1775" timestamp="2019-06-16T22:58:46.280" />
  <attribute name="elasticGC enabled" value="1" />
  <attribute name= "numThreadsSpecified" value="4" />
  <attribute name="heapSize specified" value="11599872" />
  <attribute name="Current GC Util" value="39" />
  <attribute name= "Current Time Running" value="17854" />
  <attribute name ="GC Interval" value="200" />
  <attribute name="ProportionalT" value="9.500000" />
  <attribute name="ProportionalI" value="9.500000" />
  <attribute name="ProportionalH" value="9.500000" />
  <attribute name="Current Error" value="19.000000" />
  <attribute name="IntegralT" value="104.500000" />
  <attribute name="IntegralI" value="104.500000" />
  <attribute name="IntegralH" value="104.500000" />
  <attribute name="DerivativeT" value="0.090909" />
  <attribute name="DerivativeI" value="0.090909" />
  <attribute name="DerivativeH" value="0.090909" />
  <attribute name="Loop Time for DT" value="11.000000" />
  <attribute name="Output H" value="8388608"/>
  <attribute name="Output I" value="200"/>
  <attribute name="Output T" value="4"/>
  <attribute name="Target GC Util Change" value ="20.000000" />
  <attribute name="Current GC Util Change" value="39.000000"/>
  <attribute name="GC Util currently" value="39" />
  <attribute name="CPU Util currently" value="405233632501" />
<allocation-satisfied id="1782" threadId="0000000000D3BC00" bytesRequested="24" />
<af-end id="1783" timestamp="2019-06-16T22:58:46.280" threadId="0000000000D3C588" success="true" from="nursery"/>
<exclusive-end id="1784" timestamp="2019-06-16T22:58:46.280" durationms="3.364" />

<exclusive-start id="1785" timestamp="2019-06-16T22:58:46.286" intervalms="9.257">
  <response-info timems="0.060" idlems="0.060" threads="0" lastid="0000000000D47000" lastname="PmdThread 4" />
</exclusive-start>
<af-start id="1786" threadId="0000000000D47988" totalBytesRequested="16" timestamp="2019-06-16T22:58:46.286" intervalms="9.148" type="nursery" />
<cycle-start id="1787" type="scavenge" contextid="0" timestamp="2019-06-16T22:58:46.286" intervalms="9.171" />
<gc-start id="1788" type="scavenge" contextid="1787" timestamp="2019-06-16T22:58:46.286">
  <mem-info id="1789" free="2066742304" total="2092630016" percent="98">
    <mem type="nursery" free="0" total="7602176" percent="0">
      <mem type="allocate" free="0" total="5963776" percent="0" />
      <mem type="survivor" free="0" total="1638400" percent="0" />
    </mem>
    <mem type="tenure" free="2066742304" total="2085027840" percent="99">
      <mem type="soa" free="2066742304" total="2085027840" percent="99" />
      <mem type="loa" free="0" total="0" percent="0" />
    </mem>
    <remembered-set count="1467" />
  </mem-info>
</gc-start>
<allocation-stats totalBytes="5188944" >
  <allocated-bytes non-tlh="24" tlh="5188920" />
  <largest-consumer threadName="PmdThread 1" threadId="0000000000D3BC00" bytes="2127176" />
</allocation-stats>
<gc-op id="1790" type="scavenge" timems="0.573" contextid="1787" timestamp="2019-06-16T22:58:46.287">
  <scavenger-info tenureage="5" tenuremask="7fe0" tiltratio="78" />
  <memory-copied type="nursery" objects="8123" bytes="419288" bytesdiscarded="83568" />
  <references type="soft" candidates="72" cleared="0" enqueued="0" dynamicThreshold="31" maxThreshold="32" />
  <references type="weak" candidates="188" cleared="188" enqueued="188" />
  <references type="phantom" candidates="1" cleared="1" enqueued="1" />
</gc-op>
<gc-end id="1791" type="scavenge" contextid="1787" durationms="0.908" usertimems="0.000" systemtimems="0.000" timestamp="2019-06-16T22:58:46.287" activeThreads="4">
  <mem-info id="1792" free="2072463600" total="2092630016" percent="99">
    <mem type="nursery" free="5721296" total="7602176" percent="75">
      <mem type="allocate" free="5721296" total="6225920" percent="91" />
      <mem type="survivor" free="0" total="1376256" percent="0" />
    </mem>
    <mem type="tenure" free="2066742304" total="2085027840" percent="99" macro-fragmented="357632">
      <mem type="soa" free="2066742304" total="2085027840" percent="99" />
      <mem type="loa" free="0" total="0" percent="0" />
    </mem>
    <pending-finalizers system="0" default="0" reference="189" classloader="0" />
    <remembered-set count="1052" />
  </mem-info>
</gc-end>
<cycle-end id="1793" type="scavenge" contextid="1787" timestamp="2019-06-16T22:58:46.287" />
  <attribute name="elasticGC enabled" value="1" />
  <attribute name= "numThreadsSpecified" value="4" />
  <attribute name="heapSize specified" value="11599872" />
  <attribute name="Current GC Util" value="44" />
  <attribute name= "Current Time Running" value="17863" />
  <attribute name ="GC Interval" value="200" />
  <attribute name="ProportionalT" value="12.000000" />
  <attribute name="ProportionalI" value="12.000000" />
  <attribute name="ProportionalH" value="12.000000" />
  <attribute name="Current Error" value="24.000000" />
  <attribute name="IntegralT" value="108.000000" />
  <attribute name="IntegralI" value="108.000000" />
  <attribute name="IntegralH" value="108.000000" />
  <attribute name="DerivativeT" value="0.555556" />
  <attribute name="DerivativeI" value="0.555556" />
  <attribute name="DerivativeH" value="0.555556" />
  <attribute name="Loop Time for DT" value="9.000000" />
  <attribute name="Output H" value="8388608"/>
  <attribute name="Output I" value="200"/>
  <attribute name="Output T" value="4"/>
  <attribute name="Target GC Util Change" value ="20.000000" />
  <attribute name="Current GC Util Change" value="44.000000"/>
  <attribute name="GC Util currently" value="44" />
  <attribute name="CPU Util currently" value="533693795783" />
<allocation-satisfied id="1794" threadId="0000000000D47000" bytesRequested="16" />
<af-end id="1795" timestamp="2019-06-16T22:58:46.287" threadId="0000000000D47988" success="true" from="nursery"/>
<exclusive-end id="1796" timestamp="2019-06-16T22:58:46.287" durationms="1.303" />

<exclusive-start id="1797" timestamp="2019-06-16T22:58:46.294" intervalms="7.788">
  <response-info timems="0.064" idlems="0.064" threads="0" lastid="0000000000D47000" lastname="PmdThread 4" />
</exclusive-start>
<af-start id="1798" threadId="0000000000D47988" totalBytesRequested="1104" timestamp="2019-06-16T22:58:46.294" intervalms="7.800" type="nursery" />
<cycle-start id="1799" type="scavenge" contextid="0" timestamp="2019-06-16T22:58:46.294" intervalms="7.782" />
<gc-start id="1800" type="scavenge" contextid="1799" timestamp="2019-06-16T22:58:46.294">
  <mem-info id="1801" free="2066742232" total="2092630016" percent="98">
    <mem type="nursery" free="0" total="7602176" percent="0">
      <mem type="allocate" free="0" total="6225920" percent="0" />
      <mem type="survivor" free="0" total="1376256" percent="0" />
    </mem>
    <mem type="tenure" free="2066742232" total="2085027840" percent="99">
      <mem type="soa" free="2066742232" total="2085027840" percent="99" />
      <mem type="loa" free="0" total="0" percent="0" />
    </mem>
    <remembered-set count="1474" />
  </mem-info>
</gc-start>
<allocation-stats totalBytes="5716600" >
  <allocated-bytes non-tlh="88" tlh="5716512" />
  <largest-consumer threadName="PmdThread 4" threadId="0000000000D47000" bytes="2322224" />
</allocation-stats>
<gc-op id="1802" type="scavenge" timems="0.594" contextid="1799" timestamp="2019-06-16T22:58:46.295">
  <scavenger-info tenureage="6" tenuremask="7fc0" tiltratio="81" />
  <memory-copied type="nursery" objects="8150" bytes="550968" bytesdiscarded="80136" />
  <references type="soft" candidates="72" cleared="0" enqueued="0" dynamicThreshold="31" maxThreshold="32" />
  <references type="weak" candidates="296" cleared="296" enqueued="296" />
  <references type="phantom" candidates="4" cleared="2" enqueued="2" />
</gc-op>
<gc-end id="1803" type="scavenge" contextid="1799" durationms="0.927" usertimems="0.000" systemtimems="0.000" timestamp="2019-06-16T22:58:46.295" activeThreads="4">
  <mem-info id="1804" free="2072467080" total="2092630016" percent="99">
    <mem type="nursery" free="5724848" total="7602176" percent="75">
      <mem type="allocate" free="5724848" total="6356992" percent="90" />
      <mem type="survivor" free="0" total="1245184" percent="0" />
    </mem>
    <mem type="tenure" free="2066742232" total="2085027840" percent="99" macro-fragmented="502401">
      <mem type="soa" free="2066742232" total="2085027840" percent="99" />
      <mem type="loa" free="0" total="0" percent="0" />
    </mem>
    <pending-finalizers system="0" default="0" reference="298" classloader="0" />
    <remembered-set count="1058" />
  </mem-info>
</gc-end>
<cycle-end id="1805" type="scavenge" contextid="1799" timestamp="2019-06-16T22:58:46.295" />
  <attribute name="elasticGC enabled" value="1" />
  <attribute name= "numThreadsSpecified" value="4" />
  <attribute name="heapSize specified" value="11599872" />
  <attribute name="Current GC Util" value="22" />
  <attribute name= "Current Time Running" value="17870" />
  <attribute name ="GC Interval" value="200" />
  <attribute name="ProportionalT" value="1.000000" />
  <attribute name="ProportionalI" value="1.000000" />
  <attribute name="ProportionalH" value="1.000000" />
  <attribute name="Current Error" value="2.000000" />
  <attribute name="IntegralT" value="7.000000" />
  <attribute name="IntegralI" value="7.000000" />
  <attribute name="IntegralH" value="7.000000" />
  <attribute name="DerivativeT" value="-3.142857" />
  <attribute name="DerivativeI" value="-3.142857" />
  <attribute name="DerivativeH" value="-3.142857" />
  <attribute name="Loop Time for DT" value="7.000000" />
  <attribute name="Output H" value="8388608"/>
  <attribute name="Output I" value="200"/>
  <attribute name="Output T" value="4"/>
  <attribute name="Target GC Util Change" value ="20.000000" />
  <attribute name="Current GC Util Change" value="22.000000"/>
  <attribute name="GC Util currently" value="22" />
  <attribute name="CPU Util currently" value="592995233802" />
<allocation-satisfied id="1806" threadId="0000000000D47000" bytesRequested="1104" />
<af-end id="1807" timestamp="2019-06-16T22:58:46.295" threadId="0000000000D47988" success="true" from="nursery"/>
<exclusive-end id="1808" timestamp="2019-06-16T22:58:46.295" durationms="1.312" />

<exclusive-start id="1809" timestamp="2019-06-16T22:58:46.305" intervalms="11.505">
  <response-info timems="0.210" idlems="0.192" threads="1" lastid="0000000000D3BC00" lastname="PmdThread 1" />
</exclusive-start>
<af-start id="1810" threadId="0000000000D43D88" totalBytesRequested="32" timestamp="2019-06-16T22:58:46.305" intervalms="11.492" type="nursery" />
<cycle-start id="1811" type="scavenge" contextid="0" timestamp="2019-06-16T22:58:46.305" intervalms="11.512" />
<gc-start id="1812" type="scavenge" contextid="1811" timestamp="2019-06-16T22:58:46.305">
  <mem-info id="1813" free="2066742016" total="2092630016" percent="98">
    <mem type="nursery" free="0" total="7602176" percent="0">
      <mem type="allocate" free="0" total="6356992" percent="0" />
      <mem type="survivor" free="0" total="1245184" percent="0" />
    </mem>
    <mem type="tenure" free="2066742016" total="2085027840" percent="99">
      <mem type="soa" free="2066742016" total="2085027840" percent="99" />
      <mem type="loa" free="0" total="0" percent="0" />
    </mem>
    <remembered-set count="2145" />
  </mem-info>
</gc-start>
<allocation-stats totalBytes="5719640" >
  <allocated-bytes non-tlh="1320" tlh="5718320" />
  <largest-consumer threadName="PmdThread 4" threadId="0000000000D47000" bytes="3031680" />
</allocation-stats>
<gc-op id="1814" type="scavenge" timems="2.235" contextid="1811" timestamp="2019-06-16T22:58:46.308">
  <scavenger-info tenureage="7" tenuremask="7f80" tiltratio="83" />
  <memory-copied type="nursery" objects="12063" bytes="798432" bytesdiscarded="152000" />
  <references type="soft" candidates="72" cleared="0" enqueued="0" dynamicThreshold="31" maxThreshold="32" />
  <references type="weak" candidates="213" cleared="213" enqueued="213" />
  <references type="phantom" candidates="5" cleared="5" enqueued="5" />
</gc-op>
<gc-end id="1815" type="scavenge" contextid="1811" durationms="2.609" usertimems="0.000" systemtimems="4.000" timestamp="2019-06-16T22:58:46.308" activeThreads="4">
  <mem-info id="1816" free="2072147328" total="2092630016" percent="99">
    <mem type="nursery" free="5405312" total="7602176" percent="71">
      <mem type="allocate" free="5405312" total="6356992" percent="85" />
      <mem type="survivor" free="0" total="1245184" percent="0" />
    </mem>
    <mem type="tenure" free="2066742016" total="2085027840" percent="99" macro-fragmented="290741">
      <mem type="soa" free="2066742016" total="2085027840" percent="99" />
      <mem type="loa" free="0" total="0" percent="0" />
    </mem>
    <pending-finalizers system="0" default="0" reference="218" classloader="0" />
    <remembered-set count="1062" />
  </mem-info>
</gc-end>
<cycle-end id="1817" type="scavenge" contextid="1811" timestamp="2019-06-16T22:58:46.308" />
  <attribute name="elasticGC enabled" value="1" />
  <attribute name= "numThreadsSpecified" value="4" />
  <attribute name="heapSize specified" value="11599872" />
  <attribute name="Current GC Util" value="15" />
  <attribute name= "Current Time Running" value="17882" />
  <attribute name ="GC Interval" value="200" />
  <attribute name="ProportionalT" value="-2.500000" />
  <attribute name="ProportionalI" value="-2.500000" />
  <attribute name="ProportionalH" value="-2.500000" />
  <attribute name="Current Error" value="-5.000000" />
  <attribute name="IntegralT" value="-30.000000" />
  <attribute name="IntegralI" value="-30.000000" />
  <attribute name="IntegralH" value="-30.000000" />
  <attribute name="DerivativeT" value="-0.583333" />
  <attribute name="DerivativeI" value="-0.583333" />
  <attribute name="DerivativeH" value="-0.583333" />
  <attribute name="Loop Time for DT" value="12.000000" />
  <attribute name="Output H" value="2092630016"/>
  <attribute name="Output I" value="200"/>
  <attribute name="Output T" value="4"/>
  <attribute name="Target GC Util Change" value ="20.000000" />
  <attribute name="Current GC Util Change" value="15.000000"/>
  <attribute name="GC Util currently" value="15" />
  <attribute name="CPU Util currently" value="398960933709" />
<allocation-satisfied id="1818" threadId="0000000000D43400" bytesRequested="32" />
<af-end id="1819" timestamp="2019-06-16T22:58:46.308" threadId="0000000000D43D88" success="true" from="nursery"/>
<exclusive-end id="1820" timestamp="2019-06-16T22:58:46.308" durationms="3.163" />

<exclusive-start id="1821" timestamp="2019-06-16T22:58:46.317" intervalms="12.093">
  <response-info timems="0.064" idlems="0.064" threads="0" lastid="0000000000D47000" lastname="PmdThread 4" />
</exclusive-start>
<af-start id="1822" threadId="0000000000D47988" totalBytesRequested="48" timestamp="2019-06-16T22:58:46.318" intervalms="12.821" type="nursery" />
<cycle-start id="1823" type="scavenge" contextid="0" timestamp="2019-06-16T22:58:46.318" intervalms="12.842" />
<gc-start id="1824" type="scavenge" contextid="1823" timestamp="2019-06-16T22:58:46.319">
  <mem-info id="1825" free="2066742016" total="2092630016" percent="98">
    <mem type="nursery" free="0" total="7602176" percent="0">
      <mem type="allocate" free="0" total="6356992" percent="0" />
      <mem type="survivor" free="0" total="1245184" percent="0" />
    </mem>
    <mem type="tenure" free="2066742016" total="2085027840" percent="99">
      <mem type="soa" free="2066742016" total="2085027840" percent="99" />
      <mem type="loa" free="0" total="0" percent="0" />
    </mem>
    <remembered-set count="2465" />
  </mem-info>
</gc-start>
<allocation-stats totalBytes="5399968" >
  <allocated-bytes non-tlh="32" tlh="5399936" />
  <largest-consumer threadName="PmdThread 4" threadId="0000000000D47000" bytes="2399448" />
</allocation-stats>
<gc-op id="1826" type="scavenge" timems="1.421" contextid="1823" timestamp="2019-06-16T22:58:46.321">
  <scavenger-info tenureage="7" tenuremask="7f80" tiltratio="83" />
  <memory-copied type="nursery" objects="18336" bytes="935232" bytesdiscarded="152688" />
  <memory-copied type="tenure" objects="2061" bytes="61560" bytesdiscarded="24" />
  <references type="soft" candidates="72" cleared="0" enqueued="0" dynamicThreshold="31" maxThreshold="32" />
  <references type="weak" candidates="267" cleared="266" enqueued="266" />
  <references type="phantom" candidates="3" cleared="2" enqueued="2" />
</gc-op>
<gc-end id="1827" type="scavenge" contextid="1823" durationms="1.875" usertimems="4.000" systemtimems="0.000" timestamp="2019-06-16T22:58:46.321" activeThreads="4">
  <mem-info id="1828" free="2071943320" total="2092630016" percent="99">
    <mem type="nursery" free="5332632" total="7602176" percent="70">
      <mem type="allocate" free="5332632" total="6422528" percent="83" />
      <mem type="survivor" free="0" total="1179648" percent="0" />
    </mem>
    <mem type="tenure" free="2066610688" total="2085027840" percent="99" macro-fragmented="178816">
      <mem type="soa" free="2066610688" total="2085027840" percent="99" />
      <mem type="loa" free="0" total="0" percent="0" />
    </mem>
    <pending-finalizers system="0" default="0" reference="268" classloader="0" />
    <remembered-set count="266" />
  </mem-info>
</gc-end>
<cycle-end id="1829" type="scavenge" contextid="1823" timestamp="2019-06-16T22:58:46.321" />
  <attribute name="elasticGC enabled" value="1" />
  <attribute name= "numThreadsSpecified" value="4" />
  <attribute name="heapSize specified" value="11599872" />
  <attribute name="Current GC Util" value="35" />
  <attribute name= "Current Time Running" value="17896" />
  <attribute name ="GC Interval" value="200" />
  <attribute name="ProportionalT" value="7.500000" />
  <attribute name="ProportionalI" value="7.500000" />
  <attribute name="ProportionalH" value="7.500000" />
  <attribute name="Current Error" value="15.000000" />
  <attribute name="IntegralT" value="105.000000" />
  <attribute name="IntegralI" value="105.000000" />
  <attribute name="IntegralH" value="105.000000" />
  <attribute name="DerivativeT" value="1.071429" />
  <attribute name="DerivativeI" value="1.071429" />
  <attribute name="DerivativeH" value="1.071429" />
  <attribute name="Loop Time for DT" value="14.000000" />
  <attribute name="Output H" value="8388608"/>
  <attribute name="Output I" value="200"/>
  <attribute name="Output T" value="4"/>
  <attribute name="Target GC Util Change" value ="20.000000" />
  <attribute name="Current GC Util Change" value="35.000000"/>
  <attribute name="GC Util currently" value="35" />
  <attribute name="CPU Util currently" value="329029778485" />
<allocation-satisfied id="1830" threadId="0000000000D47000" bytesRequested="48" />
<af-end id="1831" timestamp="2019-06-16T22:58:46.321" threadId="0000000000D47988" success="true" from="nursery"/>
<exclusive-end id="1832" timestamp="2019-06-16T22:58:46.321" durationms="4.140" />

<exclusive-start id="1833" timestamp="2019-06-16T22:58:46.337" intervalms="19.664">
  <response-info timems="0.032" idlems="0.032" threads="0" lastid="0000000000D43400" lastname="PmdThread 3" />
</exclusive-start>
<af-start id="1834" threadId="0000000000D43D88" totalBytesRequested="8192" timestamp="2019-06-16T22:58:46.337" intervalms="18.992" type="nursery" />
<cycle-start id="1835" type="scavenge" contextid="0" timestamp="2019-06-16T22:58:46.337" intervalms="19.024" />
<gc-start id="1836" type="scavenge" contextid="1835" timestamp="2019-06-16T22:58:46.337">
  <mem-info id="1837" free="2066608248" total="2092630016" percent="98">
    <mem type="nursery" free="0" total="7602176" percent="0">
      <mem type="allocate" free="0" total="6422528" percent="0" />
      <mem type="survivor" free="0" total="1179648" percent="0" />
    </mem>
    <mem type="tenure" free="2066608248" total="2085027840" percent="99">
      <mem type="soa" free="2066608248" total="2085027840" percent="99" />
      <mem type="loa" free="0" total="0" percent="0" />
    </mem>
    <remembered-set count="1191" />
  </mem-info>
</gc-start>
<allocation-stats totalBytes="5320896" >
  <allocated-bytes non-tlh="2488" tlh="5318408" />
  <largest-consumer threadName="PmdThread 4" threadId="0000000000D47000" bytes="1666024" />
</allocation-stats>
<gc-op id="1838" type="scavenge" timems="2.569" contextid="1835" timestamp="2019-06-16T22:58:46.340">
  <scavenger-info tenureage="7" tenuremask="7f80" tiltratio="84" />
  <memory-copied type="nursery" objects="20949" bytes="1091424" bytesdiscarded="87968" />
  <memory-copied type="tenure" objects="3357" bytes="186760" bytesdiscarded="592" />
  <copy-failed type="nursery" objects="2495" bytes="156128" />
  <references type="weak" candidates="166" cleared="165" enqueued="165" />
  <references type="phantom" candidates="7" cleared="6" enqueued="6" />
</gc-op>
<gc-end id="1839" type="scavenge" contextid="1835" durationms="3.051" usertimems="4.000" systemtimems="0.000" timestamp="2019-06-16T22:58:46.340" activeThreads="4">
  <mem-info id="1840" free="2071106656" total="2092630016" percent="98">
    <mem type="nursery" free="4718592" total="7602176" percent="62">
      <mem type="allocate" free="4718592" total="5898240" percent="80" />
      <mem type="survivor" free="0" total="1703936" percent="0" />
    </mem>
    <mem type="tenure" free="2066388064" total="2085027840" percent="99" macro-fragmented="106464">
      <mem type="soa" free="2066388064" total="2085027840" percent="99" />
      <mem type="loa" free="0" total="0" percent="0" />
    </mem>
    <pending-finalizers system="0" default="0" reference="171" classloader="0" />
    <remembered-set count="892" />
  </mem-info>
</gc-end>
<cycle-end id="1841" type="scavenge" contextid="1835" timestamp="2019-06-16T22:58:46.340" />
  <attribute name="elasticGC enabled" value="1" />
  <attribute name= "numThreadsSpecified" value="4" />
  <attribute name="heapSize specified" value="11599872" />
  <attribute name="Current GC Util" value="17" />
  <attribute name= "Current Time Running" value="17914" />
  <attribute name ="GC Interval" value="200" />
  <attribute name="ProportionalT" value="-1.500000" />
  <attribute name="ProportionalI" value="-1.500000" />
  <attribute name="ProportionalH" value="-1.500000" />
  <attribute name="Current Error" value="-3.000000" />
  <attribute name="IntegralT" value="-27.000000" />
  <attribute name="IntegralI" value="-27.000000" />
  <attribute name="IntegralH" value="-27.000000" />
  <attribute name="DerivativeT" value="-1.000000" />
  <attribute name="DerivativeI" value="-1.000000" />
  <attribute name="DerivativeH" value="-1.000000" />
  <attribute name="Loop Time for DT" value="18.000000" />
  <attribute name="Output H" value="2092630016"/>
  <attribute name="Output I" value="200"/>
  <attribute name="Output T" value="4"/>
  <attribute name="Target GC Util Change" value ="20.000000" />
  <attribute name="Current GC Util Change" value="17.000000"/>
  <attribute name="GC Util currently" value="17" />
  <attribute name="CPU Util currently" value="256413112408" />
<allocation-satisfied id="1842" threadId="0000000000D43400" bytesRequested="8192" />
<af-end id="1843" timestamp="2019-06-16T22:58:46.341" threadId="0000000000D43D88" success="true" from="nursery"/>
<exclusive-end id="1844" timestamp="2019-06-16T22:58:46.341" durationms="3.758" />

<exclusive-start id="1845" timestamp="2019-06-16T22:58:46.350" intervalms="13.514">
  <response-info timems="0.070" idlems="0.070" threads="0" lastid="0000000000D43400" lastname="PmdThread 3" />
</exclusive-start>
<af-start id="1846" threadId="0000000000D43D88" totalBytesRequested="120" timestamp="2019-06-16T22:58:46.351" intervalms="13.481" type="nursery" />
<cycle-start id="1847" type="scavenge" contextid="0" timestamp="2019-06-16T22:58:46.351" intervalms="13.437" />
<gc-start id="1848" type="scavenge" contextid="1847" timestamp="2019-06-16T22:58:46.351">
  <mem-info id="1849" free="2066387744" total="2092630016" percent="98">
    <mem type="nursery" free="0" total="7602176" percent="0">
      <mem type="allocate" free="0" total="5898240" percent="0" />
      <mem type="survivor" free="0" total="1703936" percent="0" />
    </mem>
    <mem type="tenure" free="2066387744" total="2085027840" percent="99">
      <mem type="soa" free="2066387744" total="2085027840" percent="99" />
      <mem type="loa" free="0" total="0" percent="0" />
    </mem>
    <remembered-set count="1269" />
  </mem-info>
</gc-start>
<allocation-stats totalBytes="4712608" >
  <allocated-bytes non-tlh="8512" tlh="4704096" />
  <largest-consumer threadName="PmdThread 2" threadId="0000000000D3F800" bytes="1993000" />
</allocation-stats>
<gc-op id="1850" type="scavenge" timems="2.635" contextid="1847" timestamp="2019-06-16T22:58:46.354">
  <scavenger-info tenureage="7" tenuremask="7f80" tiltratio="77" />
  <memory-copied type="nursery" objects="21425" bytes="1142856" bytesdiscarded="105464" />
  <memory-copied type="tenure" objects="54" bytes="1656" bytesdiscarded="0" />
  <references type="weak" candidates="165" cleared="164" enqueued="164" />
  <references type="phantom" candidates="1" cleared="1" enqueued="1" />
</gc-op>
<gc-end id="1851" type="scavenge" contextid="1847" durationms="3.022" usertimems="8.000" systemtimems="0.000" timestamp="2019-06-16T22:58:46.354" activeThreads="4">
  <mem-info id="1852" free="2071096264" total="2092630016" percent="98">
    <mem type="nursery" free="4708520" total="7602176" percent="61">
      <mem type="allocate" free="4708520" total="5963776" percent="78" />
      <mem type="survivor" free="0" total="1638400" percent="0" />
    </mem>
    <mem type="tenure" free="2066387744" total="2085027840" percent="99" macro-fragmented="178816">
      <mem type="soa" free="2066387744" total="2085027840" percent="99" />
      <mem type="loa" free="0" total="0" percent="0" />
    </mem>
    <pending-finalizers system="0" default="0" reference="165" classloader="0" />
    <remembered-set count="905" />
  </mem-info>
</gc-end>
<cycle-end id="1853" type="scavenge" contextid="1847" timestamp="2019-06-16T22:58:46.354" />
  <attribute name="elasticGC enabled" value="1" />
  <attribute name= "numThreadsSpecified" value="4" />
  <attribute name="heapSize specified" value="11599872" />
  <attribute name="Current GC Util" value="44" />
  <attribute name= "Current Time Running" value="17928" />
  <attribute name ="GC Interval" value="200" />
  <attribute name="ProportionalT" value="12.000000" />
  <attribute name="ProportionalI" value="12.000000" />
  <attribute name="ProportionalH" value="12.000000" />
  <attribute name="Current Error" value="24.000000" />
  <attribute name="IntegralT" value="168.000000" />
  <attribute name="IntegralI" value="168.000000" />
  <attribute name="IntegralH" value="168.000000" />
  <attribute name="DerivativeT" value="1.714286" />
  <attribute name="DerivativeI" value="1.714286" />
  <attribute name="DerivativeH" value="1.714286" />
  <attribute name="Loop Time for DT" value="14.000000" />
  <attribute name="Output H" value="8388608"/>
  <attribute name="Output I" value="200"/>
  <attribute name="Output T" value="4"/>
  <attribute name="Target GC Util Change" value ="20.000000" />
  <attribute name="Current GC Util Change" value="44.000000"/>
  <attribute name="GC Util currently" value="44" />
  <attribute name="CPU Util currently" value="336953244348" />
<allocation-satisfied id="1854" threadId="0000000000D43400" bytesRequested="120" />
<af-end id="1855" timestamp="2019-06-16T22:58:46.354" threadId="0000000000D43D88" success="true" from="nursery"/>
<exclusive-end id="1856" timestamp="2019-06-16T22:58:46.354" durationms="4.073" />

<exclusive-start id="1857" timestamp="2019-06-16T22:58:46.367" intervalms="16.622">
  <response-info timems="0.072" idlems="0.072" threads="0" lastid="0000000000D47000" lastname="PmdThread 4" />
</exclusive-start>
<af-start id="1858" threadId="0000000000D47988" totalBytesRequested="1000" timestamp="2019-06-16T22:58:46.367" intervalms="16.635" type="nursery" />
<cycle-start id="1859" type="scavenge" contextid="0" timestamp="2019-06-16T22:58:46.367" intervalms="16.640" />
<gc-start id="1860" type="scavenge" contextid="1859" timestamp="2019-06-16T22:58:46.367">
  <mem-info id="1861" free="2066387552" total="2092630016" percent="98">
    <mem type="nursery" free="0" total="7602176" percent="0">
      <mem type="allocate" free="0" total="5963776" percent="0" />
      <mem type="survivor" free="0" total="1638400" percent="0" />
    </mem>
    <mem type="tenure" free="2066387552" total="2085027840" percent="99">
      <mem type="soa" free="2066387552" total="2085027840" percent="99" />
      <mem type="loa" free="0" total="0" percent="0" />
    </mem>
    <remembered-set count="3009" />
  </mem-info>
</gc-start>
<allocation-stats totalBytes="4703200" >
  <allocated-bytes non-tlh="312" tlh="4702888" />
  <largest-consumer threadName="PmdThread 4" threadId="0000000000D47000" bytes="3232752" />
</allocation-stats>
<gc-op id="1862" type="scavenge" timems="1.102" contextid="1859" timestamp="2019-06-16T22:58:46.369">
  <scavenger-info tenureage="7" tenuremask="7f80" tiltratio="78" />
  <memory-copied type="nursery" objects="28540" bytes="1512568" bytesdiscarded="125336" />
  <memory-copied type="tenure" objects="68" bytes="21328" bytesdiscarded="0" />
  <references type="weak" candidates="308" cleared="308" enqueued="308" />
  <references type="phantom" candidates="3" cleared="3" enqueued="3" />
</gc-op>
<gc-end id="1863" type="scavenge" contextid="1859" durationms="1.536" usertimems="4.000" systemtimems="0.000" timestamp="2019-06-16T22:58:46.369" activeThreads="4">
  <mem-info id="1864" free="2070385248" total="2092630016" percent="98">
    <mem type="nursery" free="3997696" total="7602176" percent="52">
      <mem type="allocate" free="3997696" total="5636096" percent="70" />
      <mem type="survivor" free="0" total="1966080" percent="0" />
    </mem>
    <mem type="tenure" free="2066387552" total="2085027840" percent="99" macro-fragmented="357632">
      <mem type="soa" free="2066387552" total="2085027840" percent="99" />
      <mem type="loa" free="0" total="0" percent="0" />
    </mem>
    <pending-finalizers system="0" default="0" reference="311" classloader="0" />
    <remembered-set count="883" />
  </mem-info>
</gc-end>
<cycle-end id="1865" type="scavenge" contextid="1859" timestamp="2019-06-16T22:58:46.369" />
  <attribute name="elasticGC enabled" value="1" />
  <attribute name= "numThreadsSpecified" value="4" />
  <attribute name="heapSize specified" value="11599872" />
  <attribute name="Current GC Util" value="32" />
  <attribute name= "Current Time Running" value="17944" />
  <attribute name ="GC Interval" value="200" />
  <attribute name="ProportionalT" value="6.000000" />
  <attribute name="ProportionalI" value="6.000000" />
  <attribute name="ProportionalH" value="6.000000" />
  <attribute name="Current Error" value="12.000000" />
  <attribute name="IntegralT" value="96.000000" />
  <attribute name="IntegralI" value="96.000000" />
  <attribute name="IntegralH" value="96.000000" />
  <attribute name="DerivativeT" value="-0.750000" />
  <attribute name="DerivativeI" value="-0.750000" />
  <attribute name="DerivativeH" value="-0.750000" />
  <attribute name="Loop Time for DT" value="16.000000" />
  <attribute name="Output H" value="8388608"/>
  <attribute name="Output I" value="200"/>
  <attribute name="Output T" value="4"/>
  <attribute name="Target GC Util Change" value ="20.000000" />
  <attribute name="Current GC Util Change" value="32.000000"/>
  <attribute name="GC Util currently" value="32" />
  <attribute name="CPU Util currently" value="282359553954" />
<allocation-satisfied id="1866" threadId="0000000000D47000" bytesRequested="1000" />
<af-end id="1867" timestamp="2019-06-16T22:58:46.369" threadId="0000000000D47988" success="true" from="nursery"/>
<exclusive-end id="1868" timestamp="2019-06-16T22:58:46.369" durationms="2.113" />

<exclusive-start id="1869" timestamp="2019-06-16T22:58:46.387" intervalms="19.529">
  <response-info timems="0.022" idlems="0.022" threads="0" lastid="0000000000D47000" lastname="PmdThread 4" />
</exclusive-start>
<af-start id="1870" threadId="0000000000D47988" totalBytesRequested="24" timestamp="2019-06-16T22:58:46.387" intervalms="19.551" type="nursery" />
<cycle-start id="1871" type="scavenge" contextid="0" timestamp="2019-06-16T22:58:46.387" intervalms="19.548" />
<gc-start id="1872" type="scavenge" contextid="1871" timestamp="2019-06-16T22:58:46.387">
  <mem-info id="1873" free="2066386800" total="2092630016" percent="98">
    <mem type="nursery" free="0" total="7602176" percent="0">
      <mem type="allocate" free="0" total="5636096" percent="0" />
      <mem type="survivor" free="0" total="1966080" percent="0" />
    </mem>
    <mem type="tenure" free="2066386800" total="2085027840" percent="99">
      <mem type="soa" free="2066386800" total="2085027840" percent="99" />
      <mem type="loa" free="0" total="0" percent="0" />
    </mem>
    <remembered-set count="1248" />
  </mem-info>
</gc-start>
<allocation-stats totalBytes="3995816" >
  <allocated-bytes non-tlh="1752" tlh="3994064" />
  <largest-consumer threadName="PmdThread 4" threadId="0000000000D47000" bytes="1453096" />
</allocation-stats>
<gc-op id="1874" type="scavenge" timems="1.000" contextid="1871" timestamp="2019-06-16T22:58:46.388">
  <scavenger-info tenureage="4" tenuremask="7f90" tiltratio="74" />
  <memory-copied type="nursery" objects="15284" bytes="971640" bytesdiscarded="154504" />
  <memory-copied type="tenure" objects="9794" bytes="416336" bytesdiscarded="96" />
  <references type="weak" candidates="39" cleared="39" enqueued="39" />
  <references type="phantom" candidates="1" cleared="1" enqueued="1" />
</gc-op>
<gc-end id="1875" type="scavenge" contextid="1871" durationms="1.440" usertimems="0.000" systemtimems="0.000" timestamp="2019-06-16T22:58:46.388" activeThreads="4">
  <mem-info id="1876" free="2070494632" total="2092630016" percent="98">
    <mem type="nursery" free="4571704" total="7602176" percent="60">
      <mem type="allocate" free="4571704" total="5701632" percent="80" />
      <mem type="survivor" free="0" total="1900544" percent="0" />
    </mem>
    <mem type="tenure" free="2065922928" total="2085027840" percent="99" macro-fragmented="201903">
      <mem type="soa" free="2065922928" total="2085027840" percent="99" />
      <mem type="loa" free="0" total="0" percent="0" />
    </mem>
    <pending-finalizers system="0" default="0" reference="40" classloader="0" />
    <remembered-set count="918" />
  </mem-info>
</gc-end>
<cycle-end id="1877" type="scavenge" contextid="1871" timestamp="2019-06-16T22:58:46.388" />
  <attribute name="elasticGC enabled" value="1" />
  <attribute name= "numThreadsSpecified" value="4" />
  <attribute name="heapSize specified" value="11599872" />
  <attribute name="Current GC Util" value="17" />
  <attribute name= "Current Time Running" value="17964" />
  <attribute name ="GC Interval" value="200" />
  <attribute name="ProportionalT" value="-1.500000" />
  <attribute name="ProportionalI" value="-1.500000" />
  <attribute name="ProportionalH" value="-1.500000" />
  <attribute name="Current Error" value="-3.000000" />
  <attribute name="IntegralT" value="-30.000000" />
  <attribute name="IntegralI" value="-30.000000" />
  <attribute name="IntegralH" value="-30.000000" />
  <attribute name="DerivativeT" value="-0.750000" />
  <attribute name="DerivativeI" value="-0.750000" />
  <attribute name="DerivativeH" value="-0.750000" />
  <attribute name="Loop Time for DT" value="20.000000" />
  <attribute name="Output H" value="2092630016"/>
  <attribute name="Output I" value="200"/>
  <attribute name="Output T" value="4"/>
  <attribute name="Target GC Util Change" value ="20.000000" />
  <attribute name="Current GC Util Change" value="17.000000"/>
  <attribute name="GC Util currently" value="17" />
  <attribute name="CPU Util currently" value="235790313364" />
<allocation-satisfied id="1878" threadId="0000000000D47000" bytesRequested="24" />
<af-end id="1879" timestamp="2019-06-16T22:58:46.388" threadId="0000000000D47988" success="true" from="nursery"/>
<exclusive-end id="1880" timestamp="2019-06-16T22:58:46.389" durationms="1.951" />

<exclusive-start id="1881" timestamp="2019-06-16T22:58:46.443" intervalms="56.455">
  <response-info timems="0.062" idlems="0.062" threads="0" lastid="0000000000D47000" lastname="PmdThread 4" />
</exclusive-start>
<af-start id="1882" threadId="0000000000D47988" totalBytesRequested="24" timestamp="2019-06-16T22:58:46.443" intervalms="56.422" type="nursery" />
<cycle-start id="1883" type="scavenge" contextid="0" timestamp="2019-06-16T22:58:46.443" intervalms="56.397" />
<gc-start id="1884" type="scavenge" contextid="1883" timestamp="2019-06-16T22:58:46.443">
  <mem-info id="1885" free="2065922928" total="2092630016" percent="98">
    <mem type="nursery" free="0" total="7602176" percent="0">
      <mem type="allocate" free="0" total="5701632" percent="0" />
      <mem type="survivor" free="0" total="1900544" percent="0" />
    </mem>
    <mem type="tenure" free="2065922928" total="2085027840" percent="99">
      <mem type="soa" free="2065922928" total="2085027840" percent="99" />
      <mem type="loa" free="0" total="0" percent="0" />
    </mem>
    <remembered-set count="922" />
  </mem-info>
</gc-start>
<allocation-stats totalBytes="4571072" >
  <allocated-bytes non-tlh="24" tlh="4571048" />
  <largest-consumer threadName="PmdThread 4" threadId="0000000000D47000" bytes="4571072" />
</allocation-stats>
<gc-op id="1886" type="scavenge" timems="0.655" contextid="1883" timestamp="2019-06-16T22:58:46.444">
  <scavenger-info tenureage="6" tenuremask="7fc0" tiltratio="75" />
  <memory-copied type="nursery" objects="15326" bytes="937528" bytesdiscarded="254816" />
  <memory-copied type="tenure" objects="1510" bytes="109416" bytesdiscarded="8" />
</gc-op>
<gc-end id="1887" type="scavenge" contextid="1883" durationms="1.007" usertimems="4.000" systemtimems="0.000" timestamp="2019-06-16T22:58:46.444" activeThreads="4">
  <mem-info id="1888" free="2070431896" total="2092630016" percent="98">
    <mem type="nursery" free="4640296" total="7602176" percent="61">
      <mem type="allocate" free="4640296" total="5832704" percent="79" />
      <mem type="survivor" free="0" total="1769472" percent="0" />
    </mem>
    <mem type="tenure" free="2065791600" total="2085027840" percent="99" macro-fragmented="418667">
      <mem type="soa" free="2065791600" total="2085027840" percent="99" />
      <mem type="loa" free="0" total="0" percent="0" />
    </mem>
    <remembered-set count="267" />
  </mem-info>
</gc-end>
<cycle-end id="1889" type="scavenge" contextid="1883" timestamp="2019-06-16T22:58:46.444" />
  <attribute name="elasticGC enabled" value="1" />
  <attribute name= "numThreadsSpecified" value="4" />
  <attribute name="heapSize specified" value="11599872" />
  <attribute name="Current GC Util" value="5" />
  <attribute name= "Current Time Running" value="18020" />
  <attribute name ="GC Interval" value="200" />
  <attribute name="ProportionalT" value="-7.500000" />
  <attribute name="ProportionalI" value="-7.500000" />
  <attribute name="ProportionalH" value="-7.500000" />
  <attribute name="Current Error" value="-15.000000" />
  <attribute name="IntegralT" value="-420.000000" />
  <attribute name="IntegralI" value="-420.000000" />
  <attribute name="IntegralH" value="-420.000000" />
  <attribute name="DerivativeT" value="-0.267857" />
  <attribute name="DerivativeI" value="-0.267857" />
  <attribute name="DerivativeH" value="-0.267857" />
  <attribute name="Loop Time for DT" value="56.000000" />
  <attribute name="Output H" value="2092630016"/>
  <attribute name="Output I" value="200"/>
  <attribute name="Output T" value="4"/>
  <attribute name="Target GC Util Change" value ="20.000000" />
  <attribute name="Current GC Util Change" value="5.000000"/>
  <attribute name="GC Util currently" value="5" />
  <attribute name="CPU Util currently" value="81928587829" />
<allocation-satisfied id="1890" threadId="0000000000D47000" bytesRequested="24" />
<af-end id="1891" timestamp="2019-06-16T22:58:46.445" threadId="0000000000D47988" success="true" from="nursery"/>
<exclusive-end id="1892" timestamp="2019-06-16T22:58:46.445" durationms="1.513" />

<exclusive-start id="1893" timestamp="2019-06-16T22:58:46.476" intervalms="32.476">
  <response-info timems="0.106" idlems="0.106" threads="0" lastid="0000000000D47000" lastname="PmdThread 4" />
</exclusive-start>
<af-start id="1894" threadId="0000000000D47988" totalBytesRequested="24" timestamp="2019-06-16T22:58:46.476" intervalms="32.504" type="nursery" />
<cycle-start id="1895" type="scavenge" contextid="0" timestamp="2019-06-16T22:58:46.476" intervalms="32.539" />
<gc-start id="1896" type="scavenge" contextid="1895" timestamp="2019-06-16T22:58:46.476">
  <mem-info id="1897" free="2065791600" total="2092630016" percent="98">
    <mem type="nursery" free="0" total="7602176" percent="0">
      <mem type="allocate" free="0" total="5832704" percent="0" />
      <mem type="survivor" free="0" total="1769472" percent="0" />
    </mem>
    <mem type="tenure" free="2065791600" total="2085027840" percent="99">
      <mem type="soa" free="2065791600" total="2085027840" percent="99" />
      <mem type="loa" free="0" total="0" percent="0" />
    </mem>
    <remembered-set count="268" />
  </mem-info>
</gc-start>
<allocation-stats totalBytes="4639752" >
  <allocated-bytes non-tlh="24" tlh="4639728" />
  <largest-consumer threadName="PmdThread 4" threadId="0000000000D47000" bytes="4639752" />
</allocation-stats>
<gc-op id="1898" type="scavenge" timems="1.124" contextid="1895" timestamp="2019-06-16T22:58:46.477">
  <scavenger-info tenureage="3" tenuremask="7fa8" tiltratio="76" />
  <memory-copied type="nursery" objects="4072" bytes="227664" bytesdiscarded="224576" />
  <memory-copied type="tenure" objects="12024" bytes="744632" bytesdiscarded="208" />
</gc-op>
<gc-end id="1899" type="scavenge" contextid="1895" durationms="1.563" usertimems="4.000" systemtimems="0.000" timestamp="2019-06-16T22:58:46.477" activeThreads="4">
  <mem-info id="1900" free="2070688456" total="2092630016" percent="98">
    <mem type="nursery" free="5511520" total="7602176" percent="72">
      <mem type="allocate" free="5511520" total="5963776" percent="92" />
      <mem type="survivor" free="0" total="1638400" percent="0" />
    </mem>
    <mem type="tenure" free="2065176936" total="2085027840" percent="99" macro-fragmented="201903">
      <mem type="soa" free="2065176936" total="2085027840" percent="99" />
      <mem type="loa" free="0" total="0" percent="0" />
    </mem>
    <remembered-set count="479" />
  </mem-info>
</gc-end>
<cycle-end id="1901" type="scavenge" contextid="1895" timestamp="2019-06-16T22:58:46.477" />
  <attribute name="elasticGC enabled" value="1" />
  <attribute name= "numThreadsSpecified" value="4" />
  <attribute name="heapSize specified" value="11599872" />
  <attribute name="Current GC Util" value="7" />
  <attribute name= "Current Time Running" value="18053" />
  <attribute name ="GC Interval" value="200" />
  <attribute name="ProportionalT" value="-6.500000" />
  <attribute name="ProportionalI" value="-6.500000" />
  <attribute name="ProportionalH" value="-6.500000" />
  <attribute name="Current Error" value="-13.000000" />
  <attribute name="IntegralT" value="-214.500000" />
  <attribute name="IntegralI" value="-214.500000" />
  <attribute name="IntegralH" value="-214.500000" />
  <attribute name="DerivativeT" value="-0.393939" />
  <attribute name="DerivativeI" value="-0.393939" />
  <attribute name="DerivativeH" value="-0.393939" />
  <attribute name="Loop Time for DT" value="33.000000" />
  <attribute name="Output H" value="2092630016"/>
  <attribute name="Output I" value="200"/>
  <attribute name="Output T" value="4"/>
  <attribute name="Target GC Util Change" value ="20.000000" />
  <attribute name="Current GC Util Change" value="7.000000"/>
  <attribute name="GC Util currently" value="7" />
  <attribute name="CPU Util currently" value="141254903132" />
<allocation-satisfied id="1902" threadId="0000000000D47000" bytesRequested="24" />
<af-end id="1903" timestamp="2019-06-16T22:58:46.478" threadId="0000000000D47988" success="true" from="nursery"/>
<exclusive-end id="1904" timestamp="2019-06-16T22:58:46.478" durationms="2.173" />

<exclusive-start id="1905" timestamp="2019-06-16T22:58:46.485" intervalms="9.964">
  <response-info timems="0.038" idlems="0.038" threads="0" lastid="0000000000D47000" lastname="PmdThread 4" />
</exclusive-start>
<af-start id="1906" threadId="0000000000D47988" totalBytesRequested="24" timestamp="2019-06-16T22:58:46.486" intervalms="9.902" type="nursery" />
<cycle-start id="1907" type="scavenge" contextid="0" timestamp="2019-06-16T22:58:46.486" intervalms="9.860" />
<gc-start id="1908" type="scavenge" contextid="1907" timestamp="2019-06-16T22:58:46.486">
  <mem-info id="1909" free="2065176936" total="2092630016" percent="98">
    <mem type="nursery" free="0" total="7602176" percent="0">
      <mem type="allocate" free="0" total="5963776" percent="0" />
      <mem type="survivor" free="0" total="1638400" percent="0" />
    </mem>
    <mem type="tenure" free="2065176936" total="2085027840" percent="99">
      <mem type="soa" free="2065176936" total="2085027840" percent="99" />
      <mem type="loa" free="0" total="0" percent="0" />
    </mem>
    <remembered-set count="479" />
  </mem-info>
</gc-start>
<allocation-stats totalBytes="5510872" >
  <allocated-bytes non-tlh="24" tlh="5510848" />
  <largest-consumer threadName="PmdThread 4" threadId="0000000000D47000" bytes="5510872" />
</allocation-stats>
<gc-op id="1910" type="scavenge" timems="0.418" contextid="1907" timestamp="2019-06-16T22:58:46.486">
  <scavenger-info tenureage="8" tenuremask="7f00" tiltratio="78" />
  <memory-copied type="nursery" objects="4044" bytes="226960" bytesdiscarded="270112" />
</gc-op>
<gc-end id="1911" type="scavenge" contextid="1907" durationms="0.748" usertimems="0.000" systemtimems="0.000" timestamp="2019-06-16T22:58:46.486" activeThreads="4">
  <mem-info id="1912" free="2070905768" total="2092630016" percent="98">
    <mem type="nursery" free="5728832" total="7602176" percent="75">
      <mem type="allocate" free="5728832" total="6225920" percent="92" />
      <mem type="survivor" free="0" total="1376256" percent="0" />
    </mem>
    <mem type="tenure" free="2065176936" total="2085027840" percent="99" macro-fragmented="602881">
      <mem type="soa" free="2065176936" total="2085027840" percent="99" />
      <mem type="loa" free="0" total="0" percent="0" />
    </mem>
    <remembered-set count="479" />
  </mem-info>
</gc-end>
<cycle-end id="1913" type="scavenge" contextid="1907" timestamp="2019-06-16T22:58:46.486" />
  <attribute name="elasticGC enabled" value="1" />
  <attribute name= "numThreadsSpecified" value="4" />
  <attribute name="heapSize specified" value="11599872" />
  <attribute name="Current GC Util" value="25" />
  <attribute name= "Current Time Running" value="18062" />
  <attribute name ="GC Interval" value="200" />
  <attribute name="ProportionalT" value="2.500000" />
  <attribute name="ProportionalI" value="2.500000" />
  <attribute name="ProportionalH" value="2.500000" />
  <attribute name="Current Error" value="5.000000" />
  <attribute name="IntegralT" value="22.500000" />
  <attribute name="IntegralI" value="22.500000" />
  <attribute name="IntegralH" value="22.500000" />
  <attribute name="DerivativeT" value="0.555556" />
  <attribute name="DerivativeI" value="0.555556" />
  <attribute name="DerivativeH" value="0.555556" />
  <attribute name="Loop Time for DT" value="9.000000" />
  <attribute name="Output H" value="8388608"/>
  <attribute name="Output I" value="200"/>
  <attribute name="Output T" value="4"/>
  <attribute name="Target GC Util Change" value ="20.000000" />
  <attribute name="Current GC Util Change" value="25.000000"/>
  <attribute name="GC Util currently" value="25" />
  <attribute name="CPU Util currently" value="473989687300" />
<allocation-satisfied id="1914" threadId="0000000000D47000" bytesRequested="24" />
<af-end id="1915" timestamp="2019-06-16T22:58:46.487" threadId="0000000000D47988" success="true" from="nursery"/>
<exclusive-end id="1916" timestamp="2019-06-16T22:58:46.487" durationms="1.151" />

<exclusive-start id="1917" timestamp="2019-06-16T22:58:46.493" intervalms="7.221">
  <response-info timems="0.057" idlems="0.057" threads="0" lastid="0000000000D47000" lastname="PmdThread 4" />
</exclusive-start>
<af-start id="1918" threadId="0000000000D47988" totalBytesRequested="24" timestamp="2019-06-16T22:58:46.493" intervalms="7.226" type="nursery" />
<cycle-start id="1919" type="scavenge" contextid="0" timestamp="2019-06-16T22:58:46.493" intervalms="7.223" />
<gc-start id="1920" type="scavenge" contextid="1919" timestamp="2019-06-16T22:58:46.493">
  <mem-info id="1921" free="2065176936" total="2092630016" percent="98">
    <mem type="nursery" free="0" total="7602176" percent="0">
      <mem type="allocate" free="0" total="6225920" percent="0" />
      <mem type="survivor" free="0" total="1376256" percent="0" />
    </mem>
    <mem type="tenure" free="2065176936" total="2085027840" percent="99">
      <mem type="soa" free="2065176936" total="2085027840" percent="99" />
      <mem type="loa" free="0" total="0" percent="0" />
    </mem>
    <remembered-set count="479" />
  </mem-info>
</gc-start>
<allocation-stats totalBytes="5728352" >
  <allocated-bytes non-tlh="24" tlh="5728328" />
  <largest-consumer threadName="PmdThread 4" threadId="0000000000D47000" bytes="5728352" />
</allocation-stats>
<gc-op id="1922" type="scavenge" timems="0.420" contextid="1919" timestamp="2019-06-16T22:58:46.493">
  <scavenger-info tenureage="4" tenuremask="7e10" tiltratio="81" />
  <memory-copied type="nursery" objects="2575" bytes="120968" bytesdiscarded="167032" />
  <memory-copied type="tenure" objects="1469" bytes="105992" bytesdiscarded="328" />
</gc-op>
<gc-end id="1923" type="scavenge" contextid="1919" durationms="0.757" usertimems="0.000" systemtimems="0.000" timestamp="2019-06-16T22:58:46.494" activeThreads="4">
  <mem-info id="1924" free="2071157384" total="2092630016" percent="98">
    <mem type="nursery" free="6200064" total="7602176" percent="81">
      <mem type="allocate" free="6200064" total="6488064" percent="95" />
      <mem type="survivor" free="0" total="1114112" percent="0" />
    </mem>
    <mem type="tenure" free="2064957320" total="2085027840" percent="99" macro-fragmented="2592282">
      <mem type="soa" free="2064957320" total="2085027840" percent="99" />
      <mem type="loa" free="0" total="0" percent="0" />
    </mem>
    <remembered-set count="105" />
  </mem-info>
</gc-end>
<cycle-end id="1925" type="scavenge" contextid="1919" timestamp="2019-06-16T22:58:46.494" />
  <attribute name="elasticGC enabled" value="1" />
  <attribute name= "numThreadsSpecified" value="4" />
  <attribute name="heapSize specified" value="11599872" />
  <attribute name="Current GC Util" value="14" />
  <attribute name= "Current Time Running" value="18069" />
  <attribute name ="GC Interval" value="200" />
  <attribute name="ProportionalT" value="-3.000000" />
  <attribute name="ProportionalI" value="-3.000000" />
  <attribute name="ProportionalH" value="-3.000000" />
  <attribute name="Current Error" value="-6.000000" />
  <attribute name="IntegralT" value="-21.000000" />
  <attribute name="IntegralI" value="-21.000000" />
  <attribute name="IntegralH" value="-21.000000" />
  <attribute name="DerivativeT" value="-1.571429" />
  <attribute name="DerivativeI" value="-1.571429" />
  <attribute name="DerivativeH" value="-1.571429" />
  <attribute name="Loop Time for DT" value="7.000000" />
  <attribute name="Output H" value="2092630016"/>
  <attribute name="Output I" value="200"/>
  <attribute name="Output T" value="4"/>
  <attribute name="Target GC Util Change" value ="20.000000" />
  <attribute name="Current GC Util Change" value="14.000000"/>
  <attribute name="GC Util currently" value="14" />
  <attribute name="CPU Util currently" value="640509005999" />
<allocation-satisfied id="1926" threadId="0000000000D47000" bytesRequested="24" />
<af-end id="1927" timestamp="2019-06-16T22:58:46.494" threadId="0000000000D47988" success="true" from="nursery"/>
<exclusive-end id="1928" timestamp="2019-06-16T22:58:46.494" durationms="1.108" />

<exclusive-start id="1929" timestamp="2019-06-16T22:58:46.502" intervalms="8.926">
  <response-info timems="0.084" idlems="0.084" threads="0" lastid="0000000000D47000" lastname="PmdThread 4" />
</exclusive-start>
<af-start id="1930" threadId="0000000000D47988" totalBytesRequested="16" timestamp="2019-06-16T22:58:46.502" intervalms="8.961" type="nursery" />
<cycle-start id="1931" type="scavenge" contextid="0" timestamp="2019-06-16T22:58:46.502" intervalms="8.961" />
<gc-start id="1932" type="scavenge" contextid="1931" timestamp="2019-06-16T22:58:46.502">
  <mem-info id="1933" free="2064957320" total="2092630016" percent="98">
    <mem type="nursery" free="0" total="7602176" percent="0">
      <mem type="allocate" free="0" total="6488064" percent="0" />
      <mem type="survivor" free="0" total="1114112" percent="0" />
    </mem>
    <mem type="tenure" free="2064957320" total="2085027840" percent="99">
      <mem type="soa" free="2064957320" total="2085027840" percent="99" />
      <mem type="loa" free="0" total="0" percent="0" />
    </mem>
    <remembered-set count="105" />
  </mem-info>
</gc-start>
<allocation-stats totalBytes="6199512" >
  <allocated-bytes non-tlh="24" tlh="6199488" />
  <largest-consumer threadName="PmdThread 4" threadId="0000000000D47000" bytes="6199512" />
</allocation-stats>
<gc-op id="1934" type="scavenge" timems="0.305" contextid="1931" timestamp="2019-06-16T22:58:46.502">
  <scavenger-info tenureage="4" tenuremask="7c10" tiltratio="85" />
  <memory-copied type="nursery" objects="908" bytes="41264" bytesdiscarded="109168" />
  <memory-copied type="tenure" objects="1670" bytes="79776" bytesdiscarded="0" />
</gc-op>
<gc-end id="1935" type="scavenge" contextid="1931" durationms="0.637" usertimems="0.000" systemtimems="0.000" timestamp="2019-06-16T22:58:46.502" activeThreads="4">
  <mem-info id="1936" free="2071491560" total="2092630016" percent="98">
    <mem type="nursery" free="6534240" total="7602176" percent="85">
      <mem type="allocate" free="6534240" total="6684672" percent="97" />
      <mem type="survivor" free="0" total="917504" percent="0" />
    </mem>
    <mem type="tenure" free="2064957320" total="2085027840" percent="99" macro-fragmented="2160235">
      <mem type="soa" free="2064957320" total="2085027840" percent="99" />
      <mem type="loa" free="0" total="0" percent="0" />
    </mem>
    <remembered-set count="182" />
  </mem-info>
</gc-end>
<cycle-end id="1937" type="scavenge" contextid="1931" timestamp="2019-06-16T22:58:46.503" />
  <attribute name="elasticGC enabled" value="1" />
  <attribute name= "numThreadsSpecified" value="4" />
  <attribute name="heapSize specified" value="11599872" />
  <attribute name="Current GC Util" value="12" />
  <attribute name= "Current Time Running" value="18078" />
  <attribute name ="GC Interval" value="200" />
  <attribute name="ProportionalT" value="-4.000000" />
  <attribute name="ProportionalI" value="-4.000000" />
  <attribute name="ProportionalH" value="-4.000000" />
  <attribute name="Current Error" value="-8.000000" />
  <attribute name="IntegralT" value="-36.000000" />
  <attribute name="IntegralI" value="-36.000000" />
  <attribute name="IntegralH" value="-36.000000" />
  <attribute name="DerivativeT" value="-0.888889" />
  <attribute name="DerivativeI" value="-0.888889" />
  <attribute name="DerivativeH" value="-0.888889" />
  <attribute name="Loop Time for DT" value="9.000000" />
  <attribute name="Output H" value="2092630016"/>
  <attribute name="Output I" value="200"/>
  <attribute name="Output T" value="4"/>
  <attribute name="Target GC Util Change" value ="20.000000" />
  <attribute name="Current GC Util Change" value="12.000000"/>
  <attribute name="GC Util currently" value="12" />
  <attribute name="CPU Util currently" value="514528725696" />
<allocation-satisfied id="1938" threadId="0000000000D47000" bytesRequested="16" />
<af-end id="1939" timestamp="2019-06-16T22:58:46.503" threadId="0000000000D47988" success="true" from="nursery"/>
<exclusive-end id="1940" timestamp="2019-06-16T22:58:46.503" durationms="1.010" />

</verbosegc>

