
<?xml version="1.0" ?>

<verbosegc xmlns="http://www.ibm.com/j9/verbosegc" version="25b0271_CMPRSS">

<initialized id="1" timestamp="2019-08-04T08:41:02.132">
  <attribute name="gcPolicy" value="-Xgcpolicy:balanced" />
  <attribute name="GC Util" value="0" />
  <attribute name="CPU Util" value="0" />
  <attribute name="Time Running"value="0"/>
  <attribute name="Number of cores"value="0"/>
  <attribute name="maxHeapSize" value="0xfa800000" />
  <attribute name="initialHeapSize" value="0x800000" />
  <attribute name="compressedRefs" value="true" />
  <attribute name="compressedRefsDisplacement" value="0x0" />
  <attribute name="compressedRefsShift" value="0x3" />
  <attribute name="pageSize" value="0x1000" />
  <attribute name="pageType" value="not used" />
  <attribute name="requestedPageSize" value="0x1000" />
  <attribute name="requestedPageType" value="not used" />
  <attribute name="gcthreads" value="16" />
  <attribute name="packetListSplit" value="16" />
  <attribute name="cacheListSplit" value="16" />
  <attribute name="splitFreeListSplitAmount" value="2" />
  <attribute name="numaNodes" value="0" />
  <region>
    <attribute name="regionSize" value="2097152" />
    <attribute name="regionCount" value="2004" />
    <attribute name="arrayletLeafSize" value="2097152" />
  </region>
  <system>
    <attribute name="physicalMemory" value="16815001600" />
    <attribute name="numCPUs" value="16" />
    <attribute name="architecture" value="amd64" />
    <attribute name="os" value="Linux" />
    <attribute name="osVersion" value="4.15.0" />
  </system>
  <vmargs>
    <vmarg name="-Xoptionsfile=/jdk/lib/options.default" />
    <vmarg name="-Xlockword:mode=default,noLockword=java/lang/String,noLockword=java/util/MapEntry,noLockword=java/util/HashMap$Entry,noLockword..." />
    <vmarg name="-Xjcl:jclse11_29" />
    <vmarg name="-Dcom.ibm.oti.vm.bootstrap.library.path=/jdk/lib/compressedrefs:/jdk/lib" />
    <vmarg name="-Dsun.boot.library.path=/jdk/lib/compressedrefs:/jdk/lib" />
    <vmarg name="-Djava.library.path=/jdk/lib/compressedrefs:/jdk/lib:/usr/lib64:/usr/lib" />
    <vmarg name="-Djava.home=/jdk" />
    <vmarg name="-Duser.dir=/" />
    <vmarg name="-Xgcpolicy:balanced" />
    <vmarg name="-verbose:gc" />
    <vmarg name="-Djava.class.path=dacapo-9.12-MR1-bach.jar" />
    <vmarg name="-Dsun.java.command=dacapo-9.12-MR1-bach.jar avrora jython pmd sunflow xalan --size=large" />
    <vmarg name="-Dsun.java.launcher=SUN_STANDARD" />
    <vmarg name="-Dsun.java.launcher.pid=1" />
  </vmargs>
</initialized>

<exclusive-start id="2" timestamp="2019-08-04T08:41:02.401" intervalms="268.954">
  <response-info timems="0.013" idlems="0.013" threads="0" lastid="0000000000C1FF00" lastname="main" />
</exclusive-start>
<sys-start reason="explicit" id="3" timestamp="2019-08-04T08:41:02.401" intervalms="269.005" />
<cycle-start id="4" type="global garbage collect" contextid="0" timestamp="2019-08-04T08:41:02.401" intervalms="269.068" />
  <attribute name="GC Util" value="0" />
  <attribute name="CPU Util" value="352" />
  <attribute name="Time Running"value="0"/>
  <attribute name="Number of cores"value="16"/>
<gc-start id="5" type="global garbage collect" contextid="4" timestamp="2019-08-04T08:41:02.401">
  <mem-info id="6" free="2318184" total="8388608" percent="27">
    <mem type="eden" free="221032" total="6291456" percent="3" />
    <remembered-set count="0" freebytes="335360" totalbytes="335360" percent="100" regionsoverflowed="0" regionsstable="0" regionsrebuilding="0"/>
  </mem-info>
</gc-start>
<allocation-stats totalBytes="6054544" >
  <allocated-bytes non-tlh="453952" tlh="5600592" arrayletleaf="0"/>
  <largest-consumer threadName="main" threadId="0000000000C1FF00" bytes="5974120" />
</allocation-stats>
<gc-op id="7" type="global mark" timems="3.184" contextid="4" timestamp="2019-08-04T08:41:02.405">
  <trace-info objectcount="17904" scancount="14147" scanbytes="465488" />
  <finalization candidates="19" enqueued="1" />
  <references type="soft" candidates="66" cleared="0" enqueued="0" dynamicThreshold="32" maxThreshold="32" />
  <references type="weak" candidates="576" cleared="412" enqueued="372" />
  <references type="phantom" candidates="99" cleared="41" enqueued="41" />
  <stringconstants candidates="2442" cleared="0"  />
</gc-op>
<gc-op id="8" type="classunload" timems="0.002" contextid="4" timestamp="2019-08-04T08:41:02.405">
  <classunload-info classloadercandidates="6" classloadersunloaded="0" classesunloaded="0" anonymousclassesunloaded="0" quiescems="0.000" setupms="0.002" scanms="0.000" postms="0.000" />
</gc-op>
<gc-op id="9" type="sweep" timems="0.900" contextid="4" timestamp="2019-08-04T08:41:02.406" />
<gc-op id="10" type="compact" timems="4.469" contextid="4" timestamp="2019-08-04T08:41:02.411">
  <compact-info movecount="17903" movebytes="1025536" />
  <remembered-set-cleared processed="275" cleared="275" durationms="0.045" />
</gc-op>
<gc-end id="11" type="global garbage collect" contextid="4" durationms="9.302" usertimems="7.280" systemtimems="2.084" timestamp="2019-08-04T08:41:02.411" activeThreads="4">
  <mem-info id="12" free="6291456" total="8388608" percent="75">
    <pending-finalizers system="1" default="0" reference="413" classloader="0" />
    <remembered-set count="0" freebytes="335360" totalbytes="335360" percent="100" regionsoverflowed="0" regionsstable="0" regionsrebuilding="0"/>
  </mem-info>
</gc-end>
<cycle-end id="13" type="global garbage collect" contextid="4" timestamp="2019-08-04T08:41:02.411">
  <attribute name="GC Util" value="18" />
  <attribute name="CPU Util" value="17636775173518" />
  <attribute name="Time Running"value="199"/>
  <attribute name="Number of cores"value="16"/>
</cycle-end>
<sys-end id="14" timestamp="2019-08-04T08:41:02.411" />
<exclusive-end id="15" timestamp="2019-08-04T08:41:02.411" durationms="9.757" />

===== DaCapo 9.12-MR1 avrora starting =====
<exclusive-start id="16" timestamp="2019-08-04T08:41:02.636" intervalms="234.984">
  <response-info timems="0.016" idlems="0.016" threads="0" lastid="0000000000C1FF00" lastname="main" />
</exclusive-start>
<allocation-taxation id="17" taxation-threshold="6291456" timestamp="2019-08-04T08:41:02.636" intervalms="504.001" />
<cycle-start id="18" type="partial gc" contextid="0" timestamp="2019-08-04T08:41:02.636" intervalms="504.259" />
  <attribute name="GC Util" value="18" />
  <attribute name="CPU Util" value="17636775173518" />
  <attribute name="Time Running"value="199"/>
  <attribute name="Number of cores"value="16"/>
<gc-start id="19" type="partial gc" contextid="18" timestamp="2019-08-04T08:41:02.637">
  <mem-info id="20" free="0" total="8388608" percent="0">
    <mem type="eden" free="0" total="6291456" percent="0" />
    <remembered-set count="0" freebytes="335360" totalbytes="335360" percent="100" regionsoverflowed="0" regionsstable="0" regionsrebuilding="0"/>
  </mem-info>
</gc-start>
<allocation-stats totalBytes="6270560" >
  <allocated-bytes non-tlh="252976" tlh="6017584" arrayletleaf="0"/>
  <largest-consumer threadName="main" threadId="0000000000C1FF00" bytes="6254488" />
</allocation-stats>
<gc-op id="21" type="mark" timems="3.541" contextid="18" timestamp="2019-08-04T08:41:02.641">
  <trace-info objectcount="76635" scancount="73340" scanbytes="2183496" />
  <cardclean-info objects="1191" bytes="40736" />
  <remembered-set-cleared processed="0" cleared="0" durationms="0.074" />
  <references type="weak" candidates="41" cleared="40" enqueued="40" />
  <references type="phantom" candidates="13" cleared="11" enqueued="11" />
  <stringconstants candidates="3244" cleared="0"  />
  <warning details="Mark invoked due to insufficient free space for Copy-Forward" />
</gc-op>
<gc-op id="22" type="classunload" timems="0.001" contextid="18" timestamp="2019-08-04T08:41:02.641">
  <classunload-info classloadercandidates="6" classloadersunloaded="0" classesunloaded="0" anonymousclassesunloaded="0" quiescems="0.000" setupms="0.001" scanms="0.000" postms="0.000" />
</gc-op>
<gc-op id="23" type="sweep" timems="0.601" contextid="18" timestamp="2019-08-04T08:41:02.641" />
<gc-op id="24" type="compact" timems="11.569" contextid="18" timestamp="2019-08-04T08:41:02.653">
  <compact-info movecount="76635" movebytes="2541784" />
  <remembered-set-cleared processed="594" cleared="594" durationms="0.074" />
</gc-op>
<heap-resize id="25" type="expand" space="default" amount="4194304" count="1" timems="0.084" reason="insufficient free space following gc" timestamp="2019-08-04T08:41:02.653" />
<gc-end id="26" type="partial gc" contextid="18" durationms="16.845" usertimems="20.583" systemtimems="1.803" timestamp="2019-08-04T08:41:02.653" activeThreads="4">
  <mem-info id="27" free="6291456" total="12582912" percent="50">
    <mem type="eden" free="1652456" total="4194304" percent="39" />
    <pending-finalizers system="0" default="0" reference="51" classloader="0" />
    <remembered-set count="2048" freebytes="494848" totalbytes="503040" percent="98" regionsoverflowed="0" regionsstable="0" regionsrebuilding="0"/>
  </mem-info>
</gc-end>
<cycle-end id="28" type="partial gc" contextid="18" timestamp="2019-08-04T08:41:02.654">
  <attribute name="GC Util" value="46" />
  <attribute name="CPU Util" value="24883679053760" />
  <attribute name="Time Running"value="434"/>
  <attribute name="Number of cores"value="16"/>
</cycle-end>
<exclusive-end id="29" timestamp="2019-08-04T08:41:02.654" durationms="17.636" />

<exclusive-start id="30" timestamp="2019-08-04T08:41:02.867" intervalms="230.714">
  <response-info timems="0.020" idlems="0.020" threads="0" lastid="0000000000C1FF00" lastname="main" />
</exclusive-start>
<allocation-taxation id="31" taxation-threshold="2097152" timestamp="2019-08-04T08:41:02.867" intervalms="230.764" />
<cycle-start id="32" type="global mark phase" contextid="0" timestamp="2019-08-04T08:41:02.867" intervalms="734.828" />
  <attribute name="GC Util" value="46" />
  <attribute name="CPU Util" value="24883679053760" />
  <attribute name="Time Running"value="434"/>
  <attribute name="Number of cores"value="16"/>
<gc-start id="33" type="global mark phase" contextid="32" timestamp="2019-08-04T08:41:02.867">
  <mem-info id="34" free="4194304" total="12582912" percent="33">
    <remembered-set count="2048" freebytes="494848" totalbytes="503040" percent="98" regionsoverflowed="0" regionsstable="0" regionsrebuilding="0"/>
  </mem-info>
</gc-start>
<gc-op id="35" type="mark increment" timems="9.124" contextid="32" timestamp="2019-08-04T08:41:02.876">
  <trace-info objectcount="135" scancount="0" scanbytes="0" />
</gc-op>
<gc-end id="36" type="global mark phase" contextid="32" durationms="9.441" usertimems="8.574" systemtimems="6.007" timestamp="2019-08-04T08:41:02.876" activeThreads="6">
  <mem-info id="37" free="4194304" total="12582912" percent="33">
    <remembered-set count="2048" freebytes="494848" totalbytes="503040" percent="98" regionsoverflowed="0" regionsstable="0" regionsrebuilding="0"/>
  </mem-info>
</gc-end>
<concurrent-start id="38" type="GMP work packet processing" contextid="32" timestamp="2019-08-04T08:41:02.876">
  <concurrent-mark-start scanTarget="18446744073709551615" />
</concurrent-start>
<exclusive-end id="39" timestamp="2019-08-04T08:41:02.877" durationms="9.762" />

<concurrent-end id="40" type="GMP work packet processing" contextid="32" timestamp="2019-08-04T08:41:02.886">
  <concurrent-mark-end bytesScanned="2773608" reasonForTermination="Completed all work in GC phase" />
</concurrent-end>

<exclusive-start id="41" timestamp="2019-08-04T08:41:02.935" intervalms="68.334">
  <response-info timems="0.049" idlems="0.049" threads="0" lastid="0000000000C1FF00" lastname="main" />
</exclusive-start>
<allocation-taxation id="42" taxation-threshold="2097152" timestamp="2019-08-04T08:41:02.935" intervalms="68.401" />
<cycle-start id="43" type="partial gc" contextid="0" timestamp="2019-08-04T08:41:02.935" intervalms="299.005" />
  <attribute name="GC Util" value="116" />
  <attribute name="CPU Util" value="5125536420785" />
  <attribute name="Time Running"value="669"/>
  <attribute name="Number of cores"value="16"/>
<gc-start id="44" type="partial gc" contextid="43" timestamp="2019-08-04T08:41:02.936">
  <mem-info id="45" free="2097152" total="12582912" percent="16">
    <mem type="eden" free="0" total="4194304" percent="0" />
    <remembered-set count="2048" freebytes="494848" totalbytes="503040" percent="98" regionsoverflowed="0" regionsstable="0" regionsrebuilding="0"/>
  </mem-info>
</gc-start>
<allocation-stats totalBytes="4167328" >
  <allocated-bytes non-tlh="99992" tlh="4067336" arrayletleaf="0"/>
  <largest-consumer threadName="main" threadId="0000000000C1FF00" bytes="2073784" />
</allocation-stats>
<gc-op id="46" type="copy forward" timems="9.982" contextid="43" timestamp="2019-08-04T08:41:02.949">
  <memory-copied type="eden" objects="28102" bytes="1790304" bytesdiscarded="133032" />
  <memory-copied type="other" objects="76435" bytes="2522720" bytesdiscarded="172240" />
  <memory-cardclean objects="115" bytes="6312" />
  <remembered-set-cleared processed="241" cleared="241" durationms="0.050" />
  <references type="weak" candidates="3" cleared="2" enqueued="2" />
  <references type="phantom" candidates="2" cleared="0" enqueued="0" />
  <stringconstants candidates="3810" cleared="0"  />
  <heap-resize type="expand" space="default" amount="4194304" count="2" timems="0.558" reason="continue current collection" />
</gc-op>
<gc-op id="47" type="classunload" timems="0.003" contextid="43" timestamp="2019-08-04T08:41:02.949">
  <classunload-info classloadercandidates="6" classloadersunloaded="0" classesunloaded="0" anonymousclassesunloaded="0" quiescems="0.000" setupms="0.003" scanms="0.000" postms="0.000" />
</gc-op>
<gc-op id="48" type="compact" timems="6.707" contextid="43" timestamp="2019-08-04T08:41:02.956">
  <compact-info movecount="0" movebytes="0" />
  <remembered-set-cleared processed="1570" cleared="241" durationms="0.148" />
</gc-op>
<heap-resize id="49" type="expand" space="default" amount="2097152" count="1" timems="0.071" reason="insufficient free space following gc" timestamp="2019-08-04T08:41:02.956" />
<gc-end id="50" type="partial gc" contextid="43" durationms="20.857" usertimems="27.729" systemtimems="13.911" timestamp="2019-08-04T08:41:02.956" activeThreads="8">
  <mem-info id="51" free="10485760" total="18874368" percent="55">
    <mem type="eden" free="173568" total="2097152" percent="8" />
    <pending-finalizers system="0" default="0" reference="2" classloader="0" />
    <remembered-set count="2720" freebytes="743680" totalbytes="754560" percent="98" regionsoverflowed="0" regionsstable="0" regionsrebuilding="0"/>
  </mem-info>
</gc-end>
<cycle-end id="52" type="partial gc" contextid="43" timestamp="2019-08-04T08:41:02.957">
  <attribute name="GC Util" value="182" />
  <attribute name="CPU Util" value="1766422085351" />
  <attribute name="Time Running"value="742"/>
  <attribute name="Number of cores"value="16"/>
</cycle-end>
<exclusive-end id="53" timestamp="2019-08-04T08:41:02.957" durationms="21.490" />

<exclusive-start id="54" timestamp="2019-08-04T08:41:06.712" intervalms="3776.682">
  <response-info timems="0.098" idlems="0.098" threads="0" lastid="0000000000F55E00" lastname="node-3" />
</exclusive-start>
<allocation-taxation id="55" taxation-threshold="4194304" timestamp="2019-08-04T08:41:06.712" intervalms="3776.602" />
<gc-start id="56" type="global mark phase" contextid="32" timestamp="2019-08-04T08:41:06.712">
  <mem-info id="57" free="6291456" total="18874368" percent="33">
    <remembered-set count="2720" freebytes="743680" totalbytes="754560" percent="98" regionsoverflowed="0" regionsstable="0" regionsrebuilding="0"/>
  </mem-info>
</gc-start>
<gc-op id="58" type="mark increment" timems="8.607" contextid="32" timestamp="2019-08-04T08:41:06.721">
  <trace-info objectcount="56758" scancount="54044" scanbytes="2769144" />
  <cardclean-info objects="3759" bytes="136276" />
  <finalization candidates="18" enqueued="0" />
  <references type="soft" candidates="66" cleared="0" enqueued="0" dynamicThreshold="17" maxThreshold="32" />
  <references type="weak" candidates="167" cleared="2" enqueued="2" />
  <references type="phantom" candidates="59" cleared="2" enqueued="2" />
  <stringconstants candidates="3824" cleared="0"  />
</gc-op>
<gc-op id="59" type="classunload" timems="0.003" contextid="32" timestamp="2019-08-04T08:41:06.721">
  <classunload-info classloadercandidates="6" classloadersunloaded="0" classesunloaded="0" anonymousclassesunloaded="0" quiescems="0.000" setupms="0.003" scanms="0.000" postms="0.000" />
</gc-op>
<gc-end id="60" type="global mark phase" contextid="32" durationms="8.887" usertimems="11.600" systemtimems="4.086" timestamp="2019-08-04T08:41:06.721" activeThreads="9">
  <mem-info id="61" free="6291456" total="18874368" percent="33">
    <pending-finalizers system="0" default="0" reference="4" classloader="0" />
    <remembered-set count="2720" freebytes="743680" totalbytes="754560" percent="98" regionsoverflowed="0" regionsstable="0" regionsrebuilding="0"/>
  </mem-info>
</gc-end>
<cycle-end id="62" type="global mark phase" contextid="32" timestamp="2019-08-04T08:41:06.721">
  <attribute name="GC Util" value="161" />
  <attribute name="CPU Util" value="6461016231197" />
  <attribute name="Time Running"value="4509"/>
  <attribute name="Number of cores"value="16"/>
</cycle-end>
<exclusive-end id="63" timestamp="2019-08-04T08:41:06.722" durationms="9.829" />

<exclusive-start id="64" timestamp="2019-08-04T08:41:10.416" intervalms="3703.776">
  <response-info timems="0.115" idlems="0.115" threads="0" lastid="0000000000F15F00" lastname="node-2" />
</exclusive-start>
<allocation-taxation id="65" taxation-threshold="4194304" timestamp="2019-08-04T08:41:10.416" intervalms="3703.763" />
<cycle-start id="66" type="partial gc" contextid="0" timestamp="2019-08-04T08:41:10.416" intervalms="7480.644" />
  <attribute name="GC Util" value="161" />
  <attribute name="CPU Util" value="6461016231197" />
  <attribute name="Time Running"value="4509"/>
  <attribute name="Number of cores"value="16"/>
<gc-start id="67" type="partial gc" contextid="66" timestamp="2019-08-04T08:41:10.416">
  <mem-info id="68" free="2097152" total="18874368" percent="11">
    <mem type="eden" free="0" total="8388608" percent="0" />
    <remembered-set count="2720" freebytes="743680" totalbytes="754560" percent="98" regionsoverflowed="0" regionsstable="0" regionsrebuilding="0"/>
  </mem-info>
</gc-start>
<allocation-stats totalBytes="8375184" >
  <allocated-bytes non-tlh="383896" tlh="7991288" arrayletleaf="0"/>
  <largest-consumer threadName="node-9" threadId="0000000000F61100" bytes="347312" />
</allocation-stats>
<gc-op id="69" type="sweep" timems="1.684" contextid="66" timestamp="2019-08-04T08:41:10.418" />
<gc-op id="70" type="copy forward" timems="19.463" contextid="66" timestamp="2019-08-04T08:41:10.439">
  <memory-copied type="eden" objects="5592" bytes="135520" bytesdiscarded="18201" />
  <memory-copied type="other" objects="61183" bytes="3578560" bytesdiscarded="603487" />
  <memory-cardclean objects="340" bytes="17104" />
  <remembered-set-cleared processed="1309" cleared="471" durationms="0.065" />
  <stringconstants candidates="3824" cleared="0"  />
  <heap-resize type="expand" space="default" amount="4194304" count="2" timems="2.365" reason="continue current collection" />
</gc-op>
<gc-op id="71" type="classunload" timems="0.004" contextid="66" timestamp="2019-08-04T08:41:10.439">
  <classunload-info classloadercandidates="6" classloadersunloaded="0" classesunloaded="0" anonymousclassesunloaded="0" quiescems="0.000" setupms="0.003" scanms="0.000" postms="0.000" />
</gc-op>
<gc-op id="72" type="compact" timems="6.236" contextid="66" timestamp="2019-08-04T08:41:10.445">
  <compact-info movecount="0" movebytes="0" />
  <remembered-set-cleared processed="4043" cleared="471" durationms="0.847" />
</gc-op>
<gc-end id="73" type="partial gc" contextid="66" durationms="29.039" usertimems="27.457" systemtimems="13.579" timestamp="2019-08-04T08:41:10.445" activeThreads="11">
  <mem-info id="74" free="10485760" total="23068672" percent="45">
    <mem type="eden" free="1908880" total="4194304" percent="45" />
    <remembered-set count="4608" freebytes="903808" totalbytes="922240" percent="98" regionsoverflowed="0" regionsstable="0" regionsrebuilding="0"/>
  </mem-info>
</gc-end>
<cycle-end id="75" type="partial gc" contextid="66" timestamp="2019-08-04T08:41:10.446">
  <attribute name="GC Util" value="125" />
  <attribute name="CPU Util" value="933948660218" />
  <attribute name="Time Running"value="8232"/>
  <attribute name="Number of cores"value="16"/>
</cycle-end>
<exclusive-end id="76" timestamp="2019-08-04T08:41:10.446" durationms="30.477" />

<exclusive-start id="77" timestamp="2019-08-04T08:41:17.216" intervalms="6800.018">
  <response-info timems="0.132" idlems="0.132" threads="0" lastid="0000000000F21300" lastname="node-16" />
</exclusive-start>
<allocation-taxation id="78" taxation-threshold="10485760" timestamp="2019-08-04T08:41:17.216" intervalms="6800.003" />
<cycle-start id="79" type="partial gc" contextid="0" timestamp="2019-08-04T08:41:17.216" intervalms="6799.752" />
  <attribute name="GC Util" value="125" />
  <attribute name="CPU Util" value="933948660218" />
  <attribute name="Time Running"value="8232"/>
  <attribute name="Number of cores"value="16"/>
<gc-start id="80" type="partial gc" contextid="79" timestamp="2019-08-04T08:41:17.216">
  <mem-info id="81" free="0" total="23068672" percent="0">
    <mem type="eden" free="0" total="10485760" percent="0" />
    <remembered-set count="4608" freebytes="903808" totalbytes="922240" percent="98" regionsoverflowed="0" regionsstable="0" regionsrebuilding="0"/>
  </mem-info>
</gc-start>
<allocation-stats totalBytes="10474456" >
  <allocated-bytes non-tlh="0" tlh="10474456" arrayletleaf="0"/>
  <largest-consumer threadName="node-14" threadId="0000000000F1D700" bytes="552272" />
</allocation-stats>
<gc-op id="82" type="mark" timems="17.325" contextid="79" timestamp="2019-08-04T08:41:17.234">
  <trace-info objectcount="48868" scancount="47504" scanbytes="1907348" />
  <cardclean-info objects="740" bytes="65444" />
  <remembered-set-cleared processed="2100" cleared="897" durationms="0.072" />
  <stringconstants candidates="3824" cleared="0"  />
  <warning details="Mark invoked due to insufficient free space for Copy-Forward" />
</gc-op>
<gc-op id="83" type="classunload" timems="0.003" contextid="79" timestamp="2019-08-04T08:41:17.235">
  <classunload-info classloadercandidates="6" classloadersunloaded="0" classesunloaded="0" anonymousclassesunloaded="0" quiescems="0.000" setupms="0.003" scanms="0.000" postms="0.000" />
</gc-op>
<gc-op id="84" type="sweep" timems="1.348" contextid="79" timestamp="2019-08-04T08:41:17.236" />
<gc-op id="85" type="compact" timems="12.264" contextid="79" timestamp="2019-08-04T08:41:17.248">
  <compact-info movecount="48864" movebytes="2180728" />
  <remembered-set-cleared processed="4424" cleared="2004" durationms="0.087" />
</gc-op>
<heap-resize id="86" type="expand" space="default" amount="2097152" count="1" timems="0.067" reason="insufficient free space following gc" timestamp="2019-08-04T08:41:17.249" />
<gc-end id="87" type="partial gc" contextid="79" durationms="32.334" usertimems="34.168" systemtimems="9.215" timestamp="2019-08-04T08:41:17.249" activeThreads="11">
  <mem-info id="88" free="12582912" total="25165824" percent="50">
    <mem type="eden" free="1835048" total="2097152" percent="87" />
    <remembered-set count="5312" freebytes="984832" totalbytes="1006080" percent="97" regionsoverflowed="0" regionsstable="0" regionsrebuilding="0"/>
  </mem-info>
</gc-end>
<cycle-end id="89" type="partial gc" contextid="79" timestamp="2019-08-04T08:41:17.250">
  <attribute name="GC Util" value="69" />
  <attribute name="CPU Util" value="10932038753583" />
  <attribute name="Time Running"value="15029"/>
  <attribute name="Number of cores"value="16"/>
</cycle-end>
<exclusive-end id="90" timestamp="2019-08-04T08:41:17.251" durationms="34.943" />

<exclusive-start id="91" timestamp="2019-08-04T08:41:24.564" intervalms="7348.349">
  <response-info timems="0.717" idlems="0.717" threads="0" lastid="0000000000F49E00" lastname="node-8" />
</exclusive-start>
<allocation-taxation id="92" taxation-threshold="12582912" timestamp="2019-08-04T08:41:24.564" intervalms="7348.609" />
<cycle-start id="93" type="partial gc" contextid="0" timestamp="2019-08-04T08:41:24.565" intervalms="7348.897" />
  <attribute name="GC Util" value="69" />
  <attribute name="CPU Util" value="10932038753583" />
  <attribute name="Time Running"value="15029"/>
  <attribute name="Number of cores"value="16"/>
<gc-start id="94" type="partial gc" contextid="93" timestamp="2019-08-04T08:41:24.565">
  <mem-info id="95" free="0" total="25165824" percent="0">
    <mem type="eden" free="0" total="12582912" percent="0" />
    <remembered-set count="5312" freebytes="984832" totalbytes="1006080" percent="97" regionsoverflowed="0" regionsstable="0" regionsrebuilding="0"/>
  </mem-info>
</gc-start>
<allocation-stats totalBytes="12571128" >
  <allocated-bytes non-tlh="0" tlh="12571128" arrayletleaf="0"/>
  <largest-consumer threadName="node-7" threadId="0000000000F19B00" bytes="593832" />
</allocation-stats>
<gc-op id="96" type="mark" timems="5.373" contextid="93" timestamp="2019-08-04T08:41:24.572">
  <trace-info objectcount="19921" scancount="19898" scanbytes="654440" />
  <cardclean-info objects="1947" bytes="149948" />
  <remembered-set-cleared processed="2282" cleared="390" durationms="0.078" />
  <stringconstants candidates="3824" cleared="0"  />
  <warning details="Mark invoked due to insufficient free space for Copy-Forward" />
</gc-op>
<gc-op id="97" type="classunload" timems="0.004" contextid="93" timestamp="2019-08-04T08:41:24.572">
  <classunload-info classloadercandidates="6" classloadersunloaded="0" classesunloaded="0" anonymousclassesunloaded="0" quiescems="0.000" setupms="0.004" scanms="0.000" postms="0.000" />
</gc-op>
<gc-op id="98" type="sweep" timems="1.714" contextid="93" timestamp="2019-08-04T08:41:24.574" />
<gc-op id="99" type="compact" timems="4.251" contextid="93" timestamp="2019-08-04T08:41:24.578">
  <compact-info movecount="18559" movebytes="447128" />
  <remembered-set-cleared processed="4798" cleared="960" durationms="0.085" />
</gc-op>
<gc-end id="100" type="partial gc" contextid="93" durationms="13.209" usertimems="28.098" systemtimems="1.344" timestamp="2019-08-04T08:41:24.578" activeThreads="12">
  <mem-info id="101" free="10485760" total="25165824" percent="41">
    <mem type="eden" free="1860864" total="2097152" percent="88" />
    <remembered-set count="6240" freebytes="981120" totalbytes="1006080" percent="97" regionsoverflowed="0" regionsstable="0" regionsrebuilding="0"/>
  </mem-info>
</gc-end>
<cycle-end id="102" type="partial gc" contextid="93" timestamp="2019-08-04T08:41:24.579">
  <attribute name="GC Util" value="69" />
  <attribute name="CPU Util" value="9673468859730" />
  <attribute name="Time Running"value="22367"/>
  <attribute name="Number of cores"value="16"/>
</cycle-end>
<exclusive-end id="103" timestamp="2019-08-04T08:41:24.579" durationms="15.077" />

<exclusive-start id="104" timestamp="2019-08-04T08:41:30.097" intervalms="5533.444">
  <response-info timems="0.134" idlems="0.134" threads="0" lastid="0000000000F49E00" lastname="node-8" />
</exclusive-start>
<allocation-taxation id="105" taxation-threshold="10485760" timestamp="2019-08-04T08:41:30.098" intervalms="5533.238" />
<cycle-start id="106" type="partial gc" contextid="0" timestamp="2019-08-04T08:41:30.098" intervalms="5532.899" />
  <attribute name="GC Util" value="69" />
  <attribute name="CPU Util" value="9673468859730" />
  <attribute name="Time Running"value="22367"/>
  <attribute name="Number of cores"value="16"/>
<gc-start id="107" type="partial gc" contextid="106" timestamp="2019-08-04T08:41:30.098">
  <mem-info id="108" free="0" total="25165824" percent="0">
    <mem type="eden" free="0" total="10485760" percent="0" />
    <remembered-set count="5792" freebytes="982912" totalbytes="1006080" percent="97" regionsoverflowed="0" regionsstable="0" regionsrebuilding="0"/>
  </mem-info>
</gc-start>
<allocation-stats totalBytes="10472960" >
  <allocated-bytes non-tlh="0" tlh="10472960" arrayletleaf="0"/>
  <largest-consumer threadName="node-7" threadId="0000000000F19B00" bytes="515984" />
</allocation-stats>
<gc-op id="109" type="mark" timems="6.511" contextid="106" timestamp="2019-08-04T08:41:30.106">
  <trace-info objectcount="17438" scancount="17435" scanbytes="550688" />
  <cardclean-info objects="1877" bytes="129600" />
  <remembered-set-cleared processed="2452" cleared="401" durationms="0.092" />
  <stringconstants candidates="3824" cleared="0"  />
  <warning details="Mark invoked due to insufficient free space for Copy-Forward" />
</gc-op>
<gc-op id="110" type="classunload" timems="0.002" contextid="106" timestamp="2019-08-04T08:41:30.106">
  <classunload-info classloadercandidates="6" classloadersunloaded="0" classesunloaded="0" anonymousclassesunloaded="0" quiescems="0.000" setupms="0.002" scanms="0.000" postms="0.000" />
</gc-op>
<gc-op id="111" type="sweep" timems="0.998" contextid="106" timestamp="2019-08-04T08:41:30.107" />
<gc-op id="112" type="compact" timems="3.784" contextid="106" timestamp="2019-08-04T08:41:30.111">
  <compact-info movecount="15820" movebytes="379152" />
  <remembered-set-cleared processed="5103" cleared="930" durationms="0.092" />
</gc-op>
<heap-resize id="113" type="expand" space="default" amount="6291456" count="1" timems="0.092" reason="insufficient free space following gc" timestamp="2019-08-04T08:41:30.111" />
<gc-end id="114" type="partial gc" contextid="106" durationms="13.113" usertimems="10.815" systemtimems="10.028" timestamp="2019-08-04T08:41:30.111" activeThreads="12">
  <mem-info id="115" free="14680064" total="31457280" percent="46">
    <mem type="eden" free="1910336" total="2097152" percent="91" />
    <remembered-set count="5152" freebytes="1236992" totalbytes="1257600" percent="98" regionsoverflowed="0" regionsstable="0" regionsrebuilding="0"/>
  </mem-info>
</gc-end>
<cycle-end id="116" type="partial gc" contextid="106" timestamp="2019-08-04T08:41:30.111">
  <attribute name="GC Util" value="76" />
  <attribute name="CPU Util" value="14734750875878" />
  <attribute name="Time Running"value="27900"/>
  <attribute name="Number of cores"value="16"/>
</cycle-end>
<exclusive-end id="117" timestamp="2019-08-04T08:41:30.111" durationms="14.036" />

<exclusive-start id="118" timestamp="2019-08-04T08:41:32.635" intervalms="2537.193">
  <response-info timems="0.030" idlems="0.030" threads="0" lastid="0000000000F2C700" lastname="node-0" />
</exclusive-start>
<allocation-taxation id="119" taxation-threshold="6291456" timestamp="2019-08-04T08:41:32.635" intervalms="2537.118" />
<cycle-start id="120" type="global mark phase" contextid="0" timestamp="2019-08-04T08:41:32.635" intervalms="29767.733" />
  <attribute name="GC Util" value="76" />
  <attribute name="CPU Util" value="14734750875878" />
  <attribute name="Time Running"value="27900"/>
  <attribute name="Number of cores"value="16"/>
<gc-start id="121" type="global mark phase" contextid="120" timestamp="2019-08-04T08:41:32.635">
  <mem-info id="122" free="8388608" total="31457280" percent="26">
    <remembered-set count="5152" freebytes="1236992" totalbytes="1257600" percent="98" regionsoverflowed="0" regionsstable="0" regionsrebuilding="0"/>
  </mem-info>
</gc-start>
<gc-op id="123" type="mark increment" timems="1.512" contextid="120" timestamp="2019-08-04T08:41:32.636">
  <trace-info objectcount="367" scancount="0" scanbytes="0" />
</gc-op>
<gc-end id="124" type="global mark phase" contextid="120" durationms="1.565" usertimems="2.579" systemtimems="0.178" timestamp="2019-08-04T08:41:32.636" activeThreads="15">
  <mem-info id="125" free="8388608" total="31457280" percent="26">
    <remembered-set count="5152" freebytes="1236992" totalbytes="1257600" percent="98" regionsoverflowed="0" regionsstable="0" regionsrebuilding="0"/>
  </mem-info>
</gc-end>
<concurrent-start id="126" type="GMP work packet processing" contextid="120" timestamp="2019-08-04T08:41:32.637">
  <concurrent-mark-start scanTarget="18446744073709551615" />
</concurrent-start>
<exclusive-end id="127" timestamp="2019-08-04T08:41:32.637" durationms="2.169" />

<concurrent-end id="128" type="GMP work packet processing" contextid="120" timestamp="2019-08-04T08:41:32.642">
  <concurrent-mark-end bytesScanned="5312428" reasonForTermination="Completed all work in GC phase" />
</concurrent-end>

<exclusive-start id="129" timestamp="2019-08-04T08:41:35.733" intervalms="3098.374">
  <response-info timems="1.096" idlems="1.096" threads="0" lastid="0000000000F3F200" lastname="node-5" />
</exclusive-start>
<allocation-taxation id="130" taxation-threshold="6291456" timestamp="2019-08-04T08:41:35.733" intervalms="3098.410" />
<cycle-start id="131" type="partial gc" contextid="0" timestamp="2019-08-04T08:41:35.733" intervalms="5635.758" />
  <attribute name="GC Util" value="141" />
  <attribute name="CPU Util" value="17449108707743" />
  <attribute name="Time Running"value="30429"/>
  <attribute name="Number of cores"value="16"/>
<gc-start id="132" type="partial gc" contextid="131" timestamp="2019-08-04T08:41:35.734">
  <mem-info id="133" free="2097152" total="31457280" percent="6">
    <mem type="eden" free="1910336" total="14680064" percent="13" />
    <remembered-set count="5152" freebytes="1236992" totalbytes="1257600" percent="98" regionsoverflowed="0" regionsstable="0" regionsrebuilding="0"/>
  </mem-info>
</gc-start>
<allocation-stats totalBytes="12576024" >
  <allocated-bytes non-tlh="0" tlh="12576024" arrayletleaf="0"/>
  <largest-consumer threadName="node-1" threadId="0000000000F3B600" bytes="311256" />
</allocation-stats>
<gc-op id="134" type="copy forward" timems="9.936" contextid="131" timestamp="2019-08-04T08:41:35.745">
  <memory-copied type="eden" objects="7926" bytes="189312" bytesdiscarded="28632" />
  <memory-copied type="other" objects="7684" bytes="184416" bytesdiscarded="10336" />
  <memory-cardclean objects="1909" bytes="265240" />
  <remembered-set-cleared processed="2561" cleared="375" durationms="0.682" />
  <stringconstants candidates="3824" cleared="0"  />
  <heap-resize type="expand" space="default" amount="2097152" count="1" timems="0.083" reason="continue current collection" />
</gc-op>
<gc-op id="135" type="classunload" timems="0.003" contextid="131" timestamp="2019-08-04T08:41:35.745">
  <classunload-info classloadercandidates="6" classloadersunloaded="0" classesunloaded="0" anonymousclassesunloaded="0" quiescems="0.000" setupms="0.003" scanms="0.000" postms="0.000" />
</gc-op>
<gc-end id="136" type="partial gc" contextid="131" durationms="11.277" usertimems="13.680" systemtimems="3.313" timestamp="2019-08-04T08:41:35.745" activeThreads="15">
  <mem-info id="137" free="14680064" total="33554432" percent="43">
    <mem type="eden" free="3781608" total="4194304" percent="90" />
    <remembered-set count="6272" freebytes="1316352" totalbytes="1341440" percent="98" regionsoverflowed="0" regionsstable="0" regionsrebuilding="0"/>
  </mem-info>
</gc-end>
<cycle-end id="138" type="partial gc" contextid="131" timestamp="2019-08-04T08:41:35.745">
  <attribute name="GC Util" value="114" />
  <attribute name="CPU Util" value="21161973366876" />
  <attribute name="Time Running"value="33527"/>
  <attribute name="Number of cores"value="16"/>
</cycle-end>
<exclusive-end id="139" timestamp="2019-08-04T08:41:35.745" durationms="12.098" />

<exclusive-start id="140" timestamp="2019-08-04T08:41:38.709" intervalms="2976.402">
  <response-info timems="0.130" idlems="0.130" threads="0" lastid="0000000000F52200" lastname="node-23" />
</exclusive-start>
<allocation-taxation id="141" taxation-threshold="6291456" timestamp="2019-08-04T08:41:38.709" intervalms="2976.393" />
<gc-start id="142" type="global mark phase" contextid="120" timestamp="2019-08-04T08:41:38.710">
  <mem-info id="143" free="8388608" total="33554432" percent="25">
    <remembered-set count="5824" freebytes="1318144" totalbytes="1341440" percent="98" regionsoverflowed="0" regionsstable="0" regionsrebuilding="0"/>
  </mem-info>
</gc-start>
<gc-op id="144" type="mark increment" timems="7.154" contextid="120" timestamp="2019-08-04T08:41:38.717">
  <trace-info objectcount="8331" scancount="8331" scanbytes="332248" />
  <cardclean-info objects="1733" bytes="125704" />
  <finalization candidates="18" enqueued="0" />
  <references type="soft" candidates="66" cleared="0" enqueued="0" dynamicThreshold="14" maxThreshold="32" />
  <references type="weak" candidates="165" cleared="0" enqueued="0" />
  <references type="phantom" candidates="57" cleared="0" enqueued="0" />
  <stringconstants candidates="3824" cleared="0"  />
</gc-op>
<gc-op id="145" type="classunload" timems="0.003" contextid="120" timestamp="2019-08-04T08:41:38.717">
  <classunload-info classloadercandidates="6" classloadersunloaded="0" classesunloaded="0" anonymousclassesunloaded="0" quiescems="0.000" setupms="0.002" scanms="0.000" postms="0.000" />
</gc-op>
<gc-end id="146" type="global mark phase" contextid="120" durationms="7.259" usertimems="6.145" systemtimems="4.855" timestamp="2019-08-04T08:41:38.717" activeThreads="16">
  <mem-info id="147" free="8388608" total="33554432" percent="25">
    <remembered-set count="5824" freebytes="1318144" totalbytes="1341440" percent="98" regionsoverflowed="0" regionsstable="0" regionsrebuilding="0"/>
  </mem-info>
</gc-end>
<cycle-end id="148" type="global mark phase" contextid="120" timestamp="2019-08-04T08:41:38.717">
  <attribute name="GC Util" value="71" />
  <attribute name="CPU Util" value="8909073281782" />
  <attribute name="Time Running"value="36506"/>
  <attribute name="Number of cores"value="16"/>
</cycle-end>
<exclusive-end id="149" timestamp="2019-08-04T08:41:38.717" durationms="7.559" />

<exclusive-start id="150" timestamp="2019-08-04T08:41:41.266" intervalms="2556.563">
  <response-info timems="0.261" idlems="0.261" threads="0" lastid="0000000000F1D700" lastname="node-14" />
</exclusive-start>
<allocation-taxation id="151" taxation-threshold="6291456" timestamp="2019-08-04T08:41:41.266" intervalms="2556.551" />
<cycle-start id="152" type="partial gc" contextid="0" timestamp="2019-08-04T08:41:41.266" intervalms="5532.996" />
  <attribute name="GC Util" value="71" />
  <attribute name="CPU Util" value="8909073281782" />
  <attribute name="Time Running"value="36506"/>
  <attribute name="Number of cores"value="16"/>
<gc-start id="153" type="partial gc" contextid="152" timestamp="2019-08-04T08:41:41.267">
  <mem-info id="154" free="2097152" total="33554432" percent="6">
    <mem type="eden" free="0" total="12582912" percent="0" />
    <remembered-set count="5824" freebytes="1318144" totalbytes="1341440" percent="98" regionsoverflowed="0" regionsstable="0" regionsrebuilding="0"/>
  </mem-info>
</gc-start>
<allocation-stats totalBytes="12575880" >
  <allocated-bytes non-tlh="0" tlh="12575880" arrayletleaf="0"/>
  <largest-consumer threadName="node-16" threadId="0000000000F21300" bytes="286696" />
</allocation-stats>
<gc-op id="155" type="sweep" timems="4.439" contextid="152" timestamp="2019-08-04T08:41:41.271" />
<gc-op id="156" type="copy forward" timems="8.937" contextid="152" timestamp="2019-08-04T08:41:41.281">
  <memory-copied type="eden" objects="3607" bytes="89176" bytesdiscarded="3046" />
  <memory-copied type="other" objects="8180" bytes="196320" bytesdiscarded="5922" />
  <memory-cardclean objects="1759" bytes="261168" />
  <remembered-set-cleared processed="2546" cleared="624" durationms="0.082" />
  <stringconstants candidates="3824" cleared="0"  />
</gc-op>
<gc-op id="157" type="classunload" timems="0.002" contextid="152" timestamp="2019-08-04T08:41:41.281">
  <classunload-info classloadercandidates="6" classloadersunloaded="0" classesunloaded="0" anonymousclassesunloaded="0" quiescems="0.000" setupms="0.002" scanms="0.000" postms="0.000" />
</gc-op>
<gc-end id="158" type="partial gc" contextid="152" durationms="15.139" usertimems="13.269" systemtimems="12.093" timestamp="2019-08-04T08:41:41.282" activeThreads="16">
  <mem-info id="159" free="18874368" total="33554432" percent="56">
    <mem type="eden" free="1900680" total="2097152" percent="90" />
    <remembered-set count="6464" freebytes="1315584" totalbytes="1341440" percent="98" regionsoverflowed="0" regionsstable="0" regionsrebuilding="0"/>
  </mem-info>
</gc-end>
<cycle-end id="160" type="partial gc" contextid="152" timestamp="2019-08-04T08:41:41.282">
  <attribute name="GC Util" value="89" />
  <attribute name="CPU Util" value="33684069908622" />
  <attribute name="Time Running"value="39065"/>
  <attribute name="Number of cores"value="16"/>
</cycle-end>
<exclusive-end id="161" timestamp="2019-08-04T08:41:41.282" durationms="15.990" />

<exclusive-start id="162" timestamp="2019-08-04T08:41:48.427" intervalms="7160.805">
  <response-info timems="0.475" idlems="0.475" threads="0" lastid="0000000000F21300" lastname="node-16" />
</exclusive-start>
<allocation-taxation id="163" taxation-threshold="14680064" timestamp="2019-08-04T08:41:48.427" intervalms="7160.796" />
<cycle-start id="164" type="partial gc" contextid="0" timestamp="2019-08-04T08:41:48.427" intervalms="7160.952" />
  <attribute name="GC Util" value="89" />
  <attribute name="CPU Util" value="33684069908622" />
  <attribute name="Time Running"value="39065"/>
  <attribute name="Number of cores"value="16"/>
<gc-start id="165" type="partial gc" contextid="164" timestamp="2019-08-04T08:41:48.428">
  <mem-info id="166" free="4194304" total="33554432" percent="12">
    <mem type="eden" free="0" total="14680064" percent="0" />
    <remembered-set count="6464" freebytes="1315584" totalbytes="1341440" percent="98" regionsoverflowed="0" regionsstable="0" regionsrebuilding="0"/>
  </mem-info>
</gc-start>
<allocation-stats totalBytes="14667880" >
  <allocated-bytes non-tlh="0" tlh="14667880" arrayletleaf="0"/>
  <largest-consumer threadName="node-14" threadId="0000000000F1D700" bytes="675592" />
</allocation-stats>
<gc-op id="167" type="copy forward" timems="8.109" contextid="164" timestamp="2019-08-04T08:41:48.437">
  <memory-copied type="eden" objects="10050" bytes="242912" bytesdiscarded="22528" />
  <memory-copied type="other" objects="7658" bytes="183792" bytesdiscarded="6960" />
  <memory-cardclean objects="1885" bytes="264528" />
  <remembered-set-cleared processed="2273" cleared="307" durationms="0.107" />
  <stringconstants candidates="3824" cleared="0"  />
</gc-op>
<gc-op id="168" type="classunload" timems="0.002" contextid="164" timestamp="2019-08-04T08:41:48.437">
  <classunload-info classloadercandidates="6" classloadersunloaded="0" classesunloaded="0" anonymousclassesunloaded="0" quiescems="0.000" setupms="0.002" scanms="0.000" postms="0.000" />
</gc-op>
<gc-end id="169" type="partial gc" contextid="164" durationms="9.963" usertimems="5.717" systemtimems="8.794" timestamp="2019-08-04T08:41:48.438" activeThreads="16">
  <mem-info id="170" free="16777216" total="33554432" percent="50">
    <mem type="eden" free="1831712" total="2097152" percent="87" />
    <remembered-set count="6560" freebytes="1315200" totalbytes="1341440" percent="98" regionsoverflowed="0" regionsstable="0" regionsrebuilding="0"/>
  </mem-info>
</gc-end>
<cycle-end id="171" type="partial gc" contextid="164" timestamp="2019-08-04T08:41:48.438">
  <attribute name="GC Util" value="89" />
  <attribute name="CPU Util" value="31406357705766" />
  <attribute name="Time Running"value="46222"/>
  <attribute name="Number of cores"value="16"/>
</cycle-end>
<exclusive-end id="172" timestamp="2019-08-04T08:41:48.439" durationms="12.058" />

<exclusive-start id="173" timestamp="2019-08-04T08:41:55.810" intervalms="7383.627">
  <response-info timems="0.022" idlems="0.022" threads="0" lastid="0000000000F19B00" lastname="node-7" />
</exclusive-start>
<allocation-taxation id="174" taxation-threshold="14680064" timestamp="2019-08-04T08:41:55.811" intervalms="7383.725" />
<cycle-start id="175" type="partial gc" contextid="0" timestamp="2019-08-04T08:41:55.811" intervalms="7383.316" />
  <attribute name="GC Util" value="89" />
  <attribute name="CPU Util" value="31406357705766" />
  <attribute name="Time Running"value="46222"/>
  <attribute name="Number of cores"value="16"/>
<gc-start id="176" type="partial gc" contextid="175" timestamp="2019-08-04T08:41:55.811">
  <mem-info id="177" free="2097152" total="33554432" percent="6">
    <mem type="eden" free="0" total="14680064" percent="0" />
    <remembered-set count="6560" freebytes="1315200" totalbytes="1341440" percent="98" regionsoverflowed="0" regionsstable="0" regionsrebuilding="0"/>
  </mem-info>
</gc-start>
<allocation-stats totalBytes="14669168" >
  <allocated-bytes non-tlh="0" tlh="14669168" arrayletleaf="0"/>
  <largest-consumer threadName="node-8" threadId="0000000000F49E00" bytes="716744" />
</allocation-stats>
<gc-op id="178" type="copy forward" timems="10.634" contextid="175" timestamp="2019-08-04T08:41:55.823">
  <memory-copied type="eden" objects="10806" bytes="261232" bytesdiscarded="15640" />
  <memory-copied type="other" objects="9909" bytes="237816" bytesdiscarded="16432" />
  <memory-cardclean objects="1914" bytes="265352" />
  <remembered-set-cleared processed="2391" cleared="341" durationms="0.209" />
  <stringconstants candidates="3824" cleared="0"  />
  <heap-resize type="expand" space="default" amount="2097152" count="1" timems="0.074" reason="continue current collection" />
</gc-op>
<gc-op id="179" type="classunload" timems="0.003" contextid="175" timestamp="2019-08-04T08:41:55.823">
  <classunload-info classloadercandidates="6" classloadersunloaded="0" classesunloaded="0" anonymousclassesunloaded="0" quiescems="0.000" setupms="0.003" scanms="0.000" postms="0.000" />
</gc-op>
<gc-end id="180" type="partial gc" contextid="175" durationms="12.421" usertimems="16.518" systemtimems="0.762" timestamp="2019-08-04T08:41:55.823" activeThreads="16">
  <mem-info id="181" free="16777216" total="35651584" percent="47">
    <mem type="eden" free="1820280" total="2097152" percent="86" />
    <remembered-set count="7712" freebytes="1394432" totalbytes="1425280" percent="97" regionsoverflowed="0" regionsstable="0" regionsrebuilding="0"/>
  </mem-info>
</gc-end>
<cycle-end id="182" type="partial gc" contextid="175" timestamp="2019-08-04T08:41:55.824">
  <attribute name="GC Util" value="48" />
  <attribute name="CPU Util" value="14837720718886" />
  <attribute name="Time Running"value="53605"/>
  <attribute name="Number of cores"value="16"/>
</cycle-end>
<exclusive-end id="183" timestamp="2019-08-04T08:41:55.824" durationms="13.259" />

<exclusive-start id="184" timestamp="2019-08-04T08:42:03.946" intervalms="8135.647">
  <response-info timems="0.036" idlems="0.036" threads="0" lastid="0000000000F30200" lastname="node-4" />
</exclusive-start>
<allocation-taxation id="185" taxation-threshold="16777216" timestamp="2019-08-04T08:42:03.946" intervalms="8135.550" />
<cycle-start id="186" type="partial gc" contextid="0" timestamp="2019-08-04T08:42:03.946" intervalms="8135.647" />
  <attribute name="GC Util" value="48" />
  <attribute name="CPU Util" value="14837720718886" />
  <attribute name="Time Running"value="53605"/>
  <attribute name="Number of cores"value="16"/>
<gc-start id="187" type="partial gc" contextid="186" timestamp="2019-08-04T08:42:03.946">
  <mem-info id="188" free="0" total="35651584" percent="0">
    <mem type="eden" free="0" total="16777216" percent="0" />
    <remembered-set count="7232" freebytes="1396352" totalbytes="1425280" percent="97" regionsoverflowed="0" regionsstable="0" regionsrebuilding="0"/>
  </mem-info>
</gc-start>
<allocation-stats totalBytes="16763736" >
  <allocated-bytes non-tlh="0" tlh="16763736" arrayletleaf="0"/>
  <largest-consumer threadName="node-9" threadId="0000000000F61100" bytes="810424" />
</allocation-stats>
<gc-op id="189" type="mark" timems="8.537" contextid="186" timestamp="2019-08-04T08:42:03.956">
  <trace-info objectcount="22381" scancount="22358" scanbytes="668840" />
  <cardclean-info objects="1923" bytes="131848" />
  <remembered-set-cleared processed="2507" cleared="351" durationms="0.094" />
  <stringconstants candidates="3824" cleared="0"  />
  <warning details="Mark invoked due to insufficient free space for Copy-Forward" />
</gc-op>
<gc-op id="190" type="classunload" timems="0.002" contextid="186" timestamp="2019-08-04T08:42:03.956">
  <classunload-info classloadercandidates="6" classloadersunloaded="0" classesunloaded="0" anonymousclassesunloaded="0" quiescems="0.000" setupms="0.002" scanms="0.000" postms="0.000" />
</gc-op>
<gc-op id="191" type="sweep" timems="2.088" contextid="186" timestamp="2019-08-04T08:42:03.958" />
<gc-op id="192" type="compact" timems="5.454" contextid="186" timestamp="2019-08-04T08:42:03.963">
  <compact-info movecount="22380" movebytes="538832" />
  <remembered-set-cleared processed="5269" cleared="897" durationms="0.094" />
</gc-op>
<gc-end id="193" type="partial gc" contextid="186" durationms="17.154" usertimems="21.706" systemtimems="8.137" timestamp="2019-08-04T08:42:03.964" activeThreads="16">
  <mem-info id="194" free="14680064" total="35651584" percent="41">
    <mem type="eden" free="1814184" total="2097152" percent="86" />
    <remembered-set count="7104" freebytes="1396864" totalbytes="1425280" percent="98" regionsoverflowed="0" regionsstable="0" regionsrebuilding="0"/>
  </mem-info>
</gc-end>
<cycle-end id="195" type="partial gc" contextid="186" timestamp="2019-08-04T08:42:03.964">
  <attribute name="GC Util" value="93" />
  <attribute name="CPU Util" value="8233183505353" />
  <attribute name="Time Running"value="61751"/>
  <attribute name="Number of cores"value="16"/>
</cycle-end>
<exclusive-end id="196" timestamp="2019-08-04T08:42:03.964" durationms="17.738" />

<exclusive-start id="197" timestamp="2019-08-04T08:42:06.772" intervalms="2826.020">
  <response-info timems="0.040" idlems="0.040" threads="0" lastid="0000000000F0AB00" lastname="node-25" />
</exclusive-start>
<allocation-taxation id="198" taxation-threshold="6291456" timestamp="2019-08-04T08:42:06.772" intervalms="2826.330" />
<cycle-start id="199" type="global mark phase" contextid="0" timestamp="2019-08-04T08:42:06.772" intervalms="34137.780" />
  <attribute name="GC Util" value="93" />
  <attribute name="CPU Util" value="8233183505353" />
  <attribute name="Time Running"value="61751"/>
  <attribute name="Number of cores"value="16"/>
<gc-start id="200" type="global mark phase" contextid="199" timestamp="2019-08-04T08:42:06.773">
  <mem-info id="201" free="8388608" total="35651584" percent="23">
    <remembered-set count="6624" freebytes="1398784" totalbytes="1425280" percent="98" regionsoverflowed="0" regionsstable="0" regionsrebuilding="0"/>
  </mem-info>
</gc-start>
<gc-op id="202" type="mark increment" timems="1.945" contextid="199" timestamp="2019-08-04T08:42:06.775">
  <trace-info objectcount="357" scancount="0" scanbytes="0" />
</gc-op>
<gc-end id="203" type="global mark phase" contextid="199" durationms="1.999" usertimems="4.852" systemtimems="0.000" timestamp="2019-08-04T08:42:06.775" activeThreads="16">
  <mem-info id="204" free="8388608" total="35651584" percent="23">
    <remembered-set count="6624" freebytes="1398784" totalbytes="1425280" percent="98" regionsoverflowed="0" regionsstable="0" regionsrebuilding="0"/>
  </mem-info>
</gc-end>
<concurrent-start id="205" type="GMP work packet processing" contextid="199" timestamp="2019-08-04T08:42:06.775">
  <concurrent-mark-start scanTarget="18446744073709551615" />
</concurrent-start>
<exclusive-end id="206" timestamp="2019-08-04T08:42:06.775" durationms="2.621" />

<concurrent-end id="207" type="GMP work packet processing" contextid="199" timestamp="2019-08-04T08:42:06.781">
  <concurrent-mark-end bytesScanned="5296836" reasonForTermination="Completed all work in GC phase" />
</concurrent-end>

<exclusive-start id="208" timestamp="2019-08-04T08:42:09.614" intervalms="2842.208">
  <response-info timems="0.206" idlems="0.206" threads="0" lastid="0000000000F49E00" lastname="node-8" />
</exclusive-start>
<allocation-taxation id="209" taxation-threshold="6291456" timestamp="2019-08-04T08:42:09.614" intervalms="2841.922" />
<cycle-start id="210" type="partial gc" contextid="0" timestamp="2019-08-04T08:42:09.615" intervalms="5668.485" />
  <attribute name="GC Util" value="275" />
  <attribute name="CPU Util" value="20828739517543" />
  <attribute name="Time Running"value="64567"/>
  <attribute name="Number of cores"value="16"/>
<gc-start id="211" type="partial gc" contextid="210" timestamp="2019-08-04T08:42:09.615">
  <mem-info id="212" free="2097152" total="35651584" percent="5">
    <mem type="eden" free="0" total="12582912" percent="0" />
    <remembered-set count="6624" freebytes="1398784" totalbytes="1425280" percent="98" regionsoverflowed="0" regionsstable="0" regionsrebuilding="0"/>
  </mem-info>
</gc-start>
<allocation-stats totalBytes="12577008" >
  <allocated-bytes non-tlh="0" tlh="12577008" arrayletleaf="0"/>
  <largest-consumer threadName="node-7" threadId="0000000000F19B00" bytes="303096" />
</allocation-stats>
<gc-op id="213" type="copy forward" timems="15.422" contextid="210" timestamp="2019-08-04T08:42:09.631">
  <memory-copied type="eden" objects="8023" bytes="191632" bytesdiscarded="29632" />
  <memory-copied type="other" objects="11579" bytes="277896" bytesdiscarded="19232" />
  <memory-cardclean objects="1868" bytes="262968" />
  <remembered-set-cleared processed="2666" cleared="397" durationms="0.079" />
  <stringconstants candidates="3824" cleared="0"  />
  <heap-resize type="expand" space="default" amount="2097152" count="1" timems="0.181" reason="continue current collection" />
</gc-op>
<gc-op id="214" type="classunload" timems="0.003" contextid="210" timestamp="2019-08-04T08:42:09.631">
  <classunload-info classloadercandidates="6" classloadersunloaded="0" classesunloaded="0" anonymousclassesunloaded="0" quiescems="0.000" setupms="0.002" scanms="0.000" postms="0.000" />
</gc-op>
<gc-end id="215" type="partial gc" contextid="210" durationms="16.403" usertimems="19.306" systemtimems="13.186" timestamp="2019-08-04T08:42:09.631" activeThreads="16">
  <mem-info id="216" free="14680064" total="37748736" percent="38">
    <mem type="eden" free="1875888" total="2097152" percent="89" />
    <remembered-set count="9248" freebytes="1472128" totalbytes="1509120" percent="97" regionsoverflowed="0" regionsstable="0" regionsrebuilding="0"/>
  </mem-info>
</gc-end>
<cycle-end id="217" type="partial gc" contextid="210" timestamp="2019-08-04T08:42:09.632">
  <attribute name="GC Util" value="156" />
  <attribute name="CPU Util" value="40731989275813" />
  <attribute name="Time Running"value="67409"/>
  <attribute name="Number of cores"value="16"/>
</cycle-end>
<exclusive-end id="218" timestamp="2019-08-04T08:42:09.632" durationms="17.339" />

<exclusive-start id="219" timestamp="2019-08-04T08:42:12.653" intervalms="3038.676">
  <response-info timems="0.360" idlems="0.360" threads="0" lastid="0000000000F30200" lastname="node-4" />
</exclusive-start>
<allocation-taxation id="220" taxation-threshold="6291456" timestamp="2019-08-04T08:42:12.653" intervalms="3038.663" />
<gc-start id="221" type="global mark phase" contextid="199" timestamp="2019-08-04T08:42:12.653">
  <mem-info id="222" free="8388608" total="37748736" percent="22">
    <remembered-set count="9248" freebytes="1472128" totalbytes="1509120" percent="97" regionsoverflowed="0" regionsstable="0" regionsrebuilding="0"/>
  </mem-info>
</gc-start>
<gc-op id="223" type="mark increment" timems="20.924" contextid="199" timestamp="2019-08-04T08:42:12.674">
  <trace-info objectcount="7790" scancount="7767" scanbytes="318752" />
  <cardclean-info objects="1754" bytes="127528" />
  <finalization candidates="18" enqueued="0" />
  <references type="soft" candidates="66" cleared="0" enqueued="0" dynamicThreshold="12" maxThreshold="32" />
  <references type="weak" candidates="165" cleared="0" enqueued="0" />
  <references type="phantom" candidates="57" cleared="0" enqueued="0" />
  <stringconstants candidates="3824" cleared="0"  />
</gc-op>
<gc-op id="224" type="classunload" timems="0.003" contextid="199" timestamp="2019-08-04T08:42:12.674">
  <classunload-info classloadercandidates="6" classloadersunloaded="0" classesunloaded="0" anonymousclassesunloaded="0" quiescems="0.000" setupms="0.003" scanms="0.000" postms="0.000" />
</gc-op>
<gc-end id="225" type="global mark phase" contextid="199" durationms="21.035" usertimems="8.802" systemtimems="20.142" timestamp="2019-08-04T08:42:12.674" activeThreads="16">
  <mem-info id="226" free="8388608" total="37748736" percent="22">
    <remembered-set count="9248" freebytes="1472128" totalbytes="1509120" percent="97" regionsoverflowed="0" regionsstable="0" regionsrebuilding="0"/>
  </mem-info>
</gc-end>
<cycle-end id="227" type="global mark phase" contextid="199" timestamp="2019-08-04T08:42:12.674">
  <attribute name="GC Util" value="115" />
  <attribute name="CPU Util" value="3956642140316" />
  <attribute name="Time Running"value="70452"/>
  <attribute name="Number of cores"value="16"/>
</cycle-end>
<exclusive-end id="228" timestamp="2019-08-04T08:42:12.674" durationms="21.526" />

<exclusive-start id="229" timestamp="2019-08-04T08:42:15.506" intervalms="2852.761">
  <response-info timems="0.123" idlems="0.095" threads="1" lastid="0000000000F55E00" lastname="node-3" />
</exclusive-start>
<allocation-taxation id="230" taxation-threshold="6291456" timestamp="2019-08-04T08:42:15.506" intervalms="2852.753" />
<cycle-start id="231" type="partial gc" contextid="0" timestamp="2019-08-04T08:42:15.506" intervalms="5891.278" />
  <attribute name="GC Util" value="115" />
  <attribute name="CPU Util" value="3956642140316" />
  <attribute name="Time Running"value="70452"/>
  <attribute name="Number of cores"value="16"/>
<gc-start id="232" type="partial gc" contextid="231" timestamp="2019-08-04T08:42:15.506">
  <mem-info id="233" free="2097152" total="37748736" percent="5">
    <mem type="eden" free="0" total="12582912" percent="0" />
    <remembered-set count="9248" freebytes="1472128" totalbytes="1509120" percent="97" regionsoverflowed="0" regionsstable="0" regionsrebuilding="0"/>
  </mem-info>
</gc-start>
<allocation-stats totalBytes="12576376" >
  <allocated-bytes non-tlh="0" tlh="12576376" arrayletleaf="0"/>
  <largest-consumer threadName="node-9" threadId="0000000000F61100" bytes="303072" />
</allocation-stats>
<gc-op id="234" type="sweep" timems="3.836" contextid="231" timestamp="2019-08-04T08:42:15.510" />
<gc-op id="235" type="copy forward" timems="22.957" contextid="231" timestamp="2019-08-04T08:42:15.537">
  <memory-copied type="eden" objects="3768" bytes="92144" bytesdiscarded="6015" />
  <memory-copied type="other" objects="7601" bytes="182424" bytesdiscarded="913" />
  <memory-cardclean objects="1784" bytes="262232" />
  <remembered-set-cleared processed="2667" cleared="741" durationms="0.097" />
  <stringconstants candidates="3824" cleared="0"  />
</gc-op>
<gc-op id="236" type="classunload" timems="0.002" contextid="231" timestamp="2019-08-04T08:42:15.537">
  <classunload-info classloadercandidates="6" classloadersunloaded="0" classesunloaded="0" anonymousclassesunloaded="0" quiescems="0.000" setupms="0.002" scanms="0.000" postms="0.000" />
</gc-op>
<gc-end id="237" type="partial gc" contextid="231" durationms="31.077" usertimems="18.109" systemtimems="20.822" timestamp="2019-08-04T08:42:15.537" activeThreads="16">
  <mem-info id="238" free="23068672" total="37748736" percent="61">
    <mem type="eden" free="1907744" total="2097152" percent="90" />
    <remembered-set count="5376" freebytes="1487616" totalbytes="1509120" percent="98" regionsoverflowed="0" regionsstable="0" regionsrebuilding="0"/>
  </mem-info>
</gc-end>
<cycle-end id="239" type="partial gc" contextid="231" timestamp="2019-08-04T08:42:15.537">
  <attribute name="GC Util" value="45" />
  <attribute name="CPU Util" value="4755713994684" />
  <attribute name="Time Running"value="73307"/>
  <attribute name="Number of cores"value="16"/>
</cycle-end>
<exclusive-end id="240" timestamp="2019-08-04T08:42:15.538" durationms="31.962" />

<exclusive-start id="241" timestamp="2019-08-04T08:42:24.078" intervalms="8571.819">
  <response-info timems="0.788" idlems="0.668" threads="1" lastid="0000000000F03400" lastname="node-10" />
</exclusive-start>
<allocation-taxation id="242" taxation-threshold="16777216" timestamp="2019-08-04T08:42:24.078" intervalms="8571.927" />
<cycle-start id="243" type="partial gc" contextid="0" timestamp="2019-08-04T08:42:24.078" intervalms="8571.868" />
  <attribute name="GC Util" value="45" />
  <attribute name="CPU Util" value="4755713994684" />
  <attribute name="Time Running"value="73307"/>
  <attribute name="Number of cores"value="16"/>
<gc-start id="244" type="partial gc" contextid="243" timestamp="2019-08-04T08:42:24.079">
  <mem-info id="245" free="6291456" total="37748736" percent="16">
    <mem type="eden" free="0" total="16777216" percent="0" />
    <remembered-set count="4896" freebytes="1489536" totalbytes="1509120" percent="98" regionsoverflowed="0" regionsstable="0" regionsrebuilding="0"/>
  </mem-info>
</gc-start>
<allocation-stats totalBytes="16768544" >
  <allocated-bytes non-tlh="0" tlh="16768544" arrayletleaf="0"/>
  <largest-consumer threadName="node-9" threadId="0000000000F61100" bytes="810880" />
</allocation-stats>
<gc-op id="246" type="copy forward" timems="12.167" contextid="243" timestamp="2019-08-04T08:42:24.092">
  <memory-copied type="eden" objects="12474" bytes="301144" bytesdiscarded="19880" />
  <memory-copied type="other" objects="7392" bytes="177408" bytesdiscarded="12168" />
  <memory-cardclean objects="1895" bytes="264896" />
  <remembered-set-cleared processed="2273" cleared="312" durationms="0.068" />
  <stringconstants candidates="3824" cleared="0"  />
</gc-op>
<gc-op id="247" type="classunload" timems="0.002" contextid="243" timestamp="2019-08-04T08:42:24.092">
  <classunload-info classloadercandidates="6" classloadersunloaded="0" classesunloaded="0" anonymousclassesunloaded="0" quiescems="0.000" setupms="0.002" scanms="0.000" postms="0.000" />
</gc-op>
<gc-end id="248" type="partial gc" contextid="243" durationms="13.983" usertimems="15.694" systemtimems="8.232" timestamp="2019-08-04T08:42:24.093" activeThreads="16">
  <mem-info id="249" free="20971520" total="37748736" percent="55">
    <mem type="eden" free="1776128" total="2097152" percent="84" />
    <remembered-set count="8000" freebytes="1477120" totalbytes="1509120" percent="97" regionsoverflowed="0" regionsstable="0" regionsrebuilding="0"/>
  </mem-info>
</gc-end>
<cycle-end id="250" type="partial gc" contextid="243" timestamp="2019-08-04T08:42:24.093">
  <attribute name="GC Util" value="62" />
  <attribute name="CPU Util" value="18216109858748" />
  <attribute name="Time Running"value="81873"/>
  <attribute name="Number of cores"value="16"/>
</cycle-end>
<exclusive-end id="251" timestamp="2019-08-04T08:42:24.093" durationms="15.344" />

<exclusive-start id="252" timestamp="2019-08-04T08:42:27.720" intervalms="3642.065">
  <response-info timems="0.064" idlems="0.064" threads="0" lastid="0000000000F12300" lastname="node-15" />
</exclusive-start>
<allocation-taxation id="253" taxation-threshold="8388608" timestamp="2019-08-04T08:42:27.720" intervalms="3641.963" />
<cycle-start id="254" type="global mark phase" contextid="0" timestamp="2019-08-04T08:42:27.720" intervalms="20947.208" />
  <attribute name="GC Util" value="62" />
  <attribute name="CPU Util" value="18216109858748" />
  <attribute name="Time Running"value="81873"/>
  <attribute name="Number of cores"value="16"/>
<gc-start id="255" type="global mark phase" contextid="254" timestamp="2019-08-04T08:42:27.720">
  <mem-info id="256" free="12582912" total="37748736" percent="33">
    <remembered-set count="8000" freebytes="1477120" totalbytes="1509120" percent="97" regionsoverflowed="0" regionsstable="0" regionsrebuilding="0"/>
  </mem-info>
</gc-start>
<gc-op id="257" type="mark increment" timems="4.805" contextid="254" timestamp="2019-08-04T08:42:27.725">
  <trace-info objectcount="357" scancount="0" scanbytes="0" />
</gc-op>
<gc-end id="258" type="global mark phase" contextid="254" durationms="4.861" usertimems="0.479" systemtimems="4.885" timestamp="2019-08-04T08:42:27.725" activeThreads="16">
  <mem-info id="259" free="12582912" total="37748736" percent="33">
    <remembered-set count="8000" freebytes="1477120" totalbytes="1509120" percent="97" regionsoverflowed="0" regionsstable="0" regionsrebuilding="0"/>
  </mem-info>
</gc-end>
<concurrent-start id="260" type="GMP work packet processing" contextid="254" timestamp="2019-08-04T08:42:27.725">
  <concurrent-mark-start scanTarget="16383382" />
</concurrent-start>
<exclusive-end id="261" timestamp="2019-08-04T08:42:27.725" durationms="5.158" />

<concurrent-end id="262" type="GMP work packet processing" contextid="254" timestamp="2019-08-04T08:42:27.738">
  <concurrent-mark-end bytesScanned="5288564" reasonForTermination="Completed all work in GC phase" />
</concurrent-end>

<exclusive-start id="263" timestamp="2019-08-04T08:42:31.897" intervalms="4177.360">
  <response-info timems="0.292" idlems="0.292" threads="0" lastid="0000000000F49E00" lastname="node-8" />
</exclusive-start>
<allocation-taxation id="264" taxation-threshold="8388608" timestamp="2019-08-04T08:42:31.897" intervalms="4177.437" />
<cycle-start id="265" type="partial gc" contextid="0" timestamp="2019-08-04T08:42:31.898" intervalms="7819.627" />
  <attribute name="GC Util" value="253" />
  <attribute name="CPU Util" value="16933203494800" />
  <attribute name="Time Running"value="85517"/>
  <attribute name="Number of cores"value="16"/>
<gc-start id="266" type="partial gc" contextid="265" timestamp="2019-08-04T08:42:31.898">
  <mem-info id="267" free="4194304" total="37748736" percent="11">
    <mem type="eden" free="0" total="16777216" percent="0" />
    <remembered-set count="8000" freebytes="1477120" totalbytes="1509120" percent="97" regionsoverflowed="0" regionsstable="0" regionsrebuilding="0"/>
  </mem-info>
</gc-start>
<allocation-stats totalBytes="16770456" >
  <allocated-bytes non-tlh="0" tlh="16770456" arrayletleaf="0"/>
  <largest-consumer threadName="node-21" threadId="0000000000F24F00" bytes="409560" />
</allocation-stats>
<gc-op id="268" type="copy forward" timems="14.247" contextid="265" timestamp="2019-08-04T08:42:31.913">
  <memory-copied type="eden" objects="9701" bytes="234536" bytesdiscarded="16168" />
  <memory-copied type="other" objects="12327" bytes="295848" bytesdiscarded="6664" />
  <memory-cardclean objects="1937" bytes="265904" />
  <remembered-set-cleared processed="2413" cleared="365" durationms="0.440" />
  <stringconstants candidates="3824" cleared="0"  />
  <heap-resize type="expand" space="default" amount="2097152" count="1" timems="0.077" reason="continue current collection" />
</gc-op>
<gc-op id="269" type="classunload" timems="0.004" contextid="265" timestamp="2019-08-04T08:42:31.913">
  <classunload-info classloadercandidates="6" classloadersunloaded="0" classesunloaded="0" anonymousclassesunloaded="0" quiescems="0.000" setupms="0.004" scanms="0.000" postms="0.000" />
</gc-op>
<gc-end id="270" type="partial gc" contextid="265" durationms="15.851" usertimems="12.251" systemtimems="18.215" timestamp="2019-08-04T08:42:31.914" activeThreads="16">
  <mem-info id="271" free="18874368" total="39845888" percent="47">
    <mem type="eden" free="3943600" total="4194304" percent="94" />
    <remembered-set count="9312" freebytes="1555712" totalbytes="1592960" percent="97" regionsoverflowed="0" regionsstable="0" regionsrebuilding="0"/>
  </mem-info>
</gc-end>
<cycle-end id="272" type="partial gc" contextid="265" timestamp="2019-08-04T08:42:31.914">
  <attribute name="GC Util" value="137" />
  <attribute name="CPU Util" value="31213451429847" />
  <attribute name="Time Running"value="89692"/>
  <attribute name="Number of cores"value="16"/>
</cycle-end>
<exclusive-end id="273" timestamp="2019-08-04T08:42:31.914" durationms="17.123" />

<exclusive-start id="274" timestamp="2019-08-04T08:42:35.855" intervalms="3957.860">
  <response-info timems="0.652" idlems="0.652" threads="0" lastid="0000000000F2C700" lastname="node-0" />
</exclusive-start>
<allocation-taxation id="275" taxation-threshold="8388608" timestamp="2019-08-04T08:42:35.855" intervalms="3957.802" />
<gc-start id="276" type="global mark phase" contextid="254" timestamp="2019-08-04T08:42:35.855">
  <mem-info id="277" free="10485760" total="39845888" percent="26">
    <remembered-set count="9312" freebytes="1555712" totalbytes="1592960" percent="97" regionsoverflowed="0" regionsstable="0" regionsrebuilding="0"/>
  </mem-info>
</gc-start>
<gc-op id="278" type="mark increment" timems="9.822" contextid="254" timestamp="2019-08-04T08:42:35.865">
  <trace-info objectcount="10743" scancount="10720" scanbytes="389528" />
  <cardclean-info objects="1808" bytes="129328" />
  <finalization candidates="18" enqueued="0" />
  <references type="soft" candidates="66" cleared="0" enqueued="0" dynamicThreshold="15" maxThreshold="32" />
  <references type="weak" candidates="165" cleared="0" enqueued="0" />
  <references type="phantom" candidates="57" cleared="0" enqueued="0" />
  <stringconstants candidates="3824" cleared="0"  />
</gc-op>
<gc-op id="279" type="classunload" timems="0.003" contextid="254" timestamp="2019-08-04T08:42:35.865">
  <classunload-info classloadercandidates="6" classloadersunloaded="0" classesunloaded="0" anonymousclassesunloaded="0" quiescems="0.000" setupms="0.002" scanms="0.000" postms="0.000" />
</gc-op>
<gc-end id="280" type="global mark phase" contextid="254" durationms="9.960" usertimems="8.034" systemtimems="10.999" timestamp="2019-08-04T08:42:35.865" activeThreads="16">
  <mem-info id="281" free="10485760" total="39845888" percent="26">
    <remembered-set count="9312" freebytes="1555712" totalbytes="1592960" percent="97" regionsoverflowed="0" regionsstable="0" regionsrebuilding="0"/>
  </mem-info>
</gc-end>
<cycle-end id="282" type="global mark phase" contextid="254" timestamp="2019-08-04T08:42:35.865">
  <attribute name="GC Util" value="97" />
  <attribute name="CPU Util" value="10157495968080" />
  <attribute name="Time Running"value="93651"/>
  <attribute name="Number of cores"value="16"/>
</cycle-end>
<exclusive-end id="283" timestamp="2019-08-04T08:42:35.865" durationms="10.285" />

<exclusive-start id="284" timestamp="2019-08-04T08:42:39.473" intervalms="3618.346">
  <response-info timems="0.027" idlems="0.027" threads="0" lastid="0000000000F28B00" lastname="node-11" />
</exclusive-start>
<allocation-taxation id="285" taxation-threshold="8388608" timestamp="2019-08-04T08:42:39.473" intervalms="3618.504" />
<cycle-start id="286" type="partial gc" contextid="0" timestamp="2019-08-04T08:42:39.474" intervalms="7575.996" />
  <attribute name="GC Util" value="97" />
  <attribute name="CPU Util" value="10157495968080" />
  <attribute name="Time Running"value="93651"/>
  <attribute name="Number of cores"value="16"/>
<gc-start id="287" type="partial gc" contextid="286" timestamp="2019-08-04T08:42:39.474">
  <mem-info id="288" free="2097152" total="39845888" percent="5">
    <mem type="eden" free="0" total="16777216" percent="0" />
    <remembered-set count="9312" freebytes="1555712" totalbytes="1592960" percent="97" regionsoverflowed="0" regionsstable="0" regionsrebuilding="0"/>
  </mem-info>
</gc-start>
<allocation-stats totalBytes="16767240" >
  <allocated-bytes non-tlh="0" tlh="16767240" arrayletleaf="0"/>
  <largest-consumer threadName="node-9" threadId="0000000000F61100" bytes="409584" />
</allocation-stats>
<gc-op id="289" type="sweep" timems="2.951" contextid="286" timestamp="2019-08-04T08:42:39.477" />
<gc-op id="290" type="copy forward" timems="18.550" contextid="286" timestamp="2019-08-04T08:42:39.497">
  <memory-copied type="eden" objects="4988" bytes="121424" bytesdiscarded="18509" />
  <memory-copied type="other" objects="10550" bytes="253200" bytesdiscarded="2595" />
  <memory-cardclean objects="1831" bytes="263360" />
  <remembered-set-cleared processed="2495" cleared="569" durationms="0.680" />
  <stringconstants candidates="3824" cleared="0"  />
</gc-op>
<gc-op id="291" type="classunload" timems="0.004" contextid="286" timestamp="2019-08-04T08:42:39.497">
  <classunload-info classloadercandidates="6" classloadersunloaded="0" classesunloaded="0" anonymousclassesunloaded="0" quiescems="0.000" setupms="0.004" scanms="0.000" postms="0.000" />
</gc-op>
<heap-resize id="292" type="contract" space="default" amount="2097152" count="1" timems="0.159" reason="excess free space following gc" timestamp="2019-08-04T08:42:39.498" />
<gc-end id="293" type="partial gc" contextid="286" durationms="23.993" usertimems="21.124" systemtimems="28.881" timestamp="2019-08-04T08:42:39.498" activeThreads="16">
  <mem-info id="294" free="23068672" total="37748736" percent="61">
    <mem type="eden" free="1818080" total="2097152" percent="86" />
    <remembered-set count="8448" freebytes="1559168" totalbytes="1592960" percent="97" regionsoverflowed="0" regionsstable="0" regionsrebuilding="0"/>
  </mem-info>
</gc-end>
<cycle-end id="295" type="partial gc" contextid="286" timestamp="2019-08-04T08:42:39.498">
  <attribute name="GC Util" value="81" />
  <attribute name="CPU Util" value="12555946113395" />
  <attribute name="Time Running"value="97271"/>
  <attribute name="Number of cores"value="16"/>
</cycle-end>
<exclusive-end id="296" timestamp="2019-08-04T08:42:39.498" durationms="24.980" />

<exclusive-start id="297" timestamp="2019-08-04T08:42:48.255" intervalms="8781.544">
  <response-info timems="0.307" idlems="0.307" threads="0" lastid="0000000000F03400" lastname="node-10" />
</exclusive-start>
<allocation-taxation id="298" taxation-threshold="16777216" timestamp="2019-08-04T08:42:48.255" intervalms="8781.361" />
<cycle-start id="299" type="partial gc" contextid="0" timestamp="2019-08-04T08:42:48.255" intervalms="8781.808" />
  <attribute name="GC Util" value="81" />
  <attribute name="CPU Util" value="12555946113395" />
  <attribute name="Time Running"value="97271"/>
  <attribute name="Number of cores"value="16"/>
<gc-start id="300" type="partial gc" contextid="299" timestamp="2019-08-04T08:42:48.256">
  <mem-info id="301" free="6291456" total="37748736" percent="16">
    <mem type="eden" free="0" total="16777216" percent="0" />
    <remembered-set count="8448" freebytes="1559168" totalbytes="1592960" percent="97" regionsoverflowed="0" regionsstable="0" regionsrebuilding="0"/>
  </mem-info>
</gc-start>
<allocation-stats totalBytes="16766784" >
  <allocated-bytes non-tlh="0" tlh="16766784" arrayletleaf="0"/>
  <largest-consumer threadName="node-21" threadId="0000000000F24F00" bytes="765880" />
</allocation-stats>
<gc-op id="302" type="copy forward" timems="13.768" contextid="299" timestamp="2019-08-04T08:42:48.271">
  <memory-copied type="eden" objects="12152" bytes="290728" bytesdiscarded="22904" />
  <memory-copied type="other" objects="10600" bytes="254400" bytesdiscarded="10544" />
  <memory-cardclean objects="2042" bytes="278800" />
  <remembered-set-cleared processed="2254" cleared="359" durationms="0.461" />
  <stringconstants candidates="3824" cleared="0"  />
</gc-op>
<gc-op id="303" type="classunload" timems="0.002" contextid="299" timestamp="2019-08-04T08:42:48.271">
  <classunload-info classloadercandidates="6" classloadersunloaded="0" classesunloaded="0" anonymousclassesunloaded="0" quiescems="0.000" setupms="0.002" scanms="0.000" postms="0.000" />
</gc-op>
<gc-end id="304" type="partial gc" contextid="299" durationms="16.002" usertimems="9.778" systemtimems="16.822" timestamp="2019-08-04T08:42:48.272" activeThreads="16">
  <mem-info id="305" free="20971520" total="37748736" percent="55">
    <mem type="eden" free="1783520" total="2097152" percent="85" />
    <remembered-set count="7648" freebytes="1478528" totalbytes="1509120" percent="97" regionsoverflowed="0" regionsstable="0" regionsrebuilding="0"/>
  </mem-info>
</gc-end>
<cycle-end id="306" type="partial gc" contextid="299" timestamp="2019-08-04T08:42:48.272">
  <attribute name="GC Util" value="67" />
  <attribute name="CPU Util" value="10877637709053" />
  <attribute name="Time Running"value="106050"/>
  <attribute name="Number of cores"value="16"/>
</cycle-end>
<exclusive-end id="307" timestamp="2019-08-04T08:42:48.272" durationms="17.088" />

<exclusive-start id="308" timestamp="2019-08-04T08:42:52.042" intervalms="3786.956">
  <response-info timems="0.024" idlems="0.024" threads="0" lastid="0000000000F28B00" lastname="node-11" />
</exclusive-start>
<allocation-taxation id="309" taxation-threshold="8388608" timestamp="2019-08-04T08:42:52.042" intervalms="3787.155" />
<cycle-start id="310" type="global mark phase" contextid="0" timestamp="2019-08-04T08:42:52.042" intervalms="24322.243" />
  <attribute name="GC Util" value="67" />
  <attribute name="CPU Util" value="10877637709053" />
  <attribute name="Time Running"value="106050"/>
  <attribute name="Number of cores"value="16"/>
<gc-start id="311" type="global mark phase" contextid="310" timestamp="2019-08-04T08:42:52.042">
  <mem-info id="312" free="12582912" total="37748736" percent="33">
    <remembered-set count="7232" freebytes="1480192" totalbytes="1509120" percent="98" regionsoverflowed="0" regionsstable="0" regionsrebuilding="0"/>
  </mem-info>
</gc-start>
<gc-op id="313" type="mark increment" timems="3.876" contextid="310" timestamp="2019-08-04T08:42:52.046">
  <trace-info objectcount="414" scancount="0" scanbytes="0" />
</gc-op>
<gc-end id="314" type="global mark phase" contextid="310" durationms="3.971" usertimems="6.497" systemtimems="1.028" timestamp="2019-08-04T08:42:52.046" activeThreads="16">
  <mem-info id="315" free="12582912" total="37748736" percent="33">
    <remembered-set count="7232" freebytes="1480192" totalbytes="1509120" percent="98" regionsoverflowed="0" regionsstable="0" regionsrebuilding="0"/>
  </mem-info>
</gc-end>
<concurrent-start id="316" type="GMP work packet processing" contextid="310" timestamp="2019-08-04T08:42:52.046">
  <concurrent-mark-start scanTarget="15783846" />
</concurrent-start>
<exclusive-end id="317" timestamp="2019-08-04T08:42:52.046" durationms="4.489" />

<concurrent-end id="318" type="GMP work packet processing" contextid="310" timestamp="2019-08-04T08:42:52.053">
  <concurrent-mark-end bytesScanned="5278052" reasonForTermination="Completed all work in GC phase" />
</concurrent-end>

<exclusive-start id="319" timestamp="2019-08-04T08:42:56.257" intervalms="4215.866">
  <response-info timems="0.955" idlems="0.955" threads="0" lastid="0000000000F0AB00" lastname="node-25" />
</exclusive-start>
<allocation-taxation id="320" taxation-threshold="8388608" timestamp="2019-08-04T08:42:56.258" intervalms="4215.701" />
<cycle-start id="321" type="partial gc" contextid="0" timestamp="2019-08-04T08:42:56.258" intervalms="8002.758" />
  <attribute name="GC Util" value="319" />
  <attribute name="CPU Util" value="12567562748632" />
  <attribute name="Time Running"value="109839"/>
  <attribute name="Number of cores"value="16"/>
<gc-start id="322" type="partial gc" contextid="321" timestamp="2019-08-04T08:42:56.258">
  <mem-info id="323" free="4194304" total="37748736" percent="11">
    <mem type="eden" free="0" total="16777216" percent="0" />
    <remembered-set count="7232" freebytes="1480192" totalbytes="1509120" percent="98" regionsoverflowed="0" regionsstable="0" regionsrebuilding="0"/>
  </mem-info>
</gc-start>
<allocation-stats totalBytes="16764640" >
  <allocated-bytes non-tlh="0" tlh="16764640" arrayletleaf="0"/>
  <largest-consumer threadName="node-9" threadId="0000000000F61100" bytes="421096" />
</allocation-stats>
<gc-op id="324" type="copy forward" timems="18.733" contextid="321" timestamp="2019-08-04T08:42:56.278">
  <memory-copied type="eden" objects="11176" bytes="272720" bytesdiscarded="10712" />
  <memory-copied type="other" objects="12037" bytes="288888" bytesdiscarded="8200" />
  <memory-cardclean objects="1950" bytes="266216" />
  <remembered-set-cleared processed="2424" cleared="344" durationms="0.075" />
  <stringconstants candidates="3824" cleared="0"  />
</gc-op>
<gc-op id="325" type="classunload" timems="0.002" contextid="321" timestamp="2019-08-04T08:42:56.279">
  <classunload-info classloadercandidates="6" classloadersunloaded="0" classesunloaded="0" anonymousclassesunloaded="0" quiescems="0.000" setupms="0.002" scanms="0.000" postms="0.000" />
</gc-op>
<gc-end id="326" type="partial gc" contextid="321" durationms="20.423" usertimems="19.022" systemtimems="21.280" timestamp="2019-08-04T08:42:56.279" activeThreads="16">
  <mem-info id="327" free="18874368" total="37748736" percent="50">
    <mem type="eden" free="1813720" total="2097152" percent="86" />
    <remembered-set count="7040" freebytes="1480960" totalbytes="1509120" percent="98" regionsoverflowed="0" regionsstable="0" regionsrebuilding="0"/>
  </mem-info>
</gc-end>
<cycle-end id="328" type="partial gc" contextid="321" timestamp="2019-08-04T08:42:56.279">
  <attribute name="GC Util" value="135" />
  <attribute name="CPU Util" value="30330461442544" />
  <attribute name="Time Running"value="114052"/>
  <attribute name="Number of cores"value="16"/>
</cycle-end>
<exclusive-end id="329" timestamp="2019-08-04T08:42:56.279" durationms="21.996" />

<exclusive-start id="330" timestamp="2019-08-04T08:43:00.312" intervalms="4054.757">
  <response-info timems="0.084" idlems="0.084" threads="0" lastid="0000000000F61100" lastname="node-9" />
</exclusive-start>
<allocation-taxation id="331" taxation-threshold="8388608" timestamp="2019-08-04T08:43:00.312" intervalms="4054.796" />
<gc-start id="332" type="global mark phase" contextid="310" timestamp="2019-08-04T08:43:00.313">
  <mem-info id="333" free="10485760" total="37748736" percent="27">
    <remembered-set count="6688" freebytes="1482368" totalbytes="1509120" percent="98" regionsoverflowed="0" regionsstable="0" regionsrebuilding="0"/>
  </mem-info>
</gc-start>
<gc-op id="334" type="mark increment" timems="9.892" contextid="310" timestamp="2019-08-04T08:43:00.322">
  <trace-info objectcount="11933" scancount="11909" scanbytes="418128" />
  <cardclean-info objects="1894" bytes="139896" />
  <finalization candidates="18" enqueued="0" />
  <references type="soft" candidates="66" cleared="0" enqueued="0" dynamicThreshold="16" maxThreshold="32" />
  <references type="weak" candidates="165" cleared="0" enqueued="0" />
  <references type="phantom" candidates="57" cleared="0" enqueued="0" />
  <stringconstants candidates="3824" cleared="0"  />
</gc-op>
<gc-op id="335" type="classunload" timems="0.004" contextid="310" timestamp="2019-08-04T08:43:00.323">
  <classunload-info classloadercandidates="6" classloadersunloaded="0" classesunloaded="0" anonymousclassesunloaded="0" quiescems="0.000" setupms="0.003" scanms="0.000" postms="0.000" />
</gc-op>
<gc-end id="336" type="global mark phase" contextid="310" durationms="10.049" usertimems="11.924" systemtimems="5.496" timestamp="2019-08-04T08:43:00.323" activeThreads="16">
  <mem-info id="337" free="10485760" total="37748736" percent="27">
    <remembered-set count="6688" freebytes="1482368" totalbytes="1509120" percent="98" regionsoverflowed="0" regionsstable="0" regionsrebuilding="0"/>
  </mem-info>
</gc-end>
<cycle-end id="338" type="global mark phase" contextid="310" timestamp="2019-08-04T08:43:00.323">
  <attribute name="GC Util" value="93" />
  <attribute name="CPU Util" value="9484143261185" />
  <attribute name="Time Running"value="118108"/>
  <attribute name="Number of cores"value="16"/>
</cycle-end>
<exclusive-end id="339" timestamp="2019-08-04T08:43:00.323" durationms="10.638" />

===== DaCapo 9.12-MR1 avrora PASSED in 117962 msec =====
<exclusive-start id="340" timestamp="2019-08-04T08:43:00.819" intervalms="506.815">
  <response-info timems="0.245" idlems="0.245" threads="0" lastid="0000000000C1FF00" lastname="main" />
</exclusive-start>
<allocation-taxation id="341" taxation-threshold="8388608" timestamp="2019-08-04T08:43:00.819" intervalms="506.930" />
<cycle-start id="342" type="partial gc" contextid="0" timestamp="2019-08-04T08:43:00.819" intervalms="4561.304" />
  <attribute name="GC Util" value="93" />
  <attribute name="CPU Util" value="9484143261185" />
  <attribute name="Time Running"value="118108"/>
  <attribute name="Number of cores"value="16"/>
<gc-start id="343" type="partial gc" contextid="342" timestamp="2019-08-04T08:43:00.820">
  <mem-info id="344" free="2097152" total="37748736" percent="5">
    <mem type="eden" free="0" total="16777216" percent="0" />
    <remembered-set count="6688" freebytes="1482368" totalbytes="1509120" percent="98" regionsoverflowed="0" regionsstable="0" regionsrebuilding="0"/>
  </mem-info>
</gc-start>
<allocation-stats totalBytes="16745272" >
  <allocated-bytes non-tlh="60576" tlh="16684696" arrayletleaf="0"/>
  <largest-consumer threadName="main" threadId="0000000000C1FF00" bytes="6682904" />
</allocation-stats>
<gc-op id="345" type="sweep" timems="2.846" contextid="342" timestamp="2019-08-04T08:43:00.823" />
<gc-op id="346" type="copy forward" timems="27.286" contextid="342" timestamp="2019-08-04T08:43:00.851">
  <memory-copied type="eden" objects="498" bytes="170992" bytesdiscarded="10209" />
  <memory-copied type="other" objects="11847" bytes="283928" bytesdiscarded="3639" />
  <memory-cardclean objects="2129" bytes="279136" />
  <remembered-set-cleared processed="2525" cleared="638" durationms="0.081" />
  <finalization candidates="1" enqueued="1" />
  <references type="soft" candidates="1" cleared="0" enqueued="0" dynamicThreshold="8" maxThreshold="32" />
  <references type="weak" candidates="16" cleared="15" enqueued="15" />
  <references type="phantom" candidates="15" cleared="11" enqueued="11" />
  <stringconstants candidates="3836" cleared="0"  />
</gc-op>
<gc-op id="347" type="classunload" timems="0.003" contextid="342" timestamp="2019-08-04T08:43:00.851">
  <classunload-info classloadercandidates="6" classloadersunloaded="0" classesunloaded="0" anonymousclassesunloaded="0" quiescems="0.000" setupms="0.003" scanms="0.000" postms="0.000" />
</gc-op>
<gc-end id="348" type="partial gc" contextid="342" durationms="31.747" usertimems="20.027" systemtimems="27.898" timestamp="2019-08-04T08:43:00.851" activeThreads="16">
  <mem-info id="349" free="23068672" total="37748736" percent="61">
    <mem type="eden" free="1771608" total="2097152" percent="84" />
    <pending-finalizers system="1" default="0" reference="26" classloader="0" />
    <remembered-set count="7776" freebytes="1478016" totalbytes="1509120" percent="97" regionsoverflowed="0" regionsstable="0" regionsrebuilding="0"/>
  </mem-info>
</gc-end>
<cycle-end id="350" type="partial gc" contextid="342" timestamp="2019-08-04T08:43:00.852">
  <attribute name="GC Util" value="113" />
  <attribute name="CPU Util" value="22439984039285" />
  <attribute name="Time Running"value="118616"/>
  <attribute name="Number of cores"value="16"/>
</cycle-end>
<exclusive-end id="351" timestamp="2019-08-04T08:43:00.852" durationms="32.772" />

WARNING: An illegal reflective access operation has occurred
WARNING: Illegal reflective access by com.google.common.base.internal.Finalizer (file:/./scratch/jar/guava-r07.jar) to field java.lang.Thread.inheritableThreadLocals
WARNING: Please consider reporting this to the maintainers of com.google.common.base.internal.Finalizer
WARNING: Use --illegal-access=warn to enable warnings of further illegal reflective access operations
WARNING: All illegal access operations will be denied in a future release
<exclusive-start id="352" timestamp="2019-08-04T08:43:01.139" intervalms="320.019">
  <response-info timems="0.018" idlems="0.018" threads="0" lastid="0000000000C1FF00" lastname="main" />
</exclusive-start>
<allocation-taxation id="353" taxation-threshold="8388608" timestamp="2019-08-04T08:43:01.139" intervalms="319.810" />
<cycle-start id="354" type="global mark phase" contextid="0" timestamp="2019-08-04T08:43:01.139" intervalms="9097.284" />
  <attribute name="GC Util" value="113" />
  <attribute name="CPU Util" value="22439984039285" />
  <attribute name="Time Running"value="118616"/>
  <attribute name="Number of cores"value="16"/>
<gc-start id="355" type="global mark phase" contextid="354" timestamp="2019-08-04T08:43:01.139">
  <mem-info id="356" free="14680064" total="37748736" percent="38">
    <remembered-set count="7360" freebytes="1479680" totalbytes="1509120" percent="98" regionsoverflowed="0" regionsstable="0" regionsrebuilding="0"/>
  </mem-info>
</gc-start>
<gc-op id="357" type="mark increment" timems="3.570" contextid="354" timestamp="2019-08-04T08:43:01.143">
  <trace-info objectcount="23005" scancount="17841" scanbytes="613716" />
</gc-op>
<gc-end id="358" type="global mark phase" contextid="354" durationms="3.611" usertimems="7.741" systemtimems="0.000" timestamp="2019-08-04T08:43:01.143" activeThreads="16">
  <mem-info id="359" free="14680064" total="37748736" percent="38">
    <remembered-set count="7360" freebytes="1479680" totalbytes="1509120" percent="98" regionsoverflowed="0" regionsstable="0" regionsrebuilding="0"/>
  </mem-info>
</gc-end>
<exclusive-end id="360" timestamp="2019-08-04T08:43:01.143" durationms="4.012" />

<exclusive-start id="361" timestamp="2019-08-04T08:43:02.662" intervalms="1522.527">
  <response-info timems="0.050" idlems="0.050" threads="0" lastid="0000000000C1FF00" lastname="main" />
</exclusive-start>
<allocation-taxation id="362" taxation-threshold="8388608" timestamp="2019-08-04T08:43:02.662" intervalms="1522.557" />
<cycle-start id="363" type="partial gc" contextid="0" timestamp="2019-08-04T08:43:02.662" intervalms="1842.376" />
  <attribute name="GC Util" value="146" />
  <attribute name="CPU Util" value="23287138804310" />
  <attribute name="Time Running"value="118934"/>
  <attribute name="Number of cores"value="16"/>
<gc-start id="364" type="partial gc" contextid="363" timestamp="2019-08-04T08:43:02.662">
  <mem-info id="365" free="6291456" total="37748736" percent="16">
    <mem type="eden" free="0" total="16777216" percent="0" />
    <remembered-set count="7360" freebytes="1479680" totalbytes="1509120" percent="98" regionsoverflowed="0" regionsstable="0" regionsrebuilding="0"/>
  </mem-info>
</gc-start>
<allocation-stats totalBytes="16757768" >
  <allocated-bytes non-tlh="716528" tlh="16041240" arrayletleaf="0"/>
  <largest-consumer threadName="main" threadId="0000000000C1FF00" bytes="8379912" />
</allocation-stats>
<gc-op id="366" type="copy forward" timems="11.657" contextid="363" timestamp="2019-08-04T08:43:02.675">
  <memory-copied type="eden" objects="25295" bytes="1603592" bytesdiscarded="236800" />
  <memory-copied type="other" objects="6346" bytes="155288" bytesdiscarded="12056" />
  <memory-cardclean objects="1516" bytes="263648" />
  <remembered-set-cleared processed="2302" cleared="292" durationms="0.118" />
  <finalization candidates="49" enqueued="1" />
  <ownableSynchronizers candidates="17" cleared="0" />
  <references type="soft" candidates="567" cleared="0" enqueued="0" dynamicThreshold="12" maxThreshold="32" />
  <references type="weak" candidates="1961" cleared="539" enqueued="417" />
  <references type="phantom" candidates="47" cleared="9" enqueued="9" />
  <stringconstants candidates="6519" cleared="0"  />
</gc-op>
<gc-op id="367" type="classunload" timems="0.006" contextid="363" timestamp="2019-08-04T08:43:02.675">
  <classunload-info classloadercandidates="11" classloadersunloaded="0" classesunloaded="0" anonymousclassesunloaded="0" quiescems="0.000" setupms="0.006" scanms="0.000" postms="0.000" />
</gc-op>
<heap-resize id="368" type="contract" space="default" amount="2097152" count="1" timems="0.188" reason="insufficient time being spent in gc" timestamp="2019-08-04T08:43:02.675" />
<gc-end id="369" type="partial gc" contextid="363" durationms="13.067" usertimems="31.560" systemtimems="0.000" timestamp="2019-08-04T08:43:02.675" activeThreads="16">
  <mem-info id="370" free="18874368" total="35651584" percent="52">
    <mem type="eden" free="255904" total="2097152" percent="12" />
    <pending-finalizers system="1" default="0" reference="426" classloader="0" />
    <remembered-set count="10080" freebytes="1468800" totalbytes="1509120" percent="97" regionsoverflowed="0" regionsstable="0" regionsrebuilding="0"/>
  </mem-info>
</gc-end>
<cycle-end id="371" type="partial gc" contextid="363" timestamp="2019-08-04T08:43:02.675">
  <attribute name="GC Util" value="131" />
  <attribute name="CPU Util" value="28160904228777" />
  <attribute name="Time Running"value="120456"/>
  <attribute name="Number of cores"value="16"/>
</cycle-end>
<exclusive-end id="372" timestamp="2019-08-04T08:43:02.676" durationms="14.143" />

<exclusive-start id="373" timestamp="2019-08-04T08:43:02.924" intervalms="262.517">
  <response-info timems="0.016" idlems="0.016" threads="0" lastid="0000000000C1FF00" lastname="main" />
</exclusive-start>
<allocation-taxation id="374" taxation-threshold="8388608" timestamp="2019-08-04T08:43:02.924" intervalms="262.603" />
<gc-start id="375" type="global mark phase" contextid="354" timestamp="2019-08-04T08:43:02.924">
  <mem-info id="376" free="10485760" total="35651584" percent="29">
    <remembered-set count="9824" freebytes="1469824" totalbytes="1509120" percent="97" regionsoverflowed="0" regionsstable="0" regionsrebuilding="0"/>
  </mem-info>
</gc-start>
<gc-op id="377" type="mark increment" timems="10.941" contextid="354" timestamp="2019-08-04T08:43:02.935">
  <trace-info objectcount="33108" scancount="27067" scanbytes="931356" />
  <cardclean-info objects="5610" bytes="243700" />
  <finalization candidates="80" enqueued="0" />
  <ownableSynchronizers candidates="21" cleared="0" />
  <references type="soft" candidates="969" cleared="0" enqueued="0" dynamicThreshold="16" maxThreshold="32" />
  <references type="weak" candidates="3424" cleared="458" enqueued="310" />
  <references type="phantom" candidates="102" cleared="4" enqueued="4" />
  <stringconstants candidates="7846" cleared="1391"  />
</gc-op>
<gc-op id="378" type="classunload" timems="3.655" contextid="354" timestamp="2019-08-04T08:43:02.939">
  <classunload-info classloadercandidates="12" classloadersunloaded="1" classesunloaded="508" anonymousclassesunloaded="0" quiescems="0.000" setupms="1.271" scanms="2.358" postms="0.025" />
</gc-op>
<gc-end id="379" type="global mark phase" contextid="354" durationms="14.714" usertimems="26.006" systemtimems="0.000" timestamp="2019-08-04T08:43:02.939" activeThreads="16">
  <mem-info id="380" free="10485760" total="35651584" percent="29">
    <pending-finalizers system="0" default="0" reference="314" classloader="0" />
    <remembered-set count="9824" freebytes="1469824" totalbytes="1509120" percent="97" regionsoverflowed="0" regionsstable="0" regionsrebuilding="0"/>
  </mem-info>
</gc-end>
<cycle-end id="381" type="global mark phase" contextid="354" timestamp="2019-08-04T08:43:02.940">
  <attribute name="GC Util" value="205" />
  <attribute name="CPU Util" value="8224366429820" />
  <attribute name="Time Running"value="120721"/>
  <attribute name="Number of cores"value="16"/>
</cycle-end>
<exclusive-end id="382" timestamp="2019-08-04T08:43:02.940" durationms="15.802" />

<exclusive-start id="383" timestamp="2019-08-04T08:43:03.186" intervalms="261.926">
  <response-info timems="0.126" idlems="0.126" threads="0" lastid="0000000000C1FF00" lastname="main" />
</exclusive-start>
<allocation-taxation id="384" taxation-threshold="8388608" timestamp="2019-08-04T08:43:03.186" intervalms="261.806" />
<cycle-start id="385" type="partial gc" contextid="0" timestamp="2019-08-04T08:43:03.186" intervalms="524.646" />
  <attribute name="GC Util" value="205" />
  <attribute name="CPU Util" value="8224366429820" />
  <attribute name="Time Running"value="120721"/>
  <attribute name="Number of cores"value="16"/>
<gc-start id="386" type="partial gc" contextid="385" timestamp="2019-08-04T08:43:03.187">
  <mem-info id="387" free="2097152" total="35651584" percent="5">
    <mem type="eden" free="0" total="16777216" percent="0" />
    <remembered-set count="9824" freebytes="1469824" totalbytes="1509120" percent="97" regionsoverflowed="0" regionsstable="0" regionsrebuilding="0"/>
  </mem-info>
</gc-start>
<allocation-stats totalBytes="16680704" >
  <allocated-bytes non-tlh="1654752" tlh="15025952" arrayletleaf="0"/>
  <largest-consumer threadName="main" threadId="0000000000C1FF00" bytes="8364720" />
</allocation-stats>
<gc-op id="388" type="sweep" timems="3.389" contextid="385" timestamp="2019-08-04T08:43:03.190" />
<gc-op id="389" type="copy forward" timems="18.073" contextid="385" timestamp="2019-08-04T08:43:03.211">
  <memory-copied type="eden" objects="13191" bytes="566888" bytesdiscarded="90147" />
  <memory-copied type="other" objects="37459" bytes="2933352" bytesdiscarded="425933" />
  <memory-cardclean objects="812" bytes="38464" />
  <remembered-set-cleared processed="2430" cleared="819" durationms="0.087" />
  <finalization candidates="62" enqueued="0" />
  <ownableSynchronizers candidates="21" cleared="0" />
  <references type="soft" candidates="959" cleared="0" enqueued="0" dynamicThreshold="9" maxThreshold="32" />
  <references type="weak" candidates="3417" cleared="2" enqueued="2" />
  <references type="phantom" candidates="44" cleared="0" enqueued="0" />
  <stringconstants candidates="7393" cleared="0"  />
  <heap-resize type="expand" space="default" amount="2097152" count="1" timems="0.065" reason="continue current collection" />
</gc-op>
<gc-op id="390" type="classunload" timems="0.006" contextid="385" timestamp="2019-08-04T08:43:03.211">
  <classunload-info classloadercandidates="11" classloadersunloaded="0" classesunloaded="0" anonymousclassesunloaded="0" quiescems="0.000" setupms="0.005" scanms="0.000" postms="0.000" />
</gc-op>
<gc-op id="391" type="compact" timems="8.031" contextid="385" timestamp="2019-08-04T08:43:03.219">
  <compact-info movecount="1139" movebytes="89880" />
  <remembered-set-cleared processed="7141" cleared="1185" durationms="0.093" />
</gc-op>
<heap-resize id="392" type="contract" space="default" amount="2097152" count="1" timems="0.124" reason="insufficient time being spent in gc" timestamp="2019-08-04T08:43:03.220" />
<gc-end id="393" type="partial gc" contextid="385" durationms="33.204" usertimems="72.507" systemtimems="0.000" timestamp="2019-08-04T08:43:03.220" activeThreads="16">
  <mem-info id="394" free="18874368" total="35651584" percent="52">
    <mem type="eden" free="1956832" total="4194304" percent="46" />
    <pending-finalizers system="0" default="0" reference="2" classloader="0" />
    <remembered-set count="9312" freebytes="1471872" totalbytes="1509120" percent="97" regionsoverflowed="0" regionsstable="0" regionsrebuilding="0"/>
  </mem-info>
</gc-end>
<cycle-end id="395" type="partial gc" contextid="385" timestamp="2019-08-04T08:43:03.220">
  <attribute name="GC Util" value="225" />
  <attribute name="CPU Util" value="1007575794254" />
  <attribute name="Time Running"value="121004"/>
  <attribute name="Number of cores"value="16"/>
</cycle-end>
<exclusive-end id="396" timestamp="2019-08-04T08:43:03.220" durationms="33.959" />

<exclusive-start id="397" timestamp="2019-08-04T08:43:03.359" intervalms="172.728">
  <response-info timems="0.098" idlems="0.098" threads="0" lastid="0000000000C1FF00" lastname="main" />
</exclusive-start>
<allocation-taxation id="398" taxation-threshold="8388608" timestamp="2019-08-04T08:43:03.359" intervalms="172.786" />
<cycle-start id="399" type="global mark phase" contextid="0" timestamp="2019-08-04T08:43:03.359" intervalms="2219.831" />
  <attribute name="GC Util" value="225" />
  <attribute name="CPU Util" value="1007575794254" />
  <attribute name="Time Running"value="121004"/>
  <attribute name="Number of cores"value="16"/>
<gc-start id="400" type="global mark phase" contextid="399" timestamp="2019-08-04T08:43:03.359">
  <mem-info id="401" free="10485760" total="35651584" percent="29">
    <remembered-set count="8992" freebytes="1473152" totalbytes="1509120" percent="97" regionsoverflowed="0" regionsstable="0" regionsrebuilding="0"/>
  </mem-info>
</gc-start>
<gc-op id="402" type="mark increment" timems="6.841" contextid="399" timestamp="2019-08-04T08:43:03.366">
  <trace-info objectcount="46865" scancount="29724" scanbytes="1173124" />
</gc-op>
<gc-end id="403" type="global mark phase" contextid="399" durationms="6.911" usertimems="15.531" systemtimems="0.000" timestamp="2019-08-04T08:43:03.366" activeThreads="16">
  <mem-info id="404" free="10485760" total="35651584" percent="29">
    <remembered-set count="8992" freebytes="1473152" totalbytes="1509120" percent="97" regionsoverflowed="0" regionsstable="0" regionsrebuilding="0"/>
  </mem-info>
</gc-end>
<concurrent-start id="405" type="GMP work packet processing" contextid="399" timestamp="2019-08-04T08:43:03.366">
  <concurrent-mark-start scanTarget="18513029" />
</concurrent-start>
<exclusive-end id="406" timestamp="2019-08-04T08:43:03.366" durationms="7.386" />

<concurrent-end id="407" type="GMP work packet processing" contextid="399" timestamp="2019-08-04T08:43:03.370">
  <concurrent-mark-end bytesScanned="1036724" reasonForTermination="Completed all work in GC phase" />
</concurrent-end>

<exclusive-start id="408" timestamp="2019-08-04T08:43:03.497" intervalms="138.345">
  <response-info timems="0.349" idlems="0.349" threads="0" lastid="0000000000C1FF00" lastname="main" />
</exclusive-start>
<allocation-taxation id="409" taxation-threshold="8388608" timestamp="2019-08-04T08:43:03.497" intervalms="138.521" />
<cycle-start id="410" type="partial gc" contextid="0" timestamp="2019-08-04T08:43:03.498" intervalms="311.272" />
  <attribute name="GC Util" value="373" />
  <attribute name="CPU Util" value="6698533825994" />
  <attribute name="Time Running"value="121159"/>
  <attribute name="Number of cores"value="16"/>
<gc-start id="411" type="partial gc" contextid="410" timestamp="2019-08-04T08:43:03.498">
  <mem-info id="412" free="2097152" total="35651584" percent="5">
    <mem type="eden" free="0" total="16777216" percent="0" />
    <remembered-set count="8992" freebytes="1473152" totalbytes="1509120" percent="97" regionsoverflowed="0" regionsstable="0" regionsrebuilding="0"/>
  </mem-info>
</gc-start>
<allocation-stats totalBytes="16771728" >
  <allocated-bytes non-tlh="396368" tlh="16375360" arrayletleaf="0"/>
  <largest-consumer threadName="main" threadId="0000000000C1FF00" bytes="8386456" />
</allocation-stats>
<gc-op id="413" type="copy forward" timems="26.548" contextid="410" timestamp="2019-08-04T08:43:03.526">
  <memory-copied type="eden" objects="16329" bytes="1032408" bytesdiscarded="213784" />
  <memory-copied type="other" objects="19989" bytes="1371096" bytesdiscarded="175136" />
  <memory-cardclean objects="838" bytes="54696" />
  <remembered-set-cleared processed="4206" cleared="2601" durationms="0.102" />
  <finalization candidates="14" enqueued="0" />
  <ownableSynchronizers candidates="4" cleared="0" />
  <references type="soft" candidates="466" cleared="0" enqueued="0" dynamicThreshold="9" maxThreshold="32" />
  <references type="weak" candidates="2370" cleared="5" enqueued="5" />
  <references type="phantom" candidates="6" cleared="0" enqueued="0" />
  <stringconstants candidates="7852" cleared="0"  />
  <heap-resize type="expand" space="default" amount="2097152" count="1" timems="0.073" reason="continue current collection" />
</gc-op>
<gc-op id="414" type="classunload" timems="0.006" contextid="410" timestamp="2019-08-04T08:43:03.526">
  <classunload-info classloadercandidates="12" classloadersunloaded="0" classesunloaded="0" anonymousclassesunloaded="0" quiescems="0.000" setupms="0.006" scanms="0.000" postms="0.000" />
</gc-op>
<gc-op id="415" type="compact" timems="11.293" contextid="410" timestamp="2019-08-04T08:43:03.538">
  <compact-info movecount="0" movebytes="0" />
  <remembered-set-cleared processed="9776" cleared="2601" durationms="0.125" />
</gc-op>
<gc-end id="416" type="partial gc" contextid="410" durationms="39.921" usertimems="81.455" systemtimems="0.000" timestamp="2019-08-04T08:43:03.538" activeThreads="16">
  <mem-info id="417" free="20971520" total="37748736" percent="55">
    <mem type="eden" free="850632" total="2097152" percent="40" />
    <pending-finalizers system="0" default="0" reference="5" classloader="0" />
    <remembered-set count="8864" freebytes="1473664" totalbytes="1509120" percent="97" regionsoverflowed="0" regionsstable="0" regionsrebuilding="0"/>
  </mem-info>
</gc-end>
<cycle-end id="418" type="partial gc" contextid="410" timestamp="2019-08-04T08:43:03.538">
  <attribute name="GC Util" value="198" />
  <attribute name="CPU Util" value="687984601181" />
  <attribute name="Time Running"value="121319"/>
  <attribute name="Number of cores"value="16"/>
</cycle-end>
<exclusive-end id="419" timestamp="2019-08-04T08:43:03.538" durationms="40.971" />

<exclusive-start id="420" timestamp="2019-08-04T08:43:03.706" intervalms="208.398">
  <response-info timems="0.349" idlems="0.349" threads="0" lastid="0000000000C1FF00" lastname="main" />
</exclusive-start>
<allocation-taxation id="421" taxation-threshold="8388608" timestamp="2019-08-04T08:43:03.706" intervalms="208.169" />
<gc-start id="422" type="global mark phase" contextid="399" timestamp="2019-08-04T08:43:03.706">
  <mem-info id="423" free="12582912" total="37748736" percent="33">
    <remembered-set count="8864" freebytes="1473664" totalbytes="1509120" percent="97" regionsoverflowed="0" regionsstable="0" regionsrebuilding="0"/>
  </mem-info>
</gc-start>
<gc-op id="424" type="mark increment" timems="19.827" contextid="399" timestamp="2019-08-04T08:43:03.726">
  <trace-info objectcount="11482" scancount="10384" scanbytes="423396" />
  <cardclean-info objects="2855" bytes="140064" />
  <finalization candidates="80" enqueued="0" />
  <ownableSynchronizers candidates="21" cleared="0" />
  <references type="soft" candidates="1320" cleared="0" enqueued="0" dynamicThreshold="17" maxThreshold="32" />
  <references type="weak" candidates="4268" cleared="8" enqueued="7" />
  <references type="phantom" candidates="95" cleared="0" enqueued="0" />
  <stringconstants candidates="8302" cleared="0"  />
</gc-op>
<gc-op id="425" type="classunload" timems="0.010" contextid="399" timestamp="2019-08-04T08:43:03.726">
  <classunload-info classloadercandidates="14" classloadersunloaded="0" classesunloaded="0" anonymousclassesunloaded="0" quiescems="0.000" setupms="0.010" scanms="0.000" postms="0.000" />
</gc-op>
<gc-end id="426" type="global mark phase" contextid="399" durationms="19.948" usertimems="45.661" systemtimems="0.000" timestamp="2019-08-04T08:43:03.726" activeThreads="16">
  <mem-info id="427" free="12582912" total="37748736" percent="33">
    <pending-finalizers system="0" default="0" reference="7" classloader="0" />
    <remembered-set count="8864" freebytes="1473664" totalbytes="1509120" percent="97" regionsoverflowed="0" regionsstable="0" regionsrebuilding="0"/>
  </mem-info>
</gc-end>
<cycle-end id="428" type="global mark phase" contextid="399" timestamp="2019-08-04T08:43:03.726">
  <attribute name="GC Util" value="164" />
  <attribute name="CPU Util" value="4378065832864" />
  <attribute name="Time Running"value="121504"/>
  <attribute name="Number of cores"value="16"/>
</cycle-end>
<exclusive-end id="429" timestamp="2019-08-04T08:43:03.726" durationms="20.234" />

<exclusive-start id="430" timestamp="2019-08-04T08:43:03.787" intervalms="81.128">
  <response-info timems="0.172" idlems="0.172" threads="0" lastid="0000000000C1FF00" lastname="main" />
</exclusive-start>
<allocation-taxation id="431" taxation-threshold="8388608" timestamp="2019-08-04T08:43:03.787" intervalms="81.160" />
<cycle-start id="432" type="partial gc" contextid="0" timestamp="2019-08-04T08:43:03.787" intervalms="289.087" />
  <attribute name="GC Util" value="164" />
  <attribute name="CPU Util" value="4378065832864" />
  <attribute name="Time Running"value="121504"/>
  <attribute name="Number of cores"value="16"/>
<gc-start id="433" type="partial gc" contextid="432" timestamp="2019-08-04T08:43:03.787">
  <mem-info id="434" free="4194304" total="37748736" percent="11">
    <mem type="eden" free="0" total="16777216" percent="0" />
    <remembered-set count="8864" freebytes="1473664" totalbytes="1509120" percent="97" regionsoverflowed="0" regionsstable="0" regionsrebuilding="0"/>
  </mem-info>
</gc-start>
<allocation-stats totalBytes="16773960" >
  <allocated-bytes non-tlh="471848" tlh="16302112" arrayletleaf="0"/>
  <largest-consumer threadName="main" threadId="0000000000C1FF00" bytes="8387240" />
</allocation-stats>
<gc-op id="435" type="sweep" timems="2.818" contextid="432" timestamp="2019-08-04T08:43:03.790" />
<gc-op id="436" type="copy forward" timems="25.465" contextid="432" timestamp="2019-08-04T08:43:03.817">
  <memory-copied type="eden" objects="2325" bytes="331336" bytesdiscarded="40007" />
  <memory-copied type="other" objects="8721" bytes="352856" bytesdiscarded="54433" />
  <memory-cardclean objects="876" bytes="60024" />
  <remembered-set-cleared processed="5545" cleared="1664" durationms="0.109" />
  <references type="soft" candidates="298" cleared="0" enqueued="0" dynamicThreshold="10" maxThreshold="32" />
  <references type="weak" candidates="698" cleared="0" enqueued="0" />
  <references type="phantom" candidates="1" cleared="0" enqueued="0" />
  <stringconstants candidates="8414" cleared="0"  />
</gc-op>
<gc-op id="437" type="classunload" timems="0.008" contextid="432" timestamp="2019-08-04T08:43:03.817">
  <classunload-info classloadercandidates="15" classloadersunloaded="0" classesunloaded="0" anonymousclassesunloaded="0" quiescems="0.000" setupms="0.008" scanms="0.000" postms="0.000" />
</gc-op>
<heap-resize id="438" type="expand" space="default" amount="8388608" count="1" timems="0.138" reason="excessive time being spent in gc" timestamp="2019-08-04T08:43:03.817" />
<gc-end id="439" type="partial gc" contextid="432" durationms="30.546" usertimems="55.916" systemtimems="0.000" timestamp="2019-08-04T08:43:03.818" activeThreads="16">
  <mem-info id="440" free="27262976" total="46137344" percent="59">
    <mem type="eden" free="1465720" total="2097152" percent="69" />
    <remembered-set count="12960" freebytes="1792640" totalbytes="1844480" percent="97" regionsoverflowed="0" regionsstable="0" regionsrebuilding="0"/>
  </mem-info>
</gc-end>
<cycle-end id="441" type="partial gc" contextid="432" timestamp="2019-08-04T08:43:03.818">
  <attribute name="GC Util" value="148" />
  <attribute name="CPU Util" value="15426175410868" />
  <attribute name="Time Running"value="121584"/>
  <attribute name="Number of cores"value="16"/>
</cycle-end>
<exclusive-end id="442" timestamp="2019-08-04T08:43:03.818" durationms="31.159" />

<exclusive-start id="443" timestamp="2019-08-04T08:43:03.879" intervalms="92.354">
  <response-info timems="0.041" idlems="0.041" threads="0" lastid="0000000000C1FF00" lastname="main" />
</exclusive-start>
<sys-start reason="explicit" id="444" timestamp="2019-08-04T08:43:03.879" intervalms="121477.902" />
<cycle-start id="445" type="global garbage collect" contextid="0" timestamp="2019-08-04T08:43:03.879" intervalms="121477.886" />
  <attribute name="GC Util" value="148" />
  <attribute name="CPU Util" value="15426175410868" />
  <attribute name="Time Running"value="121584"/>
  <attribute name="Number of cores"value="16"/>
<gc-start id="446" type="global garbage collect" contextid="445" timestamp="2019-08-04T08:43:03.879">
  <mem-info id="447" free="24702336" total="46137344" percent="53">
    <mem type="eden" free="1633664" total="4194304" percent="38" />
    <remembered-set count="12576" freebytes="1794176" totalbytes="1844480" percent="97" regionsoverflowed="0" regionsstable="0" regionsrebuilding="0"/>
  </mem-info>
</gc-start>
<allocation-stats totalBytes="2559128" >
  <allocated-bytes non-tlh="220688" tlh="2338440" arrayletleaf="0"/>
  <largest-consumer threadName="main" threadId="0000000000C1FF00" bytes="2559128" />
</allocation-stats>
<gc-op id="448" type="global mark" timems="11.119" contextid="445" timestamp="2019-08-04T08:43:03.891">
  <trace-info objectcount="75491" scancount="61193" scanbytes="2113740" />
  <finalization candidates="80" enqueued="0" />
  <ownableSynchronizers candidates="21" cleared="0" />
  <references type="soft" candidates="1641" cleared="0" enqueued="0" dynamicThreshold="18" maxThreshold="32" />
  <references type="weak" candidates="4518" cleared="22" enqueued="20" />
  <references type="phantom" candidates="94" cleared="0" enqueued="0" />
  <stringconstants candidates="8680" cleared="15"  />
</gc-op>
<gc-op id="449" type="classunload" timems="0.497" contextid="445" timestamp="2019-08-04T08:43:03.891">
  <classunload-info classloadercandidates="17" classloadersunloaded="1" classesunloaded="1" anonymousclassesunloaded="0" quiescems="0.000" setupms="0.475" scanms="0.014" postms="0.007" />
</gc-op>
<gc-op id="450" type="sweep" timems="5.004" contextid="445" timestamp="2019-08-04T08:43:03.896" />
<gc-op id="451" type="compact" timems="12.369" contextid="445" timestamp="2019-08-04T08:43:03.909">
  <compact-info movecount="74227" movebytes="4279984" />
  <remembered-set-cleared processed="15082" cleared="15082" durationms="0.113" />
</gc-op>
<gc-end id="452" type="global garbage collect" contextid="445" durationms="29.785" usertimems="71.680" systemtimems="0.000" timestamp="2019-08-04T08:43:03.909" activeThreads="16">
  <mem-info id="453" free="25165824" total="46137344" percent="54">
    <pending-finalizers system="0" default="0" reference="20" classloader="0" />
    <remembered-set count="10240" freebytes="1803520" totalbytes="1844480" percent="97" regionsoverflowed="0" regionsstable="0" regionsrebuilding="0"/>
  </mem-info>
</gc-end>
<cycle-end id="454" type="global garbage collect" contextid="445" timestamp="2019-08-04T08:43:03.910">
  <attribute name="GC Util" value="109" />
  <attribute name="CPU Util" value="3568573974085" />
  <attribute name="Time Running"value="121689"/>
  <attribute name="Number of cores"value="16"/>
</cycle-end>
<sys-end id="455" timestamp="2019-08-04T08:43:03.911" />
<exclusive-end id="456" timestamp="2019-08-04T08:43:03.911" durationms="31.688" />

===== DaCapo 9.12-MR1 jython starting =====
<exclusive-start id="457" timestamp="2019-08-04T08:43:04.260" intervalms="380.839">
  <response-info timems="0.024" idlems="0.024" threads="0" lastid="0000000000C1FF00" lastname="main" />
</exclusive-start>
<allocation-taxation id="458" taxation-threshold="18874368" timestamp="2019-08-04T08:43:04.260" intervalms="473.172" />
<cycle-start id="459" type="partial gc" contextid="0" timestamp="2019-08-04T08:43:04.260" intervalms="473.306" />
  <attribute name="GC Util" value="109" />
  <attribute name="CPU Util" value="3568573974085" />
  <attribute name="Time Running"value="121689"/>
  <attribute name="Number of cores"value="16"/>
<gc-start id="460" type="partial gc" contextid="459" timestamp="2019-08-04T08:43:04.260">
  <mem-info id="461" free="6291456" total="46137344" percent="13">
    <mem type="eden" free="0" total="18874368" percent="0" />
    <remembered-set count="9888" freebytes="1804928" totalbytes="1844480" percent="97" regionsoverflowed="0" regionsstable="0" regionsrebuilding="0"/>
  </mem-info>
</gc-start>
<allocation-stats totalBytes="18869680" >
  <allocated-bytes non-tlh="869152" tlh="18000528" arrayletleaf="0"/>
  <largest-consumer threadName="main" threadId="0000000000C1FF00" bytes="18861432" />
</allocation-stats>
<gc-op id="462" type="copy forward" timems="22.877" contextid="459" timestamp="2019-08-04T08:43:04.285">
  <memory-copied type="eden" objects="17309" bytes="1290000" bytesdiscarded="138024" />
  <memory-copied type="other" objects="0" bytes="0" bytesdiscarded="0" />
  <memory-cardclean objects="862" bytes="44992" />
  <remembered-set-cleared processed="5885" cleared="224" durationms="0.306" />
  <references type="soft" candidates="59" cleared="0" enqueued="0" dynamicThreshold="17" maxThreshold="32" />
  <references type="weak" candidates="147" cleared="21" enqueued="18" />
  <references type="phantom" candidates="5" cleared="1" enqueued="1" />
  <stringconstants candidates="10888" cleared="0"  />
</gc-op>
<gc-op id="463" type="classunload" timems="0.008" contextid="459" timestamp="2019-08-04T08:43:04.285">
  <classunload-info classloadercandidates="17" classloadersunloaded="0" classesunloaded="0" anonymousclassesunloaded="0" quiescems="0.000" setupms="0.008" scanms="0.000" postms="0.000" />
</gc-op>
<gc-end id="464" type="partial gc" contextid="459" durationms="24.485" usertimems="26.514" systemtimems="25.713" timestamp="2019-08-04T08:43:04.285" activeThreads="16">
  <mem-info id="465" free="23068672" total="46137344" percent="50">
    <mem type="eden" free="668928" total="2097152" percent="31" />
    <pending-finalizers system="0" default="0" reference="19" classloader="0" />
    <remembered-set count="13088" freebytes="1792128" totalbytes="1844480" percent="97" regionsoverflowed="0" regionsstable="0" regionsrebuilding="0"/>
  </mem-info>
</gc-end>
<cycle-end id="466" type="partial gc" contextid="459" timestamp="2019-08-04T08:43:04.285">
  <attribute name="GC Util" value="120" />
  <attribute name="CPU Util" value="18115075045389" />
  <attribute name="Time Running"value="122055"/>
  <attribute name="Number of cores"value="16"/>
</cycle-end>
<exclusive-end id="467" timestamp="2019-08-04T08:43:04.285" durationms="25.535" />

<exclusive-start id="468" timestamp="2019-08-04T08:43:04.397" intervalms="137.157">
  <response-info timems="0.135" idlems="0.135" threads="0" lastid="0000000000C1FF00" lastname="main" />
</exclusive-start>
<allocation-taxation id="469" taxation-threshold="18874368" timestamp="2019-08-04T08:43:04.397" intervalms="137.164" />
<cycle-start id="470" type="partial gc" contextid="0" timestamp="2019-08-04T08:43:04.397" intervalms="137.043" />
  <attribute name="GC Util" value="120" />
  <attribute name="CPU Util" value="18115075045389" />
  <attribute name="Time Running"value="122055"/>
  <attribute name="Number of cores"value="16"/>
<gc-start id="471" type="partial gc" contextid="470" timestamp="2019-08-04T08:43:04.397">
  <mem-info id="472" free="4194304" total="46137344" percent="9">
    <mem type="eden" free="0" total="18874368" percent="0" />
    <remembered-set count="12672" freebytes="1793792" totalbytes="1844480" percent="97" regionsoverflowed="0" regionsstable="0" regionsrebuilding="0"/>
  </mem-info>
</gc-start>
<allocation-stats totalBytes="18870712" >
  <allocated-bytes non-tlh="502912" tlh="18367800" arrayletleaf="0"/>
  <largest-consumer threadName="main" threadId="0000000000C1FF00" bytes="18870712" />
</allocation-stats>
<gc-op id="473" type="copy forward" timems="33.913" contextid="470" timestamp="2019-08-04T08:43:04.433">
  <memory-copied type="eden" objects="12674" bytes="897120" bytesdiscarded="104952" />
  <memory-copied type="other" objects="12609" bytes="752904" bytesdiscarded="62736" />
  <memory-cardclean objects="651" bytes="49440" />
  <remembered-set-cleared processed="6696" cleared="1071" durationms="0.105" />
  <references type="soft" candidates="92" cleared="0" enqueued="0" dynamicThreshold="16" maxThreshold="32" />
  <references type="weak" candidates="154" cleared="2" enqueued="2" />
  <references type="phantom" candidates="4" cleared="0" enqueued="0" />
  <stringconstants candidates="11060" cleared="0"  />
</gc-op>
<gc-op id="474" type="classunload" timems="0.010" contextid="470" timestamp="2019-08-04T08:43:04.433">
  <classunload-info classloadercandidates="19" classloadersunloaded="0" classesunloaded="0" anonymousclassesunloaded="0" quiescems="0.000" setupms="0.010" scanms="0.000" postms="0.000" />
</gc-op>
<gc-end id="475" type="partial gc" contextid="470" durationms="35.971" usertimems="65.580" systemtimems="7.574" timestamp="2019-08-04T08:43:04.433" activeThreads="16">
  <mem-info id="476" free="20971520" total="46137344" percent="45">
    <mem type="eden" free="1094984" total="2097152" percent="52" />
    <pending-finalizers system="0" default="0" reference="2" classloader="0" />
    <remembered-set count="14112" freebytes="1788032" totalbytes="1844480" percent="96" regionsoverflowed="0" regionsstable="0" regionsrebuilding="0"/>
  </mem-info>
</gc-end>
<cycle-end id="477" type="partial gc" contextid="470" timestamp="2019-08-04T08:43:04.434">
  <attribute name="GC Util" value="126" />
  <attribute name="CPU Util" value="14362730311475" />
  <attribute name="Time Running"value="122192"/>
  <attribute name="Number of cores"value="16"/>
</cycle-end>
<exclusive-end id="478" timestamp="2019-08-04T08:43:04.434" durationms="36.640" />

<exclusive-start id="479" timestamp="2019-08-04T08:43:04.553" intervalms="156.395">
  <response-info timems="0.083" idlems="0.083" threads="0" lastid="0000000000C1FF00" lastname="main" />
</exclusive-start>
<allocation-taxation id="480" taxation-threshold="18874368" timestamp="2019-08-04T08:43:04.553" intervalms="156.405" />
<cycle-start id="481" type="partial gc" contextid="0" timestamp="2019-08-04T08:43:04.554" intervalms="156.438" />
  <attribute name="GC Util" value="126" />
  <attribute name="CPU Util" value="14362730311475" />
  <attribute name="Time Running"value="122192"/>
  <attribute name="Number of cores"value="16"/>
<gc-start id="482" type="partial gc" contextid="481" timestamp="2019-08-04T08:43:04.554">
  <mem-info id="483" free="2097152" total="46137344" percent="4">
    <mem type="eden" free="0" total="18874368" percent="0" />
    <remembered-set count="13760" freebytes="1789440" totalbytes="1844480" percent="97" regionsoverflowed="0" regionsstable="0" regionsrebuilding="0"/>
  </mem-info>
</gc-start>
<allocation-stats totalBytes="18871264" >
  <allocated-bytes non-tlh="417072" tlh="18454192" arrayletleaf="0"/>
  <largest-consumer threadName="main" threadId="0000000000C1FF00" bytes="18867168" />
</allocation-stats>
<gc-op id="484" type="copy forward" timems="23.030" contextid="481" timestamp="2019-08-04T08:43:04.579">
  <memory-copied type="eden" objects="12543" bytes="908264" bytesdiscarded="110488" />
  <memory-copied type="other" objects="1195" bytes="68080" bytesdiscarded="23872" />
  <memory-cardclean objects="447" bytes="34888" />
  <remembered-set-cleared processed="7488" cleared="1246" durationms="0.089" />
  <references type="soft" candidates="44" cleared="0" enqueued="0" dynamicThreshold="14" maxThreshold="32" />
  <references type="weak" candidates="229" cleared="0" enqueued="0" />
  <references type="phantom" candidates="1" cleared="0" enqueued="0" />
  <stringconstants candidates="11310" cleared="0"  />
  <heap-resize type="expand" space="default" amount="2097152" count="1" timems="0.073" reason="continue current collection" />
</gc-op>
<gc-op id="485" type="classunload" timems="0.009" contextid="481" timestamp="2019-08-04T08:43:04.579">
  <classunload-info classloadercandidates="21" classloadersunloaded="0" classesunloaded="0" anonymousclassesunloaded="0" quiescems="0.000" setupms="0.009" scanms="0.000" postms="0.000" />
</gc-op>
<gc-end id="486" type="partial gc" contextid="481" durationms="25.090" usertimems="33.352" systemtimems="18.088" timestamp="2019-08-04T08:43:04.579" activeThreads="16">
  <mem-info id="487" free="20971520" total="48234496" percent="43">
    <mem type="eden" free="1078264" total="2097152" percent="51" />
    <remembered-set count="14976" freebytes="1868416" totalbytes="1928320" percent="96" regionsoverflowed="0" regionsstable="0" regionsrebuilding="0"/>
  </mem-info>
</gc-end>
<cycle-end id="488" type="partial gc" contextid="481" timestamp="2019-08-04T08:43:04.579">
  <attribute name="GC Util" value="108" />
  <attribute name="CPU Util" value="17256462204750" />
  <attribute name="Time Running"value="122348"/>
  <attribute name="Number of cores"value="16"/>
</cycle-end>
<exclusive-end id="489" timestamp="2019-08-04T08:43:04.579" durationms="25.871" />

<exclusive-start id="490" timestamp="2019-08-04T08:43:04.697" intervalms="143.141">
  <response-info timems="0.032" idlems="0.032" threads="0" lastid="0000000000C1FF00" lastname="main" />
</exclusive-start>
<allocation-taxation id="491" taxation-threshold="18874368" timestamp="2019-08-04T08:43:04.697" intervalms="143.117" />
<cycle-start id="492" type="partial gc" contextid="0" timestamp="2019-08-04T08:43:04.697" intervalms="143.072" />
  <attribute name="GC Util" value="108" />
  <attribute name="CPU Util" value="17256462204750" />
  <attribute name="Time Running"value="122348"/>
  <attribute name="Number of cores"value="16"/>
<gc-start id="493" type="partial gc" contextid="492" timestamp="2019-08-04T08:43:04.697">
  <mem-info id="494" free="2097152" total="48234496" percent="4">
    <mem type="eden" free="0" total="18874368" percent="0" />
    <remembered-set count="14688" freebytes="1869568" totalbytes="1928320" percent="96" regionsoverflowed="0" regionsstable="0" regionsrebuilding="0"/>
  </mem-info>
</gc-start>
<allocation-stats totalBytes="18869984" >
  <allocated-bytes non-tlh="224512" tlh="18645472" arrayletleaf="0"/>
  <largest-consumer threadName="main" threadId="0000000000C1FF00" bytes="18869984" />
</allocation-stats>
<gc-op id="495" type="copy forward" timems="19.629" contextid="492" timestamp="2019-08-04T08:43:04.718">
  <memory-copied type="eden" objects="4021" bytes="419632" bytesdiscarded="49280" />
  <memory-copied type="other" objects="1631" bytes="54096" bytesdiscarded="7088" />
  <memory-cardclean objects="602" bytes="42232" />
  <remembered-set-cleared processed="7544" cleared="1115" durationms="0.100" />
  <references type="soft" candidates="35" cleared="0" enqueued="0" dynamicThreshold="13" maxThreshold="32" />
  <references type="weak" candidates="441" cleared="2" enqueued="2" />
  <references type="phantom" candidates="1" cleared="0" enqueued="0" />
  <stringconstants candidates="11528" cleared="0"  />
  <heap-resize type="expand" space="default" amount="2097152" count="1" timems="0.154" reason="continue current collection" />
</gc-op>
<gc-op id="496" type="classunload" timems="0.011" contextid="492" timestamp="2019-08-04T08:43:04.719">
  <classunload-info classloadercandidates="22" classloadersunloaded="0" classesunloaded="0" anonymousclassesunloaded="0" quiescems="0.000" setupms="0.011" scanms="0.000" postms="0.000" />
</gc-op>
<heap-resize id="497" type="expand" space="default" amount="10485760" count="1" timems="0.114" reason="excessive time being spent in gc" timestamp="2019-08-04T08:43:04.719" />
<gc-end id="498" type="partial gc" contextid="492" durationms="22.372" usertimems="21.744" systemtimems="22.835" timestamp="2019-08-04T08:43:04.719" activeThreads="16">
  <mem-info id="499" free="31457280" total="60817408" percent="51">
    <mem type="eden" free="1628144" total="2097152" percent="77" />
    <pending-finalizers system="0" default="0" reference="2" classloader="0" />
    <remembered-set count="15776" freebytes="2368256" totalbytes="2431360" percent="97" regionsoverflowed="0" regionsstable="0" regionsrebuilding="0"/>
  </mem-info>
</gc-end>
<cycle-end id="500" type="partial gc" contextid="492" timestamp="2019-08-04T08:43:04.719">
  <attribute name="GC Util" value="134" />
  <attribute name="CPU Util" value="14490332525469" />
  <attribute name="Time Running"value="122491"/>
  <attribute name="Number of cores"value="16"/>
</cycle-end>
<exclusive-end id="501" timestamp="2019-08-04T08:43:04.720" durationms="22.981" />

<exclusive-start id="502" timestamp="2019-08-04T08:43:04.888" intervalms="191.458">
  <response-info timems="0.016" idlems="0.016" threads="0" lastid="0000000000C1FF00" lastname="main" />
</exclusive-start>
<allocation-taxation id="503" taxation-threshold="23068672" timestamp="2019-08-04T08:43:04.888" intervalms="191.495" />
<cycle-start id="504" type="partial gc" contextid="0" timestamp="2019-08-04T08:43:04.888" intervalms="191.635" />
  <attribute name="GC Util" value="134" />
  <attribute name="CPU Util" value="14490332525469" />
  <attribute name="Time Running"value="122491"/>
  <attribute name="Number of cores"value="16"/>
<gc-start id="505" type="partial gc" contextid="504" timestamp="2019-08-04T08:43:04.889">
  <mem-info id="506" free="8388608" total="60817408" percent="13">
    <mem type="eden" free="1628144" total="25165824" percent="6" />
    <remembered-set count="15584" freebytes="2369024" totalbytes="2431360" percent="97" regionsoverflowed="0" regionsstable="0" regionsrebuilding="0"/>
  </mem-info>
</gc-start>
<allocation-stats totalBytes="23063208" >
  <allocated-bytes non-tlh="1292600" tlh="21770608" arrayletleaf="0"/>
  <largest-consumer threadName="main" threadId="0000000000C1FF00" bytes="23059112" />
</allocation-stats>
<gc-op id="507" type="copy forward" timems="22.204" contextid="504" timestamp="2019-08-04T08:43:04.913">
  <memory-copied type="eden" objects="12787" bytes="1278456" bytesdiscarded="161088" />
  <memory-copied type="other" objects="2202" bytes="84720" bytesdiscarded="7640" />
  <memory-cardclean objects="823" bytes="53704" />
  <remembered-set-cleared processed="7608" cleared="947" durationms="0.112" />
  <finalization candidates="1" enqueued="1" />
  <references type="soft" candidates="50" cleared="0" enqueued="0" dynamicThreshold="16" maxThreshold="32" />
  <references type="weak" candidates="389" cleared="15" enqueued="15" />
  <references type="phantom" candidates="2" cleared="0" enqueued="0" />
  <stringconstants candidates="11786" cleared="0"  />
</gc-op>
<gc-op id="508" type="classunload" timems="0.007" contextid="504" timestamp="2019-08-04T08:43:04.913">
  <classunload-info classloadercandidates="28" classloadersunloaded="0" classesunloaded="0" anonymousclassesunloaded="0" quiescems="0.000" setupms="0.007" scanms="0.000" postms="0.000" />
</gc-op>
<heap-resize id="509" type="expand" space="default" amount="10485760" count="1" timems="0.167" reason="excessive time being spent in gc" timestamp="2019-08-04T08:43:04.914" />
<gc-end id="510" type="partial gc" contextid="504" durationms="25.117" usertimems="50.384" systemtimems="0.000" timestamp="2019-08-04T08:43:04.914" activeThreads="16">
  <mem-info id="511" free="39845888" total="71303168" percent="55">
    <mem type="eden" free="2662072" total="4194304" percent="63" />
    <pending-finalizers system="0" default="1" reference="15" classloader="0" />
    <remembered-set count="16512" freebytes="2784512" totalbytes="2850560" percent="97" regionsoverflowed="0" regionsstable="0" regionsrebuilding="0"/>
  </mem-info>
</gc-end>
<cycle-end id="512" type="partial gc" contextid="504" timestamp="2019-08-04T08:43:04.914">
  <attribute name="GC Util" value="200" />
  <attribute name="CPU Util" value="10703475287950" />
  <attribute name="Time Running"value="122684"/>
  <attribute name="Number of cores"value="16"/>
</cycle-end>
<exclusive-end id="513" timestamp="2019-08-04T08:43:04.915" durationms="26.637" />

<exclusive-start id="514" timestamp="2019-08-04T08:43:05.780" intervalms="891.767">
  <response-info timems="0.711" idlems="0.711" threads="0" lastid="0000000000C1FF00" lastname="main" />
</exclusive-start>
<allocation-taxation id="515" taxation-threshold="25165824" timestamp="2019-08-04T08:43:05.780" intervalms="891.806" />
<cycle-start id="516" type="partial gc" contextid="0" timestamp="2019-08-04T08:43:05.780" intervalms="891.993" />
  <attribute name="GC Util" value="200" />
  <attribute name="CPU Util" value="10703475287950" />
  <attribute name="Time Running"value="122684"/>
  <attribute name="Number of cores"value="16"/>
<gc-start id="517" type="partial gc" contextid="516" timestamp="2019-08-04T08:43:05.781">
  <mem-info id="518" free="14680064" total="71303168" percent="20">
    <mem type="eden" free="0" total="25165824" percent="0" />
    <remembered-set count="16416" freebytes="2784896" totalbytes="2850560" percent="97" regionsoverflowed="0" regionsstable="0" regionsrebuilding="0"/>
  </mem-info>
</gc-start>
<allocation-stats totalBytes="25160480" >
  <allocated-bytes non-tlh="861080" tlh="24299400" arrayletleaf="0"/>
  <largest-consumer threadName="main" threadId="0000000000C1FF00" bytes="25152168" />
</allocation-stats>
<gc-op id="519" type="copy forward" timems="24.633" contextid="516" timestamp="2019-08-04T08:43:05.807">
  <memory-copied type="eden" objects="7363" bytes="527760" bytesdiscarded="70416" />
  <memory-copied type="other" objects="1968" bytes="80344" bytesdiscarded="8808" />
  <memory-cardclean objects="811" bytes="53968" />
  <remembered-set-cleared processed="8595" cleared="1317" durationms="0.109" />
  <references type="soft" candidates="119" cleared="0" enqueued="0" dynamicThreshold="17" maxThreshold="32" />
  <references type="weak" candidates="389" cleared="10" enqueued="10" />
  <references type="phantom" candidates="1" cleared="0" enqueued="0" />
  <stringconstants candidates="12299" cleared="9"  />
</gc-op>
<gc-op id="520" type="classunload" timems="0.917" contextid="516" timestamp="2019-08-04T08:43:05.808">
  <classunload-info classloadercandidates="34" classloadersunloaded="2" classesunloaded="2" anonymousclassesunloaded="0" quiescems="0.000" setupms="0.887" scanms="0.020" postms="0.009" />
</gc-op>
<gc-end id="521" type="partial gc" contextid="516" durationms="27.654" usertimems="18.945" systemtimems="28.007" timestamp="2019-08-04T08:43:05.808" activeThreads="16">
  <mem-info id="522" free="37748736" total="71303168" percent="52">
    <mem type="eden" free="1498648" total="2097152" percent="71" />
    <pending-finalizers system="0" default="0" reference="10" classloader="0" />
    <remembered-set count="17632" freebytes="2780032" totalbytes="2850560" percent="97" regionsoverflowed="0" regionsstable="0" regionsrebuilding="0"/>
  </mem-info>
</gc-end>
<cycle-end id="523" type="partial gc" contextid="516" timestamp="2019-08-04T08:43:05.808">
  <attribute name="GC Util" value="94" />
  <attribute name="CPU Util" value="14844287663902" />
  <attribute name="Time Running"value="123575"/>
  <attribute name="Number of cores"value="16"/>
</cycle-end>
<exclusive-end id="524" timestamp="2019-08-04T08:43:05.809" durationms="28.951" />

<exclusive-start id="525" timestamp="2019-08-04T08:43:05.919" intervalms="139.515">
  <response-info timems="0.218" idlems="0.218" threads="0" lastid="0000000000C1FF00" lastname="main" />
</exclusive-start>
<allocation-taxation id="526" taxation-threshold="25165824" timestamp="2019-08-04T08:43:05.919" intervalms="139.455" />
<cycle-start id="527" type="partial gc" contextid="0" timestamp="2019-08-04T08:43:05.919" intervalms="139.132" />
  <attribute name="GC Util" value="94" />
  <attribute name="CPU Util" value="14844287663902" />
  <attribute name="Time Running"value="123575"/>
  <attribute name="Number of cores"value="16"/>
<gc-start id="528" type="partial gc" contextid="527" timestamp="2019-08-04T08:43:05.920">
  <mem-info id="529" free="12582912" total="71303168" percent="17">
    <mem type="eden" free="0" total="25165824" percent="0" />
    <remembered-set count="17504" freebytes="2780544" totalbytes="2850560" percent="97" regionsoverflowed="0" regionsstable="0" regionsrebuilding="0"/>
  </mem-info>
</gc-start>
<allocation-stats totalBytes="25162328" >
  <allocated-bytes non-tlh="822864" tlh="24339464" arrayletleaf="0"/>
  <largest-consumer threadName="main" threadId="0000000000C1FF00" bytes="25162328" />
</allocation-stats>
<gc-op id="530" type="copy forward" timems="37.536" contextid="527" timestamp="2019-08-04T08:43:05.959">
  <memory-copied type="eden" objects="20765" bytes="1162912" bytesdiscarded="117776" />
  <memory-copied type="other" objects="4934" bytes="188064" bytesdiscarded="14888" />
  <memory-cardclean objects="523" bytes="38616" />
  <remembered-set-cleared processed="9184" cleared="1368" durationms="0.116" />
  <references type="soft" candidates="130" cleared="0" enqueued="0" dynamicThreshold="16" maxThreshold="32" />
  <references type="weak" candidates="332" cleared="2" enqueued="2" />
  <references type="phantom" candidates="1" cleared="0" enqueued="0" />
  <stringconstants candidates="12463" cleared="0"  />
</gc-op>
<gc-op id="531" type="classunload" timems="0.010" contextid="527" timestamp="2019-08-04T08:43:05.959">
  <classunload-info classloadercandidates="36" classloadersunloaded="0" classesunloaded="0" anonymousclassesunloaded="0" quiescems="0.000" setupms="0.010" scanms="0.000" postms="0.000" />
</gc-op>
<gc-end id="532" type="partial gc" contextid="527" durationms="39.424" usertimems="57.827" systemtimems="19.359" timestamp="2019-08-04T08:43:05.959" activeThreads="16">
  <mem-info id="533" free="35651584" total="71303168" percent="50">
    <mem type="eden" free="816224" total="2097152" percent="38" />
    <pending-finalizers system="0" default="0" reference="2" classloader="0" />
    <remembered-set count="20960" freebytes="2766720" totalbytes="2850560" percent="97" regionsoverflowed="0" regionsstable="0" regionsrebuilding="0"/>
  </mem-info>
</gc-end>
<cycle-end id="534" type="partial gc" contextid="527" timestamp="2019-08-04T08:43:05.959">
  <attribute name="GC Util" value="94" />
  <attribute name="CPU Util" value="17778434780488" />
  <attribute name="Time Running"value="123714"/>
  <attribute name="Number of cores"value="16"/>
</cycle-end>
<exclusive-end id="535" timestamp="2019-08-04T08:43:05.960" durationms="40.428" />

<exclusive-start id="536" timestamp="2019-08-04T08:43:06.061" intervalms="141.912">
  <response-info timems="0.071" idlems="0.071" threads="0" lastid="0000000000C1FF00" lastname="main" />
</exclusive-start>
<allocation-taxation id="537" taxation-threshold="25165824" timestamp="2019-08-04T08:43:06.061" intervalms="141.920" />
<cycle-start id="538" type="partial gc" contextid="0" timestamp="2019-08-04T08:43:06.061" intervalms="142.022" />
  <attribute name="GC Util" value="94" />
  <attribute name="CPU Util" value="17778434780488" />
  <attribute name="Time Running"value="123714"/>
  <attribute name="Number of cores"value="16"/>
<gc-start id="539" type="partial gc" contextid="538" timestamp="2019-08-04T08:43:06.062">
  <mem-info id="540" free="10485760" total="71303168" percent="14">
    <mem type="eden" free="0" total="25165824" percent="0" />
    <remembered-set count="20576" freebytes="2768256" totalbytes="2850560" percent="97" regionsoverflowed="0" regionsstable="0" regionsrebuilding="0"/>
  </mem-info>
</gc-start>
<allocation-stats totalBytes="25162192" >
  <allocated-bytes non-tlh="466696" tlh="24695496" arrayletleaf="0"/>
  <largest-consumer threadName="main" threadId="0000000000C1FF00" bytes="25158096" />
</allocation-stats>
<gc-op id="541" type="copy forward" timems="20.860" contextid="538" timestamp="2019-08-04T08:43:06.085">
  <memory-copied type="eden" objects="6781" bytes="556584" bytesdiscarded="62392" />
  <memory-copied type="other" objects="1897" bytes="75312" bytesdiscarded="16072" />
  <memory-cardclean objects="271" bytes="26096" />
  <remembered-set-cleared processed="10374" cleared="1525" durationms="0.102" />
  <references type="soft" candidates="39" cleared="0" enqueued="0" dynamicThreshold="16" maxThreshold="32" />
  <references type="weak" candidates="101" cleared="0" enqueued="0" />
  <references type="phantom" candidates="1" cleared="0" enqueued="0" />
  <stringconstants candidates="12479" cleared="0"  />
</gc-op>
<gc-op id="542" type="classunload" timems="0.010" contextid="538" timestamp="2019-08-04T08:43:06.085">
  <classunload-info classloadercandidates="38" classloadersunloaded="0" classesunloaded="0" anonymousclassesunloaded="0" quiescems="0.000" setupms="0.009" scanms="0.000" postms="0.000" />
</gc-op>
<gc-end id="543" type="partial gc" contextid="538" durationms="23.593" usertimems="8.874" systemtimems="34.153" timestamp="2019-08-04T08:43:06.085" activeThreads="16">
  <mem-info id="544" free="33554432" total="71303168" percent="47">
    <mem type="eden" free="1478096" total="2097152" percent="70" />
    <remembered-set count="18848" freebytes="2775168" totalbytes="2850560" percent="97" regionsoverflowed="0" regionsstable="0" regionsrebuilding="0"/>
  </mem-info>
</gc-end>
<cycle-end id="545" type="partial gc" contextid="538" timestamp="2019-08-04T08:43:06.086">
  <attribute name="GC Util" value="63" />
  <attribute name="CPU Util" value="12338884859946" />
  <attribute name="Time Running"value="123857"/>
  <attribute name="Number of cores"value="16"/>
</cycle-end>
<exclusive-end id="546" timestamp="2019-08-04T08:43:06.086" durationms="24.610" />

<exclusive-start id="547" timestamp="2019-08-04T08:43:06.173" intervalms="111.617">
  <response-info timems="0.212" idlems="0.212" threads="0" lastid="0000000000C1FF00" lastname="main" />
</exclusive-start>
<allocation-taxation id="548" taxation-threshold="25165824" timestamp="2019-08-04T08:43:06.173" intervalms="111.698" />
<cycle-start id="549" type="partial gc" contextid="0" timestamp="2019-08-04T08:43:06.173" intervalms="111.729" />
  <attribute name="GC Util" value="63" />
  <attribute name="CPU Util" value="12338884859946" />
  <attribute name="Time Running"value="123857"/>
  <attribute name="Number of cores"value="16"/>
<gc-start id="550" type="partial gc" contextid="549" timestamp="2019-08-04T08:43:06.174">
  <mem-info id="551" free="8388608" total="71303168" percent="11">
    <mem type="eden" free="0" total="25165824" percent="0" />
    <remembered-set count="18496" freebytes="2776576" totalbytes="2850560" percent="97" regionsoverflowed="0" regionsstable="0" regionsrebuilding="0"/>
  </mem-info>
</gc-start>
<allocation-stats totalBytes="25162120" >
  <allocated-bytes non-tlh="402464" tlh="24759656" arrayletleaf="0"/>
  <largest-consumer threadName="main" threadId="0000000000C1FF00" bytes="25162120" />
</allocation-stats>
<gc-op id="552" type="copy forward" timems="21.228" contextid="549" timestamp="2019-08-04T08:43:06.197">
  <memory-copied type="eden" objects="9979" bytes="724192" bytesdiscarded="71920" />
  <memory-copied type="other" objects="1005" bytes="31544" bytesdiscarded="2992" />
  <memory-cardclean objects="132" bytes="13016" />
  <remembered-set-cleared processed="10065" cleared="563" durationms="0.137" />
  <references type="soft" candidates="4" cleared="0" enqueued="0" dynamicThreshold="15" maxThreshold="32" />
  <references type="weak" candidates="32" cleared="0" enqueued="0" />
  <references type="phantom" candidates="1" cleared="0" enqueued="0" />
  <stringconstants candidates="12498" cleared="0"  />
</gc-op>
<gc-op id="553" type="classunload" timems="0.011" contextid="549" timestamp="2019-08-04T08:43:06.197">
  <classunload-info classloadercandidates="40" classloadersunloaded="0" classesunloaded="0" anonymousclassesunloaded="0" quiescems="0.000" setupms="0.010" scanms="0.000" postms="0.000" />
</gc-op>
<heap-resize id="554" type="expand" space="default" amount="12582912" count="1" timems="0.129" reason="excessive time being spent in gc" timestamp="2019-08-04T08:43:06.197" />
<gc-end id="555" type="partial gc" contextid="549" durationms="23.694" usertimems="46.845" systemtimems="0.250" timestamp="2019-08-04T08:43:06.197" activeThreads="16">
  <mem-info id="556" free="44040192" total="83886080" percent="52">
    <mem type="eden" free="1300960" total="2097152" percent="62" />
    <remembered-set count="18816" freebytes="3278336" totalbytes="3353600" percent="97" regionsoverflowed="0" regionsstable="0" regionsrebuilding="0"/>
  </mem-info>
</gc-end>
<cycle-end id="557" type="partial gc" contextid="549" timestamp="2019-08-04T08:43:06.197">
  <attribute name="GC Util" value="141" />
  <attribute name="CPU Util" value="17043501317217" />
  <attribute name="Time Running"value="123968"/>
  <attribute name="Number of cores"value="16"/>
</cycle-end>
<exclusive-end id="558" timestamp="2019-08-04T08:43:06.198" durationms="24.708" />

<exclusive-start id="559" timestamp="2019-08-04T08:43:06.283" intervalms="110.035">
  <response-info timems="0.229" idlems="0.229" threads="0" lastid="0000000000C1FF00" lastname="main" />
</exclusive-start>
<allocation-taxation id="560" taxation-threshold="27262976" timestamp="2019-08-04T08:43:06.283" intervalms="109.942" />
<cycle-start id="561" type="partial gc" contextid="0" timestamp="2019-08-04T08:43:06.283" intervalms="109.878" />
  <attribute name="GC Util" value="141" />
  <attribute name="CPU Util" value="17043501317217" />
  <attribute name="Time Running"value="123968"/>
  <attribute name="Number of cores"value="16"/>
<gc-start id="562" type="partial gc" contextid="561" timestamp="2019-08-04T08:43:06.284">
  <mem-info id="563" free="16777216" total="83886080" percent="20">
    <mem type="eden" free="0" total="27262976" percent="0" />
    <remembered-set count="18592" freebytes="3279232" totalbytes="3353600" percent="97" regionsoverflowed="0" regionsstable="0" regionsrebuilding="0"/>
  </mem-info>
</gc-start>
<allocation-stats totalBytes="27259016" >
  <allocated-bytes non-tlh="601688" tlh="26657328" arrayletleaf="0"/>
  <largest-consumer threadName="main" threadId="0000000000C1FF00" bytes="27259016" />
</allocation-stats>
<gc-op id="564" type="copy forward" timems="18.319" contextid="561" timestamp="2019-08-04T08:43:06.304">
  <memory-copied type="eden" objects="7249" bytes="549632" bytesdiscarded="30008" />
  <memory-copied type="other" objects="494" bytes="18816" bytesdiscarded="1232" />
  <memory-cardclean objects="133" bytes="13264" />
  <remembered-set-cleared processed="10245" cleared="441" durationms="0.117" />
  <references type="soft" candidates="5" cleared="0" enqueued="0" dynamicThreshold="16" maxThreshold="32" />
  <references type="weak" candidates="31" cleared="0" enqueued="0" />
  <references type="phantom" candidates="1" cleared="0" enqueued="0" />
  <stringconstants candidates="12525" cleared="0"  />
</gc-op>
<gc-op id="565" type="classunload" timems="0.010" contextid="561" timestamp="2019-08-04T08:43:06.304">
  <classunload-info classloadercandidates="43" classloadersunloaded="0" classesunloaded="0" anonymousclassesunloaded="0" quiescems="0.000" setupms="0.010" scanms="0.000" postms="0.000" />
</gc-op>
<heap-resize id="566" type="expand" space="default" amount="14680064" count="1" timems="0.114" reason="excessive time being spent in gc" timestamp="2019-08-04T08:43:06.304" />
<gc-end id="567" type="partial gc" contextid="561" durationms="20.266" usertimems="41.676" systemtimems="0.000" timestamp="2019-08-04T08:43:06.304" activeThreads="16">
  <mem-info id="568" free="56623104" total="98566144" percent="57">
    <mem type="eden" free="1517392" total="2097152" percent="72" />
    <remembered-set count="18208" freebytes="3867648" totalbytes="3940480" percent="98" regionsoverflowed="0" regionsstable="0" regionsrebuilding="0"/>
  </mem-info>
</gc-end>
<cycle-end id="569" type="partial gc" contextid="561" timestamp="2019-08-04T08:43:06.305">
  <attribute name="GC Util" value="121" />
  <attribute name="CPU Util" value="17016490836060" />
  <attribute name="Time Running"value="124078"/>
  <attribute name="Number of cores"value="16"/>
</cycle-end>
<exclusive-end id="570" timestamp="2019-08-04T08:43:06.305" durationms="21.839" />

<exclusive-start id="571" timestamp="2019-08-04T08:43:06.394" intervalms="111.074">
  <response-info timems="0.027" idlems="0.027" threads="0" lastid="0000000000C1FF00" lastname="main" />
</exclusive-start>
<allocation-taxation id="572" taxation-threshold="31457280" timestamp="2019-08-04T08:43:06.394" intervalms="111.084" />
<cycle-start id="573" type="partial gc" contextid="0" timestamp="2019-08-04T08:43:06.394" intervalms="111.097" />
  <attribute name="GC Util" value="121" />
  <attribute name="CPU Util" value="17016490836060" />
  <attribute name="Time Running"value="124078"/>
  <attribute name="Number of cores"value="16"/>
<gc-start id="574" type="partial gc" contextid="573" timestamp="2019-08-04T08:43:06.394">
  <mem-info id="575" free="25165824" total="98566144" percent="25">
    <mem type="eden" free="0" total="31457280" percent="0" />
    <remembered-set count="17952" freebytes="3868672" totalbytes="3940480" percent="98" regionsoverflowed="0" regionsstable="0" regionsrebuilding="0"/>
  </mem-info>
</gc-start>
<allocation-stats totalBytes="31453768" >
  <allocated-bytes non-tlh="400800" tlh="31052968" arrayletleaf="0"/>
  <largest-consumer threadName="main" threadId="0000000000C1FF00" bytes="31453768" />
</allocation-stats>
<gc-op id="576" type="copy forward" timems="22.186" contextid="573" timestamp="2019-08-04T08:43:06.418">
  <memory-copied type="eden" objects="12767" bytes="795520" bytesdiscarded="77760" />
  <memory-copied type="other" objects="13210" bytes="774048" bytesdiscarded="47720" />
  <memory-cardclean objects="1383" bytes="77912" />
  <remembered-set-cleared processed="10422" cleared="1862" durationms="0.133" />
  <references type="soft" candidates="64" cleared="0" enqueued="0" dynamicThreshold="18" maxThreshold="32" />
  <references type="weak" candidates="153" cleared="0" enqueued="0" />
  <references type="phantom" candidates="4" cleared="0" enqueued="0" />
  <stringconstants candidates="12536" cleared="0"  />
</gc-op>
<gc-op id="577" type="classunload" timems="0.009" contextid="573" timestamp="2019-08-04T08:43:06.418">
  <classunload-info classloadercandidates="45" classloadersunloaded="0" classesunloaded="0" anonymousclassesunloaded="0" quiescems="0.000" setupms="0.009" scanms="0.000" postms="0.000" />
</gc-op>
<heap-resize id="578" type="expand" space="default" amount="12582912" count="1" timems="0.114" reason="excessive time being spent in gc" timestamp="2019-08-04T08:43:06.419" />
<gc-end id="579" type="partial gc" contextid="573" durationms="24.266" usertimems="53.006" systemtimems="0.000" timestamp="2019-08-04T08:43:06.419" activeThreads="16">
  <mem-info id="580" free="67108864" total="111149056" percent="60">
    <mem type="eden" free="1223792" total="2097152" percent="58" />
    <remembered-set count="20512" freebytes="4361472" totalbytes="4443520" percent="98" regionsoverflowed="0" regionsstable="0" regionsrebuilding="0"/>
  </mem-info>
</gc-end>
<cycle-end id="581" type="partial gc" contextid="573" timestamp="2019-08-04T08:43:06.419">
  <attribute name="GC Util" value="88" />
  <attribute name="CPU Util" value="16620664711984" />
  <attribute name="Time Running"value="124188"/>
  <attribute name="Number of cores"value="16"/>
</cycle-end>
<exclusive-end id="582" timestamp="2019-08-04T08:43:06.419" durationms="25.193" />

<exclusive-start id="583" timestamp="2019-08-04T08:43:06.542" intervalms="147.867">
  <response-info timems="0.305" idlems="0.305" threads="0" lastid="0000000000C1FF00" lastname="main" />
</exclusive-start>
<allocation-taxation id="584" taxation-threshold="35651584" timestamp="2019-08-04T08:43:06.542" intervalms="147.839" />
<cycle-start id="585" type="partial gc" contextid="0" timestamp="2019-08-04T08:43:06.542" intervalms="147.986" />
  <attribute name="GC Util" value="88" />
  <attribute name="CPU Util" value="16620664711984" />
  <attribute name="Time Running"value="124188"/>
  <attribute name="Number of cores"value="16"/>
<gc-start id="586" type="partial gc" contextid="585" timestamp="2019-08-04T08:43:06.543">
  <mem-info id="587" free="31457280" total="111149056" percent="28">
    <mem type="eden" free="0" total="35651584" percent="0" />
    <remembered-set count="20480" freebytes="4361600" totalbytes="4443520" percent="98" regionsoverflowed="0" regionsstable="0" regionsrebuilding="0"/>
  </mem-info>
</gc-start>
<allocation-stats totalBytes="35646248" >
  <allocated-bytes non-tlh="1269120" tlh="34377128" arrayletleaf="0"/>
  <largest-consumer threadName="main" threadId="0000000000C1FF00" bytes="35646248" />
</allocation-stats>
<gc-op id="588" type="copy forward" timems="19.220" contextid="585" timestamp="2019-08-04T08:43:06.565">
  <memory-copied type="eden" objects="12529" bytes="854344" bytesdiscarded="123784" />
  <memory-copied type="other" objects="313" bytes="10904" bytesdiscarded="3752" />
  <memory-cardclean objects="182" bytes="14792" />
  <remembered-set-cleared processed="11057" cleared="919" durationms="0.180" />
  <references type="soft" candidates="6" cleared="0" enqueued="0" dynamicThreshold="19" maxThreshold="32" />
  <references type="weak" candidates="50" cleared="0" enqueued="0" />
  <references type="phantom" candidates="1" cleared="0" enqueued="0" />
  <stringconstants candidates="12594" cleared="4"  />
</gc-op>
<gc-op id="589" type="classunload" timems="0.713" contextid="585" timestamp="2019-08-04T08:43:06.565">
  <classunload-info classloadercandidates="51" classloadersunloaded="2" classesunloaded="2" anonymousclassesunloaded="0" quiescems="0.000" setupms="0.646" scanms="0.060" postms="0.006" />
</gc-op>
<heap-resize id="590" type="expand" space="default" amount="4194304" count="1" timems="0.086" reason="excessive time being spent in gc" timestamp="2019-08-04T08:43:06.566" />
<gc-end id="591" type="partial gc" contextid="585" durationms="23.171" usertimems="35.370" systemtimems="7.887" timestamp="2019-08-04T08:43:06.566" activeThreads="16">
  <mem-info id="592" free="69206016" total="115343360" percent="60">
    <mem type="eden" free="1118896" total="2097152" percent="53" />
    <remembered-set count="20832" freebytes="4527872" totalbytes="4611200" percent="98" regionsoverflowed="0" regionsstable="0" regionsrebuilding="0"/>
  </mem-info>
</gc-end>
<cycle-end id="593" type="partial gc" contextid="585" timestamp="2019-08-04T08:43:06.566">
  <attribute name="GC Util" value="112" />
  <attribute name="CPU Util" value="7129234245780" />
  <attribute name="Time Running"value="124338"/>
  <attribute name="Number of cores"value="16"/>
</cycle-end>
<exclusive-end id="594" timestamp="2019-08-04T08:43:06.566" durationms="24.082" />

<exclusive-start id="595" timestamp="2019-08-04T08:43:06.682" intervalms="140.679">
  <response-info timems="0.118" idlems="0.118" threads="0" lastid="0000000000C1FF00" lastname="main" />
</exclusive-start>
<allocation-taxation id="596" taxation-threshold="35651584" timestamp="2019-08-04T08:43:06.683" intervalms="140.689" />
<cycle-start id="597" type="partial gc" contextid="0" timestamp="2019-08-04T08:43:06.683" intervalms="140.489" />
  <attribute name="GC Util" value="112" />
  <attribute name="CPU Util" value="7129234245780" />
  <attribute name="Time Running"value="124338"/>
  <attribute name="Number of cores"value="16"/>
<gc-start id="598" type="partial gc" contextid="597" timestamp="2019-08-04T08:43:06.683">
  <mem-info id="599" free="33554432" total="115343360" percent="29">
    <mem type="eden" free="0" total="35651584" percent="0" />
    <remembered-set count="20832" freebytes="4527872" totalbytes="4611200" percent="98" regionsoverflowed="0" regionsstable="0" regionsrebuilding="0"/>
  </mem-info>
</gc-start>
<allocation-stats totalBytes="35645624" >
  <allocated-bytes non-tlh="604496" tlh="35041128" arrayletleaf="0"/>
  <largest-consumer threadName="main" threadId="0000000000C1FF00" bytes="35645624" />
</allocation-stats>
<gc-op id="600" type="copy forward" timems="28.937" contextid="597" timestamp="2019-08-04T08:43:06.713">
  <memory-copied type="eden" objects="2265" bytes="325424" bytesdiscarded="30040" />
  <memory-copied type="other" objects="1037" bytes="34888" bytesdiscarded="2424" />
  <memory-cardclean objects="178" bytes="15016" />
  <remembered-set-cleared processed="11268" cleared="1033" durationms="0.129" />
  <references type="soft" candidates="7" cleared="0" enqueued="0" dynamicThreshold="19" maxThreshold="32" />
  <references type="weak" candidates="48" cleared="0" enqueued="0" />
  <references type="phantom" candidates="1" cleared="0" enqueued="0" />
  <stringconstants candidates="12668" cleared="0"  />
</gc-op>
<gc-op id="601" type="classunload" timems="0.011" contextid="597" timestamp="2019-08-04T08:43:06.713">
  <classunload-info classloadercandidates="52" classloadersunloaded="0" classesunloaded="0" anonymousclassesunloaded="0" quiescems="0.000" setupms="0.010" scanms="0.000" postms="0.000" />
</gc-op>
<heap-resize id="602" type="expand" space="default" amount="6291456" count="1" timems="0.101" reason="excessive time being spent in gc" timestamp="2019-08-04T08:43:06.714" />
<gc-end id="603" type="partial gc" contextid="597" durationms="30.916" usertimems="15.186" systemtimems="33.557" timestamp="2019-08-04T08:43:06.714" activeThreads="16">
  <mem-info id="604" free="73400320" total="121634816" percent="60">
    <mem type="eden" free="1741584" total="2097152" percent="83" />
    <remembered-set count="19616" freebytes="4784256" totalbytes="4862720" percent="98" regionsoverflowed="0" regionsstable="0" regionsrebuilding="0"/>
  </mem-info>
</gc-end>
<cycle-end id="605" type="partial gc" contextid="597" timestamp="2019-08-04T08:43:06.714">
  <attribute name="GC Util" value="124" />
  <attribute name="CPU Util" value="14025435677875" />
  <attribute name="Time Running"value="124477"/>
  <attribute name="Number of cores"value="16"/>
</cycle-end>
<exclusive-end id="606" timestamp="2019-08-04T08:43:06.714" durationms="31.519" />

<exclusive-start id="607" timestamp="2019-08-04T08:43:07.188" intervalms="505.879">
  <response-info timems="0.094" idlems="0.094" threads="0" lastid="0000000000C1FF00" lastname="main" />
</exclusive-start>
<allocation-taxation id="608" taxation-threshold="37748736" timestamp="2019-08-04T08:43:07.188" intervalms="505.892" />
<cycle-start id="609" type="partial gc" contextid="0" timestamp="2019-08-04T08:43:07.189" intervalms="505.960" />
  <attribute name="GC Util" value="124" />
  <attribute name="CPU Util" value="14025435677875" />
  <attribute name="Time Running"value="124477"/>
  <attribute name="Number of cores"value="16"/>
<gc-start id="610" type="partial gc" contextid="609" timestamp="2019-08-04T08:43:07.189">
  <mem-info id="611" free="35651584" total="121634816" percent="29">
    <mem type="eden" free="0" total="37748736" percent="0" />
    <remembered-set count="19360" freebytes="4785280" totalbytes="4862720" percent="98" regionsoverflowed="0" regionsstable="0" regionsrebuilding="0"/>
  </mem-info>
</gc-start>
<allocation-stats totalBytes="37721120" >
  <allocated-bytes non-tlh="3362712" tlh="34358408" arrayletleaf="0"/>
  <largest-consumer threadName="main" threadId="0000000000C1FF00" bytes="37721120" />
</allocation-stats>
<gc-op id="612" type="copy forward" timems="16.070" contextid="609" timestamp="2019-08-04T08:43:07.207">
  <memory-copied type="eden" objects="37473" bytes="3035120" bytesdiscarded="166080" />
  <memory-copied type="other" objects="875" bytes="29024" bytesdiscarded="2312" />
  <memory-cardclean objects="727" bytes="46800" />
  <remembered-set-cleared processed="11020" cleared="634" durationms="0.183" />
  <finalization candidates="3" enqueued="2" />
  <references type="soft" candidates="780" cleared="0" enqueued="0" dynamicThreshold="19" maxThreshold="32" />
  <references type="weak" candidates="158" cleared="23" enqueued="23" />
  <references type="phantom" candidates="2" cleared="0" enqueued="0" />
  <stringconstants candidates="13312" cleared="0"  />
</gc-op>
<gc-op id="613" type="classunload" timems="0.008" contextid="609" timestamp="2019-08-04T08:43:07.207">
  <classunload-info classloadercandidates="55" classloadersunloaded="0" classesunloaded="0" anonymousclassesunloaded="0" quiescems="0.000" setupms="0.008" scanms="0.000" postms="0.000" />
</gc-op>
<gc-end id="614" type="partial gc" contextid="609" durationms="18.361" usertimems="37.960" systemtimems="0.000" timestamp="2019-08-04T08:43:07.207" activeThreads="16">
  <mem-info id="615" free="69206016" total="121634816" percent="56">
    <mem type="eden" free="992696" total="4194304" percent="23" />
    <pending-finalizers system="0" default="2" reference="23" classloader="0" />
    <remembered-set count="24800" freebytes="4763520" totalbytes="4862720" percent="97" regionsoverflowed="0" regionsstable="0" regionsrebuilding="0"/>
  </mem-info>
</gc-end>
<cycle-end id="616" type="partial gc" contextid="609" timestamp="2019-08-04T08:43:07.207">
  <attribute name="GC Util" value="62" />
  <attribute name="CPU Util" value="11433360494612" />
  <attribute name="Time Running"value="124983"/>
  <attribute name="Number of cores"value="16"/>
</cycle-end>
<exclusive-end id="617" timestamp="2019-08-04T08:43:07.208" durationms="19.217" />

<exclusive-start id="618" timestamp="2019-08-04T08:43:07.490" intervalms="301.810">
  <response-info timems="0.163" idlems="0.163" threads="0" lastid="0000000000C1FF00" lastname="main" />
</exclusive-start>
<allocation-taxation id="619" taxation-threshold="37748736" timestamp="2019-08-04T08:43:07.490" intervalms="301.815" />
<cycle-start id="620" type="partial gc" contextid="0" timestamp="2019-08-04T08:43:07.490" intervalms="301.822" />
  <attribute name="GC Util" value="62" />
  <attribute name="CPU Util" value="11433360494612" />
  <attribute name="Time Running"value="124983"/>
  <attribute name="Number of cores"value="16"/>
<gc-start id="621" type="partial gc" contextid="620" timestamp="2019-08-04T08:43:07.491">
  <mem-info id="622" free="31457280" total="121634816" percent="25">
    <mem type="eden" free="0" total="37748736" percent="0" />
    <remembered-set count="24640" freebytes="4764160" totalbytes="4862720" percent="97" regionsoverflowed="0" regionsstable="0" regionsrebuilding="0"/>
  </mem-info>
</gc-start>
<allocation-stats totalBytes="37706784" >
  <allocated-bytes non-tlh="0" tlh="37706784" arrayletleaf="0"/>
  <largest-consumer threadName="main" threadId="0000000000C1FF00" bytes="37702688" />
</allocation-stats>
<gc-op id="623" type="copy forward" timems="27.280" contextid="620" timestamp="2019-08-04T08:43:07.520">
  <memory-copied type="eden" objects="78109" bytes="1967560" bytesdiscarded="124728" />
  <memory-copied type="other" objects="36771" bytes="2991360" bytesdiscarded="144968" />
  <memory-cardclean objects="257" bytes="30544" />
  <remembered-set-cleared processed="13954" cleared="3279" durationms="0.217" />
  <finalization candidates="1" enqueued="0" />
  <references type="soft" candidates="777" cleared="0" enqueued="0" dynamicThreshold="18" maxThreshold="32" />
  <references type="weak" candidates="127" cleared="0" enqueued="0" />
  <references type="phantom" candidates="2" cleared="0" enqueued="0" />
  <stringconstants candidates="13312" cleared="0"  />
</gc-op>
<gc-op id="624" type="classunload" timems="0.010" contextid="620" timestamp="2019-08-04T08:43:07.520">
  <classunload-info classloadercandidates="55" classloadersunloaded="0" classesunloaded="0" anonymousclassesunloaded="0" quiescems="0.000" setupms="0.009" scanms="0.000" postms="0.000" />
</gc-op>
<gc-end id="625" type="partial gc" contextid="620" durationms="29.766" usertimems="64.061" systemtimems="0.000" timestamp="2019-08-04T08:43:07.520" activeThreads="16">
  <mem-info id="626" free="65011712" total="121634816" percent="53">
    <mem type="eden" free="2102016" total="4194304" percent="50" />
    <remembered-set count="30560" freebytes="4740480" totalbytes="4862720" percent="97" regionsoverflowed="0" regionsstable="0" regionsrebuilding="0"/>
  </mem-info>
</gc-end>
<cycle-end id="627" type="partial gc" contextid="620" timestamp="2019-08-04T08:43:07.520">
  <attribute name="GC Util" value="73" />
  <attribute name="CPU Util" value="9052226030641" />
  <attribute name="Time Running"value="125286"/>
  <attribute name="Number of cores"value="16"/>
</cycle-end>
<exclusive-end id="628" timestamp="2019-08-04T08:43:07.521" durationms="30.853" />

<exclusive-start id="629" timestamp="2019-08-04T08:43:07.658" intervalms="167.901">
  <response-info timems="0.020" idlems="0.020" threads="0" lastid="0000000000C1FF00" lastname="main" />
</exclusive-start>
<allocation-taxation id="630" taxation-threshold="37748736" timestamp="2019-08-04T08:43:07.658" intervalms="167.929" />
<cycle-start id="631" type="partial gc" contextid="0" timestamp="2019-08-04T08:43:07.658" intervalms="167.864" />
  <attribute name="GC Util" value="73" />
  <attribute name="CPU Util" value="9052226030641" />
  <attribute name="Time Running"value="125286"/>
  <attribute name="Number of cores"value="16"/>
<gc-start id="632" type="partial gc" contextid="631" timestamp="2019-08-04T08:43:07.658">
  <mem-info id="633" free="27262976" total="121634816" percent="22">
    <mem type="eden" free="0" total="37748736" percent="0" />
    <remembered-set count="30240" freebytes="4741760" totalbytes="4862720" percent="97" regionsoverflowed="0" regionsstable="0" regionsrebuilding="0"/>
  </mem-info>
</gc-start>
<allocation-stats totalBytes="37713832" >
  <allocated-bytes non-tlh="65544" tlh="37648288" arrayletleaf="0"/>
  <largest-consumer threadName="main" threadId="0000000000C1FF00" bytes="37713832" />
</allocation-stats>
<gc-op id="634" type="copy forward" timems="18.959" contextid="631" timestamp="2019-08-04T08:43:07.678">
  <memory-copied type="eden" objects="80339" bytes="2112936" bytesdiscarded="84976" />
  <memory-copied type="other" objects="110081" bytes="2772136" bytesdiscarded="217424" />
  <memory-cardclean objects="560" bytes="28088" />
  <remembered-set-cleared processed="18359" cleared="6851" durationms="0.169" />
  <references type="soft" candidates="728" cleared="0" enqueued="0" dynamicThreshold="17" maxThreshold="32" />
  <references type="weak" candidates="31" cleared="0" enqueued="0" />
  <references type="phantom" candidates="1" cleared="0" enqueued="0" />
  <stringconstants candidates="13312" cleared="0"  />
</gc-op>
<gc-op id="635" type="classunload" timems="0.009" contextid="631" timestamp="2019-08-04T08:43:07.679">
  <classunload-info classloadercandidates="55" classloadersunloaded="0" classesunloaded="0" anonymousclassesunloaded="0" quiescems="0.000" setupms="0.009" scanms="0.000" postms="0.000" />
</gc-op>
<gc-end id="636" type="partial gc" contextid="631" durationms="20.255" usertimems="56.429" systemtimems="0.000" timestamp="2019-08-04T08:43:07.679" activeThreads="16">
  <mem-info id="637" free="62914560" total="121634816" percent="51">
    <mem type="eden" free="1996392" total="4194304" percent="47" />
    <remembered-set count="35008" freebytes="4722688" totalbytes="4862720" percent="97" regionsoverflowed="0" regionsstable="0" regionsrebuilding="0"/>
  </mem-info>
</gc-end>
<cycle-end id="638" type="partial gc" contextid="631" timestamp="2019-08-04T08:43:07.679">
  <attribute name="GC Util" value="195" />
  <attribute name="CPU Util" value="24327440364490" />
  <attribute name="Time Running"value="125452"/>
  <attribute name="Number of cores"value="16"/>
</cycle-end>
<exclusive-end id="639" timestamp="2019-08-04T08:43:07.679" durationms="21.251" />

<exclusive-start id="640" timestamp="2019-08-04T08:43:07.786" intervalms="128.226">
  <response-info timems="0.017" idlems="0.017" threads="0" lastid="0000000000C1FF00" lastname="main" />
</exclusive-start>
<allocation-taxation id="641" taxation-threshold="37748736" timestamp="2019-08-04T08:43:07.786" intervalms="128.320" />
<cycle-start id="642" type="partial gc" contextid="0" timestamp="2019-08-04T08:43:07.787" intervalms="128.260" />
  <attribute name="GC Util" value="195" />
  <attribute name="CPU Util" value="24327440364490" />
  <attribute name="Time Running"value="125452"/>
  <attribute name="Number of cores"value="16"/>
<gc-start id="643" type="partial gc" contextid="642" timestamp="2019-08-04T08:43:07.787">
  <mem-info id="644" free="25165824" total="121634816" percent="20">
    <mem type="eden" free="0" total="37748736" percent="0" />
    <remembered-set count="34656" freebytes="4724096" totalbytes="4862720" percent="97" regionsoverflowed="0" regionsstable="0" regionsrebuilding="0"/>
  </mem-info>
</gc-start>
<allocation-stats totalBytes="37711384" >
  <allocated-bytes non-tlh="0" tlh="37711384" arrayletleaf="0"/>
  <largest-consumer threadName="main" threadId="0000000000C1FF00" bytes="37711384" />
</allocation-stats>
<gc-op id="645" type="copy forward" timems="26.386" contextid="642" timestamp="2019-08-04T08:43:07.815">
  <memory-copied type="eden" objects="77073" bytes="1891216" bytesdiscarded="146424" />
  <memory-copied type="other" objects="157497" bytes="3990032" bytesdiscarded="276992" />
  <memory-cardclean objects="696" bytes="19448" />
  <remembered-set-cleared processed="23203" cleared="9122" durationms="0.524" />
  <stringconstants candidates="13312" cleared="0"  />
</gc-op>
<gc-op id="646" type="classunload" timems="0.011" contextid="642" timestamp="2019-08-04T08:43:07.815">
  <classunload-info classloadercandidates="55" classloadersunloaded="0" classesunloaded="0" anonymousclassesunloaded="0" quiescems="0.000" setupms="0.011" scanms="0.000" postms="0.000" />
</gc-op>
<gc-end id="647" type="partial gc" contextid="642" durationms="28.191" usertimems="87.583" systemtimems="0.000" timestamp="2019-08-04T08:43:07.815" activeThreads="16">
  <mem-info id="648" free="60817408" total="121634816" percent="50">
    <mem type="eden" free="59512" total="2097152" percent="2" />
    <remembered-set count="40672" freebytes="4700032" totalbytes="4862720" percent="96" regionsoverflowed="0" regionsstable="0" regionsrebuilding="0"/>
  </mem-info>
</gc-end>
<cycle-end id="649" type="partial gc" contextid="642" timestamp="2019-08-04T08:43:07.815">
  <attribute name="GC Util" value="223" />
  <attribute name="CPU Util" value="14672564200365" />
  <attribute name="Time Running"value="125581"/>
  <attribute name="Number of cores"value="16"/>
</cycle-end>
<exclusive-end id="650" timestamp="2019-08-04T08:43:07.815" durationms="28.873" />

<exclusive-start id="651" timestamp="2019-08-04T08:43:07.920" intervalms="133.516">
  <response-info timems="0.014" idlems="0.014" threads="0" lastid="0000000000C1FF00" lastname="main" />
</exclusive-start>
<allocation-taxation id="652" taxation-threshold="37748736" timestamp="2019-08-04T08:43:07.920" intervalms="133.370" />
<cycle-start id="653" type="partial gc" contextid="0" timestamp="2019-08-04T08:43:07.920" intervalms="133.435" />
  <attribute name="GC Util" value="223" />
  <attribute name="CPU Util" value="14672564200365" />
  <attribute name="Time Running"value="125581"/>
  <attribute name="Number of cores"value="16"/>
<gc-start id="654" type="partial gc" contextid="653" timestamp="2019-08-04T08:43:07.920">
  <mem-info id="655" free="23068672" total="121634816" percent="18">
    <mem type="eden" free="0" total="37748736" percent="0" />
    <remembered-set count="40544" freebytes="4700544" totalbytes="4862720" percent="96" regionsoverflowed="0" regionsstable="0" regionsrebuilding="0"/>
  </mem-info>
</gc-start>
<allocation-stats totalBytes="37711152" >
  <allocated-bytes non-tlh="262160" tlh="37448992" arrayletleaf="0"/>
  <largest-consumer threadName="main" threadId="0000000000C1FF00" bytes="37711152" />
</allocation-stats>
<gc-op id="656" type="copy forward" timems="22.913" contextid="653" timestamp="2019-08-04T08:43:07.946">
  <memory-copied type="eden" objects="79500" bytes="2236152" bytesdiscarded="116720" />
  <memory-copied type="other" objects="80403" bytes="3975440" bytesdiscarded="176864" />
  <memory-cardclean objects="13111" bytes="538128" />
  <remembered-set-cleared processed="27345" cleared="6869" durationms="0.787" />
  <finalization candidates="1" enqueued="0" />
  <references type="soft" candidates="49" cleared="0" enqueued="0" dynamicThreshold="16" maxThreshold="32" />
  <references type="weak" candidates="96" cleared="0" enqueued="0" />
  <references type="phantom" candidates="1" cleared="0" enqueued="0" />
  <stringconstants candidates="13312" cleared="0"  />
</gc-op>
<gc-op id="657" type="classunload" timems="0.012" contextid="653" timestamp="2019-08-04T08:43:07.946">
  <classunload-info classloadercandidates="55" classloadersunloaded="0" classesunloaded="0" anonymousclassesunloaded="0" quiescems="0.000" setupms="0.012" scanms="0.000" postms="0.000" />
</gc-op>
<heap-resize id="658" type="expand" space="default" amount="20971520" count="1" timems="0.130" reason="excessive time being spent in gc" timestamp="2019-08-04T08:43:07.947" />
<gc-end id="659" type="partial gc" contextid="653" durationms="26.775" usertimems="73.448" systemtimems="0.000" timestamp="2019-08-04T08:43:07.947" activeThreads="16">
  <mem-info id="660" free="75497472" total="142606336" percent="52">
    <mem type="eden" free="3938584" total="6291456" percent="62" />
    <remembered-set count="45248" freebytes="5520128" totalbytes="5701120" percent="96" regionsoverflowed="0" regionsstable="0" regionsrebuilding="0"/>
  </mem-info>
</gc-end>
<cycle-end id="661" type="partial gc" contextid="653" timestamp="2019-08-04T08:43:07.947">
  <attribute name="GC Util" value="119" />
  <attribute name="CPU Util" value="6178147556207" />
  <attribute name="Time Running"value="125716"/>
  <attribute name="Number of cores"value="16"/>
</cycle-end>
<exclusive-end id="662" timestamp="2019-08-04T08:43:07.948" durationms="27.916" />

<exclusive-start id="663" timestamp="2019-08-04T08:43:08.104" intervalms="184.155">
  <response-info timems="0.219" idlems="0.219" threads="0" lastid="0000000000C1FF00" lastname="main" />
</exclusive-start>
<allocation-taxation id="664" taxation-threshold="41943040" timestamp="2019-08-04T08:43:08.104" intervalms="184.161" />
<cycle-start id="665" type="partial gc" contextid="0" timestamp="2019-08-04T08:43:08.104" intervalms="184.133" />
  <attribute name="GC Util" value="119" />
  <attribute name="CPU Util" value="6178147556207" />
  <attribute name="Time Running"value="125716"/>
  <attribute name="Number of cores"value="16"/>
<gc-start id="666" type="partial gc" contextid="665" timestamp="2019-08-04T08:43:08.105">
  <mem-info id="667" free="33554432" total="142606336" percent="23">
    <mem type="eden" free="0" total="41943040" percent="0" />
    <remembered-set count="45088" freebytes="5520768" totalbytes="5701120" percent="96" regionsoverflowed="0" regionsstable="0" regionsrebuilding="0"/>
  </mem-info>
</gc-start>
<allocation-stats totalBytes="41908616" >
  <allocated-bytes non-tlh="1809512" tlh="40099104" arrayletleaf="0"/>
  <largest-consumer threadName="main" threadId="0000000000C1FF00" bytes="41908616" />
</allocation-stats>
<gc-op id="668" type="copy forward" timems="32.056" contextid="665" timestamp="2019-08-04T08:43:08.138">
  <memory-copied type="eden" objects="85923" bytes="3343288" bytesdiscarded="248056" />
  <memory-copied type="other" objects="155952" bytes="4096568" bytesdiscarded="206208" />
  <memory-cardclean objects="8897" bytes="382704" />
  <remembered-set-cleared processed="32125" cleared="10123" durationms="0.246" />
  <finalization candidates="1" enqueued="1" />
  <references type="weak" candidates="6" cleared="0" enqueued="0" />
  <stringconstants candidates="13312" cleared="0"  />
</gc-op>
<gc-op id="669" type="classunload" timems="0.013" contextid="665" timestamp="2019-08-04T08:43:08.138">
  <classunload-info classloadercandidates="55" classloadersunloaded="0" classesunloaded="0" anonymousclassesunloaded="0" quiescems="0.000" setupms="0.013" scanms="0.000" postms="0.000" />
</gc-op>
<heap-resize id="670" type="expand" space="default" amount="25165824" count="1" timems="0.153" reason="excessive time being spent in gc" timestamp="2019-08-04T08:43:08.138" />
<gc-end id="671" type="partial gc" contextid="665" durationms="33.931" usertimems="112.837" systemtimems="0.000" timestamp="2019-08-04T08:43:08.138" activeThreads="16">
  <mem-info id="672" free="98566144" total="167772160" percent="58">
    <mem type="eden" free="602936" total="4194304" percent="14" />
    <pending-finalizers system="0" default="1" reference="0" classloader="0" />
    <remembered-set count="51200" freebytes="6502400" totalbytes="6707200" percent="96" regionsoverflowed="0" regionsstable="0" regionsrebuilding="0"/>
  </mem-info>
</gc-end>
<cycle-end id="673" type="partial gc" contextid="665" timestamp="2019-08-04T08:43:08.139">
  <attribute name="GC Util" value="138" />
  <attribute name="CPU Util" value="28190124923321" />
  <attribute name="Time Running"value="125898"/>
  <attribute name="Number of cores"value="16"/>
</cycle-end>
<exclusive-end id="674" timestamp="2019-08-04T08:43:08.139" durationms="34.972" />

-------------------------------------------------------------------------------
PYBENCH 2.0
-------------------------------------------------------------------------------
* using Python 2.5.2
* system check interval set to maximum: 2147483647
* using timer: time.time

Calibrating tests. Please wait...

Running 4 round(s) of the suite at warp factor 10:

<exclusive-start id="675" timestamp="2019-08-04T08:43:08.495" intervalms="391.527">
  <response-info timems="0.422" idlems="0.422" threads="0" lastid="0000000000C1FF00" lastname="main" />
</exclusive-start>
<allocation-taxation id="676" taxation-threshold="48234496" timestamp="2019-08-04T08:43:08.496" intervalms="391.531" />
<cycle-start id="677" type="partial gc" contextid="0" timestamp="2019-08-04T08:43:08.496" intervalms="391.676" />
  <attribute name="GC Util" value="138" />
  <attribute name="CPU Util" value="28190124923321" />
  <attribute name="Time Running"value="125898"/>
  <attribute name="Number of cores"value="16"/>
<gc-start id="678" type="partial gc" contextid="677" timestamp="2019-08-04T08:43:08.496">
  <mem-info id="679" free="50331648" total="167772160" percent="30">
    <mem type="eden" free="0" total="48234496" percent="0" />
    <remembered-set count="50784" freebytes="6504064" totalbytes="6707200" percent="96" regionsoverflowed="0" regionsstable="0" regionsrebuilding="0"/>
  </mem-info>
</gc-start>
<allocation-stats totalBytes="48230192" >
  <allocated-bytes non-tlh="149376" tlh="48080816" arrayletleaf="0"/>
  <largest-consumer threadName="main" threadId="0000000000C1FF00" bytes="48230192" />
</allocation-stats>
<gc-op id="680" type="copy forward" timems="44.522" contextid="677" timestamp="2019-08-04T08:43:08.543">
  <memory-copied type="eden" objects="69521" bytes="1748224" bytesdiscarded="179120" />
  <memory-copied type="other" objects="160171" bytes="3956368" bytesdiscarded="212984" />
  <memory-cardclean objects="8131" bytes="494896" />
  <remembered-set-cleared processed="36229" cleared="10942" durationms="0.279" />
  <references type="soft" candidates="2139" cleared="0" enqueued="0" dynamicThreshold="18" maxThreshold="32" />
  <references type="weak" candidates="84" cleared="4" enqueued="3" />
  <stringconstants candidates="13771" cleared="5"  />
</gc-op>
<gc-op id="681" type="classunload" timems="0.009" contextid="677" timestamp="2019-08-04T08:43:08.543">
  <classunload-info classloadercandidates="55" classloadersunloaded="0" classesunloaded="0" anonymousclassesunloaded="0" quiescems="0.000" setupms="0.009" scanms="0.000" postms="0.000" />
</gc-op>
<gc-end id="682" type="partial gc" contextid="677" durationms="47.473" usertimems="198.554" systemtimems="0.000" timestamp="2019-08-04T08:43:08.544" activeThreads="16">
  <mem-info id="683" free="96468992" total="167772160" percent="57">
    <mem type="eden" free="169784" total="2097152" percent="8" />
    <pending-finalizers system="0" default="0" reference="3" classloader="0" />
    <remembered-set count="52768" freebytes="6496128" totalbytes="6707200" percent="96" regionsoverflowed="0" regionsstable="0" regionsrebuilding="0"/>
  </mem-info>
</gc-end>
<cycle-end id="684" type="partial gc" contextid="677" timestamp="2019-08-04T08:43:08.544">
  <attribute name="GC Util" value="203" />
  <attribute name="CPU Util" value="11645892185308" />
  <attribute name="Time Running"value="126291"/>
  <attribute name="Number of cores"value="16"/>
</cycle-end>
<exclusive-end id="685" timestamp="2019-08-04T08:43:08.544" durationms="48.988" />

<exclusive-start id="686" timestamp="2019-08-04T08:43:10.770" intervalms="2274.427">
  <response-info timems="0.047" idlems="0.047" threads="0" lastid="0000000000C1FF00" lastname="main" />
</exclusive-start>
<allocation-taxation id="687" taxation-threshold="48234496" timestamp="2019-08-04T08:43:10.770" intervalms="2274.429" />
<cycle-start id="688" type="partial gc" contextid="0" timestamp="2019-08-04T08:43:10.770" intervalms="2274.282" />
  <attribute name="GC Util" value="203" />
  <attribute name="CPU Util" value="11645892185308" />
  <attribute name="Time Running"value="126291"/>
  <attribute name="Number of cores"value="16"/>
<gc-start id="689" type="partial gc" contextid="688" timestamp="2019-08-04T08:43:10.770">
  <mem-info id="690" free="48234496" total="167772160" percent="28">
    <mem type="eden" free="0" total="48234496" percent="0" />
    <remembered-set count="52352" freebytes="6497792" totalbytes="6707200" percent="96" regionsoverflowed="0" regionsstable="0" regionsrebuilding="0"/>
  </mem-info>
</gc-start>
<allocation-stats totalBytes="48176552" >
  <allocated-bytes non-tlh="64" tlh="48176488" arrayletleaf="0"/>
  <largest-consumer threadName="main" threadId="0000000000C1FF00" bytes="48176552" />
</allocation-stats>
<gc-op id="691" type="copy forward" timems="26.711" contextid="688" timestamp="2019-08-04T08:43:10.798">
  <memory-copied type="eden" objects="84" bytes="3272" bytesdiscarded="8008" />
  <memory-copied type="other" objects="146246" bytes="3630112" bytesdiscarded="135216" />
  <memory-cardclean objects="6159" bytes="444880" />
  <remembered-set-cleared processed="39429" cleared="9340" durationms="0.271" />
  <references type="soft" candidates="2139" cleared="0" enqueued="0" dynamicThreshold="18" maxThreshold="32" />
  <references type="weak" candidates="76" cleared="0" enqueued="0" />
  <stringconstants candidates="13767" cleared="0"  />
</gc-op>
<gc-op id="692" type="classunload" timems="0.009" contextid="688" timestamp="2019-08-04T08:43:10.798">
  <classunload-info classloadercandidates="55" classloadersunloaded="0" classesunloaded="0" anonymousclassesunloaded="0" quiescems="0.000" setupms="0.009" scanms="0.000" postms="0.000" />
</gc-op>
<gc-end id="693" type="partial gc" contextid="688" durationms="27.974" usertimems="73.208" systemtimems="0.000" timestamp="2019-08-04T08:43:10.798" activeThreads="16">
  <mem-info id="694" free="94371840" total="167772160" percent="56">
    <mem type="eden" free="2085872" total="2097152" percent="99" />
    <remembered-set count="53312" freebytes="6493952" totalbytes="6707200" percent="96" regionsoverflowed="0" regionsstable="0" regionsrebuilding="0"/>
  </mem-info>
</gc-end>
<cycle-end id="695" type="partial gc" contextid="688" timestamp="2019-08-04T08:43:10.798">
  <attribute name="GC Util" value="165" />
  <attribute name="CPU Util" value="26214714131156" />
  <attribute name="Time Running"value="128564"/>
  <attribute name="Number of cores"value="16"/>
</cycle-end>
<exclusive-end id="696" timestamp="2019-08-04T08:43:10.798" durationms="28.545" />

<exclusive-start id="697" timestamp="2019-08-04T08:43:10.835" intervalms="65.539">
  <response-info timems="0.018" idlems="0.018" threads="0" lastid="0000000000C1FF00" lastname="main" />
</exclusive-start>
<allocation-taxation id="698" taxation-threshold="48234496" timestamp="2019-08-04T08:43:10.835" intervalms="65.533" />
<cycle-start id="699" type="partial gc" contextid="0" timestamp="2019-08-04T08:43:10.836" intervalms="65.526" />
  <attribute name="GC Util" value="165" />
  <attribute name="CPU Util" value="26214714131156" />
  <attribute name="Time Running"value="128564"/>
  <attribute name="Number of cores"value="16"/>
<gc-start id="700" type="partial gc" contextid="699" timestamp="2019-08-04T08:43:10.836">
  <mem-info id="701" free="46137344" total="167772160" percent="27">
    <mem type="eden" free="0" total="48234496" percent="0" />
    <remembered-set count="53056" freebytes="6494976" totalbytes="6707200" percent="96" regionsoverflowed="0" regionsstable="0" regionsrebuilding="0"/>
  </mem-info>
</gc-start>
<allocation-stats totalBytes="48056848" >
  <allocated-bytes non-tlh="0" tlh="48056848" arrayletleaf="0"/>
  <largest-consumer threadName="main" threadId="0000000000C1FF00" bytes="48056848" />
</allocation-stats>
<gc-op id="702" type="copy forward" timems="15.779" contextid="699" timestamp="2019-08-04T08:43:10.854">
  <memory-copied type="eden" objects="2" bytes="56" bytesdiscarded="736" />
  <memory-copied type="other" objects="77527" bytes="1926760" bytesdiscarded="99448" />
  <memory-cardclean objects="5278" bytes="398576" />
  <remembered-set-cleared processed="39543" cleared="6057" durationms="0.370" />
  <references type="weak" candidates="2" cleared="0" enqueued="0" />
  <stringconstants candidates="13767" cleared="0"  />
</gc-op>
<gc-op id="703" type="classunload" timems="0.010" contextid="699" timestamp="2019-08-04T08:43:10.854">
  <classunload-info classloadercandidates="55" classloadersunloaded="0" classesunloaded="0" anonymousclassesunloaded="0" quiescems="0.000" setupms="0.010" scanms="0.000" postms="0.000" />
</gc-op>
<heap-resize id="704" type="contract" space="default" amount="8388608" count="1" timems="0.073" reason="insufficient time being spent in gc" timestamp="2019-08-04T08:43:10.854" />
<gc-end id="705" type="partial gc" contextid="699" durationms="18.179" usertimems="38.899" systemtimems="0.000" timestamp="2019-08-04T08:43:10.854" activeThreads="16">
  <mem-info id="706" free="85983232" total="159383552" percent="53">
    <mem type="eden" free="2096360" total="2097152" percent="99" />
    <remembered-set count="51968" freebytes="6499328" totalbytes="6707200" percent="96" regionsoverflowed="0" regionsstable="0" regionsrebuilding="0"/>
  </mem-info>
</gc-end>
<cycle-end id="707" type="partial gc" contextid="699" timestamp="2019-08-04T08:43:10.854">
  <attribute name="GC Util" value="101" />
  <attribute name="CPU Util" value="10082297999407" />
  <attribute name="Time Running"value="128631"/>
  <attribute name="Number of cores"value="16"/>
</cycle-end>
<exclusive-end id="708" timestamp="2019-08-04T08:43:10.854" durationms="18.702" />

<exclusive-start id="709" timestamp="2019-08-04T08:43:10.891" intervalms="55.847">
  <response-info timems="0.178" idlems="0.178" threads="0" lastid="0000000000C1FF00" lastname="main" />
</exclusive-start>
<allocation-taxation id="710" taxation-threshold="46137344" timestamp="2019-08-04T08:43:10.891" intervalms="55.855" />
<cycle-start id="711" type="partial gc" contextid="0" timestamp="2019-08-04T08:43:10.891" intervalms="55.880" />
  <attribute name="GC Util" value="101" />
  <attribute name="CPU Util" value="10082297999407" />
  <attribute name="Time Running"value="128631"/>
  <attribute name="Number of cores"value="16"/>
<gc-start id="712" type="partial gc" contextid="711" timestamp="2019-08-04T08:43:10.892">
  <mem-info id="713" free="39845888" total="159383552" percent="25">
    <mem type="eden" free="2096360" total="48234496" percent="4" />
    <remembered-set count="51584" freebytes="6500864" totalbytes="6707200" percent="96" regionsoverflowed="0" regionsstable="0" regionsrebuilding="0"/>
  </mem-info>
</gc-start>
<allocation-stats totalBytes="45982592" >
  <allocated-bytes non-tlh="0" tlh="45982592" arrayletleaf="0"/>
  <largest-consumer threadName="main" threadId="0000000000C1FF00" bytes="45982592" />
</allocation-stats>
<gc-op id="714" type="copy forward" timems="29.506" contextid="711" timestamp="2019-08-04T08:43:10.923">
  <memory-copied type="eden" objects="2" bytes="56" bytesdiscarded="0" />
  <memory-copied type="other" objects="82550" bytes="2018160" bytesdiscarded="67712" />
  <memory-cardclean objects="5577" bytes="550608" />
  <remembered-set-cleared processed="39621" cleared="5211" durationms="0.311" />
  <references type="weak" candidates="6" cleared="0" enqueued="0" />
  <stringconstants candidates="13767" cleared="0"  />
</gc-op>
<gc-op id="715" type="classunload" timems="0.007" contextid="711" timestamp="2019-08-04T08:43:10.923">
  <classunload-info classloadercandidates="55" classloadersunloaded="0" classesunloaded="0" anonymousclassesunloaded="0" quiescems="0.000" setupms="0.007" scanms="0.000" postms="0.000" />
</gc-op>
<heap-resize id="716" type="contract" space="default" amount="8388608" count="1" timems="0.256" reason="insufficient time being spent in gc" timestamp="2019-08-04T08:43:10.923" />
<gc-end id="717" type="partial gc" contextid="711" durationms="31.878" usertimems="63.851" systemtimems="0.000" timestamp="2019-08-04T08:43:10.924" activeThreads="16">
  <mem-info id="718" free="77594624" total="150994944" percent="51">
    <mem type="eden" free="2097096" total="2097152" percent="99" />
    <remembered-set count="51648" freebytes="6165248" totalbytes="6371840" percent="96" regionsoverflowed="0" regionsstable="0" regionsrebuilding="0"/>
  </mem-info>
</gc-end>
<cycle-end id="719" type="partial gc" contextid="711" timestamp="2019-08-04T08:43:10.924">
  <attribute name="GC Util" value="60" />
  <attribute name="CPU Util" value="11494845296257" />
  <attribute name="Time Running"value="128686"/>
  <attribute name="Number of cores"value="16"/>
</cycle-end>
<exclusive-end id="720" timestamp="2019-08-04T08:43:10.924" durationms="32.606" />

<exclusive-start id="721" timestamp="2019-08-04T08:43:10.952" intervalms="60.395">
  <response-info timems="0.017" idlems="0.017" threads="0" lastid="0000000000C1FF00" lastname="main" />
</exclusive-start>
<allocation-taxation id="722" taxation-threshold="44040192" timestamp="2019-08-04T08:43:10.952" intervalms="60.397" />
<cycle-start id="723" type="partial gc" contextid="0" timestamp="2019-08-04T08:43:10.952" intervalms="60.457" />
  <attribute name="GC Util" value="60" />
  <attribute name="CPU Util" value="11494845296257" />
  <attribute name="Time Running"value="128686"/>
  <attribute name="Number of cores"value="16"/>
<gc-start id="724" type="partial gc" contextid="723" timestamp="2019-08-04T08:43:10.952">
  <mem-info id="725" free="33554432" total="150994944" percent="22">
    <mem type="eden" free="2097096" total="46137344" percent="4" />
    <remembered-set count="51456" freebytes="6166016" totalbytes="6371840" percent="96" regionsoverflowed="0" regionsstable="0" regionsrebuilding="0"/>
  </mem-info>
</gc-start>
<allocation-stats totalBytes="43892304" >
  <allocated-bytes non-tlh="0" tlh="43892304" arrayletleaf="0"/>
  <largest-consumer threadName="main" threadId="0000000000C1FF00" bytes="43892304" />
</allocation-stats>
<gc-op id="726" type="copy forward" timems="18.286" contextid="723" timestamp="2019-08-04T08:43:10.975">
  <memory-copied type="eden" objects="2" bytes="56" bytesdiscarded="0" />
  <memory-copied type="other" objects="71126" bytes="2052600" bytesdiscarded="121272" />
  <memory-cardclean objects="5512" bytes="146352" />
  <remembered-set-cleared processed="39568" cleared="5665" durationms="0.240" />
  <stringconstants candidates="13767" cleared="0"  />
</gc-op>
<gc-op id="727" type="classunload" timems="0.007" contextid="723" timestamp="2019-08-04T08:43:10.975">
  <classunload-info classloadercandidates="55" classloadersunloaded="0" classesunloaded="0" anonymousclassesunloaded="0" quiescems="0.000" setupms="0.007" scanms="0.000" postms="0.000" />
</gc-op>
<heap-resize id="728" type="expand" space="default" amount="27262976" count="1" timems="0.120" reason="excessive time being spent in gc" timestamp="2019-08-04T08:43:10.975" />
<gc-end id="729" type="partial gc" contextid="723" durationms="23.316" usertimems="53.274" systemtimems="0.000" timestamp="2019-08-04T08:43:10.975" activeThreads="16">
  <mem-info id="730" free="104857600" total="178257920" percent="58">
    <mem type="eden" free="2097096" total="2097152" percent="99" />
    <remembered-set count="53664" freebytes="6911744" totalbytes="7126400" percent="96" regionsoverflowed="0" regionsstable="0" regionsrebuilding="0"/>
  </mem-info>
</gc-end>
<cycle-end id="731" type="partial gc" contextid="723" timestamp="2019-08-04T08:43:10.976">
  <attribute name="GC Util" value="216" />
  <attribute name="CPU Util" value="4974400589156" />
  <attribute name="Time Running"value="128749"/>
  <attribute name="Number of cores"value="16"/>
</cycle-end>
<exclusive-end id="732" timestamp="2019-08-04T08:43:10.976" durationms="24.026" />

<exclusive-start id="733" timestamp="2019-08-04T08:43:11.013" intervalms="61.771">
  <response-info timems="0.334" idlems="0.334" threads="0" lastid="0000000000C1FF00" lastname="main" />
</exclusive-start>
<allocation-taxation id="734" taxation-threshold="52428800" timestamp="2019-08-04T08:43:11.014" intervalms="61.813" />
<cycle-start id="735" type="partial gc" contextid="0" timestamp="2019-08-04T08:43:11.014" intervalms="61.710" />
  <attribute name="GC Util" value="216" />
  <attribute name="CPU Util" value="4974400589156" />
  <attribute name="Time Running"value="128749"/>
  <attribute name="Number of cores"value="16"/>
<gc-start id="736" type="partial gc" contextid="735" timestamp="2019-08-04T08:43:11.014">
  <mem-info id="737" free="52428800" total="178257920" percent="29">
    <mem type="eden" free="2097096" total="54525952" percent="3" />
    <remembered-set count="53312" freebytes="6913152" totalbytes="7126400" percent="97" regionsoverflowed="0" regionsstable="0" regionsrebuilding="0"/>
  </mem-info>
</gc-start>
<allocation-stats totalBytes="52253456" >
  <allocated-bytes non-tlh="0" tlh="52253456" arrayletleaf="0"/>
  <largest-consumer threadName="main" threadId="0000000000C1FF00" bytes="52253456" />
</allocation-stats>
<gc-op id="738" type="copy forward" timems="22.077" contextid="735" timestamp="2019-08-04T08:43:11.038">
  <memory-copied type="eden" objects="2" bytes="56" bytesdiscarded="0" />
  <memory-copied type="other" objects="69499" bytes="1747504" bytesdiscarded="94320" />
  <memory-cardclean objects="984" bytes="44584" />
  <remembered-set-cleared processed="39834" cleared="3932" durationms="0.311" />
  <references type="soft" candidates="2139" cleared="0" enqueued="0" dynamicThreshold="18" maxThreshold="32" />
  <references type="weak" candidates="74" cleared="0" enqueued="0" />
  <stringconstants candidates="13767" cleared="0"  />
</gc-op>
<gc-op id="739" type="classunload" timems="0.012" contextid="735" timestamp="2019-08-04T08:43:11.038">
  <classunload-info classloadercandidates="55" classloadersunloaded="0" classesunloaded="0" anonymousclassesunloaded="0" quiescems="0.000" setupms="0.012" scanms="0.000" postms="0.000" />
</gc-op>
<heap-resize id="740" type="expand" space="default" amount="6291456" count="1" timems="0.082" reason="excessive time being spent in gc" timestamp="2019-08-04T08:43:11.038" />
<gc-end id="741" type="partial gc" contextid="735" durationms="24.136" usertimems="50.762" systemtimems="0.000" timestamp="2019-08-04T08:43:11.038" activeThreads="16">
  <mem-info id="742" free="111149056" total="184549376" percent="60">
    <mem type="eden" free="2097096" total="2097152" percent="99" />
    <remembered-set count="52000" freebytes="7169920" totalbytes="7377920" percent="97" regionsoverflowed="0" regionsstable="0" regionsrebuilding="0"/>
  </mem-info>
</gc-end>
<cycle-end id="743" type="partial gc" contextid="735" timestamp="2019-08-04T08:43:11.038">
  <attribute name="GC Util" value="133" />
  <attribute name="CPU Util" value="13708365140912" />
  <attribute name="Time Running"value="128808"/>
  <attribute name="Number of cores"value="16"/>
</cycle-end>
<exclusive-end id="744" timestamp="2019-08-04T08:43:11.038" durationms="24.879" />

<exclusive-start id="745" timestamp="2019-08-04T08:43:11.072" intervalms="58.185">
  <response-info timems="0.289" idlems="0.289" threads="0" lastid="0000000000C1FF00" lastname="main" />
</exclusive-start>
<allocation-taxation id="746" taxation-threshold="52428800" timestamp="2019-08-04T08:43:11.072" intervalms="58.171" />
<cycle-start id="747" type="partial gc" contextid="0" timestamp="2019-08-04T08:43:11.072" intervalms="58.172" />
  <attribute name="GC Util" value="133" />
  <attribute name="CPU Util" value="13708365140912" />
  <attribute name="Time Running"value="128808"/>
  <attribute name="Number of cores"value="16"/>
<gc-start id="748" type="partial gc" contextid="747" timestamp="2019-08-04T08:43:11.072">
  <mem-info id="749" free="58720256" total="184549376" percent="31">
    <mem type="eden" free="2097096" total="54525952" percent="3" />
    <remembered-set count="51904" freebytes="7170304" totalbytes="7377920" percent="97" regionsoverflowed="0" regionsstable="0" regionsrebuilding="0"/>
  </mem-info>
</gc-start>
<allocation-stats totalBytes="52253456" >
  <allocated-bytes non-tlh="0" tlh="52253456" arrayletleaf="0"/>
  <largest-consumer threadName="main" threadId="0000000000C1FF00" bytes="52253456" />
</allocation-stats>
<gc-op id="750" type="copy forward" timems="24.441" contextid="747" timestamp="2019-08-04T08:43:11.099">
  <memory-copied type="eden" objects="2" bytes="56" bytesdiscarded="0" />
  <memory-copied type="other" objects="76500" bytes="1862424" bytesdiscarded="89560" />
  <memory-cardclean objects="5750" bytes="416856" />
  <remembered-set-cleared processed="39385" cleared="5722" durationms="0.607" />
  <stringconstants candidates="13767" cleared="0"  />
</gc-op>
<gc-op id="751" type="classunload" timems="0.014" contextid="747" timestamp="2019-08-04T08:43:11.099">
  <classunload-info classloadercandidates="55" classloadersunloaded="0" classesunloaded="0" anonymousclassesunloaded="0" quiescems="0.000" setupms="0.014" scanms="0.000" postms="0.000" />
</gc-op>
<gc-end id="752" type="partial gc" contextid="747" durationms="26.630" usertimems="72.002" systemtimems="0.000" timestamp="2019-08-04T08:43:11.099" activeThreads="16">
  <mem-info id="753" free="111149056" total="184549376" percent="60">
    <mem type="eden" free="2097096" total="2097152" percent="99" />
    <remembered-set count="51072" freebytes="7173632" totalbytes="7377920" percent="97" regionsoverflowed="0" regionsstable="0" regionsrebuilding="0"/>
  </mem-info>
</gc-end>
<cycle-end id="754" type="partial gc" contextid="747" timestamp="2019-08-04T08:43:11.099">
  <attribute name="GC Util" value="171" />
  <attribute name="CPU Util" value="11365985119853" />
  <attribute name="Time Running"value="128867"/>
  <attribute name="Number of cores"value="16"/>
</cycle-end>
<exclusive-end id="755" timestamp="2019-08-04T08:43:11.099" durationms="27.363" />

<exclusive-start id="756" timestamp="2019-08-04T08:43:11.134" intervalms="61.885">
  <response-info timems="0.126" idlems="0.126" threads="0" lastid="0000000000C1FF00" lastname="main" />
</exclusive-start>
<allocation-taxation id="757" taxation-threshold="52428800" timestamp="2019-08-04T08:43:11.134" intervalms="61.877" />
<cycle-start id="758" type="partial gc" contextid="0" timestamp="2019-08-04T08:43:11.134" intervalms="62.055" />
  <attribute name="GC Util" value="171" />
  <attribute name="CPU Util" value="11365985119853" />
  <attribute name="Time Running"value="128867"/>
  <attribute name="Number of cores"value="16"/>
<gc-start id="759" type="partial gc" contextid="758" timestamp="2019-08-04T08:43:11.134">
  <mem-info id="760" free="58720256" total="184549376" percent="31">
    <mem type="eden" free="2097096" total="54525952" percent="3" />
    <remembered-set count="50688" freebytes="7175168" totalbytes="7377920" percent="97" regionsoverflowed="0" regionsstable="0" regionsrebuilding="0"/>
  </mem-info>
</gc-start>
<allocation-stats totalBytes="52253456" >
  <allocated-bytes non-tlh="0" tlh="52253456" arrayletleaf="0"/>
  <largest-consumer threadName="main" threadId="0000000000C1FF00" bytes="52253456" />
</allocation-stats>
<gc-op id="761" type="copy forward" timems="24.920" contextid="758" timestamp="2019-08-04T08:43:11.163">
  <memory-copied type="eden" objects="2" bytes="56" bytesdiscarded="0" />
  <memory-copied type="other" objects="33268" bytes="907952" bytesdiscarded="61392" />
  <memory-cardclean objects="5657" bytes="436952" />
  <remembered-set-cleared processed="39223" cleared="4477" durationms="0.357" />
  <references type="soft" candidates="741" cleared="0" enqueued="0" dynamicThreshold="19" maxThreshold="32" />
  <references type="weak" candidates="121" cleared="0" enqueued="0" />
  <references type="phantom" candidates="1" cleared="0" enqueued="0" />
  <stringconstants candidates="13767" cleared="0"  />
</gc-op>
<gc-op id="762" type="classunload" timems="0.014" contextid="758" timestamp="2019-08-04T08:43:11.163">
  <classunload-info classloadercandidates="55" classloadersunloaded="0" classesunloaded="0" anonymousclassesunloaded="0" quiescems="0.000" setupms="0.014" scanms="0.000" postms="0.000" />
</gc-op>
<gc-end id="763" type="partial gc" contextid="758" durationms="29.442" usertimems="81.162" systemtimems="0.000" timestamp="2019-08-04T08:43:11.164" activeThreads="16">
  <mem-info id="764" free="111149056" total="184549376" percent="60">
    <mem type="eden" free="2097096" total="2097152" percent="99" />
    <remembered-set count="53536" freebytes="7163776" totalbytes="7377920" percent="97" regionsoverflowed="0" regionsstable="0" regionsrebuilding="0"/>
  </mem-info>
</gc-end>
<cycle-end id="765" type="partial gc" contextid="758" timestamp="2019-08-04T08:43:11.164">
  <attribute name="GC Util" value="189" />
  <attribute name="CPU Util" value="5367562153072" />
  <attribute name="Time Running"value="128931"/>
  <attribute name="Number of cores"value="16"/>
</cycle-end>
<exclusive-end id="766" timestamp="2019-08-04T08:43:11.164" durationms="30.483" />

<exclusive-start id="767" timestamp="2019-08-04T08:43:11.203" intervalms="69.203">
  <response-info timems="0.114" idlems="0.114" threads="0" lastid="0000000000C1FF00" lastname="main" />
</exclusive-start>
<allocation-taxation id="768" taxation-threshold="52428800" timestamp="2019-08-04T08:43:11.203" intervalms="69.181" />
<cycle-start id="769" type="partial gc" contextid="0" timestamp="2019-08-04T08:43:11.203" intervalms="69.029" />
  <attribute name="GC Util" value="189" />
  <attribute name="CPU Util" value="5367562153072" />
  <attribute name="Time Running"value="128931"/>
  <attribute name="Number of cores"value="16"/>
<gc-start id="770" type="partial gc" contextid="769" timestamp="2019-08-04T08:43:11.203">
  <mem-info id="771" free="58720256" total="184549376" percent="31">
    <mem type="eden" free="2097096" total="54525952" percent="3" />
    <remembered-set count="53088" freebytes="7165568" totalbytes="7377920" percent="97" regionsoverflowed="0" regionsstable="0" regionsrebuilding="0"/>
  </mem-info>
</gc-start>
<allocation-stats totalBytes="52253456" >
  <allocated-bytes non-tlh="0" tlh="52253456" arrayletleaf="0"/>
  <largest-consumer threadName="main" threadId="0000000000C1FF00" bytes="52253456" />
</allocation-stats>
<gc-op id="772" type="copy forward" timems="24.882" contextid="769" timestamp="2019-08-04T08:43:11.231">
  <memory-copied type="eden" objects="2" bytes="56" bytesdiscarded="0" />
  <memory-copied type="other" objects="79477" bytes="1960088" bytesdiscarded="107032" />
  <memory-cardclean objects="4418" bytes="376088" />
  <remembered-set-cleared processed="39430" cleared="6212" durationms="0.233" />
  <stringconstants candidates="13767" cleared="0"  />
</gc-op>
<gc-op id="773" type="classunload" timems="0.011" contextid="769" timestamp="2019-08-04T08:43:11.231">
  <classunload-info classloadercandidates="55" classloadersunloaded="0" classesunloaded="0" anonymousclassesunloaded="0" quiescems="0.000" setupms="0.010" scanms="0.000" postms="0.000" />
</gc-op>
<gc-end id="774" type="partial gc" contextid="769" durationms="28.397" usertimems="78.571" systemtimems="0.000" timestamp="2019-08-04T08:43:11.231" activeThreads="16">
  <mem-info id="775" free="111149056" total="184549376" percent="60">
    <mem type="eden" free="2097096" total="2097152" percent="99" />
    <remembered-set count="51520" freebytes="7171840" totalbytes="7377920" percent="97" regionsoverflowed="0" regionsstable="0" regionsrebuilding="0"/>
  </mem-info>
</gc-end>
<cycle-end id="776" type="partial gc" contextid="769" timestamp="2019-08-04T08:43:11.232">
  <attribute name="GC Util" value="187" />
  <attribute name="CPU Util" value="6502129792607" />
  <attribute name="Time Running"value="128999"/>
  <attribute name="Number of cores"value="16"/>
</cycle-end>
<exclusive-end id="777" timestamp="2019-08-04T08:43:11.232" durationms="29.176" />

<exclusive-start id="778" timestamp="2019-08-04T08:43:11.266" intervalms="63.376">
  <response-info timems="0.137" idlems="0.137" threads="0" lastid="0000000000C1FF00" lastname="main" />
</exclusive-start>
<allocation-taxation id="779" taxation-threshold="52428800" timestamp="2019-08-04T08:43:11.266" intervalms="63.414" />
<cycle-start id="780" type="partial gc" contextid="0" timestamp="2019-08-04T08:43:11.266" intervalms="63.476" />
  <attribute name="GC Util" value="187" />
  <attribute name="CPU Util" value="6502129792607" />
  <attribute name="Time Running"value="128999"/>
  <attribute name="Number of cores"value="16"/>
<gc-start id="781" type="partial gc" contextid="780" timestamp="2019-08-04T08:43:11.267">
  <mem-info id="782" free="58720256" total="184549376" percent="31">
    <mem type="eden" free="2097096" total="54525952" percent="3" />
    <remembered-set count="51168" freebytes="7173248" totalbytes="7377920" percent="97" regionsoverflowed="0" regionsstable="0" regionsrebuilding="0"/>
  </mem-info>
</gc-start>
<allocation-stats totalBytes="52253456" >
  <allocated-bytes non-tlh="0" tlh="52253456" arrayletleaf="0"/>
  <largest-consumer threadName="main" threadId="0000000000C1FF00" bytes="52253456" />
</allocation-stats>
<gc-op id="783" type="copy forward" timems="34.042" contextid="780" timestamp="2019-08-04T08:43:11.302">
  <memory-copied type="eden" objects="2" bytes="56" bytesdiscarded="0" />
  <memory-copied type="other" objects="69329" bytes="1993224" bytesdiscarded="124928" />
  <memory-cardclean objects="8000" bytes="207240" />
  <remembered-set-cleared processed="38728" cleared="5378" durationms="0.875" />
  <stringconstants candidates="13767" cleared="0"  />
</gc-op>
<gc-op id="784" type="classunload" timems="0.011" contextid="780" timestamp="2019-08-04T08:43:11.302">
  <classunload-info classloadercandidates="55" classloadersunloaded="0" classesunloaded="0" anonymousclassesunloaded="0" quiescems="0.000" setupms="0.011" scanms="0.000" postms="0.000" />
</gc-op>
<gc-end id="785" type="partial gc" contextid="780" durationms="35.830" usertimems="71.712" systemtimems="0.000" timestamp="2019-08-04T08:43:11.302" activeThreads="16">
  <mem-info id="786" free="111149056" total="184549376" percent="60">
    <mem type="eden" free="2097096" total="2097152" percent="99" />
    <remembered-set count="51744" freebytes="7170944" totalbytes="7377920" percent="97" regionsoverflowed="0" regionsstable="0" regionsrebuilding="0"/>
  </mem-info>
</gc-end>
<cycle-end id="787" type="partial gc" contextid="780" timestamp="2019-08-04T08:43:11.302">
  <attribute name="GC Util" value="138" />
  <attribute name="CPU Util" value="14975558966460" />
  <attribute name="Time Running"value="129061"/>
  <attribute name="Number of cores"value="16"/>
</cycle-end>
<exclusive-end id="788" timestamp="2019-08-04T08:43:11.303" durationms="36.577" />

<exclusive-start id="789" timestamp="2019-08-04T08:43:11.341" intervalms="75.102">
  <response-info timems="0.035" idlems="0.035" threads="0" lastid="0000000000C1FF00" lastname="main" />
</exclusive-start>
<allocation-taxation id="790" taxation-threshold="52428800" timestamp="2019-08-04T08:43:11.341" intervalms="75.095" />
<cycle-start id="791" type="partial gc" contextid="0" timestamp="2019-08-04T08:43:11.341" intervalms="75.096" />
  <attribute name="GC Util" value="138" />
  <attribute name="CPU Util" value="14975558966460" />
  <attribute name="Time Running"value="129061"/>
  <attribute name="Number of cores"value="16"/>
<gc-start id="792" type="partial gc" contextid="791" timestamp="2019-08-04T08:43:11.342">
  <mem-info id="793" free="58720256" total="184549376" percent="31">
    <mem type="eden" free="2097096" total="54525952" percent="3" />
    <remembered-set count="51360" freebytes="7172480" totalbytes="7377920" percent="97" regionsoverflowed="0" regionsstable="0" regionsrebuilding="0"/>
  </mem-info>
</gc-start>
<allocation-stats totalBytes="52253456" >
  <allocated-bytes non-tlh="0" tlh="52253456" arrayletleaf="0"/>
  <largest-consumer threadName="main" threadId="0000000000C1FF00" bytes="52253456" />
</allocation-stats>
<gc-op id="794" type="copy forward" timems="24.362" contextid="791" timestamp="2019-08-04T08:43:11.368">
  <memory-copied type="eden" objects="2" bytes="56" bytesdiscarded="0" />
  <memory-copied type="other" objects="82422" bytes="2017104" bytesdiscarded="102136" />
  <memory-cardclean objects="5984" bytes="555336" />
  <remembered-set-cleared processed="38849" cleared="5093" durationms="0.246" />
  <references type="weak" candidates="6" cleared="0" enqueued="0" />
  <stringconstants candidates="13767" cleared="0"  />
</gc-op>
<gc-op id="795" type="classunload" timems="0.011" contextid="791" timestamp="2019-08-04T08:43:11.368">
  <classunload-info classloadercandidates="55" classloadersunloaded="0" classesunloaded="0" anonymousclassesunloaded="0" quiescems="0.000" setupms="0.011" scanms="0.000" postms="0.000" />
</gc-op>
<gc-end id="796" type="partial gc" contextid="791" durationms="26.826" usertimems="85.323" systemtimems="0.000" timestamp="2019-08-04T08:43:11.369" activeThreads="16">
  <mem-info id="797" free="111149056" total="184549376" percent="60">
    <mem type="eden" free="2097096" total="2097152" percent="99" />
    <remembered-set count="52096" freebytes="7169536" totalbytes="7377920" percent="97" regionsoverflowed="0" regionsstable="0" regionsrebuilding="0"/>
  </mem-info>
</gc-end>
<cycle-end id="798" type="partial gc" contextid="791" timestamp="2019-08-04T08:43:11.369">
  <attribute name="GC Util" value="111" />
  <attribute name="CPU Util" value="10291908726403" />
  <attribute name="Time Running"value="129137"/>
  <attribute name="Number of cores"value="16"/>
</cycle-end>
<exclusive-end id="799" timestamp="2019-08-04T08:43:11.369" durationms="27.783" />

<exclusive-start id="800" timestamp="2019-08-04T08:43:11.406" intervalms="65.121">
  <response-info timems="0.684" idlems="0.684" threads="0" lastid="0000000000C1FF00" lastname="main" />
</exclusive-start>
<allocation-taxation id="801" taxation-threshold="52428800" timestamp="2019-08-04T08:43:11.406" intervalms="65.152" />
<cycle-start id="802" type="partial gc" contextid="0" timestamp="2019-08-04T08:43:11.407" intervalms="65.112" />
  <attribute name="GC Util" value="111" />
  <attribute name="CPU Util" value="10291908726403" />
  <attribute name="Time Running"value="129137"/>
  <attribute name="Number of cores"value="16"/>
<gc-start id="803" type="partial gc" contextid="802" timestamp="2019-08-04T08:43:11.407">
  <mem-info id="804" free="58720256" total="184549376" percent="31">
    <mem type="eden" free="2097096" total="54525952" percent="3" />
    <remembered-set count="51904" freebytes="7170304" totalbytes="7377920" percent="97" regionsoverflowed="0" regionsstable="0" regionsrebuilding="0"/>
  </mem-info>
</gc-start>
<allocation-stats totalBytes="52253456" >
  <allocated-bytes non-tlh="0" tlh="52253456" arrayletleaf="0"/>
  <largest-consumer threadName="main" threadId="0000000000C1FF00" bytes="52253456" />
</allocation-stats>
<gc-op id="805" type="copy forward" timems="30.793" contextid="802" timestamp="2019-08-04T08:43:11.439">
  <memory-copied type="eden" objects="2" bytes="56" bytesdiscarded="0" />
  <memory-copied type="other" objects="69499" bytes="1747504" bytesdiscarded="122360" />
  <memory-cardclean objects="987" bytes="44704" />
  <remembered-set-cleared processed="39411" cleared="3838" durationms="0.213" />
  <references type="soft" candidates="2139" cleared="0" enqueued="0" dynamicThreshold="19" maxThreshold="32" />
  <references type="weak" candidates="74" cleared="0" enqueued="0" />
  <stringconstants candidates="13767" cleared="0"  />
</gc-op>
<gc-op id="806" type="classunload" timems="0.013" contextid="802" timestamp="2019-08-04T08:43:11.439">
  <classunload-info classloadercandidates="55" classloadersunloaded="0" classesunloaded="0" anonymousclassesunloaded="0" quiescems="0.000" setupms="0.013" scanms="0.000" postms="0.000" />
</gc-op>
<gc-end id="807" type="partial gc" contextid="802" durationms="32.293" usertimems="85.717" systemtimems="0.000" timestamp="2019-08-04T08:43:11.439" activeThreads="16">
  <mem-info id="808" free="111149056" total="184549376" percent="60">
    <mem type="eden" free="2097096" total="2097152" percent="99" />
    <remembered-set count="52704" freebytes="7167104" totalbytes="7377920" percent="97" regionsoverflowed="0" regionsstable="0" regionsrebuilding="0"/>
  </mem-info>
</gc-end>
<cycle-end id="809" type="partial gc" contextid="802" timestamp="2019-08-04T08:43:11.439">
  <attribute name="GC Util" value="116" />
  <attribute name="CPU Util" value="24202290460626" />
  <attribute name="Time Running"value="129201"/>
  <attribute name="Number of cores"value="16"/>
</cycle-end>
<exclusive-end id="810" timestamp="2019-08-04T08:43:11.440" durationms="33.216" />

<exclusive-start id="811" timestamp="2019-08-04T08:43:11.477" intervalms="71.117">
  <response-info timems="0.116" idlems="0.116" threads="0" lastid="0000000000C1FF00" lastname="main" />
</exclusive-start>
<allocation-taxation id="812" taxation-threshold="52428800" timestamp="2019-08-04T08:43:11.478" intervalms="71.224" />
<cycle-start id="813" type="partial gc" contextid="0" timestamp="2019-08-04T08:43:11.478" intervalms="71.303" />
  <attribute name="GC Util" value="116" />
  <attribute name="CPU Util" value="24202290460626" />
  <attribute name="Time Running"value="129201"/>
  <attribute name="Number of cores"value="16"/>
<gc-start id="814" type="partial gc" contextid="813" timestamp="2019-08-04T08:43:11.478">
  <mem-info id="815" free="58720256" total="184549376" percent="31">
    <mem type="eden" free="2097096" total="54525952" percent="3" />
    <remembered-set count="52576" freebytes="7167616" totalbytes="7377920" percent="97" regionsoverflowed="0" regionsstable="0" regionsrebuilding="0"/>
  </mem-info>
</gc-start>
<allocation-stats totalBytes="52253456" >
  <allocated-bytes non-tlh="0" tlh="52253456" arrayletleaf="0"/>
  <largest-consumer threadName="main" threadId="0000000000C1FF00" bytes="52253456" />
</allocation-stats>
<gc-op id="816" type="copy forward" timems="17.936" contextid="813" timestamp="2019-08-04T08:43:11.498">
  <memory-copied type="eden" objects="2" bytes="56" bytesdiscarded="0" />
  <memory-copied type="other" objects="76738" bytes="1882392" bytesdiscarded="126040" />
  <memory-cardclean objects="5519" bytes="403848" />
  <remembered-set-cleared processed="39083" cleared="5235" durationms="0.454" />
  <stringconstants candidates="13767" cleared="0"  />
</gc-op>
<gc-op id="817" type="classunload" timems="0.012" contextid="813" timestamp="2019-08-04T08:43:11.498">
  <classunload-info classloadercandidates="55" classloadersunloaded="0" classesunloaded="0" anonymousclassesunloaded="0" quiescems="0.000" setupms="0.011" scanms="0.000" postms="0.000" />
</gc-op>
<gc-end id="818" type="partial gc" contextid="813" durationms="20.342" usertimems="62.358" systemtimems="0.000" timestamp="2019-08-04T08:43:11.498" activeThreads="16">
  <mem-info id="819" free="111149056" total="184549376" percent="60">
    <mem type="eden" free="2097096" total="2097152" percent="99" />
    <remembered-set count="52224" freebytes="7169024" totalbytes="7377920" percent="97" regionsoverflowed="0" regionsstable="0" regionsrebuilding="0"/>
  </mem-info>
</gc-end>
<cycle-end id="820" type="partial gc" contextid="813" timestamp="2019-08-04T08:43:11.499">
  <attribute name="GC Util" value="131" />
  <attribute name="CPU Util" value="12908116307158" />
  <attribute name="Time Running"value="129273"/>
  <attribute name="Number of cores"value="16"/>
</cycle-end>
<exclusive-end id="821" timestamp="2019-08-04T08:43:11.499" durationms="21.398" />

<exclusive-start id="822" timestamp="2019-08-04T08:43:11.540" intervalms="62.929">
  <response-info timems="0.063" idlems="0.063" threads="0" lastid="0000000000C1FF00" lastname="main" />
</exclusive-start>
<allocation-taxation id="823" taxation-threshold="52428800" timestamp="2019-08-04T08:43:11.540" intervalms="62.783" />
<cycle-start id="824" type="partial gc" contextid="0" timestamp="2019-08-04T08:43:11.541" intervalms="62.830" />
  <attribute name="GC Util" value="131" />
  <attribute name="CPU Util" value="12908116307158" />
  <attribute name="Time Running"value="129273"/>
  <attribute name="Number of cores"value="16"/>
<gc-start id="825" type="partial gc" contextid="824" timestamp="2019-08-04T08:43:11.541">
  <mem-info id="826" free="58720256" total="184549376" percent="31">
    <mem type="eden" free="2097096" total="54525952" percent="3" />
    <remembered-set count="51776" freebytes="7170816" totalbytes="7377920" percent="97" regionsoverflowed="0" regionsstable="0" regionsrebuilding="0"/>
  </mem-info>
</gc-start>
<allocation-stats totalBytes="52232384" >
  <allocated-bytes non-tlh="0" tlh="52232384" arrayletleaf="0"/>
  <largest-consumer threadName="main" threadId="0000000000C1FF00" bytes="52232384" />
</allocation-stats>
<gc-op id="827" type="copy forward" timems="28.777" contextid="824" timestamp="2019-08-04T08:43:11.572">
  <memory-copied type="eden" objects="28" bytes="1960" bytesdiscarded="384" />
  <memory-copied type="other" objects="76738" bytes="1882392" bytesdiscarded="109432" />
  <memory-cardclean objects="5583" bytes="405960" />
  <remembered-set-cleared processed="39363" cleared="5536" durationms="0.464" />
  <stringconstants candidates="13767" cleared="0"  />
</gc-op>
<gc-op id="828" type="classunload" timems="0.010" contextid="824" timestamp="2019-08-04T08:43:11.572">
  <classunload-info classloadercandidates="55" classloadersunloaded="0" classesunloaded="0" anonymousclassesunloaded="0" quiescems="0.000" setupms="0.010" scanms="0.000" postms="0.000" />
</gc-op>
<gc-end id="829" type="partial gc" contextid="824" durationms="31.202" usertimems="63.506" systemtimems="0.000" timestamp="2019-08-04T08:43:11.572" activeThreads="16">
  <mem-info id="830" free="111149056" total="184549376" percent="60">
    <mem type="eden" free="2094808" total="2097152" percent="99" />
    <remembered-set count="52704" freebytes="7167104" totalbytes="7377920" percent="97" regionsoverflowed="0" regionsstable="0" regionsrebuilding="0"/>
  </mem-info>
</gc-end>
<cycle-end id="831" type="partial gc" contextid="824" timestamp="2019-08-04T08:43:11.572">
  <attribute name="GC Util" value="167" />
  <attribute name="CPU Util" value="14033534089720" />
  <attribute name="Time Running"value="129336"/>
  <attribute name="Number of cores"value="16"/>
</cycle-end>
<exclusive-end id="832" timestamp="2019-08-04T08:43:11.573" durationms="32.177" />

<exclusive-start id="833" timestamp="2019-08-04T08:43:11.614" intervalms="73.832">
  <response-info timems="0.248" idlems="0.248" threads="0" lastid="0000000000C1FF00" lastname="main" />
</exclusive-start>
<allocation-taxation id="834" taxation-threshold="52428800" timestamp="2019-08-04T08:43:11.614" intervalms="73.844" />
<cycle-start id="835" type="partial gc" contextid="0" timestamp="2019-08-04T08:43:11.615" intervalms="73.985" />
  <attribute name="GC Util" value="167" />
  <attribute name="CPU Util" value="14033534089720" />
  <attribute name="Time Running"value="129336"/>
  <attribute name="Number of cores"value="16"/>
<gc-start id="836" type="partial gc" contextid="835" timestamp="2019-08-04T08:43:11.615">
  <mem-info id="837" free="58720256" total="184549376" percent="31">
    <mem type="eden" free="0" total="52428800" percent="0" />
    <remembered-set count="52288" freebytes="7168768" totalbytes="7377920" percent="97" regionsoverflowed="0" regionsstable="0" regionsrebuilding="0"/>
  </mem-info>
</gc-start>
<allocation-stats totalBytes="52082200" >
  <allocated-bytes non-tlh="0" tlh="52082200" arrayletleaf="0"/>
  <largest-consumer threadName="main" threadId="0000000000C1FF00" bytes="52082200" />
</allocation-stats>
<gc-op id="838" type="copy forward" timems="20.108" contextid="835" timestamp="2019-08-04T08:43:11.639">
  <memory-copied type="eden" objects="2" bytes="64" bytesdiscarded="0" />
  <memory-copied type="other" objects="3772" bytes="165384" bytesdiscarded="95648" />
  <memory-cardclean objects="5052" bytes="199608" />
  <remembered-set-cleared processed="39295" cleared="1784" durationms="0.374" />
  <finalization candidates="1" enqueued="1" />
  <references type="soft" candidates="36" cleared="0" enqueued="0" dynamicThreshold="19" maxThreshold="32" />
  <references type="weak" candidates="92" cleared="0" enqueued="0" />
  <references type="phantom" candidates="1" cleared="0" enqueued="0" />
  <stringconstants candidates="13767" cleared="0"  />
</gc-op>
<gc-op id="839" type="classunload" timems="0.014" contextid="835" timestamp="2019-08-04T08:43:11.639">
  <classunload-info classloadercandidates="55" classloadersunloaded="0" classesunloaded="0" anonymousclassesunloaded="0" quiescems="0.000" setupms="0.014" scanms="0.000" postms="0.000" />
</gc-op>
<gc-end id="840" type="partial gc" contextid="835" durationms="24.305" usertimems="45.209" systemtimems="0.000" timestamp="2019-08-04T08:43:11.639" activeThreads="16">
  <mem-info id="841" free="111149056" total="184549376" percent="60">
    <mem type="eden" free="2097088" total="2097152" percent="99" />
    <pending-finalizers system="0" default="1" reference="0" classloader="0" />
    <remembered-set count="52096" freebytes="7169536" totalbytes="7377920" percent="97" regionsoverflowed="0" regionsstable="0" regionsrebuilding="0"/>
  </mem-info>
</gc-end>
<cycle-end id="842" type="partial gc" contextid="835" timestamp="2019-08-04T08:43:11.639">
  <attribute name="GC Util" value="77" />
  <attribute name="CPU Util" value="5675846058246" />
  <attribute name="Time Running"value="129411"/>
  <attribute name="Number of cores"value="16"/>
</cycle-end>
<exclusive-end id="843" timestamp="2019-08-04T08:43:11.640" durationms="25.419" />

<exclusive-start id="844" timestamp="2019-08-04T08:43:11.673" intervalms="58.952">
  <response-info timems="0.153" idlems="0.153" threads="0" lastid="0000000000C1FF00" lastname="main" />
</exclusive-start>
<allocation-taxation id="845" taxation-threshold="52428800" timestamp="2019-08-04T08:43:11.673" intervalms="59.016" />
<cycle-start id="846" type="partial gc" contextid="0" timestamp="2019-08-04T08:43:11.673" intervalms="58.809" />
  <attribute name="GC Util" value="77" />
  <attribute name="CPU Util" value="5675846058246" />
  <attribute name="Time Running"value="129411"/>
  <attribute name="Number of cores"value="16"/>
<gc-start id="847" type="partial gc" contextid="846" timestamp="2019-08-04T08:43:11.674">
  <mem-info id="848" free="58720256" total="184549376" percent="31">
    <mem type="eden" free="2097088" total="54525952" percent="3" />
    <remembered-set count="51808" freebytes="7170688" totalbytes="7377920" percent="97" regionsoverflowed="0" regionsstable="0" regionsrebuilding="0"/>
  </mem-info>
</gc-start>
<allocation-stats totalBytes="52101400" >
  <allocated-bytes non-tlh="0" tlh="52101400" arrayletleaf="0"/>
  <largest-consumer threadName="main" threadId="0000000000C1FF00" bytes="52101400" />
</allocation-stats>
<gc-op id="849" type="copy forward" timems="19.858" contextid="846" timestamp="2019-08-04T08:43:11.695">
  <memory-copied type="eden" objects="2" bytes="64" bytesdiscarded="0" />
  <memory-copied type="other" objects="36169" bytes="1033824" bytesdiscarded="66000" />
  <memory-cardclean objects="5321" bytes="421808" />
  <remembered-set-cleared processed="38793" cleared="4390" durationms="0.878" />
  <references type="soft" candidates="777" cleared="0" enqueued="0" dynamicThreshold="19" maxThreshold="32" />
  <references type="weak" candidates="123" cleared="0" enqueued="0" />
  <references type="phantom" candidates="2" cleared="1" enqueued="1" />
  <stringconstants candidates="13767" cleared="0"  />
</gc-op>
<gc-op id="850" type="classunload" timems="0.012" contextid="846" timestamp="2019-08-04T08:43:11.695">
  <classunload-info classloadercandidates="55" classloadersunloaded="0" classesunloaded="0" anonymousclassesunloaded="0" quiescems="0.000" setupms="0.012" scanms="0.000" postms="0.000" />
</gc-op>
<gc-end id="851" type="partial gc" contextid="846" durationms="22.045" usertimems="47.125" systemtimems="0.000" timestamp="2019-08-04T08:43:11.696" activeThreads="16">
  <mem-info id="852" free="111149056" total="184549376" percent="60">
    <mem type="eden" free="2097088" total="2097152" percent="99" />
    <pending-finalizers system="0" default="0" reference="1" classloader="0" />
    <remembered-set count="52064" freebytes="7169664" totalbytes="7377920" percent="97" regionsoverflowed="0" regionsstable="0" regionsrebuilding="0"/>
  </mem-info>
</gc-end>
<cycle-end id="853" type="partial gc" contextid="846" timestamp="2019-08-04T08:43:11.696">
  <attribute name="GC Util" value="115" />
  <attribute name="CPU Util" value="18499764068099" />
  <attribute name="Time Running"value="129468"/>
  <attribute name="Number of cores"value="16"/>
</cycle-end>
<exclusive-end id="854" timestamp="2019-08-04T08:43:11.696" durationms="23.133" />

<exclusive-start id="855" timestamp="2019-08-04T08:43:11.734" intervalms="60.855">
  <response-info timems="0.053" idlems="0.053" threads="0" lastid="0000000000C1FF00" lastname="main" />
</exclusive-start>
<allocation-taxation id="856" taxation-threshold="52428800" timestamp="2019-08-04T08:43:11.734" intervalms="60.769" />
<cycle-start id="857" type="partial gc" contextid="0" timestamp="2019-08-04T08:43:11.734" intervalms="60.672" />
  <attribute name="GC Util" value="115" />
  <attribute name="CPU Util" value="18499764068099" />
  <attribute name="Time Running"value="129468"/>
  <attribute name="Number of cores"value="16"/>
<gc-start id="858" type="partial gc" contextid="857" timestamp="2019-08-04T08:43:11.735">
  <mem-info id="859" free="58720256" total="184549376" percent="31">
    <mem type="eden" free="2097088" total="54525952" percent="3" />
    <remembered-set count="51936" freebytes="7170176" totalbytes="7377920" percent="97" regionsoverflowed="0" regionsstable="0" regionsrebuilding="0"/>
  </mem-info>
</gc-start>
<allocation-stats totalBytes="52101400" >
  <allocated-bytes non-tlh="0" tlh="52101400" arrayletleaf="0"/>
  <largest-consumer threadName="main" threadId="0000000000C1FF00" bytes="52101400" />
</allocation-stats>
<gc-op id="860" type="copy forward" timems="19.290" contextid="857" timestamp="2019-08-04T08:43:11.755">
  <memory-copied type="eden" objects="2" bytes="64" bytesdiscarded="0" />
  <memory-copied type="other" objects="76474" bytes="1861800" bytesdiscarded="149824" />
  <memory-cardclean objects="5719" bytes="415768" />
  <remembered-set-cleared processed="38839" cleared="5546" durationms="0.238" />
  <stringconstants candidates="13767" cleared="0"  />
</gc-op>
<gc-op id="861" type="classunload" timems="0.011" contextid="857" timestamp="2019-08-04T08:43:11.755">
  <classunload-info classloadercandidates="55" classloadersunloaded="0" classesunloaded="0" anonymousclassesunloaded="0" quiescems="0.000" setupms="0.011" scanms="0.000" postms="0.000" />
</gc-op>
<gc-end id="862" type="partial gc" contextid="857" durationms="21.020" usertimems="53.461" systemtimems="0.000" timestamp="2019-08-04T08:43:11.756" activeThreads="16">
  <mem-info id="863" free="111149056" total="184549376" percent="60">
    <mem type="eden" free="2097088" total="2097152" percent="99" />
    <remembered-set count="51712" freebytes="7171072" totalbytes="7377920" percent="97" regionsoverflowed="0" regionsstable="0" regionsrebuilding="0"/>
  </mem-info>
</gc-end>
<cycle-end id="864" type="partial gc" contextid="857" timestamp="2019-08-04T08:43:11.756">
  <attribute name="GC Util" value="73" />
  <attribute name="CPU Util" value="16137443324892" />
  <attribute name="Time Running"value="129529"/>
  <attribute name="Number of cores"value="16"/>
</cycle-end>
<exclusive-end id="865" timestamp="2019-08-04T08:43:11.756" durationms="22.012" />

<exclusive-start id="866" timestamp="2019-08-04T08:43:11.792" intervalms="57.526">
  <response-info timems="0.064" idlems="0.064" threads="0" lastid="0000000000C1FF00" lastname="main" />
</exclusive-start>
<allocation-taxation id="867" taxation-threshold="52428800" timestamp="2019-08-04T08:43:11.792" intervalms="57.523" />
<cycle-start id="868" type="partial gc" contextid="0" timestamp="2019-08-04T08:43:11.792" intervalms="57.550" />
  <attribute name="GC Util" value="73" />
  <attribute name="CPU Util" value="16137443324892" />
  <attribute name="Time Running"value="129529"/>
  <attribute name="Number of cores"value="16"/>
<gc-start id="869" type="partial gc" contextid="868" timestamp="2019-08-04T08:43:11.792">
  <mem-info id="870" free="58720256" total="184549376" percent="31">
    <mem type="eden" free="2097088" total="54525952" percent="3" />
    <remembered-set count="51552" freebytes="7171712" totalbytes="7377920" percent="97" regionsoverflowed="0" regionsstable="0" regionsrebuilding="0"/>
  </mem-info>
</gc-start>
<allocation-stats totalBytes="52101400" >
  <allocated-bytes non-tlh="0" tlh="52101400" arrayletleaf="0"/>
  <largest-consumer threadName="main" threadId="0000000000C1FF00" bytes="52101400" />
</allocation-stats>
<gc-op id="871" type="copy forward" timems="23.149" contextid="868" timestamp="2019-08-04T08:43:11.817">
  <memory-copied type="eden" objects="2" bytes="64" bytesdiscarded="0" />
  <memory-copied type="other" objects="79476" bytes="1960064" bytesdiscarded="95088" />
  <memory-cardclean objects="4392" bytes="375696" />
  <remembered-set-cleared processed="38955" cleared="5726" durationms="0.273" />
  <stringconstants candidates="13767" cleared="0"  />
</gc-op>
<gc-op id="872" type="classunload" timems="0.013" contextid="868" timestamp="2019-08-04T08:43:11.817">
  <classunload-info classloadercandidates="55" classloadersunloaded="0" classesunloaded="0" anonymousclassesunloaded="0" quiescems="0.000" setupms="0.013" scanms="0.000" postms="0.000" />
</gc-op>
<gc-end id="873" type="partial gc" contextid="868" durationms="24.808" usertimems="75.947" systemtimems="0.000" timestamp="2019-08-04T08:43:11.817" activeThreads="16">
  <mem-info id="874" free="111149056" total="184549376" percent="60">
    <mem type="eden" free="2097088" total="2097152" percent="99" />
    <remembered-set count="50624" freebytes="7175424" totalbytes="7377920" percent="97" regionsoverflowed="0" regionsstable="0" regionsrebuilding="0"/>
  </mem-info>
</gc-end>
<cycle-end id="875" type="partial gc" contextid="868" timestamp="2019-08-04T08:43:11.817">
  <attribute name="GC Util" value="101" />
  <attribute name="CPU Util" value="18017160575857" />
  <attribute name="Time Running"value="129586"/>
  <attribute name="Number of cores"value="16"/>
</cycle-end>
<exclusive-end id="876" timestamp="2019-08-04T08:43:11.819" durationms="27.149" />

<exclusive-start id="877" timestamp="2019-08-04T08:43:11.855" intervalms="63.447">
  <response-info timems="0.153" idlems="0.153" threads="0" lastid="0000000000C1FF00" lastname="main" />
</exclusive-start>
<allocation-taxation id="878" taxation-threshold="52428800" timestamp="2019-08-04T08:43:11.855" intervalms="63.436" />
<cycle-start id="879" type="partial gc" contextid="0" timestamp="2019-08-04T08:43:11.855" intervalms="63.530" />
  <attribute name="GC Util" value="101" />
  <attribute name="CPU Util" value="18017160575857" />
  <attribute name="Time Running"value="129586"/>
  <attribute name="Number of cores"value="16"/>
<gc-start id="880" type="partial gc" contextid="879" timestamp="2019-08-04T08:43:11.855">
  <mem-info id="881" free="58720256" total="184549376" percent="31">
    <mem type="eden" free="2097088" total="54525952" percent="3" />
    <remembered-set count="50624" freebytes="7175424" totalbytes="7377920" percent="97" regionsoverflowed="0" regionsstable="0" regionsrebuilding="0"/>
  </mem-info>
</gc-start>
<allocation-stats totalBytes="52101400" >
  <allocated-bytes non-tlh="0" tlh="52101400" arrayletleaf="0"/>
  <largest-consumer threadName="main" threadId="0000000000C1FF00" bytes="52101400" />
</allocation-stats>
<gc-op id="882" type="copy forward" timems="26.870" contextid="879" timestamp="2019-08-04T08:43:11.886">
  <memory-copied type="eden" objects="2" bytes="64" bytesdiscarded="0" />
  <memory-copied type="other" objects="76738" bytes="1882392" bytesdiscarded="102648" />
  <memory-cardclean objects="5504" bytes="403616" />
  <remembered-set-cleared processed="38956" cleared="5512" durationms="0.337" />
  <stringconstants candidates="13767" cleared="0"  />
</gc-op>
<gc-op id="883" type="classunload" timems="0.011" contextid="879" timestamp="2019-08-04T08:43:11.886">
  <classunload-info classloadercandidates="55" classloadersunloaded="0" classesunloaded="0" anonymousclassesunloaded="0" quiescems="0.000" setupms="0.011" scanms="0.000" postms="0.000" />
</gc-op>
<gc-end id="884" type="partial gc" contextid="879" durationms="30.329" usertimems="101.074" systemtimems="0.000" timestamp="2019-08-04T08:43:11.886" activeThreads="16">
  <mem-info id="885" free="111149056" total="184549376" percent="60">
    <mem type="eden" free="2097088" total="2097152" percent="99" />
    <remembered-set count="51936" freebytes="7170176" totalbytes="7377920" percent="97" regionsoverflowed="0" regionsstable="0" regionsrebuilding="0"/>
  </mem-info>
</gc-end>
<cycle-end id="886" type="partial gc" contextid="879" timestamp="2019-08-04T08:43:11.886">
  <attribute name="GC Util" value="111" />
  <attribute name="CPU Util" value="6361349731016" />
  <attribute name="Time Running"value="129651"/>
  <attribute name="Number of cores"value="16"/>
</cycle-end>
<exclusive-end id="887" timestamp="2019-08-04T08:43:11.886" durationms="31.168" />

<exclusive-start id="888" timestamp="2019-08-04T08:43:11.934" intervalms="78.920">
  <response-info timems="0.073" idlems="0.073" threads="0" lastid="0000000000C1FF00" lastname="main" />
</exclusive-start>
<allocation-taxation id="889" taxation-threshold="52428800" timestamp="2019-08-04T08:43:11.934" intervalms="78.913" />
<cycle-start id="890" type="partial gc" contextid="0" timestamp="2019-08-04T08:43:11.934" intervalms="78.805" />
  <attribute name="GC Util" value="111" />
  <attribute name="CPU Util" value="6361349731016" />
  <attribute name="Time Running"value="129651"/>
  <attribute name="Number of cores"value="16"/>
<gc-start id="891" type="partial gc" contextid="890" timestamp="2019-08-04T08:43:11.934">
  <mem-info id="892" free="58720256" total="184549376" percent="31">
    <mem type="eden" free="2097088" total="54525952" percent="3" />
    <remembered-set count="51584" freebytes="7171584" totalbytes="7377920" percent="97" regionsoverflowed="0" regionsstable="0" regionsrebuilding="0"/>
  </mem-info>
</gc-start>
<allocation-stats totalBytes="52101400" >
  <allocated-bytes non-tlh="0" tlh="52101400" arrayletleaf="0"/>
  <largest-consumer threadName="main" threadId="0000000000C1FF00" bytes="52101400" />
</allocation-stats>
<gc-op id="893" type="copy forward" timems="20.765" contextid="890" timestamp="2019-08-04T08:43:11.957">
  <memory-copied type="eden" objects="2" bytes="64" bytesdiscarded="0" />
  <memory-copied type="other" objects="70410" bytes="2023584" bytesdiscarded="83400" />
  <memory-cardclean objects="5426" bytes="139840" />
  <remembered-set-cleared processed="38809" cleared="5183" durationms="0.205" />
  <stringconstants candidates="13767" cleared="0"  />
</gc-op>
<gc-op id="894" type="classunload" timems="0.014" contextid="890" timestamp="2019-08-04T08:43:11.957">
  <classunload-info classloadercandidates="55" classloadersunloaded="0" classesunloaded="0" anonymousclassesunloaded="0" quiescems="0.000" setupms="0.013" scanms="0.000" postms="0.000" />
</gc-op>
<gc-end id="895" type="partial gc" contextid="890" durationms="22.574" usertimems="58.919" systemtimems="0.000" timestamp="2019-08-04T08:43:11.957" activeThreads="16">
  <mem-info id="896" free="111149056" total="184549376" percent="60">
    <mem type="eden" free="2097088" total="2097152" percent="99" />
    <remembered-set count="49888" freebytes="7178368" totalbytes="7377920" percent="97" regionsoverflowed="0" regionsstable="0" regionsrebuilding="0"/>
  </mem-info>
</gc-end>
<cycle-end id="897" type="partial gc" contextid="890" timestamp="2019-08-04T08:43:11.957">
  <attribute name="GC Util" value="117" />
  <attribute name="CPU Util" value="15067126892926" />
  <attribute name="Time Running"value="129729"/>
  <attribute name="Number of cores"value="16"/>
</cycle-end>
<exclusive-end id="898" timestamp="2019-08-04T08:43:11.957" durationms="23.292" />

<exclusive-start id="899" timestamp="2019-08-04T08:43:12.002" intervalms="68.486">
  <response-info timems="0.043" idlems="0.043" threads="0" lastid="0000000000C1FF00" lastname="main" />
</exclusive-start>
<allocation-taxation id="900" taxation-threshold="52428800" timestamp="2019-08-04T08:43:12.002" intervalms="68.491" />
<cycle-start id="901" type="partial gc" contextid="0" timestamp="2019-08-04T08:43:12.003" intervalms="68.490" />
  <attribute name="GC Util" value="117" />
  <attribute name="CPU Util" value="15067126892926" />
  <attribute name="Time Running"value="129729"/>
  <attribute name="Number of cores"value="16"/>
<gc-start id="902" type="partial gc" contextid="901" timestamp="2019-08-04T08:43:12.003">
  <mem-info id="903" free="58720256" total="184549376" percent="31">
    <mem type="eden" free="2097088" total="54525952" percent="3" />
    <remembered-set count="49472" freebytes="7180032" totalbytes="7377920" percent="97" regionsoverflowed="0" regionsstable="0" regionsrebuilding="0"/>
  </mem-info>
</gc-start>
<allocation-stats totalBytes="52101400" >
  <allocated-bytes non-tlh="0" tlh="52101400" arrayletleaf="0"/>
  <largest-consumer threadName="main" threadId="0000000000C1FF00" bytes="52101400" />
</allocation-stats>
<gc-op id="904" type="copy forward" timems="30.321" contextid="901" timestamp="2019-08-04T08:43:12.037">
  <memory-copied type="eden" objects="2" bytes="64" bytesdiscarded="0" />
  <memory-copied type="other" objects="81878" bytes="2011352" bytesdiscarded="122360" />
  <memory-cardclean objects="7301" bytes="582992" />
  <remembered-set-cleared processed="38945" cleared="5370" durationms="0.272" />
  <references type="weak" candidates="6" cleared="0" enqueued="0" />
  <stringconstants candidates="13767" cleared="0"  />
</gc-op>
<gc-op id="905" type="classunload" timems="0.016" contextid="901" timestamp="2019-08-04T08:43:12.037">
  <classunload-info classloadercandidates="55" classloadersunloaded="0" classesunloaded="0" anonymousclassesunloaded="0" quiescems="0.000" setupms="0.015" scanms="0.000" postms="0.000" />
</gc-op>
<gc-end id="906" type="partial gc" contextid="901" durationms="34.326" usertimems="100.389" systemtimems="0.000" timestamp="2019-08-04T08:43:12.037" activeThreads="16">
  <mem-info id="907" free="111149056" total="184549376" percent="60">
    <mem type="eden" free="2097088" total="2097152" percent="99" />
    <remembered-set count="52864" freebytes="7166464" totalbytes="7377920" percent="97" regionsoverflowed="0" regionsstable="0" regionsrebuilding="0"/>
  </mem-info>
</gc-end>
<cycle-end id="908" type="partial gc" contextid="901" timestamp="2019-08-04T08:43:12.037">
  <attribute name="GC Util" value="152" />
  <attribute name="CPU Util" value="7419973315236" />
  <attribute name="Time Running"value="129798"/>
  <attribute name="Number of cores"value="16"/>
</cycle-end>
<exclusive-end id="909" timestamp="2019-08-04T08:43:12.037" durationms="34.964" />

<exclusive-start id="910" timestamp="2019-08-04T08:43:12.356" intervalms="353.689">
  <response-info timems="1.021" idlems="1.021" threads="0" lastid="0000000000C1FF00" lastname="main" />
</exclusive-start>
<allocation-taxation id="911" taxation-threshold="52428800" timestamp="2019-08-04T08:43:12.356" intervalms="353.678" />
<cycle-start id="912" type="partial gc" contextid="0" timestamp="2019-08-04T08:43:12.356" intervalms="353.684" />
  <attribute name="GC Util" value="152" />
  <attribute name="CPU Util" value="7419973315236" />
  <attribute name="Time Running"value="129798"/>
  <attribute name="Number of cores"value="16"/>
<gc-start id="913" type="partial gc" contextid="912" timestamp="2019-08-04T08:43:12.357">
  <mem-info id="914" free="58720256" total="184549376" percent="31">
    <mem type="eden" free="2097088" total="54525952" percent="3" />
    <remembered-set count="52384" freebytes="7168384" totalbytes="7377920" percent="97" regionsoverflowed="0" regionsstable="0" regionsrebuilding="0"/>
  </mem-info>
</gc-start>
<allocation-stats totalBytes="52417832" >
  <allocated-bytes non-tlh="0" tlh="52417832" arrayletleaf="0"/>
  <largest-consumer threadName="main" threadId="0000000000C1FF00" bytes="52417832" />
</allocation-stats>
<gc-op id="915" type="copy forward" timems="16.582" contextid="912" timestamp="2019-08-04T08:43:12.377">
  <memory-copied type="eden" objects="250" bytes="8064" bytesdiscarded="1584" />
  <memory-copied type="other" objects="69499" bytes="1747504" bytesdiscarded="155480" />
  <memory-cardclean objects="1127" bytes="49152" />
  <remembered-set-cleared processed="39361" cleared="3907" durationms="0.223" />
  <references type="soft" candidates="2139" cleared="0" enqueued="0" dynamicThreshold="19" maxThreshold="32" />
  <references type="weak" candidates="111" cleared="0" enqueued="0" />
  <stringconstants candidates="13767" cleared="0"  />
</gc-op>
<gc-op id="916" type="classunload" timems="0.007" contextid="912" timestamp="2019-08-04T08:43:12.377">
  <classunload-info classloadercandidates="55" classloadersunloaded="0" classesunloaded="0" anonymousclassesunloaded="0" quiescems="0.000" setupms="0.007" scanms="0.000" postms="0.000" />
</gc-op>
<gc-end id="917" type="partial gc" contextid="912" durationms="20.110" usertimems="43.245" systemtimems="0.000" timestamp="2019-08-04T08:43:12.377" activeThreads="16">
  <mem-info id="918" free="111149056" total="184549376" percent="60">
    <mem type="eden" free="2087456" total="2097152" percent="99" />
    <remembered-set count="51488" freebytes="7171968" totalbytes="7377920" percent="97" regionsoverflowed="0" regionsstable="0" regionsrebuilding="0"/>
  </mem-info>
</gc-end>
<cycle-end id="919" type="partial gc" contextid="912" timestamp="2019-08-04T08:43:12.377">
  <attribute name="GC Util" value="274" />
  <attribute name="CPU Util" value="7239851610692" />
  <attribute name="Time Running"value="130153"/>
  <attribute name="Number of cores"value="16"/>
</cycle-end>
<exclusive-end id="920" timestamp="2019-08-04T08:43:12.377" durationms="21.384" />

<exclusive-start id="921" timestamp="2019-08-04T08:43:12.527" intervalms="171.259">
  <response-info timems="0.074" idlems="0.074" threads="0" lastid="0000000000C1FF00" lastname="main" />
</exclusive-start>
<allocation-taxation id="922" taxation-threshold="52428800" timestamp="2019-08-04T08:43:12.527" intervalms="171.266" />
<cycle-start id="923" type="partial gc" contextid="0" timestamp="2019-08-04T08:43:12.527" intervalms="171.298" />
  <attribute name="GC Util" value="274" />
  <attribute name="CPU Util" value="7239851610692" />
  <attribute name="Time Running"value="130153"/>
  <attribute name="Number of cores"value="16"/>
<gc-start id="924" type="partial gc" contextid="923" timestamp="2019-08-04T08:43:12.528">
  <mem-info id="925" free="58720256" total="184549376" percent="31">
    <mem type="eden" free="0" total="52428800" percent="0" />
    <remembered-set count="50496" freebytes="7175936" totalbytes="7377920" percent="97" regionsoverflowed="0" regionsstable="1" regionsrebuilding="0"/>
  </mem-info>
</gc-start>
<allocation-stats totalBytes="52418344" >
  <allocated-bytes non-tlh="0" tlh="52418344" arrayletleaf="0"/>
  <largest-consumer threadName="main" threadId="0000000000C1FF00" bytes="52418344" />
</allocation-stats>
<gc-op id="926" type="copy forward" timems="18.816" contextid="923" timestamp="2019-08-04T08:43:12.548">
  <memory-copied type="eden" objects="23" bytes="968" bytesdiscarded="0" />
  <memory-copied type="other" objects="69557" bytes="1749152" bytesdiscarded="60832" />
  <memory-cardclean objects="1089" bytes="47920" />
  <remembered-set-cleared processed="38693" cleared="3866" durationms="0.181" />
  <references type="soft" candidates="2139" cleared="0" enqueued="0" dynamicThreshold="19" maxThreshold="32" />
  <references type="weak" candidates="111" cleared="7" enqueued="3" />
  <stringconstants candidates="13767" cleared="0"  />
</gc-op>
<gc-op id="927" type="classunload" timems="0.006" contextid="923" timestamp="2019-08-04T08:43:12.548">
  <classunload-info classloadercandidates="55" classloadersunloaded="0" classesunloaded="0" anonymousclassesunloaded="0" quiescems="0.000" setupms="0.006" scanms="0.000" postms="0.000" />
</gc-op>
<heap-resize id="928" type="expand" space="default" amount="4194304" count="1" timems="0.068" reason="excessive time being spent in gc" timestamp="2019-08-04T08:43:12.548" />
<gc-end id="929" type="partial gc" contextid="923" durationms="20.392" usertimems="47.309" systemtimems="0.000" timestamp="2019-08-04T08:43:12.548" activeThreads="16">
  <mem-info id="930" free="113246208" total="188743680" percent="60">
    <mem type="eden" free="2096184" total="2097152" percent="99" />
    <pending-finalizers system="0" default="0" reference="3" classloader="0" />
    <remembered-set count="49152" freebytes="7348992" totalbytes="7545600" percent="97" regionsoverflowed="0" regionsstable="1" regionsrebuilding="0"/>
  </mem-info>
</gc-end>
<cycle-end id="931" type="partial gc" contextid="923" timestamp="2019-08-04T08:43:12.548">
  <attribute name="GC Util" value="94" />
  <attribute name="CPU Util" value="19959148158157" />
  <attribute name="Time Running"value="130322"/>
  <attribute name="Number of cores"value="16"/>
</cycle-end>
<exclusive-end id="932" timestamp="2019-08-04T08:43:12.548" durationms="21.102" />

<exclusive-start id="933" timestamp="2019-08-04T08:43:12.610" intervalms="82.562">
  <response-info timems="0.532" idlems="0.532" threads="0" lastid="0000000000C1FF00" lastname="main" />
</exclusive-start>
<allocation-taxation id="934" taxation-threshold="54525952" timestamp="2019-08-04T08:43:12.610" intervalms="82.558" />
<cycle-start id="935" type="partial gc" contextid="0" timestamp="2019-08-04T08:43:12.610" intervalms="82.555" />
  <attribute name="GC Util" value="94" />
  <attribute name="CPU Util" value="19959148158157" />
  <attribute name="Time Running"value="130322"/>
  <attribute name="Number of cores"value="16"/>
<gc-start id="936" type="partial gc" contextid="935" timestamp="2019-08-04T08:43:12.610">
  <mem-info id="937" free="58720256" total="188743680" percent="31">
    <mem type="eden" free="0" total="54525952" percent="0" />
    <remembered-set count="48288" freebytes="7352448" totalbytes="7545600" percent="97" regionsoverflowed="0" regionsstable="2" regionsrebuilding="0"/>
  </mem-info>
</gc-start>
<allocation-stats totalBytes="54496968" >
  <allocated-bytes non-tlh="0" tlh="54496968" arrayletleaf="0"/>
  <largest-consumer threadName="main" threadId="0000000000C1FF00" bytes="54492872" />
</allocation-stats>
<gc-op id="938" type="copy forward" timems="13.887" contextid="935" timestamp="2019-08-04T08:43:12.627">
  <memory-copied type="eden" objects="9" bytes="1088" bytesdiscarded="0" />
  <memory-copied type="other" objects="18" bytes="568" bytesdiscarded="0" />
  <memory-cardclean objects="51" bytes="2128" />
  <remembered-set-cleared processed="38259" cleared="33" durationms="0.245" />
  <stringconstants candidates="13767" cleared="0"  />
</gc-op>
<gc-op id="939" type="classunload" timems="0.007" contextid="935" timestamp="2019-08-04T08:43:12.627">
  <classunload-info classloadercandidates="55" classloadersunloaded="0" classesunloaded="0" anonymousclassesunloaded="0" quiescems="0.000" setupms="0.007" scanms="0.000" postms="0.000" />
</gc-op>
<gc-end id="940" type="partial gc" contextid="935" durationms="16.503" usertimems="30.173" systemtimems="0.000" timestamp="2019-08-04T08:43:12.627" activeThreads="16">
  <mem-info id="941" free="111149056" total="188743680" percent="58">
    <mem type="eden" free="2096064" total="2097152" percent="99" />
    <remembered-set count="48512" freebytes="7351552" totalbytes="7545600" percent="97" regionsoverflowed="0" regionsstable="2" regionsrebuilding="0"/>
  </mem-info>
</gc-end>
<cycle-end id="942" type="partial gc" contextid="935" timestamp="2019-08-04T08:43:12.627">
  <attribute name="GC Util" value="153" />
  <attribute name="CPU Util" value="8631335595910" />
  <attribute name="Time Running"value="130406"/>
  <attribute name="Number of cores"value="16"/>
</cycle-end>
<exclusive-end id="943" timestamp="2019-08-04T08:43:12.627" durationms="17.224" />

<exclusive-start id="944" timestamp="2019-08-04T08:43:12.703" intervalms="92.914">
  <response-info timems="1.895" idlems="1.895" threads="0" lastid="0000000000C1FF00" lastname="main" />
</exclusive-start>
<allocation-taxation id="945" taxation-threshold="54525952" timestamp="2019-08-04T08:43:12.703" intervalms="92.930" />
<cycle-start id="946" type="partial gc" contextid="0" timestamp="2019-08-04T08:43:12.703" intervalms="92.954" />
  <attribute name="GC Util" value="153" />
  <attribute name="CPU Util" value="8631335595910" />
  <attribute name="Time Running"value="130406"/>
  <attribute name="Number of cores"value="16"/>
<gc-start id="947" type="partial gc" contextid="946" timestamp="2019-08-04T08:43:12.703">
  <mem-info id="948" free="56623104" total="188743680" percent="30">
    <mem type="eden" free="0" total="54525952" percent="0" />
    <remembered-set count="48128" freebytes="7353088" totalbytes="7545600" percent="97" regionsoverflowed="0" regionsstable="2" regionsrebuilding="0"/>
  </mem-info>
</gc-start>
<allocation-stats totalBytes="54497800" >
  <allocated-bytes non-tlh="0" tlh="54497800" arrayletleaf="0"/>
  <largest-consumer threadName="main" threadId="0000000000C1FF00" bytes="54497800" />
</allocation-stats>
<gc-op id="949" type="copy forward" timems="24.306" contextid="946" timestamp="2019-08-04T08:43:12.730">
  <memory-copied type="eden" objects="6" bytes="360" bytesdiscarded="0" />
  <memory-copied type="other" objects="1" bytes="520" bytesdiscarded="0" />
  <memory-cardclean objects="17" bytes="552" />
  <remembered-set-cleared processed="38260" cleared="12" durationms="0.239" />
  <stringconstants candidates="13767" cleared="0"  />
</gc-op>
<gc-op id="950" type="classunload" timems="0.012" contextid="946" timestamp="2019-08-04T08:43:12.730">
  <classunload-info classloadercandidates="55" classloadersunloaded="0" classesunloaded="0" anonymousclassesunloaded="0" quiescems="0.000" setupms="0.012" scanms="0.000" postms="0.000" />
</gc-op>
<heap-resize id="951" type="expand" space="default" amount="10485760" count="1" timems="0.130" reason="excessive time being spent in gc" timestamp="2019-08-04T08:43:12.731" />
<gc-end id="952" type="partial gc" contextid="946" durationms="27.294" usertimems="42.125" systemtimems="0.000" timestamp="2019-08-04T08:43:12.731" activeThreads="16">
  <mem-info id="953" free="119537664" total="199229440" percent="60">
    <mem type="eden" free="2096792" total="2097152" percent="99" />
    <remembered-set count="47680" freebytes="7774080" totalbytes="7964800" percent="97" regionsoverflowed="0" regionsstable="2" regionsrebuilding="0"/>
  </mem-info>
</gc-end>
<cycle-end id="954" type="partial gc" contextid="946" timestamp="2019-08-04T08:43:12.731">
  <attribute name="GC Util" value="82" />
  <attribute name="CPU Util" value="9119487211416" />
  <attribute name="Time Running"value="130498"/>
  <attribute name="Number of cores"value="16"/>
</cycle-end>
<exclusive-end id="955" timestamp="2019-08-04T08:43:12.731" durationms="28.150" />

<exclusive-start id="956" timestamp="2019-08-04T08:43:12.820" intervalms="116.770">
  <response-info timems="0.107" idlems="0.107" threads="0" lastid="0000000000C1FF00" lastname="main" />
</exclusive-start>
<allocation-taxation id="957" taxation-threshold="56623104" timestamp="2019-08-04T08:43:12.820" intervalms="116.761" />
<cycle-start id="958" type="partial gc" contextid="0" timestamp="2019-08-04T08:43:12.820" intervalms="116.718" />
  <attribute name="GC Util" value="82" />
  <attribute name="CPU Util" value="9119487211416" />
  <attribute name="Time Running"value="130498"/>
  <attribute name="Number of cores"value="16"/>
<gc-start id="959" type="partial gc" contextid="958" timestamp="2019-08-04T08:43:12.820">
  <mem-info id="960" free="62914560" total="199229440" percent="31">
    <mem type="eden" free="2096792" total="58720256" percent="3" />
    <remembered-set count="47680" freebytes="7774080" totalbytes="7964800" percent="97" regionsoverflowed="0" regionsstable="2" regionsrebuilding="0"/>
  </mem-info>
</gc-start>
<allocation-stats totalBytes="56594752" >
  <allocated-bytes non-tlh="0" tlh="56594752" arrayletleaf="0"/>
  <largest-consumer threadName="main" threadId="0000000000C1FF00" bytes="56594752" />
</allocation-stats>
<gc-op id="961" type="copy forward" timems="20.036" contextid="958" timestamp="2019-08-04T08:43:12.842">
  <memory-copied type="eden" objects="6" bytes="240" bytesdiscarded="0" />
  <memory-copied type="other" objects="0" bytes="0" bytesdiscarded="0" />
  <memory-cardclean objects="16" bytes="528" />
  <remembered-set-cleared processed="38260" cleared="10" durationms="0.303" />
  <stringconstants candidates="13767" cleared="0"  />
</gc-op>
<gc-op id="962" type="classunload" timems="0.009" contextid="958" timestamp="2019-08-04T08:43:12.842">
  <classunload-info classloadercandidates="55" classloadersunloaded="0" classesunloaded="0" anonymousclassesunloaded="0" quiescems="0.000" setupms="0.009" scanms="0.000" postms="0.000" />
</gc-op>
<gc-end id="963" type="partial gc" contextid="958" durationms="21.797" usertimems="56.077" systemtimems="0.000" timestamp="2019-08-04T08:43:12.842" activeThreads="16">
  <mem-info id="964" free="119537664" total="199229440" percent="60">
    <mem type="eden" free="2096912" total="2097152" percent="99" />
    <remembered-set count="47232" freebytes="7775872" totalbytes="7964800" percent="97" regionsoverflowed="0" regionsstable="2" regionsrebuilding="0"/>
  </mem-info>
</gc-end>
<cycle-end id="965" type="partial gc" contextid="958" timestamp="2019-08-04T08:43:12.842">
  <attribute name="GC Util" value="124" />
  <attribute name="CPU Util" value="16817774095975" />
  <attribute name="Time Running"value="130614"/>
  <attribute name="Number of cores"value="16"/>
</cycle-end>
<exclusive-end id="966" timestamp="2019-08-04T08:43:12.842" durationms="22.347" />

<exclusive-start id="967" timestamp="2019-08-04T08:43:12.910" intervalms="90.176">
  <response-info timems="0.057" idlems="0.057" threads="0" lastid="0000000000C1FF00" lastname="main" />
</exclusive-start>
<allocation-taxation id="968" taxation-threshold="56623104" timestamp="2019-08-04T08:43:12.910" intervalms="90.178" />
<cycle-start id="969" type="partial gc" contextid="0" timestamp="2019-08-04T08:43:12.910" intervalms="90.157" />
  <attribute name="GC Util" value="124" />
  <attribute name="CPU Util" value="16817774095975" />
  <attribute name="Time Running"value="130614"/>
  <attribute name="Number of cores"value="16"/>
<gc-start id="970" type="partial gc" contextid="969" timestamp="2019-08-04T08:43:12.910">
  <mem-info id="971" free="62914560" total="199229440" percent="31">
    <mem type="eden" free="2096912" total="58720256" percent="3" />
    <remembered-set count="47232" freebytes="7775872" totalbytes="7964800" percent="97" regionsoverflowed="0" regionsstable="2" regionsrebuilding="0"/>
  </mem-info>
</gc-start>
<allocation-stats totalBytes="56593480" >
  <allocated-bytes non-tlh="0" tlh="56593480" arrayletleaf="0"/>
  <largest-consumer threadName="main" threadId="0000000000C1FF00" bytes="56593480" />
</allocation-stats>
<gc-op id="972" type="copy forward" timems="21.935" contextid="969" timestamp="2019-08-04T08:43:12.933">
  <memory-copied type="eden" objects="28" bytes="1264" bytesdiscarded="0" />
  <memory-copied type="other" objects="0" bytes="0" bytesdiscarded="0" />
  <memory-cardclean objects="66" bytes="2560" />
  <remembered-set-cleared processed="38260" cleared="27" durationms="0.304" />
  <stringconstants candidates="13767" cleared="0"  />
</gc-op>
<gc-op id="973" type="classunload" timems="0.010" contextid="969" timestamp="2019-08-04T08:43:12.933">
  <classunload-info classloadercandidates="55" classloadersunloaded="0" classesunloaded="0" anonymousclassesunloaded="0" quiescems="0.000" setupms="0.009" scanms="0.000" postms="0.000" />
</gc-op>
<gc-end id="974" type="partial gc" contextid="969" durationms="23.338" usertimems="65.677" systemtimems="0.000" timestamp="2019-08-04T08:43:12.933" activeThreads="16">
  <mem-info id="975" free="119537664" total="199229440" percent="60">
    <mem type="eden" free="2095888" total="2097152" percent="99" />
    <remembered-set count="47680" freebytes="7774080" totalbytes="7964800" percent="97" regionsoverflowed="0" regionsstable="2" regionsrebuilding="0"/>
  </mem-info>
</gc-end>
<cycle-end id="976" type="partial gc" contextid="969" timestamp="2019-08-04T08:43:12.934">
  <attribute name="GC Util" value="221" />
  <attribute name="CPU Util" value="31653285900898" />
  <attribute name="Time Running"value="130704"/>
  <attribute name="Number of cores"value="16"/>
</cycle-end>
<exclusive-end id="977" timestamp="2019-08-04T08:43:12.934" durationms="23.930" />

<exclusive-start id="978" timestamp="2019-08-04T08:43:13.005" intervalms="94.921">
  <response-info timems="0.024" idlems="0.024" threads="0" lastid="0000000000C1FF00" lastname="main" />
</exclusive-start>
<allocation-taxation id="979" taxation-threshold="56623104" timestamp="2019-08-04T08:43:13.005" intervalms="94.912" />
<cycle-start id="980" type="partial gc" contextid="0" timestamp="2019-08-04T08:43:13.005" intervalms="95.125" />
  <attribute name="GC Util" value="221" />
  <attribute name="CPU Util" value="31653285900898" />
  <attribute name="Time Running"value="130704"/>
  <attribute name="Number of cores"value="16"/>
<gc-start id="981" type="partial gc" contextid="980" timestamp="2019-08-04T08:43:13.005">
  <mem-info id="982" free="62914560" total="199229440" percent="31">
    <mem type="eden" free="0" total="56623104" percent="0" />
    <remembered-set count="47232" freebytes="7775872" totalbytes="7964800" percent="97" regionsoverflowed="0" regionsstable="2" regionsrebuilding="0"/>
  </mem-info>
</gc-start>
<allocation-stats totalBytes="56573216" >
  <allocated-bytes non-tlh="0" tlh="56573216" arrayletleaf="0"/>
  <largest-consumer threadName="main" threadId="0000000000C1FF00" bytes="56573216" />
</allocation-stats>
<gc-op id="983" type="copy forward" timems="17.256" contextid="980" timestamp="2019-08-04T08:43:13.025">
  <memory-copied type="eden" objects="6" bytes="192" bytesdiscarded="0" />
  <memory-copied type="other" objects="23" bytes="968" bytesdiscarded="584" />
  <memory-cardclean objects="42" bytes="2096" />
  <remembered-set-cleared processed="38271" cleared="38" durationms="0.212" />
  <stringconstants candidates="13767" cleared="0"  />
</gc-op>
<gc-op id="984" type="classunload" timems="0.009" contextid="980" timestamp="2019-08-04T08:43:13.025">
  <classunload-info classloadercandidates="55" classloadersunloaded="0" classesunloaded="0" anonymousclassesunloaded="0" quiescems="0.000" setupms="0.009" scanms="0.000" postms="0.000" />
</gc-op>
<heap-resize id="985" type="expand" space="default" amount="6291456" count="1" timems="0.080" reason="excessive time being spent in gc" timestamp="2019-08-04T08:43:13.026" />
<gc-end id="986" type="partial gc" contextid="980" durationms="20.228" usertimems="40.267" systemtimems="0.000" timestamp="2019-08-04T08:43:13.026" activeThreads="16">
  <mem-info id="987" free="123731968" total="205520896" percent="60">
    <mem type="eden" free="2096960" total="2097152" percent="99" />
    <remembered-set count="48704" freebytes="8021504" totalbytes="8216320" percent="97" regionsoverflowed="0" regionsstable="2" regionsrebuilding="0"/>
  </mem-info>
</gc-end>
<cycle-end id="988" type="partial gc" contextid="980" timestamp="2019-08-04T08:43:13.026">
  <attribute name="GC Util" value="159" />
  <attribute name="CPU Util" value="7759199297010" />
  <attribute name="Time Running"value="130801"/>
  <attribute name="Number of cores"value="16"/>
</cycle-end>
<exclusive-end id="989" timestamp="2019-08-04T08:43:13.026" durationms="21.140" />

<exclusive-start id="990" timestamp="2019-08-04T08:43:13.169" intervalms="164.449">
  <response-info timems="0.067" idlems="0.067" threads="0" lastid="0000000000C1FF00" lastname="main" />
</exclusive-start>
<allocation-taxation id="991" taxation-threshold="58720256" timestamp="2019-08-04T08:43:13.169" intervalms="164.584" />
<cycle-start id="992" type="partial gc" contextid="0" timestamp="2019-08-04T08:43:13.169" intervalms="164.444" />
  <attribute name="GC Util" value="159" />
  <attribute name="CPU Util" value="7759199297010" />
  <attribute name="Time Running"value="130801"/>
  <attribute name="Number of cores"value="16"/>
<gc-start id="993" type="partial gc" contextid="992" timestamp="2019-08-04T08:43:13.170">
  <mem-info id="994" free="65011712" total="205520896" percent="31">
    <mem type="eden" free="2096960" total="60817408" percent="3" />
    <remembered-set count="48224" freebytes="8023424" totalbytes="8216320" percent="97" regionsoverflowed="0" regionsstable="2" regionsrebuilding="0"/>
  </mem-info>
</gc-start>
<allocation-stats totalBytes="58684560" >
  <allocated-bytes non-tlh="0" tlh="58684560" arrayletleaf="0"/>
  <largest-consumer threadName="main" threadId="0000000000C1FF00" bytes="58684560" />
</allocation-stats>
<gc-op id="995" type="copy forward" timems="22.186" contextid="992" timestamp="2019-08-04T08:43:13.195">
  <memory-copied type="eden" objects="37" bytes="1576" bytesdiscarded="584" />
  <memory-copied type="other" objects="0" bytes="0" bytesdiscarded="0" />
  <memory-cardclean objects="78" bytes="3136" />
  <remembered-set-cleared processed="38275" cleared="43" durationms="0.342" />
  <stringconstants candidates="13767" cleared="0"  />
</gc-op>
<gc-op id="996" type="classunload" timems="0.020" contextid="992" timestamp="2019-08-04T08:43:13.195">
  <classunload-info classloadercandidates="55" classloadersunloaded="0" classesunloaded="0" anonymousclassesunloaded="0" quiescems="0.000" setupms="0.020" scanms="0.000" postms="0.000" />
</gc-op>
<gc-end id="997" type="partial gc" contextid="992" durationms="25.322" usertimems="41.645" systemtimems="0.000" timestamp="2019-08-04T08:43:13.195" activeThreads="16">
  <mem-info id="998" free="123731968" total="205520896" percent="60">
    <mem type="eden" free="2094992" total="2097152" percent="99" />
    <remembered-set count="48192" freebytes="8023552" totalbytes="8216320" percent="97" regionsoverflowed="0" regionsstable="2" regionsrebuilding="0"/>
  </mem-info>
</gc-end>
<cycle-end id="999" type="partial gc" contextid="992" timestamp="2019-08-04T08:43:13.195">
  <attribute name="GC Util" value="174" />
  <attribute name="CPU Util" value="9641948091703" />
  <attribute name="Time Running"value="130965"/>
  <attribute name="Number of cores"value="16"/>
</cycle-end>
<exclusive-end id="1000" timestamp="2019-08-04T08:43:13.196" durationms="26.548" />

<exclusive-start id="1001" timestamp="2019-08-04T08:43:13.601" intervalms="431.669">
  <response-info timems="0.093" idlems="0.093" threads="0" lastid="0000000000C1FF00" lastname="main" />
</exclusive-start>
<allocation-taxation id="1002" taxation-threshold="58720256" timestamp="2019-08-04T08:43:13.601" intervalms="431.552" />
<cycle-start id="1003" type="partial gc" contextid="0" timestamp="2019-08-04T08:43:13.601" intervalms="431.494" />
  <attribute name="GC Util" value="174" />
  <attribute name="CPU Util" value="9641948091703" />
  <attribute name="Time Running"value="130965"/>
  <attribute name="Number of cores"value="16"/>
<gc-start id="1004" type="partial gc" contextid="1003" timestamp="2019-08-04T08:43:13.601">
  <mem-info id="1005" free="65011712" total="205520896" percent="31">
    <mem type="eden" free="0" total="58720256" percent="0" />
    <remembered-set count="48192" freebytes="8023552" totalbytes="8216320" percent="97" regionsoverflowed="0" regionsstable="2" regionsrebuilding="0"/>
  </mem-info>
</gc-start>
<allocation-stats totalBytes="58707688" >
  <allocated-bytes non-tlh="0" tlh="58707688" arrayletleaf="0"/>
  <largest-consumer threadName="main" threadId="0000000000C1FF00" bytes="58707688" />
</allocation-stats>
<gc-op id="1006" type="copy forward" timems="25.194" contextid="1003" timestamp="2019-08-04T08:43:13.628">
  <memory-copied type="eden" objects="28" bytes="960" bytesdiscarded="0" />
  <memory-copied type="other" objects="12" bytes="568" bytesdiscarded="656" />
  <memory-cardclean objects="60" bytes="2568" />
  <remembered-set-cleared processed="38281" cleared="42" durationms="0.403" />
  <stringconstants candidates="13767" cleared="0"  />
</gc-op>
<gc-op id="1007" type="classunload" timems="0.011" contextid="1003" timestamp="2019-08-04T08:43:13.628">
  <classunload-info classloadercandidates="55" classloadersunloaded="0" classesunloaded="0" anonymousclassesunloaded="0" quiescems="0.000" setupms="0.011" scanms="0.000" postms="0.000" />
</gc-op>
<gc-end id="1008" type="partial gc" contextid="1003" durationms="26.697" usertimems="53.760" systemtimems="0.000" timestamp="2019-08-04T08:43:13.628" activeThreads="16">
  <mem-info id="1009" free="121634816" total="205520896" percent="59">
    <mem type="eden" free="2096192" total="2097152" percent="99" />
    <remembered-set count="48704" freebytes="8021504" totalbytes="8216320" percent="97" regionsoverflowed="0" regionsstable="2" regionsrebuilding="0"/>
  </mem-info>
</gc-end>
<cycle-end id="1010" type="partial gc" contextid="1003" timestamp="2019-08-04T08:43:13.628">
  <attribute name="GC Util" value="227" />
  <attribute name="CPU Util" value="23002332660384" />
  <attribute name="Time Running"value="131395"/>
  <attribute name="Number of cores"value="16"/>
</cycle-end>
<exclusive-end id="1011" timestamp="2019-08-04T08:43:13.628" durationms="27.664" />

<exclusive-start id="1012" timestamp="2019-08-04T08:43:15.043" intervalms="1442.303">
  <response-info timems="0.793" idlems="0.793" threads="0" lastid="0000000000C1FF00" lastname="main" />
</exclusive-start>
<allocation-taxation id="1013" taxation-threshold="58720256" timestamp="2019-08-04T08:43:15.043" intervalms="1442.301" />
<cycle-start id="1014" type="partial gc" contextid="0" timestamp="2019-08-04T08:43:15.043" intervalms="1442.330" />
  <attribute name="GC Util" value="227" />
  <attribute name="CPU Util" value="23002332660384" />
  <attribute name="Time Running"value="131395"/>
  <attribute name="Number of cores"value="16"/>
<gc-start id="1015" type="partial gc" contextid="1014" timestamp="2019-08-04T08:43:15.044">
  <mem-info id="1016" free="62914560" total="205520896" percent="30">
    <mem type="eden" free="2096192" total="60817408" percent="3" />
    <remembered-set count="48704" freebytes="8021504" totalbytes="8216320" percent="97" regionsoverflowed="0" regionsstable="2" regionsrebuilding="0"/>
  </mem-info>
</gc-start>
<allocation-stats totalBytes="55200944" >
  <allocated-bytes non-tlh="0" tlh="55200944" arrayletleaf="0"/>
  <largest-consumer threadName="main" threadId="0000000000C1FF00" bytes="55200944" />
</allocation-stats>
<gc-op id="1017" type="copy forward" timems="21.254" contextid="1014" timestamp="2019-08-04T08:43:15.068">
  <memory-copied type="eden" objects="66" bytes="35720" bytesdiscarded="0" />
  <memory-copied type="other" objects="7" bytes="160" bytesdiscarded="0" />
  <memory-cardclean objects="102" bytes="4152" />
  <remembered-set-cleared processed="38289" cleared="53" durationms="0.487" />
  <stringconstants candidates="13767" cleared="0"  />
</gc-op>
<gc-op id="1018" type="classunload" timems="0.013" contextid="1014" timestamp="2019-08-04T08:43:15.068">
  <classunload-info classloadercandidates="55" classloadersunloaded="0" classesunloaded="0" anonymousclassesunloaded="0" quiescems="0.000" setupms="0.013" scanms="0.000" postms="0.000" />
</gc-op>
<heap-resize id="1019" type="contract" space="default" amount="10485760" count="1" timems="0.123" reason="insufficient time being spent in gc" timestamp="2019-08-04T08:43:15.068" />
<gc-end id="1020" type="partial gc" contextid="1014" durationms="24.742" usertimems="42.465" systemtimems="0.000" timestamp="2019-08-04T08:43:15.068" activeThreads="16">
  <mem-info id="1021" free="109051904" total="195035136" percent="55">
    <mem type="eden" free="4158424" total="4194304" percent="99" />
    <remembered-set count="48288" freebytes="8023168" totalbytes="8216320" percent="97" regionsoverflowed="0" regionsstable="2" regionsrebuilding="0"/>
  </mem-info>
</gc-end>
<cycle-end id="1022" type="partial gc" contextid="1014" timestamp="2019-08-04T08:43:15.068">
  <attribute name="GC Util" value="168" />
  <attribute name="CPU Util" value="7428151128758" />
  <attribute name="Time Running"value="132839"/>
  <attribute name="Number of cores"value="16"/>
</cycle-end>
<exclusive-end id="1023" timestamp="2019-08-04T08:43:15.069" durationms="25.498" />

<exclusive-start id="1024" timestamp="2019-08-04T08:43:16.166" intervalms="1122.399">
  <response-info timems="0.055" idlems="0.055" threads="0" lastid="0000000000C1FF00" lastname="main" />
</exclusive-start>
<allocation-taxation id="1025" taxation-threshold="56623104" timestamp="2019-08-04T08:43:16.166" intervalms="1122.425" />
<cycle-start id="1026" type="partial gc" contextid="0" timestamp="2019-08-04T08:43:16.166" intervalms="1122.452" />
  <attribute name="GC Util" value="168" />
  <attribute name="CPU Util" value="7428151128758" />
  <attribute name="Time Running"value="132839"/>
  <attribute name="Number of cores"value="16"/>
<gc-start id="1027" type="partial gc" contextid="1026" timestamp="2019-08-04T08:43:16.166">
  <mem-info id="1028" free="52428800" total="195035136" percent="26">
    <mem type="eden" free="0" total="56623104" percent="0" />
    <remembered-set count="48032" freebytes="8024192" totalbytes="8216320" percent="97" regionsoverflowed="0" regionsstable="2" regionsrebuilding="0"/>
  </mem-info>
</gc-start>
<allocation-stats totalBytes="56617512" >
  <allocated-bytes non-tlh="0" tlh="56617512" arrayletleaf="0"/>
  <largest-consumer threadName="main" threadId="0000000000C1FF00" bytes="56617512" />
</allocation-stats>
<gc-op id="1029" type="copy forward" timems="7.473" contextid="1026" timestamp="2019-08-04T08:43:16.175">
  <memory-copied type="eden" objects="51" bytes="1544" bytesdiscarded="104" />
  <memory-copied type="other" objects="35" bytes="800" bytesdiscarded="0" />
  <memory-cardclean objects="99" bytes="4008" />
  <remembered-set-cleared processed="38299" cleared="53" durationms="0.173" />
  <stringconstants candidates="13767" cleared="0"  />
</gc-op>
<gc-op id="1030" type="classunload" timems="0.007" contextid="1026" timestamp="2019-08-04T08:43:16.175">
  <classunload-info classloadercandidates="55" classloadersunloaded="0" classesunloaded="0" anonymousclassesunloaded="0" quiescems="0.000" setupms="0.006" scanms="0.000" postms="0.000" />
</gc-op>
<heap-resize id="1031" type="contract" space="default" amount="10485760" count="1" timems="0.089" reason="insufficient time being spent in gc" timestamp="2019-08-04T08:43:16.176" />
<gc-end id="1032" type="partial gc" contextid="1026" durationms="9.605" usertimems="24.281" systemtimems="0.000" timestamp="2019-08-04T08:43:16.176" activeThreads="16">
  <mem-info id="1033" free="96468992" total="184549376" percent="52">
    <mem type="eden" free="2095504" total="2097152" percent="99" />
    <remembered-set count="48512" freebytes="7603072" totalbytes="7797120" percent="97" regionsoverflowed="0" regionsstable="2" regionsrebuilding="0"/>
  </mem-info>
</gc-end>
<cycle-end id="1034" type="partial gc" contextid="1026" timestamp="2019-08-04T08:43:16.176">
  <attribute name="GC Util" value="134" />
  <attribute name="CPU Util" value="13398332408812" />
  <attribute name="Time Running"value="133960"/>
  <attribute name="Number of cores"value="16"/>
</cycle-end>
<exclusive-end id="1035" timestamp="2019-08-04T08:43:16.176" durationms="10.620" />

<exclusive-start id="1036" timestamp="2019-08-04T08:43:16.501" intervalms="335.947">
  <response-info timems="0.514" idlems="0.514" threads="0" lastid="0000000000C1FF00" lastname="main" />
</exclusive-start>
<allocation-taxation id="1037" taxation-threshold="52428800" timestamp="2019-08-04T08:43:16.502" intervalms="335.922" />
<cycle-start id="1038" type="partial gc" contextid="0" timestamp="2019-08-04T08:43:16.502" intervalms="335.939" />
  <attribute name="GC Util" value="134" />
  <attribute name="CPU Util" value="13398332408812" />
  <attribute name="Time Running"value="133960"/>
  <attribute name="Number of cores"value="16"/>
<gc-start id="1039" type="partial gc" contextid="1038" timestamp="2019-08-04T08:43:16.502">
  <mem-info id="1040" free="44040192" total="184549376" percent="23">
    <mem type="eden" free="0" total="52428800" percent="0" />
    <remembered-set count="48064" freebytes="7604864" totalbytes="7797120" percent="97" regionsoverflowed="0" regionsstable="2" regionsrebuilding="0"/>
  </mem-info>
</gc-start>
<allocation-stats totalBytes="52420432" >
  <allocated-bytes non-tlh="32" tlh="52420400" arrayletleaf="0"/>
  <largest-consumer threadName="main" threadId="0000000000C1FF00" bytes="52420432" />
</allocation-stats>
<gc-op id="1041" type="copy forward" timems="20.398" contextid="1038" timestamp="2019-08-04T08:43:16.525">
  <memory-copied type="eden" objects="47" bytes="1488" bytesdiscarded="0" />
  <memory-copied type="other" objects="39" bytes="1120" bytesdiscarded="288" />
  <memory-cardclean objects="78" bytes="3504" />
  <remembered-set-cleared processed="38311" cleared="55" durationms="0.251" />
  <stringconstants candidates="13768" cleared="0"  />
</gc-op>
<gc-op id="1042" type="classunload" timems="0.016" contextid="1038" timestamp="2019-08-04T08:43:16.525">
  <classunload-info classloadercandidates="55" classloadersunloaded="0" classesunloaded="0" anonymousclassesunloaded="0" quiescems="0.000" setupms="0.015" scanms="0.000" postms="0.000" />
</gc-op>
<heap-resize id="1043" type="contract" space="default" amount="10485760" count="1" timems="0.594" reason="insufficient time being spent in gc" timestamp="2019-08-04T08:43:16.526" />
<gc-end id="1044" type="partial gc" contextid="1038" durationms="24.563" usertimems="77.378" systemtimems="0.000" timestamp="2019-08-04T08:43:16.527" activeThreads="16">
  <mem-info id="1045" free="83886080" total="174063616" percent="48">
    <mem type="eden" free="2095664" total="2097152" percent="99" />
    <remembered-set count="48544" freebytes="7183744" totalbytes="7377920" percent="97" regionsoverflowed="0" regionsstable="2" regionsrebuilding="0"/>
  </mem-info>
</gc-end>
<cycle-end id="1046" type="partial gc" contextid="1038" timestamp="2019-08-04T08:43:16.527">
  <attribute name="GC Util" value="112" />
  <attribute name="CPU Util" value="8837220641025" />
  <attribute name="Time Running"value="134297"/>
  <attribute name="Number of cores"value="16"/>
</cycle-end>
<exclusive-end id="1047" timestamp="2019-08-04T08:43:16.527" durationms="25.502" />

<exclusive-start id="1048" timestamp="2019-08-04T08:43:17.068" intervalms="566.474">
  <response-info timems="0.100" idlems="0.100" threads="0" lastid="0000000000C1FF00" lastname="main" />
</exclusive-start>
<allocation-taxation id="1049" taxation-threshold="50331648" timestamp="2019-08-04T08:43:17.068" intervalms="566.470" />
<cycle-start id="1050" type="partial gc" contextid="0" timestamp="2019-08-04T08:43:17.068" intervalms="566.377" />
  <attribute name="GC Util" value="112" />
  <attribute name="CPU Util" value="8837220641025" />
  <attribute name="Time Running"value="134297"/>
  <attribute name="Number of cores"value="16"/>
<gc-start id="1051" type="partial gc" contextid="1050" timestamp="2019-08-04T08:43:17.069">
  <mem-info id="1052" free="33554432" total="174063616" percent="19">
    <mem type="eden" free="0" total="50331648" percent="0" />
    <remembered-set count="48544" freebytes="7183744" totalbytes="7377920" percent="97" regionsoverflowed="0" regionsstable="2" regionsrebuilding="0"/>
  </mem-info>
</gc-start>
<allocation-stats totalBytes="50312632" >
  <allocated-bytes non-tlh="0" tlh="50312632" arrayletleaf="0"/>
  <largest-consumer threadName="main" threadId="0000000000C1FF00" bytes="50312632" />
</allocation-stats>
<gc-op id="1053" type="copy forward" timems="13.119" contextid="1050" timestamp="2019-08-04T08:43:17.084">
  <memory-copied type="eden" objects="33" bytes="1000" bytesdiscarded="0" />
  <memory-copied type="other" objects="9" bytes="192" bytesdiscarded="0" />
  <memory-cardclean objects="105" bytes="4272" />
  <remembered-set-cleared processed="38321" cleared="68" durationms="0.316" />
  <stringconstants candidates="13768" cleared="0"  />
</gc-op>
<gc-op id="1054" type="classunload" timems="0.011" contextid="1050" timestamp="2019-08-04T08:43:17.084">
  <classunload-info classloadercandidates="55" classloadersunloaded="0" classesunloaded="0" anonymousclassesunloaded="0" quiescems="0.000" setupms="0.011" scanms="0.000" postms="0.000" />
</gc-op>
<heap-resize id="1055" type="contract" space="default" amount="10485760" count="1" timems="0.422" reason="insufficient time being spent in gc" timestamp="2019-08-04T08:43:17.085" />
<gc-end id="1056" type="partial gc" contextid="1050" durationms="16.334" usertimems="42.041" systemtimems="0.000" timestamp="2019-08-04T08:43:17.085" activeThreads="16">
  <mem-info id="1057" free="71303168" total="163577856" percent="43">
    <mem type="eden" free="2096152" total="2097152" percent="99" />
    <remembered-set count="48160" freebytes="6766080" totalbytes="6958720" percent="97" regionsoverflowed="0" regionsstable="2" regionsrebuilding="0"/>
  </mem-info>
</gc-end>
<cycle-end id="1058" type="partial gc" contextid="1050" timestamp="2019-08-04T08:43:17.085">
  <attribute name="GC Util" value="80" />
  <attribute name="CPU Util" value="8473061090505" />
  <attribute name="Time Running"value="134864"/>
  <attribute name="Number of cores"value="16"/>
</cycle-end>
<exclusive-end id="1059" timestamp="2019-08-04T08:43:17.085" durationms="17.098" />

<exclusive-start id="1060" timestamp="2019-08-04T08:43:17.418" intervalms="350.408">
  <response-info timems="0.289" idlems="0.289" threads="0" lastid="0000000000C1FF00" lastname="main" />
</exclusive-start>
<allocation-taxation id="1061" taxation-threshold="48234496" timestamp="2019-08-04T08:43:17.418" intervalms="350.415" />
<cycle-start id="1062" type="partial gc" contextid="0" timestamp="2019-08-04T08:43:17.419" intervalms="350.581" />
  <attribute name="GC Util" value="80" />
  <attribute name="CPU Util" value="8473061090505" />
  <attribute name="Time Running"value="134864"/>
  <attribute name="Number of cores"value="16"/>
<gc-start id="1063" type="partial gc" contextid="1062" timestamp="2019-08-04T08:43:17.419">
  <mem-info id="1064" free="23068672" total="163577856" percent="14">
    <mem type="eden" free="0" total="48234496" percent="0" />
    <remembered-set count="47808" freebytes="6767488" totalbytes="6958720" percent="97" regionsoverflowed="0" regionsstable="2" regionsrebuilding="0"/>
  </mem-info>
</gc-start>
<allocation-stats totalBytes="48230280" >
  <allocated-bytes non-tlh="0" tlh="48230280" arrayletleaf="0"/>
  <largest-consumer threadName="main" threadId="0000000000C1FF00" bytes="48230280" />
</allocation-stats>
<gc-op id="1065" type="copy forward" timems="17.353" contextid="1062" timestamp="2019-08-04T08:43:17.440">
  <memory-copied type="eden" objects="31" bytes="936" bytesdiscarded="0" />
  <memory-copied type="other" objects="15" bytes="368" bytesdiscarded="448" />
  <memory-cardclean objects="80" bytes="3280" />
  <remembered-set-cleared processed="38323" cleared="47" durationms="0.591" />
  <stringconstants candidates="13768" cleared="0"  />
</gc-op>
<gc-op id="1066" type="classunload" timems="0.013" contextid="1062" timestamp="2019-08-04T08:43:17.440">
  <classunload-info classloadercandidates="55" classloadersunloaded="0" classesunloaded="0" anonymousclassesunloaded="0" quiescems="0.000" setupms="0.012" scanms="0.000" postms="0.000" />
</gc-op>
<heap-resize id="1067" type="contract" space="default" amount="8388608" count="1" timems="0.106" reason="insufficient time being spent in gc" timestamp="2019-08-04T08:43:17.440" />
<gc-end id="1068" type="partial gc" contextid="1062" durationms="21.228" usertimems="52.039" systemtimems="0.000" timestamp="2019-08-04T08:43:17.440" activeThreads="16">
  <mem-info id="1069" free="60817408" total="155189248" percent="39">
    <mem type="eden" free="2096216" total="2097152" percent="99" />
    <remembered-set count="49216" freebytes="6342656" totalbytes="6539520" percent="96" regionsoverflowed="0" regionsstable="2" regionsrebuilding="0"/>
  </mem-info>
</gc-end>
<cycle-end id="1070" type="partial gc" contextid="1062" timestamp="2019-08-04T08:43:17.440">
  <attribute name="GC Util" value="90" />
  <attribute name="CPU Util" value="8900420088285" />
  <attribute name="Time Running"value="135215"/>
  <attribute name="Number of cores"value="16"/>
</cycle-end>
<exclusive-end id="1071" timestamp="2019-08-04T08:43:17.440" durationms="22.063" />

<exclusive-start id="1072" timestamp="2019-08-04T08:43:17.517" intervalms="99.101">
  <response-info timems="0.048" idlems="0.048" threads="0" lastid="0000000000C1FF00" lastname="main" />
</exclusive-start>
<allocation-taxation id="1073" taxation-threshold="23068672" timestamp="2019-08-04T08:43:17.518" intervalms="99.100" />
<cycle-start id="1074" type="global mark phase" contextid="0" timestamp="2019-08-04T08:43:17.518" intervalms="14158.728" />
  <attribute name="GC Util" value="90" />
  <attribute name="CPU Util" value="8900420088285" />
  <attribute name="Time Running"value="135215"/>
  <attribute name="Number of cores"value="16"/>
<gc-start id="1075" type="global mark phase" contextid="1074" timestamp="2019-08-04T08:43:17.518">
  <mem-info id="1076" free="37748736" total="155189248" percent="24">
    <remembered-set count="48736" freebytes="6344576" totalbytes="6539520" percent="97" regionsoverflowed="0" regionsstable="2" regionsrebuilding="0"/>
  </mem-info>
</gc-start>
<gc-op id="1077" type="mark increment" timems="7.310" contextid="1074" timestamp="2019-08-04T08:43:17.525">
  <trace-info objectcount="227" scancount="0" scanbytes="0" />
</gc-op>
<gc-end id="1078" type="global mark phase" contextid="1074" durationms="7.353" usertimems="10.850" systemtimems="0.000" timestamp="2019-08-04T08:43:17.525" activeThreads="16">
  <mem-info id="1079" free="37748736" total="155189248" percent="24">
    <remembered-set count="48736" freebytes="6344576" totalbytes="6539520" percent="97" regionsoverflowed="0" regionsstable="0" regionsrebuilding="2"/>
  </mem-info>
</gc-end>
<concurrent-start id="1080" type="GMP work packet processing" contextid="1074" timestamp="2019-08-04T08:43:17.525">
  <concurrent-mark-start scanTarget="14492266" />
</concurrent-start>
<exclusive-end id="1081" timestamp="2019-08-04T08:43:17.525" durationms="7.838" />

<concurrent-end id="1082" type="GMP work packet processing" contextid="1074" timestamp="2019-08-04T08:43:17.535">
  <concurrent-mark-end bytesScanned="13645664" reasonForTermination="Completed all work in GC phase" />
</concurrent-end>

<exclusive-start id="1083" timestamp="2019-08-04T08:43:17.599" intervalms="81.622">
  <response-info timems="0.138" idlems="0.138" threads="0" lastid="0000000000C1FF00" lastname="main" />
</exclusive-start>
<allocation-taxation id="1084" taxation-threshold="23068672" timestamp="2019-08-04T08:43:17.599" intervalms="81.637" />
<cycle-start id="1085" type="partial gc" contextid="0" timestamp="2019-08-04T08:43:17.599" intervalms="180.642" />
  <attribute name="GC Util" value="281" />
  <attribute name="CPU Util" value="7807002088430" />
  <attribute name="Time Running"value="135318"/>
  <attribute name="Number of cores"value="16"/>
<gc-start id="1086" type="partial gc" contextid="1085" timestamp="2019-08-04T08:43:17.600">
  <mem-info id="1087" free="14680064" total="155189248" percent="9">
    <mem type="eden" free="0" total="46137344" percent="0" />
    <remembered-set count="53856" freebytes="6324096" totalbytes="6539520" percent="96" regionsoverflowed="0" regionsstable="0" regionsrebuilding="2"/>
  </mem-info>
</gc-start>
<allocation-stats totalBytes="46130688" >
  <allocated-bytes non-tlh="0" tlh="46130688" arrayletleaf="0"/>
  <largest-consumer threadName="main" threadId="0000000000C1FF00" bytes="23065712" />
</allocation-stats>
<gc-op id="1088" type="copy forward" timems="24.628" contextid="1085" timestamp="2019-08-04T08:43:17.626">
  <memory-copied type="eden" objects="32" bytes="1016" bytesdiscarded="0" />
  <memory-copied type="other" objects="7" bytes="160" bytesdiscarded="0" />
  <memory-cardclean objects="55" bytes="2416" />
  <remembered-set-cleared processed="40402" cleared="39" durationms="0.243" />
  <stringconstants candidates="13768" cleared="0"  />
</gc-op>
<gc-op id="1089" type="classunload" timems="0.011" contextid="1085" timestamp="2019-08-04T08:43:17.626">
  <classunload-info classloadercandidates="55" classloadersunloaded="0" classesunloaded="0" anonymousclassesunloaded="0" quiescems="0.000" setupms="0.011" scanms="0.000" postms="0.000" />
</gc-op>
<gc-end id="1090" type="partial gc" contextid="1085" durationms="26.374" usertimems="45.356" systemtimems="0.000" timestamp="2019-08-04T08:43:17.626" activeThreads="16">
  <mem-info id="1091" free="58720256" total="155189248" percent="37">
    <mem type="eden" free="2096136" total="2097152" percent="99" />
    <remembered-set count="51264" freebytes="5999104" totalbytes="6204160" percent="96" regionsoverflowed="0" regionsstable="0" regionsrebuilding="2"/>
  </mem-info>
</gc-end>
<cycle-end id="1092" type="partial gc" contextid="1085" timestamp="2019-08-04T08:43:17.626">
  <attribute name="GC Util" value="112" />
  <attribute name="CPU Util" value="14244501695559" />
  <attribute name="Time Running"value="135394"/>
  <attribute name="Number of cores"value="16"/>
</cycle-end>
<exclusive-end id="1093" timestamp="2019-08-04T08:43:17.626" durationms="27.041" />

<exclusive-start id="1094" timestamp="2019-08-04T08:43:17.775" intervalms="175.573">
  <response-info timems="0.133" idlems="0.133" threads="0" lastid="0000000000C1FF00" lastname="main" />
</exclusive-start>
<allocation-taxation id="1095" taxation-threshold="23068672" timestamp="2019-08-04T08:43:17.775" intervalms="175.589" />
<gc-start id="1096" type="global mark phase" contextid="1074" timestamp="2019-08-04T08:43:17.775">
  <mem-info id="1097" free="35651584" total="155189248" percent="22">
    <remembered-set count="51264" freebytes="5999104" totalbytes="6204160" percent="96" regionsoverflowed="0" regionsstable="0" regionsrebuilding="2"/>
  </mem-info>
</gc-start>
<gc-op id="1098" type="mark increment" timems="27.716" contextid="1074" timestamp="2019-08-04T08:43:17.803">
  <trace-info objectcount="23" scancount="23" scanbytes="708" />
  <cardclean-info objects="103" bytes="4320" />
  <finalization candidates="80" enqueued="0" />
  <ownableSynchronizers candidates="21" cleared="0" />
  <references type="soft" candidates="4855" cleared="11" enqueued="11" dynamicThreshold="12" maxThreshold="32" />
  <references type="weak" candidates="5598" cleared="1" enqueued="1" />
  <references type="phantom" candidates="98" cleared="1" enqueued="1" />
  <stringconstants candidates="13768" cleared="14"  />
</gc-op>
<gc-op id="1099" type="classunload" timems="1.392" contextid="1074" timestamp="2019-08-04T08:43:17.804">
  <classunload-info classloadercandidates="55" classloadersunloaded="1" classesunloaded="1" anonymousclassesunloaded="0" quiescems="0.000" setupms="1.374" scanms="0.013" postms="0.005" />
</gc-op>
<gc-end id="1100" type="global mark phase" contextid="1074" durationms="29.343" usertimems="52.631" systemtimems="0.000" timestamp="2019-08-04T08:43:17.804" activeThreads="16">
  <mem-info id="1101" free="35651584" total="155189248" percent="22">
    <pending-finalizers system="0" default="0" reference="13" classloader="0" />
    <remembered-set count="51264" freebytes="5999104" totalbytes="6204160" percent="96" regionsoverflowed="0" regionsstable="0" regionsrebuilding="0"/>
  </mem-info>
</gc-end>
<cycle-end id="1102" type="global mark phase" contextid="1074" timestamp="2019-08-04T08:43:17.804">
  <attribute name="GC Util" value="116" />
  <attribute name="CPU Util" value="6127973221332" />
  <attribute name="Time Running"value="135573"/>
  <attribute name="Number of cores"value="16"/>
</cycle-end>
<exclusive-end id="1103" timestamp="2019-08-04T08:43:17.805" durationms="30.326" />

<exclusive-start id="1104" timestamp="2019-08-04T08:43:17.971" intervalms="196.754">
  <response-info timems="0.043" idlems="0.043" threads="0" lastid="0000000000C1FF00" lastname="main" />
</exclusive-start>
<allocation-taxation id="1105" taxation-threshold="23068672" timestamp="2019-08-04T08:43:17.971" intervalms="196.743" />
<cycle-start id="1106" type="partial gc" contextid="0" timestamp="2019-08-04T08:43:17.972" intervalms="372.521" />
  <attribute name="GC Util" value="116" />
  <attribute name="CPU Util" value="6127973221332" />
  <attribute name="Time Running"value="135573"/>
  <attribute name="Number of cores"value="16"/>
<gc-start id="1107" type="partial gc" contextid="1106" timestamp="2019-08-04T08:43:17.973">
  <mem-info id="1108" free="12582912" total="155189248" percent="8">
    <mem type="eden" free="0" total="46137344" percent="0" />
    <remembered-set count="48800" freebytes="6008960" totalbytes="6204160" percent="96" regionsoverflowed="0" regionsstable="2" regionsrebuilding="0"/>
  </mem-info>
</gc-start>
<allocation-stats totalBytes="46134352" >
  <allocated-bytes non-tlh="0" tlh="46134352" arrayletleaf="0"/>
  <largest-consumer threadName="main" threadId="0000000000C1FF00" bytes="23063784" />
</allocation-stats>
<gc-op id="1109" type="sweep" timems="3.991" contextid="1106" timestamp="2019-08-04T08:43:17.978" />
<gc-op id="1110" type="copy forward" timems="23.228" contextid="1106" timestamp="2019-08-04T08:43:18.002">
  <memory-copied type="eden" objects="4" bytes="120" bytesdiscarded="0" />
  <memory-copied type="other" objects="25" bytes="736" bytesdiscarded="0" />
  <memory-cardclean objects="209" bytes="9464" />
  <remembered-set-cleared processed="38336" cleared="66" durationms="0.190" />
  <stringconstants candidates="13754" cleared="0"  />
</gc-op>
<gc-op id="1111" type="classunload" timems="0.011" contextid="1106" timestamp="2019-08-04T08:43:18.002">
  <classunload-info classloadercandidates="54" classloadersunloaded="0" classesunloaded="0" anonymousclassesunloaded="0" quiescems="0.000" setupms="0.011" scanms="0.000" postms="0.000" />
</gc-op>
<heap-resize id="1112" type="expand" space="default" amount="27262976" count="1" timems="0.094" reason="excessive time being spent in gc" timestamp="2019-08-04T08:43:18.003" />
<gc-end id="1113" type="partial gc" contextid="1106" durationms="29.947" usertimems="45.710" systemtimems="0.000" timestamp="2019-08-04T08:43:18.003" activeThreads="16">
  <mem-info id="1114" free="83886080" total="182452224" percent="45">
    <mem type="eden" free="2096456" total="2097152" percent="99" />
    <remembered-set count="48832" freebytes="7098752" totalbytes="7294080" percent="97" regionsoverflowed="0" regionsstable="2" regionsrebuilding="0"/>
  </mem-info>
</gc-end>
<cycle-end id="1115" type="partial gc" contextid="1106" timestamp="2019-08-04T08:43:18.003">
  <attribute name="GC Util" value="167" />
  <attribute name="CPU Util" value="31400583252714" />
  <attribute name="Time Running"value="135771"/>
  <attribute name="Number of cores"value="16"/>
</cycle-end>
<exclusive-end id="1116" timestamp="2019-08-04T08:43:18.004" durationms="32.137" />

<exclusive-start id="1117" timestamp="2019-08-04T08:43:20.206" intervalms="2234.638">
  <response-info timems="0.046" idlems="0.046" threads="0" lastid="0000000000C1FF00" lastname="main" />
</exclusive-start>
<allocation-taxation id="1118" taxation-threshold="52428800" timestamp="2019-08-04T08:43:20.206" intervalms="2234.609" />
<cycle-start id="1119" type="partial gc" contextid="0" timestamp="2019-08-04T08:43:20.206" intervalms="2234.534" />
  <attribute name="GC Util" value="167" />
  <attribute name="CPU Util" value="31400583252714" />
  <attribute name="Time Running"value="135771"/>
  <attribute name="Number of cores"value="16"/>
<gc-start id="1120" type="partial gc" contextid="1119" timestamp="2019-08-04T08:43:20.207">
  <mem-info id="1121" free="31457280" total="182452224" percent="17">
    <mem type="eden" free="0" total="52428800" percent="0" />
    <remembered-set count="48352" freebytes="7100672" totalbytes="7294080" percent="97" regionsoverflowed="0" regionsstable="2" regionsrebuilding="0"/>
  </mem-info>
</gc-start>
<allocation-stats totalBytes="52425424" >
  <allocated-bytes non-tlh="0" tlh="52425424" arrayletleaf="0"/>
  <largest-consumer threadName="main" threadId="0000000000C1FF00" bytes="52425424" />
</allocation-stats>
<gc-op id="1122" type="copy forward" timems="10.165" contextid="1119" timestamp="2019-08-04T08:43:20.218">
  <memory-copied type="eden" objects="57" bytes="1488" bytesdiscarded="712" />
  <memory-copied type="other" objects="37161" bytes="1430888" bytesdiscarded="152256" />
  <memory-cardclean objects="38768" bytes="1469752" />
  <remembered-set-cleared processed="31957" cleared="12390" durationms="0.523" />
  <references type="soft" candidates="858" cleared="0" enqueued="0" dynamicThreshold="14" maxThreshold="32" />
  <references type="weak" candidates="1786" cleared="0" enqueued="0" />
  <stringconstants candidates="13754" cleared="0"  />
</gc-op>
<gc-op id="1123" type="classunload" timems="0.009" contextid="1119" timestamp="2019-08-04T08:43:20.218">
  <classunload-info classloadercandidates="54" classloadersunloaded="0" classesunloaded="0" anonymousclassesunloaded="0" quiescems="0.000" setupms="0.008" scanms="0.000" postms="0.000" />
</gc-op>
<gc-end id="1124" type="partial gc" contextid="1119" durationms="11.553" usertimems="41.112" systemtimems="0.000" timestamp="2019-08-04T08:43:20.218" activeThreads="16">
  <mem-info id="1125" free="125829120" total="182452224" percent="68">
    <mem type="eden" free="2094952" total="2097152" percent="99" />
    <remembered-set count="43136" freebytes="7121536" totalbytes="7294080" percent="97" regionsoverflowed="0" regionsstable="2" regionsrebuilding="0"/>
  </mem-info>
</gc-end>
<cycle-end id="1126" type="partial gc" contextid="1119" timestamp="2019-08-04T08:43:20.218">
  <attribute name="GC Util" value="138" />
  <attribute name="CPU Util" value="26854282356773" />
  <attribute name="Time Running"value="138000"/>
  <attribute name="Number of cores"value="16"/>
</cycle-end>
<exclusive-end id="1127" timestamp="2019-08-04T08:43:20.219" durationms="12.539" />

<exclusive-start id="1128" timestamp="2019-08-04T08:43:20.412" intervalms="206.203">
  <response-info timems="0.213" idlems="0.213" threads="0" lastid="0000000000C1FF00" lastname="main" />
</exclusive-start>
<allocation-taxation id="1129" taxation-threshold="52428800" timestamp="2019-08-04T08:43:20.412" intervalms="206.210" />
<cycle-start id="1130" type="partial gc" contextid="0" timestamp="2019-08-04T08:43:20.412" intervalms="206.023" />
  <attribute name="GC Util" value="138" />
  <attribute name="CPU Util" value="26854282356773" />
  <attribute name="Time Running"value="138000"/>
  <attribute name="Number of cores"value="16"/>
<gc-start id="1131" type="partial gc" contextid="1130" timestamp="2019-08-04T08:43:20.413">
  <mem-info id="1132" free="73400320" total="182452224" percent="40">
    <mem type="eden" free="0" total="52428800" percent="0" />
    <remembered-set count="42112" freebytes="7125632" totalbytes="7294080" percent="97" regionsoverflowed="0" regionsstable="3" regionsrebuilding="0"/>
  </mem-info>
</gc-start>
<allocation-stats totalBytes="52425112" >
  <allocated-bytes non-tlh="0" tlh="52425112" arrayletleaf="0"/>
  <largest-consumer threadName="main" threadId="0000000000C1FF00" bytes="52425112" />
</allocation-stats>
<gc-op id="1133" type="copy forward" timems="17.087" contextid="1130" timestamp="2019-08-04T08:43:20.431">
  <memory-copied type="eden" objects="32" bytes="960" bytesdiscarded="0" />
  <memory-copied type="other" objects="10834" bytes="249976" bytesdiscarded="19408" />
  <memory-cardclean objects="3764" bytes="234128" />
  <remembered-set-cleared processed="35027" cleared="1019" durationms="0.258" />
  <references type="weak" candidates="2" cleared="0" enqueued="0" />
  <stringconstants candidates="13754" cleared="0"  />
</gc-op>
<gc-op id="1134" type="classunload" timems="0.012" contextid="1130" timestamp="2019-08-04T08:43:20.431">
  <classunload-info classloadercandidates="54" classloadersunloaded="0" classesunloaded="0" anonymousclassesunloaded="0" quiescems="0.000" setupms="0.012" scanms="0.000" postms="0.000" />
</gc-op>
<gc-end id="1135" type="partial gc" contextid="1130" durationms="18.869" usertimems="67.729" systemtimems="0.000" timestamp="2019-08-04T08:43:20.432" activeThreads="16">
  <mem-info id="1136" free="125829120" total="182452224" percent="68">
    <mem type="eden" free="2096192" total="2097152" percent="99" />
    <remembered-set count="43776" freebytes="7118976" totalbytes="7294080" percent="97" regionsoverflowed="0" regionsstable="3" regionsrebuilding="0"/>
  </mem-info>
</gc-end>
<cycle-end id="1137" type="partial gc" contextid="1130" timestamp="2019-08-04T08:43:20.432">
  <attribute name="GC Util" value="91" />
  <attribute name="CPU Util" value="18472494290670" />
  <attribute name="Time Running"value="138207"/>
  <attribute name="Number of cores"value="16"/>
</cycle-end>
<exclusive-end id="1138" timestamp="2019-08-04T08:43:20.432" durationms="19.537" />

<exclusive-start id="1139" timestamp="2019-08-04T08:43:20.744" intervalms="331.423">
  <response-info timems="0.045" idlems="0.045" threads="0" lastid="0000000000C1FF00" lastname="main" />
</exclusive-start>
<allocation-taxation id="1140" taxation-threshold="52428800" timestamp="2019-08-04T08:43:20.744" intervalms="331.423" />
<cycle-start id="1141" type="partial gc" contextid="0" timestamp="2019-08-04T08:43:20.744" intervalms="331.566" />
  <attribute name="GC Util" value="91" />
  <attribute name="CPU Util" value="18472494290670" />
  <attribute name="Time Running"value="138207"/>
  <attribute name="Number of cores"value="16"/>
<gc-start id="1142" type="partial gc" contextid="1141" timestamp="2019-08-04T08:43:20.744">
  <mem-info id="1143" free="73400320" total="182452224" percent="40">
    <mem type="eden" free="0" total="52428800" percent="0" />
    <remembered-set count="43776" freebytes="7118976" totalbytes="7294080" percent="97" regionsoverflowed="0" regionsstable="3" regionsrebuilding="0"/>
  </mem-info>
</gc-start>
<allocation-stats totalBytes="52425320" >
  <allocated-bytes non-tlh="0" tlh="52425320" arrayletleaf="0"/>
  <largest-consumer threadName="main" threadId="0000000000C1FF00" bytes="52425320" />
</allocation-stats>
<gc-op id="1144" type="copy forward" timems="11.113" contextid="1141" timestamp="2019-08-04T08:43:20.757">
  <memory-copied type="eden" objects="29" bytes="904" bytesdiscarded="0" />
  <memory-copied type="other" objects="12298" bytes="741168" bytesdiscarded="65944" />
  <memory-cardclean objects="3006" bytes="124160" />
  <remembered-set-cleared processed="34708" cleared="1337" durationms="0.215" />
  <references type="soft" candidates="59" cleared="0" enqueued="0" dynamicThreshold="22" maxThreshold="32" />
  <references type="weak" candidates="122" cleared="0" enqueued="0" />
  <references type="phantom" candidates="3" cleared="0" enqueued="0" />
  <stringconstants candidates="13754" cleared="0"  />
</gc-op>
<gc-op id="1145" type="classunload" timems="0.015" contextid="1141" timestamp="2019-08-04T08:43:20.757">
  <classunload-info classloadercandidates="54" classloadersunloaded="0" classesunloaded="0" anonymousclassesunloaded="0" quiescems="0.000" setupms="0.015" scanms="0.000" postms="0.000" />
</gc-op>
<heap-resize id="1146" type="contract" space="default" amount="10485760" count="1" timems="0.080" reason="insufficient time being spent in gc" timestamp="2019-08-04T08:43:20.757" />
<gc-end id="1147" type="partial gc" contextid="1141" durationms="12.716" usertimems="28.269" systemtimems="0.000" timestamp="2019-08-04T08:43:20.757" activeThreads="16">
  <mem-info id="1148" free="113246208" total="171966464" percent="65">
    <mem type="eden" free="2096248" total="2097152" percent="99" />
    <remembered-set count="42688" freebytes="7123328" totalbytes="7294080" percent="97" regionsoverflowed="0" regionsstable="3" regionsrebuilding="0"/>
  </mem-info>
</gc-end>
<cycle-end id="1149" type="partial gc" contextid="1141" timestamp="2019-08-04T08:43:20.757">
  <attribute name="GC Util" value="125" />
  <attribute name="CPU Util" value="25774335726399" />
  <attribute name="Time Running"value="138538"/>
  <attribute name="Number of cores"value="16"/>
</cycle-end>
<exclusive-end id="1150" timestamp="2019-08-04T08:43:20.758" durationms="13.945" />

<exclusive-start id="1151" timestamp="2019-08-04T08:43:21.887" intervalms="1143.115">
  <response-info timems="0.174" idlems="0.174" threads="0" lastid="0000000000C1FF00" lastname="main" />
</exclusive-start>
<allocation-taxation id="1152" taxation-threshold="50331648" timestamp="2019-08-04T08:43:21.887" intervalms="1143.108" />
<cycle-start id="1153" type="partial gc" contextid="0" timestamp="2019-08-04T08:43:21.887" intervalms="1142.994" />
  <attribute name="GC Util" value="125" />
  <attribute name="CPU Util" value="25774335726399" />
  <attribute name="Time Running"value="138538"/>
  <attribute name="Number of cores"value="16"/>
<gc-start id="1154" type="partial gc" contextid="1153" timestamp="2019-08-04T08:43:21.887">
  <mem-info id="1155" free="62914560" total="171966464" percent="36">
    <mem type="eden" free="0" total="50331648" percent="0" />
    <remembered-set count="42272" freebytes="7124992" totalbytes="7294080" percent="97" regionsoverflowed="0" regionsstable="3" regionsrebuilding="0"/>
  </mem-info>
</gc-start>
<allocation-stats totalBytes="50317112" >
  <allocated-bytes non-tlh="360" tlh="50316752" arrayletleaf="0"/>
  <largest-consumer threadName="main" threadId="0000000000C1FF00" bytes="50317112" />
</allocation-stats>
<gc-op id="1156" type="copy forward" timems="16.067" contextid="1153" timestamp="2019-08-04T08:43:21.905">
  <memory-copied type="eden" objects="68" bytes="2712" bytesdiscarded="1824" />
  <memory-copied type="other" objects="15925" bytes="752864" bytesdiscarded="118464" />
  <memory-cardclean objects="82572" bytes="2174304" />
  <remembered-set-cleared processed="25887" cleared="4857" durationms="0.221" />
  <finalization candidates="18" enqueued="0" />
  <references type="soft" candidates="52" cleared="0" enqueued="0" dynamicThreshold="21" maxThreshold="32" />
  <references type="weak" candidates="168" cleared="0" enqueued="0" />
  <references type="phantom" candidates="51" cleared="0" enqueued="0" />
  <stringconstants candidates="13760" cleared="0"  />
</gc-op>
<gc-op id="1157" type="classunload" timems="0.011" contextid="1153" timestamp="2019-08-04T08:43:21.905">
  <classunload-info classloadercandidates="54" classloadersunloaded="0" classesunloaded="0" anonymousclassesunloaded="0" quiescems="0.000" setupms="0.011" scanms="0.000" postms="0.000" />
</gc-op>
<heap-resize id="1158" type="contract" space="default" amount="10485760" count="1" timems="0.339" reason="insufficient time being spent in gc" timestamp="2019-08-04T08:43:21.906" />
<gc-end id="1159" type="partial gc" contextid="1153" durationms="18.661" usertimems="66.763" systemtimems="0.000" timestamp="2019-08-04T08:43:21.906" activeThreads="16">
  <mem-info id="1160" free="102760448" total="161480704" percent="63">
    <mem type="eden" free="2092616" total="2097152" percent="99" />
    <remembered-set count="41984" freebytes="6706944" totalbytes="6874880" percent="97" regionsoverflowed="0" regionsstable="3" regionsrebuilding="0"/>
  </mem-info>
</gc-end>
<cycle-end id="1161" type="partial gc" contextid="1153" timestamp="2019-08-04T08:43:21.906">
  <attribute name="GC Util" value="119" />
  <attribute name="CPU Util" value="13443629637396" />
  <attribute name="Time Running"value="139682"/>
  <attribute name="Number of cores"value="16"/>
</cycle-end>
<exclusive-end id="1162" timestamp="2019-08-04T08:43:21.906" durationms="19.522" />

<exclusive-start id="1163" timestamp="2019-08-04T08:43:22.124" intervalms="237.279">
  <response-info timems="0.181" idlems="0.181" threads="0" lastid="0000000000C1FF00" lastname="main" />
</exclusive-start>
<allocation-taxation id="1164" taxation-threshold="48234496" timestamp="2019-08-04T08:43:22.124" intervalms="237.284" />
<cycle-start id="1165" type="partial gc" contextid="0" timestamp="2019-08-04T08:43:22.124" intervalms="237.566" />
  <attribute name="GC Util" value="119" />
  <attribute name="CPU Util" value="13443629637396" />
  <attribute name="Time Running"value="139682"/>
  <attribute name="Number of cores"value="16"/>
<gc-start id="1166" type="partial gc" contextid="1165" timestamp="2019-08-04T08:43:22.126">
  <mem-info id="1167" free="54525952" total="161480704" percent="33">
    <mem type="eden" free="0" total="48234496" percent="0" />
    <remembered-set count="34880" freebytes="6735360" totalbytes="6874880" percent="97" regionsoverflowed="0" regionsstable="5" regionsrebuilding="0"/>
  </mem-info>
</gc-start>
<allocation-stats totalBytes="48198624" >
  <allocated-bytes non-tlh="0" tlh="48198624" arrayletleaf="0"/>
  <largest-consumer threadName="main" threadId="0000000000C1FF00" bytes="48198624" />
</allocation-stats>
<gc-op id="1168" type="copy forward" timems="24.369" contextid="1165" timestamp="2019-08-04T08:43:22.155">
  <memory-copied type="eden" objects="2" bytes="56" bytesdiscarded="0" />
  <memory-copied type="other" objects="36239" bytes="1036464" bytesdiscarded="72792" />
  <memory-cardclean objects="5719" bytes="434840" />
  <remembered-set-cleared processed="27583" cleared="2540" durationms="0.348" />
  <references type="soft" candidates="777" cleared="0" enqueued="0" dynamicThreshold="20" maxThreshold="32" />
  <references type="weak" candidates="127" cleared="0" enqueued="0" />
  <references type="phantom" candidates="1" cleared="0" enqueued="0" />
  <stringconstants candidates="13760" cleared="0"  />
</gc-op>
<gc-op id="1169" type="classunload" timems="0.012" contextid="1165" timestamp="2019-08-04T08:43:22.155">
  <classunload-info classloadercandidates="54" classloadersunloaded="0" classesunloaded="0" anonymousclassesunloaded="0" quiescems="0.000" setupms="0.012" scanms="0.000" postms="0.000" />
</gc-op>
<heap-resize id="1170" type="contract" space="default" amount="8388608" count="1" timems="0.653" reason="insufficient time being spent in gc" timestamp="2019-08-04T08:43:22.155" />
<gc-end id="1171" type="partial gc" contextid="1165" durationms="29.623" usertimems="96.469" systemtimems="0.000" timestamp="2019-08-04T08:43:22.156" activeThreads="16">
  <mem-info id="1172" free="92274688" total="153092096" percent="60">
    <mem type="eden" free="2097096" total="2097152" percent="99" />
    <remembered-set count="34400" freebytes="6318080" totalbytes="6455680" percent="97" regionsoverflowed="0" regionsstable="5" regionsrebuilding="0"/>
  </mem-info>
</gc-end>
<cycle-end id="1173" type="partial gc" contextid="1165" timestamp="2019-08-04T08:43:22.156">
  <attribute name="GC Util" value="24" />
  <attribute name="CPU Util" value="4584355126397" />
  <attribute name="Time Running"value="139923"/>
  <attribute name="Number of cores"value="16"/>
</cycle-end>
<exclusive-end id="1174" timestamp="2019-08-04T08:43:22.156" durationms="31.682" />

<exclusive-start id="1175" timestamp="2019-08-04T08:43:22.560" intervalms="436.425">
  <response-info timems="4.564" idlems="2.319" threads="1" lastid="0000000000C2B300" lastname="JIT Compilation Thread-2" />
</exclusive-start>
<allocation-taxation id="1176" taxation-threshold="46137344" timestamp="2019-08-04T08:43:22.561" intervalms="436.429" />
<cycle-start id="1177" type="partial gc" contextid="0" timestamp="2019-08-04T08:43:22.561" intervalms="436.129" />
  <attribute name="GC Util" value="24" />
  <attribute name="CPU Util" value="4584355126397" />
  <attribute name="Time Running"value="139923"/>
  <attribute name="Number of cores"value="16"/>
<gc-start id="1178" type="partial gc" contextid="1177" timestamp="2019-08-04T08:43:22.561">
  <mem-info id="1179" free="46137344" total="153092096" percent="30">
    <mem type="eden" free="2097096" total="48234496" percent="4" />
    <remembered-set count="34144" freebytes="6319104" totalbytes="6455680" percent="97" regionsoverflowed="0" regionsstable="5" regionsrebuilding="0"/>
  </mem-info>
</gc-start>
<allocation-stats totalBytes="46119936" >
  <allocated-bytes non-tlh="0" tlh="46119936" arrayletleaf="0"/>
  <largest-consumer threadName="main" threadId="0000000000C1FF00" bytes="46119936" />
</allocation-stats>
<gc-op id="1180" type="copy forward" timems="10.735" contextid="1177" timestamp="2019-08-04T08:43:22.573">
  <memory-copied type="eden" objects="45" bytes="1888" bytesdiscarded="1016" />
  <memory-copied type="other" objects="19443" bytes="1070424" bytesdiscarded="87016" />
  <memory-cardclean objects="42781" bytes="1567752" />
  <remembered-set-cleared processed="23684" cleared="5513" durationms="0.413" />
  <finalization candidates="14" enqueued="0" />
  <ownableSynchronizers candidates="4" cleared="0" />
  <references type="soft" candidates="393" cleared="0" enqueued="0" dynamicThreshold="19" maxThreshold="32" />
  <references type="weak" candidates="1987" cleared="0" enqueued="0" />
  <references type="phantom" candidates="4" cleared="0" enqueued="0" />
  <stringconstants candidates="13760" cleared="0"  />
</gc-op>
<gc-op id="1181" type="classunload" timems="0.010" contextid="1177" timestamp="2019-08-04T08:43:22.573">
  <classunload-info classloadercandidates="54" classloadersunloaded="0" classesunloaded="0" anonymousclassesunloaded="0" quiescems="0.000" setupms="0.009" scanms="0.000" postms="0.000" />
</gc-op>
<heap-resize id="1182" type="contract" space="default" amount="8388608" count="1" timems="0.300" reason="insufficient time being spent in gc" timestamp="2019-08-04T08:43:22.574" />
<gc-end id="1183" type="partial gc" contextid="1177" durationms="12.632" usertimems="40.811" systemtimems="0.000" timestamp="2019-08-04T08:43:22.574" activeThreads="16">
  <mem-info id="1184" free="85983232" total="144703488" percent="59">
    <mem type="eden" free="2094248" total="2097152" percent="99" />
    <remembered-set count="34944" freebytes="5980544" totalbytes="6120320" percent="97" regionsoverflowed="0" regionsstable="5" regionsrebuilding="0"/>
  </mem-info>
</gc-end>
<cycle-end id="1185" type="partial gc" contextid="1177" timestamp="2019-08-04T08:43:22.574">
  <attribute name="GC Util" value="119" />
  <attribute name="CPU Util" value="17302462557741" />
  <attribute name="Time Running"value="140355"/>
  <attribute name="Number of cores"value="16"/>
</cycle-end>
<exclusive-end id="1186" timestamp="2019-08-04T08:43:22.574" durationms="13.507" />

<exclusive-start id="1187" timestamp="2019-08-04T08:43:22.625" intervalms="65.019">
  <response-info timems="0.047" idlems="0.047" threads="0" lastid="0000000000C1FF00" lastname="main" />
</exclusive-start>
<allocation-taxation id="1188" taxation-threshold="44040192" timestamp="2019-08-04T08:43:22.626" intervalms="65.010" />
<cycle-start id="1189" type="partial gc" contextid="0" timestamp="2019-08-04T08:43:22.626" intervalms="65.016" />
  <attribute name="GC Util" value="119" />
  <attribute name="CPU Util" value="17302462557741" />
  <attribute name="Time Running"value="140355"/>
  <attribute name="Number of cores"value="16"/>
<gc-start id="1190" type="partial gc" contextid="1189" timestamp="2019-08-04T08:43:22.626">
  <mem-info id="1191" free="41943040" total="144703488" percent="28">
    <mem type="eden" free="0" total="44040192" percent="0" />
    <remembered-set count="34624" freebytes="5981824" totalbytes="6120320" percent="97" regionsoverflowed="0" regionsstable="5" regionsrebuilding="0"/>
  </mem-info>
</gc-start>
<allocation-stats totalBytes="43964016" >
  <allocated-bytes non-tlh="0" tlh="43964016" arrayletleaf="0"/>
  <largest-consumer threadName="main" threadId="0000000000C1FF00" bytes="43964016" />
</allocation-stats>
<gc-op id="1192" type="copy forward" timems="6.933" contextid="1189" timestamp="2019-08-04T08:43:22.635">
  <memory-copied type="eden" objects="3" bytes="72" bytesdiscarded="0" />
  <memory-copied type="other" objects="59" bytes="2224" bytesdiscarded="1888" />
  <memory-cardclean objects="90" bytes="11864" />
  <remembered-set-cleared processed="27950" cleared="43" durationms="0.308" />
  <references type="weak" candidates="14" cleared="0" enqueued="0" />
  <stringconstants candidates="13760" cleared="0"  />
</gc-op>
<gc-op id="1193" type="classunload" timems="0.013" contextid="1189" timestamp="2019-08-04T08:43:22.635">
  <classunload-info classloadercandidates="54" classloadersunloaded="0" classesunloaded="0" anonymousclassesunloaded="0" quiescems="0.000" setupms="0.013" scanms="0.000" postms="0.000" />
</gc-op>
<gc-end id="1194" type="partial gc" contextid="1189" durationms="9.423" usertimems="29.300" systemtimems="0.000" timestamp="2019-08-04T08:43:22.635" activeThreads="16">
  <mem-info id="1195" free="83886080" total="144703488" percent="57">
    <mem type="eden" free="2097080" total="2097152" percent="99" />
    <remembered-set count="33120" freebytes="5652480" totalbytes="5784960" percent="97" regionsoverflowed="0" regionsstable="5" regionsrebuilding="0"/>
  </mem-info>
</gc-end>
<cycle-end id="1196" type="partial gc" contextid="1189" timestamp="2019-08-04T08:43:22.635">
  <attribute name="GC Util" value="155" />
  <attribute name="CPU Util" value="10064442139483" />
  <attribute name="Time Running"value="140421"/>
  <attribute name="Number of cores"value="16"/>
</cycle-end>
<exclusive-end id="1197" timestamp="2019-08-04T08:43:22.635" durationms="10.009" />

<exclusive-start id="1198" timestamp="2019-08-04T08:43:22.657" intervalms="31.489">
  <response-info timems="0.071" idlems="0.071" threads="0" lastid="0000000000C1FF00" lastname="main" />
</exclusive-start>
<allocation-taxation id="1199" taxation-threshold="20971520" timestamp="2019-08-04T08:43:22.657" intervalms="31.498" />
<cycle-start id="1200" type="global mark phase" contextid="0" timestamp="2019-08-04T08:43:22.657" intervalms="5139.358" />
  <attribute name="GC Util" value="155" />
  <attribute name="CPU Util" value="10064442139483" />
  <attribute name="Time Running"value="140421"/>
  <attribute name="Number of cores"value="16"/>
<gc-start id="1201" type="global mark phase" contextid="1200" timestamp="2019-08-04T08:43:22.657">
  <mem-info id="1202" free="62914560" total="144703488" percent="43">
    <remembered-set count="32640" freebytes="5654400" totalbytes="5784960" percent="97" regionsoverflowed="0" regionsstable="5" regionsrebuilding="0"/>
  </mem-info>
</gc-start>
<gc-op id="1203" type="mark increment" timems="4.416" contextid="1200" timestamp="2019-08-04T08:43:22.662">
  <trace-info objectcount="10456" scancount="2193" scanbytes="111044" />
</gc-op>
<gc-end id="1204" type="global mark phase" contextid="1200" durationms="4.463" usertimems="14.293" systemtimems="0.000" timestamp="2019-08-04T08:43:22.662" activeThreads="16">
  <mem-info id="1205" free="62914560" total="144703488" percent="43">
    <remembered-set count="33664" freebytes="5650304" totalbytes="5784960" percent="97" regionsoverflowed="0" regionsstable="0" regionsrebuilding="5"/>
  </mem-info>
</gc-end>
<concurrent-start id="1206" type="GMP work packet processing" contextid="1200" timestamp="2019-08-04T08:43:22.662">
  <concurrent-mark-start scanTarget="7317988" />
</concurrent-start>
<exclusive-end id="1207" timestamp="2019-08-04T08:43:22.662" durationms="4.830" />

<concurrent-end id="1208" type="GMP work packet processing" contextid="1200" timestamp="2019-08-04T08:43:22.667">
  <concurrent-mark-end bytesScanned="7464956" reasonForTermination="Work target met" />
</concurrent-end>

<exclusive-start id="1209" timestamp="2019-08-04T08:43:22.686" intervalms="29.344">
  <response-info timems="0.253" idlems="0.253" threads="0" lastid="0000000000C1FF00" lastname="main" />
</exclusive-start>
<allocation-taxation id="1210" taxation-threshold="20971520" timestamp="2019-08-04T08:43:22.686" intervalms="29.345" />
<cycle-start id="1211" type="partial gc" contextid="0" timestamp="2019-08-04T08:43:22.687" intervalms="60.898" />
  <attribute name="GC Util" value="288" />
  <attribute name="CPU Util" value="8361486500167" />
  <attribute name="Time Running"value="140454"/>
  <attribute name="Number of cores"value="16"/>
<gc-start id="1212" type="partial gc" contextid="1211" timestamp="2019-08-04T08:43:22.687">
  <mem-info id="1213" free="41943040" total="144703488" percent="28">
    <mem type="eden" free="2097080" total="44040192" percent="4" />
    <remembered-set count="45792" freebytes="5601792" totalbytes="5784960" percent="96" regionsoverflowed="0" regionsstable="0" regionsrebuilding="5"/>
  </mem-info>
</gc-start>
<allocation-stats totalBytes="41869152" >
  <allocated-bytes non-tlh="0" tlh="41869152" arrayletleaf="0"/>
  <largest-consumer threadName="main" threadId="0000000000C1FF00" bytes="20934096" />
</allocation-stats>
<gc-op id="1214" type="copy forward" timems="32.995" contextid="1211" timestamp="2019-08-04T08:43:22.721">
  <memory-copied type="eden" objects="3" bytes="72" bytesdiscarded="0" />
  <memory-copied type="other" objects="35" bytes="800" bytesdiscarded="0" />
  <memory-cardclean objects="47" bytes="1728" />
  <remembered-set-cleared processed="37893" cleared="28" durationms="0.616" />
  <stringconstants candidates="13760" cleared="0"  />
</gc-op>
<gc-op id="1215" type="classunload" timems="0.013" contextid="1211" timestamp="2019-08-04T08:43:22.721">
  <classunload-info classloadercandidates="54" classloadersunloaded="0" classesunloaded="0" anonymousclassesunloaded="0" quiescems="0.000" setupms="0.012" scanms="0.000" postms="0.000" />
</gc-op>
<heap-resize id="1216" type="expand" space="default" amount="8388608" count="1" timems="0.155" reason="excessive time being spent in gc" timestamp="2019-08-04T08:43:22.721" />
<gc-end id="1217" type="partial gc" contextid="1211" durationms="34.560" usertimems="59.674" systemtimems="0.000" timestamp="2019-08-04T08:43:22.721" activeThreads="16">
  <mem-info id="1218" free="92274688" total="153092096" percent="60">
    <mem type="eden" free="2097080" total="2097152" percent="99" />
    <remembered-set count="42304" freebytes="5951104" totalbytes="6120320" percent="97" regionsoverflowed="0" regionsstable="0" regionsrebuilding="5"/>
  </mem-info>
</gc-end>
<cycle-end id="1219" type="partial gc" contextid="1211" timestamp="2019-08-04T08:43:22.721">
  <attribute name="GC Util" value="115" />
  <attribute name="CPU Util" value="20607363888990" />
  <attribute name="Time Running"value="140481"/>
  <attribute name="Number of cores"value="16"/>
</cycle-end>
<exclusive-end id="1220" timestamp="2019-08-04T08:43:22.722" durationms="35.290" />

<exclusive-start id="1221" timestamp="2019-08-04T08:43:22.739" intervalms="52.949">
  <response-info timems="0.183" idlems="0.183" threads="0" lastid="0000000000C1FF00" lastname="main" />
</exclusive-start>
<allocation-taxation id="1222" taxation-threshold="23068672" timestamp="2019-08-04T08:43:22.739" intervalms="52.938" />
<gc-start id="1223" type="global mark phase" contextid="1200" timestamp="2019-08-04T08:43:22.739">
  <mem-info id="1224" free="69206016" total="153092096" percent="45">
    <remembered-set count="41824" freebytes="5953024" totalbytes="6120320" percent="97" regionsoverflowed="0" regionsstable="0" regionsrebuilding="5"/>
  </mem-info>
</gc-start>
<gc-end id="1225" type="global mark phase" contextid="1200" durationms="0.027" usertimems="0.025" systemtimems="0.000" timestamp="2019-08-04T08:43:22.739" activeThreads="16">
  <mem-info id="1226" free="69206016" total="153092096" percent="45">
    <remembered-set count="41824" freebytes="5953024" totalbytes="6120320" percent="97" regionsoverflowed="0" regionsstable="0" regionsrebuilding="5"/>
  </mem-info>
</gc-end>
<concurrent-start id="1227" type="GMP work packet processing" contextid="1200" timestamp="2019-08-04T08:43:22.739">
  <concurrent-mark-start scanTarget="10976982" />
</concurrent-start>
<exclusive-end id="1228" timestamp="2019-08-04T08:43:22.740" durationms="0.352" />

<concurrent-end id="1229" type="GMP work packet processing" contextid="1200" timestamp="2019-08-04T08:43:22.745">
  <concurrent-mark-end bytesScanned="6070316" reasonForTermination="Completed all work in GC phase" />
</concurrent-end>

<exclusive-start id="1230" timestamp="2019-08-04T08:43:22.770" intervalms="30.384">
  <response-info timems="0.025" idlems="0.025" threads="0" lastid="0000000000C1FF00" lastname="main" />
</exclusive-start>
<allocation-taxation id="1231" taxation-threshold="23068672" timestamp="2019-08-04T08:43:22.770" intervalms="30.394" />
<cycle-start id="1232" type="partial gc" contextid="0" timestamp="2019-08-04T08:43:22.770" intervalms="83.335" />
  <attribute name="GC Util" value="87" />
  <attribute name="CPU Util" value="358333879971" />
  <attribute name="Time Running"value="140532"/>
  <attribute name="Number of cores"value="16"/>
<gc-start id="1233" type="partial gc" contextid="1232" timestamp="2019-08-04T08:43:22.770">
  <mem-info id="1234" free="46137344" total="153092096" percent="30">
    <mem type="eden" free="2097080" total="48234496" percent="4" />
    <remembered-set count="57376" freebytes="5890816" totalbytes="6120320" percent="96" regionsoverflowed="0" regionsstable="0" regionsrebuilding="5"/>
  </mem-info>
</gc-start>
<allocation-stats totalBytes="46056024" >
  <allocated-bytes non-tlh="0" tlh="46056024" arrayletleaf="0"/>
  <largest-consumer threadName="main" threadId="0000000000C1FF00" bytes="23027616" />
</allocation-stats>
<gc-op id="1235" type="copy forward" timems="45.390" contextid="1232" timestamp="2019-08-04T08:43:22.817">
  <memory-copied type="eden" objects="4" bytes="104" bytesdiscarded="0" />
  <memory-copied type="other" objects="23908" bytes="1550304" bytesdiscarded="196536" />
  <memory-cardclean objects="195426" bytes="6518360" />
  <remembered-set-cleared processed="35645" cleared="22533" durationms="0.353" />
  <finalization candidates="48" enqueued="0" />
  <ownableSynchronizers candidates="17" cleared="0" />
  <references type="soft" candidates="959" cleared="0" enqueued="0" dynamicThreshold="14" maxThreshold="32" />
  <references type="weak" candidates="3327" cleared="0" enqueued="0" />
  <references type="phantom" candidates="42" cleared="0" enqueued="0" />
  <stringconstants candidates="13760" cleared="0"  />
</gc-op>
<gc-op id="1236" type="classunload" timems="0.013" contextid="1232" timestamp="2019-08-04T08:43:22.817">
  <classunload-info classloadercandidates="54" classloadersunloaded="0" classesunloaded="0" anonymousclassesunloaded="0" quiescems="0.000" setupms="0.013" scanms="0.000" postms="0.000" />
</gc-op>
<gc-end id="1237" type="partial gc" contextid="1232" durationms="46.568" usertimems="85.594" systemtimems="0.000" timestamp="2019-08-04T08:43:22.817" activeThreads="16">
  <mem-info id="1238" free="94371840" total="153092096" percent="61">
    <mem type="eden" free="2097048" total="2097152" percent="99" />
    <remembered-set count="43616" freebytes="5945856" totalbytes="6120320" percent="97" regionsoverflowed="0" regionsstable="0" regionsrebuilding="5"/>
  </mem-info>
</gc-end>
<cycle-end id="1239" type="partial gc" contextid="1232" timestamp="2019-08-04T08:43:22.817">
  <attribute name="GC Util" value="124" />
  <attribute name="CPU Util" value="32512837525282" />
  <attribute name="Time Running"value="140564"/>
  <attribute name="Number of cores"value="16"/>
</cycle-end>
<exclusive-end id="1240" timestamp="2019-08-04T08:43:22.817" durationms="47.217" />

<exclusive-start id="1241" timestamp="2019-08-04T08:43:22.842" intervalms="72.567">
  <response-info timems="1.619" idlems="1.619" threads="0" lastid="0000000000C1FF00" lastname="main" />
</exclusive-start>
<allocation-taxation id="1242" taxation-threshold="23068672" timestamp="2019-08-04T08:43:22.842" intervalms="72.654" />
<gc-start id="1243" type="global mark phase" contextid="1200" timestamp="2019-08-04T08:43:22.843">
  <mem-info id="1244" free="71303168" total="153092096" percent="46">
    <remembered-set count="20224" freebytes="6039424" totalbytes="6120320" percent="98" regionsoverflowed="0" regionsstable="2" regionsrebuilding="5"/>
  </mem-info>
</gc-start>
<gc-op id="1245" type="mark increment" timems="28.792" contextid="1200" timestamp="2019-08-04T08:43:22.871">
  <trace-info objectcount="3" scancount="3" scanbytes="72" />
  <cardclean-info objects="248297" bytes="7470592" />
  <finalization candidates="80" enqueued="0" />
  <ownableSynchronizers candidates="21" cleared="0" />
  <references type="soft" candidates="4844" cleared="0" enqueued="0" dynamicThreshold="19" maxThreshold="32" />
  <references type="weak" candidates="5608" cleared="0" enqueued="0" />
  <references type="phantom" candidates="97" cleared="0" enqueued="0" />
  <stringconstants candidates="13760" cleared="0"  />
</gc-op>
<gc-op id="1246" type="classunload" timems="0.014" contextid="1200" timestamp="2019-08-04T08:43:22.871">
  <classunload-info classloadercandidates="54" classloadersunloaded="0" classesunloaded="0" anonymousclassesunloaded="0" quiescems="0.000" setupms="0.014" scanms="0.000" postms="0.000" />
</gc-op>
<gc-end id="1247" type="global mark phase" contextid="1200" durationms="28.948" usertimems="45.027" systemtimems="0.000" timestamp="2019-08-04T08:43:22.872" activeThreads="16">
  <mem-info id="1248" free="71303168" total="153092096" percent="46">
    <remembered-set count="24832" freebytes="6020992" totalbytes="6120320" percent="98" regionsoverflowed="0" regionsstable="2" regionsrebuilding="0"/>
  </mem-info>
</gc-end>
<cycle-end id="1249" type="global mark phase" contextid="1200" timestamp="2019-08-04T08:43:22.872">
  <attribute name="GC Util" value="131" />
  <attribute name="CPU Util" value="5803295403641" />
  <attribute name="Time Running"value="140653"/>
  <attribute name="Number of cores"value="16"/>
</cycle-end>
<exclusive-end id="1250" timestamp="2019-08-04T08:43:22.872" durationms="29.532" />

<exclusive-start id="1251" timestamp="2019-08-04T08:43:22.898" intervalms="55.339">
  <response-info timems="0.195" idlems="0.195" threads="0" lastid="0000000000C1FF00" lastname="main" />
</exclusive-start>
<allocation-taxation id="1252" taxation-threshold="23068672" timestamp="2019-08-04T08:43:22.898" intervalms="55.252" />
<cycle-start id="1253" type="partial gc" contextid="0" timestamp="2019-08-04T08:43:22.898" intervalms="127.872" />
  <attribute name="GC Util" value="131" />
  <attribute name="CPU Util" value="5803295403641" />
  <attribute name="Time Running"value="140653"/>
  <attribute name="Number of cores"value="16"/>
<gc-start id="1254" type="partial gc" contextid="1253" timestamp="2019-08-04T08:43:22.898">
  <mem-info id="1255" free="48234496" total="153092096" percent="31">
    <mem type="eden" free="2097048" total="48234496" percent="4" />
    <remembered-set count="7520" freebytes="6090240" totalbytes="6120320" percent="99" regionsoverflowed="0" regionsstable="7" regionsrebuilding="0"/>
  </mem-info>
</gc-start>
<allocation-stats totalBytes="46056816" >
  <allocated-bytes non-tlh="0" tlh="46056816" arrayletleaf="0"/>
  <largest-consumer threadName="main" threadId="0000000000C1FF00" bytes="23027616" />
</allocation-stats>
<gc-op id="1256" type="sweep" timems="2.363" contextid="1253" timestamp="2019-08-04T08:43:22.901" />
<gc-op id="1257" type="copy forward" timems="19.633" contextid="1253" timestamp="2019-08-04T08:43:22.923">
  <memory-copied type="eden" objects="4" bytes="104" bytesdiscarded="0" />
  <memory-copied type="other" objects="0" bytes="0" bytesdiscarded="0" />
  <memory-cardclean objects="11" bytes="416" />
  <remembered-set-cleared processed="1933" cleared="1" durationms="0.122" />
  <stringconstants candidates="13760" cleared="0"  />
</gc-op>
<gc-op id="1258" type="classunload" timems="0.011" contextid="1253" timestamp="2019-08-04T08:43:22.923">
  <classunload-info classloadercandidates="54" classloadersunloaded="0" classesunloaded="0" anonymousclassesunloaded="0" quiescems="0.000" setupms="0.011" scanms="0.000" postms="0.000" />
</gc-op>
<heap-resize id="1259" type="contract" space="default" amount="2097152" count="1" timems="0.067" reason="excess free space following gc" timestamp="2019-08-04T08:43:22.923" />
<gc-end id="1260" type="partial gc" contextid="1253" durationms="24.874" usertimems="56.548" systemtimems="0.000" timestamp="2019-08-04T08:43:22.923" activeThreads="16">
  <mem-info id="1261" free="92274688" total="150994944" percent="61">
    <mem type="eden" free="2097048" total="2097152" percent="99" />
    <remembered-set count="4448" freebytes="6102528" totalbytes="6120320" percent="99" regionsoverflowed="0" regionsstable="7" regionsrebuilding="0"/>
  </mem-info>
</gc-end>
<cycle-end id="1262" type="partial gc" contextid="1253" timestamp="2019-08-04T08:43:22.923">
  <attribute name="GC Util" value="233" />
  <attribute name="CPU Util" value="10708545295911" />
  <attribute name="Time Running"value="140696"/>
  <attribute name="Number of cores"value="16"/>
</cycle-end>
<exclusive-end id="1263" timestamp="2019-08-04T08:43:22.923" durationms="25.722" />

<exclusive-start id="1264" timestamp="2019-08-04T08:43:23.190" intervalms="292.404">
  <response-info timems="0.099" idlems="0.099" threads="0" lastid="0000000000C1FF00" lastname="main" />
</exclusive-start>
<allocation-taxation id="1265" taxation-threshold="44040192" timestamp="2019-08-04T08:43:23.190" intervalms="292.397" />
<cycle-start id="1266" type="partial gc" contextid="0" timestamp="2019-08-04T08:43:23.190" intervalms="292.397" />
  <attribute name="GC Util" value="233" />
  <attribute name="CPU Util" value="10708545295911" />
  <attribute name="Time Running"value="140696"/>
  <attribute name="Number of cores"value="16"/>
<gc-start id="1267" type="partial gc" contextid="1266" timestamp="2019-08-04T08:43:23.191">
  <mem-info id="1268" free="48234496" total="150994944" percent="31">
    <mem type="eden" free="2097048" total="46137344" percent="4" />
    <remembered-set count="3968" freebytes="6104448" totalbytes="6120320" percent="99" regionsoverflowed="0" regionsstable="7" regionsrebuilding="0"/>
  </mem-info>
</gc-start>
<allocation-stats totalBytes="43983648" >
  <allocated-bytes non-tlh="0" tlh="43983648" arrayletleaf="0"/>
  <largest-consumer threadName="main" threadId="0000000000C1FF00" bytes="43983648" />
</allocation-stats>
<gc-op id="1269" type="copy forward" timems="11.036" contextid="1266" timestamp="2019-08-04T08:43:23.204">
  <memory-copied type="eden" objects="39" bytes="1536" bytesdiscarded="1168" />
  <memory-copied type="other" objects="14274" bytes="1064000" bytesdiscarded="104712" />
  <memory-cardclean objects="10763" bytes="474896" />
  <remembered-set-cleared processed="549" cleared="33" durationms="0.140" />
  <finalization candidates="19" enqueued="0" />
  <references type="soft" candidates="151" cleared="0" enqueued="0" dynamicThreshold="19" maxThreshold="32" />
  <references type="weak" candidates="1298" cleared="0" enqueued="0" />
  <references type="phantom" candidates="17" cleared="0" enqueued="0" />
  <stringconstants candidates="13760" cleared="0"  />
</gc-op>
<gc-op id="1270" type="classunload" timems="0.015" contextid="1266" timestamp="2019-08-04T08:43:23.204">
  <classunload-info classloadercandidates="54" classloadersunloaded="0" classesunloaded="0" anonymousclassesunloaded="0" quiescems="0.000" setupms="0.014" scanms="0.000" postms="0.000" />
</gc-op>
<heap-resize id="1271" type="contract" space="default" amount="8388608" count="1" timems="0.241" reason="excess free space following gc" timestamp="2019-08-04T08:43:23.204" />
<gc-end id="1272" type="partial gc" contextid="1266" durationms="13.733" usertimems="36.237" systemtimems="0.000" timestamp="2019-08-04T08:43:23.204" activeThreads="16">
  <mem-info id="1273" free="88080384" total="142606336" percent="61">
    <mem type="eden" free="2094448" total="2097152" percent="99" />
    <remembered-set count="6880" freebytes="6008960" totalbytes="6036480" percent="99" regionsoverflowed="0" regionsstable="7" regionsrebuilding="0"/>
  </mem-info>
</gc-end>
<cycle-end id="1274" type="partial gc" contextid="1266" timestamp="2019-08-04T08:43:23.204">
  <attribute name="GC Util" value="171" />
  <attribute name="CPU Util" value="9730737300231" />
  <attribute name="Time Running"value="140985"/>
  <attribute name="Number of cores"value="16"/>
</cycle-end>
<exclusive-end id="1275" timestamp="2019-08-04T08:43:23.205" durationms="14.557" />

<exclusive-start id="1276" timestamp="2019-08-04T08:43:23.333" intervalms="142.652">
  <response-info timems="0.065" idlems="0.065" threads="0" lastid="0000000000C1FF00" lastname="main" />
</exclusive-start>
<allocation-taxation id="1277" taxation-threshold="41943040" timestamp="2019-08-04T08:43:23.333" intervalms="142.650" />
<cycle-start id="1278" type="partial gc" contextid="0" timestamp="2019-08-04T08:43:23.333" intervalms="142.624" />
  <attribute name="GC Util" value="171" />
  <attribute name="CPU Util" value="9730737300231" />
  <attribute name="Time Running"value="140985"/>
  <attribute name="Number of cores"value="16"/>
<gc-start id="1279" type="partial gc" contextid="1278" timestamp="2019-08-04T08:43:23.333">
  <mem-info id="1280" free="46137344" total="142606336" percent="32">
    <mem type="eden" free="0" total="41943040" percent="0" />
    <remembered-set count="6400" freebytes="6010880" totalbytes="6036480" percent="99" regionsoverflowed="0" regionsstable="7" regionsrebuilding="0"/>
  </mem-info>
</gc-start>
<allocation-stats totalBytes="41903216" >
  <allocated-bytes non-tlh="0" tlh="41903216" arrayletleaf="0"/>
  <largest-consumer threadName="main" threadId="0000000000C1FF00" bytes="41903216" />
</allocation-stats>
<gc-op id="1281" type="copy forward" timems="7.870" contextid="1278" timestamp="2019-08-04T08:43:23.343">
  <memory-copied type="eden" objects="30" bytes="1376" bytesdiscarded="0" />
  <memory-copied type="other" objects="22" bytes="504" bytesdiscarded="696" />
  <memory-cardclean objects="87" bytes="3384" />
  <remembered-set-cleared processed="1886" cleared="11" durationms="0.109" />
  <stringconstants candidates="13760" cleared="0"  />
</gc-op>
<gc-op id="1282" type="classunload" timems="0.010" contextid="1278" timestamp="2019-08-04T08:43:23.343">
  <classunload-info classloadercandidates="54" classloadersunloaded="0" classesunloaded="0" anonymousclassesunloaded="0" quiescems="0.000" setupms="0.010" scanms="0.000" postms="0.000" />
</gc-op>
<gc-end id="1283" type="partial gc" contextid="1278" durationms="10.468" usertimems="33.975" systemtimems="0.000" timestamp="2019-08-04T08:43:23.343" activeThreads="16">
  <mem-info id="1284" free="85983232" total="142606336" percent="60">
    <mem type="eden" free="2095776" total="2097152" percent="99" />
    <remembered-set count="5024" freebytes="5681024" totalbytes="5701120" percent="99" regionsoverflowed="0" regionsstable="7" regionsrebuilding="0"/>
  </mem-info>
</gc-end>
<cycle-end id="1285" type="partial gc" contextid="1278" timestamp="2019-08-04T08:43:23.344">
  <attribute name="GC Util" value="183" />
  <attribute name="CPU Util" value="9738309237267" />
  <attribute name="Time Running"value="141128"/>
  <attribute name="Number of cores"value="16"/>
</cycle-end>
<exclusive-end id="1286" timestamp="2019-08-04T08:43:23.344" durationms="11.099" />

<exclusive-start id="1287" timestamp="2019-08-04T08:43:23.395" intervalms="61.926">
  <response-info timems="0.044" idlems="0.044" threads="0" lastid="0000000000C1FF00" lastname="main" />
</exclusive-start>
<allocation-taxation id="1288" taxation-threshold="41943040" timestamp="2019-08-04T08:43:23.395" intervalms="61.930" />
<cycle-start id="1289" type="partial gc" contextid="0" timestamp="2019-08-04T08:43:23.395" intervalms="61.946" />
  <attribute name="GC Util" value="183" />
  <attribute name="CPU Util" value="9738309237267" />
  <attribute name="Time Running"value="141128"/>
  <attribute name="Number of cores"value="16"/>
<gc-start id="1290" type="partial gc" contextid="1289" timestamp="2019-08-04T08:43:23.395">
  <mem-info id="1291" free="44040192" total="142606336" percent="30">
    <mem type="eden" free="0" total="41943040" percent="0" />
    <remembered-set count="5024" freebytes="5681024" totalbytes="5701120" percent="99" regionsoverflowed="0" regionsstable="7" regionsrebuilding="0"/>
  </mem-info>
</gc-start>
<allocation-stats totalBytes="41910992" >
  <allocated-bytes non-tlh="0" tlh="41910992" arrayletleaf="0"/>
  <largest-consumer threadName="main" threadId="0000000000C1FF00" bytes="41910992" />
</allocation-stats>
<gc-op id="1292" type="copy forward" timems="12.071" contextid="1289" timestamp="2019-08-04T08:43:23.408">
  <memory-copied type="eden" objects="4" bytes="288" bytesdiscarded="0" />
  <memory-copied type="other" objects="32" bytes="1376" bytesdiscarded="0" />
  <memory-cardclean objects="50" bytes="2144" />
  <remembered-set-cleared processed="1890" cleared="12" durationms="0.224" />
  <stringconstants candidates="13760" cleared="0"  />
</gc-op>
<gc-op id="1293" type="classunload" timems="0.012" contextid="1289" timestamp="2019-08-04T08:43:23.409">
  <classunload-info classloadercandidates="54" classloadersunloaded="0" classesunloaded="0" anonymousclassesunloaded="0" quiescems="0.000" setupms="0.012" scanms="0.000" postms="0.000" />
</gc-op>
<gc-end id="1294" type="partial gc" contextid="1289" durationms="13.710" usertimems="24.830" systemtimems="0.000" timestamp="2019-08-04T08:43:23.409" activeThreads="16">
  <mem-info id="1295" free="83886080" total="142606336" percent="58">
    <mem type="eden" free="2096864" total="2097152" percent="99" />
    <remembered-set count="5056" freebytes="5680896" totalbytes="5701120" percent="99" regionsoverflowed="0" regionsstable="7" regionsrebuilding="0"/>
  </mem-info>
</gc-end>
<cycle-end id="1296" type="partial gc" contextid="1289" timestamp="2019-08-04T08:43:23.409">
  <attribute name="GC Util" value="62" />
  <attribute name="CPU Util" value="17436177596879" />
  <attribute name="Time Running"value="141189"/>
  <attribute name="Number of cores"value="16"/>
</cycle-end>
<exclusive-end id="1297" timestamp="2019-08-04T08:43:23.409" durationms="14.426" />

<exclusive-start id="1298" timestamp="2019-08-04T08:43:23.722" intervalms="327.253">
  <response-info timems="0.046" idlems="0.046" threads="0" lastid="0000000000C1FF00" lastname="main" />
</exclusive-start>
<allocation-taxation id="1299" taxation-threshold="41943040" timestamp="2019-08-04T08:43:23.722" intervalms="327.260" />
<cycle-start id="1300" type="partial gc" contextid="0" timestamp="2019-08-04T08:43:23.722" intervalms="327.241" />
  <attribute name="GC Util" value="62" />
  <attribute name="CPU Util" value="17436177596879" />
  <attribute name="Time Running"value="141189"/>
  <attribute name="Number of cores"value="16"/>
<gc-start id="1301" type="partial gc" contextid="1300" timestamp="2019-08-04T08:43:23.722">
  <mem-info id="1302" free="41943040" total="142606336" percent="29">
    <mem type="eden" free="2096864" total="44040192" percent="4" />
    <remembered-set count="5056" freebytes="5680896" totalbytes="5701120" percent="99" regionsoverflowed="0" regionsstable="7" regionsrebuilding="0"/>
  </mem-info>
</gc-start>
<allocation-stats totalBytes="41893464" >
  <allocated-bytes non-tlh="3776" tlh="41889688" arrayletleaf="0"/>
  <largest-consumer threadName="main" threadId="0000000000C1FF00" bytes="41893464" />
</allocation-stats>
<gc-op id="1303" type="copy forward" timems="12.082" contextid="1300" timestamp="2019-08-04T08:43:23.736">
  <memory-copied type="eden" objects="996" bytes="51720" bytesdiscarded="8952" />
  <memory-copied type="other" objects="7" bytes="160" bytesdiscarded="0" />
  <memory-cardclean objects="371" bytes="28600" />
  <remembered-set-cleared processed="1895" cleared="39" durationms="0.156" />
  <references type="soft" candidates="9" cleared="0" enqueued="0" dynamicThreshold="18" maxThreshold="32" />
  <references type="weak" candidates="62" cleared="10" enqueued="7" />
  <stringconstants candidates="13797" cleared="0"  />
</gc-op>
<gc-op id="1304" type="classunload" timems="0.011" contextid="1300" timestamp="2019-08-04T08:43:23.736">
  <classunload-info classloadercandidates="54" classloadersunloaded="0" classesunloaded="0" anonymousclassesunloaded="0" quiescems="0.000" setupms="0.011" scanms="0.000" postms="0.000" />
</gc-op>
<gc-end id="1305" type="partial gc" contextid="1300" durationms="13.856" usertimems="31.615" systemtimems="0.000" timestamp="2019-08-04T08:43:23.736" activeThreads="16">
  <mem-info id="1306" free="83886080" total="142606336" percent="58">
    <mem type="eden" free="2036480" total="2097152" percent="97" />
    <pending-finalizers system="0" default="0" reference="7" classloader="0" />
    <remembered-set count="6496" freebytes="5675136" totalbytes="5701120" percent="99" regionsoverflowed="0" regionsstable="7" regionsrebuilding="0"/>
  </mem-info>
</gc-end>
<cycle-end id="1307" type="partial gc" contextid="1300" timestamp="2019-08-04T08:43:23.736">
  <attribute name="GC Util" value="256" />
  <attribute name="CPU Util" value="17301229190601" />
  <attribute name="Time Running"value="141516"/>
  <attribute name="Number of cores"value="16"/>
</cycle-end>
<exclusive-end id="1308" timestamp="2019-08-04T08:43:23.736" durationms="14.650" />

<exclusive-start id="1309" timestamp="2019-08-04T08:43:23.850" intervalms="128.127">
  <response-info timems="0.044" idlems="0.044" threads="0" lastid="0000000000C1FF00" lastname="main" />
</exclusive-start>
<allocation-taxation id="1310" taxation-threshold="41943040" timestamp="2019-08-04T08:43:23.850" intervalms="128.114" />
<cycle-start id="1311" type="partial gc" contextid="0" timestamp="2019-08-04T08:43:23.850" intervalms="128.107" />
  <attribute name="GC Util" value="256" />
  <attribute name="CPU Util" value="17301229190601" />
  <attribute name="Time Running"value="141516"/>
  <attribute name="Number of cores"value="16"/>
<gc-start id="1312" type="partial gc" contextid="1311" timestamp="2019-08-04T08:43:23.850">
  <mem-info id="1313" free="41943040" total="142606336" percent="29">
    <mem type="eden" free="0" total="41943040" percent="0" />
    <remembered-set count="6048" freebytes="5676928" totalbytes="5701120" percent="99" regionsoverflowed="0" regionsstable="7" regionsrebuilding="0"/>
  </mem-info>
</gc-start>
<allocation-stats totalBytes="41872784" >
  <allocated-bytes non-tlh="0" tlh="41872784" arrayletleaf="0"/>
  <largest-consumer threadName="main" threadId="0000000000C1FF00" bytes="41872784" />
</allocation-stats>
<gc-op id="1314" type="copy forward" timems="6.479" contextid="1311" timestamp="2019-08-04T08:43:23.860">
  <memory-copied type="eden" objects="3" bytes="2088" bytesdiscarded="0" />
  <memory-copied type="other" objects="989" bytes="51232" bytesdiscarded="4160" />
  <memory-cardclean objects="171" bytes="19000" />
  <remembered-set-cleared processed="1906" cleared="53" durationms="0.102" />
  <references type="soft" candidates="9" cleared="0" enqueued="0" dynamicThreshold="18" maxThreshold="32" />
  <references type="weak" candidates="52" cleared="0" enqueued="0" />
  <stringconstants candidates="13797" cleared="0"  />
</gc-op>
<gc-op id="1315" type="classunload" timems="0.014" contextid="1311" timestamp="2019-08-04T08:43:23.860">
  <classunload-info classloadercandidates="54" classloadersunloaded="0" classesunloaded="0" anonymousclassesunloaded="0" quiescems="0.000" setupms="0.014" scanms="0.000" postms="0.000" />
</gc-op>
<gc-end id="1316" type="partial gc" contextid="1311" durationms="9.987" usertimems="18.556" systemtimems="0.000" timestamp="2019-08-04T08:43:23.860" activeThreads="16">
  <mem-info id="1317" free="81788928" total="142606336" percent="57">
    <mem type="eden" free="2095064" total="2097152" percent="99" />
    <remembered-set count="7424" freebytes="5671424" totalbytes="5701120" percent="99" regionsoverflowed="0" regionsstable="7" regionsrebuilding="0"/>
  </mem-info>
</gc-end>
<cycle-end id="1318" type="partial gc" contextid="1311" timestamp="2019-08-04T08:43:23.860">
  <attribute name="GC Util" value="109" />
  <attribute name="CPU Util" value="6296076928121" />
  <attribute name="Time Running"value="141646"/>
  <attribute name="Number of cores"value="16"/>
</cycle-end>
<exclusive-end id="1319" timestamp="2019-08-04T08:43:23.860" durationms="10.576" />

<exclusive-start id="1320" timestamp="2019-08-04T08:43:24.376" intervalms="526.331">
  <response-info timems="0.171" idlems="0.171" threads="0" lastid="0000000000C1FF00" lastname="main" />
</exclusive-start>
<allocation-taxation id="1321" taxation-threshold="41943040" timestamp="2019-08-04T08:43:24.376" intervalms="526.344" />
<cycle-start id="1322" type="partial gc" contextid="0" timestamp="2019-08-04T08:43:24.376" intervalms="526.353" />
  <attribute name="GC Util" value="109" />
  <attribute name="CPU Util" value="6296076928121" />
  <attribute name="Time Running"value="141646"/>
  <attribute name="Number of cores"value="16"/>
<gc-start id="1323" type="partial gc" contextid="1322" timestamp="2019-08-04T08:43:24.377">
  <mem-info id="1324" free="39845888" total="142606336" percent="27">
    <mem type="eden" free="2095064" total="44040192" percent="4" />
    <remembered-set count="6976" freebytes="5673216" totalbytes="5701120" percent="99" regionsoverflowed="0" regionsstable="7" regionsrebuilding="0"/>
  </mem-info>
</gc-start>
<allocation-stats totalBytes="41927496" >
  <allocated-bytes non-tlh="0" tlh="41927496" arrayletleaf="0"/>
  <largest-consumer threadName="main" threadId="0000000000C1FF00" bytes="41927496" />
</allocation-stats>
<gc-op id="1325" type="copy forward" timems="7.174" contextid="1322" timestamp="2019-08-04T08:43:24.386">
  <memory-copied type="eden" objects="68" bytes="2192" bytesdiscarded="1128" />
  <memory-copied type="other" objects="7" bytes="160" bytesdiscarded="0" />
  <memory-cardclean objects="159" bytes="14296" />
  <remembered-set-cleared processed="1934" cleared="24" durationms="0.405" />
  <references type="weak" candidates="34" cleared="0" enqueued="0" />
  <stringconstants candidates="13797" cleared="0"  />
</gc-op>
<gc-op id="1326" type="classunload" timems="0.014" contextid="1322" timestamp="2019-08-04T08:43:24.386">
  <classunload-info classloadercandidates="54" classloadersunloaded="0" classesunloaded="0" anonymousclassesunloaded="0" quiescems="0.000" setupms="0.013" scanms="0.000" postms="0.000" />
</gc-op>
<heap-resize id="1327" type="contract" space="default" amount="8388608" count="1" timems="0.873" reason="insufficient time being spent in gc" timestamp="2019-08-04T08:43:24.387" />
<gc-end id="1328" type="partial gc" contextid="1322" durationms="10.537" usertimems="24.812" systemtimems="0.000" timestamp="2019-08-04T08:43:24.387" activeThreads="16">
  <mem-info id="1329" free="73400320" total="134217728" percent="54">
    <mem type="eden" free="2093832" total="2097152" percent="99" />
    <remembered-set count="5632" freebytes="5678592" totalbytes="5701120" percent="99" regionsoverflowed="0" regionsstable="7" regionsrebuilding="0"/>
  </mem-info>
</gc-end>
<cycle-end id="1330" type="partial gc" contextid="1322" timestamp="2019-08-04T08:43:24.387">
  <attribute name="GC Util" value="79" />
  <attribute name="CPU Util" value="10543743724864" />
  <attribute name="Time Running"value="142171"/>
  <attribute name="Number of cores"value="16"/>
</cycle-end>
<exclusive-end id="1331" timestamp="2019-08-04T08:43:24.388" durationms="11.417" />

<exclusive-start id="1332" timestamp="2019-08-04T08:43:24.604" intervalms="227.758">
  <response-info timems="0.060" idlems="0.060" threads="0" lastid="0000000000C1FF00" lastname="main" />
</exclusive-start>
<allocation-taxation id="1333" taxation-threshold="39845888" timestamp="2019-08-04T08:43:24.604" intervalms="227.751" />
<cycle-start id="1334" type="partial gc" contextid="0" timestamp="2019-08-04T08:43:24.604" intervalms="227.795" />
  <attribute name="GC Util" value="79" />
  <attribute name="CPU Util" value="10543743724864" />
  <attribute name="Time Running"value="142171"/>
  <attribute name="Number of cores"value="16"/>
<gc-start id="1335" type="partial gc" contextid="1334" timestamp="2019-08-04T08:43:24.605">
  <mem-info id="1336" free="33554432" total="134217728" percent="25">
    <mem type="eden" free="0" total="39845888" percent="0" />
    <remembered-set count="5632" freebytes="5678592" totalbytes="5701120" percent="99" regionsoverflowed="0" regionsstable="7" regionsrebuilding="0"/>
  </mem-info>
</gc-start>
<allocation-stats totalBytes="39838504" >
  <allocated-bytes non-tlh="0" tlh="39838504" arrayletleaf="0"/>
  <largest-consumer threadName="main" threadId="0000000000C1FF00" bytes="39838504" />
</allocation-stats>
<gc-op id="1337" type="copy forward" timems="7.481" contextid="1334" timestamp="2019-08-04T08:43:24.613">
  <memory-copied type="eden" objects="10" bytes="336" bytesdiscarded="0" />
  <memory-copied type="other" objects="70" bytes="2120" bytesdiscarded="1184" />
  <memory-cardclean objects="869" bytes="34784" />
  <remembered-set-cleared processed="1856" cleared="29" durationms="0.211" />
  <references type="weak" candidates="34" cleared="0" enqueued="0" />
  <stringconstants candidates="13797" cleared="0"  />
</gc-op>
<gc-op id="1338" type="classunload" timems="0.012" contextid="1334" timestamp="2019-08-04T08:43:24.614">
  <classunload-info classloadercandidates="54" classloadersunloaded="0" classesunloaded="0" anonymousclassesunloaded="0" quiescems="0.000" setupms="0.011" scanms="0.000" postms="0.000" />
</gc-op>
<heap-resize id="1339" type="contract" space="default" amount="8388608" count="1" timems="0.460" reason="insufficient time being spent in gc" timestamp="2019-08-04T08:43:24.614" />
<gc-end id="1340" type="partial gc" contextid="1334" durationms="9.493" usertimems="20.560" systemtimems="0.000" timestamp="2019-08-04T08:43:24.614" activeThreads="16">
  <mem-info id="1341" free="62914560" total="125829120" percent="50">
    <mem type="eden" free="2096816" total="2097152" percent="99" />
    <remembered-set count="6368" freebytes="5340288" totalbytes="5365760" percent="99" regionsoverflowed="0" regionsstable="7" regionsrebuilding="0"/>
  </mem-info>
</gc-end>
<cycle-end id="1342" type="partial gc" contextid="1334" timestamp="2019-08-04T08:43:24.614">
  <attribute name="GC Util" value="91" />
  <attribute name="CPU Util" value="19088084106307" />
  <attribute name="Time Running"value="142399"/>
  <attribute name="Number of cores"value="16"/>
</cycle-end>
<exclusive-end id="1343" timestamp="2019-08-04T08:43:24.614" durationms="10.405" />

<exclusive-start id="1344" timestamp="2019-08-04T08:43:24.738" intervalms="134.412">
  <response-info timems="0.053" idlems="0.053" threads="0" lastid="0000000000C1FF00" lastname="main" />
</exclusive-start>
<allocation-taxation id="1345" taxation-threshold="37748736" timestamp="2019-08-04T08:43:24.738" intervalms="134.411" />
<cycle-start id="1346" type="partial gc" contextid="0" timestamp="2019-08-04T08:43:24.739" intervalms="134.338" />
  <attribute name="GC Util" value="91" />
  <attribute name="CPU Util" value="19088084106307" />
  <attribute name="Time Running"value="142399"/>
  <attribute name="Number of cores"value="16"/>
<gc-start id="1347" type="partial gc" contextid="1346" timestamp="2019-08-04T08:43:24.739">
  <mem-info id="1348" free="25165824" total="125829120" percent="20">
    <mem type="eden" free="2096816" total="39845888" percent="5" />
    <remembered-set count="5920" freebytes="5342080" totalbytes="5365760" percent="99" regionsoverflowed="0" regionsstable="7" regionsrebuilding="0"/>
  </mem-info>
</gc-start>
<allocation-stats totalBytes="37741416" >
  <allocated-bytes non-tlh="0" tlh="37741416" arrayletleaf="0"/>
  <largest-consumer threadName="main" threadId="0000000000C1FF00" bytes="37741416" />
</allocation-stats>
<gc-op id="1349" type="copy forward" timems="8.458" contextid="1346" timestamp="2019-08-04T08:43:24.749">
  <memory-copied type="eden" objects="1" bytes="24" bytesdiscarded="0" />
  <memory-copied type="other" objects="69503" bytes="1740384" bytesdiscarded="78632" />
  <memory-cardclean objects="1047" bytes="45776" />
  <remembered-set-cleared processed="1841" cleared="171" durationms="0.132" />
  <references type="soft" candidates="2139" cleared="0" enqueued="0" dynamicThreshold="16" maxThreshold="32" />
  <references type="weak" candidates="74" cleared="0" enqueued="0" />
  <stringconstants candidates="13797" cleared="0"  />
</gc-op>
<gc-op id="1350" type="classunload" timems="0.012" contextid="1346" timestamp="2019-08-04T08:43:24.749">
  <classunload-info classloadercandidates="54" classloadersunloaded="0" classesunloaded="0" anonymousclassesunloaded="0" quiescems="0.000" setupms="0.012" scanms="0.000" postms="0.000" />
</gc-op>
<heap-resize id="1351" type="contract" space="default" amount="6291456" count="1" timems="0.348" reason="insufficient time being spent in gc" timestamp="2019-08-04T08:43:24.749" />
<gc-end id="1352" type="partial gc" contextid="1346" durationms="10.490" usertimems="29.693" systemtimems="0.000" timestamp="2019-08-04T08:43:24.749" activeThreads="16">
  <mem-info id="1353" free="60817408" total="119537664" percent="50">
    <mem type="eden" free="2097128" total="2097152" percent="99" />
    <remembered-set count="5952" freebytes="5006592" totalbytes="5030400" percent="99" regionsoverflowed="0" regionsstable="7" regionsrebuilding="0"/>
  </mem-info>
</gc-end>
<cycle-end id="1354" type="partial gc" contextid="1346" timestamp="2019-08-04T08:43:24.749">
  <attribute name="GC Util" value="72" />
  <attribute name="CPU Util" value="15874625603627" />
  <attribute name="Time Running"value="142533"/>
  <attribute name="Number of cores"value="16"/>
</cycle-end>
<exclusive-end id="1355" timestamp="2019-08-04T08:43:24.750" durationms="11.089" />

<exclusive-start id="1356" timestamp="2019-08-04T08:43:24.845" intervalms="106.351">
  <response-info timems="0.017" idlems="0.017" threads="0" lastid="0000000000C1FF00" lastname="main" />
</exclusive-start>
<allocation-taxation id="1357" taxation-threshold="37748736" timestamp="2019-08-04T08:43:24.845" intervalms="106.346" />
<cycle-start id="1358" type="partial gc" contextid="0" timestamp="2019-08-04T08:43:24.845" intervalms="106.368" />
  <attribute name="GC Util" value="72" />
  <attribute name="CPU Util" value="15874625603627" />
  <attribute name="Time Running"value="142533"/>
  <attribute name="Number of cores"value="16"/>
<gc-start id="1359" type="partial gc" contextid="1358" timestamp="2019-08-04T08:43:24.845">
  <mem-info id="1360" free="23068672" total="119537664" percent="19">
    <mem type="eden" free="2097128" total="39845888" percent="5" />
    <remembered-set count="5600" freebytes="5008000" totalbytes="5030400" percent="99" regionsoverflowed="0" regionsstable="7" regionsrebuilding="0"/>
  </mem-info>
</gc-start>
<allocation-stats totalBytes="37741272" >
  <allocated-bytes non-tlh="0" tlh="37741272" arrayletleaf="0"/>
  <largest-consumer threadName="main" threadId="0000000000C1FF00" bytes="37741272" />
</allocation-stats>
<gc-op id="1361" type="copy forward" timems="14.699" contextid="1358" timestamp="2019-08-04T08:43:24.861">
  <memory-copied type="eden" objects="5" bytes="240" bytesdiscarded="0" />
  <memory-copied type="other" objects="76520" bytes="1863032" bytesdiscarded="74488" />
  <memory-cardclean objects="7415" bytes="491136" />
  <remembered-set-cleared processed="1317" cleared="40" durationms="0.098" />
  <stringconstants candidates="13797" cleared="0"  />
</gc-op>
<gc-op id="1362" type="classunload" timems="0.011" contextid="1358" timestamp="2019-08-04T08:43:24.861">
  <classunload-info classloadercandidates="54" classloadersunloaded="0" classesunloaded="0" anonymousclassesunloaded="0" quiescems="0.000" setupms="0.011" scanms="0.000" postms="0.000" />
</gc-op>
<gc-end id="1363" type="partial gc" contextid="1358" durationms="16.332" usertimems="40.303" systemtimems="0.000" timestamp="2019-08-04T08:43:24.861" activeThreads="16">
  <mem-info id="1364" free="65011712" total="119537664" percent="54">
    <mem type="eden" free="2096912" total="2097152" percent="99" />
    <remembered-set count="8224" freebytes="4745984" totalbytes="4778880" percent="99" regionsoverflowed="0" regionsstable="7" regionsrebuilding="0"/>
  </mem-info>
</gc-end>
<cycle-end id="1365" type="partial gc" contextid="1358" timestamp="2019-08-04T08:43:24.862">
  <attribute name="GC Util" value="90" />
  <attribute name="CPU Util" value="19217940290726" />
  <attribute name="Time Running"value="142639"/>
  <attribute name="Number of cores"value="16"/>
</cycle-end>
<exclusive-end id="1366" timestamp="2019-08-04T08:43:24.862" durationms="17.058" />

<exclusive-start id="1367" timestamp="2019-08-04T08:43:24.968" intervalms="123.499">
  <response-info timems="0.021" idlems="0.021" threads="0" lastid="0000000000C1FF00" lastname="main" />
</exclusive-start>
<allocation-taxation id="1368" taxation-threshold="37748736" timestamp="2019-08-04T08:43:24.968" intervalms="123.502" />
<cycle-start id="1369" type="partial gc" contextid="0" timestamp="2019-08-04T08:43:24.968" intervalms="123.529" />
  <attribute name="GC Util" value="90" />
  <attribute name="CPU Util" value="19217940290726" />
  <attribute name="Time Running"value="142639"/>
  <attribute name="Number of cores"value="16"/>
<gc-start id="1370" type="partial gc" contextid="1369" timestamp="2019-08-04T08:43:24.969">
  <mem-info id="1371" free="27262976" total="119537664" percent="22">
    <mem type="eden" free="2096912" total="39845888" percent="5" />
    <remembered-set count="6784" freebytes="4751744" totalbytes="4778880" percent="99" regionsoverflowed="0" regionsstable="8" regionsrebuilding="0"/>
  </mem-info>
</gc-start>
<allocation-stats totalBytes="37741752" >
  <allocated-bytes non-tlh="0" tlh="37741752" arrayletleaf="0"/>
  <largest-consumer threadName="main" threadId="0000000000C1FF00" bytes="37741752" />
</allocation-stats>
<gc-op id="1372" type="copy forward" timems="8.947" contextid="1369" timestamp="2019-08-04T08:43:24.979">
  <memory-copied type="eden" objects="6" bytes="264" bytesdiscarded="0" />
  <memory-copied type="other" objects="15" bytes="368" bytesdiscarded="0" />
  <memory-cardclean objects="74" bytes="2864" />
  <remembered-set-cleared processed="1749" cleared="11" durationms="0.129" />
  <stringconstants candidates="13797" cleared="0"  />
</gc-op>
<gc-op id="1373" type="classunload" timems="0.015" contextid="1369" timestamp="2019-08-04T08:43:24.979">
  <classunload-info classloadercandidates="54" classloadersunloaded="0" classesunloaded="0" anonymousclassesunloaded="0" quiescems="0.000" setupms="0.014" scanms="0.000" postms="0.000" />
</gc-op>
<gc-end id="1374" type="partial gc" contextid="1369" durationms="10.614" usertimems="22.143" systemtimems="0.000" timestamp="2019-08-04T08:43:24.979" activeThreads="16">
  <mem-info id="1375" free="65011712" total="119537664" percent="54">
    <mem type="eden" free="2096888" total="2097152" percent="99" />
    <remembered-set count="4416" freebytes="4761216" totalbytes="4778880" percent="99" regionsoverflowed="0" regionsstable="8" regionsrebuilding="0"/>
  </mem-info>
</gc-end>
<cycle-end id="1376" type="partial gc" contextid="1369" timestamp="2019-08-04T08:43:24.980">
  <attribute name="GC Util" value="129" />
  <attribute name="CPU Util" value="24831524453241" />
  <attribute name="Time Running"value="142763"/>
  <attribute name="Number of cores"value="16"/>
</cycle-end>
<exclusive-end id="1377" timestamp="2019-08-04T08:43:24.980" durationms="11.416" />

<exclusive-start id="1378" timestamp="2019-08-04T08:43:25.071" intervalms="103.106">
  <response-info timems="0.047" idlems="0.047" threads="0" lastid="0000000000C1FF00" lastname="main" />
</exclusive-start>
<allocation-taxation id="1379" taxation-threshold="37748736" timestamp="2019-08-04T08:43:25.071" intervalms="103.104" />
<cycle-start id="1380" type="partial gc" contextid="0" timestamp="2019-08-04T08:43:25.072" intervalms="103.108" />
  <attribute name="GC Util" value="129" />
  <attribute name="CPU Util" value="24831524453241" />
  <attribute name="Time Running"value="142763"/>
  <attribute name="Number of cores"value="16"/>
<gc-start id="1381" type="partial gc" contextid="1380" timestamp="2019-08-04T08:43:25.072">
  <mem-info id="1382" free="27262976" total="119537664" percent="22">
    <mem type="eden" free="2096888" total="39845888" percent="5" />
    <remembered-set count="3968" freebytes="4763008" totalbytes="4778880" percent="99" regionsoverflowed="0" regionsstable="8" regionsrebuilding="0"/>
  </mem-info>
</gc-start>
<allocation-stats totalBytes="37735568" >
  <allocated-bytes non-tlh="0" tlh="37735568" arrayletleaf="0"/>
  <largest-consumer threadName="main" threadId="0000000000C1FF00" bytes="37735568" />
</allocation-stats>
<gc-op id="1383" type="copy forward" timems="6.269" contextid="1380" timestamp="2019-08-04T08:43:25.079">
  <memory-copied type="eden" objects="26" bytes="1344" bytesdiscarded="696" />
  <memory-copied type="other" objects="44" bytes="1024" bytesdiscarded="560" />
  <memory-cardclean objects="112" bytes="12312" />
  <remembered-set-cleared processed="1749" cleared="21" durationms="0.102" />
  <references type="weak" candidates="2" cleared="0" enqueued="0" />
  <stringconstants candidates="13797" cleared="0"  />
</gc-op>
<gc-op id="1384" type="classunload" timems="0.011" contextid="1380" timestamp="2019-08-04T08:43:25.079">
  <classunload-info classloadercandidates="54" classloadersunloaded="0" classesunloaded="0" anonymousclassesunloaded="0" quiescems="0.000" setupms="0.010" scanms="0.000" postms="0.000" />
</gc-op>
<gc-end id="1385" type="partial gc" contextid="1380" durationms="7.291" usertimems="15.261" systemtimems="0.000" timestamp="2019-08-04T08:43:25.079" activeThreads="16">
  <mem-info id="1386" free="65011712" total="119537664" percent="54">
    <mem type="eden" free="2095112" total="2097152" percent="99" />
    <remembered-set count="4224" freebytes="4761984" totalbytes="4778880" percent="99" regionsoverflowed="0" regionsstable="8" regionsrebuilding="0"/>
  </mem-info>
</gc-end>
<cycle-end id="1387" type="partial gc" contextid="1380" timestamp="2019-08-04T08:43:25.079">
  <attribute name="GC Util" value="153" />
  <attribute name="CPU Util" value="35428722031305" />
  <attribute name="Time Running"value="142865"/>
  <attribute name="Number of cores"value="16"/>
</cycle-end>
<exclusive-end id="1388" timestamp="2019-08-04T08:43:25.079" durationms="8.010" />

<exclusive-start id="1389" timestamp="2019-08-04T08:43:25.114" intervalms="42.512">
  <response-info timems="0.047" idlems="0.047" threads="0" lastid="0000000000C1FF00" lastname="main" />
</exclusive-start>
<allocation-taxation id="1390" taxation-threshold="37748736" timestamp="2019-08-04T08:43:25.114" intervalms="42.508" />
<cycle-start id="1391" type="partial gc" contextid="0" timestamp="2019-08-04T08:43:25.114" intervalms="42.479" />
  <attribute name="GC Util" value="153" />
  <attribute name="CPU Util" value="35428722031305" />
  <attribute name="Time Running"value="142865"/>
  <attribute name="Number of cores"value="16"/>
<gc-start id="1392" type="partial gc" contextid="1391" timestamp="2019-08-04T08:43:25.114">
  <mem-info id="1393" free="27262976" total="119537664" percent="22">
    <mem type="eden" free="0" total="37748736" percent="0" />
    <remembered-set count="3744" freebytes="4763904" totalbytes="4778880" percent="99" regionsoverflowed="0" regionsstable="8" regionsrebuilding="0"/>
  </mem-info>
</gc-start>
<allocation-stats totalBytes="37695352" >
  <allocated-bytes non-tlh="0" tlh="37695352" arrayletleaf="0"/>
  <largest-consumer threadName="main" threadId="0000000000C1FF00" bytes="37695352" />
</allocation-stats>
<gc-op id="1394" type="copy forward" timems="7.442" contextid="1391" timestamp="2019-08-04T08:43:25.122">
  <memory-copied type="eden" objects="4" bytes="112" bytesdiscarded="680" />
  <memory-copied type="other" objects="60" bytes="2224" bytesdiscarded="1968" />
  <memory-cardclean objects="85" bytes="11968" />
  <remembered-set-cleared processed="1746" cleared="21" durationms="0.098" />
  <references type="weak" candidates="4" cleared="0" enqueued="0" />
  <stringconstants candidates="13797" cleared="0"  />
</gc-op>
<gc-op id="1395" type="classunload" timems="0.013" contextid="1391" timestamp="2019-08-04T08:43:25.122">
  <classunload-info classloadercandidates="54" classloadersunloaded="0" classesunloaded="0" anonymousclassesunloaded="0" quiescems="0.000" setupms="0.013" scanms="0.000" postms="0.000" />
</gc-op>
<heap-resize id="1396" type="expand" space="default" amount="20971520" count="1" timems="0.097" reason="excessive time being spent in gc" timestamp="2019-08-04T08:43:25.123" />
<gc-end id="1397" type="partial gc" contextid="1391" durationms="8.487" usertimems="16.859" systemtimems="0.000" timestamp="2019-08-04T08:43:25.123" activeThreads="16">
  <mem-info id="1398" free="83886080" total="140509184" percent="59">
    <mem type="eden" free="2096360" total="2097152" percent="99" />
    <remembered-set count="5280" freebytes="5596160" totalbytes="5617280" percent="99" regionsoverflowed="0" regionsstable="8" regionsrebuilding="0"/>
  </mem-info>
</gc-end>
<cycle-end id="1399" type="partial gc" contextid="1391" timestamp="2019-08-04T08:43:25.123">
  <attribute name="GC Util" value="166" />
  <attribute name="CPU Util" value="41473114283466" />
  <attribute name="Time Running"value="142908"/>
  <attribute name="Number of cores"value="16"/>
</cycle-end>
<exclusive-end id="1400" timestamp="2019-08-04T08:43:25.123" durationms="9.029" />

<exclusive-start id="1401" timestamp="2019-08-04T08:43:25.159" intervalms="44.764">
  <response-info timems="0.240" idlems="0.240" threads="0" lastid="0000000000C1FF00" lastname="main" />
</exclusive-start>
<allocation-taxation id="1402" taxation-threshold="41943040" timestamp="2019-08-04T08:43:25.159" intervalms="44.772" />
<cycle-start id="1403" type="partial gc" contextid="0" timestamp="2019-08-04T08:43:25.159" intervalms="44.940" />
  <attribute name="GC Util" value="166" />
  <attribute name="CPU Util" value="41473114283466" />
  <attribute name="Time Running"value="142908"/>
  <attribute name="Number of cores"value="16"/>
<gc-start id="1404" type="partial gc" contextid="1403" timestamp="2019-08-04T08:43:25.160">
  <mem-info id="1405" free="41943040" total="140509184" percent="29">
    <mem type="eden" free="2096360" total="44040192" percent="4" />
    <remembered-set count="5280" freebytes="5596160" totalbytes="5617280" percent="99" regionsoverflowed="0" regionsstable="8" regionsrebuilding="0"/>
  </mem-info>
</gc-start>
<allocation-stats totalBytes="41884488" >
  <allocated-bytes non-tlh="0" tlh="41884488" arrayletleaf="0"/>
  <largest-consumer threadName="main" threadId="0000000000C1FF00" bytes="41884488" />
</allocation-stats>
<gc-op id="1406" type="copy forward" timems="11.058" contextid="1403" timestamp="2019-08-04T08:43:25.172">
  <memory-copied type="eden" objects="4" bytes="112" bytesdiscarded="0" />
  <memory-copied type="other" objects="28" bytes="768" bytesdiscarded="448" />
  <memory-cardclean objects="32" bytes="9544" />
  <remembered-set-cleared processed="1754" cleared="13" durationms="0.106" />
  <references type="weak" candidates="14" cleared="0" enqueued="0" />
  <stringconstants candidates="13797" cleared="0"  />
</gc-op>
<gc-op id="1407" type="classunload" timems="0.011" contextid="1403" timestamp="2019-08-04T08:43:25.172">
  <classunload-info classloadercandidates="54" classloadersunloaded="0" classesunloaded="0" anonymousclassesunloaded="0" quiescems="0.000" setupms="0.011" scanms="0.000" postms="0.000" />
</gc-op>
<heap-resize id="1408" type="expand" space="default" amount="2097152" count="1" timems="0.110" reason="excessive time being spent in gc" timestamp="2019-08-04T08:43:25.172" />
<gc-end id="1409" type="partial gc" contextid="1403" durationms="12.725" usertimems="31.319" systemtimems="0.000" timestamp="2019-08-04T08:43:25.172" activeThreads="16">
  <mem-info id="1410" free="85983232" total="142606336" percent="60">
    <mem type="eden" free="2097040" total="2097152" percent="99" />
    <remembered-set count="4544" freebytes="5682944" totalbytes="5701120" percent="99" regionsoverflowed="0" regionsstable="8" regionsrebuilding="0"/>
  </mem-info>
</gc-end>
<cycle-end id="1411" type="partial gc" contextid="1403" timestamp="2019-08-04T08:43:25.172">
  <attribute name="GC Util" value="161" />
  <attribute name="CPU Util" value="22247615109985" />
  <attribute name="Time Running"value="142954"/>
  <attribute name="Number of cores"value="16"/>
</cycle-end>
<exclusive-end id="1412" timestamp="2019-08-04T08:43:25.173" durationms="13.916" />

<exclusive-start id="1413" timestamp="2019-08-04T08:43:25.202" intervalms="43.387">
  <response-info timems="0.023" idlems="0.023" threads="0" lastid="0000000000C1FF00" lastname="main" />
</exclusive-start>
<allocation-taxation id="1414" taxation-threshold="41943040" timestamp="2019-08-04T08:43:25.202" intervalms="43.383" />
<cycle-start id="1415" type="partial gc" contextid="0" timestamp="2019-08-04T08:43:25.202" intervalms="43.207" />
  <attribute name="GC Util" value="161" />
  <attribute name="CPU Util" value="22247615109985" />
  <attribute name="Time Running"value="142954"/>
  <attribute name="Number of cores"value="16"/>
<gc-start id="1416" type="partial gc" contextid="1415" timestamp="2019-08-04T08:43:25.202">
  <mem-info id="1417" free="44040192" total="142606336" percent="30">
    <mem type="eden" free="2097040" total="44040192" percent="4" />
    <remembered-set count="4544" freebytes="5682944" totalbytes="5701120" percent="99" regionsoverflowed="0" regionsstable="8" regionsrebuilding="0"/>
  </mem-info>
</gc-start>
<allocation-stats totalBytes="41885184" >
  <allocated-bytes non-tlh="0" tlh="41885184" arrayletleaf="0"/>
  <largest-consumer threadName="main" threadId="0000000000C1FF00" bytes="41885184" />
</allocation-stats>
<gc-op id="1418" type="copy forward" timems="10.513" contextid="1415" timestamp="2019-08-04T08:43:25.214">
  <memory-copied type="eden" objects="4" bytes="112" bytesdiscarded="0" />
  <memory-copied type="other" objects="0" bytes="0" bytesdiscarded="0" />
  <memory-cardclean objects="8" bytes="328" />
  <remembered-set-cleared processed="1756" cleared="0" durationms="0.089" />
  <stringconstants candidates="13797" cleared="0"  />
</gc-op>
<gc-op id="1419" type="classunload" timems="0.010" contextid="1415" timestamp="2019-08-04T08:43:25.214">
  <classunload-info classloadercandidates="54" classloadersunloaded="0" classesunloaded="0" anonymousclassesunloaded="0" quiescems="0.000" setupms="0.010" scanms="0.000" postms="0.000" />
</gc-op>
<gc-end id="1420" type="partial gc" contextid="1415" durationms="11.856" usertimems="22.803" systemtimems="0.000" timestamp="2019-08-04T08:43:25.214" activeThreads="16">
  <mem-info id="1421" free="85983232" total="142606336" percent="60">
    <mem type="eden" free="2097040" total="2097152" percent="99" />
    <remembered-set count="3776" freebytes="5686016" totalbytes="5701120" percent="99" regionsoverflowed="0" regionsstable="8" regionsrebuilding="0"/>
  </mem-info>
</gc-end>
<cycle-end id="1422" type="partial gc" contextid="1415" timestamp="2019-08-04T08:43:25.214">
  <attribute name="GC Util" value="103" />
  <attribute name="CPU Util" value="19574114687094" />
  <attribute name="Time Running"value="142996"/>
  <attribute name="Number of cores"value="16"/>
</cycle-end>
<exclusive-end id="1423" timestamp="2019-08-04T08:43:25.214" durationms="12.442" />

<exclusive-start id="1424" timestamp="2019-08-04T08:43:25.247" intervalms="44.572">
  <response-info timems="0.053" idlems="0.053" threads="0" lastid="0000000000C1FF00" lastname="main" />
</exclusive-start>
<allocation-taxation id="1425" taxation-threshold="41943040" timestamp="2019-08-04T08:43:25.247" intervalms="44.573" />
<cycle-start id="1426" type="partial gc" contextid="0" timestamp="2019-08-04T08:43:25.247" intervalms="44.614" />
  <attribute name="GC Util" value="103" />
  <attribute name="CPU Util" value="19574114687094" />
  <attribute name="Time Running"value="142996"/>
  <attribute name="Number of cores"value="16"/>
<gc-start id="1427" type="partial gc" contextid="1426" timestamp="2019-08-04T08:43:25.247">
  <mem-info id="1428" free="44040192" total="142606336" percent="30">
    <mem type="eden" free="2097040" total="44040192" percent="4" />
    <remembered-set count="3776" freebytes="5686016" totalbytes="5701120" percent="99" regionsoverflowed="0" regionsstable="8" regionsrebuilding="0"/>
  </mem-info>
</gc-start>
<allocation-stats totalBytes="41885184" >
  <allocated-bytes non-tlh="0" tlh="41885184" arrayletleaf="0"/>
  <largest-consumer threadName="main" threadId="0000000000C1FF00" bytes="41885184" />
</allocation-stats>
<gc-op id="1429" type="copy forward" timems="14.490" contextid="1426" timestamp="2019-08-04T08:43:25.263">
  <memory-copied type="eden" objects="4" bytes="112" bytesdiscarded="0" />
  <memory-copied type="other" objects="0" bytes="0" bytesdiscarded="0" />
  <memory-cardclean objects="8" bytes="328" />
  <remembered-set-cleared processed="1756" cleared="0" durationms="0.131" />
  <stringconstants candidates="13797" cleared="0"  />
</gc-op>
<gc-op id="1430" type="classunload" timems="0.011" contextid="1426" timestamp="2019-08-04T08:43:25.263">
  <classunload-info classloadercandidates="54" classloadersunloaded="0" classesunloaded="0" anonymousclassesunloaded="0" quiescems="0.000" setupms="0.011" scanms="0.000" postms="0.000" />
</gc-op>
<gc-end id="1431" type="partial gc" contextid="1426" durationms="16.099" usertimems="27.641" systemtimems="0.000" timestamp="2019-08-04T08:43:25.263" activeThreads="16">
  <mem-info id="1432" free="85983232" total="142606336" percent="60">
    <mem type="eden" free="2097040" total="2097152" percent="99" />
    <remembered-set count="3776" freebytes="5686016" totalbytes="5701120" percent="99" regionsoverflowed="0" regionsstable="8" regionsrebuilding="0"/>
  </mem-info>
</gc-end>
<cycle-end id="1433" type="partial gc" contextid="1426" timestamp="2019-08-04T08:43:25.263">
  <attribute name="GC Util" value="78" />
  <attribute name="CPU Util" value="19534213199200" />
  <attribute name="Time Running"value="143041"/>
  <attribute name="Number of cores"value="16"/>
</cycle-end>
<exclusive-end id="1434" timestamp="2019-08-04T08:43:25.264" durationms="16.978" />

* Round 1 done in 17.008 seconds.
<exclusive-start id="1435" timestamp="2019-08-04T08:43:25.320" intervalms="73.347">
  <response-info timems="0.047" idlems="0.047" threads="0" lastid="0000000000C1FF00" lastname="main" />
</exclusive-start>
<allocation-taxation id="1436" taxation-threshold="41943040" timestamp="2019-08-04T08:43:25.320" intervalms="73.344" />
<cycle-start id="1437" type="partial gc" contextid="0" timestamp="2019-08-04T08:43:25.320" intervalms="73.349" />
  <attribute name="GC Util" value="78" />
  <attribute name="CPU Util" value="19534213199200" />
  <attribute name="Time Running"value="143041"/>
  <attribute name="Number of cores"value="16"/>
<gc-start id="1438" type="partial gc" contextid="1437" timestamp="2019-08-04T08:43:25.321">
  <mem-info id="1439" free="44040192" total="142606336" percent="30">
    <mem type="eden" free="2097040" total="44040192" percent="4" />
    <remembered-set count="3776" freebytes="5686016" totalbytes="5701120" percent="99" regionsoverflowed="0" regionsstable="8" regionsrebuilding="0"/>
  </mem-info>
</gc-start>
<allocation-stats totalBytes="41921640" >
  <allocated-bytes non-tlh="2800" tlh="41918840" arrayletleaf="0"/>
  <largest-consumer threadName="main" threadId="0000000000C1FF00" bytes="41921640" />
</allocation-stats>
<gc-op id="1440" type="copy forward" timems="9.027" contextid="1437" timestamp="2019-08-04T08:43:25.332">
  <memory-copied type="eden" objects="240" bytes="8728" bytesdiscarded="4176" />
  <memory-copied type="other" objects="0" bytes="0" bytesdiscarded="0" />
  <memory-cardclean objects="358" bytes="16376" />
  <remembered-set-cleared processed="1756" cleared="24" durationms="0.192" />
  <references type="soft" candidates="4" cleared="0" enqueued="0" dynamicThreshold="19" maxThreshold="32" />
  <references type="weak" candidates="16" cleared="4" enqueued="3" />
  <stringconstants candidates="13822" cleared="0"  />
</gc-op>
<gc-op id="1441" type="classunload" timems="0.015" contextid="1437" timestamp="2019-08-04T08:43:25.332">
  <classunload-info classloadercandidates="54" classloadersunloaded="0" classesunloaded="0" anonymousclassesunloaded="0" quiescems="0.000" setupms="0.015" scanms="0.000" postms="0.000" />
</gc-op>
<gc-end id="1442" type="partial gc" contextid="1437" durationms="11.633" usertimems="34.744" systemtimems="0.000" timestamp="2019-08-04T08:43:25.332" activeThreads="16">
  <mem-info id="1443" free="85983232" total="142606336" percent="60">
    <mem type="eden" free="2084248" total="2097152" percent="99" />
    <pending-finalizers system="0" default="0" reference="3" classloader="0" />
    <remembered-set count="6720" freebytes="5674240" totalbytes="5701120" percent="99" regionsoverflowed="0" regionsstable="8" regionsrebuilding="0"/>
  </mem-info>
</gc-end>
<cycle-end id="1444" type="partial gc" contextid="1437" timestamp="2019-08-04T08:43:25.332">
  <attribute name="GC Util" value="225" />
  <attribute name="CPU Util" value="11648201090667" />
  <attribute name="Time Running"value="143115"/>
  <attribute name="Number of cores"value="16"/>
</cycle-end>
<exclusive-end id="1445" timestamp="2019-08-04T08:43:25.332" durationms="12.536" />

<exclusive-start id="1446" timestamp="2019-08-04T08:43:25.566" intervalms="246.155">
  <response-info timems="0.015" idlems="0.015" threads="0" lastid="0000000000C1FF00" lastname="main" />
</exclusive-start>
<allocation-taxation id="1447" taxation-threshold="41943040" timestamp="2019-08-04T08:43:25.566" intervalms="246.155" />
<cycle-start id="1448" type="partial gc" contextid="0" timestamp="2019-08-04T08:43:25.566" intervalms="246.126" />
  <attribute name="GC Util" value="225" />
  <attribute name="CPU Util" value="11648201090667" />
  <attribute name="Time Running"value="143115"/>
  <attribute name="Number of cores"value="16"/>
<gc-start id="1449" type="partial gc" contextid="1448" timestamp="2019-08-04T08:43:25.567">
  <mem-info id="1450" free="44040192" total="142606336" percent="30">
    <mem type="eden" free="0" total="41943040" percent="0" />
    <remembered-set count="6272" freebytes="5676032" totalbytes="5701120" percent="99" regionsoverflowed="0" regionsstable="8" regionsrebuilding="0"/>
  </mem-info>
</gc-start>
<allocation-stats totalBytes="41897104" >
  <allocated-bytes non-tlh="0" tlh="41897104" arrayletleaf="0"/>
  <largest-consumer threadName="main" threadId="0000000000C1FF00" bytes="41897104" />
</allocation-stats>
<gc-op id="1451" type="copy forward" timems="8.805" contextid="1448" timestamp="2019-08-04T08:43:25.576">
  <memory-copied type="eden" objects="68" bytes="2840" bytesdiscarded="384" />
  <memory-copied type="other" objects="217" bytes="7968" bytesdiscarded="1792" />
  <memory-cardclean objects="254" bytes="13312" />
  <remembered-set-cleared processed="1764" cleared="33" durationms="0.087" />
  <references type="soft" candidates="4" cleared="0" enqueued="0" dynamicThreshold="19" maxThreshold="32" />
  <references type="weak" candidates="12" cleared="0" enqueued="0" />
  <stringconstants candidates="13822" cleared="0"  />
</gc-op>
<gc-op id="1452" type="classunload" timems="0.011" contextid="1448" timestamp="2019-08-04T08:43:25.576">
  <classunload-info classloadercandidates="54" classloadersunloaded="0" classesunloaded="0" anonymousclassesunloaded="0" quiescems="0.000" setupms="0.010" scanms="0.000" postms="0.000" />
</gc-op>
<gc-end id="1453" type="partial gc" contextid="1448" durationms="10.099" usertimems="24.504" systemtimems="0.000" timestamp="2019-08-04T08:43:25.577" activeThreads="16">
  <mem-info id="1454" free="83886080" total="142606336" percent="58">
    <mem type="eden" free="2093928" total="2097152" percent="99" />
    <remembered-set count="5216" freebytes="5680256" totalbytes="5701120" percent="99" regionsoverflowed="0" regionsstable="8" regionsrebuilding="0"/>
  </mem-info>
</gc-end>
<cycle-end id="1455" type="partial gc" contextid="1448" timestamp="2019-08-04T08:43:25.577">
  <attribute name="GC Util" value="113" />
  <attribute name="CPU Util" value="27426064481573" />
  <attribute name="Time Running"value="143360"/>
  <attribute name="Number of cores"value="16"/>
</cycle-end>
<exclusive-end id="1456" timestamp="2019-08-04T08:43:25.577" durationms="10.828" />

<exclusive-start id="1457" timestamp="2019-08-04T08:43:25.590" intervalms="24.369">
  <response-info timems="0.017" idlems="0.017" threads="0" lastid="0000000000C1FF00" lastname="main" />
</exclusive-start>
<allocation-taxation id="1458" taxation-threshold="41943040" timestamp="2019-08-04T08:43:25.591" intervalms="24.378" />
<cycle-start id="1459" type="partial gc" contextid="0" timestamp="2019-08-04T08:43:25.591" intervalms="24.387" />
  <attribute name="GC Util" value="113" />
  <attribute name="CPU Util" value="27426064481573" />
  <attribute name="Time Running"value="143360"/>
  <attribute name="Number of cores"value="16"/>
<gc-start id="1460" type="partial gc" contextid="1459" timestamp="2019-08-04T08:43:25.591">
  <mem-info id="1461" free="41943040" total="142606336" percent="29">
    <mem type="eden" free="0" total="41943040" percent="0" />
    <remembered-set count="5216" freebytes="5680256" totalbytes="5701120" percent="99" regionsoverflowed="0" regionsstable="8" regionsrebuilding="0"/>
  </mem-info>
</gc-start>
<allocation-stats totalBytes="41785744" >
  <allocated-bytes non-tlh="0" tlh="41785744" arrayletleaf="0"/>
  <largest-consumer threadName="main" threadId="0000000000C1FF00" bytes="41785744" />
</allocation-stats>
<gc-op id="1462" type="copy forward" timems="7.480" contextid="1459" timestamp="2019-08-04T08:43:25.599">
  <memory-copied type="eden" objects="1" bytes="32" bytesdiscarded="0" />
  <memory-copied type="other" objects="67" bytes="2808" bytesdiscarded="1112" />
  <memory-cardclean objects="60" bytes="2176" />
  <remembered-set-cleared processed="1786" cleared="5" durationms="0.100" />
  <stringconstants candidates="13822" cleared="0"  />
</gc-op>
<gc-op id="1463" type="classunload" timems="0.010" contextid="1459" timestamp="2019-08-04T08:43:25.600">
  <classunload-info classloadercandidates="54" classloadersunloaded="0" classesunloaded="0" anonymousclassesunloaded="0" quiescems="0.000" setupms="0.010" scanms="0.000" postms="0.000" />
</gc-op>
<gc-end id="1464" type="partial gc" contextid="1459" durationms="8.761" usertimems="22.506" systemtimems="0.000" timestamp="2019-08-04T08:43:25.600" activeThreads="16">
  <mem-info id="1465" free="81788928" total="142606336" percent="57">
    <mem type="eden" free="2097120" total="2097152" percent="99" />
    <remembered-set count="4896" freebytes="5681536" totalbytes="5701120" percent="99" regionsoverflowed="0" regionsstable="8" regionsrebuilding="0"/>
  </mem-info>
</gc-end>
<cycle-end id="1466" type="partial gc" contextid="1459" timestamp="2019-08-04T08:43:25.600">
  <attribute name="GC Util" value="145" />
  <attribute name="CPU Util" value="28704183524055" />
  <attribute name="Time Running"value="143385"/>
  <attribute name="Number of cores"value="16"/>
</cycle-end>
<exclusive-end id="1467" timestamp="2019-08-04T08:43:25.600" durationms="9.468" />

<exclusive-start id="1468" timestamp="2019-08-04T08:43:25.614" intervalms="23.572">
  <response-info timems="0.019" idlems="0.019" threads="0" lastid="0000000000C1FF00" lastname="main" />
</exclusive-start>
<allocation-taxation id="1469" taxation-threshold="41943040" timestamp="2019-08-04T08:43:25.614" intervalms="23.564" />
<cycle-start id="1470" type="partial gc" contextid="0" timestamp="2019-08-04T08:43:25.614" intervalms="23.568" />
  <attribute name="GC Util" value="145" />
  <attribute name="CPU Util" value="28704183524055" />
  <attribute name="Time Running"value="143385"/>
  <attribute name="Number of cores"value="16"/>
<gc-start id="1471" type="partial gc" contextid="1470" timestamp="2019-08-04T08:43:25.615">
  <mem-info id="1472" free="39845888" total="142606336" percent="27">
    <mem type="eden" free="2097120" total="44040192" percent="4" />
    <remembered-set count="4896" freebytes="5681536" totalbytes="5701120" percent="99" regionsoverflowed="0" regionsstable="8" regionsrebuilding="0"/>
  </mem-info>
</gc-start>
<allocation-stats totalBytes="41801008" >
  <allocated-bytes non-tlh="0" tlh="41801008" arrayletleaf="0"/>
  <largest-consumer threadName="main" threadId="0000000000C1FF00" bytes="41801008" />
</allocation-stats>
<gc-op id="1473" type="copy forward" timems="6.830" contextid="1470" timestamp="2019-08-04T08:43:25.623">
  <memory-copied type="eden" objects="2" bytes="56" bytesdiscarded="0" />
  <memory-copied type="other" objects="0" bytes="0" bytesdiscarded="0" />
  <memory-cardclean objects="6" bytes="192" />
  <remembered-set-cleared processed="1792" cleared="0" durationms="0.250" />
  <stringconstants candidates="13822" cleared="0"  />
</gc-op>
<gc-op id="1474" type="classunload" timems="0.009" contextid="1470" timestamp="2019-08-04T08:43:25.623">
  <classunload-info classloadercandidates="54" classloadersunloaded="0" classesunloaded="0" anonymousclassesunloaded="0" quiescems="0.000" setupms="0.009" scanms="0.000" postms="0.000" />
</gc-op>
<gc-end id="1475" type="partial gc" contextid="1470" durationms="8.351" usertimems="18.442" systemtimems="0.000" timestamp="2019-08-04T08:43:25.623" activeThreads="16">
  <mem-info id="1476" free="81788928" total="142606336" percent="57">
    <mem type="eden" free="2097096" total="2097152" percent="99" />
    <remembered-set count="4000" freebytes="5685120" totalbytes="5701120" percent="99" regionsoverflowed="0" regionsstable="8" regionsrebuilding="0"/>
  </mem-info>
</gc-end>
<cycle-end id="1477" type="partial gc" contextid="1470" timestamp="2019-08-04T08:43:25.623">
  <attribute name="GC Util" value="228" />
  <attribute name="CPU Util" value="19680200079295" />
  <attribute name="Time Running"value="143408"/>
  <attribute name="Number of cores"value="16"/>
</cycle-end>
<exclusive-end id="1478" timestamp="2019-08-04T08:43:25.623" durationms="9.045" />

<exclusive-start id="1479" timestamp="2019-08-04T08:43:25.636" intervalms="22.438">
  <response-info timems="0.017" idlems="0.017" threads="0" lastid="0000000000C1FF00" lastname="main" />
</exclusive-start>
<allocation-taxation id="1480" taxation-threshold="41943040" timestamp="2019-08-04T08:43:25.637" intervalms="22.442" />
<cycle-start id="1481" type="partial gc" contextid="0" timestamp="2019-08-04T08:43:25.637" intervalms="22.436" />
  <attribute name="GC Util" value="228" />
  <attribute name="CPU Util" value="19680200079295" />
  <attribute name="Time Running"value="143408"/>
  <attribute name="Number of cores"value="16"/>
<gc-start id="1482" type="partial gc" contextid="1481" timestamp="2019-08-04T08:43:25.637">
  <mem-info id="1483" free="39845888" total="142606336" percent="27">
    <mem type="eden" free="2097096" total="44040192" percent="4" />
    <remembered-set count="3520" freebytes="5687040" totalbytes="5701120" percent="99" regionsoverflowed="0" regionsstable="8" regionsrebuilding="0"/>
  </mem-info>
</gc-start>
<allocation-stats totalBytes="41802016" >
  <allocated-bytes non-tlh="0" tlh="41802016" arrayletleaf="0"/>
  <largest-consumer threadName="main" threadId="0000000000C1FF00" bytes="41802016" />
</allocation-stats>
<gc-op id="1484" type="copy forward" timems="7.113" contextid="1481" timestamp="2019-08-04T08:43:25.646">
  <memory-copied type="eden" objects="2" bytes="56" bytesdiscarded="0" />
  <memory-copied type="other" objects="0" bytes="0" bytesdiscarded="0" />
  <memory-cardclean objects="6" bytes="192" />
  <remembered-set-cleared processed="1792" cleared="0" durationms="0.102" />
  <stringconstants candidates="13822" cleared="0"  />
</gc-op>
<gc-op id="1485" type="classunload" timems="0.009" contextid="1481" timestamp="2019-08-04T08:43:25.646">
  <classunload-info classloadercandidates="54" classloadersunloaded="0" classesunloaded="0" anonymousclassesunloaded="0" quiescems="0.000" setupms="0.008" scanms="0.000" postms="0.000" />
</gc-op>
<heap-resize id="1486" type="expand" space="default" amount="10485760" count="1" timems="0.074" reason="excessive time being spent in gc" timestamp="2019-08-04T08:43:25.646" />
<gc-end id="1487" type="partial gc" contextid="1481" durationms="9.428" usertimems="22.821" systemtimems="0.000" timestamp="2019-08-04T08:43:25.646" activeThreads="16">
  <mem-info id="1488" free="92274688" total="153092096" percent="60">
    <mem type="eden" free="2097096" total="2097152" percent="99" />
    <remembered-set count="4000" freebytes="6104320" totalbytes="6120320" percent="99" regionsoverflowed="0" regionsstable="8" regionsrebuilding="0"/>
  </mem-info>
</gc-end>
<cycle-end id="1489" type="partial gc" contextid="1481" timestamp="2019-08-04T08:43:25.646">
  <attribute name="GC Util" value="283" />
  <attribute name="CPU Util" value="11144997875240" />
  <attribute name="Time Running"value="143432"/>
  <attribute name="Number of cores"value="16"/>
</cycle-end>
<exclusive-end id="1490" timestamp="2019-08-04T08:43:25.646" durationms="9.987" />

<exclusive-start id="1491" timestamp="2019-08-04T08:43:25.661" intervalms="24.984">
  <response-info timems="0.018" idlems="0.018" threads="0" lastid="0000000000C1FF00" lastname="main" />
</exclusive-start>
<allocation-taxation id="1492" taxation-threshold="46137344" timestamp="2019-08-04T08:43:25.662" intervalms="24.979" />
<cycle-start id="1493" type="partial gc" contextid="0" timestamp="2019-08-04T08:43:25.662" intervalms="24.954" />
  <attribute name="GC Util" value="283" />
  <attribute name="CPU Util" value="11144997875240" />
  <attribute name="Time Running"value="143432"/>
  <attribute name="Number of cores"value="16"/>
<gc-start id="1494" type="partial gc" contextid="1493" timestamp="2019-08-04T08:43:25.662">
  <mem-info id="1495" free="46137344" total="153092096" percent="30">
    <mem type="eden" free="2097096" total="48234496" percent="4" />
    <remembered-set count="3520" freebytes="6106240" totalbytes="6120320" percent="99" regionsoverflowed="0" regionsstable="8" regionsrebuilding="0"/>
  </mem-info>
</gc-start>
<allocation-stats totalBytes="45982592" >
  <allocated-bytes non-tlh="0" tlh="45982592" arrayletleaf="0"/>
  <largest-consumer threadName="main" threadId="0000000000C1FF00" bytes="45982592" />
</allocation-stats>
<gc-op id="1496" type="copy forward" timems="8.215" contextid="1493" timestamp="2019-08-04T08:43:25.671">
  <memory-copied type="eden" objects="2" bytes="56" bytesdiscarded="0" />
  <memory-copied type="other" objects="0" bytes="0" bytesdiscarded="0" />
  <memory-cardclean objects="6" bytes="192" />
  <remembered-set-cleared processed="1792" cleared="0" durationms="0.090" />
  <stringconstants candidates="13822" cleared="0"  />
</gc-op>
<gc-op id="1497" type="classunload" timems="0.010" contextid="1493" timestamp="2019-08-04T08:43:25.671">
  <classunload-info classloadercandidates="54" classloadersunloaded="0" classesunloaded="0" anonymousclassesunloaded="0" quiescems="0.000" setupms="0.009" scanms="0.000" postms="0.000" />
</gc-op>
<gc-end id="1498" type="partial gc" contextid="1493" durationms="9.278" usertimems="19.911" systemtimems="0.000" timestamp="2019-08-04T08:43:25.671" activeThreads="16">
  <mem-info id="1499" free="92274688" total="153092096" percent="60">
    <mem type="eden" free="2097096" total="2097152" percent="99" />
    <remembered-set count="4000" freebytes="6104320" totalbytes="6120320" percent="99" regionsoverflowed="0" regionsstable="8" regionsrebuilding="0"/>
  </mem-info>
</gc-end>
<cycle-end id="1500" type="partial gc" contextid="1493" timestamp="2019-08-04T08:43:25.671">
  <attribute name="GC Util" value="145" />
  <attribute name="CPU Util" value="32061331442779" />
  <attribute name="Time Running"value="143455"/>
  <attribute name="Number of cores"value="16"/>
</cycle-end>
<exclusive-end id="1501" timestamp="2019-08-04T08:43:25.671" durationms="9.952" />

<exclusive-start id="1502" timestamp="2019-08-04T08:43:25.686" intervalms="24.980">
  <response-info timems="0.017" idlems="0.017" threads="0" lastid="0000000000C1FF00" lastname="main" />
</exclusive-start>
<allocation-taxation id="1503" taxation-threshold="46137344" timestamp="2019-08-04T08:43:25.687" intervalms="24.979" />
<cycle-start id="1504" type="partial gc" contextid="0" timestamp="2019-08-04T08:43:25.687" intervalms="24.993" />
  <attribute name="GC Util" value="145" />
  <attribute name="CPU Util" value="32061331442779" />
  <attribute name="Time Running"value="143455"/>
  <attribute name="Number of cores"value="16"/>
<gc-start id="1505" type="partial gc" contextid="1504" timestamp="2019-08-04T08:43:25.687">
  <mem-info id="1506" free="46137344" total="153092096" percent="30">
    <mem type="eden" free="2097096" total="48234496" percent="4" />
    <remembered-set count="4000" freebytes="6104320" totalbytes="6120320" percent="99" regionsoverflowed="0" regionsstable="8" regionsrebuilding="0"/>
  </mem-info>
</gc-start>
<allocation-stats totalBytes="45982592" >
  <allocated-bytes non-tlh="0" tlh="45982592" arrayletleaf="0"/>
  <largest-consumer threadName="main" threadId="0000000000C1FF00" bytes="45982592" />
</allocation-stats>
<gc-op id="1507" type="copy forward" timems="8.980" contextid="1504" timestamp="2019-08-04T08:43:25.697">
  <memory-copied type="eden" objects="2" bytes="56" bytesdiscarded="0" />
  <memory-copied type="other" objects="0" bytes="0" bytesdiscarded="0" />
  <memory-cardclean objects="6" bytes="192" />
  <remembered-set-cleared processed="1792" cleared="0" durationms="0.122" />
  <stringconstants candidates="13822" cleared="0"  />
</gc-op>
<gc-op id="1508" type="classunload" timems="0.009" contextid="1504" timestamp="2019-08-04T08:43:25.697">
  <classunload-info classloadercandidates="54" classloadersunloaded="0" classesunloaded="0" anonymousclassesunloaded="0" quiescems="0.000" setupms="0.008" scanms="0.000" postms="0.000" />
</gc-op>
<gc-end id="1509" type="partial gc" contextid="1504" durationms="10.174" usertimems="22.676" systemtimems="0.000" timestamp="2019-08-04T08:43:25.697" activeThreads="16">
  <mem-info id="1510" free="92274688" total="153092096" percent="60">
    <mem type="eden" free="2097096" total="2097152" percent="99" />
    <remembered-set count="4000" freebytes="6104320" totalbytes="6120320" percent="99" regionsoverflowed="0" regionsstable="8" regionsrebuilding="0"/>
  </mem-info>
</gc-end>
<cycle-end id="1511" type="partial gc" contextid="1504" timestamp="2019-08-04T08:43:25.697">
  <attribute name="GC Util" value="124" />
  <attribute name="CPU Util" value="30545214124534" />
  <attribute name="Time Running"value="143481"/>
  <attribute name="Number of cores"value="16"/>
</cycle-end>
<exclusive-end id="1512" timestamp="2019-08-04T08:43:25.697" durationms="10.820" />

<exclusive-start id="1513" timestamp="2019-08-04T08:43:25.714" intervalms="27.689">
  <response-info timems="0.018" idlems="0.018" threads="0" lastid="0000000000C1FF00" lastname="main" />
</exclusive-start>
<allocation-taxation id="1514" taxation-threshold="46137344" timestamp="2019-08-04T08:43:25.714" intervalms="27.705" />
<cycle-start id="1515" type="partial gc" contextid="0" timestamp="2019-08-04T08:43:25.714" intervalms="27.728" />
  <attribute name="GC Util" value="124" />
  <attribute name="CPU Util" value="30545214124534" />
  <attribute name="Time Running"value="143481"/>
  <attribute name="Number of cores"value="16"/>
<gc-start id="1516" type="partial gc" contextid="1515" timestamp="2019-08-04T08:43:25.715">
  <mem-info id="1517" free="46137344" total="153092096" percent="30">
    <mem type="eden" free="2097096" total="48234496" percent="4" />
    <remembered-set count="3520" freebytes="6106240" totalbytes="6120320" percent="99" regionsoverflowed="0" regionsstable="8" regionsrebuilding="0"/>
  </mem-info>
</gc-start>
<allocation-stats totalBytes="45982616" >
  <allocated-bytes non-tlh="0" tlh="45982616" arrayletleaf="0"/>
  <largest-consumer threadName="main" threadId="0000000000C1FF00" bytes="45982616" />
</allocation-stats>
<gc-op id="1518" type="copy forward" timems="8.515" contextid="1515" timestamp="2019-08-04T08:43:25.724">
  <memory-copied type="eden" objects="2" bytes="56" bytesdiscarded="0" />
  <memory-copied type="other" objects="0" bytes="0" bytesdiscarded="0" />
  <memory-cardclean objects="6" bytes="192" />
  <remembered-set-cleared processed="1792" cleared="0" durationms="0.091" />
  <stringconstants candidates="13822" cleared="0"  />
</gc-op>
<gc-op id="1519" type="classunload" timems="0.007" contextid="1515" timestamp="2019-08-04T08:43:25.724">
  <classunload-info classloadercandidates="54" classloadersunloaded="0" classesunloaded="0" anonymousclassesunloaded="0" quiescems="0.000" setupms="0.006" scanms="0.000" postms="0.000" />
</gc-op>
<gc-end id="1520" type="partial gc" contextid="1515" durationms="9.684" usertimems="22.141" systemtimems="0.000" timestamp="2019-08-04T08:43:25.724" activeThreads="16">
  <mem-info id="1521" free="92274688" total="153092096" percent="60">
    <mem type="eden" free="2097096" total="2097152" percent="99" />
    <remembered-set count="4000" freebytes="6104320" totalbytes="6120320" percent="99" regionsoverflowed="0" regionsstable="8" regionsrebuilding="0"/>
  </mem-info>
</gc-end>
<cycle-end id="1522" type="partial gc" contextid="1515" timestamp="2019-08-04T08:43:25.724">
  <attribute name="GC Util" value="169" />
  <attribute name="CPU Util" value="26447361222734" />
  <attribute name="Time Running"value="143508"/>
  <attribute name="Number of cores"value="16"/>
</cycle-end>
<exclusive-end id="1523" timestamp="2019-08-04T08:43:25.724" durationms="10.346" />

<exclusive-start id="1524" timestamp="2019-08-04T08:43:25.739" intervalms="25.328">
  <response-info timems="0.019" idlems="0.019" threads="0" lastid="0000000000C1FF00" lastname="main" />
</exclusive-start>
<allocation-taxation id="1525" taxation-threshold="46137344" timestamp="2019-08-04T08:43:25.740" intervalms="25.313" />
<cycle-start id="1526" type="partial gc" contextid="0" timestamp="2019-08-04T08:43:25.740" intervalms="25.354" />
  <attribute name="GC Util" value="169" />
  <attribute name="CPU Util" value="26447361222734" />
  <attribute name="Time Running"value="143508"/>
  <attribute name="Number of cores"value="16"/>
<gc-start id="1527" type="partial gc" contextid="1526" timestamp="2019-08-04T08:43:25.740">
  <mem-info id="1528" free="46137344" total="153092096" percent="30">
    <mem type="eden" free="2097096" total="48234496" percent="4" />
    <remembered-set count="3520" freebytes="6106240" totalbytes="6120320" percent="99" regionsoverflowed="0" regionsstable="8" regionsrebuilding="0"/>
  </mem-info>
</gc-start>
<allocation-stats totalBytes="45982592" >
  <allocated-bytes non-tlh="0" tlh="45982592" arrayletleaf="0"/>
  <largest-consumer threadName="main" threadId="0000000000C1FF00" bytes="45982592" />
</allocation-stats>
<gc-op id="1529" type="copy forward" timems="8.521" contextid="1526" timestamp="2019-08-04T08:43:25.749">
  <memory-copied type="eden" objects="2" bytes="56" bytesdiscarded="0" />
  <memory-copied type="other" objects="0" bytes="0" bytesdiscarded="0" />
  <memory-cardclean objects="6" bytes="192" />
  <remembered-set-cleared processed="1792" cleared="0" durationms="0.460" />
  <stringconstants candidates="13822" cleared="0"  />
</gc-op>
<gc-op id="1530" type="classunload" timems="0.007" contextid="1526" timestamp="2019-08-04T08:43:25.749">
  <classunload-info classloadercandidates="54" classloadersunloaded="0" classesunloaded="0" anonymousclassesunloaded="0" quiescems="0.000" setupms="0.007" scanms="0.000" postms="0.000" />
</gc-op>
<gc-end id="1531" type="partial gc" contextid="1526" durationms="9.616" usertimems="23.699" systemtimems="0.000" timestamp="2019-08-04T08:43:25.750" activeThreads="16">
  <mem-info id="1532" free="92274688" total="153092096" percent="60">
    <mem type="eden" free="2097096" total="2097152" percent="99" />
    <remembered-set count="4000" freebytes="6104320" totalbytes="6120320" percent="99" regionsoverflowed="0" regionsstable="8" regionsrebuilding="0"/>
  </mem-info>
</gc-end>
<cycle-end id="1533" type="partial gc" contextid="1526" timestamp="2019-08-04T08:43:25.750">
  <attribute name="GC Util" value="191" />
  <attribute name="CPU Util" value="38074952844071" />
  <attribute name="Time Running"value="143533"/>
  <attribute name="Number of cores"value="16"/>
</cycle-end>
<exclusive-end id="1534" timestamp="2019-08-04T08:43:25.750" durationms="10.266" />

<exclusive-start id="1535" timestamp="2019-08-04T08:43:25.764" intervalms="24.968">
  <response-info timems="0.015" idlems="0.015" threads="0" lastid="0000000000C1FF00" lastname="main" />
</exclusive-start>
<allocation-taxation id="1536" taxation-threshold="46137344" timestamp="2019-08-04T08:43:25.764" intervalms="24.968" />
<cycle-start id="1537" type="partial gc" contextid="0" timestamp="2019-08-04T08:43:25.765" intervalms="24.995" />
  <attribute name="GC Util" value="191" />
  <attribute name="CPU Util" value="38074952844071" />
  <attribute name="Time Running"value="143533"/>
  <attribute name="Number of cores"value="16"/>
<gc-start id="1538" type="partial gc" contextid="1537" timestamp="2019-08-04T08:43:25.765">
  <mem-info id="1539" free="46137344" total="153092096" percent="30">
    <mem type="eden" free="2097096" total="48234496" percent="4" />
    <remembered-set count="4000" freebytes="6104320" totalbytes="6120320" percent="99" regionsoverflowed="0" regionsstable="8" regionsrebuilding="0"/>
  </mem-info>
</gc-start>
<allocation-stats totalBytes="45982592" >
  <allocated-bytes non-tlh="0" tlh="45982592" arrayletleaf="0"/>
  <largest-consumer threadName="main" threadId="0000000000C1FF00" bytes="45982592" />
</allocation-stats>
<gc-op id="1540" type="copy forward" timems="7.463" contextid="1537" timestamp="2019-08-04T08:43:25.773">
  <memory-copied type="eden" objects="2" bytes="56" bytesdiscarded="0" />
  <memory-copied type="other" objects="0" bytes="0" bytesdiscarded="0" />
  <memory-cardclean objects="6" bytes="192" />
  <remembered-set-cleared processed="1792" cleared="0" durationms="0.219" />
  <stringconstants candidates="13822" cleared="0"  />
</gc-op>
<gc-op id="1541" type="classunload" timems="0.007" contextid="1537" timestamp="2019-08-04T08:43:25.773">
  <classunload-info classloadercandidates="54" classloadersunloaded="0" classesunloaded="0" anonymousclassesunloaded="0" quiescems="0.000" setupms="0.007" scanms="0.000" postms="0.000" />
</gc-op>
<gc-end id="1542" type="partial gc" contextid="1537" durationms="8.645" usertimems="20.524" systemtimems="0.000" timestamp="2019-08-04T08:43:25.774" activeThreads="16">
  <mem-info id="1543" free="92274688" total="153092096" percent="60">
    <mem type="eden" free="2097096" total="2097152" percent="99" />
    <remembered-set count="4000" freebytes="6104320" totalbytes="6120320" percent="99" regionsoverflowed="0" regionsstable="8" regionsrebuilding="0"/>
  </mem-info>
</gc-end>
<cycle-end id="1544" type="partial gc" contextid="1537" timestamp="2019-08-04T08:43:25.774">
  <attribute name="GC Util" value="166" />
  <attribute name="CPU Util" value="30446501296067" />
  <attribute name="Time Running"value="143559"/>
  <attribute name="Number of cores"value="16"/>
</cycle-end>
<exclusive-end id="1545" timestamp="2019-08-04T08:43:25.774" durationms="9.382" />

<exclusive-start id="1546" timestamp="2019-08-04T08:43:25.789" intervalms="24.292">
  <response-info timems="0.020" idlems="0.020" threads="0" lastid="0000000000C1FF00" lastname="main" />
</exclusive-start>
<allocation-taxation id="1547" taxation-threshold="46137344" timestamp="2019-08-04T08:43:25.789" intervalms="24.294" />
<cycle-start id="1548" type="partial gc" contextid="0" timestamp="2019-08-04T08:43:25.789" intervalms="24.273" />
  <attribute name="GC Util" value="166" />
  <attribute name="CPU Util" value="30446501296067" />
  <attribute name="Time Running"value="143559"/>
  <attribute name="Number of cores"value="16"/>
<gc-start id="1549" type="partial gc" contextid="1548" timestamp="2019-08-04T08:43:25.789">
  <mem-info id="1550" free="46137344" total="153092096" percent="30">
    <mem type="eden" free="2097096" total="48234496" percent="4" />
    <remembered-set count="3520" freebytes="6106240" totalbytes="6120320" percent="99" regionsoverflowed="0" regionsstable="8" regionsrebuilding="0"/>
  </mem-info>
</gc-start>
<allocation-stats totalBytes="45982592" >
  <allocated-bytes non-tlh="0" tlh="45982592" arrayletleaf="0"/>
  <largest-consumer threadName="main" threadId="0000000000C1FF00" bytes="45982592" />
</allocation-stats>
<gc-op id="1551" type="copy forward" timems="8.821" contextid="1548" timestamp="2019-08-04T08:43:25.799">
  <memory-copied type="eden" objects="2" bytes="56" bytesdiscarded="0" />
  <memory-copied type="other" objects="0" bytes="0" bytesdiscarded="0" />
  <memory-cardclean objects="6" bytes="192" />
  <remembered-set-cleared processed="1792" cleared="0" durationms="0.107" />
  <stringconstants candidates="13822" cleared="0"  />
</gc-op>
<gc-op id="1552" type="classunload" timems="0.009" contextid="1548" timestamp="2019-08-04T08:43:25.799">
  <classunload-info classloadercandidates="54" classloadersunloaded="0" classesunloaded="0" anonymousclassesunloaded="0" quiescems="0.000" setupms="0.009" scanms="0.000" postms="0.000" />
</gc-op>
<gc-end id="1553" type="partial gc" contextid="1548" durationms="9.952" usertimems="20.407" systemtimems="0.000" timestamp="2019-08-04T08:43:25.799" activeThreads="16">
  <mem-info id="1554" free="92274688" total="153092096" percent="60">
    <mem type="eden" free="2097096" total="2097152" percent="99" />
    <remembered-set count="4000" freebytes="6104320" totalbytes="6120320" percent="99" regionsoverflowed="0" regionsstable="8" regionsrebuilding="0"/>
  </mem-info>
</gc-end>
<cycle-end id="1555" type="partial gc" contextid="1548" timestamp="2019-08-04T08:43:25.799">
  <attribute name="GC Util" value="157" />
  <attribute name="CPU Util" value="34940587719547" />
  <attribute name="Time Running"value="143583"/>
  <attribute name="Number of cores"value="16"/>
</cycle-end>
<exclusive-end id="1556" timestamp="2019-08-04T08:43:25.799" durationms="10.670" />

<exclusive-start id="1557" timestamp="2019-08-04T08:43:25.814" intervalms="25.437">
  <response-info timems="0.017" idlems="0.017" threads="0" lastid="0000000000C1FF00" lastname="main" />
</exclusive-start>
<allocation-taxation id="1558" taxation-threshold="46137344" timestamp="2019-08-04T08:43:25.814" intervalms="25.455" />
<cycle-start id="1559" type="partial gc" contextid="0" timestamp="2019-08-04T08:43:25.814" intervalms="25.495" />
  <attribute name="GC Util" value="157" />
  <attribute name="CPU Util" value="34940587719547" />
  <attribute name="Time Running"value="143583"/>
  <attribute name="Number of cores"value="16"/>
<gc-start id="1560" type="partial gc" contextid="1559" timestamp="2019-08-04T08:43:25.815">
  <mem-info id="1561" free="46137344" total="153092096" percent="30">
    <mem type="eden" free="2097096" total="48234496" percent="4" />
    <remembered-set count="3520" freebytes="6106240" totalbytes="6120320" percent="99" regionsoverflowed="0" regionsstable="8" regionsrebuilding="0"/>
  </mem-info>
</gc-start>
<allocation-stats totalBytes="45982592" >
  <allocated-bytes non-tlh="0" tlh="45982592" arrayletleaf="0"/>
  <largest-consumer threadName="main" threadId="0000000000C1FF00" bytes="45982592" />
</allocation-stats>
<gc-op id="1562" type="copy forward" timems="8.630" contextid="1559" timestamp="2019-08-04T08:43:25.825">
  <memory-copied type="eden" objects="2" bytes="56" bytesdiscarded="0" />
  <memory-copied type="other" objects="0" bytes="0" bytesdiscarded="0" />
  <memory-cardclean objects="6" bytes="192" />
  <remembered-set-cleared processed="1792" cleared="0" durationms="0.629" />
  <stringconstants candidates="13822" cleared="0"  />
</gc-op>
<gc-op id="1563" type="classunload" timems="0.008" contextid="1559" timestamp="2019-08-04T08:43:25.825">
  <classunload-info classloadercandidates="54" classloadersunloaded="0" classesunloaded="0" anonymousclassesunloaded="0" quiescems="0.000" setupms="0.007" scanms="0.000" postms="0.000" />
</gc-op>
<gc-end id="1564" type="partial gc" contextid="1559" durationms="9.995" usertimems="23.737" systemtimems="0.000" timestamp="2019-08-04T08:43:25.825" activeThreads="16">
  <mem-info id="1565" free="92274688" total="153092096" percent="60">
    <mem type="eden" free="2097096" total="2097152" percent="99" />
    <remembered-set count="4000" freebytes="6104320" totalbytes="6120320" percent="99" regionsoverflowed="0" regionsstable="8" regionsrebuilding="0"/>
  </mem-info>
</gc-end>
<cycle-end id="1566" type="partial gc" contextid="1559" timestamp="2019-08-04T08:43:25.825">
  <attribute name="GC Util" value="116" />
  <attribute name="CPU Util" value="25289154071875" />
  <attribute name="Time Running"value="143609"/>
  <attribute name="Number of cores"value="16"/>
</cycle-end>
<exclusive-end id="1567" timestamp="2019-08-04T08:43:25.825" durationms="10.865" />

<exclusive-start id="1568" timestamp="2019-08-04T08:43:25.840" intervalms="26.250">
  <response-info timems="0.017" idlems="0.017" threads="0" lastid="0000000000C1FF00" lastname="main" />
</exclusive-start>
<allocation-taxation id="1569" taxation-threshold="46137344" timestamp="2019-08-04T08:43:25.840" intervalms="26.228" />
<cycle-start id="1570" type="partial gc" contextid="0" timestamp="2019-08-04T08:43:25.841" intervalms="26.179" />
  <attribute name="GC Util" value="116" />
  <attribute name="CPU Util" value="25289154071875" />
  <attribute name="Time Running"value="143609"/>
  <attribute name="Number of cores"value="16"/>
<gc-start id="1571" type="partial gc" contextid="1570" timestamp="2019-08-04T08:43:25.841">
  <mem-info id="1572" free="46137344" total="153092096" percent="30">
    <mem type="eden" free="2097096" total="48234496" percent="4" />
    <remembered-set count="4000" freebytes="6104320" totalbytes="6120320" percent="99" regionsoverflowed="0" regionsstable="8" regionsrebuilding="0"/>
  </mem-info>
</gc-start>
<allocation-stats totalBytes="45982592" >
  <allocated-bytes non-tlh="0" tlh="45982592" arrayletleaf="0"/>
  <largest-consumer threadName="main" threadId="0000000000C1FF00" bytes="45982592" />
</allocation-stats>
<gc-op id="1573" type="copy forward" timems="8.246" contextid="1570" timestamp="2019-08-04T08:43:25.850">
  <memory-copied type="eden" objects="2" bytes="56" bytesdiscarded="0" />
  <memory-copied type="other" objects="0" bytes="0" bytesdiscarded="0" />
  <memory-cardclean objects="6" bytes="192" />
  <remembered-set-cleared processed="1792" cleared="0" durationms="0.156" />
  <stringconstants candidates="13822" cleared="0"  />
</gc-op>
<gc-op id="1574" type="classunload" timems="0.009" contextid="1570" timestamp="2019-08-04T08:43:25.850">
  <classunload-info classloadercandidates="54" classloadersunloaded="0" classesunloaded="0" anonymousclassesunloaded="0" quiescems="0.000" setupms="0.009" scanms="0.000" postms="0.000" />
</gc-op>
<gc-end id="1575" type="partial gc" contextid="1570" durationms="9.357" usertimems="21.288" systemtimems="0.000" timestamp="2019-08-04T08:43:25.850" activeThreads="16">
  <mem-info id="1576" free="92274688" total="153092096" percent="60">
    <mem type="eden" free="2097096" total="2097152" percent="99" />
    <remembered-set count="4000" freebytes="6104320" totalbytes="6120320" percent="99" regionsoverflowed="0" regionsstable="8" regionsrebuilding="0"/>
  </mem-info>
</gc-end>
<cycle-end id="1577" type="partial gc" contextid="1570" timestamp="2019-08-04T08:43:25.850">
  <attribute name="GC Util" value="154" />
  <attribute name="CPU Util" value="36873501603539" />
  <attribute name="Time Running"value="143634"/>
  <attribute name="Number of cores"value="16"/>
</cycle-end>
<exclusive-end id="1578" timestamp="2019-08-04T08:43:25.850" durationms="10.035" />

<exclusive-start id="1579" timestamp="2019-08-04T08:43:25.866" intervalms="25.199">
  <response-info timems="0.019" idlems="0.019" threads="0" lastid="0000000000C1FF00" lastname="main" />
</exclusive-start>
<allocation-taxation id="1580" taxation-threshold="46137344" timestamp="2019-08-04T08:43:25.866" intervalms="25.202" />
<cycle-start id="1581" type="partial gc" contextid="0" timestamp="2019-08-04T08:43:25.866" intervalms="25.188" />
  <attribute name="GC Util" value="154" />
  <attribute name="CPU Util" value="36873501603539" />
  <attribute name="Time Running"value="143634"/>
  <attribute name="Number of cores"value="16"/>
<gc-start id="1582" type="partial gc" contextid="1581" timestamp="2019-08-04T08:43:25.866">
  <mem-info id="1583" free="46137344" total="153092096" percent="30">
    <mem type="eden" free="2097096" total="48234496" percent="4" />
    <remembered-set count="3520" freebytes="6106240" totalbytes="6120320" percent="99" regionsoverflowed="0" regionsstable="8" regionsrebuilding="0"/>
  </mem-info>
</gc-start>
<allocation-stats totalBytes="45982616" >
  <allocated-bytes non-tlh="0" tlh="45982616" arrayletleaf="0"/>
  <largest-consumer threadName="main" threadId="0000000000C1FF00" bytes="45982616" />
</allocation-stats>
<gc-op id="1584" type="copy forward" timems="8.611" contextid="1581" timestamp="2019-08-04T08:43:25.876">
  <memory-copied type="eden" objects="2" bytes="56" bytesdiscarded="0" />
  <memory-copied type="other" objects="0" bytes="0" bytesdiscarded="0" />
  <memory-cardclean objects="6" bytes="192" />
  <remembered-set-cleared processed="1792" cleared="0" durationms="0.097" />
  <stringconstants candidates="13822" cleared="0"  />
</gc-op>
<gc-op id="1585" type="classunload" timems="0.006" contextid="1581" timestamp="2019-08-04T08:43:25.876">
  <classunload-info classloadercandidates="54" classloadersunloaded="0" classesunloaded="0" anonymousclassesunloaded="0" quiescems="0.000" setupms="0.005" scanms="0.000" postms="0.000" />
</gc-op>
<gc-end id="1586" type="partial gc" contextid="1581" durationms="9.839" usertimems="24.171" systemtimems="0.000" timestamp="2019-08-04T08:43:25.876" activeThreads="16">
  <mem-info id="1587" free="92274688" total="153092096" percent="60">
    <mem type="eden" free="2097096" total="2097152" percent="99" />
    <remembered-set count="4000" freebytes="6104320" totalbytes="6120320" percent="99" regionsoverflowed="0" regionsstable="8" regionsrebuilding="0"/>
  </mem-info>
</gc-end>
<cycle-end id="1588" type="partial gc" contextid="1581" timestamp="2019-08-04T08:43:25.876">
  <attribute name="GC Util" value="139" />
  <attribute name="CPU Util" value="28284265679116" />
  <attribute name="Time Running"value="143660"/>
  <attribute name="Number of cores"value="16"/>
</cycle-end>
<exclusive-end id="1589" timestamp="2019-08-04T08:43:25.876" durationms="10.507" />

<exclusive-start id="1590" timestamp="2019-08-04T08:43:25.891" intervalms="25.573">
  <response-info timems="0.017" idlems="0.017" threads="0" lastid="0000000000C1FF00" lastname="main" />
</exclusive-start>
<allocation-taxation id="1591" taxation-threshold="46137344" timestamp="2019-08-04T08:43:25.891" intervalms="25.592" />
<cycle-start id="1592" type="partial gc" contextid="0" timestamp="2019-08-04T08:43:25.891" intervalms="25.565" />
  <attribute name="GC Util" value="139" />
  <attribute name="CPU Util" value="28284265679116" />
  <attribute name="Time Running"value="143660"/>
  <attribute name="Number of cores"value="16"/>
<gc-start id="1593" type="partial gc" contextid="1592" timestamp="2019-08-04T08:43:25.892">
  <mem-info id="1594" free="46137344" total="153092096" percent="30">
    <mem type="eden" free="2097096" total="48234496" percent="4" />
    <remembered-set count="3520" freebytes="6106240" totalbytes="6120320" percent="99" regionsoverflowed="0" regionsstable="8" regionsrebuilding="0"/>
  </mem-info>
</gc-start>
<allocation-stats totalBytes="45982592" >
  <allocated-bytes non-tlh="0" tlh="45982592" arrayletleaf="0"/>
  <largest-consumer threadName="main" threadId="0000000000C1FF00" bytes="45982592" />
</allocation-stats>
<gc-op id="1595" type="copy forward" timems="7.571" contextid="1592" timestamp="2019-08-04T08:43:25.900">
  <memory-copied type="eden" objects="2" bytes="56" bytesdiscarded="0" />
  <memory-copied type="other" objects="0" bytes="0" bytesdiscarded="0" />
  <memory-cardclean objects="6" bytes="192" />
  <remembered-set-cleared processed="1792" cleared="0" durationms="0.095" />
  <stringconstants candidates="13822" cleared="0"  />
</gc-op>
<gc-op id="1596" type="classunload" timems="0.008" contextid="1592" timestamp="2019-08-04T08:43:25.900">
  <classunload-info classloadercandidates="54" classloadersunloaded="0" classesunloaded="0" anonymousclassesunloaded="0" quiescems="0.000" setupms="0.007" scanms="0.000" postms="0.000" />
</gc-op>
<gc-end id="1597" type="partial gc" contextid="1592" durationms="8.829" usertimems="18.924" systemtimems="0.000" timestamp="2019-08-04T08:43:25.900" activeThreads="16">
  <mem-info id="1598" free="92274688" total="153092096" percent="60">
    <mem type="eden" free="2097096" total="2097152" percent="99" />
    <remembered-set count="4000" freebytes="6104320" totalbytes="6120320" percent="99" regionsoverflowed="0" regionsstable="8" regionsrebuilding="0"/>
  </mem-info>
</gc-end>
<cycle-end id="1599" type="partial gc" contextid="1592" timestamp="2019-08-04T08:43:25.901">
  <attribute name="GC Util" value="148" />
  <attribute name="CPU Util" value="25145472150461" />
  <attribute name="Time Running"value="143685"/>
  <attribute name="Number of cores"value="16"/>
</cycle-end>
<exclusive-end id="1600" timestamp="2019-08-04T08:43:25.901" durationms="9.434" />

<exclusive-start id="1601" timestamp="2019-08-04T08:43:25.927" intervalms="35.440">
  <response-info timems="0.021" idlems="0.021" threads="0" lastid="0000000000C1FF00" lastname="main" />
</exclusive-start>
<allocation-taxation id="1602" taxation-threshold="46137344" timestamp="2019-08-04T08:43:25.927" intervalms="35.427" />
<cycle-start id="1603" type="partial gc" contextid="0" timestamp="2019-08-04T08:43:25.927" intervalms="35.473" />
  <attribute name="GC Util" value="148" />
  <attribute name="CPU Util" value="25145472150461" />
  <attribute name="Time Running"value="143685"/>
  <attribute name="Number of cores"value="16"/>
<gc-start id="1604" type="partial gc" contextid="1603" timestamp="2019-08-04T08:43:25.927">
  <mem-info id="1605" free="46137344" total="153092096" percent="30">
    <mem type="eden" free="2097096" total="48234496" percent="4" />
    <remembered-set count="4000" freebytes="6104320" totalbytes="6120320" percent="99" regionsoverflowed="0" regionsstable="8" regionsrebuilding="0"/>
  </mem-info>
</gc-start>
<allocation-stats totalBytes="45894592" >
  <allocated-bytes non-tlh="0" tlh="45894592" arrayletleaf="0"/>
  <largest-consumer threadName="main" threadId="0000000000C1FF00" bytes="45894592" />
</allocation-stats>
<gc-op id="1606" type="copy forward" timems="8.985" contextid="1603" timestamp="2019-08-04T08:43:25.937">
  <memory-copied type="eden" objects="27" bytes="1936" bytesdiscarded="1080" />
  <memory-copied type="other" objects="0" bytes="0" bytesdiscarded="0" />
  <memory-cardclean objects="56" bytes="1792" />
  <remembered-set-cleared processed="1792" cleared="8" durationms="0.124" />
  <stringconstants candidates="13822" cleared="0"  />
</gc-op>
<gc-op id="1607" type="classunload" timems="0.009" contextid="1603" timestamp="2019-08-04T08:43:25.937">
  <classunload-info classloadercandidates="54" classloadersunloaded="0" classesunloaded="0" anonymousclassesunloaded="0" quiescems="0.000" setupms="0.008" scanms="0.000" postms="0.000" />
</gc-op>
<gc-end id="1608" type="partial gc" contextid="1603" durationms="10.279" usertimems="25.081" systemtimems="0.000" timestamp="2019-08-04T08:43:25.937" activeThreads="16">
  <mem-info id="1609" free="92274688" total="153092096" percent="60">
    <mem type="eden" free="2094136" total="2097152" percent="99" />
    <remembered-set count="4960" freebytes="6100480" totalbytes="6120320" percent="99" regionsoverflowed="0" regionsstable="8" regionsrebuilding="0"/>
  </mem-info>
</gc-end>
<cycle-end id="1610" type="partial gc" contextid="1603" timestamp="2019-08-04T08:43:25.938">
  <attribute name="GC Util" value="124" />
  <attribute name="CPU Util" value="26005832979448" />
  <attribute name="Time Running"value="143721"/>
  <attribute name="Number of cores"value="16"/>
</cycle-end>
<exclusive-end id="1611" timestamp="2019-08-04T08:43:25.938" durationms="11.031" />

<exclusive-start id="1612" timestamp="2019-08-04T08:43:25.954" intervalms="27.654">
  <response-info timems="0.018" idlems="0.018" threads="0" lastid="0000000000C1FF00" lastname="main" />
</exclusive-start>
<allocation-taxation id="1613" taxation-threshold="46137344" timestamp="2019-08-04T08:43:25.954" intervalms="27.649" />
<cycle-start id="1614" type="partial gc" contextid="0" timestamp="2019-08-04T08:43:25.954" intervalms="27.618" />
  <attribute name="GC Util" value="124" />
  <attribute name="CPU Util" value="26005832979448" />
  <attribute name="Time Running"value="143721"/>
  <attribute name="Number of cores"value="16"/>
<gc-start id="1615" type="partial gc" contextid="1614" timestamp="2019-08-04T08:43:25.955">
  <mem-info id="1616" free="46137344" total="153092096" percent="30">
    <mem type="eden" free="0" total="46137344" percent="0" />
    <remembered-set count="3904" freebytes="6104704" totalbytes="6120320" percent="99" regionsoverflowed="0" regionsstable="9" regionsrebuilding="0"/>
  </mem-info>
</gc-start>
<allocation-stats totalBytes="45837784" >
  <allocated-bytes non-tlh="0" tlh="45837784" arrayletleaf="0"/>
  <largest-consumer threadName="main" threadId="0000000000C1FF00" bytes="45837784" />
</allocation-stats>
<gc-op id="1617" type="copy forward" timems="10.039" contextid="1614" timestamp="2019-08-04T08:43:25.966">
  <memory-copied type="eden" objects="2" bytes="64" bytesdiscarded="0" />
  <memory-copied type="other" objects="26" bytes="1896" bytesdiscarded="1568" />
  <memory-cardclean objects="37" bytes="1480" />
  <remembered-set-cleared processed="1422" cleared="5" durationms="0.123" />
  <stringconstants candidates="13822" cleared="0"  />
</gc-op>
<gc-op id="1618" type="classunload" timems="0.010" contextid="1614" timestamp="2019-08-04T08:43:25.966">
  <classunload-info classloadercandidates="54" classloadersunloaded="0" classesunloaded="0" anonymousclassesunloaded="0" quiescems="0.000" setupms="0.010" scanms="0.000" postms="0.000" />
</gc-op>
<heap-resize id="1619" type="expand" space="default" amount="4194304" count="1" timems="0.102" reason="excessive time being spent in gc" timestamp="2019-08-04T08:43:25.966" />
<gc-end id="1620" type="partial gc" contextid="1614" durationms="11.438" usertimems="23.623" systemtimems="0.000" timestamp="2019-08-04T08:43:25.966" activeThreads="16">
  <mem-info id="1621" free="94371840" total="157286400" percent="60">
    <mem type="eden" free="2097088" total="2097152" percent="99" />
    <remembered-set count="5440" freebytes="6266240" totalbytes="6288000" percent="99" regionsoverflowed="0" regionsstable="9" regionsrebuilding="0"/>
  </mem-info>
</gc-end>
<cycle-end id="1622" type="partial gc" contextid="1614" timestamp="2019-08-04T08:43:25.966">
  <attribute name="GC Util" value="132" />
  <attribute name="CPU Util" value="26553730070881" />
  <attribute name="Time Running"value="143749"/>
  <attribute name="Number of cores"value="16"/>
</cycle-end>
<exclusive-end id="1623" timestamp="2019-08-04T08:43:25.966" durationms="12.125" />

<exclusive-start id="1624" timestamp="2019-08-04T08:43:25.981" intervalms="27.028">
  <response-info timems="0.018" idlems="0.018" threads="0" lastid="0000000000C1FF00" lastname="main" />
</exclusive-start>
<allocation-taxation id="1625" taxation-threshold="46137344" timestamp="2019-08-04T08:43:25.981" intervalms="27.029" />
<cycle-start id="1626" type="partial gc" contextid="0" timestamp="2019-08-04T08:43:25.981" intervalms="27.024" />
  <attribute name="GC Util" value="132" />
  <attribute name="CPU Util" value="26553730070881" />
  <attribute name="Time Running"value="143749"/>
  <attribute name="Number of cores"value="16"/>
<gc-start id="1627" type="partial gc" contextid="1626" timestamp="2019-08-04T08:43:25.982">
  <mem-info id="1628" free="48234496" total="157286400" percent="30">
    <mem type="eden" free="2097088" total="48234496" percent="4" />
    <remembered-set count="4960" freebytes="6268160" totalbytes="6288000" percent="99" regionsoverflowed="0" regionsstable="9" regionsrebuilding="0"/>
  </mem-info>
</gc-start>
<allocation-stats totalBytes="45849376" >
  <allocated-bytes non-tlh="0" tlh="45849376" arrayletleaf="0"/>
  <largest-consumer threadName="main" threadId="0000000000C1FF00" bytes="45849376" />
</allocation-stats>
<gc-op id="1629" type="copy forward" timems="9.614" contextid="1626" timestamp="2019-08-04T08:43:25.993">
  <memory-copied type="eden" objects="2" bytes="64" bytesdiscarded="0" />
  <memory-copied type="other" objects="0" bytes="0" bytesdiscarded="0" />
  <memory-cardclean objects="12" bytes="376" />
  <remembered-set-cleared processed="1427" cleared="0" durationms="0.108" />
  <stringconstants candidates="13822" cleared="0"  />
</gc-op>
<gc-op id="1630" type="classunload" timems="0.008" contextid="1626" timestamp="2019-08-04T08:43:25.993">
  <classunload-info classloadercandidates="54" classloadersunloaded="0" classesunloaded="0" anonymousclassesunloaded="0" quiescems="0.000" setupms="0.007" scanms="0.000" postms="0.000" />
</gc-op>
<gc-end id="1631" type="partial gc" contextid="1626" durationms="10.876" usertimems="25.731" systemtimems="0.000" timestamp="2019-08-04T08:43:25.993" activeThreads="16">
  <mem-info id="1632" free="94371840" total="157286400" percent="60">
    <mem type="eden" free="2097088" total="2097152" percent="99" />
    <remembered-set count="3584" freebytes="6273664" totalbytes="6288000" percent="99" regionsoverflowed="0" regionsstable="9" regionsrebuilding="0"/>
  </mem-info>
</gc-end>
<cycle-end id="1633" type="partial gc" contextid="1626" timestamp="2019-08-04T08:43:25.993">
  <attribute name="GC Util" value="155" />
  <attribute name="CPU Util" value="25995608163879" />
  <attribute name="Time Running"value="143776"/>
  <attribute name="Number of cores"value="16"/>
</cycle-end>
<exclusive-end id="1634" timestamp="2019-08-04T08:43:25.993" durationms="11.616" />

<exclusive-start id="1635" timestamp="2019-08-04T08:43:26.008" intervalms="26.668">
  <response-info timems="0.017" idlems="0.017" threads="0" lastid="0000000000C1FF00" lastname="main" />
</exclusive-start>
<allocation-taxation id="1636" taxation-threshold="46137344" timestamp="2019-08-04T08:43:26.008" intervalms="26.665" />
<cycle-start id="1637" type="partial gc" contextid="0" timestamp="2019-08-04T08:43:26.008" intervalms="26.645" />
  <attribute name="GC Util" value="155" />
  <attribute name="CPU Util" value="25995608163879" />
  <attribute name="Time Running"value="143776"/>
  <attribute name="Number of cores"value="16"/>
<gc-start id="1638" type="partial gc" contextid="1637" timestamp="2019-08-04T08:43:26.008">
  <mem-info id="1639" free="48234496" total="157286400" percent="30">
    <mem type="eden" free="2097088" total="48234496" percent="4" />
    <remembered-set count="3584" freebytes="6273664" totalbytes="6288000" percent="99" regionsoverflowed="0" regionsstable="9" regionsrebuilding="0"/>
  </mem-info>
</gc-start>
<allocation-stats totalBytes="45848160" >
  <allocated-bytes non-tlh="0" tlh="45848160" arrayletleaf="0"/>
  <largest-consumer threadName="main" threadId="0000000000C1FF00" bytes="45848160" />
</allocation-stats>
<gc-op id="1640" type="copy forward" timems="10.467" contextid="1637" timestamp="2019-08-04T08:43:26.020">
  <memory-copied type="eden" objects="2" bytes="64" bytesdiscarded="0" />
  <memory-copied type="other" objects="0" bytes="0" bytesdiscarded="0" />
  <memory-cardclean objects="12" bytes="376" />
  <remembered-set-cleared processed="1427" cleared="0" durationms="0.203" />
  <stringconstants candidates="13822" cleared="0"  />
</gc-op>
<gc-op id="1641" type="classunload" timems="0.010" contextid="1637" timestamp="2019-08-04T08:43:26.020">
  <classunload-info classloadercandidates="54" classloadersunloaded="0" classesunloaded="0" anonymousclassesunloaded="0" quiescems="0.000" setupms="0.010" scanms="0.000" postms="0.000" />
</gc-op>
<gc-end id="1642" type="partial gc" contextid="1637" durationms="11.840" usertimems="31.515" systemtimems="0.000" timestamp="2019-08-04T08:43:26.020" activeThreads="16">
  <mem-info id="1643" free="94371840" total="157286400" percent="60">
    <mem type="eden" free="2097088" total="2097152" percent="99" />
    <remembered-set count="3584" freebytes="6273664" totalbytes="6288000" percent="99" regionsoverflowed="0" regionsstable="9" regionsrebuilding="0"/>
  </mem-info>
</gc-end>
<cycle-end id="1644" type="partial gc" contextid="1637" timestamp="2019-08-04T08:43:26.020">
  <attribute name="GC Util" value="254" />
  <attribute name="CPU Util" value="25613148885851" />
  <attribute name="Time Running"value="143802"/>
  <attribute name="Number of cores"value="16"/>
</cycle-end>
<exclusive-end id="1645" timestamp="2019-08-04T08:43:26.021" durationms="12.560" />

<exclusive-start id="1646" timestamp="2019-08-04T08:43:26.035" intervalms="27.511">
  <response-info timems="0.019" idlems="0.019" threads="0" lastid="0000000000C1FF00" lastname="main" />
</exclusive-start>
<allocation-taxation id="1647" taxation-threshold="46137344" timestamp="2019-08-04T08:43:26.036" intervalms="27.507" />
<cycle-start id="1648" type="partial gc" contextid="0" timestamp="2019-08-04T08:43:26.036" intervalms="27.530" />
  <attribute name="GC Util" value="254" />
  <attribute name="CPU Util" value="25613148885851" />
  <attribute name="Time Running"value="143802"/>
  <attribute name="Number of cores"value="16"/>
<gc-start id="1649" type="partial gc" contextid="1648" timestamp="2019-08-04T08:43:26.036">
  <mem-info id="1650" free="48234496" total="157286400" percent="30">
    <mem type="eden" free="2097088" total="48234496" percent="4" />
    <remembered-set count="3104" freebytes="6275584" totalbytes="6288000" percent="99" regionsoverflowed="0" regionsstable="9" regionsrebuilding="0"/>
  </mem-info>
</gc-start>
<allocation-stats totalBytes="45848136" >
  <allocated-bytes non-tlh="0" tlh="45848136" arrayletleaf="0"/>
  <largest-consumer threadName="main" threadId="0000000000C1FF00" bytes="45848136" />
</allocation-stats>
<gc-op id="1651" type="copy forward" timems="8.138" contextid="1648" timestamp="2019-08-04T08:43:26.045">
  <memory-copied type="eden" objects="2" bytes="64" bytesdiscarded="0" />
  <memory-copied type="other" objects="0" bytes="0" bytesdiscarded="0" />
  <memory-cardclean objects="12" bytes="376" />
  <remembered-set-cleared processed="1427" cleared="0" durationms="0.098" />
  <stringconstants candidates="13822" cleared="0"  />
</gc-op>
<gc-op id="1652" type="classunload" timems="0.006" contextid="1648" timestamp="2019-08-04T08:43:26.045">
  <classunload-info classloadercandidates="54" classloadersunloaded="0" classesunloaded="0" anonymousclassesunloaded="0" quiescems="0.000" setupms="0.006" scanms="0.000" postms="0.000" />
</gc-op>
<gc-end id="1653" type="partial gc" contextid="1648" durationms="9.484" usertimems="23.054" systemtimems="0.000" timestamp="2019-08-04T08:43:26.045" activeThreads="16">
  <mem-info id="1654" free="94371840" total="157286400" percent="60">
    <mem type="eden" free="2097088" total="2097152" percent="99" />
    <remembered-set count="3584" freebytes="6273664" totalbytes="6288000" percent="99" regionsoverflowed="0" regionsstable="9" regionsrebuilding="0"/>
  </mem-info>
</gc-end>
<cycle-end id="1655" type="partial gc" contextid="1648" timestamp="2019-08-04T08:43:26.045">
  <attribute name="GC Util" value="149" />
  <attribute name="CPU Util" value="26368085556836" />
  <attribute name="Time Running"value="143830"/>
  <attribute name="Number of cores"value="16"/>
</cycle-end>
<exclusive-end id="1656" timestamp="2019-08-04T08:43:26.046" durationms="10.065" />

<exclusive-start id="1657" timestamp="2019-08-04T08:43:26.060" intervalms="24.791">
  <response-info timems="0.014" idlems="0.014" threads="0" lastid="0000000000C1FF00" lastname="main" />
</exclusive-start>
<allocation-taxation id="1658" taxation-threshold="46137344" timestamp="2019-08-04T08:43:26.060" intervalms="24.782" />
<cycle-start id="1659" type="partial gc" contextid="0" timestamp="2019-08-04T08:43:26.060" intervalms="24.774" />
  <attribute name="GC Util" value="149" />
  <attribute name="CPU Util" value="26368085556836" />
  <attribute name="Time Running"value="143830"/>
  <attribute name="Number of cores"value="16"/>
<gc-start id="1660" type="partial gc" contextid="1659" timestamp="2019-08-04T08:43:26.061">
  <mem-info id="1661" free="48234496" total="157286400" percent="30">
    <mem type="eden" free="2097088" total="48234496" percent="4" />
    <remembered-set count="3584" freebytes="6273664" totalbytes="6288000" percent="99" regionsoverflowed="0" regionsstable="9" regionsrebuilding="0"/>
  </mem-info>
</gc-start>
<allocation-stats totalBytes="45849376" >
  <allocated-bytes non-tlh="0" tlh="45849376" arrayletleaf="0"/>
  <largest-consumer threadName="main" threadId="0000000000C1FF00" bytes="45849376" />
</allocation-stats>
<gc-op id="1662" type="copy forward" timems="8.913" contextid="1659" timestamp="2019-08-04T08:43:26.071">
  <memory-copied type="eden" objects="2" bytes="64" bytesdiscarded="0" />
  <memory-copied type="other" objects="0" bytes="0" bytesdiscarded="0" />
  <memory-cardclean objects="12" bytes="376" />
  <remembered-set-cleared processed="1427" cleared="0" durationms="0.107" />
  <stringconstants candidates="13822" cleared="0"  />
</gc-op>
<gc-op id="1663" type="classunload" timems="0.006" contextid="1659" timestamp="2019-08-04T08:43:26.071">
  <classunload-info classloadercandidates="54" classloadersunloaded="0" classesunloaded="0" anonymousclassesunloaded="0" quiescems="0.000" setupms="0.006" scanms="0.000" postms="0.000" />
</gc-op>
<gc-end id="1664" type="partial gc" contextid="1659" durationms="10.203" usertimems="20.656" systemtimems="0.000" timestamp="2019-08-04T08:43:26.071" activeThreads="16">
  <mem-info id="1665" free="94371840" total="157286400" percent="60">
    <mem type="eden" free="2097088" total="2097152" percent="99" />
    <remembered-set count="3584" freebytes="6273664" totalbytes="6288000" percent="99" regionsoverflowed="0" regionsstable="9" regionsrebuilding="0"/>
  </mem-info>
</gc-end>
<cycle-end id="1666" type="partial gc" contextid="1659" timestamp="2019-08-04T08:43:26.071">
  <attribute name="GC Util" value="95" />
  <attribute name="CPU Util" value="24003882288723" />
  <attribute name="Time Running"value="143854"/>
  <attribute name="Number of cores"value="16"/>
</cycle-end>
<exclusive-end id="1667" timestamp="2019-08-04T08:43:26.071" durationms="10.727" />

<exclusive-start id="1668" timestamp="2019-08-04T08:43:26.095" intervalms="34.858">
  <response-info timems="0.018" idlems="0.018" threads="0" lastid="0000000000C1FF00" lastname="main" />
</exclusive-start>
<allocation-taxation id="1669" taxation-threshold="46137344" timestamp="2019-08-04T08:43:26.095" intervalms="34.928" />
<cycle-start id="1670" type="partial gc" contextid="0" timestamp="2019-08-04T08:43:26.095" intervalms="34.910" />
  <attribute name="GC Util" value="95" />
  <attribute name="CPU Util" value="24003882288723" />
  <attribute name="Time Running"value="143854"/>
  <attribute name="Number of cores"value="16"/>
<gc-start id="1671" type="partial gc" contextid="1670" timestamp="2019-08-04T08:43:26.096">
  <mem-info id="1672" free="48234496" total="157286400" percent="30">
    <mem type="eden" free="2097088" total="48234496" percent="4" />
    <remembered-set count="3584" freebytes="6273664" totalbytes="6288000" percent="99" regionsoverflowed="0" regionsstable="9" regionsrebuilding="0"/>
  </mem-info>
</gc-start>
<allocation-stats totalBytes="45849376" >
  <allocated-bytes non-tlh="0" tlh="45849376" arrayletleaf="0"/>
  <largest-consumer threadName="main" threadId="0000000000C1FF00" bytes="45849376" />
</allocation-stats>
<gc-op id="1673" type="copy forward" timems="8.906" contextid="1670" timestamp="2019-08-04T08:43:26.105">
  <memory-copied type="eden" objects="2" bytes="64" bytesdiscarded="0" />
  <memory-copied type="other" objects="0" bytes="0" bytesdiscarded="0" />
  <memory-cardclean objects="12" bytes="376" />
  <remembered-set-cleared processed="1427" cleared="0" durationms="0.104" />
  <stringconstants candidates="13822" cleared="0"  />
</gc-op>
<gc-op id="1674" type="classunload" timems="0.007" contextid="1670" timestamp="2019-08-04T08:43:26.105">
  <classunload-info classloadercandidates="54" classloadersunloaded="0" classesunloaded="0" anonymousclassesunloaded="0" quiescems="0.000" setupms="0.007" scanms="0.000" postms="0.000" />
</gc-op>
<gc-end id="1675" type="partial gc" contextid="1670" durationms="9.984" usertimems="21.331" systemtimems="0.000" timestamp="2019-08-04T08:43:26.106" activeThreads="16">
  <mem-info id="1676" free="94371840" total="157286400" percent="60">
    <mem type="eden" free="2097088" total="2097152" percent="99" />
    <remembered-set count="3584" freebytes="6273664" totalbytes="6288000" percent="99" regionsoverflowed="0" regionsstable="9" regionsrebuilding="0"/>
  </mem-info>
</gc-end>
<cycle-end id="1677" type="partial gc" contextid="1670" timestamp="2019-08-04T08:43:26.106">
  <attribute name="GC Util" value="203" />
  <attribute name="CPU Util" value="29001577679643" />
  <attribute name="Time Running"value="143889"/>
  <attribute name="Number of cores"value="16"/>
</cycle-end>
<exclusive-end id="1678" timestamp="2019-08-04T08:43:26.106" durationms="10.549" />

<exclusive-start id="1679" timestamp="2019-08-04T08:43:26.122" intervalms="26.357">
  <response-info timems="0.017" idlems="0.017" threads="0" lastid="0000000000C1FF00" lastname="main" />
</exclusive-start>
<allocation-taxation id="1680" taxation-threshold="46137344" timestamp="2019-08-04T08:43:26.122" intervalms="26.300" />
<cycle-start id="1681" type="partial gc" contextid="0" timestamp="2019-08-04T08:43:26.122" intervalms="26.311" />
  <attribute name="GC Util" value="203" />
  <attribute name="CPU Util" value="29001577679643" />
  <attribute name="Time Running"value="143889"/>
  <attribute name="Number of cores"value="16"/>
<gc-start id="1682" type="partial gc" contextid="1681" timestamp="2019-08-04T08:43:26.122">
  <mem-info id="1683" free="48234496" total="157286400" percent="30">
    <mem type="eden" free="2097088" total="48234496" percent="4" />
    <remembered-set count="3584" freebytes="6273664" totalbytes="6288000" percent="99" regionsoverflowed="0" regionsstable="9" regionsrebuilding="0"/>
  </mem-info>
</gc-start>
<allocation-stats totalBytes="45848160" >
  <allocated-bytes non-tlh="0" tlh="45848160" arrayletleaf="0"/>
  <largest-consumer threadName="main" threadId="0000000000C1FF00" bytes="45848160" />
</allocation-stats>
<gc-op id="1684" type="copy forward" timems="9.924" contextid="1681" timestamp="2019-08-04T08:43:26.133">
  <memory-copied type="eden" objects="2" bytes="64" bytesdiscarded="0" />
  <memory-copied type="other" objects="0" bytes="0" bytesdiscarded="0" />
  <memory-cardclean objects="12" bytes="376" />
  <remembered-set-cleared processed="1427" cleared="0" durationms="0.197" />
  <stringconstants candidates="13822" cleared="0"  />
</gc-op>
<gc-op id="1685" type="classunload" timems="0.008" contextid="1681" timestamp="2019-08-04T08:43:26.133">
  <classunload-info classloadercandidates="54" classloadersunloaded="0" classesunloaded="0" anonymousclassesunloaded="0" quiescems="0.000" setupms="0.007" scanms="0.000" postms="0.000" />
</gc-op>
<gc-end id="1686" type="partial gc" contextid="1681" durationms="11.019" usertimems="21.077" systemtimems="0.000" timestamp="2019-08-04T08:43:26.133" activeThreads="16">
  <mem-info id="1687" free="94371840" total="157286400" percent="60">
    <mem type="eden" free="2097088" total="2097152" percent="99" />
    <remembered-set count="3584" freebytes="6273664" totalbytes="6288000" percent="99" regionsoverflowed="0" regionsstable="9" regionsrebuilding="0"/>
  </mem-info>
</gc-end>
<cycle-end id="1688" type="partial gc" contextid="1681" timestamp="2019-08-04T08:43:26.133">
  <attribute name="GC Util" value="150" />
  <attribute name="CPU Util" value="35049331372139" />
  <attribute name="Time Running"value="143915"/>
  <attribute name="Number of cores"value="16"/>
</cycle-end>
<exclusive-end id="1689" timestamp="2019-08-04T08:43:26.133" durationms="11.621" />

<exclusive-start id="1690" timestamp="2019-08-04T08:43:26.195" intervalms="73.281">
  <response-info timems="0.019" idlems="0.019" threads="0" lastid="0000000000C1FF00" lastname="main" />
</exclusive-start>
<allocation-taxation id="1691" taxation-threshold="46137344" timestamp="2019-08-04T08:43:26.195" intervalms="73.283" />
<cycle-start id="1692" type="partial gc" contextid="0" timestamp="2019-08-04T08:43:26.195" intervalms="73.267" />
  <attribute name="GC Util" value="150" />
  <attribute name="CPU Util" value="35049331372139" />
  <attribute name="Time Running"value="143915"/>
  <attribute name="Number of cores"value="16"/>
<gc-start id="1693" type="partial gc" contextid="1692" timestamp="2019-08-04T08:43:26.196">
  <mem-info id="1694" free="48234496" total="157286400" percent="30">
    <mem type="eden" free="2097088" total="48234496" percent="4" />
    <remembered-set count="3584" freebytes="6273664" totalbytes="6288000" percent="99" regionsoverflowed="0" regionsstable="9" regionsrebuilding="0"/>
  </mem-info>
</gc-start>
<allocation-stats totalBytes="46125488" >
  <allocated-bytes non-tlh="0" tlh="46125488" arrayletleaf="0"/>
  <largest-consumer threadName="main" threadId="0000000000C1FF00" bytes="46125488" />
</allocation-stats>
<gc-op id="1695" type="copy forward" timems="6.847" contextid="1692" timestamp="2019-08-04T08:43:26.203">
  <memory-copied type="eden" objects="155" bytes="5104" bytesdiscarded="1424" />
  <memory-copied type="other" objects="0" bytes="0" bytesdiscarded="0" />
  <memory-cardclean objects="66" bytes="1968" />
  <remembered-set-cleared processed="1427" cleared="6" durationms="0.114" />
  <stringconstants candidates="13822" cleared="0"  />
</gc-op>
<gc-op id="1696" type="classunload" timems="0.009" contextid="1692" timestamp="2019-08-04T08:43:26.204">
  <classunload-info classloadercandidates="54" classloadersunloaded="0" classesunloaded="0" anonymousclassesunloaded="0" quiescems="0.000" setupms="0.009" scanms="0.000" postms="0.000" />
</gc-op>
<gc-end id="1697" type="partial gc" contextid="1692" durationms="8.190" usertimems="19.669" systemtimems="0.000" timestamp="2019-08-04T08:43:26.204" activeThreads="16">
  <mem-info id="1698" free="94371840" total="157286400" percent="60">
    <mem type="eden" free="2090624" total="2097152" percent="99" />
    <remembered-set count="5024" freebytes="6267904" totalbytes="6288000" percent="99" regionsoverflowed="0" regionsstable="9" regionsrebuilding="0"/>
  </mem-info>
</gc-end>
<cycle-end id="1699" type="partial gc" contextid="1692" timestamp="2019-08-04T08:43:26.204">
  <attribute name="GC Util" value="133" />
  <attribute name="CPU Util" value="25583629541420" />
  <attribute name="Time Running"value="143989"/>
  <attribute name="Number of cores"value="16"/>
</cycle-end>
<exclusive-end id="1700" timestamp="2019-08-04T08:43:26.204" durationms="9.173" />

<exclusive-start id="1701" timestamp="2019-08-04T08:43:26.294" intervalms="99.116">
  <response-info timems="0.021" idlems="0.021" threads="0" lastid="0000000000C1FF00" lastname="main" />
</exclusive-start>
<allocation-taxation id="1702" taxation-threshold="46137344" timestamp="2019-08-04T08:43:26.294" intervalms="99.118" />
<cycle-start id="1703" type="partial gc" contextid="0" timestamp="2019-08-04T08:43:26.294" intervalms="99.309" />
  <attribute name="GC Util" value="133" />
  <attribute name="CPU Util" value="25583629541420" />
  <attribute name="Time Running"value="143989"/>
  <attribute name="Number of cores"value="16"/>
<gc-start id="1704" type="partial gc" contextid="1703" timestamp="2019-08-04T08:43:26.295">
  <mem-info id="1705" free="48234496" total="157286400" percent="30">
    <mem type="eden" free="0" total="46137344" percent="0" />
    <remembered-set count="5024" freebytes="6267904" totalbytes="6288000" percent="99" regionsoverflowed="0" regionsstable="9" regionsrebuilding="0"/>
  </mem-info>
</gc-start>
<allocation-stats totalBytes="46130752" >
  <allocated-bytes non-tlh="0" tlh="46130752" arrayletleaf="0"/>
  <largest-consumer threadName="main" threadId="0000000000C1FF00" bytes="46130752" />
</allocation-stats>
<gc-op id="1706" type="copy forward" timems="7.341" contextid="1703" timestamp="2019-08-04T08:43:26.303">
  <memory-copied type="eden" objects="231" bytes="7496" bytesdiscarded="1248" />
  <memory-copied type="other" objects="7" bytes="160" bytesdiscarded="680" />
  <memory-cardclean objects="101" bytes="11312" />
  <remembered-set-cleared processed="1426" cleared="12" durationms="0.161" />
  <references type="weak" candidates="37" cleared="0" enqueued="0" />
  <stringconstants candidates="13822" cleared="0"  />
</gc-op>
<gc-op id="1707" type="classunload" timems="0.010" contextid="1703" timestamp="2019-08-04T08:43:26.303">
  <classunload-info classloadercandidates="54" classloadersunloaded="0" classesunloaded="0" anonymousclassesunloaded="0" quiescems="0.000" setupms="0.009" scanms="0.000" postms="0.000" />
</gc-op>
<heap-resize id="1708" type="expand" space="default" amount="6291456" count="1" timems="0.072" reason="excessive time being spent in gc" timestamp="2019-08-04T08:43:26.303" />
<gc-end id="1709" type="partial gc" contextid="1703" durationms="8.817" usertimems="18.623" systemtimems="0.000" timestamp="2019-08-04T08:43:26.303" activeThreads="16">
  <mem-info id="1710" free="98566144" total="163577856" percent="60">
    <mem type="eden" free="2088360" total="2097152" percent="99" />
    <remembered-set count="4864" freebytes="6520064" totalbytes="6539520" percent="99" regionsoverflowed="0" regionsstable="9" regionsrebuilding="0"/>
  </mem-info>
</gc-end>
<cycle-end id="1711" type="partial gc" contextid="1703" timestamp="2019-08-04T08:43:26.303">
  <attribute name="GC Util" value="215" />
  <attribute name="CPU Util" value="25504185072189" />
  <attribute name="Time Running"value="144088"/>
  <attribute name="Number of cores"value="16"/>
</cycle-end>
<exclusive-end id="1712" timestamp="2019-08-04T08:43:26.304" durationms="9.749" />

<exclusive-start id="1713" timestamp="2019-08-04T08:43:26.364" intervalms="70.502">
  <response-info timems="0.020" idlems="0.020" threads="0" lastid="0000000000C1FF00" lastname="main" />
</exclusive-start>
<allocation-taxation id="1714" taxation-threshold="48234496" timestamp="2019-08-04T08:43:26.364" intervalms="70.508" />
<cycle-start id="1715" type="partial gc" contextid="0" timestamp="2019-08-04T08:43:26.365" intervalms="70.306" />
  <attribute name="GC Util" value="215" />
  <attribute name="CPU Util" value="25504185072189" />
  <attribute name="Time Running"value="144088"/>
  <attribute name="Number of cores"value="16"/>
<gc-start id="1716" type="partial gc" contextid="1715" timestamp="2019-08-04T08:43:26.365">
  <mem-info id="1717" free="50331648" total="163577856" percent="30">
    <mem type="eden" free="0" total="48234496" percent="0" />
    <remembered-set count="4512" freebytes="6521472" totalbytes="6539520" percent="99" regionsoverflowed="0" regionsstable="9" regionsrebuilding="0"/>
  </mem-info>
</gc-start>
<allocation-stats totalBytes="48217672" >
  <allocated-bytes non-tlh="0" tlh="48217672" arrayletleaf="0"/>
  <largest-consumer threadName="main" threadId="0000000000C1FF00" bytes="48217672" />
</allocation-stats>
<gc-op id="1718" type="copy forward" timems="8.826" contextid="1715" timestamp="2019-08-04T08:43:26.375">
  <memory-copied type="eden" objects="23" bytes="784" bytesdiscarded="680" />
  <memory-copied type="other" objects="49" bytes="1440" bytesdiscarded="1720" />
  <memory-cardclean objects="80" bytes="10528" />
  <remembered-set-cleared processed="1428" cleared="12" durationms="0.314" />
  <references type="weak" candidates="37" cleared="7" enqueued="3" />
  <stringconstants candidates="13822" cleared="0"  />
</gc-op>
<gc-op id="1719" type="classunload" timems="0.011" contextid="1715" timestamp="2019-08-04T08:43:26.375">
  <classunload-info classloadercandidates="54" classloadersunloaded="0" classesunloaded="0" anonymousclassesunloaded="0" quiescems="0.000" setupms="0.011" scanms="0.000" postms="0.000" />
</gc-op>
<gc-end id="1720" type="partial gc" contextid="1715" durationms="10.108" usertimems="19.339" systemtimems="0.000" timestamp="2019-08-04T08:43:26.375" activeThreads="16">
  <mem-info id="1721" free="96468992" total="163577856" percent="58">
    <mem type="eden" free="2095688" total="2097152" percent="99" />
    <pending-finalizers system="0" default="0" reference="3" classloader="0" />
    <remembered-set count="4896" freebytes="6519936" totalbytes="6539520" percent="99" regionsoverflowed="0" regionsstable="9" regionsrebuilding="0"/>
  </mem-info>
</gc-end>
<cycle-end id="1722" type="partial gc" contextid="1715" timestamp="2019-08-04T08:43:26.375">
  <attribute name="GC Util" value="139" />
  <attribute name="CPU Util" value="35806126529062" />
  <attribute name="Time Running"value="144159"/>
  <attribute name="Number of cores"value="16"/>
</cycle-end>
<exclusive-end id="1723" timestamp="2019-08-04T08:43:26.375" durationms="10.843" />

<exclusive-start id="1724" timestamp="2019-08-04T08:43:26.402" intervalms="37.996">
  <response-info timems="0.024" idlems="0.024" threads="0" lastid="0000000000C1FF00" lastname="main" />
</exclusive-start>
<allocation-taxation id="1725" taxation-threshold="48234496" timestamp="2019-08-04T08:43:26.402" intervalms="38.021" />
<cycle-start id="1726" type="partial gc" contextid="0" timestamp="2019-08-04T08:43:26.403" intervalms="38.167" />
  <attribute name="GC Util" value="139" />
  <attribute name="CPU Util" value="35806126529062" />
  <attribute name="Time Running"value="144159"/>
  <attribute name="Number of cores"value="16"/>
<gc-start id="1727" type="partial gc" contextid="1726" timestamp="2019-08-04T08:43:26.403">
  <mem-info id="1728" free="48234496" total="163577856" percent="29">
    <mem type="eden" free="0" total="48234496" percent="0" />
    <remembered-set count="4544" freebytes="6521344" totalbytes="6539520" percent="99" regionsoverflowed="0" regionsstable="9" regionsrebuilding="0"/>
  </mem-info>
</gc-start>
<allocation-stats totalBytes="48209504" >
  <allocated-bytes non-tlh="0" tlh="48209504" arrayletleaf="0"/>
  <largest-consumer threadName="main" threadId="0000000000C1FF00" bytes="48209504" />
</allocation-stats>
<gc-op id="1729" type="copy forward" timems="13.097" contextid="1726" timestamp="2019-08-04T08:43:26.417">
  <memory-copied type="eden" objects="6" bytes="256" bytesdiscarded="0" />
  <memory-copied type="other" objects="17" bytes="544" bytesdiscarded="0" />
  <memory-cardclean objects="49" bytes="2264" />
  <remembered-set-cleared processed="1433" cleared="8" durationms="0.304" />
  <stringconstants candidates="13822" cleared="0"  />
</gc-op>
<gc-op id="1730" type="classunload" timems="0.015" contextid="1726" timestamp="2019-08-04T08:43:26.417">
  <classunload-info classloadercandidates="54" classloadersunloaded="0" classesunloaded="0" anonymousclassesunloaded="0" quiescems="0.000" setupms="0.014" scanms="0.000" postms="0.000" />
</gc-op>
<heap-resize id="1731" type="expand" space="default" amount="10485760" count="1" timems="0.088" reason="excessive time being spent in gc" timestamp="2019-08-04T08:43:26.418" />
<gc-end id="1732" type="partial gc" contextid="1726" durationms="14.650" usertimems="24.044" systemtimems="0.000" timestamp="2019-08-04T08:43:26.418" activeThreads="16">
  <mem-info id="1733" free="104857600" total="174063616" percent="60">
    <mem type="eden" free="2096896" total="2097152" percent="99" />
    <remembered-set count="4512" freebytes="6940672" totalbytes="6958720" percent="99" regionsoverflowed="0" regionsstable="9" regionsrebuilding="0"/>
  </mem-info>
</gc-end>
<cycle-end id="1734" type="partial gc" contextid="1726" timestamp="2019-08-04T08:43:26.418">
  <attribute name="GC Util" value="119" />
  <attribute name="CPU Util" value="24788012964289" />
  <attribute name="Time Running"value="144197"/>
  <attribute name="Number of cores"value="16"/>
</cycle-end>
<exclusive-end id="1735" timestamp="2019-08-04T08:43:26.418" durationms="15.494" />

<exclusive-start id="1736" timestamp="2019-08-04T08:43:26.435" intervalms="32.196">
  <response-info timems="0.022" idlems="0.022" threads="0" lastid="0000000000C1FF00" lastname="main" />
</exclusive-start>
<allocation-taxation id="1737" taxation-threshold="50331648" timestamp="2019-08-04T08:43:26.435" intervalms="32.170" />
<cycle-start id="1738" type="partial gc" contextid="0" timestamp="2019-08-04T08:43:26.435" intervalms="32.032" />
  <attribute name="GC Util" value="119" />
  <attribute name="CPU Util" value="24788012964289" />
  <attribute name="Time Running"value="144197"/>
  <attribute name="Number of cores"value="16"/>
<gc-start id="1739" type="partial gc" contextid="1738" timestamp="2019-08-04T08:43:26.435">
  <mem-info id="1740" free="54525952" total="174063616" percent="31">
    <mem type="eden" free="2096896" total="52428800" percent="3" />
    <remembered-set count="4512" freebytes="6940672" totalbytes="6958720" percent="99" regionsoverflowed="0" regionsstable="9" regionsrebuilding="0"/>
  </mem-info>
</gc-start>
<allocation-stats totalBytes="50305664" >
  <allocated-bytes non-tlh="0" tlh="50305664" arrayletleaf="0"/>
  <largest-consumer threadName="main" threadId="0000000000C1FF00" bytes="50305664" />
</allocation-stats>
<gc-op id="1741" type="copy forward" timems="5.998" contextid="1738" timestamp="2019-08-04T08:43:26.443">
  <memory-copied type="eden" objects="6" bytes="360" bytesdiscarded="0" />
  <memory-copied type="other" objects="0" bytes="0" bytesdiscarded="0" />
  <memory-cardclean objects="16" bytes="520" />
  <remembered-set-cleared processed="1438" cleared="1" durationms="0.105" />
  <stringconstants candidates="13822" cleared="0"  />
</gc-op>
<gc-op id="1742" type="classunload" timems="0.014" contextid="1738" timestamp="2019-08-04T08:43:26.443">
  <classunload-info classloadercandidates="54" classloadersunloaded="0" classesunloaded="0" anonymousclassesunloaded="0" quiescems="0.000" setupms="0.013" scanms="0.000" postms="0.000" />
</gc-op>
<gc-end id="1743" type="partial gc" contextid="1738" durationms="7.713" usertimems="16.746" systemtimems="0.000" timestamp="2019-08-04T08:43:26.443" activeThreads="16">
  <mem-info id="1744" free="104857600" total="174063616" percent="60">
    <mem type="eden" free="2096792" total="2097152" percent="99" />
    <remembered-set count="3712" freebytes="6943872" totalbytes="6958720" percent="99" regionsoverflowed="0" regionsstable="9" regionsrebuilding="0"/>
  </mem-info>
</gc-end>
<cycle-end id="1745" type="partial gc" contextid="1738" timestamp="2019-08-04T08:43:26.443">
  <attribute name="GC Util" value="153" />
  <attribute name="CPU Util" value="17469334234805" />
  <attribute name="Time Running"value="144229"/>
  <attribute name="Number of cores"value="16"/>
</cycle-end>
<exclusive-end id="1746" timestamp="2019-08-04T08:43:26.443" durationms="8.338" />

<exclusive-start id="1747" timestamp="2019-08-04T08:43:26.462" intervalms="27.400">
  <response-info timems="0.022" idlems="0.022" threads="0" lastid="0000000000C1FF00" lastname="main" />
</exclusive-start>
<allocation-taxation id="1748" taxation-threshold="50331648" timestamp="2019-08-04T08:43:26.462" intervalms="27.399" />
<cycle-start id="1749" type="partial gc" contextid="0" timestamp="2019-08-04T08:43:26.462" intervalms="27.398" />
  <attribute name="GC Util" value="153" />
  <attribute name="CPU Util" value="17469334234805" />
  <attribute name="Time Running"value="144229"/>
  <attribute name="Number of cores"value="16"/>
<gc-start id="1750" type="partial gc" contextid="1749" timestamp="2019-08-04T08:43:26.462">
  <mem-info id="1751" free="54525952" total="174063616" percent="31">
    <mem type="eden" free="2096792" total="52428800" percent="3" />
    <remembered-set count="3712" freebytes="6943872" totalbytes="6958720" percent="99" regionsoverflowed="0" regionsstable="9" regionsrebuilding="0"/>
  </mem-info>
</gc-start>
<allocation-stats totalBytes="50306368" >
  <allocated-bytes non-tlh="0" tlh="50306368" arrayletleaf="0"/>
  <largest-consumer threadName="main" threadId="0000000000C1FF00" bytes="50306368" />
</allocation-stats>
<gc-op id="1752" type="copy forward" timems="7.391" contextid="1749" timestamp="2019-08-04T08:43:26.471">
  <memory-copied type="eden" objects="7" bytes="304" bytesdiscarded="0" />
  <memory-copied type="other" objects="0" bytes="0" bytesdiscarded="0" />
  <memory-cardclean objects="16" bytes="520" />
  <remembered-set-cleared processed="1438" cleared="1" durationms="0.100" />
  <stringconstants candidates="13822" cleared="0"  />
</gc-op>
<gc-op id="1753" type="classunload" timems="0.013" contextid="1749" timestamp="2019-08-04T08:43:26.471">
  <classunload-info classloadercandidates="54" classloadersunloaded="0" classesunloaded="0" anonymousclassesunloaded="0" quiescems="0.000" setupms="0.013" scanms="0.000" postms="0.000" />
</gc-op>
<gc-end id="1754" type="partial gc" contextid="1749" durationms="8.929" usertimems="21.069" systemtimems="0.000" timestamp="2019-08-04T08:43:26.471" activeThreads="16">
  <mem-info id="1755" free="104857600" total="174063616" percent="60">
    <mem type="eden" free="2096848" total="2097152" percent="99" />
    <remembered-set count="3712" freebytes="6943872" totalbytes="6958720" percent="99" regionsoverflowed="0" regionsstable="9" regionsrebuilding="0"/>
  </mem-info>
</gc-end>
<cycle-end id="1756" type="partial gc" contextid="1749" timestamp="2019-08-04T08:43:26.472">
  <attribute name="GC Util" value="298" />
  <attribute name="CPU Util" value="18937567354082" />
  <attribute name="Time Running"value="144256"/>
  <attribute name="Number of cores"value="16"/>
</cycle-end>
<exclusive-end id="1757" timestamp="2019-08-04T08:43:26.472" durationms="9.650" />

<exclusive-start id="1758" timestamp="2019-08-04T08:43:26.498" intervalms="36.368">
  <response-info timems="0.022" idlems="0.022" threads="0" lastid="0000000000C1FF00" lastname="main" />
</exclusive-start>
<allocation-taxation id="1759" taxation-threshold="50331648" timestamp="2019-08-04T08:43:26.498" intervalms="36.364" />
<cycle-start id="1760" type="partial gc" contextid="0" timestamp="2019-08-04T08:43:26.499" intervalms="36.382" />
  <attribute name="GC Util" value="298" />
  <attribute name="CPU Util" value="18937567354082" />
  <attribute name="Time Running"value="144256"/>
  <attribute name="Number of cores"value="16"/>
<gc-start id="1761" type="partial gc" contextid="1760" timestamp="2019-08-04T08:43:26.499">
  <mem-info id="1762" free="54525952" total="174063616" percent="31">
    <mem type="eden" free="2096848" total="52428800" percent="3" />
    <remembered-set count="3712" freebytes="6943872" totalbytes="6958720" percent="99" regionsoverflowed="0" regionsstable="9" regionsrebuilding="0"/>
  </mem-info>
</gc-start>
<allocation-stats totalBytes="50304968" >
  <allocated-bytes non-tlh="0" tlh="50304968" arrayletleaf="0"/>
  <largest-consumer threadName="main" threadId="0000000000C1FF00" bytes="50304968" />
</allocation-stats>
<gc-op id="1763" type="copy forward" timems="10.857" contextid="1760" timestamp="2019-08-04T08:43:26.511">
  <memory-copied type="eden" objects="6" bytes="320" bytesdiscarded="0" />
  <memory-copied type="other" objects="0" bytes="0" bytesdiscarded="0" />
  <memory-cardclean objects="16" bytes="520" />
  <remembered-set-cleared processed="1438" cleared="1" durationms="0.158" />
  <stringconstants candidates="13822" cleared="0"  />
</gc-op>
<gc-op id="1764" type="classunload" timems="0.014" contextid="1760" timestamp="2019-08-04T08:43:26.511">
  <classunload-info classloadercandidates="54" classloadersunloaded="0" classesunloaded="0" anonymousclassesunloaded="0" quiescems="0.000" setupms="0.014" scanms="0.000" postms="0.000" />
</gc-op>
<gc-end id="1765" type="partial gc" contextid="1760" durationms="12.082" usertimems="26.836" systemtimems="0.000" timestamp="2019-08-04T08:43:26.511" activeThreads="16">
  <mem-info id="1766" free="104857600" total="174063616" percent="60">
    <mem type="eden" free="2096832" total="2097152" percent="99" />
    <remembered-set count="3712" freebytes="6943872" totalbytes="6958720" percent="99" regionsoverflowed="0" regionsstable="9" regionsrebuilding="0"/>
  </mem-info>
</gc-end>
<cycle-end id="1767" type="partial gc" contextid="1760" timestamp="2019-08-04T08:43:26.511">
  <attribute name="GC Util" value="130" />
  <attribute name="CPU Util" value="26368349367896" />
  <attribute name="Time Running"value="144292"/>
  <attribute name="Number of cores"value="16"/>
</cycle-end>
<exclusive-end id="1768" timestamp="2019-08-04T08:43:26.511" durationms="12.713" />

<exclusive-start id="1769" timestamp="2019-08-04T08:43:26.539" intervalms="40.758">
  <response-info timems="0.026" idlems="0.026" threads="0" lastid="0000000000C1FF00" lastname="main" />
</exclusive-start>
<allocation-taxation id="1770" taxation-threshold="50331648" timestamp="2019-08-04T08:43:26.539" intervalms="40.782" />
<cycle-start id="1771" type="partial gc" contextid="0" timestamp="2019-08-04T08:43:26.539" intervalms="40.768" />
  <attribute name="GC Util" value="130" />
  <attribute name="CPU Util" value="26368349367896" />
  <attribute name="Time Running"value="144292"/>
  <attribute name="Number of cores"value="16"/>
<gc-start id="1772" type="partial gc" contextid="1771" timestamp="2019-08-04T08:43:26.540">
  <mem-info id="1773" free="54525952" total="174063616" percent="31">
    <mem type="eden" free="2096832" total="52428800" percent="3" />
    <remembered-set count="3712" freebytes="6943872" totalbytes="6958720" percent="99" regionsoverflowed="0" regionsstable="9" regionsrebuilding="0"/>
  </mem-info>
</gc-start>
<allocation-stats totalBytes="50290872" >
  <allocated-bytes non-tlh="0" tlh="50290872" arrayletleaf="0"/>
  <largest-consumer threadName="main" threadId="0000000000C1FF00" bytes="50290872" />
</allocation-stats>
<gc-op id="1774" type="copy forward" timems="10.463" contextid="1771" timestamp="2019-08-04T08:43:26.551">
  <memory-copied type="eden" objects="28" bytes="1328" bytesdiscarded="1016" />
  <memory-copied type="other" objects="0" bytes="0" bytesdiscarded="0" />
  <memory-cardclean objects="59" bytes="1824" />
  <remembered-set-cleared processed="1438" cleared="9" durationms="0.180" />
  <stringconstants candidates="13822" cleared="0"  />
</gc-op>
<gc-op id="1775" type="classunload" timems="0.011" contextid="1771" timestamp="2019-08-04T08:43:26.551">
  <classunload-info classloadercandidates="54" classloadersunloaded="0" classesunloaded="0" anonymousclassesunloaded="0" quiescems="0.000" setupms="0.011" scanms="0.000" postms="0.000" />
</gc-op>
<gc-end id="1776" type="partial gc" contextid="1771" durationms="11.819" usertimems="24.663" systemtimems="0.000" timestamp="2019-08-04T08:43:26.551" activeThreads="16">
  <mem-info id="1777" free="104857600" total="174063616" percent="60">
    <mem type="eden" free="2094808" total="2097152" percent="99" />
    <remembered-set count="5120" freebytes="6938240" totalbytes="6958720" percent="99" regionsoverflowed="0" regionsstable="9" regionsrebuilding="0"/>
  </mem-info>
</gc-end>
<cycle-end id="1778" type="partial gc" contextid="1771" timestamp="2019-08-04T08:43:26.551">
  <attribute name="GC Util" value="119" />
  <attribute name="CPU Util" value="22168369320184" />
  <attribute name="Time Running"value="144333"/>
  <attribute name="Number of cores"value="16"/>
</cycle-end>
<exclusive-end id="1779" timestamp="2019-08-04T08:43:26.552" durationms="12.461" />

<exclusive-start id="1780" timestamp="2019-08-04T08:43:26.569" intervalms="29.968">
  <response-info timems="0.018" idlems="0.018" threads="0" lastid="0000000000C1FF00" lastname="main" />
</exclusive-start>
<allocation-taxation id="1781" taxation-threshold="50331648" timestamp="2019-08-04T08:43:26.569" intervalms="29.947" />
<cycle-start id="1782" type="partial gc" contextid="0" timestamp="2019-08-04T08:43:26.569" intervalms="29.993" />
  <attribute name="GC Util" value="119" />
  <attribute name="CPU Util" value="22168369320184" />
  <attribute name="Time Running"value="144333"/>
  <attribute name="Number of cores"value="16"/>
<gc-start id="1783" type="partial gc" contextid="1782" timestamp="2019-08-04T08:43:26.570">
  <mem-info id="1784" free="54525952" total="174063616" percent="31">
    <mem type="eden" free="0" total="50331648" percent="0" />
    <remembered-set count="4640" freebytes="6940160" totalbytes="6958720" percent="99" regionsoverflowed="0" regionsstable="9" regionsrebuilding="0"/>
  </mem-info>
</gc-start>
<allocation-stats totalBytes="50285128" >
  <allocated-bytes non-tlh="0" tlh="50285128" arrayletleaf="0"/>
  <largest-consumer threadName="main" threadId="0000000000C1FF00" bytes="50285128" />
</allocation-stats>
<gc-op id="1785" type="copy forward" timems="9.989" contextid="1782" timestamp="2019-08-04T08:43:26.581">
  <memory-copied type="eden" objects="6" bytes="392" bytesdiscarded="0" />
  <memory-copied type="other" objects="22" bytes="944" bytesdiscarded="608" />
  <memory-cardclean objects="44" bytes="1576" />
  <remembered-set-cleared processed="1436" cleared="7" durationms="0.312" />
  <stringconstants candidates="13822" cleared="0"  />
</gc-op>
<gc-op id="1786" type="classunload" timems="0.010" contextid="1782" timestamp="2019-08-04T08:43:26.581">
  <classunload-info classloadercandidates="54" classloadersunloaded="0" classesunloaded="0" anonymousclassesunloaded="0" quiescems="0.000" setupms="0.010" scanms="0.000" postms="0.000" />
</gc-op>
<heap-resize id="1787" type="expand" space="default" amount="4194304" count="1" timems="0.060" reason="excessive time being spent in gc" timestamp="2019-08-04T08:43:26.581" />
<gc-end id="1788" type="partial gc" contextid="1782" durationms="11.586" usertimems="26.173" systemtimems="0.000" timestamp="2019-08-04T08:43:26.581" activeThreads="16">
  <mem-info id="1789" free="106954752" total="178257920" percent="60">
    <mem type="eden" free="2096760" total="2097152" percent="99" />
    <remembered-set count="5120" freebytes="7105920" totalbytes="7126400" percent="99" regionsoverflowed="0" regionsstable="9" regionsrebuilding="0"/>
  </mem-info>
</gc-end>
<cycle-end id="1790" type="partial gc" contextid="1782" timestamp="2019-08-04T08:43:26.581">
  <attribute name="GC Util" value="308" />
  <attribute name="CPU Util" value="17178105992236" />
  <attribute name="Time Running"value="144364"/>
  <attribute name="Number of cores"value="16"/>
</cycle-end>
<exclusive-end id="1791" timestamp="2019-08-04T08:43:26.581" durationms="12.282" />

<exclusive-start id="1792" timestamp="2019-08-04T08:43:26.644" intervalms="75.315">
  <response-info timems="0.025" idlems="0.025" threads="0" lastid="0000000000C1FF00" lastname="main" />
</exclusive-start>
<allocation-taxation id="1793" taxation-threshold="52428800" timestamp="2019-08-04T08:43:26.644" intervalms="75.324" />
<cycle-start id="1794" type="partial gc" contextid="0" timestamp="2019-08-04T08:43:26.645" intervalms="75.285" />
  <attribute name="GC Util" value="308" />
  <attribute name="CPU Util" value="17178105992236" />
  <attribute name="Time Running"value="144364"/>
  <attribute name="Number of cores"value="16"/>
<gc-start id="1795" type="partial gc" contextid="1794" timestamp="2019-08-04T08:43:26.645">
  <mem-info id="1796" free="54525952" total="178257920" percent="30">
    <mem type="eden" free="2096760" total="54525952" percent="3" />
    <remembered-set count="5120" freebytes="7105920" totalbytes="7126400" percent="99" regionsoverflowed="0" regionsstable="9" regionsrebuilding="0"/>
  </mem-info>
</gc-start>
<allocation-stats totalBytes="52416488" >
  <allocated-bytes non-tlh="0" tlh="52416488" arrayletleaf="0"/>
  <largest-consumer threadName="main" threadId="0000000000C1FF00" bytes="52416488" />
</allocation-stats>
<gc-op id="1797" type="copy forward" timems="11.066" contextid="1794" timestamp="2019-08-04T08:43:26.658">
  <memory-copied type="eden" objects="47" bytes="2112" bytesdiscarded="312" />
  <memory-copied type="other" objects="0" bytes="0" bytesdiscarded="0" />
  <memory-cardclean objects="59" bytes="1824" />
  <remembered-set-cleared processed="1441" cleared="9" durationms="0.103" />
  <stringconstants candidates="13822" cleared="0"  />
</gc-op>
<gc-op id="1798" type="classunload" timems="0.013" contextid="1794" timestamp="2019-08-04T08:43:26.658">
  <classunload-info classloadercandidates="54" classloadersunloaded="0" classesunloaded="0" anonymousclassesunloaded="0" quiescems="0.000" setupms="0.013" scanms="0.000" postms="0.000" />
</gc-op>
<gc-end id="1799" type="partial gc" contextid="1794" durationms="12.890" usertimems="27.335" systemtimems="0.000" timestamp="2019-08-04T08:43:26.658" activeThreads="16">
  <mem-info id="1800" free="106954752" total="178257920" percent="60">
    <mem type="eden" free="2094728" total="2097152" percent="99" />
    <remembered-set count="4160" freebytes="7109760" totalbytes="7126400" percent="99" regionsoverflowed="0" regionsstable="9" regionsrebuilding="0"/>
  </mem-info>
</gc-end>
<cycle-end id="1801" type="partial gc" contextid="1794" timestamp="2019-08-04T08:43:26.658">
  <attribute name="GC Util" value="234" />
  <attribute name="CPU Util" value="16070593700590" />
  <attribute name="Time Running"value="144439"/>
  <attribute name="Number of cores"value="16"/>
</cycle-end>
<exclusive-end id="1802" timestamp="2019-08-04T08:43:26.658" durationms="13.588" />

<exclusive-start id="1803" timestamp="2019-08-04T08:43:26.884" intervalms="239.851">
  <response-info timems="0.025" idlems="0.025" threads="0" lastid="0000000000C1FF00" lastname="main" />
</exclusive-start>
<allocation-taxation id="1804" taxation-threshold="52428800" timestamp="2019-08-04T08:43:26.884" intervalms="239.843" />
<cycle-start id="1805" type="partial gc" contextid="0" timestamp="2019-08-04T08:43:26.884" intervalms="239.843" />
  <attribute name="GC Util" value="234" />
  <attribute name="CPU Util" value="16070593700590" />
  <attribute name="Time Running"value="144439"/>
  <attribute name="Number of cores"value="16"/>
<gc-start id="1806" type="partial gc" contextid="1805" timestamp="2019-08-04T08:43:26.885">
  <mem-info id="1807" free="54525952" total="178257920" percent="30">
    <mem type="eden" free="0" total="52428800" percent="0" />
    <remembered-set count="3680" freebytes="7111680" totalbytes="7126400" percent="99" regionsoverflowed="0" regionsstable="9" regionsrebuilding="0"/>
  </mem-info>
</gc-start>
<allocation-stats totalBytes="51386408" >
  <allocated-bytes non-tlh="0" tlh="51386408" arrayletleaf="0"/>
  <largest-consumer threadName="main" threadId="0000000000C1FF00" bytes="51386408" />
</allocation-stats>
<gc-op id="1808" type="copy forward" timems="8.536" contextid="1805" timestamp="2019-08-04T08:43:26.894">
  <memory-copied type="eden" objects="65" bytes="20120" bytesdiscarded="568" />
  <memory-copied type="other" objects="11" bytes="544" bytesdiscarded="312" />
  <memory-cardclean objects="142" bytes="3848" />
  <remembered-set-cleared processed="1439" cleared="10" durationms="0.287" />
  <stringconstants candidates="13822" cleared="0"  />
</gc-op>
<gc-op id="1809" type="classunload" timems="0.011" contextid="1805" timestamp="2019-08-04T08:43:26.894">
  <classunload-info classloadercandidates="54" classloadersunloaded="0" classesunloaded="0" anonymousclassesunloaded="0" quiescems="0.000" setupms="0.010" scanms="0.000" postms="0.000" />
</gc-op>
<gc-end id="1810" type="partial gc" contextid="1805" durationms="9.870" usertimems="25.620" systemtimems="0.000" timestamp="2019-08-04T08:43:26.895" activeThreads="16">
  <mem-info id="1811" free="104857600" total="178257920" percent="58">
    <mem type="eden" free="2076464" total="2097152" percent="99" />
    <remembered-set count="4640" freebytes="7107840" totalbytes="7126400" percent="99" regionsoverflowed="0" regionsstable="9" regionsrebuilding="0"/>
  </mem-info>
</gc-end>
<cycle-end id="1812" type="partial gc" contextid="1805" timestamp="2019-08-04T08:43:26.895">
  <attribute name="GC Util" value="406" />
  <attribute name="CPU Util" value="22442713494691" />
  <attribute name="Time Running"value="144678"/>
  <attribute name="Number of cores"value="16"/>
</cycle-end>
<exclusive-end id="1813" timestamp="2019-08-04T08:43:26.895" durationms="10.495" />

<exclusive-start id="1814" timestamp="2019-08-04T08:43:26.906" intervalms="21.516">
  <response-info timems="0.112" idlems="0.112" threads="0" lastid="0000000000C1FF00" lastname="main" />
</exclusive-start>
<allocation-taxation id="1815" taxation-threshold="52428800" timestamp="2019-08-04T08:43:26.906" intervalms="21.518" />
<cycle-start id="1816" type="partial gc" contextid="0" timestamp="2019-08-04T08:43:26.906" intervalms="21.531" />
  <attribute name="GC Util" value="406" />
  <attribute name="CPU Util" value="22442713494691" />
  <attribute name="Time Running"value="144678"/>
  <attribute name="Number of cores"value="16"/>
<gc-start id="1817" type="partial gc" contextid="1816" timestamp="2019-08-04T08:43:26.906">
  <mem-info id="1818" free="52428800" total="178257920" percent="29">
    <mem type="eden" free="0" total="52428800" percent="0" />
    <remembered-set count="4480" freebytes="7108480" totalbytes="7126400" percent="99" regionsoverflowed="0" regionsstable="9" regionsrebuilding="0"/>
  </mem-info>
</gc-start>
<allocation-stats totalBytes="49185544" >
  <allocated-bytes non-tlh="0" tlh="49185544" arrayletleaf="0"/>
  <largest-consumer threadName="main" threadId="0000000000C1FF00" bytes="49185544" />
</allocation-stats>
<gc-op id="1819" type="copy forward" timems="10.339" contextid="1816" timestamp="2019-08-04T08:43:26.918">
  <memory-copied type="eden" objects="12" bytes="33832" bytesdiscarded="2568" />
  <memory-copied type="other" objects="55" bytes="1904" bytesdiscarded="672" />
  <memory-cardclean objects="86" bytes="2464" />
  <remembered-set-cleared processed="1442" cleared="4" durationms="0.112" />
  <stringconstants candidates="13822" cleared="0"  />
</gc-op>
<gc-op id="1820" type="classunload" timems="0.011" contextid="1816" timestamp="2019-08-04T08:43:26.918">
  <classunload-info classloadercandidates="54" classloadersunloaded="0" classesunloaded="0" anonymousclassesunloaded="0" quiescems="0.000" setupms="0.010" scanms="0.000" postms="0.000" />
</gc-op>
<gc-end id="1821" type="partial gc" contextid="1816" durationms="11.715" usertimems="22.934" systemtimems="0.000" timestamp="2019-08-04T08:43:26.918" activeThreads="16">
  <mem-info id="1822" free="102760448" total="178257920" percent="57">
    <mem type="eden" free="2060752" total="2097152" percent="98" />
    <remembered-set count="5408" freebytes="7104768" totalbytes="7126400" percent="99" regionsoverflowed="0" regionsstable="9" regionsrebuilding="0"/>
  </mem-info>
</gc-end>
<cycle-end id="1823" type="partial gc" contextid="1816" timestamp="2019-08-04T08:43:26.918">
  <attribute name="GC Util" value="111" />
  <attribute name="CPU Util" value="21016732578003" />
  <attribute name="Time Running"value="144700"/>
  <attribute name="Number of cores"value="16"/>
</cycle-end>
<exclusive-end id="1824" timestamp="2019-08-04T08:43:26.918" durationms="12.430" />

<exclusive-start id="1825" timestamp="2019-08-04T08:43:27.134" intervalms="228.027">
  <response-info timems="0.020" idlems="0.020" threads="0" lastid="0000000000C1FF00" lastname="main" />
</exclusive-start>
<allocation-taxation id="1826" taxation-threshold="52428800" timestamp="2019-08-04T08:43:27.134" intervalms="228.023" />
<cycle-start id="1827" type="partial gc" contextid="0" timestamp="2019-08-04T08:43:27.134" intervalms="228.025" />
  <attribute name="GC Util" value="111" />
  <attribute name="CPU Util" value="21016732578003" />
  <attribute name="Time Running"value="144700"/>
  <attribute name="Number of cores"value="16"/>
<gc-start id="1828" type="partial gc" contextid="1827" timestamp="2019-08-04T08:43:27.134">
  <mem-info id="1829" free="50331648" total="178257920" percent="28">
    <mem type="eden" free="2060752" total="54525952" percent="3" />
    <remembered-set count="4928" freebytes="7106688" totalbytes="7126400" percent="99" regionsoverflowed="0" regionsstable="9" regionsrebuilding="0"/>
  </mem-info>
</gc-start>
<allocation-stats totalBytes="52423464" >
  <allocated-bytes non-tlh="0" tlh="52423464" arrayletleaf="0"/>
  <largest-consumer threadName="main" threadId="0000000000C1FF00" bytes="52423464" />
</allocation-stats>
<gc-op id="1830" type="copy forward" timems="6.934" contextid="1827" timestamp="2019-08-04T08:43:27.142">
  <memory-copied type="eden" objects="49" bytes="41168" bytesdiscarded="656" />
  <memory-copied type="other" objects="0" bytes="0" bytesdiscarded="0" />
  <memory-cardclean objects="88" bytes="2752" />
  <remembered-set-cleared processed="1450" cleared="8" durationms="0.146" />
  <stringconstants candidates="13822" cleared="0"  />
</gc-op>
<gc-op id="1831" type="classunload" timems="0.010" contextid="1827" timestamp="2019-08-04T08:43:27.142">
  <classunload-info classloadercandidates="54" classloadersunloaded="0" classesunloaded="0" anonymousclassesunloaded="0" quiescems="0.000" setupms="0.010" scanms="0.000" postms="0.000" />
</gc-op>
<gc-end id="1832" type="partial gc" contextid="1827" durationms="8.019" usertimems="17.748" systemtimems="0.000" timestamp="2019-08-04T08:43:27.142" activeThreads="16">
  <mem-info id="1833" free="102760448" total="178257920" percent="57">
    <mem type="eden" free="2055328" total="2097152" percent="98" />
    <remembered-set count="4992" freebytes="7106432" totalbytes="7126400" percent="99" regionsoverflowed="0" regionsstable="9" regionsrebuilding="0"/>
  </mem-info>
</gc-end>
<cycle-end id="1834" type="partial gc" contextid="1827" timestamp="2019-08-04T08:43:27.142">
  <attribute name="GC Util" value="161" />
  <attribute name="CPU Util" value="35114314827977" />
  <attribute name="Time Running"value="144928"/>
  <attribute name="Number of cores"value="16"/>
</cycle-end>
<exclusive-end id="1835" timestamp="2019-08-04T08:43:27.142" durationms="8.632" />

<exclusive-start id="1836" timestamp="2019-08-04T08:43:27.197" intervalms="62.899">
  <response-info timems="0.019" idlems="0.019" threads="0" lastid="0000000000C1FF00" lastname="main" />
</exclusive-start>
<allocation-taxation id="1837" taxation-threshold="52428800" timestamp="2019-08-04T08:43:27.197" intervalms="62.893" />
<cycle-start id="1838" type="partial gc" contextid="0" timestamp="2019-08-04T08:43:27.197" intervalms="62.885" />
  <attribute name="GC Util" value="161" />
  <attribute name="CPU Util" value="35114314827977" />
  <attribute name="Time Running"value="144928"/>
  <attribute name="Number of cores"value="16"/>
<gc-start id="1839" type="partial gc" contextid="1838" timestamp="2019-08-04T08:43:27.197">
  <mem-info id="1840" free="50331648" total="178257920" percent="28">
    <mem type="eden" free="0" total="52428800" percent="0" />
    <remembered-set count="4992" freebytes="7106432" totalbytes="7126400" percent="99" regionsoverflowed="0" regionsstable="9" regionsrebuilding="0"/>
  </mem-info>
</gc-start>
<allocation-stats totalBytes="52419136" >
  <allocated-bytes non-tlh="0" tlh="52419136" arrayletleaf="0"/>
  <largest-consumer threadName="main" threadId="0000000000C1FF00" bytes="52419136" />
</allocation-stats>
<gc-op id="1841" type="copy forward" timems="10.034" contextid="1838" timestamp="2019-08-04T08:43:27.209">
  <memory-copied type="eden" objects="33" bytes="1128" bytesdiscarded="1368" />
  <memory-copied type="other" objects="36" bytes="40696" bytesdiscarded="680" />
  <memory-cardclean objects="104" bytes="3176" />
  <remembered-set-cleared processed="1446" cleared="4" durationms="0.309" />
  <stringconstants candidates="13822" cleared="0"  />
</gc-op>
<gc-op id="1842" type="classunload" timems="0.011" contextid="1838" timestamp="2019-08-04T08:43:27.209">
  <classunload-info classloadercandidates="54" classloadersunloaded="0" classesunloaded="0" anonymousclassesunloaded="0" quiescems="0.000" setupms="0.011" scanms="0.000" postms="0.000" />
</gc-op>
<gc-end id="1843" type="partial gc" contextid="1838" durationms="11.872" usertimems="24.379" systemtimems="0.000" timestamp="2019-08-04T08:43:27.209" activeThreads="16">
  <mem-info id="1844" free="100663296" total="178257920" percent="56">
    <mem type="eden" free="2094656" total="2097152" percent="99" />
    <remembered-set count="5504" freebytes="7104384" totalbytes="7126400" percent="99" regionsoverflowed="0" regionsstable="9" regionsrebuilding="0"/>
  </mem-info>
</gc-end>
<cycle-end id="1845" type="partial gc" contextid="1838" timestamp="2019-08-04T08:43:27.209">
  <attribute name="GC Util" value="132" />
  <attribute name="CPU Util" value="14534539583428" />
  <attribute name="Time Running"value="144991"/>
  <attribute name="Number of cores"value="16"/>
</cycle-end>
<exclusive-end id="1846" timestamp="2019-08-04T08:43:27.209" durationms="12.433" />

<exclusive-start id="1847" timestamp="2019-08-04T08:43:27.287" intervalms="90.402">
  <response-info timems="0.023" idlems="0.023" threads="0" lastid="0000000000C1FF00" lastname="main" />
</exclusive-start>
<allocation-taxation id="1848" taxation-threshold="52428800" timestamp="2019-08-04T08:43:27.287" intervalms="90.406" />
<cycle-start id="1849" type="partial gc" contextid="0" timestamp="2019-08-04T08:43:27.287" intervalms="90.383" />
  <attribute name="GC Util" value="132" />
  <attribute name="CPU Util" value="14534539583428" />
  <attribute name="Time Running"value="144991"/>
  <attribute name="Number of cores"value="16"/>
<gc-start id="1850" type="partial gc" contextid="1849" timestamp="2019-08-04T08:43:27.287">
  <mem-info id="1851" free="48234496" total="178257920" percent="27">
    <mem type="eden" free="0" total="52428800" percent="0" />
    <remembered-set count="5024" freebytes="7106304" totalbytes="7126400" percent="99" regionsoverflowed="0" regionsstable="9" regionsrebuilding="0"/>
  </mem-info>
</gc-start>
<allocation-stats totalBytes="52410816" >
  <allocated-bytes non-tlh="0" tlh="52410816" arrayletleaf="0"/>
  <largest-consumer threadName="main" threadId="0000000000C1FF00" bytes="52410816" />
</allocation-stats>
<gc-op id="1852" type="copy forward" timems="7.493" contextid="1849" timestamp="2019-08-04T08:43:27.296">
  <memory-copied type="eden" objects="30" bytes="920" bytesdiscarded="0" />
  <memory-copied type="other" objects="13" bytes="320" bytesdiscarded="568" />
  <memory-cardclean objects="103" bytes="2712" />
  <remembered-set-cleared processed="1450" cleared="11" durationms="0.139" />
  <stringconstants candidates="13822" cleared="0"  />
</gc-op>
<gc-op id="1853" type="classunload" timems="0.010" contextid="1849" timestamp="2019-08-04T08:43:27.296">
  <classunload-info classloadercandidates="54" classloadersunloaded="0" classesunloaded="0" anonymousclassesunloaded="0" quiescems="0.000" setupms="0.010" scanms="0.000" postms="0.000" />
</gc-op>
<gc-end id="1854" type="partial gc" contextid="1849" durationms="8.571" usertimems="18.439" systemtimems="0.000" timestamp="2019-08-04T08:43:27.296" activeThreads="16">
  <mem-info id="1855" free="98566144" total="178257920" percent="55">
    <mem type="eden" free="2096232" total="2097152" percent="99" />
    <remembered-set count="5056" freebytes="7106176" totalbytes="7126400" percent="99" regionsoverflowed="0" regionsstable="9" regionsrebuilding="0"/>
  </mem-info>
</gc-end>
<cycle-end id="1856" type="partial gc" contextid="1849" timestamp="2019-08-04T08:43:27.296">
  <attribute name="GC Util" value="189" />
  <attribute name="CPU Util" value="32031101633098" />
  <attribute name="Time Running"value="145081"/>
  <attribute name="Number of cores"value="16"/>
</cycle-end>
<exclusive-end id="1857" timestamp="2019-08-04T08:43:27.296" durationms="9.179" />

<exclusive-start id="1858" timestamp="2019-08-04T08:43:27.420" intervalms="132.745">
  <response-info timems="0.025" idlems="0.025" threads="0" lastid="0000000000C1FF00" lastname="main" />
</exclusive-start>
<allocation-taxation id="1859" taxation-threshold="52428800" timestamp="2019-08-04T08:43:27.420" intervalms="132.750" />
<cycle-start id="1860" type="partial gc" contextid="0" timestamp="2019-08-04T08:43:27.420" intervalms="132.785" />
  <attribute name="GC Util" value="189" />
  <attribute name="CPU Util" value="32031101633098" />
  <attribute name="Time Running"value="145081"/>
  <attribute name="Number of cores"value="16"/>
<gc-start id="1861" type="partial gc" contextid="1860" timestamp="2019-08-04T08:43:27.420">
  <mem-info id="1862" free="46137344" total="178257920" percent="25">
    <mem type="eden" free="0" total="52428800" percent="0" />
    <remembered-set count="4864" freebytes="7106944" totalbytes="7126400" percent="99" regionsoverflowed="0" regionsstable="9" regionsrebuilding="0"/>
  </mem-info>
</gc-start>
<allocation-stats totalBytes="52423592" >
  <allocated-bytes non-tlh="0" tlh="52423592" arrayletleaf="0"/>
  <largest-consumer threadName="main" threadId="0000000000C1FF00" bytes="52423592" />
</allocation-stats>
<gc-op id="1863" type="copy forward" timems="7.412" contextid="1860" timestamp="2019-08-04T08:43:27.429">
  <memory-copied type="eden" objects="35" bytes="1016" bytesdiscarded="696" />
  <memory-copied type="other" objects="6" bytes="136" bytesdiscarded="648" />
  <memory-cardclean objects="81" bytes="2104" />
  <remembered-set-cleared processed="1454" cleared="7" durationms="0.132" />
  <stringconstants candidates="13822" cleared="0"  />
</gc-op>
<gc-op id="1864" type="classunload" timems="0.009" contextid="1860" timestamp="2019-08-04T08:43:27.429">
  <classunload-info classloadercandidates="54" classloadersunloaded="0" classesunloaded="0" anonymousclassesunloaded="0" quiescems="0.000" setupms="0.009" scanms="0.000" postms="0.000" />
</gc-op>
<gc-end id="1865" type="partial gc" contextid="1860" durationms="9.054" usertimems="21.223" systemtimems="0.000" timestamp="2019-08-04T08:43:27.429" activeThreads="16">
  <mem-info id="1866" free="96468992" total="178257920" percent="54">
    <mem type="eden" free="2095440" total="2097152" percent="99" />
    <remembered-set count="5760" freebytes="7103360" totalbytes="7126400" percent="99" regionsoverflowed="0" regionsstable="9" regionsrebuilding="0"/>
  </mem-info>
</gc-end>
<cycle-end id="1867" type="partial gc" contextid="1860" timestamp="2019-08-04T08:43:27.429">
  <attribute name="GC Util" value="217" />
  <attribute name="CPU Util" value="18330892221774" />
  <attribute name="Time Running"value="145214"/>
  <attribute name="Number of cores"value="16"/>
</cycle-end>
<exclusive-end id="1868" timestamp="2019-08-04T08:43:27.430" durationms="9.674" />

<exclusive-start id="1869" timestamp="2019-08-04T08:43:27.505" intervalms="85.049">
  <response-info timems="0.019" idlems="0.019" threads="0" lastid="0000000000C1FF00" lastname="main" />
</exclusive-start>
<allocation-taxation id="1870" taxation-threshold="52428800" timestamp="2019-08-04T08:43:27.505" intervalms="85.041" />
<cycle-start id="1871" type="partial gc" contextid="0" timestamp="2019-08-04T08:43:27.505" intervalms="85.027" />
  <attribute name="GC Util" value="217" />
  <attribute name="CPU Util" value="18330892221774" />
  <attribute name="Time Running"value="145214"/>
  <attribute name="Number of cores"value="16"/>
<gc-start id="1872" type="partial gc" contextid="1871" timestamp="2019-08-04T08:43:27.505">
  <mem-info id="1873" free="44040192" total="178257920" percent="24">
    <mem type="eden" free="0" total="52428800" percent="0" />
    <remembered-set count="5440" freebytes="7104640" totalbytes="7126400" percent="99" regionsoverflowed="0" regionsstable="9" regionsrebuilding="0"/>
  </mem-info>
</gc-start>
<allocation-stats totalBytes="52422752" >
  <allocated-bytes non-tlh="0" tlh="52422752" arrayletleaf="0"/>
  <largest-consumer threadName="main" threadId="0000000000C1FF00" bytes="52422752" />
</allocation-stats>
<gc-op id="1874" type="copy forward" timems="10.226" contextid="1871" timestamp="2019-08-04T08:43:27.516">
  <memory-copied type="eden" objects="21" bytes="672" bytesdiscarded="0" />
  <memory-copied type="other" objects="12" bytes="272" bytesdiscarded="1360" />
  <memory-cardclean objects="73" bytes="1896" />
  <remembered-set-cleared processed="1456" cleared="6" durationms="0.111" />
  <stringconstants candidates="13822" cleared="0"  />
</gc-op>
<gc-op id="1875" type="classunload" timems="0.014" contextid="1871" timestamp="2019-08-04T08:43:27.518">
  <classunload-info classloadercandidates="54" classloadersunloaded="0" classesunloaded="0" anonymousclassesunloaded="0" quiescems="0.000" setupms="0.014" scanms="0.000" postms="0.000" />
</gc-op>
<gc-end id="1876" type="partial gc" contextid="1871" durationms="12.638" usertimems="24.854" systemtimems="0.000" timestamp="2019-08-04T08:43:27.518" activeThreads="16">
  <mem-info id="1877" free="94371840" total="178257920" percent="52">
    <mem type="eden" free="2096480" total="2097152" percent="99" />
    <remembered-set count="5824" freebytes="7103104" totalbytes="7126400" percent="99" regionsoverflowed="0" regionsstable="9" regionsrebuilding="0"/>
  </mem-info>
</gc-end>
<cycle-end id="1878" type="partial gc" contextid="1871" timestamp="2019-08-04T08:43:27.518">
  <attribute name="GC Util" value="116" />
  <attribute name="CPU Util" value="28764608541399" />
  <attribute name="Time Running"value="145299"/>
  <attribute name="Number of cores"value="16"/>
</cycle-end>
<exclusive-end id="1879" timestamp="2019-08-04T08:43:27.518" durationms="13.348" />

<exclusive-start id="1880" timestamp="2019-08-04T08:43:27.629" intervalms="124.334">
  <response-info timems="0.023" idlems="0.023" threads="0" lastid="0000000000C1FF00" lastname="main" />
</exclusive-start>
<allocation-taxation id="1881" taxation-threshold="52428800" timestamp="2019-08-04T08:43:27.629" intervalms="124.340" />
<cycle-start id="1882" type="partial gc" contextid="0" timestamp="2019-08-04T08:43:27.629" intervalms="124.330" />
  <attribute name="GC Util" value="116" />
  <attribute name="CPU Util" value="28764608541399" />
  <attribute name="Time Running"value="145299"/>
  <attribute name="Number of cores"value="16"/>
<gc-start id="1883" type="partial gc" contextid="1882" timestamp="2019-08-04T08:43:27.630">
  <mem-info id="1884" free="41943040" total="178257920" percent="23">
    <mem type="eden" free="0" total="52428800" percent="0" />
    <remembered-set count="5344" freebytes="7105024" totalbytes="7126400" percent="99" regionsoverflowed="0" regionsstable="9" regionsrebuilding="0"/>
  </mem-info>
</gc-start>
<allocation-stats totalBytes="52426120" >
  <allocated-bytes non-tlh="0" tlh="52426120" arrayletleaf="0"/>
  <largest-consumer threadName="main" threadId="0000000000C1FF00" bytes="52426120" />
</allocation-stats>
<gc-op id="1885" type="copy forward" timems="7.952" contextid="1882" timestamp="2019-08-04T08:43:27.639">
  <memory-copied type="eden" objects="25" bytes="736" bytesdiscarded="640" />
  <memory-copied type="other" objects="6" bytes="136" bytesdiscarded="648" />
  <memory-cardclean objects="63" bytes="1800" />
  <remembered-set-cleared processed="1459" cleared="5" durationms="0.116" />
  <stringconstants candidates="13822" cleared="0"  />
</gc-op>
<gc-op id="1886" type="classunload" timems="0.016" contextid="1882" timestamp="2019-08-04T08:43:27.639">
  <classunload-info classloadercandidates="54" classloadersunloaded="0" classesunloaded="0" anonymousclassesunloaded="0" quiescems="0.000" setupms="0.015" scanms="0.000" postms="0.000" />
</gc-op>
<gc-end id="1887" type="partial gc" contextid="1882" durationms="9.178" usertimems="21.183" systemtimems="0.000" timestamp="2019-08-04T08:43:27.639" activeThreads="16">
  <mem-info id="1888" free="92274688" total="178257920" percent="51">
    <mem type="eden" free="2095776" total="2097152" percent="99" />
    <remembered-set count="5440" freebytes="7104640" totalbytes="7126400" percent="99" regionsoverflowed="0" regionsstable="9" regionsrebuilding="0"/>
  </mem-info>
</gc-end>
<cycle-end id="1889" type="partial gc" contextid="1882" timestamp="2019-08-04T08:43:27.639">
  <attribute name="GC Util" value="146" />
  <attribute name="CPU Util" value="28640809498105" />
  <attribute name="Time Running"value="145423"/>
  <attribute name="Number of cores"value="16"/>
</cycle-end>
<exclusive-end id="1890" timestamp="2019-08-04T08:43:27.639" durationms="9.793" />

<exclusive-start id="1891" timestamp="2019-08-04T08:43:27.765" intervalms="135.977">
  <response-info timems="0.030" idlems="0.030" threads="0" lastid="0000000000C1FF00" lastname="main" />
</exclusive-start>
<allocation-taxation id="1892" taxation-threshold="52428800" timestamp="2019-08-04T08:43:27.765" intervalms="135.967" />
<cycle-start id="1893" type="partial gc" contextid="0" timestamp="2019-08-04T08:43:27.765" intervalms="135.958" />
  <attribute name="GC Util" value="146" />
  <attribute name="CPU Util" value="28640809498105" />
  <attribute name="Time Running"value="145423"/>
  <attribute name="Number of cores"value="16"/>
<gc-start id="1894" type="partial gc" contextid="1893" timestamp="2019-08-04T08:43:27.766">
  <mem-info id="1895" free="39845888" total="178257920" percent="22">
    <mem type="eden" free="0" total="52428800" percent="0" />
    <remembered-set count="5088" freebytes="7106048" totalbytes="7126400" percent="99" regionsoverflowed="0" regionsstable="9" regionsrebuilding="0"/>
  </mem-info>
</gc-start>
<allocation-stats totalBytes="52424912" >
  <allocated-bytes non-tlh="0" tlh="52424912" arrayletleaf="0"/>
  <largest-consumer threadName="main" threadId="0000000000C1FF00" bytes="52424912" />
</allocation-stats>
<gc-op id="1896" type="copy forward" timems="7.832" contextid="1893" timestamp="2019-08-04T08:43:27.775">
  <memory-copied type="eden" objects="41" bytes="1096" bytesdiscarded="560" />
  <memory-copied type="other" objects="12" bytes="272" bytesdiscarded="688" />
  <memory-cardclean objects="79" bytes="2176" />
  <remembered-set-cleared processed="1462" cleared="10" durationms="0.184" />
  <stringconstants candidates="13822" cleared="0"  />
</gc-op>
<gc-op id="1897" type="classunload" timems="0.011" contextid="1893" timestamp="2019-08-04T08:43:27.775">
  <classunload-info classloadercandidates="54" classloadersunloaded="0" classesunloaded="0" anonymousclassesunloaded="0" quiescems="0.000" setupms="0.011" scanms="0.000" postms="0.000" />
</gc-op>
<gc-end id="1898" type="partial gc" contextid="1893" durationms="9.303" usertimems="21.958" systemtimems="0.000" timestamp="2019-08-04T08:43:27.775" activeThreads="16">
  <mem-info id="1899" free="90177536" total="178257920" percent="50">
    <mem type="eden" free="2095496" total="2097152" percent="99" />
    <remembered-set count="5504" freebytes="7104384" totalbytes="7126400" percent="99" regionsoverflowed="0" regionsstable="9" regionsrebuilding="0"/>
  </mem-info>
</gc-end>
<cycle-end id="1900" type="partial gc" contextid="1893" timestamp="2019-08-04T08:43:27.775">
  <attribute name="GC Util" value="259" />
  <attribute name="CPU Util" value="18820134929752" />
  <attribute name="Time Running"value="145559"/>
  <attribute name="Number of cores"value="16"/>
</cycle-end>
<exclusive-end id="1901" timestamp="2019-08-04T08:43:27.775" durationms="9.833" />

<exclusive-start id="1902" timestamp="2019-08-04T08:43:27.854" intervalms="89.060">
  <response-info timems="0.027" idlems="0.027" threads="0" lastid="0000000000C1FF00" lastname="main" />
</exclusive-start>
<allocation-taxation id="1903" taxation-threshold="52428800" timestamp="2019-08-04T08:43:27.854" intervalms="89.076" />
<cycle-start id="1904" type="partial gc" contextid="0" timestamp="2019-08-04T08:43:27.854" intervalms="89.084" />
  <attribute name="GC Util" value="259" />
  <attribute name="CPU Util" value="18820134929752" />
  <attribute name="Time Running"value="145559"/>
  <attribute name="Number of cores"value="16"/>
<gc-start id="1905" type="partial gc" contextid="1904" timestamp="2019-08-04T08:43:27.855">
  <mem-info id="1906" free="37748736" total="178257920" percent="21">
    <mem type="eden" free="0" total="52428800" percent="0" />
    <remembered-set count="5504" freebytes="7104384" totalbytes="7126400" percent="99" regionsoverflowed="0" regionsstable="9" regionsrebuilding="0"/>
  </mem-info>
</gc-start>
<allocation-stats totalBytes="52425448" >
  <allocated-bytes non-tlh="0" tlh="52425448" arrayletleaf="0"/>
  <largest-consumer threadName="main" threadId="0000000000C1FF00" bytes="52425448" />
</allocation-stats>
<gc-op id="1907" type="copy forward" timems="8.759" contextid="1904" timestamp="2019-08-04T08:43:27.865">
  <memory-copied type="eden" objects="29" bytes="872" bytesdiscarded="680" />
  <memory-copied type="other" objects="24" bytes="544" bytesdiscarded="608" />
  <memory-cardclean objects="73" bytes="2128" />
  <remembered-set-cleared processed="1463" cleared="10" durationms="0.240" />
  <stringconstants candidates="13822" cleared="0"  />
</gc-op>
<gc-op id="1908" type="classunload" timems="0.015" contextid="1904" timestamp="2019-08-04T08:43:27.865">
  <classunload-info classloadercandidates="54" classloadersunloaded="0" classesunloaded="0" anonymousclassesunloaded="0" quiescems="0.000" setupms="0.015" scanms="0.000" postms="0.000" />
</gc-op>
<gc-end id="1909" type="partial gc" contextid="1904" durationms="10.286" usertimems="24.893" systemtimems="0.000" timestamp="2019-08-04T08:43:27.865" activeThreads="16">
  <mem-info id="1910" free="88080384" total="178257920" percent="49">
    <mem type="eden" free="2095600" total="2097152" percent="99" />
    <remembered-set count="6048" freebytes="7102208" totalbytes="7126400" percent="99" regionsoverflowed="0" regionsstable="9" regionsrebuilding="0"/>
  </mem-info>
</gc-end>
<cycle-end id="1911" type="partial gc" contextid="1904" timestamp="2019-08-04T08:43:27.865">
  <attribute name="GC Util" value="240" />
  <attribute name="CPU Util" value="18494384986262" />
  <attribute name="Time Running"value="145649"/>
  <attribute name="Number of cores"value="16"/>
</cycle-end>
<exclusive-end id="1912" timestamp="2019-08-04T08:43:27.865" durationms="10.876" />

<exclusive-start id="1913" timestamp="2019-08-04T08:43:27.929" intervalms="74.785">
  <response-info timems="0.020" idlems="0.020" threads="0" lastid="0000000000C1FF00" lastname="main" />
</exclusive-start>
<allocation-taxation id="1914" taxation-threshold="52428800" timestamp="2019-08-04T08:43:27.929" intervalms="74.777" />
<cycle-start id="1915" type="partial gc" contextid="0" timestamp="2019-08-04T08:43:27.929" intervalms="74.762" />
  <attribute name="GC Util" value="240" />
  <attribute name="CPU Util" value="18494384986262" />
  <attribute name="Time Running"value="145649"/>
  <attribute name="Number of cores"value="16"/>
<gc-start id="1916" type="partial gc" contextid="1915" timestamp="2019-08-04T08:43:27.929">
  <mem-info id="1917" free="35651584" total="178257920" percent="20">
    <mem type="eden" free="0" total="52428800" percent="0" />
    <remembered-set count="6048" freebytes="7102208" totalbytes="7126400" percent="99" regionsoverflowed="0" regionsstable="9" regionsrebuilding="0"/>
  </mem-info>
</gc-start>
<allocation-stats totalBytes="52425000" >
  <allocated-bytes non-tlh="0" tlh="52425000" arrayletleaf="0"/>
  <largest-consumer threadName="main" threadId="0000000000C1FF00" bytes="52425000" />
</allocation-stats>
<gc-op id="1918" type="copy forward" timems="14.790" contextid="1915" timestamp="2019-08-04T08:43:27.946">
  <memory-copied type="eden" objects="29" bytes="864" bytesdiscarded="0" />
  <memory-copied type="other" objects="6" bytes="136" bytesdiscarded="752" />
  <memory-cardclean objects="48" bytes="1432" />
  <remembered-set-cleared processed="1467" cleared="6" durationms="0.388" />
  <stringconstants candidates="13822" cleared="0"  />
</gc-op>
<gc-op id="1919" type="classunload" timems="0.013" contextid="1915" timestamp="2019-08-04T08:43:27.946">
  <classunload-info classloadercandidates="54" classloadersunloaded="0" classesunloaded="0" anonymousclassesunloaded="0" quiescems="0.000" setupms="0.013" scanms="0.000" postms="0.000" />
</gc-op>
<gc-end id="1920" type="partial gc" contextid="1915" durationms="16.565" usertimems="31.856" systemtimems="0.000" timestamp="2019-08-04T08:43:27.946" activeThreads="16">
  <mem-info id="1921" free="85983232" total="178257920" percent="48">
    <mem type="eden" free="2096288" total="2097152" percent="99" />
    <remembered-set count="5792" freebytes="7103232" totalbytes="7126400" percent="99" regionsoverflowed="0" regionsstable="9" regionsrebuilding="0"/>
  </mem-info>
</gc-end>
<cycle-end id="1922" type="partial gc" contextid="1915" timestamp="2019-08-04T08:43:27.946">
  <attribute name="GC Util" value="248" />
  <attribute name="CPU Util" value="14696562746627" />
  <attribute name="Time Running"value="145724"/>
  <attribute name="Number of cores"value="16"/>
</cycle-end>
<exclusive-end id="1923" timestamp="2019-08-04T08:43:27.946" durationms="17.133" />

<exclusive-start id="1924" timestamp="2019-08-04T08:43:28.083" intervalms="153.911">
  <response-info timems="0.018" idlems="0.018" threads="0" lastid="0000000000C1FF00" lastname="main" />
</exclusive-start>
<allocation-taxation id="1925" taxation-threshold="52428800" timestamp="2019-08-04T08:43:28.083" intervalms="153.904" />
<cycle-start id="1926" type="partial gc" contextid="0" timestamp="2019-08-04T08:43:28.083" intervalms="153.917" />
  <attribute name="GC Util" value="248" />
  <attribute name="CPU Util" value="14696562746627" />
  <attribute name="Time Running"value="145724"/>
  <attribute name="Number of cores"value="16"/>
<gc-start id="1927" type="partial gc" contextid="1926" timestamp="2019-08-04T08:43:28.083">
  <mem-info id="1928" free="33554432" total="178257920" percent="18">
    <mem type="eden" free="0" total="52428800" percent="0" />
    <remembered-set count="5472" freebytes="7104512" totalbytes="7126400" percent="99" regionsoverflowed="0" regionsstable="9" regionsrebuilding="0"/>
  </mem-info>
</gc-start>
<allocation-stats totalBytes="52395104" >
  <allocated-bytes non-tlh="0" tlh="52395104" arrayletleaf="0"/>
  <largest-consumer threadName="main" threadId="0000000000C1FF00" bytes="52395104" />
</allocation-stats>
<gc-op id="1929" type="copy forward" timems="8.818" contextid="1926" timestamp="2019-08-04T08:43:28.093">
  <memory-copied type="eden" objects="46" bytes="1992" bytesdiscarded="456" />
  <memory-copied type="other" objects="6" bytes="136" bytesdiscarded="672" />
  <memory-cardclean objects="84" bytes="2288" />
  <remembered-set-cleared processed="1468" cleared="10" durationms="0.122" />
  <stringconstants candidates="13822" cleared="0"  />
</gc-op>
<gc-op id="1930" type="classunload" timems="0.010" contextid="1926" timestamp="2019-08-04T08:43:28.093">
  <classunload-info classloadercandidates="54" classloadersunloaded="0" classesunloaded="0" anonymousclassesunloaded="0" quiescems="0.000" setupms="0.009" scanms="0.000" postms="0.000" />
</gc-op>
<gc-end id="1931" type="partial gc" contextid="1926" durationms="9.860" usertimems="23.652" systemtimems="0.000" timestamp="2019-08-04T08:43:28.093" activeThreads="16">
  <mem-info id="1932" free="83886080" total="178257920" percent="47">
    <mem type="eden" free="2094704" total="2097152" percent="99" />
    <remembered-set count="6368" freebytes="7100928" totalbytes="7126400" percent="99" regionsoverflowed="0" regionsstable="9" regionsrebuilding="0"/>
  </mem-info>
</gc-end>
<cycle-end id="1933" type="partial gc" contextid="1926" timestamp="2019-08-04T08:43:28.093">
  <attribute name="GC Util" value="160" />
  <attribute name="CPU Util" value="37549934850963" />
  <attribute name="Time Running"value="145877"/>
  <attribute name="Number of cores"value="16"/>
</cycle-end>
<exclusive-end id="1934" timestamp="2019-08-04T08:43:28.093" durationms="10.499" />

<exclusive-start id="1935" timestamp="2019-08-04T08:43:28.176" intervalms="92.910">
  <response-info timems="0.025" idlems="0.025" threads="0" lastid="0000000000C1FF00" lastname="main" />
</exclusive-start>
<allocation-taxation id="1936" taxation-threshold="52428800" timestamp="2019-08-04T08:43:28.176" intervalms="92.929" />
<cycle-start id="1937" type="partial gc" contextid="0" timestamp="2019-08-04T08:43:28.176" intervalms="92.929" />
  <attribute name="GC Util" value="160" />
  <attribute name="CPU Util" value="37549934850963" />
  <attribute name="Time Running"value="145877"/>
  <attribute name="Number of cores"value="16"/>
<gc-start id="1938" type="partial gc" contextid="1937" timestamp="2019-08-04T08:43:28.176">
  <mem-info id="1939" free="31457280" total="178257920" percent="17">
    <mem type="eden" free="0" total="52428800" percent="0" />
    <remembered-set count="5888" freebytes="7102848" totalbytes="7126400" percent="99" regionsoverflowed="0" regionsstable="9" regionsrebuilding="0"/>
  </mem-info>
</gc-start>
<allocation-stats totalBytes="52400880" >
  <allocated-bytes non-tlh="0" tlh="52400880" arrayletleaf="0"/>
  <largest-consumer threadName="main" threadId="0000000000C1FF00" bytes="52400880" />
</allocation-stats>
<gc-op id="1940" type="copy forward" timems="9.579" contextid="1937" timestamp="2019-08-04T08:43:28.187">
  <memory-copied type="eden" objects="25" bytes="752" bytesdiscarded="0" />
  <memory-copied type="other" objects="18" bytes="408" bytesdiscarded="480" />
  <memory-cardclean objects="80" bytes="2272" />
  <remembered-set-cleared processed="1469" cleared="9" durationms="0.460" />
  <stringconstants candidates="13822" cleared="0"  />
</gc-op>
<gc-op id="1941" type="classunload" timems="0.017" contextid="1937" timestamp="2019-08-04T08:43:28.187">
  <classunload-info classloadercandidates="54" classloadersunloaded="0" classesunloaded="0" anonymousclassesunloaded="0" quiescems="0.000" setupms="0.016" scanms="0.000" postms="0.000" />
</gc-op>
<gc-end id="1942" type="partial gc" contextid="1937" durationms="10.791" usertimems="25.443" systemtimems="0.000" timestamp="2019-08-04T08:43:28.187" activeThreads="16">
  <mem-info id="1943" free="81788928" total="178257920" percent="45">
    <mem type="eden" free="2096400" total="2097152" percent="99" />
    <remembered-set count="5920" freebytes="7102720" totalbytes="7126400" percent="99" regionsoverflowed="0" regionsstable="9" regionsrebuilding="0"/>
  </mem-info>
</gc-end>
<cycle-end id="1944" type="partial gc" contextid="1937" timestamp="2019-08-04T08:43:28.187">
  <attribute name="GC Util" value="141" />
  <attribute name="CPU Util" value="30830332111379" />
  <attribute name="Time Running"value="145970"/>
  <attribute name="Number of cores"value="16"/>
</cycle-end>
<exclusive-end id="1945" timestamp="2019-08-04T08:43:28.187" durationms="11.514" />

<exclusive-start id="1946" timestamp="2019-08-04T08:43:28.215" intervalms="39.449">
  <response-info timems="0.024" idlems="0.024" threads="0" lastid="0000000000C1FF00" lastname="main" />
</exclusive-start>
<allocation-taxation id="1947" taxation-threshold="52428800" timestamp="2019-08-04T08:43:28.215" intervalms="39.440" />
<cycle-start id="1948" type="partial gc" contextid="0" timestamp="2019-08-04T08:43:28.215" intervalms="39.435" />
  <attribute name="GC Util" value="141" />
  <attribute name="CPU Util" value="30830332111379" />
  <attribute name="Time Running"value="145970"/>
  <attribute name="Number of cores"value="16"/>
<gc-start id="1949" type="partial gc" contextid="1948" timestamp="2019-08-04T08:43:28.216">
  <mem-info id="1950" free="29360128" total="178257920" percent="16">
    <mem type="eden" free="0" total="52428800" percent="0" />
    <remembered-set count="5440" freebytes="7104640" totalbytes="7126400" percent="99" regionsoverflowed="0" regionsstable="9" regionsrebuilding="0"/>
  </mem-info>
</gc-start>
<allocation-stats totalBytes="52358328" >
  <allocated-bytes non-tlh="0" tlh="52358328" arrayletleaf="0"/>
  <largest-consumer threadName="main" threadId="0000000000C1FF00" bytes="52358328" />
</allocation-stats>
<gc-op id="1951" type="copy forward" timems="8.665" contextid="1948" timestamp="2019-08-04T08:43:28.225">
  <memory-copied type="eden" objects="24" bytes="1272" bytesdiscarded="696" />
  <memory-copied type="other" objects="6" bytes="136" bytesdiscarded="672" />
  <memory-cardclean objects="51" bytes="1496" />
  <remembered-set-cleared processed="1473" cleared="7" durationms="0.131" />
  <stringconstants candidates="13822" cleared="0"  />
</gc-op>
<gc-op id="1952" type="classunload" timems="0.017" contextid="1948" timestamp="2019-08-04T08:43:28.225">
  <classunload-info classloadercandidates="54" classloadersunloaded="0" classesunloaded="0" anonymousclassesunloaded="0" quiescems="0.000" setupms="0.017" scanms="0.000" postms="0.000" />
</gc-op>
<heap-resize id="1953" type="expand" space="default" amount="31457280" count="1" timems="0.163" reason="excessive time being spent in gc" timestamp="2019-08-04T08:43:28.226" />
<gc-end id="1954" type="partial gc" contextid="1948" durationms="10.067" usertimems="23.413" systemtimems="0.000" timestamp="2019-08-04T08:43:28.226" activeThreads="16">
  <mem-info id="1955" free="111149056" total="209715200" percent="53">
    <mem type="eden" free="2095184" total="2097152" percent="99" />
    <remembered-set count="6048" freebytes="8359808" totalbytes="8384000" percent="99" regionsoverflowed="0" regionsstable="9" regionsrebuilding="0"/>
  </mem-info>
</gc-end>
<cycle-end id="1956" type="partial gc" contextid="1948" timestamp="2019-08-04T08:43:28.226">
  <attribute name="GC Util" value="155" />
  <attribute name="CPU Util" value="28011831492262" />
  <attribute name="Time Running"value="146009"/>
  <attribute name="Number of cores"value="16"/>
</cycle-end>
<exclusive-end id="1957" timestamp="2019-08-04T08:43:28.226" durationms="10.657" />

<exclusive-start id="1958" timestamp="2019-08-04T08:43:28.250" intervalms="34.246">
  <response-info timems="0.031" idlems="0.031" threads="0" lastid="0000000000C1FF00" lastname="main" />
</exclusive-start>
<allocation-taxation id="1959" taxation-threshold="58720256" timestamp="2019-08-04T08:43:28.250" intervalms="34.308" />
<cycle-start id="1960" type="partial gc" contextid="0" timestamp="2019-08-04T08:43:28.250" intervalms="34.306" />
  <attribute name="GC Util" value="155" />
  <attribute name="CPU Util" value="28011831492262" />
  <attribute name="Time Running"value="146009"/>
  <attribute name="Number of cores"value="16"/>
<gc-start id="1961" type="partial gc" contextid="1960" timestamp="2019-08-04T08:43:28.250">
  <mem-info id="1962" free="52428800" total="209715200" percent="25">
    <mem type="eden" free="0" total="58720256" percent="0" />
    <remembered-set count="5600" freebytes="8361600" totalbytes="8384000" percent="99" regionsoverflowed="0" regionsstable="9" regionsrebuilding="0"/>
  </mem-info>
</gc-start>
<allocation-stats totalBytes="58615832" >
  <allocated-bytes non-tlh="0" tlh="58615832" arrayletleaf="0"/>
  <largest-consumer threadName="main" threadId="0000000000C1FF00" bytes="58615832" />
</allocation-stats>
<gc-op id="1963" type="copy forward" timems="11.597" contextid="1960" timestamp="2019-08-04T08:43:28.263">
  <memory-copied type="eden" objects="4" bytes="104" bytesdiscarded="0" />
  <memory-copied type="other" objects="21" bytes="1200" bytesdiscarded="696" />
  <memory-cardclean objects="36" bytes="1248" />
  <remembered-set-cleared processed="1475" cleared="8" durationms="0.149" />
  <stringconstants candidates="13822" cleared="0"  />
</gc-op>
<gc-op id="1964" type="classunload" timems="0.012" contextid="1960" timestamp="2019-08-04T08:43:28.263">
  <classunload-info classloadercandidates="54" classloadersunloaded="0" classesunloaded="0" anonymousclassesunloaded="0" quiescems="0.000" setupms="0.012" scanms="0.000" postms="0.000" />
</gc-op>
<heap-resize id="1965" type="expand" space="default" amount="35651584" count="1" timems="0.216" reason="excessive time being spent in gc" timestamp="2019-08-04T08:43:28.263" />
<gc-end id="1966" type="partial gc" contextid="1960" durationms="13.226" usertimems="29.965" systemtimems="0.000" timestamp="2019-08-04T08:43:28.263" activeThreads="16">
  <mem-info id="1967" free="144703488" total="245366784" percent="58">
    <mem type="eden" free="2097048" total="2097152" percent="99" />
    <remembered-set count="6080" freebytes="9784960" totalbytes="9809280" percent="99" regionsoverflowed="0" regionsstable="9" regionsrebuilding="0"/>
  </mem-info>
</gc-end>
<cycle-end id="1968" type="partial gc" contextid="1960" timestamp="2019-08-04T08:43:28.263">
  <attribute name="GC Util" value="133" />
  <attribute name="CPU Util" value="30179116352556" />
  <attribute name="Time Running"value="146044"/>
  <attribute name="Number of cores"value="16"/>
</cycle-end>
<exclusive-end id="1969" timestamp="2019-08-04T08:43:28.263" durationms="13.867" />

<exclusive-start id="1970" timestamp="2019-08-04T08:43:28.296" intervalms="46.125">
  <response-info timems="0.022" idlems="0.022" threads="0" lastid="0000000000C1FF00" lastname="main" />
</exclusive-start>
<allocation-taxation id="1971" taxation-threshold="69206016" timestamp="2019-08-04T08:43:28.296" intervalms="46.063" />
<cycle-start id="1972" type="partial gc" contextid="0" timestamp="2019-08-04T08:43:28.296" intervalms="46.120" />
  <attribute name="GC Util" value="133" />
  <attribute name="CPU Util" value="30179116352556" />
  <attribute name="Time Running"value="146044"/>
  <attribute name="Number of cores"value="16"/>
<gc-start id="1973" type="partial gc" contextid="1972" timestamp="2019-08-04T08:43:28.296">
  <mem-info id="1974" free="75497472" total="245366784" percent="30">
    <mem type="eden" free="2097048" total="71303168" percent="2" />
    <remembered-set count="5664" freebytes="9786624" totalbytes="9809280" percent="99" regionsoverflowed="0" regionsstable="9" regionsrebuilding="0"/>
  </mem-info>
</gc-start>
<allocation-stats totalBytes="69084136" >
  <allocated-bytes non-tlh="0" tlh="69084136" arrayletleaf="0"/>
  <largest-consumer threadName="main" threadId="0000000000C1FF00" bytes="69084136" />
</allocation-stats>
<gc-op id="1975" type="copy forward" timems="12.601" contextid="1972" timestamp="2019-08-04T08:43:28.310">
  <memory-copied type="eden" objects="3" bytes="72" bytesdiscarded="720" />
  <memory-copied type="other" objects="21" bytes="1200" bytesdiscarded="568" />
  <memory-cardclean objects="36" bytes="1248" />
  <remembered-set-cleared processed="1475" cleared="8" durationms="0.134" />
  <stringconstants candidates="13822" cleared="0"  />
</gc-op>
<gc-op id="1976" type="classunload" timems="0.011" contextid="1972" timestamp="2019-08-04T08:43:28.310">
  <classunload-info classloadercandidates="54" classloadersunloaded="0" classesunloaded="0" anonymousclassesunloaded="0" quiescems="0.000" setupms="0.011" scanms="0.000" postms="0.000" />
</gc-op>
<heap-resize id="1977" type="expand" space="default" amount="6291456" count="1" timems="0.099" reason="excessive time being spent in gc" timestamp="2019-08-04T08:43:28.310" />
<gc-end id="1978" type="partial gc" contextid="1972" durationms="14.248" usertimems="32.886" systemtimems="0.000" timestamp="2019-08-04T08:43:28.310" activeThreads="16">
  <mem-info id="1979" free="150994944" total="251658240" percent="60">
    <mem type="eden" free="2096360" total="2097152" percent="99" />
    <remembered-set count="6080" freebytes="10036480" totalbytes="10060800" percent="99" regionsoverflowed="0" regionsstable="9" regionsrebuilding="0"/>
  </mem-info>
</gc-end>
<cycle-end id="1980" type="partial gc" contextid="1972" timestamp="2019-08-04T08:43:28.311">
  <attribute name="GC Util" value="141" />
  <attribute name="CPU Util" value="29909499175579" />
  <attribute name="Time Running"value="146090"/>
  <attribute name="Number of cores"value="16"/>
</cycle-end>
<exclusive-end id="1981" timestamp="2019-08-04T08:43:28.311" durationms="15.223" />

<exclusive-start id="1982" timestamp="2019-08-04T08:43:28.450" intervalms="154.672">
  <response-info timems="0.056" idlems="0.056" threads="0" lastid="0000000000C1FF00" lastname="main" />
</exclusive-start>
<allocation-taxation id="1983" taxation-threshold="69206016" timestamp="2019-08-04T08:43:28.450" intervalms="154.674" />
<cycle-start id="1984" type="partial gc" contextid="0" timestamp="2019-08-04T08:43:28.451" intervalms="154.641" />
  <attribute name="GC Util" value="141" />
  <attribute name="CPU Util" value="29909499175579" />
  <attribute name="Time Running"value="146090"/>
  <attribute name="Number of cores"value="16"/>
<gc-start id="1985" type="partial gc" contextid="1984" timestamp="2019-08-04T08:43:28.451">
  <mem-info id="1986" free="81788928" total="251658240" percent="32">
    <mem type="eden" free="2096360" total="71303168" percent="2" />
    <remembered-set count="6080" freebytes="10036480" totalbytes="10060800" percent="99" regionsoverflowed="0" regionsstable="9" regionsrebuilding="0"/>
  </mem-info>
</gc-start>
<allocation-stats totalBytes="69119976" >
  <allocated-bytes non-tlh="0" tlh="69119976" arrayletleaf="0"/>
  <largest-consumer threadName="main" threadId="0000000000C1FF00" bytes="69119976" />
</allocation-stats>
<gc-op id="1987" type="copy forward" timems="13.512" contextid="1984" timestamp="2019-08-04T08:43:28.466">
  <memory-copied type="eden" objects="30" bytes="1328" bytesdiscarded="32" />
  <memory-copied type="other" objects="6" bytes="136" bytesdiscarded="672" />
  <memory-cardclean objects="59" bytes="1704" />
  <remembered-set-cleared processed="1475" cleared="8" durationms="0.141" />
  <stringconstants candidates="13822" cleared="0"  />
</gc-op>
<gc-op id="1988" type="classunload" timems="0.011" contextid="1984" timestamp="2019-08-04T08:43:28.466">
  <classunload-info classloadercandidates="54" classloadersunloaded="0" classesunloaded="0" anonymousclassesunloaded="0" quiescems="0.000" setupms="0.011" scanms="0.000" postms="0.000" />
</gc-op>
<gc-end id="1989" type="partial gc" contextid="1984" durationms="15.027" usertimems="29.402" systemtimems="0.000" timestamp="2019-08-04T08:43:28.466" activeThreads="16">
  <mem-info id="1990" free="150994944" total="251658240" percent="60">
    <mem type="eden" free="2095792" total="2097152" percent="99" />
    <remembered-set count="6080" freebytes="10036480" totalbytes="10060800" percent="99" regionsoverflowed="0" regionsstable="9" regionsrebuilding="0"/>
  </mem-info>
</gc-end>
<cycle-end id="1991" type="partial gc" contextid="1984" timestamp="2019-08-04T08:43:28.466">
  <attribute name="GC Util" value="124" />
  <attribute name="CPU Util" value="26805659435630" />
  <attribute name="Time Running"value="146245"/>
  <attribute name="Number of cores"value="16"/>
</cycle-end>
<exclusive-end id="1992" timestamp="2019-08-04T08:43:28.466" durationms="15.711" />

<exclusive-start id="1993" timestamp="2019-08-04T08:43:28.540" intervalms="89.808">
  <response-info timems="0.021" idlems="0.021" threads="0" lastid="0000000000C1FF00" lastname="main" />
</exclusive-start>
<allocation-taxation id="1994" taxation-threshold="69206016" timestamp="2019-08-04T08:43:28.540" intervalms="89.861" />
<cycle-start id="1995" type="partial gc" contextid="0" timestamp="2019-08-04T08:43:28.540" intervalms="89.863" />
  <attribute name="GC Util" value="124" />
  <attribute name="CPU Util" value="26805659435630" />
  <attribute name="Time Running"value="146245"/>
  <attribute name="Number of cores"value="16"/>
<gc-start id="1996" type="partial gc" contextid="1995" timestamp="2019-08-04T08:43:28.541">
  <mem-info id="1997" free="81788928" total="251658240" percent="32">
    <mem type="eden" free="0" total="69206016" percent="0" />
    <remembered-set count="5632" freebytes="10038272" totalbytes="10060800" percent="99" regionsoverflowed="0" regionsstable="9" regionsrebuilding="0"/>
  </mem-info>
</gc-start>
<allocation-stats totalBytes="69153688" >
  <allocated-bytes non-tlh="0" tlh="69153688" arrayletleaf="0"/>
  <largest-consumer threadName="main" threadId="0000000000C1FF00" bytes="69153688" />
</allocation-stats>
<gc-op id="1998" type="copy forward" timems="14.309" contextid="1995" timestamp="2019-08-04T08:43:28.557">
  <memory-copied type="eden" objects="29" bytes="1352" bytesdiscarded="696" />
  <memory-copied type="other" objects="18" bytes="408" bytesdiscarded="576" />
  <memory-cardclean objects="63" bytes="1824" />
  <remembered-set-cleared processed="1475" cleared="8" durationms="0.155" />
  <stringconstants candidates="13822" cleared="0"  />
</gc-op>
<gc-op id="1999" type="classunload" timems="0.017" contextid="1995" timestamp="2019-08-04T08:43:28.557">
  <classunload-info classloadercandidates="54" classloadersunloaded="0" classesunloaded="0" anonymousclassesunloaded="0" quiescems="0.000" setupms="0.016" scanms="0.000" postms="0.000" />
</gc-op>
<heap-resize id="2000" type="expand" space="default" amount="6291456" count="1" timems="0.149" reason="excessive time being spent in gc" timestamp="2019-08-04T08:43:28.558" />
<gc-end id="2001" type="partial gc" contextid="1995" durationms="17.198" usertimems="36.413" systemtimems="0.000" timestamp="2019-08-04T08:43:28.558" activeThreads="16">
  <mem-info id="2002" free="155189248" total="257949696" percent="60">
    <mem type="eden" free="2095104" total="2097152" percent="99" />
    <remembered-set count="6080" freebytes="10288000" totalbytes="10312320" percent="99" regionsoverflowed="0" regionsstable="9" regionsrebuilding="0"/>
  </mem-info>
</gc-end>
<cycle-end id="2003" type="partial gc" contextid="1995" timestamp="2019-08-04T08:43:28.558">
  <attribute name="GC Util" value="193" />
  <attribute name="CPU Util" value="9611608614951" />
  <attribute name="Time Running"value="146336"/>
  <attribute name="Number of cores"value="16"/>
</cycle-end>
<exclusive-end id="2004" timestamp="2019-08-04T08:43:28.558" durationms="18.000" />

<exclusive-start id="2005" timestamp="2019-08-04T08:43:28.683" intervalms="143.226">
  <response-info timems="0.136" idlems="0.136" threads="0" lastid="0000000000C1FF00" lastname="main" />
</exclusive-start>
<allocation-taxation id="2006" taxation-threshold="71303168" timestamp="2019-08-04T08:43:28.683" intervalms="143.178" />
<cycle-start id="2007" type="partial gc" contextid="0" timestamp="2019-08-04T08:43:28.684" intervalms="143.191" />
  <attribute name="GC Util" value="193" />
  <attribute name="CPU Util" value="9611608614951" />
  <attribute name="Time Running"value="146336"/>
  <attribute name="Number of cores"value="16"/>
<gc-start id="2008" type="partial gc" contextid="2007" timestamp="2019-08-04T08:43:28.684">
  <mem-info id="2009" free="83886080" total="257949696" percent="32">
    <mem type="eden" free="0" total="71303168" percent="0" />
    <remembered-set count="5792" freebytes="10289152" totalbytes="10312320" percent="99" regionsoverflowed="0" regionsstable="9" regionsrebuilding="0"/>
  </mem-info>
</gc-start>
<allocation-stats totalBytes="71198064" >
  <allocated-bytes non-tlh="0" tlh="71198064" arrayletleaf="0"/>
  <largest-consumer threadName="main" threadId="0000000000C1FF00" bytes="71198064" />
</allocation-stats>
<gc-op id="2010" type="copy forward" timems="10.123" contextid="2007" timestamp="2019-08-04T08:43:28.695">
  <memory-copied type="eden" objects="36" bytes="5192" bytesdiscarded="680" />
  <memory-copied type="other" objects="18" bytes="408" bytesdiscarded="1176" />
  <memory-cardclean objects="56" bytes="1648" />
  <remembered-set-cleared processed="1477" cleared="7" durationms="0.124" />
  <stringconstants candidates="13822" cleared="0"  />
</gc-op>
<gc-op id="2011" type="classunload" timems="0.010" contextid="2007" timestamp="2019-08-04T08:43:28.695">
  <classunload-info classloadercandidates="54" classloadersunloaded="0" classesunloaded="0" anonymousclassesunloaded="0" quiescems="0.000" setupms="0.009" scanms="0.000" postms="0.000" />
</gc-op>
<gc-end id="2012" type="partial gc" contextid="2007" durationms="11.645" usertimems="33.929" systemtimems="0.000" timestamp="2019-08-04T08:43:28.696" activeThreads="16">
  <mem-info id="2013" free="153092096" total="257949696" percent="59">
    <mem type="eden" free="2091280" total="2097152" percent="99" />
    <remembered-set count="6688" freebytes="10285568" totalbytes="10312320" percent="99" regionsoverflowed="0" regionsstable="9" regionsrebuilding="0"/>
  </mem-info>
</gc-end>
<cycle-end id="2014" type="partial gc" contextid="2007" timestamp="2019-08-04T08:43:28.696">
  <attribute name="GC Util" value="165" />
  <attribute name="CPU Util" value="22433351969640" />
  <attribute name="Time Running"value="146478"/>
  <attribute name="Number of cores"value="16"/>
</cycle-end>
<exclusive-end id="2015" timestamp="2019-08-04T08:43:28.696" durationms="12.370" />

<exclusive-start id="2016" timestamp="2019-08-04T08:43:28.877" intervalms="194.082">
  <response-info timems="0.026" idlems="0.026" threads="0" lastid="0000000000C1FF00" lastname="main" />
</exclusive-start>
<allocation-taxation id="2017" taxation-threshold="71303168" timestamp="2019-08-04T08:43:28.878" intervalms="194.077" />
<cycle-start id="2018" type="partial gc" contextid="0" timestamp="2019-08-04T08:43:28.878" intervalms="194.072" />
  <attribute name="GC Util" value="165" />
  <attribute name="CPU Util" value="22433351969640" />
  <attribute name="Time Running"value="146478"/>
  <attribute name="Number of cores"value="16"/>
<gc-start id="2019" type="partial gc" contextid="2018" timestamp="2019-08-04T08:43:28.878">
  <mem-info id="2020" free="81788928" total="257949696" percent="31">
    <mem type="eden" free="0" total="71303168" percent="0" />
    <remembered-set count="6336" freebytes="10286976" totalbytes="10312320" percent="99" regionsoverflowed="0" regionsstable="9" regionsrebuilding="0"/>
  </mem-info>
</gc-start>
<allocation-stats totalBytes="71267328" >
  <allocated-bytes non-tlh="0" tlh="71267328" arrayletleaf="0"/>
  <largest-consumer threadName="main" threadId="0000000000C1FF00" bytes="71267328" />
</allocation-stats>
<gc-op id="2021" type="copy forward" timems="9.604" contextid="2018" timestamp="2019-08-04T08:43:28.889">
  <memory-copied type="eden" objects="31" bytes="1040" bytesdiscarded="600" />
  <memory-copied type="other" objects="12" bytes="272" bytesdiscarded="1320" />
  <memory-cardclean objects="72" bytes="2072" />
  <remembered-set-cleared processed="1479" cleared="9" durationms="0.206" />
  <stringconstants candidates="13822" cleared="0"  />
</gc-op>
<gc-op id="2022" type="classunload" timems="0.011" contextid="2018" timestamp="2019-08-04T08:43:28.889">
  <classunload-info classloadercandidates="54" classloadersunloaded="0" classesunloaded="0" anonymousclassesunloaded="0" quiescems="0.000" setupms="0.010" scanms="0.000" postms="0.000" />
</gc-op>
<gc-end id="2023" type="partial gc" contextid="2018" durationms="10.995" usertimems="23.047" systemtimems="0.000" timestamp="2019-08-04T08:43:28.889" activeThreads="16">
  <mem-info id="2024" free="150994944" total="257949696" percent="58">
    <mem type="eden" free="2095512" total="2097152" percent="99" />
    <remembered-set count="6752" freebytes="10285312" totalbytes="10312320" percent="99" regionsoverflowed="0" regionsstable="9" regionsrebuilding="0"/>
  </mem-info>
</gc-end>
<cycle-end id="2025" type="partial gc" contextid="2018" timestamp="2019-08-04T08:43:28.889">
  <attribute name="GC Util" value="127" />
  <attribute name="CPU Util" value="25495689738007" />
  <attribute name="Time Running"value="146672"/>
  <attribute name="Number of cores"value="16"/>
</cycle-end>
<exclusive-end id="2026" timestamp="2019-08-04T08:43:28.889" durationms="11.618" />

<exclusive-start id="2027" timestamp="2019-08-04T08:43:29.043" intervalms="165.194">
  <response-info timems="0.027" idlems="0.027" threads="0" lastid="0000000000C1FF00" lastname="main" />
</exclusive-start>
<allocation-taxation id="2028" taxation-threshold="71303168" timestamp="2019-08-04T08:43:29.043" intervalms="165.225" />
<cycle-start id="2029" type="partial gc" contextid="0" timestamp="2019-08-04T08:43:29.043" intervalms="165.221" />
  <attribute name="GC Util" value="127" />
  <attribute name="CPU Util" value="25495689738007" />
  <attribute name="Time Running"value="146672"/>
  <attribute name="Number of cores"value="16"/>
<gc-start id="2030" type="partial gc" contextid="2029" timestamp="2019-08-04T08:43:29.043">
  <mem-info id="2031" free="79691776" total="257949696" percent="30">
    <mem type="eden" free="0" total="71303168" percent="0" />
    <remembered-set count="6464" freebytes="10286464" totalbytes="10312320" percent="99" regionsoverflowed="0" regionsstable="9" regionsrebuilding="0"/>
  </mem-info>
</gc-start>
<allocation-stats totalBytes="71290016" >
  <allocated-bytes non-tlh="0" tlh="71290016" arrayletleaf="0"/>
  <largest-consumer threadName="main" threadId="0000000000C1FF00" bytes="71290016" />
</allocation-stats>
<gc-op id="2032" type="copy forward" timems="14.600" contextid="2029" timestamp="2019-08-04T08:43:29.059">
  <memory-copied type="eden" objects="10" bytes="336" bytesdiscarded="0" />
  <memory-copied type="other" objects="32" bytes="936" bytesdiscarded="1248" />
  <memory-cardclean objects="58" bytes="1792" />
  <remembered-set-cleared processed="1481" cleared="9" durationms="0.194" />
  <stringconstants candidates="13822" cleared="0"  />
</gc-op>
<gc-op id="2033" type="classunload" timems="0.014" contextid="2029" timestamp="2019-08-04T08:43:29.059">
  <classunload-info classloadercandidates="54" classloadersunloaded="0" classesunloaded="0" anonymousclassesunloaded="0" quiescems="0.000" setupms="0.014" scanms="0.000" postms="0.000" />
</gc-op>
<gc-end id="2034" type="partial gc" contextid="2029" durationms="16.332" usertimems="27.593" systemtimems="0.000" timestamp="2019-08-04T08:43:29.060" activeThreads="16">
  <mem-info id="2035" free="148897792" total="257949696" percent="57">
    <mem type="eden" free="2096816" total="2097152" percent="99" />
    <remembered-set count="6816" freebytes="10285056" totalbytes="10312320" percent="99" regionsoverflowed="0" regionsstable="9" regionsrebuilding="0"/>
  </mem-info>
</gc-end>
<cycle-end id="2036" type="partial gc" contextid="2029" timestamp="2019-08-04T08:43:29.060">
  <attribute name="GC Util" value="142" />
  <attribute name="CPU Util" value="18909923076451" />
  <attribute name="Time Running"value="146837"/>
  <attribute name="Number of cores"value="16"/>
</cycle-end>
<exclusive-end id="2037" timestamp="2019-08-04T08:43:29.060" durationms="17.048" />

<exclusive-start id="2038" timestamp="2019-08-04T08:43:29.211" intervalms="168.061">
  <response-info timems="0.021" idlems="0.021" threads="0" lastid="0000000000C1FF00" lastname="main" />
</exclusive-start>
<allocation-taxation id="2039" taxation-threshold="71303168" timestamp="2019-08-04T08:43:29.211" intervalms="168.062" />
<cycle-start id="2040" type="partial gc" contextid="0" timestamp="2019-08-04T08:43:29.211" intervalms="168.102" />
  <attribute name="GC Util" value="142" />
  <attribute name="CPU Util" value="18909923076451" />
  <attribute name="Time Running"value="146837"/>
  <attribute name="Number of cores"value="16"/>
<gc-start id="2041" type="partial gc" contextid="2040" timestamp="2019-08-04T08:43:29.211">
  <mem-info id="2042" free="77594624" total="257949696" percent="30">
    <mem type="eden" free="2096816" total="73400320" percent="2" />
    <remembered-set count="6368" freebytes="10286848" totalbytes="10312320" percent="99" regionsoverflowed="0" regionsstable="9" regionsrebuilding="0"/>
  </mem-info>
</gc-start>
<allocation-stats totalBytes="71289920" >
  <allocated-bytes non-tlh="0" tlh="71289920" arrayletleaf="0"/>
  <largest-consumer threadName="main" threadId="0000000000C1FF00" bytes="71289920" />
</allocation-stats>
<gc-op id="2043" type="copy forward" timems="23.004" contextid="2040" timestamp="2019-08-04T08:43:29.236">
  <memory-copied type="eden" objects="1" bytes="24" bytesdiscarded="0" />
  <memory-copied type="other" objects="26" bytes="800" bytesdiscarded="0" />
  <memory-cardclean objects="40" bytes="1288" />
  <remembered-set-cleared processed="1483" cleared="3" durationms="0.185" />
  <stringconstants candidates="13822" cleared="0"  />
</gc-op>
<gc-op id="2044" type="classunload" timems="0.013" contextid="2040" timestamp="2019-08-04T08:43:29.236">
  <classunload-info classloadercandidates="54" classloadersunloaded="0" classesunloaded="0" anonymousclassesunloaded="0" quiescems="0.000" setupms="0.012" scanms="0.000" postms="0.000" />
</gc-op>
<gc-end id="2045" type="partial gc" contextid="2040" durationms="24.392" usertimems="48.970" systemtimems="0.000" timestamp="2019-08-04T08:43:29.236" activeThreads="16">
  <mem-info id="2046" free="148897792" total="257949696" percent="57">
    <mem type="eden" free="2097128" total="2097152" percent="99" />
    <remembered-set count="6560" freebytes="10286080" totalbytes="10312320" percent="99" regionsoverflowed="0" regionsstable="9" regionsrebuilding="0"/>
  </mem-info>
</gc-end>
<cycle-end id="2047" type="partial gc" contextid="2040" timestamp="2019-08-04T08:43:29.236">
  <attribute name="GC Util" value="106" />
  <attribute name="CPU Util" value="23935174721127" />
  <attribute name="Time Running"value="147005"/>
  <attribute name="Number of cores"value="16"/>
</cycle-end>
<exclusive-end id="2048" timestamp="2019-08-04T08:43:29.236" durationms="25.228" />

<exclusive-start id="2049" timestamp="2019-08-04T08:43:29.342" intervalms="130.978">
  <response-info timems="0.028" idlems="0.028" threads="0" lastid="0000000000C1FF00" lastname="main" />
</exclusive-start>
<allocation-taxation id="2050" taxation-threshold="71303168" timestamp="2019-08-04T08:43:29.342" intervalms="130.991" />
<cycle-start id="2051" type="partial gc" contextid="0" timestamp="2019-08-04T08:43:29.342" intervalms="131.005" />
  <attribute name="GC Util" value="106" />
  <attribute name="CPU Util" value="23935174721127" />
  <attribute name="Time Running"value="147005"/>
  <attribute name="Number of cores"value="16"/>
<gc-start id="2052" type="partial gc" contextid="2051" timestamp="2019-08-04T08:43:29.343">
  <mem-info id="2053" free="77594624" total="257949696" percent="30">
    <mem type="eden" free="2097128" total="73400320" percent="2" />
    <remembered-set count="6144" freebytes="10287744" totalbytes="10312320" percent="99" regionsoverflowed="0" regionsstable="9" regionsrebuilding="0"/>
  </mem-info>
</gc-start>
<allocation-stats totalBytes="71233032" >
  <allocated-bytes non-tlh="0" tlh="71233032" arrayletleaf="0"/>
  <largest-consumer threadName="main" threadId="0000000000C1FF00" bytes="71233032" />
</allocation-stats>
<gc-op id="2054" type="copy forward" timems="16.624" contextid="2051" timestamp="2019-08-04T08:43:29.361">
  <memory-copied type="eden" objects="25" bytes="1320" bytesdiscarded="696" />
  <memory-copied type="other" objects="12" bytes="272" bytesdiscarded="576" />
  <memory-cardclean objects="74" bytes="1944" />
  <remembered-set-cleared processed="1483" cleared="4" durationms="0.369" />
  <stringconstants candidates="13822" cleared="0"  />
</gc-op>
<gc-op id="2055" type="classunload" timems="0.014" contextid="2051" timestamp="2019-08-04T08:43:29.361">
  <classunload-info classloadercandidates="54" classloadersunloaded="0" classesunloaded="0" anonymousclassesunloaded="0" quiescems="0.000" setupms="0.014" scanms="0.000" postms="0.000" />
</gc-op>
<gc-end id="2056" type="partial gc" contextid="2051" durationms="18.560" usertimems="32.135" systemtimems="0.000" timestamp="2019-08-04T08:43:29.361" activeThreads="16">
  <mem-info id="2057" free="148897792" total="257949696" percent="57">
    <mem type="eden" free="2095136" total="2097152" percent="99" />
    <remembered-set count="7072" freebytes="10284032" totalbytes="10312320" percent="99" regionsoverflowed="0" regionsstable="9" regionsrebuilding="0"/>
  </mem-info>
</gc-end>
<cycle-end id="2058" type="partial gc" contextid="2051" timestamp="2019-08-04T08:43:29.361">
  <attribute name="GC Util" value="111" />
  <attribute name="CPU Util" value="18967652040913" />
  <attribute name="Time Running"value="147137"/>
  <attribute name="Number of cores"value="16"/>
</cycle-end>
<exclusive-end id="2059" timestamp="2019-08-04T08:43:29.361" durationms="19.243" />

<exclusive-start id="2060" timestamp="2019-08-04T08:43:29.384" intervalms="42.234">
  <response-info timems="0.018" idlems="0.018" threads="0" lastid="0000000000C1FF00" lastname="main" />
</exclusive-start>
<allocation-taxation id="2061" taxation-threshold="71303168" timestamp="2019-08-04T08:43:29.384" intervalms="42.187" />
<cycle-start id="2062" type="partial gc" contextid="0" timestamp="2019-08-04T08:43:29.384" intervalms="42.171" />
  <attribute name="GC Util" value="111" />
  <attribute name="CPU Util" value="18967652040913" />
  <attribute name="Time Running"value="147137"/>
  <attribute name="Number of cores"value="16"/>
<gc-start id="2063" type="partial gc" contextid="2062" timestamp="2019-08-04T08:43:29.384">
  <mem-info id="2064" free="77594624" total="257949696" percent="30">
    <mem type="eden" free="0" total="71303168" percent="0" />
    <remembered-set count="6592" freebytes="10285952" totalbytes="10312320" percent="99" regionsoverflowed="0" regionsstable="9" regionsrebuilding="0"/>
  </mem-info>
</gc-start>
<allocation-stats totalBytes="71205520" >
  <allocated-bytes non-tlh="0" tlh="71205520" arrayletleaf="0"/>
  <largest-consumer threadName="main" threadId="0000000000C1FF00" bytes="71205520" />
</allocation-stats>
<gc-op id="2065" type="copy forward" timems="8.148" contextid="2062" timestamp="2019-08-04T08:43:29.394">
  <memory-copied type="eden" objects="4" bytes="112" bytesdiscarded="680" />
  <memory-copied type="other" objects="33" bytes="1480" bytesdiscarded="1848" />
  <memory-cardclean objects="46" bytes="1488" />
  <remembered-set-cleared processed="1483" cleared="4" durationms="0.187" />
  <stringconstants candidates="13822" cleared="0"  />
</gc-op>
<gc-op id="2066" type="classunload" timems="0.010" contextid="2062" timestamp="2019-08-04T08:43:29.394">
  <classunload-info classloadercandidates="54" classloadersunloaded="0" classesunloaded="0" anonymousclassesunloaded="0" quiescems="0.000" setupms="0.010" scanms="0.000" postms="0.000" />
</gc-op>
<heap-resize id="2067" type="expand" space="default" amount="20971520" count="1" timems="0.136" reason="excessive time being spent in gc" timestamp="2019-08-04T08:43:29.395" />
<gc-end id="2068" type="partial gc" contextid="2062" durationms="10.160" usertimems="24.437" systemtimems="0.000" timestamp="2019-08-04T08:43:29.395" activeThreads="16">
  <mem-info id="2069" free="167772160" total="278921216" percent="60">
    <mem type="eden" free="2096360" total="2097152" percent="99" />
    <remembered-set count="7072" freebytes="11122432" totalbytes="11150720" percent="99" regionsoverflowed="0" regionsstable="9" regionsrebuilding="0"/>
  </mem-info>
</gc-end>
<cycle-end id="2070" type="partial gc" contextid="2062" timestamp="2019-08-04T08:43:29.395">
  <attribute name="GC Util" value="211" />
  <attribute name="CPU Util" value="13369859964574" />
  <attribute name="Time Running"value="147179"/>
  <attribute name="Number of cores"value="16"/>
</cycle-end>
<exclusive-end id="2071" timestamp="2019-08-04T08:43:29.395" durationms="10.861" />

* Round 2 done in 4.129 seconds.
<exclusive-start id="2072" timestamp="2019-08-04T08:43:29.428" intervalms="43.758">
  <response-info timems="0.014" idlems="0.014" threads="0" lastid="0000000000C1FF00" lastname="main" />
</exclusive-start>
<allocation-taxation id="2073" taxation-threshold="77594624" timestamp="2019-08-04T08:43:29.428" intervalms="43.752" />
<cycle-start id="2074" type="partial gc" contextid="0" timestamp="2019-08-04T08:43:29.428" intervalms="43.718" />
  <attribute name="GC Util" value="211" />
  <attribute name="CPU Util" value="13369859964574" />
  <attribute name="Time Running"value="147179"/>
  <attribute name="Number of cores"value="16"/>
<gc-start id="2075" type="partial gc" contextid="2074" timestamp="2019-08-04T08:43:29.428">
  <mem-info id="2076" free="90177536" total="278921216" percent="32">
    <mem type="eden" free="2096360" total="79691776" percent="2" />
    <remembered-set count="6624" freebytes="11124224" totalbytes="11150720" percent="99" regionsoverflowed="0" regionsstable="9" regionsrebuilding="0"/>
  </mem-info>
</gc-start>
<allocation-stats totalBytes="77503744" >
  <allocated-bytes non-tlh="0" tlh="77503744" arrayletleaf="0"/>
  <largest-consumer threadName="main" threadId="0000000000C1FF00" bytes="77503744" />
</allocation-stats>
<gc-op id="2077" type="copy forward" timems="7.029" contextid="2074" timestamp="2019-08-04T08:43:29.436">
  <memory-copied type="eden" objects="28" bytes="1000" bytesdiscarded="0" />
  <memory-copied type="other" objects="6" bytes="136" bytesdiscarded="0" />
  <memory-cardclean objects="84" bytes="2848" />
  <remembered-set-cleared processed="1485" cleared="7" durationms="0.125" />
  <stringconstants candidates="13822" cleared="0"  />
</gc-op>
<gc-op id="2078" type="classunload" timems="0.012" contextid="2074" timestamp="2019-08-04T08:43:29.436">
  <classunload-info classloadercandidates="54" classloadersunloaded="0" classesunloaded="0" anonymousclassesunloaded="0" quiescems="0.000" setupms="0.011" scanms="0.000" postms="0.000" />
</gc-op>
<gc-end id="2079" type="partial gc" contextid="2074" durationms="8.504" usertimems="20.453" systemtimems="0.000" timestamp="2019-08-04T08:43:29.437" activeThreads="16">
  <mem-info id="2080" free="167772160" total="278921216" percent="60">
    <mem type="eden" free="2096152" total="2097152" percent="99" />
    <remembered-set count="6112" freebytes="11126272" totalbytes="11150720" percent="99" regionsoverflowed="0" regionsstable="9" regionsrebuilding="0"/>
  </mem-info>
</gc-end>
<cycle-end id="2081" type="partial gc" contextid="2074" timestamp="2019-08-04T08:43:29.437">
  <attribute name="GC Util" value="267" />
  <attribute name="CPU Util" value="25362379515803" />
  <attribute name="Time Running"value="147222"/>
  <attribute name="Number of cores"value="16"/>
</cycle-end>
<exclusive-end id="2082" timestamp="2019-08-04T08:43:29.437" durationms="9.071" />

<exclusive-start id="2083" timestamp="2019-08-04T08:43:29.682" intervalms="254.693">
  <response-info timems="0.020" idlems="0.020" threads="0" lastid="0000000000C1FF00" lastname="main" />
</exclusive-start>
<allocation-taxation id="2084" taxation-threshold="77594624" timestamp="2019-08-04T08:43:29.682" intervalms="254.696" />
<cycle-start id="2085" type="partial gc" contextid="0" timestamp="2019-08-04T08:43:29.683" intervalms="254.681" />
  <attribute name="GC Util" value="267" />
  <attribute name="CPU Util" value="25362379515803" />
  <attribute name="Time Running"value="147222"/>
  <attribute name="Number of cores"value="16"/>
<gc-start id="2086" type="partial gc" contextid="2085" timestamp="2019-08-04T08:43:29.683">
  <mem-info id="2087" free="90177536" total="278921216" percent="32">
    <mem type="eden" free="0" total="77594624" percent="0" />
    <remembered-set count="5632" freebytes="11128192" totalbytes="11150720" percent="99" regionsoverflowed="0" regionsstable="9" regionsrebuilding="0"/>
  </mem-info>
</gc-start>
<allocation-stats totalBytes="77473128" >
  <allocated-bytes non-tlh="0" tlh="77473128" arrayletleaf="0"/>
  <largest-consumer threadName="main" threadId="0000000000C1FF00" bytes="77473128" />
</allocation-stats>
<gc-op id="2088" type="copy forward" timems="5.746" contextid="2085" timestamp="2019-08-04T08:43:29.689">
  <memory-copied type="eden" objects="74" bytes="3048" bytesdiscarded="744" />
  <memory-copied type="other" objects="19" bytes="632" bytesdiscarded="648" />
  <memory-cardclean objects="165" bytes="4864" />
  <remembered-set-cleared processed="1484" cleared="20" durationms="0.128" />
  <stringconstants candidates="13822" cleared="0"  />
</gc-op>
<gc-op id="2089" type="classunload" timems="0.006" contextid="2085" timestamp="2019-08-04T08:43:29.689">
  <classunload-info classloadercandidates="54" classloadersunloaded="0" classesunloaded="0" anonymousclassesunloaded="0" quiescems="0.000" setupms="0.006" scanms="0.000" postms="0.000" />
</gc-op>
<gc-end id="2090" type="partial gc" contextid="2085" durationms="6.827" usertimems="15.071" systemtimems="0.000" timestamp="2019-08-04T08:43:29.690" activeThreads="16">
  <mem-info id="2091" free="165675008" total="278921216" percent="59">
    <mem type="eden" free="2093360" total="2097152" percent="99" />
    <remembered-set count="6816" freebytes="11123456" totalbytes="11150720" percent="99" regionsoverflowed="0" regionsstable="9" regionsrebuilding="0"/>
  </mem-info>
</gc-end>
<cycle-end id="2092" type="partial gc" contextid="2085" timestamp="2019-08-04T08:43:29.690">
  <attribute name="GC Util" value="127" />
  <attribute name="CPU Util" value="33557898784852" />
  <attribute name="Time Running"value="147476"/>
  <attribute name="Number of cores"value="16"/>
</cycle-end>
<exclusive-end id="2093" timestamp="2019-08-04T08:43:29.690" durationms="7.389" />

<exclusive-start id="2094" timestamp="2019-08-04T08:43:29.716" intervalms="33.552">
  <response-info timems="0.019" idlems="0.019" threads="0" lastid="0000000000C1FF00" lastname="main" />
</exclusive-start>
<allocation-taxation id="2095" taxation-threshold="77594624" timestamp="2019-08-04T08:43:29.716" intervalms="33.556" />
<cycle-start id="2096" type="partial gc" contextid="0" timestamp="2019-08-04T08:43:29.716" intervalms="33.572" />
  <attribute name="GC Util" value="127" />
  <attribute name="CPU Util" value="33557898784852" />
  <attribute name="Time Running"value="147476"/>
  <attribute name="Number of cores"value="16"/>
<gc-start id="2097" type="partial gc" contextid="2096" timestamp="2019-08-04T08:43:29.716">
  <mem-info id="2098" free="88080384" total="278921216" percent="31">
    <mem type="eden" free="0" total="77594624" percent="0" />
    <remembered-set count="6656" freebytes="11124096" totalbytes="11150720" percent="99" regionsoverflowed="0" regionsstable="9" regionsrebuilding="0"/>
  </mem-info>
</gc-start>
<allocation-stats totalBytes="77327648" >
  <allocated-bytes non-tlh="0" tlh="77327648" arrayletleaf="0"/>
  <largest-consumer threadName="main" threadId="0000000000C1FF00" bytes="77327648" />
</allocation-stats>
<gc-op id="2099" type="copy forward" timems="7.655" contextid="2096" timestamp="2019-08-04T08:43:29.725">
  <memory-copied type="eden" objects="2" bytes="56" bytesdiscarded="736" />
  <memory-copied type="other" objects="86" bytes="3512" bytesdiscarded="1608" />
  <memory-cardclean objects="120" bytes="4000" />
  <remembered-set-cleared processed="1482" cleared="15" durationms="0.133" />
  <stringconstants candidates="13822" cleared="0"  />
</gc-op>
<gc-op id="2100" type="classunload" timems="0.006" contextid="2096" timestamp="2019-08-04T08:43:29.725">
  <classunload-info classloadercandidates="54" classloadersunloaded="0" classesunloaded="0" anonymousclassesunloaded="0" quiescems="0.000" setupms="0.006" scanms="0.000" postms="0.000" />
</gc-op>
<gc-end id="2101" type="partial gc" contextid="2096" durationms="8.588" usertimems="22.016" systemtimems="0.000" timestamp="2019-08-04T08:43:29.725" activeThreads="16">
  <mem-info id="2102" free="163577856" total="278921216" percent="58">
    <mem type="eden" free="2096360" total="2097152" percent="99" />
    <remembered-set count="7424" freebytes="11121024" totalbytes="11150720" percent="99" regionsoverflowed="0" regionsstable="9" regionsrebuilding="0"/>
  </mem-info>
</gc-end>
<cycle-end id="2103" type="partial gc" contextid="2096" timestamp="2019-08-04T08:43:29.725">
  <attribute name="GC Util" value="151" />
  <attribute name="CPU Util" value="39497053583280" />
  <attribute name="Time Running"value="147510"/>
  <attribute name="Number of cores"value="16"/>
</cycle-end>
<exclusive-end id="2104" timestamp="2019-08-04T08:43:29.725" durationms="9.326" />

<exclusive-start id="2105" timestamp="2019-08-04T08:43:29.751" intervalms="34.815">
  <response-info timems="0.018" idlems="0.018" threads="0" lastid="0000000000C1FF00" lastname="main" />
</exclusive-start>
<allocation-taxation id="2106" taxation-threshold="77594624" timestamp="2019-08-04T08:43:29.751" intervalms="34.808" />
<cycle-start id="2107" type="partial gc" contextid="0" timestamp="2019-08-04T08:43:29.751" intervalms="34.803" />
  <attribute name="GC Util" value="151" />
  <attribute name="CPU Util" value="39497053583280" />
  <attribute name="Time Running"value="147510"/>
  <attribute name="Number of cores"value="16"/>
<gc-start id="2108" type="partial gc" contextid="2107" timestamp="2019-08-04T08:43:29.751">
  <mem-info id="2109" free="85983232" total="278921216" percent="30">
    <mem type="eden" free="2096360" total="79691776" percent="2" />
    <remembered-set count="6944" freebytes="11122944" totalbytes="11150720" percent="99" regionsoverflowed="0" regionsstable="9" regionsrebuilding="0"/>
  </mem-info>
</gc-start>
<allocation-stats totalBytes="77336888" >
  <allocated-bytes non-tlh="0" tlh="77336888" arrayletleaf="0"/>
  <largest-consumer threadName="main" threadId="0000000000C1FF00" bytes="77336888" />
</allocation-stats>
<gc-op id="2110" type="copy forward" timems="7.309" contextid="2107" timestamp="2019-08-04T08:43:29.760">
  <memory-copied type="eden" objects="2" bytes="56" bytesdiscarded="736" />
  <memory-copied type="other" objects="73" bytes="3016" bytesdiscarded="680" />
  <memory-cardclean objects="84" bytes="2800" />
  <remembered-set-cleared processed="1486" cleared="13" durationms="0.153" />
  <stringconstants candidates="13822" cleared="0"  />
</gc-op>
<gc-op id="2111" type="classunload" timems="0.007" contextid="2107" timestamp="2019-08-04T08:43:29.760">
  <classunload-info classloadercandidates="54" classloadersunloaded="0" classesunloaded="0" anonymousclassesunloaded="0" quiescems="0.000" setupms="0.007" scanms="0.000" postms="0.000" />
</gc-op>
<gc-end id="2112" type="partial gc" contextid="2107" durationms="9.072" usertimems="22.002" systemtimems="0.000" timestamp="2019-08-04T08:43:29.760" activeThreads="16">
  <mem-info id="2113" free="163577856" total="278921216" percent="58">
    <mem type="eden" free="2096360" total="2097152" percent="99" />
    <remembered-set count="6528" freebytes="11124608" totalbytes="11150720" percent="99" regionsoverflowed="0" regionsstable="9" regionsrebuilding="0"/>
  </mem-info>
</gc-end>
<cycle-end id="2114" type="partial gc" contextid="2107" timestamp="2019-08-04T08:43:29.760">
  <attribute name="GC Util" value="256" />
  <attribute name="CPU Util" value="15084918469901" />
  <attribute name="Time Running"value="147545"/>
  <attribute name="Number of cores"value="16"/>
</cycle-end>
<exclusive-end id="2115" timestamp="2019-08-04T08:43:29.760" durationms="9.679" />

<exclusive-start id="2116" timestamp="2019-08-04T08:43:29.786" intervalms="35.112">
  <response-info timems="0.020" idlems="0.020" threads="0" lastid="0000000000C1FF00" lastname="main" />
</exclusive-start>
<allocation-taxation id="2117" taxation-threshold="77594624" timestamp="2019-08-04T08:43:29.786" intervalms="35.115" />
<cycle-start id="2118" type="partial gc" contextid="0" timestamp="2019-08-04T08:43:29.786" intervalms="35.089" />
  <attribute name="GC Util" value="256" />
  <attribute name="CPU Util" value="15084918469901" />
  <attribute name="Time Running"value="147545"/>
  <attribute name="Number of cores"value="16"/>
<gc-start id="2119" type="partial gc" contextid="2118" timestamp="2019-08-04T08:43:29.786">
  <mem-info id="2120" free="85983232" total="278921216" percent="30">
    <mem type="eden" free="2096360" total="79691776" percent="2" />
    <remembered-set count="6304" freebytes="11125504" totalbytes="11150720" percent="99" regionsoverflowed="0" regionsstable="9" regionsrebuilding="0"/>
  </mem-info>
</gc-start>
<allocation-stats totalBytes="77336888" >
  <allocated-bytes non-tlh="0" tlh="77336888" arrayletleaf="0"/>
  <largest-consumer threadName="main" threadId="0000000000C1FF00" bytes="77336888" />
</allocation-stats>
<gc-op id="2121" type="copy forward" timems="9.421" contextid="2118" timestamp="2019-08-04T08:43:29.797">
  <memory-copied type="eden" objects="2" bytes="56" bytesdiscarded="736" />
  <memory-copied type="other" objects="73" bytes="3016" bytesdiscarded="992" />
  <memory-cardclean objects="84" bytes="2800" />
  <remembered-set-cleared processed="1485" cleared="12" durationms="0.385" />
  <stringconstants candidates="13822" cleared="0"  />
</gc-op>
<gc-op id="2122" type="classunload" timems="0.009" contextid="2118" timestamp="2019-08-04T08:43:29.797">
  <classunload-info classloadercandidates="54" classloadersunloaded="0" classesunloaded="0" anonymousclassesunloaded="0" quiescems="0.000" setupms="0.007" scanms="0.000" postms="0.000" />
</gc-op>
<heap-resize id="2123" type="expand" space="default" amount="10485760" count="1" timems="0.151" reason="excessive time being spent in gc" timestamp="2019-08-04T08:43:29.797" />
<gc-end id="2124" type="partial gc" contextid="2118" durationms="10.817" usertimems="25.318" systemtimems="0.000" timestamp="2019-08-04T08:43:29.797" activeThreads="16">
  <mem-info id="2125" free="174063616" total="289406976" percent="60">
    <mem type="eden" free="2096360" total="2097152" percent="99" />
    <remembered-set count="7040" freebytes="11541760" totalbytes="11569920" percent="99" regionsoverflowed="0" regionsstable="9" regionsrebuilding="0"/>
  </mem-info>
</gc-end>
<cycle-end id="2126" type="partial gc" contextid="2118" timestamp="2019-08-04T08:43:29.797">
  <attribute name="GC Util" value="143" />
  <attribute name="CPU Util" value="27842796120160" />
  <attribute name="Time Running"value="147580"/>
  <attribute name="Number of cores"value="16"/>
</cycle-end>
<exclusive-end id="2127" timestamp="2019-08-04T08:43:29.797" durationms="11.569" />

<exclusive-start id="2128" timestamp="2019-08-04T08:43:29.823" intervalms="37.594">
  <response-info timems="0.019" idlems="0.019" threads="0" lastid="0000000000C1FF00" lastname="main" />
</exclusive-start>
<allocation-taxation id="2129" taxation-threshold="79691776" timestamp="2019-08-04T08:43:29.824" intervalms="37.613" />
<cycle-start id="2130" type="partial gc" contextid="0" timestamp="2019-08-04T08:43:29.824" intervalms="37.630" />
  <attribute name="GC Util" value="143" />
  <attribute name="CPU Util" value="27842796120160" />
  <attribute name="Time Running"value="147580"/>
  <attribute name="Number of cores"value="16"/>
<gc-start id="2131" type="partial gc" contextid="2130" timestamp="2019-08-04T08:43:29.824">
  <mem-info id="2132" free="94371840" total="289406976" percent="32">
    <mem type="eden" free="2096360" total="81788928" percent="2" />
    <remembered-set count="6784" freebytes="11542784" totalbytes="11569920" percent="99" regionsoverflowed="0" regionsstable="9" regionsrebuilding="0"/>
  </mem-info>
</gc-start>
<allocation-stats totalBytes="79427176" >
  <allocated-bytes non-tlh="0" tlh="79427176" arrayletleaf="0"/>
  <largest-consumer threadName="main" threadId="0000000000C1FF00" bytes="79427176" />
</allocation-stats>
<gc-op id="2133" type="copy forward" timems="7.694" contextid="2130" timestamp="2019-08-04T08:43:29.833">
  <memory-copied type="eden" objects="2" bytes="56" bytesdiscarded="0" />
  <memory-copied type="other" objects="73" bytes="3016" bytesdiscarded="0" />
  <memory-cardclean objects="84" bytes="2800" />
  <remembered-set-cleared processed="1486" cleared="13" durationms="0.320" />
  <stringconstants candidates="13822" cleared="0"  />
</gc-op>
<gc-op id="2134" type="classunload" timems="0.008" contextid="2130" timestamp="2019-08-04T08:43:29.833">
  <classunload-info classloadercandidates="54" classloadersunloaded="0" classesunloaded="0" anonymousclassesunloaded="0" quiescems="0.000" setupms="0.008" scanms="0.000" postms="0.000" />
</gc-op>
<gc-end id="2135" type="partial gc" contextid="2130" durationms="8.817" usertimems="21.244" systemtimems="0.000" timestamp="2019-08-04T08:43:29.833" activeThreads="16">
  <mem-info id="2136" free="174063616" total="289406976" percent="60">
    <mem type="eden" free="2097096" total="2097152" percent="99" />
    <remembered-set count="6528" freebytes="11543808" totalbytes="11569920" percent="99" regionsoverflowed="0" regionsstable="9" regionsrebuilding="0"/>
  </mem-info>
</gc-end>
<cycle-end id="2137" type="partial gc" contextid="2130" timestamp="2019-08-04T08:43:29.833">
  <attribute name="GC Util" value="146" />
  <attribute name="CPU Util" value="35468367773874" />
  <attribute name="Time Running"value="147617"/>
  <attribute name="Number of cores"value="16"/>
</cycle-end>
<exclusive-end id="2138" timestamp="2019-08-04T08:43:29.833" durationms="9.408" />

<exclusive-start id="2139" timestamp="2019-08-04T08:43:29.859" intervalms="35.554">
  <response-info timems="0.021" idlems="0.021" threads="0" lastid="0000000000C1FF00" lastname="main" />
</exclusive-start>
<allocation-taxation id="2140" taxation-threshold="79691776" timestamp="2019-08-04T08:43:29.859" intervalms="35.546" />
<cycle-start id="2141" type="partial gc" contextid="0" timestamp="2019-08-04T08:43:29.859" intervalms="35.552" />
  <attribute name="GC Util" value="146" />
  <attribute name="CPU Util" value="35468367773874" />
  <attribute name="Time Running"value="147617"/>
  <attribute name="Number of cores"value="16"/>
<gc-start id="2142" type="partial gc" contextid="2141" timestamp="2019-08-04T08:43:29.859">
  <mem-info id="2143" free="94371840" total="289406976" percent="32">
    <mem type="eden" free="2097096" total="81788928" percent="2" />
    <remembered-set count="6528" freebytes="11543808" totalbytes="11569920" percent="99" regionsoverflowed="0" regionsstable="9" regionsrebuilding="0"/>
  </mem-info>
</gc-start>
<allocation-stats totalBytes="79427176" >
  <allocated-bytes non-tlh="0" tlh="79427176" arrayletleaf="0"/>
  <largest-consumer threadName="main" threadId="0000000000C1FF00" bytes="79427176" />
</allocation-stats>
<gc-op id="2144" type="copy forward" timems="6.776" contextid="2141" timestamp="2019-08-04T08:43:29.867">
  <memory-copied type="eden" objects="2" bytes="56" bytesdiscarded="0" />
  <memory-copied type="other" objects="73" bytes="3016" bytesdiscarded="240" />
  <memory-cardclean objects="84" bytes="2800" />
  <remembered-set-cleared processed="1485" cleared="12" durationms="0.257" />
  <stringconstants candidates="13822" cleared="0"  />
</gc-op>
<gc-op id="2145" type="classunload" timems="0.009" contextid="2141" timestamp="2019-08-04T08:43:29.867">
  <classunload-info classloadercandidates="54" classloadersunloaded="0" classesunloaded="0" anonymousclassesunloaded="0" quiescems="0.000" setupms="0.009" scanms="0.000" postms="0.000" />
</gc-op>
<gc-end id="2146" type="partial gc" contextid="2141" durationms="8.157" usertimems="17.425" systemtimems="0.000" timestamp="2019-08-04T08:43:29.868" activeThreads="16">
  <mem-info id="2147" free="174063616" total="289406976" percent="60">
    <mem type="eden" free="2097096" total="2097152" percent="99" />
    <remembered-set count="7040" freebytes="11541760" totalbytes="11569920" percent="99" regionsoverflowed="0" regionsstable="9" regionsrebuilding="0"/>
  </mem-info>
</gc-end>
<cycle-end id="2148" type="partial gc" contextid="2141" timestamp="2019-08-04T08:43:29.868">
  <attribute name="GC Util" value="119" />
  <attribute name="CPU Util" value="25421413147251" />
  <attribute name="Time Running"value="147653"/>
  <attribute name="Number of cores"value="16"/>
</cycle-end>
<exclusive-end id="2149" timestamp="2019-08-04T08:43:29.868" durationms="8.783" />

<exclusive-start id="2150" timestamp="2019-08-04T08:43:29.894" intervalms="35.144">
  <response-info timems="0.017" idlems="0.017" threads="0" lastid="0000000000C1FF00" lastname="main" />
</exclusive-start>
<allocation-taxation id="2151" taxation-threshold="79691776" timestamp="2019-08-04T08:43:29.894" intervalms="35.130" />
<cycle-start id="2152" type="partial gc" contextid="0" timestamp="2019-08-04T08:43:29.894" intervalms="35.255" />
  <attribute name="GC Util" value="119" />
  <attribute name="CPU Util" value="25421413147251" />
  <attribute name="Time Running"value="147653"/>
  <attribute name="Number of cores"value="16"/>
<gc-start id="2153" type="partial gc" contextid="2152" timestamp="2019-08-04T08:43:29.895">
  <mem-info id="2154" free="94371840" total="289406976" percent="32">
    <mem type="eden" free="2097096" total="81788928" percent="2" />
    <remembered-set count="7040" freebytes="11541760" totalbytes="11569920" percent="99" regionsoverflowed="0" regionsstable="9" regionsrebuilding="0"/>
  </mem-info>
</gc-start>
<allocation-stats totalBytes="79427176" >
  <allocated-bytes non-tlh="0" tlh="79427176" arrayletleaf="0"/>
  <largest-consumer threadName="main" threadId="0000000000C1FF00" bytes="79427176" />
</allocation-stats>
<gc-op id="2155" type="copy forward" timems="5.834" contextid="2152" timestamp="2019-08-04T08:43:29.902">
  <memory-copied type="eden" objects="2" bytes="56" bytesdiscarded="736" />
  <memory-copied type="other" objects="73" bytes="3016" bytesdiscarded="848" />
  <memory-cardclean objects="84" bytes="2800" />
  <remembered-set-cleared processed="1485" cleared="12" durationms="0.170" />
  <stringconstants candidates="13822" cleared="0"  />
</gc-op>
<gc-op id="2156" type="classunload" timems="0.009" contextid="2152" timestamp="2019-08-04T08:43:29.902">
  <classunload-info classloadercandidates="54" classloadersunloaded="0" classesunloaded="0" anonymousclassesunloaded="0" quiescems="0.000" setupms="0.009" scanms="0.000" postms="0.000" />
</gc-op>
<gc-end id="2157" type="partial gc" contextid="2152" durationms="7.070" usertimems="17.084" systemtimems="0.000" timestamp="2019-08-04T08:43:29.902" activeThreads="16">
  <mem-info id="2158" free="174063616" total="289406976" percent="60">
    <mem type="eden" free="2096360" total="2097152" percent="99" />
    <remembered-set count="7040" freebytes="11541760" totalbytes="11569920" percent="99" regionsoverflowed="0" regionsstable="9" regionsrebuilding="0"/>
  </mem-info>
</gc-end>
<cycle-end id="2159" type="partial gc" contextid="2152" timestamp="2019-08-04T08:43:29.902">
  <attribute name="GC Util" value="154" />
  <attribute name="CPU Util" value="33027723820800" />
  <attribute name="Time Running"value="147688"/>
  <attribute name="Number of cores"value="16"/>
</cycle-end>
<exclusive-end id="2160" timestamp="2019-08-04T08:43:29.902" durationms="7.824" />

<exclusive-start id="2161" timestamp="2019-08-04T08:43:29.928" intervalms="33.993">
  <response-info timems="0.015" idlems="0.015" threads="0" lastid="0000000000C1FF00" lastname="main" />
</exclusive-start>
<allocation-taxation id="2162" taxation-threshold="79691776" timestamp="2019-08-04T08:43:29.928" intervalms="34.023" />
<cycle-start id="2163" type="partial gc" contextid="0" timestamp="2019-08-04T08:43:29.928" intervalms="34.003" />
  <attribute name="GC Util" value="154" />
  <attribute name="CPU Util" value="33027723820800" />
  <attribute name="Time Running"value="147688"/>
  <attribute name="Number of cores"value="16"/>
<gc-start id="2164" type="partial gc" contextid="2163" timestamp="2019-08-04T08:43:29.929">
  <mem-info id="2165" free="94371840" total="289406976" percent="32">
    <mem type="eden" free="2096360" total="81788928" percent="2" />
    <remembered-set count="6784" freebytes="11542784" totalbytes="11569920" percent="99" regionsoverflowed="0" regionsstable="9" regionsrebuilding="0"/>
  </mem-info>
</gc-start>
<allocation-stats totalBytes="79427176" >
  <allocated-bytes non-tlh="0" tlh="79427176" arrayletleaf="0"/>
  <largest-consumer threadName="main" threadId="0000000000C1FF00" bytes="79427176" />
</allocation-stats>
<gc-op id="2166" type="copy forward" timems="7.043" contextid="2163" timestamp="2019-08-04T08:43:29.938">
  <memory-copied type="eden" objects="2" bytes="56" bytesdiscarded="736" />
  <memory-copied type="other" objects="73" bytes="3016" bytesdiscarded="816" />
  <memory-cardclean objects="84" bytes="2800" />
  <remembered-set-cleared processed="1485" cleared="12" durationms="0.256" />
  <stringconstants candidates="13822" cleared="0"  />
</gc-op>
<gc-op id="2167" type="classunload" timems="0.011" contextid="2163" timestamp="2019-08-04T08:43:29.938">
  <classunload-info classloadercandidates="54" classloadersunloaded="0" classesunloaded="0" anonymousclassesunloaded="0" quiescems="0.000" setupms="0.011" scanms="0.000" postms="0.000" />
</gc-op>
<gc-end id="2168" type="partial gc" contextid="2163" durationms="9.530" usertimems="21.658" systemtimems="0.000" timestamp="2019-08-04T08:43:29.938" activeThreads="16">
  <mem-info id="2169" free="174063616" total="289406976" percent="60">
    <mem type="eden" free="2096360" total="2097152" percent="99" />
    <remembered-set count="7040" freebytes="11541760" totalbytes="11569920" percent="99" regionsoverflowed="0" regionsstable="9" regionsrebuilding="0"/>
  </mem-info>
</gc-end>
<cycle-end id="2170" type="partial gc" contextid="2163" timestamp="2019-08-04T08:43:29.938">
  <attribute name="GC Util" value="172" />
  <attribute name="CPU Util" value="10865899022141" />
  <attribute name="Time Running"value="147724"/>
  <attribute name="Number of cores"value="16"/>
</cycle-end>
<exclusive-end id="2171" timestamp="2019-08-04T08:43:29.938" durationms="10.305" />

<exclusive-start id="2172" timestamp="2019-08-04T08:43:29.965" intervalms="37.325">
  <response-info timems="0.019" idlems="0.019" threads="0" lastid="0000000000C1FF00" lastname="main" />
</exclusive-start>
<allocation-taxation id="2173" taxation-threshold="79691776" timestamp="2019-08-04T08:43:29.966" intervalms="37.300" />
<cycle-start id="2174" type="partial gc" contextid="0" timestamp="2019-08-04T08:43:29.966" intervalms="37.195" />
  <attribute name="GC Util" value="172" />
  <attribute name="CPU Util" value="10865899022141" />
  <attribute name="Time Running"value="147724"/>
  <attribute name="Number of cores"value="16"/>
<gc-start id="2175" type="partial gc" contextid="2174" timestamp="2019-08-04T08:43:29.966">
  <mem-info id="2176" free="94371840" total="289406976" percent="32">
    <mem type="eden" free="2096360" total="81788928" percent="2" />
    <remembered-set count="7040" freebytes="11541760" totalbytes="11569920" percent="99" regionsoverflowed="0" regionsstable="9" regionsrebuilding="0"/>
  </mem-info>
</gc-start>
<allocation-stats totalBytes="79275680" >
  <allocated-bytes non-tlh="0" tlh="79275680" arrayletleaf="0"/>
  <largest-consumer threadName="main" threadId="0000000000C1FF00" bytes="79275680" />
</allocation-stats>
<gc-op id="2177" type="copy forward" timems="7.746" contextid="2174" timestamp="2019-08-04T08:43:29.975">
  <memory-copied type="eden" objects="26" bytes="1920" bytesdiscarded="384" />
  <memory-copied type="other" objects="54" bytes="1296" bytesdiscarded="0" />
  <memory-cardclean objects="101" bytes="3080" />
  <remembered-set-cleared processed="1486" cleared="13" durationms="0.233" />
  <stringconstants candidates="13822" cleared="0"  />
</gc-op>
<gc-op id="2178" type="classunload" timems="0.008" contextid="2174" timestamp="2019-08-04T08:43:29.975">
  <classunload-info classloadercandidates="54" classloadersunloaded="0" classesunloaded="0" anonymousclassesunloaded="0" quiescems="0.000" setupms="0.008" scanms="0.000" postms="0.000" />
</gc-op>
<gc-end id="2179" type="partial gc" contextid="2174" durationms="8.924" usertimems="19.815" systemtimems="0.000" timestamp="2019-08-04T08:43:29.975" activeThreads="16">
  <mem-info id="2180" free="174063616" total="289406976" percent="60">
    <mem type="eden" free="2094848" total="2097152" percent="99" />
    <remembered-set count="6016" freebytes="11545856" totalbytes="11569920" percent="99" regionsoverflowed="0" regionsstable="9" regionsrebuilding="0"/>
  </mem-info>
</gc-end>
<cycle-end id="2181" type="partial gc" contextid="2174" timestamp="2019-08-04T08:43:29.975">
  <attribute name="GC Util" value="133" />
  <attribute name="CPU Util" value="29046558890866" />
  <attribute name="Time Running"value="147760"/>
  <attribute name="Number of cores"value="16"/>
</cycle-end>
<exclusive-end id="2182" timestamp="2019-08-04T08:43:29.975" durationms="9.580" />

<exclusive-start id="2183" timestamp="2019-08-04T08:43:30.001" intervalms="35.833">
  <response-info timems="0.018" idlems="0.018" threads="0" lastid="0000000000C1FF00" lastname="main" />
</exclusive-start>
<allocation-taxation id="2184" taxation-threshold="79691776" timestamp="2019-08-04T08:43:30.001" intervalms="35.827" />
<cycle-start id="2185" type="partial gc" contextid="0" timestamp="2019-08-04T08:43:30.001" intervalms="35.850" />
  <attribute name="GC Util" value="133" />
  <attribute name="CPU Util" value="29046558890866" />
  <attribute name="Time Running"value="147760"/>
  <attribute name="Number of cores"value="16"/>
<gc-start id="2186" type="partial gc" contextid="2185" timestamp="2019-08-04T08:43:30.002">
  <mem-info id="2187" free="94371840" total="289406976" percent="32">
    <mem type="eden" free="0" total="79691776" percent="0" />
    <remembered-set count="6016" freebytes="11545856" totalbytes="11569920" percent="99" regionsoverflowed="0" regionsstable="9" regionsrebuilding="0"/>
  </mem-info>
</gc-start>
<allocation-stats totalBytes="79189096" >
  <allocated-bytes non-tlh="0" tlh="79189096" arrayletleaf="0"/>
  <largest-consumer threadName="main" threadId="0000000000C1FF00" bytes="79189096" />
</allocation-stats>
<gc-op id="2188" type="copy forward" timems="8.260" contextid="2185" timestamp="2019-08-04T08:43:30.011">
  <memory-copied type="eden" objects="2" bytes="64" bytesdiscarded="0" />
  <memory-copied type="other" objects="79" bytes="3176" bytesdiscarded="1296" />
  <memory-cardclean objects="84" bytes="2800" />
  <remembered-set-cleared processed="1484" cleared="11" durationms="0.145" />
  <stringconstants candidates="13822" cleared="0"  />
</gc-op>
<gc-op id="2189" type="classunload" timems="0.009" contextid="2185" timestamp="2019-08-04T08:43:30.011">
  <classunload-info classloadercandidates="54" classloadersunloaded="0" classesunloaded="0" anonymousclassesunloaded="0" quiescems="0.000" setupms="0.009" scanms="0.000" postms="0.000" />
</gc-op>
<heap-resize id="2190" type="expand" space="default" amount="4194304" count="1" timems="0.152" reason="excessive time being spent in gc" timestamp="2019-08-04T08:43:30.011" />
<gc-end id="2191" type="partial gc" contextid="2185" durationms="9.622" usertimems="19.380" systemtimems="0.000" timestamp="2019-08-04T08:43:30.011" activeThreads="16">
  <mem-info id="2192" free="176160768" total="293601280" percent="60">
    <mem type="eden" free="2097088" total="2097152" percent="99" />
    <remembered-set count="7040" freebytes="11709440" totalbytes="11737600" percent="99" regionsoverflowed="0" regionsstable="9" regionsrebuilding="0"/>
  </mem-info>
</gc-end>
<cycle-end id="2193" type="partial gc" contextid="2185" timestamp="2019-08-04T08:43:30.011">
  <attribute name="GC Util" value="125" />
  <attribute name="CPU Util" value="30424255604921" />
  <attribute name="Time Running"value="147795"/>
  <attribute name="Number of cores"value="16"/>
</cycle-end>
<exclusive-end id="2194" timestamp="2019-08-04T08:43:30.012" durationms="10.273" />

<exclusive-start id="2195" timestamp="2019-08-04T08:43:30.045" intervalms="43.577">
  <response-info timems="0.017" idlems="0.017" threads="0" lastid="0000000000C1FF00" lastname="main" />
</exclusive-start>
<allocation-taxation id="2196" taxation-threshold="79691776" timestamp="2019-08-04T08:43:30.045" intervalms="43.584" />
<cycle-start id="2197" type="partial gc" contextid="0" timestamp="2019-08-04T08:43:30.045" intervalms="43.550" />
  <attribute name="GC Util" value="125" />
  <attribute name="CPU Util" value="30424255604921" />
  <attribute name="Time Running"value="147795"/>
  <attribute name="Number of cores"value="16"/>
<gc-start id="2198" type="partial gc" contextid="2197" timestamp="2019-08-04T08:43:30.045">
  <mem-info id="2199" free="96468992" total="293601280" percent="32">
    <mem type="eden" free="2097088" total="81788928" percent="2" />
    <remembered-set count="6816" freebytes="11710336" totalbytes="11737600" percent="99" regionsoverflowed="0" regionsstable="9" regionsrebuilding="0"/>
  </mem-info>
</gc-start>
<allocation-stats totalBytes="79192248" >
  <allocated-bytes non-tlh="0" tlh="79192248" arrayletleaf="0"/>
  <largest-consumer threadName="main" threadId="0000000000C1FF00" bytes="79192248" />
</allocation-stats>
<gc-op id="2200" type="copy forward" timems="6.596" contextid="2197" timestamp="2019-08-04T08:43:30.053">
  <memory-copied type="eden" objects="2" bytes="64" bytesdiscarded="0" />
  <memory-copied type="other" objects="25" bytes="1880" bytesdiscarded="384" />
  <memory-cardclean objects="33" bytes="1320" />
  <remembered-set-cleared processed="1490" cleared="10" durationms="0.140" />
  <stringconstants candidates="13822" cleared="0"  />
</gc-op>
<gc-op id="2201" type="classunload" timems="0.008" contextid="2197" timestamp="2019-08-04T08:43:30.053">
  <classunload-info classloadercandidates="54" classloadersunloaded="0" classesunloaded="0" anonymousclassesunloaded="0" quiescems="0.000" setupms="0.008" scanms="0.000" postms="0.000" />
</gc-op>
<gc-end id="2202" type="partial gc" contextid="2197" durationms="8.018" usertimems="18.372" systemtimems="0.000" timestamp="2019-08-04T08:43:30.053" activeThreads="16">
  <mem-info id="2203" free="176160768" total="293601280" percent="60">
    <mem type="eden" free="2097088" total="2097152" percent="99" />
    <remembered-set count="6688" freebytes="11710848" totalbytes="11737600" percent="99" regionsoverflowed="0" regionsstable="9" regionsrebuilding="0"/>
  </mem-info>
</gc-end>
<cycle-end id="2204" type="partial gc" contextid="2197" timestamp="2019-08-04T08:43:30.054">
  <attribute name="GC Util" value="187" />
  <attribute name="CPU Util" value="22989460846914" />
  <attribute name="Time Running"value="147839"/>
  <attribute name="Number of cores"value="16"/>
</cycle-end>
<exclusive-end id="2205" timestamp="2019-08-04T08:43:30.054" durationms="8.742" />

<exclusive-start id="2206" timestamp="2019-08-04T08:43:30.078" intervalms="33.060">
  <response-info timems="0.015" idlems="0.015" threads="0" lastid="0000000000C1FF00" lastname="main" />
</exclusive-start>
<allocation-taxation id="2207" taxation-threshold="79691776" timestamp="2019-08-04T08:43:30.078" intervalms="33.058" />
<cycle-start id="2208" type="partial gc" contextid="0" timestamp="2019-08-04T08:43:30.078" intervalms="33.067" />
  <attribute name="GC Util" value="187" />
  <attribute name="CPU Util" value="22989460846914" />
  <attribute name="Time Running"value="147839"/>
  <attribute name="Number of cores"value="16"/>
<gc-start id="2209" type="partial gc" contextid="2208" timestamp="2019-08-04T08:43:30.078">
  <mem-info id="2210" free="96468992" total="293601280" percent="32">
    <mem type="eden" free="2097088" total="81788928" percent="2" />
    <remembered-set count="6688" freebytes="11710848" totalbytes="11737600" percent="99" regionsoverflowed="0" regionsstable="9" regionsrebuilding="0"/>
  </mem-info>
</gc-start>
<allocation-stats totalBytes="79192224" >
  <allocated-bytes non-tlh="0" tlh="79192224" arrayletleaf="0"/>
  <largest-consumer threadName="main" threadId="0000000000C1FF00" bytes="79192224" />
</allocation-stats>
<gc-op id="2211" type="copy forward" timems="7.108" contextid="2208" timestamp="2019-08-04T08:43:30.087">
  <memory-copied type="eden" objects="2" bytes="64" bytesdiscarded="0" />
  <memory-copied type="other" objects="25" bytes="1880" bytesdiscarded="384" />
  <memory-cardclean objects="33" bytes="1320" />
  <remembered-set-cleared processed="1490" cleared="10" durationms="0.142" />
  <stringconstants candidates="13822" cleared="0"  />
</gc-op>
<gc-op id="2212" type="classunload" timems="0.006" contextid="2208" timestamp="2019-08-04T08:43:30.087">
  <classunload-info classloadercandidates="54" classloadersunloaded="0" classesunloaded="0" anonymousclassesunloaded="0" quiescems="0.000" setupms="0.005" scanms="0.000" postms="0.000" />
</gc-op>
<gc-end id="2213" type="partial gc" contextid="2208" durationms="8.444" usertimems="20.714" systemtimems="0.000" timestamp="2019-08-04T08:43:30.087" activeThreads="16">
  <mem-info id="2214" free="176160768" total="293601280" percent="60">
    <mem type="eden" free="2097088" total="2097152" percent="99" />
    <remembered-set count="6688" freebytes="11710848" totalbytes="11737600" percent="99" regionsoverflowed="0" regionsstable="9" regionsrebuilding="0"/>
  </mem-info>
</gc-end>
<cycle-end id="2215" type="partial gc" contextid="2208" timestamp="2019-08-04T08:43:30.087">
  <attribute name="GC Util" value="131" />
  <attribute name="CPU Util" value="24088262677281" />
  <attribute name="Time Running"value="147872"/>
  <attribute name="Number of cores"value="16"/>
</cycle-end>
<exclusive-end id="2216" timestamp="2019-08-04T08:43:30.087" durationms="9.150" />

<exclusive-start id="2217" timestamp="2019-08-04T08:43:30.111" intervalms="33.465">
  <response-info timems="0.034" idlems="0.034" threads="0" lastid="0000000000C1FF00" lastname="main" />
</exclusive-start>
<allocation-taxation id="2218" taxation-threshold="79691776" timestamp="2019-08-04T08:43:30.111" intervalms="33.465" />
<cycle-start id="2219" type="partial gc" contextid="0" timestamp="2019-08-04T08:43:30.112" intervalms="33.470" />
  <attribute name="GC Util" value="131" />
  <attribute name="CPU Util" value="24088262677281" />
  <attribute name="Time Running"value="147872"/>
  <attribute name="Number of cores"value="16"/>
<gc-start id="2220" type="partial gc" contextid="2219" timestamp="2019-08-04T08:43:30.112">
  <mem-info id="2221" free="96468992" total="293601280" percent="32">
    <mem type="eden" free="2097088" total="81788928" percent="2" />
    <remembered-set count="6208" freebytes="11712768" totalbytes="11737600" percent="99" regionsoverflowed="0" regionsstable="9" regionsrebuilding="0"/>
  </mem-info>
</gc-start>
<allocation-stats totalBytes="79192248" >
  <allocated-bytes non-tlh="0" tlh="79192248" arrayletleaf="0"/>
  <largest-consumer threadName="main" threadId="0000000000C1FF00" bytes="79192248" />
</allocation-stats>
<gc-op id="2222" type="copy forward" timems="6.853" contextid="2219" timestamp="2019-08-04T08:43:30.120">
  <memory-copied type="eden" objects="2" bytes="64" bytesdiscarded="0" />
  <memory-copied type="other" objects="25" bytes="1880" bytesdiscarded="816" />
  <memory-cardclean objects="33" bytes="1320" />
  <remembered-set-cleared processed="1490" cleared="10" durationms="0.336" />
  <stringconstants candidates="13822" cleared="0"  />
</gc-op>
<gc-op id="2223" type="classunload" timems="0.012" contextid="2219" timestamp="2019-08-04T08:43:30.120">
  <classunload-info classloadercandidates="54" classloadersunloaded="0" classesunloaded="0" anonymousclassesunloaded="0" quiescems="0.000" setupms="0.012" scanms="0.000" postms="0.000" />
</gc-op>
<gc-end id="2224" type="partial gc" contextid="2219" durationms="8.214" usertimems="18.356" systemtimems="0.000" timestamp="2019-08-04T08:43:30.120" activeThreads="16">
  <mem-info id="2225" free="176160768" total="293601280" percent="60">
    <mem type="eden" free="2097088" total="2097152" percent="99" />
    <remembered-set count="6688" freebytes="11710848" totalbytes="11737600" percent="99" regionsoverflowed="0" regionsstable="9" regionsrebuilding="0"/>
  </mem-info>
</gc-end>
<cycle-end id="2226" type="partial gc" contextid="2219" timestamp="2019-08-04T08:43:30.120">
  <attribute name="GC Util" value="129" />
  <attribute name="CPU Util" value="32283528083132" />
  <attribute name="Time Running"value="147906"/>
  <attribute name="Number of cores"value="16"/>
</cycle-end>
<exclusive-end id="2227" timestamp="2019-08-04T08:43:30.120" durationms="8.905" />

<exclusive-start id="2228" timestamp="2019-08-04T08:43:30.253" intervalms="141.559">
  <response-info timems="0.015" idlems="0.015" threads="0" lastid="0000000000C1FF00" lastname="main" />
</exclusive-start>
<allocation-taxation id="2229" taxation-threshold="79691776" timestamp="2019-08-04T08:43:30.253" intervalms="141.578" />
<cycle-start id="2230" type="partial gc" contextid="0" timestamp="2019-08-04T08:43:30.253" intervalms="141.564" />
  <attribute name="GC Util" value="129" />
  <attribute name="CPU Util" value="32283528083132" />
  <attribute name="Time Running"value="147906"/>
  <attribute name="Number of cores"value="16"/>
<gc-start id="2231" type="partial gc" contextid="2230" timestamp="2019-08-04T08:43:30.253">
  <mem-info id="2232" free="96468992" total="293601280" percent="32">
    <mem type="eden" free="2097088" total="81788928" percent="2" />
    <remembered-set count="6208" freebytes="11712768" totalbytes="11737600" percent="99" regionsoverflowed="0" regionsstable="9" regionsrebuilding="0"/>
  </mem-info>
</gc-start>
<allocation-stats totalBytes="79676416" >
  <allocated-bytes non-tlh="0" tlh="79676416" arrayletleaf="0"/>
  <largest-consumer threadName="main" threadId="0000000000C1FF00" bytes="79676416" />
</allocation-stats>
<gc-op id="2233" type="copy forward" timems="9.296" contextid="2230" timestamp="2019-08-04T08:43:30.264">
  <memory-copied type="eden" objects="240" bytes="7768" bytesdiscarded="2192" />
  <memory-copied type="other" objects="6" bytes="144" bytesdiscarded="0" />
  <memory-cardclean objects="98" bytes="11312" />
  <remembered-set-cleared processed="1490" cleared="21" durationms="0.168" />
  <references type="weak" candidates="37" cleared="0" enqueued="0" />
  <stringconstants candidates="13822" cleared="0"  />
</gc-op>
<gc-op id="2234" type="classunload" timems="0.010" contextid="2230" timestamp="2019-08-04T08:43:30.264">
  <classunload-info classloadercandidates="54" classloadersunloaded="0" classesunloaded="0" anonymousclassesunloaded="0" quiescems="0.000" setupms="0.010" scanms="0.000" postms="0.000" />
</gc-op>
<gc-end id="2235" type="partial gc" contextid="2230" durationms="10.847" usertimems="23.922" systemtimems="0.000" timestamp="2019-08-04T08:43:30.264" activeThreads="16">
  <mem-info id="2236" free="176160768" total="293601280" percent="60">
    <mem type="eden" free="2087144" total="2097152" percent="99" />
    <remembered-set count="6496" freebytes="11711616" totalbytes="11737600" percent="99" regionsoverflowed="0" regionsstable="9" regionsrebuilding="0"/>
  </mem-info>
</gc-end>
<cycle-end id="2237" type="partial gc" contextid="2230" timestamp="2019-08-04T08:43:30.264">
  <attribute name="GC Util" value="98" />
  <attribute name="CPU Util" value="22007725392645" />
  <attribute name="Time Running"value="148047"/>
  <attribute name="Number of cores"value="16"/>
</cycle-end>
<exclusive-end id="2238" timestamp="2019-08-04T08:43:30.265" durationms="11.628" />

<exclusive-start id="2239" timestamp="2019-08-04T08:43:30.328" intervalms="74.546">
  <response-info timems="0.019" idlems="0.019" threads="0" lastid="0000000000C1FF00" lastname="main" />
</exclusive-start>
<allocation-taxation id="2240" taxation-threshold="79691776" timestamp="2019-08-04T08:43:30.328" intervalms="74.527" />
<cycle-start id="2241" type="partial gc" contextid="0" timestamp="2019-08-04T08:43:30.328" intervalms="74.512" />
  <attribute name="GC Util" value="98" />
  <attribute name="CPU Util" value="22007725392645" />
  <attribute name="Time Running"value="148047"/>
  <attribute name="Number of cores"value="16"/>
<gc-start id="2242" type="partial gc" contextid="2241" timestamp="2019-08-04T08:43:30.328">
  <mem-info id="2243" free="96468992" total="293601280" percent="32">
    <mem type="eden" free="0" total="79691776" percent="0" />
    <remembered-set count="6144" freebytes="11713024" totalbytes="11737600" percent="99" regionsoverflowed="0" regionsstable="9" regionsrebuilding="0"/>
  </mem-info>
</gc-start>
<allocation-stats totalBytes="79658160" >
  <allocated-bytes non-tlh="0" tlh="79658160" arrayletleaf="0"/>
  <largest-consumer threadName="main" threadId="0000000000C1FF00" bytes="79658160" />
</allocation-stats>
<gc-op id="2244" type="copy forward" timems="8.388" contextid="2241" timestamp="2019-08-04T08:43:30.337">
  <memory-copied type="eden" objects="23" bytes="904" bytesdiscarded="672" />
  <memory-copied type="other" objects="61" bytes="1736" bytesdiscarded="2568" />
  <memory-cardclean objects="88" bytes="10888" />
  <remembered-set-cleared processed="1487" cleared="18" durationms="0.127" />
  <references type="weak" candidates="37" cleared="7" enqueued="3" />
  <stringconstants candidates="13822" cleared="0"  />
</gc-op>
<gc-op id="2245" type="classunload" timems="0.010" contextid="2241" timestamp="2019-08-04T08:43:30.338">
  <classunload-info classloadercandidates="54" classloadersunloaded="0" classesunloaded="0" anonymousclassesunloaded="0" quiescems="0.000" setupms="0.010" scanms="0.000" postms="0.000" />
</gc-op>
<gc-end id="2246" type="partial gc" contextid="2241" durationms="9.761" usertimems="19.265" systemtimems="0.000" timestamp="2019-08-04T08:43:30.338" activeThreads="16">
  <mem-info id="2247" free="174063616" total="293601280" percent="59">
    <mem type="eden" free="2095576" total="2097152" percent="99" />
    <pending-finalizers system="0" default="0" reference="3" classloader="0" />
    <remembered-set count="7008" freebytes="11709568" totalbytes="11737600" percent="99" regionsoverflowed="0" regionsstable="9" regionsrebuilding="0"/>
  </mem-info>
</gc-end>
<cycle-end id="2248" type="partial gc" contextid="2241" timestamp="2019-08-04T08:43:30.338">
  <attribute name="GC Util" value="136" />
  <attribute name="CPU Util" value="25412202731934" />
  <attribute name="Time Running"value="148122"/>
  <attribute name="Number of cores"value="16"/>
</cycle-end>
<exclusive-end id="2249" timestamp="2019-08-04T08:43:30.338" durationms="10.482" />

<exclusive-start id="2250" timestamp="2019-08-04T08:43:30.364" intervalms="36.474">
  <response-info timems="0.027" idlems="0.027" threads="0" lastid="0000000000C1FF00" lastname="main" />
</exclusive-start>
<allocation-taxation id="2251" taxation-threshold="79691776" timestamp="2019-08-04T08:43:30.364" intervalms="36.496" />
<cycle-start id="2252" type="partial gc" contextid="0" timestamp="2019-08-04T08:43:30.364" intervalms="36.559" />
  <attribute name="GC Util" value="136" />
  <attribute name="CPU Util" value="25412202731934" />
  <attribute name="Time Running"value="148122"/>
  <attribute name="Number of cores"value="16"/>
<gc-start id="2253" type="partial gc" contextid="2252" timestamp="2019-08-04T08:43:30.364">
  <mem-info id="2254" free="94371840" total="293601280" percent="32">
    <mem type="eden" free="0" total="79691776" percent="0" />
    <remembered-set count="6560" freebytes="11711360" totalbytes="11737600" percent="99" regionsoverflowed="0" regionsstable="9" regionsrebuilding="0"/>
  </mem-info>
</gc-start>
<allocation-stats totalBytes="79651064" >
  <allocated-bytes non-tlh="0" tlh="79651064" arrayletleaf="0"/>
  <largest-consumer threadName="main" threadId="0000000000C1FF00" bytes="79651064" />
</allocation-stats>
<gc-op id="2255" type="copy forward" timems="7.434" contextid="2252" timestamp="2019-08-04T08:43:30.373">
  <memory-copied type="eden" objects="5" bytes="392" bytesdiscarded="0" />
  <memory-copied type="other" objects="72" bytes="2144" bytesdiscarded="2520" />
  <memory-cardclean objects="75" bytes="11200" />
  <remembered-set-cleared processed="1489" cleared="17" durationms="0.375" />
  <references type="weak" candidates="30" cleared="0" enqueued="0" />
  <stringconstants candidates="13822" cleared="0"  />
</gc-op>
<gc-op id="2256" type="classunload" timems="0.009" contextid="2252" timestamp="2019-08-04T08:43:30.373">
  <classunload-info classloadercandidates="54" classloadersunloaded="0" classesunloaded="0" anonymousclassesunloaded="0" quiescems="0.000" setupms="0.009" scanms="0.000" postms="0.000" />
</gc-op>
<gc-end id="2257" type="partial gc" contextid="2252" durationms="8.635" usertimems="18.846" systemtimems="0.000" timestamp="2019-08-04T08:43:30.373" activeThreads="16">
  <mem-info id="2258" free="171966464" total="293601280" percent="58">
    <mem type="eden" free="2096760" total="2097152" percent="99" />
    <remembered-set count="7552" freebytes="11707392" totalbytes="11737600" percent="99" regionsoverflowed="0" regionsstable="9" regionsrebuilding="0"/>
  </mem-info>
</gc-end>
<cycle-end id="2259" type="partial gc" contextid="2252" timestamp="2019-08-04T08:43:30.373">
  <attribute name="GC Util" value="158" />
  <attribute name="CPU Util" value="27233252834682" />
  <attribute name="Time Running"value="148158"/>
  <attribute name="Number of cores"value="16"/>
</cycle-end>
<exclusive-end id="2260" timestamp="2019-08-04T08:43:30.373" durationms="9.396" />

<exclusive-start id="2261" timestamp="2019-08-04T08:43:30.405" intervalms="40.519">
  <response-info timems="0.022" idlems="0.022" threads="0" lastid="0000000000C1FF00" lastname="main" />
</exclusive-start>
<allocation-taxation id="2262" taxation-threshold="79691776" timestamp="2019-08-04T08:43:30.405" intervalms="40.527" />
<cycle-start id="2263" type="partial gc" contextid="0" timestamp="2019-08-04T08:43:30.405" intervalms="40.473" />
  <attribute name="GC Util" value="158" />
  <attribute name="CPU Util" value="27233252834682" />
  <attribute name="Time Running"value="148158"/>
  <attribute name="Number of cores"value="16"/>
<gc-start id="2264" type="partial gc" contextid="2263" timestamp="2019-08-04T08:43:30.405">
  <mem-info id="2265" free="92274688" total="293601280" percent="31">
    <mem type="eden" free="2096760" total="81788928" percent="2" />
    <remembered-set count="7232" freebytes="11708672" totalbytes="11737600" percent="99" regionsoverflowed="0" regionsstable="9" regionsrebuilding="0"/>
  </mem-info>
</gc-start>
<allocation-stats totalBytes="79650360" >
  <allocated-bytes non-tlh="0" tlh="79650360" arrayletleaf="0"/>
  <largest-consumer threadName="main" threadId="0000000000C1FF00" bytes="79650360" />
</allocation-stats>
<gc-op id="2266" type="copy forward" timems="7.033" contextid="2263" timestamp="2019-08-04T08:43:30.413">
  <memory-copied type="eden" objects="6" bytes="256" bytesdiscarded="0" />
  <memory-copied type="other" objects="17" bytes="552" bytesdiscarded="0" />
  <memory-cardclean objects="37" bytes="1304" />
  <remembered-set-cleared processed="1494" cleared="9" durationms="0.484" />
  <stringconstants candidates="13822" cleared="0"  />
</gc-op>
<gc-op id="2267" type="classunload" timems="0.011" contextid="2263" timestamp="2019-08-04T08:43:30.413">
  <classunload-info classloadercandidates="54" classloadersunloaded="0" classesunloaded="0" anonymousclassesunloaded="0" quiescems="0.000" setupms="0.010" scanms="0.000" postms="0.000" />
</gc-op>
<heap-resize id="2268" type="expand" space="default" amount="10485760" count="1" timems="0.119" reason="excessive time being spent in gc" timestamp="2019-08-04T08:43:30.413" />
<gc-end id="2269" type="partial gc" contextid="2263" durationms="8.284" usertimems="18.305" systemtimems="0.000" timestamp="2019-08-04T08:43:30.413" activeThreads="16">
  <mem-info id="2270" free="182452224" total="304087040" percent="60">
    <mem type="eden" free="2096896" total="2097152" percent="99" />
    <remembered-set count="6816" freebytes="12129536" totalbytes="12156800" percent="99" regionsoverflowed="0" regionsstable="9" regionsrebuilding="0"/>
  </mem-info>
</gc-end>
<cycle-end id="2271" type="partial gc" contextid="2263" timestamp="2019-08-04T08:43:30.413">
  <attribute name="GC Util" value="160" />
  <attribute name="CPU Util" value="35214461231382" />
  <attribute name="Time Running"value="148198"/>
  <attribute name="Number of cores"value="16"/>
</cycle-end>
<exclusive-end id="2272" timestamp="2019-08-04T08:43:30.413" durationms="8.928" />

<exclusive-start id="2273" timestamp="2019-08-04T08:43:30.449" intervalms="44.040">
  <response-info timems="0.020" idlems="0.020" threads="0" lastid="0000000000C1FF00" lastname="main" />
</exclusive-start>
<allocation-taxation id="2274" taxation-threshold="83886080" timestamp="2019-08-04T08:43:30.449" intervalms="44.024" />
<cycle-start id="2275" type="partial gc" contextid="0" timestamp="2019-08-04T08:43:30.449" intervalms="44.052" />
  <attribute name="GC Util" value="160" />
  <attribute name="CPU Util" value="35214461231382" />
  <attribute name="Time Running"value="148198"/>
  <attribute name="Number of cores"value="16"/>
<gc-start id="2276" type="partial gc" contextid="2275" timestamp="2019-08-04T08:43:30.449">
  <mem-info id="2277" free="98566144" total="304087040" percent="32">
    <mem type="eden" free="2096896" total="85983232" percent="2" />
    <remembered-set count="6816" freebytes="12129536" totalbytes="12156800" percent="99" regionsoverflowed="0" regionsstable="9" regionsrebuilding="0"/>
  </mem-info>
</gc-start>
<allocation-stats totalBytes="83816232" >
  <allocated-bytes non-tlh="0" tlh="83816232" arrayletleaf="0"/>
  <largest-consumer threadName="main" threadId="0000000000C1FF00" bytes="83816232" />
</allocation-stats>
<gc-op id="2278" type="copy forward" timems="7.776" contextid="2275" timestamp="2019-08-04T08:43:30.459">
  <memory-copied type="eden" objects="23" bytes="808" bytesdiscarded="696" />
  <memory-copied type="other" objects="6" bytes="144" bytesdiscarded="720" />
  <memory-cardclean objects="55" bytes="1648" />
  <remembered-set-cleared processed="1494" cleared="10" durationms="0.159" />
  <stringconstants candidates="13822" cleared="0"  />
</gc-op>
<gc-op id="2279" type="classunload" timems="0.012" contextid="2275" timestamp="2019-08-04T08:43:30.459">
  <classunload-info classloadercandidates="54" classloadersunloaded="0" classesunloaded="0" anonymousclassesunloaded="0" quiescems="0.000" setupms="0.012" scanms="0.000" postms="0.000" />
</gc-op>
<gc-end id="2280" type="partial gc" contextid="2275" durationms="9.804" usertimems="23.341" systemtimems="0.000" timestamp="2019-08-04T08:43:30.459" activeThreads="16">
  <mem-info id="2281" free="182452224" total="304087040" percent="60">
    <mem type="eden" free="2095648" total="2097152" percent="99" />
    <remembered-set count="7296" freebytes="12127616" totalbytes="12156800" percent="99" regionsoverflowed="0" regionsstable="9" regionsrebuilding="0"/>
  </mem-info>
</gc-end>
<cycle-end id="2282" type="partial gc" contextid="2275" timestamp="2019-08-04T08:43:30.459">
  <attribute name="GC Util" value="88" />
  <attribute name="CPU Util" value="14265839517356" />
  <attribute name="Time Running"value="148243"/>
  <attribute name="Number of cores"value="16"/>
</cycle-end>
<exclusive-end id="2283" timestamp="2019-08-04T08:43:30.459" durationms="10.777" />

<exclusive-start id="2284" timestamp="2019-08-04T08:43:30.546" intervalms="97.065">
  <response-info timems="0.019" idlems="0.019" threads="0" lastid="0000000000C1FF00" lastname="main" />
</exclusive-start>
<allocation-taxation id="2285" taxation-threshold="83886080" timestamp="2019-08-04T08:43:30.546" intervalms="97.067" />
<cycle-start id="2286" type="partial gc" contextid="0" timestamp="2019-08-04T08:43:30.546" intervalms="97.132" />
  <attribute name="GC Util" value="88" />
  <attribute name="CPU Util" value="14265839517356" />
  <attribute name="Time Running"value="148243"/>
  <attribute name="Number of cores"value="16"/>
<gc-start id="2287" type="partial gc" contextid="2286" timestamp="2019-08-04T08:43:30.546">
  <mem-info id="2288" free="98566144" total="304087040" percent="32">
    <mem type="eden" free="0" total="83886080" percent="0" />
    <remembered-set count="6816" freebytes="12129536" totalbytes="12156800" percent="99" regionsoverflowed="0" regionsstable="9" regionsrebuilding="0"/>
  </mem-info>
</gc-start>
<allocation-stats totalBytes="83850600" >
  <allocated-bytes non-tlh="0" tlh="83850600" arrayletleaf="0"/>
  <largest-consumer threadName="main" threadId="0000000000C1FF00" bytes="83850600" />
</allocation-stats>
<gc-op id="2289" type="copy forward" timems="6.794" contextid="2286" timestamp="2019-08-04T08:43:30.554">
  <memory-copied type="eden" objects="38" bytes="1504" bytesdiscarded="0" />
  <memory-copied type="other" objects="12" bytes="288" bytesdiscarded="1320" />
  <memory-cardclean objects="60" bytes="1776" />
  <remembered-set-cleared processed="1493" cleared="10" durationms="0.145" />
  <stringconstants candidates="13822" cleared="0"  />
</gc-op>
<gc-op id="2290" type="classunload" timems="0.012" contextid="2286" timestamp="2019-08-04T08:43:30.554">
  <classunload-info classloadercandidates="54" classloadersunloaded="0" classesunloaded="0" anonymousclassesunloaded="0" quiescems="0.000" setupms="0.012" scanms="0.000" postms="0.000" />
</gc-op>
<heap-resize id="2291" type="expand" space="default" amount="6291456" count="1" timems="0.125" reason="excessive time being spent in gc" timestamp="2019-08-04T08:43:30.554" />
<gc-end id="2292" type="partial gc" contextid="2286" durationms="8.124" usertimems="17.727" systemtimems="0.000" timestamp="2019-08-04T08:43:30.554" activeThreads="16">
  <mem-info id="2293" free="186646528" total="310378496" percent="60">
    <mem type="eden" free="2095648" total="2097152" percent="99" />
    <remembered-set count="6752" freebytes="12381312" totalbytes="12408320" percent="99" regionsoverflowed="0" regionsstable="9" regionsrebuilding="0"/>
  </mem-info>
</gc-end>
<cycle-end id="2294" type="partial gc" contextid="2286" timestamp="2019-08-04T08:43:30.555">
  <attribute name="GC Util" value="171" />
  <attribute name="CPU Util" value="38150468366125" />
  <attribute name="Time Running"value="148340"/>
  <attribute name="Number of cores"value="16"/>
</cycle-end>
<exclusive-end id="2295" timestamp="2019-08-04T08:43:30.555" durationms="9.003" />

<exclusive-start id="2296" timestamp="2019-08-04T08:43:30.803" intervalms="257.609">
  <response-info timems="0.025" idlems="0.025" threads="0" lastid="0000000000C1FF00" lastname="main" />
</exclusive-start>
<allocation-taxation id="2297" taxation-threshold="83886080" timestamp="2019-08-04T08:43:30.803" intervalms="257.632" />
<cycle-start id="2298" type="partial gc" contextid="0" timestamp="2019-08-04T08:43:30.803" intervalms="257.624" />
  <attribute name="GC Util" value="171" />
  <attribute name="CPU Util" value="38150468366125" />
  <attribute name="Time Running"value="148340"/>
  <attribute name="Number of cores"value="16"/>
<gc-start id="2299" type="partial gc" contextid="2298" timestamp="2019-08-04T08:43:30.804">
  <mem-info id="2300" free="102760448" total="310378496" percent="33">
    <mem type="eden" free="0" total="83886080" percent="0" />
    <remembered-set count="6304" freebytes="12383104" totalbytes="12408320" percent="99" regionsoverflowed="0" regionsstable="9" regionsrebuilding="0"/>
  </mem-info>
</gc-start>
<allocation-stats totalBytes="80290328" >
  <allocated-bytes non-tlh="0" tlh="80290328" arrayletleaf="0"/>
  <largest-consumer threadName="main" threadId="0000000000C1FF00" bytes="80290328" />
</allocation-stats>
<gc-op id="2301" type="copy forward" timems="6.901" contextid="2298" timestamp="2019-08-04T08:43:30.812">
  <memory-copied type="eden" objects="67" bytes="15736" bytesdiscarded="648" />
  <memory-copied type="other" objects="12" bytes="288" bytesdiscarded="648" />
  <memory-cardclean objects="133" bytes="3488" />
  <remembered-set-cleared processed="1494" cleared="14" durationms="0.149" />
  <stringconstants candidates="13822" cleared="0"  />
</gc-op>
<gc-op id="2302" type="classunload" timems="0.011" contextid="2298" timestamp="2019-08-04T08:43:30.812">
  <classunload-info classloadercandidates="54" classloadersunloaded="0" classesunloaded="0" anonymousclassesunloaded="0" quiescems="0.000" setupms="0.010" scanms="0.000" postms="0.000" />
</gc-op>
<gc-end id="2303" type="partial gc" contextid="2298" durationms="8.017" usertimems="17.367" systemtimems="0.000" timestamp="2019-08-04T08:43:30.812" activeThreads="16">
  <mem-info id="2304" free="184549376" total="310378496" percent="59">
    <mem type="eden" free="2080768" total="2097152" percent="99" />
    <remembered-set count="6784" freebytes="12381184" totalbytes="12408320" percent="99" regionsoverflowed="0" regionsstable="9" regionsrebuilding="0"/>
  </mem-info>
</gc-end>
<cycle-end id="2305" type="partial gc" contextid="2298" timestamp="2019-08-04T08:43:30.812">
  <attribute name="GC Util" value="128" />
  <attribute name="CPU Util" value="31684547175188" />
  <attribute name="Time Running"value="148597"/>
  <attribute name="Number of cores"value="16"/>
</cycle-end>
<exclusive-end id="2306" timestamp="2019-08-04T08:43:30.812" durationms="8.840" />

<exclusive-start id="2307" timestamp="2019-08-04T08:43:31.028" intervalms="225.176">
  <response-info timems="0.023" idlems="0.023" threads="0" lastid="0000000000C1FF00" lastname="main" />
</exclusive-start>
<allocation-taxation id="2308" taxation-threshold="83886080" timestamp="2019-08-04T08:43:31.028" intervalms="225.149" />
<cycle-start id="2309" type="partial gc" contextid="0" timestamp="2019-08-04T08:43:31.029" intervalms="225.077" />
  <attribute name="GC Util" value="128" />
  <attribute name="CPU Util" value="31684547175188" />
  <attribute name="Time Running"value="148597"/>
  <attribute name="Number of cores"value="16"/>
<gc-start id="2310" type="partial gc" contextid="2309" timestamp="2019-08-04T08:43:31.029">
  <mem-info id="2311" free="100663296" total="310378496" percent="32">
    <mem type="eden" free="0" total="83886080" percent="0" />
    <remembered-set count="6784" freebytes="12381184" totalbytes="12408320" percent="99" regionsoverflowed="0" regionsstable="9" regionsrebuilding="0"/>
  </mem-info>
</gc-start>
<allocation-stats totalBytes="83875656" >
  <allocated-bytes non-tlh="0" tlh="83875656" arrayletleaf="0"/>
  <largest-consumer threadName="main" threadId="0000000000C1FF00" bytes="83875656" />
</allocation-stats>
<gc-op id="2312" type="copy forward" timems="7.165" contextid="2309" timestamp="2019-08-04T08:43:31.037">
  <memory-copied type="eden" objects="72" bytes="2208" bytesdiscarded="696" />
  <memory-copied type="other" objects="42" bytes="1008" bytesdiscarded="648" />
  <memory-cardclean objects="161" bytes="4344" />
  <remembered-set-cleared processed="1494" cleared="16" durationms="0.247" />
  <stringconstants candidates="13822" cleared="0"  />
</gc-op>
<gc-op id="2313" type="classunload" timems="0.012" contextid="2309" timestamp="2019-08-04T08:43:31.037">
  <classunload-info classloadercandidates="54" classloadersunloaded="0" classesunloaded="0" anonymousclassesunloaded="0" quiescems="0.000" setupms="0.012" scanms="0.000" postms="0.000" />
</gc-op>
<gc-end id="2314" type="partial gc" contextid="2309" durationms="8.489" usertimems="16.726" systemtimems="0.000" timestamp="2019-08-04T08:43:31.037" activeThreads="16">
  <mem-info id="2315" free="182452224" total="310378496" percent="58">
    <mem type="eden" free="2094248" total="2097152" percent="99" />
    <remembered-set count="7232" freebytes="12379392" totalbytes="12408320" percent="99" regionsoverflowed="0" regionsstable="9" regionsrebuilding="0"/>
  </mem-info>
</gc-end>
<cycle-end id="2316" type="partial gc" contextid="2309" timestamp="2019-08-04T08:43:31.037">
  <attribute name="GC Util" value="144" />
  <attribute name="CPU Util" value="32475288656130" />
  <attribute name="Time Running"value="148823"/>
  <attribute name="Number of cores"value="16"/>
</cycle-end>
<exclusive-end id="2317" timestamp="2019-08-04T08:43:31.038" durationms="9.159" />

<exclusive-start id="2318" timestamp="2019-08-04T08:43:31.162" intervalms="133.420">
  <response-info timems="0.022" idlems="0.022" threads="0" lastid="0000000000C1FF00" lastname="main" />
</exclusive-start>
<allocation-taxation id="2319" taxation-threshold="83886080" timestamp="2019-08-04T08:43:31.162" intervalms="133.428" />
<cycle-start id="2320" type="partial gc" contextid="0" timestamp="2019-08-04T08:43:31.162" intervalms="133.488" />
  <attribute name="GC Util" value="144" />
  <attribute name="CPU Util" value="32475288656130" />
  <attribute name="Time Running"value="148823"/>
  <attribute name="Number of cores"value="16"/>
<gc-start id="2321" type="partial gc" contextid="2320" timestamp="2019-08-04T08:43:31.163">
  <mem-info id="2322" free="98566144" total="310378496" percent="31">
    <mem type="eden" free="0" total="83886080" percent="0" />
    <remembered-set count="6784" freebytes="12381184" totalbytes="12408320" percent="99" regionsoverflowed="0" regionsstable="9" regionsrebuilding="0"/>
  </mem-info>
</gc-start>
<allocation-stats totalBytes="83860960" >
  <allocated-bytes non-tlh="0" tlh="83860960" arrayletleaf="0"/>
  <largest-consumer threadName="main" threadId="0000000000C1FF00" bytes="83860960" />
</allocation-stats>
<gc-op id="2323" type="copy forward" timems="8.202" contextid="2320" timestamp="2019-08-04T08:43:31.172">
  <memory-copied type="eden" objects="31" bytes="968" bytesdiscarded="600" />
  <memory-copied type="other" objects="70" bytes="1752" bytesdiscarded="0" />
  <memory-cardclean objects="191" bytes="4920" />
  <remembered-set-cleared processed="1495" cleared="16" durationms="0.195" />
  <stringconstants candidates="13822" cleared="0"  />
</gc-op>
<gc-op id="2324" type="classunload" timems="0.011" contextid="2320" timestamp="2019-08-04T08:43:31.172">
  <classunload-info classloadercandidates="54" classloadersunloaded="0" classesunloaded="0" anonymousclassesunloaded="0" quiescems="0.000" setupms="0.011" scanms="0.000" postms="0.000" />
</gc-op>
<heap-resize id="2325" type="contract" space="default" amount="16777216" count="1" timems="0.112" reason="insufficient time being spent in gc" timestamp="2019-08-04T08:43:31.172" />
<gc-end id="2326" type="partial gc" contextid="2320" durationms="9.545" usertimems="19.799" systemtimems="0.000" timestamp="2019-08-04T08:43:31.172" activeThreads="16">
  <mem-info id="2327" free="163577856" total="293601280" percent="55">
    <mem type="eden" free="2095584" total="2097152" percent="99" />
    <remembered-set count="6720" freebytes="12381440" totalbytes="12408320" percent="99" regionsoverflowed="0" regionsstable="9" regionsrebuilding="0"/>
  </mem-info>
</gc-end>
<cycle-end id="2328" type="partial gc" contextid="2320" timestamp="2019-08-04T08:43:31.172">
  <attribute name="GC Util" value="131" />
  <attribute name="CPU Util" value="27217983511235" />
  <attribute name="Time Running"value="148956"/>
  <attribute name="Number of cores"value="16"/>
</cycle-end>
<exclusive-end id="2329" timestamp="2019-08-04T08:43:31.172" durationms="10.489" />

<exclusive-start id="2330" timestamp="2019-08-04T08:43:31.295" intervalms="133.044">
  <response-info timems="0.057" idlems="0.057" threads="0" lastid="0000000000C1FF00" lastname="main" />
</exclusive-start>
<allocation-taxation id="2331" taxation-threshold="79691776" timestamp="2019-08-04T08:43:31.295" intervalms="133.029" />
<cycle-start id="2332" type="partial gc" contextid="0" timestamp="2019-08-04T08:43:31.295" intervalms="132.953" />
  <attribute name="GC Util" value="131" />
  <attribute name="CPU Util" value="27217983511235" />
  <attribute name="Time Running"value="148956"/>
  <attribute name="Number of cores"value="16"/>
<gc-start id="2333" type="partial gc" contextid="2332" timestamp="2019-08-04T08:43:31.295">
  <mem-info id="2334" free="83886080" total="293601280" percent="28">
    <mem type="eden" free="0" total="79691776" percent="0" />
    <remembered-set count="6240" freebytes="12383360" totalbytes="12408320" percent="99" regionsoverflowed="0" regionsstable="9" regionsrebuilding="0"/>
  </mem-info>
</gc-start>
<allocation-stats totalBytes="79682904" >
  <allocated-bytes non-tlh="0" tlh="79682904" arrayletleaf="0"/>
  <largest-consumer threadName="main" threadId="0000000000C1FF00" bytes="79682904" />
</allocation-stats>
<gc-op id="2335" type="copy forward" timems="9.653" contextid="2332" timestamp="2019-08-04T08:43:31.307">
  <memory-copied type="eden" objects="34" bytes="1024" bytesdiscarded="0" />
  <memory-copied type="other" objects="47" bytes="1224" bytesdiscarded="576" />
  <memory-cardclean objects="124" bytes="3408" />
  <remembered-set-cleared processed="1497" cleared="14" durationms="0.261" />
  <stringconstants candidates="13822" cleared="0"  />
</gc-op>
<gc-op id="2336" type="classunload" timems="0.011" contextid="2332" timestamp="2019-08-04T08:43:31.307">
  <classunload-info classloadercandidates="54" classloadersunloaded="0" classesunloaded="0" anonymousclassesunloaded="0" quiescems="0.000" setupms="0.011" scanms="0.000" postms="0.000" />
</gc-op>
<gc-end id="2337" type="partial gc" contextid="2332" durationms="11.568" usertimems="24.912" systemtimems="0.000" timestamp="2019-08-04T08:43:31.307" activeThreads="16">
  <mem-info id="2338" free="161480704" total="293601280" percent="55">
    <mem type="eden" free="2096128" total="2097152" percent="99" />
    <remembered-set count="6752" freebytes="11710592" totalbytes="11737600" percent="99" regionsoverflowed="0" regionsstable="9" regionsrebuilding="0"/>
  </mem-info>
</gc-end>
<cycle-end id="2339" type="partial gc" contextid="2332" timestamp="2019-08-04T08:43:31.307">
  <attribute name="GC Util" value="67" />
  <attribute name="CPU Util" value="13684192716245" />
  <attribute name="Time Running"value="149090"/>
  <attribute name="Number of cores"value="16"/>
</cycle-end>
<exclusive-end id="2340" timestamp="2019-08-04T08:43:31.307" durationms="12.174" />

<exclusive-start id="2341" timestamp="2019-08-04T08:43:31.452" intervalms="157.233">
  <response-info timems="0.024" idlems="0.024" threads="0" lastid="0000000000C1FF00" lastname="main" />
</exclusive-start>
<allocation-taxation id="2342" taxation-threshold="79691776" timestamp="2019-08-04T08:43:31.452" intervalms="157.247" />
<cycle-start id="2343" type="partial gc" contextid="0" timestamp="2019-08-04T08:43:31.452" intervalms="157.292" />
  <attribute name="GC Util" value="67" />
  <attribute name="CPU Util" value="13684192716245" />
  <attribute name="Time Running"value="149090"/>
  <attribute name="Number of cores"value="16"/>
<gc-start id="2344" type="partial gc" contextid="2343" timestamp="2019-08-04T08:43:31.453">
  <mem-info id="2345" free="81788928" total="293601280" percent="27">
    <mem type="eden" free="0" total="79691776" percent="0" />
    <remembered-set count="6656" freebytes="11710976" totalbytes="11737600" percent="99" regionsoverflowed="0" regionsstable="9" regionsrebuilding="0"/>
  </mem-info>
</gc-start>
<allocation-stats totalBytes="79686304" >
  <allocated-bytes non-tlh="0" tlh="79686304" arrayletleaf="0"/>
  <largest-consumer threadName="main" threadId="0000000000C1FF00" bytes="79686304" />
</allocation-stats>
<gc-op id="2346" type="copy forward" timems="6.990" contextid="2343" timestamp="2019-08-04T08:43:31.461">
  <memory-copied type="eden" objects="31" bytes="896" bytesdiscarded="480" />
  <memory-copied type="other" objects="25" bytes="624" bytesdiscarded="1176" />
  <memory-cardclean objects="133" bytes="3464" />
  <remembered-set-cleared processed="1501" cleared="16" durationms="0.316" />
  <stringconstants candidates="13822" cleared="0"  />
</gc-op>
<gc-op id="2347" type="classunload" timems="0.015" contextid="2343" timestamp="2019-08-04T08:43:31.461">
  <classunload-info classloadercandidates="54" classloadersunloaded="0" classesunloaded="0" anonymousclassesunloaded="0" quiescems="0.000" setupms="0.014" scanms="0.000" postms="0.000" />
</gc-op>
<gc-end id="2348" type="partial gc" contextid="2343" durationms="8.232" usertimems="18.310" systemtimems="0.000" timestamp="2019-08-04T08:43:31.461" activeThreads="16">
  <mem-info id="2349" free="159383552" total="293601280" percent="54">
    <mem type="eden" free="2095776" total="2097152" percent="99" />
    <remembered-set count="7264" freebytes="11708544" totalbytes="11737600" percent="99" regionsoverflowed="0" regionsstable="9" regionsrebuilding="0"/>
  </mem-info>
</gc-end>
<cycle-end id="2350" type="partial gc" contextid="2343" timestamp="2019-08-04T08:43:31.461">
  <attribute name="GC Util" value="164" />
  <attribute name="CPU Util" value="31249035867905" />
  <attribute name="Time Running"value="149246"/>
  <attribute name="Number of cores"value="16"/>
</cycle-end>
<exclusive-end id="2351" timestamp="2019-08-04T08:43:31.461" durationms="8.946" />

<exclusive-start id="2352" timestamp="2019-08-04T08:43:31.669" intervalms="217.306">
  <response-info timems="0.018" idlems="0.018" threads="0" lastid="0000000000C1FF00" lastname="main" />
</exclusive-start>
<allocation-taxation id="2353" taxation-threshold="79691776" timestamp="2019-08-04T08:43:31.669" intervalms="217.294" />
<cycle-start id="2354" type="partial gc" contextid="0" timestamp="2019-08-04T08:43:31.670" intervalms="217.315" />
  <attribute name="GC Util" value="164" />
  <attribute name="CPU Util" value="31249035867905" />
  <attribute name="Time Running"value="149246"/>
  <attribute name="Number of cores"value="16"/>
<gc-start id="2355" type="partial gc" contextid="2354" timestamp="2019-08-04T08:43:31.670">
  <mem-info id="2356" free="79691776" total="293601280" percent="27">
    <mem type="eden" free="0" total="79691776" percent="0" />
    <remembered-set count="6816" freebytes="11710336" totalbytes="11737600" percent="99" regionsoverflowed="0" regionsstable="9" regionsrebuilding="0"/>
  </mem-info>
</gc-start>
<allocation-stats totalBytes="79685824" >
  <allocated-bytes non-tlh="0" tlh="79685824" arrayletleaf="0"/>
  <largest-consumer threadName="main" threadId="0000000000C1FF00" bytes="79685824" />
</allocation-stats>
<gc-op id="2357" type="copy forward" timems="9.754" contextid="2354" timestamp="2019-08-04T08:43:31.681">
  <memory-copied type="eden" objects="52" bytes="1432" bytesdiscarded="864" />
  <memory-copied type="other" objects="30" bytes="720" bytesdiscarded="1824" />
  <memory-cardclean objects="101" bytes="2720" />
  <remembered-set-cleared processed="1505" cleared="16" durationms="0.176" />
  <stringconstants candidates="13822" cleared="0"  />
</gc-op>
<gc-op id="2358" type="classunload" timems="0.012" contextid="2354" timestamp="2019-08-04T08:43:31.681">
  <classunload-info classloadercandidates="54" classloadersunloaded="0" classesunloaded="0" anonymousclassesunloaded="0" quiescems="0.000" setupms="0.012" scanms="0.000" postms="0.000" />
</gc-op>
<gc-end id="2359" type="partial gc" contextid="2354" durationms="11.577" usertimems="20.629" systemtimems="0.000" timestamp="2019-08-04T08:43:31.681" activeThreads="16">
  <mem-info id="2360" free="157286400" total="293601280" percent="53">
    <mem type="eden" free="2094856" total="2097152" percent="99" />
    <remembered-set count="7872" freebytes="11706112" totalbytes="11737600" percent="99" regionsoverflowed="0" regionsstable="9" regionsrebuilding="0"/>
  </mem-info>
</gc-end>
<cycle-end id="2361" type="partial gc" contextid="2354" timestamp="2019-08-04T08:43:31.682">
  <attribute name="GC Util" value="103" />
  <attribute name="CPU Util" value="18649613854963" />
  <attribute name="Time Running"value="149464"/>
  <attribute name="Number of cores"value="16"/>
</cycle-end>
<exclusive-end id="2362" timestamp="2019-08-04T08:43:31.682" durationms="12.441" />

<exclusive-start id="2363" timestamp="2019-08-04T08:43:31.843" intervalms="173.679">
  <response-info timems="0.026" idlems="0.026" threads="0" lastid="0000000000C1FF00" lastname="main" />
</exclusive-start>
<allocation-taxation id="2364" taxation-threshold="79691776" timestamp="2019-08-04T08:43:31.843" intervalms="173.683" />
<cycle-start id="2365" type="partial gc" contextid="0" timestamp="2019-08-04T08:43:31.843" intervalms="173.824" />
  <attribute name="GC Util" value="103" />
  <attribute name="CPU Util" value="18649613854963" />
  <attribute name="Time Running"value="149464"/>
  <attribute name="Number of cores"value="16"/>
<gc-start id="2366" type="partial gc" contextid="2365" timestamp="2019-08-04T08:43:31.844">
  <mem-info id="2367" free="77594624" total="293601280" percent="26">
    <mem type="eden" free="0" total="79691776" percent="0" />
    <remembered-set count="7424" freebytes="11707904" totalbytes="11737600" percent="99" regionsoverflowed="0" regionsstable="9" regionsrebuilding="0"/>
  </mem-info>
</gc-start>
<allocation-stats totalBytes="79686248" >
  <allocated-bytes non-tlh="0" tlh="79686248" arrayletleaf="0"/>
  <largest-consumer threadName="main" threadId="0000000000C1FF00" bytes="79686248" />
</allocation-stats>
<gc-op id="2368" type="copy forward" timems="9.461" contextid="2365" timestamp="2019-08-04T08:43:31.854">
  <memory-copied type="eden" objects="28" bytes="872" bytesdiscarded="696" />
  <memory-copied type="other" objects="48" bytes="1152" bytesdiscarded="2496" />
  <memory-cardclean objects="83" bytes="2384" />
  <remembered-set-cleared processed="1508" cleared="15" durationms="0.812" />
  <stringconstants candidates="13822" cleared="0"  />
</gc-op>
<gc-op id="2369" type="classunload" timems="0.014" contextid="2365" timestamp="2019-08-04T08:43:31.854">
  <classunload-info classloadercandidates="54" classloadersunloaded="0" classesunloaded="0" anonymousclassesunloaded="0" quiescems="0.000" setupms="0.014" scanms="0.000" postms="0.000" />
</gc-op>
<gc-end id="2370" type="partial gc" contextid="2365" durationms="10.797" usertimems="23.118" systemtimems="0.000" timestamp="2019-08-04T08:43:31.855" activeThreads="16">
  <mem-info id="2371" free="155189248" total="293601280" percent="52">
    <mem type="eden" free="2095584" total="2097152" percent="99" />
    <remembered-set count="8000" freebytes="11705600" totalbytes="11737600" percent="99" regionsoverflowed="0" regionsstable="9" regionsrebuilding="0"/>
  </mem-info>
</gc-end>
<cycle-end id="2372" type="partial gc" contextid="2365" timestamp="2019-08-04T08:43:31.855">
  <attribute name="GC Util" value="123" />
  <attribute name="CPU Util" value="31055803164682" />
  <attribute name="Time Running"value="149637"/>
  <attribute name="Number of cores"value="16"/>
</cycle-end>
<exclusive-end id="2373" timestamp="2019-08-04T08:43:31.855" durationms="11.764" />

<exclusive-start id="2374" timestamp="2019-08-04T08:43:32.033" intervalms="190.067">
  <response-info timems="0.030" idlems="0.030" threads="0" lastid="0000000000C1FF00" lastname="main" />
</exclusive-start>
<allocation-taxation id="2375" taxation-threshold="79691776" timestamp="2019-08-04T08:43:32.033" intervalms="190.076" />
<cycle-start id="2376" type="partial gc" contextid="0" timestamp="2019-08-04T08:43:32.033" intervalms="189.888" />
  <attribute name="GC Util" value="123" />
  <attribute name="CPU Util" value="31055803164682" />
  <attribute name="Time Running"value="149637"/>
  <attribute name="Number of cores"value="16"/>
<gc-start id="2377" type="partial gc" contextid="2376" timestamp="2019-08-04T08:43:32.034">
  <mem-info id="2378" free="75497472" total="293601280" percent="25">
    <mem type="eden" free="0" total="79691776" percent="0" />
    <remembered-set count="7552" freebytes="11707392" totalbytes="11737600" percent="99" regionsoverflowed="0" regionsstable="9" regionsrebuilding="0"/>
  </mem-info>
</gc-start>
<allocation-stats totalBytes="79637088" >
  <allocated-bytes non-tlh="0" tlh="79637088" arrayletleaf="0"/>
  <largest-consumer threadName="main" threadId="0000000000C1FF00" bytes="79637088" />
</allocation-stats>
<gc-op id="2379" type="copy forward" timems="9.450" contextid="2376" timestamp="2019-08-04T08:43:32.044">
  <memory-copied type="eden" objects="47" bytes="2048" bytesdiscarded="456" />
  <memory-copied type="other" objects="36" bytes="864" bytesdiscarded="1200" />
  <memory-cardclean objects="119" bytes="3240" />
  <remembered-set-cleared processed="1510" cleared="19" durationms="0.314" />
  <stringconstants candidates="13822" cleared="0"  />
</gc-op>
<gc-op id="2380" type="classunload" timems="0.015" contextid="2376" timestamp="2019-08-04T08:43:32.044">
  <classunload-info classloadercandidates="54" classloadersunloaded="0" classesunloaded="0" anonymousclassesunloaded="0" quiescems="0.000" setupms="0.015" scanms="0.000" postms="0.000" />
</gc-op>
<gc-end id="2381" type="partial gc" contextid="2376" durationms="11.131" usertimems="23.647" systemtimems="0.000" timestamp="2019-08-04T08:43:32.045" activeThreads="16">
  <mem-info id="2382" free="153092096" total="293601280" percent="52">
    <mem type="eden" free="2094648" total="2097152" percent="99" />
    <remembered-set count="7936" freebytes="11705856" totalbytes="11737600" percent="99" regionsoverflowed="0" regionsstable="9" regionsrebuilding="0"/>
  </mem-info>
</gc-end>
<cycle-end id="2383" type="partial gc" contextid="2376" timestamp="2019-08-04T08:43:32.048">
  <attribute name="GC Util" value="112" />
  <attribute name="CPU Util" value="21955573298746" />
  <attribute name="Time Running"value="149827"/>
  <attribute name="Number of cores"value="16"/>
</cycle-end>
<exclusive-end id="2384" timestamp="2019-08-04T08:43:32.048" durationms="14.680" />

<exclusive-start id="2385" timestamp="2019-08-04T08:43:32.160" intervalms="126.547">
  <response-info timems="0.026" idlems="0.026" threads="0" lastid="0000000000C1FF00" lastname="main" />
</exclusive-start>
<allocation-taxation id="2386" taxation-threshold="79691776" timestamp="2019-08-04T08:43:32.160" intervalms="126.538" />
<cycle-start id="2387" type="partial gc" contextid="0" timestamp="2019-08-04T08:43:32.160" intervalms="126.523" />
  <attribute name="GC Util" value="112" />
  <attribute name="CPU Util" value="21955573298746" />
  <attribute name="Time Running"value="149827"/>
  <attribute name="Number of cores"value="16"/>
<gc-start id="2388" type="partial gc" contextid="2387" timestamp="2019-08-04T08:43:32.160">
  <mem-info id="2389" free="73400320" total="293601280" percent="25">
    <mem type="eden" free="0" total="79691776" percent="0" />
    <remembered-set count="7872" freebytes="11706112" totalbytes="11737600" percent="99" regionsoverflowed="0" regionsstable="9" regionsrebuilding="0"/>
  </mem-info>
</gc-start>
<allocation-stats totalBytes="79606752" >
  <allocated-bytes non-tlh="0" tlh="79606752" arrayletleaf="0"/>
  <largest-consumer threadName="main" threadId="0000000000C1FF00" bytes="79606752" />
</allocation-stats>
<gc-op id="2390" type="copy forward" timems="8.452" contextid="2387" timestamp="2019-08-04T08:43:32.170">
  <memory-copied type="eden" objects="30" bytes="1424" bytesdiscarded="0" />
  <memory-copied type="other" objects="24" bytes="576" bytesdiscarded="648" />
  <memory-cardclean objects="85" bytes="2400" />
  <remembered-set-cleared processed="1514" cleared="14" durationms="0.139" />
  <stringconstants candidates="13822" cleared="0"  />
</gc-op>
<gc-op id="2391" type="classunload" timems="0.011" contextid="2387" timestamp="2019-08-04T08:43:32.170">
  <classunload-info classloadercandidates="54" classloadersunloaded="0" classesunloaded="0" anonymousclassesunloaded="0" quiescems="0.000" setupms="0.011" scanms="0.000" postms="0.000" />
</gc-op>
<gc-end id="2392" type="partial gc" contextid="2387" durationms="9.786" usertimems="22.869" systemtimems="0.000" timestamp="2019-08-04T08:43:32.170" activeThreads="16">
  <mem-info id="2393" free="150994944" total="293601280" percent="51">
    <mem type="eden" free="2095728" total="2097152" percent="99" />
    <remembered-set count="6592" freebytes="11711232" totalbytes="11737600" percent="99" regionsoverflowed="0" regionsstable="9" regionsrebuilding="0"/>
  </mem-info>
</gc-end>
<cycle-end id="2394" type="partial gc" contextid="2387" timestamp="2019-08-04T08:43:32.170">
  <attribute name="GC Util" value="157" />
  <attribute name="CPU Util" value="36272858095208" />
  <attribute name="Time Running"value="149954"/>
  <attribute name="Number of cores"value="16"/>
</cycle-end>
<exclusive-end id="2395" timestamp="2019-08-04T08:43:32.170" durationms="10.426" />

<exclusive-start id="2396" timestamp="2019-08-04T08:43:32.200" intervalms="40.135">
  <response-info timems="0.023" idlems="0.023" threads="0" lastid="0000000000C1FF00" lastname="main" />
</exclusive-start>
<allocation-taxation id="2397" taxation-threshold="79691776" timestamp="2019-08-04T08:43:32.200" intervalms="40.129" />
<cycle-start id="2398" type="partial gc" contextid="0" timestamp="2019-08-04T08:43:32.200" intervalms="40.266" />
  <attribute name="GC Util" value="157" />
  <attribute name="CPU Util" value="36272858095208" />
  <attribute name="Time Running"value="149954"/>
  <attribute name="Number of cores"value="16"/>
<gc-start id="2399" type="partial gc" contextid="2398" timestamp="2019-08-04T08:43:32.200">
  <mem-info id="2400" free="71303168" total="293601280" percent="24">
    <mem type="eden" free="0" total="79691776" percent="0" />
    <remembered-set count="6464" freebytes="11711744" totalbytes="11737600" percent="99" regionsoverflowed="0" regionsstable="9" regionsrebuilding="0"/>
  </mem-info>
</gc-start>
<allocation-stats totalBytes="79549928" >
  <allocated-bytes non-tlh="0" tlh="79549928" arrayletleaf="0"/>
  <largest-consumer threadName="main" threadId="0000000000C1FF00" bytes="79549928" />
</allocation-stats>
<gc-op id="2401" type="copy forward" timems="8.319" contextid="2398" timestamp="2019-08-04T08:43:32.210">
  <memory-copied type="eden" objects="3" bytes="72" bytesdiscarded="720" />
  <memory-copied type="other" objects="45" bytes="1784" bytesdiscarded="1168" />
  <memory-cardclean objects="65" bytes="2024" />
  <remembered-set-cleared processed="1514" cleared="11" durationms="0.171" />
  <stringconstants candidates="13822" cleared="0"  />
</gc-op>
<gc-op id="2402" type="classunload" timems="0.011" contextid="2398" timestamp="2019-08-04T08:43:32.210">
  <classunload-info classloadercandidates="54" classloadersunloaded="0" classesunloaded="0" anonymousclassesunloaded="0" quiescems="0.000" setupms="0.011" scanms="0.000" postms="0.000" />
</gc-op>
<gc-end id="2403" type="partial gc" contextid="2398" durationms="9.519" usertimems="19.957" systemtimems="0.000" timestamp="2019-08-04T08:43:32.210" activeThreads="16">
  <mem-info id="2404" free="148897792" total="293601280" percent="50">
    <mem type="eden" free="2096360" total="2097152" percent="99" />
    <remembered-set count="7712" freebytes="11706752" totalbytes="11737600" percent="99" regionsoverflowed="0" regionsstable="9" regionsrebuilding="0"/>
  </mem-info>
</gc-end>
<cycle-end id="2405" type="partial gc" contextid="2398" timestamp="2019-08-04T08:43:32.210">
  <attribute name="GC Util" value="159" />
  <attribute name="CPU Util" value="37701582409948" />
  <attribute name="Time Running"value="149994"/>
  <attribute name="Number of cores"value="16"/>
</cycle-end>
<exclusive-end id="2406" timestamp="2019-08-04T08:43:32.210" durationms="10.511" />

<exclusive-start id="2407" timestamp="2019-08-04T08:43:32.254" intervalms="54.305">
  <response-info timems="0.036" idlems="0.036" threads="0" lastid="0000000000C1FF00" lastname="main" />
</exclusive-start>
<allocation-taxation id="2408" taxation-threshold="79691776" timestamp="2019-08-04T08:43:32.254" intervalms="54.335" />
<cycle-start id="2409" type="partial gc" contextid="0" timestamp="2019-08-04T08:43:32.254" intervalms="54.328" />
  <attribute name="GC Util" value="159" />
  <attribute name="CPU Util" value="37701582409948" />
  <attribute name="Time Running"value="149994"/>
  <attribute name="Number of cores"value="16"/>
<gc-start id="2410" type="partial gc" contextid="2409" timestamp="2019-08-04T08:43:32.255">
  <mem-info id="2411" free="69206016" total="293601280" percent="23">
    <mem type="eden" free="2096360" total="81788928" percent="2" />
    <remembered-set count="7520" freebytes="11707520" totalbytes="11737600" percent="99" regionsoverflowed="0" regionsstable="9" regionsrebuilding="0"/>
  </mem-info>
</gc-start>
<allocation-stats totalBytes="79557376" >
  <allocated-bytes non-tlh="0" tlh="79557376" arrayletleaf="0"/>
  <largest-consumer threadName="main" threadId="0000000000C1FF00" bytes="79557376" />
</allocation-stats>
<gc-op id="2412" type="copy forward" timems="10.902" contextid="2409" timestamp="2019-08-04T08:43:32.267">
  <memory-copied type="eden" objects="31" bytes="1792" bytesdiscarded="1224" />
  <memory-copied type="other" objects="12" bytes="288" bytesdiscarded="0" />
  <memory-cardclean objects="59" bytes="1704" />
  <remembered-set-cleared processed="1517" cleared="9" durationms="0.321" />
  <stringconstants candidates="13822" cleared="0"  />
</gc-op>
<gc-op id="2413" type="classunload" timems="0.013" contextid="2409" timestamp="2019-08-04T08:43:32.267">
  <classunload-info classloadercandidates="54" classloadersunloaded="0" classesunloaded="0" anonymousclassesunloaded="0" quiescems="0.000" setupms="0.012" scanms="0.000" postms="0.000" />
</gc-op>
<heap-resize id="2414" type="expand" space="default" amount="50331648" count="1" timems="0.253" reason="excessive time being spent in gc" timestamp="2019-08-04T08:43:32.267" />
<gc-end id="2415" type="partial gc" contextid="2409" durationms="12.536" usertimems="25.372" systemtimems="0.000" timestamp="2019-08-04T08:43:32.267" activeThreads="16">
  <mem-info id="2416" free="199229440" total="343932928" percent="57">
    <mem type="eden" free="2094136" total="2097152" percent="99" />
    <remembered-set count="7296" freebytes="13720576" totalbytes="13749760" percent="99" regionsoverflowed="0" regionsstable="9" regionsrebuilding="0"/>
  </mem-info>
</gc-end>
<cycle-end id="2417" type="partial gc" contextid="2409" timestamp="2019-08-04T08:43:32.267">
  <attribute name="GC Util" value="164" />
  <attribute name="CPU Util" value="28406919490593" />
  <attribute name="Time Running"value="150049"/>
  <attribute name="Number of cores"value="16"/>
</cycle-end>
<exclusive-end id="2418" timestamp="2019-08-04T08:43:32.268" durationms="13.537" />

<exclusive-start id="2419" timestamp="2019-08-04T08:43:32.379" intervalms="124.961">
  <response-info timems="0.030" idlems="0.030" threads="0" lastid="0000000000C1FF00" lastname="main" />
</exclusive-start>
<allocation-taxation id="2420" taxation-threshold="92274688" timestamp="2019-08-04T08:43:32.379" intervalms="124.997" />
<cycle-start id="2421" type="partial gc" contextid="0" timestamp="2019-08-04T08:43:32.379" intervalms="124.903" />
  <attribute name="GC Util" value="164" />
  <attribute name="CPU Util" value="28406919490593" />
  <attribute name="Time Running"value="150049"/>
  <attribute name="Number of cores"value="16"/>
<gc-start id="2422" type="partial gc" contextid="2421" timestamp="2019-08-04T08:43:32.380">
  <mem-info id="2423" free="106954752" total="343932928" percent="31">
    <mem type="eden" free="0" total="92274688" percent="0" />
    <remembered-set count="7008" freebytes="13721728" totalbytes="13749760" percent="99" regionsoverflowed="0" regionsstable="9" regionsrebuilding="0"/>
  </mem-info>
</gc-start>
<allocation-stats totalBytes="92201456" >
  <allocated-bytes non-tlh="0" tlh="92201456" arrayletleaf="0"/>
  <largest-consumer threadName="main" threadId="0000000000C1FF00" bytes="92201456" />
</allocation-stats>
<gc-op id="2424" type="copy forward" timems="10.753" contextid="2421" timestamp="2019-08-04T08:43:32.392">
  <memory-copied type="eden" objects="28" bytes="1328" bytesdiscarded="0" />
  <memory-copied type="other" objects="24" bytes="576" bytesdiscarded="1248" />
  <memory-cardclean objects="63" bytes="1824" />
  <remembered-set-cleared processed="1517" cleared="10" durationms="0.242" />
  <stringconstants candidates="13822" cleared="0"  />
</gc-op>
<gc-op id="2425" type="classunload" timems="0.016" contextid="2421" timestamp="2019-08-04T08:43:32.392">
  <classunload-info classloadercandidates="54" classloadersunloaded="0" classesunloaded="0" anonymousclassesunloaded="0" quiescems="0.000" setupms="0.016" scanms="0.000" postms="0.000" />
</gc-op>
<heap-resize id="2426" type="expand" space="default" amount="23068672" count="1" timems="0.245" reason="excessive time being spent in gc" timestamp="2019-08-04T08:43:32.392" />
<gc-end id="2427" type="partial gc" contextid="2421" durationms="12.682" usertimems="25.756" systemtimems="0.000" timestamp="2019-08-04T08:43:32.392" activeThreads="16">
  <mem-info id="2428" free="220200960" total="367001600" percent="60">
    <mem type="eden" free="2095824" total="2097152" percent="99" />
    <remembered-set count="7776" freebytes="14640896" totalbytes="14672000" percent="99" regionsoverflowed="0" regionsstable="9" regionsrebuilding="0"/>
  </mem-info>
</gc-end>
<cycle-end id="2429" type="partial gc" contextid="2421" timestamp="2019-08-04T08:43:32.392">
  <attribute name="GC Util" value="140" />
  <attribute name="CPU Util" value="20639297157206" />
  <attribute name="Time Running"value="150174"/>
  <attribute name="Number of cores"value="16"/>
</cycle-end>
<exclusive-end id="2430" timestamp="2019-08-04T08:43:32.393" durationms="13.470" />

<exclusive-start id="2431" timestamp="2019-08-04T08:43:32.577" intervalms="197.969">
  <response-info timems="0.025" idlems="0.025" threads="0" lastid="0000000000C1FF00" lastname="main" />
</exclusive-start>
<allocation-taxation id="2432" taxation-threshold="98566144" timestamp="2019-08-04T08:43:32.577" intervalms="197.917" />
<cycle-start id="2433" type="partial gc" contextid="0" timestamp="2019-08-04T08:43:32.577" intervalms="197.939" />
  <attribute name="GC Util" value="140" />
  <attribute name="CPU Util" value="20639297157206" />
  <attribute name="Time Running"value="150174"/>
  <attribute name="Number of cores"value="16"/>
<gc-start id="2434" type="partial gc" contextid="2433" timestamp="2019-08-04T08:43:32.578">
  <mem-info id="2435" free="121634816" total="367001600" percent="33">
    <mem type="eden" free="0" total="98566144" percent="0" />
    <remembered-set count="7296" freebytes="14642816" totalbytes="14672000" percent="99" regionsoverflowed="0" regionsstable="9" regionsrebuilding="0"/>
  </mem-info>
</gc-start>
<allocation-stats totalBytes="98426760" >
  <allocated-bytes non-tlh="0" tlh="98426760" arrayletleaf="0"/>
  <largest-consumer threadName="main" threadId="0000000000C1FF00" bytes="98426760" />
</allocation-stats>
<gc-op id="2436" type="copy forward" timems="15.481" contextid="2433" timestamp="2019-08-04T08:43:32.595">
  <memory-copied type="eden" objects="36" bytes="4216" bytesdiscarded="672" />
  <memory-copied type="other" objects="18" bytes="432" bytesdiscarded="720" />
  <memory-cardclean objects="56" bytes="1648" />
  <remembered-set-cleared processed="1519" cleared="9" durationms="0.191" />
  <stringconstants candidates="13822" cleared="0"  />
</gc-op>
<gc-op id="2437" type="classunload" timems="0.016" contextid="2433" timestamp="2019-08-04T08:43:32.595">
  <classunload-info classloadercandidates="54" classloadersunloaded="0" classesunloaded="0" anonymousclassesunloaded="0" quiescems="0.000" setupms="0.015" scanms="0.000" postms="0.000" />
</gc-op>
<gc-end id="2438" type="partial gc" contextid="2433" durationms="17.379" usertimems="40.588" systemtimems="0.000" timestamp="2019-08-04T08:43:32.595" activeThreads="16">
  <mem-info id="2439" free="218103808" total="367001600" percent="59">
    <mem type="eden" free="2092264" total="2097152" percent="99" />
    <remembered-set count="7840" freebytes="14640640" totalbytes="14672000" percent="99" regionsoverflowed="0" regionsstable="9" regionsrebuilding="0"/>
  </mem-info>
</gc-end>
<cycle-end id="2440" type="partial gc" contextid="2433" timestamp="2019-08-04T08:43:32.595">
  <attribute name="GC Util" value="198" />
  <attribute name="CPU Util" value="14859150131996" />
  <attribute name="Time Running"value="150372"/>
  <attribute name="Number of cores"value="16"/>
</cycle-end>
<exclusive-end id="2441" timestamp="2019-08-04T08:43:32.595" durationms="18.142" />

<exclusive-start id="2442" timestamp="2019-08-04T08:43:32.848" intervalms="270.480">
  <response-info timems="0.017" idlems="0.017" threads="0" lastid="0000000000C1FF00" lastname="main" />
</exclusive-start>
<allocation-taxation id="2443" taxation-threshold="98566144" timestamp="2019-08-04T08:43:32.848" intervalms="270.466" />
<cycle-start id="2444" type="partial gc" contextid="0" timestamp="2019-08-04T08:43:32.848" intervalms="270.404" />
  <attribute name="GC Util" value="198" />
  <attribute name="CPU Util" value="14859150131996" />
  <attribute name="Time Running"value="150372"/>
  <attribute name="Number of cores"value="16"/>
<gc-start id="2445" type="partial gc" contextid="2444" timestamp="2019-08-04T08:43:32.848">
  <mem-info id="2446" free="119537664" total="367001600" percent="32">
    <mem type="eden" free="0" total="98566144" percent="0" />
    <remembered-set count="7520" freebytes="14641920" totalbytes="14672000" percent="99" regionsoverflowed="0" regionsstable="9" regionsrebuilding="0"/>
  </mem-info>
</gc-start>
<allocation-stats totalBytes="98547952" >
  <allocated-bytes non-tlh="0" tlh="98547952" arrayletleaf="0"/>
  <largest-consumer threadName="main" threadId="0000000000C1FF00" bytes="98547952" />
</allocation-stats>
<gc-op id="2447" type="copy forward" timems="13.244" contextid="2444" timestamp="2019-08-04T08:43:32.863">
  <memory-copied type="eden" objects="29" bytes="936" bytesdiscarded="600" />
  <memory-copied type="other" objects="12" bytes="288" bytesdiscarded="1344" />
  <memory-cardclean objects="72" bytes="2072" />
  <remembered-set-cleared processed="1521" cleared="11" durationms="0.283" />
  <stringconstants candidates="13822" cleared="0"  />
</gc-op>
<gc-op id="2448" type="classunload" timems="0.012" contextid="2444" timestamp="2019-08-04T08:43:32.863">
  <classunload-info classloadercandidates="54" classloadersunloaded="0" classesunloaded="0" anonymousclassesunloaded="0" quiescems="0.000" setupms="0.012" scanms="0.000" postms="0.000" />
</gc-op>
<gc-end id="2449" type="partial gc" contextid="2444" durationms="14.917" usertimems="21.928" systemtimems="0.000" timestamp="2019-08-04T08:43:32.863" activeThreads="16">
  <mem-info id="2450" free="216006656" total="367001600" percent="58">
    <mem type="eden" free="2095616" total="2097152" percent="99" />
    <remembered-set count="7328" freebytes="14642688" totalbytes="14672000" percent="99" regionsoverflowed="0" regionsstable="9" regionsrebuilding="0"/>
  </mem-info>
</gc-end>
<cycle-end id="2451" type="partial gc" contextid="2444" timestamp="2019-08-04T08:43:32.863">
  <attribute name="GC Util" value="104" />
  <attribute name="CPU Util" value="20708505609037" />
  <attribute name="Time Running"value="150642"/>
  <attribute name="Number of cores"value="16"/>
</cycle-end>
<exclusive-end id="2452" timestamp="2019-08-04T08:43:32.863" durationms="15.781" />

<exclusive-start id="2453" timestamp="2019-08-04T08:43:33.044" intervalms="196.058">
  <response-info timems="0.020" idlems="0.020" threads="0" lastid="0000000000C1FF00" lastname="main" />
</exclusive-start>
<allocation-taxation id="2454" taxation-threshold="98566144" timestamp="2019-08-04T08:43:33.044" intervalms="196.053" />
<cycle-start id="2455" type="partial gc" contextid="0" timestamp="2019-08-04T08:43:33.044" intervalms="196.055" />
  <attribute name="GC Util" value="104" />
  <attribute name="CPU Util" value="20708505609037" />
  <attribute name="Time Running"value="150642"/>
  <attribute name="Number of cores"value="16"/>
<gc-start id="2456" type="partial gc" contextid="2455" timestamp="2019-08-04T08:43:33.044">
  <mem-info id="2457" free="117440512" total="367001600" percent="32">
    <mem type="eden" free="0" total="98566144" percent="0" />
    <remembered-set count="6912" freebytes="14644352" totalbytes="14672000" percent="99" regionsoverflowed="0" regionsstable="9" regionsrebuilding="0"/>
  </mem-info>
</gc-start>
<allocation-stats totalBytes="98548008" >
  <allocated-bytes non-tlh="0" tlh="98548008" arrayletleaf="0"/>
  <largest-consumer threadName="main" threadId="0000000000C1FF00" bytes="98548008" />
</allocation-stats>
<gc-op id="2458" type="copy forward" timems="10.168" contextid="2455" timestamp="2019-08-04T08:43:33.056">
  <memory-copied type="eden" objects="6" bytes="320" bytesdiscarded="0" />
  <memory-copied type="other" objects="32" bytes="960" bytesdiscarded="1272" />
  <memory-cardclean objects="58" bytes="1792" />
  <remembered-set-cleared processed="1523" cleared="10" durationms="0.161" />
  <stringconstants candidates="13822" cleared="0"  />
</gc-op>
<gc-op id="2459" type="classunload" timems="0.010" contextid="2455" timestamp="2019-08-04T08:43:33.056">
  <classunload-info classloadercandidates="54" classloadersunloaded="0" classesunloaded="0" anonymousclassesunloaded="0" quiescems="0.000" setupms="0.010" scanms="0.000" postms="0.000" />
</gc-op>
<gc-end id="2460" type="partial gc" contextid="2455" durationms="11.800" usertimems="26.446" systemtimems="0.000" timestamp="2019-08-04T08:43:33.056" activeThreads="16">
  <mem-info id="2461" free="213909504" total="367001600" percent="58">
    <mem type="eden" free="2096832" total="2097152" percent="99" />
    <remembered-set count="7936" freebytes="14640256" totalbytes="14672000" percent="99" regionsoverflowed="0" regionsstable="9" regionsrebuilding="0"/>
  </mem-info>
</gc-end>
<cycle-end id="2462" type="partial gc" contextid="2455" timestamp="2019-08-04T08:43:33.056">
  <attribute name="GC Util" value="234" />
  <attribute name="CPU Util" value="19335134770892" />
  <attribute name="Time Running"value="150838"/>
  <attribute name="Number of cores"value="16"/>
</cycle-end>
<exclusive-end id="2463" timestamp="2019-08-04T08:43:33.056" durationms="12.358" />

<exclusive-start id="2464" timestamp="2019-08-04T08:43:33.128" intervalms="84.209">
  <response-info timems="0.024" idlems="0.024" threads="0" lastid="0000000000C1FF00" lastname="main" />
</exclusive-start>
<allocation-taxation id="2465" taxation-threshold="98566144" timestamp="2019-08-04T08:43:33.128" intervalms="84.215" />
<cycle-start id="2466" type="partial gc" contextid="0" timestamp="2019-08-04T08:43:33.128" intervalms="84.246" />
  <attribute name="GC Util" value="234" />
  <attribute name="CPU Util" value="19335134770892" />
  <attribute name="Time Running"value="150838"/>
  <attribute name="Number of cores"value="16"/>
<gc-start id="2467" type="partial gc" contextid="2466" timestamp="2019-08-04T08:43:33.128">
  <mem-info id="2468" free="115343360" total="367001600" percent="31">
    <mem type="eden" free="2096832" total="100663296" percent="2" />
    <remembered-set count="7488" freebytes="14642048" totalbytes="14672000" percent="99" regionsoverflowed="0" regionsstable="9" regionsrebuilding="0"/>
  </mem-info>
</gc-start>
<allocation-stats totalBytes="98458744" >
  <allocated-bytes non-tlh="0" tlh="98458744" arrayletleaf="0"/>
  <largest-consumer threadName="main" threadId="0000000000C1FF00" bytes="98458744" />
</allocation-stats>
<gc-op id="2469" type="copy forward" timems="7.459" contextid="2466" timestamp="2019-08-04T08:43:33.136">
  <memory-copied type="eden" objects="25" bytes="1328" bytesdiscarded="696" />
  <memory-copied type="other" objects="12" bytes="288" bytesdiscarded="576" />
  <memory-cardclean objects="74" bytes="1944" />
  <remembered-set-cleared processed="1525" cleared="6" durationms="0.211" />
  <stringconstants candidates="13822" cleared="0"  />
</gc-op>
<gc-op id="2470" type="classunload" timems="0.007" contextid="2466" timestamp="2019-08-04T08:43:33.136">
  <classunload-info classloadercandidates="54" classloadersunloaded="0" classesunloaded="0" anonymousclassesunloaded="0" quiescems="0.000" setupms="0.007" scanms="0.000" postms="0.000" />
</gc-op>
<gc-end id="2471" type="partial gc" contextid="2466" durationms="8.347" usertimems="20.656" systemtimems="0.000" timestamp="2019-08-04T08:43:33.137" activeThreads="16">
  <mem-info id="2472" free="213909504" total="367001600" percent="58">
    <mem type="eden" free="2095128" total="2097152" percent="99" />
    <remembered-set count="8096" freebytes="14639616" totalbytes="14672000" percent="99" regionsoverflowed="0" regionsstable="9" regionsrebuilding="0"/>
  </mem-info>
</gc-end>
<cycle-end id="2473" type="partial gc" contextid="2466" timestamp="2019-08-04T08:43:33.137">
  <attribute name="GC Util" value="228" />
  <attribute name="CPU Util" value="50937732691331" />
  <attribute name="Time Running"value="150922"/>
  <attribute name="Number of cores"value="16"/>
</cycle-end>
<exclusive-end id="2474" timestamp="2019-08-04T08:43:33.137" durationms="9.024" />

<exclusive-start id="2475" timestamp="2019-08-04T08:43:33.171" intervalms="43.657">
  <response-info timems="0.017" idlems="0.017" threads="0" lastid="0000000000C1FF00" lastname="main" />
</exclusive-start>
<allocation-taxation id="2476" taxation-threshold="98566144" timestamp="2019-08-04T08:43:33.172" intervalms="43.674" />
<cycle-start id="2477" type="partial gc" contextid="0" timestamp="2019-08-04T08:43:33.172" intervalms="43.677" />
  <attribute name="GC Util" value="228" />
  <attribute name="CPU Util" value="50937732691331" />
  <attribute name="Time Running"value="150922"/>
  <attribute name="Number of cores"value="16"/>
<gc-start id="2478" type="partial gc" contextid="2477" timestamp="2019-08-04T08:43:33.172">
  <mem-info id="2479" free="115343360" total="367001600" percent="31">
    <mem type="eden" free="0" total="98566144" percent="0" />
    <remembered-set count="7616" freebytes="14641536" totalbytes="14672000" percent="99" regionsoverflowed="0" regionsstable="9" regionsrebuilding="0"/>
  </mem-info>
</gc-start>
<allocation-stats totalBytes="98429496" >
  <allocated-bytes non-tlh="0" tlh="98429496" arrayletleaf="0"/>
  <largest-consumer threadName="main" threadId="0000000000C1FF00" bytes="98429496" />
</allocation-stats>
<gc-op id="2480" type="copy forward" timems="8.667" contextid="2477" timestamp="2019-08-04T08:43:33.182">
  <memory-copied type="eden" objects="4" bytes="112" bytesdiscarded="680" />
  <memory-copied type="other" objects="33" bytes="1504" bytesdiscarded="1760" />
  <memory-cardclean objects="46" bytes="1488" />
  <remembered-set-cleared processed="1525" cleared="6" durationms="0.170" />
  <stringconstants candidates="13822" cleared="0"  />
</gc-op>
<gc-op id="2481" type="classunload" timems="0.009" contextid="2477" timestamp="2019-08-04T08:43:33.182">
  <classunload-info classloadercandidates="54" classloadersunloaded="0" classesunloaded="0" anonymousclassesunloaded="0" quiescems="0.000" setupms="0.008" scanms="0.000" postms="0.000" />
</gc-op>
<gc-end id="2482" type="partial gc" contextid="2477" durationms="10.042" usertimems="21.923" systemtimems="0.000" timestamp="2019-08-04T08:43:33.182" activeThreads="16">
  <mem-info id="2483" free="211812352" total="367001600" percent="57">
    <mem type="eden" free="2096360" total="2097152" percent="99" />
    <remembered-set count="8608" freebytes="14637568" totalbytes="14672000" percent="99" regionsoverflowed="0" regionsstable="9" regionsrebuilding="0"/>
  </mem-info>
</gc-end>
<cycle-end id="2484" type="partial gc" contextid="2477" timestamp="2019-08-04T08:43:33.182">
  <attribute name="GC Util" value="131" />
  <attribute name="CPU Util" value="24151432423516" />
  <attribute name="Time Running"value="150966"/>
  <attribute name="Number of cores"value="16"/>
</cycle-end>
<exclusive-end id="2485" timestamp="2019-08-04T08:43:33.182" durationms="10.793" />

* Round 3 done in 3.766 seconds.
<exclusive-start id="2486" timestamp="2019-08-04T08:43:33.447" intervalms="275.501">
  <response-info timems="0.018" idlems="0.018" threads="0" lastid="0000000000C1FF00" lastname="main" />
</exclusive-start>
<allocation-taxation id="2487" taxation-threshold="98566144" timestamp="2019-08-04T08:43:33.447" intervalms="275.477" />
<cycle-start id="2488" type="partial gc" contextid="0" timestamp="2019-08-04T08:43:33.447" intervalms="275.425" />
  <attribute name="GC Util" value="131" />
  <attribute name="CPU Util" value="24151432423516" />
  <attribute name="Time Running"value="150966"/>
  <attribute name="Number of cores"value="16"/>
<gc-start id="2489" type="partial gc" contextid="2488" timestamp="2019-08-04T08:43:33.447">
  <mem-info id="2490" free="113246208" total="367001600" percent="30">
    <mem type="eden" free="2096360" total="100663296" percent="2" />
    <remembered-set count="8128" freebytes="14639488" totalbytes="14672000" percent="99" regionsoverflowed="0" regionsstable="9" regionsrebuilding="0"/>
  </mem-info>
</gc-start>
<allocation-stats totalBytes="98435480" >
  <allocated-bytes non-tlh="0" tlh="98435480" arrayletleaf="0"/>
  <largest-consumer threadName="main" threadId="0000000000C1FF00" bytes="98435480" />
</allocation-stats>
<gc-op id="2491" type="copy forward" timems="6.575" contextid="2488" timestamp="2019-08-04T08:43:33.455">
  <memory-copied type="eden" objects="87" bytes="3560" bytesdiscarded="1000" />
  <memory-copied type="other" objects="6" bytes="144" bytesdiscarded="0" />
  <memory-cardclean objects="189" bytes="5616" />
  <remembered-set-cleared processed="1527" cleared="23" durationms="0.137" />
  <stringconstants candidates="13822" cleared="0"  />
</gc-op>
<gc-op id="2492" type="classunload" timems="0.007" contextid="2488" timestamp="2019-08-04T08:43:33.455">
  <classunload-info classloadercandidates="54" classloadersunloaded="0" classesunloaded="0" anonymousclassesunloaded="0" quiescems="0.000" setupms="0.007" scanms="0.000" postms="0.000" />
</gc-op>
<gc-end id="2493" type="partial gc" contextid="2488" durationms="7.516" usertimems="16.756" systemtimems="0.000" timestamp="2019-08-04T08:43:33.455" activeThreads="16">
  <mem-info id="2494" free="211812352" total="367001600" percent="57">
    <mem type="eden" free="2092592" total="2097152" percent="99" />
    <remembered-set count="7840" freebytes="14640640" totalbytes="14672000" percent="99" regionsoverflowed="0" regionsstable="9" regionsrebuilding="0"/>
  </mem-info>
</gc-end>
<cycle-end id="2495" type="partial gc" contextid="2488" timestamp="2019-08-04T08:43:33.455">
  <attribute name="GC Util" value="206" />
  <attribute name="CPU Util" value="41182201070908" />
  <attribute name="Time Running"value="151241"/>
  <attribute name="Number of cores"value="16"/>
</cycle-end>
<exclusive-end id="2496" timestamp="2019-08-04T08:43:33.455" durationms="8.067" />

<exclusive-start id="2497" timestamp="2019-08-04T08:43:33.485" intervalms="37.990">
  <response-info timems="0.020" idlems="0.020" threads="0" lastid="0000000000C1FF00" lastname="main" />
</exclusive-start>
<allocation-taxation id="2498" taxation-threshold="98566144" timestamp="2019-08-04T08:43:33.485" intervalms="38.001" />
<cycle-start id="2499" type="partial gc" contextid="0" timestamp="2019-08-04T08:43:33.485" intervalms="38.054" />
  <attribute name="GC Util" value="206" />
  <attribute name="CPU Util" value="41182201070908" />
  <attribute name="Time Running"value="151241"/>
  <attribute name="Number of cores"value="16"/>
<gc-start id="2500" type="partial gc" contextid="2499" timestamp="2019-08-04T08:43:33.486">
  <mem-info id="2501" free="113246208" total="367001600" percent="30">
    <mem type="eden" free="0" total="98566144" percent="0" />
    <remembered-set count="7360" freebytes="14642560" totalbytes="14672000" percent="99" regionsoverflowed="0" regionsstable="9" regionsrebuilding="0"/>
  </mem-info>
</gc-start>
<allocation-stats totalBytes="98229856" >
  <allocated-bytes non-tlh="0" tlh="98229856" arrayletleaf="0"/>
  <largest-consumer threadName="main" threadId="0000000000C1FF00" bytes="98229856" />
</allocation-stats>
<gc-op id="2502" type="copy forward" timems="8.070" contextid="2499" timestamp="2019-08-04T08:43:33.495">
  <memory-copied type="eden" objects="2" bytes="56" bytesdiscarded="736" />
  <memory-copied type="other" objects="92" bytes="3672" bytesdiscarded="2008" />
  <memory-cardclean objects="129" bytes="4256" />
  <remembered-set-cleared processed="1525" cleared="20" durationms="0.158" />
  <stringconstants candidates="13822" cleared="0"  />
</gc-op>
<gc-op id="2503" type="classunload" timems="0.008" contextid="2499" timestamp="2019-08-04T08:43:33.495">
  <classunload-info classloadercandidates="54" classloadersunloaded="0" classesunloaded="0" anonymousclassesunloaded="0" quiescems="0.000" setupms="0.007" scanms="0.000" postms="0.000" />
</gc-op>
<gc-end id="2504" type="partial gc" contextid="2499" durationms="9.426" usertimems="21.091" systemtimems="0.000" timestamp="2019-08-04T08:43:33.495" activeThreads="16">
  <mem-info id="2505" free="209715200" total="367001600" percent="57">
    <mem type="eden" free="2096360" total="2097152" percent="99" />
    <remembered-set count="7840" freebytes="14640640" totalbytes="14672000" percent="99" regionsoverflowed="0" regionsstable="9" regionsrebuilding="0"/>
  </mem-info>
</gc-end>
<cycle-end id="2506" type="partial gc" contextid="2499" timestamp="2019-08-04T08:43:33.495">
  <attribute name="GC Util" value="158" />
  <attribute name="CPU Util" value="21929654988527" />
  <attribute name="Time Running"value="151279"/>
  <attribute name="Number of cores"value="16"/>
</cycle-end>
<exclusive-end id="2507" timestamp="2019-08-04T08:43:33.495" durationms="10.193" />

<exclusive-start id="2508" timestamp="2019-08-04T08:43:33.525" intervalms="39.867">
  <response-info timems="0.020" idlems="0.020" threads="0" lastid="0000000000C1FF00" lastname="main" />
</exclusive-start>
<allocation-taxation id="2509" taxation-threshold="98566144" timestamp="2019-08-04T08:43:33.525" intervalms="39.860" />
<cycle-start id="2510" type="partial gc" contextid="0" timestamp="2019-08-04T08:43:33.525" intervalms="39.817" />
  <attribute name="GC Util" value="158" />
  <attribute name="CPU Util" value="21929654988527" />
  <attribute name="Time Running"value="151279"/>
  <attribute name="Number of cores"value="16"/>
<gc-start id="2511" type="partial gc" contextid="2510" timestamp="2019-08-04T08:43:33.525">
  <mem-info id="2512" free="111149056" total="367001600" percent="30">
    <mem type="eden" free="2096360" total="100663296" percent="2" />
    <remembered-set count="7392" freebytes="14642432" totalbytes="14672000" percent="99" regionsoverflowed="0" regionsstable="9" regionsrebuilding="0"/>
  </mem-info>
</gc-start>
<allocation-stats totalBytes="98239768" >
  <allocated-bytes non-tlh="0" tlh="98239768" arrayletleaf="0"/>
  <largest-consumer threadName="main" threadId="0000000000C1FF00" bytes="98239768" />
</allocation-stats>
<gc-op id="2513" type="copy forward" timems="6.797" contextid="2510" timestamp="2019-08-04T08:43:33.533">
  <memory-copied type="eden" objects="2" bytes="56" bytesdiscarded="736" />
  <memory-copied type="other" objects="86" bytes="3528" bytesdiscarded="512" />
  <memory-cardclean objects="120" bytes="4000" />
  <remembered-set-cleared processed="1526" cleared="17" durationms="0.173" />
  <stringconstants candidates="13822" cleared="0"  />
</gc-op>
<gc-op id="2514" type="classunload" timems="0.011" contextid="2510" timestamp="2019-08-04T08:43:33.533">
  <classunload-info classloadercandidates="54" classloadersunloaded="0" classesunloaded="0" anonymousclassesunloaded="0" quiescems="0.000" setupms="0.011" scanms="0.000" postms="0.000" />
</gc-op>
<gc-end id="2515" type="partial gc" contextid="2510" durationms="7.824" usertimems="17.612" systemtimems="0.000" timestamp="2019-08-04T08:43:33.533" activeThreads="16">
  <mem-info id="2516" free="209715200" total="367001600" percent="57">
    <mem type="eden" free="2096360" total="2097152" percent="99" />
    <remembered-set count="7968" freebytes="14640128" totalbytes="14672000" percent="99" regionsoverflowed="0" regionsstable="9" regionsrebuilding="0"/>
  </mem-info>
</gc-end>
<cycle-end id="2517" type="partial gc" contextid="2510" timestamp="2019-08-04T08:43:33.533">
  <attribute name="GC Util" value="137" />
  <attribute name="CPU Util" value="35725339492945" />
  <attribute name="Time Running"value="151319"/>
  <attribute name="Number of cores"value="16"/>
</cycle-end>
<exclusive-end id="2518" timestamp="2019-08-04T08:43:33.533" durationms="8.448" />

<exclusive-start id="2519" timestamp="2019-08-04T08:43:33.563" intervalms="37.698">
  <response-info timems="0.021" idlems="0.021" threads="0" lastid="0000000000C1FF00" lastname="main" />
</exclusive-start>
<allocation-taxation id="2520" taxation-threshold="98566144" timestamp="2019-08-04T08:43:33.563" intervalms="37.695" />
<cycle-start id="2521" type="partial gc" contextid="0" timestamp="2019-08-04T08:43:33.563" intervalms="37.767" />
  <attribute name="GC Util" value="137" />
  <attribute name="CPU Util" value="35725339492945" />
  <attribute name="Time Running"value="151319"/>
  <attribute name="Number of cores"value="16"/>
<gc-start id="2522" type="partial gc" contextid="2521" timestamp="2019-08-04T08:43:33.563">
  <mem-info id="2523" free="111149056" total="367001600" percent="30">
    <mem type="eden" free="2096360" total="100663296" percent="2" />
    <remembered-set count="7744" freebytes="14641024" totalbytes="14672000" percent="99" regionsoverflowed="0" regionsstable="9" regionsrebuilding="0"/>
  </mem-info>
</gc-start>
<allocation-stats totalBytes="98239744" >
  <allocated-bytes non-tlh="0" tlh="98239744" arrayletleaf="0"/>
  <largest-consumer threadName="main" threadId="0000000000C1FF00" bytes="98239744" />
</allocation-stats>
<gc-op id="2524" type="copy forward" timems="7.422" contextid="2521" timestamp="2019-08-04T08:43:33.571">
  <memory-copied type="eden" objects="2" bytes="56" bytesdiscarded="736" />
  <memory-copied type="other" objects="86" bytes="3528" bytesdiscarded="1072" />
  <memory-cardclean objects="120" bytes="4000" />
  <remembered-set-cleared processed="1527" cleared="18" durationms="0.173" />
  <stringconstants candidates="13822" cleared="0"  />
</gc-op>
<gc-op id="2525" type="classunload" timems="0.008" contextid="2521" timestamp="2019-08-04T08:43:33.571">
  <classunload-info classloadercandidates="54" classloadersunloaded="0" classesunloaded="0" anonymousclassesunloaded="0" quiescems="0.000" setupms="0.007" scanms="0.000" postms="0.000" />
</gc-op>
<heap-resize id="2526" type="expand" space="default" amount="27262976" count="1" timems="0.179" reason="excessive time being spent in gc" timestamp="2019-08-04T08:43:33.572" />
<gc-end id="2527" type="partial gc" contextid="2521" durationms="8.813" usertimems="21.398" systemtimems="0.000" timestamp="2019-08-04T08:43:33.572" activeThreads="16">
  <mem-info id="2528" free="236978176" total="394264576" percent="60">
    <mem type="eden" free="2096360" total="2097152" percent="99" />
    <remembered-set count="8480" freebytes="15728000" totalbytes="15761920" percent="99" regionsoverflowed="0" regionsstable="9" regionsrebuilding="0"/>
  </mem-info>
</gc-end>
<cycle-end id="2529" type="partial gc" contextid="2521" timestamp="2019-08-04T08:43:33.572">
  <attribute name="GC Util" value="132" />
  <attribute name="CPU Util" value="28848368911495" />
  <attribute name="Time Running"value="151357"/>
  <attribute name="Number of cores"value="16"/>
</cycle-end>
<exclusive-end id="2530" timestamp="2019-08-04T08:43:33.572" durationms="9.438" />

<exclusive-start id="2531" timestamp="2019-08-04T08:43:33.604" intervalms="41.258">
  <response-info timems="0.016" idlems="0.016" threads="0" lastid="0000000000C1FF00" lastname="main" />
</exclusive-start>
<allocation-taxation id="2532" taxation-threshold="104857600" timestamp="2019-08-04T08:43:33.604" intervalms="41.262" />
<cycle-start id="2533" type="partial gc" contextid="0" timestamp="2019-08-04T08:43:33.604" intervalms="41.194" />
  <attribute name="GC Util" value="132" />
  <attribute name="CPU Util" value="28848368911495" />
  <attribute name="Time Running"value="151357"/>
  <attribute name="Number of cores"value="16"/>
<gc-start id="2534" type="partial gc" contextid="2533" timestamp="2019-08-04T08:43:33.604">
  <mem-info id="2535" free="132120576" total="394264576" percent="33">
    <mem type="eden" free="2096360" total="106954752" percent="1" />
    <remembered-set count="8000" freebytes="15729920" totalbytes="15761920" percent="99" regionsoverflowed="0" regionsstable="9" regionsrebuilding="0"/>
  </mem-info>
</gc-start>
<allocation-stats totalBytes="104510608" >
  <allocated-bytes non-tlh="0" tlh="104510608" arrayletleaf="0"/>
  <largest-consumer threadName="main" threadId="0000000000C1FF00" bytes="104510608" />
</allocation-stats>
<gc-op id="2536" type="copy forward" timems="7.413" contextid="2533" timestamp="2019-08-04T08:43:33.613">
  <memory-copied type="eden" objects="2" bytes="56" bytesdiscarded="736" />
  <memory-copied type="other" objects="86" bytes="3528" bytesdiscarded="712" />
  <memory-cardclean objects="120" bytes="4000" />
  <remembered-set-cleared processed="1524" cleared="15" durationms="0.148" />
  <stringconstants candidates="13822" cleared="0"  />
</gc-op>
<gc-op id="2537" type="classunload" timems="0.009" contextid="2533" timestamp="2019-08-04T08:43:33.613">
  <classunload-info classloadercandidates="54" classloadersunloaded="0" classesunloaded="0" anonymousclassesunloaded="0" quiescems="0.000" setupms="0.008" scanms="0.000" postms="0.000" />
</gc-op>
<gc-end id="2538" type="partial gc" contextid="2533" durationms="8.510" usertimems="21.074" systemtimems="0.000" timestamp="2019-08-04T08:43:33.613" activeThreads="16">
  <mem-info id="2539" free="236978176" total="394264576" percent="60">
    <mem type="eden" free="2096360" total="2097152" percent="99" />
    <remembered-set count="7968" freebytes="15730048" totalbytes="15761920" percent="99" regionsoverflowed="0" regionsstable="9" regionsrebuilding="0"/>
  </mem-info>
</gc-end>
<cycle-end id="2540" type="partial gc" contextid="2533" timestamp="2019-08-04T08:43:33.613">
  <attribute name="GC Util" value="133" />
  <attribute name="CPU Util" value="31111008019222" />
  <attribute name="Time Running"value="151398"/>
  <attribute name="Number of cores"value="16"/>
</cycle-end>
<exclusive-end id="2541" timestamp="2019-08-04T08:43:33.613" durationms="9.132" />

<exclusive-start id="2542" timestamp="2019-08-04T08:43:33.644" intervalms="40.388">
  <response-info timems="0.022" idlems="0.022" threads="0" lastid="0000000000C1FF00" lastname="main" />
</exclusive-start>
<allocation-taxation id="2543" taxation-threshold="104857600" timestamp="2019-08-04T08:43:33.644" intervalms="40.411" />
<cycle-start id="2544" type="partial gc" contextid="0" timestamp="2019-08-04T08:43:33.644" intervalms="40.443" />
  <attribute name="GC Util" value="133" />
  <attribute name="CPU Util" value="31111008019222" />
  <attribute name="Time Running"value="151398"/>
  <attribute name="Number of cores"value="16"/>
<gc-start id="2545" type="partial gc" contextid="2544" timestamp="2019-08-04T08:43:33.645">
  <mem-info id="2546" free="132120576" total="394264576" percent="33">
    <mem type="eden" free="2096360" total="106954752" percent="1" />
    <remembered-set count="7744" freebytes="15730944" totalbytes="15761920" percent="99" regionsoverflowed="0" regionsstable="9" regionsrebuilding="0"/>
  </mem-info>
</gc-start>
<allocation-stats totalBytes="104510608" >
  <allocated-bytes non-tlh="0" tlh="104510608" arrayletleaf="0"/>
  <largest-consumer threadName="main" threadId="0000000000C1FF00" bytes="104510608" />
</allocation-stats>
<gc-op id="2547" type="copy forward" timems="7.362" contextid="2544" timestamp="2019-08-04T08:43:33.653">
  <memory-copied type="eden" objects="2" bytes="56" bytesdiscarded="736" />
  <memory-copied type="other" objects="86" bytes="3528" bytesdiscarded="936" />
  <memory-cardclean objects="120" bytes="4000" />
  <remembered-set-cleared processed="1527" cleared="18" durationms="0.232" />
  <stringconstants candidates="13822" cleared="0"  />
</gc-op>
<gc-op id="2548" type="classunload" timems="0.008" contextid="2544" timestamp="2019-08-04T08:43:33.653">
  <classunload-info classloadercandidates="54" classloadersunloaded="0" classesunloaded="0" anonymousclassesunloaded="0" quiescems="0.000" setupms="0.007" scanms="0.000" postms="0.000" />
</gc-op>
<gc-end id="2549" type="partial gc" contextid="2544" durationms="8.715" usertimems="21.604" systemtimems="0.000" timestamp="2019-08-04T08:43:33.653" activeThreads="16">
  <mem-info id="2550" free="236978176" total="394264576" percent="60">
    <mem type="eden" free="2096360" total="2097152" percent="99" />
    <remembered-set count="8480" freebytes="15728000" totalbytes="15761920" percent="99" regionsoverflowed="0" regionsstable="9" regionsrebuilding="0"/>
  </mem-info>
</gc-end>
<cycle-end id="2551" type="partial gc" contextid="2544" timestamp="2019-08-04T08:43:33.653">
  <attribute name="GC Util" value="290" />
  <attribute name="CPU Util" value="23321053356584" />
  <attribute name="Time Running"value="151438"/>
  <attribute name="Number of cores"value="16"/>
</cycle-end>
<exclusive-end id="2552" timestamp="2019-08-04T08:43:33.654" durationms="9.375" />

<exclusive-start id="2553" timestamp="2019-08-04T08:43:33.686" intervalms="42.275">
  <response-info timems="0.017" idlems="0.017" threads="0" lastid="0000000000C1FF00" lastname="main" />
</exclusive-start>
<allocation-taxation id="2554" taxation-threshold="104857600" timestamp="2019-08-04T08:43:33.687" intervalms="42.249" />
<cycle-start id="2555" type="partial gc" contextid="0" timestamp="2019-08-04T08:43:33.687" intervalms="42.245" />
  <attribute name="GC Util" value="290" />
  <attribute name="CPU Util" value="23321053356584" />
  <attribute name="Time Running"value="151438"/>
  <attribute name="Number of cores"value="16"/>
<gc-start id="2556" type="partial gc" contextid="2555" timestamp="2019-08-04T08:43:33.687">
  <mem-info id="2557" free="132120576" total="394264576" percent="33">
    <mem type="eden" free="2096360" total="106954752" percent="1" />
    <remembered-set count="8000" freebytes="15729920" totalbytes="15761920" percent="99" regionsoverflowed="0" regionsstable="9" regionsrebuilding="0"/>
  </mem-info>
</gc-start>
<allocation-stats totalBytes="104436016" >
  <allocated-bytes non-tlh="0" tlh="104436016" arrayletleaf="0"/>
  <largest-consumer threadName="main" threadId="0000000000C1FF00" bytes="104436016" />
</allocation-stats>
<gc-op id="2558" type="copy forward" timems="7.757" contextid="2555" timestamp="2019-08-04T08:43:33.696">
  <memory-copied type="eden" objects="26" bytes="1920" bytesdiscarded="816" />
  <memory-copied type="other" objects="67" bytes="1808" bytesdiscarded="48" />
  <memory-cardclean objects="137" bytes="4280" />
  <remembered-set-cleared processed="1526" cleared="17" durationms="0.408" />
  <stringconstants candidates="13822" cleared="0"  />
</gc-op>
<gc-op id="2559" type="classunload" timems="0.007" contextid="2555" timestamp="2019-08-04T08:43:33.696">
  <classunload-info classloadercandidates="54" classloadersunloaded="0" classesunloaded="0" anonymousclassesunloaded="0" quiescems="0.000" setupms="0.007" scanms="0.000" postms="0.000" />
</gc-op>
<gc-end id="2560" type="partial gc" contextid="2555" durationms="8.939" usertimems="20.537" systemtimems="0.000" timestamp="2019-08-04T08:43:33.696" activeThreads="16">
  <mem-info id="2561" free="236978176" total="394264576" percent="60">
    <mem type="eden" free="2094416" total="2097152" percent="99" />
    <remembered-set count="7456" freebytes="15732096" totalbytes="15761920" percent="99" regionsoverflowed="0" regionsstable="9" regionsrebuilding="0"/>
  </mem-info>
</gc-end>
<cycle-end id="2562" type="partial gc" contextid="2555" timestamp="2019-08-04T08:43:33.696">
  <attribute name="GC Util" value="146" />
  <attribute name="CPU Util" value="30965978940265" />
  <attribute name="Time Running"value="151481"/>
  <attribute name="Number of cores"value="16"/>
</cycle-end>
<exclusive-end id="2563" timestamp="2019-08-04T08:43:33.696" durationms="9.503" />

<exclusive-start id="2564" timestamp="2019-08-04T08:43:33.727" intervalms="40.978">
  <response-info timems="0.017" idlems="0.017" threads="0" lastid="0000000000C1FF00" lastname="main" />
</exclusive-start>
<allocation-taxation id="2565" taxation-threshold="104857600" timestamp="2019-08-04T08:43:33.727" intervalms="40.981" />
<cycle-start id="2566" type="partial gc" contextid="0" timestamp="2019-08-04T08:43:33.728" intervalms="40.976" />
  <attribute name="GC Util" value="146" />
  <attribute name="CPU Util" value="30965978940265" />
  <attribute name="Time Running"value="151481"/>
  <attribute name="Number of cores"value="16"/>
<gc-start id="2567" type="partial gc" contextid="2566" timestamp="2019-08-04T08:43:33.728">
  <mem-info id="2568" free="132120576" total="394264576" percent="33">
    <mem type="eden" free="0" total="104857600" percent="0" />
    <remembered-set count="7456" freebytes="15732096" totalbytes="15761920" percent="99" regionsoverflowed="0" regionsstable="9" regionsrebuilding="0"/>
  </mem-info>
</gc-start>
<allocation-stats totalBytes="104188456" >
  <allocated-bytes non-tlh="0" tlh="104188456" arrayletleaf="0"/>
  <largest-consumer threadName="main" threadId="0000000000C1FF00" bytes="104188456" />
</allocation-stats>
<gc-op id="2569" type="copy forward" timems="7.857" contextid="2566" timestamp="2019-08-04T08:43:33.737">
  <memory-copied type="eden" objects="2" bytes="64" bytesdiscarded="0" />
  <memory-copied type="other" objects="92" bytes="3688" bytesdiscarded="1056" />
  <memory-cardclean objects="120" bytes="4000" />
  <remembered-set-cleared processed="1527" cleared="18" durationms="0.193" />
  <stringconstants candidates="13822" cleared="0"  />
</gc-op>
<gc-op id="2570" type="classunload" timems="0.012" contextid="2566" timestamp="2019-08-04T08:43:33.737">
  <classunload-info classloadercandidates="54" classloadersunloaded="0" classesunloaded="0" anonymousclassesunloaded="0" quiescems="0.000" setupms="0.012" scanms="0.000" postms="0.000" />
</gc-op>
<heap-resize id="2571" type="expand" space="default" amount="4194304" count="1" timems="0.081" reason="excessive time being spent in gc" timestamp="2019-08-04T08:43:33.737" />
<gc-end id="2572" type="partial gc" contextid="2566" durationms="9.185" usertimems="19.837" systemtimems="0.000" timestamp="2019-08-04T08:43:33.737" activeThreads="16">
  <mem-info id="2573" free="239075328" total="398458880" percent="60">
    <mem type="eden" free="2097088" total="2097152" percent="99" />
    <remembered-set count="7968" freebytes="15897728" totalbytes="15929600" percent="99" regionsoverflowed="0" regionsstable="9" regionsrebuilding="0"/>
  </mem-info>
</gc-end>
<cycle-end id="2574" type="partial gc" contextid="2566" timestamp="2019-08-04T08:43:33.737">
  <attribute name="GC Util" value="156" />
  <attribute name="CPU Util" value="38554894120293" />
  <attribute name="Time Running"value="151522"/>
  <attribute name="Number of cores"value="16"/>
</cycle-end>
<exclusive-end id="2575" timestamp="2019-08-04T08:43:33.737" durationms="9.804" />

<exclusive-start id="2576" timestamp="2019-08-04T08:43:33.770" intervalms="42.928">
  <response-info timems="0.020" idlems="0.020" threads="0" lastid="0000000000C1FF00" lastname="main" />
</exclusive-start>
<allocation-taxation id="2577" taxation-threshold="106954752" timestamp="2019-08-04T08:43:33.770" intervalms="42.942" />
<cycle-start id="2578" type="partial gc" contextid="0" timestamp="2019-08-04T08:43:33.771" intervalms="42.969" />
  <attribute name="GC Util" value="156" />
  <attribute name="CPU Util" value="38554894120293" />
  <attribute name="Time Running"value="151522"/>
  <attribute name="Number of cores"value="16"/>
<gc-start id="2579" type="partial gc" contextid="2578" timestamp="2019-08-04T08:43:33.771">
  <mem-info id="2580" free="132120576" total="398458880" percent="33">
    <mem type="eden" free="2097088" total="109051904" percent="1" />
    <remembered-set count="7488" freebytes="15899648" totalbytes="15929600" percent="99" regionsoverflowed="0" regionsstable="9" regionsrebuilding="0"/>
  </mem-info>
</gc-start>
<allocation-stats totalBytes="106284336" >
  <allocated-bytes non-tlh="0" tlh="106284336" arrayletleaf="0"/>
  <largest-consumer threadName="main" threadId="0000000000C1FF00" bytes="106284336" />
</allocation-stats>
<gc-op id="2581" type="copy forward" timems="7.950" contextid="2578" timestamp="2019-08-04T08:43:33.780">
  <memory-copied type="eden" objects="2" bytes="64" bytesdiscarded="0" />
  <memory-copied type="other" objects="25" bytes="1880" bytesdiscarded="816" />
  <memory-cardclean objects="33" bytes="1320" />
  <remembered-set-cleared processed="1533" cleared="10" durationms="0.176" />
  <stringconstants candidates="13822" cleared="0"  />
</gc-op>
<gc-op id="2582" type="classunload" timems="0.011" contextid="2578" timestamp="2019-08-04T08:43:33.780">
  <classunload-info classloadercandidates="54" classloadersunloaded="0" classesunloaded="0" anonymousclassesunloaded="0" quiescems="0.000" setupms="0.011" scanms="0.000" postms="0.000" />
</gc-op>
<gc-end id="2583" type="partial gc" contextid="2578" durationms="9.362" usertimems="21.212" systemtimems="0.000" timestamp="2019-08-04T08:43:33.780" activeThreads="16">
  <mem-info id="2584" free="239075328" total="398458880" percent="60">
    <mem type="eden" free="2097088" total="2097152" percent="99" />
    <remembered-set count="8192" freebytes="15896832" totalbytes="15929600" percent="99" regionsoverflowed="0" regionsstable="9" regionsrebuilding="0"/>
  </mem-info>
</gc-end>
<cycle-end id="2585" type="partial gc" contextid="2578" timestamp="2019-08-04T08:43:33.780">
  <attribute name="GC Util" value="134" />
  <attribute name="CPU Util" value="22660427060928" />
  <attribute name="Time Running"value="151565"/>
  <attribute name="Number of cores"value="16"/>
</cycle-end>
<exclusive-end id="2586" timestamp="2019-08-04T08:43:33.780" durationms="10.046" />

<exclusive-start id="2587" timestamp="2019-08-04T08:43:33.812" intervalms="42.047">
  <response-info timems="0.019" idlems="0.019" threads="0" lastid="0000000000C1FF00" lastname="main" />
</exclusive-start>
<allocation-taxation id="2588" taxation-threshold="106954752" timestamp="2019-08-04T08:43:33.812" intervalms="42.033" />
<cycle-start id="2589" type="partial gc" contextid="0" timestamp="2019-08-04T08:43:33.813" intervalms="42.008" />
  <attribute name="GC Util" value="134" />
  <attribute name="CPU Util" value="22660427060928" />
  <attribute name="Time Running"value="151565"/>
  <attribute name="Number of cores"value="16"/>
<gc-start id="2590" type="partial gc" contextid="2589" timestamp="2019-08-04T08:43:33.813">
  <mem-info id="2591" free="132120576" total="398458880" percent="33">
    <mem type="eden" free="2097088" total="109051904" percent="1" />
    <remembered-set count="8192" freebytes="15896832" totalbytes="15929600" percent="99" regionsoverflowed="0" regionsstable="9" regionsrebuilding="0"/>
  </mem-info>
</gc-start>
<allocation-stats totalBytes="106285576" >
  <allocated-bytes non-tlh="0" tlh="106285576" arrayletleaf="0"/>
  <largest-consumer threadName="main" threadId="0000000000C1FF00" bytes="106285576" />
</allocation-stats>
<gc-op id="2592" type="copy forward" timems="6.848" contextid="2589" timestamp="2019-08-04T08:43:33.821">
  <memory-copied type="eden" objects="2" bytes="64" bytesdiscarded="0" />
  <memory-copied type="other" objects="25" bytes="1880" bytesdiscarded="816" />
  <memory-cardclean objects="33" bytes="1320" />
  <remembered-set-cleared processed="1533" cleared="10" durationms="0.246" />
  <stringconstants candidates="13822" cleared="0"  />
</gc-op>
<gc-op id="2593" type="classunload" timems="0.007" contextid="2589" timestamp="2019-08-04T08:43:33.821">
  <classunload-info classloadercandidates="54" classloadersunloaded="0" classesunloaded="0" anonymousclassesunloaded="0" quiescems="0.000" setupms="0.007" scanms="0.000" postms="0.000" />
</gc-op>
<gc-end id="2594" type="partial gc" contextid="2589" durationms="8.026" usertimems="18.246" systemtimems="0.000" timestamp="2019-08-04T08:43:33.821" activeThreads="16">
  <mem-info id="2595" free="239075328" total="398458880" percent="60">
    <mem type="eden" free="2097088" total="2097152" percent="99" />
    <remembered-set count="8192" freebytes="15896832" totalbytes="15929600" percent="99" regionsoverflowed="0" regionsstable="9" regionsrebuilding="0"/>
  </mem-info>
</gc-end>
<cycle-end id="2596" type="partial gc" contextid="2589" timestamp="2019-08-04T08:43:33.821">
  <attribute name="GC Util" value="129" />
  <attribute name="CPU Util" value="29581477775083" />
  <attribute name="Time Running"value="151607"/>
  <attribute name="Number of cores"value="16"/>
</cycle-end>
<exclusive-end id="2597" timestamp="2019-08-04T08:43:33.821" durationms="8.630" />

<exclusive-start id="2598" timestamp="2019-08-04T08:43:34.016" intervalms="203.571">
  <response-info timems="0.017" idlems="0.017" threads="0" lastid="0000000000C1FF00" lastname="main" />
</exclusive-start>
<allocation-taxation id="2599" taxation-threshold="106954752" timestamp="2019-08-04T08:43:34.016" intervalms="203.572" />
<cycle-start id="2600" type="partial gc" contextid="0" timestamp="2019-08-04T08:43:34.016" intervalms="203.556" />
  <attribute name="GC Util" value="129" />
  <attribute name="CPU Util" value="29581477775083" />
  <attribute name="Time Running"value="151607"/>
  <attribute name="Number of cores"value="16"/>
<gc-start id="2601" type="partial gc" contextid="2600" timestamp="2019-08-04T08:43:34.016">
  <mem-info id="2602" free="132120576" total="398458880" percent="33">
    <mem type="eden" free="2097088" total="109051904" percent="1" />
    <remembered-set count="8192" freebytes="15896832" totalbytes="15929600" percent="99" regionsoverflowed="0" regionsstable="9" regionsrebuilding="0"/>
  </mem-info>
</gc-start>
<allocation-stats totalBytes="106933688" >
  <allocated-bytes non-tlh="0" tlh="106933688" arrayletleaf="0"/>
  <largest-consumer threadName="main" threadId="0000000000C1FF00" bytes="106933688" />
</allocation-stats>
<gc-op id="2603" type="copy forward" timems="11.267" contextid="2600" timestamp="2019-08-04T08:43:34.029">
  <memory-copied type="eden" objects="244" bytes="7936" bytesdiscarded="1824" />
  <memory-copied type="other" objects="6" bytes="144" bytesdiscarded="720" />
  <memory-cardclean objects="99" bytes="11320" />
  <remembered-set-cleared processed="1533" cleared="21" durationms="0.182" />
  <references type="weak" candidates="37" cleared="0" enqueued="0" />
  <stringconstants candidates="13822" cleared="0"  />
</gc-op>
<gc-op id="2604" type="classunload" timems="0.011" contextid="2600" timestamp="2019-08-04T08:43:34.029">
  <classunload-info classloadercandidates="54" classloadersunloaded="0" classesunloaded="0" anonymousclassesunloaded="0" quiescems="0.000" setupms="0.011" scanms="0.000" postms="0.000" />
</gc-op>
<gc-end id="2605" type="partial gc" contextid="2600" durationms="12.383" usertimems="27.726" systemtimems="0.000" timestamp="2019-08-04T08:43:34.029" activeThreads="16">
  <mem-info id="2606" free="239075328" total="398458880" percent="60">
    <mem type="eden" free="2087344" total="2097152" percent="99" />
    <remembered-set count="7968" freebytes="15897728" totalbytes="15929600" percent="99" regionsoverflowed="0" regionsstable="9" regionsrebuilding="0"/>
  </mem-info>
</gc-end>
<cycle-end id="2607" type="partial gc" contextid="2600" timestamp="2019-08-04T08:43:34.029">
  <attribute name="GC Util" value="146" />
  <attribute name="CPU Util" value="32652975319862" />
  <attribute name="Time Running"value="151810"/>
  <attribute name="Number of cores"value="16"/>
</cycle-end>
<exclusive-end id="2608" timestamp="2019-08-04T08:43:34.029" durationms="13.142" />

<exclusive-start id="2609" timestamp="2019-08-04T08:43:34.099" intervalms="82.555">
  <response-info timems="0.026" idlems="0.026" threads="0" lastid="0000000000C1FF00" lastname="main" />
</exclusive-start>
<allocation-taxation id="2610" taxation-threshold="106954752" timestamp="2019-08-04T08:43:34.099" intervalms="82.572" />
<cycle-start id="2611" type="partial gc" contextid="0" timestamp="2019-08-04T08:43:34.099" intervalms="82.666" />
  <attribute name="GC Util" value="146" />
  <attribute name="CPU Util" value="32652975319862" />
  <attribute name="Time Running"value="151810"/>
  <attribute name="Number of cores"value="16"/>
<gc-start id="2612" type="partial gc" contextid="2611" timestamp="2019-08-04T08:43:34.099">
  <mem-info id="2613" free="132120576" total="398458880" percent="33">
    <mem type="eden" free="0" total="106954752" percent="0" />
    <remembered-set count="7744" freebytes="15898624" totalbytes="15929600" percent="99" regionsoverflowed="0" regionsstable="9" regionsrebuilding="0"/>
  </mem-info>
</gc-start>
<allocation-stats totalBytes="106906160" >
  <allocated-bytes non-tlh="0" tlh="106906160" arrayletleaf="0"/>
  <largest-consumer threadName="main" threadId="0000000000C1FF00" bytes="106906160" />
</allocation-stats>
<gc-op id="2614" type="copy forward" timems="15.383" contextid="2611" timestamp="2019-08-04T08:43:34.116">
  <memory-copied type="eden" objects="22" bytes="808" bytesdiscarded="0" />
  <memory-copied type="other" objects="61" bytes="1736" bytesdiscarded="1728" />
  <memory-cardclean objects="76" bytes="10584" />
  <remembered-set-cleared processed="1533" cleared="21" durationms="0.180" />
  <references type="weak" candidates="37" cleared="7" enqueued="3" />
  <stringconstants candidates="13822" cleared="0"  />
</gc-op>
<gc-op id="2615" type="classunload" timems="0.019" contextid="2611" timestamp="2019-08-04T08:43:34.116">
  <classunload-info classloadercandidates="54" classloadersunloaded="0" classesunloaded="0" anonymousclassesunloaded="0" quiescems="0.000" setupms="0.019" scanms="0.000" postms="0.000" />
</gc-op>
<gc-end id="2616" type="partial gc" contextid="2611" durationms="16.739" usertimems="34.944" systemtimems="0.000" timestamp="2019-08-04T08:43:34.116" activeThreads="16">
  <mem-info id="2617" free="236978176" total="398458880" percent="59">
    <mem type="eden" free="2096344" total="2097152" percent="99" />
    <pending-finalizers system="0" default="0" reference="3" classloader="0" />
    <remembered-set count="7456" freebytes="15899776" totalbytes="15929600" percent="99" regionsoverflowed="0" regionsstable="9" regionsrebuilding="0"/>
  </mem-info>
</gc-end>
<cycle-end id="2618" type="partial gc" contextid="2611" timestamp="2019-08-04T08:43:34.116">
  <attribute name="GC Util" value="184" />
  <attribute name="CPU Util" value="33766196545790" />
  <attribute name="Time Running"value="151893"/>
  <attribute name="Number of cores"value="16"/>
</cycle-end>
<exclusive-end id="2619" timestamp="2019-08-04T08:43:34.116" durationms="17.621" />

<exclusive-start id="2620" timestamp="2019-08-04T08:43:34.157" intervalms="58.474">
  <response-info timems="0.021" idlems="0.021" threads="0" lastid="0000000000C1FF00" lastname="main" />
</exclusive-start>
<allocation-taxation id="2621" taxation-threshold="106954752" timestamp="2019-08-04T08:43:34.157" intervalms="58.454" />
<cycle-start id="2622" type="partial gc" contextid="0" timestamp="2019-08-04T08:43:34.157" intervalms="58.347" />
  <attribute name="GC Util" value="184" />
  <attribute name="CPU Util" value="33766196545790" />
  <attribute name="Time Running"value="151893"/>
  <attribute name="Number of cores"value="16"/>
<gc-start id="2623" type="partial gc" contextid="2622" timestamp="2019-08-04T08:43:34.157">
  <mem-info id="2624" free="130023424" total="398458880" percent="32">
    <mem type="eden" free="0" total="106954752" percent="0" />
    <remembered-set count="7040" freebytes="15901440" totalbytes="15929600" percent="99" regionsoverflowed="0" regionsstable="9" regionsrebuilding="0"/>
  </mem-info>
</gc-start>
<allocation-stats totalBytes="106900336" >
  <allocated-bytes non-tlh="0" tlh="106900336" arrayletleaf="0"/>
  <largest-consumer threadName="main" threadId="0000000000C1FF00" bytes="106900336" />
</allocation-stats>
<gc-op id="2625" type="copy forward" timems="8.082" contextid="2622" timestamp="2019-08-04T08:43:34.167">
  <memory-copied type="eden" objects="6" bytes="272" bytesdiscarded="0" />
  <memory-copied type="other" objects="72" bytes="2144" bytesdiscarded="2344" />
  <memory-cardclean objects="63" bytes="10896" />
  <remembered-set-cleared processed="1536" cleared="20" durationms="0.181" />
  <references type="weak" candidates="30" cleared="0" enqueued="0" />
  <stringconstants candidates="13822" cleared="0"  />
</gc-op>
<gc-op id="2626" type="classunload" timems="0.012" contextid="2622" timestamp="2019-08-04T08:43:34.167">
  <classunload-info classloadercandidates="54" classloadersunloaded="0" classesunloaded="0" anonymousclassesunloaded="0" quiescems="0.000" setupms="0.012" scanms="0.000" postms="0.000" />
</gc-op>
<gc-end id="2627" type="partial gc" contextid="2622" durationms="9.885" usertimems="21.654" systemtimems="0.000" timestamp="2019-08-04T08:43:34.167" activeThreads="16">
  <mem-info id="2628" free="234881024" total="398458880" percent="58">
    <mem type="eden" free="2096880" total="2097152" percent="99" />
    <remembered-set count="8576" freebytes="15895296" totalbytes="15929600" percent="99" regionsoverflowed="0" regionsstable="9" regionsrebuilding="0"/>
  </mem-info>
</gc-end>
<cycle-end id="2629" type="partial gc" contextid="2622" timestamp="2019-08-04T08:43:34.167">
  <attribute name="GC Util" value="138" />
  <attribute name="CPU Util" value="16820610755184" />
  <attribute name="Time Running"value="151952"/>
  <attribute name="Number of cores"value="16"/>
</cycle-end>
<exclusive-end id="2630" timestamp="2019-08-04T08:43:34.168" durationms="10.556" />

<exclusive-start id="2631" timestamp="2019-08-04T08:43:34.230" intervalms="72.988">
  <response-info timems="0.025" idlems="0.025" threads="0" lastid="0000000000C1FF00" lastname="main" />
</exclusive-start>
<allocation-taxation id="2632" taxation-threshold="106954752" timestamp="2019-08-04T08:43:34.230" intervalms="72.997" />
<cycle-start id="2633" type="partial gc" contextid="0" timestamp="2019-08-04T08:43:34.230" intervalms="73.008" />
  <attribute name="GC Util" value="138" />
  <attribute name="CPU Util" value="16820610755184" />
  <attribute name="Time Running"value="151952"/>
  <attribute name="Number of cores"value="16"/>
<gc-start id="2634" type="partial gc" contextid="2633" timestamp="2019-08-04T08:43:34.230">
  <mem-info id="2635" free="127926272" total="398458880" percent="32">
    <mem type="eden" free="2096880" total="109051904" percent="1" />
    <remembered-set count="8096" freebytes="15897216" totalbytes="15929600" percent="99" regionsoverflowed="0" regionsstable="9" regionsrebuilding="0"/>
  </mem-info>
</gc-start>
<allocation-stats totalBytes="106873792" >
  <allocated-bytes non-tlh="0" tlh="106873792" arrayletleaf="0"/>
  <largest-consumer threadName="main" threadId="0000000000C1FF00" bytes="106873792" />
</allocation-stats>
<gc-op id="2636" type="copy forward" timems="7.255" contextid="2633" timestamp="2019-08-04T08:43:34.239">
  <memory-copied type="eden" objects="23" bytes="800" bytesdiscarded="696" />
  <memory-copied type="other" objects="6" bytes="144" bytesdiscarded="744" />
  <memory-cardclean objects="55" bytes="1648" />
  <remembered-set-cleared processed="1541" cleared="11" durationms="0.147" />
  <stringconstants candidates="13822" cleared="0"  />
</gc-op>
<gc-op id="2637" type="classunload" timems="0.011" contextid="2633" timestamp="2019-08-04T08:43:34.239">
  <classunload-info classloadercandidates="54" classloadersunloaded="0" classesunloaded="0" anonymousclassesunloaded="0" quiescems="0.000" setupms="0.011" scanms="0.000" postms="0.000" />
</gc-op>
<heap-resize id="2638" type="expand" space="default" amount="10485760" count="1" timems="0.099" reason="excessive time being spent in gc" timestamp="2019-08-04T08:43:34.239" />
<gc-end id="2639" type="partial gc" contextid="2633" durationms="8.800" usertimems="19.900" systemtimems="0.000" timestamp="2019-08-04T08:43:34.239" activeThreads="16">
  <mem-info id="2640" free="245366784" total="408944640" percent="60">
    <mem type="eden" free="2095656" total="2097152" percent="99" />
    <remembered-set count="8352" freebytes="16315392" totalbytes="16348800" percent="99" regionsoverflowed="0" regionsstable="9" regionsrebuilding="0"/>
  </mem-info>
</gc-end>
<cycle-end id="2641" type="partial gc" contextid="2633" timestamp="2019-08-04T08:43:34.239">
  <attribute name="GC Util" value="128" />
  <attribute name="CPU Util" value="26234136990261" />
  <attribute name="Time Running"value="152024"/>
  <attribute name="Number of cores"value="16"/>
</cycle-end>
<exclusive-end id="2642" timestamp="2019-08-04T08:43:34.239" durationms="9.428" />

<exclusive-start id="2643" timestamp="2019-08-04T08:43:34.577" intervalms="347.394">
  <response-info timems="0.076" idlems="0.076" threads="0" lastid="0000000000C1FF00" lastname="main" />
</exclusive-start>
<allocation-taxation id="2644" taxation-threshold="109051904" timestamp="2019-08-04T08:43:34.577" intervalms="347.397" />
<cycle-start id="2645" type="partial gc" contextid="0" timestamp="2019-08-04T08:43:34.578" intervalms="347.413" />
  <attribute name="GC Util" value="128" />
  <attribute name="CPU Util" value="26234136990261" />
  <attribute name="Time Running"value="152024"/>
  <attribute name="Number of cores"value="16"/>
<gc-start id="2646" type="partial gc" contextid="2645" timestamp="2019-08-04T08:43:34.578">
  <mem-info id="2647" free="136314880" total="408944640" percent="33">
    <mem type="eden" free="0" total="109051904" percent="0" />
    <remembered-set count="8352" freebytes="16315392" totalbytes="16348800" percent="99" regionsoverflowed="0" regionsstable="9" regionsrebuilding="0"/>
  </mem-info>
</gc-start>
<allocation-stats totalBytes="108969216" >
  <allocated-bytes non-tlh="0" tlh="108969216" arrayletleaf="0"/>
  <largest-consumer threadName="main" threadId="0000000000C1FF00" bytes="108969216" />
</allocation-stats>
<gc-op id="2648" type="copy forward" timems="7.363" contextid="2645" timestamp="2019-08-04T08:43:34.587">
  <memory-copied type="eden" objects="71" bytes="20312" bytesdiscarded="9264" />
  <memory-copied type="other" objects="12" bytes="288" bytesdiscarded="1296" />
  <memory-cardclean objects="154" bytes="3976" />
  <remembered-set-cleared processed="1541" cleared="19" durationms="0.170" />
  <stringconstants candidates="13822" cleared="0"  />
</gc-op>
<gc-op id="2649" type="classunload" timems="0.015" contextid="2645" timestamp="2019-08-04T08:43:34.587">
  <classunload-info classloadercandidates="54" classloadersunloaded="0" classesunloaded="0" anonymousclassesunloaded="0" quiescems="0.000" setupms="0.015" scanms="0.000" postms="0.000" />
</gc-op>
<gc-end id="2650" type="partial gc" contextid="2645" durationms="9.105" usertimems="29.294" systemtimems="0.000" timestamp="2019-08-04T08:43:34.587" activeThreads="16">
  <mem-info id="2651" free="243269632" total="408944640" percent="59">
    <mem type="eden" free="2067576" total="2097152" percent="98" />
    <remembered-set count="8256" freebytes="16315776" totalbytes="16348800" percent="99" regionsoverflowed="0" regionsstable="9" regionsrebuilding="0"/>
  </mem-info>
</gc-end>
<cycle-end id="2652" type="partial gc" contextid="2645" timestamp="2019-08-04T08:43:34.587">
  <attribute name="GC Util" value="247" />
  <attribute name="CPU Util" value="19054938833305" />
  <attribute name="Time Running"value="152372"/>
  <attribute name="Number of cores"value="16"/>
</cycle-end>
<exclusive-end id="2653" timestamp="2019-08-04T08:43:34.588" durationms="10.138" />

<exclusive-start id="2654" timestamp="2019-08-04T08:43:34.777" intervalms="199.249">
  <response-info timems="0.022" idlems="0.022" threads="0" lastid="0000000000C1FF00" lastname="main" />
</exclusive-start>
<allocation-taxation id="2655" taxation-threshold="109051904" timestamp="2019-08-04T08:43:34.777" intervalms="199.236" />
<cycle-start id="2656" type="partial gc" contextid="0" timestamp="2019-08-04T08:43:34.777" intervalms="199.237" />
  <attribute name="GC Util" value="247" />
  <attribute name="CPU Util" value="19054938833305" />
  <attribute name="Time Running"value="152372"/>
  <attribute name="Number of cores"value="16"/>
<gc-start id="2657" type="partial gc" contextid="2656" timestamp="2019-08-04T08:43:34.777">
  <mem-info id="2658" free="134217728" total="408944640" percent="32">
    <mem type="eden" free="0" total="109051904" percent="0" />
    <remembered-set count="8128" freebytes="16316288" totalbytes="16348800" percent="99" regionsoverflowed="0" regionsstable="9" regionsrebuilding="0"/>
  </mem-info>
</gc-start>
<allocation-stats totalBytes="109040744" >
  <allocated-bytes non-tlh="0" tlh="109040744" arrayletleaf="0"/>
  <largest-consumer threadName="main" threadId="0000000000C1FF00" bytes="109040744" />
</allocation-stats>
<gc-op id="2659" type="copy forward" timems="8.689" contextid="2656" timestamp="2019-08-04T08:43:34.788">
  <memory-copied type="eden" objects="41" bytes="1216" bytesdiscarded="0" />
  <memory-copied type="other" objects="48" bytes="1152" bytesdiscarded="648" />
  <memory-cardclean objects="158" bytes="4296" />
  <remembered-set-cleared processed="1541" cleared="17" durationms="0.324" />
  <stringconstants candidates="13822" cleared="0"  />
</gc-op>
<gc-op id="2660" type="classunload" timems="0.014" contextid="2656" timestamp="2019-08-04T08:43:34.788">
  <classunload-info classloadercandidates="54" classloadersunloaded="0" classesunloaded="0" anonymousclassesunloaded="0" quiescems="0.000" setupms="0.014" scanms="0.000" postms="0.000" />
</gc-op>
<gc-end id="2661" type="partial gc" contextid="2656" durationms="10.733" usertimems="23.749" systemtimems="0.000" timestamp="2019-08-04T08:43:34.788" activeThreads="16">
  <mem-info id="2662" free="241172480" total="408944640" percent="58">
    <mem type="eden" free="2095936" total="2097152" percent="99" />
    <remembered-set count="7808" freebytes="16317568" totalbytes="16348800" percent="99" regionsoverflowed="0" regionsstable="9" regionsrebuilding="0"/>
  </mem-info>
</gc-end>
<cycle-end id="2663" type="partial gc" contextid="2656" timestamp="2019-08-04T08:43:34.788">
  <attribute name="GC Util" value="193" />
  <attribute name="CPU Util" value="13645241920291" />
  <attribute name="Time Running"value="152572"/>
  <attribute name="Number of cores"value="16"/>
</cycle-end>
<exclusive-end id="2664" timestamp="2019-08-04T08:43:34.788" durationms="11.534" />

<exclusive-start id="2665" timestamp="2019-08-04T08:43:34.897" intervalms="119.896">
  <response-info timems="0.021" idlems="0.021" threads="0" lastid="0000000000C1FF00" lastname="main" />
</exclusive-start>
<allocation-taxation id="2666" taxation-threshold="109051904" timestamp="2019-08-04T08:43:34.897" intervalms="119.896" />
<cycle-start id="2667" type="partial gc" contextid="0" timestamp="2019-08-04T08:43:34.897" intervalms="119.886" />
  <attribute name="GC Util" value="193" />
  <attribute name="CPU Util" value="13645241920291" />
  <attribute name="Time Running"value="152572"/>
  <attribute name="Number of cores"value="16"/>
<gc-start id="2668" type="partial gc" contextid="2667" timestamp="2019-08-04T08:43:34.897">
  <mem-info id="2669" free="132120576" total="408944640" percent="32">
    <mem type="eden" free="0" total="109051904" percent="0" />
    <remembered-set count="7648" freebytes="16318208" totalbytes="16348800" percent="99" regionsoverflowed="0" regionsstable="9" regionsrebuilding="0"/>
  </mem-info>
</gc-start>
<allocation-stats totalBytes="109023080" >
  <allocated-bytes non-tlh="0" tlh="109023080" arrayletleaf="0"/>
  <largest-consumer threadName="main" threadId="0000000000C1FF00" bytes="109023080" />
</allocation-stats>
<gc-op id="2670" type="copy forward" timems="8.727" contextid="2667" timestamp="2019-08-04T08:43:34.907">
  <memory-copied type="eden" objects="41" bytes="1208" bytesdiscarded="1272" />
  <memory-copied type="other" objects="70" bytes="1752" bytesdiscarded="672" />
  <memory-cardclean objects="213" bytes="5488" />
  <remembered-set-cleared processed="1542" cleared="21" durationms="0.164" />
  <stringconstants candidates="13822" cleared="0"  />
</gc-op>
<gc-op id="2671" type="classunload" timems="0.011" contextid="2667" timestamp="2019-08-04T08:43:34.907">
  <classunload-info classloadercandidates="54" classloadersunloaded="0" classesunloaded="0" anonymousclassesunloaded="0" quiescems="0.000" setupms="0.010" scanms="0.000" postms="0.000" />
</gc-op>
<heap-resize id="2672" type="contract" space="default" amount="20971520" count="1" timems="0.108" reason="insufficient time being spent in gc" timestamp="2019-08-04T08:43:34.907" />
<gc-end id="2673" type="partial gc" contextid="2667" durationms="10.185" usertimems="22.567" systemtimems="0.000" timestamp="2019-08-04T08:43:34.907" activeThreads="16">
  <mem-info id="2674" free="218103808" total="387973120" percent="56">
    <mem type="eden" free="2094672" total="2097152" percent="99" />
    <remembered-set count="8832" freebytes="16313472" totalbytes="16348800" percent="99" regionsoverflowed="0" regionsstable="9" regionsrebuilding="0"/>
  </mem-info>
</gc-end>
<cycle-end id="2675" type="partial gc" contextid="2667" timestamp="2019-08-04T08:43:34.907">
  <attribute name="GC Util" value="135" />
  <attribute name="CPU Util" value="30137059263998" />
  <attribute name="Time Running"value="152691"/>
  <attribute name="Number of cores"value="16"/>
</cycle-end>
<exclusive-end id="2676" timestamp="2019-08-04T08:43:34.907" durationms="10.918" />

<exclusive-start id="2677" timestamp="2019-08-04T08:43:35.053" intervalms="156.443">
  <response-info timems="0.020" idlems="0.020" threads="0" lastid="0000000000C1FF00" lastname="main" />
</exclusive-start>
<allocation-taxation id="2678" taxation-threshold="102760448" timestamp="2019-08-04T08:43:35.053" intervalms="156.445" />
<cycle-start id="2679" type="partial gc" contextid="0" timestamp="2019-08-04T08:43:35.053" intervalms="156.434" />
  <attribute name="GC Util" value="135" />
  <attribute name="CPU Util" value="30137059263998" />
  <attribute name="Time Running"value="152691"/>
  <attribute name="Number of cores"value="16"/>
<gc-start id="2680" type="partial gc" contextid="2679" timestamp="2019-08-04T08:43:35.053">
  <mem-info id="2681" free="115343360" total="387973120" percent="29">
    <mem type="eden" free="0" total="102760448" percent="0" />
    <remembered-set count="8384" freebytes="16315264" totalbytes="16348800" percent="99" regionsoverflowed="0" regionsstable="9" regionsrebuilding="0"/>
  </mem-info>
</gc-start>
<allocation-stats totalBytes="102748488" >
  <allocated-bytes non-tlh="0" tlh="102748488" arrayletleaf="0"/>
  <largest-consumer threadName="main" threadId="0000000000C1FF00" bytes="102748488" />
</allocation-stats>
<gc-op id="2682" type="copy forward" timems="7.849" contextid="2679" timestamp="2019-08-04T08:43:35.063">
  <memory-copied type="eden" objects="32" bytes="944" bytesdiscarded="1152" />
  <memory-copied type="other" objects="47" bytes="1224" bytesdiscarded="0" />
  <memory-cardclean objects="131" bytes="3568" />
  <remembered-set-cleared processed="1552" cleared="16" durationms="0.165" />
  <stringconstants candidates="13822" cleared="0"  />
</gc-op>
<gc-op id="2683" type="classunload" timems="0.011" contextid="2679" timestamp="2019-08-04T08:43:35.063">
  <classunload-info classloadercandidates="54" classloadersunloaded="0" classesunloaded="0" anonymousclassesunloaded="0" quiescems="0.000" setupms="0.010" scanms="0.000" postms="0.000" />
</gc-op>
<gc-end id="2684" type="partial gc" contextid="2679" durationms="10.266" usertimems="22.507" systemtimems="0.000" timestamp="2019-08-04T08:43:35.064" activeThreads="16">
  <mem-info id="2685" free="216006656" total="387973120" percent="55">
    <mem type="eden" free="2095056" total="2097152" percent="99" />
    <remembered-set count="8576" freebytes="15476096" totalbytes="15510400" percent="99" regionsoverflowed="0" regionsstable="9" regionsrebuilding="0"/>
  </mem-info>
</gc-end>
<cycle-end id="2686" type="partial gc" contextid="2679" timestamp="2019-08-04T08:43:35.064">
  <attribute name="GC Util" value="60" />
  <attribute name="CPU Util" value="10244724584221" />
  <attribute name="Time Running"value="152848"/>
  <attribute name="Number of cores"value="16"/>
</cycle-end>
<exclusive-end id="2687" timestamp="2019-08-04T08:43:35.064" durationms="10.919" />

<exclusive-start id="2688" timestamp="2019-08-04T08:43:35.275" intervalms="221.810">
  <response-info timems="0.027" idlems="0.027" threads="0" lastid="0000000000C1FF00" lastname="main" />
</exclusive-start>
<allocation-taxation id="2689" taxation-threshold="102760448" timestamp="2019-08-04T08:43:35.275" intervalms="221.820" />
<cycle-start id="2690" type="partial gc" contextid="0" timestamp="2019-08-04T08:43:35.275" intervalms="221.817" />
  <attribute name="GC Util" value="60" />
  <attribute name="CPU Util" value="10244724584221" />
  <attribute name="Time Running"value="152848"/>
  <attribute name="Number of cores"value="16"/>
<gc-start id="2691" type="partial gc" contextid="2690" timestamp="2019-08-04T08:43:35.275">
  <mem-info id="2692" free="113246208" total="387973120" percent="29">
    <mem type="eden" free="0" total="102760448" percent="0" />
    <remembered-set count="8448" freebytes="15476608" totalbytes="15510400" percent="99" regionsoverflowed="0" regionsstable="9" regionsrebuilding="0"/>
  </mem-info>
</gc-start>
<allocation-stats totalBytes="102754536" >
  <allocated-bytes non-tlh="0" tlh="102754536" arrayletleaf="0"/>
  <largest-consumer threadName="main" threadId="0000000000C1FF00" bytes="102754536" />
</allocation-stats>
<gc-op id="2693" type="copy forward" timems="11.169" contextid="2690" timestamp="2019-08-04T08:43:35.288">
  <memory-copied type="eden" objects="51" bytes="1376" bytesdiscarded="0" />
  <memory-copied type="other" objects="37" bytes="912" bytesdiscarded="984" />
  <memory-cardclean objects="137" bytes="3728" />
  <remembered-set-cleared processed="1558" cleared="24" durationms="0.251" />
  <stringconstants candidates="13822" cleared="0"  />
</gc-op>
<gc-op id="2694" type="classunload" timems="0.016" contextid="2690" timestamp="2019-08-04T08:43:35.289">
  <classunload-info classloadercandidates="54" classloadersunloaded="0" classesunloaded="0" anonymousclassesunloaded="0" quiescems="0.000" setupms="0.016" scanms="0.000" postms="0.000" />
</gc-op>
<gc-end id="2695" type="partial gc" contextid="2690" durationms="13.211" usertimems="29.158" systemtimems="0.000" timestamp="2019-08-04T08:43:35.289" activeThreads="16">
  <mem-info id="2696" free="213909504" total="387973120" percent="55">
    <mem type="eden" free="2095776" total="2097152" percent="99" />
    <remembered-set count="8512" freebytes="15476352" totalbytes="15510400" percent="99" regionsoverflowed="0" regionsstable="9" regionsrebuilding="0"/>
  </mem-info>
</gc-end>
<cycle-end id="2697" type="partial gc" contextid="2690" timestamp="2019-08-04T08:43:35.289">
  <attribute name="GC Util" value="79" />
  <attribute name="CPU Util" value="17749882884561" />
  <attribute name="Time Running"value="153070"/>
  <attribute name="Number of cores"value="16"/>
</cycle-end>
<exclusive-end id="2698" timestamp="2019-08-04T08:43:35.289" durationms="14.187" />

<exclusive-start id="2699" timestamp="2019-08-04T08:43:35.456" intervalms="181.573">
  <response-info timems="0.026" idlems="0.026" threads="0" lastid="0000000000C1FF00" lastname="main" />
</exclusive-start>
<allocation-taxation id="2700" taxation-threshold="102760448" timestamp="2019-08-04T08:43:35.456" intervalms="181.574" />
<cycle-start id="2701" type="partial gc" contextid="0" timestamp="2019-08-04T08:43:35.457" intervalms="181.583" />
  <attribute name="GC Util" value="79" />
  <attribute name="CPU Util" value="17749882884561" />
  <attribute name="Time Running"value="153070"/>
  <attribute name="Number of cores"value="16"/>
<gc-start id="2702" type="partial gc" contextid="2701" timestamp="2019-08-04T08:43:35.457">
  <mem-info id="2703" free="111149056" total="387973120" percent="28">
    <mem type="eden" free="0" total="102760448" percent="0" />
    <remembered-set count="8064" freebytes="15478144" totalbytes="15510400" percent="99" regionsoverflowed="0" regionsstable="9" regionsrebuilding="0"/>
  </mem-info>
</gc-start>
<allocation-stats totalBytes="102753224" >
  <allocated-bytes non-tlh="0" tlh="102753224" arrayletleaf="0"/>
  <largest-consumer threadName="main" threadId="0000000000C1FF00" bytes="102753224" />
</allocation-stats>
<gc-op id="2704" type="copy forward" timems="9.644" contextid="2701" timestamp="2019-08-04T08:43:35.468">
  <memory-copied type="eden" objects="32" bytes="968" bytesdiscarded="1344" />
  <memory-copied type="other" objects="54" bytes="1296" bytesdiscarded="1656" />
  <memory-cardclean objects="95" bytes="2672" />
  <remembered-set-cleared processed="1564" cleared="19" durationms="0.222" />
  <stringconstants candidates="13822" cleared="0"  />
</gc-op>
<gc-op id="2705" type="classunload" timems="0.012" contextid="2701" timestamp="2019-08-04T08:43:35.468">
  <classunload-info classloadercandidates="54" classloadersunloaded="0" classesunloaded="0" anonymousclassesunloaded="0" quiescems="0.000" setupms="0.011" scanms="0.000" postms="0.000" />
</gc-op>
<gc-end id="2706" type="partial gc" contextid="2701" durationms="10.904" usertimems="25.318" systemtimems="0.000" timestamp="2019-08-04T08:43:35.468" activeThreads="16">
  <mem-info id="2707" free="211812352" total="387973120" percent="54">
    <mem type="eden" free="2094840" total="2097152" percent="99" />
    <remembered-set count="9792" freebytes="15471232" totalbytes="15510400" percent="99" regionsoverflowed="0" regionsstable="9" regionsrebuilding="0"/>
  </mem-info>
</gc-end>
<cycle-end id="2708" type="partial gc" contextid="2701" timestamp="2019-08-04T08:43:35.468">
  <attribute name="GC Util" value="159" />
  <attribute name="CPU Util" value="33296048320544" />
  <attribute name="Time Running"value="153250"/>
  <attribute name="Number of cores"value="16"/>
</cycle-end>
<exclusive-end id="2709" timestamp="2019-08-04T08:43:35.468" durationms="11.580" />

<exclusive-start id="2710" timestamp="2019-08-04T08:43:35.716" intervalms="260.113">
  <response-info timems="0.023" idlems="0.023" threads="0" lastid="0000000000C1FF00" lastname="main" />
</exclusive-start>
<allocation-taxation id="2711" taxation-threshold="102760448" timestamp="2019-08-04T08:43:35.717" intervalms="260.110" />
<cycle-start id="2712" type="partial gc" contextid="0" timestamp="2019-08-04T08:43:35.717" intervalms="260.112" />
  <attribute name="GC Util" value="159" />
  <attribute name="CPU Util" value="33296048320544" />
  <attribute name="Time Running"value="153250"/>
  <attribute name="Number of cores"value="16"/>
<gc-start id="2713" type="partial gc" contextid="2712" timestamp="2019-08-04T08:43:35.717">
  <mem-info id="2714" free="109051904" total="387973120" percent="28">
    <mem type="eden" free="0" total="102760448" percent="0" />
    <remembered-set count="9344" freebytes="15473024" totalbytes="15510400" percent="99" regionsoverflowed="0" regionsstable="9" regionsrebuilding="0"/>
  </mem-info>
</gc-start>
<allocation-stats totalBytes="102701616" >
  <allocated-bytes non-tlh="0" tlh="102701616" arrayletleaf="0"/>
  <largest-consumer threadName="main" threadId="0000000000C1FF00" bytes="102701616" />
</allocation-stats>
<gc-op id="2715" type="copy forward" timems="7.440" contextid="2712" timestamp="2019-08-04T08:43:35.726">
  <memory-copied type="eden" objects="43" bytes="1192" bytesdiscarded="1104" />
  <memory-copied type="other" objects="48" bytes="1152" bytesdiscarded="1344" />
  <memory-cardclean objects="133" bytes="3560" />
  <remembered-set-cleared processed="1570" cleared="22" durationms="0.177" />
  <stringconstants candidates="13822" cleared="0"  />
</gc-op>
<gc-op id="2716" type="classunload" timems="0.021" contextid="2712" timestamp="2019-08-04T08:43:35.726">
  <classunload-info classloadercandidates="54" classloadersunloaded="0" classesunloaded="0" anonymousclassesunloaded="0" quiescems="0.000" setupms="0.021" scanms="0.000" postms="0.000" />
</gc-op>
<gc-end id="2717" type="partial gc" contextid="2712" durationms="8.852" usertimems="18.159" systemtimems="0.000" timestamp="2019-08-04T08:43:35.726" activeThreads="16">
  <mem-info id="2718" free="209715200" total="387973120" percent="54">
    <mem type="eden" free="2094856" total="2097152" percent="99" />
    <remembered-set count="9792" freebytes="15471232" totalbytes="15510400" percent="99" regionsoverflowed="0" regionsstable="9" regionsrebuilding="0"/>
  </mem-info>
</gc-end>
<cycle-end id="2719" type="partial gc" contextid="2712" timestamp="2019-08-04T08:43:35.726">
  <attribute name="GC Util" value="145" />
  <attribute name="CPU Util" value="29840987045712" />
  <attribute name="Time Running"value="153511"/>
  <attribute name="Number of cores"value="16"/>
</cycle-end>
<exclusive-end id="2720" timestamp="2019-08-04T08:43:35.726" durationms="9.730" />

<exclusive-start id="2721" timestamp="2019-08-04T08:43:35.804" intervalms="87.661">
  <response-info timems="0.029" idlems="0.029" threads="0" lastid="0000000000C1FF00" lastname="main" />
</exclusive-start>
<allocation-taxation id="2722" taxation-threshold="102760448" timestamp="2019-08-04T08:43:35.804" intervalms="87.712" />
<cycle-start id="2723" type="partial gc" contextid="0" timestamp="2019-08-04T08:43:35.804" intervalms="87.744" />
  <attribute name="GC Util" value="145" />
  <attribute name="CPU Util" value="29840987045712" />
  <attribute name="Time Running"value="153511"/>
  <attribute name="Number of cores"value="16"/>
<gc-start id="2724" type="partial gc" contextid="2723" timestamp="2019-08-04T08:43:35.805">
  <mem-info id="2725" free="106954752" total="387973120" percent="27">
    <mem type="eden" free="0" total="102760448" percent="0" />
    <remembered-set count="9376" freebytes="15472896" totalbytes="15510400" percent="99" regionsoverflowed="0" regionsstable="9" regionsrebuilding="0"/>
  </mem-info>
</gc-start>
<allocation-stats totalBytes="102620976" >
  <allocated-bytes non-tlh="0" tlh="102620976" arrayletleaf="0"/>
  <largest-consumer threadName="main" threadId="0000000000C1FF00" bytes="102620976" />
</allocation-stats>
<gc-op id="2726" type="copy forward" timems="7.375" contextid="2723" timestamp="2019-08-04T08:43:35.813">
  <memory-copied type="eden" objects="25" bytes="1312" bytesdiscarded="696" />
  <memory-copied type="other" objects="36" bytes="864" bytesdiscarded="1632" />
  <memory-cardclean objects="90" bytes="2528" />
  <remembered-set-cleared processed="1576" cleared="19" durationms="0.182" />
  <stringconstants candidates="13822" cleared="0"  />
</gc-op>
<gc-op id="2727" type="classunload" timems="0.012" contextid="2723" timestamp="2019-08-04T08:43:35.813">
  <classunload-info classloadercandidates="54" classloadersunloaded="0" classesunloaded="0" anonymousclassesunloaded="0" quiescems="0.000" setupms="0.012" scanms="0.000" postms="0.000" />
</gc-op>
<gc-end id="2728" type="partial gc" contextid="2723" durationms="8.462" usertimems="18.460" systemtimems="0.000" timestamp="2019-08-04T08:43:35.813" activeThreads="16">
  <mem-info id="2729" free="207618048" total="387973120" percent="53">
    <mem type="eden" free="2095144" total="2097152" percent="99" />
    <remembered-set count="10080" freebytes="15470080" totalbytes="15510400" percent="99" regionsoverflowed="0" regionsstable="9" regionsrebuilding="0"/>
  </mem-info>
</gc-end>
<cycle-end id="2730" type="partial gc" contextid="2723" timestamp="2019-08-04T08:43:35.813">
  <attribute name="GC Util" value="168" />
  <attribute name="CPU Util" value="38288409906094" />
  <attribute name="Time Running"value="153598"/>
  <attribute name="Number of cores"value="16"/>
</cycle-end>
<exclusive-end id="2731" timestamp="2019-08-04T08:43:35.813" durationms="9.244" />

<exclusive-start id="2732" timestamp="2019-08-04T08:43:35.851" intervalms="46.518">
  <response-info timems="0.022" idlems="0.022" threads="0" lastid="0000000000C1FF00" lastname="main" />
</exclusive-start>
<allocation-taxation id="2733" taxation-threshold="102760448" timestamp="2019-08-04T08:43:35.851" intervalms="46.473" />
<cycle-start id="2734" type="partial gc" contextid="0" timestamp="2019-08-04T08:43:35.851" intervalms="46.465" />
  <attribute name="GC Util" value="168" />
  <attribute name="CPU Util" value="38288409906094" />
  <attribute name="Time Running"value="153598"/>
  <attribute name="Number of cores"value="16"/>
<gc-start id="2735" type="partial gc" contextid="2734" timestamp="2019-08-04T08:43:35.851">
  <mem-info id="2736" free="104857600" total="387973120" percent="27">
    <mem type="eden" free="0" total="102760448" percent="0" />
    <remembered-set count="9600" freebytes="15472000" totalbytes="15510400" percent="99" regionsoverflowed="0" regionsstable="9" regionsrebuilding="0"/>
  </mem-info>
</gc-start>
<allocation-stats totalBytes="102578992" >
  <allocated-bytes non-tlh="0" tlh="102578992" arrayletleaf="0"/>
  <largest-consumer threadName="main" threadId="0000000000C1FF00" bytes="102578992" />
</allocation-stats>
<gc-op id="2737" type="copy forward" timems="7.072" contextid="2734" timestamp="2019-08-04T08:43:35.859">
  <memory-copied type="eden" objects="3" bytes="72" bytesdiscarded="0" />
  <memory-copied type="other" objects="45" bytes="1784" bytesdiscarded="1824" />
  <memory-cardclean objects="65" bytes="2024" />
  <remembered-set-cleared processed="1580" cleared="15" durationms="0.311" />
  <stringconstants candidates="13822" cleared="0"  />
</gc-op>
<gc-op id="2738" type="classunload" timems="0.011" contextid="2734" timestamp="2019-08-04T08:43:35.859">
  <classunload-info classloadercandidates="54" classloadersunloaded="0" classesunloaded="0" anonymousclassesunloaded="0" quiescems="0.000" setupms="0.011" scanms="0.000" postms="0.000" />
</gc-op>
<gc-end id="2739" type="partial gc" contextid="2734" durationms="8.244" usertimems="20.573" systemtimems="0.000" timestamp="2019-08-04T08:43:35.859" activeThreads="16">
  <mem-info id="2740" free="205520896" total="387973120" percent="52">
    <mem type="eden" free="2097080" total="2097152" percent="99" />
    <remembered-set count="9280" freebytes="15473280" totalbytes="15510400" percent="99" regionsoverflowed="0" regionsstable="9" regionsrebuilding="0"/>
  </mem-info>
</gc-end>
<cycle-end id="2741" type="partial gc" contextid="2734" timestamp="2019-08-04T08:43:35.859">
  <attribute name="GC Util" value="156" />
  <attribute name="CPU Util" value="38248001269590" />
  <attribute name="Time Running"value="153645"/>
  <attribute name="Number of cores"value="16"/>
</cycle-end>
<exclusive-end id="2742" timestamp="2019-08-04T08:43:35.860" durationms="8.916" />

<exclusive-start id="2743" timestamp="2019-08-04T08:43:35.983" intervalms="132.175">
  <response-info timems="0.017" idlems="0.017" threads="0" lastid="0000000000C1FF00" lastname="main" />
</exclusive-start>
<allocation-taxation id="2744" taxation-threshold="102760448" timestamp="2019-08-04T08:43:35.983" intervalms="132.154" />
<cycle-start id="2745" type="partial gc" contextid="0" timestamp="2019-08-04T08:43:35.983" intervalms="132.146" />
  <attribute name="GC Util" value="156" />
  <attribute name="CPU Util" value="38248001269590" />
  <attribute name="Time Running"value="153645"/>
  <attribute name="Number of cores"value="16"/>
<gc-start id="2746" type="partial gc" contextid="2745" timestamp="2019-08-04T08:43:35.983">
  <mem-info id="2747" free="102760448" total="387973120" percent="26">
    <mem type="eden" free="2097080" total="104857600" percent="1" />
    <remembered-set count="8800" freebytes="15475200" totalbytes="15510400" percent="99" regionsoverflowed="0" regionsstable="9" regionsrebuilding="0"/>
  </mem-info>
</gc-start>
<allocation-stats totalBytes="102663088" >
  <allocated-bytes non-tlh="0" tlh="102663088" arrayletleaf="0"/>
  <largest-consumer threadName="main" threadId="0000000000C1FF00" bytes="102663088" />
</allocation-stats>
<gc-op id="2748" type="copy forward" timems="9.330" contextid="2745" timestamp="2019-08-04T08:43:35.994">
  <memory-copied type="eden" objects="41" bytes="1632" bytesdiscarded="1320" />
  <memory-copied type="other" objects="6" bytes="144" bytesdiscarded="648" />
  <memory-cardclean objects="67" bytes="1888" />
  <remembered-set-cleared processed="1584" cleared="11" durationms="0.154" />
  <stringconstants candidates="13822" cleared="0"  />
</gc-op>
<gc-op id="2749" type="classunload" timems="0.007" contextid="2745" timestamp="2019-08-04T08:43:35.994">
  <classunload-info classloadercandidates="54" classloadersunloaded="0" classesunloaded="0" anonymousclassesunloaded="0" quiescems="0.000" setupms="0.007" scanms="0.000" postms="0.000" />
</gc-op>
<gc-end id="2750" type="partial gc" contextid="2745" durationms="10.382" usertimems="27.433" systemtimems="0.000" timestamp="2019-08-04T08:43:35.994" activeThreads="16">
  <mem-info id="2751" free="205520896" total="387973120" percent="52">
    <mem type="eden" free="2094200" total="2097152" percent="99" />
    <remembered-set count="10016" freebytes="15470336" totalbytes="15510400" percent="99" regionsoverflowed="0" regionsstable="9" regionsrebuilding="0"/>
  </mem-info>
</gc-end>
<cycle-end id="2752" type="partial gc" contextid="2745" timestamp="2019-08-04T08:43:35.994">
  <attribute name="GC Util" value="128" />
  <attribute name="CPU Util" value="33612931645690" />
  <attribute name="Time Running"value="153777"/>
  <attribute name="Number of cores"value="16"/>
</cycle-end>
<exclusive-end id="2753" timestamp="2019-08-04T08:43:35.994" durationms="11.208" />

<exclusive-start id="2754" timestamp="2019-08-04T08:43:36.090" intervalms="106.954">
  <response-info timems="0.018" idlems="0.018" threads="0" lastid="0000000000C1FF00" lastname="main" />
</exclusive-start>
<allocation-taxation id="2755" taxation-threshold="102760448" timestamp="2019-08-04T08:43:36.090" intervalms="106.960" />
<cycle-start id="2756" type="partial gc" contextid="0" timestamp="2019-08-04T08:43:36.090" intervalms="106.931" />
  <attribute name="GC Util" value="128" />
  <attribute name="CPU Util" value="33612931645690" />
  <attribute name="Time Running"value="153777"/>
  <attribute name="Number of cores"value="16"/>
<gc-start id="2757" type="partial gc" contextid="2756" timestamp="2019-08-04T08:43:36.090">
  <mem-info id="2758" free="102760448" total="387973120" percent="26">
    <mem type="eden" free="0" total="102760448" percent="0" />
    <remembered-set count="10016" freebytes="15470336" totalbytes="15510400" percent="99" regionsoverflowed="0" regionsstable="9" regionsrebuilding="0"/>
  </mem-info>
</gc-start>
<allocation-stats totalBytes="102625976" >
  <allocated-bytes non-tlh="0" tlh="102625976" arrayletleaf="0"/>
  <largest-consumer threadName="main" threadId="0000000000C1FF00" bytes="102625976" />
</allocation-stats>
<gc-op id="2759" type="copy forward" timems="6.763" contextid="2756" timestamp="2019-08-04T08:43:36.099">
  <memory-copied type="eden" objects="37" bytes="5216" bytesdiscarded="744" />
  <memory-copied type="other" objects="24" bytes="576" bytesdiscarded="1968" />
  <memory-cardclean objects="66" bytes="1904" />
  <remembered-set-cleared processed="1589" cleared="17" durationms="0.178" />
  <stringconstants candidates="13822" cleared="0"  />
</gc-op>
<gc-op id="2760" type="classunload" timems="0.012" contextid="2756" timestamp="2019-08-04T08:43:36.099">
  <classunload-info classloadercandidates="54" classloadersunloaded="0" classesunloaded="0" anonymousclassesunloaded="0" quiescems="0.000" setupms="0.012" scanms="0.000" postms="0.000" />
</gc-op>
<gc-end id="2761" type="partial gc" contextid="2756" durationms="9.178" usertimems="22.057" systemtimems="0.000" timestamp="2019-08-04T08:43:36.099" activeThreads="16">
  <mem-info id="2762" free="203423744" total="387973120" percent="52">
    <mem type="eden" free="2091192" total="2097152" percent="99" />
    <remembered-set count="9984" freebytes="15470464" totalbytes="15510400" percent="99" regionsoverflowed="0" regionsstable="9" regionsrebuilding="0"/>
  </mem-info>
</gc-end>
<cycle-end id="2763" type="partial gc" contextid="2756" timestamp="2019-08-04T08:43:36.100">
  <attribute name="GC Util" value="216" />
  <attribute name="CPU Util" value="10669005937015" />
  <attribute name="Time Running"value="153885"/>
  <attribute name="Number of cores"value="16"/>
</cycle-end>
<exclusive-end id="2764" timestamp="2019-08-04T08:43:36.100" durationms="9.892" />

<exclusive-start id="2765" timestamp="2019-08-04T08:43:36.288" intervalms="198.377">
  <response-info timems="0.021" idlems="0.021" threads="0" lastid="0000000000C1FF00" lastname="main" />
</exclusive-start>
<allocation-taxation id="2766" taxation-threshold="102760448" timestamp="2019-08-04T08:43:36.288" intervalms="198.380" />
<cycle-start id="2767" type="partial gc" contextid="0" timestamp="2019-08-04T08:43:36.288" intervalms="198.386" />
  <attribute name="GC Util" value="216" />
  <attribute name="CPU Util" value="10669005937015" />
  <attribute name="Time Running"value="153885"/>
  <attribute name="Number of cores"value="16"/>
<gc-start id="2768" type="partial gc" contextid="2767" timestamp="2019-08-04T08:43:36.289">
  <mem-info id="2769" free="100663296" total="387973120" percent="25">
    <mem type="eden" free="0" total="102760448" percent="0" />
    <remembered-set count="9536" freebytes="15472256" totalbytes="15510400" percent="99" regionsoverflowed="0" regionsstable="9" regionsrebuilding="0"/>
  </mem-info>
</gc-start>
<allocation-stats totalBytes="102729256" >
  <allocated-bytes non-tlh="0" tlh="102729256" arrayletleaf="0"/>
  <largest-consumer threadName="main" threadId="0000000000C1FF00" bytes="102729256" />
</allocation-stats>
<gc-op id="2770" type="copy forward" timems="6.615" contextid="2767" timestamp="2019-08-04T08:43:36.297">
  <memory-copied type="eden" objects="34" bytes="1184" bytesdiscarded="576" />
  <memory-copied type="other" objects="24" bytes="576" bytesdiscarded="1056" />
  <memory-cardclean objects="80" bytes="2280" />
  <remembered-set-cleared processed="1589" cleared="15" durationms="0.298" />
  <stringconstants candidates="13822" cleared="0"  />
</gc-op>
<gc-op id="2771" type="classunload" timems="0.014" contextid="2767" timestamp="2019-08-04T08:43:36.297">
  <classunload-info classloadercandidates="54" classloadersunloaded="0" classesunloaded="0" anonymousclassesunloaded="0" quiescems="0.000" setupms="0.014" scanms="0.000" postms="0.000" />
</gc-op>
<gc-end id="2772" type="partial gc" contextid="2767" durationms="8.763" usertimems="20.133" systemtimems="0.000" timestamp="2019-08-04T08:43:36.297" activeThreads="16">
  <mem-info id="2773" free="201326592" total="387973120" percent="51">
    <mem type="eden" free="2095392" total="2097152" percent="99" />
    <remembered-set count="9472" freebytes="15472512" totalbytes="15510400" percent="99" regionsoverflowed="0" regionsstable="9" regionsrebuilding="0"/>
  </mem-info>
</gc-end>
<cycle-end id="2774" type="partial gc" contextid="2767" timestamp="2019-08-04T08:43:36.298">
  <attribute name="GC Util" value="192" />
  <attribute name="CPU Util" value="12143645033517" />
  <attribute name="Time Running"value="154083"/>
  <attribute name="Number of cores"value="16"/>
</cycle-end>
<exclusive-end id="2775" timestamp="2019-08-04T08:43:36.298" durationms="9.522" />

<exclusive-start id="2776" timestamp="2019-08-04T08:43:36.471" intervalms="183.297">
  <response-info timems="0.017" idlems="0.017" threads="0" lastid="0000000000C1FF00" lastname="main" />
</exclusive-start>
<allocation-taxation id="2777" taxation-threshold="102760448" timestamp="2019-08-04T08:43:36.472" intervalms="183.295" />
<cycle-start id="2778" type="partial gc" contextid="0" timestamp="2019-08-04T08:43:36.472" intervalms="183.335" />
  <attribute name="GC Util" value="192" />
  <attribute name="CPU Util" value="12143645033517" />
  <attribute name="Time Running"value="154083"/>
  <attribute name="Number of cores"value="16"/>
<gc-start id="2779" type="partial gc" contextid="2778" timestamp="2019-08-04T08:43:36.472">
  <mem-info id="2780" free="98566144" total="387973120" percent="25">
    <mem type="eden" free="0" total="102760448" percent="0" />
    <remembered-set count="9024" freebytes="15474304" totalbytes="15510400" percent="99" regionsoverflowed="0" regionsstable="9" regionsrebuilding="0"/>
  </mem-info>
</gc-start>
<allocation-stats totalBytes="102741576" >
  <allocated-bytes non-tlh="0" tlh="102741576" arrayletleaf="0"/>
  <largest-consumer threadName="main" threadId="0000000000C1FF00" bytes="102741576" />
</allocation-stats>
<gc-op id="2781" type="copy forward" timems="6.608" contextid="2778" timestamp="2019-08-04T08:43:36.480">
  <memory-copied type="eden" objects="3" bytes="120" bytesdiscarded="0" />
  <memory-copied type="other" objects="32" bytes="960" bytesdiscarded="1248" />
  <memory-cardclean objects="58" bytes="1792" />
  <remembered-set-cleared processed="1593" cleared="11" durationms="0.178" />
  <stringconstants candidates="13822" cleared="0"  />
</gc-op>
<gc-op id="2782" type="classunload" timems="0.007" contextid="2778" timestamp="2019-08-04T08:43:36.480">
  <classunload-info classloadercandidates="54" classloadersunloaded="0" classesunloaded="0" anonymousclassesunloaded="0" quiescems="0.000" setupms="0.007" scanms="0.000" postms="0.000" />
</gc-op>
<gc-end id="2783" type="partial gc" contextid="2778" durationms="8.247" usertimems="17.404" systemtimems="0.000" timestamp="2019-08-04T08:43:36.480" activeThreads="16">
  <mem-info id="2784" free="199229440" total="387973120" percent="51">
    <mem type="eden" free="2097032" total="2097152" percent="99" />
    <remembered-set count="9696" freebytes="15471616" totalbytes="15510400" percent="99" regionsoverflowed="0" regionsstable="9" regionsrebuilding="0"/>
  </mem-info>
</gc-end>
<cycle-end id="2785" type="partial gc" contextid="2778" timestamp="2019-08-04T08:43:36.480">
  <attribute name="GC Util" value="192" />
  <attribute name="CPU Util" value="16737463303058" />
  <attribute name="Time Running"value="154266"/>
  <attribute name="Number of cores"value="16"/>
</cycle-end>
<exclusive-end id="2786" timestamp="2019-08-04T08:43:36.480" durationms="8.905" />

<exclusive-start id="2787" timestamp="2019-08-04T08:43:36.552" intervalms="80.302">
  <response-info timems="0.017" idlems="0.017" threads="0" lastid="0000000000C1FF00" lastname="main" />
</exclusive-start>
<allocation-taxation id="2788" taxation-threshold="102760448" timestamp="2019-08-04T08:43:36.552" intervalms="80.310" />
<cycle-start id="2789" type="partial gc" contextid="0" timestamp="2019-08-04T08:43:36.552" intervalms="80.271" />
  <attribute name="GC Util" value="192" />
  <attribute name="CPU Util" value="16737463303058" />
  <attribute name="Time Running"value="154266"/>
  <attribute name="Number of cores"value="16"/>
<gc-start id="2790" type="partial gc" contextid="2789" timestamp="2019-08-04T08:43:36.552">
  <mem-info id="2791" free="96468992" total="387973120" percent="24">
    <mem type="eden" free="2097032" total="104857600" percent="1" />
    <remembered-set count="9472" freebytes="15472512" totalbytes="15510400" percent="99" regionsoverflowed="0" regionsstable="9" regionsrebuilding="0"/>
  </mem-info>
</gc-start>
<allocation-stats totalBytes="102646088" >
  <allocated-bytes non-tlh="0" tlh="102646088" arrayletleaf="0"/>
  <largest-consumer threadName="main" threadId="0000000000C1FF00" bytes="102646088" />
</allocation-stats>
<gc-op id="2792" type="copy forward" timems="7.675" contextid="2789" timestamp="2019-08-04T08:43:36.561">
  <memory-copied type="eden" objects="25" bytes="1328" bytesdiscarded="696" />
  <memory-copied type="other" objects="12" bytes="288" bytesdiscarded="528" />
  <memory-cardclean objects="74" bytes="1944" />
  <remembered-set-cleared processed="1595" cleared="7" durationms="0.216" />
  <stringconstants candidates="13822" cleared="0"  />
</gc-op>
<gc-op id="2793" type="classunload" timems="0.009" contextid="2789" timestamp="2019-08-04T08:43:36.561">
  <classunload-info classloadercandidates="54" classloadersunloaded="0" classesunloaded="0" anonymousclassesunloaded="0" quiescems="0.000" setupms="0.009" scanms="0.000" postms="0.000" />
</gc-op>
<gc-end id="2794" type="partial gc" contextid="2789" durationms="8.689" usertimems="20.319" systemtimems="0.000" timestamp="2019-08-04T08:43:36.561" activeThreads="16">
  <mem-info id="2795" free="199229440" total="387973120" percent="51">
    <mem type="eden" free="2095128" total="2097152" percent="99" />
    <remembered-set count="9280" freebytes="15473280" totalbytes="15510400" percent="99" regionsoverflowed="0" regionsstable="9" regionsrebuilding="0"/>
  </mem-info>
</gc-end>
<cycle-end id="2796" type="partial gc" contextid="2789" timestamp="2019-08-04T08:43:36.561">
  <attribute name="GC Util" value="154" />
  <attribute name="CPU Util" value="41799398311686" />
  <attribute name="Time Running"value="154346"/>
  <attribute name="Number of cores"value="16"/>
</cycle-end>
<exclusive-end id="2797" timestamp="2019-08-04T08:43:36.561" durationms="9.315" />

<exclusive-start id="2798" timestamp="2019-08-04T08:43:36.598" intervalms="46.505">
  <response-info timems="0.023" idlems="0.023" threads="0" lastid="0000000000C1FF00" lastname="main" />
</exclusive-start>
<allocation-taxation id="2799" taxation-threshold="102760448" timestamp="2019-08-04T08:43:36.598" intervalms="46.499" />
<cycle-start id="2800" type="partial gc" contextid="0" timestamp="2019-08-04T08:43:36.598" intervalms="46.526" />
  <attribute name="GC Util" value="154" />
  <attribute name="CPU Util" value="41799398311686" />
  <attribute name="Time Running"value="154346"/>
  <attribute name="Number of cores"value="16"/>
<gc-start id="2801" type="partial gc" contextid="2800" timestamp="2019-08-04T08:43:36.599">
  <mem-info id="2802" free="96468992" total="387973120" percent="24">
    <mem type="eden" free="0" total="102760448" percent="0" />
    <remembered-set count="9280" freebytes="15473280" totalbytes="15510400" percent="99" regionsoverflowed="0" regionsstable="9" regionsrebuilding="0"/>
  </mem-info>
</gc-start>
<allocation-stats totalBytes="102618024" >
  <allocated-bytes non-tlh="0" tlh="102618024" arrayletleaf="0"/>
  <largest-consumer threadName="main" threadId="0000000000C1FF00" bytes="102618024" />
</allocation-stats>
<gc-op id="2803" type="copy forward" timems="6.162" contextid="2800" timestamp="2019-08-04T08:43:36.606">
  <memory-copied type="eden" objects="4" bytes="112" bytesdiscarded="680" />
  <memory-copied type="other" objects="33" bytes="1504" bytesdiscarded="1848" />
  <memory-cardclean objects="46" bytes="1488" />
  <remembered-set-cleared processed="1596" cleared="8" durationms="0.328" />
  <stringconstants candidates="13822" cleared="0"  />
</gc-op>
<gc-op id="2804" type="classunload" timems="0.034" contextid="2800" timestamp="2019-08-04T08:43:36.606">
  <classunload-info classloadercandidates="54" classloadersunloaded="0" classesunloaded="0" anonymousclassesunloaded="0" quiescems="0.000" setupms="0.034" scanms="0.000" postms="0.000" />
</gc-op>
<gc-end id="2805" type="partial gc" contextid="2800" durationms="7.236" usertimems="16.286" systemtimems="0.000" timestamp="2019-08-04T08:43:36.606" activeThreads="16">
  <mem-info id="2806" free="197132288" total="387973120" percent="50">
    <mem type="eden" free="2096360" total="2097152" percent="99" />
    <remembered-set count="9280" freebytes="15473280" totalbytes="15510400" percent="99" regionsoverflowed="0" regionsstable="9" regionsrebuilding="0"/>
  </mem-info>
</gc-end>
<cycle-end id="2807" type="partial gc" contextid="2800" timestamp="2019-08-04T08:43:36.606">
  <attribute name="GC Util" value="198" />
  <attribute name="CPU Util" value="36832418378765" />
  <attribute name="Time Running"value="154392"/>
  <attribute name="Number of cores"value="16"/>
</cycle-end>
<exclusive-end id="2808" timestamp="2019-08-04T08:43:36.606" durationms="7.834" />

* Round 4 done in 3.414 seconds.

-------------------------------------------------------------------------------
Benchmark: 2019-08-04 08:43:08
-------------------------------------------------------------------------------

    Rounds: 4
    Warp:   10
    Timer:  time.time

Test                             minimum  average  operation  overhead
-------------------------------------------------------------------------------
          BuiltinFunctionCalls:     29ms     69ms    0.14us    0.000ms
           BuiltinMethodLookup:     44ms    117ms    0.11us    0.000ms
                 CompareFloats:     17ms    139ms    0.12us    0.000ms
         CompareFloatsIntegers:     19ms     93ms    0.10us    0.000ms
               CompareIntegers:     25ms     84ms    0.05us    0.000ms
        CompareInternedStrings:     39ms    130ms    0.09us    0.000ms
                  CompareLongs:     17ms     48ms    0.05us    0.000ms
                CompareStrings:     31ms     76ms    0.08us    0.000ms
                CompareUnicode:     25ms     60ms    0.08us    0.000ms
                 ConcatStrings:    242ms    412ms    0.82us    0.000ms
                 ConcatUnicode:    153ms    268ms    0.89us    0.000ms
               CreateInstances:     84ms    127ms    1.13us    0.000ms
            CreateNewInstances:    104ms    153ms    1.82us    0.000ms
       CreateStringsWithConcat:    110ms    193ms    0.19us    0.000ms
       CreateUnicodeWithConcat:     48ms     84ms    0.21us    0.000ms
                  DictCreation:    112ms    198ms    0.50us    0.000ms
             DictWithFloatKeys:     16ms     92ms    0.10us    0.000ms
           DictWithIntegerKeys:     18ms     70ms    0.06us    0.000ms
            DictWithStringKeys:     20ms     71ms    0.06us    0.000ms
                      ForLoops:    102ms    201ms    8.02us    0.000ms
                    IfThenElse:     22ms     89ms    0.07us    0.000ms
                   ListSlicing:     22ms     40ms    2.87us    0.000ms
                NestedForLoops:     89ms    186ms    0.12us    0.000ms
          NormalClassAttribute:     25ms     74ms    0.06us    0.000ms
       NormalInstanceAttribute:     33ms     82ms    0.07us    0.000ms
           PythonFunctionCalls:     42ms    115ms    0.35us    0.000ms
             PythonMethodCalls:     35ms    104ms    0.46us    0.000ms
                     Recursion:     46ms    174ms    3.48us    0.000ms
                  SecondImport:     52ms    116ms    1.16us    0.000ms
           SecondPackageImport:     41ms     69ms    0.69us    0.000ms
         SecondSubmoduleImport:     72ms    110ms    1.10us    0.000ms
       SimpleComplexArithmetic:     16ms    107ms    0.12us    0.000ms
        SimpleDictManipulation:     71ms    204ms    0.17us    0.000ms
         SimpleFloatArithmetic:     20ms    129ms    0.10us    0.000ms
      SimpleIntFloatArithmetic:     20ms    118ms    0.09us    0.000ms
       SimpleIntegerArithmetic:     21ms     79ms    0.06us    0.000ms
        SimpleListManipulation:     44ms    141ms    0.12us    0.000ms
          SimpleLongArithmetic:     31ms     97ms    0.15us    0.000ms
                    SmallLists:     90ms    133ms    0.20us    0.000ms
                   SmallTuples:     97ms    187ms    0.35us    0.000ms
         SpecialClassAttribute:     27ms     66ms    0.06us    0.000ms
      SpecialInstanceAttribute:     24ms     77ms    0.06us    0.000ms
                StringMappings:    113ms    300ms    1.19us    0.000ms
              StringPredicates:     58ms    137ms    0.20us    0.000ms
                 StringSlicing:     92ms    181ms    0.32us    0.000ms
                     TryExcept:      2ms     33ms    0.01us    0.000ms
                TryRaiseExcept:    102ms    160ms    2.50us    0.000ms
                  TupleSlicing:     42ms     72ms    0.27us    0.000ms
               UnicodeMappings:    100ms    223ms    6.19us    0.000ms
             UnicodePredicates:     48ms     97ms    0.18us    0.000ms
             UnicodeProperties:    363ms    574ms    1.43us    0.000ms
                UnicodeSlicing:     84ms    121ms    0.25us    0.000ms
-------------------------------------------------------------------------------
Totals:                           3199ms   7079ms

===== DaCapo 9.12-MR1 jython PASSED in 32711 msec =====
<exclusive-start id="2809" timestamp="2019-08-04T08:43:36.805" intervalms="206.472">
  <response-info timems="0.065" idlems="0.065" threads="0" lastid="0000000000C1FF00" lastname="main" />
</exclusive-start>
<allocation-taxation id="2810" taxation-threshold="102760448" timestamp="2019-08-04T08:43:36.805" intervalms="206.484" />
<cycle-start id="2811" type="partial gc" contextid="0" timestamp="2019-08-04T08:43:36.805" intervalms="206.489" />
  <attribute name="GC Util" value="198" />
  <attribute name="CPU Util" value="36832418378765" />
  <attribute name="Time Running"value="154392"/>
  <attribute name="Number of cores"value="16"/>
<gc-start id="2812" type="partial gc" contextid="2811" timestamp="2019-08-04T08:43:36.805">
  <mem-info id="2813" free="94371840" total="387973120" percent="24">
    <mem type="eden" free="2588128" total="104857600" percent="2" />
    <remembered-set count="7424" freebytes="15480704" totalbytes="15510400" percent="99" regionsoverflowed="0" regionsstable="10" regionsrebuilding="0"/>
  </mem-info>
</gc-start>
<allocation-stats totalBytes="90366128" >
  <allocated-bytes non-tlh="17262448" tlh="73103680" arrayletleaf="0"/>
  <largest-consumer threadName="main" threadId="0000000000C1FF00" bytes="90366128" />
</allocation-stats>
<gc-op id="2814" type="copy forward" timems="7.538" contextid="2811" timestamp="2019-08-04T08:43:36.814">
  <memory-copied type="eden" objects="4819" bytes="658536" bytesdiscarded="47832" />
  <memory-copied type="other" objects="6" bytes="144" bytesdiscarded="648" />
  <memory-cardclean objects="606" bytes="38056" />
  <remembered-set-cleared processed="270" cleared="17" durationms="0.165" />
  <finalization candidates="1" enqueued="1" />
  <ownableSynchronizers candidates="3" cleared="3" />
  <references type="soft" candidates="5" cleared="0" enqueued="0" dynamicThreshold="16" maxThreshold="32" />
  <references type="weak" candidates="70" cleared="58" enqueued="58" />
  <references type="phantom" candidates="38" cleared="11" enqueued="11" />
  <stringconstants candidates="14235" cleared="0"  />
</gc-op>
<gc-op id="2815" type="classunload" timems="0.012" contextid="2811" timestamp="2019-08-04T08:43:36.814">
  <classunload-info classloadercandidates="55" classloadersunloaded="0" classesunloaded="0" anonymousclassesunloaded="0" quiescems="0.000" setupms="0.012" scanms="0.000" postms="0.000" />
</gc-op>
<gc-end id="2816" type="partial gc" contextid="2811" durationms="8.737" usertimems="22.205" systemtimems="0.000" timestamp="2019-08-04T08:43:36.814" activeThreads="16">
  <mem-info id="2817" free="197132288" total="387973120" percent="50">
    <mem type="eden" free="1390664" total="2097152" percent="66" />
    <pending-finalizers system="1" default="0" reference="69" classloader="0" />
    <remembered-set count="9216" freebytes="15473536" totalbytes="15510400" percent="99" regionsoverflowed="0" regionsstable="10" regionsrebuilding="0"/>
  </mem-info>
</gc-end>
<cycle-end id="2818" type="partial gc" contextid="2811" timestamp="2019-08-04T08:43:36.815">
  <attribute name="GC Util" value="120" />
  <attribute name="CPU Util" value="36056683023577" />
  <attribute name="Time Running"value="154599"/>
  <attribute name="Number of cores"value="16"/>
</cycle-end>
<exclusive-end id="2819" timestamp="2019-08-04T08:43:36.815" durationms="9.945" />

<exclusive-start id="2820" timestamp="2019-08-04T08:43:36.827" intervalms="21.937">
  <response-info timems="0.061" idlems="0.061" threads="0" lastid="0000000000C1FF00" lastname="main" />
</exclusive-start>
<sys-start reason="explicit" id="2821" timestamp="2019-08-04T08:43:36.827" intervalms="32947.681" />
<cycle-start id="2822" type="global garbage collect" contextid="0" timestamp="2019-08-04T08:43:36.827" intervalms="32947.717" />
  <attribute name="GC Util" value="120" />
  <attribute name="CPU Util" value="36056683023577" />
  <attribute name="Time Running"value="154599"/>
  <attribute name="Number of cores"value="16"/>
<gc-start id="2823" type="global garbage collect" contextid="2822" timestamp="2019-08-04T08:43:36.827">
  <mem-info id="2824" free="113651200" total="387973120" percent="29">
    <mem type="eden" free="2502144" total="85983232" percent="2" />
    <remembered-set count="8864" freebytes="15474944" totalbytes="15510400" percent="99" regionsoverflowed="0" regionsstable="10" regionsrebuilding="0"/>
  </mem-info>
</gc-start>
<allocation-stats totalBytes="80663296" >
  <allocated-bytes non-tlh="57481488" tlh="23181808" arrayletleaf="0"/>
  <largest-consumer threadName="main" threadId="0000000000C1FF00" bytes="80663296" />
</allocation-stats>
<gc-op id="2825" type="global mark" timems="14.095" contextid="2822" timestamp="2019-08-04T08:43:36.841">
  <trace-info objectcount="610762" scancount="527890" scanbytes="13681112" />
  <finalization candidates="80" enqueued="0" />
  <ownableSynchronizers candidates="21" cleared="0" />
  <references type="soft" candidates="4862" cleared="0" enqueued="0" dynamicThreshold="16" maxThreshold="32" />
  <references type="weak" candidates="5758" cleared="2" enqueued="2" />
  <references type="phantom" candidates="121" cleared="0" enqueued="0" />
  <stringconstants candidates="14235" cleared="0"  />
</gc-op>
<gc-op id="2826" type="classunload" timems="0.011" contextid="2822" timestamp="2019-08-04T08:43:36.841">
  <classunload-info classloadercandidates="55" classloadersunloaded="0" classesunloaded="0" anonymousclassesunloaded="0" quiescems="0.000" setupms="0.011" scanms="0.000" postms="0.000" />
</gc-op>
<gc-op id="2827" type="sweep" timems="2.159" contextid="2822" timestamp="2019-08-04T08:43:36.844" />
<gc-op id="2828" type="compact" timems="29.927" contextid="2822" timestamp="2019-08-04T08:43:36.874">
  <compact-info movecount="610727" movebytes="18749024" />
  <remembered-set-cleared processed="99751" cleared="99751" durationms="0.413" />
</gc-op>
<gc-end id="2829" type="global garbage collect" contextid="2822" durationms="47.155" usertimems="195.106" systemtimems="0.000" timestamp="2019-08-04T08:43:36.874" activeThreads="16">
  <mem-info id="2830" free="358612992" total="387973120" percent="92">
    <pending-finalizers system="0" default="0" reference="2" classloader="0" />
    <remembered-set count="41472" freebytes="15344512" totalbytes="15510400" percent="98" regionsoverflowed="0" regionsstable="0" regionsrebuilding="0"/>
  </mem-info>
</gc-end>
<cycle-end id="2831" type="global garbage collect" contextid="2822" timestamp="2019-08-04T08:43:36.874">
  <attribute name="GC Util" value="186" />
  <attribute name="CPU Util" value="8117821722000" />
  <attribute name="Time Running"value="154637"/>
  <attribute name="Number of cores"value="16"/>
</cycle-end>
<sys-end id="2832" timestamp="2019-08-04T08:43:36.874" />
<exclusive-end id="2833" timestamp="2019-08-04T08:43:36.874" durationms="47.816" />

===== DaCapo 9.12-MR1 pmd starting =====
<exclusive-start id="2834" timestamp="2019-08-04T08:43:38.109" intervalms="1282.643">
  <response-info timems="5.211" idlems="2.971" threads="3" lastid="0000000000F52200" lastname="PmdThread 16" />
</exclusive-start>
<allocation-taxation id="2835" taxation-threshold="102760448" timestamp="2019-08-04T08:43:38.110" intervalms="1304.598" />
<cycle-start id="2836" type="partial gc" contextid="0" timestamp="2019-08-04T08:43:38.110" intervalms="1305.570" />
  <attribute name="GC Util" value="186" />
  <attribute name="CPU Util" value="8117821722000" />
  <attribute name="Time Running"value="154637"/>
  <attribute name="Number of cores"value="16"/>
<gc-start id="2837" type="partial gc" contextid="2836" timestamp="2019-08-04T08:43:38.111">
  <mem-info id="2838" free="255852544" total="387973120" percent="65">
    <mem type="eden" free="0" total="102760448" percent="0" />
    <remembered-set count="41312" freebytes="15345152" totalbytes="15510400" percent="98" regionsoverflowed="0" regionsstable="0" regionsrebuilding="0"/>
  </mem-info>
</gc-start>
<allocation-stats totalBytes="102664800" >
  <allocated-bytes non-tlh="601888" tlh="102062912" arrayletleaf="0"/>
  <largest-consumer threadName="PmdThread 9" threadId="0000000000F03400" bytes="10245392" />
</allocation-stats>
<gc-op id="2839" type="copy forward" timems="19.257" contextid="2836" timestamp="2019-08-04T08:43:38.133">
  <memory-copied type="eden" objects="212128" bytes="10254016" bytesdiscarded="827688" />
  <memory-copied type="other" objects="0" bytes="0" bytesdiscarded="0" />
  <memory-cardclean objects="1650" bytes="76608" />
  <remembered-set-cleared processed="36870" cleared="292" durationms="0.245" />
  <finalization candidates="4" enqueued="0" />
  <ownableSynchronizers candidates="19" cleared="0" />
  <references type="soft" candidates="144" cleared="0" enqueued="0" dynamicThreshold="29" maxThreshold="32" />
  <references type="weak" candidates="1529" cleared="1149" enqueued="1073" />
  <references type="phantom" candidates="342" cleared="169" enqueued="169" />
  <stringconstants candidates="15742" cleared="4"  />
</gc-op>
<gc-op id="2840" type="classunload" timems="0.012" contextid="2836" timestamp="2019-08-04T08:43:38.133">
  <classunload-info classloadercandidates="58" classloadersunloaded="0" classesunloaded="0" anonymousclassesunloaded="0" quiescems="0.000" setupms="0.011" scanms="0.000" postms="0.000" />
</gc-op>
<heap-resize id="2841" type="contract" space="default" amount="20971520" count="1" timems="0.146" reason="excess free space following gc" timestamp="2019-08-04T08:43:38.133" />
<gc-end id="2842" type="partial gc" contextid="2836" durationms="22.174" usertimems="58.820" systemtimems="0.000" timestamp="2019-08-04T08:43:38.133" activeThreads="16">
  <mem-info id="2843" free="325058560" total="367001600" percent="88">
    <mem type="eden" free="1479640" total="12582912" percent="11" />
    <pending-finalizers system="0" default="0" reference="1242" classloader="0" />
    <remembered-set count="65056" freebytes="15250176" totalbytes="15510400" percent="98" regionsoverflowed="0" regionsstable="0" regionsrebuilding="0"/>
  </mem-info>
</gc-end>
<cycle-end id="2844" type="partial gc" contextid="2836" timestamp="2019-08-04T08:43:38.136">
  <attribute name="GC Util" value="32" />
  <attribute name="CPU Util" value="8551128898348" />
  <attribute name="Time Running"value="155906"/>
  <attribute name="Number of cores"value="16"/>
</cycle-end>
<exclusive-end id="2845" timestamp="2019-08-04T08:43:38.137" durationms="27.688" />

<exclusive-start id="2846" timestamp="2019-08-04T08:43:38.495" intervalms="385.762">
  <response-info timems="1.005" idlems="0.537" threads="1" lastid="0000000000F61100" lastname="PmdThread 14" />
</exclusive-start>
<allocation-taxation id="2847" taxation-threshold="98566144" timestamp="2019-08-04T08:43:38.495" intervalms="385.743" />
<cycle-start id="2848" type="partial gc" contextid="0" timestamp="2019-08-04T08:43:38.495" intervalms="384.833" />
  <attribute name="GC Util" value="32" />
  <attribute name="CPU Util" value="8551128898348" />
  <attribute name="Time Running"value="155906"/>
  <attribute name="Number of cores"value="16"/>
<gc-start id="2849" type="partial gc" contextid="2848" timestamp="2019-08-04T08:43:38.496">
  <mem-info id="2850" free="226492416" total="367001600" percent="61">
    <mem type="eden" free="0" total="98566144" percent="0" />
    <remembered-set count="30880" freebytes="15386880" totalbytes="15510400" percent="99" regionsoverflowed="0" regionsstable="8" regionsrebuilding="0"/>
  </mem-info>
</gc-start>
<allocation-stats totalBytes="98525016" >
  <allocated-bytes non-tlh="31744" tlh="98493272" arrayletleaf="0"/>
  <largest-consumer threadName="PmdThread 5" threadId="0000000000F06F00" bytes="18031968" />
</allocation-stats>
<gc-op id="2851" type="copy forward" timems="29.274" contextid="2848" timestamp="2019-08-04T08:43:38.530">
  <memory-copied type="eden" objects="265745" bytes="11768704" bytesdiscarded="858704" />
  <memory-copied type="other" objects="129734" bytes="4877200" bytesdiscarded="577336" />
  <memory-cardclean objects="868" bytes="50840" />
  <remembered-set-cleared processed="16774" cleared="1636" durationms="0.234" />
  <finalization candidates="4" enqueued="0" />
  <ownableSynchronizers candidates="19" cleared="0" />
  <references type="soft" candidates="155" cleared="0" enqueued="0" dynamicThreshold="28" maxThreshold="32" />
  <references type="weak" candidates="1413" cleared="1031" enqueued="1031" />
  <references type="phantom" candidates="285" cleared="109" enqueued="109" />
  <stringconstants candidates="15829" cleared="0"  />
</gc-op>
<gc-op id="2852" type="classunload" timems="0.014" contextid="2848" timestamp="2019-08-04T08:43:38.530">
  <classunload-info classloadercandidates="58" classloadersunloaded="0" classesunloaded="0" anonymousclassesunloaded="0" quiescems="0.000" setupms="0.014" scanms="0.000" postms="0.000" />
</gc-op>
<heap-resize id="2853" type="contract" space="default" amount="18874368" count="1" timems="0.158" reason="excess free space following gc" timestamp="2019-08-04T08:43:38.531" />
<gc-end id="2854" type="partial gc" contextid="2848" durationms="35.370" usertimems="111.384" systemtimems="8.683" timestamp="2019-08-04T08:43:38.531" activeThreads="16">
  <mem-info id="2855" free="297795584" total="348127232" percent="85">
    <mem type="eden" free="2011520" total="14680064" percent="13" />
    <pending-finalizers system="0" default="0" reference="1140" classloader="0" />
    <remembered-set count="46880" freebytes="14484480" totalbytes="14672000" percent="98" regionsoverflowed="0" regionsstable="8" regionsrebuilding="0"/>
  </mem-info>
</gc-end>
<cycle-end id="2856" type="partial gc" contextid="2848" timestamp="2019-08-04T08:43:38.531">
  <attribute name="GC Util" value="121" />
  <attribute name="CPU Util" value="3762048734099" />
  <attribute name="Time Running"value="156294"/>
  <attribute name="Number of cores"value="16"/>
</cycle-end>
<exclusive-end id="2857" timestamp="2019-08-04T08:43:38.531" durationms="36.409" />

<exclusive-start id="2858" timestamp="2019-08-04T08:43:38.978" intervalms="482.758">
  <response-info timems="2.155" idlems="1.105" threads="1" lastid="0000000000C2EF00" lastname="JIT Compilation Thread-3" />
</exclusive-start>
<allocation-taxation id="2859" taxation-threshold="94371840" timestamp="2019-08-04T08:43:38.978" intervalms="482.751" />
<cycle-start id="2860" type="partial gc" contextid="0" timestamp="2019-08-04T08:43:38.978" intervalms="482.669" />
  <attribute name="GC Util" value="121" />
  <attribute name="CPU Util" value="3762048734099" />
  <attribute name="Time Running"value="156294"/>
  <attribute name="Number of cores"value="16"/>
<gc-start id="2861" type="partial gc" contextid="2860" timestamp="2019-08-04T08:43:38.978">
  <mem-info id="2862" free="203423744" total="348127232" percent="58">
    <mem type="eden" free="0" total="94371840" percent="0" />
    <remembered-set count="46784" freebytes="14484864" totalbytes="14672000" percent="98" regionsoverflowed="0" regionsstable="8" regionsrebuilding="0"/>
  </mem-info>
</gc-start>
<allocation-stats totalBytes="94326152" >
  <allocated-bytes non-tlh="20264" tlh="94305888" arrayletleaf="0"/>
  <largest-consumer threadName="PmdThread 7" threadId="0000000000F37A00" bytes="15433632" />
</allocation-stats>
<gc-op id="2863" type="copy forward" timems="38.022" contextid="2860" timestamp="2019-08-04T08:43:39.024">
  <memory-copied type="eden" objects="257131" bytes="11750000" bytesdiscarded="1254520" />
  <memory-copied type="other" objects="242503" bytes="9261152" bytesdiscarded="1199464" />
  <memory-cardclean objects="834" bytes="53416" />
  <remembered-set-cleared processed="17156" cleared="2023" durationms="0.221" />
  <finalization candidates="4" enqueued="0" />
  <ownableSynchronizers candidates="19" cleared="0" />
  <references type="soft" candidates="155" cleared="0" enqueued="0" dynamicThreshold="27" maxThreshold="32" />
  <references type="weak" candidates="1214" cleared="832" enqueued="831" />
  <references type="phantom" candidates="296" cleared="120" enqueued="120" />
  <stringconstants candidates="15920" cleared="0"  />
</gc-op>
<gc-op id="2864" type="classunload" timems="0.013" contextid="2860" timestamp="2019-08-04T08:43:39.024">
  <classunload-info classloadercandidates="58" classloadersunloaded="0" classesunloaded="0" anonymousclassesunloaded="0" quiescems="0.000" setupms="0.013" scanms="0.000" postms="0.000" />
</gc-op>
<heap-resize id="2865" type="contract" space="default" amount="18874368" count="1" timems="0.149" reason="excess free space following gc" timestamp="2019-08-04T08:43:39.024" />
<gc-end id="2866" type="partial gc" contextid="2860" durationms="45.806" usertimems="123.197" systemtimems="4.258" timestamp="2019-08-04T08:43:39.024" activeThreads="16">
  <mem-info id="2867" free="272629760" total="329252864" percent="82">
    <mem type="eden" free="1645392" total="14680064" percent="11" />
    <pending-finalizers system="0" default="0" reference="951" classloader="0" />
    <remembered-set count="54048" freebytes="13701248" totalbytes="13917440" percent="98" regionsoverflowed="0" regionsstable="8" regionsrebuilding="0"/>
  </mem-info>
</gc-end>
<cycle-end id="2868" type="partial gc" contextid="2860" timestamp="2019-08-04T08:43:39.025">
  <attribute name="GC Util" value="40" />
  <attribute name="CPU Util" value="2793608311094" />
  <attribute name="Time Running"value="156778"/>
  <attribute name="Number of cores"value="16"/>
</cycle-end>
<exclusive-end id="2869" timestamp="2019-08-04T08:43:39.025" durationms="46.996" />

<exclusive-start id="2870" timestamp="2019-08-04T08:43:39.219" intervalms="240.721">
  <response-info timems="1.615" idlems="1.057" threads="2" lastid="0000000000F0E700" lastname="PmdThread 15" />
</exclusive-start>
<allocation-taxation id="2871" taxation-threshold="90177536" timestamp="2019-08-04T08:43:39.219" intervalms="240.786" />
<cycle-start id="2872" type="partial gc" contextid="0" timestamp="2019-08-04T08:43:39.219" intervalms="240.841" />
  <attribute name="GC Util" value="40" />
  <attribute name="CPU Util" value="2793608311094" />
  <attribute name="Time Running"value="156778"/>
  <attribute name="Number of cores"value="16"/>
<gc-start id="2873" type="partial gc" contextid="2872" timestamp="2019-08-04T08:43:39.219">
  <mem-info id="2874" free="182452224" total="329252864" percent="55">
    <mem type="eden" free="0" total="90177536" percent="0" />
    <remembered-set count="53600" freebytes="13703040" totalbytes="13917440" percent="98" regionsoverflowed="0" regionsstable="8" regionsrebuilding="0"/>
  </mem-info>
</gc-start>
<allocation-stats totalBytes="90132368" >
  <allocated-bytes non-tlh="24008" tlh="90108360" arrayletleaf="0"/>
  <largest-consumer threadName="PmdThread 4" threadId="0000000000F55E00" bytes="11832696" />
</allocation-stats>
<gc-op id="2875" type="copy forward" timems="37.054" contextid="2872" timestamp="2019-08-04T08:43:39.259">
  <memory-copied type="eden" objects="149758" bytes="7303344" bytesdiscarded="1111960" />
  <memory-copied type="other" objects="327423" bytes="12508128" bytesdiscarded="1131944" />
  <memory-cardclean objects="5442" bytes="253144" />
  <remembered-set-cleared processed="19995" cleared="4586" durationms="0.604" />
  <finalization candidates="1" enqueued="0" />
  <references type="soft" candidates="24" cleared="0" enqueued="0" dynamicThreshold="26" maxThreshold="32" />
  <references type="weak" candidates="1190" cleared="916" enqueued="909" />
  <references type="phantom" candidates="116" cleared="116" enqueued="116" />
  <stringconstants candidates="15997" cleared="0"  />
</gc-op>
<gc-op id="2876" type="classunload" timems="0.013" contextid="2872" timestamp="2019-08-04T08:43:39.259">
  <classunload-info classloadercandidates="58" classloadersunloaded="0" classesunloaded="0" anonymousclassesunloaded="0" quiescems="0.000" setupms="0.013" scanms="0.000" postms="0.000" />
</gc-op>
<heap-resize id="2877" type="contract" space="default" amount="16777216" count="1" timems="0.141" reason="excess free space following gc" timestamp="2019-08-04T08:43:39.260" />
<gc-end id="2878" type="partial gc" contextid="2872" durationms="40.761" usertimems="121.254" systemtimems="9.667" timestamp="2019-08-04T08:43:39.260" activeThreads="16">
  <mem-info id="2879" free="251658240" total="312475648" percent="80">
    <mem type="eden" free="2055104" total="10485760" percent="19" />
    <pending-finalizers system="0" default="0" reference="1025" classloader="0" />
    <remembered-set count="57280" freebytes="12933760" totalbytes="13162880" percent="98" regionsoverflowed="0" regionsstable="8" regionsrebuilding="0"/>
  </mem-info>
</gc-end>
<cycle-end id="2880" type="partial gc" contextid="2872" timestamp="2019-08-04T08:43:39.260">
  <attribute name="GC Util" value="44" />
  <attribute name="CPU Util" value="8962008083142" />
  <attribute name="Time Running"value="157015"/>
  <attribute name="Number of cores"value="16"/>
</cycle-end>
<exclusive-end id="2881" timestamp="2019-08-04T08:43:39.261" durationms="42.057" />

<exclusive-start id="2882" timestamp="2019-08-04T08:43:39.500" intervalms="281.120">
  <response-info timems="0.225" idlems="0.115" threads="1" lastid="0000000000F4AA00" lastname="PmdThread 1" />
</exclusive-start>
<allocation-taxation id="2883" taxation-threshold="85983232" timestamp="2019-08-04T08:43:39.500" intervalms="281.053" />
<cycle-start id="2884" type="partial gc" contextid="0" timestamp="2019-08-04T08:43:39.500" intervalms="280.979" />
  <attribute name="GC Util" value="44" />
  <attribute name="CPU Util" value="8962008083142" />
  <attribute name="Time Running"value="157015"/>
  <attribute name="Number of cores"value="16"/>
<gc-start id="2885" type="partial gc" contextid="2884" timestamp="2019-08-04T08:43:39.501">
  <mem-info id="2886" free="165675008" total="312475648" percent="53">
    <mem type="eden" free="0" total="85983232" percent="0" />
    <remembered-set count="56928" freebytes="12935168" totalbytes="13162880" percent="98" regionsoverflowed="0" regionsstable="8" regionsrebuilding="0"/>
  </mem-info>
</gc-start>
<allocation-stats totalBytes="85938856" >
  <allocated-bytes non-tlh="459112" tlh="85479744" arrayletleaf="0"/>
  <largest-consumer threadName="PmdThread 16" threadId="0000000000F52200" bytes="9545616" />
</allocation-stats>
<gc-op id="2887" type="copy forward" timems="28.914" contextid="2884" timestamp="2019-08-04T08:43:39.533">
  <memory-copied type="eden" objects="76126" bytes="4642904" bytesdiscarded="770656" />
  <memory-copied type="other" objects="244814" bytes="9036016" bytesdiscarded="866448" />
  <memory-cardclean objects="25299" bytes="1295440" />
  <remembered-set-cleared processed="33011" cleared="13352" durationms="0.431" />
  <references type="soft" candidates="5" cleared="0" enqueued="0" dynamicThreshold="25" maxThreshold="32" />
  <references type="weak" candidates="1125" cleared="1117" enqueued="1110" />
  <references type="phantom" candidates="113" cleared="111" enqueued="111" />
  <stringconstants candidates="16075" cleared="0"  />
</gc-op>
<gc-op id="2888" type="classunload" timems="0.012" contextid="2884" timestamp="2019-08-04T08:43:39.533">
  <classunload-info classloadercandidates="58" classloadersunloaded="0" classesunloaded="0" anonymousclassesunloaded="0" quiescems="0.000" setupms="0.012" scanms="0.000" postms="0.000" />
</gc-op>
<heap-resize id="2889" type="contract" space="default" amount="16777216" count="1" timems="0.296" reason="excess free space following gc" timestamp="2019-08-04T08:43:39.533" />
<gc-end id="2890" type="partial gc" contextid="2884" durationms="32.033" usertimems="108.444" systemtimems="27.057" timestamp="2019-08-04T08:43:39.533" activeThreads="16">
  <mem-info id="2891" free="234881024" total="295698432" percent="79">
    <mem type="eden" free="866440" total="6291456" percent="13" />
    <pending-finalizers system="0" default="0" reference="1221" classloader="0" />
    <remembered-set count="56960" freebytes="12264320" totalbytes="12492160" percent="98" regionsoverflowed="0" regionsstable="8" regionsrebuilding="0"/>
  </mem-info>
</gc-end>
<cycle-end id="2892" type="partial gc" contextid="2884" timestamp="2019-08-04T08:43:39.533">
  <attribute name="GC Util" value="48" />
  <attribute name="CPU Util" value="9419653631497" />
  <attribute name="Time Running"value="157296"/>
  <attribute name="Number of cores"value="16"/>
</cycle-end>
<exclusive-end id="2893" timestamp="2019-08-04T08:43:39.534" durationms="33.932" />

<exclusive-start id="2894" timestamp="2019-08-04T08:43:39.816" intervalms="316.281">
  <response-info timems="0.015" idlems="0.015" threads="0" lastid="0000000000F37A00" lastname="PmdThread 7" />
</exclusive-start>
<allocation-taxation id="2895" taxation-threshold="81788928" timestamp="2019-08-04T08:43:39.816" intervalms="316.272" />
<cycle-start id="2896" type="partial gc" contextid="0" timestamp="2019-08-04T08:43:39.816" intervalms="316.237" />
  <attribute name="GC Util" value="48" />
  <attribute name="CPU Util" value="9419653631497" />
  <attribute name="Time Running"value="157296"/>
  <attribute name="Number of cores"value="16"/>
<gc-start id="2897" type="partial gc" contextid="2896" timestamp="2019-08-04T08:43:39.816">
  <mem-info id="2898" free="153092096" total="295698432" percent="51">
    <mem type="eden" free="0" total="81788928" percent="0" />
    <remembered-set count="56864" freebytes="12264704" totalbytes="12492160" percent="98" regionsoverflowed="0" regionsstable="8" regionsrebuilding="0"/>
  </mem-info>
</gc-start>
<allocation-stats totalBytes="81737552" >
  <allocated-bytes non-tlh="26648" tlh="81710904" arrayletleaf="0"/>
  <largest-consumer threadName="PmdThread 7" threadId="0000000000F37A00" bytes="20125944" />
</allocation-stats>
<gc-op id="2899" type="copy forward" timems="18.427" contextid="2896" timestamp="2019-08-04T08:43:39.836">
  <memory-copied type="eden" objects="72045" bytes="3653928" bytesdiscarded="272000" />
  <memory-copied type="other" objects="126155" bytes="4966584" bytesdiscarded="411280" />
  <memory-cardclean objects="120916" bytes="5409608" />
  <remembered-set-cleared processed="31003" cleared="11126" durationms="0.236" />
  <references type="soft" candidates="8" cleared="0" enqueued="0" dynamicThreshold="25" maxThreshold="32" />
  <references type="weak" candidates="1934" cleared="1925" enqueued="1924" />
  <references type="phantom" candidates="106" cleared="106" enqueued="106" />
  <stringconstants candidates="16181" cleared="0"  />
</gc-op>
<gc-op id="2900" type="classunload" timems="0.013" contextid="2896" timestamp="2019-08-04T08:43:39.836">
  <classunload-info classloadercandidates="58" classloadersunloaded="0" classesunloaded="0" anonymousclassesunloaded="0" quiescems="0.000" setupms="0.013" scanms="0.000" postms="0.000" />
</gc-op>
<heap-resize id="2901" type="contract" space="default" amount="16777216" count="1" timems="0.637" reason="excess free space following gc" timestamp="2019-08-04T08:43:39.837" />
<gc-end id="2902" type="partial gc" contextid="2896" durationms="20.861" usertimems="67.987" systemtimems="4.315" timestamp="2019-08-04T08:43:39.837" activeThreads="16">
  <mem-info id="2903" free="220200960" total="278921216" percent="78">
    <mem type="eden" free="245344" total="4194304" percent="5" />
    <pending-finalizers system="0" default="0" reference="2030" classloader="0" />
    <remembered-set count="61472" freebytes="11575552" totalbytes="11821440" percent="97" regionsoverflowed="0" regionsstable="8" regionsrebuilding="0"/>
  </mem-info>
</gc-end>
<cycle-end id="2904" type="partial gc" contextid="2896" timestamp="2019-08-04T08:43:39.837">
  <attribute name="GC Util" value="101" />
  <attribute name="CPU Util" value="14519952666210" />
  <attribute name="Time Running"value="157611"/>
  <attribute name="Number of cores"value="16"/>
</cycle-end>
<exclusive-end id="2905" timestamp="2019-08-04T08:43:39.838" durationms="21.624" />

===== DaCapo 9.12-MR1 pmd PASSED in 3276 msec =====
Using scaled threading model. 16 processors detected, 16 threads used to drive the workload, in a possible range of [1,512]
<exclusive-start id="2906" timestamp="2019-08-04T08:43:40.300" intervalms="483.680">
  <response-info timems="0.021" idlems="0.021" threads="0" lastid="0000000000C1FF00" lastname="main" />
</exclusive-start>
<sys-start reason="explicit" id="2907" timestamp="2019-08-04T08:43:40.300" intervalms="3472.960" />
<cycle-start id="2908" type="global garbage collect" contextid="0" timestamp="2019-08-04T08:43:40.300" intervalms="3472.950" />
  <attribute name="GC Util" value="101" />
  <attribute name="CPU Util" value="14519952666210" />
  <attribute name="Time Running"value="157611"/>
  <attribute name="Number of cores"value="16"/>
<gc-start id="2909" type="global garbage collect" contextid="2908" timestamp="2019-08-04T08:43:40.300">
  <mem-info id="2910" free="152174584" total="278921216" percent="54">
    <mem type="eden" free="1179640" total="69206016" percent="1" />
    <remembered-set count="61472" freebytes="11575552" totalbytes="11821440" percent="97" regionsoverflowed="0" regionsstable="8" regionsrebuilding="0"/>
  </mem-info>
</gc-start>
<allocation-stats totalBytes="67977384" >
  <allocated-bytes non-tlh="2915224" tlh="65062160" arrayletleaf="0"/>
  <largest-consumer threadName="main" threadId="0000000000C1FF00" bytes="9693800" />
</allocation-stats>
<gc-op id="2911" type="global mark" timems="15.217" contextid="2908" timestamp="2019-08-04T08:43:40.316">
  <trace-info objectcount="621992" scancount="537220" scanbytes="14004552" />
  <finalization candidates="152" enqueued="1" />
  <ownableSynchronizers candidates="42" cleared="19" />
  <references type="soft" candidates="4896" cleared="0" enqueued="0" dynamicThreshold="25" maxThreshold="32" />
  <references type="weak" candidates="7166" cleared="930" enqueued="927" />
  <references type="phantom" candidates="306" cleared="15" enqueued="15" />
  <stringconstants candidates="16371" cleared="1767"  />
</gc-op>
<gc-op id="2912" type="classunload" timems="15.426" contextid="2908" timestamp="2019-08-04T08:43:40.331">
  <classunload-info classloadercandidates="59" classloadersunloaded="4" classesunloaded="1006" anonymousclassesunloaded="0" quiescems="0.000" setupms="7.778" scanms="7.552" postms="0.095" />
</gc-op>
<gc-op id="2913" type="sweep" timems="2.407" contextid="2908" timestamp="2019-08-04T08:43:40.334" />
<gc-op id="2914" type="compact" timems="47.843" contextid="2908" timestamp="2019-08-04T08:43:40.382">
  <compact-info movecount="621987" movebytes="20288440" />
  <remembered-set-cleared processed="112159" cleared="112159" durationms="0.369" />
</gc-op>
<heap-resize id="2915" type="contract" space="default" amount="14680064" count="1" timems="0.573" reason="excess free space following gc" timestamp="2019-08-04T08:43:40.383" />
<gc-end id="2916" type="global garbage collect" contextid="2908" durationms="82.673" usertimems="210.497" systemtimems="15.242" timestamp="2019-08-04T08:43:40.383" activeThreads="16">
  <mem-info id="2917" free="228589568" total="264241152" percent="86">
    <pending-finalizers system="1" default="0" reference="942" classloader="0" />
    <remembered-set count="46592" freebytes="11635072" totalbytes="11821440" percent="98" regionsoverflowed="0" regionsstable="0" regionsrebuilding="0"/>
  </mem-info>
</gc-end>
<cycle-end id="2918" type="global garbage collect" contextid="2908" timestamp="2019-08-04T08:43:40.385">
  <attribute name="GC Util" value="210" />
  <attribute name="CPU Util" value="7179453086060" />
  <attribute name="Time Running"value="158127"/>
  <attribute name="Number of cores"value="16"/>
</cycle-end>
<sys-end id="2919" timestamp="2019-08-04T08:43:40.385" />
<exclusive-end id="2920" timestamp="2019-08-04T08:43:40.385" durationms="85.369" />

===== DaCapo 9.12-MR1 sunflow starting =====
<exclusive-start id="2921" timestamp="2019-08-04T08:43:40.793" intervalms="493.459">
  <response-info timems="0.381" idlems="0.135" threads="6" lastid="0000000000F06F00" lastname="Thread-30" />
</exclusive-start>
<allocation-taxation id="2922" taxation-threshold="73400320" timestamp="2019-08-04T08:43:40.793" intervalms="977.390" />
<cycle-start id="2923" type="partial gc" contextid="0" timestamp="2019-08-04T08:43:40.794" intervalms="977.570" />
  <attribute name="GC Util" value="210" />
  <attribute name="CPU Util" value="7179453086060" />
  <attribute name="Time Running"value="158127"/>
  <attribute name="Number of cores"value="16"/>
<gc-start id="2924" type="partial gc" contextid="2923" timestamp="2019-08-04T08:43:40.794">
  <mem-info id="2925" free="155189248" total="264241152" percent="58">
    <mem type="eden" free="0" total="73400320" percent="0" />
    <remembered-set count="46240" freebytes="11636480" totalbytes="11821440" percent="98" regionsoverflowed="0" regionsstable="0" regionsrebuilding="0"/>
  </mem-info>
</gc-start>
<allocation-stats totalBytes="73276000" >
  <allocated-bytes non-tlh="3276544" tlh="69999456" arrayletleaf="0"/>
  <largest-consumer threadName="Thread-21" threadId="0000000000F2C700" bytes="10292776" />
</allocation-stats>
<gc-op id="2926" type="copy forward" timems="18.057" contextid="2923" timestamp="2019-08-04T08:43:40.815">
  <memory-copied type="eden" objects="110427" bytes="6463344" bytesdiscarded="939984" />
  <memory-copied type="other" objects="0" bytes="0" bytesdiscarded="0" />
  <memory-cardclean objects="265250" bytes="8597496" />
  <remembered-set-cleared processed="1296" cleared="905" durationms="0.361" />
  <references type="soft" candidates="15" cleared="0" enqueued="0" dynamicThreshold="27" maxThreshold="32" />
  <references type="weak" candidates="38" cleared="25" enqueued="25" />
  <references type="phantom" candidates="2" cleared="0" enqueued="0" />
  <stringconstants candidates="15157" cleared="1"  />
</gc-op>
<gc-op id="2927" type="classunload" timems="0.018" contextid="2923" timestamp="2019-08-04T08:43:40.815">
  <classunload-info classloadercandidates="55" classloadersunloaded="0" classesunloaded="0" anonymousclassesunloaded="0" quiescems="0.000" setupms="0.017" scanms="0.000" postms="0.000" />
</gc-op>
<heap-resize id="2928" type="contract" space="default" amount="14680064" count="1" timems="0.733" reason="excess free space following gc" timestamp="2019-08-04T08:43:40.816" />
<gc-end id="2929" type="partial gc" contextid="2923" durationms="21.925" usertimems="72.372" systemtimems="0.000" timestamp="2019-08-04T08:43:40.816" activeThreads="16">
  <mem-info id="2930" free="205520896" total="249561088" percent="82">
    <mem type="eden" free="984984" total="8388608" percent="11" />
    <pending-finalizers system="0" default="0" reference="25" classloader="0" />
    <remembered-set count="50944" freebytes="10360064" totalbytes="10563840" percent="98" regionsoverflowed="0" regionsstable="0" regionsrebuilding="0"/>
  </mem-info>
</gc-end>
<cycle-end id="2931" type="partial gc" contextid="2923" timestamp="2019-08-04T08:43:40.816">
  <attribute name="GC Util" value="82" />
  <attribute name="CPU Util" value="7752074375496" />
  <attribute name="Time Running"value="158589"/>
  <attribute name="Number of cores"value="16"/>
</cycle-end>
<exclusive-end id="2932" timestamp="2019-08-04T08:43:40.816" durationms="23.189" />

<exclusive-start id="2933" timestamp="2019-08-04T08:43:41.025" intervalms="232.167">
  <response-info timems="14.762" idlems="14.762" threads="0" lastid="0000000000F3B600" lastname="Thread-22" />
</exclusive-start>
<allocation-taxation id="2934" taxation-threshold="69206016" timestamp="2019-08-04T08:43:41.026" intervalms="232.139" />
<cycle-start id="2935" type="partial gc" contextid="0" timestamp="2019-08-04T08:43:41.026" intervalms="232.462" />
  <attribute name="GC Util" value="82" />
  <attribute name="CPU Util" value="7752074375496" />
  <attribute name="Time Running"value="158589"/>
  <attribute name="Number of cores"value="16"/>
<gc-start id="2936" type="partial gc" contextid="2935" timestamp="2019-08-04T08:43:41.026">
  <mem-info id="2937" free="136314880" total="249561088" percent="54">
    <mem type="eden" free="0" total="69206016" percent="0" />
    <remembered-set count="13568" freebytes="10509568" totalbytes="10563840" percent="99" regionsoverflowed="0" regionsstable="9" regionsrebuilding="0"/>
  </mem-info>
</gc-start>
<allocation-stats totalBytes="69197184" >
  <allocated-bytes non-tlh="168" tlh="69197016" arrayletleaf="0"/>
  <largest-consumer threadName="Thread-33" threadId="0000000000F61100" bytes="9640944" />
</allocation-stats>
<gc-op id="2938" type="copy forward" timems="16.581" contextid="2935" timestamp="2019-08-04T08:43:41.045">
  <memory-copied type="eden" objects="26837" bytes="944944" bytesdiscarded="329864" />
  <memory-copied type="other" objects="92819" bytes="5760168" bytesdiscarded="984968" />
  <memory-cardclean objects="12433" bytes="654032" />
  <remembered-set-cleared processed="3635" cleared="310" durationms="0.195" />
  <references type="soft" candidates="15" cleared="0" enqueued="0" dynamicThreshold="26" maxThreshold="32" />
  <references type="weak" candidates="13" cleared="0" enqueued="0" />
  <references type="phantom" candidates="2" cleared="0" enqueued="0" />
  <stringconstants candidates="15157" cleared="0"  />
</gc-op>
<gc-op id="2939" type="classunload" timems="0.014" contextid="2935" timestamp="2019-08-04T08:43:41.045">
  <classunload-info classloadercandidates="55" classloadersunloaded="0" classesunloaded="0" anonymousclassesunloaded="0" quiescems="0.000" setupms="0.014" scanms="0.000" postms="0.000" />
</gc-op>
<heap-resize id="2940" type="contract" space="default" amount="12582912" count="1" timems="0.551" reason="excess free space following gc" timestamp="2019-08-04T08:43:41.046" />
<gc-end id="2941" type="partial gc" contextid="2935" durationms="19.571" usertimems="43.492" systemtimems="21.246" timestamp="2019-08-04T08:43:41.046" activeThreads="16">
  <mem-info id="2942" free="190840832" total="236978176" percent="80">
    <mem type="eden" free="822344" total="2097152" percent="39" />
    <remembered-set count="15616" freebytes="9914496" totalbytes="9976960" percent="99" regionsoverflowed="0" regionsstable="9" regionsrebuilding="0"/>
  </mem-info>
</gc-end>
<cycle-end id="2943" type="partial gc" contextid="2935" timestamp="2019-08-04T08:43:41.046">
  <attribute name="GC Util" value="41" />
  <attribute name="CPU Util" value="8972867072986" />
  <attribute name="Time Running"value="158821"/>
  <attribute name="Number of cores"value="16"/>
</cycle-end>
<exclusive-end id="2944" timestamp="2019-08-04T08:43:41.046" durationms="20.831" />

<exclusive-start id="2945" timestamp="2019-08-04T08:43:41.142" intervalms="116.321">
  <response-info timems="1.621" idlems="1.621" threads="0" lastid="0000000000F0AB00" lastname="Thread-23" />
</exclusive-start>
<allocation-taxation id="2946" taxation-threshold="67108864" timestamp="2019-08-04T08:43:41.142" intervalms="116.499" />
<cycle-start id="2947" type="partial gc" contextid="0" timestamp="2019-08-04T08:43:41.142" intervalms="116.091" />
  <attribute name="GC Util" value="41" />
  <attribute name="CPU Util" value="8972867072986" />
  <attribute name="Time Running"value="158821"/>
  <attribute name="Number of cores"value="16"/>
<gc-start id="2948" type="partial gc" contextid="2947" timestamp="2019-08-04T08:43:41.143">
  <mem-info id="2949" free="123731968" total="236978176" percent="52">
    <mem type="eden" free="0" total="67108864" percent="0" />
    <remembered-set count="10720" freebytes="9934080" totalbytes="9976960" percent="99" regionsoverflowed="0" regionsstable="10" regionsrebuilding="0"/>
  </mem-info>
</gc-start>
<allocation-stats totalBytes="67100688" >
  <allocated-bytes non-tlh="0" tlh="67100688" arrayletleaf="0"/>
  <largest-consumer threadName="Thread-24" threadId="0000000000F21300" bytes="7687304" />
</allocation-stats>
<gc-op id="2950" type="copy forward" timems="18.305" contextid="2947" timestamp="2019-08-04T08:43:41.163">
  <memory-copied type="eden" objects="27411" bytes="799488" bytesdiscarded="95240" />
  <memory-copied type="other" objects="80296" bytes="4407000" bytesdiscarded="374912" />
  <memory-cardclean objects="19159" bytes="1179416" />
  <remembered-set-cleared processed="1618" cleared="857" durationms="0.115" />
  <references type="soft" candidates="8" cleared="0" enqueued="0" dynamicThreshold="25" maxThreshold="32" />
  <references type="weak" candidates="4" cleared="0" enqueued="0" />
  <references type="phantom" candidates="2" cleared="0" enqueued="0" />
  <stringconstants candidates="15157" cleared="0"  />
</gc-op>
<gc-op id="2951" type="classunload" timems="0.017" contextid="2947" timestamp="2019-08-04T08:43:41.163">
  <classunload-info classloadercandidates="55" classloadersunloaded="0" classesunloaded="0" anonymousclassesunloaded="0" quiescems="0.000" setupms="0.017" scanms="0.000" postms="0.000" />
</gc-op>
<heap-resize id="2952" type="contract" space="default" amount="12582912" count="1" timems="0.679" reason="excess free space following gc" timestamp="2019-08-04T08:43:41.164" />
<gc-end id="2953" type="partial gc" contextid="2947" durationms="21.158" usertimems="51.598" systemtimems="27.000" timestamp="2019-08-04T08:43:41.164" activeThreads="16">
  <mem-info id="2954" free="174063616" total="224395264" percent="77">
    <mem type="eden" free="3299576" total="4194304" percent="78" />
    <remembered-set count="14944" freebytes="9414144" totalbytes="9473920" percent="99" regionsoverflowed="0" regionsstable="10" regionsrebuilding="0"/>
  </mem-info>
</gc-end>
<cycle-end id="2955" type="partial gc" contextid="2947" timestamp="2019-08-04T08:43:41.164">
  <attribute name="GC Util" value="79" />
  <attribute name="CPU Util" value="12176518171177" />
  <attribute name="Time Running"value="158937"/>
  <attribute name="Number of cores"value="16"/>
</cycle-end>
<exclusive-end id="2956" timestamp="2019-08-04T08:43:41.164" durationms="22.303" />

<exclusive-start id="2957" timestamp="2019-08-04T08:43:41.308" intervalms="166.190">
  <response-info timems="8.169" idlems="8.169" threads="0" lastid="0000000000F64D00" lastname="Thread-32" />
</exclusive-start>
<allocation-taxation id="2958" taxation-threshold="62914560" timestamp="2019-08-04T08:43:41.308" intervalms="165.802" />
<cycle-start id="2959" type="partial gc" contextid="0" timestamp="2019-08-04T08:43:41.308" intervalms="165.769" />
  <attribute name="GC Util" value="79" />
  <attribute name="CPU Util" value="12176518171177" />
  <attribute name="Time Running"value="158937"/>
  <attribute name="Number of cores"value="16"/>
<gc-start id="2960" type="partial gc" contextid="2959" timestamp="2019-08-04T08:43:41.308">
  <mem-info id="2961" free="111149056" total="224395264" percent="49">
    <mem type="eden" free="0" total="62914560" percent="0" />
    <remembered-set count="14560" freebytes="9415680" totalbytes="9473920" percent="99" regionsoverflowed="0" regionsstable="10" regionsrebuilding="0"/>
  </mem-info>
</gc-start>
<allocation-stats totalBytes="62906216" >
  <allocated-bytes non-tlh="0" tlh="62906216" arrayletleaf="0"/>
  <largest-consumer threadName="Thread-33" threadId="0000000000F61100" bytes="6474904" />
</allocation-stats>
<gc-op id="2962" type="copy forward" timems="44.121" contextid="2959" timestamp="2019-08-04T08:43:41.354">
  <memory-copied type="eden" objects="45866" bytes="1928784" bytesdiscarded="114296" />
  <memory-copied type="other" objects="51111" bytes="3125920" bytesdiscarded="210096" />
  <memory-cardclean objects="23099" bytes="1149128" />
  <remembered-set-cleared processed="3343" cleared="2108" durationms="1.700" />
  <references type="soft" candidates="15" cleared="0" enqueued="0" dynamicThreshold="24" maxThreshold="32" />
  <references type="weak" candidates="13" cleared="0" enqueued="0" />
  <references type="phantom" candidates="2" cleared="0" enqueued="0" />
  <stringconstants candidates="15157" cleared="0"  />
</gc-op>
<gc-op id="2963" type="classunload" timems="0.018" contextid="2959" timestamp="2019-08-04T08:43:41.355">
  <classunload-info classloadercandidates="55" classloadersunloaded="0" classesunloaded="0" anonymousclassesunloaded="0" quiescems="0.000" setupms="0.017" scanms="0.000" postms="0.000" />
</gc-op>
<heap-resize id="2964" type="contract" space="default" amount="12582912" count="1" timems="0.709" reason="excess free space following gc" timestamp="2019-08-04T08:43:41.355" />
<gc-end id="2965" type="partial gc" contextid="2959" durationms="47.278" usertimems="59.140" systemtimems="58.224" timestamp="2019-08-04T08:43:41.355" activeThreads="16">
  <mem-info id="2966" free="163577856" total="211812352" percent="77">
    <mem type="eden" free="54072" total="2097152" percent="2" />
    <remembered-set count="14432" freebytes="8913152" totalbytes="8970880" percent="99" regionsoverflowed="0" regionsstable="10" regionsrebuilding="0"/>
  </mem-info>
</gc-end>
<cycle-end id="2967" type="partial gc" contextid="2959" timestamp="2019-08-04T08:43:41.356">
  <attribute name="GC Util" value="126" />
  <attribute name="CPU Util" value="10082545610186" />
  <attribute name="Time Running"value="159103"/>
  <attribute name="Number of cores"value="16"/>
</cycle-end>
<exclusive-end id="2968" timestamp="2019-08-04T08:43:41.356" durationms="48.014" />

<exclusive-start id="2969" timestamp="2019-08-04T08:43:41.482" intervalms="174.519">
  <response-info timems="5.976" idlems="1.435" threads="5" lastid="0000000000F55E00" lastname="Thread-36" />
</exclusive-start>
<allocation-taxation id="2970" taxation-threshold="60817408" timestamp="2019-08-04T08:43:41.482" intervalms="174.521" />
<cycle-start id="2971" type="partial gc" contextid="0" timestamp="2019-08-04T08:43:41.483" intervalms="174.866" />
  <attribute name="GC Util" value="126" />
  <attribute name="CPU Util" value="10082545610186" />
  <attribute name="Time Running"value="159103"/>
  <attribute name="Number of cores"value="16"/>
<gc-start id="2972" type="partial gc" contextid="2971" timestamp="2019-08-04T08:43:41.483">
  <mem-info id="2973" free="102760448" total="211812352" percent="48">
    <mem type="eden" free="0" total="60817408" percent="0" />
    <remembered-set count="14336" freebytes="8913536" totalbytes="8970880" percent="99" regionsoverflowed="0" regionsstable="10" regionsrebuilding="0"/>
  </mem-info>
</gc-start>
<allocation-stats totalBytes="60809464" >
  <allocated-bytes non-tlh="0" tlh="60809464" arrayletleaf="0"/>
  <largest-consumer threadName="Thread-31" threadId="0000000000F33E00" bytes="7408624" />
</allocation-stats>
<gc-op id="2974" type="copy forward" timems="33.594" contextid="2971" timestamp="2019-08-04T08:43:41.519">
  <memory-copied type="eden" objects="35193" bytes="1260720" bytesdiscarded="230736" />
  <memory-copied type="other" objects="70496" bytes="3482608" bytesdiscarded="299152" />
  <memory-cardclean objects="14860" bytes="896488" />
  <remembered-set-cleared processed="4246" cleared="3231" durationms="0.209" />
  <stringconstants candidates="15157" cleared="0"  />
</gc-op>
<gc-op id="2975" type="classunload" timems="0.015" contextid="2971" timestamp="2019-08-04T08:43:41.519">
  <classunload-info classloadercandidates="55" classloadersunloaded="0" classesunloaded="0" anonymousclassesunloaded="0" quiescems="0.000" setupms="0.015" scanms="0.000" postms="0.000" />
</gc-op>
<heap-resize id="2976" type="contract" space="default" amount="12582912" count="1" timems="0.617" reason="excess free space following gc" timestamp="2019-08-04T08:43:41.519" />
<gc-end id="2977" type="partial gc" contextid="2971" durationms="36.470" usertimems="65.107" systemtimems="44.473" timestamp="2019-08-04T08:43:41.520" activeThreads="16">
  <mem-info id="2978" free="146800640" total="199229440" percent="73">
    <mem type="eden" free="2702848" total="4194304" percent="64" />
    <remembered-set count="16672" freebytes="8401152" totalbytes="8467840" percent="99" regionsoverflowed="0" regionsstable="10" regionsrebuilding="0"/>
  </mem-info>
</gc-end>
<cycle-end id="2979" type="partial gc" contextid="2971" timestamp="2019-08-04T08:43:41.520">
  <attribute name="GC Util" value="49" />
  <attribute name="CPU Util" value="11476287252889" />
  <attribute name="Time Running"value="159278"/>
  <attribute name="Number of cores"value="16"/>
</cycle-end>
<exclusive-end id="2980" timestamp="2019-08-04T08:43:41.520" durationms="37.582" />

<exclusive-start id="2981" timestamp="2019-08-04T08:43:41.618" intervalms="135.210">
  <response-info timems="5.099" idlems="2.631" threads="1" lastid="0000000000F21300" lastname="Thread-24" />
</exclusive-start>
<allocation-taxation id="2982" taxation-threshold="56623104" timestamp="2019-08-04T08:43:41.618" intervalms="135.348" />
<cycle-start id="2983" type="partial gc" contextid="0" timestamp="2019-08-04T08:43:41.618" intervalms="135.041" />
  <attribute name="GC Util" value="49" />
  <attribute name="CPU Util" value="11476287252889" />
  <attribute name="Time Running"value="159278"/>
  <attribute name="Number of cores"value="16"/>
<gc-start id="2984" type="partial gc" contextid="2983" timestamp="2019-08-04T08:43:41.618">
  <mem-info id="2985" free="90177536" total="199229440" percent="45">
    <mem type="eden" free="0" total="56623104" percent="0" />
    <remembered-set count="16352" freebytes="8402432" totalbytes="8467840" percent="99" regionsoverflowed="0" regionsstable="10" regionsrebuilding="0"/>
  </mem-info>
</gc-start>
<allocation-stats totalBytes="56615872" >
  <allocated-bytes non-tlh="0" tlh="56615872" arrayletleaf="0"/>
  <largest-consumer threadName="Thread-36" threadId="0000000000F55E00" bytes="6495424" />
</allocation-stats>
<gc-op id="2986" type="copy forward" timems="11.436" contextid="2983" timestamp="2019-08-04T08:43:41.632">
  <memory-copied type="eden" objects="35509" bytes="1543336" bytesdiscarded="135864" />
  <memory-copied type="other" objects="54173" bytes="3091984" bytesdiscarded="293000" />
  <memory-cardclean objects="15720" bytes="754536" />
  <remembered-set-cleared processed="3748" cleared="2331" durationms="0.110" />
  <references type="soft" candidates="2" cleared="0" enqueued="0" dynamicThreshold="23" maxThreshold="32" />
  <stringconstants candidates="15157" cleared="0"  />
</gc-op>
<gc-op id="2987" type="classunload" timems="0.013" contextid="2983" timestamp="2019-08-04T08:43:41.632">
  <classunload-info classloadercandidates="55" classloadersunloaded="0" classesunloaded="0" anonymousclassesunloaded="0" quiescems="0.000" setupms="0.012" scanms="0.000" postms="0.000" />
</gc-op>
<heap-resize id="2988" type="contract" space="default" amount="10485760" count="1" timems="0.421" reason="excess free space following gc" timestamp="2019-08-04T08:43:41.632" />
<gc-end id="2989" type="partial gc" contextid="2983" durationms="14.126" usertimems="20.546" systemtimems="25.612" timestamp="2019-08-04T08:43:41.632" activeThreads="16">
  <mem-info id="2990" free="138412032" total="188743680" percent="73">
    <mem type="eden" free="417952" total="2097152" percent="19" />
    <remembered-set count="15968" freebytes="7900928" totalbytes="7964800" percent="99" regionsoverflowed="0" regionsstable="10" regionsrebuilding="0"/>
  </mem-info>
</gc-end>
<cycle-end id="2991" type="partial gc" contextid="2983" timestamp="2019-08-04T08:43:41.632">
  <attribute name="GC Util" value="86" />
  <attribute name="CPU Util" value="11961355805330" />
  <attribute name="Time Running"value="159413"/>
  <attribute name="Number of cores"value="16"/>
</cycle-end>
<exclusive-end id="2992" timestamp="2019-08-04T08:43:41.633" durationms="15.130" />

<exclusive-start id="2993" timestamp="2019-08-04T08:43:41.779" intervalms="161.430">
  <response-info timems="17.417" idlems="17.030" threads="1" lastid="0000000000F28B00" lastname="Thread-29" />
</exclusive-start>
<allocation-taxation id="2994" taxation-threshold="54525952" timestamp="2019-08-04T08:43:41.780" intervalms="161.812" />
<cycle-start id="2995" type="partial gc" contextid="0" timestamp="2019-08-04T08:43:41.780" intervalms="161.842" />
  <attribute name="GC Util" value="86" />
  <attribute name="CPU Util" value="11961355805330" />
  <attribute name="Time Running"value="159413"/>
  <attribute name="Number of cores"value="16"/>
<gc-start id="2996" type="partial gc" contextid="2995" timestamp="2019-08-04T08:43:41.780">
  <mem-info id="2997" free="83886080" total="188743680" percent="44">
    <mem type="eden" free="0" total="54525952" percent="0" />
    <remembered-set count="15616" freebytes="7902336" totalbytes="7964800" percent="99" regionsoverflowed="0" regionsstable="10" regionsrebuilding="0"/>
  </mem-info>
</gc-start>
<allocation-stats totalBytes="54518984" >
  <allocated-bytes non-tlh="0" tlh="54518984" arrayletleaf="0"/>
  <largest-consumer threadName="Thread-21" threadId="0000000000F2C700" bytes="6507704" />
</allocation-stats>
<gc-op id="2998" type="copy forward" timems="32.525" contextid="2995" timestamp="2019-08-04T08:43:41.816">
  <memory-copied type="eden" objects="34716" bytes="1250312" bytesdiscarded="161392" />
  <memory-copied type="other" objects="54898" bytes="3109992" bytesdiscarded="246608" />
  <memory-cardclean objects="26990" bytes="1476472" />
  <remembered-set-cleared processed="5795" cleared="4222" durationms="0.160" />
  <references type="soft" candidates="13" cleared="0" enqueued="0" dynamicThreshold="23" maxThreshold="32" />
  <references type="weak" candidates="13" cleared="0" enqueued="0" />
  <references type="phantom" candidates="2" cleared="0" enqueued="0" />
  <stringconstants candidates="15157" cleared="0"  />
</gc-op>
<gc-op id="2999" type="classunload" timems="0.032" contextid="2995" timestamp="2019-08-04T08:43:41.816">
  <classunload-info classloadercandidates="55" classloadersunloaded="0" classesunloaded="0" anonymousclassesunloaded="0" quiescems="0.000" setupms="0.032" scanms="0.000" postms="0.000" />
</gc-op>
<heap-resize id="3000" type="contract" space="default" amount="10485760" count="1" timems="0.426" reason="excess free space following gc" timestamp="2019-08-04T08:43:41.817" />
<gc-end id="3001" type="partial gc" contextid="2995" durationms="36.796" usertimems="61.173" systemtimems="44.032" timestamp="2019-08-04T08:43:41.817" activeThreads="16">
  <mem-info id="3002" free="123731968" total="178257920" percent="69">
    <mem type="eden" free="2782600" total="4194304" percent="66" />
    <remembered-set count="17536" freebytes="7475456" totalbytes="7545600" percent="99" regionsoverflowed="0" regionsstable="10" regionsrebuilding="0"/>
  </mem-info>
</gc-end>
<cycle-end id="3003" type="partial gc" contextid="2995" timestamp="2019-08-04T08:43:41.817">
  <attribute name="GC Util" value="75" />
  <attribute name="CPU Util" value="5877137883723" />
  <attribute name="Time Running"value="159576"/>
  <attribute name="Number of cores"value="16"/>
</cycle-end>
<exclusive-end id="3004" timestamp="2019-08-04T08:43:41.817" durationms="38.069" />

<exclusive-start id="3005" timestamp="2019-08-04T08:43:41.857" intervalms="78.091">
  <response-info timems="3.461" idlems="3.461" threads="0" lastid="0000000000F06F00" lastname="Thread-30" />
</exclusive-start>
<allocation-taxation id="3006" taxation-threshold="25165824" timestamp="2019-08-04T08:43:41.857" intervalms="77.565" />
<cycle-start id="3007" type="global mark phase" contextid="0" timestamp="2019-08-04T08:43:41.857" intervalms="19200.240" />
  <attribute name="GC Util" value="75" />
  <attribute name="CPU Util" value="5877137883723" />
  <attribute name="Time Running"value="159576"/>
  <attribute name="Number of cores"value="16"/>
<gc-start id="3008" type="global mark phase" contextid="3007" timestamp="2019-08-04T08:43:41.857">
  <mem-info id="3009" free="98566144" total="178257920" percent="55">
    <remembered-set count="17216" freebytes="7476736" totalbytes="7545600" percent="99" regionsoverflowed="0" regionsstable="10" regionsrebuilding="0"/>
  </mem-info>
</gc-start>
<gc-op id="3010" type="mark increment" timems="7.983" contextid="3007" timestamp="2019-08-04T08:43:41.865">
  <trace-info objectcount="228069" scancount="200713" scanbytes="7864344" />
</gc-op>
<gc-end id="3011" type="global mark phase" contextid="3007" durationms="8.040" usertimems="26.094" systemtimems="3.671" timestamp="2019-08-04T08:43:41.865" activeThreads="16">
  <mem-info id="3012" free="98566144" total="178257920" percent="55">
    <remembered-set count="38208" freebytes="7392768" totalbytes="7545600" percent="97" regionsoverflowed="0" regionsstable="0" regionsrebuilding="10"/>
  </mem-info>
</gc-end>
<concurrent-start id="3013" type="GMP work packet processing" contextid="3007" timestamp="2019-08-04T08:43:41.866">
  <concurrent-mark-start scanTarget="24444948" />
</concurrent-start>
<exclusive-end id="3014" timestamp="2019-08-04T08:43:41.866" durationms="8.693" />

<concurrent-end id="3015" type="GMP work packet processing" contextid="3007" timestamp="2019-08-04T08:43:41.908">
  <concurrent-mark-end bytesScanned="11482056" reasonForTermination="Completed all work in GC phase" />
</concurrent-end>

<exclusive-start id="3016" timestamp="2019-08-04T08:43:41.914" intervalms="56.745">
  <response-info timems="7.891" idlems="7.891" threads="0" lastid="0000000000F55E00" lastname="Thread-36" />
</exclusive-start>
<allocation-taxation id="3017" taxation-threshold="25165824" timestamp="2019-08-04T08:43:41.914" intervalms="56.744" />
<cycle-start id="3018" type="partial gc" contextid="0" timestamp="2019-08-04T08:43:41.914" intervalms="134.228" />
  <attribute name="GC Util" value="490" />
  <attribute name="CPU Util" value="3684905361500" />
  <attribute name="Time Running"value="159658"/>
  <attribute name="Number of cores"value="16"/>
<gc-start id="3019" type="partial gc" contextid="3018" timestamp="2019-08-04T08:43:41.914">
  <mem-info id="3020" free="73400320" total="178257920" percent="41">
    <mem type="eden" free="0" total="50331648" percent="0" />
    <remembered-set count="130496" freebytes="7023616" totalbytes="7545600" percent="93" regionsoverflowed="0" regionsstable="0" regionsrebuilding="10"/>
  </mem-info>
</gc-start>
<allocation-stats totalBytes="50325408" >
  <allocated-bytes non-tlh="0" tlh="50325408" arrayletleaf="0"/>
  <largest-consumer threadName="Thread-35" threadId="0000000000F12300" bytes="3669704" />
</allocation-stats>
<gc-op id="3021" type="copy forward" timems="16.638" contextid="3018" timestamp="2019-08-04T08:43:41.933">
  <memory-copied type="eden" objects="23995" bytes="856312" bytesdiscarded="70824" />
  <memory-copied type="other" objects="50691" bytes="2741624" bytesdiscarded="225216" />
  <memory-cardclean objects="29791" bytes="1478512" />
  <remembered-set-cleared processed="117255" cleared="5369" durationms="0.397" />
  <references type="soft" candidates="15" cleared="0" enqueued="0" dynamicThreshold="17" maxThreshold="32" />
  <references type="weak" candidates="13" cleared="0" enqueued="0" />
  <references type="phantom" candidates="2" cleared="0" enqueued="0" />
  <stringconstants candidates="15157" cleared="0"  />
</gc-op>
<gc-op id="3022" type="classunload" timems="0.013" contextid="3018" timestamp="2019-08-04T08:43:41.933">
  <classunload-info classloadercandidates="55" classloadersunloaded="0" classesunloaded="0" anonymousclassesunloaded="0" quiescems="0.000" setupms="0.012" scanms="0.000" postms="0.000" />
</gc-op>
<heap-resize id="3023" type="contract" space="default" amount="10485760" count="1" timems="0.436" reason="excess free space following gc" timestamp="2019-08-04T08:43:41.933" />
<gc-end id="3024" type="partial gc" contextid="3018" durationms="19.218" usertimems="35.658" systemtimems="18.194" timestamp="2019-08-04T08:43:41.933" activeThreads="16">
  <mem-info id="3025" free="113246208" total="167772160" percent="67">
    <mem type="eden" free="1170016" total="2097152" percent="55" />
    <remembered-set count="129440" freebytes="6608640" totalbytes="7126400" percent="92" regionsoverflowed="0" regionsstable="0" regionsrebuilding="10"/>
  </mem-info>
</gc-end>
<cycle-end id="3026" type="partial gc" contextid="3018" timestamp="2019-08-04T08:43:41.934">
  <attribute name="GC Util" value="265" />
  <attribute name="CPU Util" value="12326936734430" />
  <attribute name="Time Running"value="159709"/>
  <attribute name="Number of cores"value="16"/>
</cycle-end>
<exclusive-end id="3027" timestamp="2019-08-04T08:43:41.934" durationms="20.027" />

<exclusive-start id="3028" timestamp="2019-08-04T08:43:41.960" intervalms="45.912">
  <response-info timems="0.649" idlems="0.304" threads="12" lastid="0000000000F33E00" lastname="Thread-31" />
</exclusive-start>
<allocation-taxation id="3029" taxation-threshold="23068672" timestamp="2019-08-04T08:43:41.960" intervalms="45.919" />
<gc-start id="3030" type="global mark phase" contextid="3007" timestamp="2019-08-04T08:43:41.960">
  <mem-info id="3031" free="90177536" total="167772160" percent="53">
    <remembered-set count="129408" freebytes="6608768" totalbytes="7126400" percent="92" regionsoverflowed="0" regionsstable="0" regionsrebuilding="10"/>
  </mem-info>
</gc-start>
<gc-op id="3032" type="mark increment" timems="6.689" contextid="3007" timestamp="2019-08-04T08:43:41.967">
  <trace-info objectcount="25217" scancount="25217" scanbytes="903796" />
  <cardclean-info objects="39635" bytes="2048940" />
  <finalization candidates="151" enqueued="0" />
  <ownableSynchronizers candidates="23" cleared="0" />
  <references type="soft" candidates="4911" cleared="0" enqueued="0" dynamicThreshold="21" maxThreshold="32" />
  <references type="weak" candidates="6249" cleared="0" enqueued="0" />
  <references type="phantom" candidates="273" cleared="0" enqueued="0" />
  <stringconstants candidates="15157" cleared="0"  />
</gc-op>
<gc-op id="3033" type="classunload" timems="0.011" contextid="3007" timestamp="2019-08-04T08:43:41.967">
  <classunload-info classloadercandidates="55" classloadersunloaded="0" classesunloaded="0" anonymousclassesunloaded="0" quiescems="0.000" setupms="0.011" scanms="0.000" postms="0.000" />
</gc-op>
<gc-end id="3034" type="global mark phase" contextid="3007" durationms="6.808" usertimems="8.582" systemtimems="9.822" timestamp="2019-08-04T08:43:41.967" activeThreads="16">
  <mem-info id="3035" free="90177536" total="167772160" percent="53">
    <remembered-set count="131456" freebytes="6600576" totalbytes="7126400" percent="92" regionsoverflowed="0" regionsstable="0" regionsrebuilding="0"/>
  </mem-info>
</gc-end>
<cycle-end id="3036" type="global mark phase" contextid="3007" timestamp="2019-08-04T08:43:41.967">
  <attribute name="GC Util" value="195" />
  <attribute name="CPU Util" value="15853805615994" />
  <attribute name="Time Running"value="159755"/>
  <attribute name="Number of cores"value="16"/>
</cycle-end>
<exclusive-end id="3037" timestamp="2019-08-04T08:43:41.967" durationms="7.350" />

<exclusive-start id="3038" timestamp="2019-08-04T08:43:42.009" intervalms="49.537">
  <response-info timems="2.327" idlems="1.167" threads="1" lastid="0000000000F19B00" lastname="Thread-34" />
</exclusive-start>
<allocation-taxation id="3039" taxation-threshold="23068672" timestamp="2019-08-04T08:43:42.009" intervalms="49.527" />
<cycle-start id="3040" type="partial gc" contextid="0" timestamp="2019-08-04T08:43:42.009" intervalms="95.434" />
  <attribute name="GC Util" value="195" />
  <attribute name="CPU Util" value="15853805615994" />
  <attribute name="Time Running"value="159755"/>
  <attribute name="Number of cores"value="16"/>
<gc-start id="3041" type="partial gc" contextid="3040" timestamp="2019-08-04T08:43:42.010">
  <mem-info id="3042" free="67108864" total="167772160" percent="40">
    <mem type="eden" free="0" total="46137344" percent="0" />
    <remembered-set count="28768" freebytes="7011328" totalbytes="7126400" percent="98" regionsoverflowed="0" regionsstable="9" regionsrebuilding="0"/>
  </mem-info>
</gc-start>
<allocation-stats totalBytes="46131544" >
  <allocated-bytes non-tlh="0" tlh="46131544" arrayletleaf="0"/>
  <largest-consumer threadName="Thread-21" threadId="0000000000F2C700" bytes="2662096" />
</allocation-stats>
<gc-op id="3043" type="sweep" timems="3.135" contextid="3040" timestamp="2019-08-04T08:43:42.013" />
<gc-op id="3044" type="copy forward" timems="10.657" contextid="3040" timestamp="2019-08-04T08:43:42.026">
  <memory-copied type="eden" objects="6767" bytes="167584" bytesdiscarded="12645" />
  <memory-copied type="other" objects="38256" bytes="1330272" bytesdiscarded="78227" />
  <memory-cardclean objects="33534" bytes="1751664" />
  <remembered-set-cleared processed="19175" cleared="2787" durationms="0.205" />
  <stringconstants candidates="15157" cleared="0"  />
</gc-op>
<gc-op id="3045" type="classunload" timems="0.016" contextid="3040" timestamp="2019-08-04T08:43:42.026">
  <classunload-info classloadercandidates="55" classloadersunloaded="0" classesunloaded="0" anonymousclassesunloaded="0" quiescems="0.000" setupms="0.016" scanms="0.000" postms="0.000" />
</gc-op>
<heap-resize id="3046" type="contract" space="default" amount="8388608" count="1" timems="0.862" reason="excess free space following gc" timestamp="2019-08-04T08:43:42.027" />
<gc-end id="3047" type="partial gc" contextid="3040" durationms="17.466" usertimems="43.212" systemtimems="18.320" timestamp="2019-08-04T08:43:42.027" activeThreads="16">
  <mem-info id="3048" free="100663296" total="159383552" percent="63">
    <mem type="eden" free="3560704" total="4194304" percent="84" />
    <remembered-set count="32064" freebytes="6578944" totalbytes="6707200" percent="98" regionsoverflowed="0" regionsstable="9" regionsrebuilding="0"/>
  </mem-info>
</gc-end>
<cycle-end id="3049" type="partial gc" contextid="3040" timestamp="2019-08-04T08:43:42.027">
  <attribute name="GC Util" value="83" />
  <attribute name="CPU Util" value="9794940608843" />
  <attribute name="Time Running"value="159808"/>
  <attribute name="Number of cores"value="16"/>
</cycle-end>
<exclusive-end id="3050" timestamp="2019-08-04T08:43:42.027" durationms="18.212" />

<exclusive-start id="3051" timestamp="2019-08-04T08:43:42.110" intervalms="101.121">
  <response-info timems="2.613" idlems="2.603" threads="1" lastid="0000000000F0E700" lastname="Thread-25" />
</exclusive-start>
<allocation-taxation id="3052" taxation-threshold="46137344" timestamp="2019-08-04T08:43:42.110" intervalms="101.143" />
<cycle-start id="3053" type="partial gc" contextid="0" timestamp="2019-08-04T08:43:42.111" intervalms="101.160" />
  <attribute name="GC Util" value="83" />
  <attribute name="CPU Util" value="9794940608843" />
  <attribute name="Time Running"value="159808"/>
  <attribute name="Number of cores"value="16"/>
<gc-start id="3054" type="partial gc" contextid="3053" timestamp="2019-08-04T08:43:42.111">
  <mem-info id="3055" free="54525952" total="159383552" percent="34">
    <mem type="eden" free="0" total="46137344" percent="0" />
    <remembered-set count="31680" freebytes="6580480" totalbytes="6707200" percent="98" regionsoverflowed="0" regionsstable="9" regionsrebuilding="0"/>
  </mem-info>
</gc-start>
<allocation-stats totalBytes="46130840" >
  <allocated-bytes non-tlh="0" tlh="46130840" arrayletleaf="0"/>
  <largest-consumer threadName="Thread-28" threadId="0000000000F24F00" bytes="4242912" />
</allocation-stats>
<gc-op id="3056" type="copy forward" timems="17.114" contextid="3053" timestamp="2019-08-04T08:43:42.131">
  <memory-copied type="eden" objects="47163" bytes="1961800" bytesdiscarded="138040" />
  <memory-copied type="other" objects="30377" bytes="2206464" bytesdiscarded="116936" />
  <memory-cardclean objects="37197" bytes="1870416" />
  <remembered-set-cleared processed="20052" cleared="6365" durationms="0.638" />
  <finalization candidates="71" enqueued="0" />
  <ownableSynchronizers candidates="2" cleared="0" />
  <references type="soft" candidates="37" cleared="0" enqueued="0" dynamicThreshold="20" maxThreshold="32" />
  <references type="weak" candidates="486" cleared="0" enqueued="0" />
  <references type="phantom" candidates="173" cleared="0" enqueued="0" />
  <stringconstants candidates="15157" cleared="0"  />
</gc-op>
<gc-op id="3057" type="classunload" timems="0.014" contextid="3053" timestamp="2019-08-04T08:43:42.131">
  <classunload-info classloadercandidates="55" classloadersunloaded="0" classesunloaded="0" anonymousclassesunloaded="0" quiescems="0.000" setupms="0.014" scanms="0.000" postms="0.000" />
</gc-op>
<heap-resize id="3058" type="contract" space="default" amount="8388608" count="1" timems="0.534" reason="excess free space following gc" timestamp="2019-08-04T08:43:42.132" />
<gc-end id="3059" type="partial gc" contextid="3053" durationms="20.914" usertimems="39.685" systemtimems="15.994" timestamp="2019-08-04T08:43:42.132" activeThreads="16">
  <mem-info id="3060" free="102760448" total="150994944" percent="68">
    <mem type="eden" free="2094464" total="4194304" percent="49" />
    <remembered-set count="30048" freebytes="6251648" totalbytes="6371840" percent="98" regionsoverflowed="0" regionsstable="9" regionsrebuilding="0"/>
  </mem-info>
</gc-end>
<cycle-end id="3061" type="partial gc" contextid="3053" timestamp="2019-08-04T08:43:42.132">
  <attribute name="GC Util" value="48" />
  <attribute name="CPU Util" value="7520880991770" />
  <attribute name="Time Running"value="159906"/>
  <attribute name="Number of cores"value="16"/>
</cycle-end>
<exclusive-end id="3062" timestamp="2019-08-04T08:43:42.132" durationms="21.763" />

<exclusive-start id="3063" timestamp="2019-08-04T08:43:42.163" intervalms="52.884">
  <response-info timems="2.598" idlems="0.696" threads="3" lastid="0000000000F0E700" lastname="Thread-25" />
</exclusive-start>
<allocation-taxation id="3064" taxation-threshold="20971520" timestamp="2019-08-04T08:43:42.163" intervalms="52.858" />
<cycle-start id="3065" type="global mark phase" contextid="0" timestamp="2019-08-04T08:43:42.163" intervalms="305.967" />
  <attribute name="GC Util" value="48" />
  <attribute name="CPU Util" value="7520880991770" />
  <attribute name="Time Running"value="159906"/>
  <attribute name="Number of cores"value="16"/>
<gc-start id="3066" type="global mark phase" contextid="3065" timestamp="2019-08-04T08:43:42.163">
  <mem-info id="3067" free="81788928" total="150994944" percent="54">
    <remembered-set count="30016" freebytes="6251776" totalbytes="6371840" percent="98" regionsoverflowed="0" regionsstable="9" regionsrebuilding="0"/>
  </mem-info>
</gc-start>
<gc-op id="3068" type="mark increment" timems="6.139" contextid="3065" timestamp="2019-08-04T08:43:42.170">
  <trace-info objectcount="7214" scancount="539" scanbytes="46800" />
</gc-op>
<gc-end id="3069" type="global mark phase" contextid="3065" durationms="6.189" usertimems="4.779" systemtimems="7.259" timestamp="2019-08-04T08:43:42.170" activeThreads="16">
  <mem-info id="3070" free="81788928" total="150994944" percent="54">
    <remembered-set count="30528" freebytes="6249728" totalbytes="6371840" percent="98" regionsoverflowed="0" regionsstable="0" regionsrebuilding="9"/>
  </mem-info>
</gc-end>
<concurrent-start id="3071" type="GMP work packet processing" contextid="3065" timestamp="2019-08-04T08:43:42.170">
  <concurrent-mark-start scanTarget="20824506" />
</concurrent-start>
<exclusive-end id="3072" timestamp="2019-08-04T08:43:42.170" durationms="6.607" />

<concurrent-end id="3073" type="GMP work packet processing" contextid="3065" timestamp="2019-08-04T08:43:42.218">
  <concurrent-mark-end bytesScanned="19311224" reasonForTermination="Completed all work in GC phase" />
</concurrent-end>

<exclusive-start id="3074" timestamp="2019-08-04T08:43:42.218" intervalms="54.490">
  <response-info timems="2.880" idlems="2.880" threads="0" lastid="0000000000F0E700" lastname="Thread-25" />
</exclusive-start>
<allocation-taxation id="3075" taxation-threshold="20971520" timestamp="2019-08-04T08:43:42.218" intervalms="54.478" />
<cycle-start id="3076" type="partial gc" contextid="0" timestamp="2019-08-04T08:43:42.218" intervalms="107.351" />
  <attribute name="GC Util" value="285" />
  <attribute name="CPU Util" value="8278040057984" />
  <attribute name="Time Running"value="159962"/>
  <attribute name="Number of cores"value="16"/>
<gc-start id="3077" type="partial gc" contextid="3076" timestamp="2019-08-04T08:43:42.218">
  <mem-info id="3078" free="60817408" total="150994944" percent="40">
    <mem type="eden" free="0" total="41943040" percent="0" />
    <remembered-set count="129760" freebytes="5852800" totalbytes="6371840" percent="91" regionsoverflowed="0" regionsstable="0" regionsrebuilding="9"/>
  </mem-info>
</gc-start>
<allocation-stats totalBytes="41937920" >
  <allocated-bytes non-tlh="0" tlh="41937920" arrayletleaf="0"/>
  <largest-consumer threadName="Thread-31" threadId="0000000000F33E00" bytes="2256560" />
</allocation-stats>
<gc-op id="3079" type="copy forward" timems="19.985" contextid="3076" timestamp="2019-08-04T08:43:42.240">
  <memory-copied type="eden" objects="17222" bytes="555952" bytesdiscarded="90944" />
  <memory-copied type="other" objects="52541" bytes="2222616" bytesdiscarded="166752" />
  <memory-cardclean objects="268414" bytes="9603184" />
  <remembered-set-cleared processed="40532" cleared="24065" durationms="0.360" />
  <stringconstants candidates="15157" cleared="0"  />
</gc-op>
<gc-op id="3080" type="classunload" timems="0.013" contextid="3076" timestamp="2019-08-04T08:43:42.240">
  <classunload-info classloadercandidates="55" classloadersunloaded="0" classesunloaded="0" anonymousclassesunloaded="0" quiescems="0.000" setupms="0.012" scanms="0.000" postms="0.000" />
</gc-op>
<heap-resize id="3081" type="contract" space="default" amount="8388608" count="1" timems="0.663" reason="excess free space following gc" timestamp="2019-08-04T08:43:42.240" />
<gc-end id="3082" type="partial gc" contextid="3076" durationms="22.288" usertimems="56.985" systemtimems="18.483" timestamp="2019-08-04T08:43:42.240" activeThreads="16">
  <mem-info id="3083" free="92274688" total="142606336" percent="64">
    <mem type="eden" free="3547408" total="4194304" percent="84" />
    <remembered-set count="70560" freebytes="5754240" totalbytes="6036480" percent="95" regionsoverflowed="0" regionsstable="0" regionsrebuilding="9"/>
  </mem-info>
</gc-end>
<cycle-end id="3084" type="partial gc" contextid="3076" timestamp="2019-08-04T08:43:42.241">
  <attribute name="GC Util" value="143" />
  <attribute name="CPU Util" value="16367962693652" />
  <attribute name="Time Running"value="160012"/>
  <attribute name="Number of cores"value="16"/>
</cycle-end>
<exclusive-end id="3085" timestamp="2019-08-04T08:43:42.241" durationms="22.947" />

<exclusive-start id="3086" timestamp="2019-08-04T08:43:42.280" intervalms="62.006">
  <response-info timems="1.415" idlems="0.431" threads="3" lastid="0000000000F37A00" lastname="Thread-27" />
</exclusive-start>
<allocation-taxation id="3087" taxation-threshold="20971520" timestamp="2019-08-04T08:43:42.280" intervalms="62.034" />
<gc-start id="3088" type="global mark phase" contextid="3065" timestamp="2019-08-04T08:43:42.280">
  <mem-info id="3089" free="71303168" total="142606336" percent="50">
    <remembered-set count="70400" freebytes="5754880" totalbytes="6036480" percent="95" regionsoverflowed="0" regionsstable="0" regionsrebuilding="9"/>
  </mem-info>
</gc-start>
<gc-op id="3090" type="mark increment" timems="15.149" contextid="3065" timestamp="2019-08-04T08:43:42.296">
  <trace-info objectcount="12510" scancount="12510" scanbytes="805656" />
  <cardclean-info objects="399071" bytes="11444364" />
  <finalization candidates="151" enqueued="0" />
  <ownableSynchronizers candidates="23" cleared="0" />
  <references type="soft" candidates="4911" cleared="0" enqueued="0" dynamicThreshold="20" maxThreshold="32" />
  <references type="weak" candidates="6249" cleared="0" enqueued="0" />
  <references type="phantom" candidates="273" cleared="0" enqueued="0" />
  <stringconstants candidates="15157" cleared="0"  />
</gc-op>
<gc-op id="3091" type="classunload" timems="0.017" contextid="3065" timestamp="2019-08-04T08:43:42.296">
  <classunload-info classloadercandidates="55" classloadersunloaded="0" classesunloaded="0" anonymousclassesunloaded="0" quiescems="0.000" setupms="0.016" scanms="0.000" postms="0.000" />
</gc-op>
<gc-end id="3092" type="global mark phase" contextid="3065" durationms="15.310" usertimems="50.802" systemtimems="10.900" timestamp="2019-08-04T08:43:42.296" activeThreads="16">
  <mem-info id="3093" free="71303168" total="142606336" percent="50">
    <remembered-set count="102144" freebytes="5627904" totalbytes="6036480" percent="93" regionsoverflowed="0" regionsstable="0" regionsrebuilding="0"/>
  </mem-info>
</gc-end>
<cycle-end id="3094" type="global mark phase" contextid="3065" timestamp="2019-08-04T08:43:42.296">
  <attribute name="GC Util" value="142" />
  <attribute name="CPU Util" value="7828371398891" />
  <attribute name="Time Running"value="160083"/>
  <attribute name="Number of cores"value="16"/>
</cycle-end>
<exclusive-end id="3095" timestamp="2019-08-04T08:43:42.296" durationms="16.153" />

<exclusive-start id="3096" timestamp="2019-08-04T08:43:42.319" intervalms="39.030">
  <response-info timems="1.440" idlems="1.440" threads="0" lastid="0000000000F52200" lastname="Thread-26" />
</exclusive-start>
<allocation-taxation id="3097" taxation-threshold="20971520" timestamp="2019-08-04T08:43:42.319" intervalms="39.023" />
<cycle-start id="3098" type="partial gc" contextid="0" timestamp="2019-08-04T08:43:42.319" intervalms="101.106" />
  <attribute name="GC Util" value="142" />
  <attribute name="CPU Util" value="7828371398891" />
  <attribute name="Time Running"value="160083"/>
  <attribute name="Number of cores"value="16"/>
<gc-start id="3099" type="partial gc" contextid="3098" timestamp="2019-08-04T08:43:42.319">
  <mem-info id="3100" free="50331648" total="142606336" percent="35">
    <mem type="eden" free="0" total="41943040" percent="0" />
    <remembered-set count="28128" freebytes="5923968" totalbytes="6036480" percent="98" regionsoverflowed="0" regionsstable="8" regionsrebuilding="0"/>
  </mem-info>
</gc-start>
<allocation-stats totalBytes="41938088" >
  <allocated-bytes non-tlh="0" tlh="41938088" arrayletleaf="0"/>
  <largest-consumer threadName="Thread-26" threadId="0000000000F52200" bytes="4583144" />
</allocation-stats>
<gc-op id="3101" type="sweep" timems="1.952" contextid="3098" timestamp="2019-08-04T08:43:42.322" />
<gc-op id="3102" type="copy forward" timems="19.479" contextid="3098" timestamp="2019-08-04T08:43:42.342">
  <memory-copied type="eden" objects="16817" bytes="682496" bytesdiscarded="40135" />
  <memory-copied type="other" objects="20847" bytes="638928" bytesdiscarded="24113" />
  <memory-cardclean objects="30497" bytes="1521552" />
  <remembered-set-cleared processed="19078" cleared="4776" durationms="0.269" />
  <stringconstants candidates="15157" cleared="0"  />
</gc-op>
<gc-op id="3103" type="classunload" timems="0.014" contextid="3098" timestamp="2019-08-04T08:43:42.342">
  <classunload-info classloadercandidates="55" classloadersunloaded="0" classesunloaded="0" anonymousclassesunloaded="0" quiescems="0.000" setupms="0.013" scanms="0.000" postms="0.000" />
</gc-op>
<heap-resize id="3104" type="contract" space="default" amount="6291456" count="1" timems="0.287" reason="excess free space following gc" timestamp="2019-08-04T08:43:42.343" />
<gc-end id="3105" type="partial gc" contextid="3098" durationms="23.524" usertimems="54.035" systemtimems="15.362" timestamp="2019-08-04T08:43:42.343" activeThreads="16">
  <mem-info id="3106" free="83886080" total="136314880" percent="61">
    <mem type="eden" free="3371016" total="4194304" percent="80" />
    <remembered-set count="27488" freebytes="5591168" totalbytes="5701120" percent="98" regionsoverflowed="0" regionsstable="8" regionsrebuilding="0"/>
  </mem-info>
</gc-end>
<cycle-end id="3107" type="partial gc" contextid="3098" timestamp="2019-08-04T08:43:42.343">
  <attribute name="GC Util" value="107" />
  <attribute name="CPU Util" value="16946331778402" />
  <attribute name="Time Running"value="160116"/>
  <attribute name="Number of cores"value="16"/>
</cycle-end>
<exclusive-end id="3108" timestamp="2019-08-04T08:43:42.343" durationms="24.481" />

<exclusive-start id="3109" timestamp="2019-08-04T08:43:42.382" intervalms="63.530">
  <response-info timems="8.580" idlems="8.580" threads="0" lastid="0000000000F61100" lastname="Thread-33" />
</exclusive-start>
<allocation-taxation id="3110" taxation-threshold="20971520" timestamp="2019-08-04T08:43:42.382" intervalms="63.640" />
<cycle-start id="3111" type="global mark phase" contextid="0" timestamp="2019-08-04T08:43:42.383" intervalms="219.577" />
  <attribute name="GC Util" value="107" />
  <attribute name="CPU Util" value="16946331778402" />
  <attribute name="Time Running"value="160116"/>
  <attribute name="Number of cores"value="16"/>
<gc-start id="3112" type="global mark phase" contextid="3111" timestamp="2019-08-04T08:43:42.383">
  <mem-info id="3113" free="62914560" total="136314880" percent="46">
    <remembered-set count="27232" freebytes="5592192" totalbytes="5701120" percent="98" regionsoverflowed="0" regionsstable="8" regionsrebuilding="0"/>
  </mem-info>
</gc-start>
<gc-op id="3114" type="mark increment" timems="7.992" contextid="3111" timestamp="2019-08-04T08:43:42.391">
  <trace-info objectcount="67541" scancount="23899" scanbytes="1274436" />
</gc-op>
<gc-end id="3115" type="global mark phase" contextid="3111" durationms="8.043" usertimems="9.199" systemtimems="6.695" timestamp="2019-08-04T08:43:42.391" activeThreads="16">
  <mem-info id="3116" free="62914560" total="136314880" percent="46">
    <remembered-set count="28256" freebytes="5588096" totalbytes="5701120" percent="98" regionsoverflowed="0" regionsstable="0" regionsrebuilding="8"/>
  </mem-info>
</gc-end>
<concurrent-start id="3117" type="GMP work packet processing" contextid="3111" timestamp="2019-08-04T08:43:42.391">
  <concurrent-mark-start scanTarget="24750149" />
</concurrent-start>
<exclusive-end id="3118" timestamp="2019-08-04T08:43:42.392" durationms="9.434" />

<concurrent-end id="3119" type="GMP work packet processing" contextid="3111" timestamp="2019-08-04T08:43:42.424">
  <concurrent-mark-end bytesScanned="18055244" reasonForTermination="Completed all work in GC phase" />
</concurrent-end>

<exclusive-start id="3120" timestamp="2019-08-04T08:43:42.427" intervalms="44.777">
  <response-info timems="1.120" idlems="0.432" threads="4" lastid="0000000000F52200" lastname="Thread-26" />
</exclusive-start>
<allocation-taxation id="3121" taxation-threshold="20971520" timestamp="2019-08-04T08:43:42.427" intervalms="44.693" />
<cycle-start id="3122" type="partial gc" contextid="0" timestamp="2019-08-04T08:43:42.427" intervalms="108.338" />
  <attribute name="GC Util" value="294" />
  <attribute name="CPU Util" value="5046774498336" />
  <attribute name="Time Running"value="160184"/>
  <attribute name="Number of cores"value="16"/>
<gc-start id="3123" type="partial gc" contextid="3122" timestamp="2019-08-04T08:43:42.428">
  <mem-info id="3124" free="41943040" total="136314880" percent="30">
    <mem type="eden" free="0" total="41943040" percent="0" />
    <remembered-set count="126880" freebytes="5193600" totalbytes="5701120" percent="91" regionsoverflowed="0" regionsstable="0" regionsrebuilding="8"/>
  </mem-info>
</gc-start>
<allocation-stats totalBytes="41937888" >
  <allocated-bytes non-tlh="0" tlh="41937888" arrayletleaf="0"/>
  <largest-consumer threadName="Thread-21" threadId="0000000000F2C700" bytes="2203344" />
</allocation-stats>
<gc-op id="3125" type="copy forward" timems="28.610" contextid="3122" timestamp="2019-08-04T08:43:42.458">
  <memory-copied type="eden" objects="13199" bytes="459608" bytesdiscarded="41248" />
  <memory-copied type="other" objects="20920" bytes="776832" bytesdiscarded="72824" />
  <memory-cardclean objects="96441" bytes="3635912" />
  <remembered-set-cleared processed="95108" cleared="15414" durationms="0.539" />
  <stringconstants candidates="15157" cleared="0"  />
</gc-op>
<gc-op id="3126" type="classunload" timems="0.019" contextid="3122" timestamp="2019-08-04T08:43:42.458">
  <classunload-info classloadercandidates="55" classloadersunloaded="0" classesunloaded="0" anonymousclassesunloaded="0" quiescems="0.000" setupms="0.019" scanms="0.000" postms="0.000" />
</gc-op>
<gc-end id="3127" type="partial gc" contextid="3122" durationms="30.570" usertimems="29.369" systemtimems="23.222" timestamp="2019-08-04T08:43:42.458" activeThreads="16">
  <mem-info id="3128" free="83886080" total="136314880" percent="61">
    <mem type="eden" free="1596296" total="2097152" percent="76" />
    <remembered-set count="105024" freebytes="5029504" totalbytes="5449600" percent="92" regionsoverflowed="0" regionsstable="0" regionsrebuilding="8"/>
  </mem-info>
</gc-end>
<cycle-end id="3129" type="partial gc" contextid="3122" timestamp="2019-08-04T08:43:42.458">
  <attribute name="GC Util" value="138" />
  <attribute name="CPU Util" value="14557479472799" />
  <attribute name="Time Running"value="160222"/>
  <attribute name="Number of cores"value="16"/>
</cycle-end>
<exclusive-end id="3130" timestamp="2019-08-04T08:43:42.459" durationms="31.465" />

<exclusive-start id="3131" timestamp="2019-08-04T08:43:42.496" intervalms="68.698">
  <response-info timems="6.129" idlems="1.302" threads="4" lastid="0000000000F55E00" lastname="Thread-36" />
</exclusive-start>
<allocation-taxation id="3132" taxation-threshold="20971520" timestamp="2019-08-04T08:43:42.496" intervalms="68.668" />
<gc-start id="3133" type="global mark phase" contextid="3111" timestamp="2019-08-04T08:43:42.496">
  <mem-info id="3134" free="62914560" total="136314880" percent="46">
    <remembered-set count="104800" freebytes="5030400" totalbytes="5449600" percent="92" regionsoverflowed="0" regionsstable="0" regionsrebuilding="8"/>
  </mem-info>
</gc-start>
<gc-op id="3135" type="mark increment" timems="9.663" contextid="3111" timestamp="2019-08-04T08:43:42.506">
  <trace-info objectcount="13164" scancount="13164" scanbytes="689896" />
  <cardclean-info objects="144182" bytes="4336164" />
  <finalization candidates="151" enqueued="0" />
  <ownableSynchronizers candidates="23" cleared="0" />
  <references type="soft" candidates="4911" cleared="0" enqueued="0" dynamicThreshold="19" maxThreshold="32" />
  <references type="weak" candidates="6249" cleared="0" enqueued="0" />
  <references type="phantom" candidates="273" cleared="0" enqueued="0" />
  <stringconstants candidates="15157" cleared="0"  />
</gc-op>
<gc-op id="3136" type="classunload" timems="0.013" contextid="3111" timestamp="2019-08-04T08:43:42.506">
  <classunload-info classloadercandidates="55" classloadersunloaded="0" classesunloaded="0" anonymousclassesunloaded="0" quiescems="0.000" setupms="0.012" scanms="0.000" postms="0.000" />
</gc-op>
<gc-end id="3137" type="global mark phase" contextid="3111" durationms="9.789" usertimems="11.727" systemtimems="13.021" timestamp="2019-08-04T08:43:42.506" activeThreads="16">
  <mem-info id="3138" free="62914560" total="136314880" percent="46">
    <remembered-set count="116064" freebytes="4985344" totalbytes="5449600" percent="91" regionsoverflowed="0" regionsstable="0" regionsrebuilding="0"/>
  </mem-info>
</gc-end>
<cycle-end id="3139" type="global mark phase" contextid="3111" timestamp="2019-08-04T08:43:42.506">
  <attribute name="GC Util" value="200" />
  <attribute name="CPU Util" value="12415001468744" />
  <attribute name="Time Running"value="160293"/>
  <attribute name="Number of cores"value="16"/>
</cycle-end>
<exclusive-end id="3140" timestamp="2019-08-04T08:43:42.506" durationms="10.119" />

<exclusive-start id="3141" timestamp="2019-08-04T08:43:42.540" intervalms="44.005">
  <response-info timems="6.616" idlems="6.616" threads="0" lastid="0000000000F2C700" lastname="Thread-21" />
</exclusive-start>
<allocation-taxation id="3142" taxation-threshold="20971520" timestamp="2019-08-04T08:43:42.540" intervalms="44.197" />
<cycle-start id="3143" type="partial gc" contextid="0" timestamp="2019-08-04T08:43:42.540" intervalms="112.785" />
  <attribute name="GC Util" value="200" />
  <attribute name="CPU Util" value="12415001468744" />
  <attribute name="Time Running"value="160293"/>
  <attribute name="Number of cores"value="16"/>
<gc-start id="3144" type="partial gc" contextid="3143" timestamp="2019-08-04T08:43:42.541">
  <mem-info id="3145" free="41943040" total="136314880" percent="30">
    <mem type="eden" free="0" total="41943040" percent="0" />
    <remembered-set count="29216" freebytes="5332736" totalbytes="5449600" percent="97" regionsoverflowed="0" regionsstable="8" regionsrebuilding="0"/>
  </mem-info>
</gc-start>
<allocation-stats totalBytes="41937784" >
  <allocated-bytes non-tlh="0" tlh="41937784" arrayletleaf="0"/>
  <largest-consumer threadName="Thread-35" threadId="0000000000F12300" bytes="3174032" />
</allocation-stats>
<gc-op id="3146" type="sweep" timems="2.556" contextid="3143" timestamp="2019-08-04T08:43:42.543" />
<gc-op id="3147" type="copy forward" timems="21.155" contextid="3143" timestamp="2019-08-04T08:43:42.567">
  <memory-copied type="eden" objects="15902" bytes="661504" bytesdiscarded="55538" />
  <memory-copied type="other" objects="16036" bytes="522240" bytesdiscarded="29486" />
  <memory-cardclean objects="22774" bytes="1106568" />
  <remembered-set-cleared processed="20475" cleared="2514" durationms="0.187" />
  <stringconstants candidates="15157" cleared="0"  />
</gc-op>
<gc-op id="3148" type="classunload" timems="0.013" contextid="3143" timestamp="2019-08-04T08:43:42.567">
  <classunload-info classloadercandidates="55" classloadersunloaded="0" classesunloaded="0" anonymousclassesunloaded="0" quiescems="0.000" setupms="0.012" scanms="0.000" postms="0.000" />
</gc-op>
<gc-end id="3149" type="partial gc" contextid="3143" durationms="26.761" usertimems="30.048" systemtimems="40.053" timestamp="2019-08-04T08:43:42.567" activeThreads="16">
  <mem-info id="3150" free="81788928" total="136314880" percent="60">
    <mem type="eden" free="1297784" total="2097152" percent="61" />
    <remembered-set count="31584" freebytes="5323264" totalbytes="5449600" percent="97" regionsoverflowed="0" regionsstable="8" regionsrebuilding="0"/>
  </mem-info>
</gc-end>
<cycle-end id="3151" type="partial gc" contextid="3143" timestamp="2019-08-04T08:43:42.567">
  <attribute name="GC Util" value="290" />
  <attribute name="CPU Util" value="7767975310257" />
  <attribute name="Time Running"value="160339"/>
  <attribute name="Number of cores"value="16"/>
</cycle-end>
<exclusive-end id="3152" timestamp="2019-08-04T08:43:42.568" durationms="27.852" />

<exclusive-start id="3153" timestamp="2019-08-04T08:43:42.603" intervalms="63.189">
  <response-info timems="1.882" idlems="1.271" threads="9" lastid="0000000000F21300" lastname="Thread-24" />
</exclusive-start>
<allocation-taxation id="3154" taxation-threshold="20971520" timestamp="2019-08-04T08:43:42.603" intervalms="63.007" />
<cycle-start id="3155" type="global mark phase" contextid="0" timestamp="2019-08-04T08:43:42.603" intervalms="220.174" />
  <attribute name="GC Util" value="290" />
  <attribute name="CPU Util" value="7767975310257" />
  <attribute name="Time Running"value="160339"/>
  <attribute name="Number of cores"value="16"/>
<gc-start id="3156" type="global mark phase" contextid="3155" timestamp="2019-08-04T08:43:42.603">
  <mem-info id="3157" free="60817408" total="136314880" percent="44">
    <remembered-set count="31456" freebytes="5323776" totalbytes="5449600" percent="97" regionsoverflowed="0" regionsstable="8" regionsrebuilding="0"/>
  </mem-info>
</gc-start>
<gc-op id="3158" type="mark increment" timems="7.387" contextid="3155" timestamp="2019-08-04T08:43:42.611">
  <trace-info objectcount="73372" scancount="50540" scanbytes="2328736" />
</gc-op>
<gc-end id="3159" type="global mark phase" contextid="3155" durationms="7.435" usertimems="9.062" systemtimems="4.078" timestamp="2019-08-04T08:43:42.611" activeThreads="16">
  <mem-info id="3160" free="60817408" total="136314880" percent="44">
    <remembered-set count="32480" freebytes="5319680" totalbytes="5449600" percent="97" regionsoverflowed="0" regionsstable="0" regionsrebuilding="8"/>
  </mem-info>
</gc-end>
<concurrent-start id="3161" type="GMP work packet processing" contextid="3155" timestamp="2019-08-04T08:43:42.611">
  <concurrent-mark-start scanTarget="38747200" />
</concurrent-start>
<exclusive-end id="3162" timestamp="2019-08-04T08:43:42.611" durationms="8.093" />

<concurrent-end id="3163" type="GMP work packet processing" contextid="3155" timestamp="2019-08-04T08:43:42.654">
  <concurrent-mark-end bytesScanned="16616828" reasonForTermination="Completed all work in GC phase" />
</concurrent-end>

<exclusive-start id="3164" timestamp="2019-08-04T08:43:42.654" intervalms="50.593">
  <response-info timems="4.441" idlems="4.441" threads="0" lastid="0000000000F12300" lastname="Thread-35" />
</exclusive-start>
<allocation-taxation id="3165" taxation-threshold="20971520" timestamp="2019-08-04T08:43:42.654" intervalms="50.594" />
<cycle-start id="3166" type="partial gc" contextid="0" timestamp="2019-08-04T08:43:42.654" intervalms="113.675" />
  <attribute name="GC Util" value="418" />
  <attribute name="CPU Util" value="9074830152286" />
  <attribute name="Time Running"value="160403"/>
  <attribute name="Number of cores"value="16"/>
<gc-start id="3167" type="partial gc" contextid="3166" timestamp="2019-08-04T08:43:42.654">
  <mem-info id="3168" free="39845888" total="136314880" percent="29">
    <mem type="eden" free="0" total="41943040" percent="0" />
    <remembered-set count="129472" freebytes="4931712" totalbytes="5449600" percent="90" regionsoverflowed="0" regionsstable="0" regionsrebuilding="8"/>
  </mem-info>
</gc-start>
<allocation-stats totalBytes="41937304" >
  <allocated-bytes non-tlh="0" tlh="41937304" arrayletleaf="0"/>
  <largest-consumer threadName="Thread-21" threadId="0000000000F2C700" bytes="2920088" />
</allocation-stats>
<gc-op id="3169" type="copy forward" timems="16.564" contextid="3166" timestamp="2019-08-04T08:43:42.672">
  <memory-copied type="eden" objects="15138" bytes="505048" bytesdiscarded="53248" />
  <memory-copied type="other" objects="19315" bytes="738312" bytesdiscarded="60552" />
  <memory-cardclean objects="24016" bytes="1186128" />
  <remembered-set-cleared processed="119677" cleared="2705" durationms="0.441" />
  <stringconstants candidates="15157" cleared="0"  />
</gc-op>
<gc-op id="3170" type="classunload" timems="0.014" contextid="3166" timestamp="2019-08-04T08:43:42.672">
  <classunload-info classloadercandidates="55" classloadersunloaded="0" classesunloaded="0" anonymousclassesunloaded="0" quiescems="0.000" setupms="0.014" scanms="0.000" postms="0.000" />
</gc-op>
<heap-resize id="3171" type="expand" space="default" amount="6291456" count="1" timems="0.102" reason="excessive time being spent in gc" timestamp="2019-08-04T08:43:42.672" />
<gc-end id="3172" type="partial gc" contextid="3166" durationms="17.954" usertimems="17.855" systemtimems="25.333" timestamp="2019-08-04T08:43:42.672" activeThreads="16">
  <mem-info id="3173" free="85983232" total="142606336" percent="60">
    <mem type="eden" free="1538856" total="2097152" percent="73" />
    <remembered-set count="133952" freebytes="5165312" totalbytes="5701120" percent="90" regionsoverflowed="0" regionsstable="0" regionsrebuilding="8"/>
  </mem-info>
</gc-end>
<cycle-end id="3174" type="partial gc" contextid="3166" timestamp="2019-08-04T08:43:42.672">
  <attribute name="GC Util" value="150" />
  <attribute name="CPU Util" value="31751955378857" />
  <attribute name="Time Running"value="160448"/>
  <attribute name="Number of cores"value="16"/>
</cycle-end>
<exclusive-end id="3175" timestamp="2019-08-04T08:43:42.672" durationms="18.883" />

<exclusive-start id="3176" timestamp="2019-08-04T08:43:42.704" intervalms="50.539">
  <response-info timems="5.195" idlems="5.195" threads="0" lastid="0000000000F06F00" lastname="Thread-30" />
</exclusive-start>
<allocation-taxation id="3177" taxation-threshold="20971520" timestamp="2019-08-04T08:43:42.707" intervalms="53.725" />
<gc-start id="3178" type="global mark phase" contextid="3155" timestamp="2019-08-04T08:43:42.709">
  <mem-info id="3179" free="65011712" total="142606336" percent="45">
    <remembered-set count="133952" freebytes="5165312" totalbytes="5701120" percent="90" regionsoverflowed="0" regionsstable="0" regionsrebuilding="8"/>
  </mem-info>
</gc-start>
<gc-op id="3180" type="mark increment" timems="33.333" contextid="3155" timestamp="2019-08-04T08:43:42.743">
  <trace-info objectcount="26668" scancount="26668" scanbytes="1059992" />
  <cardclean-info objects="28678" bytes="1377448" />
  <finalization candidates="151" enqueued="0" />
  <ownableSynchronizers candidates="23" cleared="0" />
  <references type="soft" candidates="4911" cleared="881" enqueued="876" dynamicThreshold="19" maxThreshold="32" />
  <references type="weak" candidates="6249" cleared="0" enqueued="0" />
  <references type="phantom" candidates="273" cleared="0" enqueued="0" />
  <stringconstants candidates="15157" cleared="0"  />
</gc-op>
<gc-op id="3181" type="classunload" timems="0.017" contextid="3155" timestamp="2019-08-04T08:43:42.743">
  <classunload-info classloadercandidates="55" classloadersunloaded="0" classesunloaded="0" anonymousclassesunloaded="0" quiescems="0.000" setupms="0.017" scanms="0.000" postms="0.000" />
</gc-op>
<gc-end id="3182" type="global mark phase" contextid="3155" durationms="33.531" usertimems="30.231" systemtimems="43.898" timestamp="2019-08-04T08:43:42.743" activeThreads="16">
  <mem-info id="3183" free="65011712" total="142606336" percent="45">
    <pending-finalizers system="0" default="0" reference="876" classloader="0" />
    <remembered-set count="134464" freebytes="5163264" totalbytes="5701120" percent="90" regionsoverflowed="0" regionsstable="0" regionsrebuilding="0"/>
  </mem-info>
</gc-end>
<cycle-end id="3184" type="global mark phase" contextid="3155" timestamp="2019-08-04T08:43:42.743">
  <attribute name="GC Util" value="159" />
  <attribute name="CPU Util" value="3935864381366" />
  <attribute name="Time Running"value="160516"/>
  <attribute name="Number of cores"value="16"/>
</cycle-end>
<exclusive-end id="3185" timestamp="2019-08-04T08:43:42.743" durationms="39.282" />

<exclusive-start id="3186" timestamp="2019-08-04T08:43:42.776" intervalms="72.091">
  <response-info timems="2.947" idlems="2.947" threads="0" lastid="0000000000F24F00" lastname="Thread-28" />
</exclusive-start>
<allocation-taxation id="3187" taxation-threshold="20971520" timestamp="2019-08-04T08:43:42.777" intervalms="69.887" />
<cycle-start id="3188" type="partial gc" contextid="0" timestamp="2019-08-04T08:43:42.777" intervalms="123.663" />
  <attribute name="GC Util" value="159" />
  <attribute name="CPU Util" value="3935864381366" />
  <attribute name="Time Running"value="160516"/>
  <attribute name="Number of cores"value="16"/>
<gc-start id="3189" type="partial gc" contextid="3188" timestamp="2019-08-04T08:43:42.778">
  <mem-info id="3190" free="44040192" total="142606336" percent="30">
    <mem type="eden" free="0" total="41943040" percent="0" />
    <remembered-set count="33664" freebytes="5566464" totalbytes="5701120" percent="97" regionsoverflowed="0" regionsstable="8" regionsrebuilding="0"/>
  </mem-info>
</gc-start>
<allocation-stats totalBytes="41935904" >
  <allocated-bytes non-tlh="0" tlh="41935904" arrayletleaf="0"/>
  <largest-consumer threadName="Thread-35" threadId="0000000000F12300" bytes="3419712" />
</allocation-stats>
<gc-op id="3191" type="sweep" timems="8.348" contextid="3188" timestamp="2019-08-04T08:43:42.786" />
<gc-op id="3192" type="copy forward" timems="11.529" contextid="3188" timestamp="2019-08-04T08:43:42.799">
  <memory-copied type="eden" objects="10772" bytes="404384" bytesdiscarded="34386" />
  <memory-copied type="other" objects="31803" bytes="1175792" bytesdiscarded="78310" />
  <memory-cardclean objects="26445" bytes="1300976" />
  <remembered-set-cleared processed="24224" cleared="2490" durationms="0.181" />
  <stringconstants candidates="15157" cleared="0"  />
</gc-op>
<gc-op id="3193" type="classunload" timems="0.012" contextid="3188" timestamp="2019-08-04T08:43:42.799">
  <classunload-info classloadercandidates="55" classloadersunloaded="0" classesunloaded="0" anonymousclassesunloaded="0" quiescems="0.000" setupms="0.012" scanms="0.000" postms="0.000" />
</gc-op>
<heap-resize id="3194" type="expand" space="default" amount="10485760" count="1" timems="0.070" reason="excessive time being spent in gc" timestamp="2019-08-04T08:43:42.799" />
<gc-end id="3195" type="partial gc" contextid="3188" durationms="21.343" usertimems="24.942" systemtimems="19.964" timestamp="2019-08-04T08:43:42.799" activeThreads="16">
  <mem-info id="3196" free="92274688" total="153092096" percent="60">
    <mem type="eden" free="3040304" total="4194304" percent="72" />
    <remembered-set count="34880" freebytes="5980800" totalbytes="6120320" percent="97" regionsoverflowed="0" regionsstable="8" regionsrebuilding="0"/>
  </mem-info>
</gc-end>
<cycle-end id="3197" type="partial gc" contextid="3188" timestamp="2019-08-04T08:43:42.799">
  <attribute name="GC Util" value="159" />
  <attribute name="CPU Util" value="26491152251681" />
  <attribute name="Time Running"value="160580"/>
  <attribute name="Number of cores"value="16"/>
</cycle-end>
<exclusive-end id="3198" timestamp="2019-08-04T08:43:42.799" durationms="23.249" />

<exclusive-start id="3199" timestamp="2019-08-04T08:43:42.829" intervalms="52.580">
  <response-info timems="5.895" idlems="5.895" threads="0" lastid="0000000000F24F00" lastname="Thread-28" />
</exclusive-start>
<allocation-taxation id="3200" taxation-threshold="23068672" timestamp="2019-08-04T08:43:42.829" intervalms="51.603" />
<cycle-start id="3201" type="global mark phase" contextid="0" timestamp="2019-08-04T08:43:42.829" intervalms="225.851" />
  <attribute name="GC Util" value="159" />
  <attribute name="CPU Util" value="26491152251681" />
  <attribute name="Time Running"value="160580"/>
  <attribute name="Number of cores"value="16"/>
<gc-start id="3202" type="global mark phase" contextid="3201" timestamp="2019-08-04T08:43:42.829">
  <mem-info id="3203" free="69206016" total="153092096" percent="45">
    <remembered-set count="34752" freebytes="5981312" totalbytes="6120320" percent="97" regionsoverflowed="0" regionsstable="8" regionsrebuilding="0"/>
  </mem-info>
</gc-start>
<gc-op id="3204" type="mark increment" timems="7.115" contextid="3201" timestamp="2019-08-04T08:43:42.837">
  <trace-info objectcount="89403" scancount="28112" scanbytes="1509760" />
</gc-op>
<gc-end id="3205" type="global mark phase" contextid="3201" durationms="7.952" usertimems="13.857" systemtimems="3.870" timestamp="2019-08-04T08:43:42.837" activeThreads="16">
  <mem-info id="3206" free="69206016" total="153092096" percent="45">
    <remembered-set count="36800" freebytes="5973120" totalbytes="6120320" percent="97" regionsoverflowed="0" regionsstable="0" regionsrebuilding="8"/>
  </mem-info>
</gc-end>
<concurrent-start id="3207" type="GMP work packet processing" contextid="3201" timestamp="2019-08-04T08:43:42.837">
  <concurrent-mark-start scanTarget="31330334" />
</concurrent-start>
<exclusive-end id="3208" timestamp="2019-08-04T08:43:42.842" durationms="12.874" />

<exclusive-start id="3209" timestamp="2019-08-04T08:43:42.951" intervalms="122.180">
  <response-info timems="38.860" idlems="38.860" threads="0" lastid="0000000000F0E700" lastname="Thread-25" />
</exclusive-start>
<allocation-taxation id="3210" taxation-threshold="23068672" timestamp="2019-08-04T08:43:42.951" intervalms="122.199" />
<concurrent-end id="3211" type="GMP work packet processing" contextid="3201" timestamp="2019-08-04T08:43:42.969">
  <concurrent-mark-end bytesScanned="15800320" reasonForTermination="Termination requested" />
</concurrent-end>

<cycle-start id="3212" type="partial gc" contextid="0" timestamp="2019-08-04T08:43:42.969" intervalms="191.573" />
  <attribute name="GC Util" value="305" />
  <attribute name="CPU Util" value="5808629334118" />
  <attribute name="Time Running"value="160630"/>
  <attribute name="Number of cores"value="16"/>
<gc-start id="3213" type="partial gc" contextid="3212" timestamp="2019-08-04T08:43:42.969">
  <mem-info id="3214" free="46137344" total="153092096" percent="30">
    <mem type="eden" free="0" total="46137344" percent="0" />
    <remembered-set count="115264" freebytes="5659264" totalbytes="6120320" percent="92" regionsoverflowed="0" regionsstable="0" regionsrebuilding="8"/>
  </mem-info>
</gc-start>
<allocation-stats totalBytes="46131176" >
  <allocated-bytes non-tlh="0" tlh="46131176" arrayletleaf="0"/>
  <largest-consumer threadName="Thread-35" threadId="0000000000F12300" bytes="2256648" />
</allocation-stats>
<gc-op id="3215" type="copy forward" timems="16.949" contextid="3212" timestamp="2019-08-04T08:43:42.988">
  <memory-copied type="eden" objects="14167" bytes="482512" bytesdiscarded="93032" />
  <memory-copied type="other" objects="26831" bytes="1060088" bytesdiscarded="81496" />
  <memory-cardclean objects="21778" bytes="1083128" />
  <remembered-set-cleared processed="103906" cleared="2623" durationms="0.500" />
  <stringconstants candidates="15157" cleared="0"  />
</gc-op>
<gc-op id="3216" type="classunload" timems="0.016" contextid="3212" timestamp="2019-08-04T08:43:42.988">
  <classunload-info classloadercandidates="55" classloadersunloaded="0" classesunloaded="0" anonymousclassesunloaded="0" quiescems="0.000" setupms="0.016" scanms="0.000" postms="0.000" />
</gc-op>
<heap-resize id="3217" type="expand" space="default" amount="4194304" count="1" timems="0.061" reason="excessive time being spent in gc" timestamp="2019-08-04T08:43:42.988" />
<gc-end id="3218" type="partial gc" contextid="3212" durationms="19.168" usertimems="22.099" systemtimems="12.112" timestamp="2019-08-04T08:43:42.989" activeThreads="16">
  <mem-info id="3219" free="94371840" total="157286400" percent="60">
    <mem type="eden" free="3618760" total="4194304" percent="86" />
    <remembered-set count="118272" freebytes="5814912" totalbytes="6288000" percent="92" regionsoverflowed="0" regionsstable="0" regionsrebuilding="8"/>
  </mem-info>
</gc-end>
<cycle-end id="3220" type="partial gc" contextid="3212" timestamp="2019-08-04T08:43:42.989">
  <attribute name="GC Util" value="41" />
  <attribute name="CPU Util" value="10789506050506" />
  <attribute name="Time Running"value="160764"/>
  <attribute name="Number of cores"value="16"/>
</cycle-end>
<concurrent-start id="3221" type="GMP work packet processing" contextid="3201" timestamp="2019-08-04T08:43:42.989">
  <concurrent-mark-start scanTarget="15530014" />
</concurrent-start>
<exclusive-end id="3222" timestamp="2019-08-04T08:43:42.989" durationms="37.829" />

<exclusive-start id="3223" timestamp="2019-08-04T08:43:43.020" intervalms="68.907">
  <response-info timems="3.460" idlems="3.460" threads="0" lastid="0000000000F61100" lastname="Thread-33" />
</exclusive-start>
<allocation-taxation id="3224" taxation-threshold="23068672" timestamp="2019-08-04T08:43:43.021" intervalms="69.823" />
<concurrent-end id="3225" type="GMP work packet processing" contextid="3201" timestamp="2019-08-04T08:43:43.022">
  <concurrent-mark-end bytesScanned="1897680" reasonForTermination="Termination requested" />
</concurrent-end>

<gc-start id="3226" type="global mark phase" contextid="3201" timestamp="2019-08-04T08:43:43.022">
  <mem-info id="3227" free="71303168" total="157286400" percent="45">
    <remembered-set count="139328" freebytes="5730688" totalbytes="6288000" percent="91" regionsoverflowed="0" regionsstable="0" regionsrebuilding="8"/>
  </mem-info>
</gc-start>
<gc-op id="3228" type="mark increment" timems="23.282" contextid="3201" timestamp="2019-08-04T08:43:43.046">
  <trace-info objectcount="14632" scancount="14632" scanbytes="496944" />
  <cardclean-info objects="25614" bytes="1241640" />
  <finalization candidates="151" enqueued="0" />
  <ownableSynchronizers candidates="23" cleared="0" />
  <references type="soft" candidates="4030" cleared="89" enqueued="87" dynamicThreshold="19" maxThreshold="32" />
  <references type="weak" candidates="6249" cleared="0" enqueued="0" />
  <references type="phantom" candidates="273" cleared="0" enqueued="0" />
  <stringconstants candidates="15157" cleared="21"  />
</gc-op>
<gc-op id="3229" type="classunload" timems="0.023" contextid="3201" timestamp="2019-08-04T08:43:43.046">
  <classunload-info classloadercandidates="55" classloadersunloaded="0" classesunloaded="0" anonymousclassesunloaded="0" quiescems="0.000" setupms="0.023" scanms="0.000" postms="0.000" />
</gc-op>
<gc-end id="3230" type="global mark phase" contextid="3201" durationms="23.691" usertimems="37.516" systemtimems="5.065" timestamp="2019-08-04T08:43:43.046" activeThreads="16">
  <mem-info id="3231" free="71303168" total="157286400" percent="45">
    <pending-finalizers system="0" default="0" reference="87" classloader="0" />
    <remembered-set count="140352" freebytes="5726592" totalbytes="6288000" percent="91" regionsoverflowed="0" regionsstable="0" regionsrebuilding="0"/>
  </mem-info>
</gc-end>
<cycle-end id="3232" type="global mark phase" contextid="3201" timestamp="2019-08-04T08:43:43.046">
  <attribute name="GC Util" value="79" />
  <attribute name="CPU Util" value="9261561528887" />
  <attribute name="Time Running"value="160820"/>
  <attribute name="Number of cores"value="16"/>
</cycle-end>
<exclusive-end id="3233" timestamp="2019-08-04T08:43:43.046" durationms="26.578" />

<exclusive-start id="3234" timestamp="2019-08-04T08:43:43.100" intervalms="80.322">
  <response-info timems="14.717" idlems="7.652" threads="1" lastid="0000000000F06F00" lastname="Thread-30" />
</exclusive-start>
<allocation-taxation id="3235" taxation-threshold="23068672" timestamp="2019-08-04T08:43:43.100" intervalms="79.390" />
<cycle-start id="3236" type="partial gc" contextid="0" timestamp="2019-08-04T08:43:43.101" intervalms="131.620" />
  <attribute name="GC Util" value="79" />
  <attribute name="CPU Util" value="9261561528887" />
  <attribute name="Time Running"value="160820"/>
  <attribute name="Number of cores"value="16"/>
<gc-start id="3237" type="partial gc" contextid="3236" timestamp="2019-08-04T08:43:43.101">
  <mem-info id="3238" free="48234496" total="157286400" percent="30">
    <mem type="eden" free="0" total="46137344" percent="0" />
    <remembered-set count="38400" freebytes="6134400" totalbytes="6288000" percent="97" regionsoverflowed="0" regionsstable="8" regionsrebuilding="0"/>
  </mem-info>
</gc-start>
<allocation-stats totalBytes="46131680" >
  <allocated-bytes non-tlh="0" tlh="46131680" arrayletleaf="0"/>
  <largest-consumer threadName="Thread-25" threadId="0000000000F0E700" bytes="3640920" />
</allocation-stats>
<gc-op id="3239" type="sweep" timems="9.594" contextid="3236" timestamp="2019-08-04T08:43:43.111" />
<gc-op id="3240" type="copy forward" timems="35.629" contextid="3236" timestamp="2019-08-04T08:43:43.148">
  <memory-copied type="eden" objects="12049" bytes="432024" bytesdiscarded="5115" />
  <memory-copied type="other" objects="17764" bytes="563712" bytesdiscarded="32581" />
  <memory-cardclean objects="25934" bytes="1299656" />
  <remembered-set-cleared processed="27335" cleared="6776" durationms="0.470" />
  <stringconstants candidates="15136" cleared="0"  />
</gc-op>
<gc-op id="3241" type="classunload" timems="0.017" contextid="3236" timestamp="2019-08-04T08:43:43.148">
  <classunload-info classloadercandidates="55" classloadersunloaded="0" classesunloaded="0" anonymousclassesunloaded="0" quiescems="0.000" setupms="0.017" scanms="0.000" postms="0.000" />
</gc-op>
<gc-end id="3242" type="partial gc" contextid="3236" durationms="46.849" usertimems="41.767" systemtimems="34.265" timestamp="2019-08-04T08:43:43.148" activeThreads="16">
  <mem-info id="3243" free="94371840" total="157286400" percent="60">
    <mem type="eden" free="1560032" total="2097152" percent="74" />
    <remembered-set count="33888" freebytes="6152448" totalbytes="6288000" percent="97" regionsoverflowed="0" regionsstable="8" regionsrebuilding="0"/>
  </mem-info>
</gc-end>
<cycle-end id="3244" type="partial gc" contextid="3236" timestamp="2019-08-04T08:43:43.148">
  <attribute name="GC Util" value="103" />
  <attribute name="CPU Util" value="25390236258414" />
  <attribute name="Time Running"value="160904"/>
  <attribute name="Number of cores"value="16"/>
</cycle-end>
<exclusive-end id="3245" timestamp="2019-08-04T08:43:43.148" durationms="47.862" />

<exclusive-start id="3246" timestamp="2019-08-04T08:43:43.214" intervalms="113.470">
  <response-info timems="3.542" idlems="3.542" threads="0" lastid="0000000000F52200" lastname="Thread-26" />
</exclusive-start>
<allocation-taxation id="3247" taxation-threshold="46137344" timestamp="2019-08-04T08:43:43.214" intervalms="113.461" />
<cycle-start id="3248" type="partial gc" contextid="0" timestamp="2019-08-04T08:43:43.214" intervalms="113.155" />
  <attribute name="GC Util" value="103" />
  <attribute name="CPU Util" value="25390236258414" />
  <attribute name="Time Running"value="160904"/>
  <attribute name="Number of cores"value="16"/>
<gc-start id="3249" type="partial gc" contextid="3248" timestamp="2019-08-04T08:43:43.214">
  <mem-info id="3250" free="48234496" total="157286400" percent="30">
    <mem type="eden" free="0" total="46137344" percent="0" />
    <remembered-set count="33632" freebytes="6153472" totalbytes="6288000" percent="97" regionsoverflowed="0" regionsstable="8" regionsrebuilding="0"/>
  </mem-info>
</gc-start>
<allocation-stats totalBytes="46131208" >
  <allocated-bytes non-tlh="0" tlh="46131208" arrayletleaf="0"/>
  <largest-consumer threadName="Thread-27" threadId="0000000000F37A00" bytes="5082512" />
</allocation-stats>
<gc-op id="3251" type="copy forward" timems="13.582" contextid="3248" timestamp="2019-08-04T08:43:43.229">
  <memory-copied type="eden" objects="13432" bytes="327112" bytesdiscarded="40992" />
  <memory-copied type="other" objects="15617" bytes="512184" bytesdiscarded="27528" />
  <memory-cardclean objects="32473" bytes="1606152" />
  <remembered-set-cleared processed="25248" cleared="2759" durationms="0.176" />
  <stringconstants candidates="15136" cleared="0"  />
</gc-op>
<gc-op id="3252" type="classunload" timems="0.012" contextid="3248" timestamp="2019-08-04T08:43:43.229">
  <classunload-info classloadercandidates="55" classloadersunloaded="0" classesunloaded="0" anonymousclassesunloaded="0" quiescems="0.000" setupms="0.012" scanms="0.000" postms="0.000" />
</gc-op>
<heap-resize id="3253" type="expand" space="default" amount="6291456" count="1" timems="0.065" reason="excessive time being spent in gc" timestamp="2019-08-04T08:43:43.229" />
<gc-end id="3254" type="partial gc" contextid="3248" durationms="14.848" usertimems="21.603" systemtimems="22.863" timestamp="2019-08-04T08:43:43.229" activeThreads="16">
  <mem-info id="3255" free="98566144" total="163577856" percent="60">
    <mem type="eden" free="1729048" total="2097152" percent="82" />
    <remembered-set count="40192" freebytes="6378752" totalbytes="6539520" percent="97" regionsoverflowed="0" regionsstable="8" regionsrebuilding="0"/>
  </mem-info>
</gc-end>
<cycle-end id="3256" type="partial gc" contextid="3248" timestamp="2019-08-04T08:43:43.229">
  <attribute name="GC Util" value="156" />
  <attribute name="CPU Util" value="33946957855878" />
  <attribute name="Time Running"value="161008"/>
  <attribute name="Number of cores"value="16"/>
</cycle-end>
<exclusive-end id="3257" timestamp="2019-08-04T08:43:43.229" durationms="15.534" />

<exclusive-start id="3258" timestamp="2019-08-04T08:43:43.312" intervalms="98.246">
  <response-info timems="2.322" idlems="1.894" threads="1" lastid="0000000000F06F00" lastname="Thread-30" />
</exclusive-start>
<allocation-taxation id="3259" taxation-threshold="48234496" timestamp="2019-08-04T08:43:43.312" intervalms="98.306" />
<cycle-start id="3260" type="partial gc" contextid="0" timestamp="2019-08-04T08:43:43.312" intervalms="98.567" />
  <attribute name="GC Util" value="156" />
  <attribute name="CPU Util" value="33946957855878" />
  <attribute name="Time Running"value="161008"/>
  <attribute name="Number of cores"value="16"/>
<gc-start id="3261" type="partial gc" contextid="3260" timestamp="2019-08-04T08:43:43.313">
  <mem-info id="3262" free="50331648" total="163577856" percent="30">
    <mem type="eden" free="0" total="48234496" percent="0" />
    <remembered-set count="39904" freebytes="6379904" totalbytes="6539520" percent="97" regionsoverflowed="0" regionsstable="8" regionsrebuilding="0"/>
  </mem-info>
</gc-start>
<allocation-stats totalBytes="48227056" >
  <allocated-bytes non-tlh="0" tlh="48227056" arrayletleaf="0"/>
  <largest-consumer threadName="Thread-21" threadId="0000000000F2C700" bytes="6270096" />
</allocation-stats>
<gc-op id="3263" type="copy forward" timems="10.261" contextid="3260" timestamp="2019-08-04T08:43:43.324">
  <memory-copied type="eden" objects="27465" bytes="1076424" bytesdiscarded="91784" />
  <memory-copied type="other" objects="13406" bytes="321744" bytesdiscarded="10200" />
  <memory-cardclean objects="31436" bytes="1583448" />
  <remembered-set-cleared processed="27034" cleared="5405" durationms="0.170" />
  <stringconstants candidates="15136" cleared="0"  />
</gc-op>
<gc-op id="3264" type="classunload" timems="0.014" contextid="3260" timestamp="2019-08-04T08:43:43.324">
  <classunload-info classloadercandidates="55" classloadersunloaded="0" classesunloaded="0" anonymousclassesunloaded="0" quiescems="0.000" setupms="0.014" scanms="0.000" postms="0.000" />
</gc-op>
<heap-resize id="3265" type="expand" space="default" amount="4194304" count="1" timems="0.069" reason="excessive time being spent in gc" timestamp="2019-08-04T08:43:43.324" />
<gc-end id="3266" type="partial gc" contextid="3260" durationms="11.620" usertimems="15.784" systemtimems="14.541" timestamp="2019-08-04T08:43:43.324" activeThreads="16">
  <mem-info id="3267" free="100663296" total="167772160" percent="60">
    <mem type="eden" free="928944" total="2097152" percent="44" />
    <remembered-set count="36832" freebytes="6559872" totalbytes="6707200" percent="97" regionsoverflowed="0" regionsstable="8" regionsrebuilding="0"/>
  </mem-info>
</gc-end>
<cycle-end id="3268" type="partial gc" contextid="3260" timestamp="2019-08-04T08:43:43.324">
  <attribute name="GC Util" value="214" />
  <attribute name="CPU Util" value="25659036145105" />
  <attribute name="Time Running"value="161106"/>
  <attribute name="Number of cores"value="16"/>
</cycle-end>
<exclusive-end id="3269" timestamp="2019-08-04T08:43:43.325" durationms="12.659" />

<exclusive-start id="3270" timestamp="2019-08-04T08:43:43.501" intervalms="188.983">
  <response-info timems="11.275" idlems="11.275" threads="0" lastid="0000000000F21300" lastname="Thread-24" />
</exclusive-start>
<allocation-taxation id="3271" taxation-threshold="48234496" timestamp="2019-08-04T08:43:43.503" intervalms="190.939" />
<cycle-start id="3272" type="partial gc" contextid="0" timestamp="2019-08-04T08:43:43.506" intervalms="193.387" />
  <attribute name="GC Util" value="214" />
  <attribute name="CPU Util" value="25659036145105" />
  <attribute name="Time Running"value="161106"/>
  <attribute name="Number of cores"value="16"/>
<gc-start id="3273" type="partial gc" contextid="3272" timestamp="2019-08-04T08:43:43.506">
  <mem-info id="3274" free="52428800" total="167772160" percent="31">
    <mem type="eden" free="0" total="48234496" percent="0" />
    <remembered-set count="36800" freebytes="6560000" totalbytes="6707200" percent="97" regionsoverflowed="0" regionsstable="8" regionsrebuilding="0"/>
  </mem-info>
</gc-start>
<allocation-stats totalBytes="48227136" >
  <allocated-bytes non-tlh="0" tlh="48227136" arrayletleaf="0"/>
  <largest-consumer threadName="Thread-24" threadId="0000000000F21300" bytes="5938280" />
</allocation-stats>
<gc-op id="3275" type="copy forward" timems="11.146" contextid="3272" timestamp="2019-08-04T08:43:43.519">
  <memory-copied type="eden" objects="11038" bytes="270328" bytesdiscarded="58128" />
  <memory-copied type="other" objects="27617" bytes="1074936" bytesdiscarded="70640" />
  <memory-cardclean objects="21624" bytes="1052784" />
  <remembered-set-cleared processed="27521" cleared="2839" durationms="0.537" />
  <stringconstants candidates="15136" cleared="0"  />
</gc-op>
<gc-op id="3276" type="classunload" timems="0.012" contextid="3272" timestamp="2019-08-04T08:43:43.519">
  <classunload-info classloadercandidates="55" classloadersunloaded="0" classesunloaded="0" anonymousclassesunloaded="0" quiescems="0.000" setupms="0.012" scanms="0.000" postms="0.000" />
</gc-op>
<heap-resize id="3277" type="expand" space="default" amount="10485760" count="1" timems="0.080" reason="excessive time being spent in gc" timestamp="2019-08-04T08:43:43.520" />
<gc-end id="3278" type="partial gc" contextid="3272" durationms="13.557" usertimems="18.155" systemtimems="9.397" timestamp="2019-08-04T08:43:43.520" activeThreads="16">
  <mem-info id="3279" free="106954752" total="178257920" percent="60">
    <mem type="eden" free="3865848" total="4194304" percent="92" />
    <remembered-set count="40064" freebytes="6966144" totalbytes="7126400" percent="97" regionsoverflowed="0" regionsstable="8" regionsrebuilding="0"/>
  </mem-info>
</gc-end>
<cycle-end id="3280" type="partial gc" contextid="3272" timestamp="2019-08-04T08:43:43.520">
  <attribute name="GC Util" value="170" />
  <attribute name="CPU Util" value="10376437528237" />
  <attribute name="Time Running"value="161301"/>
  <attribute name="Number of cores"value="16"/>
</cycle-end>
<exclusive-end id="3281" timestamp="2019-08-04T08:43:43.520" durationms="19.129" />

<exclusive-start id="3282" timestamp="2019-08-04T08:43:43.656" intervalms="154.845">
  <response-info timems="5.396" idlems="4.005" threads="4" lastid="0000000000F52200" lastname="Thread-26" />
</exclusive-start>
<allocation-taxation id="3283" taxation-threshold="52428800" timestamp="2019-08-04T08:43:43.656" intervalms="152.821" />
<cycle-start id="3284" type="partial gc" contextid="0" timestamp="2019-08-04T08:43:43.656" intervalms="150.120" />
  <attribute name="GC Util" value="170" />
  <attribute name="CPU Util" value="10376437528237" />
  <attribute name="Time Running"value="161301"/>
  <attribute name="Number of cores"value="16"/>
<gc-start id="3285" type="partial gc" contextid="3284" timestamp="2019-08-04T08:43:43.656">
  <mem-info id="3286" free="54525952" total="178257920" percent="30">
    <mem type="eden" free="0" total="52428800" percent="0" />
    <remembered-set count="39936" freebytes="6966656" totalbytes="7126400" percent="97" regionsoverflowed="0" regionsstable="8" regionsrebuilding="0"/>
  </mem-info>
</gc-start>
<allocation-stats totalBytes="52420616" >
  <allocated-bytes non-tlh="0" tlh="52420616" arrayletleaf="0"/>
  <largest-consumer threadName="Thread-27" threadId="0000000000F37A00" bytes="5713080" />
</allocation-stats>
<gc-op id="3287" type="copy forward" timems="11.682" contextid="3284" timestamp="2019-08-04T08:43:43.669">
  <memory-copied type="eden" objects="47385" bytes="1967080" bytesdiscarded="116144" />
  <memory-copied type="other" objects="11031" bytes="264744" bytesdiscarded="20224" />
  <memory-cardclean objects="29807" bytes="1513224" />
  <remembered-set-cleared processed="29047" cleared="4378" durationms="0.234" />
  <stringconstants candidates="15136" cleared="0"  />
</gc-op>
<gc-op id="3288" type="classunload" timems="0.011" contextid="3284" timestamp="2019-08-04T08:43:43.669">
  <classunload-info classloadercandidates="55" classloadersunloaded="0" classesunloaded="0" anonymousclassesunloaded="0" quiescems="0.000" setupms="0.011" scanms="0.000" postms="0.000" />
</gc-op>
<gc-end id="3289" type="partial gc" contextid="3284" durationms="12.791" usertimems="35.847" systemtimems="7.042" timestamp="2019-08-04T08:43:43.669" activeThreads="16">
  <mem-info id="3290" free="104857600" total="178257920" percent="58">
    <mem type="eden" free="2111080" total="4194304" percent="50" />
    <remembered-set count="40640" freebytes="6963840" totalbytes="7126400" percent="97" regionsoverflowed="0" regionsstable="8" regionsrebuilding="0"/>
  </mem-info>
</gc-end>
<cycle-end id="3291" type="partial gc" contextid="3284" timestamp="2019-08-04T08:43:43.669">
  <attribute name="GC Util" value="141" />
  <attribute name="CPU Util" value="32022815626315" />
  <attribute name="Time Running"value="161450"/>
  <attribute name="Number of cores"value="16"/>
</cycle-end>
<exclusive-end id="3292" timestamp="2019-08-04T08:43:43.669" durationms="13.547" />

<exclusive-start id="3293" timestamp="2019-08-04T08:43:43.821" intervalms="165.753">
  <response-info timems="4.354" idlems="2.440" threads="1" lastid="0000000000F24F00" lastname="Thread-28" />
</exclusive-start>
<allocation-taxation id="3294" taxation-threshold="52428800" timestamp="2019-08-04T08:43:43.822" intervalms="165.779" />
<cycle-start id="3295" type="partial gc" contextid="0" timestamp="2019-08-04T08:43:43.822" intervalms="165.787" />
  <attribute name="GC Util" value="141" />
  <attribute name="CPU Util" value="32022815626315" />
  <attribute name="Time Running"value="161450"/>
  <attribute name="Number of cores"value="16"/>
<gc-start id="3296" type="partial gc" contextid="3295" timestamp="2019-08-04T08:43:43.822">
  <mem-info id="3297" free="52428800" total="178257920" percent="29">
    <mem type="eden" free="0" total="52428800" percent="0" />
    <remembered-set count="40576" freebytes="6964096" totalbytes="7126400" percent="97" regionsoverflowed="0" regionsstable="8" regionsrebuilding="0"/>
  </mem-info>
</gc-start>
<allocation-stats totalBytes="52421280" >
  <allocated-bytes non-tlh="0" tlh="52421280" arrayletleaf="0"/>
  <largest-consumer threadName="Thread-21" threadId="0000000000F2C700" bytes="5864624" />
</allocation-stats>
<gc-op id="3298" type="copy forward" timems="12.175" contextid="3295" timestamp="2019-08-04T08:43:43.836">
  <memory-copied type="eden" objects="28370" bytes="961152" bytesdiscarded="173440" />
  <memory-copied type="other" objects="46675" bytes="1965872" bytesdiscarded="263640" />
  <memory-cardclean objects="22642" bytes="1121328" />
  <remembered-set-cleared processed="30075" cleared="3208" durationms="0.189" />
  <stringconstants candidates="15136" cleared="0"  />
</gc-op>
<gc-op id="3299" type="classunload" timems="0.015" contextid="3295" timestamp="2019-08-04T08:43:43.836">
  <classunload-info classloadercandidates="55" classloadersunloaded="0" classesunloaded="0" anonymousclassesunloaded="0" quiescems="0.000" setupms="0.015" scanms="0.000" postms="0.000" />
</gc-op>
<gc-end id="3300" type="partial gc" contextid="3295" durationms="14.040" usertimems="21.435" systemtimems="8.935" timestamp="2019-08-04T08:43:43.836" activeThreads="16">
  <mem-info id="3301" free="102760448" total="178257920" percent="57">
    <mem type="eden" free="962560" total="2097152" percent="45" />
    <remembered-set count="43392" freebytes="6952832" totalbytes="7126400" percent="97" regionsoverflowed="0" regionsstable="8" regionsrebuilding="0"/>
  </mem-info>
</gc-end>
<cycle-end id="3302" type="partial gc" contextid="3295" timestamp="2019-08-04T08:43:43.836">
  <attribute name="GC Util" value="71" />
  <attribute name="CPU Util" value="14221790349584" />
  <attribute name="Time Running"value="161616"/>
  <attribute name="Number of cores"value="16"/>
</cycle-end>
<exclusive-end id="3303" timestamp="2019-08-04T08:43:43.836" durationms="14.699" />

<exclusive-start id="3304" timestamp="2019-08-04T08:43:44.010" intervalms="188.502">
  <response-info timems="6.835" idlems="6.835" threads="0" lastid="0000000000F64D00" lastname="Thread-32" />
</exclusive-start>
<allocation-taxation id="3305" taxation-threshold="52428800" timestamp="2019-08-04T08:43:44.010" intervalms="188.481" />
<cycle-start id="3306" type="partial gc" contextid="0" timestamp="2019-08-04T08:43:44.010" intervalms="188.469" />
  <attribute name="GC Util" value="71" />
  <attribute name="CPU Util" value="14221790349584" />
  <attribute name="Time Running"value="161616"/>
  <attribute name="Number of cores"value="16"/>
<gc-start id="3307" type="partial gc" contextid="3306" timestamp="2019-08-04T08:43:44.011">
  <mem-info id="3308" free="50331648" total="178257920" percent="28">
    <mem type="eden" free="0" total="52428800" percent="0" />
    <remembered-set count="43392" freebytes="6952832" totalbytes="7126400" percent="97" regionsoverflowed="0" regionsstable="8" regionsrebuilding="0"/>
  </mem-info>
</gc-start>
<allocation-stats totalBytes="52421064" >
  <allocated-bytes non-tlh="0" tlh="52421064" arrayletleaf="0"/>
  <largest-consumer threadName="Thread-23" threadId="0000000000F0AB00" bytes="5582064" />
</allocation-stats>
<gc-op id="3309" type="copy forward" timems="9.994" contextid="3306" timestamp="2019-08-04T08:43:44.021">
  <memory-copied type="eden" objects="36500" bytes="1431392" bytesdiscarded="125000" />
  <memory-copied type="other" objects="27897" bytes="944280" bytesdiscarded="110184" />
  <memory-cardclean objects="35974" bytes="1774968" />
  <remembered-set-cleared processed="32079" cleared="3820" durationms="0.165" />
  <stringconstants candidates="15136" cleared="0"  />
</gc-op>
<gc-op id="3310" type="classunload" timems="0.010" contextid="3306" timestamp="2019-08-04T08:43:44.022">
  <classunload-info classloadercandidates="55" classloadersunloaded="0" classesunloaded="0" anonymousclassesunloaded="0" quiescems="0.000" setupms="0.010" scanms="0.000" postms="0.000" />
</gc-op>
<gc-end id="3311" type="partial gc" contextid="3306" durationms="11.070" usertimems="23.601" systemtimems="12.302" timestamp="2019-08-04T08:43:44.022" activeThreads="16">
  <mem-info id="3312" free="100663296" total="178257920" percent="56">
    <mem type="eden" free="540760" total="2097152" percent="25" />
    <remembered-set count="45344" freebytes="6945024" totalbytes="7126400" percent="97" regionsoverflowed="0" regionsstable="8" regionsrebuilding="0"/>
  </mem-info>
</gc-end>
<cycle-end id="3313" type="partial gc" contextid="3306" timestamp="2019-08-04T08:43:44.022">
  <attribute name="GC Util" value="144" />
  <attribute name="CPU Util" value="29952915989410" />
  <attribute name="Time Running"value="161804"/>
  <attribute name="Number of cores"value="16"/>
</cycle-end>
<exclusive-end id="3314" timestamp="2019-08-04T08:43:44.022" durationms="11.886" />

<exclusive-start id="3315" timestamp="2019-08-04T08:43:44.167" intervalms="157.418">
  <response-info timems="3.473" idlems="3.473" threads="0" lastid="0000000000F2C700" lastname="Thread-21" />
</exclusive-start>
<allocation-taxation id="3316" taxation-threshold="52428800" timestamp="2019-08-04T08:43:44.167" intervalms="157.406" />
<cycle-start id="3317" type="partial gc" contextid="0" timestamp="2019-08-04T08:43:44.168" intervalms="157.421" />
  <attribute name="GC Util" value="144" />
  <attribute name="CPU Util" value="29952915989410" />
  <attribute name="Time Running"value="161804"/>
  <attribute name="Number of cores"value="16"/>
<gc-start id="3318" type="partial gc" contextid="3317" timestamp="2019-08-04T08:43:44.168">
  <mem-info id="3319" free="48234496" total="178257920" percent="27">
    <mem type="eden" free="0" total="52428800" percent="0" />
    <remembered-set count="45056" freebytes="6946176" totalbytes="7126400" percent="97" regionsoverflowed="0" regionsstable="8" regionsrebuilding="0"/>
  </mem-info>
</gc-start>
<allocation-stats totalBytes="52421056" >
  <allocated-bytes non-tlh="0" tlh="52421056" arrayletleaf="0"/>
  <largest-consumer threadName="Thread-21" threadId="0000000000F2C700" bytes="6196368" />
</allocation-stats>
<gc-op id="3320" type="copy forward" timems="8.101" contextid="3317" timestamp="2019-08-04T08:43:44.177">
  <memory-copied type="eden" objects="17797" bytes="707560" bytesdiscarded="89320" />
  <memory-copied type="other" objects="51929" bytes="2636080" bytesdiscarded="184760" />
  <memory-cardclean objects="30753" bytes="1565024" />
  <remembered-set-cleared processed="32164" cleared="5983" durationms="0.242" />
  <references type="soft" candidates="2" cleared="0" enqueued="0" dynamicThreshold="18" maxThreshold="32" />
  <stringconstants candidates="15136" cleared="0"  />
</gc-op>
<gc-op id="3321" type="classunload" timems="0.009" contextid="3317" timestamp="2019-08-04T08:43:44.177">
  <classunload-info classloadercandidates="55" classloadersunloaded="0" classesunloaded="0" anonymousclassesunloaded="0" quiescems="0.000" setupms="0.009" scanms="0.000" postms="0.000" />
</gc-op>
<gc-end id="3322" type="partial gc" contextid="3317" durationms="9.756" usertimems="11.253" systemtimems="12.434" timestamp="2019-08-04T08:43:44.178" activeThreads="16">
  <mem-info id="3323" free="98566144" total="178257920" percent="55">
    <mem type="eden" free="1300272" total="2097152" percent="62" />
    <remembered-set count="45856" freebytes="6942976" totalbytes="7126400" percent="97" regionsoverflowed="0" regionsstable="8" regionsrebuilding="0"/>
  </mem-info>
</gc-end>
<cycle-end id="3324" type="partial gc" contextid="3317" timestamp="2019-08-04T08:43:44.178">
  <attribute name="GC Util" value="65" />
  <attribute name="CPU Util" value="15855467950282" />
  <attribute name="Time Running"value="161962"/>
  <attribute name="Number of cores"value="16"/>
</cycle-end>
<exclusive-end id="3325" timestamp="2019-08-04T08:43:44.178" durationms="10.338" />

<exclusive-start id="3326" timestamp="2019-08-04T08:43:44.351" intervalms="183.508">
  <response-info timems="21.416" idlems="21.416" threads="0" lastid="0000000000F64D00" lastname="Thread-32" />
</exclusive-start>
<allocation-taxation id="3327" taxation-threshold="52428800" timestamp="2019-08-04T08:43:44.351" intervalms="183.620" />
<cycle-start id="3328" type="partial gc" contextid="0" timestamp="2019-08-04T08:43:44.351" intervalms="183.741" />
  <attribute name="GC Util" value="65" />
  <attribute name="CPU Util" value="15855467950282" />
  <attribute name="Time Running"value="161962"/>
  <attribute name="Number of cores"value="16"/>
<gc-start id="3329" type="partial gc" contextid="3328" timestamp="2019-08-04T08:43:44.352">
  <mem-info id="3330" free="46137344" total="178257920" percent="25">
    <mem type="eden" free="0" total="52428800" percent="0" />
    <remembered-set count="45376" freebytes="6944896" totalbytes="7126400" percent="97" regionsoverflowed="0" regionsstable="8" regionsrebuilding="0"/>
  </mem-info>
</gc-start>
<allocation-stats totalBytes="52421240" >
  <allocated-bytes non-tlh="0" tlh="52421240" arrayletleaf="0"/>
  <largest-consumer threadName="Thread-32" threadId="0000000000F64D00" bytes="5049560" />
</allocation-stats>
<gc-op id="3331" type="copy forward" timems="16.052" contextid="3328" timestamp="2019-08-04T08:43:44.369">
  <memory-copied type="eden" objects="11014" bytes="407888" bytesdiscarded="18392" />
  <memory-copied type="other" objects="20090" bytes="1805464" bytesdiscarded="21336" />
  <memory-cardclean objects="23829" bytes="1223680" />
  <remembered-set-cleared processed="33824" cleared="5426" durationms="0.294" />
  <stringconstants candidates="15136" cleared="0"  />
</gc-op>
<gc-op id="3332" type="classunload" timems="0.009" contextid="3328" timestamp="2019-08-04T08:43:44.369">
  <classunload-info classloadercandidates="55" classloadersunloaded="0" classesunloaded="0" anonymousclassesunloaded="0" quiescems="0.000" setupms="0.009" scanms="0.000" postms="0.000" />
</gc-op>
<gc-end id="3333" type="partial gc" contextid="3328" durationms="17.571" usertimems="10.780" systemtimems="24.524" timestamp="2019-08-04T08:43:44.369" activeThreads="16">
  <mem-info id="3334" free="98566144" total="178257920" percent="55">
    <mem type="eden" free="1670872" total="2097152" percent="79" />
    <remembered-set count="43072" freebytes="6954112" totalbytes="7126400" percent="97" regionsoverflowed="0" regionsstable="8" regionsrebuilding="0"/>
  </mem-info>
</gc-end>
<cycle-end id="3335" type="partial gc" contextid="3328" timestamp="2019-08-04T08:43:44.369">
  <attribute name="GC Util" value="98" />
  <attribute name="CPU Util" value="17919723851954" />
  <attribute name="Time Running"value="162146"/>
  <attribute name="Number of cores"value="16"/>
</cycle-end>
<exclusive-end id="3336" timestamp="2019-08-04T08:43:44.369" durationms="18.453" />

<exclusive-start id="3337" timestamp="2019-08-04T08:43:44.524" intervalms="173.434">
  <response-info timems="2.873" idlems="2.873" threads="0" lastid="0000000000F12300" lastname="Thread-35" />
</exclusive-start>
<allocation-taxation id="3338" taxation-threshold="52428800" timestamp="2019-08-04T08:43:44.524" intervalms="173.323" />
<cycle-start id="3339" type="partial gc" contextid="0" timestamp="2019-08-04T08:43:44.524" intervalms="173.194" />
  <attribute name="GC Util" value="98" />
  <attribute name="CPU Util" value="17919723851954" />
  <attribute name="Time Running"value="162146"/>
  <attribute name="Number of cores"value="16"/>
<gc-start id="3340" type="partial gc" contextid="3339" timestamp="2019-08-04T08:43:44.525">
  <mem-info id="3341" free="46137344" total="178257920" percent="25">
    <mem type="eden" free="0" total="52428800" percent="0" />
    <remembered-set count="42464" freebytes="6956544" totalbytes="7126400" percent="97" regionsoverflowed="0" regionsstable="9" regionsrebuilding="0"/>
  </mem-info>
</gc-start>
<allocation-stats totalBytes="52421128" >
  <allocated-bytes non-tlh="0" tlh="52421128" arrayletleaf="0"/>
  <largest-consumer threadName="Thread-33" threadId="0000000000F61100" bytes="5283144" />
</allocation-stats>
<gc-op id="3342" type="copy forward" timems="19.457" contextid="3339" timestamp="2019-08-04T08:43:44.546">
  <memory-copied type="eden" objects="16523" bytes="677224" bytesdiscarded="59000" />
  <memory-copied type="other" objects="9909" bytes="375192" bytesdiscarded="40392" />
  <memory-cardclean objects="14360" bytes="741576" />
  <remembered-set-cleared processed="34367" cleared="4314" durationms="0.225" />
  <stringconstants candidates="15136" cleared="0"  />
</gc-op>
<gc-op id="3343" type="classunload" timems="0.010" contextid="3339" timestamp="2019-08-04T08:43:44.546">
  <classunload-info classloadercandidates="55" classloadersunloaded="0" classesunloaded="0" anonymousclassesunloaded="0" quiescems="0.000" setupms="0.010" scanms="0.000" postms="0.000" />
</gc-op>
<gc-end id="3344" type="partial gc" contextid="3339" durationms="20.943" usertimems="14.436" systemtimems="32.070" timestamp="2019-08-04T08:43:44.546" activeThreads="16">
  <mem-info id="3345" free="96468992" total="178257920" percent="54">
    <mem type="eden" free="1360928" total="2097152" percent="64" />
    <remembered-set count="42240" freebytes="6957440" totalbytes="7126400" percent="97" regionsoverflowed="0" regionsstable="9" regionsrebuilding="0"/>
  </mem-info>
</gc-end>
<cycle-end id="3346" type="partial gc" contextid="3339" timestamp="2019-08-04T08:43:44.546">
  <attribute name="GC Util" value="76" />
  <attribute name="CPU Util" value="18532139023494" />
  <attribute name="Time Running"value="162319"/>
  <attribute name="Number of cores"value="16"/>
</cycle-end>
<exclusive-end id="3347" timestamp="2019-08-04T08:43:44.546" durationms="21.558" />

<exclusive-start id="3348" timestamp="2019-08-04T08:43:44.699" intervalms="174.708">
  <response-info timems="3.181" idlems="3.181" threads="0" lastid="0000000000F64D00" lastname="Thread-32" />
</exclusive-start>
<allocation-taxation id="3349" taxation-threshold="52428800" timestamp="2019-08-04T08:43:44.699" intervalms="174.747" />
<cycle-start id="3350" type="partial gc" contextid="0" timestamp="2019-08-04T08:43:44.699" intervalms="174.784" />
  <attribute name="GC Util" value="76" />
  <attribute name="CPU Util" value="18532139023494" />
  <attribute name="Time Running"value="162319"/>
  <attribute name="Number of cores"value="16"/>
<gc-start id="3351" type="partial gc" contextid="3350" timestamp="2019-08-04T08:43:44.699">
  <mem-info id="3352" free="44040192" total="178257920" percent="24">
    <mem type="eden" free="0" total="52428800" percent="0" />
    <remembered-set count="42112" freebytes="6957952" totalbytes="7126400" percent="97" regionsoverflowed="0" regionsstable="9" regionsrebuilding="0"/>
  </mem-info>
</gc-start>
<allocation-stats totalBytes="52421472" >
  <allocated-bytes non-tlh="0" tlh="52421472" arrayletleaf="0"/>
  <largest-consumer threadName="Thread-35" threadId="0000000000F12300" bytes="5446904" />
</allocation-stats>
<gc-op id="3353" type="copy forward" timems="15.735" contextid="3350" timestamp="2019-08-04T08:43:44.716">
  <memory-copied type="eden" objects="5405" bytes="136056" bytesdiscarded="49984" />
  <memory-copied type="other" objects="18621" bytes="721656" bytesdiscarded="85432" />
  <memory-cardclean objects="21779" bytes="1074864" />
  <remembered-set-cleared processed="32635" cleared="5289" durationms="0.224" />
  <stringconstants candidates="15136" cleared="0"  />
</gc-op>
<gc-op id="3354" type="classunload" timems="0.010" contextid="3350" timestamp="2019-08-04T08:43:44.716">
  <classunload-info classloadercandidates="55" classloadersunloaded="0" classesunloaded="0" anonymousclassesunloaded="0" quiescems="0.000" setupms="0.010" scanms="0.000" postms="0.000" />
</gc-op>
<gc-end id="3355" type="partial gc" contextid="3350" durationms="16.845" usertimems="21.226" systemtimems="21.228" timestamp="2019-08-04T08:43:44.716" activeThreads="16">
  <mem-info id="3356" free="94371840" total="178257920" percent="52">
    <mem type="eden" free="1911112" total="2097152" percent="91" />
    <remembered-set count="44288" freebytes="6949248" totalbytes="7126400" percent="97" regionsoverflowed="0" regionsstable="9" regionsrebuilding="0"/>
  </mem-info>
</gc-end>
<cycle-end id="3357" type="partial gc" contextid="3350" timestamp="2019-08-04T08:43:44.716">
  <attribute name="GC Util" value="196" />
  <attribute name="CPU Util" value="29938915325878" />
  <attribute name="Time Running"value="162493"/>
  <attribute name="Number of cores"value="16"/>
</cycle-end>
<exclusive-end id="3358" timestamp="2019-08-04T08:43:44.717" durationms="17.567" />

<exclusive-start id="3359" timestamp="2019-08-04T08:43:44.850" intervalms="150.677">
  <response-info timems="3.048" idlems="3.048" threads="0" lastid="0000000000F3B600" lastname="Thread-22" />
</exclusive-start>
<allocation-taxation id="3360" taxation-threshold="52428800" timestamp="2019-08-04T08:43:44.850" intervalms="150.644" />
<cycle-start id="3361" type="partial gc" contextid="0" timestamp="2019-08-04T08:43:44.850" intervalms="150.626" />
  <attribute name="GC Util" value="196" />
  <attribute name="CPU Util" value="29938915325878" />
  <attribute name="Time Running"value="162493"/>
  <attribute name="Number of cores"value="16"/>
<gc-start id="3362" type="partial gc" contextid="3361" timestamp="2019-08-04T08:43:44.850">
  <mem-info id="3363" free="41943040" total="178257920" percent="23">
    <mem type="eden" free="0" total="52428800" percent="0" />
    <remembered-set count="44256" freebytes="6949376" totalbytes="7126400" percent="97" regionsoverflowed="0" regionsstable="9" regionsrebuilding="0"/>
  </mem-info>
</gc-start>
<allocation-stats totalBytes="52421632" >
  <allocated-bytes non-tlh="0" tlh="52421632" arrayletleaf="0"/>
  <largest-consumer threadName="Thread-23" threadId="0000000000F0AB00" bytes="5209432" />
</allocation-stats>
<gc-op id="3364" type="copy forward" timems="19.998" contextid="3361" timestamp="2019-08-04T08:43:44.872">
  <memory-copied type="eden" objects="10832" bytes="403280" bytesdiscarded="27944" />
  <memory-copied type="other" objects="10923" bytes="399528" bytesdiscarded="18696" />
  <memory-cardclean objects="19755" bytes="986376" />
  <remembered-set-cleared processed="32521" cleared="4878" durationms="0.532" />
  <stringconstants candidates="15136" cleared="0"  />
</gc-op>
<gc-op id="3365" type="classunload" timems="0.013" contextid="3361" timestamp="2019-08-04T08:43:44.872">
  <classunload-info classloadercandidates="55" classloadersunloaded="0" classesunloaded="0" anonymousclassesunloaded="0" quiescems="0.000" setupms="0.013" scanms="0.000" postms="0.000" />
</gc-op>
<gc-end id="3366" type="partial gc" contextid="3361" durationms="22.055" usertimems="36.164" systemtimems="30.066" timestamp="2019-08-04T08:43:44.872" activeThreads="16">
  <mem-info id="3367" free="92274688" total="178257920" percent="51">
    <mem type="eden" free="1665928" total="2097152" percent="79" />
    <remembered-set count="44576" freebytes="6948096" totalbytes="7126400" percent="97" regionsoverflowed="0" regionsstable="9" regionsrebuilding="0"/>
  </mem-info>
</gc-end>
<cycle-end id="3368" type="partial gc" contextid="3361" timestamp="2019-08-04T08:43:44.872">
  <attribute name="GC Util" value="314" />
  <attribute name="CPU Util" value="13113599404250" />
  <attribute name="Time Running"value="162645"/>
  <attribute name="Number of cores"value="16"/>
</cycle-end>
<exclusive-end id="3369" timestamp="2019-08-04T08:43:44.873" durationms="22.820" />

<exclusive-start id="3370" timestamp="2019-08-04T08:43:44.947" intervalms="96.831">
  <response-info timems="0.641" idlems="0.273" threads="4" lastid="0000000000F0E700" lastname="Thread-25" />
</exclusive-start>
<allocation-taxation id="3371" taxation-threshold="52428800" timestamp="2019-08-04T08:43:44.947" intervalms="96.839" />
<cycle-start id="3372" type="partial gc" contextid="0" timestamp="2019-08-04T08:43:44.947" intervalms="96.879" />
  <attribute name="GC Util" value="314" />
  <attribute name="CPU Util" value="13113599404250" />
  <attribute name="Time Running"value="162645"/>
  <attribute name="Number of cores"value="16"/>
<gc-start id="3373" type="partial gc" contextid="3372" timestamp="2019-08-04T08:43:44.947">
  <mem-info id="3374" free="39845888" total="178257920" percent="22">
    <mem type="eden" free="0" total="52428800" percent="0" />
    <remembered-set count="44160" freebytes="6949760" totalbytes="7126400" percent="97" regionsoverflowed="0" regionsstable="9" regionsrebuilding="0"/>
  </mem-info>
</gc-start>
<allocation-stats totalBytes="52420760" >
  <allocated-bytes non-tlh="0" tlh="52420760" arrayletleaf="0"/>
  <largest-consumer threadName="Thread-24" threadId="0000000000F21300" bytes="5623040" />
</allocation-stats>
<gc-op id="3375" type="copy forward" timems="12.430" contextid="3372" timestamp="2019-08-04T08:43:44.961">
  <memory-copied type="eden" objects="4846" bytes="121960" bytesdiscarded="11576" />
  <memory-copied type="other" objects="11741" bytes="419160" bytesdiscarded="31880" />
  <memory-cardclean objects="20993" bytes="1033776" />
  <remembered-set-cleared processed="33592" cleared="6663" durationms="0.513" />
  <stringconstants candidates="15136" cleared="0"  />
</gc-op>
<gc-op id="3376" type="classunload" timems="0.010" contextid="3372" timestamp="2019-08-04T08:43:44.961">
  <classunload-info classloadercandidates="55" classloadersunloaded="0" classesunloaded="0" anonymousclassesunloaded="0" quiescems="0.000" setupms="0.010" scanms="0.000" postms="0.000" />
</gc-op>
<heap-resize id="3377" type="expand" space="default" amount="31457280" count="1" timems="0.094" reason="excessive time being spent in gc" timestamp="2019-08-04T08:43:44.961" />
<gc-end id="3378" type="partial gc" contextid="3372" durationms="14.213" usertimems="17.992" systemtimems="18.079" timestamp="2019-08-04T08:43:44.961" activeThreads="16">
  <mem-info id="3379" free="119537664" total="209715200" percent="57">
    <mem type="eden" free="4060768" total="4194304" percent="96" />
    <remembered-set count="43936" freebytes="8208256" totalbytes="8384000" percent="97" regionsoverflowed="0" regionsstable="9" regionsrebuilding="0"/>
  </mem-info>
</gc-end>
<cycle-end id="3380" type="partial gc" contextid="3372" timestamp="2019-08-04T08:43:44.961">
  <attribute name="GC Util" value="138" />
  <attribute name="CPU Util" value="19086246695185" />
  <attribute name="Time Running"value="162741"/>
  <attribute name="Number of cores"value="16"/>
</cycle-end>
<exclusive-end id="3381" timestamp="2019-08-04T08:43:44.961" durationms="14.964" />

<exclusive-start id="3382" timestamp="2019-08-04T08:43:45.018" intervalms="71.349">
  <response-info timems="0.511" idlems="0.191" threads="2" lastid="0000000000F19B00" lastname="Thread-34" />
</exclusive-start>
<allocation-taxation id="3383" taxation-threshold="58720256" timestamp="2019-08-04T08:43:45.018" intervalms="71.336" />
<cycle-start id="3384" type="partial gc" contextid="0" timestamp="2019-08-04T08:43:45.018" intervalms="71.248" />
  <attribute name="GC Util" value="138" />
  <attribute name="CPU Util" value="19086246695185" />
  <attribute name="Time Running"value="162741"/>
  <attribute name="Number of cores"value="16"/>
<gc-start id="3385" type="partial gc" contextid="3384" timestamp="2019-08-04T08:43:45.018">
  <mem-info id="3386" free="60817408" total="209715200" percent="29">
    <mem type="eden" free="0" total="58720256" percent="0" />
    <remembered-set count="43648" freebytes="8209408" totalbytes="8384000" percent="97" regionsoverflowed="0" regionsstable="9" regionsrebuilding="0"/>
  </mem-info>
</gc-start>
<allocation-stats totalBytes="58711584" >
  <allocated-bytes non-tlh="0" tlh="58711584" arrayletleaf="0"/>
  <largest-consumer threadName="Thread-30" threadId="0000000000F06F00" bytes="5962968" />
</allocation-stats>
<gc-op id="3387" type="copy forward" timems="15.931" contextid="3384" timestamp="2019-08-04T08:43:45.035">
  <memory-copied type="eden" objects="28448" bytes="1100232" bytesdiscarded="60312" />
  <memory-copied type="other" objects="19290" bytes="1562152" bytesdiscarded="255344" />
  <memory-cardclean objects="45558" bytes="2308928" />
  <remembered-set-cleared processed="25668" cleared="14713" durationms="0.208" />
  <references type="soft" candidates="13" cleared="0" enqueued="0" dynamicThreshold="18" maxThreshold="32" />
  <references type="weak" candidates="13" cleared="0" enqueued="0" />
  <references type="phantom" candidates="2" cleared="0" enqueued="0" />
  <stringconstants candidates="15136" cleared="0"  />
</gc-op>
<gc-op id="3388" type="classunload" timems="0.011" contextid="3384" timestamp="2019-08-04T08:43:45.035">
  <classunload-info classloadercandidates="55" classloadersunloaded="0" classesunloaded="0" anonymousclassesunloaded="0" quiescems="0.000" setupms="0.011" scanms="0.000" postms="0.000" />
</gc-op>
<heap-resize id="3389" type="expand" space="default" amount="10485760" count="1" timems="0.063" reason="excessive time being spent in gc" timestamp="2019-08-04T08:43:45.036" />
<gc-end id="3390" type="partial gc" contextid="3384" durationms="17.326" usertimems="22.672" systemtimems="19.981" timestamp="2019-08-04T08:43:45.036" activeThreads="16">
  <mem-info id="3391" free="132120576" total="220200960" percent="60">
    <mem type="eden" free="3033760" total="4194304" percent="72" />
    <remembered-set count="36832" freebytes="8655872" totalbytes="8803200" percent="98" regionsoverflowed="0" regionsstable="9" regionsrebuilding="0"/>
  </mem-info>
</gc-end>
<cycle-end id="3392" type="partial gc" contextid="3384" timestamp="2019-08-04T08:43:45.036">
  <attribute name="GC Util" value="127" />
  <attribute name="CPU Util" value="23336276174203" />
  <attribute name="Time Running"value="162812"/>
  <attribute name="Number of cores"value="16"/>
</cycle-end>
<exclusive-end id="3393" timestamp="2019-08-04T08:43:45.036" durationms="18.027" />

<exclusive-start id="3394" timestamp="2019-08-04T08:43:45.100" intervalms="82.492">
  <response-info timems="3.741" idlems="3.741" threads="0" lastid="0000000000F55E00" lastname="Thread-36" />
</exclusive-start>
<allocation-taxation id="3395" taxation-threshold="62914560" timestamp="2019-08-04T08:43:45.100" intervalms="82.501" />
<cycle-start id="3396" type="partial gc" contextid="0" timestamp="2019-08-04T08:43:45.100" intervalms="82.504" />
  <attribute name="GC Util" value="127" />
  <attribute name="CPU Util" value="23336276174203" />
  <attribute name="Time Running"value="162812"/>
  <attribute name="Number of cores"value="16"/>
<gc-start id="3397" type="partial gc" contextid="3396" timestamp="2019-08-04T08:43:45.101">
  <mem-info id="3398" free="69206016" total="220200960" percent="31">
    <mem type="eden" free="0" total="62914560" percent="0" />
    <remembered-set count="36736" freebytes="8656256" totalbytes="8803200" percent="98" regionsoverflowed="0" regionsstable="9" regionsrebuilding="0"/>
  </mem-info>
</gc-start>
<allocation-stats totalBytes="62905104" >
  <allocated-bytes non-tlh="0" tlh="62905104" arrayletleaf="0"/>
  <largest-consumer threadName="Thread-25" threadId="0000000000F0E700" bytes="6302920" />
</allocation-stats>
<gc-op id="3399" type="copy forward" timems="9.063" contextid="3396" timestamp="2019-08-04T08:43:45.111">
  <memory-copied type="eden" objects="20582" bytes="774176" bytesdiscarded="81448" />
  <memory-copied type="other" objects="44616" bytes="1895040" bytesdiscarded="181928" />
  <memory-cardclean objects="17993" bytes="907352" />
  <remembered-set-cleared processed="24071" cleared="9241" durationms="0.325" />
  <stringconstants candidates="15136" cleared="0"  />
</gc-op>
<gc-op id="3400" type="classunload" timems="0.009" contextid="3396" timestamp="2019-08-04T08:43:45.111">
  <classunload-info classloadercandidates="55" classloadersunloaded="0" classesunloaded="0" anonymousclassesunloaded="0" quiescems="0.000" setupms="0.009" scanms="0.000" postms="0.000" />
</gc-op>
<gc-end id="3401" type="partial gc" contextid="3396" durationms="10.215" usertimems="18.521" systemtimems="12.049" timestamp="2019-08-04T08:43:45.111" activeThreads="16">
  <mem-info id="3402" free="134217728" total="220200960" percent="60">
    <mem type="eden" free="1241528" total="2097152" percent="59" />
    <remembered-set count="32448" freebytes="8673408" totalbytes="8803200" percent="98" regionsoverflowed="0" regionsstable="9" regionsrebuilding="0"/>
  </mem-info>
</gc-end>
<cycle-end id="3403" type="partial gc" contextid="3396" timestamp="2019-08-04T08:43:45.111">
  <attribute name="GC Util" value="133" />
  <attribute name="CPU Util" value="29287192020572" />
  <attribute name="Time Running"value="162894"/>
  <attribute name="Number of cores"value="16"/>
</cycle-end>
<exclusive-end id="3404" timestamp="2019-08-04T08:43:45.111" durationms="10.910" />

<exclusive-start id="3405" timestamp="2019-08-04T08:43:45.160" intervalms="59.415">
  <response-info timems="0.618" idlems="0.618" threads="0" lastid="0000000000F64D00" lastname="Thread-32" />
</exclusive-start>
<allocation-taxation id="3406" taxation-threshold="62914560" timestamp="2019-08-04T08:43:45.160" intervalms="59.474" />
<cycle-start id="3407" type="partial gc" contextid="0" timestamp="2019-08-04T08:43:45.160" intervalms="59.491" />
  <attribute name="GC Util" value="133" />
  <attribute name="CPU Util" value="29287192020572" />
  <attribute name="Time Running"value="162894"/>
  <attribute name="Number of cores"value="16"/>
<gc-start id="3408" type="partial gc" contextid="3407" timestamp="2019-08-04T08:43:45.160">
  <mem-info id="3409" free="71303168" total="220200960" percent="32">
    <mem type="eden" free="0" total="62914560" percent="0" />
    <remembered-set count="32064" freebytes="8674944" totalbytes="8803200" percent="98" regionsoverflowed="0" regionsstable="9" regionsrebuilding="0"/>
  </mem-info>
</gc-start>
<allocation-stats totalBytes="62904824" >
  <allocated-bytes non-tlh="0" tlh="62904824" arrayletleaf="0"/>
  <largest-consumer threadName="Thread-30" threadId="0000000000F06F00" bytes="6999000" />
</allocation-stats>
<gc-op id="3410" type="copy forward" timems="20.219" contextid="3407" timestamp="2019-08-04T08:43:45.182">
  <memory-copied type="eden" objects="14132" bytes="481960" bytesdiscarded="55008" />
  <memory-copied type="other" objects="32624" bytes="1332480" bytesdiscarded="91152" />
  <memory-cardclean objects="24427" bytes="1226888" />
  <remembered-set-cleared processed="20470" cleared="6243" durationms="0.500" />
  <stringconstants candidates="15136" cleared="0"  />
</gc-op>
<gc-op id="3411" type="classunload" timems="0.014" contextid="3407" timestamp="2019-08-04T08:43:45.182">
  <classunload-info classloadercandidates="55" classloadersunloaded="0" classesunloaded="0" anonymousclassesunloaded="0" quiescems="0.000" setupms="0.014" scanms="0.000" postms="0.000" />
</gc-op>
<gc-end id="3412" type="partial gc" contextid="3407" durationms="21.771" usertimems="26.409" systemtimems="27.733" timestamp="2019-08-04T08:43:45.182" activeThreads="16">
  <mem-info id="3413" free="132120576" total="220200960" percent="60">
    <mem type="eden" free="1560184" total="2097152" percent="74" />
    <remembered-set count="32224" freebytes="8674304" totalbytes="8803200" percent="98" regionsoverflowed="0" regionsstable="9" regionsrebuilding="0"/>
  </mem-info>
</gc-end>
<cycle-end id="3414" type="partial gc" contextid="3407" timestamp="2019-08-04T08:43:45.182">
  <attribute name="GC Util" value="159" />
  <attribute name="CPU Util" value="18399529708299" />
  <attribute name="Time Running"value="162954"/>
  <attribute name="Number of cores"value="16"/>
</cycle-end>
<exclusive-end id="3415" timestamp="2019-08-04T08:43:45.182" durationms="22.576" />

<exclusive-start id="3416" timestamp="2019-08-04T08:43:45.242" intervalms="82.465">
  <response-info timems="4.239" idlems="4.232" threads="1" lastid="0000000000F0AB00" lastname="Thread-23" />
</exclusive-start>
<allocation-taxation id="3417" taxation-threshold="62914560" timestamp="2019-08-04T08:43:45.242" intervalms="82.432" />
<cycle-start id="3418" type="partial gc" contextid="0" timestamp="2019-08-04T08:43:45.242" intervalms="82.462" />
  <attribute name="GC Util" value="159" />
  <attribute name="CPU Util" value="18399529708299" />
  <attribute name="Time Running"value="162954"/>
  <attribute name="Number of cores"value="16"/>
<gc-start id="3419" type="partial gc" contextid="3418" timestamp="2019-08-04T08:43:45.243">
  <mem-info id="3420" free="69206016" total="220200960" percent="31">
    <mem type="eden" free="0" total="62914560" percent="0" />
    <remembered-set count="31904" freebytes="8675584" totalbytes="8803200" percent="98" regionsoverflowed="0" regionsstable="9" regionsrebuilding="0"/>
  </mem-info>
</gc-start>
<allocation-stats totalBytes="62905104" >
  <allocated-bytes non-tlh="0" tlh="62905104" arrayletleaf="0"/>
  <largest-consumer threadName="Thread-30" threadId="0000000000F06F00" bytes="9186064" />
</allocation-stats>
<gc-op id="3421" type="copy forward" timems="27.235" contextid="3418" timestamp="2019-08-04T08:43:45.271">
  <memory-copied type="eden" objects="18727" bytes="730032" bytesdiscarded="65464" />
  <memory-copied type="other" objects="36264" bytes="1557216" bytesdiscarded="174272" />
  <memory-cardclean objects="20084" bytes="1068872" />
  <remembered-set-cleared processed="20187" cleared="5900" durationms="0.384" />
  <stringconstants candidates="15136" cleared="0"  />
</gc-op>
<gc-op id="3422" type="classunload" timems="0.017" contextid="3418" timestamp="2019-08-04T08:43:45.271">
  <classunload-info classloadercandidates="55" classloadersunloaded="0" classesunloaded="0" anonymousclassesunloaded="0" quiescems="0.000" setupms="0.017" scanms="0.000" postms="0.000" />
</gc-op>
<heap-resize id="3423" type="expand" space="default" amount="6291456" count="1" timems="0.074" reason="excessive time being spent in gc" timestamp="2019-08-04T08:43:45.271" />
<gc-end id="3424" type="partial gc" contextid="3418" durationms="28.619" usertimems="40.117" systemtimems="36.461" timestamp="2019-08-04T08:43:45.271" activeThreads="16">
  <mem-info id="3425" free="136314880" total="226492416" percent="60">
    <mem type="eden" free="1301656" total="2097152" percent="62" />
    <remembered-set count="35648" freebytes="8912128" totalbytes="9054720" percent="98" regionsoverflowed="0" regionsstable="9" regionsrebuilding="0"/>
  </mem-info>
</gc-end>
<cycle-end id="3426" type="partial gc" contextid="3418" timestamp="2019-08-04T08:43:45.271">
  <attribute name="GC Util" value="142" />
  <attribute name="CPU Util" value="23710039788634" />
  <attribute name="Time Running"value="163037"/>
  <attribute name="Number of cores"value="16"/>
</cycle-end>
<exclusive-end id="3427" timestamp="2019-08-04T08:43:45.272" durationms="29.351" />

<exclusive-start id="3428" timestamp="2019-08-04T08:43:45.324" intervalms="82.101">
  <response-info timems="2.264" idlems="2.223" threads="2" lastid="0000000000F61100" lastname="Thread-33" />
</exclusive-start>
<allocation-taxation id="3429" taxation-threshold="62914560" timestamp="2019-08-04T08:43:45.324" intervalms="82.076" />
<cycle-start id="3430" type="partial gc" contextid="0" timestamp="2019-08-04T08:43:45.325" intervalms="82.063" />
  <attribute name="GC Util" value="142" />
  <attribute name="CPU Util" value="23710039788634" />
  <attribute name="Time Running"value="163037"/>
  <attribute name="Number of cores"value="16"/>
<gc-start id="3431" type="partial gc" contextid="3430" timestamp="2019-08-04T08:43:45.325">
  <mem-info id="3432" free="73400320" total="226492416" percent="32">
    <mem type="eden" free="0" total="62914560" percent="0" />
    <remembered-set count="35264" freebytes="8913664" totalbytes="9054720" percent="98" regionsoverflowed="0" regionsstable="9" regionsrebuilding="0"/>
  </mem-info>
</gc-start>
<allocation-stats totalBytes="62905128" >
  <allocated-bytes non-tlh="0" tlh="62905128" arrayletleaf="0"/>
  <largest-consumer threadName="Thread-30" threadId="0000000000F06F00" bytes="7629768" />
</allocation-stats>
<gc-op id="3433" type="copy forward" timems="20.966" contextid="3430" timestamp="2019-08-04T08:43:45.347">
  <memory-copied type="eden" objects="10188" bytes="249840" bytesdiscarded="42096" />
  <memory-copied type="other" objects="24372" bytes="859680" bytesdiscarded="91448" />
  <memory-cardclean objects="27387" bytes="1449056" />
  <remembered-set-cleared processed="21412" cleared="7584" durationms="0.566" />
  <stringconstants candidates="15136" cleared="0"  />
</gc-op>
<gc-op id="3434" type="classunload" timems="0.018" contextid="3430" timestamp="2019-08-04T08:43:45.347">
  <classunload-info classloadercandidates="55" classloadersunloaded="0" classesunloaded="0" anonymousclassesunloaded="0" quiescems="0.000" setupms="0.018" scanms="0.000" postms="0.000" />
</gc-op>
<heap-resize id="3435" type="expand" space="default" amount="4194304" count="1" timems="0.057" reason="excessive time being spent in gc" timestamp="2019-08-04T08:43:45.347" />
<gc-end id="3436" type="partial gc" contextid="3430" durationms="22.315" usertimems="21.100" systemtimems="28.587" timestamp="2019-08-04T08:43:45.347" activeThreads="16">
  <mem-info id="3437" free="138412032" total="230686720" percent="60">
    <mem type="eden" free="1805216" total="2097152" percent="86" />
    <remembered-set count="33376" freebytes="9088896" totalbytes="9222400" percent="98" regionsoverflowed="0" regionsstable="9" regionsrebuilding="0"/>
  </mem-info>
</gc-end>
<cycle-end id="3438" type="partial gc" contextid="3430" timestamp="2019-08-04T08:43:45.347">
  <attribute name="GC Util" value="224" />
  <attribute name="CPU Util" value="25823911268812" />
  <attribute name="Time Running"value="163118"/>
  <attribute name="Number of cores"value="16"/>
</cycle-end>
<exclusive-end id="3439" timestamp="2019-08-04T08:43:45.347" durationms="22.988" />

<exclusive-start id="3440" timestamp="2019-08-04T08:43:45.414" intervalms="89.264">
  <response-info timems="1.589" idlems="1.589" threads="0" lastid="0000000000F55E00" lastname="Thread-36" />
</exclusive-start>
<allocation-taxation id="3441" taxation-threshold="65011712" timestamp="2019-08-04T08:43:45.414" intervalms="89.269" />
<cycle-start id="3442" type="partial gc" contextid="0" timestamp="2019-08-04T08:43:45.414" intervalms="89.249" />
  <attribute name="GC Util" value="224" />
  <attribute name="CPU Util" value="25823911268812" />
  <attribute name="Time Running"value="163118"/>
  <attribute name="Number of cores"value="16"/>
<gc-start id="3443" type="partial gc" contextid="3442" timestamp="2019-08-04T08:43:45.414">
  <mem-info id="3444" free="73400320" total="230686720" percent="31">
    <mem type="eden" free="0" total="65011712" percent="0" />
    <remembered-set count="33248" freebytes="9089408" totalbytes="9222400" percent="98" regionsoverflowed="0" regionsstable="9" regionsrebuilding="0"/>
  </mem-info>
</gc-start>
<allocation-stats totalBytes="65001712" >
  <allocated-bytes non-tlh="0" tlh="65001712" arrayletleaf="0"/>
  <largest-consumer threadName="Thread-30" threadId="0000000000F06F00" bytes="8125480" />
</allocation-stats>
<gc-op id="3445" type="copy forward" timems="20.041" contextid="3442" timestamp="2019-08-04T08:43:45.436">
  <memory-copied type="eden" objects="27537" bytes="1078424" bytesdiscarded="79128" />
  <memory-copied type="other" objects="23584" bytes="840768" bytesdiscarded="60096" />
  <memory-cardclean objects="28571" bytes="1428704" />
  <remembered-set-cleared processed="20564" cleared="5457" durationms="0.175" />
  <stringconstants candidates="15136" cleared="0"  />
</gc-op>
<gc-op id="3446" type="classunload" timems="0.016" contextid="3442" timestamp="2019-08-04T08:43:45.436">
  <classunload-info classloadercandidates="55" classloadersunloaded="0" classesunloaded="0" anonymousclassesunloaded="0" quiescems="0.000" setupms="0.016" scanms="0.000" postms="0.000" />
</gc-op>
<heap-resize id="3447" type="expand" space="default" amount="6291456" count="1" timems="0.068" reason="excessive time being spent in gc" timestamp="2019-08-04T08:43:45.436" />
<gc-end id="3448" type="partial gc" contextid="3442" durationms="21.906" usertimems="42.263" systemtimems="32.171" timestamp="2019-08-04T08:43:45.436" activeThreads="16">
  <mem-info id="3449" free="142606336" total="236978176" percent="60">
    <mem type="eden" free="939600" total="2097152" percent="44" />
    <remembered-set count="34752" freebytes="9334912" totalbytes="9473920" percent="98" regionsoverflowed="0" regionsstable="9" regionsrebuilding="0"/>
  </mem-info>
</gc-end>
<cycle-end id="3450" type="partial gc" contextid="3442" timestamp="2019-08-04T08:43:45.436">
  <attribute name="GC Util" value="140" />
  <attribute name="CPU Util" value="18110698866373" />
  <attribute name="Time Running"value="163208"/>
  <attribute name="Number of cores"value="16"/>
</cycle-end>
<exclusive-end id="3451" timestamp="2019-08-04T08:43:45.436" durationms="22.783" />

<exclusive-start id="3452" timestamp="2019-08-04T08:43:45.522" intervalms="107.987">
  <response-info timems="4.046" idlems="4.046" threads="0" lastid="0000000000F64D00" lastname="Thread-32" />
</exclusive-start>
<allocation-taxation id="3453" taxation-threshold="67108864" timestamp="2019-08-04T08:43:45.522" intervalms="108.011" />
<cycle-start id="3454" type="partial gc" contextid="0" timestamp="2019-08-04T08:43:45.522" intervalms="108.121" />
  <attribute name="GC Util" value="140" />
  <attribute name="CPU Util" value="18110698866373" />
  <attribute name="Time Running"value="163208"/>
  <attribute name="Number of cores"value="16"/>
<gc-start id="3455" type="partial gc" contextid="3454" timestamp="2019-08-04T08:43:45.522">
  <mem-info id="3456" free="75497472" total="236978176" percent="31">
    <mem type="eden" free="0" total="67108864" percent="0" />
    <remembered-set count="34752" freebytes="9334912" totalbytes="9473920" percent="98" regionsoverflowed="0" regionsstable="9" regionsrebuilding="0"/>
  </mem-info>
</gc-start>
<allocation-stats totalBytes="67098704" >
  <allocated-bytes non-tlh="0" tlh="67098704" arrayletleaf="0"/>
  <largest-consumer threadName="Thread-30" threadId="0000000000F06F00" bytes="10103392" />
</allocation-stats>
<gc-op id="3457" type="copy forward" timems="17.376" contextid="3454" timestamp="2019-08-04T08:43:45.541">
  <memory-copied type="eden" objects="18503" bytes="724288" bytesdiscarded="110528" />
  <memory-copied type="other" objects="34955" bytes="1525800" bytesdiscarded="130808" />
  <memory-cardclean objects="16307" bytes="821840" />
  <remembered-set-cleared processed="22150" cleared="6418" durationms="0.170" />
  <stringconstants candidates="15136" cleared="0"  />
</gc-op>
<gc-op id="3458" type="classunload" timems="0.018" contextid="3454" timestamp="2019-08-04T08:43:45.541">
  <classunload-info classloadercandidates="55" classloadersunloaded="0" classesunloaded="0" anonymousclassesunloaded="0" quiescems="0.000" setupms="0.017" scanms="0.000" postms="0.000" />
</gc-op>
<heap-resize id="3459" type="expand" space="default" amount="4194304" count="1" timems="0.074" reason="excessive time being spent in gc" timestamp="2019-08-04T08:43:45.541" />
<gc-end id="3460" type="partial gc" contextid="3454" durationms="19.104" usertimems="36.994" systemtimems="31.770" timestamp="2019-08-04T08:43:45.541" activeThreads="16">
  <mem-info id="3461" free="144703488" total="241172480" percent="60">
    <mem type="eden" free="1262336" total="2097152" percent="60" />
    <remembered-set count="35456" freebytes="9499776" totalbytes="9641600" percent="98" regionsoverflowed="0" regionsstable="9" regionsrebuilding="0"/>
  </mem-info>
</gc-end>
<cycle-end id="3462" type="partial gc" contextid="3454" timestamp="2019-08-04T08:43:45.542">
  <attribute name="GC Util" value="99" />
  <attribute name="CPU Util" value="18769350474474" />
  <attribute name="Time Running"value="163316"/>
  <attribute name="Number of cores"value="16"/>
</cycle-end>
<exclusive-end id="3463" timestamp="2019-08-04T08:43:45.542" durationms="20.181" />

<exclusive-start id="3464" timestamp="2019-08-04T08:43:45.616" intervalms="94.243">
  <response-info timems="3.286" idlems="3.286" threads="0" lastid="0000000000F3B600" lastname="Thread-22" />
</exclusive-start>
<allocation-taxation id="3465" taxation-threshold="67108864" timestamp="2019-08-04T08:43:45.616" intervalms="94.285" />
<cycle-start id="3466" type="partial gc" contextid="0" timestamp="2019-08-04T08:43:45.616" intervalms="94.228" />
  <attribute name="GC Util" value="99" />
  <attribute name="CPU Util" value="18769350474474" />
  <attribute name="Time Running"value="163316"/>
  <attribute name="Number of cores"value="16"/>
<gc-start id="3467" type="partial gc" contextid="3466" timestamp="2019-08-04T08:43:45.617">
  <mem-info id="3468" free="77594624" total="241172480" percent="32">
    <mem type="eden" free="0" total="67108864" percent="0" />
    <remembered-set count="35200" freebytes="9500800" totalbytes="9641600" percent="98" regionsoverflowed="0" regionsstable="9" regionsrebuilding="0"/>
  </mem-info>
</gc-start>
<allocation-stats totalBytes="67098928" >
  <allocated-bytes non-tlh="0" tlh="67098928" arrayletleaf="0"/>
  <largest-consumer threadName="Thread-30" threadId="0000000000F06F00" bytes="8027152" />
</allocation-stats>
<gc-op id="3469" type="copy forward" timems="19.830" contextid="3466" timestamp="2019-08-04T08:43:45.638">
  <memory-copied type="eden" objects="11131" bytes="409200" bytesdiscarded="47904" />
  <memory-copied type="other" objects="21185" bytes="783192" bytesdiscarded="62968" />
  <memory-cardclean objects="27965" bytes="1412336" />
  <remembered-set-cleared processed="21619" cleared="7268" durationms="0.217" />
  <stringconstants candidates="15136" cleared="0"  />
</gc-op>
<gc-op id="3470" type="classunload" timems="0.018" contextid="3466" timestamp="2019-08-04T08:43:45.638">
  <classunload-info classloadercandidates="55" classloadersunloaded="0" classesunloaded="0" anonymousclassesunloaded="0" quiescems="0.000" setupms="0.018" scanms="0.000" postms="0.000" />
</gc-op>
<heap-resize id="3471" type="expand" space="default" amount="10485760" count="1" timems="0.071" reason="excessive time being spent in gc" timestamp="2019-08-04T08:43:45.638" />
<gc-end id="3472" type="partial gc" contextid="3466" durationms="21.520" usertimems="25.660" systemtimems="30.712" timestamp="2019-08-04T08:43:45.638" activeThreads="16">
  <mem-info id="3473" free="150994944" total="251658240" percent="60">
    <mem type="eden" free="3737200" total="4194304" percent="89" />
    <remembered-set count="34240" freebytes="9923840" totalbytes="10060800" percent="98" regionsoverflowed="0" regionsstable="9" regionsrebuilding="0"/>
  </mem-info>
</gc-end>
<cycle-end id="3474" type="partial gc" contextid="3466" timestamp="2019-08-04T08:43:45.638">
  <attribute name="GC Util" value="153" />
  <attribute name="CPU Util" value="18694728445581" />
  <attribute name="Time Running"value="163411"/>
  <attribute name="Number of cores"value="16"/>
</cycle-end>
<exclusive-end id="3475" timestamp="2019-08-04T08:43:45.638" durationms="22.511" />

<exclusive-start id="3476" timestamp="2019-08-04T08:43:45.673" intervalms="57.390">
  <response-info timems="3.402" idlems="1.712" threads="1" lastid="0000000000F19B00" lastname="Thread-34" />
</exclusive-start>
<allocation-taxation id="3477" taxation-threshold="69206016" timestamp="2019-08-04T08:43:45.673" intervalms="57.337" />
<cycle-start id="3478" type="partial gc" contextid="0" timestamp="2019-08-04T08:43:45.674" intervalms="58.108" />
  <attribute name="GC Util" value="153" />
  <attribute name="CPU Util" value="18694728445581" />
  <attribute name="Time Running"value="163411"/>
  <attribute name="Number of cores"value="16"/>
<gc-start id="3479" type="partial gc" contextid="3478" timestamp="2019-08-04T08:43:45.674">
  <mem-info id="3480" free="81788928" total="251658240" percent="32">
    <mem type="eden" free="0" total="69206016" percent="0" />
    <remembered-set count="34208" freebytes="9923968" totalbytes="10060800" percent="98" regionsoverflowed="0" regionsstable="9" regionsrebuilding="0"/>
  </mem-info>
</gc-start>
<allocation-stats totalBytes="69196232" >
  <allocated-bytes non-tlh="0" tlh="69196232" arrayletleaf="0"/>
  <largest-consumer threadName="Thread-30" threadId="0000000000F06F00" bytes="7961528" />
</allocation-stats>
<gc-op id="3481" type="copy forward" timems="15.907" contextid="3478" timestamp="2019-08-04T08:43:45.692">
  <memory-copied type="eden" objects="10808" bytes="402808" bytesdiscarded="52880" />
  <memory-copied type="other" objects="27583" bytes="1074120" bytesdiscarded="104032" />
  <memory-cardclean objects="21451" bytes="1053896" />
  <remembered-set-cleared processed="20556" cleared="4639" durationms="0.161" />
  <stringconstants candidates="15136" cleared="0"  />
</gc-op>
<gc-op id="3482" type="classunload" timems="0.012" contextid="3478" timestamp="2019-08-04T08:43:45.692">
  <classunload-info classloadercandidates="55" classloadersunloaded="0" classesunloaded="0" anonymousclassesunloaded="0" quiescems="0.000" setupms="0.011" scanms="0.000" postms="0.000" />
</gc-op>
<heap-resize id="3483" type="expand" space="default" amount="6291456" count="1" timems="0.056" reason="excessive time being spent in gc" timestamp="2019-08-04T08:43:45.692" />
<gc-end id="3484" type="partial gc" contextid="3478" durationms="17.634" usertimems="17.944" systemtimems="26.799" timestamp="2019-08-04T08:43:45.692" activeThreads="16">
  <mem-info id="3485" free="155189248" total="257949696" percent="60">
    <mem type="eden" free="3738616" total="4194304" percent="89" />
    <remembered-set count="37952" freebytes="10160512" totalbytes="10312320" percent="98" regionsoverflowed="0" regionsstable="9" regionsrebuilding="0"/>
  </mem-info>
</gc-end>
<cycle-end id="3486" type="partial gc" contextid="3478" timestamp="2019-08-04T08:43:45.692">
  <attribute name="GC Util" value="253" />
  <attribute name="CPU Util" value="16098881926379" />
  <attribute name="Time Running"value="163469"/>
  <attribute name="Number of cores"value="16"/>
</cycle-end>
<exclusive-end id="3487" timestamp="2019-08-04T08:43:45.692" durationms="19.107" />

<exclusive-start id="3488" timestamp="2019-08-04T08:43:45.771" intervalms="97.968">
  <response-info timems="1.976" idlems="1.976" threads="0" lastid="0000000000F37A00" lastname="Thread-27" />
</exclusive-start>
<allocation-taxation id="3489" taxation-threshold="71303168" timestamp="2019-08-04T08:43:45.771" intervalms="97.951" />
<cycle-start id="3490" type="partial gc" contextid="0" timestamp="2019-08-04T08:43:45.771" intervalms="97.181" />
  <attribute name="GC Util" value="253" />
  <attribute name="CPU Util" value="16098881926379" />
  <attribute name="Time Running"value="163469"/>
  <attribute name="Number of cores"value="16"/>
<gc-start id="3491" type="partial gc" contextid="3490" timestamp="2019-08-04T08:43:45.772">
  <mem-info id="3492" free="83886080" total="257949696" percent="32">
    <mem type="eden" free="0" total="71303168" percent="0" />
    <remembered-set count="37536" freebytes="10162176" totalbytes="10312320" percent="98" regionsoverflowed="0" regionsstable="9" regionsrebuilding="0"/>
  </mem-info>
</gc-start>
<allocation-stats totalBytes="71292880" >
  <allocated-bytes non-tlh="0" tlh="71292880" arrayletleaf="0"/>
  <largest-consumer threadName="Thread-30" threadId="0000000000F06F00" bytes="9149352" />
</allocation-stats>
<gc-op id="3493" type="copy forward" timems="15.548" contextid="3490" timestamp="2019-08-04T08:43:45.789">
  <memory-copied type="eden" objects="6344" bytes="157256" bytesdiscarded="13736" />
  <memory-copied type="other" objects="43372" bytes="1865184" bytesdiscarded="173232" />
  <memory-cardclean objects="24132" bytes="1186304" />
  <remembered-set-cleared processed="21407" cleared="7635" durationms="0.191" />
  <stringconstants candidates="15136" cleared="0"  />
</gc-op>
<gc-op id="3494" type="classunload" timems="0.013" contextid="3490" timestamp="2019-08-04T08:43:45.789">
  <classunload-info classloadercandidates="55" classloadersunloaded="0" classesunloaded="0" anonymousclassesunloaded="0" quiescems="0.000" setupms="0.012" scanms="0.000" postms="0.000" />
</gc-op>
<gc-end id="3495" type="partial gc" contextid="3490" durationms="17.009" usertimems="29.568" systemtimems="21.631" timestamp="2019-08-04T08:43:45.789" activeThreads="16">
  <mem-info id="3496" free="155189248" total="257949696" percent="60">
    <mem type="eden" free="1926160" total="2097152" percent="91" />
    <remembered-set count="38112" freebytes="10159872" totalbytes="10312320" percent="98" regionsoverflowed="0" regionsstable="9" regionsrebuilding="0"/>
  </mem-info>
</gc-end>
<cycle-end id="3497" type="partial gc" contextid="3490" timestamp="2019-08-04T08:43:45.789">
  <attribute name="GC Util" value="89" />
  <attribute name="CPU Util" value="20460279930763" />
  <attribute name="Time Running"value="163566"/>
  <attribute name="Number of cores"value="16"/>
</cycle-end>
<exclusive-end id="3498" timestamp="2019-08-04T08:43:45.789" durationms="17.689" />

<exclusive-start id="3499" timestamp="2019-08-04T08:43:45.854" intervalms="82.862">
  <response-info timems="5.486" idlems="5.478" threads="1" lastid="0000000000F2C700" lastname="Thread-21" />
</exclusive-start>
<allocation-taxation id="3500" taxation-threshold="71303168" timestamp="2019-08-04T08:43:45.854" intervalms="82.996" />
<cycle-start id="3501" type="partial gc" contextid="0" timestamp="2019-08-04T08:43:45.854" intervalms="82.980" />
  <attribute name="GC Util" value="89" />
  <attribute name="CPU Util" value="20460279930763" />
  <attribute name="Time Running"value="163566"/>
  <attribute name="Number of cores"value="16"/>
<gc-start id="3502" type="partial gc" contextid="3501" timestamp="2019-08-04T08:43:45.855">
  <mem-info id="3503" free="83886080" total="257949696" percent="32">
    <mem type="eden" free="0" total="71303168" percent="0" />
    <remembered-set count="37856" freebytes="10160896" totalbytes="10312320" percent="98" regionsoverflowed="0" regionsstable="9" regionsrebuilding="0"/>
  </mem-info>
</gc-start>
<allocation-stats totalBytes="71292256" >
  <allocated-bytes non-tlh="0" tlh="71292256" arrayletleaf="0"/>
  <largest-consumer threadName="Thread-30" threadId="0000000000F06F00" bytes="12630472" />
</allocation-stats>
<gc-op id="3504" type="copy forward" timems="21.577" contextid="3501" timestamp="2019-08-04T08:43:45.878">
  <memory-copied type="eden" objects="6589" bytes="163864" bytesdiscarded="8200" />
  <memory-copied type="other" objects="25892" bytes="1033536" bytesdiscarded="61792" />
  <memory-cardclean objects="25249" bytes="1276184" />
  <remembered-set-cleared processed="23780" cleared="5968" durationms="0.188" />
  <stringconstants candidates="15136" cleared="0"  />
</gc-op>
<gc-op id="3505" type="classunload" timems="0.031" contextid="3501" timestamp="2019-08-04T08:43:45.878">
  <classunload-info classloadercandidates="55" classloadersunloaded="0" classesunloaded="0" anonymousclassesunloaded="0" quiescems="0.000" setupms="0.031" scanms="0.000" postms="0.000" />
</gc-op>
<heap-resize id="3506" type="expand" space="default" amount="4194304" count="1" timems="0.057" reason="excessive time being spent in gc" timestamp="2019-08-04T08:43:45.878" />
<gc-end id="3507" type="partial gc" contextid="3501" durationms="23.768" usertimems="54.544" systemtimems="28.075" timestamp="2019-08-04T08:43:45.878" activeThreads="16">
  <mem-info id="3508" free="157286400" total="262144000" percent="60">
    <mem type="eden" free="1925088" total="2097152" percent="91" />
    <remembered-set count="40992" freebytes="10316032" totalbytes="10480000" percent="98" regionsoverflowed="0" regionsstable="9" regionsrebuilding="0"/>
  </mem-info>
</gc-end>
<cycle-end id="3509" type="partial gc" contextid="3501" timestamp="2019-08-04T08:43:45.878">
  <attribute name="GC Util" value="84" />
  <attribute name="CPU Util" value="11454658776370" />
  <attribute name="Time Running"value="163649"/>
  <attribute name="Number of cores"value="16"/>
</cycle-end>
<exclusive-end id="3510" timestamp="2019-08-04T08:43:45.879" durationms="24.504" />

<exclusive-start id="3511" timestamp="2019-08-04T08:43:45.960" intervalms="105.583">
  <response-info timems="3.949" idlems="3.949" threads="0" lastid="0000000000F2C700" lastname="Thread-21" />
</exclusive-start>
<allocation-taxation id="3512" taxation-threshold="73400320" timestamp="2019-08-04T08:43:45.960" intervalms="105.443" />
<cycle-start id="3513" type="partial gc" contextid="0" timestamp="2019-08-04T08:43:45.960" intervalms="105.401" />
  <attribute name="GC Util" value="84" />
  <attribute name="CPU Util" value="11454658776370" />
  <attribute name="Time Running"value="163649"/>
  <attribute name="Number of cores"value="16"/>
<gc-start id="3514" type="partial gc" contextid="3513" timestamp="2019-08-04T08:43:45.960">
  <mem-info id="3515" free="83886080" total="262144000" percent="32">
    <mem type="eden" free="0" total="73400320" percent="0" />
    <remembered-set count="40608" freebytes="10317568" totalbytes="10480000" percent="98" regionsoverflowed="0" regionsstable="9" regionsrebuilding="0"/>
  </mem-info>
</gc-start>
<allocation-stats totalBytes="73390008" >
  <allocated-bytes non-tlh="0" tlh="73390008" arrayletleaf="0"/>
  <largest-consumer threadName="Thread-30" threadId="0000000000F06F00" bytes="7728000" />
</allocation-stats>
<gc-op id="3516" type="copy forward" timems="20.158" contextid="3513" timestamp="2019-08-04T08:43:45.982">
  <memory-copied type="eden" objects="10315" bytes="390184" bytesdiscarded="28008" />
  <memory-copied type="other" objects="31989" bytes="1317240" bytesdiscarded="61640" />
  <memory-cardclean objects="23776" bytes="1225568" />
  <remembered-set-cleared processed="24790" cleared="8592" durationms="0.248" />
  <stringconstants candidates="15136" cleared="0"  />
</gc-op>
<gc-op id="3517" type="classunload" timems="0.015" contextid="3513" timestamp="2019-08-04T08:43:45.982">
  <classunload-info classloadercandidates="55" classloadersunloaded="0" classesunloaded="0" anonymousclassesunloaded="0" quiescems="0.000" setupms="0.015" scanms="0.000" postms="0.000" />
</gc-op>
<heap-resize id="3518" type="expand" space="default" amount="6291456" count="1" timems="0.063" reason="excessive time being spent in gc" timestamp="2019-08-04T08:43:45.982" />
<gc-end id="3519" type="partial gc" contextid="3513" durationms="22.335" usertimems="23.242" systemtimems="35.909" timestamp="2019-08-04T08:43:45.982" activeThreads="16">
  <mem-info id="3520" free="161480704" total="268435456" percent="60">
    <mem type="eden" free="1678960" total="2097152" percent="80" />
    <remembered-set count="39360" freebytes="10574080" totalbytes="10731520" percent="98" regionsoverflowed="0" regionsstable="9" regionsrebuilding="0"/>
  </mem-info>
</gc-end>
<cycle-end id="3521" type="partial gc" contextid="3513" timestamp="2019-08-04T08:43:45.983">
  <attribute name="GC Util" value="86" />
  <attribute name="CPU Util" value="13585238194007" />
  <attribute name="Time Running"value="163755"/>
  <attribute name="Number of cores"value="16"/>
</cycle-end>
<exclusive-end id="3522" timestamp="2019-08-04T08:43:45.983" durationms="23.065" />

<exclusive-start id="3523" timestamp="2019-08-04T08:43:46.045" intervalms="85.331">
  <response-info timems="4.002" idlems="1.406" threads="8" lastid="0000000000F37A00" lastname="Thread-27" />
</exclusive-start>
<allocation-taxation id="3524" taxation-threshold="73400320" timestamp="2019-08-04T08:43:46.045" intervalms="85.329" />
<cycle-start id="3525" type="partial gc" contextid="0" timestamp="2019-08-04T08:43:46.045" intervalms="85.318" />
  <attribute name="GC Util" value="86" />
  <attribute name="CPU Util" value="13585238194007" />
  <attribute name="Time Running"value="163755"/>
  <attribute name="Number of cores"value="16"/>
<gc-start id="3526" type="partial gc" contextid="3525" timestamp="2019-08-04T08:43:46.045">
  <mem-info id="3527" free="88080384" total="268435456" percent="32">
    <mem type="eden" free="0" total="73400320" percent="0" />
    <remembered-set count="39008" freebytes="10575488" totalbytes="10731520" percent="98" regionsoverflowed="0" regionsstable="9" regionsrebuilding="0"/>
  </mem-info>
</gc-start>
<allocation-stats totalBytes="73389736" >
  <allocated-bytes non-tlh="0" tlh="73389736" arrayletleaf="0"/>
  <largest-consumer threadName="Thread-25" threadId="0000000000F0E700" bytes="9100192" />
</allocation-stats>
<gc-op id="3528" type="copy forward" timems="13.779" contextid="3525" timestamp="2019-08-04T08:43:46.060">
  <memory-copied type="eden" objects="20500" bytes="909656" bytesdiscarded="91624" />
  <memory-copied type="other" objects="15297" bytes="504504" bytesdiscarded="51896" />
  <memory-cardclean objects="24856" bytes="1264832" />
  <remembered-set-cleared processed="25974" cleared="7227" durationms="0.174" />
  <stringconstants candidates="15136" cleared="0"  />
</gc-op>
<gc-op id="3529" type="classunload" timems="0.012" contextid="3525" timestamp="2019-08-04T08:43:46.060">
  <classunload-info classloadercandidates="55" classloadersunloaded="0" classesunloaded="0" anonymousclassesunloaded="0" quiescems="0.000" setupms="0.012" scanms="0.000" postms="0.000" />
</gc-op>
<heap-resize id="3530" type="expand" space="default" amount="4194304" count="1" timems="0.069" reason="excessive time being spent in gc" timestamp="2019-08-04T08:43:46.061" />
<gc-end id="3531" type="partial gc" contextid="3525" durationms="15.210" usertimems="18.387" systemtimems="20.802" timestamp="2019-08-04T08:43:46.061" activeThreads="16">
  <mem-info id="3532" free="163577856" total="272629760" percent="60">
    <mem type="eden" free="1095872" total="2097152" percent="52" />
    <remembered-set count="39840" freebytes="10739840" totalbytes="10899200" percent="98" regionsoverflowed="0" regionsstable="9" regionsrebuilding="0"/>
  </mem-info>
</gc-end>
<cycle-end id="3533" type="partial gc" contextid="3525" timestamp="2019-08-04T08:43:46.061">
  <attribute name="GC Util" value="184" />
  <attribute name="CPU Util" value="22081964106350" />
  <attribute name="Time Running"value="163839"/>
  <attribute name="Number of cores"value="16"/>
</cycle-end>
<exclusive-end id="3534" timestamp="2019-08-04T08:43:46.061" durationms="16.300" />

<exclusive-start id="3535" timestamp="2019-08-04T08:43:46.133" intervalms="87.942">
  <response-info timems="2.627" idlems="2.621" threads="1" lastid="0000000000F52200" lastname="Thread-26" />
</exclusive-start>
<allocation-taxation id="3536" taxation-threshold="75497472" timestamp="2019-08-04T08:43:46.133" intervalms="87.939" />
<cycle-start id="3537" type="partial gc" contextid="0" timestamp="2019-08-04T08:43:46.133" intervalms="87.937" />
  <attribute name="GC Util" value="184" />
  <attribute name="CPU Util" value="22081964106350" />
  <attribute name="Time Running"value="163839"/>
  <attribute name="Number of cores"value="16"/>
<gc-start id="3538" type="partial gc" contextid="3537" timestamp="2019-08-04T08:43:46.133">
  <mem-info id="3539" free="88080384" total="272629760" percent="32">
    <mem type="eden" free="0" total="75497472" percent="0" />
    <remembered-set count="39744" freebytes="10740224" totalbytes="10899200" percent="98" regionsoverflowed="0" regionsstable="9" regionsrebuilding="0"/>
  </mem-info>
</gc-start>
<allocation-stats totalBytes="75487048" >
  <allocated-bytes non-tlh="0" tlh="75487048" arrayletleaf="0"/>
  <largest-consumer threadName="Thread-30" threadId="0000000000F06F00" bytes="7937000" />
</allocation-stats>
<gc-op id="3540" type="copy forward" timems="17.378" contextid="3537" timestamp="2019-08-04T08:43:46.152">
  <memory-copied type="eden" objects="16240" bytes="670624" bytesdiscarded="105768" />
  <memory-copied type="other" objects="42399" bytes="1841832" bytesdiscarded="251768" />
  <memory-cardclean objects="24143" bytes="1175408" />
  <remembered-set-cleared processed="23797" cleared="7832" durationms="0.183" />
  <stringconstants candidates="15136" cleared="0"  />
</gc-op>
<gc-op id="3541" type="classunload" timems="0.012" contextid="3537" timestamp="2019-08-04T08:43:46.152">
  <classunload-info classloadercandidates="55" classloadersunloaded="0" classesunloaded="0" anonymousclassesunloaded="0" quiescems="0.000" setupms="0.012" scanms="0.000" postms="0.000" />
</gc-op>
<heap-resize id="3542" type="expand" space="default" amount="6291456" count="1" timems="0.059" reason="excessive time being spent in gc" timestamp="2019-08-04T08:43:46.152" />
<gc-end id="3543" type="partial gc" contextid="3537" durationms="19.066" usertimems="35.570" systemtimems="19.668" timestamp="2019-08-04T08:43:46.152" activeThreads="16">
  <mem-info id="3544" free="167772160" total="278921216" percent="60">
    <mem type="eden" free="1320760" total="2097152" percent="62" />
    <remembered-set count="40160" freebytes="10990080" totalbytes="11150720" percent="98" regionsoverflowed="0" regionsstable="9" regionsrebuilding="0"/>
  </mem-info>
</gc-end>
<cycle-end id="3545" type="partial gc" contextid="3537" timestamp="2019-08-04T08:43:46.152">
  <attribute name="GC Util" value="145" />
  <attribute name="CPU Util" value="18113988866976" />
  <attribute name="Time Running"value="163927"/>
  <attribute name="Number of cores"value="16"/>
</cycle-end>
<exclusive-end id="3546" timestamp="2019-08-04T08:43:46.153" durationms="19.656" />

<exclusive-start id="3547" timestamp="2019-08-04T08:43:46.208" intervalms="74.628">
  <response-info timems="3.863" idlems="3.863" threads="0" lastid="0000000000F33E00" lastname="Thread-31" />
</exclusive-start>
<allocation-taxation id="3548" taxation-threshold="77594624" timestamp="2019-08-04T08:43:46.208" intervalms="74.643" />
<cycle-start id="3549" type="partial gc" contextid="0" timestamp="2019-08-04T08:43:46.208" intervalms="74.643" />
  <attribute name="GC Util" value="145" />
  <attribute name="CPU Util" value="18113988866976" />
  <attribute name="Time Running"value="163927"/>
  <attribute name="Number of cores"value="16"/>
<gc-start id="3550" type="partial gc" contextid="3549" timestamp="2019-08-04T08:43:46.208">
  <mem-info id="3551" free="90177536" total="278921216" percent="32">
    <mem type="eden" free="0" total="77594624" percent="0" />
    <remembered-set count="40032" freebytes="10990592" totalbytes="11150720" percent="98" regionsoverflowed="0" regionsstable="9" regionsrebuilding="0"/>
  </mem-info>
</gc-start>
<allocation-stats totalBytes="77583728" >
  <allocated-bytes non-tlh="0" tlh="77583728" arrayletleaf="0"/>
  <largest-consumer threadName="Thread-25" threadId="0000000000F0E700" bytes="11111032" />
</allocation-stats>
<gc-op id="3552" type="copy forward" timems="20.532" contextid="3549" timestamp="2019-08-04T08:43:46.230">
  <memory-copied type="eden" objects="6267" bytes="156816" bytesdiscarded="34216" />
  <memory-copied type="other" objects="50058" bytes="2163024" bytesdiscarded="216752" />
  <memory-cardclean objects="22474" bytes="1092104" />
  <remembered-set-cleared processed="24019" cleared="4884" durationms="0.221" />
  <stringconstants candidates="15136" cleared="0"  />
</gc-op>
<gc-op id="3553" type="classunload" timems="0.011" contextid="3549" timestamp="2019-08-04T08:43:46.230">
  <classunload-info classloadercandidates="55" classloadersunloaded="0" classesunloaded="0" anonymousclassesunloaded="0" quiescems="0.000" setupms="0.011" scanms="0.000" postms="0.000" />
</gc-op>
<heap-resize id="3554" type="expand" space="default" amount="4194304" count="1" timems="0.055" reason="excessive time being spent in gc" timestamp="2019-08-04T08:43:46.230" />
<gc-end id="3555" type="partial gc" contextid="3549" durationms="21.889" usertimems="31.371" systemtimems="30.132" timestamp="2019-08-04T08:43:46.230" activeThreads="16">
  <mem-info id="3556" free="169869312" total="283115520" percent="60">
    <mem type="eden" free="1906120" total="2097152" percent="90" />
    <remembered-set count="42944" freebytes="11146624" totalbytes="11318400" percent="98" regionsoverflowed="0" regionsstable="9" regionsrebuilding="0"/>
  </mem-info>
</gc-end>
<cycle-end id="3557" type="partial gc" contextid="3549" timestamp="2019-08-04T08:43:46.230">
  <attribute name="GC Util" value="170" />
  <attribute name="CPU Util" value="22641541169365" />
  <attribute name="Time Running"value="164002"/>
  <attribute name="Number of cores"value="16"/>
</cycle-end>
<exclusive-end id="3558" timestamp="2019-08-04T08:43:46.230" durationms="22.880" />

<exclusive-start id="3559" timestamp="2019-08-04T08:43:46.304" intervalms="96.182">
  <response-info timems="8.754" idlems="8.754" threads="0" lastid="0000000000F24F00" lastname="Thread-28" />
</exclusive-start>
<allocation-taxation id="3560" taxation-threshold="77594624" timestamp="2019-08-04T08:43:46.304" intervalms="96.171" />
<cycle-start id="3561" type="partial gc" contextid="0" timestamp="2019-08-04T08:43:46.304" intervalms="96.219" />
  <attribute name="GC Util" value="170" />
  <attribute name="CPU Util" value="22641541169365" />
  <attribute name="Time Running"value="164002"/>
  <attribute name="Number of cores"value="16"/>
<gc-start id="3562" type="partial gc" contextid="3561" timestamp="2019-08-04T08:43:46.304">
  <mem-info id="3563" free="92274688" total="283115520" percent="32">
    <mem type="eden" free="0" total="77594624" percent="0" />
    <remembered-set count="42624" freebytes="11147904" totalbytes="11318400" percent="98" regionsoverflowed="0" regionsstable="9" regionsrebuilding="0"/>
  </mem-info>
</gc-start>
<allocation-stats totalBytes="77583640" >
  <allocated-bytes non-tlh="0" tlh="77583640" arrayletleaf="0"/>
  <largest-consumer threadName="Thread-25" threadId="0000000000F0E700" bytes="7220176" />
</allocation-stats>
<gc-op id="3564" type="copy forward" timems="11.149" contextid="3561" timestamp="2019-08-04T08:43:46.317">
  <memory-copied type="eden" objects="11755" bytes="425504" bytesdiscarded="15656" />
  <memory-copied type="other" objects="39744" bytes="1778112" bytesdiscarded="187512" />
  <memory-cardclean objects="18213" bytes="967328" />
  <remembered-set-cleared processed="26452" cleared="10032" durationms="0.206" />
  <stringconstants candidates="15136" cleared="0"  />
</gc-op>
<gc-op id="3565" type="classunload" timems="0.011" contextid="3561" timestamp="2019-08-04T08:43:46.317">
  <classunload-info classloadercandidates="55" classloadersunloaded="0" classesunloaded="0" anonymousclassesunloaded="0" quiescems="0.000" setupms="0.011" scanms="0.000" postms="0.000" />
</gc-op>
<heap-resize id="3566" type="expand" space="default" amount="6291456" count="1" timems="0.058" reason="excessive time being spent in gc" timestamp="2019-08-04T08:43:46.317" />
<gc-end id="3567" type="partial gc" contextid="3561" durationms="13.114" usertimems="22.596" systemtimems="21.165" timestamp="2019-08-04T08:43:46.317" activeThreads="16">
  <mem-info id="3568" free="174063616" total="289406976" percent="60">
    <mem type="eden" free="1655992" total="2097152" percent="78" />
    <remembered-set count="42656" freebytes="11399296" totalbytes="11569920" percent="98" regionsoverflowed="0" regionsstable="9" regionsrebuilding="0"/>
  </mem-info>
</gc-end>
<cycle-end id="3569" type="partial gc" contextid="3561" timestamp="2019-08-04T08:43:46.317">
  <attribute name="GC Util" value="172" />
  <attribute name="CPU Util" value="13447696233705" />
  <attribute name="Time Running"value="164099"/>
  <attribute name="Number of cores"value="16"/>
</cycle-end>
<exclusive-end id="3570" timestamp="2019-08-04T08:43:46.318" durationms="13.772" />

<exclusive-start id="3571" timestamp="2019-08-04T08:43:46.403" intervalms="99.707">
  <response-info timems="0.347" idlems="0.177" threads="1" lastid="0000000000F64D00" lastname="Thread-32" />
</exclusive-start>
<allocation-taxation id="3572" taxation-threshold="79691776" timestamp="2019-08-04T08:43:46.404" intervalms="99.719" />
<cycle-start id="3573" type="partial gc" contextid="0" timestamp="2019-08-04T08:43:46.404" intervalms="99.722" />
  <attribute name="GC Util" value="172" />
  <attribute name="CPU Util" value="13447696233705" />
  <attribute name="Time Running"value="164099"/>
  <attribute name="Number of cores"value="16"/>
<gc-start id="3574" type="partial gc" contextid="3573" timestamp="2019-08-04T08:43:46.404">
  <mem-info id="3575" free="94371840" total="289406976" percent="32">
    <mem type="eden" free="0" total="79691776" percent="0" />
    <remembered-set count="42496" freebytes="11399936" totalbytes="11569920" percent="98" regionsoverflowed="0" regionsstable="9" regionsrebuilding="0"/>
  </mem-info>
</gc-start>
<allocation-stats totalBytes="79680712" >
  <allocated-bytes non-tlh="0" tlh="79680712" arrayletleaf="0"/>
  <largest-consumer threadName="Thread-28" threadId="0000000000F24F00" bytes="10013576" />
</allocation-stats>
<gc-op id="3576" type="copy forward" timems="20.505" contextid="3573" timestamp="2019-08-04T08:43:46.426">
  <memory-copied type="eden" objects="6174" bytes="154840" bytesdiscarded="25688" />
  <memory-copied type="other" objects="46747" bytes="1946184" bytesdiscarded="101104" />
  <memory-cardclean objects="23288" bytes="1192064" />
  <remembered-set-cleared processed="25565" cleared="7453" durationms="0.228" />
  <stringconstants candidates="15136" cleared="0"  />
</gc-op>
<gc-op id="3577" type="classunload" timems="0.014" contextid="3573" timestamp="2019-08-04T08:43:46.426">
  <classunload-info classloadercandidates="55" classloadersunloaded="0" classesunloaded="0" anonymousclassesunloaded="0" quiescems="0.000" setupms="0.014" scanms="0.000" postms="0.000" />
</gc-op>
<heap-resize id="3578" type="expand" space="default" amount="4194304" count="1" timems="0.063" reason="excessive time being spent in gc" timestamp="2019-08-04T08:43:46.427" />
<gc-end id="3579" type="partial gc" contextid="3573" durationms="22.743" usertimems="31.651" systemtimems="19.131" timestamp="2019-08-04T08:43:46.427" activeThreads="16">
  <mem-info id="3580" free="176160768" total="293601280" percent="60">
    <mem type="eden" free="1916624" total="2097152" percent="91" />
    <remembered-set count="45024" freebytes="11557504" totalbytes="11737600" percent="98" regionsoverflowed="0" regionsstable="9" regionsrebuilding="0"/>
  </mem-info>
</gc-end>
<cycle-end id="3581" type="partial gc" contextid="3573" timestamp="2019-08-04T08:43:46.427">
  <attribute name="GC Util" value="111" />
  <attribute name="CPU Util" value="13905152995968" />
  <attribute name="Time Running"value="164198"/>
  <attribute name="Number of cores"value="16"/>
</cycle-end>
<exclusive-end id="3582" timestamp="2019-08-04T08:43:46.427" durationms="23.490" />

<exclusive-start id="3583" timestamp="2019-08-04T08:43:46.503" intervalms="99.274">
  <response-info timems="0.409" idlems="0.409" threads="0" lastid="0000000000F0AB00" lastname="Thread-23" />
</exclusive-start>
<allocation-taxation id="3584" taxation-threshold="79691776" timestamp="2019-08-04T08:43:46.503" intervalms="99.265" />
<cycle-start id="3585" type="partial gc" contextid="0" timestamp="2019-08-04T08:43:46.503" intervalms="99.233" />
  <attribute name="GC Util" value="111" />
  <attribute name="CPU Util" value="13905152995968" />
  <attribute name="Time Running"value="164198"/>
  <attribute name="Number of cores"value="16"/>
<gc-start id="3586" type="partial gc" contextid="3585" timestamp="2019-08-04T08:43:46.504">
  <mem-info id="3587" free="96468992" total="293601280" percent="32">
    <mem type="eden" free="0" total="79691776" percent="0" />
    <remembered-set count="44704" freebytes="11558784" totalbytes="11737600" percent="98" regionsoverflowed="0" regionsstable="9" regionsrebuilding="0"/>
  </mem-info>
</gc-start>
<allocation-stats totalBytes="79680680" >
  <allocated-bytes non-tlh="0" tlh="79680680" arrayletleaf="0"/>
  <largest-consumer threadName="Thread-31" threadId="0000000000F33E00" bytes="9542600" />
</allocation-stats>
<gc-op id="3588" type="copy forward" timems="16.500" contextid="3585" timestamp="2019-08-04T08:43:46.522">
  <memory-copied type="eden" objects="6200" bytes="154192" bytesdiscarded="11984" />
  <memory-copied type="other" objects="30666" bytes="1148112" bytesdiscarded="76440" />
  <memory-cardclean objects="31331" bytes="1592840" />
  <remembered-set-cleared processed="27066" cleared="6465" durationms="0.250" />
  <stringconstants candidates="15136" cleared="0"  />
</gc-op>
<gc-op id="3589" type="classunload" timems="0.011" contextid="3585" timestamp="2019-08-04T08:43:46.522">
  <classunload-info classloadercandidates="55" classloadersunloaded="0" classesunloaded="0" anonymousclassesunloaded="0" quiescems="0.000" setupms="0.011" scanms="0.000" postms="0.000" />
</gc-op>
<heap-resize id="3590" type="expand" space="default" amount="6291456" count="1" timems="0.061" reason="excessive time being spent in gc" timestamp="2019-08-04T08:43:46.522" />
<gc-end id="3591" type="partial gc" contextid="3585" durationms="18.191" usertimems="12.290" systemtimems="31.306" timestamp="2019-08-04T08:43:46.522" activeThreads="16">
  <mem-info id="3592" free="180355072" total="299892736" percent="60">
    <mem type="eden" free="1930976" total="2097152" percent="92" />
    <remembered-set count="47712" freebytes="11798272" totalbytes="11989120" percent="98" regionsoverflowed="0" regionsstable="9" regionsrebuilding="0"/>
  </mem-info>
</gc-end>
<cycle-end id="3593" type="partial gc" contextid="3585" timestamp="2019-08-04T08:43:46.522">
  <attribute name="GC Util" value="110" />
  <attribute name="CPU Util" value="17828417640595" />
  <attribute name="Time Running"value="164298"/>
  <attribute name="Number of cores"value="16"/>
</cycle-end>
<exclusive-end id="3594" timestamp="2019-08-04T08:43:46.522" durationms="19.751" />

<exclusive-start id="3595" timestamp="2019-08-04T08:43:46.585" intervalms="81.930">
  <response-info timems="2.733" idlems="2.733" threads="0" lastid="0000000000F06F00" lastname="Thread-30" />
</exclusive-start>
<allocation-taxation id="3596" taxation-threshold="81788928" timestamp="2019-08-04T08:43:46.585" intervalms="81.961" />
<cycle-start id="3597" type="partial gc" contextid="0" timestamp="2019-08-04T08:43:46.585" intervalms="82.035" />
  <attribute name="GC Util" value="110" />
  <attribute name="CPU Util" value="17828417640595" />
  <attribute name="Time Running"value="164298"/>
  <attribute name="Number of cores"value="16"/>
<gc-start id="3598" type="partial gc" contextid="3597" timestamp="2019-08-04T08:43:46.585">
  <mem-info id="3599" free="98566144" total="299892736" percent="32">
    <mem type="eden" free="0" total="81788928" percent="0" />
    <remembered-set count="47648" freebytes="11798528" totalbytes="11989120" percent="98" regionsoverflowed="0" regionsstable="9" regionsrebuilding="0"/>
  </mem-info>
</gc-start>
<allocation-stats totalBytes="81777800" >
  <allocated-bytes non-tlh="0" tlh="81777800" arrayletleaf="0"/>
  <largest-consumer threadName="Thread-25" threadId="0000000000F0E700" bytes="7891920" />
</allocation-stats>
<gc-op id="3600" type="copy forward" timems="12.678" contextid="3597" timestamp="2019-08-04T08:43:46.600">
  <memory-copied type="eden" objects="23052" bytes="916288" bytesdiscarded="55888" />
  <memory-copied type="other" objects="36498" bytes="1425456" bytesdiscarded="137456" />
  <memory-cardclean objects="27979" bytes="1423064" />
  <remembered-set-cleared processed="28585" cleared="7461" durationms="0.406" />
  <stringconstants candidates="15136" cleared="0"  />
</gc-op>
<gc-op id="3601" type="classunload" timems="0.014" contextid="3597" timestamp="2019-08-04T08:43:46.600">
  <classunload-info classloadercandidates="55" classloadersunloaded="0" classesunloaded="0" anonymousclassesunloaded="0" quiescems="0.000" setupms="0.013" scanms="0.000" postms="0.000" />
</gc-op>
<heap-resize id="3602" type="expand" space="default" amount="4194304" count="1" timems="0.067" reason="excessive time being spent in gc" timestamp="2019-08-04T08:43:46.600" />
<gc-end id="3603" type="partial gc" contextid="3597" durationms="14.588" usertimems="27.994" systemtimems="20.553" timestamp="2019-08-04T08:43:46.600" activeThreads="16">
  <mem-info id="3604" free="182452224" total="304087040" percent="60">
    <mem type="eden" free="1124976" total="2097152" percent="53" />
    <remembered-set count="49504" freebytes="11958784" totalbytes="12156800" percent="98" regionsoverflowed="0" regionsstable="9" regionsrebuilding="0"/>
  </mem-info>
</gc-end>
<cycle-end id="3605" type="partial gc" contextid="3597" timestamp="2019-08-04T08:43:46.600">
  <attribute name="GC Util" value="142" />
  <attribute name="CPU Util" value="14810582016269" />
  <attribute name="Time Running"value="164380"/>
  <attribute name="Number of cores"value="16"/>
</cycle-end>
<exclusive-end id="3606" timestamp="2019-08-04T08:43:46.600" durationms="15.592" />

<exclusive-start id="3607" timestamp="2019-08-04T08:43:46.629" intervalms="44.108">
  <response-info timems="1.303" idlems="1.303" threads="0" lastid="0000000000F61100" lastname="Thread-33" />
</exclusive-start>
<allocation-taxation id="3608" taxation-threshold="83886080" timestamp="2019-08-04T08:43:46.629" intervalms="44.085" />
<cycle-start id="3609" type="partial gc" contextid="0" timestamp="2019-08-04T08:43:46.629" intervalms="44.006" />
  <attribute name="GC Util" value="142" />
  <attribute name="CPU Util" value="14810582016269" />
  <attribute name="Time Running"value="164380"/>
  <attribute name="Number of cores"value="16"/>
<gc-start id="3610" type="partial gc" contextid="3609" timestamp="2019-08-04T08:43:46.629">
  <mem-info id="3611" free="98566144" total="304087040" percent="32">
    <mem type="eden" free="0" total="83886080" percent="0" />
    <remembered-set count="49376" freebytes="11959296" totalbytes="12156800" percent="98" regionsoverflowed="0" regionsstable="9" regionsrebuilding="0"/>
  </mem-info>
</gc-start>
<allocation-stats totalBytes="83874688" >
  <allocated-bytes non-tlh="0" tlh="83874688" arrayletleaf="0"/>
  <largest-consumer threadName="Thread-28" threadId="0000000000F24F00" bytes="12446512" />
</allocation-stats>
<gc-op id="3612" type="copy forward" timems="26.939" contextid="3609" timestamp="2019-08-04T08:43:46.657">
  <memory-copied type="eden" objects="15787" bytes="576656" bytesdiscarded="61728" />
  <memory-copied type="other" objects="52539" bytes="2168152" bytesdiscarded="165280" />
  <memory-cardclean objects="26391" bytes="1310184" />
  <remembered-set-cleared processed="30072" cleared="8614" durationms="0.287" />
  <stringconstants candidates="15136" cleared="0"  />
</gc-op>
<gc-op id="3613" type="classunload" timems="0.017" contextid="3609" timestamp="2019-08-04T08:43:46.657">
  <classunload-info classloadercandidates="55" classloadersunloaded="0" classesunloaded="0" anonymousclassesunloaded="0" quiescems="0.000" setupms="0.017" scanms="0.000" postms="0.000" />
</gc-op>
<heap-resize id="3614" type="expand" space="default" amount="6291456" count="1" timems="0.070" reason="excessive time being spent in gc" timestamp="2019-08-04T08:43:46.657" />
<gc-end id="3615" type="partial gc" contextid="3609" durationms="28.347" usertimems="30.745" systemtimems="39.657" timestamp="2019-08-04T08:43:46.657" activeThreads="16">
  <mem-info id="3616" free="186646528" total="310378496" percent="60">
    <mem type="eden" free="1458768" total="2097152" percent="69" />
    <remembered-set count="49280" freebytes="12211200" totalbytes="12408320" percent="98" regionsoverflowed="0" regionsstable="9" regionsrebuilding="0"/>
  </mem-info>
</gc-end>
<cycle-end id="3617" type="partial gc" contextid="3609" timestamp="2019-08-04T08:43:46.658">
  <attribute name="GC Util" value="158" />
  <attribute name="CPU Util" value="28120334838662" />
  <attribute name="Time Running"value="164423"/>
  <attribute name="Number of cores"value="16"/>
</cycle-end>
<exclusive-end id="3618" timestamp="2019-08-04T08:43:46.658" durationms="28.967" />

<exclusive-start id="3619" timestamp="2019-08-04T08:43:46.711" intervalms="82.670">
  <response-info timems="1.180" idlems="1.180" threads="0" lastid="0000000000F06F00" lastname="Thread-30" />
</exclusive-start>
<allocation-taxation id="3620" taxation-threshold="83886080" timestamp="2019-08-04T08:43:46.711" intervalms="82.670" />
<cycle-start id="3621" type="partial gc" contextid="0" timestamp="2019-08-04T08:43:46.712" intervalms="82.676" />
  <attribute name="GC Util" value="158" />
  <attribute name="CPU Util" value="28120334838662" />
  <attribute name="Time Running"value="164423"/>
  <attribute name="Number of cores"value="16"/>
<gc-start id="3622" type="partial gc" contextid="3621" timestamp="2019-08-04T08:43:46.712">
  <mem-info id="3623" free="102760448" total="310378496" percent="33">
    <mem type="eden" free="0" total="83886080" percent="0" />
    <remembered-set count="49088" freebytes="12211968" totalbytes="12408320" percent="98" regionsoverflowed="0" regionsstable="9" regionsrebuilding="0"/>
  </mem-info>
</gc-start>
<allocation-stats totalBytes="83874296" >
  <allocated-bytes non-tlh="0" tlh="83874296" arrayletleaf="0"/>
  <largest-consumer threadName="Thread-23" threadId="0000000000F0AB00" bytes="8166264" />
</allocation-stats>
<gc-op id="3624" type="copy forward" timems="15.092" contextid="3621" timestamp="2019-08-04T08:43:46.728">
  <memory-copied type="eden" objects="31093" bytes="1301888" bytesdiscarded="118288" />
  <memory-copied type="other" objects="30853" bytes="1152600" bytesdiscarded="37288" />
  <memory-cardclean objects="26900" bytes="1396040" />
  <remembered-set-cleared processed="32376" cleared="8564" durationms="0.302" />
  <stringconstants candidates="15136" cleared="0"  />
</gc-op>
<gc-op id="3625" type="classunload" timems="0.018" contextid="3621" timestamp="2019-08-04T08:43:46.728">
  <classunload-info classloadercandidates="55" classloadersunloaded="0" classesunloaded="0" anonymousclassesunloaded="0" quiescems="0.000" setupms="0.018" scanms="0.000" postms="0.000" />
</gc-op>
<heap-resize id="3626" type="expand" space="default" amount="4194304" count="1" timems="0.069" reason="excessive time being spent in gc" timestamp="2019-08-04T08:43:46.729" />
<gc-end id="3627" type="partial gc" contextid="3621" durationms="16.774" usertimems="38.755" systemtimems="13.523" timestamp="2019-08-04T08:43:46.729" activeThreads="16">
  <mem-info id="3628" free="188743680" total="314572800" percent="60">
    <mem type="eden" free="676976" total="2097152" percent="32" />
    <remembered-set count="50272" freebytes="12374912" totalbytes="12576000" percent="98" regionsoverflowed="0" regionsstable="9" regionsrebuilding="0"/>
  </mem-info>
</gc-end>
<cycle-end id="3629" type="partial gc" contextid="3621" timestamp="2019-08-04T08:43:46.729">
  <attribute name="GC Util" value="97" />
  <attribute name="CPU Util" value="26935292492671" />
  <attribute name="Time Running"value="164506"/>
  <attribute name="Number of cores"value="16"/>
</cycle-end>
<exclusive-end id="3630" timestamp="2019-08-04T08:43:46.729" durationms="17.487" />

<exclusive-start id="3631" timestamp="2019-08-04T08:43:46.795" intervalms="83.641">
  <response-info timems="3.077" idlems="3.077" threads="0" lastid="0000000000F24F00" lastname="Thread-28" />
</exclusive-start>
<allocation-taxation id="3632" taxation-threshold="85983232" timestamp="2019-08-04T08:43:46.795" intervalms="83.640" />
<cycle-start id="3633" type="partial gc" contextid="0" timestamp="2019-08-04T08:43:46.796" intervalms="83.970" />
  <attribute name="GC Util" value="97" />
  <attribute name="CPU Util" value="26935292492671" />
  <attribute name="Time Running"value="164506"/>
  <attribute name="Number of cores"value="16"/>
<gc-start id="3634" type="partial gc" contextid="3633" timestamp="2019-08-04T08:43:46.796">
  <mem-info id="3635" free="102760448" total="314572800" percent="32">
    <mem type="eden" free="0" total="85983232" percent="0" />
    <remembered-set count="50208" freebytes="12375168" totalbytes="12576000" percent="98" regionsoverflowed="0" regionsstable="9" regionsrebuilding="0"/>
  </mem-info>
</gc-start>
<allocation-stats totalBytes="85971408" >
  <allocated-bytes non-tlh="0" tlh="85971408" arrayletleaf="0"/>
  <largest-consumer threadName="Thread-23" threadId="0000000000F0AB00" bytes="8248264" />
</allocation-stats>
<gc-op id="3636" type="copy forward" timems="18.284" contextid="3633" timestamp="2019-08-04T08:43:46.816">
  <memory-copied type="eden" objects="20148" bytes="764696" bytesdiscarded="132472" />
  <memory-copied type="other" objects="46033" bytes="1929048" bytesdiscarded="175256" />
  <memory-cardclean objects="25501" bytes="1294664" />
  <remembered-set-cleared processed="32955" cleared="10200" durationms="0.327" />
  <stringconstants candidates="15136" cleared="0"  />
</gc-op>
<gc-op id="3637" type="classunload" timems="0.012" contextid="3633" timestamp="2019-08-04T08:43:46.816">
  <classunload-info classloadercandidates="55" classloadersunloaded="0" classesunloaded="0" anonymousclassesunloaded="0" quiescems="0.000" setupms="0.011" scanms="0.000" postms="0.000" />
</gc-op>
<heap-resize id="3638" type="expand" space="default" amount="6291456" count="1" timems="0.060" reason="excessive time being spent in gc" timestamp="2019-08-04T08:43:46.816" />
<gc-end id="3639" type="partial gc" contextid="3633" durationms="20.008" usertimems="30.848" systemtimems="22.307" timestamp="2019-08-04T08:43:46.816" activeThreads="16">
  <mem-info id="3640" free="192937984" total="320864256" percent="60">
    <mem type="eden" free="1199984" total="2097152" percent="57" />
    <remembered-set count="49536" freebytes="12629376" totalbytes="12827520" percent="98" regionsoverflowed="0" regionsstable="9" regionsrebuilding="0"/>
  </mem-info>
</gc-end>
<cycle-end id="3641" type="partial gc" contextid="3633" timestamp="2019-08-04T08:43:46.816">
  <attribute name="GC Util" value="104" />
  <attribute name="CPU Util" value="17533043314226" />
  <attribute name="Time Running"value="164590"/>
  <attribute name="Number of cores"value="16"/>
</cycle-end>
<exclusive-end id="3642" timestamp="2019-08-04T08:43:46.816" durationms="20.986" />

<exclusive-start id="3643" timestamp="2019-08-04T08:43:46.907" intervalms="111.669">
  <response-info timems="6.737" idlems="6.737" threads="0" lastid="0000000000F12300" lastname="Thread-35" />
</exclusive-start>
<allocation-taxation id="3644" taxation-threshold="88080384" timestamp="2019-08-04T08:43:46.907" intervalms="111.732" />
<cycle-start id="3645" type="partial gc" contextid="0" timestamp="2019-08-04T08:43:46.907" intervalms="111.381" />
  <attribute name="GC Util" value="104" />
  <attribute name="CPU Util" value="17533043314226" />
  <attribute name="Time Running"value="164590"/>
  <attribute name="Number of cores"value="16"/>
<gc-start id="3646" type="partial gc" contextid="3645" timestamp="2019-08-04T08:43:46.907">
  <mem-info id="3647" free="104857600" total="320864256" percent="32">
    <mem type="eden" free="0" total="88080384" percent="0" />
    <remembered-set count="49472" freebytes="12629632" totalbytes="12827520" percent="98" regionsoverflowed="0" regionsstable="9" regionsrebuilding="0"/>
  </mem-info>
</gc-start>
<allocation-stats totalBytes="88067696" >
  <allocated-bytes non-tlh="0" tlh="88067696" arrayletleaf="0"/>
  <largest-consumer threadName="Thread-33" threadId="0000000000F61100" bytes="10975944" />
</allocation-stats>
<gc-op id="3648" type="copy forward" timems="12.775" contextid="3645" timestamp="2019-08-04T08:43:46.922">
  <memory-copied type="eden" objects="19641" bytes="751744" bytesdiscarded="92848" />
  <memory-copied type="other" objects="66001" bytes="2820408" bytesdiscarded="230360" />
  <memory-cardclean objects="23951" bytes="1208000" />
  <remembered-set-cleared processed="31138" cleared="9724" durationms="0.426" />
  <stringconstants candidates="15136" cleared="0"  />
</gc-op>
<gc-op id="3649" type="classunload" timems="0.014" contextid="3645" timestamp="2019-08-04T08:43:46.922">
  <classunload-info classloadercandidates="55" classloadersunloaded="0" classesunloaded="0" anonymousclassesunloaded="0" quiescems="0.000" setupms="0.014" scanms="0.000" postms="0.000" />
</gc-op>
<heap-resize id="3650" type="expand" space="default" amount="4194304" count="1" timems="0.064" reason="excessive time being spent in gc" timestamp="2019-08-04T08:43:46.922" />
<gc-end id="3651" type="partial gc" contextid="3645" durationms="14.681" usertimems="26.215" systemtimems="18.614" timestamp="2019-08-04T08:43:46.922" activeThreads="16">
  <mem-info id="3652" free="195035136" total="325058560" percent="60">
    <mem type="eden" free="1252560" total="2097152" percent="59" />
    <remembered-set count="51200" freebytes="12790400" totalbytes="12995200" percent="98" regionsoverflowed="0" regionsstable="9" regionsrebuilding="0"/>
  </mem-info>
</gc-end>
<cycle-end id="3653" type="partial gc" contextid="3645" timestamp="2019-08-04T08:43:46.922">
  <attribute name="GC Util" value="131" />
  <attribute name="CPU Util" value="17540328764828" />
  <attribute name="Time Running"value="164702"/>
  <attribute name="Number of cores"value="16"/>
</cycle-end>
<exclusive-end id="3654" timestamp="2019-08-04T08:43:46.922" durationms="15.553" />

<exclusive-start id="3655" timestamp="2019-08-04T08:43:46.987" intervalms="80.414">
  <response-info timems="3.015" idlems="3.015" threads="0" lastid="0000000000F0E700" lastname="Thread-25" />
</exclusive-start>
<allocation-taxation id="3656" taxation-threshold="88080384" timestamp="2019-08-04T08:43:46.987" intervalms="80.400" />
<cycle-start id="3657" type="partial gc" contextid="0" timestamp="2019-08-04T08:43:46.987" intervalms="80.425" />
  <attribute name="GC Util" value="131" />
  <attribute name="CPU Util" value="17540328764828" />
  <attribute name="Time Running"value="164702"/>
  <attribute name="Number of cores"value="16"/>
<gc-start id="3658" type="partial gc" contextid="3657" timestamp="2019-08-04T08:43:46.988">
  <mem-info id="3659" free="106954752" total="325058560" percent="32">
    <mem type="eden" free="0" total="88080384" percent="0" />
    <remembered-set count="50816" freebytes="12791936" totalbytes="12995200" percent="98" regionsoverflowed="0" regionsstable="9" regionsrebuilding="0"/>
  </mem-info>
</gc-start>
<allocation-stats totalBytes="88068048" >
  <allocated-bytes non-tlh="0" tlh="88068048" arrayletleaf="0"/>
  <largest-consumer threadName="Thread-31" threadId="0000000000F33E00" bytes="10984128" />
</allocation-stats>
<gc-op id="3660" type="copy forward" timems="14.038" contextid="3657" timestamp="2019-08-04T08:43:47.003">
  <memory-copied type="eden" objects="17750" bytes="706360" bytesdiscarded="62408" />
  <memory-copied type="other" objects="52888" bytes="2093568" bytesdiscarded="218112" />
  <memory-cardclean objects="30450" bytes="1581872" />
  <remembered-set-cleared processed="31735" cleared="6766" durationms="0.720" />
  <stringconstants candidates="15136" cleared="0"  />
</gc-op>
<gc-op id="3661" type="classunload" timems="0.013" contextid="3657" timestamp="2019-08-04T08:43:47.003">
  <classunload-info classloadercandidates="55" classloadersunloaded="0" classesunloaded="0" anonymousclassesunloaded="0" quiescems="0.000" setupms="0.011" scanms="0.000" postms="0.000" />
</gc-op>
<heap-resize id="3662" type="expand" space="default" amount="10485760" count="1" timems="0.071" reason="excessive time being spent in gc" timestamp="2019-08-04T08:43:47.003" />
<gc-end id="3663" type="partial gc" contextid="3657" durationms="15.378" usertimems="25.733" systemtimems="19.766" timestamp="2019-08-04T08:43:47.003" activeThreads="16">
  <mem-info id="3664" free="201326592" total="335544320" percent="60">
    <mem type="eden" free="3425536" total="4194304" percent="81" />
    <remembered-set count="52320" freebytes="13205120" totalbytes="13414400" percent="98" regionsoverflowed="0" regionsstable="9" regionsrebuilding="0"/>
  </mem-info>
</gc-end>
<cycle-end id="3665" type="partial gc" contextid="3657" timestamp="2019-08-04T08:43:47.003">
  <attribute name="GC Util" value="131" />
  <attribute name="CPU Util" value="26755853299209" />
  <attribute name="Time Running"value="164781"/>
  <attribute name="Number of cores"value="16"/>
</cycle-end>
<exclusive-end id="3666" timestamp="2019-08-04T08:43:47.003" durationms="16.004" />

<exclusive-start id="3667" timestamp="2019-08-04T08:43:47.078" intervalms="90.465">
  <response-info timems="3.279" idlems="3.279" threads="0" lastid="0000000000F06F00" lastname="Thread-30" />
</exclusive-start>
<allocation-taxation id="3668" taxation-threshold="90177536" timestamp="2019-08-04T08:43:47.078" intervalms="90.415" />
<cycle-start id="3669" type="partial gc" contextid="0" timestamp="2019-08-04T08:43:47.078" intervalms="90.419" />
  <attribute name="GC Util" value="131" />
  <attribute name="CPU Util" value="26755853299209" />
  <attribute name="Time Running"value="164781"/>
  <attribute name="Number of cores"value="16"/>
<gc-start id="3670" type="partial gc" contextid="3669" timestamp="2019-08-04T08:43:47.078">
  <mem-info id="3671" free="111149056" total="335544320" percent="33">
    <mem type="eden" free="0" total="90177536" percent="0" />
    <remembered-set count="51936" freebytes="13206656" totalbytes="13414400" percent="98" regionsoverflowed="0" regionsstable="9" regionsrebuilding="0"/>
  </mem-info>
</gc-start>
<allocation-stats totalBytes="90164472" >
  <allocated-bytes non-tlh="0" tlh="90164472" arrayletleaf="0"/>
  <largest-consumer threadName="Thread-31" threadId="0000000000F33E00" bytes="11688616" />
</allocation-stats>
<gc-op id="3672" type="copy forward" timems="17.481" contextid="3669" timestamp="2019-08-04T08:43:47.100">
  <memory-copied type="eden" objects="13997" bytes="478960" bytesdiscarded="60560" />
  <memory-copied type="other" objects="71421" bytes="2950488" bytesdiscarded="254376" />
  <memory-cardclean objects="32661" bytes="1638608" />
  <remembered-set-cleared processed="32608" cleared="8411" durationms="0.707" />
  <stringconstants candidates="15136" cleared="0"  />
</gc-op>
<gc-op id="3673" type="classunload" timems="0.015" contextid="3669" timestamp="2019-08-04T08:43:47.100">
  <classunload-info classloadercandidates="55" classloadersunloaded="0" classesunloaded="0" anonymousclassesunloaded="0" quiescems="0.000" setupms="0.015" scanms="0.000" postms="0.000" />
</gc-op>
<gc-end id="3674" type="partial gc" contextid="3669" durationms="22.062" usertimems="34.860" systemtimems="32.715" timestamp="2019-08-04T08:43:47.100" activeThreads="16">
  <mem-info id="3675" free="201326592" total="335544320" percent="60">
    <mem type="eden" free="1557632" total="2097152" percent="74" />
    <remembered-set count="55200" freebytes="13193600" totalbytes="13414400" percent="98" regionsoverflowed="0" regionsstable="9" regionsrebuilding="0"/>
  </mem-info>
</gc-end>
<cycle-end id="3676" type="partial gc" contextid="3669" timestamp="2019-08-04T08:43:47.100">
  <attribute name="GC Util" value="96" />
  <attribute name="CPU Util" value="4722801406520" />
  <attribute name="Time Running"value="164875"/>
  <attribute name="Number of cores"value="16"/>
</cycle-end>
<exclusive-end id="3677" timestamp="2019-08-04T08:43:47.101" durationms="22.940" />

<exclusive-start id="3678" timestamp="2019-08-04T08:43:47.156" intervalms="77.975">
  <response-info timems="3.811" idlems="3.811" threads="0" lastid="0000000000F06F00" lastname="Thread-30" />
</exclusive-start>
<allocation-taxation id="3679" taxation-threshold="90177536" timestamp="2019-08-04T08:43:47.156" intervalms="77.976" />
<cycle-start id="3680" type="partial gc" contextid="0" timestamp="2019-08-04T08:43:47.156" intervalms="77.976" />
  <attribute name="GC Util" value="96" />
  <attribute name="CPU Util" value="4722801406520" />
  <attribute name="Time Running"value="164875"/>
  <attribute name="Number of cores"value="16"/>
<gc-start id="3681" type="partial gc" contextid="3680" timestamp="2019-08-04T08:43:47.156">
  <mem-info id="3682" free="111149056" total="335544320" percent="33">
    <mem type="eden" free="0" total="90177536" percent="0" />
    <remembered-set count="55136" freebytes="13193856" totalbytes="13414400" percent="98" regionsoverflowed="0" regionsstable="9" regionsrebuilding="0"/>
  </mem-info>
</gc-start>
<allocation-stats totalBytes="90164440" >
  <allocated-bytes non-tlh="0" tlh="90164440" arrayletleaf="0"/>
  <largest-consumer threadName="Thread-31" threadId="0000000000F33E00" bytes="10832488" />
</allocation-stats>
<gc-op id="3683" type="copy forward" timems="12.034" contextid="3680" timestamp="2019-08-04T08:43:47.170">
  <memory-copied type="eden" objects="18499" bytes="725184" bytesdiscarded="30680" />
  <memory-copied type="other" objects="75357" bytes="3044952" bytesdiscarded="281072" />
  <memory-cardclean objects="31298" bytes="1588784" />
  <remembered-set-cleared processed="33824" cleared="7929" durationms="0.355" />
  <stringconstants candidates="15136" cleared="0"  />
</gc-op>
<gc-op id="3684" type="classunload" timems="0.012" contextid="3680" timestamp="2019-08-04T08:43:47.170">
  <classunload-info classloadercandidates="55" classloadersunloaded="0" classesunloaded="0" anonymousclassesunloaded="0" quiescems="0.000" setupms="0.012" scanms="0.000" postms="0.000" />
</gc-op>
<heap-resize id="3685" type="expand" space="default" amount="6291456" count="1" timems="0.061" reason="excessive time being spent in gc" timestamp="2019-08-04T08:43:47.170" />
<gc-end id="3686" type="partial gc" contextid="3680" durationms="14.416" usertimems="31.329" systemtimems="10.840" timestamp="2019-08-04T08:43:47.170" activeThreads="16">
  <mem-info id="3687" free="205520896" total="341835776" percent="60">
    <mem type="eden" free="1341288" total="2097152" percent="63" />
    <remembered-set count="55744" freebytes="13442944" totalbytes="13665920" percent="98" regionsoverflowed="0" regionsstable="9" regionsrebuilding="0"/>
  </mem-info>
</gc-end>
<cycle-end id="3688" type="partial gc" contextid="3680" timestamp="2019-08-04T08:43:47.171">
  <attribute name="GC Util" value="106" />
  <attribute name="CPU Util" value="15447799642366" />
  <attribute name="Time Running"value="164951"/>
  <attribute name="Number of cores"value="16"/>
</cycle-end>
<exclusive-end id="3689" timestamp="2019-08-04T08:43:47.171" durationms="15.043" />

<exclusive-start id="3690" timestamp="2019-08-04T08:43:47.249" intervalms="93.434">
  <response-info timems="5.618" idlems="2.829" threads="1" lastid="0000000000F21300" lastname="Thread-24" />
</exclusive-start>
<allocation-taxation id="3691" taxation-threshold="92274688" timestamp="2019-08-04T08:43:47.249" intervalms="93.442" />
<cycle-start id="3692" type="partial gc" contextid="0" timestamp="2019-08-04T08:43:47.249" intervalms="93.712" />
  <attribute name="GC Util" value="106" />
  <attribute name="CPU Util" value="15447799642366" />
  <attribute name="Time Running"value="164951"/>
  <attribute name="Number of cores"value="16"/>
<gc-start id="3693" type="partial gc" contextid="3692" timestamp="2019-08-04T08:43:47.250">
  <mem-info id="3694" free="113246208" total="341835776" percent="33">
    <mem type="eden" free="0" total="92274688" percent="0" />
    <remembered-set count="55712" freebytes="13443072" totalbytes="13665920" percent="98" regionsoverflowed="0" regionsstable="9" regionsrebuilding="0"/>
  </mem-info>
</gc-start>
<allocation-stats totalBytes="92260984" >
  <allocated-bytes non-tlh="0" tlh="92260984" arrayletleaf="0"/>
  <largest-consumer threadName="Thread-31" threadId="0000000000F33E00" bytes="10406640" />
</allocation-stats>
<gc-op id="3695" type="copy forward" timems="12.986" contextid="3692" timestamp="2019-08-04T08:43:47.266">
  <memory-copied type="eden" objects="7606" bytes="188224" bytesdiscarded="30976" />
  <memory-copied type="other" objects="51198" bytes="1915632" bytesdiscarded="163784" />
  <memory-cardclean objects="37678" bytes="1931240" />
  <remembered-set-cleared processed="35741" cleared="7836" durationms="0.536" />
  <stringconstants candidates="15136" cleared="0"  />
</gc-op>
<gc-op id="3696" type="classunload" timems="0.017" contextid="3692" timestamp="2019-08-04T08:43:47.266">
  <classunload-info classloadercandidates="55" classloadersunloaded="0" classesunloaded="0" anonymousclassesunloaded="0" quiescems="0.000" setupms="0.017" scanms="0.000" postms="0.000" />
</gc-op>
<heap-resize id="3697" type="expand" space="default" amount="10485760" count="1" timems="0.071" reason="excessive time being spent in gc" timestamp="2019-08-04T08:43:47.266" />
<gc-end id="3698" type="partial gc" contextid="3692" durationms="16.396" usertimems="34.611" systemtimems="12.176" timestamp="2019-08-04T08:43:47.266" activeThreads="16">
  <mem-info id="3699" free="211812352" total="352321536" percent="60">
    <mem type="eden" free="3975104" total="4194304" percent="94" />
    <remembered-set count="57696" freebytes="13854336" totalbytes="14085120" percent="98" regionsoverflowed="0" regionsstable="9" regionsrebuilding="0"/>
  </mem-info>
</gc-end>
<cycle-end id="3700" type="partial gc" contextid="3692" timestamp="2019-08-04T08:43:47.266">
  <attribute name="GC Util" value="33" />
  <attribute name="CPU Util" value="7306905303976" />
  <attribute name="Time Running"value="165045"/>
  <attribute name="Number of cores"value="16"/>
</cycle-end>
<exclusive-end id="3701" timestamp="2019-08-04T08:43:47.266" durationms="17.430" />

<exclusive-start id="3702" timestamp="2019-08-04T08:43:47.342" intervalms="92.988">
  <response-info timems="2.703" idlems="2.703" threads="0" lastid="0000000000F0E700" lastname="Thread-25" />
</exclusive-start>
<allocation-taxation id="3703" taxation-threshold="94371840" timestamp="2019-08-04T08:43:47.342" intervalms="92.973" />
<cycle-start id="3704" type="partial gc" contextid="0" timestamp="2019-08-04T08:43:47.342" intervalms="92.895" />
  <attribute name="GC Util" value="33" />
  <attribute name="CPU Util" value="7306905303976" />
  <attribute name="Time Running"value="165045"/>
  <attribute name="Number of cores"value="16"/>
<gc-start id="3705" type="partial gc" contextid="3704" timestamp="2019-08-04T08:43:47.343">
  <mem-info id="3706" free="117440512" total="352321536" percent="33">
    <mem type="eden" free="0" total="94371840" percent="0" />
    <remembered-set count="57664" freebytes="13854464" totalbytes="14085120" percent="98" regionsoverflowed="0" regionsstable="9" regionsrebuilding="0"/>
  </mem-info>
</gc-start>
<allocation-stats totalBytes="94358392" >
  <allocated-bytes non-tlh="0" tlh="94358392" arrayletleaf="0"/>
  <largest-consumer threadName="Thread-32" threadId="0000000000F64D00" bytes="13142472" />
</allocation-stats>
<gc-op id="3707" type="copy forward" timems="21.360" contextid="3704" timestamp="2019-08-04T08:43:47.365">
  <memory-copied type="eden" objects="23339" bytes="977664" bytesdiscarded="98752" />
  <memory-copied type="other" objects="49511" bytes="1875144" bytesdiscarded="151776" />
  <memory-cardclean objects="34826" bytes="1719392" />
  <remembered-set-cleared processed="36357" cleared="8666" durationms="0.416" />
  <stringconstants candidates="15136" cleared="0"  />
</gc-op>
<gc-op id="3708" type="classunload" timems="0.017" contextid="3704" timestamp="2019-08-04T08:43:47.365">
  <classunload-info classloadercandidates="55" classloadersunloaded="0" classesunloaded="0" anonymousclassesunloaded="0" quiescems="0.000" setupms="0.017" scanms="0.000" postms="0.000" />
</gc-op>
<heap-resize id="3709" type="expand" space="default" amount="4194304" count="1" timems="0.070" reason="excessive time being spent in gc" timestamp="2019-08-04T08:43:47.366" />
<gc-end id="3710" type="partial gc" contextid="3704" durationms="23.096" usertimems="30.333" systemtimems="31.636" timestamp="2019-08-04T08:43:47.366" activeThreads="16">
  <mem-info id="3711" free="213909504" total="356515840" percent="60">
    <mem type="eden" free="3117888" total="4194304" percent="74" />
    <remembered-set count="59872" freebytes="14013312" totalbytes="14252800" percent="98" regionsoverflowed="0" regionsstable="9" regionsrebuilding="0"/>
  </mem-info>
</gc-end>
<cycle-end id="3712" type="partial gc" contextid="3704" timestamp="2019-08-04T08:43:47.366">
  <attribute name="GC Util" value="146" />
  <attribute name="CPU Util" value="26461093558544" />
  <attribute name="Time Running"value="165136"/>
  <attribute name="Number of cores"value="16"/>
</cycle-end>
<exclusive-end id="3713" timestamp="2019-08-04T08:43:47.366" durationms="23.966" />

<exclusive-start id="3714" timestamp="2019-08-04T08:43:47.431" intervalms="88.683">
  <response-info timems="7.476" idlems="7.476" threads="0" lastid="0000000000F2C700" lastname="Thread-21" />
</exclusive-start>
<allocation-taxation id="3715" taxation-threshold="96468992" timestamp="2019-08-04T08:43:47.431" intervalms="88.720" />
<cycle-start id="3716" type="partial gc" contextid="0" timestamp="2019-08-04T08:43:47.431" intervalms="88.655" />
  <attribute name="GC Util" value="146" />
  <attribute name="CPU Util" value="26461093558544" />
  <attribute name="Time Running"value="165136"/>
  <attribute name="Number of cores"value="16"/>
<gc-start id="3717" type="partial gc" contextid="3716" timestamp="2019-08-04T08:43:47.432">
  <mem-info id="3718" free="117440512" total="356515840" percent="32">
    <mem type="eden" free="0" total="96468992" percent="0" />
    <remembered-set count="59424" freebytes="14015104" totalbytes="14252800" percent="98" regionsoverflowed="0" regionsstable="9" regionsrebuilding="0"/>
  </mem-info>
</gc-start>
<allocation-stats totalBytes="96454680" >
  <allocated-bytes non-tlh="0" tlh="96454680" arrayletleaf="0"/>
  <largest-consumer threadName="Thread-33" threadId="0000000000F61100" bytes="10815704" />
</allocation-stats>
<gc-op id="3719" type="copy forward" timems="11.134" contextid="3716" timestamp="2019-08-04T08:43:47.444">
  <memory-copied type="eden" objects="18682" bytes="728344" bytesdiscarded="88520" />
  <memory-copied type="other" objects="51723" bytes="2065608" bytesdiscarded="172512" />
  <memory-cardclean objects="33654" bytes="1720688" />
  <remembered-set-cleared processed="37095" cleared="9952" durationms="0.971" />
  <stringconstants candidates="15136" cleared="0"  />
</gc-op>
<gc-op id="3720" type="classunload" timems="0.015" contextid="3716" timestamp="2019-08-04T08:43:47.444">
  <classunload-info classloadercandidates="55" classloadersunloaded="0" classesunloaded="0" anonymousclassesunloaded="0" quiescems="0.000" setupms="0.015" scanms="0.000" postms="0.000" />
</gc-op>
<heap-resize id="3721" type="expand" space="default" amount="6291456" count="1" timems="0.067" reason="excessive time being spent in gc" timestamp="2019-08-04T08:43:47.445" />
<gc-end id="3722" type="partial gc" contextid="3716" durationms="12.655" usertimems="30.359" systemtimems="8.775" timestamp="2019-08-04T08:43:47.445" activeThreads="16">
  <mem-info id="3723" free="218103808" total="362807296" percent="60">
    <mem type="eden" free="3377440" total="4194304" percent="80" />
    <remembered-set count="58144" freebytes="14271744" totalbytes="14504320" percent="98" regionsoverflowed="0" regionsstable="9" regionsrebuilding="0"/>
  </mem-info>
</gc-end>
<cycle-end id="3724" type="partial gc" contextid="3716" timestamp="2019-08-04T08:43:47.445">
  <attribute name="GC Util" value="136" />
  <attribute name="CPU Util" value="30983974111585" />
  <attribute name="Time Running"value="165226"/>
  <attribute name="Number of cores"value="16"/>
</cycle-end>
<exclusive-end id="3725" timestamp="2019-08-04T08:43:47.445" durationms="14.119" />

<exclusive-start id="3726" timestamp="2019-08-04T08:43:47.554" intervalms="122.940">
  <response-info timems="2.733" idlems="2.719" threads="1" lastid="0000000000F21300" lastname="Thread-24" />
</exclusive-start>
<allocation-taxation id="3727" taxation-threshold="96468992" timestamp="2019-08-04T08:43:47.554" intervalms="122.988" />
<cycle-start id="3728" type="partial gc" contextid="0" timestamp="2019-08-04T08:43:47.554" intervalms="122.875" />
  <attribute name="GC Util" value="136" />
  <attribute name="CPU Util" value="30983974111585" />
  <attribute name="Time Running"value="165226"/>
  <attribute name="Number of cores"value="16"/>
<gc-start id="3729" type="partial gc" contextid="3728" timestamp="2019-08-04T08:43:47.555">
  <mem-info id="3730" free="121634816" total="362807296" percent="33">
    <mem type="eden" free="0" total="96468992" percent="0" />
    <remembered-set count="58112" freebytes="14271872" totalbytes="14504320" percent="98" regionsoverflowed="0" regionsstable="9" regionsrebuilding="0"/>
  </mem-info>
</gc-start>
<allocation-stats totalBytes="96454320" >
  <allocated-bytes non-tlh="0" tlh="96454320" arrayletleaf="0"/>
  <largest-consumer threadName="Thread-23" threadId="0000000000F0AB00" bytes="10377944" />
</allocation-stats>
<gc-op id="3731" type="copy forward" timems="14.357" contextid="3728" timestamp="2019-08-04T08:43:47.572">
  <memory-copied type="eden" objects="32457" bytes="1333000" bytesdiscarded="109272" />
  <memory-copied type="other" objects="57272" bytes="2336160" bytesdiscarded="218008" />
  <memory-cardclean objects="26842" bytes="1353560" />
  <remembered-set-cleared processed="36828" cleared="7531" durationms="0.635" />
  <stringconstants candidates="15136" cleared="0"  />
</gc-op>
<gc-op id="3732" type="classunload" timems="0.016" contextid="3728" timestamp="2019-08-04T08:43:47.572">
  <classunload-info classloadercandidates="55" classloadersunloaded="0" classesunloaded="0" anonymousclassesunloaded="0" quiescems="0.000" setupms="0.016" scanms="0.000" postms="0.000" />
</gc-op>
<gc-end id="3733" type="partial gc" contextid="3728" durationms="17.199" usertimems="31.396" systemtimems="12.998" timestamp="2019-08-04T08:43:47.572" activeThreads="16">
  <mem-info id="3734" free="218103808" total="362807296" percent="60">
    <mem type="eden" free="654880" total="2097152" percent="31" />
    <remembered-set count="56864" freebytes="14276864" totalbytes="14504320" percent="98" regionsoverflowed="0" regionsstable="9" regionsrebuilding="0"/>
  </mem-info>
</gc-end>
<cycle-end id="3735" type="partial gc" contextid="3728" timestamp="2019-08-04T08:43:47.572">
  <attribute name="GC Util" value="221" />
  <attribute name="CPU Util" value="8416698192141" />
  <attribute name="Time Running"value="165350"/>
  <attribute name="Number of cores"value="16"/>
</cycle-end>
<exclusive-end id="3736" timestamp="2019-08-04T08:43:47.572" durationms="18.460" />

<exclusive-start id="3737" timestamp="2019-08-04T08:43:47.686" intervalms="132.203">
  <response-info timems="3.301" idlems="3.301" threads="0" lastid="0000000000F21300" lastname="Thread-24" />
</exclusive-start>
<allocation-taxation id="3738" taxation-threshold="96468992" timestamp="2019-08-04T08:43:47.686" intervalms="132.125" />
<cycle-start id="3739" type="partial gc" contextid="0" timestamp="2019-08-04T08:43:47.686" intervalms="132.459" />
  <attribute name="GC Util" value="221" />
  <attribute name="CPU Util" value="8416698192141" />
  <attribute name="Time Running"value="165350"/>
  <attribute name="Number of cores"value="16"/>
<gc-start id="3740" type="partial gc" contextid="3739" timestamp="2019-08-04T08:43:47.687">
  <mem-info id="3741" free="121634816" total="362807296" percent="33">
    <mem type="eden" free="0" total="96468992" percent="0" />
    <remembered-set count="56448" freebytes="14278528" totalbytes="14504320" percent="98" regionsoverflowed="0" regionsstable="9" regionsrebuilding="0"/>
  </mem-info>
</gc-start>
<allocation-stats totalBytes="96453872" >
  <allocated-bytes non-tlh="0" tlh="96453872" arrayletleaf="0"/>
  <largest-consumer threadName="Thread-21" threadId="0000000000F2C700" bytes="12294208" />
</allocation-stats>
<gc-op id="3742" type="copy forward" timems="8.713" contextid="3739" timestamp="2019-08-04T08:43:47.696">
  <memory-copied type="eden" objects="16484" bytes="537792" bytesdiscarded="92600" />
  <memory-copied type="other" objects="71262" bytes="3084048" bytesdiscarded="270664" />
  <memory-cardclean objects="24060" bytes="1218152" />
  <remembered-set-cleared processed="36441" cleared="9896" durationms="0.254" />
  <stringconstants candidates="15136" cleared="0"  />
</gc-op>
<gc-op id="3743" type="classunload" timems="0.011" contextid="3739" timestamp="2019-08-04T08:43:47.697">
  <classunload-info classloadercandidates="55" classloadersunloaded="0" classesunloaded="0" anonymousclassesunloaded="0" quiescems="0.000" setupms="0.010" scanms="0.000" postms="0.000" />
</gc-op>
<heap-resize id="3744" type="expand" space="default" amount="4194304" count="1" timems="0.063" reason="excessive time being spent in gc" timestamp="2019-08-04T08:43:47.697" />
<gc-end id="3745" type="partial gc" contextid="3739" durationms="10.221" usertimems="22.382" systemtimems="8.489" timestamp="2019-08-04T08:43:47.697" activeThreads="16">
  <mem-info id="3746" free="220200960" total="367001600" percent="60">
    <mem type="eden" free="1466760" total="2097152" percent="69" />
    <remembered-set count="55808" freebytes="14448768" totalbytes="14672000" percent="98" regionsoverflowed="0" regionsstable="9" regionsrebuilding="0"/>
  </mem-info>
</gc-end>
<cycle-end id="3747" type="partial gc" contextid="3739" timestamp="2019-08-04T08:43:47.697">
  <attribute name="GC Util" value="116" />
  <attribute name="CPU Util" value="22237101114588" />
  <attribute name="Time Running"value="165480"/>
  <attribute name="Number of cores"value="16"/>
</cycle-end>
<exclusive-end id="3748" timestamp="2019-08-04T08:43:47.697" durationms="11.142" />

<exclusive-start id="3749" timestamp="2019-08-04T08:43:47.785" intervalms="99.608">
  <response-info timems="2.771" idlems="2.771" threads="0" lastid="0000000000F0AB00" lastname="Thread-23" />
</exclusive-start>
<allocation-taxation id="3750" taxation-threshold="98566144" timestamp="2019-08-04T08:43:47.786" intervalms="99.609" />
<cycle-start id="3751" type="partial gc" contextid="0" timestamp="2019-08-04T08:43:47.786" intervalms="99.243" />
  <attribute name="GC Util" value="116" />
  <attribute name="CPU Util" value="22237101114588" />
  <attribute name="Time Running"value="165480"/>
  <attribute name="Number of cores"value="16"/>
<gc-start id="3752" type="partial gc" contextid="3751" timestamp="2019-08-04T08:43:47.786">
  <mem-info id="3753" free="121634816" total="367001600" percent="33">
    <mem type="eden" free="0" total="98566144" percent="0" />
    <remembered-set count="55712" freebytes="14449152" totalbytes="14672000" percent="98" regionsoverflowed="0" regionsstable="9" regionsrebuilding="0"/>
  </mem-info>
</gc-start>
<allocation-stats totalBytes="98551192" >
  <allocated-bytes non-tlh="0" tlh="98551192" arrayletleaf="0"/>
  <largest-consumer threadName="Thread-30" threadId="0000000000F06F00" bytes="11889040" />
</allocation-stats>
<gc-op id="3754" type="copy forward" timems="12.795" contextid="3751" timestamp="2019-08-04T08:43:47.800">
  <memory-copied type="eden" objects="15750" bytes="382880" bytesdiscarded="32704" />
  <memory-copied type="other" objects="69777" bytes="2773656" bytesdiscarded="221048" />
  <memory-cardclean objects="32837" bytes="1635656" />
  <remembered-set-cleared processed="34430" cleared="8240" durationms="0.282" />
  <stringconstants candidates="15136" cleared="0"  />
</gc-op>
<gc-op id="3755" type="classunload" timems="0.012" contextid="3751" timestamp="2019-08-04T08:43:47.800">
  <classunload-info classloadercandidates="55" classloadersunloaded="0" classesunloaded="0" anonymousclassesunloaded="0" quiescems="0.000" setupms="0.012" scanms="0.000" postms="0.000" />
</gc-op>
<gc-end id="3756" type="partial gc" contextid="3751" durationms="14.316" usertimems="25.695" systemtimems="13.144" timestamp="2019-08-04T08:43:47.800" activeThreads="16">
  <mem-info id="3757" free="218103808" total="367001600" percent="59">
    <mem type="eden" free="1681568" total="2097152" percent="80" />
    <remembered-set count="58784" freebytes="14436864" totalbytes="14672000" percent="98" regionsoverflowed="0" regionsstable="9" regionsrebuilding="0"/>
  </mem-info>
</gc-end>
<cycle-end id="3758" type="partial gc" contextid="3751" timestamp="2019-08-04T08:43:47.800">
  <attribute name="GC Util" value="133" />
  <attribute name="CPU Util" value="30239917430117" />
  <attribute name="Time Running"value="165580"/>
  <attribute name="Number of cores"value="16"/>
</cycle-end>
<exclusive-end id="3759" timestamp="2019-08-04T08:43:47.800" durationms="14.939" />

<exclusive-start id="3760" timestamp="2019-08-04T08:43:47.855" intervalms="69.971">
  <response-info timems="2.904" idlems="2.904" threads="0" lastid="0000000000F06F00" lastname="Thread-30" />
</exclusive-start>
<allocation-taxation id="3761" taxation-threshold="98566144" timestamp="2019-08-04T08:43:47.855" intervalms="69.963" />
<cycle-start id="3762" type="partial gc" contextid="0" timestamp="2019-08-04T08:43:47.856" intervalms="69.956" />
  <attribute name="GC Util" value="133" />
  <attribute name="CPU Util" value="30239917430117" />
  <attribute name="Time Running"value="165580"/>
  <attribute name="Number of cores"value="16"/>
<gc-start id="3763" type="partial gc" contextid="3762" timestamp="2019-08-04T08:43:47.856">
  <mem-info id="3764" free="119537664" total="367001600" percent="32">
    <mem type="eden" free="0" total="98566144" percent="0" />
    <remembered-set count="58656" freebytes="14437376" totalbytes="14672000" percent="98" regionsoverflowed="0" regionsstable="9" regionsrebuilding="0"/>
  </mem-info>
</gc-start>
<allocation-stats totalBytes="98550296" >
  <allocated-bytes non-tlh="0" tlh="98550296" arrayletleaf="0"/>
  <largest-consumer threadName="Thread-21" threadId="0000000000F2C700" bytes="9464440" />
</allocation-stats>
<gc-op id="3765" type="copy forward" timems="8.305" contextid="3762" timestamp="2019-08-04T08:43:47.865">
  <memory-copied type="eden" objects="32934" bytes="1482112" bytesdiscarded="85944" />
  <memory-copied type="other" objects="38222" bytes="1329456" bytesdiscarded="146080" />
  <memory-cardclean objects="28448" bytes="1443200" />
  <remembered-set-cleared processed="34865" cleared="7432" durationms="0.224" />
  <stringconstants candidates="15136" cleared="0"  />
</gc-op>
<gc-op id="3766" type="classunload" timems="0.012" contextid="3762" timestamp="2019-08-04T08:43:47.865">
  <classunload-info classloadercandidates="55" classloadersunloaded="0" classesunloaded="0" anonymousclassesunloaded="0" quiescems="0.000" setupms="0.012" scanms="0.000" postms="0.000" />
</gc-op>
<heap-resize id="3767" type="expand" space="default" amount="10485760" count="1" timems="0.082" reason="excessive time being spent in gc" timestamp="2019-08-04T08:43:47.865" />
<gc-end id="3768" type="partial gc" contextid="3762" durationms="9.464" usertimems="25.057" systemtimems="4.876" timestamp="2019-08-04T08:43:47.865" activeThreads="16">
  <mem-info id="3769" free="226492416" total="377487360" percent="60">
    <mem type="eden" free="529096" total="2097152" percent="25" />
    <remembered-set count="55328" freebytes="14869888" totalbytes="15091200" percent="98" regionsoverflowed="0" regionsstable="9" regionsrebuilding="0"/>
  </mem-info>
</gc-end>
<cycle-end id="3770" type="partial gc" contextid="3762" timestamp="2019-08-04T08:43:47.865">
  <attribute name="GC Util" value="148" />
  <attribute name="CPU Util" value="36172282525764" />
  <attribute name="Time Running"value="165649"/>
  <attribute name="Number of cores"value="16"/>
</cycle-end>
<exclusive-end id="3771" timestamp="2019-08-04T08:43:47.865" durationms="10.049" />

<exclusive-start id="3772" timestamp="2019-08-04T08:43:47.978" intervalms="122.492">
  <response-info timems="6.805" idlems="6.805" threads="0" lastid="0000000000F61100" lastname="Thread-33" />
</exclusive-start>
<allocation-taxation id="3773" taxation-threshold="100663296" timestamp="2019-08-04T08:43:47.978" intervalms="122.569" />
<cycle-start id="3774" type="partial gc" contextid="0" timestamp="2019-08-04T08:43:47.978" intervalms="122.625" />
  <attribute name="GC Util" value="148" />
  <attribute name="CPU Util" value="36172282525764" />
  <attribute name="Time Running"value="165649"/>
  <attribute name="Number of cores"value="16"/>
<gc-start id="3775" type="partial gc" contextid="3774" timestamp="2019-08-04T08:43:47.978">
  <mem-info id="3776" free="125829120" total="377487360" percent="33">
    <mem type="eden" free="0" total="100663296" percent="0" />
    <remembered-set count="54848" freebytes="14871808" totalbytes="15091200" percent="98" regionsoverflowed="0" regionsstable="9" regionsrebuilding="0"/>
  </mem-info>
</gc-start>
<allocation-stats totalBytes="100648472" >
  <allocated-bytes non-tlh="0" tlh="100648472" arrayletleaf="0"/>
  <largest-consumer threadName="Thread-30" threadId="0000000000F06F00" bytes="9411248" />
</allocation-stats>
<gc-op id="3777" type="copy forward" timems="12.085" contextid="3774" timestamp="2019-08-04T08:43:47.991">
  <memory-copied type="eden" objects="32834" bytes="1205920" bytesdiscarded="102568" />
  <memory-copied type="other" objects="64014" bytes="2772720" bytesdiscarded="168328" />
  <memory-cardclean objects="22944" bytes="1201808" />
  <remembered-set-cleared processed="34563" cleared="7026" durationms="0.202" />
  <stringconstants candidates="15136" cleared="0"  />
</gc-op>
<gc-op id="3778" type="classunload" timems="0.010" contextid="3774" timestamp="2019-08-04T08:43:47.991">
  <classunload-info classloadercandidates="55" classloadersunloaded="0" classesunloaded="0" anonymousclassesunloaded="0" quiescems="0.000" setupms="0.010" scanms="0.000" postms="0.000" />
</gc-op>
<gc-end id="3779" type="partial gc" contextid="3774" durationms="13.230" usertimems="34.605" systemtimems="5.525" timestamp="2019-08-04T08:43:47.992" activeThreads="16">
  <mem-info id="3780" free="222298112" total="377487360" percent="58">
    <mem type="eden" free="2885816" total="4194304" percent="68" />
    <remembered-set count="58112" freebytes="14858752" totalbytes="15091200" percent="98" regionsoverflowed="0" regionsstable="9" regionsrebuilding="0"/>
  </mem-info>
</gc-end>
<cycle-end id="3781" type="partial gc" contextid="3774" timestamp="2019-08-04T08:43:47.992">
  <attribute name="GC Util" value="124" />
  <attribute name="CPU Util" value="30695458506977" />
  <attribute name="Time Running"value="165772"/>
  <attribute name="Number of cores"value="16"/>
</cycle-end>
<exclusive-end id="3782" timestamp="2019-08-04T08:43:47.992" durationms="14.025" />

<exclusive-start id="3783" timestamp="2019-08-04T08:43:48.110" intervalms="131.772">
  <response-info timems="2.309" idlems="2.309" threads="0" lastid="0000000000F64D00" lastname="Thread-32" />
</exclusive-start>
<allocation-taxation id="3784" taxation-threshold="100663296" timestamp="2019-08-04T08:43:48.110" intervalms="131.689" />
<cycle-start id="3785" type="partial gc" contextid="0" timestamp="2019-08-04T08:43:48.110" intervalms="131.635" />
  <attribute name="GC Util" value="124" />
  <attribute name="CPU Util" value="30695458506977" />
  <attribute name="Time Running"value="165772"/>
  <attribute name="Number of cores"value="16"/>
<gc-start id="3786" type="partial gc" contextid="3785" timestamp="2019-08-04T08:43:48.110">
  <mem-info id="3787" free="121634816" total="377487360" percent="32">
    <mem type="eden" free="0" total="100663296" percent="0" />
    <remembered-set count="57696" freebytes="14860416" totalbytes="15091200" percent="98" regionsoverflowed="0" regionsstable="9" regionsrebuilding="0"/>
  </mem-info>
</gc-start>
<allocation-stats totalBytes="100647952" >
  <allocated-bytes non-tlh="0" tlh="100647952" arrayletleaf="0"/>
  <largest-consumer threadName="Thread-30" threadId="0000000000F06F00" bytes="12351752" />
</allocation-stats>
<gc-op id="3788" type="copy forward" timems="8.085" contextid="3785" timestamp="2019-08-04T08:43:48.119">
  <memory-copied type="eden" objects="22317" bytes="814672" bytesdiscarded="80152" />
  <memory-copied type="other" objects="54583" bytes="2134248" bytesdiscarded="186896" />
  <memory-cardclean objects="30948" bytes="1574192" />
  <remembered-set-cleared processed="34288" cleared="6885" durationms="0.254" />
  <stringconstants candidates="15136" cleared="0"  />
</gc-op>
<gc-op id="3789" type="classunload" timems="0.012" contextid="3785" timestamp="2019-08-04T08:43:48.119">
  <classunload-info classloadercandidates="55" classloadersunloaded="0" classesunloaded="0" anonymousclassesunloaded="0" quiescems="0.000" setupms="0.011" scanms="0.000" postms="0.000" />
</gc-op>
<gc-end id="3790" type="partial gc" contextid="3785" durationms="9.263" usertimems="20.080" systemtimems="7.298" timestamp="2019-08-04T08:43:48.119" activeThreads="16">
  <mem-info id="3791" free="222298112" total="377487360" percent="58">
    <mem type="eden" free="1202328" total="2097152" percent="57" />
    <remembered-set count="55232" freebytes="14870272" totalbytes="15091200" percent="98" regionsoverflowed="0" regionsstable="9" regionsrebuilding="0"/>
  </mem-info>
</gc-end>
<cycle-end id="3792" type="partial gc" contextid="3785" timestamp="2019-08-04T08:43:48.119">
  <attribute name="GC Util" value="136" />
  <attribute name="CPU Util" value="31976852541252" />
  <attribute name="Time Running"value="165904"/>
  <attribute name="Number of cores"value="16"/>
</cycle-end>
<exclusive-end id="3793" timestamp="2019-08-04T08:43:48.120" durationms="9.846" />

<exclusive-start id="3794" timestamp="2019-08-04T08:43:48.238" intervalms="128.774">
  <response-info timems="5.295" idlems="5.295" threads="0" lastid="0000000000F52200" lastname="Thread-26" />
</exclusive-start>
<allocation-taxation id="3795" taxation-threshold="100663296" timestamp="2019-08-04T08:43:48.239" intervalms="128.774" />
<cycle-start id="3796" type="partial gc" contextid="0" timestamp="2019-08-04T08:43:48.239" intervalms="128.769" />
  <attribute name="GC Util" value="136" />
  <attribute name="CPU Util" value="31976852541252" />
  <attribute name="Time Running"value="165904"/>
  <attribute name="Number of cores"value="16"/>
<gc-start id="3797" type="partial gc" contextid="3796" timestamp="2019-08-04T08:43:48.239">
  <mem-info id="3798" free="121634816" total="377487360" percent="32">
    <mem type="eden" free="0" total="100663296" percent="0" />
    <remembered-set count="55200" freebytes="14870400" totalbytes="15091200" percent="98" regionsoverflowed="0" regionsstable="9" regionsrebuilding="0"/>
  </mem-info>
</gc-start>
<allocation-stats totalBytes="100648120" >
  <allocated-bytes non-tlh="0" tlh="100648120" arrayletleaf="0"/>
  <largest-consumer threadName="Thread-29" threadId="0000000000F28B00" bytes="10234504" />
</allocation-stats>
<gc-op id="3799" type="copy forward" timems="15.311" contextid="3796" timestamp="2019-08-04T08:43:48.255">
  <memory-copied type="eden" objects="29433" bytes="1261872" bytesdiscarded="124832" />
  <memory-copied type="other" objects="54001" bytes="2257656" bytesdiscarded="192472" />
  <memory-cardclean objects="17808" bytes="867392" />
  <remembered-set-cleared processed="34057" cleared="6061" durationms="0.472" />
  <stringconstants candidates="15136" cleared="0"  />
</gc-op>
<gc-op id="3800" type="classunload" timems="0.011" contextid="3796" timestamp="2019-08-04T08:43:48.255">
  <classunload-info classloadercandidates="55" classloadersunloaded="0" classesunloaded="0" anonymousclassesunloaded="0" quiescems="0.000" setupms="0.011" scanms="0.000" postms="0.000" />
</gc-op>
<gc-end id="3801" type="partial gc" contextid="3796" durationms="16.490" usertimems="25.512" systemtimems="15.830" timestamp="2019-08-04T08:43:48.255" activeThreads="16">
  <mem-info id="3802" free="220200960" total="377487360" percent="58">
    <mem type="eden" free="710448" total="2097152" percent="33" />
    <remembered-set count="56160" freebytes="14866560" totalbytes="15091200" percent="98" regionsoverflowed="0" regionsstable="9" regionsrebuilding="0"/>
  </mem-info>
</gc-end>
<cycle-end id="3803" type="partial gc" contextid="3796" timestamp="2019-08-04T08:43:48.255">
  <attribute name="GC Util" value="121" />
  <attribute name="CPU Util" value="29743168323688" />
  <attribute name="Time Running"value="166032"/>
  <attribute name="Number of cores"value="16"/>
</cycle-end>
<exclusive-end id="3804" timestamp="2019-08-04T08:43:48.255" durationms="17.021" />

<exclusive-start id="3805" timestamp="2019-08-04T08:43:48.357" intervalms="118.921">
  <response-info timems="5.108" idlems="5.108" threads="0" lastid="0000000000F06F00" lastname="Thread-30" />
</exclusive-start>
<allocation-taxation id="3806" taxation-threshold="100663296" timestamp="2019-08-04T08:43:48.357" intervalms="118.960" />
<cycle-start id="3807" type="partial gc" contextid="0" timestamp="2019-08-04T08:43:48.358" intervalms="118.974" />
  <attribute name="GC Util" value="121" />
  <attribute name="CPU Util" value="29743168323688" />
  <attribute name="Time Running"value="166032"/>
  <attribute name="Number of cores"value="16"/>
<gc-start id="3808" type="partial gc" contextid="3807" timestamp="2019-08-04T08:43:48.358">
  <mem-info id="3809" free="119537664" total="377487360" percent="31">
    <mem type="eden" free="0" total="100663296" percent="0" />
    <remembered-set count="55808" freebytes="14867968" totalbytes="15091200" percent="98" regionsoverflowed="0" regionsstable="9" regionsrebuilding="0"/>
  </mem-info>
</gc-start>
<allocation-stats totalBytes="100648176" >
  <allocated-bytes non-tlh="0" tlh="100648176" arrayletleaf="0"/>
  <largest-consumer threadName="Thread-26" threadId="0000000000F52200" bytes="10148248" />
</allocation-stats>
<gc-op id="3810" type="copy forward" timems="12.642" contextid="3807" timestamp="2019-08-04T08:43:48.372">
  <memory-copied type="eden" objects="15772" bytes="384248" bytesdiscarded="61576" />
  <memory-copied type="other" objects="70901" bytes="3075384" bytesdiscarded="302832" />
  <memory-cardclean objects="18767" bytes="955304" />
  <remembered-set-cleared processed="33807" cleared="6416" durationms="0.239" />
  <stringconstants candidates="15136" cleared="0"  />
</gc-op>
<gc-op id="3811" type="classunload" timems="0.011" contextid="3807" timestamp="2019-08-04T08:43:48.372">
  <classunload-info classloadercandidates="55" classloadersunloaded="0" classesunloaded="0" anonymousclassesunloaded="0" quiescems="0.000" setupms="0.011" scanms="0.000" postms="0.000" />
</gc-op>
<gc-end id="3812" type="partial gc" contextid="3807" durationms="14.010" usertimems="26.918" systemtimems="19.504" timestamp="2019-08-04T08:43:48.372" activeThreads="16">
  <mem-info id="3813" free="218103808" total="377487360" percent="57">
    <mem type="eden" free="1651328" total="2097152" percent="78" />
    <remembered-set count="58016" freebytes="14859136" totalbytes="15091200" percent="98" regionsoverflowed="0" regionsstable="9" regionsrebuilding="0"/>
  </mem-info>
</gc-end>
<cycle-end id="3814" type="partial gc" contextid="3807" timestamp="2019-08-04T08:43:48.372">
  <attribute name="GC Util" value="176" />
  <attribute name="CPU Util" value="27282955322458" />
  <attribute name="Time Running"value="166152"/>
  <attribute name="Number of cores"value="16"/>
</cycle-end>
<exclusive-end id="3815" timestamp="2019-08-04T08:43:48.372" durationms="14.678" />

<exclusive-start id="3816" timestamp="2019-08-04T08:43:48.462" intervalms="104.159">
  <response-info timems="4.261" idlems="4.261" threads="0" lastid="0000000000F0AB00" lastname="Thread-23" />
</exclusive-start>
<allocation-taxation id="3817" taxation-threshold="100663296" timestamp="2019-08-04T08:43:48.462" intervalms="104.294" />
<cycle-start id="3818" type="partial gc" contextid="0" timestamp="2019-08-04T08:43:48.462" intervalms="104.581" />
  <attribute name="GC Util" value="176" />
  <attribute name="CPU Util" value="27282955322458" />
  <attribute name="Time Running"value="166152"/>
  <attribute name="Number of cores"value="16"/>
<gc-start id="3819" type="partial gc" contextid="3818" timestamp="2019-08-04T08:43:48.462">
  <mem-info id="3820" free="117440512" total="377487360" percent="31">
    <mem type="eden" free="0" total="100663296" percent="0" />
    <remembered-set count="57728" freebytes="14860288" totalbytes="15091200" percent="98" regionsoverflowed="0" regionsstable="9" regionsrebuilding="0"/>
  </mem-info>
</gc-start>
<allocation-stats totalBytes="100648456" >
  <allocated-bytes non-tlh="0" tlh="100648456" arrayletleaf="0"/>
  <largest-consumer threadName="Thread-29" threadId="0000000000F28B00" bytes="10000752" />
</allocation-stats>
<gc-op id="3821" type="copy forward" timems="20.184" contextid="3818" timestamp="2019-08-04T08:43:48.484">
  <memory-copied type="eden" objects="34288" bytes="1514528" bytesdiscarded="80448" />
  <memory-copied type="other" objects="59182" bytes="2382000" bytesdiscarded="172824" />
  <memory-cardclean objects="16933" bytes="867656" />
  <remembered-set-cleared processed="33893" cleared="3918" durationms="0.215" />
  <stringconstants candidates="15136" cleared="0"  />
</gc-op>
<gc-op id="3822" type="classunload" timems="0.013" contextid="3818" timestamp="2019-08-04T08:43:48.484">
  <classunload-info classloadercandidates="55" classloadersunloaded="0" classesunloaded="0" anonymousclassesunloaded="0" quiescems="0.000" setupms="0.013" scanms="0.000" postms="0.000" />
</gc-op>
<gc-end id="3823" type="partial gc" contextid="3818" durationms="22.203" usertimems="34.303" systemtimems="26.486" timestamp="2019-08-04T08:43:48.485" activeThreads="16">
  <mem-info id="3824" free="216006656" total="377487360" percent="57">
    <mem type="eden" free="502176" total="2097152" percent="23" />
    <remembered-set count="58592" freebytes="14856832" totalbytes="15091200" percent="98" regionsoverflowed="0" regionsstable="9" regionsrebuilding="0"/>
  </mem-info>
</gc-end>
<cycle-end id="3825" type="partial gc" contextid="3818" timestamp="2019-08-04T08:43:48.485">
  <attribute name="GC Util" value="79" />
  <attribute name="CPU Util" value="12228679380081" />
  <attribute name="Time Running"value="166257"/>
  <attribute name="Number of cores"value="16"/>
</cycle-end>
<exclusive-end id="3826" timestamp="2019-08-04T08:43:48.485" durationms="23.257" />

<exclusive-start id="3827" timestamp="2019-08-04T08:43:48.565" intervalms="103.914">
  <response-info timems="4.362" idlems="2.351" threads="1" lastid="0000000000F0E700" lastname="Thread-25" />
</exclusive-start>
<allocation-taxation id="3828" taxation-threshold="100663296" timestamp="2019-08-04T08:43:48.566" intervalms="103.820" />
<cycle-start id="3829" type="partial gc" contextid="0" timestamp="2019-08-04T08:43:48.566" intervalms="103.635" />
  <attribute name="GC Util" value="79" />
  <attribute name="CPU Util" value="12228679380081" />
  <attribute name="Time Running"value="166257"/>
  <attribute name="Number of cores"value="16"/>
<gc-start id="3830" type="partial gc" contextid="3829" timestamp="2019-08-04T08:43:48.566">
  <mem-info id="3831" free="115343360" total="377487360" percent="30">
    <mem type="eden" free="0" total="100663296" percent="0" />
    <remembered-set count="58592" freebytes="14856832" totalbytes="15091200" percent="98" regionsoverflowed="0" regionsstable="9" regionsrebuilding="0"/>
  </mem-info>
</gc-start>
<allocation-stats totalBytes="100648256" >
  <allocated-bytes non-tlh="0" tlh="100648256" arrayletleaf="0"/>
  <largest-consumer threadName="Thread-29" threadId="0000000000F28B00" bytes="10996088" />
</allocation-stats>
<gc-op id="3832" type="copy forward" timems="23.879" contextid="3829" timestamp="2019-08-04T08:43:48.592">
  <memory-copied type="eden" objects="27479" bytes="1077080" bytesdiscarded="113312" />
  <memory-copied type="other" objects="62296" bytes="2731488" bytesdiscarded="160232" />
  <memory-cardclean objects="21514" bytes="1133192" />
  <remembered-set-cleared processed="36729" cleared="9270" durationms="0.653" />
  <stringconstants candidates="15136" cleared="0"  />
</gc-op>
<gc-op id="3833" type="classunload" timems="0.014" contextid="3829" timestamp="2019-08-04T08:43:48.592">
  <classunload-info classloadercandidates="55" classloadersunloaded="0" classesunloaded="0" anonymousclassesunloaded="0" quiescems="0.000" setupms="0.014" scanms="0.000" postms="0.000" />
</gc-op>
<heap-resize id="3834" type="expand" space="default" amount="31457280" count="1" timems="0.107" reason="excessive time being spent in gc" timestamp="2019-08-04T08:43:48.592" />
<gc-end id="3835" type="partial gc" contextid="3829" durationms="25.841" usertimems="41.772" systemtimems="24.960" timestamp="2019-08-04T08:43:48.592" activeThreads="16">
  <mem-info id="3836" free="245366784" total="408944640" percent="60">
    <mem type="eden" free="906760" total="2097152" percent="43" />
    <remembered-set count="61184" freebytes="16104064" totalbytes="16348800" percent="98" regionsoverflowed="0" regionsstable="9" regionsrebuilding="0"/>
  </mem-info>
</gc-end>
<cycle-end id="3837" type="partial gc" contextid="3829" timestamp="2019-08-04T08:43:48.592">
  <attribute name="GC Util" value="90" />
  <attribute name="CPU Util" value="17127544955001" />
  <attribute name="Time Running"value="166360"/>
  <attribute name="Number of cores"value="16"/>
</cycle-end>
<exclusive-end id="3838" timestamp="2019-08-04T08:43:48.592" durationms="26.598" />

<exclusive-start id="3839" timestamp="2019-08-04T08:43:48.711" intervalms="145.549">
  <response-info timems="3.634" idlems="3.634" threads="0" lastid="0000000000F64D00" lastname="Thread-32" />
</exclusive-start>
<allocation-taxation id="3840" taxation-threshold="109051904" timestamp="2019-08-04T08:43:48.711" intervalms="145.473" />
<cycle-start id="3841" type="partial gc" contextid="0" timestamp="2019-08-04T08:43:48.711" intervalms="145.360" />
  <attribute name="GC Util" value="90" />
  <attribute name="CPU Util" value="17127544955001" />
  <attribute name="Time Running"value="166360"/>
  <attribute name="Number of cores"value="16"/>
<gc-start id="3842" type="partial gc" contextid="3841" timestamp="2019-08-04T08:43:48.711">
  <mem-info id="3843" free="136314880" total="408944640" percent="33">
    <mem type="eden" free="0" total="109051904" percent="0" />
    <remembered-set count="60928" freebytes="16105088" totalbytes="16348800" percent="98" regionsoverflowed="0" regionsstable="9" regionsrebuilding="0"/>
  </mem-info>
</gc-start>
<allocation-stats totalBytes="109035904" >
  <allocated-bytes non-tlh="0" tlh="109035904" arrayletleaf="0"/>
  <largest-consumer threadName="Thread-26" threadId="0000000000F52200" bytes="13928752" />
</allocation-stats>
<gc-op id="3844" type="copy forward" timems="9.619" contextid="3841" timestamp="2019-08-04T08:43:48.722">
  <memory-copied type="eden" objects="47933" bytes="1980864" bytesdiscarded="137600" />
  <memory-copied type="other" objects="51469" bytes="2059512" bytesdiscarded="158480" />
  <memory-cardclean objects="24057" bytes="1277336" />
  <remembered-set-cleared processed="36365" cleared="6730" durationms="0.221" />
  <stringconstants candidates="15136" cleared="0"  />
</gc-op>
<gc-op id="3845" type="classunload" timems="0.009" contextid="3841" timestamp="2019-08-04T08:43:48.722">
  <classunload-info classloadercandidates="55" classloadersunloaded="0" classesunloaded="0" anonymousclassesunloaded="0" quiescems="0.000" setupms="0.009" scanms="0.000" postms="0.000" />
</gc-op>
<heap-resize id="3846" type="expand" space="default" amount="10485760" count="1" timems="0.128" reason="excessive time being spent in gc" timestamp="2019-08-04T08:43:48.722" />
<gc-end id="3847" type="partial gc" contextid="3841" durationms="10.899" usertimems="21.336" systemtimems="17.540" timestamp="2019-08-04T08:43:48.722" activeThreads="16">
  <mem-info id="3848" free="251658240" total="419430400" percent="60">
    <mem type="eden" free="2075840" total="4194304" percent="49" />
    <remembered-set count="56512" freebytes="16541952" totalbytes="16768000" percent="98" regionsoverflowed="0" regionsstable="9" regionsrebuilding="0"/>
  </mem-info>
</gc-end>
<cycle-end id="3849" type="partial gc" contextid="3841" timestamp="2019-08-04T08:43:48.722">
  <attribute name="GC Util" value="162" />
  <attribute name="CPU Util" value="28671925487727" />
  <attribute name="Time Running"value="166505"/>
  <attribute name="Number of cores"value="16"/>
</cycle-end>
<exclusive-end id="3850" timestamp="2019-08-04T08:43:48.723" durationms="11.599" />

<exclusive-start id="3851" timestamp="2019-08-04T08:43:48.828" intervalms="116.759">
  <response-info timems="4.470" idlems="4.470" threads="0" lastid="0000000000F0AB00" lastname="Thread-23" />
</exclusive-start>
<allocation-taxation id="3852" taxation-threshold="111149056" timestamp="2019-08-04T08:43:48.828" intervalms="116.864" />
<cycle-start id="3853" type="partial gc" contextid="0" timestamp="2019-08-04T08:43:48.829" intervalms="117.481" />
  <attribute name="GC Util" value="162" />
  <attribute name="CPU Util" value="28671925487727" />
  <attribute name="Time Running"value="166505"/>
  <attribute name="Number of cores"value="16"/>
<gc-start id="3854" type="partial gc" contextid="3853" timestamp="2019-08-04T08:43:48.829">
  <mem-info id="3855" free="140509184" total="419430400" percent="33">
    <mem type="eden" free="0" total="111149056" percent="0" />
    <remembered-set count="56224" freebytes="16543104" totalbytes="16768000" percent="98" regionsoverflowed="0" regionsstable="9" regionsrebuilding="0"/>
  </mem-info>
</gc-start>
<allocation-stats totalBytes="111132864" >
  <allocated-bytes non-tlh="0" tlh="111132864" arrayletleaf="0"/>
  <largest-consumer threadName="Thread-34" threadId="0000000000F19B00" bytes="15300184" />
</allocation-stats>
<gc-op id="3856" type="copy forward" timems="28.707" contextid="3853" timestamp="2019-08-04T08:43:48.860">
  <memory-copied type="eden" objects="30259" bytes="1281384" bytesdiscarded="172496" />
  <memory-copied type="other" objects="60441" bytes="2549592" bytesdiscarded="265232" />
  <memory-cardclean objects="18507" bytes="924680" />
  <remembered-set-cleared processed="34824" cleared="4914" durationms="0.381" />
  <stringconstants candidates="15136" cleared="0"  />
</gc-op>
<gc-op id="3857" type="classunload" timems="0.012" contextid="3853" timestamp="2019-08-04T08:43:48.860">
  <classunload-info classloadercandidates="55" classloadersunloaded="0" classesunloaded="0" anonymousclassesunloaded="0" quiescems="0.000" setupms="0.011" scanms="0.000" postms="0.000" />
</gc-op>
<gc-end id="3858" type="partial gc" contextid="3853" durationms="31.276" usertimems="39.337" systemtimems="32.140" timestamp="2019-08-04T08:43:48.860" activeThreads="16">
  <mem-info id="3859" free="251658240" total="419430400" percent="60">
    <mem type="eden" free="643272" total="2097152" percent="30" />
    <remembered-set count="59264" freebytes="16530944" totalbytes="16768000" percent="98" regionsoverflowed="0" regionsstable="9" regionsrebuilding="0"/>
  </mem-info>
</gc-end>
<cycle-end id="3860" type="partial gc" contextid="3853" timestamp="2019-08-04T08:43:48.860">
  <attribute name="GC Util" value="124" />
  <attribute name="CPU Util" value="10416039078491" />
  <attribute name="Time Running"value="166624"/>
  <attribute name="Number of cores"value="16"/>
</cycle-end>
<exclusive-end id="3861" timestamp="2019-08-04T08:43:48.860" durationms="32.656" />

<exclusive-start id="3862" timestamp="2019-08-04T08:43:49.004" intervalms="176.694">
  <response-info timems="1.100" idlems="0.458" threads="11" lastid="0000000000F21300" lastname="Thread-24" />
</exclusive-start>
<allocation-taxation id="3863" taxation-threshold="111149056" timestamp="2019-08-04T08:43:49.005" intervalms="176.598" />
<cycle-start id="3864" type="partial gc" contextid="0" timestamp="2019-08-04T08:43:49.005" intervalms="175.974" />
  <attribute name="GC Util" value="124" />
  <attribute name="CPU Util" value="10416039078491" />
  <attribute name="Time Running"value="166624"/>
  <attribute name="Number of cores"value="16"/>
<gc-start id="3865" type="partial gc" contextid="3864" timestamp="2019-08-04T08:43:49.005">
  <mem-info id="3866" free="140509184" total="419430400" percent="33">
    <mem type="eden" free="0" total="111149056" percent="0" />
    <remembered-set count="58816" freebytes="16532736" totalbytes="16768000" percent="98" regionsoverflowed="0" regionsstable="9" regionsrebuilding="0"/>
  </mem-info>
</gc-start>
<allocation-stats totalBytes="111132624" >
  <allocated-bytes non-tlh="0" tlh="111132624" arrayletleaf="0"/>
  <largest-consumer threadName="Thread-35" threadId="0000000000F12300" bytes="14141824" />
</allocation-stats>
<gc-op id="3867" type="copy forward" timems="9.752" contextid="3864" timestamp="2019-08-04T08:43:49.016">
  <memory-copied type="eden" objects="31865" bytes="1321032" bytesdiscarded="129888" />
  <memory-copied type="other" objects="72861" bytes="3122424" bytesdiscarded="197848" />
  <memory-cardclean objects="20138" bytes="1011032" />
  <remembered-set-cleared processed="34999" cleared="4948" durationms="0.424" />
  <stringconstants candidates="15136" cleared="0"  />
</gc-op>
<gc-op id="3868" type="classunload" timems="0.015" contextid="3864" timestamp="2019-08-04T08:43:49.016">
  <classunload-info classloadercandidates="55" classloadersunloaded="0" classesunloaded="0" anonymousclassesunloaded="0" quiescems="0.000" setupms="0.015" scanms="0.000" postms="0.000" />
</gc-op>
<heap-resize id="3869" type="expand" space="default" amount="6291456" count="1" timems="0.087" reason="excessive time being spent in gc" timestamp="2019-08-04T08:43:49.016" />
<gc-end id="3870" type="partial gc" contextid="3864" durationms="11.069" usertimems="30.056" systemtimems="6.931" timestamp="2019-08-04T08:43:49.016" activeThreads="16">
  <mem-info id="3871" free="255852544" total="425721856" percent="60">
    <mem type="eden" free="646232" total="2097152" percent="30" />
    <remembered-set count="57408" freebytes="16789888" totalbytes="17019520" percent="98" regionsoverflowed="0" regionsstable="9" regionsrebuilding="0"/>
  </mem-info>
</gc-end>
<cycle-end id="3872" type="partial gc" contextid="3864" timestamp="2019-08-04T08:43:49.016">
  <attribute name="GC Util" value="145" />
  <attribute name="CPU Util" value="28423200978580" />
  <attribute name="Time Running"value="166798"/>
  <attribute name="Number of cores"value="16"/>
</cycle-end>
<exclusive-end id="3873" timestamp="2019-08-04T08:43:49.016" durationms="11.596" />

<exclusive-start id="3874" timestamp="2019-08-04T08:43:49.156" intervalms="152.049">
  <response-info timems="4.286" idlems="4.286" threads="0" lastid="0000000000F61100" lastname="Thread-33" />
</exclusive-start>
<allocation-taxation id="3875" taxation-threshold="113246208" timestamp="2019-08-04T08:43:49.157" intervalms="152.075" />
<cycle-start id="3876" type="partial gc" contextid="0" timestamp="2019-08-04T08:43:49.157" intervalms="152.089" />
  <attribute name="GC Util" value="145" />
  <attribute name="CPU Util" value="28423200978580" />
  <attribute name="Time Running"value="166798"/>
  <attribute name="Number of cores"value="16"/>
<gc-start id="3877" type="partial gc" contextid="3876" timestamp="2019-08-04T08:43:49.157">
  <mem-info id="3878" free="142606336" total="425721856" percent="33">
    <mem type="eden" free="0" total="113246208" percent="0" />
    <remembered-set count="56928" freebytes="16791808" totalbytes="17019520" percent="98" regionsoverflowed="0" regionsstable="9" regionsrebuilding="0"/>
  </mem-info>
</gc-start>
<allocation-stats totalBytes="113229792" >
  <allocated-bytes non-tlh="0" tlh="113229792" arrayletleaf="0"/>
  <largest-consumer threadName="Thread-22" threadId="0000000000F3B600" bytes="13862880" />
</allocation-stats>
<gc-op id="3879" type="copy forward" timems="10.511" contextid="3876" timestamp="2019-08-04T08:43:49.168">
  <memory-copied type="eden" objects="20290" bytes="768128" bytesdiscarded="85768" />
  <memory-copied type="other" objects="74229" bytes="3292632" bytesdiscarded="295944" />
  <memory-cardclean objects="14764" bytes="771752" />
  <remembered-set-cleared processed="35975" cleared="6034" durationms="0.394" />
  <stringconstants candidates="15136" cleared="0"  />
</gc-op>
<gc-op id="3880" type="classunload" timems="0.016" contextid="3876" timestamp="2019-08-04T08:43:49.168">
  <classunload-info classloadercandidates="55" classloadersunloaded="0" classesunloaded="0" anonymousclassesunloaded="0" quiescems="0.000" setupms="0.016" scanms="0.000" postms="0.000" />
</gc-op>
<gc-end id="3881" type="partial gc" contextid="3876" durationms="11.704" usertimems="27.237" systemtimems="13.009" timestamp="2019-08-04T08:43:49.169" activeThreads="16">
  <mem-info id="3882" free="253755392" total="425721856" percent="59">
    <mem type="eden" free="1243256" total="2097152" percent="59" />
    <remembered-set count="58464" freebytes="16785664" totalbytes="17019520" percent="98" regionsoverflowed="0" regionsstable="9" regionsrebuilding="0"/>
  </mem-info>
</gc-end>
<cycle-end id="3883" type="partial gc" contextid="3876" timestamp="2019-08-04T08:43:49.169">
  <attribute name="GC Util" value="157" />
  <attribute name="CPU Util" value="32527225776990" />
  <attribute name="Time Running"value="166951"/>
  <attribute name="Number of cores"value="16"/>
</cycle-end>
<exclusive-end id="3884" timestamp="2019-08-04T08:43:49.169" durationms="12.367" />

<exclusive-start id="3885" timestamp="2019-08-04T08:43:49.270" intervalms="113.319">
  <response-info timems="4.199" idlems="4.197" threads="1" lastid="0000000000F19B00" lastname="Thread-34" />
</exclusive-start>
<allocation-taxation id="3886" taxation-threshold="113246208" timestamp="2019-08-04T08:43:49.270" intervalms="113.390" />
<cycle-start id="3887" type="partial gc" contextid="0" timestamp="2019-08-04T08:43:49.270" intervalms="113.510" />
  <attribute name="GC Util" value="157" />
  <attribute name="CPU Util" value="32527225776990" />
  <attribute name="Time Running"value="166951"/>
  <attribute name="Number of cores"value="16"/>
<gc-start id="3888" type="partial gc" contextid="3887" timestamp="2019-08-04T08:43:49.270">
  <mem-info id="3889" free="140509184" total="425721856" percent="33">
    <mem type="eden" free="0" total="113246208" percent="0" />
    <remembered-set count="58080" freebytes="16787200" totalbytes="17019520" percent="98" regionsoverflowed="0" regionsstable="9" regionsrebuilding="0"/>
  </mem-info>
</gc-start>
<allocation-stats totalBytes="113231256" >
  <allocated-bytes non-tlh="0" tlh="113231256" arrayletleaf="0"/>
  <largest-consumer threadName="Thread-22" threadId="0000000000F3B600" bytes="14830136" />
</allocation-stats>
<gc-op id="3890" type="copy forward" timems="12.880" contextid="3887" timestamp="2019-08-04T08:43:49.284">
  <memory-copied type="eden" objects="10077" bytes="248824" bytesdiscarded="36336" />
  <memory-copied type="other" objects="99055" bytes="4300584" bytesdiscarded="301640" />
  <memory-cardclean objects="13288" bytes="677864" />
  <remembered-set-cleared processed="33652" cleared="3665" durationms="0.218" />
  <stringconstants candidates="15136" cleared="0"  />
</gc-op>
<gc-op id="3891" type="classunload" timems="0.016" contextid="3887" timestamp="2019-08-04T08:43:49.284">
  <classunload-info classloadercandidates="55" classloadersunloaded="0" classesunloaded="0" anonymousclassesunloaded="0" quiescems="0.000" setupms="0.016" scanms="0.000" postms="0.000" />
</gc-op>
<gc-end id="3892" type="partial gc" contextid="3887" durationms="14.149" usertimems="29.477" systemtimems="14.493" timestamp="2019-08-04T08:43:49.285" activeThreads="16">
  <mem-info id="3893" free="251658240" total="425721856" percent="59">
    <mem type="eden" free="1811992" total="2097152" percent="86" />
    <remembered-set count="59520" freebytes="16781440" totalbytes="17019520" percent="98" regionsoverflowed="0" regionsstable="9" regionsrebuilding="0"/>
  </mem-info>
</gc-end>
<cycle-end id="3894" type="partial gc" contextid="3887" timestamp="2019-08-04T08:43:49.285">
  <attribute name="GC Util" value="194" />
  <attribute name="CPU Util" value="26285499095086" />
  <attribute name="Time Running"value="167064"/>
  <attribute name="Number of cores"value="16"/>
</cycle-end>
<exclusive-end id="3895" timestamp="2019-08-04T08:43:49.285" durationms="15.015" />

<exclusive-start id="3896" timestamp="2019-08-04T08:43:49.425" intervalms="155.544">
  <response-info timems="9.417" idlems="9.417" threads="0" lastid="0000000000F61100" lastname="Thread-33" />
</exclusive-start>
<allocation-taxation id="3897" taxation-threshold="113246208" timestamp="2019-08-04T08:43:49.425" intervalms="155.451" />
<cycle-start id="3898" type="partial gc" contextid="0" timestamp="2019-08-04T08:43:49.426" intervalms="155.392" />
  <attribute name="GC Util" value="194" />
  <attribute name="CPU Util" value="26285499095086" />
  <attribute name="Time Running"value="167064"/>
  <attribute name="Number of cores"value="16"/>
<gc-start id="3899" type="partial gc" contextid="3898" timestamp="2019-08-04T08:43:49.426">
  <mem-info id="3900" free="138412032" total="425721856" percent="32">
    <mem type="eden" free="0" total="113246208" percent="0" />
    <remembered-set count="59456" freebytes="16781696" totalbytes="17019520" percent="98" regionsoverflowed="0" regionsstable="9" regionsrebuilding="0"/>
  </mem-info>
</gc-start>
<allocation-stats totalBytes="113231032" >
  <allocated-bytes non-tlh="0" tlh="113231032" arrayletleaf="0"/>
  <largest-consumer threadName="Thread-34" threadId="0000000000F19B00" bytes="15738496" />
</allocation-stats>
<gc-op id="3901" type="copy forward" timems="11.440" contextid="3898" timestamp="2019-08-04T08:43:49.439">
  <memory-copied type="eden" objects="16745" bytes="545760" bytesdiscarded="17704" />
  <memory-copied type="other" objects="36156" bytes="1279872" bytesdiscarded="99432" />
  <memory-cardclean objects="35759" bytes="1884824" />
  <remembered-set-cleared processed="36637" cleared="6907" durationms="0.213" />
  <stringconstants candidates="15136" cleared="0"  />
</gc-op>
<gc-op id="3902" type="classunload" timems="0.015" contextid="3898" timestamp="2019-08-04T08:43:49.439">
  <classunload-info classloadercandidates="55" classloadersunloaded="0" classesunloaded="0" anonymousclassesunloaded="0" quiescems="0.000" setupms="0.015" scanms="0.000" postms="0.000" />
</gc-op>
<gc-end id="3903" type="partial gc" contextid="3898" durationms="13.025" usertimems="24.526" systemtimems="17.279" timestamp="2019-08-04T08:43:49.439" activeThreads="16">
  <mem-info id="3904" free="249561088" total="425721856" percent="58">
    <mem type="eden" free="1533688" total="2097152" percent="73" />
    <remembered-set count="58816" freebytes="16784256" totalbytes="17019520" percent="98" regionsoverflowed="0" regionsstable="9" regionsrebuilding="0"/>
  </mem-info>
</gc-end>
<cycle-end id="3905" type="partial gc" contextid="3898" timestamp="2019-08-04T08:43:49.439">
  <attribute name="GC Util" value="100" />
  <attribute name="CPU Util" value="19187754586942" />
  <attribute name="Time Running"value="167220"/>
  <attribute name="Number of cores"value="16"/>
</cycle-end>
<exclusive-end id="3906" timestamp="2019-08-04T08:43:49.439" durationms="13.699" />

<exclusive-start id="3907" timestamp="2019-08-04T08:43:49.493" intervalms="67.833">
  <response-info timems="0.531" idlems="0.284" threads="1" lastid="0000000000F52200" lastname="Thread-26" />
</exclusive-start>
<allocation-taxation id="3908" taxation-threshold="113246208" timestamp="2019-08-04T08:43:49.493" intervalms="67.824" />
<cycle-start id="3909" type="partial gc" contextid="0" timestamp="2019-08-04T08:43:49.493" intervalms="67.769" />
  <attribute name="GC Util" value="100" />
  <attribute name="CPU Util" value="19187754586942" />
  <attribute name="Time Running"value="167220"/>
  <attribute name="Number of cores"value="16"/>
<gc-start id="3910" type="partial gc" contextid="3909" timestamp="2019-08-04T08:43:49.494">
  <mem-info id="3911" free="136314880" total="425721856" percent="32">
    <mem type="eden" free="0" total="113246208" percent="0" />
    <remembered-set count="58432" freebytes="16785792" totalbytes="17019520" percent="98" regionsoverflowed="0" regionsstable="9" regionsrebuilding="0"/>
  </mem-info>
</gc-start>
<allocation-stats totalBytes="113231736" >
  <allocated-bytes non-tlh="0" tlh="113231736" arrayletleaf="0"/>
  <largest-consumer threadName="Thread-22" threadId="0000000000F3B600" bytes="15641440" />
</allocation-stats>
<gc-op id="3912" type="copy forward" timems="24.702" contextid="3909" timestamp="2019-08-04T08:43:49.521">
  <memory-copied type="eden" objects="21782" bytes="803856" bytesdiscarded="48992" />
  <memory-copied type="other" objects="69747" bytes="2910312" bytesdiscarded="276736" />
  <memory-cardclean objects="20519" bytes="1038944" />
  <remembered-set-cleared processed="34804" cleared="5338" durationms="0.285" />
  <stringconstants candidates="15136" cleared="0"  />
</gc-op>
<gc-op id="3913" type="classunload" timems="0.010" contextid="3909" timestamp="2019-08-04T08:43:49.521">
  <classunload-info classloadercandidates="55" classloadersunloaded="0" classesunloaded="0" anonymousclassesunloaded="0" quiescems="0.000" setupms="0.010" scanms="0.000" postms="0.000" />
</gc-op>
<gc-end id="3914" type="partial gc" contextid="3909" durationms="27.282" usertimems="48.192" systemtimems="33.139" timestamp="2019-08-04T08:43:49.521" activeThreads="16">
  <mem-info id="3915" free="247463936" total="425721856" percent="58">
    <mem type="eden" free="1244304" total="2097152" percent="59" />
    <remembered-set count="59744" freebytes="16780544" totalbytes="17019520" percent="98" regionsoverflowed="0" regionsstable="9" regionsrebuilding="0"/>
  </mem-info>
</gc-end>
<cycle-end id="3916" type="partial gc" contextid="3909" timestamp="2019-08-04T08:43:49.521">
  <attribute name="GC Util" value="64" />
  <attribute name="CPU Util" value="10314501164883" />
  <attribute name="Time Running"value="167289"/>
  <attribute name="Number of cores"value="16"/>
</cycle-end>
<exclusive-end id="3917" timestamp="2019-08-04T08:43:49.521" durationms="28.124" />

<exclusive-start id="3918" timestamp="2019-08-04T08:43:49.586" intervalms="93.267">
  <response-info timems="5.280" idlems="5.278" threads="1" lastid="0000000000F33E00" lastname="Thread-31" />
</exclusive-start>
<allocation-taxation id="3919" taxation-threshold="113246208" timestamp="2019-08-04T08:43:49.587" intervalms="93.270" />
<cycle-start id="3920" type="partial gc" contextid="0" timestamp="2019-08-04T08:43:49.587" intervalms="93.286" />
  <attribute name="GC Util" value="64" />
  <attribute name="CPU Util" value="10314501164883" />
  <attribute name="Time Running"value="167289"/>
  <attribute name="Number of cores"value="16"/>
<gc-start id="3921" type="partial gc" contextid="3920" timestamp="2019-08-04T08:43:49.587">
  <mem-info id="3922" free="134217728" total="425721856" percent="31">
    <mem type="eden" free="0" total="113246208" percent="0" />
    <remembered-set count="59520" freebytes="16781440" totalbytes="17019520" percent="98" regionsoverflowed="0" regionsstable="9" regionsrebuilding="0"/>
  </mem-info>
</gc-start>
<allocation-stats totalBytes="113232688" >
  <allocated-bytes non-tlh="0" tlh="113232688" arrayletleaf="0"/>
  <largest-consumer threadName="Thread-22" threadId="0000000000F3B600" bytes="15649408" />
</allocation-stats>
<gc-op id="3923" type="copy forward" timems="11.645" contextid="3920" timestamp="2019-08-04T08:43:49.600">
  <memory-copied type="eden" objects="25453" bytes="1029280" bytesdiscarded="91344" />
  <memory-copied type="other" objects="58532" bytes="2503776" bytesdiscarded="222288" />
  <memory-cardclean objects="23288" bytes="1168808" />
  <remembered-set-cleared processed="36251" cleared="6950" durationms="0.344" />
  <stringconstants candidates="15136" cleared="0"  />
</gc-op>
<gc-op id="3924" type="classunload" timems="0.012" contextid="3920" timestamp="2019-08-04T08:43:49.600">
  <classunload-info classloadercandidates="55" classloadersunloaded="0" classesunloaded="0" anonymousclassesunloaded="0" quiescems="0.000" setupms="0.011" scanms="0.000" postms="0.000" />
</gc-op>
<heap-resize id="3925" type="expand" space="default" amount="25165824" count="1" timems="0.148" reason="excessive time being spent in gc" timestamp="2019-08-04T08:43:49.600" />
<gc-end id="3926" type="partial gc" contextid="3920" durationms="13.560" usertimems="32.209" systemtimems="7.013" timestamp="2019-08-04T08:43:49.600" activeThreads="16">
  <mem-info id="3927" free="270532608" total="450887680" percent="60">
    <mem type="eden" free="976528" total="2097152" percent="46" />
    <remembered-set count="59200" freebytes="17788800" totalbytes="18025600" percent="98" regionsoverflowed="0" regionsstable="9" regionsrebuilding="0"/>
  </mem-info>
</gc-end>
<cycle-end id="3928" type="partial gc" contextid="3920" timestamp="2019-08-04T08:43:49.601">
  <attribute name="GC Util" value="126" />
  <attribute name="CPU Util" value="20811231565703" />
  <attribute name="Time Running"value="167381"/>
  <attribute name="Number of cores"value="16"/>
</cycle-end>
<exclusive-end id="3929" timestamp="2019-08-04T08:43:49.601" durationms="14.410" />

<exclusive-start id="3930" timestamp="2019-08-04T08:43:49.719" intervalms="132.241">
  <response-info timems="6.693" idlems="6.693" threads="0" lastid="0000000000F21300" lastname="Thread-24" />
</exclusive-start>
<allocation-taxation id="3931" taxation-threshold="119537664" timestamp="2019-08-04T08:43:49.719" intervalms="132.372" />
<cycle-start id="3932" type="partial gc" contextid="0" timestamp="2019-08-04T08:43:49.719" intervalms="132.474" />
  <attribute name="GC Util" value="126" />
  <attribute name="CPU Util" value="20811231565703" />
  <attribute name="Time Running"value="167381"/>
  <attribute name="Number of cores"value="16"/>
<gc-start id="3933" type="partial gc" contextid="3932" timestamp="2019-08-04T08:43:49.719">
  <mem-info id="3934" free="150994944" total="450887680" percent="33">
    <mem type="eden" free="0" total="119537664" percent="0" />
    <remembered-set count="59136" freebytes="17789056" totalbytes="18025600" percent="98" regionsoverflowed="0" regionsstable="9" regionsrebuilding="0"/>
  </mem-info>
</gc-start>
<allocation-stats totalBytes="119523536" >
  <allocated-bytes non-tlh="0" tlh="119523536" arrayletleaf="0"/>
  <largest-consumer threadName="Thread-31" threadId="0000000000F33E00" bytes="15866560" />
</allocation-stats>
<gc-op id="3935" type="copy forward" timems="13.426" contextid="3932" timestamp="2019-08-04T08:43:49.734">
  <memory-copied type="eden" objects="25604" bytes="1033192" bytesdiscarded="75096" />
  <memory-copied type="other" objects="58712" bytes="2508096" bytesdiscarded="199160" />
  <memory-cardclean objects="18259" bytes="927584" />
  <remembered-set-cleared processed="34623" cleared="5188" durationms="0.233" />
  <stringconstants candidates="15136" cleared="0"  />
</gc-op>
<gc-op id="3936" type="classunload" timems="0.010" contextid="3932" timestamp="2019-08-04T08:43:49.734">
  <classunload-info classloadercandidates="55" classloadersunloaded="0" classesunloaded="0" anonymousclassesunloaded="0" quiescems="0.000" setupms="0.010" scanms="0.000" postms="0.000" />
</gc-op>
<heap-resize id="3937" type="expand" space="default" amount="6291456" count="1" timems="0.086" reason="excessive time being spent in gc" timestamp="2019-08-04T08:43:49.734" />
<gc-end id="3938" type="partial gc" contextid="3932" durationms="14.857" usertimems="23.271" systemtimems="16.037" timestamp="2019-08-04T08:43:49.734" activeThreads="16">
  <mem-info id="3939" free="274726912" total="457179136" percent="60">
    <mem type="eden" free="988864" total="2097152" percent="47" />
    <remembered-set count="56160" freebytes="18052480" totalbytes="18277120" percent="98" regionsoverflowed="0" regionsstable="9" regionsrebuilding="0"/>
  </mem-info>
</gc-end>
<cycle-end id="3940" type="partial gc" contextid="3932" timestamp="2019-08-04T08:43:49.735">
  <attribute name="GC Util" value="219" />
  <attribute name="CPU Util" value="32275223608201" />
  <attribute name="Time Running"value="167513"/>
  <attribute name="Number of cores"value="16"/>
</cycle-end>
<exclusive-end id="3941" timestamp="2019-08-04T08:43:49.735" durationms="16.039" />

<exclusive-start id="3942" timestamp="2019-08-04T08:43:49.857" intervalms="137.909">
  <response-info timems="10.376" idlems="10.376" threads="0" lastid="0000000000F52200" lastname="Thread-26" />
</exclusive-start>
<allocation-taxation id="3943" taxation-threshold="121634816" timestamp="2019-08-04T08:43:49.857" intervalms="137.780" />
<cycle-start id="3944" type="partial gc" contextid="0" timestamp="2019-08-04T08:43:49.857" intervalms="137.772" />
  <attribute name="GC Util" value="219" />
  <attribute name="CPU Util" value="32275223608201" />
  <attribute name="Time Running"value="167513"/>
  <attribute name="Number of cores"value="16"/>
<gc-start id="3945" type="partial gc" contextid="3944" timestamp="2019-08-04T08:43:49.857">
  <mem-info id="3946" free="153092096" total="457179136" percent="33">
    <mem type="eden" free="0" total="121634816" percent="0" />
    <remembered-set count="55840" freebytes="18053760" totalbytes="18277120" percent="98" regionsoverflowed="0" regionsstable="9" regionsrebuilding="0"/>
  </mem-info>
</gc-start>
<allocation-stats totalBytes="121618888" >
  <allocated-bytes non-tlh="0" tlh="121618888" arrayletleaf="0"/>
  <largest-consumer threadName="Thread-22" threadId="0000000000F3B600" bytes="13232264" />
</allocation-stats>
<gc-op id="3947" type="copy forward" timems="12.538" contextid="3944" timestamp="2019-08-04T08:43:49.871">
  <memory-copied type="eden" objects="21155" bytes="789584" bytesdiscarded="110288" />
  <memory-copied type="other" objects="60087" bytes="2678472" bytesdiscarded="239072" />
  <memory-cardclean objects="16866" bytes="874592" />
  <remembered-set-cleared processed="35048" cleared="6737" durationms="0.309" />
  <stringconstants candidates="15136" cleared="0"  />
</gc-op>
<gc-op id="3948" type="classunload" timems="0.012" contextid="3944" timestamp="2019-08-04T08:43:49.871">
  <classunload-info classloadercandidates="55" classloadersunloaded="0" classesunloaded="0" anonymousclassesunloaded="0" quiescems="0.000" setupms="0.012" scanms="0.000" postms="0.000" />
</gc-op>
<heap-resize id="3949" type="expand" space="default" amount="4194304" count="1" timems="0.073" reason="excessive time being spent in gc" timestamp="2019-08-04T08:43:49.872" />
<gc-end id="3950" type="partial gc" contextid="3944" durationms="14.360" usertimems="31.896" systemtimems="6.364" timestamp="2019-08-04T08:43:49.872" activeThreads="16">
  <mem-info id="3951" free="276824064" total="461373440" percent="60">
    <mem type="eden" free="1197280" total="2097152" percent="57" />
    <remembered-set count="56576" freebytes="18218496" totalbytes="18444800" percent="98" regionsoverflowed="0" regionsstable="9" regionsrebuilding="0"/>
  </mem-info>
</gc-end>
<cycle-end id="3952" type="partial gc" contextid="3944" timestamp="2019-08-04T08:43:49.872">
  <attribute name="GC Util" value="136" />
  <attribute name="CPU Util" value="25848227538468" />
  <attribute name="Time Running"value="167651"/>
  <attribute name="Number of cores"value="16"/>
</cycle-end>
<exclusive-end id="3953" timestamp="2019-08-04T08:43:49.872" durationms="15.368" />

<exclusive-start id="3954" timestamp="2019-08-04T08:43:49.985" intervalms="128.634">
  <response-info timems="2.773" idlems="2.773" threads="0" lastid="0000000000F64D00" lastname="Thread-32" />
</exclusive-start>
<allocation-taxation id="3955" taxation-threshold="121634816" timestamp="2019-08-04T08:43:49.985" intervalms="128.629" />
<cycle-start id="3956" type="partial gc" contextid="0" timestamp="2019-08-04T08:43:49.985" intervalms="128.520" />
  <attribute name="GC Util" value="136" />
  <attribute name="CPU Util" value="25848227538468" />
  <attribute name="Time Running"value="167651"/>
  <attribute name="Number of cores"value="16"/>
<gc-start id="3957" type="partial gc" contextid="3956" timestamp="2019-08-04T08:43:49.986">
  <mem-info id="3958" free="155189248" total="461373440" percent="33">
    <mem type="eden" free="0" total="121634816" percent="0" />
    <remembered-set count="56448" freebytes="18219008" totalbytes="18444800" percent="98" regionsoverflowed="0" regionsstable="9" regionsrebuilding="0"/>
  </mem-info>
</gc-start>
<allocation-stats totalBytes="121619264" >
  <allocated-bytes non-tlh="0" tlh="121619264" arrayletleaf="0"/>
  <largest-consumer threadName="Thread-25" threadId="0000000000F0E700" bytes="11373008" />
</allocation-stats>
<gc-op id="3959" type="copy forward" timems="11.313" contextid="3956" timestamp="2019-08-04T08:43:49.998">
  <memory-copied type="eden" objects="23912" bytes="856008" bytesdiscarded="77824" />
  <memory-copied type="other" objects="74292" bytes="3156768" bytesdiscarded="257008" />
  <memory-cardclean objects="17713" bytes="905288" />
  <remembered-set-cleared processed="32611" cleared="5056" durationms="0.249" />
  <stringconstants candidates="15136" cleared="0"  />
</gc-op>
<gc-op id="3960" type="classunload" timems="0.015" contextid="3956" timestamp="2019-08-04T08:43:49.998">
  <classunload-info classloadercandidates="55" classloadersunloaded="0" classesunloaded="0" anonymousclassesunloaded="0" quiescems="0.000" setupms="0.014" scanms="0.000" postms="0.000" />
</gc-op>
<gc-end id="3961" type="partial gc" contextid="3956" durationms="12.600" usertimems="22.883" systemtimems="14.045" timestamp="2019-08-04T08:43:49.998" activeThreads="16">
  <mem-info id="3962" free="272629760" total="461373440" percent="59">
    <mem type="eden" free="3260472" total="4194304" percent="77" />
    <remembered-set count="57088" freebytes="18216448" totalbytes="18444800" percent="98" regionsoverflowed="0" regionsstable="9" regionsrebuilding="0"/>
  </mem-info>
</gc-end>
<cycle-end id="3963" type="partial gc" contextid="3956" timestamp="2019-08-04T08:43:49.998">
  <attribute name="GC Util" value="160" />
  <attribute name="CPU Util" value="42847884446777" />
  <attribute name="Time Running"value="167779"/>
  <attribute name="Number of cores"value="16"/>
</cycle-end>
<exclusive-end id="3964" timestamp="2019-08-04T08:43:49.999" durationms="13.270" />

<exclusive-start id="3965" timestamp="2019-08-04T08:43:50.080" intervalms="94.580">
  <response-info timems="3.717" idlems="0.786" threads="5" lastid="0000000000F64D00" lastname="Thread-32" />
</exclusive-start>
<allocation-taxation id="3966" taxation-threshold="121634816" timestamp="2019-08-04T08:43:50.080" intervalms="94.589" />
<cycle-start id="3967" type="partial gc" contextid="0" timestamp="2019-08-04T08:43:50.080" intervalms="94.568" />
  <attribute name="GC Util" value="160" />
  <attribute name="CPU Util" value="42847884446777" />
  <attribute name="Time Running"value="167779"/>
  <attribute name="Number of cores"value="16"/>
<gc-start id="3968" type="partial gc" contextid="3967" timestamp="2019-08-04T08:43:50.080">
  <mem-info id="3969" free="150994944" total="461373440" percent="32">
    <mem type="eden" free="0" total="121634816" percent="0" />
    <remembered-set count="57024" freebytes="18216704" totalbytes="18444800" percent="98" regionsoverflowed="0" regionsstable="9" regionsrebuilding="0"/>
  </mem-info>
</gc-start>
<allocation-stats totalBytes="121619712" >
  <allocated-bytes non-tlh="0" tlh="121619712" arrayletleaf="0"/>
  <largest-consumer threadName="Thread-26" threadId="0000000000F52200" bytes="10750480" />
</allocation-stats>
<gc-op id="3970" type="copy forward" timems="16.932" contextid="3967" timestamp="2019-08-04T08:43:50.098">
  <memory-copied type="eden" objects="26259" bytes="1049832" bytesdiscarded="120960" />
  <memory-copied type="other" objects="74721" bytes="3029688" bytesdiscarded="203848" />
  <memory-cardclean objects="23995" bytes="1229360" />
  <remembered-set-cleared processed="32874" cleared="5313" durationms="0.263" />
  <stringconstants candidates="15136" cleared="0"  />
</gc-op>
<gc-op id="3971" type="classunload" timems="0.011" contextid="3967" timestamp="2019-08-04T08:43:50.098">
  <classunload-info classloadercandidates="55" classloadersunloaded="0" classesunloaded="0" anonymousclassesunloaded="0" quiescems="0.000" setupms="0.011" scanms="0.000" postms="0.000" />
</gc-op>
<gc-end id="3972" type="partial gc" contextid="3967" durationms="18.222" usertimems="26.858" systemtimems="16.146" timestamp="2019-08-04T08:43:50.098" activeThreads="16">
  <mem-info id="3973" free="272629760" total="461373440" percent="59">
    <mem type="eden" free="926360" total="2097152" percent="44" />
    <remembered-set count="56800" freebytes="18217600" totalbytes="18444800" percent="98" regionsoverflowed="0" regionsstable="9" regionsrebuilding="0"/>
  </mem-info>
</gc-end>
<cycle-end id="3974" type="partial gc" contextid="3967" timestamp="2019-08-04T08:43:50.099">
  <attribute name="GC Util" value="131" />
  <attribute name="CPU Util" value="33652789049404" />
  <attribute name="Time Running"value="167874"/>
  <attribute name="Number of cores"value="16"/>
</cycle-end>
<exclusive-end id="3975" timestamp="2019-08-04T08:43:50.099" durationms="18.892" />

<exclusive-start id="3976" timestamp="2019-08-04T08:43:50.161" intervalms="81.520">
  <response-info timems="2.795" idlems="2.795" threads="0" lastid="0000000000F3B600" lastname="Thread-22" />
</exclusive-start>
<allocation-taxation id="3977" taxation-threshold="121634816" timestamp="2019-08-04T08:43:50.161" intervalms="81.528" />
<cycle-start id="3978" type="partial gc" contextid="0" timestamp="2019-08-04T08:43:50.162" intervalms="81.553" />
  <attribute name="GC Util" value="131" />
  <attribute name="CPU Util" value="33652789049404" />
  <attribute name="Time Running"value="167874"/>
  <attribute name="Number of cores"value="16"/>
<gc-start id="3979" type="partial gc" contextid="3978" timestamp="2019-08-04T08:43:50.162">
  <mem-info id="3980" free="150994944" total="461373440" percent="32">
    <mem type="eden" free="0" total="121634816" percent="0" />
    <remembered-set count="56512" freebytes="18218752" totalbytes="18444800" percent="98" regionsoverflowed="0" regionsstable="9" regionsrebuilding="0"/>
  </mem-info>
</gc-start>
<allocation-stats totalBytes="121618152" >
  <allocated-bytes non-tlh="0" tlh="121618152" arrayletleaf="0"/>
  <largest-consumer threadName="Thread-34" threadId="0000000000F19B00" bytes="15173736" />
</allocation-stats>
<gc-op id="3981" type="copy forward" timems="11.749" contextid="3978" timestamp="2019-08-04T08:43:50.175">
  <memory-copied type="eden" objects="24013" bytes="859016" bytesdiscarded="66000" />
  <memory-copied type="other" objects="76000" bytes="3197760" bytesdiscarded="166544" />
  <memory-cardclean objects="23362" bytes="1218056" />
  <remembered-set-cleared processed="33713" cleared="5932" durationms="0.420" />
  <stringconstants candidates="15136" cleared="0"  />
</gc-op>
<gc-op id="3982" type="classunload" timems="0.018" contextid="3978" timestamp="2019-08-04T08:43:50.175">
  <classunload-info classloadercandidates="55" classloadersunloaded="0" classesunloaded="0" anonymousclassesunloaded="0" quiescems="0.000" setupms="0.018" scanms="0.000" postms="0.000" />
</gc-op>
<heap-resize id="3983" type="expand" space="default" amount="16777216" count="1" timems="0.127" reason="excessive time being spent in gc" timestamp="2019-08-04T08:43:50.175" />
<gc-end id="3984" type="partial gc" contextid="3978" durationms="13.742" usertimems="22.706" systemtimems="12.018" timestamp="2019-08-04T08:43:50.176" activeThreads="16">
  <mem-info id="3985" free="287309824" total="478150656" percent="60">
    <mem type="eden" free="1172136" total="2097152" percent="55" />
    <remembered-set count="56512" freebytes="18889472" totalbytes="19115520" percent="98" regionsoverflowed="0" regionsstable="9" regionsrebuilding="0"/>
  </mem-info>
</gc-end>
<cycle-end id="3986" type="partial gc" contextid="3978" timestamp="2019-08-04T08:43:50.176">
  <attribute name="GC Util" value="167" />
  <attribute name="CPU Util" value="40168153899167" />
  <attribute name="Time Running"value="167956"/>
  <attribute name="Number of cores"value="16"/>
</cycle-end>
<exclusive-end id="3987" timestamp="2019-08-04T08:43:50.176" durationms="14.533" />

<exclusive-start id="3988" timestamp="2019-08-04T08:43:50.287" intervalms="125.229">
  <response-info timems="2.635" idlems="1.341" threads="1" lastid="0000000000F12300" lastname="Thread-35" />
</exclusive-start>
<allocation-taxation id="3989" taxation-threshold="125829120" timestamp="2019-08-04T08:43:50.287" intervalms="125.207" />
<cycle-start id="3990" type="partial gc" contextid="0" timestamp="2019-08-04T08:43:50.287" intervalms="125.214" />
  <attribute name="GC Util" value="167" />
  <attribute name="CPU Util" value="40168153899167" />
  <attribute name="Time Running"value="167956"/>
  <attribute name="Number of cores"value="16"/>
<gc-start id="3991" type="partial gc" contextid="3990" timestamp="2019-08-04T08:43:50.287">
  <mem-info id="3992" free="161480704" total="478150656" percent="33">
    <mem type="eden" free="0" total="125829120" percent="0" />
    <remembered-set count="56224" freebytes="18890624" totalbytes="19115520" percent="98" regionsoverflowed="0" regionsstable="9" regionsrebuilding="0"/>
  </mem-info>
</gc-start>
<allocation-stats totalBytes="125811744" >
  <allocated-bytes non-tlh="0" tlh="125811744" arrayletleaf="0"/>
  <largest-consumer threadName="Thread-32" threadId="0000000000F64D00" bytes="13645944" />
</allocation-stats>
<gc-op id="3993" type="copy forward" timems="28.342" contextid="3990" timestamp="2019-08-04T08:43:50.318">
  <memory-copied type="eden" objects="32943" bytes="1348224" bytesdiscarded="96744" />
  <memory-copied type="other" objects="52689" bytes="2226168" bytesdiscarded="229536" />
  <memory-cardclean objects="19058" bytes="1022336" />
  <remembered-set-cleared processed="33953" cleared="6027" durationms="0.565" />
  <stringconstants candidates="15136" cleared="0"  />
</gc-op>
<gc-op id="3994" type="classunload" timems="0.014" contextid="3990" timestamp="2019-08-04T08:43:50.318">
  <classunload-info classloadercandidates="55" classloadersunloaded="0" classesunloaded="0" anonymousclassesunloaded="0" quiescems="0.000" setupms="0.014" scanms="0.000" postms="0.000" />
</gc-op>
<gc-end id="3995" type="partial gc" contextid="3990" durationms="31.336" usertimems="42.919" systemtimems="12.237" timestamp="2019-08-04T08:43:50.318" activeThreads="16">
  <mem-info id="3996" free="287309824" total="478150656" percent="60">
    <mem type="eden" free="652184" total="2097152" percent="31" />
    <remembered-set count="54592" freebytes="18897152" totalbytes="19115520" percent="98" regionsoverflowed="0" regionsstable="9" regionsrebuilding="0"/>
  </mem-info>
</gc-end>
<cycle-end id="3997" type="partial gc" contextid="3990" timestamp="2019-08-04T08:43:50.318">
  <attribute name="GC Util" value="69" />
  <attribute name="CPU Util" value="11972278247752" />
  <attribute name="Time Running"value="168082"/>
  <attribute name="Number of cores"value="16"/>
</cycle-end>
<exclusive-end id="3998" timestamp="2019-08-04T08:43:50.319" durationms="32.064" />

<exclusive-start id="3999" timestamp="2019-08-04T08:43:50.444" intervalms="157.186">
  <response-info timems="8.382" idlems="8.382" threads="0" lastid="0000000000F3B600" lastname="Thread-22" />
</exclusive-start>
<allocation-taxation id="4000" taxation-threshold="125829120" timestamp="2019-08-04T08:43:50.444" intervalms="157.284" />
<cycle-start id="4001" type="partial gc" contextid="0" timestamp="2019-08-04T08:43:50.444" intervalms="157.434" />
  <attribute name="GC Util" value="69" />
  <attribute name="CPU Util" value="11972278247752" />
  <attribute name="Time Running"value="168082"/>
  <attribute name="Number of cores"value="16"/>
<gc-start id="4002" type="partial gc" contextid="4001" timestamp="2019-08-04T08:43:50.445">
  <mem-info id="4003" free="161480704" total="478150656" percent="33">
    <mem type="eden" free="0" total="125829120" percent="0" />
    <remembered-set count="54464" freebytes="18897664" totalbytes="19115520" percent="98" regionsoverflowed="0" regionsstable="9" regionsrebuilding="0"/>
  </mem-info>
</gc-start>
<allocation-stats totalBytes="125811864" >
  <allocated-bytes non-tlh="0" tlh="125811864" arrayletleaf="0"/>
  <largest-consumer threadName="Thread-34" threadId="0000000000F19B00" bytes="13859376" />
</allocation-stats>
<gc-op id="4004" type="copy forward" timems="12.079" contextid="4001" timestamp="2019-08-04T08:43:50.458">
  <memory-copied type="eden" objects="38579" bytes="1482352" bytesdiscarded="163160" />
  <memory-copied type="other" objects="56912" bytes="2327520" bytesdiscarded="199856" />
  <memory-cardclean objects="23988" bytes="1209608" />
  <remembered-set-cleared processed="32591" cleared="3751" durationms="0.313" />
  <stringconstants candidates="15136" cleared="0"  />
</gc-op>
<gc-op id="4005" type="classunload" timems="0.015" contextid="4001" timestamp="2019-08-04T08:43:50.458">
  <classunload-info classloadercandidates="55" classloadersunloaded="0" classesunloaded="0" anonymousclassesunloaded="0" quiescems="0.000" setupms="0.014" scanms="0.000" postms="0.000" />
</gc-op>
<heap-resize id="4006" type="expand" space="default" amount="4194304" count="1" timems="0.084" reason="excessive time being spent in gc" timestamp="2019-08-04T08:43:50.458" />
<gc-end id="4007" type="partial gc" contextid="4001" durationms="14.066" usertimems="25.401" systemtimems="15.791" timestamp="2019-08-04T08:43:50.459" activeThreads="16">
  <mem-info id="4008" free="289406976" total="482344960" percent="60">
    <mem type="eden" free="451640" total="2097152" percent="21" />
    <remembered-set count="58400" freebytes="19049600" totalbytes="19283200" percent="98" regionsoverflowed="0" regionsstable="9" regionsrebuilding="0"/>
  </mem-info>
</gc-end>
<cycle-end id="4009" type="partial gc" contextid="4001" timestamp="2019-08-04T08:43:50.459">
  <attribute name="GC Util" value="100" />
  <attribute name="CPU Util" value="17790521477045" />
  <attribute name="Time Running"value="168239"/>
  <attribute name="Number of cores"value="16"/>
</cycle-end>
<exclusive-end id="4010" timestamp="2019-08-04T08:43:50.459" durationms="15.107" />

<exclusive-start id="4011" timestamp="2019-08-04T08:43:50.547" intervalms="102.852">
  <response-info timems="0.518" idlems="0.518" threads="0" lastid="0000000000F61100" lastname="Thread-33" />
</exclusive-start>
<allocation-taxation id="4012" taxation-threshold="127926272" timestamp="2019-08-04T08:43:50.547" intervalms="102.760" />
<cycle-start id="4013" type="partial gc" contextid="0" timestamp="2019-08-04T08:43:50.547" intervalms="102.631" />
  <attribute name="GC Util" value="100" />
  <attribute name="CPU Util" value="17790521477045" />
  <attribute name="Time Running"value="168239"/>
  <attribute name="Number of cores"value="16"/>
<gc-start id="4014" type="partial gc" contextid="4013" timestamp="2019-08-04T08:43:50.547">
  <mem-info id="4015" free="161480704" total="482344960" percent="33">
    <mem type="eden" free="0" total="127926272" percent="0" />
    <remembered-set count="58272" freebytes="19050112" totalbytes="19283200" percent="98" regionsoverflowed="0" regionsstable="9" regionsrebuilding="0"/>
  </mem-info>
</gc-start>
<allocation-stats totalBytes="127909344" >
  <allocated-bytes non-tlh="0" tlh="127909344" arrayletleaf="0"/>
  <largest-consumer threadName="Thread-30" threadId="0000000000F06F00" bytes="12774080" />
</allocation-stats>
<gc-op id="4016" type="copy forward" timems="11.693" contextid="4013" timestamp="2019-08-04T08:43:50.560">
  <memory-copied type="eden" objects="49139" bytes="2010272" bytesdiscarded="192264" />
  <memory-copied type="other" objects="41588" bytes="1547616" bytesdiscarded="161856" />
  <memory-cardclean objects="27651" bytes="1418600" />
  <remembered-set-cleared processed="33752" cleared="6326" durationms="0.318" />
  <stringconstants candidates="15136" cleared="0"  />
</gc-op>
<gc-op id="4017" type="classunload" timems="0.013" contextid="4013" timestamp="2019-08-04T08:43:50.560">
  <classunload-info classloadercandidates="55" classloadersunloaded="0" classesunloaded="0" anonymousclassesunloaded="0" quiescems="0.000" setupms="0.012" scanms="0.000" postms="0.000" />
</gc-op>
<heap-resize id="4018" type="expand" space="default" amount="10485760" count="1" timems="0.120" reason="excessive time being spent in gc" timestamp="2019-08-04T08:43:50.561" />
<gc-end id="4019" type="partial gc" contextid="4013" durationms="13.657" usertimems="28.349" systemtimems="13.544" timestamp="2019-08-04T08:43:50.561" activeThreads="16">
  <mem-info id="4020" free="295698432" total="492830720" percent="60">
    <mem type="eden" free="1991768" total="4194304" percent="47" />
    <remembered-set count="54944" freebytes="19482624" totalbytes="19702400" percent="98" regionsoverflowed="0" regionsstable="9" regionsrebuilding="0"/>
  </mem-info>
</gc-end>
<cycle-end id="4021" type="partial gc" contextid="4013" timestamp="2019-08-04T08:43:50.561">
  <attribute name="GC Util" value="154" />
  <attribute name="CPU Util" value="23697642595792" />
  <attribute name="Time Running"value="168341"/>
  <attribute name="Number of cores"value="16"/>
</cycle-end>
<exclusive-end id="4022" timestamp="2019-08-04T08:43:50.561" durationms="14.665" />

<exclusive-start id="4023" timestamp="2019-08-04T08:43:50.687" intervalms="139.921">
  <response-info timems="3.195" idlems="3.195" threads="0" lastid="0000000000F06F00" lastname="Thread-30" />
</exclusive-start>
<allocation-taxation id="4024" taxation-threshold="130023424" timestamp="2019-08-04T08:43:50.687" intervalms="139.922" />
<cycle-start id="4025" type="partial gc" contextid="0" timestamp="2019-08-04T08:43:50.687" intervalms="139.886" />
  <attribute name="GC Util" value="154" />
  <attribute name="CPU Util" value="23697642595792" />
  <attribute name="Time Running"value="168341"/>
  <attribute name="Number of cores"value="16"/>
<gc-start id="4026" type="partial gc" contextid="4025" timestamp="2019-08-04T08:43:50.687">
  <mem-info id="4027" free="165675008" total="492830720" percent="33">
    <mem type="eden" free="0" total="130023424" percent="0" />
    <remembered-set count="54752" freebytes="19483392" totalbytes="19702400" percent="98" regionsoverflowed="0" regionsstable="9" regionsrebuilding="0"/>
  </mem-info>
</gc-start>
<allocation-stats totalBytes="130005256" >
  <allocated-bytes non-tlh="0" tlh="130005256" arrayletleaf="0"/>
  <largest-consumer threadName="Thread-34" threadId="0000000000F19B00" bytes="13138048" />
</allocation-stats>
<gc-op id="4028" type="copy forward" timems="10.980" contextid="4025" timestamp="2019-08-04T08:43:50.699">
  <memory-copied type="eden" objects="51316" bytes="2271424" bytesdiscarded="187616" />
  <memory-copied type="other" objects="45331" bytes="1774824" bytesdiscarded="121320" />
  <memory-cardclean objects="20041" bytes="1035584" />
  <remembered-set-cleared processed="32370" cleared="5047" durationms="0.604" />
  <stringconstants candidates="15136" cleared="0"  />
</gc-op>
<gc-op id="4029" type="classunload" timems="0.010" contextid="4025" timestamp="2019-08-04T08:43:50.699">
  <classunload-info classloadercandidates="55" classloadersunloaded="0" classesunloaded="0" anonymousclassesunloaded="0" quiescems="0.000" setupms="0.010" scanms="0.000" postms="0.000" />
</gc-op>
<heap-resize id="4030" type="expand" space="default" amount="10485760" count="1" timems="0.103" reason="excessive time being spent in gc" timestamp="2019-08-04T08:43:50.699" />
<gc-end id="4031" type="partial gc" contextid="4025" durationms="12.420" usertimems="28.987" systemtimems="8.665" timestamp="2019-08-04T08:43:50.699" activeThreads="16">
  <mem-info id="4032" free="301989888" total="503316480" percent="60">
    <mem type="eden" free="3832416" total="6291456" percent="60" />
    <remembered-set count="54560" freebytes="19903360" totalbytes="20121600" percent="98" regionsoverflowed="0" regionsstable="9" regionsrebuilding="0"/>
  </mem-info>
</gc-end>
<cycle-end id="4033" type="partial gc" contextid="4025" timestamp="2019-08-04T08:43:50.699">
  <attribute name="GC Util" value="150" />
  <attribute name="CPU Util" value="31698810943511" />
  <attribute name="Time Running"value="168481"/>
  <attribute name="Number of cores"value="16"/>
</cycle-end>
<exclusive-end id="4034" timestamp="2019-08-04T08:43:50.700" durationms="13.107" />

<exclusive-start id="4035" timestamp="2019-08-04T08:43:50.782" intervalms="95.338">
  <response-info timems="2.582" idlems="2.580" threads="1" lastid="0000000000F33E00" lastname="Thread-31" />
</exclusive-start>
<allocation-taxation id="4036" taxation-threshold="132120576" timestamp="2019-08-04T08:43:50.782" intervalms="95.339" />
<cycle-start id="4037" type="partial gc" contextid="0" timestamp="2019-08-04T08:43:50.782" intervalms="95.375" />
  <attribute name="GC Util" value="150" />
  <attribute name="CPU Util" value="31698810943511" />
  <attribute name="Time Running"value="168481"/>
  <attribute name="Number of cores"value="16"/>
<gc-start id="4038" type="partial gc" contextid="4037" timestamp="2019-08-04T08:43:50.782">
  <mem-info id="4039" free="169869312" total="503316480" percent="33">
    <mem type="eden" free="0" total="132120576" percent="0" />
    <remembered-set count="54080" freebytes="19905280" totalbytes="20121600" percent="98" regionsoverflowed="0" regionsstable="9" regionsrebuilding="0"/>
  </mem-info>
</gc-start>
<allocation-stats totalBytes="132102256" >
  <allocated-bytes non-tlh="0" tlh="132102256" arrayletleaf="0"/>
  <largest-consumer threadName="Thread-26" threadId="0000000000F52200" bytes="13203760" />
</allocation-stats>
<gc-op id="4040" type="copy forward" timems="10.660" contextid="4037" timestamp="2019-08-04T08:43:50.794">
  <memory-copied type="eden" objects="57348" bytes="1997792" bytesdiscarded="236560" />
  <memory-copied type="other" objects="65602" bytes="2882376" bytesdiscarded="196088" />
  <memory-cardclean objects="18575" bytes="927104" />
  <remembered-set-cleared processed="32671" cleared="4983" durationms="0.250" />
  <stringconstants candidates="15136" cleared="0"  />
</gc-op>
<gc-op id="4041" type="classunload" timems="0.009" contextid="4037" timestamp="2019-08-04T08:43:50.794">
  <classunload-info classloadercandidates="55" classloadersunloaded="0" classesunloaded="0" anonymousclassesunloaded="0" quiescems="0.000" setupms="0.009" scanms="0.000" postms="0.000" />
</gc-op>
<gc-end id="4042" type="partial gc" contextid="4037" durationms="12.108" usertimems="33.012" systemtimems="7.460" timestamp="2019-08-04T08:43:50.794" activeThreads="16">
  <mem-info id="4043" free="301989888" total="503316480" percent="60">
    <mem type="eden" free="1959952" total="4194304" percent="46" />
    <remembered-set count="57728" freebytes="19890688" totalbytes="20121600" percent="98" regionsoverflowed="0" regionsstable="9" regionsrebuilding="0"/>
  </mem-info>
</gc-end>
<cycle-end id="4044" type="partial gc" contextid="4037" timestamp="2019-08-04T08:43:50.795">
  <attribute name="GC Util" value="156" />
  <attribute name="CPU Util" value="26352828306394" />
  <attribute name="Time Running"value="168576"/>
  <attribute name="Number of cores"value="16"/>
</cycle-end>
<exclusive-end id="4045" timestamp="2019-08-04T08:43:50.795" durationms="12.896" />

<exclusive-start id="4046" timestamp="2019-08-04T08:43:50.946" intervalms="163.735">
  <response-info timems="2.287" idlems="1.322" threads="1" lastid="0000000000F33E00" lastname="Thread-31" />
</exclusive-start>
<allocation-taxation id="4047" taxation-threshold="132120576" timestamp="2019-08-04T08:43:50.946" intervalms="163.744" />
<cycle-start id="4048" type="partial gc" contextid="0" timestamp="2019-08-04T08:43:50.946" intervalms="163.703" />
  <attribute name="GC Util" value="156" />
  <attribute name="CPU Util" value="26352828306394" />
  <attribute name="Time Running"value="168576"/>
  <attribute name="Number of cores"value="16"/>
<gc-start id="4049" type="partial gc" contextid="4048" timestamp="2019-08-04T08:43:50.946">
  <mem-info id="4050" free="169869312" total="503316480" percent="33">
    <mem type="eden" free="0" total="132120576" percent="0" />
    <remembered-set count="57696" freebytes="19890816" totalbytes="20121600" percent="98" regionsoverflowed="0" regionsstable="9" regionsrebuilding="0"/>
  </mem-info>
</gc-start>
<allocation-stats totalBytes="132101848" >
  <allocated-bytes non-tlh="0" tlh="132101848" arrayletleaf="0"/>
  <largest-consumer threadName="Thread-33" threadId="0000000000F61100" bytes="13072552" />
</allocation-stats>
<gc-op id="4051" type="copy forward" timems="10.870" contextid="4048" timestamp="2019-08-04T08:43:50.958">
  <memory-copied type="eden" objects="48774" bytes="2137792" bytesdiscarded="209760" />
  <memory-copied type="other" objects="55544" bytes="2161392" bytesdiscarded="262840" />
  <memory-cardclean objects="13992" bytes="703832" />
  <remembered-set-cleared processed="33479" cleared="6053" durationms="0.230" />
  <stringconstants candidates="15136" cleared="0"  />
</gc-op>
<gc-op id="4052" type="classunload" timems="0.012" contextid="4048" timestamp="2019-08-04T08:43:50.958">
  <classunload-info classloadercandidates="55" classloadersunloaded="0" classesunloaded="0" anonymousclassesunloaded="0" quiescems="0.000" setupms="0.012" scanms="0.000" postms="0.000" />
</gc-op>
<gc-end id="4053" type="partial gc" contextid="4048" durationms="12.219" usertimems="22.428" systemtimems="14.146" timestamp="2019-08-04T08:43:50.958" activeThreads="16">
  <mem-info id="4054" free="299892736" total="503316480" percent="59">
    <mem type="eden" free="1846752" total="4194304" percent="44" />
    <remembered-set count="53984" freebytes="19905664" totalbytes="20121600" percent="98" regionsoverflowed="0" regionsstable="9" regionsrebuilding="0"/>
  </mem-info>
</gc-end>
<cycle-end id="4055" type="partial gc" contextid="4048" timestamp="2019-08-04T08:43:50.958">
  <attribute name="GC Util" value="161" />
  <attribute name="CPU Util" value="29191486662815" />
  <attribute name="Time Running"value="168740"/>
  <attribute name="Number of cores"value="16"/>
</cycle-end>
<exclusive-end id="4056" timestamp="2019-08-04T08:43:50.959" durationms="12.960" />

<exclusive-start id="4057" timestamp="2019-08-04T08:43:51.081" intervalms="135.188">
  <response-info timems="4.692" idlems="4.692" threads="0" lastid="0000000000F24F00" lastname="Thread-28" />
</exclusive-start>
<allocation-taxation id="4058" taxation-threshold="132120576" timestamp="2019-08-04T08:43:51.081" intervalms="135.168" />
<cycle-start id="4059" type="partial gc" contextid="0" timestamp="2019-08-04T08:43:51.081" intervalms="135.155" />
  <attribute name="GC Util" value="161" />
  <attribute name="CPU Util" value="29191486662815" />
  <attribute name="Time Running"value="168740"/>
  <attribute name="Number of cores"value="16"/>
<gc-start id="4060" type="partial gc" contextid="4059" timestamp="2019-08-04T08:43:51.081">
  <mem-info id="4061" free="167772160" total="503316480" percent="33">
    <mem type="eden" free="0" total="132120576" percent="0" />
    <remembered-set count="53568" freebytes="19907328" totalbytes="20121600" percent="98" regionsoverflowed="0" regionsstable="9" regionsrebuilding="0"/>
  </mem-info>
</gc-start>
<allocation-stats totalBytes="132101544" >
  <allocated-bytes non-tlh="0" tlh="132101544" arrayletleaf="0"/>
  <largest-consumer threadName="Thread-31" threadId="0000000000F33E00" bytes="14088288" />
</allocation-stats>
<gc-op id="4062" type="copy forward" timems="13.852" contextid="4059" timestamp="2019-08-04T08:43:51.096">
  <memory-copied type="eden" objects="45121" bytes="1775992" bytesdiscarded="235000" />
  <memory-copied type="other" objects="63879" bytes="2769480" bytesdiscarded="166728" />
  <memory-cardclean objects="9415" bytes="479840" />
  <remembered-set-cleared processed="32498" cleared="4978" durationms="0.238" />
  <stringconstants candidates="15136" cleared="0"  />
</gc-op>
<gc-op id="4063" type="classunload" timems="0.009" contextid="4059" timestamp="2019-08-04T08:43:51.096">
  <classunload-info classloadercandidates="55" classloadersunloaded="0" classesunloaded="0" anonymousclassesunloaded="0" quiescems="0.000" setupms="0.009" scanms="0.000" postms="0.000" />
</gc-op>
<gc-end id="4064" type="partial gc" contextid="4059" durationms="15.043" usertimems="25.951" systemtimems="12.022" timestamp="2019-08-04T08:43:51.096" activeThreads="16">
  <mem-info id="4065" free="301989888" total="503316480" percent="60">
    <mem type="eden" free="86160" total="2097152" percent="4" />
    <remembered-set count="54368" freebytes="19904128" totalbytes="20121600" percent="98" regionsoverflowed="0" regionsstable="9" regionsrebuilding="0"/>
  </mem-info>
</gc-end>
<cycle-end id="4066" type="partial gc" contextid="4059" timestamp="2019-08-04T08:43:51.096">
  <attribute name="GC Util" value="142" />
  <attribute name="CPU Util" value="28321044841512" />
  <attribute name="Time Running"value="168875"/>
  <attribute name="Number of cores"value="16"/>
</cycle-end>
<exclusive-end id="4067" timestamp="2019-08-04T08:43:51.096" durationms="15.543" />

<exclusive-start id="4068" timestamp="2019-08-04T08:43:51.216" intervalms="135.351">
  <response-info timems="1.803" idlems="1.803" threads="0" lastid="0000000000F52200" lastname="Thread-26" />
</exclusive-start>
<allocation-taxation id="4069" taxation-threshold="132120576" timestamp="2019-08-04T08:43:51.216" intervalms="135.435" />
<cycle-start id="4070" type="partial gc" contextid="0" timestamp="2019-08-04T08:43:51.216" intervalms="135.475" />
  <attribute name="GC Util" value="142" />
  <attribute name="CPU Util" value="28321044841512" />
  <attribute name="Time Running"value="168875"/>
  <attribute name="Number of cores"value="16"/>
<gc-start id="4071" type="partial gc" contextid="4070" timestamp="2019-08-04T08:43:51.217">
  <mem-info id="4072" free="169869312" total="503316480" percent="33">
    <mem type="eden" free="0" total="132120576" percent="0" />
    <remembered-set count="53952" freebytes="19905792" totalbytes="20121600" percent="98" regionsoverflowed="0" regionsstable="9" regionsrebuilding="0"/>
  </mem-info>
</gc-start>
<allocation-stats totalBytes="132101376" >
  <allocated-bytes non-tlh="0" tlh="132101376" arrayletleaf="0"/>
  <largest-consumer threadName="Thread-31" threadId="0000000000F33E00" bytes="13322568" />
</allocation-stats>
<gc-op id="4073" type="copy forward" timems="9.791" contextid="4070" timestamp="2019-08-04T08:43:51.228">
  <memory-copied type="eden" objects="57411" bytes="2345032" bytesdiscarded="305960" />
  <memory-copied type="other" objects="37528" bytes="1587552" bytesdiscarded="174408" />
  <memory-cardclean objects="14266" bytes="792536" />
  <remembered-set-cleared processed="33205" cleared="3292" durationms="0.268" />
  <stringconstants candidates="15136" cleared="0"  />
</gc-op>
<gc-op id="4074" type="classunload" timems="0.010" contextid="4070" timestamp="2019-08-04T08:43:51.228">
  <classunload-info classloadercandidates="55" classloadersunloaded="0" classesunloaded="0" anonymousclassesunloaded="0" quiescems="0.000" setupms="0.010" scanms="0.000" postms="0.000" />
</gc-op>
<gc-end id="4075" type="partial gc" contextid="4070" durationms="11.089" usertimems="21.936" systemtimems="12.614" timestamp="2019-08-04T08:43:51.228" activeThreads="16">
  <mem-info id="4076" free="297795584" total="503316480" percent="59">
    <mem type="eden" free="1543312" total="4194304" percent="36" />
    <remembered-set count="55584" freebytes="19899264" totalbytes="20121600" percent="98" regionsoverflowed="0" regionsstable="9" regionsrebuilding="0"/>
  </mem-info>
</gc-end>
<cycle-end id="4077" type="partial gc" contextid="4070" timestamp="2019-08-04T08:43:51.228">
  <attribute name="GC Util" value="119" />
  <attribute name="CPU Util" value="25815165245429" />
  <attribute name="Time Running"value="169010"/>
  <attribute name="Number of cores"value="16"/>
</cycle-end>
<exclusive-end id="4078" timestamp="2019-08-04T08:43:51.228" durationms="11.831" />

<exclusive-start id="4079" timestamp="2019-08-04T08:43:51.368" intervalms="152.089">
  <response-info timems="4.159" idlems="4.159" threads="0" lastid="0000000000F33E00" lastname="Thread-31" />
</exclusive-start>
<allocation-taxation id="4080" taxation-threshold="132120576" timestamp="2019-08-04T08:43:51.368" intervalms="152.004" />
<cycle-start id="4081" type="partial gc" contextid="0" timestamp="2019-08-04T08:43:51.368" intervalms="151.948" />
  <attribute name="GC Util" value="119" />
  <attribute name="CPU Util" value="25815165245429" />
  <attribute name="Time Running"value="169010"/>
  <attribute name="Number of cores"value="16"/>
<gc-start id="4082" type="partial gc" contextid="4081" timestamp="2019-08-04T08:43:51.369">
  <mem-info id="4083" free="165675008" total="503316480" percent="32">
    <mem type="eden" free="0" total="132120576" percent="0" />
    <remembered-set count="55424" freebytes="19899904" totalbytes="20121600" percent="98" regionsoverflowed="0" regionsstable="9" regionsrebuilding="0"/>
  </mem-info>
</gc-start>
<allocation-stats totalBytes="132101792" >
  <allocated-bytes non-tlh="0" tlh="132101792" arrayletleaf="0"/>
  <largest-consumer threadName="Thread-31" threadId="0000000000F33E00" bytes="13170784" />
</allocation-stats>
<gc-op id="4084" type="copy forward" timems="8.996" contextid="4081" timestamp="2019-08-04T08:43:51.379">
  <memory-copied type="eden" objects="56121" bytes="2312360" bytesdiscarded="235688" />
  <memory-copied type="other" objects="53141" bytes="2374392" bytesdiscarded="184568" />
  <memory-cardclean objects="6296" bytes="311504" />
  <remembered-set-cleared processed="32779" cleared="5428" durationms="0.236" />
  <stringconstants candidates="15136" cleared="0"  />
</gc-op>
<gc-op id="4085" type="classunload" timems="0.011" contextid="4081" timestamp="2019-08-04T08:43:51.379">
  <classunload-info classloadercandidates="55" classloadersunloaded="0" classesunloaded="0" anonymousclassesunloaded="0" quiescems="0.000" setupms="0.011" scanms="0.000" postms="0.000" />
</gc-op>
<gc-end id="4086" type="partial gc" contextid="4081" durationms="10.243" usertimems="24.846" systemtimems="9.152" timestamp="2019-08-04T08:43:51.379" activeThreads="16">
  <mem-info id="4087" free="293601280" total="503316480" percent="58">
    <mem type="eden" free="3743408" total="6291456" percent="59" />
    <remembered-set count="53600" freebytes="19907200" totalbytes="20121600" percent="98" regionsoverflowed="0" regionsstable="9" regionsrebuilding="0"/>
  </mem-info>
</gc-end>
<cycle-end id="4088" type="partial gc" contextid="4081" timestamp="2019-08-04T08:43:51.379">
  <attribute name="GC Util" value="270" />
  <attribute name="CPU Util" value="27609552382606" />
  <attribute name="Time Running"value="169162"/>
  <attribute name="Number of cores"value="16"/>
</cycle-end>
<exclusive-end id="4089" timestamp="2019-08-04T08:43:51.379" durationms="10.702" />

<exclusive-start id="4090" timestamp="2019-08-04T08:43:51.477" intervalms="109.218">
  <response-info timems="3.142" idlems="3.142" threads="0" lastid="0000000000F0E700" lastname="Thread-25" />
</exclusive-start>
<allocation-taxation id="4091" taxation-threshold="132120576" timestamp="2019-08-04T08:43:51.478" intervalms="109.375" />
<cycle-start id="4092" type="partial gc" contextid="0" timestamp="2019-08-04T08:43:51.478" intervalms="109.474" />
  <attribute name="GC Util" value="270" />
  <attribute name="CPU Util" value="27609552382606" />
  <attribute name="Time Running"value="169162"/>
  <attribute name="Number of cores"value="16"/>
<gc-start id="4093" type="partial gc" contextid="4092" timestamp="2019-08-04T08:43:51.478">
  <mem-info id="4094" free="161480704" total="503316480" percent="32">
    <mem type="eden" free="0" total="132120576" percent="0" />
    <remembered-set count="53472" freebytes="19907712" totalbytes="20121600" percent="98" regionsoverflowed="0" regionsstable="9" regionsrebuilding="0"/>
  </mem-info>
</gc-start>
<allocation-stats totalBytes="132102176" >
  <allocated-bytes non-tlh="0" tlh="132102176" arrayletleaf="0"/>
  <largest-consumer threadName="Thread-24" threadId="0000000000F21300" bytes="11823328" />
</allocation-stats>
<gc-op id="4095" type="copy forward" timems="20.250" contextid="4092" timestamp="2019-08-04T08:43:51.501">
  <memory-copied type="eden" objects="44738" bytes="1901824" bytesdiscarded="157312" />
  <memory-copied type="other" objects="46265" bytes="2076072" bytesdiscarded="126840" />
  <memory-cardclean objects="4790" bytes="277232" />
  <remembered-set-cleared processed="31682" cleared="3674" durationms="0.245" />
  <stringconstants candidates="15136" cleared="0"  />
</gc-op>
<gc-op id="4096" type="classunload" timems="0.012" contextid="4092" timestamp="2019-08-04T08:43:51.501">
  <classunload-info classloadercandidates="55" classloadersunloaded="0" classesunloaded="0" anonymousclassesunloaded="0" quiescems="0.000" setupms="0.012" scanms="0.000" postms="0.000" />
</gc-op>
<gc-end id="4097" type="partial gc" contextid="4092" durationms="22.651" usertimems="32.217" systemtimems="20.740" timestamp="2019-08-04T08:43:51.501" activeThreads="16">
  <mem-info id="4098" free="293601280" total="503316480" percent="58">
    <mem type="eden" free="2135168" total="4194304" percent="50" />
    <remembered-set count="52672" freebytes="19910912" totalbytes="20121600" percent="98" regionsoverflowed="0" regionsstable="9" regionsrebuilding="0"/>
  </mem-info>
</gc-end>
<cycle-end id="4099" type="partial gc" contextid="4092" timestamp="2019-08-04T08:43:51.501">
  <attribute name="GC Util" value="70" />
  <attribute name="CPU Util" value="11239501926876" />
  <attribute name="Time Running"value="169273"/>
  <attribute name="Number of cores"value="16"/>
</cycle-end>
<exclusive-end id="4100" timestamp="2019-08-04T08:43:51.501" durationms="23.483" />

<exclusive-start id="4101" timestamp="2019-08-04T08:43:51.640" intervalms="162.766">
  <response-info timems="0.656" idlems="0.226" threads="9" lastid="0000000000F19B00" lastname="Thread-34" />
</exclusive-start>
<allocation-taxation id="4102" taxation-threshold="132120576" timestamp="2019-08-04T08:43:51.640" intervalms="162.631" />
<cycle-start id="4103" type="partial gc" contextid="0" timestamp="2019-08-04T08:43:51.640" intervalms="162.528" />
  <attribute name="GC Util" value="70" />
  <attribute name="CPU Util" value="11239501926876" />
  <attribute name="Time Running"value="169273"/>
  <attribute name="Number of cores"value="16"/>
<gc-start id="4104" type="partial gc" contextid="4103" timestamp="2019-08-04T08:43:51.641">
  <mem-info id="4105" free="161480704" total="503316480" percent="32">
    <mem type="eden" free="0" total="132120576" percent="0" />
    <remembered-set count="52448" freebytes="19911808" totalbytes="20121600" percent="98" regionsoverflowed="0" regionsstable="9" regionsrebuilding="0"/>
  </mem-info>
</gc-start>
<allocation-stats totalBytes="132101952" >
  <allocated-bytes non-tlh="0" tlh="132101952" arrayletleaf="0"/>
  <largest-consumer threadName="Thread-35" threadId="0000000000F12300" bytes="15087984" />
</allocation-stats>
<gc-op id="4106" type="copy forward" timems="12.422" contextid="4103" timestamp="2019-08-04T08:43:51.658">
  <memory-copied type="eden" objects="37563" bytes="1455664" bytesdiscarded="158992" />
  <memory-copied type="other" objects="49024" bytes="2138208" bytesdiscarded="142840" />
  <memory-cardclean objects="12572" bytes="688376" />
  <remembered-set-cleared processed="31581" cleared="2061" durationms="0.254" />
  <stringconstants candidates="15136" cleared="0"  />
</gc-op>
<gc-op id="4107" type="classunload" timems="0.011" contextid="4103" timestamp="2019-08-04T08:43:51.658">
  <classunload-info classloadercandidates="55" classloadersunloaded="0" classesunloaded="0" anonymousclassesunloaded="0" quiescems="0.000" setupms="0.010" scanms="0.000" postms="0.000" />
</gc-op>
<gc-end id="4108" type="partial gc" contextid="4103" durationms="17.425" usertimems="26.326" systemtimems="9.719" timestamp="2019-08-04T08:43:51.658" activeThreads="16">
  <mem-info id="4109" free="291504128" total="503316480" percent="57">
    <mem type="eden" free="2579648" total="4194304" percent="61" />
    <remembered-set count="53920" freebytes="19905920" totalbytes="20121600" percent="98" regionsoverflowed="0" regionsstable="9" regionsrebuilding="0"/>
  </mem-info>
</gc-end>
<cycle-end id="4110" type="partial gc" contextid="4103" timestamp="2019-08-04T08:43:51.658">
  <attribute name="GC Util" value="22" />
  <attribute name="CPU Util" value="4158119066088" />
  <attribute name="Time Running"value="169438"/>
  <attribute name="Number of cores"value="16"/>
</cycle-end>
<exclusive-end id="4111" timestamp="2019-08-04T08:43:51.658" durationms="18.047" />

<exclusive-start id="4112" timestamp="2019-08-04T08:43:51.728" intervalms="87.646">
  <response-info timems="3.481" idlems="3.481" threads="0" lastid="0000000000F24F00" lastname="Thread-28" />
</exclusive-start>
<allocation-taxation id="4113" taxation-threshold="132120576" timestamp="2019-08-04T08:43:51.728" intervalms="87.632" />
<cycle-start id="4114" type="partial gc" contextid="0" timestamp="2019-08-04T08:43:51.728" intervalms="87.672" />
  <attribute name="GC Util" value="22" />
  <attribute name="CPU Util" value="4158119066088" />
  <attribute name="Time Running"value="169438"/>
  <attribute name="Number of cores"value="16"/>
<gc-start id="4115" type="partial gc" contextid="4114" timestamp="2019-08-04T08:43:51.728">
  <mem-info id="4116" free="159383552" total="503316480" percent="31">
    <mem type="eden" free="0" total="132120576" percent="0" />
    <remembered-set count="53536" freebytes="19907456" totalbytes="20121600" percent="98" regionsoverflowed="0" regionsstable="9" regionsrebuilding="0"/>
  </mem-info>
</gc-start>
<allocation-stats totalBytes="132101872" >
  <allocated-bytes non-tlh="0" tlh="132101872" arrayletleaf="0"/>
  <largest-consumer threadName="Thread-33" threadId="0000000000F61100" bytes="14133296" />
</allocation-stats>
<gc-op id="4117" type="copy forward" timems="11.768" contextid="4114" timestamp="2019-08-04T08:43:51.742">
  <memory-copied type="eden" objects="54637" bytes="2278776" bytesdiscarded="251320" />
  <memory-copied type="other" objects="55685" bytes="2435448" bytesdiscarded="142848" />
  <memory-cardclean objects="6775" bytes="357152" />
  <remembered-set-cleared processed="32316" cleared="3084" durationms="0.226" />
  <stringconstants candidates="15136" cleared="0"  />
</gc-op>
<gc-op id="4118" type="classunload" timems="0.011" contextid="4114" timestamp="2019-08-04T08:43:51.742">
  <classunload-info classloadercandidates="55" classloadersunloaded="0" classesunloaded="0" anonymousclassesunloaded="0" quiescems="0.000" setupms="0.011" scanms="0.000" postms="0.000" />
</gc-op>
<heap-resize id="4119" type="expand" space="default" amount="31457280" count="1" timems="0.178" reason="excessive time being spent in gc" timestamp="2019-08-04T08:43:51.742" />
<gc-end id="4120" type="partial gc" contextid="4114" durationms="13.752" usertimems="55.852" systemtimems="0.000" timestamp="2019-08-04T08:43:51.742" activeThreads="16">
  <mem-info id="4121" free="320864256" total="534773760" percent="60">
    <mem type="eden" free="1664208" total="4194304" percent="39" />
    <remembered-set count="57184" freebytes="21150464" totalbytes="21379200" percent="98" regionsoverflowed="0" regionsstable="9" regionsrebuilding="0"/>
  </mem-info>
</gc-end>
<cycle-end id="4122" type="partial gc" contextid="4114" timestamp="2019-08-04T08:43:51.743">
  <attribute name="GC Util" value="263" />
  <attribute name="CPU Util" value="15706547007304" />
  <attribute name="Time Running"value="169523"/>
  <attribute name="Number of cores"value="16"/>
</cycle-end>
<exclusive-end id="4123" timestamp="2019-08-04T08:43:51.743" durationms="14.993" />

<exclusive-start id="4124" timestamp="2019-08-04T08:43:51.831" intervalms="103.106">
  <response-info timems="0.066" idlems="0.066" threads="0" lastid="0000000000F2C700" lastname="Thread-21" />
</exclusive-start>
<allocation-taxation id="4125" taxation-threshold="140509184" timestamp="2019-08-04T08:43:51.831" intervalms="103.109" />
<cycle-start id="4126" type="partial gc" contextid="0" timestamp="2019-08-04T08:43:51.831" intervalms="103.110" />
  <attribute name="GC Util" value="263" />
  <attribute name="CPU Util" value="15706547007304" />
  <attribute name="Time Running"value="169523"/>
  <attribute name="Number of cores"value="16"/>
<gc-start id="4127" type="partial gc" contextid="4126" timestamp="2019-08-04T08:43:51.831">
  <mem-info id="4128" free="180355072" total="534773760" percent="33">
    <mem type="eden" free="0" total="140509184" percent="0" />
    <remembered-set count="57152" freebytes="21150592" totalbytes="21379200" percent="98" regionsoverflowed="0" regionsstable="9" regionsrebuilding="0"/>
  </mem-info>
</gc-start>
<allocation-stats totalBytes="140490264" >
  <allocated-bytes non-tlh="0" tlh="140490264" arrayletleaf="0"/>
  <largest-consumer threadName="Thread-31" threadId="0000000000F33E00" bytes="21411144" />
</allocation-stats>
<gc-op id="4129" type="copy forward" timems="10.070" contextid="4126" timestamp="2019-08-04T08:43:51.843">
  <memory-copied type="eden" objects="14347" bytes="347480" bytesdiscarded="83712" />
  <memory-copied type="other" objects="57546" bytes="2342736" bytesdiscarded="169648" />
  <memory-cardclean objects="14420" bytes="727904" />
  <remembered-set-cleared processed="32548" cleared="4112" durationms="0.286" />
  <stringconstants candidates="15136" cleared="0"  />
</gc-op>
<gc-op id="4130" type="classunload" timems="0.011" contextid="4126" timestamp="2019-08-04T08:43:51.843">
  <classunload-info classloadercandidates="55" classloadersunloaded="0" classesunloaded="0" anonymousclassesunloaded="0" quiescems="0.000" setupms="0.011" scanms="0.000" postms="0.000" />
</gc-op>
<gc-end id="4131" type="partial gc" contextid="4126" durationms="11.428" usertimems="29.841" systemtimems="8.317" timestamp="2019-08-04T08:43:51.843" activeThreads="16">
  <mem-info id="4132" free="320864256" total="534773760" percent="60">
    <mem type="eden" free="1665960" total="2097152" percent="79" />
    <remembered-set count="54336" freebytes="21161856" totalbytes="21379200" percent="98" regionsoverflowed="0" regionsstable="9" regionsrebuilding="0"/>
  </mem-info>
</gc-end>
<cycle-end id="4133" type="partial gc" contextid="4126" timestamp="2019-08-04T08:43:51.843">
  <attribute name="GC Util" value="285" />
  <attribute name="CPU Util" value="24220306643442" />
  <attribute name="Time Running"value="169625"/>
  <attribute name="Number of cores"value="16"/>
</cycle-end>
<exclusive-end id="4134" timestamp="2019-08-04T08:43:51.843" durationms="12.276" />

===== DaCapo 9.12-MR1 sunflow PASSED in 11495 msec =====
Using scaled threading model. 16 processors detected, 16 threads used to drive the workload, in a possible range of [1,1000]
<exclusive-start id="4135" timestamp="2019-08-04T08:43:52.145" intervalms="313.776">
  <response-info timems="0.059" idlems="0.059" threads="0" lastid="0000000000C1FF00" lastname="main" />
</exclusive-start>
<sys-start reason="explicit" id="4136" timestamp="2019-08-04T08:43:52.145" intervalms="11845.114" />
<cycle-start id="4137" type="global garbage collect" contextid="0" timestamp="2019-08-04T08:43:52.145" intervalms="11845.098" />
  <attribute name="GC Util" value="285" />
  <attribute name="CPU Util" value="24220306643442" />
  <attribute name="Time Running"value="169625"/>
  <attribute name="Number of cores"value="16"/>
<gc-start id="4138" type="global garbage collect" contextid="4137" timestamp="2019-08-04T08:43:52.145">
  <mem-info id="4139" free="243086656" total="534773760" percent="45">
    <mem type="eden" free="1914176" total="79691776" percent="2" />
    <remembered-set count="54208" freebytes="21162368" totalbytes="21379200" percent="98" regionsoverflowed="0" regionsstable="9" regionsrebuilding="0"/>
  </mem-info>
</gc-start>
<allocation-stats totalBytes="77753616" >
  <allocated-bytes non-tlh="412096" tlh="77341520" arrayletleaf="0"/>
  <largest-consumer threadName="main" threadId="0000000000C1FF00" bytes="11390696" />
</allocation-stats>
<gc-op id="4140" type="global mark" timems="14.948" contextid="4137" timestamp="2019-08-04T08:43:52.160">
  <trace-info objectcount="637779" scancount="548753" scanbytes="14477424" />
  <finalization candidates="154" enqueued="1" />
  <ownableSynchronizers candidates="23" cleared="0" />
  <references type="soft" candidates="4012" cleared="0" enqueued="0" dynamicThreshold="19" maxThreshold="32" />
  <references type="weak" candidates="6354" cleared="93" enqueued="93" />
  <references type="phantom" candidates="320" cleared="10" enqueued="10" />
  <stringconstants candidates="16130" cleared="23"  />
</gc-op>
<gc-op id="4141" type="classunload" timems="0.010" contextid="4137" timestamp="2019-08-04T08:43:52.160">
  <classunload-info classloadercandidates="68" classloadersunloaded="0" classesunloaded="0" anonymousclassesunloaded="0" quiescems="0.000" setupms="0.010" scanms="0.000" postms="0.000" />
</gc-op>
<gc-op id="4142" type="sweep" timems="1.990" contextid="4137" timestamp="2019-08-04T08:43:52.163" />
<gc-op id="4143" type="compact" timems="36.995" contextid="4137" timestamp="2019-08-04T08:43:52.200">
  <compact-info movecount="637779" movebytes="22745768" />
  <remembered-set-cleared processed="113644" cleared="113644" durationms="0.481" />
</gc-op>
<gc-end id="4144" type="global garbage collect" contextid="4137" durationms="54.933" usertimems="186.818" systemtimems="7.129" timestamp="2019-08-04T08:43:52.200" activeThreads="16">
  <mem-info id="4145" free="509607936" total="534773760" percent="95">
    <pending-finalizers system="1" default="0" reference="103" classloader="0" />
    <remembered-set count="53760" freebytes="21164160" totalbytes="21379200" percent="98" regionsoverflowed="0" regionsstable="0" regionsrebuilding="0"/>
  </mem-info>
</gc-end>
<cycle-end id="4146" type="global garbage collect" contextid="4137" timestamp="2019-08-04T08:43:52.200">
  <attribute name="GC Util" value="165" />
  <attribute name="CPU Util" value="8734091839841" />
  <attribute name="Time Running"value="169956"/>
  <attribute name="Number of cores"value="16"/>
</cycle-end>
<sys-end id="4147" timestamp="2019-08-04T08:43:52.200" />
<exclusive-end id="4148" timestamp="2019-08-04T08:43:52.200" durationms="55.738" />

===== DaCapo 9.12-MR1 xalan starting =====
<exclusive-start id="4149" timestamp="2019-08-04T08:43:53.164" intervalms="1019.390">
  <response-info timems="9.233" idlems="4.984" threads="3" lastid="0000000000C27700" lastname="JIT Compilation Thread-1" />
</exclusive-start>
<allocation-taxation id="4150" taxation-threshold="140509184" timestamp="2019-08-04T08:43:53.165" intervalms="1333.768" />
<cycle-start id="4151" type="partial gc" contextid="0" timestamp="2019-08-04T08:43:53.169" intervalms="1337.908" />
  <attribute name="GC Util" value="165" />
  <attribute name="CPU Util" value="8734091839841" />
  <attribute name="Time Running"value="169956"/>
  <attribute name="Number of cores"value="16"/>
<gc-start id="4152" type="partial gc" contextid="4151" timestamp="2019-08-04T08:43:53.172">
  <mem-info id="4153" free="369098752" total="534773760" percent="69">
    <mem type="eden" free="0" total="140509184" percent="0" />
    <remembered-set count="53696" freebytes="21164416" totalbytes="21379200" percent="98" regionsoverflowed="0" regionsstable="0" regionsrebuilding="0"/>
  </mem-info>
</gc-start>
<allocation-stats totalBytes="140365936" >
  <allocated-bytes non-tlh="1197600" tlh="139168336" arrayletleaf="0"/>
  <largest-consumer threadName="Thread-43" threadId="0000000000F59A00" bytes="14438296" />
</allocation-stats>
<gc-op id="4154" type="copy forward" timems="20.468" contextid="4151" timestamp="2019-08-04T08:43:53.198">
  <memory-copied type="eden" objects="38088" bytes="4711072" bytesdiscarded="675080" />
  <memory-copied type="other" objects="0" bytes="0" bytesdiscarded="0" />
  <memory-cardclean objects="1996" bytes="125840" />
  <remembered-set-cleared processed="47708" cleared="324" durationms="0.547" />
  <finalization candidates="3" enqueued="2" />
  <references type="soft" candidates="25" cleared="0" enqueued="0" dynamicThreshold="30" maxThreshold="32" />
  <references type="weak" candidates="89" cleared="22" enqueued="21" />
  <references type="phantom" candidates="28" cleared="0" enqueued="0" />
  <stringconstants candidates="16477" cleared="0"  />
</gc-op>
<gc-op id="4155" type="classunload" timems="0.822" contextid="4151" timestamp="2019-08-04T08:43:53.198">
  <classunload-info classloadercandidates="69" classloadersunloaded="0" classesunloaded="1" anonymousclassesunloaded="1" quiescems="0.000" setupms="0.809" scanms="0.009" postms="0.004" />
</gc-op>
<heap-resize id="4156" type="contract" space="default" amount="27262976" count="1" timems="0.196" reason="excess free space following gc" timestamp="2019-08-04T08:43:53.199" />
<gc-end id="4157" type="partial gc" contextid="4151" durationms="27.518" usertimems="26.407" systemtimems="33.135" timestamp="2019-08-04T08:43:53.199" activeThreads="16">
  <mem-info id="4158" free="473956352" total="507510784" percent="93">
    <mem type="eden" free="3001872" total="8388608" percent="35" />
    <pending-finalizers system="2" default="0" reference="21" classloader="0" />
    <remembered-set count="60672" freebytes="21136512" totalbytes="21379200" percent="98" regionsoverflowed="0" regionsstable="0" regionsrebuilding="0"/>
  </mem-info>
</gc-end>
<cycle-end id="4159" type="partial gc" contextid="4151" timestamp="2019-08-04T08:43:53.199">
  <attribute name="GC Util" value="116" />
  <attribute name="CPU Util" value="5095468537681" />
  <attribute name="Time Running"value="170970"/>
  <attribute name="Number of cores"value="16"/>
</cycle-end>
<exclusive-end id="4160" timestamp="2019-08-04T08:43:53.199" durationms="35.295" />

<exclusive-start id="4161" timestamp="2019-08-04T08:43:54.284" intervalms="1119.800">
  <response-info timems="7.355" idlems="3.200" threads="2" lastid="0000000000F49E00" lastname="Thread-37" />
</exclusive-start>
<allocation-taxation id="4162" taxation-threshold="134217728" timestamp="2019-08-04T08:43:54.284" intervalms="1119.313" />
<cycle-start id="4163" type="partial gc" contextid="0" timestamp="2019-08-04T08:43:54.284" intervalms="1115.307" />
  <attribute name="GC Util" value="116" />
  <attribute name="CPU Util" value="5095468537681" />
  <attribute name="Time Running"value="170970"/>
  <attribute name="Number of cores"value="16"/>
<gc-start id="4164" type="partial gc" contextid="4163" timestamp="2019-08-04T08:43:54.285">
  <mem-info id="4165" free="339738624" total="507510784" percent="66">
    <mem type="eden" free="0" total="134217728" percent="0" />
    <remembered-set count="10304" freebytes="21337984" totalbytes="21379200" percent="99" regionsoverflowed="0" regionsstable="10" regionsrebuilding="0"/>
  </mem-info>
</gc-start>
<allocation-stats totalBytes="133955248" >
  <allocated-bytes non-tlh="16392" tlh="133938856" arrayletleaf="0"/>
  <largest-consumer threadName="Thread-39" threadId="0000000000F15F00" bytes="11583976" />
</allocation-stats>
<gc-op id="4166" type="copy forward" timems="14.542" contextid="4163" timestamp="2019-08-04T08:43:54.306">
  <memory-copied type="eden" objects="8079" bytes="3145920" bytesdiscarded="818344" />
  <memory-copied type="other" objects="28338" bytes="1052744" bytesdiscarded="72696" />
  <memory-cardclean objects="788" bytes="71496" />
  <remembered-set-cleared processed="2155" cleared="725" durationms="0.110" />
  <finalization candidates="1" enqueued="0" />
  <references type="soft" candidates="25" cleared="0" enqueued="0" dynamicThreshold="29" maxThreshold="32" />
  <references type="weak" candidates="67" cleared="0" enqueued="0" />
  <references type="phantom" candidates="29" cleared="0" enqueued="0" />
  <stringconstants candidates="16477" cleared="0"  />
</gc-op>
<gc-op id="4167" type="classunload" timems="0.013" contextid="4163" timestamp="2019-08-04T08:43:54.306">
  <classunload-info classloadercandidates="69" classloadersunloaded="0" classesunloaded="0" anonymousclassesunloaded="0" quiescems="0.000" setupms="0.013" scanms="0.000" postms="0.000" />
</gc-op>
<heap-resize id="4168" type="contract" space="default" amount="27262976" count="1" timems="0.172" reason="excess free space following gc" timestamp="2019-08-04T08:43:54.306" />
<gc-end id="4169" type="partial gc" contextid="4163" durationms="21.587" usertimems="19.017" systemtimems="15.197" timestamp="2019-08-04T08:43:54.306" activeThreads="16">
  <mem-info id="4170" free="448790528" total="480247808" percent="93">
    <mem type="eden" free="229792" total="4194304" percent="5" />
    <remembered-set count="8512" freebytes="20255232" totalbytes="20289280" percent="99" regionsoverflowed="0" regionsstable="10" regionsrebuilding="0"/>
  </mem-info>
</gc-end>
<cycle-end id="4171" type="partial gc" contextid="4163" timestamp="2019-08-04T08:43:54.306">
  <attribute name="GC Util" value="102" />
  <attribute name="CPU Util" value="2925214133900" />
  <attribute name="Time Running"value="172084"/>
  <attribute name="Number of cores"value="16"/>
</cycle-end>
<exclusive-end id="4172" timestamp="2019-08-04T08:43:54.306" durationms="22.454" />

<exclusive-start id="4173" timestamp="2019-08-04T08:43:54.970" intervalms="686.163">
  <response-info timems="0.268" idlems="0.132" threads="2" lastid="0000000000F03400" lastname="Thread-42" />
</exclusive-start>
<allocation-taxation id="4174" taxation-threshold="125829120" timestamp="2019-08-04T08:43:54.971" intervalms="686.516" />
<cycle-start id="4175" type="partial gc" contextid="0" timestamp="2019-08-04T08:43:54.971" intervalms="686.386" />
  <attribute name="GC Util" value="102" />
  <attribute name="CPU Util" value="2925214133900" />
  <attribute name="Time Running"value="172084"/>
  <attribute name="Number of cores"value="16"/>
<gc-start id="4176" type="partial gc" contextid="4175" timestamp="2019-08-04T08:43:54.971">
  <mem-info id="4177" free="322961408" total="480247808" percent="67">
    <mem type="eden" free="0" total="125829120" percent="0" />
    <remembered-set count="8512" freebytes="20255232" totalbytes="20289280" percent="99" regionsoverflowed="0" regionsstable="10" regionsrebuilding="0"/>
  </mem-info>
</gc-start>
<allocation-stats totalBytes="125503192" >
  <allocated-bytes non-tlh="147496" tlh="125355696" arrayletleaf="0"/>
  <largest-consumer threadName="Thread-40" threadId="0000000000F1D700" bytes="14664432" />
</allocation-stats>
<gc-op id="4178" type="copy forward" timems="21.092" contextid="4175" timestamp="2019-08-04T08:43:54.995">
  <memory-copied type="eden" objects="8539" bytes="3510016" bytesdiscarded="775152" />
  <memory-copied type="other" objects="28359" bytes="1058424" bytesdiscarded="167632" />
  <memory-cardclean objects="575" bytes="51840" />
  <remembered-set-cleared processed="2185" cleared="722" durationms="0.104" />
  <finalization candidates="1" enqueued="0" />
  <references type="soft" candidates="25" cleared="0" enqueued="0" dynamicThreshold="29" maxThreshold="32" />
  <references type="weak" candidates="67" cleared="0" enqueued="0" />
  <references type="phantom" candidates="32" cleared="0" enqueued="0" />
  <stringconstants candidates="16477" cleared="0"  />
</gc-op>
<gc-op id="4179" type="classunload" timems="0.086" contextid="4175" timestamp="2019-08-04T08:43:54.995">
  <classunload-info classloadercandidates="69" classloadersunloaded="0" classesunloaded="0" anonymousclassesunloaded="0" quiescems="0.000" setupms="0.086" scanms="0.000" postms="0.000" />
</gc-op>
<heap-resize id="4180" type="contract" space="default" amount="25165824" count="1" timems="0.172" reason="excess free space following gc" timestamp="2019-08-04T08:43:54.996" />
<gc-end id="4181" type="partial gc" contextid="4175" durationms="24.834" usertimems="26.660" systemtimems="9.373" timestamp="2019-08-04T08:43:54.996" activeThreads="16">
  <mem-info id="4182" free="419430400" total="455081984" percent="92">
    <mem type="eden" free="2006016" total="6291456" percent="31" />
    <remembered-set count="10112" freebytes="19158912" totalbytes="19199360" percent="99" regionsoverflowed="0" regionsstable="10" regionsrebuilding="0"/>
  </mem-info>
</gc-end>
<cycle-end id="4183" type="partial gc" contextid="4175" timestamp="2019-08-04T08:43:54.996">
  <attribute name="GC Util" value="22" />
  <attribute name="CPU Util" value="4735418579840" />
  <attribute name="Time Running"value="172768"/>
  <attribute name="Number of cores"value="16"/>
</cycle-end>
<exclusive-end id="4184" timestamp="2019-08-04T08:43:54.996" durationms="26.300" />

<exclusive-start id="4185" timestamp="2019-08-04T08:43:55.348" intervalms="377.862">
  <response-info timems="7.767" idlems="7.767" threads="0" lastid="0000000000F28B00" lastname="Thread-52" />
</exclusive-start>
<allocation-taxation id="4186" taxation-threshold="119537664" timestamp="2019-08-04T08:43:55.348" intervalms="377.390" />
<cycle-start id="4187" type="partial gc" contextid="0" timestamp="2019-08-04T08:43:55.349" intervalms="378.658" />
  <attribute name="GC Util" value="22" />
  <attribute name="CPU Util" value="4735418579840" />
  <attribute name="Time Running"value="172768"/>
  <attribute name="Number of cores"value="16"/>
<gc-start id="4188" type="partial gc" contextid="4187" timestamp="2019-08-04T08:43:55.350">
  <mem-info id="4189" free="299892736" total="455081984" percent="65">
    <mem type="eden" free="0" total="119537664" percent="0" />
    <remembered-set count="9856" freebytes="19159936" totalbytes="19199360" percent="99" regionsoverflowed="0" regionsstable="10" regionsrebuilding="0"/>
  </mem-info>
</gc-start>
<allocation-stats totalBytes="119280400" >
  <allocated-bytes non-tlh="49176" tlh="119231224" arrayletleaf="0"/>
  <largest-consumer threadName="Thread-39" threadId="0000000000F15F00" bytes="12096032" />
</allocation-stats>
<gc-op id="4190" type="copy forward" timems="16.576" contextid="4187" timestamp="2019-08-04T08:43:55.369">
  <memory-copied type="eden" objects="9481" bytes="3788328" bytesdiscarded="867040" />
  <memory-copied type="other" objects="28191" bytes="1056064" bytesdiscarded="84216" />
  <memory-cardclean objects="550" bytes="50640" />
  <remembered-set-cleared processed="2219" cleared="756" durationms="0.090" />
  <finalization candidates="1" enqueued="0" />
  <references type="soft" candidates="25" cleared="0" enqueued="0" dynamicThreshold="29" maxThreshold="32" />
  <references type="weak" candidates="67" cleared="0" enqueued="0" />
  <references type="phantom" candidates="33" cleared="0" enqueued="0" />
  <stringconstants candidates="16477" cleared="0"  />
</gc-op>
<gc-op id="4191" type="classunload" timems="0.014" contextid="4187" timestamp="2019-08-04T08:43:55.369">
  <classunload-info classloadercandidates="69" classloadersunloaded="0" classesunloaded="0" anonymousclassesunloaded="0" quiescems="0.000" setupms="0.014" scanms="0.000" postms="0.000" />
</gc-op>
<heap-resize id="4192" type="contract" space="default" amount="23068672" count="1" timems="0.194" reason="insufficient time being spent in gc" timestamp="2019-08-04T08:43:55.369" />
<gc-end id="4193" type="partial gc" contextid="4187" durationms="19.760" usertimems="29.373" systemtimems="26.952" timestamp="2019-08-04T08:43:55.369" activeThreads="16">
  <mem-info id="4194" free="394264576" total="432013312" percent="91">
    <mem type="eden" free="1635792" total="6291456" percent="26" />
    <remembered-set count="9088" freebytes="18156928" totalbytes="18193280" percent="99" regionsoverflowed="0" regionsstable="10" regionsrebuilding="0"/>
  </mem-info>
</gc-end>
<cycle-end id="4195" type="partial gc" contextid="4187" timestamp="2019-08-04T08:43:55.370">
  <attribute name="GC Util" value="62" />
  <attribute name="CPU Util" value="7507578121330" />
  <attribute name="Time Running"value="173145"/>
  <attribute name="Number of cores"value="16"/>
</cycle-end>
<exclusive-end id="4196" timestamp="2019-08-04T08:43:55.370" durationms="21.988" />

<exclusive-start id="4197" timestamp="2019-08-04T08:43:55.687" intervalms="339.044">
  <response-info timems="2.467" idlems="2.467" threads="0" lastid="0000000000F3B600" lastname="Thread-49" />
</exclusive-start>
<allocation-taxation id="4198" taxation-threshold="115343360" timestamp="2019-08-04T08:43:55.687" intervalms="339.104" />
<cycle-start id="4199" type="partial gc" contextid="0" timestamp="2019-08-04T08:43:55.687" intervalms="337.999" />
  <attribute name="GC Util" value="62" />
  <attribute name="CPU Util" value="7507578121330" />
  <attribute name="Time Running"value="173145"/>
  <attribute name="Number of cores"value="16"/>
<gc-start id="4200" type="partial gc" contextid="4199" timestamp="2019-08-04T08:43:55.688">
  <mem-info id="4201" free="278921216" total="432013312" percent="64">
    <mem type="eden" free="0" total="115343360" percent="0" />
    <remembered-set count="9024" freebytes="18157184" totalbytes="18193280" percent="99" regionsoverflowed="0" regionsstable="10" regionsrebuilding="0"/>
  </mem-info>
</gc-start>
<allocation-stats totalBytes="115087672" >
  <allocated-bytes non-tlh="0" tlh="115087672" arrayletleaf="0"/>
  <largest-consumer threadName="Thread-49" threadId="0000000000F3B600" bytes="12900952" />
</allocation-stats>
<gc-op id="4202" type="copy forward" timems="15.618" contextid="4199" timestamp="2019-08-04T08:43:55.706">
  <memory-copied type="eden" objects="7448" bytes="3101400" bytesdiscarded="640528" />
  <memory-copied type="other" objects="27731" bytes="1042352" bytesdiscarded="93288" />
  <memory-cardclean objects="686" bytes="56176" />
  <remembered-set-cleared processed="2318" cleared="855" durationms="0.110" />
  <finalization candidates="1" enqueued="0" />
  <references type="soft" candidates="25" cleared="0" enqueued="0" dynamicThreshold="29" maxThreshold="32" />
  <references type="weak" candidates="68" cleared="0" enqueued="0" />
  <references type="phantom" candidates="32" cleared="0" enqueued="0" />
  <stringconstants candidates="16477" cleared="0"  />
</gc-op>
<gc-op id="4203" type="classunload" timems="0.014" contextid="4199" timestamp="2019-08-04T08:43:55.706">
  <classunload-info classloadercandidates="69" classloadersunloaded="0" classesunloaded="0" anonymousclassesunloaded="0" quiescems="0.000" setupms="0.014" scanms="0.000" postms="0.000" />
</gc-op>
<heap-resize id="4204" type="contract" space="default" amount="23068672" count="1" timems="0.215" reason="insufficient time being spent in gc" timestamp="2019-08-04T08:43:55.706" />
<gc-end id="4205" type="partial gc" contextid="4199" durationms="18.735" usertimems="44.021" systemtimems="11.053" timestamp="2019-08-04T08:43:55.706" activeThreads="16">
  <mem-info id="4206" free="371195904" total="408944640" percent="90">
    <mem type="eden" free="452088" total="4194304" percent="10" />
    <remembered-set count="10112" freebytes="17230592" totalbytes="17271040" percent="99" regionsoverflowed="0" regionsstable="10" regionsrebuilding="0"/>
  </mem-info>
</gc-end>
<cycle-end id="4207" type="partial gc" contextid="4199" timestamp="2019-08-04T08:43:55.707">
  <attribute name="GC Util" value="182" />
  <attribute name="CPU Util" value="7870348236595" />
  <attribute name="Time Running"value="173483"/>
  <attribute name="Number of cores"value="16"/>
</cycle-end>
<exclusive-end id="4208" timestamp="2019-08-04T08:43:55.707" durationms="19.684" />

<exclusive-start id="4209" timestamp="2019-08-04T08:43:56.091" intervalms="404.133">
  <response-info timems="1.448" idlems="1.448" threads="0" lastid="0000000000F0E700" lastname="Thread-48" />
</exclusive-start>
<allocation-taxation id="4210" taxation-threshold="109051904" timestamp="2019-08-04T08:43:56.091" intervalms="404.334" />
<cycle-start id="4211" type="partial gc" contextid="0" timestamp="2019-08-04T08:43:56.092" intervalms="404.354" />
  <attribute name="GC Util" value="182" />
  <attribute name="CPU Util" value="7870348236595" />
  <attribute name="Time Running"value="173483"/>
  <attribute name="Number of cores"value="16"/>
<gc-start id="4212" type="partial gc" contextid="4211" timestamp="2019-08-04T08:43:56.092">
  <mem-info id="4213" free="262144000" total="408944640" percent="64">
    <mem type="eden" free="0" total="109051904" percent="0" />
    <remembered-set count="9856" freebytes="17231616" totalbytes="17271040" percent="99" regionsoverflowed="0" regionsstable="10" regionsrebuilding="0"/>
  </mem-info>
</gc-start>
<allocation-stats totalBytes="108784528" >
  <allocated-bytes non-tlh="49168" tlh="108735360" arrayletleaf="0"/>
  <largest-consumer threadName="Thread-38" threadId="0000000000F5D600" bytes="11971000" />
</allocation-stats>
<gc-op id="4214" type="copy forward" timems="18.515" contextid="4211" timestamp="2019-08-04T08:43:56.113">
  <memory-copied type="eden" objects="8233" bytes="3462320" bytesdiscarded="556312" />
  <memory-copied type="other" objects="27511" bytes="1035672" bytesdiscarded="55736" />
  <memory-cardclean objects="701" bytes="56736" />
  <remembered-set-cleared processed="2227" cleared="759" durationms="0.353" />
  <finalization candidates="1" enqueued="0" />
  <references type="soft" candidates="25" cleared="0" enqueued="0" dynamicThreshold="29" maxThreshold="32" />
  <references type="weak" candidates="67" cleared="0" enqueued="0" />
  <references type="phantom" candidates="37" cleared="0" enqueued="0" />
  <stringconstants candidates="16477" cleared="0"  />
</gc-op>
<gc-op id="4215" type="classunload" timems="0.017" contextid="4211" timestamp="2019-08-04T08:43:56.113">
  <classunload-info classloadercandidates="69" classloadersunloaded="0" classesunloaded="0" anonymousclassesunloaded="0" quiescems="0.000" setupms="0.016" scanms="0.000" postms="0.000" />
</gc-op>
<heap-resize id="4216" type="contract" space="default" amount="20971520" count="1" timems="0.170" reason="excess free space following gc" timestamp="2019-08-04T08:43:56.114" />
<gc-end id="4217" type="partial gc" contextid="4211" durationms="21.759" usertimems="35.852" systemtimems="9.158" timestamp="2019-08-04T08:43:56.114" activeThreads="16">
  <mem-info id="4218" free="348127232" total="387973120" percent="89">
    <mem type="eden" free="175320" total="4194304" percent="4" />
    <remembered-set count="10144" freebytes="16308224" totalbytes="16348800" percent="99" regionsoverflowed="0" regionsstable="10" regionsrebuilding="0"/>
  </mem-info>
</gc-end>
<cycle-end id="4219" type="partial gc" contextid="4211" timestamp="2019-08-04T08:43:56.114">
  <attribute name="GC Util" value="43" />
  <attribute name="CPU Util" value="7786159192676" />
  <attribute name="Time Running"value="173888"/>
  <attribute name="Number of cores"value="16"/>
</cycle-end>
<exclusive-end id="4220" timestamp="2019-08-04T08:43:56.114" durationms="23.274" />

<exclusive-start id="4221" timestamp="2019-08-04T08:43:56.387" intervalms="295.536">
  <response-info timems="1.440" idlems="1.440" threads="0" lastid="0000000000F28B00" lastname="Thread-52" />
</exclusive-start>
<allocation-taxation id="4222" taxation-threshold="102760448" timestamp="2019-08-04T08:43:56.387" intervalms="295.282" />
<cycle-start id="4223" type="partial gc" contextid="0" timestamp="2019-08-04T08:43:56.387" intervalms="295.130" />
  <attribute name="GC Util" value="43" />
  <attribute name="CPU Util" value="7786159192676" />
  <attribute name="Time Running"value="173888"/>
  <attribute name="Number of cores"value="16"/>
<gc-start id="4224" type="partial gc" contextid="4223" timestamp="2019-08-04T08:43:56.387">
  <mem-info id="4225" free="245366784" total="387973120" percent="63">
    <mem type="eden" free="0" total="102760448" percent="0" />
    <remembered-set count="9856" freebytes="16309376" totalbytes="16348800" percent="99" regionsoverflowed="0" regionsstable="10" regionsrebuilding="0"/>
  </mem-info>
</gc-start>
<allocation-stats totalBytes="102660800" >
  <allocated-bytes non-tlh="32776" tlh="102628024" arrayletleaf="0"/>
  <largest-consumer threadName="Thread-51" threadId="0000000000F24F00" bytes="8315864" />
</allocation-stats>
<gc-op id="4226" type="copy forward" timems="16.830" contextid="4223" timestamp="2019-08-04T08:43:56.407">
  <memory-copied type="eden" objects="9937" bytes="3848960" bytesdiscarded="887120" />
  <memory-copied type="other" objects="27314" bytes="1028960" bytesdiscarded="79712" />
  <memory-cardclean objects="725" bytes="58520" />
  <remembered-set-cleared processed="2271" cleared="807" durationms="0.370" />
  <finalization candidates="1" enqueued="0" />
  <references type="soft" candidates="25" cleared="0" enqueued="0" dynamicThreshold="28" maxThreshold="32" />
  <references type="weak" candidates="67" cleared="0" enqueued="0" />
  <references type="phantom" candidates="26" cleared="0" enqueued="0" />
  <stringconstants candidates="16477" cleared="0"  />
</gc-op>
<gc-op id="4227" type="classunload" timems="0.017" contextid="4223" timestamp="2019-08-04T08:43:56.407">
  <classunload-info classloadercandidates="69" classloadersunloaded="0" classesunloaded="0" anonymousclassesunloaded="0" quiescems="0.000" setupms="0.017" scanms="0.000" postms="0.000" />
</gc-op>
<heap-resize id="4228" type="contract" space="default" amount="20971520" count="1" timems="0.298" reason="excess free space following gc" timestamp="2019-08-04T08:43:56.407" />
<gc-end id="4229" type="partial gc" contextid="4223" durationms="19.935" usertimems="26.812" systemtimems="26.309" timestamp="2019-08-04T08:43:56.407" activeThreads="16">
  <mem-info id="4230" free="322961408" total="367001600" percent="88">
    <mem type="eden" free="1555112" total="6291456" percent="24" />
    <remembered-set count="10112" freebytes="15469952" totalbytes="15510400" percent="99" regionsoverflowed="0" regionsstable="10" regionsrebuilding="0"/>
  </mem-info>
</gc-end>
<cycle-end id="4231" type="partial gc" contextid="4223" timestamp="2019-08-04T08:43:56.408">
  <attribute name="GC Util" value="40" />
  <attribute name="CPU Util" value="8614558867025" />
  <attribute name="Time Running"value="174182"/>
  <attribute name="Number of cores"value="16"/>
</cycle-end>
<exclusive-end id="4232" timestamp="2019-08-04T08:43:56.408" durationms="21.194" />

<exclusive-start id="4233" timestamp="2019-08-04T08:43:56.882" intervalms="495.549">
  <response-info timems="2.598" idlems="1.589" threads="4" lastid="0000000000F37A00" lastname="Thread-47" />
</exclusive-start>
<allocation-taxation id="4234" taxation-threshold="98566144" timestamp="2019-08-04T08:43:56.882" intervalms="495.655" />
<cycle-start id="4235" type="partial gc" contextid="0" timestamp="2019-08-04T08:43:56.883" intervalms="495.705" />
  <attribute name="GC Util" value="40" />
  <attribute name="CPU Util" value="8614558867025" />
  <attribute name="Time Running"value="174182"/>
  <attribute name="Number of cores"value="16"/>
<gc-start id="4236" type="partial gc" contextid="4235" timestamp="2019-08-04T08:43:56.883">
  <mem-info id="4237" free="224395264" total="367001600" percent="61">
    <mem type="eden" free="0" total="98566144" percent="0" />
    <remembered-set count="9856" freebytes="15470976" totalbytes="15510400" percent="99" regionsoverflowed="0" regionsstable="10" regionsrebuilding="0"/>
  </mem-info>
</gc-start>
<allocation-stats totalBytes="98361760" >
  <allocated-bytes non-tlh="16392" tlh="98345368" arrayletleaf="0"/>
  <largest-consumer threadName="Thread-49" threadId="0000000000F3B600" bytes="11251048" />
</allocation-stats>
<gc-op id="4238" type="copy forward" timems="12.237" contextid="4235" timestamp="2019-08-04T08:43:56.900">
  <memory-copied type="eden" objects="9806" bytes="3814384" bytesdiscarded="943584" />
  <memory-copied type="other" objects="27113" bytes="1023920" bytesdiscarded="58320" />
  <memory-cardclean objects="3612" bytes="147480" />
  <remembered-set-cleared processed="2101" cleared="870" durationms="0.279" />
  <finalization candidates="1" enqueued="0" />
  <references type="soft" candidates="25" cleared="0" enqueued="0" dynamicThreshold="28" maxThreshold="32" />
  <references type="weak" candidates="68" cleared="0" enqueued="0" />
  <references type="phantom" candidates="26" cleared="0" enqueued="0" />
  <stringconstants candidates="16477" cleared="0"  />
</gc-op>
<gc-op id="4239" type="classunload" timems="0.016" contextid="4235" timestamp="2019-08-04T08:43:56.900">
  <classunload-info classloadercandidates="69" classloadersunloaded="0" classesunloaded="0" anonymousclassesunloaded="0" quiescems="0.000" setupms="0.016" scanms="0.000" postms="0.000" />
</gc-op>
<heap-resize id="4240" type="contract" space="default" amount="18874368" count="1" timems="0.932" reason="excess free space following gc" timestamp="2019-08-04T08:43:56.901" />
<gc-end id="4241" type="partial gc" contextid="4235" durationms="17.899" usertimems="34.130" systemtimems="9.587" timestamp="2019-08-04T08:43:56.901" activeThreads="16">
  <mem-info id="4242" free="301989888" total="348127232" percent="86">
    <mem type="eden" free="1533208" total="6291456" percent="24" />
    <remembered-set count="10368" freebytes="14630528" totalbytes="14672000" percent="99" regionsoverflowed="0" regionsstable="10" regionsrebuilding="0"/>
  </mem-info>
</gc-end>
<cycle-end id="4243" type="partial gc" contextid="4235" timestamp="2019-08-04T08:43:56.901">
  <attribute name="GC Util" value="109" />
  <attribute name="CPU Util" value="4895351686422" />
  <attribute name="Time Running"value="174680"/>
  <attribute name="Number of cores"value="16"/>
</cycle-end>
<exclusive-end id="4244" timestamp="2019-08-04T08:43:56.901" durationms="19.166" />

<exclusive-start id="4245" timestamp="2019-08-04T08:43:57.003" intervalms="120.386">
  <response-info timems="1.861" idlems="1.851" threads="1" lastid="0000000000F15F00" lastname="Thread-39" />
</exclusive-start>
<allocation-taxation id="4246" taxation-threshold="94371840" timestamp="2019-08-04T08:43:57.003" intervalms="120.271" />
<cycle-start id="4247" type="partial gc" contextid="0" timestamp="2019-08-04T08:43:57.003" intervalms="120.152" />
  <attribute name="GC Util" value="109" />
  <attribute name="CPU Util" value="4895351686422" />
  <attribute name="Time Running"value="174680"/>
  <attribute name="Number of cores"value="16"/>
<gc-start id="4248" type="partial gc" contextid="4247" timestamp="2019-08-04T08:43:57.003">
  <mem-info id="4249" free="207618048" total="348127232" percent="59">
    <mem type="eden" free="0" total="94371840" percent="0" />
    <remembered-set count="10016" freebytes="14631936" totalbytes="14672000" percent="99" regionsoverflowed="0" regionsstable="10" regionsrebuilding="0"/>
  </mem-info>
</gc-start>
<allocation-stats totalBytes="94152464" >
  <allocated-bytes non-tlh="32784" tlh="94119680" arrayletleaf="0"/>
  <largest-consumer threadName="Thread-52" threadId="0000000000F28B00" bytes="11999944" />
</allocation-stats>
<gc-op id="4250" type="copy forward" timems="11.589" contextid="4247" timestamp="2019-08-04T08:43:57.018">
  <memory-copied type="eden" objects="9106" bytes="3812888" bytesdiscarded="722768" />
  <memory-copied type="other" objects="41" bytes="2376" bytesdiscarded="1024" />
  <memory-cardclean objects="18828" bytes="730672" />
  <remembered-set-cleared processed="296" cleared="103" durationms="0.493" />
  <references type="phantom" candidates="3" cleared="0" enqueued="0" />
  <stringconstants candidates="16477" cleared="0"  />
</gc-op>
<gc-op id="4251" type="classunload" timems="0.013" contextid="4247" timestamp="2019-08-04T08:43:57.018">
  <classunload-info classloadercandidates="69" classloadersunloaded="0" classesunloaded="0" anonymousclassesunloaded="0" quiescems="0.000" setupms="0.013" scanms="0.000" postms="0.000" />
</gc-op>
<heap-resize id="4252" type="contract" space="default" amount="18874368" count="1" timems="1.471" reason="excess free space following gc" timestamp="2019-08-04T08:43:57.019" />
<gc-end id="4253" type="partial gc" contextid="4247" durationms="16.246" usertimems="32.091" systemtimems="18.647" timestamp="2019-08-04T08:43:57.019" activeThreads="16">
  <mem-info id="4254" free="281018368" total="329252864" percent="85">
    <mem type="eden" free="1755520" total="6291456" percent="27" />
    <remembered-set count="8576" freebytes="13883136" totalbytes="13917440" percent="99" regionsoverflowed="0" regionsstable="10" regionsrebuilding="0"/>
  </mem-info>
</gc-end>
<cycle-end id="4255" type="partial gc" contextid="4247" timestamp="2019-08-04T08:43:57.020">
  <attribute name="GC Util" value="80" />
  <attribute name="CPU Util" value="6925724184519" />
  <attribute name="Time Running"value="174799"/>
  <attribute name="Number of cores"value="16"/>
</cycle-end>
<exclusive-end id="4256" timestamp="2019-08-04T08:43:57.020" durationms="17.322" />

<exclusive-start id="4257" timestamp="2019-08-04T08:43:57.289" intervalms="286.364">
  <response-info timems="5.374" idlems="5.374" threads="0" lastid="0000000000F28B00" lastname="Thread-52" />
</exclusive-start>
<allocation-taxation id="4258" taxation-threshold="90177536" timestamp="2019-08-04T08:43:57.290" intervalms="287.788" />
<cycle-start id="4259" type="partial gc" contextid="0" timestamp="2019-08-04T08:43:57.291" intervalms="287.849" />
  <attribute name="GC Util" value="80" />
  <attribute name="CPU Util" value="6925724184519" />
  <attribute name="Time Running"value="174799"/>
  <attribute name="Number of cores"value="16"/>
<gc-start id="4260" type="partial gc" contextid="4259" timestamp="2019-08-04T08:43:57.291">
  <mem-info id="4261" free="190840832" total="329252864" percent="57">
    <mem type="eden" free="0" total="90177536" percent="0" />
    <remembered-set count="8512" freebytes="13883392" totalbytes="13917440" percent="99" regionsoverflowed="0" regionsstable="10" regionsrebuilding="0"/>
  </mem-info>
</gc-start>
<allocation-stats totalBytes="90061136" >
  <allocated-bytes non-tlh="49168" tlh="90011968" arrayletleaf="0"/>
  <largest-consumer threadName="Thread-52" threadId="0000000000F28B00" bytes="9186896" />
</allocation-stats>
<gc-op id="4262" type="copy forward" timems="9.089" contextid="4259" timestamp="2019-08-04T08:43:57.302">
  <memory-copied type="eden" objects="9652" bytes="3838616" bytesdiscarded="1048416" />
  <memory-copied type="other" objects="26766" bytes="1015672" bytesdiscarded="57968" />
  <memory-cardclean objects="740" bytes="58808" />
  <remembered-set-cleared processed="2270" cleared="806" durationms="0.120" />
  <finalization candidates="1" enqueued="0" />
  <references type="soft" candidates="25" cleared="0" enqueued="0" dynamicThreshold="27" maxThreshold="32" />
  <references type="weak" candidates="67" cleared="0" enqueued="0" />
  <references type="phantom" candidates="29" cleared="0" enqueued="0" />
  <stringconstants candidates="16477" cleared="0"  />
</gc-op>
<gc-op id="4263" type="classunload" timems="0.017" contextid="4259" timestamp="2019-08-04T08:43:57.302">
  <classunload-info classloadercandidates="69" classloadersunloaded="0" classesunloaded="0" anonymousclassesunloaded="0" quiescems="0.000" setupms="0.017" scanms="0.000" postms="0.000" />
</gc-op>
<heap-resize id="4264" type="contract" space="default" amount="16777216" count="1" timems="0.799" reason="excess free space following gc" timestamp="2019-08-04T08:43:57.303" />
<gc-end id="4265" type="partial gc" contextid="4259" durationms="12.441" usertimems="17.690" systemtimems="14.524" timestamp="2019-08-04T08:43:57.303" activeThreads="16">
  <mem-info id="4266" free="262144000" total="312475648" percent="83">
    <mem type="eden" free="1404136" total="6291456" percent="22" />
    <remembered-set count="10048" freebytes="13122688" totalbytes="13162880" percent="99" regionsoverflowed="0" regionsstable="10" regionsrebuilding="0"/>
  </mem-info>
</gc-end>
<cycle-end id="4267" type="partial gc" contextid="4259" timestamp="2019-08-04T08:43:57.304">
  <attribute name="GC Util" value="42" />
  <attribute name="CPU Util" value="9571923287036" />
  <attribute name="Time Running"value="175086"/>
  <attribute name="Number of cores"value="16"/>
</cycle-end>
<exclusive-end id="4268" timestamp="2019-08-04T08:43:57.304" durationms="15.347" />

<exclusive-start id="4269" timestamp="2019-08-04T08:43:57.431" intervalms="141.640">
  <response-info timems="1.974" idlems="1.974" threads="0" lastid="0000000000F37A00" lastname="Thread-47" />
</exclusive-start>
<allocation-taxation id="4270" taxation-threshold="85983232" timestamp="2019-08-04T08:43:57.431" intervalms="140.232" />
<cycle-start id="4271" type="partial gc" contextid="0" timestamp="2019-08-04T08:43:57.431" intervalms="140.227" />
  <attribute name="GC Util" value="42" />
  <attribute name="CPU Util" value="9571923287036" />
  <attribute name="Time Running"value="175086"/>
  <attribute name="Number of cores"value="16"/>
<gc-start id="4272" type="partial gc" contextid="4271" timestamp="2019-08-04T08:43:57.432">
  <mem-info id="4273" free="176160768" total="312475648" percent="56">
    <mem type="eden" free="0" total="85983232" percent="0" />
    <remembered-set count="9696" freebytes="13124096" totalbytes="13162880" percent="99" regionsoverflowed="0" regionsstable="10" regionsrebuilding="0"/>
  </mem-info>
</gc-start>
<allocation-stats totalBytes="85780240" >
  <allocated-bytes non-tlh="32776" tlh="85747464" arrayletleaf="0"/>
  <largest-consumer threadName="Thread-41" threadId="0000000000F4AA00" bytes="9612800" />
</allocation-stats>
<gc-op id="4274" type="copy forward" timems="10.757" contextid="4271" timestamp="2019-08-04T08:43:57.447">
  <memory-copied type="eden" objects="10275" bytes="3960720" bytesdiscarded="780912" />
  <memory-copied type="other" objects="26602" bytes="1011240" bytesdiscarded="56208" />
  <memory-cardclean objects="750" bytes="60016" />
  <remembered-set-cleared processed="2378" cleared="913" durationms="0.346" />
  <finalization candidates="1" enqueued="0" />
  <references type="soft" candidates="25" cleared="0" enqueued="0" dynamicThreshold="26" maxThreshold="32" />
  <references type="weak" candidates="68" cleared="0" enqueued="0" />
  <references type="phantom" candidates="27" cleared="0" enqueued="0" />
  <stringconstants candidates="16477" cleared="0"  />
</gc-op>
<gc-op id="4275" type="classunload" timems="0.013" contextid="4271" timestamp="2019-08-04T08:43:57.447">
  <classunload-info classloadercandidates="69" classloadersunloaded="0" classesunloaded="0" anonymousclassesunloaded="0" quiescems="0.000" setupms="0.013" scanms="0.000" postms="0.000" />
</gc-op>
<heap-resize id="4276" type="contract" space="default" amount="16777216" count="1" timems="0.716" reason="excess free space following gc" timestamp="2019-08-04T08:43:57.448" />
<gc-end id="4277" type="partial gc" contextid="4271" durationms="16.320" usertimems="24.976" systemtimems="15.739" timestamp="2019-08-04T08:43:57.448" activeThreads="16">
  <mem-info id="4278" free="243269632" total="295698432" percent="82">
    <mem type="eden" free="1549544" total="6291456" percent="24" />
    <remembered-set count="10080" freebytes="12451840" totalbytes="12492160" percent="99" regionsoverflowed="0" regionsstable="10" regionsrebuilding="0"/>
  </mem-info>
</gc-end>
<cycle-end id="4279" type="partial gc" contextid="4271" timestamp="2019-08-04T08:43:57.448">
  <attribute name="GC Util" value="60" />
  <attribute name="CPU Util" value="7976973197247" />
  <attribute name="Time Running"value="175229"/>
  <attribute name="Number of cores"value="16"/>
</cycle-end>
<exclusive-end id="4280" timestamp="2019-08-04T08:43:57.449" durationms="17.924" />

<exclusive-start id="4281" timestamp="2019-08-04T08:43:57.610" intervalms="179.578">
  <response-info timems="1.140" idlems="1.140" threads="0" lastid="0000000000F0E700" lastname="Thread-48" />
</exclusive-start>
<allocation-taxation id="4282" taxation-threshold="81788928" timestamp="2019-08-04T08:43:57.611" intervalms="180.201" />
<cycle-start id="4283" type="partial gc" contextid="0" timestamp="2019-08-04T08:43:57.611" intervalms="180.370" />
  <attribute name="GC Util" value="60" />
  <attribute name="CPU Util" value="7976973197247" />
  <attribute name="Time Running"value="175229"/>
  <attribute name="Number of cores"value="16"/>
<gc-start id="4284" type="partial gc" contextid="4283" timestamp="2019-08-04T08:43:57.613">
  <mem-info id="4285" free="161480704" total="295698432" percent="54">
    <mem type="eden" free="0" total="81788928" percent="0" />
    <remembered-set count="9664" freebytes="12453504" totalbytes="12492160" percent="99" regionsoverflowed="0" regionsstable="10" regionsrebuilding="0"/>
  </mem-info>
</gc-start>
<allocation-stats totalBytes="81480904" >
  <allocated-bytes non-tlh="0" tlh="81480904" arrayletleaf="0"/>
  <largest-consumer threadName="Thread-49" threadId="0000000000F3B600" bytes="8249448" />
</allocation-stats>
<gc-op id="4286" type="copy forward" timems="11.912" contextid="4283" timestamp="2019-08-04T08:43:57.630">
  <memory-copied type="eden" objects="8419" bytes="3438768" bytesdiscarded="784712" />
  <memory-copied type="other" objects="26454" bytes="1007736" bytesdiscarded="59360" />
  <memory-cardclean objects="3024" bytes="142584" />
  <remembered-set-cleared processed="2179" cleared="921" durationms="0.114" />
  <finalization candidates="1" enqueued="0" />
  <references type="soft" candidates="25" cleared="0" enqueued="0" dynamicThreshold="26" maxThreshold="32" />
  <references type="weak" candidates="67" cleared="0" enqueued="0" />
  <references type="phantom" candidates="31" cleared="0" enqueued="0" />
  <stringconstants candidates="16477" cleared="0"  />
</gc-op>
<gc-op id="4287" type="classunload" timems="0.043" contextid="4283" timestamp="2019-08-04T08:43:57.630">
  <classunload-info classloadercandidates="69" classloadersunloaded="0" classesunloaded="0" anonymousclassesunloaded="0" quiescems="0.000" setupms="0.043" scanms="0.000" postms="0.000" />
</gc-op>
<heap-resize id="4288" type="contract" space="default" amount="16777216" count="1" timems="1.353" reason="excess free space following gc" timestamp="2019-08-04T08:43:57.631" />
<gc-end id="4289" type="partial gc" contextid="4283" durationms="18.411" usertimems="53.903" systemtimems="14.601" timestamp="2019-08-04T08:43:57.631" activeThreads="16">
  <mem-info id="4290" free="224395264" total="278921216" percent="80">
    <mem type="eden" free="2067680" total="6291456" percent="32" />
    <remembered-set count="10336" freebytes="11780096" totalbytes="11821440" percent="99" regionsoverflowed="0" regionsstable="10" regionsrebuilding="0"/>
  </mem-info>
</gc-end>
<cycle-end id="4291" type="partial gc" contextid="4283" timestamp="2019-08-04T08:43:57.632">
  <attribute name="GC Util" value="14" />
  <attribute name="CPU Util" value="4068486716514" />
  <attribute name="Time Running"value="175410"/>
  <attribute name="Number of cores"value="16"/>
</cycle-end>
<exclusive-end id="4292" timestamp="2019-08-04T08:43:57.632" durationms="21.741" />

<exclusive-start id="4293" timestamp="2019-08-04T08:43:57.806" intervalms="195.509">
  <response-info timems="0.626" idlems="0.626" threads="0" lastid="0000000000F61100" lastname="Thread-46" />
</exclusive-start>
<allocation-taxation id="4294" taxation-threshold="77594624" timestamp="2019-08-04T08:43:57.806" intervalms="194.874" />
<cycle-start id="4295" type="partial gc" contextid="0" timestamp="2019-08-04T08:43:57.806" intervalms="194.677" />
  <attribute name="GC Util" value="14" />
  <attribute name="CPU Util" value="4068486716514" />
  <attribute name="Time Running"value="175410"/>
  <attribute name="Number of cores"value="16"/>
<gc-start id="4296" type="partial gc" contextid="4295" timestamp="2019-08-04T08:43:57.806">
  <mem-info id="4297" free="146800640" total="278921216" percent="52">
    <mem type="eden" free="0" total="77594624" percent="0" />
    <remembered-set count="10176" freebytes="11780736" totalbytes="11821440" percent="99" regionsoverflowed="0" regionsstable="10" regionsrebuilding="0"/>
  </mem-info>
</gc-start>
<allocation-stats totalBytes="77424592" >
  <allocated-bytes non-tlh="16392" tlh="77408200" arrayletleaf="0"/>
  <largest-consumer threadName="Thread-41" threadId="0000000000F4AA00" bytes="9874680" />
</allocation-stats>
<gc-op id="4298" type="copy forward" timems="8.514" contextid="4295" timestamp="2019-08-04T08:43:57.816">
  <memory-copied type="eden" objects="8625" bytes="3596304" bytesdiscarded="749952" />
  <memory-copied type="other" objects="26308" bytes="1003840" bytesdiscarded="85624" />
  <memory-cardclean objects="2908" bytes="128296" />
  <remembered-set-cleared processed="2030" cleared="750" durationms="0.483" />
  <finalization candidates="1" enqueued="0" />
  <references type="soft" candidates="25" cleared="0" enqueued="0" dynamicThreshold="25" maxThreshold="32" />
  <references type="weak" candidates="67" cleared="0" enqueued="0" />
  <references type="phantom" candidates="31" cleared="0" enqueued="0" />
  <stringconstants candidates="16477" cleared="0"  />
</gc-op>
<gc-op id="4299" type="classunload" timems="0.017" contextid="4295" timestamp="2019-08-04T08:43:57.817">
  <classunload-info classloadercandidates="69" classloadersunloaded="0" classesunloaded="0" anonymousclassesunloaded="0" quiescems="0.000" setupms="0.016" scanms="0.000" postms="0.000" />
</gc-op>
<heap-resize id="4300" type="contract" space="default" amount="14680064" count="1" timems="0.596" reason="excess free space following gc" timestamp="2019-08-04T08:43:57.817" />
<gc-end id="4301" type="partial gc" contextid="4295" durationms="11.223" usertimems="20.234" systemtimems="1.781" timestamp="2019-08-04T08:43:57.817" activeThreads="16">
  <mem-info id="4302" free="207618048" total="264241152" percent="78">
    <mem type="eden" free="1944888" total="6291456" percent="30" />
    <remembered-set count="10400" freebytes="11109120" totalbytes="11150720" percent="99" regionsoverflowed="0" regionsstable="10" regionsrebuilding="0"/>
  </mem-info>
</gc-end>
<cycle-end id="4303" type="partial gc" contextid="4295" timestamp="2019-08-04T08:43:57.818">
  <attribute name="GC Util" value="43" />
  <attribute name="CPU Util" value="13172857360712" />
  <attribute name="Time Running"value="175601"/>
  <attribute name="Number of cores"value="16"/>
</cycle-end>
<exclusive-end id="4304" timestamp="2019-08-04T08:43:57.818" durationms="12.303" />

<exclusive-start id="4305" timestamp="2019-08-04T08:43:57.941" intervalms="135.311">
  <response-info timems="8.158" idlems="8.158" threads="0" lastid="0000000000F28B00" lastname="Thread-52" />
</exclusive-start>
<allocation-taxation id="4306" taxation-threshold="73400320" timestamp="2019-08-04T08:43:57.941" intervalms="135.714" />
<cycle-start id="4307" type="partial gc" contextid="0" timestamp="2019-08-04T08:43:57.942" intervalms="135.745" />
  <attribute name="GC Util" value="43" />
  <attribute name="CPU Util" value="13172857360712" />
  <attribute name="Time Running"value="175601"/>
  <attribute name="Number of cores"value="16"/>
<gc-start id="4308" type="partial gc" contextid="4307" timestamp="2019-08-04T08:43:57.942">
  <mem-info id="4309" free="134217728" total="264241152" percent="50">
    <mem type="eden" free="0" total="73400320" percent="0" />
    <remembered-set count="10272" freebytes="11109632" totalbytes="11150720" percent="99" regionsoverflowed="0" regionsstable="10" regionsrebuilding="0"/>
  </mem-info>
</gc-start>
<allocation-stats totalBytes="73272360" >
  <allocated-bytes non-tlh="49176" tlh="73223184" arrayletleaf="0"/>
  <largest-consumer threadName="Thread-39" threadId="0000000000F15F00" bytes="9151976" />
</allocation-stats>
<gc-op id="4310" type="copy forward" timems="8.589" contextid="4307" timestamp="2019-08-04T08:43:57.953">
  <memory-copied type="eden" objects="9705" bytes="3858360" bytesdiscarded="871520" />
  <memory-copied type="other" objects="26165" bytes="1000384" bytesdiscarded="67288" />
  <memory-cardclean objects="1120" bytes="72680" />
  <remembered-set-cleared processed="2174" cleared="758" durationms="0.121" />
  <finalization candidates="1" enqueued="0" />
  <references type="soft" candidates="25" cleared="0" enqueued="0" dynamicThreshold="25" maxThreshold="32" />
  <references type="weak" candidates="67" cleared="0" enqueued="0" />
  <references type="phantom" candidates="27" cleared="0" enqueued="0" />
  <stringconstants candidates="16477" cleared="0"  />
</gc-op>
<gc-op id="4311" type="classunload" timems="0.013" contextid="4307" timestamp="2019-08-04T08:43:57.953">
  <classunload-info classloadercandidates="69" classloadersunloaded="0" classesunloaded="0" anonymousclassesunloaded="0" quiescems="0.000" setupms="0.012" scanms="0.000" postms="0.000" />
</gc-op>
<heap-resize id="4312" type="contract" space="default" amount="14680064" count="1" timems="0.553" reason="excess free space following gc" timestamp="2019-08-04T08:43:57.953" />
<gc-end id="4313" type="partial gc" contextid="4307" durationms="11.402" usertimems="23.769" systemtimems="4.802" timestamp="2019-08-04T08:43:57.953" activeThreads="16">
  <mem-info id="4314" free="190840832" total="249561088" percent="76">
    <mem type="eden" free="1561304" total="6291456" percent="24" />
    <remembered-set count="11552" freebytes="10517632" totalbytes="10563840" percent="99" regionsoverflowed="0" regionsstable="10" regionsrebuilding="0"/>
  </mem-info>
</gc-end>
<cycle-end id="4315" type="partial gc" contextid="4307" timestamp="2019-08-04T08:43:57.954">
  <attribute name="GC Util" value="36" />
  <attribute name="CPU Util" value="11854219743019" />
  <attribute name="Time Running"value="175737"/>
  <attribute name="Number of cores"value="16"/>
</cycle-end>
<exclusive-end id="4316" timestamp="2019-08-04T08:43:57.954" durationms="12.911" />

<exclusive-start id="4317" timestamp="2019-08-04T08:43:58.108" intervalms="166.995">
  <response-info timems="0.127" idlems="0.127" threads="0" lastid="0000000000F49E00" lastname="Thread-37" />
</exclusive-start>
<allocation-taxation id="4318" taxation-threshold="69206016" timestamp="2019-08-04T08:43:58.108" intervalms="166.578" />
<cycle-start id="4319" type="partial gc" contextid="0" timestamp="2019-08-04T08:43:58.108" intervalms="166.884" />
  <attribute name="GC Util" value="36" />
  <attribute name="CPU Util" value="11854219743019" />
  <attribute name="Time Running"value="175737"/>
  <attribute name="Number of cores"value="16"/>
<gc-start id="4320" type="partial gc" contextid="4319" timestamp="2019-08-04T08:43:58.109">
  <mem-info id="4321" free="121634816" total="249561088" percent="48">
    <mem type="eden" free="0" total="69206016" percent="0" />
    <remembered-set count="11392" freebytes="10518272" totalbytes="10563840" percent="99" regionsoverflowed="0" regionsstable="10" regionsrebuilding="0"/>
  </mem-info>
</gc-start>
<allocation-stats totalBytes="68901648" >
  <allocated-bytes non-tlh="24592" tlh="68877056" arrayletleaf="0"/>
  <largest-consumer threadName="Thread-40" threadId="0000000000F1D700" bytes="7290904" />
</allocation-stats>
<gc-op id="4322" type="copy forward" timems="18.895" contextid="4319" timestamp="2019-08-04T08:43:58.130">
  <memory-copied type="eden" objects="8539" bytes="3580424" bytesdiscarded="580696" />
  <memory-copied type="other" objects="26054" bytes="997800" bytesdiscarded="62400" />
  <memory-cardclean objects="1093" bytes="72120" />
  <remembered-set-cleared processed="2318" cleared="887" durationms="0.496" />
  <finalization candidates="1" enqueued="0" />
  <references type="soft" candidates="25" cleared="0" enqueued="0" dynamicThreshold="24" maxThreshold="32" />
  <references type="weak" candidates="67" cleared="0" enqueued="0" />
  <references type="phantom" candidates="29" cleared="0" enqueued="0" />
  <stringconstants candidates="16477" cleared="0"  />
</gc-op>
<gc-op id="4323" type="classunload" timems="0.014" contextid="4319" timestamp="2019-08-04T08:43:58.130">
  <classunload-info classloadercandidates="69" classloadersunloaded="0" classesunloaded="0" anonymousclassesunloaded="0" quiescems="0.000" setupms="0.014" scanms="0.000" postms="0.000" />
</gc-op>
<heap-resize id="4324" type="contract" space="default" amount="12582912" count="1" timems="0.550" reason="excess free space following gc" timestamp="2019-08-04T08:43:58.131" />
<gc-end id="4325" type="partial gc" contextid="4319" durationms="21.927" usertimems="38.029" systemtimems="6.865" timestamp="2019-08-04T08:43:58.131" activeThreads="16">
  <mem-info id="4326" free="178257920" total="236978176" percent="75">
    <mem type="eden" free="32888" total="4194304" percent="0" />
    <remembered-set count="9056" freebytes="9940736" totalbytes="9976960" percent="99" regionsoverflowed="0" regionsstable="10" regionsrebuilding="0"/>
  </mem-info>
</gc-end>
<cycle-end id="4327" type="partial gc" contextid="4319" timestamp="2019-08-04T08:43:58.131">
  <attribute name="GC Util" value="39" />
  <attribute name="CPU Util" value="10539098692910" />
  <attribute name="Time Running"value="175904"/>
  <attribute name="Number of cores"value="16"/>
</cycle-end>
<exclusive-end id="4328" timestamp="2019-08-04T08:43:58.131" durationms="23.301" />

<exclusive-start id="4329" timestamp="2019-08-04T08:43:58.286" intervalms="177.512">
  <response-info timems="1.021" idlems="1.021" threads="0" lastid="0000000000F15F00" lastname="Thread-39" />
</exclusive-start>
<allocation-taxation id="4330" taxation-threshold="67108864" timestamp="2019-08-04T08:43:58.286" intervalms="177.521" />
<cycle-start id="4331" type="partial gc" contextid="0" timestamp="2019-08-04T08:43:58.286" intervalms="177.205" />
  <attribute name="GC Util" value="39" />
  <attribute name="CPU Util" value="10539098692910" />
  <attribute name="Time Running"value="175904"/>
  <attribute name="Number of cores"value="16"/>
<gc-start id="4332" type="partial gc" contextid="4331" timestamp="2019-08-04T08:43:58.286">
  <mem-info id="4333" free="111149056" total="236978176" percent="46">
    <mem type="eden" free="0" total="67108864" percent="0" />
    <remembered-set count="8992" freebytes="9940992" totalbytes="9976960" percent="99" regionsoverflowed="0" regionsstable="10" regionsrebuilding="0"/>
  </mem-info>
</gc-start>
<allocation-stats totalBytes="66874152" >
  <allocated-bytes non-tlh="24592" tlh="66849560" arrayletleaf="0"/>
  <largest-consumer threadName="Thread-49" threadId="0000000000F3B600" bytes="6840792" />
</allocation-stats>
<gc-op id="4334" type="copy forward" timems="6.842" contextid="4331" timestamp="2019-08-04T08:43:58.297">
  <memory-copied type="eden" objects="9774" bytes="3948248" bytesdiscarded="616576" />
  <memory-copied type="other" objects="32" bytes="1408" bytesdiscarded="0" />
  <memory-cardclean objects="7176" bytes="265704" />
  <remembered-set-cleared processed="2376" cleared="873" durationms="0.142" />
  <references type="phantom" candidates="4" cleared="0" enqueued="0" />
  <stringconstants candidates="16477" cleared="0"  />
</gc-op>
<gc-op id="4335" type="classunload" timems="0.013" contextid="4331" timestamp="2019-08-04T08:43:58.297">
  <classunload-info classloadercandidates="69" classloadersunloaded="0" classesunloaded="0" anonymousclassesunloaded="0" quiescems="0.000" setupms="0.013" scanms="0.000" postms="0.000" />
</gc-op>
<heap-resize id="4336" type="contract" space="default" amount="12582912" count="1" timems="0.481" reason="excess free space following gc" timestamp="2019-08-04T08:43:58.298" />
<gc-end id="4337" type="partial gc" contextid="4331" durationms="12.040" usertimems="15.976" systemtimems="6.286" timestamp="2019-08-04T08:43:58.298" activeThreads="16">
  <mem-info id="4338" free="161480704" total="224395264" percent="71">
    <mem type="eden" free="1726344" total="6291456" percent="27" />
    <remembered-set count="10176" freebytes="9433216" totalbytes="9473920" percent="99" regionsoverflowed="0" regionsstable="10" regionsrebuilding="0"/>
  </mem-info>
</gc-end>
<cycle-end id="4339" type="partial gc" contextid="4331" timestamp="2019-08-04T08:43:58.298">
  <attribute name="GC Util" value="69" />
  <attribute name="CPU Util" value="5298819296623" />
  <attribute name="Time Running"value="176083"/>
  <attribute name="Number of cores"value="16"/>
</cycle-end>
<exclusive-end id="4340" timestamp="2019-08-04T08:43:58.298" durationms="12.859" />

<exclusive-start id="4341" timestamp="2019-08-04T08:43:58.384" intervalms="98.329">
  <response-info timems="0.423" idlems="0.423" threads="0" lastid="0000000000F49E00" lastname="Thread-37" />
</exclusive-start>
<allocation-taxation id="4342" taxation-threshold="31457280" timestamp="2019-08-04T08:43:58.384" intervalms="98.325" />
<cycle-start id="4343" type="global mark phase" contextid="0" timestamp="2019-08-04T08:43:58.384" intervalms="15555.034" />
  <attribute name="GC Util" value="69" />
  <attribute name="CPU Util" value="5298819296623" />
  <attribute name="Time Running"value="176083"/>
  <attribute name="Number of cores"value="16"/>
<gc-start id="4344" type="global mark phase" contextid="4343" timestamp="2019-08-04T08:43:58.384">
  <mem-info id="4345" free="130023424" total="224395264" percent="57">
    <remembered-set count="10176" freebytes="9433216" totalbytes="9473920" percent="99" regionsoverflowed="0" regionsstable="10" regionsrebuilding="0"/>
  </mem-info>
</gc-start>
<gc-op id="4346" type="mark increment" timems="4.269" contextid="4343" timestamp="2019-08-04T08:43:58.390">
  <trace-info objectcount="20953" scancount="8515" scanbytes="641600" />
</gc-op>
<gc-end id="4347" type="global mark phase" contextid="4343" durationms="5.821" usertimems="19.431" systemtimems="0.225" timestamp="2019-08-04T08:43:58.390" activeThreads="16">
  <mem-info id="4348" free="130023424" total="224395264" percent="57">
    <remembered-set count="13760" freebytes="9418880" totalbytes="9473920" percent="99" regionsoverflowed="0" regionsstable="0" regionsrebuilding="10"/>
  </mem-info>
</gc-end>
<concurrent-start id="4349" type="GMP work packet processing" contextid="4343" timestamp="2019-08-04T08:43:58.390">
  <concurrent-mark-start scanTarget="9306791" />
</concurrent-start>
<exclusive-end id="4350" timestamp="2019-08-04T08:43:58.390" durationms="6.604" />

<concurrent-end id="4351" type="GMP work packet processing" contextid="4343" timestamp="2019-08-04T08:43:58.422">
  <concurrent-mark-end bytesScanned="9509452" reasonForTermination="Work target met" />
</concurrent-end>

<exclusive-start id="4352" timestamp="2019-08-04T08:43:58.425" intervalms="41.593">
  <response-info timems="3.912" idlems="1.977" threads="1" lastid="0000000000C2B300" lastname="JIT Compilation Thread-2" />
</exclusive-start>
<allocation-taxation id="4353" taxation-threshold="31457280" timestamp="2019-08-04T08:43:58.426" intervalms="41.764" />
<cycle-start id="4354" type="partial gc" contextid="0" timestamp="2019-08-04T08:43:58.426" intervalms="140.112" />
  <attribute name="GC Util" value="223" />
  <attribute name="CPU Util" value="6668161703701" />
  <attribute name="Time Running"value="176183"/>
  <attribute name="Number of cores"value="16"/>
<gc-start id="4355" type="partial gc" contextid="4354" timestamp="2019-08-04T08:43:58.426">
  <mem-info id="4356" free="98566144" total="224395264" percent="43">
    <mem type="eden" free="0" total="62914560" percent="0" />
    <remembered-set count="71328" freebytes="9188608" totalbytes="9473920" percent="96" regionsoverflowed="0" regionsstable="0" regionsrebuilding="10"/>
  </mem-info>
</gc-start>
<allocation-stats totalBytes="62445464" >
  <allocated-bytes non-tlh="16400" tlh="62429064" arrayletleaf="0"/>
  <largest-consumer threadName="Thread-46" threadId="0000000000F61100" bytes="5187368" />
</allocation-stats>
<gc-op id="4357" type="copy forward" timems="22.999" contextid="4354" timestamp="2019-08-04T08:43:58.453">
  <memory-copied type="eden" objects="10197" bytes="4009664" bytesdiscarded="615096" />
  <memory-copied type="other" objects="25802" bytes="991888" bytesdiscarded="80312" />
  <memory-cardclean objects="93391" bytes="3183792" />
  <remembered-set-cleared processed="38234" cleared="13517" durationms="0.332" />
  <finalization candidates="1" enqueued="0" />
  <references type="soft" candidates="25" cleared="0" enqueued="0" dynamicThreshold="18" maxThreshold="32" />
  <references type="weak" candidates="67" cleared="0" enqueued="0" />
  <references type="phantom" candidates="26" cleared="0" enqueued="0" />
  <stringconstants candidates="16477" cleared="0"  />
</gc-op>
<gc-op id="4358" type="classunload" timems="0.015" contextid="4354" timestamp="2019-08-04T08:43:58.453">
  <classunload-info classloadercandidates="69" classloadersunloaded="0" classesunloaded="0" anonymousclassesunloaded="0" quiescems="0.000" setupms="0.015" scanms="0.000" postms="0.000" />
</gc-op>
<heap-resize id="4359" type="contract" space="default" amount="12582912" count="1" timems="0.465" reason="excess free space following gc" timestamp="2019-08-04T08:43:58.453" />
<gc-end id="4360" type="partial gc" contextid="4354" durationms="27.219" usertimems="46.506" systemtimems="12.879" timestamp="2019-08-04T08:43:58.453" activeThreads="16">
  <mem-info id="4361" free="146800640" total="211812352" percent="69">
    <mem type="eden" free="1666432" total="6291456" percent="26" />
    <remembered-set count="53472" freebytes="8756992" totalbytes="8970880" percent="97" regionsoverflowed="0" regionsstable="0" regionsrebuilding="10"/>
  </mem-info>
</gc-end>
<cycle-end id="4362" type="partial gc" contextid="4354" timestamp="2019-08-04T08:43:58.453">
  <attribute name="GC Util" value="49" />
  <attribute name="CPU Util" value="6813697070275" />
  <attribute name="Time Running"value="176222"/>
  <attribute name="Number of cores"value="16"/>
</cycle-end>
<exclusive-end id="4363" timestamp="2019-08-04T08:43:58.454" durationms="28.218" />

<exclusive-start id="4364" timestamp="2019-08-04T08:43:58.512" intervalms="86.418">
  <response-info timems="2.767" idlems="2.753" threads="1" lastid="0000000000F3B600" lastname="Thread-49" />
</exclusive-start>
<allocation-taxation id="4365" taxation-threshold="29360128" timestamp="2019-08-04T08:43:58.512" intervalms="86.349" />
<gc-start id="4366" type="global mark phase" contextid="4343" timestamp="2019-08-04T08:43:58.512">
  <mem-info id="4367" free="117440512" total="211812352" percent="55">
    <remembered-set count="53152" freebytes="8758272" totalbytes="8970880" percent="97" regionsoverflowed="0" regionsstable="0" regionsrebuilding="10"/>
  </mem-info>
</gc-start>
<gc-end id="4368" type="global mark phase" contextid="4343" durationms="0.240" usertimems="0.145" systemtimems="0.431" timestamp="2019-08-04T08:43:58.512" activeThreads="16">
  <mem-info id="4369" free="117440512" total="211812352" percent="55">
    <remembered-set count="53152" freebytes="8758272" totalbytes="8970880" percent="97" regionsoverflowed="0" regionsstable="0" regionsrebuilding="10"/>
  </mem-info>
</gc-end>
<concurrent-start id="4370" type="GMP work packet processing" contextid="4343" timestamp="2019-08-04T08:43:58.516">
  <concurrent-mark-start scanTarget="12409055" />
</concurrent-start>
<exclusive-end id="4371" timestamp="2019-08-04T08:43:58.518" durationms="6.131" />

<concurrent-end id="4372" type="GMP work packet processing" contextid="4343" timestamp="2019-08-04T08:43:58.577">
  <concurrent-mark-end bytesScanned="6697456" reasonForTermination="Completed all work in GC phase" />
</concurrent-end>

<exclusive-start id="4373" timestamp="2019-08-04T08:43:58.582" intervalms="69.720">
  <response-info timems="2.094" idlems="2.094" threads="0" lastid="0000000000F19B00" lastname="Thread-44" />
</exclusive-start>
<allocation-taxation id="4374" taxation-threshold="29360128" timestamp="2019-08-04T08:43:58.582" intervalms="69.641" />
<cycle-start id="4375" type="partial gc" contextid="0" timestamp="2019-08-04T08:43:58.582" intervalms="156.019" />
  <attribute name="GC Util" value="68" />
  <attribute name="CPU Util" value="214455830998" />
  <attribute name="Time Running"value="176308"/>
  <attribute name="Number of cores"value="16"/>
<gc-start id="4376" type="partial gc" contextid="4375" timestamp="2019-08-04T08:43:58.582">
  <mem-info id="4377" free="88080384" total="211812352" percent="41">
    <mem type="eden" free="0" total="58720256" percent="0" />
    <remembered-set count="112768" freebytes="8519808" totalbytes="8970880" percent="94" regionsoverflowed="0" regionsstable="0" regionsrebuilding="10"/>
  </mem-info>
</gc-start>
<allocation-stats totalBytes="58394960" >
  <allocated-bytes non-tlh="49168" tlh="58345792" arrayletleaf="0"/>
  <largest-consumer threadName="Thread-51" threadId="0000000000F24F00" bytes="4188792" />
</allocation-stats>
<gc-op id="4378" type="copy forward" timems="21.644" contextid="4375" timestamp="2019-08-04T08:43:58.607">
  <memory-copied type="eden" objects="10040" bytes="3993512" bytesdiscarded="762968" />
  <memory-copied type="other" objects="25686" bytes="988704" bytesdiscarded="83752" />
  <memory-cardclean objects="26799" bytes="1148176" />
  <remembered-set-cleared processed="99109" cleared="13550" durationms="1.681" />
  <finalization candidates="1" enqueued="0" />
  <references type="soft" candidates="25" cleared="0" enqueued="0" dynamicThreshold="17" maxThreshold="32" />
  <references type="weak" candidates="67" cleared="0" enqueued="0" />
  <references type="phantom" candidates="30" cleared="0" enqueued="0" />
  <stringconstants candidates="16477" cleared="0"  />
</gc-op>
<gc-op id="4379" type="classunload" timems="0.016" contextid="4375" timestamp="2019-08-04T08:43:58.607">
  <classunload-info classloadercandidates="69" classloadersunloaded="0" classesunloaded="0" anonymousclassesunloaded="0" quiescems="0.000" setupms="0.015" scanms="0.000" postms="0.000" />
</gc-op>
<heap-resize id="4380" type="contract" space="default" amount="12582912" count="1" timems="0.584" reason="excess free space following gc" timestamp="2019-08-04T08:43:58.607" />
<gc-end id="4381" type="partial gc" contextid="4375" durationms="25.180" usertimems="41.483" systemtimems="16.403" timestamp="2019-08-04T08:43:58.607" activeThreads="16">
  <mem-info id="4382" free="132120576" total="199229440" percent="66">
    <mem type="eden" free="1534680" total="6291456" percent="24" />
    <remembered-set count="105344" freebytes="8046464" totalbytes="8467840" percent="95" regionsoverflowed="0" regionsstable="0" regionsrebuilding="10"/>
  </mem-info>
</gc-end>
<cycle-end id="4383" type="partial gc" contextid="4375" timestamp="2019-08-04T08:43:58.607">
  <attribute name="GC Util" value="40" />
  <attribute name="CPU Util" value="7829294841772" />
  <attribute name="Time Running"value="176378"/>
  <attribute name="Number of cores"value="16"/>
</cycle-end>
<exclusive-end id="4384" timestamp="2019-08-04T08:43:58.608" durationms="26.011" />

<exclusive-start id="4385" timestamp="2019-08-04T08:43:58.628" intervalms="46.776">
  <response-info timems="1.553" idlems="1.329" threads="1" lastid="0000000000F24F00" lastname="Thread-51" />
</exclusive-start>
<allocation-taxation id="4386" taxation-threshold="27262976" timestamp="2019-08-04T08:43:58.628" intervalms="46.773" />
<gc-start id="4387" type="global mark phase" contextid="4343" timestamp="2019-08-04T08:43:58.629">
  <mem-info id="4388" free="104857600" total="199229440" percent="52">
    <remembered-set count="105184" freebytes="8047104" totalbytes="8467840" percent="95" regionsoverflowed="0" regionsstable="0" regionsrebuilding="10"/>
  </mem-info>
</gc-start>
<gc-op id="4389" type="mark increment" timems="17.037" contextid="4343" timestamp="2019-08-04T08:43:58.646">
  <trace-info objectcount="9177" scancount="7489" scanbytes="1920836" />
  <cardclean-info objects="165665" bytes="4982392" />
  <finalization candidates="154" enqueued="0" />
  <ownableSynchronizers candidates="23" cleared="0" />
  <references type="soft" candidates="4037" cleared="0" enqueued="0" dynamicThreshold="21" maxThreshold="32" />
  <references type="weak" candidates="6328" cleared="0" enqueued="0" />
  <references type="phantom" candidates="343" cleared="0" enqueued="0" />
  <stringconstants candidates="16477" cleared="0"  />
</gc-op>
<gc-op id="4390" type="classunload" timems="0.015" contextid="4343" timestamp="2019-08-04T08:43:58.646">
  <classunload-info classloadercandidates="69" classloadersunloaded="0" classesunloaded="0" anonymousclassesunloaded="0" quiescems="0.000" setupms="0.015" scanms="0.000" postms="0.000" />
</gc-op>
<gc-end id="4391" type="global mark phase" contextid="4343" durationms="17.175" usertimems="72.961" systemtimems="2.371" timestamp="2019-08-04T08:43:58.646" activeThreads="16">
  <mem-info id="4392" free="104857600" total="199229440" percent="52">
    <remembered-set count="127200" freebytes="7959040" totalbytes="8467840" percent="93" regionsoverflowed="0" regionsstable="0" regionsrebuilding="0"/>
  </mem-info>
</gc-end>
<cycle-end id="4393" type="global mark phase" contextid="4343" timestamp="2019-08-04T08:43:58.646">
  <attribute name="GC Util" value="215" />
  <attribute name="CPU Util" value="4448814524945" />
  <attribute name="Time Running"value="176432"/>
  <attribute name="Number of cores"value="16"/>
</cycle-end>
<exclusive-end id="4394" timestamp="2019-08-04T08:43:58.646" durationms="17.618" />

<exclusive-start id="4395" timestamp="2019-08-04T08:43:58.676" intervalms="48.081">
  <response-info timems="1.364" idlems="0.775" threads="4" lastid="0000000000F59A00" lastname="Thread-43" />
</exclusive-start>
<allocation-taxation id="4396" taxation-threshold="27262976" timestamp="2019-08-04T08:43:58.677" intervalms="48.112" />
<cycle-start id="4397" type="partial gc" contextid="0" timestamp="2019-08-04T08:43:58.677" intervalms="94.884" />
  <attribute name="GC Util" value="215" />
  <attribute name="CPU Util" value="4448814524945" />
  <attribute name="Time Running"value="176432"/>
  <attribute name="Number of cores"value="16"/>
<gc-start id="4398" type="partial gc" contextid="4397" timestamp="2019-08-04T08:43:58.677">
  <mem-info id="4399" free="77594624" total="199229440" percent="38">
    <mem type="eden" free="0" total="54525952" percent="0" />
    <remembered-set count="10496" freebytes="8425856" totalbytes="8467840" percent="99" regionsoverflowed="0" regionsstable="10" regionsrebuilding="0"/>
  </mem-info>
</gc-start>
<allocation-stats totalBytes="54110688" >
  <allocated-bytes non-tlh="49168" tlh="54061520" arrayletleaf="0"/>
  <largest-consumer threadName="Thread-50" threadId="0000000000F64D00" bytes="4238704" />
</allocation-stats>
<gc-op id="4400" type="sweep" timems="2.048" contextid="4397" timestamp="2019-08-04T08:43:58.679" />
<gc-op id="4401" type="copy forward" timems="19.858" contextid="4397" timestamp="2019-08-04T08:43:58.701">
  <memory-copied type="eden" objects="6654" bytes="2724624" bytesdiscarded="365512" />
  <memory-copied type="other" objects="1658" bytes="651280" bytesdiscarded="81072" />
  <memory-cardclean objects="4047" bytes="174128" />
  <remembered-set-cleared processed="2783" cleared="994" durationms="0.123" />
  <references type="weak" candidates="1" cleared="0" enqueued="0" />
  <references type="phantom" candidates="6" cleared="0" enqueued="0" />
  <stringconstants candidates="16477" cleared="0"  />
</gc-op>
<gc-op id="4402" type="classunload" timems="0.015" contextid="4397" timestamp="2019-08-04T08:43:58.701">
  <classunload-info classloadercandidates="69" classloadersunloaded="0" classesunloaded="0" anonymousclassesunloaded="0" quiescems="0.000" setupms="0.015" scanms="0.000" postms="0.000" />
</gc-op>
<heap-resize id="4403" type="contract" space="default" amount="10485760" count="1" timems="1.320" reason="excess free space following gc" timestamp="2019-08-04T08:43:58.703" />
<gc-end id="4404" type="partial gc" contextid="4397" durationms="25.733" usertimems="72.562" systemtimems="26.727" timestamp="2019-08-04T08:43:58.703" activeThreads="16">
  <mem-info id="4405" free="121634816" total="188743680" percent="64">
    <mem type="eden" free="372536" total="4194304" percent="8" />
    <remembered-set count="7680" freebytes="7934080" totalbytes="7964800" percent="99" regionsoverflowed="0" regionsstable="10" regionsrebuilding="0"/>
  </mem-info>
</gc-end>
<cycle-end id="4406" type="partial gc" contextid="4397" timestamp="2019-08-04T08:43:58.703">
  <attribute name="GC Util" value="45" />
  <attribute name="CPU Util" value="11095804981746" />
  <attribute name="Time Running"value="176474"/>
  <attribute name="Number of cores"value="16"/>
</cycle-end>
<exclusive-end id="4407" timestamp="2019-08-04T08:43:58.703" durationms="26.632" />

<exclusive-start id="4408" timestamp="2019-08-04T08:43:58.725" intervalms="48.900">
  <response-info timems="2.768" idlems="2.768" threads="0" lastid="0000000000F61100" lastname="Thread-46" />
</exclusive-start>
<allocation-taxation id="4409" taxation-threshold="27262976" timestamp="2019-08-04T08:43:58.725" intervalms="48.898" />
<cycle-start id="4410" type="global mark phase" contextid="0" timestamp="2019-08-04T08:43:58.726" intervalms="341.568" />
  <attribute name="GC Util" value="45" />
  <attribute name="CPU Util" value="11095804981746" />
  <attribute name="Time Running"value="176474"/>
  <attribute name="Number of cores"value="16"/>
<gc-start id="4411" type="global mark phase" contextid="4410" timestamp="2019-08-04T08:43:58.726">
  <mem-info id="4412" free="94371840" total="188743680" percent="50">
    <remembered-set count="7488" freebytes="7934848" totalbytes="7964800" percent="99" regionsoverflowed="0" regionsstable="10" regionsrebuilding="0"/>
  </mem-info>
</gc-start>
<gc-op id="4413" type="mark increment" timems="7.553" contextid="4410" timestamp="2019-08-04T08:43:58.733">
  <trace-info objectcount="647" scancount="0" scanbytes="0" />
</gc-op>
<gc-end id="4414" type="global mark phase" contextid="4410" durationms="7.766" usertimems="29.648" systemtimems="0.557" timestamp="2019-08-04T08:43:58.733" activeThreads="16">
  <mem-info id="4415" free="94371840" total="188743680" percent="50">
    <remembered-set count="7488" freebytes="7934848" totalbytes="7964800" percent="99" regionsoverflowed="0" regionsstable="0" regionsrebuilding="10"/>
  </mem-info>
</gc-end>
<concurrent-start id="4416" type="GMP work packet processing" contextid="4410" timestamp="2019-08-04T08:43:58.733">
  <concurrent-mark-start scanTarget="16066273" />
</concurrent-start>
<exclusive-end id="4417" timestamp="2019-08-04T08:43:58.734" durationms="8.171" />

<exclusive-start id="4418" timestamp="2019-08-04T08:43:58.811" intervalms="86.009">
  <response-info timems="25.180" idlems="25.180" threads="0" lastid="0000000000F61100" lastname="Thread-46" />
</exclusive-start>
<allocation-taxation id="4419" taxation-threshold="27262976" timestamp="2019-08-04T08:43:58.816" intervalms="89.096" />
<concurrent-end id="4420" type="GMP work packet processing" contextid="4410" timestamp="2019-08-04T08:43:58.819">
  <concurrent-mark-end bytesScanned="16256176" reasonForTermination="Work target met and termination requested" />
</concurrent-end>

<cycle-start id="4421" type="partial gc" contextid="0" timestamp="2019-08-04T08:43:58.819" intervalms="142.650" />
  <attribute name="GC Util" value="240" />
  <attribute name="CPU Util" value="10423136833177" />
  <attribute name="Time Running"value="176526"/>
  <attribute name="Number of cores"value="16"/>
<gc-start id="4422" type="partial gc" contextid="4421" timestamp="2019-08-04T08:43:58.820">
  <mem-info id="4423" free="67108864" total="188743680" percent="35">
    <mem type="eden" free="0" total="54525952" percent="0" />
    <remembered-set count="126720" freebytes="7457920" totalbytes="7964800" percent="93" regionsoverflowed="0" regionsstable="0" regionsrebuilding="10"/>
  </mem-info>
</gc-start>
<allocation-stats totalBytes="54156504" >
  <allocated-bytes non-tlh="32776" tlh="54123728" arrayletleaf="0"/>
  <largest-consumer threadName="Thread-52" threadId="0000000000F28B00" bytes="5109512" />
</allocation-stats>
<gc-op id="4424" type="copy forward" timems="16.031" contextid="4421" timestamp="2019-08-04T08:43:58.837">
  <memory-copied type="eden" objects="10402" bytes="4121496" bytesdiscarded="474112" />
  <memory-copied type="other" objects="13" bytes="544" bytesdiscarded="0" />
  <memory-cardclean objects="3135" bytes="145744" />
  <remembered-set-cleared processed="117185" cleared="2097" durationms="0.402" />
  <references type="weak" candidates="1" cleared="0" enqueued="0" />
  <references type="phantom" candidates="4" cleared="0" enqueued="0" />
  <stringconstants candidates="16477" cleared="0"  />
</gc-op>
<gc-op id="4425" type="classunload" timems="0.013" contextid="4421" timestamp="2019-08-04T08:43:58.837">
  <classunload-info classloadercandidates="69" classloadersunloaded="0" classesunloaded="0" anonymousclassesunloaded="0" quiescems="0.000" setupms="0.013" scanms="0.000" postms="0.000" />
</gc-op>
<gc-end id="4426" type="partial gc" contextid="4421" durationms="17.797" usertimems="23.784" systemtimems="17.172" timestamp="2019-08-04T08:43:58.837" activeThreads="16">
  <mem-info id="4427" free="115343360" total="188743680" percent="61">
    <mem type="eden" free="3792720" total="8388608" percent="45" />
    <remembered-set count="127776" freebytes="7034496" totalbytes="7545600" percent="93" regionsoverflowed="0" regionsstable="0" regionsrebuilding="10"/>
  </mem-info>
</gc-end>
<cycle-end id="4428" type="partial gc" contextid="4421" timestamp="2019-08-04T08:43:58.838">
  <attribute name="GC Util" value="118" />
  <attribute name="CPU Util" value="15102442501002" />
  <attribute name="Time Running"value="176614"/>
  <attribute name="Number of cores"value="16"/>
</cycle-end>
<exclusive-end id="4429" timestamp="2019-08-04T08:43:58.838" durationms="26.409" />

<exclusive-start id="4430" timestamp="2019-08-04T08:43:58.865" intervalms="53.339">
  <response-info timems="2.232" idlems="1.119" threads="1" lastid="0000000000F64D00" lastname="Thread-50" />
</exclusive-start>
<allocation-taxation id="4431" taxation-threshold="27262976" timestamp="2019-08-04T08:43:58.865" intervalms="50.267" />
<gc-start id="4432" type="global mark phase" contextid="4410" timestamp="2019-08-04T08:43:58.865">
  <mem-info id="4433" free="88080384" total="188743680" percent="46">
    <remembered-set count="127424" freebytes="7035904" totalbytes="7545600" percent="93" regionsoverflowed="0" regionsstable="0" regionsrebuilding="10"/>
  </mem-info>
</gc-start>
<gc-end id="4434" type="global mark phase" contextid="4410" durationms="0.098" usertimems="0.019" systemtimems="0.014" timestamp="2019-08-04T08:43:58.865" activeThreads="16">
  <mem-info id="4435" free="88080384" total="188743680" percent="46">
    <remembered-set count="127424" freebytes="7035904" totalbytes="7545600" percent="93" regionsoverflowed="0" regionsstable="0" regionsrebuilding="10"/>
  </mem-info>
</gc-end>
<concurrent-start id="4436" type="GMP work packet processing" contextid="4410" timestamp="2019-08-04T08:43:58.865">
  <concurrent-mark-start scanTarget="16066273" />
</concurrent-start>
<exclusive-end id="4437" timestamp="2019-08-04T08:43:58.865" durationms="0.706" />

<concurrent-end id="4438" type="GMP work packet processing" contextid="4410" timestamp="2019-08-04T08:43:58.898">
  <concurrent-mark-end bytesScanned="728792" reasonForTermination="Completed all work in GC phase" />
</concurrent-end>

<exclusive-start id="4439" timestamp="2019-08-04T08:43:58.932" intervalms="67.367">
  <response-info timems="1.445" idlems="1.445" threads="0" lastid="0000000000F4AA00" lastname="Thread-41" />
</exclusive-start>
<allocation-taxation id="4440" taxation-threshold="27262976" timestamp="2019-08-04T08:43:58.932" intervalms="67.314" />
<cycle-start id="4441" type="partial gc" contextid="0" timestamp="2019-08-04T08:43:58.932" intervalms="113.122" />
  <attribute name="GC Util" value="87" />
  <attribute name="CPU Util" value="418170106321" />
  <attribute name="Time Running"value="176658"/>
  <attribute name="Number of cores"value="16"/>
<gc-start id="4442" type="partial gc" contextid="4441" timestamp="2019-08-04T08:43:58.933">
  <mem-info id="4443" free="60817408" total="188743680" percent="32">
    <mem type="eden" free="0" total="54525952" percent="0" />
    <remembered-set count="133472" freebytes="7011712" totalbytes="7545600" percent="92" regionsoverflowed="0" regionsstable="0" regionsrebuilding="10"/>
  </mem-info>
</gc-start>
<allocation-stats totalBytes="54229504" >
  <allocated-bytes non-tlh="90144" tlh="54139360" arrayletleaf="0"/>
  <largest-consumer threadName="Thread-39" threadId="0000000000F15F00" bytes="3497304" />
</allocation-stats>
<gc-op id="4444" type="copy forward" timems="9.563" contextid="4441" timestamp="2019-08-04T08:43:58.943">
  <memory-copied type="eden" objects="10192" bytes="4108160" bytesdiscarded="925536" />
  <memory-copied type="other" objects="16" bytes="1248" bytesdiscarded="0" />
  <memory-cardclean objects="3124" bytes="144712" />
  <remembered-set-cleared processed="123083" cleared="1787" durationms="0.730" />
  <references type="phantom" candidates="5" cleared="0" enqueued="0" />
  <stringconstants candidates="16477" cleared="0"  />
</gc-op>
<gc-op id="4445" type="classunload" timems="0.013" contextid="4441" timestamp="2019-08-04T08:43:58.943">
  <classunload-info classloadercandidates="69" classloadersunloaded="0" classesunloaded="0" anonymousclassesunloaded="0" quiescems="0.000" setupms="0.013" scanms="0.000" postms="0.000" />
</gc-op>
<gc-end id="4446" type="partial gc" contextid="4441" durationms="10.760" usertimems="27.041" systemtimems="5.246" timestamp="2019-08-04T08:43:58.944" activeThreads="16">
  <mem-info id="4447" free="115343360" total="188743680" percent="61">
    <mem type="eden" free="1257472" total="6291456" percent="19" />
    <remembered-set count="134016" freebytes="7009536" totalbytes="7545600" percent="92" regionsoverflowed="0" regionsstable="0" regionsrebuilding="10"/>
  </mem-info>
</gc-end>
<cycle-end id="4448" type="partial gc" contextid="4441" timestamp="2019-08-04T08:43:58.944">
  <attribute name="GC Util" value="214" />
  <attribute name="CPU Util" value="35804873555488" />
  <attribute name="Time Running"value="176726"/>
  <attribute name="Number of cores"value="16"/>
</cycle-end>
<exclusive-end id="4449" timestamp="2019-08-04T08:43:58.944" durationms="11.996" />

<exclusive-start id="4450" timestamp="2019-08-04T08:43:59.016" intervalms="83.736">
  <response-info timems="0.316" idlems="0.168" threads="3" lastid="0000000000C27700" lastname="JIT Compilation Thread-1" />
</exclusive-start>
<allocation-taxation id="4451" taxation-threshold="27262976" timestamp="2019-08-04T08:43:59.016" intervalms="83.736" />
<gc-start id="4452" type="global mark phase" contextid="4410" timestamp="2019-08-04T08:43:59.016">
  <mem-info id="4453" free="88080384" total="188743680" percent="46">
    <remembered-set count="133632" freebytes="7011072" totalbytes="7545600" percent="92" regionsoverflowed="0" regionsstable="0" regionsrebuilding="10"/>
  </mem-info>
</gc-start>
<gc-op id="4454" type="mark increment" timems="7.686" contextid="4410" timestamp="2019-08-04T08:43:59.024">
  <trace-info objectcount="9434" scancount="7553" scanbytes="1645000" />
  <cardclean-info objects="3364" bytes="188220" />
  <finalization candidates="154" enqueued="0" />
  <ownableSynchronizers candidates="23" cleared="0" />
  <references type="soft" candidates="4037" cleared="23" enqueued="23" dynamicThreshold="19" maxThreshold="32" />
  <references type="weak" candidates="6328" cleared="0" enqueued="0" />
  <references type="phantom" candidates="340" cleared="0" enqueued="0" />
  <stringconstants candidates="16477" cleared="0"  />
</gc-op>
<gc-op id="4455" type="classunload" timems="0.012" contextid="4410" timestamp="2019-08-04T08:43:59.024">
  <classunload-info classloadercandidates="69" classloadersunloaded="0" classesunloaded="0" anonymousclassesunloaded="0" quiescems="0.000" setupms="0.012" scanms="0.000" postms="0.000" />
</gc-op>
<gc-end id="4456" type="global mark phase" contextid="4410" durationms="7.839" usertimems="11.170" systemtimems="11.044" timestamp="2019-08-04T08:43:59.024" activeThreads="16">
  <mem-info id="4457" free="88080384" total="188743680" percent="46">
    <pending-finalizers system="0" default="0" reference="23" classloader="0" />
    <remembered-set count="136192" freebytes="7000832" totalbytes="7545600" percent="92" regionsoverflowed="0" regionsstable="0" regionsrebuilding="0"/>
  </mem-info>
</gc-end>
<cycle-end id="4458" type="global mark phase" contextid="4410" timestamp="2019-08-04T08:43:59.024">
  <attribute name="GC Util" value="141" />
  <attribute name="CPU Util" value="7402788620059" />
  <attribute name="Time Running"value="176812"/>
  <attribute name="Number of cores"value="16"/>
</cycle-end>
<exclusive-end id="4459" timestamp="2019-08-04T08:43:59.024" durationms="8.211" />

<exclusive-start id="4460" timestamp="2019-08-04T08:43:59.079" intervalms="62.951">
  <response-info timems="0.457" idlems="0.253" threads="11" lastid="0000000000C27700" lastname="JIT Compilation Thread-1" />
</exclusive-start>
<allocation-taxation id="4461" taxation-threshold="27262976" timestamp="2019-08-04T08:43:59.079" intervalms="62.988" />
<cycle-start id="4462" type="partial gc" contextid="0" timestamp="2019-08-04T08:43:59.079" intervalms="146.532" />
  <attribute name="GC Util" value="141" />
  <attribute name="CPU Util" value="7402788620059" />
  <attribute name="Time Running"value="176812"/>
  <attribute name="Number of cores"value="16"/>
<gc-start id="4463" type="partial gc" contextid="4462" timestamp="2019-08-04T08:43:59.079">
  <mem-info id="4464" free="60817408" total="188743680" percent="32">
    <mem type="eden" free="0" total="54525952" percent="0" />
    <remembered-set count="25440" freebytes="7443840" totalbytes="7545600" percent="98" regionsoverflowed="0" regionsstable="9" regionsrebuilding="0"/>
  </mem-info>
</gc-start>
<allocation-stats totalBytes="54344560" >
  <allocated-bytes non-tlh="16392" tlh="54328168" arrayletleaf="0"/>
  <largest-consumer threadName="Thread-47" threadId="0000000000F37A00" bytes="4410320" />
</allocation-stats>
<gc-op id="4465" type="sweep" timems="2.159" contextid="4462" timestamp="2019-08-04T08:43:59.082" />
<gc-op id="4466" type="copy forward" timems="14.779" contextid="4462" timestamp="2019-08-04T08:43:59.098">
  <memory-copied type="eden" objects="8760" bytes="3444184" bytesdiscarded="691679" />
  <memory-copied type="other" objects="1540" bytes="609368" bytesdiscarded="82297" />
  <memory-cardclean objects="3268" bytes="146360" />
  <remembered-set-cleared processed="18050" cleared="1062" durationms="0.324" />
  <references type="phantom" candidates="1" cleared="0" enqueued="0" />
  <stringconstants candidates="16477" cleared="0"  />
</gc-op>
<gc-op id="4467" type="classunload" timems="0.014" contextid="4462" timestamp="2019-08-04T08:43:59.098">
  <classunload-info classloadercandidates="69" classloadersunloaded="0" classesunloaded="0" anonymousclassesunloaded="0" quiescems="0.000" setupms="0.013" scanms="0.000" postms="0.000" />
</gc-op>
<gc-end id="4468" type="partial gc" contextid="4462" durationms="18.468" usertimems="15.049" systemtimems="28.289" timestamp="2019-08-04T08:43:59.098" activeThreads="16">
  <mem-info id="4469" free="113246208" total="188743680" percent="60">
    <mem type="eden" free="1779320" total="6291456" percent="28" />
    <remembered-set count="25760" freebytes="7442560" totalbytes="7545600" percent="98" regionsoverflowed="0" regionsstable="9" regionsrebuilding="0"/>
  </mem-info>
</gc-end>
<cycle-end id="4470" type="partial gc" contextid="4462" timestamp="2019-08-04T08:43:59.098">
  <attribute name="GC Util" value="169" />
  <attribute name="CPU Util" value="24729558932074" />
  <attribute name="Time Running"value="176876"/>
  <attribute name="Number of cores"value="16"/>
</cycle-end>
<exclusive-end id="4471" timestamp="2019-08-04T08:43:59.098" durationms="19.438" />

<exclusive-start id="4472" timestamp="2019-08-04T08:43:59.121" intervalms="42.698">
  <response-info timems="0.340" idlems="0.340" threads="0" lastid="0000000000F28B00" lastname="Thread-52" />
</exclusive-start>
<allocation-taxation id="4473" taxation-threshold="27262976" timestamp="2019-08-04T08:43:59.122" intervalms="42.660" />
<cycle-start id="4474" type="global mark phase" contextid="0" timestamp="2019-08-04T08:43:59.122" intervalms="396.018" />
  <attribute name="GC Util" value="169" />
  <attribute name="CPU Util" value="24729558932074" />
  <attribute name="Time Running"value="176876"/>
  <attribute name="Number of cores"value="16"/>
<gc-start id="4475" type="global mark phase" contextid="4474" timestamp="2019-08-04T08:43:59.122">
  <mem-info id="4476" free="85983232" total="188743680" percent="45">
    <remembered-set count="25408" freebytes="7443968" totalbytes="7545600" percent="98" regionsoverflowed="0" regionsstable="9" regionsrebuilding="0"/>
  </mem-info>
</gc-start>
<gc-op id="4477" type="mark increment" timems="5.085" contextid="4474" timestamp="2019-08-04T08:43:59.127">
  <trace-info objectcount="24970" scancount="11772" scanbytes="1506136" />
</gc-op>
<gc-end id="4478" type="global mark phase" contextid="4474" durationms="5.137" usertimems="16.829" systemtimems="2.631" timestamp="2019-08-04T08:43:59.127" activeThreads="16">
  <mem-info id="4479" free="85983232" total="188743680" percent="45">
    <remembered-set count="28480" freebytes="7431680" totalbytes="7545600" percent="98" regionsoverflowed="0" regionsstable="0" regionsrebuilding="9"/>
  </mem-info>
</gc-end>
<concurrent-start id="4480" type="GMP work packet processing" contextid="4474" timestamp="2019-08-04T08:43:59.127">
  <concurrent-mark-start scanTarget="14856413" />
</concurrent-start>
<exclusive-end id="4481" timestamp="2019-08-04T08:43:59.127" durationms="5.904" />

<concurrent-end id="4482" type="GMP work packet processing" contextid="4474" timestamp="2019-08-04T08:43:59.143">
  <concurrent-mark-end bytesScanned="14898668" reasonForTermination="Work target met" />
</concurrent-end>

<exclusive-start id="4483" timestamp="2019-08-04T08:43:59.180" intervalms="58.828">
  <response-info timems="3.724" idlems="2.251" threads="2" lastid="0000000000F4AA00" lastname="Thread-41" />
</exclusive-start>
<allocation-taxation id="4484" taxation-threshold="27262976" timestamp="2019-08-04T08:43:59.180" intervalms="58.866" />
<cycle-start id="4485" type="partial gc" contextid="0" timestamp="2019-08-04T08:43:59.180" intervalms="101.465" />
  <attribute name="GC Util" value="344" />
  <attribute name="CPU Util" value="8354964565449" />
  <attribute name="Time Running"value="176920"/>
  <attribute name="Number of cores"value="16"/>
<gc-start id="4486" type="partial gc" contextid="4485" timestamp="2019-08-04T08:43:59.181">
  <mem-info id="4487" free="58720256" total="188743680" percent="31">
    <mem type="eden" free="0" total="54525952" percent="0" />
    <remembered-set count="130752" freebytes="7022592" totalbytes="7545600" percent="93" regionsoverflowed="0" regionsstable="0" regionsrebuilding="9"/>
  </mem-info>
</gc-start>
<allocation-stats totalBytes="54278952" >
  <allocated-bytes non-tlh="0" tlh="54278952" arrayletleaf="0"/>
  <largest-consumer threadName="Thread-45" threadId="0000000000F06F00" bytes="5233744" />
</allocation-stats>
<gc-op id="4488" type="copy forward" timems="14.050" contextid="4485" timestamp="2019-08-04T08:43:59.196">
  <memory-copied type="eden" objects="10029" bytes="4036680" bytesdiscarded="1017440" />
  <memory-copied type="other" objects="37415" bytes="1000408" bytesdiscarded="68688" />
  <memory-cardclean objects="19053" bytes="771440" />
  <remembered-set-cleared processed="119826" cleared="16141" durationms="0.691" />
  <ownableSynchronizers candidates="1" cleared="0" />
  <references type="soft" candidates="4" cleared="0" enqueued="0" dynamicThreshold="14" maxThreshold="32" />
  <references type="weak" candidates="58" cleared="0" enqueued="0" />
  <references type="phantom" candidates="3" cleared="0" enqueued="0" />
  <stringconstants candidates="16477" cleared="0"  />
</gc-op>
<gc-op id="4489" type="classunload" timems="0.017" contextid="4485" timestamp="2019-08-04T08:43:59.196">
  <classunload-info classloadercandidates="69" classloadersunloaded="0" classesunloaded="0" anonymousclassesunloaded="0" quiescems="0.000" setupms="0.017" scanms="0.000" postms="0.000" />
</gc-op>
<heap-resize id="4490" type="expand" space="default" amount="6291456" count="1" timems="0.061" reason="excessive time being spent in gc" timestamp="2019-08-04T08:43:59.196" />
<gc-end id="4491" type="partial gc" contextid="4485" durationms="15.623" usertimems="39.787" systemtimems="18.830" timestamp="2019-08-04T08:43:59.196" activeThreads="16">
  <mem-info id="4492" free="117440512" total="195035136" percent="60">
    <mem type="eden" free="3334200" total="8388608" percent="39" />
    <remembered-set count="123264" freebytes="7304064" totalbytes="7797120" percent="93" regionsoverflowed="0" regionsstable="0" regionsrebuilding="9"/>
  </mem-info>
</gc-end>
<cycle-end id="4493" type="partial gc" contextid="4485" timestamp="2019-08-04T08:43:59.196">
  <attribute name="GC Util" value="107" />
  <attribute name="CPU Util" value="25218313570021" />
  <attribute name="Time Running"value="176975"/>
  <attribute name="Number of cores"value="16"/>
</cycle-end>
<exclusive-end id="4494" timestamp="2019-08-04T08:43:59.197" durationms="16.246" />

<exclusive-start id="4495" timestamp="2019-08-04T08:43:59.245" intervalms="64.447">
  <response-info timems="0.337" idlems="0.131" threads="2" lastid="0000000000F19B00" lastname="Thread-44" />
</exclusive-start>
<allocation-taxation id="4496" taxation-threshold="27262976" timestamp="2019-08-04T08:43:59.245" intervalms="64.403" />
<gc-start id="4497" type="global mark phase" contextid="4474" timestamp="2019-08-04T08:43:59.245">
  <mem-info id="4498" free="90177536" total="195035136" percent="46">
    <remembered-set count="123040" freebytes="7304960" totalbytes="7797120" percent="93" regionsoverflowed="0" regionsstable="0" regionsrebuilding="9"/>
  </mem-info>
</gc-start>
<gc-end id="4499" type="global mark phase" contextid="4474" durationms="0.018" usertimems="0.010" systemtimems="0.007" timestamp="2019-08-04T08:43:59.245" activeThreads="16">
  <mem-info id="4500" free="90177536" total="195035136" percent="46">
    <remembered-set count="123040" freebytes="7304960" totalbytes="7797120" percent="93" regionsoverflowed="0" regionsstable="0" regionsrebuilding="9"/>
  </mem-info>
</gc-end>
<concurrent-start id="4501" type="GMP work packet processing" contextid="4474" timestamp="2019-08-04T08:43:59.245">
  <concurrent-mark-start scanTarget="14856413" />
</concurrent-start>
<exclusive-end id="4502" timestamp="2019-08-04T08:43:59.245" durationms="0.400" />

<concurrent-end id="4503" type="GMP work packet processing" contextid="4474" timestamp="2019-08-04T08:43:59.251">
  <concurrent-mark-end bytesScanned="443224" reasonForTermination="Completed all work in GC phase" />
</concurrent-end>

<exclusive-start id="4504" timestamp="2019-08-04T08:43:59.263" intervalms="18.425">
  <response-info timems="0.978" idlems="0.601" threads="2" lastid="0000000000F19B00" lastname="Thread-44" />
</exclusive-start>
<allocation-taxation id="4505" taxation-threshold="27262976" timestamp="2019-08-04T08:43:59.263" intervalms="18.528" />
<cycle-start id="4506" type="partial gc" contextid="0" timestamp="2019-08-04T08:43:59.263" intervalms="82.936" />
  <attribute name="GC Util" value="81" />
  <attribute name="CPU Util" value="292321889443" />
  <attribute name="Time Running"value="177038"/>
  <attribute name="Number of cores"value="16"/>
<gc-start id="4507" type="partial gc" contextid="4506" timestamp="2019-08-04T08:43:59.264">
  <mem-info id="4508" free="62914560" total="195035136" percent="32">
    <mem type="eden" free="0" total="54525952" percent="0" />
    <remembered-set count="124160" freebytes="7300480" totalbytes="7797120" percent="93" regionsoverflowed="0" regionsstable="0" regionsrebuilding="9"/>
  </mem-info>
</gc-start>
<allocation-stats totalBytes="54280144" >
  <allocated-bytes non-tlh="49168" tlh="54230976" arrayletleaf="0"/>
  <largest-consumer threadName="Thread-45" threadId="0000000000F06F00" bytes="4540584" />
</allocation-stats>
<gc-op id="4509" type="mark" timems="8.318" contextid="4506" timestamp="2019-08-04T08:43:59.273">
  <trace-info objectcount="9479" scancount="7707" scanbytes="1635852" />
  <cardclean-info objects="3158" bytes="160876" />
  <remembered-set-cleared processed="114306" cleared="1778" durationms="0.497" />
  <references type="weak" candidates="1" cleared="0" enqueued="0" />
  <references type="phantom" candidates="4" cleared="0" enqueued="0" />
  <stringconstants candidates="16477" cleared="0"  />
  <warning details="Mark invoked due to active JNI critical regions" />
</gc-op>
<gc-op id="4510" type="classunload" timems="0.022" contextid="4506" timestamp="2019-08-04T08:43:59.273">
  <classunload-info classloadercandidates="69" classloadersunloaded="0" classesunloaded="0" anonymousclassesunloaded="0" quiescems="0.000" setupms="0.021" scanms="0.000" postms="0.000" />
</gc-op>
<gc-op id="4511" type="sweep" timems="1.753" contextid="4506" timestamp="2019-08-04T08:43:59.275" />
<gc-op id="4512" type="compact" timems="5.929" contextid="4506" timestamp="2019-08-04T08:43:59.281">
  <compact-info movecount="7810" movebytes="3119600" />
  <remembered-set-cleared processed="229645" cleared="3853" durationms="0.497" />
</gc-op>
<gc-end id="4513" type="partial gc" contextid="4506" durationms="17.840" usertimems="27.809" systemtimems="20.527" timestamp="2019-08-04T08:43:59.282" activeThreads="16">
  <mem-info id="4514" free="117440512" total="195035136" percent="60">
    <mem type="eden" free="1114576" total="6291456" percent="17" />
    <remembered-set count="124032" freebytes="7300992" totalbytes="7797120" percent="93" regionsoverflowed="0" regionsstable="0" regionsrebuilding="9"/>
  </mem-info>
</gc-end>
<cycle-end id="4515" type="partial gc" contextid="4506" timestamp="2019-08-04T08:43:59.282">
  <attribute name="GC Util" value="166" />
  <attribute name="CPU Util" value="9178506678749" />
  <attribute name="Time Running"value="177068"/>
  <attribute name="Number of cores"value="16"/>
</cycle-end>
<exclusive-end id="4516" timestamp="2019-08-04T08:43:59.282" durationms="18.612" />

<exclusive-start id="4517" timestamp="2019-08-04T08:43:59.310" intervalms="47.246">
  <response-info timems="0.761" idlems="0.383" threads="2" lastid="0000000000F37A00" lastname="Thread-47" />
</exclusive-start>
<allocation-taxation id="4518" taxation-threshold="27262976" timestamp="2019-08-04T08:43:59.310" intervalms="47.153" />
<gc-start id="4519" type="global mark phase" contextid="4474" timestamp="2019-08-04T08:43:59.311">
  <mem-info id="4520" free="90177536" total="195035136" percent="46">
    <remembered-set count="124032" freebytes="7300992" totalbytes="7797120" percent="93" regionsoverflowed="0" regionsstable="0" regionsrebuilding="9"/>
  </mem-info>
</gc-start>
<gc-op id="4521" type="mark increment" timems="12.282" contextid="4474" timestamp="2019-08-04T08:43:59.323">
  <trace-info objectcount="9368" scancount="7478" scanbytes="1590660" />
  <cardclean-info objects="26368" bytes="999820" />
  <finalization candidates="154" enqueued="0" />
  <ownableSynchronizers candidates="23" cleared="0" />
  <references type="soft" candidates="4014" cleared="255" enqueued="248" dynamicThreshold="19" maxThreshold="32" />
  <references type="weak" candidates="6329" cleared="0" enqueued="0" />
  <references type="phantom" candidates="342" cleared="0" enqueued="0" />
  <stringconstants candidates="16477" cleared="5"  />
</gc-op>
<gc-op id="4522" type="classunload" timems="0.014" contextid="4474" timestamp="2019-08-04T08:43:59.323">
  <classunload-info classloadercandidates="69" classloadersunloaded="0" classesunloaded="0" anonymousclassesunloaded="0" quiescems="0.000" setupms="0.014" scanms="0.000" postms="0.000" />
</gc-op>
<gc-end id="4523" type="global mark phase" contextid="4474" durationms="12.537" usertimems="19.882" systemtimems="13.576" timestamp="2019-08-04T08:43:59.323" activeThreads="16">
  <mem-info id="4524" free="90177536" total="195035136" percent="46">
    <pending-finalizers system="0" default="0" reference="248" classloader="0" />
    <remembered-set count="131200" freebytes="7272320" totalbytes="7797120" percent="93" regionsoverflowed="0" regionsstable="0" regionsrebuilding="0"/>
  </mem-info>
</gc-end>
<cycle-end id="4525" type="global mark phase" contextid="4474" timestamp="2019-08-04T08:43:59.323">
  <attribute name="GC Util" value="179" />
  <attribute name="CPU Util" value="6760698792900" />
  <attribute name="Time Running"value="177110"/>
  <attribute name="Number of cores"value="16"/>
</cycle-end>
<exclusive-end id="4526" timestamp="2019-08-04T08:43:59.323" durationms="13.039" />

<exclusive-start id="4527" timestamp="2019-08-04T08:43:59.349" intervalms="38.937">
  <response-info timems="2.662" idlems="1.949" threads="4" lastid="0000000000F37A00" lastname="Thread-47" />
</exclusive-start>
<allocation-taxation id="4528" taxation-threshold="27262976" timestamp="2019-08-04T08:43:59.349" intervalms="39.034" />
<cycle-start id="4529" type="partial gc" contextid="0" timestamp="2019-08-04T08:43:59.350" intervalms="86.200" />
  <attribute name="GC Util" value="179" />
  <attribute name="CPU Util" value="6760698792900" />
  <attribute name="Time Running"value="177110"/>
  <attribute name="Number of cores"value="16"/>
<gc-start id="4530" type="partial gc" contextid="4529" timestamp="2019-08-04T08:43:59.350">
  <mem-info id="4531" free="62914560" total="195035136" percent="32">
    <mem type="eden" free="0" total="54525952" percent="0" />
    <remembered-set count="24640" freebytes="7698560" totalbytes="7797120" percent="98" regionsoverflowed="0" regionsstable="9" regionsrebuilding="0"/>
  </mem-info>
</gc-start>
<allocation-stats totalBytes="54268096" >
  <allocated-bytes non-tlh="16392" tlh="54251704" arrayletleaf="0"/>
  <largest-consumer threadName="Thread-52" threadId="0000000000F28B00" bytes="4692504" />
</allocation-stats>
<gc-op id="4532" type="sweep" timems="1.828" contextid="4529" timestamp="2019-08-04T08:43:59.352" />
<gc-op id="4533" type="copy forward" timems="13.738" contextid="4529" timestamp="2019-08-04T08:43:59.367">
  <memory-copied type="eden" objects="7297" bytes="2788656" bytesdiscarded="573249" />
  <memory-copied type="other" objects="26545" bytes="1904632" bytesdiscarded="1543351" />
  <memory-cardclean objects="1800" bytes="98416" />
  <remembered-set-cleared processed="16449" cleared="970" durationms="0.492" />
  <finalization candidates="1" enqueued="0" />
  <references type="soft" candidates="22" cleared="0" enqueued="0" dynamicThreshold="14" maxThreshold="32" />
  <references type="weak" candidates="67" cleared="0" enqueued="0" />
  <references type="phantom" candidates="28" cleared="0" enqueued="0" />
  <stringconstants candidates="16472" cleared="0"  />
</gc-op>
<gc-op id="4534" type="classunload" timems="0.013" contextid="4529" timestamp="2019-08-04T08:43:59.367">
  <classunload-info classloadercandidates="69" classloadersunloaded="0" classesunloaded="0" anonymousclassesunloaded="0" quiescems="0.000" setupms="0.013" scanms="0.000" postms="0.000" />
</gc-op>
<heap-resize id="4535" type="expand" space="default" amount="4194304" count="1" timems="0.092" reason="excessive time being spent in gc" timestamp="2019-08-04T08:43:59.367" />
<gc-end id="4536" type="partial gc" contextid="4529" durationms="17.147" usertimems="23.573" systemtimems="18.659" timestamp="2019-08-04T08:43:59.367" activeThreads="16">
  <mem-info id="4537" free="119537664" total="199229440" percent="60">
    <mem type="eden" free="831216" total="4194304" percent="19" />
    <remembered-set count="25536" freebytes="7862656" totalbytes="7964800" percent="98" regionsoverflowed="0" regionsstable="9" regionsrebuilding="0"/>
  </mem-info>
</gc-end>
<cycle-end id="4538" type="partial gc" contextid="4529" timestamp="2019-08-04T08:43:59.367">
  <attribute name="GC Util" value="155" />
  <attribute name="CPU Util" value="35622681331084" />
  <attribute name="Time Running"value="177146"/>
  <attribute name="Number of cores"value="16"/>
</cycle-end>
<exclusive-end id="4539" timestamp="2019-08-04T08:43:59.368" durationms="18.304" />

<exclusive-start id="4540" timestamp="2019-08-04T08:43:59.458" intervalms="109.115">
  <response-info timems="9.155" idlems="2.356" threads="5" lastid="0000000000F28B00" lastname="Thread-52" />
</exclusive-start>
<allocation-taxation id="4541" taxation-threshold="56623104" timestamp="2019-08-04T08:43:59.459" intervalms="109.040" />
<cycle-start id="4542" type="partial gc" contextid="0" timestamp="2019-08-04T08:43:59.459" intervalms="109.023" />
  <attribute name="GC Util" value="155" />
  <attribute name="CPU Util" value="35622681331084" />
  <attribute name="Time Running"value="177146"/>
  <attribute name="Number of cores"value="16"/>
<gc-start id="4543" type="partial gc" contextid="4542" timestamp="2019-08-04T08:43:59.459">
  <mem-info id="4544" free="62914560" total="199229440" percent="31">
    <mem type="eden" free="0" total="56623104" percent="0" />
    <remembered-set count="10880" freebytes="7921280" totalbytes="7964800" percent="99" regionsoverflowed="0" regionsstable="10" regionsrebuilding="0"/>
  </mem-info>
</gc-start>
<allocation-stats totalBytes="56384416" >
  <allocated-bytes non-tlh="180272" tlh="56204144" arrayletleaf="0"/>
  <largest-consumer threadName="Thread-45" threadId="0000000000F06F00" bytes="5711680" />
</allocation-stats>
<gc-op id="4545" type="copy forward" timems="17.385" contextid="4542" timestamp="2019-08-04T08:43:59.477">
  <memory-copied type="eden" objects="10183" bytes="4118448" bytesdiscarded="1201576" />
  <memory-copied type="other" objects="11147" bytes="648672" bytesdiscarded="89024" />
  <memory-cardclean objects="15047" bytes="743480" />
  <remembered-set-cleared processed="2396" cleared="863" durationms="0.138" />
  <finalization candidates="1" enqueued="0" />
  <references type="soft" candidates="22" cleared="0" enqueued="0" dynamicThreshold="19" maxThreshold="32" />
  <references type="weak" candidates="67" cleared="0" enqueued="0" />
  <references type="phantom" candidates="31" cleared="0" enqueued="0" />
  <stringconstants candidates="16472" cleared="0"  />
</gc-op>
<gc-op id="4546" type="classunload" timems="0.015" contextid="4542" timestamp="2019-08-04T08:43:59.478">
  <classunload-info classloadercandidates="69" classloadersunloaded="0" classesunloaded="0" anonymousclassesunloaded="0" quiescems="0.000" setupms="0.015" scanms="0.000" postms="0.000" />
</gc-op>
<gc-end id="4547" type="partial gc" contextid="4542" durationms="18.736" usertimems="21.679" systemtimems="28.557" timestamp="2019-08-04T08:43:59.478" activeThreads="16">
  <mem-info id="4548" free="121634816" total="199229440" percent="61">
    <mem type="eden" free="971128" total="6291456" percent="15" />
    <remembered-set count="11264" freebytes="7919744" totalbytes="7964800" percent="99" regionsoverflowed="0" regionsstable="10" regionsrebuilding="0"/>
  </mem-info>
</gc-end>
<cycle-end id="4549" type="partial gc" contextid="4542" timestamp="2019-08-04T08:43:59.478">
  <attribute name="GC Util" value="150" />
  <attribute name="CPU Util" value="36566144729701" />
  <attribute name="Time Running"value="177253"/>
  <attribute name="Number of cores"value="16"/>
</cycle-end>
<exclusive-end id="4550" timestamp="2019-08-04T08:43:59.478" durationms="19.893" />

<exclusive-start id="4551" timestamp="2019-08-04T08:43:59.552" intervalms="93.207">
  <response-info timems="7.472" idlems="3.762" threads="1" lastid="0000000000F24F00" lastname="Thread-51" />
</exclusive-start>
<allocation-taxation id="4552" taxation-threshold="56623104" timestamp="2019-08-04T08:43:59.552" intervalms="93.192" />
<cycle-start id="4553" type="partial gc" contextid="0" timestamp="2019-08-04T08:43:59.552" intervalms="93.178" />
  <attribute name="GC Util" value="150" />
  <attribute name="CPU Util" value="36566144729701" />
  <attribute name="Time Running"value="177253"/>
  <attribute name="Number of cores"value="16"/>
<gc-start id="4554" type="partial gc" contextid="4553" timestamp="2019-08-04T08:43:59.552">
  <mem-info id="4555" free="65011712" total="199229440" percent="32">
    <mem type="eden" free="0" total="56623104" percent="0" />
    <remembered-set count="11040" freebytes="7920640" totalbytes="7964800" percent="99" regionsoverflowed="0" regionsstable="10" regionsrebuilding="0"/>
  </mem-info>
</gc-start>
<allocation-stats totalBytes="56434856" >
  <allocated-bytes non-tlh="81944" tlh="56352912" arrayletleaf="0"/>
  <largest-consumer threadName="Thread-45" threadId="0000000000F06F00" bytes="6846112" />
</allocation-stats>
<gc-op id="4556" type="copy forward" timems="15.495" contextid="4553" timestamp="2019-08-04T08:43:59.569">
  <memory-copied type="eden" objects="8909" bytes="3603328" bytesdiscarded="767944" />
  <memory-copied type="other" objects="37608" bytes="1151024" bytesdiscarded="57696" />
  <memory-cardclean objects="18976" bytes="820776" />
  <remembered-set-cleared processed="1637" cleared="1114" durationms="0.130" />
  <ownableSynchronizers candidates="1" cleared="0" />
  <references type="soft" candidates="4" cleared="0" enqueued="0" dynamicThreshold="19" maxThreshold="32" />
  <references type="weak" candidates="58" cleared="0" enqueued="0" />
  <references type="phantom" candidates="6" cleared="0" enqueued="0" />
  <stringconstants candidates="16472" cleared="0"  />
</gc-op>
<gc-op id="4557" type="classunload" timems="0.024" contextid="4553" timestamp="2019-08-04T08:43:59.569">
  <classunload-info classloadercandidates="69" classloadersunloaded="0" classesunloaded="0" anonymousclassesunloaded="0" quiescems="0.000" setupms="0.024" scanms="0.000" postms="0.000" />
</gc-op>
<gc-end id="4558" type="partial gc" contextid="4553" durationms="16.799" usertimems="30.127" systemtimems="15.274" timestamp="2019-08-04T08:43:59.569" activeThreads="16">
  <mem-info id="4559" free="123731968" total="199229440" percent="62">
    <mem type="eden" free="1919880" total="6291456" percent="30" />
    <remembered-set count="8320" freebytes="7931520" totalbytes="7964800" percent="99" regionsoverflowed="0" regionsstable="10" regionsrebuilding="0"/>
  </mem-info>
</gc-end>
<cycle-end id="4560" type="partial gc" contextid="4553" timestamp="2019-08-04T08:43:59.570">
  <attribute name="GC Util" value="158" />
  <attribute name="CPU Util" value="40125427533197" />
  <attribute name="Time Running"value="177346"/>
  <attribute name="Number of cores"value="16"/>
</cycle-end>
<exclusive-end id="4561" timestamp="2019-08-04T08:43:59.570" durationms="18.151" />

<exclusive-start id="4562" timestamp="2019-08-04T08:43:59.659" intervalms="107.126">
  <response-info timems="0.511" idlems="0.197" threads="2" lastid="0000000000F4AA00" lastname="Thread-41" />
</exclusive-start>
<allocation-taxation id="4563" taxation-threshold="56623104" timestamp="2019-08-04T08:43:59.659" intervalms="107.118" />
<cycle-start id="4564" type="partial gc" contextid="0" timestamp="2019-08-04T08:43:59.659" intervalms="107.179" />
  <attribute name="GC Util" value="158" />
  <attribute name="CPU Util" value="40125427533197" />
  <attribute name="Time Running"value="177346"/>
  <attribute name="Number of cores"value="16"/>
<gc-start id="4565" type="partial gc" contextid="4564" timestamp="2019-08-04T08:43:59.659">
  <mem-info id="4566" free="67108864" total="199229440" percent="33">
    <mem type="eden" free="0" total="56623104" percent="0" />
    <remembered-set count="6048" freebytes="7940608" totalbytes="7964800" percent="99" regionsoverflowed="0" regionsstable="11" regionsrebuilding="0"/>
  </mem-info>
</gc-start>
<allocation-stats totalBytes="56383072" >
  <allocated-bytes non-tlh="147504" tlh="56235568" arrayletleaf="0"/>
  <largest-consumer threadName="Thread-52" threadId="0000000000F28B00" bytes="6514752" />
</allocation-stats>
<gc-op id="4567" type="copy forward" timems="11.065" contextid="4564" timestamp="2019-08-04T08:43:59.673">
  <memory-copied type="eden" objects="8647" bytes="3579256" bytesdiscarded="613328" />
  <memory-copied type="other" objects="12925" bytes="1182784" bytesdiscarded="123480" />
  <memory-cardclean objects="5448" bytes="387480" />
  <remembered-set-cleared processed="95" cleared="77" durationms="0.111" />
  <finalization candidates="2" enqueued="0" />
  <references type="soft" candidates="71" cleared="0" enqueued="0" dynamicThreshold="19" maxThreshold="32" />
  <references type="weak" candidates="12" cleared="0" enqueued="0" />
  <references type="phantom" candidates="43" cleared="0" enqueued="0" />
  <stringconstants candidates="16472" cleared="0"  />
</gc-op>
<gc-op id="4568" type="classunload" timems="0.016" contextid="4564" timestamp="2019-08-04T08:43:59.673">
  <classunload-info classloadercandidates="69" classloadersunloaded="0" classesunloaded="0" anonymousclassesunloaded="0" quiescems="0.000" setupms="0.016" scanms="0.000" postms="0.000" />
</gc-op>
<heap-resize id="4569" type="contract" space="default" amount="10485760" count="1" timems="0.110" reason="excess free space following gc" timestamp="2019-08-04T08:43:59.673" />
<gc-end id="4570" type="partial gc" contextid="4564" durationms="14.000" usertimems="23.337" systemtimems="15.177" timestamp="2019-08-04T08:43:59.673" activeThreads="16">
  <mem-info id="4571" free="115343360" total="188743680" percent="61">
    <mem type="eden" free="2098576" total="6291456" percent="33" />
    <remembered-set count="8960" freebytes="7928960" totalbytes="7964800" percent="99" regionsoverflowed="0" regionsstable="11" regionsrebuilding="0"/>
  </mem-info>
</gc-end>
<cycle-end id="4572" type="partial gc" contextid="4564" timestamp="2019-08-04T08:43:59.674">
  <attribute name="GC Util" value="81" />
  <attribute name="CPU Util" value="13533668779448" />
  <attribute name="Time Running"value="177454"/>
  <attribute name="Number of cores"value="16"/>
</cycle-end>
<exclusive-end id="4573" timestamp="2019-08-04T08:43:59.675" durationms="16.054" />

<exclusive-start id="4574" timestamp="2019-08-04T08:43:59.706" intervalms="47.424">
  <response-info timems="0.852" idlems="0.852" threads="0" lastid="0000000000F0E700" lastname="Thread-48" />
</exclusive-start>
<allocation-taxation id="4575" taxation-threshold="54525952" timestamp="2019-08-04T08:43:59.707" intervalms="47.683" />
<cycle-start id="4576" type="partial gc" contextid="0" timestamp="2019-08-04T08:43:59.707" intervalms="47.662" />
  <attribute name="GC Util" value="81" />
  <attribute name="CPU Util" value="13533668779448" />
  <attribute name="Time Running"value="177454"/>
  <attribute name="Number of cores"value="16"/>
<gc-start id="4577" type="partial gc" contextid="4576" timestamp="2019-08-04T08:43:59.707">
  <mem-info id="4578" free="60817408" total="188743680" percent="32">
    <mem type="eden" free="0" total="54525952" percent="0" />
    <remembered-set count="8544" freebytes="7930624" totalbytes="7964800" percent="99" regionsoverflowed="0" regionsstable="11" regionsrebuilding="0"/>
  </mem-info>
</gc-start>
<allocation-stats totalBytes="54317808" >
  <allocated-bytes non-tlh="81944" tlh="54235864" arrayletleaf="0"/>
  <largest-consumer threadName="Thread-45" threadId="0000000000F06F00" bytes="5946232" />
</allocation-stats>
<gc-op id="4579" type="copy forward" timems="12.643" contextid="4576" timestamp="2019-08-04T08:43:59.722">
  <memory-copied type="eden" objects="8257" bytes="3439152" bytesdiscarded="522504" />
  <memory-copied type="other" objects="18" bytes="912" bytesdiscarded="0" />
  <memory-cardclean objects="3997" bytes="318632" />
  <remembered-set-cleared processed="730" cleared="514" durationms="0.126" />
  <references type="phantom" candidates="5" cleared="0" enqueued="0" />
  <stringconstants candidates="16472" cleared="0"  />
</gc-op>
<gc-op id="4580" type="classunload" timems="0.021" contextid="4576" timestamp="2019-08-04T08:43:59.722">
  <classunload-info classloadercandidates="69" classloadersunloaded="0" classesunloaded="0" anonymousclassesunloaded="0" quiescems="0.000" setupms="0.020" scanms="0.000" postms="0.000" />
</gc-op>
<gc-end id="4581" type="partial gc" contextid="4576" durationms="14.918" usertimems="27.269" systemtimems="14.798" timestamp="2019-08-04T08:43:59.722" activeThreads="16">
  <mem-info id="4582" free="115343360" total="188743680" percent="61">
    <mem type="eden" free="232360" total="4194304" percent="5" />
    <remembered-set count="9696" freebytes="7506816" totalbytes="7545600" percent="99" regionsoverflowed="0" regionsstable="11" regionsrebuilding="0"/>
  </mem-info>
</gc-end>
<cycle-end id="4583" type="partial gc" contextid="4576" timestamp="2019-08-04T08:43:59.722">
  <attribute name="GC Util" value="58" />
  <attribute name="CPU Util" value="12747218726534" />
  <attribute name="Time Running"value="177502"/>
  <attribute name="Number of cores"value="16"/>
</cycle-end>
<exclusive-end id="4584" timestamp="2019-08-04T08:43:59.723" durationms="16.385" />

<exclusive-start id="4585" timestamp="2019-08-04T08:43:59.781" intervalms="75.239">
  <response-info timems="2.136" idlems="2.136" threads="0" lastid="0000000000F24F00" lastname="Thread-51" />
</exclusive-start>
<allocation-taxation id="4586" taxation-threshold="54525952" timestamp="2019-08-04T08:43:59.782" intervalms="75.042" />
<cycle-start id="4587" type="partial gc" contextid="0" timestamp="2019-08-04T08:43:59.782" intervalms="75.150" />
  <attribute name="GC Util" value="58" />
  <attribute name="CPU Util" value="12747218726534" />
  <attribute name="Time Running"value="177502"/>
  <attribute name="Number of cores"value="16"/>
<gc-start id="4588" type="partial gc" contextid="4587" timestamp="2019-08-04T08:43:59.782">
  <mem-info id="4589" free="60817408" total="188743680" percent="32">
    <mem type="eden" free="0" total="54525952" percent="0" />
    <remembered-set count="9344" freebytes="7508224" totalbytes="7545600" percent="99" regionsoverflowed="0" regionsstable="11" regionsrebuilding="0"/>
  </mem-info>
</gc-start>
<allocation-stats totalBytes="54327184" >
  <allocated-bytes non-tlh="16392" tlh="54310792" arrayletleaf="0"/>
  <largest-consumer threadName="Thread-44" threadId="0000000000F19B00" bytes="6920592" />
</allocation-stats>
<gc-op id="4590" type="copy forward" timems="13.120" contextid="4587" timestamp="2019-08-04T08:43:59.797">
  <memory-copied type="eden" objects="10197" bytes="4115192" bytesdiscarded="587800" />
  <memory-copied type="other" objects="45" bytes="2848" bytesdiscarded="792" />
  <memory-cardclean objects="2949" bytes="137376" />
  <remembered-set-cleared processed="906" cleared="535" durationms="0.107" />
  <references type="phantom" candidates="5" cleared="0" enqueued="0" />
  <stringconstants candidates="16472" cleared="0"  />
</gc-op>
<gc-op id="4591" type="classunload" timems="0.015" contextid="4587" timestamp="2019-08-04T08:43:59.797">
  <classunload-info classloadercandidates="69" classloadersunloaded="0" classesunloaded="0" anonymousclassesunloaded="0" quiescems="0.000" setupms="0.015" scanms="0.000" postms="0.000" />
</gc-op>
<gc-end id="4592" type="partial gc" contextid="4587" durationms="14.995" usertimems="29.117" systemtimems="11.867" timestamp="2019-08-04T08:43:59.797" activeThreads="16">
  <mem-info id="4593" free="115343360" total="188743680" percent="61">
    <mem type="eden" free="1588168" total="6291456" percent="25" />
    <remembered-set count="9504" freebytes="7507584" totalbytes="7545600" percent="99" regionsoverflowed="0" regionsstable="11" regionsrebuilding="0"/>
  </mem-info>
</gc-end>
<cycle-end id="4594" type="partial gc" contextid="4587" timestamp="2019-08-04T08:43:59.797">
  <attribute name="GC Util" value="89" />
  <attribute name="CPU Util" value="20273841260246" />
  <attribute name="Time Running"value="177576"/>
  <attribute name="Number of cores"value="16"/>
</cycle-end>
<exclusive-end id="4595" timestamp="2019-08-04T08:43:59.798" durationms="16.171" />

<exclusive-start id="4596" timestamp="2019-08-04T08:43:59.873" intervalms="91.693">
  <response-info timems="0.249" idlems="0.249" threads="0" lastid="0000000000F1D700" lastname="Thread-40" />
</exclusive-start>
<allocation-taxation id="4597" taxation-threshold="54525952" timestamp="2019-08-04T08:43:59.873" intervalms="91.695" />
<cycle-start id="4598" type="partial gc" contextid="0" timestamp="2019-08-04T08:43:59.874" intervalms="91.772" />
  <attribute name="GC Util" value="89" />
  <attribute name="CPU Util" value="20273841260246" />
  <attribute name="Time Running"value="177576"/>
  <attribute name="Number of cores"value="16"/>
<gc-start id="4599" type="partial gc" contextid="4598" timestamp="2019-08-04T08:43:59.874">
  <mem-info id="4600" free="60817408" total="188743680" percent="32">
    <mem type="eden" free="0" total="54525952" percent="0" />
    <remembered-set count="9088" freebytes="7509248" totalbytes="7545600" percent="99" regionsoverflowed="0" regionsstable="11" regionsrebuilding="0"/>
  </mem-info>
</gc-start>
<allocation-stats totalBytes="54362432" >
  <allocated-bytes non-tlh="49168" tlh="54313264" arrayletleaf="0"/>
  <largest-consumer threadName="Thread-42" threadId="0000000000F03400" bytes="7288016" />
</allocation-stats>
<gc-op id="4601" type="copy forward" timems="11.162" contextid="4598" timestamp="2019-08-04T08:43:59.887">
  <memory-copied type="eden" objects="9744" bytes="3836376" bytesdiscarded="699376" />
  <memory-copied type="other" objects="29" bytes="2192" bytesdiscarded="0" />
  <memory-cardclean objects="2954" bytes="137568" />
  <remembered-set-cleared processed="972" cleared="600" durationms="0.129" />
  <references type="phantom" candidates="5" cleared="0" enqueued="0" />
  <stringconstants candidates="16472" cleared="0"  />
</gc-op>
<gc-op id="4602" type="classunload" timems="0.021" contextid="4598" timestamp="2019-08-04T08:43:59.888">
  <classunload-info classloadercandidates="69" classloadersunloaded="0" classesunloaded="0" anonymousclassesunloaded="0" quiescems="0.000" setupms="0.021" scanms="0.000" postms="0.000" />
</gc-op>
<gc-end id="4603" type="partial gc" contextid="4598" durationms="13.856" usertimems="23.698" systemtimems="21.429" timestamp="2019-08-04T08:43:59.888" activeThreads="16">
  <mem-info id="4604" free="113246208" total="188743680" percent="60">
    <mem type="eden" free="1755408" total="6291456" percent="27" />
    <remembered-set count="7968" freebytes="7513728" totalbytes="7545600" percent="99" regionsoverflowed="0" regionsstable="11" regionsrebuilding="0"/>
  </mem-info>
</gc-end>
<cycle-end id="4605" type="partial gc" contextid="4598" timestamp="2019-08-04T08:43:59.888">
  <attribute name="GC Util" value="144" />
  <attribute name="CPU Util" value="9732538698377" />
  <attribute name="Time Running"value="177669"/>
  <attribute name="Number of cores"value="16"/>
</cycle-end>
<exclusive-end id="4606" timestamp="2019-08-04T08:43:59.888" durationms="15.255" />

<exclusive-start id="4607" timestamp="2019-08-04T08:43:59.948" intervalms="75.160">
  <response-info timems="3.163" idlems="1.349" threads="6" lastid="0000000000F5D600" lastname="Thread-38" />
</exclusive-start>
<allocation-taxation id="4608" taxation-threshold="54525952" timestamp="2019-08-04T08:43:59.948" intervalms="75.206" />
<cycle-start id="4609" type="partial gc" contextid="0" timestamp="2019-08-04T08:43:59.949" intervalms="75.023" />
  <attribute name="GC Util" value="144" />
  <attribute name="CPU Util" value="9732538698377" />
  <attribute name="Time Running"value="177669"/>
  <attribute name="Number of cores"value="16"/>
<gc-start id="4610" type="partial gc" contextid="4609" timestamp="2019-08-04T08:43:59.949">
  <mem-info id="4611" free="58720256" total="188743680" percent="31">
    <mem type="eden" free="0" total="54525952" percent="0" />
    <remembered-set count="7616" freebytes="7515136" totalbytes="7545600" percent="99" regionsoverflowed="0" regionsstable="11" regionsrebuilding="0"/>
  </mem-info>
</gc-start>
<allocation-stats totalBytes="54337648" >
  <allocated-bytes non-tlh="16392" tlh="54321256" arrayletleaf="0"/>
  <largest-consumer threadName="Thread-42" threadId="0000000000F03400" bytes="5298168" />
</allocation-stats>
<gc-op id="4612" type="copy forward" timems="27.968" contextid="4609" timestamp="2019-08-04T08:43:59.979">
  <memory-copied type="eden" objects="10218" bytes="3902920" bytesdiscarded="801760" />
  <memory-copied type="other" objects="52" bytes="4952" bytesdiscarded="1376" />
  <memory-cardclean objects="2965" bytes="137440" />
  <remembered-set-cleared processed="961" cleared="596" durationms="0.103" />
  <references type="phantom" candidates="3" cleared="0" enqueued="0" />
  <stringconstants candidates="16472" cleared="0"  />
</gc-op>
<gc-op id="4613" type="classunload" timems="0.018" contextid="4609" timestamp="2019-08-04T08:43:59.979">
  <classunload-info classloadercandidates="69" classloadersunloaded="0" classesunloaded="0" anonymousclassesunloaded="0" quiescems="0.000" setupms="0.018" scanms="0.000" postms="0.000" />
</gc-op>
<gc-end id="4614" type="partial gc" contextid="4609" durationms="30.031" usertimems="48.616" systemtimems="31.801" timestamp="2019-08-04T08:43:59.979" activeThreads="16">
  <mem-info id="4615" free="115343360" total="188743680" percent="61">
    <mem type="eden" free="1586496" total="6291456" percent="25" />
    <remembered-set count="7872" freebytes="7514112" totalbytes="7545600" percent="99" regionsoverflowed="0" regionsstable="11" regionsrebuilding="0"/>
  </mem-info>
</gc-end>
<cycle-end id="4616" type="partial gc" contextid="4609" timestamp="2019-08-04T08:43:59.980">
  <attribute name="GC Util" value="66" />
  <attribute name="CPU Util" value="17187868537984" />
  <attribute name="Time Running"value="177743"/>
  <attribute name="Number of cores"value="16"/>
</cycle-end>
<exclusive-end id="4617" timestamp="2019-08-04T08:43:59.980" durationms="31.456" />

<exclusive-start id="4618" timestamp="2019-08-04T08:44:00.043" intervalms="94.271">
  <response-info timems="3.207" idlems="1.332" threads="7" lastid="0000000000F06F00" lastname="Thread-45" />
</exclusive-start>
<allocation-taxation id="4619" taxation-threshold="54525952" timestamp="2019-08-04T08:44:00.044" intervalms="95.177" />
<cycle-start id="4620" type="partial gc" contextid="0" timestamp="2019-08-04T08:44:00.044" intervalms="95.272" />
  <attribute name="GC Util" value="66" />
  <attribute name="CPU Util" value="17187868537984" />
  <attribute name="Time Running"value="177743"/>
  <attribute name="Number of cores"value="16"/>
<gc-start id="4621" type="partial gc" contextid="4620" timestamp="2019-08-04T08:44:00.044">
  <mem-info id="4622" free="60817408" total="188743680" percent="32">
    <mem type="eden" free="0" total="54525952" percent="0" />
    <remembered-set count="7488" freebytes="7515648" totalbytes="7545600" percent="99" regionsoverflowed="0" regionsstable="11" regionsrebuilding="0"/>
  </mem-info>
</gc-start>
<allocation-stats totalBytes="54329192" >
  <allocated-bytes non-tlh="81952" tlh="54247240" arrayletleaf="0"/>
  <largest-consumer threadName="Thread-47" threadId="0000000000F37A00" bytes="5979664" />
</allocation-stats>
<gc-op id="4623" type="copy forward" timems="11.220" contextid="4620" timestamp="2019-08-04T08:44:00.057">
  <memory-copied type="eden" objects="10268" bytes="4054248" bytesdiscarded="830568" />
  <memory-copied type="other" objects="475" bytes="274240" bytesdiscarded="24840" />
  <memory-cardclean objects="3018" bytes="141800" />
  <remembered-set-cleared processed="982" cleared="731" durationms="0.117" />
  <stringconstants candidates="16472" cleared="0"  />
</gc-op>
<gc-op id="4624" type="classunload" timems="0.018" contextid="4620" timestamp="2019-08-04T08:44:00.057">
  <classunload-info classloadercandidates="69" classloadersunloaded="0" classesunloaded="0" anonymousclassesunloaded="0" quiescems="0.000" setupms="0.017" scanms="0.000" postms="0.000" />
</gc-op>
<gc-end id="4625" type="partial gc" contextid="4620" durationms="12.928" usertimems="33.294" systemtimems="14.661" timestamp="2019-08-04T08:44:00.057" activeThreads="16">
  <mem-info id="4626" free="113246208" total="188743680" percent="60">
    <mem type="eden" free="1406384" total="6291456" percent="22" />
    <remembered-set count="8192" freebytes="7512832" totalbytes="7545600" percent="99" regionsoverflowed="0" regionsstable="11" regionsrebuilding="0"/>
  </mem-info>
</gc-end>
<cycle-end id="4627" type="partial gc" contextid="4620" timestamp="2019-08-04T08:44:00.058">
  <attribute name="GC Util" value="124" />
  <attribute name="CPU Util" value="25590761835584" />
  <attribute name="Time Running"value="177838"/>
  <attribute name="Number of cores"value="16"/>
</cycle-end>
<exclusive-end id="4628" timestamp="2019-08-04T08:44:00.058" durationms="15.291" />

<exclusive-start id="4629" timestamp="2019-08-04T08:44:00.092" intervalms="49.337">
  <response-info timems="1.408" idlems="0.359" threads="5" lastid="0000000000F37A00" lastname="Thread-47" />
</exclusive-start>
<allocation-taxation id="4630" taxation-threshold="54525952" timestamp="2019-08-04T08:44:00.092" intervalms="48.332" />
<cycle-start id="4631" type="partial gc" contextid="0" timestamp="2019-08-04T08:44:00.092" intervalms="48.186" />
  <attribute name="GC Util" value="124" />
  <attribute name="CPU Util" value="25590761835584" />
  <attribute name="Time Running"value="177838"/>
  <attribute name="Number of cores"value="16"/>
<gc-start id="4632" type="partial gc" contextid="4631" timestamp="2019-08-04T08:44:00.094">
  <mem-info id="4633" free="58720256" total="188743680" percent="31">
    <mem type="eden" free="0" total="54525952" percent="0" />
    <remembered-set count="7840" freebytes="7514240" totalbytes="7545600" percent="99" regionsoverflowed="0" regionsstable="11" regionsrebuilding="0"/>
  </mem-info>
</gc-start>
<allocation-stats totalBytes="54333680" >
  <allocated-bytes non-tlh="49168" tlh="54284512" arrayletleaf="0"/>
  <largest-consumer threadName="Thread-51" threadId="0000000000F24F00" bytes="6307400" />
</allocation-stats>
<gc-op id="4634" type="copy forward" timems="15.403" contextid="4631" timestamp="2019-08-04T08:44:00.112">
  <memory-copied type="eden" objects="9547" bytes="4034408" bytesdiscarded="688248" />
  <memory-copied type="other" objects="8" bytes="288" bytesdiscarded="0" />
  <memory-cardclean objects="3005" bytes="141232" />
  <remembered-set-cleared processed="914" cleared="624" durationms="1.375" />
  <references type="weak" candidates="1" cleared="0" enqueued="0" />
  <references type="phantom" candidates="6" cleared="0" enqueued="0" />
  <stringconstants candidates="16472" cleared="0"  />
</gc-op>
<gc-op id="4635" type="classunload" timems="0.021" contextid="4631" timestamp="2019-08-04T08:44:00.112">
  <classunload-info classloadercandidates="69" classloadersunloaded="0" classesunloaded="0" anonymousclassesunloaded="0" quiescems="0.000" setupms="0.021" scanms="0.000" postms="0.000" />
</gc-op>
<heap-resize id="4636" type="expand" space="default" amount="10485760" count="1" timems="0.078" reason="excessive time being spent in gc" timestamp="2019-08-04T08:44:00.112" />
<gc-end id="4637" type="partial gc" contextid="4631" durationms="18.051" usertimems="38.621" systemtimems="17.342" timestamp="2019-08-04T08:44:00.113" activeThreads="16">
  <mem-info id="4638" free="119537664" total="199229440" percent="60">
    <mem type="eden" free="3665648" total="8388608" percent="43" />
    <remembered-set count="6976" freebytes="7936896" totalbytes="7964800" percent="99" regionsoverflowed="0" regionsstable="11" regionsrebuilding="0"/>
  </mem-info>
</gc-end>
<cycle-end id="4639" type="partial gc" contextid="4631" timestamp="2019-08-04T08:44:00.113">
  <attribute name="GC Util" value="188" />
  <attribute name="CPU Util" value="20277317815196" />
  <attribute name="Time Running"value="177889"/>
  <attribute name="Number of cores"value="16"/>
</cycle-end>
<exclusive-end id="4640" timestamp="2019-08-04T08:44:00.113" durationms="21.429" />

<exclusive-start id="4641" timestamp="2019-08-04T08:44:00.185" intervalms="93.521">
  <response-info timems="0.398" idlems="0.398" threads="0" lastid="0000000000F61100" lastname="Thread-46" />
</exclusive-start>
<allocation-taxation id="4642" taxation-threshold="56623104" timestamp="2019-08-04T08:44:00.185" intervalms="93.487" />
<cycle-start id="4643" type="partial gc" contextid="0" timestamp="2019-08-04T08:44:00.186" intervalms="93.618" />
  <attribute name="GC Util" value="188" />
  <attribute name="CPU Util" value="20277317815196" />
  <attribute name="Time Running"value="177889"/>
  <attribute name="Number of cores"value="16"/>
<gc-start id="4644" type="partial gc" contextid="4643" timestamp="2019-08-04T08:44:00.186">
  <mem-info id="4645" free="62914560" total="199229440" percent="31">
    <mem type="eden" free="1953600" total="58720256" percent="3" />
    <remembered-set count="6528" freebytes="7938688" totalbytes="7964800" percent="99" regionsoverflowed="0" regionsstable="11" regionsrebuilding="0"/>
  </mem-info>
</gc-start>
<allocation-stats totalBytes="56500216" >
  <allocated-bytes non-tlh="114720" tlh="56385496" arrayletleaf="0"/>
  <largest-consumer threadName="Thread-52" threadId="0000000000F28B00" bytes="6412640" />
</allocation-stats>
<gc-op id="4646" type="copy forward" timems="14.006" contextid="4643" timestamp="2019-08-04T08:44:00.203">
  <memory-copied type="eden" objects="9492" bytes="3969432" bytesdiscarded="865488" />
  <memory-copied type="other" objects="20" bytes="824" bytesdiscarded="0" />
  <memory-cardclean objects="2984" bytes="140504" />
  <remembered-set-cleared processed="866" cleared="574" durationms="0.159" />
  <references type="phantom" candidates="3" cleared="0" enqueued="0" />
  <stringconstants candidates="16472" cleared="0"  />
</gc-op>
<gc-op id="4647" type="classunload" timems="0.013" contextid="4643" timestamp="2019-08-04T08:44:00.203">
  <classunload-info classloadercandidates="69" classloadersunloaded="0" classesunloaded="0" anonymousclassesunloaded="0" quiescems="0.000" setupms="0.013" scanms="0.000" postms="0.000" />
</gc-op>
<gc-end id="4648" type="partial gc" contextid="4643" durationms="16.890" usertimems="31.985" systemtimems="13.044" timestamp="2019-08-04T08:44:00.203" activeThreads="16">
  <mem-info id="4649" free="119537664" total="199229440" percent="60">
    <mem type="eden" free="1456256" total="6291456" percent="23" />
    <remembered-set count="8000" freebytes="7932800" totalbytes="7964800" percent="99" regionsoverflowed="0" regionsstable="11" regionsrebuilding="0"/>
  </mem-info>
</gc-end>
<cycle-end id="4650" type="partial gc" contextid="4643" timestamp="2019-08-04T08:44:00.203">
  <attribute name="GC Util" value="72" />
  <attribute name="CPU Util" value="8440980897005" />
  <attribute name="Time Running"value="177981"/>
  <attribute name="Number of cores"value="16"/>
</cycle-end>
<exclusive-end id="4651" timestamp="2019-08-04T08:44:00.203" durationms="17.959" />

<exclusive-start id="4652" timestamp="2019-08-04T08:44:00.265" intervalms="79.731">
  <response-info timems="1.017" idlems="1.017" threads="0" lastid="0000000000F4AA00" lastname="Thread-41" />
</exclusive-start>
<allocation-taxation id="4653" taxation-threshold="56623104" timestamp="2019-08-04T08:44:00.265" intervalms="79.908" />
<cycle-start id="4654" type="partial gc" contextid="0" timestamp="2019-08-04T08:44:00.265" intervalms="79.792" />
  <attribute name="GC Util" value="72" />
  <attribute name="CPU Util" value="8440980897005" />
  <attribute name="Time Running"value="177981"/>
  <attribute name="Number of cores"value="16"/>
<gc-start id="4655" type="partial gc" contextid="4654" timestamp="2019-08-04T08:44:00.266">
  <mem-info id="4656" free="62914560" total="199229440" percent="31">
    <mem type="eden" free="0" total="56623104" percent="0" />
    <remembered-set count="8000" freebytes="7932800" totalbytes="7964800" percent="99" regionsoverflowed="0" regionsstable="11" regionsrebuilding="0"/>
  </mem-info>
</gc-start>
<allocation-stats totalBytes="56362544" >
  <allocated-bytes non-tlh="24592" tlh="56337952" arrayletleaf="0"/>
  <largest-consumer threadName="Thread-41" threadId="0000000000F4AA00" bytes="5668640" />
</allocation-stats>
<gc-op id="4657" type="copy forward" timems="13.078" contextid="4654" timestamp="2019-08-04T08:44:00.280">
  <memory-copied type="eden" objects="8227" bytes="3341264" bytesdiscarded="830920" />
  <memory-copied type="other" objects="12" bytes="432" bytesdiscarded="0" />
  <memory-cardclean objects="3003" bytes="141024" />
  <remembered-set-cleared processed="892" cleared="599" durationms="0.100" />
  <references type="phantom" candidates="6" cleared="0" enqueued="0" />
  <stringconstants candidates="16472" cleared="0"  />
</gc-op>
<gc-op id="4658" type="classunload" timems="0.012" contextid="4654" timestamp="2019-08-04T08:44:00.280">
  <classunload-info classloadercandidates="69" classloadersunloaded="0" classesunloaded="0" anonymousclassesunloaded="0" quiescems="0.000" setupms="0.012" scanms="0.000" postms="0.000" />
</gc-op>
<gc-end id="4659" type="partial gc" contextid="4654" durationms="14.615" usertimems="33.284" systemtimems="16.657" timestamp="2019-08-04T08:44:00.280" activeThreads="16">
  <mem-info id="4660" free="119537664" total="199229440" percent="60">
    <mem type="eden" free="21816" total="4194304" percent="0" />
    <remembered-set count="8512" freebytes="7930752" totalbytes="7964800" percent="99" regionsoverflowed="0" regionsstable="11" regionsrebuilding="0"/>
  </mem-info>
</gc-end>
<cycle-end id="4661" type="partial gc" contextid="4654" timestamp="2019-08-04T08:44:00.280">
  <attribute name="GC Util" value="163" />
  <attribute name="CPU Util" value="18996911954811" />
  <attribute name="Time Running"value="178060"/>
  <attribute name="Number of cores"value="16"/>
</cycle-end>
<exclusive-end id="4662" timestamp="2019-08-04T08:44:00.281" durationms="15.411" />

<exclusive-start id="4663" timestamp="2019-08-04T08:44:00.335" intervalms="69.799">
  <response-info timems="6.839" idlems="6.839" threads="0" lastid="0000000000F37A00" lastname="Thread-47" />
</exclusive-start>
<allocation-taxation id="4664" taxation-threshold="56623104" timestamp="2019-08-04T08:44:00.335" intervalms="69.640" />
<cycle-start id="4665" type="partial gc" contextid="0" timestamp="2019-08-04T08:44:00.335" intervalms="69.644" />
  <attribute name="GC Util" value="163" />
  <attribute name="CPU Util" value="18996911954811" />
  <attribute name="Time Running"value="178060"/>
  <attribute name="Number of cores"value="16"/>
<gc-start id="4666" type="partial gc" contextid="4665" timestamp="2019-08-04T08:44:00.336">
  <mem-info id="4667" free="62914560" total="199229440" percent="31">
    <mem type="eden" free="0" total="56623104" percent="0" />
    <remembered-set count="8032" freebytes="7932672" totalbytes="7964800" percent="99" regionsoverflowed="0" regionsstable="11" regionsrebuilding="0"/>
  </mem-info>
</gc-start>
<allocation-stats totalBytes="56562312" >
  <allocated-bytes non-tlh="49168" tlh="56513144" arrayletleaf="0"/>
  <largest-consumer threadName="Thread-52" threadId="0000000000F28B00" bytes="6002104" />
</allocation-stats>
<gc-op id="4668" type="copy forward" timems="14.702" contextid="4665" timestamp="2019-08-04T08:44:00.352">
  <memory-copied type="eden" objects="8919" bytes="3391808" bytesdiscarded="538176" />
  <memory-copied type="other" objects="1017" bytes="442312" bytesdiscarded="15016" />
  <memory-cardclean objects="2896" bytes="137392" />
  <remembered-set-cleared processed="824" cleared="529" durationms="1.588" />
  <stringconstants candidates="16472" cleared="0"  />
</gc-op>
<gc-op id="4669" type="classunload" timems="0.014" contextid="4665" timestamp="2019-08-04T08:44:00.352">
  <classunload-info classloadercandidates="69" classloadersunloaded="0" classesunloaded="0" anonymousclassesunloaded="0" quiescems="0.000" setupms="0.014" scanms="0.000" postms="0.000" />
</gc-op>
<heap-resize id="4670" type="expand" space="default" amount="6291456" count="1" timems="0.084" reason="excessive time being spent in gc" timestamp="2019-08-04T08:44:00.352" />
<gc-end id="4671" type="partial gc" contextid="4665" durationms="16.532" usertimems="28.718" systemtimems="22.228" timestamp="2019-08-04T08:44:00.352" activeThreads="16">
  <mem-info id="4672" free="123731968" total="205520896" percent="60">
    <mem type="eden" free="264104" total="4194304" percent="6" />
    <remembered-set count="6976" freebytes="8188416" totalbytes="8216320" percent="99" regionsoverflowed="0" regionsstable="11" regionsrebuilding="0"/>
  </mem-info>
</gc-end>
<cycle-end id="4673" type="partial gc" contextid="4665" timestamp="2019-08-04T08:44:00.352">
  <attribute name="GC Util" value="106" />
  <attribute name="CPU Util" value="18462731109350" />
  <attribute name="Time Running"value="178129"/>
  <attribute name="Number of cores"value="16"/>
</cycle-end>
<exclusive-end id="4674" timestamp="2019-08-04T08:44:00.352" durationms="17.532" />

<exclusive-start id="4675" timestamp="2019-08-04T08:44:00.405" intervalms="69.628">
  <response-info timems="5.148" idlems="2.918" threads="1" lastid="0000000000F15F00" lastname="Thread-39" />
</exclusive-start>
<allocation-taxation id="4676" taxation-threshold="58720256" timestamp="2019-08-04T08:44:00.405" intervalms="69.659" />
<cycle-start id="4677" type="partial gc" contextid="0" timestamp="2019-08-04T08:44:00.410" intervalms="75.273" />
  <attribute name="GC Util" value="106" />
  <attribute name="CPU Util" value="18462731109350" />
  <attribute name="Time Running"value="178129"/>
  <attribute name="Number of cores"value="16"/>
<gc-start id="4678" type="partial gc" contextid="4677" timestamp="2019-08-04T08:44:00.411">
  <mem-info id="4679" free="65011712" total="205520896" percent="31">
    <mem type="eden" free="0" total="58720256" percent="0" />
    <remembered-set count="6688" freebytes="8189568" totalbytes="8216320" percent="99" regionsoverflowed="0" regionsstable="11" regionsrebuilding="0"/>
  </mem-info>
</gc-start>
<allocation-stats totalBytes="58597632" >
  <allocated-bytes non-tlh="65552" tlh="58532080" arrayletleaf="0"/>
  <largest-consumer threadName="Thread-50" threadId="0000000000F64D00" bytes="5185712" />
</allocation-stats>
<gc-op id="4680" type="copy forward" timems="9.569" contextid="4677" timestamp="2019-08-04T08:44:00.427">
  <memory-copied type="eden" objects="8716" bytes="3413008" bytesdiscarded="762704" />
  <memory-copied type="other" objects="23" bytes="856" bytesdiscarded="0" />
  <memory-cardclean objects="2998" bytes="140360" />
  <remembered-set-cleared processed="889" cleared="596" durationms="0.108" />
  <references type="phantom" candidates="2" cleared="0" enqueued="0" />
  <stringconstants candidates="16472" cleared="0"  />
</gc-op>
<gc-op id="4681" type="classunload" timems="0.012" contextid="4677" timestamp="2019-08-04T08:44:00.427">
  <classunload-info classloadercandidates="69" classloadersunloaded="0" classesunloaded="0" anonymousclassesunloaded="0" quiescems="0.000" setupms="0.012" scanms="0.000" postms="0.000" />
</gc-op>
<heap-resize id="4682" type="expand" space="default" amount="4194304" count="1" timems="0.061" reason="excessive time being spent in gc" timestamp="2019-08-04T08:44:00.427" />
<gc-end id="4683" type="partial gc" contextid="4677" durationms="16.295" usertimems="9.840" systemtimems="22.332" timestamp="2019-08-04T08:44:00.427" activeThreads="16">
  <mem-info id="4684" free="125829120" total="209715200" percent="60">
    <mem type="eden" free="18328" total="4194304" percent="0" />
    <remembered-set count="7488" freebytes="8354048" totalbytes="8384000" percent="99" regionsoverflowed="0" regionsstable="11" regionsrebuilding="0"/>
  </mem-info>
</gc-end>
<cycle-end id="4685" type="partial gc" contextid="4677" timestamp="2019-08-04T08:44:00.427">
  <attribute name="GC Util" value="124" />
  <attribute name="CPU Util" value="39787036796103" />
  <attribute name="Time Running"value="178210"/>
  <attribute name="Number of cores"value="16"/>
</cycle-end>
<exclusive-end id="4686" timestamp="2019-08-04T08:44:00.427" durationms="22.529" />

<exclusive-start id="4687" timestamp="2019-08-04T08:44:00.525" intervalms="120.226">
  <response-info timems="2.568" idlems="2.568" threads="0" lastid="0000000000F1D700" lastname="Thread-40" />
</exclusive-start>
<allocation-taxation id="4688" taxation-threshold="58720256" timestamp="2019-08-04T08:44:00.525" intervalms="120.201" />
<cycle-start id="4689" type="partial gc" contextid="0" timestamp="2019-08-04T08:44:00.525" intervalms="114.691" />
  <attribute name="GC Util" value="124" />
  <attribute name="CPU Util" value="39787036796103" />
  <attribute name="Time Running"value="178210"/>
  <attribute name="Number of cores"value="16"/>
<gc-start id="4690" type="partial gc" contextid="4689" timestamp="2019-08-04T08:44:00.526">
  <mem-info id="4691" free="67108864" total="209715200" percent="32">
    <mem type="eden" free="0" total="58720256" percent="0" />
    <remembered-set count="7040" freebytes="8355840" totalbytes="8384000" percent="99" regionsoverflowed="0" regionsstable="11" regionsrebuilding="0"/>
  </mem-info>
</gc-start>
<allocation-stats totalBytes="58432696" >
  <allocated-bytes non-tlh="32776" tlh="58399920" arrayletleaf="0"/>
  <largest-consumer threadName="Thread-49" threadId="0000000000F3B600" bytes="6511920" />
</allocation-stats>
<gc-op id="4692" type="copy forward" timems="24.730" contextid="4689" timestamp="2019-08-04T08:44:00.553">
  <memory-copied type="eden" objects="8983" bytes="3487104" bytesdiscarded="674896" />
  <memory-copied type="other" objects="98" bytes="137776" bytesdiscarded="0" />
  <memory-cardclean objects="3028" bytes="141344" />
  <remembered-set-cleared processed="874" cleared="582" durationms="0.140" />
  <references type="weak" candidates="1" cleared="0" enqueued="0" />
  <references type="phantom" candidates="3" cleared="0" enqueued="0" />
  <stringconstants candidates="16472" cleared="0"  />
</gc-op>
<gc-op id="4693" type="classunload" timems="0.014" contextid="4689" timestamp="2019-08-04T08:44:00.553">
  <classunload-info classloadercandidates="69" classloadersunloaded="0" classesunloaded="0" anonymousclassesunloaded="0" quiescems="0.000" setupms="0.014" scanms="0.000" postms="0.000" />
</gc-op>
<heap-resize id="4694" type="expand" space="default" amount="6291456" count="1" timems="0.064" reason="excessive time being spent in gc" timestamp="2019-08-04T08:44:00.553" />
<gc-end id="4695" type="partial gc" contextid="4689" durationms="27.469" usertimems="29.252" systemtimems="37.587" timestamp="2019-08-04T08:44:00.553" activeThreads="16">
  <mem-info id="4696" free="130023424" total="216006656" percent="60">
    <mem type="eden" free="32048" total="4194304" percent="0" />
    <remembered-set count="7520" freebytes="8605440" totalbytes="8635520" percent="99" regionsoverflowed="0" regionsstable="11" regionsrebuilding="0"/>
  </mem-info>
</gc-end>
<cycle-end id="4697" type="partial gc" contextid="4689" timestamp="2019-08-04T08:44:00.553">
  <attribute name="GC Util" value="84" />
  <attribute name="CPU Util" value="9341896500107" />
  <attribute name="Time Running"value="178321"/>
  <attribute name="Number of cores"value="16"/>
</cycle-end>
<exclusive-end id="4698" timestamp="2019-08-04T08:44:00.554" durationms="28.755" />

<exclusive-start id="4699" timestamp="2019-08-04T08:44:00.617" intervalms="92.199">
  <response-info timems="0.735" idlems="0.380" threads="2" lastid="0000000000F4AA00" lastname="Thread-41" />
</exclusive-start>
<allocation-taxation id="4700" taxation-threshold="60817408" timestamp="2019-08-04T08:44:00.617" intervalms="92.234" />
<cycle-start id="4701" type="partial gc" contextid="0" timestamp="2019-08-04T08:44:00.619" intervalms="94.281" />
  <attribute name="GC Util" value="84" />
  <attribute name="CPU Util" value="9341896500107" />
  <attribute name="Time Running"value="178321"/>
  <attribute name="Number of cores"value="16"/>
<gc-start id="4702" type="partial gc" contextid="4701" timestamp="2019-08-04T08:44:00.621">
  <mem-info id="4703" free="69206016" total="216006656" percent="32">
    <mem type="eden" free="0" total="60817408" percent="0" />
    <remembered-set count="7040" freebytes="8607360" totalbytes="8635520" percent="99" regionsoverflowed="0" regionsstable="11" regionsrebuilding="0"/>
  </mem-info>
</gc-start>
<allocation-stats totalBytes="60692528" >
  <allocated-bytes non-tlh="16392" tlh="60676136" arrayletleaf="0"/>
  <largest-consumer threadName="Thread-41" threadId="0000000000F4AA00" bytes="7185224" />
</allocation-stats>
<gc-op id="4704" type="copy forward" timems="24.216" contextid="4701" timestamp="2019-08-04T08:44:00.647">
  <memory-copied type="eden" objects="10032" bytes="3959488" bytesdiscarded="721056" />
  <memory-copied type="other" objects="283" bytes="120760" bytesdiscarded="6960" />
  <memory-cardclean objects="3086" bytes="226640" />
  <remembered-set-cleared processed="888" cleared="595" durationms="0.128" />
  <references type="phantom" candidates="1" cleared="0" enqueued="0" />
  <stringconstants candidates="16472" cleared="0"  />
</gc-op>
<gc-op id="4705" type="classunload" timems="0.029" contextid="4701" timestamp="2019-08-04T08:44:00.648">
  <classunload-info classloadercandidates="69" classloadersunloaded="0" classesunloaded="0" anonymousclassesunloaded="0" quiescems="0.000" setupms="0.029" scanms="0.000" postms="0.000" />
</gc-op>
<heap-resize id="4706" type="expand" space="default" amount="10485760" count="1" timems="0.078" reason="excessive time being spent in gc" timestamp="2019-08-04T08:44:00.648" />
<gc-end id="4707" type="partial gc" contextid="4701" durationms="27.251" usertimems="41.546" systemtimems="30.194" timestamp="2019-08-04T08:44:00.648" activeThreads="16">
  <mem-info id="4708" free="136314880" total="226492416" percent="60">
    <mem type="eden" free="1610640" total="6291456" percent="25" />
    <remembered-set count="9056" freebytes="9018496" totalbytes="9054720" percent="99" regionsoverflowed="0" regionsstable="11" regionsrebuilding="0"/>
  </mem-info>
</gc-end>
<cycle-end id="4709" type="partial gc" contextid="4701" timestamp="2019-08-04T08:44:00.648">
  <attribute name="GC Util" value="138" />
  <attribute name="CPU Util" value="11688610095863" />
  <attribute name="Time Running"value="178416"/>
  <attribute name="Number of cores"value="16"/>
</cycle-end>
<exclusive-end id="4710" timestamp="2019-08-04T08:44:00.648" durationms="31.045" />

<exclusive-start id="4711" timestamp="2019-08-04T08:44:00.740" intervalms="122.600">
  <response-info timems="0.054" idlems="0.054" threads="0" lastid="0000000000F37A00" lastname="Thread-47" />
</exclusive-start>
<allocation-taxation id="4712" taxation-threshold="62914560" timestamp="2019-08-04T08:44:00.740" intervalms="122.569" />
<cycle-start id="4713" type="partial gc" contextid="0" timestamp="2019-08-04T08:44:00.740" intervalms="120.429" />
  <attribute name="GC Util" value="138" />
  <attribute name="CPU Util" value="11688610095863" />
  <attribute name="Time Running"value="178416"/>
  <attribute name="Number of cores"value="16"/>
<gc-start id="4714" type="partial gc" contextid="4713" timestamp="2019-08-04T08:44:00.740">
  <mem-info id="4715" free="73400320" total="226492416" percent="32">
    <mem type="eden" free="0" total="62914560" percent="0" />
    <remembered-set count="8576" freebytes="9020416" totalbytes="9054720" percent="99" regionsoverflowed="0" regionsstable="11" regionsrebuilding="0"/>
  </mem-info>
</gc-start>
<allocation-stats totalBytes="62735560" >
  <allocated-bytes non-tlh="49168" tlh="62686392" arrayletleaf="0"/>
  <largest-consumer threadName="Thread-46" threadId="0000000000F61100" bytes="7935248" />
</allocation-stats>
<gc-op id="4716" type="copy forward" timems="14.967" contextid="4713" timestamp="2019-08-04T08:44:00.756">
  <memory-copied type="eden" objects="9761" bytes="3799656" bytesdiscarded="1045568" />
  <memory-copied type="other" objects="749" bytes="326048" bytesdiscarded="1248" />
  <memory-cardclean objects="2921" bytes="170920" />
  <remembered-set-cleared processed="929" cleared="620" durationms="0.120" />
  <stringconstants candidates="16472" cleared="0"  />
</gc-op>
<gc-op id="4717" type="classunload" timems="0.015" contextid="4713" timestamp="2019-08-04T08:44:00.756">
  <classunload-info classloadercandidates="69" classloadersunloaded="0" classesunloaded="0" anonymousclassesunloaded="0" quiescems="0.000" setupms="0.015" scanms="0.000" postms="0.000" />
</gc-op>
<heap-resize id="4718" type="expand" space="default" amount="4194304" count="1" timems="0.072" reason="excessive time being spent in gc" timestamp="2019-08-04T08:44:00.757" />
<gc-end id="4719" type="partial gc" contextid="4713" durationms="16.322" usertimems="15.929" systemtimems="16.619" timestamp="2019-08-04T08:44:00.757" activeThreads="16">
  <mem-info id="4720" free="138412032" total="230686720" percent="60">
    <mem type="eden" free="1445992" total="6291456" percent="22" />
    <remembered-set count="8096" freebytes="9190016" totalbytes="9222400" percent="99" regionsoverflowed="0" regionsstable="11" regionsrebuilding="0"/>
  </mem-info>
</gc-end>
<cycle-end id="4721" type="partial gc" contextid="4713" timestamp="2019-08-04T08:44:00.757">
  <attribute name="GC Util" value="157" />
  <attribute name="CPU Util" value="32543464866141" />
  <attribute name="Time Running"value="178534"/>
  <attribute name="Number of cores"value="16"/>
</cycle-end>
<exclusive-end id="4722" timestamp="2019-08-04T08:44:00.757" durationms="17.569" />

<exclusive-start id="4723" timestamp="2019-08-04T08:44:00.837" intervalms="97.877">
  <response-info timems="1.943" idlems="1.943" threads="0" lastid="0000000000F59A00" lastname="Thread-43" />
</exclusive-start>
<allocation-taxation id="4724" taxation-threshold="65011712" timestamp="2019-08-04T08:44:00.838" intervalms="97.893" />
<cycle-start id="4725" type="partial gc" contextid="0" timestamp="2019-08-04T08:44:00.838" intervalms="97.894" />
  <attribute name="GC Util" value="157" />
  <attribute name="CPU Util" value="32543464866141" />
  <attribute name="Time Running"value="178534"/>
  <attribute name="Number of cores"value="16"/>
<gc-start id="4726" type="partial gc" contextid="4725" timestamp="2019-08-04T08:44:00.838">
  <mem-info id="4727" free="73400320" total="230686720" percent="31">
    <mem type="eden" free="0" total="65011712" percent="0" />
    <remembered-set count="7744" freebytes="9191424" totalbytes="9222400" percent="99" regionsoverflowed="0" regionsstable="11" regionsrebuilding="0"/>
  </mem-info>
</gc-start>
<allocation-stats totalBytes="64860320" >
  <allocated-bytes non-tlh="32776" tlh="64827544" arrayletleaf="0"/>
  <largest-consumer threadName="Thread-52" threadId="0000000000F28B00" bytes="7979720" />
</allocation-stats>
<gc-op id="4728" type="copy forward" timems="15.223" contextid="4725" timestamp="2019-08-04T08:44:00.855">
  <memory-copied type="eden" objects="8761" bytes="3388688" bytesdiscarded="733504" />
  <memory-copied type="other" objects="838" bytes="434432" bytesdiscarded="41024" />
  <memory-cardclean objects="3068" bytes="175944" />
  <remembered-set-cleared processed="928" cleared="673" durationms="0.145" />
  <references type="weak" candidates="1" cleared="0" enqueued="0" />
  <references type="phantom" candidates="4" cleared="0" enqueued="0" />
  <stringconstants candidates="16472" cleared="0"  />
</gc-op>
<gc-op id="4729" type="classunload" timems="0.017" contextid="4725" timestamp="2019-08-04T08:44:00.855">
  <classunload-info classloadercandidates="69" classloadersunloaded="0" classesunloaded="0" anonymousclassesunloaded="0" quiescems="0.000" setupms="0.017" scanms="0.000" postms="0.000" />
</gc-op>
<gc-end id="4730" type="partial gc" contextid="4725" durationms="17.036" usertimems="13.217" systemtimems="12.560" timestamp="2019-08-04T08:44:00.855" activeThreads="16">
  <mem-info id="4731" free="138412032" total="230686720" percent="60">
    <mem type="eden" free="71848" total="4194304" percent="1" />
    <remembered-set count="6784" freebytes="9195264" totalbytes="9222400" percent="99" regionsoverflowed="0" regionsstable="11" regionsrebuilding="0"/>
  </mem-info>
</gc-end>
<cycle-end id="4732" type="partial gc" contextid="4725" timestamp="2019-08-04T08:44:00.855">
  <attribute name="GC Util" value="68" />
  <attribute name="CPU Util" value="17700404792534" />
  <attribute name="Time Running"value="178632"/>
  <attribute name="Number of cores"value="16"/>
</cycle-end>
<exclusive-end id="4733" timestamp="2019-08-04T08:44:00.855" durationms="17.696" />

<exclusive-start id="4734" timestamp="2019-08-04T08:44:00.931" intervalms="93.090">
  <response-info timems="7.799" idlems="7.799" threads="0" lastid="0000000000F4AA00" lastname="Thread-41" />
</exclusive-start>
<allocation-taxation id="4735" taxation-threshold="65011712" timestamp="2019-08-04T08:44:00.931" intervalms="93.063" />
<cycle-start id="4736" type="partial gc" contextid="0" timestamp="2019-08-04T08:44:00.931" intervalms="93.432" />
  <attribute name="GC Util" value="68" />
  <attribute name="CPU Util" value="17700404792534" />
  <attribute name="Time Running"value="178632"/>
  <attribute name="Number of cores"value="16"/>
<gc-start id="4737" type="partial gc" contextid="4736" timestamp="2019-08-04T08:44:00.932">
  <mem-info id="4738" free="73400320" total="230686720" percent="31">
    <mem type="eden" free="0" total="65011712" percent="0" />
    <remembered-set count="6784" freebytes="9195264" totalbytes="9222400" percent="99" regionsoverflowed="0" regionsstable="11" regionsrebuilding="0"/>
  </mem-info>
</gc-start>
<allocation-stats totalBytes="64901488" >
  <allocated-bytes non-tlh="49176" tlh="64852312" arrayletleaf="0"/>
  <largest-consumer threadName="Thread-37" threadId="0000000000F49E00" bytes="7673544" />
</allocation-stats>
<gc-op id="4739" type="copy forward" timems="9.665" contextid="4736" timestamp="2019-08-04T08:44:00.942">
  <memory-copied type="eden" objects="9180" bytes="3616552" bytesdiscarded="626208" />
  <memory-copied type="other" objects="31" bytes="17856" bytesdiscarded="0" />
  <memory-cardclean objects="3009" bytes="140792" />
  <remembered-set-cleared processed="905" cleared="579" durationms="0.135" />
  <references type="phantom" candidates="4" cleared="0" enqueued="0" />
  <stringconstants candidates="16472" cleared="0"  />
</gc-op>
<gc-op id="4740" type="classunload" timems="0.016" contextid="4736" timestamp="2019-08-04T08:44:00.942">
  <classunload-info classloadercandidates="69" classloadersunloaded="0" classesunloaded="0" anonymousclassesunloaded="0" quiescems="0.000" setupms="0.015" scanms="0.000" postms="0.000" />
</gc-op>
<heap-resize id="4741" type="expand" space="default" amount="16777216" count="1" timems="0.093" reason="excessive time being spent in gc" timestamp="2019-08-04T08:44:00.942" />
<gc-end id="4742" type="partial gc" contextid="4736" durationms="10.878" usertimems="22.430" systemtimems="12.516" timestamp="2019-08-04T08:44:00.942" activeThreads="16">
  <mem-info id="4743" free="148897792" total="247463936" percent="60">
    <mem type="eden" free="4145560" total="8388608" percent="49" />
    <remembered-set count="9024" freebytes="9857024" totalbytes="9893120" percent="99" regionsoverflowed="0" regionsstable="11" regionsrebuilding="0"/>
  </mem-info>
</gc-end>
<cycle-end id="4744" type="partial gc" contextid="4736" timestamp="2019-08-04T08:44:00.942">
  <attribute name="GC Util" value="173" />
  <attribute name="CPU Util" value="37644415516701" />
  <attribute name="Time Running"value="178725"/>
  <attribute name="Number of cores"value="16"/>
</cycle-end>
<exclusive-end id="4745" timestamp="2019-08-04T08:44:00.943" durationms="12.034" />

<exclusive-start id="4746" timestamp="2019-08-04T08:44:01.011" intervalms="80.044">
  <response-info timems="5.567" idlems="5.567" threads="0" lastid="0000000000F49E00" lastname="Thread-37" />
</exclusive-start>
<allocation-taxation id="4747" taxation-threshold="69206016" timestamp="2019-08-04T08:44:01.011" intervalms="80.103" />
<cycle-start id="4748" type="partial gc" contextid="0" timestamp="2019-08-04T08:44:01.011" intervalms="79.710" />
  <attribute name="GC Util" value="173" />
  <attribute name="CPU Util" value="37644415516701" />
  <attribute name="Time Running"value="178725"/>
  <attribute name="Number of cores"value="16"/>
<gc-start id="4749" type="partial gc" contextid="4748" timestamp="2019-08-04T08:44:01.011">
  <mem-info id="4750" free="79691776" total="247463936" percent="32">
    <mem type="eden" free="0" total="69206016" percent="0" />
    <remembered-set count="8544" freebytes="9858944" totalbytes="9893120" percent="99" regionsoverflowed="0" regionsstable="11" regionsrebuilding="0"/>
  </mem-info>
</gc-start>
<allocation-stats totalBytes="69080760" >
  <allocated-bytes non-tlh="40976" tlh="69039784" arrayletleaf="0"/>
  <largest-consumer threadName="Thread-41" threadId="0000000000F4AA00" bytes="8563704" />
</allocation-stats>
<gc-op id="4751" type="copy forward" timems="14.076" contextid="4748" timestamp="2019-08-04T08:44:01.026">
  <memory-copied type="eden" objects="9525" bytes="3664336" bytesdiscarded="544232" />
  <memory-copied type="other" objects="479" bytes="199040" bytesdiscarded="0" />
  <memory-cardclean objects="2971" bytes="138992" />
  <remembered-set-cleared processed="913" cleared="586" durationms="0.842" />
  <references type="phantom" candidates="1" cleared="0" enqueued="0" />
  <stringconstants candidates="16472" cleared="0"  />
</gc-op>
<gc-op id="4752" type="classunload" timems="0.024" contextid="4748" timestamp="2019-08-04T08:44:01.026">
  <classunload-info classloadercandidates="69" classloadersunloaded="0" classesunloaded="0" anonymousclassesunloaded="0" quiescems="0.000" setupms="0.024" scanms="0.000" postms="0.000" />
</gc-op>
<gc-end id="4753" type="partial gc" contextid="4748" durationms="15.332" usertimems="36.346" systemtimems="11.978" timestamp="2019-08-04T08:44:01.026" activeThreads="16">
  <mem-info id="4754" free="148897792" total="247463936" percent="60">
    <mem type="eden" free="4179792" total="8388608" percent="49" />
    <remembered-set count="7520" freebytes="9863040" totalbytes="9893120" percent="99" regionsoverflowed="0" regionsstable="11" regionsrebuilding="0"/>
  </mem-info>
</gc-end>
<cycle-end id="4755" type="partial gc" contextid="4748" timestamp="2019-08-04T08:44:01.026">
  <attribute name="GC Util" value="142" />
  <attribute name="CPU Util" value="40180052266241" />
  <attribute name="Time Running"value="178805"/>
  <attribute name="Number of cores"value="16"/>
</cycle-end>
<exclusive-end id="4756" timestamp="2019-08-04T08:44:01.027" durationms="16.005" />

<exclusive-start id="4757" timestamp="2019-08-04T08:44:01.069" intervalms="58.772">
  <response-info timems="2.141" idlems="2.141" threads="0" lastid="0000000000F4AA00" lastname="Thread-41" />
</exclusive-start>
<allocation-taxation id="4758" taxation-threshold="69206016" timestamp="2019-08-04T08:44:01.069" intervalms="58.719" />
<cycle-start id="4759" type="partial gc" contextid="0" timestamp="2019-08-04T08:44:01.070" intervalms="58.817" />
  <attribute name="GC Util" value="142" />
  <attribute name="CPU Util" value="40180052266241" />
  <attribute name="Time Running"value="178805"/>
  <attribute name="Number of cores"value="16"/>
<gc-start id="4760" type="partial gc" contextid="4759" timestamp="2019-08-04T08:44:01.070">
  <mem-info id="4761" free="79691776" total="247463936" percent="32">
    <mem type="eden" free="0" total="69206016" percent="0" />
    <remembered-set count="7104" freebytes="9864704" totalbytes="9893120" percent="99" regionsoverflowed="0" regionsstable="11" regionsrebuilding="0"/>
  </mem-info>
</gc-start>
<allocation-stats totalBytes="69138120" >
  <allocated-bytes non-tlh="90144" tlh="69047976" arrayletleaf="0"/>
  <largest-consumer threadName="Thread-47" threadId="0000000000F37A00" bytes="9419680" />
</allocation-stats>
<gc-op id="4762" type="copy forward" timems="8.930" contextid="4759" timestamp="2019-08-04T08:44:01.082">
  <memory-copied type="eden" objects="10248" bytes="3978752" bytesdiscarded="916464" />
  <memory-copied type="other" objects="98" bytes="75376" bytesdiscarded="7960" />
  <memory-cardclean objects="3040" bytes="143440" />
  <remembered-set-cleared processed="917" cleared="632" durationms="0.141" />
  <stringconstants candidates="16472" cleared="0"  />
</gc-op>
<gc-op id="4763" type="classunload" timems="0.012" contextid="4759" timestamp="2019-08-04T08:44:01.082">
  <classunload-info classloadercandidates="69" classloadersunloaded="0" classesunloaded="0" anonymousclassesunloaded="0" quiescems="0.000" setupms="0.012" scanms="0.000" postms="0.000" />
</gc-op>
<gc-end id="4764" type="partial gc" contextid="4759" durationms="11.871" usertimems="36.412" systemtimems="3.066" timestamp="2019-08-04T08:44:01.082" activeThreads="16">
  <mem-info id="4765" free="148897792" total="247463936" percent="60">
    <mem type="eden" free="1395984" total="6291456" percent="22" />
    <remembered-set count="7360" freebytes="9863680" totalbytes="9893120" percent="99" regionsoverflowed="0" regionsstable="11" regionsrebuilding="0"/>
  </mem-info>
</gc-end>
<cycle-end id="4766" type="partial gc" contextid="4759" timestamp="2019-08-04T08:44:01.082">
  <attribute name="GC Util" value="151" />
  <attribute name="CPU Util" value="8231812337310" />
  <attribute name="Time Running"value="178865"/>
  <attribute name="Number of cores"value="16"/>
</cycle-end>
<exclusive-end id="4767" timestamp="2019-08-04T08:44:01.082" durationms="12.650" />

<exclusive-start id="4768" timestamp="2019-08-04T08:44:01.127" intervalms="57.749">
  <response-info timems="0.248" idlems="0.248" threads="0" lastid="0000000000F28B00" lastname="Thread-52" />
</exclusive-start>
<allocation-taxation id="4769" taxation-threshold="69206016" timestamp="2019-08-04T08:44:01.127" intervalms="57.888" />
<cycle-start id="4770" type="partial gc" contextid="0" timestamp="2019-08-04T08:44:01.127" intervalms="57.833" />
  <attribute name="GC Util" value="151" />
  <attribute name="CPU Util" value="8231812337310" />
  <attribute name="Time Running"value="178865"/>
  <attribute name="Number of cores"value="16"/>
<gc-start id="4771" type="partial gc" contextid="4770" timestamp="2019-08-04T08:44:01.128">
  <mem-info id="4772" free="79691776" total="247463936" percent="32">
    <mem type="eden" free="0" total="69206016" percent="0" />
    <remembered-set count="6912" freebytes="9865472" totalbytes="9893120" percent="99" regionsoverflowed="0" regionsstable="11" regionsrebuilding="0"/>
  </mem-info>
</gc-start>
<allocation-stats totalBytes="69104664" >
  <allocated-bytes non-tlh="32784" tlh="69071880" arrayletleaf="0"/>
  <largest-consumer threadName="Thread-47" threadId="0000000000F37A00" bytes="8709272" />
</allocation-stats>
<gc-op id="4773" type="copy forward" timems="8.788" contextid="4770" timestamp="2019-08-04T08:44:01.139">
  <memory-copied type="eden" objects="9195" bytes="3635640" bytesdiscarded="815488" />
  <memory-copied type="other" objects="24" bytes="864" bytesdiscarded="0" />
  <memory-cardclean objects="3010" bytes="140632" />
  <remembered-set-cleared processed="926" cleared="616" durationms="0.581" />
  <references type="weak" candidates="1" cleared="0" enqueued="0" />
  <references type="phantom" candidates="3" cleared="0" enqueued="0" />
  <stringconstants candidates="16472" cleared="0"  />
</gc-op>
<gc-op id="4774" type="classunload" timems="0.013" contextid="4770" timestamp="2019-08-04T08:44:01.139">
  <classunload-info classloadercandidates="69" classloadersunloaded="0" classesunloaded="0" anonymousclassesunloaded="0" quiescems="0.000" setupms="0.013" scanms="0.000" postms="0.000" />
</gc-op>
<heap-resize id="4775" type="expand" space="default" amount="4194304" count="1" timems="0.061" reason="excessive time being spent in gc" timestamp="2019-08-04T08:44:01.139" />
<gc-end id="4776" type="partial gc" contextid="4770" durationms="11.149" usertimems="28.322" systemtimems="5.652" timestamp="2019-08-04T08:44:01.139" activeThreads="16">
  <mem-info id="4777" free="150994944" total="251658240" percent="60">
    <mem type="eden" free="1840064" total="6291456" percent="29" />
    <remembered-set count="7968" freebytes="10028928" totalbytes="10060800" percent="99" regionsoverflowed="0" regionsstable="11" regionsrebuilding="0"/>
  </mem-info>
</gc-end>
<cycle-end id="4778" type="partial gc" contextid="4770" timestamp="2019-08-04T08:44:01.139">
  <attribute name="GC Util" value="200" />
  <attribute name="CPU Util" value="12096208627423" />
  <attribute name="Time Running"value="178922"/>
  <attribute name="Number of cores"value="16"/>
</cycle-end>
<exclusive-end id="4779" timestamp="2019-08-04T08:44:01.139" durationms="11.952" />

<exclusive-start id="4780" timestamp="2019-08-04T08:44:01.222" intervalms="94.875">
  <response-info timems="6.914" idlems="6.914" threads="0" lastid="0000000000F1D700" lastname="Thread-40" />
</exclusive-start>
<allocation-taxation id="4781" taxation-threshold="69206016" timestamp="2019-08-04T08:44:01.223" intervalms="95.884" />
<cycle-start id="4782" type="partial gc" contextid="0" timestamp="2019-08-04T08:44:01.223" intervalms="95.879" />
  <attribute name="GC Util" value="200" />
  <attribute name="CPU Util" value="12096208627423" />
  <attribute name="Time Running"value="178922"/>
  <attribute name="Number of cores"value="16"/>
<gc-start id="4783" type="partial gc" contextid="4782" timestamp="2019-08-04T08:44:01.224">
  <mem-info id="4784" free="81788928" total="251658240" percent="32">
    <mem type="eden" free="0" total="69206016" percent="0" />
    <remembered-set count="7552" freebytes="10030592" totalbytes="10060800" percent="99" regionsoverflowed="0" regionsstable="11" regionsrebuilding="0"/>
  </mem-info>
</gc-start>
<allocation-stats totalBytes="69042256" >
  <allocated-bytes non-tlh="16392" tlh="69025864" arrayletleaf="0"/>
  <largest-consumer threadName="Thread-37" threadId="0000000000F49E00" bytes="8524056" />
</allocation-stats>
<gc-op id="4785" type="copy forward" timems="18.950" contextid="4782" timestamp="2019-08-04T08:44:01.244">
  <memory-copied type="eden" objects="9835" bytes="3887608" bytesdiscarded="353664" />
  <memory-copied type="other" objects="32" bytes="1152" bytesdiscarded="0" />
  <memory-cardclean objects="2986" bytes="139472" />
  <remembered-set-cleared processed="890" cleared="576" durationms="0.474" />
  <references type="phantom" candidates="1" cleared="0" enqueued="0" />
  <stringconstants candidates="16472" cleared="0"  />
</gc-op>
<gc-op id="4786" type="classunload" timems="0.018" contextid="4782" timestamp="2019-08-04T08:44:01.244">
  <classunload-info classloadercandidates="69" classloadersunloaded="0" classesunloaded="0" anonymousclassesunloaded="0" quiescems="0.000" setupms="0.018" scanms="0.000" postms="0.000" />
</gc-op>
<heap-resize id="4787" type="expand" space="default" amount="6291456" count="1" timems="0.460" reason="excessive time being spent in gc" timestamp="2019-08-04T08:44:01.245" />
<gc-end id="4788" type="partial gc" contextid="4782" durationms="21.301" usertimems="40.080" systemtimems="18.794" timestamp="2019-08-04T08:44:01.245" activeThreads="16">
  <mem-info id="4789" free="155189248" total="257949696" percent="60">
    <mem type="eden" free="2049920" total="6291456" percent="32" />
    <remembered-set count="5920" freebytes="10288640" totalbytes="10312320" percent="99" regionsoverflowed="0" regionsstable="11" regionsrebuilding="0"/>
  </mem-info>
</gc-end>
<cycle-end id="4790" type="partial gc" contextid="4782" timestamp="2019-08-04T08:44:01.245">
  <attribute name="GC Util" value="91" />
  <attribute name="CPU Util" value="21999351646430" />
  <attribute name="Time Running"value="179018"/>
  <attribute name="Number of cores"value="16"/>
</cycle-end>
<exclusive-end id="4791" timestamp="2019-08-04T08:44:01.245" durationms="23.143" />

<exclusive-start id="4792" timestamp="2019-08-04T08:44:01.293" intervalms="70.764">
  <response-info timems="0.296" idlems="0.080" threads="3" lastid="0000000000F03400" lastname="Thread-42" />
</exclusive-start>
<allocation-taxation id="4793" taxation-threshold="71303168" timestamp="2019-08-04T08:44:01.293" intervalms="69.606" />
<cycle-start id="4794" type="partial gc" contextid="0" timestamp="2019-08-04T08:44:01.293" intervalms="69.568" />
  <attribute name="GC Util" value="91" />
  <attribute name="CPU Util" value="21999351646430" />
  <attribute name="Time Running"value="179018"/>
  <attribute name="Number of cores"value="16"/>
<gc-start id="4795" type="partial gc" contextid="4794" timestamp="2019-08-04T08:44:01.293">
  <mem-info id="4796" free="83886080" total="257949696" percent="32">
    <mem type="eden" free="0" total="71303168" percent="0" />
    <remembered-set count="5504" freebytes="10290304" totalbytes="10312320" percent="99" regionsoverflowed="0" regionsstable="11" regionsrebuilding="0"/>
  </mem-info>
</gc-start>
<allocation-stats totalBytes="71103496" >
  <allocated-bytes non-tlh="49168" tlh="71054328" arrayletleaf="0"/>
  <largest-consumer threadName="Thread-37" threadId="0000000000F49E00" bytes="8664352" />
</allocation-stats>
<gc-op id="4797" type="copy forward" timems="9.474" contextid="4794" timestamp="2019-08-04T08:44:01.304">
  <memory-copied type="eden" objects="8006" bytes="3264240" bytesdiscarded="643576" />
  <memory-copied type="other" objects="28" bytes="1272" bytesdiscarded="0" />
  <memory-cardclean objects="2993" bytes="139728" />
  <remembered-set-cleared processed="903" cleared="591" durationms="0.139" />
  <references type="phantom" candidates="7" cleared="0" enqueued="0" />
  <stringconstants candidates="16472" cleared="0"  />
</gc-op>
<gc-op id="4798" type="classunload" timems="0.018" contextid="4794" timestamp="2019-08-04T08:44:01.304">
  <classunload-info classloadercandidates="69" classloadersunloaded="0" classesunloaded="0" anonymousclassesunloaded="0" quiescems="0.000" setupms="0.018" scanms="0.000" postms="0.000" />
</gc-op>
<gc-end id="4799" type="partial gc" contextid="4794" durationms="10.689" usertimems="24.856" systemtimems="11.025" timestamp="2019-08-04T08:44:01.304" activeThreads="16">
  <mem-info id="4800" free="155189248" total="257949696" percent="60">
    <mem type="eden" free="286184" total="4194304" percent="6" />
    <remembered-set count="7520" freebytes="10282240" totalbytes="10312320" percent="99" regionsoverflowed="0" regionsstable="11" regionsrebuilding="0"/>
  </mem-info>
</gc-end>
<cycle-end id="4801" type="partial gc" contextid="4794" timestamp="2019-08-04T08:44:01.304">
  <attribute name="GC Util" value="115" />
  <attribute name="CPU Util" value="27278960502222" />
  <attribute name="Time Running"value="179087"/>
  <attribute name="Number of cores"value="16"/>
</cycle-end>
<exclusive-end id="4802" timestamp="2019-08-04T08:44:01.304" durationms="11.597" />

<exclusive-start id="4803" timestamp="2019-08-04T08:44:01.375" intervalms="82.219">
  <response-info timems="2.149" idlems="2.149" threads="0" lastid="0000000000F28B00" lastname="Thread-52" />
</exclusive-start>
<allocation-taxation id="4804" taxation-threshold="71303168" timestamp="2019-08-04T08:44:01.375" intervalms="82.230" />
<cycle-start id="4805" type="partial gc" contextid="0" timestamp="2019-08-04T08:44:01.375" intervalms="82.286" />
  <attribute name="GC Util" value="115" />
  <attribute name="CPU Util" value="27278960502222" />
  <attribute name="Time Running"value="179087"/>
  <attribute name="Number of cores"value="16"/>
<gc-start id="4806" type="partial gc" contextid="4805" timestamp="2019-08-04T08:44:01.376">
  <mem-info id="4807" free="83886080" total="257949696" percent="32">
    <mem type="eden" free="0" total="71303168" percent="0" />
    <remembered-set count="7072" freebytes="10284032" totalbytes="10312320" percent="99" regionsoverflowed="0" regionsstable="11" regionsrebuilding="0"/>
  </mem-info>
</gc-start>
<allocation-stats totalBytes="71160696" >
  <allocated-bytes non-tlh="32784" tlh="71127912" arrayletleaf="0"/>
  <largest-consumer threadName="Thread-52" threadId="0000000000F28B00" bytes="9592520" />
</allocation-stats>
<gc-op id="4808" type="copy forward" timems="8.453" contextid="4805" timestamp="2019-08-04T08:44:01.385">
  <memory-copied type="eden" objects="8393" bytes="3308728" bytesdiscarded="529048" />
  <memory-copied type="other" objects="658" bytes="268904" bytesdiscarded="0" />
  <memory-cardclean objects="2994" bytes="139240" />
  <remembered-set-cleared processed="838" cleared="527" durationms="0.146" />
  <references type="phantom" candidates="2" cleared="0" enqueued="0" />
  <stringconstants candidates="16472" cleared="0"  />
</gc-op>
<gc-op id="4809" type="classunload" timems="0.013" contextid="4805" timestamp="2019-08-04T08:44:01.385">
  <classunload-info classloadercandidates="69" classloadersunloaded="0" classesunloaded="0" anonymousclassesunloaded="0" quiescems="0.000" setupms="0.013" scanms="0.000" postms="0.000" />
</gc-op>
<heap-resize id="4810" type="expand" space="default" amount="4194304" count="1" timems="0.062" reason="excessive time being spent in gc" timestamp="2019-08-04T08:44:01.386" />
<gc-end id="4811" type="partial gc" contextid="4805" durationms="10.177" usertimems="27.339" systemtimems="7.245" timestamp="2019-08-04T08:44:01.386" activeThreads="16">
  <mem-info id="4812" free="157286400" total="262144000" percent="60">
    <mem type="eden" free="356280" total="4194304" percent="8" />
    <remembered-set count="6464" freebytes="10454144" totalbytes="10480000" percent="99" regionsoverflowed="0" regionsstable="11" regionsrebuilding="0"/>
  </mem-info>
</gc-end>
<cycle-end id="4813" type="partial gc" contextid="4805" timestamp="2019-08-04T08:44:01.386">
  <attribute name="GC Util" value="199" />
  <attribute name="CPU Util" value="23705499157419" />
  <attribute name="Time Running"value="179169"/>
  <attribute name="Number of cores"value="16"/>
</cycle-end>
<exclusive-end id="4814" timestamp="2019-08-04T08:44:01.386" durationms="10.883" />

<exclusive-start id="4815" timestamp="2019-08-04T08:44:01.463" intervalms="88.034">
  <response-info timems="1.059" idlems="1.059" threads="0" lastid="0000000000F59A00" lastname="Thread-43" />
</exclusive-start>
<allocation-taxation id="4816" taxation-threshold="73400320" timestamp="2019-08-04T08:44:01.463" intervalms="88.045" />
<cycle-start id="4817" type="partial gc" contextid="0" timestamp="2019-08-04T08:44:01.463" intervalms="88.006" />
  <attribute name="GC Util" value="199" />
  <attribute name="CPU Util" value="23705499157419" />
  <attribute name="Time Running"value="179169"/>
  <attribute name="Number of cores"value="16"/>
<gc-start id="4818" type="partial gc" contextid="4817" timestamp="2019-08-04T08:44:01.466">
  <mem-info id="4819" free="83886080" total="262144000" percent="32">
    <mem type="eden" free="0" total="73400320" percent="0" />
    <remembered-set count="6080" freebytes="10455680" totalbytes="10480000" percent="99" regionsoverflowed="0" regionsstable="11" regionsrebuilding="0"/>
  </mem-info>
</gc-start>
<allocation-stats totalBytes="73223824" >
  <allocated-bytes non-tlh="65560" tlh="73158264" arrayletleaf="0"/>
  <largest-consumer threadName="Thread-41" threadId="0000000000F4AA00" bytes="9018592" />
</allocation-stats>
<gc-op id="4820" type="copy forward" timems="10.828" contextid="4817" timestamp="2019-08-04T08:44:01.486">
  <memory-copied type="eden" objects="9168" bytes="3578416" bytesdiscarded="648296" />
  <memory-copied type="other" objects="36" bytes="1560" bytesdiscarded="0" />
  <memory-cardclean objects="2991" bytes="139416" />
  <remembered-set-cleared processed="871" cleared="560" durationms="0.302" />
  <references type="weak" candidates="1" cleared="0" enqueued="0" />
  <references type="phantom" candidates="3" cleared="0" enqueued="0" />
  <stringconstants candidates="16472" cleared="0"  />
</gc-op>
<gc-op id="4821" type="classunload" timems="0.019" contextid="4817" timestamp="2019-08-04T08:44:01.486">
  <classunload-info classloadercandidates="69" classloadersunloaded="0" classesunloaded="0" anonymousclassesunloaded="0" quiescems="0.000" setupms="0.019" scanms="0.000" postms="0.000" />
</gc-op>
<heap-resize id="4822" type="expand" space="default" amount="10485760" count="1" timems="0.073" reason="excessive time being spent in gc" timestamp="2019-08-04T08:44:01.486" />
<gc-end id="4823" type="partial gc" contextid="4817" durationms="20.244" usertimems="40.314" systemtimems="14.303" timestamp="2019-08-04T08:44:01.486" activeThreads="16">
  <mem-info id="4824" free="163577856" total="272629760" percent="60">
    <mem type="eden" free="2064488" total="6291456" percent="32" />
    <remembered-set count="9056" freebytes="10862976" totalbytes="10899200" percent="99" regionsoverflowed="0" regionsstable="11" regionsrebuilding="0"/>
  </mem-info>
</gc-end>
<cycle-end id="4825" type="partial gc" contextid="4817" timestamp="2019-08-04T08:44:01.486">
  <attribute name="GC Util" value="44" />
  <attribute name="CPU Util" value="2120545790392" />
  <attribute name="Time Running"value="179268"/>
  <attribute name="Number of cores"value="16"/>
</cycle-end>
<exclusive-end id="4826" timestamp="2019-08-04T08:44:01.486" durationms="23.455" />

<exclusive-start id="4827" timestamp="2019-08-04T08:44:01.630" intervalms="167.361">
  <response-info timems="6.793" idlems="6.793" threads="0" lastid="0000000000F24F00" lastname="Thread-51" />
</exclusive-start>
<allocation-taxation id="4828" taxation-threshold="75497472" timestamp="2019-08-04T08:44:01.630" intervalms="167.340" />
<cycle-start id="4829" type="partial gc" contextid="0" timestamp="2019-08-04T08:44:01.631" intervalms="167.398" />
  <attribute name="GC Util" value="44" />
  <attribute name="CPU Util" value="2120545790392" />
  <attribute name="Time Running"value="179268"/>
  <attribute name="Number of cores"value="16"/>
<gc-start id="4830" type="partial gc" contextid="4829" timestamp="2019-08-04T08:44:01.631">
  <mem-info id="4831" free="88080384" total="272629760" percent="32">
    <mem type="eden" free="0" total="75497472" percent="0" />
    <remembered-set count="8576" freebytes="10864896" totalbytes="10899200" percent="99" regionsoverflowed="0" regionsstable="11" regionsrebuilding="0"/>
  </mem-info>
</gc-start>
<allocation-stats totalBytes="75314184" >
  <allocated-bytes non-tlh="0" tlh="75314184" arrayletleaf="0"/>
  <largest-consumer threadName="Thread-41" threadId="0000000000F4AA00" bytes="8580320" />
</allocation-stats>
<gc-op id="4832" type="copy forward" timems="15.129" contextid="4829" timestamp="2019-08-04T08:44:01.649">
  <memory-copied type="eden" objects="7188" bytes="3056624" bytesdiscarded="483072" />
  <memory-copied type="other" objects="38" bytes="2296" bytesdiscarded="624" />
  <memory-cardclean objects="2988" bytes="138936" />
  <remembered-set-cleared processed="892" cleared="578" durationms="0.324" />
  <references type="weak" candidates="4" cleared="0" enqueued="0" />
  <references type="phantom" candidates="9" cleared="0" enqueued="0" />
  <stringconstants candidates="16472" cleared="0"  />
</gc-op>
<gc-op id="4833" type="classunload" timems="0.014" contextid="4829" timestamp="2019-08-04T08:44:01.649">
  <classunload-info classloadercandidates="69" classloadersunloaded="0" classesunloaded="0" anonymousclassesunloaded="0" quiescems="0.000" setupms="0.014" scanms="0.000" postms="0.000" />
</gc-op>
<gc-end id="4834" type="partial gc" contextid="4829" durationms="17.930" usertimems="22.185" systemtimems="9.057" timestamp="2019-08-04T08:44:01.649" activeThreads="16">
  <mem-info id="4835" free="163577856" total="272629760" percent="60">
    <mem type="eden" free="654320" total="4194304" percent="15" />
    <remembered-set count="8544" freebytes="10865024" totalbytes="10899200" percent="99" regionsoverflowed="0" regionsstable="11" regionsrebuilding="0"/>
  </mem-info>
</gc-end>
<cycle-end id="4836" type="partial gc" contextid="4829" timestamp="2019-08-04T08:44:01.649">
  <attribute name="GC Util" value="127" />
  <attribute name="CPU Util" value="8623692524505" />
  <attribute name="Time Running"value="179426"/>
  <attribute name="Number of cores"value="16"/>
</cycle-end>
<exclusive-end id="4837" timestamp="2019-08-04T08:44:01.649" durationms="18.972" />

<exclusive-start id="4838" timestamp="2019-08-04T08:44:01.716" intervalms="85.494">
  <response-info timems="0.436" idlems="0.221" threads="1" lastid="0000000000F28B00" lastname="Thread-52" />
</exclusive-start>
<allocation-taxation id="4839" taxation-threshold="75497472" timestamp="2019-08-04T08:44:01.716" intervalms="85.494" />
<cycle-start id="4840" type="partial gc" contextid="0" timestamp="2019-08-04T08:44:01.716" intervalms="85.413" />
  <attribute name="GC Util" value="127" />
  <attribute name="CPU Util" value="8623692524505" />
  <attribute name="Time Running"value="179426"/>
  <attribute name="Number of cores"value="16"/>
<gc-start id="4841" type="partial gc" contextid="4840" timestamp="2019-08-04T08:44:01.717">
  <mem-info id="4842" free="88080384" total="272629760" percent="32">
    <mem type="eden" free="0" total="75497472" percent="0" />
    <remembered-set count="8064" freebytes="10866944" totalbytes="10899200" percent="99" regionsoverflowed="0" regionsstable="11" regionsrebuilding="0"/>
  </mem-info>
</gc-start>
<allocation-stats totalBytes="75336976" >
  <allocated-bytes non-tlh="32776" tlh="75304200" arrayletleaf="0"/>
  <largest-consumer threadName="Thread-46" threadId="0000000000F61100" bytes="6976576" />
</allocation-stats>
<gc-op id="4843" type="copy forward" timems="11.481" contextid="4840" timestamp="2019-08-04T08:44:01.729">
  <memory-copied type="eden" objects="8992" bytes="3792392" bytesdiscarded="836680" />
  <memory-copied type="other" objects="96" bytes="105968" bytesdiscarded="5152" />
  <memory-cardclean objects="3033" bytes="141784" />
  <remembered-set-cleared processed="788" cleared="497" durationms="0.292" />
  <references type="phantom" candidates="2" cleared="0" enqueued="0" />
  <stringconstants candidates="16472" cleared="0"  />
</gc-op>
<gc-op id="4844" type="classunload" timems="0.016" contextid="4840" timestamp="2019-08-04T08:44:01.729">
  <classunload-info classloadercandidates="69" classloadersunloaded="0" classesunloaded="0" anonymousclassesunloaded="0" quiescems="0.000" setupms="0.016" scanms="0.000" postms="0.000" />
</gc-op>
<heap-resize id="4845" type="expand" space="default" amount="10485760" count="1" timems="0.075" reason="excessive time being spent in gc" timestamp="2019-08-04T08:44:01.729" />
<gc-end id="4846" type="partial gc" contextid="4840" durationms="13.015" usertimems="23.463" systemtimems="7.398" timestamp="2019-08-04T08:44:01.730" activeThreads="16">
  <mem-info id="4847" free="169869312" total="283115520" percent="60">
    <mem type="eden" free="1662112" total="6291456" percent="26" />
    <remembered-set count="8992" freebytes="11282432" totalbytes="11318400" percent="99" regionsoverflowed="0" regionsstable="11" regionsrebuilding="0"/>
  </mem-info>
</gc-end>
<cycle-end id="4848" type="partial gc" contextid="4840" timestamp="2019-08-04T08:44:01.730">
  <attribute name="GC Util" value="197" />
  <attribute name="CPU Util" value="24344100734014" />
  <attribute name="Time Running"value="179510"/>
  <attribute name="Number of cores"value="16"/>
</cycle-end>
<exclusive-end id="4849" timestamp="2019-08-04T08:44:01.730" durationms="13.884" />

<exclusive-start id="4850" timestamp="2019-08-04T08:44:01.783" intervalms="67.489">
  <response-info timems="1.283" idlems="1.283" threads="0" lastid="0000000000F61100" lastname="Thread-46" />
</exclusive-start>
<allocation-taxation id="4851" taxation-threshold="77594624" timestamp="2019-08-04T08:44:01.783" intervalms="67.491" />
<cycle-start id="4852" type="partial gc" contextid="0" timestamp="2019-08-04T08:44:01.783" intervalms="67.501" />
  <attribute name="GC Util" value="197" />
  <attribute name="CPU Util" value="24344100734014" />
  <attribute name="Time Running"value="179510"/>
  <attribute name="Number of cores"value="16"/>
<gc-start id="4853" type="partial gc" contextid="4852" timestamp="2019-08-04T08:44:01.784">
  <mem-info id="4854" free="92274688" total="283115520" percent="32">
    <mem type="eden" free="0" total="77594624" percent="0" />
    <remembered-set count="8576" freebytes="11284096" totalbytes="11318400" percent="99" regionsoverflowed="0" regionsstable="11" regionsrebuilding="0"/>
  </mem-info>
</gc-start>
<allocation-stats totalBytes="77454120" >
  <allocated-bytes non-tlh="0" tlh="77454120" arrayletleaf="0"/>
  <largest-consumer threadName="Thread-46" threadId="0000000000F61100" bytes="8457760" />
</allocation-stats>
<gc-op id="4855" type="copy forward" timems="10.931" contextid="4852" timestamp="2019-08-04T08:44:01.797">
  <memory-copied type="eden" objects="10463" bytes="4102472" bytesdiscarded="884640" />
  <memory-copied type="other" objects="30" bytes="1304" bytesdiscarded="0" />
  <memory-cardclean objects="3013" bytes="141120" />
  <remembered-set-cleared processed="892" cleared="584" durationms="0.443" />
  <references type="phantom" candidates="2" cleared="0" enqueued="0" />
  <stringconstants candidates="16472" cleared="0"  />
</gc-op>
<gc-op id="4856" type="classunload" timems="0.013" contextid="4852" timestamp="2019-08-04T08:44:01.797">
  <classunload-info classloadercandidates="69" classloadersunloaded="0" classesunloaded="0" anonymousclassesunloaded="0" quiescems="0.000" setupms="0.013" scanms="0.000" postms="0.000" />
</gc-op>
<heap-resize id="4857" type="expand" space="default" amount="6291456" count="1" timems="0.062" reason="excessive time being spent in gc" timestamp="2019-08-04T08:44:01.797" />
<gc-end id="4858" type="partial gc" contextid="4852" durationms="13.148" usertimems="17.861" systemtimems="7.707" timestamp="2019-08-04T08:44:01.797" activeThreads="16">
  <mem-info id="4859" free="174063616" total="289406976" percent="60">
    <mem type="eden" free="1304072" total="6291456" percent="20" />
    <remembered-set count="8160" freebytes="11537280" totalbytes="11569920" percent="99" regionsoverflowed="0" regionsstable="11" regionsrebuilding="0"/>
  </mem-info>
</gc-end>
<cycle-end id="4860" type="partial gc" contextid="4852" timestamp="2019-08-04T08:44:01.797">
  <attribute name="GC Util" value="48" />
  <attribute name="CPU Util" value="12615779504338" />
  <attribute name="Time Running"value="179578"/>
  <attribute name="Number of cores"value="16"/>
</cycle-end>
<exclusive-end id="4861" timestamp="2019-08-04T08:44:01.797" durationms="13.736" />

<exclusive-start id="4862" timestamp="2019-08-04T08:44:01.859" intervalms="75.794">
  <response-info timems="0.095" idlems="0.095" threads="0" lastid="0000000000F1D700" lastname="Thread-40" />
</exclusive-start>
<allocation-taxation id="4863" taxation-threshold="79691776" timestamp="2019-08-04T08:44:01.859" intervalms="75.947" />
<cycle-start id="4864" type="partial gc" contextid="0" timestamp="2019-08-04T08:44:01.859" intervalms="75.985" />
  <attribute name="GC Util" value="48" />
  <attribute name="CPU Util" value="12615779504338" />
  <attribute name="Time Running"value="179578"/>
  <attribute name="Number of cores"value="16"/>
<gc-start id="4865" type="partial gc" contextid="4864" timestamp="2019-08-04T08:44:01.860">
  <mem-info id="4866" free="94371840" total="289406976" percent="32">
    <mem type="eden" free="0" total="79691776" percent="0" />
    <remembered-set count="7744" freebytes="11538944" totalbytes="11569920" percent="99" regionsoverflowed="0" regionsstable="11" regionsrebuilding="0"/>
  </mem-info>
</gc-start>
<allocation-stats totalBytes="79513200" >
  <allocated-bytes non-tlh="0" tlh="79513200" arrayletleaf="0"/>
  <largest-consumer threadName="Thread-46" threadId="0000000000F61100" bytes="9348304" />
</allocation-stats>
<gc-op id="4867" type="copy forward" timems="25.336" contextid="4864" timestamp="2019-08-04T08:44:01.886">
  <memory-copied type="eden" objects="9829" bytes="3978104" bytesdiscarded="605496" />
  <memory-copied type="other" objects="24" bytes="864" bytesdiscarded="0" />
  <memory-cardclean objects="3040" bytes="142800" />
  <remembered-set-cleared processed="934" cleared="628" durationms="0.320" />
  <stringconstants candidates="16472" cleared="0"  />
</gc-op>
<gc-op id="4868" type="classunload" timems="0.017" contextid="4864" timestamp="2019-08-04T08:44:01.886">
  <classunload-info classloadercandidates="69" classloadersunloaded="0" classesunloaded="0" anonymousclassesunloaded="0" quiescems="0.000" setupms="0.017" scanms="0.000" postms="0.000" />
</gc-op>
<heap-resize id="4869" type="expand" space="default" amount="4194304" count="1" timems="0.059" reason="excessive time being spent in gc" timestamp="2019-08-04T08:44:01.887" />
<gc-end id="4870" type="partial gc" contextid="4864" durationms="26.904" usertimems="58.640" systemtimems="22.699" timestamp="2019-08-04T08:44:01.887" activeThreads="16">
  <mem-info id="4871" free="176160768" total="293601280" percent="60">
    <mem type="eden" free="1707600" total="6291456" percent="27" />
    <remembered-set count="9152" freebytes="11700992" totalbytes="11737600" percent="99" regionsoverflowed="0" regionsstable="11" regionsrebuilding="0"/>
  </mem-info>
</gc-end>
<cycle-end id="4872" type="partial gc" contextid="4864" timestamp="2019-08-04T08:44:01.887">
  <attribute name="GC Util" value="110" />
  <attribute name="CPU Util" value="22418873493311" />
  <attribute name="Time Running"value="179654"/>
  <attribute name="Number of cores"value="16"/>
</cycle-end>
<exclusive-end id="4873" timestamp="2019-08-04T08:44:01.887" durationms="27.749" />

<exclusive-start id="4874" timestamp="2019-08-04T08:44:01.958" intervalms="98.546">
  <response-info timems="0.933" idlems="0.933" threads="0" lastid="0000000000F15F00" lastname="Thread-39" />
</exclusive-start>
<allocation-taxation id="4875" taxation-threshold="79691776" timestamp="2019-08-04T08:44:01.958" intervalms="98.397" />
<cycle-start id="4876" type="partial gc" contextid="0" timestamp="2019-08-04T08:44:01.958" intervalms="98.348" />
  <attribute name="GC Util" value="110" />
  <attribute name="CPU Util" value="22418873493311" />
  <attribute name="Time Running"value="179654"/>
  <attribute name="Number of cores"value="16"/>
<gc-start id="4877" type="partial gc" contextid="4876" timestamp="2019-08-04T08:44:01.958">
  <mem-info id="4878" free="96468992" total="293601280" percent="32">
    <mem type="eden" free="0" total="79691776" percent="0" />
    <remembered-set count="8736" freebytes="11702656" totalbytes="11737600" percent="99" regionsoverflowed="0" regionsstable="11" regionsrebuilding="0"/>
  </mem-info>
</gc-start>
<allocation-stats totalBytes="79531960" >
  <allocated-bytes non-tlh="0" tlh="79531960" arrayletleaf="0"/>
  <largest-consumer threadName="Thread-50" threadId="0000000000F64D00" bytes="10288824" />
</allocation-stats>
<gc-op id="4879" type="copy forward" timems="12.908" contextid="4876" timestamp="2019-08-04T08:44:01.972">
  <memory-copied type="eden" objects="9827" bytes="3799664" bytesdiscarded="933456" />
  <memory-copied type="other" objects="26" bytes="1160" bytesdiscarded="0" />
  <memory-cardclean objects="3012" bytes="140672" />
  <remembered-set-cleared processed="926" cleared="616" durationms="0.140" />
  <references type="phantom" candidates="2" cleared="0" enqueued="0" />
  <stringconstants candidates="16472" cleared="0"  />
</gc-op>
<gc-op id="4880" type="classunload" timems="0.015" contextid="4876" timestamp="2019-08-04T08:44:01.972">
  <classunload-info classloadercandidates="69" classloadersunloaded="0" classesunloaded="0" anonymousclassesunloaded="0" quiescems="0.000" setupms="0.014" scanms="0.000" postms="0.000" />
</gc-op>
<heap-resize id="4881" type="expand" space="default" amount="6291456" count="1" timems="0.068" reason="excessive time being spent in gc" timestamp="2019-08-04T08:44:01.972" />
<gc-end id="4882" type="partial gc" contextid="4876" durationms="14.359" usertimems="27.845" systemtimems="11.973" timestamp="2019-08-04T08:44:01.972" activeThreads="16">
  <mem-info id="4883" free="180355072" total="299892736" percent="60">
    <mem type="eden" free="1558056" total="6291456" percent="24" />
    <remembered-set count="8640" freebytes="11954560" totalbytes="11989120" percent="99" regionsoverflowed="0" regionsstable="11" regionsrebuilding="0"/>
  </mem-info>
</gc-end>
<cycle-end id="4884" type="partial gc" contextid="4876" timestamp="2019-08-04T08:44:01.973">
  <attribute name="GC Util" value="121" />
  <attribute name="CPU Util" value="29689743431003" />
  <attribute name="Time Running"value="179752"/>
  <attribute name="Number of cores"value="16"/>
</cycle-end>
<exclusive-end id="4885" timestamp="2019-08-04T08:44:01.973" durationms="15.011" />

<exclusive-start id="4886" timestamp="2019-08-04T08:44:02.054" intervalms="96.719">
  <response-info timems="5.440" idlems="1.855" threads="2" lastid="0000000000F03400" lastname="Thread-42" />
</exclusive-start>
<allocation-taxation id="4887" taxation-threshold="81788928" timestamp="2019-08-04T08:44:02.055" intervalms="96.781" />
<cycle-start id="4888" type="partial gc" contextid="0" timestamp="2019-08-04T08:44:02.055" intervalms="97.443" />
  <attribute name="GC Util" value="121" />
  <attribute name="CPU Util" value="29689743431003" />
  <attribute name="Time Running"value="179752"/>
  <attribute name="Number of cores"value="16"/>
<gc-start id="4889" type="partial gc" contextid="4888" timestamp="2019-08-04T08:44:02.056">
  <mem-info id="4890" free="98566144" total="299892736" percent="32">
    <mem type="eden" free="0" total="81788928" percent="0" />
    <remembered-set count="8256" freebytes="11956096" totalbytes="11989120" percent="99" regionsoverflowed="0" regionsstable="11" regionsrebuilding="0"/>
  </mem-info>
</gc-start>
<allocation-stats totalBytes="81569616" >
  <allocated-bytes non-tlh="139312" tlh="81430304" arrayletleaf="0"/>
  <largest-consumer threadName="Thread-51" threadId="0000000000F24F00" bytes="9987232" />
</allocation-stats>
<gc-op id="4891" type="copy forward" timems="11.546" contextid="4888" timestamp="2019-08-04T08:44:02.069">
  <memory-copied type="eden" objects="9953" bytes="3895384" bytesdiscarded="645520" />
  <memory-copied type="other" objects="32" bytes="1152" bytesdiscarded="0" />
  <memory-cardclean objects="3003" bytes="140288" />
  <remembered-set-cleared processed="928" cleared="617" durationms="0.236" />
  <references type="phantom" candidates="3" cleared="0" enqueued="0" />
  <stringconstants candidates="16472" cleared="0"  />
</gc-op>
<gc-op id="4892" type="classunload" timems="0.020" contextid="4888" timestamp="2019-08-04T08:44:02.069">
  <classunload-info classloadercandidates="69" classloadersunloaded="0" classesunloaded="0" anonymousclassesunloaded="0" quiescems="0.000" setupms="0.019" scanms="0.000" postms="0.000" />
</gc-op>
<heap-resize id="4893" type="expand" space="default" amount="4194304" count="1" timems="0.061" reason="excessive time being spent in gc" timestamp="2019-08-04T08:44:02.070" />
<gc-end id="4894" type="partial gc" contextid="4888" durationms="14.065" usertimems="23.982" systemtimems="11.024" timestamp="2019-08-04T08:44:02.070" activeThreads="16">
  <mem-info id="4895" free="182452224" total="304087040" percent="60">
    <mem type="eden" free="1750272" total="6291456" percent="27" />
    <remembered-set count="6080" freebytes="12132480" totalbytes="12156800" percent="99" regionsoverflowed="0" regionsstable="11" regionsrebuilding="0"/>
  </mem-info>
</gc-end>
<cycle-end id="4896" type="partial gc" contextid="4888" timestamp="2019-08-04T08:44:02.070">
  <attribute name="GC Util" value="34" />
  <attribute name="CPU Util" value="9191256907131" />
  <attribute name="Time Running"value="179851"/>
  <attribute name="Number of cores"value="16"/>
</cycle-end>
<exclusive-end id="4897" timestamp="2019-08-04T08:44:02.070" durationms="15.755" />

<exclusive-start id="4898" timestamp="2019-08-04T08:44:02.116" intervalms="61.521">
  <response-info timems="1.515" idlems="0.931" threads="2" lastid="0000000000F15F00" lastname="Thread-39" />
</exclusive-start>
<allocation-taxation id="4899" taxation-threshold="83886080" timestamp="2019-08-04T08:44:02.116" intervalms="61.465" />
<cycle-start id="4900" type="partial gc" contextid="0" timestamp="2019-08-04T08:44:02.116" intervalms="60.821" />
  <attribute name="GC Util" value="34" />
  <attribute name="CPU Util" value="9191256907131" />
  <attribute name="Time Running"value="179851"/>
  <attribute name="Number of cores"value="16"/>
<gc-start id="4901" type="partial gc" contextid="4900" timestamp="2019-08-04T08:44:02.116">
  <mem-info id="4902" free="98566144" total="304087040" percent="32">
    <mem type="eden" free="0" total="83886080" percent="0" />
    <remembered-set count="5664" freebytes="12134144" totalbytes="12156800" percent="99" regionsoverflowed="0" regionsstable="11" regionsrebuilding="0"/>
  </mem-info>
</gc-start>
<allocation-stats totalBytes="83717784" >
  <allocated-bytes non-tlh="49168" tlh="83668616" arrayletleaf="0"/>
  <largest-consumer threadName="Thread-37" threadId="0000000000F49E00" bytes="11318496" />
</allocation-stats>
<gc-op id="4903" type="copy forward" timems="17.743" contextid="4900" timestamp="2019-08-04T08:44:02.136">
  <memory-copied type="eden" objects="9227" bytes="3738344" bytesdiscarded="711736" />
  <memory-copied type="other" objects="16" bytes="576" bytesdiscarded="0" />
  <memory-cardclean objects="3042" bytes="142368" />
  <remembered-set-cleared processed="930" cleared="623" durationms="0.314" />
  <references type="weak" candidates="1" cleared="0" enqueued="0" />
  <references type="phantom" candidates="4" cleared="0" enqueued="0" />
  <stringconstants candidates="16472" cleared="0"  />
</gc-op>
<gc-op id="4904" type="classunload" timems="0.016" contextid="4900" timestamp="2019-08-04T08:44:02.137">
  <classunload-info classloadercandidates="69" classloadersunloaded="0" classesunloaded="0" anonymousclassesunloaded="0" quiescems="0.000" setupms="0.016" scanms="0.000" postms="0.000" />
</gc-op>
<gc-end id="4905" type="partial gc" contextid="4900" durationms="20.245" usertimems="47.440" systemtimems="7.751" timestamp="2019-08-04T08:44:02.137" activeThreads="16">
  <mem-info id="4906" free="182452224" total="304087040" percent="60">
    <mem type="eden" free="1841088" total="6291456" percent="29" />
    <remembered-set count="6592" freebytes="12130432" totalbytes="12156800" percent="99" regionsoverflowed="0" regionsstable="11" regionsrebuilding="0"/>
  </mem-info>
</gc-end>
<cycle-end id="4907" type="partial gc" contextid="4900" timestamp="2019-08-04T08:44:02.137">
  <attribute name="GC Util" value="256" />
  <attribute name="CPU Util" value="9469609411372" />
  <attribute name="Time Running"value="179911"/>
  <attribute name="Number of cores"value="16"/>
</cycle-end>
<exclusive-end id="4908" timestamp="2019-08-04T08:44:02.137" durationms="21.044" />

<exclusive-start id="4909" timestamp="2019-08-04T08:44:02.204" intervalms="88.123">
  <response-info timems="1.616" idlems="1.616" threads="0" lastid="0000000000F03400" lastname="Thread-42" />
</exclusive-start>
<allocation-taxation id="4910" taxation-threshold="83886080" timestamp="2019-08-04T08:44:02.204" intervalms="88.438" />
<cycle-start id="4911" type="partial gc" contextid="0" timestamp="2019-08-04T08:44:02.205" intervalms="88.426" />
  <attribute name="GC Util" value="256" />
  <attribute name="CPU Util" value="9469609411372" />
  <attribute name="Time Running"value="179911"/>
  <attribute name="Number of cores"value="16"/>
<gc-start id="4912" type="partial gc" contextid="4911" timestamp="2019-08-04T08:44:02.205">
  <mem-info id="4913" free="98566144" total="304087040" percent="32">
    <mem type="eden" free="0" total="83886080" percent="0" />
    <remembered-set count="6240" freebytes="12131840" totalbytes="12156800" percent="99" regionsoverflowed="0" regionsstable="11" regionsrebuilding="0"/>
  </mem-info>
</gc-start>
<allocation-stats totalBytes="83805256" >
  <allocated-bytes non-tlh="49168" tlh="83756088" arrayletleaf="0"/>
  <largest-consumer threadName="Thread-42" threadId="0000000000F03400" bytes="8183576" />
</allocation-stats>
<gc-op id="4914" type="copy forward" timems="22.526" contextid="4911" timestamp="2019-08-04T08:44:02.230">
  <memory-copied type="eden" objects="10515" bytes="4092352" bytesdiscarded="748136" />
  <memory-copied type="other" objects="32" bytes="1152" bytesdiscarded="0" />
  <memory-cardclean objects="3030" bytes="141632" />
  <remembered-set-cleared processed="888" cleared="581" durationms="0.471" />
  <stringconstants candidates="16472" cleared="0"  />
</gc-op>
<gc-op id="4915" type="classunload" timems="0.017" contextid="4911" timestamp="2019-08-04T08:44:02.230">
  <classunload-info classloadercandidates="69" classloadersunloaded="0" classesunloaded="0" anonymousclassesunloaded="0" quiescems="0.000" setupms="0.017" scanms="0.000" postms="0.000" />
</gc-op>
<heap-resize id="4916" type="expand" space="default" amount="6291456" count="1" timems="0.069" reason="excessive time being spent in gc" timestamp="2019-08-04T08:44:02.230" />
<gc-end id="4917" type="partial gc" contextid="4911" durationms="25.244" usertimems="50.486" systemtimems="8.670" timestamp="2019-08-04T08:44:02.230" activeThreads="16">
  <mem-info id="4918" free="186646528" total="310378496" percent="60">
    <mem type="eden" free="1450712" total="6291456" percent="23" />
    <remembered-set count="7072" freebytes="12380032" totalbytes="12408320" percent="99" regionsoverflowed="0" regionsstable="11" regionsrebuilding="0"/>
  </mem-info>
</gc-end>
<cycle-end id="4919" type="partial gc" contextid="4911" timestamp="2019-08-04T08:44:02.230">
  <attribute name="GC Util" value="158" />
  <attribute name="CPU Util" value="10339800807885" />
  <attribute name="Time Running"value="180000"/>
  <attribute name="Number of cores"value="16"/>
</cycle-end>
<exclusive-end id="4920" timestamp="2019-08-04T08:44:02.230" durationms="26.271" />

<exclusive-start id="4921" timestamp="2019-08-04T08:44:02.342" intervalms="138.314">
  <response-info timems="3.914" idlems="3.914" threads="0" lastid="0000000000F64D00" lastname="Thread-50" />
</exclusive-start>
<allocation-taxation id="4922" taxation-threshold="83886080" timestamp="2019-08-04T08:44:02.342" intervalms="137.986" />
<cycle-start id="4923" type="partial gc" contextid="0" timestamp="2019-08-04T08:44:02.343" intervalms="137.983" />
  <attribute name="GC Util" value="158" />
  <attribute name="CPU Util" value="10339800807885" />
  <attribute name="Time Running"value="180000"/>
  <attribute name="Number of cores"value="16"/>
<gc-start id="4924" type="partial gc" contextid="4923" timestamp="2019-08-04T08:44:02.343">
  <mem-info id="4925" free="102760448" total="310378496" percent="33">
    <mem type="eden" free="0" total="83886080" percent="0" />
    <remembered-set count="6624" freebytes="12381824" totalbytes="12408320" percent="99" regionsoverflowed="0" regionsstable="11" regionsrebuilding="0"/>
  </mem-info>
</gc-start>
<allocation-stats totalBytes="83758152" >
  <allocated-bytes non-tlh="106528" tlh="83651624" arrayletleaf="0"/>
  <largest-consumer threadName="Thread-42" threadId="0000000000F03400" bytes="9200000" />
</allocation-stats>
<gc-op id="4926" type="copy forward" timems="11.977" contextid="4923" timestamp="2019-08-04T08:44:02.363">
  <memory-copied type="eden" objects="10135" bytes="4072000" bytesdiscarded="576152" />
  <memory-copied type="other" objects="22" bytes="1016" bytesdiscarded="0" />
  <memory-cardclean objects="3036" bytes="142112" />
  <remembered-set-cleared processed="941" cleared="633" durationms="0.177" />
  <references type="phantom" candidates="1" cleared="0" enqueued="0" />
  <stringconstants candidates="16472" cleared="0"  />
</gc-op>
<gc-op id="4927" type="classunload" timems="0.016" contextid="4923" timestamp="2019-08-04T08:44:02.363">
  <classunload-info classloadercandidates="69" classloadersunloaded="0" classesunloaded="0" anonymousclassesunloaded="0" quiescems="0.000" setupms="0.016" scanms="0.000" postms="0.000" />
</gc-op>
<heap-resize id="4928" type="expand" space="default" amount="4194304" count="1" timems="0.068" reason="excessive time being spent in gc" timestamp="2019-08-04T08:44:02.363" />
<gc-end id="4929" type="partial gc" contextid="4923" durationms="20.710" usertimems="36.868" systemtimems="15.425" timestamp="2019-08-04T08:44:02.363" activeThreads="16">
  <mem-info id="4930" free="188743680" total="314572800" percent="60">
    <mem type="eden" free="1643040" total="6291456" percent="26" />
    <remembered-set count="6048" freebytes="12551808" totalbytes="12576000" percent="99" regionsoverflowed="0" regionsstable="11" regionsrebuilding="0"/>
  </mem-info>
</gc-end>
<cycle-end id="4931" type="partial gc" contextid="4923" timestamp="2019-08-04T08:44:02.364">
  <attribute name="GC Util" value="167" />
  <attribute name="CPU Util" value="2300729417382" />
  <attribute name="Time Running"value="180144"/>
  <attribute name="Number of cores"value="16"/>
</cycle-end>
<exclusive-end id="4932" timestamp="2019-08-04T08:44:02.364" durationms="21.300" />

<exclusive-start id="4933" timestamp="2019-08-04T08:44:02.545" intervalms="202.618">
  <response-info timems="1.433" idlems="1.433" threads="0" lastid="0000000000F06F00" lastname="Thread-45" />
</exclusive-start>
<allocation-taxation id="4934" taxation-threshold="85983232" timestamp="2019-08-04T08:44:02.545" intervalms="202.639" />
<cycle-start id="4935" type="partial gc" contextid="0" timestamp="2019-08-04T08:44:02.549" intervalms="206.187" />
  <attribute name="GC Util" value="167" />
  <attribute name="CPU Util" value="2300729417382" />
  <attribute name="Time Running"value="180144"/>
  <attribute name="Number of cores"value="16"/>
<gc-start id="4936" type="partial gc" contextid="4935" timestamp="2019-08-04T08:44:02.550">
  <mem-info id="4937" free="102760448" total="314572800" percent="32">
    <mem type="eden" free="0" total="85983232" percent="0" />
    <remembered-set count="5632" freebytes="12553472" totalbytes="12576000" percent="99" regionsoverflowed="0" regionsstable="11" regionsrebuilding="0"/>
  </mem-info>
</gc-start>
<allocation-stats totalBytes="85821288" >
  <allocated-bytes non-tlh="90152" tlh="85731136" arrayletleaf="0"/>
  <largest-consumer threadName="Thread-42" threadId="0000000000F03400" bytes="11833720" />
</allocation-stats>
<gc-op id="4938" type="copy forward" timems="7.521" contextid="4935" timestamp="2019-08-04T08:44:02.559">
  <memory-copied type="eden" objects="9922" bytes="3938928" bytesdiscarded="917032" />
  <memory-copied type="other" objects="29" bytes="1648" bytesdiscarded="472" />
  <memory-cardclean objects="3028" bytes="140472" />
  <remembered-set-cleared processed="902" cleared="593" durationms="0.151" />
  <references type="phantom" candidates="3" cleared="0" enqueued="0" />
  <stringconstants candidates="16472" cleared="0"  />
</gc-op>
<gc-op id="4939" type="classunload" timems="0.034" contextid="4935" timestamp="2019-08-04T08:44:02.559">
  <classunload-info classloadercandidates="69" classloadersunloaded="0" classesunloaded="0" anonymousclassesunloaded="0" quiescems="0.000" setupms="0.034" scanms="0.000" postms="0.000" />
</gc-op>
<gc-end id="4940" type="partial gc" contextid="4935" durationms="9.053" usertimems="19.256" systemtimems="8.176" timestamp="2019-08-04T08:44:02.559" activeThreads="16">
  <mem-info id="4941" free="188743680" total="314572800" percent="60">
    <mem type="eden" free="1435216" total="6291456" percent="22" />
    <remembered-set count="9120" freebytes="12539520" totalbytes="12576000" percent="99" regionsoverflowed="0" regionsstable="11" regionsrebuilding="0"/>
  </mem-info>
</gc-end>
<cycle-end id="4942" type="partial gc" contextid="4935" timestamp="2019-08-04T08:44:02.560">
  <attribute name="GC Util" value="131" />
  <attribute name="CPU Util" value="28575145459130" />
  <attribute name="Time Running"value="180344"/>
  <attribute name="Number of cores"value="16"/>
</cycle-end>
<exclusive-end id="4943" timestamp="2019-08-04T08:44:02.560" durationms="14.762" />

<exclusive-start id="4944" timestamp="2019-08-04T08:44:02.724" intervalms="178.958">
  <response-info timems="3.104" idlems="3.104" threads="0" lastid="0000000000F64D00" lastname="Thread-50" />
</exclusive-start>
<allocation-taxation id="4945" taxation-threshold="85983232" timestamp="2019-08-04T08:44:02.724" intervalms="178.948" />
<cycle-start id="4946" type="partial gc" contextid="0" timestamp="2019-08-04T08:44:02.724" intervalms="175.423" />
  <attribute name="GC Util" value="131" />
  <attribute name="CPU Util" value="28575145459130" />
  <attribute name="Time Running"value="180344"/>
  <attribute name="Number of cores"value="16"/>
<gc-start id="4947" type="partial gc" contextid="4946" timestamp="2019-08-04T08:44:02.726">
  <mem-info id="4948" free="102760448" total="314572800" percent="32">
    <mem type="eden" free="0" total="85983232" percent="0" />
    <remembered-set count="8736" freebytes="12541056" totalbytes="12576000" percent="99" regionsoverflowed="0" regionsstable="11" regionsrebuilding="0"/>
  </mem-info>
</gc-start>
<allocation-stats totalBytes="85840728" >
  <allocated-bytes non-tlh="73768" tlh="85766960" arrayletleaf="0"/>
  <largest-consumer threadName="Thread-47" threadId="0000000000F37A00" bytes="8580920" />
</allocation-stats>
<gc-op id="4949" type="copy forward" timems="17.615" contextid="4946" timestamp="2019-08-04T08:44:02.757">
  <memory-copied type="eden" objects="10427" bytes="4073864" bytesdiscarded="737864" />
  <memory-copied type="other" objects="37" bytes="2208" bytesdiscarded="472" />
  <memory-cardclean objects="3033" bytes="141584" />
  <remembered-set-cleared processed="933" cleared="626" durationms="0.695" />
  <stringconstants candidates="16472" cleared="0"  />
</gc-op>
<gc-op id="4950" type="classunload" timems="0.014" contextid="4946" timestamp="2019-08-04T08:44:02.757">
  <classunload-info classloadercandidates="69" classloadersunloaded="0" classesunloaded="0" anonymousclassesunloaded="0" quiescems="0.000" setupms="0.014" scanms="0.000" postms="0.000" />
</gc-op>
<gc-end id="4951" type="partial gc" contextid="4946" durationms="31.425" usertimems="26.247" systemtimems="30.602" timestamp="2019-08-04T08:44:02.757" activeThreads="16">
  <mem-info id="4952" free="186646528" total="314572800" percent="59">
    <mem type="eden" free="1479472" total="6291456" percent="23" />
    <remembered-set count="7072" freebytes="12547712" totalbytes="12576000" percent="99" regionsoverflowed="0" regionsstable="11" regionsrebuilding="0"/>
  </mem-info>
</gc-end>
<cycle-end id="4953" type="partial gc" contextid="4946" timestamp="2019-08-04T08:44:02.757">
  <attribute name="GC Util" value="6" />
  <attribute name="CPU Util" value="1472314779989" />
  <attribute name="Time Running"value="180532"/>
  <attribute name="Number of cores"value="16"/>
</cycle-end>
<exclusive-end id="4954" timestamp="2019-08-04T08:44:02.757" durationms="33.269" />

<exclusive-start id="4955" timestamp="2019-08-04T08:44:02.821" intervalms="97.366">
  <response-info timems="2.004" idlems="1.995" threads="1" lastid="0000000000F06F00" lastname="Thread-45" />
</exclusive-start>
<allocation-taxation id="4956" taxation-threshold="85983232" timestamp="2019-08-04T08:44:02.821" intervalms="97.359" />
<cycle-start id="4957" type="partial gc" contextid="0" timestamp="2019-08-04T08:44:02.821" intervalms="97.319" />
  <attribute name="GC Util" value="6" />
  <attribute name="CPU Util" value="1472314779989" />
  <attribute name="Time Running"value="180532"/>
  <attribute name="Number of cores"value="16"/>
<gc-start id="4958" type="partial gc" contextid="4957" timestamp="2019-08-04T08:44:02.822">
  <mem-info id="4959" free="100663296" total="314572800" percent="32">
    <mem type="eden" free="0" total="85983232" percent="0" />
    <remembered-set count="6656" freebytes="12549376" totalbytes="12576000" percent="99" regionsoverflowed="0" regionsstable="11" regionsrebuilding="0"/>
  </mem-info>
</gc-start>
<allocation-stats totalBytes="85790296" >
  <allocated-bytes non-tlh="65560" tlh="85724736" arrayletleaf="0"/>
  <largest-consumer threadName="Thread-51" threadId="0000000000F24F00" bytes="9571792" />
</allocation-stats>
<gc-op id="4960" type="copy forward" timems="12.252" contextid="4957" timestamp="2019-08-04T08:44:02.836">
  <memory-copied type="eden" objects="9571" bytes="3720744" bytesdiscarded="773512" />
  <memory-copied type="other" objects="30" bytes="1576" bytesdiscarded="0" />
  <memory-cardclean objects="3047" bytes="142912" />
  <remembered-set-cleared processed="947" cleared="638" durationms="0.163" />
  <references type="phantom" candidates="2" cleared="0" enqueued="0" />
  <stringconstants candidates="16472" cleared="0"  />
</gc-op>
<gc-op id="4961" type="classunload" timems="0.012" contextid="4957" timestamp="2019-08-04T08:44:02.836">
  <classunload-info classloadercandidates="69" classloadersunloaded="0" classesunloaded="0" anonymousclassesunloaded="0" quiescems="0.000" setupms="0.012" scanms="0.000" postms="0.000" />
</gc-op>
<heap-resize id="4962" type="expand" space="default" amount="10485760" count="1" timems="0.069" reason="excessive time being spent in gc" timestamp="2019-08-04T08:44:02.836" />
<gc-end id="4963" type="partial gc" contextid="4957" durationms="14.252" usertimems="28.925" systemtimems="0.105" timestamp="2019-08-04T08:44:02.836" activeThreads="16">
  <mem-info id="4964" free="195035136" total="325058560" percent="60">
    <mem type="eden" free="1796928" total="6291456" percent="28" />
    <remembered-set count="6112" freebytes="12970752" totalbytes="12995200" percent="99" regionsoverflowed="0" regionsstable="11" regionsrebuilding="0"/>
  </mem-info>
</gc-end>
<cycle-end id="4965" type="partial gc" contextid="4957" timestamp="2019-08-04T08:44:02.836">
  <attribute name="GC Util" value="95" />
  <attribute name="CPU Util" value="13395723863187" />
  <attribute name="Time Running"value="180616"/>
  <attribute name="Number of cores"value="16"/>
</cycle-end>
<exclusive-end id="4966" timestamp="2019-08-04T08:44:02.836" durationms="14.802" />

<exclusive-start id="4967" timestamp="2019-08-04T08:44:02.919" intervalms="97.395">
  <response-info timems="0.476" idlems="0.164" threads="2" lastid="0000000000F03400" lastname="Thread-42" />
</exclusive-start>
<allocation-taxation id="4968" taxation-threshold="88080384" timestamp="2019-08-04T08:44:02.919" intervalms="97.389" />
<cycle-start id="4969" type="partial gc" contextid="0" timestamp="2019-08-04T08:44:02.919" intervalms="97.401" />
  <attribute name="GC Util" value="95" />
  <attribute name="CPU Util" value="13395723863187" />
  <attribute name="Time Running"value="180616"/>
  <attribute name="Number of cores"value="16"/>
<gc-start id="4970" type="partial gc" contextid="4969" timestamp="2019-08-04T08:44:02.919">
  <mem-info id="4971" free="106954752" total="325058560" percent="32">
    <mem type="eden" free="0" total="88080384" percent="0" />
    <remembered-set count="5888" freebytes="12971648" totalbytes="12995200" percent="99" regionsoverflowed="0" regionsstable="11" regionsrebuilding="0"/>
  </mem-info>
</gc-start>
<allocation-stats totalBytes="87842048" >
  <allocated-bytes non-tlh="65560" tlh="87776488" arrayletleaf="0"/>
  <largest-consumer threadName="Thread-46" threadId="0000000000F61100" bytes="11516584" />
</allocation-stats>
<gc-op id="4972" type="copy forward" timems="6.821" contextid="4969" timestamp="2019-08-04T08:44:02.928">
  <memory-copied type="eden" objects="9531" bytes="3732576" bytesdiscarded="626912" />
  <memory-copied type="other" objects="29" bytes="1032" bytesdiscarded="0" />
  <memory-cardclean objects="3047" bytes="142864" />
  <remembered-set-cleared processed="918" cleared="606" durationms="1.343" />
  <references type="phantom" candidates="5" cleared="0" enqueued="0" />
  <stringconstants candidates="16472" cleared="0"  />
</gc-op>
<gc-op id="4973" type="classunload" timems="0.012" contextid="4969" timestamp="2019-08-04T08:44:02.928">
  <classunload-info classloadercandidates="69" classloadersunloaded="0" classesunloaded="0" anonymousclassesunloaded="0" quiescems="0.000" setupms="0.011" scanms="0.000" postms="0.000" />
</gc-op>
<heap-resize id="4974" type="expand" space="default" amount="6291456" count="1" timems="0.062" reason="excessive time being spent in gc" timestamp="2019-08-04T08:44:02.928" />
<gc-end id="4975" type="partial gc" contextid="4969" durationms="8.867" usertimems="27.318" systemtimems="0.613" timestamp="2019-08-04T08:44:02.928" activeThreads="16">
  <mem-info id="4976" free="199229440" total="331350016" percent="60">
    <mem type="eden" free="1931672" total="6291456" percent="30" />
    <remembered-set count="5600" freebytes="13224320" totalbytes="13246720" percent="99" regionsoverflowed="0" regionsstable="11" regionsrebuilding="0"/>
  </mem-info>
</gc-end>
<cycle-end id="4977" type="partial gc" contextid="4969" timestamp="2019-08-04T08:44:02.928">
  <attribute name="GC Util" value="83" />
  <attribute name="CPU Util" value="24890156726169" />
  <attribute name="Time Running"value="180713"/>
  <attribute name="Number of cores"value="16"/>
</cycle-end>
<exclusive-end id="4978" timestamp="2019-08-04T08:44:02.928" durationms="9.415" />

<exclusive-start id="4979" timestamp="2019-08-04T08:44:02.981" intervalms="62.645">
  <response-info timems="1.193" idlems="0.609" threads="1" lastid="0000000000F49E00" lastname="Thread-37" />
</exclusive-start>
<allocation-taxation id="4980" taxation-threshold="90177536" timestamp="2019-08-04T08:44:02.981" intervalms="62.658" />
<cycle-start id="4981" type="partial gc" contextid="0" timestamp="2019-08-04T08:44:02.981" intervalms="62.657" />
  <attribute name="GC Util" value="83" />
  <attribute name="CPU Util" value="24890156726169" />
  <attribute name="Time Running"value="180713"/>
  <attribute name="Number of cores"value="16"/>
<gc-start id="4982" type="partial gc" contextid="4981" timestamp="2019-08-04T08:44:02.982">
  <mem-info id="4983" free="109051904" total="331350016" percent="32">
    <mem type="eden" free="0" total="90177536" percent="0" />
    <remembered-set count="5600" freebytes="13224320" totalbytes="13246720" percent="99" regionsoverflowed="0" regionsstable="11" regionsrebuilding="0"/>
  </mem-info>
</gc-start>
<allocation-stats totalBytes="90058768" >
  <allocated-bytes non-tlh="90144" tlh="89968624" arrayletleaf="0"/>
  <largest-consumer threadName="Thread-45" threadId="0000000000F06F00" bytes="12016368" />
</allocation-stats>
<gc-op id="4984" type="copy forward" timems="9.248" contextid="4981" timestamp="2019-08-04T08:44:02.992">
  <memory-copied type="eden" objects="9070" bytes="3822680" bytesdiscarded="676064" />
  <memory-copied type="other" objects="8" bytes="384" bytesdiscarded="0" />
  <memory-cardclean objects="3033" bytes="142016" />
  <remembered-set-cleared processed="913" cleared="601" durationms="0.168" />
  <references type="weak" candidates="1" cleared="0" enqueued="0" />
  <references type="phantom" candidates="4" cleared="0" enqueued="0" />
  <stringconstants candidates="16472" cleared="0"  />
</gc-op>
<gc-op id="4985" type="classunload" timems="0.012" contextid="4981" timestamp="2019-08-04T08:44:02.992">
  <classunload-info classloadercandidates="69" classloadersunloaded="0" classesunloaded="0" anonymousclassesunloaded="0" quiescems="0.000" setupms="0.012" scanms="0.000" postms="0.000" />
</gc-op>
<heap-resize id="4986" type="expand" space="default" amount="4194304" count="1" timems="0.061" reason="excessive time being spent in gc" timestamp="2019-08-04T08:44:02.992" />
<gc-end id="4987" type="partial gc" contextid="4981" durationms="10.753" usertimems="28.995" systemtimems="4.243" timestamp="2019-08-04T08:44:02.992" activeThreads="16">
  <mem-info id="4988" free="201326592" total="335544320" percent="60">
    <mem type="eden" free="1792424" total="6291456" percent="28" />
    <remembered-set count="7168" freebytes="13385728" totalbytes="13414400" percent="99" regionsoverflowed="0" regionsstable="11" regionsrebuilding="0"/>
  </mem-info>
</gc-end>
<cycle-end id="4989" type="partial gc" contextid="4981" timestamp="2019-08-04T08:44:02.993">
  <attribute name="GC Util" value="76" />
  <attribute name="CPU Util" value="26580052206862" />
  <attribute name="Time Running"value="180776"/>
  <attribute name="Number of cores"value="16"/>
</cycle-end>
<exclusive-end id="4990" timestamp="2019-08-04T08:44:02.993" durationms="11.398" />

<exclusive-start id="4991" timestamp="2019-08-04T08:44:03.045" intervalms="64.068">
  <response-info timems="3.788" idlems="1.910" threads="1" lastid="0000000000F49E00" lastname="Thread-37" />
</exclusive-start>
<allocation-taxation id="4992" taxation-threshold="90177536" timestamp="2019-08-04T08:44:03.046" intervalms="64.073" />
<cycle-start id="4993" type="partial gc" contextid="0" timestamp="2019-08-04T08:44:03.046" intervalms="64.083" />
  <attribute name="GC Util" value="76" />
  <attribute name="CPU Util" value="26580052206862" />
  <attribute name="Time Running"value="180776"/>
  <attribute name="Number of cores"value="16"/>
<gc-start id="4994" type="partial gc" contextid="4993" timestamp="2019-08-04T08:44:03.046">
  <mem-info id="4995" free="111149056" total="335544320" percent="33">
    <mem type="eden" free="0" total="90177536" percent="0" />
    <remembered-set count="6752" freebytes="13387392" totalbytes="13414400" percent="99" regionsoverflowed="0" regionsstable="11" regionsrebuilding="0"/>
  </mem-info>
</gc-start>
<allocation-stats totalBytes="90016448" >
  <allocated-bytes non-tlh="98328" tlh="89918120" arrayletleaf="0"/>
  <largest-consumer threadName="Thread-51" threadId="0000000000F24F00" bytes="11935640" />
</allocation-stats>
<gc-op id="4996" type="copy forward" timems="9.146" contextid="4993" timestamp="2019-08-04T08:44:03.056">
  <memory-copied type="eden" objects="9711" bytes="3927592" bytesdiscarded="508048" />
  <memory-copied type="other" objects="29" bytes="1112" bytesdiscarded="0" />
  <memory-cardclean objects="3031" bytes="141976" />
  <remembered-set-cleared processed="920" cleared="606" durationms="0.864" />
  <references type="phantom" candidates="4" cleared="0" enqueued="0" />
  <stringconstants candidates="16472" cleared="0"  />
</gc-op>
<gc-op id="4997" type="classunload" timems="0.011" contextid="4993" timestamp="2019-08-04T08:44:03.056">
  <classunload-info classloadercandidates="69" classloadersunloaded="0" classesunloaded="0" anonymousclassesunloaded="0" quiescems="0.000" setupms="0.011" scanms="0.000" postms="0.000" />
</gc-op>
<heap-resize id="4998" type="expand" space="default" amount="6291456" count="1" timems="0.066" reason="excessive time being spent in gc" timestamp="2019-08-04T08:44:03.057" />
<gc-end id="4999" type="partial gc" contextid="4993" durationms="10.793" usertimems="28.986" systemtimems="3.888" timestamp="2019-08-04T08:44:03.057" activeThreads="16">
  <mem-info id="5000" free="205520896" total="341835776" percent="60">
    <mem type="eden" free="1855528" total="6291456" percent="29" />
    <remembered-set count="7648" freebytes="13635328" totalbytes="13665920" percent="99" regionsoverflowed="0" regionsstable="11" regionsrebuilding="0"/>
  </mem-info>
</gc-end>
<cycle-end id="5001" type="partial gc" contextid="4993" timestamp="2019-08-04T08:44:03.057">
  <attribute name="GC Util" value="85" />
  <attribute name="CPU Util" value="26749334467267" />
  <attribute name="Time Running"value="180840"/>
  <attribute name="Number of cores"value="16"/>
</cycle-end>
<exclusive-end id="5002" timestamp="2019-08-04T08:44:03.057" durationms="11.416" />

<exclusive-start id="5003" timestamp="2019-08-04T08:44:03.106" intervalms="60.236">
  <response-info timems="0.108" idlems="0.100" threads="1" lastid="0000000000F19B00" lastname="Thread-44" />
</exclusive-start>
<allocation-taxation id="5004" taxation-threshold="92274688" timestamp="2019-08-04T08:44:03.106" intervalms="60.229" />
<cycle-start id="5005" type="partial gc" contextid="0" timestamp="2019-08-04T08:44:03.106" intervalms="60.277" />
  <attribute name="GC Util" value="85" />
  <attribute name="CPU Util" value="26749334467267" />
  <attribute name="Time Running"value="180840"/>
  <attribute name="Number of cores"value="16"/>
<gc-start id="5006" type="partial gc" contextid="5005" timestamp="2019-08-04T08:44:03.107">
  <mem-info id="5007" free="113246208" total="341835776" percent="33">
    <mem type="eden" free="0" total="92274688" percent="0" />
    <remembered-set count="7392" freebytes="13636352" totalbytes="13665920" percent="99" regionsoverflowed="0" regionsstable="11" regionsrebuilding="0"/>
  </mem-info>
</gc-start>
<allocation-stats totalBytes="92115528" >
  <allocated-bytes non-tlh="114720" tlh="92000808" arrayletleaf="0"/>
  <largest-consumer threadName="Thread-44" threadId="0000000000F19B00" bytes="11199320" />
</allocation-stats>
<gc-op id="5008" type="copy forward" timems="14.748" contextid="5005" timestamp="2019-08-04T08:44:03.123">
  <memory-copied type="eden" objects="8175" bytes="3266432" bytesdiscarded="574728" />
  <memory-copied type="other" objects="26" bytes="1160" bytesdiscarded="0" />
  <memory-cardclean objects="3030" bytes="142232" />
  <remembered-set-cleared processed="922" cleared="608" durationms="2.349" />
  <references type="weak" candidates="1" cleared="0" enqueued="0" />
  <references type="phantom" candidates="6" cleared="0" enqueued="0" />
  <stringconstants candidates="16472" cleared="0"  />
</gc-op>
<gc-op id="5009" type="classunload" timems="0.013" contextid="5005" timestamp="2019-08-04T08:44:03.123">
  <classunload-info classloadercandidates="69" classloadersunloaded="0" classesunloaded="0" anonymousclassesunloaded="0" quiescems="0.000" setupms="0.012" scanms="0.000" postms="0.000" />
</gc-op>
<gc-end id="5010" type="partial gc" contextid="5005" durationms="16.204" usertimems="26.432" systemtimems="6.175" timestamp="2019-08-04T08:44:03.123" activeThreads="16">
  <mem-info id="5011" free="205520896" total="341835776" percent="60">
    <mem type="eden" free="352856" total="4194304" percent="8" />
    <remembered-set count="6144" freebytes="13641344" totalbytes="13665920" percent="99" regionsoverflowed="0" regionsstable="11" regionsrebuilding="0"/>
  </mem-info>
</gc-end>
<cycle-end id="5012" type="partial gc" contextid="5005" timestamp="2019-08-04T08:44:03.123">
  <attribute name="GC Util" value="99" />
  <attribute name="CPU Util" value="21982520852966" />
  <attribute name="Time Running"value="180900"/>
  <attribute name="Number of cores"value="16"/>
</cycle-end>
<exclusive-end id="5013" timestamp="2019-08-04T08:44:03.123" durationms="17.351" />

<exclusive-start id="5014" timestamp="2019-08-04T08:44:03.174" intervalms="68.245">
  <response-info timems="0.536" idlems="0.411" threads="1" lastid="0000000000F0E700" lastname="Thread-48" />
</exclusive-start>
<allocation-taxation id="5015" taxation-threshold="92274688" timestamp="2019-08-04T08:44:03.174" intervalms="68.248" />
<cycle-start id="5016" type="partial gc" contextid="0" timestamp="2019-08-04T08:44:03.174" intervalms="68.199" />
  <attribute name="GC Util" value="99" />
  <attribute name="CPU Util" value="21982520852966" />
  <attribute name="Time Running"value="180900"/>
  <attribute name="Number of cores"value="16"/>
<gc-start id="5017" type="partial gc" contextid="5016" timestamp="2019-08-04T08:44:03.174">
  <mem-info id="5018" free="113246208" total="341835776" percent="33">
    <mem type="eden" free="0" total="92274688" percent="0" />
    <remembered-set count="5728" freebytes="13643008" totalbytes="13665920" percent="99" regionsoverflowed="0" regionsstable="11" regionsrebuilding="0"/>
  </mem-info>
</gc-start>
<allocation-stats totalBytes="92074208" >
  <allocated-bytes non-tlh="73760" tlh="92000448" arrayletleaf="0"/>
  <largest-consumer threadName="Thread-44" threadId="0000000000F19B00" bytes="13818776" />
</allocation-stats>
<gc-op id="5019" type="copy forward" timems="6.308" contextid="5016" timestamp="2019-08-04T08:44:03.182">
  <memory-copied type="eden" objects="9161" bytes="3642440" bytesdiscarded="612360" />
  <memory-copied type="other" objects="29" bytes="1112" bytesdiscarded="0" />
  <memory-cardclean objects="3015" bytes="141528" />
  <remembered-set-cleared processed="856" cleared="540" durationms="0.158" />
  <references type="weak" candidates="2" cleared="0" enqueued="0" />
  <references type="phantom" candidates="8" cleared="0" enqueued="0" />
  <stringconstants candidates="16472" cleared="0"  />
</gc-op>
<gc-op id="5020" type="classunload" timems="0.013" contextid="5016" timestamp="2019-08-04T08:44:03.182">
  <classunload-info classloadercandidates="69" classloadersunloaded="0" classesunloaded="0" anonymousclassesunloaded="0" quiescems="0.000" setupms="0.012" scanms="0.000" postms="0.000" />
</gc-op>
<heap-resize id="5021" type="expand" space="default" amount="14680064" count="1" timems="0.087" reason="excessive time being spent in gc" timestamp="2019-08-04T08:44:03.182" />
<gc-end id="5022" type="partial gc" contextid="5016" durationms="7.623" usertimems="15.637" systemtimems="6.061" timestamp="2019-08-04T08:44:03.182" activeThreads="16">
  <mem-info id="5023" free="213909504" total="356515840" percent="60">
    <mem type="eden" free="4133536" total="8388608" percent="49" />
    <remembered-set count="7168" freebytes="14224128" totalbytes="14252800" percent="99" regionsoverflowed="0" regionsstable="11" regionsrebuilding="0"/>
  </mem-info>
</gc-end>
<cycle-end id="5024" type="partial gc" contextid="5016" timestamp="2019-08-04T08:44:03.182">
  <attribute name="GC Util" value="97" />
  <attribute name="CPU Util" value="29486904839829" />
  <attribute name="Time Running"value="180968"/>
  <attribute name="Number of cores"value="16"/>
</cycle-end>
<exclusive-end id="5025" timestamp="2019-08-04T08:44:03.183" durationms="8.729" />

<exclusive-start id="5026" timestamp="2019-08-04T08:44:03.237" intervalms="63.533">
  <response-info timems="3.106" idlems="1.582" threads="1" lastid="0000000000F49E00" lastname="Thread-37" />
</exclusive-start>
<allocation-taxation id="5027" taxation-threshold="96468992" timestamp="2019-08-04T08:44:03.238" intervalms="63.524" />
<cycle-start id="5028" type="partial gc" contextid="0" timestamp="2019-08-04T08:44:03.238" intervalms="63.495" />
  <attribute name="GC Util" value="97" />
  <attribute name="CPU Util" value="29486904839829" />
  <attribute name="Time Running"value="180968"/>
  <attribute name="Number of cores"value="16"/>
<gc-start id="5029" type="partial gc" contextid="5028" timestamp="2019-08-04T08:44:03.238">
  <mem-info id="5030" free="117440512" total="356515840" percent="32">
    <mem type="eden" free="0" total="96468992" percent="0" />
    <remembered-set count="6848" freebytes="14225408" totalbytes="14252800" percent="99" regionsoverflowed="0" regionsstable="11" regionsrebuilding="0"/>
  </mem-info>
</gc-start>
<allocation-stats totalBytes="96231536" >
  <allocated-bytes non-tlh="49168" tlh="96182368" arrayletleaf="0"/>
  <largest-consumer threadName="Thread-45" threadId="0000000000F06F00" bytes="9459440" />
</allocation-stats>
<gc-op id="5031" type="copy forward" timems="9.861" contextid="5028" timestamp="2019-08-04T08:44:03.249">
  <memory-copied type="eden" objects="10280" bytes="4022072" bytesdiscarded="700112" />
  <memory-copied type="other" objects="38" bytes="1616" bytesdiscarded="0" />
  <memory-cardclean objects="3023" bytes="141968" />
  <remembered-set-cleared processed="913" cleared="598" durationms="0.186" />
  <references type="weak" candidates="1" cleared="0" enqueued="0" />
  <references type="phantom" candidates="5" cleared="0" enqueued="0" />
  <stringconstants candidates="16472" cleared="0"  />
</gc-op>
<gc-op id="5032" type="classunload" timems="0.010" contextid="5028" timestamp="2019-08-04T08:44:03.249">
  <classunload-info classloadercandidates="69" classloadersunloaded="0" classesunloaded="0" anonymousclassesunloaded="0" quiescems="0.000" setupms="0.010" scanms="0.000" postms="0.000" />
</gc-op>
<gc-end id="5033" type="partial gc" contextid="5028" durationms="11.055" usertimems="29.639" systemtimems="4.758" timestamp="2019-08-04T08:44:03.249" activeThreads="16">
  <mem-info id="5034" free="213909504" total="356515840" percent="60">
    <mem type="eden" free="1569016" total="6291456" percent="24" />
    <remembered-set count="8160" freebytes="14220160" totalbytes="14252800" percent="99" regionsoverflowed="0" regionsstable="11" regionsrebuilding="0"/>
  </mem-info>
</gc-end>
<cycle-end id="5035" type="partial gc" contextid="5028" timestamp="2019-08-04T08:44:03.249">
  <attribute name="GC Util" value="90" />
  <attribute name="CPU Util" value="28670899855004" />
  <attribute name="Time Running"value="181031"/>
  <attribute name="Number of cores"value="16"/>
</cycle-end>
<exclusive-end id="5036" timestamp="2019-08-04T08:44:03.249" durationms="11.601" />

<exclusive-start id="5037" timestamp="2019-08-04T08:44:03.318" intervalms="80.326">
  <response-info timems="1.989" idlems="1.015" threads="1" lastid="0000000000F49E00" lastname="Thread-37" />
</exclusive-start>
<allocation-taxation id="5038" taxation-threshold="96468992" timestamp="2019-08-04T08:44:03.318" intervalms="80.343" />
<cycle-start id="5039" type="partial gc" contextid="0" timestamp="2019-08-04T08:44:03.318" intervalms="80.352" />
  <attribute name="GC Util" value="90" />
  <attribute name="CPU Util" value="28670899855004" />
  <attribute name="Time Running"value="181031"/>
  <attribute name="Number of cores"value="16"/>
<gc-start id="5040" type="partial gc" contextid="5039" timestamp="2019-08-04T08:44:03.318">
  <mem-info id="5041" free="117440512" total="356515840" percent="32">
    <mem type="eden" free="0" total="96468992" percent="0" />
    <remembered-set count="7936" freebytes="14221056" totalbytes="14252800" percent="99" regionsoverflowed="0" regionsstable="11" regionsrebuilding="0"/>
  </mem-info>
</gc-start>
<allocation-stats totalBytes="96292784" >
  <allocated-bytes non-tlh="32784" tlh="96260000" arrayletleaf="0"/>
  <largest-consumer threadName="Thread-44" threadId="0000000000F19B00" bytes="8754416" />
</allocation-stats>
<gc-op id="5042" type="copy forward" timems="7.066" contextid="5039" timestamp="2019-08-04T08:44:03.333">
  <memory-copied type="eden" objects="9599" bytes="3827240" bytesdiscarded="801536" />
  <memory-copied type="other" objects="37" bytes="1512" bytesdiscarded="0" />
  <memory-cardclean objects="3051" bytes="143528" />
  <remembered-set-cleared processed="962" cleared="651" durationms="0.865" />
  <references type="phantom" candidates="7" cleared="0" enqueued="0" />
  <stringconstants candidates="16472" cleared="0"  />
</gc-op>
<gc-op id="5043" type="classunload" timems="0.011" contextid="5039" timestamp="2019-08-04T08:44:03.333">
  <classunload-info classloadercandidates="69" classloadersunloaded="0" classesunloaded="0" anonymousclassesunloaded="0" quiescems="0.000" setupms="0.011" scanms="0.000" postms="0.000" />
</gc-op>
<heap-resize id="5044" type="expand" space="default" amount="6291456" count="1" timems="0.264" reason="excessive time being spent in gc" timestamp="2019-08-04T08:44:03.333" />
<gc-end id="5045" type="partial gc" contextid="5039" durationms="15.257" usertimems="31.287" systemtimems="5.966" timestamp="2019-08-04T08:44:03.333" activeThreads="16">
  <mem-info id="5046" free="218103808" total="362807296" percent="60">
    <mem type="eden" free="1662400" total="6291456" percent="26" />
    <remembered-set count="5088" freebytes="14483968" totalbytes="14504320" percent="99" regionsoverflowed="0" regionsstable="11" regionsrebuilding="0"/>
  </mem-info>
</gc-end>
<cycle-end id="5047" type="partial gc" contextid="5039" timestamp="2019-08-04T08:44:03.334">
  <attribute name="GC Util" value="39" />
  <attribute name="CPU Util" value="2550214543751" />
  <attribute name="Time Running"value="181119"/>
  <attribute name="Number of cores"value="16"/>
</cycle-end>
<exclusive-end id="5048" timestamp="2019-08-04T08:44:03.334" durationms="15.841" />

<exclusive-start id="5049" timestamp="2019-08-04T08:44:03.457" intervalms="139.652">
  <response-info timems="4.424" idlems="2.981" threads="2" lastid="0000000000F4AA00" lastname="Thread-41" />
</exclusive-start>
<allocation-taxation id="5050" taxation-threshold="96468992" timestamp="2019-08-04T08:44:03.457" intervalms="139.645" />
<cycle-start id="5051" type="partial gc" contextid="0" timestamp="2019-08-04T08:44:03.458" intervalms="139.690" />
  <attribute name="GC Util" value="39" />
  <attribute name="CPU Util" value="2550214543751" />
  <attribute name="Time Running"value="181119"/>
  <attribute name="Number of cores"value="16"/>
<gc-start id="5052" type="partial gc" contextid="5051" timestamp="2019-08-04T08:44:03.458">
  <mem-info id="5053" free="121634816" total="362807296" percent="33">
    <mem type="eden" free="0" total="96468992" percent="0" />
    <remembered-set count="4832" freebytes="14484992" totalbytes="14504320" percent="99" regionsoverflowed="0" regionsstable="11" regionsrebuilding="0"/>
  </mem-info>
</gc-start>
<allocation-stats totalBytes="96266520" >
  <allocated-bytes non-tlh="16392" tlh="96250128" arrayletleaf="0"/>
  <largest-consumer threadName="Thread-44" threadId="0000000000F19B00" bytes="8475768" />
</allocation-stats>
<gc-op id="5054" type="copy forward" timems="6.802" contextid="5051" timestamp="2019-08-04T08:44:03.466">
  <memory-copied type="eden" objects="9322" bytes="3786016" bytesdiscarded="472632" />
  <memory-copied type="other" objects="24" bytes="864" bytesdiscarded="0" />
  <memory-cardclean objects="3078" bytes="144568" />
  <remembered-set-cleared processed="926" cleared="616" durationms="0.410" />
  <references type="phantom" candidates="2" cleared="0" enqueued="0" />
  <stringconstants candidates="16472" cleared="0"  />
</gc-op>
<gc-op id="5055" type="classunload" timems="0.007" contextid="5051" timestamp="2019-08-04T08:44:03.466">
  <classunload-info classloadercandidates="69" classloadersunloaded="0" classesunloaded="0" anonymousclassesunloaded="0" quiescems="0.000" setupms="0.007" scanms="0.000" postms="0.000" />
</gc-op>
<gc-end id="5056" type="partial gc" contextid="5051" durationms="8.187" usertimems="21.422" systemtimems="0.000" timestamp="2019-08-04T08:44:03.466" activeThreads="16">
  <mem-info id="5057" free="216006656" total="362807296" percent="59">
    <mem type="eden" free="2032544" total="6291456" percent="32" />
    <remembered-set count="6112" freebytes="14479872" totalbytes="14504320" percent="99" regionsoverflowed="0" regionsstable="11" regionsrebuilding="0"/>
  </mem-info>
</gc-end>
<cycle-end id="5058" type="partial gc" contextid="5051" timestamp="2019-08-04T08:44:03.466">
  <attribute name="GC Util" value="72" />
  <attribute name="CPU Util" value="26113254255651" />
  <attribute name="Time Running"value="181252"/>
  <attribute name="Number of cores"value="16"/>
</cycle-end>
<exclusive-end id="5059" timestamp="2019-08-04T08:44:03.466" durationms="8.853" />

<exclusive-start id="5060" timestamp="2019-08-04T08:44:03.528" intervalms="70.386">
  <response-info timems="0.190" idlems="0.101" threads="1" lastid="0000000000F0E700" lastname="Thread-48" />
</exclusive-start>
<allocation-taxation id="5061" taxation-threshold="96468992" timestamp="2019-08-04T08:44:03.528" intervalms="70.402" />
<cycle-start id="5062" type="partial gc" contextid="0" timestamp="2019-08-04T08:44:03.528" intervalms="70.403" />
  <attribute name="GC Util" value="72" />
  <attribute name="CPU Util" value="26113254255651" />
  <attribute name="Time Running"value="181252"/>
  <attribute name="Number of cores"value="16"/>
<gc-start id="5063" type="partial gc" contextid="5062" timestamp="2019-08-04T08:44:03.528">
  <mem-info id="5064" free="119537664" total="362807296" percent="32">
    <mem type="eden" free="0" total="96468992" percent="0" />
    <remembered-set count="5888" freebytes="14480768" totalbytes="14504320" percent="99" regionsoverflowed="0" regionsstable="11" regionsrebuilding="0"/>
  </mem-info>
</gc-start>
<allocation-stats totalBytes="96302464" >
  <allocated-bytes non-tlh="147496" tlh="96154968" arrayletleaf="0"/>
  <largest-consumer threadName="Thread-43" threadId="0000000000F59A00" bytes="9620672" />
</allocation-stats>
<gc-op id="5065" type="copy forward" timems="7.216" contextid="5062" timestamp="2019-08-04T08:44:03.537">
  <memory-copied type="eden" objects="10023" bytes="3828048" bytesdiscarded="663920" />
  <memory-copied type="other" objects="20" bytes="720" bytesdiscarded="0" />
  <memory-cardclean objects="3063" bytes="143712" />
  <remembered-set-cleared processed="929" cleared="620" durationms="1.096" />
  <references type="weak" candidates="2" cleared="0" enqueued="0" />
  <references type="phantom" candidates="4" cleared="0" enqueued="0" />
  <stringconstants candidates="16472" cleared="0"  />
</gc-op>
<gc-op id="5066" type="classunload" timems="0.010" contextid="5062" timestamp="2019-08-04T08:44:03.537">
  <classunload-info classloadercandidates="69" classloadersunloaded="0" classesunloaded="0" anonymousclassesunloaded="0" quiescems="0.000" setupms="0.009" scanms="0.000" postms="0.000" />
</gc-op>
<gc-end id="5067" type="partial gc" contextid="5062" durationms="8.702" usertimems="21.604" systemtimems="0.000" timestamp="2019-08-04T08:44:03.537" activeThreads="16">
  <mem-info id="5068" free="213909504" total="362807296" percent="58">
    <mem type="eden" free="1799224" total="6291456" percent="28" />
    <remembered-set count="7136" freebytes="14475776" totalbytes="14504320" percent="99" regionsoverflowed="0" regionsstable="11" regionsrebuilding="0"/>
  </mem-info>
</gc-end>
<cycle-end id="5069" type="partial gc" contextid="5062" timestamp="2019-08-04T08:44:03.537">
  <attribute name="GC Util" value="60" />
  <attribute name="CPU Util" value="20192947615054" />
  <attribute name="Time Running"value="181322"/>
  <attribute name="Number of cores"value="16"/>
</cycle-end>
<exclusive-end id="5070" timestamp="2019-08-04T08:44:03.537" durationms="9.690" />

<exclusive-start id="5071" timestamp="2019-08-04T08:44:03.586" intervalms="58.309">
  <response-info timems="0.135" idlems="0.135" threads="0" lastid="0000000000F59A00" lastname="Thread-43" />
</exclusive-start>
<allocation-taxation id="5072" taxation-threshold="96468992" timestamp="2019-08-04T08:44:03.587" intervalms="58.688" />
<cycle-start id="5073" type="partial gc" contextid="0" timestamp="2019-08-04T08:44:03.587" intervalms="58.703" />
  <attribute name="GC Util" value="60" />
  <attribute name="CPU Util" value="20192947615054" />
  <attribute name="Time Running"value="181322"/>
  <attribute name="Number of cores"value="16"/>
<gc-start id="5074" type="partial gc" contextid="5073" timestamp="2019-08-04T08:44:03.587">
  <mem-info id="5075" free="117440512" total="362807296" percent="32">
    <mem type="eden" free="0" total="96468992" percent="0" />
    <remembered-set count="6752" freebytes="14477312" totalbytes="14504320" percent="99" regionsoverflowed="0" regionsstable="11" regionsrebuilding="0"/>
  </mem-info>
</gc-start>
<allocation-stats totalBytes="96350424" >
  <allocated-bytes non-tlh="24592" tlh="96325832" arrayletleaf="0"/>
  <largest-consumer threadName="Thread-44" threadId="0000000000F19B00" bytes="10773712" />
</allocation-stats>
<gc-op id="5076" type="copy forward" timems="7.560" contextid="5073" timestamp="2019-08-04T08:44:03.596">
  <memory-copied type="eden" objects="9050" bytes="3605200" bytesdiscarded="482048" />
  <memory-copied type="other" objects="24" bytes="864" bytesdiscarded="0" />
  <memory-cardclean objects="3079" bytes="143600" />
  <remembered-set-cleared processed="936" cleared="628" durationms="0.760" />
  <references type="weak" candidates="1" cleared="0" enqueued="0" />
  <references type="phantom" candidates="4" cleared="0" enqueued="0" />
  <stringconstants candidates="16472" cleared="0"  />
</gc-op>
<gc-op id="5077" type="classunload" timems="0.015" contextid="5073" timestamp="2019-08-04T08:44:03.596">
  <classunload-info classloadercandidates="69" classloadersunloaded="0" classesunloaded="0" anonymousclassesunloaded="0" quiescems="0.000" setupms="0.015" scanms="0.000" postms="0.000" />
</gc-op>
<gc-end id="5078" type="partial gc" contextid="5073" durationms="9.119" usertimems="21.695" systemtimems="1.418" timestamp="2019-08-04T08:44:03.596" activeThreads="16">
  <mem-info id="5079" free="216006656" total="362807296" percent="59">
    <mem type="eden" free="106792" total="4194304" percent="2" />
    <remembered-set count="6112" freebytes="14479872" totalbytes="14504320" percent="99" regionsoverflowed="0" regionsstable="11" regionsrebuilding="0"/>
  </mem-info>
</gc-end>
<cycle-end id="5080" type="partial gc" contextid="5073" timestamp="2019-08-04T08:44:03.597">
  <attribute name="GC Util" value="78" />
  <attribute name="CPU Util" value="28203871685147" />
  <attribute name="Time Running"value="181381"/>
  <attribute name="Number of cores"value="16"/>
</cycle-end>
<exclusive-end id="5081" timestamp="2019-08-04T08:44:03.597" durationms="10.721" />

<exclusive-start id="5082" timestamp="2019-08-04T08:44:03.677" intervalms="90.904">
  <response-info timems="0.509" idlems="0.269" threads="1" lastid="0000000000F0E700" lastname="Thread-48" />
</exclusive-start>
<allocation-taxation id="5083" taxation-threshold="96468992" timestamp="2019-08-04T08:44:03.678" intervalms="90.941" />
<cycle-start id="5084" type="partial gc" contextid="0" timestamp="2019-08-04T08:44:03.678" intervalms="91.219" />
  <attribute name="GC Util" value="78" />
  <attribute name="CPU Util" value="28203871685147" />
  <attribute name="Time Running"value="181381"/>
  <attribute name="Number of cores"value="16"/>
<gc-start id="5085" type="partial gc" contextid="5084" timestamp="2019-08-04T08:44:03.678">
  <mem-info id="5086" free="119537664" total="362807296" percent="32">
    <mem type="eden" free="0" total="96468992" percent="0" />
    <remembered-set count="5728" freebytes="14481408" totalbytes="14504320" percent="99" regionsoverflowed="0" regionsstable="11" regionsrebuilding="0"/>
  </mem-info>
</gc-start>
<allocation-stats totalBytes="96299000" >
  <allocated-bytes non-tlh="49168" tlh="96249832" arrayletleaf="0"/>
  <largest-consumer threadName="Thread-43" threadId="0000000000F59A00" bytes="10015664" />
</allocation-stats>
<gc-op id="5087" type="copy forward" timems="6.364" contextid="5084" timestamp="2019-08-04T08:44:03.687">
  <memory-copied type="eden" objects="9515" bytes="3730208" bytesdiscarded="608152" />
  <memory-copied type="other" objects="24" bytes="864" bytesdiscarded="0" />
  <memory-cardclean objects="3068" bytes="143896" />
  <remembered-set-cleared processed="897" cleared="587" durationms="0.181" />
  <references type="phantom" candidates="4" cleared="0" enqueued="0" />
  <stringconstants candidates="16472" cleared="0"  />
</gc-op>
<gc-op id="5088" type="classunload" timems="0.016" contextid="5084" timestamp="2019-08-04T08:44:03.687">
  <classunload-info classloadercandidates="69" classloadersunloaded="0" classesunloaded="0" anonymousclassesunloaded="0" quiescems="0.000" setupms="0.015" scanms="0.000" postms="0.000" />
</gc-op>
<gc-end id="5089" type="partial gc" contextid="5084" durationms="8.857" usertimems="21.837" systemtimems="2.255" timestamp="2019-08-04T08:44:03.687" activeThreads="16">
  <mem-info id="5090" free="209715200" total="362807296" percent="57">
    <mem type="eden" free="4049968" total="8388608" percent="48" />
    <remembered-set count="7648" freebytes="14473728" totalbytes="14504320" percent="99" regionsoverflowed="0" regionsstable="11" regionsrebuilding="0"/>
  </mem-info>
</gc-end>
<cycle-end id="5091" type="partial gc" contextid="5084" timestamp="2019-08-04T08:44:03.687">
  <attribute name="GC Util" value="88" />
  <attribute name="CPU Util" value="10932011783205" />
  <attribute name="Time Running"value="181473"/>
  <attribute name="Number of cores"value="16"/>
</cycle-end>
<exclusive-end id="5092" timestamp="2019-08-04T08:44:03.688" durationms="10.490" />

<exclusive-start id="5093" timestamp="2019-08-04T08:44:03.780" intervalms="103.084">
  <response-info timems="0.121" idlems="0.121" threads="0" lastid="0000000000F59A00" lastname="Thread-43" />
</exclusive-start>
<allocation-taxation id="5094" taxation-threshold="96468992" timestamp="2019-08-04T08:44:03.780" intervalms="102.895" />
<cycle-start id="5095" type="partial gc" contextid="0" timestamp="2019-08-04T08:44:03.781" intervalms="102.640" />
  <attribute name="GC Util" value="88" />
  <attribute name="CPU Util" value="10932011783205" />
  <attribute name="Time Running"value="181473"/>
  <attribute name="Number of cores"value="16"/>
<gc-start id="5096" type="partial gc" contextid="5095" timestamp="2019-08-04T08:44:03.781">
  <mem-info id="5097" free="113246208" total="362807296" percent="31">
    <mem type="eden" free="0" total="96468992" percent="0" />
    <remembered-set count="7392" freebytes="14474752" totalbytes="14504320" percent="99" regionsoverflowed="0" regionsstable="11" regionsrebuilding="0"/>
  </mem-info>
</gc-start>
<allocation-stats totalBytes="96340392" >
  <allocated-bytes non-tlh="65552" tlh="96274840" arrayletleaf="0"/>
  <largest-consumer threadName="Thread-45" threadId="0000000000F06F00" bytes="10972072" />
</allocation-stats>
<gc-op id="5098" type="copy forward" timems="11.176" contextid="5095" timestamp="2019-08-04T08:44:03.793">
  <memory-copied type="eden" objects="9875" bytes="3884376" bytesdiscarded="696656" />
  <memory-copied type="other" objects="16" bytes="576" bytesdiscarded="0" />
  <memory-cardclean objects="3087" bytes="144384" />
  <remembered-set-cleared processed="905" cleared="597" durationms="1.401" />
  <references type="phantom" candidates="2" cleared="0" enqueued="0" />
  <stringconstants candidates="16472" cleared="0"  />
</gc-op>
<gc-op id="5099" type="classunload" timems="0.014" contextid="5095" timestamp="2019-08-04T08:44:03.793">
  <classunload-info classloadercandidates="69" classloadersunloaded="0" classesunloaded="0" anonymousclassesunloaded="0" quiescems="0.000" setupms="0.014" scanms="0.000" postms="0.000" />
</gc-op>
<gc-end id="5100" type="partial gc" contextid="5095" durationms="12.773" usertimems="25.412" systemtimems="10.889" timestamp="2019-08-04T08:44:03.794" activeThreads="16">
  <mem-info id="5101" free="211812352" total="362807296" percent="58">
    <mem type="eden" free="1710152" total="6291456" percent="27" />
    <remembered-set count="7648" freebytes="14473728" totalbytes="14504320" percent="99" regionsoverflowed="0" regionsstable="11" regionsrebuilding="0"/>
  </mem-info>
</gc-end>
<cycle-end id="5102" type="partial gc" contextid="5095" timestamp="2019-08-04T08:44:03.794">
  <attribute name="GC Util" value="45" />
  <attribute name="CPU Util" value="12544076772124" />
  <attribute name="Time Running"value="181576"/>
  <attribute name="Number of cores"value="16"/>
</cycle-end>
<exclusive-end id="5103" timestamp="2019-08-04T08:44:03.794" durationms="13.826" />

<exclusive-start id="5104" timestamp="2019-08-04T08:44:03.904" intervalms="123.505">
  <response-info timems="0.662" idlems="0.662" threads="0" lastid="0000000000F06F00" lastname="Thread-45" />
</exclusive-start>
<allocation-taxation id="5105" taxation-threshold="96468992" timestamp="2019-08-04T08:44:03.904" intervalms="123.267" />
<cycle-start id="5106" type="partial gc" contextid="0" timestamp="2019-08-04T08:44:03.904" intervalms="123.224" />
  <attribute name="GC Util" value="45" />
  <attribute name="CPU Util" value="12544076772124" />
  <attribute name="Time Running"value="181576"/>
  <attribute name="Number of cores"value="16"/>
<gc-start id="5107" type="partial gc" contextid="5106" timestamp="2019-08-04T08:44:03.904">
  <mem-info id="5108" free="115343360" total="362807296" percent="31">
    <mem type="eden" free="0" total="96468992" percent="0" />
    <remembered-set count="7200" freebytes="14475520" totalbytes="14504320" percent="99" regionsoverflowed="0" regionsstable="11" regionsrebuilding="0"/>
  </mem-info>
</gc-start>
<allocation-stats totalBytes="96360544" >
  <allocated-bytes non-tlh="81952" tlh="96278592" arrayletleaf="0"/>
  <largest-consumer threadName="Thread-45" threadId="0000000000F06F00" bytes="10366072" />
</allocation-stats>
<gc-op id="5109" type="copy forward" timems="13.684" contextid="5106" timestamp="2019-08-04T08:44:03.920">
  <memory-copied type="eden" objects="10111" bytes="4084896" bytesdiscarded="930248" />
  <memory-copied type="other" objects="33" bytes="1264" bytesdiscarded="0" />
  <memory-cardclean objects="3050" bytes="142792" />
  <remembered-set-cleared processed="952" cleared="638" durationms="0.347" />
  <references type="phantom" candidates="1" cleared="0" enqueued="0" />
  <stringconstants candidates="16472" cleared="0"  />
</gc-op>
<gc-op id="5110" type="classunload" timems="0.017" contextid="5106" timestamp="2019-08-04T08:44:03.921">
  <classunload-info classloadercandidates="69" classloadersunloaded="0" classesunloaded="0" anonymousclassesunloaded="0" quiescems="0.000" setupms="0.016" scanms="0.000" postms="0.000" />
</gc-op>
<gc-end id="5111" type="partial gc" contextid="5106" durationms="16.559" usertimems="34.750" systemtimems="2.597" timestamp="2019-08-04T08:44:03.921" activeThreads="16">
  <mem-info id="5112" free="209715200" total="362807296" percent="57">
    <mem type="eden" free="1276032" total="6291456" percent="20" />
    <remembered-set count="7136" freebytes="14475776" totalbytes="14504320" percent="99" regionsoverflowed="0" regionsstable="11" regionsrebuilding="0"/>
  </mem-info>
</gc-end>
<cycle-end id="5113" type="partial gc" contextid="5106" timestamp="2019-08-04T08:44:03.921">
  <attribute name="GC Util" value="75" />
  <attribute name="CPU Util" value="23863369106913" />
  <attribute name="Time Running"value="181699"/>
  <attribute name="Number of cores"value="16"/>
</cycle-end>
<exclusive-end id="5114" timestamp="2019-08-04T08:44:03.921" durationms="17.424" />

<exclusive-start id="5115" timestamp="2019-08-04T08:44:04.054" intervalms="150.513">
  <response-info timems="2.782" idlems="1.395" threads="1" lastid="0000000000F06F00" lastname="Thread-45" />
</exclusive-start>
<allocation-taxation id="5116" taxation-threshold="96468992" timestamp="2019-08-04T08:44:04.054" intervalms="150.809" />
<cycle-start id="5117" type="partial gc" contextid="0" timestamp="2019-08-04T08:44:04.055" intervalms="150.824" />
  <attribute name="GC Util" value="75" />
  <attribute name="CPU Util" value="23863369106913" />
  <attribute name="Time Running"value="181699"/>
  <attribute name="Number of cores"value="16"/>
<gc-start id="5118" type="partial gc" contextid="5117" timestamp="2019-08-04T08:44:04.055">
  <mem-info id="5119" free="113246208" total="362807296" percent="31">
    <mem type="eden" free="0" total="96468992" percent="0" />
    <remembered-set count="6912" freebytes="14476672" totalbytes="14504320" percent="99" regionsoverflowed="0" regionsstable="11" regionsrebuilding="0"/>
  </mem-info>
</gc-start>
<allocation-stats totalBytes="96265096" >
  <allocated-bytes non-tlh="32776" tlh="96232320" arrayletleaf="0"/>
  <largest-consumer threadName="Thread-49" threadId="0000000000F3B600" bytes="11621560" />
</allocation-stats>
<gc-op id="5120" type="copy forward" timems="11.104" contextid="5117" timestamp="2019-08-04T08:44:04.068">
  <memory-copied type="eden" objects="10173" bytes="3906960" bytesdiscarded="676184" />
  <memory-copied type="other" objects="25" bytes="976" bytesdiscarded="0" />
  <memory-cardclean objects="3056" bytes="143608" />
  <remembered-set-cleared processed="956" cleared="643" durationms="0.760" />
  <stringconstants candidates="16472" cleared="0"  />
</gc-op>
<gc-op id="5121" type="classunload" timems="0.012" contextid="5117" timestamp="2019-08-04T08:44:04.068">
  <classunload-info classloadercandidates="69" classloadersunloaded="0" classesunloaded="0" anonymousclassesunloaded="0" quiescems="0.000" setupms="0.012" scanms="0.000" postms="0.000" />
</gc-op>
<gc-end id="5122" type="partial gc" contextid="5117" durationms="13.504" usertimems="27.482" systemtimems="6.714" timestamp="2019-08-04T08:44:04.068" activeThreads="16">
  <mem-info id="5123" free="205520896" total="362807296" percent="56">
    <mem type="eden" free="3805208" total="8388608" percent="45" />
    <remembered-set count="8160" freebytes="14471680" totalbytes="14504320" percent="99" regionsoverflowed="0" regionsstable="11" regionsrebuilding="0"/>
  </mem-info>
</gc-end>
<cycle-end id="5124" type="partial gc" contextid="5117" timestamp="2019-08-04T08:44:04.069">
  <attribute name="GC Util" value="37" />
  <attribute name="CPU Util" value="11168884753699" />
  <attribute name="Time Running"value="181850"/>
  <attribute name="Number of cores"value="16"/>
</cycle-end>
<exclusive-end id="5125" timestamp="2019-08-04T08:44:04.069" durationms="14.547" />

<exclusive-start id="5126" timestamp="2019-08-04T08:44:04.154" intervalms="100.335">
  <response-info timems="0.356" idlems="0.356" threads="0" lastid="0000000000F1D700" lastname="Thread-40" />
</exclusive-start>
<allocation-taxation id="5127" taxation-threshold="96468992" timestamp="2019-08-04T08:44:04.155" intervalms="100.023" />
<cycle-start id="5128" type="partial gc" contextid="0" timestamp="2019-08-04T08:44:04.155" intervalms="100.001" />
  <attribute name="GC Util" value="37" />
  <attribute name="CPU Util" value="11168884753699" />
  <attribute name="Time Running"value="181850"/>
  <attribute name="Number of cores"value="16"/>
<gc-start id="5129" type="partial gc" contextid="5128" timestamp="2019-08-04T08:44:04.155">
  <mem-info id="5130" free="109051904" total="362807296" percent="30">
    <mem type="eden" free="0" total="96468992" percent="0" />
    <remembered-set count="7744" freebytes="14473344" totalbytes="14504320" percent="99" regionsoverflowed="0" regionsstable="11" regionsrebuilding="0"/>
  </mem-info>
</gc-start>
<allocation-stats totalBytes="96355392" >
  <allocated-bytes non-tlh="49184" tlh="96306208" arrayletleaf="0"/>
  <largest-consumer threadName="Thread-46" threadId="0000000000F61100" bytes="11351656" />
</allocation-stats>
<gc-op id="5131" type="copy forward" timems="10.173" contextid="5128" timestamp="2019-08-04T08:44:04.167">
  <memory-copied type="eden" objects="8649" bytes="3529000" bytesdiscarded="383728" />
  <memory-copied type="other" objects="20" bytes="720" bytesdiscarded="0" />
  <memory-cardclean objects="3036" bytes="142784" />
  <remembered-set-cleared processed="981" cleared="666" durationms="0.732" />
  <references type="weak" candidates="1" cleared="0" enqueued="0" />
  <references type="phantom" candidates="2" cleared="0" enqueued="0" />
  <stringconstants candidates="16472" cleared="0"  />
</gc-op>
<gc-op id="5132" type="classunload" timems="0.011" contextid="5128" timestamp="2019-08-04T08:44:04.167">
  <classunload-info classloadercandidates="69" classloadersunloaded="0" classesunloaded="0" anonymousclassesunloaded="0" quiescems="0.000" setupms="0.011" scanms="0.000" postms="0.000" />
</gc-op>
<gc-end id="5133" type="partial gc" contextid="5128" durationms="11.854" usertimems="18.810" systemtimems="11.515" timestamp="2019-08-04T08:44:04.167" activeThreads="16">
  <mem-info id="5134" free="205520896" total="362807296" percent="56">
    <mem type="eden" free="2378480" total="6291456" percent="37" />
    <remembered-set count="7136" freebytes="14475776" totalbytes="14504320" percent="99" regionsoverflowed="0" regionsstable="11" regionsrebuilding="0"/>
  </mem-info>
</gc-end>
<cycle-end id="5135" type="partial gc" contextid="5128" timestamp="2019-08-04T08:44:04.167">
  <attribute name="GC Util" value="103" />
  <attribute name="CPU Util" value="23680575758650" />
  <attribute name="Time Running"value="181949"/>
  <attribute name="Number of cores"value="16"/>
</cycle-end>
<exclusive-end id="5136" timestamp="2019-08-04T08:44:04.167" durationms="12.568" />

<exclusive-start id="5137" timestamp="2019-08-04T08:44:04.295" intervalms="140.361">
  <response-info timems="17.744" idlems="17.744" threads="0" lastid="0000000000F28B00" lastname="Thread-52" />
</exclusive-start>
<allocation-taxation id="5138" taxation-threshold="96468992" timestamp="2019-08-04T08:44:04.296" intervalms="141.098" />
<cycle-start id="5139" type="partial gc" contextid="0" timestamp="2019-08-04T08:44:04.296" intervalms="141.115" />
  <attribute name="GC Util" value="103" />
  <attribute name="CPU Util" value="23680575758650" />
  <attribute name="Time Running"value="181949"/>
  <attribute name="Number of cores"value="16"/>
<gc-start id="5140" type="partial gc" contextid="5139" timestamp="2019-08-04T08:44:04.296">
  <mem-info id="5141" free="109051904" total="362807296" percent="30">
    <mem type="eden" free="0" total="96468992" percent="0" />
    <remembered-set count="6944" freebytes="14476544" totalbytes="14504320" percent="99" regionsoverflowed="0" regionsstable="11" regionsrebuilding="0"/>
  </mem-info>
</gc-start>
<allocation-stats totalBytes="96275048" >
  <allocated-bytes non-tlh="0" tlh="96275048" arrayletleaf="0"/>
  <largest-consumer threadName="Thread-46" threadId="0000000000F61100" bytes="10986240" />
</allocation-stats>
<gc-op id="5142" type="copy forward" timems="9.188" contextid="5139" timestamp="2019-08-04T08:44:04.307">
  <memory-copied type="eden" objects="9450" bytes="3794624" bytesdiscarded="460728" />
  <memory-copied type="other" objects="27" bytes="1256" bytesdiscarded="0" />
  <memory-cardclean objects="3038" bytes="143408" />
  <remembered-set-cleared processed="901" cleared="588" durationms="0.353" />
  <references type="weak" candidates="1" cleared="0" enqueued="0" />
  <references type="phantom" candidates="7" cleared="0" enqueued="0" />
  <stringconstants candidates="16472" cleared="0"  />
</gc-op>
<gc-op id="5143" type="classunload" timems="0.012" contextid="5139" timestamp="2019-08-04T08:44:04.307">
  <classunload-info classloadercandidates="69" classloadersunloaded="0" classesunloaded="0" anonymousclassesunloaded="0" quiescems="0.000" setupms="0.012" scanms="0.000" postms="0.000" />
</gc-op>
<gc-end id="5144" type="partial gc" contextid="5139" durationms="11.437" usertimems="25.721" systemtimems="0.268" timestamp="2019-08-04T08:44:04.307" activeThreads="16">
  <mem-info id="5145" free="203423744" total="362807296" percent="56">
    <mem type="eden" free="2035800" total="6291456" percent="32" />
    <remembered-set count="7648" freebytes="14473728" totalbytes="14504320" percent="99" regionsoverflowed="0" regionsstable="11" regionsrebuilding="0"/>
  </mem-info>
</gc-end>
<cycle-end id="5146" type="partial gc" contextid="5139" timestamp="2019-08-04T08:44:04.308">
  <attribute name="GC Util" value="76" />
  <attribute name="CPU Util" value="10709620077625" />
  <attribute name="Time Running"value="182091"/>
  <attribute name="Number of cores"value="16"/>
</cycle-end>
<exclusive-end id="5147" timestamp="2019-08-04T08:44:04.308" durationms="13.232" />

<exclusive-start id="5148" timestamp="2019-08-04T08:44:04.376" intervalms="80.990">
  <response-info timems="2.546" idlems="0.544" threads="4" lastid="0000000000F19B00" lastname="Thread-44" />
</exclusive-start>
<allocation-taxation id="5149" taxation-threshold="96468992" timestamp="2019-08-04T08:44:04.376" intervalms="80.282" />
<cycle-start id="5150" type="partial gc" contextid="0" timestamp="2019-08-04T08:44:04.376" intervalms="80.457" />
  <attribute name="GC Util" value="76" />
  <attribute name="CPU Util" value="10709620077625" />
  <attribute name="Time Running"value="182091"/>
  <attribute name="Number of cores"value="16"/>
<gc-start id="5151" type="partial gc" contextid="5150" timestamp="2019-08-04T08:44:04.377">
  <mem-info id="5152" free="106954752" total="362807296" percent="29">
    <mem type="eden" free="0" total="96468992" percent="0" />
    <remembered-set count="7232" freebytes="14475392" totalbytes="14504320" percent="99" regionsoverflowed="0" regionsstable="11" regionsrebuilding="0"/>
  </mem-info>
</gc-start>
<allocation-stats totalBytes="96309040" >
  <allocated-bytes non-tlh="0" tlh="96309040" arrayletleaf="0"/>
  <largest-consumer threadName="Thread-37" threadId="0000000000F49E00" bytes="15527592" />
</allocation-stats>
<gc-op id="5153" type="copy forward" timems="7.779" contextid="5150" timestamp="2019-08-04T08:44:04.386">
  <memory-copied type="eden" objects="9896" bytes="3909504" bytesdiscarded="854832" />
  <memory-copied type="other" objects="21" bytes="824" bytesdiscarded="0" />
  <memory-cardclean objects="2991" bytes="140840" />
  <remembered-set-cleared processed="947" cleared="626" durationms="0.692" />
  <references type="phantom" candidates="1" cleared="0" enqueued="0" />
  <stringconstants candidates="16472" cleared="0"  />
</gc-op>
<gc-op id="5154" type="classunload" timems="0.013" contextid="5150" timestamp="2019-08-04T08:44:04.386">
  <classunload-info classloadercandidates="69" classloadersunloaded="0" classesunloaded="0" anonymousclassesunloaded="0" quiescems="0.000" setupms="0.012" scanms="0.000" postms="0.000" />
</gc-op>
<gc-end id="5155" type="partial gc" contextid="5150" durationms="9.096" usertimems="25.062" systemtimems="1.358" timestamp="2019-08-04T08:44:04.386" activeThreads="16">
  <mem-info id="5156" free="201326592" total="362807296" percent="55">
    <mem type="eden" free="1526856" total="6291456" percent="24" />
    <remembered-set count="7680" freebytes="14473600" totalbytes="14504320" percent="99" regionsoverflowed="0" regionsstable="11" regionsrebuilding="0"/>
  </mem-info>
</gc-end>
<cycle-end id="5157" type="partial gc" contextid="5150" timestamp="2019-08-04T08:44:04.386">
  <attribute name="GC Util" value="134" />
  <attribute name="CPU Util" value="26125976727844" />
  <attribute name="Time Running"value="182170"/>
  <attribute name="Number of cores"value="16"/>
</cycle-end>
<exclusive-end id="5158" timestamp="2019-08-04T08:44:04.386" durationms="10.193" />

<exclusive-start id="5159" timestamp="2019-08-04T08:44:04.453" intervalms="76.765">
  <response-info timems="0.342" idlems="0.342" threads="0" lastid="0000000000F3B600" lastname="Thread-49" />
</exclusive-start>
<allocation-taxation id="5160" taxation-threshold="96468992" timestamp="2019-08-04T08:44:04.453" intervalms="76.746" />
<cycle-start id="5161" type="partial gc" contextid="0" timestamp="2019-08-04T08:44:04.453" intervalms="76.526" />
  <attribute name="GC Util" value="134" />
  <attribute name="CPU Util" value="26125976727844" />
  <attribute name="Time Running"value="182170"/>
  <attribute name="Number of cores"value="16"/>
<gc-start id="5162" type="partial gc" contextid="5161" timestamp="2019-08-04T08:44:04.453">
  <mem-info id="5163" free="104857600" total="362807296" percent="28">
    <mem type="eden" free="0" total="96468992" percent="0" />
    <remembered-set count="7200" freebytes="14475520" totalbytes="14504320" percent="99" regionsoverflowed="0" regionsstable="11" regionsrebuilding="0"/>
  </mem-info>
</gc-start>
<allocation-stats totalBytes="96384272" >
  <allocated-bytes non-tlh="65552" tlh="96318720" arrayletleaf="0"/>
  <largest-consumer threadName="Thread-52" threadId="0000000000F28B00" bytes="12045304" />
</allocation-stats>
<gc-op id="5164" type="copy forward" timems="8.413" contextid="5161" timestamp="2019-08-04T08:44:04.463">
  <memory-copied type="eden" objects="9213" bytes="3549488" bytesdiscarded="482264" />
  <memory-copied type="other" objects="24" bytes="864" bytesdiscarded="0" />
  <memory-cardclean objects="3070" bytes="144256" />
  <remembered-set-cleared processed="959" cleared="645" durationms="0.420" />
  <references type="weak" candidates="2" cleared="0" enqueued="0" />
  <references type="phantom" candidates="2" cleared="0" enqueued="0" />
  <stringconstants candidates="16472" cleared="0"  />
</gc-op>
<gc-op id="5165" type="classunload" timems="0.012" contextid="5161" timestamp="2019-08-04T08:44:04.463">
  <classunload-info classloadercandidates="69" classloadersunloaded="0" classesunloaded="0" anonymousclassesunloaded="0" quiescems="0.000" setupms="0.012" scanms="0.000" postms="0.000" />
</gc-op>
<gc-end id="5166" type="partial gc" contextid="5161" durationms="9.867" usertimems="17.627" systemtimems="4.624" timestamp="2019-08-04T08:44:04.463" activeThreads="16">
  <mem-info id="5167" free="201326592" total="362807296" percent="55">
    <mem type="eden" free="162312" total="4194304" percent="3" />
    <remembered-set count="7168" freebytes="14475648" totalbytes="14504320" percent="99" regionsoverflowed="0" regionsstable="11" regionsrebuilding="0"/>
  </mem-info>
</gc-end>
<cycle-end id="5168" type="partial gc" contextid="5161" timestamp="2019-08-04T08:44:04.463">
  <attribute name="GC Util" value="90" />
  <attribute name="CPU Util" value="26208566471112" />
  <attribute name="Time Running"value="182247"/>
  <attribute name="Number of cores"value="16"/>
</cycle-end>
<exclusive-end id="5169" timestamp="2019-08-04T08:44:04.463" durationms="10.487" />

<exclusive-start id="5170" timestamp="2019-08-04T08:44:04.546" intervalms="93.400">
  <response-info timems="1.550" idlems="0.961" threads="1" lastid="0000000000F24F00" lastname="Thread-51" />
</exclusive-start>
<allocation-taxation id="5171" taxation-threshold="96468992" timestamp="2019-08-04T08:44:04.546" intervalms="93.398" />
<cycle-start id="5172" type="partial gc" contextid="0" timestamp="2019-08-04T08:44:04.546" intervalms="93.414" />
  <attribute name="GC Util" value="90" />
  <attribute name="CPU Util" value="26208566471112" />
  <attribute name="Time Running"value="182247"/>
  <attribute name="Number of cores"value="16"/>
<gc-start id="5173" type="partial gc" contextid="5172" timestamp="2019-08-04T08:44:04.547">
  <mem-info id="5174" free="104857600" total="362807296" percent="28">
    <mem type="eden" free="0" total="96468992" percent="0" />
    <remembered-set count="6976" freebytes="14476416" totalbytes="14504320" percent="99" regionsoverflowed="0" regionsstable="11" regionsrebuilding="0"/>
  </mem-info>
</gc-start>
<allocation-stats totalBytes="96292768" >
  <allocated-bytes non-tlh="32776" tlh="96259992" arrayletleaf="0"/>
  <largest-consumer threadName="Thread-41" threadId="0000000000F4AA00" bytes="9543984" />
</allocation-stats>
<gc-op id="5175" type="copy forward" timems="8.957" contextid="5172" timestamp="2019-08-04T08:44:04.559">
  <memory-copied type="eden" objects="9952" bytes="4052816" bytesdiscarded="689384" />
  <memory-copied type="other" objects="33" bytes="1256" bytesdiscarded="0" />
  <memory-cardclean objects="3062" bytes="143384" />
  <remembered-set-cleared processed="915" cleared="599" durationms="0.768" />
  <references type="phantom" candidates="1" cleared="0" enqueued="0" />
  <stringconstants candidates="16472" cleared="0"  />
</gc-op>
<gc-op id="5176" type="classunload" timems="0.012" contextid="5172" timestamp="2019-08-04T08:44:04.559">
  <classunload-info classloadercandidates="69" classloadersunloaded="0" classesunloaded="0" anonymousclassesunloaded="0" quiescems="0.000" setupms="0.012" scanms="0.000" postms="0.000" />
</gc-op>
<heap-resize id="5177" type="expand" space="default" amount="52428800" count="1" timems="0.161" reason="excessive time being spent in gc" timestamp="2019-08-04T08:44:04.559" />
<gc-end id="5178" type="partial gc" contextid="5172" durationms="12.020" usertimems="16.050" systemtimems="8.211" timestamp="2019-08-04T08:44:04.559" activeThreads="16">
  <mem-info id="5179" free="249561088" total="415236096" percent="60">
    <mem type="eden" free="1548992" total="6291456" percent="24" />
    <remembered-set count="9216" freebytes="16563456" totalbytes="16600320" percent="99" regionsoverflowed="0" regionsstable="11" regionsrebuilding="0"/>
  </mem-info>
</gc-end>
<cycle-end id="5180" type="partial gc" contextid="5172" timestamp="2019-08-04T08:44:04.559">
  <attribute name="GC Util" value="163" />
  <attribute name="CPU Util" value="9321767040510" />
  <attribute name="Time Running"value="182342"/>
  <attribute name="Number of cores"value="16"/>
</cycle-end>
<exclusive-end id="5181" timestamp="2019-08-04T08:44:04.559" durationms="13.399" />

<exclusive-start id="5182" timestamp="2019-08-04T08:44:04.660" intervalms="113.864">
  <response-info timems="0.899" idlems="0.899" threads="0" lastid="0000000000F0E700" lastname="Thread-48" />
</exclusive-start>
<allocation-taxation id="5183" taxation-threshold="111149056" timestamp="2019-08-04T08:44:04.660" intervalms="113.866" />
<cycle-start id="5184" type="partial gc" contextid="0" timestamp="2019-08-04T08:44:04.660" intervalms="113.868" />
  <attribute name="GC Util" value="163" />
  <attribute name="CPU Util" value="9321767040510" />
  <attribute name="Time Running"value="182342"/>
  <attribute name="Number of cores"value="16"/>
<gc-start id="5185" type="partial gc" contextid="5184" timestamp="2019-08-04T08:44:04.660">
  <mem-info id="5186" free="138412032" total="415236096" percent="33">
    <mem type="eden" free="0" total="111149056" percent="0" />
    <remembered-set count="8864" freebytes="16564864" totalbytes="16600320" percent="99" regionsoverflowed="0" regionsstable="11" regionsrebuilding="0"/>
  </mem-info>
</gc-start>
<allocation-stats totalBytes="110853320" >
  <allocated-bytes non-tlh="114736" tlh="110738584" arrayletleaf="0"/>
  <largest-consumer threadName="Thread-38" threadId="0000000000F5D600" bytes="15460064" />
</allocation-stats>
<gc-op id="5187" type="copy forward" timems="10.186" contextid="5184" timestamp="2019-08-04T08:44:04.673">
  <memory-copied type="eden" objects="9135" bytes="3578408" bytesdiscarded="735488" />
  <memory-copied type="other" objects="30" bytes="1216" bytesdiscarded="0" />
  <memory-cardclean objects="3040" bytes="142440" />
  <remembered-set-cleared processed="962" cleared="645" durationms="0.233" />
  <references type="phantom" candidates="2" cleared="0" enqueued="0" />
  <stringconstants candidates="16472" cleared="0"  />
</gc-op>
<gc-op id="5188" type="classunload" timems="0.017" contextid="5184" timestamp="2019-08-04T08:44:04.673">
  <classunload-info classloadercandidates="69" classloadersunloaded="0" classesunloaded="0" anonymousclassesunloaded="0" quiescems="0.000" setupms="0.017" scanms="0.000" postms="0.000" />
</gc-op>
<gc-end id="5189" type="partial gc" contextid="5184" durationms="12.734" usertimems="29.576" systemtimems="11.266" timestamp="2019-08-04T08:44:04.673" activeThreads="16">
  <mem-info id="5190" free="245366784" total="415236096" percent="59">
    <mem type="eden" free="4074440" total="8388608" percent="48" />
    <remembered-set count="9216" freebytes="16563456" totalbytes="16600320" percent="99" regionsoverflowed="0" regionsstable="11" regionsrebuilding="0"/>
  </mem-info>
</gc-end>
<cycle-end id="5191" type="partial gc" contextid="5184" timestamp="2019-08-04T08:44:04.673">
  <attribute name="GC Util" value="281" />
  <attribute name="CPU Util" value="10173146232570" />
  <attribute name="Time Running"value="182455"/>
  <attribute name="Number of cores"value="16"/>
</cycle-end>
<exclusive-end id="5192" timestamp="2019-08-04T08:44:04.673" durationms="13.560" />

<exclusive-start id="5193" timestamp="2019-08-04T08:44:04.801" intervalms="141.003">
  <response-info timems="3.934" idlems="3.934" threads="0" lastid="0000000000F06F00" lastname="Thread-45" />
</exclusive-start>
<allocation-taxation id="5194" taxation-threshold="111149056" timestamp="2019-08-04T08:44:04.801" intervalms="140.991" />
<cycle-start id="5195" type="partial gc" contextid="0" timestamp="2019-08-04T08:44:04.801" intervalms="140.987" />
  <attribute name="GC Util" value="281" />
  <attribute name="CPU Util" value="10173146232570" />
  <attribute name="Time Running"value="182455"/>
  <attribute name="Number of cores"value="16"/>
<gc-start id="5196" type="partial gc" contextid="5195" timestamp="2019-08-04T08:44:04.803">
  <mem-info id="5197" free="134217728" total="415236096" percent="32">
    <mem type="eden" free="0" total="111149056" percent="0" />
    <remembered-set count="8800" freebytes="16565120" totalbytes="16600320" percent="99" regionsoverflowed="0" regionsstable="11" regionsrebuilding="0"/>
  </mem-info>
</gc-start>
<allocation-stats totalBytes="110992464" >
  <allocated-bytes non-tlh="65560" tlh="110926904" arrayletleaf="0"/>
  <largest-consumer threadName="Thread-52" threadId="0000000000F28B00" bytes="11749536" />
</allocation-stats>
<gc-op id="5198" type="copy forward" timems="6.160" contextid="5195" timestamp="2019-08-04T08:44:04.813">
  <memory-copied type="eden" objects="10090" bytes="4043064" bytesdiscarded="610296" />
  <memory-copied type="other" objects="21" bytes="824" bytesdiscarded="0" />
  <memory-cardclean objects="3067" bytes="143464" />
  <remembered-set-cleared processed="931" cleared="615" durationms="0.219" />
  <references type="weak" candidates="1" cleared="0" enqueued="0" />
  <references type="phantom" candidates="4" cleared="0" enqueued="0" />
  <stringconstants candidates="16472" cleared="0"  />
</gc-op>
<gc-op id="5199" type="classunload" timems="0.013" contextid="5195" timestamp="2019-08-04T08:44:04.813">
  <classunload-info classloadercandidates="69" classloadersunloaded="0" classesunloaded="0" anonymousclassesunloaded="0" quiescems="0.000" setupms="0.012" scanms="0.000" postms="0.000" />
</gc-op>
<gc-end id="5200" type="partial gc" contextid="5195" durationms="10.302" usertimems="23.007" systemtimems="2.980" timestamp="2019-08-04T08:44:04.813" activeThreads="16">
  <mem-info id="5201" free="243269632" total="415236096" percent="58">
    <mem type="eden" free="3734968" total="8388608" percent="44" />
    <remembered-set count="6656" freebytes="16573696" totalbytes="16600320" percent="99" regionsoverflowed="0" regionsstable="11" regionsrebuilding="0"/>
  </mem-info>
</gc-end>
<cycle-end id="5202" type="partial gc" contextid="5195" timestamp="2019-08-04T08:44:04.813">
  <attribute name="GC Util" value="14" />
  <attribute name="CPU Util" value="5152968872480" />
  <attribute name="Time Running"value="182599"/>
  <attribute name="Number of cores"value="16"/>
</cycle-end>
<exclusive-end id="5203" timestamp="2019-08-04T08:44:04.813" durationms="12.173" />

<exclusive-start id="5204" timestamp="2019-08-04T08:44:04.889" intervalms="88.367">
  <response-info timems="0.439" idlems="0.144" threads="5" lastid="0000000000F5D600" lastname="Thread-38" />
</exclusive-start>
<allocation-taxation id="5205" taxation-threshold="111149056" timestamp="2019-08-04T08:44:04.889" intervalms="88.369" />
<cycle-start id="5206" type="partial gc" contextid="0" timestamp="2019-08-04T08:44:04.889" intervalms="88.455" />
  <attribute name="GC Util" value="14" />
  <attribute name="CPU Util" value="5152968872480" />
  <attribute name="Time Running"value="182599"/>
  <attribute name="Number of cores"value="16"/>
<gc-start id="5207" type="partial gc" contextid="5206" timestamp="2019-08-04T08:44:04.890">
  <mem-info id="5208" free="132120576" total="415236096" percent="31">
    <mem type="eden" free="0" total="111149056" percent="0" />
    <remembered-set count="6528" freebytes="16574208" totalbytes="16600320" percent="99" regionsoverflowed="0" regionsstable="11" regionsrebuilding="0"/>
  </mem-info>
</gc-start>
<allocation-stats totalBytes="110994176" >
  <allocated-bytes non-tlh="81944" tlh="110912232" arrayletleaf="0"/>
  <largest-consumer threadName="Thread-52" threadId="0000000000F28B00" bytes="12488440" />
</allocation-stats>
<gc-op id="5209" type="copy forward" timems="7.715" contextid="5206" timestamp="2019-08-04T08:44:04.898">
  <memory-copied type="eden" objects="9820" bytes="3892504" bytesdiscarded="704968" />
  <memory-copied type="other" objects="24" bytes="864" bytesdiscarded="0" />
  <memory-cardclean objects="3038" bytes="142400" />
  <remembered-set-cleared processed="955" cleared="637" durationms="0.480" />
  <references type="phantom" candidates="1" cleared="0" enqueued="0" />
  <stringconstants candidates="16472" cleared="0"  />
</gc-op>
<gc-op id="5210" type="classunload" timems="0.011" contextid="5206" timestamp="2019-08-04T08:44:04.898">
  <classunload-info classloadercandidates="69" classloadersunloaded="0" classesunloaded="0" anonymousclassesunloaded="0" quiescems="0.000" setupms="0.010" scanms="0.000" postms="0.000" />
</gc-op>
<gc-end id="5211" type="partial gc" contextid="5206" durationms="8.704" usertimems="19.414" systemtimems="2.466" timestamp="2019-08-04T08:44:04.898" activeThreads="16">
  <mem-info id="5212" free="243269632" total="415236096" percent="58">
    <mem type="eden" free="1693720" total="6291456" percent="26" />
    <remembered-set count="8192" freebytes="16567552" totalbytes="16600320" percent="99" regionsoverflowed="0" regionsstable="11" regionsrebuilding="0"/>
  </mem-info>
</gc-end>
<cycle-end id="5213" type="partial gc" contextid="5206" timestamp="2019-08-04T08:44:04.898">
  <attribute name="GC Util" value="126" />
  <attribute name="CPU Util" value="42248866293930" />
  <attribute name="Time Running"value="182683"/>
  <attribute name="Number of cores"value="16"/>
</cycle-end>
<exclusive-end id="5214" timestamp="2019-08-04T08:44:04.899" durationms="9.344" />

<exclusive-start id="5215" timestamp="2019-08-04T08:44:04.987" intervalms="97.423">
  <response-info timems="0.141" idlems="0.141" threads="0" lastid="0000000000F28B00" lastname="Thread-52" />
</exclusive-start>
<allocation-taxation id="5216" taxation-threshold="111149056" timestamp="2019-08-04T08:44:04.987" intervalms="97.426" />
<cycle-start id="5217" type="partial gc" contextid="0" timestamp="2019-08-04T08:44:04.987" intervalms="97.340" />
  <attribute name="GC Util" value="126" />
  <attribute name="CPU Util" value="42248866293930" />
  <attribute name="Time Running"value="182683"/>
  <attribute name="Number of cores"value="16"/>
<gc-start id="5218" type="partial gc" contextid="5217" timestamp="2019-08-04T08:44:04.987">
  <mem-info id="5219" free="132120576" total="415236096" percent="31">
    <mem type="eden" free="0" total="111149056" percent="0" />
    <remembered-set count="8096" freebytes="16567936" totalbytes="16600320" percent="99" regionsoverflowed="0" regionsstable="11" regionsrebuilding="0"/>
  </mem-info>
</gc-start>
<allocation-stats totalBytes="111010608" >
  <allocated-bytes non-tlh="0" tlh="111010608" arrayletleaf="0"/>
  <largest-consumer threadName="Thread-41" threadId="0000000000F4AA00" bytes="11848192" />
</allocation-stats>
<gc-op id="5220" type="copy forward" timems="9.061" contextid="5217" timestamp="2019-08-04T08:44:04.999">
  <memory-copied type="eden" objects="9900" bytes="3926856" bytesdiscarded="638624" />
  <memory-copied type="other" objects="34" bytes="1440" bytesdiscarded="0" />
  <memory-cardclean objects="3027" bytes="141256" />
  <remembered-set-cleared processed="953" cleared="632" durationms="0.540" />
  <references type="phantom" candidates="4" cleared="0" enqueued="0" />
  <stringconstants candidates="16472" cleared="0"  />
</gc-op>
<gc-op id="5221" type="classunload" timems="0.013" contextid="5217" timestamp="2019-08-04T08:44:04.999">
  <classunload-info classloadercandidates="69" classloadersunloaded="0" classesunloaded="0" anonymousclassesunloaded="0" quiescems="0.000" setupms="0.013" scanms="0.000" postms="0.000" />
</gc-op>
<gc-end id="5222" type="partial gc" contextid="5217" durationms="12.285" usertimems="29.997" systemtimems="10.411" timestamp="2019-08-04T08:44:04.999" activeThreads="16">
  <mem-info id="5223" free="241172480" total="415236096" percent="58">
    <mem type="eden" free="1725688" total="6291456" percent="27" />
    <remembered-set count="8224" freebytes="16567424" totalbytes="16600320" percent="99" regionsoverflowed="0" regionsstable="11" regionsrebuilding="0"/>
  </mem-info>
</gc-end>
<cycle-end id="5224" type="partial gc" contextid="5217" timestamp="2019-08-04T08:44:04.999">
  <attribute name="GC Util" value="194" />
  <attribute name="CPU Util" value="7401478650400" />
  <attribute name="Time Running"value="182783"/>
  <attribute name="Number of cores"value="16"/>
</cycle-end>
<exclusive-end id="5225" timestamp="2019-08-04T08:44:04.999" durationms="12.871" />

<exclusive-start id="5226" timestamp="2019-08-04T08:44:05.086" intervalms="99.860">
  <response-info timems="2.956" idlems="0.786" threads="3" lastid="0000000000F4AA00" lastname="Thread-41" />
</exclusive-start>
<allocation-taxation id="5227" taxation-threshold="111149056" timestamp="2019-08-04T08:44:05.087" intervalms="99.866" />
<cycle-start id="5228" type="partial gc" contextid="0" timestamp="2019-08-04T08:44:05.087" intervalms="99.858" />
  <attribute name="GC Util" value="194" />
  <attribute name="CPU Util" value="7401478650400" />
  <attribute name="Time Running"value="182783"/>
  <attribute name="Number of cores"value="16"/>
<gc-start id="5229" type="partial gc" contextid="5228" timestamp="2019-08-04T08:44:05.087">
  <mem-info id="5230" free="130023424" total="415236096" percent="31">
    <mem type="eden" free="0" total="111149056" percent="0" />
    <remembered-set count="8224" freebytes="16567424" totalbytes="16600320" percent="99" regionsoverflowed="0" regionsstable="11" regionsrebuilding="0"/>
  </mem-info>
</gc-start>
<allocation-stats totalBytes="110883632" >
  <allocated-bytes non-tlh="57368" tlh="110826264" arrayletleaf="0"/>
  <largest-consumer threadName="Thread-45" threadId="0000000000F06F00" bytes="11899144" />
</allocation-stats>
<gc-op id="5231" type="copy forward" timems="7.189" contextid="5228" timestamp="2019-08-04T08:44:05.096">
  <memory-copied type="eden" objects="10051" bytes="4005024" bytesdiscarded="713200" />
  <memory-copied type="other" objects="13" bytes="544" bytesdiscarded="0" />
  <memory-cardclean objects="3087" bytes="145160" />
  <remembered-set-cleared processed="949" cleared="637" durationms="0.845" />
  <references type="phantom" candidates="4" cleared="0" enqueued="0" />
  <stringconstants candidates="16472" cleared="0"  />
</gc-op>
<gc-op id="5232" type="classunload" timems="0.010" contextid="5228" timestamp="2019-08-04T08:44:05.096">
  <classunload-info classloadercandidates="69" classloadersunloaded="0" classesunloaded="0" anonymousclassesunloaded="0" quiescems="0.000" setupms="0.010" scanms="0.000" postms="0.000" />
</gc-op>
<gc-end id="5233" type="partial gc" contextid="5228" durationms="9.365" usertimems="15.684" systemtimems="1.160" timestamp="2019-08-04T08:44:05.096" activeThreads="16">
  <mem-info id="5234" free="239075328" total="415236096" percent="57">
    <mem type="eden" free="1572928" total="6291456" percent="25" />
    <remembered-set count="8672" freebytes="16565632" totalbytes="16600320" percent="99" regionsoverflowed="0" regionsstable="11" regionsrebuilding="0"/>
  </mem-info>
</gc-end>
<cycle-end id="5235" type="partial gc" contextid="5228" timestamp="2019-08-04T08:44:05.096">
  <attribute name="GC Util" value="106" />
  <attribute name="CPU Util" value="30630014155988" />
  <attribute name="Time Running"value="182881"/>
  <attribute name="Number of cores"value="16"/>
</cycle-end>
<exclusive-end id="5236" timestamp="2019-08-04T08:44:05.096" durationms="9.954" />

<exclusive-start id="5237" timestamp="2019-08-04T08:44:05.209" intervalms="122.212">
  <response-info timems="0.356" idlems="0.191" threads="1" lastid="0000000000F1D700" lastname="Thread-40" />
</exclusive-start>
<allocation-taxation id="5238" taxation-threshold="111149056" timestamp="2019-08-04T08:44:05.209" intervalms="122.211" />
<cycle-start id="5239" type="partial gc" contextid="0" timestamp="2019-08-04T08:44:05.209" intervalms="122.217" />
  <attribute name="GC Util" value="106" />
  <attribute name="CPU Util" value="30630014155988" />
  <attribute name="Time Running"value="182881"/>
  <attribute name="Number of cores"value="16"/>
<gc-start id="5240" type="partial gc" contextid="5239" timestamp="2019-08-04T08:44:05.209">
  <mem-info id="5241" free="127926272" total="415236096" percent="30">
    <mem type="eden" free="0" total="111149056" percent="0" />
    <remembered-set count="8608" freebytes="16565888" totalbytes="16600320" percent="99" regionsoverflowed="0" regionsstable="11" regionsrebuilding="0"/>
  </mem-info>
</gc-start>
<allocation-stats totalBytes="110882952" >
  <allocated-bytes non-tlh="16392" tlh="110866560" arrayletleaf="0"/>
  <largest-consumer threadName="Thread-52" threadId="0000000000F28B00" bytes="10202792" />
</allocation-stats>
<gc-op id="5242" type="copy forward" timems="6.627" contextid="5239" timestamp="2019-08-04T08:44:05.217">
  <memory-copied type="eden" objects="9969" bytes="3925576" bytesdiscarded="545168" />
  <memory-copied type="other" objects="25" bytes="976" bytesdiscarded="0" />
  <memory-cardclean objects="3055" bytes="143800" />
  <remembered-set-cleared processed="954" cleared="639" durationms="1.053" />
  <references type="weak" candidates="1" cleared="0" enqueued="0" />
  <references type="phantom" candidates="5" cleared="0" enqueued="0" />
  <stringconstants candidates="16472" cleared="0"  />
</gc-op>
<gc-op id="5243" type="classunload" timems="0.010" contextid="5239" timestamp="2019-08-04T08:44:05.217">
  <classunload-info classloadercandidates="69" classloadersunloaded="0" classesunloaded="0" anonymousclassesunloaded="0" quiescems="0.000" setupms="0.009" scanms="0.000" postms="0.000" />
</gc-op>
<gc-end id="5244" type="partial gc" contextid="5239" durationms="7.638" usertimems="16.870" systemtimems="2.386" timestamp="2019-08-04T08:44:05.217" activeThreads="16">
  <mem-info id="5245" free="236978176" total="415236096" percent="57">
    <mem type="eden" free="1820424" total="6291456" percent="28" />
    <remembered-set count="6656" freebytes="16573696" totalbytes="16600320" percent="99" regionsoverflowed="0" regionsstable="11" regionsrebuilding="0"/>
  </mem-info>
</gc-end>
<cycle-end id="5246" type="partial gc" contextid="5239" timestamp="2019-08-04T08:44:05.217">
  <attribute name="GC Util" value="130" />
  <attribute name="CPU Util" value="41092295212040" />
  <attribute name="Time Running"value="183003"/>
  <attribute name="Number of cores"value="16"/>
</cycle-end>
<exclusive-end id="5247" timestamp="2019-08-04T08:44:05.217" durationms="8.722" />

<exclusive-start id="5248" timestamp="2019-08-04T08:44:05.325" intervalms="116.138">
  <response-info timems="2.617" idlems="0.919" threads="2" lastid="0000000000F3B600" lastname="Thread-49" />
</exclusive-start>
<allocation-taxation id="5249" taxation-threshold="111149056" timestamp="2019-08-04T08:44:05.325" intervalms="116.134" />
<cycle-start id="5250" type="partial gc" contextid="0" timestamp="2019-08-04T08:44:05.325" intervalms="116.135" />
  <attribute name="GC Util" value="130" />
  <attribute name="CPU Util" value="41092295212040" />
  <attribute name="Time Running"value="183003"/>
  <attribute name="Number of cores"value="16"/>
<gc-start id="5251" type="partial gc" contextid="5250" timestamp="2019-08-04T08:44:05.325">
  <mem-info id="5252" free="125829120" total="415236096" percent="30">
    <mem type="eden" free="0" total="111149056" percent="0" />
    <remembered-set count="6272" freebytes="16575232" totalbytes="16600320" percent="99" regionsoverflowed="0" regionsstable="11" regionsrebuilding="0"/>
  </mem-info>
</gc-start>
<allocation-stats totalBytes="110923488" >
  <allocated-bytes non-tlh="122928" tlh="110800560" arrayletleaf="0"/>
  <largest-consumer threadName="Thread-51" threadId="0000000000F24F00" bytes="11658904" />
</allocation-stats>
<gc-op id="5253" type="copy forward" timems="8.806" contextid="5250" timestamp="2019-08-04T08:44:05.335">
  <memory-copied type="eden" objects="9704" bytes="4010376" bytesdiscarded="844832" />
  <memory-copied type="other" objects="28" bytes="1008" bytesdiscarded="0" />
  <memory-cardclean objects="3065" bytes="144176" />
  <remembered-set-cleared processed="956" cleared="641" durationms="0.618" />
  <references type="phantom" candidates="4" cleared="0" enqueued="0" />
  <stringconstants candidates="16472" cleared="0"  />
</gc-op>
<gc-op id="5254" type="classunload" timems="0.015" contextid="5250" timestamp="2019-08-04T08:44:05.335">
  <classunload-info classloadercandidates="69" classloadersunloaded="0" classesunloaded="0" anonymousclassesunloaded="0" quiescems="0.000" setupms="0.015" scanms="0.000" postms="0.000" />
</gc-op>
<gc-end id="5255" type="partial gc" contextid="5250" durationms="10.145" usertimems="30.133" systemtimems="4.844" timestamp="2019-08-04T08:44:05.336" activeThreads="16">
  <mem-info id="5256" free="234881024" total="415236096" percent="56">
    <mem type="eden" free="1435960" total="6291456" percent="22" />
    <remembered-set count="7680" freebytes="16569600" totalbytes="16600320" percent="99" regionsoverflowed="0" regionsstable="11" regionsrebuilding="0"/>
  </mem-info>
</gc-end>
<cycle-end id="5257" type="partial gc" contextid="5250" timestamp="2019-08-04T08:44:05.336">
  <attribute name="GC Util" value="98" />
  <attribute name="CPU Util" value="29221867585969" />
  <attribute name="Time Running"value="183119"/>
  <attribute name="Number of cores"value="16"/>
</cycle-end>
<exclusive-end id="5258" timestamp="2019-08-04T08:44:05.336" durationms="10.959" />

<exclusive-start id="5259" timestamp="2019-08-04T08:44:05.428" intervalms="102.907">
  <response-info timems="0.435" idlems="0.220" threads="1" lastid="0000000000F0E700" lastname="Thread-48" />
</exclusive-start>
<allocation-taxation id="5260" taxation-threshold="111149056" timestamp="2019-08-04T08:44:05.428" intervalms="102.897" />
<cycle-start id="5261" type="partial gc" contextid="0" timestamp="2019-08-04T08:44:05.428" intervalms="102.888" />
  <attribute name="GC Util" value="98" />
  <attribute name="CPU Util" value="29221867585969" />
  <attribute name="Time Running"value="183119"/>
  <attribute name="Number of cores"value="16"/>
<gc-start id="5262" type="partial gc" contextid="5261" timestamp="2019-08-04T08:44:05.428">
  <mem-info id="5263" free="123731968" total="415236096" percent="29">
    <mem type="eden" free="0" total="111149056" percent="0" />
    <remembered-set count="7296" freebytes="16571136" totalbytes="16600320" percent="99" regionsoverflowed="0" regionsstable="11" regionsrebuilding="0"/>
  </mem-info>
</gc-start>
<allocation-stats totalBytes="111056848" >
  <allocated-bytes non-tlh="57368" tlh="110999480" arrayletleaf="0"/>
  <largest-consumer threadName="Thread-49" threadId="0000000000F3B600" bytes="13641040" />
</allocation-stats>
<gc-op id="5264" type="mark" timems="21.978" contextid="5261" timestamp="2019-08-04T08:44:05.451">
  <trace-info objectcount="9453" scancount="7589" scanbytes="1577840" />
  <cardclean-info objects="3057" bytes="143392" />
  <remembered-set-cleared processed="935" cleared="620" durationms="0.710" />
  <references type="weak" candidates="1" cleared="0" enqueued="0" />
  <references type="phantom" candidates="3" cleared="0" enqueued="0" />
  <stringconstants candidates="16472" cleared="0"  />
  <warning details="Mark invoked due to active JNI critical regions" />
</gc-op>
<gc-op id="5265" type="classunload" timems="0.013" contextid="5261" timestamp="2019-08-04T08:44:05.451">
  <classunload-info classloadercandidates="69" classloadersunloaded="0" classesunloaded="0" anonymousclassesunloaded="0" quiescems="0.000" setupms="0.013" scanms="0.000" postms="0.000" />
</gc-op>
<gc-op id="5266" type="sweep" timems="2.773" contextid="5261" timestamp="2019-08-04T08:44:05.454" />
<gc-op id="5267" type="compact" timems="8.227" contextid="5261" timestamp="2019-08-04T08:44:05.462">
  <compact-info movecount="7636" movebytes="3058336" />
  <remembered-set-cleared processed="2111" cleared="1220" durationms="0.710" />
</gc-op>
<gc-end id="5268" type="partial gc" contextid="5261" durationms="34.310" usertimems="80.653" systemtimems="26.905" timestamp="2019-08-04T08:44:05.462" activeThreads="16">
  <mem-info id="5269" free="232783872" total="415236096" percent="56">
    <mem type="eden" free="1136656" total="6291456" percent="18" />
    <remembered-set count="3968" freebytes="16584448" totalbytes="16600320" percent="99" regionsoverflowed="0" regionsstable="11" regionsrebuilding="0"/>
  </mem-info>
</gc-end>
<cycle-end id="5270" type="partial gc" contextid="5261" timestamp="2019-08-04T08:44:05.463">
  <attribute name="GC Util" value="126" />
  <attribute name="CPU Util" value="6240212548124" />
  <attribute name="Time Running"value="183247"/>
  <attribute name="Number of cores"value="16"/>
</cycle-end>
<exclusive-end id="5271" timestamp="2019-08-04T08:44:05.463" durationms="34.914" />

<exclusive-start id="5272" timestamp="2019-08-04T08:44:05.564" intervalms="136.100">
  <response-info timems="0.648" idlems="0.648" threads="0" lastid="0000000000F59A00" lastname="Thread-43" />
</exclusive-start>
<allocation-taxation id="5273" taxation-threshold="111149056" timestamp="2019-08-04T08:44:05.564" intervalms="136.111" />
<cycle-start id="5274" type="partial gc" contextid="0" timestamp="2019-08-04T08:44:05.565" intervalms="137.593" />
  <attribute name="GC Util" value="126" />
  <attribute name="CPU Util" value="6240212548124" />
  <attribute name="Time Running"value="183247"/>
  <attribute name="Number of cores"value="16"/>
<gc-start id="5275" type="partial gc" contextid="5274" timestamp="2019-08-04T08:44:05.566">
  <mem-info id="5276" free="121634816" total="415236096" percent="29">
    <mem type="eden" free="0" total="113246208" percent="0" />
    <remembered-set count="3968" freebytes="16584448" totalbytes="16600320" percent="99" regionsoverflowed="0" regionsstable="11" regionsrebuilding="0"/>
  </mem-info>
</gc-start>
<allocation-stats totalBytes="110931776" >
  <allocated-bytes non-tlh="16392" tlh="110915384" arrayletleaf="0"/>
  <largest-consumer threadName="Thread-38" threadId="0000000000F5D600" bytes="11541680" />
</allocation-stats>
<gc-op id="5277" type="copy forward" timems="17.495" contextid="5274" timestamp="2019-08-04T08:44:05.586">
  <memory-copied type="eden" objects="9623" bytes="3866928" bytesdiscarded="525592" />
  <memory-copied type="other" objects="21" bytes="832" bytesdiscarded="0" />
  <memory-cardclean objects="3062" bytes="143944" />
  <remembered-set-cleared processed="954" cleared="638" durationms="0.748" />
  <references type="phantom" candidates="5" cleared="0" enqueued="0" />
  <stringconstants candidates="16472" cleared="0"  />
</gc-op>
<gc-op id="5278" type="classunload" timems="0.015" contextid="5274" timestamp="2019-08-04T08:44:05.586">
  <classunload-info classloadercandidates="69" classloadersunloaded="0" classesunloaded="0" anonymousclassesunloaded="0" quiescems="0.000" setupms="0.014" scanms="0.000" postms="0.000" />
</gc-op>
<heap-resize id="5279" type="expand" space="default" amount="46137344" count="1" timems="0.152" reason="excessive time being spent in gc" timestamp="2019-08-04T08:44:05.586" />
<gc-end id="5280" type="partial gc" contextid="5274" durationms="20.727" usertimems="44.292" systemtimems="9.847" timestamp="2019-08-04T08:44:05.587" activeThreads="16">
  <mem-info id="5281" free="276824064" total="461373440" percent="60">
    <mem type="eden" free="1898640" total="6291456" percent="30" />
    <remembered-set count="8672" freebytes="18410112" totalbytes="18444800" percent="99" regionsoverflowed="0" regionsstable="11" regionsrebuilding="0"/>
  </mem-info>
</gc-end>
<cycle-end id="5282" type="partial gc" contextid="5274" timestamp="2019-08-04T08:44:05.587">
  <attribute name="GC Util" value="34" />
  <attribute name="CPU Util" value="7844413443725" />
  <attribute name="Time Running"value="183361"/>
  <attribute name="Number of cores"value="16"/>
</cycle-end>
<exclusive-end id="5283" timestamp="2019-08-04T08:44:05.587" durationms="22.884" />

<exclusive-start id="5284" timestamp="2019-08-04T08:44:05.680" intervalms="115.931">
  <response-info timems="0.191" idlems="0.191" threads="0" lastid="0000000000F24F00" lastname="Thread-51" />
</exclusive-start>
<allocation-taxation id="5285" taxation-threshold="121634816" timestamp="2019-08-04T08:44:05.680" intervalms="115.929" />
<cycle-start id="5286" type="partial gc" contextid="0" timestamp="2019-08-04T08:44:05.680" intervalms="114.464" />
  <attribute name="GC Util" value="34" />
  <attribute name="CPU Util" value="7844413443725" />
  <attribute name="Time Running"value="183361"/>
  <attribute name="Number of cores"value="16"/>
<gc-start id="5287" type="partial gc" contextid="5286" timestamp="2019-08-04T08:44:05.680">
  <mem-info id="5288" free="155189248" total="461373440" percent="33">
    <mem type="eden" free="0" total="121634816" percent="0" />
    <remembered-set count="8192" freebytes="18412032" totalbytes="18444800" percent="99" regionsoverflowed="0" regionsstable="11" regionsrebuilding="0"/>
  </mem-info>
</gc-start>
<allocation-stats totalBytes="121480880" >
  <allocated-bytes non-tlh="65552" tlh="121415328" arrayletleaf="0"/>
  <largest-consumer threadName="Thread-51" threadId="0000000000F24F00" bytes="14923368" />
</allocation-stats>
<gc-op id="5289" type="copy forward" timems="8.116" contextid="5286" timestamp="2019-08-04T08:44:05.689">
  <memory-copied type="eden" objects="10398" bytes="3993152" bytesdiscarded="608896" />
  <memory-copied type="other" objects="4" bytes="144" bytesdiscarded="0" />
  <memory-cardclean objects="3052" bytes="143768" />
  <remembered-set-cleared processed="949" cleared="631" durationms="0.186" />
  <references type="phantom" candidates="3" cleared="0" enqueued="0" />
  <stringconstants candidates="16472" cleared="0"  />
</gc-op>
<gc-op id="5290" type="classunload" timems="0.014" contextid="5286" timestamp="2019-08-04T08:44:05.689">
  <classunload-info classloadercandidates="69" classloadersunloaded="0" classesunloaded="0" anonymousclassesunloaded="0" quiescems="0.000" setupms="0.014" scanms="0.000" postms="0.000" />
</gc-op>
<gc-end id="5291" type="partial gc" contextid="5286" durationms="9.429" usertimems="18.266" systemtimems="12.097" timestamp="2019-08-04T08:44:05.690" activeThreads="16">
  <mem-info id="5292" free="276824064" total="461373440" percent="60">
    <mem type="eden" free="1689128" total="6291456" percent="26" />
    <remembered-set count="8160" freebytes="18412160" totalbytes="18444800" percent="99" regionsoverflowed="0" regionsstable="11" regionsrebuilding="0"/>
  </mem-info>
</gc-end>
<cycle-end id="5293" type="partial gc" contextid="5286" timestamp="2019-08-04T08:44:05.690">
  <attribute name="GC Util" value="99" />
  <attribute name="CPU Util" value="28361931762364" />
  <attribute name="Time Running"value="183474"/>
  <attribute name="Number of cores"value="16"/>
</cycle-end>
<exclusive-end id="5294" timestamp="2019-08-04T08:44:05.690" durationms="10.119" />

<exclusive-start id="5295" timestamp="2019-08-04T08:44:05.761" intervalms="80.784">
  <response-info timems="0.377" idlems="0.377" threads="0" lastid="0000000000F59A00" lastname="Thread-43" />
</exclusive-start>
<allocation-taxation id="5296" taxation-threshold="121634816" timestamp="2019-08-04T08:44:05.761" intervalms="80.796" />
<cycle-start id="5297" type="partial gc" contextid="0" timestamp="2019-08-04T08:44:05.761" intervalms="80.763" />
  <attribute name="GC Util" value="99" />
  <attribute name="CPU Util" value="28361931762364" />
  <attribute name="Time Running"value="183474"/>
  <attribute name="Number of cores"value="16"/>
<gc-start id="5298" type="partial gc" contextid="5297" timestamp="2019-08-04T08:44:05.761">
  <mem-info id="5299" free="155189248" total="461373440" percent="33">
    <mem type="eden" free="0" total="121634816" percent="0" />
    <remembered-set count="7680" freebytes="18414080" totalbytes="18444800" percent="99" regionsoverflowed="0" regionsstable="11" regionsrebuilding="0"/>
  </mem-info>
</gc-start>
<allocation-stats totalBytes="121411280" >
  <allocated-bytes non-tlh="65560" tlh="121345720" arrayletleaf="0"/>
  <largest-consumer threadName="Thread-41" threadId="0000000000F4AA00" bytes="11308936" />
</allocation-stats>
<gc-op id="5300" type="copy forward" timems="20.464" contextid="5297" timestamp="2019-08-04T08:44:05.783">
  <memory-copied type="eden" objects="9012" bytes="3638440" bytesdiscarded="590936" />
  <memory-copied type="other" objects="20" bytes="720" bytesdiscarded="0" />
  <memory-cardclean objects="3066" bytes="144144" />
  <remembered-set-cleared processed="983" cleared="665" durationms="0.382" />
  <references type="phantom" candidates="2" cleared="0" enqueued="0" />
  <stringconstants candidates="16472" cleared="0"  />
</gc-op>
<gc-op id="5301" type="classunload" timems="0.022" contextid="5297" timestamp="2019-08-04T08:44:05.783">
  <classunload-info classloadercandidates="69" classloadersunloaded="0" classesunloaded="0" anonymousclassesunloaded="0" quiescems="0.000" setupms="0.022" scanms="0.000" postms="0.000" />
</gc-op>
<heap-resize id="5302" type="expand" space="default" amount="6291456" count="1" timems="0.394" reason="excessive time being spent in gc" timestamp="2019-08-04T08:44:05.783" />
<gc-end id="5303" type="partial gc" contextid="5297" durationms="22.425" usertimems="44.287" systemtimems="16.296" timestamp="2019-08-04T08:44:05.783" activeThreads="16">
  <mem-info id="5304" free="281018368" total="467664896" percent="60">
    <mem type="eden" free="2061792" total="6291456" percent="32" />
    <remembered-set count="7136" freebytes="18667776" totalbytes="18696320" percent="99" regionsoverflowed="0" regionsstable="11" regionsrebuilding="0"/>
  </mem-info>
</gc-end>
<cycle-end id="5305" type="partial gc" contextid="5297" timestamp="2019-08-04T08:44:05.783">
  <attribute name="GC Util" value="66" />
  <attribute name="CPU Util" value="22653385253836" />
  <attribute name="Time Running"value="183555"/>
  <attribute name="Number of cores"value="16"/>
</cycle-end>
<exclusive-end id="5306" timestamp="2019-08-04T08:44:05.784" durationms="22.960" />

<exclusive-start id="5307" timestamp="2019-08-04T08:44:05.887" intervalms="126.826">
  <response-info timems="2.326" idlems="2.326" threads="0" lastid="0000000000F24F00" lastname="Thread-51" />
</exclusive-start>
<allocation-taxation id="5308" taxation-threshold="123731968" timestamp="2019-08-04T08:44:05.887" intervalms="126.842" />
<cycle-start id="5309" type="partial gc" contextid="0" timestamp="2019-08-04T08:44:05.888" intervalms="126.891" />
  <attribute name="GC Util" value="66" />
  <attribute name="CPU Util" value="22653385253836" />
  <attribute name="Time Running"value="183555"/>
  <attribute name="Number of cores"value="16"/>
<gc-start id="5310" type="partial gc" contextid="5309" timestamp="2019-08-04T08:44:05.888">
  <mem-info id="5311" free="157286400" total="467664896" percent="33">
    <mem type="eden" free="0" total="123731968" percent="0" />
    <remembered-set count="7136" freebytes="18667776" totalbytes="18696320" percent="99" regionsoverflowed="0" regionsstable="11" regionsrebuilding="0"/>
  </mem-info>
</gc-start>
<allocation-stats totalBytes="123467176" >
  <allocated-bytes non-tlh="65560" tlh="123401616" arrayletleaf="0"/>
  <largest-consumer threadName="Thread-50" threadId="0000000000F64D00" bytes="13553352" />
</allocation-stats>
<gc-op id="5312" type="copy forward" timems="11.087" contextid="5309" timestamp="2019-08-04T08:44:05.900">
  <memory-copied type="eden" objects="10102" bytes="3996152" bytesdiscarded="785560" />
  <memory-copied type="other" objects="21" bytes="824" bytesdiscarded="0" />
  <memory-cardclean objects="3096" bytes="145232" />
  <remembered-set-cleared processed="940" cleared="627" durationms="1.251" />
  <references type="weak" candidates="2" cleared="0" enqueued="0" />
  <references type="phantom" candidates="3" cleared="0" enqueued="0" />
  <stringconstants candidates="16472" cleared="0"  />
</gc-op>
<gc-op id="5313" type="classunload" timems="0.017" contextid="5309" timestamp="2019-08-04T08:44:05.900">
  <classunload-info classloadercandidates="69" classloadersunloaded="0" classesunloaded="0" anonymousclassesunloaded="0" quiescems="0.000" setupms="0.017" scanms="0.000" postms="0.000" />
</gc-op>
<gc-end id="5314" type="partial gc" contextid="5309" durationms="12.562" usertimems="26.694" systemtimems="16.985" timestamp="2019-08-04T08:44:05.900" activeThreads="16">
  <mem-info id="5315" free="281018368" total="467664896" percent="60">
    <mem type="eden" free="1509472" total="6291456" percent="23" />
    <remembered-set count="7648" freebytes="18665728" totalbytes="18696320" percent="99" regionsoverflowed="0" regionsstable="11" regionsrebuilding="0"/>
  </mem-info>
</gc-end>
<cycle-end id="5316" type="partial gc" contextid="5309" timestamp="2019-08-04T08:44:05.901">
  <attribute name="GC Util" value="97" />
  <attribute name="CPU Util" value="34113506566570" />
  <attribute name="Time Running"value="183682"/>
  <attribute name="Number of cores"value="16"/>
</cycle-end>
<exclusive-end id="5317" timestamp="2019-08-04T08:44:05.901" durationms="13.289" />

<exclusive-start id="5318" timestamp="2019-08-04T08:44:06.211" intervalms="323.145">
  <response-info timems="0.468" idlems="0.466" threads="1" lastid="0000000000F0E700" lastname="Thread-48" />
</exclusive-start>
<allocation-taxation id="5319" taxation-threshold="123731968" timestamp="2019-08-04T08:44:06.211" intervalms="323.122" />
<cycle-start id="5320" type="partial gc" contextid="0" timestamp="2019-08-04T08:44:06.211" intervalms="323.121" />
  <attribute name="GC Util" value="97" />
  <attribute name="CPU Util" value="34113506566570" />
  <attribute name="Time Running"value="183682"/>
  <attribute name="Number of cores"value="16"/>
<gc-start id="5321" type="partial gc" contextid="5320" timestamp="2019-08-04T08:44:06.211">
  <mem-info id="5322" free="157286400" total="467664896" percent="33">
    <mem type="eden" free="0" total="123731968" percent="0" />
    <remembered-set count="7232" freebytes="18667392" totalbytes="18696320" percent="99" regionsoverflowed="0" regionsstable="11" regionsrebuilding="0"/>
  </mem-info>
</gc-start>
<allocation-stats totalBytes="123528416" >
  <allocated-bytes non-tlh="81944" tlh="123446472" arrayletleaf="0"/>
  <largest-consumer threadName="Thread-51" threadId="0000000000F24F00" bytes="15607984" />
</allocation-stats>
<gc-op id="5323" type="copy forward" timems="7.546" contextid="5320" timestamp="2019-08-04T08:44:06.220">
  <memory-copied type="eden" objects="9277" bytes="3624112" bytesdiscarded="577136" />
  <memory-copied type="other" objects="29" bytes="1112" bytesdiscarded="0" />
  <memory-cardclean objects="3109" bytes="145056" />
  <remembered-set-cleared processed="944" cleared="633" durationms="0.216" />
  <references type="phantom" candidates="4" cleared="0" enqueued="0" />
  <stringconstants candidates="16472" cleared="0"  />
</gc-op>
<gc-op id="5324" type="classunload" timems="0.014" contextid="5320" timestamp="2019-08-04T08:44:06.220">
  <classunload-info classloadercandidates="69" classloadersunloaded="0" classesunloaded="0" anonymousclassesunloaded="0" quiescems="0.000" setupms="0.014" scanms="0.000" postms="0.000" />
</gc-op>
<gc-end id="5325" type="partial gc" contextid="5320" durationms="8.825" usertimems="26.109" systemtimems="3.878" timestamp="2019-08-04T08:44:06.220" activeThreads="16">
  <mem-info id="5326" free="278921216" total="467664896" percent="59">
    <mem type="eden" free="2089920" total="6291456" percent="33" />
    <remembered-set count="8128" freebytes="18663808" totalbytes="18696320" percent="99" regionsoverflowed="0" regionsstable="11" regionsrebuilding="0"/>
  </mem-info>
</gc-end>
<cycle-end id="5327" type="partial gc" contextid="5320" timestamp="2019-08-04T08:44:06.220">
  <attribute name="GC Util" value="134" />
  <attribute name="CPU Util" value="39951015560212" />
  <attribute name="Time Running"value="184005"/>
  <attribute name="Number of cores"value="16"/>
</cycle-end>
<exclusive-end id="5328" timestamp="2019-08-04T08:44:06.220" durationms="9.516" />

<exclusive-start id="5329" timestamp="2019-08-04T08:44:06.278" intervalms="67.222">
  <response-info timems="0.739" idlems="0.739" threads="0" lastid="0000000000F3B600" lastname="Thread-49" />
</exclusive-start>
<allocation-taxation id="5330" taxation-threshold="123731968" timestamp="2019-08-04T08:44:06.278" intervalms="67.274" />
<cycle-start id="5331" type="partial gc" contextid="0" timestamp="2019-08-04T08:44:06.278" intervalms="67.257" />
  <attribute name="GC Util" value="134" />
  <attribute name="CPU Util" value="39951015560212" />
  <attribute name="Time Running"value="184005"/>
  <attribute name="Number of cores"value="16"/>
<gc-start id="5332" type="partial gc" contextid="5331" timestamp="2019-08-04T08:44:06.278">
  <mem-info id="5333" free="155189248" total="467664896" percent="33">
    <mem type="eden" free="0" total="123731968" percent="0" />
    <remembered-set count="7680" freebytes="18665600" totalbytes="18696320" percent="99" regionsoverflowed="0" regionsstable="11" regionsrebuilding="0"/>
  </mem-info>
</gc-start>
<allocation-stats totalBytes="123494520" >
  <allocated-bytes non-tlh="32776" tlh="123461744" arrayletleaf="0"/>
  <largest-consumer threadName="Thread-39" threadId="0000000000F15F00" bytes="12137888" />
</allocation-stats>
<gc-op id="5334" type="copy forward" timems="7.631" contextid="5331" timestamp="2019-08-04T08:44:06.287">
  <memory-copied type="eden" objects="9971" bytes="3911288" bytesdiscarded="779800" />
  <memory-copied type="other" objects="26" bytes="1072" bytesdiscarded="0" />
  <memory-cardclean objects="3102" bytes="144912" />
  <remembered-set-cleared processed="933" cleared="619" durationms="0.262" />
  <references type="phantom" candidates="4" cleared="0" enqueued="0" />
  <stringconstants candidates="16472" cleared="0"  />
</gc-op>
<gc-op id="5335" type="classunload" timems="0.010" contextid="5331" timestamp="2019-08-04T08:44:06.287">
  <classunload-info classloadercandidates="69" classloadersunloaded="0" classesunloaded="0" anonymousclassesunloaded="0" quiescems="0.000" setupms="0.010" scanms="0.000" postms="0.000" />
</gc-op>
<gc-end id="5336" type="partial gc" contextid="5331" durationms="8.669" usertimems="16.731" systemtimems="4.758" timestamp="2019-08-04T08:44:06.287" activeThreads="16">
  <mem-info id="5337" free="276824064" total="467664896" percent="59">
    <mem type="eden" free="1600080" total="6291456" percent="25" />
    <remembered-set count="8128" freebytes="18663808" totalbytes="18696320" percent="99" regionsoverflowed="0" regionsstable="11" regionsrebuilding="0"/>
  </mem-info>
</gc-end>
<cycle-end id="5338" type="partial gc" contextid="5331" timestamp="2019-08-04T08:44:06.287">
  <attribute name="GC Util" value="118" />
  <attribute name="CPU Util" value="36229257231016" />
  <attribute name="Time Running"value="184072"/>
  <attribute name="Number of cores"value="16"/>
</cycle-end>
<exclusive-end id="5339" timestamp="2019-08-04T08:44:06.287" durationms="9.367" />

<exclusive-start id="5340" timestamp="2019-08-04T08:44:06.363" intervalms="84.868">
  <response-info timems="0.277" idlems="0.277" threads="0" lastid="0000000000F4AA00" lastname="Thread-41" />
</exclusive-start>
<allocation-taxation id="5341" taxation-threshold="123731968" timestamp="2019-08-04T08:44:06.363" intervalms="85.013" />
<cycle-start id="5342" type="partial gc" contextid="0" timestamp="2019-08-04T08:44:06.363" intervalms="85.010" />
  <attribute name="GC Util" value="118" />
  <attribute name="CPU Util" value="36229257231016" />
  <attribute name="Time Running"value="184072"/>
  <attribute name="Number of cores"value="16"/>
<gc-start id="5343" type="partial gc" contextid="5342" timestamp="2019-08-04T08:44:06.364">
  <mem-info id="5344" free="153092096" total="467664896" percent="32">
    <mem type="eden" free="0" total="123731968" percent="0" />
    <remembered-set count="7840" freebytes="18664960" totalbytes="18696320" percent="99" regionsoverflowed="0" regionsstable="11" regionsrebuilding="0"/>
  </mem-info>
</gc-start>
<allocation-stats totalBytes="123587168" >
  <allocated-bytes non-tlh="114736" tlh="123472432" arrayletleaf="0"/>
  <largest-consumer threadName="Thread-51" threadId="0000000000F24F00" bytes="13368168" />
</allocation-stats>
<gc-op id="5345" type="copy forward" timems="8.804" contextid="5342" timestamp="2019-08-04T08:44:06.374">
  <memory-copied type="eden" objects="9484" bytes="3761272" bytesdiscarded="574320" />
  <memory-copied type="other" objects="19" bytes="896" bytesdiscarded="0" />
  <memory-cardclean objects="3102" bytes="145664" />
  <remembered-set-cleared processed="956" cleared="642" durationms="1.274" />
  <references type="phantom" candidates="3" cleared="0" enqueued="0" />
  <stringconstants candidates="16472" cleared="0"  />
</gc-op>
<gc-op id="5346" type="classunload" timems="0.010" contextid="5342" timestamp="2019-08-04T08:44:06.374">
  <classunload-info classloadercandidates="69" classloadersunloaded="0" classesunloaded="0" anonymousclassesunloaded="0" quiescems="0.000" setupms="0.010" scanms="0.000" postms="0.000" />
</gc-op>
<gc-end id="5347" type="partial gc" contextid="5342" durationms="9.838" usertimems="15.738" systemtimems="9.154" timestamp="2019-08-04T08:44:06.374" activeThreads="16">
  <mem-info id="5348" free="274726912" total="467664896" percent="58">
    <mem type="eden" free="1955592" total="6291456" percent="31" />
    <remembered-set count="7616" freebytes="18665856" totalbytes="18696320" percent="99" regionsoverflowed="0" regionsstable="11" regionsrebuilding="0"/>
  </mem-info>
</gc-end>
<cycle-end id="5349" type="partial gc" contextid="5342" timestamp="2019-08-04T08:44:06.374">
  <attribute name="GC Util" value="142" />
  <attribute name="CPU Util" value="40028517954931" />
  <attribute name="Time Running"value="184158"/>
  <attribute name="Number of cores"value="16"/>
</cycle-end>
<exclusive-end id="5350" timestamp="2019-08-04T08:44:06.374" durationms="11.516" />

<exclusive-start id="5351" timestamp="2019-08-04T08:44:06.457" intervalms="94.726">
  <response-info timems="1.206" idlems="0.656" threads="3" lastid="0000000000F1D700" lastname="Thread-40" />
</exclusive-start>
<allocation-taxation id="5352" taxation-threshold="123731968" timestamp="2019-08-04T08:44:06.457" intervalms="94.529" />
<cycle-start id="5353" type="partial gc" contextid="0" timestamp="2019-08-04T08:44:06.457" intervalms="94.529" />
  <attribute name="GC Util" value="142" />
  <attribute name="CPU Util" value="40028517954931" />
  <attribute name="Time Running"value="184158"/>
  <attribute name="Number of cores"value="16"/>
<gc-start id="5354" type="partial gc" contextid="5353" timestamp="2019-08-04T08:44:06.458">
  <mem-info id="5355" free="150994944" total="467664896" percent="32">
    <mem type="eden" free="0" total="123731968" percent="0" />
    <remembered-set count="7264" freebytes="18667264" totalbytes="18696320" percent="99" regionsoverflowed="0" regionsstable="11" regionsrebuilding="0"/>
  </mem-info>
</gc-start>
<allocation-stats totalBytes="123471120" >
  <allocated-bytes non-tlh="65552" tlh="123405568" arrayletleaf="0"/>
  <largest-consumer threadName="Thread-50" threadId="0000000000F64D00" bytes="10895056" />
</allocation-stats>
<gc-op id="5356" type="copy forward" timems="6.864" contextid="5353" timestamp="2019-08-04T08:44:06.467">
  <memory-copied type="eden" objects="10045" bytes="3926176" bytesdiscarded="737472" />
  <memory-copied type="other" objects="21" bytes="832" bytesdiscarded="0" />
  <memory-cardclean objects="3085" bytes="145384" />
  <remembered-set-cleared processed="910" cleared="595" durationms="0.203" />
  <references type="phantom" candidates="4" cleared="0" enqueued="0" />
  <stringconstants candidates="16472" cleared="0"  />
</gc-op>
<gc-op id="5357" type="classunload" timems="0.010" contextid="5353" timestamp="2019-08-04T08:44:06.467">
  <classunload-info classloadercandidates="69" classloadersunloaded="0" classesunloaded="0" anonymousclassesunloaded="0" quiescems="0.000" setupms="0.010" scanms="0.000" postms="0.000" />
</gc-op>
<gc-end id="5358" type="partial gc" contextid="5353" durationms="9.589" usertimems="19.561" systemtimems="5.838" timestamp="2019-08-04T08:44:06.467" activeThreads="16">
  <mem-info id="5359" free="272629760" total="467664896" percent="58">
    <mem type="eden" free="1627512" total="6291456" percent="25" />
    <remembered-set count="7136" freebytes="18667776" totalbytes="18696320" percent="99" regionsoverflowed="0" regionsstable="11" regionsrebuilding="0"/>
  </mem-info>
</gc-end>
<cycle-end id="5360" type="partial gc" contextid="5353" timestamp="2019-08-04T08:44:06.467">
  <attribute name="GC Util" value="174" />
  <attribute name="CPU Util" value="8981770463035" />
  <attribute name="Time Running"value="184253"/>
  <attribute name="Number of cores"value="16"/>
</cycle-end>
<exclusive-end id="5361" timestamp="2019-08-04T08:44:06.468" durationms="10.185" />

<exclusive-start id="5362" timestamp="2019-08-04T08:44:06.541" intervalms="83.309">
  <response-info timems="0.596" idlems="0.596" threads="0" lastid="0000000000F61100" lastname="Thread-46" />
</exclusive-start>
<allocation-taxation id="5363" taxation-threshold="123731968" timestamp="2019-08-04T08:44:06.541" intervalms="83.317" />
<cycle-start id="5364" type="partial gc" contextid="0" timestamp="2019-08-04T08:44:06.541" intervalms="83.319" />
  <attribute name="GC Util" value="174" />
  <attribute name="CPU Util" value="8981770463035" />
  <attribute name="Time Running"value="184253"/>
  <attribute name="Number of cores"value="16"/>
<gc-start id="5365" type="partial gc" contextid="5364" timestamp="2019-08-04T08:44:06.542">
  <mem-info id="5366" free="148897792" total="467664896" percent="31">
    <mem type="eden" free="0" total="123731968" percent="0" />
    <remembered-set count="7136" freebytes="18667776" totalbytes="18696320" percent="99" regionsoverflowed="0" regionsstable="11" regionsrebuilding="0"/>
  </mem-info>
</gc-start>
<allocation-stats totalBytes="123477848" >
  <allocated-bytes non-tlh="49168" tlh="123428680" arrayletleaf="0"/>
  <largest-consumer threadName="Thread-39" threadId="0000000000F15F00" bytes="11854488" />
</allocation-stats>
<gc-op id="5367" type="copy forward" timems="7.355" contextid="5364" timestamp="2019-08-04T08:44:06.550">
  <memory-copied type="eden" objects="9772" bytes="3871048" bytesdiscarded="453496" />
  <memory-copied type="other" objects="30" bytes="1296" bytesdiscarded="0" />
  <memory-cardclean objects="3096" bytes="145472" />
  <remembered-set-cleared processed="959" cleared="643" durationms="0.185" />
  <references type="weak" candidates="1" cleared="0" enqueued="0" />
  <references type="phantom" candidates="4" cleared="0" enqueued="0" />
  <stringconstants candidates="16472" cleared="0"  />
</gc-op>
<gc-op id="5368" type="classunload" timems="0.109" contextid="5364" timestamp="2019-08-04T08:44:06.550">
  <classunload-info classloadercandidates="69" classloadersunloaded="0" classesunloaded="0" anonymousclassesunloaded="0" quiescems="0.000" setupms="0.109" scanms="0.000" postms="0.000" />
</gc-op>
<gc-end id="5369" type="partial gc" contextid="5364" durationms="8.561" usertimems="26.910" systemtimems="3.151" timestamp="2019-08-04T08:44:06.550" activeThreads="16">
  <mem-info id="5370" free="270532608" total="467664896" percent="57">
    <mem type="eden" free="1966640" total="6291456" percent="31" />
    <remembered-set count="6656" freebytes="18669696" totalbytes="18696320" percent="99" regionsoverflowed="0" regionsstable="11" regionsrebuilding="0"/>
  </mem-info>
</gc-end>
<cycle-end id="5371" type="partial gc" contextid="5364" timestamp="2019-08-04T08:44:06.551">
  <attribute name="GC Util" value="132" />
  <attribute name="CPU Util" value="40446020152694" />
  <attribute name="Time Running"value="184335"/>
  <attribute name="Number of cores"value="16"/>
</cycle-end>
<exclusive-end id="5372" timestamp="2019-08-04T08:44:06.551" durationms="9.968" />

<exclusive-start id="5373" timestamp="2019-08-04T08:44:06.642" intervalms="101.757">
  <response-info timems="1.167" idlems="1.167" threads="0" lastid="0000000000F4AA00" lastname="Thread-41" />
</exclusive-start>
<allocation-taxation id="5374" taxation-threshold="123731968" timestamp="2019-08-04T08:44:06.643" intervalms="101.765" />
<cycle-start id="5375" type="partial gc" contextid="0" timestamp="2019-08-04T08:44:06.643" intervalms="101.777" />
  <attribute name="GC Util" value="132" />
  <attribute name="CPU Util" value="40446020152694" />
  <attribute name="Time Running"value="184335"/>
  <attribute name="Number of cores"value="16"/>
<gc-start id="5376" type="partial gc" contextid="5375" timestamp="2019-08-04T08:44:06.643">
  <mem-info id="5377" free="146800640" total="467664896" percent="31">
    <mem type="eden" free="0" total="123731968" percent="0" />
    <remembered-set count="6272" freebytes="18671232" totalbytes="18696320" percent="99" regionsoverflowed="0" regionsstable="11" regionsrebuilding="0"/>
  </mem-info>
</gc-start>
<allocation-stats totalBytes="123595672" >
  <allocated-bytes non-tlh="24592" tlh="123571080" arrayletleaf="0"/>
  <largest-consumer threadName="Thread-38" threadId="0000000000F5D600" bytes="12647640" />
</allocation-stats>
<gc-op id="5378" type="copy forward" timems="9.210" contextid="5375" timestamp="2019-08-04T08:44:06.654">
  <memory-copied type="eden" objects="10503" bytes="4072024" bytesdiscarded="853256" />
  <memory-copied type="other" objects="32" bytes="1152" bytesdiscarded="0" />
  <memory-cardclean objects="3067" bytes="144240" />
  <remembered-set-cleared processed="956" cleared="639" durationms="0.245" />
  <references type="phantom" candidates="1" cleared="0" enqueued="0" />
  <stringconstants candidates="16472" cleared="0"  />
</gc-op>
<gc-op id="5379" type="classunload" timems="0.012" contextid="5375" timestamp="2019-08-04T08:44:06.654">
  <classunload-info classloadercandidates="69" classloadersunloaded="0" classesunloaded="0" anonymousclassesunloaded="0" quiescems="0.000" setupms="0.012" scanms="0.000" postms="0.000" />
</gc-op>
<gc-end id="5380" type="partial gc" contextid="5375" durationms="11.549" usertimems="25.014" systemtimems="8.220" timestamp="2019-08-04T08:44:06.654" activeThreads="16">
  <mem-info id="5381" free="268435456" total="467664896" percent="57">
    <mem type="eden" free="1365904" total="6291456" percent="21" />
    <remembered-set count="7136" freebytes="18667776" totalbytes="18696320" percent="99" regionsoverflowed="0" regionsstable="11" regionsrebuilding="0"/>
  </mem-info>
</gc-end>
<cycle-end id="5382" type="partial gc" contextid="5375" timestamp="2019-08-04T08:44:06.655">
  <attribute name="GC Util" value="79" />
  <attribute name="CPU Util" value="21596531543039" />
  <attribute name="Time Running"value="184438"/>
  <attribute name="Number of cores"value="16"/>
</cycle-end>
<exclusive-end id="5383" timestamp="2019-08-04T08:44:06.655" durationms="12.226" />

<exclusive-start id="5384" timestamp="2019-08-04T08:44:06.711" intervalms="68.286">
  <response-info timems="0.318" idlems="0.318" threads="0" lastid="0000000000F64D00" lastname="Thread-50" />
</exclusive-start>
<allocation-taxation id="5385" taxation-threshold="123731968" timestamp="2019-08-04T08:44:06.711" intervalms="68.266" />
<cycle-start id="5386" type="partial gc" contextid="0" timestamp="2019-08-04T08:44:06.711" intervalms="68.250" />
  <attribute name="GC Util" value="79" />
  <attribute name="CPU Util" value="21596531543039" />
  <attribute name="Time Running"value="184438"/>
  <attribute name="Number of cores"value="16"/>
<gc-start id="5387" type="partial gc" contextid="5386" timestamp="2019-08-04T08:44:06.711">
  <mem-info id="5388" free="144703488" total="467664896" percent="30">
    <mem type="eden" free="0" total="123731968" percent="0" />
    <remembered-set count="7104" freebytes="18667904" totalbytes="18696320" percent="99" regionsoverflowed="0" regionsstable="11" regionsrebuilding="0"/>
  </mem-info>
</gc-start>
<allocation-stats totalBytes="123565840" >
  <allocated-bytes non-tlh="81960" tlh="123483880" arrayletleaf="0"/>
  <largest-consumer threadName="Thread-44" threadId="0000000000F19B00" bytes="13618320" />
</allocation-stats>
<gc-op id="5389" type="copy forward" timems="16.730" contextid="5386" timestamp="2019-08-04T08:44:06.731">
  <memory-copied type="eden" objects="10029" bytes="3987344" bytesdiscarded="330800" />
  <memory-copied type="other" objects="20" bytes="720" bytesdiscarded="0" />
  <memory-cardclean objects="3083" bytes="145080" />
  <remembered-set-cleared processed="975" cleared="658" durationms="0.238" />
  <references type="weak" candidates="1" cleared="0" enqueued="0" />
  <references type="phantom" candidates="3" cleared="0" enqueued="0" />
  <stringconstants candidates="16472" cleared="0"  />
</gc-op>
<gc-op id="5390" type="classunload" timems="0.011" contextid="5386" timestamp="2019-08-04T08:44:06.731">
  <classunload-info classloadercandidates="69" classloadersunloaded="0" classesunloaded="0" anonymousclassesunloaded="0" quiescems="0.000" setupms="0.011" scanms="0.000" postms="0.000" />
</gc-op>
<gc-end id="5391" type="partial gc" contextid="5386" durationms="19.981" usertimems="48.580" systemtimems="10.510" timestamp="2019-08-04T08:44:06.731" activeThreads="16">
  <mem-info id="5392" free="266338304" total="467664896" percent="56">
    <mem type="eden" free="1973040" total="6291456" percent="31" />
    <remembered-set count="7104" freebytes="18667904" totalbytes="18696320" percent="99" regionsoverflowed="0" regionsstable="11" regionsrebuilding="0"/>
  </mem-info>
</gc-end>
<cycle-end id="5393" type="partial gc" contextid="5386" timestamp="2019-08-04T08:44:06.731">
  <attribute name="GC Util" value="102" />
  <attribute name="CPU Util" value="8159065838991" />
  <attribute name="Time Running"value="184507"/>
  <attribute name="Number of cores"value="16"/>
</cycle-end>
<exclusive-end id="5394" timestamp="2019-08-04T08:44:06.731" durationms="20.602" />

<exclusive-start id="5395" timestamp="2019-08-04T08:44:06.803" intervalms="92.350">
  <response-info timems="0.420" idlems="0.204" threads="7" lastid="0000000000C3A200" lastname="JIT Compilation Thread-6" />
</exclusive-start>
<allocation-taxation id="5396" taxation-threshold="123731968" timestamp="2019-08-04T08:44:06.803" intervalms="92.353" />
<cycle-start id="5397" type="partial gc" contextid="0" timestamp="2019-08-04T08:44:06.803" intervalms="92.367" />
  <attribute name="GC Util" value="102" />
  <attribute name="CPU Util" value="8159065838991" />
  <attribute name="Time Running"value="184507"/>
  <attribute name="Number of cores"value="16"/>
<gc-start id="5398" type="partial gc" contextid="5397" timestamp="2019-08-04T08:44:06.803">
  <mem-info id="5399" free="142606336" total="467664896" percent="30">
    <mem type="eden" free="0" total="123731968" percent="0" />
    <remembered-set count="7104" freebytes="18667904" totalbytes="18696320" percent="99" regionsoverflowed="0" regionsstable="11" regionsrebuilding="0"/>
  </mem-info>
</gc-start>
<allocation-stats totalBytes="123572240" >
  <allocated-bytes non-tlh="8200" tlh="123564040" arrayletleaf="0"/>
  <largest-consumer threadName="Thread-48" threadId="0000000000F0E700" bytes="12774056" />
</allocation-stats>
<gc-op id="5400" type="copy forward" timems="14.357" contextid="5397" timestamp="2019-08-04T08:44:06.819">
  <memory-copied type="eden" objects="9324" bytes="3757240" bytesdiscarded="561896" />
  <memory-copied type="other" objects="12" bytes="432" bytesdiscarded="0" />
  <memory-cardclean objects="3079" bytes="144656" />
  <remembered-set-cleared processed="969" cleared="653" durationms="0.280" />
  <references type="phantom" candidates="6" cleared="0" enqueued="0" />
  <stringconstants candidates="16472" cleared="0"  />
</gc-op>
<gc-op id="5401" type="classunload" timems="0.012" contextid="5397" timestamp="2019-08-04T08:44:06.819">
  <classunload-info classloadercandidates="69" classloadersunloaded="0" classesunloaded="0" anonymousclassesunloaded="0" quiescems="0.000" setupms="0.012" scanms="0.000" postms="0.000" />
</gc-op>
<heap-resize id="5402" type="expand" space="default" amount="35651584" count="1" timems="0.136" reason="excessive time being spent in gc" timestamp="2019-08-04T08:44:06.819" />
<gc-end id="5403" type="partial gc" contextid="5397" durationms="15.698" usertimems="45.627" systemtimems="4.864" timestamp="2019-08-04T08:44:06.819" activeThreads="16">
  <mem-info id="5404" free="301989888" total="503316480" percent="60">
    <mem type="eden" free="1972016" total="6291456" percent="31" />
    <remembered-set count="9664" freebytes="20082944" totalbytes="20121600" percent="99" regionsoverflowed="0" regionsstable="11" regionsrebuilding="0"/>
  </mem-info>
</gc-end>
<cycle-end id="5405" type="partial gc" contextid="5397" timestamp="2019-08-04T08:44:06.820">
  <attribute name="GC Util" value="156" />
  <attribute name="CPU Util" value="30779967297055" />
  <attribute name="Time Running"value="184597"/>
  <attribute name="Number of cores"value="16"/>
</cycle-end>
<exclusive-end id="5406" timestamp="2019-08-04T08:44:06.820" durationms="16.800" />

<exclusive-start id="5407" timestamp="2019-08-04T08:44:06.938" intervalms="135.284">
  <response-info timems="1.200" idlems="0.439" threads="2" lastid="0000000000F1D700" lastname="Thread-40" />
</exclusive-start>
<allocation-taxation id="5408" taxation-threshold="132120576" timestamp="2019-08-04T08:44:06.938" intervalms="135.287" />
<cycle-start id="5409" type="partial gc" contextid="0" timestamp="2019-08-04T08:44:06.938" intervalms="135.293" />
  <attribute name="GC Util" value="156" />
  <attribute name="CPU Util" value="30779967297055" />
  <attribute name="Time Running"value="184597"/>
  <attribute name="Number of cores"value="16"/>
<gc-start id="5410" type="partial gc" contextid="5409" timestamp="2019-08-04T08:44:06.939">
  <mem-info id="5411" free="169869312" total="503316480" percent="33">
    <mem type="eden" free="0" total="132120576" percent="0" />
    <remembered-set count="9184" freebytes="20084864" totalbytes="20121600" percent="99" regionsoverflowed="0" regionsstable="11" regionsrebuilding="0"/>
  </mem-info>
</gc-start>
<allocation-stats totalBytes="131901976" >
  <allocated-bytes non-tlh="40976" tlh="131861000" arrayletleaf="0"/>
  <largest-consumer threadName="Thread-38" threadId="0000000000F5D600" bytes="17799584" />
</allocation-stats>
<gc-op id="5412" type="copy forward" timems="21.124" contextid="5409" timestamp="2019-08-04T08:44:06.963">
  <memory-copied type="eden" objects="10162" bytes="3861152" bytesdiscarded="448736" />
  <memory-copied type="other" objects="18" bytes="792" bytesdiscarded="0" />
  <memory-cardclean objects="3100" bytes="145912" />
  <remembered-set-cleared processed="949" cleared="635" durationms="0.304" />
  <references type="phantom" candidates="2" cleared="0" enqueued="0" />
  <stringconstants candidates="16472" cleared="0"  />
</gc-op>
<gc-op id="5413" type="classunload" timems="0.024" contextid="5409" timestamp="2019-08-04T08:44:06.963">
  <classunload-info classloadercandidates="69" classloadersunloaded="0" classesunloaded="0" anonymousclassesunloaded="0" quiescems="0.000" setupms="0.024" scanms="0.000" postms="0.000" />
</gc-op>
<heap-resize id="5414" type="expand" space="default" amount="6291456" count="1" timems="0.075" reason="excessive time being spent in gc" timestamp="2019-08-04T08:44:06.963" />
<gc-end id="5415" type="partial gc" contextid="5409" durationms="24.127" usertimems="35.849" systemtimems="12.928" timestamp="2019-08-04T08:44:06.963" activeThreads="16">
  <mem-info id="5416" free="306184192" total="509607936" percent="60">
    <mem type="eden" free="1981296" total="6291456" percent="31" />
    <remembered-set count="6592" freebytes="20346752" totalbytes="20373120" percent="99" regionsoverflowed="0" regionsstable="11" regionsrebuilding="0"/>
  </mem-info>
</gc-end>
<cycle-end id="5417" type="partial gc" contextid="5409" timestamp="2019-08-04T08:44:06.964">
  <attribute name="GC Util" value="184" />
  <attribute name="CPU Util" value="8970824448593" />
  <attribute name="Time Running"value="184734"/>
  <attribute name="Number of cores"value="16"/>
</cycle-end>
<exclusive-end id="5418" timestamp="2019-08-04T08:44:06.964" durationms="26.124" />

<exclusive-start id="5419" timestamp="2019-08-04T08:44:07.053" intervalms="115.080">
  <response-info timems="5.060" idlems="2.560" threads="1" lastid="0000000000F61100" lastname="Thread-46" />
</exclusive-start>
<allocation-taxation id="5420" taxation-threshold="134217728" timestamp="2019-08-04T08:44:07.053" intervalms="115.083" />
<cycle-start id="5421" type="partial gc" contextid="0" timestamp="2019-08-04T08:44:07.054" intervalms="115.103" />
  <attribute name="GC Util" value="184" />
  <attribute name="CPU Util" value="8970824448593" />
  <attribute name="Time Running"value="184734"/>
  <attribute name="Number of cores"value="16"/>
<gc-start id="5422" type="partial gc" contextid="5421" timestamp="2019-08-04T08:44:07.054">
  <mem-info id="5423" free="171966464" total="509607936" percent="33">
    <mem type="eden" free="0" total="134217728" percent="0" />
    <remembered-set count="6592" freebytes="20346752" totalbytes="20373120" percent="99" regionsoverflowed="0" regionsstable="11" regionsrebuilding="0"/>
  </mem-info>
</gc-start>
<allocation-stats totalBytes="133940568" >
  <allocated-bytes non-tlh="0" tlh="133940568" arrayletleaf="0"/>
  <largest-consumer threadName="Thread-41" threadId="0000000000F4AA00" bytes="15738768" />
</allocation-stats>
<gc-op id="5424" type="copy forward" timems="14.677" contextid="5421" timestamp="2019-08-04T08:44:07.071">
  <memory-copied type="eden" objects="9242" bytes="3732136" bytesdiscarded="357000" />
  <memory-copied type="other" objects="27" bytes="1192" bytesdiscarded="0" />
  <memory-cardclean objects="3099" bytes="145800" />
  <remembered-set-cleared processed="979" cleared="664" durationms="0.230" />
  <references type="phantom" candidates="3" cleared="0" enqueued="0" />
  <stringconstants candidates="16472" cleared="0"  />
</gc-op>
<gc-op id="5425" type="classunload" timems="0.013" contextid="5421" timestamp="2019-08-04T08:44:07.071">
  <classunload-info classloadercandidates="69" classloadersunloaded="0" classesunloaded="0" anonymousclassesunloaded="0" quiescems="0.000" setupms="0.013" scanms="0.000" postms="0.000" />
</gc-op>
<gc-end id="5426" type="partial gc" contextid="5421" durationms="17.768" usertimems="42.187" systemtimems="7.292" timestamp="2019-08-04T08:44:07.072" activeThreads="16">
  <mem-info id="5427" free="306184192" total="509607936" percent="60">
    <mem type="eden" free="104896" total="4194304" percent="2" />
    <remembered-set count="8128" freebytes="20340608" totalbytes="20373120" percent="99" regionsoverflowed="0" regionsstable="11" regionsrebuilding="0"/>
  </mem-info>
</gc-end>
<cycle-end id="5428" type="partial gc" contextid="5421" timestamp="2019-08-04T08:44:07.073">
  <attribute name="GC Util" value="133" />
  <attribute name="CPU Util" value="8032700035258" />
  <attribute name="Time Running"value="184849"/>
  <attribute name="Number of cores"value="16"/>
</cycle-end>
<exclusive-end id="5429" timestamp="2019-08-04T08:44:07.073" durationms="19.572" />

<exclusive-start id="5430" timestamp="2019-08-04T08:44:07.184" intervalms="130.555">
  <response-info timems="0.550" idlems="0.550" threads="0" lastid="0000000000F49E00" lastname="Thread-37" />
</exclusive-start>
<allocation-taxation id="5431" taxation-threshold="134217728" timestamp="2019-08-04T08:44:07.184" intervalms="130.549" />
<cycle-start id="5432" type="partial gc" contextid="0" timestamp="2019-08-04T08:44:07.184" intervalms="130.509" />
  <attribute name="GC Util" value="133" />
  <attribute name="CPU Util" value="8032700035258" />
  <attribute name="Time Running"value="184849"/>
  <attribute name="Number of cores"value="16"/>
<gc-start id="5433" type="partial gc" contextid="5432" timestamp="2019-08-04T08:44:07.184">
  <mem-info id="5434" free="171966464" total="509607936" percent="33">
    <mem type="eden" free="0" total="134217728" percent="0" />
    <remembered-set count="7680" freebytes="20342400" totalbytes="20373120" percent="99" regionsoverflowed="0" regionsstable="11" regionsrebuilding="0"/>
  </mem-info>
</gc-start>
<allocation-stats totalBytes="134036176" >
  <allocated-bytes non-tlh="98344" tlh="133937832" arrayletleaf="0"/>
  <largest-consumer threadName="Thread-40" threadId="0000000000F1D700" bytes="13706144" />
</allocation-stats>
<gc-op id="5435" type="copy forward" timems="10.546" contextid="5432" timestamp="2019-08-04T08:44:07.196">
  <memory-copied type="eden" objects="9691" bytes="3750720" bytesdiscarded="748416" />
  <memory-copied type="other" objects="29" bytes="1120" bytesdiscarded="0" />
  <memory-cardclean objects="3086" bytes="145664" />
  <remembered-set-cleared processed="930" cleared="614" durationms="0.271" />
  <stringconstants candidates="16472" cleared="0"  />
</gc-op>
<gc-op id="5436" type="classunload" timems="0.013" contextid="5432" timestamp="2019-08-04T08:44:07.196">
  <classunload-info classloadercandidates="69" classloadersunloaded="0" classesunloaded="0" anonymousclassesunloaded="0" quiescems="0.000" setupms="0.013" scanms="0.000" postms="0.000" />
</gc-op>
<heap-resize id="5437" type="expand" space="default" amount="10485760" count="1" timems="0.072" reason="excessive time being spent in gc" timestamp="2019-08-04T08:44:07.197" />
<gc-end id="5438" type="partial gc" contextid="5432" durationms="12.318" usertimems="44.024" systemtimems="8.810" timestamp="2019-08-04T08:44:07.197" activeThreads="16">
  <mem-info id="5439" free="312475648" total="520093696" percent="60">
    <mem type="eden" free="1792072" total="6291456" percent="28" />
    <remembered-set count="9664" freebytes="20753664" totalbytes="20792320" percent="99" regionsoverflowed="0" regionsstable="11" regionsrebuilding="0"/>
  </mem-info>
</gc-end>
<cycle-end id="5440" type="partial gc" contextid="5432" timestamp="2019-08-04T08:44:07.198">
  <attribute name="GC Util" value="248" />
  <attribute name="CPU Util" value="22909828860025" />
  <attribute name="Time Running"value="184978"/>
  <attribute name="Number of cores"value="16"/>
</cycle-end>
<exclusive-end id="5441" timestamp="2019-08-04T08:44:07.198" durationms="13.980" />

===== DaCapo 9.12-MR1 xalan PASSED in 15683 msec =====
</verbosegc>

