<?xml version="1.0" ?>

<verbosegc xmlns="http://www.ibm.com/j9/verbosegc" version="25b0271_CMPRSS">

<initialized id="1" timestamp="2019-07-02T20:02:27.359">
  <attribute name="gcPolicy" value="-Xgcpolicy:optthruput" />
  <attribute name="GC Util" value="0" />
  <attribute name="CPU Util" value="0" />
  <attribute name="Time Running"value="0"/>
  <attribute name="Number of cores"value="0"/>
  <attribute name="maxHeapSize" value="0x7cbc0000" />
  <attribute name="initialHeapSize" value="0x800000" />
  <attribute name="compressedRefs" value="true" />
  <attribute name="compressedRefsDisplacement" value="0x0" />
  <attribute name="compressedRefsShift" value="0x0" />
  <attribute name="pageSize" value="0x1000" />
  <attribute name="pageType" value="not used" />
  <attribute name="requestedPageSize" value="0x1000" />
  <attribute name="requestedPageType" value="not used" />
  <attribute name="gcthreads" value="4" />
  <attribute name="packetListSplit" value="4" />
  <attribute name="cacheListSplit" value="4" />
  <attribute name="splitFreeListSplitAmount" value="1" />
  <attribute name="numaNodes" value="0" />
  <system>
    <attribute name="physicalMemory" value="8370962432" />
    <attribute name="numCPUs" value="4" />
    <attribute name="architecture" value="amd64" />
    <attribute name="os" value="Linux" />
    <attribute name="osVersion" value="4.4.0-148-generic" />
  </system>
  <vmargs>
    <vmarg name="-Xoptionsfile=/vagrant/jdk/lib/options.default" />
    <vmarg name="-Xlockword:mode=default,noLockword=java/lang/String,noLockword=java/util/MapEntry,noLockword=java/util/HashMap$Entry,noLockword..." />
    <vmarg name="-Xjcl:jclse11_29" />
    <vmarg name="-Dcom.ibm.oti.vm.bootstrap.library.path=/vagrant/jdk/lib/compressedrefs:/vagrant/jdk/lib" />
    <vmarg name="-Dsun.boot.library.path=/vagrant/jdk/lib/compressedrefs:/vagrant/jdk/lib" />
    <vmarg name="-Djava.library.path=/vagrant/jdk/lib/compressedrefs:/vagrant/jdk/lib:/usr/lib64:/usr/lib" />
    <vmarg name="-Djava.home=/vagrant/jdk" />
    <vmarg name="-Duser.dir=/vagrant" />
    <vmarg name="-Xgcpolicy:optthruput" />
    <vmarg name="-verbose:gc" />
    <vmarg name="-Xloggc:default-OPTTHRUPUT-jdkF-verbose7avrora.txt" />
    <vmarg name="-Djava.class.path=dacapo-9.12-MR1-bach.jar" />
    <vmarg name="-Dsun.java.command=dacapo-9.12-MR1-bach.jar avrora --size=default" />
    <vmarg name="-Dsun.java.launcher=SUN_STANDARD" />
    <vmarg name="-Dsun.java.launcher.pid=18047" />
  </vmargs>
</initialized>

<exclusive-start id="2" timestamp="2019-07-02T20:02:28.037" intervalms="677.939">
  <response-info timems="0.021" idlems="0.021" threads="0" lastid="0000000001411700" lastname="main" />
</exclusive-start>
<sys-start reason="explicit" id="3" timestamp="2019-07-02T20:02:28.037" intervalms="678.143" />
<cycle-start id="4" type="global" contextid="0" timestamp="2019-07-02T20:02:28.037" intervalms="678.388" />
  <attribute name="GC Util" value="0" />
  <attribute name="CPU Util" value="91" />
  <attribute name="Time Running"value="0"/>
  <attribute name="Number of cores"value="4"/>
<gc-start id="5" type="global" contextid="4" timestamp="2019-07-02T20:02:28.037">
  <mem-info id="6" free="1684152" total="8388608" percent="20">
    <mem type="tenure" free="1684152" total="8388608" percent="20">
      <mem type="soa" free="1265336" total="7969792" percent="15" />
      <mem type="loa" free="418816" total="418816" percent="100" />
    </mem>
  </mem-info>
</gc-start>
<allocation-stats totalBytes="6663568" >
  <allocated-bytes non-tlh="486728" tlh="6176840" />
  <largest-consumer threadName="main" threadId="0000000001411700" bytes="6591976" />
</allocation-stats>
<gc-op id="7" type="mark" timems="1.641" contextid="4" timestamp="2019-07-02T20:02:28.039">
  <trace-info objectcount="17732" scancount="14647" scanbytes="461876" />
  <finalization candidates="19" enqueued="1" />
  <references type="soft" candidates="66" cleared="0" enqueued="0" dynamicThreshold="32" maxThreshold="32" />
  <references type="weak" candidates="576" cleared="412" enqueued="372" />
  <references type="phantom" candidates="99" cleared="41" enqueued="41" />
  <stringconstants candidates="2443" cleared="0"  />
</gc-op>
<gc-op id="8" type="classunload" timems="0.032" contextid="4" timestamp="2019-07-02T20:02:28.039">
  <classunload-info classloadercandidates="6" classloadersunloaded="0" classesunloaded="0" anonymousclassesunloaded="0" quiescems="0.000" setupms="0.031" scanms="0.000" postms="0.001" />
</gc-op>
<gc-op id="9" type="sweep" timems="0.335" contextid="4" timestamp="2019-07-02T20:02:28.040" />
<gc-end id="10" type="global" contextid="4" durationms="2.296" usertimems="4.000" systemtimems="0.000" timestamp="2019-07-02T20:02:28.040" activeThreads="4">
  <mem-info id="11" free="7129112" total="8388608" percent="84">
    <mem type="tenure" free="7129112" total="8388608" percent="84" micro-fragmented="172246" macro-fragmented="0">
      <mem type="soa" free="6710296" total="7969792" percent="84" />
      <mem type="loa" free="418816" total="418816" percent="100" />
    </mem>
    <pending-finalizers system="1" default="0" reference="413" classloader="0" />
  </mem-info>
</gc-end>
<cycle-end id="12" type="global" contextid="4" timestamp="2019-07-02T20:02:28.040">
  <attribute name="GC Util" value="85" />
  <attribute name="CPU Util" value="10355927315818" />
  <attribute name="Time Running"value="568"/>
  <attribute name="Number of cores"value="4"/>
</cycle-end>
<sys-end id="13" timestamp="2019-07-02T20:02:28.040" />
<exclusive-end id="14" timestamp="2019-07-02T20:02:28.040" durationms="2.971" />

<exclusive-start id="15" timestamp="2019-07-02T20:02:28.721" intervalms="684.363">
  <response-info timems="0.327" idlems="0.186" threads="1" lastid="00000000016CF500" lastname="node-1" />
</exclusive-start>
<af-start id="16" threadId="00000000016D7688" totalBytesRequested="16" timestamp="2019-07-02T20:02:28.721" intervalms="1362.472" />
<cycle-start id="17" type="global" contextid="0" timestamp="2019-07-02T20:02:28.722" intervalms="684.337" />
  <attribute name="GC Util" value="85" />
  <attribute name="CPU Util" value="10355927315818" />
  <attribute name="Time Running"value="568"/>
  <attribute name="Number of cores"value="4"/>
<gc-start id="18" type="global" contextid="17" timestamp="2019-07-02T20:02:28.722">
  <mem-info id="19" free="418816" total="8388608" percent="4">
    <mem type="tenure" free="418816" total="8388608" percent="4">
      <mem type="soa" free="0" total="7969792" percent="0" />
      <mem type="loa" free="418816" total="418816" percent="100" />
    </mem>
  </mem-info>
</gc-start>
<allocation-stats totalBytes="6657456" >
  <allocated-bytes non-tlh="701800" tlh="5955656" />
  <largest-consumer threadName="main" threadId="0000000001411700" bytes="6440200" />
</allocation-stats>
<gc-op id="20" type="mark" timems="1.814" contextid="17" timestamp="2019-07-02T20:02:28.724">
  <trace-info objectcount="46169" scancount="40098" scanbytes="1457900" />
  <finalization candidates="18" enqueued="0" />
  <references type="soft" candidates="66" cleared="0" enqueued="0" dynamicThreshold="27" maxThreshold="32" />
  <references type="weak" candidates="209" cleared="44" enqueued="44" />
  <references type="phantom" candidates="61" cleared="4" enqueued="4" />
  <stringconstants candidates="3815" cleared="0"  />
</gc-op>
<gc-op id="21" type="sweep" timems="0.284" contextid="17" timestamp="2019-07-02T20:02:28.724" />
<gc-end id="22" type="global" contextid="17" durationms="2.676" usertimems="4.000" systemtimems="0.000" timestamp="2019-07-02T20:02:28.724" activeThreads="4">
  <mem-info id="23" free="5449048" total="8388608" percent="64">
    <mem type="tenure" free="5449048" total="8388608" percent="64" micro-fragmented="528733" macro-fragmented="0">
      <mem type="soa" free="5030232" total="7969792" percent="63" />
      <mem type="loa" free="418816" total="418816" percent="100" />
    </mem>
    <pending-finalizers system="0" default="0" reference="48" classloader="0" />
  </mem-info>
</gc-end>
<cycle-end id="24" type="global" contextid="17" timestamp="2019-07-02T20:02:28.725">
  <attribute name="GC Util" value="78" />
  <attribute name="CPU Util" value="9371855021648" />
  <attribute name="Time Running"value="1253"/>
  <attribute name="Number of cores"value="4"/>
</cycle-end>
<allocation-satisfied id="25" threadId="00000000016D6D00" bytesRequested="16" />
<af-end id="26" timestamp="2019-07-02T20:02:28.725" threadId="00000000016D7688" success="true" />
<exclusive-end id="27" timestamp="2019-07-02T20:02:28.725" durationms="3.867" />

<exclusive-start id="28" timestamp="2019-07-02T20:02:31.339" intervalms="2617.627">
  <response-info timems="0.025" idlems="0.025" threads="0" lastid="00000000016D6D00" lastname="node-0" />
</exclusive-start>
<af-start id="29" threadId="00000000016D7688" totalBytesRequested="720" timestamp="2019-07-02T20:02:31.339" intervalms="2617.547" />
<cycle-start id="30" type="global" contextid="0" timestamp="2019-07-02T20:02:31.339" intervalms="2617.361" />
  <attribute name="GC Util" value="78" />
  <attribute name="CPU Util" value="9371855021648" />
  <attribute name="Time Running"value="1253"/>
  <attribute name="Number of cores"value="4"/>
<gc-start id="31" type="global" contextid="30" timestamp="2019-07-02T20:02:31.339">
  <mem-info id="32" free="418816" total="8388608" percent="4">
    <mem type="tenure" free="418816" total="8388608" percent="4">
      <mem type="soa" free="0" total="7969792" percent="0" />
      <mem type="loa" free="418816" total="418816" percent="100" />
    </mem>
  </mem-info>
</gc-start>
<allocation-stats totalBytes="5011192" >
  <allocated-bytes non-tlh="0" tlh="5011192" />
  <largest-consumer threadName="node-4" threadId="00000000016D3100" bytes="901048" />
</allocation-stats>
<gc-op id="33" type="mark" timems="1.689" contextid="30" timestamp="2019-07-02T20:02:31.341">
  <trace-info objectcount="45953" scancount="39925" scanbytes="1453428" />
  <finalization candidates="18" enqueued="0" />
  <references type="soft" candidates="66" cleared="0" enqueued="0" dynamicThreshold="20" maxThreshold="32" />
  <references type="weak" candidates="165" cleared="0" enqueued="0" />
  <references type="phantom" candidates="57" cleared="0" enqueued="0" />
  <stringconstants candidates="3815" cleared="0"  />
</gc-op>
<gc-op id="34" type="sweep" timems="0.272" contextid="30" timestamp="2019-07-02T20:02:31.341" />
<gc-end id="35" type="global" contextid="30" durationms="2.175" usertimems="0.000" systemtimems="0.000" timestamp="2019-07-02T20:02:31.341" activeThreads="4">
  <mem-info id="36" free="5475984" total="8388608" percent="65">
    <mem type="tenure" free="5475984" total="8388608" percent="65" micro-fragmented="380887" macro-fragmented="0">
      <mem type="soa" free="5057168" total="7969792" percent="63" />
      <mem type="loa" free="418816" total="418816" percent="100" />
    </mem>
  </mem-info>
</gc-end>
<cycle-end id="37" type="global" contextid="30" timestamp="2019-07-02T20:02:31.342">
  <attribute name="GC Util" value="88" />
  <attribute name="CPU Util" value="10688609362239" />
  <attribute name="Time Running"value="3870"/>
  <attribute name="Number of cores"value="4"/>
</cycle-end>
<allocation-satisfied id="38" threadId="00000000016D6D00" bytesRequested="720" />
<af-end id="39" timestamp="2019-07-02T20:02:31.342" threadId="00000000016D7688" success="true" />
<exclusive-end id="40" timestamp="2019-07-02T20:02:31.342" durationms="3.291" />

<exclusive-start id="41" timestamp="2019-07-02T20:02:33.841" intervalms="2502.474">
  <response-info timems="0.143" idlems="0.087" threads="2" lastid="00000000016CF500" lastname="node-1" />
</exclusive-start>
<af-start id="42" threadId="00000000016D7688" totalBytesRequested="32" timestamp="2019-07-02T20:02:33.841" intervalms="2502.523" />
<cycle-start id="43" type="global" contextid="0" timestamp="2019-07-02T20:02:33.842" intervalms="2502.634" />
  <attribute name="GC Util" value="88" />
  <attribute name="CPU Util" value="10688609362239" />
  <attribute name="Time Running"value="3870"/>
  <attribute name="Number of cores"value="4"/>
<gc-start id="44" type="global" contextid="43" timestamp="2019-07-02T20:02:33.842">
  <mem-info id="45" free="418816" total="8388608" percent="4">
    <mem type="tenure" free="418816" total="8388608" percent="4">
      <mem type="soa" free="0" total="7969792" percent="0" />
      <mem type="loa" free="418816" total="418816" percent="100" />
    </mem>
  </mem-info>
</gc-start>
<allocation-stats totalBytes="5040832" >
  <allocated-bytes non-tlh="0" tlh="5040832" />
  <largest-consumer threadName="node-5" threadId="00000000016C7D00" bytes="890368" />
</allocation-stats>
<gc-op id="46" type="mark" timems="2.057" contextid="43" timestamp="2019-07-02T20:02:33.844">
  <trace-info objectcount="45949" scancount="39920" scanbytes="1453396" />
  <finalization candidates="18" enqueued="0" />
  <references type="soft" candidates="66" cleared="0" enqueued="0" dynamicThreshold="20" maxThreshold="32" />
  <references type="weak" candidates="165" cleared="0" enqueued="0" />
  <references type="phantom" candidates="57" cleared="0" enqueued="0" />
  <stringconstants candidates="3815" cleared="0"  />
</gc-op>
<gc-op id="47" type="sweep" timems="0.334" contextid="43" timestamp="2019-07-02T20:02:33.845" />
<gc-end id="48" type="global" contextid="43" durationms="3.329" usertimems="4.000" systemtimems="0.000" timestamp="2019-07-02T20:02:33.845" activeThreads="4">
  <mem-info id="49" free="5477520" total="8388608" percent="65">
    <mem type="tenure" free="5477520" total="8388608" percent="65" micro-fragmented="433632" macro-fragmented="0">
      <mem type="soa" free="5058704" total="7969792" percent="63" />
      <mem type="loa" free="418816" total="418816" percent="100" />
    </mem>
  </mem-info>
</gc-end>
<cycle-end id="50" type="global" contextid="43" timestamp="2019-07-02T20:02:33.845">
  <attribute name="GC Util" value="80" />
  <attribute name="CPU Util" value="8435666380921" />
  <attribute name="Time Running"value="6373"/>
  <attribute name="Number of cores"value="4"/>
</cycle-end>
<allocation-satisfied id="51" threadId="00000000016D6D00" bytesRequested="32" />
<af-end id="52" timestamp="2019-07-02T20:02:33.846" threadId="00000000016D7688" success="true" />
<exclusive-end id="53" timestamp="2019-07-02T20:02:33.846" durationms="4.442" />

<exclusive-start id="54" timestamp="2019-07-02T20:02:36.434" intervalms="2592.650">
  <response-info timems="0.031" idlems="0.031" threads="0" lastid="00000000016D3100" lastname="node-4" />
</exclusive-start>
<af-start id="55" threadId="00000000016D3A88" totalBytesRequested="24" timestamp="2019-07-02T20:02:36.434" intervalms="2592.617" />
<cycle-start id="56" type="global" contextid="0" timestamp="2019-07-02T20:02:36.434" intervalms="2592.509" />
  <attribute name="GC Util" value="80" />
  <attribute name="CPU Util" value="8435666380921" />
  <attribute name="Time Running"value="6373"/>
  <attribute name="Number of cores"value="4"/>
<gc-start id="57" type="global" contextid="56" timestamp="2019-07-02T20:02:36.434">
  <mem-info id="58" free="418816" total="8388608" percent="4">
    <mem type="tenure" free="418816" total="8388608" percent="4">
      <mem type="soa" free="0" total="7969792" percent="0" />
      <mem type="loa" free="418816" total="418816" percent="100" />
    </mem>
  </mem-info>
</gc-start>
<allocation-stats totalBytes="5040424" >
  <allocated-bytes non-tlh="0" tlh="5040424" />
  <largest-consumer threadName="node-5" threadId="00000000016C7D00" bytes="883144" />
</allocation-stats>
<gc-op id="59" type="mark" timems="2.306" contextid="56" timestamp="2019-07-02T20:02:36.437">
  <trace-info objectcount="45957" scancount="39938" scanbytes="1453628" />
  <finalization candidates="18" enqueued="0" />
  <references type="soft" candidates="66" cleared="0" enqueued="0" dynamicThreshold="20" maxThreshold="32" />
  <references type="weak" candidates="165" cleared="0" enqueued="0" />
  <references type="phantom" candidates="57" cleared="0" enqueued="0" />
  <stringconstants candidates="3815" cleared="0"  />
</gc-op>
<gc-op id="60" type="sweep" timems="0.260" contextid="56" timestamp="2019-07-02T20:02:36.437" />
<gc-end id="61" type="global" contextid="56" durationms="2.845" usertimems="4.000" systemtimems="0.000" timestamp="2019-07-02T20:02:36.437" activeThreads="4">
  <mem-info id="62" free="5477800" total="8388608" percent="65">
    <mem type="tenure" free="5477800" total="8388608" percent="65" micro-fragmented="432978" macro-fragmented="0">
      <mem type="soa" free="5058984" total="7969792" percent="63" />
      <mem type="loa" free="418816" total="418816" percent="100" />
    </mem>
  </mem-info>
</gc-end>
<cycle-end id="63" type="global" contextid="56" timestamp="2019-07-02T20:02:36.437">
  <attribute name="GC Util" value="91" />
  <attribute name="CPU Util" value="7849277514349" />
  <attribute name="Time Running"value="8965"/>
  <attribute name="Number of cores"value="4"/>
</cycle-end>
<allocation-satisfied id="64" threadId="00000000016D3100" bytesRequested="24" />
<af-end id="65" timestamp="2019-07-02T20:02:36.437" threadId="00000000016D3A88" success="true" />
<exclusive-end id="66" timestamp="2019-07-02T20:02:36.437" durationms="3.520" />

<exclusive-start id="67" timestamp="2019-07-02T20:02:38.933" intervalms="2498.692">
  <response-info timems="0.028" idlems="0.028" threads="0" lastid="00000000016D6D00" lastname="node-0" />
</exclusive-start>
<af-start id="68" threadId="00000000016D7688" totalBytesRequested="376" timestamp="2019-07-02T20:02:38.933" intervalms="2498.683" />
<cycle-start id="69" type="global" contextid="0" timestamp="2019-07-02T20:02:38.933" intervalms="2498.686" />
  <attribute name="GC Util" value="91" />
  <attribute name="CPU Util" value="7849277514349" />
  <attribute name="Time Running"value="8965"/>
  <attribute name="Number of cores"value="4"/>
<gc-start id="70" type="global" contextid="69" timestamp="2019-07-02T20:02:38.933">
  <mem-info id="71" free="418816" total="8388608" percent="4">
    <mem type="tenure" free="418816" total="8388608" percent="4">
      <mem type="soa" free="0" total="7969792" percent="0" />
      <mem type="loa" free="418816" total="418816" percent="100" />
    </mem>
  </mem-info>
</gc-start>
<allocation-stats totalBytes="5041656" >
  <allocated-bytes non-tlh="0" tlh="5041656" />
  <largest-consumer threadName="node-4" threadId="00000000016D3100" bytes="884640" />
</allocation-stats>
<gc-op id="72" type="mark" timems="1.709" contextid="69" timestamp="2019-07-02T20:02:38.935">
  <trace-info objectcount="45950" scancount="39923" scanbytes="1453396" />
  <finalization candidates="18" enqueued="0" />
  <references type="soft" candidates="66" cleared="0" enqueued="0" dynamicThreshold="20" maxThreshold="32" />
  <references type="weak" candidates="165" cleared="0" enqueued="0" />
  <references type="phantom" candidates="57" cleared="0" enqueued="0" />
  <stringconstants candidates="3815" cleared="0"  />
</gc-op>
<gc-op id="73" type="sweep" timems="0.331" contextid="69" timestamp="2019-07-02T20:02:38.935" />
<gc-end id="74" type="global" contextid="69" durationms="2.407" usertimems="4.000" systemtimems="0.000" timestamp="2019-07-02T20:02:38.935" activeThreads="4">
  <mem-info id="75" free="5477440" total="8388608" percent="65">
    <mem type="tenure" free="5477440" total="8388608" percent="65" micro-fragmented="433749" macro-fragmented="0">
      <mem type="soa" free="5058624" total="7969792" percent="63" />
      <mem type="loa" free="418816" total="418816" percent="100" />
    </mem>
  </mem-info>
</gc-end>
<cycle-end id="76" type="global" contextid="69" timestamp="2019-07-02T20:02:38.935">
  <attribute name="GC Util" value="86" />
  <attribute name="CPU Util" value="10193576235216" />
  <attribute name="Time Running"value="11464"/>
  <attribute name="Number of cores"value="4"/>
</cycle-end>
<allocation-satisfied id="77" threadId="00000000016D6D00" bytesRequested="376" />
<af-end id="78" timestamp="2019-07-02T20:02:38.936" threadId="00000000016D7688" success="true" />
<exclusive-end id="79" timestamp="2019-07-02T20:02:38.936" durationms="3.285" />

<exclusive-start id="80" timestamp="2019-07-02T20:02:41.554" intervalms="2621.754">
  <response-info timems="0.027" idlems="0.027" threads="0" lastid="00000000016D3100" lastname="node-4" />
</exclusive-start>
<af-start id="81" threadId="00000000016D3A88" totalBytesRequested="32" timestamp="2019-07-02T20:02:41.554" intervalms="2621.796" />
<cycle-start id="82" type="global" contextid="0" timestamp="2019-07-02T20:02:41.555" intervalms="2621.849" />
  <attribute name="GC Util" value="86" />
  <attribute name="CPU Util" value="10193576235216" />
  <attribute name="Time Running"value="11464"/>
  <attribute name="Number of cores"value="4"/>
<gc-start id="83" type="global" contextid="82" timestamp="2019-07-02T20:02:41.555">
  <mem-info id="84" free="418816" total="8388608" percent="4">
    <mem type="tenure" free="418816" total="8388608" percent="4">
      <mem type="soa" free="0" total="7969792" percent="0" />
      <mem type="loa" free="418816" total="418816" percent="100" />
    </mem>
  </mem-info>
</gc-start>
<allocation-stats totalBytes="5044064" >
  <allocated-bytes non-tlh="0" tlh="5044064" />
  <largest-consumer threadName="node-5" threadId="00000000016C7D00" bytes="886696" />
</allocation-stats>
<gc-op id="85" type="mark" timems="3.962" contextid="82" timestamp="2019-07-02T20:02:41.559">
  <trace-info objectcount="45953" scancount="39925" scanbytes="1453524" />
  <finalization candidates="18" enqueued="0" />
  <references type="soft" candidates="66" cleared="0" enqueued="0" dynamicThreshold="20" maxThreshold="32" />
  <references type="weak" candidates="165" cleared="0" enqueued="0" />
  <references type="phantom" candidates="57" cleared="0" enqueued="0" />
  <stringconstants candidates="3815" cleared="0"  />
</gc-op>
<gc-op id="86" type="sweep" timems="0.735" contextid="82" timestamp="2019-07-02T20:02:41.560" />
<gc-end id="87" type="global" contextid="82" durationms="5.330" usertimems="4.000" systemtimems="0.000" timestamp="2019-07-02T20:02:41.560" activeThreads="4">
  <mem-info id="88" free="5475864" total="8388608" percent="65">
    <mem type="tenure" free="5475864" total="8388608" percent="65" micro-fragmented="433212" macro-fragmented="46956">
      <mem type="soa" free="5057048" total="7969792" percent="63" />
      <mem type="loa" free="418816" total="418816" percent="100" />
    </mem>
  </mem-info>
</gc-end>
<cycle-end id="89" type="global" contextid="82" timestamp="2019-07-02T20:02:41.562">
  <attribute name="GC Util" value="117" />
  <attribute name="CPU Util" value="4499189410747" />
  <attribute name="Time Running"value="14088"/>
  <attribute name="Number of cores"value="4"/>
</cycle-end>
<allocation-satisfied id="90" threadId="00000000016D3100" bytesRequested="32" />
<af-end id="91" timestamp="2019-07-02T20:02:41.562" threadId="00000000016D3A88" success="true" />
<exclusive-end id="92" timestamp="2019-07-02T20:02:41.562" durationms="7.543" />

<exclusive-start id="93" timestamp="2019-07-02T20:02:43.907" intervalms="2352.256">
  <response-info timems="0.031" idlems="0.031" threads="0" lastid="00000000016C7D00" lastname="node-5" />
</exclusive-start>
<af-start id="94" threadId="00000000016C8688" totalBytesRequested="24" timestamp="2019-07-02T20:02:43.907" intervalms="2352.206" />
<cycle-start id="95" type="global" contextid="0" timestamp="2019-07-02T20:02:43.907" intervalms="2352.151" />
  <attribute name="GC Util" value="117" />
  <attribute name="CPU Util" value="4499189410747" />
  <attribute name="Time Running"value="14088"/>
  <attribute name="Number of cores"value="4"/>
<gc-start id="96" type="global" contextid="95" timestamp="2019-07-02T20:02:43.907">
  <mem-info id="97" free="418816" total="8388608" percent="4">
    <mem type="tenure" free="418816" total="8388608" percent="4">
      <mem type="soa" free="0" total="7969792" percent="0" />
      <mem type="loa" free="418816" total="418816" percent="100" />
    </mem>
  </mem-info>
</gc-start>
<allocation-stats totalBytes="5039552" >
  <allocated-bytes non-tlh="0" tlh="5039552" />
  <largest-consumer threadName="node-0" threadId="00000000016D6D00" bytes="890672" />
</allocation-stats>
<gc-op id="98" type="mark" timems="3.252" contextid="95" timestamp="2019-07-02T20:02:43.910">
  <trace-info objectcount="45946" scancount="39928" scanbytes="1453348" />
  <finalization candidates="18" enqueued="0" />
  <references type="soft" candidates="66" cleared="0" enqueued="0" dynamicThreshold="20" maxThreshold="32" />
  <references type="weak" candidates="165" cleared="0" enqueued="0" />
  <references type="phantom" candidates="57" cleared="0" enqueued="0" />
  <stringconstants candidates="3815" cleared="0"  />
</gc-op>
<gc-op id="99" type="sweep" timems="1.431" contextid="95" timestamp="2019-07-02T20:02:43.912" />
<gc-end id="100" type="global" contextid="95" durationms="5.105" usertimems="8.000" systemtimems="0.000" timestamp="2019-07-02T20:02:43.912" activeThreads="4">
  <mem-info id="101" free="5474928" total="8388608" percent="65">
    <mem type="tenure" free="5474928" total="8388608" percent="65" micro-fragmented="423666" macro-fragmented="0">
      <mem type="soa" free="5056112" total="7969792" percent="63" />
      <mem type="loa" free="418816" total="418816" percent="100" />
    </mem>
  </mem-info>
</gc-end>
<cycle-end id="102" type="global" contextid="95" timestamp="2019-07-02T20:02:43.912">
  <attribute name="GC Util" value="149" />
  <attribute name="CPU Util" value="5449827205918" />
  <attribute name="Time Running"value="16439"/>
  <attribute name="Number of cores"value="4"/>
</cycle-end>
<allocation-satisfied id="103" threadId="00000000016C7D00" bytesRequested="24" />
<af-end id="104" timestamp="2019-07-02T20:02:43.913" threadId="00000000016C8688" success="true" />
<exclusive-end id="105" timestamp="2019-07-02T20:02:43.913" durationms="6.080" />

<exclusive-start id="106" timestamp="2019-07-02T20:02:46.286" intervalms="2379.532">
  <response-info timems="0.024" idlems="0.024" threads="0" lastid="00000000016D3100" lastname="node-4" />
</exclusive-start>
<af-start id="107" threadId="00000000016D3A88" totalBytesRequested="32" timestamp="2019-07-02T20:02:46.286" intervalms="2379.533" />
<cycle-start id="108" type="global" contextid="0" timestamp="2019-07-02T20:02:46.286" intervalms="2379.536" />
  <attribute name="GC Util" value="149" />
  <attribute name="CPU Util" value="5449827205918" />
  <attribute name="Time Running"value="16439"/>
  <attribute name="Number of cores"value="4"/>
<gc-start id="109" type="global" contextid="108" timestamp="2019-07-02T20:02:46.286">
  <mem-info id="110" free="418816" total="8388608" percent="4">
    <mem type="tenure" free="418816" total="8388608" percent="4">
      <mem type="soa" free="0" total="7969792" percent="0" />
      <mem type="loa" free="418816" total="418816" percent="100" />
    </mem>
  </mem-info>
</gc-start>
<allocation-stats totalBytes="5034880" >
  <allocated-bytes non-tlh="0" tlh="5034880" />
  <largest-consumer threadName="node-5" threadId="00000000016C7D00" bytes="885200" />
</allocation-stats>
<gc-op id="111" type="mark" timems="1.313" contextid="108" timestamp="2019-07-02T20:02:46.288">
  <trace-info objectcount="45941" scancount="39929" scanbytes="1453316" />
  <finalization candidates="18" enqueued="0" />
  <references type="soft" candidates="66" cleared="0" enqueued="0" dynamicThreshold="20" maxThreshold="32" />
  <references type="weak" candidates="165" cleared="0" enqueued="0" />
  <references type="phantom" candidates="57" cleared="0" enqueued="0" />
  <stringconstants candidates="3815" cleared="0"  />
</gc-op>
<gc-op id="112" type="sweep" timems="0.297" contextid="108" timestamp="2019-07-02T20:02:46.288" />
<gc-end id="113" type="global" contextid="108" durationms="1.931" usertimems="0.000" systemtimems="4.000" timestamp="2019-07-02T20:02:46.288" activeThreads="4">
  <mem-info id="114" free="5478368" total="8388608" percent="65">
    <mem type="tenure" free="5478368" total="8388608" percent="65" micro-fragmented="401393" macro-fragmented="0">
      <mem type="soa" free="5059552" total="7969792" percent="63" />
      <mem type="loa" free="418816" total="418816" percent="100" />
    </mem>
  </mem-info>
</gc-end>
<cycle-end id="115" type="global" contextid="108" timestamp="2019-07-02T20:02:46.288">
  <attribute name="GC Util" value="158" />
  <attribute name="CPU Util" value="13441945010039" />
  <attribute name="Time Running"value="18817"/>
  <attribute name="Number of cores"value="4"/>
</cycle-end>
<allocation-satisfied id="116" threadId="00000000016D3100" bytesRequested="32" />
<af-end id="117" timestamp="2019-07-02T20:02:46.289" threadId="00000000016D3A88" success="true" />
<exclusive-end id="118" timestamp="2019-07-02T20:02:46.289" durationms="2.792" />

<exclusive-start id="119" timestamp="2019-07-02T20:02:48.659" intervalms="2373.070">
  <response-info timems="0.022" idlems="0.022" threads="0" lastid="00000000016CB900" lastname="node-2" />
</exclusive-start>
<af-start id="120" threadId="00000000016CC288" totalBytesRequested="32" timestamp="2019-07-02T20:02:48.659" intervalms="2373.066" />
<cycle-start id="121" type="global" contextid="0" timestamp="2019-07-02T20:02:48.659" intervalms="2373.066" />
  <attribute name="GC Util" value="158" />
  <attribute name="CPU Util" value="13441945010039" />
  <attribute name="Time Running"value="18817"/>
  <attribute name="Number of cores"value="4"/>
<gc-start id="122" type="global" contextid="121" timestamp="2019-07-02T20:02:48.659">
  <mem-info id="123" free="418816" total="8388608" percent="4">
    <mem type="tenure" free="418816" total="8388608" percent="4">
      <mem type="soa" free="0" total="7969792" percent="0" />
      <mem type="loa" free="418816" total="418816" percent="100" />
    </mem>
  </mem-info>
</gc-start>
<allocation-stats totalBytes="5043640" >
  <allocated-bytes non-tlh="0" tlh="5043640" />
  <largest-consumer threadName="node-4" threadId="00000000016D3100" bytes="895800" />
</allocation-stats>
<gc-op id="124" type="mark" timems="1.268" contextid="121" timestamp="2019-07-02T20:02:48.661">
  <trace-info objectcount="45939" scancount="39927" scanbytes="1453268" />
  <finalization candidates="18" enqueued="0" />
  <references type="soft" candidates="66" cleared="0" enqueued="0" dynamicThreshold="20" maxThreshold="32" />
  <references type="weak" candidates="165" cleared="0" enqueued="0" />
  <references type="phantom" candidates="57" cleared="0" enqueued="0" />
  <stringconstants candidates="3815" cleared="0"  />
</gc-op>
<gc-op id="125" type="sweep" timems="0.262" contextid="121" timestamp="2019-07-02T20:02:48.661" />
<gc-end id="126" type="global" contextid="121" durationms="1.803" usertimems="4.000" systemtimems="0.000" timestamp="2019-07-02T20:02:48.661" activeThreads="4">
  <mem-info id="127" free="5478104" total="8388608" percent="65">
    <mem type="tenure" free="5478104" total="8388608" percent="65" micro-fragmented="436577" macro-fragmented="0">
      <mem type="soa" free="5059288" total="7969792" percent="63" />
      <mem type="loa" free="418816" total="418816" percent="100" />
    </mem>
  </mem-info>
</gc-end>
<cycle-end id="128" type="global" contextid="121" timestamp="2019-07-02T20:02:48.661">
  <attribute name="GC Util" value="166" />
  <attribute name="CPU Util" value="14029105126893" />
  <attribute name="Time Running"value="21190"/>
  <attribute name="Number of cores"value="4"/>
</cycle-end>
<allocation-satisfied id="129" threadId="00000000016CB900" bytesRequested="32" />
<af-end id="130" timestamp="2019-07-02T20:02:48.662" threadId="00000000016CC288" success="true" />
<exclusive-end id="131" timestamp="2019-07-02T20:02:48.662" durationms="2.622" />

<exclusive-start id="132" timestamp="2019-07-02T20:02:51.036" intervalms="2376.393">
  <response-info timems="0.030" idlems="0.030" threads="0" lastid="00000000016C4100" lastname="node-3" />
</exclusive-start>
<af-start id="133" threadId="00000000016C4A88" totalBytesRequested="32" timestamp="2019-07-02T20:02:51.036" intervalms="2376.401" />
<cycle-start id="134" type="global" contextid="0" timestamp="2019-07-02T20:02:51.036" intervalms="2376.399" />
  <attribute name="GC Util" value="166" />
  <attribute name="CPU Util" value="14029105126893" />
  <attribute name="Time Running"value="21190"/>
  <attribute name="Number of cores"value="4"/>
<gc-start id="135" type="global" contextid="134" timestamp="2019-07-02T20:02:51.036">
  <mem-info id="136" free="418816" total="8388608" percent="4">
    <mem type="tenure" free="418816" total="8388608" percent="4">
      <mem type="soa" free="0" total="7969792" percent="0" />
      <mem type="loa" free="418816" total="418816" percent="100" />
    </mem>
  </mem-info>
</gc-start>
<allocation-stats totalBytes="5041192" >
  <allocated-bytes non-tlh="0" tlh="5041192" />
  <largest-consumer threadName="node-5" threadId="00000000016C7D00" bytes="901952" />
</allocation-stats>
<gc-op id="137" type="mark" timems="2.443" contextid="134" timestamp="2019-07-02T20:02:51.038">
  <trace-info objectcount="45939" scancount="39936" scanbytes="1453268" />
  <finalization candidates="18" enqueued="0" />
  <references type="soft" candidates="66" cleared="0" enqueued="0" dynamicThreshold="20" maxThreshold="32" />
  <references type="weak" candidates="165" cleared="0" enqueued="0" />
  <references type="phantom" candidates="57" cleared="0" enqueued="0" />
  <stringconstants candidates="3815" cleared="0"  />
</gc-op>
<gc-op id="138" type="sweep" timems="0.707" contextid="134" timestamp="2019-07-02T20:02:51.039" />
<gc-end id="139" type="global" contextid="134" durationms="3.579" usertimems="8.000" systemtimems="0.000" timestamp="2019-07-02T20:02:51.039" activeThreads="4">
  <mem-info id="140" free="5479592" total="8388608" percent="65">
    <mem type="tenure" free="5479592" total="8388608" percent="65" micro-fragmented="433397" macro-fragmented="37691">
      <mem type="soa" free="5060776" total="7969792" percent="63" />
      <mem type="loa" free="418816" total="418816" percent="100" />
    </mem>
  </mem-info>
</gc-end>
<cycle-end id="141" type="global" contextid="134" timestamp="2019-07-02T20:02:51.040">
  <attribute name="GC Util" value="168" />
  <attribute name="CPU Util" value="7259596684716" />
  <attribute name="Time Running"value="23567"/>
  <attribute name="Number of cores"value="4"/>
</cycle-end>
<allocation-satisfied id="142" threadId="00000000016C4100" bytesRequested="32" />
<af-end id="143" timestamp="2019-07-02T20:02:51.040" threadId="00000000016C4A88" success="true" />
<exclusive-end id="144" timestamp="2019-07-02T20:02:51.040" durationms="4.342" />

<exclusive-start id="145" timestamp="2019-07-02T20:02:53.294" intervalms="2258.392">
  <response-info timems="0.193" idlems="0.103" threads="1" lastid="00000000016D6D00" lastname="node-0" />
</exclusive-start>
<af-start id="146" threadId="00000000016C4A88" totalBytesRequested="24" timestamp="2019-07-02T20:02:53.294" intervalms="2258.379" />
<cycle-start id="147" type="global" contextid="0" timestamp="2019-07-02T20:02:53.294" intervalms="2258.374" />
  <attribute name="GC Util" value="168" />
  <attribute name="CPU Util" value="7259596684716" />
  <attribute name="Time Running"value="23567"/>
  <attribute name="Number of cores"value="4"/>
<gc-start id="148" type="global" contextid="147" timestamp="2019-07-02T20:02:53.294">
  <mem-info id="149" free="418816" total="8388608" percent="4">
    <mem type="tenure" free="418816" total="8388608" percent="4">
      <mem type="soa" free="0" total="7969792" percent="0" />
      <mem type="loa" free="418816" total="418816" percent="100" />
    </mem>
  </mem-info>
</gc-start>
<allocation-stats totalBytes="5045504" >
  <allocated-bytes non-tlh="0" tlh="5045504" />
  <largest-consumer threadName="node-4" threadId="00000000016D3100" bytes="891896" />
</allocation-stats>
<gc-op id="150" type="mark" timems="3.312" contextid="147" timestamp="2019-07-02T20:02:53.298">
  <trace-info objectcount="45938" scancount="39917" scanbytes="1453244" />
  <finalization candidates="18" enqueued="0" />
  <references type="soft" candidates="66" cleared="0" enqueued="0" dynamicThreshold="20" maxThreshold="32" />
  <references type="weak" candidates="165" cleared="0" enqueued="0" />
  <references type="phantom" candidates="57" cleared="0" enqueued="0" />
  <stringconstants candidates="3815" cleared="0"  />
</gc-op>
<gc-op id="151" type="sweep" timems="1.397" contextid="147" timestamp="2019-07-02T20:02:53.299" />
<gc-end id="152" type="global" contextid="147" durationms="5.181" usertimems="8.000" systemtimems="0.000" timestamp="2019-07-02T20:02:53.299" activeThreads="4">
  <mem-info id="153" free="5479048" total="8388608" percent="65">
    <mem type="tenure" free="5479048" total="8388608" percent="65" micro-fragmented="420523" macro-fragmented="0">
      <mem type="soa" free="5060232" total="7969792" percent="63" />
      <mem type="loa" free="418816" total="418816" percent="100" />
    </mem>
  </mem-info>
</gc-end>
<cycle-end id="154" type="global" contextid="147" timestamp="2019-07-02T20:02:53.300">
  <attribute name="GC Util" value="142" />
  <attribute name="CPU Util" value="5311374644738" />
  <attribute name="Time Running"value="25827"/>
  <attribute name="Number of cores"value="4"/>
</cycle-end>
<allocation-satisfied id="155" threadId="00000000016C4100" bytesRequested="24" />
<af-end id="156" timestamp="2019-07-02T20:02:53.300" threadId="00000000016C4A88" success="true" />
<exclusive-end id="157" timestamp="2019-07-02T20:02:53.300" durationms="6.061" />

</verbosegc>

