<?xml version="1.0" ?>

<verbosegc xmlns="http://www.ibm.com/j9/verbosegc" version="25b0271_CMPRSS">

<initialized id="1" timestamp="2019-07-02T20:04:42.595">
  <attribute name="gcPolicy" value="-Xgcpolicy:optthruput" />
  <attribute name="GC Util" value="0" />
  <attribute name="CPU Util" value="0" />
  <attribute name="Time Running"value="0"/>
  <attribute name="Number of cores"value="0"/>
  <attribute name="maxHeapSize" value="0x7cbc0000" />
  <attribute name="initialHeapSize" value="0x800000" />
  <attribute name="compressedRefs" value="true" />
  <attribute name="compressedRefsDisplacement" value="0x0" />
  <attribute name="compressedRefsShift" value="0x0" />
  <attribute name="pageSize" value="0x1000" />
  <attribute name="pageType" value="not used" />
  <attribute name="requestedPageSize" value="0x1000" />
  <attribute name="requestedPageType" value="not used" />
  <attribute name="gcthreads" value="4" />
  <attribute name="packetListSplit" value="4" />
  <attribute name="cacheListSplit" value="4" />
  <attribute name="splitFreeListSplitAmount" value="1" />
  <attribute name="numaNodes" value="0" />
  <system>
    <attribute name="physicalMemory" value="8370962432" />
    <attribute name="numCPUs" value="4" />
    <attribute name="architecture" value="amd64" />
    <attribute name="os" value="Linux" />
    <attribute name="osVersion" value="4.4.0-148-generic" />
  </system>
  <vmargs>
    <vmarg name="-Xoptionsfile=/vagrant/jdk/lib/options.default" />
    <vmarg name="-Xlockword:mode=default,noLockword=java/lang/String,noLockword=java/util/MapEntry,noLockword=java/util/HashMap$Entry,noLockword..." />
    <vmarg name="-Xjcl:jclse11_29" />
    <vmarg name="-Dcom.ibm.oti.vm.bootstrap.library.path=/vagrant/jdk/lib/compressedrefs:/vagrant/jdk/lib" />
    <vmarg name="-Dsun.boot.library.path=/vagrant/jdk/lib/compressedrefs:/vagrant/jdk/lib" />
    <vmarg name="-Djava.library.path=/vagrant/jdk/lib/compressedrefs:/vagrant/jdk/lib:/usr/lib64:/usr/lib" />
    <vmarg name="-Djava.home=/vagrant/jdk" />
    <vmarg name="-Duser.dir=/vagrant" />
    <vmarg name="-Xgcpolicy:optthruput" />
    <vmarg name="-verbose:gc" />
    <vmarg name="-Xloggc:default-OPTTHRUPUT-jdkF-verbose12avrora.txt" />
    <vmarg name="-Djava.class.path=dacapo-9.12-MR1-bach.jar" />
    <vmarg name="-Dsun.java.command=dacapo-9.12-MR1-bach.jar avrora --size=default" />
    <vmarg name="-Dsun.java.launcher=SUN_STANDARD" />
    <vmarg name="-Dsun.java.launcher.pid=18187" />
  </vmargs>
</initialized>

<exclusive-start id="2" timestamp="2019-07-02T20:04:43.259" intervalms="663.704">
  <response-info timems="0.019" idlems="0.019" threads="0" lastid="0000000001372700" lastname="main" />
</exclusive-start>
<sys-start reason="explicit" id="3" timestamp="2019-07-02T20:04:43.259" intervalms="664.152" />
<cycle-start id="4" type="global" contextid="0" timestamp="2019-07-02T20:04:43.260" intervalms="664.399" />
  <attribute name="GC Util" value="0" />
  <attribute name="CPU Util" value="89" />
  <attribute name="Time Running"value="0"/>
  <attribute name="Number of cores"value="4"/>
<gc-start id="5" type="global" contextid="4" timestamp="2019-07-02T20:04:43.260">
  <mem-info id="6" free="1684152" total="8388608" percent="20">
    <mem type="tenure" free="1684152" total="8388608" percent="20">
      <mem type="soa" free="1265336" total="7969792" percent="15" />
      <mem type="loa" free="418816" total="418816" percent="100" />
    </mem>
  </mem-info>
</gc-start>
<allocation-stats totalBytes="6663712" >
  <allocated-bytes non-tlh="486728" tlh="6176984" />
  <largest-consumer threadName="main" threadId="0000000001372700" bytes="6592120" />
</allocation-stats>
<gc-op id="7" type="mark" timems="1.586" contextid="4" timestamp="2019-07-02T20:04:43.261">
  <trace-info objectcount="17732" scancount="14648" scanbytes="461876" />
  <finalization candidates="19" enqueued="1" />
  <references type="soft" candidates="66" cleared="0" enqueued="0" dynamicThreshold="32" maxThreshold="32" />
  <references type="weak" candidates="576" cleared="412" enqueued="372" />
  <references type="phantom" candidates="99" cleared="41" enqueued="41" />
  <stringconstants candidates="2443" cleared="0"  />
</gc-op>
<gc-op id="8" type="classunload" timems="0.059" contextid="4" timestamp="2019-07-02T20:04:43.262">
  <classunload-info classloadercandidates="6" classloadersunloaded="0" classesunloaded="0" anonymousclassesunloaded="0" quiescems="0.000" setupms="0.059" scanms="0.000" postms="0.000" />
</gc-op>
<gc-op id="9" type="sweep" timems="0.428" contextid="4" timestamp="2019-07-02T20:04:43.262" />
<gc-end id="10" type="global" contextid="4" durationms="2.448" usertimems="0.000" systemtimems="0.000" timestamp="2019-07-02T20:04:43.262" activeThreads="4">
  <mem-info id="11" free="7124752" total="8388608" percent="84">
    <mem type="tenure" free="7124752" total="8388608" percent="84" micro-fragmented="179995" macro-fragmented="0">
      <mem type="soa" free="6705936" total="7969792" percent="84" />
      <mem type="loa" free="418816" total="418816" percent="100" />
    </mem>
    <pending-finalizers system="1" default="0" reference="413" classloader="0" />
  </mem-info>
</gc-end>
<cycle-end id="12" type="global" contextid="4" timestamp="2019-07-02T20:04:43.262">
  <attribute name="GC Util" value="81" />
  <attribute name="CPU Util" value="9955311420708" />
  <attribute name="Time Running"value="552"/>
  <attribute name="Number of cores"value="4"/>
</cycle-end>
<sys-end id="13" timestamp="2019-07-02T20:04:43.262" />
<exclusive-end id="14" timestamp="2019-07-02T20:04:43.262" durationms="3.363" />

<exclusive-start id="15" timestamp="2019-07-02T20:04:43.931" intervalms="671.670">
  <response-info timems="0.025" idlems="0.025" threads="0" lastid="0000000001634100" lastname="node-0" />
</exclusive-start>
<af-start id="16" threadId="0000000001634A88" totalBytesRequested="16" timestamp="2019-07-02T20:04:43.931" intervalms="1335.454" />
<cycle-start id="17" type="global" contextid="0" timestamp="2019-07-02T20:04:43.931" intervalms="671.211" />
  <attribute name="GC Util" value="81" />
  <attribute name="CPU Util" value="9955311420708" />
  <attribute name="Time Running"value="552"/>
  <attribute name="Number of cores"value="4"/>
<gc-start id="18" type="global" contextid="17" timestamp="2019-07-02T20:04:43.931">
  <mem-info id="19" free="418816" total="8388608" percent="4">
    <mem type="tenure" free="418816" total="8388608" percent="4">
      <mem type="soa" free="0" total="7969792" percent="0" />
      <mem type="loa" free="418816" total="418816" percent="100" />
    </mem>
  </mem-info>
</gc-start>
<allocation-stats totalBytes="6661024" >
  <allocated-bytes non-tlh="634456" tlh="6026568" />
  <largest-consumer threadName="main" threadId="0000000001372700" bytes="6441816" />
</allocation-stats>
<gc-op id="20" type="mark" timems="1.728" contextid="17" timestamp="2019-07-02T20:04:43.933">
  <trace-info objectcount="46166" scancount="40095" scanbytes="1457828" />
  <finalization candidates="18" enqueued="0" />
  <references type="soft" candidates="66" cleared="0" enqueued="0" dynamicThreshold="27" maxThreshold="32" />
  <references type="weak" candidates="209" cleared="44" enqueued="44" />
  <references type="phantom" candidates="61" cleared="4" enqueued="4" />
  <stringconstants candidates="3815" cleared="0"  />
</gc-op>
<gc-op id="21" type="sweep" timems="0.290" contextid="17" timestamp="2019-07-02T20:04:43.933" />
<gc-end id="22" type="global" contextid="17" durationms="2.647" usertimems="0.000" systemtimems="4.000" timestamp="2019-07-02T20:04:43.934" activeThreads="4">
  <mem-info id="23" free="5449280" total="8388608" percent="64">
    <mem type="tenure" free="5449280" total="8388608" percent="64" micro-fragmented="579232" macro-fragmented="0">
      <mem type="soa" free="5030464" total="7969792" percent="63" />
      <mem type="loa" free="418816" total="418816" percent="100" />
    </mem>
    <pending-finalizers system="0" default="0" reference="48" classloader="0" />
  </mem-info>
</gc-end>
<cycle-end id="24" type="global" contextid="17" timestamp="2019-07-02T20:04:43.934">
  <attribute name="GC Util" value="84" />
  <attribute name="CPU Util" value="285" />
  <attribute name="Time Running"value="1223"/>
  <attribute name="Number of cores"value="4"/>
</cycle-end>
<allocation-satisfied id="25" threadId="0000000001634100" bytesRequested="16" />
<af-end id="26" timestamp="2019-07-02T20:04:43.934" threadId="0000000001634A88" success="true" />
<exclusive-end id="27" timestamp="2019-07-02T20:04:43.934" durationms="3.686" />

<exclusive-start id="28" timestamp="2019-07-02T20:04:46.252" intervalms="2321.212">
  <response-info timems="0.026" idlems="0.026" threads="0" lastid="0000000001625100" lastname="node-3" />
</exclusive-start>
<af-start id="29" threadId="0000000001625A88" totalBytesRequested="16" timestamp="2019-07-02T20:04:46.252" intervalms="2321.217" />
<cycle-start id="30" type="global" contextid="0" timestamp="2019-07-02T20:04:46.252" intervalms="2321.128" />
  <attribute name="GC Util" value="84" />
  <attribute name="CPU Util" value="285" />
  <attribute name="Time Running"value="1223"/>
  <attribute name="Number of cores"value="4"/>
<gc-start id="31" type="global" contextid="30" timestamp="2019-07-02T20:04:46.252">
  <mem-info id="32" free="418816" total="8388608" percent="4">
    <mem type="tenure" free="418816" total="8388608" percent="4">
      <mem type="soa" free="0" total="7969792" percent="0" />
      <mem type="loa" free="418816" total="418816" percent="100" />
    </mem>
  </mem-info>
</gc-start>
<allocation-stats totalBytes="5013056" >
  <allocated-bytes non-tlh="0" tlh="5013056" />
  <largest-consumer threadName="node-1" threadId="0000000001628D00" bytes="877592" />
</allocation-stats>
<gc-op id="33" type="mark" timems="1.644" contextid="30" timestamp="2019-07-02T20:04:46.254">
  <trace-info objectcount="45947" scancount="39930" scanbytes="1453444" />
  <finalization candidates="18" enqueued="0" />
  <references type="soft" candidates="66" cleared="0" enqueued="0" dynamicThreshold="20" maxThreshold="32" />
  <references type="weak" candidates="165" cleared="0" enqueued="0" />
  <references type="phantom" candidates="57" cleared="0" enqueued="0" />
  <stringconstants candidates="3815" cleared="0"  />
</gc-op>
<gc-op id="34" type="sweep" timems="0.261" contextid="30" timestamp="2019-07-02T20:04:46.254" />
<gc-end id="35" type="global" contextid="30" durationms="2.271" usertimems="0.000" systemtimems="0.000" timestamp="2019-07-02T20:04:46.254" activeThreads="4">
  <mem-info id="36" free="5475600" total="8388608" percent="65">
    <mem type="tenure" free="5475600" total="8388608" percent="65" micro-fragmented="458191" macro-fragmented="0">
      <mem type="soa" free="5056784" total="7969792" percent="63" />
      <mem type="loa" free="418816" total="418816" percent="100" />
    </mem>
  </mem-info>
</gc-end>
<cycle-end id="37" type="global" contextid="30" timestamp="2019-07-02T20:04:46.255">
  <attribute name="GC Util" value="85" />
  <attribute name="CPU Util" value="83" />
  <attribute name="Time Running"value="3544"/>
  <attribute name="Number of cores"value="4"/>
</cycle-end>
<allocation-satisfied id="38" threadId="0000000001625100" bytesRequested="16" />
<af-end id="39" timestamp="2019-07-02T20:04:46.255" threadId="0000000001625A88" success="true" />
<exclusive-end id="40" timestamp="2019-07-02T20:04:46.255" durationms="3.195" />

<exclusive-start id="41" timestamp="2019-07-02T20:04:48.676" intervalms="2424.306">
  <response-info timems="0.185" idlems="0.075" threads="2" lastid="0000000001637D00" lastname="node-4" />
</exclusive-start>
<af-start id="42" threadId="0000000001629688" totalBytesRequested="16" timestamp="2019-07-02T20:04:48.676" intervalms="2424.305" />
<cycle-start id="43" type="global" contextid="0" timestamp="2019-07-02T20:04:48.676" intervalms="2424.307" />
  <attribute name="GC Util" value="85" />
  <attribute name="CPU Util" value="83" />
  <attribute name="Time Running"value="3544"/>
  <attribute name="Number of cores"value="4"/>
<gc-start id="44" type="global" contextid="43" timestamp="2019-07-02T20:04:48.676">
  <mem-info id="45" free="418816" total="8388608" percent="4">
    <mem type="tenure" free="418816" total="8388608" percent="4">
      <mem type="soa" free="0" total="7969792" percent="0" />
      <mem type="loa" free="418816" total="418816" percent="100" />
    </mem>
  </mem-info>
</gc-start>
<allocation-stats totalBytes="5041904" >
  <allocated-bytes non-tlh="0" tlh="5041904" />
  <largest-consumer threadName="node-5" threadId="0000000001630500" bytes="900536" />
</allocation-stats>
<gc-op id="46" type="mark" timems="1.780" contextid="43" timestamp="2019-07-02T20:04:48.678">
  <trace-info objectcount="45955" scancount="39953" scanbytes="1453468" />
  <finalization candidates="18" enqueued="0" />
  <references type="soft" candidates="66" cleared="0" enqueued="0" dynamicThreshold="20" maxThreshold="32" />
  <references type="weak" candidates="165" cleared="0" enqueued="0" />
  <references type="phantom" candidates="57" cleared="0" enqueued="0" />
  <stringconstants candidates="3815" cleared="0"  />
</gc-op>
<gc-op id="47" type="sweep" timems="0.246" contextid="43" timestamp="2019-07-02T20:04:48.679" />
<gc-end id="48" type="global" contextid="43" durationms="2.471" usertimems="4.000" systemtimems="0.000" timestamp="2019-07-02T20:04:48.679" activeThreads="4">
  <mem-info id="49" free="5473544" total="8388608" percent="65">
    <mem type="tenure" free="5473544" total="8388608" percent="65" micro-fragmented="462422" macro-fragmented="0">
      <mem type="soa" free="5054728" total="7969792" percent="63" />
      <mem type="loa" free="418816" total="418816" percent="100" />
    </mem>
  </mem-info>
</gc-end>
<cycle-end id="50" type="global" contextid="43" timestamp="2019-07-02T20:04:48.679">
  <attribute name="GC Util" value="88" />
  <attribute name="CPU Util" value="9922805811375" />
  <attribute name="Time Running"value="5968"/>
  <attribute name="Number of cores"value="4"/>
</cycle-end>
<allocation-satisfied id="51" threadId="0000000001628D00" bytesRequested="16" />
<af-end id="52" timestamp="2019-07-02T20:04:48.679" threadId="0000000001629688" success="true" />
<exclusive-end id="53" timestamp="2019-07-02T20:04:48.679" durationms="3.040" />

<exclusive-start id="54" timestamp="2019-07-02T20:04:51.126" intervalms="2449.417">
  <response-info timems="0.033" idlems="0.020" threads="1" lastid="0000000001637D00" lastname="node-4" />
</exclusive-start>
<af-start id="55" threadId="0000000001630E88" totalBytesRequested="24" timestamp="2019-07-02T20:04:51.126" intervalms="2449.417" />
<cycle-start id="56" type="global" contextid="0" timestamp="2019-07-02T20:04:51.126" intervalms="2449.414" />
  <attribute name="GC Util" value="88" />
  <attribute name="CPU Util" value="9922805811375" />
  <attribute name="Time Running"value="5968"/>
  <attribute name="Number of cores"value="4"/>
<gc-start id="57" type="global" contextid="56" timestamp="2019-07-02T20:04:51.126">
  <mem-info id="58" free="418816" total="8388608" percent="4">
    <mem type="tenure" free="418816" total="8388608" percent="4">
      <mem type="soa" free="0" total="7969792" percent="0" />
      <mem type="loa" free="418816" total="418816" percent="100" />
    </mem>
  </mem-info>
</gc-start>
<allocation-stats totalBytes="5039032" >
  <allocated-bytes non-tlh="0" tlh="5039032" />
  <largest-consumer threadName="node-4" threadId="0000000001637D00" bytes="901304" />
</allocation-stats>
<gc-op id="59" type="mark" timems="7.904" contextid="56" timestamp="2019-07-02T20:04:51.134">
  <trace-info objectcount="45938" scancount="39916" scanbytes="1453244" />
  <finalization candidates="18" enqueued="0" />
  <references type="soft" candidates="66" cleared="0" enqueued="0" dynamicThreshold="20" maxThreshold="32" />
  <references type="weak" candidates="165" cleared="0" enqueued="0" />
  <references type="phantom" candidates="57" cleared="0" enqueued="0" />
  <stringconstants candidates="3815" cleared="0"  />
</gc-op>
<gc-op id="60" type="sweep" timems="1.649" contextid="56" timestamp="2019-07-02T20:04:51.135" />
<gc-end id="61" type="global" contextid="56" durationms="9.945" usertimems="4.000" systemtimems="4.000" timestamp="2019-07-02T20:04:51.136" activeThreads="4">
  <mem-info id="62" free="5474744" total="8388608" percent="65">
    <mem type="tenure" free="5474744" total="8388608" percent="65" micro-fragmented="478469" macro-fragmented="0">
      <mem type="soa" free="5055928" total="7969792" percent="63" />
      <mem type="loa" free="418816" total="418816" percent="100" />
    </mem>
  </mem-info>
</gc-end>
<cycle-end id="63" type="global" contextid="56" timestamp="2019-07-02T20:04:51.136">
  <attribute name="GC Util" value="97" />
  <attribute name="CPU Util" value="2311644949054" />
  <attribute name="Time Running"value="8424"/>
  <attribute name="Number of cores"value="4"/>
</cycle-end>
<allocation-satisfied id="64" threadId="0000000001630500" bytesRequested="24" />
<af-end id="65" timestamp="2019-07-02T20:04:51.136" threadId="0000000001630E88" success="true" />
<exclusive-end id="66" timestamp="2019-07-02T20:04:51.136" durationms="10.893" />

<exclusive-start id="67" timestamp="2019-07-02T20:04:53.453" intervalms="2327.764">
  <response-info timems="0.032" idlems="0.032" threads="0" lastid="000000000162C900" lastname="node-2" />
</exclusive-start>
<af-start id="68" threadId="000000000162D288" totalBytesRequested="32" timestamp="2019-07-02T20:04:53.453" intervalms="2327.776" />
<cycle-start id="69" type="global" contextid="0" timestamp="2019-07-02T20:04:53.453" intervalms="2327.790" />
  <attribute name="GC Util" value="97" />
  <attribute name="CPU Util" value="2311644949054" />
  <attribute name="Time Running"value="8424"/>
  <attribute name="Number of cores"value="4"/>
<gc-start id="70" type="global" contextid="69" timestamp="2019-07-02T20:04:53.454">
  <mem-info id="71" free="418816" total="8388608" percent="4">
    <mem type="tenure" free="418816" total="8388608" percent="4">
      <mem type="soa" free="0" total="7969792" percent="0" />
      <mem type="loa" free="418816" total="418816" percent="100" />
    </mem>
  </mem-info>
</gc-start>
<allocation-stats totalBytes="5042000" >
  <allocated-bytes non-tlh="0" tlh="5042000" />
  <largest-consumer threadName="node-4" threadId="0000000001637D00" bytes="883280" />
</allocation-stats>
<gc-op id="72" type="mark" timems="1.684" contextid="69" timestamp="2019-07-02T20:04:53.455">
  <trace-info objectcount="45938" scancount="39925" scanbytes="1453244" />
  <finalization candidates="18" enqueued="0" />
  <references type="soft" candidates="66" cleared="0" enqueued="0" dynamicThreshold="20" maxThreshold="32" />
  <references type="weak" candidates="165" cleared="0" enqueued="0" />
  <references type="phantom" candidates="57" cleared="0" enqueued="0" />
  <stringconstants candidates="3815" cleared="0"  />
</gc-op>
<gc-op id="73" type="sweep" timems="0.285" contextid="69" timestamp="2019-07-02T20:04:53.456" />
<gc-end id="74" type="global" contextid="69" durationms="2.456" usertimems="0.000" systemtimems="4.000" timestamp="2019-07-02T20:04:53.456" activeThreads="4">
  <mem-info id="75" free="5476392" total="8388608" percent="65">
    <mem type="tenure" free="5476392" total="8388608" percent="65" micro-fragmented="496294" macro-fragmented="0">
      <mem type="soa" free="5057576" total="7969792" percent="63" />
      <mem type="loa" free="418816" total="418816" percent="100" />
    </mem>
  </mem-info>
</gc-end>
<cycle-end id="76" type="global" contextid="69" timestamp="2019-07-02T20:04:53.456">
  <attribute name="GC Util" value="83" />
  <attribute name="CPU Util" value="10403116675981" />
  <attribute name="Time Running"value="10746"/>
  <attribute name="Number of cores"value="4"/>
</cycle-end>
<allocation-satisfied id="77" threadId="000000000162C900" bytesRequested="32" />
<af-end id="78" timestamp="2019-07-02T20:04:53.456" threadId="000000000162D288" success="true" />
<exclusive-end id="79" timestamp="2019-07-02T20:04:53.456" durationms="3.113" />

<exclusive-start id="80" timestamp="2019-07-02T20:04:55.797" intervalms="2343.550">
  <response-info timems="0.213" idlems="0.193" threads="1" lastid="0000000001625100" lastname="node-3" />
</exclusive-start>
<af-start id="81" threadId="000000000162D288" totalBytesRequested="32" timestamp="2019-07-02T20:04:55.797" intervalms="2343.615" />
<cycle-start id="82" type="global" contextid="0" timestamp="2019-07-02T20:04:55.797" intervalms="2343.629" />
  <attribute name="GC Util" value="83" />
  <attribute name="CPU Util" value="10403116675981" />
  <attribute name="Time Running"value="10746"/>
  <attribute name="Number of cores"value="4"/>
<gc-start id="83" type="global" contextid="82" timestamp="2019-07-02T20:04:55.797">
  <mem-info id="84" free="418816" total="8388608" percent="4">
    <mem type="tenure" free="418816" total="8388608" percent="4">
      <mem type="soa" free="0" total="7969792" percent="0" />
      <mem type="loa" free="418816" total="418816" percent="100" />
    </mem>
  </mem-info>
</gc-start>
<allocation-stats totalBytes="5041720" >
  <allocated-bytes non-tlh="0" tlh="5041720" />
  <largest-consumer threadName="node-4" threadId="0000000001637D00" bytes="914824" />
</allocation-stats>
<gc-op id="85" type="mark" timems="1.715" contextid="82" timestamp="2019-07-02T20:04:55.799">
  <trace-info objectcount="45952" scancount="39925" scanbytes="1453484" />
  <finalization candidates="18" enqueued="0" />
  <references type="soft" candidates="66" cleared="0" enqueued="0" dynamicThreshold="20" maxThreshold="32" />
  <references type="weak" candidates="165" cleared="0" enqueued="0" />
  <references type="phantom" candidates="57" cleared="0" enqueued="0" />
  <stringconstants candidates="3815" cleared="0"  />
</gc-op>
<gc-op id="86" type="sweep" timems="0.260" contextid="82" timestamp="2019-07-02T20:04:55.799" />
<gc-end id="87" type="global" contextid="82" durationms="2.240" usertimems="4.000" systemtimems="0.000" timestamp="2019-07-02T20:04:55.799" activeThreads="4">
  <mem-info id="88" free="5471976" total="8388608" percent="65">
    <mem type="tenure" free="5471976" total="8388608" percent="65" micro-fragmented="458683" macro-fragmented="0">
      <mem type="soa" free="5053160" total="7969792" percent="63" />
      <mem type="loa" free="418816" total="418816" percent="100" />
    </mem>
  </mem-info>
</gc-end>
<cycle-end id="89" type="global" contextid="82" timestamp="2019-07-02T20:04:55.800">
  <attribute name="GC Util" value="87" />
  <attribute name="CPU Util" value="10547065694821" />
  <attribute name="Time Running"value="13089"/>
  <attribute name="Number of cores"value="4"/>
</cycle-end>
<allocation-satisfied id="90" threadId="000000000162C900" bytesRequested="32" />
<af-end id="91" timestamp="2019-07-02T20:04:55.800" threadId="000000000162D288" success="true" />
<exclusive-end id="92" timestamp="2019-07-02T20:04:55.800" durationms="3.008" />

<exclusive-start id="93" timestamp="2019-07-02T20:04:58.095" intervalms="2298.028">
  <response-info timems="0.030" idlems="0.030" threads="0" lastid="000000000162C900" lastname="node-2" />
</exclusive-start>
<af-start id="94" threadId="000000000162D288" totalBytesRequested="32" timestamp="2019-07-02T20:04:58.095" intervalms="2297.954" />
<cycle-start id="95" type="global" contextid="0" timestamp="2019-07-02T20:04:58.095" intervalms="2297.934" />
  <attribute name="GC Util" value="87" />
  <attribute name="CPU Util" value="10547065694821" />
  <attribute name="Time Running"value="13089"/>
  <attribute name="Number of cores"value="4"/>
<gc-start id="96" type="global" contextid="95" timestamp="2019-07-02T20:04:58.095">
  <mem-info id="97" free="418816" total="8388608" percent="4">
    <mem type="tenure" free="418816" total="8388608" percent="4">
      <mem type="soa" free="0" total="7969792" percent="0" />
      <mem type="loa" free="418816" total="418816" percent="100" />
    </mem>
  </mem-info>
</gc-start>
<allocation-stats totalBytes="5033472" >
  <allocated-bytes non-tlh="0" tlh="5033472" />
  <largest-consumer threadName="node-5" threadId="0000000001630500" bytes="873848" />
</allocation-stats>
<gc-op id="98" type="mark" timems="1.768" contextid="95" timestamp="2019-07-02T20:04:58.097">
  <trace-info objectcount="45938" scancount="39915" scanbytes="1453244" />
  <finalization candidates="18" enqueued="0" />
  <references type="soft" candidates="66" cleared="0" enqueued="0" dynamicThreshold="20" maxThreshold="32" />
  <references type="weak" candidates="165" cleared="0" enqueued="0" />
  <references type="phantom" candidates="57" cleared="0" enqueued="0" />
  <stringconstants candidates="3815" cleared="0"  />
</gc-op>
<gc-op id="99" type="sweep" timems="0.270" contextid="95" timestamp="2019-07-02T20:04:58.097" />
<gc-end id="100" type="global" contextid="95" durationms="2.364" usertimems="0.000" systemtimems="4.000" timestamp="2019-07-02T20:04:58.097" activeThreads="4">
  <mem-info id="101" free="5474920" total="8388608" percent="65">
    <mem type="tenure" free="5474920" total="8388608" percent="65" micro-fragmented="496427" macro-fragmented="0">
      <mem type="soa" free="5056104" total="7969792" percent="63" />
      <mem type="loa" free="418816" total="418816" percent="100" />
    </mem>
  </mem-info>
</gc-end>
<cycle-end id="102" type="global" contextid="95" timestamp="2019-07-02T20:04:58.099">
  <attribute name="GC Util" value="88" />
  <attribute name="CPU Util" value="10219502735050" />
  <attribute name="Time Running"value="15387"/>
  <attribute name="Number of cores"value="4"/>
</cycle-end>
<allocation-satisfied id="103" threadId="000000000162C900" bytesRequested="32" />
<af-end id="104" timestamp="2019-07-02T20:04:58.099" threadId="000000000162D288" success="true" />
<exclusive-end id="105" timestamp="2019-07-02T20:04:58.099" durationms="4.384" />

<exclusive-start id="106" timestamp="2019-07-02T20:05:00.431" intervalms="2335.692">
  <response-info timems="0.036" idlems="0.036" threads="0" lastid="0000000001637D00" lastname="node-4" />
</exclusive-start>
<af-start id="107" threadId="0000000001638688" totalBytesRequested="24" timestamp="2019-07-02T20:05:00.431" intervalms="2335.700" />
<cycle-start id="108" type="global" contextid="0" timestamp="2019-07-02T20:05:00.431" intervalms="2335.707" />
  <attribute name="GC Util" value="88" />
  <attribute name="CPU Util" value="10219502735050" />
  <attribute name="Time Running"value="15387"/>
  <attribute name="Number of cores"value="4"/>
<gc-start id="109" type="global" contextid="108" timestamp="2019-07-02T20:05:00.431">
  <mem-info id="110" free="418816" total="8388608" percent="4">
    <mem type="tenure" free="418816" total="8388608" percent="4">
      <mem type="soa" free="0" total="7969792" percent="0" />
      <mem type="loa" free="418816" total="418816" percent="100" />
    </mem>
  </mem-info>
</gc-start>
<allocation-stats totalBytes="5039288" >
  <allocated-bytes non-tlh="0" tlh="5039288" />
  <largest-consumer threadName="node-5" threadId="0000000001630500" bytes="909632" />
</allocation-stats>
<gc-op id="111" type="mark" timems="1.733" contextid="108" timestamp="2019-07-02T20:05:00.433">
  <trace-info objectcount="45952" scancount="39922" scanbytes="1453420" />
  <finalization candidates="18" enqueued="0" />
  <references type="soft" candidates="66" cleared="0" enqueued="0" dynamicThreshold="20" maxThreshold="32" />
  <references type="weak" candidates="165" cleared="0" enqueued="0" />
  <references type="phantom" candidates="57" cleared="0" enqueued="0" />
  <stringconstants candidates="3815" cleared="0"  />
</gc-op>
<gc-op id="112" type="sweep" timems="0.256" contextid="108" timestamp="2019-07-02T20:05:00.433" />
<gc-end id="113" type="global" contextid="108" durationms="2.272" usertimems="4.000" systemtimems="0.000" timestamp="2019-07-02T20:05:00.433" activeThreads="4">
  <mem-info id="114" free="5473120" total="8388608" percent="65">
    <mem type="tenure" free="5473120" total="8388608" percent="65" micro-fragmented="458560" macro-fragmented="46956">
      <mem type="soa" free="5054304" total="7969792" percent="63" />
      <mem type="loa" free="418816" total="418816" percent="100" />
    </mem>
  </mem-info>
</gc-end>
<cycle-end id="115" type="global" contextid="108" timestamp="2019-07-02T20:05:00.433">
  <attribute name="GC Util" value="89" />
  <attribute name="CPU Util" value="10398208413528" />
  <attribute name="Time Running"value="17723"/>
  <attribute name="Number of cores"value="4"/>
</cycle-end>
<allocation-satisfied id="116" threadId="0000000001637D00" bytesRequested="24" />
<af-end id="117" timestamp="2019-07-02T20:05:00.433" threadId="0000000001638688" success="true" />
<exclusive-end id="118" timestamp="2019-07-02T20:05:00.434" durationms="3.051" />

<exclusive-start id="119" timestamp="2019-07-02T20:05:02.690" intervalms="2259.688">
  <response-info timems="0.030" idlems="0.030" threads="0" lastid="000000000162C900" lastname="node-2" />
</exclusive-start>
<af-start id="120" threadId="000000000162D288" totalBytesRequested="136" timestamp="2019-07-02T20:05:02.690" intervalms="2259.679" />
<cycle-start id="121" type="global" contextid="0" timestamp="2019-07-02T20:05:02.690" intervalms="2259.672" />
  <attribute name="GC Util" value="89" />
  <attribute name="CPU Util" value="10398208413528" />
  <attribute name="Time Running"value="17723"/>
  <attribute name="Number of cores"value="4"/>
<gc-start id="122" type="global" contextid="121" timestamp="2019-07-02T20:05:02.690">
  <mem-info id="123" free="418816" total="8388608" percent="4">
    <mem type="tenure" free="418816" total="8388608" percent="4">
      <mem type="soa" free="0" total="7969792" percent="0" />
      <mem type="loa" free="418816" total="418816" percent="100" />
    </mem>
  </mem-info>
</gc-start>
<allocation-stats totalBytes="5038272" >
  <allocated-bytes non-tlh="0" tlh="5038272" />
  <largest-consumer threadName="node-4" threadId="0000000001637D00" bytes="880520" />
</allocation-stats>
<gc-op id="124" type="mark" timems="1.710" contextid="121" timestamp="2019-07-02T20:05:02.692">
  <trace-info objectcount="45944" scancount="39930" scanbytes="1453428" />
  <finalization candidates="18" enqueued="0" />
  <references type="soft" candidates="66" cleared="0" enqueued="0" dynamicThreshold="20" maxThreshold="32" />
  <references type="weak" candidates="165" cleared="0" enqueued="0" />
  <references type="phantom" candidates="57" cleared="0" enqueued="0" />
  <stringconstants candidates="3815" cleared="0"  />
</gc-op>
<gc-op id="125" type="sweep" timems="0.237" contextid="121" timestamp="2019-07-02T20:05:02.693" />
<gc-end id="126" type="global" contextid="121" durationms="2.363" usertimems="4.000" systemtimems="0.000" timestamp="2019-07-02T20:05:02.693" activeThreads="4">
  <mem-info id="127" free="5474200" total="8388608" percent="65">
    <mem type="tenure" free="5474200" total="8388608" percent="65" micro-fragmented="431213" macro-fragmented="0">
      <mem type="soa" free="5055384" total="7969792" percent="63" />
      <mem type="loa" free="418816" total="418816" percent="100" />
    </mem>
  </mem-info>
</gc-end>
<cycle-end id="128" type="global" contextid="121" timestamp="2019-07-02T20:05:02.693">
  <attribute name="GC Util" value="85" />
  <attribute name="CPU Util" value="10312310806803" />
  <attribute name="Time Running"value="19983"/>
  <attribute name="Number of cores"value="4"/>
</cycle-end>
<allocation-satisfied id="129" threadId="000000000162C900" bytesRequested="136" />
<af-end id="130" timestamp="2019-07-02T20:05:02.693" threadId="000000000162D288" success="true" />
<exclusive-end id="131" timestamp="2019-07-02T20:05:02.693" durationms="3.067" />

<exclusive-start id="132" timestamp="2019-07-02T20:05:04.984" intervalms="2293.800">
  <response-info timems="0.036" idlems="0.036" threads="0" lastid="0000000001637D00" lastname="node-4" />
</exclusive-start>
<af-start id="133" threadId="0000000001638688" totalBytesRequested="32" timestamp="2019-07-02T20:05:04.984" intervalms="2293.805" />
<cycle-start id="134" type="global" contextid="0" timestamp="2019-07-02T20:05:04.984" intervalms="2293.806" />
  <attribute name="GC Util" value="85" />
  <attribute name="CPU Util" value="10312310806803" />
  <attribute name="Time Running"value="19983"/>
  <attribute name="Number of cores"value="4"/>
<gc-start id="135" type="global" contextid="134" timestamp="2019-07-02T20:05:04.984">
  <mem-info id="136" free="418816" total="8388608" percent="4">
    <mem type="tenure" free="418816" total="8388608" percent="4">
      <mem type="soa" free="0" total="7969792" percent="0" />
      <mem type="loa" free="418816" total="418816" percent="100" />
    </mem>
  </mem-info>
</gc-start>
<allocation-stats totalBytes="5038216" >
  <allocated-bytes non-tlh="0" tlh="5038216" />
  <largest-consumer threadName="node-2" threadId="000000000162C900" bytes="884168" />
</allocation-stats>
<gc-op id="137" type="mark" timems="1.694" contextid="134" timestamp="2019-07-02T20:05:04.986">
  <trace-info objectcount="45951" scancount="39945" scanbytes="1453468" />
  <finalization candidates="18" enqueued="0" />
  <references type="soft" candidates="66" cleared="0" enqueued="0" dynamicThreshold="20" maxThreshold="32" />
  <references type="weak" candidates="165" cleared="0" enqueued="0" />
  <references type="phantom" candidates="57" cleared="0" enqueued="0" />
  <stringconstants candidates="3815" cleared="0"  />
</gc-op>
<gc-op id="138" type="sweep" timems="0.243" contextid="134" timestamp="2019-07-02T20:05:04.986" />
<gc-end id="139" type="global" contextid="134" durationms="2.305" usertimems="4.000" systemtimems="0.000" timestamp="2019-07-02T20:05:04.987" activeThreads="4">
  <mem-info id="140" free="5472456" total="8388608" percent="65">
    <mem type="tenure" free="5472456" total="8388608" percent="65" micro-fragmented="478726" macro-fragmented="37914">
      <mem type="soa" free="5053640" total="7969792" percent="63" />
      <mem type="loa" free="418816" total="418816" percent="100" />
    </mem>
  </mem-info>
</gc-end>
<cycle-end id="141" type="global" contextid="134" timestamp="2019-07-02T20:05:04.987">
  <attribute name="GC Util" value="88" />
  <attribute name="CPU Util" value="10469790073643" />
  <attribute name="Time Running"value="22276"/>
  <attribute name="Number of cores"value="4"/>
</cycle-end>
<allocation-satisfied id="142" threadId="0000000001637D00" bytesRequested="32" />
<af-end id="143" timestamp="2019-07-02T20:05:04.987" threadId="0000000001638688" success="true" />
<exclusive-end id="144" timestamp="2019-07-02T20:05:04.987" durationms="3.067" />

<exclusive-start id="145" timestamp="2019-07-02T20:05:07.350" intervalms="2365.849">
  <response-info timems="0.024" idlems="0.024" threads="0" lastid="0000000001625100" lastname="node-3" />
</exclusive-start>
<af-start id="146" threadId="0000000001625A88" totalBytesRequested="32" timestamp="2019-07-02T20:05:07.350" intervalms="2365.846" />
<cycle-start id="147" type="global" contextid="0" timestamp="2019-07-02T20:05:07.350" intervalms="2365.839" />
  <attribute name="GC Util" value="88" />
  <attribute name="CPU Util" value="10469790073643" />
  <attribute name="Time Running"value="22276"/>
  <attribute name="Number of cores"value="4"/>
<gc-start id="148" type="global" contextid="147" timestamp="2019-07-02T20:05:07.350">
  <mem-info id="149" free="418816" total="8388608" percent="4">
    <mem type="tenure" free="418816" total="8388608" percent="4">
      <mem type="soa" free="0" total="7969792" percent="0" />
      <mem type="loa" free="418816" total="418816" percent="100" />
    </mem>
  </mem-info>
</gc-start>
<allocation-stats totalBytes="5036408" >
  <allocated-bytes non-tlh="0" tlh="5036408" />
  <largest-consumer threadName="node-5" threadId="0000000001630500" bytes="883008" />
</allocation-stats>
<gc-op id="150" type="mark" timems="1.636" contextid="147" timestamp="2019-07-02T20:05:07.352">
  <trace-info objectcount="45954" scancount="39934" scanbytes="1453452" />
  <finalization candidates="18" enqueued="0" />
  <references type="soft" candidates="66" cleared="0" enqueued="0" dynamicThreshold="20" maxThreshold="32" />
  <references type="weak" candidates="165" cleared="0" enqueued="0" />
  <references type="phantom" candidates="57" cleared="0" enqueued="0" />
  <stringconstants candidates="3815" cleared="0"  />
</gc-op>
<gc-op id="151" type="sweep" timems="0.252" contextid="147" timestamp="2019-07-02T20:05:07.352" />
<gc-end id="152" type="global" contextid="147" durationms="2.177" usertimems="4.000" systemtimems="0.000" timestamp="2019-07-02T20:05:07.352" activeThreads="4">
  <mem-info id="153" free="5473320" total="8388608" percent="65">
    <mem type="tenure" free="5473320" total="8388608" percent="65" micro-fragmented="496961" macro-fragmented="32608">
      <mem type="soa" free="5054504" total="7969792" percent="63" />
      <mem type="loa" free="418816" total="418816" percent="100" />
    </mem>
  </mem-info>
</gc-end>
<cycle-end id="154" type="global" contextid="147" timestamp="2019-07-02T20:05:07.352">
  <attribute name="GC Util" value="89" />
  <attribute name="CPU Util" value="10899625429250" />
  <attribute name="Time Running"value="24642"/>
  <attribute name="Number of cores"value="4"/>
</cycle-end>
<allocation-satisfied id="155" threadId="0000000001625100" bytesRequested="32" />
<af-end id="156" timestamp="2019-07-02T20:05:07.353" threadId="0000000001625A88" success="true" />
<exclusive-end id="157" timestamp="2019-07-02T20:05:07.353" durationms="2.773" />

</verbosegc>

