<?xml version="1.0" ?>

<verbosegc xmlns="http://www.ibm.com/j9/verbosegc" version="10b4217_CMPRSS">

<initialized id="1" timestamp="2019-06-14T20:40:30.195">
  <attribute name="gcPolicy" value="-Xgcpolicy:balanced" />
  <attribute name="elasticGC enabled" value="1" />
  <attribute name= "numThreadsSpecified" value="0" />
  <attribute name="heapSize specified" value="0" />
  <attribute name="Current GC Util" value="0" />
  <attribute name= "Current Time Running" value="0" />
  <attribute name ="GC Interval" value="0" />
  <attribute name="ProportionalT" value="0.000000" />
  <attribute name="ProportionalI" value="0.000000" />
  <attribute name="ProportionalH" value="0.000000" />
  <attribute name="IntegralT" value="0.000000" />
  <attribute name="IntegralI" value="0.000000" />
  <attribute name="IntegralH" value="0.000000" />
  <attribute name="DerivativeT" value="0.000000" />
  <attribute name="DerivativeI" value="0.000000" />
  <attribute name="DerivativeH" value="0.000000" />
  <attribute name="Target GC Util Change" value ="0.000000" />
  <attribute name="Current GC Util Change" value="0.000000"/>
  <attribute name="Current Error" value="0.000000" />
  <attribute name="Loop Time for DT" value="0.000000" />
  <attribute name="Output H" value="0"/>
  <attribute name="Output I" value="0"/>
  <attribute name="Output T" value="0"/>
  <attribute name="GC Util currently" value="0" />
  <attribute name="CPU Util currently" value="0" />
  <attribute name="maxHeapSize" value="0x7cb00000" />
  <attribute name="initialHeapSize" value="0x800000" />
  <attribute name="compressedRefs" value="true" />
  <attribute name="compressedRefsDisplacement" value="0x0" />
  <attribute name="compressedRefsShift" value="0x0" />
  <attribute name="pageSize" value="0x1000" />
  <attribute name="pageType" value="not used" />
  <attribute name="requestedPageSize" value="0x1000" />
  <attribute name="requestedPageType" value="not used" />
  <attribute name="gcthreads" value="4" />
  <attribute name="packetListSplit" value="4" />
  <attribute name="cacheListSplit" value="4" />
  <attribute name="splitFreeListSplitAmount" value="1" />
  <attribute name="numaNodes" value="0" />
  <region>
    <attribute name="regionSize" value="1048576" />
    <attribute name="regionCount" value="1995" />
    <attribute name="arrayletLeafSize" value="1048576" />
  </region>
  <system>
    <attribute name="physicalMemory" value="8370962432" />
    <attribute name="numCPUs" value="4" />
    <attribute name="architecture" value="amd64" />
    <attribute name="os" value="Linux" />
    <attribute name="osVersion" value="4.4.0-148-generic" />
  </system>
  <vmargs>
    <vmarg name="-Xoptionsfile=/vagrant/jdk/lib/options.default" />
    <vmarg name="-Xlockword:mode=default,noLockword=java/lang/String,noLockword=java/util/MapEntry,noLockword=java/util/HashMap$Entry,noLockword..." />
    <vmarg name="-Xjcl:jclse29" />
    <vmarg name="-Dcom.ibm.oti.vm.bootstrap.library.path=/vagrant/jdk/lib/compressedrefs:/vagrant/jdk/lib" />
    <vmarg name="-Dsun.boot.library.path=/vagrant/jdk/lib/compressedrefs:/vagrant/jdk/lib" />
    <vmarg name="-Djava.library.path=/vagrant/jdk/lib/compressedrefs:/vagrant/jdk/lib:/usr/lib64:/usr/lib" />
    <vmarg name="-Djava.home=/vagrant/jdk" />
    <vmarg name="-Duser.dir=/vagrant" />
    <vmarg name="-Xgcpolicy:balanced" />
    <vmarg name="-Xgcelastic" />
    <vmarg name="-Xcheck:gc:::elasticGC" />
    <vmarg name="-verbose:gc" />
    <vmarg name="-Xloggc:default-Balanced-jdk0.5-1-0.5-verbose2jython.txt" />
    <vmarg name="-Djava.class.path=dacapo-9.12-MR1-bach.jar" />
    <vmarg name="-Dsun.java.command=dacapo-9.12-MR1-bach.jar jython --size=default" />
    <vmarg name="-Dsun.java.launcher=SUN_STANDARD" />
    <vmarg name="-Dsun.java.launcher.pid=21301" />
  </vmargs>
</initialized>

<exclusive-start id="2" timestamp="2019-06-14T20:40:31.977" intervalms="1781.925">
  <response-info timems="0.022" idlems="0.022" threads="0" lastid="0000000001F98700" lastname="main" />
</exclusive-start>
<allocation-taxation id="3" taxation-threshold="8388608" timestamp="2019-06-14T20:40:31.977" intervalms="1782.140" />
<cycle-start id="4" type="partial gc" contextid="0" timestamp="2019-06-14T20:40:31.978" intervalms="1782.370" />
<gc-start id="5" type="partial gc" contextid="4" timestamp="2019-06-14T20:40:31.978">
  <mem-info id="6" free="0" total="8388608" percent="0">
    <mem type="eden" free="80" total="8388608" percent="0" />
    <remembered-set count="0" freebytes="334848" totalbytes="334848" percent="100" regionsoverflowed="0" regionsstable="0" regionsrebuilding="0"/>
  </mem-info>
</gc-start>
<allocation-stats totalBytes="8315872" >
  <allocated-bytes non-tlh="357600" tlh="7958272" arrayletleaf="0"/>
  <largest-consumer threadName="main" threadId="0000000001F98700" bytes="8239304" />
</allocation-stats>
<gc-op id="7" type="mark" timems="3.064" contextid="4" timestamp="2019-06-14T20:40:31.982">
  <trace-info objectcount="17714" scancount="14027" scanbytes="460904" />
  <remembered-set-cleared processed="0" cleared="0" durationms="0.194" />
  <finalization candidates="14" enqueued="1" />
  <references type="soft" candidates="63" cleared="0" enqueued="0" dynamicThreshold="32" maxThreshold="32" />
  <references type="weak" candidates="544" cleared="401" enqueued="362" />
  <references type="phantom" candidates="105" cleared="44" enqueued="44" />
  <stringconstants candidates="2406" cleared="0"  />
  <warning details="Mark for calibration purposes" />
</gc-op>
<gc-op id="8" type="classunload" timems="0.038" contextid="4" timestamp="2019-06-14T20:40:31.982">
  <classunload-info classloadercandidates="5" classloadersunloaded="0" classesunloaded="0" anonymousclassesunloaded="0" quiescems="0.000" setupms="0.038" scanms="0.000" postms="0.000" />
</gc-op>
<gc-op id="9" type="sweep" timems="0.741" contextid="4" timestamp="2019-06-14T20:40:31.983" />
<gc-op id="10" type="compact" timems="4.379" contextid="4" timestamp="2019-06-14T20:40:31.988">
  <compact-info movecount="17714" movebytes="963336" />
  <remembered-set-cleared processed="0" cleared="0" durationms="0.194" />
</gc-op>
<gc-end id="11" type="partial gc" contextid="4" durationms="10.452" usertimems="8.000" systemtimems="4.000" timestamp="2019-06-14T20:40:31.988" activeThreads="4">
  <mem-info id="12" free="7340032" total="8388608" percent="87">
    <mem type="eden" free="85240" total="1048576" percent="8" />
    <pending-finalizers system="1" default="0" reference="406" classloader="0" />
    <remembered-set count="0" freebytes="334848" totalbytes="334848" percent="100" regionsoverflowed="0" regionsstable="0" regionsrebuilding="0"/>
  </mem-info>
</gc-end>
<cycle-end id="13" type="partial gc" contextid="4" timestamp="2019-06-14T20:40:31.989" />
  <attribute name="elasticGC enabled" value="1" />
  <attribute name= "numThreadsSpecified" value="4" />
  <attribute name="heapSize specified" value="0" />
  <attribute name="Current GC Util" value="55" />
  <attribute name= "Current Time Running" value="1673" />
  <attribute name ="GC Interval" value="0" />
  <attribute name="ProportionalT" value="17.500000" />
  <attribute name="ProportionalI" value="17.500000" />
  <attribute name="ProportionalH" value="17.500000" />
  <attribute name="Current Error" value="35.000000" />
  <attribute name="IntegralT" value="-33038.000000" />
  <attribute name="IntegralI" value="-33038.000000" />
  <attribute name="IntegralH" value="-33038.000000" />
  <attribute name="DerivativeT" value="-12.500000" />
  <attribute name="DerivativeI" value="-12.500000" />
  <attribute name="DerivativeH" value="-12.500000" />
  <attribute name="Loop Time for DT" value="1.000000" />
  <attribute name="Output H" value="2091843584"/>
  <attribute name="Output I" value="200"/>
  <attribute name="Output T" value="4"/>
  <attribute name="Target GC Util Change" value ="20.000000" />
  <attribute name="Current GC Util Change" value="55.000000"/>
  <attribute name="GC Util currently" value="55" />
  <attribute name="CPU Util currently" value="4187519595902" />
<exclusive-end id="14" timestamp="2019-06-14T20:40:31.989" durationms="11.498" />

<exclusive-start id="15" timestamp="2019-06-14T20:40:32.604" intervalms="627.281">
  <response-info timems="0.026" idlems="0.026" threads="0" lastid="0000000001F98700" lastname="main" />
</exclusive-start>
<allocation-taxation id="16" taxation-threshold="7340032" timestamp="2019-06-14T20:40:32.605" intervalms="627.237" />
<cycle-start id="17" type="partial gc" contextid="0" timestamp="2019-06-14T20:40:32.605" intervalms="627.131" />
<gc-start id="18" type="partial gc" contextid="17" timestamp="2019-06-14T20:40:32.605">
  <mem-info id="19" free="0" total="8388608" percent="0">
    <mem type="eden" free="85240" total="8388608" percent="1" />
    <remembered-set count="0" freebytes="334848" totalbytes="334848" percent="100" regionsoverflowed="0" regionsstable="0" regionsrebuilding="0"/>
  </mem-info>
</gc-start>
<allocation-stats totalBytes="7330152" >
  <allocated-bytes non-tlh="569856" tlh="6760296" arrayletleaf="0"/>
  <largest-consumer threadName="main" threadId="0000000001F98700" bytes="7321872" />
</allocation-stats>
<gc-op id="20" type="mark" timems="1.664" contextid="17" timestamp="2019-06-14T20:40:32.607">
  <trace-info objectcount="19024" scancount="15068" scanbytes="511304" />
  <remembered-set-cleared processed="0" cleared="0" durationms="0.044" />
  <finalization candidates="22" enqueued="0" />
  <ownableSynchronizers candidates="16" cleared="0" />
  <references type="soft" candidates="67" cleared="0" enqueued="0" dynamicThreshold="28" maxThreshold="32" />
  <references type="weak" candidates="682" cleared="364" enqueued="256" />
  <references type="phantom" candidates="88" cleared="2" enqueued="2" />
  <stringconstants candidates="2592" cleared="0"  />
  <warning details="Mark invoked due to insufficient free space for Copy-Forward" />
</gc-op>
<gc-op id="21" type="classunload" timems="0.002" contextid="17" timestamp="2019-06-14T20:40:32.607">
  <classunload-info classloadercandidates="6" classloadersunloaded="0" classesunloaded="0" anonymousclassesunloaded="0" quiescems="0.000" setupms="0.001" scanms="0.000" postms="0.000" />
</gc-op>
<gc-op id="22" type="sweep" timems="0.346" contextid="17" timestamp="2019-06-14T20:40:32.608" />
<gc-op id="23" type="compact" timems="3.892" contextid="17" timestamp="2019-06-14T20:40:32.612">
  <compact-info movecount="19020" movebytes="1506456" />
  <remembered-set-cleared processed="0" cleared="0" durationms="0.044" />
</gc-op>
<gc-end id="24" type="partial gc" contextid="17" durationms="7.093" usertimems="4.000" systemtimems="4.000" timestamp="2019-06-14T20:40:32.612" activeThreads="4">
  <mem-info id="25" free="6291456" total="8388608" percent="75">
    <mem type="eden" free="590432" total="2097152" percent="28" />
    <pending-finalizers system="0" default="0" reference="258" classloader="0" />
    <remembered-set count="1536" freebytes="328704" totalbytes="334848" percent="98" regionsoverflowed="0" regionsstable="0" regionsrebuilding="0"/>
  </mem-info>
</gc-end>
<cycle-end id="26" type="partial gc" contextid="17" timestamp="2019-06-14T20:40:32.612" />
  <attribute name="elasticGC enabled" value="1" />
  <attribute name= "numThreadsSpecified" value="4" />
  <attribute name="heapSize specified" value="0" />
  <attribute name="Current GC Util" value="27" />
  <attribute name= "Current Time Running" value="2298" />
  <attribute name ="GC Interval" value="0" />
  <attribute name="ProportionalT" value="3.500000" />
  <attribute name="ProportionalI" value="3.500000" />
  <attribute name="ProportionalH" value="3.500000" />
  <attribute name="Current Error" value="7.000000" />
  <attribute name="IntegralT" value="7.000000" />
  <attribute name="IntegralI" value="7.000000" />
  <attribute name="IntegralH" value="7.000000" />
  <attribute name="DerivativeT" value="3.500000" />
  <attribute name="DerivativeI" value="3.500000" />
  <attribute name="DerivativeH" value="3.500000" />
  <attribute name="Loop Time for DT" value="1.000000" />
  <attribute name="Output H" value="8388608"/>
  <attribute name="Output I" value="200"/>
  <attribute name="Output T" value="4"/>
  <attribute name="Target GC Util Change" value ="20.000000" />
  <attribute name="Current GC Util Change" value="27.000000"/>
  <attribute name="GC Util currently" value="27" />
  <attribute name="CPU Util currently" value="7214202274800" />
<exclusive-end id="27" timestamp="2019-06-14T20:40:32.612" durationms="7.970" />

<exclusive-start id="28" timestamp="2019-06-14T20:40:32.749" intervalms="145.016">
  <response-info timems="0.050" idlems="0.050" threads="0" lastid="0000000001F98700" lastname="main" />
</exclusive-start>
<allocation-taxation id="29" taxation-threshold="3145728" timestamp="2019-06-14T20:40:32.750" intervalms="144.937" />
<cycle-start id="30" type="global mark phase" contextid="0" timestamp="2019-06-14T20:40:32.750" intervalms="2554.527" />
<gc-start id="31" type="global mark phase" contextid="30" timestamp="2019-06-14T20:40:32.750">
  <mem-info id="32" free="3145728" total="8388608" percent="37">
    <remembered-set count="1536" freebytes="328704" totalbytes="334848" percent="98" regionsoverflowed="0" regionsstable="0" regionsrebuilding="0"/>
  </mem-info>
</gc-start>
<gc-op id="33" type="mark increment" timems="0.996" contextid="30" timestamp="2019-06-14T20:40:32.751">
  <trace-info objectcount="131" scancount="0" scanbytes="0" />
</gc-op>
<gc-end id="34" type="global mark phase" contextid="30" durationms="1.141" usertimems="0.000" systemtimems="4.000" timestamp="2019-06-14T20:40:32.751" activeThreads="4">
  <mem-info id="35" free="3145728" total="8388608" percent="37">
    <remembered-set count="1536" freebytes="328704" totalbytes="334848" percent="98" regionsoverflowed="0" regionsstable="0" regionsrebuilding="0"/>
  </mem-info>
</gc-end>
<concurrent-start id="36" type="GMP work packet processing" contextid="30" timestamp="2019-06-14T20:40:32.751">
  <concurrent-mark-start scanTarget="18446744073709551615" />
</concurrent-start>
<exclusive-end id="37" timestamp="2019-06-14T20:40:32.751" durationms="1.678" />

<concurrent-end id="38" type="GMP work packet processing" contextid="30" timestamp="2019-06-14T20:40:32.754">
  <concurrent-mark-end bytesScanned="782380" reasonForTermination="Completed all work in GC phase" />
</concurrent-end>

<exclusive-start id="39" timestamp="2019-06-14T20:40:32.838" intervalms="88.422">
  <response-info timems="0.031" idlems="0.031" threads="0" lastid="0000000001F98700" lastname="main" />
</exclusive-start>
<allocation-taxation id="40" taxation-threshold="3145728" timestamp="2019-06-14T20:40:32.838" intervalms="88.422" />
<cycle-start id="41" type="partial gc" contextid="0" timestamp="2019-06-14T20:40:32.838" intervalms="233.319" />
<gc-start id="42" type="partial gc" contextid="41" timestamp="2019-06-14T20:40:32.838">
  <mem-info id="43" free="0" total="8388608" percent="0">
    <mem type="eden" free="0" total="6291456" percent="0" />
    <remembered-set count="1536" freebytes="328704" totalbytes="334848" percent="98" regionsoverflowed="0" regionsstable="0" regionsrebuilding="0"/>
  </mem-info>
</gc-start>
<allocation-stats totalBytes="6287240" >
  <allocated-bytes non-tlh="317712" tlh="5969528" arrayletleaf="0"/>
  <largest-consumer threadName="main" threadId="0000000001F98700" bytes="3144016" />
</allocation-stats>
<gc-op id="44" type="mark" timems="2.100" contextid="41" timestamp="2019-06-14T20:40:32.841">
  <trace-info objectcount="20279" scancount="16258" scanbytes="547560" />
  <cardclean-info objects="764" bytes="35268" />
  <remembered-set-cleared processed="204" cleared="204" durationms="0.044" />
  <finalization candidates="50" enqueued="1" />
  <ownableSynchronizers candidates="17" cleared="0" />
  <references type="soft" candidates="358" cleared="0" enqueued="0" dynamicThreshold="12" maxThreshold="32" />
  <references type="weak" candidates="1254" cleared="157" enqueued="143" />
  <references type="phantom" candidates="41" cleared="4" enqueued="4" />
  <stringconstants candidates="4540" cleared="0"  />
  <warning details="Mark invoked due to insufficient free space for Copy-Forward" />
</gc-op>
<gc-op id="45" type="classunload" timems="0.003" contextid="41" timestamp="2019-06-14T20:40:32.841">
  <classunload-info classloadercandidates="10" classloadersunloaded="0" classesunloaded="0" anonymousclassesunloaded="0" quiescems="0.000" setupms="0.001" scanms="0.000" postms="0.000" />
</gc-op>
<gc-op id="46" type="sweep" timems="0.300" contextid="41" timestamp="2019-06-14T20:40:32.841" />
<gc-op id="47" type="compact" timems="2.937" contextid="41" timestamp="2019-06-14T20:40:32.844">
  <compact-info movecount="20202" movebytes="1377448" />
  <remembered-set-cleared processed="3247" cleared="3247" durationms="0.056" />
</gc-op>
<heap-resize id="48" type="contract" space="default" amount="1048576" count="1" timems="0.154" reason="insufficient time being spent in gc" timestamp="2019-06-14T20:40:32.845" />
<gc-end id="49" type="partial gc" contextid="41" durationms="6.705" usertimems="8.000" systemtimems="0.000" timestamp="2019-06-14T20:40:32.845" activeThreads="4">
  <mem-info id="50" free="4194304" total="7340032" percent="57">
    <mem type="eden" free="372920" total="1048576" percent="35" />
    <pending-finalizers system="1" default="0" reference="147" classloader="0" />
    <remembered-set count="2560" freebytes="324608" totalbytes="334848" percent="96" regionsoverflowed="0" regionsstable="0" regionsrebuilding="0"/>
  </mem-info>
</gc-end>
<cycle-end id="51" type="partial gc" contextid="41" timestamp="2019-06-14T20:40:32.845" />
  <attribute name="elasticGC enabled" value="1" />
  <attribute name= "numThreadsSpecified" value="4" />
  <attribute name="heapSize specified" value="0" />
  <attribute name="Current GC Util" value="31" />
  <attribute name= "Current Time Running" value="2532" />
  <attribute name ="GC Interval" value="0" />
  <attribute name="ProportionalT" value="5.500000" />
  <attribute name="ProportionalI" value="5.500000" />
  <attribute name="ProportionalH" value="5.500000" />
  <attribute name="Current Error" value="11.000000" />
  <attribute name="IntegralT" value="11.000000" />
  <attribute name="IntegralI" value="11.000000" />
  <attribute name="IntegralH" value="11.000000" />
  <attribute name="DerivativeT" value="5.500000" />
  <attribute name="DerivativeI" value="5.500000" />
  <attribute name="DerivativeH" value="5.500000" />
  <attribute name="Loop Time for DT" value="1.000000" />
  <attribute name="Output H" value="8388608"/>
  <attribute name="Output I" value="200"/>
  <attribute name="Output T" value="4"/>
  <attribute name="Target GC Util Change" value ="20.000000" />
  <attribute name="Current GC Util Change" value="31.000000"/>
  <attribute name="GC Util currently" value="31" />
  <attribute name="CPU Util currently" value="9648524624799" />
<exclusive-end id="52" timestamp="2019-06-14T20:40:32.845" durationms="7.381" />

<exclusive-start id="53" timestamp="2019-06-14T20:40:35.959" intervalms="3120.877">
  <response-info timems="0.043" idlems="0.043" threads="0" lastid="0000000001F98700" lastname="main" />
</exclusive-start>
<allocation-taxation id="54" taxation-threshold="2097152" timestamp="2019-06-14T20:40:35.959" intervalms="3120.920" />
<gc-start id="55" type="global mark phase" contextid="30" timestamp="2019-06-14T20:40:35.959">
  <mem-info id="56" free="2097152" total="7340032" percent="28">
    <remembered-set count="2560" freebytes="324608" totalbytes="334848" percent="96" regionsoverflowed="0" regionsstable="0" regionsrebuilding="0"/>
  </mem-info>
</gc-start>
<gc-op id="57" type="mark increment" timems="2.608" contextid="30" timestamp="2019-06-14T20:40:35.962">
  <trace-info objectcount="22554" scancount="18244" scanbytes="621496" />
  <cardclean-info objects="893" bytes="39896" />
  <finalization candidates="62" enqueued="0" />
  <ownableSynchronizers candidates="17" cleared="0" />
  <references type="soft" candidates="584" cleared="0" enqueued="0" dynamicThreshold="18" maxThreshold="32" />
  <references type="weak" candidates="1415" cleared="6" enqueued="6" />
  <references type="phantom" candidates="96" cleared="2" enqueued="2" />
  <stringconstants candidates="4893" cleared="0"  />
</gc-op>
<gc-op id="58" type="classunload" timems="0.003" contextid="30" timestamp="2019-06-14T20:40:35.962">
  <classunload-info classloadercandidates="10" classloadersunloaded="0" classesunloaded="0" anonymousclassesunloaded="0" quiescems="0.000" setupms="0.003" scanms="0.000" postms="0.000" />
</gc-op>
<gc-end id="59" type="global mark phase" contextid="30" durationms="2.941" usertimems="4.000" systemtimems="0.000" timestamp="2019-06-14T20:40:35.962" activeThreads="4">
  <mem-info id="60" free="2097152" total="7340032" percent="28">
    <pending-finalizers system="0" default="0" reference="8" classloader="0" />
    <remembered-set count="2560" freebytes="324608" totalbytes="334848" percent="96" regionsoverflowed="0" regionsstable="0" regionsrebuilding="0"/>
  </mem-info>
</gc-end>
<cycle-end id="61" type="global mark phase" contextid="30" timestamp="2019-06-14T20:40:35.962" />
  <attribute name="elasticGC enabled" value="1" />
  <attribute name= "numThreadsSpecified" value="4" />
  <attribute name="heapSize specified" value="0" />
  <attribute name="Current GC Util" value="86" />
  <attribute name= "Current Time Running" value="5651" />
  <attribute name ="GC Interval" value="0" />
  <attribute name="ProportionalT" value="33.000000" />
  <attribute name="ProportionalI" value="33.000000" />
  <attribute name="ProportionalH" value="33.000000" />
  <attribute name="Current Error" value="66.000000" />
  <attribute name="IntegralT" value="66.000000" />
  <attribute name="IntegralI" value="66.000000" />
  <attribute name="IntegralH" value="66.000000" />
  <attribute name="DerivativeT" value="10.000000" />
  <attribute name="DerivativeI" value="10.000000" />
  <attribute name="DerivativeH" value="10.000000" />
  <attribute name="Loop Time for DT" value="1.000000" />
  <attribute name="Output H" value="8388608"/>
  <attribute name="Output I" value="200"/>
  <attribute name="Output T" value="4"/>
  <attribute name="Target GC Util Change" value ="20.000000" />
  <attribute name="Current GC Util Change" value="86.000000"/>
  <attribute name="GC Util currently" value="86" />
  <attribute name="CPU Util currently" value="5381027689473" />
<exclusive-end id="62" timestamp="2019-06-14T20:40:35.962" durationms="3.408" />

<exclusive-start id="63" timestamp="2019-06-14T20:40:36.007" intervalms="48.094">
  <response-info timems="0.030" idlems="0.030" threads="0" lastid="0000000001F98700" lastname="main" />
</exclusive-start>
<allocation-taxation id="64" taxation-threshold="2097152" timestamp="2019-06-14T20:40:36.007" intervalms="48.045" />
<cycle-start id="65" type="partial gc" contextid="0" timestamp="2019-06-14T20:40:36.007" intervalms="3168.952" />
<gc-start id="66" type="partial gc" contextid="65" timestamp="2019-06-14T20:40:36.007">
  <mem-info id="67" free="0" total="7340032" percent="0">
    <mem type="eden" free="0" total="4194304" percent="0" />
    <remembered-set count="2560" freebytes="324608" totalbytes="334848" percent="96" regionsoverflowed="0" regionsstable="0" regionsrebuilding="0"/>
  </mem-info>
</gc-start>
<allocation-stats totalBytes="4164408" >
  <allocated-bytes non-tlh="78416" tlh="4085992" arrayletleaf="0"/>
  <largest-consumer threadName="main" threadId="0000000001F98700" bytes="2071712" />
</allocation-stats>
<gc-op id="68" type="sweep" timems="0.380" contextid="65" timestamp="2019-06-14T20:40:36.008" />
<gc-op id="69" type="mark" timems="2.115" contextid="65" timestamp="2019-06-14T20:40:36.010">
  <trace-info objectcount="22588" scancount="18092" scanbytes="604504" />
  <cardclean-info objects="1001" bytes="57276" />
  <remembered-set-cleared processed="0" cleared="0" durationms="0.044" />
  <finalization candidates="43" enqueued="0" />
  <ownableSynchronizers candidates="1" cleared="0" />
  <references type="soft" candidates="562" cleared="0" enqueued="0" dynamicThreshold="9" maxThreshold="32" />
  <references type="weak" candidates="1216" cleared="24" enqueued="24" />
  <references type="phantom" candidates="10" cleared="1" enqueued="1" />
  <stringconstants candidates="5080" cleared="0"  />
  <warning details="Mark invoked due to insufficient free space for Copy-Forward" />
</gc-op>
<gc-op id="70" type="classunload" timems="0.002" contextid="65" timestamp="2019-06-14T20:40:36.010">
  <classunload-info classloadercandidates="10" classloadersunloaded="0" classesunloaded="0" anonymousclassesunloaded="0" quiescems="0.000" setupms="0.002" scanms="0.000" postms="0.000" />
</gc-op>
<gc-op id="71" type="sweep" timems="0.721" contextid="65" timestamp="2019-06-14T20:40:36.011" />
<gc-op id="72" type="compact" timems="3.831" contextid="65" timestamp="2019-06-14T20:40:36.015">
  <compact-info movecount="22281" movebytes="874944" />
  <remembered-set-cleared processed="5709" cleared="5582" durationms="0.060" />
</gc-op>
<heap-resize id="73" type="expand" space="default" amount="1048576" count="1" timems="0.065" reason="insufficient free space following gc" timestamp="2019-06-14T20:40:36.016" />
<gc-end id="74" type="partial gc" contextid="65" durationms="8.694" usertimems="12.000" systemtimems="0.000" timestamp="2019-06-14T20:40:36.016" activeThreads="4">
  <mem-info id="75" free="4194304" total="8388608" percent="50">
    <mem type="eden" free="792648" total="1048576" percent="75" />
    <pending-finalizers system="0" default="0" reference="25" classloader="0" />
    <remembered-set count="3744" freebytes="319872" totalbytes="334848" percent="95" regionsoverflowed="0" regionsstable="0" regionsrebuilding="0"/>
  </mem-info>
</gc-end>
<cycle-end id="76" type="partial gc" contextid="65" timestamp="2019-06-14T20:40:36.016" />
  <attribute name="elasticGC enabled" value="1" />
  <attribute name= "numThreadsSpecified" value="4" />
  <attribute name="heapSize specified" value="0" />
  <attribute name="Current GC Util" value="66" />
  <attribute name= "Current Time Running" value="5701" />
  <attribute name ="GC Interval" value="0" />
  <attribute name="ProportionalT" value="23.000000" />
  <attribute name="ProportionalI" value="23.000000" />
  <attribute name="ProportionalH" value="23.000000" />
  <attribute name="Current Error" value="46.000000" />
  <attribute name="IntegralT" value="46.000000" />
  <attribute name="IntegralI" value="46.000000" />
  <attribute name="IntegralH" value="46.000000" />
  <attribute name="DerivativeT" value="23.000000" />
  <attribute name="DerivativeI" value="23.000000" />
  <attribute name="DerivativeH" value="23.000000" />
  <attribute name="Loop Time for DT" value="1.000000" />
  <attribute name="Output H" value="8388608"/>
  <attribute name="Output I" value="200"/>
  <attribute name="Output T" value="4"/>
  <attribute name="Target GC Util Change" value ="20.000000" />
  <attribute name="Current GC Util Change" value="66.000000"/>
  <attribute name="GC Util currently" value="66" />
  <attribute name="CPU Util currently" value="4793075153658" />
<exclusive-end id="77" timestamp="2019-06-14T20:40:36.016" durationms="9.514" />

<exclusive-start id="78" timestamp="2019-06-14T20:40:36.078" intervalms="71.499">
  <response-info timems="0.056" idlems="0.056" threads="0" lastid="0000000001F98700" lastname="main" />
</exclusive-start>
<allocation-taxation id="79" taxation-threshold="2097152" timestamp="2019-06-14T20:40:36.078" intervalms="71.512" />
<cycle-start id="80" type="global mark phase" contextid="0" timestamp="2019-06-14T20:40:36.079" intervalms="3328.765" />
<gc-start id="81" type="global mark phase" contextid="80" timestamp="2019-06-14T20:40:36.079">
  <mem-info id="82" free="2097152" total="8388608" percent="25">
    <remembered-set count="3296" freebytes="321664" totalbytes="334848" percent="96" regionsoverflowed="0" regionsstable="0" regionsrebuilding="0"/>
  </mem-info>
</gc-start>
<gc-op id="83" type="mark increment" timems="1.166" contextid="80" timestamp="2019-06-14T20:40:36.080">
  <trace-info objectcount="116" scancount="0" scanbytes="0" />
</gc-op>
<gc-end id="84" type="global mark phase" contextid="80" durationms="1.282" usertimems="4.000" systemtimems="0.000" timestamp="2019-06-14T20:40:36.080" activeThreads="1">
  <mem-info id="85" free="2097152" total="8388608" percent="25">
    <remembered-set count="3296" freebytes="321664" totalbytes="334848" percent="96" regionsoverflowed="0" regionsstable="0" regionsrebuilding="0"/>
  </mem-info>
</gc-end>
<concurrent-start id="86" type="GMP work packet processing" contextid="80" timestamp="2019-06-14T20:40:36.080">
  <concurrent-mark-start scanTarget="18446744073709551615" />
</concurrent-start>
<exclusive-end id="87" timestamp="2019-06-14T20:40:36.080" durationms="1.757" />

<concurrent-end id="88" type="GMP work packet processing" contextid="80" timestamp="2019-06-14T20:40:36.083">
  <concurrent-mark-end bytesScanned="1168160" reasonForTermination="Completed all work in GC phase" />
</concurrent-end>

<exclusive-start id="89" timestamp="2019-06-14T20:40:36.140" intervalms="62.009">
  <response-info timems="0.085" idlems="0.052" threads="1" lastid="0000000001F9FF00" lastname="JIT Compilation Thread-1" />
</exclusive-start>
<allocation-taxation id="90" taxation-threshold="2097152" timestamp="2019-06-14T20:40:36.140" intervalms="61.997" />
<cycle-start id="91" type="partial gc" contextid="0" timestamp="2019-06-14T20:40:36.141" intervalms="133.542" />
<gc-start id="92" type="partial gc" contextid="91" timestamp="2019-06-14T20:40:36.141">
  <mem-info id="93" free="0" total="8388608" percent="0">
    <mem type="eden" free="0" total="4194304" percent="0" />
    <remembered-set count="3296" freebytes="321664" totalbytes="334848" percent="96" regionsoverflowed="0" regionsstable="0" regionsrebuilding="0"/>
  </mem-info>
</gc-start>
<allocation-stats totalBytes="4189680" >
  <allocated-bytes non-tlh="122952" tlh="4066728" arrayletleaf="0"/>
  <largest-consumer threadName="main" threadId="0000000001F98700" bytes="2096240" />
</allocation-stats>
<gc-op id="94" type="mark" timems="2.638" contextid="91" timestamp="2019-06-14T20:40:36.144">
  <trace-info objectcount="15528" scancount="13381" scanbytes="486932" />
  <cardclean-info objects="1776" bytes="81308" />
  <remembered-set-cleared processed="2475" cleared="1099" durationms="0.067" />
  <finalization candidates="12" enqueued="0" />
  <ownableSynchronizers candidates="3" cleared="0" />
  <references type="soft" candidates="441" cleared="0" enqueued="0" dynamicThreshold="8" maxThreshold="32" />
  <references type="weak" candidates="2027" cleared="434" enqueued="286" />
  <references type="phantom" candidates="3" cleared="1" enqueued="1" />
  <stringconstants candidates="6040" cleared="0"  />
  <warning details="Mark invoked due to insufficient free space for Copy-Forward" />
</gc-op>
<gc-op id="95" type="classunload" timems="0.002" contextid="91" timestamp="2019-06-14T20:40:36.144">
  <classunload-info classloadercandidates="11" classloadersunloaded="0" classesunloaded="0" anonymousclassesunloaded="0" quiescems="0.000" setupms="0.002" scanms="0.000" postms="0.000" />
</gc-op>
<gc-op id="96" type="sweep" timems="0.668" contextid="91" timestamp="2019-06-14T20:40:36.145" />
<gc-op id="97" type="compact" timems="2.860" contextid="91" timestamp="2019-06-14T20:40:36.148">
  <compact-info movecount="15452" movebytes="706304" />
  <remembered-set-cleared processed="11882" cleared="9075" durationms="0.082" />
</gc-op>
<heap-resize id="98" type="expand" space="default" amount="1048576" count="1" timems="0.065" reason="insufficient free space following gc" timestamp="2019-06-14T20:40:36.149" />
<gc-end id="99" type="partial gc" contextid="91" durationms="7.968" usertimems="4.000" systemtimems="4.000" timestamp="2019-06-14T20:40:36.149" activeThreads="4">
  <mem-info id="100" free="4194304" total="9437184" percent="44">
    <mem type="eden" free="585224" total="1048576" percent="55" />
    <pending-finalizers system="0" default="0" reference="287" classloader="0" />
    <remembered-set count="5216" freebytes="355840" totalbytes="376704" percent="94" regionsoverflowed="0" regionsstable="0" regionsrebuilding="0"/>
  </mem-info>
</gc-end>
<cycle-end id="101" type="partial gc" contextid="91" timestamp="2019-06-14T20:40:36.149" />
  <attribute name="elasticGC enabled" value="1" />
  <attribute name= "numThreadsSpecified" value="4" />
  <attribute name="heapSize specified" value="0" />
  <attribute name="Current GC Util" value="74" />
  <attribute name= "Current Time Running" value="5835" />
  <attribute name ="GC Interval" value="0" />
  <attribute name="ProportionalT" value="27.000000" />
  <attribute name="ProportionalI" value="27.000000" />
  <attribute name="ProportionalH" value="27.000000" />
  <attribute name="Current Error" value="54.000000" />
  <attribute name="IntegralT" value="0.000000" />
  <attribute name="IntegralI" value="0.000000" />
  <attribute name="IntegralH" value="0.000000" />
  <attribute name="DerivativeT" value="-inf" />
  <attribute name="DerivativeI" value="-inf" />
  <attribute name="DerivativeH" value="-inf" />
  <attribute name="Loop Time for DT" value="0.000000" />
  <attribute name="Output H" value="2091843584"/>
  <attribute name="Output I" value="200"/>
  <attribute name="Output T" value="4"/>
  <attribute name="Target GC Util Change" value ="20.000000" />
  <attribute name="Current GC Util Change" value="74.000000"/>
  <attribute name="GC Util currently" value="74" />
  <attribute name="CPU Util currently" value="5322617374525" />
<exclusive-end id="102" timestamp="2019-06-14T20:40:36.149" durationms="8.809" />

<exclusive-start id="103" timestamp="2019-06-14T20:40:36.228" intervalms="87.317">
  <response-info timems="0.053" idlems="0.053" threads="0" lastid="0000000001F98700" lastname="main" />
</exclusive-start>
<allocation-taxation id="104" taxation-threshold="2097152" timestamp="2019-06-14T20:40:36.228" intervalms="87.347" />
<gc-start id="105" type="global mark phase" contextid="80" timestamp="2019-06-14T20:40:36.228">
  <mem-info id="106" free="2097152" total="9437184" percent="22">
    <remembered-set count="5216" freebytes="355840" totalbytes="376704" percent="94" regionsoverflowed="0" regionsstable="0" regionsrebuilding="0"/>
  </mem-info>
</gc-start>
<gc-op id="107" type="mark increment" timems="1.385" contextid="80" timestamp="2019-06-14T20:40:36.230">
  <trace-info objectcount="18001" scancount="15549" scanbytes="566696" />
  <cardclean-info objects="2675" bytes="120008" />
  <finalization candidates="80" enqueued="0" />
  <ownableSynchronizers candidates="22" cleared="0" />
  <references type="soft" candidates="968" cleared="0" enqueued="0" dynamicThreshold="14" maxThreshold="32" />
  <references type="weak" candidates="3212" cleared="231" enqueued="158" />
  <references type="phantom" candidates="104" cleared="3" enqueued="3" />
  <stringconstants candidates="6222" cleared="0"  />
</gc-op>
<gc-op id="108" type="classunload" timems="0.004" contextid="80" timestamp="2019-06-14T20:40:36.230">
  <classunload-info classloadercandidates="11" classloadersunloaded="0" classesunloaded="0" anonymousclassesunloaded="0" quiescems="0.000" setupms="0.004" scanms="0.000" postms="0.000" />
</gc-op>
<gc-end id="109" type="global mark phase" contextid="80" durationms="1.682" usertimems="0.000" systemtimems="4.000" timestamp="2019-06-14T20:40:36.230" activeThreads="1">
  <mem-info id="110" free="2097152" total="9437184" percent="22">
    <pending-finalizers system="0" default="0" reference="161" classloader="0" />
    <remembered-set count="5216" freebytes="355840" totalbytes="376704" percent="94" regionsoverflowed="0" regionsstable="0" regionsrebuilding="0"/>
  </mem-info>
</gc-end>
<cycle-end id="111" type="global mark phase" contextid="80" timestamp="2019-06-14T20:40:36.230" />
  <attribute name="elasticGC enabled" value="1" />
  <attribute name= "numThreadsSpecified" value="1" />
  <attribute name="heapSize specified" value="0" />
  <attribute name="Current GC Util" value="164" />
  <attribute name= "Current Time Running" value="5919" />
  <attribute name ="GC Interval" value="0" />
  <attribute name="ProportionalT" value="72.000000" />
  <attribute name="ProportionalI" value="72.000000" />
  <attribute name="ProportionalH" value="72.000000" />
  <attribute name="Current Error" value="144.000000" />
  <attribute name="IntegralT" value="0.000000" />
  <attribute name="IntegralI" value="0.000000" />
  <attribute name="IntegralH" value="0.000000" />
  <attribute name="DerivativeT" value="inf" />
  <attribute name="DerivativeI" value="inf" />
  <attribute name="DerivativeH" value="inf" />
  <attribute name="Loop Time for DT" value="0.000000" />
  <attribute name="Output H" value="8388608"/>
  <attribute name="Output I" value="200"/>
  <attribute name="Output T" value="1"/>
  <attribute name="Target GC Util Change" value ="20.000000" />
  <attribute name="Current GC Util Change" value="164.000000"/>
  <attribute name="GC Util currently" value="164" />
  <attribute name="CPU Util currently" value="8255231503855" />
<exclusive-end id="112" timestamp="2019-06-14T20:40:36.230" durationms="2.271" />

<exclusive-start id="113" timestamp="2019-06-14T20:40:36.254" intervalms="25.799">
  <response-info timems="0.028" idlems="0.028" threads="0" lastid="0000000001F98700" lastname="main" />
</exclusive-start>
<allocation-taxation id="114" taxation-threshold="2097152" timestamp="2019-06-14T20:40:36.254" intervalms="25.751" />
<cycle-start id="115" type="partial gc" contextid="0" timestamp="2019-06-14T20:40:36.254" intervalms="113.062" />
<gc-start id="116" type="partial gc" contextid="115" timestamp="2019-06-14T20:40:36.254">
  <mem-info id="117" free="0" total="9437184" percent="0">
    <mem type="eden" free="340504" total="4194304" percent="8" />
    <remembered-set count="5216" freebytes="355840" totalbytes="376704" percent="94" regionsoverflowed="0" regionsstable="0" regionsrebuilding="0"/>
  </mem-info>
</gc-start>
<allocation-stats totalBytes="3826832" >
  <allocated-bytes non-tlh="1151304" tlh="2675528" arrayletleaf="0"/>
  <largest-consumer threadName="main" threadId="0000000001F98700" bytes="1762872" />
</allocation-stats>
<gc-op id="118" type="sweep" timems="0.347" contextid="115" timestamp="2019-06-14T20:40:36.254" />
<gc-op id="119" type="mark" timems="1.805" contextid="115" timestamp="2019-06-14T20:40:36.257">
  <trace-info objectcount="13436" scancount="11378" scanbytes="423168" />
  <cardclean-info objects="1329" bytes="71840" />
  <remembered-set-cleared processed="4112" cleared="1860" durationms="0.080" />
  <finalization candidates="15" enqueued="0" />
  <ownableSynchronizers candidates="5" cleared="0" />
  <references type="soft" candidates="339" cleared="0" enqueued="0" dynamicThreshold="7" maxThreshold="32" />
  <references type="weak" candidates="1527" cleared="1" enqueued="1" />
  <references type="phantom" candidates="7" cleared="0" enqueued="0" />
  <stringconstants candidates="6418" cleared="0"  />
  <warning details="Mark invoked due to insufficient free space for Copy-Forward" />
</gc-op>
<gc-op id="120" type="classunload" timems="0.002" contextid="115" timestamp="2019-06-14T20:40:36.257">
  <classunload-info classloadercandidates="11" classloadersunloaded="0" classesunloaded="0" anonymousclassesunloaded="0" quiescems="0.000" setupms="0.002" scanms="0.000" postms="0.000" />
</gc-op>
<gc-op id="121" type="sweep" timems="0.377" contextid="115" timestamp="2019-06-14T20:40:36.257" />
<gc-op id="122" type="compact" timems="2.744" contextid="115" timestamp="2019-06-14T20:40:36.260">
  <compact-info movecount="11990" movebytes="1384192" />
  <remembered-set-cleared processed="12653" cleared="8129" durationms="0.087" />
</gc-op>
<heap-resize id="123" type="expand" space="default" amount="4194304" count="1" timems="0.071" reason="insufficient free space following gc" timestamp="2019-06-14T20:40:36.261" />
<gc-end id="124" type="partial gc" contextid="115" durationms="6.904" usertimems="4.000" systemtimems="0.000" timestamp="2019-06-14T20:40:36.261" activeThreads="1">
  <mem-info id="125" free="6291456" total="13631488" percent="46">
    <mem type="eden" free="787448" total="2097152" percent="37" />
    <pending-finalizers system="0" default="0" reference="1" classloader="0" />
    <remembered-set count="5760" freebytes="521088" totalbytes="544128" percent="95" regionsoverflowed="0" regionsstable="0" regionsrebuilding="0"/>
  </mem-info>
</gc-end>
<cycle-end id="126" type="partial gc" contextid="115" timestamp="2019-06-14T20:40:36.261" />
  <attribute name="elasticGC enabled" value="1" />
  <attribute name= "numThreadsSpecified" value="1" />
  <attribute name="heapSize specified" value="0" />
  <attribute name="Current GC Util" value="31" />
  <attribute name= "Current Time Running" value="5947" />
  <attribute name ="GC Interval" value="0" />
  <attribute name="ProportionalT" value="5.500000" />
  <attribute name="ProportionalI" value="5.500000" />
  <attribute name="ProportionalH" value="5.500000" />
  <attribute name="Current Error" value="11.000000" />
  <attribute name="IntegralT" value="0.000000" />
  <attribute name="IntegralI" value="0.000000" />
  <attribute name="IntegralH" value="0.000000" />
  <attribute name="DerivativeT" value="inf" />
  <attribute name="DerivativeI" value="inf" />
  <attribute name="DerivativeH" value="inf" />
  <attribute name="Loop Time for DT" value="0.000000" />
  <attribute name="Output H" value="8388608"/>
  <attribute name="Output I" value="200"/>
  <attribute name="Output T" value="1"/>
  <attribute name="Target GC Util Change" value ="20.000000" />
  <attribute name="Current GC Util Change" value="31.000000"/>
  <attribute name="GC Util currently" value="31" />
  <attribute name="CPU Util currently" value="7780337311722" />
<exclusive-end id="127" timestamp="2019-06-14T20:40:36.261" durationms="7.524" />

<exclusive-start id="128" timestamp="2019-06-14T20:40:36.353" intervalms="99.700">
  <response-info timems="0.055" idlems="0.055" threads="0" lastid="0000000001F98700" lastname="main" />
</exclusive-start>
<allocation-taxation id="129" taxation-threshold="3145728" timestamp="2019-06-14T20:40:36.353" intervalms="99.724" />
<cycle-start id="130" type="global mark phase" contextid="0" timestamp="2019-06-14T20:40:36.353" intervalms="274.812" />
<gc-start id="131" type="global mark phase" contextid="130" timestamp="2019-06-14T20:40:36.353">
  <mem-info id="132" free="3145728" total="13631488" percent="23">
    <remembered-set count="5696" freebytes="521344" totalbytes="544128" percent="95" regionsoverflowed="0" regionsstable="0" regionsrebuilding="0"/>
  </mem-info>
</gc-start>
<gc-op id="133" type="mark increment" timems="0.483" contextid="130" timestamp="2019-06-14T20:40:36.354">
  <trace-info objectcount="167" scancount="0" scanbytes="0" />
</gc-op>
<gc-end id="134" type="global mark phase" contextid="130" durationms="0.601" usertimems="0.000" systemtimems="0.000" timestamp="2019-06-14T20:40:36.354" activeThreads="1">
  <mem-info id="135" free="3145728" total="13631488" percent="23">
    <remembered-set count="5696" freebytes="521344" totalbytes="544128" percent="95" regionsoverflowed="0" regionsstable="0" regionsrebuilding="0"/>
  </mem-info>
</gc-end>
<concurrent-start id="136" type="GMP work packet processing" contextid="130" timestamp="2019-06-14T20:40:36.354">
  <concurrent-mark-start scanTarget="18446744073709551615" />
</concurrent-start>
<concurrent-end id="137" type="GMP work packet processing" contextid="130" timestamp="2019-06-14T20:40:36.358">
  <concurrent-mark-end bytesScanned="1732968" reasonForTermination="Completed all work in GC phase" />
</concurrent-end>

<exclusive-end id="138" timestamp="2019-06-14T20:40:36.358" durationms="4.764" />

<exclusive-start id="139" timestamp="2019-06-14T20:40:36.425" intervalms="71.334">
  <response-info timems="0.032" idlems="0.032" threads="0" lastid="0000000001F98700" lastname="main" />
</exclusive-start>
<allocation-taxation id="140" taxation-threshold="3145728" timestamp="2019-06-14T20:40:36.425" intervalms="71.332" />
<cycle-start id="141" type="partial gc" contextid="0" timestamp="2019-06-14T20:40:36.425" intervalms="171.056" />
<gc-start id="142" type="partial gc" contextid="141" timestamp="2019-06-14T20:40:36.425">
  <mem-info id="143" free="0" total="13631488" percent="0">
    <mem type="eden" free="0" total="6291456" percent="0" />
    <remembered-set count="5696" freebytes="521344" totalbytes="544128" percent="95" regionsoverflowed="0" regionsstable="0" regionsrebuilding="0"/>
  </mem-info>
</gc-start>
<allocation-stats totalBytes="6263800" >
  <allocated-bytes non-tlh="353192" tlh="5910608" arrayletleaf="0"/>
  <largest-consumer threadName="main" threadId="0000000001F98700" bytes="3141984" />
</allocation-stats>
<gc-op id="144" type="mark" timems="1.830" contextid="141" timestamp="2019-06-14T20:40:36.427">
  <trace-info objectcount="13272" scancount="10372" scanbytes="432184" />
  <cardclean-info objects="1045" bytes="63008" />
  <remembered-set-cleared processed="4664" cleared="783" durationms="0.086" />
  <finalization candidates="6" enqueued="0" />
  <ownableSynchronizers candidates="2" cleared="0" />
  <references type="soft" candidates="160" cleared="0" enqueued="0" dynamicThreshold="7" maxThreshold="32" />
  <references type="weak" candidates="697" cleared="2" enqueued="2" />
  <references type="phantom" candidates="5" cleared="0" enqueued="0" />
  <stringconstants candidates="7187" cleared="0"  />
  <warning details="Mark invoked due to insufficient free space for Copy-Forward" />
</gc-op>
<gc-op id="145" type="classunload" timems="0.002" contextid="141" timestamp="2019-06-14T20:40:36.427">
  <classunload-info classloadercandidates="11" classloadersunloaded="0" classesunloaded="0" anonymousclassesunloaded="0" quiescems="0.000" setupms="0.002" scanms="0.000" postms="0.000" />
</gc-op>
<gc-op id="146" type="sweep" timems="0.313" contextid="141" timestamp="2019-06-14T20:40:36.428" />
<gc-op id="147" type="compact" timems="1.520" contextid="141" timestamp="2019-06-14T20:40:36.429">
  <compact-info movecount="13245" movebytes="1124096" />
  <remembered-set-cleared processed="12737" cleared="4919" durationms="0.086" />
</gc-op>
<gc-end id="148" type="partial gc" contextid="141" durationms="4.752" usertimems="4.000" systemtimems="4.000" timestamp="2019-06-14T20:40:36.430" activeThreads="4">
  <mem-info id="149" free="6291456" total="13631488" percent="46">
    <mem type="eden" free="622704" total="1048576" percent="59" />
    <pending-finalizers system="0" default="0" reference="2" classloader="0" />
    <remembered-set count="7232" freebytes="515200" totalbytes="544128" percent="94" regionsoverflowed="0" regionsstable="0" regionsrebuilding="0"/>
  </mem-info>
</gc-end>
<cycle-end id="150" type="partial gc" contextid="141" timestamp="2019-06-14T20:40:36.430" />
  <attribute name="elasticGC enabled" value="1" />
  <attribute name= "numThreadsSpecified" value="4" />
  <attribute name="heapSize specified" value="0" />
  <attribute name="Current GC Util" value="33" />
  <attribute name= "Current Time Running" value="6118" />
  <attribute name ="GC Interval" value="0" />
  <attribute name="ProportionalT" value="6.500000" />
  <attribute name="ProportionalI" value="6.500000" />
  <attribute name="ProportionalH" value="6.500000" />
  <attribute name="Current Error" value="13.000000" />
  <attribute name="IntegralT" value="13.000000" />
  <attribute name="IntegralI" value="13.000000" />
  <attribute name="IntegralH" value="13.000000" />
  <attribute name="DerivativeT" value="6.500000" />
  <attribute name="DerivativeI" value="6.500000" />
  <attribute name="DerivativeH" value="6.500000" />
  <attribute name="Loop Time for DT" value="1.000000" />
  <attribute name="Output H" value="8388608"/>
  <attribute name="Output I" value="200"/>
  <attribute name="Output T" value="4"/>
  <attribute name="Target GC Util Change" value ="20.000000" />
  <attribute name="Current GC Util Change" value="33.000000"/>
  <attribute name="GC Util currently" value="33" />
  <attribute name="CPU Util currently" value="8849855051435" />
<exclusive-end id="151" timestamp="2019-06-14T20:40:36.430" durationms="5.380" />

<exclusive-start id="152" timestamp="2019-06-14T20:40:36.489" intervalms="64.752">
  <response-info timems="0.027" idlems="0.027" threads="0" lastid="0000000001F98700" lastname="main" />
</exclusive-start>
<allocation-taxation id="153" taxation-threshold="3145728" timestamp="2019-06-14T20:40:36.489" intervalms="64.753" />
<gc-start id="154" type="global mark phase" contextid="130" timestamp="2019-06-14T20:40:36.489">
  <mem-info id="155" free="3145728" total="13631488" percent="23">
    <remembered-set count="7200" freebytes="515328" totalbytes="544128" percent="94" regionsoverflowed="0" regionsstable="0" regionsrebuilding="0"/>
  </mem-info>
</gc-start>
<gc-op id="156" type="mark increment" timems="2.451" contextid="130" timestamp="2019-06-14T20:40:36.492">
  <trace-info objectcount="16716" scancount="13417" scanbytes="544960" />
  <cardclean-info objects="1999" bytes="105132" />
  <finalization candidates="80" enqueued="0" />
  <ownableSynchronizers candidates="22" cleared="0" />
  <references type="soft" candidates="1022" cleared="0" enqueued="0" dynamicThreshold="14" maxThreshold="32" />
  <references type="weak" candidates="3673" cleared="0" enqueued="0" />
  <references type="phantom" candidates="101" cleared="0" enqueued="0" />
  <stringconstants candidates="7387" cleared="0"  />
</gc-op>
<gc-op id="157" type="classunload" timems="0.005" contextid="130" timestamp="2019-06-14T20:40:36.492">
  <classunload-info classloadercandidates="11" classloadersunloaded="0" classesunloaded="0" anonymousclassesunloaded="0" quiescems="0.000" setupms="0.005" scanms="0.000" postms="0.000" />
</gc-op>
<gc-end id="158" type="global mark phase" contextid="130" durationms="2.793" usertimems="0.000" systemtimems="4.000" timestamp="2019-06-14T20:40:36.492" activeThreads="4">
  <mem-info id="159" free="3145728" total="13631488" percent="23">
    <remembered-set count="7200" freebytes="515328" totalbytes="544128" percent="94" regionsoverflowed="0" regionsstable="0" regionsrebuilding="0"/>
  </mem-info>
</gc-end>
<cycle-end id="160" type="global mark phase" contextid="130" timestamp="2019-06-14T20:40:36.492" />
  <attribute name="elasticGC enabled" value="1" />
  <attribute name= "numThreadsSpecified" value="4" />
  <attribute name="heapSize specified" value="0" />
  <attribute name="Current GC Util" value="0" />
  <attribute name= "Current Time Running" value="6181" />
  <attribute name ="GC Interval" value="0" />
  <attribute name="ProportionalT" value="-10.000000" />
  <attribute name="ProportionalI" value="-10.000000" />
  <attribute name="ProportionalH" value="-10.000000" />
  <attribute name="Current Error" value="-20.000000" />
  <attribute name="IntegralT" value="-20.000000" />
  <attribute name="IntegralI" value="-20.000000" />
  <attribute name="IntegralH" value="-20.000000" />
  <attribute name="DerivativeT" value="-53.000000" />
  <attribute name="DerivativeI" value="-53.000000" />
  <attribute name="DerivativeH" value="-53.000000" />
  <attribute name="Loop Time for DT" value="1.000000" />
  <attribute name="Output H" value="2091843584"/>
  <attribute name="Output I" value="200"/>
  <attribute name="Output T" value="4"/>
  <attribute name="Target GC Util Change" value ="20.000000" />
  <attribute name="Current GC Util Change" value="0.000000"/>
  <attribute name="GC Util currently" value="0" />
  <attribute name="CPU Util currently" value="4664101185559" />
<exclusive-end id="161" timestamp="2019-06-14T20:40:36.493" durationms="3.214" />

<exclusive-start id="162" timestamp="2019-06-14T20:40:36.527" intervalms="37.618">
  <response-info timems="0.068" idlems="0.068" threads="0" lastid="0000000001F98700" lastname="main" />
</exclusive-start>
<allocation-taxation id="163" taxation-threshold="3145728" timestamp="2019-06-14T20:40:36.527" intervalms="37.607" />
<cycle-start id="164" type="partial gc" contextid="0" timestamp="2019-06-14T20:40:36.527" intervalms="102.403" />
<gc-start id="165" type="partial gc" contextid="164" timestamp="2019-06-14T20:40:36.527">
  <mem-info id="166" free="0" total="13631488" percent="0">
    <mem type="eden" free="0" total="6291456" percent="0" />
    <remembered-set count="7200" freebytes="515328" totalbytes="544128" percent="94" regionsoverflowed="0" regionsstable="0" regionsrebuilding="0"/>
  </mem-info>
</gc-start>
<allocation-stats totalBytes="6288256" >
  <allocated-bytes non-tlh="45728" tlh="6242528" arrayletleaf="0"/>
  <largest-consumer threadName="main" threadId="0000000001F98700" bytes="3145008" />
</allocation-stats>
<gc-op id="167" type="sweep" timems="0.408" contextid="164" timestamp="2019-06-14T20:40:36.528" />
<gc-op id="168" type="mark" timems="1.834" contextid="164" timestamp="2019-06-14T20:40:36.530">
  <trace-info objectcount="17227" scancount="14242" scanbytes="576124" />
  <cardclean-info objects="507" bytes="23240" />
  <remembered-set-cleared processed="5978" cleared="1369" durationms="0.070" />
  <references type="soft" candidates="54" cleared="0" enqueued="0" dynamicThreshold="7" maxThreshold="32" />
  <references type="weak" candidates="850" cleared="0" enqueued="0" />
  <stringconstants candidates="7449" cleared="0"  />
  <warning details="Mark invoked due to insufficient free space for Copy-Forward" />
</gc-op>
<gc-op id="169" type="classunload" timems="0.002" contextid="164" timestamp="2019-06-14T20:40:36.530">
  <classunload-info classloadercandidates="11" classloadersunloaded="0" classesunloaded="0" anonymousclassesunloaded="0" quiescems="0.000" setupms="0.002" scanms="0.000" postms="0.000" />
</gc-op>
<gc-op id="170" type="sweep" timems="0.366" contextid="164" timestamp="2019-06-14T20:40:36.531" />
<gc-op id="171" type="compact" timems="2.182" contextid="164" timestamp="2019-06-14T20:40:36.533">
  <compact-info movecount="17115" movebytes="708128" />
  <remembered-set-cleared processed="15491" cleared="6259" durationms="0.071" />
</gc-op>
<gc-end id="172" type="partial gc" contextid="164" durationms="6.181" usertimems="4.000" systemtimems="4.000" timestamp="2019-06-14T20:40:36.533" activeThreads="4">
  <mem-info id="173" free="5242880" total="13631488" percent="38">
    <mem type="eden" free="752712" total="1048576" percent="71" />
    <remembered-set count="8544" freebytes="509952" totalbytes="544128" percent="93" regionsoverflowed="0" regionsstable="0" regionsrebuilding="0"/>
  </mem-info>
</gc-end>
<cycle-end id="174" type="partial gc" contextid="164" timestamp="2019-06-14T20:40:36.534" />
  <attribute name="elasticGC enabled" value="1" />
  <attribute name= "numThreadsSpecified" value="4" />
  <attribute name="heapSize specified" value="0" />
  <attribute name="Current GC Util" value="30" />
  <attribute name= "Current Time Running" value="6221" />
  <attribute name ="GC Interval" value="0" />
  <attribute name="ProportionalT" value="5.000000" />
  <attribute name="ProportionalI" value="5.000000" />
  <attribute name="ProportionalH" value="5.000000" />
  <attribute name="Current Error" value="10.000000" />
  <attribute name="IntegralT" value="10.000000" />
  <attribute name="IntegralI" value="10.000000" />
  <attribute name="IntegralH" value="10.000000" />
  <attribute name="DerivativeT" value="-37.500000" />
  <attribute name="DerivativeI" value="-37.500000" />
  <attribute name="DerivativeH" value="-37.500000" />
  <attribute name="Loop Time for DT" value="1.000000" />
  <attribute name="Output H" value="2091843584"/>
  <attribute name="Output I" value="200"/>
  <attribute name="Output T" value="4"/>
  <attribute name="Target GC Util Change" value ="20.000000" />
  <attribute name="Current GC Util Change" value="30.000000"/>
  <attribute name="GC Util currently" value="30" />
  <attribute name="CPU Util currently" value="7709593373674" />
<exclusive-end id="175" timestamp="2019-06-14T20:40:36.534" durationms="6.969" />

<exclusive-start id="176" timestamp="2019-06-14T20:40:36.602" intervalms="74.895">
  <response-info timems="0.075" idlems="0.075" threads="0" lastid="0000000001F98700" lastname="main" />
</exclusive-start>
<allocation-taxation id="177" taxation-threshold="5242880" timestamp="2019-06-14T20:40:36.602" intervalms="75.016" />
<cycle-start id="178" type="partial gc" contextid="0" timestamp="2019-06-14T20:40:36.602" intervalms="75.051" />
<gc-start id="179" type="partial gc" contextid="178" timestamp="2019-06-14T20:40:36.602">
  <mem-info id="180" free="0" total="13631488" percent="0">
    <mem type="eden" free="0" total="5242880" percent="0" />
    <remembered-set count="8512" freebytes="510080" totalbytes="544128" percent="93" regionsoverflowed="0" regionsstable="0" regionsrebuilding="0"/>
  </mem-info>
</gc-start>
<allocation-stats totalBytes="5241288" >
  <allocated-bytes non-tlh="50752" tlh="5190536" arrayletleaf="0"/>
  <largest-consumer threadName="main" threadId="0000000001F98700" bytes="5241288" />
</allocation-stats>
<gc-op id="181" type="mark" timems="1.995" contextid="178" timestamp="2019-06-14T20:40:36.605">
  <trace-info objectcount="15790" scancount="13386" scanbytes="529432" />
  <cardclean-info objects="3213" bytes="166312" />
  <remembered-set-cleared processed="7333" cleared="1817" durationms="0.110" />
  <references type="soft" candidates="2" cleared="0" enqueued="0" dynamicThreshold="12" maxThreshold="32" />
  <references type="weak" candidates="517" cleared="5" enqueued="5" />
  <stringconstants candidates="7637" cleared="0"  />
  <warning details="Mark invoked due to insufficient free space for Copy-Forward" />
</gc-op>
<gc-op id="182" type="classunload" timems="0.002" contextid="178" timestamp="2019-06-14T20:40:36.605">
  <classunload-info classloadercandidates="11" classloadersunloaded="0" classesunloaded="0" anonymousclassesunloaded="0" quiescems="0.000" setupms="0.002" scanms="0.000" postms="0.000" />
</gc-op>
<gc-op id="183" type="sweep" timems="0.423" contextid="178" timestamp="2019-06-14T20:40:36.606" />
<gc-op id="184" type="compact" timems="1.920" contextid="178" timestamp="2019-06-14T20:40:36.608">
  <compact-info movecount="11906" movebytes="523824" />
  <remembered-set-cleared processed="18201" cleared="7141" durationms="0.110" />
</gc-op>
<heap-resize id="185" type="expand" space="default" amount="2097152" count="1" timems="0.070" reason="insufficient free space following gc" timestamp="2019-06-14T20:40:36.608" />
<gc-end id="186" type="partial gc" contextid="178" durationms="5.919" usertimems="8.000" systemtimems="0.000" timestamp="2019-06-14T20:40:36.608" activeThreads="4">
  <mem-info id="187" free="6291456" total="15728640" percent="40">
    <mem type="eden" free="666336" total="1048576" percent="63" />
    <pending-finalizers system="0" default="0" reference="5" classloader="0" />
    <remembered-set count="10048" freebytes="587648" totalbytes="627840" percent="93" regionsoverflowed="0" regionsstable="0" regionsrebuilding="0"/>
  </mem-info>
</gc-end>
<cycle-end id="188" type="partial gc" contextid="178" timestamp="2019-06-14T20:40:36.609" />
  <attribute name="elasticGC enabled" value="1" />
  <attribute name= "numThreadsSpecified" value="4" />
  <attribute name="heapSize specified" value="0" />
  <attribute name="Current GC Util" value="39" />
  <attribute name= "Current Time Running" value="6296" />
  <attribute name ="GC Interval" value="0" />
  <attribute name="ProportionalT" value="9.500000" />
  <attribute name="ProportionalI" value="9.500000" />
  <attribute name="ProportionalH" value="9.500000" />
  <attribute name="Current Error" value="19.000000" />
  <attribute name="IntegralT" value="19.000000" />
  <attribute name="IntegralI" value="19.000000" />
  <attribute name="IntegralH" value="19.000000" />
  <attribute name="DerivativeT" value="9.500000" />
  <attribute name="DerivativeI" value="9.500000" />
  <attribute name="DerivativeH" value="9.500000" />
  <attribute name="Loop Time for DT" value="1.000000" />
  <attribute name="Output H" value="8388608"/>
  <attribute name="Output I" value="200"/>
  <attribute name="Output T" value="4"/>
  <attribute name="Target GC Util Change" value ="20.000000" />
  <attribute name="Current GC Util Change" value="39.000000"/>
  <attribute name="GC Util currently" value="39" />
  <attribute name="CPU Util currently" value="7235821979314" />
<exclusive-end id="189" timestamp="2019-06-14T20:40:36.609" durationms="6.882" />

<exclusive-start id="190" timestamp="2019-06-14T20:40:36.688" intervalms="86.235">
  <response-info timems="0.024" idlems="0.024" threads="0" lastid="0000000001F98700" lastname="main" />
</exclusive-start>
<allocation-taxation id="191" taxation-threshold="6291456" timestamp="2019-06-14T20:40:36.688" intervalms="86.156" />
<cycle-start id="192" type="partial gc" contextid="0" timestamp="2019-06-14T20:40:36.688" intervalms="86.112" />
<gc-start id="193" type="partial gc" contextid="192" timestamp="2019-06-14T20:40:36.689">
  <mem-info id="194" free="0" total="15728640" percent="0">
    <mem type="eden" free="0" total="6291456" percent="0" />
    <remembered-set count="10048" freebytes="587648" totalbytes="627840" percent="93" regionsoverflowed="0" regionsstable="0" regionsrebuilding="0"/>
  </mem-info>
</gc-start>
<allocation-stats totalBytes="6289152" >
  <allocated-bytes non-tlh="226896" tlh="6062256" arrayletleaf="0"/>
  <largest-consumer threadName="main" threadId="0000000001F98700" bytes="6289152" />
</allocation-stats>
<gc-op id="195" type="mark" timems="1.945" contextid="192" timestamp="2019-06-14T20:40:36.691">
  <trace-info objectcount="14915" scancount="13296" scanbytes="575916" />
  <cardclean-info objects="1821" bytes="95492" />
  <remembered-set-cleared processed="8462" cleared="1427" durationms="0.124" />
  <references type="soft" candidates="73" cleared="0" enqueued="0" dynamicThreshold="12" maxThreshold="32" />
  <references type="weak" candidates="202" cleared="0" enqueued="0" />
  <references type="phantom" candidates="1" cleared="0" enqueued="0" />
  <stringconstants candidates="7846" cleared="0"  />
  <warning details="Mark invoked due to insufficient free space for Copy-Forward" />
</gc-op>
<gc-op id="196" type="classunload" timems="0.003" contextid="192" timestamp="2019-06-14T20:40:36.691">
  <classunload-info classloadercandidates="12" classloadersunloaded="0" classesunloaded="0" anonymousclassesunloaded="0" quiescems="0.000" setupms="0.002" scanms="0.000" postms="0.000" />
</gc-op>
<gc-op id="197" type="sweep" timems="0.439" contextid="192" timestamp="2019-06-14T20:40:36.692" />
<gc-op id="198" type="compact" timems="1.812" contextid="192" timestamp="2019-06-14T20:40:36.694">
  <compact-info movecount="14613" movebytes="1001800" />
  <remembered-set-cleared processed="19848" cleared="5742" durationms="0.124" />
</gc-op>
<heap-resize id="199" type="expand" space="default" amount="1048576" count="1" timems="0.062" reason="insufficient free space following gc" timestamp="2019-06-14T20:40:36.694" />
<gc-end id="200" type="partial gc" contextid="192" durationms="5.818" usertimems="8.000" systemtimems="0.000" timestamp="2019-06-14T20:40:36.694" activeThreads="4">
  <mem-info id="201" free="6291456" total="16777216" percent="37">
    <mem type="eden" free="176976" total="1048576" percent="16" />
    <remembered-set count="11168" freebytes="625024" totalbytes="669696" percent="93" regionsoverflowed="0" regionsstable="0" regionsrebuilding="0"/>
  </mem-info>
</gc-end>
<cycle-end id="202" type="partial gc" contextid="192" timestamp="2019-06-14T20:40:36.694" />
  <attribute name="elasticGC enabled" value="1" />
  <attribute name= "numThreadsSpecified" value="4" />
  <attribute name="heapSize specified" value="0" />
  <attribute name="Current GC Util" value="29" />
  <attribute name= "Current Time Running" value="6382" />
  <attribute name ="GC Interval" value="0" />
  <attribute name="ProportionalT" value="4.500000" />
  <attribute name="ProportionalI" value="4.500000" />
  <attribute name="ProportionalH" value="4.500000" />
  <attribute name="Current Error" value="9.000000" />
  <attribute name="IntegralT" value="9.000000" />
  <attribute name="IntegralI" value="9.000000" />
  <attribute name="IntegralH" value="9.000000" />
  <attribute name="DerivativeT" value="4.500000" />
  <attribute name="DerivativeI" value="4.500000" />
  <attribute name="DerivativeH" value="4.500000" />
  <attribute name="Loop Time for DT" value="1.000000" />
  <attribute name="Output H" value="8388608"/>
  <attribute name="Output I" value="200"/>
  <attribute name="Output T" value="4"/>
  <attribute name="Target GC Util Change" value ="20.000000" />
  <attribute name="Current GC Util Change" value="29.000000"/>
  <attribute name="GC Util currently" value="29" />
  <attribute name="CPU Util currently" value="6744784964154" />
<exclusive-end id="203" timestamp="2019-06-14T20:40:36.695" durationms="6.550" />

<exclusive-start id="204" timestamp="2019-06-14T20:40:36.739" intervalms="50.994">
  <response-info timems="0.067" idlems="0.067" threads="0" lastid="0000000001F98700" lastname="main" />
</exclusive-start>
<allocation-taxation id="205" taxation-threshold="6291456" timestamp="2019-06-14T20:40:36.739" intervalms="51.021" />
<cycle-start id="206" type="partial gc" contextid="0" timestamp="2019-06-14T20:40:36.739" intervalms="51.022" />
<gc-start id="207" type="partial gc" contextid="206" timestamp="2019-06-14T20:40:36.740">
  <mem-info id="208" free="0" total="16777216" percent="0">
    <mem type="eden" free="0" total="6291456" percent="0" />
    <remembered-set count="10848" freebytes="626304" totalbytes="669696" percent="93" regionsoverflowed="0" regionsstable="0" regionsrebuilding="0"/>
  </mem-info>
</gc-start>
<allocation-stats totalBytes="6290304" >
  <allocated-bytes non-tlh="2168" tlh="6288136" arrayletleaf="0"/>
  <largest-consumer threadName="main" threadId="0000000001F98700" bytes="6290304" />
</allocation-stats>
<gc-op id="209" type="mark" timems="1.941" contextid="206" timestamp="2019-06-14T20:40:36.742">
  <trace-info objectcount="20169" scancount="17546" scanbytes="677496" />
  <cardclean-info objects="442" bytes="33400" />
  <remembered-set-cleared processed="9396" cleared="1218" durationms="0.131" />
  <references type="soft" candidates="71" cleared="0" enqueued="0" dynamicThreshold="12" maxThreshold="32" />
  <references type="weak" candidates="100" cleared="0" enqueued="0" />
  <stringconstants candidates="7862" cleared="0"  />
  <warning details="Mark invoked due to insufficient free space for Copy-Forward" />
</gc-op>
<gc-op id="210" type="classunload" timems="0.003" contextid="206" timestamp="2019-06-14T20:40:36.742">
  <classunload-info classloadercandidates="12" classloadersunloaded="0" classesunloaded="0" anonymousclassesunloaded="0" quiescems="0.000" setupms="0.002" scanms="0.000" postms="0.000" />
</gc-op>
<gc-op id="211" type="sweep" timems="0.364" contextid="206" timestamp="2019-06-14T20:40:36.743" />
<gc-op id="212" type="compact" timems="2.194" contextid="206" timestamp="2019-06-14T20:40:36.745">
  <compact-info movecount="19871" movebytes="921176" />
  <remembered-set-cleared processed="21830" cleared="5452" durationms="0.131" />
</gc-op>
<heap-resize id="213" type="expand" space="default" amount="3145728" count="1" timems="0.066" reason="insufficient free space following gc" timestamp="2019-06-14T20:40:36.745" />
<gc-end id="214" type="partial gc" contextid="206" durationms="6.026" usertimems="8.000" systemtimems="0.000" timestamp="2019-06-14T20:40:36.746" activeThreads="4">
  <mem-info id="215" free="8388608" total="19922944" percent="42">
    <mem type="eden" free="509944" total="1048576" percent="48" />
    <remembered-set count="12928" freebytes="743552" totalbytes="795264" percent="93" regionsoverflowed="0" regionsstable="0" regionsrebuilding="0"/>
  </mem-info>
</gc-end>
<cycle-end id="216" type="partial gc" contextid="206" timestamp="2019-06-14T20:40:36.746" />
  <attribute name="elasticGC enabled" value="1" />
  <attribute name= "numThreadsSpecified" value="4" />
  <attribute name="heapSize specified" value="0" />
  <attribute name="Current GC Util" value="38" />
  <attribute name= "Current Time Running" value="6433" />
  <attribute name ="GC Interval" value="0" />
  <attribute name="ProportionalT" value="9.000000" />
  <attribute name="ProportionalI" value="9.000000" />
  <attribute name="ProportionalH" value="9.000000" />
  <attribute name="Current Error" value="18.000000" />
  <attribute name="IntegralT" value="18.000000" />
  <attribute name="IntegralI" value="18.000000" />
  <attribute name="IntegralH" value="18.000000" />
  <attribute name="DerivativeT" value="9.000000" />
  <attribute name="DerivativeI" value="9.000000" />
  <attribute name="DerivativeH" value="9.000000" />
  <attribute name="Loop Time for DT" value="1.000000" />
  <attribute name="Output H" value="8388608"/>
  <attribute name="Output I" value="200"/>
  <attribute name="Output T" value="4"/>
  <attribute name="Target GC Util Change" value ="20.000000" />
  <attribute name="Current GC Util Change" value="38.000000"/>
  <attribute name="GC Util currently" value="38" />
  <attribute name="CPU Util currently" value="8029386238966" />
<exclusive-end id="217" timestamp="2019-06-14T20:40:36.746" durationms="6.843" />

<exclusive-start id="218" timestamp="2019-06-14T20:40:36.832" intervalms="92.476">
  <response-info timems="0.022" idlems="0.022" threads="0" lastid="0000000001F98700" lastname="main" />
</exclusive-start>
<allocation-taxation id="219" taxation-threshold="8388608" timestamp="2019-06-14T20:40:36.832" intervalms="92.471" />
<cycle-start id="220" type="partial gc" contextid="0" timestamp="2019-06-14T20:40:36.832" intervalms="92.475" />
<gc-start id="221" type="partial gc" contextid="220" timestamp="2019-06-14T20:40:36.832">
  <mem-info id="222" free="0" total="19922944" percent="0">
    <mem type="eden" free="0" total="8388608" percent="0" />
    <remembered-set count="12768" freebytes="744192" totalbytes="795264" percent="93" regionsoverflowed="0" regionsstable="0" regionsrebuilding="0"/>
  </mem-info>
</gc-start>
<allocation-stats totalBytes="8386552" >
  <allocated-bytes non-tlh="259088" tlh="8127464" arrayletleaf="0"/>
  <largest-consumer threadName="main" threadId="0000000001F98700" bytes="8386552" />
</allocation-stats>
<gc-op id="223" type="mark" timems="1.791" contextid="220" timestamp="2019-06-14T20:40:36.834">
  <trace-info objectcount="25033" scancount="22513" scanbytes="880800" />
  <cardclean-info objects="1382" bytes="79896" />
  <remembered-set-cleared processed="10955" cleared="2014" durationms="0.127" />
  <references type="soft" candidates="224" cleared="0" enqueued="0" dynamicThreshold="13" maxThreshold="32" />
  <references type="weak" candidates="426" cleared="8" enqueued="7" />
  <references type="phantom" candidates="1" cleared="0" enqueued="0" />
  <stringconstants candidates="8309" cleared="0"  />
  <warning details="Mark invoked due to insufficient free space for Copy-Forward" />
</gc-op>
<gc-op id="224" type="classunload" timems="0.003" contextid="220" timestamp="2019-06-14T20:40:36.835">
  <classunload-info classloadercandidates="14" classloadersunloaded="0" classesunloaded="0" anonymousclassesunloaded="0" quiescems="0.000" setupms="0.003" scanms="0.000" postms="0.000" />
</gc-op>
<gc-op id="225" type="sweep" timems="0.427" contextid="220" timestamp="2019-06-14T20:40:36.835" />
<gc-op id="226" type="compact" timems="2.313" contextid="220" timestamp="2019-06-14T20:40:36.838">
  <compact-info movecount="18427" movebytes="1101312" />
  <remembered-set-cleared processed="27354" cleared="9440" durationms="0.127" />
</gc-op>
<gc-end id="227" type="partial gc" contextid="220" durationms="5.951" usertimems="8.000" systemtimems="4.000" timestamp="2019-06-14T20:40:36.838" activeThreads="4">
  <mem-info id="228" free="7340032" total="19922944" percent="36">
    <mem type="eden" free="9856" total="1048576" percent="0" />
    <pending-finalizers system="0" default="0" reference="7" classloader="0" />
    <remembered-set count="14720" freebytes="736384" totalbytes="795264" percent="92" regionsoverflowed="0" regionsstable="0" regionsrebuilding="0"/>
  </mem-info>
</gc-end>
<cycle-end id="229" type="partial gc" contextid="220" timestamp="2019-06-14T20:40:36.838" />
  <attribute name="elasticGC enabled" value="1" />
  <attribute name= "numThreadsSpecified" value="4" />
  <attribute name="heapSize specified" value="0" />
  <attribute name="Current GC Util" value="31" />
  <attribute name= "Current Time Running" value="6525" />
  <attribute name ="GC Interval" value="0" />
  <attribute name="ProportionalT" value="5.500000" />
  <attribute name="ProportionalI" value="5.500000" />
  <attribute name="ProportionalH" value="5.500000" />
  <attribute name="Current Error" value="11.000000" />
  <attribute name="IntegralT" value="0.000000" />
  <attribute name="IntegralI" value="0.000000" />
  <attribute name="IntegralH" value="0.000000" />
  <attribute name="DerivativeT" value="-inf" />
  <attribute name="DerivativeI" value="-inf" />
  <attribute name="DerivativeH" value="-inf" />
  <attribute name="Loop Time for DT" value="0.000000" />
  <attribute name="Output H" value="2091843584"/>
  <attribute name="Output I" value="200"/>
  <attribute name="Output T" value="4"/>
  <attribute name="Target GC Util Change" value ="20.000000" />
  <attribute name="Current GC Util Change" value="31.000000"/>
  <attribute name="GC Util currently" value="31" />
  <attribute name="CPU Util currently" value="6863812824050" />
<exclusive-end id="230" timestamp="2019-06-14T20:40:36.838" durationms="6.875" />

<exclusive-start id="231" timestamp="2019-06-14T20:40:36.928" intervalms="96.509">
  <response-info timems="0.019" idlems="0.019" threads="0" lastid="0000000001F98700" lastname="main" />
</exclusive-start>
<sys-start reason="explicit" id="232" timestamp="2019-06-14T20:40:36.928" intervalms="6732.863" />
<cycle-start id="233" type="global garbage collect" contextid="0" timestamp="2019-06-14T20:40:36.928" intervalms="6732.958" />
<gc-start id="234" type="global garbage collect" contextid="233" timestamp="2019-06-14T20:40:36.929">
  <mem-info id="235" free="318480" total="19922944" percent="1">
    <mem type="eden" free="318480" total="7340032" percent="4" />
    <remembered-set count="14592" freebytes="736896" totalbytes="795264" percent="92" regionsoverflowed="0" regionsstable="0" regionsrebuilding="0"/>
  </mem-info>
</gc-start>
<allocation-stats totalBytes="7019160" >
  <allocated-bytes non-tlh="432448" tlh="6586712" arrayletleaf="0"/>
  <largest-consumer threadName="main" threadId="0000000001F98700" bytes="7019160" />
</allocation-stats>
<gc-op id="236" type="global mark" timems="4.446" contextid="233" timestamp="2019-06-14T20:40:36.933">
  <trace-info objectcount="74580" scancount="60841" scanbytes="2101108" />
  <finalization candidates="80" enqueued="0" />
  <ownableSynchronizers candidates="22" cleared="0" />
  <references type="soft" candidates="1640" cleared="0" enqueued="0" dynamicThreshold="11" maxThreshold="32" />
  <references type="weak" candidates="4523" cleared="32" enqueued="30" />
  <references type="phantom" candidates="102" cleared="2" enqueued="2" />
  <stringconstants candidates="8680" cleared="15"  />
</gc-op>
<gc-op id="237" type="classunload" timems="0.363" contextid="233" timestamp="2019-06-14T20:40:36.934">
  <classunload-info classloadercandidates="17" classloadersunloaded="1" classesunloaded="1" anonymousclassesunloaded="0" quiescems="0.000" setupms="0.351" scanms="0.008" postms="0.003" />
</gc-op>
<gc-op id="238" type="sweep" timems="0.861" contextid="233" timestamp="2019-06-14T20:40:36.935" />
<gc-op id="239" type="compact" timems="6.700" contextid="233" timestamp="2019-06-14T20:40:36.942">
  <compact-info movecount="72894" movebytes="4166944" />
  <remembered-set-cleared processed="27222" cleared="27222" durationms="0.112" />
</gc-op>
<gc-end id="240" type="global garbage collect" contextid="233" durationms="13.486" usertimems="32.000" systemtimems="0.000" timestamp="2019-06-14T20:40:36.942" activeThreads="4">
  <mem-info id="241" free="6291456" total="19922944" percent="31">
    <pending-finalizers system="0" default="0" reference="32" classloader="0" />
    <remembered-set count="11264" freebytes="750208" totalbytes="795264" percent="94" regionsoverflowed="0" regionsstable="0" regionsrebuilding="0"/>
  </mem-info>
</gc-end>
<cycle-end id="242" type="global garbage collect" contextid="233" timestamp="2019-06-14T20:40:36.942" />
  <attribute name="elasticGC enabled" value="1" />
  <attribute name= "numThreadsSpecified" value="4" />
  <attribute name="heapSize specified" value="0" />
  <attribute name="Current GC Util" value="92" />
  <attribute name= "Current Time Running" value="6625" />
  <attribute name ="GC Interval" value="0" />
  <attribute name="ProportionalT" value="36.000000" />
  <attribute name="ProportionalI" value="36.000000" />
  <attribute name="ProportionalH" value="36.000000" />
  <attribute name="Current Error" value="72.000000" />
  <attribute name="IntegralT" value="72.000000" />
  <attribute name="IntegralI" value="72.000000" />
  <attribute name="IntegralH" value="72.000000" />
  <attribute name="DerivativeT" value="-28.000000" />
  <attribute name="DerivativeI" value="-28.000000" />
  <attribute name="DerivativeH" value="-28.000000" />
  <attribute name="Loop Time for DT" value="1.000000" />
  <attribute name="Output H" value="8388608"/>
  <attribute name="Output I" value="200"/>
  <attribute name="Output T" value="4"/>
  <attribute name="Target GC Util Change" value ="20.000000" />
  <attribute name="Current GC Util Change" value="92.000000"/>
  <attribute name="GC Util currently" value="92" />
  <attribute name="CPU Util currently" value="4262627938442" />
<sys-end id="243" timestamp="2019-06-14T20:40:36.942" />
<exclusive-end id="244" timestamp="2019-06-14T20:40:36.942" durationms="14.380" />

<exclusive-start id="245" timestamp="2019-06-14T20:40:36.984" intervalms="56.253">
  <response-info timems="0.039" idlems="0.039" threads="0" lastid="0000000001F98700" lastname="main" />
</exclusive-start>
<allocation-taxation id="246" taxation-threshold="6291456" timestamp="2019-06-14T20:40:36.984" intervalms="152.766" />
<cycle-start id="247" type="partial gc" contextid="0" timestamp="2019-06-14T20:40:36.985" intervalms="152.766" />
<gc-start id="248" type="partial gc" contextid="247" timestamp="2019-06-14T20:40:36.985">
  <mem-info id="249" free="0" total="19922944" percent="0">
    <mem type="eden" free="0" total="6291456" percent="0" />
    <remembered-set count="10976" freebytes="751360" totalbytes="795264" percent="94" regionsoverflowed="0" regionsstable="0" regionsrebuilding="0"/>
  </mem-info>
</gc-start>
<allocation-stats totalBytes="6289776" >
  <allocated-bytes non-tlh="529840" tlh="5759936" arrayletleaf="0"/>
  <largest-consumer threadName="main" threadId="0000000001F98700" bytes="6281528" />
</allocation-stats>
<gc-op id="250" type="mark" timems="1.694" contextid="247" timestamp="2019-06-14T20:40:36.987">
  <trace-info objectcount="14552" scancount="13177" scanbytes="590044" />
  <cardclean-info objects="531" bytes="22580" />
  <remembered-set-cleared processed="9321" cleared="117" durationms="0.139" />
  <references type="soft" candidates="2" cleared="0" enqueued="0" dynamicThreshold="10" maxThreshold="32" />
  <references type="weak" candidates="12" cleared="10" enqueued="10" />
  <references type="phantom" candidates="6" cleared="2" enqueued="2" />
  <stringconstants candidates="8688" cleared="0"  />
  <warning details="Mark invoked due to insufficient free space for Copy-Forward" />
</gc-op>
<gc-op id="251" type="classunload" timems="0.003" contextid="247" timestamp="2019-06-14T20:40:36.987">
  <classunload-info classloadercandidates="16" classloadersunloaded="0" classesunloaded="0" anonymousclassesunloaded="0" quiescems="0.000" setupms="0.003" scanms="0.000" postms="0.000" />
</gc-op>
<gc-op id="252" type="sweep" timems="0.461" contextid="247" timestamp="2019-06-14T20:40:36.988" />
<gc-op id="253" type="compact" timems="2.341" contextid="247" timestamp="2019-06-14T20:40:36.990">
  <compact-info movecount="14552" movebytes="1235272" />
  <remembered-set-cleared processed="20622" cleared="2199" durationms="0.139" />
</gc-op>
<heap-resize id="254" type="expand" space="default" amount="4194304" count="1" timems="0.085" reason="insufficient free space following gc" timestamp="2019-06-14T20:40:36.991" />
<gc-end id="255" type="partial gc" contextid="247" durationms="6.205" usertimems="8.000" systemtimems="0.000" timestamp="2019-06-14T20:40:36.991" activeThreads="4">
  <mem-info id="256" free="8388608" total="24117248" percent="34">
    <mem type="eden" free="861864" total="2097152" percent="41" />
    <pending-finalizers system="0" default="0" reference="12" classloader="0" />
    <remembered-set count="13120" freebytes="910208" totalbytes="962688" percent="94" regionsoverflowed="0" regionsstable="0" regionsrebuilding="0"/>
  </mem-info>
</gc-end>
<cycle-end id="257" type="partial gc" contextid="247" timestamp="2019-06-14T20:40:36.991" />
  <attribute name="elasticGC enabled" value="1" />
  <attribute name= "numThreadsSpecified" value="4" />
  <attribute name="heapSize specified" value="0" />
  <attribute name="Current GC Util" value="37" />
  <attribute name= "Current Time Running" value="6678" />
  <attribute name ="GC Interval" value="0" />
  <attribute name="ProportionalT" value="8.500000" />
  <attribute name="ProportionalI" value="8.500000" />
  <attribute name="ProportionalH" value="8.500000" />
  <attribute name="Current Error" value="17.000000" />
  <attribute name="IntegralT" value="17.000000" />
  <attribute name="IntegralI" value="17.000000" />
  <attribute name="IntegralH" value="17.000000" />
  <attribute name="DerivativeT" value="8.500000" />
  <attribute name="DerivativeI" value="8.500000" />
  <attribute name="DerivativeH" value="8.500000" />
  <attribute name="Loop Time for DT" value="1.000000" />
  <attribute name="Output H" value="8388608"/>
  <attribute name="Output I" value="200"/>
  <attribute name="Output T" value="4"/>
  <attribute name="Target GC Util Change" value ="20.000000" />
  <attribute name="Current GC Util Change" value="37.000000"/>
  <attribute name="GC Util currently" value="37" />
  <attribute name="CPU Util currently" value="6857362523366" />
<exclusive-end id="258" timestamp="2019-06-14T20:40:36.991" durationms="7.094" />

<exclusive-start id="259" timestamp="2019-06-14T20:40:37.025" intervalms="40.319">
  <response-info timems="0.039" idlems="0.039" threads="0" lastid="0000000001F98700" lastname="main" />
</exclusive-start>
<allocation-taxation id="260" taxation-threshold="8388608" timestamp="2019-06-14T20:40:37.025" intervalms="40.325" />
<cycle-start id="261" type="partial gc" contextid="0" timestamp="2019-06-14T20:40:37.025" intervalms="40.324" />
<gc-start id="262" type="partial gc" contextid="261" timestamp="2019-06-14T20:40:37.025">
  <mem-info id="263" free="0" total="24117248" percent="0">
    <mem type="eden" free="861864" total="9437184" percent="9" />
    <remembered-set count="12704" freebytes="911872" totalbytes="962688" percent="94" regionsoverflowed="0" regionsstable="0" regionsrebuilding="0"/>
  </mem-info>
</gc-start>
<allocation-stats totalBytes="8387680" >
  <allocated-bytes non-tlh="0" tlh="8387680" arrayletleaf="0"/>
  <largest-consumer threadName="main" threadId="0000000001F98700" bytes="8387680" />
</allocation-stats>
<gc-op id="264" type="mark" timems="1.792" contextid="261" timestamp="2019-06-14T20:40:37.027">
  <trace-info objectcount="23761" scancount="20275" scanbytes="795972" />
  <cardclean-info objects="170" bytes="11000" />
  <remembered-set-cleared processed="10377" cleared="1130" durationms="0.129" />
  <references type="soft" candidates="2" cleared="0" enqueued="0" dynamicThreshold="11" maxThreshold="32" />
  <references type="weak" candidates="2" cleared="0" enqueued="0" />
  <references type="phantom" candidates="3" cleared="0" enqueued="0" />
  <stringconstants candidates="8688" cleared="0"  />
  <warning details="Mark invoked due to insufficient free space for Copy-Forward" />
</gc-op>
<gc-op id="265" type="classunload" timems="0.013" contextid="261" timestamp="2019-06-14T20:40:37.028">
  <classunload-info classloadercandidates="16" classloadersunloaded="0" classesunloaded="0" anonymousclassesunloaded="0" quiescems="0.000" setupms="0.012" scanms="0.000" postms="0.000" />
</gc-op>
<gc-op id="266" type="sweep" timems="0.444" contextid="261" timestamp="2019-06-14T20:40:37.028" />
<gc-op id="267" type="compact" timems="2.726" contextid="261" timestamp="2019-06-14T20:40:37.031">
  <compact-info movecount="23721" movebytes="1313256" />
  <remembered-set-cleared processed="23380" cleared="4875" durationms="0.129" />
</gc-op>
<gc-end id="268" type="partial gc" contextid="261" durationms="6.342" usertimems="8.000" systemtimems="4.000" timestamp="2019-06-14T20:40:37.032" activeThreads="4">
  <mem-info id="269" free="8388608" total="24117248" percent="34">
    <mem type="eden" free="408504" total="1048576" percent="38" />
    <remembered-set count="14272" freebytes="905600" totalbytes="962688" percent="94" regionsoverflowed="0" regionsstable="0" regionsrebuilding="0"/>
  </mem-info>
</gc-end>
<cycle-end id="270" type="partial gc" contextid="261" timestamp="2019-06-14T20:40:37.032" />
  <attribute name="elasticGC enabled" value="1" />
  <attribute name= "numThreadsSpecified" value="4" />
  <attribute name="heapSize specified" value="0" />
  <attribute name="Current GC Util" value="38" />
  <attribute name= "Current Time Running" value="6718" />
  <attribute name ="GC Interval" value="0" />
  <attribute name="ProportionalT" value="9.000000" />
  <attribute name="ProportionalI" value="9.000000" />
  <attribute name="ProportionalH" value="9.000000" />
  <attribute name="Current Error" value="18.000000" />
  <attribute name="IntegralT" value="0.000000" />
  <attribute name="IntegralI" value="0.000000" />
  <attribute name="IntegralH" value="0.000000" />
  <attribute name="DerivativeT" value="-inf" />
  <attribute name="DerivativeI" value="-inf" />
  <attribute name="DerivativeH" value="-inf" />
  <attribute name="Loop Time for DT" value="0.000000" />
  <attribute name="Output H" value="2091843584"/>
  <attribute name="Output I" value="200"/>
  <attribute name="Output T" value="4"/>
  <attribute name="Target GC Util Change" value ="20.000000" />
  <attribute name="Current GC Util Change" value="38.000000"/>
  <attribute name="GC Util currently" value="38" />
  <attribute name="CPU Util currently" value="6727889986700" />
<exclusive-end id="271" timestamp="2019-06-14T20:40:37.032" durationms="7.282" />

<exclusive-start id="272" timestamp="2019-06-14T20:40:37.156" intervalms="131.831">
  <response-info timems="0.024" idlems="0.024" threads="0" lastid="0000000001F98700" lastname="main" />
</exclusive-start>
<allocation-taxation id="273" taxation-threshold="8388608" timestamp="2019-06-14T20:40:37.157" intervalms="131.850" />
<cycle-start id="274" type="partial gc" contextid="0" timestamp="2019-06-14T20:40:37.157" intervalms="131.911" />
<gc-start id="275" type="partial gc" contextid="274" timestamp="2019-06-14T20:40:37.157">
  <mem-info id="276" free="0" total="24117248" percent="0">
    <mem type="eden" free="0" total="8388608" percent="0" />
    <remembered-set count="13856" freebytes="907264" totalbytes="962688" percent="94" regionsoverflowed="0" regionsstable="0" regionsrebuilding="0"/>
  </mem-info>
</gc-start>
<allocation-stats totalBytes="8377464" >
  <allocated-bytes non-tlh="340600" tlh="8036864" arrayletleaf="0"/>
  <largest-consumer threadName="main" threadId="0000000001F98700" bytes="8377464" />
</allocation-stats>
<gc-op id="277" type="mark" timems="2.753" contextid="274" timestamp="2019-06-14T20:40:37.161">
  <trace-info objectcount="34232" scancount="27458" scanbytes="991084" />
  <cardclean-info objects="1408" bytes="67808" />
  <remembered-set-cleared processed="12258" cleared="2410" durationms="0.184" />
  <references type="soft" candidates="57" cleared="0" enqueued="0" dynamicThreshold="11" maxThreshold="32" />
  <references type="weak" candidates="121" cleared="17" enqueued="14" />
  <stringconstants candidates="10896" cleared="0"  />
  <warning details="Mark invoked due to insufficient free space for Copy-Forward" />
</gc-op>
<gc-op id="278" type="classunload" timems="0.003" contextid="274" timestamp="2019-06-14T20:40:37.161">
  <classunload-info classloadercandidates="17" classloadersunloaded="0" classesunloaded="0" anonymousclassesunloaded="0" quiescems="0.000" setupms="0.003" scanms="0.000" postms="0.000" />
</gc-op>
<gc-op id="279" type="sweep" timems="0.435" contextid="274" timestamp="2019-06-14T20:40:37.161" />
<gc-op id="280" type="compact" timems="3.592" contextid="274" timestamp="2019-06-14T20:40:37.165">
  <compact-info movecount="28246" movebytes="1241328" />
  <remembered-set-cleared processed="28766" cleared="9025" durationms="0.184" />
</gc-op>
<heap-resize id="281" type="expand" space="default" amount="5242880" count="1" timems="0.089" reason="insufficient free space following gc" timestamp="2019-06-14T20:40:37.166" />
<gc-end id="282" type="partial gc" contextid="274" durationms="8.559" usertimems="12.000" systemtimems="0.000" timestamp="2019-06-14T20:40:37.166" activeThreads="4">
  <mem-info id="283" free="11534336" total="29360128" percent="39">
    <mem type="eden" free="969112" total="2097152" percent="46" />
    <pending-finalizers system="0" default="0" reference="14" classloader="0" />
    <remembered-set count="15968" freebytes="1108096" totalbytes="1171968" percent="94" regionsoverflowed="0" regionsstable="0" regionsrebuilding="0"/>
  </mem-info>
</gc-end>
<cycle-end id="284" type="partial gc" contextid="274" timestamp="2019-06-14T20:40:37.166" />
  <attribute name="elasticGC enabled" value="1" />
  <attribute name= "numThreadsSpecified" value="4" />
  <attribute name="heapSize specified" value="0" />
  <attribute name="Current GC Util" value="31" />
  <attribute name= "Current Time Running" value="6852" />
  <attribute name ="GC Interval" value="0" />
  <attribute name="ProportionalT" value="5.500000" />
  <attribute name="ProportionalI" value="5.500000" />
  <attribute name="ProportionalH" value="5.500000" />
  <attribute name="Current Error" value="11.000000" />
  <attribute name="IntegralT" value="11.000000" />
  <attribute name="IntegralI" value="11.000000" />
  <attribute name="IntegralH" value="11.000000" />
  <attribute name="DerivativeT" value="5.500000" />
  <attribute name="DerivativeI" value="5.500000" />
  <attribute name="DerivativeH" value="5.500000" />
  <attribute name="Loop Time for DT" value="1.000000" />
  <attribute name="Output H" value="8388608"/>
  <attribute name="Output I" value="200"/>
  <attribute name="Output T" value="4"/>
  <attribute name="Target GC Util Change" value ="20.000000" />
  <attribute name="Current GC Util Change" value="31.000000"/>
  <attribute name="GC Util currently" value="31" />
  <attribute name="CPU Util currently" value="7004819580608" />
<exclusive-end id="285" timestamp="2019-06-14T20:40:37.166" durationms="9.741" />

<exclusive-start id="286" timestamp="2019-06-14T20:40:37.224" intervalms="67.226">
  <response-info timems="0.037" idlems="0.037" threads="0" lastid="0000000001F98700" lastname="main" />
</exclusive-start>
<allocation-taxation id="287" taxation-threshold="11534336" timestamp="2019-06-14T20:40:37.224" intervalms="67.209" />
<cycle-start id="288" type="partial gc" contextid="0" timestamp="2019-06-14T20:40:37.224" intervalms="67.195" />
<gc-start id="289" type="partial gc" contextid="288" timestamp="2019-06-14T20:40:37.224">
  <mem-info id="290" free="0" total="29360128" percent="0">
    <mem type="eden" free="969112" total="12582912" percent="7" />
    <remembered-set count="15840" freebytes="1108608" totalbytes="1171968" percent="94" regionsoverflowed="0" regionsstable="0" regionsrebuilding="0"/>
  </mem-info>
</gc-start>
<allocation-stats totalBytes="11532208" >
  <allocated-bytes non-tlh="437360" tlh="11094848" arrayletleaf="0"/>
  <largest-consumer threadName="main" threadId="0000000001F98700" bytes="11532208" />
</allocation-stats>
<gc-op id="291" type="mark" timems="2.288" contextid="288" timestamp="2019-06-14T20:40:37.227">
  <trace-info objectcount="22298" scancount="17435" scanbytes="648416" />
  <cardclean-info objects="927" bytes="54656" />
  <remembered-set-cleared processed="13966" cleared="2242" durationms="0.175" />
  <references type="soft" candidates="90" cleared="0" enqueued="0" dynamicThreshold="12" maxThreshold="32" />
  <references type="weak" candidates="132" cleared="2" enqueued="2" />
  <references type="phantom" candidates="1" cleared="0" enqueued="0" />
  <stringconstants candidates="11067" cleared="0"  />
  <warning details="Mark invoked due to insufficient free space for Copy-Forward" />
</gc-op>
<gc-op id="292" type="classunload" timems="0.004" contextid="288" timestamp="2019-06-14T20:40:37.227">
  <classunload-info classloadercandidates="19" classloadersunloaded="0" classesunloaded="0" anonymousclassesunloaded="0" quiescems="0.000" setupms="0.004" scanms="0.000" postms="0.000" />
</gc-op>
<gc-op id="293" type="sweep" timems="0.437" contextid="288" timestamp="2019-06-14T20:40:37.228" />
<gc-op id="294" type="compact" timems="3.754" contextid="288" timestamp="2019-06-14T20:40:37.232">
  <compact-info movecount="19801" movebytes="1187696" />
  <remembered-set-cleared processed="29446" cleared="5901" durationms="0.175" />
</gc-op>
<gc-end id="295" type="partial gc" contextid="288" durationms="7.990" usertimems="12.000" systemtimems="4.000" timestamp="2019-06-14T20:40:37.232" activeThreads="1">
  <mem-info id="296" free="11534336" total="29360128" percent="39">
    <mem type="eden" free="838304" total="2097152" percent="39" />
    <pending-finalizers system="0" default="0" reference="2" classloader="0" />
    <remembered-set count="15328" freebytes="1110656" totalbytes="1171968" percent="94" regionsoverflowed="0" regionsstable="0" regionsrebuilding="0"/>
  </mem-info>
</gc-end>
<cycle-end id="297" type="partial gc" contextid="288" timestamp="2019-06-14T20:40:37.232" />
  <attribute name="elasticGC enabled" value="1" />
  <attribute name= "numThreadsSpecified" value="1" />
  <attribute name="heapSize specified" value="0" />
  <attribute name="Current GC Util" value="28" />
  <attribute name= "Current Time Running" value="6918" />
  <attribute name ="GC Interval" value="0" />
  <attribute name="ProportionalT" value="4.000000" />
  <attribute name="ProportionalI" value="4.000000" />
  <attribute name="ProportionalH" value="4.000000" />
  <attribute name="Current Error" value="8.000000" />
  <attribute name="IntegralT" value="0.000000" />
  <attribute name="IntegralI" value="0.000000" />
  <attribute name="IntegralH" value="0.000000" />
  <attribute name="DerivativeT" value="inf" />
  <attribute name="DerivativeI" value="inf" />
  <attribute name="DerivativeH" value="inf" />
  <attribute name="Loop Time for DT" value="0.000000" />
  <attribute name="Output H" value="8388608"/>
  <attribute name="Output I" value="200"/>
  <attribute name="Output T" value="1"/>
  <attribute name="Target GC Util Change" value ="20.000000" />
  <attribute name="Current GC Util Change" value="28.000000"/>
  <attribute name="GC Util currently" value="28" />
  <attribute name="CPU Util currently" value="6963347849789" />
<exclusive-end id="298" timestamp="2019-06-14T20:40:37.233" durationms="8.995" />

<exclusive-start id="299" timestamp="2019-06-14T20:40:37.257" intervalms="33.604">
  <response-info timems="0.027" idlems="0.027" threads="0" lastid="0000000001F98700" lastname="main" />
</exclusive-start>
<allocation-taxation id="300" taxation-threshold="11534336" timestamp="2019-06-14T20:40:37.257" intervalms="33.583" />
<cycle-start id="301" type="partial gc" contextid="0" timestamp="2019-06-14T20:40:37.258" intervalms="33.540" />
<gc-start id="302" type="partial gc" contextid="301" timestamp="2019-06-14T20:40:37.258">
  <mem-info id="303" free="0" total="29360128" percent="0">
    <mem type="eden" free="0" total="11534336" percent="0" />
    <remembered-set count="15008" freebytes="1111936" totalbytes="1171968" percent="94" regionsoverflowed="0" regionsstable="0" regionsrebuilding="0"/>
  </mem-info>
</gc-start>
<allocation-stats totalBytes="11533000" >
  <allocated-bytes non-tlh="168" tlh="11532832" arrayletleaf="0"/>
  <largest-consumer threadName="main" threadId="0000000001F98700" bytes="11528904" />
</allocation-stats>
<gc-op id="304" type="mark" timems="2.147" contextid="301" timestamp="2019-06-14T20:40:37.260">
  <trace-info objectcount="18035" scancount="16034" scanbytes="625816" />
  <cardclean-info objects="220" bytes="22280" />
  <remembered-set-cleared processed="13554" cleared="1014" durationms="0.185" />
  <references type="soft" candidates="33" cleared="0" enqueued="0" dynamicThreshold="12" maxThreshold="32" />
  <references type="weak" candidates="24" cleared="0" enqueued="0" />
  <stringconstants candidates="11068" cleared="0"  />
  <warning details="Mark invoked due to insufficient free space for Copy-Forward" />
</gc-op>
<gc-op id="305" type="classunload" timems="0.003" contextid="301" timestamp="2019-06-14T20:40:37.261">
  <classunload-info classloadercandidates="19" classloadersunloaded="0" classesunloaded="0" anonymousclassesunloaded="0" quiescems="0.000" setupms="0.003" scanms="0.000" postms="0.000" />
</gc-op>
<gc-op id="306" type="sweep" timems="0.495" contextid="301" timestamp="2019-06-14T20:40:37.261" />
<gc-op id="307" type="compact" timems="3.215" contextid="301" timestamp="2019-06-14T20:40:37.265">
  <compact-info movecount="18035" movebytes="795712" />
  <remembered-set-cleared processed="30097" cleared="4985" durationms="0.185" />
</gc-op>
<heap-resize id="308" type="expand" space="default" amount="1048576" count="1" timems="0.069" reason="insufficient free space following gc" timestamp="2019-06-14T20:40:37.265" />
<gc-end id="309" type="partial gc" contextid="301" durationms="7.539" usertimems="12.000" systemtimems="0.000" timestamp="2019-06-14T20:40:37.265" activeThreads="4">
  <mem-info id="310" free="11534336" total="30408704" percent="37">
    <mem type="eden" free="522024" total="1048576" percent="49" />
    <remembered-set count="17504" freebytes="1143808" totalbytes="1213824" percent="94" regionsoverflowed="0" regionsstable="0" regionsrebuilding="0"/>
  </mem-info>
</gc-end>
<cycle-end id="311" type="partial gc" contextid="301" timestamp="2019-06-14T20:40:37.265" />
  <attribute name="elasticGC enabled" value="1" />
  <attribute name= "numThreadsSpecified" value="4" />
  <attribute name="heapSize specified" value="0" />
  <attribute name="Current GC Util" value="37" />
  <attribute name= "Current Time Running" value="6952" />
  <attribute name ="GC Interval" value="0" />
  <attribute name="ProportionalT" value="8.500000" />
  <attribute name="ProportionalI" value="8.500000" />
  <attribute name="ProportionalH" value="8.500000" />
  <attribute name="Current Error" value="17.000000" />
  <attribute name="IntegralT" value="17.000000" />
  <attribute name="IntegralI" value="17.000000" />
  <attribute name="IntegralH" value="17.000000" />
  <attribute name="DerivativeT" value="8.500000" />
  <attribute name="DerivativeI" value="8.500000" />
  <attribute name="DerivativeH" value="8.500000" />
  <attribute name="Loop Time for DT" value="1.000000" />
  <attribute name="Output H" value="8388608"/>
  <attribute name="Output I" value="200"/>
  <attribute name="Output T" value="4"/>
  <attribute name="Target GC Util Change" value ="20.000000" />
  <attribute name="Current GC Util Change" value="37.000000"/>
  <attribute name="GC Util currently" value="37" />
  <attribute name="CPU Util currently" value="6118323069668" />
<exclusive-end id="312" timestamp="2019-06-14T20:40:37.266" durationms="8.369" />

<exclusive-start id="313" timestamp="2019-06-14T20:40:37.326" intervalms="68.546">
  <response-info timems="0.072" idlems="0.072" threads="0" lastid="0000000001F98700" lastname="main" />
</exclusive-start>
<allocation-taxation id="314" taxation-threshold="11534336" timestamp="2019-06-14T20:40:37.326" intervalms="68.580" />
<cycle-start id="315" type="partial gc" contextid="0" timestamp="2019-06-14T20:40:37.326" intervalms="68.569" />
<gc-start id="316" type="partial gc" contextid="315" timestamp="2019-06-14T20:40:37.326">
  <mem-info id="317" free="0" total="30408704" percent="0">
    <mem type="eden" free="0" total="11534336" percent="0" />
    <remembered-set count="17024" freebytes="1145728" totalbytes="1213824" percent="94" regionsoverflowed="0" regionsstable="0" regionsrebuilding="0"/>
  </mem-info>
</gc-start>
<allocation-stats totalBytes="11532104" >
  <allocated-bytes non-tlh="482480" tlh="11049624" arrayletleaf="0"/>
  <largest-consumer threadName="main" threadId="0000000001F98700" bytes="11532104" />
</allocation-stats>
<gc-op id="318" type="mark" timems="2.368" contextid="315" timestamp="2019-06-14T20:40:37.329">
  <trace-info objectcount="24830" scancount="22494" scanbytes="983936" />
  <cardclean-info objects="895" bytes="49952" />
  <remembered-set-cleared processed="15581" cleared="2413" durationms="0.194" />
  <references type="soft" candidates="11" cleared="0" enqueued="0" dynamicThreshold="12" maxThreshold="32" />
  <references type="weak" candidates="279" cleared="0" enqueued="0" />
  <references type="phantom" candidates="1" cleared="0" enqueued="0" />
  <stringconstants candidates="11317" cleared="0"  />
  <warning details="Mark invoked due to insufficient free space for Copy-Forward" />
</gc-op>
<gc-op id="319" type="classunload" timems="0.003" contextid="315" timestamp="2019-06-14T20:40:37.329">
  <classunload-info classloadercandidates="21" classloadersunloaded="0" classesunloaded="0" anonymousclassesunloaded="0" quiescems="0.000" setupms="0.003" scanms="0.000" postms="0.000" />
</gc-op>
<gc-op id="320" type="sweep" timems="0.705" contextid="315" timestamp="2019-06-14T20:40:37.330" />
<gc-op id="321" type="compact" timems="3.036" contextid="315" timestamp="2019-06-14T20:40:37.334">
  <compact-info movecount="20776" movebytes="1245408" />
  <remembered-set-cleared processed="33924" cleared="7548" durationms="0.194" />
</gc-op>
<heap-resize id="322" type="expand" space="default" amount="5242880" count="1" timems="0.089" reason="excessive time being spent in gc" timestamp="2019-06-14T20:40:37.334" />
<gc-end id="323" type="partial gc" contextid="315" durationms="7.893" usertimems="8.000" systemtimems="4.000" timestamp="2019-06-14T20:40:37.334" activeThreads="4">
  <mem-info id="324" free="15728640" total="35651584" percent="44">
    <mem type="eden" free="57824" total="1048576" percent="5" />
    <remembered-set count="18592" freebytes="1348736" totalbytes="1423104" percent="94" regionsoverflowed="0" regionsstable="0" regionsrebuilding="0"/>
  </mem-info>
</gc-end>
<cycle-end id="325" type="partial gc" contextid="315" timestamp="2019-06-14T20:40:37.334" />
  <attribute name="elasticGC enabled" value="1" />
  <attribute name= "numThreadsSpecified" value="4" />
  <attribute name="heapSize specified" value="0" />
  <attribute name="Current GC Util" value="76" />
  <attribute name= "Current Time Running" value="7021" />
  <attribute name ="GC Interval" value="0" />
  <attribute name="ProportionalT" value="28.000000" />
  <attribute name="ProportionalI" value="28.000000" />
  <attribute name="ProportionalH" value="28.000000" />
  <attribute name="Current Error" value="56.000000" />
  <attribute name="IntegralT" value="56.000000" />
  <attribute name="IntegralI" value="56.000000" />
  <attribute name="IntegralH" value="56.000000" />
  <attribute name="DerivativeT" value="28.000000" />
  <attribute name="DerivativeI" value="28.000000" />
  <attribute name="DerivativeH" value="28.000000" />
  <attribute name="Loop Time for DT" value="1.000000" />
  <attribute name="Output H" value="8388608"/>
  <attribute name="Output I" value="200"/>
  <attribute name="Output T" value="4"/>
  <attribute name="Target GC Util Change" value ="20.000000" />
  <attribute name="Current GC Util Change" value="76.000000"/>
  <attribute name="GC Util currently" value="76" />
  <attribute name="CPU Util currently" value="4940649263378" />
<exclusive-end id="326" timestamp="2019-06-14T20:40:37.334" durationms="8.680" />

<exclusive-start id="327" timestamp="2019-06-14T20:40:37.373" intervalms="46.968">
  <response-info timems="0.061" idlems="0.061" threads="0" lastid="0000000001F98700" lastname="main" />
</exclusive-start>
<allocation-taxation id="328" taxation-threshold="15728640" timestamp="2019-06-14T20:40:37.373" intervalms="46.948" />
<cycle-start id="329" type="partial gc" contextid="0" timestamp="2019-06-14T20:40:37.373" intervalms="46.923" />
<gc-start id="330" type="partial gc" contextid="329" timestamp="2019-06-14T20:40:37.373">
  <mem-info id="331" free="0" total="35651584" percent="0">
    <mem type="eden" free="0" total="15728640" percent="0" />
    <remembered-set count="18560" freebytes="1348864" totalbytes="1423104" percent="94" regionsoverflowed="0" regionsstable="0" regionsrebuilding="0"/>
  </mem-info>
</gc-start>
<allocation-stats totalBytes="15726512" >
  <allocated-bytes non-tlh="0" tlh="15726512" arrayletleaf="0"/>
  <largest-consumer threadName="main" threadId="0000000001F98700" bytes="15726512" />
</allocation-stats>
<gc-op id="332" type="mark" timems="3.298" contextid="329" timestamp="2019-06-14T20:40:37.377">
  <trace-info objectcount="37135" scancount="32099" scanbytes="1262304" />
  <cardclean-info objects="2060" bytes="109824" />
  <remembered-set-cleared processed="16040" cleared="2781" durationms="0.205" />
  <references type="soft" candidates="44" cleared="0" enqueued="0" dynamicThreshold="14" maxThreshold="32" />
  <references type="weak" candidates="303" cleared="0" enqueued="0" />
  <stringconstants candidates="11317" cleared="0"  />
  <warning details="Mark invoked due to insufficient free space for Copy-Forward" />
</gc-op>
<gc-op id="333" type="classunload" timems="0.003" contextid="329" timestamp="2019-06-14T20:40:37.377">
  <classunload-info classloadercandidates="21" classloadersunloaded="0" classesunloaded="0" anonymousclassesunloaded="0" quiescems="0.000" setupms="0.003" scanms="0.000" postms="0.000" />
</gc-op>
<gc-op id="334" type="sweep" timems="0.707" contextid="329" timestamp="2019-06-14T20:40:37.378" />
<gc-op id="335" type="compact" timems="3.388" contextid="329" timestamp="2019-06-14T20:40:37.382">
  <compact-info movecount="36514" movebytes="1622648" />
  <remembered-set-cleared processed="37482" cleared="10960" durationms="0.205" />
</gc-op>
<heap-resize id="336" type="expand" space="default" amount="6291456" count="1" timems="0.096" reason="excessive time being spent in gc" timestamp="2019-06-14T20:40:37.382" />
<gc-end id="337" type="partial gc" contextid="329" durationms="9.161" usertimems="16.000" systemtimems="0.000" timestamp="2019-06-14T20:40:37.382" activeThreads="4">
  <mem-info id="338" free="19922944" total="41943040" percent="47">
    <mem type="eden" free="1003968" total="2097152" percent="47" />
    <remembered-set count="22464" freebytes="1584384" totalbytes="1674240" percent="94" regionsoverflowed="0" regionsstable="0" regionsrebuilding="0"/>
  </mem-info>
</gc-end>
<cycle-end id="339" type="partial gc" contextid="329" timestamp="2019-06-14T20:40:37.383" />
  <attribute name="elasticGC enabled" value="1" />
  <attribute name= "numThreadsSpecified" value="4" />
  <attribute name="heapSize specified" value="0" />
  <attribute name="Current GC Util" value="65" />
  <attribute name= "Current Time Running" value="7069" />
  <attribute name ="GC Interval" value="0" />
  <attribute name="ProportionalT" value="22.500000" />
  <attribute name="ProportionalI" value="22.500000" />
  <attribute name="ProportionalH" value="22.500000" />
  <attribute name="Current Error" value="45.000000" />
  <attribute name="IntegralT" value="45.000000" />
  <attribute name="IntegralI" value="45.000000" />
  <attribute name="IntegralH" value="45.000000" />
  <attribute name="DerivativeT" value="22.500000" />
  <attribute name="DerivativeI" value="22.500000" />
  <attribute name="DerivativeH" value="22.500000" />
  <attribute name="Loop Time for DT" value="1.000000" />
  <attribute name="Output H" value="8388608"/>
  <attribute name="Output I" value="200"/>
  <attribute name="Output T" value="4"/>
  <attribute name="Target GC Util Change" value ="20.000000" />
  <attribute name="Current GC Util Change" value="65.000000"/>
  <attribute name="GC Util currently" value="65" />
  <attribute name="CPU Util currently" value="4765093431118" />
<exclusive-end id="340" timestamp="2019-06-14T20:40:37.383" durationms="9.961" />

<exclusive-start id="341" timestamp="2019-06-14T20:40:37.524" intervalms="150.947">
  <response-info timems="0.067" idlems="0.067" threads="0" lastid="0000000001F98700" lastname="main" />
</exclusive-start>
<allocation-taxation id="342" taxation-threshold="16777216" timestamp="2019-06-14T20:40:37.524" intervalms="150.938" />
<cycle-start id="343" type="partial gc" contextid="0" timestamp="2019-06-14T20:40:37.524" intervalms="150.969" />
<gc-start id="344" type="partial gc" contextid="343" timestamp="2019-06-14T20:40:37.524">
  <mem-info id="345" free="3145728" total="41943040" percent="7">
    <mem type="eden" free="0" total="16777216" percent="0" />
    <remembered-set count="22432" freebytes="1584512" totalbytes="1674240" percent="94" regionsoverflowed="0" regionsstable="0" regionsrebuilding="0"/>
  </mem-info>
</gc-start>
<allocation-stats totalBytes="16774528" >
  <allocated-bytes non-tlh="844520" tlh="15930008" arrayletleaf="0"/>
  <largest-consumer threadName="main" threadId="0000000001F98700" bytes="16774528" />
</allocation-stats>
<gc-op id="346" type="copy forward" timems="8.419" contextid="343" timestamp="2019-06-14T20:40:37.534">
  <memory-copied type="eden" objects="17273" bytes="790656" bytesdiscarded="0" />
  <memory-copied type="other" objects="26819" bytes="1341704" bytesdiscarded="0" />
  <memory-cardclean objects="4621" bytes="220128" />
  <regions eden="16" other="3" />
  <remembered-set-cleared processed="19022" cleared="6191" durationms="0.239" />
  <finalization candidates="1" enqueued="1" />
  <references type="soft" candidates="27" cleared="0" enqueued="0" dynamicThreshold="15" maxThreshold="32" />
  <references type="weak" candidates="403" cleared="0" enqueued="0" />
  <references type="phantom" candidates="3" cleared="0" enqueued="0" />
  <stringconstants candidates="11667" cleared="0"  />
</gc-op>
<gc-op id="347" type="classunload" timems="0.005" contextid="343" timestamp="2019-06-14T20:40:37.534">
  <classunload-info classloadercandidates="26" classloadersunloaded="0" classesunloaded="0" anonymousclassesunloaded="0" quiescems="0.000" setupms="0.005" scanms="0.000" postms="0.000" />
</gc-op>
<gc-end id="348" type="partial gc" contextid="343" durationms="9.756" usertimems="16.000" systemtimems="0.000" timestamp="2019-06-14T20:40:37.534" activeThreads="1">
  <mem-info id="349" free="19922944" total="41943040" percent="47">
    <mem type="eden" free="257568" total="1048576" percent="24" />
    <pending-finalizers system="0" default="1" reference="0" classloader="0" />
    <remembered-set count="23808" freebytes="1579008" totalbytes="1674240" percent="94" regionsoverflowed="0" regionsstable="0" regionsrebuilding="0"/>
  </mem-info>
</gc-end>
<cycle-end id="350" type="partial gc" contextid="343" timestamp="2019-06-14T20:40:37.534" />
  <attribute name="elasticGC enabled" value="1" />
  <attribute name= "numThreadsSpecified" value="1" />
  <attribute name="heapSize specified" value="0" />
  <attribute name="Current GC Util" value="25" />
  <attribute name= "Current Time Running" value="7215" />
  <attribute name ="GC Interval" value="0" />
  <attribute name="ProportionalT" value="2.500000" />
  <attribute name="ProportionalI" value="2.500000" />
  <attribute name="ProportionalH" value="2.500000" />
  <attribute name="Current Error" value="5.000000" />
  <attribute name="IntegralT" value="0.000000" />
  <attribute name="IntegralI" value="0.000000" />
  <attribute name="IntegralH" value="0.000000" />
  <attribute name="DerivativeT" value="inf" />
  <attribute name="DerivativeI" value="inf" />
  <attribute name="DerivativeH" value="inf" />
  <attribute name="Loop Time for DT" value="0.000000" />
  <attribute name="Output H" value="8388608"/>
  <attribute name="Output I" value="200"/>
  <attribute name="Output T" value="1"/>
  <attribute name="Target GC Util Change" value ="20.000000" />
  <attribute name="Current GC Util Change" value="25.000000"/>
  <attribute name="GC Util currently" value="25" />
  <attribute name="CPU Util currently" value="7680945914711" />
<exclusive-end id="351" timestamp="2019-06-14T20:40:37.534" durationms="10.554" />

<exclusive-start id="352" timestamp="2019-06-14T20:40:37.603" intervalms="79.283">
  <response-info timems="0.075" idlems="0.075" threads="0" lastid="0000000001F98700" lastname="main" />
</exclusive-start>
<allocation-taxation id="353" taxation-threshold="16777216" timestamp="2019-06-14T20:40:37.603" intervalms="79.265" />
<cycle-start id="354" type="partial gc" contextid="0" timestamp="2019-06-14T20:40:37.603" intervalms="79.273" />
<gc-start id="355" type="partial gc" contextid="354" timestamp="2019-06-14T20:40:37.603">
  <mem-info id="356" free="3145728" total="41943040" percent="7">
    <mem type="eden" free="0" total="16777216" percent="0" />
    <remembered-set count="23616" freebytes="1579776" totalbytes="1674240" percent="94" regionsoverflowed="0" regionsstable="0" regionsrebuilding="0"/>
  </mem-info>
</gc-start>
<allocation-stats totalBytes="16774568" >
  <allocated-bytes non-tlh="878840" tlh="15895728" arrayletleaf="0"/>
  <largest-consumer threadName="main" threadId="0000000001F98700" bytes="16770352" />
</allocation-stats>
<gc-op id="357" type="copy forward" timems="6.223" contextid="354" timestamp="2019-06-14T20:40:37.611">
  <memory-copied type="eden" objects="25446" bytes="1505432" bytesdiscarded="8" />
  <memory-copied type="other" objects="21684" bytes="847800" bytesdiscarded="0" />
  <memory-cardclean objects="1117" bytes="69928" />
  <regions eden="16" other="2" />
  <remembered-set-cleared processed="21087" cleared="5429" durationms="0.232" />
  <references type="soft" candidates="50" cleared="0" enqueued="0" dynamicThreshold="15" maxThreshold="32" />
  <references type="weak" candidates="412" cleared="0" enqueued="0" />
  <references type="phantom" candidates="1" cleared="0" enqueued="0" />
  <stringconstants candidates="11795" cleared="6"  />
  <heap-resize type="expand" space="default" amount="1048576" count="1" timems="0.064" reason="continue current collection" />
</gc-op>
<gc-op id="358" type="classunload" timems="0.342" contextid="354" timestamp="2019-06-14T20:40:37.611">
  <classunload-info classloadercandidates="28" classloadersunloaded="1" classesunloaded="1" anonymousclassesunloaded="0" quiescems="0.000" setupms="0.330" scanms="0.007" postms="0.004" />
</gc-op>
<gc-end id="359" type="partial gc" contextid="354" durationms="7.735" usertimems="4.000" systemtimems="4.000" timestamp="2019-06-14T20:40:37.611" activeThreads="1">
  <mem-info id="360" free="18874368" total="42991616" percent="43">
    <mem type="eden" free="591608" total="2097152" percent="28" />
    <remembered-set count="25600" freebytes="1613696" totalbytes="1716096" percent="94" regionsoverflowed="0" regionsstable="0" regionsrebuilding="0"/>
  </mem-info>
</gc-end>
<cycle-end id="361" type="partial gc" contextid="354" timestamp="2019-06-14T20:40:37.611" />
  <attribute name="elasticGC enabled" value="1" />
  <attribute name= "numThreadsSpecified" value="1" />
  <attribute name="heapSize specified" value="0" />
  <attribute name="Current GC Util" value="62" />
  <attribute name= "Current Time Running" value="7294" />
  <attribute name ="GC Interval" value="0" />
  <attribute name="ProportionalT" value="21.000000" />
  <attribute name="ProportionalI" value="21.000000" />
  <attribute name="ProportionalH" value="21.000000" />
  <attribute name="Current Error" value="42.000000" />
  <attribute name="IntegralT" value="0.000000" />
  <attribute name="IntegralI" value="0.000000" />
  <attribute name="IntegralH" value="0.000000" />
  <attribute name="DerivativeT" value="inf" />
  <attribute name="DerivativeI" value="inf" />
  <attribute name="DerivativeH" value="inf" />
  <attribute name="Loop Time for DT" value="0.000000" />
  <attribute name="Output H" value="8388608"/>
  <attribute name="Output I" value="200"/>
  <attribute name="Output T" value="1"/>
  <attribute name="Target GC Util Change" value ="20.000000" />
  <attribute name="Current GC Util Change" value="62.000000"/>
  <attribute name="GC Util currently" value="62" />
  <attribute name="CPU Util currently" value="16582773929842" />
<exclusive-end id="362" timestamp="2019-06-14T20:40:37.612" durationms="8.577" />

<exclusive-start id="363" timestamp="2019-06-14T20:40:37.698" intervalms="94.929">
  <response-info timems="0.061" idlems="0.061" threads="0" lastid="0000000001F98700" lastname="main" />
</exclusive-start>
<allocation-taxation id="364" taxation-threshold="17825792" timestamp="2019-06-14T20:40:37.698" intervalms="94.923" />
<cycle-start id="365" type="partial gc" contextid="0" timestamp="2019-06-14T20:40:37.698" intervalms="94.913" />
<gc-start id="366" type="partial gc" contextid="365" timestamp="2019-06-14T20:40:37.698">
  <mem-info id="367" free="1048576" total="42991616" percent="2">
    <mem type="eden" free="0" total="17825792" percent="0" />
    <remembered-set count="25120" freebytes="1615616" totalbytes="1716096" percent="94" regionsoverflowed="0" regionsstable="0" regionsrebuilding="0"/>
  </mem-info>
</gc-start>
<allocation-stats totalBytes="17821936" >
  <allocated-bytes non-tlh="861040" tlh="16960896" arrayletleaf="0"/>
  <largest-consumer threadName="main" threadId="0000000001F98700" bytes="17821936" />
</allocation-stats>
<gc-op id="368" type="copy forward" timems="2.354" contextid="365" timestamp="2019-06-14T20:40:37.701">
  <memory-copied type="eden" objects="8132" bytes="326000" bytesdiscarded="0" />
  <memory-copied type="other" objects="963" bytes="41600" bytesdiscarded="0" />
  <memory-cardclean objects="519" bytes="31864" />
  <regions eden="17" other="2" />
  <remembered-set-cleared processed="22131" cleared="2472" durationms="0.235" />
  <references type="soft" candidates="118" cleared="0" enqueued="0" dynamicThreshold="14" maxThreshold="32" />
  <references type="weak" candidates="266" cleared="0" enqueued="0" />
  <stringconstants candidates="12300" cleared="3"  />
  <heap-resize type="expand" space="default" amount="1048576" count="1" timems="0.053" reason="continue current collection" />
</gc-op>
<gc-op id="369" type="classunload" timems="0.357" contextid="365" timestamp="2019-06-14T20:40:37.702">
  <classunload-info classloadercandidates="33" classloadersunloaded="1" classesunloaded="1" anonymousclassesunloaded="0" quiescems="0.000" setupms="0.347" scanms="0.007" postms="0.003" />
</gc-op>
<gc-op id="370" type="compact" timems="1.148" contextid="365" timestamp="2019-06-14T20:40:37.703">
  <compact-info movecount="0" movebytes="0" />
  <remembered-set-cleared processed="43488" cleared="2472" durationms="0.235" />
</gc-op>
<gc-end id="371" type="partial gc" contextid="365" durationms="5.123" usertimems="4.000" systemtimems="0.000" timestamp="2019-06-14T20:40:37.703" activeThreads="4">
  <mem-info id="372" free="19922944" total="44040192" percent="45">
    <mem type="eden" free="722224" total="1048576" percent="68" />
    <remembered-set count="24000" freebytes="1661952" totalbytes="1757952" percent="94" regionsoverflowed="0" regionsstable="0" regionsrebuilding="0"/>
  </mem-info>
</gc-end>
<cycle-end id="373" type="partial gc" contextid="365" timestamp="2019-06-14T20:40:37.704" />
  <attribute name="elasticGC enabled" value="1" />
  <attribute name= "numThreadsSpecified" value="4" />
  <attribute name="heapSize specified" value="0" />
  <attribute name="Current GC Util" value="0" />
  <attribute name= "Current Time Running" value="7392" />
  <attribute name ="GC Interval" value="0" />
  <attribute name="ProportionalT" value="-10.000000" />
  <attribute name="ProportionalI" value="-10.000000" />
  <attribute name="ProportionalH" value="-10.000000" />
  <attribute name="Current Error" value="-20.000000" />
  <attribute name="IntegralT" value="-60.000000" />
  <attribute name="IntegralI" value="-60.000000" />
  <attribute name="IntegralH" value="-60.000000" />
  <attribute name="DerivativeT" value="-10.166667" />
  <attribute name="DerivativeI" value="-10.166667" />
  <attribute name="DerivativeH" value="-10.166667" />
  <attribute name="Loop Time for DT" value="3.000000" />
  <attribute name="Output H" value="2091843584"/>
  <attribute name="Output I" value="200"/>
  <attribute name="Output T" value="4"/>
  <attribute name="Target GC Util Change" value ="20.000000" />
  <attribute name="Current GC Util Change" value="0.000000"/>
  <attribute name="GC Util currently" value="0" />
  <attribute name="CPU Util currently" value="1491563461087" />
<exclusive-end id="374" timestamp="2019-06-14T20:40:37.704" durationms="5.900" />

<exclusive-start id="375" timestamp="2019-06-14T20:40:37.774" intervalms="75.979">
  <response-info timems="0.059" idlems="0.059" threads="0" lastid="0000000001F98700" lastname="main" />
</exclusive-start>
<allocation-taxation id="376" taxation-threshold="17825792" timestamp="2019-06-14T20:40:37.774" intervalms="75.990" />
<cycle-start id="377" type="partial gc" contextid="0" timestamp="2019-06-14T20:40:37.774" intervalms="75.956" />
<gc-start id="378" type="partial gc" contextid="377" timestamp="2019-06-14T20:40:37.774">
  <mem-info id="379" free="2097152" total="44040192" percent="4">
    <mem type="eden" free="0" total="17825792" percent="0" />
    <remembered-set count="23584" freebytes="1663616" totalbytes="1757952" percent="94" regionsoverflowed="0" regionsstable="0" regionsrebuilding="0"/>
  </mem-info>
</gc-start>
<allocation-stats totalBytes="17822408" >
  <allocated-bytes non-tlh="839320" tlh="16983088" arrayletleaf="0"/>
  <largest-consumer threadName="main" threadId="0000000001F98700" bytes="17822408" />
</allocation-stats>
<gc-op id="380" type="copy forward" timems="4.455" contextid="377" timestamp="2019-06-14T20:40:37.779">
  <memory-copied type="eden" objects="14485" bytes="930872" bytesdiscarded="0" />
  <memory-copied type="other" objects="15845" bytes="592136" bytesdiscarded="0" />
  <memory-cardclean objects="1118" bytes="65304" />
  <regions eden="17" other="2" />
  <remembered-set-cleared processed="21401" cleared="3863" durationms="0.247" />
  <references type="soft" candidates="130" cleared="0" enqueued="0" dynamicThreshold="14" maxThreshold="32" />
  <references type="weak" candidates="326" cleared="0" enqueued="0" />
  <references type="phantom" candidates="1" cleared="0" enqueued="0" />
  <stringconstants candidates="12470" cleared="0"  />
  <heap-resize type="expand" space="default" amount="1048576" count="1" timems="0.065" reason="continue current collection" />
</gc-op>
<gc-op id="381" type="classunload" timems="0.005" contextid="377" timestamp="2019-06-14T20:40:37.780">
  <classunload-info classloadercandidates="36" classloadersunloaded="0" classesunloaded="0" anonymousclassesunloaded="0" quiescems="0.000" setupms="0.004" scanms="0.000" postms="0.000" />
</gc-op>
<gc-end id="382" type="partial gc" contextid="377" durationms="5.418" usertimems="8.000" systemtimems="4.000" timestamp="2019-06-14T20:40:37.780" activeThreads="1">
  <mem-info id="383" free="19922944" total="45088768" percent="44">
    <mem type="eden" free="117464" total="1048576" percent="11" />
    <remembered-set count="24128" freebytes="1703296" totalbytes="1799808" percent="94" regionsoverflowed="0" regionsstable="0" regionsrebuilding="0"/>
  </mem-info>
</gc-end>
<cycle-end id="384" type="partial gc" contextid="377" timestamp="2019-06-14T20:40:37.780" />
  <attribute name="elasticGC enabled" value="1" />
  <attribute name= "numThreadsSpecified" value="1" />
  <attribute name="heapSize specified" value="0" />
  <attribute name="Current GC Util" value="56" />
  <attribute name= "Current Time Running" value="7465" />
  <attribute name ="GC Interval" value="0" />
  <attribute name="ProportionalT" value="18.000000" />
  <attribute name="ProportionalI" value="18.000000" />
  <attribute name="ProportionalH" value="18.000000" />
  <attribute name="Current Error" value="36.000000" />
  <attribute name="IntegralT" value="0.000000" />
  <attribute name="IntegralI" value="0.000000" />
  <attribute name="IntegralH" value="0.000000" />
  <attribute name="DerivativeT" value="inf" />
  <attribute name="DerivativeI" value="inf" />
  <attribute name="DerivativeH" value="inf" />
  <attribute name="Loop Time for DT" value="0.000000" />
  <attribute name="Output H" value="8388608"/>
  <attribute name="Output I" value="200"/>
  <attribute name="Output T" value="1"/>
  <attribute name="Target GC Util Change" value ="20.000000" />
  <attribute name="Current GC Util Change" value="56.000000"/>
  <attribute name="GC Util currently" value="56" />
  <attribute name="CPU Util currently" value="17117279207801" />
<exclusive-end id="385" timestamp="2019-06-14T20:40:37.780" durationms="6.209" />

<exclusive-start id="386" timestamp="2019-06-14T20:40:37.816" intervalms="42.064">
  <response-info timems="0.072" idlems="0.072" threads="0" lastid="0000000001F98700" lastname="main" />
</exclusive-start>
<allocation-taxation id="387" taxation-threshold="17825792" timestamp="2019-06-14T20:40:37.816" intervalms="42.077" />
<cycle-start id="388" type="partial gc" contextid="0" timestamp="2019-06-14T20:40:37.816" intervalms="42.127" />
<gc-start id="389" type="partial gc" contextid="388" timestamp="2019-06-14T20:40:37.816">
  <mem-info id="390" free="2097152" total="45088768" percent="4">
    <mem type="eden" free="0" total="17825792" percent="0" />
    <remembered-set count="23744" freebytes="1704832" totalbytes="1799808" percent="94" regionsoverflowed="0" regionsstable="0" regionsrebuilding="0"/>
  </mem-info>
</gc-start>
<allocation-stats totalBytes="17822432" >
  <allocated-bytes non-tlh="266328" tlh="17556104" arrayletleaf="0"/>
  <largest-consumer threadName="main" threadId="0000000001F98700" bytes="17822432" />
</allocation-stats>
<gc-op id="391" type="copy forward" timems="2.555" contextid="388" timestamp="2019-06-14T20:40:37.820">
  <memory-copied type="eden" objects="12162" bytes="868400" bytesdiscarded="0" />
  <memory-copied type="other" objects="1900" bytes="75544" bytesdiscarded="0" />
  <memory-cardclean objects="293" bytes="26960" />
  <regions eden="17" other="1" />
  <remembered-set-cleared processed="21723" cleared="1279" durationms="0.240" />
  <references type="soft" candidates="38" cleared="0" enqueued="0" dynamicThreshold="14" maxThreshold="32" />
  <references type="weak" candidates="83" cleared="0" enqueued="0" />
  <references type="phantom" candidates="1" cleared="0" enqueued="0" />
  <stringconstants candidates="12481" cleared="0"  />
</gc-op>
<gc-op id="392" type="classunload" timems="0.003" contextid="388" timestamp="2019-06-14T20:40:37.820">
  <classunload-info classloadercandidates="37" classloadersunloaded="0" classesunloaded="0" anonymousclassesunloaded="0" quiescems="0.000" setupms="0.003" scanms="0.000" postms="0.000" />
</gc-op>
<gc-end id="393" type="partial gc" contextid="388" durationms="3.629" usertimems="4.000" systemtimems="0.000" timestamp="2019-06-14T20:40:37.820" activeThreads="1">
  <mem-info id="394" free="18874368" total="45088768" percent="41">
    <mem type="eden" free="180120" total="1048576" percent="17" />
    <remembered-set count="24416" freebytes="1702144" totalbytes="1799808" percent="94" regionsoverflowed="0" regionsstable="0" regionsrebuilding="0"/>
  </mem-info>
</gc-end>
<cycle-end id="395" type="partial gc" contextid="388" timestamp="2019-06-14T20:40:37.820" />
  <attribute name="elasticGC enabled" value="1" />
  <attribute name= "numThreadsSpecified" value="1" />
  <attribute name="heapSize specified" value="0" />
  <attribute name="Current GC Util" value="60" />
  <attribute name= "Current Time Running" value="7507" />
  <attribute name ="GC Interval" value="0" />
  <attribute name="ProportionalT" value="20.000000" />
  <attribute name="ProportionalI" value="20.000000" />
  <attribute name="ProportionalH" value="20.000000" />
  <attribute name="Current Error" value="40.000000" />
  <attribute name="IntegralT" value="0.000000" />
  <attribute name="IntegralI" value="0.000000" />
  <attribute name="IntegralH" value="0.000000" />
  <attribute name="DerivativeT" value="inf" />
  <attribute name="DerivativeI" value="inf" />
  <attribute name="DerivativeH" value="inf" />
  <attribute name="Loop Time for DT" value="0.000000" />
  <attribute name="Output H" value="8388608"/>
  <attribute name="Output I" value="200"/>
  <attribute name="Output T" value="1"/>
  <attribute name="Target GC Util Change" value ="20.000000" />
  <attribute name="Current GC Util Change" value="60.000000"/>
  <attribute name="GC Util currently" value="60" />
  <attribute name="CPU Util currently" value="16554260938291" />
<exclusive-end id="396" timestamp="2019-06-14T20:40:37.820" durationms="4.515" />

<exclusive-start id="397" timestamp="2019-06-14T20:40:37.857" intervalms="40.551">
  <response-info timems="0.056" idlems="0.056" threads="0" lastid="0000000001F98700" lastname="main" />
</exclusive-start>
<allocation-taxation id="398" taxation-threshold="17825792" timestamp="2019-06-14T20:40:37.857" intervalms="40.544" />
<cycle-start id="399" type="partial gc" contextid="0" timestamp="2019-06-14T20:40:37.857" intervalms="40.573" />
<gc-start id="400" type="partial gc" contextid="399" timestamp="2019-06-14T20:40:37.857">
  <mem-info id="401" free="1048576" total="45088768" percent="2">
    <mem type="eden" free="0" total="17825792" percent="0" />
    <remembered-set count="24096" freebytes="1703424" totalbytes="1799808" percent="94" regionsoverflowed="0" regionsstable="0" regionsrebuilding="0"/>
  </mem-info>
</gc-start>
<allocation-stats totalBytes="17823456" >
  <allocated-bytes non-tlh="200400" tlh="17623056" arrayletleaf="0"/>
  <largest-consumer threadName="main" threadId="0000000001F98700" bytes="17823456" />
</allocation-stats>
<gc-op id="402" type="copy forward" timems="1.967" contextid="399" timestamp="2019-06-14T20:40:37.860">
  <memory-copied type="eden" objects="9212" bytes="646016" bytesdiscarded="0" />
  <memory-copied type="other" objects="162" bytes="5696" bytesdiscarded="0" />
  <memory-cardclean objects="126" bytes="12800" />
  <regions eden="17" other="1" />
  <remembered-set-cleared processed="22170" cleared="848" durationms="0.237" />
  <references type="soft" candidates="2" cleared="0" enqueued="0" dynamicThreshold="13" maxThreshold="32" />
  <references type="weak" candidates="18" cleared="0" enqueued="0" />
  <references type="phantom" candidates="1" cleared="0" enqueued="0" />
  <stringconstants candidates="12486" cleared="0"  />
  <heap-resize type="expand" space="default" amount="1048576" count="1" timems="0.061" reason="continue current collection" />
</gc-op>
<gc-op id="403" type="classunload" timems="0.003" contextid="399" timestamp="2019-06-14T20:40:37.860">
  <classunload-info classloadercandidates="38" classloadersunloaded="0" classesunloaded="0" anonymousclassesunloaded="0" quiescems="0.000" setupms="0.003" scanms="0.000" postms="0.000" />
</gc-op>
<gc-end id="404" type="partial gc" contextid="399" durationms="3.073" usertimems="0.000" systemtimems="0.000" timestamp="2019-06-14T20:40:37.860" activeThreads="1">
  <mem-info id="405" free="18874368" total="46137344" percent="40">
    <mem type="eden" free="402504" total="1048576" percent="38" />
    <remembered-set count="24352" freebytes="1744256" totalbytes="1841664" percent="94" regionsoverflowed="0" regionsstable="0" regionsrebuilding="0"/>
  </mem-info>
</gc-end>
<cycle-end id="406" type="partial gc" contextid="399" timestamp="2019-06-14T20:40:37.860" />
  <attribute name="elasticGC enabled" value="1" />
  <attribute name= "numThreadsSpecified" value="1" />
  <attribute name="heapSize specified" value="0" />
  <attribute name="Current GC Util" value="64" />
  <attribute name= "Current Time Running" value="7548" />
  <attribute name ="GC Interval" value="0" />
  <attribute name="ProportionalT" value="22.000000" />
  <attribute name="ProportionalI" value="22.000000" />
  <attribute name="ProportionalH" value="22.000000" />
  <attribute name="Current Error" value="44.000000" />
  <attribute name="IntegralT" value="0.000000" />
  <attribute name="IntegralI" value="0.000000" />
  <attribute name="IntegralH" value="0.000000" />
  <attribute name="DerivativeT" value="inf" />
  <attribute name="DerivativeI" value="inf" />
  <attribute name="DerivativeH" value="inf" />
  <attribute name="Loop Time for DT" value="0.000000" />
  <attribute name="Output H" value="8388608"/>
  <attribute name="Output I" value="200"/>
  <attribute name="Output T" value="1"/>
  <attribute name="Target GC Util Change" value ="20.000000" />
  <attribute name="Current GC Util Change" value="64.000000"/>
  <attribute name="GC Util currently" value="64" />
  <attribute name="CPU Util currently" value="16663605004113" />
<exclusive-end id="407" timestamp="2019-06-14T20:40:37.861" durationms="3.999" />

<exclusive-start id="408" timestamp="2019-06-14T20:40:37.896" intervalms="39.163">
  <response-info timems="0.056" idlems="0.056" threads="0" lastid="0000000001F98700" lastname="main" />
</exclusive-start>
<allocation-taxation id="409" taxation-threshold="17825792" timestamp="2019-06-14T20:40:37.896" intervalms="39.160" />
<cycle-start id="410" type="partial gc" contextid="0" timestamp="2019-06-14T20:40:37.896" intervalms="39.125" />
<gc-start id="411" type="partial gc" contextid="410" timestamp="2019-06-14T20:40:37.896">
  <mem-info id="412" free="1048576" total="46137344" percent="2">
    <mem type="eden" free="0" total="17825792" percent="0" />
    <remembered-set count="24000" freebytes="1745664" totalbytes="1841664" percent="94" regionsoverflowed="0" regionsstable="0" regionsrebuilding="0"/>
  </mem-info>
</gc-start>
<allocation-stats totalBytes="17823608" >
  <allocated-bytes non-tlh="202040" tlh="17621568" arrayletleaf="0"/>
  <largest-consumer threadName="main" threadId="0000000001F98700" bytes="17823608" />
</allocation-stats>
<gc-op id="413" type="copy forward" timems="2.362" contextid="410" timestamp="2019-06-14T20:40:37.899">
  <memory-copied type="eden" objects="13588" bytes="577592" bytesdiscarded="0" />
  <memory-copied type="other" objects="845" bytes="26016" bytesdiscarded="0" />
  <memory-cardclean objects="142" bytes="13384" />
  <regions eden="17" other="1" />
  <remembered-set-cleared processed="22102" cleared="746" durationms="0.239" />
  <references type="soft" candidates="2" cleared="0" enqueued="0" dynamicThreshold="13" maxThreshold="32" />
  <references type="weak" candidates="26" cleared="0" enqueued="0" />
  <stringconstants candidates="12499" cleared="0"  />
  <heap-resize type="expand" space="default" amount="1048576" count="1" timems="0.064" reason="continue current collection" />
</gc-op>
<gc-op id="414" type="classunload" timems="0.004" contextid="410" timestamp="2019-06-14T20:40:37.899">
  <classunload-info classloadercandidates="39" classloadersunloaded="0" classesunloaded="0" anonymousclassesunloaded="0" quiescems="0.000" setupms="0.004" scanms="0.000" postms="0.000" />
</gc-op>
<gc-end id="415" type="partial gc" contextid="410" durationms="3.522" usertimems="0.000" systemtimems="4.000" timestamp="2019-06-14T20:40:37.900" activeThreads="1">
  <mem-info id="416" free="18874368" total="47185920" percent="40">
    <mem type="eden" free="470960" total="1048576" percent="44" />
    <remembered-set count="24864" freebytes="1784064" totalbytes="1883520" percent="94" regionsoverflowed="0" regionsstable="0" regionsrebuilding="0"/>
  </mem-info>
</gc-end>
<cycle-end id="417" type="partial gc" contextid="410" timestamp="2019-06-14T20:40:37.900" />
  <attribute name="elasticGC enabled" value="1" />
  <attribute name= "numThreadsSpecified" value="1" />
  <attribute name="heapSize specified" value="0" />
  <attribute name="Current GC Util" value="62" />
  <attribute name= "Current Time Running" value="7587" />
  <attribute name ="GC Interval" value="0" />
  <attribute name="ProportionalT" value="21.000000" />
  <attribute name="ProportionalI" value="21.000000" />
  <attribute name="ProportionalH" value="21.000000" />
  <attribute name="Current Error" value="42.000000" />
  <attribute name="IntegralT" value="0.000000" />
  <attribute name="IntegralI" value="0.000000" />
  <attribute name="IntegralH" value="0.000000" />
  <attribute name="DerivativeT" value="inf" />
  <attribute name="DerivativeI" value="inf" />
  <attribute name="DerivativeH" value="inf" />
  <attribute name="Loop Time for DT" value="0.000000" />
  <attribute name="Output H" value="8388608"/>
  <attribute name="Output I" value="200"/>
  <attribute name="Output T" value="1"/>
  <attribute name="Target GC Util Change" value ="20.000000" />
  <attribute name="Current GC Util Change" value="62.000000"/>
  <attribute name="GC Util currently" value="62" />
  <attribute name="CPU Util currently" value="16471836713491" />
<exclusive-end id="418" timestamp="2019-06-14T20:40:37.900" durationms="4.381" />

<exclusive-start id="419" timestamp="2019-06-14T20:40:37.930" intervalms="34.723">
  <response-info timems="0.075" idlems="0.075" threads="0" lastid="0000000001F98700" lastname="main" />
</exclusive-start>
<allocation-taxation id="420" taxation-threshold="18874368" timestamp="2019-06-14T20:40:37.931" intervalms="34.730" />
<cycle-start id="421" type="partial gc" contextid="0" timestamp="2019-06-14T20:40:37.931" intervalms="34.721" />
<gc-start id="422" type="partial gc" contextid="421" timestamp="2019-06-14T20:40:37.931">
  <mem-info id="423" free="0" total="47185920" percent="0">
    <mem type="eden" free="0" total="18874368" percent="0" />
    <remembered-set count="24864" freebytes="1784064" totalbytes="1883520" percent="94" regionsoverflowed="0" regionsstable="0" regionsrebuilding="0"/>
  </mem-info>
</gc-start>
<allocation-stats totalBytes="18871744" >
  <allocated-bytes non-tlh="200456" tlh="18671288" arrayletleaf="0"/>
  <largest-consumer threadName="main" threadId="0000000001F98700" bytes="18871744" />
</allocation-stats>
<gc-op id="424" type="mark" timems="1.837" contextid="421" timestamp="2019-06-14T20:40:37.933">
  <trace-info objectcount="20633" scancount="17970" scanbytes="703988" />
  <cardclean-info objects="135" bytes="13176" />
  <remembered-set-cleared processed="22811" cleared="1196" durationms="0.183" />
  <references type="soft" candidates="2" cleared="0" enqueued="0" dynamicThreshold="12" maxThreshold="32" />
  <references type="weak" candidates="14" cleared="0" enqueued="0" />
  <stringconstants candidates="12505" cleared="0"  />
  <warning details="Mark invoked due to insufficient free space for Copy-Forward" />
</gc-op>
<gc-op id="425" type="classunload" timems="0.004" contextid="421" timestamp="2019-06-14T20:40:37.933">
  <classunload-info classloadercandidates="40" classloadersunloaded="0" classesunloaded="0" anonymousclassesunloaded="0" quiescems="0.000" setupms="0.004" scanms="0.000" postms="0.000" />
</gc-op>
<gc-op id="426" type="sweep" timems="0.418" contextid="421" timestamp="2019-06-14T20:40:37.934" />
<gc-op id="427" type="compact" timems="2.293" contextid="421" timestamp="2019-06-14T20:40:37.937">
  <compact-info movecount="20633" movebytes="795440" />
  <remembered-set-cleared processed="48678" cleared="5437" durationms="0.183" />
</gc-op>
<gc-end id="428" type="partial gc" contextid="421" durationms="5.940" usertimems="8.000" systemtimems="0.000" timestamp="2019-06-14T20:40:37.937" activeThreads="4">
  <mem-info id="429" free="17825792" total="47185920" percent="37">
    <mem type="eden" free="266072" total="1048576" percent="25" />
    <remembered-set count="26976" freebytes="1775616" totalbytes="1883520" percent="94" regionsoverflowed="0" regionsstable="0" regionsrebuilding="0"/>
  </mem-info>
</gc-end>
<cycle-end id="430" type="partial gc" contextid="421" timestamp="2019-06-14T20:40:37.937" />
  <attribute name="elasticGC enabled" value="1" />
  <attribute name= "numThreadsSpecified" value="4" />
  <attribute name="heapSize specified" value="0" />
  <attribute name="Current GC Util" value="31" />
  <attribute name= "Current Time Running" value="7624" />
  <attribute name ="GC Interval" value="0" />
  <attribute name="ProportionalT" value="5.500000" />
  <attribute name="ProportionalI" value="5.500000" />
  <attribute name="ProportionalH" value="5.500000" />
  <attribute name="Current Error" value="11.000000" />
  <attribute name="IntegralT" value="0.000000" />
  <attribute name="IntegralI" value="0.000000" />
  <attribute name="IntegralH" value="0.000000" />
  <attribute name="DerivativeT" value="-inf" />
  <attribute name="DerivativeI" value="-inf" />
  <attribute name="DerivativeH" value="-inf" />
  <attribute name="Loop Time for DT" value="0.000000" />
  <attribute name="Output H" value="2091843584"/>
  <attribute name="Output I" value="200"/>
  <attribute name="Output T" value="4"/>
  <attribute name="Target GC Util Change" value ="20.000000" />
  <attribute name="Current GC Util Change" value="31.000000"/>
  <attribute name="GC Util currently" value="31" />
  <attribute name="CPU Util currently" value="6884500626073" />
<exclusive-end id="431" timestamp="2019-06-14T20:40:37.937" durationms="6.816" />

<exclusive-start id="432" timestamp="2019-06-14T20:40:37.984" intervalms="53.631">
  <response-info timems="0.022" idlems="0.022" threads="0" lastid="0000000001F98700" lastname="main" />
</exclusive-start>
<allocation-taxation id="433" taxation-threshold="17825792" timestamp="2019-06-14T20:40:37.984" intervalms="53.623" />
<cycle-start id="434" type="partial gc" contextid="0" timestamp="2019-06-14T20:40:37.984" intervalms="53.622" />
<gc-start id="435" type="partial gc" contextid="434" timestamp="2019-06-14T20:40:37.985">
  <mem-info id="436" free="0" total="47185920" percent="0">
    <mem type="eden" free="0" total="17825792" percent="0" />
    <remembered-set count="26752" freebytes="1776512" totalbytes="1883520" percent="94" regionsoverflowed="0" regionsstable="0" regionsrebuilding="0"/>
  </mem-info>
</gc-start>
<allocation-stats totalBytes="17822712" >
  <allocated-bytes non-tlh="802184" tlh="17020528" arrayletleaf="0"/>
  <largest-consumer threadName="main" threadId="0000000001F98700" bytes="17822712" />
</allocation-stats>
<gc-op id="437" type="mark" timems="1.163" contextid="434" timestamp="2019-06-14T20:40:37.986">
  <trace-info objectcount="5219" scancount="4869" scanbytes="237392" />
  <cardclean-info objects="211" bytes="15628" />
  <remembered-set-cleared processed="24110" cleared="2185" durationms="0.266" />
  <references type="soft" candidates="5" cleared="0" enqueued="0" dynamicThreshold="12" maxThreshold="32" />
  <references type="weak" candidates="29" cleared="0" enqueued="0" />
  <references type="phantom" candidates="1" cleared="0" enqueued="0" />
  <stringconstants candidates="12538" cleared="0"  />
  <warning details="Mark invoked due to insufficient free space for Copy-Forward" />
</gc-op>
<gc-op id="438" type="classunload" timems="0.004" contextid="434" timestamp="2019-06-14T20:40:37.986">
  <classunload-info classloadercandidates="44" classloadersunloaded="0" classesunloaded="0" anonymousclassesunloaded="0" quiescems="0.000" setupms="0.003" scanms="0.000" postms="0.000" />
</gc-op>
<gc-op id="439" type="sweep" timems="0.458" contextid="434" timestamp="2019-06-14T20:40:37.987" />
<gc-op id="440" type="compact" timems="1.813" contextid="434" timestamp="2019-06-14T20:40:37.989">
  <compact-info movecount="5219" movebytes="510232" />
  <remembered-set-cleared processed="46977" cleared="3103" durationms="0.266" />
</gc-op>
<gc-end id="441" type="partial gc" contextid="434" durationms="4.794" usertimems="8.000" systemtimems="0.000" timestamp="2019-06-14T20:40:37.989" activeThreads="1">
  <mem-info id="442" free="16777216" total="47185920" percent="35">
    <mem type="eden" free="544504" total="1048576" percent="51" />
    <remembered-set count="25344" freebytes="1782144" totalbytes="1883520" percent="94" regionsoverflowed="0" regionsstable="0" regionsrebuilding="0"/>
  </mem-info>
</gc-end>
<cycle-end id="443" type="partial gc" contextid="434" timestamp="2019-06-14T20:40:37.990" />
  <attribute name="elasticGC enabled" value="1" />
  <attribute name= "numThreadsSpecified" value="1" />
  <attribute name="heapSize specified" value="0" />
  <attribute name="Current GC Util" value="28" />
  <attribute name= "Current Time Running" value="7677" />
  <attribute name ="GC Interval" value="0" />
  <attribute name="ProportionalT" value="4.000000" />
  <attribute name="ProportionalI" value="4.000000" />
  <attribute name="ProportionalH" value="4.000000" />
  <attribute name="Current Error" value="8.000000" />
  <attribute name="IntegralT" value="0.000000" />
  <attribute name="IntegralI" value="0.000000" />
  <attribute name="IntegralH" value="0.000000" />
  <attribute name="DerivativeT" value="inf" />
  <attribute name="DerivativeI" value="inf" />
  <attribute name="DerivativeH" value="inf" />
  <attribute name="Loop Time for DT" value="0.000000" />
  <attribute name="Output H" value="8388608"/>
  <attribute name="Output I" value="200"/>
  <attribute name="Output T" value="1"/>
  <attribute name="Target GC Util Change" value ="20.000000" />
  <attribute name="Current GC Util Change" value="28.000000"/>
  <attribute name="GC Util currently" value="28" />
  <attribute name="CPU Util currently" value="6591154805048" />
<exclusive-end id="444" timestamp="2019-06-14T20:40:37.990" durationms="5.650" />

<exclusive-start id="445" timestamp="2019-06-14T20:40:38.002" intervalms="17.750">
  <response-info timems="0.065" idlems="0.065" threads="0" lastid="0000000001F98700" lastname="main" />
</exclusive-start>
<allocation-taxation id="446" taxation-threshold="8388608" timestamp="2019-06-14T20:40:38.002" intervalms="17.745" />
<cycle-start id="447" type="global mark phase" contextid="0" timestamp="2019-06-14T20:40:38.002" intervalms="1648.642" />
<gc-start id="448" type="global mark phase" contextid="447" timestamp="2019-06-14T20:40:38.002">
  <mem-info id="449" free="8388608" total="47185920" percent="17">
    <remembered-set count="25120" freebytes="1783040" totalbytes="1883520" percent="94" regionsoverflowed="0" regionsstable="0" regionsrebuilding="0"/>
  </mem-info>
</gc-start>
<gc-op id="450" type="mark increment" timems="0.548" contextid="447" timestamp="2019-06-14T20:40:38.003">
  <trace-info objectcount="238" scancount="0" scanbytes="0" />
</gc-op>
<gc-end id="451" type="global mark phase" contextid="447" durationms="0.734" usertimems="0.000" systemtimems="0.000" timestamp="2019-06-14T20:40:38.003" activeThreads="1">
  <mem-info id="452" free="8388608" total="47185920" percent="17">
    <remembered-set count="25120" freebytes="1783040" totalbytes="1883520" percent="94" regionsoverflowed="0" regionsstable="0" regionsrebuilding="0"/>
  </mem-info>
</gc-end>
<concurrent-start id="453" type="GMP work packet processing" contextid="447" timestamp="2019-06-14T20:40:38.003">
  <concurrent-mark-start scanTarget="18446744073709551615" />
</concurrent-start>
<exclusive-end id="454" timestamp="2019-06-14T20:40:38.004" durationms="1.955" />

<concurrent-end id="455" type="GMP work packet processing" contextid="447" timestamp="2019-06-14T20:40:38.006">
  <concurrent-mark-end bytesScanned="3233876" reasonForTermination="Completed all work in GC phase" />
</concurrent-end>

<exclusive-start id="456" timestamp="2019-06-14T20:40:38.022" intervalms="20.021">
  <response-info timems="0.025" idlems="0.025" threads="0" lastid="0000000001F98700" lastname="main" />
</exclusive-start>
<allocation-taxation id="457" taxation-threshold="8388608" timestamp="2019-06-14T20:40:38.022" intervalms="20.002" />
<cycle-start id="458" type="partial gc" contextid="0" timestamp="2019-06-14T20:40:38.022" intervalms="37.735" />
<gc-start id="459" type="partial gc" contextid="458" timestamp="2019-06-14T20:40:38.022">
  <mem-info id="460" free="0" total="47185920" percent="0">
    <mem type="eden" free="544504" total="17825792" percent="3" />
    <remembered-set count="25120" freebytes="1783040" totalbytes="1883520" percent="94" regionsoverflowed="0" regionsstable="0" regionsrebuilding="0"/>
  </mem-info>
</gc-start>
<allocation-stats totalBytes="16775264" >
  <allocated-bytes non-tlh="200384" tlh="16574880" arrayletleaf="0"/>
  <largest-consumer threadName="main" threadId="0000000001F98700" bytes="8387496" />
</allocation-stats>
<gc-op id="461" type="mark" timems="1.722" contextid="458" timestamp="2019-06-14T20:40:38.025">
  <trace-info objectcount="8093" scancount="7327" scanbytes="334016" />
  <cardclean-info objects="135" bytes="13484" />
  <remembered-set-cleared processed="22710" cleared="448" durationms="0.285" />
  <references type="soft" candidates="5" cleared="0" enqueued="0" dynamicThreshold="5" maxThreshold="32" />
  <references type="weak" candidates="27" cleared="0" enqueued="0" />
  <references type="phantom" candidates="1" cleared="0" enqueued="0" />
  <stringconstants candidates="12543" cleared="0"  />
  <warning details="Mark invoked due to insufficient free space for Copy-Forward" />
</gc-op>
<gc-op id="462" type="classunload" timems="0.004" contextid="458" timestamp="2019-06-14T20:40:38.025">
  <classunload-info classloadercandidates="45" classloadersunloaded="0" classesunloaded="0" anonymousclassesunloaded="0" quiescems="0.000" setupms="0.003" scanms="0.000" postms="0.000" />
</gc-op>
<gc-op id="463" type="sweep" timems="0.812" contextid="458" timestamp="2019-06-14T20:40:38.026" />
<gc-op id="464" type="compact" timems="2.333" contextid="458" timestamp="2019-06-14T20:40:38.029">
  <compact-info movecount="7934" movebytes="616000" />
  <remembered-set-cleared processed="46415" cleared="1886" durationms="0.285" />
</gc-op>
<heap-resize id="465" type="expand" space="default" amount="8388608" count="1" timems="0.102" reason="excessive time being spent in gc" timestamp="2019-06-14T20:40:38.029" />
<gc-end id="466" type="partial gc" contextid="458" durationms="6.619" usertimems="16.000" systemtimems="0.000" timestamp="2019-06-14T20:40:38.029" activeThreads="4">
  <mem-info id="467" free="24117248" total="55574528" percent="43">
    <mem type="eden" free="1475584" total="2097152" percent="70" />
    <remembered-set count="25952" freebytes="2114560" totalbytes="2218368" percent="95" regionsoverflowed="0" regionsstable="0" regionsrebuilding="0"/>
  </mem-info>
</gc-end>
<cycle-end id="468" type="partial gc" contextid="458" timestamp="2019-06-14T20:40:38.029" />
  <attribute name="elasticGC enabled" value="1" />
  <attribute name= "numThreadsSpecified" value="4" />
  <attribute name="heapSize specified" value="0" />
  <attribute name="Current GC Util" value="178" />
  <attribute name= "Current Time Running" value="7716" />
  <attribute name ="GC Interval" value="0" />
  <attribute name="ProportionalT" value="79.000000" />
  <attribute name="ProportionalI" value="79.000000" />
  <attribute name="ProportionalH" value="79.000000" />
  <attribute name="Current Error" value="158.000000" />
  <attribute name="IntegralT" value="158.000000" />
  <attribute name="IntegralI" value="158.000000" />
  <attribute name="IntegralH" value="158.000000" />
  <attribute name="DerivativeT" value="79.000000" />
  <attribute name="DerivativeI" value="79.000000" />
  <attribute name="DerivativeH" value="79.000000" />
  <attribute name="Loop Time for DT" value="1.000000" />
  <attribute name="Output H" value="8388608"/>
  <attribute name="Output I" value="320"/>
  <attribute name="Output T" value="4"/>
  <attribute name="Target GC Util Change" value ="20.000000" />
  <attribute name="Current GC Util Change" value="178.000000"/>
  <attribute name="GC Util currently" value="178" />
  <attribute name="CPU Util currently" value="4200074509374" />
<exclusive-end id="469" timestamp="2019-06-14T20:40:38.029" durationms="7.588" />

<exclusive-start id="470" timestamp="2019-06-14T20:40:38.043" intervalms="21.046">
  <response-info timems="0.062" idlems="0.062" threads="0" lastid="0000000001F98700" lastname="main" />
</exclusive-start>
<allocation-taxation id="471" taxation-threshold="10485760" timestamp="2019-06-14T20:40:38.043" intervalms="21.054" />
<gc-start id="472" type="global mark phase" contextid="447" timestamp="2019-06-14T20:40:38.043">
  <mem-info id="473" free="13631488" total="55574528" percent="24">
    <remembered-set count="25760" freebytes="2115328" totalbytes="2218368" percent="95" regionsoverflowed="0" regionsstable="0" regionsrebuilding="0"/>
  </mem-info>
</gc-start>
<gc-op id="474" type="mark increment" timems="2.872" contextid="447" timestamp="2019-06-14T20:40:38.046">
  <trace-info objectcount="14491" scancount="13113" scanbytes="560112" />
  <cardclean-info objects="181" bytes="14876" />
  <finalization candidates="80" enqueued="0" />
  <ownableSynchronizers candidates="22" cleared="0" />
  <references type="soft" candidates="1932" cleared="195" enqueued="191" dynamicThreshold="13" maxThreshold="32" />
  <references type="weak" candidates="5438" cleared="22" enqueued="22" />
  <references type="phantom" candidates="104" cleared="3" enqueued="3" />
  <stringconstants candidates="12543" cleared="0"  />
</gc-op>
<gc-op id="475" type="classunload" timems="0.007" contextid="447" timestamp="2019-06-14T20:40:38.046">
  <classunload-info classloadercandidates="45" classloadersunloaded="0" classesunloaded="0" anonymousclassesunloaded="0" quiescems="0.000" setupms="0.007" scanms="0.000" postms="0.000" />
</gc-op>
<gc-end id="476" type="global mark phase" contextid="447" durationms="3.161" usertimems="4.000" systemtimems="0.000" timestamp="2019-06-14T20:40:38.046" activeThreads="4">
  <mem-info id="477" free="13631488" total="55574528" percent="24">
    <pending-finalizers system="0" default="0" reference="216" classloader="0" />
    <remembered-set count="25760" freebytes="2115328" totalbytes="2218368" percent="95" regionsoverflowed="0" regionsstable="0" regionsrebuilding="0"/>
  </mem-info>
</gc-end>
<cycle-end id="478" type="global mark phase" contextid="447" timestamp="2019-06-14T20:40:38.046" />
  <attribute name="elasticGC enabled" value="1" />
  <attribute name= "numThreadsSpecified" value="4" />
  <attribute name="heapSize specified" value="0" />
  <attribute name="Current GC Util" value="188" />
  <attribute name= "Current Time Running" value="7735" />
  <attribute name ="GC Interval" value="0" />
  <attribute name="ProportionalT" value="84.000000" />
  <attribute name="ProportionalI" value="84.000000" />
  <attribute name="ProportionalH" value="84.000000" />
  <attribute name="Current Error" value="168.000000" />
  <attribute name="IntegralT" value="168.000000" />
  <attribute name="IntegralI" value="168.000000" />
  <attribute name="IntegralH" value="168.000000" />
  <attribute name="DerivativeT" value="-3.000000" />
  <attribute name="DerivativeI" value="-3.000000" />
  <attribute name="DerivativeH" value="-3.000000" />
  <attribute name="Loop Time for DT" value="1.000000" />
  <attribute name="Output H" value="8388608"/>
  <attribute name="Output I" value="256"/>
  <attribute name="Output T" value="4"/>
  <attribute name="Target GC Util Change" value ="20.000000" />
  <attribute name="Current GC Util Change" value="188.000000"/>
  <attribute name="GC Util currently" value="188" />
  <attribute name="CPU Util currently" value="5533819568760" />
<exclusive-end id="479" timestamp="2019-06-14T20:40:38.046" durationms="3.553" />

<exclusive-start id="480" timestamp="2019-06-14T20:40:38.085" intervalms="42.259">
  <response-info timems="0.022" idlems="0.022" threads="0" lastid="0000000001F98700" lastname="main" />
</exclusive-start>
<allocation-taxation id="481" taxation-threshold="10485760" timestamp="2019-06-14T20:40:38.085" intervalms="42.231" />
<cycle-start id="482" type="partial gc" contextid="0" timestamp="2019-06-14T20:40:38.085" intervalms="63.281" />
<gc-start id="483" type="partial gc" contextid="482" timestamp="2019-06-14T20:40:38.086">
  <mem-info id="484" free="3145728" total="55574528" percent="5">
    <mem type="eden" free="585768" total="22020096" percent="2" />
    <remembered-set count="25760" freebytes="2115328" totalbytes="2218368" percent="95" regionsoverflowed="0" regionsstable="0" regionsrebuilding="0"/>
  </mem-info>
</gc-start>
<allocation-stats totalBytes="20838208" >
  <allocated-bytes non-tlh="401832" tlh="20436376" arrayletleaf="0"/>
  <largest-consumer threadName="main" threadId="0000000001F98700" bytes="10349408" />
</allocation-stats>
<gc-op id="485" type="sweep" timems="1.000" contextid="482" timestamp="2019-06-14T20:40:38.087" />
<gc-op id="486" type="copy forward" timems="2.370" contextid="482" timestamp="2019-06-14T20:40:38.090">
  <memory-copied type="eden" objects="610" bytes="56872" bytesdiscarded="17696" />
  <memory-copied type="other" objects="144" bytes="5080" bytesdiscarded="9904" />
  <memory-cardclean objects="952" bytes="47920" />
  <regions eden="10" other="12" />
  <remembered-set-cleared processed="23150" cleared="6711" durationms="0.154" />
  <references type="soft" candidates="4" cleared="0" enqueued="0" dynamicThreshold="7" maxThreshold="32" />
  <references type="weak" candidates="18" cleared="0" enqueued="0" />
  <references type="phantom" candidates="1" cleared="0" enqueued="0" />
  <stringconstants candidates="12572" cleared="0"  />
</gc-op>
<gc-op id="487" type="classunload" timems="0.005" contextid="482" timestamp="2019-06-14T20:40:38.090">
  <classunload-info classloadercandidates="48" classloadersunloaded="0" classesunloaded="0" anonymousclassesunloaded="0" quiescems="0.000" setupms="0.005" scanms="0.000" postms="0.000" />
</gc-op>
<heap-resize id="488" type="expand" space="default" amount="10485760" count="1" timems="0.121" reason="excessive time being spent in gc" timestamp="2019-06-14T20:40:38.090" />
<gc-end id="489" type="partial gc" contextid="482" durationms="4.876" usertimems="0.000" systemtimems="8.000" timestamp="2019-06-14T20:40:38.090" activeThreads="4">
  <mem-info id="490" free="35651584" total="66060288" percent="53">
    <mem type="eden" free="2007688" total="2097152" percent="95" />
    <remembered-set count="20128" freebytes="2556416" totalbytes="2636928" percent="96" regionsoverflowed="0" regionsstable="0" regionsrebuilding="0"/>
  </mem-info>
</gc-end>
<cycle-end id="491" type="partial gc" contextid="482" timestamp="2019-06-14T20:40:38.091" />
  <attribute name="elasticGC enabled" value="1" />
  <attribute name= "numThreadsSpecified" value="4" />
  <attribute name="heapSize specified" value="0" />
  <attribute name="Current GC Util" value="145" />
  <attribute name= "Current Time Running" value="7778" />
  <attribute name ="GC Interval" value="0" />
  <attribute name="ProportionalT" value="62.500000" />
  <attribute name="ProportionalI" value="62.500000" />
  <attribute name="ProportionalH" value="62.500000" />
  <attribute name="Current Error" value="125.000000" />
  <attribute name="IntegralT" value="125.000000" />
  <attribute name="IntegralI" value="125.000000" />
  <attribute name="IntegralH" value="125.000000" />
  <attribute name="DerivativeT" value="3.000000" />
  <attribute name="DerivativeI" value="3.000000" />
  <attribute name="DerivativeH" value="3.000000" />
  <attribute name="Loop Time for DT" value="1.000000" />
  <attribute name="Output H" value="8388608"/>
  <attribute name="Output I" value="200"/>
  <attribute name="Output T" value="4"/>
  <attribute name="Target GC Util Change" value ="20.000000" />
  <attribute name="Current GC Util Change" value="145.000000"/>
  <attribute name="GC Util currently" value="145" />
  <attribute name="CPU Util currently" value="13123377282793" />
<exclusive-end id="492" timestamp="2019-06-14T20:40:38.091" durationms="5.662" />

<exclusive-start id="493" timestamp="2019-06-14T20:40:38.134" intervalms="49.160">
  <response-info timems="0.024" idlems="0.024" threads="0" lastid="0000000001F98700" lastname="main" />
</exclusive-start>
<allocation-taxation id="494" taxation-threshold="23068672" timestamp="2019-06-14T20:40:38.134" intervalms="49.194" />
<cycle-start id="495" type="partial gc" contextid="0" timestamp="2019-06-14T20:40:38.134" intervalms="49.207" />
<gc-start id="496" type="partial gc" contextid="495" timestamp="2019-06-14T20:40:38.135">
  <mem-info id="497" free="12582912" total="66060288" percent="19">
    <mem type="eden" free="0" total="23068672" percent="0" />
    <remembered-set count="20128" freebytes="2556416" totalbytes="2636928" percent="96" regionsoverflowed="0" regionsstable="0" regionsrebuilding="0"/>
  </mem-info>
</gc-start>
<allocation-stats totalBytes="23065160" >
  <allocated-bytes non-tlh="867384" tlh="22197776" arrayletleaf="0"/>
  <largest-consumer threadName="main" threadId="0000000001F98700" bytes="23065160" />
</allocation-stats>
<gc-op id="498" type="copy forward" timems="2.817" contextid="495" timestamp="2019-06-14T20:40:38.139">
  <memory-copied type="eden" objects="11495" bytes="818448" bytesdiscarded="58112" />
  <memory-copied type="other" objects="1775" bytes="70632" bytesdiscarded="1712" />
  <memory-cardclean objects="1718" bytes="92952" />
  <regions eden="22" other="4" />
  <remembered-set-cleared processed="16570" cleared="2669" durationms="0.142" />
  <references type="soft" candidates="7" cleared="0" enqueued="0" dynamicThreshold="17" maxThreshold="32" />
  <references type="weak" candidates="158" cleared="0" enqueued="0" />
  <references type="phantom" candidates="1" cleared="0" enqueued="0" />
  <stringconstants candidates="12601" cleared="4"  />
</gc-op>
<gc-op id="499" type="classunload" timems="0.325" contextid="495" timestamp="2019-06-14T20:40:38.139">
  <classunload-info classloadercandidates="51" classloadersunloaded="2" classesunloaded="2" anonymousclassesunloaded="0" quiescems="0.000" setupms="0.311" scanms="0.009" postms="0.005" />
</gc-op>
<heap-resize id="500" type="expand" space="default" amount="10485760" count="1" timems="0.108" reason="excessive time being spent in gc" timestamp="2019-06-14T20:40:38.139" />
<gc-end id="501" type="partial gc" contextid="495" durationms="4.560" usertimems="8.000" systemtimems="0.000" timestamp="2019-06-14T20:40:38.139" activeThreads="4">
  <mem-info id="502" free="46137344" total="76546048" percent="60">
    <mem type="eden" free="171960" total="1048576" percent="16" />
    <remembered-set count="19648" freebytes="2976896" totalbytes="3055488" percent="97" regionsoverflowed="0" regionsstable="0" regionsrebuilding="0"/>
  </mem-info>
</gc-end>
<cycle-end id="503" type="partial gc" contextid="495" timestamp="2019-06-14T20:40:38.140" />
  <attribute name="elasticGC enabled" value="1" />
  <attribute name= "numThreadsSpecified" value="4" />
  <attribute name="heapSize specified" value="0" />
  <attribute name="Current GC Util" value="161" />
  <attribute name= "Current Time Running" value="7826" />
  <attribute name ="GC Interval" value="0" />
  <attribute name="ProportionalT" value="70.500000" />
  <attribute name="ProportionalI" value="70.500000" />
  <attribute name="ProportionalH" value="70.500000" />
  <attribute name="Current Error" value="141.000000" />
  <attribute name="IntegralT" value="141.000000" />
  <attribute name="IntegralI" value="141.000000" />
  <attribute name="IntegralH" value="141.000000" />
  <attribute name="DerivativeT" value="70.500000" />
  <attribute name="DerivativeI" value="70.500000" />
  <attribute name="DerivativeH" value="70.500000" />
  <attribute name="Loop Time for DT" value="1.000000" />
  <attribute name="Output H" value="8388608"/>
  <attribute name="Output I" value="288"/>
  <attribute name="Output T" value="4"/>
  <attribute name="Target GC Util Change" value ="20.000000" />
  <attribute name="Current GC Util Change" value="161.000000"/>
  <attribute name="GC Util currently" value="161" />
  <attribute name="CPU Util currently" value="11790462193570" />
<exclusive-end id="504" timestamp="2019-06-14T20:40:38.140" durationms="5.420" />

<exclusive-start id="505" timestamp="2019-06-14T20:40:38.176" intervalms="42.200">
  <response-info timems="0.072" idlems="0.072" threads="0" lastid="0000000001F98700" lastname="main" />
</exclusive-start>
<allocation-taxation id="506" taxation-threshold="26214400" timestamp="2019-06-14T20:40:38.177" intervalms="42.224" />
<cycle-start id="507" type="partial gc" contextid="0" timestamp="2019-06-14T20:40:38.177" intervalms="42.294" />
<gc-start id="508" type="partial gc" contextid="507" timestamp="2019-06-14T20:40:38.177">
  <mem-info id="509" free="19922944" total="76546048" percent="26">
    <mem type="eden" free="0" total="26214400" percent="0" />
    <remembered-set count="19648" freebytes="2976896" totalbytes="3055488" percent="97" regionsoverflowed="0" regionsstable="0" regionsrebuilding="0"/>
  </mem-info>
</gc-start>
<allocation-stats totalBytes="26211560" >
  <allocated-bytes non-tlh="200688" tlh="26010872" arrayletleaf="0"/>
  <largest-consumer threadName="main" threadId="0000000001F98700" bytes="26211560" />
</allocation-stats>
<gc-op id="510" type="copy forward" timems="3.709" contextid="507" timestamp="2019-06-14T20:40:38.182">
  <memory-copied type="eden" objects="16507" bytes="933216" bytesdiscarded="0" />
  <memory-copied type="other" objects="2311" bytes="92800" bytesdiscarded="504" />
  <memory-cardclean objects="3354" bytes="163512" />
  <regions eden="25" other="3" />
  <remembered-set-cleared processed="16221" cleared="3453" durationms="0.271" />
  <references type="soft" candidates="74" cleared="0" enqueued="0" dynamicThreshold="19" maxThreshold="32" />
  <references type="weak" candidates="114" cleared="0" enqueued="0" />
  <references type="phantom" candidates="1" cleared="0" enqueued="0" />
  <stringconstants candidates="12607" cleared="0"  />
</gc-op>
<gc-op id="511" type="classunload" timems="0.003" contextid="507" timestamp="2019-06-14T20:40:38.182">
  <classunload-info classloadercandidates="50" classloadersunloaded="0" classesunloaded="0" anonymousclassesunloaded="0" quiescems="0.000" setupms="0.003" scanms="0.000" postms="0.000" />
</gc-op>
<gc-end id="512" type="partial gc" contextid="507" durationms="4.946" usertimems="4.000" systemtimems="4.000" timestamp="2019-06-14T20:40:38.182" activeThreads="1">
  <mem-info id="513" free="46137344" total="76546048" percent="60">
    <mem type="eden" free="115304" total="1048576" percent="10" />
    <remembered-set count="20288" freebytes="2974336" totalbytes="3055488" percent="97" regionsoverflowed="0" regionsstable="0" regionsrebuilding="0"/>
  </mem-info>
</gc-end>
<cycle-end id="514" type="partial gc" contextid="507" timestamp="2019-06-14T20:40:38.182" />
  <attribute name="elasticGC enabled" value="1" />
  <attribute name= "numThreadsSpecified" value="1" />
  <attribute name="heapSize specified" value="0" />
  <attribute name="Current GC Util" value="155" />
  <attribute name= "Current Time Running" value="7868" />
  <attribute name ="GC Interval" value="0" />
  <attribute name="ProportionalT" value="67.500000" />
  <attribute name="ProportionalI" value="67.500000" />
  <attribute name="ProportionalH" value="67.500000" />
  <attribute name="Current Error" value="135.000000" />
  <attribute name="IntegralT" value="0.000000" />
  <attribute name="IntegralI" value="0.000000" />
  <attribute name="IntegralH" value="0.000000" />
  <attribute name="DerivativeT" value="inf" />
  <attribute name="DerivativeI" value="inf" />
  <attribute name="DerivativeH" value="inf" />
  <attribute name="Loop Time for DT" value="0.000000" />
  <attribute name="Output H" value="8388608"/>
  <attribute name="Output I" value="200"/>
  <attribute name="Output T" value="1"/>
  <attribute name="Target GC Util Change" value ="20.000000" />
  <attribute name="Current GC Util Change" value="155.000000"/>
  <attribute name="GC Util currently" value="155" />
  <attribute name="CPU Util currently" value="12570800095288" />
<exclusive-end id="515" timestamp="2019-06-14T20:40:38.182" durationms="5.942" />

<exclusive-start id="516" timestamp="2019-06-14T20:40:38.302" intervalms="125.122">
  <response-info timems="0.030" idlems="0.030" threads="0" lastid="0000000001F98700" lastname="main" />
</exclusive-start>
<allocation-taxation id="517" taxation-threshold="26214400" timestamp="2019-06-14T20:40:38.302" intervalms="125.084" />
<cycle-start id="518" type="partial gc" contextid="0" timestamp="2019-06-14T20:40:38.302" intervalms="125.021" />
<gc-start id="519" type="partial gc" contextid="518" timestamp="2019-06-14T20:40:38.302">
  <mem-info id="520" free="19922944" total="76546048" percent="26">
    <mem type="eden" free="0" total="26214400" percent="0" />
    <remembered-set count="20128" freebytes="2974976" totalbytes="3055488" percent="97" regionsoverflowed="0" regionsstable="0" regionsrebuilding="0"/>
  </mem-info>
</gc-start>
<allocation-stats totalBytes="26205984" >
  <allocated-bytes non-tlh="983552" tlh="25222432" arrayletleaf="0"/>
  <largest-consumer threadName="main" threadId="0000000001F98700" bytes="26205984" />
</allocation-stats>
<gc-op id="521" type="copy forward" timems="3.899" contextid="518" timestamp="2019-06-14T20:40:38.307">
  <memory-copied type="eden" objects="15467" bytes="899104" bytesdiscarded="0" />
  <memory-copied type="other" objects="2488" bytes="105600" bytesdiscarded="432" />
  <memory-cardclean objects="1210" bytes="69720" />
  <regions eden="25" other="3" />
  <remembered-set-cleared processed="16702" cleared="2967" durationms="0.266" />
  <references type="soft" candidates="780" cleared="0" enqueued="0" dynamicThreshold="19" maxThreshold="32" />
  <references type="weak" candidates="500" cleared="0" enqueued="0" />
  <references type="phantom" candidates="1" cleared="0" enqueued="0" />
  <stringconstants candidates="13257" cleared="0"  />
</gc-op>
<gc-op id="522" type="classunload" timems="0.004" contextid="518" timestamp="2019-06-14T20:40:38.307">
  <classunload-info classloadercandidates="54" classloadersunloaded="0" classesunloaded="0" anonymousclassesunloaded="0" quiescems="0.000" setupms="0.004" scanms="0.000" postms="0.000" />
</gc-op>
<gc-end id="523" type="partial gc" contextid="518" durationms="5.173" usertimems="4.000" systemtimems="0.000" timestamp="2019-06-14T20:40:38.307" activeThreads="1">
  <mem-info id="524" free="46137344" total="76546048" percent="60">
    <mem type="eden" free="148904" total="1048576" percent="14" />
    <remembered-set count="20352" freebytes="2974080" totalbytes="3055488" percent="97" regionsoverflowed="0" regionsstable="0" regionsrebuilding="0"/>
  </mem-info>
</gc-end>
<cycle-end id="525" type="partial gc" contextid="518" timestamp="2019-06-14T20:40:38.307" />
  <attribute name="elasticGC enabled" value="1" />
  <attribute name= "numThreadsSpecified" value="1" />
  <attribute name="heapSize specified" value="0" />
  <attribute name="Current GC Util" value="222" />
  <attribute name= "Current Time Running" value="7993" />
  <attribute name ="GC Interval" value="0" />
  <attribute name="ProportionalT" value="101.000000" />
  <attribute name="ProportionalI" value="101.000000" />
  <attribute name="ProportionalH" value="101.000000" />
  <attribute name="Current Error" value="202.000000" />
  <attribute name="IntegralT" value="0.000000" />
  <attribute name="IntegralI" value="0.000000" />
  <attribute name="IntegralH" value="0.000000" />
  <attribute name="DerivativeT" value="inf" />
  <attribute name="DerivativeI" value="inf" />
  <attribute name="DerivativeH" value="inf" />
  <attribute name="Loop Time for DT" value="0.000000" />
  <attribute name="Output H" value="8388608"/>
  <attribute name="Output I" value="200"/>
  <attribute name="Output T" value="1"/>
  <attribute name="Target GC Util Change" value ="20.000000" />
  <attribute name="Current GC Util Change" value="222.000000"/>
  <attribute name="GC Util currently" value="222" />
  <attribute name="CPU Util currently" value="10224946422724" />
<exclusive-end id="526" timestamp="2019-06-14T20:40:38.308" durationms="6.123" />

<exclusive-start id="527" timestamp="2019-06-14T20:40:38.645" intervalms="343.174">
  <response-info timems="0.035" idlems="0.035" threads="0" lastid="0000000001F98700" lastname="main" />
</exclusive-start>
<allocation-taxation id="528" taxation-threshold="26214400" timestamp="2019-06-14T20:40:38.645" intervalms="343.289" />
<cycle-start id="529" type="partial gc" contextid="0" timestamp="2019-06-14T20:40:38.645" intervalms="343.348" />
<gc-start id="530" type="partial gc" contextid="529" timestamp="2019-06-14T20:40:38.645">
  <mem-info id="531" free="19922944" total="76546048" percent="26">
    <mem type="eden" free="0" total="26214400" percent="0" />
    <arraylet-primitive objects="1" leaves="1" largest="1" />
    <remembered-set count="20192" freebytes="2974720" totalbytes="3055488" percent="97" regionsoverflowed="0" regionsstable="0" regionsrebuilding="0"/>
  </mem-info>
</gc-start>
<allocation-stats totalBytes="26191352" >
  <allocated-bytes non-tlh="1865600" tlh="23277176" arrayletleaf="1048576"/>
  <largest-consumer threadName="main" threadId="0000000001F98700" bytes="26191352" />
</allocation-stats>
<gc-op id="532" type="copy forward" timems="7.111" contextid="529" timestamp="2019-06-14T20:40:38.653">
  <memory-copied type="eden" objects="37356" bytes="1873756" bytesdiscarded="0" />
  <memory-copied type="other" objects="15063" bytes="564760" bytesdiscarded="96" />
  <memory-cardclean objects="4474" bytes="204392" />
  <regions eden="24" other="3" />
  <remembered-set-cleared processed="15713" cleared="5260" durationms="0.279" />
  <finalization candidates="3" enqueued="2" />
  <references type="soft" candidates="834" cleared="0" enqueued="0" dynamicThreshold="19" maxThreshold="32" />
  <references type="weak" candidates="604" cleared="0" enqueued="0" />
  <references type="phantom" candidates="2" cleared="0" enqueued="0" />
  <stringconstants candidates="13319" cleared="0"  />
</gc-op>
<gc-op id="533" type="classunload" timems="0.005" contextid="529" timestamp="2019-06-14T20:40:38.654">
  <classunload-info classloadercandidates="55" classloadersunloaded="0" classesunloaded="0" anonymousclassesunloaded="0" quiescems="0.000" setupms="0.005" scanms="0.000" postms="0.000" />
</gc-op>
<heap-resize id="534" type="contract" space="default" amount="4194304" count="1" timems="0.052" reason="insufficient time being spent in gc" timestamp="2019-06-14T20:40:38.654" />
<gc-end id="535" type="partial gc" contextid="529" durationms="8.572" usertimems="12.000" systemtimems="0.000" timestamp="2019-06-14T20:40:38.654" activeThreads="1">
  <mem-info id="536" free="39845888" total="72351744" percent="55">
    <mem type="eden" free="223288" total="3145728" percent="7" />
    <arraylet-primitive objects="1" leaves="1" largest="1" />
    <pending-finalizers system="0" default="2" reference="0" classloader="0" />
    <remembered-set count="20960" freebytes="2971648" totalbytes="3055488" percent="97" regionsoverflowed="0" regionsstable="0" regionsrebuilding="0"/>
  </mem-info>
</gc-end>
<cycle-end id="537" type="partial gc" contextid="529" timestamp="2019-06-14T20:40:38.654" />
  <attribute name="elasticGC enabled" value="1" />
  <attribute name= "numThreadsSpecified" value="1" />
  <attribute name="heapSize specified" value="0" />
  <attribute name="Current GC Util" value="177" />
  <attribute name= "Current Time Running" value="8336" />
  <attribute name ="GC Interval" value="0" />
  <attribute name="ProportionalT" value="78.500000" />
  <attribute name="ProportionalI" value="78.500000" />
  <attribute name="ProportionalH" value="78.500000" />
  <attribute name="Current Error" value="157.000000" />
  <attribute name="IntegralT" value="0.000000" />
  <attribute name="IntegralI" value="0.000000" />
  <attribute name="IntegralH" value="0.000000" />
  <attribute name="DerivativeT" value="inf" />
  <attribute name="DerivativeI" value="inf" />
  <attribute name="DerivativeH" value="inf" />
  <attribute name="Loop Time for DT" value="0.000000" />
  <attribute name="Output H" value="8388608"/>
  <attribute name="Output I" value="200"/>
  <attribute name="Output T" value="1"/>
  <attribute name="Target GC Util Change" value ="20.000000" />
  <attribute name="Current GC Util Change" value="177.000000"/>
  <attribute name="GC Util currently" value="177" />
  <attribute name="CPU Util currently" value="13250981278066" />
<exclusive-end id="538" timestamp="2019-06-14T20:40:38.654" durationms="9.639" />

<exclusive-start id="539" timestamp="2019-06-14T20:40:38.784" intervalms="139.104">
  <response-info timems="0.070" idlems="0.070" threads="0" lastid="0000000001F98700" lastname="main" />
</exclusive-start>
<allocation-taxation id="540" taxation-threshold="25165824" timestamp="2019-06-14T20:40:38.784" intervalms="139.037" />
<cycle-start id="541" type="partial gc" contextid="0" timestamp="2019-06-14T20:40:38.784" intervalms="139.003" />
<gc-start id="542" type="partial gc" contextid="541" timestamp="2019-06-14T20:40:38.784">
  <mem-info id="543" free="14680064" total="72351744" percent="20">
    <mem type="eden" free="0" total="25165824" percent="0" />
    <arraylet-primitive objects="1" leaves="1" largest="1" />
    <remembered-set count="20896" freebytes="2971904" totalbytes="3055488" percent="97" regionsoverflowed="0" regionsstable="0" regionsrebuilding="0"/>
  </mem-info>
</gc-start>
<allocation-stats totalBytes="25143824" >
  <allocated-bytes non-tlh="0" tlh="25143824" arrayletleaf="0"/>
  <largest-consumer threadName="main" threadId="0000000001F98700" bytes="25139728" />
</allocation-stats>
<gc-op id="544" type="copy forward" timems="10.492" contextid="541" timestamp="2019-06-14T20:40:38.796">
  <memory-copied type="eden" objects="52292" bytes="1333816" bytesdiscarded="32" />
  <memory-copied type="other" objects="43156" bytes="2060620" bytesdiscarded="520" />
  <memory-cardclean objects="1632" bytes="93680" />
  <regions eden="24" other="4" />
  <remembered-set-cleared processed="17286" cleared="5105" durationms="0.255" />
  <finalization candidates="1" enqueued="0" />
  <references type="soft" candidates="326" cleared="0" enqueued="0" dynamicThreshold="17" maxThreshold="32" />
  <references type="weak" candidates="304" cleared="0" enqueued="0" />
  <references type="phantom" candidates="2" cleared="0" enqueued="0" />
  <stringconstants candidates="13319" cleared="0"  />
</gc-op>
<gc-op id="545" type="classunload" timems="0.006" contextid="541" timestamp="2019-06-14T20:40:38.796">
  <classunload-info classloadercandidates="55" classloadersunloaded="0" classesunloaded="0" anonymousclassesunloaded="0" quiescems="0.000" setupms="0.005" scanms="0.000" postms="0.000" />
</gc-op>
<heap-resize id="546" type="contract" space="default" amount="4194304" count="1" timems="0.061" reason="insufficient time being spent in gc" timestamp="2019-06-14T20:40:38.796" />
<gc-end id="547" type="partial gc" contextid="541" durationms="12.148" usertimems="8.000" systemtimems="4.000" timestamp="2019-06-14T20:40:38.797" activeThreads="1">
  <mem-info id="548" free="34603008" total="68157440" percent="50">
    <mem type="eden" free="763304" total="2097152" percent="36" />
    <arraylet-primitive objects="1" leaves="1" largest="1" />
    <remembered-set count="21632" freebytes="2801536" totalbytes="2888064" percent="97" regionsoverflowed="0" regionsstable="0" regionsrebuilding="0"/>
  </mem-info>
</gc-end>
<cycle-end id="549" type="partial gc" contextid="541" timestamp="2019-06-14T20:40:38.797" />
  <attribute name="elasticGC enabled" value="1" />
  <attribute name= "numThreadsSpecified" value="1" />
  <attribute name="heapSize specified" value="0" />
  <attribute name="Current GC Util" value="36" />
  <attribute name= "Current Time Running" value="8475" />
  <attribute name ="GC Interval" value="0" />
  <attribute name="ProportionalT" value="8.000000" />
  <attribute name="ProportionalI" value="8.000000" />
  <attribute name="ProportionalH" value="8.000000" />
  <attribute name="Current Error" value="16.000000" />
  <attribute name="IntegralT" value="0.000000" />
  <attribute name="IntegralI" value="0.000000" />
  <attribute name="IntegralH" value="0.000000" />
  <attribute name="DerivativeT" value="inf" />
  <attribute name="DerivativeI" value="inf" />
  <attribute name="DerivativeH" value="inf" />
  <attribute name="Loop Time for DT" value="0.000000" />
  <attribute name="Output H" value="8388608"/>
  <attribute name="Output I" value="200"/>
  <attribute name="Output T" value="1"/>
  <attribute name="Target GC Util Change" value ="20.000000" />
  <attribute name="Current GC Util Change" value="36.000000"/>
  <attribute name="GC Util currently" value="36" />
  <attribute name="CPU Util currently" value="9589538976409" />
<exclusive-end id="550" timestamp="2019-06-14T20:40:38.797" durationms="13.205" />

<exclusive-start id="551" timestamp="2019-06-14T20:40:38.857" intervalms="72.900">
  <response-info timems="0.123" idlems="0.123" threads="0" lastid="0000000001F98700" lastname="main" />
</exclusive-start>
<allocation-taxation id="552" taxation-threshold="24117248" timestamp="2019-06-14T20:40:38.857" intervalms="72.965" />
<cycle-start id="553" type="partial gc" contextid="0" timestamp="2019-06-14T20:40:38.857" intervalms="73.014" />
<gc-start id="554" type="partial gc" contextid="553" timestamp="2019-06-14T20:40:38.857">
  <mem-info id="555" free="10485760" total="68157440" percent="15">
    <mem type="eden" free="0" total="24117248" percent="0" />
    <arraylet-primitive objects="1" leaves="1" largest="1" />
    <remembered-set count="21184" freebytes="2803328" totalbytes="2888064" percent="97" regionsoverflowed="0" regionsstable="0" regionsrebuilding="0"/>
  </mem-info>
</gc-start>
<allocation-stats totalBytes="24090904" >
  <allocated-bytes non-tlh="0" tlh="24090904" arrayletleaf="0"/>
  <largest-consumer threadName="main" threadId="0000000001F98700" bytes="24090904" />
</allocation-stats>
<gc-op id="556" type="copy forward" timems="10.859" contextid="553" timestamp="2019-06-14T20:40:38.869">
  <memory-copied type="eden" objects="48931" bytes="1210192" bytesdiscarded="8" />
  <memory-copied type="other" objects="57538" bytes="1580128" bytesdiscarded="280" />
  <memory-cardclean objects="7317" bytes="308600" />
  <regions eden="23" other="4" />
  <remembered-set-cleared processed="18492" cleared="6322" durationms="0.284" />
  <finalization candidates="3" enqueued="0" />
  <references type="soft" candidates="184" cleared="0" enqueued="0" dynamicThreshold="16" maxThreshold="32" />
  <references type="weak" candidates="248" cleared="0" enqueued="0" />
  <references type="phantom" candidates="1" cleared="0" enqueued="0" />
  <stringconstants candidates="13319" cleared="13"  />
</gc-op>
<gc-op id="557" type="classunload" timems="0.007" contextid="553" timestamp="2019-06-14T20:40:38.869">
  <classunload-info classloadercandidates="55" classloadersunloaded="0" classesunloaded="0" anonymousclassesunloaded="0" quiescems="0.000" setupms="0.007" scanms="0.000" postms="0.000" />
</gc-op>
<gc-end id="558" type="partial gc" contextid="553" durationms="12.173" usertimems="20.000" systemtimems="0.000" timestamp="2019-06-14T20:40:38.870" activeThreads="1">
  <mem-info id="559" free="33554432" total="68157440" percent="49">
    <mem type="eden" free="886952" total="2097152" percent="42" />
    <arraylet-primitive objects="1" leaves="1" largest="1" />
    <remembered-set count="23488" freebytes="2626688" totalbytes="2720640" percent="96" regionsoverflowed="0" regionsstable="0" regionsrebuilding="0"/>
  </mem-info>
</gc-end>
<cycle-end id="560" type="partial gc" contextid="553" timestamp="2019-06-14T20:40:38.870" />
  <attribute name="elasticGC enabled" value="1" />
  <attribute name= "numThreadsSpecified" value="1" />
  <attribute name="heapSize specified" value="0" />
  <attribute name="Current GC Util" value="39" />
  <attribute name= "Current Time Running" value="8548" />
  <attribute name ="GC Interval" value="0" />
  <attribute name="ProportionalT" value="9.500000" />
  <attribute name="ProportionalI" value="9.500000" />
  <attribute name="ProportionalH" value="9.500000" />
  <attribute name="Current Error" value="19.000000" />
  <attribute name="IntegralT" value="0.000000" />
  <attribute name="IntegralI" value="0.000000" />
  <attribute name="IntegralH" value="0.000000" />
  <attribute name="DerivativeT" value="inf" />
  <attribute name="DerivativeI" value="inf" />
  <attribute name="DerivativeH" value="inf" />
  <attribute name="Loop Time for DT" value="0.000000" />
  <attribute name="Output H" value="8388608"/>
  <attribute name="Output I" value="200"/>
  <attribute name="Output T" value="1"/>
  <attribute name="Target GC Util Change" value ="20.000000" />
  <attribute name="Current GC Util Change" value="39.000000"/>
  <attribute name="GC Util currently" value="39" />
  <attribute name="CPU Util currently" value="10066172367140" />
<exclusive-end id="561" timestamp="2019-06-14T20:40:38.870" durationms="13.328" />

<exclusive-start id="562" timestamp="2019-06-14T20:40:38.895" intervalms="38.039">
  <response-info timems="0.065" idlems="0.065" threads="0" lastid="0000000001F98700" lastname="main" />
</exclusive-start>
<allocation-taxation id="563" taxation-threshold="11534336" timestamp="2019-06-14T20:40:38.895" intervalms="38.025" />
<cycle-start id="564" type="global mark phase" contextid="0" timestamp="2019-06-14T20:40:38.895" intervalms="893.204" />
<gc-start id="565" type="global mark phase" contextid="564" timestamp="2019-06-14T20:40:38.895">
  <mem-info id="566" free="22020096" total="68157440" percent="32">
    <remembered-set count="23232" freebytes="2627712" totalbytes="2720640" percent="96" regionsoverflowed="0" regionsstable="0" regionsrebuilding="0"/>
  </mem-info>
</gc-start>
<gc-op id="567" type="mark increment" timems="2.172" contextid="564" timestamp="2019-06-14T20:40:38.898">
  <trace-info objectcount="33334" scancount="22693" scanbytes="811312" />
</gc-op>
<gc-end id="568" type="global mark phase" contextid="564" durationms="2.383" usertimems="4.000" systemtimems="0.000" timestamp="2019-06-14T20:40:38.898" activeThreads="4">
  <mem-info id="569" free="22020096" total="68157440" percent="32">
    <remembered-set count="23232" freebytes="2627712" totalbytes="2720640" percent="96" regionsoverflowed="0" regionsstable="0" regionsrebuilding="0"/>
  </mem-info>
</gc-end>
<concurrent-start id="570" type="GMP work packet processing" contextid="564" timestamp="2019-06-14T20:40:38.898">
  <concurrent-mark-start scanTarget="1048576" />
</concurrent-start>
<exclusive-end id="571" timestamp="2019-06-14T20:40:38.898" durationms="3.270" />

<concurrent-end id="572" type="GMP work packet processing" contextid="564" timestamp="2019-06-14T20:40:38.899">
  <concurrent-mark-end bytesScanned="1096624" reasonForTermination="Work target met" />
</concurrent-end>

<exclusive-start id="573" timestamp="2019-06-14T20:40:38.922" intervalms="26.745">
  <response-info timems="0.227" idlems="0.227" threads="0" lastid="0000000001F98700" lastname="main" />
</exclusive-start>
<allocation-taxation id="574" taxation-threshold="11534336" timestamp="2019-06-14T20:40:38.922" intervalms="26.730" />
<cycle-start id="575" type="partial gc" contextid="0" timestamp="2019-06-14T20:40:38.922" intervalms="64.762" />
<gc-start id="576" type="partial gc" contextid="575" timestamp="2019-06-14T20:40:38.922">
  <mem-info id="577" free="10485760" total="68157440" percent="15">
    <mem type="eden" free="0" total="23068672" percent="0" />
    <arraylet-primitive objects="1" leaves="1" largest="1" />
    <remembered-set count="23232" freebytes="2627712" totalbytes="2720640" percent="96" regionsoverflowed="0" regionsstable="0" regionsrebuilding="0"/>
  </mem-info>
</gc-start>
<allocation-stats totalBytes="23045800" >
  <allocated-bytes non-tlh="0" tlh="23045800" arrayletleaf="0"/>
  <largest-consumer threadName="main" threadId="0000000001F98700" bytes="11521248" />
</allocation-stats>
<gc-op id="578" type="copy forward" timems="12.328" contextid="575" timestamp="2019-06-14T20:40:38.935">
  <memory-copied type="eden" objects="50273" bytes="1364952" bytesdiscarded="88" />
  <memory-copied type="other" objects="56569" bytes="1780384" bytesdiscarded="288" />
  <memory-cardclean objects="12370" bytes="508048" />
  <regions eden="22" other="5" />
  <remembered-set-cleared processed="20090" cleared="6311" durationms="0.292" />
  <references type="soft" candidates="623" cleared="0" enqueued="0" dynamicThreshold="10" maxThreshold="32" />
  <references type="weak" candidates="1959" cleared="0" enqueued="0" />
  <references type="phantom" candidates="3" cleared="0" enqueued="0" />
  <stringconstants candidates="13306" cleared="0"  />
</gc-op>
<gc-op id="579" type="classunload" timems="0.007" contextid="575" timestamp="2019-06-14T20:40:38.936">
  <classunload-info classloadercandidates="55" classloadersunloaded="0" classesunloaded="0" anonymousclassesunloaded="0" quiescems="0.000" setupms="0.007" scanms="0.000" postms="0.000" />
</gc-op>
<heap-resize id="580" type="expand" space="default" amount="12582912" count="1" timems="0.104" reason="excessive time being spent in gc" timestamp="2019-06-14T20:40:38.936" />
<gc-end id="581" type="partial gc" contextid="575" durationms="13.822" usertimems="20.000" systemtimems="0.000" timestamp="2019-06-14T20:40:38.936" activeThreads="1">
  <mem-info id="582" free="45088768" total="80740352" percent="55">
    <mem type="eden" free="732112" total="2097152" percent="34" />
    <arraylet-primitive objects="1" leaves="1" largest="1" />
    <remembered-set count="27552" freebytes="3112704" totalbytes="3222912" percent="96" regionsoverflowed="0" regionsstable="0" regionsrebuilding="0"/>
  </mem-info>
</gc-end>
<cycle-end id="583" type="partial gc" contextid="575" timestamp="2019-06-14T20:40:38.936" />
  <attribute name="elasticGC enabled" value="1" />
  <attribute name= "numThreadsSpecified" value="1" />
  <attribute name="heapSize specified" value="0" />
  <attribute name="Current GC Util" value="48" />
  <attribute name= "Current Time Running" value="8613" />
  <attribute name ="GC Interval" value="0" />
  <attribute name="ProportionalT" value="14.000000" />
  <attribute name="ProportionalI" value="14.000000" />
  <attribute name="ProportionalH" value="14.000000" />
  <attribute name="Current Error" value="28.000000" />
  <attribute name="IntegralT" value="0.000000" />
  <attribute name="IntegralI" value="0.000000" />
  <attribute name="IntegralH" value="0.000000" />
  <attribute name="DerivativeT" value="inf" />
  <attribute name="DerivativeI" value="inf" />
  <attribute name="DerivativeH" value="inf" />
  <attribute name="Loop Time for DT" value="0.000000" />
  <attribute name="Output H" value="8388608"/>
  <attribute name="Output I" value="200"/>
  <attribute name="Output T" value="1"/>
  <attribute name="Target GC Util Change" value ="20.000000" />
  <attribute name="Current GC Util Change" value="48.000000"/>
  <attribute name="GC Util currently" value="48" />
  <attribute name="CPU Util currently" value="15157903417028" />
<exclusive-end id="584" timestamp="2019-06-14T20:40:38.937" durationms="15.089" />

<exclusive-start id="585" timestamp="2019-06-14T20:40:38.964" intervalms="42.597">
  <response-info timems="0.080" idlems="0.080" threads="0" lastid="0000000001F98700" lastname="main" />
</exclusive-start>
<allocation-taxation id="586" taxation-threshold="13631488" timestamp="2019-06-14T20:40:38.964" intervalms="42.638" />
<gc-start id="587" type="global mark phase" contextid="564" timestamp="2019-06-14T20:40:38.965">
  <mem-info id="588" free="31457280" total="80740352" percent="38">
    <remembered-set count="27488" freebytes="3112960" totalbytes="3222912" percent="96" regionsoverflowed="0" regionsstable="0" regionsrebuilding="0"/>
  </mem-info>
</gc-start>
<gc-end id="589" type="global mark phase" contextid="564" durationms="0.149" usertimems="0.000" systemtimems="0.000" timestamp="2019-06-14T20:40:38.965" activeThreads="1">
  <mem-info id="590" free="31457280" total="80740352" percent="38">
    <remembered-set count="27488" freebytes="3112960" totalbytes="3222912" percent="96" regionsoverflowed="0" regionsstable="0" regionsrebuilding="0"/>
  </mem-info>
</gc-end>
<concurrent-start id="591" type="GMP work packet processing" contextid="564" timestamp="2019-06-14T20:40:38.965">
  <concurrent-mark-start scanTarget="1315223" />
</concurrent-start>
<exclusive-end id="592" timestamp="2019-06-14T20:40:38.965" durationms="1.109" />

<concurrent-end id="593" type="GMP work packet processing" contextid="564" timestamp="2019-06-14T20:40:38.966">
  <concurrent-mark-end bytesScanned="1346848" reasonForTermination="Work target met" />
</concurrent-end>

<exclusive-start id="594" timestamp="2019-06-14T20:40:38.993" intervalms="28.628">
  <response-info timems="0.077" idlems="0.077" threads="0" lastid="0000000001F98700" lastname="main" />
</exclusive-start>
<allocation-taxation id="595" taxation-threshold="13631488" timestamp="2019-06-14T20:40:38.993" intervalms="28.565" />
<cycle-start id="596" type="partial gc" contextid="0" timestamp="2019-06-14T20:40:38.993" intervalms="71.211" />
<gc-start id="597" type="partial gc" contextid="596" timestamp="2019-06-14T20:40:38.994">
  <mem-info id="598" free="17825792" total="80740352" percent="22">
    <mem type="eden" free="0" total="27262976" percent="0" />
    <arraylet-primitive objects="1" leaves="1" largest="1" />
    <remembered-set count="27488" freebytes="3112960" totalbytes="3222912" percent="96" regionsoverflowed="0" regionsstable="0" regionsrebuilding="0"/>
  </mem-info>
</gc-start>
<allocation-stats totalBytes="27240368" >
  <allocated-bytes non-tlh="0" tlh="27240368" arrayletleaf="0"/>
  <largest-consumer threadName="main" threadId="0000000001F98700" bytes="13618968" />
</allocation-stats>
<gc-op id="599" type="copy forward" timems="14.689" contextid="596" timestamp="2019-06-14T20:40:39.009">
  <memory-copied type="eden" objects="56102" bytes="1382608" bytesdiscarded="0" />
  <memory-copied type="other" objects="60634" bytes="1827368" bytesdiscarded="640" />
  <memory-cardclean objects="23327" bytes="912464" />
  <regions eden="26" other="4" />
  <remembered-set-cleared processed="22631" cleared="10174" durationms="0.321" />
  <finalization candidates="9" enqueued="0" />
  <ownableSynchronizers candidates="3" cleared="0" />
  <references type="soft" candidates="1025" cleared="0" enqueued="0" dynamicThreshold="12" maxThreshold="32" />
  <references type="weak" candidates="2920" cleared="0" enqueued="0" />
  <references type="phantom" candidates="5" cleared="0" enqueued="0" />
  <stringconstants candidates="13306" cleared="8"  />
</gc-op>
<gc-op id="600" type="classunload" timems="0.006" contextid="596" timestamp="2019-06-14T20:40:39.009">
  <classunload-info classloadercandidates="55" classloadersunloaded="0" classesunloaded="0" anonymousclassesunloaded="0" quiescems="0.000" setupms="0.006" scanms="0.000" postms="0.000" />
</gc-op>
<heap-resize id="601" type="expand" space="default" amount="11534336" count="1" timems="0.116" reason="excessive time being spent in gc" timestamp="2019-06-14T20:40:39.010" />
<gc-end id="602" type="partial gc" contextid="596" durationms="16.178" usertimems="12.000" systemtimems="4.000" timestamp="2019-06-14T20:40:39.010" activeThreads="1">
  <mem-info id="603" free="55574528" total="92274688" percent="60">
    <mem type="eden" free="714544" total="2097152" percent="34" />
    <arraylet-primitive objects="1" leaves="1" largest="1" />
    <remembered-set count="31200" freebytes="3558528" totalbytes="3683328" percent="96" regionsoverflowed="0" regionsstable="0" regionsrebuilding="0"/>
  </mem-info>
</gc-end>
<cycle-end id="604" type="partial gc" contextid="596" timestamp="2019-06-14T20:40:39.010" />
  <attribute name="elasticGC enabled" value="1" />
  <attribute name= "numThreadsSpecified" value="1" />
  <attribute name="heapSize specified" value="0" />
  <attribute name="Current GC Util" value="62" />
  <attribute name= "Current Time Running" value="8684" />
  <attribute name ="GC Interval" value="0" />
  <attribute name="ProportionalT" value="21.000000" />
  <attribute name="ProportionalI" value="21.000000" />
  <attribute name="ProportionalH" value="21.000000" />
  <attribute name="Current Error" value="42.000000" />
  <attribute name="IntegralT" value="0.000000" />
  <attribute name="IntegralI" value="0.000000" />
  <attribute name="IntegralH" value="0.000000" />
  <attribute name="DerivativeT" value="inf" />
  <attribute name="DerivativeI" value="inf" />
  <attribute name="DerivativeH" value="inf" />
  <attribute name="Loop Time for DT" value="0.000000" />
  <attribute name="Output H" value="8388608"/>
  <attribute name="Output I" value="200"/>
  <attribute name="Output T" value="1"/>
  <attribute name="Target GC Util Change" value ="20.000000" />
  <attribute name="Current GC Util Change" value="62.000000"/>
  <attribute name="GC Util currently" value="62" />
  <attribute name="CPU Util currently" value="18012569070774" />
<exclusive-end id="605" timestamp="2019-06-14T20:40:39.010" durationms="17.313" />

<exclusive-start id="606" timestamp="2019-06-14T20:40:39.040" intervalms="46.817">
  <response-info timems="0.088" idlems="0.088" threads="0" lastid="0000000001F98700" lastname="main" />
</exclusive-start>
<allocation-taxation id="607" taxation-threshold="14680064" timestamp="2019-06-14T20:40:39.040" intervalms="46.835" />
<gc-start id="608" type="global mark phase" contextid="564" timestamp="2019-06-14T20:40:39.040">
  <mem-info id="609" free="40894464" total="92274688" percent="44">
    <remembered-set count="30976" freebytes="3559424" totalbytes="3683328" percent="96" regionsoverflowed="0" regionsstable="0" regionsrebuilding="0"/>
  </mem-info>
</gc-start>
<gc-end id="610" type="global mark phase" contextid="564" durationms="0.146" usertimems="0.000" systemtimems="0.000" timestamp="2019-06-14T20:40:39.040" activeThreads="1">
  <mem-info id="611" free="40894464" total="92274688" percent="44">
    <remembered-set count="30976" freebytes="3559424" totalbytes="3683328" percent="96" regionsoverflowed="0" regionsstable="0" regionsrebuilding="0"/>
  </mem-info>
</gc-end>
<concurrent-start id="612" type="GMP work packet processing" contextid="564" timestamp="2019-06-14T20:40:39.040">
  <concurrent-mark-start scanTarget="1048576" />
</concurrent-start>
<exclusive-end id="613" timestamp="2019-06-14T20:40:39.040" durationms="0.884" />

<concurrent-end id="614" type="GMP work packet processing" contextid="564" timestamp="2019-06-14T20:40:39.041">
  <concurrent-mark-end bytesScanned="1086512" reasonForTermination="Work target met" />
</concurrent-end>

<exclusive-start id="615" timestamp="2019-06-14T20:40:39.069" intervalms="29.807">
  <response-info timems="0.080" idlems="0.080" threads="0" lastid="0000000001F98700" lastname="main" />
</exclusive-start>
<allocation-taxation id="616" taxation-threshold="14680064" timestamp="2019-06-14T20:40:39.070" intervalms="29.822" />
<cycle-start id="617" type="partial gc" contextid="0" timestamp="2019-06-14T20:40:39.070" intervalms="76.675" />
<gc-start id="618" type="partial gc" contextid="617" timestamp="2019-06-14T20:40:39.070">
  <mem-info id="619" free="26214400" total="92274688" percent="28">
    <mem type="eden" free="0" total="29360128" percent="0" />
    <arraylet-primitive objects="1" leaves="1" largest="1" />
    <remembered-set count="30976" freebytes="3559424" totalbytes="3683328" percent="96" regionsoverflowed="0" regionsstable="0" regionsrebuilding="0"/>
  </mem-info>
</gc-start>
<allocation-stats totalBytes="29315944" >
  <allocated-bytes non-tlh="0" tlh="29315944" arrayletleaf="0"/>
  <largest-consumer threadName="main" threadId="0000000001F98700" bytes="14656952" />
</allocation-stats>
<gc-op id="620" type="copy forward" timems="14.075" contextid="617" timestamp="2019-06-14T20:40:39.085">
  <memory-copied type="eden" objects="59311" bytes="1449648" bytesdiscarded="8" />
  <memory-copied type="other" objects="64400" bytes="1978904" bytesdiscarded="296" />
  <memory-cardclean objects="12995" bytes="542816" />
  <regions eden="28" other="5" />
  <remembered-set-cleared processed="27210" cleared="7088" durationms="0.319" />
  <finalization candidates="6" enqueued="0" />
  <ownableSynchronizers candidates="2" cleared="0" />
  <references type="soft" candidates="459" cleared="0" enqueued="0" dynamicThreshold="14" maxThreshold="32" />
  <references type="weak" candidates="1229" cleared="0" enqueued="0" />
  <references type="phantom" candidates="6" cleared="0" enqueued="0" />
  <stringconstants candidates="13298" cleared="0"  />
</gc-op>
<gc-op id="621" type="classunload" timems="0.007" contextid="617" timestamp="2019-06-14T20:40:39.085">
  <classunload-info classloadercandidates="55" classloadersunloaded="0" classesunloaded="0" anonymousclassesunloaded="0" quiescems="0.000" setupms="0.006" scanms="0.000" postms="0.000" />
</gc-op>
<heap-resize id="622" type="expand" space="default" amount="5242880" count="1" timems="0.082" reason="excessive time being spent in gc" timestamp="2019-06-14T20:40:39.085" />
<gc-end id="623" type="partial gc" contextid="617" durationms="15.481" usertimems="16.000" systemtimems="0.000" timestamp="2019-06-14T20:40:39.086" activeThreads="1">
  <mem-info id="624" free="58720256" total="97517568" percent="60">
    <mem type="eden" free="647496" total="2097152" percent="30" />
    <arraylet-primitive objects="1" leaves="1" largest="1" />
    <remembered-set count="34752" freebytes="3753600" totalbytes="3892608" percent="96" regionsoverflowed="0" regionsstable="0" regionsrebuilding="0"/>
  </mem-info>
</gc-end>
<cycle-end id="625" type="partial gc" contextid="617" timestamp="2019-06-14T20:40:39.086" />
  <attribute name="elasticGC enabled" value="1" />
  <attribute name= "numThreadsSpecified" value="1" />
  <attribute name="heapSize specified" value="0" />
  <attribute name="Current GC Util" value="61" />
  <attribute name= "Current Time Running" value="8761" />
  <attribute name ="GC Interval" value="0" />
  <attribute name="ProportionalT" value="20.500000" />
  <attribute name="ProportionalI" value="20.500000" />
  <attribute name="ProportionalH" value="20.500000" />
  <attribute name="Current Error" value="41.000000" />
  <attribute name="IntegralT" value="0.000000" />
  <attribute name="IntegralI" value="0.000000" />
  <attribute name="IntegralH" value="0.000000" />
  <attribute name="DerivativeT" value="inf" />
  <attribute name="DerivativeI" value="inf" />
  <attribute name="DerivativeH" value="inf" />
  <attribute name="Loop Time for DT" value="0.000000" />
  <attribute name="Output H" value="8388608"/>
  <attribute name="Output I" value="200"/>
  <attribute name="Output T" value="1"/>
  <attribute name="Target GC Util Change" value ="20.000000" />
  <attribute name="Current GC Util Change" value="61.000000"/>
  <attribute name="GC Util currently" value="61" />
  <attribute name="CPU Util currently" value="17062687106576" />
<exclusive-end id="626" timestamp="2019-06-14T20:40:39.086" durationms="16.705" />

<exclusive-start id="627" timestamp="2019-06-14T20:40:39.116" intervalms="46.884">
  <response-info timems="0.093" idlems="0.093" threads="0" lastid="0000000001F98700" lastname="main" />
</exclusive-start>
<allocation-taxation id="628" taxation-threshold="14680064" timestamp="2019-06-14T20:40:39.116" intervalms="46.885" />
<gc-start id="629" type="global mark phase" contextid="564" timestamp="2019-06-14T20:40:39.117">
  <mem-info id="630" free="44040192" total="97517568" percent="45">
    <remembered-set count="34432" freebytes="3754880" totalbytes="3892608" percent="96" regionsoverflowed="0" regionsstable="0" regionsrebuilding="0"/>
  </mem-info>
</gc-start>
<gc-end id="631" type="global mark phase" contextid="564" durationms="0.210" usertimems="0.000" systemtimems="0.000" timestamp="2019-06-14T20:40:39.117" activeThreads="1">
  <mem-info id="632" free="44040192" total="97517568" percent="45">
    <remembered-set count="34432" freebytes="3754880" totalbytes="3892608" percent="96" regionsoverflowed="0" regionsstable="0" regionsrebuilding="0"/>
  </mem-info>
</gc-end>
<concurrent-start id="633" type="GMP work packet processing" contextid="564" timestamp="2019-06-14T20:40:39.117">
  <concurrent-mark-start scanTarget="1048576" />
</concurrent-start>
<exclusive-end id="634" timestamp="2019-06-14T20:40:39.117" durationms="0.978" />

<concurrent-end id="635" type="GMP work packet processing" contextid="564" timestamp="2019-06-14T20:40:39.118">
  <concurrent-mark-end bytesScanned="1092772" reasonForTermination="Work target met" />
</concurrent-end>

<exclusive-start id="636" timestamp="2019-06-14T20:40:39.147" intervalms="31.030">
  <response-info timems="0.099" idlems="0.099" threads="0" lastid="0000000001F98700" lastname="main" />
</exclusive-start>
<allocation-taxation id="637" taxation-threshold="14680064" timestamp="2019-06-14T20:40:39.148" intervalms="31.059" />
<cycle-start id="638" type="partial gc" contextid="0" timestamp="2019-06-14T20:40:39.148" intervalms="77.857" />
<gc-start id="639" type="partial gc" contextid="638" timestamp="2019-06-14T20:40:39.148">
  <mem-info id="640" free="29360128" total="97517568" percent="30">
    <mem type="eden" free="0" total="29360128" percent="0" />
    <arraylet-primitive objects="1" leaves="1" largest="1" />
    <remembered-set count="34432" freebytes="3754880" totalbytes="3892608" percent="96" regionsoverflowed="0" regionsstable="0" regionsrebuilding="0"/>
  </mem-info>
</gc-start>
<allocation-stats totalBytes="29331872" >
  <allocated-bytes non-tlh="262160" tlh="29069712" arrayletleaf="0"/>
  <largest-consumer threadName="main" threadId="0000000001F98700" bytes="14667128" />
</allocation-stats>
<gc-op id="641" type="copy forward" timems="15.888" contextid="638" timestamp="2019-06-14T20:40:39.165">
  <memory-copied type="eden" objects="62511" bytes="1832984" bytesdiscarded="0" />
  <memory-copied type="other" objects="81171" bytes="3128444" bytesdiscarded="160" />
  <memory-cardclean objects="16818" bytes="638736" />
  <regions eden="28" other="5" />
  <remembered-set-cleared processed="30573" cleared="7851" durationms="0.357" />
  <references type="soft" candidates="171" cleared="0" enqueued="0" dynamicThreshold="14" maxThreshold="32" />
  <references type="weak" candidates="465" cleared="0" enqueued="0" />
  <references type="phantom" candidates="2" cleared="0" enqueued="0" />
  <stringconstants candidates="13298" cleared="0"  />
</gc-op>
<gc-op id="642" type="classunload" timems="0.021" contextid="638" timestamp="2019-06-14T20:40:39.165">
  <classunload-info classloadercandidates="55" classloadersunloaded="0" classesunloaded="0" anonymousclassesunloaded="0" quiescems="0.000" setupms="0.021" scanms="0.000" postms="0.000" />
</gc-op>
<heap-resize id="643" type="expand" space="default" amount="2097152" count="1" timems="0.066" reason="excessive time being spent in gc" timestamp="2019-06-14T20:40:39.165" />
<gc-end id="644" type="partial gc" contextid="638" durationms="17.528" usertimems="16.000" systemtimems="0.000" timestamp="2019-06-14T20:40:39.166" activeThreads="1">
  <mem-info id="645" free="59768832" total="99614720" percent="60">
    <mem type="eden" free="264168" total="2097152" percent="12" />
    <arraylet-primitive objects="1" leaves="1" largest="1" />
    <remembered-set count="40672" freebytes="3813632" totalbytes="3976320" percent="95" regionsoverflowed="0" regionsstable="0" regionsrebuilding="0"/>
  </mem-info>
</gc-end>
<cycle-end id="646" type="partial gc" contextid="638" timestamp="2019-06-14T20:40:39.166" />
  <attribute name="elasticGC enabled" value="1" />
  <attribute name= "numThreadsSpecified" value="1" />
  <attribute name="heapSize specified" value="0" />
  <attribute name="Current GC Util" value="154" />
  <attribute name= "Current Time Running" value="8839" />
  <attribute name ="GC Interval" value="0" />
  <attribute name="ProportionalT" value="67.000000" />
  <attribute name="ProportionalI" value="67.000000" />
  <attribute name="ProportionalH" value="67.000000" />
  <attribute name="Current Error" value="134.000000" />
  <attribute name="IntegralT" value="0.000000" />
  <attribute name="IntegralI" value="0.000000" />
  <attribute name="IntegralH" value="0.000000" />
  <attribute name="DerivativeT" value="inf" />
  <attribute name="DerivativeI" value="inf" />
  <attribute name="DerivativeH" value="inf" />
  <attribute name="Loop Time for DT" value="0.000000" />
  <attribute name="Output H" value="8388608"/>
  <attribute name="Output I" value="200"/>
  <attribute name="Output T" value="1"/>
  <attribute name="Target GC Util Change" value ="20.000000" />
  <attribute name="Current GC Util Change" value="154.000000"/>
  <attribute name="GC Util currently" value="154" />
  <attribute name="CPU Util currently" value="12733449138679" />
<exclusive-end id="647" timestamp="2019-06-14T20:40:39.166" durationms="18.721" />

<exclusive-start id="648" timestamp="2019-06-14T20:40:39.198" intervalms="50.340">
  <response-info timems="0.070" idlems="0.070" threads="0" lastid="0000000001F98700" lastname="main" />
</exclusive-start>
<allocation-taxation id="649" taxation-threshold="15728640" timestamp="2019-06-14T20:40:39.198" intervalms="50.283" />
<gc-start id="650" type="global mark phase" contextid="564" timestamp="2019-06-14T20:40:39.198">
  <mem-info id="651" free="44040192" total="99614720" percent="44">
    <remembered-set count="40320" freebytes="3815040" totalbytes="3976320" percent="95" regionsoverflowed="0" regionsstable="0" regionsrebuilding="0"/>
  </mem-info>
</gc-start>
<gc-end id="652" type="global mark phase" contextid="564" durationms="0.143" usertimems="0.000" systemtimems="0.000" timestamp="2019-06-14T20:40:39.198" activeThreads="1">
  <mem-info id="653" free="44040192" total="99614720" percent="44">
    <remembered-set count="40320" freebytes="3815040" totalbytes="3976320" percent="95" regionsoverflowed="0" regionsstable="0" regionsrebuilding="0"/>
  </mem-info>
</gc-end>
<concurrent-start id="654" type="GMP work packet processing" contextid="564" timestamp="2019-06-14T20:40:39.198">
  <concurrent-mark-start scanTarget="1048576" />
</concurrent-start>
<exclusive-end id="655" timestamp="2019-06-14T20:40:39.198" durationms="0.808" />

<concurrent-end id="656" type="GMP work packet processing" contextid="564" timestamp="2019-06-14T20:40:39.200">
  <concurrent-mark-end bytesScanned="1090640" reasonForTermination="Work target met" />
</concurrent-end>

<exclusive-start id="657" timestamp="2019-06-14T20:40:39.261" intervalms="63.090">
  <response-info timems="0.095" idlems="0.095" threads="0" lastid="0000000001F98700" lastname="main" />
</exclusive-start>
<allocation-taxation id="658" taxation-threshold="15728640" timestamp="2019-06-14T20:40:39.261" intervalms="63.124" />
<cycle-start id="659" type="partial gc" contextid="0" timestamp="2019-06-14T20:40:39.261" intervalms="113.481" />
<gc-start id="660" type="partial gc" contextid="659" timestamp="2019-06-14T20:40:39.262">
  <mem-info id="661" free="28311552" total="99614720" percent="28">
    <mem type="eden" free="0" total="31457280" percent="0" />
    <arraylet-primitive objects="2" leaves="2" largest="1" />
    <remembered-set count="40320" freebytes="3815040" totalbytes="3976320" percent="95" regionsoverflowed="0" regionsstable="0" regionsrebuilding="0"/>
  </mem-info>
</gc-start>
<allocation-stats totalBytes="31435704" >
  <allocated-bytes non-tlh="760960" tlh="29626168" arrayletleaf="1048576"/>
  <largest-consumer threadName="main" threadId="0000000001F98700" bytes="15725936" />
</allocation-stats>
<gc-op id="662" type="copy forward" timems="11.782" contextid="659" timestamp="2019-06-14T20:40:39.274">
  <memory-copied type="eden" objects="65060" bytes="1765724" bytesdiscarded="25816" />
  <memory-copied type="other" objects="150317" bytes="4187352" bytesdiscarded="151704" />
  <memory-cardclean objects="106381" bytes="3761056" />
  <regions eden="29" other="6" />
  <remembered-set-cleared processed="22329" cleared="15942" durationms="0.163" />
  <finalization candidates="42" enqueued="1" />
  <ownableSynchronizers candidates="1" cleared="0" />
  <references type="soft" candidates="440" cleared="0" enqueued="0" dynamicThreshold="14" maxThreshold="32" />
  <references type="weak" candidates="1070" cleared="0" enqueued="0" />
  <references type="phantom" candidates="10" cleared="0" enqueued="0" />
  <stringconstants candidates="13298" cleared="0"  />
</gc-op>
<gc-op id="663" type="classunload" timems="0.008" contextid="659" timestamp="2019-06-14T20:40:39.274">
  <classunload-info classloadercandidates="55" classloadersunloaded="0" classesunloaded="0" anonymousclassesunloaded="0" quiescems="0.000" setupms="0.008" scanms="0.000" postms="0.000" />
</gc-op>
<heap-resize id="664" type="expand" space="default" amount="3145728" count="1" timems="0.079" reason="excessive time being spent in gc" timestamp="2019-06-14T20:40:39.275" />
<gc-end id="665" type="partial gc" contextid="659" durationms="13.366" usertimems="28.000" systemtimems="4.000" timestamp="2019-06-14T20:40:39.275" activeThreads="4">
  <mem-info id="666" free="61865984" total="102760448" percent="60">
    <mem type="eden" free="305584" total="3145728" percent="9" />
    <arraylet-primitive objects="2" leaves="2" largest="1" />
    <pending-finalizers system="0" default="1" reference="0" classloader="0" />
    <remembered-set count="41408" freebytes="3936256" totalbytes="4101888" percent="95" regionsoverflowed="0" regionsstable="0" regionsrebuilding="0"/>
  </mem-info>
</gc-end>
<cycle-end id="667" type="partial gc" contextid="659" timestamp="2019-06-14T20:40:39.275" />
  <attribute name="elasticGC enabled" value="1" />
  <attribute name= "numThreadsSpecified" value="4" />
  <attribute name="heapSize specified" value="0" />
  <attribute name="Current GC Util" value="141" />
  <attribute name= "Current Time Running" value="8953" />
  <attribute name ="GC Interval" value="0" />
  <attribute name="ProportionalT" value="60.500000" />
  <attribute name="ProportionalI" value="60.500000" />
  <attribute name="ProportionalH" value="60.500000" />
  <attribute name="Current Error" value="121.000000" />
  <attribute name="IntegralT" value="121.000000" />
  <attribute name="IntegralI" value="121.000000" />
  <attribute name="IntegralH" value="121.000000" />
  <attribute name="DerivativeT" value="60.500000" />
  <attribute name="DerivativeI" value="60.500000" />
  <attribute name="DerivativeH" value="60.500000" />
  <attribute name="Loop Time for DT" value="1.000000" />
  <attribute name="Output H" value="8388608"/>
  <attribute name="Output I" value="248"/>
  <attribute name="Output T" value="4"/>
  <attribute name="Target GC Util Change" value ="20.000000" />
  <attribute name="Current GC Util Change" value="141.000000"/>
  <attribute name="GC Util currently" value="141" />
  <attribute name="CPU Util currently" value="9097086263459" />
<exclusive-end id="668" timestamp="2019-06-14T20:40:39.275" durationms="14.504" />

<exclusive-start id="669" timestamp="2019-06-14T20:40:39.318" intervalms="57.082">
  <response-info timems="0.095" idlems="0.095" threads="0" lastid="0000000001F98700" lastname="main" />
</exclusive-start>
<allocation-taxation id="670" taxation-threshold="15728640" timestamp="2019-06-14T20:40:39.318" intervalms="57.093" />
<gc-start id="671" type="global mark phase" contextid="564" timestamp="2019-06-14T20:40:39.318">
  <mem-info id="672" free="46137344" total="102760448" percent="44">
    <remembered-set count="36160" freebytes="3957248" totalbytes="4101888" percent="96" regionsoverflowed="0" regionsstable="2" regionsrebuilding="0"/>
  </mem-info>
</gc-start>
<gc-end id="673" type="global mark phase" contextid="564" durationms="0.196" usertimems="0.000" systemtimems="0.000" timestamp="2019-06-14T20:40:39.318" activeThreads="4">
  <mem-info id="674" free="46137344" total="102760448" percent="44">
    <remembered-set count="36160" freebytes="3957248" totalbytes="4101888" percent="96" regionsoverflowed="0" regionsstable="2" regionsrebuilding="0"/>
  </mem-info>
</gc-end>
<concurrent-start id="675" type="GMP work packet processing" contextid="564" timestamp="2019-06-14T20:40:39.319">
  <concurrent-mark-start scanTarget="2630446" />
</concurrent-start>
<exclusive-end id="676" timestamp="2019-06-14T20:40:39.319" durationms="1.110" />

<concurrent-end id="677" type="GMP work packet processing" contextid="564" timestamp="2019-06-14T20:40:39.320">
  <concurrent-mark-end bytesScanned="2671376" reasonForTermination="Work target met" />
</concurrent-end>

<exclusive-start id="678" timestamp="2019-06-14T20:40:39.454" intervalms="136.121">
  <response-info timems="0.079" idlems="0.079" threads="0" lastid="0000000001F98700" lastname="main" />
</exclusive-start>
<allocation-taxation id="679" taxation-threshold="15728640" timestamp="2019-06-14T20:40:39.454" intervalms="136.079" />
<cycle-start id="680" type="partial gc" contextid="0" timestamp="2019-06-14T20:40:39.454" intervalms="193.090" />
<gc-start id="681" type="partial gc" contextid="680" timestamp="2019-06-14T20:40:39.455">
  <mem-info id="682" free="30408704" total="102760448" percent="29">
    <mem type="eden" free="0" total="31457280" percent="0" />
    <arraylet-primitive objects="2" leaves="2" largest="1" />
    <remembered-set count="36160" freebytes="3957248" totalbytes="4101888" percent="96" regionsoverflowed="0" regionsstable="2" regionsrebuilding="0"/>
  </mem-info>
</gc-start>
<allocation-stats totalBytes="31453816" >
  <allocated-bytes non-tlh="149376" tlh="31304440" arrayletleaf="0"/>
  <largest-consumer threadName="main" threadId="0000000001F98700" bytes="15726784" />
</allocation-stats>
<gc-op id="683" type="copy forward" timems="19.878" contextid="680" timestamp="2019-06-14T20:40:39.475">
  <memory-copied type="eden" objects="67921" bytes="1712344" bytesdiscarded="0" />
  <memory-copied type="other" objects="143557" bytes="3520152" bytesdiscarded="400" />
  <memory-cardclean objects="16530" bytes="741176" />
  <regions eden="30" other="4" />
  <remembered-set-cleared processed="31101" cleared="9442" durationms="0.359" />
  <references type="soft" candidates="2139" cleared="0" enqueued="0" dynamicThreshold="14" maxThreshold="32" />
  <references type="weak" candidates="82" cleared="0" enqueued="0" />
  <stringconstants candidates="13757" cleared="5"  />
</gc-op>
<gc-op id="684" type="classunload" timems="0.009" contextid="680" timestamp="2019-06-14T20:40:39.475">
  <classunload-info classloadercandidates="55" classloadersunloaded="0" classesunloaded="0" anonymousclassesunloaded="0" quiescems="0.000" setupms="0.009" scanms="0.000" postms="0.000" />
</gc-op>
<gc-end id="685" type="partial gc" contextid="680" durationms="20.894" usertimems="20.000" systemtimems="4.000" timestamp="2019-06-14T20:40:39.475" activeThreads="1">
  <mem-info id="686" free="60817408" total="102760448" percent="59">
    <mem type="eden" free="384768" total="2097152" percent="18" />
    <arraylet-primitive objects="1" leaves="1" largest="1" />
    <remembered-set count="40416" freebytes="3940224" totalbytes="4101888" percent="96" regionsoverflowed="0" regionsstable="2" regionsrebuilding="0"/>
  </mem-info>
</gc-end>
<cycle-end id="687" type="partial gc" contextid="680" timestamp="2019-06-14T20:40:39.476" />
  <attribute name="elasticGC enabled" value="1" />
  <attribute name= "numThreadsSpecified" value="1" />
  <attribute name="heapSize specified" value="0" />
  <attribute name="Current GC Util" value="86" />
  <attribute name= "Current Time Running" value="9145" />
  <attribute name ="GC Interval" value="0" />
  <attribute name="ProportionalT" value="33.000000" />
  <attribute name="ProportionalI" value="33.000000" />
  <attribute name="ProportionalH" value="33.000000" />
  <attribute name="Current Error" value="66.000000" />
  <attribute name="IntegralT" value="0.000000" />
  <attribute name="IntegralI" value="0.000000" />
  <attribute name="IntegralH" value="0.000000" />
  <attribute name="DerivativeT" value="inf" />
  <attribute name="DerivativeI" value="inf" />
  <attribute name="DerivativeH" value="inf" />
  <attribute name="Loop Time for DT" value="0.000000" />
  <attribute name="Output H" value="8388608"/>
  <attribute name="Output I" value="200"/>
  <attribute name="Output T" value="1"/>
  <attribute name="Target GC Util Change" value ="20.000000" />
  <attribute name="Current GC Util Change" value="86.000000"/>
  <attribute name="GC Util currently" value="86" />
  <attribute name="CPU Util currently" value="22195683803457" />
<exclusive-end id="688" timestamp="2019-06-14T20:40:39.476" durationms="21.986" />

<exclusive-start id="689" timestamp="2019-06-14T20:40:39.568" intervalms="113.637">
  <response-info timems="0.080" idlems="0.080" threads="0" lastid="0000000001F98700" lastname="main" />
</exclusive-start>
<allocation-taxation id="690" taxation-threshold="15728640" timestamp="2019-06-14T20:40:39.568" intervalms="113.715" />
<gc-start id="691" type="global mark phase" contextid="564" timestamp="2019-06-14T20:40:39.568">
  <mem-info id="692" free="45088768" total="102760448" percent="43">
    <remembered-set count="40064" freebytes="3941632" totalbytes="4101888" percent="96" regionsoverflowed="0" regionsstable="2" regionsrebuilding="0"/>
  </mem-info>
</gc-start>
<gc-end id="693" type="global mark phase" contextid="564" durationms="0.143" usertimems="0.000" systemtimems="0.000" timestamp="2019-06-14T20:40:39.568" activeThreads="1">
  <mem-info id="694" free="45088768" total="102760448" percent="43">
    <remembered-set count="40064" freebytes="3941632" totalbytes="4101888" percent="96" regionsoverflowed="0" regionsstable="2" regionsrebuilding="0"/>
  </mem-info>
</gc-end>
<concurrent-start id="695" type="GMP work packet processing" contextid="564" timestamp="2019-06-14T20:40:39.568">
  <concurrent-mark-start scanTarget="1048576" />
</concurrent-start>
<concurrent-end id="696" type="GMP work packet processing" contextid="564" timestamp="2019-06-14T20:40:39.569">
  <concurrent-mark-end bytesScanned="1090872" reasonForTermination="Work target met" />
</concurrent-end>

<exclusive-end id="697" timestamp="2019-06-14T20:40:39.569" durationms="1.536" />

<exclusive-start id="698" timestamp="2019-06-14T20:40:40.320" intervalms="752.337">
  <response-info timems="0.066" idlems="0.066" threads="0" lastid="0000000001F98700" lastname="main" />
</exclusive-start>
<allocation-taxation id="699" taxation-threshold="15728640" timestamp="2019-06-14T20:40:40.320" intervalms="752.246" />
<cycle-start id="700" type="partial gc" contextid="0" timestamp="2019-06-14T20:40:40.320" intervalms="865.995" />
<gc-start id="701" type="partial gc" contextid="700" timestamp="2019-06-14T20:40:40.321">
  <mem-info id="702" free="29360128" total="102760448" percent="28">
    <mem type="eden" free="0" total="31457280" percent="0" />
    <arraylet-primitive objects="1" leaves="1" largest="1" />
    <remembered-set count="40064" freebytes="3941632" totalbytes="4101888" percent="96" regionsoverflowed="0" regionsstable="2" regionsrebuilding="0"/>
  </mem-info>
</gc-start>
<allocation-stats totalBytes="31416872" >
  <allocated-bytes non-tlh="64" tlh="31416808" arrayletleaf="0"/>
  <largest-consumer threadName="main" threadId="0000000001F98700" bytes="15689672" />
</allocation-stats>
<gc-op id="703" type="copy forward" timems="13.050" contextid="700" timestamp="2019-06-14T20:40:40.335">
  <memory-copied type="eden" objects="91" bytes="3432" bytesdiscarded="0" />
  <memory-copied type="other" objects="138060" bytes="3773152" bytesdiscarded="848" />
  <memory-cardclean objects="17879" bytes="503656" />
  <regions eden="30" other="4" />
  <remembered-set-cleared processed="34310" cleared="9451" durationms="0.383" />
  <references type="soft" candidates="2139" cleared="0" enqueued="0" dynamicThreshold="14" maxThreshold="32" />
  <references type="weak" candidates="80" cleared="0" enqueued="0" />
  <stringconstants candidates="13753" cleared="0"  />
</gc-op>
<gc-op id="704" type="classunload" timems="0.006" contextid="700" timestamp="2019-06-14T20:40:40.335">
  <classunload-info classloadercandidates="55" classloadersunloaded="0" classesunloaded="0" anonymousclassesunloaded="0" quiescems="0.000" setupms="0.006" scanms="0.000" postms="0.000" />
</gc-op>
<heap-resize id="705" type="contract" space="default" amount="5242880" count="1" timems="0.059" reason="insufficient time being spent in gc" timestamp="2019-06-14T20:40:40.335" />
<gc-end id="706" type="partial gc" contextid="700" durationms="14.545" usertimems="12.000" systemtimems="0.000" timestamp="2019-06-14T20:40:40.335" activeThreads="1">
  <mem-info id="707" free="54525952" total="97517568" percent="55">
    <mem type="eden" free="1045144" total="1048576" percent="99" />
    <arraylet-primitive objects="1" leaves="1" largest="1" />
    <remembered-set count="40416" freebytes="3940224" totalbytes="4101888" percent="96" regionsoverflowed="0" regionsstable="2" regionsrebuilding="0"/>
  </mem-info>
</gc-end>
<cycle-end id="708" type="partial gc" contextid="700" timestamp="2019-06-14T20:40:40.335" />
  <attribute name="elasticGC enabled" value="1" />
  <attribute name= "numThreadsSpecified" value="1" />
  <attribute name="heapSize specified" value="0" />
  <attribute name="Current GC Util" value="59" />
  <attribute name= "Current Time Running" value="10011" />
  <attribute name ="GC Interval" value="0" />
  <attribute name="ProportionalT" value="19.500000" />
  <attribute name="ProportionalI" value="19.500000" />
  <attribute name="ProportionalH" value="19.500000" />
  <attribute name="Current Error" value="39.000000" />
  <attribute name="IntegralT" value="0.000000" />
  <attribute name="IntegralI" value="0.000000" />
  <attribute name="IntegralH" value="0.000000" />
  <attribute name="DerivativeT" value="inf" />
  <attribute name="DerivativeI" value="inf" />
  <attribute name="DerivativeH" value="inf" />
  <attribute name="Loop Time for DT" value="0.000000" />
  <attribute name="Output H" value="8388608"/>
  <attribute name="Output I" value="200"/>
  <attribute name="Output T" value="1"/>
  <attribute name="Target GC Util Change" value ="20.000000" />
  <attribute name="Current GC Util Change" value="59.000000"/>
  <attribute name="GC Util currently" value="59" />
  <attribute name="CPU Util currently" value="14807289863158" />
<exclusive-end id="709" timestamp="2019-06-14T20:40:40.336" durationms="15.643" />

<exclusive-start id="710" timestamp="2019-06-14T20:40:40.345" intervalms="25.254">
  <response-info timems="0.225" idlems="0.225" threads="0" lastid="0000000001F98700" lastname="main" />
</exclusive-start>
<allocation-taxation id="711" taxation-threshold="14680064" timestamp="2019-06-14T20:40:40.345" intervalms="25.244" />
<gc-start id="712" type="global mark phase" contextid="564" timestamp="2019-06-14T20:40:40.346">
  <mem-info id="713" free="39845888" total="97517568" percent="40">
    <remembered-set count="39936" freebytes="3942144" totalbytes="4101888" percent="96" regionsoverflowed="0" regionsstable="2" regionsrebuilding="0"/>
  </mem-info>
</gc-start>
<gc-end id="714" type="global mark phase" contextid="564" durationms="0.213" usertimems="0.000" systemtimems="0.000" timestamp="2019-06-14T20:40:40.346" activeThreads="1">
  <mem-info id="715" free="39845888" total="97517568" percent="40">
    <remembered-set count="39936" freebytes="3942144" totalbytes="4101888" percent="96" regionsoverflowed="0" regionsstable="2" regionsrebuilding="0"/>
  </mem-info>
</gc-end>
<concurrent-start id="716" type="GMP work packet processing" contextid="564" timestamp="2019-06-14T20:40:40.346">
  <concurrent-mark-start scanTarget="1048576" />
</concurrent-start>
<exclusive-end id="717" timestamp="2019-06-14T20:40:40.347" durationms="1.396" />

<concurrent-end id="718" type="GMP work packet processing" contextid="564" timestamp="2019-06-14T20:40:40.347">
  <concurrent-mark-end bytesScanned="757528" reasonForTermination="Completed all work in GC phase" />
</concurrent-end>

<exclusive-start id="719" timestamp="2019-06-14T20:40:40.356" intervalms="11.097">
  <response-info timems="0.071" idlems="0.071" threads="0" lastid="0000000001F98700" lastname="main" />
</exclusive-start>
<allocation-taxation id="720" taxation-threshold="14680064" timestamp="2019-06-14T20:40:40.356" intervalms="11.117" />
<cycle-start id="721" type="partial gc" contextid="0" timestamp="2019-06-14T20:40:40.357" intervalms="36.394" />
<gc-start id="722" type="partial gc" contextid="721" timestamp="2019-06-14T20:40:40.357">
  <mem-info id="723" free="25165824" total="97517568" percent="25">
    <mem type="eden" free="0" total="29360128" percent="0" />
    <arraylet-primitive objects="1" leaves="1" largest="1" />
    <remembered-set count="39936" freebytes="3942144" totalbytes="4101888" percent="96" regionsoverflowed="0" regionsstable="2" regionsrebuilding="0"/>
  </mem-info>
</gc-start>
<allocation-stats totalBytes="29250144" >
  <allocated-bytes non-tlh="0" tlh="29250144" arrayletleaf="0"/>
  <largest-consumer threadName="main" threadId="0000000001F98700" bytes="14626304" />
</allocation-stats>
<gc-op id="724" type="copy forward" timems="7.309" contextid="721" timestamp="2019-06-14T20:40:40.365">
  <memory-copied type="eden" objects="1" bytes="32" bytesdiscarded="0" />
  <memory-copied type="other" objects="51192" bytes="1399872" bytesdiscarded="336" />
  <memory-cardclean objects="13095" bytes="754592" />
  <regions eden="28" other="3" />
  <remembered-set-cleared processed="35412" cleared="5263" durationms="0.423" />
  <references type="soft" candidates="778" cleared="0" enqueued="0" dynamicThreshold="13" maxThreshold="32" />
  <references type="weak" candidates="126" cleared="0" enqueued="0" />
  <stringconstants candidates="13753" cleared="0"  />
</gc-op>
<gc-op id="725" type="classunload" timems="0.007" contextid="721" timestamp="2019-06-14T20:40:40.366">
  <classunload-info classloadercandidates="55" classloadersunloaded="0" classesunloaded="0" anonymousclassesunloaded="0" quiescems="0.000" setupms="0.007" scanms="0.000" postms="0.000" />
</gc-op>
<heap-resize id="726" type="contract" space="default" amount="5242880" count="1" timems="0.057" reason="insufficient time being spent in gc" timestamp="2019-06-14T20:40:40.366" />
<gc-end id="727" type="partial gc" contextid="721" durationms="8.965" usertimems="12.000" systemtimems="0.000" timestamp="2019-06-14T20:40:40.366" activeThreads="1">
  <mem-info id="728" free="48234496" total="92274688" percent="52">
    <mem type="eden" free="1048544" total="1048576" percent="99" />
    <arraylet-primitive objects="1" leaves="1" largest="1" />
    <remembered-set count="38016" freebytes="3740544" totalbytes="3892608" percent="96" regionsoverflowed="0" regionsstable="2" regionsrebuilding="0"/>
  </mem-info>
</gc-end>
<cycle-end id="729" type="partial gc" contextid="721" timestamp="2019-06-14T20:40:40.366" />
  <attribute name="elasticGC enabled" value="1" />
  <attribute name= "numThreadsSpecified" value="1" />
  <attribute name="heapSize specified" value="0" />
  <attribute name="Current GC Util" value="34" />
  <attribute name= "Current Time Running" value="10048" />
  <attribute name ="GC Interval" value="0" />
  <attribute name="ProportionalT" value="7.000000" />
  <attribute name="ProportionalI" value="7.000000" />
  <attribute name="ProportionalH" value="7.000000" />
  <attribute name="Current Error" value="14.000000" />
  <attribute name="IntegralT" value="0.000000" />
  <attribute name="IntegralI" value="0.000000" />
  <attribute name="IntegralH" value="0.000000" />
  <attribute name="DerivativeT" value="inf" />
  <attribute name="DerivativeI" value="inf" />
  <attribute name="DerivativeH" value="inf" />
  <attribute name="Loop Time for DT" value="0.000000" />
  <attribute name="Output H" value="8388608"/>
  <attribute name="Output I" value="200"/>
  <attribute name="Output T" value="1"/>
  <attribute name="Target GC Util Change" value ="20.000000" />
  <attribute name="Current GC Util Change" value="34.000000"/>
  <attribute name="GC Util currently" value="34" />
  <attribute name="CPU Util currently" value="9077621716937" />
<exclusive-end id="730" timestamp="2019-06-14T20:40:40.366" durationms="10.138" />

<exclusive-start id="731" timestamp="2019-06-14T20:40:40.376" intervalms="19.913">
  <response-info timems="0.074" idlems="0.074" threads="0" lastid="0000000001F98700" lastname="main" />
</exclusive-start>
<allocation-taxation id="732" taxation-threshold="14680064" timestamp="2019-06-14T20:40:40.376" intervalms="19.901" />
<gc-start id="733" type="global mark phase" contextid="564" timestamp="2019-06-14T20:40:40.377">
  <mem-info id="734" free="33554432" total="92274688" percent="36">
    <remembered-set count="37856" freebytes="3741184" totalbytes="3892608" percent="96" regionsoverflowed="0" regionsstable="2" regionsrebuilding="0"/>
  </mem-info>
</gc-start>
<gc-op id="735" type="mark increment" timems="5.313" contextid="564" timestamp="2019-06-14T20:40:40.382">
  <trace-info objectcount="115339" scancount="111232" scanbytes="2936536" />
  <cardclean-info objects="206021" bytes="5975900" />
  <finalization candidates="81" enqueued="0" />
  <ownableSynchronizers candidates="22" cleared="0" />
  <references type="soft" candidates="4660" cleared="0" enqueued="0" dynamicThreshold="16" maxThreshold="32" />
  <references type="weak" candidates="5640" cleared="28" enqueued="27" />
  <references type="phantom" candidates="102" cleared="0" enqueued="0" />
  <stringconstants candidates="13753" cleared="13"  />
</gc-op>
<gc-op id="736" type="classunload" timems="0.007" contextid="564" timestamp="2019-06-14T20:40:40.382">
  <classunload-info classloadercandidates="55" classloadersunloaded="0" classesunloaded="0" anonymousclassesunloaded="0" quiescems="0.000" setupms="0.007" scanms="0.000" postms="0.000" />
</gc-op>
<gc-end id="737" type="global mark phase" contextid="564" durationms="5.674" usertimems="12.000" systemtimems="4.000" timestamp="2019-06-14T20:40:40.382" activeThreads="4">
  <mem-info id="738" free="33554432" total="92274688" percent="36">
    <pending-finalizers system="0" default="0" reference="27" classloader="0" />
    <remembered-set count="37856" freebytes="3741184" totalbytes="3892608" percent="96" regionsoverflowed="0" regionsstable="2" regionsrebuilding="0"/>
  </mem-info>
</gc-end>
<cycle-end id="739" type="global mark phase" contextid="564" timestamp="2019-06-14T20:40:40.382" />
  <attribute name="elasticGC enabled" value="1" />
  <attribute name= "numThreadsSpecified" value="4" />
  <attribute name="heapSize specified" value="0" />
  <attribute name="Current GC Util" value="240" />
  <attribute name= "Current Time Running" value="10071" />
  <attribute name ="GC Interval" value="0" />
  <attribute name="ProportionalT" value="110.000000" />
  <attribute name="ProportionalI" value="110.000000" />
  <attribute name="ProportionalH" value="110.000000" />
  <attribute name="Current Error" value="220.000000" />
  <attribute name="IntegralT" value="220.000000" />
  <attribute name="IntegralI" value="220.000000" />
  <attribute name="IntegralH" value="220.000000" />
  <attribute name="DerivativeT" value="-8.000000" />
  <attribute name="DerivativeI" value="-8.000000" />
  <attribute name="DerivativeH" value="-8.000000" />
  <attribute name="Loop Time for DT" value="1.000000" />
  <attribute name="Output H" value="8388608"/>
  <attribute name="Output I" value="328"/>
  <attribute name="Output T" value="4"/>
  <attribute name="Target GC Util Change" value ="20.000000" />
  <attribute name="Current GC Util Change" value="240.000000"/>
  <attribute name="GC Util currently" value="240" />
  <attribute name="CPU Util currently" value="3512105483914" />
<exclusive-end id="740" timestamp="2019-06-14T20:40:40.382" durationms="6.219" />

<exclusive-start id="741" timestamp="2019-06-14T20:40:40.392" intervalms="15.773">
  <response-info timems="0.090" idlems="0.090" threads="0" lastid="0000000001F98700" lastname="main" />
</exclusive-start>
<allocation-taxation id="742" taxation-threshold="14680064" timestamp="2019-06-14T20:40:40.392" intervalms="15.755" />
<cycle-start id="743" type="partial gc" contextid="0" timestamp="2019-06-14T20:40:40.392" intervalms="35.663" />
<gc-start id="744" type="partial gc" contextid="743" timestamp="2019-06-14T20:40:40.393">
  <mem-info id="745" free="18874368" total="92274688" percent="20">
    <mem type="eden" free="1048544" total="30408704" percent="3" />
    <arraylet-primitive objects="1" leaves="1" largest="1" />
    <remembered-set count="37856" freebytes="3741184" totalbytes="3892608" percent="96" regionsoverflowed="0" regionsstable="2" regionsrebuilding="0"/>
  </mem-info>
</gc-start>
<allocation-stats totalBytes="29255752" >
  <allocated-bytes non-tlh="0" tlh="29255752" arrayletleaf="0"/>
  <largest-consumer threadName="main" threadId="0000000001F98700" bytes="14627816" />
</allocation-stats>
<gc-op id="746" type="sweep" timems="0.677" contextid="743" timestamp="2019-06-14T20:40:40.394" />
<gc-op id="747" type="copy forward" timems="1.342" contextid="743" timestamp="2019-06-14T20:40:40.396">
  <memory-copied type="eden" objects="2" bytes="56" bytesdiscarded="736" />
  <memory-copied type="other" objects="90" bytes="3400" bytesdiscarded="1784" />
  <memory-cardclean objects="99" bytes="14456" />
  <regions eden="14" other="2" />
  <remembered-set-cleared processed="36198" cleared="58" durationms="0.190" />
  <references type="weak" candidates="2" cleared="0" enqueued="0" />
  <stringconstants candidates="13740" cleared="0"  />
</gc-op>
<gc-op id="748" type="classunload" timems="0.005" contextid="743" timestamp="2019-06-14T20:40:40.396">
  <classunload-info classloadercandidates="55" classloadersunloaded="0" classesunloaded="0" anonymousclassesunloaded="0" quiescems="0.000" setupms="0.005" scanms="0.000" postms="0.000" />
</gc-op>
<heap-resize id="749" type="expand" space="default" amount="15728640" count="1" timems="0.115" reason="excessive time being spent in gc" timestamp="2019-06-14T20:40:40.396" />
<gc-end id="750" type="partial gc" contextid="743" durationms="3.774" usertimems="0.000" systemtimems="8.000" timestamp="2019-06-14T20:40:40.396" activeThreads="4">
  <mem-info id="751" free="63963136" total="108003328" percent="59">
    <mem type="eden" free="1047784" total="1048576" percent="99" />
    <arraylet-primitive objects="1" leaves="1" largest="1" />
    <remembered-set count="39872" freebytes="4151680" totalbytes="4311168" percent="96" regionsoverflowed="0" regionsstable="2" regionsrebuilding="0"/>
  </mem-info>
</gc-end>
<cycle-end id="752" type="partial gc" contextid="743" timestamp="2019-06-14T20:40:40.397" />
  <attribute name="elasticGC enabled" value="1" />
  <attribute name= "numThreadsSpecified" value="4" />
  <attribute name="heapSize specified" value="0" />
  <attribute name="Current GC Util" value="28" />
  <attribute name= "Current Time Running" value="10085" />
  <attribute name ="GC Interval" value="0" />
  <attribute name="ProportionalT" value="4.000000" />
  <attribute name="ProportionalI" value="4.000000" />
  <attribute name="ProportionalH" value="4.000000" />
  <attribute name="Current Error" value="8.000000" />
  <attribute name="IntegralT" value="8.000000" />
  <attribute name="IntegralI" value="8.000000" />
  <attribute name="IntegralH" value="8.000000" />
  <attribute name="DerivativeT" value="-23.000000" />
  <attribute name="DerivativeI" value="-23.000000" />
  <attribute name="DerivativeH" value="-23.000000" />
  <attribute name="Loop Time for DT" value="1.000000" />
  <attribute name="Output H" value="2091843584"/>
  <attribute name="Output I" value="200"/>
  <attribute name="Output T" value="4"/>
  <attribute name="Target GC Util Change" value ="20.000000" />
  <attribute name="Current GC Util Change" value="28.000000"/>
  <attribute name="GC Util currently" value="28" />
  <attribute name="CPU Util currently" value="9037524359014" />
<exclusive-end id="753" timestamp="2019-06-14T20:40:40.397" durationms="4.783" />

<exclusive-start id="754" timestamp="2019-06-14T20:40:40.418" intervalms="26.293">
  <response-info timems="0.090" idlems="0.090" threads="0" lastid="0000000001F98700" lastname="main" />
</exclusive-start>
<allocation-taxation id="755" taxation-threshold="33554432" timestamp="2019-06-14T20:40:40.418" intervalms="26.328" />
<cycle-start id="756" type="partial gc" contextid="0" timestamp="2019-06-14T20:40:40.419" intervalms="26.343" />
<gc-start id="757" type="partial gc" contextid="756" timestamp="2019-06-14T20:40:40.419">
  <mem-info id="758" free="30408704" total="108003328" percent="28">
    <mem type="eden" free="1047784" total="34603008" percent="3" />
    <arraylet-primitive objects="1" leaves="1" largest="1" />
    <remembered-set count="39392" freebytes="4153600" totalbytes="4311168" percent="96" regionsoverflowed="0" regionsstable="2" regionsrebuilding="0"/>
  </mem-info>
</gc-start>
<allocation-stats totalBytes="33442120" >
  <allocated-bytes non-tlh="0" tlh="33442120" arrayletleaf="0"/>
  <largest-consumer threadName="main" threadId="0000000001F98700" bytes="33442120" />
</allocation-stats>
<gc-op id="759" type="copy forward" timems="3.536" contextid="756" timestamp="2019-06-14T20:40:40.423">
  <memory-copied type="eden" objects="2" bytes="56" bytesdiscarded="0" />
  <memory-copied type="other" objects="2930" bytes="109496" bytesdiscarded="0" />
  <memory-cardclean objects="26644" bytes="983256" />
  <regions eden="32" other="5" />
  <remembered-set-cleared processed="33414" cleared="3279" durationms="0.397" />
  <references type="soft" candidates="38" cleared="0" enqueued="0" dynamicThreshold="18" maxThreshold="32" />
  <references type="weak" candidates="258" cleared="0" enqueued="0" />
  <stringconstants candidates="13740" cleared="0"  />
</gc-op>
<gc-op id="760" type="classunload" timems="0.004" contextid="756" timestamp="2019-06-14T20:40:40.424">
  <classunload-info classloadercandidates="55" classloadersunloaded="0" classesunloaded="0" anonymousclassesunloaded="0" quiescems="0.000" setupms="0.004" scanms="0.000" postms="0.000" />
</gc-op>
<gc-end id="761" type="partial gc" contextid="756" durationms="4.719" usertimems="8.000" systemtimems="0.000" timestamp="2019-06-14T20:40:40.424" activeThreads="1">
  <mem-info id="762" free="65011712" total="108003328" percent="60">
    <mem type="eden" free="1048520" total="1048576" percent="99" />
    <arraylet-primitive objects="1" leaves="1" largest="1" />
    <remembered-set count="41600" freebytes="4144768" totalbytes="4311168" percent="96" regionsoverflowed="0" regionsstable="2" regionsrebuilding="0"/>
  </mem-info>
</gc-end>
<cycle-end id="763" type="partial gc" contextid="756" timestamp="2019-06-14T20:40:40.424" />
  <attribute name="elasticGC enabled" value="1" />
  <attribute name= "numThreadsSpecified" value="1" />
  <attribute name="heapSize specified" value="0" />
  <attribute name="Current GC Util" value="74" />
  <attribute name= "Current Time Running" value="10110" />
  <attribute name ="GC Interval" value="0" />
  <attribute name="ProportionalT" value="27.000000" />
  <attribute name="ProportionalI" value="27.000000" />
  <attribute name="ProportionalH" value="27.000000" />
  <attribute name="Current Error" value="54.000000" />
  <attribute name="IntegralT" value="0.000000" />
  <attribute name="IntegralI" value="0.000000" />
  <attribute name="IntegralH" value="0.000000" />
  <attribute name="DerivativeT" value="inf" />
  <attribute name="DerivativeI" value="inf" />
  <attribute name="DerivativeH" value="inf" />
  <attribute name="Loop Time for DT" value="0.000000" />
  <attribute name="Output H" value="8388608"/>
  <attribute name="Output I" value="200"/>
  <attribute name="Output T" value="1"/>
  <attribute name="Target GC Util Change" value ="20.000000" />
  <attribute name="Current GC Util Change" value="74.000000"/>
  <attribute name="GC Util currently" value="74" />
  <attribute name="CPU Util currently" value="18524695939878" />
<exclusive-end id="764" timestamp="2019-06-14T20:40:40.424" durationms="5.915" />

<exclusive-start id="765" timestamp="2019-06-14T20:40:40.446" intervalms="27.814">
  <response-info timems="0.029" idlems="0.029" threads="0" lastid="0000000001F98700" lastname="main" />
</exclusive-start>
<allocation-taxation id="766" taxation-threshold="33554432" timestamp="2019-06-14T20:40:40.446" intervalms="27.837" />
<cycle-start id="767" type="partial gc" contextid="0" timestamp="2019-06-14T20:40:40.446" intervalms="27.743" />
<gc-start id="768" type="partial gc" contextid="767" timestamp="2019-06-14T20:40:40.447">
  <mem-info id="769" free="31457280" total="108003328" percent="29">
    <mem type="eden" free="1048520" total="34603008" percent="3" />
    <arraylet-primitive objects="1" leaves="1" largest="1" />
    <remembered-set count="41440" freebytes="4145408" totalbytes="4311168" percent="96" regionsoverflowed="0" regionsstable="2" regionsrebuilding="0"/>
  </mem-info>
</gc-start>
<allocation-stats totalBytes="33442096" >
  <allocated-bytes non-tlh="0" tlh="33442096" arrayletleaf="0"/>
  <largest-consumer threadName="main" threadId="0000000001F98700" bytes="33442096" />
</allocation-stats>
<gc-op id="770" type="copy forward" timems="1.932" contextid="767" timestamp="2019-06-14T20:40:40.450">
  <memory-copied type="eden" objects="2" bytes="56" bytesdiscarded="0" />
  <memory-copied type="other" objects="5428" bytes="209312" bytesdiscarded="12312" />
  <memory-cardclean objects="2507" bytes="107176" />
  <regions eden="32" other="5" />
  <remembered-set-cleared processed="35641" cleared="1562" durationms="0.226" />
  <references type="soft" candidates="63" cleared="0" enqueued="0" dynamicThreshold="19" maxThreshold="32" />
  <references type="weak" candidates="451" cleared="0" enqueued="0" />
  <stringconstants candidates="13740" cleared="2"  />
</gc-op>
<gc-op id="771" type="classunload" timems="0.350" contextid="767" timestamp="2019-06-14T20:40:40.450">
  <classunload-info classloadercandidates="55" classloadersunloaded="1" classesunloaded="1" anonymousclassesunloaded="0" quiescems="0.000" setupms="0.339" scanms="0.008" postms="0.003" />
</gc-op>
<gc-end id="772" type="partial gc" contextid="767" durationms="3.421" usertimems="8.000" systemtimems="0.000" timestamp="2019-06-14T20:40:40.450" activeThreads="4">
  <mem-info id="773" free="67108864" total="108003328" percent="62">
    <mem type="eden" free="1048520" total="1048576" percent="99" />
    <arraylet-primitive objects="1" leaves="1" largest="1" />
    <remembered-set count="39136" freebytes="4154624" totalbytes="4311168" percent="96" regionsoverflowed="0" regionsstable="2" regionsrebuilding="0"/>
  </mem-info>
</gc-end>
<cycle-end id="774" type="partial gc" contextid="767" timestamp="2019-06-14T20:40:40.450" />
  <attribute name="elasticGC enabled" value="1" />
  <attribute name= "numThreadsSpecified" value="4" />
  <attribute name="heapSize specified" value="0" />
  <attribute name="Current GC Util" value="78" />
  <attribute name= "Current Time Running" value="10138" />
  <attribute name ="GC Interval" value="0" />
  <attribute name="ProportionalT" value="29.000000" />
  <attribute name="ProportionalI" value="29.000000" />
  <attribute name="ProportionalH" value="29.000000" />
  <attribute name="Current Error" value="58.000000" />
  <attribute name="IntegralT" value="58.000000" />
  <attribute name="IntegralI" value="58.000000" />
  <attribute name="IntegralH" value="58.000000" />
  <attribute name="DerivativeT" value="29.000000" />
  <attribute name="DerivativeI" value="29.000000" />
  <attribute name="DerivativeH" value="29.000000" />
  <attribute name="Loop Time for DT" value="1.000000" />
  <attribute name="Output H" value="8388608"/>
  <attribute name="Output I" value="200"/>
  <attribute name="Output T" value="4"/>
  <attribute name="Target GC Util Change" value ="20.000000" />
  <attribute name="Current GC Util Change" value="78.000000"/>
  <attribute name="GC Util currently" value="78" />
  <attribute name="CPU Util currently" value="15376797209574" />
<exclusive-end id="775" timestamp="2019-06-14T20:40:40.451" durationms="4.445" />

<exclusive-start id="776" timestamp="2019-06-14T20:40:40.473" intervalms="26.848">
  <response-info timems="0.076" idlems="0.076" threads="0" lastid="0000000001F98700" lastname="main" />
</exclusive-start>
<allocation-taxation id="777" taxation-threshold="33554432" timestamp="2019-06-14T20:40:40.473" intervalms="26.817" />
<cycle-start id="778" type="partial gc" contextid="0" timestamp="2019-06-14T20:40:40.473" intervalms="26.928" />
<gc-start id="779" type="partial gc" contextid="778" timestamp="2019-06-14T20:40:40.474">
  <mem-info id="780" free="33554432" total="108003328" percent="31">
    <mem type="eden" free="1048520" total="34603008" percent="3" />
    <arraylet-primitive objects="1" leaves="1" largest="1" />
    <remembered-set count="38656" freebytes="4156544" totalbytes="4311168" percent="96" regionsoverflowed="0" regionsstable="2" regionsrebuilding="0"/>
  </mem-info>
</gc-start>
<allocation-stats totalBytes="33442120" >
  <allocated-bytes non-tlh="0" tlh="33442120" arrayletleaf="0"/>
  <largest-consumer threadName="main" threadId="0000000001F98700" bytes="33442120" />
</allocation-stats>
<gc-op id="781" type="copy forward" timems="2.359" contextid="778" timestamp="2019-06-14T20:40:40.477">
  <memory-copied type="eden" objects="2" bytes="56" bytesdiscarded="0" />
  <memory-copied type="other" objects="4075" bytes="179120" bytesdiscarded="496" />
  <memory-cardclean objects="2181" bytes="96696" />
  <regions eden="32" other="4" />
  <remembered-set-cleared processed="35567" cleared="1056" durationms="0.374" />
  <finalization candidates="4" enqueued="0" />
  <references type="soft" candidates="41" cleared="0" enqueued="0" dynamicThreshold="19" maxThreshold="32" />
  <references type="weak" candidates="121" cleared="0" enqueued="0" />
  <stringconstants candidates="13738" cleared="0"  />
</gc-op>
<gc-op id="782" type="classunload" timems="0.003" contextid="778" timestamp="2019-06-14T20:40:40.477">
  <classunload-info classloadercandidates="54" classloadersunloaded="0" classesunloaded="0" anonymousclassesunloaded="0" quiescems="0.000" setupms="0.003" scanms="0.000" postms="0.000" />
</gc-op>
<heap-resize id="783" type="contract" space="default" amount="5242880" count="1" timems="0.061" reason="excess free space following gc" timestamp="2019-06-14T20:40:40.477" />
<gc-end id="784" type="partial gc" contextid="778" durationms="3.745" usertimems="4.000" systemtimems="0.000" timestamp="2019-06-14T20:40:40.477" activeThreads="1">
  <mem-info id="785" free="62914560" total="102760448" percent="61">
    <mem type="eden" free="1048520" total="1048576" percent="99" />
    <arraylet-primitive objects="1" leaves="1" largest="1" />
    <remembered-set count="38464" freebytes="4157312" totalbytes="4311168" percent="96" regionsoverflowed="0" regionsstable="2" regionsrebuilding="0"/>
  </mem-info>
</gc-end>
<cycle-end id="786" type="partial gc" contextid="778" timestamp="2019-06-14T20:40:40.478" />
  <attribute name="elasticGC enabled" value="1" />
  <attribute name= "numThreadsSpecified" value="1" />
  <attribute name="heapSize specified" value="0" />
  <attribute name="Current GC Util" value="56" />
  <attribute name= "Current Time Running" value="10164" />
  <attribute name ="GC Interval" value="0" />
  <attribute name="ProportionalT" value="18.000000" />
  <attribute name="ProportionalI" value="18.000000" />
  <attribute name="ProportionalH" value="18.000000" />
  <attribute name="Current Error" value="36.000000" />
  <attribute name="IntegralT" value="0.000000" />
  <attribute name="IntegralI" value="0.000000" />
  <attribute name="IntegralH" value="0.000000" />
  <attribute name="DerivativeT" value="inf" />
  <attribute name="DerivativeI" value="inf" />
  <attribute name="DerivativeH" value="inf" />
  <attribute name="Loop Time for DT" value="0.000000" />
  <attribute name="Output H" value="8388608"/>
  <attribute name="Output I" value="200"/>
  <attribute name="Output T" value="1"/>
  <attribute name="Target GC Util Change" value ="20.000000" />
  <attribute name="Current GC Util Change" value="56.000000"/>
  <attribute name="GC Util currently" value="56" />
  <attribute name="CPU Util currently" value="19352519333137" />
<exclusive-end id="787" timestamp="2019-06-14T20:40:40.478" durationms="4.893" />

<exclusive-start id="788" timestamp="2019-06-14T20:40:40.500" intervalms="26.628">
  <response-info timems="0.095" idlems="0.095" threads="0" lastid="0000000001F98700" lastname="main" />
</exclusive-start>
<allocation-taxation id="789" taxation-threshold="32505856" timestamp="2019-06-14T20:40:40.500" intervalms="26.635" />
<cycle-start id="790" type="partial gc" contextid="0" timestamp="2019-06-14T20:40:40.500" intervalms="26.637" />
<gc-start id="791" type="partial gc" contextid="790" timestamp="2019-06-14T20:40:40.500">
  <mem-info id="792" free="30408704" total="102760448" percent="29">
    <mem type="eden" free="1048520" total="33554432" percent="3" />
    <arraylet-primitive objects="1" leaves="1" largest="1" />
    <remembered-set count="38080" freebytes="4158848" totalbytes="4311168" percent="96" regionsoverflowed="0" regionsstable="2" regionsrebuilding="0"/>
  </mem-info>
</gc-start>
<allocation-stats totalBytes="32396976" >
  <allocated-bytes non-tlh="0" tlh="32396976" arrayletleaf="0"/>
  <largest-consumer threadName="main" threadId="0000000001F98700" bytes="32396976" />
</allocation-stats>
<gc-op id="793" type="copy forward" timems="2.555" contextid="790" timestamp="2019-06-14T20:40:40.504">
  <memory-copied type="eden" objects="2" bytes="56" bytesdiscarded="0" />
  <memory-copied type="other" objects="7080" bytes="258504" bytesdiscarded="416" />
  <memory-cardclean objects="1315" bytes="55952" />
  <regions eden="31" other="5" />
  <remembered-set-cleared processed="35486" cleared="1284" durationms="0.353" />
  <references type="soft" candidates="101" cleared="0" enqueued="0" dynamicThreshold="19" maxThreshold="32" />
  <references type="weak" candidates="271" cleared="0" enqueued="0" />
  <stringconstants candidates="13738" cleared="0"  />
</gc-op>
<gc-op id="794" type="classunload" timems="0.004" contextid="790" timestamp="2019-06-14T20:40:40.504">
  <classunload-info classloadercandidates="54" classloadersunloaded="0" classesunloaded="0" anonymousclassesunloaded="0" quiescems="0.000" setupms="0.004" scanms="0.000" postms="0.000" />
</gc-op>
<heap-resize id="795" type="contract" space="default" amount="5242880" count="1" timems="0.059" reason="excess free space following gc" timestamp="2019-06-14T20:40:40.504" />
<gc-end id="796" type="partial gc" contextid="790" durationms="4.209" usertimems="4.000" systemtimems="0.000" timestamp="2019-06-14T20:40:40.505" activeThreads="1">
  <mem-info id="797" free="59768832" total="97517568" percent="61">
    <mem type="eden" free="1048520" total="1048576" percent="99" />
    <arraylet-primitive objects="1" leaves="1" largest="1" />
    <remembered-set count="36864" freebytes="3954432" totalbytes="4101888" percent="96" regionsoverflowed="0" regionsstable="2" regionsrebuilding="0"/>
  </mem-info>
</gc-end>
<cycle-end id="798" type="partial gc" contextid="790" timestamp="2019-06-14T20:40:40.505" />
  <attribute name="elasticGC enabled" value="1" />
  <attribute name= "numThreadsSpecified" value="1" />
  <attribute name="heapSize specified" value="0" />
  <attribute name="Current GC Util" value="31" />
  <attribute name= "Current Time Running" value="10191" />
  <attribute name ="GC Interval" value="0" />
  <attribute name="ProportionalT" value="5.500000" />
  <attribute name="ProportionalI" value="5.500000" />
  <attribute name="ProportionalH" value="5.500000" />
  <attribute name="Current Error" value="11.000000" />
  <attribute name="IntegralT" value="0.000000" />
  <attribute name="IntegralI" value="0.000000" />
  <attribute name="IntegralH" value="0.000000" />
  <attribute name="DerivativeT" value="inf" />
  <attribute name="DerivativeI" value="inf" />
  <attribute name="DerivativeH" value="inf" />
  <attribute name="Loop Time for DT" value="0.000000" />
  <attribute name="Output H" value="8388608"/>
  <attribute name="Output I" value="200"/>
  <attribute name="Output T" value="1"/>
  <attribute name="Target GC Util Change" value ="20.000000" />
  <attribute name="Current GC Util Change" value="31.000000"/>
  <attribute name="GC Util currently" value="31" />
  <attribute name="CPU Util currently" value="9114724492996" />
<exclusive-end id="799" timestamp="2019-06-14T20:40:40.505" durationms="5.401" />

<exclusive-start id="800" timestamp="2019-06-14T20:40:40.525" intervalms="25.531">
  <response-info timems="0.078" idlems="0.078" threads="0" lastid="0000000001F98700" lastname="main" />
</exclusive-start>
<allocation-taxation id="801" taxation-threshold="30408704" timestamp="2019-06-14T20:40:40.525" intervalms="25.547" />
<cycle-start id="802" type="partial gc" contextid="0" timestamp="2019-06-14T20:40:40.525" intervalms="25.498" />
<gc-start id="803" type="partial gc" contextid="802" timestamp="2019-06-14T20:40:40.526">
  <mem-info id="804" free="29360128" total="97517568" percent="30">
    <mem type="eden" free="1048520" total="31457280" percent="3" />
    <arraylet-primitive objects="1" leaves="1" largest="1" />
    <remembered-set count="36768" freebytes="3954816" totalbytes="4101888" percent="96" regionsoverflowed="0" regionsstable="2" regionsrebuilding="0"/>
  </mem-info>
</gc-start>
<allocation-stats totalBytes="30306688" >
  <allocated-bytes non-tlh="0" tlh="30306688" arrayletleaf="0"/>
  <largest-consumer threadName="main" threadId="0000000001F98700" bytes="30306688" />
</allocation-stats>
<gc-op id="805" type="copy forward" timems="1.819" contextid="802" timestamp="2019-06-14T20:40:40.529">
  <memory-copied type="eden" objects="2" bytes="56" bytesdiscarded="0" />
  <memory-copied type="other" objects="16724" bytes="339960" bytesdiscarded="18024" />
  <memory-cardclean objects="6545" bytes="286976" />
  <regions eden="29" other="3" />
  <remembered-set-cleared processed="35056" cleared="1310" durationms="0.204" />
  <stringconstants candidates="13738" cleared="0"  />
</gc-op>
<gc-op id="806" type="classunload" timems="0.004" contextid="802" timestamp="2019-06-14T20:40:40.529">
  <classunload-info classloadercandidates="54" classloadersunloaded="0" classesunloaded="0" anonymousclassesunloaded="0" quiescems="0.000" setupms="0.003" scanms="0.000" postms="0.000" />
</gc-op>
<gc-end id="807" type="partial gc" contextid="802" durationms="3.075" usertimems="0.000" systemtimems="4.000" timestamp="2019-06-14T20:40:40.529" activeThreads="4">
  <mem-info id="808" free="59768832" total="97517568" percent="61">
    <mem type="eden" free="1048520" total="1048576" percent="99" />
    <arraylet-primitive objects="1" leaves="1" largest="1" />
    <remembered-set count="39008" freebytes="3736576" totalbytes="3892608" percent="95" regionsoverflowed="0" regionsstable="2" regionsrebuilding="0"/>
  </mem-info>
</gc-end>
<cycle-end id="809" type="partial gc" contextid="802" timestamp="2019-06-14T20:40:40.529" />
  <attribute name="elasticGC enabled" value="1" />
  <attribute name= "numThreadsSpecified" value="4" />
  <attribute name="heapSize specified" value="0" />
  <attribute name="Current GC Util" value="34" />
  <attribute name= "Current Time Running" value="10217" />
  <attribute name ="GC Interval" value="0" />
  <attribute name="ProportionalT" value="7.000000" />
  <attribute name="ProportionalI" value="7.000000" />
  <attribute name="ProportionalH" value="7.000000" />
  <attribute name="Current Error" value="14.000000" />
  <attribute name="IntegralT" value="14.000000" />
  <attribute name="IntegralI" value="14.000000" />
  <attribute name="IntegralH" value="14.000000" />
  <attribute name="DerivativeT" value="7.000000" />
  <attribute name="DerivativeI" value="7.000000" />
  <attribute name="DerivativeH" value="7.000000" />
  <attribute name="Loop Time for DT" value="1.000000" />
  <attribute name="Output H" value="8388608"/>
  <attribute name="Output I" value="200"/>
  <attribute name="Output T" value="4"/>
  <attribute name="Target GC Util Change" value ="20.000000" />
  <attribute name="Current GC Util Change" value="34.000000"/>
  <attribute name="GC Util currently" value="34" />
  <attribute name="CPU Util currently" value="9306854493551" />
<exclusive-end id="810" timestamp="2019-06-14T20:40:40.529" durationms="4.128" />

<exclusive-start id="811" timestamp="2019-06-14T20:40:40.549" intervalms="23.842">
  <response-info timems="0.074" idlems="0.074" threads="0" lastid="0000000001F98700" lastname="main" />
</exclusive-start>
<allocation-taxation id="812" taxation-threshold="30408704" timestamp="2019-06-14T20:40:40.549" intervalms="23.858" />
<cycle-start id="813" type="partial gc" contextid="0" timestamp="2019-06-14T20:40:40.549" intervalms="23.905" />
<gc-start id="814" type="partial gc" contextid="813" timestamp="2019-06-14T20:40:40.550">
  <mem-info id="815" free="29360128" total="97517568" percent="30">
    <mem type="eden" free="1048520" total="31457280" percent="3" />
    <arraylet-primitive objects="1" leaves="1" largest="1" />
    <remembered-set count="38560" freebytes="3738368" totalbytes="3892608" percent="96" regionsoverflowed="0" regionsstable="2" regionsrebuilding="0"/>
  </mem-info>
</gc-start>
<allocation-stats totalBytes="30306664" >
  <allocated-bytes non-tlh="0" tlh="30306664" arrayletleaf="0"/>
  <largest-consumer threadName="main" threadId="0000000001F98700" bytes="30306664" />
</allocation-stats>
<gc-op id="816" type="copy forward" timems="3.514" contextid="813" timestamp="2019-06-14T20:40:40.554">
  <memory-copied type="eden" objects="2" bytes="56" bytesdiscarded="0" />
  <memory-copied type="other" objects="25649" bytes="560264" bytesdiscarded="0" />
  <memory-cardclean objects="5934" bytes="442032" />
  <regions eden="29" other="3" />
  <remembered-set-cleared processed="35253" cleared="2212" durationms="0.369" />
  <stringconstants candidates="13738" cleared="0"  />
</gc-op>
<gc-op id="817" type="classunload" timems="0.004" contextid="813" timestamp="2019-06-14T20:40:40.554">
  <classunload-info classloadercandidates="54" classloadersunloaded="0" classesunloaded="0" anonymousclassesunloaded="0" quiescems="0.000" setupms="0.004" scanms="0.000" postms="0.000" />
</gc-op>
<gc-end id="818" type="partial gc" contextid="813" durationms="4.703" usertimems="4.000" systemtimems="0.000" timestamp="2019-06-14T20:40:40.554" activeThreads="1">
  <mem-info id="819" free="59768832" total="97517568" percent="61">
    <mem type="eden" free="1048520" total="1048576" percent="99" />
    <arraylet-primitive objects="1" leaves="1" largest="1" />
    <remembered-set count="38624" freebytes="3738112" totalbytes="3892608" percent="96" regionsoverflowed="0" regionsstable="2" regionsrebuilding="0"/>
  </mem-info>
</gc-end>
<cycle-end id="820" type="partial gc" contextid="813" timestamp="2019-06-14T20:40:40.555" />
  <attribute name="elasticGC enabled" value="1" />
  <attribute name= "numThreadsSpecified" value="1" />
  <attribute name="heapSize specified" value="0" />
  <attribute name="Current GC Util" value="53" />
  <attribute name= "Current Time Running" value="10240" />
  <attribute name ="GC Interval" value="0" />
  <attribute name="ProportionalT" value="16.500000" />
  <attribute name="ProportionalI" value="16.500000" />
  <attribute name="ProportionalH" value="16.500000" />
  <attribute name="Current Error" value="33.000000" />
  <attribute name="IntegralT" value="0.000000" />
  <attribute name="IntegralI" value="0.000000" />
  <attribute name="IntegralH" value="0.000000" />
  <attribute name="DerivativeT" value="inf" />
  <attribute name="DerivativeI" value="inf" />
  <attribute name="DerivativeH" value="inf" />
  <attribute name="Loop Time for DT" value="0.000000" />
  <attribute name="Output H" value="8388608"/>
  <attribute name="Output I" value="200"/>
  <attribute name="Output T" value="1"/>
  <attribute name="Target GC Util Change" value ="20.000000" />
  <attribute name="Current GC Util Change" value="53.000000"/>
  <attribute name="GC Util currently" value="53" />
  <attribute name="CPU Util currently" value="19887986632190" />
<exclusive-end id="821" timestamp="2019-06-14T20:40:40.555" durationms="5.922" />

<exclusive-start id="822" timestamp="2019-06-14T20:40:40.575" intervalms="25.762">
  <response-info timems="0.098" idlems="0.098" threads="0" lastid="0000000001F98700" lastname="main" />
</exclusive-start>
<allocation-taxation id="823" taxation-threshold="30408704" timestamp="2019-06-14T20:40:40.575" intervalms="25.704" />
<cycle-start id="824" type="partial gc" contextid="0" timestamp="2019-06-14T20:40:40.575" intervalms="25.635" />
<gc-start id="825" type="partial gc" contextid="824" timestamp="2019-06-14T20:40:40.575">
  <mem-info id="826" free="29360128" total="97517568" percent="30">
    <mem type="eden" free="1048520" total="31457280" percent="3" />
    <arraylet-primitive objects="1" leaves="1" largest="1" />
    <remembered-set count="38368" freebytes="3739136" totalbytes="3892608" percent="96" regionsoverflowed="0" regionsstable="2" regionsrebuilding="0"/>
  </mem-info>
</gc-start>
<allocation-stats totalBytes="30306688" >
  <allocated-bytes non-tlh="0" tlh="30306688" arrayletleaf="0"/>
  <largest-consumer threadName="main" threadId="0000000001F98700" bytes="30306688" />
</allocation-stats>
<gc-op id="827" type="copy forward" timems="4.184" contextid="824" timestamp="2019-06-14T20:40:40.580">
  <memory-copied type="eden" objects="2" bytes="56" bytesdiscarded="0" />
  <memory-copied type="other" objects="25221" bytes="743776" bytesdiscarded="0" />
  <memory-cardclean objects="1269" bytes="457792" />
  <regions eden="29" other="3" />
  <remembered-set-cleared processed="35553" cleared="2134" durationms="0.373" />
  <references type="soft" candidates="778" cleared="0" enqueued="0" dynamicThreshold="19" maxThreshold="32" />
  <references type="weak" candidates="104" cleared="0" enqueued="0" />
  <stringconstants candidates="13738" cleared="0"  />
</gc-op>
<gc-op id="828" type="classunload" timems="0.005" contextid="824" timestamp="2019-06-14T20:40:40.581">
  <classunload-info classloadercandidates="54" classloadersunloaded="0" classesunloaded="0" anonymousclassesunloaded="0" quiescems="0.000" setupms="0.005" scanms="0.000" postms="0.000" />
</gc-op>
<gc-end id="829" type="partial gc" contextid="824" durationms="5.438" usertimems="12.000" systemtimems="0.000" timestamp="2019-06-14T20:40:40.581" activeThreads="1">
  <mem-info id="830" free="59768832" total="97517568" percent="61">
    <mem type="eden" free="1048520" total="1048576" percent="99" />
    <arraylet-primitive objects="1" leaves="1" largest="1" />
    <remembered-set count="38432" freebytes="3738880" totalbytes="3892608" percent="96" regionsoverflowed="0" regionsstable="2" regionsrebuilding="0"/>
  </mem-info>
</gc-end>
<cycle-end id="831" type="partial gc" contextid="824" timestamp="2019-06-14T20:40:40.581" />
  <attribute name="elasticGC enabled" value="1" />
  <attribute name= "numThreadsSpecified" value="1" />
  <attribute name="heapSize specified" value="0" />
  <attribute name="Current GC Util" value="38" />
  <attribute name= "Current Time Running" value="10266" />
  <attribute name ="GC Interval" value="0" />
  <attribute name="ProportionalT" value="9.000000" />
  <attribute name="ProportionalI" value="9.000000" />
  <attribute name="ProportionalH" value="9.000000" />
  <attribute name="Current Error" value="18.000000" />
  <attribute name="IntegralT" value="0.000000" />
  <attribute name="IntegralI" value="0.000000" />
  <attribute name="IntegralH" value="0.000000" />
  <attribute name="DerivativeT" value="inf" />
  <attribute name="DerivativeI" value="inf" />
  <attribute name="DerivativeH" value="inf" />
  <attribute name="Loop Time for DT" value="0.000000" />
  <attribute name="Output H" value="8388608"/>
  <attribute name="Output I" value="200"/>
  <attribute name="Output T" value="1"/>
  <attribute name="Target GC Util Change" value ="20.000000" />
  <attribute name="Current GC Util Change" value="38.000000"/>
  <attribute name="GC Util currently" value="38" />
  <attribute name="CPU Util currently" value="12322013349840" />
<exclusive-end id="832" timestamp="2019-06-14T20:40:40.581" durationms="6.480" />

<exclusive-start id="833" timestamp="2019-06-14T20:40:40.605" intervalms="30.455">
  <response-info timems="0.215" idlems="0.215" threads="0" lastid="0000000001F98700" lastname="main" />
</exclusive-start>
<allocation-taxation id="834" taxation-threshold="30408704" timestamp="2019-06-14T20:40:40.605" intervalms="30.480" />
<cycle-start id="835" type="partial gc" contextid="0" timestamp="2019-06-14T20:40:40.605" intervalms="30.424" />
<gc-start id="836" type="partial gc" contextid="835" timestamp="2019-06-14T20:40:40.606">
  <mem-info id="837" free="29360128" total="97517568" percent="30">
    <mem type="eden" free="1048520" total="31457280" percent="3" />
    <arraylet-primitive objects="1" leaves="1" largest="1" />
    <remembered-set count="38208" freebytes="3739776" totalbytes="3892608" percent="96" regionsoverflowed="0" regionsstable="2" regionsrebuilding="0"/>
  </mem-info>
</gc-start>
<allocation-stats totalBytes="30261144" >
  <allocated-bytes non-tlh="0" tlh="30261144" arrayletleaf="0"/>
  <largest-consumer threadName="main" threadId="0000000001F98700" bytes="30261144" />
</allocation-stats>
<gc-op id="838" type="copy forward" timems="5.063" contextid="835" timestamp="2019-06-14T20:40:40.612">
  <memory-copied type="eden" objects="28" bytes="1960" bytesdiscarded="0" />
  <memory-copied type="other" objects="49370" bytes="1170872" bytesdiscarded="0" />
  <memory-cardclean objects="1614" bytes="444792" />
  <regions eden="29" other="3" />
  <remembered-set-cleared processed="35580" cleared="2465" durationms="0.372" />
  <references type="soft" candidates="2102" cleared="0" enqueued="0" dynamicThreshold="19" maxThreshold="32" />
  <stringconstants candidates="13738" cleared="0"  />
</gc-op>
<gc-op id="839" type="classunload" timems="0.005" contextid="835" timestamp="2019-06-14T20:40:40.612">
  <classunload-info classloadercandidates="54" classloadersunloaded="0" classesunloaded="0" anonymousclassesunloaded="0" quiescems="0.000" setupms="0.005" scanms="0.000" postms="0.000" />
</gc-op>
<gc-end id="840" type="partial gc" contextid="835" durationms="6.174" usertimems="8.000" systemtimems="0.000" timestamp="2019-06-14T20:40:40.612" activeThreads="1">
  <mem-info id="841" free="59768832" total="97517568" percent="61">
    <mem type="eden" free="1046616" total="1048576" percent="99" />
    <arraylet-primitive objects="1" leaves="1" largest="1" />
    <remembered-set count="38624" freebytes="3738112" totalbytes="3892608" percent="96" regionsoverflowed="0" regionsstable="2" regionsrebuilding="0"/>
  </mem-info>
</gc-end>
<cycle-end id="842" type="partial gc" contextid="835" timestamp="2019-06-14T20:40:40.612" />
  <attribute name="elasticGC enabled" value="1" />
  <attribute name= "numThreadsSpecified" value="1" />
  <attribute name="heapSize specified" value="0" />
  <attribute name="Current GC Util" value="68" />
  <attribute name= "Current Time Running" value="10296" />
  <attribute name ="GC Interval" value="0" />
  <attribute name="ProportionalT" value="24.000000" />
  <attribute name="ProportionalI" value="24.000000" />
  <attribute name="ProportionalH" value="24.000000" />
  <attribute name="Current Error" value="48.000000" />
  <attribute name="IntegralT" value="0.000000" />
  <attribute name="IntegralI" value="0.000000" />
  <attribute name="IntegralH" value="0.000000" />
  <attribute name="DerivativeT" value="inf" />
  <attribute name="DerivativeI" value="inf" />
  <attribute name="DerivativeH" value="inf" />
  <attribute name="Loop Time for DT" value="0.000000" />
  <attribute name="Output H" value="8388608"/>
  <attribute name="Output I" value="200"/>
  <attribute name="Output T" value="1"/>
  <attribute name="Target GC Util Change" value ="20.000000" />
  <attribute name="Current GC Util Change" value="68.000000"/>
  <attribute name="GC Util currently" value="68" />
  <attribute name="CPU Util currently" value="20011134463760" />
<exclusive-end id="843" timestamp="2019-06-14T20:40:40.612" durationms="7.257" />

<exclusive-start id="844" timestamp="2019-06-14T20:40:40.638" intervalms="32.609">
  <response-info timems="0.028" idlems="0.028" threads="0" lastid="0000000001F98700" lastname="main" />
</exclusive-start>
<allocation-taxation id="845" taxation-threshold="30408704" timestamp="2019-06-14T20:40:40.638" intervalms="32.662" />
<cycle-start id="846" type="partial gc" contextid="0" timestamp="2019-06-14T20:40:40.638" intervalms="32.805" />
<gc-start id="847" type="partial gc" contextid="846" timestamp="2019-06-14T20:40:40.639">
  <mem-info id="848" free="29360128" total="97517568" percent="30">
    <mem type="eden" free="0" total="30408704" percent="0" />
    <arraylet-primitive objects="1" leaves="1" largest="1" />
    <remembered-set count="38400" freebytes="3739008" totalbytes="3892608" percent="96" regionsoverflowed="0" regionsstable="2" regionsrebuilding="0"/>
  </mem-info>
</gc-start>
<allocation-stats totalBytes="30206400" >
  <allocated-bytes non-tlh="0" tlh="30206400" arrayletleaf="0"/>
  <largest-consumer threadName="main" threadId="0000000001F98700" bytes="30206400" />
</allocation-stats>
<gc-op id="849" type="copy forward" timems="6.256" contextid="846" timestamp="2019-06-14T20:40:40.646">
  <memory-copied type="eden" objects="1" bytes="40" bytesdiscarded="0" />
  <memory-copied type="other" objects="58774" bytes="1624936" bytesdiscarded="0" />
  <memory-cardclean objects="14640" bytes="548288" />
  <regions eden="29" other="3" />
  <remembered-set-cleared processed="34492" cleared="5220" durationms="0.375" />
  <finalization candidates="1" enqueued="0" />
  <stringconstants candidates="13738" cleared="0"  />
</gc-op>
<gc-op id="850" type="classunload" timems="0.004" contextid="846" timestamp="2019-06-14T20:40:40.646">
  <classunload-info classloadercandidates="54" classloadersunloaded="0" classesunloaded="0" anonymousclassesunloaded="0" quiescems="0.000" setupms="0.004" scanms="0.000" postms="0.000" />
</gc-op>
<gc-end id="851" type="partial gc" contextid="846" durationms="7.569" usertimems="8.000" systemtimems="0.000" timestamp="2019-06-14T20:40:40.646" activeThreads="1">
  <mem-info id="852" free="58720256" total="97517568" percent="60">
    <mem type="eden" free="1048536" total="1048576" percent="99" />
    <arraylet-primitive objects="1" leaves="1" largest="1" />
    <remembered-set count="38368" freebytes="3739136" totalbytes="3892608" percent="96" regionsoverflowed="0" regionsstable="2" regionsrebuilding="0"/>
  </mem-info>
</gc-end>
<cycle-end id="853" type="partial gc" contextid="846" timestamp="2019-06-14T20:40:40.646" />
  <attribute name="elasticGC enabled" value="1" />
  <attribute name= "numThreadsSpecified" value="1" />
  <attribute name="heapSize specified" value="0" />
  <attribute name="Current GC Util" value="79" />
  <attribute name= "Current Time Running" value="10329" />
  <attribute name ="GC Interval" value="0" />
  <attribute name="ProportionalT" value="29.500000" />
  <attribute name="ProportionalI" value="29.500000" />
  <attribute name="ProportionalH" value="29.500000" />
  <attribute name="Current Error" value="59.000000" />
  <attribute name="IntegralT" value="0.000000" />
  <attribute name="IntegralI" value="0.000000" />
  <attribute name="IntegralH" value="0.000000" />
  <attribute name="DerivativeT" value="inf" />
  <attribute name="DerivativeI" value="inf" />
  <attribute name="DerivativeH" value="inf" />
  <attribute name="Loop Time for DT" value="0.000000" />
  <attribute name="Output H" value="8388608"/>
  <attribute name="Output I" value="200"/>
  <attribute name="Output T" value="1"/>
  <attribute name="Target GC Util Change" value ="20.000000" />
  <attribute name="Current GC Util Change" value="79.000000"/>
  <attribute name="GC Util currently" value="79" />
  <attribute name="CPU Util currently" value="16665471734419" />
<exclusive-end id="854" timestamp="2019-06-14T20:40:40.647" durationms="8.863" />

<exclusive-start id="855" timestamp="2019-06-14T20:40:40.668" intervalms="30.644">
  <response-info timems="0.229" idlems="0.229" threads="0" lastid="0000000001F98700" lastname="main" />
</exclusive-start>
<allocation-taxation id="856" taxation-threshold="30408704" timestamp="2019-06-14T20:40:40.669" intervalms="30.647" />
<cycle-start id="857" type="partial gc" contextid="0" timestamp="2019-06-14T20:40:40.669" intervalms="30.606" />
<gc-start id="858" type="partial gc" contextid="857" timestamp="2019-06-14T20:40:40.669">
  <mem-info id="859" free="28311552" total="97517568" percent="29">
    <mem type="eden" free="1048536" total="31457280" percent="3" />
    <arraylet-primitive objects="1" leaves="1" largest="1" />
    <remembered-set count="38144" freebytes="3740032" totalbytes="3892608" percent="96" regionsoverflowed="0" regionsstable="2" regionsrebuilding="0"/>
  </mem-info>
</gc-start>
<allocation-stats totalBytes="30213816" >
  <allocated-bytes non-tlh="0" tlh="30213816" arrayletleaf="0"/>
  <largest-consumer threadName="main" threadId="0000000001F98700" bytes="30213816" />
</allocation-stats>
<gc-op id="860" type="copy forward" timems="7.184" contextid="857" timestamp="2019-06-14T20:40:40.677">
  <memory-copied type="eden" objects="2" bytes="64" bytesdiscarded="0" />
  <memory-copied type="other" objects="75487" bytes="1973632" bytesdiscarded="696" />
  <memory-cardclean objects="11560" bytes="423528" />
  <regions eden="29" other="3" />
  <remembered-set-cleared processed="34627" cleared="5843" durationms="0.378" />
  <stringconstants candidates="13738" cleared="0"  />
</gc-op>
<gc-op id="861" type="classunload" timems="0.005" contextid="857" timestamp="2019-06-14T20:40:40.677">
  <classunload-info classloadercandidates="54" classloadersunloaded="0" classesunloaded="0" anonymousclassesunloaded="0" quiescems="0.000" setupms="0.005" scanms="0.000" postms="0.000" />
</gc-op>
<gc-end id="862" type="partial gc" contextid="857" durationms="8.481" usertimems="8.000" systemtimems="0.000" timestamp="2019-06-14T20:40:40.678" activeThreads="1">
  <mem-info id="863" free="58720256" total="97517568" percent="60">
    <mem type="eden" free="1048512" total="1048576" percent="99" />
    <arraylet-primitive objects="1" leaves="1" largest="1" />
    <remembered-set count="37760" freebytes="3741568" totalbytes="3892608" percent="96" regionsoverflowed="0" regionsstable="2" regionsrebuilding="0"/>
  </mem-info>
</gc-end>
<cycle-end id="864" type="partial gc" contextid="857" timestamp="2019-06-14T20:40:40.678" />
  <attribute name="elasticGC enabled" value="1" />
  <attribute name= "numThreadsSpecified" value="1" />
  <attribute name="heapSize specified" value="0" />
  <attribute name="Current GC Util" value="62" />
  <attribute name= "Current Time Running" value="10360" />
  <attribute name ="GC Interval" value="0" />
  <attribute name="ProportionalT" value="21.000000" />
  <attribute name="ProportionalI" value="21.000000" />
  <attribute name="ProportionalH" value="21.000000" />
  <attribute name="Current Error" value="42.000000" />
  <attribute name="IntegralT" value="0.000000" />
  <attribute name="IntegralI" value="0.000000" />
  <attribute name="IntegralH" value="0.000000" />
  <attribute name="DerivativeT" value="inf" />
  <attribute name="DerivativeI" value="inf" />
  <attribute name="DerivativeH" value="inf" />
  <attribute name="Loop Time for DT" value="0.000000" />
  <attribute name="Output H" value="8388608"/>
  <attribute name="Output I" value="200"/>
  <attribute name="Output T" value="1"/>
  <attribute name="Target GC Util Change" value ="20.000000" />
  <attribute name="Current GC Util Change" value="62.000000"/>
  <attribute name="GC Util currently" value="62" />
  <attribute name="CPU Util currently" value="15492664683363" />
<exclusive-end id="865" timestamp="2019-06-14T20:40:40.678" durationms="9.739" />

<exclusive-start id="866" timestamp="2019-06-14T20:40:40.700" intervalms="31.451">
  <response-info timems="0.069" idlems="0.069" threads="0" lastid="0000000001F98700" lastname="main" />
</exclusive-start>
<allocation-taxation id="867" taxation-threshold="30408704" timestamp="2019-06-14T20:40:40.700" intervalms="31.395" />
<cycle-start id="868" type="partial gc" contextid="0" timestamp="2019-06-14T20:40:40.700" intervalms="31.405" />
<gc-start id="869" type="partial gc" contextid="868" timestamp="2019-06-14T20:40:40.701">
  <mem-info id="870" free="28311552" total="97517568" percent="29">
    <mem type="eden" free="1048512" total="31457280" percent="3" />
    <arraylet-primitive objects="1" leaves="1" largest="1" />
    <remembered-set count="37760" freebytes="3741568" totalbytes="3892608" percent="96" regionsoverflowed="0" regionsstable="2" regionsrebuilding="0"/>
  </mem-info>
</gc-start>
<allocation-stats totalBytes="30218088" >
  <allocated-bytes non-tlh="0" tlh="30218088" arrayletleaf="0"/>
  <largest-consumer threadName="main" threadId="0000000001F98700" bytes="30218088" />
</allocation-stats>
<gc-op id="871" type="copy forward" timems="7.783" contextid="868" timestamp="2019-06-14T20:40:40.709">
  <memory-copied type="eden" objects="2" bytes="64" bytesdiscarded="0" />
  <memory-copied type="other" objects="83214" bytes="2096840" bytesdiscarded="584" />
  <memory-cardclean objects="9798" bytes="554168" />
  <regions eden="29" other="3" />
  <remembered-set-cleared processed="34559" cleared="5370" durationms="0.399" />
  <references type="soft" candidates="37" cleared="0" enqueued="0" dynamicThreshold="19" maxThreshold="32" />
  <references type="weak" candidates="78" cleared="0" enqueued="0" />
  <stringconstants candidates="13738" cleared="0"  />
</gc-op>
<gc-op id="872" type="classunload" timems="0.008" contextid="868" timestamp="2019-06-14T20:40:40.709">
  <classunload-info classloadercandidates="54" classloadersunloaded="0" classesunloaded="0" anonymousclassesunloaded="0" quiescems="0.000" setupms="0.008" scanms="0.000" postms="0.000" />
</gc-op>
<gc-end id="873" type="partial gc" contextid="868" durationms="9.036" usertimems="12.000" systemtimems="0.000" timestamp="2019-06-14T20:40:40.710" activeThreads="1">
  <mem-info id="874" free="58720256" total="97517568" percent="60">
    <mem type="eden" free="1048512" total="1048576" percent="99" />
    <arraylet-primitive objects="1" leaves="1" largest="1" />
    <remembered-set count="37824" freebytes="3741312" totalbytes="3892608" percent="96" regionsoverflowed="0" regionsstable="2" regionsrebuilding="0"/>
  </mem-info>
</gc-end>
<cycle-end id="875" type="partial gc" contextid="868" timestamp="2019-06-14T20:40:40.710" />
  <attribute name="elasticGC enabled" value="1" />
  <attribute name= "numThreadsSpecified" value="1" />
  <attribute name="heapSize specified" value="0" />
  <attribute name="Current GC Util" value="64" />
  <attribute name= "Current Time Running" value="10391" />
  <attribute name ="GC Interval" value="0" />
  <attribute name="ProportionalT" value="22.000000" />
  <attribute name="ProportionalI" value="22.000000" />
  <attribute name="ProportionalH" value="22.000000" />
  <attribute name="Current Error" value="44.000000" />
  <attribute name="IntegralT" value="0.000000" />
  <attribute name="IntegralI" value="0.000000" />
  <attribute name="IntegralH" value="0.000000" />
  <attribute name="DerivativeT" value="inf" />
  <attribute name="DerivativeI" value="inf" />
  <attribute name="DerivativeH" value="inf" />
  <attribute name="Loop Time for DT" value="0.000000" />
  <attribute name="Output H" value="8388608"/>
  <attribute name="Output I" value="200"/>
  <attribute name="Output T" value="1"/>
  <attribute name="Target GC Util Change" value ="20.000000" />
  <attribute name="Current GC Util Change" value="64.000000"/>
  <attribute name="GC Util currently" value="64" />
  <attribute name="CPU Util currently" value="18768282224765" />
<exclusive-end id="876" timestamp="2019-06-14T20:40:40.710" durationms="10.235" />

<exclusive-start id="877" timestamp="2019-06-14T20:40:40.732" intervalms="31.927">
  <response-info timems="0.229" idlems="0.229" threads="0" lastid="0000000001F98700" lastname="main" />
</exclusive-start>
<allocation-taxation id="878" taxation-threshold="30408704" timestamp="2019-06-14T20:40:40.732" intervalms="31.986" />
<cycle-start id="879" type="partial gc" contextid="0" timestamp="2019-06-14T20:40:40.732" intervalms="31.983" />
<gc-start id="880" type="partial gc" contextid="879" timestamp="2019-06-14T20:40:40.733">
  <mem-info id="881" free="28311552" total="97517568" percent="29">
    <mem type="eden" free="1048512" total="31457280" percent="3" />
    <arraylet-primitive objects="1" leaves="1" largest="1" />
    <remembered-set count="37696" freebytes="3741824" totalbytes="3892608" percent="96" regionsoverflowed="0" regionsstable="2" regionsrebuilding="0"/>
  </mem-info>
</gc-start>
<allocation-stats totalBytes="30218112" >
  <allocated-bytes non-tlh="0" tlh="30218112" arrayletleaf="0"/>
  <largest-consumer threadName="main" threadId="0000000001F98700" bytes="30218112" />
</allocation-stats>
<gc-op id="882" type="copy forward" timems="8.073" contextid="879" timestamp="2019-06-14T20:40:40.742">
  <memory-copied type="eden" objects="2" bytes="64" bytesdiscarded="0" />
  <memory-copied type="other" objects="84534" bytes="2084376" bytesdiscarded="336" />
  <memory-cardclean objects="12458" bytes="606056" />
  <regions eden="29" other="3" />
  <remembered-set-cleared processed="33796" cleared="6190" durationms="0.374" />
  <stringconstants candidates="13738" cleared="0"  />
</gc-op>
<gc-op id="883" type="classunload" timems="0.009" contextid="879" timestamp="2019-06-14T20:40:40.742">
  <classunload-info classloadercandidates="54" classloadersunloaded="0" classesunloaded="0" anonymousclassesunloaded="0" quiescems="0.000" setupms="0.009" scanms="0.000" postms="0.000" />
</gc-op>
<gc-end id="884" type="partial gc" contextid="879" durationms="9.327" usertimems="20.000" systemtimems="0.000" timestamp="2019-06-14T20:40:40.742" activeThreads="1">
  <mem-info id="885" free="58720256" total="97517568" percent="60">
    <mem type="eden" free="1048512" total="1048576" percent="99" />
    <arraylet-primitive objects="1" leaves="1" largest="1" />
    <remembered-set count="38816" freebytes="3737344" totalbytes="3892608" percent="96" regionsoverflowed="0" regionsstable="2" regionsrebuilding="0"/>
  </mem-info>
</gc-end>
<cycle-end id="886" type="partial gc" contextid="879" timestamp="2019-06-14T20:40:40.742" />
  <attribute name="elasticGC enabled" value="1" />
  <attribute name= "numThreadsSpecified" value="1" />
  <attribute name="heapSize specified" value="0" />
  <attribute name="Current GC Util" value="55" />
  <attribute name= "Current Time Running" value="10423" />
  <attribute name ="GC Interval" value="0" />
  <attribute name="ProportionalT" value="17.500000" />
  <attribute name="ProportionalI" value="17.500000" />
  <attribute name="ProportionalH" value="17.500000" />
  <attribute name="Current Error" value="35.000000" />
  <attribute name="IntegralT" value="0.000000" />
  <attribute name="IntegralI" value="0.000000" />
  <attribute name="IntegralH" value="0.000000" />
  <attribute name="DerivativeT" value="inf" />
  <attribute name="DerivativeI" value="inf" />
  <attribute name="DerivativeH" value="inf" />
  <attribute name="Loop Time for DT" value="0.000000" />
  <attribute name="Output H" value="8388608"/>
  <attribute name="Output I" value="200"/>
  <attribute name="Output T" value="1"/>
  <attribute name="Target GC Util Change" value ="20.000000" />
  <attribute name="Current GC Util Change" value="55.000000"/>
  <attribute name="GC Util currently" value="55" />
  <attribute name="CPU Util currently" value="16306946493862" />
<exclusive-end id="887" timestamp="2019-06-14T20:40:40.742" durationms="10.598" />

<exclusive-start id="888" timestamp="2019-06-14T20:40:40.764" intervalms="31.939">
  <response-info timems="0.107" idlems="0.107" threads="0" lastid="0000000001F98700" lastname="main" />
</exclusive-start>
<allocation-taxation id="889" taxation-threshold="30408704" timestamp="2019-06-14T20:40:40.764" intervalms="31.912" />
<cycle-start id="890" type="partial gc" contextid="0" timestamp="2019-06-14T20:40:40.764" intervalms="31.909" />
<gc-start id="891" type="partial gc" contextid="890" timestamp="2019-06-14T20:40:40.765">
  <mem-info id="892" free="28311552" total="97517568" percent="29">
    <mem type="eden" free="1048512" total="31457280" percent="3" />
    <arraylet-primitive objects="1" leaves="1" largest="1" />
    <remembered-set count="38336" freebytes="3739264" totalbytes="3892608" percent="96" regionsoverflowed="0" regionsstable="3" regionsrebuilding="0"/>
  </mem-info>
</gc-start>
<allocation-stats totalBytes="30218088" >
  <allocated-bytes non-tlh="0" tlh="30218088" arrayletleaf="0"/>
  <largest-consumer threadName="main" threadId="0000000001F98700" bytes="30218088" />
</allocation-stats>
<gc-op id="893" type="copy forward" timems="7.683" contextid="890" timestamp="2019-06-14T20:40:40.773">
  <memory-copied type="eden" objects="2" bytes="64" bytesdiscarded="0" />
  <memory-copied type="other" objects="79977" bytes="2082272" bytesdiscarded="256" />
  <memory-cardclean objects="17036" bytes="641168" />
  <regions eden="29" other="3" />
  <remembered-set-cleared processed="34074" cleared="6369" durationms="0.374" />
  <stringconstants candidates="13738" cleared="0"  />
</gc-op>
<gc-op id="894" type="classunload" timems="0.005" contextid="890" timestamp="2019-06-14T20:40:40.773">
  <classunload-info classloadercandidates="54" classloadersunloaded="0" classesunloaded="0" anonymousclassesunloaded="0" quiescems="0.000" setupms="0.004" scanms="0.000" postms="0.000" />
</gc-op>
<gc-end id="895" type="partial gc" contextid="890" durationms="8.978" usertimems="8.000" systemtimems="0.000" timestamp="2019-06-14T20:40:40.773" activeThreads="1">
  <mem-info id="896" free="58720256" total="97517568" percent="60">
    <mem type="eden" free="1048512" total="1048576" percent="99" />
    <arraylet-primitive objects="1" leaves="1" largest="1" />
    <remembered-set count="38368" freebytes="3739136" totalbytes="3892608" percent="96" regionsoverflowed="0" regionsstable="3" regionsrebuilding="0"/>
  </mem-info>
</gc-end>
<cycle-end id="897" type="partial gc" contextid="890" timestamp="2019-06-14T20:40:40.774" />
  <attribute name="elasticGC enabled" value="1" />
  <attribute name= "numThreadsSpecified" value="1" />
  <attribute name="heapSize specified" value="0" />
  <attribute name="Current GC Util" value="73" />
  <attribute name= "Current Time Running" value="10455" />
  <attribute name ="GC Interval" value="0" />
  <attribute name="ProportionalT" value="26.500000" />
  <attribute name="ProportionalI" value="26.500000" />
  <attribute name="ProportionalH" value="26.500000" />
  <attribute name="Current Error" value="53.000000" />
  <attribute name="IntegralT" value="0.000000" />
  <attribute name="IntegralI" value="0.000000" />
  <attribute name="IntegralH" value="0.000000" />
  <attribute name="DerivativeT" value="inf" />
  <attribute name="DerivativeI" value="inf" />
  <attribute name="DerivativeH" value="inf" />
  <attribute name="Loop Time for DT" value="0.000000" />
  <attribute name="Output H" value="8388608"/>
  <attribute name="Output I" value="200"/>
  <attribute name="Output T" value="1"/>
  <attribute name="Target GC Util Change" value ="20.000000" />
  <attribute name="Current GC Util Change" value="73.000000"/>
  <attribute name="GC Util currently" value="73" />
  <attribute name="CPU Util currently" value="17631734706756" />
<exclusive-end id="898" timestamp="2019-06-14T20:40:40.774" durationms="10.260" />

<exclusive-start id="899" timestamp="2019-06-14T20:40:40.873" intervalms="109.161">
  <response-info timems="0.235" idlems="0.235" threads="0" lastid="0000000001F98700" lastname="main" />
</exclusive-start>
<allocation-taxation id="900" taxation-threshold="30408704" timestamp="2019-06-14T20:40:40.873" intervalms="109.195" />
<cycle-start id="901" type="partial gc" contextid="0" timestamp="2019-06-14T20:40:40.873" intervalms="109.233" />
<gc-start id="902" type="partial gc" contextid="901" timestamp="2019-06-14T20:40:40.874">
  <mem-info id="903" free="28311552" total="97517568" percent="29">
    <mem type="eden" free="1048512" total="31457280" percent="3" />
    <arraylet-primitive objects="1" leaves="1" largest="1" />
    <remembered-set count="37856" freebytes="3741184" totalbytes="3892608" percent="96" regionsoverflowed="0" regionsstable="4" regionsrebuilding="0"/>
  </mem-info>
</gc-start>
<allocation-stats totalBytes="30399976" >
  <allocated-bytes non-tlh="0" tlh="30399976" arrayletleaf="0"/>
  <largest-consumer threadName="main" threadId="0000000001F98700" bytes="30399976" />
</allocation-stats>
<gc-op id="904" type="copy forward" timems="1.437" contextid="901" timestamp="2019-06-14T20:40:40.876">
  <memory-copied type="eden" objects="153" bytes="5016" bytesdiscarded="680" />
  <memory-copied type="other" objects="0" bytes="0" bytesdiscarded="0" />
  <memory-cardclean objects="87" bytes="2992" />
  <regions eden="29" other="1" />
  <remembered-set-cleared processed="34917" cleared="26" durationms="0.202" />
  <stringconstants candidates="13738" cleared="0"  />
</gc-op>
<gc-op id="905" type="classunload" timems="0.006" contextid="901" timestamp="2019-06-14T20:40:40.876">
  <classunload-info classloadercandidates="54" classloadersunloaded="0" classesunloaded="0" anonymousclassesunloaded="0" quiescems="0.000" setupms="0.006" scanms="0.000" postms="0.000" />
</gc-op>
<gc-end id="906" type="partial gc" contextid="901" durationms="2.517" usertimems="8.000" systemtimems="0.000" timestamp="2019-06-14T20:40:40.876" activeThreads="4">
  <mem-info id="907" free="58720256" total="97517568" percent="60">
    <mem type="eden" free="1042880" total="1048576" percent="99" />
    <arraylet-primitive objects="1" leaves="1" largest="1" />
    <remembered-set count="37184" freebytes="3743872" totalbytes="3892608" percent="96" regionsoverflowed="0" regionsstable="4" regionsrebuilding="0"/>
  </mem-info>
</gc-end>
<cycle-end id="908" type="partial gc" contextid="901" timestamp="2019-06-14T20:40:40.876" />
  <attribute name="elasticGC enabled" value="1" />
  <attribute name= "numThreadsSpecified" value="4" />
  <attribute name="heapSize specified" value="0" />
  <attribute name="Current GC Util" value="66" />
  <attribute name= "Current Time Running" value="10565" />
  <attribute name ="GC Interval" value="0" />
  <attribute name="ProportionalT" value="23.000000" />
  <attribute name="ProportionalI" value="23.000000" />
  <attribute name="ProportionalH" value="23.000000" />
  <attribute name="Current Error" value="46.000000" />
  <attribute name="IntegralT" value="46.000000" />
  <attribute name="IntegralI" value="46.000000" />
  <attribute name="IntegralH" value="46.000000" />
  <attribute name="DerivativeT" value="23.000000" />
  <attribute name="DerivativeI" value="23.000000" />
  <attribute name="DerivativeH" value="23.000000" />
  <attribute name="Loop Time for DT" value="1.000000" />
  <attribute name="Output H" value="8388608"/>
  <attribute name="Output I" value="200"/>
  <attribute name="Output T" value="4"/>
  <attribute name="Target GC Util Change" value ="20.000000" />
  <attribute name="Current GC Util Change" value="66.000000"/>
  <attribute name="GC Util currently" value="66" />
  <attribute name="CPU Util currently" value="15405768546087" />
<exclusive-end id="909" timestamp="2019-06-14T20:40:40.877" durationms="3.644" />

<exclusive-start id="910" timestamp="2019-06-14T20:40:41.023" intervalms="150.331">
  <response-info timems="0.062" idlems="0.062" threads="0" lastid="0000000001F98700" lastname="main" />
</exclusive-start>
<allocation-taxation id="911" taxation-threshold="30408704" timestamp="2019-06-14T20:40:41.023" intervalms="150.230" />
<cycle-start id="912" type="partial gc" contextid="0" timestamp="2019-06-14T20:40:41.023" intervalms="150.092" />
<gc-start id="913" type="partial gc" contextid="912" timestamp="2019-06-14T20:40:41.024">
  <mem-info id="914" free="28311552" total="97517568" percent="29">
    <mem type="eden" free="0" total="30408704" percent="0" />
    <arraylet-primitive objects="1" leaves="1" largest="1" />
    <remembered-set count="36736" freebytes="3745664" totalbytes="3892608" percent="96" regionsoverflowed="0" regionsstable="4" regionsrebuilding="0"/>
  </mem-info>
</gc-start>
<allocation-stats totalBytes="30404696" >
  <allocated-bytes non-tlh="0" tlh="30404696" arrayletleaf="0"/>
  <largest-consumer threadName="main" threadId="0000000001F98700" bytes="30404696" />
</allocation-stats>
<gc-op id="915" type="copy forward" timems="1.405" contextid="912" timestamp="2019-06-14T20:40:41.026">
  <memory-copied type="eden" objects="244" bytes="7944" bytesdiscarded="1136" />
  <memory-copied type="other" objects="8" bytes="184" bytesdiscarded="0" />
  <memory-cardclean objects="143" bytes="13280" />
  <regions eden="29" other="1" />
  <remembered-set-cleared processed="34941" cleared="77" durationms="0.195" />
  <references type="weak" candidates="37" cleared="0" enqueued="0" />
  <stringconstants candidates="13738" cleared="0"  />
</gc-op>
<gc-op id="916" type="classunload" timems="0.003" contextid="912" timestamp="2019-06-14T20:40:41.026">
  <classunload-info classloadercandidates="54" classloadersunloaded="0" classesunloaded="0" anonymousclassesunloaded="0" quiescems="0.000" setupms="0.003" scanms="0.000" postms="0.000" />
</gc-op>
<gc-end id="917" type="partial gc" contextid="912" durationms="2.513" usertimems="4.000" systemtimems="0.000" timestamp="2019-06-14T20:40:41.026" activeThreads="4">
  <mem-info id="918" free="57671680" total="97517568" percent="59">
    <mem type="eden" free="1039448" total="1048576" percent="99" />
    <arraylet-primitive objects="1" leaves="1" largest="1" />
    <remembered-set count="36672" freebytes="3745920" totalbytes="3892608" percent="96" regionsoverflowed="0" regionsstable="4" regionsrebuilding="0"/>
  </mem-info>
</gc-end>
<cycle-end id="919" type="partial gc" contextid="912" timestamp="2019-06-14T20:40:41.026" />
  <attribute name="elasticGC enabled" value="1" />
  <attribute name= "numThreadsSpecified" value="4" />
  <attribute name="heapSize specified" value="0" />
  <attribute name="Current GC Util" value="52" />
  <attribute name= "Current Time Running" value="10715" />
  <attribute name ="GC Interval" value="0" />
  <attribute name="ProportionalT" value="16.000000" />
  <attribute name="ProportionalI" value="16.000000" />
  <attribute name="ProportionalH" value="16.000000" />
  <attribute name="Current Error" value="32.000000" />
  <attribute name="IntegralT" value="32.000000" />
  <attribute name="IntegralI" value="32.000000" />
  <attribute name="IntegralH" value="32.000000" />
  <attribute name="DerivativeT" value="16.000000" />
  <attribute name="DerivativeI" value="16.000000" />
  <attribute name="DerivativeH" value="16.000000" />
  <attribute name="Loop Time for DT" value="1.000000" />
  <attribute name="Output H" value="8388608"/>
  <attribute name="Output I" value="200"/>
  <attribute name="Output T" value="4"/>
  <attribute name="Target GC Util Change" value ="20.000000" />
  <attribute name="Current GC Util Change" value="52.000000"/>
  <attribute name="GC Util currently" value="52" />
  <attribute name="CPU Util currently" value="14649434734213" />
<exclusive-end id="920" timestamp="2019-06-14T20:40:41.027" durationms="3.407" />

<exclusive-start id="921" timestamp="2019-06-14T20:40:41.068" intervalms="44.712">
  <response-info timems="0.060" idlems="0.060" threads="0" lastid="0000000001F98700" lastname="main" />
</exclusive-start>
<allocation-taxation id="922" taxation-threshold="30408704" timestamp="2019-06-14T20:40:41.068" intervalms="44.746" />
<cycle-start id="923" type="partial gc" contextid="0" timestamp="2019-06-14T20:40:41.068" intervalms="44.849" />
<gc-start id="924" type="partial gc" contextid="923" timestamp="2019-06-14T20:40:41.069">
  <mem-info id="925" free="27262976" total="97517568" percent="27">
    <mem type="eden" free="0" total="30408704" percent="0" />
    <arraylet-primitive objects="1" leaves="1" largest="1" />
    <remembered-set count="36256" freebytes="3747584" totalbytes="3892608" percent="96" regionsoverflowed="0" regionsstable="4" regionsrebuilding="0"/>
  </mem-info>
</gc-start>
<allocation-stats totalBytes="30392344" >
  <allocated-bytes non-tlh="0" tlh="30392344" arrayletleaf="0"/>
  <largest-consumer threadName="main" threadId="0000000001F98700" bytes="30392344" />
</allocation-stats>
<gc-op id="926" type="copy forward" timems="1.171" contextid="923" timestamp="2019-06-14T20:40:41.071">
  <memory-copied type="eden" objects="23" bytes="840" bytesdiscarded="0" />
  <memory-copied type="other" objects="103" bytes="3520" bytesdiscarded="0" />
  <memory-cardclean objects="73" bytes="11248" />
  <regions eden="29" other="1" />
  <remembered-set-cleared processed="34970" cleared="86" durationms="0.345" />
  <references type="weak" candidates="37" cleared="0" enqueued="0" />
  <stringconstants candidates="13738" cleared="0"  />
</gc-op>
<gc-op id="927" type="classunload" timems="0.004" contextid="923" timestamp="2019-06-14T20:40:41.071">
  <classunload-info classloadercandidates="54" classloadersunloaded="0" classesunloaded="0" anonymousclassesunloaded="0" quiescems="0.000" setupms="0.004" scanms="0.000" postms="0.000" />
</gc-op>
<gc-end id="928" type="partial gc" contextid="923" durationms="2.268" usertimems="0.000" systemtimems="0.000" timestamp="2019-06-14T20:40:41.071" activeThreads="1">
  <mem-info id="929" free="56623104" total="97517568" percent="58">
    <mem type="eden" free="1047736" total="1048576" percent="99" />
    <arraylet-primitive objects="1" leaves="1" largest="1" />
    <remembered-set count="36288" freebytes="3747456" totalbytes="3892608" percent="96" regionsoverflowed="0" regionsstable="4" regionsrebuilding="0"/>
  </mem-info>
</gc-end>
<cycle-end id="930" type="partial gc" contextid="923" timestamp="2019-06-14T20:40:41.071" />
  <attribute name="elasticGC enabled" value="1" />
  <attribute name= "numThreadsSpecified" value="1" />
  <attribute name="heapSize specified" value="0" />
  <attribute name="Current GC Util" value="54" />
  <attribute name= "Current Time Running" value="10759" />
  <attribute name ="GC Interval" value="0" />
  <attribute name="ProportionalT" value="17.000000" />
  <attribute name="ProportionalI" value="17.000000" />
  <attribute name="ProportionalH" value="17.000000" />
  <attribute name="Current Error" value="34.000000" />
  <attribute name="IntegralT" value="0.000000" />
  <attribute name="IntegralI" value="0.000000" />
  <attribute name="IntegralH" value="0.000000" />
  <attribute name="DerivativeT" value="inf" />
  <attribute name="DerivativeI" value="inf" />
  <attribute name="DerivativeH" value="inf" />
  <attribute name="Loop Time for DT" value="0.000000" />
  <attribute name="Output H" value="8388608"/>
  <attribute name="Output I" value="200"/>
  <attribute name="Output T" value="1"/>
  <attribute name="Target GC Util Change" value ="20.000000" />
  <attribute name="Current GC Util Change" value="54.000000"/>
  <attribute name="GC Util currently" value="54" />
  <attribute name="CPU Util currently" value="20029472963750" />
<exclusive-end id="931" timestamp="2019-06-14T20:40:41.071" durationms="3.345" />

<exclusive-start id="932" timestamp="2019-06-14T20:40:41.099" intervalms="31.204">
  <response-info timems="0.155" idlems="0.155" threads="0" lastid="0000000001F98700" lastname="main" />
</exclusive-start>
<allocation-taxation id="933" taxation-threshold="30408704" timestamp="2019-06-14T20:40:41.099" intervalms="31.184" />
<cycle-start id="934" type="partial gc" contextid="0" timestamp="2019-06-14T20:40:41.099" intervalms="31.163" />
<gc-start id="935" type="partial gc" contextid="934" timestamp="2019-06-14T20:40:41.100">
  <mem-info id="936" free="26214400" total="97517568" percent="26">
    <mem type="eden" free="0" total="30408704" percent="0" />
    <arraylet-primitive objects="1" leaves="1" largest="1" />
    <remembered-set count="35232" freebytes="3751680" totalbytes="3892608" percent="96" regionsoverflowed="0" regionsstable="5" regionsrebuilding="0"/>
  </mem-info>
</gc-start>
<allocation-stats totalBytes="30392096" >
  <allocated-bytes non-tlh="0" tlh="30392096" arrayletleaf="0"/>
  <largest-consumer threadName="main" threadId="0000000001F98700" bytes="30392096" />
</allocation-stats>
<gc-op id="937" type="copy forward" timems="1.406" contextid="934" timestamp="2019-06-14T20:40:41.102">
  <memory-copied type="eden" objects="5" bytes="272" bytesdiscarded="0" />
  <memory-copied type="other" objects="18" bytes="568" bytesdiscarded="0" />
  <memory-cardclean objects="37" bytes="1664" />
  <regions eden="29" other="1" />
  <remembered-set-cleared processed="34310" cleared="25" durationms="0.208" />
  <stringconstants candidates="13738" cleared="0"  />
</gc-op>
<gc-op id="938" type="classunload" timems="0.003" contextid="934" timestamp="2019-06-14T20:40:41.102">
  <classunload-info classloadercandidates="54" classloadersunloaded="0" classesunloaded="0" anonymousclassesunloaded="0" quiescems="0.000" setupms="0.003" scanms="0.000" postms="0.000" />
</gc-op>
<heap-resize id="939" type="contract" space="default" amount="5242880" count="1" timems="0.060" reason="insufficient time being spent in gc" timestamp="2019-06-14T20:40:41.102" />
<gc-end id="940" type="partial gc" contextid="934" durationms="2.630" usertimems="4.000" systemtimems="0.000" timestamp="2019-06-14T20:40:41.102" activeThreads="4">
  <mem-info id="941" free="50331648" total="92274688" percent="54">
    <mem type="eden" free="1048304" total="1048576" percent="99" />
    <arraylet-primitive objects="1" leaves="1" largest="1" />
    <remembered-set count="36608" freebytes="3746176" totalbytes="3892608" percent="96" regionsoverflowed="0" regionsstable="5" regionsrebuilding="0"/>
  </mem-info>
</gc-end>
<cycle-end id="942" type="partial gc" contextid="934" timestamp="2019-06-14T20:40:41.103" />
  <attribute name="elasticGC enabled" value="1" />
  <attribute name= "numThreadsSpecified" value="4" />
  <attribute name="heapSize specified" value="0" />
  <attribute name="Current GC Util" value="73" />
  <attribute name= "Current Time Running" value="10791" />
  <attribute name ="GC Interval" value="0" />
  <attribute name="ProportionalT" value="26.500000" />
  <attribute name="ProportionalI" value="26.500000" />
  <attribute name="ProportionalH" value="26.500000" />
  <attribute name="Current Error" value="53.000000" />
  <attribute name="IntegralT" value="53.000000" />
  <attribute name="IntegralI" value="53.000000" />
  <attribute name="IntegralH" value="53.000000" />
  <attribute name="DerivativeT" value="26.500000" />
  <attribute name="DerivativeI" value="26.500000" />
  <attribute name="DerivativeH" value="26.500000" />
  <attribute name="Loop Time for DT" value="1.000000" />
  <attribute name="Output H" value="8388608"/>
  <attribute name="Output I" value="200"/>
  <attribute name="Output T" value="4"/>
  <attribute name="Target GC Util Change" value ="20.000000" />
  <attribute name="Current GC Util Change" value="73.000000"/>
  <attribute name="GC Util currently" value="73" />
  <attribute name="CPU Util currently" value="18300341279692" />
<exclusive-end id="943" timestamp="2019-06-14T20:40:41.103" durationms="3.680" />

<exclusive-start id="944" timestamp="2019-06-14T20:40:41.130" intervalms="30.775">
  <response-info timems="0.234" idlems="0.234" threads="0" lastid="0000000001F98700" lastname="main" />
</exclusive-start>
<allocation-taxation id="945" taxation-threshold="29360128" timestamp="2019-06-14T20:40:41.130" intervalms="30.791" />
<cycle-start id="946" type="partial gc" contextid="0" timestamp="2019-06-14T20:40:41.130" intervalms="30.768" />
<gc-start id="947" type="partial gc" contextid="946" timestamp="2019-06-14T20:40:41.131">
  <mem-info id="948" free="20971520" total="92274688" percent="22">
    <mem type="eden" free="1048304" total="30408704" percent="3" />
    <arraylet-primitive objects="1" leaves="1" largest="1" />
    <remembered-set count="35424" freebytes="3750912" totalbytes="3892608" percent="96" regionsoverflowed="0" regionsstable="6" regionsrebuilding="0"/>
  </mem-info>
</gc-start>
<allocation-stats totalBytes="29344224" >
  <allocated-bytes non-tlh="0" tlh="29344224" arrayletleaf="0"/>
  <largest-consumer threadName="main" threadId="0000000001F98700" bytes="29344224" />
</allocation-stats>
<gc-op id="949" type="copy forward" timems="1.196" contextid="946" timestamp="2019-06-14T20:40:41.133">
  <memory-copied type="eden" objects="5" bytes="224" bytesdiscarded="0" />
  <memory-copied type="other" objects="0" bytes="0" bytesdiscarded="0" />
  <memory-cardclean objects="16" bytes="528" />
  <regions eden="28" other="1" />
  <remembered-set-cleared processed="33581" cleared="8" durationms="0.197" />
  <stringconstants candidates="13738" cleared="0"  />
</gc-op>
<gc-op id="950" type="classunload" timems="0.004" contextid="946" timestamp="2019-06-14T20:40:41.133">
  <classunload-info classloadercandidates="54" classloadersunloaded="0" classesunloaded="0" anonymousclassesunloaded="0" quiescems="0.000" setupms="0.004" scanms="0.000" postms="0.000" />
</gc-op>
<gc-end id="951" type="partial gc" contextid="946" durationms="2.496" usertimems="4.000" systemtimems="0.000" timestamp="2019-06-14T20:40:41.133" activeThreads="4">
  <mem-info id="952" free="50331648" total="92274688" percent="54">
    <mem type="eden" free="1048352" total="1048576" percent="99" />
    <arraylet-primitive objects="1" leaves="1" largest="1" />
    <remembered-set count="34944" freebytes="3543552" totalbytes="3683328" percent="96" regionsoverflowed="0" regionsstable="6" regionsrebuilding="0"/>
  </mem-info>
</gc-end>
<cycle-end id="953" type="partial gc" contextid="946" timestamp="2019-06-14T20:40:41.133" />
  <attribute name="elasticGC enabled" value="1" />
  <attribute name= "numThreadsSpecified" value="4" />
  <attribute name="heapSize specified" value="0" />
  <attribute name="Current GC Util" value="31" />
  <attribute name= "Current Time Running" value="10822" />
  <attribute name ="GC Interval" value="0" />
  <attribute name="ProportionalT" value="5.500000" />
  <attribute name="ProportionalI" value="5.500000" />
  <attribute name="ProportionalH" value="5.500000" />
  <attribute name="Current Error" value="11.000000" />
  <attribute name="IntegralT" value="11.000000" />
  <attribute name="IntegralI" value="11.000000" />
  <attribute name="IntegralH" value="11.000000" />
  <attribute name="DerivativeT" value="5.500000" />
  <attribute name="DerivativeI" value="5.500000" />
  <attribute name="DerivativeH" value="5.500000" />
  <attribute name="Loop Time for DT" value="1.000000" />
  <attribute name="Output H" value="8388608"/>
  <attribute name="Output I" value="200"/>
  <attribute name="Output T" value="4"/>
  <attribute name="Target GC Util Change" value ="20.000000" />
  <attribute name="Current GC Util Change" value="31.000000"/>
  <attribute name="GC Util currently" value="31" />
  <attribute name="CPU Util currently" value="9459306015918" />
<exclusive-end id="954" timestamp="2019-06-14T20:40:41.133" durationms="3.449" />

<exclusive-start id="955" timestamp="2019-06-14T20:40:41.160" intervalms="30.307">
  <response-info timems="0.188" idlems="0.188" threads="0" lastid="0000000001F98700" lastname="main" />
</exclusive-start>
<allocation-taxation id="956" taxation-threshold="29360128" timestamp="2019-06-14T20:40:41.160" intervalms="30.335" />
<cycle-start id="957" type="partial gc" contextid="0" timestamp="2019-06-14T20:40:41.161" intervalms="30.358" />
<gc-start id="958" type="partial gc" contextid="957" timestamp="2019-06-14T20:40:41.161">
  <mem-info id="959" free="20971520" total="92274688" percent="22">
    <mem type="eden" free="1048352" total="30408704" percent="3" />
    <arraylet-primitive objects="1" leaves="1" largest="1" />
    <remembered-set count="33824" freebytes="3548032" totalbytes="3683328" percent="96" regionsoverflowed="0" regionsstable="7" regionsrebuilding="0"/>
  </mem-info>
</gc-start>
<allocation-stats totalBytes="29344704" >
  <allocated-bytes non-tlh="0" tlh="29344704" arrayletleaf="0"/>
  <largest-consumer threadName="main" threadId="0000000001F98700" bytes="29344704" />
</allocation-stats>
<gc-op id="960" type="copy forward" timems="1.218" contextid="957" timestamp="2019-06-14T20:40:41.163">
  <memory-copied type="eden" objects="6" bytes="272" bytesdiscarded="0" />
  <memory-copied type="other" objects="0" bytes="0" bytesdiscarded="0" />
  <memory-cardclean objects="16" bytes="528" />
  <regions eden="28" other="1" />
  <remembered-set-cleared processed="32910" cleared="6" durationms="0.345" />
  <stringconstants candidates="13738" cleared="0"  />
</gc-op>
<gc-op id="961" type="classunload" timems="0.004" contextid="957" timestamp="2019-06-14T20:40:41.163">
  <classunload-info classloadercandidates="54" classloadersunloaded="0" classesunloaded="0" anonymousclassesunloaded="0" quiescems="0.000" setupms="0.004" scanms="0.000" postms="0.000" />
</gc-op>
<gc-end id="962" type="partial gc" contextid="957" durationms="2.433" usertimems="4.000" systemtimems="0.000" timestamp="2019-06-14T20:40:41.163" activeThreads="1">
  <mem-info id="963" free="50331648" total="92274688" percent="54">
    <mem type="eden" free="1048304" total="1048576" percent="99" />
    <arraylet-primitive objects="1" leaves="1" largest="1" />
    <remembered-set count="34272" freebytes="3546240" totalbytes="3683328" percent="96" regionsoverflowed="0" regionsstable="7" regionsrebuilding="0"/>
  </mem-info>
</gc-end>
<cycle-end id="964" type="partial gc" contextid="957" timestamp="2019-06-14T20:40:41.164" />
  <attribute name="elasticGC enabled" value="1" />
  <attribute name= "numThreadsSpecified" value="1" />
  <attribute name="heapSize specified" value="0" />
  <attribute name="Current GC Util" value="60" />
  <attribute name= "Current Time Running" value="10852" />
  <attribute name ="GC Interval" value="0" />
  <attribute name="ProportionalT" value="20.000000" />
  <attribute name="ProportionalI" value="20.000000" />
  <attribute name="ProportionalH" value="20.000000" />
  <attribute name="Current Error" value="40.000000" />
  <attribute name="IntegralT" value="0.000000" />
  <attribute name="IntegralI" value="0.000000" />
  <attribute name="IntegralH" value="0.000000" />
  <attribute name="DerivativeT" value="inf" />
  <attribute name="DerivativeI" value="inf" />
  <attribute name="DerivativeH" value="inf" />
  <attribute name="Loop Time for DT" value="0.000000" />
  <attribute name="Output H" value="8388608"/>
  <attribute name="Output I" value="200"/>
  <attribute name="Output T" value="1"/>
  <attribute name="Target GC Util Change" value ="20.000000" />
  <attribute name="Current GC Util Change" value="60.000000"/>
  <attribute name="GC Util currently" value="60" />
  <attribute name="CPU Util currently" value="16249774497140" />
<exclusive-end id="965" timestamp="2019-06-14T20:40:41.164" durationms="3.576" />

<exclusive-start id="966" timestamp="2019-06-14T20:40:41.180" intervalms="19.507">
  <response-info timems="0.102" idlems="0.102" threads="0" lastid="0000000001F98700" lastname="main" />
</exclusive-start>
<allocation-taxation id="967" taxation-threshold="14680064" timestamp="2019-06-14T20:40:41.180" intervalms="19.514" />
<cycle-start id="968" type="global mark phase" contextid="0" timestamp="2019-06-14T20:40:41.180" intervalms="2284.855" />
<gc-start id="969" type="global mark phase" contextid="968" timestamp="2019-06-14T20:40:41.180">
  <mem-info id="970" free="35651584" total="92274688" percent="38">
    <remembered-set count="33440" freebytes="3549568" totalbytes="3683328" percent="96" regionsoverflowed="0" regionsstable="8" regionsrebuilding="0"/>
  </mem-info>
</gc-start>
<gc-op id="971" type="mark increment" timems="0.690" contextid="968" timestamp="2019-06-14T20:40:41.181">
  <trace-info objectcount="175" scancount="0" scanbytes="0" />
</gc-op>
<gc-end id="972" type="global mark phase" contextid="968" durationms="0.943" usertimems="0.000" systemtimems="0.000" timestamp="2019-06-14T20:40:41.181" activeThreads="4">
  <mem-info id="973" free="35651584" total="92274688" percent="38">
    <remembered-set count="33440" freebytes="3549568" totalbytes="3683328" percent="96" regionsoverflowed="0" regionsstable="0" regionsrebuilding="8"/>
  </mem-info>
</gc-end>
<concurrent-start id="974" type="GMP work packet processing" contextid="968" timestamp="2019-06-14T20:40:41.181">
  <concurrent-mark-start scanTarget="2257000" />
</concurrent-start>
<exclusive-end id="975" timestamp="2019-06-14T20:40:41.181" durationms="1.705" />

<concurrent-end id="976" type="GMP work packet processing" contextid="968" timestamp="2019-06-14T20:40:41.186">
  <concurrent-mark-end bytesScanned="2267608" reasonForTermination="Work target met" />
</concurrent-end>

<exclusive-start id="977" timestamp="2019-06-14T20:40:41.196" intervalms="16.340">
  <response-info timems="0.073" idlems="0.073" threads="0" lastid="0000000001F98700" lastname="main" />
</exclusive-start>
<allocation-taxation id="978" taxation-threshold="14680064" timestamp="2019-06-14T20:40:41.196" intervalms="16.315" />
<cycle-start id="979" type="partial gc" contextid="0" timestamp="2019-06-14T20:40:41.196" intervalms="35.827" />
<gc-start id="980" type="partial gc" contextid="979" timestamp="2019-06-14T20:40:41.197">
  <mem-info id="981" free="20971520" total="92274688" percent="22">
    <mem type="eden" free="1048304" total="30408704" percent="3" />
    <arraylet-primitive objects="1" leaves="1" largest="1" />
    <remembered-set count="35008" freebytes="3543296" totalbytes="3683328" percent="96" regionsoverflowed="0" regionsstable="0" regionsrebuilding="8"/>
  </mem-info>
</gc-start>
<allocation-stats totalBytes="29337624" >
  <allocated-bytes non-tlh="0" tlh="29337624" arrayletleaf="0"/>
  <largest-consumer threadName="main" threadId="0000000001F98700" bytes="14666400" />
</allocation-stats>
<gc-op id="982" type="copy forward" timems="1.321" contextid="979" timestamp="2019-06-14T20:40:41.199">
  <memory-copied type="eden" objects="28" bytes="1280" bytesdiscarded="320" />
  <memory-copied type="other" objects="0" bytes="0" bytesdiscarded="0" />
  <memory-cardclean objects="64" bytes="2592" />
  <regions eden="28" other="1" />
  <remembered-set-cleared processed="33923" cleared="32" durationms="0.194" />
  <stringconstants candidates="13738" cleared="0"  />
</gc-op>
<gc-op id="983" type="classunload" timems="0.005" contextid="979" timestamp="2019-06-14T20:40:41.199">
  <classunload-info classloadercandidates="54" classloadersunloaded="0" classesunloaded="0" anonymousclassesunloaded="0" quiescems="0.000" setupms="0.004" scanms="0.000" postms="0.000" />
</gc-op>
<gc-end id="984" type="partial gc" contextid="979" durationms="2.373" usertimems="4.000" systemtimems="0.000" timestamp="2019-06-14T20:40:41.199" activeThreads="4">
  <mem-info id="985" free="50331648" total="92274688" percent="54">
    <mem type="eden" free="1046976" total="1048576" percent="99" />
    <arraylet-primitive objects="1" leaves="1" largest="1" />
    <remembered-set count="36384" freebytes="3537792" totalbytes="3683328" percent="96" regionsoverflowed="0" regionsstable="0" regionsrebuilding="8"/>
  </mem-info>
</gc-end>
<cycle-end id="986" type="partial gc" contextid="979" timestamp="2019-06-14T20:40:41.199" />
  <attribute name="elasticGC enabled" value="1" />
  <attribute name= "numThreadsSpecified" value="4" />
  <attribute name="heapSize specified" value="0" />
  <attribute name="Current GC Util" value="65" />
  <attribute name= "Current Time Running" value="10888" />
  <attribute name ="GC Interval" value="0" />
  <attribute name="ProportionalT" value="22.500000" />
  <attribute name="ProportionalI" value="22.500000" />
  <attribute name="ProportionalH" value="22.500000" />
  <attribute name="Current Error" value="45.000000" />
  <attribute name="IntegralT" value="45.000000" />
  <attribute name="IntegralI" value="45.000000" />
  <attribute name="IntegralH" value="45.000000" />
  <attribute name="DerivativeT" value="22.500000" />
  <attribute name="DerivativeI" value="22.500000" />
  <attribute name="DerivativeH" value="22.500000" />
  <attribute name="Loop Time for DT" value="1.000000" />
  <attribute name="Output H" value="8388608"/>
  <attribute name="Output I" value="200"/>
  <attribute name="Output T" value="4"/>
  <attribute name="Target GC Util Change" value ="20.000000" />
  <attribute name="Current GC Util Change" value="65.000000"/>
  <attribute name="GC Util currently" value="65" />
  <attribute name="CPU Util currently" value="17685761080961" />
<exclusive-end id="987" timestamp="2019-06-14T20:40:41.199" durationms="3.358" />

<exclusive-start id="988" timestamp="2019-06-14T20:40:41.213" intervalms="16.816">
  <response-info timems="0.144" idlems="0.144" threads="0" lastid="0000000001F98700" lastname="main" />
</exclusive-start>
<allocation-taxation id="989" taxation-threshold="14680064" timestamp="2019-06-14T20:40:41.213" intervalms="16.821" />
<gc-start id="990" type="global mark phase" contextid="968" timestamp="2019-06-14T20:40:41.213">
  <mem-info id="991" free="35651584" total="92274688" percent="38">
    <remembered-set count="35744" freebytes="3540352" totalbytes="3683328" percent="96" regionsoverflowed="0" regionsstable="1" regionsrebuilding="8"/>
  </mem-info>
</gc-start>
<gc-end id="992" type="global mark phase" contextid="968" durationms="0.143" usertimems="0.000" systemtimems="0.000" timestamp="2019-06-14T20:40:41.213" activeThreads="4">
  <mem-info id="993" free="35651584" total="92274688" percent="38">
    <remembered-set count="35744" freebytes="3540352" totalbytes="3683328" percent="96" regionsoverflowed="0" regionsstable="1" regionsrebuilding="8"/>
  </mem-info>
</gc-end>
<concurrent-start id="994" type="GMP work packet processing" contextid="968" timestamp="2019-06-14T20:40:41.214">
  <concurrent-mark-start scanTarget="2257000" />
</concurrent-start>
<exclusive-end id="995" timestamp="2019-06-14T20:40:41.215" durationms="2.285" />

<concurrent-end id="996" type="GMP work packet processing" contextid="968" timestamp="2019-06-14T20:40:41.215">
  <concurrent-mark-end bytesScanned="2372884" reasonForTermination="Work target met" />
</concurrent-end>

<exclusive-start id="997" timestamp="2019-06-14T20:40:41.255" intervalms="41.704">
  <response-info timems="0.059" idlems="0.059" threads="0" lastid="0000000001F98700" lastname="main" />
</exclusive-start>
<allocation-taxation id="998" taxation-threshold="14680064" timestamp="2019-06-14T20:40:41.255" intervalms="41.687" />
<cycle-start id="999" type="partial gc" contextid="0" timestamp="2019-06-14T20:40:41.255" intervalms="58.493" />
<gc-start id="1000" type="partial gc" contextid="999" timestamp="2019-06-14T20:40:41.255">
  <mem-info id="1001" free="20971520" total="92274688" percent="22">
    <mem type="eden" free="0" total="29360128" percent="0" />
    <arraylet-primitive objects="1" leaves="1" largest="1" />
    <remembered-set count="39808" freebytes="3524096" totalbytes="3683328" percent="95" regionsoverflowed="0" regionsstable="1" regionsrebuilding="8"/>
  </mem-info>
</gc-start>
<allocation-stats totalBytes="29341544" >
  <allocated-bytes non-tlh="0" tlh="29341544" arrayletleaf="0"/>
  <largest-consumer threadName="main" threadId="0000000001F98700" bytes="14673600" />
</allocation-stats>
<gc-op id="1002" type="copy forward" timems="1.479" contextid="999" timestamp="2019-06-14T20:40:41.258">
  <memory-copied type="eden" objects="46" bytes="1912" bytesdiscarded="0" />
  <memory-copied type="other" objects="12" bytes="560" bytesdiscarded="0" />
  <memory-cardclean objects="80" bytes="3136" />
  <regions eden="28" other="1" />
  <remembered-set-cleared processed="37331" cleared="47" durationms="0.385" />
  <stringconstants candidates="13738" cleared="0"  />
</gc-op>
<gc-op id="1003" type="classunload" timems="0.004" contextid="999" timestamp="2019-06-14T20:40:41.258">
  <classunload-info classloadercandidates="54" classloadersunloaded="0" classesunloaded="0" anonymousclassesunloaded="0" quiescems="0.000" setupms="0.004" scanms="0.000" postms="0.000" />
</gc-op>
<gc-end id="1004" type="partial gc" contextid="999" durationms="2.644" usertimems="0.000" systemtimems="4.000" timestamp="2019-06-14T20:40:41.258" activeThreads="1">
  <mem-info id="1005" free="49283072" total="92274688" percent="53">
    <mem type="eden" free="1046664" total="1048576" percent="99" />
    <arraylet-primitive objects="1" leaves="1" largest="1" />
    <remembered-set count="40064" freebytes="3523072" totalbytes="3683328" percent="95" regionsoverflowed="0" regionsstable="1" regionsrebuilding="8"/>
  </mem-info>
</gc-end>
<cycle-end id="1006" type="partial gc" contextid="999" timestamp="2019-06-14T20:40:41.258" />
  <attribute name="elasticGC enabled" value="1" />
  <attribute name= "numThreadsSpecified" value="1" />
  <attribute name="heapSize specified" value="0" />
  <attribute name="Current GC Util" value="52" />
  <attribute name= "Current Time Running" value="10946" />
  <attribute name ="GC Interval" value="0" />
  <attribute name="ProportionalT" value="16.000000" />
  <attribute name="ProportionalI" value="16.000000" />
  <attribute name="ProportionalH" value="16.000000" />
  <attribute name="Current Error" value="32.000000" />
  <attribute name="IntegralT" value="0.000000" />
  <attribute name="IntegralI" value="0.000000" />
  <attribute name="IntegralH" value="0.000000" />
  <attribute name="DerivativeT" value="inf" />
  <attribute name="DerivativeI" value="inf" />
  <attribute name="DerivativeH" value="inf" />
  <attribute name="Loop Time for DT" value="0.000000" />
  <attribute name="Output H" value="8388608"/>
  <attribute name="Output I" value="200"/>
  <attribute name="Output T" value="1"/>
  <attribute name="Target GC Util Change" value ="20.000000" />
  <attribute name="Current GC Util Change" value="52.000000"/>
  <attribute name="GC Util currently" value="52" />
  <attribute name="CPU Util currently" value="17383892801985" />
<exclusive-end id="1007" timestamp="2019-06-14T20:40:41.258" durationms="3.786" />

<exclusive-start id="1008" timestamp="2019-06-14T20:40:41.303" intervalms="48.177">
  <response-info timems="0.086" idlems="0.086" threads="0" lastid="0000000001F98700" lastname="main" />
</exclusive-start>
<allocation-taxation id="1009" taxation-threshold="14680064" timestamp="2019-06-14T20:40:41.303" intervalms="48.197" />
<gc-start id="1010" type="global mark phase" contextid="968" timestamp="2019-06-14T20:40:41.303">
  <mem-info id="1011" free="34603008" total="92274688" percent="37">
    <remembered-set count="39680" freebytes="3524608" totalbytes="3683328" percent="95" regionsoverflowed="0" regionsstable="1" regionsrebuilding="8"/>
  </mem-info>
</gc-start>
<gc-end id="1012" type="global mark phase" contextid="968" durationms="0.145" usertimems="0.000" systemtimems="0.000" timestamp="2019-06-14T20:40:41.303" activeThreads="1">
  <mem-info id="1013" free="34603008" total="92274688" percent="37">
    <remembered-set count="39680" freebytes="3524608" totalbytes="3683328" percent="95" regionsoverflowed="0" regionsstable="1" regionsrebuilding="8"/>
  </mem-info>
</gc-end>
<concurrent-start id="1014" type="GMP work packet processing" contextid="968" timestamp="2019-06-14T20:40:41.303">
  <concurrent-mark-start scanTarget="1048576" />
</concurrent-start>
<concurrent-end id="1015" type="GMP work packet processing" contextid="968" timestamp="2019-06-14T20:40:41.304">
  <concurrent-mark-end bytesScanned="1096752" reasonForTermination="Work target met" />
</concurrent-end>

<exclusive-end id="1016" timestamp="2019-06-14T20:40:41.304" durationms="1.536" />

<exclusive-start id="1017" timestamp="2019-06-14T20:40:41.349" intervalms="46.028">
  <response-info timems="0.279" idlems="0.279" threads="0" lastid="0000000001F98700" lastname="main" />
</exclusive-start>
<allocation-taxation id="1018" taxation-threshold="14680064" timestamp="2019-06-14T20:40:41.349" intervalms="46.015" />
<cycle-start id="1019" type="partial gc" contextid="0" timestamp="2019-06-14T20:40:41.349" intervalms="94.212" />
<gc-start id="1020" type="partial gc" contextid="1019" timestamp="2019-06-14T20:40:41.350">
  <mem-info id="1021" free="19922944" total="92274688" percent="21">
    <mem type="eden" free="0" total="29360128" percent="0" />
    <arraylet-primitive objects="1" leaves="1" largest="1" />
    <remembered-set count="40992" freebytes="3519360" totalbytes="3683328" percent="95" regionsoverflowed="0" regionsstable="1" regionsrebuilding="8"/>
  </mem-info>
</gc-start>
<allocation-stats totalBytes="29353984" >
  <allocated-bytes non-tlh="0" tlh="29353984" arrayletleaf="0"/>
  <largest-consumer threadName="main" threadId="0000000001F98700" bytes="14676992" />
</allocation-stats>
<gc-op id="1022" type="copy forward" timems="4.543" contextid="1019" timestamp="2019-06-14T20:40:41.355">
  <memory-copied type="eden" objects="28" bytes="1328" bytesdiscarded="0" />
  <memory-copied type="other" objects="1761" bytes="696960" bytesdiscarded="808" />
  <memory-cardclean objects="15531" bytes="760008" />
  <regions eden="28" other="3" />
  <remembered-set-cleared processed="36654" cleared="4458" durationms="0.429" />
  <finalization candidates="9" enqueued="0" />
  <ownableSynchronizers candidates="16" cleared="0" />
  <references type="soft" candidates="222" cleared="0" enqueued="0" dynamicThreshold="12" maxThreshold="32" />
  <references type="weak" candidates="1190" cleared="0" enqueued="0" />
  <references type="phantom" candidates="29" cleared="0" enqueued="0" />
  <stringconstants candidates="13738" cleared="0"  />
</gc-op>
<gc-op id="1023" type="classunload" timems="0.007" contextid="1019" timestamp="2019-06-14T20:40:41.355">
  <classunload-info classloadercandidates="54" classloadersunloaded="0" classesunloaded="0" anonymousclassesunloaded="0" quiescems="0.000" setupms="0.007" scanms="0.000" postms="0.000" />
</gc-op>
<gc-end id="1024" type="partial gc" contextid="1019" durationms="5.767" usertimems="8.000" systemtimems="0.000" timestamp="2019-06-14T20:40:41.355" activeThreads="1">
  <mem-info id="1025" free="50331648" total="92274688" percent="54">
    <mem type="eden" free="1047248" total="1048576" percent="99" />
    <arraylet-primitive objects="1" leaves="1" largest="1" />
    <remembered-set count="40512" freebytes="3521280" totalbytes="3683328" percent="95" regionsoverflowed="0" regionsstable="1" regionsrebuilding="8"/>
  </mem-info>
</gc-end>
<cycle-end id="1026" type="partial gc" contextid="1019" timestamp="2019-06-14T20:40:41.355" />
  <attribute name="elasticGC enabled" value="1" />
  <attribute name= "numThreadsSpecified" value="1" />
  <attribute name="heapSize specified" value="0" />
  <attribute name="Current GC Util" value="56" />
  <attribute name= "Current Time Running" value="11040" />
  <attribute name ="GC Interval" value="0" />
  <attribute name="ProportionalT" value="18.000000" />
  <attribute name="ProportionalI" value="18.000000" />
  <attribute name="ProportionalH" value="18.000000" />
  <attribute name="Current Error" value="36.000000" />
  <attribute name="IntegralT" value="0.000000" />
  <attribute name="IntegralI" value="0.000000" />
  <attribute name="IntegralH" value="0.000000" />
  <attribute name="DerivativeT" value="inf" />
  <attribute name="DerivativeI" value="inf" />
  <attribute name="DerivativeH" value="inf" />
  <attribute name="Loop Time for DT" value="0.000000" />
  <attribute name="Output H" value="8388608"/>
  <attribute name="Output I" value="200"/>
  <attribute name="Output T" value="1"/>
  <attribute name="Target GC Util Change" value ="20.000000" />
  <attribute name="Current GC Util Change" value="56.000000"/>
  <attribute name="GC Util currently" value="56" />
  <attribute name="CPU Util currently" value="17156186996797" />
<exclusive-end id="1027" timestamp="2019-06-14T20:40:41.356" durationms="6.975" />

<exclusive-start id="1028" timestamp="2019-06-14T20:40:42.022" intervalms="672.764">
  <response-info timems="0.087" idlems="0.087" threads="0" lastid="0000000001F98700" lastname="main" />
</exclusive-start>
<allocation-taxation id="1029" taxation-threshold="14680064" timestamp="2019-06-14T20:40:42.022" intervalms="672.803" />
<gc-start id="1030" type="global mark phase" contextid="968" timestamp="2019-06-14T20:40:42.022">
  <mem-info id="1031" free="35651584" total="92274688" percent="38">
    <remembered-set count="40416" freebytes="3521664" totalbytes="3683328" percent="95" regionsoverflowed="0" regionsstable="1" regionsrebuilding="8"/>
  </mem-info>
</gc-start>
<gc-end id="1032" type="global mark phase" contextid="968" durationms="0.138" usertimems="0.000" systemtimems="0.000" timestamp="2019-06-14T20:40:42.022" activeThreads="1">
  <mem-info id="1033" free="35651584" total="92274688" percent="38">
    <remembered-set count="40416" freebytes="3521664" totalbytes="3683328" percent="95" regionsoverflowed="0" regionsstable="1" regionsrebuilding="8"/>
  </mem-info>
</gc-end>
<concurrent-start id="1034" type="GMP work packet processing" contextid="968" timestamp="2019-06-14T20:40:42.022">
  <concurrent-mark-start scanTarget="1048576" />
</concurrent-start>
<concurrent-end id="1035" type="GMP work packet processing" contextid="968" timestamp="2019-06-14T20:40:42.023">
  <concurrent-mark-end bytesScanned="1108568" reasonForTermination="Work target met" />
</concurrent-end>

<exclusive-end id="1036" timestamp="2019-06-14T20:40:42.023" durationms="1.632" />

<exclusive-start id="1037" timestamp="2019-06-14T20:40:42.033" intervalms="11.097">
  <response-info timems="0.071" idlems="0.071" threads="0" lastid="0000000001F98700" lastname="main" />
</exclusive-start>
<allocation-taxation id="1038" taxation-threshold="14680064" timestamp="2019-06-14T20:40:42.033" intervalms="11.029" />
<cycle-start id="1039" type="partial gc" contextid="0" timestamp="2019-06-14T20:40:42.034" intervalms="684.673" />
<gc-start id="1040" type="partial gc" contextid="1039" timestamp="2019-06-14T20:40:42.034">
  <mem-info id="1041" free="20971520" total="92274688" percent="22">
    <mem type="eden" free="1047248" total="30408704" percent="3" />
    <arraylet-primitive objects="1" leaves="1" largest="1" />
    <remembered-set count="40960" freebytes="3519488" totalbytes="3683328" percent="95" regionsoverflowed="0" regionsstable="1" regionsrebuilding="8"/>
  </mem-info>
</gc-start>
<allocation-stats totalBytes="27703512" >
  <allocated-bytes non-tlh="0" tlh="27703512" arrayletleaf="0"/>
  <largest-consumer threadName="main" threadId="0000000001F98700" bytes="13737216" />
</allocation-stats>
<gc-op id="1042" type="copy forward" timems="1.534" contextid="1039" timestamp="2019-06-14T20:40:42.037">
  <memory-copied type="eden" objects="103" bytes="39704" bytesdiscarded="0" />
  <memory-copied type="other" objects="0" bytes="0" bytesdiscarded="0" />
  <memory-cardclean objects="98" bytes="4080" />
  <regions eden="28" other="1" />
  <remembered-set-cleared processed="38748" cleared="47" durationms="0.389" />
  <stringconstants candidates="13738" cleared="0"  />
</gc-op>
<gc-op id="1043" type="classunload" timems="0.004" contextid="1039" timestamp="2019-06-14T20:40:42.037">
  <classunload-info classloadercandidates="54" classloadersunloaded="0" classesunloaded="0" anonymousclassesunloaded="0" quiescems="0.000" setupms="0.004" scanms="0.000" postms="0.000" />
</gc-op>
<heap-resize id="1044" type="contract" space="default" amount="5242880" count="1" timems="0.160" reason="insufficient time being spent in gc" timestamp="2019-06-14T20:40:42.037" />
<gc-end id="1045" type="partial gc" contextid="1039" durationms="3.028" usertimems="4.000" systemtimems="0.000" timestamp="2019-06-14T20:40:42.037" activeThreads="1">
  <mem-info id="1046" free="45088768" total="87031808" percent="51">
    <mem type="eden" free="1008872" total="1048576" percent="96" />
    <arraylet-primitive objects="1" leaves="1" largest="1" />
    <remembered-set count="41376" freebytes="3517824" totalbytes="3683328" percent="95" regionsoverflowed="0" regionsstable="1" regionsrebuilding="8"/>
  </mem-info>
</gc-end>
<cycle-end id="1047" type="partial gc" contextid="1039" timestamp="2019-06-14T20:40:42.037" />
  <attribute name="elasticGC enabled" value="1" />
  <attribute name= "numThreadsSpecified" value="1" />
  <attribute name="heapSize specified" value="0" />
  <attribute name="Current GC Util" value="59" />
  <attribute name= "Current Time Running" value="11725" />
  <attribute name ="GC Interval" value="0" />
  <attribute name="ProportionalT" value="19.500000" />
  <attribute name="ProportionalI" value="19.500000" />
  <attribute name="ProportionalH" value="19.500000" />
  <attribute name="Current Error" value="39.000000" />
  <attribute name="IntegralT" value="0.000000" />
  <attribute name="IntegralI" value="0.000000" />
  <attribute name="IntegralH" value="0.000000" />
  <attribute name="DerivativeT" value="inf" />
  <attribute name="DerivativeI" value="inf" />
  <attribute name="DerivativeH" value="inf" />
  <attribute name="Loop Time for DT" value="0.000000" />
  <attribute name="Output H" value="8388608"/>
  <attribute name="Output I" value="200"/>
  <attribute name="Output T" value="1"/>
  <attribute name="Target GC Util Change" value ="20.000000" />
  <attribute name="Current GC Util Change" value="59.000000"/>
  <attribute name="GC Util currently" value="59" />
  <attribute name="CPU Util currently" value="16939469968857" />
<exclusive-end id="1048" timestamp="2019-06-14T20:40:42.038" durationms="4.960" />

<exclusive-start id="1049" timestamp="2019-06-14T20:40:42.128" intervalms="95.254">
  <response-info timems="0.083" idlems="0.083" threads="0" lastid="0000000001F98700" lastname="main" />
</exclusive-start>
<allocation-taxation id="1050" taxation-threshold="13631488" timestamp="2019-06-14T20:40:42.128" intervalms="95.342" />
<gc-start id="1051" type="global mark phase" contextid="968" timestamp="2019-06-14T20:40:42.128">
  <mem-info id="1052" free="31457280" total="87031808" percent="36">
    <remembered-set count="40960" freebytes="3519488" totalbytes="3683328" percent="95" regionsoverflowed="0" regionsstable="1" regionsrebuilding="8"/>
  </mem-info>
</gc-start>
<gc-end id="1053" type="global mark phase" contextid="968" durationms="0.212" usertimems="0.000" systemtimems="0.000" timestamp="2019-06-14T20:40:42.129" activeThreads="1">
  <mem-info id="1054" free="31457280" total="87031808" percent="36">
    <remembered-set count="40960" freebytes="3519488" totalbytes="3683328" percent="95" regionsoverflowed="0" regionsstable="1" regionsrebuilding="8"/>
  </mem-info>
</gc-end>
<concurrent-start id="1055" type="GMP work packet processing" contextid="968" timestamp="2019-06-14T20:40:42.129">
  <concurrent-mark-start scanTarget="1048576" />
</concurrent-start>
<concurrent-end id="1056" type="GMP work packet processing" contextid="968" timestamp="2019-06-14T20:40:42.130">
  <concurrent-mark-end bytesScanned="1087016" reasonForTermination="Work target met" />
</concurrent-end>

<exclusive-end id="1057" timestamp="2019-06-14T20:40:42.130" durationms="1.704" />

<exclusive-start id="1058" timestamp="2019-06-14T20:40:42.373" intervalms="245.287">
  <response-info timems="0.033" idlems="0.033" threads="0" lastid="0000000001F98700" lastname="main" />
</exclusive-start>
<allocation-taxation id="1059" taxation-threshold="13631488" timestamp="2019-06-14T20:40:42.373" intervalms="245.204" />
<cycle-start id="1060" type="partial gc" contextid="0" timestamp="2019-06-14T20:40:42.373" intervalms="339.638" />
<gc-start id="1061" type="partial gc" contextid="1060" timestamp="2019-06-14T20:40:42.374">
  <mem-info id="1062" free="17825792" total="87031808" percent="20">
    <mem type="eden" free="0" total="27262976" percent="0" />
    <arraylet-primitive objects="1" leaves="1" largest="1" />
    <remembered-set count="41056" freebytes="3519104" totalbytes="3683328" percent="95" regionsoverflowed="0" regionsstable="1" regionsrebuilding="8"/>
  </mem-info>
</gc-start>
<allocation-stats totalBytes="27260128" >
  <allocated-bytes non-tlh="0" tlh="27260128" arrayletleaf="0"/>
  <largest-consumer threadName="main" threadId="0000000001F98700" bytes="13629624" />
</allocation-stats>
<gc-op id="1063" type="copy forward" timems="1.609" contextid="1060" timestamp="2019-06-14T20:40:42.376">
  <memory-copied type="eden" objects="51" bytes="1544" bytesdiscarded="0" />
  <memory-copied type="other" objects="73" bytes="2464" bytesdiscarded="632" />
  <memory-cardclean objects="136" bytes="5504" />
  <regions eden="26" other="1" />
  <remembered-set-cleared processed="39157" cleared="67" durationms="0.181" />
  <stringconstants candidates="13738" cleared="0"  />
</gc-op>
<gc-op id="1064" type="classunload" timems="0.005" contextid="1060" timestamp="2019-06-14T20:40:42.376">
  <classunload-info classloadercandidates="54" classloadersunloaded="0" classesunloaded="0" anonymousclassesunloaded="0" quiescems="0.000" setupms="0.004" scanms="0.000" postms="0.000" />
</gc-op>
<heap-resize id="1065" type="contract" space="default" amount="5242880" count="1" timems="0.088" reason="insufficient time being spent in gc" timestamp="2019-06-14T20:40:42.377" />
<gc-end id="1066" type="partial gc" contextid="1060" durationms="2.898" usertimems="4.000" systemtimems="0.000" timestamp="2019-06-14T20:40:42.377" activeThreads="4">
  <mem-info id="1067" free="38797312" total="81788928" percent="47">
    <mem type="eden" free="1047032" total="1048576" percent="99" />
    <arraylet-primitive objects="1" leaves="1" largest="1" />
    <remembered-set count="41888" freebytes="3306496" totalbytes="3474048" percent="95" regionsoverflowed="0" regionsstable="1" regionsrebuilding="8"/>
  </mem-info>
</gc-end>
<cycle-end id="1068" type="partial gc" contextid="1060" timestamp="2019-06-14T20:40:42.377" />
  <attribute name="elasticGC enabled" value="1" />
  <attribute name= "numThreadsSpecified" value="4" />
  <attribute name="heapSize specified" value="0" />
  <attribute name="Current GC Util" value="39" />
  <attribute name= "Current Time Running" value="12065" />
  <attribute name ="GC Interval" value="0" />
  <attribute name="ProportionalT" value="9.500000" />
  <attribute name="ProportionalI" value="9.500000" />
  <attribute name="ProportionalH" value="9.500000" />
  <attribute name="Current Error" value="19.000000" />
  <attribute name="IntegralT" value="19.000000" />
  <attribute name="IntegralI" value="19.000000" />
  <attribute name="IntegralH" value="19.000000" />
  <attribute name="DerivativeT" value="9.500000" />
  <attribute name="DerivativeI" value="9.500000" />
  <attribute name="DerivativeH" value="9.500000" />
  <attribute name="Loop Time for DT" value="1.000000" />
  <attribute name="Output H" value="8388608"/>
  <attribute name="Output I" value="200"/>
  <attribute name="Output T" value="4"/>
  <attribute name="Target GC Util Change" value ="20.000000" />
  <attribute name="Current GC Util Change" value="39.000000"/>
  <attribute name="GC Util currently" value="39" />
  <attribute name="CPU Util currently" value="9958208094841" />
<exclusive-end id="1069" timestamp="2019-06-14T20:40:42.377" durationms="3.836" />

<exclusive-start id="1070" timestamp="2019-06-14T20:40:42.435" intervalms="61.389">
  <response-info timems="0.132" idlems="0.132" threads="0" lastid="0000000001F98700" lastname="main" />
</exclusive-start>
<allocation-taxation id="1071" taxation-threshold="13631488" timestamp="2019-06-14T20:40:42.435" intervalms="61.419" />
<gc-start id="1072" type="global mark phase" contextid="968" timestamp="2019-06-14T20:40:42.435">
  <mem-info id="1073" free="25165824" total="81788928" percent="30">
    <remembered-set count="41472" freebytes="3308160" totalbytes="3474048" percent="95" regionsoverflowed="0" regionsstable="1" regionsrebuilding="8"/>
  </mem-info>
</gc-start>
<gc-end id="1074" type="global mark phase" contextid="968" durationms="0.099" usertimems="0.000" systemtimems="0.000" timestamp="2019-06-14T20:40:42.435" activeThreads="4">
  <mem-info id="1075" free="25165824" total="81788928" percent="30">
    <remembered-set count="41472" freebytes="3308160" totalbytes="3474048" percent="95" regionsoverflowed="0" regionsstable="1" regionsrebuilding="8"/>
  </mem-info>
</gc-end>
<concurrent-start id="1076" type="GMP work packet processing" contextid="968" timestamp="2019-06-14T20:40:42.435">
  <concurrent-mark-start scanTarget="2257000" />
</concurrent-start>
<concurrent-end id="1077" type="GMP work packet processing" contextid="968" timestamp="2019-06-14T20:40:42.436">
  <concurrent-mark-end bytesScanned="2299624" reasonForTermination="Work target met" />
</concurrent-end>

<exclusive-end id="1078" timestamp="2019-06-14T20:40:42.437" durationms="1.954" />

<exclusive-start id="1079" timestamp="2019-06-14T20:40:42.525" intervalms="90.545">
  <response-info timems="0.042" idlems="0.042" threads="0" lastid="0000000001F98700" lastname="main" />
</exclusive-start>
<allocation-taxation id="1080" taxation-threshold="13631488" timestamp="2019-06-14T20:40:42.525" intervalms="90.507" />
<cycle-start id="1081" type="partial gc" contextid="0" timestamp="2019-06-14T20:40:42.525" intervalms="151.912" />
<gc-start id="1082" type="partial gc" contextid="1081" timestamp="2019-06-14T20:40:42.526">
  <mem-info id="1083" free="11534336" total="81788928" percent="14">
    <mem type="eden" free="0" total="27262976" percent="0" />
    <arraylet-primitive objects="1" leaves="1" largest="1" />
    <remembered-set count="49184" freebytes="3277312" totalbytes="3474048" percent="94" regionsoverflowed="0" regionsstable="1" regionsrebuilding="8"/>
  </mem-info>
</gc-start>
<allocation-stats totalBytes="27258768" >
  <allocated-bytes non-tlh="32" tlh="27258736" arrayletleaf="0"/>
  <largest-consumer threadName="main" threadId="0000000001F98700" bytes="13629056" />
</allocation-stats>
<gc-op id="1084" type="copy forward" timems="1.378" contextid="1081" timestamp="2019-06-14T20:40:42.528">
  <memory-copied type="eden" objects="46" bytes="1456" bytesdiscarded="0" />
  <memory-copied type="other" objects="39" bytes="1120" bytesdiscarded="0" />
  <memory-cardclean objects="113" bytes="4536" />
  <regions eden="26" other="1" />
  <remembered-set-cleared processed="47068" cleared="44" durationms="0.402" />
  <stringconstants candidates="13739" cleared="0"  />
</gc-op>
<gc-op id="1085" type="classunload" timems="0.004" contextid="1081" timestamp="2019-06-14T20:40:42.528">
  <classunload-info classloadercandidates="54" classloadersunloaded="0" classesunloaded="0" anonymousclassesunloaded="0" quiescems="0.000" setupms="0.004" scanms="0.000" postms="0.000" />
</gc-op>
<heap-resize id="1086" type="contract" space="default" amount="4194304" count="1" timems="0.248" reason="insufficient time being spent in gc" timestamp="2019-06-14T20:40:42.528" />
<gc-end id="1087" type="partial gc" contextid="1081" durationms="2.991" usertimems="4.000" systemtimems="0.000" timestamp="2019-06-14T20:40:42.529" activeThreads="1">
  <mem-info id="1088" free="33554432" total="77594624" percent="43">
    <mem type="eden" free="1047120" total="1048576" percent="99" />
    <arraylet-primitive objects="1" leaves="1" largest="1" />
    <remembered-set count="48832" freebytes="3069440" totalbytes="3264768" percent="94" regionsoverflowed="0" regionsstable="1" regionsrebuilding="8"/>
  </mem-info>
</gc-end>
<cycle-end id="1089" type="partial gc" contextid="1081" timestamp="2019-06-14T20:40:42.529" />
  <attribute name="elasticGC enabled" value="1" />
  <attribute name= "numThreadsSpecified" value="1" />
  <attribute name="heapSize specified" value="0" />
  <attribute name="Current GC Util" value="38" />
  <attribute name= "Current Time Running" value="12216" />
  <attribute name ="GC Interval" value="0" />
  <attribute name="ProportionalT" value="9.000000" />
  <attribute name="ProportionalI" value="9.000000" />
  <attribute name="ProportionalH" value="9.000000" />
  <attribute name="Current Error" value="18.000000" />
  <attribute name="IntegralT" value="0.000000" />
  <attribute name="IntegralI" value="0.000000" />
  <attribute name="IntegralH" value="0.000000" />
  <attribute name="DerivativeT" value="inf" />
  <attribute name="DerivativeI" value="inf" />
  <attribute name="DerivativeH" value="inf" />
  <attribute name="Loop Time for DT" value="0.000000" />
  <attribute name="Output H" value="8388608"/>
  <attribute name="Output I" value="200"/>
  <attribute name="Output T" value="1"/>
  <attribute name="Target GC Util Change" value ="20.000000" />
  <attribute name="Current GC Util Change" value="38.000000"/>
  <attribute name="GC Util currently" value="38" />
  <attribute name="CPU Util currently" value="10684795606583" />
<exclusive-end id="1090" timestamp="2019-06-14T20:40:42.529" durationms="3.947" />

<exclusive-start id="1091" timestamp="2019-06-14T20:40:42.621" intervalms="96.080">
  <response-info timems="0.086" idlems="0.086" threads="0" lastid="0000000001F98700" lastname="main" />
</exclusive-start>
<allocation-taxation id="1092" taxation-threshold="12582912" timestamp="2019-06-14T20:40:42.621" intervalms="96.081" />
<gc-start id="1093" type="global mark phase" contextid="968" timestamp="2019-06-14T20:40:42.621">
  <mem-info id="1094" free="20971520" total="77594624" percent="27">
    <remembered-set count="48416" freebytes="3071104" totalbytes="3264768" percent="94" regionsoverflowed="0" regionsstable="1" regionsrebuilding="8"/>
  </mem-info>
</gc-start>
<gc-end id="1095" type="global mark phase" contextid="968" durationms="0.064" usertimems="0.000" systemtimems="0.000" timestamp="2019-06-14T20:40:42.621" activeThreads="1">
  <mem-info id="1096" free="20971520" total="77594624" percent="27">
    <remembered-set count="48416" freebytes="3071104" totalbytes="3264768" percent="94" regionsoverflowed="0" regionsstable="1" regionsrebuilding="8"/>
  </mem-info>
</gc-end>
<concurrent-start id="1097" type="GMP work packet processing" contextid="968" timestamp="2019-06-14T20:40:42.622">
  <concurrent-mark-start scanTarget="1128500" />
</concurrent-start>
<concurrent-end id="1098" type="GMP work packet processing" contextid="968" timestamp="2019-06-14T20:40:42.622">
  <concurrent-mark-end bytesScanned="1176832" reasonForTermination="Work target met" />
</concurrent-end>

<exclusive-end id="1099" timestamp="2019-06-14T20:40:42.622" durationms="1.071" />

<exclusive-start id="1100" timestamp="2019-06-14T20:40:42.717" intervalms="95.932">
  <response-info timems="0.057" idlems="0.057" threads="0" lastid="0000000001F98700" lastname="main" />
</exclusive-start>
<allocation-taxation id="1101" taxation-threshold="12582912" timestamp="2019-06-14T20:40:42.717" intervalms="96.008" />
<cycle-start id="1102" type="partial gc" contextid="0" timestamp="2019-06-14T20:40:42.717" intervalms="192.132" />
<gc-start id="1103" type="partial gc" contextid="1102" timestamp="2019-06-14T20:40:42.718">
  <mem-info id="1104" free="8388608" total="77594624" percent="10">
    <mem type="eden" free="0" total="25165824" percent="0" />
    <arraylet-primitive objects="1" leaves="1" largest="1" />
    <remembered-set count="51264" freebytes="3059712" totalbytes="3264768" percent="93" regionsoverflowed="0" regionsstable="1" regionsrebuilding="8"/>
  </mem-info>
</gc-start>
<allocation-stats totalBytes="25156880" >
  <allocated-bytes non-tlh="0" tlh="25156880" arrayletleaf="0"/>
  <largest-consumer threadName="main" threadId="0000000001F98700" bytes="12577920" />
</allocation-stats>
<gc-op id="1105" type="copy forward" timems="3.046" contextid="1102" timestamp="2019-06-14T20:40:42.722">
  <memory-copied type="eden" objects="20" bytes="632" bytesdiscarded="0" />
  <memory-copied type="other" objects="9" bytes="192" bytesdiscarded="736" />
  <memory-cardclean objects="66513" bytes="2459520" />
  <regions eden="24" other="1" />
  <remembered-set-cleared processed="43196" cleared="10281" durationms="0.242" />
  <stringconstants candidates="13739" cleared="0"  />
</gc-op>
<gc-op id="1106" type="classunload" timems="0.005" contextid="1102" timestamp="2019-06-14T20:40:42.722">
  <classunload-info classloadercandidates="54" classloadersunloaded="0" classesunloaded="0" anonymousclassesunloaded="0" quiescems="0.000" setupms="0.005" scanms="0.000" postms="0.000" />
</gc-op>
<heap-resize id="1107" type="contract" space="default" amount="4194304" count="1" timems="0.255" reason="insufficient time being spent in gc" timestamp="2019-06-14T20:40:42.722" />
<gc-end id="1108" type="partial gc" contextid="1102" durationms="4.475" usertimems="12.000" systemtimems="0.000" timestamp="2019-06-14T20:40:42.722" activeThreads="4">
  <mem-info id="1109" free="28311552" total="73400320" percent="38">
    <mem type="eden" free="1047944" total="1048576" percent="99" />
    <arraylet-primitive objects="1" leaves="1" largest="1" />
    <remembered-set count="48416" freebytes="2903680" totalbytes="3097344" percent="93" regionsoverflowed="0" regionsstable="1" regionsrebuilding="8"/>
  </mem-info>
</gc-end>
<cycle-end id="1110" type="partial gc" contextid="1102" timestamp="2019-06-14T20:40:42.722" />
  <attribute name="elasticGC enabled" value="1" />
  <attribute name= "numThreadsSpecified" value="4" />
  <attribute name="heapSize specified" value="0" />
  <attribute name="Current GC Util" value="47" />
  <attribute name= "Current Time Running" value="12409" />
  <attribute name ="GC Interval" value="0" />
  <attribute name="ProportionalT" value="13.500000" />
  <attribute name="ProportionalI" value="13.500000" />
  <attribute name="ProportionalH" value="13.500000" />
  <attribute name="Current Error" value="27.000000" />
  <attribute name="IntegralT" value="27.000000" />
  <attribute name="IntegralI" value="27.000000" />
  <attribute name="IntegralH" value="27.000000" />
  <attribute name="DerivativeT" value="13.500000" />
  <attribute name="DerivativeI" value="13.500000" />
  <attribute name="DerivativeH" value="13.500000" />
  <attribute name="Loop Time for DT" value="1.000000" />
  <attribute name="Output H" value="8388608"/>
  <attribute name="Output I" value="200"/>
  <attribute name="Output T" value="4"/>
  <attribute name="Target GC Util Change" value ="20.000000" />
  <attribute name="Current GC Util Change" value="47.000000"/>
  <attribute name="GC Util currently" value="47" />
  <attribute name="CPU Util currently" value="9808570963276" />
<exclusive-end id="1111" timestamp="2019-06-14T20:40:42.723" durationms="5.393" />

<exclusive-start id="1112" timestamp="2019-06-14T20:40:42.887" intervalms="169.994">
  <response-info timems="0.033" idlems="0.033" threads="0" lastid="0000000001F98700" lastname="main" />
</exclusive-start>
<allocation-taxation id="1113" taxation-threshold="12582912" timestamp="2019-06-14T20:40:42.887" intervalms="169.928" />
<gc-start id="1114" type="global mark phase" contextid="968" timestamp="2019-06-14T20:40:42.887">
  <mem-info id="1115" free="15728640" total="73400320" percent="21">
    <remembered-set count="47808" freebytes="2906112" totalbytes="3097344" percent="93" regionsoverflowed="0" regionsstable="2" regionsrebuilding="8"/>
  </mem-info>
</gc-start>
<gc-end id="1116" type="global mark phase" contextid="968" durationms="0.098" usertimems="0.000" systemtimems="4.000" timestamp="2019-06-14T20:40:42.887" activeThreads="4">
  <mem-info id="1117" free="15728640" total="73400320" percent="21">
    <remembered-set count="47808" freebytes="2906112" totalbytes="3097344" percent="93" regionsoverflowed="0" regionsstable="2" regionsrebuilding="8"/>
  </mem-info>
</gc-end>
<concurrent-start id="1118" type="GMP work packet processing" contextid="968" timestamp="2019-06-14T20:40:42.888">
  <concurrent-mark-start scanTarget="2257000" />
</concurrent-start>
<concurrent-end id="1119" type="GMP work packet processing" contextid="968" timestamp="2019-06-14T20:40:42.889">
  <concurrent-mark-end bytesScanned="2171424" reasonForTermination="Completed all work in GC phase" />
</concurrent-end>

<exclusive-end id="1120" timestamp="2019-06-14T20:40:42.889" durationms="1.576" />

<exclusive-start id="1121" timestamp="2019-06-14T20:40:42.965" intervalms="78.191">
  <response-info timems="0.034" idlems="0.034" threads="0" lastid="0000000001F98700" lastname="main" />
</exclusive-start>
<allocation-taxation id="1122" taxation-threshold="12582912" timestamp="2019-06-14T20:40:42.965" intervalms="78.179" />
<cycle-start id="1123" type="partial gc" contextid="0" timestamp="2019-06-14T20:40:42.966" intervalms="248.066" />
<gc-start id="1124" type="partial gc" contextid="1123" timestamp="2019-06-14T20:40:42.966">
  <mem-info id="1125" free="3145728" total="73400320" percent="4">
    <mem type="eden" free="0" total="25165824" percent="0" />
    <arraylet-primitive objects="1" leaves="1" largest="1" />
    <remembered-set count="54400" freebytes="2879744" totalbytes="3097344" percent="92" regionsoverflowed="0" regionsstable="2" regionsrebuilding="8"/>
  </mem-info>
</gc-start>
<allocation-stats totalBytes="25161800" >
  <allocated-bytes non-tlh="0" tlh="25161800" arrayletleaf="0"/>
  <largest-consumer threadName="main" threadId="0000000001F98700" bytes="12581184" />
</allocation-stats>
<gc-op id="1126" type="copy forward" timems="2.175" contextid="1123" timestamp="2019-06-14T20:40:42.969">
  <memory-copied type="eden" objects="37" bytes="1088" bytesdiscarded="0" />
  <memory-copied type="other" objects="8" bytes="208" bytesdiscarded="0" />
  <memory-cardclean objects="41111" bytes="1493504" />
  <regions eden="24" other="1" />
  <remembered-set-cleared processed="48351" cleared="6869" durationms="0.259" />
  <stringconstants candidates="13739" cleared="0"  />
</gc-op>
<gc-op id="1127" type="classunload" timems="0.006" contextid="1123" timestamp="2019-06-14T20:40:42.969">
  <classunload-info classloadercandidates="54" classloadersunloaded="0" classesunloaded="0" anonymousclassesunloaded="0" quiescems="0.000" setupms="0.005" scanms="0.000" postms="0.000" />
</gc-op>
<heap-resize id="1128" type="contract" space="default" amount="2097152" count="1" timems="0.206" reason="insufficient time being spent in gc" timestamp="2019-06-14T20:40:42.969" />
<gc-end id="1129" type="partial gc" contextid="1123" durationms="3.588" usertimems="8.000" systemtimems="0.000" timestamp="2019-06-14T20:40:42.969" activeThreads="4">
  <mem-info id="1130" free="25165824" total="71303168" percent="35">
    <mem type="eden" free="1047488" total="1048576" percent="99" />
    <arraylet-primitive objects="1" leaves="1" largest="1" />
    <remembered-set count="52032" freebytes="2721792" totalbytes="2929920" percent="92" regionsoverflowed="0" regionsstable="2" regionsrebuilding="8"/>
  </mem-info>
</gc-end>
<cycle-end id="1131" type="partial gc" contextid="1123" timestamp="2019-06-14T20:40:42.970" />
  <attribute name="elasticGC enabled" value="1" />
  <attribute name= "numThreadsSpecified" value="4" />
  <attribute name="heapSize specified" value="0" />
  <attribute name="Current GC Util" value="41" />
  <attribute name= "Current Time Running" value="12657" />
  <attribute name ="GC Interval" value="0" />
  <attribute name="ProportionalT" value="10.500000" />
  <attribute name="ProportionalI" value="10.500000" />
  <attribute name="ProportionalH" value="10.500000" />
  <attribute name="Current Error" value="21.000000" />
  <attribute name="IntegralT" value="21.000000" />
  <attribute name="IntegralI" value="21.000000" />
  <attribute name="IntegralH" value="21.000000" />
  <attribute name="DerivativeT" value="10.500000" />
  <attribute name="DerivativeI" value="10.500000" />
  <attribute name="DerivativeH" value="10.500000" />
  <attribute name="Loop Time for DT" value="1.000000" />
  <attribute name="Output H" value="8388608"/>
  <attribute name="Output I" value="200"/>
  <attribute name="Output T" value="4"/>
  <attribute name="Target GC Util Change" value ="20.000000" />
  <attribute name="Current GC Util Change" value="41.000000"/>
  <attribute name="GC Util currently" value="41" />
  <attribute name="CPU Util currently" value="10842199058940" />
<exclusive-end id="1132" timestamp="2019-06-14T20:40:42.970" durationms="4.464" />

<exclusive-start id="1133" timestamp="2019-06-14T20:40:42.997" intervalms="31.653">
  <response-info timems="0.144" idlems="0.144" threads="0" lastid="0000000001F98700" lastname="main" />
</exclusive-start>
<allocation-taxation id="1134" taxation-threshold="11534336" timestamp="2019-06-14T20:40:42.997" intervalms="31.659" />
<gc-start id="1135" type="global mark phase" contextid="968" timestamp="2019-06-14T20:40:42.997">
  <mem-info id="1136" free="13631488" total="71303168" percent="19">
    <remembered-set count="51904" freebytes="2722304" totalbytes="2929920" percent="92" regionsoverflowed="0" regionsstable="2" regionsrebuilding="8"/>
  </mem-info>
</gc-start>
<gc-op id="1137" type="mark increment" timems="3.820" contextid="968" timestamp="2019-06-14T20:40:43.001">
  <trace-info objectcount="173" scancount="163" scanbytes="348268" />
  <cardclean-info objects="151663" bytes="4282544" />
  <finalization candidates="81" enqueued="1" />
  <ownableSynchronizers candidates="22" cleared="0" />
  <references type="soft" candidates="4659" cleared="0" enqueued="0" dynamicThreshold="11" maxThreshold="32" />
  <references type="weak" candidates="5624" cleared="7" enqueued="3" />
  <references type="phantom" candidates="102" cleared="0" enqueued="0" />
  <stringconstants candidates="13739" cleared="0"  />
</gc-op>
<gc-op id="1138" type="classunload" timems="0.007" contextid="968" timestamp="2019-06-14T20:40:43.001">
  <classunload-info classloadercandidates="54" classloadersunloaded="0" classesunloaded="0" anonymousclassesunloaded="0" quiescems="0.000" setupms="0.006" scanms="0.000" postms="0.000" />
</gc-op>
<gc-end id="1139" type="global mark phase" contextid="968" durationms="4.091" usertimems="8.000" systemtimems="0.000" timestamp="2019-06-14T20:40:43.001" activeThreads="4">
  <mem-info id="1140" free="13631488" total="71303168" percent="19">
    <pending-finalizers system="0" default="1" reference="3" classloader="0" />
    <remembered-set count="57024" freebytes="2701824" totalbytes="2929920" percent="92" regionsoverflowed="0" regionsstable="2" regionsrebuilding="0"/>
  </mem-info>
</gc-end>
<cycle-end id="1141" type="global mark phase" contextid="968" timestamp="2019-06-14T20:40:43.001" />
  <attribute name="elasticGC enabled" value="1" />
  <attribute name= "numThreadsSpecified" value="4" />
  <attribute name="heapSize specified" value="0" />
  <attribute name="Current GC Util" value="82" />
  <attribute name= "Current Time Running" value="12690" />
  <attribute name ="GC Interval" value="0" />
  <attribute name="ProportionalT" value="31.000000" />
  <attribute name="ProportionalI" value="31.000000" />
  <attribute name="ProportionalH" value="31.000000" />
  <attribute name="Current Error" value="62.000000" />
  <attribute name="IntegralT" value="0.000000" />
  <attribute name="IntegralI" value="0.000000" />
  <attribute name="IntegralH" value="0.000000" />
  <attribute name="DerivativeT" value="-inf" />
  <attribute name="DerivativeI" value="-inf" />
  <attribute name="DerivativeH" value="-inf" />
  <attribute name="Loop Time for DT" value="0.000000" />
  <attribute name="Output H" value="2091843584"/>
  <attribute name="Output I" value="200"/>
  <attribute name="Output T" value="4"/>
  <attribute name="Target GC Util Change" value ="20.000000" />
  <attribute name="Current GC Util Change" value="82.000000"/>
  <attribute name="GC Util currently" value="82" />
  <attribute name="CPU Util currently" value="11381736155253" />
<exclusive-end id="1142" timestamp="2019-06-14T20:40:43.001" durationms="4.540" />

<exclusive-start id="1143" timestamp="2019-06-14T20:40:43.026" intervalms="29.039">
  <response-info timems="0.269" idlems="0.269" threads="0" lastid="0000000001F98700" lastname="main" />
</exclusive-start>
<allocation-taxation id="1144" taxation-threshold="11534336" timestamp="2019-06-14T20:40:43.026" intervalms="29.030" />
<cycle-start id="1145" type="partial gc" contextid="0" timestamp="2019-06-14T20:40:43.026" intervalms="60.699" />
<gc-start id="1146" type="partial gc" contextid="1145" timestamp="2019-06-14T20:40:43.027">
  <mem-info id="1147" free="2097152" total="71303168" percent="2">
    <mem type="eden" free="0" total="23068672" percent="0" />
    <arraylet-unknown objects="1" leaves="1" />
    <remembered-set count="50016" freebytes="2729856" totalbytes="2929920" percent="93" regionsoverflowed="0" regionsstable="8" regionsrebuilding="0"/>
  </mem-info>
</gc-start>
<allocation-stats totalBytes="23064776" >
  <allocated-bytes non-tlh="0" tlh="23064776" arrayletleaf="0"/>
  <largest-consumer threadName="main" threadId="0000000001F98700" bytes="11528328" />
</allocation-stats>
<gc-op id="1148" type="sweep" timems="0.699" contextid="1145" timestamp="2019-06-14T20:40:43.028" />
<gc-op id="1149" type="copy forward" timems="2.183" contextid="1145" timestamp="2019-06-14T20:40:43.031">
  <memory-copied type="eden" objects="9" bytes="768" bytesdiscarded="0" />
  <memory-copied type="other" objects="38" bytes="1088" bytesdiscarded="584" />
  <memory-cardclean objects="41430" bytes="1228464" />
  <regions eden="11" other="3" />
  <remembered-set-cleared processed="43694" cleared="4715" durationms="0.250" />
  <stringconstants candidates="13739" cleared="0"  />
</gc-op>
<gc-op id="1150" type="classunload" timems="0.003" contextid="1145" timestamp="2019-06-14T20:40:43.031">
  <classunload-info classloadercandidates="54" classloadersunloaded="0" classesunloaded="0" anonymousclassesunloaded="0" quiescems="0.000" setupms="0.003" scanms="0.000" postms="0.000" />
</gc-op>
<gc-end id="1151" type="partial gc" contextid="1145" durationms="4.320" usertimems="4.000" systemtimems="0.000" timestamp="2019-06-14T20:40:43.031" activeThreads="4">
  <mem-info id="1152" free="25165824" total="71303168" percent="35">
    <mem type="eden" free="1046456" total="1048576" percent="99" />
    <remembered-set count="48480" freebytes="2652288" totalbytes="2846208" percent="93" regionsoverflowed="0" regionsstable="8" regionsrebuilding="0"/>
  </mem-info>
</gc-end>
<cycle-end id="1153" type="partial gc" contextid="1145" timestamp="2019-06-14T20:40:43.031" />
  <attribute name="elasticGC enabled" value="1" />
  <attribute name= "numThreadsSpecified" value="4" />
  <attribute name="heapSize specified" value="0" />
  <attribute name="Current GC Util" value="40" />
  <attribute name= "Current Time Running" value="12718" />
  <attribute name ="GC Interval" value="0" />
  <attribute name="ProportionalT" value="10.000000" />
  <attribute name="ProportionalI" value="10.000000" />
  <attribute name="ProportionalH" value="10.000000" />
  <attribute name="Current Error" value="20.000000" />
  <attribute name="IntegralT" value="0.000000" />
  <attribute name="IntegralI" value="0.000000" />
  <attribute name="IntegralH" value="0.000000" />
  <attribute name="DerivativeT" value="-inf" />
  <attribute name="DerivativeI" value="-inf" />
  <attribute name="DerivativeH" value="-inf" />
  <attribute name="Loop Time for DT" value="0.000000" />
  <attribute name="Output H" value="2091843584"/>
  <attribute name="Output I" value="200"/>
  <attribute name="Output T" value="4"/>
  <attribute name="Target GC Util Change" value ="20.000000" />
  <attribute name="Current GC Util Change" value="40.000000"/>
  <attribute name="GC Util currently" value="40" />
  <attribute name="CPU Util currently" value="11736272183173" />
<exclusive-end id="1154" timestamp="2019-06-14T20:40:43.031" durationms="5.113" />

<exclusive-start id="1155" timestamp="2019-06-14T20:40:43.105" intervalms="79.235">
  <response-info timems="0.068" idlems="0.068" threads="0" lastid="0000000001F98700" lastname="main" />
</exclusive-start>
<allocation-taxation id="1156" taxation-threshold="11534336" timestamp="2019-06-14T20:40:43.105" intervalms="79.278" />
<cycle-start id="1157" type="global mark phase" contextid="0" timestamp="2019-06-14T20:40:43.106" intervalms="1925.492" />
<gc-start id="1158" type="global mark phase" contextid="1157" timestamp="2019-06-14T20:40:43.106">
  <mem-info id="1159" free="13631488" total="71303168" percent="19">
    <remembered-set count="46944" freebytes="2658432" totalbytes="2846208" percent="93" regionsoverflowed="0" regionsstable="9" regionsrebuilding="0"/>
  </mem-info>
</gc-start>
<gc-op id="1160" type="mark increment" timems="1.247" contextid="1157" timestamp="2019-06-14T20:40:43.107">
  <trace-info objectcount="7318" scancount="1181" scanbytes="46776" />
</gc-op>
<gc-end id="1161" type="global mark phase" contextid="1157" durationms="1.458" usertimems="4.000" systemtimems="0.000" timestamp="2019-06-14T20:40:43.107" activeThreads="4">
  <mem-info id="1162" free="13631488" total="71303168" percent="19">
    <remembered-set count="47456" freebytes="2656384" totalbytes="2846208" percent="93" regionsoverflowed="0" regionsstable="0" regionsrebuilding="9"/>
  </mem-info>
</gc-end>
<concurrent-start id="1163" type="GMP work packet processing" contextid="1157" timestamp="2019-06-14T20:40:43.107">
  <concurrent-mark-start scanTarget="1968314" />
</concurrent-start>
<exclusive-end id="1164" timestamp="2019-06-14T20:40:43.107" durationms="2.171" />

<concurrent-end id="1165" type="GMP work packet processing" contextid="1157" timestamp="2019-06-14T20:40:43.109">
  <concurrent-mark-end bytesScanned="2025328" reasonForTermination="Work target met" />
</concurrent-end>

<exclusive-start id="1166" timestamp="2019-06-14T20:40:43.206" intervalms="101.113">
  <response-info timems="0.059" idlems="0.059" threads="0" lastid="0000000001F98700" lastname="main" />
</exclusive-start>
<allocation-taxation id="1167" taxation-threshold="11534336" timestamp="2019-06-14T20:40:43.207" intervalms="101.179" />
<cycle-start id="1168" type="partial gc" contextid="0" timestamp="2019-06-14T20:40:43.207" intervalms="180.601" />
<gc-start id="1169" type="partial gc" contextid="1168" timestamp="2019-06-14T20:40:43.207">
  <mem-info id="1170" free="2097152" total="71303168" percent="2">
    <mem type="eden" free="0" total="23068672" percent="0" />
    <remembered-set count="47648" freebytes="2655616" totalbytes="2846208" percent="93" regionsoverflowed="0" regionsstable="0" regionsrebuilding="9"/>
  </mem-info>
</gc-start>
<allocation-stats totalBytes="23067176" >
  <allocated-bytes non-tlh="0" tlh="23067176" arrayletleaf="0"/>
  <largest-consumer threadName="main" threadId="0000000001F98700" bytes="11533936" />
</allocation-stats>
<gc-op id="1171" type="copy forward" timems="8.727" contextid="1168" timestamp="2019-06-14T20:40:43.217">
  <memory-copied type="eden" objects="22" bytes="696" bytesdiscarded="0" />
  <memory-copied type="other" objects="69018" bytes="1689696" bytesdiscarded="0" />
  <memory-cardclean objects="19199" bytes="1009400" />
  <regions eden="22" other="15" />
  <remembered-set-cleared processed="42903" cleared="7796" durationms="0.480" />
  <references type="soft" candidates="790" cleared="0" enqueued="0" dynamicThreshold="6" maxThreshold="32" />
  <references type="weak" candidates="177" cleared="0" enqueued="0" />
  <stringconstants candidates="13739" cleared="0"  />
  <heap-resize type="expand" space="default" amount="3145728" count="3" timems="0.156" reason="continue current collection" />
</gc-op>
<gc-op id="1172" type="classunload" timems="0.005" contextid="1168" timestamp="2019-06-14T20:40:43.217">
  <classunload-info classloadercandidates="54" classloadersunloaded="0" classesunloaded="0" anonymousclassesunloaded="0" quiescems="0.000" setupms="0.005" scanms="0.000" postms="0.000" />
</gc-op>
<gc-end id="1173" type="partial gc" contextid="1168" durationms="9.963" usertimems="8.000" systemtimems="0.000" timestamp="2019-06-14T20:40:43.217" activeThreads="1">
  <mem-info id="1174" free="38797312" total="74448896" percent="52">
    <mem type="eden" free="1047880" total="1048576" percent="99" />
    <remembered-set count="47584" freebytes="2781440" totalbytes="2971776" percent="93" regionsoverflowed="0" regionsstable="0" regionsrebuilding="9"/>
  </mem-info>
</gc-end>
<cycle-end id="1175" type="partial gc" contextid="1168" timestamp="2019-06-14T20:40:43.217" />
  <attribute name="elasticGC enabled" value="1" />
  <attribute name= "numThreadsSpecified" value="1" />
  <attribute name="heapSize specified" value="0" />
  <attribute name="Current GC Util" value="69" />
  <attribute name= "Current Time Running" value="12898" />
  <attribute name ="GC Interval" value="0" />
  <attribute name="ProportionalT" value="24.500000" />
  <attribute name="ProportionalI" value="24.500000" />
  <attribute name="ProportionalH" value="24.500000" />
  <attribute name="Current Error" value="49.000000" />
  <attribute name="IntegralT" value="0.000000" />
  <attribute name="IntegralI" value="0.000000" />
  <attribute name="IntegralH" value="0.000000" />
  <attribute name="DerivativeT" value="inf" />
  <attribute name="DerivativeI" value="inf" />
  <attribute name="DerivativeH" value="inf" />
  <attribute name="Loop Time for DT" value="0.000000" />
  <attribute name="Output H" value="8388608"/>
  <attribute name="Output I" value="200"/>
  <attribute name="Output T" value="1"/>
  <attribute name="Target GC Util Change" value ="20.000000" />
  <attribute name="Current GC Util Change" value="69.000000"/>
  <attribute name="GC Util currently" value="69" />
  <attribute name="CPU Util currently" value="16105798412845" />
<exclusive-end id="1176" timestamp="2019-06-14T20:40:43.218" durationms="11.339" />

<exclusive-start id="1177" timestamp="2019-06-14T20:40:43.524" intervalms="317.613">
  <response-info timems="0.193" idlems="0.193" threads="0" lastid="0000000001F98700" lastname="main" />
</exclusive-start>
<allocation-taxation id="1178" taxation-threshold="12582912" timestamp="2019-06-14T20:40:43.524" intervalms="317.564" />
<gc-start id="1179" type="global mark phase" contextid="1157" timestamp="2019-06-14T20:40:43.524">
  <mem-info id="1180" free="26214400" total="74448896" percent="35">
    <remembered-set count="45632" freebytes="2789248" totalbytes="2971776" percent="93" regionsoverflowed="0" regionsstable="1" regionsrebuilding="9"/>
  </mem-info>
</gc-start>
<gc-end id="1181" type="global mark phase" contextid="1157" durationms="0.108" usertimems="0.000" systemtimems="0.000" timestamp="2019-06-14T20:40:43.524" activeThreads="1">
  <mem-info id="1182" free="26214400" total="74448896" percent="35">
    <remembered-set count="45632" freebytes="2789248" totalbytes="2971776" percent="93" regionsoverflowed="0" regionsstable="1" regionsrebuilding="9"/>
  </mem-info>
</gc-end>
<concurrent-start id="1183" type="GMP work packet processing" contextid="1157" timestamp="2019-06-14T20:40:43.525">
  <concurrent-mark-start scanTarget="1968314" />
</concurrent-start>
<exclusive-end id="1184" timestamp="2019-06-14T20:40:43.526" durationms="1.873" />

<concurrent-end id="1185" type="GMP work packet processing" contextid="1157" timestamp="2019-06-14T20:40:43.526">
  <concurrent-mark-end bytesScanned="2034620" reasonForTermination="Work target met" />
</concurrent-end>

<exclusive-start id="1186" timestamp="2019-06-14T20:40:44.110" intervalms="585.657">
  <response-info timems="0.035" idlems="0.035" threads="0" lastid="0000000001F98700" lastname="main" />
</exclusive-start>
<allocation-taxation id="1187" taxation-threshold="12582912" timestamp="2019-06-14T20:40:44.110" intervalms="585.721" />
<cycle-start id="1188" type="partial gc" contextid="0" timestamp="2019-06-14T20:40:44.110" intervalms="903.209" />
<gc-start id="1189" type="partial gc" contextid="1188" timestamp="2019-06-14T20:40:44.110">
  <mem-info id="1190" free="13631488" total="74448896" percent="18">
    <mem type="eden" free="0" total="25165824" percent="0" />
    <remembered-set count="46784" freebytes="2784640" totalbytes="2971776" percent="93" regionsoverflowed="0" regionsstable="1" regionsrebuilding="9"/>
  </mem-info>
</gc-start>
<allocation-stats totalBytes="25164192" >
  <allocated-bytes non-tlh="0" tlh="25164192" arrayletleaf="0"/>
  <largest-consumer threadName="main" threadId="0000000001F98700" bytes="12582128" />
</allocation-stats>
<gc-op id="1191" type="copy forward" timems="3.573" contextid="1188" timestamp="2019-06-14T20:40:44.115">
  <memory-copied type="eden" objects="60" bytes="1560" bytesdiscarded="0" />
  <memory-copied type="other" objects="24028" bytes="1069072" bytesdiscarded="256" />
  <memory-cardclean objects="2100" bytes="195488" />
  <regions eden="24" other="4" />
  <remembered-set-cleared processed="44087" cleared="1247" durationms="0.437" />
  <ownableSynchronizers candidates="16" cleared="0" />
  <references type="soft" candidates="720" cleared="0" enqueued="0" dynamicThreshold="11" maxThreshold="32" />
  <references type="weak" candidates="129" cleared="0" enqueued="0" />
  <references type="phantom" candidates="25" cleared="0" enqueued="0" />
  <stringconstants candidates="13739" cleared="0"  />
</gc-op>
<gc-op id="1192" type="classunload" timems="0.005" contextid="1188" timestamp="2019-06-14T20:40:44.115">
  <classunload-info classloadercandidates="54" classloadersunloaded="0" classesunloaded="0" anonymousclassesunloaded="0" quiescems="0.000" setupms="0.005" scanms="0.000" postms="0.000" />
</gc-op>
<heap-resize id="1193" type="contract" space="default" amount="4194304" count="1" timems="0.317" reason="insufficient time being spent in gc" timestamp="2019-06-14T20:40:44.116" />
<gc-end id="1194" type="partial gc" contextid="1188" durationms="5.187" usertimems="12.000" systemtimems="0.000" timestamp="2019-06-14T20:40:44.116" activeThreads="1">
  <mem-info id="1195" free="34603008" total="70254592" percent="49">
    <mem type="eden" free="1047016" total="1048576" percent="99" />
    <remembered-set count="47168" freebytes="2783104" totalbytes="2971776" percent="93" regionsoverflowed="0" regionsstable="1" regionsrebuilding="9"/>
  </mem-info>
</gc-end>
<cycle-end id="1196" type="partial gc" contextid="1188" timestamp="2019-06-14T20:40:44.116" />
  <attribute name="elasticGC enabled" value="1" />
  <attribute name= "numThreadsSpecified" value="1" />
  <attribute name="heapSize specified" value="0" />
  <attribute name="Current GC Util" value="61" />
  <attribute name= "Current Time Running" value="13801" />
  <attribute name ="GC Interval" value="0" />
  <attribute name="ProportionalT" value="20.500000" />
  <attribute name="ProportionalI" value="20.500000" />
  <attribute name="ProportionalH" value="20.500000" />
  <attribute name="Current Error" value="41.000000" />
  <attribute name="IntegralT" value="0.000000" />
  <attribute name="IntegralI" value="0.000000" />
  <attribute name="IntegralH" value="0.000000" />
  <attribute name="DerivativeT" value="inf" />
  <attribute name="DerivativeI" value="inf" />
  <attribute name="DerivativeH" value="inf" />
  <attribute name="Loop Time for DT" value="0.000000" />
  <attribute name="Output H" value="8388608"/>
  <attribute name="Output I" value="200"/>
  <attribute name="Output T" value="1"/>
  <attribute name="Target GC Util Change" value ="20.000000" />
  <attribute name="Current GC Util Change" value="61.000000"/>
  <attribute name="GC Util currently" value="61" />
  <attribute name="CPU Util currently" value="17330845518057" />
<exclusive-end id="1197" timestamp="2019-06-14T20:40:44.116" durationms="6.449" />

<exclusive-start id="1198" timestamp="2019-06-14T20:40:44.164" intervalms="54.688">
  <response-info timems="0.035" idlems="0.035" threads="0" lastid="0000000001F98700" lastname="main" />
</exclusive-start>
<allocation-taxation id="1199" taxation-threshold="11534336" timestamp="2019-06-14T20:40:44.164" intervalms="54.577" />
<gc-start id="1200" type="global mark phase" contextid="1157" timestamp="2019-06-14T20:40:44.165">
  <mem-info id="1201" free="23068672" total="70254592" percent="32">
    <remembered-set count="46944" freebytes="2784000" totalbytes="2971776" percent="93" regionsoverflowed="0" regionsstable="1" regionsrebuilding="9"/>
  </mem-info>
</gc-start>
<gc-end id="1202" type="global mark phase" contextid="1157" durationms="0.070" usertimems="0.000" systemtimems="0.000" timestamp="2019-06-14T20:40:44.165" activeThreads="1">
  <mem-info id="1203" free="23068672" total="70254592" percent="32">
    <remembered-set count="46944" freebytes="2784000" totalbytes="2971776" percent="93" regionsoverflowed="0" regionsstable="1" regionsrebuilding="9"/>
  </mem-info>
</gc-end>
<concurrent-start id="1204" type="GMP work packet processing" contextid="1157" timestamp="2019-06-14T20:40:44.165">
  <concurrent-mark-start scanTarget="1476235" />
</concurrent-start>
<concurrent-end id="1205" type="GMP work packet processing" contextid="1157" timestamp="2019-06-14T20:40:44.166">
  <concurrent-mark-end bytesScanned="1526520" reasonForTermination="Work target met" />
</concurrent-end>

<exclusive-end id="1206" timestamp="2019-06-14T20:40:44.166" durationms="1.297" />

<exclusive-start id="1207" timestamp="2019-06-14T20:40:44.217" intervalms="52.371">
  <response-info timems="0.046" idlems="0.046" threads="0" lastid="0000000001F98700" lastname="main" />
</exclusive-start>
<allocation-taxation id="1208" taxation-threshold="11534336" timestamp="2019-06-14T20:40:44.217" intervalms="52.370" />
<cycle-start id="1209" type="partial gc" contextid="0" timestamp="2019-06-14T20:40:44.217" intervalms="106.873" />
<gc-start id="1210" type="partial gc" contextid="1209" timestamp="2019-06-14T20:40:44.217">
  <mem-info id="1211" free="11534336" total="70254592" percent="16">
    <mem type="eden" free="0" total="23068672" percent="0" />
    <remembered-set count="47648" freebytes="2781184" totalbytes="2971776" percent="93" regionsoverflowed="0" regionsstable="1" regionsrebuilding="9"/>
  </mem-info>
</gc-start>
<allocation-stats totalBytes="23066896" >
  <allocated-bytes non-tlh="0" tlh="23066896" arrayletleaf="0"/>
  <largest-consumer threadName="main" threadId="0000000001F98700" bytes="11533376" />
</allocation-stats>
<gc-op id="1212" type="copy forward" timems="10.544" contextid="1209" timestamp="2019-06-14T20:40:44.229">
  <memory-copied type="eden" objects="31" bytes="912" bytesdiscarded="0" />
  <memory-copied type="other" objects="60569" bytes="1410224" bytesdiscarded="848" />
  <memory-cardclean objects="60478" bytes="2509496" />
  <regions eden="22" other="4" />
  <remembered-set-cleared processed="32679" cleared="11071" durationms="0.376" />
  <references type="soft" candidates="720" cleared="0" enqueued="0" dynamicThreshold="10" maxThreshold="32" />
  <references type="weak" candidates="10" cleared="0" enqueued="0" />
  <references type="phantom" candidates="25" cleared="0" enqueued="0" />
  <stringconstants candidates="13739" cleared="0"  />
</gc-op>
<gc-op id="1213" type="classunload" timems="0.009" contextid="1209" timestamp="2019-06-14T20:40:44.229">
  <classunload-info classloadercandidates="54" classloadersunloaded="0" classesunloaded="0" anonymousclassesunloaded="0" quiescems="0.000" setupms="0.009" scanms="0.000" postms="0.000" />
</gc-op>
<heap-resize id="1214" type="contract" space="default" amount="4194304" count="1" timems="0.308" reason="insufficient time being spent in gc" timestamp="2019-06-14T20:40:44.229" />
<gc-end id="1215" type="partial gc" contextid="1209" durationms="12.182" usertimems="32.000" systemtimems="4.000" timestamp="2019-06-14T20:40:44.229" activeThreads="1">
  <mem-info id="1216" free="30408704" total="66060288" percent="46">
    <mem type="eden" free="1047664" total="1048576" percent="99" />
    <remembered-set count="41760" freebytes="2637312" totalbytes="2804352" percent="94" regionsoverflowed="0" regionsstable="1" regionsrebuilding="9"/>
  </mem-info>
</gc-end>
<cycle-end id="1217" type="partial gc" contextid="1209" timestamp="2019-06-14T20:40:44.230" />
  <attribute name="elasticGC enabled" value="1" />
  <attribute name= "numThreadsSpecified" value="1" />
  <attribute name="heapSize specified" value="0" />
  <attribute name="Current GC Util" value="54" />
  <attribute name= "Current Time Running" value="13908" />
  <attribute name ="GC Interval" value="0" />
  <attribute name="ProportionalT" value="17.000000" />
  <attribute name="ProportionalI" value="17.000000" />
  <attribute name="ProportionalH" value="17.000000" />
  <attribute name="Current Error" value="34.000000" />
  <attribute name="IntegralT" value="0.000000" />
  <attribute name="IntegralI" value="0.000000" />
  <attribute name="IntegralH" value="0.000000" />
  <attribute name="DerivativeT" value="inf" />
  <attribute name="DerivativeI" value="inf" />
  <attribute name="DerivativeH" value="inf" />
  <attribute name="Loop Time for DT" value="0.000000" />
  <attribute name="Output H" value="8388608"/>
  <attribute name="Output I" value="200"/>
  <attribute name="Output T" value="1"/>
  <attribute name="Target GC Util Change" value ="20.000000" />
  <attribute name="Current GC Util Change" value="54.000000"/>
  <attribute name="GC Util currently" value="54" />
  <attribute name="CPU Util currently" value="10699471021374" />
<exclusive-end id="1218" timestamp="2019-06-14T20:40:44.230" durationms="13.109" />

<exclusive-start id="1219" timestamp="2019-06-14T20:40:44.291" intervalms="73.970">
  <response-info timems="0.037" idlems="0.037" threads="0" lastid="0000000001F98700" lastname="main" />
</exclusive-start>
<allocation-taxation id="1220" taxation-threshold="11534336" timestamp="2019-06-14T20:40:44.291" intervalms="73.983" />
<gc-start id="1221" type="global mark phase" contextid="1157" timestamp="2019-06-14T20:40:44.291">
  <mem-info id="1222" free="18874368" total="66060288" percent="28">
    <remembered-set count="41248" freebytes="2639360" totalbytes="2804352" percent="94" regionsoverflowed="0" regionsstable="2" regionsrebuilding="9"/>
  </mem-info>
</gc-start>
<gc-end id="1223" type="global mark phase" contextid="1157" durationms="0.110" usertimems="0.000" systemtimems="0.000" timestamp="2019-06-14T20:40:44.291" activeThreads="1">
  <mem-info id="1224" free="18874368" total="66060288" percent="28">
    <remembered-set count="41248" freebytes="2639360" totalbytes="2804352" percent="94" regionsoverflowed="0" regionsstable="2" regionsrebuilding="9"/>
  </mem-info>
</gc-end>
<concurrent-start id="1225" type="GMP work packet processing" contextid="1157" timestamp="2019-06-14T20:40:44.291">
  <concurrent-mark-start scanTarget="1968314" />
</concurrent-start>
<concurrent-end id="1226" type="GMP work packet processing" contextid="1157" timestamp="2019-06-14T20:40:44.292">
  <concurrent-mark-end bytesScanned="2008160" reasonForTermination="Work target met" />
</concurrent-end>

<exclusive-end id="1227" timestamp="2019-06-14T20:40:44.292" durationms="1.593" />

<exclusive-start id="1228" timestamp="2019-06-14T20:40:44.353" intervalms="62.572">
  <response-info timems="0.077" idlems="0.077" threads="0" lastid="0000000001F98700" lastname="main" />
</exclusive-start>
<allocation-taxation id="1229" taxation-threshold="11534336" timestamp="2019-06-14T20:40:44.353" intervalms="62.618" />
<cycle-start id="1230" type="partial gc" contextid="0" timestamp="2019-06-14T20:40:44.354" intervalms="136.636" />
<gc-start id="1231" type="partial gc" contextid="1230" timestamp="2019-06-14T20:40:44.354">
  <mem-info id="1232" free="7340032" total="66060288" percent="11">
    <mem type="eden" free="0" total="23068672" percent="0" />
    <remembered-set count="42976" freebytes="2632448" totalbytes="2804352" percent="93" regionsoverflowed="0" regionsstable="2" regionsrebuilding="9"/>
  </mem-info>
</gc-start>
<allocation-stats totalBytes="23067072" >
  <allocated-bytes non-tlh="0" tlh="23067072" arrayletleaf="0"/>
  <largest-consumer threadName="main" threadId="0000000001F98700" bytes="11533592" />
</allocation-stats>
<gc-op id="1233" type="copy forward" timems="2.988" contextid="1230" timestamp="2019-06-14T20:40:44.358">
  <memory-copied type="eden" objects="27" bytes="856" bytesdiscarded="584" />
  <memory-copied type="other" objects="14" bytes="320" bytesdiscarded="0" />
  <memory-cardclean objects="62914" bytes="2056384" />
  <regions eden="22" other="2" />
  <remembered-set-cleared processed="34947" cleared="4390" durationms="0.202" />
  <references type="weak" candidates="2" cleared="0" enqueued="0" />
  <stringconstants candidates="13739" cleared="0"  />
</gc-op>
<gc-op id="1234" type="classunload" timems="0.004" contextid="1230" timestamp="2019-06-14T20:40:44.358">
  <classunload-info classloadercandidates="54" classloadersunloaded="0" classesunloaded="0" anonymousclassesunloaded="0" quiescems="0.000" setupms="0.004" scanms="0.000" postms="0.000" />
</gc-op>
<gc-end id="1235" type="partial gc" contextid="1230" durationms="4.270" usertimems="4.000" systemtimems="4.000" timestamp="2019-06-14T20:40:44.358" activeThreads="4">
  <mem-info id="1236" free="29360128" total="66060288" percent="44">
    <mem type="eden" free="1047136" total="1048576" percent="99" />
    <remembered-set count="42848" freebytes="2465536" totalbytes="2636928" percent="93" regionsoverflowed="0" regionsstable="2" regionsrebuilding="9"/>
  </mem-info>
</gc-end>
<cycle-end id="1237" type="partial gc" contextid="1230" timestamp="2019-06-14T20:40:44.358" />
  <attribute name="elasticGC enabled" value="1" />
  <attribute name= "numThreadsSpecified" value="4" />
  <attribute name="heapSize specified" value="0" />
  <attribute name="Current GC Util" value="44" />
  <attribute name= "Current Time Running" value="14045" />
  <attribute name ="GC Interval" value="0" />
  <attribute name="ProportionalT" value="12.000000" />
  <attribute name="ProportionalI" value="12.000000" />
  <attribute name="ProportionalH" value="12.000000" />
  <attribute name="Current Error" value="24.000000" />
  <attribute name="IntegralT" value="24.000000" />
  <attribute name="IntegralI" value="24.000000" />
  <attribute name="IntegralH" value="24.000000" />
  <attribute name="DerivativeT" value="12.000000" />
  <attribute name="DerivativeI" value="12.000000" />
  <attribute name="DerivativeH" value="12.000000" />
  <attribute name="Loop Time for DT" value="1.000000" />
  <attribute name="Output H" value="8388608"/>
  <attribute name="Output I" value="200"/>
  <attribute name="Output T" value="4"/>
  <attribute name="Target GC Util Change" value ="20.000000" />
  <attribute name="Current GC Util Change" value="44.000000"/>
  <attribute name="GC Util currently" value="44" />
  <attribute name="CPU Util currently" value="9733176307118" />
<exclusive-end id="1238" timestamp="2019-06-14T20:40:44.358" durationms="5.257" />

<exclusive-start id="1239" timestamp="2019-06-14T20:40:44.426" intervalms="72.907">
  <response-info timems="0.076" idlems="0.076" threads="0" lastid="0000000001F98700" lastname="main" />
</exclusive-start>
<allocation-taxation id="1240" taxation-threshold="11534336" timestamp="2019-06-14T20:40:44.426" intervalms="72.897" />
<gc-start id="1241" type="global mark phase" contextid="1157" timestamp="2019-06-14T20:40:44.426">
  <mem-info id="1242" free="17825792" total="66060288" percent="26">
    <remembered-set count="40960" freebytes="2473088" totalbytes="2636928" percent="93" regionsoverflowed="0" regionsstable="3" regionsrebuilding="9"/>
  </mem-info>
</gc-start>
<gc-end id="1243" type="global mark phase" contextid="1157" durationms="0.150" usertimems="0.000" systemtimems="0.000" timestamp="2019-06-14T20:40:44.427" activeThreads="4">
  <mem-info id="1244" free="17825792" total="66060288" percent="26">
    <remembered-set count="40960" freebytes="2473088" totalbytes="2636928" percent="93" regionsoverflowed="0" regionsstable="3" regionsrebuilding="9"/>
  </mem-info>
</gc-end>
<concurrent-start id="1245" type="GMP work packet processing" contextid="1157" timestamp="2019-06-14T20:40:44.427">
  <concurrent-mark-start scanTarget="1968314" />
</concurrent-start>
<concurrent-end id="1246" type="GMP work packet processing" contextid="1157" timestamp="2019-06-14T20:40:44.428">
  <concurrent-mark-end bytesScanned="2011200" reasonForTermination="Work target met" />
</concurrent-end>

<exclusive-end id="1247" timestamp="2019-06-14T20:40:44.428" durationms="1.635" />

<exclusive-start id="1248" timestamp="2019-06-14T20:40:44.484" intervalms="57.627">
  <response-info timems="0.058" idlems="0.058" threads="0" lastid="0000000001F98700" lastname="main" />
</exclusive-start>
<allocation-taxation id="1249" taxation-threshold="11534336" timestamp="2019-06-14T20:40:44.484" intervalms="57.564" />
<cycle-start id="1250" type="partial gc" contextid="0" timestamp="2019-06-14T20:40:44.484" intervalms="130.432" />
<gc-start id="1251" type="partial gc" contextid="1250" timestamp="2019-06-14T20:40:44.484">
  <mem-info id="1252" free="6291456" total="66060288" percent="9">
    <mem type="eden" free="0" total="23068672" percent="0" />
    <remembered-set count="42208" freebytes="2468096" totalbytes="2636928" percent="93" regionsoverflowed="0" regionsstable="3" regionsrebuilding="9"/>
  </mem-info>
</gc-start>
<allocation-stats totalBytes="23066904" >
  <allocated-bytes non-tlh="0" tlh="23066904" arrayletleaf="0"/>
  <largest-consumer threadName="main" threadId="0000000001F98700" bytes="11533464" />
</allocation-stats>
<gc-op id="1253" type="copy forward" timems="1.506" contextid="1250" timestamp="2019-06-14T20:40:44.487">
  <memory-copied type="eden" objects="8" bytes="224" bytesdiscarded="0" />
  <memory-copied type="other" objects="27" bytes="816" bytesdiscarded="0" />
  <memory-cardclean objects="58" bytes="10640" />
  <regions eden="22" other="2" />
  <remembered-set-cleared processed="39740" cleared="47" durationms="0.391" />
  <references type="weak" candidates="2" cleared="0" enqueued="0" />
  <stringconstants candidates="13739" cleared="0"  />
</gc-op>
<gc-op id="1254" type="classunload" timems="0.004" contextid="1250" timestamp="2019-06-14T20:40:44.487">
  <classunload-info classloadercandidates="54" classloadersunloaded="0" classesunloaded="0" anonymousclassesunloaded="0" quiescems="0.000" setupms="0.004" scanms="0.000" postms="0.000" />
</gc-op>
<heap-resize id="1255" type="contract" space="default" amount="4194304" count="1" timems="0.323" reason="insufficient time being spent in gc" timestamp="2019-06-14T20:40:44.487" />
<gc-end id="1256" type="partial gc" contextid="1250" durationms="2.873" usertimems="4.000" systemtimems="0.000" timestamp="2019-06-14T20:40:44.487" activeThreads="1">
  <mem-info id="1257" free="24117248" total="61865984" percent="38">
    <mem type="eden" free="1048352" total="1048576" percent="99" />
    <remembered-set count="42336" freebytes="2467584" totalbytes="2636928" percent="93" regionsoverflowed="0" regionsstable="3" regionsrebuilding="9"/>
  </mem-info>
</gc-end>
<cycle-end id="1258" type="partial gc" contextid="1250" timestamp="2019-06-14T20:40:44.487" />
  <attribute name="elasticGC enabled" value="1" />
  <attribute name= "numThreadsSpecified" value="1" />
  <attribute name="heapSize specified" value="0" />
  <attribute name="Current GC Util" value="55" />
  <attribute name= "Current Time Running" value="14175" />
  <attribute name ="GC Interval" value="0" />
  <attribute name="ProportionalT" value="17.500000" />
  <attribute name="ProportionalI" value="17.500000" />
  <attribute name="ProportionalH" value="17.500000" />
  <attribute name="Current Error" value="35.000000" />
  <attribute name="IntegralT" value="0.000000" />
  <attribute name="IntegralI" value="0.000000" />
  <attribute name="IntegralH" value="0.000000" />
  <attribute name="DerivativeT" value="inf" />
  <attribute name="DerivativeI" value="inf" />
  <attribute name="DerivativeH" value="inf" />
  <attribute name="Loop Time for DT" value="0.000000" />
  <attribute name="Output H" value="8388608"/>
  <attribute name="Output I" value="200"/>
  <attribute name="Output T" value="1"/>
  <attribute name="Target GC Util Change" value ="20.000000" />
  <attribute name="Current GC Util Change" value="55.000000"/>
  <attribute name="GC Util currently" value="55" />
  <attribute name="CPU Util currently" value="17330454744846" />
<exclusive-end id="1259" timestamp="2019-06-14T20:40:44.487" durationms="3.706" />

<exclusive-start id="1260" timestamp="2019-06-14T20:40:44.799" intervalms="314.970">
  <response-info timems="0.281" idlems="0.281" threads="0" lastid="0000000001F98700" lastname="main" />
</exclusive-start>
<allocation-taxation id="1261" taxation-threshold="10485760" timestamp="2019-06-14T20:40:44.799" intervalms="314.978" />
<gc-start id="1262" type="global mark phase" contextid="1157" timestamp="2019-06-14T20:40:44.799">
  <mem-info id="1263" free="13631488" total="61865984" percent="22">
    <remembered-set count="42112" freebytes="2468480" totalbytes="2636928" percent="93" regionsoverflowed="0" regionsstable="3" regionsrebuilding="9"/>
  </mem-info>
</gc-start>
<gc-end id="1264" type="global mark phase" contextid="1157" durationms="0.084" usertimems="0.000" systemtimems="0.000" timestamp="2019-06-14T20:40:44.799" activeThreads="1">
  <mem-info id="1265" free="13631488" total="61865984" percent="22">
    <remembered-set count="42112" freebytes="2468480" totalbytes="2636928" percent="93" regionsoverflowed="0" regionsstable="3" regionsrebuilding="9"/>
  </mem-info>
</gc-end>
<concurrent-start id="1266" type="GMP work packet processing" contextid="1157" timestamp="2019-06-14T20:40:44.799">
  <concurrent-mark-start scanTarget="2460392" />
</concurrent-start>
<exclusive-end id="1267" timestamp="2019-06-14T20:40:44.801" durationms="1.950" />

<concurrent-end id="1268" type="GMP work packet processing" contextid="1157" timestamp="2019-06-14T20:40:44.801">
  <concurrent-mark-end bytesScanned="2504116" reasonForTermination="Work target met" />
</concurrent-end>

<exclusive-start id="1269" timestamp="2019-06-14T20:40:44.833" intervalms="34.124">
  <response-info timems="0.039" idlems="0.039" threads="0" lastid="0000000001F98700" lastname="main" />
</exclusive-start>
<allocation-taxation id="1270" taxation-threshold="10485760" timestamp="2019-06-14T20:40:44.833" intervalms="34.160" />
<cycle-start id="1271" type="partial gc" contextid="0" timestamp="2019-06-14T20:40:44.833" intervalms="349.215" />
<gc-start id="1272" type="partial gc" contextid="1271" timestamp="2019-06-14T20:40:44.834">
  <mem-info id="1273" free="3145728" total="61865984" percent="5">
    <mem type="eden" free="1048352" total="22020096" percent="4" />
    <remembered-set count="43680" freebytes="2462208" totalbytes="2636928" percent="93" regionsoverflowed="0" regionsstable="3" regionsrebuilding="9"/>
  </mem-info>
</gc-start>
<allocation-stats totalBytes="20955520" >
  <allocated-bytes non-tlh="360" tlh="20955160" arrayletleaf="0"/>
  <largest-consumer threadName="main" threadId="0000000001F98700" bytes="10476536" />
</allocation-stats>
<gc-op id="1274" type="copy forward" timems="1.616" contextid="1271" timestamp="2019-06-14T20:40:44.836">
  <memory-copied type="eden" objects="77" bytes="3392" bytesdiscarded="1736" />
  <memory-copied type="other" objects="7" bytes="160" bytesdiscarded="0" />
  <memory-cardclean objects="101" bytes="12192" />
  <regions eden="20" other="2" />
  <remembered-set-cleared processed="41433" cleared="52" durationms="0.214" />
  <references type="weak" candidates="6" cleared="0" enqueued="0" />
  <stringconstants candidates="13745" cleared="0"  />
</gc-op>
<gc-op id="1275" type="classunload" timems="0.003" contextid="1271" timestamp="2019-06-14T20:40:44.836">
  <classunload-info classloadercandidates="54" classloadersunloaded="0" classesunloaded="0" anonymousclassesunloaded="0" quiescems="0.000" setupms="0.003" scanms="0.000" postms="0.000" />
</gc-op>
<heap-resize id="1276" type="contract" space="default" amount="3145728" count="1" timems="0.182" reason="insufficient time being spent in gc" timestamp="2019-06-14T20:40:44.837" />
<gc-end id="1277" type="partial gc" contextid="1271" durationms="3.091" usertimems="4.000" systemtimems="0.000" timestamp="2019-06-14T20:40:44.837" activeThreads="4">
  <mem-info id="1278" free="20971520" total="58720256" percent="35">
    <mem type="eden" free="1043448" total="1048576" percent="99" />
    <remembered-set count="44352" freebytes="2292096" totalbytes="2469504" percent="92" regionsoverflowed="0" regionsstable="3" regionsrebuilding="9"/>
  </mem-info>
</gc-end>
<cycle-end id="1279" type="partial gc" contextid="1271" timestamp="2019-06-14T20:40:44.837" />
  <attribute name="elasticGC enabled" value="1" />
  <attribute name= "numThreadsSpecified" value="4" />
  <attribute name="heapSize specified" value="0" />
  <attribute name="Current GC Util" value="35" />
  <attribute name= "Current Time Running" value="14525" />
  <attribute name ="GC Interval" value="0" />
  <attribute name="ProportionalT" value="7.500000" />
  <attribute name="ProportionalI" value="7.500000" />
  <attribute name="ProportionalH" value="7.500000" />
  <attribute name="Current Error" value="15.000000" />
  <attribute name="IntegralT" value="15.000000" />
  <attribute name="IntegralI" value="15.000000" />
  <attribute name="IntegralH" value="15.000000" />
  <attribute name="DerivativeT" value="7.500000" />
  <attribute name="DerivativeI" value="7.500000" />
  <attribute name="DerivativeH" value="7.500000" />
  <attribute name="Loop Time for DT" value="1.000000" />
  <attribute name="Output H" value="8388608"/>
  <attribute name="Output I" value="200"/>
  <attribute name="Output T" value="4"/>
  <attribute name="Target GC Util Change" value ="20.000000" />
  <attribute name="Current GC Util Change" value="35.000000"/>
  <attribute name="GC Util currently" value="35" />
  <attribute name="CPU Util currently" value="9898828456152" />
<exclusive-end id="1280" timestamp="2019-06-14T20:40:44.837" durationms="4.241" />

<exclusive-start id="1281" timestamp="2019-06-14T20:40:44.867" intervalms="34.093">
  <response-info timems="0.073" idlems="0.073" threads="0" lastid="0000000001F98700" lastname="main" />
</exclusive-start>
<allocation-taxation id="1282" taxation-threshold="10485760" timestamp="2019-06-14T20:40:44.867" intervalms="34.061" />
<gc-start id="1283" type="global mark phase" contextid="1157" timestamp="2019-06-14T20:40:44.867">
  <mem-info id="1284" free="10485760" total="58720256" percent="17">
    <remembered-set count="44352" freebytes="2292096" totalbytes="2469504" percent="92" regionsoverflowed="0" regionsstable="3" regionsrebuilding="9"/>
  </mem-info>
</gc-start>
<gc-end id="1285" type="global mark phase" contextid="1157" durationms="0.068" usertimems="0.000" systemtimems="0.000" timestamp="2019-06-14T20:40:44.867" activeThreads="4">
  <mem-info id="1286" free="10485760" total="58720256" percent="17">
    <remembered-set count="44352" freebytes="2292096" totalbytes="2469504" percent="92" regionsoverflowed="0" regionsstable="3" regionsrebuilding="9"/>
  </mem-info>
</gc-end>
<concurrent-start id="1287" type="GMP work packet processing" contextid="1157" timestamp="2019-06-14T20:40:44.867">
  <concurrent-mark-start scanTarget="1968314" />
</concurrent-start>
<concurrent-end id="1288" type="GMP work packet processing" contextid="1157" timestamp="2019-06-14T20:40:44.868">
  <concurrent-mark-end bytesScanned="1348468" reasonForTermination="Completed all work in GC phase" />
</concurrent-end>

<exclusive-end id="1289" timestamp="2019-06-14T20:40:44.868" durationms="1.237" />

<exclusive-start id="1290" timestamp="2019-06-14T20:40:44.896" intervalms="29.388">
  <response-info timems="0.034" idlems="0.034" threads="0" lastid="0000000001F98700" lastname="main" />
</exclusive-start>
<allocation-taxation id="1291" taxation-threshold="10485760" timestamp="2019-06-14T20:40:44.896" intervalms="29.393" />
<cycle-start id="1292" type="partial gc" contextid="0" timestamp="2019-06-14T20:40:44.897" intervalms="63.424" />
<gc-start id="1293" type="partial gc" contextid="1292" timestamp="2019-06-14T20:40:44.897">
  <mem-info id="1294" free="0" total="58720256" percent="0">
    <mem type="eden" free="0" total="20971520" percent="0" />
    <remembered-set count="46208" freebytes="2284672" totalbytes="2469504" percent="92" regionsoverflowed="0" regionsstable="3" regionsrebuilding="9"/>
  </mem-info>
</gc-start>
<allocation-stats totalBytes="20955864" >
  <allocated-bytes non-tlh="0" tlh="20955864" arrayletleaf="0"/>
  <largest-consumer threadName="main" threadId="0000000001F98700" bytes="10478336" />
</allocation-stats>
<gc-op id="1295" type="mark" timems="1.328" contextid="1292" timestamp="2019-06-14T20:40:44.899">
  <trace-info objectcount="87" scancount="75" scanbytes="1880" />
  <cardclean-info objects="92" bytes="11948" />
  <remembered-set-cleared processed="43758" cleared="70" durationms="0.233" />
  <references type="weak" candidates="6" cleared="0" enqueued="0" />
  <stringconstants candidates="13745" cleared="0"  />
  <warning details="Mark invoked due to insufficient free space for Copy-Forward" />
</gc-op>
<gc-op id="1296" type="classunload" timems="0.005" contextid="1292" timestamp="2019-06-14T20:40:44.899">
  <classunload-info classloadercandidates="54" classloadersunloaded="0" classesunloaded="0" anonymousclassesunloaded="0" quiescems="0.000" setupms="0.005" scanms="0.000" postms="0.000" />
</gc-op>
<gc-op id="1297" type="sweep" timems="0.318" contextid="1292" timestamp="2019-06-14T20:40:44.900" />
<gc-op id="1298" type="compact" timems="1.226" contextid="1292" timestamp="2019-06-14T20:40:44.901">
  <compact-info movecount="79" movebytes="3016" />
  <remembered-set-cleared processed="87533" cleared="157" durationms="0.233" />
</gc-op>
<gc-end id="1299" type="partial gc" contextid="1292" durationms="4.216" usertimems="4.000" systemtimems="4.000" timestamp="2019-06-14T20:40:44.901" activeThreads="4">
  <mem-info id="1300" free="19922944" total="58720256" percent="33">
    <mem type="eden" free="1048296" total="1048576" percent="99" />
    <remembered-set count="47200" freebytes="2155136" totalbytes="2343936" percent="91" regionsoverflowed="0" regionsstable="3" regionsrebuilding="9"/>
  </mem-info>
</gc-end>
<cycle-end id="1301" type="partial gc" contextid="1292" timestamp="2019-06-14T20:40:44.901" />
  <attribute name="elasticGC enabled" value="1" />
  <attribute name= "numThreadsSpecified" value="4" />
  <attribute name="heapSize specified" value="0" />
  <attribute name="Current GC Util" value="35" />
  <attribute name= "Current Time Running" value="14590" />
  <attribute name ="GC Interval" value="0" />
  <attribute name="ProportionalT" value="7.500000" />
  <attribute name="ProportionalI" value="7.500000" />
  <attribute name="ProportionalH" value="7.500000" />
  <attribute name="Current Error" value="15.000000" />
  <attribute name="IntegralT" value="15.000000" />
  <attribute name="IntegralI" value="15.000000" />
  <attribute name="IntegralH" value="15.000000" />
  <attribute name="DerivativeT" value="-43.500000" />
  <attribute name="DerivativeI" value="-43.500000" />
  <attribute name="DerivativeH" value="-43.500000" />
  <attribute name="Loop Time for DT" value="1.000000" />
  <attribute name="Output H" value="2091843584"/>
  <attribute name="Output I" value="200"/>
  <attribute name="Output T" value="4"/>
  <attribute name="Target GC Util Change" value ="20.000000" />
  <attribute name="Current GC Util Change" value="35.000000"/>
  <attribute name="GC Util currently" value="35" />
  <attribute name="CPU Util currently" value="8853116940473" />
<exclusive-end id="1302" timestamp="2019-06-14T20:40:44.901" durationms="5.097" />

<exclusive-start id="1303" timestamp="2019-06-14T20:40:45.052" intervalms="155.360">
  <response-info timems="0.157" idlems="0.157" threads="0" lastid="0000000001F98700" lastname="main" />
</exclusive-start>
<allocation-taxation id="1304" taxation-threshold="9437184" timestamp="2019-06-14T20:40:45.052" intervalms="155.383" />
<gc-start id="1305" type="global mark phase" contextid="1157" timestamp="2019-06-14T20:40:45.052">
  <mem-info id="1306" free="10485760" total="58720256" percent="17">
    <remembered-set count="46720" freebytes="2157056" totalbytes="2343936" percent="92" regionsoverflowed="0" regionsstable="3" regionsrebuilding="9"/>
  </mem-info>
</gc-start>
<gc-op id="1307" type="mark increment" timems="3.385" contextid="1157" timestamp="2019-06-14T20:40:45.056">
  <trace-info objectcount="834" scancount="821" scanbytes="381412" />
  <cardclean-info objects="166727" bytes="4707424" />
  <finalization candidates="80" enqueued="0" />
  <ownableSynchronizers candidates="22" cleared="0" />
  <references type="soft" candidates="4659" cleared="67" enqueued="66" dynamicThreshold="10" maxThreshold="32" />
  <references type="weak" candidates="5641" cleared="0" enqueued="0" />
  <references type="phantom" candidates="102" cleared="1" enqueued="1" />
  <stringconstants candidates="13745" cleared="0"  />
</gc-op>
<gc-op id="1308" type="classunload" timems="0.007" contextid="1157" timestamp="2019-06-14T20:40:45.056">
  <classunload-info classloadercandidates="54" classloadersunloaded="0" classesunloaded="0" anonymousclassesunloaded="0" quiescems="0.000" setupms="0.007" scanms="0.000" postms="0.000" />
</gc-op>
<gc-end id="1309" type="global mark phase" contextid="1157" durationms="3.704" usertimems="8.000" systemtimems="4.000" timestamp="2019-06-14T20:40:45.056" activeThreads="4">
  <mem-info id="1310" free="10485760" total="58720256" percent="17">
    <pending-finalizers system="0" default="0" reference="67" classloader="0" />
    <remembered-set count="49792" freebytes="2144768" totalbytes="2343936" percent="91" regionsoverflowed="0" regionsstable="3" regionsrebuilding="0"/>
  </mem-info>
</gc-end>
<cycle-end id="1311" type="global mark phase" contextid="1157" timestamp="2019-06-14T20:40:45.056" />
  <attribute name="elasticGC enabled" value="1" />
  <attribute name= "numThreadsSpecified" value="4" />
  <attribute name="heapSize specified" value="0" />
  <attribute name="Current GC Util" value="114" />
  <attribute name= "Current Time Running" value="14745" />
  <attribute name ="GC Interval" value="0" />
  <attribute name="ProportionalT" value="47.000000" />
  <attribute name="ProportionalI" value="47.000000" />
  <attribute name="ProportionalH" value="47.000000" />
  <attribute name="Current Error" value="94.000000" />
  <attribute name="IntegralT" value="94.000000" />
  <attribute name="IntegralI" value="94.000000" />
  <attribute name="IntegralH" value="94.000000" />
  <attribute name="DerivativeT" value="-64.000000" />
  <attribute name="DerivativeI" value="-64.000000" />
  <attribute name="DerivativeH" value="-64.000000" />
  <attribute name="Loop Time for DT" value="1.000000" />
  <attribute name="Output H" value="8388608"/>
  <attribute name="Output I" value="200"/>
  <attribute name="Output T" value="4"/>
  <attribute name="Target GC Util Change" value ="20.000000" />
  <attribute name="Current GC Util Change" value="114.000000"/>
  <attribute name="GC Util currently" value="114" />
  <attribute name="CPU Util currently" value="13089406844619" />
<exclusive-end id="1312" timestamp="2019-06-14T20:40:45.056" durationms="4.264" />

<exclusive-start id="1313" timestamp="2019-06-14T20:40:45.075" intervalms="23.015">
  <response-info timems="0.147" idlems="0.147" threads="0" lastid="0000000001F98700" lastname="main" />
</exclusive-start>
<allocation-taxation id="1314" taxation-threshold="9437184" timestamp="2019-06-14T20:40:45.075" intervalms="23.000" />
<cycle-start id="1315" type="partial gc" contextid="0" timestamp="2019-06-14T20:40:45.075" intervalms="178.363" />
<gc-start id="1316" type="partial gc" contextid="1315" timestamp="2019-06-14T20:40:45.075">
  <mem-info id="1317" free="1048576" total="58720256" percent="1">
    <mem type="eden" free="1048296" total="19922944" percent="5" />
    <remembered-set count="41056" freebytes="2179712" totalbytes="2343936" percent="92" regionsoverflowed="0" regionsstable="7" regionsrebuilding="0"/>
  </mem-info>
</gc-start>
<allocation-stats totalBytes="18869592" >
  <allocated-bytes non-tlh="0" tlh="18869592" arrayletleaf="0"/>
  <largest-consumer threadName="main" threadId="0000000001F98700" bytes="9429520" />
</allocation-stats>
<gc-op id="1318" type="sweep" timems="0.553" contextid="1315" timestamp="2019-06-14T20:40:45.076" />
<gc-op id="1319" type="copy forward" timems="1.128" contextid="1315" timestamp="2019-06-14T20:40:45.078">
  <memory-copied type="eden" objects="27" bytes="2344" bytesdiscarded="1298" />
  <memory-copied type="other" objects="21" bytes="608" bytesdiscarded="254" />
  <memory-cardclean objects="409" bytes="28736" />
  <regions eden="9" other="2" />
  <remembered-set-cleared processed="38325" cleared="92" durationms="0.189" />
  <references type="weak" candidates="16" cleared="0" enqueued="0" />
  <stringconstants candidates="13745" cleared="0"  />
</gc-op>
<gc-op id="1320" type="classunload" timems="0.004" contextid="1315" timestamp="2019-06-14T20:40:45.078">
  <classunload-info classloadercandidates="54" classloadersunloaded="0" classesunloaded="0" anonymousclassesunloaded="0" quiescems="0.000" setupms="0.004" scanms="0.000" postms="0.000" />
</gc-op>
<gc-end id="1321" type="partial gc" contextid="1315" durationms="2.683" usertimems="4.000" systemtimems="0.000" timestamp="2019-06-14T20:40:45.078" activeThreads="4">
  <mem-info id="1322" free="19922944" total="58720256" percent="33">
    <mem type="eden" free="1044072" total="1048576" percent="99" />
    <remembered-set count="41696" freebytes="2177152" totalbytes="2343936" percent="92" regionsoverflowed="0" regionsstable="7" regionsrebuilding="0"/>
  </mem-info>
</gc-end>
<cycle-end id="1323" type="partial gc" contextid="1315" timestamp="2019-06-14T20:40:45.078" />
  <attribute name="elasticGC enabled" value="1" />
  <attribute name= "numThreadsSpecified" value="4" />
  <attribute name="heapSize specified" value="0" />
  <attribute name="Current GC Util" value="0" />
  <attribute name= "Current Time Running" value="14767" />
  <attribute name ="GC Interval" value="0" />
  <attribute name="ProportionalT" value="-10.000000" />
  <attribute name="ProportionalI" value="-10.000000" />
  <attribute name="ProportionalH" value="-10.000000" />
  <attribute name="Current Error" value="-20.000000" />
  <attribute name="IntegralT" value="-20.000000" />
  <attribute name="IntegralI" value="-20.000000" />
  <attribute name="IntegralH" value="-20.000000" />
  <attribute name="DerivativeT" value="-46.000000" />
  <attribute name="DerivativeI" value="-46.000000" />
  <attribute name="DerivativeH" value="-46.000000" />
  <attribute name="Loop Time for DT" value="1.000000" />
  <attribute name="Output H" value="2091843584"/>
  <attribute name="Output I" value="200"/>
  <attribute name="Output T" value="4"/>
  <attribute name="Target GC Util Change" value ="20.000000" />
  <attribute name="Current GC Util Change" value="0.000000"/>
  <attribute name="GC Util currently" value="0" />
  <attribute name="CPU Util currently" value="38786257343917" />
<exclusive-end id="1324" timestamp="2019-06-14T20:40:45.078" durationms="3.498" />

<exclusive-start id="1325" timestamp="2019-06-14T20:40:45.086" intervalms="11.676">
  <response-info timems="0.112" idlems="0.112" threads="0" lastid="0000000001F98700" lastname="main" />
</exclusive-start>
<allocation-taxation id="1326" taxation-threshold="9437184" timestamp="2019-06-14T20:40:45.086" intervalms="11.633" />
<cycle-start id="1327" type="global mark phase" contextid="0" timestamp="2019-06-14T20:40:45.087" intervalms="1981.050" />
<gc-start id="1328" type="global mark phase" contextid="1327" timestamp="2019-06-14T20:40:45.087">
  <mem-info id="1329" free="10485760" total="58720256" percent="17">
    <remembered-set count="39584" freebytes="2185600" totalbytes="2343936" percent="93" regionsoverflowed="0" regionsstable="8" regionsrebuilding="0"/>
  </mem-info>
</gc-start>
<gc-op id="1330" type="mark increment" timems="0.469" contextid="1327" timestamp="2019-06-14T20:40:45.087">
  <trace-info objectcount="190" scancount="0" scanbytes="0" />
</gc-op>
<gc-end id="1331" type="global mark phase" contextid="1327" durationms="0.614" usertimems="0.000" systemtimems="0.000" timestamp="2019-06-14T20:40:45.087" activeThreads="1">
  <mem-info id="1332" free="10485760" total="58720256" percent="17">
    <remembered-set count="39584" freebytes="2185600" totalbytes="2343936" percent="93" regionsoverflowed="0" regionsstable="0" regionsrebuilding="8"/>
  </mem-info>
</gc-end>
<concurrent-start id="1333" type="GMP work packet processing" contextid="1327" timestamp="2019-06-14T20:40:45.087">
  <concurrent-mark-start scanTarget="18446744073709551615" />
</concurrent-start>
<exclusive-end id="1334" timestamp="2019-06-14T20:40:45.087" durationms="1.102" />

<exclusive-start id="1335" timestamp="2019-06-14T20:40:45.100" intervalms="13.542">
  <response-info timems="0.028" idlems="0.028" threads="0" lastid="0000000001F98700" lastname="main" />
</exclusive-start>
<concurrent-end id="1336" type="GMP work packet processing" contextid="1327" timestamp="2019-06-14T20:40:45.100">
  <concurrent-mark-end bytesScanned="13444336" reasonForTermination="Completed all work in GC phase" />
</concurrent-end>

<allocation-taxation id="1337" taxation-threshold="9437184" timestamp="2019-06-14T20:40:45.100" intervalms="13.561" />
<cycle-start id="1338" type="partial gc" contextid="0" timestamp="2019-06-14T20:40:45.100" intervalms="25.243" />
<gc-start id="1339" type="partial gc" contextid="1338" timestamp="2019-06-14T20:40:45.101">
  <mem-info id="1340" free="1048576" total="58720256" percent="1">
    <mem type="eden" free="0" total="18874368" percent="0" />
    <remembered-set count="61344" freebytes="2098560" totalbytes="2343936" percent="89" regionsoverflowed="0" regionsstable="0" regionsrebuilding="8"/>
  </mem-info>
</gc-start>
<allocation-stats totalBytes="18843672" >
  <allocated-bytes non-tlh="0" tlh="18843672" arrayletleaf="0"/>
  <largest-consumer threadName="main" threadId="0000000001F98700" bytes="9420392" />
</allocation-stats>
<gc-op id="1341" type="copy forward" timems="1.714" contextid="1338" timestamp="2019-06-14T20:40:45.103">
  <memory-copied type="eden" objects="3" bytes="72" bytesdiscarded="0" />
  <memory-copied type="other" objects="54" bytes="3096" bytesdiscarded="1064" />
  <memory-cardclean objects="76" bytes="11384" />
  <regions eden="18" other="2" />
  <remembered-set-cleared processed="57981" cleared="68" durationms="0.238" />
  <references type="weak" candidates="16" cleared="0" enqueued="0" />
  <stringconstants candidates="13745" cleared="0"  />
  <heap-resize type="expand" space="default" amount="2097152" count="2" timems="0.119" reason="continue current collection" />
</gc-op>
<gc-op id="1342" type="classunload" timems="0.005" contextid="1338" timestamp="2019-06-14T20:40:45.103">
  <classunload-info classloadercandidates="54" classloadersunloaded="0" classesunloaded="0" anonymousclassesunloaded="0" quiescems="0.000" setupms="0.004" scanms="0.000" postms="0.000" />
</gc-op>
<gc-op id="1343" type="compact" timems="4.619" contextid="1338" timestamp="2019-06-14T20:40:45.108">
  <compact-info movecount="21186" movebytes="920768" />
  <remembered-set-cleared processed="106941" cleared="12468" durationms="0.238" />
</gc-op>
<heap-resize id="1344" type="expand" space="default" amount="10485760" count="1" timems="0.077" reason="excessive time being spent in gc" timestamp="2019-06-14T20:40:45.108" />
<gc-end id="1345" type="partial gc" contextid="1338" durationms="7.558" usertimems="12.000" systemtimems="4.000" timestamp="2019-06-14T20:40:45.108" activeThreads="4">
  <mem-info id="1346" free="33554432" total="71303168" percent="47">
    <mem type="eden" free="1048504" total="1048576" percent="99" />
    <remembered-set count="57088" freebytes="2617856" totalbytes="2846208" percent="91" regionsoverflowed="0" regionsstable="0" regionsrebuilding="8"/>
  </mem-info>
</gc-end>
<cycle-end id="1347" type="partial gc" contextid="1338" timestamp="2019-06-14T20:40:45.108" />
  <attribute name="elasticGC enabled" value="1" />
  <attribute name= "numThreadsSpecified" value="4" />
  <attribute name="heapSize specified" value="0" />
  <attribute name="Current GC Util" value="99" />
  <attribute name= "Current Time Running" value="14793" />
  <attribute name ="GC Interval" value="0" />
  <attribute name="ProportionalT" value="39.500000" />
  <attribute name="ProportionalI" value="39.500000" />
  <attribute name="ProportionalH" value="39.500000" />
  <attribute name="Current Error" value="79.000000" />
  <attribute name="IntegralT" value="158.000000" />
  <attribute name="IntegralI" value="158.000000" />
  <attribute name="IntegralH" value="158.000000" />
  <attribute name="DerivativeT" value="8.000000" />
  <attribute name="DerivativeI" value="8.000000" />
  <attribute name="DerivativeH" value="8.000000" />
  <attribute name="Loop Time for DT" value="2.000000" />
  <attribute name="Output H" value="8388608"/>
  <attribute name="Output I" value="208"/>
  <attribute name="Output T" value="4"/>
  <attribute name="Target GC Util Change" value ="20.000000" />
  <attribute name="Current GC Util Change" value="99.000000"/>
  <attribute name="GC Util currently" value="99" />
  <attribute name="CPU Util currently" value="2343170882524" />
<exclusive-end id="1348" timestamp="2019-06-14T20:40:45.108" durationms="8.441" />

<exclusive-start id="1349" timestamp="2019-06-14T20:40:45.116" intervalms="16.094">
  <response-info timems="0.070" idlems="0.070" threads="0" lastid="0000000001F98700" lastname="main" />
</exclusive-start>
<allocation-taxation id="1350" taxation-threshold="11534336" timestamp="2019-06-14T20:40:45.116" intervalms="16.071" />
<gc-start id="1351" type="global mark phase" contextid="1327" timestamp="2019-06-14T20:40:45.116">
  <mem-info id="1352" free="22020096" total="71303168" percent="30">
    <remembered-set count="56608" freebytes="2619776" totalbytes="2846208" percent="92" regionsoverflowed="0" regionsstable="0" regionsrebuilding="8"/>
  </mem-info>
</gc-start>
<gc-op id="1353" type="mark increment" timems="3.848" contextid="1327" timestamp="2019-06-14T20:40:45.120">
  <trace-info objectcount="23397" scancount="19760" scanbytes="767496" />
  <cardclean-info objects="189569" bytes="4159012" />
  <finalization candidates="80" enqueued="0" />
  <ownableSynchronizers candidates="22" cleared="0" />
  <references type="soft" candidates="4592" cleared="4" enqueued="0" dynamicThreshold="15" maxThreshold="32" />
  <references type="weak" candidates="5629" cleared="0" enqueued="0" />
  <references type="phantom" candidates="101" cleared="0" enqueued="0" />
  <stringconstants candidates="13745" cleared="0"  />
</gc-op>
<gc-op id="1354" type="classunload" timems="0.007" contextid="1327" timestamp="2019-06-14T20:40:45.120">
  <classunload-info classloadercandidates="54" classloadersunloaded="0" classesunloaded="0" anonymousclassesunloaded="0" quiescems="0.000" setupms="0.007" scanms="0.000" postms="0.000" />
</gc-op>
<gc-end id="1355" type="global mark phase" contextid="1327" durationms="4.147" usertimems="4.000" systemtimems="8.000" timestamp="2019-06-14T20:40:45.120" activeThreads="4">
  <mem-info id="1356" free="22020096" total="71303168" percent="30">
    <remembered-set count="59680" freebytes="2607488" totalbytes="2846208" percent="91" regionsoverflowed="0" regionsstable="0" regionsrebuilding="0"/>
  </mem-info>
</gc-end>
<cycle-end id="1357" type="global mark phase" contextid="1327" timestamp="2019-06-14T20:40:45.120" />
  <attribute name="elasticGC enabled" value="1" />
  <attribute name= "numThreadsSpecified" value="4" />
  <attribute name="heapSize specified" value="0" />
  <attribute name="Current GC Util" value="214" />
  <attribute name= "Current Time Running" value="14810" />
  <attribute name ="GC Interval" value="0" />
  <attribute name="ProportionalT" value="97.000000" />
  <attribute name="ProportionalI" value="97.000000" />
  <attribute name="ProportionalH" value="97.000000" />
  <attribute name="Current Error" value="194.000000" />
  <attribute name="IntegralT" value="194.000000" />
  <attribute name="IntegralI" value="194.000000" />
  <attribute name="IntegralH" value="194.000000" />
  <attribute name="DerivativeT" value="10.500000" />
  <attribute name="DerivativeI" value="10.500000" />
  <attribute name="DerivativeH" value="10.500000" />
  <attribute name="Loop Time for DT" value="1.000000" />
  <attribute name="Output H" value="8388608"/>
  <attribute name="Output I" value="304"/>
  <attribute name="Output T" value="4"/>
  <attribute name="Target GC Util Change" value ="20.000000" />
  <attribute name="Current GC Util Change" value="214.000000"/>
  <attribute name="GC Util currently" value="214" />
  <attribute name="CPU Util currently" value="7881499427563" />
<exclusive-end id="1358" timestamp="2019-06-14T20:40:45.121" durationms="4.561" />

<exclusive-start id="1359" timestamp="2019-06-14T20:40:45.128" intervalms="12.212">
  <response-info timems="0.148" idlems="0.148" threads="0" lastid="0000000001F98700" lastname="main" />
</exclusive-start>
<allocation-taxation id="1360" taxation-threshold="11534336" timestamp="2019-06-14T20:40:45.128" intervalms="12.218" />
<cycle-start id="1361" type="partial gc" contextid="0" timestamp="2019-06-14T20:40:45.128" intervalms="28.202" />
<gc-start id="1362" type="partial gc" contextid="1361" timestamp="2019-06-14T20:40:45.129">
  <mem-info id="1363" free="10485760" total="71303168" percent="14">
    <mem type="eden" free="1048504" total="24117248" percent="4" />
    <remembered-set count="38496" freebytes="2692224" totalbytes="2846208" percent="94" regionsoverflowed="0" regionsstable="8" regionsrebuilding="0"/>
  </mem-info>
</gc-start>
<allocation-stats totalBytes="23027320" >
  <allocated-bytes non-tlh="0" tlh="23027320" arrayletleaf="0"/>
  <largest-consumer threadName="main" threadId="0000000001F98700" bytes="11513608" />
</allocation-stats>
<gc-op id="1364" type="sweep" timems="0.649" contextid="1361" timestamp="2019-06-14T20:40:45.130" />
<gc-op id="1365" type="copy forward" timems="2.464" contextid="1361" timestamp="2019-06-14T20:40:45.133">
  <memory-copied type="eden" objects="2" bytes="40" bytesdiscarded="0" />
  <memory-copied type="other" objects="31699" bytes="783120" bytesdiscarded="93128" />
  <memory-cardclean objects="6069" bytes="261992" />
  <regions eden="11" other="3" />
  <remembered-set-cleared processed="35525" cleared="2172" durationms="0.205" />
  <stringconstants candidates="13745" cleared="0"  />
</gc-op>
<gc-op id="1366" type="classunload" timems="0.006" contextid="1361" timestamp="2019-06-14T20:40:45.133">
  <classunload-info classloadercandidates="54" classloadersunloaded="0" classesunloaded="0" anonymousclassesunloaded="0" quiescems="0.000" setupms="0.006" scanms="0.000" postms="0.000" />
</gc-op>
<heap-resize id="1367" type="expand" space="default" amount="12582912" count="1" timems="0.077" reason="excessive time being spent in gc" timestamp="2019-06-14T20:40:45.133" />
<gc-end id="1368" type="partial gc" contextid="1361" durationms="4.395" usertimems="16.000" systemtimems="0.000" timestamp="2019-06-14T20:40:45.133" activeThreads="4">
  <mem-info id="1369" free="47185920" total="83886080" percent="56">
    <mem type="eden" free="1048536" total="1048576" percent="99" />
    <remembered-set count="38304" freebytes="3195264" totalbytes="3348480" percent="95" regionsoverflowed="0" regionsstable="8" regionsrebuilding="0"/>
  </mem-info>
</gc-end>
<cycle-end id="1370" type="partial gc" contextid="1361" timestamp="2019-06-14T20:40:45.133" />
  <attribute name="elasticGC enabled" value="1" />
  <attribute name= "numThreadsSpecified" value="4" />
  <attribute name="heapSize specified" value="0" />
  <attribute name="Current GC Util" value="56" />
  <attribute name= "Current Time Running" value="14820" />
  <attribute name ="GC Interval" value="0" />
  <attribute name="ProportionalT" value="18.000000" />
  <attribute name="ProportionalI" value="18.000000" />
  <attribute name="ProportionalH" value="18.000000" />
  <attribute name="Current Error" value="36.000000" />
  <attribute name="IntegralT" value="0.000000" />
  <attribute name="IntegralI" value="0.000000" />
  <attribute name="IntegralH" value="0.000000" />
  <attribute name="DerivativeT" value="-inf" />
  <attribute name="DerivativeI" value="-inf" />
  <attribute name="DerivativeH" value="-inf" />
  <attribute name="Loop Time for DT" value="0.000000" />
  <attribute name="Output H" value="2091843584"/>
  <attribute name="Output I" value="200"/>
  <attribute name="Output T" value="4"/>
  <attribute name="Target GC Util Change" value ="20.000000" />
  <attribute name="Current GC Util Change" value="56.000000"/>
  <attribute name="GC Util currently" value="56" />
  <attribute name="CPU Util currently" value="23402445939868" />
<exclusive-end id="1371" timestamp="2019-06-14T20:40:45.133" durationms="5.183" />

<exclusive-start id="1372" timestamp="2019-06-14T20:40:45.143" intervalms="14.434">
  <response-info timems="0.127" idlems="0.127" threads="0" lastid="0000000001F98700" lastname="main" />
</exclusive-start>
<allocation-taxation id="1373" taxation-threshold="13631488" timestamp="2019-06-14T20:40:45.143" intervalms="14.463" />
<cycle-start id="1374" type="global mark phase" contextid="0" timestamp="2019-06-14T20:40:45.143" intervalms="56.285" />
<gc-start id="1375" type="global mark phase" contextid="1374" timestamp="2019-06-14T20:40:45.143">
  <mem-info id="1376" free="33554432" total="83886080" percent="40">
    <remembered-set count="15456" freebytes="3286656" totalbytes="3348480" percent="98" regionsoverflowed="0" regionsstable="15" regionsrebuilding="0"/>
  </mem-info>
</gc-start>
<gc-op id="1377" type="mark increment" timems="0.586" contextid="1374" timestamp="2019-06-14T20:40:45.144">
  <trace-info objectcount="193" scancount="0" scanbytes="0" />
</gc-op>
<gc-end id="1378" type="global mark phase" contextid="1374" durationms="0.809" usertimems="0.000" systemtimems="0.000" timestamp="2019-06-14T20:40:45.144" activeThreads="1">
  <mem-info id="1379" free="33554432" total="83886080" percent="40">
    <remembered-set count="15456" freebytes="3286656" totalbytes="3348480" percent="98" regionsoverflowed="0" regionsstable="0" regionsrebuilding="15"/>
  </mem-info>
</gc-end>
<concurrent-start id="1380" type="GMP work packet processing" contextid="1374" timestamp="2019-06-14T20:40:45.144">
  <concurrent-mark-start scanTarget="4004995" />
</concurrent-start>
<exclusive-end id="1381" timestamp="2019-06-14T20:40:45.144" durationms="1.383" />

<concurrent-end id="1382" type="GMP work packet processing" contextid="1374" timestamp="2019-06-14T20:40:45.147">
  <concurrent-mark-end bytesScanned="4050624" reasonForTermination="Work target met" />
</concurrent-end>

<exclusive-start id="1383" timestamp="2019-06-14T20:40:45.156" intervalms="13.790">
  <response-info timems="0.101" idlems="0.101" threads="0" lastid="0000000001F98700" lastname="main" />
</exclusive-start>
<allocation-taxation id="1384" taxation-threshold="13631488" timestamp="2019-06-14T20:40:45.157" intervalms="13.773" />
<cycle-start id="1385" type="partial gc" contextid="0" timestamp="2019-06-14T20:40:45.157" intervalms="28.238" />
<gc-start id="1386" type="partial gc" contextid="1385" timestamp="2019-06-14T20:40:45.157">
  <mem-info id="1387" free="19922944" total="83886080" percent="23">
    <mem type="eden" free="1048536" total="28311552" percent="3" />
    <remembered-set count="39616" freebytes="3190016" totalbytes="3348480" percent="95" regionsoverflowed="0" regionsstable="0" regionsrebuilding="15"/>
  </mem-info>
</gc-start>
<allocation-stats totalBytes="27214616" >
  <allocated-bytes non-tlh="0" tlh="27214616" arrayletleaf="0"/>
  <largest-consumer threadName="main" threadId="0000000001F98700" bytes="13607256" />
</allocation-stats>
<gc-op id="1388" type="copy forward" timems="4.142" contextid="1385" timestamp="2019-06-14T20:40:45.162">
  <memory-copied type="eden" objects="3" bytes="72" bytesdiscarded="0" />
  <memory-copied type="other" objects="17479" bytes="798952" bytesdiscarded="75528" />
  <memory-cardclean objects="45255" bytes="1773392" />
  <regions eden="26" other="4" />
  <remembered-set-cleared processed="32290" cleared="12757" durationms="0.243" />
  <finalization candidates="13" enqueued="0" />
  <references type="soft" candidates="228" cleared="0" enqueued="0" dynamicThreshold="12" maxThreshold="32" />
  <references type="weak" candidates="1093" cleared="0" enqueued="0" />
  <references type="phantom" candidates="4" cleared="0" enqueued="0" />
  <stringconstants candidates="13745" cleared="0"  />
</gc-op>
<gc-op id="1389" type="classunload" timems="0.006" contextid="1385" timestamp="2019-06-14T20:40:45.162">
  <classunload-info classloadercandidates="54" classloadersunloaded="0" classesunloaded="0" anonymousclassesunloaded="0" quiescems="0.000" setupms="0.006" scanms="0.000" postms="0.000" />
</gc-op>
<heap-resize id="1390" type="expand" space="default" amount="5242880" count="1" timems="0.073" reason="excessive time being spent in gc" timestamp="2019-06-14T20:40:45.162" />
<gc-end id="1391" type="partial gc" contextid="1385" durationms="5.342" usertimems="16.000" systemtimems="0.000" timestamp="2019-06-14T20:40:45.162" activeThreads="4">
  <mem-info id="1392" free="53477376" total="89128960" percent="60">
    <mem type="eden" free="1048504" total="1048576" percent="99" />
    <remembered-set count="39456" freebytes="3399936" totalbytes="3557760" percent="95" regionsoverflowed="0" regionsstable="0" regionsrebuilding="15"/>
  </mem-info>
</gc-end>
<cycle-end id="1393" type="partial gc" contextid="1385" timestamp="2019-06-14T20:40:45.162" />
  <attribute name="elasticGC enabled" value="1" />
  <attribute name= "numThreadsSpecified" value="4" />
  <attribute name="heapSize specified" value="0" />
  <attribute name="Current GC Util" value="72" />
  <attribute name= "Current Time Running" value="14848" />
  <attribute name ="GC Interval" value="0" />
  <attribute name="ProportionalT" value="26.000000" />
  <attribute name="ProportionalI" value="26.000000" />
  <attribute name="ProportionalH" value="26.000000" />
  <attribute name="Current Error" value="52.000000" />
  <attribute name="IntegralT" value="52.000000" />
  <attribute name="IntegralI" value="52.000000" />
  <attribute name="IntegralH" value="52.000000" />
  <attribute name="DerivativeT" value="8.000000" />
  <attribute name="DerivativeI" value="8.000000" />
  <attribute name="DerivativeH" value="8.000000" />
  <attribute name="Loop Time for DT" value="1.000000" />
  <attribute name="Output H" value="8388608"/>
  <attribute name="Output I" value="200"/>
  <attribute name="Output T" value="4"/>
  <attribute name="Target GC Util Change" value ="20.000000" />
  <attribute name="Current GC Util Change" value="72.000000"/>
  <attribute name="GC Util currently" value="72" />
  <attribute name="CPU Util currently" value="15619702746547" />
<exclusive-end id="1394" timestamp="2019-06-14T20:40:45.163" durationms="6.169" />

<exclusive-start id="1395" timestamp="2019-06-14T20:40:45.172" intervalms="15.518">
  <response-info timems="0.071" idlems="0.071" threads="0" lastid="0000000001F98700" lastname="main" />
</exclusive-start>
<allocation-taxation id="1396" taxation-threshold="13631488" timestamp="2019-06-14T20:40:45.172" intervalms="15.543" />
<gc-start id="1397" type="global mark phase" contextid="1374" timestamp="2019-06-14T20:40:45.172">
  <mem-info id="1398" free="39845888" total="89128960" percent="44">
    <remembered-set count="39360" freebytes="3400320" totalbytes="3557760" percent="95" regionsoverflowed="0" regionsstable="0" regionsrebuilding="15"/>
  </mem-info>
</gc-start>
<gc-end id="1399" type="global mark phase" contextid="1374" durationms="0.110" usertimems="0.000" systemtimems="0.000" timestamp="2019-06-14T20:40:45.172" activeThreads="4">
  <mem-info id="1400" free="39845888" total="89128960" percent="44">
    <remembered-set count="39360" freebytes="3400320" totalbytes="3557760" percent="95" regionsoverflowed="0" regionsstable="0" regionsrebuilding="15"/>
  </mem-info>
</gc-end>
<concurrent-start id="1401" type="GMP work packet processing" contextid="1374" timestamp="2019-06-14T20:40:45.172">
  <concurrent-mark-start scanTarget="2288568" />
</concurrent-start>
<exclusive-end id="1402" timestamp="2019-06-14T20:40:45.174" durationms="1.892" />

<concurrent-end id="1403" type="GMP work packet processing" contextid="1374" timestamp="2019-06-14T20:40:45.174">
  <concurrent-mark-end bytesScanned="2334600" reasonForTermination="Work target met" />
</concurrent-end>

<exclusive-start id="1404" timestamp="2019-06-14T20:40:45.231" intervalms="59.256">
  <response-info timems="0.034" idlems="0.034" threads="0" lastid="0000000001F98700" lastname="main" />
</exclusive-start>
<allocation-taxation id="1405" taxation-threshold="13631488" timestamp="2019-06-14T20:40:45.231" intervalms="59.250" />
<cycle-start id="1406" type="partial gc" contextid="0" timestamp="2019-06-14T20:40:45.231" intervalms="74.791" />
<gc-start id="1407" type="partial gc" contextid="1406" timestamp="2019-06-14T20:40:45.232">
  <mem-info id="1408" free="26214400" total="89128960" percent="29">
    <mem type="eden" free="1048504" total="28311552" percent="3" />
    <remembered-set count="54432" freebytes="3340032" totalbytes="3557760" percent="93" regionsoverflowed="0" regionsstable="0" regionsrebuilding="15"/>
  </mem-info>
</gc-start>
<allocation-stats totalBytes="27217504" >
  <allocated-bytes non-tlh="0" tlh="27217504" arrayletleaf="0"/>
  <largest-consumer threadName="main" threadId="0000000001F98700" bytes="13609456" />
</allocation-stats>
<gc-op id="1409" type="copy forward" timems="10.307" contextid="1406" timestamp="2019-06-14T20:40:45.243">
  <memory-copied type="eden" objects="37" bytes="1472" bytesdiscarded="0" />
  <memory-copied type="other" objects="21188" bytes="919136" bytesdiscarded="288" />
  <memory-cardclean objects="106399" bytes="2787592" />
  <regions eden="26" other="4" />
  <remembered-set-cleared processed="43208" cleared="11494" durationms="0.516" />
  <finalization candidates="13" enqueued="0" />
  <references type="soft" candidates="202" cleared="0" enqueued="0" dynamicThreshold="14" maxThreshold="32" />
  <references type="weak" candidates="1267" cleared="0" enqueued="0" />
  <references type="phantom" candidates="60" cleared="0" enqueued="0" />
  <stringconstants candidates="13745" cleared="0"  />
</gc-op>
<gc-op id="1410" type="classunload" timems="0.008" contextid="1406" timestamp="2019-06-14T20:40:45.243">
  <classunload-info classloadercandidates="54" classloadersunloaded="0" classesunloaded="0" anonymousclassesunloaded="0" quiescems="0.000" setupms="0.008" scanms="0.000" postms="0.000" />
</gc-op>
<gc-end id="1411" type="partial gc" contextid="1406" durationms="11.347" usertimems="24.000" systemtimems="0.000" timestamp="2019-06-14T20:40:45.243" activeThreads="1">
  <mem-info id="1412" free="54525952" total="89128960" percent="61">
    <mem type="eden" free="1047104" total="1048576" percent="99" />
    <remembered-set count="52160" freebytes="3349120" totalbytes="3557760" percent="94" regionsoverflowed="0" regionsstable="0" regionsrebuilding="15"/>
  </mem-info>
</gc-end>
<cycle-end id="1413" type="partial gc" contextid="1406" timestamp="2019-06-14T20:40:45.243" />
  <attribute name="elasticGC enabled" value="1" />
  <attribute name= "numThreadsSpecified" value="1" />
  <attribute name="heapSize specified" value="0" />
  <attribute name="Current GC Util" value="73" />
  <attribute name= "Current Time Running" value="14922" />
  <attribute name ="GC Interval" value="0" />
  <attribute name="ProportionalT" value="26.500000" />
  <attribute name="ProportionalI" value="26.500000" />
  <attribute name="ProportionalH" value="26.500000" />
  <attribute name="Current Error" value="53.000000" />
  <attribute name="IntegralT" value="0.000000" />
  <attribute name="IntegralI" value="0.000000" />
  <attribute name="IntegralH" value="0.000000" />
  <attribute name="DerivativeT" value="inf" />
  <attribute name="DerivativeI" value="inf" />
  <attribute name="DerivativeH" value="inf" />
  <attribute name="Loop Time for DT" value="0.000000" />
  <attribute name="Output H" value="8388608"/>
  <attribute name="Output I" value="200"/>
  <attribute name="Output T" value="1"/>
  <attribute name="Target GC Util Change" value ="20.000000" />
  <attribute name="Current GC Util Change" value="73.000000"/>
  <attribute name="GC Util currently" value="73" />
  <attribute name="CPU Util currently" value="20406683494122" />
<exclusive-end id="1414" timestamp="2019-06-14T20:40:45.243" durationms="12.272" />

<exclusive-start id="1415" timestamp="2019-06-14T20:40:45.276" intervalms="44.790">
  <response-info timems="0.140" idlems="0.140" threads="0" lastid="0000000001F98700" lastname="main" />
</exclusive-start>
<allocation-taxation id="1416" taxation-threshold="13631488" timestamp="2019-06-14T20:40:45.276" intervalms="44.827" />
<gc-start id="1417" type="global mark phase" contextid="1374" timestamp="2019-06-14T20:40:45.276">
  <mem-info id="1418" free="40894464" total="89128960" percent="45">
    <remembered-set count="52032" freebytes="3349632" totalbytes="3557760" percent="94" regionsoverflowed="0" regionsstable="0" regionsrebuilding="15"/>
  </mem-info>
</gc-start>
<gc-end id="1419" type="global mark phase" contextid="1374" durationms="0.117" usertimems="0.000" systemtimems="0.000" timestamp="2019-06-14T20:40:45.276" activeThreads="1">
  <mem-info id="1420" free="40894464" total="89128960" percent="45">
    <remembered-set count="52032" freebytes="3349632" totalbytes="3557760" percent="94" regionsoverflowed="0" regionsstable="0" regionsrebuilding="15"/>
  </mem-info>
</gc-end>
<concurrent-start id="1421" type="GMP work packet processing" contextid="1374" timestamp="2019-06-14T20:40:45.277">
  <concurrent-mark-start scanTarget="1048576" />
</concurrent-start>
<concurrent-end id="1422" type="GMP work packet processing" contextid="1374" timestamp="2019-06-14T20:40:45.277">
  <concurrent-mark-end bytesScanned="1089668" reasonForTermination="Work target met" />
</concurrent-end>

<exclusive-end id="1423" timestamp="2019-06-14T20:40:45.277" durationms="1.429" />

<exclusive-start id="1424" timestamp="2019-06-14T20:40:45.307" intervalms="31.148">
  <response-info timems="0.043" idlems="0.043" threads="0" lastid="0000000001F98700" lastname="main" />
</exclusive-start>
<allocation-taxation id="1425" taxation-threshold="13631488" timestamp="2019-06-14T20:40:45.307" intervalms="31.106" />
<cycle-start id="1426" type="partial gc" contextid="0" timestamp="2019-06-14T20:40:45.307" intervalms="75.938" />
<gc-start id="1427" type="partial gc" contextid="1426" timestamp="2019-06-14T20:40:45.308">
  <mem-info id="1428" free="27262976" total="89128960" percent="30">
    <mem type="eden" free="0" total="27262976" percent="0" />
    <remembered-set count="63168" freebytes="3305088" totalbytes="3557760" percent="92" regionsoverflowed="0" regionsstable="0" regionsrebuilding="15"/>
  </mem-info>
</gc-start>
<allocation-stats totalBytes="27234200" >
  <allocated-bytes non-tlh="0" tlh="27234200" arrayletleaf="0"/>
  <largest-consumer threadName="main" threadId="0000000001F98700" bytes="13617072" />
</allocation-stats>
<gc-op id="1429" type="copy forward" timems="1.787" contextid="1426" timestamp="2019-06-14T20:40:45.310">
  <memory-copied type="eden" objects="29" bytes="1344" bytesdiscarded="0" />
  <memory-copied type="other" objects="22" bytes="504" bytesdiscarded="696" />
  <memory-cardclean objects="103" bytes="4360" />
  <regions eden="26" other="2" />
  <remembered-set-cleared processed="60708" cleared="65" durationms="0.299" />
  <stringconstants candidates="13745" cleared="0"  />
</gc-op>
<gc-op id="1430" type="classunload" timems="0.005" contextid="1426" timestamp="2019-06-14T20:40:45.310">
  <classunload-info classloadercandidates="54" classloadersunloaded="0" classesunloaded="0" anonymousclassesunloaded="0" quiescems="0.000" setupms="0.004" scanms="0.000" postms="0.000" />
</gc-op>
<gc-end id="1431" type="partial gc" contextid="1426" durationms="2.847" usertimems="4.000" systemtimems="0.000" timestamp="2019-06-14T20:40:45.311" activeThreads="4">
  <mem-info id="1432" free="53477376" total="89128960" percent="60">
    <mem type="eden" free="1047232" total="1048576" percent="99" />
    <remembered-set count="63840" freebytes="3302400" totalbytes="3557760" percent="92" regionsoverflowed="0" regionsstable="0" regionsrebuilding="15"/>
  </mem-info>
</gc-end>
<cycle-end id="1433" type="partial gc" contextid="1426" timestamp="2019-06-14T20:40:45.311" />
  <attribute name="elasticGC enabled" value="1" />
  <attribute name= "numThreadsSpecified" value="4" />
  <attribute name="heapSize specified" value="0" />
  <attribute name="Current GC Util" value="70" />
  <attribute name= "Current Time Running" value="14999" />
  <attribute name ="GC Interval" value="0" />
  <attribute name="ProportionalT" value="25.000000" />
  <attribute name="ProportionalI" value="25.000000" />
  <attribute name="ProportionalH" value="25.000000" />
  <attribute name="Current Error" value="50.000000" />
  <attribute name="IntegralT" value="50.000000" />
  <attribute name="IntegralI" value="50.000000" />
  <attribute name="IntegralH" value="50.000000" />
  <attribute name="DerivativeT" value="25.000000" />
  <attribute name="DerivativeI" value="25.000000" />
  <attribute name="DerivativeH" value="25.000000" />
  <attribute name="Loop Time for DT" value="1.000000" />
  <attribute name="Output H" value="8388608"/>
  <attribute name="Output I" value="200"/>
  <attribute name="Output T" value="4"/>
  <attribute name="Target GC Util Change" value ="20.000000" />
  <attribute name="Current GC Util Change" value="70.000000"/>
  <attribute name="GC Util currently" value="70" />
  <attribute name="CPU Util currently" value="17291985210883" />
<exclusive-end id="1434" timestamp="2019-06-14T20:40:45.311" durationms="3.759" />

<exclusive-start id="1435" timestamp="2019-06-14T20:40:45.326" intervalms="18.830">
  <response-info timems="0.023" idlems="0.023" threads="0" lastid="0000000001F98700" lastname="main" />
</exclusive-start>
<allocation-taxation id="1436" taxation-threshold="13631488" timestamp="2019-06-14T20:40:45.326" intervalms="18.845" />
<gc-start id="1437" type="global mark phase" contextid="1374" timestamp="2019-06-14T20:40:45.326">
  <mem-info id="1438" free="39845888" total="89128960" percent="44">
    <remembered-set count="63424" freebytes="3304064" totalbytes="3557760" percent="92" regionsoverflowed="0" regionsstable="0" regionsrebuilding="15"/>
  </mem-info>
</gc-start>
<gc-end id="1439" type="global mark phase" contextid="1374" durationms="0.098" usertimems="0.000" systemtimems="0.000" timestamp="2019-06-14T20:40:45.326" activeThreads="4">
  <mem-info id="1440" free="39845888" total="89128960" percent="44">
    <remembered-set count="63424" freebytes="3304064" totalbytes="3557760" percent="92" regionsoverflowed="0" regionsstable="0" regionsrebuilding="15"/>
  </mem-info>
</gc-end>
<concurrent-start id="1441" type="GMP work packet processing" contextid="1374" timestamp="2019-06-14T20:40:45.326">
  <concurrent-mark-start scanTarget="2288568" />
</concurrent-start>
<exclusive-end id="1442" timestamp="2019-06-14T20:40:45.328" durationms="1.956" />

<concurrent-end id="1443" type="GMP work packet processing" contextid="1374" timestamp="2019-06-14T20:40:45.328">
  <concurrent-mark-end bytesScanned="2324480" reasonForTermination="Work target met" />
</concurrent-end>

<exclusive-start id="1444" timestamp="2019-06-14T20:40:45.339" intervalms="13.244">
  <response-info timems="0.071" idlems="0.071" threads="0" lastid="0000000001F98700" lastname="main" />
</exclusive-start>
<allocation-taxation id="1445" taxation-threshold="13631488" timestamp="2019-06-14T20:40:45.339" intervalms="13.258" />
<cycle-start id="1446" type="partial gc" contextid="0" timestamp="2019-06-14T20:40:45.340" intervalms="32.154" />
<gc-start id="1447" type="partial gc" contextid="1446" timestamp="2019-06-14T20:40:45.340">
  <mem-info id="1448" free="26214400" total="89128960" percent="29">
    <mem type="eden" free="0" total="27262976" percent="0" />
    <remembered-set count="84704" freebytes="3218944" totalbytes="3557760" percent="90" regionsoverflowed="0" regionsstable="0" regionsrebuilding="15"/>
  </mem-info>
</gc-start>
<allocation-stats totalBytes="27241640" >
  <allocated-bytes non-tlh="0" tlh="27241640" arrayletleaf="0"/>
  <largest-consumer threadName="main" threadId="0000000001F98700" bytes="13621584" />
</allocation-stats>
<gc-op id="1449" type="copy forward" timems="1.470" contextid="1446" timestamp="2019-06-14T20:40:45.342">
  <memory-copied type="eden" objects="4" bytes="288" bytesdiscarded="0" />
  <memory-copied type="other" objects="32" bytes="1376" bytesdiscarded="0" />
  <memory-cardclean objects="58" bytes="2504" />
  <regions eden="26" other="2" />
  <remembered-set-cleared processed="82317" cleared="42" durationms="0.363" />
  <stringconstants candidates="13745" cleared="0"  />
</gc-op>
<gc-op id="1450" type="classunload" timems="0.004" contextid="1446" timestamp="2019-06-14T20:40:45.342">
  <classunload-info classloadercandidates="54" classloadersunloaded="0" classesunloaded="0" anonymousclassesunloaded="0" quiescems="0.000" setupms="0.004" scanms="0.000" postms="0.000" />
</gc-op>
<gc-end id="1451" type="partial gc" contextid="1446" durationms="2.416" usertimems="4.000" systemtimems="0.000" timestamp="2019-06-14T20:40:45.342" activeThreads="4">
  <mem-info id="1452" free="52428800" total="89128960" percent="58">
    <mem type="eden" free="1048288" total="1048576" percent="99" />
    <remembered-set count="84576" freebytes="3219456" totalbytes="3557760" percent="90" regionsoverflowed="0" regionsstable="0" regionsrebuilding="15"/>
  </mem-info>
</gc-end>
<cycle-end id="1453" type="partial gc" contextid="1446" timestamp="2019-06-14T20:40:45.342" />
  <attribute name="elasticGC enabled" value="1" />
  <attribute name= "numThreadsSpecified" value="4" />
  <attribute name="heapSize specified" value="0" />
  <attribute name="Current GC Util" value="82" />
  <attribute name= "Current Time Running" value="15031" />
  <attribute name ="GC Interval" value="0" />
  <attribute name="ProportionalT" value="31.000000" />
  <attribute name="ProportionalI" value="31.000000" />
  <attribute name="ProportionalH" value="31.000000" />
  <attribute name="Current Error" value="62.000000" />
  <attribute name="IntegralT" value="62.000000" />
  <attribute name="IntegralI" value="62.000000" />
  <attribute name="IntegralH" value="62.000000" />
  <attribute name="DerivativeT" value="28.500000" />
  <attribute name="DerivativeI" value="28.500000" />
  <attribute name="DerivativeH" value="28.500000" />
  <attribute name="Loop Time for DT" value="1.000000" />
  <attribute name="Output H" value="8388608"/>
  <attribute name="Output I" value="200"/>
  <attribute name="Output T" value="4"/>
  <attribute name="Target GC Util Change" value ="20.000000" />
  <attribute name="Current GC Util Change" value="82.000000"/>
  <attribute name="GC Util currently" value="82" />
  <attribute name="CPU Util currently" value="20350671395498" />
<exclusive-end id="1454" timestamp="2019-06-14T20:40:45.343" durationms="3.407" />

<exclusive-start id="1455" timestamp="2019-06-14T20:40:45.485" intervalms="146.156">
  <response-info timems="0.032" idlems="0.032" threads="0" lastid="0000000001F98700" lastname="main" />
</exclusive-start>
<allocation-taxation id="1456" taxation-threshold="13631488" timestamp="2019-06-14T20:40:45.486" intervalms="146.120" />
<gc-start id="1457" type="global mark phase" contextid="1374" timestamp="2019-06-14T20:40:45.486">
  <mem-info id="1458" free="38797312" total="89128960" percent="43">
    <remembered-set count="84576" freebytes="3219456" totalbytes="3557760" percent="90" regionsoverflowed="0" regionsstable="0" regionsrebuilding="15"/>
  </mem-info>
</gc-start>
<gc-end id="1459" type="global mark phase" contextid="1374" durationms="0.083" usertimems="0.000" systemtimems="0.000" timestamp="2019-06-14T20:40:45.486" activeThreads="4">
  <mem-info id="1460" free="38797312" total="89128960" percent="43">
    <remembered-set count="84576" freebytes="3219456" totalbytes="3557760" percent="90" regionsoverflowed="0" regionsstable="0" regionsrebuilding="15"/>
  </mem-info>
</gc-end>
<concurrent-start id="1461" type="GMP work packet processing" contextid="1374" timestamp="2019-06-14T20:40:45.486">
  <concurrent-mark-start scanTarget="2288568" />
</concurrent-start>
<concurrent-end id="1462" type="GMP work packet processing" contextid="1374" timestamp="2019-06-14T20:40:45.487">
  <concurrent-mark-end bytesScanned="2337404" reasonForTermination="Work target met" />
</concurrent-end>

<exclusive-end id="1463" timestamp="2019-06-14T20:40:45.487" durationms="1.723" />

<exclusive-start id="1464" timestamp="2019-06-14T20:40:45.541" intervalms="55.176">
  <response-info timems="0.150" idlems="0.150" threads="0" lastid="0000000001F98700" lastname="main" />
</exclusive-start>
<allocation-taxation id="1465" taxation-threshold="13631488" timestamp="2019-06-14T20:40:45.541" intervalms="55.236" />
<cycle-start id="1466" type="partial gc" contextid="0" timestamp="2019-06-14T20:40:45.541" intervalms="201.360" />
<gc-start id="1467" type="partial gc" contextid="1466" timestamp="2019-06-14T20:40:45.541">
  <mem-info id="1468" free="25165824" total="89128960" percent="28">
    <mem type="eden" free="1048288" total="28311552" percent="3" />
    <remembered-set count="101024" freebytes="3153664" totalbytes="3557760" percent="88" regionsoverflowed="0" regionsstable="0" regionsrebuilding="15"/>
  </mem-info>
</gc-start>
<allocation-stats totalBytes="27225136" >
  <allocated-bytes non-tlh="25864" tlh="27199272" arrayletleaf="0"/>
  <largest-consumer threadName="main" threadId="0000000001F98700" bytes="13606696" />
</allocation-stats>
<gc-op id="1469" type="copy forward" timems="2.211" contextid="1466" timestamp="2019-06-14T20:40:45.544">
  <memory-copied type="eden" objects="1362" bytes="103744" bytesdiscarded="0" />
  <memory-copied type="other" objects="9" bytes="192" bytesdiscarded="0" />
  <memory-cardclean objects="309" bytes="24416" />
  <regions eden="26" other="2" />
  <remembered-set-cleared processed="97879" cleared="123" durationms="0.780" />
  <references type="soft" candidates="11" cleared="0" enqueued="0" dynamicThreshold="13" maxThreshold="32" />
  <references type="weak" candidates="62" cleared="0" enqueued="0" />
  <stringconstants candidates="13787" cleared="0"  />
</gc-op>
<gc-op id="1470" type="classunload" timems="0.004" contextid="1466" timestamp="2019-06-14T20:40:45.545">
  <classunload-info classloadercandidates="54" classloadersunloaded="0" classesunloaded="0" anonymousclassesunloaded="0" quiescems="0.000" setupms="0.004" scanms="0.000" postms="0.000" />
</gc-op>
<heap-resize id="1471" type="contract" space="default" amount="5242880" count="1" timems="0.063" reason="insufficient time being spent in gc" timestamp="2019-06-14T20:40:45.545" />
<gc-end id="1472" type="partial gc" contextid="1466" durationms="3.627" usertimems="4.000" systemtimems="0.000" timestamp="2019-06-14T20:40:45.545" activeThreads="1">
  <mem-info id="1473" free="47185920" total="83886080" percent="56">
    <mem type="eden" free="944792" total="1048576" percent="90" />
    <remembered-set count="101152" freebytes="3153152" totalbytes="3557760" percent="88" regionsoverflowed="0" regionsstable="0" regionsrebuilding="15"/>
  </mem-info>
</gc-end>
<cycle-end id="1474" type="partial gc" contextid="1466" timestamp="2019-06-14T20:40:45.545" />
  <attribute name="elasticGC enabled" value="1" />
  <attribute name= "numThreadsSpecified" value="1" />
  <attribute name="heapSize specified" value="0" />
  <attribute name="Current GC Util" value="61" />
  <attribute name= "Current Time Running" value="15232" />
  <attribute name ="GC Interval" value="0" />
  <attribute name="ProportionalT" value="20.500000" />
  <attribute name="ProportionalI" value="20.500000" />
  <attribute name="ProportionalH" value="20.500000" />
  <attribute name="Current Error" value="41.000000" />
  <attribute name="IntegralT" value="0.000000" />
  <attribute name="IntegralI" value="0.000000" />
  <attribute name="IntegralH" value="0.000000" />
  <attribute name="DerivativeT" value="inf" />
  <attribute name="DerivativeI" value="inf" />
  <attribute name="DerivativeH" value="inf" />
  <attribute name="Loop Time for DT" value="0.000000" />
  <attribute name="Output H" value="8388608"/>
  <attribute name="Output I" value="200"/>
  <attribute name="Output T" value="1"/>
  <attribute name="Target GC Util Change" value ="20.000000" />
  <attribute name="Current GC Util Change" value="61.000000"/>
  <attribute name="GC Util currently" value="61" />
  <attribute name="CPU Util currently" value="14903184093393" />
<exclusive-end id="1475" timestamp="2019-06-14T20:40:45.545" durationms="4.775" />

<exclusive-start id="1476" timestamp="2019-06-14T20:40:45.572" intervalms="31.422">
  <response-info timems="0.112" idlems="0.112" threads="0" lastid="0000000001F98700" lastname="main" />
</exclusive-start>
<allocation-taxation id="1477" taxation-threshold="13631488" timestamp="2019-06-14T20:40:45.572" intervalms="31.396" />
<gc-start id="1478" type="global mark phase" contextid="1374" timestamp="2019-06-14T20:40:45.572">
  <mem-info id="1479" free="33554432" total="83886080" percent="40">
    <remembered-set count="101024" freebytes="3153664" totalbytes="3557760" percent="88" regionsoverflowed="0" regionsstable="0" regionsrebuilding="15"/>
  </mem-info>
</gc-start>
<gc-end id="1480" type="global mark phase" contextid="1374" durationms="0.116" usertimems="0.000" systemtimems="0.000" timestamp="2019-06-14T20:40:45.572" activeThreads="1">
  <mem-info id="1481" free="33554432" total="83886080" percent="40">
    <remembered-set count="101024" freebytes="3153664" totalbytes="3557760" percent="88" regionsoverflowed="0" regionsstable="0" regionsrebuilding="15"/>
  </mem-info>
</gc-end>
<concurrent-start id="1482" type="GMP work packet processing" contextid="1374" timestamp="2019-06-14T20:40:45.573">
  <concurrent-mark-start scanTarget="1048576" />
</concurrent-start>
<concurrent-end id="1483" type="GMP work packet processing" contextid="1374" timestamp="2019-06-14T20:40:45.573">
  <concurrent-mark-end bytesScanned="1099960" reasonForTermination="Work target met" />
</concurrent-end>

<exclusive-end id="1484" timestamp="2019-06-14T20:40:45.573" durationms="1.347" />

<exclusive-start id="1485" timestamp="2019-06-14T20:40:45.756" intervalms="184.051">
  <response-info timems="0.075" idlems="0.075" threads="0" lastid="0000000001F98700" lastname="main" />
</exclusive-start>
<allocation-taxation id="1486" taxation-threshold="13631488" timestamp="2019-06-14T20:40:45.756" intervalms="184.069" />
<cycle-start id="1487" type="partial gc" contextid="0" timestamp="2019-06-14T20:40:45.756" intervalms="215.484" />
<gc-start id="1488" type="partial gc" contextid="1487" timestamp="2019-06-14T20:40:45.757">
  <mem-info id="1489" free="19922944" total="83886080" percent="23">
    <mem type="eden" free="0" total="27262976" percent="0" />
    <remembered-set count="109056" freebytes="3121536" totalbytes="3557760" percent="87" regionsoverflowed="0" regionsstable="0" regionsrebuilding="15"/>
  </mem-info>
</gc-start>
<allocation-stats totalBytes="27229456" >
  <allocated-bytes non-tlh="0" tlh="27229456" arrayletleaf="0"/>
  <largest-consumer threadName="main" threadId="0000000001F98700" bytes="13624792" />
</allocation-stats>
<gc-op id="1490" type="copy forward" timems="3.659" contextid="1487" timestamp="2019-06-14T20:40:45.762">
  <memory-copied type="eden" objects="64" bytes="2032" bytesdiscarded="0" />
  <memory-copied type="other" objects="1340" bytes="97896" bytesdiscarded="3936" />
  <memory-cardclean objects="162179" bytes="5204632" />
  <regions eden="26" other="2" />
  <remembered-set-cleared processed="54758" cleared="22852" durationms="0.247" />
  <references type="soft" candidates="11" cleared="0" enqueued="0" dynamicThreshold="12" maxThreshold="32" />
  <references type="weak" candidates="96" cleared="0" enqueued="0" />
  <stringconstants candidates="13787" cleared="0"  />
</gc-op>
<gc-op id="1491" type="classunload" timems="0.006" contextid="1487" timestamp="2019-06-14T20:40:45.762">
  <classunload-info classloadercandidates="54" classloadersunloaded="0" classesunloaded="0" anonymousclassesunloaded="0" quiescems="0.000" setupms="0.006" scanms="0.000" postms="0.000" />
</gc-op>
<heap-resize id="1492" type="contract" space="default" amount="4194304" count="1" timems="0.111" reason="insufficient time being spent in gc" timestamp="2019-06-14T20:40:45.762" />
<gc-end id="1493" type="partial gc" contextid="1487" durationms="5.284" usertimems="16.000" systemtimems="0.000" timestamp="2019-06-14T20:40:45.762" activeThreads="4">
  <mem-info id="1494" free="41943040" total="79691776" percent="52">
    <mem type="eden" free="1046544" total="1048576" percent="99" />
    <remembered-set count="56480" freebytes="3122560" totalbytes="3348480" percent="93" regionsoverflowed="0" regionsstable="0" regionsrebuilding="15"/>
  </mem-info>
</gc-end>
<cycle-end id="1495" type="partial gc" contextid="1487" timestamp="2019-06-14T20:40:45.762" />
  <attribute name="elasticGC enabled" value="1" />
  <attribute name= "numThreadsSpecified" value="4" />
  <attribute name="heapSize specified" value="0" />
  <attribute name="Current GC Util" value="76" />
  <attribute name= "Current Time Running" value="15448" />
  <attribute name ="GC Interval" value="0" />
  <attribute name="ProportionalT" value="28.000000" />
  <attribute name="ProportionalI" value="28.000000" />
  <attribute name="ProportionalH" value="28.000000" />
  <attribute name="Current Error" value="56.000000" />
  <attribute name="IntegralT" value="56.000000" />
  <attribute name="IntegralI" value="56.000000" />
  <attribute name="IntegralH" value="56.000000" />
  <attribute name="DerivativeT" value="28.000000" />
  <attribute name="DerivativeI" value="28.000000" />
  <attribute name="DerivativeH" value="28.000000" />
  <attribute name="Loop Time for DT" value="1.000000" />
  <attribute name="Output H" value="8388608"/>
  <attribute name="Output I" value="200"/>
  <attribute name="Output T" value="4"/>
  <attribute name="Target GC Util Change" value ="20.000000" />
  <attribute name="Current GC Util Change" value="76.000000"/>
  <attribute name="GC Util currently" value="76" />
  <attribute name="CPU Util currently" value="7425436258421" />
<exclusive-end id="1496" timestamp="2019-06-14T20:40:45.762" durationms="6.274" />

<exclusive-start id="1497" timestamp="2019-06-14T20:40:45.971" intervalms="214.579">
  <response-info timems="0.062" idlems="0.062" threads="0" lastid="0000000001F98700" lastname="main" />
</exclusive-start>
<allocation-taxation id="1498" taxation-threshold="12582912" timestamp="2019-06-14T20:40:45.971" intervalms="214.569" />
<gc-start id="1499" type="global mark phase" contextid="1374" timestamp="2019-06-14T20:40:45.971">
  <mem-info id="1500" free="29360128" total="79691776" percent="36">
    <remembered-set count="56480" freebytes="3122560" totalbytes="3348480" percent="93" regionsoverflowed="0" regionsstable="0" regionsrebuilding="15"/>
  </mem-info>
</gc-start>
<gc-end id="1501" type="global mark phase" contextid="1374" durationms="0.145" usertimems="0.000" systemtimems="0.000" timestamp="2019-06-14T20:40:45.971" activeThreads="4">
  <mem-info id="1502" free="29360128" total="79691776" percent="36">
    <remembered-set count="56480" freebytes="3122560" totalbytes="3348480" percent="93" regionsoverflowed="0" regionsstable="0" regionsrebuilding="15"/>
  </mem-info>
</gc-end>
<concurrent-start id="1503" type="GMP work packet processing" contextid="1374" timestamp="2019-06-14T20:40:45.971">
  <concurrent-mark-start scanTarget="2288568" />
</concurrent-start>
<exclusive-end id="1504" timestamp="2019-06-14T20:40:45.972" durationms="1.237" />

<concurrent-end id="1505" type="GMP work packet processing" contextid="1374" timestamp="2019-06-14T20:40:45.972">
  <concurrent-mark-end bytesScanned="297040" reasonForTermination="Completed all work in GC phase" />
</concurrent-end>

<exclusive-start id="1506" timestamp="2019-06-14T20:40:46.026" intervalms="55.624">
  <response-info timems="0.035" idlems="0.035" threads="0" lastid="0000000001F98700" lastname="main" />
</exclusive-start>
<allocation-taxation id="1507" taxation-threshold="12582912" timestamp="2019-06-14T20:40:46.026" intervalms="55.596" />
<cycle-start id="1508" type="partial gc" contextid="0" timestamp="2019-06-14T20:40:46.027" intervalms="270.419" />
<gc-start id="1509" type="partial gc" contextid="1508" timestamp="2019-06-14T20:40:46.027">
  <mem-info id="1510" free="16777216" total="79691776" percent="21">
    <mem type="eden" free="0" total="25165824" percent="0" />
    <remembered-set count="57792" freebytes="3117312" totalbytes="3348480" percent="93" regionsoverflowed="0" regionsstable="0" regionsrebuilding="15"/>
  </mem-info>
</gc-start>
<allocation-stats totalBytes="25161368" >
  <allocated-bytes non-tlh="0" tlh="25161368" arrayletleaf="0"/>
  <largest-consumer threadName="main" threadId="0000000001F98700" bytes="12580864" />
</allocation-stats>
<gc-op id="1511" type="copy forward" timems="1.562" contextid="1508" timestamp="2019-06-14T20:40:46.030">
  <memory-copied type="eden" objects="5" bytes="240" bytesdiscarded="0" />
  <memory-copied type="other" objects="76" bytes="2256" bytesdiscarded="0" />
  <memory-cardclean objects="62" bytes="10920" />
  <regions eden="24" other="2" />
  <remembered-set-cleared processed="54830" cleared="68" durationms="0.473" />
  <references type="weak" candidates="34" cleared="0" enqueued="0" />
  <stringconstants candidates="13787" cleared="0"  />
</gc-op>
<gc-op id="1512" type="classunload" timems="0.004" contextid="1508" timestamp="2019-06-14T20:40:46.030">
  <classunload-info classloadercandidates="54" classloadersunloaded="0" classesunloaded="0" anonymousclassesunloaded="0" quiescems="0.000" setupms="0.004" scanms="0.000" postms="0.000" />
</gc-op>
<heap-resize id="1513" type="contract" space="default" amount="4194304" count="1" timems="0.145" reason="insufficient time being spent in gc" timestamp="2019-06-14T20:40:46.030" />
<gc-end id="1514" type="partial gc" contextid="1508" durationms="3.037" usertimems="8.000" systemtimems="0.000" timestamp="2019-06-14T20:40:46.030" activeThreads="1">
  <mem-info id="1515" free="36700160" total="75497472" percent="48">
    <mem type="eden" free="1048336" total="1048576" percent="99" />
    <remembered-set count="57216" freebytes="2952192" totalbytes="3181056" percent="92" regionsoverflowed="0" regionsstable="0" regionsrebuilding="15"/>
  </mem-info>
</gc-end>
<cycle-end id="1516" type="partial gc" contextid="1508" timestamp="2019-06-14T20:40:46.030" />
  <attribute name="elasticGC enabled" value="1" />
  <attribute name= "numThreadsSpecified" value="1" />
  <attribute name="heapSize specified" value="0" />
  <attribute name="Current GC Util" value="36" />
  <attribute name= "Current Time Running" value="15718" />
  <attribute name ="GC Interval" value="0" />
  <attribute name="ProportionalT" value="8.000000" />
  <attribute name="ProportionalI" value="8.000000" />
  <attribute name="ProportionalH" value="8.000000" />
  <attribute name="Current Error" value="16.000000" />
  <attribute name="IntegralT" value="0.000000" />
  <attribute name="IntegralI" value="0.000000" />
  <attribute name="IntegralH" value="0.000000" />
  <attribute name="DerivativeT" value="inf" />
  <attribute name="DerivativeI" value="inf" />
  <attribute name="DerivativeH" value="inf" />
  <attribute name="Loop Time for DT" value="0.000000" />
  <attribute name="Output H" value="8388608"/>
  <attribute name="Output I" value="200"/>
  <attribute name="Output T" value="1"/>
  <attribute name="Target GC Util Change" value ="20.000000" />
  <attribute name="Current GC Util Change" value="36.000000"/>
  <attribute name="GC Util currently" value="36" />
  <attribute name="CPU Util currently" value="9646082622579" />
<exclusive-end id="1517" timestamp="2019-06-14T20:40:46.030" durationms="4.226" />

<exclusive-start id="1518" timestamp="2019-06-14T20:40:46.060" intervalms="33.825">
  <response-info timems="0.029" idlems="0.029" threads="0" lastid="0000000001F98700" lastname="main" />
</exclusive-start>
<allocation-taxation id="1519" taxation-threshold="12582912" timestamp="2019-06-14T20:40:46.060" intervalms="33.847" />
<gc-start id="1520" type="global mark phase" contextid="1374" timestamp="2019-06-14T20:40:46.060">
  <mem-info id="1521" free="24117248" total="75497472" percent="31">
    <remembered-set count="56928" freebytes="2953344" totalbytes="3181056" percent="92" regionsoverflowed="0" regionsstable="0" regionsrebuilding="15"/>
  </mem-info>
</gc-start>
<gc-op id="1522" type="mark increment" timems="5.957" contextid="1374" timestamp="2019-06-14T20:40:46.066">
  <trace-info objectcount="1421" scancount="948" scanbytes="371932" />
  <cardclean-info objects="368097" bytes="9297852" />
  <finalization candidates="80" enqueued="0" />
  <ownableSynchronizers candidates="22" cleared="0" />
  <references type="soft" candidates="4599" cleared="0" enqueued="0" dynamicThreshold="15" maxThreshold="32" />
  <references type="weak" candidates="5725" cleared="10" enqueued="7" />
  <references type="phantom" candidates="101" cleared="0" enqueued="0" />
  <stringconstants candidates="13787" cleared="0"  />
</gc-op>
<gc-op id="1523" type="classunload" timems="0.008" contextid="1374" timestamp="2019-06-14T20:40:46.067">
  <classunload-info classloadercandidates="54" classloadersunloaded="0" classesunloaded="0" anonymousclassesunloaded="0" quiescems="0.000" setupms="0.008" scanms="0.000" postms="0.000" />
</gc-op>
<gc-end id="1524" type="global mark phase" contextid="1374" durationms="6.256" usertimems="12.000" systemtimems="4.000" timestamp="2019-06-14T20:40:46.067" activeThreads="4">
  <mem-info id="1525" free="24117248" total="75497472" percent="31">
    <pending-finalizers system="0" default="0" reference="7" classloader="0" />
    <remembered-set count="82528" freebytes="2850944" totalbytes="3181056" percent="89" regionsoverflowed="0" regionsstable="0" regionsrebuilding="0"/>
  </mem-info>
</gc-end>
<cycle-end id="1526" type="global mark phase" contextid="1374" timestamp="2019-06-14T20:40:46.067" />
  <attribute name="elasticGC enabled" value="1" />
  <attribute name= "numThreadsSpecified" value="4" />
  <attribute name="heapSize specified" value="0" />
  <attribute name="Current GC Util" value="101" />
  <attribute name= "Current Time Running" value="15755" />
  <attribute name ="GC Interval" value="0" />
  <attribute name="ProportionalT" value="40.500000" />
  <attribute name="ProportionalI" value="40.500000" />
  <attribute name="ProportionalH" value="40.500000" />
  <attribute name="Current Error" value="81.000000" />
  <attribute name="IntegralT" value="0.000000" />
  <attribute name="IntegralI" value="0.000000" />
  <attribute name="IntegralH" value="0.000000" />
  <attribute name="DerivativeT" value="-inf" />
  <attribute name="DerivativeI" value="-inf" />
  <attribute name="DerivativeH" value="-inf" />
  <attribute name="Loop Time for DT" value="0.000000" />
  <attribute name="Output H" value="2091843584"/>
  <attribute name="Output I" value="200"/>
  <attribute name="Output T" value="4"/>
  <attribute name="Target GC Util Change" value ="20.000000" />
  <attribute name="Current GC Util Change" value="101.000000"/>
  <attribute name="GC Util currently" value="101" />
  <attribute name="CPU Util currently" value="10687965242244" />
<exclusive-end id="1527" timestamp="2019-06-14T20:40:46.067" durationms="6.836" />

<exclusive-start id="1528" timestamp="2019-06-14T20:40:46.092" intervalms="31.529">
  <response-info timems="0.062" idlems="0.062" threads="0" lastid="0000000001F98700" lastname="main" />
</exclusive-start>
<allocation-taxation id="1529" taxation-threshold="12582912" timestamp="2019-06-14T20:40:46.092" intervalms="31.577" />
<cycle-start id="1530" type="partial gc" contextid="0" timestamp="2019-06-14T20:40:46.092" intervalms="65.188" />
<gc-start id="1531" type="partial gc" contextid="1530" timestamp="2019-06-14T20:40:46.092">
  <mem-info id="1532" free="11534336" total="75497472" percent="15">
    <mem type="eden" free="1048336" total="26214400" percent="3" />
    <remembered-set count="52576" freebytes="2970752" totalbytes="3181056" percent="93" regionsoverflowed="0" regionsstable="14" regionsrebuilding="0"/>
  </mem-info>
</gc-start>
<allocation-stats totalBytes="25161360" >
  <allocated-bytes non-tlh="0" tlh="25161360" arrayletleaf="0"/>
  <largest-consumer threadName="main" threadId="0000000001F98700" bytes="12580824" />
</allocation-stats>
<gc-op id="1533" type="sweep" timems="0.920" contextid="1530" timestamp="2019-06-14T20:40:46.094" />
<gc-op id="1534" type="copy forward" timems="1.610" contextid="1530" timestamp="2019-06-14T20:40:46.096">
  <memory-copied type="eden" objects="1" bytes="24" bytesdiscarded="0" />
  <memory-copied type="other" objects="0" bytes="0" bytesdiscarded="0" />
  <memory-cardclean objects="5678" bytes="165632" />
  <regions eden="12" other="1" />
  <remembered-set-cleared processed="50084" cleared="621" durationms="0.320" />
  <stringconstants candidates="13787" cleared="0"  />
</gc-op>
<gc-op id="1535" type="classunload" timems="0.004" contextid="1530" timestamp="2019-06-14T20:40:46.096">
  <classunload-info classloadercandidates="54" classloadersunloaded="0" classesunloaded="0" anonymousclassesunloaded="0" quiescems="0.000" setupms="0.004" scanms="0.000" postms="0.000" />
</gc-op>
<gc-end id="1536" type="partial gc" contextid="1530" durationms="4.085" usertimems="0.000" systemtimems="4.000" timestamp="2019-06-14T20:40:46.096" activeThreads="4">
  <mem-info id="1537" free="36700160" total="75497472" percent="48">
    <mem type="eden" free="1048552" total="1048576" percent="99" />
    <remembered-set count="52608" freebytes="2803200" totalbytes="3013632" percent="93" regionsoverflowed="0" regionsstable="14" regionsrebuilding="0"/>
  </mem-info>
</gc-end>
<cycle-end id="1538" type="partial gc" contextid="1530" timestamp="2019-06-14T20:40:46.097" />
  <attribute name="elasticGC enabled" value="1" />
  <attribute name= "numThreadsSpecified" value="4" />
  <attribute name="heapSize specified" value="0" />
  <attribute name="Current GC Util" value="42" />
  <attribute name= "Current Time Running" value="15785" />
  <attribute name ="GC Interval" value="0" />
  <attribute name="ProportionalT" value="11.000000" />
  <attribute name="ProportionalI" value="11.000000" />
  <attribute name="ProportionalH" value="11.000000" />
  <attribute name="Current Error" value="22.000000" />
  <attribute name="IntegralT" value="22.000000" />
  <attribute name="IntegralI" value="22.000000" />
  <attribute name="IntegralH" value="22.000000" />
  <attribute name="DerivativeT" value="11.000000" />
  <attribute name="DerivativeI" value="11.000000" />
  <attribute name="DerivativeH" value="11.000000" />
  <attribute name="Loop Time for DT" value="1.000000" />
  <attribute name="Output H" value="8388608"/>
  <attribute name="Output I" value="200"/>
  <attribute name="Output T" value="4"/>
  <attribute name="Target GC Util Change" value ="20.000000" />
  <attribute name="Current GC Util Change" value="42.000000"/>
  <attribute name="GC Util currently" value="42" />
  <attribute name="CPU Util currently" value="10608478606626" />
<exclusive-end id="1539" timestamp="2019-06-14T20:40:46.097" durationms="5.101" />

<exclusive-start id="1540" timestamp="2019-06-14T20:40:46.143" intervalms="51.195">
  <response-info timems="0.154" idlems="0.154" threads="0" lastid="0000000001F98700" lastname="main" />
</exclusive-start>
<allocation-taxation id="1541" taxation-threshold="25165824" timestamp="2019-06-14T20:40:46.143" intervalms="51.149" />
<cycle-start id="1542" type="partial gc" contextid="0" timestamp="2019-06-14T20:40:46.143" intervalms="51.147" />
<gc-start id="1543" type="partial gc" contextid="1542" timestamp="2019-06-14T20:40:46.144">
  <mem-info id="1544" free="11534336" total="75497472" percent="15">
    <mem type="eden" free="1048552" total="26214400" percent="3" />
    <remembered-set count="52256" freebytes="2804608" totalbytes="3013632" percent="93" regionsoverflowed="0" regionsstable="14" regionsrebuilding="0"/>
  </mem-info>
</gc-start>
<allocation-stats totalBytes="25161360" >
  <allocated-bytes non-tlh="0" tlh="25161360" arrayletleaf="0"/>
  <largest-consumer threadName="main" threadId="0000000001F98700" bytes="25161360" />
</allocation-stats>
<gc-op id="1545" type="copy forward" timems="3.323" contextid="1542" timestamp="2019-06-14T20:40:46.148">
  <memory-copied type="eden" objects="5" bytes="240" bytesdiscarded="0" />
  <memory-copied type="other" objects="14292" bytes="575656" bytesdiscarded="0" />
  <memory-cardclean objects="6474" bytes="363496" />
  <regions eden="24" other="6" />
  <remembered-set-cleared processed="49624" cleared="1606" durationms="0.484" />
  <finalization candidates="7" enqueued="0" />
  <references type="soft" candidates="45" cleared="0" enqueued="0" dynamicThreshold="15" maxThreshold="32" />
  <references type="weak" candidates="174" cleared="0" enqueued="0" />
  <references type="phantom" candidates="51" cleared="0" enqueued="0" />
  <stringconstants candidates="13787" cleared="0"  />
</gc-op>
<gc-op id="1546" type="classunload" timems="0.006" contextid="1542" timestamp="2019-06-14T20:40:46.148">
  <classunload-info classloadercandidates="54" classloadersunloaded="0" classesunloaded="0" anonymousclassesunloaded="0" quiescems="0.000" setupms="0.005" scanms="0.000" postms="0.000" />
</gc-op>
<heap-resize id="1547" type="expand" space="default" amount="13631488" count="1" timems="0.091" reason="excessive time being spent in gc" timestamp="2019-06-14T20:40:46.148" />
<gc-end id="1548" type="partial gc" contextid="1542" durationms="4.779" usertimems="8.000" systemtimems="0.000" timestamp="2019-06-14T20:40:46.148" activeThreads="1">
  <mem-info id="1549" free="53477376" total="89128960" percent="60">
    <mem type="eden" free="1048336" total="1048576" percent="99" />
    <remembered-set count="51968" freebytes="3349888" totalbytes="3557760" percent="94" regionsoverflowed="0" regionsstable="14" regionsrebuilding="0"/>
  </mem-info>
</gc-end>
<cycle-end id="1550" type="partial gc" contextid="1542" timestamp="2019-06-14T20:40:46.149" />
  <attribute name="elasticGC enabled" value="1" />
  <attribute name= "numThreadsSpecified" value="1" />
  <attribute name="heapSize specified" value="0" />
  <attribute name="Current GC Util" value="52" />
  <attribute name= "Current Time Running" value="15834" />
  <attribute name ="GC Interval" value="0" />
  <attribute name="ProportionalT" value="16.000000" />
  <attribute name="ProportionalI" value="16.000000" />
  <attribute name="ProportionalH" value="16.000000" />
  <attribute name="Current Error" value="32.000000" />
  <attribute name="IntegralT" value="0.000000" />
  <attribute name="IntegralI" value="0.000000" />
  <attribute name="IntegralH" value="0.000000" />
  <attribute name="DerivativeT" value="inf" />
  <attribute name="DerivativeI" value="inf" />
  <attribute name="DerivativeH" value="inf" />
  <attribute name="Loop Time for DT" value="0.000000" />
  <attribute name="Output H" value="8388608"/>
  <attribute name="Output I" value="200"/>
  <attribute name="Output T" value="1"/>
  <attribute name="Target GC Util Change" value ="20.000000" />
  <attribute name="Current GC Util Change" value="52.000000"/>
  <attribute name="GC Util currently" value="52" />
  <attribute name="CPU Util currently" value="17600242704100" />
<exclusive-end id="1551" timestamp="2019-06-14T20:40:46.149" durationms="5.953" />

<exclusive-start id="1552" timestamp="2019-06-14T20:40:46.174" intervalms="31.437">
  <response-info timems="0.060" idlems="0.060" threads="0" lastid="0000000001F98700" lastname="main" />
</exclusive-start>
<allocation-taxation id="1553" taxation-threshold="13631488" timestamp="2019-06-14T20:40:46.174" intervalms="31.464" />
<cycle-start id="1554" type="global mark phase" contextid="0" timestamp="2019-06-14T20:40:46.175" intervalms="1031.749" />
<gc-start id="1555" type="global mark phase" contextid="1554" timestamp="2019-06-14T20:40:46.175">
  <mem-info id="1556" free="39845888" total="89128960" percent="44">
    <remembered-set count="51808" freebytes="3350528" totalbytes="3557760" percent="94" regionsoverflowed="0" regionsstable="14" regionsrebuilding="0"/>
  </mem-info>
</gc-start>
<gc-op id="1557" type="mark increment" timems="0.606" contextid="1554" timestamp="2019-06-14T20:40:46.176">
  <trace-info objectcount="182" scancount="0" scanbytes="0" />
</gc-op>
<gc-end id="1558" type="global mark phase" contextid="1554" durationms="0.918" usertimems="0.000" systemtimems="0.000" timestamp="2019-06-14T20:40:46.176" activeThreads="1">
  <mem-info id="1559" free="39845888" total="89128960" percent="44">
    <remembered-set count="51808" freebytes="3350528" totalbytes="3557760" percent="94" regionsoverflowed="0" regionsstable="0" regionsrebuilding="14"/>
  </mem-info>
</gc-end>
<concurrent-start id="1560" type="GMP work packet processing" contextid="1554" timestamp="2019-06-14T20:40:46.176">
  <concurrent-mark-start scanTarget="1048576" />
</concurrent-start>
<exclusive-end id="1561" timestamp="2019-06-14T20:40:46.177" durationms="2.904" />

<concurrent-end id="1562" type="GMP work packet processing" contextid="1554" timestamp="2019-06-14T20:40:46.177">
  <concurrent-mark-end bytesScanned="1105788" reasonForTermination="Work target met" />
</concurrent-end>

<exclusive-start id="1563" timestamp="2019-06-14T20:40:46.202" intervalms="28.199">
  <response-info timems="0.066" idlems="0.066" threads="0" lastid="0000000001F98700" lastname="main" />
</exclusive-start>
<allocation-taxation id="1564" taxation-threshold="13631488" timestamp="2019-06-14T20:40:46.203" intervalms="28.115" />
<cycle-start id="1565" type="partial gc" contextid="0" timestamp="2019-06-14T20:40:46.203" intervalms="59.567" />
<gc-start id="1566" type="partial gc" contextid="1565" timestamp="2019-06-14T20:40:46.203">
  <mem-info id="1567" free="26214400" total="89128960" percent="29">
    <mem type="eden" free="1048336" total="28311552" percent="3" />
    <remembered-set count="53152" freebytes="3345152" totalbytes="3557760" percent="94" regionsoverflowed="0" regionsstable="0" regionsrebuilding="14"/>
  </mem-info>
</gc-start>
<allocation-stats totalBytes="27255184" >
  <allocated-bytes non-tlh="0" tlh="27255184" arrayletleaf="0"/>
  <largest-consumer threadName="main" threadId="0000000001F98700" bytes="13626376" />
</allocation-stats>
<gc-op id="1568" type="copy forward" timems="3.447" contextid="1565" timestamp="2019-06-14T20:40:46.207">
  <memory-copied type="eden" objects="24" bytes="1296" bytesdiscarded="696" />
  <memory-copied type="other" objects="35471" bytes="946256" bytesdiscarded="63920" />
  <memory-cardclean objects="23172" bytes="1041888" />
  <regions eden="26" other="4" />
  <remembered-set-cleared processed="48905" cleared="8628" durationms="0.347" />
  <references type="soft" candidates="86" cleared="0" enqueued="0" dynamicThreshold="14" maxThreshold="32" />
  <references type="weak" candidates="9" cleared="0" enqueued="0" />
  <stringconstants candidates="13787" cleared="0"  />
</gc-op>
<gc-op id="1569" type="classunload" timems="0.006" contextid="1565" timestamp="2019-06-14T20:40:46.207">
  <classunload-info classloadercandidates="54" classloadersunloaded="0" classesunloaded="0" anonymousclassesunloaded="0" quiescems="0.000" setupms="0.006" scanms="0.000" postms="0.000" />
</gc-op>
<gc-end id="1570" type="partial gc" contextid="1565" durationms="4.372" usertimems="12.000" systemtimems="0.000" timestamp="2019-06-14T20:40:46.207" activeThreads="4">
  <mem-info id="1571" free="54525952" total="89128960" percent="61">
    <mem type="eden" free="1046584" total="1048576" percent="99" />
    <remembered-set count="53408" freebytes="3344128" totalbytes="3557760" percent="93" regionsoverflowed="0" regionsstable="0" regionsrebuilding="14"/>
  </mem-info>
</gc-end>
<cycle-end id="1572" type="partial gc" contextid="1565" timestamp="2019-06-14T20:40:46.207" />
  <attribute name="elasticGC enabled" value="1" />
  <attribute name= "numThreadsSpecified" value="4" />
  <attribute name="heapSize specified" value="0" />
  <attribute name="Current GC Util" value="63" />
  <attribute name= "Current Time Running" value="15894" />
  <attribute name ="GC Interval" value="0" />
  <attribute name="ProportionalT" value="21.500000" />
  <attribute name="ProportionalI" value="21.500000" />
  <attribute name="ProportionalH" value="21.500000" />
  <attribute name="Current Error" value="43.000000" />
  <attribute name="IntegralT" value="43.000000" />
  <attribute name="IntegralI" value="43.000000" />
  <attribute name="IntegralH" value="43.000000" />
  <attribute name="DerivativeT" value="21.500000" />
  <attribute name="DerivativeI" value="21.500000" />
  <attribute name="DerivativeH" value="21.500000" />
  <attribute name="Loop Time for DT" value="1.000000" />
  <attribute name="Output H" value="8388608"/>
  <attribute name="Output I" value="200"/>
  <attribute name="Output T" value="4"/>
  <attribute name="Target GC Util Change" value ="20.000000" />
  <attribute name="Current GC Util Change" value="63.000000"/>
  <attribute name="GC Util currently" value="63" />
  <attribute name="CPU Util currently" value="18742119785134" />
<exclusive-end id="1573" timestamp="2019-06-14T20:40:46.208" durationms="5.178" />

<exclusive-start id="1574" timestamp="2019-06-14T20:40:46.221" intervalms="18.639">
  <response-info timems="0.057" idlems="0.057" threads="0" lastid="0000000001F98700" lastname="main" />
</exclusive-start>
<allocation-taxation id="1575" taxation-threshold="13631488" timestamp="2019-06-14T20:40:46.221" intervalms="18.671" />
<gc-start id="1576" type="global mark phase" contextid="1554" timestamp="2019-06-14T20:40:46.221">
  <mem-info id="1577" free="40894464" total="89128960" percent="45">
    <remembered-set count="50080" freebytes="3357440" totalbytes="3557760" percent="94" regionsoverflowed="0" regionsstable="1" regionsrebuilding="14"/>
  </mem-info>
</gc-start>
<gc-end id="1578" type="global mark phase" contextid="1554" durationms="0.135" usertimems="0.000" systemtimems="0.000" timestamp="2019-06-14T20:40:46.221" activeThreads="4">
  <mem-info id="1579" free="40894464" total="89128960" percent="45">
    <remembered-set count="50080" freebytes="3357440" totalbytes="3557760" percent="94" regionsoverflowed="0" regionsstable="1" regionsrebuilding="14"/>
  </mem-info>
</gc-end>
<concurrent-start id="1580" type="GMP work packet processing" contextid="1554" timestamp="2019-06-14T20:40:46.222">
  <concurrent-mark-start scanTarget="2523957" />
</concurrent-start>
<exclusive-end id="1581" timestamp="2019-06-14T20:40:46.222" durationms="0.732" />

<concurrent-end id="1582" type="GMP work packet processing" contextid="1554" timestamp="2019-06-14T20:40:46.223">
  <concurrent-mark-end bytesScanned="2559928" reasonForTermination="Work target met" />
</concurrent-end>

<exclusive-start id="1583" timestamp="2019-06-14T20:40:46.234" intervalms="13.418">
  <response-info timems="0.071" idlems="0.071" threads="0" lastid="0000000001F98700" lastname="main" />
</exclusive-start>
<allocation-taxation id="1584" taxation-threshold="13631488" timestamp="2019-06-14T20:40:46.235" intervalms="13.375" />
<cycle-start id="1585" type="partial gc" contextid="0" timestamp="2019-06-14T20:40:46.235" intervalms="31.991" />
<gc-start id="1586" type="partial gc" contextid="1585" timestamp="2019-06-14T20:40:46.235">
  <mem-info id="1587" free="27262976" total="89128960" percent="30">
    <mem type="eden" free="0" total="27262976" percent="0" />
    <remembered-set count="54400" freebytes="3340160" totalbytes="3557760" percent="93" regionsoverflowed="0" regionsstable="1" regionsrebuilding="14"/>
  </mem-info>
</gc-start>
<allocation-stats totalBytes="27223088" >
  <allocated-bytes non-tlh="0" tlh="27223088" arrayletleaf="0"/>
  <largest-consumer threadName="main" threadId="0000000001F98700" bytes="13612680" />
</allocation-stats>
<gc-op id="1588" type="copy forward" timems="5.308" contextid="1585" timestamp="2019-06-14T20:40:46.241">
  <memory-copied type="eden" objects="3" bytes="64" bytesdiscarded="0" />
  <memory-copied type="other" objects="26403" bytes="972776" bytesdiscarded="77896" />
  <memory-cardclean objects="196133" bytes="6462112" />
  <regions eden="26" other="4" />
  <remembered-set-cleared processed="19248" cleared="9719" durationms="0.197" />
  <finalization candidates="36" enqueued="0" />
  <ownableSynchronizers candidates="1" cleared="0" />
  <references type="soft" candidates="389" cleared="0" enqueued="0" dynamicThreshold="14" maxThreshold="32" />
  <references type="weak" candidates="932" cleared="0" enqueued="0" />
  <references type="phantom" candidates="8" cleared="0" enqueued="0" />
  <stringconstants candidates="13787" cleared="0"  />
</gc-op>
<gc-op id="1589" type="classunload" timems="0.005" contextid="1585" timestamp="2019-06-14T20:40:46.241">
  <classunload-info classloadercandidates="54" classloadersunloaded="0" classesunloaded="0" anonymousclassesunloaded="0" quiescems="0.000" setupms="0.005" scanms="0.000" postms="0.000" />
</gc-op>
<gc-end id="1590" type="partial gc" contextid="1585" durationms="6.497" usertimems="16.000" systemtimems="0.000" timestamp="2019-06-14T20:40:46.241" activeThreads="4">
  <mem-info id="1591" free="54525952" total="89128960" percent="61">
    <mem type="eden" free="1048512" total="1048576" percent="99" />
    <remembered-set count="40032" freebytes="3397632" totalbytes="3557760" percent="95" regionsoverflowed="0" regionsstable="1" regionsrebuilding="14"/>
  </mem-info>
</gc-end>
<cycle-end id="1592" type="partial gc" contextid="1585" timestamp="2019-06-14T20:40:46.242" />
  <attribute name="elasticGC enabled" value="1" />
  <attribute name= "numThreadsSpecified" value="4" />
  <attribute name="heapSize specified" value="0" />
  <attribute name="Current GC Util" value="37" />
  <attribute name= "Current Time Running" value="15926" />
  <attribute name ="GC Interval" value="0" />
  <attribute name="ProportionalT" value="8.500000" />
  <attribute name="ProportionalI" value="8.500000" />
  <attribute name="ProportionalH" value="8.500000" />
  <attribute name="Current Error" value="17.000000" />
  <attribute name="IntegralT" value="17.000000" />
  <attribute name="IntegralI" value="17.000000" />
  <attribute name="IntegralH" value="17.000000" />
  <attribute name="DerivativeT" value="3.000000" />
  <attribute name="DerivativeI" value="3.000000" />
  <attribute name="DerivativeH" value="3.000000" />
  <attribute name="Loop Time for DT" value="1.000000" />
  <attribute name="Output H" value="8388608"/>
  <attribute name="Output I" value="200"/>
  <attribute name="Output T" value="4"/>
  <attribute name="Target GC Util Change" value ="20.000000" />
  <attribute name="Current GC Util Change" value="37.000000"/>
  <attribute name="GC Util currently" value="37" />
  <attribute name="CPU Util currently" value="11460851008035" />
<exclusive-end id="1593" timestamp="2019-06-14T20:40:46.242" durationms="7.247" />

<exclusive-start id="1594" timestamp="2019-06-14T20:40:46.251" intervalms="16.754">
  <response-info timems="0.072" idlems="0.072" threads="0" lastid="0000000001F98700" lastname="main" />
</exclusive-start>
<allocation-taxation id="1595" taxation-threshold="13631488" timestamp="2019-06-14T20:40:46.251" intervalms="16.782" />
<gc-start id="1596" type="global mark phase" contextid="1554" timestamp="2019-06-14T20:40:46.252">
  <mem-info id="1597" free="40894464" total="89128960" percent="45">
    <remembered-set count="39616" freebytes="3399296" totalbytes="3557760" percent="95" regionsoverflowed="0" regionsstable="1" regionsrebuilding="14"/>
  </mem-info>
</gc-start>
<gc-end id="1598" type="global mark phase" contextid="1554" durationms="0.138" usertimems="0.000" systemtimems="0.000" timestamp="2019-06-14T20:40:46.252" activeThreads="4">
  <mem-info id="1599" free="40894464" total="89128960" percent="45">
    <remembered-set count="39616" freebytes="3399296" totalbytes="3557760" percent="95" regionsoverflowed="0" regionsstable="1" regionsrebuilding="14"/>
  </mem-info>
</gc-end>
<concurrent-start id="1600" type="GMP work packet processing" contextid="1554" timestamp="2019-06-14T20:40:46.252">
  <concurrent-mark-start scanTarget="2523957" />
</concurrent-start>
<exclusive-end id="1601" timestamp="2019-06-14T20:40:46.252" durationms="0.788" />

<concurrent-end id="1602" type="GMP work packet processing" contextid="1554" timestamp="2019-06-14T20:40:46.253">
  <concurrent-mark-end bytesScanned="2572904" reasonForTermination="Work target met" />
</concurrent-end>

<exclusive-start id="1603" timestamp="2019-06-14T20:40:46.262" intervalms="10.928">
  <response-info timems="0.074" idlems="0.074" threads="0" lastid="0000000001F98700" lastname="main" />
</exclusive-start>
<allocation-taxation id="1604" taxation-threshold="13631488" timestamp="2019-06-14T20:40:46.262" intervalms="10.962" />
<cycle-start id="1605" type="partial gc" contextid="0" timestamp="2019-06-14T20:40:46.263" intervalms="27.796" />
<gc-start id="1606" type="partial gc" contextid="1605" timestamp="2019-06-14T20:40:46.263">
  <mem-info id="1607" free="27262976" total="89128960" percent="30">
    <mem type="eden" free="1048512" total="28311552" percent="3" />
    <remembered-set count="45408" freebytes="3376128" totalbytes="3557760" percent="94" regionsoverflowed="0" regionsstable="1" regionsrebuilding="14"/>
  </mem-info>
</gc-start>
<allocation-stats totalBytes="27225744" >
  <allocated-bytes non-tlh="0" tlh="27225744" arrayletleaf="0"/>
  <largest-consumer threadName="main" threadId="0000000001F98700" bytes="13612680" />
</allocation-stats>
<gc-op id="1608" type="copy forward" timems="5.138" contextid="1605" timestamp="2019-06-14T20:40:46.269">
  <memory-copied type="eden" objects="2" bytes="40" bytesdiscarded="0" />
  <memory-copied type="other" objects="20712" bytes="981952" bytesdiscarded="102296" />
  <memory-cardclean objects="136016" bytes="3636504" />
  <regions eden="26" other="4" />
  <remembered-set-cleared processed="31458" cleared="14223" durationms="0.200" />
  <finalization candidates="19" enqueued="0" />
  <references type="soft" candidates="439" cleared="0" enqueued="0" dynamicThreshold="14" maxThreshold="32" />
  <references type="weak" candidates="1176" cleared="0" enqueued="0" />
  <references type="phantom" candidates="9" cleared="0" enqueued="0" />
  <stringconstants candidates="13787" cleared="0"  />
</gc-op>
<gc-op id="1609" type="classunload" timems="0.006" contextid="1605" timestamp="2019-06-14T20:40:46.269">
  <classunload-info classloadercandidates="54" classloadersunloaded="0" classesunloaded="0" anonymousclassesunloaded="0" quiescems="0.000" setupms="0.006" scanms="0.000" postms="0.000" />
</gc-op>
<heap-resize id="1610" type="contract" space="default" amount="2097152" count="1" timems="0.085" reason="excess free space following gc" timestamp="2019-06-14T20:40:46.269" />
<gc-end id="1611" type="partial gc" contextid="1605" durationms="6.312" usertimems="8.000" systemtimems="4.000" timestamp="2019-06-14T20:40:46.269" activeThreads="4">
  <mem-info id="1612" free="53477376" total="87031808" percent="61">
    <mem type="eden" free="1048536" total="1048576" percent="99" />
    <remembered-set count="44352" freebytes="3380352" totalbytes="3557760" percent="95" regionsoverflowed="0" regionsstable="1" regionsrebuilding="14"/>
  </mem-info>
</gc-end>
<cycle-end id="1613" type="partial gc" contextid="1605" timestamp="2019-06-14T20:40:46.269" />
  <attribute name="elasticGC enabled" value="1" />
  <attribute name= "numThreadsSpecified" value="4" />
  <attribute name="heapSize specified" value="0" />
  <attribute name="Current GC Util" value="63" />
  <attribute name= "Current Time Running" value="15954" />
  <attribute name ="GC Interval" value="0" />
  <attribute name="ProportionalT" value="21.500000" />
  <attribute name="ProportionalI" value="21.500000" />
  <attribute name="ProportionalH" value="21.500000" />
  <attribute name="Current Error" value="43.000000" />
  <attribute name="IntegralT" value="43.000000" />
  <attribute name="IntegralI" value="43.000000" />
  <attribute name="IntegralH" value="43.000000" />
  <attribute name="DerivativeT" value="17.000000" />
  <attribute name="DerivativeI" value="17.000000" />
  <attribute name="DerivativeH" value="17.000000" />
  <attribute name="Loop Time for DT" value="1.000000" />
  <attribute name="Output H" value="8388608"/>
  <attribute name="Output I" value="200"/>
  <attribute name="Output T" value="4"/>
  <attribute name="Target GC Util Change" value ="20.000000" />
  <attribute name="Current GC Util Change" value="63.000000"/>
  <attribute name="GC Util currently" value="63" />
  <attribute name="CPU Util currently" value="17732888801183" />
<exclusive-end id="1614" timestamp="2019-06-14T20:40:46.270" durationms="7.343" />

<exclusive-start id="1615" timestamp="2019-06-14T20:40:46.279" intervalms="16.491">
  <response-info timems="0.090" idlems="0.090" threads="0" lastid="0000000001F98700" lastname="main" />
</exclusive-start>
<allocation-taxation id="1616" taxation-threshold="13631488" timestamp="2019-06-14T20:40:46.279" intervalms="16.463" />
<gc-start id="1617" type="global mark phase" contextid="1554" timestamp="2019-06-14T20:40:46.279">
  <mem-info id="1618" free="39845888" total="87031808" percent="45">
    <remembered-set count="29120" freebytes="3441280" totalbytes="3557760" percent="96" regionsoverflowed="0" regionsstable="2" regionsrebuilding="14"/>
  </mem-info>
</gc-start>
<gc-end id="1619" type="global mark phase" contextid="1554" durationms="0.180" usertimems="0.000" systemtimems="0.000" timestamp="2019-06-14T20:40:46.279" activeThreads="4">
  <mem-info id="1620" free="39845888" total="87031808" percent="45">
    <remembered-set count="29120" freebytes="3441280" totalbytes="3557760" percent="96" regionsoverflowed="0" regionsstable="2" regionsrebuilding="14"/>
  </mem-info>
</gc-end>
<concurrent-start id="1621" type="GMP work packet processing" contextid="1554" timestamp="2019-06-14T20:40:46.279">
  <concurrent-mark-start scanTarget="2523957" />
</concurrent-start>
<exclusive-end id="1622" timestamp="2019-06-14T20:40:46.281" durationms="2.031" />

<concurrent-end id="1623" type="GMP work packet processing" contextid="1554" timestamp="2019-06-14T20:40:46.281">
  <concurrent-mark-end bytesScanned="2571680" reasonForTermination="Work target met" />
</concurrent-end>

<exclusive-start id="1624" timestamp="2019-06-14T20:40:46.290" intervalms="11.117">
  <response-info timems="0.080" idlems="0.080" threads="0" lastid="0000000001F98700" lastname="main" />
</exclusive-start>
<allocation-taxation id="1625" taxation-threshold="13631488" timestamp="2019-06-14T20:40:46.290" intervalms="11.146" />
<cycle-start id="1626" type="partial gc" contextid="0" timestamp="2019-06-14T20:40:46.290" intervalms="27.605" />
<gc-start id="1627" type="partial gc" contextid="1626" timestamp="2019-06-14T20:40:46.290">
  <mem-info id="1628" free="26214400" total="87031808" percent="30">
    <mem type="eden" free="1048536" total="28311552" percent="3" />
    <remembered-set count="35008" freebytes="3417728" totalbytes="3557760" percent="96" regionsoverflowed="0" regionsstable="2" regionsrebuilding="14"/>
  </mem-info>
</gc-start>
<allocation-stats totalBytes="27225384" >
  <allocated-bytes non-tlh="0" tlh="27225384" arrayletleaf="0"/>
  <largest-consumer threadName="main" threadId="0000000001F98700" bytes="13612680" />
</allocation-stats>
<gc-op id="1629" type="copy forward" timems="2.515" contextid="1626" timestamp="2019-06-14T20:40:46.294">
  <memory-copied type="eden" objects="2" bytes="40" bytesdiscarded="0" />
  <memory-copied type="other" objects="9" bytes="224" bytesdiscarded="0" />
  <memory-cardclean objects="17011" bytes="479088" />
  <regions eden="26" other="2" />
  <remembered-set-cleared processed="31532" cleared="1997" durationms="0.379" />
  <references type="weak" candidates="2" cleared="0" enqueued="0" />
  <stringconstants candidates="13787" cleared="0"  />
</gc-op>
<gc-op id="1630" type="classunload" timems="0.007" contextid="1626" timestamp="2019-06-14T20:40:46.294">
  <classunload-info classloadercandidates="54" classloadersunloaded="0" classesunloaded="0" anonymousclassesunloaded="0" quiescems="0.000" setupms="0.007" scanms="0.000" postms="0.000" />
</gc-op>
<gc-end id="1631" type="partial gc" contextid="1626" durationms="3.940" usertimems="8.000" systemtimems="0.000" timestamp="2019-06-14T20:40:46.294" activeThreads="1">
  <mem-info id="1632" free="53477376" total="87031808" percent="61">
    <mem type="eden" free="1048536" total="1048576" percent="99" />
    <remembered-set count="33824" freebytes="3338752" totalbytes="3474048" percent="96" regionsoverflowed="0" regionsstable="2" regionsrebuilding="14"/>
  </mem-info>
</gc-end>
<cycle-end id="1633" type="partial gc" contextid="1626" timestamp="2019-06-14T20:40:46.295" />
  <attribute name="elasticGC enabled" value="1" />
  <attribute name= "numThreadsSpecified" value="1" />
  <attribute name="heapSize specified" value="0" />
  <attribute name="Current GC Util" value="34" />
  <attribute name= "Current Time Running" value="15981" />
  <attribute name ="GC Interval" value="0" />
  <attribute name="ProportionalT" value="7.000000" />
  <attribute name="ProportionalI" value="7.000000" />
  <attribute name="ProportionalH" value="7.000000" />
  <attribute name="Current Error" value="14.000000" />
  <attribute name="IntegralT" value="0.000000" />
  <attribute name="IntegralI" value="0.000000" />
  <attribute name="IntegralH" value="0.000000" />
  <attribute name="DerivativeT" value="inf" />
  <attribute name="DerivativeI" value="inf" />
  <attribute name="DerivativeH" value="inf" />
  <attribute name="Loop Time for DT" value="0.000000" />
  <attribute name="Output H" value="8388608"/>
  <attribute name="Output I" value="200"/>
  <attribute name="Output T" value="1"/>
  <attribute name="Target GC Util Change" value ="20.000000" />
  <attribute name="Current GC Util Change" value="34.000000"/>
  <attribute name="GC Util currently" value="34" />
  <attribute name="CPU Util currently" value="9903781588127" />
<exclusive-end id="1634" timestamp="2019-06-14T20:40:46.295" durationms="5.041" />

</verbosegc>

