<?xml version="1.0" ?>

<verbosegc xmlns="http://www.ibm.com/j9/verbosegc" version="08cc62e_CMPRSS">

<initialized id="1" timestamp="2019-08-02T19:00:32.083">
  <attribute name="gcPolicy" value="-Xgcpolicy:optavgpause" />
  <attribute name="elasticGC enabled" value="1" />
  <attribute name= "numThreadsSpecified" value="0" />
  <attribute name="heapSize specified" value="0" />
  <attribute name= "numCores" value="0" />
  <attribute name ="GC Interval" value="0" />
  <attribute name="GC Util Range Max" value="0" />
  <attribute name="Current GC Util" value="0" />
  <attribute name= "Current Time Running" value="0" />
  <attribute name="maxHeapSize" value="0x7cba0000" />
  <attribute name="initialHeapSize" value="0x800000" />
  <attribute name="compressedRefs" value="true" />
  <attribute name="compressedRefsDisplacement" value="0x0" />
  <attribute name="compressedRefsShift" value="0x0" />
  <attribute name="pageSize" value="0x1000" />
  <attribute name="pageType" value="not used" />
  <attribute name="requestedPageSize" value="0x1000" />
  <attribute name="requestedPageType" value="not used" />
  <attribute name="gcthreads" value="8" />
  <attribute name="packetListSplit" value="8" />
  <attribute name="cacheListSplit" value="8" />
  <attribute name="splitFreeListSplitAmount" value="1" />
  <attribute name="numaNodes" value="0" />
  <system>
    <attribute name="physicalMemory" value="8370401280" />
    <attribute name="numCPUs" value="8" />
    <attribute name="architecture" value="amd64" />
    <attribute name="os" value="Linux" />
    <attribute name="osVersion" value="4.4.0-154-generic" />
  </system>
  <vmargs>
    <vmarg name="-Xoptionsfile=/vagrant/jdk/lib/options.default" />
    <vmarg name="-Xlockword:mode=default,noLockword=java/lang/String,noLockword=java/util/MapEntry,noLockword=java/util/HashMap$Entry,noLockword..." />
    <vmarg name="-Xjcl:jclse29" />
    <vmarg name="-Dcom.ibm.oti.vm.bootstrap.library.path=/vagrant/jdk/lib/compressedrefs:/vagrant/jdk/lib" />
    <vmarg name="-Dsun.boot.library.path=/vagrant/jdk/lib/compressedrefs:/vagrant/jdk/lib" />
    <vmarg name="-Djava.library.path=/vagrant/jdk/lib/compressedrefs:/vagrant/jdk/lib:/usr/lib64:/usr/lib" />
    <vmarg name="-Djava.home=/vagrant/jdk" />
    <vmarg name="-Duser.dir=/vagrant" />
    <vmarg name="-Xgcpolicy:optavgpause" />
    <vmarg name="-Xgcelastic" />
    <vmarg name="-Xcheck:gc:::elasticGC" />
    <vmarg name="-verbose:gc" />
    <vmarg name="-Xloggc:jdkA-small-OAP-8core-verbose14xalan.txt" />
    <vmarg name="-Djava.class.path=dacapo-9.12-MR1-bach.jar" />
    <vmarg name="-Dsun.java.command=dacapo-9.12-MR1-bach.jar xalan --size=small" />
    <vmarg name="-Dsun.java.launcher=SUN_STANDARD" />
    <vmarg name="-Dsun.java.launcher.pid=6897" />
  </vmargs>
</initialized>

<exclusive-start id="2" timestamp="2019-08-02T19:00:32.697" intervalms="614.459">
  <response-info timems="0.048" idlems="0.048" threads="0" lastid="0000000000C44A00" lastname="main" />
</exclusive-start>
<af-start id="3" threadId="0000000000C45388" totalBytesRequested="88" timestamp="2019-08-02T19:00:32.698" intervalms="614.799" />
<cycle-start id="4" type="global" contextid="0" timestamp="2019-08-02T19:00:32.698" intervalms="615.468" />
<gc-start id="5" type="global" contextid="4" timestamp="2019-08-02T19:00:32.698">
  <mem-info id="6" free="418816" total="8388608" percent="4">
    <mem type="tenure" free="418816" total="8388608" percent="4">
      <mem type="soa" free="0" total="7969792" percent="0" />
      <mem type="loa" free="418816" total="418816" percent="100" />
    </mem>
  </mem-info>
</gc-start>
<allocation-stats totalBytes="7888416" >
  <allocated-bytes non-tlh="758040" tlh="7130376" />
  <largest-consumer threadName="main" threadId="0000000000C44A00" bytes="7795512" />
</allocation-stats>
<gc-op id="7" type="mark" timems="2.684" contextid="4" timestamp="2019-08-02T19:00:32.701">
  <trace-info objectcount="21501" scancount="17520" scanbytes="561608" />
  <finalization candidates="15" enqueued="1" />
  <references type="soft" candidates="74" cleared="0" enqueued="0" dynamicThreshold="32" maxThreshold="32" />
  <references type="weak" candidates="575" cleared="432" enqueued="393" />
  <references type="phantom" candidates="127" cleared="44" enqueued="44" />
  <stringconstants candidates="2930" cleared="0"  />
</gc-op>
<gc-op id="8" type="classunload" timems="0.083" contextid="4" timestamp="2019-08-02T19:00:32.702">
  <classunload-info classloadercandidates="6" classloadersunloaded="0" classesunloaded="0" anonymousclassesunloaded="0" quiescems="0.000" setupms="0.083" scanms="0.000" postms="0.000" />
</gc-op>
<gc-op id="9" type="sweep" timems="0.643" contextid="4" timestamp="2019-08-02T19:00:32.702" />
<mem-info id="10" free="6519936" total="8388608" percent="77">
  <mem type="tenure" free="6519936" total="8388608" percent="77" micro-fragmented="273828">
    <mem type="soa" free="6101120" total="7969792" percent="76" />
    <mem type="loa" free="418816" total="418816" percent="100" />
  </mem>
  <pending-finalizers system="1" default="0" reference="437" classloader="0" />
</mem-info>
<gc-op id="11" type="compact" timems="4.721" contextid="4" timestamp="2019-08-02T19:00:32.707">
  <compact-info movecount="21500" movebytes="1539736" reason="no compaction" />
</gc-op>
<gc-end id="12" type="global" contextid="4" durationms="9.243" usertimems="8.000" systemtimems="4.000" timestamp="2019-08-02T19:00:32.708" activeThreads="8">
  <mem-info id="13" free="6848696" total="8388608" percent="81">
    <mem type="tenure" free="6848696" total="8388608" percent="81">
      <mem type="soa" free="6429880" total="7969792" percent="80" />
      <mem type="loa" free="418816" total="418816" percent="100" />
    </mem>
    <pending-finalizers system="1" default="0" reference="437" classloader="0" />
  </mem-info>
</gc-end>
<cycle-end id="14" type="global" contextid="4" timestamp="2019-08-02T19:00:32.708" />
  <attribute name="elasticGC enabled" value="1" />
  <attribute name= "numThreadsSpecified" value="0" />
  <attribute name="heapSize specified" value="8388608" />
  <attribute name= "numCores" value="8" />
  <attribute name ="GC Interval" value="0" />
  <attribute name ="Control flow" value="3" />
  <attribute name="GC Util Range Max" value="89" />
  <attribute name="Current GC Util" value="37" />
  <attribute name= "Current Time Running" value="8" />
<allocation-satisfied id="15" threadId="0000000000C44A00" bytesRequested="88" />
<af-end id="16" timestamp="2019-08-02T19:00:32.708" threadId="0000000000C45388" success="true" />
<exclusive-end id="17" timestamp="2019-08-02T19:00:32.708" durationms="11.132" />

<exclusive-start id="18" timestamp="2019-08-02T19:00:32.908" intervalms="211.167">
  <response-info timems="0.112" idlems="0.112" threads="0" lastid="0000000000C44A00" lastname="main" />
</exclusive-start>
<sys-start reason="explicit" id="19" timestamp="2019-08-02T19:00:32.909" intervalms="825.764" />
<cycle-start id="20" type="global" contextid="0" timestamp="2019-08-02T19:00:32.909" intervalms="210.398" />
<gc-start id="21" type="global" contextid="20" timestamp="2019-08-02T19:00:32.909">
  <mem-info id="22" free="723112" total="8388608" percent="8">
    <mem type="tenure" free="723112" total="8388608" percent="8">
      <mem type="soa" free="304296" total="7969792" percent="3" />
      <mem type="loa" free="418816" total="418816" percent="100" />
    </mem>
  </mem-info>
</gc-start>
<allocation-stats totalBytes="6065184" >
  <allocated-bytes non-tlh="71784" tlh="5993400" />
  <largest-consumer threadName="main" threadId="0000000000C44A00" bytes="6032816" />
</allocation-stats>
<gc-op id="23" type="mark" timems="1.686" contextid="20" timestamp="2019-08-02T19:00:32.911">
  <trace-info objectcount="29602" scancount="23958" scanbytes="873840" />
  <finalization candidates="15" enqueued="0" />
  <references type="soft" candidates="133" cleared="0" enqueued="0" dynamicThreshold="26" maxThreshold="32" />
  <references type="weak" candidates="180" cleared="33" enqueued="33" />
  <references type="phantom" candidates="88" cleared="2" enqueued="2" />
  <stringconstants candidates="3535" cleared="22"  />
</gc-op>
<gc-op id="24" type="classunload" timems="0.002" contextid="20" timestamp="2019-08-02T19:00:32.911">
  <classunload-info classloadercandidates="19" classloadersunloaded="0" classesunloaded="0" anonymousclassesunloaded="0" quiescems="0.000" setupms="0.001" scanms="0.000" postms="0.001" />
</gc-op>
<gc-op id="25" type="sweep" timems="0.276" contextid="20" timestamp="2019-08-02T19:00:32.911" />
<mem-info id="26" free="6054368" total="8388608" percent="72">
  <mem type="tenure" free="6054368" total="8388608" percent="72" micro-fragmented="253467">
    <mem type="soa" free="5635552" total="7969792" percent="70" />
    <mem type="loa" free="418816" total="418816" percent="100" />
  </mem>
  <pending-finalizers system="0" default="0" reference="35" classloader="0" />
</mem-info>
<gc-op id="27" type="compact" timems="5.804" contextid="20" timestamp="2019-08-02T19:00:32.917">
  <compact-info movecount="28856" movebytes="1943784" reason="no compaction" />
</gc-op>
<gc-end id="28" type="global" contextid="20" durationms="8.513" usertimems="8.000" systemtimems="0.000" timestamp="2019-08-02T19:00:32.917" activeThreads="8">
  <mem-info id="29" free="6424040" total="8388608" percent="76">
    <mem type="tenure" free="6424040" total="8388608" percent="76">
      <mem type="soa" free="6005224" total="7969792" percent="75" />
      <mem type="loa" free="418816" total="418816" percent="100" />
    </mem>
    <pending-finalizers system="0" default="0" reference="35" classloader="0" />
  </mem-info>
</gc-end>
<cycle-end id="30" type="global" contextid="20" timestamp="2019-08-02T19:00:32.917" />
  <attribute name="elasticGC enabled" value="1" />
  <attribute name= "numThreadsSpecified" value="0" />
  <attribute name="heapSize specified" value="8388608" />
  <attribute name= "numCores" value="8" />
  <attribute name ="GC Interval" value="0" />
  <attribute name ="Control flow" value="3" />
  <attribute name="GC Util Range Max" value="89" />
  <attribute name="Current GC Util" value="29" />
  <attribute name= "Current Time Running" value="218" />
<sys-end id="31" timestamp="2019-08-02T19:00:32.918" />
<exclusive-end id="32" timestamp="2019-08-02T19:00:32.918" durationms="9.301" />

<exclusive-start id="33" timestamp="2019-08-02T19:00:33.015" intervalms="106.924">
  <response-info timems="0.043" idlems="0.043" threads="0" lastid="0000000000F8FF00" lastname="Thread-6" />
</exclusive-start>
<af-start id="34" threadId="0000000000F90888" totalBytesRequested="88" timestamp="2019-08-02T19:00:33.016" intervalms="317.906" />
<cycle-start id="35" type="global" contextid="0" timestamp="2019-08-02T19:00:33.016" intervalms="106.958" />
<gc-start id="36" type="global" contextid="35" timestamp="2019-08-02T19:00:33.016">
  <mem-info id="37" free="418816" total="8388608" percent="4">
    <mem type="tenure" free="418816" total="8388608" percent="4">
      <mem type="soa" free="0" total="7969792" percent="0" />
      <mem type="loa" free="418816" total="418816" percent="100" />
    </mem>
  </mem-info>
</gc-start>
<allocation-stats totalBytes="5900960" >
  <allocated-bytes non-tlh="728568" tlh="5172392" />
  <largest-consumer threadName="Thread-3" threadId="0000000000F84C00" bytes="1306992" />
</allocation-stats>
<gc-op id="38" type="mark" timems="1.742" contextid="35" timestamp="2019-08-02T19:00:33.018">
  <trace-info objectcount="39694" scancount="32146" scanbytes="1948788" />
  <finalization candidates="26" enqueued="1" />
  <references type="soft" candidates="164" cleared="0" enqueued="0" dynamicThreshold="24" maxThreshold="32" />
  <references type="weak" candidates="297" cleared="36" enqueued="31" />
  <references type="phantom" candidates="109" cleared="2" enqueued="2" />
  <stringconstants candidates="3839" cleared="0"  />
</gc-op>
<gc-op id="39" type="sweep" timems="0.301" contextid="35" timestamp="2019-08-02T19:00:33.018" />
<mem-info id="40" free="4511832" total="8388608" percent="53">
  <mem type="tenure" free="4511832" total="8388608" percent="53" micro-fragmented="181285">
    <mem type="soa" free="4093016" total="7969792" percent="51" />
    <mem type="loa" free="418816" total="418816" percent="100" />
  </mem>
  <pending-finalizers system="1" default="0" reference="33" classloader="0" />
</mem-info>
<gc-op id="41" type="compact" timems="9.135" contextid="35" timestamp="2019-08-02T19:00:33.027">
  <compact-info movecount="39013" movebytes="3686248" reason="no compaction" />
</gc-op>
<gc-end id="42" type="global" contextid="35" durationms="11.971" usertimems="16.000" systemtimems="0.000" timestamp="2019-08-02T19:00:33.028" activeThreads="8">
  <mem-info id="43" free="4683624" total="8388608" percent="55">
    <mem type="tenure" free="4683624" total="8388608" percent="55">
      <mem type="soa" free="4264808" total="7969792" percent="53" />
      <mem type="loa" free="418816" total="418816" percent="100" />
    </mem>
    <pending-finalizers system="1" default="0" reference="33" classloader="0" />
  </mem-info>
</gc-end>
<cycle-end id="44" type="global" contextid="35" timestamp="2019-08-02T19:00:33.028" />
  <attribute name="elasticGC enabled" value="1" />
  <attribute name= "numThreadsSpecified" value="0" />
  <attribute name="heapSize specified" value="8388608" />
  <attribute name= "numCores" value="8" />
  <attribute name ="GC Interval" value="0" />
  <attribute name ="Control flow" value="3" />
  <attribute name="GC Util Range Max" value="89" />
  <attribute name="Current GC Util" value="22" />
  <attribute name= "Current Time Running" value="328" />
<allocation-satisfied id="45" threadId="0000000000F8FF00" bytesRequested="88" />
<af-end id="46" timestamp="2019-08-02T19:00:33.028" threadId="0000000000F90888" success="true" />
<exclusive-end id="47" timestamp="2019-08-02T19:00:33.028" durationms="12.892" />

<exclusive-start id="48" timestamp="2019-08-02T19:00:33.148" intervalms="132.875">
  <response-info timems="0.037" idlems="0.037" threads="0" lastid="0000000000F8C300" lastname="Thread-5" />
</exclusive-start>
<af-start id="49" threadId="0000000000F8CC88" totalBytesRequested="32776" timestamp="2019-08-02T19:00:33.148" intervalms="132.929" />
<cycle-start id="50" type="global" contextid="0" timestamp="2019-08-02T19:00:33.149" intervalms="132.888" />
<gc-start id="51" type="global" contextid="50" timestamp="2019-08-02T19:00:33.149">
  <mem-info id="52" free="418816" total="8388608" percent="4">
    <mem type="tenure" free="418816" total="8388608" percent="4">
      <mem type="soa" free="0" total="7969792" percent="0" />
      <mem type="loa" free="418816" total="418816" percent="100" />
    </mem>
  </mem-info>
</gc-start>
<allocation-stats totalBytes="4104168" >
  <allocated-bytes non-tlh="11848" tlh="4092320" />
  <largest-consumer threadName="Thread-6" threadId="0000000000F8FF00" bytes="846456" />
</allocation-stats>
<gc-op id="53" type="mark" timems="2.178" contextid="50" timestamp="2019-08-02T19:00:33.151">
  <trace-info objectcount="42888" scancount="34664" scanbytes="2020484" />
  <finalization candidates="25" enqueued="0" />
  <references type="soft" candidates="168" cleared="0" enqueued="0" dynamicThreshold="17" maxThreshold="32" />
  <references type="weak" candidates="285" cleared="8" enqueued="7" />
  <references type="phantom" candidates="99" cleared="0" enqueued="0" />
  <stringconstants candidates="3960" cleared="0"  />
</gc-op>
<gc-op id="54" type="classunload" timems="0.179" contextid="50" timestamp="2019-08-02T19:00:33.151">
  <classunload-info classloadercandidates="20" classloadersunloaded="0" classesunloaded="5" anonymousclassesunloaded="5" quiescems="0.000" setupms="0.174" scanms="0.005" postms="0.000" />
</gc-op>
<gc-op id="55" type="sweep" timems="0.264" contextid="50" timestamp="2019-08-02T19:00:33.151" />
<mem-info id="56" free="4137664" total="8388608" percent="49">
  <mem type="tenure" free="4137664" total="8388608" percent="49" micro-fragmented="132159">
    <mem type="soa" free="3718848" total="7969792" percent="46" />
    <mem type="loa" free="418816" total="418816" percent="100" />
  </mem>
  <pending-finalizers system="0" default="0" reference="7" classloader="0" />
</mem-info>
<gc-op id="57" type="compact" timems="7.599" contextid="50" timestamp="2019-08-02T19:00:33.159">
  <compact-info movecount="28525" movebytes="3482432" reason="no compaction" />
</gc-op>
<gc-end id="58" type="global" contextid="50" durationms="11.102" usertimems="12.000" systemtimems="0.000" timestamp="2019-08-02T19:00:33.160" activeThreads="8">
  <mem-info id="59" free="4221776" total="8388608" percent="50">
    <mem type="tenure" free="4221776" total="8388608" percent="50">
      <mem type="soa" free="3802960" total="7969792" percent="47" />
      <mem type="loa" free="418816" total="418816" percent="100" />
    </mem>
    <pending-finalizers system="0" default="0" reference="7" classloader="0" />
  </mem-info>
</gc-end>
<cycle-end id="60" type="global" contextid="50" timestamp="2019-08-02T19:00:33.160" />
  <attribute name="elasticGC enabled" value="1" />
  <attribute name= "numThreadsSpecified" value="0" />
  <attribute name="heapSize specified" value="8388608" />
  <attribute name= "numCores" value="8" />
  <attribute name ="GC Interval" value="0" />
  <attribute name ="Control flow" value="3" />
  <attribute name="GC Util Range Max" value="89" />
  <attribute name="Current GC Util" value="21" />
  <attribute name= "Current Time Running" value="460" />
<allocation-satisfied id="61" threadId="0000000000F8C300" bytesRequested="32776" />
<af-end id="62" timestamp="2019-08-02T19:00:33.160" threadId="0000000000F8CC88" success="true" />
<exclusive-end id="63" timestamp="2019-08-02T19:00:33.160" durationms="11.984" />

<exclusive-start id="64" timestamp="2019-08-02T19:00:33.230" intervalms="81.582">
  <response-info timems="0.108" idlems="0.108" threads="0" lastid="0000000000F8FF00" lastname="Thread-6" />
</exclusive-start>
<af-start id="65" threadId="0000000000F90888" totalBytesRequested="16392" timestamp="2019-08-02T19:00:33.230" intervalms="81.467" />
<cycle-start id="66" type="global" contextid="0" timestamp="2019-08-02T19:00:33.230" intervalms="81.461" />
<gc-start id="67" type="global" contextid="66" timestamp="2019-08-02T19:00:33.230">
  <mem-info id="68" free="418816" total="8388608" percent="4">
    <mem type="tenure" free="418816" total="8388608" percent="4">
      <mem type="soa" free="0" total="7969792" percent="0" />
      <mem type="loa" free="418816" total="418816" percent="100" />
    </mem>
  </mem-info>
</gc-start>
<allocation-stats totalBytes="3836696" >
  <allocated-bytes non-tlh="196760" tlh="3639936" />
  <largest-consumer threadName="Thread-8" threadId="0000000000F97700" bytes="943480" />
</allocation-stats>
<gc-op id="69" type="mark" timems="1.732" contextid="66" timestamp="2019-08-02T19:00:33.232">
  <trace-info objectcount="43963" scancount="35574" scanbytes="2089524" />
  <finalization candidates="25" enqueued="0" />
  <references type="soft" candidates="168" cleared="0" enqueued="0" dynamicThreshold="16" maxThreshold="32" />
  <references type="weak" candidates="278" cleared="0" enqueued="0" />
  <references type="phantom" candidates="100" cleared="0" enqueued="0" />
  <stringconstants candidates="3963" cleared="0"  />
</gc-op>
<gc-op id="70" type="sweep" timems="0.337" contextid="66" timestamp="2019-08-02T19:00:33.232" />
<mem-info id="71" free="3837640" total="8388608" percent="45">
  <mem type="tenure" free="3837640" total="8388608" percent="45" micro-fragmented="74616">
    <mem type="soa" free="3418824" total="7969792" percent="42" />
    <mem type="loa" free="418816" total="418816" percent="100" />
  </mem>
</mem-info>
<gc-op id="72" type="compact" timems="5.629" contextid="66" timestamp="2019-08-02T19:00:33.238">
  <compact-info movecount="17328" movebytes="2630656" reason="no compaction" />
</gc-op>
<gc-end id="73" type="global" contextid="66" durationms="8.275" usertimems="8.000" systemtimems="0.000" timestamp="2019-08-02T19:00:33.238" activeThreads="8">
  <mem-info id="74" free="3882424" total="8388608" percent="46">
    <mem type="tenure" free="3882424" total="8388608" percent="46">
      <mem type="soa" free="3463608" total="7969792" percent="43" />
      <mem type="loa" free="418816" total="418816" percent="100" />
    </mem>
  </mem-info>
</gc-end>
<cycle-end id="75" type="global" contextid="66" timestamp="2019-08-02T19:00:33.238" />
  <attribute name="elasticGC enabled" value="1" />
  <attribute name= "numThreadsSpecified" value="0" />
  <attribute name="heapSize specified" value="8388608" />
  <attribute name= "numCores" value="8" />
  <attribute name ="GC Interval" value="0" />
  <attribute name ="Control flow" value="3" />
  <attribute name="GC Util Range Max" value="89" />
  <attribute name="Current GC Util" value="20" />
  <attribute name= "Current Time Running" value="539" />
<allocation-satisfied id="76" threadId="0000000000F8FF00" bytesRequested="16392" />
<af-end id="77" timestamp="2019-08-02T19:00:33.239" threadId="0000000000F90888" success="true" />
<exclusive-end id="78" timestamp="2019-08-02T19:00:33.239" durationms="8.930" />

<exclusive-start id="79" timestamp="2019-08-02T19:00:33.294" intervalms="64.310">
  <response-info timems="0.041" idlems="0.041" threads="0" lastid="0000000000F88800" lastname="Thread-4" />
</exclusive-start>
<af-start id="80" threadId="0000000000F89188" totalBytesRequested="2008" timestamp="2019-08-02T19:00:33.294" intervalms="64.306" />
<cycle-start id="81" type="global" contextid="0" timestamp="2019-08-02T19:00:33.294" intervalms="64.297" />
<gc-start id="82" type="global" contextid="81" timestamp="2019-08-02T19:00:33.294">
  <mem-info id="83" free="418816" total="8388608" percent="4">
    <mem type="tenure" free="418816" total="8388608" percent="4">
      <mem type="soa" free="0" total="7969792" percent="0" />
      <mem type="loa" free="418816" total="418816" percent="100" />
    </mem>
  </mem-info>
</gc-start>
<allocation-stats totalBytes="3431256" >
  <allocated-bytes non-tlh="98328" tlh="3332928" />
  <largest-consumer threadName="Thread-6" threadId="0000000000F8FF00" bytes="766920" />
</allocation-stats>
<gc-op id="84" type="mark" timems="1.715" contextid="81" timestamp="2019-08-02T19:00:33.296">
  <trace-info objectcount="44228" scancount="35762" scanbytes="2093824" />
  <finalization candidates="25" enqueued="0" />
  <references type="soft" candidates="168" cleared="0" enqueued="0" dynamicThreshold="14" maxThreshold="32" />
  <references type="weak" candidates="277" cleared="0" enqueued="0" />
  <references type="phantom" candidates="100" cleared="0" enqueued="0" />
  <stringconstants candidates="3963" cleared="0"  />
</gc-op>
<gc-op id="85" type="sweep" timems="0.246" contextid="81" timestamp="2019-08-02T19:00:33.296" />
<mem-info id="86" free="3824688" total="8388608" percent="45">
  <mem type="tenure" free="3824688" total="8388608" percent="45" micro-fragmented="27320">
    <mem type="soa" free="3405872" total="7969792" percent="42" />
    <mem type="loa" free="418816" total="418816" percent="100" />
  </mem>
</mem-info>
<gc-op id="87" type="compact" timems="6.137" contextid="81" timestamp="2019-08-02T19:00:33.303">
  <compact-info movecount="20210" movebytes="2810016" reason="no compaction" />
</gc-op>
<gc-end id="88" type="global" contextid="81" durationms="8.636" usertimems="8.000" systemtimems="0.000" timestamp="2019-08-02T19:00:33.303" activeThreads="8">
  <mem-info id="89" free="3826232" total="8388608" percent="45">
    <mem type="tenure" free="3826232" total="8388608" percent="45">
      <mem type="soa" free="3407416" total="7969792" percent="42" />
      <mem type="loa" free="418816" total="418816" percent="100" />
    </mem>
  </mem-info>
</gc-end>
<cycle-end id="90" type="global" contextid="81" timestamp="2019-08-02T19:00:33.303" />
  <attribute name="elasticGC enabled" value="1" />
  <attribute name= "numThreadsSpecified" value="0" />
  <attribute name="heapSize specified" value="8388608" />
  <attribute name= "numCores" value="8" />
  <attribute name ="GC Interval" value="0" />
  <attribute name ="Control flow" value="3" />
  <attribute name="GC Util Range Max" value="89" />
  <attribute name="Current GC Util" value="18" />
  <attribute name= "Current Time Running" value="604" />
<allocation-satisfied id="91" threadId="0000000000F88800" bytesRequested="2008" />
<af-end id="92" timestamp="2019-08-02T19:00:33.303" threadId="0000000000F89188" success="true" />
<exclusive-end id="93" timestamp="2019-08-02T19:00:33.303" durationms="9.276" />

<exclusive-start id="94" timestamp="2019-08-02T19:00:33.346" intervalms="52.078">
  <response-info timems="0.050" idlems="0.050" threads="0" lastid="0000000000F93B00" lastname="Thread-7" />
</exclusive-start>
<af-start id="95" threadId="0000000000F94488" totalBytesRequested="40" timestamp="2019-08-02T19:00:33.346" intervalms="52.102" />
<cycle-start id="96" type="global" contextid="0" timestamp="2019-08-02T19:00:33.346" intervalms="52.105" />
<gc-start id="97" type="global" contextid="96" timestamp="2019-08-02T19:00:33.346">
  <mem-info id="98" free="418816" total="8388608" percent="4">
    <mem type="tenure" free="418816" total="8388608" percent="4">
      <mem type="soa" free="0" total="7969792" percent="0" />
      <mem type="loa" free="418816" total="418816" percent="100" />
    </mem>
  </mem-info>
</gc-start>
<allocation-stats totalBytes="3421856" >
  <allocated-bytes non-tlh="98328" tlh="3323528" />
  <largest-consumer threadName="Thread-10" threadId="0000000000F9EF00" bytes="945432" />
</allocation-stats>
<gc-op id="99" type="mark" timems="2.223" contextid="96" timestamp="2019-08-02T19:00:33.349">
  <trace-info objectcount="43637" scancount="35327" scanbytes="2087408" />
  <finalization candidates="25" enqueued="0" />
  <references type="soft" candidates="168" cleared="0" enqueued="0" dynamicThreshold="14" maxThreshold="32" />
  <references type="weak" candidates="277" cleared="0" enqueued="0" />
  <references type="phantom" candidates="100" cleared="0" enqueued="0" />
  <stringconstants candidates="3963" cleared="0"  />
</gc-op>
<gc-op id="100" type="sweep" timems="0.264" contextid="96" timestamp="2019-08-02T19:00:33.349" />
<mem-info id="101" free="3839968" total="8388608" percent="45">
  <mem type="tenure" free="3839968" total="8388608" percent="45" micro-fragmented="3864">
    <mem type="soa" free="3421152" total="7969792" percent="42" />
    <mem type="loa" free="418816" total="418816" percent="100" />
  </mem>
</mem-info>
<gc-op id="102" type="compact" timems="5.611" contextid="96" timestamp="2019-08-02T19:00:33.355">
  <compact-info movecount="14277" movebytes="2553408" reason="no compaction" />
</gc-op>
<gc-end id="103" type="global" contextid="96" durationms="8.641" usertimems="8.000" systemtimems="4.000" timestamp="2019-08-02T19:00:33.355" activeThreads="8">
  <mem-info id="104" free="3827840" total="8388608" percent="45">
    <mem type="tenure" free="3827840" total="8388608" percent="45">
      <mem type="soa" free="3409024" total="7969792" percent="42" />
      <mem type="loa" free="418816" total="418816" percent="100" />
    </mem>
  </mem-info>
</gc-end>
<cycle-end id="105" type="global" contextid="96" timestamp="2019-08-02T19:00:33.355" />
  <attribute name="elasticGC enabled" value="1" />
  <attribute name= "numThreadsSpecified" value="0" />
  <attribute name="heapSize specified" value="8388608" />
  <attribute name= "numCores" value="8" />
  <attribute name ="GC Interval" value="0" />
  <attribute name ="Control flow" value="3" />
  <attribute name="GC Util Range Max" value="89" />
  <attribute name="Current GC Util" value="25" />
  <attribute name= "Current Time Running" value="656" />
<allocation-satisfied id="106" threadId="0000000000F93B00" bytesRequested="40" />
<af-end id="107" timestamp="2019-08-02T19:00:33.355" threadId="0000000000F94488" success="true" />
<exclusive-end id="108" timestamp="2019-08-02T19:00:33.356" durationms="9.321" />

<exclusive-start id="109" timestamp="2019-08-02T19:00:33.385" intervalms="38.598">
  <response-info timems="0.068" idlems="0.068" threads="0" lastid="0000000000F8FF00" lastname="Thread-6" />
</exclusive-start>
<af-start id="110" threadId="0000000000F90888" totalBytesRequested="48" timestamp="2019-08-02T19:00:33.385" intervalms="38.658" />
<cycle-start id="111" type="global" contextid="0" timestamp="2019-08-02T19:00:33.385" intervalms="38.655" />
<gc-start id="112" type="global" contextid="111" timestamp="2019-08-02T19:00:33.385">
  <mem-info id="113" free="418816" total="8388608" percent="4">
    <mem type="tenure" free="418816" total="8388608" percent="4">
      <mem type="soa" free="0" total="7969792" percent="0" />
      <mem type="loa" free="418816" total="418816" percent="100" />
    </mem>
  </mem-info>
</gc-start>
<allocation-stats totalBytes="3405320" >
  <allocated-bytes non-tlh="213048" tlh="3192272" />
  <largest-consumer threadName="Thread-8" threadId="0000000000F97700" bytes="830152" />
</allocation-stats>
<gc-op id="114" type="mark" timems="4.819" contextid="111" timestamp="2019-08-02T19:00:33.390">
  <trace-info objectcount="43588" scancount="35320" scanbytes="2089084" />
  <finalization candidates="25" enqueued="0" />
  <references type="soft" candidates="168" cleared="0" enqueued="0" dynamicThreshold="14" maxThreshold="32" />
  <references type="weak" candidates="277" cleared="0" enqueued="0" />
  <references type="phantom" candidates="99" cleared="0" enqueued="0" />
  <stringconstants candidates="3963" cleared="0"  />
</gc-op>
<gc-op id="115" type="sweep" timems="0.251" contextid="111" timestamp="2019-08-02T19:00:33.390" />
<mem-info id="116" free="3866016" total="8388608" percent="46">
  <mem type="tenure" free="3866016" total="8388608" percent="46" micro-fragmented="26312">
    <mem type="soa" free="3447200" total="7969792" percent="43" />
    <mem type="loa" free="418816" total="418816" percent="100" />
  </mem>
</mem-info>
<gc-op id="117" type="compact" timems="9.501" contextid="111" timestamp="2019-08-02T19:00:33.400">
  <compact-info movecount="20301" movebytes="2793840" reason="no compaction" />
</gc-op>
<gc-end id="118" type="global" contextid="111" durationms="15.224" usertimems="12.000" systemtimems="4.000" timestamp="2019-08-02T19:00:33.400" activeThreads="8">
  <mem-info id="119" free="3887360" total="8388608" percent="46">
    <mem type="tenure" free="3887360" total="8388608" percent="46">
      <mem type="soa" free="3468544" total="7969792" percent="43" />
      <mem type="loa" free="418816" total="418816" percent="100" />
    </mem>
  </mem-info>
</gc-end>
<cycle-end id="120" type="global" contextid="111" timestamp="2019-08-02T19:00:33.400" />
  <attribute name="elasticGC enabled" value="1" />
  <attribute name= "numThreadsSpecified" value="0" />
  <attribute name="heapSize specified" value="8388608" />
  <attribute name= "numCores" value="8" />
  <attribute name ="GC Interval" value="0" />
  <attribute name ="Control flow" value="3" />
  <attribute name="GC Util Range Max" value="89" />
  <attribute name="Current GC Util" value="43" />
  <attribute name= "Current Time Running" value="701" />
<allocation-satisfied id="121" threadId="0000000000F8FF00" bytesRequested="48" />
<af-end id="122" timestamp="2019-08-02T19:00:33.401" threadId="0000000000F90888" success="true" />
<exclusive-end id="123" timestamp="2019-08-02T19:00:33.401" durationms="15.947" />

<exclusive-start id="124" timestamp="2019-08-02T19:00:33.452" intervalms="66.906">
  <response-info timems="0.045" idlems="0.045" threads="0" lastid="0000000000F9B300" lastname="Thread-9" />
</exclusive-start>
<af-start id="125" threadId="0000000000F9BC88" totalBytesRequested="16392" timestamp="2019-08-02T19:00:33.452" intervalms="66.890" />
<cycle-start id="126" type="global" contextid="0" timestamp="2019-08-02T19:00:33.452" intervalms="66.891" />
<gc-start id="127" type="global" contextid="126" timestamp="2019-08-02T19:00:33.452">
  <mem-info id="128" free="418816" total="8388608" percent="4">
    <mem type="tenure" free="418816" total="8388608" percent="4">
      <mem type="soa" free="0" total="7969792" percent="0" />
      <mem type="loa" free="418816" total="418816" percent="100" />
    </mem>
  </mem-info>
</gc-start>
<allocation-stats totalBytes="3463904" >
  <allocated-bytes non-tlh="131104" tlh="3332800" />
  <largest-consumer threadName="Thread-4" threadId="0000000000F88800" bytes="618104" />
</allocation-stats>
<gc-op id="129" type="mark" timems="4.598" contextid="126" timestamp="2019-08-02T19:00:33.457">
  <trace-info objectcount="43289" scancount="35024" scanbytes="2007288" />
  <finalization candidates="25" enqueued="0" />
  <references type="soft" candidates="168" cleared="0" enqueued="0" dynamicThreshold="14" maxThreshold="32" />
  <references type="weak" candidates="278" cleared="0" enqueued="0" />
  <references type="phantom" candidates="100" cleared="0" enqueued="0" />
  <stringconstants candidates="3963" cleared="0"  />
</gc-op>
<gc-op id="130" type="sweep" timems="0.290" contextid="126" timestamp="2019-08-02T19:00:33.457" />
<mem-info id="131" free="4072424" total="8388608" percent="48">
  <mem type="tenure" free="4072424" total="8388608" percent="48" micro-fragmented="13073">
    <mem type="soa" free="3653608" total="7969792" percent="45" />
    <mem type="loa" free="418816" total="418816" percent="100" />
  </mem>
</mem-info>
<gc-op id="132" type="compact" timems="10.406" contextid="126" timestamp="2019-08-02T19:00:33.468">
  <compact-info movecount="13931" movebytes="2315304" reason="no compaction" />
</gc-op>
<gc-end id="133" type="global" contextid="126" durationms="15.969" usertimems="8.000" systemtimems="12.000" timestamp="2019-08-02T19:00:33.468" activeThreads="8">
  <mem-info id="134" free="4086456" total="8388608" percent="48">
    <mem type="tenure" free="4086456" total="8388608" percent="48">
      <mem type="soa" free="3667640" total="7969792" percent="46" />
      <mem type="loa" free="418816" total="418816" percent="100" />
    </mem>
  </mem-info>
</gc-end>
<cycle-end id="135" type="global" contextid="126" timestamp="2019-08-02T19:00:33.468" />
  <attribute name="elasticGC enabled" value="1" />
  <attribute name= "numThreadsSpecified" value="0" />
  <attribute name="heapSize specified" value="8388608" />
  <attribute name= "numCores" value="8" />
  <attribute name ="GC Interval" value="0" />
  <attribute name ="Control flow" value="3" />
  <attribute name="GC Util Range Max" value="89" />
  <attribute name="Current GC Util" value="59" />
  <attribute name= "Current Time Running" value="769" />
<allocation-satisfied id="136" threadId="0000000000F9B300" bytesRequested="16392" />
<af-end id="137" timestamp="2019-08-02T19:00:33.468" threadId="0000000000F9BC88" success="true" />
<exclusive-end id="138" timestamp="2019-08-02T19:00:33.468" durationms="16.674" />

<exclusive-start id="139" timestamp="2019-08-02T19:00:33.511" intervalms="59.567">
  <response-info timems="0.046" idlems="0.046" threads="0" lastid="0000000000F88800" lastname="Thread-4" />
</exclusive-start>
<af-start id="140" threadId="0000000000F89188" totalBytesRequested="32776" timestamp="2019-08-02T19:00:33.511" intervalms="59.568" />
<cycle-start id="141" type="global" contextid="0" timestamp="2019-08-02T19:00:33.511" intervalms="59.566" />
<gc-start id="142" type="global" contextid="141" timestamp="2019-08-02T19:00:33.512">
  <mem-info id="143" free="418816" total="8388608" percent="4">
    <mem type="tenure" free="418816" total="8388608" percent="4">
      <mem type="soa" free="0" total="7969792" percent="0" />
      <mem type="loa" free="418816" total="418816" percent="100" />
    </mem>
  </mem-info>
</gc-start>
<allocation-stats totalBytes="3625024" >
  <allocated-bytes non-tlh="98328" tlh="3526696" />
  <largest-consumer threadName="Thread-4" threadId="0000000000F88800" bytes="1040224" />
</allocation-stats>
<gc-op id="144" type="mark" timems="4.946" contextid="141" timestamp="2019-08-02T19:00:33.517">
  <trace-info objectcount="43418" scancount="35097" scanbytes="2043256" />
  <finalization candidates="25" enqueued="0" />
  <references type="soft" candidates="168" cleared="0" enqueued="0" dynamicThreshold="15" maxThreshold="32" />
  <references type="weak" candidates="277" cleared="0" enqueued="0" />
  <references type="phantom" candidates="99" cleared="0" enqueued="0" />
  <stringconstants candidates="3963" cleared="0"  />
</gc-op>
<gc-op id="145" type="sweep" timems="0.247" contextid="141" timestamp="2019-08-02T19:00:33.517" />
<mem-info id="146" free="3912872" total="8388608" percent="46">
  <mem type="tenure" free="3912872" total="8388608" percent="46" micro-fragmented="19842">
    <mem type="soa" free="3494056" total="7969792" percent="43" />
    <mem type="loa" free="418816" total="418816" percent="100" />
  </mem>
</mem-info>
<gc-op id="147" type="compact" timems="9.639" contextid="141" timestamp="2019-08-02T19:00:33.527">
  <compact-info movecount="14060" movebytes="2493728" reason="no compaction" />
</gc-op>
<gc-end id="148" type="global" contextid="141" durationms="15.474" usertimems="16.000" systemtimems="0.000" timestamp="2019-08-02T19:00:33.527" activeThreads="8">
  <mem-info id="149" free="3875264" total="8388608" percent="46">
    <mem type="tenure" free="3875264" total="8388608" percent="46">
      <mem type="soa" free="3456448" total="7969792" percent="43" />
      <mem type="loa" free="418816" total="418816" percent="100" />
    </mem>
  </mem-info>
</gc-end>
<cycle-end id="150" type="global" contextid="141" timestamp="2019-08-02T19:00:33.527" />
  <attribute name="elasticGC enabled" value="1" />
  <attribute name= "numThreadsSpecified" value="0" />
  <attribute name="heapSize specified" value="8388608" />
  <attribute name= "numCores" value="8" />
  <attribute name ="GC Interval" value="0" />
  <attribute name ="Control flow" value="3" />
  <attribute name="GC Util Range Max" value="89" />
  <attribute name="Current GC Util" value="54" />
  <attribute name= "Current Time Running" value="828" />
<allocation-satisfied id="151" threadId="0000000000F88800" bytesRequested="32776" />
<af-end id="152" timestamp="2019-08-02T19:00:33.527" threadId="0000000000F89188" success="true" />
<exclusive-end id="153" timestamp="2019-08-02T19:00:33.527" durationms="16.202" />

<exclusive-start id="154" timestamp="2019-08-02T19:00:33.560" intervalms="48.795">
  <response-info timems="0.042" idlems="0.042" threads="0" lastid="0000000000F88800" lastname="Thread-4" />
</exclusive-start>
<af-start id="155" threadId="0000000000F89188" totalBytesRequested="32776" timestamp="2019-08-02T19:00:33.560" intervalms="48.779" />
<cycle-start id="156" type="global" contextid="0" timestamp="2019-08-02T19:00:33.560" intervalms="48.778" />
<gc-start id="157" type="global" contextid="156" timestamp="2019-08-02T19:00:33.560">
  <mem-info id="158" free="418816" total="8388608" percent="4">
    <mem type="tenure" free="418816" total="8388608" percent="4">
      <mem type="soa" free="0" total="7969792" percent="0" />
      <mem type="loa" free="418816" total="418816" percent="100" />
    </mem>
  </mem-info>
</gc-start>
<allocation-stats totalBytes="3407320" >
  <allocated-bytes non-tlh="114720" tlh="3292600" />
  <largest-consumer threadName="Thread-8" threadId="0000000000F97700" bytes="807992" />
</allocation-stats>
<gc-op id="159" type="mark" timems="1.276" contextid="156" timestamp="2019-08-02T19:00:33.562">
  <trace-info objectcount="43159" scancount="34906" scanbytes="2038900" />
  <finalization candidates="25" enqueued="0" />
  <references type="soft" candidates="168" cleared="0" enqueued="0" dynamicThreshold="14" maxThreshold="32" />
  <references type="weak" candidates="277" cleared="0" enqueued="0" />
  <references type="phantom" candidates="99" cleared="0" enqueued="0" />
  <stringconstants candidates="3963" cleared="0"  />
</gc-op>
<gc-op id="160" type="sweep" timems="0.233" contextid="156" timestamp="2019-08-02T19:00:33.562" />
<mem-info id="161" free="4012736" total="8388608" percent="47">
  <mem type="tenure" free="4012736" total="8388608" percent="47" micro-fragmented="7742">
    <mem type="soa" free="3593920" total="7969792" percent="45" />
    <mem type="loa" free="418816" total="418816" percent="100" />
  </mem>
</mem-info>
<gc-op id="162" type="compact" timems="5.095" contextid="156" timestamp="2019-08-02T19:00:33.567">
  <compact-info movecount="13801" movebytes="2392552" reason="no compaction" />
</gc-op>
<gc-end id="163" type="global" contextid="156" durationms="7.146" usertimems="12.000" systemtimems="0.000" timestamp="2019-08-02T19:00:33.567" activeThreads="8">
  <mem-info id="164" free="4009200" total="8388608" percent="47">
    <mem type="tenure" free="4009200" total="8388608" percent="47">
      <mem type="soa" free="3590384" total="7969792" percent="45" />
      <mem type="loa" free="418816" total="418816" percent="100" />
    </mem>
  </mem-info>
</gc-end>
<cycle-end id="165" type="global" contextid="156" timestamp="2019-08-02T19:00:33.568" />
  <attribute name="elasticGC enabled" value="1" />
  <attribute name= "numThreadsSpecified" value="0" />
  <attribute name="heapSize specified" value="8388608" />
  <attribute name= "numCores" value="8" />
  <attribute name ="GC Interval" value="0" />
  <attribute name ="Control flow" value="3" />
  <attribute name="GC Util Range Max" value="89" />
  <attribute name="Current GC Util" value="23" />
  <attribute name= "Current Time Running" value="868" />
<allocation-satisfied id="166" threadId="0000000000F88800" bytesRequested="32776" />
<af-end id="167" timestamp="2019-08-02T19:00:33.568" threadId="0000000000F89188" success="true" />
<exclusive-end id="168" timestamp="2019-08-02T19:00:33.568" durationms="7.913" />

<exclusive-start id="169" timestamp="2019-08-02T19:00:33.633" intervalms="73.111">
  <response-info timems="0.056" idlems="0.056" threads="0" lastid="0000000000F84C00" lastname="Thread-3" />
</exclusive-start>
<af-start id="170" threadId="0000000000F85588" totalBytesRequested="48" timestamp="2019-08-02T19:00:33.633" intervalms="73.110" />
<cycle-start id="171" type="global" contextid="0" timestamp="2019-08-02T19:00:33.633" intervalms="73.111" />
<gc-start id="172" type="global" contextid="171" timestamp="2019-08-02T19:00:33.633">
  <mem-info id="173" free="418816" total="8388608" percent="4">
    <mem type="tenure" free="418816" total="8388608" percent="4">
      <mem type="soa" free="0" total="7969792" percent="0" />
      <mem type="loa" free="418816" total="418816" percent="100" />
    </mem>
  </mem-info>
</gc-start>
<allocation-stats totalBytes="3603224" >
  <allocated-bytes non-tlh="131104" tlh="3472120" />
  <largest-consumer threadName="Thread-9" threadId="0000000000F9B300" bytes="659904" />
</allocation-stats>
<gc-op id="174" type="mark" timems="4.244" contextid="171" timestamp="2019-08-02T19:00:33.638">
  <trace-info objectcount="44108" scancount="35687" scanbytes="2097608" />
  <finalization candidates="25" enqueued="0" />
  <references type="soft" candidates="168" cleared="0" enqueued="0" dynamicThreshold="15" maxThreshold="32" />
  <references type="weak" candidates="277" cleared="0" enqueued="0" />
  <references type="phantom" candidates="99" cleared="0" enqueued="0" />
  <stringconstants candidates="3963" cleared="0"  />
</gc-op>
<gc-op id="175" type="sweep" timems="0.268" contextid="171" timestamp="2019-08-02T19:00:33.638" />
<mem-info id="176" free="3780056" total="8388608" percent="45">
  <mem type="tenure" free="3780056" total="8388608" percent="45" micro-fragmented="15156">
    <mem type="soa" free="3361240" total="7969792" percent="42" />
    <mem type="loa" free="418816" total="418816" percent="100" />
  </mem>
</mem-info>
<gc-op id="177" type="compact" timems="6.462" contextid="171" timestamp="2019-08-02T19:00:33.645">
  <compact-info movecount="14750" movebytes="2616744" reason="no compaction" />
</gc-op>
<gc-end id="178" type="global" contextid="171" durationms="11.634" usertimems="20.000" systemtimems="0.000" timestamp="2019-08-02T19:00:33.645" activeThreads="8">
  <mem-info id="179" free="3785016" total="8388608" percent="45">
    <mem type="tenure" free="3785016" total="8388608" percent="45">
      <mem type="soa" free="3366200" total="7969792" percent="42" />
      <mem type="loa" free="418816" total="418816" percent="100" />
    </mem>
  </mem-info>
</gc-end>
<cycle-end id="180" type="global" contextid="171" timestamp="2019-08-02T19:00:33.645" />
  <attribute name="elasticGC enabled" value="1" />
  <attribute name= "numThreadsSpecified" value="0" />
  <attribute name="heapSize specified" value="8388608" />
  <attribute name= "numCores" value="8" />
  <attribute name ="GC Interval" value="0" />
  <attribute name ="Control flow" value="3" />
  <attribute name="GC Util Range Max" value="89" />
  <attribute name="Current GC Util" value="45" />
  <attribute name= "Current Time Running" value="946" />
<allocation-satisfied id="181" threadId="0000000000F84C00" bytesRequested="48" />
<af-end id="182" timestamp="2019-08-02T19:00:33.646" threadId="0000000000F85588" success="true" />
<exclusive-end id="183" timestamp="2019-08-02T19:00:33.646" durationms="12.515" />

<exclusive-start id="184" timestamp="2019-08-02T19:00:33.673" intervalms="40.139">
  <response-info timems="0.062" idlems="0.062" threads="0" lastid="0000000000F84C00" lastname="Thread-3" />
</exclusive-start>
<af-start id="185" threadId="0000000000F85588" totalBytesRequested="16392" timestamp="2019-08-02T19:00:33.673" intervalms="40.165" />
<cycle-start id="186" type="global" contextid="0" timestamp="2019-08-02T19:00:33.674" intervalms="40.180" />
<gc-start id="187" type="global" contextid="186" timestamp="2019-08-02T19:00:33.674">
  <mem-info id="188" free="418816" total="8388608" percent="4">
    <mem type="tenure" free="418816" total="8388608" percent="4">
      <mem type="soa" free="0" total="7969792" percent="0" />
      <mem type="loa" free="418816" total="418816" percent="100" />
    </mem>
  </mem-info>
</gc-start>
<allocation-stats totalBytes="3270240" >
  <allocated-bytes non-tlh="196656" tlh="3073584" />
  <largest-consumer threadName="Thread-6" threadId="0000000000F8FF00" bytes="739992" />
</allocation-stats>
<gc-op id="189" type="mark" timems="4.598" contextid="186" timestamp="2019-08-02T19:00:33.678">
  <trace-info objectcount="42116" scancount="33940" scanbytes="1934804" />
  <finalization candidates="25" enqueued="0" />
  <references type="soft" candidates="168" cleared="0" enqueued="0" dynamicThreshold="14" maxThreshold="32" />
  <references type="weak" candidates="278" cleared="0" enqueued="0" />
  <references type="phantom" candidates="101" cleared="0" enqueued="0" />
  <stringconstants candidates="3963" cleared="0"  />
</gc-op>
<gc-op id="190" type="sweep" timems="0.259" contextid="186" timestamp="2019-08-02T19:00:33.679" />
<mem-info id="191" free="4364384" total="8388608" percent="52">
  <mem type="tenure" free="4364384" total="8388608" percent="52" micro-fragmented="5386">
    <mem type="soa" free="3945568" total="7969792" percent="49" />
    <mem type="loa" free="418816" total="418816" percent="100" />
  </mem>
</mem-info>
<gc-op id="192" type="compact" timems="7.194" contextid="186" timestamp="2019-08-02T19:00:33.686">
  <compact-info movecount="12758" movebytes="2051192" reason="no compaction" />
</gc-op>
<gc-end id="193" type="global" contextid="186" durationms="12.684" usertimems="8.000" systemtimems="8.000" timestamp="2019-08-02T19:00:33.686" activeThreads="8">
  <mem-info id="194" free="4366944" total="8388608" percent="52">
    <mem type="tenure" free="4366944" total="8388608" percent="52">
      <mem type="soa" free="3948128" total="7969792" percent="49" />
      <mem type="loa" free="418816" total="418816" percent="100" />
    </mem>
  </mem-info>
</gc-end>
<cycle-end id="195" type="global" contextid="186" timestamp="2019-08-02T19:00:33.686" />
  <attribute name="elasticGC enabled" value="1" />
  <attribute name= "numThreadsSpecified" value="0" />
  <attribute name="heapSize specified" value="8388608" />
  <attribute name= "numCores" value="8" />
  <attribute name ="GC Interval" value="0" />
  <attribute name ="Control flow" value="3" />
  <attribute name="GC Util Range Max" value="89" />
  <attribute name="Current GC Util" value="53" />
  <attribute name= "Current Time Running" value="987" />
<allocation-satisfied id="196" threadId="0000000000F84C00" bytesRequested="16392" />
<af-end id="197" timestamp="2019-08-02T19:00:33.687" threadId="0000000000F85588" success="true" />
<exclusive-end id="198" timestamp="2019-08-02T19:00:33.687" durationms="13.381" />

<exclusive-start id="199" timestamp="2019-08-02T19:00:33.743" intervalms="70.086">
  <response-info timems="0.051" idlems="0.051" threads="0" lastid="0000000000F88800" lastname="Thread-4" />
</exclusive-start>
<af-start id="200" threadId="0000000000F89188" totalBytesRequested="48" timestamp="2019-08-02T19:00:33.744" intervalms="70.045" />
<cycle-start id="201" type="global" contextid="0" timestamp="2019-08-02T19:00:33.744" intervalms="70.041" />
<gc-start id="202" type="global" contextid="201" timestamp="2019-08-02T19:00:33.744">
  <mem-info id="203" free="418816" total="8388608" percent="4">
    <mem type="tenure" free="418816" total="8388608" percent="4">
      <mem type="soa" free="0" total="7969792" percent="0" />
      <mem type="loa" free="418816" total="418816" percent="100" />
    </mem>
  </mem-info>
</gc-start>
<allocation-stats totalBytes="3949416" >
  <allocated-bytes non-tlh="180272" tlh="3769144" />
  <largest-consumer threadName="Thread-8" threadId="0000000000F97700" bytes="1019040" />
</allocation-stats>
<gc-op id="204" type="mark" timems="1.294" contextid="201" timestamp="2019-08-02T19:00:33.745">
  <trace-info objectcount="44012" scancount="35594" scanbytes="2096184" />
  <finalization candidates="25" enqueued="0" />
  <references type="soft" candidates="168" cleared="0" enqueued="0" dynamicThreshold="16" maxThreshold="32" />
  <references type="weak" candidates="277" cleared="0" enqueued="0" />
  <references type="phantom" candidates="99" cleared="0" enqueued="0" />
  <stringconstants candidates="3963" cleared="0"  />
</gc-op>
<gc-op id="205" type="sweep" timems="0.254" contextid="201" timestamp="2019-08-02T19:00:33.745" />
<mem-info id="206" free="3787904" total="8388608" percent="45">
  <mem type="tenure" free="3787904" total="8388608" percent="45" micro-fragmented="4899">
    <mem type="soa" free="3369088" total="7969792" percent="42" />
    <mem type="loa" free="418816" total="418816" percent="100" />
  </mem>
</mem-info>
<gc-op id="207" type="compact" timems="5.273" contextid="201" timestamp="2019-08-02T19:00:33.751">
  <compact-info movecount="14654" movebytes="2601392" reason="no compaction" />
</gc-op>
<gc-end id="208" type="global" contextid="201" durationms="7.491" usertimems="8.000" systemtimems="0.000" timestamp="2019-08-02T19:00:33.751" activeThreads="8">
  <mem-info id="209" free="3808560" total="8388608" percent="45">
    <mem type="tenure" free="3808560" total="8388608" percent="45">
      <mem type="soa" free="3389744" total="7969792" percent="42" />
      <mem type="loa" free="418816" total="418816" percent="100" />
    </mem>
  </mem-info>
</gc-end>
<cycle-end id="210" type="global" contextid="201" timestamp="2019-08-02T19:00:33.751" />
  <attribute name="elasticGC enabled" value="1" />
  <attribute name= "numThreadsSpecified" value="0" />
  <attribute name="heapSize specified" value="8388608" />
  <attribute name= "numCores" value="8" />
  <attribute name ="GC Interval" value="0" />
  <attribute name ="Control flow" value="3" />
  <attribute name="GC Util Range Max" value="89" />
  <attribute name="Current GC Util" value="23" />
  <attribute name= "Current Time Running" value="1052" />
<allocation-satisfied id="211" threadId="0000000000F88800" bytesRequested="48" />
<af-end id="212" timestamp="2019-08-02T19:00:33.752" threadId="0000000000F89188" success="true" />
<exclusive-end id="213" timestamp="2019-08-02T19:00:33.752" durationms="8.229" />

<exclusive-start id="214" timestamp="2019-08-02T19:00:33.794" intervalms="50.806">
  <response-info timems="0.047" idlems="0.047" threads="0" lastid="0000000000F8FF00" lastname="Thread-6" />
</exclusive-start>
<af-start id="215" threadId="0000000000F90888" totalBytesRequested="16392" timestamp="2019-08-02T19:00:33.794" intervalms="50.880" />
<cycle-start id="216" type="global" contextid="0" timestamp="2019-08-02T19:00:33.794" intervalms="50.873" />
<gc-start id="217" type="global" contextid="216" timestamp="2019-08-02T19:00:33.795">
  <mem-info id="218" free="418816" total="8388608" percent="4">
    <mem type="tenure" free="418816" total="8388608" percent="4">
      <mem type="soa" free="0" total="7969792" percent="0" />
      <mem type="loa" free="418816" total="418816" percent="100" />
    </mem>
  </mem-info>
</gc-start>
<allocation-stats totalBytes="3349984" >
  <allocated-bytes non-tlh="98328" tlh="3251656" />
  <largest-consumer threadName="Thread-6" threadId="0000000000F8FF00" bytes="655616" />
</allocation-stats>
<gc-op id="219" type="mark" timems="3.600" contextid="216" timestamp="2019-08-02T19:00:33.798">
  <trace-info objectcount="43125" scancount="34837" scanbytes="2036568" />
  <finalization candidates="25" enqueued="0" />
  <references type="soft" candidates="168" cleared="15" enqueued="14" dynamicThreshold="14" maxThreshold="32" />
  <references type="weak" candidates="277" cleared="0" enqueued="0" />
  <references type="phantom" candidates="100" cleared="0" enqueued="0" />
  <stringconstants candidates="3963" cleared="0"  />
</gc-op>
<gc-op id="220" type="sweep" timems="1.907" contextid="216" timestamp="2019-08-02T19:00:33.800" />
<mem-info id="221" free="4039208" total="8388608" percent="48">
  <mem type="tenure" free="4039208" total="8388608" percent="48" micro-fragmented="35100">
    <mem type="soa" free="3620392" total="7969792" percent="45" />
    <mem type="loa" free="418816" total="418816" percent="100" />
  </mem>
  <pending-finalizers system="0" default="0" reference="14" classloader="0" />
</mem-info>
<gc-op id="222" type="compact" timems="11.699" contextid="216" timestamp="2019-08-02T19:00:33.812">
  <compact-info movecount="31868" movebytes="3835376" reason="no compaction" />
</gc-op>
<gc-end id="223" type="global" contextid="216" durationms="18.400" usertimems="24.000" systemtimems="0.000" timestamp="2019-08-02T19:00:33.813" activeThreads="8">
  <mem-info id="224" free="4015192" total="8388608" percent="47">
    <mem type="tenure" free="4015192" total="8388608" percent="47">
      <mem type="soa" free="3596376" total="7969792" percent="45" />
      <mem type="loa" free="418816" total="418816" percent="100" />
    </mem>
    <pending-finalizers system="0" default="0" reference="14" classloader="0" />
  </mem-info>
</gc-end>
<cycle-end id="225" type="global" contextid="216" timestamp="2019-08-02T19:00:33.813" />
  <attribute name="elasticGC enabled" value="1" />
  <attribute name= "numThreadsSpecified" value="0" />
  <attribute name="heapSize specified" value="8388608" />
  <attribute name= "numCores" value="8" />
  <attribute name ="GC Interval" value="0" />
  <attribute name ="Control flow" value="3" />
  <attribute name="GC Util Range Max" value="89" />
  <attribute name="Current GC Util" value="64" />
  <attribute name= "Current Time Running" value="1113" />
<allocation-satisfied id="226" threadId="0000000000F8FF00" bytesRequested="16392" />
<af-end id="227" timestamp="2019-08-02T19:00:33.813" threadId="0000000000F90888" success="true" />
<exclusive-end id="228" timestamp="2019-08-02T19:00:33.813" durationms="19.212" />

<exclusive-start id="229" timestamp="2019-08-02T19:00:33.849" intervalms="54.345">
  <response-info timems="0.066" idlems="0.066" threads="0" lastid="0000000000F8FF00" lastname="Thread-6" />
</exclusive-start>
<af-start id="230" threadId="0000000000F90888" totalBytesRequested="520" timestamp="2019-08-02T19:00:33.849" intervalms="54.242" />
<cycle-start id="231" type="global" contextid="0" timestamp="2019-08-02T19:00:33.849" intervalms="54.247" />
<gc-start id="232" type="global" contextid="231" timestamp="2019-08-02T19:00:33.849">
  <mem-info id="233" free="418816" total="8388608" percent="4">
    <mem type="tenure" free="418816" total="8388608" percent="4">
      <mem type="soa" free="0" total="7969792" percent="0" />
      <mem type="loa" free="418816" total="418816" percent="100" />
    </mem>
  </mem-info>
</gc-start>
<allocation-stats totalBytes="3520848" >
  <allocated-bytes non-tlh="131104" tlh="3389744" />
  <largest-consumer threadName="Thread-10" threadId="0000000000F9EF00" bytes="991840" />
</allocation-stats>
<heap-resize id="234" type="loa contract" space="tenure" amount="83968" count="1" timems="0.000" reason="contract underutilized loa" timestamp="2019-08-02T19:00:33.849" />
<gc-op id="235" type="mark" timems="4.227" contextid="231" timestamp="2019-08-02T19:00:33.853">
  <trace-info objectcount="42886" scancount="34588" scanbytes="1995552" />
  <finalization candidates="25" enqueued="0" />
  <references type="soft" candidates="153" cleared="0" enqueued="0" dynamicThreshold="15" maxThreshold="32" />
  <references type="weak" candidates="278" cleared="0" enqueued="0" />
  <references type="phantom" candidates="101" cleared="0" enqueued="0" />
  <stringconstants candidates="3963" cleared="0"  />
</gc-op>
<gc-op id="236" type="sweep" timems="2.428" contextid="231" timestamp="2019-08-02T19:00:33.856" />
<mem-info id="237" free="4192128" total="8388608" percent="49">
  <mem type="tenure" free="4192128" total="8388608" percent="49" micro-fragmented="0">
    <mem type="soa" free="3857280" total="8053760" percent="47" />
    <mem type="loa" free="334848" total="334848" percent="100" />
  </mem>
</mem-info>
<gc-op id="238" type="compact" timems="14.272" contextid="231" timestamp="2019-08-02T19:00:33.870">
  <compact-info movecount="31622" movebytes="3683784" reason="no compaction" />
</gc-op>
<gc-end id="239" type="global" contextid="231" durationms="22.492" usertimems="36.000" systemtimems="0.000" timestamp="2019-08-02T19:00:33.871" activeThreads="8">
  <mem-info id="240" free="4183008" total="8388608" percent="49">
    <mem type="tenure" free="4183008" total="8388608" percent="49">
      <mem type="soa" free="3848160" total="8053760" percent="47" />
      <mem type="loa" free="334848" total="334848" percent="100" />
    </mem>
  </mem-info>
</gc-end>
<cycle-end id="241" type="global" contextid="231" timestamp="2019-08-02T19:00:33.871" />
  <attribute name="elasticGC enabled" value="1" />
  <attribute name= "numThreadsSpecified" value="0" />
  <attribute name="heapSize specified" value="8388608" />
  <attribute name= "numCores" value="8" />
  <attribute name ="GC Interval" value="0" />
  <attribute name ="Control flow" value="3" />
  <attribute name="GC Util Range Max" value="89" />
  <attribute name="Current GC Util" value="61" />
  <attribute name= "Current Time Running" value="1171" />
<allocation-satisfied id="242" threadId="0000000000F8FF00" bytesRequested="520" />
<af-end id="243" timestamp="2019-08-02T19:00:33.872" threadId="0000000000F90888" success="true" />
<exclusive-end id="244" timestamp="2019-08-02T19:00:33.872" durationms="23.351" />

<concurrent-kickoff id="245" timestamp="2019-08-02T19:00:33.924">
  <kickoff reason="threshold reached" targetBytes="2489738" thresholdFreeBytes="343258" remainingFree="334848" tenureFreeBytes="334848" />
</concurrent-kickoff>
<exclusive-start id="246" timestamp="2019-08-02T19:00:33.924" intervalms="75.576">
  <response-info timems="0.057" idlems="0.057" threads="0" lastid="0000000000F93B00" lastname="Thread-7" />
</exclusive-start>
<cycle-start id="247" type="global" contextid="0" timestamp="2019-08-02T19:00:33.924" intervalms="75.505" />
<exclusive-end id="248" timestamp="2019-08-02T19:00:33.924" durationms="0.147" />

<exclusive-start id="249" timestamp="2019-08-02T19:00:33.924" intervalms="0.284">
  <response-info timems="0.047" idlems="0.047" threads="0" lastid="0000000000F8FF00" lastname="Thread-6" />
</exclusive-start>
<af-start id="250" threadId="0000000000F90888" totalBytesRequested="16" timestamp="2019-08-02T19:00:33.924" intervalms="75.848" />
<concurrent-aborted id="251" timestamp="2019-08-02T19:00:33.925">
  <reason value="insufficient progress made" />
</concurrent-aborted>
<cycle-end id="252" type="global" contextid="247" timestamp="2019-08-02T19:00:33.925" />
  <attribute name="elasticGC enabled" value="1" />
  <attribute name= "numThreadsSpecified" value="0" />
  <attribute name="heapSize specified" value="8388608" />
  <attribute name= "numCores" value="8" />
  <attribute name ="GC Interval" value="0" />
  <attribute name ="Control flow" value="3" />
  <attribute name="GC Util Range Max" value="89" />
  <attribute name="Current GC Util" value="61" />
  <attribute name= "Current Time Running" value="1171" />
<cycle-start id="253" type="global" contextid="0" timestamp="2019-08-02T19:00:33.925" intervalms="0.456" />
<gc-start id="254" type="global" contextid="253" timestamp="2019-08-02T19:00:33.925">
  <mem-info id="255" free="334848" total="8388608" percent="3">
    <mem type="tenure" free="334848" total="8388608" percent="3">
      <mem type="soa" free="0" total="8053760" percent="0" />
      <mem type="loa" free="334848" total="334848" percent="100" />
    </mem>
  </mem-info>
</gc-start>
<allocation-stats totalBytes="3856576" >
  <allocated-bytes non-tlh="131104" tlh="3725472" />
  <largest-consumer threadName="Thread-7" threadId="0000000000F93B00" bytes="913496" />
</allocation-stats>
<heap-resize id="256" type="loa contract" space="tenure" amount="83968" count="1" timems="0.000" reason="contract underutilized loa" timestamp="2019-08-02T19:00:33.925" />
<gc-op id="257" type="mark" timems="3.919" contextid="253" timestamp="2019-08-02T19:00:33.929">
  <trace-info objectcount="43109" scancount="34777" scanbytes="1999036" />
  <finalization candidates="25" enqueued="0" />
  <references type="soft" candidates="153" cleared="61" enqueued="59" dynamicThreshold="15" maxThreshold="32" />
  <references type="weak" candidates="278" cleared="0" enqueued="0" />
  <references type="phantom" candidates="101" cleared="0" enqueued="0" />
  <stringconstants candidates="3963" cleared="0"  />
</gc-op>
<gc-op id="258" type="sweep" timems="1.168" contextid="253" timestamp="2019-08-02T19:00:33.930" />
<mem-info id="259" free="3998864" total="8388608" percent="47">
  <mem type="tenure" free="3998864" total="8388608" percent="47" micro-fragmented="25757">
    <mem type="soa" free="3747984" total="8137728" percent="46" />
    <mem type="loa" free="250880" total="250880" percent="100" />
  </mem>
  <pending-finalizers system="0" default="0" reference="59" classloader="0" />
</mem-info>
<gc-op id="260" type="compact" timems="11.741" contextid="253" timestamp="2019-08-02T19:00:33.942">
  <compact-info movecount="37168" movebytes="4064728" reason="no compaction" />
</gc-op>
<gc-end id="261" type="global" contextid="253" durationms="18.094" usertimems="28.000" systemtimems="4.000" timestamp="2019-08-02T19:00:33.943" activeThreads="8">
  <mem-info id="262" free="3994656" total="8388608" percent="47">
    <mem type="tenure" free="3994656" total="8388608" percent="47">
      <mem type="soa" free="3743776" total="8137728" percent="46" />
      <mem type="loa" free="250880" total="250880" percent="100" />
    </mem>
    <pending-finalizers system="0" default="0" reference="59" classloader="0" />
  </mem-info>
</gc-end>
<cycle-end id="263" type="global" contextid="253" timestamp="2019-08-02T19:00:33.943" />
  <attribute name="elasticGC enabled" value="1" />
  <attribute name= "numThreadsSpecified" value="0" />
  <attribute name="heapSize specified" value="8388608" />
  <attribute name= "numCores" value="8" />
  <attribute name ="GC Interval" value="0" />
  <attribute name ="Control flow" value="3" />
  <attribute name="GC Util Range Max" value="89" />
  <attribute name="Current GC Util" value="55" />
  <attribute name= "Current Time Running" value="1243" />
<allocation-satisfied id="264" threadId="0000000000F8FF00" bytesRequested="16" />
<af-end id="265" timestamp="2019-08-02T19:00:33.943" threadId="0000000000F90888" success="true" />
<exclusive-end id="266" timestamp="2019-08-02T19:00:33.943" durationms="18.795" />

<concurrent-kickoff id="267" timestamp="2019-08-02T19:00:34.015">
  <kickoff reason="threshold reached" targetBytes="2489738" thresholdFreeBytes="343258" remainingFree="250880" tenureFreeBytes="250880" />
</concurrent-kickoff>
<exclusive-start id="268" timestamp="2019-08-02T19:00:34.016" intervalms="91.197">
  <response-info timems="0.139" idlems="0.079" threads="1" lastid="0000000000F84C00" lastname="Thread-3" />
</exclusive-start>
<af-start id="269" threadId="0000000000F89188" totalBytesRequested="48" timestamp="2019-08-02T19:00:34.016" intervalms="91.213" />
<concurrent-aborted id="270" timestamp="2019-08-02T19:00:34.016">
  <reason value="insufficient progress made" />
</concurrent-aborted>
<cycle-end id="271" type="global" contextid="247" timestamp="2019-08-02T19:00:34.016" />
  <attribute name="elasticGC enabled" value="1" />
  <attribute name= "numThreadsSpecified" value="0" />
  <attribute name="heapSize specified" value="8388608" />
  <attribute name= "numCores" value="8" />
  <attribute name ="GC Interval" value="0" />
  <attribute name ="Control flow" value="3" />
  <attribute name="GC Util Range Max" value="89" />
  <attribute name="Current GC Util" value="55" />
  <attribute name= "Current Time Running" value="1243" />
<cycle-start id="272" type="global" contextid="0" timestamp="2019-08-02T19:00:34.016" intervalms="91.197" />
<gc-start id="273" type="global" contextid="272" timestamp="2019-08-02T19:00:34.016">
  <mem-info id="274" free="250880" total="8388608" percent="2">
    <mem type="tenure" free="250880" total="8388608" percent="2">
      <mem type="soa" free="0" total="8137728" percent="0" />
      <mem type="loa" free="250880" total="250880" percent="100" />
    </mem>
  </mem-info>
</gc-start>
<allocation-stats totalBytes="3784456" >
  <allocated-bytes non-tlh="98328" tlh="3686128" />
  <largest-consumer threadName="Thread-8" threadId="0000000000F97700" bytes="1035288" />
</allocation-stats>
<heap-resize id="275" type="loa contract" space="tenure" amount="83968" count="1" timems="0.000" reason="contract underutilized loa" timestamp="2019-08-02T19:00:34.016" />
<gc-op id="276" type="mark" timems="1.274" contextid="272" timestamp="2019-08-02T19:00:34.017">
  <trace-info objectcount="41522" scancount="33622" scanbytes="1968544" />
  <finalization candidates="25" enqueued="0" />
  <references type="soft" candidates="92" cleared="22" enqueued="20" dynamicThreshold="15" maxThreshold="32" />
  <references type="weak" candidates="277" cleared="0" enqueued="0" />
  <references type="phantom" candidates="99" cleared="0" enqueued="0" />
  <stringconstants candidates="3963" cleared="18"  />
</gc-op>
<gc-op id="277" type="sweep" timems="0.332" contextid="272" timestamp="2019-08-02T19:00:34.018" />
<mem-info id="278" free="4054792" total="8388608" percent="48">
  <mem type="tenure" free="4054792" total="8388608" percent="48" micro-fragmented="15112">
    <mem type="soa" free="3887880" total="8221696" percent="47" />
    <mem type="loa" free="166912" total="166912" percent="100" />
  </mem>
  <pending-finalizers system="0" default="0" reference="20" classloader="0" />
</mem-info>
<gc-op id="279" type="compact" timems="7.301" contextid="272" timestamp="2019-08-02T19:00:34.025">
  <compact-info movecount="26214" movebytes="3616200" reason="no compaction" />
</gc-op>
<gc-end id="280" type="global" contextid="272" durationms="9.534" usertimems="12.000" systemtimems="4.000" timestamp="2019-08-02T19:00:34.025" activeThreads="8">
  <mem-info id="281" free="4073144" total="8388608" percent="48">
    <mem type="tenure" free="4073144" total="8388608" percent="48">
      <mem type="soa" free="3906232" total="8221696" percent="47" />
      <mem type="loa" free="166912" total="166912" percent="100" />
    </mem>
    <pending-finalizers system="0" default="0" reference="20" classloader="0" />
  </mem-info>
</gc-end>
<cycle-end id="282" type="global" contextid="272" timestamp="2019-08-02T19:00:34.026" />
  <attribute name="elasticGC enabled" value="1" />
  <attribute name= "numThreadsSpecified" value="0" />
  <attribute name="heapSize specified" value="8388608" />
  <attribute name= "numCores" value="8" />
  <attribute name ="GC Interval" value="0" />
  <attribute name ="Control flow" value="3" />
  <attribute name="GC Util Range Max" value="89" />
  <attribute name="Current GC Util" value="23" />
  <attribute name= "Current Time Running" value="1326" />
<allocation-satisfied id="283" threadId="0000000000F88800" bytesRequested="48" />
<af-end id="284" timestamp="2019-08-02T19:00:34.026" threadId="0000000000F89188" success="true" />
<exclusive-end id="285" timestamp="2019-08-02T19:00:34.026" durationms="10.254" />

<concurrent-kickoff id="286" timestamp="2019-08-02T19:00:34.060">
  <kickoff reason="threshold reached" targetBytes="2489738" thresholdFreeBytes="343258" remainingFree="341672" tenureFreeBytes="341672" />
</concurrent-kickoff>
<exclusive-start id="287" timestamp="2019-08-02T19:00:34.060" intervalms="44.391">
  <response-info timems="0.113" idlems="0.113" threads="0" lastid="0000000000F8FF00" lastname="Thread-6" />
</exclusive-start>
<cycle-start id="288" type="global" contextid="0" timestamp="2019-08-02T19:00:34.060" intervalms="44.190" />
<exclusive-end id="289" timestamp="2019-08-02T19:00:34.060" durationms="0.129" />

<exclusive-start id="290" timestamp="2019-08-02T19:00:34.064" intervalms="3.567">
  <response-info timems="0.184" idlems="0.184" threads="0" lastid="0000000000F84C00" lastname="Thread-3" />
</exclusive-start>
<af-start id="291" threadId="0000000000F85588" totalBytesRequested="16392" timestamp="2019-08-02T19:00:34.064" intervalms="47.938" />
<concurrent-aborted id="292" timestamp="2019-08-02T19:00:34.064">
  <reason value="insufficient progress made" />
</concurrent-aborted>
<cycle-end id="293" type="global" contextid="288" timestamp="2019-08-02T19:00:34.064" />
  <attribute name="elasticGC enabled" value="1" />
  <attribute name= "numThreadsSpecified" value="0" />
  <attribute name="heapSize specified" value="8388608" />
  <attribute name= "numCores" value="8" />
  <attribute name ="GC Interval" value="0" />
  <attribute name ="Control flow" value="3" />
  <attribute name="GC Util Range Max" value="89" />
  <attribute name="Current GC Util" value="23" />
  <attribute name= "Current Time Running" value="1326" />
<cycle-start id="294" type="global" contextid="0" timestamp="2019-08-02T19:00:34.064" intervalms="3.741" />
<gc-start id="295" type="global" contextid="294" timestamp="2019-08-02T19:00:34.064">
  <mem-info id="296" free="166912" total="8388608" percent="1">
    <mem type="tenure" free="166912" total="8388608" percent="1">
      <mem type="soa" free="0" total="8221696" percent="0" />
      <mem type="loa" free="166912" total="166912" percent="100" />
    </mem>
  </mem-info>
</gc-start>
<allocation-stats totalBytes="3842312" >
  <allocated-bytes non-tlh="65552" tlh="3776760" />
  <largest-consumer threadName="Thread-7" threadId="0000000000F93B00" bytes="1264648" />
</allocation-stats>
<heap-resize id="297" type="loa contract" space="tenure" amount="83968" count="1" timems="0.000" reason="contract underutilized loa" timestamp="2019-08-02T19:00:34.064" />
<gc-op id="298" type="mark" timems="1.236" contextid="294" timestamp="2019-08-02T19:00:34.065">
  <trace-info objectcount="40731" scancount="33039" scanbytes="1988608" />
  <finalization candidates="25" enqueued="0" />
  <references type="soft" candidates="70" cleared="5" enqueued="3" dynamicThreshold="15" maxThreshold="32" />
  <references type="weak" candidates="277" cleared="0" enqueued="0" />
  <references type="phantom" candidates="99" cleared="0" enqueued="0" />
  <stringconstants candidates="3945" cleared="1"  />
</gc-op>
<gc-op id="299" type="sweep" timems="0.258" contextid="294" timestamp="2019-08-02T19:00:34.066" />
<mem-info id="300" free="4078408" total="8388608" percent="48">
  <mem type="tenure" free="4078408" total="8388608" percent="48" micro-fragmented="62202">
    <mem type="soa" free="3995464" total="8305664" percent="48" />
    <mem type="loa" free="82944" total="82944" percent="100" />
  </mem>
  <pending-finalizers system="0" default="0" reference="3" classloader="0" />
</mem-info>
<gc-op id="301" type="compact" timems="8.193" contextid="294" timestamp="2019-08-02T19:00:34.074">
  <compact-info movecount="29469" movebytes="3794512" reason="no compaction" />
</gc-op>
<gc-end id="302" type="global" contextid="294" durationms="10.306" usertimems="8.000" systemtimems="8.000" timestamp="2019-08-02T19:00:34.074" activeThreads="8">
  <mem-info id="303" free="4051864" total="8388608" percent="48">
    <mem type="tenure" free="4051864" total="8388608" percent="48">
      <mem type="soa" free="3968920" total="8305664" percent="47" />
      <mem type="loa" free="82944" total="82944" percent="100" />
    </mem>
    <pending-finalizers system="0" default="0" reference="3" classloader="0" />
  </mem-info>
</gc-end>
<cycle-end id="304" type="global" contextid="294" timestamp="2019-08-02T19:00:34.074" />
  <attribute name="elasticGC enabled" value="1" />
  <attribute name= "numThreadsSpecified" value="0" />
  <attribute name="heapSize specified" value="8388608" />
  <attribute name= "numCores" value="8" />
  <attribute name ="GC Interval" value="0" />
  <attribute name ="Control flow" value="3" />
  <attribute name="GC Util Range Max" value="89" />
  <attribute name="Current GC Util" value="23" />
  <attribute name= "Current Time Running" value="1375" />
<allocation-satisfied id="305" threadId="0000000000F84C00" bytesRequested="16392" />
<af-end id="306" timestamp="2019-08-02T19:00:34.075" threadId="0000000000F85588" success="true" />
<exclusive-end id="307" timestamp="2019-08-02T19:00:34.075" durationms="11.024" />

<concurrent-kickoff id="308" timestamp="2019-08-02T19:00:34.138">
  <kickoff reason="threshold reached" targetBytes="2489738" thresholdFreeBytes="343258" remainingFree="283504" tenureFreeBytes="283504" />
</concurrent-kickoff>
<exclusive-start id="309" timestamp="2019-08-02T19:00:34.138" intervalms="74.445">
  <response-info timems="0.104" idlems="0.104" threads="0" lastid="0000000000F8FF00" lastname="Thread-6" />
</exclusive-start>
<cycle-start id="310" type="global" contextid="0" timestamp="2019-08-02T19:00:34.138" intervalms="74.299" />
<exclusive-end id="311" timestamp="2019-08-02T19:00:34.138" durationms="0.149" />

<exclusive-start id="312" timestamp="2019-08-02T19:00:34.142" intervalms="3.978">
  <response-info timems="0.048" idlems="0.048" threads="0" lastid="0000000000F93B00" lastname="Thread-7" />
</exclusive-start>
<af-start id="313" threadId="0000000000F94488" totalBytesRequested="16" timestamp="2019-08-02T19:00:34.142" intervalms="78.455" />
<concurrent-aborted id="314" timestamp="2019-08-02T19:00:34.142">
  <reason value="insufficient progress made" />
</concurrent-aborted>
<cycle-end id="315" type="global" contextid="310" timestamp="2019-08-02T19:00:34.142" />
  <attribute name="elasticGC enabled" value="1" />
  <attribute name= "numThreadsSpecified" value="0" />
  <attribute name="heapSize specified" value="8388608" />
  <attribute name= "numCores" value="8" />
  <attribute name ="GC Interval" value="0" />
  <attribute name ="Control flow" value="3" />
  <attribute name="GC Util Range Max" value="89" />
  <attribute name="Current GC Util" value="23" />
  <attribute name= "Current Time Running" value="1375" />
<cycle-start id="316" type="global" contextid="0" timestamp="2019-08-02T19:00:34.142" intervalms="4.166" />
<gc-start id="317" type="global" contextid="316" timestamp="2019-08-02T19:00:34.142">
  <mem-info id="318" free="82944" total="8388608" percent="0">
    <mem type="tenure" free="82944" total="8388608" percent="0">
      <mem type="soa" free="0" total="8305664" percent="0" />
      <mem type="loa" free="82944" total="82944" percent="100" />
    </mem>
  </mem-info>
</gc-start>
<allocation-stats totalBytes="4021720" >
  <allocated-bytes non-tlh="163880" tlh="3857840" />
  <largest-consumer threadName="Thread-4" threadId="0000000000F88800" bytes="678976" />
</allocation-stats>
<gc-op id="319" type="mark" timems="1.329" contextid="316" timestamp="2019-08-02T19:00:34.144">
  <trace-info objectcount="41339" scancount="33574" scanbytes="2040544" />
  <finalization candidates="25" enqueued="0" />
  <references type="soft" candidates="65" cleared="0" enqueued="0" dynamicThreshold="15" maxThreshold="32" />
  <references type="weak" candidates="277" cleared="0" enqueued="0" />
  <references type="phantom" candidates="100" cleared="0" enqueued="0" />
  <stringconstants candidates="3944" cleared="0"  />
</gc-op>
<gc-op id="320" type="sweep" timems="0.241" contextid="316" timestamp="2019-08-02T19:00:34.144" />
<mem-info id="321" free="3960128" total="8388608" percent="47">
  <mem type="tenure" free="3960128" total="8388608" percent="47" micro-fragmented="10501">
    <mem type="soa" free="3877184" total="8305664" percent="46" />
    <mem type="loa" free="82944" total="82944" percent="100" />
  </mem>
</mem-info>
<gc-op id="322" type="compact" timems="4.991" contextid="316" timestamp="2019-08-02T19:00:34.149">
  <compact-info movecount="13450" movebytes="2487288" reason="no compaction" />
</gc-op>
<gc-end id="323" type="global" contextid="316" durationms="7.088" usertimems="12.000" systemtimems="0.000" timestamp="2019-08-02T19:00:34.149" activeThreads="8">
  <mem-info id="324" free="3960448" total="8388608" percent="47">
    <mem type="tenure" free="3960448" total="8388608" percent="47">
      <mem type="soa" free="3877504" total="8305664" percent="46" />
      <mem type="loa" free="82944" total="82944" percent="100" />
    </mem>
  </mem-info>
</gc-end>
<cycle-end id="325" type="global" contextid="316" timestamp="2019-08-02T19:00:34.150" />
  <attribute name="elasticGC enabled" value="1" />
  <attribute name= "numThreadsSpecified" value="0" />
  <attribute name="heapSize specified" value="8388608" />
  <attribute name= "numCores" value="8" />
  <attribute name ="GC Interval" value="0" />
  <attribute name ="Control flow" value="3" />
  <attribute name="GC Util Range Max" value="89" />
  <attribute name="Current GC Util" value="25" />
  <attribute name= "Current Time Running" value="1450" />
<allocation-satisfied id="326" threadId="0000000000F93B00" bytesRequested="16" />
<af-end id="327" timestamp="2019-08-02T19:00:34.150" threadId="0000000000F94488" success="true" />
<exclusive-end id="328" timestamp="2019-08-02T19:00:34.150" durationms="7.842" />

<concurrent-kickoff id="329" timestamp="2019-08-02T19:00:34.185">
  <kickoff reason="threshold reached" targetBytes="2489738" thresholdFreeBytes="343258" remainingFree="290424" tenureFreeBytes="290424" />
</concurrent-kickoff>
<exclusive-start id="330" timestamp="2019-08-02T19:00:34.185" intervalms="43.176">
  <response-info timems="0.044" idlems="0.044" threads="0" lastid="0000000000F97700" lastname="Thread-8" />
</exclusive-start>
<cycle-start id="331" type="global" contextid="0" timestamp="2019-08-02T19:00:34.185" intervalms="43.032" />
<exclusive-end id="332" timestamp="2019-08-02T19:00:34.185" durationms="0.198" />

<exclusive-start id="333" timestamp="2019-08-02T19:00:34.190" intervalms="5.157">
  <response-info timems="0.041" idlems="0.041" threads="0" lastid="0000000000F9B300" lastname="Thread-9" />
</exclusive-start>
<af-start id="334" threadId="0000000000F9BC88" totalBytesRequested="8200" timestamp="2019-08-02T19:00:34.191" intervalms="48.400" />
<concurrent-aborted id="335" timestamp="2019-08-02T19:00:34.191">
  <reason value="insufficient progress made" />
</concurrent-aborted>
<cycle-end id="336" type="global" contextid="331" timestamp="2019-08-02T19:00:34.191" />
  <attribute name="elasticGC enabled" value="1" />
  <attribute name= "numThreadsSpecified" value="0" />
  <attribute name="heapSize specified" value="8388608" />
  <attribute name= "numCores" value="8" />
  <attribute name ="GC Interval" value="0" />
  <attribute name ="Control flow" value="3" />
  <attribute name="GC Util Range Max" value="89" />
  <attribute name="Current GC Util" value="25" />
  <attribute name= "Current Time Running" value="1450" />
<cycle-start id="337" type="global" contextid="0" timestamp="2019-08-02T19:00:34.191" intervalms="5.363" />
<gc-start id="338" type="global" contextid="337" timestamp="2019-08-02T19:00:34.191">
  <mem-info id="339" free="82944" total="8388608" percent="0">
    <mem type="tenure" free="82944" total="8388608" percent="0">
      <mem type="soa" free="0" total="8305664" percent="0" />
      <mem type="loa" free="82944" total="82944" percent="100" />
    </mem>
  </mem-info>
</gc-start>
<allocation-stats totalBytes="3815200" >
  <allocated-bytes non-tlh="32776" tlh="3782424" />
  <largest-consumer threadName="Thread-5" threadId="0000000000F8C300" bytes="903544" />
</allocation-stats>
<gc-op id="340" type="mark" timems="1.346" contextid="337" timestamp="2019-08-02T19:00:34.192">
  <trace-info objectcount="40813" scancount="33044" scanbytes="1954304" />
  <finalization candidates="25" enqueued="0" />
  <references type="soft" candidates="65" cleared="0" enqueued="0" dynamicThreshold="15" maxThreshold="32" />
  <references type="weak" candidates="278" cleared="0" enqueued="0" />
  <references type="phantom" candidates="100" cleared="0" enqueued="0" />
  <stringconstants candidates="3944" cleared="0"  />
</gc-op>
<gc-op id="341" type="sweep" timems="0.290" contextid="337" timestamp="2019-08-02T19:00:34.193" />
<mem-info id="342" free="4170144" total="8388608" percent="49">
  <mem type="tenure" free="4170144" total="8388608" percent="49" micro-fragmented="3096">
    <mem type="soa" free="4087200" total="8305664" percent="49" />
    <mem type="loa" free="82944" total="82944" percent="100" />
  </mem>
</mem-info>
<gc-op id="343" type="compact" timems="5.132" contextid="337" timestamp="2019-08-02T19:00:34.198">
  <compact-info movecount="12924" movebytes="2289456" reason="no compaction" />
</gc-op>
<gc-end id="344" type="global" contextid="337" durationms="7.433" usertimems="16.000" systemtimems="0.000" timestamp="2019-08-02T19:00:34.198" activeThreads="8">
  <mem-info id="345" free="4191040" total="8388608" percent="49">
    <mem type="tenure" free="4191040" total="8388608" percent="49">
      <mem type="soa" free="4108096" total="8305664" percent="49" />
      <mem type="loa" free="82944" total="82944" percent="100" />
    </mem>
  </mem-info>
</gc-end>
<cycle-end id="346" type="global" contextid="337" timestamp="2019-08-02T19:00:34.198" />
  <attribute name="elasticGC enabled" value="1" />
  <attribute name= "numThreadsSpecified" value="0" />
  <attribute name="heapSize specified" value="8388608" />
  <attribute name= "numCores" value="8" />
  <attribute name ="GC Interval" value="0" />
  <attribute name ="Control flow" value="3" />
  <attribute name="GC Util Range Max" value="89" />
  <attribute name="Current GC Util" value="28" />
  <attribute name= "Current Time Running" value="1499" />
<allocation-satisfied id="347" threadId="0000000000F9B300" bytesRequested="8200" />
<af-end id="348" timestamp="2019-08-02T19:00:34.199" threadId="0000000000F9BC88" success="true" />
<exclusive-end id="349" timestamp="2019-08-02T19:00:34.199" durationms="8.326" />

<concurrent-kickoff id="350" timestamp="2019-08-02T19:00:34.252">
  <kickoff reason="threshold reached" targetBytes="2489738" thresholdFreeBytes="343258" remainingFree="283416" tenureFreeBytes="283416" />
</concurrent-kickoff>
<exclusive-start id="351" timestamp="2019-08-02T19:00:34.252" intervalms="62.060">
  <response-info timems="0.124" idlems="0.070" threads="1" lastid="0000000000F97700" lastname="Thread-8" />
</exclusive-start>
<cycle-start id="352" type="global" contextid="0" timestamp="2019-08-02T19:00:34.252" intervalms="61.769" />
<exclusive-end id="353" timestamp="2019-08-02T19:00:34.252" durationms="0.108" />

<exclusive-start id="354" timestamp="2019-08-02T19:00:34.254" intervalms="1.604">
  <response-info timems="0.057" idlems="0.057" threads="0" lastid="0000000000F8C300" lastname="Thread-5" />
</exclusive-start>
<af-start id="355" threadId="0000000000F8CC88" totalBytesRequested="16392" timestamp="2019-08-02T19:00:34.254" intervalms="63.661" />
<concurrent-aborted id="356" timestamp="2019-08-02T19:00:34.254">
  <reason value="insufficient progress made" />
</concurrent-aborted>
<cycle-end id="357" type="global" contextid="352" timestamp="2019-08-02T19:00:34.254" />
  <attribute name="elasticGC enabled" value="1" />
  <attribute name= "numThreadsSpecified" value="0" />
  <attribute name="heapSize specified" value="8388608" />
  <attribute name= "numCores" value="8" />
  <attribute name ="GC Interval" value="0" />
  <attribute name ="Control flow" value="3" />
  <attribute name="GC Util Range Max" value="89" />
  <attribute name="Current GC Util" value="28" />
  <attribute name= "Current Time Running" value="1499" />
<cycle-start id="358" type="global" contextid="0" timestamp="2019-08-02T19:00:34.254" intervalms="1.905" />
<gc-start id="359" type="global" contextid="358" timestamp="2019-08-02T19:00:34.254">
  <mem-info id="360" free="82944" total="8388608" percent="0">
    <mem type="tenure" free="82944" total="8388608" percent="0">
      <mem type="soa" free="0" total="8305664" percent="0" />
      <mem type="loa" free="82944" total="82944" percent="100" />
    </mem>
  </mem-info>
</gc-start>
<allocation-stats totalBytes="4046928" >
  <allocated-bytes non-tlh="172080" tlh="3874848" />
  <largest-consumer threadName="Thread-3" threadId="0000000000F84C00" bytes="934504" />
</allocation-stats>
<gc-op id="361" type="mark" timems="1.189" contextid="358" timestamp="2019-08-02T19:00:34.256">
  <trace-info objectcount="40457" scancount="32750" scanbytes="1940428" />
  <finalization candidates="25" enqueued="0" />
  <references type="soft" candidates="65" cleared="0" enqueued="0" dynamicThreshold="15" maxThreshold="32" />
  <references type="weak" candidates="278" cleared="0" enqueued="0" />
  <references type="phantom" candidates="101" cleared="0" enqueued="0" />
  <stringconstants candidates="3944" cleared="0"  />
</gc-op>
<gc-op id="362" type="sweep" timems="0.238" contextid="358" timestamp="2019-08-02T19:00:34.256" />
<mem-info id="363" free="4147472" total="8388608" percent="49">
  <mem type="tenure" free="4147472" total="8388608" percent="49" micro-fragmented="27348">
    <mem type="soa" free="4064528" total="8305664" percent="48" />
    <mem type="loa" free="82944" total="82944" percent="100" />
  </mem>
</mem-info>
<gc-op id="364" type="compact" timems="5.452" contextid="358" timestamp="2019-08-02T19:00:34.262">
  <compact-info movecount="12568" movebytes="2304880" reason="no compaction" />
</gc-op>
<gc-end id="365" type="global" contextid="358" durationms="7.527" usertimems="12.000" systemtimems="0.000" timestamp="2019-08-02T19:00:34.262" activeThreads="8">
  <mem-info id="366" free="4167424" total="8388608" percent="49">
    <mem type="tenure" free="4167424" total="8388608" percent="49">
      <mem type="soa" free="4084480" total="8305664" percent="49" />
      <mem type="loa" free="82944" total="82944" percent="100" />
    </mem>
  </mem-info>
</gc-end>
<cycle-end id="367" type="global" contextid="358" timestamp="2019-08-02T19:00:34.262" />
  <attribute name="elasticGC enabled" value="1" />
  <attribute name= "numThreadsSpecified" value="0" />
  <attribute name="heapSize specified" value="8388608" />
  <attribute name= "numCores" value="8" />
  <attribute name ="GC Interval" value="0" />
  <attribute name ="Control flow" value="3" />
  <attribute name="GC Util Range Max" value="89" />
  <attribute name="Current GC Util" value="105" />
  <attribute name= "Current Time Running" value="1563" />
<allocation-satisfied id="368" threadId="0000000000F8C300" bytesRequested="16392" />
<af-end id="369" timestamp="2019-08-02T19:00:34.262" threadId="0000000000F8CC88" success="true" />
<exclusive-end id="370" timestamp="2019-08-02T19:00:34.262" durationms="8.481" />

<concurrent-kickoff id="371" timestamp="2019-08-02T19:00:34.316">
  <kickoff reason="threshold reached" targetBytes="2489738" thresholdFreeBytes="343258" remainingFree="288496" tenureFreeBytes="288496" />
</concurrent-kickoff>
<exclusive-start id="372" timestamp="2019-08-02T19:00:34.316" intervalms="62.267">
  <response-info timems="0.062" idlems="0.062" threads="0" lastid="0000000000F93B00" lastname="Thread-7" />
</exclusive-start>
<cycle-start id="373" type="global" contextid="0" timestamp="2019-08-02T19:00:34.316" intervalms="61.965" />
<exclusive-end id="374" timestamp="2019-08-02T19:00:34.316" durationms="0.109" />

<exclusive-start id="375" timestamp="2019-08-02T19:00:34.319" intervalms="3.229">
  <response-info timems="0.038" idlems="0.038" threads="0" lastid="0000000000F97700" lastname="Thread-8" />
</exclusive-start>
<af-start id="376" threadId="0000000000F98088" totalBytesRequested="16392" timestamp="2019-08-02T19:00:34.320" intervalms="65.458" />
<concurrent-aborted id="377" timestamp="2019-08-02T19:00:34.320">
  <reason value="insufficient progress made" />
</concurrent-aborted>
<cycle-end id="378" type="global" contextid="373" timestamp="2019-08-02T19:00:34.320" />
  <attribute name="elasticGC enabled" value="1" />
  <attribute name= "numThreadsSpecified" value="0" />
  <attribute name="heapSize specified" value="8388608" />
  <attribute name= "numCores" value="8" />
  <attribute name ="GC Interval" value="0" />
  <attribute name ="Control flow" value="3" />
  <attribute name="GC Util Range Max" value="89" />
  <attribute name="Current GC Util" value="105" />
  <attribute name= "Current Time Running" value="1563" />
<cycle-start id="379" type="global" contextid="0" timestamp="2019-08-02T19:00:34.320" intervalms="3.484" />
<gc-start id="380" type="global" contextid="379" timestamp="2019-08-02T19:00:34.320">
  <mem-info id="381" free="82944" total="8388608" percent="0">
    <mem type="tenure" free="82944" total="8388608" percent="0">
      <mem type="soa" free="0" total="8305664" percent="0" />
      <mem type="loa" free="82944" total="82944" percent="100" />
    </mem>
  </mem-info>
</gc-start>
<allocation-stats totalBytes="4059248" >
  <allocated-bytes non-tlh="81944" tlh="3977304" />
  <largest-consumer threadName="Thread-7" threadId="0000000000F93B00" bytes="974080" />
</allocation-stats>
<gc-op id="382" type="mark" timems="2.743" contextid="379" timestamp="2019-08-02T19:00:34.323">
  <trace-info objectcount="41026" scancount="33230" scanbytes="1993004" />
  <finalization candidates="25" enqueued="0" />
  <references type="soft" candidates="65" cleared="0" enqueued="0" dynamicThreshold="15" maxThreshold="32" />
  <references type="weak" candidates="277" cleared="0" enqueued="0" />
  <references type="phantom" candidates="99" cleared="0" enqueued="0" />
  <stringconstants candidates="3944" cleared="0"  />
</gc-op>
<gc-op id="383" type="sweep" timems="0.238" contextid="379" timestamp="2019-08-02T19:00:34.323" />
<mem-info id="384" free="4015456" total="8388608" percent="47">
  <mem type="tenure" free="4015456" total="8388608" percent="47" micro-fragmented="41089">
    <mem type="soa" free="3932512" total="8305664" percent="47" />
    <mem type="loa" free="82944" total="82944" percent="100" />
  </mem>
</mem-info>
<gc-op id="385" type="compact" timems="7.042" contextid="379" timestamp="2019-08-02T19:00:34.330">
  <compact-info movecount="13137" movebytes="2443000" reason="no compaction" />
</gc-op>
<gc-end id="386" type="global" contextid="379" durationms="10.680" usertimems="12.000" systemtimems="4.000" timestamp="2019-08-02T19:00:34.331" activeThreads="8">
  <mem-info id="387" free="4004736" total="8388608" percent="47">
    <mem type="tenure" free="4004736" total="8388608" percent="47">
      <mem type="soa" free="3921792" total="8305664" percent="47" />
      <mem type="loa" free="82944" total="82944" percent="100" />
    </mem>
  </mem-info>
</gc-end>
<cycle-end id="388" type="global" contextid="379" timestamp="2019-08-02T19:00:34.331" />
  <attribute name="elasticGC enabled" value="1" />
  <attribute name= "numThreadsSpecified" value="0" />
  <attribute name="heapSize specified" value="8388608" />
  <attribute name= "numCores" value="8" />
  <attribute name ="GC Interval" value="0" />
  <attribute name ="Control flow" value="3" />
  <attribute name="GC Util Range Max" value="89" />
  <attribute name="Current GC Util" value="56" />
  <attribute name= "Current Time Running" value="1631" />
<allocation-satisfied id="389" threadId="0000000000F97700" bytesRequested="16392" />
<af-end id="390" timestamp="2019-08-02T19:00:34.331" threadId="0000000000F98088" success="true" />
<exclusive-end id="391" timestamp="2019-08-02T19:00:34.331" durationms="11.563" />

<concurrent-kickoff id="392" timestamp="2019-08-02T19:00:34.368">
  <kickoff reason="threshold reached" targetBytes="2489738" thresholdFreeBytes="343258" remainingFree="289624" tenureFreeBytes="289624" />
</concurrent-kickoff>
<exclusive-start id="393" timestamp="2019-08-02T19:00:34.368" intervalms="48.310">
  <response-info timems="0.051" idlems="0.051" threads="0" lastid="0000000000F8FF00" lastname="Thread-6" />
</exclusive-start>
<cycle-start id="394" type="global" contextid="0" timestamp="2019-08-02T19:00:34.368" intervalms="48.154" />
<exclusive-end id="395" timestamp="2019-08-02T19:00:34.368" durationms="0.222" />

<exclusive-start id="396" timestamp="2019-08-02T19:00:34.370" intervalms="1.929">
  <response-info timems="0.037" idlems="0.037" threads="0" lastid="0000000000F9EF00" lastname="Thread-10" />
</exclusive-start>
<af-start id="397" threadId="0000000000F9F888" totalBytesRequested="16392" timestamp="2019-08-02T19:00:34.370" intervalms="50.261" />
<concurrent-aborted id="398" timestamp="2019-08-02T19:00:34.370">
  <reason value="insufficient progress made" />
</concurrent-aborted>
<cycle-end id="399" type="global" contextid="394" timestamp="2019-08-02T19:00:34.370" />
  <attribute name="elasticGC enabled" value="1" />
  <attribute name= "numThreadsSpecified" value="0" />
  <attribute name="heapSize specified" value="8388608" />
  <attribute name= "numCores" value="8" />
  <attribute name ="GC Interval" value="0" />
  <attribute name ="Control flow" value="3" />
  <attribute name="GC Util Range Max" value="89" />
  <attribute name="Current GC Util" value="56" />
  <attribute name= "Current Time Running" value="1631" />
<cycle-start id="400" type="global" contextid="0" timestamp="2019-08-02T19:00:34.370" intervalms="2.095" />
<gc-start id="401" type="global" contextid="400" timestamp="2019-08-02T19:00:34.370">
  <mem-info id="402" free="82944" total="8388608" percent="0">
    <mem type="tenure" free="82944" total="8388608" percent="0">
      <mem type="soa" free="0" total="8305664" percent="0" />
      <mem type="loa" free="82944" total="82944" percent="100" />
    </mem>
  </mem-info>
</gc-start>
<allocation-stats totalBytes="3806192" >
  <allocated-bytes non-tlh="163880" tlh="3642312" />
  <largest-consumer threadName="Thread-8" threadId="0000000000F97700" bytes="971720" />
</allocation-stats>
<gc-op id="403" type="mark" timems="2.733" contextid="400" timestamp="2019-08-02T19:00:34.373">
  <trace-info objectcount="40129" scancount="32490" scanbytes="1885048" />
  <finalization candidates="25" enqueued="0" />
  <references type="soft" candidates="65" cleared="0" enqueued="0" dynamicThreshold="15" maxThreshold="32" />
  <references type="weak" candidates="277" cleared="0" enqueued="0" />
  <references type="phantom" candidates="99" cleared="0" enqueued="0" />
  <stringconstants candidates="3944" cleared="0"  />
</gc-op>
<gc-op id="404" type="sweep" timems="1.753" contextid="400" timestamp="2019-08-02T19:00:34.375" />
<mem-info id="405" free="4326952" total="8388608" percent="51">
  <mem type="tenure" free="4326952" total="8388608" percent="51" micro-fragmented="514">
    <mem type="soa" free="4244008" total="8305664" percent="51" />
    <mem type="loa" free="82944" total="82944" percent="100" />
  </mem>
</mem-info>
<gc-op id="406" type="compact" timems="7.990" contextid="400" timestamp="2019-08-02T19:00:34.383">
  <compact-info movecount="12240" movebytes="2137608" reason="no compaction" />
</gc-op>
<gc-end id="407" type="global" contextid="400" durationms="13.665" usertimems="28.000" systemtimems="4.000" timestamp="2019-08-02T19:00:34.384" activeThreads="8">
  <mem-info id="408" free="4310128" total="8388608" percent="51">
    <mem type="tenure" free="4310128" total="8388608" percent="51">
      <mem type="soa" free="4227184" total="8305664" percent="50" />
      <mem type="loa" free="82944" total="82944" percent="100" />
    </mem>
  </mem-info>
</gc-end>
<cycle-end id="409" type="global" contextid="400" timestamp="2019-08-02T19:00:34.384" />
  <attribute name="elasticGC enabled" value="1" />
  <attribute name= "numThreadsSpecified" value="0" />
  <attribute name="heapSize specified" value="8388608" />
  <attribute name= "numCores" value="8" />
  <attribute name ="GC Interval" value="0" />
  <attribute name ="Control flow" value="3" />
  <attribute name="GC Util Range Max" value="89" />
  <attribute name="Current GC Util" value="98" />
  <attribute name= "Current Time Running" value="1684" />
<allocation-satisfied id="410" threadId="0000000000F9EF00" bytesRequested="16392" />
<af-end id="411" timestamp="2019-08-02T19:00:34.384" threadId="0000000000F9F888" success="true" />
<exclusive-end id="412" timestamp="2019-08-02T19:00:34.384" durationms="14.686" />

<concurrent-kickoff id="413" timestamp="2019-08-02T19:00:34.437">
  <kickoff reason="threshold reached" targetBytes="2489738" thresholdFreeBytes="343258" remainingFree="296016" tenureFreeBytes="296016" />
</concurrent-kickoff>
<exclusive-start id="414" timestamp="2019-08-02T19:00:34.438" intervalms="68.018">
  <response-info timems="0.067" idlems="0.067" threads="0" lastid="0000000000F97700" lastname="Thread-8" />
</exclusive-start>
<cycle-start id="415" type="global" contextid="0" timestamp="2019-08-02T19:00:34.438" intervalms="67.755" />
<exclusive-end id="416" timestamp="2019-08-02T19:00:34.438" durationms="0.111" />

<exclusive-start id="417" timestamp="2019-08-02T19:00:34.445" intervalms="7.242">
  <response-info timems="0.057" idlems="0.057" threads="0" lastid="0000000000F9B300" lastname="Thread-9" />
</exclusive-start>
<af-start id="418" threadId="0000000000F9BC88" totalBytesRequested="48" timestamp="2019-08-02T19:00:34.445" intervalms="75.285" />
<concurrent-aborted id="419" timestamp="2019-08-02T19:00:34.445">
  <reason value="insufficient progress made" />
</concurrent-aborted>
<cycle-end id="420" type="global" contextid="415" timestamp="2019-08-02T19:00:34.445" />
  <attribute name="elasticGC enabled" value="1" />
  <attribute name= "numThreadsSpecified" value="0" />
  <attribute name="heapSize specified" value="8388608" />
  <attribute name= "numCores" value="8" />
  <attribute name ="GC Interval" value="0" />
  <attribute name ="Control flow" value="3" />
  <attribute name="GC Util Range Max" value="89" />
  <attribute name="Current GC Util" value="98" />
  <attribute name= "Current Time Running" value="1684" />
<cycle-start id="421" type="global" contextid="0" timestamp="2019-08-02T19:00:34.445" intervalms="7.536" />
<gc-start id="422" type="global" contextid="421" timestamp="2019-08-02T19:00:34.445">
  <mem-info id="423" free="82944" total="8388608" percent="0">
    <mem type="tenure" free="82944" total="8388608" percent="0">
      <mem type="soa" free="0" total="8305664" percent="0" />
      <mem type="loa" free="82944" total="82944" percent="100" />
    </mem>
  </mem-info>
</gc-start>
<allocation-stats totalBytes="4175688" >
  <allocated-bytes non-tlh="131104" tlh="4044584" />
  <largest-consumer threadName="Thread-10" threadId="0000000000F9EF00" bytes="697184" />
</allocation-stats>
<gc-op id="424" type="mark" timems="1.401" contextid="421" timestamp="2019-08-02T19:00:34.447">
  <trace-info objectcount="40924" scancount="33166" scanbytes="1957972" />
  <finalization candidates="25" enqueued="0" />
  <references type="soft" candidates="65" cleared="0" enqueued="0" dynamicThreshold="16" maxThreshold="32" />
  <references type="weak" candidates="278" cleared="0" enqueued="0" />
  <references type="phantom" candidates="100" cleared="0" enqueued="0" />
  <stringconstants candidates="3944" cleared="0"  />
</gc-op>
<gc-op id="425" type="sweep" timems="0.269" contextid="421" timestamp="2019-08-02T19:00:34.447" />
<mem-info id="426" free="4111576" total="8388608" percent="49">
  <mem type="tenure" free="4111576" total="8388608" percent="49" micro-fragmented="40925">
    <mem type="soa" free="4028632" total="8305664" percent="48" />
    <mem type="loa" free="82944" total="82944" percent="100" />
  </mem>
</mem-info>
<gc-op id="427" type="compact" timems="5.059" contextid="421" timestamp="2019-08-02T19:00:34.452">
  <compact-info movecount="13035" movebytes="2337272" reason="no compaction" />
</gc-op>
<gc-end id="428" type="global" contextid="421" durationms="7.313" usertimems="20.000" systemtimems="0.000" timestamp="2019-08-02T19:00:34.453" activeThreads="8">
  <mem-info id="429" free="4102272" total="8388608" percent="48">
    <mem type="tenure" free="4102272" total="8388608" percent="48">
      <mem type="soa" free="4019328" total="8305664" percent="48" />
      <mem type="loa" free="82944" total="82944" percent="100" />
    </mem>
  </mem-info>
</gc-end>
<cycle-end id="430" type="global" contextid="421" timestamp="2019-08-02T19:00:34.453" />
  <attribute name="elasticGC enabled" value="1" />
  <attribute name= "numThreadsSpecified" value="0" />
  <attribute name="heapSize specified" value="8388608" />
  <attribute name= "numCores" value="8" />
  <attribute name ="GC Interval" value="0" />
  <attribute name ="Control flow" value="3" />
  <attribute name="GC Util Range Max" value="89" />
  <attribute name="Current GC Util" value="29" />
  <attribute name= "Current Time Running" value="1753" />
<allocation-satisfied id="431" threadId="0000000000F9B300" bytesRequested="48" />
<af-end id="432" timestamp="2019-08-02T19:00:34.453" threadId="0000000000F9BC88" success="true" />
<exclusive-end id="433" timestamp="2019-08-02T19:00:34.453" durationms="8.126" />

<concurrent-kickoff id="434" timestamp="2019-08-02T19:00:34.492">
  <kickoff reason="threshold reached" targetBytes="2489738" thresholdFreeBytes="343258" remainingFree="297056" tenureFreeBytes="297056" />
</concurrent-kickoff>
<exclusive-start id="435" timestamp="2019-08-02T19:00:34.492" intervalms="46.962">
  <response-info timems="0.213" idlems="0.114" threads="1" lastid="0000000000F9B300" lastname="Thread-9" />
</exclusive-start>
<cycle-start id="436" type="global" contextid="0" timestamp="2019-08-02T19:00:34.492" intervalms="46.668" />
<exclusive-end id="437" timestamp="2019-08-02T19:00:34.492" durationms="0.107" />

<exclusive-start id="438" timestamp="2019-08-02T19:00:34.495" intervalms="2.974">
  <response-info timems="0.731" idlems="0.471" threads="2" lastid="0000000000C4C200" lastname="JIT Compilation Thread-1" />
</exclusive-start>
<af-start id="439" threadId="0000000000F90888" totalBytesRequested="8200" timestamp="2019-08-02T19:00:34.495" intervalms="49.831" />
<concurrent-aborted id="440" timestamp="2019-08-02T19:00:34.495">
  <reason value="insufficient progress made" />
</concurrent-aborted>
<cycle-end id="441" type="global" contextid="436" timestamp="2019-08-02T19:00:34.495" />
  <attribute name="elasticGC enabled" value="1" />
  <attribute name= "numThreadsSpecified" value="0" />
  <attribute name="heapSize specified" value="8388608" />
  <attribute name= "numCores" value="8" />
  <attribute name ="GC Interval" value="0" />
  <attribute name ="Control flow" value="3" />
  <attribute name="GC Util Range Max" value="89" />
  <attribute name="Current GC Util" value="29" />
  <attribute name= "Current Time Running" value="1753" />
<cycle-start id="442" type="global" contextid="0" timestamp="2019-08-02T19:00:34.495" intervalms="3.150" />
<gc-start id="443" type="global" contextid="442" timestamp="2019-08-02T19:00:34.495">
  <mem-info id="444" free="82944" total="8388608" percent="0">
    <mem type="tenure" free="82944" total="8388608" percent="0">
      <mem type="soa" free="0" total="8305664" percent="0" />
      <mem type="loa" free="82944" total="82944" percent="100" />
    </mem>
  </mem-info>
</gc-start>
<allocation-stats totalBytes="3959768" >
  <allocated-bytes non-tlh="131104" tlh="3828664" />
  <largest-consumer threadName="Thread-10" threadId="0000000000F9EF00" bytes="910472" />
</allocation-stats>
<gc-op id="445" type="mark" timems="2.189" contextid="442" timestamp="2019-08-02T19:00:34.498">
  <trace-info objectcount="40318" scancount="32658" scanbytes="2009052" />
  <finalization candidates="25" enqueued="0" />
  <references type="soft" candidates="65" cleared="0" enqueued="0" dynamicThreshold="15" maxThreshold="32" />
  <references type="weak" candidates="277" cleared="0" enqueued="0" />
  <references type="phantom" candidates="100" cleared="0" enqueued="0" />
  <stringconstants candidates="3944" cleared="0"  />
</gc-op>
<gc-op id="446" type="sweep" timems="0.991" contextid="442" timestamp="2019-08-02T19:00:34.499" />
<mem-info id="447" free="4213360" total="8388608" percent="50">
  <mem type="tenure" free="4213360" total="8388608" percent="50" micro-fragmented="18299">
    <mem type="soa" free="4130416" total="8305664" percent="49" />
    <mem type="loa" free="82944" total="82944" percent="100" />
  </mem>
</mem-info>
<gc-op id="448" type="compact" timems="7.140" contextid="442" timestamp="2019-08-02T19:00:34.506">
  <compact-info movecount="12429" movebytes="2247632" reason="no compaction" />
</gc-op>
<gc-end id="449" type="global" contextid="442" durationms="11.422" usertimems="32.000" systemtimems="0.000" timestamp="2019-08-02T19:00:34.507" activeThreads="8">
  <mem-info id="450" free="4196008" total="8388608" percent="50">
    <mem type="tenure" free="4196008" total="8388608" percent="50">
      <mem type="soa" free="4113064" total="8305664" percent="49" />
      <mem type="loa" free="82944" total="82944" percent="100" />
    </mem>
  </mem-info>
</gc-end>
<cycle-end id="451" type="global" contextid="442" timestamp="2019-08-02T19:00:34.507" />
  <attribute name="elasticGC enabled" value="1" />
  <attribute name= "numThreadsSpecified" value="0" />
  <attribute name="heapSize specified" value="8388608" />
  <attribute name= "numCores" value="8" />
  <attribute name ="GC Interval" value="0" />
  <attribute name ="Control flow" value="3" />
  <attribute name="GC Util Range Max" value="89" />
  <attribute name="Current GC Util" value="85" />
  <attribute name= "Current Time Running" value="1807" />
<allocation-satisfied id="452" threadId="0000000000F8FF00" bytesRequested="8200" />
<af-end id="453" timestamp="2019-08-02T19:00:34.507" threadId="0000000000F90888" success="true" />
<exclusive-end id="454" timestamp="2019-08-02T19:00:34.507" durationms="12.274" />

<concurrent-kickoff id="455" timestamp="2019-08-02T19:00:34.564">
  <kickoff reason="threshold reached" targetBytes="2489738" thresholdFreeBytes="343258" remainingFree="276112" tenureFreeBytes="276112" />
</concurrent-kickoff>
<exclusive-start id="456" timestamp="2019-08-02T19:00:34.564" intervalms="69.318">
  <response-info timems="0.066" idlems="0.066" threads="0" lastid="0000000000F8C300" lastname="Thread-5" />
</exclusive-start>
<cycle-start id="457" type="global" contextid="0" timestamp="2019-08-02T19:00:34.564" intervalms="69.164" />
<exclusive-end id="458" timestamp="2019-08-02T19:00:34.564" durationms="0.132" />

<exclusive-start id="459" timestamp="2019-08-02T19:00:34.567" intervalms="2.493">
  <response-info timems="0.036" idlems="0.036" threads="0" lastid="0000000000F93B00" lastname="Thread-7" />
</exclusive-start>
<af-start id="460" threadId="0000000000F94488" totalBytesRequested="8200" timestamp="2019-08-02T19:00:34.567" intervalms="71.907" />
<concurrent-aborted id="461" timestamp="2019-08-02T19:00:34.567">
  <reason value="insufficient progress made" />
</concurrent-aborted>
<cycle-end id="462" type="global" contextid="457" timestamp="2019-08-02T19:00:34.567" />
  <attribute name="elasticGC enabled" value="1" />
  <attribute name= "numThreadsSpecified" value="0" />
  <attribute name="heapSize specified" value="8388608" />
  <attribute name= "numCores" value="8" />
  <attribute name ="GC Interval" value="0" />
  <attribute name ="Control flow" value="3" />
  <attribute name="GC Util Range Max" value="89" />
  <attribute name="Current GC Util" value="85" />
  <attribute name= "Current Time Running" value="1807" />
<cycle-start id="463" type="global" contextid="0" timestamp="2019-08-02T19:00:34.567" intervalms="2.748" />
<gc-start id="464" type="global" contextid="463" timestamp="2019-08-02T19:00:34.567">
  <mem-info id="465" free="82944" total="8388608" percent="0">
    <mem type="tenure" free="82944" total="8388608" percent="0">
      <mem type="soa" free="0" total="8305664" percent="0" />
      <mem type="loa" free="82944" total="82944" percent="100" />
    </mem>
  </mem-info>
</gc-start>
<allocation-stats totalBytes="4041688" >
  <allocated-bytes non-tlh="98328" tlh="3943360" />
  <largest-consumer threadName="Thread-4" threadId="0000000000F88800" bytes="941392" />
</allocation-stats>
<gc-op id="466" type="mark" timems="1.116" contextid="463" timestamp="2019-08-02T19:00:34.568">
  <trace-info objectcount="41079" scancount="33294" scanbytes="2028244" />
  <finalization candidates="25" enqueued="0" />
  <references type="soft" candidates="65" cleared="0" enqueued="0" dynamicThreshold="16" maxThreshold="32" />
  <references type="weak" candidates="277" cleared="0" enqueued="0" />
  <references type="phantom" candidates="100" cleared="0" enqueued="0" />
  <stringconstants candidates="3944" cleared="0"  />
</gc-op>
<gc-op id="467" type="sweep" timems="0.240" contextid="463" timestamp="2019-08-02T19:00:34.569" />
<mem-info id="468" free="3943760" total="8388608" percent="47">
  <mem type="tenure" free="3943760" total="8388608" percent="47" micro-fragmented="1540">
    <mem type="soa" free="3860816" total="8305664" percent="46" />
    <mem type="loa" free="82944" total="82944" percent="100" />
  </mem>
</mem-info>
<gc-op id="469" type="compact" timems="4.947" contextid="463" timestamp="2019-08-02T19:00:34.574">
  <compact-info movecount="13190" movebytes="2508384" reason="no compaction" />
</gc-op>
<gc-end id="470" type="global" contextid="463" durationms="6.867" usertimems="8.000" systemtimems="0.000" timestamp="2019-08-02T19:00:34.574" activeThreads="8">
  <mem-info id="471" free="3922968" total="8388608" percent="46">
    <mem type="tenure" free="3922968" total="8388608" percent="46">
      <mem type="soa" free="3840024" total="8305664" percent="46" />
      <mem type="loa" free="82944" total="82944" percent="100" />
    </mem>
  </mem-info>
</gc-end>
<cycle-end id="472" type="global" contextid="463" timestamp="2019-08-02T19:00:34.574" />
  <attribute name="elasticGC enabled" value="1" />
  <attribute name= "numThreadsSpecified" value="0" />
  <attribute name="heapSize specified" value="8388608" />
  <attribute name= "numCores" value="8" />
  <attribute name ="GC Interval" value="0" />
  <attribute name ="Control flow" value="3" />
  <attribute name="GC Util Range Max" value="89" />
  <attribute name="Current GC Util" value="25" />
  <attribute name= "Current Time Running" value="1875" />
<allocation-satisfied id="473" threadId="0000000000F93B00" bytesRequested="8200" />
<af-end id="474" timestamp="2019-08-02T19:00:34.574" threadId="0000000000F94488" success="true" />
<exclusive-end id="475" timestamp="2019-08-02T19:00:34.574" durationms="7.653" />

<concurrent-kickoff id="476" timestamp="2019-08-02T19:00:34.625">
  <kickoff reason="threshold reached" targetBytes="2489738" thresholdFreeBytes="343258" remainingFree="343048" tenureFreeBytes="343048" />
</concurrent-kickoff>
<exclusive-start id="477" timestamp="2019-08-02T19:00:34.625" intervalms="58.738">
  <response-info timems="0.097" idlems="0.097" threads="0" lastid="0000000000F88800" lastname="Thread-4" />
</exclusive-start>
<cycle-start id="478" type="global" contextid="0" timestamp="2019-08-02T19:00:34.626" intervalms="58.556" />
<exclusive-end id="479" timestamp="2019-08-02T19:00:34.626" durationms="0.203" />

<exclusive-start id="480" timestamp="2019-08-02T19:00:34.634" intervalms="8.502">
  <response-info timems="0.044" idlems="0.044" threads="0" lastid="0000000000F88800" lastname="Thread-4" />
</exclusive-start>
<af-start id="481" threadId="0000000000F89188" totalBytesRequested="48" timestamp="2019-08-02T19:00:34.634" intervalms="67.279" />
<gc-start id="482" type="global" contextid="478" timestamp="2019-08-02T19:00:34.634">
  <mem-info id="483" free="82944" total="8388608" percent="0">
    <mem type="tenure" free="82944" total="8388608" percent="0">
      <mem type="soa" free="0" total="8305664" percent="0" />
      <mem type="loa" free="82944" total="82944" percent="100" />
    </mem>
  </mem-info>
</gc-start>
<allocation-stats totalBytes="3866016" >
  <allocated-bytes non-tlh="65552" tlh="3800464" />
  <largest-consumer threadName="Thread-10" threadId="0000000000F9EF00" bytes="1269336" />
</allocation-stats>
<concurrent-halted id="484" timestamp="2019-08-02T19:00:34.634">
  <halted state="Class scanning incomplete" status="clean trace" />
  <traced bytesTarget="2489738" bytesTotal="1071892" bytesByMutator="438636" bytesByHelper="633256" percent="43" />
  <cards cleaned="56" thresholdBytes="135222" />
</concurrent-halted>
<gc-op id="485" type="card-cleaning" timems="0.436" contextid="478" timestamp="2019-08-02T19:00:34.635">
  <card-cleaning cardsCleaned="196" bytesTraced="508024" workStackOverflowCount="0" />
</gc-op>
<gc-op id="486" type="mark" timems="0.895" contextid="478" timestamp="2019-08-02T19:00:34.636">
  <trace-info objectcount="10796" scancount="10166" scanbytes="665572" />
  <finalization candidates="25" enqueued="0" />
  <references type="soft" candidates="65" cleared="0" enqueued="0" dynamicThreshold="14" maxThreshold="32" />
  <references type="weak" candidates="277" cleared="0" enqueued="0" />
  <references type="phantom" candidates="100" cleared="0" enqueued="0" />
  <stringconstants candidates="3944" cleared="0"  />
</gc-op>
<gc-op id="487" type="sweep" timems="0.264" contextid="478" timestamp="2019-08-02T19:00:34.636" />
<mem-info id="488" free="3870440" total="8388608" percent="46">
  <mem type="tenure" free="3870440" total="8388608" percent="46" micro-fragmented="12547">
    <mem type="soa" free="3787496" total="8305664" percent="45" />
    <mem type="loa" free="82944" total="82944" percent="100" />
  </mem>
</mem-info>
<gc-op id="489" type="compact" timems="5.239" contextid="478" timestamp="2019-08-02T19:00:34.642">
  <compact-info movecount="13593" movebytes="2580088" reason="no compaction" />
</gc-op>
<gc-end id="490" type="global" contextid="478" durationms="7.570" usertimems="8.000" systemtimems="4.000" timestamp="2019-08-02T19:00:34.642" activeThreads="8">
  <mem-info id="491" free="3855360" total="8388608" percent="45">
    <mem type="tenure" free="3855360" total="8388608" percent="45">
      <mem type="soa" free="3772416" total="8305664" percent="45" />
      <mem type="loa" free="82944" total="82944" percent="100" />
    </mem>
  </mem-info>
</gc-end>
<cycle-end id="492" type="global" contextid="478" timestamp="2019-08-02T19:00:34.642" />
  <attribute name="elasticGC enabled" value="1" />
  <attribute name= "numThreadsSpecified" value="0" />
  <attribute name="heapSize specified" value="8388608" />
  <attribute name= "numCores" value="8" />
  <attribute name ="GC Interval" value="0" />
  <attribute name ="Control flow" value="3" />
  <attribute name="GC Util Range Max" value="89" />
  <attribute name="Current GC Util" value="28" />
  <attribute name= "Current Time Running" value="1942" />
<allocation-satisfied id="493" threadId="0000000000F88800" bytesRequested="48" />
<af-end id="494" timestamp="2019-08-02T19:00:34.642" threadId="0000000000F89188" success="true" />
<exclusive-end id="495" timestamp="2019-08-02T19:00:34.642" durationms="8.453" />

<concurrent-kickoff id="496" timestamp="2019-08-02T19:00:34.693">
  <kickoff reason="threshold reached" targetBytes="1579916" thresholdFreeBytes="219263" remainingFree="148432" tenureFreeBytes="148432" />
</concurrent-kickoff>
<exclusive-start id="497" timestamp="2019-08-02T19:00:34.693" intervalms="59.377">
  <response-info timems="0.035" idlems="0.035" threads="0" lastid="0000000000F9EF00" lastname="Thread-10" />
</exclusive-start>
<cycle-start id="498" type="global" contextid="0" timestamp="2019-08-02T19:00:34.693" intervalms="67.782" />
<exclusive-end id="499" timestamp="2019-08-02T19:00:34.693" durationms="0.105" />

<exclusive-start id="500" timestamp="2019-08-02T19:00:34.697" intervalms="3.646">
  <response-info timems="0.045" idlems="0.045" threads="0" lastid="0000000000C44A00" lastname="main" />
</exclusive-start>
<af-start id="501" threadId="0000000000C45388" totalBytesRequested="16" timestamp="2019-08-02T19:00:34.697" intervalms="62.889" />
<concurrent-aborted id="502" timestamp="2019-08-02T19:00:34.697">
  <reason value="insufficient progress made" />
</concurrent-aborted>
<cycle-end id="503" type="global" contextid="498" timestamp="2019-08-02T19:00:34.697" />
  <attribute name="elasticGC enabled" value="1" />
  <attribute name= "numThreadsSpecified" value="0" />
  <attribute name="heapSize specified" value="8388608" />
  <attribute name= "numCores" value="8" />
  <attribute name ="GC Interval" value="0" />
  <attribute name ="Control flow" value="3" />
  <attribute name="GC Util Range Max" value="89" />
  <attribute name="Current GC Util" value="28" />
  <attribute name= "Current Time Running" value="1942" />
<cycle-start id="504" type="global" contextid="0" timestamp="2019-08-02T19:00:34.697" intervalms="3.828" />
<gc-start id="505" type="global" contextid="504" timestamp="2019-08-02T19:00:34.697">
  <mem-info id="506" free="82944" total="8388608" percent="0">
    <mem type="tenure" free="82944" total="8388608" percent="0">
      <mem type="soa" free="0" total="8305664" percent="0" />
      <mem type="loa" free="82944" total="82944" percent="100" />
    </mem>
  </mem-info>
</gc-start>
<allocation-stats totalBytes="3750760" >
  <allocated-bytes non-tlh="196656" tlh="3554104" />
</allocation-stats>
<gc-op id="507" type="mark" timems="1.060" contextid="504" timestamp="2019-08-02T19:00:34.698">
  <trace-info objectcount="33070" scancount="26664" scanbytes="1118400" />
  <finalization candidates="25" enqueued="0" />
  <references type="soft" candidates="57" cleared="0" enqueued="0" dynamicThreshold="14" maxThreshold="32" />
  <references type="weak" candidates="248" cleared="0" enqueued="0" />
  <references type="phantom" candidates="99" cleared="10" enqueued="10" />
  <stringconstants candidates="3944" cleared="45"  />
</gc-op>
<gc-op id="508" type="sweep" timems="0.257" contextid="504" timestamp="2019-08-02T19:00:34.699" />
<mem-info id="509" free="6131184" total="8388608" percent="73">
  <mem type="tenure" free="6131184" total="8388608" percent="73" micro-fragmented="10288">
    <mem type="soa" free="6048240" total="8305664" percent="72" />
    <mem type="loa" free="82944" total="82944" percent="100" />
  </mem>
  <pending-finalizers system="0" default="0" reference="10" classloader="0" />
</mem-info>
<gc-op id="510" type="compact" timems="2.698" contextid="504" timestamp="2019-08-02T19:00:34.702">
  <compact-info movecount="5369" movebytes="353008" reason="no compaction" />
</gc-op>
<gc-end id="511" type="global" contextid="504" durationms="4.577" usertimems="4.000" systemtimems="4.000" timestamp="2019-08-02T19:00:34.702" activeThreads="8">
  <mem-info id="512" free="6145128" total="8388608" percent="73">
    <mem type="tenure" free="6145128" total="8388608" percent="73">
      <mem type="soa" free="6062184" total="8305664" percent="72" />
      <mem type="loa" free="82944" total="82944" percent="100" />
    </mem>
    <pending-finalizers system="0" default="0" reference="10" classloader="0" />
  </mem-info>
</gc-end>
<cycle-end id="513" type="global" contextid="504" timestamp="2019-08-02T19:00:34.702" />
  <attribute name="elasticGC enabled" value="1" />
  <attribute name= "numThreadsSpecified" value="0" />
  <attribute name="heapSize specified" value="8388608" />
  <attribute name= "numCores" value="8" />
  <attribute name ="GC Interval" value="0" />
  <attribute name ="Control flow" value="3" />
  <attribute name="GC Util Range Max" value="89" />
  <attribute name="Current GC Util" value="44" />
  <attribute name= "Current Time Running" value="2003" />
<allocation-satisfied id="514" threadId="0000000000C44A00" bytesRequested="16" />
<af-end id="515" timestamp="2019-08-02T19:00:34.702" threadId="0000000000C45388" success="true" />
<exclusive-end id="516" timestamp="2019-08-02T19:00:34.703" durationms="5.513" />

</verbosegc>

