<?xml version="1.0" ?>

<verbosegc xmlns="http://www.ibm.com/j9/verbosegc" version="08cc62e_CMPRSS">

<initialized id="1" timestamp="2019-08-02T19:00:34.859">
  <attribute name="gcPolicy" value="-Xgcpolicy:optavgpause" />
  <attribute name="elasticGC enabled" value="1" />
  <attribute name= "numThreadsSpecified" value="0" />
  <attribute name="heapSize specified" value="0" />
  <attribute name= "numCores" value="0" />
  <attribute name ="GC Interval" value="0" />
  <attribute name="GC Util Range Max" value="0" />
  <attribute name="Current GC Util" value="0" />
  <attribute name= "Current Time Running" value="0" />
  <attribute name="maxHeapSize" value="0x7cba0000" />
  <attribute name="initialHeapSize" value="0x800000" />
  <attribute name="compressedRefs" value="true" />
  <attribute name="compressedRefsDisplacement" value="0x0" />
  <attribute name="compressedRefsShift" value="0x0" />
  <attribute name="pageSize" value="0x1000" />
  <attribute name="pageType" value="not used" />
  <attribute name="requestedPageSize" value="0x1000" />
  <attribute name="requestedPageType" value="not used" />
  <attribute name="gcthreads" value="8" />
  <attribute name="packetListSplit" value="8" />
  <attribute name="cacheListSplit" value="8" />
  <attribute name="splitFreeListSplitAmount" value="1" />
  <attribute name="numaNodes" value="0" />
  <system>
    <attribute name="physicalMemory" value="8370401280" />
    <attribute name="numCPUs" value="8" />
    <attribute name="architecture" value="amd64" />
    <attribute name="os" value="Linux" />
    <attribute name="osVersion" value="4.4.0-154-generic" />
  </system>
  <vmargs>
    <vmarg name="-Xoptionsfile=/vagrant/jdk/lib/options.default" />
    <vmarg name="-Xlockword:mode=default,noLockword=java/lang/String,noLockword=java/util/MapEntry,noLockword=java/util/HashMap$Entry,noLockword..." />
    <vmarg name="-Xjcl:jclse29" />
    <vmarg name="-Dcom.ibm.oti.vm.bootstrap.library.path=/vagrant/jdk/lib/compressedrefs:/vagrant/jdk/lib" />
    <vmarg name="-Dsun.boot.library.path=/vagrant/jdk/lib/compressedrefs:/vagrant/jdk/lib" />
    <vmarg name="-Djava.library.path=/vagrant/jdk/lib/compressedrefs:/vagrant/jdk/lib:/usr/lib64:/usr/lib" />
    <vmarg name="-Djava.home=/vagrant/jdk" />
    <vmarg name="-Duser.dir=/vagrant" />
    <vmarg name="-Xgcpolicy:optavgpause" />
    <vmarg name="-Xgcelastic" />
    <vmarg name="-Xcheck:gc:::elasticGC" />
    <vmarg name="-verbose:gc" />
    <vmarg name="-Xloggc:jdkA-small-OAP-8core-verbose15xalan.txt" />
    <vmarg name="-Djava.class.path=dacapo-9.12-MR1-bach.jar" />
    <vmarg name="-Dsun.java.command=dacapo-9.12-MR1-bach.jar xalan --size=small" />
    <vmarg name="-Dsun.java.launcher=SUN_STANDARD" />
    <vmarg name="-Dsun.java.launcher.pid=6932" />
  </vmargs>
</initialized>

<exclusive-start id="2" timestamp="2019-08-02T19:00:35.417" intervalms="558.614">
  <response-info timems="0.020" idlems="0.020" threads="0" lastid="00000000010E2A00" lastname="main" />
</exclusive-start>
<af-start id="3" threadId="00000000010E3388" totalBytesRequested="88" timestamp="2019-08-02T19:00:35.418" intervalms="558.885" />
<cycle-start id="4" type="global" contextid="0" timestamp="2019-08-02T19:00:35.418" intervalms="559.182" />
<gc-start id="5" type="global" contextid="4" timestamp="2019-08-02T19:00:35.418">
  <mem-info id="6" free="418816" total="8388608" percent="4">
    <mem type="tenure" free="418816" total="8388608" percent="4">
      <mem type="soa" free="0" total="7969792" percent="0" />
      <mem type="loa" free="418816" total="418816" percent="100" />
    </mem>
  </mem-info>
</gc-start>
<allocation-stats totalBytes="7884752" >
  <allocated-bytes non-tlh="758040" tlh="7126712" />
  <largest-consumer threadName="main" threadId="00000000010E2A00" bytes="7791616" />
</allocation-stats>
<gc-op id="7" type="mark" timems="2.854" contextid="4" timestamp="2019-08-02T19:00:35.421">
  <trace-info objectcount="21501" scancount="17524" scanbytes="561608" />
  <finalization candidates="15" enqueued="1" />
  <references type="soft" candidates="74" cleared="0" enqueued="0" dynamicThreshold="32" maxThreshold="32" />
  <references type="weak" candidates="575" cleared="432" enqueued="393" />
  <references type="phantom" candidates="127" cleared="44" enqueued="44" />
  <stringconstants candidates="2930" cleared="0"  />
</gc-op>
<gc-op id="8" type="classunload" timems="0.040" contextid="4" timestamp="2019-08-02T19:00:35.421">
  <classunload-info classloadercandidates="6" classloadersunloaded="0" classesunloaded="0" anonymousclassesunloaded="0" quiescems="0.000" setupms="0.039" scanms="0.000" postms="0.001" />
</gc-op>
<gc-op id="9" type="sweep" timems="0.575" contextid="4" timestamp="2019-08-02T19:00:35.422" />
<mem-info id="10" free="6519272" total="8388608" percent="77">
  <mem type="tenure" free="6519272" total="8388608" percent="77" micro-fragmented="240738">
    <mem type="soa" free="6100456" total="7969792" percent="76" />
    <mem type="loa" free="418816" total="418816" percent="100" />
  </mem>
  <pending-finalizers system="1" default="0" reference="437" classloader="0" />
</mem-info>
<gc-op id="11" type="compact" timems="4.557" contextid="4" timestamp="2019-08-02T19:00:35.427">
  <compact-info movecount="21500" movebytes="1539736" reason="no compaction" />
</gc-op>
<gc-end id="12" type="global" contextid="4" durationms="8.891" usertimems="4.000" systemtimems="8.000" timestamp="2019-08-02T19:00:35.427" activeThreads="8">
  <mem-info id="13" free="6848696" total="8388608" percent="81">
    <mem type="tenure" free="6848696" total="8388608" percent="81">
      <mem type="soa" free="6429880" total="7969792" percent="80" />
      <mem type="loa" free="418816" total="418816" percent="100" />
    </mem>
    <pending-finalizers system="1" default="0" reference="437" classloader="0" />
  </mem-info>
</gc-end>
<cycle-end id="14" type="global" contextid="4" timestamp="2019-08-02T19:00:35.427" />
  <attribute name="elasticGC enabled" value="1" />
  <attribute name= "numThreadsSpecified" value="0" />
  <attribute name="heapSize specified" value="8388608" />
  <attribute name= "numCores" value="8" />
  <attribute name ="GC Interval" value="0" />
  <attribute name ="Control flow" value="3" />
  <attribute name="GC Util Range Max" value="94" />
  <attribute name="Current GC Util" value="43" />
  <attribute name= "Current Time Running" value="8" />
<allocation-satisfied id="15" threadId="00000000010E2A00" bytesRequested="88" />
<af-end id="16" timestamp="2019-08-02T19:00:35.427" threadId="00000000010E3388" success="true" />
<exclusive-end id="17" timestamp="2019-08-02T19:00:35.428" durationms="10.188" />

<exclusive-start id="18" timestamp="2019-08-02T19:00:35.628" intervalms="210.142">
  <response-info timems="0.149" idlems="0.149" threads="0" lastid="00000000010E2A00" lastname="main" />
</exclusive-start>
<sys-start reason="explicit" id="19" timestamp="2019-08-02T19:00:35.628" intervalms="768.845" />
<cycle-start id="20" type="global" contextid="0" timestamp="2019-08-02T19:00:35.628" intervalms="209.718" />
<gc-start id="21" type="global" contextid="20" timestamp="2019-08-02T19:00:35.628">
  <mem-info id="22" free="677408" total="8388608" percent="8">
    <mem type="tenure" free="677408" total="8388608" percent="8">
      <mem type="soa" free="258592" total="7969792" percent="3" />
      <mem type="loa" free="418816" total="418816" percent="100" />
    </mem>
  </mem-info>
</gc-start>
<allocation-stats totalBytes="6103608" >
  <allocated-bytes non-tlh="137968" tlh="5965640" />
  <largest-consumer threadName="main" threadId="00000000010E2A00" bytes="6037840" />
</allocation-stats>
<gc-op id="23" type="mark" timems="1.617" contextid="20" timestamp="2019-08-02T19:00:35.630">
  <trace-info objectcount="29649" scancount="24001" scanbytes="875216" />
  <finalization candidates="15" enqueued="0" />
  <references type="soft" candidates="133" cleared="0" enqueued="0" dynamicThreshold="26" maxThreshold="32" />
  <references type="weak" candidates="185" cleared="34" enqueued="34" />
  <references type="phantom" candidates="91" cleared="2" enqueued="2" />
  <stringconstants candidates="3539" cleared="22"  />
</gc-op>
<gc-op id="24" type="classunload" timems="0.002" contextid="20" timestamp="2019-08-02T19:00:35.630">
  <classunload-info classloadercandidates="19" classloadersunloaded="0" classesunloaded="0" anonymousclassesunloaded="0" quiescems="0.761" setupms="0.001" scanms="0.000" postms="0.001" />
</gc-op>
<gc-op id="25" type="sweep" timems="0.274" contextid="20" timestamp="2019-08-02T19:00:35.631" />
<mem-info id="26" free="6053848" total="8388608" percent="72">
  <mem type="tenure" free="6053848" total="8388608" percent="72" micro-fragmented="260097">
    <mem type="soa" free="5635032" total="7969792" percent="70" />
    <mem type="loa" free="418816" total="418816" percent="100" />
  </mem>
  <pending-finalizers system="0" default="0" reference="36" classloader="0" />
</mem-info>
<gc-op id="27" type="compact" timems="5.888" contextid="20" timestamp="2019-08-02T19:00:35.637">
  <compact-info movecount="28903" movebytes="1942080" reason="no compaction" />
</gc-op>
<gc-end id="28" type="global" contextid="20" durationms="9.190" usertimems="8.000" systemtimems="4.000" timestamp="2019-08-02T19:00:35.637" activeThreads="8">
  <mem-info id="29" free="6425744" total="8388608" percent="76">
    <mem type="tenure" free="6425744" total="8388608" percent="76">
      <mem type="soa" free="6006928" total="7969792" percent="75" />
      <mem type="loa" free="418816" total="418816" percent="100" />
    </mem>
    <pending-finalizers system="0" default="0" reference="36" classloader="0" />
  </mem-info>
</gc-end>
<cycle-end id="30" type="global" contextid="20" timestamp="2019-08-02T19:00:35.637" />
  <attribute name="elasticGC enabled" value="1" />
  <attribute name= "numThreadsSpecified" value="0" />
  <attribute name="heapSize specified" value="8388608" />
  <attribute name= "numCores" value="8" />
  <attribute name ="GC Interval" value="0" />
  <attribute name ="Control flow" value="3" />
  <attribute name="GC Util Range Max" value="94" />
  <attribute name="Current GC Util" value="30" />
  <attribute name= "Current Time Running" value="218" />
<sys-end id="31" timestamp="2019-08-02T19:00:35.637" />
<exclusive-end id="32" timestamp="2019-08-02T19:00:35.637" durationms="9.787" />

<exclusive-start id="33" timestamp="2019-08-02T19:00:35.751" intervalms="123.135">
  <response-info timems="0.066" idlems="0.066" threads="0" lastid="0000000001439300" lastname="Thread-9" />
</exclusive-start>
<af-start id="34" threadId="0000000001439C88" totalBytesRequested="16" timestamp="2019-08-02T19:00:35.751" intervalms="333.107" />
<cycle-start id="35" type="global" contextid="0" timestamp="2019-08-02T19:00:35.751" intervalms="123.164" />
<gc-start id="36" type="global" contextid="35" timestamp="2019-08-02T19:00:35.751">
  <mem-info id="37" free="418816" total="8388608" percent="4">
    <mem type="tenure" free="418816" total="8388608" percent="4">
      <mem type="soa" free="0" total="7969792" percent="0" />
      <mem type="loa" free="418816" total="418816" percent="100" />
    </mem>
  </mem-info>
</gc-start>
<allocation-stats totalBytes="5967776" >
  <allocated-bytes non-tlh="671584" tlh="5296192" />
  <largest-consumer threadName="Thread-5" threadId="000000000142A300" bytes="1556080" />
</allocation-stats>
<gc-op id="38" type="mark" timems="1.488" contextid="35" timestamp="2019-08-02T19:00:35.753">
  <trace-info objectcount="42261" scancount="34009" scanbytes="1997016" />
  <finalization candidates="27" enqueued="2" />
  <references type="soft" candidates="164" cleared="0" enqueued="0" dynamicThreshold="24" maxThreshold="32" />
  <references type="weak" candidates="286" cleared="26" enqueued="24" />
  <references type="phantom" candidates="114" cleared="2" enqueued="2" />
  <stringconstants candidates="3853" cleared="0"  />
</gc-op>
<gc-op id="39" type="sweep" timems="0.263" contextid="35" timestamp="2019-08-02T19:00:35.753" />
<mem-info id="40" free="4307960" total="8388608" percent="51">
  <mem type="tenure" free="4307960" total="8388608" percent="51" micro-fragmented="223278">
    <mem type="soa" free="3889144" total="7969792" percent="48" />
    <mem type="loa" free="418816" total="418816" percent="100" />
  </mem>
  <pending-finalizers system="2" default="0" reference="26" classloader="0" />
</mem-info>
<gc-op id="41" type="compact" timems="9.866" contextid="35" timestamp="2019-08-02T19:00:35.763">
  <compact-info movecount="41580" movebytes="3826272" reason="no compaction" />
</gc-op>
<gc-end id="42" type="global" contextid="35" durationms="12.356" usertimems="20.000" systemtimems="0.000" timestamp="2019-08-02T19:00:35.763" activeThreads="8">
  <mem-info id="43" free="4543672" total="8388608" percent="54">
    <mem type="tenure" free="4543672" total="8388608" percent="54">
      <mem type="soa" free="4124856" total="7969792" percent="51" />
      <mem type="loa" free="418816" total="418816" percent="100" />
    </mem>
    <pending-finalizers system="2" default="0" reference="26" classloader="0" />
  </mem-info>
</gc-end>
<cycle-end id="44" type="global" contextid="35" timestamp="2019-08-02T19:00:35.763" />
  <attribute name="elasticGC enabled" value="1" />
  <attribute name= "numThreadsSpecified" value="0" />
  <attribute name="heapSize specified" value="8388608" />
  <attribute name= "numCores" value="8" />
  <attribute name ="GC Interval" value="0" />
  <attribute name ="Control flow" value="3" />
  <attribute name="GC Util Range Max" value="94" />
  <attribute name="Current GC Util" value="111" />
  <attribute name= "Current Time Running" value="344" />
<allocation-satisfied id="45" threadId="0000000001439300" bytesRequested="16" />
<af-end id="46" timestamp="2019-08-02T19:00:35.764" threadId="0000000001439C88" success="true" />
<exclusive-end id="47" timestamp="2019-08-02T19:00:35.764" durationms="12.984" />

<exclusive-start id="48" timestamp="2019-08-02T19:00:35.902" intervalms="151.565">
  <response-info timems="0.050" idlems="0.050" threads="0" lastid="000000000143CF00" lastname="Thread-10" />
</exclusive-start>
<af-start id="49" threadId="000000000143D888" totalBytesRequested="16392" timestamp="2019-08-02T19:00:35.902" intervalms="151.683" />
<cycle-start id="50" type="global" contextid="0" timestamp="2019-08-02T19:00:35.903" intervalms="151.680" />
<gc-start id="51" type="global" contextid="50" timestamp="2019-08-02T19:00:35.903">
  <mem-info id="52" free="418816" total="8388608" percent="4">
    <mem type="tenure" free="418816" total="8388608" percent="4">
      <mem type="soa" free="0" total="7969792" percent="0" />
      <mem type="loa" free="418816" total="418816" percent="100" />
    </mem>
  </mem-info>
</gc-start>
<allocation-stats totalBytes="4018528" >
  <allocated-bytes non-tlh="44208" tlh="3974320" />
  <largest-consumer threadName="Thread-5" threadId="000000000142A300" bytes="966840" />
</allocation-stats>
<gc-op id="53" type="mark" timems="1.800" contextid="50" timestamp="2019-08-02T19:00:35.904">
  <trace-info objectcount="44405" scancount="35764" scanbytes="2048952" />
  <finalization candidates="25" enqueued="0" />
  <references type="soft" candidates="168" cleared="0" enqueued="0" dynamicThreshold="17" maxThreshold="32" />
  <references type="weak" candidates="288" cleared="10" enqueued="9" />
  <references type="phantom" candidates="104" cleared="0" enqueued="0" />
  <stringconstants candidates="3960" cleared="0"  />
</gc-op>
<gc-op id="54" type="classunload" timems="0.213" contextid="50" timestamp="2019-08-02T19:00:35.905">
  <classunload-info classloadercandidates="20" classloadersunloaded="0" classesunloaded="3" anonymousclassesunloaded="3" quiescems="0.000" setupms="0.210" scanms="0.003" postms="0.000" />
</gc-op>
<gc-op id="55" type="sweep" timems="0.340" contextid="50" timestamp="2019-08-02T19:00:35.905" />
<mem-info id="56" free="4079528" total="8388608" percent="48">
  <mem type="tenure" free="4079528" total="8388608" percent="48" micro-fragmented="30636">
    <mem type="soa" free="3660712" total="7969792" percent="45" />
    <mem type="loa" free="418816" total="418816" percent="100" />
  </mem>
  <pending-finalizers system="0" default="0" reference="9" classloader="0" />
</mem-info>
<gc-op id="57" type="compact" timems="8.203" contextid="50" timestamp="2019-08-02T19:00:35.914">
  <compact-info movecount="30042" movebytes="3537272" reason="no compaction" />
</gc-op>
<gc-end id="58" type="global" contextid="50" durationms="11.339" usertimems="8.000" systemtimems="8.000" timestamp="2019-08-02T19:00:35.914" activeThreads="8">
  <mem-info id="59" free="4195600" total="8388608" percent="50">
    <mem type="tenure" free="4195600" total="8388608" percent="50">
      <mem type="soa" free="3776784" total="7969792" percent="47" />
      <mem type="loa" free="418816" total="418816" percent="100" />
    </mem>
    <pending-finalizers system="0" default="0" reference="9" classloader="0" />
  </mem-info>
</gc-end>
<cycle-end id="60" type="global" contextid="50" timestamp="2019-08-02T19:00:35.914" />
  <attribute name="elasticGC enabled" value="1" />
  <attribute name= "numThreadsSpecified" value="0" />
  <attribute name="heapSize specified" value="8388608" />
  <attribute name= "numCores" value="8" />
  <attribute name ="GC Interval" value="0" />
  <attribute name ="Control flow" value="3" />
  <attribute name="GC Util Range Max" value="94" />
  <attribute name="Current GC Util" value="23" />
  <attribute name= "Current Time Running" value="495" />
<allocation-satisfied id="61" threadId="000000000143CF00" bytesRequested="16392" />
<af-end id="62" timestamp="2019-08-02T19:00:35.914" threadId="000000000143D888" success="true" />
<exclusive-end id="63" timestamp="2019-08-02T19:00:35.914" durationms="12.068" />

<exclusive-start id="64" timestamp="2019-08-02T19:00:35.960" intervalms="57.592">
  <response-info timems="0.136" idlems="0.089" threads="1" lastid="000000000142A300" lastname="Thread-5" />
</exclusive-start>
<af-start id="65" threadId="0000000001439C88" totalBytesRequested="16392" timestamp="2019-08-02T19:00:35.960" intervalms="57.457" />
<cycle-start id="66" type="global" contextid="0" timestamp="2019-08-02T19:00:35.960" intervalms="57.451" />
<gc-start id="67" type="global" contextid="66" timestamp="2019-08-02T19:00:35.960">
  <mem-info id="68" free="418816" total="8388608" percent="4">
    <mem type="tenure" free="418816" total="8388608" percent="4">
      <mem type="soa" free="0" total="7969792" percent="0" />
      <mem type="loa" free="418816" total="418816" percent="100" />
    </mem>
  </mem-info>
</gc-start>
<allocation-stats totalBytes="3730992" >
  <allocated-bytes non-tlh="114824" tlh="3616168" />
  <largest-consumer threadName="Thread-9" threadId="0000000001439300" bytes="965256" />
</allocation-stats>
<gc-op id="69" type="mark" timems="1.182" contextid="66" timestamp="2019-08-02T19:00:35.961">
  <trace-info objectcount="43512" scancount="35203" scanbytes="2025844" />
  <finalization candidates="25" enqueued="0" />
  <references type="soft" candidates="168" cleared="0" enqueued="0" dynamicThreshold="16" maxThreshold="32" />
  <references type="weak" candidates="278" cleared="0" enqueued="0" />
  <references type="phantom" candidates="103" cleared="0" enqueued="0" />
  <stringconstants candidates="3963" cleared="0"  />
</gc-op>
<gc-op id="70" type="sweep" timems="0.341" contextid="66" timestamp="2019-08-02T19:00:35.962" />
<mem-info id="71" free="3979432" total="8388608" percent="47">
  <mem type="tenure" free="3979432" total="8388608" percent="47" micro-fragmented="65184">
    <mem type="soa" free="3560616" total="7969792" percent="44" />
    <mem type="loa" free="418816" total="418816" percent="100" />
  </mem>
</mem-info>
<gc-op id="72" type="compact" timems="5.780" contextid="66" timestamp="2019-08-02T19:00:35.968">
  <compact-info movecount="17060" movebytes="2507648" reason="no compaction" />
</gc-op>
<gc-end id="73" type="global" contextid="66" durationms="7.816" usertimems="4.000" systemtimems="8.000" timestamp="2019-08-02T19:00:35.968" activeThreads="8">
  <mem-info id="74" free="3985232" total="8388608" percent="47">
    <mem type="tenure" free="3985232" total="8388608" percent="47">
      <mem type="soa" free="3566416" total="7969792" percent="44" />
      <mem type="loa" free="418816" total="418816" percent="100" />
    </mem>
  </mem-info>
</gc-end>
<cycle-end id="75" type="global" contextid="66" timestamp="2019-08-02T19:00:35.968" />
  <attribute name="elasticGC enabled" value="1" />
  <attribute name= "numThreadsSpecified" value="0" />
  <attribute name="heapSize specified" value="8388608" />
  <attribute name= "numCores" value="8" />
  <attribute name ="GC Interval" value="0" />
  <attribute name ="Control flow" value="3" />
  <attribute name="GC Util Range Max" value="94" />
  <attribute name="Current GC Util" value="24" />
  <attribute name= "Current Time Running" value="549" />
<allocation-satisfied id="76" threadId="0000000001439300" bytesRequested="16392" />
<af-end id="77" timestamp="2019-08-02T19:00:35.968" threadId="0000000001439C88" success="true" />
<exclusive-end id="78" timestamp="2019-08-02T19:00:35.968" durationms="8.270" />

<exclusive-start id="79" timestamp="2019-08-02T19:00:36.045" intervalms="84.697">
  <response-info timems="0.048" idlems="0.048" threads="0" lastid="0000000001439300" lastname="Thread-9" />
</exclusive-start>
<af-start id="80" threadId="0000000001439C88" totalBytesRequested="48" timestamp="2019-08-02T19:00:36.045" intervalms="84.833" />
<cycle-start id="81" type="global" contextid="0" timestamp="2019-08-02T19:00:36.045" intervalms="84.833" />
<gc-start id="82" type="global" contextid="81" timestamp="2019-08-02T19:00:36.045">
  <mem-info id="83" free="418816" total="8388608" percent="4">
    <mem type="tenure" free="418816" total="8388608" percent="4">
      <mem type="soa" free="0" total="7969792" percent="0" />
      <mem type="loa" free="418816" total="418816" percent="100" />
    </mem>
  </mem-info>
</gc-start>
<allocation-stats totalBytes="3626840" >
  <allocated-bytes non-tlh="98328" tlh="3528512" />
  <largest-consumer threadName="Thread-8" threadId="0000000001435700" bytes="659016" />
</allocation-stats>
<gc-op id="84" type="mark" timems="1.173" contextid="81" timestamp="2019-08-02T19:00:36.046">
  <trace-info objectcount="44503" scancount="35989" scanbytes="2101732" />
  <finalization candidates="25" enqueued="0" />
  <references type="soft" candidates="168" cleared="0" enqueued="0" dynamicThreshold="15" maxThreshold="32" />
  <references type="weak" candidates="278" cleared="0" enqueued="0" />
  <references type="phantom" candidates="103" cleared="0" enqueued="0" />
  <stringconstants candidates="3963" cleared="0"  />
</gc-op>
<gc-op id="85" type="sweep" timems="0.247" contextid="81" timestamp="2019-08-02T19:00:36.046" />
<mem-info id="86" free="3775112" total="8388608" percent="45">
  <mem type="tenure" free="3775112" total="8388608" percent="45" micro-fragmented="44654">
    <mem type="soa" free="3356296" total="7969792" percent="42" />
    <mem type="loa" free="418816" total="418816" percent="100" />
  </mem>
</mem-info>
<gc-op id="87" type="compact" timems="5.348" contextid="81" timestamp="2019-08-02T19:00:36.052">
  <compact-info movecount="15071" movebytes="2602744" reason="no compaction" />
</gc-op>
<gc-end id="88" type="global" contextid="81" durationms="7.333" usertimems="12.000" systemtimems="0.000" timestamp="2019-08-02T19:00:36.052" activeThreads="8">
  <mem-info id="89" free="3775856" total="8388608" percent="45">
    <mem type="tenure" free="3775856" total="8388608" percent="45">
      <mem type="soa" free="3357040" total="7969792" percent="42" />
      <mem type="loa" free="418816" total="418816" percent="100" />
    </mem>
  </mem-info>
</gc-end>
<cycle-end id="90" type="global" contextid="81" timestamp="2019-08-02T19:00:36.052" />
  <attribute name="elasticGC enabled" value="1" />
  <attribute name= "numThreadsSpecified" value="0" />
  <attribute name="heapSize specified" value="8388608" />
  <attribute name= "numCores" value="8" />
  <attribute name ="GC Interval" value="0" />
  <attribute name ="Control flow" value="3" />
  <attribute name="GC Util Range Max" value="94" />
  <attribute name="Current GC Util" value="24" />
  <attribute name= "Current Time Running" value="633" />
<allocation-satisfied id="91" threadId="0000000001439300" bytesRequested="48" />
<af-end id="92" timestamp="2019-08-02T19:00:36.053" threadId="0000000001439C88" success="true" />
<exclusive-end id="93" timestamp="2019-08-02T19:00:36.053" durationms="8.076" />

<exclusive-start id="94" timestamp="2019-08-02T19:00:36.092" intervalms="47.294">
  <response-info timems="0.040" idlems="0.040" threads="0" lastid="0000000001426800" lastname="Thread-4" />
</exclusive-start>
<af-start id="95" threadId="0000000001427188" totalBytesRequested="16392" timestamp="2019-08-02T19:00:36.092" intervalms="47.245" />
<cycle-start id="96" type="global" contextid="0" timestamp="2019-08-02T19:00:36.092" intervalms="47.244" />
<gc-start id="97" type="global" contextid="96" timestamp="2019-08-02T19:00:36.092">
  <mem-info id="98" free="418816" total="8388608" percent="4">
    <mem type="tenure" free="418816" total="8388608" percent="4">
      <mem type="soa" free="0" total="7969792" percent="0" />
      <mem type="loa" free="418816" total="418816" percent="100" />
    </mem>
  </mem-info>
</gc-start>
<allocation-stats totalBytes="3268160" >
  <allocated-bytes non-tlh="98328" tlh="3169832" />
  <largest-consumer threadName="Thread-8" threadId="0000000001435700" bytes="860416" />
</allocation-stats>
<gc-op id="99" type="mark" timems="1.172" contextid="96" timestamp="2019-08-02T19:00:36.093">
  <trace-info objectcount="42830" scancount="34598" scanbytes="2009804" />
  <finalization candidates="25" enqueued="0" />
  <references type="soft" candidates="168" cleared="0" enqueued="0" dynamicThreshold="14" maxThreshold="32" />
  <references type="weak" candidates="278" cleared="0" enqueued="0" />
  <references type="phantom" candidates="103" cleared="0" enqueued="0" />
  <stringconstants candidates="3963" cleared="0"  />
</gc-op>
<gc-op id="100" type="sweep" timems="0.270" contextid="96" timestamp="2019-08-02T19:00:36.094" />
<mem-info id="101" free="4029208" total="8388608" percent="48">
  <mem type="tenure" free="4029208" total="8388608" percent="48" micro-fragmented="15360">
    <mem type="soa" free="3610392" total="7969792" percent="45" />
    <mem type="loa" free="418816" total="418816" percent="100" />
  </mem>
</mem-info>
<gc-op id="102" type="compact" timems="5.912" contextid="96" timestamp="2019-08-02T19:00:36.100">
  <compact-info movecount="18812" movebytes="2600712" reason="no compaction" />
</gc-op>
<gc-end id="103" type="global" contextid="96" durationms="7.927" usertimems="4.000" systemtimems="8.000" timestamp="2019-08-02T19:00:36.100" activeThreads="8">
  <mem-info id="104" free="4019160" total="8388608" percent="47">
    <mem type="tenure" free="4019160" total="8388608" percent="47">
      <mem type="soa" free="3600344" total="7969792" percent="45" />
      <mem type="loa" free="418816" total="418816" percent="100" />
    </mem>
  </mem-info>
</gc-end>
<cycle-end id="105" type="global" contextid="96" timestamp="2019-08-02T19:00:36.100" />
  <attribute name="elasticGC enabled" value="1" />
  <attribute name= "numThreadsSpecified" value="0" />
  <attribute name="heapSize specified" value="8388608" />
  <attribute name= "numCores" value="8" />
  <attribute name ="GC Interval" value="0" />
  <attribute name ="Control flow" value="3" />
  <attribute name="GC Util Range Max" value="94" />
  <attribute name="Current GC Util" value="21" />
  <attribute name= "Current Time Running" value="681" />
<allocation-satisfied id="106" threadId="0000000001426800" bytesRequested="16392" />
<af-end id="107" timestamp="2019-08-02T19:00:36.100" threadId="0000000001427188" success="true" />
<exclusive-end id="108" timestamp="2019-08-02T19:00:36.100" durationms="8.501" />

<exclusive-start id="109" timestamp="2019-08-02T19:00:36.148" intervalms="56.401">
  <response-info timems="0.044" idlems="0.044" threads="0" lastid="000000000142DF00" lastname="Thread-6" />
</exclusive-start>
<af-start id="110" threadId="000000000142E888" totalBytesRequested="8200" timestamp="2019-08-02T19:00:36.148" intervalms="56.401" />
<cycle-start id="111" type="global" contextid="0" timestamp="2019-08-02T19:00:36.148" intervalms="56.406" />
<gc-start id="112" type="global" contextid="111" timestamp="2019-08-02T19:00:36.149">
  <mem-info id="113" free="418816" total="8388608" percent="4">
    <mem type="tenure" free="418816" total="8388608" percent="4">
      <mem type="soa" free="0" total="7969792" percent="0" />
      <mem type="loa" free="418816" total="418816" percent="100" />
    </mem>
  </mem-info>
</gc-start>
<allocation-stats totalBytes="3565552" >
  <allocated-bytes non-tlh="131104" tlh="3434448" />
  <largest-consumer threadName="Thread-4" threadId="0000000001426800" bytes="1001544" />
</allocation-stats>
<gc-op id="114" type="mark" timems="1.335" contextid="111" timestamp="2019-08-02T19:00:36.150">
  <trace-info objectcount="43256" scancount="35017" scanbytes="2077636" />
  <finalization candidates="25" enqueued="0" />
  <references type="soft" candidates="168" cleared="0" enqueued="0" dynamicThreshold="15" maxThreshold="32" />
  <references type="weak" candidates="278" cleared="0" enqueued="0" />
  <references type="phantom" candidates="104" cleared="0" enqueued="0" />
  <stringconstants candidates="3963" cleared="0"  />
</gc-op>
<gc-op id="115" type="sweep" timems="0.340" contextid="111" timestamp="2019-08-02T19:00:36.150" />
<mem-info id="116" free="3942944" total="8388608" percent="47">
  <mem type="tenure" free="3942944" total="8388608" percent="47" micro-fragmented="1805">
    <mem type="soa" free="3524128" total="7969792" percent="44" />
    <mem type="loa" free="418816" total="418816" percent="100" />
  </mem>
</mem-info>
<gc-op id="117" type="compact" timems="6.683" contextid="111" timestamp="2019-08-02T19:00:36.157">
  <compact-info movecount="19969" movebytes="2727000" reason="no compaction" />
</gc-op>
<gc-end id="118" type="global" contextid="111" durationms="9.024" usertimems="8.000" systemtimems="4.000" timestamp="2019-08-02T19:00:36.158" activeThreads="8">
  <mem-info id="119" free="3925536" total="8388608" percent="46">
    <mem type="tenure" free="3925536" total="8388608" percent="46">
      <mem type="soa" free="3506720" total="7969792" percent="44" />
      <mem type="loa" free="418816" total="418816" percent="100" />
    </mem>
  </mem-info>
</gc-end>
<cycle-end id="120" type="global" contextid="111" timestamp="2019-08-02T19:00:36.158" />
  <attribute name="elasticGC enabled" value="1" />
  <attribute name= "numThreadsSpecified" value="0" />
  <attribute name="heapSize specified" value="8388608" />
  <attribute name= "numCores" value="8" />
  <attribute name ="GC Interval" value="0" />
  <attribute name ="Control flow" value="3" />
  <attribute name="GC Util Range Max" value="94" />
  <attribute name="Current GC Util" value="22" />
  <attribute name= "Current Time Running" value="739" />
<allocation-satisfied id="121" threadId="000000000142DF00" bytesRequested="8200" />
<af-end id="122" timestamp="2019-08-02T19:00:36.158" threadId="000000000142E888" success="true" />
<exclusive-end id="123" timestamp="2019-08-02T19:00:36.158" durationms="9.833" />

<exclusive-start id="124" timestamp="2019-08-02T19:00:36.226" intervalms="78.203">
  <response-info timems="0.055" idlems="0.055" threads="0" lastid="0000000001426800" lastname="Thread-4" />
</exclusive-start>
<af-start id="125" threadId="0000000001427188" totalBytesRequested="8200" timestamp="2019-08-02T19:00:36.227" intervalms="78.181" />
<cycle-start id="126" type="global" contextid="0" timestamp="2019-08-02T19:00:36.227" intervalms="78.173" />
<gc-start id="127" type="global" contextid="126" timestamp="2019-08-02T19:00:36.227">
  <mem-info id="128" free="418816" total="8388608" percent="4">
    <mem type="tenure" free="418816" total="8388608" percent="4">
      <mem type="soa" free="0" total="7969792" percent="0" />
      <mem type="loa" free="418816" total="418816" percent="100" />
    </mem>
  </mem-info>
</gc-start>
<allocation-stats totalBytes="3544240" >
  <allocated-bytes non-tlh="98328" tlh="3445912" />
  <largest-consumer threadName="Thread-9" threadId="0000000001439300" bytes="719976" />
</allocation-stats>
<gc-op id="129" type="mark" timems="1.154" contextid="126" timestamp="2019-08-02T19:00:36.228">
  <trace-info objectcount="43498" scancount="35180" scanbytes="2014588" />
  <finalization candidates="25" enqueued="0" />
  <references type="soft" candidates="168" cleared="0" enqueued="0" dynamicThreshold="14" maxThreshold="32" />
  <references type="weak" candidates="279" cleared="0" enqueued="0" />
  <references type="phantom" candidates="104" cleared="0" enqueued="0" />
  <stringconstants candidates="3963" cleared="0"  />
</gc-op>
<gc-op id="130" type="sweep" timems="0.240" contextid="126" timestamp="2019-08-02T19:00:36.228" />
<mem-info id="131" free="4001424" total="8388608" percent="47">
  <mem type="tenure" free="4001424" total="8388608" percent="47" micro-fragmented="16384">
    <mem type="soa" free="3582608" total="7969792" percent="44" />
    <mem type="loa" free="418816" total="418816" percent="100" />
  </mem>
</mem-info>
<gc-op id="132" type="compact" timems="5.219" contextid="126" timestamp="2019-08-02T19:00:36.234">
  <compact-info movecount="14079" movebytes="2395104" reason="no compaction" />
</gc-op>
<gc-end id="133" type="global" contextid="126" durationms="7.236" usertimems="12.000" systemtimems="0.000" timestamp="2019-08-02T19:00:36.234" activeThreads="8">
  <mem-info id="134" free="3983712" total="8388608" percent="47">
    <mem type="tenure" free="3983712" total="8388608" percent="47">
      <mem type="soa" free="3564896" total="7969792" percent="44" />
      <mem type="loa" free="418816" total="418816" percent="100" />
    </mem>
  </mem-info>
</gc-end>
<cycle-end id="135" type="global" contextid="126" timestamp="2019-08-02T19:00:36.234" />
  <attribute name="elasticGC enabled" value="1" />
  <attribute name= "numThreadsSpecified" value="0" />
  <attribute name="heapSize specified" value="8388608" />
  <attribute name= "numCores" value="8" />
  <attribute name ="GC Interval" value="0" />
  <attribute name ="Control flow" value="3" />
  <attribute name="GC Util Range Max" value="94" />
  <attribute name="Current GC Util" value="26" />
  <attribute name= "Current Time Running" value="815" />
<allocation-satisfied id="136" threadId="0000000001426800" bytesRequested="8200" />
<af-end id="137" timestamp="2019-08-02T19:00:36.234" threadId="0000000001427188" success="true" />
<exclusive-end id="138" timestamp="2019-08-02T19:00:36.235" durationms="8.144" />

<exclusive-start id="139" timestamp="2019-08-02T19:00:36.277" intervalms="50.736">
  <response-info timems="0.052" idlems="0.052" threads="0" lastid="0000000001422C00" lastname="Thread-3" />
</exclusive-start>
<af-start id="140" threadId="0000000001423588" totalBytesRequested="32776" timestamp="2019-08-02T19:00:36.277" intervalms="50.676" />
<cycle-start id="141" type="global" contextid="0" timestamp="2019-08-02T19:00:36.277" intervalms="50.676" />
<gc-start id="142" type="global" contextid="141" timestamp="2019-08-02T19:00:36.277">
  <mem-info id="143" free="418816" total="8388608" percent="4">
    <mem type="tenure" free="418816" total="8388608" percent="4">
      <mem type="soa" free="0" total="7969792" percent="0" />
      <mem type="loa" free="418816" total="418816" percent="100" />
    </mem>
  </mem-info>
</gc-start>
<allocation-stats totalBytes="3552616" >
  <allocated-bytes non-tlh="131104" tlh="3421512" />
  <largest-consumer threadName="Thread-8" threadId="0000000001435700" bytes="855824" />
</allocation-stats>
<gc-op id="144" type="mark" timems="3.893" contextid="141" timestamp="2019-08-02T19:00:36.281">
  <trace-info objectcount="43911" scancount="35509" scanbytes="2096144" />
  <finalization candidates="25" enqueued="0" />
  <references type="soft" candidates="168" cleared="0" enqueued="0" dynamicThreshold="15" maxThreshold="32" />
  <references type="weak" candidates="279" cleared="0" enqueued="0" />
  <references type="phantom" candidates="104" cleared="0" enqueued="0" />
  <stringconstants candidates="3963" cleared="0"  />
</gc-op>
<gc-op id="145" type="sweep" timems="2.498" contextid="141" timestamp="2019-08-02T19:00:36.284" />
<mem-info id="146" free="3781248" total="8388608" percent="45">
  <mem type="tenure" free="3781248" total="8388608" percent="45" micro-fragmented="22613">
    <mem type="soa" free="3362432" total="7969792" percent="42" />
    <mem type="loa" free="418816" total="418816" percent="100" />
  </mem>
</mem-info>
<gc-op id="147" type="compact" timems="7.240" contextid="141" timestamp="2019-08-02T19:00:36.291">
  <compact-info movecount="14492" movebytes="2612752" reason="no compaction" />
</gc-op>
<gc-end id="148" type="global" contextid="141" durationms="14.199" usertimems="16.000" systemtimems="8.000" timestamp="2019-08-02T19:00:36.292" activeThreads="8">
  <mem-info id="149" free="3786536" total="8388608" percent="45">
    <mem type="tenure" free="3786536" total="8388608" percent="45">
      <mem type="soa" free="3367720" total="7969792" percent="42" />
      <mem type="loa" free="418816" total="418816" percent="100" />
    </mem>
  </mem-info>
</gc-end>
<cycle-end id="150" type="global" contextid="141" timestamp="2019-08-02T19:00:36.292" />
  <attribute name="elasticGC enabled" value="1" />
  <attribute name= "numThreadsSpecified" value="0" />
  <attribute name="heapSize specified" value="8388608" />
  <attribute name= "numCores" value="8" />
  <attribute name ="GC Interval" value="0" />
  <attribute name ="Control flow" value="3" />
  <attribute name="GC Util Range Max" value="94" />
  <attribute name="Current GC Util" value="44" />
  <attribute name= "Current Time Running" value="873" />
<allocation-satisfied id="151" threadId="0000000001422C00" bytesRequested="32776" />
<af-end id="152" timestamp="2019-08-02T19:00:36.292" threadId="0000000001423588" success="true" />
<exclusive-end id="153" timestamp="2019-08-02T19:00:36.292" durationms="14.720" />

<exclusive-start id="154" timestamp="2019-08-02T19:00:36.327" intervalms="49.671">
  <response-info timems="0.055" idlems="0.055" threads="0" lastid="000000000142DF00" lastname="Thread-6" />
</exclusive-start>
<af-start id="155" threadId="000000000142E888" totalBytesRequested="16392" timestamp="2019-08-02T19:00:36.327" intervalms="49.709" />
<cycle-start id="156" type="global" contextid="0" timestamp="2019-08-02T19:00:36.327" intervalms="49.710" />
<gc-start id="157" type="global" contextid="156" timestamp="2019-08-02T19:00:36.327">
  <mem-info id="158" free="418816" total="8388608" percent="4">
    <mem type="tenure" free="418816" total="8388608" percent="4">
      <mem type="soa" free="0" total="7969792" percent="0" />
      <mem type="loa" free="418816" total="418816" percent="100" />
    </mem>
  </mem-info>
</gc-start>
<allocation-stats totalBytes="3346016" >
  <allocated-bytes non-tlh="196656" tlh="3149360" />
  <largest-consumer threadName="Thread-7" threadId="0000000001431B00" bytes="839728" />
</allocation-stats>
<gc-op id="159" type="mark" timems="1.189" contextid="156" timestamp="2019-08-02T19:00:36.328">
  <trace-info objectcount="43251" scancount="34997" scanbytes="2010476" />
  <finalization candidates="25" enqueued="0" />
  <references type="soft" candidates="168" cleared="0" enqueued="0" dynamicThreshold="14" maxThreshold="32" />
  <references type="weak" candidates="278" cleared="0" enqueued="0" />
  <references type="phantom" candidates="103" cleared="0" enqueued="0" />
  <stringconstants candidates="3963" cleared="0"  />
</gc-op>
<gc-op id="160" type="sweep" timems="0.240" contextid="156" timestamp="2019-08-02T19:00:36.329" />
<mem-info id="161" free="4078488" total="8388608" percent="48">
  <mem type="tenure" free="4078488" total="8388608" percent="48" micro-fragmented="22834">
    <mem type="soa" free="3659672" total="7969792" percent="45" />
    <mem type="loa" free="418816" total="418816" percent="100" />
  </mem>
</mem-info>
<gc-op id="162" type="compact" timems="5.049" contextid="156" timestamp="2019-08-02T19:00:36.334">
  <compact-info movecount="13832" movebytes="2316144" reason="no compaction" />
</gc-op>
<gc-end id="163" type="global" contextid="156" durationms="7.063" usertimems="0.000" systemtimems="12.000" timestamp="2019-08-02T19:00:36.334" activeThreads="8">
  <mem-info id="164" free="4083152" total="8388608" percent="48">
    <mem type="tenure" free="4083152" total="8388608" percent="48">
      <mem type="soa" free="3664336" total="7969792" percent="45" />
      <mem type="loa" free="418816" total="418816" percent="100" />
    </mem>
  </mem-info>
</gc-end>
<cycle-end id="165" type="global" contextid="156" timestamp="2019-08-02T19:00:36.334" />
  <attribute name="elasticGC enabled" value="1" />
  <attribute name= "numThreadsSpecified" value="0" />
  <attribute name="heapSize specified" value="8388608" />
  <attribute name= "numCores" value="8" />
  <attribute name ="GC Interval" value="0" />
  <attribute name ="Control flow" value="3" />
  <attribute name="GC Util Range Max" value="94" />
  <attribute name="Current GC Util" value="25" />
  <attribute name= "Current Time Running" value="915" />
<allocation-satisfied id="166" threadId="000000000142DF00" bytesRequested="16392" />
<af-end id="167" timestamp="2019-08-02T19:00:36.335" threadId="000000000142E888" success="true" />
<exclusive-end id="168" timestamp="2019-08-02T19:00:36.335" durationms="7.826" />

<exclusive-start id="169" timestamp="2019-08-02T19:00:36.388" intervalms="60.882">
  <response-info timems="0.051" idlems="0.051" threads="0" lastid="0000000001431B00" lastname="Thread-7" />
</exclusive-start>
<af-start id="170" threadId="0000000001432488" totalBytesRequested="16392" timestamp="2019-08-02T19:00:36.388" intervalms="60.938" />
<cycle-start id="171" type="global" contextid="0" timestamp="2019-08-02T19:00:36.388" intervalms="60.941" />
<gc-start id="172" type="global" contextid="171" timestamp="2019-08-02T19:00:36.388">
  <mem-info id="173" free="418816" total="8388608" percent="4">
    <mem type="tenure" free="418816" total="8388608" percent="4">
      <mem type="soa" free="0" total="7969792" percent="0" />
      <mem type="loa" free="418816" total="418816" percent="100" />
    </mem>
  </mem-info>
</gc-start>
<allocation-stats totalBytes="3625696" >
  <allocated-bytes non-tlh="131104" tlh="3494592" />
  <largest-consumer threadName="Thread-3" threadId="0000000001422C00" bytes="593792" />
</allocation-stats>
<gc-op id="174" type="mark" timems="1.144" contextid="171" timestamp="2019-08-02T19:00:36.389">
  <trace-info objectcount="43848" scancount="35497" scanbytes="2095424" />
  <finalization candidates="25" enqueued="0" />
  <references type="soft" candidates="168" cleared="0" enqueued="0" dynamicThreshold="15" maxThreshold="32" />
  <references type="weak" candidates="279" cleared="0" enqueued="0" />
  <references type="phantom" candidates="104" cleared="0" enqueued="0" />
  <stringconstants candidates="3963" cleared="0"  />
</gc-op>
<gc-op id="175" type="sweep" timems="0.279" contextid="171" timestamp="2019-08-02T19:00:36.390" />
<mem-info id="176" free="3871568" total="8388608" percent="46">
  <mem type="tenure" free="3871568" total="8388608" percent="46" micro-fragmented="19283">
    <mem type="soa" free="3452752" total="7969792" percent="43" />
    <mem type="loa" free="418816" total="418816" percent="100" />
  </mem>
</mem-info>
<gc-op id="177" type="compact" timems="5.180" contextid="171" timestamp="2019-08-02T19:00:36.395">
  <compact-info movecount="14429" movebytes="2516128" reason="no compaction" />
</gc-op>
<gc-end id="178" type="global" contextid="171" durationms="7.193" usertimems="4.000" systemtimems="4.000" timestamp="2019-08-02T19:00:36.395" activeThreads="8">
  <mem-info id="179" free="3866784" total="8388608" percent="46">
    <mem type="tenure" free="3866784" total="8388608" percent="46">
      <mem type="soa" free="3447968" total="7969792" percent="43" />
      <mem type="loa" free="418816" total="418816" percent="100" />
    </mem>
  </mem-info>
</gc-end>
<cycle-end id="180" type="global" contextid="171" timestamp="2019-08-02T19:00:36.395" />
  <attribute name="elasticGC enabled" value="1" />
  <attribute name= "numThreadsSpecified" value="0" />
  <attribute name="heapSize specified" value="8388608" />
  <attribute name= "numCores" value="8" />
  <attribute name ="GC Interval" value="0" />
  <attribute name ="Control flow" value="3" />
  <attribute name="GC Util Range Max" value="94" />
  <attribute name="Current GC Util" value="24" />
  <attribute name= "Current Time Running" value="976" />
<allocation-satisfied id="181" threadId="0000000001431B00" bytesRequested="16392" />
<af-end id="182" timestamp="2019-08-02T19:00:36.396" threadId="0000000001432488" success="true" />
<exclusive-end id="183" timestamp="2019-08-02T19:00:36.396" durationms="8.011" />

<exclusive-start id="184" timestamp="2019-08-02T19:00:36.435" intervalms="47.464">
  <response-info timems="0.043" idlems="0.043" threads="0" lastid="0000000001431B00" lastname="Thread-7" />
</exclusive-start>
<af-start id="185" threadId="0000000001432488" totalBytesRequested="8200" timestamp="2019-08-02T19:00:36.435" intervalms="47.441" />
<cycle-start id="186" type="global" contextid="0" timestamp="2019-08-02T19:00:36.435" intervalms="47.440" />
<gc-start id="187" type="global" contextid="186" timestamp="2019-08-02T19:00:36.435">
  <mem-info id="188" free="418816" total="8388608" percent="4">
    <mem type="tenure" free="418816" total="8388608" percent="4">
      <mem type="soa" free="0" total="7969792" percent="0" />
      <mem type="loa" free="418816" total="418816" percent="100" />
    </mem>
  </mem-info>
</gc-start>
<allocation-stats totalBytes="3442552" >
  <allocated-bytes non-tlh="131104" tlh="3311448" />
  <largest-consumer threadName="Thread-10" threadId="000000000143CF00" bytes="870336" />
</allocation-stats>
<gc-op id="189" type="mark" timems="1.894" contextid="186" timestamp="2019-08-02T19:00:36.437">
  <trace-info objectcount="43335" scancount="35070" scanbytes="2079832" />
  <finalization candidates="25" enqueued="0" />
  <references type="soft" candidates="168" cleared="0" enqueued="0" dynamicThreshold="14" maxThreshold="32" />
  <references type="weak" candidates="278" cleared="0" enqueued="0" />
  <references type="phantom" candidates="105" cleared="0" enqueued="0" />
  <stringconstants candidates="3963" cleared="0"  />
</gc-op>
<gc-op id="190" type="sweep" timems="0.237" contextid="186" timestamp="2019-08-02T19:00:36.438" />
<mem-info id="191" free="3986872" total="8388608" percent="47">
  <mem type="tenure" free="3986872" total="8388608" percent="47" micro-fragmented="23117">
    <mem type="soa" free="3568056" total="7969792" percent="44" />
    <mem type="loa" free="418816" total="418816" percent="100" />
  </mem>
</mem-info>
<gc-op id="192" type="compact" timems="5.614" contextid="186" timestamp="2019-08-02T19:00:36.443">
  <compact-info movecount="13916" movebytes="2424168" reason="no compaction" />
</gc-op>
<gc-end id="193" type="global" contextid="186" durationms="8.302" usertimems="4.000" systemtimems="8.000" timestamp="2019-08-02T19:00:36.444" activeThreads="8">
  <mem-info id="194" free="3946456" total="8388608" percent="47">
    <mem type="tenure" free="3946456" total="8388608" percent="47">
      <mem type="soa" free="3527640" total="7969792" percent="44" />
      <mem type="loa" free="418816" total="418816" percent="100" />
    </mem>
  </mem-info>
</gc-end>
<cycle-end id="195" type="global" contextid="186" timestamp="2019-08-02T19:00:36.444" />
  <attribute name="elasticGC enabled" value="1" />
  <attribute name= "numThreadsSpecified" value="0" />
  <attribute name="heapSize specified" value="8388608" />
  <attribute name= "numCores" value="8" />
  <attribute name ="GC Interval" value="0" />
  <attribute name ="Control flow" value="3" />
  <attribute name="GC Util Range Max" value="94" />
  <attribute name="Current GC Util" value="34" />
  <attribute name= "Current Time Running" value="1025" />
<allocation-satisfied id="196" threadId="0000000001431B00" bytesRequested="8200" />
<af-end id="197" timestamp="2019-08-02T19:00:36.444" threadId="0000000001432488" success="true" />
<exclusive-end id="198" timestamp="2019-08-02T19:00:36.444" durationms="9.017" />

<exclusive-start id="199" timestamp="2019-08-02T19:00:36.489" intervalms="53.402">
  <response-info timems="0.048" idlems="0.048" threads="0" lastid="0000000001439300" lastname="Thread-9" />
</exclusive-start>
<af-start id="200" threadId="0000000001439C88" totalBytesRequested="16392" timestamp="2019-08-02T19:00:36.489" intervalms="53.445" />
<cycle-start id="201" type="global" contextid="0" timestamp="2019-08-02T19:00:36.489" intervalms="53.451" />
<gc-start id="202" type="global" contextid="201" timestamp="2019-08-02T19:00:36.489">
  <mem-info id="203" free="418816" total="8388608" percent="4">
    <mem type="tenure" free="418816" total="8388608" percent="4">
      <mem type="soa" free="0" total="7969792" percent="0" />
      <mem type="loa" free="418816" total="418816" percent="100" />
    </mem>
  </mem-info>
</gc-start>
<allocation-stats totalBytes="3534768" >
  <allocated-bytes non-tlh="98328" tlh="3436440" />
  <largest-consumer threadName="Thread-4" threadId="0000000001426800" bytes="927832" />
</allocation-stats>
<gc-op id="204" type="mark" timems="1.585" contextid="201" timestamp="2019-08-02T19:00:36.491">
  <trace-info objectcount="43545" scancount="35212" scanbytes="2031216" />
  <finalization candidates="25" enqueued="0" />
  <references type="soft" candidates="168" cleared="0" enqueued="0" dynamicThreshold="15" maxThreshold="32" />
  <references type="weak" candidates="278" cleared="0" enqueued="0" />
  <references type="phantom" candidates="103" cleared="0" enqueued="0" />
  <stringconstants candidates="3963" cleared="0"  />
</gc-op>
<gc-op id="205" type="sweep" timems="0.238" contextid="201" timestamp="2019-08-02T19:00:36.491" />
<mem-info id="206" free="3948800" total="8388608" percent="47">
  <mem type="tenure" free="3948800" total="8388608" percent="47" micro-fragmented="3608">
    <mem type="soa" free="3529984" total="7969792" percent="44" />
    <mem type="loa" free="418816" total="418816" percent="100" />
  </mem>
</mem-info>
<gc-op id="207" type="compact" timems="5.100" contextid="201" timestamp="2019-08-02T19:00:36.496">
  <compact-info movecount="14126" movebytes="2445448" reason="no compaction" />
</gc-op>
<gc-end id="208" type="global" contextid="201" durationms="7.470" usertimems="12.000" systemtimems="0.000" timestamp="2019-08-02T19:00:36.496" activeThreads="8">
  <mem-info id="209" free="3933368" total="8388608" percent="46">
    <mem type="tenure" free="3933368" total="8388608" percent="46">
      <mem type="soa" free="3514552" total="7969792" percent="44" />
      <mem type="loa" free="418816" total="418816" percent="100" />
    </mem>
  </mem-info>
</gc-end>
<cycle-end id="210" type="global" contextid="201" timestamp="2019-08-02T19:00:36.496" />
  <attribute name="elasticGC enabled" value="1" />
  <attribute name= "numThreadsSpecified" value="0" />
  <attribute name="heapSize specified" value="8388608" />
  <attribute name= "numCores" value="8" />
  <attribute name ="GC Interval" value="0" />
  <attribute name ="Control flow" value="3" />
  <attribute name="GC Util Range Max" value="94" />
  <attribute name="Current GC Util" value="24" />
  <attribute name= "Current Time Running" value="1077" />
<allocation-satisfied id="211" threadId="0000000001439300" bytesRequested="16392" />
<af-end id="212" timestamp="2019-08-02T19:00:36.497" threadId="0000000001439C88" success="true" />
<exclusive-end id="213" timestamp="2019-08-02T19:00:36.497" durationms="8.124" />

<exclusive-start id="214" timestamp="2019-08-02T19:00:36.548" intervalms="59.198">
  <response-info timems="0.062" idlems="0.062" threads="0" lastid="0000000001439300" lastname="Thread-9" />
</exclusive-start>
<af-start id="215" threadId="0000000001439C88" totalBytesRequested="48" timestamp="2019-08-02T19:00:36.548" intervalms="59.086" />
<cycle-start id="216" type="global" contextid="0" timestamp="2019-08-02T19:00:36.548" intervalms="59.082" />
<gc-start id="217" type="global" contextid="216" timestamp="2019-08-02T19:00:36.548">
  <mem-info id="218" free="418816" total="8388608" percent="4">
    <mem type="tenure" free="418816" total="8388608" percent="4">
      <mem type="soa" free="0" total="7969792" percent="0" />
      <mem type="loa" free="418816" total="418816" percent="100" />
    </mem>
  </mem-info>
</gc-start>
<allocation-stats totalBytes="3481720" >
  <allocated-bytes non-tlh="131104" tlh="3350616" />
  <largest-consumer threadName="Thread-10" threadId="000000000143CF00" bytes="945240" />
</allocation-stats>
<gc-op id="219" type="mark" timems="4.165" contextid="216" timestamp="2019-08-02T19:00:36.552">
  <trace-info objectcount="43494" scancount="35093" scanbytes="2011212" />
  <finalization candidates="25" enqueued="0" />
  <references type="soft" candidates="168" cleared="0" enqueued="0" dynamicThreshold="15" maxThreshold="32" />
  <references type="weak" candidates="278" cleared="0" enqueued="0" />
  <references type="phantom" candidates="103" cleared="0" enqueued="0" />
  <stringconstants candidates="3963" cleared="0"  />
</gc-op>
<gc-op id="220" type="sweep" timems="0.324" contextid="216" timestamp="2019-08-02T19:00:36.553" />
<mem-info id="221" free="4077624" total="8388608" percent="48">
  <mem type="tenure" free="4077624" total="8388608" percent="48" micro-fragmented="7971">
    <mem type="soa" free="3658808" total="7969792" percent="45" />
    <mem type="loa" free="418816" total="418816" percent="100" />
  </mem>
</mem-info>
<gc-op id="222" type="compact" timems="6.723" contextid="216" timestamp="2019-08-02T19:00:36.560">
  <compact-info movecount="14075" movebytes="2324096" reason="no compaction" />
</gc-op>
<gc-end id="223" type="global" contextid="216" durationms="12.012" usertimems="20.000" systemtimems="0.000" timestamp="2019-08-02T19:00:36.560" activeThreads="8">
  <mem-info id="224" free="4067008" total="8388608" percent="48">
    <mem type="tenure" free="4067008" total="8388608" percent="48">
      <mem type="soa" free="3648192" total="7969792" percent="45" />
      <mem type="loa" free="418816" total="418816" percent="100" />
    </mem>
  </mem-info>
</gc-end>
<cycle-end id="225" type="global" contextid="216" timestamp="2019-08-02T19:00:36.560" />
  <attribute name="elasticGC enabled" value="1" />
  <attribute name= "numThreadsSpecified" value="0" />
  <attribute name="heapSize specified" value="8388608" />
  <attribute name= "numCores" value="8" />
  <attribute name ="GC Interval" value="0" />
  <attribute name ="Control flow" value="3" />
  <attribute name="GC Util Range Max" value="94" />
  <attribute name="Current GC Util" value="46" />
  <attribute name= "Current Time Running" value="1141" />
<allocation-satisfied id="226" threadId="0000000001439300" bytesRequested="48" />
<af-end id="227" timestamp="2019-08-02T19:00:36.560" threadId="0000000001439C88" success="true" />
<exclusive-end id="228" timestamp="2019-08-02T19:00:36.560" durationms="12.685" />

<exclusive-start id="229" timestamp="2019-08-02T19:00:36.602" intervalms="53.979">
  <response-info timems="0.059" idlems="0.059" threads="0" lastid="000000000142DF00" lastname="Thread-6" />
</exclusive-start>
<af-start id="230" threadId="000000000142E888" totalBytesRequested="48" timestamp="2019-08-02T19:00:36.602" intervalms="54.005" />
<cycle-start id="231" type="global" contextid="0" timestamp="2019-08-02T19:00:36.602" intervalms="54.001" />
<gc-start id="232" type="global" contextid="231" timestamp="2019-08-02T19:00:36.602">
  <mem-info id="233" free="418816" total="8388608" percent="4">
    <mem type="tenure" free="418816" total="8388608" percent="4">
      <mem type="soa" free="0" total="7969792" percent="0" />
      <mem type="loa" free="418816" total="418816" percent="100" />
    </mem>
  </mem-info>
</gc-start>
<allocation-stats totalBytes="3601368" >
  <allocated-bytes non-tlh="131104" tlh="3470264" />
  <largest-consumer threadName="Thread-9" threadId="0000000001439300" bytes="1179576" />
</allocation-stats>
<heap-resize id="234" type="loa contract" space="tenure" amount="83968" count="1" timems="0.000" reason="contract underutilized loa" timestamp="2019-08-02T19:00:36.602" />
<gc-op id="235" type="mark" timems="2.368" contextid="231" timestamp="2019-08-02T19:00:36.605">
  <trace-info objectcount="43886" scancount="35462" scanbytes="2093304" />
  <finalization candidates="25" enqueued="0" />
  <references type="soft" candidates="168" cleared="15" enqueued="14" dynamicThreshold="15" maxThreshold="32" />
  <references type="weak" candidates="278" cleared="0" enqueued="0" />
  <references type="phantom" candidates="103" cleared="0" enqueued="0" />
  <stringconstants candidates="3963" cleared="0"  />
</gc-op>
<gc-op id="236" type="sweep" timems="0.241" contextid="231" timestamp="2019-08-02T19:00:36.605" />
<mem-info id="237" free="3790360" total="8388608" percent="45">
  <mem type="tenure" free="3790360" total="8388608" percent="45" micro-fragmented="41796">
    <mem type="soa" free="3455512" total="8053760" percent="42" />
    <mem type="loa" free="334848" total="334848" percent="100" />
  </mem>
  <pending-finalizers system="0" default="0" reference="14" classloader="0" />
</mem-info>
<gc-op id="238" type="compact" timems="8.893" contextid="231" timestamp="2019-08-02T19:00:36.614">
  <compact-info movecount="32629" movebytes="4078336" reason="no compaction" />
</gc-op>
<gc-end id="239" type="global" contextid="231" durationms="12.202" usertimems="12.000" systemtimems="4.000" timestamp="2019-08-02T19:00:36.614" activeThreads="8">
  <mem-info id="240" free="3780424" total="8388608" percent="45">
    <mem type="tenure" free="3780424" total="8388608" percent="45">
      <mem type="soa" free="3445576" total="8053760" percent="42" />
      <mem type="loa" free="334848" total="334848" percent="100" />
    </mem>
    <pending-finalizers system="0" default="0" reference="14" classloader="0" />
  </mem-info>
</gc-end>
<cycle-end id="241" type="global" contextid="231" timestamp="2019-08-02T19:00:36.614" />
  <attribute name="elasticGC enabled" value="1" />
  <attribute name= "numThreadsSpecified" value="0" />
  <attribute name="heapSize specified" value="8388608" />
  <attribute name= "numCores" value="8" />
  <attribute name ="GC Interval" value="0" />
  <attribute name ="Control flow" value="3" />
  <attribute name="GC Util Range Max" value="94" />
  <attribute name="Current GC Util" value="29" />
  <attribute name= "Current Time Running" value="1195" />
<allocation-satisfied id="242" threadId="000000000142DF00" bytesRequested="48" />
<af-end id="243" timestamp="2019-08-02T19:00:36.615" threadId="000000000142E888" success="true" />
<exclusive-end id="244" timestamp="2019-08-02T19:00:36.615" durationms="13.055" />

<concurrent-kickoff id="245" timestamp="2019-08-02T19:00:36.664">
  <kickoff reason="threshold reached" targetBytes="2489738" thresholdFreeBytes="343258" remainingFree="334848" tenureFreeBytes="334848" />
</concurrent-kickoff>
<exclusive-start id="246" timestamp="2019-08-02T19:00:36.664" intervalms="62.163">
  <response-info timems="0.178" idlems="0.098" threads="1" lastid="0000000001426800" lastname="Thread-4" />
</exclusive-start>
<af-start id="247" threadId="0000000001436088" totalBytesRequested="48" timestamp="2019-08-02T19:00:36.664" intervalms="62.120" />
<concurrent-aborted id="248" timestamp="2019-08-02T19:00:36.664">
  <reason value="insufficient progress made" />
</concurrent-aborted>
<cycle-end id="249" type="global" contextid="0" timestamp="2019-08-02T19:00:36.664" />
  <attribute name="elasticGC enabled" value="1" />
  <attribute name= "numThreadsSpecified" value="0" />
  <attribute name="heapSize specified" value="8388608" />
  <attribute name= "numCores" value="8" />
  <attribute name ="GC Interval" value="0" />
  <attribute name ="Control flow" value="3" />
  <attribute name="GC Util Range Max" value="94" />
  <attribute name="Current GC Util" value="29" />
  <attribute name= "Current Time Running" value="1195" />
<cycle-start id="250" type="global" contextid="0" timestamp="2019-08-02T19:00:36.664" intervalms="62.212" />
<gc-start id="251" type="global" contextid="250" timestamp="2019-08-02T19:00:36.664">
  <mem-info id="252" free="334848" total="8388608" percent="3">
    <mem type="tenure" free="334848" total="8388608" percent="3">
      <mem type="soa" free="0" total="8053760" percent="0" />
      <mem type="loa" free="334848" total="334848" percent="100" />
    </mem>
  </mem-info>
</gc-start>
<allocation-stats totalBytes="3447464" >
  <allocated-bytes non-tlh="81944" tlh="3365520" />
  <largest-consumer threadName="Thread-7" threadId="0000000001431B00" bytes="775144" />
</allocation-stats>
<heap-resize id="253" type="loa contract" space="tenure" amount="83968" count="1" timems="0.000" reason="contract underutilized loa" timestamp="2019-08-02T19:00:36.664" />
<gc-op id="254" type="mark" timems="1.885" contextid="250" timestamp="2019-08-02T19:00:36.666">
  <trace-info objectcount="41810" scancount="33929" scanbytes="2047468" />
  <finalization candidates="25" enqueued="0" />
  <references type="soft" candidates="153" cleared="83" enqueued="79" dynamicThreshold="14" maxThreshold="32" />
  <references type="weak" candidates="278" cleared="0" enqueued="0" />
  <references type="phantom" candidates="104" cleared="0" enqueued="0" />
  <stringconstants candidates="3963" cleared="0"  />
</gc-op>
<gc-op id="255" type="sweep" timems="0.615" contextid="250" timestamp="2019-08-02T19:00:36.667" />
<mem-info id="256" free="3935696" total="8388608" percent="46">
  <mem type="tenure" free="3935696" total="8388608" percent="46" micro-fragmented="32878">
    <mem type="soa" free="3684816" total="8137728" percent="45" />
    <mem type="loa" free="250880" total="250880" percent="100" />
  </mem>
  <pending-finalizers system="0" default="0" reference="79" classloader="0" />
</mem-info>
<gc-op id="257" type="compact" timems="9.786" contextid="250" timestamp="2019-08-02T19:00:36.677">
  <compact-info movecount="35870" movebytes="4127536" reason="no compaction" />
</gc-op>
<gc-end id="258" type="global" contextid="250" durationms="13.079" usertimems="20.000" systemtimems="4.000" timestamp="2019-08-02T19:00:36.677" activeThreads="8">
  <mem-info id="259" free="3948256" total="8388608" percent="47">
    <mem type="tenure" free="3948256" total="8388608" percent="47">
      <mem type="soa" free="3697376" total="8137728" percent="45" />
      <mem type="loa" free="250880" total="250880" percent="100" />
    </mem>
    <pending-finalizers system="0" default="0" reference="79" classloader="0" />
  </mem-info>
</gc-end>
<cycle-end id="260" type="global" contextid="250" timestamp="2019-08-02T19:00:36.677" />
  <attribute name="elasticGC enabled" value="1" />
  <attribute name= "numThreadsSpecified" value="0" />
  <attribute name="heapSize specified" value="8388608" />
  <attribute name= "numCores" value="8" />
  <attribute name ="GC Interval" value="0" />
  <attribute name ="Control flow" value="3" />
  <attribute name="GC Util Range Max" value="94" />
  <attribute name="Current GC Util" value="48" />
  <attribute name= "Current Time Running" value="1258" />
<allocation-satisfied id="261" threadId="0000000001435700" bytesRequested="48" />
<af-end id="262" timestamp="2019-08-02T19:00:36.677" threadId="0000000001436088" success="true" />
<exclusive-end id="263" timestamp="2019-08-02T19:00:36.678" durationms="13.643" />

<concurrent-kickoff id="264" timestamp="2019-08-02T19:00:36.724">
  <kickoff reason="threshold reached" targetBytes="2489738" thresholdFreeBytes="343258" remainingFree="315080" tenureFreeBytes="315080" />
</concurrent-kickoff>
<exclusive-start id="265" timestamp="2019-08-02T19:00:36.724" intervalms="60.229">
  <response-info timems="0.082" idlems="0.082" threads="0" lastid="0000000001439300" lastname="Thread-9" />
</exclusive-start>
<cycle-start id="266" type="global" contextid="0" timestamp="2019-08-02T19:00:36.724" intervalms="60.069" />
<exclusive-end id="267" timestamp="2019-08-02T19:00:36.724" durationms="0.123" />

<exclusive-start id="268" timestamp="2019-08-02T19:00:36.725" intervalms="0.560">
  <response-info timems="0.029" idlems="0.015" threads="1" lastid="0000000001431B00" lastname="Thread-7" />
</exclusive-start>
<af-start id="269" threadId="000000000142AC88" totalBytesRequested="16392" timestamp="2019-08-02T19:00:36.725" intervalms="60.793" />
<concurrent-aborted id="270" timestamp="2019-08-02T19:00:36.725">
  <reason value="insufficient progress made" />
</concurrent-aborted>
<cycle-end id="271" type="global" contextid="266" timestamp="2019-08-02T19:00:36.725" />
  <attribute name="elasticGC enabled" value="1" />
  <attribute name= "numThreadsSpecified" value="0" />
  <attribute name="heapSize specified" value="8388608" />
  <attribute name= "numCores" value="8" />
  <attribute name ="GC Interval" value="0" />
  <attribute name ="Control flow" value="3" />
  <attribute name="GC Util Range Max" value="94" />
  <attribute name="Current GC Util" value="48" />
  <attribute name= "Current Time Running" value="1258" />
<cycle-start id="272" type="global" contextid="0" timestamp="2019-08-02T19:00:36.725" intervalms="0.740" />
<gc-start id="273" type="global" contextid="272" timestamp="2019-08-02T19:00:36.725">
  <mem-info id="274" free="250880" total="8388608" percent="2">
    <mem type="tenure" free="250880" total="8388608" percent="2">
      <mem type="soa" free="0" total="8137728" percent="0" />
      <mem type="loa" free="250880" total="250880" percent="100" />
    </mem>
  </mem-info>
</gc-start>
<allocation-stats totalBytes="3670392" >
  <allocated-bytes non-tlh="98328" tlh="3572064" />
  <largest-consumer threadName="Thread-3" threadId="0000000001422C00" bytes="944632" />
</allocation-stats>
<heap-resize id="275" type="loa contract" space="tenure" amount="83968" count="1" timems="0.000" reason="contract underutilized loa" timestamp="2019-08-02T19:00:36.725" />
<gc-op id="276" type="mark" timems="2.631" contextid="272" timestamp="2019-08-02T19:00:36.728">
  <trace-info objectcount="41515" scancount="33587" scanbytes="1952868" />
  <finalization candidates="25" enqueued="0" />
  <references type="soft" candidates="70" cleared="0" enqueued="0" dynamicThreshold="15" maxThreshold="32" />
  <references type="weak" candidates="279" cleared="0" enqueued="0" />
  <references type="phantom" candidates="104" cleared="0" enqueued="0" />
  <stringconstants candidates="3963" cleared="18"  />
</gc-op>
<gc-op id="277" type="sweep" timems="0.864" contextid="272" timestamp="2019-08-02T19:00:36.729" />
<mem-info id="278" free="4058264" total="8388608" percent="48">
  <mem type="tenure" free="4058264" total="8388608" percent="48" micro-fragmented="38475">
    <mem type="soa" free="3891352" total="8221696" percent="47" />
    <mem type="loa" free="166912" total="166912" percent="100" />
  </mem>
</mem-info>
<gc-op id="279" type="compact" timems="9.977" contextid="272" timestamp="2019-08-02T19:00:36.739">
  <compact-info movecount="30253" movebytes="3803624" reason="no compaction" />
</gc-op>
<gc-end id="280" type="global" contextid="272" durationms="14.577" usertimems="20.000" systemtimems="4.000" timestamp="2019-08-02T19:00:36.740" activeThreads="8">
  <mem-info id="281" free="4083704" total="8388608" percent="48">
    <mem type="tenure" free="4083704" total="8388608" percent="48">
      <mem type="soa" free="3916792" total="8221696" percent="47" />
      <mem type="loa" free="166912" total="166912" percent="100" />
    </mem>
  </mem-info>
</gc-end>
<cycle-end id="282" type="global" contextid="272" timestamp="2019-08-02T19:00:36.740" />
  <attribute name="elasticGC enabled" value="1" />
  <attribute name= "numThreadsSpecified" value="0" />
  <attribute name="heapSize specified" value="8388608" />
  <attribute name= "numCores" value="8" />
  <attribute name ="GC Interval" value="0" />
  <attribute name ="Control flow" value="3" />
  <attribute name="GC Util Range Max" value="94" />
  <attribute name="Current GC Util" value="60" />
  <attribute name= "Current Time Running" value="1320" />
<allocation-satisfied id="283" threadId="000000000142A300" bytesRequested="16392" />
<af-end id="284" timestamp="2019-08-02T19:00:36.740" threadId="000000000142AC88" success="true" />
<exclusive-end id="285" timestamp="2019-08-02T19:00:36.740" durationms="15.295" />

<concurrent-kickoff id="286" timestamp="2019-08-02T19:00:36.767">
  <kickoff reason="threshold reached" targetBytes="2489738" thresholdFreeBytes="343258" remainingFree="315328" tenureFreeBytes="315328" />
</concurrent-kickoff>
<exclusive-start id="287" timestamp="2019-08-02T19:00:36.768" intervalms="43.008">
  <response-info timems="0.065" idlems="0.065" threads="0" lastid="0000000001439300" lastname="Thread-9" />
</exclusive-start>
<cycle-start id="288" type="global" contextid="0" timestamp="2019-08-02T19:00:36.768" intervalms="42.887" />
<exclusive-end id="289" timestamp="2019-08-02T19:00:36.768" durationms="0.180" />

<exclusive-start id="290" timestamp="2019-08-02T19:00:36.776" intervalms="8.181">
  <response-info timems="0.041" idlems="0.041" threads="0" lastid="000000000142A300" lastname="Thread-5" />
</exclusive-start>
<af-start id="291" threadId="000000000142AC88" totalBytesRequested="16392" timestamp="2019-08-02T19:00:36.776" intervalms="51.238" />
<concurrent-aborted id="292" timestamp="2019-08-02T19:00:36.776">
  <reason value="insufficient progress made" />
</concurrent-aborted>
<cycle-end id="293" type="global" contextid="288" timestamp="2019-08-02T19:00:36.776" />
  <attribute name="elasticGC enabled" value="1" />
  <attribute name= "numThreadsSpecified" value="0" />
  <attribute name="heapSize specified" value="8388608" />
  <attribute name= "numCores" value="8" />
  <attribute name ="GC Interval" value="0" />
  <attribute name ="Control flow" value="3" />
  <attribute name="GC Util Range Max" value="94" />
  <attribute name="Current GC Util" value="60" />
  <attribute name= "Current Time Running" value="1320" />
<cycle-start id="294" type="global" contextid="0" timestamp="2019-08-02T19:00:36.776" intervalms="8.349" />
<gc-start id="295" type="global" contextid="294" timestamp="2019-08-02T19:00:36.776">
  <mem-info id="296" free="166912" total="8388608" percent="1">
    <mem type="tenure" free="166912" total="8388608" percent="1">
      <mem type="soa" free="0" total="8221696" percent="0" />
      <mem type="loa" free="166912" total="166912" percent="100" />
    </mem>
  </mem-info>
</gc-start>
<allocation-stats totalBytes="3888032" >
  <allocated-bytes non-tlh="245824" tlh="3642208" />
  <largest-consumer threadName="Thread-7" threadId="0000000001431B00" bytes="868776" />
</allocation-stats>
<heap-resize id="297" type="loa contract" space="tenure" amount="83968" count="1" timems="0.000" reason="contract underutilized loa" timestamp="2019-08-02T19:00:36.776" />
<gc-op id="298" type="mark" timems="2.239" contextid="294" timestamp="2019-08-02T19:00:36.779">
  <trace-info objectcount="40666" scancount="32971" scanbytes="1937156" />
  <finalization candidates="25" enqueued="0" />
  <references type="soft" candidates="70" cleared="5" enqueued="3" dynamicThreshold="15" maxThreshold="32" />
  <references type="weak" candidates="278" cleared="0" enqueued="0" />
  <references type="phantom" candidates="103" cleared="0" enqueued="0" />
  <stringconstants candidates="3945" cleared="1"  />
</gc-op>
<gc-op id="299" type="sweep" timems="1.149" contextid="294" timestamp="2019-08-02T19:00:36.780" />
<mem-info id="300" free="4186616" total="8388608" percent="49">
  <mem type="tenure" free="4186616" total="8388608" percent="49" micro-fragmented="30126">
    <mem type="soa" free="4103672" total="8305664" percent="49" />
    <mem type="loa" free="82944" total="82944" percent="100" />
  </mem>
  <pending-finalizers system="0" default="0" reference="3" classloader="0" />
</mem-info>
<gc-op id="301" type="compact" timems="9.546" contextid="294" timestamp="2019-08-02T19:00:36.790">
  <compact-info movecount="24406" movebytes="3453360" reason="no compaction" />
</gc-op>
<gc-end id="302" type="global" contextid="294" durationms="14.064" usertimems="32.000" systemtimems="4.000" timestamp="2019-08-02T19:00:36.790" activeThreads="8">
  <mem-info id="303" free="4158880" total="8388608" percent="49">
    <mem type="tenure" free="4158880" total="8388608" percent="49">
      <mem type="soa" free="4075936" total="8305664" percent="49" />
      <mem type="loa" free="82944" total="82944" percent="100" />
    </mem>
    <pending-finalizers system="0" default="0" reference="3" classloader="0" />
  </mem-info>
</gc-end>
<cycle-end id="304" type="global" contextid="294" timestamp="2019-08-02T19:00:36.790" />
  <attribute name="elasticGC enabled" value="1" />
  <attribute name= "numThreadsSpecified" value="0" />
  <attribute name="heapSize specified" value="8388608" />
  <attribute name= "numCores" value="8" />
  <attribute name ="GC Interval" value="0" />
  <attribute name ="Control flow" value="3" />
  <attribute name="GC Util Range Max" value="94" />
  <attribute name="Current GC Util" value="62" />
  <attribute name= "Current Time Running" value="1371" />
<allocation-satisfied id="305" threadId="000000000142A300" bytesRequested="16392" />
<af-end id="306" timestamp="2019-08-02T19:00:36.791" threadId="000000000142AC88" success="true" />
<exclusive-end id="307" timestamp="2019-08-02T19:00:36.791" durationms="14.852" />

<concurrent-kickoff id="308" timestamp="2019-08-02T19:00:36.852">
  <kickoff reason="threshold reached" targetBytes="2489738" thresholdFreeBytes="343258" remainingFree="333184" tenureFreeBytes="333184" />
</concurrent-kickoff>
<exclusive-start id="309" timestamp="2019-08-02T19:00:36.852" intervalms="76.118">
  <response-info timems="0.077" idlems="0.077" threads="0" lastid="000000000142A300" lastname="Thread-5" />
</exclusive-start>
<cycle-start id="310" type="global" contextid="0" timestamp="2019-08-02T19:00:36.852" intervalms="75.884" />
<exclusive-end id="311" timestamp="2019-08-02T19:00:36.852" durationms="0.114" />

<exclusive-start id="312" timestamp="2019-08-02T19:00:36.853" intervalms="0.532">
  <response-info timems="0.183" idlems="0.183" threads="0" lastid="0000000001439300" lastname="Thread-9" />
</exclusive-start>
<af-start id="313" threadId="0000000001439C88" totalBytesRequested="16392" timestamp="2019-08-02T19:00:36.853" intervalms="76.675" />
<concurrent-aborted id="314" timestamp="2019-08-02T19:00:36.853">
  <reason value="insufficient progress made" />
</concurrent-aborted>
<cycle-end id="315" type="global" contextid="310" timestamp="2019-08-02T19:00:36.853" />
  <attribute name="elasticGC enabled" value="1" />
  <attribute name= "numThreadsSpecified" value="0" />
  <attribute name="heapSize specified" value="8388608" />
  <attribute name= "numCores" value="8" />
  <attribute name ="GC Interval" value="0" />
  <attribute name ="Control flow" value="3" />
  <attribute name="GC Util Range Max" value="94" />
  <attribute name="Current GC Util" value="62" />
  <attribute name= "Current Time Running" value="1371" />
<cycle-start id="316" type="global" contextid="0" timestamp="2019-08-02T19:00:36.853" intervalms="0.813" />
<gc-start id="317" type="global" contextid="316" timestamp="2019-08-02T19:00:36.853">
  <mem-info id="318" free="82944" total="8388608" percent="0">
    <mem type="tenure" free="82944" total="8388608" percent="0">
      <mem type="soa" free="0" total="8305664" percent="0" />
      <mem type="loa" free="82944" total="82944" percent="100" />
    </mem>
  </mem-info>
</gc-start>
<allocation-stats totalBytes="4087424" >
  <allocated-bytes non-tlh="163880" tlh="3923544" />
  <largest-consumer threadName="Thread-5" threadId="000000000142A300" bytes="822952" />
</allocation-stats>
<gc-op id="319" type="mark" timems="1.105" contextid="316" timestamp="2019-08-02T19:00:36.854">
  <trace-info objectcount="40379" scancount="32694" scanbytes="1924276" />
  <finalization candidates="25" enqueued="0" />
  <references type="soft" candidates="65" cleared="0" enqueued="0" dynamicThreshold="15" maxThreshold="32" />
  <references type="weak" candidates="278" cleared="0" enqueued="0" />
  <references type="phantom" candidates="103" cleared="0" enqueued="0" />
  <stringconstants candidates="3944" cleared="0"  />
</gc-op>
<gc-op id="320" type="sweep" timems="0.276" contextid="316" timestamp="2019-08-02T19:00:36.855" />
<mem-info id="321" free="4264128" total="8388608" percent="50">
  <mem type="tenure" free="4264128" total="8388608" percent="50" micro-fragmented="2062">
    <mem type="soa" free="4181184" total="8305664" percent="50" />
    <mem type="loa" free="82944" total="82944" percent="100" />
  </mem>
</mem-info>
<gc-op id="322" type="compact" timems="5.003" contextid="316" timestamp="2019-08-02T19:00:36.860">
  <compact-info movecount="12429" movebytes="2189104" reason="no compaction" />
</gc-op>
<gc-end id="323" type="global" contextid="316" durationms="6.958" usertimems="12.000" systemtimems="0.000" timestamp="2019-08-02T19:00:36.860" activeThreads="8">
  <mem-info id="324" free="4280736" total="8388608" percent="51">
    <mem type="tenure" free="4280736" total="8388608" percent="51">
      <mem type="soa" free="4197792" total="8305664" percent="50" />
      <mem type="loa" free="82944" total="82944" percent="100" />
    </mem>
  </mem-info>
</gc-end>
<cycle-end id="325" type="global" contextid="316" timestamp="2019-08-02T19:00:36.860" />
  <attribute name="elasticGC enabled" value="1" />
  <attribute name= "numThreadsSpecified" value="0" />
  <attribute name="heapSize specified" value="8388608" />
  <attribute name= "numCores" value="8" />
  <attribute name ="GC Interval" value="0" />
  <attribute name ="Control flow" value="3" />
  <attribute name="GC Util Range Max" value="94" />
  <attribute name="Current GC Util" value="32" />
  <attribute name= "Current Time Running" value="1441" />
<allocation-satisfied id="326" threadId="0000000001439300" bytesRequested="16392" />
<af-end id="327" timestamp="2019-08-02T19:00:36.860" threadId="0000000001439C88" success="true" />
<exclusive-end id="328" timestamp="2019-08-02T19:00:36.860" durationms="7.622" />

<concurrent-kickoff id="329" timestamp="2019-08-02T19:00:36.889">
  <kickoff reason="threshold reached" targetBytes="2489738" thresholdFreeBytes="343258" remainingFree="311680" tenureFreeBytes="311680" />
</concurrent-kickoff>
<exclusive-start id="330" timestamp="2019-08-02T19:00:36.889" intervalms="36.679">
  <response-info timems="0.054" idlems="0.054" threads="0" lastid="0000000001431B00" lastname="Thread-7" />
</exclusive-start>
<cycle-start id="331" type="global" contextid="0" timestamp="2019-08-02T19:00:36.889" intervalms="36.393" />
<exclusive-end id="332" timestamp="2019-08-02T19:00:36.889" durationms="0.107" />

<exclusive-start id="333" timestamp="2019-08-02T19:00:36.890" intervalms="1.260">
  <response-info timems="0.034" idlems="0.034" threads="0" lastid="0000000001431B00" lastname="Thread-7" />
</exclusive-start>
<af-start id="334" threadId="0000000001432488" totalBytesRequested="32776" timestamp="2019-08-02T19:00:36.891" intervalms="37.941" />
<concurrent-aborted id="335" timestamp="2019-08-02T19:00:36.891">
  <reason value="insufficient progress made" />
</concurrent-aborted>
<cycle-end id="336" type="global" contextid="331" timestamp="2019-08-02T19:00:36.891" />
  <attribute name="elasticGC enabled" value="1" />
  <attribute name= "numThreadsSpecified" value="0" />
  <attribute name="heapSize specified" value="8388608" />
  <attribute name= "numCores" value="8" />
  <attribute name ="GC Interval" value="0" />
  <attribute name ="Control flow" value="3" />
  <attribute name="GC Util Range Max" value="94" />
  <attribute name="Current GC Util" value="32" />
  <attribute name= "Current Time Running" value="1441" />
<cycle-start id="337" type="global" contextid="0" timestamp="2019-08-02T19:00:36.891" intervalms="1.530" />
<gc-start id="338" type="global" contextid="337" timestamp="2019-08-02T19:00:36.891">
  <mem-info id="339" free="82944" total="8388608" percent="0">
    <mem type="tenure" free="82944" total="8388608" percent="0">
      <mem type="soa" free="0" total="8305664" percent="0" />
      <mem type="loa" free="82944" total="82944" percent="100" />
    </mem>
  </mem-info>
</gc-start>
<allocation-stats totalBytes="4076888" >
  <allocated-bytes non-tlh="147496" tlh="3929392" />
  <largest-consumer threadName="Thread-9" threadId="0000000001439300" bytes="1033704" />
</allocation-stats>
<gc-op id="340" type="mark" timems="1.267" contextid="337" timestamp="2019-08-02T19:00:36.892">
  <trace-info objectcount="40182" scancount="32520" scanbytes="1971968" />
  <finalization candidates="25" enqueued="0" />
  <references type="soft" candidates="65" cleared="0" enqueued="0" dynamicThreshold="16" maxThreshold="32" />
  <references type="weak" candidates="278" cleared="0" enqueued="0" />
  <references type="phantom" candidates="103" cleared="0" enqueued="0" />
  <stringconstants candidates="3944" cleared="0"  />
</gc-op>
<gc-op id="341" type="sweep" timems="0.645" contextid="337" timestamp="2019-08-02T19:00:36.893" />
<mem-info id="342" free="4252528" total="8388608" percent="50">
  <mem type="tenure" free="4252528" total="8388608" percent="50" micro-fragmented="41079">
    <mem type="soa" free="4169584" total="8305664" percent="50" />
    <mem type="loa" free="82944" total="82944" percent="100" />
  </mem>
</mem-info>
<gc-op id="343" type="compact" timems="5.744" contextid="337" timestamp="2019-08-02T19:00:36.899">
  <compact-info movecount="12232" movebytes="2203640" reason="no compaction" />
</gc-op>
<gc-end id="344" type="global" contextid="337" durationms="8.449" usertimems="8.000" systemtimems="8.000" timestamp="2019-08-02T19:00:36.899" activeThreads="8">
  <mem-info id="345" free="4245728" total="8388608" percent="50">
    <mem type="tenure" free="4245728" total="8388608" percent="50">
      <mem type="soa" free="4162784" total="8305664" percent="50" />
      <mem type="loa" free="82944" total="82944" percent="100" />
    </mem>
  </mem-info>
</gc-end>
<cycle-end id="346" type="global" contextid="337" timestamp="2019-08-02T19:00:36.899" />
  <attribute name="elasticGC enabled" value="1" />
  <attribute name= "numThreadsSpecified" value="0" />
  <attribute name="heapSize specified" value="8388608" />
  <attribute name= "numCores" value="8" />
  <attribute name ="GC Interval" value="0" />
  <attribute name ="Control flow" value="3" />
  <attribute name="GC Util Range Max" value="94" />
  <attribute name="Current GC Util" value="58" />
  <attribute name= "Current Time Running" value="1480" />
<allocation-satisfied id="347" threadId="0000000001431B00" bytesRequested="32776" />
<af-end id="348" timestamp="2019-08-02T19:00:36.900" threadId="0000000001432488" success="true" />
<exclusive-end id="349" timestamp="2019-08-02T19:00:36.900" durationms="9.215" />

<concurrent-kickoff id="350" timestamp="2019-08-02T19:00:36.949">
  <kickoff reason="threshold reached" targetBytes="2489738" thresholdFreeBytes="343258" remainingFree="293072" tenureFreeBytes="293072" />
</concurrent-kickoff>
<exclusive-start id="351" timestamp="2019-08-02T19:00:36.949" intervalms="58.841">
  <response-info timems="0.094" idlems="0.094" threads="0" lastid="000000000143CF00" lastname="Thread-10" />
</exclusive-start>
<cycle-start id="352" type="global" contextid="0" timestamp="2019-08-02T19:00:36.949" intervalms="58.589" />
<exclusive-end id="353" timestamp="2019-08-02T19:00:36.949" durationms="0.127" />

<exclusive-start id="354" timestamp="2019-08-02T19:00:36.952" intervalms="2.709">
  <response-info timems="0.047" idlems="0.047" threads="0" lastid="000000000142DF00" lastname="Thread-6" />
</exclusive-start>
<af-start id="355" threadId="000000000142E888" totalBytesRequested="48" timestamp="2019-08-02T19:00:36.952" intervalms="61.526" />
<gc-start id="356" type="global" contextid="352" timestamp="2019-08-02T19:00:36.952">
  <mem-info id="357" free="82944" total="8388608" percent="0">
    <mem type="tenure" free="82944" total="8388608" percent="0">
      <mem type="soa" free="0" total="8305664" percent="0" />
      <mem type="loa" free="82944" total="82944" percent="100" />
    </mem>
  </mem-info>
</gc-start>
<allocation-stats totalBytes="4154816" >
  <allocated-bytes non-tlh="65552" tlh="4089264" />
  <largest-consumer threadName="Thread-10" threadId="000000000143CF00" bytes="834248" />
</allocation-stats>
<concurrent-halted id="358" timestamp="2019-08-02T19:00:36.952">
  <halted state="Class scanning incomplete" status="clean trace" />
  <traced bytesTarget="2489738" bytesTotal="315008" bytesByMutator="0" bytesByHelper="315008" percent="12" />
  <cards cleaned="0" thresholdBytes="135222" />
</concurrent-halted>
<gc-op id="359" type="tracing" timems="0.480" contextid="352" timestamp="2019-08-02T19:00:36.953">
  <trace bytesTraced="1385044" workStackOverflowCount="0" />
</gc-op>
<gc-op id="360" type="card-cleaning" timems="0.562" contextid="352" timestamp="2019-08-02T19:00:36.954">
  <card-cleaning cardsCleaned="165" bytesTraced="525772" workStackOverflowCount="0" />
</gc-op>
<gc-op id="361" type="mark" timems="1.037" contextid="352" timestamp="2019-08-02T19:00:36.955">
  <trace-info objectcount="13251" scancount="10364" scanbytes="335496" />
  <finalization candidates="25" enqueued="0" />
  <references type="soft" candidates="65" cleared="0" enqueued="0" dynamicThreshold="16" maxThreshold="32" />
  <references type="weak" candidates="278" cleared="0" enqueued="0" />
  <references type="phantom" candidates="104" cleared="0" enqueued="0" />
  <stringconstants candidates="3944" cleared="0"  />
</gc-op>
<gc-op id="362" type="sweep" timems="0.729" contextid="352" timestamp="2019-08-02T19:00:36.955" />
<mem-info id="363" free="3879088" total="8388608" percent="46">
  <mem type="tenure" free="3879088" total="8388608" percent="46" micro-fragmented="9760">
    <mem type="soa" free="3796144" total="8305664" percent="45" />
    <mem type="loa" free="82944" total="82944" percent="100" />
  </mem>
</mem-info>
<gc-op id="364" type="compact" timems="6.069" contextid="352" timestamp="2019-08-02T19:00:36.962">
  <compact-info movecount="13537" movebytes="2565976" reason="no compaction" />
</gc-op>
<gc-end id="365" type="global" contextid="352" durationms="9.880" usertimems="8.000" systemtimems="8.000" timestamp="2019-08-02T19:00:36.962" activeThreads="8">
  <mem-info id="366" free="3887488" total="8388608" percent="46">
    <mem type="tenure" free="3887488" total="8388608" percent="46">
      <mem type="soa" free="3804544" total="8305664" percent="45" />
      <mem type="loa" free="82944" total="82944" percent="100" />
    </mem>
  </mem-info>
</gc-end>
<cycle-end id="367" type="global" contextid="352" timestamp="2019-08-02T19:00:36.962" />
  <attribute name="elasticGC enabled" value="1" />
  <attribute name= "numThreadsSpecified" value="0" />
  <attribute name="heapSize specified" value="8388608" />
  <attribute name= "numCores" value="8" />
  <attribute name ="GC Interval" value="0" />
  <attribute name ="Control flow" value="3" />
  <attribute name="GC Util Range Max" value="94" />
  <attribute name="Current GC Util" value="51" />
  <attribute name= "Current Time Running" value="1543" />
<allocation-satisfied id="368" threadId="000000000142DF00" bytesRequested="48" />
<af-end id="369" timestamp="2019-08-02T19:00:36.962" threadId="000000000142E888" success="true" />
<exclusive-end id="370" timestamp="2019-08-02T19:00:36.962" durationms="10.327" />

<concurrent-kickoff id="371" timestamp="2019-08-02T19:00:37.007">
  <kickoff reason="threshold reached" targetBytes="2225824" thresholdFreeBytes="307436" remainingFree="250216" tenureFreeBytes="250216" />
</concurrent-kickoff>
<exclusive-start id="372" timestamp="2019-08-02T19:00:37.007" intervalms="55.424">
  <response-info timems="0.060" idlems="0.060" threads="0" lastid="0000000001439300" lastname="Thread-9" />
</exclusive-start>
<cycle-start id="373" type="global" contextid="0" timestamp="2019-08-02T19:00:37.008" intervalms="58.185" />
<exclusive-end id="374" timestamp="2019-08-02T19:00:37.008" durationms="0.186" />

<exclusive-start id="375" timestamp="2019-08-02T19:00:37.014" intervalms="6.681">
  <response-info timems="0.083" idlems="0.083" threads="0" lastid="0000000001426800" lastname="Thread-4" />
</exclusive-start>
<af-start id="376" threadId="0000000001427188" totalBytesRequested="48" timestamp="2019-08-02T19:00:37.014" intervalms="62.168" />
<concurrent-aborted id="377" timestamp="2019-08-02T19:00:37.014">
  <reason value="insufficient progress made" />
</concurrent-aborted>
<cycle-end id="378" type="global" contextid="373" timestamp="2019-08-02T19:00:37.014" />
  <attribute name="elasticGC enabled" value="1" />
  <attribute name= "numThreadsSpecified" value="0" />
  <attribute name="heapSize specified" value="8388608" />
  <attribute name= "numCores" value="8" />
  <attribute name ="GC Interval" value="0" />
  <attribute name ="Control flow" value="3" />
  <attribute name="GC Util Range Max" value="94" />
  <attribute name="Current GC Util" value="51" />
  <attribute name= "Current Time Running" value="1543" />
<cycle-start id="379" type="global" contextid="0" timestamp="2019-08-02T19:00:37.015" intervalms="6.938" />
<gc-start id="380" type="global" contextid="379" timestamp="2019-08-02T19:00:37.015">
  <mem-info id="381" free="82944" total="8388608" percent="0">
    <mem type="tenure" free="82944" total="8388608" percent="0">
      <mem type="soa" free="0" total="8305664" percent="0" />
      <mem type="loa" free="82944" total="82944" percent="100" />
    </mem>
  </mem-info>
</gc-start>
<allocation-stats totalBytes="3780560" >
  <allocated-bytes non-tlh="98328" tlh="3682232" />
  <largest-consumer threadName="Thread-9" threadId="0000000001439300" bytes="976384" />
</allocation-stats>
<gc-op id="382" type="mark" timems="1.392" contextid="379" timestamp="2019-08-02T19:00:37.016">
  <trace-info objectcount="41062" scancount="33226" scanbytes="1960124" />
  <finalization candidates="25" enqueued="0" />
  <references type="soft" candidates="65" cleared="0" enqueued="0" dynamicThreshold="14" maxThreshold="32" />
  <references type="weak" candidates="278" cleared="0" enqueued="0" />
  <references type="phantom" candidates="103" cleared="0" enqueued="0" />
  <stringconstants candidates="3944" cleared="0"  />
</gc-op>
<gc-op id="383" type="sweep" timems="0.407" contextid="379" timestamp="2019-08-02T19:00:37.017" />
<mem-info id="384" free="4080072" total="8388608" percent="48">
  <mem type="tenure" free="4080072" total="8388608" percent="48" micro-fragmented="13327">
    <mem type="soa" free="3997128" total="8305664" percent="48" />
    <mem type="loa" free="82944" total="82944" percent="100" />
  </mem>
</mem-info>
<gc-op id="385" type="compact" timems="5.261" contextid="379" timestamp="2019-08-02T19:00:37.022">
  <compact-info movecount="13112" movebytes="2378416" reason="no compaction" />
</gc-op>
<gc-end id="386" type="global" contextid="379" durationms="7.771" usertimems="8.000" systemtimems="8.000" timestamp="2019-08-02T19:00:37.022" activeThreads="8">
  <mem-info id="387" free="4054568" total="8388608" percent="48">
    <mem type="tenure" free="4054568" total="8388608" percent="48">
      <mem type="soa" free="3971624" total="8305664" percent="47" />
      <mem type="loa" free="82944" total="82944" percent="100" />
    </mem>
  </mem-info>
</gc-end>
<cycle-end id="388" type="global" contextid="379" timestamp="2019-08-02T19:00:37.023" />
  <attribute name="elasticGC enabled" value="1" />
  <attribute name= "numThreadsSpecified" value="0" />
  <attribute name="heapSize specified" value="8388608" />
  <attribute name= "numCores" value="8" />
  <attribute name ="GC Interval" value="0" />
  <attribute name ="Control flow" value="3" />
  <attribute name="GC Util Range Max" value="94" />
  <attribute name="Current GC Util" value="99" />
  <attribute name= "Current Time Running" value="1603" />
<allocation-satisfied id="389" threadId="0000000001426800" bytesRequested="48" />
<af-end id="390" timestamp="2019-08-02T19:00:37.023" threadId="0000000001427188" success="true" />
<exclusive-end id="391" timestamp="2019-08-02T19:00:37.023" durationms="8.766" />

<concurrent-kickoff id="392" timestamp="2019-08-02T19:00:37.060">
  <kickoff reason="threshold reached" targetBytes="2093049" thresholdFreeBytes="288971" remainingFree="286208" tenureFreeBytes="286208" />
</concurrent-kickoff>
<exclusive-start id="393" timestamp="2019-08-02T19:00:37.060" intervalms="45.745">
  <response-info timems="0.063" idlems="0.063" threads="0" lastid="000000000142DF00" lastname="Thread-6" />
</exclusive-start>
<cycle-start id="394" type="global" contextid="0" timestamp="2019-08-02T19:00:37.060" intervalms="45.475" />
<exclusive-end id="395" timestamp="2019-08-02T19:00:37.060" durationms="0.165" />

<exclusive-start id="396" timestamp="2019-08-02T19:00:37.063" intervalms="3.308">
  <response-info timems="0.081" idlems="0.081" threads="0" lastid="0000000001431B00" lastname="Thread-7" />
</exclusive-start>
<af-start id="397" threadId="0000000001432488" totalBytesRequested="2056" timestamp="2019-08-02T19:00:37.063" intervalms="48.980" />
<concurrent-aborted id="398" timestamp="2019-08-02T19:00:37.063">
  <reason value="insufficient progress made" />
</concurrent-aborted>
<cycle-end id="399" type="global" contextid="394" timestamp="2019-08-02T19:00:37.063" />
  <attribute name="elasticGC enabled" value="1" />
  <attribute name= "numThreadsSpecified" value="0" />
  <attribute name="heapSize specified" value="8388608" />
  <attribute name= "numCores" value="8" />
  <attribute name ="GC Interval" value="0" />
  <attribute name ="Control flow" value="3" />
  <attribute name="GC Util Range Max" value="94" />
  <attribute name="Current GC Util" value="99" />
  <attribute name= "Current Time Running" value="1603" />
<cycle-start id="400" type="global" contextid="0" timestamp="2019-08-02T19:00:37.063" intervalms="3.491" />
<gc-start id="401" type="global" contextid="400" timestamp="2019-08-02T19:00:37.064">
  <mem-info id="402" free="82944" total="8388608" percent="0">
    <mem type="tenure" free="82944" total="8388608" percent="0">
      <mem type="soa" free="0" total="8305664" percent="0" />
      <mem type="loa" free="82944" total="82944" percent="100" />
    </mem>
  </mem-info>
</gc-start>
<allocation-stats totalBytes="4011112" >
  <allocated-bytes non-tlh="147496" tlh="3863616" />
  <largest-consumer threadName="Thread-10" threadId="000000000143CF00" bytes="859848" />
</allocation-stats>
<gc-op id="403" type="mark" timems="7.562" contextid="400" timestamp="2019-08-02T19:00:37.071">
  <trace-info objectcount="41204" scancount="33437" scanbytes="2040580" />
  <finalization candidates="25" enqueued="0" />
  <references type="soft" candidates="65" cleared="0" enqueued="0" dynamicThreshold="15" maxThreshold="32" />
  <references type="weak" candidates="279" cleared="0" enqueued="0" />
  <references type="phantom" candidates="105" cleared="0" enqueued="0" />
  <stringconstants candidates="3944" cleared="0"  />
</gc-op>
<gc-op id="404" type="sweep" timems="0.768" contextid="400" timestamp="2019-08-02T19:00:37.072" />
<mem-info id="405" free="3952528" total="8388608" percent="47">
  <mem type="tenure" free="3952528" total="8388608" percent="47" micro-fragmented="36639">
    <mem type="soa" free="3869584" total="8305664" percent="46" />
    <mem type="loa" free="82944" total="82944" percent="100" />
  </mem>
</mem-info>
<gc-op id="406" type="compact" timems="6.313" contextid="400" timestamp="2019-08-02T19:00:37.079">
  <compact-info movecount="13254" movebytes="2498424" reason="no compaction" />
</gc-op>
<gc-end id="407" type="global" contextid="400" durationms="15.447" usertimems="16.000" systemtimems="8.000" timestamp="2019-08-02T19:00:37.079" activeThreads="8">
  <mem-info id="408" free="3926368" total="8388608" percent="46">
    <mem type="tenure" free="3926368" total="8388608" percent="46">
      <mem type="soa" free="3843424" total="8305664" percent="46" />
      <mem type="loa" free="82944" total="82944" percent="100" />
    </mem>
  </mem-info>
</gc-end>
<cycle-end id="409" type="global" contextid="400" timestamp="2019-08-02T19:00:37.079" />
  <attribute name="elasticGC enabled" value="1" />
  <attribute name= "numThreadsSpecified" value="0" />
  <attribute name="heapSize specified" value="8388608" />
  <attribute name= "numCores" value="8" />
  <attribute name ="GC Interval" value="0" />
  <attribute name ="Control flow" value="3" />
  <attribute name="GC Util Range Max" value="94" />
  <attribute name="Current GC Util" value="75" />
  <attribute name= "Current Time Running" value="1660" />
<allocation-satisfied id="410" threadId="0000000001431B00" bytesRequested="2056" />
<af-end id="411" timestamp="2019-08-02T19:00:37.079" threadId="0000000001432488" success="true" />
<exclusive-end id="412" timestamp="2019-08-02T19:00:37.079" durationms="16.235" />

<concurrent-kickoff id="413" timestamp="2019-08-02T19:00:37.126">
  <kickoff reason="threshold reached" targetBytes="2093049" thresholdFreeBytes="288971" remainingFree="211272" tenureFreeBytes="211272" />
</concurrent-kickoff>
<exclusive-start id="414" timestamp="2019-08-02T19:00:37.127" intervalms="63.329">
  <response-info timems="0.122" idlems="0.068" threads="1" lastid="000000000143CF00" lastname="Thread-10" />
</exclusive-start>
<cycle-start id="415" type="global" contextid="0" timestamp="2019-08-02T19:00:37.127" intervalms="63.129" />
<exclusive-end id="416" timestamp="2019-08-02T19:00:37.127" durationms="0.154" />

<exclusive-start id="417" timestamp="2019-08-02T19:00:37.127" intervalms="0.658">
  <response-info timems="0.083" idlems="0.083" threads="0" lastid="0000000001431B00" lastname="Thread-7" />
</exclusive-start>
<af-start id="418" threadId="0000000001432488" totalBytesRequested="8200" timestamp="2019-08-02T19:00:37.127" intervalms="63.986" />
<concurrent-aborted id="419" timestamp="2019-08-02T19:00:37.127">
  <reason value="insufficient progress made" />
</concurrent-aborted>
<cycle-end id="420" type="global" contextid="415" timestamp="2019-08-02T19:00:37.127" />
  <attribute name="elasticGC enabled" value="1" />
  <attribute name= "numThreadsSpecified" value="0" />
  <attribute name="heapSize specified" value="8388608" />
  <attribute name= "numCores" value="8" />
  <attribute name ="GC Interval" value="0" />
  <attribute name ="Control flow" value="3" />
  <attribute name="GC Util Range Max" value="94" />
  <attribute name="Current GC Util" value="75" />
  <attribute name= "Current Time Running" value="1660" />
<cycle-start id="421" type="global" contextid="0" timestamp="2019-08-02T19:00:37.127" intervalms="0.834" />
<gc-start id="422" type="global" contextid="421" timestamp="2019-08-02T19:00:37.128">
  <mem-info id="423" free="82944" total="8388608" percent="0">
    <mem type="tenure" free="82944" total="8388608" percent="0">
      <mem type="soa" free="0" total="8305664" percent="0" />
      <mem type="loa" free="82944" total="82944" percent="100" />
    </mem>
  </mem-info>
</gc-start>
<allocation-stats totalBytes="3858656" >
  <allocated-bytes non-tlh="98328" tlh="3760328" />
  <largest-consumer threadName="Thread-10" threadId="000000000143CF00" bytes="843816" />
</allocation-stats>
<gc-op id="424" type="mark" timems="2.165" contextid="421" timestamp="2019-08-02T19:00:37.130">
  <trace-info objectcount="40893" scancount="33113" scanbytes="2021776" />
  <finalization candidates="25" enqueued="0" />
  <references type="soft" candidates="65" cleared="0" enqueued="0" dynamicThreshold="14" maxThreshold="32" />
  <references type="weak" candidates="278" cleared="0" enqueued="0" />
  <references type="phantom" candidates="104" cleared="0" enqueued="0" />
  <stringconstants candidates="3944" cleared="0"  />
</gc-op>
<gc-op id="425" type="sweep" timems="0.768" contextid="421" timestamp="2019-08-02T19:00:37.131" />
<mem-info id="426" free="4020032" total="8388608" percent="47">
  <mem type="tenure" free="4020032" total="8388608" percent="47" micro-fragmented="23200">
    <mem type="soa" free="3937088" total="8305664" percent="47" />
    <mem type="loa" free="82944" total="82944" percent="100" />
  </mem>
</mem-info>
<gc-op id="427" type="compact" timems="6.062" contextid="421" timestamp="2019-08-02T19:00:37.137">
  <compact-info movecount="12943" movebytes="2436352" reason="no compaction" />
</gc-op>
<gc-end id="428" type="global" contextid="421" durationms="9.730" usertimems="16.000" systemtimems="8.000" timestamp="2019-08-02T19:00:37.137" activeThreads="8">
  <mem-info id="429" free="4000728" total="8388608" percent="47">
    <mem type="tenure" free="4000728" total="8388608" percent="47">
      <mem type="soa" free="3917784" total="8305664" percent="47" />
      <mem type="loa" free="82944" total="82944" percent="100" />
    </mem>
  </mem-info>
</gc-end>
<cycle-end id="430" type="global" contextid="421" timestamp="2019-08-02T19:00:37.137" />
  <attribute name="elasticGC enabled" value="1" />
  <attribute name= "numThreadsSpecified" value="0" />
  <attribute name="heapSize specified" value="8388608" />
  <attribute name= "numCores" value="8" />
  <attribute name ="GC Interval" value="0" />
  <attribute name ="Control flow" value="3" />
  <attribute name="GC Util Range Max" value="94" />
  <attribute name="Current GC Util" value="83" />
  <attribute name= "Current Time Running" value="1718" />
<allocation-satisfied id="431" threadId="0000000001431B00" bytesRequested="8200" />
<af-end id="432" timestamp="2019-08-02T19:00:37.138" threadId="0000000001432488" success="true" />
<exclusive-end id="433" timestamp="2019-08-02T19:00:37.138" durationms="10.486" />

<concurrent-kickoff id="434" timestamp="2019-08-02T19:00:37.175">
  <kickoff reason="threshold reached" targetBytes="2093049" thresholdFreeBytes="288971" remainingFree="269232" tenureFreeBytes="269232" />
</concurrent-kickoff>
<exclusive-start id="435" timestamp="2019-08-02T19:00:37.176" intervalms="48.485">
  <response-info timems="0.161" idlems="0.087" threads="1" lastid="0000000001422C00" lastname="Thread-3" />
</exclusive-start>
<cycle-start id="436" type="global" contextid="0" timestamp="2019-08-02T19:00:37.176" intervalms="48.272" />
<exclusive-end id="437" timestamp="2019-08-02T19:00:37.176" durationms="0.111" />

<exclusive-start id="438" timestamp="2019-08-02T19:00:37.177" intervalms="1.410">
  <response-info timems="0.038" idlems="0.038" threads="0" lastid="000000000143CF00" lastname="Thread-10" />
</exclusive-start>
<af-start id="439" threadId="000000000143D888" totalBytesRequested="16392" timestamp="2019-08-02T19:00:37.177" intervalms="49.928" />
<concurrent-aborted id="440" timestamp="2019-08-02T19:00:37.177">
  <reason value="insufficient progress made" />
</concurrent-aborted>
<cycle-end id="441" type="global" contextid="436" timestamp="2019-08-02T19:00:37.177" />
  <attribute name="elasticGC enabled" value="1" />
  <attribute name= "numThreadsSpecified" value="0" />
  <attribute name="heapSize specified" value="8388608" />
  <attribute name= "numCores" value="8" />
  <attribute name ="GC Interval" value="0" />
  <attribute name ="Control flow" value="3" />
  <attribute name="GC Util Range Max" value="94" />
  <attribute name="Current GC Util" value="83" />
  <attribute name= "Current Time Running" value="1718" />
<cycle-start id="442" type="global" contextid="0" timestamp="2019-08-02T19:00:37.177" intervalms="1.669" />
<gc-start id="443" type="global" contextid="442" timestamp="2019-08-02T19:00:37.177">
  <mem-info id="444" free="82944" total="8388608" percent="0">
    <mem type="tenure" free="82944" total="8388608" percent="0">
      <mem type="soa" free="0" total="8305664" percent="0" />
      <mem type="loa" free="82944" total="82944" percent="100" />
    </mem>
  </mem-info>
</gc-start>
<allocation-stats totalBytes="3791984" >
  <allocated-bytes non-tlh="163880" tlh="3628104" />
  <largest-consumer threadName="Thread-9" threadId="0000000001439300" bytes="811384" />
</allocation-stats>
<gc-op id="445" type="mark" timems="3.022" contextid="442" timestamp="2019-08-02T19:00:37.181">
  <trace-info objectcount="40276" scancount="32621" scanbytes="1943344" />
  <finalization candidates="25" enqueued="0" />
  <references type="soft" candidates="65" cleared="0" enqueued="0" dynamicThreshold="15" maxThreshold="32" />
  <references type="weak" candidates="279" cleared="0" enqueued="0" />
  <references type="phantom" candidates="106" cleared="0" enqueued="0" />
  <stringconstants candidates="3944" cleared="0"  />
</gc-op>
<gc-op id="446" type="sweep" timems="1.426" contextid="442" timestamp="2019-08-02T19:00:37.182" />
<mem-info id="447" free="4300816" total="8388608" percent="51">
  <mem type="tenure" free="4300816" total="8388608" percent="51" micro-fragmented="38685">
    <mem type="soa" free="4217872" total="8305664" percent="50" />
    <mem type="loa" free="82944" total="82944" percent="100" />
  </mem>
</mem-info>
<gc-op id="448" type="compact" timems="6.978" contextid="442" timestamp="2019-08-02T19:00:37.189">
  <compact-info movecount="12326" movebytes="2162880" reason="no compaction" />
</gc-op>
<gc-end id="449" type="global" contextid="442" durationms="12.379" usertimems="24.000" systemtimems="0.000" timestamp="2019-08-02T19:00:37.190" activeThreads="8">
  <mem-info id="450" free="4261912" total="8388608" percent="50">
    <mem type="tenure" free="4261912" total="8388608" percent="50">
      <mem type="soa" free="4178968" total="8305664" percent="50" />
      <mem type="loa" free="82944" total="82944" percent="100" />
    </mem>
  </mem-info>
</gc-end>
<cycle-end id="451" type="global" contextid="442" timestamp="2019-08-02T19:00:37.190" />
  <attribute name="elasticGC enabled" value="1" />
  <attribute name= "numThreadsSpecified" value="0" />
  <attribute name="heapSize specified" value="8388608" />
  <attribute name= "numCores" value="8" />
  <attribute name ="GC Interval" value="0" />
  <attribute name ="Control flow" value="3" />
  <attribute name="GC Util Range Max" value="94" />
  <attribute name="Current GC Util" value="75" />
  <attribute name= "Current Time Running" value="1771" />
<allocation-satisfied id="452" threadId="000000000143CF00" bytesRequested="16392" />
<af-end id="453" timestamp="2019-08-02T19:00:37.190" threadId="000000000143D888" success="true" />
<exclusive-end id="454" timestamp="2019-08-02T19:00:37.190" durationms="13.188" />

<concurrent-kickoff id="455" timestamp="2019-08-02T19:00:37.243">
  <kickoff reason="threshold reached" targetBytes="2093049" thresholdFreeBytes="288971" remainingFree="239616" tenureFreeBytes="239616" />
</concurrent-kickoff>
<exclusive-start id="456" timestamp="2019-08-02T19:00:37.243" intervalms="66.419">
  <response-info timems="0.069" idlems="0.069" threads="0" lastid="000000000142A300" lastname="Thread-5" />
</exclusive-start>
<cycle-start id="457" type="global" contextid="0" timestamp="2019-08-02T19:00:37.244" intervalms="66.158" />
<exclusive-end id="458" timestamp="2019-08-02T19:00:37.244" durationms="0.111" />

<exclusive-start id="459" timestamp="2019-08-02T19:00:37.246" intervalms="2.041">
  <response-info timems="0.064" idlems="0.064" threads="0" lastid="0000000001422C00" lastname="Thread-3" />
</exclusive-start>
<af-start id="460" threadId="0000000001423588" totalBytesRequested="112" timestamp="2019-08-02T19:00:37.246" intervalms="68.450" />
<concurrent-aborted id="461" timestamp="2019-08-02T19:00:37.246">
  <reason value="insufficient progress made" />
</concurrent-aborted>
<cycle-end id="462" type="global" contextid="457" timestamp="2019-08-02T19:00:37.246" />
  <attribute name="elasticGC enabled" value="1" />
  <attribute name= "numThreadsSpecified" value="0" />
  <attribute name="heapSize specified" value="8388608" />
  <attribute name= "numCores" value="8" />
  <attribute name ="GC Interval" value="0" />
  <attribute name ="Control flow" value="3" />
  <attribute name="GC Util Range Max" value="94" />
  <attribute name="Current GC Util" value="75" />
  <attribute name= "Current Time Running" value="1771" />
<cycle-start id="463" type="global" contextid="0" timestamp="2019-08-02T19:00:37.246" intervalms="2.299" />
<gc-start id="464" type="global" contextid="463" timestamp="2019-08-02T19:00:37.246">
  <mem-info id="465" free="82944" total="8388608" percent="0">
    <mem type="tenure" free="82944" total="8388608" percent="0">
      <mem type="soa" free="0" total="8305664" percent="0" />
      <mem type="loa" free="82944" total="82944" percent="100" />
    </mem>
  </mem-info>
</gc-start>
<allocation-stats totalBytes="4144896" >
  <allocated-bytes non-tlh="98328" tlh="4046568" />
  <largest-consumer threadName="Thread-4" threadId="0000000001426800" bytes="854240" />
</allocation-stats>
<gc-op id="466" type="mark" timems="1.860" contextid="463" timestamp="2019-08-02T19:00:37.248">
  <trace-info objectcount="41459" scancount="33601" scanbytes="2042252" />
  <finalization candidates="25" enqueued="0" />
  <references type="soft" candidates="65" cleared="0" enqueued="0" dynamicThreshold="16" maxThreshold="32" />
  <references type="weak" candidates="278" cleared="0" enqueued="0" />
  <references type="phantom" candidates="105" cleared="0" enqueued="0" />
  <stringconstants candidates="3944" cleared="0"  />
</gc-op>
<gc-op id="467" type="sweep" timems="0.805" contextid="463" timestamp="2019-08-02T19:00:37.249" />
<mem-info id="468" free="3892960" total="8388608" percent="46">
  <mem type="tenure" free="3892960" total="8388608" percent="46" micro-fragmented="30242">
    <mem type="soa" free="3810016" total="8305664" percent="45" />
    <mem type="loa" free="82944" total="82944" percent="100" />
  </mem>
</mem-info>
<gc-op id="469" type="compact" timems="6.220" contextid="463" timestamp="2019-08-02T19:00:37.255">
  <compact-info movecount="13509" movebytes="2558832" reason="no compaction" />
</gc-op>
<gc-end id="470" type="global" contextid="463" durationms="9.578" usertimems="24.000" systemtimems="4.000" timestamp="2019-08-02T19:00:37.255" activeThreads="8">
  <mem-info id="471" free="3894632" total="8388608" percent="46">
    <mem type="tenure" free="3894632" total="8388608" percent="46">
      <mem type="soa" free="3811688" total="8305664" percent="45" />
      <mem type="loa" free="82944" total="82944" percent="100" />
    </mem>
  </mem-info>
</gc-end>
<cycle-end id="472" type="global" contextid="463" timestamp="2019-08-02T19:00:37.256" />
  <attribute name="elasticGC enabled" value="1" />
  <attribute name= "numThreadsSpecified" value="0" />
  <attribute name="heapSize specified" value="8388608" />
  <attribute name= "numCores" value="8" />
  <attribute name ="GC Interval" value="0" />
  <attribute name ="Control flow" value="3" />
  <attribute name="GC Util Range Max" value="94" />
  <attribute name="Current GC Util" value="56" />
  <attribute name= "Current Time Running" value="1836" />
<allocation-satisfied id="473" threadId="0000000001422C00" bytesRequested="112" />
<af-end id="474" timestamp="2019-08-02T19:00:37.256" threadId="0000000001423588" success="true" />
<exclusive-end id="475" timestamp="2019-08-02T19:00:37.256" durationms="10.223" />

<concurrent-kickoff id="476" timestamp="2019-08-02T19:00:37.302">
  <kickoff reason="threshold reached" targetBytes="2093049" thresholdFreeBytes="288971" remainingFree="208216" tenureFreeBytes="208216" />
</concurrent-kickoff>
<exclusive-start id="477" timestamp="2019-08-02T19:00:37.303" intervalms="56.985">
  <response-info timems="0.048" idlems="0.048" threads="0" lastid="0000000001426800" lastname="Thread-4" />
</exclusive-start>
<cycle-start id="478" type="global" contextid="0" timestamp="2019-08-02T19:00:37.303" intervalms="56.804" />
<exclusive-end id="479" timestamp="2019-08-02T19:00:37.303" durationms="0.185" />

<exclusive-start id="480" timestamp="2019-08-02T19:00:37.305" intervalms="2.110">
  <response-info timems="0.065" idlems="0.065" threads="0" lastid="0000000001426800" lastname="Thread-4" />
</exclusive-start>
<af-start id="481" threadId="0000000001427188" totalBytesRequested="2056" timestamp="2019-08-02T19:00:37.305" intervalms="59.037" />
<concurrent-aborted id="482" timestamp="2019-08-02T19:00:37.305">
  <reason value="insufficient progress made" />
</concurrent-aborted>
<cycle-end id="483" type="global" contextid="478" timestamp="2019-08-02T19:00:37.305" />
  <attribute name="elasticGC enabled" value="1" />
  <attribute name= "numThreadsSpecified" value="0" />
  <attribute name="heapSize specified" value="8388608" />
  <attribute name= "numCores" value="8" />
  <attribute name ="GC Interval" value="0" />
  <attribute name ="Control flow" value="3" />
  <attribute name="GC Util Range Max" value="94" />
  <attribute name="Current GC Util" value="56" />
  <attribute name= "Current Time Running" value="1836" />
<cycle-start id="484" type="global" contextid="0" timestamp="2019-08-02T19:00:37.305" intervalms="2.230" />
<gc-start id="485" type="global" contextid="484" timestamp="2019-08-02T19:00:37.305">
  <mem-info id="486" free="82944" total="8388608" percent="0">
    <mem type="tenure" free="82944" total="8388608" percent="0">
      <mem type="soa" free="0" total="8305664" percent="0" />
      <mem type="loa" free="82944" total="82944" percent="100" />
    </mem>
  </mem-info>
</gc-start>
<allocation-stats totalBytes="3758592" >
  <allocated-bytes non-tlh="65552" tlh="3693040" />
  <largest-consumer threadName="Thread-9" threadId="0000000001439300" bytes="1231448" />
</allocation-stats>
<gc-op id="487" type="mark" timems="1.170" contextid="484" timestamp="2019-08-02T19:00:37.306">
  <trace-info objectcount="41412" scancount="33525" scanbytes="2039032" />
  <finalization candidates="25" enqueued="0" />
  <references type="soft" candidates="65" cleared="0" enqueued="0" dynamicThreshold="14" maxThreshold="32" />
  <references type="weak" candidates="279" cleared="0" enqueued="0" />
  <references type="phantom" candidates="105" cleared="0" enqueued="0" />
  <stringconstants candidates="3944" cleared="0"  />
</gc-op>
<gc-op id="488" type="sweep" timems="0.254" contextid="484" timestamp="2019-08-02T19:00:37.307" />
<mem-info id="489" free="3897736" total="8388608" percent="46">
  <mem type="tenure" free="3897736" total="8388608" percent="46" micro-fragmented="27596">
    <mem type="soa" free="3814792" total="8305664" percent="45" />
    <mem type="loa" free="82944" total="82944" percent="100" />
  </mem>
</mem-info>
<gc-op id="490" type="compact" timems="5.186" contextid="484" timestamp="2019-08-02T19:00:37.312">
  <compact-info movecount="13462" movebytes="2555168" reason="no compaction" />
</gc-op>
<gc-end id="491" type="global" contextid="484" durationms="7.193" usertimems="16.000" systemtimems="0.000" timestamp="2019-08-02T19:00:37.312" activeThreads="8">
  <mem-info id="492" free="3881912" total="8388608" percent="46">
    <mem type="tenure" free="3881912" total="8388608" percent="46">
      <mem type="soa" free="3798968" total="8305664" percent="45" />
      <mem type="loa" free="82944" total="82944" percent="100" />
    </mem>
  </mem-info>
</gc-end>
<cycle-end id="493" type="global" contextid="484" timestamp="2019-08-02T19:00:37.312" />
  <attribute name="elasticGC enabled" value="1" />
  <attribute name= "numThreadsSpecified" value="0" />
  <attribute name="heapSize specified" value="8388608" />
  <attribute name= "numCores" value="8" />
  <attribute name ="GC Interval" value="0" />
  <attribute name ="Control flow" value="3" />
  <attribute name="GC Util Range Max" value="94" />
  <attribute name="Current GC Util" value="32" />
  <attribute name= "Current Time Running" value="1893" />
<allocation-satisfied id="494" threadId="0000000001426800" bytesRequested="2056" />
<af-end id="495" timestamp="2019-08-02T19:00:37.312" threadId="0000000001427188" success="true" />
<exclusive-end id="496" timestamp="2019-08-02T19:00:37.312" durationms="7.737" />

<concurrent-kickoff id="497" timestamp="2019-08-02T19:00:37.361">
  <kickoff reason="threshold reached" targetBytes="2093049" thresholdFreeBytes="288971" remainingFree="211848" tenureFreeBytes="211848" />
</concurrent-kickoff>
<exclusive-start id="498" timestamp="2019-08-02T19:00:37.362" intervalms="56.895">
  <response-info timems="0.067" idlems="0.067" threads="0" lastid="0000000001439300" lastname="Thread-9" />
</exclusive-start>
<cycle-start id="499" type="global" contextid="0" timestamp="2019-08-02T19:00:37.362" intervalms="56.708" />
<exclusive-end id="500" timestamp="2019-08-02T19:00:37.362" durationms="0.127" />

<exclusive-start id="501" timestamp="2019-08-02T19:00:37.375" intervalms="13.060">
  <response-info timems="0.823" idlems="0.423" threads="1" lastid="00000000010EA200" lastname="JIT Compilation Thread-1" />
</exclusive-start>
<af-start id="502" threadId="000000000142E888" totalBytesRequested="8200" timestamp="2019-08-02T19:00:37.375" intervalms="69.974" />
<concurrent-aborted id="503" timestamp="2019-08-02T19:00:37.375">
  <reason value="insufficient progress made" />
</concurrent-aborted>
<cycle-end id="504" type="global" contextid="499" timestamp="2019-08-02T19:00:37.375" />
  <attribute name="elasticGC enabled" value="1" />
  <attribute name= "numThreadsSpecified" value="0" />
  <attribute name="heapSize specified" value="8388608" />
  <attribute name= "numCores" value="8" />
  <attribute name ="GC Interval" value="0" />
  <attribute name ="Control flow" value="3" />
  <attribute name="GC Util Range Max" value="94" />
  <attribute name="Current GC Util" value="32" />
  <attribute name= "Current Time Running" value="1893" />
<cycle-start id="505" type="global" contextid="0" timestamp="2019-08-02T19:00:37.375" intervalms="13.509" />
<gc-start id="506" type="global" contextid="505" timestamp="2019-08-02T19:00:37.375">
  <mem-info id="507" free="82944" total="8388608" percent="0">
    <mem type="tenure" free="82944" total="8388608" percent="0">
      <mem type="soa" free="0" total="8305664" percent="0" />
      <mem type="loa" free="82944" total="82944" percent="100" />
    </mem>
  </mem-info>
</gc-start>
<allocation-stats totalBytes="3799384" >
  <allocated-bytes non-tlh="196656" tlh="3602728" />
  <largest-consumer threadName="Thread-6" threadId="000000000142DF00" bytes="1175960" />
</allocation-stats>
<gc-op id="508" type="mark" timems="1.770" contextid="505" timestamp="2019-08-02T19:00:37.377">
  <trace-info objectcount="34231" scancount="27633" scanbytes="1237656" />
  <finalization candidates="25" enqueued="0" />
  <references type="soft" candidates="58" cleared="0" enqueued="0" dynamicThreshold="14" maxThreshold="32" />
  <references type="weak" candidates="251" cleared="0" enqueued="0" />
  <references type="phantom" candidates="104" cleared="10" enqueued="10" />
  <stringconstants candidates="3944" cleared="0"  />
</gc-op>
<gc-op id="509" type="sweep" timems="0.575" contextid="505" timestamp="2019-08-02T19:00:37.378" />
<mem-info id="510" free="5794120" total="8388608" percent="69">
  <mem type="tenure" free="5794120" total="8388608" percent="69" micro-fragmented="0">
    <mem type="soa" free="5711176" total="8305664" percent="68" />
    <mem type="loa" free="82944" total="82944" percent="100" />
  </mem>
  <pending-finalizers system="0" default="0" reference="10" classloader="0" />
</mem-info>
<gc-op id="511" type="compact" timems="4.798" contextid="505" timestamp="2019-08-02T19:00:37.383">
  <compact-info movecount="6529" movebytes="681768" reason="no compaction" />
</gc-op>
<gc-end id="512" type="global" contextid="505" durationms="8.067" usertimems="0.000" systemtimems="16.000" timestamp="2019-08-02T19:00:37.383" activeThreads="8">
  <mem-info id="513" free="5750768" total="8388608" percent="68">
    <mem type="tenure" free="5750768" total="8388608" percent="68">
      <mem type="soa" free="5667824" total="8305664" percent="68" />
      <mem type="loa" free="82944" total="82944" percent="100" />
    </mem>
    <pending-finalizers system="0" default="0" reference="10" classloader="0" />
  </mem-info>
</gc-end>
<cycle-end id="514" type="global" contextid="505" timestamp="2019-08-02T19:00:37.383" />
  <attribute name="elasticGC enabled" value="1" />
  <attribute name= "numThreadsSpecified" value="0" />
  <attribute name="heapSize specified" value="8388608" />
  <attribute name= "numCores" value="8" />
  <attribute name ="GC Interval" value="0" />
  <attribute name ="Control flow" value="3" />
  <attribute name="GC Util Range Max" value="94" />
  <attribute name="Current GC Util" value="100" />
  <attribute name= "Current Time Running" value="1964" />
<allocation-satisfied id="515" threadId="000000000142DF00" bytesRequested="8200" />
<af-end id="516" timestamp="2019-08-02T19:00:37.384" threadId="000000000142E888" success="true" />
<exclusive-end id="517" timestamp="2019-08-02T19:00:37.384" durationms="9.107" />

</verbosegc>

