<?xml version="1.0" ?>

<verbosegc xmlns="http://www.ibm.com/j9/verbosegc" version="10b4217_CMPRSS">

<initialized id="1" timestamp="2019-06-17T06:41:08.358">
  <attribute name="gcPolicy" value="-Xgcpolicy:optthruput" />
  <attribute name="elasticGC enabled" value="1" />
  <attribute name= "numThreadsSpecified" value="0" />
  <attribute name="heapSize specified" value="0" />
  <attribute name="Current GC Util" value="0" />
  <attribute name= "Current Time Running" value="0" />
  <attribute name ="GC Interval" value="0" />
  <attribute name="ProportionalT" value="0.000000" />
  <attribute name="ProportionalI" value="0.000000" />
  <attribute name="ProportionalH" value="0.000000" />
  <attribute name="IntegralT" value="0.000000" />
  <attribute name="IntegralI" value="0.000000" />
  <attribute name="IntegralH" value="0.000000" />
  <attribute name="DerivativeT" value="0.000000" />
  <attribute name="DerivativeI" value="0.000000" />
  <attribute name="DerivativeH" value="0.000000" />
  <attribute name="Target GC Util Change" value ="0.000000" />
  <attribute name="Current GC Util Change" value="0.000000"/>
  <attribute name="Current Error" value="0.000000" />
  <attribute name="Loop Time for DT" value="0.000000" />
  <attribute name="Output H" value="0"/>
  <attribute name="Output I" value="0"/>
  <attribute name="Output T" value="0"/>
  <attribute name="GC Util currently" value="0" />
  <attribute name="CPU Util currently" value="0" />
  <attribute name="maxHeapSize" value="0x7cbc0000" />
  <attribute name="initialHeapSize" value="0x800000" />
  <attribute name="compressedRefs" value="true" />
  <attribute name="compressedRefsDisplacement" value="0x0" />
  <attribute name="compressedRefsShift" value="0x0" />
  <attribute name="pageSize" value="0x1000" />
  <attribute name="pageType" value="not used" />
  <attribute name="requestedPageSize" value="0x1000" />
  <attribute name="requestedPageType" value="not used" />
  <attribute name="gcthreads" value="4" />
  <attribute name="packetListSplit" value="4" />
  <attribute name="cacheListSplit" value="4" />
  <attribute name="splitFreeListSplitAmount" value="1" />
  <attribute name="numaNodes" value="0" />
  <system>
    <attribute name="physicalMemory" value="8370962432" />
    <attribute name="numCPUs" value="4" />
    <attribute name="architecture" value="amd64" />
    <attribute name="os" value="Linux" />
    <attribute name="osVersion" value="4.4.0-148-generic" />
  </system>
  <vmargs>
    <vmarg name="-Xoptionsfile=/vagrant/jdk/lib/options.default" />
    <vmarg name="-Xlockword:mode=default,noLockword=java/lang/String,noLockword=java/util/MapEntry,noLockword=java/util/HashMap$Entry,noLockword..." />
    <vmarg name="-Xjcl:jclse29" />
    <vmarg name="-Dcom.ibm.oti.vm.bootstrap.library.path=/vagrant/jdk/lib/compressedrefs:/vagrant/jdk/lib" />
    <vmarg name="-Dsun.boot.library.path=/vagrant/jdk/lib/compressedrefs:/vagrant/jdk/lib" />
    <vmarg name="-Djava.library.path=/vagrant/jdk/lib/compressedrefs:/vagrant/jdk/lib:/usr/lib64:/usr/lib" />
    <vmarg name="-Djava.home=/vagrant/jdk" />
    <vmarg name="-Duser.dir=/vagrant" />
    <vmarg name="-Xgcpolicy:optthruput" />
    <vmarg name="-Xgcelastic" />
    <vmarg name="-Xcheck:gc:::elasticGC" />
    <vmarg name="-verbose:gc" />
    <vmarg name="-Xloggc:default-OPTTHRUPUT-jdk-1-1-1-verbose5pmd.txt" />
    <vmarg name="-Djava.class.path=dacapo-9.12-MR1-bach.jar" />
    <vmarg name="-Dsun.java.command=dacapo-9.12-MR1-bach.jar pmd --size=default" />
    <vmarg name="-Dsun.java.launcher=SUN_STANDARD" />
    <vmarg name="-Dsun.java.launcher.pid=20337" />
  </vmargs>
</initialized>

<exclusive-start id="2" timestamp="2019-06-17T06:41:09.172" intervalms="814.304">
  <response-info timems="0.017" idlems="0.017" threads="0" lastid="0000000001906700" lastname="main" />
</exclusive-start>
<af-start id="3" threadId="0000000001907088" totalBytesRequested="5648" timestamp="2019-06-17T06:41:09.173" intervalms="814.740" />
<cycle-start id="4" type="global" contextid="0" timestamp="2019-06-17T06:41:09.173" intervalms="814.986" />
<gc-start id="5" type="global" contextid="4" timestamp="2019-06-17T06:41:09.173">
  <mem-info id="6" free="418816" total="8388608" percent="4">
    <mem type="tenure" free="418816" total="8388608" percent="4">
      <mem type="soa" free="0" total="7969792" percent="0" />
      <mem type="loa" free="418816" total="418816" percent="100" />
    </mem>
  </mem-info>
</gc-start>
<allocation-stats totalBytes="7940192" >
  <allocated-bytes non-tlh="460328" tlh="7479864" />
  <largest-consumer threadName="main" threadId="0000000001906700" bytes="7867720" />
</allocation-stats>
<gc-op id="7" type="mark" timems="1.982" contextid="4" timestamp="2019-06-17T06:41:09.175">
  <trace-info objectcount="20596" scancount="16973" scanbytes="542268" />
  <finalization candidates="46" enqueued="1" />
  <ownableSynchronizers candidates="4" cleared="3" />
  <references type="soft" candidates="66" cleared="0" enqueued="0" dynamicThreshold="32" maxThreshold="32" />
  <references type="weak" candidates="911" cleared="529" enqueued="452" />
  <references type="phantom" candidates="125" cleared="44" enqueued="44" />
  <stringconstants candidates="2485" cleared="0"  />
</gc-op>
<gc-op id="8" type="classunload" timems="0.082" contextid="4" timestamp="2019-06-17T06:41:09.175">
  <classunload-info classloadercandidates="6" classloadersunloaded="0" classesunloaded="0" anonymousclassesunloaded="0" quiescems="0.000" setupms="0.081" scanms="0.000" postms="0.001" />
</gc-op>
<gc-op id="9" type="sweep" timems="0.599" contextid="4" timestamp="2019-06-17T06:41:09.176" />
<mem-info id="10" free="6657888" total="8388608" percent="79">
  <mem type="tenure" free="6657888" total="8388608" percent="79" micro-fragmented="345028" macro-fragmented="0">
    <mem type="soa" free="6239072" total="7969792" percent="78" />
    <mem type="loa" free="418816" total="418816" percent="100" />
  </mem>
  <pending-finalizers system="1" default="0" reference="496" classloader="0" />
</mem-info>
<gc-op id="11" type="compact" timems="4.488" contextid="4" timestamp="2019-06-17T06:41:09.181">
  <compact-info movecount="20595" movebytes="1336680" reason="compact to aid heap contraction" />
</gc-op>
<heap-resize id="12" type="expand" space="tenure" amount="2084241408" count="1" timems="0.097" reason="satisfy allocation request" timestamp="2019-06-17T06:41:09.181" />
<gc-end id="13" type="global" contextid="4" durationms="8.677" usertimems="8.000" systemtimems="4.000" timestamp="2019-06-17T06:41:09.182" activeThreads="4">
  <mem-info id="14" free="2091227712" total="2092630016" percent="99">
    <mem type="tenure" free="2091227712" total="2092630016" percent="99">
      <mem type="soa" free="1986596416" total="1987998720" percent="99" />
      <mem type="loa" free="104631296" total="104631296" percent="100" />
    </mem>
    <pending-finalizers system="1" default="0" reference="496" classloader="0" />
  </mem-info>
</gc-end>
<cycle-end id="15" type="global" contextid="4" timestamp="2019-06-17T06:41:09.182" />
  <attribute name="elasticGC enabled" value="1" />
  <attribute name= "numThreadsSpecified" value="4" />
  <attribute name="heapSize specified" value="8388608" />
  <attribute name="Current GC Util" value="29" />
  <attribute name= "Current Time Running" value="709" />
  <attribute name ="GC Interval" value="0" />
  <attribute name="ProportionalT" value="9.000000" />
  <attribute name="ProportionalI" value="9.000000" />
  <attribute name="ProportionalH" value="9.000000" />
  <attribute name="Current Error" value="9.000000" />
  <attribute name="IntegralT" value="-13879.000000" />
  <attribute name="IntegralI" value="-13879.000000" />
  <attribute name="IntegralH" value="-13879.000000" />
  <attribute name="DerivativeT" value="2.250000" />
  <attribute name="DerivativeI" value="2.250000" />
  <attribute name="DerivativeH" value="2.250000" />
  <attribute name="Loop Time for DT" value="4.000000" />
  <attribute name="Output H" value="2092630016"/>
  <attribute name="Output I" value="200"/>
  <attribute name="Output T" value="4"/>
  <attribute name="Target GC Util Change" value ="20.000000" />
  <attribute name="Current GC Util Change" value="29.000000"/>
  <attribute name="GC Util currently" value="29" />
  <attribute name="CPU Util currently" value="984973016767" />
<allocation-satisfied id="16" threadId="0000000001906700" bytesRequested="5648" />
<af-end id="17" timestamp="2019-06-17T06:41:09.182" threadId="0000000001907088" success="true" />
<exclusive-end id="18" timestamp="2019-06-17T06:41:09.182" durationms="9.990" />

<exclusive-start id="19" timestamp="2019-06-17T06:41:09.189" intervalms="16.466">
  <response-info timems="0.076" idlems="0.076" threads="0" lastid="0000000001906700" lastname="main" />
</exclusive-start>
<sys-start reason="explicit" id="20" timestamp="2019-06-17T06:41:09.189" intervalms="830.913" />
<cycle-start id="21" type="global" contextid="0" timestamp="2019-06-17T06:41:09.189" intervalms="16.063" />
<gc-start id="22" type="global" contextid="21" timestamp="2019-06-17T06:41:09.189">
  <mem-info id="23" free="2064439784" total="2092630016" percent="98">
    <mem type="tenure" free="2064439784" total="2092630016" percent="98">
      <mem type="soa" free="1959808488" total="1987998720" percent="98" />
      <mem type="loa" free="104631296" total="104631296" percent="100" />
    </mem>
  </mem-info>
</gc-start>
<allocation-stats totalBytes="22843904" >
  <allocated-bytes non-tlh="88" tlh="22843816" />
  <largest-consumer threadName="main" threadId="0000000001906700" bytes="22827832" />
</allocation-stats>
<gc-op id="24" type="mark" timems="6.132" contextid="21" timestamp="2019-06-17T06:41:09.195">
  <trace-info objectcount="19068" scancount="15783" scanbytes="517860" />
  <finalization candidates="45" enqueued="0" />
  <ownableSynchronizers candidates="1" cleared="0" />
  <references type="soft" candidates="66" cleared="0" enqueued="0" dynamicThreshold="31" maxThreshold="32" />
  <references type="weak" candidates="382" cleared="0" enqueued="0" />
  <references type="phantom" candidates="80" cleared="0" enqueued="0" />
  <stringconstants candidates="2485" cleared="0"  />
</gc-op>
<gc-op id="25" type="classunload" timems="0.002" contextid="21" timestamp="2019-06-17T06:41:09.195">
  <classunload-info classloadercandidates="6" classloadersunloaded="0" classesunloaded="0" anonymousclassesunloaded="0" quiescems="0.000" setupms="0.001" scanms="0.000" postms="0.001" />
</gc-op>
<gc-op id="26" type="sweep" timems="1.622" contextid="21" timestamp="2019-06-17T06:41:09.197" />
<mem-info id="27" free="2091392600" total="2092630016" percent="99">
  <mem type="tenure" free="2091392600" total="2092630016" percent="99" micro-fragmented="28474" macro-fragmented="0">
    <mem type="soa" free="1986761304" total="1987998720" percent="99" />
    <mem type="loa" free="104631296" total="104631296" percent="100" />
  </mem>
</mem-info>
<gc-op id="28" type="compact" timems="12.645" contextid="21" timestamp="2019-06-17T06:41:09.210">
  <compact-info movecount="7965" movebytes="730896" reason="compact to aid heap contraction" />
</gc-op>
<gc-end id="29" type="global" contextid="21" durationms="21.415" usertimems="28.000" systemtimems="4.000" timestamp="2019-06-17T06:41:09.210" activeThreads="4">
  <mem-info id="30" free="2091421360" total="2092630016" percent="99">
    <mem type="tenure" free="2091421360" total="2092630016" percent="99">
      <mem type="soa" free="1986790064" total="1987998720" percent="99" />
      <mem type="loa" free="104631296" total="104631296" percent="100" />
    </mem>
  </mem-info>
</gc-end>
<cycle-end id="31" type="global" contextid="21" timestamp="2019-06-17T06:41:09.210" />
  <attribute name="elasticGC enabled" value="1" />
  <attribute name= "numThreadsSpecified" value="4" />
  <attribute name="heapSize specified" value="2092630016" />
  <attribute name="Current GC Util" value="95" />
  <attribute name= "Current Time Running" value="739" />
  <attribute name ="GC Interval" value="0" />
  <attribute name="ProportionalT" value="75.000000" />
  <attribute name="ProportionalI" value="75.000000" />
  <attribute name="ProportionalH" value="75.000000" />
  <attribute name="Current Error" value="75.000000" />
  <attribute name="IntegralT" value="975.000000" />
  <attribute name="IntegralI" value="975.000000" />
  <attribute name="IntegralH" value="975.000000" />
  <attribute name="DerivativeT" value="1.384615" />
  <attribute name="DerivativeI" value="1.384615" />
  <attribute name="DerivativeH" value="1.384615" />
  <attribute name="Loop Time for DT" value="13.000000" />
  <attribute name="Output H" value="8388608"/>
  <attribute name="Output I" value="1056"/>
  <attribute name="Output T" value="4"/>
  <attribute name="Target GC Util Change" value ="20.000000" />
  <attribute name="Current GC Util Change" value="95.000000"/>
  <attribute name="GC Util currently" value="95" />
  <attribute name="CPU Util currently" value="360427804897" />
<sys-end id="32" timestamp="2019-06-17T06:41:09.211" />
<exclusive-end id="33" timestamp="2019-06-17T06:41:09.211" durationms="22.197" />

</verbosegc>

