<?xml version="1.0" ?>

<verbosegc xmlns="http://www.ibm.com/j9/verbosegc" version="10b4217_CMPRSS">

<initialized id="1" timestamp="2019-06-14T19:07:51.896">
  <attribute name="gcPolicy" value="-Xgcpolicy:gencon" />
  <attribute name="elasticGC enabled" value="1" />
  <attribute name= "numThreadsSpecified" value="0" />
  <attribute name="heapSize specified" value="0" />
  <attribute name="Current GC Util" value="0" />
  <attribute name= "Current Time Running" value="0" />
  <attribute name ="GC Interval" value="0" />
  <attribute name="ProportionalT" value="0.000000" />
  <attribute name="ProportionalI" value="0.000000" />
  <attribute name="ProportionalH" value="0.000000" />
  <attribute name="IntegralT" value="0.000000" />
  <attribute name="IntegralI" value="0.000000" />
  <attribute name="IntegralH" value="0.000000" />
  <attribute name="DerivativeT" value="0.000000" />
  <attribute name="DerivativeI" value="0.000000" />
  <attribute name="DerivativeH" value="0.000000" />
  <attribute name="Target GC Util Change" value ="0.000000" />
  <attribute name="Current GC Util Change" value="0.000000"/>
  <attribute name="Current Error" value="0.000000" />
  <attribute name="Loop Time for DT" value="0.000000" />
  <attribute name="Output H" value="0"/>
  <attribute name="Output I" value="0"/>
  <attribute name="Output T" value="0"/>
  <attribute name="GC Util currently" value="0" />
  <attribute name="CPU Util currently" value="0" />
  <attribute name="maxHeapSize" value="0x7cbc0000" />
  <attribute name="initialHeapSize" value="0x800000" />
  <attribute name="compressedRefs" value="true" />
  <attribute name="compressedRefsDisplacement" value="0x0" />
  <attribute name="compressedRefsShift" value="0x0" />
  <attribute name="pageSize" value="0x1000" />
  <attribute name="pageType" value="not used" />
  <attribute name="requestedPageSize" value="0x1000" />
  <attribute name="requestedPageType" value="not used" />
  <attribute name="gcthreads" value="4" />
  <attribute name="gcthreads Concurrent Mark" value="1" />
  <attribute name="packetListSplit" value="4" />
  <attribute name="cacheListSplit" value="4" />
  <attribute name="splitFreeListSplitAmount" value="1" />
  <attribute name="numaNodes" value="0" />
  <system>
    <attribute name="physicalMemory" value="8370962432" />
    <attribute name="numCPUs" value="4" />
    <attribute name="architecture" value="amd64" />
    <attribute name="os" value="Linux" />
    <attribute name="osVersion" value="4.4.0-148-generic" />
  </system>
  <vmargs>
    <vmarg name="-Xoptionsfile=/vagrant/jdk/lib/options.default" />
    <vmarg name="-Xlockword:mode=default,noLockword=java/lang/String,noLockword=java/util/MapEntry,noLockword=java/util/HashMap$Entry,noLockword..." />
    <vmarg name="-Xjcl:jclse29" />
    <vmarg name="-Dcom.ibm.oti.vm.bootstrap.library.path=/vagrant/jdk/lib/compressedrefs:/vagrant/jdk/lib" />
    <vmarg name="-Dsun.boot.library.path=/vagrant/jdk/lib/compressedrefs:/vagrant/jdk/lib" />
    <vmarg name="-Djava.library.path=/vagrant/jdk/lib/compressedrefs:/vagrant/jdk/lib:/usr/lib64:/usr/lib" />
    <vmarg name="-Djava.home=/vagrant/jdk" />
    <vmarg name="-Duser.dir=/vagrant" />
    <vmarg name="-verbose:gc" />
    <vmarg name="-Xgcelastic" />
    <vmarg name="-Xcheck:gc:::elasticGC" />
    <vmarg name="-Xloggc:default-jdk0.5-1-0.5-verbose12pmd.txt" />
    <vmarg name="-Djava.class.path=dacapo-9.12-MR1-bach.jar" />
    <vmarg name="-Dsun.java.command=dacapo-9.12-MR1-bach.jar pmd --size=default" />
    <vmarg name="-Dsun.java.launcher=SUN_STANDARD" />
    <vmarg name="-Dsun.java.launcher.pid=9402" />
  </vmargs>
</initialized>

<exclusive-start id="2" timestamp="2019-06-14T19:07:52.081" intervalms="184.847">
  <response-info timems="0.019" idlems="0.019" threads="0" lastid="00000000022CC700" lastname="main" />
</exclusive-start>
<af-start id="3" threadId="00000000022CD088" totalBytesRequested="7176" timestamp="2019-06-14T19:07:52.081" intervalms="185.126" type="nursery" />
<cycle-start id="4" type="scavenge" contextid="0" timestamp="2019-06-14T19:07:52.082" intervalms="185.620" />
<gc-start id="5" type="scavenge" contextid="4" timestamp="2019-06-14T19:07:52.087">
  <mem-info id="6" free="6062624" total="8388608" percent="72">
    <mem type="nursery" free="0" total="2097152" percent="0">
      <mem type="allocate" free="0" total="1048576" percent="0" />
      <mem type="survivor" free="0" total="1048576" percent="0" />
    </mem>
    <mem type="tenure" free="6062624" total="6291456" percent="96">
      <mem type="soa" free="5748256" total="5977088" percent="96" />
      <mem type="loa" free="314368" total="314368" percent="100" />
    </mem>
    <remembered-set count="3161" />
  </mem-info>
</gc-start>
<allocation-stats totalBytes="1275960" >
  <allocated-bytes non-tlh="344784" tlh="931176" />
  <largest-consumer threadName="main" threadId="00000000022CC700" bytes="1199744" />
</allocation-stats>
<gc-op id="7" type="scavenge" timems="2.296" contextid="4" timestamp="2019-06-14T19:07:52.090">
  <scavenger-info tenureage="2" tenuremask="fffc" tiltratio="50" />
  <memory-copied type="nursery" objects="10578" bytes="479584" bytesdiscarded="115952" />
  <finalization candidates="11" enqueued="0" />
  <references type="soft" candidates="62" cleared="0" enqueued="0" dynamicThreshold="32" maxThreshold="32" />
  <references type="weak" candidates="309" cleared="177" enqueued="141" />
  <references type="phantom" candidates="25" cleared="6" enqueued="6" />
</gc-op>
<gc-end id="8" type="scavenge" contextid="4" durationms="5.844" usertimems="0.000" systemtimems="4.000" timestamp="2019-06-14T19:07:52.093" activeThreads="4">
  <mem-info id="9" free="6513568" total="8388608" percent="77">
    <mem type="nursery" free="450944" total="2097152" percent="21">
      <mem type="allocate" free="450944" total="1048576" percent="43" />
      <mem type="survivor" free="0" total="1048576" percent="0" />
    </mem>
    <mem type="tenure" free="6062624" total="6291456" percent="96">
      <mem type="soa" free="5748256" total="5977088" percent="96" />
      <mem type="loa" free="314368" total="314368" percent="100" />
    </mem>
    <pending-finalizers system="0" default="0" reference="147" classloader="0" />
    <remembered-set count="3161" />
  </mem-info>
</gc-end>
<cycle-end id="10" type="scavenge" contextid="4" timestamp="2019-06-14T19:07:52.093" />
  <attribute name="elasticGC enabled" value="1" />
  <attribute name= "numThreadsSpecified" value="0" />
  <attribute name="heapSize specified" value="0" />
  <attribute name="Current GC Util" value="0" />
  <attribute name= "Current Time Running" value="77" />
  <attribute name ="GC Interval" value="1" />
  <attribute name="ProportionalT" value="0.000000" />
  <attribute name="ProportionalI" value="0.000000" />
  <attribute name="ProportionalH" value="0.000000" />
  <attribute name="Current Error" value="0.000000" />
  <attribute name="IntegralT" value="0.000000" />
  <attribute name="IntegralI" value="0.000000" />
  <attribute name="IntegralH" value="0.000000" />
  <attribute name="DerivativeT" value="0.000000" />
  <attribute name="DerivativeI" value="0.000000" />
  <attribute name="DerivativeH" value="0.000000" />
  <attribute name="Loop Time for DT" value="0.000000" />
  <attribute name="Output H" value="0"/>
  <attribute name="Output I" value="0"/>
  <attribute name="Output T" value="0"/>
  <attribute name="Target GC Util Change" value ="20.000000" />
  <attribute name="Current GC Util Change" value="0.000000"/>
  <attribute name="GC Util currently" value="0" />
  <attribute name="CPU Util currently" value="19" />
<allocation-satisfied id="11" threadId="00000000022CC700" bytesRequested="7176" />
<af-end id="12" timestamp="2019-06-14T19:07:52.093" threadId="00000000022CD088" success="true" from="nursery"/>
<exclusive-end id="13" timestamp="2019-06-14T19:07:52.093" durationms="12.374" />

<exclusive-start id="14" timestamp="2019-06-14T19:07:52.114" intervalms="32.785">
  <response-info timems="0.028" idlems="0.028" threads="0" lastid="00000000022CC700" lastname="main" />
</exclusive-start>
<af-start id="15" threadId="00000000022CD088" totalBytesRequested="7176" timestamp="2019-06-14T19:07:52.114" intervalms="32.578" type="nursery" />
<cycle-start id="16" type="scavenge" contextid="0" timestamp="2019-06-14T19:07:52.114" intervalms="32.151" />
<gc-start id="17" type="scavenge" contextid="16" timestamp="2019-06-14T19:07:52.118">
  <mem-info id="18" free="6054888" total="8388608" percent="72">
    <mem type="nursery" free="0" total="2097152" percent="0">
      <mem type="allocate" free="0" total="1048576" percent="0" />
      <mem type="survivor" free="0" total="1048576" percent="0" />
    </mem>
    <mem type="tenure" free="6054888" total="6291456" percent="96">
      <mem type="soa" free="5740520" total="5977088" percent="96" />
      <mem type="loa" free="314368" total="314368" percent="100" />
    </mem>
    <remembered-set count="3262" />
  </mem-info>
</gc-start>
<allocation-stats totalBytes="450168" >
  <allocated-bytes non-tlh="14912" tlh="435256" />
  <largest-consumer threadName="main" threadId="00000000022CC700" bytes="438192" />
</allocation-stats>
<gc-op id="19" type="scavenge" timems="0.801" contextid="16" timestamp="2019-06-14T19:07:52.119">
  <scavenger-info tenureage="5" tenuremask="7fe0" tiltratio="50" />
  <memory-copied type="nursery" objects="10895" bytes="504024" bytesdiscarded="147592" />
  <finalization candidates="11" enqueued="0" />
  <references type="soft" candidates="62" cleared="0" enqueued="0" dynamicThreshold="32" maxThreshold="32" />
  <references type="weak" candidates="242" cleared="96" enqueued="93" />
  <references type="phantom" candidates="38" cleared="12" enqueued="12" />
</gc-op>
<gc-end id="20" type="scavenge" contextid="16" durationms="1.084" usertimems="0.000" systemtimems="0.000" timestamp="2019-06-14T19:07:52.119" activeThreads="4">
  <mem-info id="21" free="6450376" total="8388608" percent="76">
    <mem type="nursery" free="395488" total="2097152" percent="18">
      <mem type="allocate" free="395488" total="1048576" percent="37" />
      <mem type="survivor" free="0" total="1048576" percent="0" />
    </mem>
    <mem type="tenure" free="6054888" total="6291456" percent="96">
      <mem type="soa" free="5740520" total="5977088" percent="96" />
      <mem type="loa" free="314368" total="314368" percent="100" />
    </mem>
    <pending-finalizers system="0" default="0" reference="105" classloader="0" />
    <remembered-set count="3262" />
  </mem-info>
</gc-end>
<cycle-end id="22" type="scavenge" contextid="16" timestamp="2019-06-14T19:07:52.119" />
  <attribute name="elasticGC enabled" value="1" />
  <attribute name= "numThreadsSpecified" value="4" />
  <attribute name="heapSize specified" value="0" />
  <attribute name="Current GC Util" value="37" />
  <attribute name= "Current Time Running" value="108" />
  <attribute name ="GC Interval" value="536" />
  <attribute name="ProportionalT" value="8.500000" />
  <attribute name="ProportionalI" value="8.500000" />
  <attribute name="ProportionalH" value="8.500000" />
  <attribute name="Current Error" value="17.000000" />
  <attribute name="IntegralT" value="527.000000" />
  <attribute name="IntegralI" value="527.000000" />
  <attribute name="IntegralH" value="527.000000" />
  <attribute name="DerivativeT" value="0.274194" />
  <attribute name="DerivativeI" value="0.274194" />
  <attribute name="DerivativeH" value="0.274194" />
  <attribute name="Loop Time for DT" value="31.000000" />
  <attribute name="Output H" value="8388608"/>
  <attribute name="Output I" value="536"/>
  <attribute name="Output T" value="4"/>
  <attribute name="Target GC Util Change" value ="20.000000" />
  <attribute name="Current GC Util Change" value="37.000000"/>
  <attribute name="GC Util currently" value="37" />
  <attribute name="CPU Util currently" value="31" />
<allocation-satisfied id="23" threadId="00000000022CC700" bytesRequested="7176" />
<af-end id="24" timestamp="2019-06-14T19:07:52.119" threadId="00000000022CD088" success="true" from="nursery"/>
<exclusive-end id="25" timestamp="2019-06-14T19:07:52.119" durationms="5.386" />

<exclusive-start id="26" timestamp="2019-06-14T19:07:52.129" intervalms="15.728">
  <response-info timems="0.078" idlems="0.078" threads="0" lastid="00000000022CC700" lastname="main" />
</exclusive-start>
<af-start id="27" threadId="00000000022CD088" totalBytesRequested="20232" timestamp="2019-06-14T19:07:52.129" intervalms="15.777" type="nursery" />
<cycle-start id="28" type="scavenge" contextid="0" timestamp="2019-06-14T19:07:52.130" intervalms="15.814" />
<gc-start id="29" type="scavenge" contextid="28" timestamp="2019-06-14T19:07:52.130">
  <mem-info id="30" free="6052200" total="8388608" percent="72">
    <mem type="nursery" free="0" total="2097152" percent="0">
      <mem type="allocate" free="0" total="1048576" percent="0" />
      <mem type="survivor" free="0" total="1048576" percent="0" />
    </mem>
    <mem type="tenure" free="6052200" total="6291456" percent="96">
      <mem type="soa" free="5737832" total="5977088" percent="95" />
      <mem type="loa" free="314368" total="314368" percent="100" />
    </mem>
    <remembered-set count="3295" />
  </mem-info>
</gc-start>
<allocation-stats totalBytes="378480" >
  <allocated-bytes non-tlh="9864" tlh="368616" />
  <largest-consumer threadName="main" threadId="00000000022CC700" bytes="370288" />
</allocation-stats>
<gc-op id="31" type="scavenge" timems="0.850" contextid="28" timestamp="2019-06-14T19:07:52.131">
  <scavenger-info tenureage="4" tenuremask="7ff0" tiltratio="50" />
  <memory-copied type="nursery" objects="10924" bytes="540584" bytesdiscarded="96720" />
  <finalization candidates="11" enqueued="0" />
  <references type="soft" candidates="62" cleared="0" enqueued="0" dynamicThreshold="32" maxThreshold="32" />
  <references type="weak" candidates="222" cleared="75" enqueued="75" />
  <references type="phantom" candidates="36" cleared="9" enqueued="9" />
</gc-op>
<gc-end id="32" type="scavenge" contextid="28" durationms="1.496" usertimems="0.000" systemtimems="0.000" timestamp="2019-06-14T19:07:52.131" activeThreads="4">
  <mem-info id="33" free="6462016" total="8388608" percent="77">
    <mem type="nursery" free="409816" total="2097152" percent="19">
      <mem type="allocate" free="409816" total="1048576" percent="39" />
      <mem type="survivor" free="0" total="1048576" percent="0" />
    </mem>
    <mem type="tenure" free="6052200" total="6291456" percent="96">
      <mem type="soa" free="5737832" total="5977088" percent="95" />
      <mem type="loa" free="314368" total="314368" percent="100" />
    </mem>
    <pending-finalizers system="0" default="0" reference="84" classloader="0" />
    <remembered-set count="1025" />
  </mem-info>
</gc-end>
<cycle-end id="34" type="scavenge" contextid="28" timestamp="2019-06-14T19:07:52.131" />
  <attribute name="elasticGC enabled" value="1" />
  <attribute name= "numThreadsSpecified" value="4" />
  <attribute name="heapSize specified" value="0" />
  <attribute name="Current GC Util" value="44" />
  <attribute name= "Current Time Running" value="120" />
  <attribute name ="GC Interval" value="832" />
  <attribute name="ProportionalT" value="12.000000" />
  <attribute name="ProportionalI" value="12.000000" />
  <attribute name="ProportionalH" value="12.000000" />
  <attribute name="Current Error" value="24.000000" />
  <attribute name="IntegralT" value="815.000000" />
  <attribute name="IntegralI" value="815.000000" />
  <attribute name="IntegralH" value="815.000000" />
  <attribute name="DerivativeT" value="0.291667" />
  <attribute name="DerivativeI" value="0.291667" />
  <attribute name="DerivativeH" value="0.291667" />
  <attribute name="Loop Time for DT" value="12.000000" />
  <attribute name="Output H" value="8388608"/>
  <attribute name="Output I" value="832"/>
  <attribute name="Output T" value="4"/>
  <attribute name="Target GC Util Change" value ="20.000000" />
  <attribute name="Current GC Util Change" value="44.000000"/>
  <attribute name="GC Util currently" value="44" />
  <attribute name="CPU Util currently" value="387281490031" />
<allocation-satisfied id="35" threadId="00000000022CC700" bytesRequested="20232" />
<af-end id="36" timestamp="2019-06-14T19:07:52.131" threadId="00000000022CD088" success="true" from="nursery"/>
<exclusive-end id="37" timestamp="2019-06-14T19:07:52.131" durationms="2.030" />

<exclusive-start id="38" timestamp="2019-06-14T19:07:52.188" intervalms="58.700">
  <response-info timems="0.027" idlems="0.027" threads="0" lastid="00000000022CC700" lastname="main" />
</exclusive-start>
<af-start id="39" threadId="00000000022CD088" totalBytesRequested="43048" timestamp="2019-06-14T19:07:52.188" intervalms="58.651" type="nursery" />
<cycle-start id="40" type="scavenge" contextid="0" timestamp="2019-06-14T19:07:52.188" intervalms="58.609" />
<gc-start id="41" type="scavenge" contextid="40" timestamp="2019-06-14T19:07:52.188">
  <mem-info id="42" free="6073528" total="8388608" percent="72">
    <mem type="nursery" free="25040" total="2097152" percent="1">
      <mem type="allocate" free="25040" total="1048576" percent="2" />
      <mem type="survivor" free="0" total="1048576" percent="0" />
    </mem>
    <mem type="tenure" free="6048488" total="6291456" percent="96">
      <mem type="soa" free="5734120" total="5977088" percent="95" />
      <mem type="loa" free="314368" total="314368" percent="100" />
    </mem>
    <remembered-set count="1091" />
  </mem-info>
</gc-start>
<allocation-stats totalBytes="383696" >
  <allocated-bytes non-tlh="23944" tlh="359752" />
  <largest-consumer threadName="main" threadId="00000000022CC700" bytes="383696" />
</allocation-stats>
<gc-op id="43" type="scavenge" timems="0.974" contextid="40" timestamp="2019-06-14T19:07:52.189">
  <scavenger-info tenureage="3" tenuremask="fff8" tiltratio="50" />
  <memory-copied type="nursery" objects="803" bytes="100232" bytesdiscarded="47936" />
  <memory-copied type="tenure" objects="10290" bytes="460024" bytesdiscarded="40" />
  <finalization candidates="13" enqueued="0" />
  <references type="soft" candidates="1" cleared="0" enqueued="0" dynamicThreshold="32" maxThreshold="32" />
  <references type="weak" candidates="61" cleared="46" enqueued="46" />
  <references type="phantom" candidates="19" cleared="10" enqueued="10" />
</gc-op>
<gc-end id="44" type="scavenge" contextid="40" durationms="1.167" usertimems="0.000" systemtimems="0.000" timestamp="2019-06-14T19:07:52.189" activeThreads="4">
  <mem-info id="45" free="6391376" total="8388608" percent="76">
    <mem type="nursery" free="900352" total="2097152" percent="42">
      <mem type="allocate" free="900352" total="1048576" percent="85" />
      <mem type="survivor" free="0" total="1048576" percent="0" />
    </mem>
    <mem type="tenure" free="5491024" total="6291456" percent="87">
      <mem type="soa" free="5176656" total="5977088" percent="86" />
      <mem type="loa" free="314368" total="314368" percent="100" />
    </mem>
    <pending-finalizers system="0" default="0" reference="56" classloader="0" />
    <remembered-set count="209" />
  </mem-info>
</gc-end>
<cycle-end id="46" type="scavenge" contextid="40" timestamp="2019-06-14T19:07:52.189" />
  <attribute name="elasticGC enabled" value="1" />
  <attribute name= "numThreadsSpecified" value="4" />
  <attribute name="heapSize specified" value="0" />
  <attribute name="Current GC Util" value="2" />
  <attribute name= "Current Time Running" value="178" />
  <attribute name ="GC Interval" value="200" />
  <attribute name="ProportionalT" value="-9.000000" />
  <attribute name="ProportionalI" value="-9.000000" />
  <attribute name="ProportionalH" value="-9.000000" />
  <attribute name="Current Error" value="-18.000000" />
  <attribute name="IntegralT" value="-229.000000" />
  <attribute name="IntegralI" value="-229.000000" />
  <attribute name="IntegralH" value="-229.000000" />
  <attribute name="DerivativeT" value="-0.362069" />
  <attribute name="DerivativeI" value="-0.362069" />
  <attribute name="DerivativeH" value="-0.362069" />
  <attribute name="Loop Time for DT" value="58.000000" />
  <attribute name="Output H" value="2092630016"/>
  <attribute name="Output I" value="200"/>
  <attribute name="Output T" value="4"/>
  <attribute name="Target GC Util Change" value ="20.000000" />
  <attribute name="Current GC Util Change" value="2.000000"/>
  <attribute name="GC Util currently" value="2" />
  <attribute name="CPU Util currently" value="9" />
<allocation-satisfied id="47" threadId="00000000022CC700" bytesRequested="43048" />
<af-end id="48" timestamp="2019-06-14T19:07:52.190" threadId="00000000022CD088" success="true" from="nursery"/>
<exclusive-end id="49" timestamp="2019-06-14T19:07:52.190" durationms="1.616" />

<exclusive-start id="50" timestamp="2019-06-14T19:07:52.357" intervalms="168.580">
  <response-info timems="0.023" idlems="0.023" threads="0" lastid="00000000022CC700" lastname="main" />
</exclusive-start>
<af-start id="51" threadId="00000000022CD088" totalBytesRequested="2056" timestamp="2019-06-14T19:07:52.357" intervalms="168.585" type="nursery" />
<cycle-start id="52" type="scavenge" contextid="0" timestamp="2019-06-14T19:07:52.357" intervalms="168.582" />
<gc-start id="53" type="scavenge" contextid="52" timestamp="2019-06-14T19:07:52.357">
  <mem-info id="54" free="5490104" total="8388608" percent="65">
    <mem type="nursery" free="0" total="2097152" percent="0">
      <mem type="allocate" free="0" total="1048576" percent="0" />
      <mem type="survivor" free="0" total="1048576" percent="0" />
    </mem>
    <mem type="tenure" free="5490104" total="6291456" percent="87">
      <mem type="soa" free="5175736" total="5977088" percent="86" />
      <mem type="loa" free="314368" total="314368" percent="100" />
    </mem>
    <remembered-set count="224" />
  </mem-info>
</gc-start>
<allocation-stats totalBytes="887968" >
  <allocated-bytes non-tlh="43968" tlh="844000" />
  <largest-consumer threadName="main" threadId="00000000022CC700" bytes="887968" />
</allocation-stats>
<gc-op id="55" type="scavenge" timems="0.418" contextid="52" timestamp="2019-06-14T19:07:52.357">
  <scavenger-info tenureage="3" tenuremask="fff8" tiltratio="50" />
  <memory-copied type="nursery" objects="485" bytes="155152" bytesdiscarded="138968" />
  <memory-copied type="tenure" objects="303" bytes="15168" bytesdiscarded="0" />
  <finalization candidates="3" enqueued="1" />
  <references type="soft" candidates="1" cleared="0" enqueued="0" dynamicThreshold="32" maxThreshold="32" />
  <references type="weak" candidates="8" cleared="6" enqueued="6" />
  <references type="phantom" candidates="9" cleared="4" enqueued="4" />
</gc-op>
<gc-end id="56" type="scavenge" contextid="52" durationms="0.586" usertimems="0.000" systemtimems="0.000" timestamp="2019-06-14T19:07:52.357" activeThreads="4">
  <mem-info id="57" free="6205312" total="8388608" percent="73">
    <mem type="nursery" free="754376" total="2097152" percent="35">
      <mem type="allocate" free="754376" total="1048576" percent="71" />
      <mem type="survivor" free="0" total="1048576" percent="0" />
    </mem>
    <mem type="tenure" free="5450936" total="6291456" percent="86">
      <mem type="soa" free="5136568" total="5977088" percent="85" />
      <mem type="loa" free="314368" total="314368" percent="100" />
    </mem>
    <pending-finalizers system="1" default="0" reference="10" classloader="0" />
    <remembered-set count="173" />
  </mem-info>
</gc-end>
<cycle-end id="58" type="scavenge" contextid="52" timestamp="2019-06-14T19:07:52.357" />
  <attribute name="elasticGC enabled" value="1" />
  <attribute name= "numThreadsSpecified" value="4" />
  <attribute name="heapSize specified" value="0" />
  <attribute name="Current GC Util" value="1" />
  <attribute name= "Current Time Running" value="347" />
  <attribute name ="GC Interval" value="200" />
  <attribute name="ProportionalT" value="-9.500000" />
  <attribute name="ProportionalI" value="-9.500000" />
  <attribute name="ProportionalH" value="-9.500000" />
  <attribute name="Current Error" value="-19.000000" />
  <attribute name="IntegralT" value="-3440.000000" />
  <attribute name="IntegralI" value="-3440.000000" />
  <attribute name="IntegralH" value="-3440.000000" />
  <attribute name="DerivativeT" value="-0.056213" />
  <attribute name="DerivativeI" value="-0.056213" />
  <attribute name="DerivativeH" value="-0.056213" />
  <attribute name="Loop Time for DT" value="169.000000" />
  <attribute name="Output H" value="2092630016"/>
  <attribute name="Output I" value="200"/>
  <attribute name="Output T" value="4"/>
  <attribute name="Target GC Util Change" value ="20.000000" />
  <attribute name="Current GC Util Change" value="1.000000"/>
  <attribute name="GC Util currently" value="1" />
  <attribute name="CPU Util currently" value="10" />
<allocation-satisfied id="59" threadId="00000000022CC700" bytesRequested="2056" />
<af-end id="60" timestamp="2019-06-14T19:07:52.358" threadId="00000000022CD088" success="true" from="nursery"/>
<exclusive-end id="61" timestamp="2019-06-14T19:07:52.358" durationms="1.017" />

<exclusive-start id="62" timestamp="2019-06-14T19:07:52.450" intervalms="92.887">
  <response-info timems="0.034" idlems="0.034" threads="0" lastid="00000000022CC700" lastname="main" />
</exclusive-start>
<af-start id="63" threadId="00000000022CD088" totalBytesRequested="2056" timestamp="2019-06-14T19:07:52.450" intervalms="92.879" type="nursery" />
<cycle-start id="64" type="scavenge" contextid="0" timestamp="2019-06-14T19:07:52.450" intervalms="92.876" />
<gc-start id="65" type="scavenge" contextid="64" timestamp="2019-06-14T19:07:52.450">
  <mem-info id="66" free="5450936" total="8388608" percent="64">
    <mem type="nursery" free="0" total="2097152" percent="0">
      <mem type="allocate" free="0" total="1048576" percent="0" />
      <mem type="survivor" free="0" total="1048576" percent="0" />
    </mem>
    <mem type="tenure" free="5450936" total="6291456" percent="86">
      <mem type="soa" free="5136568" total="5977088" percent="85" />
      <mem type="loa" free="314368" total="314368" percent="100" />
    </mem>
    <remembered-set count="175" />
  </mem-info>
</gc-start>
<allocation-stats totalBytes="744000" >
  <allocated-bytes non-tlh="2056" tlh="741944" />
  <largest-consumer threadName="main" threadId="00000000022CC700" bytes="744000" />
</allocation-stats>
<gc-op id="67" type="scavenge" timems="0.251" contextid="64" timestamp="2019-06-14T19:07:52.450">
  <scavenger-info tenureage="4" tenuremask="fff0" tiltratio="50" />
  <memory-copied type="nursery" objects="458" bytes="88648" bytesdiscarded="14200" />
  <finalization candidates="2" enqueued="0" />
  <references type="soft" candidates="1" cleared="0" enqueued="0" dynamicThreshold="32" maxThreshold="32" />
  <references type="weak" candidates="2" cleared="0" enqueued="0" />
  <references type="phantom" candidates="5" cleared="0" enqueued="0" />
</gc-op>
<gc-end id="68" type="scavenge" contextid="64" durationms="0.463" usertimems="0.000" systemtimems="0.000" timestamp="2019-06-14T19:07:52.450" activeThreads="4">
  <mem-info id="69" free="6462120" total="8388608" percent="77">
    <mem type="nursery" free="1011184" total="2097152" percent="48">
      <mem type="allocate" free="1011184" total="1114112" percent="90" />
      <mem type="survivor" free="0" total="983040" percent="0" />
    </mem>
    <mem type="tenure" free="5450936" total="6291456" percent="86">
      <mem type="soa" free="5136568" total="5977088" percent="85" />
      <mem type="loa" free="314368" total="314368" percent="100" />
    </mem>
    <remembered-set count="106" />
  </mem-info>
</gc-end>
<cycle-end id="70" type="scavenge" contextid="64" timestamp="2019-06-14T19:07:52.450" />
  <attribute name="elasticGC enabled" value="1" />
  <attribute name= "numThreadsSpecified" value="4" />
  <attribute name="heapSize specified" value="0" />
  <attribute name="Current GC Util" value="0" />
  <attribute name= "Current Time Running" value="440" />
  <attribute name ="GC Interval" value="200" />
  <attribute name="ProportionalT" value="-10.000000" />
  <attribute name="ProportionalI" value="-10.000000" />
  <attribute name="ProportionalH" value="-10.000000" />
  <attribute name="Current Error" value="-20.000000" />
  <attribute name="IntegralT" value="-5300.000000" />
  <attribute name="IntegralI" value="-5300.000000" />
  <attribute name="IntegralH" value="-5300.000000" />
  <attribute name="DerivativeT" value="-0.107527" />
  <attribute name="DerivativeI" value="-0.107527" />
  <attribute name="DerivativeH" value="-0.107527" />
  <attribute name="Loop Time for DT" value="93.000000" />
  <attribute name="Output H" value="2092630016"/>
  <attribute name="Output I" value="200"/>
  <attribute name="Output T" value="4"/>
  <attribute name="Target GC Util Change" value ="20.000000" />
  <attribute name="Current GC Util Change" value="0.000000"/>
  <attribute name="GC Util currently" value="0" />
  <attribute name="CPU Util currently" value="10" />
<allocation-satisfied id="71" threadId="00000000022CC700" bytesRequested="2056" />
<af-end id="72" timestamp="2019-06-14T19:07:52.450" threadId="00000000022CD088" success="true" from="nursery"/>
<exclusive-end id="73" timestamp="2019-06-14T19:07:52.450" durationms="0.865" />

<exclusive-start id="74" timestamp="2019-06-14T19:07:52.568" intervalms="118.667">
  <response-info timems="0.028" idlems="0.028" threads="0" lastid="00000000022CC700" lastname="main" />
</exclusive-start>
<af-start id="75" threadId="00000000022CD088" totalBytesRequested="2056" timestamp="2019-06-14T19:07:52.568" intervalms="118.671" type="nursery" />
<cycle-start id="76" type="scavenge" contextid="0" timestamp="2019-06-14T19:07:52.568" intervalms="118.673" />
<gc-start id="77" type="scavenge" contextid="76" timestamp="2019-06-14T19:07:52.568">
  <mem-info id="78" free="5450936" total="8388608" percent="64">
    <mem type="nursery" free="0" total="2097152" percent="0">
      <mem type="allocate" free="0" total="1114112" percent="0" />
      <mem type="survivor" free="0" total="983040" percent="0" />
    </mem>
    <mem type="tenure" free="5450936" total="6291456" percent="86">
      <mem type="soa" free="5136568" total="5977088" percent="85" />
      <mem type="loa" free="314368" total="314368" percent="100" />
    </mem>
    <remembered-set count="106" />
  </mem-info>
</gc-start>
<allocation-stats totalBytes="1006728" >
  <allocated-bytes non-tlh="2056" tlh="1004672" />
  <largest-consumer threadName="main" threadId="00000000022CC700" bytes="1006728" />
</allocation-stats>
<gc-op id="79" type="scavenge" timems="0.299" contextid="76" timestamp="2019-06-14T19:07:52.569">
  <scavenger-info tenureage="3" tenuremask="fff8" tiltratio="53" />
  <memory-copied type="nursery" objects="118" bytes="23952" bytesdiscarded="54352" />
  <memory-copied type="tenure" objects="339" bytes="62720" bytesdiscarded="0" />
  <finalization candidates="2" enqueued="0" />
  <references type="weak" candidates="1" cleared="0" enqueued="0" />
  <references type="phantom" candidates="3" cleared="0" enqueued="0" />
</gc-op>
<gc-end id="80" type="scavenge" contextid="76" durationms="0.471" usertimems="0.000" systemtimems="0.000" timestamp="2019-06-14T19:07:52.569" activeThreads="4">
  <mem-info id="81" free="6634136" total="8388608" percent="79">
    <mem type="nursery" free="1232384" total="2097152" percent="58">
      <mem type="allocate" free="1232384" total="1310720" percent="94" />
      <mem type="survivor" free="0" total="786432" percent="0" />
    </mem>
    <mem type="tenure" free="5401752" total="6291456" percent="85">
      <mem type="soa" free="5087384" total="5977088" percent="85" />
      <mem type="loa" free="314368" total="314368" percent="100" />
    </mem>
    <remembered-set count="75" />
  </mem-info>
</gc-end>
<cycle-end id="82" type="scavenge" contextid="76" timestamp="2019-06-14T19:07:52.569" />
  <attribute name="elasticGC enabled" value="1" />
  <attribute name= "numThreadsSpecified" value="4" />
  <attribute name="heapSize specified" value="0" />
  <attribute name="Current GC Util" value="0" />
  <attribute name= "Current Time Running" value="558" />
  <attribute name ="GC Interval" value="200" />
  <attribute name="ProportionalT" value="-10.000000" />
  <attribute name="ProportionalI" value="-10.000000" />
  <attribute name="ProportionalH" value="-10.000000" />
  <attribute name="Current Error" value="-20.000000" />
  <attribute name="IntegralT" value="-2360.000000" />
  <attribute name="IntegralI" value="-2360.000000" />
  <attribute name="IntegralH" value="-2360.000000" />
  <attribute name="DerivativeT" value="-0.084746" />
  <attribute name="DerivativeI" value="-0.084746" />
  <attribute name="DerivativeH" value="-0.084746" />
  <attribute name="Loop Time for DT" value="118.000000" />
  <attribute name="Output H" value="2092630016"/>
  <attribute name="Output I" value="200"/>
  <attribute name="Output T" value="4"/>
  <attribute name="Target GC Util Change" value ="20.000000" />
  <attribute name="Current GC Util Change" value="0.000000"/>
  <attribute name="GC Util currently" value="0" />
  <attribute name="CPU Util currently" value="8" />
<allocation-satisfied id="83" threadId="00000000022CC700" bytesRequested="2056" />
<af-end id="84" timestamp="2019-06-14T19:07:52.569" threadId="00000000022CD088" success="true" from="nursery"/>
<exclusive-end id="85" timestamp="2019-06-14T19:07:52.569" durationms="0.881" />

<exclusive-start id="86" timestamp="2019-06-14T19:07:52.686" intervalms="118.054">
  <response-info timems="0.033" idlems="0.033" threads="0" lastid="00000000022CC700" lastname="main" />
</exclusive-start>
<af-start id="87" threadId="00000000022CD088" totalBytesRequested="89408" timestamp="2019-06-14T19:07:52.686" intervalms="118.057" type="nursery" />
<cycle-start id="88" type="scavenge" contextid="0" timestamp="2019-06-14T19:07:52.686" intervalms="118.060" />
<gc-start id="89" type="scavenge" contextid="88" timestamp="2019-06-14T19:07:52.686">
  <mem-info id="90" free="5401272" total="8388608" percent="64">
    <mem type="nursery" free="0" total="2097152" percent="0">
      <mem type="allocate" free="0" total="1310720" percent="0" />
      <mem type="survivor" free="0" total="786432" percent="0" />
    </mem>
    <mem type="tenure" free="5401272" total="6291456" percent="85">
      <mem type="soa" free="5086904" total="5977088" percent="85" />
      <mem type="loa" free="314368" total="314368" percent="100" />
    </mem>
    <remembered-set count="86" />
  </mem-info>
</gc-start>
<allocation-stats totalBytes="1229432" >
  <allocated-bytes non-tlh="81264" tlh="1148168" />
  <largest-consumer threadName="main" threadId="00000000022CC700" bytes="1229432" />
</allocation-stats>
<gc-op id="91" type="scavenge" timems="0.298" contextid="88" timestamp="2019-06-14T19:07:52.687">
  <scavenger-info tenureage="3" tenuremask="ffc8" tiltratio="62" />
  <memory-copied type="nursery" objects="348" bytes="228744" bytesdiscarded="23568" />
  <memory-copied type="tenure" objects="60" bytes="2376" bytesdiscarded="0" />
  <references type="soft" candidates="1" cleared="0" enqueued="0" dynamicThreshold="32" maxThreshold="32" />
  <references type="phantom" candidates="20" cleared="0" enqueued="0" />
</gc-op>
<gc-end id="92" type="scavenge" contextid="88" durationms="0.471" usertimems="4.000" systemtimems="0.000" timestamp="2019-06-14T19:07:52.687" activeThreads="4">
  <mem-info id="93" free="6525200" total="8388608" percent="77">
    <mem type="nursery" free="1123928" total="2097152" percent="53">
      <mem type="allocate" free="1123928" total="1376256" percent="81" />
      <mem type="survivor" free="0" total="720896" percent="0" />
    </mem>
    <mem type="tenure" free="5401272" total="6291456" percent="85">
      <mem type="soa" free="5086904" total="5977088" percent="85" />
      <mem type="loa" free="314368" total="314368" percent="100" />
    </mem>
    <remembered-set count="82" />
  </mem-info>
</gc-end>
<cycle-end id="94" type="scavenge" contextid="88" timestamp="2019-06-14T19:07:52.687" />
  <attribute name="elasticGC enabled" value="1" />
  <attribute name= "numThreadsSpecified" value="4" />
  <attribute name="heapSize specified" value="0" />
  <attribute name="Current GC Util" value="0" />
  <attribute name= "Current Time Running" value="676" />
  <attribute name ="GC Interval" value="200" />
  <attribute name="ProportionalT" value="-10.000000" />
  <attribute name="ProportionalI" value="-10.000000" />
  <attribute name="ProportionalH" value="-10.000000" />
  <attribute name="Current Error" value="-20.000000" />
  <attribute name="IntegralT" value="-2360.000000" />
  <attribute name="IntegralI" value="-2360.000000" />
  <attribute name="IntegralH" value="-2360.000000" />
  <attribute name="DerivativeT" value="-0.084746" />
  <attribute name="DerivativeI" value="-0.084746" />
  <attribute name="DerivativeH" value="-0.084746" />
  <attribute name="Loop Time for DT" value="118.000000" />
  <attribute name="Output H" value="2092630016"/>
  <attribute name="Output I" value="200"/>
  <attribute name="Output T" value="4"/>
  <attribute name="Target GC Util Change" value ="20.000000" />
  <attribute name="Current GC Util Change" value="0.000000"/>
  <attribute name="GC Util currently" value="0" />
  <attribute name="CPU Util currently" value="5" />
<allocation-satisfied id="95" threadId="00000000022CC700" bytesRequested="89408" />
<af-end id="96" timestamp="2019-06-14T19:07:52.687" threadId="00000000022CD088" success="true" from="nursery"/>
<exclusive-end id="97" timestamp="2019-06-14T19:07:52.687" durationms="0.901" />

<exclusive-start id="98" timestamp="2019-06-14T19:07:52.723" intervalms="37.074">
  <response-info timems="0.080" idlems="0.080" threads="0" lastid="00000000022CC700" lastname="main" />
</exclusive-start>
<af-start id="99" threadId="00000000022CD088" totalBytesRequested="3848" timestamp="2019-06-14T19:07:52.723" intervalms="37.141" type="nursery" />
<cycle-start id="100" type="scavenge" contextid="0" timestamp="2019-06-14T19:07:52.724" intervalms="37.192" />
<gc-start id="101" type="scavenge" contextid="100" timestamp="2019-06-14T19:07:52.724">
  <mem-info id="102" free="5385944" total="8388608" percent="64">
    <mem type="nursery" free="0" total="2097152" percent="0">
      <mem type="allocate" free="0" total="1376256" percent="0" />
      <mem type="survivor" free="0" total="720896" percent="0" />
    </mem>
    <mem type="tenure" free="5385944" total="6291456" percent="85">
      <mem type="soa" free="5071576" total="5977088" percent="84" />
      <mem type="loa" free="314368" total="314368" percent="100" />
    </mem>
    <remembered-set count="348" />
  </mem-info>
</gc-start>
<allocation-stats totalBytes="1124944" >
  <allocated-bytes non-tlh="104736" tlh="1020208" />
  <largest-consumer threadName="main" threadId="00000000022CC700" bytes="1124944" />
</allocation-stats>
<gc-op id="103" type="scavenge" timems="0.470" contextid="100" timestamp="2019-06-14T19:07:52.724">
  <scavenger-info tenureage="3" tenuremask="ffe8" tiltratio="65" />
  <memory-copied type="nursery" objects="2866" bytes="428912" bytesdiscarded="168752" />
  <finalization candidates="32" enqueued="0" />
  <ownableSynchronizers candidates="4" cleared="3" />
  <references type="soft" candidates="3" cleared="0" enqueued="0" dynamicThreshold="32" maxThreshold="32" />
  <references type="weak" candidates="487" cleared="236" enqueued="172" />
  <references type="phantom" candidates="27" cleared="3" enqueued="3" />
</gc-op>
<gc-end id="104" type="scavenge" contextid="100" durationms="0.773" usertimems="0.000" systemtimems="0.000" timestamp="2019-06-14T19:07:52.724" activeThreads="4">
  <mem-info id="105" free="6164408" total="8388608" percent="73">
    <mem type="nursery" free="778464" total="2097152" percent="37">
      <mem type="allocate" free="778464" total="1376256" percent="56" />
      <mem type="survivor" free="0" total="720896" percent="0" />
    </mem>
    <mem type="tenure" free="5385944" total="6291456" percent="85">
      <mem type="soa" free="5071576" total="5977088" percent="84" />
      <mem type="loa" free="314368" total="314368" percent="100" />
    </mem>
    <pending-finalizers system="0" default="0" reference="175" classloader="0" />
    <remembered-set count="345" />
  </mem-info>
</gc-end>
<cycle-end id="106" type="scavenge" contextid="100" timestamp="2019-06-14T19:07:52.725" />
  <attribute name="elasticGC enabled" value="1" />
  <attribute name= "numThreadsSpecified" value="4" />
  <attribute name="heapSize specified" value="0" />
  <attribute name="Current GC Util" value="1" />
  <attribute name= "Current Time Running" value="714" />
  <attribute name ="GC Interval" value="200" />
  <attribute name="ProportionalT" value="-9.500000" />
  <attribute name="ProportionalI" value="-9.500000" />
  <attribute name="ProportionalH" value="-9.500000" />
  <attribute name="Current Error" value="-19.000000" />
  <attribute name="IntegralT" value="-722.000000" />
  <attribute name="IntegralI" value="-722.000000" />
  <attribute name="IntegralH" value="-722.000000" />
  <attribute name="DerivativeT" value="-0.250000" />
  <attribute name="DerivativeI" value="-0.250000" />
  <attribute name="DerivativeH" value="-0.250000" />
  <attribute name="Loop Time for DT" value="38.000000" />
  <attribute name="Output H" value="2092630016"/>
  <attribute name="Output I" value="200"/>
  <attribute name="Output T" value="4"/>
  <attribute name="Target GC Util Change" value ="20.000000" />
  <attribute name="Current GC Util Change" value="1.000000"/>
  <attribute name="GC Util currently" value="1" />
  <attribute name="CPU Util currently" value="4" />
<allocation-satisfied id="107" threadId="00000000022CC700" bytesRequested="3848" />
<af-end id="108" timestamp="2019-06-14T19:07:52.725" threadId="00000000022CD088" success="true" from="nursery"/>
<exclusive-end id="109" timestamp="2019-06-14T19:07:52.725" durationms="1.500" />

<exclusive-start id="110" timestamp="2019-06-14T19:07:52.725" intervalms="1.647">
  <response-info timems="0.021" idlems="0.021" threads="0" lastid="00000000022CC700" lastname="main" />
</exclusive-start>
<af-start id="111" threadId="00000000022CD088" totalBytesRequested="6184" timestamp="2019-06-14T19:07:52.725" intervalms="1.559" type="nursery" />
<cycle-start id="112" type="scavenge" contextid="0" timestamp="2019-06-14T19:07:52.725" intervalms="1.501" />
<gc-start id="113" type="scavenge" contextid="112" timestamp="2019-06-14T19:07:52.725">
  <mem-info id="114" free="5385944" total="8388608" percent="64">
    <mem type="nursery" free="0" total="2097152" percent="0">
      <mem type="allocate" free="0" total="1376256" percent="0" />
      <mem type="survivor" free="0" total="720896" percent="0" />
    </mem>
    <mem type="tenure" free="5385944" total="6291456" percent="85">
      <mem type="soa" free="5071576" total="5977088" percent="84" />
      <mem type="loa" free="314368" total="314368" percent="100" />
    </mem>
    <pending-finalizers system="0" default="0" reference="115" classloader="0" />
    <remembered-set count="348" />
  </mem-info>
</gc-start>
<allocation-stats totalBytes="734000" >
  <allocated-bytes non-tlh="3848" tlh="730152" />
  <largest-consumer threadName="main" threadId="00000000022CC700" bytes="729904" />
</allocation-stats>
<gc-op id="115" type="scavenge" timems="0.398" contextid="112" timestamp="2019-06-14T19:07:52.726">
  <scavenger-info tenureage="3" tenuremask="fff8" tiltratio="65" />
  <memory-copied type="nursery" objects="2799" bytes="430088" bytesdiscarded="110584" />
  <finalization candidates="32" enqueued="0" />
  <ownableSynchronizers candidates="1" cleared="0" />
  <references type="soft" candidates="3" cleared="0" enqueued="0" dynamicThreshold="32" maxThreshold="32" />
  <references type="weak" candidates="251" cleared="0" enqueued="0" />
  <references type="phantom" candidates="24" cleared="0" enqueued="0" />
</gc-op>
<gc-end id="116" type="scavenge" contextid="112" durationms="0.564" usertimems="0.000" systemtimems="0.000" timestamp="2019-06-14T19:07:52.726" activeThreads="4">
  <mem-info id="117" free="6418024" total="8388608" percent="76">
    <mem type="nursery" free="1032080" total="2097152" percent="49">
      <mem type="allocate" free="1032080" total="1572864" percent="65" />
      <mem type="survivor" free="0" total="524288" percent="0" />
    </mem>
    <mem type="tenure" free="5385944" total="6291456" percent="85">
      <mem type="soa" free="5071576" total="5977088" percent="84" />
      <mem type="loa" free="314368" total="314368" percent="100" />
    </mem>
    <pending-finalizers system="0" default="0" reference="115" classloader="0" />
    <remembered-set count="331" />
  </mem-info>
</gc-end>
<cycle-end id="118" type="scavenge" contextid="112" timestamp="2019-06-14T19:07:52.726" />
  <attribute name="elasticGC enabled" value="1" />
  <attribute name= "numThreadsSpecified" value="4" />
  <attribute name="heapSize specified" value="0" />
  <attribute name="Current GC Util" value="62" />
  <attribute name= "Current Time Running" value="715" />
  <attribute name ="GC Interval" value="200" />
  <attribute name="ProportionalT" value="21.000000" />
  <attribute name="ProportionalI" value="21.000000" />
  <attribute name="ProportionalH" value="21.000000" />
  <attribute name="Current Error" value="42.000000" />
  <attribute name="IntegralT" value="42.000000" />
  <attribute name="IntegralI" value="42.000000" />
  <attribute name="IntegralH" value="42.000000" />
  <attribute name="DerivativeT" value="21.000000" />
  <attribute name="DerivativeI" value="21.000000" />
  <attribute name="DerivativeH" value="21.000000" />
  <attribute name="Loop Time for DT" value="1.000000" />
  <attribute name="Output H" value="8388608"/>
  <attribute name="Output I" value="200"/>
  <attribute name="Output T" value="4"/>
  <attribute name="Target GC Util Change" value ="20.000000" />
  <attribute name="Current GC Util Change" value="62.000000"/>
  <attribute name="GC Util currently" value="62" />
  <attribute name="CPU Util currently" value="3495451902687" />
<allocation-satisfied id="119" threadId="00000000022CC700" bytesRequested="6184" />
<af-end id="120" timestamp="2019-06-14T19:07:52.726" threadId="00000000022CD088" success="true" from="nursery"/>
<exclusive-end id="121" timestamp="2019-06-14T19:07:52.726" durationms="0.939" />

<exclusive-start id="122" timestamp="2019-06-14T19:07:52.726" intervalms="1.084">
  <response-info timems="0.019" idlems="0.019" threads="0" lastid="00000000022CC700" lastname="main" />
</exclusive-start>
<af-start id="123" threadId="00000000022CD088" totalBytesRequested="16240" timestamp="2019-06-14T19:07:52.726" intervalms="1.088" type="nursery" />
<cycle-start id="124" type="scavenge" contextid="0" timestamp="2019-06-14T19:07:52.726" intervalms="1.088" />
<gc-start id="125" type="scavenge" contextid="124" timestamp="2019-06-14T19:07:52.726">
  <mem-info id="126" free="5385944" total="8388608" percent="64">
    <mem type="nursery" free="0" total="2097152" percent="0">
      <mem type="allocate" free="0" total="1572864" percent="0" />
      <mem type="survivor" free="0" total="524288" percent="0" />
    </mem>
    <mem type="tenure" free="5385944" total="6291456" percent="85">
      <mem type="soa" free="5071576" total="5977088" percent="84" />
      <mem type="loa" free="314368" total="314368" percent="100" />
    </mem>
    <pending-finalizers system="0" default="0" reference="33" classloader="0" />
    <remembered-set count="332" />
  </mem-info>
</gc-start>
<allocation-stats totalBytes="931208" >
  <allocated-bytes non-tlh="6184" tlh="925024" />
  <largest-consumer threadName="main" threadId="00000000022CC700" bytes="927112" />
</allocation-stats>
<gc-op id="127" type="scavenge" timems="0.461" contextid="124" timestamp="2019-06-14T19:07:52.727">
  <scavenger-info tenureage="3" tenuremask="fff8" tiltratio="75" />
  <memory-copied type="nursery" objects="2392" bytes="250024" bytesdiscarded="35456" />
  <memory-copied type="tenure" objects="319" bytes="180184" bytesdiscarded="8" />
  <finalization candidates="32" enqueued="0" />
  <ownableSynchronizers candidates="1" cleared="0" />
  <references type="soft" candidates="2" cleared="0" enqueued="0" dynamicThreshold="32" maxThreshold="32" />
  <references type="weak" candidates="251" cleared="0" enqueued="0" />
  <references type="phantom" candidates="4" cleared="0" enqueued="0" />
</gc-op>
<gc-end id="128" type="scavenge" contextid="124" durationms="0.623" usertimems="0.000" systemtimems="0.000" timestamp="2019-06-14T19:07:52.727" activeThreads="4">
  <mem-info id="129" free="6464032" total="8388608" percent="77">
    <mem type="nursery" free="1287280" total="2097152" percent="61">
      <mem type="allocate" free="1287280" total="1572864" percent="81" />
      <mem type="survivor" free="0" total="524288" percent="0" />
    </mem>
    <mem type="tenure" free="5176752" total="6291456" percent="82">
      <mem type="soa" free="4862384" total="5977088" percent="81" />
      <mem type="loa" free="314368" total="314368" percent="100" />
    </mem>
    <pending-finalizers system="0" default="0" reference="33" classloader="0" />
    <remembered-set count="217" />
  </mem-info>
</gc-end>
<cycle-end id="130" type="scavenge" contextid="124" timestamp="2019-06-14T19:07:52.727" />
  <attribute name="elasticGC enabled" value="1" />
  <attribute name= "numThreadsSpecified" value="4" />
  <attribute name="heapSize specified" value="0" />
  <attribute name="Current GC Util" value="62" />
  <attribute name= "Current Time Running" value="716" />
  <attribute name ="GC Interval" value="200" />
  <attribute name="ProportionalT" value="21.000000" />
  <attribute name="ProportionalI" value="21.000000" />
  <attribute name="ProportionalH" value="21.000000" />
  <attribute name="Current Error" value="42.000000" />
  <attribute name="IntegralT" value="42.000000" />
  <attribute name="IntegralI" value="42.000000" />
  <attribute name="IntegralH" value="42.000000" />
  <attribute name="DerivativeT" value="0.000000" />
  <attribute name="DerivativeI" value="0.000000" />
  <attribute name="DerivativeH" value="0.000000" />
  <attribute name="Loop Time for DT" value="1.000000" />
  <attribute name="Output H" value="8388608"/>
  <attribute name="Output I" value="200"/>
  <attribute name="Output T" value="4"/>
  <attribute name="Target GC Util Change" value ="20.000000" />
  <attribute name="Current GC Util Change" value="62.000000"/>
  <attribute name="GC Util currently" value="62" />
  <attribute name="CPU Util currently" value="4245264502793" />
<allocation-satisfied id="131" threadId="00000000022CC700" bytesRequested="16240" />
<af-end id="132" timestamp="2019-06-14T19:07:52.727" threadId="00000000022CD088" success="true" from="nursery"/>
<exclusive-end id="133" timestamp="2019-06-14T19:07:52.727" durationms="1.006" />

<exclusive-start id="134" timestamp="2019-06-14T19:07:52.727" intervalms="1.160">
  <response-info timems="0.021" idlems="0.021" threads="0" lastid="00000000022CC700" lastname="main" />
</exclusive-start>
<af-start id="135" threadId="00000000022CD088" totalBytesRequested="20536" timestamp="2019-06-14T19:07:52.727" intervalms="1.160" type="nursery" />
<cycle-start id="136" type="scavenge" contextid="0" timestamp="2019-06-14T19:07:52.727" intervalms="1.160" />
<gc-start id="137" type="scavenge" contextid="136" timestamp="2019-06-14T19:07:52.727">
  <mem-info id="138" free="5176752" total="8388608" percent="61">
    <mem type="nursery" free="0" total="2097152" percent="0">
      <mem type="allocate" free="0" total="1572864" percent="0" />
      <mem type="survivor" free="0" total="524288" percent="0" />
    </mem>
    <mem type="tenure" free="5176752" total="6291456" percent="82">
      <mem type="soa" free="4862384" total="5977088" percent="81" />
      <mem type="loa" free="314368" total="314368" percent="100" />
    </mem>
    <remembered-set count="217" />
  </mem-info>
</gc-start>
<allocation-stats totalBytes="1217464" >
  <allocated-bytes non-tlh="16240" tlh="1201224" />
  <largest-consumer threadName="main" threadId="00000000022CC700" bytes="1217464" />
</allocation-stats>
<gc-op id="139" type="scavenge" timems="0.323" contextid="136" timestamp="2019-06-14T19:07:52.728">
  <scavenger-info tenureage="5" tenuremask="ffe0" tiltratio="75" />
  <memory-copied type="nursery" objects="2380" bytes="251792" bytesdiscarded="107352" />
  <finalization candidates="32" enqueued="0" />
  <ownableSynchronizers candidates="1" cleared="0" />
  <references type="soft" candidates="2" cleared="0" enqueued="0" dynamicThreshold="32" maxThreshold="32" />
  <references type="weak" candidates="251" cleared="0" enqueued="0" />
  <references type="phantom" candidates="4" cleared="0" enqueued="0" />
</gc-op>
<gc-end id="140" type="scavenge" contextid="136" durationms="0.495" usertimems="0.000" systemtimems="4.000" timestamp="2019-06-14T19:07:52.728" activeThreads="4">
  <mem-info id="141" free="6455904" total="8388608" percent="76">
    <mem type="nursery" free="1279152" total="2097152" percent="60">
      <mem type="allocate" free="1279152" total="1638400" percent="78" />
      <mem type="survivor" free="0" total="458752" percent="0" />
    </mem>
    <mem type="tenure" free="5176752" total="6291456" percent="82">
      <mem type="soa" free="4862384" total="5977088" percent="81" />
      <mem type="loa" free="314368" total="314368" percent="100" />
    </mem>
    <remembered-set count="216" />
  </mem-info>
</gc-end>
<cycle-end id="142" type="scavenge" contextid="136" timestamp="2019-06-14T19:07:52.728" />
  <attribute name="elasticGC enabled" value="1" />
  <attribute name= "numThreadsSpecified" value="4" />
  <attribute name="heapSize specified" value="0" />
  <attribute name="Current GC Util" value="62" />
  <attribute name= "Current Time Running" value="717" />
  <attribute name ="GC Interval" value="200" />
  <attribute name="ProportionalT" value="21.000000" />
  <attribute name="ProportionalI" value="21.000000" />
  <attribute name="ProportionalH" value="21.000000" />
  <attribute name="Current Error" value="42.000000" />
  <attribute name="IntegralT" value="42.000000" />
  <attribute name="IntegralI" value="42.000000" />
  <attribute name="IntegralH" value="42.000000" />
  <attribute name="DerivativeT" value="0.000000" />
  <attribute name="DerivativeI" value="0.000000" />
  <attribute name="DerivativeH" value="0.000000" />
  <attribute name="Loop Time for DT" value="1.000000" />
  <attribute name="Output H" value="8388608"/>
  <attribute name="Output I" value="200"/>
  <attribute name="Output T" value="4"/>
  <attribute name="Target GC Util Change" value ="20.000000" />
  <attribute name="Current GC Util Change" value="62.000000"/>
  <attribute name="GC Util currently" value="62" />
  <attribute name="CPU Util currently" value="3941992703401" />
<allocation-satisfied id="143" threadId="00000000022CC700" bytesRequested="20536" />
<af-end id="144" timestamp="2019-06-14T19:07:52.728" threadId="00000000022CD088" success="true" from="nursery"/>
<exclusive-end id="145" timestamp="2019-06-14T19:07:52.728" durationms="0.873" />

<exclusive-start id="146" timestamp="2019-06-14T19:07:52.728" intervalms="1.018">
  <response-info timems="0.020" idlems="0.020" threads="0" lastid="00000000022CC700" lastname="main" />
</exclusive-start>
<af-start id="147" threadId="00000000022CD088" totalBytesRequested="23776" timestamp="2019-06-14T19:07:52.728" intervalms="1.017" type="nursery" />
<cycle-start id="148" type="scavenge" contextid="0" timestamp="2019-06-14T19:07:52.728" intervalms="1.016" />
<gc-start id="149" type="scavenge" contextid="148" timestamp="2019-06-14T19:07:52.728">
  <mem-info id="150" free="5176752" total="8388608" percent="61">
    <mem type="nursery" free="0" total="2097152" percent="0">
      <mem type="allocate" free="0" total="1638400" percent="0" />
      <mem type="survivor" free="0" total="458752" percent="0" />
    </mem>
    <mem type="tenure" free="5176752" total="6291456" percent="82">
      <mem type="soa" free="4862384" total="5977088" percent="81" />
      <mem type="loa" free="314368" total="314368" percent="100" />
    </mem>
    <remembered-set count="216" />
  </mem-info>
</gc-start>
<allocation-stats totalBytes="1151232" >
  <allocated-bytes non-tlh="20536" tlh="1130696" />
  <largest-consumer threadName="main" threadId="00000000022CC700" bytes="1151232" />
</allocation-stats>
<gc-op id="151" type="scavenge" timems="0.352" contextid="148" timestamp="2019-06-14T19:07:52.729">
  <scavenger-info tenureage="3" tenuremask="fff8" tiltratio="78" />
  <memory-copied type="nursery" objects="4" bytes="12952" bytesdiscarded="65384" />
  <memory-copied type="tenure" objects="2376" bytes="240456" bytesdiscarded="128" />
  <finalization candidates="32" enqueued="0" />
  <ownableSynchronizers candidates="1" cleared="0" />
</gc-op>
<gc-end id="152" type="scavenge" contextid="148" durationms="0.517" usertimems="0.000" systemtimems="0.000" timestamp="2019-06-14T19:07:52.729" activeThreads="4">
  <mem-info id="153" free="6471040" total="8388608" percent="77">
    <mem type="nursery" free="1560064" total="2097152" percent="74">
      <mem type="allocate" free="1560064" total="1638400" percent="95" />
      <mem type="survivor" free="0" total="458752" percent="0" />
    </mem>
    <mem type="tenure" free="4910976" total="6291456" percent="78">
      <mem type="soa" free="4596608" total="5977088" percent="76" />
      <mem type="loa" free="314368" total="314368" percent="100" />
    </mem>
    <remembered-set count="58" />
  </mem-info>
</gc-end>
<cycle-end id="154" type="scavenge" contextid="148" timestamp="2019-06-14T19:07:52.729" />
  <attribute name="elasticGC enabled" value="1" />
  <attribute name= "numThreadsSpecified" value="4" />
  <attribute name="heapSize specified" value="0" />
  <attribute name="Current GC Util" value="60" />
  <attribute name= "Current Time Running" value="718" />
  <attribute name ="GC Interval" value="200" />
  <attribute name="ProportionalT" value="20.000000" />
  <attribute name="ProportionalI" value="20.000000" />
  <attribute name="ProportionalH" value="20.000000" />
  <attribute name="Current Error" value="40.000000" />
  <attribute name="IntegralT" value="40.000000" />
  <attribute name="IntegralI" value="40.000000" />
  <attribute name="IntegralH" value="40.000000" />
  <attribute name="DerivativeT" value="-1.000000" />
  <attribute name="DerivativeI" value="-1.000000" />
  <attribute name="DerivativeH" value="-1.000000" />
  <attribute name="Loop Time for DT" value="1.000000" />
  <attribute name="Output H" value="8388608"/>
  <attribute name="Output I" value="200"/>
  <attribute name="Output T" value="4"/>
  <attribute name="Target GC Util Change" value ="20.000000" />
  <attribute name="Current GC Util Change" value="60.000000"/>
  <attribute name="GC Util currently" value="60" />
  <attribute name="CPU Util currently" value="4578278320882" />
<allocation-satisfied id="155" threadId="00000000022CC700" bytesRequested="23776" />
<af-end id="156" timestamp="2019-06-14T19:07:52.729" threadId="00000000022CD088" success="true" from="nursery"/>
<exclusive-end id="157" timestamp="2019-06-14T19:07:52.729" durationms="0.894" />

<exclusive-start id="158" timestamp="2019-06-14T19:07:52.729" intervalms="1.054">
  <response-info timems="0.021" idlems="0.021" threads="0" lastid="00000000022CC700" lastname="main" />
</exclusive-start>
<af-start id="159" threadId="00000000022CD088" totalBytesRequested="27168" timestamp="2019-06-14T19:07:52.729" intervalms="1.054" type="nursery" />
<cycle-start id="160" type="scavenge" contextid="0" timestamp="2019-06-14T19:07:52.729" intervalms="1.054" />
<gc-start id="161" type="scavenge" contextid="160" timestamp="2019-06-14T19:07:52.729">
  <mem-info id="162" free="4910976" total="8388608" percent="58">
    <mem type="nursery" free="0" total="2097152" percent="0">
      <mem type="allocate" free="0" total="1638400" percent="0" />
      <mem type="survivor" free="0" total="458752" percent="0" />
    </mem>
    <mem type="tenure" free="4910976" total="6291456" percent="78">
      <mem type="soa" free="4596608" total="5977088" percent="76" />
      <mem type="loa" free="314368" total="314368" percent="100" />
    </mem>
    <remembered-set count="58" />
  </mem-info>
</gc-start>
<allocation-stats totalBytes="1426880" >
  <allocated-bytes non-tlh="23776" tlh="1403104" />
  <largest-consumer threadName="main" threadId="00000000022CC700" bytes="1426880" />
</allocation-stats>
<gc-op id="163" type="scavenge" timems="0.132" contextid="160" timestamp="2019-06-14T19:07:52.730">
  <scavenger-info tenureage="3" tenuremask="ffc8" tiltratio="78" />
  <memory-copied type="nursery" objects="2" bytes="13608" bytesdiscarded="25560" />
  <memory-copied type="tenure" objects="2" bytes="1040" bytesdiscarded="0" />
</gc-op>
<gc-end id="164" type="scavenge" contextid="160" durationms="0.295" usertimems="0.000" systemtimems="0.000" timestamp="2019-06-14T19:07:52.730" activeThreads="4">
  <mem-info id="165" free="6575744" total="8388608" percent="78">
    <mem type="nursery" free="1664768" total="2097152" percent="79">
      <mem type="allocate" free="1664768" total="1703936" percent="97" />
      <mem type="survivor" free="0" total="393216" percent="0" />
    </mem>
    <mem type="tenure" free="4910976" total="6291456" percent="78">
      <mem type="soa" free="4596608" total="5977088" percent="76" />
      <mem type="loa" free="314368" total="314368" percent="100" />
    </mem>
    <remembered-set count="56" />
  </mem-info>
</gc-end>
<cycle-end id="166" type="scavenge" contextid="160" timestamp="2019-06-14T19:07:52.730" />
  <attribute name="elasticGC enabled" value="1" />
  <attribute name= "numThreadsSpecified" value="4" />
  <attribute name="heapSize specified" value="0" />
  <attribute name="Current GC Util" value="62" />
  <attribute name= "Current Time Running" value="719" />
  <attribute name ="GC Interval" value="200" />
  <attribute name="ProportionalT" value="21.000000" />
  <attribute name="ProportionalI" value="21.000000" />
  <attribute name="ProportionalH" value="21.000000" />
  <attribute name="Current Error" value="42.000000" />
  <attribute name="IntegralT" value="42.000000" />
  <attribute name="IntegralI" value="42.000000" />
  <attribute name="IntegralH" value="42.000000" />
  <attribute name="DerivativeT" value="1.000000" />
  <attribute name="DerivativeI" value="1.000000" />
  <attribute name="DerivativeH" value="1.000000" />
  <attribute name="Loop Time for DT" value="1.000000" />
  <attribute name="Output H" value="8388608"/>
  <attribute name="Output I" value="200"/>
  <attribute name="Output T" value="4"/>
  <attribute name="Target GC Util Change" value ="20.000000" />
  <attribute name="Current GC Util Change" value="62.000000"/>
  <attribute name="GC Util currently" value="62" />
  <attribute name="CPU Util currently" value="4378163531338" />
<allocation-satisfied id="167" threadId="00000000022CC700" bytesRequested="27168" />
<af-end id="168" timestamp="2019-06-14T19:07:52.730" threadId="00000000022CD088" success="true" from="nursery"/>
<exclusive-end id="169" timestamp="2019-06-14T19:07:52.730" durationms="0.672" />

<exclusive-start id="170" timestamp="2019-06-14T19:07:52.730" intervalms="0.836">
  <response-info timems="0.020" idlems="0.020" threads="0" lastid="00000000022CC700" lastname="main" />
</exclusive-start>
<af-start id="171" threadId="00000000022CD088" totalBytesRequested="30368" timestamp="2019-06-14T19:07:52.730" intervalms="0.837" type="nursery" />
<cycle-start id="172" type="scavenge" contextid="0" timestamp="2019-06-14T19:07:52.730" intervalms="0.837" />
<gc-start id="173" type="scavenge" contextid="172" timestamp="2019-06-14T19:07:52.730">
  <mem-info id="174" free="4910976" total="8388608" percent="58">
    <mem type="nursery" free="0" total="2097152" percent="0">
      <mem type="allocate" free="0" total="1703936" percent="0" />
      <mem type="survivor" free="0" total="393216" percent="0" />
    </mem>
    <mem type="tenure" free="4910976" total="6291456" percent="78">
      <mem type="soa" free="4596608" total="5977088" percent="76" />
      <mem type="loa" free="314368" total="314368" percent="100" />
    </mem>
    <remembered-set count="56" />
  </mem-info>
</gc-start>
<allocation-stats totalBytes="1497992" >
  <allocated-bytes non-tlh="27168" tlh="1470824" />
  <largest-consumer threadName="main" threadId="00000000022CC700" bytes="1497992" />
</allocation-stats>
<gc-op id="175" type="scavenge" timems="0.133" contextid="172" timestamp="2019-06-14T19:07:52.731">
  <scavenger-info tenureage="3" tenuremask="ffe8" tiltratio="81" />
  <memory-copied type="nursery" objects="2" bytes="15216" bytesdiscarded="23952" />
</gc-op>
<gc-end id="176" type="scavenge" contextid="172" durationms="0.291" usertimems="0.000" systemtimems="0.000" timestamp="2019-06-14T19:07:52.731" activeThreads="4">
  <mem-info id="177" free="6641280" total="8388608" percent="79">
    <mem type="nursery" free="1730304" total="2097152" percent="82">
      <mem type="allocate" free="1730304" total="1769472" percent="97" />
      <mem type="survivor" free="0" total="327680" percent="0" />
    </mem>
    <mem type="tenure" free="4910976" total="6291456" percent="78">
      <mem type="soa" free="4596608" total="5977088" percent="76" />
      <mem type="loa" free="314368" total="314368" percent="100" />
    </mem>
    <remembered-set count="56" />
  </mem-info>
</gc-end>
<cycle-end id="178" type="scavenge" contextid="172" timestamp="2019-06-14T19:07:52.731" />
  <attribute name="elasticGC enabled" value="1" />
  <attribute name= "numThreadsSpecified" value="4" />
  <attribute name="heapSize specified" value="0" />
  <attribute name="Current GC Util" value="38" />
  <attribute name= "Current Time Running" value="720" />
  <attribute name ="GC Interval" value="200" />
  <attribute name="ProportionalT" value="9.000000" />
  <attribute name="ProportionalI" value="9.000000" />
  <attribute name="ProportionalH" value="9.000000" />
  <attribute name="Current Error" value="18.000000" />
  <attribute name="IntegralT" value="18.000000" />
  <attribute name="IntegralI" value="18.000000" />
  <attribute name="IntegralH" value="18.000000" />
  <attribute name="DerivativeT" value="-12.000000" />
  <attribute name="DerivativeI" value="-12.000000" />
  <attribute name="DerivativeH" value="-12.000000" />
  <attribute name="Loop Time for DT" value="1.000000" />
  <attribute name="Output H" value="8388608"/>
  <attribute name="Output I" value="200"/>
  <attribute name="Output T" value="4"/>
  <attribute name="Target GC Util Change" value ="20.000000" />
  <attribute name="Current GC Util Change" value="38.000000"/>
  <attribute name="GC Util currently" value="38" />
  <attribute name="CPU Util currently" value="5522567207902" />
<allocation-satisfied id="179" threadId="00000000022CC700" bytesRequested="30368" />
<af-end id="180" timestamp="2019-06-14T19:07:52.731" threadId="00000000022CD088" success="true" from="nursery"/>
<exclusive-end id="181" timestamp="2019-06-14T19:07:52.731" durationms="0.668" />

<exclusive-start id="182" timestamp="2019-06-14T19:07:52.731" intervalms="0.832">
  <response-info timems="0.020" idlems="0.020" threads="0" lastid="00000000022CC700" lastname="main" />
</exclusive-start>
<af-start id="183" threadId="00000000022CD088" totalBytesRequested="33296" timestamp="2019-06-14T19:07:52.731" intervalms="0.831" type="nursery" />
<cycle-start id="184" type="scavenge" contextid="0" timestamp="2019-06-14T19:07:52.731" intervalms="0.832" />
<gc-start id="185" type="scavenge" contextid="184" timestamp="2019-06-14T19:07:52.731">
  <mem-info id="186" free="4910976" total="8388608" percent="58">
    <mem type="nursery" free="0" total="2097152" percent="0">
      <mem type="allocate" free="0" total="1769472" percent="0" />
      <mem type="survivor" free="0" total="327680" percent="0" />
    </mem>
    <mem type="tenure" free="4910976" total="6291456" percent="78">
      <mem type="soa" free="4596608" total="5977088" percent="76" />
      <mem type="loa" free="314368" total="314368" percent="100" />
    </mem>
    <remembered-set count="56" />
  </mem-info>
</gc-start>
<allocation-stats totalBytes="1525560" >
  <allocated-bytes non-tlh="30368" tlh="1495192" />
  <largest-consumer threadName="main" threadId="00000000022CC700" bytes="1525560" />
</allocation-stats>
<gc-op id="187" type="scavenge" timems="0.132" contextid="184" timestamp="2019-06-14T19:07:52.731">
  <scavenger-info tenureage="3" tenuremask="fff8" tiltratio="84" />
  <memory-copied type="nursery" objects="2" bytes="16680" bytesdiscarded="22488" />
</gc-op>
<gc-end id="188" type="scavenge" contextid="184" durationms="0.287" usertimems="0.000" systemtimems="0.000" timestamp="2019-06-14T19:07:52.731" activeThreads="4">
  <mem-info id="189" free="6706816" total="8388608" percent="79">
    <mem type="nursery" free="1795840" total="2097152" percent="85">
      <mem type="allocate" free="1795840" total="1835008" percent="97" />
      <mem type="survivor" free="0" total="262144" percent="0" />
    </mem>
    <mem type="tenure" free="4910976" total="6291456" percent="78">
      <mem type="soa" free="4596608" total="5977088" percent="76" />
      <mem type="loa" free="314368" total="314368" percent="100" />
    </mem>
    <remembered-set count="56" />
  </mem-info>
</gc-end>
<cycle-end id="190" type="scavenge" contextid="184" timestamp="2019-06-14T19:07:52.731" />
  <attribute name="elasticGC enabled" value="1" />
  <attribute name= "numThreadsSpecified" value="4" />
  <attribute name="heapSize specified" value="0" />
  <attribute name="Current GC Util" value="38" />
  <attribute name= "Current Time Running" value="721" />
  <attribute name ="GC Interval" value="200" />
  <attribute name="ProportionalT" value="9.000000" />
  <attribute name="ProportionalI" value="9.000000" />
  <attribute name="ProportionalH" value="9.000000" />
  <attribute name="Current Error" value="18.000000" />
  <attribute name="IntegralT" value="18.000000" />
  <attribute name="IntegralI" value="18.000000" />
  <attribute name="IntegralH" value="18.000000" />
  <attribute name="DerivativeT" value="0.000000" />
  <attribute name="DerivativeI" value="0.000000" />
  <attribute name="DerivativeH" value="0.000000" />
  <attribute name="Loop Time for DT" value="1.000000" />
  <attribute name="Output H" value="8388608"/>
  <attribute name="Output I" value="200"/>
  <attribute name="Output T" value="4"/>
  <attribute name="Target GC Util Change" value ="20.000000" />
  <attribute name="Current GC Util Change" value="38.000000"/>
  <attribute name="GC Util currently" value="38" />
  <attribute name="CPU Util currently" value="5552488577321" />
<allocation-satisfied id="191" threadId="00000000022CC700" bytesRequested="33296" />
<af-end id="192" timestamp="2019-06-14T19:07:52.732" threadId="00000000022CD088" success="true" from="nursery"/>
<exclusive-end id="193" timestamp="2019-06-14T19:07:52.732" durationms="0.664" />

<exclusive-start id="194" timestamp="2019-06-14T19:07:52.732" intervalms="0.839">
  <response-info timems="0.020" idlems="0.020" threads="0" lastid="00000000022CC700" lastname="main" />
</exclusive-start>
<af-start id="195" threadId="00000000022CD088" totalBytesRequested="17912" timestamp="2019-06-14T19:07:52.732" intervalms="0.839" type="nursery" />
<cycle-start id="196" type="scavenge" contextid="0" timestamp="2019-06-14T19:07:52.732" intervalms="0.839" />
<gc-start id="197" type="scavenge" contextid="196" timestamp="2019-06-14T19:07:52.732">
  <mem-info id="198" free="4910976" total="8388608" percent="58">
    <mem type="nursery" free="0" total="2097152" percent="0">
      <mem type="allocate" free="0" total="1835008" percent="0" />
      <mem type="survivor" free="0" total="262144" percent="0" />
    </mem>
    <mem type="tenure" free="4910976" total="6291456" percent="78">
      <mem type="soa" free="4596608" total="5977088" percent="76" />
      <mem type="loa" free="314368" total="314368" percent="100" />
    </mem>
    <remembered-set count="56" />
  </mem-info>
</gc-start>
<allocation-stats totalBytes="1502960" >
  <allocated-bytes non-tlh="33296" tlh="1469664" />
  <largest-consumer threadName="main" threadId="00000000022CC700" bytes="1502960" />
</allocation-stats>
<gc-op id="199" type="scavenge" timems="0.130" contextid="196" timestamp="2019-06-14T19:07:52.732">
  <scavenger-info tenureage="3" tenuremask="fff8" tiltratio="87" />
  <memory-copied type="nursery" objects="4" bytes="17992" bytesdiscarded="21176" />
</gc-op>
<gc-end id="200" type="scavenge" contextid="196" durationms="0.287" usertimems="0.000" systemtimems="4.000" timestamp="2019-06-14T19:07:52.732" activeThreads="4">
  <mem-info id="201" free="6706816" total="8388608" percent="79">
    <mem type="nursery" free="1795840" total="2097152" percent="85">
      <mem type="allocate" free="1795840" total="1835008" percent="97" />
      <mem type="survivor" free="0" total="262144" percent="0" />
    </mem>
    <mem type="tenure" free="4910976" total="6291456" percent="78">
      <mem type="soa" free="4596608" total="5977088" percent="76" />
      <mem type="loa" free="314368" total="314368" percent="100" />
    </mem>
    <remembered-set count="56" />
  </mem-info>
</gc-end>
<cycle-end id="202" type="scavenge" contextid="196" timestamp="2019-06-14T19:07:52.732" />
  <attribute name="elasticGC enabled" value="1" />
  <attribute name= "numThreadsSpecified" value="4" />
  <attribute name="heapSize specified" value="0" />
  <attribute name="Current GC Util" value="37" />
  <attribute name= "Current Time Running" value="722" />
  <attribute name ="GC Interval" value="200" />
  <attribute name="ProportionalT" value="8.500000" />
  <attribute name="ProportionalI" value="8.500000" />
  <attribute name="ProportionalH" value="8.500000" />
  <attribute name="Current Error" value="17.000000" />
  <attribute name="IntegralT" value="17.000000" />
  <attribute name="IntegralI" value="17.000000" />
  <attribute name="IntegralH" value="17.000000" />
  <attribute name="DerivativeT" value="-0.500000" />
  <attribute name="DerivativeI" value="-0.500000" />
  <attribute name="DerivativeH" value="-0.500000" />
  <attribute name="Loop Time for DT" value="1.000000" />
  <attribute name="Output H" value="8388608"/>
  <attribute name="Output I" value="200"/>
  <attribute name="Output T" value="4"/>
  <attribute name="Target GC Util Change" value ="20.000000" />
  <attribute name="Current GC Util Change" value="37.000000"/>
  <attribute name="GC Util currently" value="37" />
  <attribute name="CPU Util currently" value="5482896309789" />
<allocation-satisfied id="203" threadId="00000000022CC700" bytesRequested="17912" />
<af-end id="204" timestamp="2019-06-14T19:07:52.732" threadId="00000000022CD088" success="true" from="nursery"/>
<exclusive-end id="205" timestamp="2019-06-14T19:07:52.732" durationms="0.665" />

<exclusive-start id="206" timestamp="2019-06-14T19:07:52.733" intervalms="0.841">
  <response-info timems="0.024" idlems="0.024" threads="0" lastid="00000000022CC700" lastname="main" />
</exclusive-start>
<af-start id="207" threadId="00000000022CD088" totalBytesRequested="38064" timestamp="2019-06-14T19:07:52.733" intervalms="0.842" type="nursery" />
<cycle-start id="208" type="scavenge" contextid="0" timestamp="2019-06-14T19:07:52.733" intervalms="0.840" />
<gc-start id="209" type="scavenge" contextid="208" timestamp="2019-06-14T19:07:52.733">
  <mem-info id="210" free="4910976" total="8388608" percent="58">
    <mem type="nursery" free="0" total="2097152" percent="0">
      <mem type="allocate" free="0" total="1835008" percent="0" />
      <mem type="survivor" free="0" total="262144" percent="0" />
    </mem>
    <mem type="tenure" free="4910976" total="6291456" percent="78">
      <mem type="soa" free="4596608" total="5977088" percent="76" />
      <mem type="loa" free="314368" total="314368" percent="100" />
    </mem>
    <remembered-set count="56" />
  </mem-info>
</gc-start>
<allocation-stats totalBytes="1496176" >
  <allocated-bytes non-tlh="53736" tlh="1442440" />
  <largest-consumer threadName="main" threadId="00000000022CC700" bytes="1496176" />
</allocation-stats>
<gc-op id="211" type="scavenge" timems="0.131" contextid="208" timestamp="2019-06-14T19:07:52.733">
  <scavenger-info tenureage="3" tenuremask="fff8" tiltratio="87" />
  <memory-copied type="nursery" objects="2" bytes="19056" bytesdiscarded="20112" />
</gc-op>
<gc-end id="212" type="scavenge" contextid="208" durationms="0.287" usertimems="0.000" systemtimems="0.000" timestamp="2019-06-14T19:07:52.733" activeThreads="4">
  <mem-info id="213" free="6706816" total="8388608" percent="79">
    <mem type="nursery" free="1795840" total="2097152" percent="85">
      <mem type="allocate" free="1795840" total="1835008" percent="97" />
      <mem type="survivor" free="0" total="262144" percent="0" />
    </mem>
    <mem type="tenure" free="4910976" total="6291456" percent="78">
      <mem type="soa" free="4596608" total="5977088" percent="76" />
      <mem type="loa" free="314368" total="314368" percent="100" />
    </mem>
    <remembered-set count="56" />
  </mem-info>
</gc-end>
<cycle-end id="214" type="scavenge" contextid="208" timestamp="2019-06-14T19:07:52.733" />
  <attribute name="elasticGC enabled" value="1" />
  <attribute name= "numThreadsSpecified" value="4" />
  <attribute name="heapSize specified" value="0" />
  <attribute name="Current GC Util" value="37" />
  <attribute name= "Current Time Running" value="723" />
  <attribute name ="GC Interval" value="200" />
  <attribute name="ProportionalT" value="8.500000" />
  <attribute name="ProportionalI" value="8.500000" />
  <attribute name="ProportionalH" value="8.500000" />
  <attribute name="Current Error" value="17.000000" />
  <attribute name="IntegralT" value="17.000000" />
  <attribute name="IntegralI" value="17.000000" />
  <attribute name="IntegralH" value="17.000000" />
  <attribute name="DerivativeT" value="0.000000" />
  <attribute name="DerivativeI" value="0.000000" />
  <attribute name="DerivativeH" value="0.000000" />
  <attribute name="Loop Time for DT" value="1.000000" />
  <attribute name="Output H" value="8388608"/>
  <attribute name="Output I" value="200"/>
  <attribute name="Output T" value="4"/>
  <attribute name="Target GC Util Change" value ="20.000000" />
  <attribute name="Current GC Util Change" value="37.000000"/>
  <attribute name="GC Util currently" value="37" />
  <attribute name="CPU Util currently" value="5498336816018" />
<allocation-satisfied id="215" threadId="00000000022CC700" bytesRequested="38064" />
<af-end id="216" timestamp="2019-06-14T19:07:52.733" threadId="00000000022CD088" success="true" from="nursery"/>
<exclusive-end id="217" timestamp="2019-06-14T19:07:52.733" durationms="0.661" />

<exclusive-start id="218" timestamp="2019-06-14T19:07:52.733" intervalms="0.840">
  <response-info timems="0.024" idlems="0.024" threads="0" lastid="00000000022CC700" lastname="main" />
</exclusive-start>
<af-start id="219" threadId="00000000022CD088" totalBytesRequested="20264" timestamp="2019-06-14T19:07:52.734" intervalms="0.840" type="nursery" />
<cycle-start id="220" type="scavenge" contextid="0" timestamp="2019-06-14T19:07:52.734" intervalms="0.841" />
<gc-start id="221" type="scavenge" contextid="220" timestamp="2019-06-14T19:07:52.734">
  <mem-info id="222" free="4910976" total="8388608" percent="58">
    <mem type="nursery" free="0" total="2097152" percent="0">
      <mem type="allocate" free="0" total="1835008" percent="0" />
      <mem type="survivor" free="0" total="262144" percent="0" />
    </mem>
    <mem type="tenure" free="4910976" total="6291456" percent="78">
      <mem type="soa" free="4596608" total="5977088" percent="76" />
      <mem type="loa" free="314368" total="314368" percent="100" />
    </mem>
    <remembered-set count="56" />
  </mem-info>
</gc-start>
<allocation-stats totalBytes="1532976" >
  <allocated-bytes non-tlh="116208" tlh="1416768" />
  <largest-consumer threadName="main" threadId="00000000022CC700" bytes="1532976" />
</allocation-stats>
<gc-op id="223" type="scavenge" timems="0.134" contextid="220" timestamp="2019-06-14T19:07:52.734">
  <scavenger-info tenureage="3" tenuremask="fff8" tiltratio="87" />
  <memory-copied type="nursery" objects="2" bytes="40320" bytesdiscarded="39152" />
</gc-op>
<gc-end id="224" type="scavenge" contextid="220" durationms="0.294" usertimems="0.000" systemtimems="0.000" timestamp="2019-06-14T19:07:52.734" activeThreads="4">
  <mem-info id="225" free="6666512" total="8388608" percent="79">
    <mem type="nursery" free="1755536" total="2097152" percent="83">
      <mem type="allocate" free="1755536" total="1835008" percent="95" />
      <mem type="survivor" free="0" total="262144" percent="0" />
    </mem>
    <mem type="tenure" free="4910976" total="6291456" percent="78">
      <mem type="soa" free="4596608" total="5977088" percent="76" />
      <mem type="loa" free="314368" total="314368" percent="100" />
    </mem>
    <remembered-set count="56" />
  </mem-info>
</gc-end>
<cycle-end id="226" type="scavenge" contextid="220" timestamp="2019-06-14T19:07:52.734" />
  <attribute name="elasticGC enabled" value="1" />
  <attribute name= "numThreadsSpecified" value="4" />
  <attribute name="heapSize specified" value="0" />
  <attribute name="Current GC Util" value="36" />
  <attribute name= "Current Time Running" value="724" />
  <attribute name ="GC Interval" value="200" />
  <attribute name="ProportionalT" value="8.000000" />
  <attribute name="ProportionalI" value="8.000000" />
  <attribute name="ProportionalH" value="8.000000" />
  <attribute name="Current Error" value="16.000000" />
  <attribute name="IntegralT" value="16.000000" />
  <attribute name="IntegralI" value="16.000000" />
  <attribute name="IntegralH" value="16.000000" />
  <attribute name="DerivativeT" value="-0.500000" />
  <attribute name="DerivativeI" value="-0.500000" />
  <attribute name="DerivativeH" value="-0.500000" />
  <attribute name="Loop Time for DT" value="1.000000" />
  <attribute name="Output H" value="8388608"/>
  <attribute name="Output I" value="200"/>
  <attribute name="Output T" value="4"/>
  <attribute name="Target GC Util Change" value ="20.000000" />
  <attribute name="Current GC Util Change" value="36.000000"/>
  <attribute name="GC Util currently" value="36" />
  <attribute name="CPU Util currently" value="5444781081442" />
<allocation-satisfied id="227" threadId="00000000022CC700" bytesRequested="20264" />
<af-end id="228" timestamp="2019-06-14T19:07:52.734" threadId="00000000022CD088" success="true" from="nursery"/>
<exclusive-end id="229" timestamp="2019-06-14T19:07:52.734" durationms="0.672" />

<exclusive-start id="230" timestamp="2019-06-14T19:07:52.734" intervalms="0.847">
  <response-info timems="0.019" idlems="0.019" threads="0" lastid="00000000022CC700" lastname="main" />
</exclusive-start>
<af-start id="231" threadId="00000000022CD088" totalBytesRequested="42528" timestamp="2019-06-14T19:07:52.734" intervalms="0.846" type="nursery" />
<cycle-start id="232" type="scavenge" contextid="0" timestamp="2019-06-14T19:07:52.734" intervalms="0.847" />
<gc-start id="233" type="scavenge" contextid="232" timestamp="2019-06-14T19:07:52.734">
  <mem-info id="234" free="4910976" total="8388608" percent="58">
    <mem type="nursery" free="0" total="2097152" percent="0">
      <mem type="allocate" free="0" total="1835008" percent="0" />
      <mem type="survivor" free="0" total="262144" percent="0" />
    </mem>
    <mem type="tenure" free="4910976" total="6291456" percent="78">
      <mem type="soa" free="4596608" total="5977088" percent="76" />
      <mem type="loa" free="314368" total="314368" percent="100" />
    </mem>
    <remembered-set count="56" />
  </mem-info>
</gc-start>
<allocation-stats totalBytes="1535280" >
  <allocated-bytes non-tlh="60784" tlh="1474496" />
  <largest-consumer threadName="main" threadId="00000000022CC700" bytes="1535280" />
</allocation-stats>
<gc-op id="235" type="scavenge" timems="0.130" contextid="232" timestamp="2019-06-14T19:07:52.735">
  <scavenger-info tenureage="3" tenuremask="fff8" tiltratio="87" />
  <memory-copied type="nursery" objects="2" bytes="21288" bytesdiscarded="17880" />
</gc-op>
<gc-end id="236" type="scavenge" contextid="232" durationms="0.286" usertimems="0.000" systemtimems="0.000" timestamp="2019-06-14T19:07:52.735" activeThreads="4">
  <mem-info id="237" free="6706816" total="8388608" percent="79">
    <mem type="nursery" free="1795840" total="2097152" percent="85">
      <mem type="allocate" free="1795840" total="1835008" percent="97" />
      <mem type="survivor" free="0" total="262144" percent="0" />
    </mem>
    <mem type="tenure" free="4910976" total="6291456" percent="78">
      <mem type="soa" free="4596608" total="5977088" percent="76" />
      <mem type="loa" free="314368" total="314368" percent="100" />
    </mem>
    <remembered-set count="56" />
  </mem-info>
</gc-end>
<cycle-end id="238" type="scavenge" contextid="232" timestamp="2019-06-14T19:07:52.735" />
  <attribute name="elasticGC enabled" value="1" />
  <attribute name= "numThreadsSpecified" value="4" />
  <attribute name="heapSize specified" value="0" />
  <attribute name="Current GC Util" value="38" />
  <attribute name= "Current Time Running" value="725" />
  <attribute name ="GC Interval" value="200" />
  <attribute name="ProportionalT" value="9.000000" />
  <attribute name="ProportionalI" value="9.000000" />
  <attribute name="ProportionalH" value="9.000000" />
  <attribute name="Current Error" value="18.000000" />
  <attribute name="IntegralT" value="18.000000" />
  <attribute name="IntegralI" value="18.000000" />
  <attribute name="IntegralH" value="18.000000" />
  <attribute name="DerivativeT" value="1.000000" />
  <attribute name="DerivativeI" value="1.000000" />
  <attribute name="DerivativeH" value="1.000000" />
  <attribute name="Loop Time for DT" value="1.000000" />
  <attribute name="Output H" value="8388608"/>
  <attribute name="Output I" value="200"/>
  <attribute name="Output T" value="4"/>
  <attribute name="Target GC Util Change" value ="20.000000" />
  <attribute name="Current GC Util Change" value="38.000000"/>
  <attribute name="GC Util currently" value="38" />
  <attribute name="CPU Util currently" value="5490965268024" />
<allocation-satisfied id="239" threadId="00000000022CC700" bytesRequested="42528" />
<af-end id="240" timestamp="2019-06-14T19:07:52.735" threadId="00000000022CD088" success="true" from="nursery"/>
<exclusive-end id="241" timestamp="2019-06-14T19:07:52.735" durationms="0.658" />

<exclusive-start id="242" timestamp="2019-06-14T19:07:52.735" intervalms="0.836">
  <response-info timems="0.023" idlems="0.023" threads="0" lastid="00000000022CC700" lastname="main" />
</exclusive-start>
<af-start id="243" threadId="00000000022CD088" totalBytesRequested="44288" timestamp="2019-06-14T19:07:52.735" intervalms="0.834" type="nursery" />
<cycle-start id="244" type="scavenge" contextid="0" timestamp="2019-06-14T19:07:52.735" intervalms="0.833" />
<gc-start id="245" type="scavenge" contextid="244" timestamp="2019-06-14T19:07:52.735">
  <mem-info id="246" free="4910976" total="8388608" percent="58">
    <mem type="nursery" free="0" total="2097152" percent="0">
      <mem type="allocate" free="0" total="1835008" percent="0" />
      <mem type="survivor" free="0" total="262144" percent="0" />
    </mem>
    <mem type="tenure" free="4910976" total="6291456" percent="78">
      <mem type="soa" free="4596608" total="5977088" percent="76" />
      <mem type="loa" free="314368" total="314368" percent="100" />
    </mem>
    <remembered-set count="56" />
  </mem-info>
</gc-start>
<allocation-stats totalBytes="1477248" >
  <allocated-bytes non-tlh="171872" tlh="1305376" />
  <largest-consumer threadName="main" threadId="00000000022CC700" bytes="1477248" />
</allocation-stats>
<gc-op id="247" type="scavenge" timems="0.129" contextid="244" timestamp="2019-06-14T19:07:52.736">
  <scavenger-info tenureage="3" tenuremask="fff8" tiltratio="87" />
  <memory-copied type="nursery" objects="2" bytes="22168" bytesdiscarded="17000" />
</gc-op>
<gc-end id="248" type="scavenge" contextid="244" durationms="0.288" usertimems="0.000" systemtimems="0.000" timestamp="2019-06-14T19:07:52.736" activeThreads="4">
  <mem-info id="249" free="6706816" total="8388608" percent="79">
    <mem type="nursery" free="1795840" total="2097152" percent="85">
      <mem type="allocate" free="1795840" total="1835008" percent="97" />
      <mem type="survivor" free="0" total="262144" percent="0" />
    </mem>
    <mem type="tenure" free="4910976" total="6291456" percent="78">
      <mem type="soa" free="4596608" total="5977088" percent="76" />
      <mem type="loa" free="314368" total="314368" percent="100" />
    </mem>
    <remembered-set count="56" />
  </mem-info>
</gc-end>
<cycle-end id="250" type="scavenge" contextid="244" timestamp="2019-06-14T19:07:52.736" />
  <attribute name="elasticGC enabled" value="1" />
  <attribute name= "numThreadsSpecified" value="4" />
  <attribute name="heapSize specified" value="0" />
  <attribute name="Current GC Util" value="37" />
  <attribute name= "Current Time Running" value="725" />
  <attribute name ="GC Interval" value="200" />
  <attribute name="ProportionalT" value="8.500000" />
  <attribute name="ProportionalI" value="8.500000" />
  <attribute name="ProportionalH" value="8.500000" />
  <attribute name="Current Error" value="17.000000" />
  <attribute name="IntegralT" value="0.000000" />
  <attribute name="IntegralI" value="0.000000" />
  <attribute name="IntegralH" value="0.000000" />
  <attribute name="DerivativeT" value="-inf" />
  <attribute name="DerivativeI" value="-inf" />
  <attribute name="DerivativeH" value="-inf" />
  <attribute name="Loop Time for DT" value="0.000000" />
  <attribute name="Output H" value="2092630016"/>
  <attribute name="Output I" value="200"/>
  <attribute name="Output T" value="4"/>
  <attribute name="Target GC Util Change" value ="20.000000" />
  <attribute name="Current GC Util Change" value="37.000000"/>
  <attribute name="GC Util currently" value="37" />
  <attribute name="CPU Util currently" value="5499831866513" />
<allocation-satisfied id="251" threadId="00000000022CC700" bytesRequested="44288" />
<af-end id="252" timestamp="2019-06-14T19:07:52.736" threadId="00000000022CD088" success="true" from="nursery"/>
<exclusive-end id="253" timestamp="2019-06-14T19:07:52.736" durationms="0.659" />

<exclusive-start id="254" timestamp="2019-06-14T19:07:52.736" intervalms="0.828">
  <response-info timems="0.023" idlems="0.023" threads="0" lastid="00000000022CC700" lastname="main" />
</exclusive-start>
<af-start id="255" threadId="00000000022CD088" totalBytesRequested="46136" timestamp="2019-06-14T19:07:52.736" intervalms="0.831" type="nursery" />
<cycle-start id="256" type="scavenge" contextid="0" timestamp="2019-06-14T19:07:52.736" intervalms="0.834" />
<gc-start id="257" type="scavenge" contextid="256" timestamp="2019-06-14T19:07:52.736">
  <mem-info id="258" free="4910976" total="8388608" percent="58">
    <mem type="nursery" free="0" total="2097152" percent="0">
      <mem type="allocate" free="0" total="1835008" percent="0" />
      <mem type="survivor" free="0" total="262144" percent="0" />
    </mem>
    <mem type="tenure" free="4910976" total="6291456" percent="78">
      <mem type="soa" free="4596608" total="5977088" percent="76" />
      <mem type="loa" free="314368" total="314368" percent="100" />
    </mem>
    <remembered-set count="56" />
  </mem-info>
</gc-start>
<allocation-stats totalBytes="1450024" >
  <allocated-bytes non-tlh="133328" tlh="1316696" />
  <largest-consumer threadName="main" threadId="00000000022CC700" bytes="1450024" />
</allocation-stats>
<gc-op id="259" type="scavenge" timems="0.124" contextid="256" timestamp="2019-06-14T19:07:52.736">
  <scavenger-info tenureage="3" tenuremask="fff8" tiltratio="87" />
  <memory-copied type="nursery" objects="2" bytes="23096" bytesdiscarded="16072" />
</gc-op>
<gc-end id="260" type="scavenge" contextid="256" durationms="0.285" usertimems="0.000" systemtimems="0.000" timestamp="2019-06-14T19:07:52.736" activeThreads="4">
  <mem-info id="261" free="6706816" total="8388608" percent="79">
    <mem type="nursery" free="1795840" total="2097152" percent="85">
      <mem type="allocate" free="1795840" total="1835008" percent="97" />
      <mem type="survivor" free="0" total="262144" percent="0" />
    </mem>
    <mem type="tenure" free="4910976" total="6291456" percent="78">
      <mem type="soa" free="4596608" total="5977088" percent="76" />
      <mem type="loa" free="314368" total="314368" percent="100" />
    </mem>
    <remembered-set count="56" />
  </mem-info>
</gc-end>
<cycle-end id="262" type="scavenge" contextid="256" timestamp="2019-06-14T19:07:52.736" />
  <attribute name="elasticGC enabled" value="1" />
  <attribute name= "numThreadsSpecified" value="4" />
  <attribute name="heapSize specified" value="0" />
  <attribute name="Current GC Util" value="37" />
  <attribute name= "Current Time Running" value="726" />
  <attribute name ="GC Interval" value="200" />
  <attribute name="ProportionalT" value="8.500000" />
  <attribute name="ProportionalI" value="8.500000" />
  <attribute name="ProportionalH" value="8.500000" />
  <attribute name="Current Error" value="17.000000" />
  <attribute name="IntegralT" value="17.000000" />
  <attribute name="IntegralI" value="17.000000" />
  <attribute name="IntegralH" value="17.000000" />
  <attribute name="DerivativeT" value="0.000000" />
  <attribute name="DerivativeI" value="0.000000" />
  <attribute name="DerivativeH" value="0.000000" />
  <attribute name="Loop Time for DT" value="1.000000" />
  <attribute name="Output H" value="8388608"/>
  <attribute name="Output I" value="200"/>
  <attribute name="Output T" value="4"/>
  <attribute name="Target GC Util Change" value ="20.000000" />
  <attribute name="Current GC Util Change" value="37.000000"/>
  <attribute name="GC Util currently" value="37" />
  <attribute name="CPU Util currently" value="5524386481473" />
<allocation-satisfied id="263" threadId="00000000022CC700" bytesRequested="46136" />
<af-end id="264" timestamp="2019-06-14T19:07:52.737" threadId="00000000022CD088" success="true" from="nursery"/>
<exclusive-end id="265" timestamp="2019-06-14T19:07:52.737" durationms="0.666" />

<exclusive-start id="266" timestamp="2019-06-14T19:07:52.737" intervalms="0.851">
  <response-info timems="0.026" idlems="0.026" threads="0" lastid="00000000022CC700" lastname="main" />
</exclusive-start>
<af-start id="267" threadId="00000000022CD088" totalBytesRequested="24072" timestamp="2019-06-14T19:07:52.737" intervalms="0.851" type="nursery" />
<cycle-start id="268" type="scavenge" contextid="0" timestamp="2019-06-14T19:07:52.737" intervalms="0.848" />
<gc-start id="269" type="scavenge" contextid="268" timestamp="2019-06-14T19:07:52.737">
  <mem-info id="270" free="4910976" total="8388608" percent="58">
    <mem type="nursery" free="0" total="2097152" percent="0">
      <mem type="allocate" free="0" total="1835008" percent="0" />
      <mem type="survivor" free="0" total="262144" percent="0" />
    </mem>
    <mem type="tenure" free="4910976" total="6291456" percent="78">
      <mem type="soa" free="4596608" total="5977088" percent="76" />
      <mem type="loa" free="314368" total="314368" percent="100" />
    </mem>
    <remembered-set count="56" />
  </mem-info>
</gc-start>
<allocation-stats totalBytes="1579400" >
  <allocated-bytes non-tlh="185352" tlh="1394048" />
  <largest-consumer threadName="main" threadId="00000000022CC700" bytes="1579400" />
</allocation-stats>
<gc-op id="271" type="scavenge" timems="0.123" contextid="268" timestamp="2019-06-14T19:07:52.737">
  <scavenger-info tenureage="3" tenuremask="fff8" tiltratio="87" />
  <memory-copied type="nursery" objects="4" bytes="24152" bytesdiscarded="15016" />
</gc-op>
<gc-end id="272" type="scavenge" contextid="268" durationms="0.281" usertimems="0.000" systemtimems="0.000" timestamp="2019-06-14T19:07:52.737" activeThreads="4">
  <mem-info id="273" free="6706816" total="8388608" percent="79">
    <mem type="nursery" free="1795840" total="2097152" percent="85">
      <mem type="allocate" free="1795840" total="1835008" percent="97" />
      <mem type="survivor" free="0" total="262144" percent="0" />
    </mem>
    <mem type="tenure" free="4910976" total="6291456" percent="78">
      <mem type="soa" free="4596608" total="5977088" percent="76" />
      <mem type="loa" free="314368" total="314368" percent="100" />
    </mem>
    <remembered-set count="56" />
  </mem-info>
</gc-end>
<cycle-end id="274" type="scavenge" contextid="268" timestamp="2019-06-14T19:07:52.737" />
  <attribute name="elasticGC enabled" value="1" />
  <attribute name= "numThreadsSpecified" value="4" />
  <attribute name="heapSize specified" value="0" />
  <attribute name="Current GC Util" value="37" />
  <attribute name= "Current Time Running" value="727" />
  <attribute name ="GC Interval" value="200" />
  <attribute name="ProportionalT" value="8.500000" />
  <attribute name="ProportionalI" value="8.500000" />
  <attribute name="ProportionalH" value="8.500000" />
  <attribute name="Current Error" value="17.000000" />
  <attribute name="IntegralT" value="17.000000" />
  <attribute name="IntegralI" value="17.000000" />
  <attribute name="IntegralH" value="17.000000" />
  <attribute name="DerivativeT" value="0.000000" />
  <attribute name="DerivativeI" value="0.000000" />
  <attribute name="DerivativeH" value="0.000000" />
  <attribute name="Loop Time for DT" value="1.000000" />
  <attribute name="Output H" value="8388608"/>
  <attribute name="Output I" value="200"/>
  <attribute name="Output T" value="4"/>
  <attribute name="Target GC Util Change" value ="20.000000" />
  <attribute name="Current GC Util Change" value="37.000000"/>
  <attribute name="GC Util currently" value="37" />
  <attribute name="CPU Util currently" value="5471259125063" />
<allocation-satisfied id="275" threadId="00000000022CC700" bytesRequested="24072" />
<af-end id="276" timestamp="2019-06-14T19:07:52.737" threadId="00000000022CD088" success="true" from="nursery"/>
<exclusive-end id="277" timestamp="2019-06-14T19:07:52.737" durationms="0.659" />

<exclusive-start id="278" timestamp="2019-06-14T19:07:52.738" intervalms="0.842">
  <response-info timems="0.025" idlems="0.025" threads="0" lastid="00000000022CC700" lastname="main" />
</exclusive-start>
<af-start id="279" threadId="00000000022CD088" totalBytesRequested="25080" timestamp="2019-06-14T19:07:52.738" intervalms="0.846" type="nursery" />
<cycle-start id="280" type="scavenge" contextid="0" timestamp="2019-06-14T19:07:52.738" intervalms="0.854" />
<gc-start id="281" type="scavenge" contextid="280" timestamp="2019-06-14T19:07:52.738">
  <mem-info id="282" free="4910976" total="8388608" percent="58">
    <mem type="nursery" free="0" total="2097152" percent="0">
      <mem type="allocate" free="0" total="1835008" percent="0" />
      <mem type="survivor" free="0" total="262144" percent="0" />
    </mem>
    <mem type="tenure" free="4910976" total="6291456" percent="78">
      <mem type="soa" free="4596608" total="5977088" percent="76" />
      <mem type="loa" free="314368" total="314368" percent="100" />
    </mem>
    <remembered-set count="56" />
  </mem-info>
</gc-start>
<allocation-stats totalBytes="1571168" >
  <allocated-bytes non-tlh="217376" tlh="1353792" />
  <largest-consumer threadName="main" threadId="00000000022CC700" bytes="1571168" />
</allocation-stats>
<gc-op id="283" type="scavenge" timems="0.144" contextid="280" timestamp="2019-06-14T19:07:52.738">
  <scavenger-info tenureage="3" tenuremask="fff8" tiltratio="87" />
  <memory-copied type="nursery" objects="4" bytes="25160" bytesdiscarded="14008" />
</gc-op>
<gc-end id="284" type="scavenge" contextid="280" durationms="0.327" usertimems="0.000" systemtimems="0.000" timestamp="2019-06-14T19:07:52.738" activeThreads="4">
  <mem-info id="285" free="6706816" total="8388608" percent="79">
    <mem type="nursery" free="1795840" total="2097152" percent="85">
      <mem type="allocate" free="1795840" total="1835008" percent="97" />
      <mem type="survivor" free="0" total="262144" percent="0" />
    </mem>
    <mem type="tenure" free="4910976" total="6291456" percent="78">
      <mem type="soa" free="4596608" total="5977088" percent="76" />
      <mem type="loa" free="314368" total="314368" percent="100" />
    </mem>
    <remembered-set count="56" />
  </mem-info>
</gc-end>
<cycle-end id="286" type="scavenge" contextid="280" timestamp="2019-06-14T19:07:52.738" />
  <attribute name="elasticGC enabled" value="1" />
  <attribute name= "numThreadsSpecified" value="4" />
  <attribute name="heapSize specified" value="0" />
  <attribute name="Current GC Util" value="35" />
  <attribute name= "Current Time Running" value="728" />
  <attribute name ="GC Interval" value="200" />
  <attribute name="ProportionalT" value="7.500000" />
  <attribute name="ProportionalI" value="7.500000" />
  <attribute name="ProportionalH" value="7.500000" />
  <attribute name="Current Error" value="15.000000" />
  <attribute name="IntegralT" value="15.000000" />
  <attribute name="IntegralI" value="15.000000" />
  <attribute name="IntegralH" value="15.000000" />
  <attribute name="DerivativeT" value="-1.000000" />
  <attribute name="DerivativeI" value="-1.000000" />
  <attribute name="DerivativeH" value="-1.000000" />
  <attribute name="Loop Time for DT" value="1.000000" />
  <attribute name="Output H" value="8388608"/>
  <attribute name="Output I" value="200"/>
  <attribute name="Output T" value="4"/>
  <attribute name="Target GC Util Change" value ="20.000000" />
  <attribute name="Current GC Util Change" value="35.000000"/>
  <attribute name="GC Util currently" value="35" />
  <attribute name="CPU Util currently" value="5275007683933" />
<allocation-satisfied id="287" threadId="00000000022CC700" bytesRequested="25080" />
<af-end id="288" timestamp="2019-06-14T19:07:52.738" threadId="00000000022CD088" success="true" from="nursery"/>
<exclusive-end id="289" timestamp="2019-06-14T19:07:52.738" durationms="0.748" />

<exclusive-start id="290" timestamp="2019-06-14T19:07:52.739" intervalms="0.976">
  <response-info timems="0.040" idlems="0.040" threads="0" lastid="00000000022CC700" lastname="main" />
</exclusive-start>
<af-start id="291" threadId="00000000022CD088" totalBytesRequested="26064" timestamp="2019-06-14T19:07:52.739" intervalms="0.975" type="nursery" />
<cycle-start id="292" type="scavenge" contextid="0" timestamp="2019-06-14T19:07:52.739" intervalms="0.974" />
<gc-start id="293" type="scavenge" contextid="292" timestamp="2019-06-14T19:07:52.739">
  <mem-info id="294" free="4910976" total="8388608" percent="58">
    <mem type="nursery" free="0" total="2097152" percent="0">
      <mem type="allocate" free="0" total="1835008" percent="0" />
      <mem type="survivor" free="0" total="262144" percent="0" />
    </mem>
    <mem type="tenure" free="4910976" total="6291456" percent="78">
      <mem type="soa" free="4596608" total="5977088" percent="76" />
      <mem type="loa" free="314368" total="314368" percent="100" />
    </mem>
    <remembered-set count="56" />
  </mem-info>
</gc-start>
<allocation-stats totalBytes="1609936" >
  <allocated-bytes non-tlh="226504" tlh="1383432" />
  <largest-consumer threadName="main" threadId="00000000022CC700" bytes="1609936" />
</allocation-stats>
<gc-op id="295" type="scavenge" timems="0.146" contextid="292" timestamp="2019-06-14T19:07:52.739">
  <scavenger-info tenureage="14" tenuremask="4000" tiltratio="87" />
  <memory-copied type="nursery" objects="2" bytes="51912" bytesdiscarded="39152" />
</gc-op>
<gc-end id="296" type="scavenge" contextid="292" durationms="0.326" usertimems="0.000" systemtimems="0.000" timestamp="2019-06-14T19:07:52.739" activeThreads="4">
  <mem-info id="297" free="6654920" total="8388608" percent="79">
    <mem type="nursery" free="1743944" total="2097152" percent="83">
      <mem type="allocate" free="1743944" total="1835008" percent="95" />
      <mem type="survivor" free="0" total="262144" percent="0" />
    </mem>
    <mem type="tenure" free="4910976" total="6291456" percent="78">
      <mem type="soa" free="4596608" total="5977088" percent="76" />
      <mem type="loa" free="314368" total="314368" percent="100" />
    </mem>
    <remembered-set count="56" />
  </mem-info>
</gc-end>
<cycle-end id="298" type="scavenge" contextid="292" timestamp="2019-06-14T19:07:52.739" />
  <attribute name="elasticGC enabled" value="1" />
  <attribute name= "numThreadsSpecified" value="4" />
  <attribute name="heapSize specified" value="0" />
  <attribute name="Current GC Util" value="34" />
  <attribute name= "Current Time Running" value="729" />
  <attribute name ="GC Interval" value="200" />
  <attribute name="ProportionalT" value="7.000000" />
  <attribute name="ProportionalI" value="7.000000" />
  <attribute name="ProportionalH" value="7.000000" />
  <attribute name="Current Error" value="14.000000" />
  <attribute name="IntegralT" value="14.000000" />
  <attribute name="IntegralI" value="14.000000" />
  <attribute name="IntegralH" value="14.000000" />
  <attribute name="DerivativeT" value="-0.500000" />
  <attribute name="DerivativeI" value="-0.500000" />
  <attribute name="DerivativeH" value="-0.500000" />
  <attribute name="Loop Time for DT" value="1.000000" />
  <attribute name="Output H" value="8388608"/>
  <attribute name="Output I" value="200"/>
  <attribute name="Output T" value="4"/>
  <attribute name="Target GC Util Change" value ="20.000000" />
  <attribute name="Current GC Util Change" value="34.000000"/>
  <attribute name="GC Util currently" value="34" />
  <attribute name="CPU Util currently" value="4741718154640" />
<allocation-satisfied id="299" threadId="00000000022CC700" bytesRequested="26064" />
<af-end id="300" timestamp="2019-06-14T19:07:52.739" threadId="00000000022CD088" success="true" from="nursery"/>
<exclusive-end id="301" timestamp="2019-06-14T19:07:52.739" durationms="0.742" />

<exclusive-start id="302" timestamp="2019-06-14T19:07:52.740" intervalms="1.103">
  <response-info timems="0.041" idlems="0.041" threads="0" lastid="00000000022CC700" lastname="main" />
</exclusive-start>
<sys-start reason="explicit" id="303" timestamp="2019-06-14T19:07:52.740" intervalms="843.820" />
<cycle-start id="304" type="global" contextid="0" timestamp="2019-06-14T19:07:52.740" intervalms="844.022" />
<gc-start id="305" type="global" contextid="304" timestamp="2019-06-14T19:07:52.740">
  <mem-info id="306" free="5469408" total="8388608" percent="65">
    <mem type="nursery" free="558432" total="2097152" percent="26">
      <mem type="allocate" free="558432" total="1835008" percent="30" />
      <mem type="survivor" free="0" total="262144" percent="0" />
    </mem>
    <mem type="tenure" free="4910976" total="6291456" percent="78">
      <mem type="soa" free="4596608" total="5977088" percent="76" />
      <mem type="loa" free="314368" total="314368" percent="100" />
    </mem>
    <remembered-set count="56" />
  </mem-info>
</gc-start>
<allocation-stats totalBytes="1091456" >
  <allocated-bytes non-tlh="235240" tlh="856216" />
  <largest-consumer threadName="main" threadId="00000000022CC700" bytes="1091456" />
</allocation-stats>
<gc-op id="307" type="mark" timems="1.607" contextid="304" timestamp="2019-06-14T19:07:52.742">
  <trace-info objectcount="18972" scancount="15687" scanbytes="514644" />
  <finalization candidates="45" enqueued="0" />
  <ownableSynchronizers candidates="1" cleared="0" />
  <references type="soft" candidates="66" cleared="0" enqueued="0" dynamicThreshold="32" maxThreshold="32" />
  <references type="weak" candidates="396" cleared="28" enqueued="14" />
  <references type="phantom" candidates="51" cleared="0" enqueued="0" />
  <stringconstants candidates="2485" cleared="0"  />
</gc-op>
<gc-op id="308" type="classunload" timems="0.129" contextid="304" timestamp="2019-06-14T19:07:52.742">
  <classunload-info classloadercandidates="6" classloadersunloaded="0" classesunloaded="0" anonymousclassesunloaded="0" quiescems="0.000" setupms="0.128" scanms="0.001" postms="0.000" />
</gc-op>
<gc-op id="309" type="sweep" timems="0.649" contextid="304" timestamp="2019-06-14T19:07:52.743" />
<mem-info id="310" free="6913080" total="8388608" percent="82">
  <mem type="nursery" free="1803512" total="2097152" percent="85">
    <mem type="allocate" free="1803512" total="1835008" percent="98" />
    <mem type="survivor" free="0" total="262144" percent="0" />
  </mem>
  <mem type="tenure" free="5109568" total="6291456" percent="81" micro-fragmented="1034" macro-fragmented="0">
    <mem type="soa" free="4795200" total="5977088" percent="80" />
    <mem type="loa" free="314368" total="314368" percent="100" />
  </mem>
  <pending-finalizers system="0" default="0" reference="14" classloader="0" />
  <remembered-set count="54" />
</mem-info>
<gc-op id="311" type="compact" timems="4.371" contextid="304" timestamp="2019-06-14T19:07:52.748">
  <compact-info movecount="14550" movebytes="1022120" reason="compact to aid heap contraction" />
</gc-op>
<heap-resize id="312" type="expand" space="tenure" amount="2084241408" count="1" timems="0.019" reason="satisfy allocation request" timestamp="2019-06-14T19:07:52.748" />
<gc-end id="313" type="global" contextid="304" durationms="8.284" usertimems="4.000" systemtimems="4.000" timestamp="2019-06-14T19:07:52.748" activeThreads="4">
  <mem-info id="314" free="2091162032" total="2092630016" percent="99">
    <mem type="nursery" free="1806600" total="2097152" percent="86">
      <mem type="allocate" free="1806600" total="1835008" percent="98" />
      <mem type="survivor" free="0" total="262144" percent="0" />
    </mem>
    <mem type="tenure" free="2089355432" total="2090532864" percent="99">
      <mem type="soa" free="1984829608" total="1986007040" percent="99" />
      <mem type="loa" free="104525824" total="104525824" percent="100" />
    </mem>
    <pending-finalizers system="0" default="0" reference="14" classloader="0" />
    <remembered-set count="54" />
  </mem-info>
</gc-end>
<cycle-end id="315" type="global" contextid="304" timestamp="2019-06-14T19:07:52.749" />
  <attribute name="elasticGC enabled" value="1" />
  <attribute name= "numThreadsSpecified" value="4" />
  <attribute name="heapSize specified" value="8388608" />
  <attribute name="Current GC Util" value="0" />
  <attribute name= "Current Time Running" value="738" />
  <attribute name ="GC Interval" value="200" />
  <attribute name="ProportionalT" value="-10.000000" />
  <attribute name="ProportionalI" value="-10.000000" />
  <attribute name="ProportionalH" value="-10.000000" />
  <attribute name="Current Error" value="-20.000000" />
  <attribute name="IntegralT" value="-100.000000" />
  <attribute name="IntegralI" value="-100.000000" />
  <attribute name="IntegralH" value="-100.000000" />
  <attribute name="DerivativeT" value="-2.000000" />
  <attribute name="DerivativeI" value="-2.000000" />
  <attribute name="DerivativeH" value="-2.000000" />
  <attribute name="Loop Time for DT" value="5.000000" />
  <attribute name="Output H" value="2092630016"/>
  <attribute name="Output I" value="200"/>
  <attribute name="Output T" value="4"/>
  <attribute name="Target GC Util Change" value ="20.000000" />
  <attribute name="Current GC Util Change" value="0.000000"/>
  <attribute name="GC Util currently" value="0" />
  <attribute name="CPU Util currently" value="1020023418324" />
<sys-end id="316" timestamp="2019-06-14T19:07:52.749" />
<exclusive-end id="317" timestamp="2019-06-14T19:07:52.749" durationms="8.946" />

<exclusive-start id="318" timestamp="2019-06-14T19:07:52.964" intervalms="224.018">
  <response-info timems="0.063" idlems="0.063" threads="0" lastid="00000000022CC700" lastname="main" />
</exclusive-start>
<af-start id="319" threadId="00000000022CD088" totalBytesRequested="4968" timestamp="2019-06-14T19:07:52.964" intervalms="225.203" type="nursery" />
<cycle-start id="320" type="scavenge" contextid="0" timestamp="2019-06-14T19:07:52.964" intervalms="225.275" />
<gc-start id="321" type="scavenge" contextid="320" timestamp="2019-06-14T19:07:52.964">
  <mem-info id="322" free="2089325384" total="2092630016" percent="99">
    <mem type="nursery" free="0" total="2097152" percent="0">
      <mem type="allocate" free="0" total="1835008" percent="0" />
      <mem type="survivor" free="0" total="262144" percent="0" />
    </mem>
    <mem type="tenure" free="2089325384" total="2090532864" percent="99">
      <mem type="soa" free="1984799560" total="1986007040" percent="99" />
      <mem type="loa" free="104525824" total="104525824" percent="100" />
    </mem>
    <remembered-set count="477" />
  </mem-info>
</gc-start>
<allocation-stats totalBytes="1826760" >
  <allocated-bytes non-tlh="30048" tlh="1796712" />
  <largest-consumer threadName="main" threadId="00000000022CC700" bytes="1822664" />
</allocation-stats>
<gc-op id="323" type="scavenge" timems="0.344" contextid="320" timestamp="2019-06-14T19:07:52.965">
  <scavenger-info tenureage="14" tenuremask="4000" tiltratio="87" />
  <memory-copied type="nursery" objects="2143" bytes="135264" bytesdiscarded="85848" />
  <ownableSynchronizers candidates="2" cleared="2" />
  <references type="soft" candidates="2" cleared="0" enqueued="0" dynamicThreshold="31" maxThreshold="32" />
  <references type="weak" candidates="50" cleared="45" enqueued="45" />
  <references type="phantom" candidates="8" cleared="2" enqueued="2" />
</gc-op>
<gc-end id="324" type="scavenge" contextid="320" durationms="0.606" usertimems="0.000" systemtimems="0.000" timestamp="2019-06-14T19:07:52.965" activeThreads="4">
  <mem-info id="325" free="2090939200" total="2092630016" percent="99">
    <mem type="nursery" free="1613816" total="2097152" percent="76">
      <mem type="allocate" free="1613816" total="1835008" percent="87" />
      <mem type="survivor" free="0" total="262144" percent="0" />
    </mem>
    <mem type="tenure" free="2089325384" total="2090532864" percent="99">
      <mem type="soa" free="1984799560" total="1986007040" percent="99" />
      <mem type="loa" free="104525824" total="104525824" percent="100" />
    </mem>
    <pending-finalizers system="0" default="0" reference="47" classloader="0" />
    <remembered-set count="474" />
  </mem-info>
</gc-end>
<cycle-end id="326" type="scavenge" contextid="320" timestamp="2019-06-14T19:07:52.965" />
  <attribute name="elasticGC enabled" value="1" />
  <attribute name= "numThreadsSpecified" value="4" />
  <attribute name="heapSize specified" value="8388608" />
  <attribute name="Current GC Util" value="2" />
  <attribute name= "Current Time Running" value="954" />
  <attribute name ="GC Interval" value="200" />
  <attribute name="ProportionalT" value="-9.000000" />
  <attribute name="ProportionalI" value="-9.000000" />
  <attribute name="ProportionalH" value="-9.000000" />
  <attribute name="Current Error" value="-18.000000" />
  <attribute name="IntegralT" value="-3888.000000" />
  <attribute name="IntegralI" value="-3888.000000" />
  <attribute name="IntegralH" value="-3888.000000" />
  <attribute name="DerivativeT" value="-0.041667" />
  <attribute name="DerivativeI" value="-0.041667" />
  <attribute name="DerivativeH" value="-0.041667" />
  <attribute name="Loop Time for DT" value="216.000000" />
  <attribute name="Output H" value="2092630016"/>
  <attribute name="Output I" value="200"/>
  <attribute name="Output T" value="4"/>
  <attribute name="Target GC Util Change" value ="20.000000" />
  <attribute name="Current GC Util Change" value="2.000000"/>
  <attribute name="GC Util currently" value="2" />
  <attribute name="CPU Util currently" value="9" />
<allocation-satisfied id="327" threadId="00000000022CC700" bytesRequested="4968" />
<af-end id="328" timestamp="2019-06-14T19:07:52.965" threadId="00000000022CD088" success="true" from="nursery"/>
<exclusive-end id="329" timestamp="2019-06-14T19:07:52.965" durationms="1.265" />

<exclusive-start id="330" timestamp="2019-06-14T19:07:53.014" intervalms="50.586">
  <response-info timems="0.038" idlems="0.038" threads="0" lastid="00000000022CC700" lastname="main" />
</exclusive-start>
<af-start id="331" threadId="00000000022CD088" totalBytesRequested="112" timestamp="2019-06-14T19:07:53.014" intervalms="50.535" type="nursery" />
<cycle-start id="332" type="scavenge" contextid="0" timestamp="2019-06-14T19:07:53.015" intervalms="50.481" />
<gc-start id="333" type="scavenge" contextid="332" timestamp="2019-06-14T19:07:53.015">
  <mem-info id="334" free="2089297768" total="2092630016" percent="99">
    <mem type="nursery" free="0" total="2097152" percent="0">
      <mem type="allocate" free="0" total="1835008" percent="0" />
      <mem type="survivor" free="0" total="262144" percent="0" />
    </mem>
    <mem type="tenure" free="2089297768" total="2090532864" percent="99">
      <mem type="soa" free="1984771944" total="1986007040" percent="99" />
      <mem type="loa" free="104525824" total="104525824" percent="100" />
    </mem>
    <remembered-set count="743" />
  </mem-info>
</gc-start>
<allocation-stats totalBytes="1640456" >
  <allocated-bytes non-tlh="58968" tlh="1581488" />
  <largest-consumer threadName="main" threadId="00000000022CC700" bytes="1636360" />
</allocation-stats>
<gc-op id="335" type="scavenge" timems="0.367" contextid="332" timestamp="2019-06-14T19:07:53.015">
  <scavenger-info tenureage="3" tenuremask="fff8" tiltratio="87" />
  <memory-copied type="nursery" objects="2312" bytes="127576" bytesdiscarded="29016" />
  <references type="soft" candidates="2" cleared="0" enqueued="0" dynamicThreshold="31" maxThreshold="32" />
  <references type="weak" candidates="15" cleared="11" enqueued="11" />
  <references type="phantom" candidates="5" cleared="0" enqueued="0" />
</gc-op>
<gc-end id="336" type="scavenge" contextid="332" durationms="0.596" usertimems="0.000" systemtimems="0.000" timestamp="2019-06-14T19:07:53.015" activeThreads="4">
  <mem-info id="337" free="2090976104" total="2092630016" percent="99">
    <mem type="nursery" free="1678336" total="2097152" percent="80">
      <mem type="allocate" free="1678336" total="1835008" percent="91" />
      <mem type="survivor" free="0" total="262144" percent="0" />
    </mem>
    <mem type="tenure" free="2089297768" total="2090532864" percent="99">
      <mem type="soa" free="1984771944" total="1986007040" percent="99" />
      <mem type="loa" free="104525824" total="104525824" percent="100" />
    </mem>
    <pending-finalizers system="0" default="0" reference="11" classloader="0" />
    <remembered-set count="738" />
  </mem-info>
</gc-end>
<cycle-end id="338" type="scavenge" contextid="332" timestamp="2019-06-14T19:07:53.015" />
  <attribute name="elasticGC enabled" value="1" />
  <attribute name= "numThreadsSpecified" value="4" />
  <attribute name="heapSize specified" value="8388608" />
  <attribute name="Current GC Util" value="1" />
  <attribute name= "Current Time Running" value="1005" />
  <attribute name ="GC Interval" value="200" />
  <attribute name="ProportionalT" value="-9.500000" />
  <attribute name="ProportionalI" value="-9.500000" />
  <attribute name="ProportionalH" value="-9.500000" />
  <attribute name="Current Error" value="-19.000000" />
  <attribute name="IntegralT" value="-969.000000" />
  <attribute name="IntegralI" value="-969.000000" />
  <attribute name="IntegralH" value="-969.000000" />
  <attribute name="DerivativeT" value="-0.186275" />
  <attribute name="DerivativeI" value="-0.186275" />
  <attribute name="DerivativeH" value="-0.186275" />
  <attribute name="Loop Time for DT" value="51.000000" />
  <attribute name="Output H" value="2092630016"/>
  <attribute name="Output I" value="200"/>
  <attribute name="Output T" value="4"/>
  <attribute name="Target GC Util Change" value ="20.000000" />
  <attribute name="Current GC Util Change" value="1.000000"/>
  <attribute name="GC Util currently" value="1" />
  <attribute name="CPU Util currently" value="6" />
<allocation-satisfied id="339" threadId="00000000022CC700" bytesRequested="112" />
<af-end id="340" timestamp="2019-06-14T19:07:53.015" threadId="00000000022CD088" success="true" from="nursery"/>
<exclusive-end id="341" timestamp="2019-06-14T19:07:53.015" durationms="1.118" />

<exclusive-start id="342" timestamp="2019-06-14T19:07:53.083" intervalms="68.755">
  <response-info timems="0.028" idlems="0.028" threads="0" lastid="00000000022CC700" lastname="main" />
</exclusive-start>
<af-start id="343" threadId="00000000022CD088" totalBytesRequested="2856" timestamp="2019-06-14T19:07:53.083" intervalms="68.747" type="nursery" />
<cycle-start id="344" type="scavenge" contextid="0" timestamp="2019-06-14T19:07:53.083" intervalms="68.733" />
<gc-start id="345" type="scavenge" contextid="344" timestamp="2019-06-14T19:07:53.083">
  <mem-info id="346" free="2089259112" total="2092630016" percent="99">
    <mem type="nursery" free="0" total="2097152" percent="0">
      <mem type="allocate" free="0" total="1835008" percent="0" />
      <mem type="survivor" free="0" total="262144" percent="0" />
    </mem>
    <mem type="tenure" free="2089259112" total="2090532864" percent="99">
      <mem type="soa" free="1984733288" total="1986007040" percent="99" />
      <mem type="loa" free="104525824" total="104525824" percent="100" />
    </mem>
    <remembered-set count="1195" />
  </mem-info>
</gc-start>
<allocation-stats totalBytes="1703192" >
  <allocated-bytes non-tlh="104312" tlh="1598880" />
  <largest-consumer threadName="main" threadId="00000000022CC700" bytes="1703192" />
</allocation-stats>
<gc-op id="347" type="scavenge" timems="0.484" contextid="344" timestamp="2019-06-14T19:07:53.084">
  <scavenger-info tenureage="12" tenuremask="f000" tiltratio="87" />
  <memory-copied type="nursery" objects="3021" bytes="261904" bytesdiscarded="88" />
  <memory-copied type="tenure" objects="1941" bytes="97024" bytesdiscarded="0" />
  <copy-failed type="nursery" objects="1941" bytes="97024" />
  <references type="soft" candidates="2" cleared="0" enqueued="0" dynamicThreshold="31" maxThreshold="32" />
  <references type="weak" candidates="10" cleared="6" enqueued="6" />
  <references type="phantom" candidates="4" cleared="0" enqueued="0" />
</gc-op>
<gc-end id="348" type="scavenge" contextid="344" durationms="0.690" usertimems="4.000" systemtimems="0.000" timestamp="2019-06-14T19:07:53.084" activeThreads="4">
  <mem-info id="349" free="2090149488" total="2092630016" percent="99">
    <mem type="nursery" free="1179648" total="2097152" percent="56">
      <mem type="allocate" free="1179648" total="1441792" percent="81" />
      <mem type="survivor" free="0" total="655360" percent="0" />
    </mem>
    <mem type="tenure" free="2088969840" total="2090532864" percent="99">
      <mem type="soa" free="1984444016" total="1986007040" percent="99" />
      <mem type="loa" free="104525824" total="104525824" percent="100" />
    </mem>
    <pending-finalizers system="0" default="0" reference="6" classloader="0" />
    <remembered-set count="907" />
  </mem-info>
</gc-end>
<cycle-end id="350" type="scavenge" contextid="344" timestamp="2019-06-14T19:07:53.084" />
  <attribute name="elasticGC enabled" value="1" />
  <attribute name= "numThreadsSpecified" value="4" />
  <attribute name="heapSize specified" value="8388608" />
  <attribute name="Current GC Util" value="1" />
  <attribute name= "Current Time Running" value="1073" />
  <attribute name ="GC Interval" value="200" />
  <attribute name="ProportionalT" value="-9.500000" />
  <attribute name="ProportionalI" value="-9.500000" />
  <attribute name="ProportionalH" value="-9.500000" />
  <attribute name="Current Error" value="-19.000000" />
  <attribute name="IntegralT" value="-1292.000000" />
  <attribute name="IntegralI" value="-1292.000000" />
  <attribute name="IntegralH" value="-1292.000000" />
  <attribute name="DerivativeT" value="-0.139706" />
  <attribute name="DerivativeI" value="-0.139706" />
  <attribute name="DerivativeH" value="-0.139706" />
  <attribute name="Loop Time for DT" value="68.000000" />
  <attribute name="Output H" value="2092630016"/>
  <attribute name="Output I" value="200"/>
  <attribute name="Output T" value="4"/>
  <attribute name="Target GC Util Change" value ="20.000000" />
  <attribute name="Current GC Util Change" value="1.000000"/>
  <attribute name="GC Util currently" value="1" />
  <attribute name="CPU Util currently" value="8" />
<allocation-satisfied id="351" threadId="00000000022CC700" bytesRequested="2856" />
<af-end id="352" timestamp="2019-06-14T19:07:53.084" threadId="00000000022CD088" success="true" from="nursery"/>
<exclusive-end id="353" timestamp="2019-06-14T19:07:53.084" durationms="1.144" />

<exclusive-start id="354" timestamp="2019-06-14T19:07:53.123" intervalms="39.592">
  <response-info timems="0.037" idlems="0.037" threads="0" lastid="00000000022CC700" lastname="main" />
</exclusive-start>
<af-start id="355" threadId="00000000022CD088" totalBytesRequested="168" timestamp="2019-06-14T19:07:53.123" intervalms="39.603" type="nursery" />
<cycle-start id="356" type="scavenge" contextid="0" timestamp="2019-06-14T19:07:53.123" intervalms="39.618" />
<gc-start id="357" type="scavenge" contextid="356" timestamp="2019-06-14T19:07:53.123">
  <mem-info id="358" free="2088940368" total="2092630016" percent="99">
    <mem type="nursery" free="0" total="2097152" percent="0">
      <mem type="allocate" free="0" total="1441792" percent="0" />
      <mem type="survivor" free="0" total="655360" percent="0" />
    </mem>
    <mem type="tenure" free="2088940368" total="2090532864" percent="99">
      <mem type="soa" free="1984414544" total="1986007040" percent="99" />
      <mem type="loa" free="104525824" total="104525824" percent="100" />
    </mem>
    <remembered-set count="1288" />
  </mem-info>
</gc-start>
<allocation-stats totalBytes="1206264" >
  <allocated-bytes non-tlh="32328" tlh="1173936" />
  <largest-consumer threadName="main" threadId="00000000022CC700" bytes="1206264" />
</allocation-stats>
<gc-op id="359" type="scavenge" timems="0.613" contextid="356" timestamp="2019-06-14T19:07:53.124">
  <scavenger-info tenureage="3" tenuremask="fff8" tiltratio="68" />
  <memory-copied type="nursery" objects="3735" bytes="330552" bytesdiscarded="67840" />
  <memory-copied type="tenure" objects="1760" bytes="79768" bytesdiscarded="0" />
  <finalization candidates="5" enqueued="0" />
  <references type="soft" candidates="1" cleared="0" enqueued="0" dynamicThreshold="31" maxThreshold="32" />
  <references type="weak" candidates="105" cleared="35" enqueued="24" />
  <references type="phantom" candidates="2" cleared="1" enqueued="1" />
</gc-op>
<gc-end id="360" type="scavenge" contextid="356" durationms="0.863" usertimems="0.000" systemtimems="0.000" timestamp="2019-06-14T19:07:53.124" activeThreads="4">
  <mem-info id="361" free="2089970880" total="2092630016" percent="99">
    <mem type="nursery" free="1108848" total="2097152" percent="52">
      <mem type="allocate" free="1108848" total="1507328" percent="73" />
      <mem type="survivor" free="0" total="589824" percent="0" />
    </mem>
    <mem type="tenure" free="2088862032" total="2090532864" percent="99">
      <mem type="soa" free="1984336208" total="1986007040" percent="99" />
      <mem type="loa" free="104525824" total="104525824" percent="100" />
    </mem>
    <pending-finalizers system="0" default="0" reference="25" classloader="0" />
    <remembered-set count="983" />
  </mem-info>
</gc-end>
<cycle-end id="362" type="scavenge" contextid="356" timestamp="2019-06-14T19:07:53.124" />
  <attribute name="elasticGC enabled" value="1" />
  <attribute name= "numThreadsSpecified" value="4" />
  <attribute name="heapSize specified" value="8388608" />
  <attribute name="Current GC Util" value="2" />
  <attribute name= "Current Time Running" value="1113" />
  <attribute name ="GC Interval" value="200" />
  <attribute name="ProportionalT" value="-9.000000" />
  <attribute name="ProportionalI" value="-9.000000" />
  <attribute name="ProportionalH" value="-9.000000" />
  <attribute name="Current Error" value="-18.000000" />
  <attribute name="IntegralT" value="-720.000000" />
  <attribute name="IntegralI" value="-720.000000" />
  <attribute name="IntegralH" value="-720.000000" />
  <attribute name="DerivativeT" value="-0.225000" />
  <attribute name="DerivativeI" value="-0.225000" />
  <attribute name="DerivativeH" value="-0.225000" />
  <attribute name="Loop Time for DT" value="40.000000" />
  <attribute name="Output H" value="2092630016"/>
  <attribute name="Output I" value="200"/>
  <attribute name="Output T" value="4"/>
  <attribute name="Target GC Util Change" value ="20.000000" />
  <attribute name="Current GC Util Change" value="2.000000"/>
  <attribute name="GC Util currently" value="2" />
  <attribute name="CPU Util currently" value="7" />
<allocation-satisfied id="363" threadId="00000000022CC700" bytesRequested="168" />
<af-end id="364" timestamp="2019-06-14T19:07:53.124" threadId="00000000022CD088" success="true" from="nursery"/>
<exclusive-end id="365" timestamp="2019-06-14T19:07:53.124" durationms="1.382" />

<exclusive-start id="366" timestamp="2019-06-14T19:07:53.508" intervalms="385.390">
  <response-info timems="0.021" idlems="0.021" threads="0" lastid="00000000022CC700" lastname="main" />
</exclusive-start>
<af-start id="367" threadId="00000000022CD088" totalBytesRequested="1688" timestamp="2019-06-14T19:07:53.508" intervalms="385.448" type="nursery" />
<cycle-start id="368" type="scavenge" contextid="0" timestamp="2019-06-14T19:07:53.508" intervalms="385.517" />
<gc-start id="369" type="scavenge" contextid="368" timestamp="2019-06-14T19:07:53.509">
  <mem-info id="370" free="2088861176" total="2092630016" percent="99">
    <mem type="nursery" free="0" total="2097152" percent="0">
      <mem type="allocate" free="0" total="1507328" percent="0" />
      <mem type="survivor" free="0" total="589824" percent="0" />
    </mem>
    <mem type="tenure" free="2088861176" total="2090532864" percent="99">
      <mem type="soa" free="1984335352" total="1986007040" percent="99" />
      <mem type="loa" free="104525824" total="104525824" percent="100" />
    </mem>
    <remembered-set count="1005" />
  </mem-info>
</gc-start>
<allocation-stats totalBytes="1106792" >
  <allocated-bytes non-tlh="1024" tlh="1105768" />
  <largest-consumer threadName="main" threadId="00000000022CC700" bytes="1094960" />
</allocation-stats>
<gc-op id="371" type="scavenge" timems="0.751" contextid="368" timestamp="2019-06-14T19:07:53.510">
  <scavenger-info tenureage="3" tenuremask="ffe8" tiltratio="71" />
  <memory-copied type="nursery" objects="8075" bytes="589104" bytesdiscarded="696" />
  <memory-copied type="tenure" objects="655" bytes="65696" bytesdiscarded="0" />
  <copy-failed type="nursery" objects="519" bytes="60440" />
  <finalization candidates="5" enqueued="0" />
  <references type="soft" candidates="1" cleared="0" enqueued="0" dynamicThreshold="31" maxThreshold="32" />
  <references type="weak" candidates="47" cleared="0" enqueued="0" />
  <references type="phantom" candidates="1" cleared="0" enqueued="0" />
</gc-op>
<gc-end id="372" type="scavenge" contextid="368" durationms="1.138" usertimems="0.000" systemtimems="0.000" timestamp="2019-06-14T19:07:53.510" activeThreads="4">
  <mem-info id="373" free="2089219320" total="2092630016" percent="99">
    <mem type="nursery" free="458752" total="2097152" percent="21">
      <mem type="allocate" free="458752" total="1048576" percent="43" />
      <mem type="survivor" free="0" total="1048576" percent="0" />
    </mem>
    <mem type="tenure" free="2088760568" total="2090532864" percent="99">
      <mem type="soa" free="1984234744" total="1986007040" percent="99" />
      <mem type="loa" free="104525824" total="104525824" percent="100" />
    </mem>
    <remembered-set count="641" />
  </mem-info>
</gc-end>
<cycle-end id="374" type="scavenge" contextid="368" timestamp="2019-06-14T19:07:53.510" />
  <attribute name="elasticGC enabled" value="1" />
  <attribute name= "numThreadsSpecified" value="4" />
  <attribute name="heapSize specified" value="8388608" />
  <attribute name="Current GC Util" value="0" />
  <attribute name= "Current Time Running" value="1499" />
  <attribute name ="GC Interval" value="200" />
  <attribute name="ProportionalT" value="-10.000000" />
  <attribute name="ProportionalI" value="-10.000000" />
  <attribute name="ProportionalH" value="-10.000000" />
  <attribute name="Current Error" value="-20.000000" />
  <attribute name="IntegralT" value="-7720.000000" />
  <attribute name="IntegralI" value="-7720.000000" />
  <attribute name="IntegralH" value="-7720.000000" />
  <attribute name="DerivativeT" value="-0.025907" />
  <attribute name="DerivativeI" value="-0.025907" />
  <attribute name="DerivativeH" value="-0.025907" />
  <attribute name="Loop Time for DT" value="386.000000" />
  <attribute name="Output H" value="2092630016"/>
  <attribute name="Output I" value="200"/>
  <attribute name="Output T" value="4"/>
  <attribute name="Target GC Util Change" value ="20.000000" />
  <attribute name="Current GC Util Change" value="0.000000"/>
  <attribute name="GC Util currently" value="0" />
  <attribute name="CPU Util currently" value="8" />
<allocation-satisfied id="375" threadId="00000000022CC700" bytesRequested="1688" />
<af-end id="376" timestamp="2019-06-14T19:07:53.510" threadId="00000000022CD088" success="true" from="nursery"/>
<exclusive-end id="377" timestamp="2019-06-14T19:07:53.510" durationms="1.898" />

<exclusive-start id="378" timestamp="2019-06-14T19:07:53.521" intervalms="13.204">
  <response-info timems="0.055" idlems="0.055" threads="0" lastid="00000000025E0800" lastname="PmdThread 2" />
</exclusive-start>
<af-start id="379" threadId="00000000025E1188" totalBytesRequested="8208" timestamp="2019-06-14T19:07:53.521" intervalms="13.136" type="nursery" />
<cycle-start id="380" type="scavenge" contextid="0" timestamp="2019-06-14T19:07:53.521" intervalms="13.028" />
<gc-start id="381" type="scavenge" contextid="380" timestamp="2019-06-14T19:07:53.521">
  <mem-info id="382" free="2088757696" total="2092630016" percent="99">
    <mem type="nursery" free="0" total="2097152" percent="0">
      <mem type="allocate" free="0" total="1048576" percent="0" />
      <mem type="survivor" free="0" total="1048576" percent="0" />
    </mem>
    <mem type="tenure" free="2088757696" total="2090532864" percent="99">
      <mem type="soa" free="1984231872" total="1986007040" percent="99" />
      <mem type="loa" free="104525824" total="104525824" percent="100" />
    </mem>
    <remembered-set count="704" />
  </mem-info>
</gc-start>
<allocation-stats totalBytes="456976" >
  <allocated-bytes non-tlh="4560" tlh="452416" />
  <largest-consumer threadName="main" threadId="00000000022CC700" bytes="364736" />
</allocation-stats>
<gc-op id="383" type="scavenge" timems="0.621" contextid="380" timestamp="2019-06-14T19:07:53.522">
  <scavenger-info tenureage="3" tenuremask="ffe8" tiltratio="50" />
  <memory-copied type="nursery" objects="5477" bytes="358832" bytesdiscarded="174872" />
  <memory-copied type="tenure" objects="991" bytes="130512" bytesdiscarded="8" />
  <finalization candidates="6" enqueued="0" />
  <ownableSynchronizers candidates="7" cleared="0" />
  <references type="soft" candidates="1" cleared="0" enqueued="0" dynamicThreshold="31" maxThreshold="32" />
  <references type="weak" candidates="387" cleared="188" enqueued="126" />
  <references type="phantom" candidates="3" cleared="0" enqueued="0" />
</gc-op>
<gc-end id="384" type="scavenge" contextid="380" durationms="0.839" usertimems="0.000" systemtimems="0.000" timestamp="2019-06-14T19:07:53.522" activeThreads="4">
  <mem-info id="385" free="2089124472" total="2092630016" percent="99">
    <mem type="nursery" free="580304" total="2097152" percent="27">
      <mem type="allocate" free="580304" total="1114112" percent="52" />
      <mem type="survivor" free="0" total="983040" percent="0" />
    </mem>
    <mem type="tenure" free="2088544168" total="2090532864" percent="99">
      <mem type="soa" free="1984018344" total="1986007040" percent="99" />
      <mem type="loa" free="104525824" total="104525824" percent="100" />
    </mem>
    <pending-finalizers system="0" default="0" reference="126" classloader="0" />
    <remembered-set count="400" />
  </mem-info>
</gc-end>
<cycle-end id="386" type="scavenge" contextid="380" timestamp="2019-06-14T19:07:53.522" />
  <attribute name="elasticGC enabled" value="1" />
  <attribute name= "numThreadsSpecified" value="4" />
  <attribute name="heapSize specified" value="8388608" />
  <attribute name="Current GC Util" value="12" />
  <attribute name= "Current Time Running" value="1512" />
  <attribute name ="GC Interval" value="200" />
  <attribute name="ProportionalT" value="-4.000000" />
  <attribute name="ProportionalI" value="-4.000000" />
  <attribute name="ProportionalH" value="-4.000000" />
  <attribute name="Current Error" value="-8.000000" />
  <attribute name="IntegralT" value="-104.000000" />
  <attribute name="IntegralI" value="-104.000000" />
  <attribute name="IntegralH" value="-104.000000" />
  <attribute name="DerivativeT" value="-0.307692" />
  <attribute name="DerivativeI" value="-0.307692" />
  <attribute name="DerivativeH" value="-0.307692" />
  <attribute name="Loop Time for DT" value="13.000000" />
  <attribute name="Output H" value="2092630016"/>
  <attribute name="Output I" value="200"/>
  <attribute name="Output T" value="4"/>
  <attribute name="Target GC Util Change" value ="20.000000" />
  <attribute name="Current GC Util Change" value="12.000000"/>
  <attribute name="GC Util currently" value="12" />
  <attribute name="CPU Util currently" value="360396511440" />
<allocation-satisfied id="387" threadId="00000000025E0800" bytesRequested="8208" />
<af-end id="388" timestamp="2019-06-14T19:07:53.523" threadId="00000000025E1188" success="true" from="nursery"/>
<exclusive-end id="389" timestamp="2019-06-14T19:07:53.523" durationms="1.360" />

<exclusive-start id="390" timestamp="2019-06-14T19:07:53.539" intervalms="17.993">
  <response-info timems="0.214" idlems="0.184" threads="2" lastid="00000000025E0800" lastname="PmdThread 2" />
</exclusive-start>
<af-start id="391" threadId="00000000025DEC88" totalBytesRequested="8208" timestamp="2019-06-14T19:07:53.539" intervalms="17.982" type="nursery" />
<cycle-start id="392" type="scavenge" contextid="0" timestamp="2019-06-14T19:07:53.539" intervalms="18.011" />
<gc-start id="393" type="scavenge" contextid="392" timestamp="2019-06-14T19:07:53.540">
  <mem-info id="394" free="2088544168" total="2092630016" percent="99">
    <mem type="nursery" free="0" total="2097152" percent="0">
      <mem type="allocate" free="0" total="1114112" percent="0" />
      <mem type="survivor" free="0" total="983040" percent="0" />
    </mem>
    <mem type="tenure" free="2088544168" total="2090532864" percent="99">
      <mem type="soa" free="1984018344" total="1986007040" percent="99" />
      <mem type="loa" free="104525824" total="104525824" percent="100" />
    </mem>
    <remembered-set count="404" />
  </mem-info>
</gc-start>
<allocation-stats totalBytes="567240" >
  <allocated-bytes non-tlh="24624" tlh="542616" />
  <largest-consumer threadName="PmdThread 2" threadId="00000000025E0800" bytes="297984" />
</allocation-stats>
<gc-op id="395" type="scavenge" timems="0.753" contextid="392" timestamp="2019-06-14T19:07:53.540">
  <scavenger-info tenureage="3" tenuremask="ffe8" tiltratio="53" />
  <memory-copied type="nursery" objects="9105" bytes="600032" bytesdiscarded="161600" />
  <memory-copied type="tenure" objects="2040" bytes="135760" bytesdiscarded="72" />
  <finalization candidates="6" enqueued="0" />
  <ownableSynchronizers candidates="7" cleared="0" />
  <references type="weak" candidates="153" cleared="0" enqueued="0" />
  <references type="phantom" candidates="3" cleared="0" enqueued="0" />
</gc-op>
<gc-end id="396" type="scavenge" contextid="392" durationms="0.975" usertimems="0.000" systemtimems="0.000" timestamp="2019-06-14T19:07:53.540" activeThreads="4">
  <mem-info id="397" free="2088726072" total="2092630016" percent="99">
    <mem type="nursery" free="352400" total="2097152" percent="16">
      <mem type="allocate" free="352400" total="1114112" percent="31" />
      <mem type="survivor" free="0" total="983040" percent="0" />
    </mem>
    <mem type="tenure" free="2088373672" total="2090532864" percent="99">
      <mem type="soa" free="1983847848" total="1986007040" percent="99" />
      <mem type="loa" free="104525824" total="104525824" percent="100" />
    </mem>
    <remembered-set count="139" />
  </mem-info>
</gc-end>
<cycle-end id="398" type="scavenge" contextid="392" timestamp="2019-06-14T19:07:53.541" />
  <attribute name="elasticGC enabled" value="1" />
  <attribute name= "numThreadsSpecified" value="4" />
  <attribute name="heapSize specified" value="8388608" />
  <attribute name="Current GC Util" value="6" />
  <attribute name= "Current Time Running" value="1530" />
  <attribute name ="GC Interval" value="200" />
  <attribute name="ProportionalT" value="-7.000000" />
  <attribute name="ProportionalI" value="-7.000000" />
  <attribute name="ProportionalH" value="-7.000000" />
  <attribute name="Current Error" value="-14.000000" />
  <attribute name="IntegralT" value="-252.000000" />
  <attribute name="IntegralI" value="-252.000000" />
  <attribute name="IntegralH" value="-252.000000" />
  <attribute name="DerivativeT" value="-0.388889" />
  <attribute name="DerivativeI" value="-0.388889" />
  <attribute name="DerivativeH" value="-0.388889" />
  <attribute name="Loop Time for DT" value="18.000000" />
  <attribute name="Output H" value="2092630016"/>
  <attribute name="Output I" value="200"/>
  <attribute name="Output T" value="4"/>
  <attribute name="Target GC Util Change" value ="20.000000" />
  <attribute name="Current GC Util Change" value="6.000000"/>
  <attribute name="GC Util currently" value="6" />
  <attribute name="CPU Util currently" value="24" />
<allocation-satisfied id="399" threadId="00000000025DE300" bytesRequested="8208" />
<af-end id="400" timestamp="2019-06-14T19:07:53.541" threadId="00000000025DEC88" success="true" from="nursery"/>
<exclusive-end id="401" timestamp="2019-06-14T19:07:53.541" durationms="1.425" />

<exclusive-start id="402" timestamp="2019-06-14T19:07:53.549" intervalms="9.443">
  <response-info timems="0.041" idlems="0.022" threads="1" lastid="00000000025DE300" lastname="PmdThread 4" />
</exclusive-start>
<af-start id="403" threadId="00000000025E1188" totalBytesRequested="32" timestamp="2019-06-14T19:07:53.549" intervalms="9.442" type="nursery" />
<cycle-start id="404" type="scavenge" contextid="0" timestamp="2019-06-14T19:07:53.549" intervalms="9.438" />
<gc-start id="405" type="scavenge" contextid="404" timestamp="2019-06-14T19:07:53.549">
  <mem-info id="406" free="2088373672" total="2092630016" percent="99">
    <mem type="nursery" free="0" total="2097152" percent="0">
      <mem type="allocate" free="0" total="1114112" percent="0" />
      <mem type="survivor" free="0" total="983040" percent="0" />
    </mem>
    <mem type="tenure" free="2088373672" total="2090532864" percent="99">
      <mem type="soa" free="1983847848" total="1986007040" percent="99" />
      <mem type="loa" free="104525824" total="104525824" percent="100" />
    </mem>
    <remembered-set count="139" />
  </mem-info>
</gc-start>
<allocation-stats totalBytes="351848" >
  <allocated-bytes non-tlh="24624" tlh="327224" />
  <largest-consumer threadName="PmdThread 3" threadId="00000000025DD700" bytes="135128" />
</allocation-stats>
<gc-op id="407" type="scavenge" timems="0.688" contextid="404" timestamp="2019-06-14T19:07:53.550">
  <scavenger-info tenureage="5" tenuremask="ffe0" tiltratio="53" />
  <memory-copied type="nursery" objects="12193" bytes="830224" bytesdiscarded="110296" />
  <finalization candidates="1" enqueued="0" />
  <ownableSynchronizers candidates="7" cleared="0" />
  <references type="weak" candidates="153" cleared="0" enqueued="0" />
  <references type="phantom" candidates="3" cleared="0" enqueued="0" />
</gc-op>
<gc-end id="408" type="scavenge" contextid="404" durationms="0.877" usertimems="0.000" systemtimems="0.000" timestamp="2019-06-14T19:07:53.550" activeThreads="4">
  <mem-info id="409" free="2088481648" total="2092630016" percent="99">
    <mem type="nursery" free="107976" total="2097152" percent="5">
      <mem type="allocate" free="107976" total="1048576" percent="10" />
      <mem type="survivor" free="0" total="1048576" percent="0" />
    </mem>
    <mem type="tenure" free="2088373672" total="2090532864" percent="99">
      <mem type="soa" free="1983847848" total="1986007040" percent="99" />
      <mem type="loa" free="104525824" total="104525824" percent="100" />
    </mem>
    <remembered-set count="120" />
  </mem-info>
</gc-end>
<cycle-end id="410" type="scavenge" contextid="404" timestamp="2019-06-14T19:07:53.550" />
  <attribute name="elasticGC enabled" value="1" />
  <attribute name= "numThreadsSpecified" value="4" />
  <attribute name="heapSize specified" value="8388608" />
  <attribute name="Current GC Util" value="15" />
  <attribute name= "Current Time Running" value="1539" />
  <attribute name ="GC Interval" value="200" />
  <attribute name="ProportionalT" value="-2.500000" />
  <attribute name="ProportionalI" value="-2.500000" />
  <attribute name="ProportionalH" value="-2.500000" />
  <attribute name="Current Error" value="-5.000000" />
  <attribute name="IntegralT" value="-45.000000" />
  <attribute name="IntegralI" value="-45.000000" />
  <attribute name="IntegralH" value="-45.000000" />
  <attribute name="DerivativeT" value="-0.277778" />
  <attribute name="DerivativeI" value="-0.277778" />
  <attribute name="DerivativeH" value="-0.277778" />
  <attribute name="Loop Time for DT" value="9.000000" />
  <attribute name="Output H" value="2092630016"/>
  <attribute name="Output I" value="200"/>
  <attribute name="Output T" value="4"/>
  <attribute name="Target GC Util Change" value ="20.000000" />
  <attribute name="Current GC Util Change" value="15.000000"/>
  <attribute name="GC Util currently" value="15" />
  <attribute name="CPU Util currently" value="490761208178" />
<allocation-satisfied id="411" threadId="00000000025E0800" bytesRequested="32" />
<af-end id="412" timestamp="2019-06-14T19:07:53.550" threadId="00000000025E1188" success="true" from="nursery"/>
<exclusive-end id="413" timestamp="2019-06-14T19:07:53.550" durationms="1.290" />

<exclusive-start id="414" timestamp="2019-06-14T19:07:53.556" intervalms="7.450">
  <response-info timems="0.044" idlems="0.044" threads="0" lastid="00000000025E0800" lastname="PmdThread 2" />
</exclusive-start>
<af-start id="415" threadId="00000000025E1188" totalBytesRequested="48" timestamp="2019-06-14T19:07:53.556" intervalms="7.449" type="nursery" />
<cycle-start id="416" type="scavenge" contextid="0" timestamp="2019-06-14T19:07:53.556" intervalms="7.423" />
<gc-start id="417" type="scavenge" contextid="416" timestamp="2019-06-14T19:07:53.556">
  <mem-info id="418" free="2088373672" total="2092630016" percent="99">
    <mem type="nursery" free="0" total="2097152" percent="0">
      <mem type="allocate" free="0" total="1048576" percent="0" />
      <mem type="survivor" free="0" total="1048576" percent="0" />
    </mem>
    <mem type="tenure" free="2088373672" total="2090532864" percent="99">
      <mem type="soa" free="1983847848" total="1986007040" percent="99" />
      <mem type="loa" free="104525824" total="104525824" percent="100" />
    </mem>
    <remembered-set count="120" />
  </mem-info>
</gc-start>
<allocation-stats totalBytes="107976" >
  <allocated-bytes non-tlh="32" tlh="107944" />
  <largest-consumer threadName="PmdThread 3" threadId="00000000025DD700" bytes="46504" />
</allocation-stats>
<gc-op id="419" type="scavenge" timems="0.956" contextid="416" timestamp="2019-06-14T19:07:53.557">
  <scavenger-info tenureage="2" tenuremask="ffec" tiltratio="50" />
  <memory-copied type="nursery" objects="6474" bytes="405824" bytesdiscarded="74944" />
  <memory-copied type="tenure" objects="7274" bytes="477744" bytesdiscarded="128" />
  <finalization candidates="1" enqueued="0" />
  <ownableSynchronizers candidates="7" cleared="0" />
</gc-op>
<gc-end id="420" type="scavenge" contextid="416" durationms="1.187" usertimems="0.000" systemtimems="0.000" timestamp="2019-06-14T19:07:53.558" activeThreads="4">
  <mem-info id="421" free="2088539288" total="2092630016" percent="99">
    <mem type="nursery" free="567808" total="2097152" percent="27">
      <mem type="allocate" free="567808" total="1048576" percent="54" />
      <mem type="survivor" free="0" total="1048576" percent="0" />
    </mem>
    <mem type="tenure" free="2087971480" total="2090532864" percent="99">
      <mem type="soa" free="1983445656" total="1986007040" percent="99" />
      <mem type="loa" free="104525824" total="104525824" percent="100" />
    </mem>
    <remembered-set count="210" />
  </mem-info>
</gc-end>
<cycle-end id="422" type="scavenge" contextid="416" timestamp="2019-06-14T19:07:53.558" />
  <attribute name="elasticGC enabled" value="1" />
  <attribute name= "numThreadsSpecified" value="4" />
  <attribute name="heapSize specified" value="8388608" />
  <attribute name="Current GC Util" value="18" />
  <attribute name= "Current Time Running" value="1546" />
  <attribute name ="GC Interval" value="200" />
  <attribute name="ProportionalT" value="-1.000000" />
  <attribute name="ProportionalI" value="-1.000000" />
  <attribute name="ProportionalH" value="-1.000000" />
  <attribute name="Current Error" value="-2.000000" />
  <attribute name="IntegralT" value="-14.000000" />
  <attribute name="IntegralI" value="-14.000000" />
  <attribute name="IntegralH" value="-14.000000" />
  <attribute name="DerivativeT" value="-0.142857" />
  <attribute name="DerivativeI" value="-0.142857" />
  <attribute name="DerivativeH" value="-0.142857" />
  <attribute name="Loop Time for DT" value="7.000000" />
  <attribute name="Output H" value="2092630016"/>
  <attribute name="Output I" value="200"/>
  <attribute name="Output T" value="4"/>
  <attribute name="Target GC Util Change" value ="20.000000" />
  <attribute name="Current GC Util Change" value="18.000000"/>
  <attribute name="GC Util currently" value="18" />
  <attribute name="CPU Util currently" value="619384484086" />
<allocation-satisfied id="423" threadId="00000000025E0800" bytesRequested="48" />
<af-end id="424" timestamp="2019-06-14T19:07:53.558" threadId="00000000025E1188" success="true" from="nursery"/>
<exclusive-end id="425" timestamp="2019-06-14T19:07:53.558" durationms="1.597" />

<exclusive-start id="426" timestamp="2019-06-14T19:07:53.570" intervalms="13.430">
  <response-info timems="0.029" idlems="0.029" threads="0" lastid="00000000022CC700" lastname="main" />
</exclusive-start>
<af-start id="427" threadId="00000000022CD088" totalBytesRequested="80" timestamp="2019-06-14T19:07:53.570" intervalms="13.437" type="nursery" />
<cycle-start id="428" type="scavenge" contextid="0" timestamp="2019-06-14T19:07:53.570" intervalms="13.461" />
<gc-start id="429" type="scavenge" contextid="428" timestamp="2019-06-14T19:07:53.570">
  <mem-info id="430" free="2087968080" total="2092630016" percent="99">
    <mem type="nursery" free="0" total="2097152" percent="0">
      <mem type="allocate" free="0" total="1048576" percent="0" />
      <mem type="survivor" free="0" total="1048576" percent="0" />
    </mem>
    <mem type="tenure" free="2087968080" total="2090532864" percent="99">
      <mem type="soa" free="1983442256" total="1986007040" percent="99" />
      <mem type="loa" free="104525824" total="104525824" percent="100" />
    </mem>
    <remembered-set count="295" />
  </mem-info>
</gc-start>
<allocation-stats totalBytes="568584" >
  <allocated-bytes non-tlh="3448" tlh="565136" />
  <largest-consumer threadName="PmdThread 2" threadId="00000000025E0800" bytes="347832" />
</allocation-stats>
<gc-op id="431" type="scavenge" timems="0.628" contextid="428" timestamp="2019-06-14T19:07:53.571">
  <scavenger-info tenureage="2" tenuremask="fe04" tiltratio="50" />
  <memory-copied type="nursery" objects="6770" bytes="378376" bytesdiscarded="63200" />
  <memory-copied type="tenure" objects="3149" bytes="233504" bytesdiscarded="176" />
  <references type="phantom" candidates="1" cleared="0" enqueued="0" />
</gc-op>
<gc-end id="432" type="scavenge" contextid="428" durationms="0.864" usertimems="4.000" systemtimems="0.000" timestamp="2019-06-14T19:07:53.571" activeThreads="4">
  <mem-info id="433" free="2088322352" total="2092630016" percent="99">
    <mem type="nursery" free="672512" total="2097152" percent="32">
      <mem type="allocate" free="672512" total="1114112" percent="60" />
      <mem type="survivor" free="0" total="983040" percent="0" />
    </mem>
    <mem type="tenure" free="2087649840" total="2090532864" percent="99">
      <mem type="soa" free="1983124016" total="1986007040" percent="99" />
      <mem type="loa" free="104525824" total="104525824" percent="100" />
    </mem>
    <remembered-set count="263" />
  </mem-info>
</gc-end>
<cycle-end id="434" type="scavenge" contextid="428" timestamp="2019-06-14T19:07:53.571" />
  <attribute name="elasticGC enabled" value="1" />
  <attribute name= "numThreadsSpecified" value="4" />
  <attribute name="heapSize specified" value="8388608" />
  <attribute name="Current GC Util" value="14" />
  <attribute name= "Current Time Running" value="1560" />
  <attribute name ="GC Interval" value="200" />
  <attribute name="ProportionalT" value="-3.000000" />
  <attribute name="ProportionalI" value="-3.000000" />
  <attribute name="ProportionalH" value="-3.000000" />
  <attribute name="Current Error" value="-6.000000" />
  <attribute name="IntegralT" value="-84.000000" />
  <attribute name="IntegralI" value="-84.000000" />
  <attribute name="IntegralH" value="-84.000000" />
  <attribute name="DerivativeT" value="-0.214286" />
  <attribute name="DerivativeI" value="-0.214286" />
  <attribute name="DerivativeH" value="-0.214286" />
  <attribute name="Loop Time for DT" value="14.000000" />
  <attribute name="Output H" value="2092630016"/>
  <attribute name="Output I" value="200"/>
  <attribute name="Output T" value="4"/>
  <attribute name="Target GC Util Change" value ="20.000000" />
  <attribute name="Current GC Util Change" value="14.000000"/>
  <attribute name="GC Util currently" value="14" />
  <attribute name="CPU Util currently" value="341475472790" />
<allocation-satisfied id="435" threadId="00000000022CC700" bytesRequested="80" />
<af-end id="436" timestamp="2019-06-14T19:07:53.571" threadId="00000000022CD088" success="true" from="nursery"/>
<exclusive-end id="437" timestamp="2019-06-14T19:07:53.571" durationms="1.439" />

<exclusive-start id="438" timestamp="2019-06-14T19:07:53.579" intervalms="9.784">
  <response-info timems="0.028" idlems="0.028" threads="0" lastid="00000000025E0800" lastname="PmdThread 2" />
</exclusive-start>
<af-start id="439" threadId="00000000025E1188" totalBytesRequested="9424" timestamp="2019-06-14T19:07:53.579" intervalms="9.786" type="nursery" />
<cycle-start id="440" type="scavenge" contextid="0" timestamp="2019-06-14T19:07:53.580" intervalms="9.789" />
<gc-start id="441" type="scavenge" contextid="440" timestamp="2019-06-14T19:07:53.580">
  <mem-info id="442" free="2087647784" total="2092630016" percent="99">
    <mem type="nursery" free="0" total="2097152" percent="0">
      <mem type="allocate" free="0" total="1114112" percent="0" />
      <mem type="survivor" free="0" total="983040" percent="0" />
    </mem>
    <mem type="tenure" free="2087647784" total="2090532864" percent="99">
      <mem type="soa" free="1983121960" total="1986007040" percent="99" />
      <mem type="loa" free="104525824" total="104525824" percent="100" />
    </mem>
    <remembered-set count="300" />
  </mem-info>
</gc-start>
<allocation-stats totalBytes="644944" >
  <allocated-bytes non-tlh="375864" tlh="269080" />
  <largest-consumer threadName="PmdThread 2" threadId="00000000025E0800" bytes="530200" />
</allocation-stats>
<gc-op id="443" type="scavenge" timems="0.503" contextid="440" timestamp="2019-06-14T19:07:53.580">
  <scavenger-info tenureage="2" tenuremask="7f04" tiltratio="53" />
  <memory-copied type="nursery" objects="6196" bytes="402016" bytesdiscarded="109408" />
  <memory-copied type="tenure" objects="1589" bytes="55544" bytesdiscarded="48" />
  <references type="weak" candidates="1" cleared="0" enqueued="0" />
  <references type="phantom" candidates="2" cleared="0" enqueued="0" />
</gc-op>
<gc-end id="444" type="scavenge" contextid="440" durationms="0.687" usertimems="0.000" systemtimems="4.000" timestamp="2019-06-14T19:07:53.580" activeThreads="4">
  <mem-info id="445" free="2088280872" total="2092630016" percent="99">
    <mem type="nursery" free="733696" total="2097152" percent="34">
      <mem type="allocate" free="733696" total="1245184" percent="58" />
      <mem type="survivor" free="0" total="851968" percent="0" />
    </mem>
    <mem type="tenure" free="2087547176" total="2090532864" percent="99">
      <mem type="soa" free="1983021352" total="1986007040" percent="99" />
      <mem type="loa" free="104525824" total="104525824" percent="100" />
    </mem>
    <remembered-set count="263" />
  </mem-info>
</gc-end>
<cycle-end id="446" type="scavenge" contextid="440" timestamp="2019-06-14T19:07:53.580" />
  <attribute name="elasticGC enabled" value="1" />
  <attribute name= "numThreadsSpecified" value="4" />
  <attribute name="heapSize specified" value="8388608" />
  <attribute name="Current GC Util" value="13" />
  <attribute name= "Current Time Running" value="1570" />
  <attribute name ="GC Interval" value="200" />
  <attribute name="ProportionalT" value="-3.500000" />
  <attribute name="ProportionalI" value="-3.500000" />
  <attribute name="ProportionalH" value="-3.500000" />
  <attribute name="Current Error" value="-7.000000" />
  <attribute name="IntegralT" value="-70.000000" />
  <attribute name="IntegralI" value="-70.000000" />
  <attribute name="IntegralH" value="-70.000000" />
  <attribute name="DerivativeT" value="-0.350000" />
  <attribute name="DerivativeI" value="-0.350000" />
  <attribute name="DerivativeH" value="-0.350000" />
  <attribute name="Loop Time for DT" value="10.000000" />
  <attribute name="Output H" value="2092630016"/>
  <attribute name="Output I" value="200"/>
  <attribute name="Output T" value="4"/>
  <attribute name="Target GC Util Change" value ="20.000000" />
  <attribute name="Current GC Util Change" value="13.000000"/>
  <attribute name="GC Util currently" value="13" />
  <attribute name="CPU Util currently" value="474062387645" />
<allocation-satisfied id="447" threadId="00000000025E0800" bytesRequested="9424" />
<af-end id="448" timestamp="2019-06-14T19:07:53.581" threadId="00000000025E1188" success="true" from="nursery"/>
<exclusive-end id="449" timestamp="2019-06-14T19:07:53.581" durationms="1.186" />

<exclusive-start id="450" timestamp="2019-06-14T19:07:53.588" intervalms="9.011">
  <response-info timems="0.128" idlems="0.072" threads="1" lastid="00000000025DCC00" lastname="PmdThread 1" />
</exclusive-start>
<af-start id="451" threadId="00000000025E1188" totalBytesRequested="31752" timestamp="2019-06-14T19:07:53.588" intervalms="9.005" type="nursery" />
<cycle-start id="452" type="scavenge" contextid="0" timestamp="2019-06-14T19:07:53.589" intervalms="8.978" />
<gc-start id="453" type="scavenge" contextid="452" timestamp="2019-06-14T19:07:53.589">
  <mem-info id="454" free="2087576472" total="2092630016" percent="99">
    <mem type="nursery" free="29976" total="2097152" percent="1">
      <mem type="allocate" free="29976" total="1245184" percent="2" />
      <mem type="survivor" free="0" total="851968" percent="0" />
    </mem>
    <mem type="tenure" free="2087546496" total="2090532864" percent="99">
      <mem type="soa" free="1983020672" total="1986007040" percent="99" />
      <mem type="loa" free="104525824" total="104525824" percent="100" />
    </mem>
    <remembered-set count="272" />
  </mem-info>
</gc-start>
<allocation-stats totalBytes="702296" >
  <allocated-bytes non-tlh="46176" tlh="656120" />
  <largest-consumer threadName="PmdThread 3" threadId="00000000025DD700" bytes="257568" />
</allocation-stats>
<gc-op id="455" type="scavenge" timems="0.942" contextid="452" timestamp="2019-06-14T19:07:53.590">
  <scavenger-info tenureage="2" tenuremask="7f84" tiltratio="59" />
  <memory-copied type="nursery" objects="4416" bytes="412680" bytesdiscarded="43464" />
  <memory-copied type="tenure" objects="4998" bytes="312584" bytesdiscarded="712" />
  <references type="weak" candidates="1" cleared="0" enqueued="0" />
  <references type="phantom" candidates="1" cleared="0" enqueued="0" />
</gc-op>
<gc-end id="456" type="scavenge" contextid="452" durationms="1.153" usertimems="4.000" systemtimems="0.000" timestamp="2019-06-14T19:07:53.590" activeThreads="4">
  <mem-info id="457" free="2088119056" total="2092630016" percent="99">
    <mem type="nursery" free="854536" total="2097152" percent="40">
      <mem type="allocate" free="854536" total="1310720" percent="65" />
      <mem type="survivor" free="0" total="786432" percent="0" />
    </mem>
    <mem type="tenure" free="2087264520" total="2090532864" percent="99">
      <mem type="soa" free="1982738696" total="1986007040" percent="99" />
      <mem type="loa" free="104525824" total="104525824" percent="100" />
    </mem>
    <remembered-set count="211" />
  </mem-info>
</gc-end>
<cycle-end id="458" type="scavenge" contextid="452" timestamp="2019-06-14T19:07:53.590" />
  <attribute name="elasticGC enabled" value="1" />
  <attribute name= "numThreadsSpecified" value="4" />
  <attribute name="heapSize specified" value="8388608" />
  <attribute name="Current GC Util" value="11" />
  <attribute name= "Current Time Running" value="1579" />
  <attribute name ="GC Interval" value="200" />
  <attribute name="ProportionalT" value="-4.500000" />
  <attribute name="ProportionalI" value="-4.500000" />
  <attribute name="ProportionalH" value="-4.500000" />
  <attribute name="Current Error" value="-9.000000" />
  <attribute name="IntegralT" value="-81.000000" />
  <attribute name="IntegralI" value="-81.000000" />
  <attribute name="IntegralH" value="-81.000000" />
  <attribute name="DerivativeT" value="-0.500000" />
  <attribute name="DerivativeI" value="-0.500000" />
  <attribute name="DerivativeH" value="-0.500000" />
  <attribute name="Loop Time for DT" value="9.000000" />
  <attribute name="Output H" value="2092630016"/>
  <attribute name="Output I" value="200"/>
  <attribute name="Output T" value="4"/>
  <attribute name="Target GC Util Change" value ="20.000000" />
  <attribute name="Current GC Util Change" value="11.000000"/>
  <attribute name="GC Util currently" value="11" />
  <attribute name="CPU Util currently" value="512198417949" />
<allocation-satisfied id="459" threadId="00000000025E0800" bytesRequested="31752" />
<af-end id="460" timestamp="2019-06-14T19:07:53.590" threadId="00000000025E1188" success="true" from="nursery"/>
<exclusive-end id="461" timestamp="2019-06-14T19:07:53.590" durationms="1.574" />

<exclusive-start id="462" timestamp="2019-06-14T19:07:53.600" intervalms="11.869">
  <response-info timems="0.039" idlems="0.023" threads="1" lastid="00000000025DCC00" lastname="PmdThread 1" />
</exclusive-start>
<af-start id="463" threadId="00000000025DEC88" totalBytesRequested="40" timestamp="2019-06-14T19:07:53.600" intervalms="11.876" type="nursery" />
<cycle-start id="464" type="scavenge" contextid="0" timestamp="2019-06-14T19:07:53.600" intervalms="11.884" />
<gc-start id="465" type="scavenge" contextid="464" timestamp="2019-06-14T19:07:53.600">
  <mem-info id="466" free="2087257896" total="2092630016" percent="99">
    <mem type="nursery" free="0" total="2097152" percent="0">
      <mem type="allocate" free="0" total="1310720" percent="0" />
      <mem type="survivor" free="0" total="786432" percent="0" />
    </mem>
    <mem type="tenure" free="2087257896" total="2090532864" percent="99">
      <mem type="soa" free="1982732072" total="1986007040" percent="99" />
      <mem type="loa" free="104525824" total="104525824" percent="100" />
    </mem>
    <remembered-set count="354" />
  </mem-info>
</gc-start>
<allocation-stats totalBytes="843776" >
  <allocated-bytes non-tlh="74448" tlh="769328" />
  <largest-consumer threadName="PmdThread 3" threadId="00000000025DD700" bytes="390352" />
</allocation-stats>
<gc-op id="467" type="scavenge" timems="0.561" contextid="464" timestamp="2019-06-14T19:07:53.601">
  <scavenger-info tenureage="6" tenuremask="7fc0" tiltratio="62" />
  <memory-copied type="nursery" objects="6711" bytes="617296" bytesdiscarded="17152" />
  <references type="phantom" candidates="1" cleared="0" enqueued="0" />
</gc-op>
<gc-end id="468" type="scavenge" contextid="464" durationms="0.711" usertimems="4.000" systemtimems="0.000" timestamp="2019-06-14T19:07:53.601" activeThreads="4">
  <mem-info id="469" free="2087803056" total="2092630016" percent="99">
    <mem type="nursery" free="545160" total="2097152" percent="25">
      <mem type="allocate" free="545160" total="1179648" percent="46" />
      <mem type="survivor" free="0" total="917504" percent="0" />
    </mem>
    <mem type="tenure" free="2087257896" total="2090532864" percent="99">
      <mem type="soa" free="1982732072" total="1986007040" percent="99" />
      <mem type="loa" free="104525824" total="104525824" percent="100" />
    </mem>
    <remembered-set count="334" />
  </mem-info>
</gc-end>
<cycle-end id="470" type="scavenge" contextid="464" timestamp="2019-06-14T19:07:53.601" />
  <attribute name="elasticGC enabled" value="1" />
  <attribute name= "numThreadsSpecified" value="4" />
  <attribute name="heapSize specified" value="8388608" />
  <attribute name="Current GC Util" value="14" />
  <attribute name= "Current Time Running" value="1590" />
  <attribute name ="GC Interval" value="200" />
  <attribute name="ProportionalT" value="-3.000000" />
  <attribute name="ProportionalI" value="-3.000000" />
  <attribute name="ProportionalH" value="-3.000000" />
  <attribute name="Current Error" value="-6.000000" />
  <attribute name="IntegralT" value="-66.000000" />
  <attribute name="IntegralI" value="-66.000000" />
  <attribute name="IntegralH" value="-66.000000" />
  <attribute name="DerivativeT" value="-0.272727" />
  <attribute name="DerivativeI" value="-0.272727" />
  <attribute name="DerivativeH" value="-0.272727" />
  <attribute name="Loop Time for DT" value="11.000000" />
  <attribute name="Output H" value="2092630016"/>
  <attribute name="Output I" value="200"/>
  <attribute name="Output T" value="4"/>
  <attribute name="Target GC Util Change" value ="20.000000" />
  <attribute name="Current GC Util Change" value="14.000000"/>
  <attribute name="GC Util currently" value="14" />
  <attribute name="CPU Util currently" value="389766398782" />
<allocation-satisfied id="471" threadId="00000000025DE300" bytesRequested="40" />
<af-end id="472" timestamp="2019-06-14T19:07:53.601" threadId="00000000025DEC88" success="true" from="nursery"/>
<exclusive-end id="473" timestamp="2019-06-14T19:07:53.601" durationms="1.114" />

<exclusive-start id="474" timestamp="2019-06-14T19:07:53.609" intervalms="8.268">
  <response-info timems="0.041" idlems="0.041" threads="0" lastid="00000000025DD700" lastname="PmdThread 3" />
</exclusive-start>
<af-start id="475" threadId="00000000025DE088" totalBytesRequested="6696" timestamp="2019-06-14T19:07:53.609" intervalms="8.261" type="nursery" />
<cycle-start id="476" type="scavenge" contextid="0" timestamp="2019-06-14T19:07:53.609" intervalms="8.279" />
<gc-start id="477" type="scavenge" contextid="476" timestamp="2019-06-14T19:07:53.609">
  <mem-info id="478" free="2087252752" total="2092630016" percent="99">
    <mem type="nursery" free="0" total="2097152" percent="0">
      <mem type="allocate" free="0" total="1179648" percent="0" />
      <mem type="survivor" free="0" total="917504" percent="0" />
    </mem>
    <mem type="tenure" free="2087252752" total="2090532864" percent="99">
      <mem type="soa" free="1982726928" total="1986007040" percent="99" />
      <mem type="loa" free="104525824" total="104525824" percent="100" />
    </mem>
    <remembered-set count="423" />
  </mem-info>
</gc-start>
<allocation-stats totalBytes="523768" >
  <allocated-bytes non-tlh="13384" tlh="510384" />
  <largest-consumer threadName="PmdThread 3" threadId="00000000025DD700" bytes="261344" />
</allocation-stats>
<gc-op id="479" type="scavenge" timems="0.689" contextid="476" timestamp="2019-06-14T19:07:53.610">
  <scavenger-info tenureage="5" tenuremask="7fe0" tiltratio="56" />
  <memory-copied type="nursery" objects="7701" bytes="725264" bytesdiscarded="151720" />
  <finalization candidates="1" enqueued="0" />
  <references type="soft" candidates="2" cleared="0" enqueued="0" dynamicThreshold="31" maxThreshold="32" />
  <references type="weak" candidates="14" cleared="5" enqueued="5" />
  <references type="phantom" candidates="7" cleared="2" enqueued="2" />
</gc-op>
<gc-end id="480" type="scavenge" contextid="476" durationms="0.877" usertimems="0.000" systemtimems="0.000" timestamp="2019-06-14T19:07:53.610" activeThreads="4">
  <mem-info id="481" free="2087555344" total="2092630016" percent="99">
    <mem type="nursery" free="302592" total="2097152" percent="14">
      <mem type="allocate" free="302592" total="1179648" percent="25" />
      <mem type="survivor" free="0" total="917504" percent="0" />
    </mem>
    <mem type="tenure" free="2087252752" total="2090532864" percent="99">
      <mem type="soa" free="1982726928" total="1986007040" percent="99" />
      <mem type="loa" free="104525824" total="104525824" percent="100" />
    </mem>
    <pending-finalizers system="0" default="0" reference="7" classloader="0" />
    <remembered-set count="409" />
  </mem-info>
</gc-end>
<cycle-end id="482" type="scavenge" contextid="476" timestamp="2019-06-14T19:07:53.610" />
  <attribute name="elasticGC enabled" value="1" />
  <attribute name= "numThreadsSpecified" value="4" />
  <attribute name="heapSize specified" value="8388608" />
  <attribute name="Current GC Util" value="12" />
  <attribute name= "Current Time Running" value="1599" />
  <attribute name ="GC Interval" value="200" />
  <attribute name="ProportionalT" value="-4.000000" />
  <attribute name="ProportionalI" value="-4.000000" />
  <attribute name="ProportionalH" value="-4.000000" />
  <attribute name="Current Error" value="-8.000000" />
  <attribute name="IntegralT" value="-72.000000" />
  <attribute name="IntegralI" value="-72.000000" />
  <attribute name="IntegralH" value="-72.000000" />
  <attribute name="DerivativeT" value="-0.444444" />
  <attribute name="DerivativeI" value="-0.444444" />
  <attribute name="DerivativeH" value="-0.444444" />
  <attribute name="Loop Time for DT" value="9.000000" />
  <attribute name="Output H" value="2092630016"/>
  <attribute name="Output I" value="200"/>
  <attribute name="Output T" value="4"/>
  <attribute name="Target GC Util Change" value ="20.000000" />
  <attribute name="Current GC Util Change" value="12.000000"/>
  <attribute name="GC Util currently" value="12" />
  <attribute name="CPU Util currently" value="555647917607" />
<allocation-satisfied id="483" threadId="00000000025DD700" bytesRequested="6696" />
<af-end id="484" timestamp="2019-06-14T19:07:53.610" threadId="00000000025DE088" success="true" from="nursery"/>
<exclusive-end id="485" timestamp="2019-06-14T19:07:53.610" durationms="1.307" />

<exclusive-start id="486" timestamp="2019-06-14T19:07:53.615" intervalms="6.565">
  <response-info timems="0.053" idlems="0.029" threads="1" lastid="00000000025DD700" lastname="PmdThread 3" />
</exclusive-start>
<af-start id="487" threadId="00000000025E1188" totalBytesRequested="64" timestamp="2019-06-14T19:07:53.615" intervalms="6.565" type="nursery" />
<cycle-start id="488" type="scavenge" contextid="0" timestamp="2019-06-14T19:07:53.615" intervalms="6.538" />
<gc-start id="489" type="scavenge" contextid="488" timestamp="2019-06-14T19:07:53.615">
  <mem-info id="490" free="2087251976" total="2092630016" percent="99">
    <mem type="nursery" free="0" total="2097152" percent="0">
      <mem type="allocate" free="0" total="1179648" percent="0" />
      <mem type="survivor" free="0" total="917504" percent="0" />
    </mem>
    <mem type="tenure" free="2087251976" total="2090532864" percent="99">
      <mem type="soa" free="1982726152" total="1986007040" percent="99" />
      <mem type="loa" free="104525824" total="104525824" percent="100" />
    </mem>
    <remembered-set count="423" />
  </mem-info>
</gc-start>
<allocation-stats totalBytes="303064" >
  <allocated-bytes non-tlh="7472" tlh="295592" />
  <largest-consumer threadName="PmdThread 4" threadId="00000000025DE300" bytes="103880" />
</allocation-stats>
<gc-op id="491" type="scavenge" timems="0.914" contextid="488" timestamp="2019-06-14T19:07:53.616">
  <scavenger-info tenureage="3" tenuremask="7ff8" tiltratio="56" />
  <memory-copied type="nursery" objects="4769" bytes="427504" bytesdiscarded="195072" />
  <memory-copied type="tenure" objects="4368" bytes="356528" bytesdiscarded="520" />
  <finalization candidates="1" enqueued="0" />
  <references type="soft" candidates="2" cleared="0" enqueued="0" dynamicThreshold="31" maxThreshold="32" />
  <references type="weak" candidates="9" cleared="0" enqueued="0" />
  <references type="phantom" candidates="5" cleared="0" enqueued="0" />
</gc-op>
<gc-end id="492" type="scavenge" contextid="488" durationms="1.132" usertimems="4.000" systemtimems="0.000" timestamp="2019-06-14T19:07:53.616" activeThreads="4">
  <mem-info id="493" free="2087507184" total="2092630016" percent="99">
    <mem type="nursery" free="557032" total="2097152" percent="26">
      <mem type="allocate" free="557032" total="1179648" percent="47" />
      <mem type="survivor" free="0" total="917504" percent="0" />
    </mem>
    <mem type="tenure" free="2086950152" total="2090532864" percent="99">
      <mem type="soa" free="1982424328" total="1986007040" percent="99" />
      <mem type="loa" free="104525824" total="104525824" percent="100" />
    </mem>
    <remembered-set count="261" />
  </mem-info>
</gc-end>
<cycle-end id="494" type="scavenge" contextid="488" timestamp="2019-06-14T19:07:53.616" />
  <attribute name="elasticGC enabled" value="1" />
  <attribute name= "numThreadsSpecified" value="4" />
  <attribute name="heapSize specified" value="8388608" />
  <attribute name="Current GC Util" value="18" />
  <attribute name= "Current Time Running" value="1605" />
  <attribute name ="GC Interval" value="200" />
  <attribute name="ProportionalT" value="-1.000000" />
  <attribute name="ProportionalI" value="-1.000000" />
  <attribute name="ProportionalH" value="-1.000000" />
  <attribute name="Current Error" value="-2.000000" />
  <attribute name="IntegralT" value="-12.000000" />
  <attribute name="IntegralI" value="-12.000000" />
  <attribute name="IntegralH" value="-12.000000" />
  <attribute name="DerivativeT" value="-0.166667" />
  <attribute name="DerivativeI" value="-0.166667" />
  <attribute name="DerivativeH" value="-0.166667" />
  <attribute name="Loop Time for DT" value="6.000000" />
  <attribute name="Output H" value="2092630016"/>
  <attribute name="Output I" value="200"/>
  <attribute name="Output T" value="4"/>
  <attribute name="Target GC Util Change" value ="20.000000" />
  <attribute name="Current GC Util Change" value="18.000000"/>
  <attribute name="GC Util currently" value="18" />
  <attribute name="CPU Util currently" value="700843260190" />
<allocation-satisfied id="495" threadId="00000000025E0800" bytesRequested="64" />
<af-end id="496" timestamp="2019-06-14T19:07:53.617" threadId="00000000025E1188" success="true" from="nursery"/>
<exclusive-end id="497" timestamp="2019-06-14T19:07:53.617" durationms="1.548" />

<exclusive-start id="498" timestamp="2019-06-14T19:07:53.630" intervalms="14.528">
  <response-info timems="0.157" idlems="0.135" threads="1" lastid="00000000025DD700" lastname="PmdThread 3" />
</exclusive-start>
<af-start id="499" threadId="00000000025E1188" totalBytesRequested="56" timestamp="2019-06-14T19:07:53.630" intervalms="14.539" type="nursery" />
<cycle-start id="500" type="scavenge" contextid="0" timestamp="2019-06-14T19:07:53.630" intervalms="14.553" />
<gc-start id="501" type="scavenge" contextid="500" timestamp="2019-06-14T19:07:53.630">
  <mem-info id="502" free="2086945816" total="2092630016" percent="99">
    <mem type="nursery" free="0" total="2097152" percent="0">
      <mem type="allocate" free="0" total="1179648" percent="0" />
      <mem type="survivor" free="0" total="917504" percent="0" />
    </mem>
    <mem type="tenure" free="2086945816" total="2090532864" percent="99">
      <mem type="soa" free="1982419992" total="1986007040" percent="99" />
      <mem type="loa" free="104525824" total="104525824" percent="100" />
    </mem>
    <remembered-set count="315" />
  </mem-info>
</gc-start>
<allocation-stats totalBytes="554976" >
  <allocated-bytes non-tlh="22904" tlh="532072" />
  <largest-consumer threadName="PmdThread 3" threadId="00000000025DD700" bytes="247984" />
</allocation-stats>
<gc-op id="503" type="scavenge" timems="0.693" contextid="500" timestamp="2019-06-14T19:07:53.631">
  <scavenger-info tenureage="3" tenuremask="7ff8" tiltratio="56" />
  <memory-copied type="nursery" objects="5908" bytes="289504" bytesdiscarded="67848" />
  <memory-copied type="tenure" objects="1523" bytes="237240" bytesdiscarded="976" />
  <finalization candidates="1" enqueued="0" />
  <references type="soft" candidates="2" cleared="0" enqueued="0" dynamicThreshold="31" maxThreshold="32" />
  <references type="weak" candidates="13" cleared="4" enqueued="4" />
  <references type="phantom" candidates="4" cleared="0" enqueued="0" />
</gc-op>
<gc-end id="504" type="scavenge" contextid="500" durationms="0.900" usertimems="4.000" systemtimems="0.000" timestamp="2019-06-14T19:07:53.631" activeThreads="4">
  <mem-info id="505" free="2087498992" total="2092630016" percent="99">
    <mem type="nursery" free="887800" total="2097152" percent="42">
      <mem type="allocate" free="887800" total="1245184" percent="71" />
      <mem type="survivor" free="0" total="851968" percent="0" />
    </mem>
    <mem type="tenure" free="2086611192" total="2090532864" percent="99">
      <mem type="soa" free="1982085368" total="1986007040" percent="99" />
      <mem type="loa" free="104525824" total="104525824" percent="100" />
    </mem>
    <pending-finalizers system="0" default="0" reference="4" classloader="0" />
    <remembered-set count="286" />
  </mem-info>
</gc-end>
<cycle-end id="506" type="scavenge" contextid="500" timestamp="2019-06-14T19:07:53.631" />
  <attribute name="elasticGC enabled" value="1" />
  <attribute name= "numThreadsSpecified" value="4" />
  <attribute name="heapSize specified" value="8388608" />
  <attribute name="Current GC Util" value="12" />
  <attribute name= "Current Time Running" value="1620" />
  <attribute name ="GC Interval" value="200" />
  <attribute name="ProportionalT" value="-4.000000" />
  <attribute name="ProportionalI" value="-4.000000" />
  <attribute name="ProportionalH" value="-4.000000" />
  <attribute name="Current Error" value="-8.000000" />
  <attribute name="IntegralT" value="-120.000000" />
  <attribute name="IntegralI" value="-120.000000" />
  <attribute name="IntegralH" value="-120.000000" />
  <attribute name="DerivativeT" value="-0.266667" />
  <attribute name="DerivativeI" value="-0.266667" />
  <attribute name="DerivativeH" value="-0.266667" />
  <attribute name="Loop Time for DT" value="15.000000" />
  <attribute name="Output H" value="2092630016"/>
  <attribute name="Output I" value="200"/>
  <attribute name="Output T" value="4"/>
  <attribute name="Target GC Util Change" value ="20.000000" />
  <attribute name="Current GC Util Change" value="12.000000"/>
  <attribute name="GC Util currently" value="12" />
  <attribute name="CPU Util currently" value="317114949895" />
<allocation-satisfied id="507" threadId="00000000025E0800" bytesRequested="56" />
<af-end id="508" timestamp="2019-06-14T19:07:53.631" threadId="00000000025E1188" success="true" from="nursery"/>
<exclusive-end id="509" timestamp="2019-06-14T19:07:53.631" durationms="1.349" />

<exclusive-start id="510" timestamp="2019-06-14T19:07:53.656" intervalms="26.800">
  <response-info timems="0.110" idlems="0.056" threads="4" lastid="00000000022D0300" lastname="JIT Compilation Thread-0" />
</exclusive-start>
<af-start id="511" threadId="00000000025DEC88" totalBytesRequested="56" timestamp="2019-06-14T19:07:53.657" intervalms="26.827" type="nursery" />
<cycle-start id="512" type="scavenge" contextid="0" timestamp="2019-06-14T19:07:53.657" intervalms="26.818" />
<gc-start id="513" type="scavenge" contextid="512" timestamp="2019-06-14T19:07:53.657">
  <mem-info id="514" free="2086597800" total="2092630016" percent="99">
    <mem type="nursery" free="0" total="2097152" percent="0">
      <mem type="allocate" free="0" total="1245184" percent="0" />
      <mem type="survivor" free="0" total="851968" percent="0" />
    </mem>
    <mem type="tenure" free="2086597800" total="2090532864" percent="99">
      <mem type="soa" free="1982071976" total="1986007040" percent="99" />
      <mem type="loa" free="104525824" total="104525824" percent="100" />
    </mem>
    <remembered-set count="507" />
  </mem-info>
</gc-start>
<allocation-stats totalBytes="900080" >
  <allocated-bytes non-tlh="13448" tlh="886632" />
  <largest-consumer threadName="PmdThread 2" threadId="00000000025E0800" bytes="311224" />
</allocation-stats>
<gc-op id="515" type="scavenge" timems="1.227" contextid="512" timestamp="2019-06-14T19:07:53.658">
  <scavenger-info tenureage="3" tenuremask="7ff8" tiltratio="59" />
  <memory-copied type="nursery" objects="10642" bytes="384656" bytesdiscarded="46016" />
  <memory-copied type="tenure" objects="1122" bytes="108584" bytesdiscarded="64" />
  <finalization candidates="1" enqueued="0" />
  <references type="weak" candidates="2" cleared="1" enqueued="1" />
</gc-op>
<gc-end id="516" type="scavenge" contextid="512" durationms="1.431" usertimems="0.000" systemtimems="0.000" timestamp="2019-06-14T19:07:53.658" activeThreads="4">
  <mem-info id="517" free="2087358600" total="2092630016" percent="99">
    <mem type="nursery" free="879872" total="2097152" percent="41">
      <mem type="allocate" free="879872" total="1310720" percent="67" />
      <mem type="survivor" free="0" total="786432" percent="0" />
    </mem>
    <mem type="tenure" free="2086478728" total="2090532864" percent="99">
      <mem type="soa" free="1981952904" total="1986007040" percent="99" />
      <mem type="loa" free="104525824" total="104525824" percent="100" />
    </mem>
    <pending-finalizers system="0" default="0" reference="1" classloader="0" />
    <remembered-set count="526" />
  </mem-info>
</gc-end>
<cycle-end id="518" type="scavenge" contextid="512" timestamp="2019-06-14T19:07:53.658" />
  <attribute name="elasticGC enabled" value="1" />
  <attribute name= "numThreadsSpecified" value="4" />
  <attribute name="heapSize specified" value="8388608" />
  <attribute name="Current GC Util" value="5" />
  <attribute name= "Current Time Running" value="1647" />
  <attribute name ="GC Interval" value="200" />
  <attribute name="ProportionalT" value="-7.500000" />
  <attribute name="ProportionalI" value="-7.500000" />
  <attribute name="ProportionalH" value="-7.500000" />
  <attribute name="Current Error" value="-15.000000" />
  <attribute name="IntegralT" value="-405.000000" />
  <attribute name="IntegralI" value="-405.000000" />
  <attribute name="IntegralH" value="-405.000000" />
  <attribute name="DerivativeT" value="-0.277778" />
  <attribute name="DerivativeI" value="-0.277778" />
  <attribute name="DerivativeH" value="-0.277778" />
  <attribute name="Loop Time for DT" value="27.000000" />
  <attribute name="Output H" value="2092630016"/>
  <attribute name="Output I" value="200"/>
  <attribute name="Output T" value="4"/>
  <attribute name="Target GC Util Change" value ="20.000000" />
  <attribute name="Current GC Util Change" value="5.000000"/>
  <attribute name="GC Util currently" value="5" />
  <attribute name="CPU Util currently" value="40" />
<allocation-satisfied id="519" threadId="00000000025DE300" bytesRequested="56" />
<af-end id="520" timestamp="2019-06-14T19:07:53.658" threadId="00000000025DEC88" success="true" from="nursery"/>
<exclusive-end id="521" timestamp="2019-06-14T19:07:53.658" durationms="1.906" />

<exclusive-start id="522" timestamp="2019-06-14T19:07:53.668" intervalms="11.545">
  <response-info timems="0.130" idlems="0.078" threads="2" lastid="00000000025DCC00" lastname="PmdThread 1" />
</exclusive-start>
<af-start id="523" threadId="00000000025E1188" totalBytesRequested="16" timestamp="2019-06-14T19:07:53.668" intervalms="11.511" type="nursery" />
<cycle-start id="524" type="scavenge" contextid="0" timestamp="2019-06-14T19:07:53.668" intervalms="11.532" />
<gc-start id="525" type="scavenge" contextid="524" timestamp="2019-06-14T19:07:53.668">
  <mem-info id="526" free="2086457216" total="2092630016" percent="99">
    <mem type="nursery" free="0" total="2097152" percent="0">
      <mem type="allocate" free="0" total="1310720" percent="0" />
      <mem type="survivor" free="0" total="786432" percent="0" />
    </mem>
    <mem type="tenure" free="2086457216" total="2090532864" percent="99">
      <mem type="soa" free="1981931392" total="1986007040" percent="99" />
      <mem type="loa" free="104525824" total="104525824" percent="100" />
    </mem>
    <remembered-set count="869" />
  </mem-info>
</gc-start>
<allocation-stats totalBytes="900552" >
  <allocated-bytes non-tlh="21568" tlh="878984" />
  <largest-consumer threadName="PmdThread 2" threadId="00000000025E0800" bytes="286568" />
</allocation-stats>
<gc-op id="527" type="scavenge" timems="1.509" contextid="524" timestamp="2019-06-14T19:07:53.670">
  <scavenger-info tenureage="3" tenuremask="7ff8" tiltratio="62" />
  <memory-copied type="nursery" objects="14029" bytes="505880" bytesdiscarded="42256" />
  <memory-copied type="tenure" objects="1759" bytes="69856" bytesdiscarded="0" />
  <references type="soft" candidates="18" cleared="0" enqueued="0" dynamicThreshold="31" maxThreshold="32" />
  <references type="weak" candidates="53" cleared="18" enqueued="13" />
  <references type="phantom" candidates="1" cleared="1" enqueued="1" />
</gc-op>
<gc-end id="528" type="scavenge" contextid="524" durationms="1.709" usertimems="0.000" systemtimems="0.000" timestamp="2019-06-14T19:07:53.670" activeThreads="4">
  <mem-info id="529" free="2087219584" total="2092630016" percent="99">
    <mem type="nursery" free="762368" total="2097152" percent="36">
      <mem type="allocate" free="762368" total="1310720" percent="58" />
      <mem type="survivor" free="0" total="786432" percent="0" />
    </mem>
    <mem type="tenure" free="2086457216" total="2090532864" percent="99">
      <mem type="soa" free="1981931392" total="1986007040" percent="99" />
      <mem type="loa" free="104525824" total="104525824" percent="100" />
    </mem>
    <pending-finalizers system="0" default="0" reference="14" classloader="0" />
    <remembered-set count="895" />
  </mem-info>
</gc-end>
<cycle-end id="530" type="scavenge" contextid="524" timestamp="2019-06-14T19:07:53.670" />
  <attribute name="elasticGC enabled" value="1" />
  <attribute name= "numThreadsSpecified" value="4" />
  <attribute name="heapSize specified" value="8388608" />
  <attribute name="Current GC Util" value="15" />
  <attribute name= "Current Time Running" value="1658" />
  <attribute name ="GC Interval" value="200" />
  <attribute name="ProportionalT" value="-2.500000" />
  <attribute name="ProportionalI" value="-2.500000" />
  <attribute name="ProportionalH" value="-2.500000" />
  <attribute name="Current Error" value="-5.000000" />
  <attribute name="IntegralT" value="-55.000000" />
  <attribute name="IntegralI" value="-55.000000" />
  <attribute name="IntegralH" value="-55.000000" />
  <attribute name="DerivativeT" value="-0.227273" />
  <attribute name="DerivativeI" value="-0.227273" />
  <attribute name="DerivativeH" value="-0.227273" />
  <attribute name="Loop Time for DT" value="11.000000" />
  <attribute name="Output H" value="2092630016"/>
  <attribute name="Output I" value="200"/>
  <attribute name="Output T" value="4"/>
  <attribute name="Target GC Util Change" value ="20.000000" />
  <attribute name="Current GC Util Change" value="15.000000"/>
  <attribute name="GC Util currently" value="15" />
  <attribute name="CPU Util currently" value="399977382042" />
<allocation-satisfied id="531" threadId="00000000025E0800" bytesRequested="16" />
<af-end id="532" timestamp="2019-06-14T19:07:53.670" threadId="00000000025E1188" success="true" from="nursery"/>
<exclusive-end id="533" timestamp="2019-06-14T19:07:53.670" durationms="2.179" />

<exclusive-start id="534" timestamp="2019-06-14T19:07:53.678" intervalms="10.450">
  <response-info timems="0.333" idlems="0.181" threads="2" lastid="00000000022D3F00" lastname="JIT Compilation Thread-1" />
</exclusive-start>
<af-start id="535" threadId="00000000025DE088" totalBytesRequested="888" timestamp="2019-06-14T19:07:53.679" intervalms="10.453" type="nursery" />
<cycle-start id="536" type="scavenge" contextid="0" timestamp="2019-06-14T19:07:53.679" intervalms="10.430" />
<gc-start id="537" type="scavenge" contextid="536" timestamp="2019-06-14T19:07:53.679">
  <mem-info id="538" free="2086429480" total="2092630016" percent="99">
    <mem type="nursery" free="0" total="2097152" percent="0">
      <mem type="allocate" free="0" total="1310720" percent="0" />
      <mem type="survivor" free="0" total="786432" percent="0" />
    </mem>
    <mem type="tenure" free="2086429480" total="2090532864" percent="99">
      <mem type="soa" free="1981903656" total="1986007040" percent="99" />
      <mem type="loa" free="104525824" total="104525824" percent="100" />
    </mem>
    <remembered-set count="1417" />
  </mem-info>
</gc-start>
<allocation-stats totalBytes="789256" >
  <allocated-bytes non-tlh="27752" tlh="761504" />
  <largest-consumer threadName="PmdThread 2" threadId="00000000025E0800" bytes="343936" />
</allocation-stats>
<gc-op id="539" type="scavenge" timems="1.612" contextid="536" timestamp="2019-06-14T19:07:53.680">
  <scavenger-info tenureage="2" tenuremask="7ffc" tiltratio="62" />
  <memory-copied type="nursery" objects="11261" bytes="373728" bytesdiscarded="17840" />
  <memory-copied type="tenure" objects="7704" bytes="282400" bytesdiscarded="120" />
  <references type="soft" candidates="28" cleared="0" enqueued="0" dynamicThreshold="31" maxThreshold="32" />
  <references type="weak" candidates="72" cleared="14" enqueued="9" />
  <references type="phantom" candidates="2" cleared="1" enqueued="1" />
</gc-op>
<gc-end id="540" type="scavenge" contextid="536" durationms="1.825" usertimems="4.000" systemtimems="0.000" timestamp="2019-06-14T19:07:53.680" activeThreads="4">
  <mem-info id="541" free="2087100712" total="2092630016" percent="99">
    <mem type="nursery" free="984576" total="2097152" percent="46">
      <mem type="allocate" free="984576" total="1376256" percent="71" />
      <mem type="survivor" free="0" total="720896" percent="0" />
    </mem>
    <mem type="tenure" free="2086116136" total="2090532864" percent="99">
      <mem type="soa" free="1981590312" total="1986007040" percent="99" />
      <mem type="loa" free="104525824" total="104525824" percent="100" />
    </mem>
    <pending-finalizers system="0" default="0" reference="10" classloader="0" />
    <remembered-set count="1342" />
  </mem-info>
</gc-end>
<cycle-end id="542" type="scavenge" contextid="536" timestamp="2019-06-14T19:07:53.681" />
  <attribute name="elasticGC enabled" value="1" />
  <attribute name= "numThreadsSpecified" value="4" />
  <attribute name="heapSize specified" value="8388608" />
  <attribute name="Current GC Util" value="16" />
  <attribute name= "Current Time Running" value="1669" />
  <attribute name ="GC Interval" value="200" />
  <attribute name="ProportionalT" value="-2.000000" />
  <attribute name="ProportionalI" value="-2.000000" />
  <attribute name="ProportionalH" value="-2.000000" />
  <attribute name="Current Error" value="-4.000000" />
  <attribute name="IntegralT" value="-44.000000" />
  <attribute name="IntegralI" value="-44.000000" />
  <attribute name="IntegralH" value="-44.000000" />
  <attribute name="DerivativeT" value="-0.181818" />
  <attribute name="DerivativeI" value="-0.181818" />
  <attribute name="DerivativeH" value="-0.181818" />
  <attribute name="Loop Time for DT" value="11.000000" />
  <attribute name="Output H" value="2092630016"/>
  <attribute name="Output I" value="200"/>
  <attribute name="Output T" value="4"/>
  <attribute name="Target GC Util Change" value ="20.000000" />
  <attribute name="Current GC Util Change" value="16.000000"/>
  <attribute name="GC Util currently" value="16" />
  <attribute name="CPU Util currently" value="442113170430" />
<allocation-satisfied id="543" threadId="00000000025DD700" bytesRequested="888" />
<af-end id="544" timestamp="2019-06-14T19:07:53.681" threadId="00000000025DE088" success="true" from="nursery"/>
<exclusive-end id="545" timestamp="2019-06-14T19:07:53.681" durationms="2.255" />

<exclusive-start id="546" timestamp="2019-06-14T19:07:53.703" intervalms="24.575">
  <response-info timems="0.046" idlems="0.046" threads="0" lastid="00000000025DD700" lastname="PmdThread 3" />
</exclusive-start>
<af-start id="547" threadId="00000000025DE088" totalBytesRequested="16" timestamp="2019-06-14T19:07:53.703" intervalms="24.573" type="nursery" />
<cycle-start id="548" type="scavenge" contextid="0" timestamp="2019-06-14T19:07:53.703" intervalms="24.601" />
<gc-start id="549" type="scavenge" contextid="548" timestamp="2019-06-14T19:07:53.703">
  <mem-info id="550" free="2086100824" total="2092630016" percent="99">
    <mem type="nursery" free="0" total="2097152" percent="0">
      <mem type="allocate" free="0" total="1376256" percent="0" />
      <mem type="survivor" free="0" total="720896" percent="0" />
    </mem>
    <mem type="tenure" free="2086100824" total="2090532864" percent="99">
      <mem type="soa" free="1981575000" total="1986007040" percent="99" />
      <mem type="loa" free="104525824" total="104525824" percent="100" />
    </mem>
    <remembered-set count="1775" />
  </mem-info>
</gc-start>
<allocation-stats totalBytes="998032" >
  <allocated-bytes non-tlh="16200" tlh="981832" />
  <largest-consumer threadName="PmdThread 3" threadId="00000000025DD700" bytes="574752" />
</allocation-stats>
<gc-op id="551" type="scavenge" timems="1.257" contextid="548" timestamp="2019-06-14T19:07:53.705">
  <scavenger-info tenureage="2" tenuremask="7ffc" tiltratio="65" />
  <memory-copied type="nursery" objects="7984" bytes="339960" bytesdiscarded="176744" />
  <memory-copied type="tenure" objects="6091" bytes="194632" bytesdiscarded="80" />
  <finalization candidates="5" enqueued="0" />
  <references type="soft" candidates="12" cleared="0" enqueued="0" dynamicThreshold="31" maxThreshold="32" />
  <references type="weak" candidates="66" cleared="14" enqueued="9" />
  <references type="phantom" candidates="1" cleared="0" enqueued="0" />
</gc-op>
<gc-end id="552" type="scavenge" contextid="548" durationms="1.474" usertimems="0.000" systemtimems="0.000" timestamp="2019-06-14T19:07:53.705" activeThreads="4">
  <mem-info id="553" free="2086869056" total="2092630016" percent="99">
    <mem type="nursery" free="924904" total="2097152" percent="44">
      <mem type="allocate" free="924904" total="1441792" percent="64" />
      <mem type="survivor" free="0" total="655360" percent="0" />
    </mem>
    <mem type="tenure" free="2085944152" total="2090532864" percent="99">
      <mem type="soa" free="1981418328" total="1986007040" percent="99" />
      <mem type="loa" free="104525824" total="104525824" percent="100" />
    </mem>
    <pending-finalizers system="0" default="0" reference="9" classloader="0" />
    <remembered-set count="1221" />
  </mem-info>
</gc-end>
<cycle-end id="554" type="scavenge" contextid="548" timestamp="2019-06-14T19:07:53.705" />
  <attribute name="elasticGC enabled" value="1" />
  <attribute name= "numThreadsSpecified" value="4" />
  <attribute name="heapSize specified" value="8388608" />
  <attribute name="Current GC Util" value="8" />
  <attribute name= "Current Time Running" value="1693" />
  <attribute name ="GC Interval" value="200" />
  <attribute name="ProportionalT" value="-6.000000" />
  <attribute name="ProportionalI" value="-6.000000" />
  <attribute name="ProportionalH" value="-6.000000" />
  <attribute name="Current Error" value="-12.000000" />
  <attribute name="IntegralT" value="-288.000000" />
  <attribute name="IntegralI" value="-288.000000" />
  <attribute name="IntegralH" value="-288.000000" />
  <attribute name="DerivativeT" value="-0.250000" />
  <attribute name="DerivativeI" value="-0.250000" />
  <attribute name="DerivativeH" value="-0.250000" />
  <attribute name="Loop Time for DT" value="24.000000" />
  <attribute name="Output H" value="2092630016"/>
  <attribute name="Output I" value="200"/>
  <attribute name="Output T" value="4"/>
  <attribute name="Target GC Util Change" value ="20.000000" />
  <attribute name="Current GC Util Change" value="8.000000"/>
  <attribute name="GC Util currently" value="8" />
  <attribute name="CPU Util currently" value="187372722246" />
<allocation-satisfied id="555" threadId="00000000025DD700" bytesRequested="16" />
<af-end id="556" timestamp="2019-06-14T19:07:53.705" threadId="00000000025DE088" success="true" from="nursery"/>
<exclusive-end id="557" timestamp="2019-06-14T19:07:53.705" durationms="1.951" />

<exclusive-start id="558" timestamp="2019-06-14T19:07:53.719" intervalms="15.712">
  <response-info timems="0.047" idlems="0.020" threads="2" lastid="00000000025DCC00" lastname="PmdThread 1" />
</exclusive-start>
<af-start id="559" threadId="00000000025DE088" totalBytesRequested="2504" timestamp="2019-06-14T19:07:53.719" intervalms="15.705" type="nursery" />
<cycle-start id="560" type="scavenge" contextid="0" timestamp="2019-06-14T19:07:53.719" intervalms="15.701" />
<gc-start id="561" type="scavenge" contextid="560" timestamp="2019-06-14T19:07:53.719">
  <mem-info id="562" free="2085938816" total="2092630016" percent="99">
    <mem type="nursery" free="0" total="2097152" percent="0">
      <mem type="allocate" free="0" total="1441792" percent="0" />
      <mem type="survivor" free="0" total="655360" percent="0" />
    </mem>
    <mem type="tenure" free="2085938816" total="2090532864" percent="99">
      <mem type="soa" free="1981412992" total="1986007040" percent="99" />
      <mem type="loa" free="104525824" total="104525824" percent="100" />
    </mem>
    <remembered-set count="1452" />
  </mem-info>
</gc-start>
<allocation-stats totalBytes="928064" >
  <allocated-bytes non-tlh="5352" tlh="922712" />
  <largest-consumer threadName="PmdThread 4" threadId="00000000025DE300" bytes="511856" />
</allocation-stats>
<gc-op id="563" type="scavenge" timems="0.835" contextid="560" timestamp="2019-06-14T19:07:53.720">
  <scavenger-info tenureage="2" tenuremask="7ffc" tiltratio="68" />
  <memory-copied type="nursery" objects="7674" bytes="340912" bytesdiscarded="66536" />
  <memory-copied type="tenure" objects="4950" bytes="165272" bytesdiscarded="88" />
  <finalization candidates="5" enqueued="0" />
  <references type="soft" candidates="2" cleared="0" enqueued="0" dynamicThreshold="31" maxThreshold="32" />
  <references type="weak" candidates="34" cleared="4" enqueued="4" />
  <references type="phantom" candidates="1" cleared="0" enqueued="0" />
</gc-op>
<gc-end id="564" type="scavenge" contextid="560" durationms="1.057" usertimems="0.000" systemtimems="0.000" timestamp="2019-06-14T19:07:53.720" activeThreads="4">
  <mem-info id="565" free="2086890344" total="2092630016" percent="99">
    <mem type="nursery" free="1099752" total="2097152" percent="52">
      <mem type="allocate" free="1099752" total="1507328" percent="72" />
      <mem type="survivor" free="0" total="589824" percent="0" />
    </mem>
    <mem type="tenure" free="2085790592" total="2090532864" percent="99">
      <mem type="soa" free="1981264768" total="1986007040" percent="99" />
      <mem type="loa" free="104525824" total="104525824" percent="100" />
    </mem>
    <pending-finalizers system="0" default="0" reference="4" classloader="0" />
    <remembered-set count="935" />
  </mem-info>
</gc-end>
<cycle-end id="566" type="scavenge" contextid="560" timestamp="2019-06-14T19:07:53.720" />
  <attribute name="elasticGC enabled" value="1" />
  <attribute name= "numThreadsSpecified" value="4" />
  <attribute name="heapSize specified" value="8388608" />
  <attribute name="Current GC Util" value="12" />
  <attribute name= "Current Time Running" value="1709" />
  <attribute name ="GC Interval" value="200" />
  <attribute name="ProportionalT" value="-4.000000" />
  <attribute name="ProportionalI" value="-4.000000" />
  <attribute name="ProportionalH" value="-4.000000" />
  <attribute name="Current Error" value="-8.000000" />
  <attribute name="IntegralT" value="-128.000000" />
  <attribute name="IntegralI" value="-128.000000" />
  <attribute name="IntegralH" value="-128.000000" />
  <attribute name="DerivativeT" value="-0.250000" />
  <attribute name="DerivativeI" value="-0.250000" />
  <attribute name="DerivativeH" value="-0.250000" />
  <attribute name="Loop Time for DT" value="16.000000" />
  <attribute name="Output H" value="2092630016"/>
  <attribute name="Output I" value="200"/>
  <attribute name="Output T" value="4"/>
  <attribute name="Target GC Util Change" value ="20.000000" />
  <attribute name="Current GC Util Change" value="12.000000"/>
  <attribute name="GC Util currently" value="12" />
  <attribute name="CPU Util currently" value="294177561645" />
<allocation-satisfied id="567" threadId="00000000025DD700" bytesRequested="2504" />
<af-end id="568" timestamp="2019-06-14T19:07:53.720" threadId="00000000025DE088" success="true" from="nursery"/>
<exclusive-end id="569" timestamp="2019-06-14T19:07:53.720" durationms="1.479" />

<exclusive-start id="570" timestamp="2019-06-14T19:07:53.731" intervalms="12.042">
  <response-info timems="0.077" idlems="0.077" threads="0" lastid="00000000025E0800" lastname="PmdThread 2" />
</exclusive-start>
<af-start id="571" threadId="00000000025E1188" totalBytesRequested="27656" timestamp="2019-06-14T19:07:53.731" intervalms="12.052" type="nursery" />
<cycle-start id="572" type="scavenge" contextid="0" timestamp="2019-06-14T19:07:53.731" intervalms="12.060" />
<gc-start id="573" type="scavenge" contextid="572" timestamp="2019-06-14T19:07:53.731">
  <mem-info id="574" free="2085789192" total="2092630016" percent="99">
    <mem type="nursery" free="0" total="2097152" percent="0">
      <mem type="allocate" free="0" total="1507328" percent="0" />
      <mem type="survivor" free="0" total="589824" percent="0" />
    </mem>
    <mem type="tenure" free="2085789192" total="2090532864" percent="99">
      <mem type="soa" free="1981263368" total="1986007040" percent="99" />
      <mem type="loa" free="104525824" total="104525824" percent="100" />
    </mem>
    <remembered-set count="1324" />
  </mem-info>
</gc-start>
<allocation-stats totalBytes="1099024" >
  <allocated-bytes non-tlh="31568" tlh="1067456" />
  <largest-consumer threadName="PmdThread 4" threadId="00000000025DE300" bytes="423328" />
</allocation-stats>
<gc-op id="575" type="scavenge" timems="2.633" contextid="572" timestamp="2019-06-14T19:07:53.734">
  <scavenger-info tenureage="2" tenuremask="7ffc" tiltratio="71" />
  <memory-copied type="nursery" objects="8687" bytes="326184" bytesdiscarded="26072" />
  <memory-copied type="tenure" objects="2664" bytes="155000" bytesdiscarded="48" />
  <finalization candidates="5" enqueued="0" />
  <references type="soft" candidates="1" cleared="0" enqueued="0" dynamicThreshold="31" maxThreshold="32" />
  <references type="weak" candidates="4" cleared="0" enqueued="0" />
  <references type="phantom" candidates="1" cleared="0" enqueued="0" />
</gc-op>
<gc-end id="576" type="scavenge" contextid="572" durationms="2.847" usertimems="4.000" systemtimems="0.000" timestamp="2019-06-14T19:07:53.734" activeThreads="4">
  <mem-info id="577" free="2086849272" total="2092630016" percent="99">
    <mem type="nursery" free="1154816" total="2097152" percent="55">
      <mem type="allocate" free="1154816" total="1507328" percent="76" />
      <mem type="survivor" free="0" total="589824" percent="0" />
    </mem>
    <mem type="tenure" free="2085694456" total="2090532864" percent="99">
      <mem type="soa" free="1981168632" total="1986007040" percent="99" />
      <mem type="loa" free="104525824" total="104525824" percent="100" />
    </mem>
    <remembered-set count="1070" />
  </mem-info>
</gc-end>
<cycle-end id="578" type="scavenge" contextid="572" timestamp="2019-06-14T19:07:53.734" />
  <attribute name="elasticGC enabled" value="1" />
  <attribute name= "numThreadsSpecified" value="4" />
  <attribute name="heapSize specified" value="8388608" />
  <attribute name="Current GC Util" value="14" />
  <attribute name= "Current Time Running" value="1721" />
  <attribute name ="GC Interval" value="200" />
  <attribute name="ProportionalT" value="-3.000000" />
  <attribute name="ProportionalI" value="-3.000000" />
  <attribute name="ProportionalH" value="-3.000000" />
  <attribute name="Current Error" value="-6.000000" />
  <attribute name="IntegralT" value="-72.000000" />
  <attribute name="IntegralI" value="-72.000000" />
  <attribute name="IntegralH" value="-72.000000" />
  <attribute name="DerivativeT" value="-0.250000" />
  <attribute name="DerivativeI" value="-0.250000" />
  <attribute name="DerivativeH" value="-0.250000" />
  <attribute name="Loop Time for DT" value="12.000000" />
  <attribute name="Output H" value="2092630016"/>
  <attribute name="Output I" value="200"/>
  <attribute name="Output T" value="4"/>
  <attribute name="Target GC Util Change" value ="20.000000" />
  <attribute name="Current GC Util Change" value="14.000000"/>
  <attribute name="GC Util currently" value="14" />
  <attribute name="CPU Util currently" value="381581941717" />
<allocation-satisfied id="579" threadId="00000000025E0800" bytesRequested="27656" />
<af-end id="580" timestamp="2019-06-14T19:07:53.734" threadId="00000000025E1188" success="true" from="nursery"/>
<exclusive-end id="581" timestamp="2019-06-14T19:07:53.734" durationms="3.317" />

<exclusive-start id="582" timestamp="2019-06-14T19:07:53.747" intervalms="16.311">
  <response-info timems="0.037" idlems="0.037" threads="0" lastid="00000000025DCC00" lastname="PmdThread 1" />
</exclusive-start>
<af-start id="583" threadId="00000000025DD588" totalBytesRequested="24" timestamp="2019-06-14T19:07:53.747" intervalms="16.322" type="nursery" />
<cycle-start id="584" type="scavenge" contextid="0" timestamp="2019-06-14T19:07:53.747" intervalms="16.321" />
<gc-start id="585" type="scavenge" contextid="584" timestamp="2019-06-14T19:07:53.747">
  <mem-info id="586" free="2085693904" total="2092630016" percent="99">
    <mem type="nursery" free="0" total="2097152" percent="0">
      <mem type="allocate" free="0" total="1507328" percent="0" />
      <mem type="survivor" free="0" total="589824" percent="0" />
    </mem>
    <mem type="tenure" free="2085693904" total="2090532864" percent="99">
      <mem type="soa" free="1981168080" total="1986007040" percent="99" />
      <mem type="loa" free="104525824" total="104525824" percent="100" />
    </mem>
    <remembered-set count="1112" />
  </mem-info>
</gc-start>
<allocation-stats totalBytes="1154120" >
  <allocated-bytes non-tlh="55864" tlh="1098256" />
  <largest-consumer threadName="PmdThread 2" threadId="00000000025E0800" bytes="603816" />
</allocation-stats>
<gc-op id="587" type="scavenge" timems="0.817" contextid="584" timestamp="2019-06-14T19:07:53.748">
  <scavenger-info tenureage="2" tenuremask="7ffc" tiltratio="71" />
  <memory-copied type="nursery" objects="6609" bytes="219488" bytesdiscarded="124088" />
  <memory-copied type="tenure" objects="4843" bytes="177488" bytesdiscarded="16" />
  <references type="soft" candidates="1" cleared="0" enqueued="0" dynamicThreshold="31" maxThreshold="32" />
  <references type="weak" candidates="5" cleared="1" enqueued="1" />
  <references type="phantom" candidates="2" cleared="1" enqueued="1" />
</gc-op>
<gc-end id="588" type="scavenge" contextid="584" durationms="1.048" usertimems="4.000" systemtimems="0.000" timestamp="2019-06-14T19:07:53.748" activeThreads="4">
  <mem-info id="589" free="2086743760" total="2092630016" percent="99">
    <mem type="nursery" free="1228800" total="2097152" percent="58">
      <mem type="allocate" free="1228800" total="1572864" percent="78" />
      <mem type="survivor" free="0" total="524288" percent="0" />
    </mem>
    <mem type="tenure" free="2085514960" total="2090532864" percent="99">
      <mem type="soa" free="1980989136" total="1986007040" percent="99" />
      <mem type="loa" free="104525824" total="104525824" percent="100" />
    </mem>
    <pending-finalizers system="0" default="0" reference="2" classloader="0" />
    <remembered-set count="913" />
  </mem-info>
</gc-end>
<cycle-end id="590" type="scavenge" contextid="584" timestamp="2019-06-14T19:07:53.748" />
  <attribute name="elasticGC enabled" value="1" />
  <attribute name= "numThreadsSpecified" value="4" />
  <attribute name="heapSize specified" value="8388608" />
  <attribute name="Current GC Util" value="22" />
  <attribute name= "Current Time Running" value="1737" />
  <attribute name ="GC Interval" value="200" />
  <attribute name="ProportionalT" value="1.000000" />
  <attribute name="ProportionalI" value="1.000000" />
  <attribute name="ProportionalH" value="1.000000" />
  <attribute name="Current Error" value="2.000000" />
  <attribute name="IntegralT" value="32.000000" />
  <attribute name="IntegralI" value="32.000000" />
  <attribute name="IntegralH" value="32.000000" />
  <attribute name="DerivativeT" value="0.062500" />
  <attribute name="DerivativeI" value="0.062500" />
  <attribute name="DerivativeH" value="0.062500" />
  <attribute name="Loop Time for DT" value="16.000000" />
  <attribute name="Output H" value="8388608"/>
  <attribute name="Output I" value="200"/>
  <attribute name="Output T" value="4"/>
  <attribute name="Target GC Util Change" value ="20.000000" />
  <attribute name="Current GC Util Change" value="22.000000"/>
  <attribute name="GC Util currently" value="22" />
  <attribute name="CPU Util currently" value="282282420857" />
<allocation-satisfied id="591" threadId="00000000025DCC00" bytesRequested="24" />
<af-end id="592" timestamp="2019-06-14T19:07:53.749" threadId="00000000025DD588" success="true" from="nursery"/>
<exclusive-end id="593" timestamp="2019-06-14T19:07:53.749" durationms="1.536" />

<exclusive-start id="594" timestamp="2019-06-14T19:07:53.756" intervalms="8.670">
  <response-info timems="0.164" idlems="0.164" threads="0" lastid="00000000025DE300" lastname="PmdThread 4" />
</exclusive-start>
<af-start id="595" threadId="00000000025DEC88" totalBytesRequested="56" timestamp="2019-06-14T19:07:53.756" intervalms="8.672" type="nursery" />
<cycle-start id="596" type="scavenge" contextid="0" timestamp="2019-06-14T19:07:53.756" intervalms="8.677" />
<gc-start id="597" type="scavenge" contextid="596" timestamp="2019-06-14T19:07:53.756">
  <mem-info id="598" free="2085514248" total="2092630016" percent="99">
    <mem type="nursery" free="0" total="2097152" percent="0">
      <mem type="allocate" free="0" total="1572864" percent="0" />
      <mem type="survivor" free="0" total="524288" percent="0" />
    </mem>
    <mem type="tenure" free="2085514248" total="2090532864" percent="99">
      <mem type="soa" free="1980988424" total="1986007040" percent="99" />
      <mem type="loa" free="104525824" total="104525824" percent="100" />
    </mem>
    <remembered-set count="947" />
  </mem-info>
</gc-start>
<allocation-stats totalBytes="1227864" >
  <allocated-bytes non-tlh="736" tlh="1227128" />
  <largest-consumer threadName="PmdThread 2" threadId="00000000025E0800" bytes="814296" />
</allocation-stats>
<gc-op id="599" type="scavenge" timems="1.142" contextid="596" timestamp="2019-06-14T19:07:53.757">
  <scavenger-info tenureage="2" tenuremask="7ffc" tiltratio="75" />
  <memory-copied type="nursery" objects="4832" bytes="148488" bytesdiscarded="60792" />
  <memory-copied type="tenure" objects="3771" bytes="117928" bytesdiscarded="112" />
  <references type="weak" candidates="72" cleared="71" enqueued="71" />
  <references type="phantom" candidates="1" cleared="1" enqueued="1" />
</gc-op>
<gc-end id="600" type="scavenge" contextid="596" durationms="1.349" usertimems="4.000" systemtimems="0.000" timestamp="2019-06-14T19:07:53.757" activeThreads="1">
  <mem-info id="601" free="2086794760" total="2092630016" percent="99">
    <mem type="nursery" free="1428736" total="2097152" percent="68">
      <mem type="allocate" free="1428736" total="1638400" percent="87" />
      <mem type="survivor" free="0" total="458752" percent="0" />
    </mem>
    <mem type="tenure" free="2085366024" total="2090532864" percent="99">
      <mem type="soa" free="1980840200" total="1986007040" percent="99" />
      <mem type="loa" free="104525824" total="104525824" percent="100" />
    </mem>
    <pending-finalizers system="0" default="0" reference="72" classloader="0" />
    <remembered-set count="235" />
  </mem-info>
</gc-end>
<cycle-end id="602" type="scavenge" contextid="596" timestamp="2019-06-14T19:07:53.757" />
  <attribute name="elasticGC enabled" value="1" />
  <attribute name= "numThreadsSpecified" value="1" />
  <attribute name="heapSize specified" value="8388608" />
  <attribute name="Current GC Util" value="20" />
  <attribute name= "Current Time Running" value="1746" />
  <attribute name ="GC Interval" value="200" />
  <attribute name="ProportionalT" value="0.000000" />
  <attribute name="ProportionalI" value="0.000000" />
  <attribute name="ProportionalH" value="0.000000" />
  <attribute name="Current Error" value="0.000000" />
  <attribute name="IntegralT" value="0.000000" />
  <attribute name="IntegralI" value="0.000000" />
  <attribute name="IntegralH" value="0.000000" />
  <attribute name="DerivativeT" value="-0.111111" />
  <attribute name="DerivativeI" value="-0.111111" />
  <attribute name="DerivativeH" value="-0.111111" />
  <attribute name="Loop Time for DT" value="9.000000" />
  <attribute name="Output H" value="8388608"/>
  <attribute name="Output I" value="200"/>
  <attribute name="Output T" value="1"/>
  <attribute name="Target GC Util Change" value ="20.000000" />
  <attribute name="Current GC Util Change" value="20.000000"/>
  <attribute name="GC Util currently" value="20" />
  <attribute name="CPU Util currently" value="532481568570" />
<allocation-satisfied id="603" threadId="00000000025DE300" bytesRequested="56" />
<af-end id="604" timestamp="2019-06-14T19:07:53.758" threadId="00000000025DEC88" success="true" from="nursery"/>
<exclusive-end id="605" timestamp="2019-06-14T19:07:53.758" durationms="1.833" />

<exclusive-start id="606" timestamp="2019-06-14T19:07:53.764" intervalms="7.928">
  <response-info timems="0.132" idlems="0.066" threads="2" lastid="00000000022D3F00" lastname="JIT Compilation Thread-1" />
</exclusive-start>
<af-start id="607" threadId="00000000025E1188" totalBytesRequested="64" timestamp="2019-06-14T19:07:53.764" intervalms="7.914" type="nursery" />
<cycle-start id="608" type="scavenge" contextid="0" timestamp="2019-06-14T19:07:53.764" intervalms="7.918" />
<gc-start id="609" type="scavenge" contextid="608" timestamp="2019-06-14T19:07:53.764">
  <mem-info id="610" free="2085366024" total="2092630016" percent="99">
    <mem type="nursery" free="0" total="2097152" percent="0">
      <mem type="allocate" free="0" total="1638400" percent="0" />
      <mem type="survivor" free="0" total="458752" percent="0" />
    </mem>
    <mem type="tenure" free="2085366024" total="2090532864" percent="99">
      <mem type="soa" free="1980840200" total="1986007040" percent="99" />
      <mem type="loa" free="104525824" total="104525824" percent="100" />
    </mem>
    <remembered-set count="251" />
  </mem-info>
</gc-start>
<allocation-stats totalBytes="1426312" >
  <allocated-bytes non-tlh="56" tlh="1426256" />
  <largest-consumer threadName="PmdThread 2" threadId="00000000025E0800" bytes="1017704" />
</allocation-stats>
<gc-op id="611" type="scavenge" timems="1.074" contextid="608" timestamp="2019-06-14T19:07:53.765">
  <scavenger-info tenureage="3" tenuremask="7ff8" tiltratio="78" />
  <memory-copied type="nursery" objects="6570" bytes="187712" bytesdiscarded="86016" />
  <references type="weak" candidates="97" cleared="97" enqueued="97" />
</gc-op>
<gc-end id="612" type="scavenge" contextid="608" durationms="1.270" usertimems="0.000" systemtimems="0.000" timestamp="2019-06-14T19:07:53.765" activeThreads="4">
  <mem-info id="613" free="2086730248" total="2092630016" percent="99">
    <mem type="nursery" free="1364224" total="2097152" percent="65">
      <mem type="allocate" free="1364224" total="1638400" percent="83" />
      <mem type="survivor" free="0" total="458752" percent="0" />
    </mem>
    <mem type="tenure" free="2085366024" total="2090532864" percent="99">
      <mem type="soa" free="1980840200" total="1986007040" percent="99" />
      <mem type="loa" free="104525824" total="104525824" percent="100" />
    </mem>
    <pending-finalizers system="0" default="0" reference="97" classloader="0" />
    <remembered-set count="224" />
  </mem-info>
</gc-end>
<cycle-end id="614" type="scavenge" contextid="608" timestamp="2019-06-14T19:07:53.765" />
  <attribute name="elasticGC enabled" value="1" />
  <attribute name= "numThreadsSpecified" value="4" />
  <attribute name="heapSize specified" value="8388608" />
  <attribute name="Current GC Util" value="15" />
  <attribute name= "Current Time Running" value="1754" />
  <attribute name ="GC Interval" value="200" />
  <attribute name="ProportionalT" value="-2.500000" />
  <attribute name="ProportionalI" value="-2.500000" />
  <attribute name="ProportionalH" value="-2.500000" />
  <attribute name="Current Error" value="-5.000000" />
  <attribute name="IntegralT" value="-40.000000" />
  <attribute name="IntegralI" value="-40.000000" />
  <attribute name="IntegralH" value="-40.000000" />
  <attribute name="DerivativeT" value="-0.312500" />
  <attribute name="DerivativeI" value="-0.312500" />
  <attribute name="DerivativeH" value="-0.312500" />
  <attribute name="Loop Time for DT" value="8.000000" />
  <attribute name="Output H" value="2092630016"/>
  <attribute name="Output I" value="200"/>
  <attribute name="Output T" value="4"/>
  <attribute name="Target GC Util Change" value ="20.000000" />
  <attribute name="Current GC Util Change" value="15.000000"/>
  <attribute name="GC Util currently" value="15" />
  <attribute name="CPU Util currently" value="583363399562" />
<allocation-satisfied id="615" threadId="00000000025E0800" bytesRequested="64" />
<af-end id="616" timestamp="2019-06-14T19:07:53.765" threadId="00000000025E1188" success="true" from="nursery"/>
<exclusive-end id="617" timestamp="2019-06-14T19:07:53.765" durationms="1.736" />

<exclusive-start id="618" timestamp="2019-06-14T19:07:53.771" intervalms="7.013">
  <response-info timems="0.051" idlems="0.028" threads="1" lastid="00000000025DCC00" lastname="PmdThread 1" />
</exclusive-start>
<af-start id="619" threadId="00000000025DE088" totalBytesRequested="6304" timestamp="2019-06-14T19:07:53.771" intervalms="7.019" type="nursery" />
<cycle-start id="620" type="scavenge" contextid="0" timestamp="2019-06-14T19:07:53.771" intervalms="7.005" />
<gc-start id="621" type="scavenge" contextid="620" timestamp="2019-06-14T19:07:53.771">
  <mem-info id="622" free="2085366024" total="2092630016" percent="99">
    <mem type="nursery" free="0" total="2097152" percent="0">
      <mem type="allocate" free="0" total="1638400" percent="0" />
      <mem type="survivor" free="0" total="458752" percent="0" />
    </mem>
    <mem type="tenure" free="2085366024" total="2090532864" percent="99">
      <mem type="soa" free="1980840200" total="1986007040" percent="99" />
      <mem type="loa" free="104525824" total="104525824" percent="100" />
    </mem>
    <remembered-set count="231" />
  </mem-info>
</gc-start>
<allocation-stats totalBytes="1359296" >
  <allocated-bytes non-tlh="64" tlh="1359232" />
  <largest-consumer threadName="PmdThread 2" threadId="00000000025E0800" bytes="944848" />
</allocation-stats>
<gc-op id="623" type="scavenge" timems="0.608" contextid="620" timestamp="2019-06-14T19:07:53.772">
  <scavenger-info tenureage="3" tenuremask="7ff8" tiltratio="78" />
  <memory-copied type="nursery" objects="4927" bytes="129096" bytesdiscarded="105632" />
  <memory-copied type="tenure" objects="2722" bytes="66696" bytesdiscarded="64" />
  <references type="weak" candidates="88" cleared="88" enqueued="88" />
</gc-op>
<gc-end id="624" type="scavenge" contextid="620" durationms="0.811" usertimems="0.000" systemtimems="0.000" timestamp="2019-06-14T19:07:53.772" activeThreads="4">
  <mem-info id="625" free="2086756616" total="2092630016" percent="99">
    <mem type="nursery" free="1468928" total="2097152" percent="70">
      <mem type="allocate" free="1468928" total="1703936" percent="86" />
      <mem type="survivor" free="0" total="393216" percent="0" />
    </mem>
    <mem type="tenure" free="2085287688" total="2090532864" percent="99">
      <mem type="soa" free="1980761864" total="1986007040" percent="99" />
      <mem type="loa" free="104525824" total="104525824" percent="100" />
    </mem>
    <pending-finalizers system="0" default="0" reference="88" classloader="0" />
    <remembered-set count="185" />
  </mem-info>
</gc-end>
<cycle-end id="626" type="scavenge" contextid="620" timestamp="2019-06-14T19:07:53.772" />
  <attribute name="elasticGC enabled" value="1" />
  <attribute name= "numThreadsSpecified" value="4" />
  <attribute name="heapSize specified" value="8388608" />
  <attribute name="Current GC Util" value="35" />
  <attribute name= "Current Time Running" value="1761" />
  <attribute name ="GC Interval" value="200" />
  <attribute name="ProportionalT" value="7.500000" />
  <attribute name="ProportionalI" value="7.500000" />
  <attribute name="ProportionalH" value="7.500000" />
  <attribute name="Current Error" value="15.000000" />
  <attribute name="IntegralT" value="105.000000" />
  <attribute name="IntegralI" value="105.000000" />
  <attribute name="IntegralH" value="105.000000" />
  <attribute name="DerivativeT" value="1.071429" />
  <attribute name="DerivativeI" value="1.071429" />
  <attribute name="DerivativeH" value="1.071429" />
  <attribute name="Loop Time for DT" value="7.000000" />
  <attribute name="Output H" value="8388608"/>
  <attribute name="Output I" value="200"/>
  <attribute name="Output T" value="4"/>
  <attribute name="Target GC Util Change" value ="20.000000" />
  <attribute name="Current GC Util Change" value="35.000000"/>
  <attribute name="GC Util currently" value="35" />
  <attribute name="CPU Util currently" value="657196617207" />
<allocation-satisfied id="627" threadId="00000000025DD700" bytesRequested="6304" />
<af-end id="628" timestamp="2019-06-14T19:07:53.772" threadId="00000000025DE088" success="true" from="nursery"/>
<exclusive-end id="629" timestamp="2019-06-14T19:07:53.772" durationms="1.296" />

<exclusive-start id="630" timestamp="2019-06-14T19:07:53.799" intervalms="28.544">
  <response-info timems="0.132" idlems="0.081" threads="1" lastid="00000000025DCC00" lastname="PmdThread 1" />
</exclusive-start>
<af-start id="631" threadId="00000000025DEC88" totalBytesRequested="792" timestamp="2019-06-14T19:07:53.799" intervalms="28.569" type="nursery" />
<cycle-start id="632" type="scavenge" contextid="0" timestamp="2019-06-14T19:07:53.800" intervalms="28.757" />
<gc-start id="633" type="scavenge" contextid="632" timestamp="2019-06-14T19:07:53.800">
  <mem-info id="634" free="2085273936" total="2092630016" percent="99">
    <mem type="nursery" free="0" total="2097152" percent="0">
      <mem type="allocate" free="0" total="1703936" percent="0" />
      <mem type="survivor" free="0" total="393216" percent="0" />
    </mem>
    <mem type="tenure" free="2085273936" total="2090532864" percent="99">
      <mem type="soa" free="1980748112" total="1986007040" percent="99" />
      <mem type="loa" free="104525824" total="104525824" percent="100" />
    </mem>
    <remembered-set count="439" />
  </mem-info>
</gc-start>
<allocation-stats totalBytes="1478480" >
  <allocated-bytes non-tlh="20056" tlh="1458424" />
  <largest-consumer threadName="PmdThread 2" threadId="00000000025E0800" bytes="624960" />
</allocation-stats>
<gc-op id="635" type="scavenge" timems="1.097" contextid="632" timestamp="2019-06-14T19:07:53.801">
  <scavenger-info tenureage="4" tenuremask="7ff0" tiltratio="81" />
  <memory-copied type="nursery" objects="7543" bytes="220344" bytesdiscarded="92680" />
  <references type="weak" candidates="69" cleared="69" enqueued="69" />
</gc-op>
<gc-end id="636" type="scavenge" contextid="632" durationms="1.347" usertimems="4.000" systemtimems="0.000" timestamp="2019-06-14T19:07:53.801" activeThreads="4">
  <mem-info id="637" free="2086664528" total="2092630016" percent="99">
    <mem type="nursery" free="1390592" total="2097152" percent="66">
      <mem type="allocate" free="1390592" total="1703936" percent="81" />
      <mem type="survivor" free="0" total="393216" percent="0" />
    </mem>
    <mem type="tenure" free="2085273936" total="2090532864" percent="99">
      <mem type="soa" free="1980748112" total="1986007040" percent="99" />
      <mem type="loa" free="104525824" total="104525824" percent="100" />
    </mem>
    <pending-finalizers system="0" default="0" reference="69" classloader="0" />
    <remembered-set count="429" />
  </mem-info>
</gc-end>
<cycle-end id="638" type="scavenge" contextid="632" timestamp="2019-06-14T19:07:53.801" />
  <attribute name="elasticGC enabled" value="1" />
  <attribute name= "numThreadsSpecified" value="4" />
  <attribute name="heapSize specified" value="8388608" />
  <attribute name="Current GC Util" value="3" />
  <attribute name= "Current Time Running" value="1790" />
  <attribute name ="GC Interval" value="200" />
  <attribute name="ProportionalT" value="-8.500000" />
  <attribute name="ProportionalI" value="-8.500000" />
  <attribute name="ProportionalH" value="-8.500000" />
  <attribute name="Current Error" value="-17.000000" />
  <attribute name="IntegralT" value="-493.000000" />
  <attribute name="IntegralI" value="-493.000000" />
  <attribute name="IntegralH" value="-493.000000" />
  <attribute name="DerivativeT" value="-0.551724" />
  <attribute name="DerivativeI" value="-0.551724" />
  <attribute name="DerivativeH" value="-0.551724" />
  <attribute name="Loop Time for DT" value="29.000000" />
  <attribute name="Output H" value="2092630016"/>
  <attribute name="Output I" value="200"/>
  <attribute name="Output T" value="4"/>
  <attribute name="Target GC Util Change" value ="20.000000" />
  <attribute name="Current GC Util Change" value="3.000000"/>
  <attribute name="GC Util currently" value="3" />
  <attribute name="CPU Util currently" value="11" />
<allocation-satisfied id="639" threadId="00000000025DE300" bytesRequested="792" />
<af-end id="640" timestamp="2019-06-14T19:07:53.801" threadId="00000000025DEC88" success="true" from="nursery"/>
<exclusive-end id="641" timestamp="2019-06-14T19:07:53.801" durationms="2.080" />

<exclusive-start id="642" timestamp="2019-06-14T19:07:53.822" intervalms="23.073">
  <response-info timems="0.047" idlems="0.025" threads="1" lastid="00000000025DD700" lastname="PmdThread 3" />
</exclusive-start>
<af-start id="643" threadId="00000000025DD588" totalBytesRequested="8200" timestamp="2019-06-14T19:07:53.822" intervalms="23.058" type="nursery" />
<cycle-start id="644" type="scavenge" contextid="0" timestamp="2019-06-14T19:07:53.822" intervalms="22.846" />
<gc-start id="645" type="scavenge" contextid="644" timestamp="2019-06-14T19:07:53.823">
  <mem-info id="646" free="2085269232" total="2092630016" percent="99">
    <mem type="nursery" free="0" total="2097152" percent="0">
      <mem type="allocate" free="0" total="1703936" percent="0" />
      <mem type="survivor" free="0" total="393216" percent="0" />
    </mem>
    <mem type="tenure" free="2085269232" total="2090532864" percent="99">
      <mem type="soa" free="1980743408" total="1986007040" percent="99" />
      <mem type="loa" free="104525824" total="104525824" percent="100" />
    </mem>
    <remembered-set count="505" />
  </mem-info>
</gc-start>
<allocation-stats totalBytes="1393208" >
  <allocated-bytes non-tlh="5496" tlh="1387712" />
  <largest-consumer threadName="PmdThread 2" threadId="00000000025E0800" bytes="474152" />
</allocation-stats>
<gc-op id="647" type="scavenge" timems="1.100" contextid="644" timestamp="2019-06-14T19:07:53.824">
  <scavenger-info tenureage="4" tenuremask="7ff0" tiltratio="81" />
  <memory-copied type="nursery" objects="7755" bytes="318304" bytesdiscarded="74640" />
  <memory-copied type="tenure" objects="3160" bytes="93728" bytesdiscarded="0" />
  <copy-failed type="nursery" objects="1755" bytes="58064" />
  <references type="soft" candidates="100" cleared="0" enqueued="0" dynamicThreshold="31" maxThreshold="32" />
  <references type="weak" candidates="57" cleared="57" enqueued="57" />
  <references type="phantom" candidates="2" cleared="0" enqueued="0" />
</gc-op>
<gc-end id="648" type="scavenge" contextid="644" durationms="1.319" usertimems="0.000" systemtimems="4.000" timestamp="2019-06-14T19:07:53.824" activeThreads="4">
  <mem-info id="649" free="2086344176" total="2092630016" percent="99">
    <mem type="nursery" free="1114112" total="2097152" percent="53">
      <mem type="allocate" free="1114112" total="1507328" percent="73" />
      <mem type="survivor" free="0" total="589824" percent="0" />
    </mem>
    <mem type="tenure" free="2085230064" total="2090532864" percent="99">
      <mem type="soa" free="1980704240" total="1986007040" percent="99" />
      <mem type="loa" free="104525824" total="104525824" percent="100" />
    </mem>
    <pending-finalizers system="0" default="0" reference="57" classloader="0" />
    <remembered-set count="1057" />
  </mem-info>
</gc-end>
<cycle-end id="650" type="scavenge" contextid="644" timestamp="2019-06-14T19:07:53.824" />
  <attribute name="elasticGC enabled" value="1" />
  <attribute name= "numThreadsSpecified" value="4" />
  <attribute name="heapSize specified" value="8388608" />
  <attribute name="Current GC Util" value="9" />
  <attribute name= "Current Time Running" value="1813" />
  <attribute name ="GC Interval" value="200" />
  <attribute name="ProportionalT" value="-5.500000" />
  <attribute name="ProportionalI" value="-5.500000" />
  <attribute name="ProportionalH" value="-5.500000" />
  <attribute name="Current Error" value="-11.000000" />
  <attribute name="IntegralT" value="-253.000000" />
  <attribute name="IntegralI" value="-253.000000" />
  <attribute name="IntegralH" value="-253.000000" />
  <attribute name="DerivativeT" value="-0.239130" />
  <attribute name="DerivativeI" value="-0.239130" />
  <attribute name="DerivativeH" value="-0.239130" />
  <attribute name="Loop Time for DT" value="23.000000" />
  <attribute name="Output H" value="2092630016"/>
  <attribute name="Output I" value="200"/>
  <attribute name="Output T" value="4"/>
  <attribute name="Target GC Util Change" value ="20.000000" />
  <attribute name="Current GC Util Change" value="9.000000"/>
  <attribute name="GC Util currently" value="9" />
  <attribute name="CPU Util currently" value="202860243439" />
<allocation-satisfied id="651" threadId="00000000025DCC00" bytesRequested="8200" />
<af-end id="652" timestamp="2019-06-14T19:07:53.824" threadId="00000000025DD588" success="true" from="nursery"/>
<exclusive-end id="653" timestamp="2019-06-14T19:07:53.824" durationms="1.797" />

<exclusive-start id="654" timestamp="2019-06-14T19:07:53.829" intervalms="6.329">
  <response-info timems="0.072" idlems="0.072" threads="0" lastid="00000000025DE300" lastname="PmdThread 4" />
</exclusive-start>
<af-start id="655" threadId="00000000025DEC88" totalBytesRequested="24" timestamp="2019-06-14T19:07:53.829" intervalms="6.320" type="nursery" />
<cycle-start id="656" type="scavenge" contextid="0" timestamp="2019-06-14T19:07:53.829" intervalms="6.354" />
<gc-start id="657" type="scavenge" contextid="656" timestamp="2019-06-14T19:07:53.829">
  <mem-info id="658" free="2085230064" total="2092630016" percent="99">
    <mem type="nursery" free="0" total="2097152" percent="0">
      <mem type="allocate" free="0" total="1507328" percent="0" />
      <mem type="survivor" free="0" total="589824" percent="0" />
    </mem>
    <mem type="tenure" free="2085230064" total="2090532864" percent="99">
      <mem type="soa" free="1980704240" total="1986007040" percent="99" />
      <mem type="loa" free="104525824" total="104525824" percent="100" />
    </mem>
    <remembered-set count="1057" />
  </mem-info>
</gc-start>
<allocation-stats totalBytes="1092536" >
  <allocated-bytes non-tlh="8200" tlh="1084336" />
  <largest-consumer threadName="PmdThread 2" threadId="00000000025E0800" bytes="482672" />
</allocation-stats>
<gc-op id="659" type="scavenge" timems="1.243" contextid="656" timestamp="2019-06-14T19:07:53.830">
  <scavenger-info tenureage="4" tenuremask="7ff0" tiltratio="71" />
  <memory-copied type="nursery" objects="8858" bytes="433992" bytesdiscarded="110616" />
  <memory-copied type="tenure" objects="1410" bytes="36384" bytesdiscarded="0" />
  <references type="soft" candidates="100" cleared="0" enqueued="0" dynamicThreshold="31" maxThreshold="32" />
  <references type="weak" candidates="65" cleared="65" enqueued="65" />
  <references type="phantom" candidates="1" cleared="0" enqueued="0" />
</gc-op>
<gc-end id="660" type="scavenge" contextid="656" durationms="1.448" usertimems="4.000" systemtimems="0.000" timestamp="2019-06-14T19:07:53.830" activeThreads="4">
  <mem-info id="661" free="2086153416" total="2092630016" percent="99">
    <mem type="nursery" free="962520" total="2097152" percent="45">
      <mem type="allocate" free="962520" total="1507328" percent="63" />
      <mem type="survivor" free="0" total="589824" percent="0" />
    </mem>
    <mem type="tenure" free="2085190896" total="2090532864" percent="99">
      <mem type="soa" free="1980665072" total="1986007040" percent="99" />
      <mem type="loa" free="104525824" total="104525824" percent="100" />
    </mem>
    <pending-finalizers system="0" default="0" reference="65" classloader="0" />
    <remembered-set count="836" />
  </mem-info>
</gc-end>
<cycle-end id="662" type="scavenge" contextid="656" timestamp="2019-06-14T19:07:53.830" />
  <attribute name="elasticGC enabled" value="1" />
  <attribute name= "numThreadsSpecified" value="4" />
  <attribute name="heapSize specified" value="8388608" />
  <attribute name="Current GC Util" value="34" />
  <attribute name= "Current Time Running" value="1819" />
  <attribute name ="GC Interval" value="200" />
  <attribute name="ProportionalT" value="7.000000" />
  <attribute name="ProportionalI" value="7.000000" />
  <attribute name="ProportionalH" value="7.000000" />
  <attribute name="Current Error" value="14.000000" />
  <attribute name="IntegralT" value="84.000000" />
  <attribute name="IntegralI" value="84.000000" />
  <attribute name="IntegralH" value="84.000000" />
  <attribute name="DerivativeT" value="1.166667" />
  <attribute name="DerivativeI" value="1.166667" />
  <attribute name="DerivativeH" value="1.166667" />
  <attribute name="Loop Time for DT" value="6.000000" />
  <attribute name="Output H" value="8388608"/>
  <attribute name="Output I" value="200"/>
  <attribute name="Output T" value="4"/>
  <attribute name="Target GC Util Change" value ="20.000000" />
  <attribute name="Current GC Util Change" value="34.000000"/>
  <attribute name="GC Util currently" value="34" />
  <attribute name="CPU Util currently" value="723293262516" />
<allocation-satisfied id="663" threadId="00000000025DE300" bytesRequested="24" />
<af-end id="664" timestamp="2019-06-14T19:07:53.831" threadId="00000000025DEC88" success="true" from="nursery"/>
<exclusive-end id="665" timestamp="2019-06-14T19:07:53.831" durationms="1.946" />

<exclusive-start id="666" timestamp="2019-06-14T19:07:53.835" intervalms="6.145">
  <response-info timems="0.024" idlems="0.024" threads="0" lastid="00000000025DD700" lastname="PmdThread 3" />
</exclusive-start>
<af-start id="667" threadId="00000000025DE088" totalBytesRequested="56" timestamp="2019-06-14T19:07:53.835" intervalms="6.166" type="nursery" />
<cycle-start id="668" type="scavenge" contextid="0" timestamp="2019-06-14T19:07:53.835" intervalms="6.196" />
<gc-start id="669" type="scavenge" contextid="668" timestamp="2019-06-14T19:07:53.835">
  <mem-info id="670" free="2085190352" total="2092630016" percent="99">
    <mem type="nursery" free="0" total="2097152" percent="0">
      <mem type="allocate" free="0" total="1507328" percent="0" />
      <mem type="survivor" free="0" total="589824" percent="0" />
    </mem>
    <mem type="tenure" free="2085190352" total="2090532864" percent="99">
      <mem type="soa" free="1980664528" total="1986007040" percent="99" />
      <mem type="loa" free="104525824" total="104525824" percent="100" />
    </mem>
    <remembered-set count="859" />
  </mem-info>
</gc-start>
<allocation-stats totalBytes="961696" >
  <allocated-bytes non-tlh="568" tlh="961128" />
  <largest-consumer threadName="PmdThread 2" threadId="00000000025E0800" bytes="560168" />
</allocation-stats>
<gc-op id="671" type="scavenge" timems="0.959" contextid="668" timestamp="2019-06-14T19:07:53.836">
  <scavenger-info tenureage="3" tenuremask="7ff8" tiltratio="71" />
  <memory-copied type="nursery" objects="6157" bytes="357712" bytesdiscarded="146240" />
  <memory-copied type="tenure" objects="4002" bytes="122312" bytesdiscarded="16" />
  <references type="soft" candidates="100" cleared="0" enqueued="0" dynamicThreshold="31" maxThreshold="32" />
  <references type="weak" candidates="61" cleared="61" enqueued="61" />
  <references type="phantom" candidates="2" cleared="1" enqueued="1" />
</gc-op>
<gc-end id="672" type="scavenge" contextid="668" durationms="1.156" usertimems="0.000" systemtimems="0.000" timestamp="2019-06-14T19:07:53.836" activeThreads="4">
  <mem-info id="673" free="2086076056" total="2092630016" percent="99">
    <mem type="nursery" free="1003208" total="2097152" percent="47">
      <mem type="allocate" free="1003208" total="1507328" percent="66" />
      <mem type="survivor" free="0" total="589824" percent="0" />
    </mem>
    <mem type="tenure" free="2085072848" total="2090532864" percent="99">
      <mem type="soa" free="1980547024" total="1986007040" percent="99" />
      <mem type="loa" free="104525824" total="104525824" percent="100" />
    </mem>
    <pending-finalizers system="0" default="0" reference="62" classloader="0" />
    <remembered-set count="768" />
  </mem-info>
</gc-end>
<cycle-end id="674" type="scavenge" contextid="668" timestamp="2019-06-14T19:07:53.836" />
  <attribute name="elasticGC enabled" value="1" />
  <attribute name= "numThreadsSpecified" value="4" />
  <attribute name="heapSize specified" value="8388608" />
  <attribute name="Current GC Util" value="45" />
  <attribute name= "Current Time Running" value="1825" />
  <attribute name ="GC Interval" value="200" />
  <attribute name="ProportionalT" value="12.500000" />
  <attribute name="ProportionalI" value="12.500000" />
  <attribute name="ProportionalH" value="12.500000" />
  <attribute name="Current Error" value="25.000000" />
  <attribute name="IntegralT" value="150.000000" />
  <attribute name="IntegralI" value="150.000000" />
  <attribute name="IntegralH" value="150.000000" />
  <attribute name="DerivativeT" value="0.916667" />
  <attribute name="DerivativeI" value="0.916667" />
  <attribute name="DerivativeH" value="0.916667" />
  <attribute name="Loop Time for DT" value="6.000000" />
  <attribute name="Output H" value="8388608"/>
  <attribute name="Output I" value="200"/>
  <attribute name="Output T" value="4"/>
  <attribute name="Target GC Util Change" value ="20.000000" />
  <attribute name="Current GC Util Change" value="45.000000"/>
  <attribute name="GC Util currently" value="45" />
  <attribute name="CPU Util currently" value="746367847333" />
<allocation-satisfied id="675" threadId="00000000025DD700" bytesRequested="56" />
<af-end id="676" timestamp="2019-06-14T19:07:53.836" threadId="00000000025DE088" success="true" from="nursery"/>
<exclusive-end id="677" timestamp="2019-06-14T19:07:53.836" durationms="1.708" />

<exclusive-start id="678" timestamp="2019-06-14T19:07:53.842" intervalms="7.692">
  <response-info timems="0.040" idlems="0.040" threads="0" lastid="00000000025E0800" lastname="PmdThread 2" />
</exclusive-start>
<af-start id="679" threadId="00000000025E1188" totalBytesRequested="128" timestamp="2019-06-14T19:07:53.843" intervalms="7.657" type="nursery" />
<cycle-start id="680" type="scavenge" contextid="0" timestamp="2019-06-14T19:07:53.843" intervalms="7.628" />
<gc-start id="681" type="scavenge" contextid="680" timestamp="2019-06-14T19:07:53.843">
  <mem-info id="682" free="2085072848" total="2092630016" percent="99">
    <mem type="nursery" free="0" total="2097152" percent="0">
      <mem type="allocate" free="0" total="1507328" percent="0" />
      <mem type="survivor" free="0" total="589824" percent="0" />
    </mem>
    <mem type="tenure" free="2085072848" total="2090532864" percent="99">
      <mem type="soa" free="1980547024" total="1986007040" percent="99" />
      <mem type="loa" free="104525824" total="104525824" percent="100" />
    </mem>
    <remembered-set count="816" />
  </mem-info>
</gc-start>
<allocation-stats totalBytes="1001112" >
  <allocated-bytes non-tlh="32840" tlh="968272" />
  <largest-consumer threadName="PmdThread 2" threadId="00000000025E0800" bytes="505728" />
</allocation-stats>
<gc-op id="683" type="scavenge" timems="1.541" contextid="680" timestamp="2019-06-14T19:07:53.844">
  <scavenger-info tenureage="3" tenuremask="7ff8" tiltratio="71" />
  <memory-copied type="nursery" objects="7743" bytes="391272" bytesdiscarded="126936" />
  <memory-copied type="tenure" objects="2121" bytes="141320" bytesdiscarded="48" />
  <references type="weak" candidates="53" cleared="52" enqueued="52" />
  <references type="phantom" candidates="1" cleared="0" enqueued="0" />
</gc-op>
<gc-end id="684" type="scavenge" contextid="680" durationms="1.753" usertimems="0.000" systemtimems="4.000" timestamp="2019-06-14T19:07:53.844" activeThreads="4">
  <mem-info id="685" free="2085954184" total="2092630016" percent="99">
    <mem type="nursery" free="1054408" total="2097152" percent="50">
      <mem type="allocate" free="1054408" total="1572864" percent="67" />
      <mem type="survivor" free="0" total="524288" percent="0" />
    </mem>
    <mem type="tenure" free="2084899776" total="2090532864" percent="99">
      <mem type="soa" free="1980373952" total="1986007040" percent="99" />
      <mem type="loa" free="104525824" total="104525824" percent="100" />
    </mem>
    <pending-finalizers system="0" default="0" reference="52" classloader="0" />
    <remembered-set count="305" />
  </mem-info>
</gc-end>
<cycle-end id="686" type="scavenge" contextid="680" timestamp="2019-06-14T19:07:53.845" />
  <attribute name="elasticGC enabled" value="1" />
  <attribute name= "numThreadsSpecified" value="4" />
  <attribute name="heapSize specified" value="8388608" />
  <attribute name="Current GC Util" value="19" />
  <attribute name= "Current Time Running" value="1833" />
  <attribute name ="GC Interval" value="200" />
  <attribute name="ProportionalT" value="-0.500000" />
  <attribute name="ProportionalI" value="-0.500000" />
  <attribute name="ProportionalH" value="-0.500000" />
  <attribute name="Current Error" value="-1.000000" />
  <attribute name="IntegralT" value="-8.000000" />
  <attribute name="IntegralI" value="-8.000000" />
  <attribute name="IntegralH" value="-8.000000" />
  <attribute name="DerivativeT" value="-1.625000" />
  <attribute name="DerivativeI" value="-1.625000" />
  <attribute name="DerivativeH" value="-1.625000" />
  <attribute name="Loop Time for DT" value="8.000000" />
  <attribute name="Output H" value="2092630016"/>
  <attribute name="Output I" value="200"/>
  <attribute name="Output T" value="4"/>
  <attribute name="Target GC Util Change" value ="20.000000" />
  <attribute name="Current GC Util Change" value="19.000000"/>
  <attribute name="GC Util currently" value="19" />
  <attribute name="CPU Util currently" value="604769720289" />
<allocation-satisfied id="687" threadId="00000000025E0800" bytesRequested="128" />
<af-end id="688" timestamp="2019-06-14T19:07:53.845" threadId="00000000025E1188" success="true" from="nursery"/>
<exclusive-end id="689" timestamp="2019-06-14T19:07:53.845" durationms="2.222" />

<exclusive-start id="690" timestamp="2019-06-14T19:07:53.850" intervalms="7.804">
  <response-info timems="0.058" idlems="0.031" threads="1" lastid="00000000025DCC00" lastname="PmdThread 1" />
</exclusive-start>
<af-start id="691" threadId="00000000025DE088" totalBytesRequested="48" timestamp="2019-06-14T19:07:53.850" intervalms="7.778" type="nursery" />
<cycle-start id="692" type="scavenge" contextid="0" timestamp="2019-06-14T19:07:53.850" intervalms="7.754" />
<gc-start id="693" type="scavenge" contextid="692" timestamp="2019-06-14T19:07:53.850">
  <mem-info id="694" free="2084899776" total="2092630016" percent="99">
    <mem type="nursery" free="0" total="2097152" percent="0">
      <mem type="allocate" free="0" total="1572864" percent="0" />
      <mem type="survivor" free="0" total="524288" percent="0" />
    </mem>
    <mem type="tenure" free="2084899776" total="2090532864" percent="99">
      <mem type="soa" free="1980373952" total="1986007040" percent="99" />
      <mem type="loa" free="104525824" total="104525824" percent="100" />
    </mem>
    <remembered-set count="437" />
  </mem-info>
</gc-start>
<allocation-stats totalBytes="1052840" >
  <allocated-bytes non-tlh="128" tlh="1052712" />
  <largest-consumer threadName="PmdThread 2" threadId="00000000025E0800" bytes="384088" />
</allocation-stats>
<gc-op id="695" type="scavenge" timems="0.894" contextid="692" timestamp="2019-06-14T19:07:53.851">
  <scavenger-info tenureage="3" tenuremask="7ff8" tiltratio="75" />
  <memory-copied type="nursery" objects="10293" bytes="374312" bytesdiscarded="96976" />
  <memory-copied type="tenure" objects="2315" bytes="146848" bytesdiscarded="112" />
  <references type="weak" candidates="18" cleared="16" enqueued="16" />
  <references type="phantom" candidates="1" cleared="0" enqueued="0" />
</gc-op>
<gc-end id="696" type="scavenge" contextid="692" durationms="1.077" usertimems="0.000" systemtimems="0.000" timestamp="2019-06-14T19:07:53.851" activeThreads="4">
  <mem-info id="697" free="2085866896" total="2092630016" percent="99">
    <mem type="nursery" free="1101024" total="2097152" percent="52">
      <mem type="allocate" free="1101024" total="1572864" percent="70" />
      <mem type="survivor" free="0" total="524288" percent="0" />
    </mem>
    <mem type="tenure" free="2084765872" total="2090532864" percent="99">
      <mem type="soa" free="1980240048" total="1986007040" percent="99" />
      <mem type="loa" free="104525824" total="104525824" percent="100" />
    </mem>
    <pending-finalizers system="0" default="0" reference="16" classloader="0" />
    <remembered-set count="570" />
  </mem-info>
</gc-end>
<cycle-end id="698" type="scavenge" contextid="692" timestamp="2019-06-14T19:07:53.852" />
  <attribute name="elasticGC enabled" value="1" />
  <attribute name= "numThreadsSpecified" value="4" />
  <attribute name="heapSize specified" value="8388608" />
  <attribute name="Current GC Util" value="50" />
  <attribute name= "Current Time Running" value="1840" />
  <attribute name ="GC Interval" value="232" />
  <attribute name="ProportionalT" value="15.000000" />
  <attribute name="ProportionalI" value="15.000000" />
  <attribute name="ProportionalH" value="15.000000" />
  <attribute name="Current Error" value="30.000000" />
  <attribute name="IntegralT" value="210.000000" />
  <attribute name="IntegralI" value="210.000000" />
  <attribute name="IntegralH" value="210.000000" />
  <attribute name="DerivativeT" value="2.142857" />
  <attribute name="DerivativeI" value="2.142857" />
  <attribute name="DerivativeH" value="2.142857" />
  <attribute name="Loop Time for DT" value="7.000000" />
  <attribute name="Output H" value="8388608"/>
  <attribute name="Output I" value="232"/>
  <attribute name="Output T" value="4"/>
  <attribute name="Target GC Util Change" value ="20.000000" />
  <attribute name="Current GC Util Change" value="50.000000"/>
  <attribute name="GC Util currently" value="50" />
  <attribute name="CPU Util currently" value="599866648960" />
<allocation-satisfied id="699" threadId="00000000025DD700" bytesRequested="48" />
<af-end id="700" timestamp="2019-06-14T19:07:53.852" threadId="00000000025DE088" success="true" from="nursery"/>
<exclusive-end id="701" timestamp="2019-06-14T19:07:53.852" durationms="1.479" />

<exclusive-start id="702" timestamp="2019-06-14T19:07:53.857" intervalms="6.631">
  <response-info timems="0.050" idlems="0.027" threads="1" lastid="00000000025DD700" lastname="PmdThread 3" />
</exclusive-start>
<af-start id="703" threadId="00000000025DD588" totalBytesRequested="16" timestamp="2019-06-14T19:07:53.857" intervalms="6.652" type="nursery" />
<cycle-start id="704" type="scavenge" contextid="0" timestamp="2019-06-14T19:07:53.857" intervalms="6.660" />
<gc-start id="705" type="scavenge" contextid="704" timestamp="2019-06-14T19:07:53.857">
  <mem-info id="706" free="2084765824" total="2092630016" percent="99">
    <mem type="nursery" free="0" total="2097152" percent="0">
      <mem type="allocate" free="0" total="1572864" percent="0" />
      <mem type="survivor" free="0" total="524288" percent="0" />
    </mem>
    <mem type="tenure" free="2084765824" total="2090532864" percent="99">
      <mem type="soa" free="1980240000" total="1986007040" percent="99" />
      <mem type="loa" free="104525824" total="104525824" percent="100" />
    </mem>
    <remembered-set count="592" />
  </mem-info>
</gc-start>
<allocation-stats totalBytes="1099944" >
  <allocated-bytes non-tlh="96" tlh="1099848" />
  <largest-consumer threadName="PmdThread 4" threadId="00000000025DE300" bytes="445616" />
</allocation-stats>
<gc-op id="707" type="scavenge" timems="0.866" contextid="704" timestamp="2019-06-14T19:07:53.858">
  <scavenger-info tenureage="4" tenuremask="7ff0" tiltratio="75" />
  <memory-copied type="nursery" objects="13025" bytes="456320" bytesdiscarded="67272" />
  <memory-copied type="tenure" objects="2923" bytes="70336" bytesdiscarded="48" />
  <copy-failed type="nursery" objects="2923" bytes="70336" />
  <references type="weak" candidates="2" cleared="0" enqueued="0" />
</gc-op>
<gc-end id="708" type="scavenge" contextid="704" durationms="1.070" usertimems="0.000" systemtimems="4.000" timestamp="2019-06-14T19:07:53.858" activeThreads="4">
  <mem-info id="709" free="2085473920" total="2092630016" percent="99">
    <mem type="nursery" free="786432" total="2097152" percent="37">
      <mem type="allocate" free="786432" total="1310720" percent="60" />
      <mem type="survivor" free="0" total="786432" percent="0" />
    </mem>
    <mem type="tenure" free="2084687488" total="2090532864" percent="99">
      <mem type="soa" free="1980161664" total="1986007040" percent="99" />
      <mem type="loa" free="104525824" total="104525824" percent="100" />
    </mem>
    <remembered-set count="710" />
  </mem-info>
</gc-end>
<cycle-end id="710" type="scavenge" contextid="704" timestamp="2019-06-14T19:07:53.858" />
  <attribute name="elasticGC enabled" value="1" />
  <attribute name= "numThreadsSpecified" value="4" />
  <attribute name="heapSize specified" value="8388608" />
  <attribute name="Current GC Util" value="24" />
  <attribute name= "Current Time Running" value="1847" />
  <attribute name ="GC Interval" value="200" />
  <attribute name="ProportionalT" value="2.000000" />
  <attribute name="ProportionalI" value="2.000000" />
  <attribute name="ProportionalH" value="2.000000" />
  <attribute name="Current Error" value="4.000000" />
  <attribute name="IntegralT" value="28.000000" />
  <attribute name="IntegralI" value="28.000000" />
  <attribute name="IntegralH" value="28.000000" />
  <attribute name="DerivativeT" value="-1.857143" />
  <attribute name="DerivativeI" value="-1.857143" />
  <attribute name="DerivativeH" value="-1.857143" />
  <attribute name="Loop Time for DT" value="7.000000" />
  <attribute name="Output H" value="8388608"/>
  <attribute name="Output I" value="200"/>
  <attribute name="Output T" value="4"/>
  <attribute name="Target GC Util Change" value ="20.000000" />
  <attribute name="Current GC Util Change" value="24.000000"/>
  <attribute name="GC Util currently" value="24" />
  <attribute name="CPU Util currently" value="687361555690" />
<allocation-satisfied id="711" threadId="00000000025DCC00" bytesRequested="16" />
<af-end id="712" timestamp="2019-06-14T19:07:53.858" threadId="00000000025DD588" success="true" from="nursery"/>
<exclusive-end id="713" timestamp="2019-06-14T19:07:53.858" durationms="1.516" />

<exclusive-start id="714" timestamp="2019-06-14T19:07:53.862" intervalms="5.142">
  <response-info timems="0.054" idlems="0.054" threads="0" lastid="00000000025DD700" lastname="PmdThread 3" />
</exclusive-start>
<af-start id="715" threadId="00000000025DE088" totalBytesRequested="16" timestamp="2019-06-14T19:07:53.862" intervalms="5.120" type="nursery" />
<cycle-start id="716" type="scavenge" contextid="0" timestamp="2019-06-14T19:07:53.862" intervalms="5.123" />
<gc-start id="717" type="scavenge" contextid="716" timestamp="2019-06-14T19:07:53.862">
  <mem-info id="718" free="2084687104" total="2092630016" percent="99">
    <mem type="nursery" free="0" total="2097152" percent="0">
      <mem type="allocate" free="0" total="1310720" percent="0" />
      <mem type="survivor" free="0" total="786432" percent="0" />
    </mem>
    <mem type="tenure" free="2084687104" total="2090532864" percent="99">
      <mem type="soa" free="1980161280" total="1986007040" percent="99" />
      <mem type="loa" free="104525824" total="104525824" percent="100" />
    </mem>
    <remembered-set count="748" />
  </mem-info>
</gc-start>
<allocation-stats totalBytes="786056" >
  <allocated-bytes non-tlh="400" tlh="785656" />
  <largest-consumer threadName="PmdThread 2" threadId="00000000025E0800" bytes="462256" />
</allocation-stats>
<gc-op id="719" type="scavenge" timems="0.794" contextid="716" timestamp="2019-06-14T19:07:53.863">
  <scavenger-info tenureage="3" tenuremask="7ff8" tiltratio="62" />
  <memory-copied type="nursery" objects="11142" bytes="371560" bytesdiscarded="133952" />
  <memory-copied type="tenure" objects="4229" bytes="195704" bytesdiscarded="48" />
  <references type="soft" candidates="4" cleared="0" enqueued="0" dynamicThreshold="31" maxThreshold="32" />
  <references type="weak" candidates="3" cleared="1" enqueued="1" />
  <references type="phantom" candidates="3" cleared="1" enqueued="1" />
</gc-op>
<gc-end id="720" type="scavenge" contextid="716" durationms="0.996" usertimems="4.000" systemtimems="0.000" timestamp="2019-06-14T19:07:53.863" activeThreads="4">
  <mem-info id="721" free="2085267176" total="2092630016" percent="99">
    <mem type="nursery" free="870144" total="2097152" percent="41">
      <mem type="allocate" free="870144" total="1376256" percent="63" />
      <mem type="survivor" free="0" total="720896" percent="0" />
    </mem>
    <mem type="tenure" free="2084397032" total="2090532864" percent="99">
      <mem type="soa" free="1979871208" total="1986007040" percent="99" />
      <mem type="loa" free="104525824" total="104525824" percent="100" />
    </mem>
    <pending-finalizers system="0" default="0" reference="2" classloader="0" />
    <remembered-set count="690" />
  </mem-info>
</gc-end>
<cycle-end id="722" type="scavenge" contextid="716" timestamp="2019-06-14T19:07:53.863" />
  <attribute name="elasticGC enabled" value="1" />
  <attribute name= "numThreadsSpecified" value="4" />
  <attribute name="heapSize specified" value="8388608" />
  <attribute name="Current GC Util" value="35" />
  <attribute name= "Current Time Running" value="1852" />
  <attribute name ="GC Interval" value="200" />
  <attribute name="ProportionalT" value="7.500000" />
  <attribute name="ProportionalI" value="7.500000" />
  <attribute name="ProportionalH" value="7.500000" />
  <attribute name="Current Error" value="15.000000" />
  <attribute name="IntegralT" value="75.000000" />
  <attribute name="IntegralI" value="75.000000" />
  <attribute name="IntegralH" value="75.000000" />
  <attribute name="DerivativeT" value="1.100000" />
  <attribute name="DerivativeI" value="1.100000" />
  <attribute name="DerivativeH" value="1.100000" />
  <attribute name="Loop Time for DT" value="5.000000" />
  <attribute name="Output H" value="8388608"/>
  <attribute name="Output I" value="200"/>
  <attribute name="Output T" value="4"/>
  <attribute name="Target GC Util Change" value ="20.000000" />
  <attribute name="Current GC Util Change" value="35.000000"/>
  <attribute name="GC Util currently" value="35" />
  <attribute name="CPU Util currently" value="893558022662" />
<allocation-satisfied id="723" threadId="00000000025DD700" bytesRequested="16" />
<af-end id="724" timestamp="2019-06-14T19:07:53.863" threadId="00000000025DE088" success="true" from="nursery"/>
<exclusive-end id="725" timestamp="2019-06-14T19:07:53.863" durationms="1.453" />

<exclusive-start id="726" timestamp="2019-06-14T19:07:53.873" intervalms="10.454">
  <response-info timems="0.038" idlems="0.038" threads="0" lastid="00000000025DD700" lastname="PmdThread 3" />
</exclusive-start>
<af-start id="727" threadId="00000000025DE088" totalBytesRequested="152" timestamp="2019-06-14T19:07:53.873" intervalms="10.476" type="nursery" />
<cycle-start id="728" type="scavenge" contextid="0" timestamp="2019-06-14T19:07:53.873" intervalms="10.473" />
<gc-start id="729" type="scavenge" contextid="728" timestamp="2019-06-14T19:07:53.873">
  <mem-info id="730" free="2084393800" total="2092630016" percent="99">
    <mem type="nursery" free="0" total="2097152" percent="0">
      <mem type="allocate" free="0" total="1376256" percent="0" />
      <mem type="survivor" free="0" total="720896" percent="0" />
    </mem>
    <mem type="tenure" free="2084393800" total="2090532864" percent="99">
      <mem type="soa" free="1979867976" total="1986007040" percent="99" />
      <mem type="loa" free="104525824" total="104525824" percent="100" />
    </mem>
    <remembered-set count="852" />
  </mem-info>
</gc-start>
<allocation-stats totalBytes="872416" >
  <allocated-bytes non-tlh="3248" tlh="869168" />
  <largest-consumer threadName="PmdThread 3" threadId="00000000025DD700" bytes="368320" />
</allocation-stats>
<gc-op id="731" type="scavenge" timems="1.144" contextid="728" timestamp="2019-06-14T19:07:53.874">
  <scavenger-info tenureage="3" tenuremask="7ff8" tiltratio="65" />
  <memory-copied type="nursery" objects="7439" bytes="247168" bytesdiscarded="9784" />
  <memory-copied type="tenure" objects="4444" bytes="124504" bytesdiscarded="16" />
  <references type="soft" candidates="9" cleared="0" enqueued="0" dynamicThreshold="31" maxThreshold="32" />
  <references type="weak" candidates="22" cleared="21" enqueued="21" />
  <references type="phantom" candidates="5" cleared="2" enqueued="2" />
</gc-op>
<gc-end id="732" type="scavenge" contextid="728" durationms="1.344" usertimems="0.000" systemtimems="0.000" timestamp="2019-06-14T19:07:53.874" activeThreads="1">
  <mem-info id="733" free="2085438536" total="2092630016" percent="99">
    <mem type="nursery" free="1184512" total="2097152" percent="56">
      <mem type="allocate" free="1184512" total="1441792" percent="82" />
      <mem type="survivor" free="0" total="655360" percent="0" />
    </mem>
    <mem type="tenure" free="2084254024" total="2090532864" percent="99">
      <mem type="soa" free="1979728200" total="1986007040" percent="99" />
      <mem type="loa" free="104525824" total="104525824" percent="100" />
    </mem>
    <pending-finalizers system="0" default="0" reference="23" classloader="0" />
    <remembered-set count="462" />
  </mem-info>
</gc-end>
<cycle-end id="734" type="scavenge" contextid="728" timestamp="2019-06-14T19:07:53.874" />
  <attribute name="elasticGC enabled" value="1" />
  <attribute name= "numThreadsSpecified" value="1" />
  <attribute name="heapSize specified" value="8388608" />
  <attribute name="Current GC Util" value="20" />
  <attribute name= "Current Time Running" value="1863" />
  <attribute name ="GC Interval" value="200" />
  <attribute name="ProportionalT" value="0.000000" />
  <attribute name="ProportionalI" value="0.000000" />
  <attribute name="ProportionalH" value="0.000000" />
  <attribute name="Current Error" value="0.000000" />
  <attribute name="IntegralT" value="0.000000" />
  <attribute name="IntegralI" value="0.000000" />
  <attribute name="IntegralH" value="0.000000" />
  <attribute name="DerivativeT" value="-0.681818" />
  <attribute name="DerivativeI" value="-0.681818" />
  <attribute name="DerivativeH" value="-0.681818" />
  <attribute name="Loop Time for DT" value="11.000000" />
  <attribute name="Output H" value="8388608"/>
  <attribute name="Output I" value="200"/>
  <attribute name="Output T" value="1"/>
  <attribute name="Target GC Util Change" value ="20.000000" />
  <attribute name="Current GC Util Change" value="20.000000"/>
  <attribute name="GC Util currently" value="20" />
  <attribute name="CPU Util currently" value="443514250818" />
<allocation-satisfied id="735" threadId="00000000025DD700" bytesRequested="152" />
<af-end id="736" timestamp="2019-06-14T19:07:53.874" threadId="00000000025DE088" success="true" from="nursery"/>
<exclusive-end id="737" timestamp="2019-06-14T19:07:53.874" durationms="1.773" />

<exclusive-start id="738" timestamp="2019-06-14T19:07:53.887" intervalms="14.056">
  <response-info timems="0.068" idlems="0.068" threads="0" lastid="00000000025DD700" lastname="PmdThread 3" />
</exclusive-start>
<af-start id="739" threadId="00000000025DE088" totalBytesRequested="16" timestamp="2019-06-14T19:07:53.887" intervalms="14.055" type="nursery" />
<cycle-start id="740" type="scavenge" contextid="0" timestamp="2019-06-14T19:07:53.887" intervalms="14.035" />
<gc-start id="741" type="scavenge" contextid="740" timestamp="2019-06-14T19:07:53.887">
  <mem-info id="742" free="2084253816" total="2092630016" percent="99">
    <mem type="nursery" free="0" total="2097152" percent="0">
      <mem type="allocate" free="0" total="1441792" percent="0" />
      <mem type="survivor" free="0" total="655360" percent="0" />
    </mem>
    <mem type="tenure" free="2084253816" total="2090532864" percent="99">
      <mem type="soa" free="1979727992" total="1986007040" percent="99" />
      <mem type="loa" free="104525824" total="104525824" percent="100" />
    </mem>
    <remembered-set count="573" />
  </mem-info>
</gc-start>
<allocation-stats totalBytes="1181800" >
  <allocated-bytes non-tlh="360" tlh="1181440" />
  <largest-consumer threadName="PmdThread 3" threadId="00000000025DD700" bytes="375384" />
</allocation-stats>
<gc-op id="743" type="scavenge" timems="0.798" contextid="740" timestamp="2019-06-14T19:07:53.888">
  <scavenger-info tenureage="3" tenuremask="7ff8" tiltratio="68" />
  <memory-copied type="nursery" objects="3505" bytes="121992" bytesdiscarded="112848" />
  <memory-copied type="tenure" objects="4123" bytes="129608" bytesdiscarded="8" />
  <references type="soft" candidates="9" cleared="0" enqueued="0" dynamicThreshold="31" maxThreshold="32" />
  <references type="weak" candidates="27" cleared="27" enqueued="27" />
  <references type="phantom" candidates="9" cleared="5" enqueued="5" />
</gc-op>
<gc-end id="744" type="scavenge" contextid="740" durationms="0.979" usertimems="0.000" systemtimems="4.000" timestamp="2019-06-14T19:07:53.888" activeThreads="4">
  <mem-info id="745" free="2085447800" total="2092630016" percent="99">
    <mem type="nursery" free="1272320" total="2097152" percent="60">
      <mem type="allocate" free="1272320" total="1507328" percent="84" />
      <mem type="survivor" free="0" total="589824" percent="0" />
    </mem>
    <mem type="tenure" free="2084175480" total="2090532864" percent="99">
      <mem type="soa" free="1979649656" total="1986007040" percent="99" />
      <mem type="loa" free="104525824" total="104525824" percent="100" />
    </mem>
    <pending-finalizers system="0" default="0" reference="32" classloader="0" />
    <remembered-set count="298" />
  </mem-info>
</gc-end>
<cycle-end id="746" type="scavenge" contextid="740" timestamp="2019-06-14T19:07:53.888" />
  <attribute name="elasticGC enabled" value="1" />
  <attribute name= "numThreadsSpecified" value="4" />
  <attribute name="heapSize specified" value="8388608" />
  <attribute name="Current GC Util" value="9" />
  <attribute name= "Current Time Running" value="1877" />
  <attribute name ="GC Interval" value="200" />
  <attribute name="ProportionalT" value="-5.500000" />
  <attribute name="ProportionalI" value="-5.500000" />
  <attribute name="ProportionalH" value="-5.500000" />
  <attribute name="Current Error" value="-11.000000" />
  <attribute name="IntegralT" value="-154.000000" />
  <attribute name="IntegralI" value="-154.000000" />
  <attribute name="IntegralH" value="-154.000000" />
  <attribute name="DerivativeT" value="-0.392857" />
  <attribute name="DerivativeI" value="-0.392857" />
  <attribute name="DerivativeH" value="-0.392857" />
  <attribute name="Loop Time for DT" value="14.000000" />
  <attribute name="Output H" value="2092630016"/>
  <attribute name="Output I" value="200"/>
  <attribute name="Output T" value="4"/>
  <attribute name="Target GC Util Change" value ="20.000000" />
  <attribute name="Current GC Util Change" value="9.000000"/>
  <attribute name="GC Util currently" value="9" />
  <attribute name="CPU Util currently" value="327484837333" />
<allocation-satisfied id="747" threadId="00000000025DD700" bytesRequested="16" />
<af-end id="748" timestamp="2019-06-14T19:07:53.888" threadId="00000000025DE088" success="true" from="nursery"/>
<exclusive-end id="749" timestamp="2019-06-14T19:07:53.888" durationms="1.440" />

<exclusive-start id="750" timestamp="2019-06-14T19:07:53.902" intervalms="15.543">
  <response-info timems="0.080" idlems="0.080" threads="0" lastid="00000000025DE300" lastname="PmdThread 4" />
</exclusive-start>
<af-start id="751" threadId="00000000025DEC88" totalBytesRequested="16" timestamp="2019-06-14T19:07:53.902" intervalms="15.567" type="nursery" />
<cycle-start id="752" type="scavenge" contextid="0" timestamp="2019-06-14T19:07:53.902" intervalms="15.595" />
<gc-start id="753" type="scavenge" contextid="752" timestamp="2019-06-14T19:07:53.902">
  <mem-info id="754" free="2084175480" total="2092630016" percent="99">
    <mem type="nursery" free="0" total="2097152" percent="0">
      <mem type="allocate" free="0" total="1507328" percent="0" />
      <mem type="survivor" free="0" total="589824" percent="0" />
    </mem>
    <mem type="tenure" free="2084175480" total="2090532864" percent="99">
      <mem type="soa" free="1979649656" total="1986007040" percent="99" />
      <mem type="loa" free="104525824" total="104525824" percent="100" />
    </mem>
    <remembered-set count="309" />
  </mem-info>
</gc-start>
<allocation-stats totalBytes="1272056" >
  <allocated-bytes non-tlh="16" tlh="1272040" />
  <largest-consumer threadName="PmdThread 3" threadId="00000000025DD700" bytes="585688" />
</allocation-stats>
<gc-op id="755" type="scavenge" timems="0.958" contextid="752" timestamp="2019-06-14T19:07:53.903">
  <scavenger-info tenureage="4" tenuremask="7ff0" tiltratio="71" />
  <memory-copied type="nursery" objects="3547" bytes="122880" bytesdiscarded="111960" />
  <references type="soft" candidates="9" cleared="0" enqueued="0" dynamicThreshold="31" maxThreshold="32" />
  <references type="weak" candidates="4" cleared="4" enqueued="4" />
  <references type="phantom" candidates="8" cleared="4" enqueued="4" />
</gc-op>
<gc-end id="756" type="scavenge" contextid="752" durationms="1.212" usertimems="0.000" systemtimems="0.000" timestamp="2019-06-14T19:07:53.904" activeThreads="4">
  <mem-info id="757" free="2085513336" total="2092630016" percent="99">
    <mem type="nursery" free="1337856" total="2097152" percent="63">
      <mem type="allocate" free="1337856" total="1572864" percent="85" />
      <mem type="survivor" free="0" total="524288" percent="0" />
    </mem>
    <mem type="tenure" free="2084175480" total="2090532864" percent="99">
      <mem type="soa" free="1979649656" total="1986007040" percent="99" />
      <mem type="loa" free="104525824" total="104525824" percent="100" />
    </mem>
    <pending-finalizers system="0" default="0" reference="8" classloader="0" />
    <remembered-set count="248" />
  </mem-info>
</gc-end>
<cycle-end id="758" type="scavenge" contextid="752" timestamp="2019-06-14T19:07:53.904" />
  <attribute name="elasticGC enabled" value="1" />
  <attribute name= "numThreadsSpecified" value="4" />
  <attribute name="heapSize specified" value="8388608" />
  <attribute name="Current GC Util" value="8" />
  <attribute name= "Current Time Running" value="1892" />
  <attribute name ="GC Interval" value="200" />
  <attribute name="ProportionalT" value="-6.000000" />
  <attribute name="ProportionalI" value="-6.000000" />
  <attribute name="ProportionalH" value="-6.000000" />
  <attribute name="Current Error" value="-12.000000" />
  <attribute name="IntegralT" value="-180.000000" />
  <attribute name="IntegralI" value="-180.000000" />
  <attribute name="IntegralH" value="-180.000000" />
  <attribute name="DerivativeT" value="-0.400000" />
  <attribute name="DerivativeI" value="-0.400000" />
  <attribute name="DerivativeH" value="-0.400000" />
  <attribute name="Loop Time for DT" value="15.000000" />
  <attribute name="Output H" value="2092630016"/>
  <attribute name="Output I" value="200"/>
  <attribute name="Output T" value="4"/>
  <attribute name="Target GC Util Change" value ="20.000000" />
  <attribute name="Current GC Util Change" value="8.000000"/>
  <attribute name="GC Util currently" value="8" />
  <attribute name="CPU Util currently" value="295101161079" />
<allocation-satisfied id="759" threadId="00000000025DE300" bytesRequested="16" />
<af-end id="760" timestamp="2019-06-14T19:07:53.904" threadId="00000000025DEC88" success="true" from="nursery"/>
<exclusive-end id="761" timestamp="2019-06-14T19:07:53.904" durationms="1.708" />

<exclusive-start id="762" timestamp="2019-06-14T19:07:53.913" intervalms="10.794">
  <response-info timems="0.091" idlems="0.091" threads="0" lastid="00000000025E0800" lastname="PmdThread 2" />
</exclusive-start>
<af-start id="763" threadId="00000000025E1188" totalBytesRequested="24" timestamp="2019-06-14T19:07:53.913" intervalms="10.796" type="nursery" />
<cycle-start id="764" type="scavenge" contextid="0" timestamp="2019-06-14T19:07:53.913" intervalms="10.795" />
<gc-start id="765" type="scavenge" contextid="764" timestamp="2019-06-14T19:07:53.913">
  <mem-info id="766" free="2084174712" total="2092630016" percent="99">
    <mem type="nursery" free="0" total="2097152" percent="0">
      <mem type="allocate" free="0" total="1572864" percent="0" />
      <mem type="survivor" free="0" total="524288" percent="0" />
    </mem>
    <mem type="tenure" free="2084174712" total="2090532864" percent="99">
      <mem type="soa" free="1979648888" total="1986007040" percent="99" />
      <mem type="loa" free="104525824" total="104525824" percent="100" />
    </mem>
    <remembered-set count="416" />
  </mem-info>
</gc-start>
<allocation-stats totalBytes="1337040" >
  <allocated-bytes non-tlh="784" tlh="1336256" />
  <largest-consumer threadName="PmdThread 1" threadId="00000000025DCC00" bytes="715568" />
</allocation-stats>
<gc-op id="767" type="scavenge" timems="1.538" contextid="764" timestamp="2019-06-14T19:07:53.915">
  <scavenger-info tenureage="4" tenuremask="7ff0" tiltratio="75" />
  <memory-copied type="nursery" objects="1321" bytes="54672" bytesdiscarded="142920" />
  <memory-copied type="tenure" objects="2117" bytes="62816" bytesdiscarded="0" />
  <references type="soft" candidates="12" cleared="0" enqueued="0" dynamicThreshold="31" maxThreshold="32" />
  <references type="weak" candidates="15" cleared="15" enqueued="15" />
  <references type="phantom" candidates="4" cleared="1" enqueued="1" />
</gc-op>
<gc-end id="768" type="scavenge" contextid="764" durationms="1.847" usertimems="4.000" systemtimems="0.000" timestamp="2019-06-14T19:07:53.915" activeThreads="4">
  <mem-info id="769" free="2085576280" total="2092630016" percent="99">
    <mem type="nursery" free="1440736" total="2097152" percent="68">
      <mem type="allocate" free="1440736" total="1638400" percent="87" />
      <mem type="survivor" free="0" total="458752" percent="0" />
    </mem>
    <mem type="tenure" free="2084135544" total="2090532864" percent="99">
      <mem type="soa" free="1979609720" total="1986007040" percent="99" />
      <mem type="loa" free="104525824" total="104525824" percent="100" />
    </mem>
    <pending-finalizers system="0" default="0" reference="16" classloader="0" />
    <remembered-set count="238" />
  </mem-info>
</gc-end>
<cycle-end id="770" type="scavenge" contextid="764" timestamp="2019-06-14T19:07:53.915" />
  <attribute name="elasticGC enabled" value="1" />
  <attribute name= "numThreadsSpecified" value="4" />
  <attribute name="heapSize specified" value="8388608" />
  <attribute name="Current GC Util" value="21" />
  <attribute name= "Current Time Running" value="1903" />
  <attribute name ="GC Interval" value="200" />
  <attribute name="ProportionalT" value="0.500000" />
  <attribute name="ProportionalI" value="0.500000" />
  <attribute name="ProportionalH" value="0.500000" />
  <attribute name="Current Error" value="1.000000" />
  <attribute name="IntegralT" value="11.000000" />
  <attribute name="IntegralI" value="11.000000" />
  <attribute name="IntegralH" value="11.000000" />
  <attribute name="DerivativeT" value="0.045455" />
  <attribute name="DerivativeI" value="0.045455" />
  <attribute name="DerivativeH" value="0.045455" />
  <attribute name="Loop Time for DT" value="11.000000" />
  <attribute name="Output H" value="8388608"/>
  <attribute name="Output I" value="200"/>
  <attribute name="Output T" value="4"/>
  <attribute name="Target GC Util Change" value ="20.000000" />
  <attribute name="Current GC Util Change" value="21.000000"/>
  <attribute name="GC Util currently" value="21" />
  <attribute name="CPU Util currently" value="426158370444" />
<allocation-satisfied id="771" threadId="00000000025E0800" bytesRequested="24" />
<af-end id="772" timestamp="2019-06-14T19:07:53.915" threadId="00000000025E1188" success="true" from="nursery"/>
<exclusive-end id="773" timestamp="2019-06-14T19:07:53.915" durationms="2.514" />

<exclusive-start id="774" timestamp="2019-06-14T19:07:53.926" intervalms="12.865">
  <response-info timems="0.100" idlems="0.100" threads="0" lastid="00000000025DE300" lastname="PmdThread 4" />
</exclusive-start>
<af-start id="775" threadId="00000000025DEC88" totalBytesRequested="8200" timestamp="2019-06-14T19:07:53.926" intervalms="12.869" type="nursery" />
<cycle-start id="776" type="scavenge" contextid="0" timestamp="2019-06-14T19:07:53.926" intervalms="12.885" />
<gc-start id="777" type="scavenge" contextid="776" timestamp="2019-06-14T19:07:53.926">
  <mem-info id="778" free="2084135200" total="2092630016" percent="99">
    <mem type="nursery" free="0" total="2097152" percent="0">
      <mem type="allocate" free="0" total="1638400" percent="0" />
      <mem type="survivor" free="0" total="458752" percent="0" />
    </mem>
    <mem type="tenure" free="2084135200" total="2090532864" percent="99">
      <mem type="soa" free="1979609376" total="1986007040" percent="99" />
      <mem type="loa" free="104525824" total="104525824" percent="100" />
    </mem>
    <remembered-set count="272" />
  </mem-info>
</gc-start>
<allocation-stats totalBytes="1435032" >
  <allocated-bytes non-tlh="368" tlh="1434664" />
  <largest-consumer threadName="PmdThread 3" threadId="00000000025DD700" bytes="728104" />
</allocation-stats>
<gc-op id="779" type="scavenge" timems="1.139" contextid="776" timestamp="2019-06-14T19:07:53.927">
  <scavenger-info tenureage="6" tenuremask="7fc0" tiltratio="78" />
  <memory-copied type="nursery" objects="6653" bytes="334904" bytesdiscarded="97680" />
  <references type="soft" candidates="12" cleared="0" enqueued="0" dynamicThreshold="31" maxThreshold="32" />
  <references type="weak" candidates="2" cleared="2" enqueued="2" />
  <references type="phantom" candidates="5" cleared="0" enqueued="0" />
</gc-op>
<gc-end id="780" type="scavenge" contextid="776" durationms="1.356" usertimems="4.000" systemtimems="0.000" timestamp="2019-06-14T19:07:53.927" activeThreads="4">
  <mem-info id="781" free="2085144320" total="2092630016" percent="99">
    <mem type="nursery" free="1009120" total="2097152" percent="48">
      <mem type="allocate" free="1009120" total="1441792" percent="69" />
      <mem type="survivor" free="0" total="655360" percent="0" />
    </mem>
    <mem type="tenure" free="2084135200" total="2090532864" percent="99">
      <mem type="soa" free="1979609376" total="1986007040" percent="99" />
      <mem type="loa" free="104525824" total="104525824" percent="100" />
    </mem>
    <pending-finalizers system="0" default="0" reference="2" classloader="0" />
    <remembered-set count="265" />
  </mem-info>
</gc-end>
<cycle-end id="782" type="scavenge" contextid="776" timestamp="2019-06-14T19:07:53.927" />
  <attribute name="elasticGC enabled" value="1" />
  <attribute name= "numThreadsSpecified" value="4" />
  <attribute name="heapSize specified" value="8388608" />
  <attribute name="Current GC Util" value="28" />
  <attribute name= "Current Time Running" value="1916" />
  <attribute name ="GC Interval" value="200" />
  <attribute name="ProportionalT" value="4.000000" />
  <attribute name="ProportionalI" value="4.000000" />
  <attribute name="ProportionalH" value="4.000000" />
  <attribute name="Current Error" value="8.000000" />
  <attribute name="IntegralT" value="104.000000" />
  <attribute name="IntegralI" value="104.000000" />
  <attribute name="IntegralH" value="104.000000" />
  <attribute name="DerivativeT" value="0.269231" />
  <attribute name="DerivativeI" value="0.269231" />
  <attribute name="DerivativeH" value="0.269231" />
  <attribute name="Loop Time for DT" value="13.000000" />
  <attribute name="Output H" value="8388608"/>
  <attribute name="Output I" value="200"/>
  <attribute name="Output T" value="4"/>
  <attribute name="Target GC Util Change" value ="20.000000" />
  <attribute name="Current GC Util Change" value="28.000000"/>
  <attribute name="GC Util currently" value="28" />
  <attribute name="CPU Util currently" value="358223205114" />
<allocation-satisfied id="783" threadId="00000000025DE300" bytesRequested="8200" />
<af-end id="784" timestamp="2019-06-14T19:07:53.928" threadId="00000000025DEC88" success="true" from="nursery"/>
<exclusive-end id="785" timestamp="2019-06-14T19:07:53.928" durationms="1.970" />

<exclusive-start id="786" timestamp="2019-06-14T19:07:53.934" intervalms="8.360">
  <response-info timems="0.103" idlems="0.060" threads="1" lastid="00000000025DE300" lastname="PmdThread 4" />
</exclusive-start>
<af-start id="787" threadId="00000000025DE088" totalBytesRequested="16" timestamp="2019-06-14T19:07:53.934" intervalms="8.332" type="nursery" />
<cycle-start id="788" type="scavenge" contextid="0" timestamp="2019-06-14T19:07:53.934" intervalms="8.297" />
<gc-start id="789" type="scavenge" contextid="788" timestamp="2019-06-14T19:07:53.934">
  <mem-info id="790" free="2084135008" total="2092630016" percent="99">
    <mem type="nursery" free="0" total="2097152" percent="0">
      <mem type="allocate" free="0" total="1441792" percent="0" />
      <mem type="survivor" free="0" total="655360" percent="0" />
    </mem>
    <mem type="tenure" free="2084135008" total="2090532864" percent="99">
      <mem type="soa" free="1979609184" total="1986007040" percent="99" />
      <mem type="loa" free="104525824" total="104525824" percent="100" />
    </mem>
    <remembered-set count="276" />
  </mem-info>
</gc-start>
<allocation-stats totalBytes="1004120" >
  <allocated-bytes non-tlh="41176" tlh="962944" />
  <largest-consumer threadName="PmdThread 2" threadId="00000000025E0800" bytes="402816" />
</allocation-stats>
<gc-op id="791" type="scavenge" timems="0.894" contextid="788" timestamp="2019-06-14T19:07:53.935">
  <scavenger-info tenureage="5" tenuremask="7fe0" tiltratio="68" />
  <memory-copied type="nursery" objects="9585" bytes="535536" bytesdiscarded="102696" />
  <memory-copied type="tenure" objects="704" bytes="30424" bytesdiscarded="8" />
  <references type="soft" candidates="7" cleared="0" enqueued="0" dynamicThreshold="31" maxThreshold="32" />
  <references type="weak" candidates="3" cleared="3" enqueued="3" />
  <references type="phantom" candidates="4" cleared="1" enqueued="1" />
</gc-op>
<gc-end id="792" type="scavenge" contextid="788" durationms="1.126" usertimems="0.000" systemtimems="4.000" timestamp="2019-06-14T19:07:53.935" activeThreads="4">
  <mem-info id="793" free="2084768288" total="2092630016" percent="99">
    <mem type="nursery" free="672448" total="2097152" percent="32">
      <mem type="allocate" free="672448" total="1310720" percent="51" />
      <mem type="survivor" free="0" total="786432" percent="0" />
    </mem>
    <mem type="tenure" free="2084095840" total="2090532864" percent="99">
      <mem type="soa" free="1979570016" total="1986007040" percent="99" />
      <mem type="loa" free="104525824" total="104525824" percent="100" />
    </mem>
    <pending-finalizers system="0" default="0" reference="4" classloader="0" />
    <remembered-set count="209" />
  </mem-info>
</gc-end>
<cycle-end id="794" type="scavenge" contextid="788" timestamp="2019-06-14T19:07:53.936" />
  <attribute name="elasticGC enabled" value="1" />
  <attribute name= "numThreadsSpecified" value="4" />
  <attribute name="heapSize specified" value="8388608" />
  <attribute name="Current GC Util" value="32" />
  <attribute name= "Current Time Running" value="1924" />
  <attribute name ="GC Interval" value="200" />
  <attribute name="ProportionalT" value="6.000000" />
  <attribute name="ProportionalI" value="6.000000" />
  <attribute name="ProportionalH" value="6.000000" />
  <attribute name="Current Error" value="12.000000" />
  <attribute name="IntegralT" value="96.000000" />
  <attribute name="IntegralI" value="96.000000" />
  <attribute name="IntegralH" value="96.000000" />
  <attribute name="DerivativeT" value="0.250000" />
  <attribute name="DerivativeI" value="0.250000" />
  <attribute name="DerivativeH" value="0.250000" />
  <attribute name="Loop Time for DT" value="8.000000" />
  <attribute name="Output H" value="8388608"/>
  <attribute name="Output I" value="200"/>
  <attribute name="Output T" value="4"/>
  <attribute name="Target GC Util Change" value ="20.000000" />
  <attribute name="Current GC Util Change" value="32.000000"/>
  <attribute name="GC Util currently" value="32" />
  <attribute name="CPU Util currently" value="557740337055" />
<allocation-satisfied id="795" threadId="00000000025DD700" bytesRequested="16" />
<af-end id="796" timestamp="2019-06-14T19:07:53.936" threadId="00000000025DE088" success="true" from="nursery"/>
<exclusive-end id="797" timestamp="2019-06-14T19:07:53.936" durationms="1.614" />

<exclusive-start id="798" timestamp="2019-06-14T19:07:53.941" intervalms="7.132">
  <response-info timems="0.060" idlems="0.060" threads="0" lastid="00000000025DD700" lastname="PmdThread 3" />
</exclusive-start>
<af-start id="799" threadId="00000000025DE088" totalBytesRequested="72" timestamp="2019-06-14T19:07:53.941" intervalms="7.110" type="nursery" />
<cycle-start id="800" type="scavenge" contextid="0" timestamp="2019-06-14T19:07:53.941" intervalms="7.125" />
<gc-start id="801" type="scavenge" contextid="800" timestamp="2019-06-14T19:07:53.941">
  <mem-info id="802" free="2084095840" total="2092630016" percent="99">
    <mem type="nursery" free="0" total="2097152" percent="0">
      <mem type="allocate" free="0" total="1310720" percent="0" />
      <mem type="survivor" free="0" total="786432" percent="0" />
    </mem>
    <mem type="tenure" free="2084095840" total="2090532864" percent="99">
      <mem type="soa" free="1979570016" total="1986007040" percent="99" />
      <mem type="loa" free="104525824" total="104525824" percent="100" />
    </mem>
    <remembered-set count="215" />
  </mem-info>
</gc-start>
<allocation-stats totalBytes="672200" >
  <allocated-bytes non-tlh="32800" tlh="639400" />
  <largest-consumer threadName="PmdThread 3" threadId="00000000025DD700" bytes="343928" />
</allocation-stats>
<gc-op id="803" type="scavenge" timems="0.910" contextid="800" timestamp="2019-06-14T19:07:53.942">
  <scavenger-info tenureage="5" tenuremask="7fe0" tiltratio="62" />
  <memory-copied type="nursery" objects="10961" bytes="626232" bytesdiscarded="131272" />
  <memory-copied type="tenure" objects="156" bytes="8360" bytesdiscarded="0" />
  <references type="soft" candidates="7" cleared="0" enqueued="0" dynamicThreshold="31" maxThreshold="32" />
  <references type="weak" candidates="1" cleared="1" enqueued="1" />
  <references type="phantom" candidates="1" cleared="1" enqueued="1" />
</gc-op>
<gc-end id="804" type="scavenge" contextid="800" durationms="1.116" usertimems="4.000" systemtimems="0.000" timestamp="2019-06-14T19:07:53.943" activeThreads="4">
  <mem-info id="805" free="2084648960" total="2092630016" percent="99">
    <mem type="nursery" free="553120" total="2097152" percent="26">
      <mem type="allocate" free="553120" total="1310720" percent="42" />
      <mem type="survivor" free="0" total="786432" percent="0" />
    </mem>
    <mem type="tenure" free="2084095840" total="2090532864" percent="99">
      <mem type="soa" free="1979570016" total="1986007040" percent="99" />
      <mem type="loa" free="104525824" total="104525824" percent="100" />
    </mem>
    <pending-finalizers system="0" default="0" reference="2" classloader="0" />
    <remembered-set count="185" />
  </mem-info>
</gc-end>
<cycle-end id="806" type="scavenge" contextid="800" timestamp="2019-06-14T19:07:53.943" />
  <attribute name="elasticGC enabled" value="1" />
  <attribute name= "numThreadsSpecified" value="4" />
  <attribute name="heapSize specified" value="8388608" />
  <attribute name="Current GC Util" value="23" />
  <attribute name= "Current Time Running" value="1931" />
  <attribute name ="GC Interval" value="200" />
  <attribute name="ProportionalT" value="1.500000" />
  <attribute name="ProportionalI" value="1.500000" />
  <attribute name="ProportionalH" value="1.500000" />
  <attribute name="Current Error" value="3.000000" />
  <attribute name="IntegralT" value="21.000000" />
  <attribute name="IntegralI" value="21.000000" />
  <attribute name="IntegralH" value="21.000000" />
  <attribute name="DerivativeT" value="-0.642857" />
  <attribute name="DerivativeI" value="-0.642857" />
  <attribute name="DerivativeH" value="-0.642857" />
  <attribute name="Loop Time for DT" value="7.000000" />
  <attribute name="Output H" value="8388608"/>
  <attribute name="Output I" value="200"/>
  <attribute name="Output T" value="4"/>
  <attribute name="Target GC Util Change" value ="20.000000" />
  <attribute name="Current GC Util Change" value="23.000000"/>
  <attribute name="GC Util currently" value="23" />
  <attribute name="CPU Util currently" value="649007088933" />
<allocation-satisfied id="807" threadId="00000000025DD700" bytesRequested="72" />
<af-end id="808" timestamp="2019-06-14T19:07:53.943" threadId="00000000025DE088" success="true" from="nursery"/>
<exclusive-end id="809" timestamp="2019-06-14T19:07:53.943" durationms="1.515" />

<exclusive-start id="810" timestamp="2019-06-14T19:07:53.949" intervalms="7.892">
  <response-info timems="0.056" idlems="0.056" threads="0" lastid="00000000025DE300" lastname="PmdThread 4" />
</exclusive-start>
<af-start id="811" threadId="00000000025DEC88" totalBytesRequested="40" timestamp="2019-06-14T19:07:53.949" intervalms="7.946" type="nursery" />
<cycle-start id="812" type="scavenge" contextid="0" timestamp="2019-06-14T19:07:53.949" intervalms="7.965" />
<gc-start id="813" type="scavenge" contextid="812" timestamp="2019-06-14T19:07:53.949">
  <mem-info id="814" free="2084091824" total="2092630016" percent="99">
    <mem type="nursery" free="0" total="2097152" percent="0">
      <mem type="allocate" free="0" total="1310720" percent="0" />
      <mem type="survivor" free="0" total="786432" percent="0" />
    </mem>
    <mem type="tenure" free="2084091824" total="2090532864" percent="99">
      <mem type="soa" free="1979566000" total="1986007040" percent="99" />
      <mem type="loa" free="104525824" total="104525824" percent="100" />
    </mem>
    <remembered-set count="280" />
  </mem-info>
</gc-start>
<allocation-stats totalBytes="550856" >
  <allocated-bytes non-tlh="20480" tlh="530376" />
  <largest-consumer threadName="PmdThread 1" threadId="00000000025DCC00" bytes="192448" />
</allocation-stats>
<gc-op id="815" type="scavenge" timems="1.701" contextid="812" timestamp="2019-06-14T19:07:53.951">
  <scavenger-info tenureage="3" tenuremask="7ff8" tiltratio="62" />
  <memory-copied type="nursery" objects="6859" bytes="472760" bytesdiscarded="79192" />
  <memory-copied type="tenure" objects="5000" bytes="249656" bytesdiscarded="8" />
  <references type="weak" candidates="13" cleared="13" enqueued="13" />
  <references type="phantom" candidates="2" cleared="1" enqueued="1" />
</gc-op>
<gc-end id="816" type="scavenge" contextid="812" durationms="1.925" usertimems="0.000" systemtimems="0.000" timestamp="2019-06-14T19:07:53.951" activeThreads="1">
  <mem-info id="817" free="2084571264" total="2092630016" percent="99">
    <mem type="nursery" free="758488" total="2097152" percent="36">
      <mem type="allocate" free="758488" total="1310720" percent="57" />
      <mem type="survivor" free="0" total="786432" percent="0" />
    </mem>
    <mem type="tenure" free="2083812776" total="2090532864" percent="99">
      <mem type="soa" free="1979286952" total="1986007040" percent="99" />
      <mem type="loa" free="104525824" total="104525824" percent="100" />
    </mem>
    <pending-finalizers system="0" default="0" reference="14" classloader="0" />
    <remembered-set count="545" />
  </mem-info>
</gc-end>
<cycle-end id="818" type="scavenge" contextid="812" timestamp="2019-06-14T19:07:53.951" />
  <attribute name="elasticGC enabled" value="1" />
  <attribute name= "numThreadsSpecified" value="1" />
  <attribute name="heapSize specified" value="8388608" />
  <attribute name="Current GC Util" value="20" />
  <attribute name= "Current Time Running" value="1940" />
  <attribute name ="GC Interval" value="200" />
  <attribute name="ProportionalT" value="0.000000" />
  <attribute name="ProportionalI" value="0.000000" />
  <attribute name="ProportionalH" value="0.000000" />
  <attribute name="Current Error" value="0.000000" />
  <attribute name="IntegralT" value="0.000000" />
  <attribute name="IntegralI" value="0.000000" />
  <attribute name="IntegralH" value="0.000000" />
  <attribute name="DerivativeT" value="-0.166667" />
  <attribute name="DerivativeI" value="-0.166667" />
  <attribute name="DerivativeH" value="-0.166667" />
  <attribute name="Loop Time for DT" value="9.000000" />
  <attribute name="Output H" value="8388608"/>
  <attribute name="Output I" value="200"/>
  <attribute name="Output T" value="1"/>
  <attribute name="Target GC Util Change" value ="20.000000" />
  <attribute name="Current GC Util Change" value="20.000000"/>
  <attribute name="GC Util currently" value="20" />
  <attribute name="CPU Util currently" value="574842426912" />
<allocation-satisfied id="819" threadId="00000000025DE300" bytesRequested="40" />
<af-end id="820" timestamp="2019-06-14T19:07:53.952" threadId="00000000025DEC88" success="true" from="nursery"/>
<exclusive-end id="821" timestamp="2019-06-14T19:07:53.952" durationms="2.518" />

<exclusive-start id="822" timestamp="2019-06-14T19:07:53.957" intervalms="7.736">
  <response-info timems="0.038" idlems="0.038" threads="0" lastid="00000000025DD700" lastname="PmdThread 3" />
</exclusive-start>
<af-start id="823" threadId="00000000025DE088" totalBytesRequested="552" timestamp="2019-06-14T19:07:53.957" intervalms="7.718" type="nursery" />
<cycle-start id="824" type="scavenge" contextid="0" timestamp="2019-06-14T19:07:53.957" intervalms="7.703" />
<gc-start id="825" type="scavenge" contextid="824" timestamp="2019-06-14T19:07:53.957">
  <mem-info id="826" free="2083812104" total="2092630016" percent="99">
    <mem type="nursery" free="0" total="2097152" percent="0">
      <mem type="allocate" free="0" total="1310720" percent="0" />
      <mem type="survivor" free="0" total="786432" percent="0" />
    </mem>
    <mem type="tenure" free="2083812104" total="2090532864" percent="99">
      <mem type="soa" free="1979286280" total="1986007040" percent="99" />
      <mem type="loa" free="104525824" total="104525824" percent="100" />
    </mem>
    <remembered-set count="630" />
  </mem-info>
</gc-start>
<allocation-stats totalBytes="757392" >
  <allocated-bytes non-tlh="712" tlh="756680" />
  <largest-consumer threadName="PmdThread 3" threadId="00000000025DD700" bytes="478240" />
</allocation-stats>
<gc-op id="827" type="scavenge" timems="0.876" contextid="824" timestamp="2019-06-14T19:07:53.958">
  <scavenger-info tenureage="3" tenuremask="7ff8" tiltratio="62" />
  <memory-copied type="nursery" objects="4069" bytes="374512" bytesdiscarded="99712" />
  <memory-copied type="tenure" objects="3285" bytes="115336" bytesdiscarded="32" />
  <references type="weak" candidates="51" cleared="51" enqueued="51" />
  <references type="phantom" candidates="2" cleared="1" enqueued="1" />
</gc-op>
<gc-end id="828" type="scavenge" contextid="824" durationms="1.086" usertimems="0.000" systemtimems="0.000" timestamp="2019-06-14T19:07:53.958" activeThreads="1">
  <mem-info id="829" free="2084574192" total="2092630016" percent="99">
    <mem type="nursery" free="901864" total="2097152" percent="43">
      <mem type="allocate" free="901864" total="1376256" percent="65" />
      <mem type="survivor" free="0" total="720896" percent="0" />
    </mem>
    <mem type="tenure" free="2083672328" total="2090532864" percent="99">
      <mem type="soa" free="1979146504" total="1986007040" percent="99" />
      <mem type="loa" free="104525824" total="104525824" percent="100" />
    </mem>
    <pending-finalizers system="0" default="0" reference="52" classloader="0" />
    <remembered-set count="434" />
  </mem-info>
</gc-end>
<cycle-end id="830" type="scavenge" contextid="824" timestamp="2019-06-14T19:07:53.958" />
  <attribute name="elasticGC enabled" value="1" />
  <attribute name= "numThreadsSpecified" value="1" />
  <attribute name="heapSize specified" value="8388608" />
  <attribute name="Current GC Util" value="20" />
  <attribute name= "Current Time Running" value="1947" />
  <attribute name ="GC Interval" value="200" />
  <attribute name="ProportionalT" value="0.000000" />
  <attribute name="ProportionalI" value="0.000000" />
  <attribute name="ProportionalH" value="0.000000" />
  <attribute name="Current Error" value="0.000000" />
  <attribute name="IntegralT" value="0.000000" />
  <attribute name="IntegralI" value="0.000000" />
  <attribute name="IntegralH" value="0.000000" />
  <attribute name="DerivativeT" value="0.000000" />
  <attribute name="DerivativeI" value="0.000000" />
  <attribute name="DerivativeH" value="0.000000" />
  <attribute name="Loop Time for DT" value="7.000000" />
  <attribute name="Output H" value="8388608"/>
  <attribute name="Output I" value="200"/>
  <attribute name="Output T" value="1"/>
  <attribute name="Target GC Util Change" value ="20.000000" />
  <attribute name="Current GC Util Change" value="20.000000"/>
  <attribute name="GC Util currently" value="20" />
  <attribute name="CPU Util currently" value="606658466329" />
<allocation-satisfied id="831" threadId="00000000025DD700" bytesRequested="552" />
<af-end id="832" timestamp="2019-06-14T19:07:53.958" threadId="00000000025DE088" success="true" from="nursery"/>
<exclusive-end id="833" timestamp="2019-06-14T19:07:53.958" durationms="1.539" />

<exclusive-start id="834" timestamp="2019-06-14T19:07:53.963" intervalms="6.495">
  <response-info timems="0.053" idlems="0.053" threads="0" lastid="00000000025DD700" lastname="PmdThread 3" />
</exclusive-start>
<af-start id="835" threadId="00000000025DE088" totalBytesRequested="960" timestamp="2019-06-14T19:07:53.963" intervalms="6.485" type="nursery" />
<cycle-start id="836" type="scavenge" contextid="0" timestamp="2019-06-14T19:07:53.964" intervalms="6.487" />
<gc-start id="837" type="scavenge" contextid="836" timestamp="2019-06-14T19:07:53.964">
  <mem-info id="838" free="2083672328" total="2092630016" percent="99">
    <mem type="nursery" free="0" total="2097152" percent="0">
      <mem type="allocate" free="0" total="1376256" percent="0" />
      <mem type="survivor" free="0" total="720896" percent="0" />
    </mem>
    <mem type="tenure" free="2083672328" total="2090532864" percent="99">
      <mem type="soa" free="1979146504" total="1986007040" percent="99" />
      <mem type="loa" free="104525824" total="104525824" percent="100" />
    </mem>
    <remembered-set count="594" />
  </mem-info>
</gc-start>
<allocation-stats totalBytes="899120" >
  <allocated-bytes non-tlh="552" tlh="898568" />
  <largest-consumer threadName="PmdThread 3" threadId="00000000025DD700" bytes="661784" />
</allocation-stats>
<gc-op id="839" type="scavenge" timems="0.477" contextid="836" timestamp="2019-06-14T19:07:53.964">
  <scavenger-info tenureage="3" tenuremask="7ff8" tiltratio="65" />
  <memory-copied type="nursery" objects="3633" bytes="243288" bytesdiscarded="180288" />
  <memory-copied type="tenure" objects="1285" bytes="97160" bytesdiscarded="48" />
  <references type="weak" candidates="63" cleared="63" enqueued="63" />
  <references type="phantom" candidates="2" cleared="1" enqueued="1" />
</gc-op>
<gc-end id="840" type="scavenge" contextid="836" durationms="0.666" usertimems="4.000" systemtimems="0.000" timestamp="2019-06-14T19:07:53.964" activeThreads="4">
  <mem-info id="841" free="2084626640" total="2092630016" percent="99">
    <mem type="nursery" free="1018072" total="2097152" percent="48">
      <mem type="allocate" free="1018072" total="1441792" percent="70" />
      <mem type="survivor" free="0" total="655360" percent="0" />
    </mem>
    <mem type="tenure" free="2083608568" total="2090532864" percent="99">
      <mem type="soa" free="1979082744" total="1986007040" percent="99" />
      <mem type="loa" free="104525824" total="104525824" percent="100" />
    </mem>
    <pending-finalizers system="0" default="0" reference="64" classloader="0" />
    <remembered-set count="176" />
  </mem-info>
</gc-end>
<cycle-end id="842" type="scavenge" contextid="836" timestamp="2019-06-14T19:07:53.964" />
  <attribute name="elasticGC enabled" value="1" />
  <attribute name= "numThreadsSpecified" value="4" />
  <attribute name="heapSize specified" value="8388608" />
  <attribute name="Current GC Util" value="17" />
  <attribute name= "Current Time Running" value="1954" />
  <attribute name ="GC Interval" value="200" />
  <attribute name="ProportionalT" value="-1.500000" />
  <attribute name="ProportionalI" value="-1.500000" />
  <attribute name="ProportionalH" value="-1.500000" />
  <attribute name="Current Error" value="-3.000000" />
  <attribute name="IntegralT" value="-21.000000" />
  <attribute name="IntegralI" value="-21.000000" />
  <attribute name="IntegralH" value="-21.000000" />
  <attribute name="DerivativeT" value="-0.214286" />
  <attribute name="DerivativeI" value="-0.214286" />
  <attribute name="DerivativeH" value="-0.214286" />
  <attribute name="Loop Time for DT" value="7.000000" />
  <attribute name="Output H" value="2092630016"/>
  <attribute name="Output I" value="200"/>
  <attribute name="Output T" value="4"/>
  <attribute name="Target GC Util Change" value ="20.000000" />
  <attribute name="Current GC Util Change" value="17.000000"/>
  <attribute name="GC Util currently" value="17" />
  <attribute name="CPU Util currently" value="709801376891" />
<allocation-satisfied id="843" threadId="00000000025DD700" bytesRequested="960" />
<af-end id="844" timestamp="2019-06-14T19:07:53.964" threadId="00000000025DE088" success="true" from="nursery"/>
<exclusive-end id="845" timestamp="2019-06-14T19:07:53.964" durationms="1.098" />

<exclusive-start id="846" timestamp="2019-06-14T19:07:53.967" intervalms="4.022">
  <response-info timems="0.060" idlems="0.060" threads="0" lastid="00000000025DD700" lastname="PmdThread 3" />
</exclusive-start>
<af-start id="847" threadId="00000000025DE088" totalBytesRequested="1032" timestamp="2019-06-14T19:07:53.967" intervalms="4.027" type="nursery" />
<cycle-start id="848" type="scavenge" contextid="0" timestamp="2019-06-14T19:07:53.968" intervalms="4.025" />
<gc-start id="849" type="scavenge" contextid="848" timestamp="2019-06-14T19:07:53.968">
  <mem-info id="850" free="2083608568" total="2092630016" percent="99">
    <mem type="nursery" free="0" total="2097152" percent="0">
      <mem type="allocate" free="0" total="1441792" percent="0" />
      <mem type="survivor" free="0" total="655360" percent="0" />
    </mem>
    <mem type="tenure" free="2083608568" total="2090532864" percent="99">
      <mem type="soa" free="1979082744" total="1986007040" percent="99" />
      <mem type="loa" free="104525824" total="104525824" percent="100" />
    </mem>
    <remembered-set count="338" />
  </mem-info>
</gc-start>
<allocation-stats totalBytes="1015384" >
  <allocated-bytes non-tlh="66536" tlh="948848" />
  <largest-consumer threadName="PmdThread 3" threadId="00000000025DD700" bytes="633560" />
</allocation-stats>
<gc-op id="851" type="scavenge" timems="0.519" contextid="848" timestamp="2019-06-14T19:07:53.968">
  <scavenger-info tenureage="3" tenuremask="7ff8" tiltratio="68" />
  <memory-copied type="nursery" objects="3626" bytes="299264" bytesdiscarded="134912" />
  <memory-copied type="tenure" objects="640" bytes="81896" bytesdiscarded="8" />
  <references type="weak" candidates="48" cleared="48" enqueued="48" />
  <references type="phantom" candidates="1" cleared="1" enqueued="1" />
</gc-op>
<gc-end id="852" type="scavenge" contextid="848" durationms="0.700" usertimems="0.000" systemtimems="0.000" timestamp="2019-06-14T19:07:53.968" activeThreads="4">
  <mem-info id="853" free="2084568760" total="2092630016" percent="99">
    <mem type="nursery" free="1007560" total="2097152" percent="48">
      <mem type="allocate" free="1007560" total="1441792" percent="69" />
      <mem type="survivor" free="0" total="655360" percent="0" />
    </mem>
    <mem type="tenure" free="2083561200" total="2090532864" percent="99">
      <mem type="soa" free="1979035376" total="1986007040" percent="99" />
      <mem type="loa" free="104525824" total="104525824" percent="100" />
    </mem>
    <pending-finalizers system="0" default="0" reference="49" classloader="0" />
    <remembered-set count="178" />
  </mem-info>
</gc-end>
<cycle-end id="854" type="scavenge" contextid="848" timestamp="2019-06-14T19:07:53.968" />
  <attribute name="elasticGC enabled" value="1" />
  <attribute name= "numThreadsSpecified" value="4" />
  <attribute name="heapSize specified" value="8388608" />
  <attribute name="Current GC Util" value="46" />
  <attribute name= "Current Time Running" value="1958" />
  <attribute name ="GC Interval" value="200" />
  <attribute name="ProportionalT" value="13.000000" />
  <attribute name="ProportionalI" value="13.000000" />
  <attribute name="ProportionalH" value="13.000000" />
  <attribute name="Current Error" value="26.000000" />
  <attribute name="IntegralT" value="104.000000" />
  <attribute name="IntegralI" value="104.000000" />
  <attribute name="IntegralH" value="104.000000" />
  <attribute name="DerivativeT" value="3.250000" />
  <attribute name="DerivativeI" value="3.250000" />
  <attribute name="DerivativeH" value="3.250000" />
  <attribute name="Loop Time for DT" value="4.000000" />
  <attribute name="Output H" value="8388608"/>
  <attribute name="Output I" value="200"/>
  <attribute name="Output T" value="4"/>
  <attribute name="Target GC Util Change" value ="20.000000" />
  <attribute name="Current GC Util Change" value="46.000000"/>
  <attribute name="GC Util currently" value="46" />
  <attribute name="CPU Util currently" value="1131757080668" />
<allocation-satisfied id="855" threadId="00000000025DD700" bytesRequested="1032" />
<af-end id="856" timestamp="2019-06-14T19:07:53.969" threadId="00000000025DE088" success="true" from="nursery"/>
<exclusive-end id="857" timestamp="2019-06-14T19:07:53.969" durationms="1.189" />

<exclusive-start id="858" timestamp="2019-06-14T19:07:53.973" intervalms="5.443">
  <response-info timems="0.078" idlems="0.078" threads="0" lastid="00000000025DE300" lastname="PmdThread 4" />
</exclusive-start>
<af-start id="859" threadId="00000000025DEC88" totalBytesRequested="40" timestamp="2019-06-14T19:07:53.973" intervalms="5.454" type="nursery" />
<cycle-start id="860" type="scavenge" contextid="0" timestamp="2019-06-14T19:07:53.973" intervalms="5.457" />
<gc-start id="861" type="scavenge" contextid="860" timestamp="2019-06-14T19:07:53.973">
  <mem-info id="862" free="2083560608" total="2092630016" percent="99">
    <mem type="nursery" free="0" total="2097152" percent="0">
      <mem type="allocate" free="0" total="1441792" percent="0" />
      <mem type="survivor" free="0" total="655360" percent="0" />
    </mem>
    <mem type="tenure" free="2083560608" total="2090532864" percent="99">
      <mem type="soa" free="1979034784" total="1986007040" percent="99" />
      <mem type="loa" free="104525824" total="104525824" percent="100" />
    </mem>
    <remembered-set count="291" />
  </mem-info>
</gc-start>
<allocation-stats totalBytes="1005448" >
  <allocated-bytes non-tlh="1624" tlh="1003824" />
  <largest-consumer threadName="PmdThread 3" threadId="00000000025DD700" bytes="543912" />
</allocation-stats>
<gc-op id="863" type="scavenge" timems="2.024" contextid="860" timestamp="2019-06-14T19:07:53.975">
  <scavenger-info tenureage="3" tenuremask="7ff8" tiltratio="68" />
  <memory-copied type="nursery" objects="3622" bytes="300616" bytesdiscarded="149720" />
  <memory-copied type="tenure" objects="293" bytes="9696" bytesdiscarded="0" />
  <references type="soft" candidates="11" cleared="0" enqueued="0" dynamicThreshold="31" maxThreshold="32" />
  <references type="weak" candidates="51" cleared="51" enqueued="51" />
  <references type="phantom" candidates="2" cleared="2" enqueued="2" />
</gc-op>
<gc-end id="864" type="scavenge" contextid="860" durationms="2.275" usertimems="4.000" systemtimems="0.000" timestamp="2019-06-14T19:07:53.975" activeThreads="4">
  <mem-info id="865" free="2084617296" total="2092630016" percent="99">
    <mem type="nursery" free="1056688" total="2097152" percent="50">
      <mem type="allocate" free="1056688" total="1507328" percent="70" />
      <mem type="survivor" free="0" total="589824" percent="0" />
    </mem>
    <mem type="tenure" free="2083560608" total="2090532864" percent="99">
      <mem type="soa" free="1979034784" total="1986007040" percent="99" />
      <mem type="loa" free="104525824" total="104525824" percent="100" />
    </mem>
    <pending-finalizers system="0" default="0" reference="53" classloader="0" />
    <remembered-set count="196" />
  </mem-info>
</gc-end>
<cycle-end id="866" type="scavenge" contextid="860" timestamp="2019-06-14T19:07:53.975" />
  <attribute name="elasticGC enabled" value="1" />
  <attribute name= "numThreadsSpecified" value="4" />
  <attribute name="heapSize specified" value="8388608" />
  <attribute name="Current GC Util" value="21" />
  <attribute name= "Current Time Running" value="1963" />
  <attribute name ="GC Interval" value="200" />
  <attribute name="ProportionalT" value="0.500000" />
  <attribute name="ProportionalI" value="0.500000" />
  <attribute name="ProportionalH" value="0.500000" />
  <attribute name="Current Error" value="1.000000" />
  <attribute name="IntegralT" value="5.000000" />
  <attribute name="IntegralI" value="5.000000" />
  <attribute name="IntegralH" value="5.000000" />
  <attribute name="DerivativeT" value="-2.500000" />
  <attribute name="DerivativeI" value="-2.500000" />
  <attribute name="DerivativeH" value="-2.500000" />
  <attribute name="Loop Time for DT" value="5.000000" />
  <attribute name="Output H" value="8388608"/>
  <attribute name="Output I" value="200"/>
  <attribute name="Output T" value="4"/>
  <attribute name="Target GC Util Change" value ="20.000000" />
  <attribute name="Current GC Util Change" value="21.000000"/>
  <attribute name="GC Util currently" value="21" />
  <attribute name="CPU Util currently" value="843647192394" />
<allocation-satisfied id="867" threadId="00000000025DE300" bytesRequested="40" />
<af-end id="868" timestamp="2019-06-14T19:07:53.976" threadId="00000000025DEC88" success="true" from="nursery"/>
<exclusive-end id="869" timestamp="2019-06-14T19:07:53.976" durationms="2.787" />

<exclusive-start id="870" timestamp="2019-06-14T19:07:53.981" intervalms="8.076">
  <response-info timems="0.077" idlems="0.045" threads="2" lastid="00000000022D0300" lastname="JIT Compilation Thread-0" />
</exclusive-start>
<af-start id="871" threadId="00000000025DE088" totalBytesRequested="24" timestamp="2019-06-14T19:07:53.981" intervalms="8.060" type="nursery" />
<cycle-start id="872" type="scavenge" contextid="0" timestamp="2019-06-14T19:07:53.981" intervalms="8.027" />
<gc-start id="873" type="scavenge" contextid="872" timestamp="2019-06-14T19:07:53.981">
  <mem-info id="874" free="2083560608" total="2092630016" percent="99">
    <mem type="nursery" free="0" total="2097152" percent="0">
      <mem type="allocate" free="0" total="1507328" percent="0" />
      <mem type="survivor" free="0" total="589824" percent="0" />
    </mem>
    <mem type="tenure" free="2083560608" total="2090532864" percent="99">
      <mem type="soa" free="1979034784" total="1986007040" percent="99" />
      <mem type="loa" free="104525824" total="104525824" percent="100" />
    </mem>
    <remembered-set count="202" />
  </mem-info>
</gc-start>
<allocation-stats totalBytes="1056448" >
  <allocated-bytes non-tlh="32824" tlh="1023624" />
  <largest-consumer threadName="PmdThread 3" threadId="00000000025DD700" bytes="593840" />
</allocation-stats>
<gc-op id="875" type="scavenge" timems="0.495" contextid="872" timestamp="2019-06-14T19:07:53.982">
  <scavenger-info tenureage="3" tenuremask="7ff8" tiltratio="71" />
  <memory-copied type="nursery" objects="3472" bytes="350968" bytesdiscarded="162960" />
  <memory-copied type="tenure" objects="574" bytes="22368" bytesdiscarded="48" />
  <references type="soft" candidates="11" cleared="0" enqueued="0" dynamicThreshold="31" maxThreshold="32" />
  <references type="weak" candidates="15" cleared="15" enqueued="15" />
  <references type="phantom" candidates="1" cleared="1" enqueued="1" />
</gc-op>
<gc-end id="876" type="scavenge" contextid="872" durationms="0.700" usertimems="4.000" systemtimems="0.000" timestamp="2019-06-14T19:07:53.982" activeThreads="4">
  <mem-info id="877" free="2084580168" total="2092630016" percent="99">
    <mem type="nursery" free="1058728" total="2097152" percent="50">
      <mem type="allocate" free="1058728" total="1572864" percent="67" />
      <mem type="survivor" free="0" total="524288" percent="0" />
    </mem>
    <mem type="tenure" free="2083521440" total="2090532864" percent="99">
      <mem type="soa" free="1978995616" total="1986007040" percent="99" />
      <mem type="loa" free="104525824" total="104525824" percent="100" />
    </mem>
    <pending-finalizers system="0" default="0" reference="16" classloader="0" />
    <remembered-set count="208" />
  </mem-info>
</gc-end>
<cycle-end id="878" type="scavenge" contextid="872" timestamp="2019-06-14T19:07:53.982" />
  <attribute name="elasticGC enabled" value="1" />
  <attribute name= "numThreadsSpecified" value="4" />
  <attribute name="heapSize specified" value="8388608" />
  <attribute name="Current GC Util" value="52" />
  <attribute name= "Current Time Running" value="1971" />
  <attribute name ="GC Interval" value="280" />
  <attribute name="ProportionalT" value="16.000000" />
  <attribute name="ProportionalI" value="16.000000" />
  <attribute name="ProportionalH" value="16.000000" />
  <attribute name="Current Error" value="32.000000" />
  <attribute name="IntegralT" value="256.000000" />
  <attribute name="IntegralI" value="256.000000" />
  <attribute name="IntegralH" value="256.000000" />
  <attribute name="DerivativeT" value="1.937500" />
  <attribute name="DerivativeI" value="1.937500" />
  <attribute name="DerivativeH" value="1.937500" />
  <attribute name="Loop Time for DT" value="8.000000" />
  <attribute name="Output H" value="8388608"/>
  <attribute name="Output I" value="280"/>
  <attribute name="Output T" value="4"/>
  <attribute name="Target GC Util Change" value ="20.000000" />
  <attribute name="Current GC Util Change" value="52.000000"/>
  <attribute name="GC Util currently" value="52" />
  <attribute name="CPU Util currently" value="577156008548" />
<allocation-satisfied id="879" threadId="00000000025DD700" bytesRequested="24" />
<af-end id="880" timestamp="2019-06-14T19:07:53.982" threadId="00000000025DE088" success="true" from="nursery"/>
<exclusive-end id="881" timestamp="2019-06-14T19:07:53.982" durationms="1.127" />

<exclusive-start id="882" timestamp="2019-06-14T19:07:53.990" intervalms="9.102">
  <response-info timems="0.040" idlems="0.040" threads="0" lastid="00000000025DD700" lastname="PmdThread 3" />
</exclusive-start>
<af-start id="883" threadId="00000000025DE088" totalBytesRequested="56" timestamp="2019-06-14T19:07:53.990" intervalms="9.096" type="nursery" />
<cycle-start id="884" type="scavenge" contextid="0" timestamp="2019-06-14T19:07:53.990" intervalms="9.130" />
<gc-start id="885" type="scavenge" contextid="884" timestamp="2019-06-14T19:07:53.990">
  <mem-info id="886" free="2083521440" total="2092630016" percent="99">
    <mem type="nursery" free="0" total="2097152" percent="0">
      <mem type="allocate" free="0" total="1572864" percent="0" />
      <mem type="survivor" free="0" total="524288" percent="0" />
    </mem>
    <mem type="tenure" free="2083521440" total="2090532864" percent="99">
      <mem type="soa" free="1978995616" total="1986007040" percent="99" />
      <mem type="loa" free="104525824" total="104525824" percent="100" />
    </mem>
    <remembered-set count="235" />
  </mem-info>
</gc-start>
<allocation-stats totalBytes="1036936" >
  <allocated-bytes non-tlh="8224" tlh="1028712" />
  <largest-consumer threadName="PmdThread 4" threadId="00000000025DE300" bytes="335784" />
</allocation-stats>
<gc-op id="887" type="scavenge" timems="0.445" contextid="884" timestamp="2019-06-14T19:07:53.991">
  <scavenger-info tenureage="3" tenuremask="7ff8" tiltratio="75" />
  <memory-copied type="nursery" objects="4235" bytes="427312" bytesdiscarded="96640" />
  <memory-copied type="tenure" objects="621" bytes="92912" bytesdiscarded="0" />
  <copy-failed type="nursery" objects="148" bytes="78240" />
  <references type="soft" candidates="11" cleared="0" enqueued="0" dynamicThreshold="31" maxThreshold="32" />
  <references type="weak" candidates="12" cleared="12" enqueued="12" />
  <references type="phantom" candidates="3" cleared="2" enqueued="2" />
</gc-op>
<gc-end id="888" type="scavenge" contextid="884" durationms="0.663" usertimems="4.000" systemtimems="0.000" timestamp="2019-06-14T19:07:53.991" activeThreads="4">
  <mem-info id="889" free="2084307832" total="2092630016" percent="99">
    <mem type="nursery" free="851968" total="2097152" percent="40">
      <mem type="allocate" free="851968" total="1376256" percent="61" />
      <mem type="survivor" free="0" total="720896" percent="0" />
    </mem>
    <mem type="tenure" free="2083455864" total="2090532864" percent="99">
      <mem type="soa" free="1978930040" total="1986007040" percent="99" />
      <mem type="loa" free="104525824" total="104525824" percent="100" />
    </mem>
    <pending-finalizers system="0" default="0" reference="14" classloader="0" />
    <remembered-set count="183" />
  </mem-info>
</gc-end>
<cycle-end id="890" type="scavenge" contextid="884" timestamp="2019-06-14T19:07:53.991" />
  <attribute name="elasticGC enabled" value="1" />
  <attribute name= "numThreadsSpecified" value="4" />
  <attribute name="heapSize specified" value="8388608" />
  <attribute name="Current GC Util" value="12" />
  <attribute name= "Current Time Running" value="1980" />
  <attribute name ="GC Interval" value="200" />
  <attribute name="ProportionalT" value="-4.000000" />
  <attribute name="ProportionalI" value="-4.000000" />
  <attribute name="ProportionalH" value="-4.000000" />
  <attribute name="Current Error" value="-8.000000" />
  <attribute name="IntegralT" value="-72.000000" />
  <attribute name="IntegralI" value="-72.000000" />
  <attribute name="IntegralH" value="-72.000000" />
  <attribute name="DerivativeT" value="-2.222222" />
  <attribute name="DerivativeI" value="-2.222222" />
  <attribute name="DerivativeH" value="-2.222222" />
  <attribute name="Loop Time for DT" value="9.000000" />
  <attribute name="Output H" value="2092630016"/>
  <attribute name="Output I" value="200"/>
  <attribute name="Output T" value="4"/>
  <attribute name="Target GC Util Change" value ="20.000000" />
  <attribute name="Current GC Util Change" value="12.000000"/>
  <attribute name="GC Util currently" value="12" />
  <attribute name="CPU Util currently" value="504117441580" />
<allocation-satisfied id="891" threadId="00000000025DD700" bytesRequested="56" />
<af-end id="892" timestamp="2019-06-14T19:07:53.991" threadId="00000000025DE088" success="true" from="nursery"/>
<exclusive-end id="893" timestamp="2019-06-14T19:07:53.991" durationms="1.124" />

<exclusive-start id="894" timestamp="2019-06-14T19:07:54.000" intervalms="9.859">
  <response-info timems="0.060" idlems="0.031" threads="1" lastid="00000000025DD700" lastname="PmdThread 3" />
</exclusive-start>
<af-start id="895" threadId="00000000025DD588" totalBytesRequested="24" timestamp="2019-06-14T19:07:54.000" intervalms="9.888" type="nursery" />
<cycle-start id="896" type="scavenge" contextid="0" timestamp="2019-06-14T19:07:54.000" intervalms="9.879" />
<gc-start id="897" type="scavenge" contextid="896" timestamp="2019-06-14T19:07:54.000">
  <mem-info id="898" free="2083455864" total="2092630016" percent="99">
    <mem type="nursery" free="0" total="2097152" percent="0">
      <mem type="allocate" free="0" total="1376256" percent="0" />
      <mem type="survivor" free="0" total="720896" percent="0" />
    </mem>
    <mem type="tenure" free="2083455864" total="2090532864" percent="99">
      <mem type="soa" free="1978930040" total="1986007040" percent="99" />
      <mem type="loa" free="104525824" total="104525824" percent="100" />
    </mem>
    <remembered-set count="209" />
  </mem-info>
</gc-start>
<allocation-stats totalBytes="850672" >
  <allocated-bytes non-tlh="56" tlh="850616" />
  <largest-consumer threadName="PmdThread 4" threadId="00000000025DE300" bytes="323032" />
</allocation-stats>
<gc-op id="899" type="scavenge" timems="1.658" contextid="896" timestamp="2019-06-14T19:07:54.002">
  <scavenger-info tenureage="2" tenuremask="7ffc" tiltratio="65" />
  <memory-copied type="nursery" objects="5199" bytes="533536" bytesdiscarded="115888" />
  <memory-copied type="tenure" objects="1298" bytes="89952" bytesdiscarded="112" />
  <references type="weak" candidates="18" cleared="18" enqueued="18" />
  <references type="phantom" candidates="5" cleared="4" enqueued="4" />
</gc-op>
<gc-end id="900" type="scavenge" contextid="896" durationms="1.857" usertimems="0.000" systemtimems="0.000" timestamp="2019-06-14T19:07:54.002" activeThreads="4">
  <mem-info id="901" free="2084184048" total="2092630016" percent="99">
    <mem type="nursery" free="791944" total="2097152" percent="37">
      <mem type="allocate" free="791944" total="1441792" percent="54" />
      <mem type="survivor" free="0" total="655360" percent="0" />
    </mem>
    <mem type="tenure" free="2083392104" total="2090532864" percent="99">
      <mem type="soa" free="1978866280" total="1986007040" percent="99" />
      <mem type="loa" free="104525824" total="104525824" percent="100" />
    </mem>
    <pending-finalizers system="0" default="0" reference="22" classloader="0" />
    <remembered-set count="154" />
  </mem-info>
</gc-end>
<cycle-end id="902" type="scavenge" contextid="896" timestamp="2019-06-14T19:07:54.002" />
  <attribute name="elasticGC enabled" value="1" />
  <attribute name= "numThreadsSpecified" value="4" />
  <attribute name="heapSize specified" value="8388608" />
  <attribute name="Current GC Util" value="11" />
  <attribute name= "Current Time Running" value="1990" />
  <attribute name ="GC Interval" value="200" />
  <attribute name="ProportionalT" value="-4.500000" />
  <attribute name="ProportionalI" value="-4.500000" />
  <attribute name="ProportionalH" value="-4.500000" />
  <attribute name="Current Error" value="-9.000000" />
  <attribute name="IntegralT" value="-90.000000" />
  <attribute name="IntegralI" value="-90.000000" />
  <attribute name="IntegralH" value="-90.000000" />
  <attribute name="DerivativeT" value="-0.450000" />
  <attribute name="DerivativeI" value="-0.450000" />
  <attribute name="DerivativeH" value="-0.450000" />
  <attribute name="Loop Time for DT" value="10.000000" />
  <attribute name="Output H" value="2092630016"/>
  <attribute name="Output I" value="200"/>
  <attribute name="Output T" value="4"/>
  <attribute name="Target GC Util Change" value ="20.000000" />
  <attribute name="Current GC Util Change" value="11.000000"/>
  <attribute name="GC Util currently" value="11" />
  <attribute name="CPU Util currently" value="467468487430" />
<allocation-satisfied id="903" threadId="00000000025DCC00" bytesRequested="24" />
<af-end id="904" timestamp="2019-06-14T19:07:54.002" threadId="00000000025DD588" success="true" from="nursery"/>
<exclusive-end id="905" timestamp="2019-06-14T19:07:54.002" durationms="2.343" />

<exclusive-start id="906" timestamp="2019-06-14T19:07:54.008" intervalms="7.812">
  <response-info timems="0.046" idlems="0.025" threads="1" lastid="00000000025DCC00" lastname="PmdThread 1" />
</exclusive-start>
<af-start id="907" threadId="00000000025E1188" totalBytesRequested="24" timestamp="2019-06-14T19:07:54.008" intervalms="7.799" type="nursery" />
<cycle-start id="908" type="scavenge" contextid="0" timestamp="2019-06-14T19:07:54.008" intervalms="7.776" />
<gc-start id="909" type="scavenge" contextid="908" timestamp="2019-06-14T19:07:54.008">
  <mem-info id="910" free="2083392104" total="2092630016" percent="99">
    <mem type="nursery" free="0" total="2097152" percent="0">
      <mem type="allocate" free="0" total="1441792" percent="0" />
      <mem type="survivor" free="0" total="655360" percent="0" />
    </mem>
    <mem type="tenure" free="2083392104" total="2090532864" percent="99">
      <mem type="soa" free="1978866280" total="1986007040" percent="99" />
      <mem type="loa" free="104525824" total="104525824" percent="100" />
    </mem>
    <remembered-set count="169" />
  </mem-info>
</gc-start>
<allocation-stats totalBytes="791104" >
  <allocated-bytes non-tlh="24" tlh="791080" />
  <largest-consumer threadName="PmdThread 4" threadId="00000000025DE300" bytes="351720" />
</allocation-stats>
<gc-op id="911" type="scavenge" timems="1.712" contextid="908" timestamp="2019-06-14T19:07:54.010">
  <scavenger-info tenureage="1" tenuremask="7ffe" tiltratio="68" />
  <memory-copied type="nursery" objects="2652" bytes="274960" bytesdiscarded="81008" />
  <memory-copied type="tenure" objects="3292" bytes="344664" bytesdiscarded="744" />
  <references type="weak" candidates="32" cleared="32" enqueued="32" />
  <references type="phantom" candidates="7" cleared="4" enqueued="4" />
</gc-op>
<gc-end id="912" type="scavenge" contextid="908" durationms="1.920" usertimems="4.000" systemtimems="0.000" timestamp="2019-06-14T19:07:54.010" activeThreads="4">
  <mem-info id="913" free="2084036072" total="2092630016" percent="99">
    <mem type="nursery" free="1085648" total="2097152" percent="51">
      <mem type="allocate" free="1085648" total="1441792" percent="75" />
      <mem type="survivor" free="0" total="655360" percent="0" />
    </mem>
    <mem type="tenure" free="2082950424" total="2090532864" percent="99">
      <mem type="soa" free="1978424600" total="1986007040" percent="99" />
      <mem type="loa" free="104525824" total="104525824" percent="100" />
    </mem>
    <pending-finalizers system="0" default="0" reference="36" classloader="0" />
    <remembered-set count="195" />
  </mem-info>
</gc-end>
<cycle-end id="914" type="scavenge" contextid="908" timestamp="2019-06-14T19:07:54.010" />
  <attribute name="elasticGC enabled" value="1" />
  <attribute name= "numThreadsSpecified" value="4" />
  <attribute name="heapSize specified" value="8388608" />
  <attribute name="Current GC Util" value="46" />
  <attribute name= "Current Time Running" value="1998" />
  <attribute name ="GC Interval" value="224" />
  <attribute name="ProportionalT" value="13.000000" />
  <attribute name="ProportionalI" value="13.000000" />
  <attribute name="ProportionalH" value="13.000000" />
  <attribute name="Current Error" value="26.000000" />
  <attribute name="IntegralT" value="208.000000" />
  <attribute name="IntegralI" value="208.000000" />
  <attribute name="IntegralH" value="208.000000" />
  <attribute name="DerivativeT" value="1.625000" />
  <attribute name="DerivativeI" value="1.625000" />
  <attribute name="DerivativeH" value="1.625000" />
  <attribute name="Loop Time for DT" value="8.000000" />
  <attribute name="Output H" value="8388608"/>
  <attribute name="Output I" value="224"/>
  <attribute name="Output T" value="4"/>
  <attribute name="Target GC Util Change" value ="20.000000" />
  <attribute name="Current GC Util Change" value="46.000000"/>
  <attribute name="GC Util currently" value="46" />
  <attribute name="CPU Util currently" value="592318221420" />
<allocation-satisfied id="915" threadId="00000000025E0800" bytesRequested="24" />
<af-end id="916" timestamp="2019-06-14T19:07:54.010" threadId="00000000025E1188" success="true" from="nursery"/>
<exclusive-end id="917" timestamp="2019-06-14T19:07:54.010" durationms="2.368" />

<exclusive-start id="918" timestamp="2019-06-14T19:07:54.018" intervalms="9.876">
  <response-info timems="0.211" idlems="0.143" threads="1" lastid="00000000025DD700" lastname="PmdThread 3" />
</exclusive-start>
<af-start id="919" threadId="00000000025DEC88" totalBytesRequested="64" timestamp="2019-06-14T19:07:54.018" intervalms="9.878" type="nursery" />
<cycle-start id="920" type="scavenge" contextid="0" timestamp="2019-06-14T19:07:54.018" intervalms="9.955" />
<gc-start id="921" type="scavenge" contextid="920" timestamp="2019-06-14T19:07:54.018">
  <mem-info id="922" free="2082950424" total="2092630016" percent="99">
    <mem type="nursery" free="0" total="2097152" percent="0">
      <mem type="allocate" free="0" total="1441792" percent="0" />
      <mem type="survivor" free="0" total="655360" percent="0" />
    </mem>
    <mem type="tenure" free="2082950424" total="2090532864" percent="99">
      <mem type="soa" free="1978424600" total="1986007040" percent="99" />
      <mem type="loa" free="104525824" total="104525824" percent="100" />
    </mem>
    <remembered-set count="219" />
  </mem-info>
</gc-start>
<allocation-stats totalBytes="1065936" >
  <allocated-bytes non-tlh="24" tlh="1065912" />
  <largest-consumer threadName="PmdThread 4" threadId="00000000025DE300" bytes="376616" />
</allocation-stats>
<gc-op id="923" type="scavenge" timems="1.620" contextid="920" timestamp="2019-06-14T19:07:54.020">
  <scavenger-info tenureage="1" tenuremask="7ffe" tiltratio="68" />
  <memory-copied type="nursery" objects="3275" bytes="362704" bytesdiscarded="106064" />
  <memory-copied type="tenure" objects="1773" bytes="174680" bytesdiscarded="40" />
  <references type="weak" candidates="36" cleared="35" enqueued="35" />
  <references type="phantom" candidates="5" cleared="3" enqueued="3" />
</gc-op>
<gc-end id="924" type="scavenge" contextid="920" durationms="1.837" usertimems="0.000" systemtimems="4.000" timestamp="2019-06-14T19:07:54.020" activeThreads="4">
  <mem-info id="925" free="2083771264" total="2092630016" percent="99">
    <mem type="nursery" free="972952" total="2097152" percent="46">
      <mem type="allocate" free="972952" total="1441792" percent="67" />
      <mem type="survivor" free="0" total="655360" percent="0" />
    </mem>
    <mem type="tenure" free="2082798312" total="2090532864" percent="99">
      <mem type="soa" free="1978272488" total="1986007040" percent="99" />
      <mem type="loa" free="104525824" total="104525824" percent="100" />
    </mem>
    <pending-finalizers system="0" default="0" reference="38" classloader="0" />
    <remembered-set count="142" />
  </mem-info>
</gc-end>
<cycle-end id="926" type="scavenge" contextid="920" timestamp="2019-06-14T19:07:54.020" />
  <attribute name="elasticGC enabled" value="1" />
  <attribute name= "numThreadsSpecified" value="4" />
  <attribute name="heapSize specified" value="8388608" />
  <attribute name="Current GC Util" value="35" />
  <attribute name= "Current Time Running" value="2008" />
  <attribute name ="GC Interval" value="200" />
  <attribute name="ProportionalT" value="7.500000" />
  <attribute name="ProportionalI" value="7.500000" />
  <attribute name="ProportionalH" value="7.500000" />
  <attribute name="Current Error" value="15.000000" />
  <attribute name="IntegralT" value="150.000000" />
  <attribute name="IntegralI" value="150.000000" />
  <attribute name="IntegralH" value="150.000000" />
  <attribute name="DerivativeT" value="-0.550000" />
  <attribute name="DerivativeI" value="-0.550000" />
  <attribute name="DerivativeH" value="-0.550000" />
  <attribute name="Loop Time for DT" value="10.000000" />
  <attribute name="Output H" value="8388608"/>
  <attribute name="Output I" value="200"/>
  <attribute name="Output T" value="4"/>
  <attribute name="Target GC Util Change" value ="20.000000" />
  <attribute name="Current GC Util Change" value="35.000000"/>
  <attribute name="GC Util currently" value="35" />
  <attribute name="CPU Util currently" value="460391185039" />
<allocation-satisfied id="927" threadId="00000000025DE300" bytesRequested="64" />
<af-end id="928" timestamp="2019-06-14T19:07:54.020" threadId="00000000025DEC88" success="true" from="nursery"/>
<exclusive-end id="929" timestamp="2019-06-14T19:07:54.020" durationms="2.401" />

<exclusive-start id="930" timestamp="2019-06-14T19:07:54.025" intervalms="7.281">
  <response-info timems="0.099" idlems="0.099" threads="0" lastid="00000000025DD700" lastname="PmdThread 3" />
</exclusive-start>
<af-start id="931" threadId="00000000025DE088" totalBytesRequested="16392" timestamp="2019-06-14T19:07:54.025" intervalms="7.262" type="nursery" />
<cycle-start id="932" type="scavenge" contextid="0" timestamp="2019-06-14T19:07:54.025" intervalms="7.220" />
<gc-start id="933" type="scavenge" contextid="932" timestamp="2019-06-14T19:07:54.025">
  <mem-info id="934" free="2082798312" total="2092630016" percent="99">
    <mem type="nursery" free="0" total="2097152" percent="0">
      <mem type="allocate" free="0" total="1441792" percent="0" />
      <mem type="survivor" free="0" total="655360" percent="0" />
    </mem>
    <mem type="tenure" free="2082798312" total="2090532864" percent="99">
      <mem type="soa" free="1978272488" total="1986007040" percent="99" />
      <mem type="loa" free="104525824" total="104525824" percent="100" />
    </mem>
    <remembered-set count="178" />
  </mem-info>
</gc-start>
<allocation-stats totalBytes="969256" >
  <allocated-bytes non-tlh="64" tlh="969192" />
  <largest-consumer threadName="PmdThread 4" threadId="00000000025DE300" bytes="376376" />
</allocation-stats>
<gc-op id="935" type="scavenge" timems="1.492" contextid="932" timestamp="2019-06-14T19:07:54.027">
  <scavenger-info tenureage="1" tenuremask="7ffe" tiltratio="68" />
  <memory-copied type="nursery" objects="2475" bytes="243416" bytesdiscarded="157624" />
  <memory-copied type="tenure" objects="3124" bytes="343208" bytesdiscarded="672" />
  <references type="weak" candidates="44" cleared="44" enqueued="44" />
  <references type="phantom" candidates="3" cleared="2" enqueued="2" />
</gc-op>
<gc-end id="936" type="scavenge" contextid="932" durationms="1.687" usertimems="4.000" systemtimems="0.000" timestamp="2019-06-14T19:07:54.027" activeThreads="4">
  <mem-info id="937" free="2083589016" total="2092630016" percent="99">
    <mem type="nursery" free="1106128" total="2097152" percent="52">
      <mem type="allocate" free="1106128" total="1507328" percent="73" />
      <mem type="survivor" free="0" total="589824" percent="0" />
    </mem>
    <mem type="tenure" free="2082482888" total="2090532864" percent="99">
      <mem type="soa" free="1977957064" total="1986007040" percent="99" />
      <mem type="loa" free="104525824" total="104525824" percent="100" />
    </mem>
    <pending-finalizers system="0" default="0" reference="46" classloader="0" />
    <remembered-set count="132" />
  </mem-info>
</gc-end>
<cycle-end id="938" type="scavenge" contextid="932" timestamp="2019-06-14T19:07:54.027" />
  <attribute name="elasticGC enabled" value="1" />
  <attribute name= "numThreadsSpecified" value="4" />
  <attribute name="heapSize specified" value="8388608" />
  <attribute name="Current GC Util" value="45" />
  <attribute name= "Current Time Running" value="2015" />
  <attribute name ="GC Interval" value="200" />
  <attribute name="ProportionalT" value="12.500000" />
  <attribute name="ProportionalI" value="12.500000" />
  <attribute name="ProportionalH" value="12.500000" />
  <attribute name="Current Error" value="25.000000" />
  <attribute name="IntegralT" value="175.000000" />
  <attribute name="IntegralI" value="175.000000" />
  <attribute name="IntegralH" value="175.000000" />
  <attribute name="DerivativeT" value="0.714286" />
  <attribute name="DerivativeI" value="0.714286" />
  <attribute name="DerivativeH" value="0.714286" />
  <attribute name="Loop Time for DT" value="7.000000" />
  <attribute name="Output H" value="8388608"/>
  <attribute name="Output I" value="200"/>
  <attribute name="Output T" value="4"/>
  <attribute name="Target GC Util Change" value ="20.000000" />
  <attribute name="Current GC Util Change" value="45.000000"/>
  <attribute name="GC Util currently" value="45" />
  <attribute name="CPU Util currently" value="647612568628" />
<allocation-satisfied id="939" threadId="00000000025DD700" bytesRequested="16392" />
<af-end id="940" timestamp="2019-06-14T19:07:54.027" threadId="00000000025DE088" success="true" from="nursery"/>
<exclusive-end id="941" timestamp="2019-06-14T19:07:54.027" durationms="2.287" />

<exclusive-start id="942" timestamp="2019-06-14T19:07:54.039" intervalms="14.052">
  <response-info timems="0.053" idlems="0.053" threads="0" lastid="00000000025DE300" lastname="PmdThread 4" />
</exclusive-start>
<af-start id="943" threadId="00000000025DEC88" totalBytesRequested="800" timestamp="2019-06-14T19:07:54.039" intervalms="14.074" type="nursery" />
<cycle-start id="944" type="scavenge" contextid="0" timestamp="2019-06-14T19:07:54.039" intervalms="14.087" />
<gc-start id="945" type="scavenge" contextid="944" timestamp="2019-06-14T19:07:54.039">
  <mem-info id="946" free="2082482888" total="2092630016" percent="99">
    <mem type="nursery" free="0" total="2097152" percent="0">
      <mem type="allocate" free="0" total="1507328" percent="0" />
      <mem type="survivor" free="0" total="589824" percent="0" />
    </mem>
    <mem type="tenure" free="2082482888" total="2090532864" percent="99">
      <mem type="soa" free="1977957064" total="1986007040" percent="99" />
      <mem type="loa" free="104525824" total="104525824" percent="100" />
    </mem>
    <remembered-set count="163" />
  </mem-info>
</gc-start>
<allocation-stats totalBytes="1094416" >
  <allocated-bytes non-tlh="49176" tlh="1045240" />
  <largest-consumer threadName="PmdThread 4" threadId="00000000025DE300" bytes="342768" />
</allocation-stats>
<gc-op id="947" type="scavenge" timems="2.067" contextid="944" timestamp="2019-06-14T19:07:54.041">
  <scavenger-info tenureage="1" tenuremask="7ffe" tiltratio="71" />
  <memory-copied type="nursery" objects="4559" bytes="415528" bytesdiscarded="127320" />
  <memory-copied type="tenure" objects="2320" bytes="227128" bytesdiscarded="8" />
  <references type="weak" candidates="37" cleared="37" enqueued="37" />
  <references type="phantom" candidates="5" cleared="5" enqueued="5" />
</gc-op>
<gc-end id="948" type="scavenge" contextid="944" durationms="2.304" usertimems="0.000" systemtimems="4.000" timestamp="2019-06-14T19:07:54.041" activeThreads="4">
  <mem-info id="949" free="2083135040" total="2092630016" percent="99">
    <mem type="nursery" free="898752" total="2097152" percent="42">
      <mem type="allocate" free="898752" total="1441792" percent="62" />
      <mem type="survivor" free="0" total="655360" percent="0" />
    </mem>
    <mem type="tenure" free="2082236288" total="2090532864" percent="99">
      <mem type="soa" free="1977710464" total="1986007040" percent="99" />
      <mem type="loa" free="104525824" total="104525824" percent="100" />
    </mem>
    <pending-finalizers system="0" default="0" reference="42" classloader="0" />
    <remembered-set count="176" />
  </mem-info>
</gc-end>
<cycle-end id="950" type="scavenge" contextid="944" timestamp="2019-06-14T19:07:54.042" />
  <attribute name="elasticGC enabled" value="1" />
  <attribute name= "numThreadsSpecified" value="4" />
  <attribute name="heapSize specified" value="8388608" />
  <attribute name="Current GC Util" value="22" />
  <attribute name= "Current Time Running" value="2029" />
  <attribute name ="GC Interval" value="200" />
  <attribute name="ProportionalT" value="1.000000" />
  <attribute name="ProportionalI" value="1.000000" />
  <attribute name="ProportionalH" value="1.000000" />
  <attribute name="Current Error" value="2.000000" />
  <attribute name="IntegralT" value="28.000000" />
  <attribute name="IntegralI" value="28.000000" />
  <attribute name="IntegralH" value="28.000000" />
  <attribute name="DerivativeT" value="-0.821429" />
  <attribute name="DerivativeI" value="-0.821429" />
  <attribute name="DerivativeH" value="-0.821429" />
  <attribute name="Loop Time for DT" value="14.000000" />
  <attribute name="Output H" value="8388608"/>
  <attribute name="Output I" value="200"/>
  <attribute name="Output T" value="4"/>
  <attribute name="Target GC Util Change" value ="20.000000" />
  <attribute name="Current GC Util Change" value="22.000000"/>
  <attribute name="GC Util currently" value="22" />
  <attribute name="CPU Util currently" value="324856619892" />
<allocation-satisfied id="951" threadId="00000000025DE300" bytesRequested="800" />
<af-end id="952" timestamp="2019-06-14T19:07:54.042" threadId="00000000025DEC88" success="true" from="nursery"/>
<exclusive-end id="953" timestamp="2019-06-14T19:07:54.042" durationms="2.885" />

<exclusive-start id="954" timestamp="2019-06-14T19:07:54.048" intervalms="8.719">
  <response-info timems="0.098" idlems="0.098" threads="0" lastid="00000000025DE300" lastname="PmdThread 4" />
</exclusive-start>
<af-start id="955" threadId="00000000025DEC88" totalBytesRequested="40" timestamp="2019-06-14T19:07:54.048" intervalms="8.720" type="nursery" />
<cycle-start id="956" type="scavenge" contextid="0" timestamp="2019-06-14T19:07:54.048" intervalms="9.223" />
<gc-start id="957" type="scavenge" contextid="956" timestamp="2019-06-14T19:07:54.048">
  <mem-info id="958" free="2082236288" total="2092630016" percent="99">
    <mem type="nursery" free="0" total="2097152" percent="0">
      <mem type="allocate" free="0" total="1441792" percent="0" />
      <mem type="survivor" free="0" total="655360" percent="0" />
    </mem>
    <mem type="tenure" free="2082236288" total="2090532864" percent="99">
      <mem type="soa" free="1977710464" total="1986007040" percent="99" />
      <mem type="loa" free="104525824" total="104525824" percent="100" />
    </mem>
    <remembered-set count="205" />
  </mem-info>
</gc-start>
<allocation-stats totalBytes="898152" >
  <allocated-bytes non-tlh="800" tlh="897352" />
  <largest-consumer threadName="PmdThread 4" threadId="00000000025DE300" bytes="258784" />
</allocation-stats>
<gc-op id="959" type="scavenge" timems="1.671" contextid="956" timestamp="2019-06-14T19:07:54.050">
  <scavenger-info tenureage="1" tenuremask="7ffe" tiltratio="68" />
  <memory-copied type="nursery" objects="3536" bytes="349376" bytesdiscarded="217928" />
  <memory-copied type="tenure" objects="3678" bytes="320888" bytesdiscarded="1240" />
  <references type="weak" candidates="26" cleared="26" enqueued="26" />
  <references type="phantom" candidates="2" cleared="2" enqueued="2" />
</gc-op>
<gc-end id="960" type="scavenge" contextid="956" durationms="1.878" usertimems="4.000" systemtimems="0.000" timestamp="2019-06-14T19:07:54.050" activeThreads="4">
  <mem-info id="961" free="2082892272" total="2092630016" percent="99">
    <mem type="nursery" free="939944" total="2097152" percent="44">
      <mem type="allocate" free="939944" total="1507328" percent="62" />
      <mem type="survivor" free="0" total="589824" percent="0" />
    </mem>
    <mem type="tenure" free="2081952328" total="2090532864" percent="99">
      <mem type="soa" free="1977426504" total="1986007040" percent="99" />
      <mem type="loa" free="104525824" total="104525824" percent="100" />
    </mem>
    <pending-finalizers system="0" default="0" reference="28" classloader="0" />
    <remembered-set count="141" />
  </mem-info>
</gc-end>
<cycle-end id="962" type="scavenge" contextid="956" timestamp="2019-06-14T19:07:54.050" />
  <attribute name="elasticGC enabled" value="1" />
  <attribute name= "numThreadsSpecified" value="4" />
  <attribute name="heapSize specified" value="8388608" />
  <attribute name="Current GC Util" value="42" />
  <attribute name= "Current Time Running" value="2038" />
  <attribute name ="GC Interval" value="216" />
  <attribute name="ProportionalT" value="11.000000" />
  <attribute name="ProportionalI" value="11.000000" />
  <attribute name="ProportionalH" value="11.000000" />
  <attribute name="Current Error" value="22.000000" />
  <attribute name="IntegralT" value="198.000000" />
  <attribute name="IntegralI" value="198.000000" />
  <attribute name="IntegralH" value="198.000000" />
  <attribute name="DerivativeT" value="1.111111" />
  <attribute name="DerivativeI" value="1.111111" />
  <attribute name="DerivativeH" value="1.111111" />
  <attribute name="Loop Time for DT" value="9.000000" />
  <attribute name="Output H" value="8388608"/>
  <attribute name="Output I" value="216"/>
  <attribute name="Output T" value="4"/>
  <attribute name="Target GC Util Change" value ="20.000000" />
  <attribute name="Current GC Util Change" value="42.000000"/>
  <attribute name="GC Util currently" value="42" />
  <attribute name="CPU Util currently" value="504667177726" />
<allocation-satisfied id="963" threadId="00000000025DE300" bytesRequested="40" />
<af-end id="964" timestamp="2019-06-14T19:07:54.050" threadId="00000000025DEC88" success="true" from="nursery"/>
<exclusive-end id="965" timestamp="2019-06-14T19:07:54.050" durationms="2.884" />

<exclusive-start id="966" timestamp="2019-06-14T19:07:54.055" intervalms="7.378">
  <response-info timems="0.035" idlems="0.035" threads="0" lastid="00000000025DCC00" lastname="PmdThread 1" />
</exclusive-start>
<af-start id="967" threadId="00000000025DD588" totalBytesRequested="8200" timestamp="2019-06-14T19:07:54.055" intervalms="7.353" type="nursery" />
<cycle-start id="968" type="scavenge" contextid="0" timestamp="2019-06-14T19:07:54.055" intervalms="6.803" />
<gc-start id="969" type="scavenge" contextid="968" timestamp="2019-06-14T19:07:54.055">
  <mem-info id="970" free="2081952328" total="2092630016" percent="99">
    <mem type="nursery" free="0" total="2097152" percent="0">
      <mem type="allocate" free="0" total="1507328" percent="0" />
      <mem type="survivor" free="0" total="589824" percent="0" />
    </mem>
    <mem type="tenure" free="2081952328" total="2090532864" percent="99">
      <mem type="soa" free="1977426504" total="1986007040" percent="99" />
      <mem type="loa" free="104525824" total="104525824" percent="100" />
    </mem>
    <remembered-set count="180" />
  </mem-info>
</gc-start>
<allocation-stats totalBytes="923920" >
  <allocated-bytes non-tlh="40" tlh="923880" />
  <largest-consumer threadName="PmdThread 3" threadId="00000000025DD700" bytes="382416" />
</allocation-stats>
<gc-op id="971" type="scavenge" timems="0.751" contextid="968" timestamp="2019-06-14T19:07:54.056">
  <scavenger-info tenureage="1" tenuremask="7ffe" tiltratio="71" />
  <memory-copied type="nursery" objects="3296" bytes="352720" bytesdiscarded="189912" />
  <memory-copied type="tenure" objects="2685" bytes="260704" bytesdiscarded="48" />
  <references type="weak" candidates="35" cleared="35" enqueued="35" />
  <references type="phantom" candidates="7" cleared="5" enqueued="5" />
</gc-op>
<gc-end id="972" type="scavenge" contextid="968" durationms="0.961" usertimems="0.000" systemtimems="0.000" timestamp="2019-06-14T19:07:54.056" activeThreads="4">
  <mem-info id="973" free="2082567848" total="2092630016" percent="99">
    <mem type="nursery" free="964536" total="2097152" percent="45">
      <mem type="allocate" free="964536" total="1507328" percent="63" />
      <mem type="survivor" free="0" total="589824" percent="0" />
    </mem>
    <mem type="tenure" free="2081603312" total="2090532864" percent="99">
      <mem type="soa" free="1977077488" total="1986007040" percent="99" />
      <mem type="loa" free="104525824" total="104525824" percent="100" />
    </mem>
    <pending-finalizers system="0" default="0" reference="40" classloader="0" />
    <remembered-set count="131" />
  </mem-info>
</gc-end>
<cycle-end id="974" type="scavenge" contextid="968" timestamp="2019-06-14T19:07:54.056" />
  <attribute name="elasticGC enabled" value="1" />
  <attribute name= "numThreadsSpecified" value="4" />
  <attribute name="heapSize specified" value="8388608" />
  <attribute name="Current GC Util" value="48" />
  <attribute name= "Current Time Running" value="2045" />
  <attribute name ="GC Interval" value="216" />
  <attribute name="ProportionalT" value="14.000000" />
  <attribute name="ProportionalI" value="14.000000" />
  <attribute name="ProportionalH" value="14.000000" />
  <attribute name="Current Error" value="28.000000" />
  <attribute name="IntegralT" value="196.000000" />
  <attribute name="IntegralI" value="196.000000" />
  <attribute name="IntegralH" value="196.000000" />
  <attribute name="DerivativeT" value="0.428571" />
  <attribute name="DerivativeI" value="0.428571" />
  <attribute name="DerivativeH" value="0.428571" />
  <attribute name="Loop Time for DT" value="7.000000" />
  <attribute name="Output H" value="8388608"/>
  <attribute name="Output I" value="216"/>
  <attribute name="Output T" value="4"/>
  <attribute name="Target GC Util Change" value ="20.000000" />
  <attribute name="Current GC Util Change" value="48.000000"/>
  <attribute name="GC Util currently" value="48" />
  <attribute name="CPU Util currently" value="677077617303" />
<allocation-satisfied id="975" threadId="00000000025DCC00" bytesRequested="8200" />
<af-end id="976" timestamp="2019-06-14T19:07:54.056" threadId="00000000025DD588" success="true" from="nursery"/>
<exclusive-end id="977" timestamp="2019-06-14T19:07:54.056" durationms="1.377" />

<exclusive-start id="978" timestamp="2019-06-14T19:07:54.061" intervalms="5.585">
  <response-info timems="0.075" idlems="0.035" threads="2" lastid="00000000025DE300" lastname="PmdThread 4" />
</exclusive-start>
<af-start id="979" threadId="00000000025DD588" totalBytesRequested="8200" timestamp="2019-06-14T19:07:54.061" intervalms="5.591" type="nursery" />
<cycle-start id="980" type="scavenge" contextid="0" timestamp="2019-06-14T19:07:54.061" intervalms="5.589" />
<gc-start id="981" type="scavenge" contextid="980" timestamp="2019-06-14T19:07:54.061">
  <mem-info id="982" free="2081603312" total="2092630016" percent="99">
    <mem type="nursery" free="0" total="2097152" percent="0">
      <mem type="allocate" free="0" total="1507328" percent="0" />
      <mem type="survivor" free="0" total="589824" percent="0" />
    </mem>
    <mem type="tenure" free="2081603312" total="2090532864" percent="99">
      <mem type="soa" free="1977077488" total="1986007040" percent="99" />
      <mem type="loa" free="104525824" total="104525824" percent="100" />
    </mem>
    <remembered-set count="159" />
  </mem-info>
</gc-start>
<allocation-stats totalBytes="931672" >
  <allocated-bytes non-tlh="40984" tlh="890688" />
  <largest-consumer threadName="PmdThread 3" threadId="00000000025DD700" bytes="302944" />
</allocation-stats>
<gc-op id="983" type="scavenge" timems="0.554" contextid="980" timestamp="2019-06-14T19:07:54.061">
  <scavenger-info tenureage="1" tenuremask="7ffe" tiltratio="71" />
  <memory-copied type="nursery" objects="2780" bytes="353200" bytesdiscarded="129648" />
  <memory-copied type="tenure" objects="1904" bytes="238920" bytesdiscarded="32" />
  <references type="weak" candidates="25" cleared="25" enqueued="25" />
  <references type="phantom" candidates="8" cleared="5" enqueued="5" />
</gc-op>
<gc-end id="984" type="scavenge" contextid="980" durationms="0.774" usertimems="4.000" systemtimems="0.000" timestamp="2019-06-14T19:07:54.062" activeThreads="4">
  <mem-info id="985" free="2082563672" total="2092630016" percent="99">
    <mem type="nursery" free="1089696" total="2097152" percent="51">
      <mem type="allocate" free="1089696" total="1572864" percent="69" />
      <mem type="survivor" free="0" total="524288" percent="0" />
    </mem>
    <mem type="tenure" free="2081473976" total="2090532864" percent="99">
      <mem type="soa" free="1976948152" total="1986007040" percent="99" />
      <mem type="loa" free="104525824" total="104525824" percent="100" />
    </mem>
    <pending-finalizers system="0" default="0" reference="30" classloader="0" />
    <remembered-set count="203" />
  </mem-info>
</gc-end>
<cycle-end id="986" type="scavenge" contextid="980" timestamp="2019-06-14T19:07:54.062" />
  <attribute name="elasticGC enabled" value="1" />
  <attribute name= "numThreadsSpecified" value="4" />
  <attribute name="heapSize specified" value="8388608" />
  <attribute name="Current GC Util" value="27" />
  <attribute name= "Current Time Running" value="2051" />
  <attribute name ="GC Interval" value="200" />
  <attribute name="ProportionalT" value="3.500000" />
  <attribute name="ProportionalI" value="3.500000" />
  <attribute name="ProportionalH" value="3.500000" />
  <attribute name="Current Error" value="7.000000" />
  <attribute name="IntegralT" value="42.000000" />
  <attribute name="IntegralI" value="42.000000" />
  <attribute name="IntegralH" value="42.000000" />
  <attribute name="DerivativeT" value="-1.750000" />
  <attribute name="DerivativeI" value="-1.750000" />
  <attribute name="DerivativeH" value="-1.750000" />
  <attribute name="Loop Time for DT" value="6.000000" />
  <attribute name="Output H" value="8388608"/>
  <attribute name="Output I" value="200"/>
  <attribute name="Output T" value="4"/>
  <attribute name="Target GC Util Change" value ="20.000000" />
  <attribute name="Current GC Util Change" value="27.000000"/>
  <attribute name="GC Util currently" value="27" />
  <attribute name="CPU Util currently" value="824758978639" />
<allocation-satisfied id="987" threadId="00000000025DCC00" bytesRequested="8200" />
<af-end id="988" timestamp="2019-06-14T19:07:54.062" threadId="00000000025DD588" success="true" from="nursery"/>
<exclusive-end id="989" timestamp="2019-06-14T19:07:54.062" durationms="1.146" />

<exclusive-start id="990" timestamp="2019-06-14T19:07:54.066" intervalms="5.377">
  <response-info timems="0.048" idlems="0.048" threads="0" lastid="00000000025DD700" lastname="PmdThread 3" />
</exclusive-start>
<af-start id="991" threadId="00000000025DE088" totalBytesRequested="8200" timestamp="2019-06-14T19:07:54.066" intervalms="5.379" type="nursery" />
<cycle-start id="992" type="scavenge" contextid="0" timestamp="2019-06-14T19:07:54.066" intervalms="5.378" />
<gc-start id="993" type="scavenge" contextid="992" timestamp="2019-06-14T19:07:54.066">
  <mem-info id="994" free="2081473976" total="2092630016" percent="99">
    <mem type="nursery" free="0" total="2097152" percent="0">
      <mem type="allocate" free="0" total="1572864" percent="0" />
      <mem type="survivor" free="0" total="524288" percent="0" />
    </mem>
    <mem type="tenure" free="2081473976" total="2090532864" percent="99">
      <mem type="soa" free="1976948152" total="1986007040" percent="99" />
      <mem type="loa" free="104525824" total="104525824" percent="100" />
    </mem>
    <remembered-set count="221" />
  </mem-info>
</gc-start>
<allocation-stats totalBytes="1069280" >
  <allocated-bytes non-tlh="24592" tlh="1044688" />
  <largest-consumer threadName="PmdThread 4" threadId="00000000025DE300" bytes="342664" />
</allocation-stats>
<gc-op id="995" type="scavenge" timems="2.282" contextid="992" timestamp="2019-06-14T19:07:54.069">
  <scavenger-info tenureage="1" tenuremask="7ffe" tiltratio="75" />
  <memory-copied type="nursery" objects="4241" bytes="399016" bytesdiscarded="100528" />
  <memory-copied type="tenure" objects="1714" bytes="180352" bytesdiscarded="0" />
  <references type="weak" candidates="15" cleared="15" enqueued="15" />
  <references type="phantom" candidates="5" cleared="3" enqueued="3" />
</gc-op>
<gc-end id="996" type="scavenge" contextid="992" durationms="2.499" usertimems="4.000" systemtimems="0.000" timestamp="2019-06-14T19:07:54.069" activeThreads="4">
  <mem-info id="997" free="2082434080" total="2092630016" percent="99">
    <mem type="nursery" free="1073048" total="2097152" percent="51">
      <mem type="allocate" free="1073048" total="1572864" percent="68" />
      <mem type="survivor" free="0" total="524288" percent="0" />
    </mem>
    <mem type="tenure" free="2081361032" total="2090532864" percent="99">
      <mem type="soa" free="1976835208" total="1986007040" percent="99" />
      <mem type="loa" free="104525824" total="104525824" percent="100" />
    </mem>
    <pending-finalizers system="0" default="0" reference="18" classloader="0" />
    <remembered-set count="141" />
  </mem-info>
</gc-end>
<cycle-end id="998" type="scavenge" contextid="992" timestamp="2019-06-14T19:07:54.069" />
  <attribute name="elasticGC enabled" value="1" />
  <attribute name= "numThreadsSpecified" value="4" />
  <attribute name="heapSize specified" value="8388608" />
  <attribute name="Current GC Util" value="22" />
  <attribute name= "Current Time Running" value="2056" />
  <attribute name ="GC Interval" value="200" />
  <attribute name="ProportionalT" value="1.000000" />
  <attribute name="ProportionalI" value="1.000000" />
  <attribute name="ProportionalH" value="1.000000" />
  <attribute name="Current Error" value="2.000000" />
  <attribute name="IntegralT" value="10.000000" />
  <attribute name="IntegralI" value="10.000000" />
  <attribute name="IntegralH" value="10.000000" />
  <attribute name="DerivativeT" value="-0.500000" />
  <attribute name="DerivativeI" value="-0.500000" />
  <attribute name="DerivativeH" value="-0.500000" />
  <attribute name="Loop Time for DT" value="5.000000" />
  <attribute name="Output H" value="8388608"/>
  <attribute name="Output I" value="200"/>
  <attribute name="Output T" value="4"/>
  <attribute name="Target GC Util Change" value ="20.000000" />
  <attribute name="Current GC Util Change" value="22.000000"/>
  <attribute name="GC Util currently" value="22" />
  <attribute name="CPU Util currently" value="858551625148" />
<allocation-satisfied id="999" threadId="00000000025DD700" bytesRequested="8200" />
<af-end id="1000" timestamp="2019-06-14T19:07:54.069" threadId="00000000025DE088" success="true" from="nursery"/>
<exclusive-end id="1001" timestamp="2019-06-14T19:07:54.069" durationms="2.907" />

<exclusive-start id="1002" timestamp="2019-06-14T19:07:54.075" intervalms="8.827">
  <response-info timems="0.053" idlems="0.028" threads="1" lastid="00000000025DCC00" lastname="PmdThread 1" />
</exclusive-start>
<af-start id="1003" threadId="00000000025E1188" totalBytesRequested="808" timestamp="2019-06-14T19:07:54.075" intervalms="8.806" type="nursery" />
<cycle-start id="1004" type="scavenge" contextid="0" timestamp="2019-06-14T19:07:54.075" intervalms="8.822" />
<gc-start id="1005" type="scavenge" contextid="1004" timestamp="2019-06-14T19:07:54.075">
  <mem-info id="1006" free="2081361032" total="2092630016" percent="99">
    <mem type="nursery" free="0" total="2097152" percent="0">
      <mem type="allocate" free="0" total="1572864" percent="0" />
      <mem type="survivor" free="0" total="524288" percent="0" />
    </mem>
    <mem type="tenure" free="2081361032" total="2090532864" percent="99">
      <mem type="soa" free="1976835208" total="1986007040" percent="99" />
      <mem type="loa" free="104525824" total="104525824" percent="100" />
    </mem>
    <remembered-set count="162" />
  </mem-info>
</gc-start>
<allocation-stats totalBytes="1071472" >
  <allocated-bytes non-tlh="8200" tlh="1063272" />
  <largest-consumer threadName="PmdThread 3" threadId="00000000025DD700" bytes="323024" />
</allocation-stats>
<gc-op id="1007" type="scavenge" timems="0.559" contextid="1004" timestamp="2019-06-14T19:07:54.076">
  <scavenger-info tenureage="1" tenuremask="7ffe" tiltratio="75" />
  <memory-copied type="nursery" objects="4798" bytes="349160" bytesdiscarded="174840" />
  <memory-copied type="tenure" objects="3526" bytes="298992" bytesdiscarded="512" />
  <copy-failed type="nursery" objects="111" bytes="3944" />
  <references type="weak" candidates="40" cleared="40" enqueued="40" />
  <references type="phantom" candidates="4" cleared="4" enqueued="4" />
</gc-op>
<gc-end id="1008" type="scavenge" contextid="1004" durationms="0.772" usertimems="0.000" systemtimems="0.000" timestamp="2019-06-14T19:07:54.076" activeThreads="4">
  <mem-info id="1009" free="2082049856" total="2092630016" percent="99">
    <mem type="nursery" free="1114112" total="2097152" percent="53">
      <mem type="allocate" free="1114112" total="1638400" percent="68" />
      <mem type="survivor" free="0" total="458752" percent="0" />
    </mem>
    <mem type="tenure" free="2080935744" total="2090532864" percent="99">
      <mem type="soa" free="1976409920" total="1986007040" percent="99" />
      <mem type="loa" free="104525824" total="104525824" percent="100" />
    </mem>
    <pending-finalizers system="0" default="0" reference="44" classloader="0" />
    <remembered-set count="221" />
  </mem-info>
</gc-end>
<cycle-end id="1010" type="scavenge" contextid="1004" timestamp="2019-06-14T19:07:54.076" />
  <attribute name="elasticGC enabled" value="1" />
  <attribute name= "numThreadsSpecified" value="4" />
  <attribute name="heapSize specified" value="8388608" />
  <attribute name="Current GC Util" value="52" />
  <attribute name= "Current Time Running" value="2065" />
  <attribute name ="GC Interval" value="312" />
  <attribute name="ProportionalT" value="16.000000" />
  <attribute name="ProportionalI" value="16.000000" />
  <attribute name="ProportionalH" value="16.000000" />
  <attribute name="Current Error" value="32.000000" />
  <attribute name="IntegralT" value="288.000000" />
  <attribute name="IntegralI" value="288.000000" />
  <attribute name="IntegralH" value="288.000000" />
  <attribute name="DerivativeT" value="1.666667" />
  <attribute name="DerivativeI" value="1.666667" />
  <attribute name="DerivativeH" value="1.666667" />
  <attribute name="Loop Time for DT" value="9.000000" />
  <attribute name="Output H" value="8388608"/>
  <attribute name="Output I" value="312"/>
  <attribute name="Output T" value="4"/>
  <attribute name="Target GC Util Change" value ="20.000000" />
  <attribute name="Current GC Util Change" value="52.000000"/>
  <attribute name="GC Util currently" value="52" />
  <attribute name="CPU Util currently" value="521715925956" />
<allocation-satisfied id="1011" threadId="00000000025E0800" bytesRequested="808" />
<af-end id="1012" timestamp="2019-06-14T19:07:54.076" threadId="00000000025E1188" success="true" from="nursery"/>
<exclusive-end id="1013" timestamp="2019-06-14T19:07:54.076" durationms="1.168" />

<exclusive-start id="1014" timestamp="2019-06-14T19:07:54.081" intervalms="6.239">
  <response-info timems="0.031" idlems="0.031" threads="0" lastid="00000000025E0800" lastname="PmdThread 2" />
</exclusive-start>
<af-start id="1015" threadId="00000000025E1188" totalBytesRequested="16" timestamp="2019-06-14T19:07:54.081" intervalms="6.376" type="nursery" />
<cycle-start id="1016" type="scavenge" contextid="0" timestamp="2019-06-14T19:07:54.081" intervalms="6.413" />
<gc-start id="1017" type="scavenge" contextid="1016" timestamp="2019-06-14T19:07:54.081">
  <mem-info id="1018" free="2080935744" total="2092630016" percent="99">
    <mem type="nursery" free="0" total="2097152" percent="0">
      <mem type="allocate" free="0" total="1638400" percent="0" />
      <mem type="survivor" free="0" total="458752" percent="0" />
    </mem>
    <mem type="tenure" free="2080935744" total="2090532864" percent="99">
      <mem type="soa" free="1976409920" total="1986007040" percent="99" />
      <mem type="loa" free="104525824" total="104525824" percent="100" />
    </mem>
    <remembered-set count="273" />
  </mem-info>
</gc-start>
<allocation-stats totalBytes="1112584" >
  <allocated-bytes non-tlh="808" tlh="1111776" />
  <largest-consumer threadName="PmdThread 4" threadId="00000000025DE300" bytes="511280" />
</allocation-stats>
<gc-op id="1019" type="scavenge" timems="0.701" contextid="1016" timestamp="2019-06-14T19:07:54.082">
  <scavenger-info tenureage="1" tenuremask="7ffe" tiltratio="78" />
  <memory-copied type="nursery" objects="414" bytes="15816" bytesdiscarded="140824" />
  <memory-copied type="tenure" objects="3594" bytes="246552" bytesdiscarded="40" />
  <references type="weak" candidates="56" cleared="56" enqueued="56" />
  <references type="phantom" candidates="2" cleared="2" enqueued="2" />
</gc-op>
<gc-end id="1020" type="scavenge" contextid="1016" durationms="0.898" usertimems="0.000" systemtimems="0.000" timestamp="2019-06-14T19:07:54.082" activeThreads="4">
  <mem-info id="1021" free="2082195216" total="2092630016" percent="99">
    <mem type="nursery" free="1481728" total="2097152" percent="70">
      <mem type="allocate" free="1481728" total="1638400" percent="90" />
      <mem type="survivor" free="0" total="458752" percent="0" />
    </mem>
    <mem type="tenure" free="2080713488" total="2090532864" percent="99">
      <mem type="soa" free="1976187664" total="1986007040" percent="99" />
      <mem type="loa" free="104525824" total="104525824" percent="100" />
    </mem>
    <pending-finalizers system="0" default="0" reference="58" classloader="0" />
    <remembered-set count="160" />
  </mem-info>
</gc-end>
<cycle-end id="1022" type="scavenge" contextid="1016" timestamp="2019-06-14T19:07:54.082" />
  <attribute name="elasticGC enabled" value="1" />
  <attribute name= "numThreadsSpecified" value="4" />
  <attribute name="heapSize specified" value="8388608" />
  <attribute name="Current GC Util" value="25" />
  <attribute name= "Current Time Running" value="2071" />
  <attribute name ="GC Interval" value="200" />
  <attribute name="ProportionalT" value="2.500000" />
  <attribute name="ProportionalI" value="2.500000" />
  <attribute name="ProportionalH" value="2.500000" />
  <attribute name="Current Error" value="5.000000" />
  <attribute name="IntegralT" value="30.000000" />
  <attribute name="IntegralI" value="30.000000" />
  <attribute name="IntegralH" value="30.000000" />
  <attribute name="DerivativeT" value="-2.250000" />
  <attribute name="DerivativeI" value="-2.250000" />
  <attribute name="DerivativeH" value="-2.250000" />
  <attribute name="Loop Time for DT" value="6.000000" />
  <attribute name="Output H" value="8388608"/>
  <attribute name="Output I" value="200"/>
  <attribute name="Output T" value="4"/>
  <attribute name="Target GC Util Change" value ="20.000000" />
  <attribute name="Current GC Util Change" value="25.000000"/>
  <attribute name="GC Util currently" value="25" />
  <attribute name="CPU Util currently" value="722850207289" />
<allocation-satisfied id="1023" threadId="00000000025E0800" bytesRequested="16" />
<af-end id="1024" timestamp="2019-06-14T19:07:54.082" threadId="00000000025E1188" success="true" from="nursery"/>
<exclusive-end id="1025" timestamp="2019-06-14T19:07:54.082" durationms="1.459" />

<exclusive-start id="1026" timestamp="2019-06-14T19:07:54.087" intervalms="6.239">
  <response-info timems="0.029" idlems="0.029" threads="0" lastid="00000000025DCC00" lastname="PmdThread 1" />
</exclusive-start>
<af-start id="1027" threadId="00000000025DD588" totalBytesRequested="64" timestamp="2019-06-14T19:07:54.087" intervalms="6.138" type="nursery" />
<cycle-start id="1028" type="scavenge" contextid="0" timestamp="2019-06-14T19:07:54.087" intervalms="6.086" />
<gc-start id="1029" type="scavenge" contextid="1028" timestamp="2019-06-14T19:07:54.087">
  <mem-info id="1030" free="2080713056" total="2092630016" percent="99">
    <mem type="nursery" free="0" total="2097152" percent="0">
      <mem type="allocate" free="0" total="1638400" percent="0" />
      <mem type="survivor" free="0" total="458752" percent="0" />
    </mem>
    <mem type="tenure" free="2080713056" total="2090532864" percent="99">
      <mem type="soa" free="1976187232" total="1986007040" percent="99" />
      <mem type="loa" free="104525824" total="104525824" percent="100" />
    </mem>
    <remembered-set count="267" />
  </mem-info>
</gc-start>
<allocation-stats totalBytes="1461536" >
  <allocated-bytes non-tlh="33232" tlh="1428304" />
  <largest-consumer threadName="PmdThread 3" threadId="00000000025DD700" bytes="588232" />
</allocation-stats>
<gc-op id="1031" type="scavenge" timems="0.479" contextid="1028" timestamp="2019-06-14T19:07:54.088">
  <scavenger-info tenureage="2" tenuremask="7ffc" tiltratio="78" />
  <memory-copied type="nursery" objects="3206" bytes="352536" bytesdiscarded="105128" />
  <memory-copied type="tenure" objects="1005" bytes="96328" bytesdiscarded="280" />
  <copy-failed type="nursery" objects="1005" bytes="96392" />
  <references type="weak" candidates="33" cleared="33" enqueued="33" />
  <references type="phantom" candidates="4" cleared="3" enqueued="3" />
</gc-op>
<gc-end id="1032" type="scavenge" contextid="1028" durationms="0.693" usertimems="0.000" systemtimems="0.000" timestamp="2019-06-14T19:07:54.088" activeThreads="4">
  <mem-info id="1033" free="2081265744" total="2092630016" percent="99">
    <mem type="nursery" free="655360" total="2097152" percent="31">
      <mem type="allocate" free="655360" total="1114112" percent="58" />
      <mem type="survivor" free="0" total="983040" percent="0" />
    </mem>
    <mem type="tenure" free="2080610384" total="2090532864" percent="99">
      <mem type="soa" free="1976084560" total="1986007040" percent="99" />
      <mem type="loa" free="104525824" total="104525824" percent="100" />
    </mem>
    <pending-finalizers system="0" default="0" reference="36" classloader="0" />
    <remembered-set count="443" />
  </mem-info>
</gc-end>
<cycle-end id="1034" type="scavenge" contextid="1028" timestamp="2019-06-14T19:07:54.088" />
  <attribute name="elasticGC enabled" value="1" />
  <attribute name= "numThreadsSpecified" value="4" />
  <attribute name="heapSize specified" value="8388608" />
  <attribute name="Current GC Util" value="21" />
  <attribute name= "Current Time Running" value="2078" />
  <attribute name ="GC Interval" value="200" />
  <attribute name="ProportionalT" value="0.500000" />
  <attribute name="ProportionalI" value="0.500000" />
  <attribute name="ProportionalH" value="0.500000" />
  <attribute name="Current Error" value="1.000000" />
  <attribute name="IntegralT" value="7.000000" />
  <attribute name="IntegralI" value="7.000000" />
  <attribute name="IntegralH" value="7.000000" />
  <attribute name="DerivativeT" value="-0.285714" />
  <attribute name="DerivativeI" value="-0.285714" />
  <attribute name="DerivativeH" value="-0.285714" />
  <attribute name="Loop Time for DT" value="7.000000" />
  <attribute name="Output H" value="8388608"/>
  <attribute name="Output I" value="200"/>
  <attribute name="Output T" value="4"/>
  <attribute name="Target GC Util Change" value ="20.000000" />
  <attribute name="Current GC Util Change" value="21.000000"/>
  <attribute name="GC Util currently" value="21" />
  <attribute name="CPU Util currently" value="755232002342" />
<allocation-satisfied id="1035" threadId="00000000025DCC00" bytesRequested="64" />
<af-end id="1036" timestamp="2019-06-14T19:07:54.088" threadId="00000000025DD588" success="true" from="nursery"/>
<exclusive-end id="1037" timestamp="2019-06-14T19:07:54.088" durationms="1.133" />

<exclusive-start id="1038" timestamp="2019-06-14T19:07:54.092" intervalms="4.755">
  <response-info timems="0.324" idlems="0.207" threads="3" lastid="00000000025E0800" lastname="PmdThread 2" />
</exclusive-start>
<af-start id="1039" threadId="00000000025DD588" totalBytesRequested="16392" timestamp="2019-06-14T19:07:54.092" intervalms="4.745" type="nursery" />
<cycle-start id="1040" type="scavenge" contextid="0" timestamp="2019-06-14T19:07:54.092" intervalms="4.770" />
<gc-start id="1041" type="scavenge" contextid="1040" timestamp="2019-06-14T19:07:54.092">
  <mem-info id="1042" free="2080610264" total="2092630016" percent="99">
    <mem type="nursery" free="0" total="2097152" percent="0">
      <mem type="allocate" free="0" total="1114112" percent="0" />
      <mem type="survivor" free="0" total="983040" percent="0" />
    </mem>
    <mem type="tenure" free="2080610264" total="2090532864" percent="99">
      <mem type="soa" free="1976084440" total="1986007040" percent="99" />
      <mem type="loa" free="104525824" total="104525824" percent="100" />
    </mem>
    <remembered-set count="462" />
  </mem-info>
</gc-start>
<allocation-stats totalBytes="647192" >
  <allocated-bytes non-tlh="184" tlh="647008" />
  <largest-consumer threadName="PmdThread 4" threadId="00000000025DE300" bytes="241584" />
</allocation-stats>
<gc-op id="1043" type="scavenge" timems="0.611" contextid="1040" timestamp="2019-06-14T19:07:54.093">
  <scavenger-info tenureage="1" tenuremask="7ffe" tiltratio="53" />
  <memory-copied type="nursery" objects="2883" bytes="266600" bytesdiscarded="156984" />
  <memory-copied type="tenure" objects="3089" bytes="335352" bytesdiscarded="104" />
  <finalization candidates="1" enqueued="0" />
  <references type="weak" candidates="20" cleared="14" enqueued="14" />
  <references type="phantom" candidates="4" cleared="2" enqueued="2" />
</gc-op>
<gc-end id="1044" type="scavenge" contextid="1040" durationms="0.817" usertimems="0.000" systemtimems="0.000" timestamp="2019-06-14T19:07:54.093" activeThreads="4">
  <mem-info id="1045" free="2080941160" total="2092630016" percent="99">
    <mem type="nursery" free="755928" total="2097152" percent="36">
      <mem type="allocate" free="755928" total="1179648" percent="64" />
      <mem type="survivor" free="0" total="917504" percent="0" />
    </mem>
    <mem type="tenure" free="2080185232" total="2090532864" percent="99">
      <mem type="soa" free="1975659408" total="1986007040" percent="99" />
      <mem type="loa" free="104525824" total="104525824" percent="100" />
    </mem>
    <pending-finalizers system="0" default="0" reference="16" classloader="0" />
    <remembered-set count="136" />
  </mem-info>
</gc-end>
<cycle-end id="1046" type="scavenge" contextid="1040" timestamp="2019-06-14T19:07:54.093" />
  <attribute name="elasticGC enabled" value="1" />
  <attribute name= "numThreadsSpecified" value="4" />
  <attribute name="heapSize specified" value="8388608" />
  <attribute name="Current GC Util" value="23" />
  <attribute name= "Current Time Running" value="2082" />
  <attribute name ="GC Interval" value="200" />
  <attribute name="ProportionalT" value="1.500000" />
  <attribute name="ProportionalI" value="1.500000" />
  <attribute name="ProportionalH" value="1.500000" />
  <attribute name="Current Error" value="3.000000" />
  <attribute name="IntegralT" value="12.000000" />
  <attribute name="IntegralI" value="12.000000" />
  <attribute name="IntegralH" value="12.000000" />
  <attribute name="DerivativeT" value="0.250000" />
  <attribute name="DerivativeI" value="0.250000" />
  <attribute name="DerivativeH" value="0.250000" />
  <attribute name="Loop Time for DT" value="4.000000" />
  <attribute name="Output H" value="8388608"/>
  <attribute name="Output I" value="200"/>
  <attribute name="Output T" value="4"/>
  <attribute name="Target GC Util Change" value ="20.000000" />
  <attribute name="Current GC Util Change" value="23.000000"/>
  <attribute name="GC Util currently" value="23" />
  <attribute name="CPU Util currently" value="969086518099" />
<allocation-satisfied id="1047" threadId="00000000025DCC00" bytesRequested="16392" />
<af-end id="1048" timestamp="2019-06-14T19:07:54.093" threadId="00000000025DD588" success="true" from="nursery"/>
<exclusive-end id="1049" timestamp="2019-06-14T19:07:54.093" durationms="1.275" />

<exclusive-start id="1050" timestamp="2019-06-14T19:07:54.098" intervalms="6.355">
  <response-info timems="0.049" idlems="0.049" threads="0" lastid="00000000025DD700" lastname="PmdThread 3" />
</exclusive-start>
<af-start id="1051" threadId="00000000025DE088" totalBytesRequested="40" timestamp="2019-06-14T19:07:54.098" intervalms="6.360" type="nursery" />
<cycle-start id="1052" type="scavenge" contextid="0" timestamp="2019-06-14T19:07:54.099" intervalms="6.359" />
<gc-start id="1053" type="scavenge" contextid="1052" timestamp="2019-06-14T19:07:54.099">
  <mem-info id="1054" free="2080185232" total="2092630016" percent="99">
    <mem type="nursery" free="0" total="2097152" percent="0">
      <mem type="allocate" free="0" total="1179648" percent="0" />
      <mem type="survivor" free="0" total="917504" percent="0" />
    </mem>
    <mem type="tenure" free="2080185232" total="2090532864" percent="99">
      <mem type="soa" free="1975659408" total="1986007040" percent="99" />
      <mem type="loa" free="104525824" total="104525824" percent="100" />
    </mem>
    <remembered-set count="158" />
  </mem-info>
</gc-start>
<allocation-stats totalBytes="736824" >
  <allocated-bytes non-tlh="32784" tlh="704040" />
  <largest-consumer threadName="PmdThread 4" threadId="00000000025DE300" bytes="306704" />
</allocation-stats>
<gc-op id="1055" type="scavenge" timems="1.671" contextid="1052" timestamp="2019-06-14T19:07:54.100">
  <scavenger-info tenureage="1" tenuremask="7ffe" tiltratio="56" />
  <memory-copied type="nursery" objects="3601" bytes="337824" bytesdiscarded="59152" />
  <memory-copied type="tenure" objects="2539" bytes="246776" bytesdiscarded="280" />
  <finalization candidates="1" enqueued="0" />
  <references type="weak" candidates="16" cleared="16" enqueued="16" />
  <references type="phantom" candidates="4" cleared="2" enqueued="2" />
</gc-op>
<gc-end id="1056" type="scavenge" contextid="1052" durationms="1.870" usertimems="4.000" systemtimems="0.000" timestamp="2019-06-14T19:07:54.100" activeThreads="4">
  <mem-info id="1057" free="2080917552" total="2092630016" percent="99">
    <mem type="nursery" free="913584" total="2097152" percent="43">
      <mem type="allocate" free="913584" total="1310720" percent="69" />
      <mem type="survivor" free="0" total="786432" percent="0" />
    </mem>
    <mem type="tenure" free="2080003968" total="2090532864" percent="99">
      <mem type="soa" free="1975478144" total="1986007040" percent="99" />
      <mem type="loa" free="104525824" total="104525824" percent="100" />
    </mem>
    <pending-finalizers system="0" default="0" reference="18" classloader="0" />
    <remembered-set count="171" />
  </mem-info>
</gc-end>
<cycle-end id="1058" type="scavenge" contextid="1052" timestamp="2019-06-14T19:07:54.101" />
  <attribute name="elasticGC enabled" value="1" />
  <attribute name= "numThreadsSpecified" value="4" />
  <attribute name="heapSize specified" value="8388608" />
  <attribute name="Current GC Util" value="23" />
  <attribute name= "Current Time Running" value="2089" />
  <attribute name ="GC Interval" value="200" />
  <attribute name="ProportionalT" value="1.500000" />
  <attribute name="ProportionalI" value="1.500000" />
  <attribute name="ProportionalH" value="1.500000" />
  <attribute name="Current Error" value="3.000000" />
  <attribute name="IntegralT" value="21.000000" />
  <attribute name="IntegralI" value="21.000000" />
  <attribute name="IntegralH" value="21.000000" />
  <attribute name="DerivativeT" value="0.000000" />
  <attribute name="DerivativeI" value="0.000000" />
  <attribute name="DerivativeH" value="0.000000" />
  <attribute name="Loop Time for DT" value="7.000000" />
  <attribute name="Output H" value="8388608"/>
  <attribute name="Output I" value="200"/>
  <attribute name="Output T" value="4"/>
  <attribute name="Target GC Util Change" value ="20.000000" />
  <attribute name="Current GC Util Change" value="23.000000"/>
  <attribute name="GC Util currently" value="23" />
  <attribute name="CPU Util currently" value="725243105795" />
<allocation-satisfied id="1059" threadId="00000000025DD700" bytesRequested="40" />
<af-end id="1060" timestamp="2019-06-14T19:07:54.101" threadId="00000000025DE088" success="true" from="nursery"/>
<exclusive-end id="1061" timestamp="2019-06-14T19:07:54.101" durationms="2.332" />

<exclusive-start id="1062" timestamp="2019-06-14T19:07:54.106" intervalms="7.984">
  <response-info timems="0.028" idlems="0.028" threads="0" lastid="00000000025DCC00" lastname="PmdThread 1" />
</exclusive-start>
<af-start id="1063" threadId="00000000025DD588" totalBytesRequested="16392" timestamp="2019-06-14T19:07:54.106" intervalms="7.979" type="nursery" />
<cycle-start id="1064" type="scavenge" contextid="0" timestamp="2019-06-14T19:07:54.106" intervalms="7.977" />
<gc-start id="1065" type="scavenge" contextid="1064" timestamp="2019-06-14T19:07:54.107">
  <mem-info id="1066" free="2080003968" total="2092630016" percent="99">
    <mem type="nursery" free="0" total="2097152" percent="0">
      <mem type="allocate" free="0" total="1310720" percent="0" />
      <mem type="survivor" free="0" total="786432" percent="0" />
    </mem>
    <mem type="tenure" free="2080003968" total="2090532864" percent="99">
      <mem type="soa" free="1975478144" total="1986007040" percent="99" />
      <mem type="loa" free="104525824" total="104525824" percent="100" />
    </mem>
    <remembered-set count="235" />
  </mem-info>
</gc-start>
<allocation-stats totalBytes="908920" >
  <allocated-bytes non-tlh="40" tlh="908880" />
  <largest-consumer threadName="PmdThread 4" threadId="00000000025DE300" bytes="343456" />
</allocation-stats>
<gc-op id="1067" type="scavenge" timems="0.624" contextid="1064" timestamp="2019-06-14T19:07:54.107">
  <scavenger-info tenureage="1" tenuremask="7ffe" tiltratio="62" />
  <memory-copied type="nursery" objects="2915" bytes="254080" bytesdiscarded="123544" />
  <memory-copied type="tenure" objects="2530" bytes="227872" bytesdiscarded="80" />
  <references type="weak" candidates="28" cleared="27" enqueued="27" />
  <references type="phantom" candidates="7" cleared="5" enqueued="5" />
</gc-op>
<gc-end id="1068" type="scavenge" contextid="1064" durationms="0.833" usertimems="0.000" systemtimems="0.000" timestamp="2019-06-14T19:07:54.107" activeThreads="4">
  <mem-info id="1069" free="2080868688" total="2092630016" percent="99">
    <mem type="nursery" free="998376" total="2097152" percent="47">
      <mem type="allocate" free="998376" total="1376256" percent="72" />
      <mem type="survivor" free="0" total="720896" percent="0" />
    </mem>
    <mem type="tenure" free="2079870312" total="2090532864" percent="99">
      <mem type="soa" free="1975344488" total="1986007040" percent="99" />
      <mem type="loa" free="104525824" total="104525824" percent="100" />
    </mem>
    <pending-finalizers system="0" default="0" reference="32" classloader="0" />
    <remembered-set count="273" />
  </mem-info>
</gc-end>
<cycle-end id="1070" type="scavenge" contextid="1064" timestamp="2019-06-14T19:07:54.107" />
  <attribute name="elasticGC enabled" value="1" />
  <attribute name= "numThreadsSpecified" value="4" />
  <attribute name="heapSize specified" value="8388608" />
  <attribute name="Current GC Util" value="42" />
  <attribute name= "Current Time Running" value="2097" />
  <attribute name ="GC Interval" value="200" />
  <attribute name="ProportionalT" value="11.000000" />
  <attribute name="ProportionalI" value="11.000000" />
  <attribute name="ProportionalH" value="11.000000" />
  <attribute name="Current Error" value="22.000000" />
  <attribute name="IntegralT" value="176.000000" />
  <attribute name="IntegralI" value="176.000000" />
  <attribute name="IntegralH" value="176.000000" />
  <attribute name="DerivativeT" value="1.187500" />
  <attribute name="DerivativeI" value="1.187500" />
  <attribute name="DerivativeH" value="1.187500" />
  <attribute name="Loop Time for DT" value="8.000000" />
  <attribute name="Output H" value="8388608"/>
  <attribute name="Output I" value="200"/>
  <attribute name="Output T" value="4"/>
  <attribute name="Target GC Util Change" value ="20.000000" />
  <attribute name="Current GC Util Change" value="42.000000"/>
  <attribute name="GC Util currently" value="42" />
  <attribute name="CPU Util currently" value="578272479546" />
<allocation-satisfied id="1071" threadId="00000000025DCC00" bytesRequested="16392" />
<af-end id="1072" timestamp="2019-06-14T19:07:54.108" threadId="00000000025DD588" success="true" from="nursery"/>
<exclusive-end id="1073" timestamp="2019-06-14T19:07:54.108" durationms="1.314" />

<exclusive-start id="1074" timestamp="2019-06-14T19:07:54.112" intervalms="6.107">
  <response-info timems="0.065" idlems="0.025" threads="2" lastid="00000000025DCC00" lastname="PmdThread 1" />
</exclusive-start>
<af-start id="1075" threadId="00000000025E1188" totalBytesRequested="8200" timestamp="2019-06-14T19:07:54.113" intervalms="6.101" type="nursery" />
<cycle-start id="1076" type="scavenge" contextid="0" timestamp="2019-06-14T19:07:54.113" intervalms="6.104" />
<gc-start id="1077" type="scavenge" contextid="1076" timestamp="2019-06-14T19:07:54.113">
  <mem-info id="1078" free="2079870312" total="2092630016" percent="99">
    <mem type="nursery" free="0" total="2097152" percent="0">
      <mem type="allocate" free="0" total="1376256" percent="0" />
      <mem type="survivor" free="0" total="720896" percent="0" />
    </mem>
    <mem type="tenure" free="2079870312" total="2090532864" percent="99">
      <mem type="soa" free="1975344488" total="1986007040" percent="99" />
      <mem type="loa" free="104525824" total="104525824" percent="100" />
    </mem>
    <remembered-set count="320" />
  </mem-info>
</gc-start>
<allocation-stats totalBytes="989536" >
  <allocated-bytes non-tlh="32784" tlh="956752" />
  <largest-consumer threadName="PmdThread 1" threadId="00000000025DCC00" bytes="428280" />
</allocation-stats>
<gc-op id="1079" type="scavenge" timems="0.676" contextid="1076" timestamp="2019-06-14T19:07:54.113">
  <scavenger-info tenureage="1" tenuremask="7ffe" tiltratio="65" />
  <memory-copied type="nursery" objects="2755" bytes="201480" bytesdiscarded="1608" />
  <memory-copied type="tenure" objects="1972" bytes="139688" bytesdiscarded="8" />
  <references type="weak" candidates="54" cleared="52" enqueued="52" />
  <references type="phantom" candidates="3" cleared="2" enqueued="2" />
</gc-op>
<gc-end id="1080" type="scavenge" contextid="1076" durationms="0.878" usertimems="0.000" systemtimems="0.000" timestamp="2019-06-14T19:07:54.114" activeThreads="1">
  <mem-info id="1081" free="2080961096" total="2092630016" percent="99">
    <mem type="nursery" free="1238512" total="2097152" percent="59">
      <mem type="allocate" free="1238512" total="1441792" percent="85" />
      <mem type="survivor" free="0" total="655360" percent="0" />
    </mem>
    <mem type="tenure" free="2079722584" total="2090532864" percent="99">
      <mem type="soa" free="1975196760" total="1986007040" percent="99" />
      <mem type="loa" free="104525824" total="104525824" percent="100" />
    </mem>
    <pending-finalizers system="0" default="0" reference="54" classloader="0" />
    <remembered-set count="125" />
  </mem-info>
</gc-end>
<cycle-end id="1082" type="scavenge" contextid="1076" timestamp="2019-06-14T19:07:54.114" />
  <attribute name="elasticGC enabled" value="1" />
  <attribute name= "numThreadsSpecified" value="1" />
  <attribute name="heapSize specified" value="8388608" />
  <attribute name="Current GC Util" value="20" />
  <attribute name= "Current Time Running" value="2103" />
  <attribute name ="GC Interval" value="200" />
  <attribute name="ProportionalT" value="0.000000" />
  <attribute name="ProportionalI" value="0.000000" />
  <attribute name="ProportionalH" value="0.000000" />
  <attribute name="Current Error" value="0.000000" />
  <attribute name="IntegralT" value="0.000000" />
  <attribute name="IntegralI" value="0.000000" />
  <attribute name="IntegralH" value="0.000000" />
  <attribute name="DerivativeT" value="-1.833333" />
  <attribute name="DerivativeI" value="-1.833333" />
  <attribute name="DerivativeH" value="-1.833333" />
  <attribute name="Loop Time for DT" value="6.000000" />
  <attribute name="Output H" value="8388608"/>
  <attribute name="Output I" value="200"/>
  <attribute name="Output T" value="1"/>
  <attribute name="Target GC Util Change" value ="20.000000" />
  <attribute name="Current GC Util Change" value="20.000000"/>
  <attribute name="GC Util currently" value="20" />
  <attribute name="CPU Util currently" value="755201083508" />
<allocation-satisfied id="1083" threadId="00000000025E0800" bytesRequested="8200" />
<af-end id="1084" timestamp="2019-06-14T19:07:54.114" threadId="00000000025E1188" success="true" from="nursery"/>
<exclusive-end id="1085" timestamp="2019-06-14T19:07:54.114" durationms="1.330" />

<exclusive-start id="1086" timestamp="2019-06-14T19:07:54.119" intervalms="6.412">
  <response-info timems="0.044" idlems="0.024" threads="1" lastid="00000000025E0800" lastname="PmdThread 2" />
</exclusive-start>
<af-start id="1087" threadId="00000000025DD588" totalBytesRequested="72" timestamp="2019-06-14T19:07:54.119" intervalms="6.427" type="nursery" />
<cycle-start id="1088" type="scavenge" contextid="0" timestamp="2019-06-14T19:07:54.119" intervalms="6.429" />
<gc-start id="1089" type="scavenge" contextid="1088" timestamp="2019-06-14T19:07:54.119">
  <mem-info id="1090" free="2079722584" total="2092630016" percent="99">
    <mem type="nursery" free="0" total="2097152" percent="0">
      <mem type="allocate" free="0" total="1441792" percent="0" />
      <mem type="survivor" free="0" total="655360" percent="0" />
    </mem>
    <mem type="tenure" free="2079722584" total="2090532864" percent="99">
      <mem type="soa" free="1975196760" total="1986007040" percent="99" />
      <mem type="loa" free="104525824" total="104525824" percent="100" />
    </mem>
    <remembered-set count="166" />
  </mem-info>
</gc-start>
<allocation-stats totalBytes="1235192" >
  <allocated-bytes non-tlh="40984" tlh="1194208" />
  <largest-consumer threadName="PmdThread 4" threadId="00000000025DE300" bytes="391808" />
</allocation-stats>
<gc-op id="1091" type="scavenge" timems="0.501" contextid="1088" timestamp="2019-06-14T19:07:54.120">
  <scavenger-info tenureage="1" tenuremask="7ffe" tiltratio="68" />
  <memory-copied type="nursery" objects="2971" bytes="336000" bytesdiscarded="150904" />
  <memory-copied type="tenure" objects="1707" bytes="104776" bytesdiscarded="216" />
  <references type="weak" candidates="47" cleared="45" enqueued="45" />
  <references type="phantom" candidates="3" cleared="3" enqueued="3" />
</gc-op>
<gc-end id="1092" type="scavenge" contextid="1088" durationms="0.704" usertimems="0.000" systemtimems="0.000" timestamp="2019-06-14T19:07:54.120" activeThreads="4">
  <mem-info id="1093" free="2080594704" total="2092630016" percent="99">
    <mem type="nursery" free="1020096" total="2097152" percent="48">
      <mem type="allocate" free="1020096" total="1507328" percent="67" />
      <mem type="survivor" free="0" total="589824" percent="0" />
    </mem>
    <mem type="tenure" free="2079574608" total="2090532864" percent="99">
      <mem type="soa" free="1975048784" total="1986007040" percent="99" />
      <mem type="loa" free="104525824" total="104525824" percent="100" />
    </mem>
    <pending-finalizers system="0" default="0" reference="48" classloader="0" />
    <remembered-set count="129" />
  </mem-info>
</gc-end>
<cycle-end id="1094" type="scavenge" contextid="1088" timestamp="2019-06-14T19:07:54.120" />
  <attribute name="elasticGC enabled" value="1" />
  <attribute name= "numThreadsSpecified" value="4" />
  <attribute name="heapSize specified" value="8388608" />
  <attribute name="Current GC Util" value="14" />
  <attribute name= "Current Time Running" value="2109" />
  <attribute name ="GC Interval" value="200" />
  <attribute name="ProportionalT" value="-3.000000" />
  <attribute name="ProportionalI" value="-3.000000" />
  <attribute name="ProportionalH" value="-3.000000" />
  <attribute name="Current Error" value="-6.000000" />
  <attribute name="IntegralT" value="-36.000000" />
  <attribute name="IntegralI" value="-36.000000" />
  <attribute name="IntegralH" value="-36.000000" />
  <attribute name="DerivativeT" value="-0.500000" />
  <attribute name="DerivativeI" value="-0.500000" />
  <attribute name="DerivativeH" value="-0.500000" />
  <attribute name="Loop Time for DT" value="6.000000" />
  <attribute name="Output H" value="2092630016"/>
  <attribute name="Output I" value="200"/>
  <attribute name="Output T" value="4"/>
  <attribute name="Target GC Util Change" value ="20.000000" />
  <attribute name="Current GC Util Change" value="14.000000"/>
  <attribute name="GC Util currently" value="14" />
  <attribute name="CPU Util currently" value="717327232003" />
<allocation-satisfied id="1095" threadId="00000000025DCC00" bytesRequested="72" />
<af-end id="1096" timestamp="2019-06-14T19:07:54.120" threadId="00000000025DD588" success="true" from="nursery"/>
<exclusive-end id="1097" timestamp="2019-06-14T19:07:54.120" durationms="1.178" />

<exclusive-start id="1098" timestamp="2019-06-14T19:07:54.124" intervalms="5.073">
  <response-info timems="0.043" idlems="0.043" threads="0" lastid="00000000025DE300" lastname="PmdThread 4" />
</exclusive-start>
<af-start id="1099" threadId="00000000025DEC88" totalBytesRequested="16392" timestamp="2019-06-14T19:07:54.124" intervalms="5.054" type="nursery" />
<cycle-start id="1100" type="scavenge" contextid="0" timestamp="2019-06-14T19:07:54.124" intervalms="5.062" />
<gc-start id="1101" type="scavenge" contextid="1100" timestamp="2019-06-14T19:07:54.124">
  <mem-info id="1102" free="2079574016" total="2092630016" percent="99">
    <mem type="nursery" free="0" total="2097152" percent="0">
      <mem type="allocate" free="0" total="1507328" percent="0" />
      <mem type="survivor" free="0" total="589824" percent="0" />
    </mem>
    <mem type="tenure" free="2079574016" total="2090532864" percent="99">
      <mem type="soa" free="1975048192" total="1986007040" percent="99" />
      <mem type="loa" free="104525824" total="104525824" percent="100" />
    </mem>
    <remembered-set count="172" />
  </mem-info>
</gc-start>
<allocation-stats totalBytes="1007184" >
  <allocated-bytes non-tlh="664" tlh="1006520" />
  <largest-consumer threadName="PmdThread 3" threadId="00000000025DD700" bytes="282344" />
</allocation-stats>
<gc-op id="1103" type="scavenge" timems="1.297" contextid="1100" timestamp="2019-06-14T19:07:54.126">
  <scavenger-info tenureage="1" tenuremask="7ffe" tiltratio="71" />
  <memory-copied type="nursery" objects="2651" bytes="355152" bytesdiscarded="199608" />
  <memory-copied type="tenure" objects="781" bytes="83208" bytesdiscarded="8" />
  <references type="weak" candidates="22" cleared="22" enqueued="22" />
  <references type="phantom" candidates="5" cleared="3" enqueued="3" />
</gc-op>
<gc-end id="1104" type="scavenge" contextid="1100" durationms="1.494" usertimems="0.000" systemtimems="0.000" timestamp="2019-06-14T19:07:54.126" activeThreads="4">
  <mem-info id="1105" free="2080554368" total="2092630016" percent="99">
    <mem type="nursery" free="1083280" total="2097152" percent="51">
      <mem type="allocate" free="1083280" total="1638400" percent="66" />
      <mem type="survivor" free="0" total="458752" percent="0" />
    </mem>
    <mem type="tenure" free="2079471088" total="2090532864" percent="99">
      <mem type="soa" free="1974945264" total="1986007040" percent="99" />
      <mem type="loa" free="104525824" total="104525824" percent="100" />
    </mem>
    <pending-finalizers system="0" default="0" reference="25" classloader="0" />
    <remembered-set count="154" />
  </mem-info>
</gc-end>
<cycle-end id="1106" type="scavenge" contextid="1100" timestamp="2019-06-14T19:07:54.126" />
  <attribute name="elasticGC enabled" value="1" />
  <attribute name= "numThreadsSpecified" value="4" />
  <attribute name="heapSize specified" value="8388608" />
  <attribute name="Current GC Util" value="24" />
  <attribute name= "Current Time Running" value="2114" />
  <attribute name ="GC Interval" value="200" />
  <attribute name="ProportionalT" value="2.000000" />
  <attribute name="ProportionalI" value="2.000000" />
  <attribute name="ProportionalH" value="2.000000" />
  <attribute name="Current Error" value="4.000000" />
  <attribute name="IntegralT" value="20.000000" />
  <attribute name="IntegralI" value="20.000000" />
  <attribute name="IntegralH" value="20.000000" />
  <attribute name="DerivativeT" value="0.400000" />
  <attribute name="DerivativeI" value="0.400000" />
  <attribute name="DerivativeH" value="0.400000" />
  <attribute name="Loop Time for DT" value="5.000000" />
  <attribute name="Output H" value="8388608"/>
  <attribute name="Output I" value="200"/>
  <attribute name="Output T" value="4"/>
  <attribute name="Target GC Util Change" value ="20.000000" />
  <attribute name="Current GC Util Change" value="24.000000"/>
  <attribute name="GC Util currently" value="24" />
  <attribute name="CPU Util currently" value="911058121220" />
<allocation-satisfied id="1107" threadId="00000000025DE300" bytesRequested="16392" />
<af-end id="1108" timestamp="2019-06-14T19:07:54.126" threadId="00000000025DEC88" success="true" from="nursery"/>
<exclusive-end id="1109" timestamp="2019-06-14T19:07:54.126" durationms="1.957" />

<exclusive-start id="1110" timestamp="2019-06-14T19:07:54.130" intervalms="5.928">
  <response-info timems="0.031" idlems="0.031" threads="0" lastid="00000000025E0800" lastname="PmdThread 2" />
</exclusive-start>
<af-start id="1111" threadId="00000000025E1188" totalBytesRequested="56" timestamp="2019-06-14T19:07:54.130" intervalms="5.940" type="nursery" />
<cycle-start id="1112" type="scavenge" contextid="0" timestamp="2019-06-14T19:07:54.130" intervalms="5.932" />
<gc-start id="1113" type="scavenge" contextid="1112" timestamp="2019-06-14T19:07:54.130">
  <mem-info id="1114" free="2079471088" total="2092630016" percent="99">
    <mem type="nursery" free="0" total="2097152" percent="0">
      <mem type="allocate" free="0" total="1638400" percent="0" />
      <mem type="survivor" free="0" total="458752" percent="0" />
    </mem>
    <mem type="tenure" free="2079471088" total="2090532864" percent="99">
      <mem type="soa" free="1974945264" total="1986007040" percent="99" />
      <mem type="loa" free="104525824" total="104525824" percent="100" />
    </mem>
    <remembered-set count="180" />
  </mem-info>
</gc-start>
<allocation-stats totalBytes="1082144" >
  <allocated-bytes non-tlh="32784" tlh="1049360" />
  <largest-consumer threadName="PmdThread 3" threadId="00000000025DD700" bytes="382616" />
</allocation-stats>
<gc-op id="1115" type="scavenge" timems="0.559" contextid="1112" timestamp="2019-06-14T19:07:54.131">
  <scavenger-info tenureage="1" tenuremask="7ffe" tiltratio="78" />
  <memory-copied type="nursery" objects="3417" bytes="322144" bytesdiscarded="136256" />
  <memory-copied type="tenure" objects="2352" bytes="300816" bytesdiscarded="32" />
  <copy-failed type="nursery" objects="1481" bytes="139160" />
  <references type="weak" candidates="18" cleared="18" enqueued="18" />
  <references type="phantom" candidates="6" cleared="4" enqueued="4" />
</gc-op>
<gc-end id="1116" type="scavenge" contextid="1112" durationms="0.773" usertimems="0.000" systemtimems="0.000" timestamp="2019-06-14T19:07:54.131" activeThreads="4">
  <mem-info id="1117" free="2080189080" total="2092630016" percent="99">
    <mem type="nursery" free="983040" total="2097152" percent="46">
      <mem type="allocate" free="983040" total="1441792" percent="68" />
      <mem type="survivor" free="0" total="655360" percent="0" />
    </mem>
    <mem type="tenure" free="2079206040" total="2090532864" percent="99">
      <mem type="soa" free="1974680216" total="1986007040" percent="99" />
      <mem type="loa" free="104525824" total="104525824" percent="100" />
    </mem>
    <pending-finalizers system="0" default="0" reference="22" classloader="0" />
    <remembered-set count="284" />
  </mem-info>
</gc-end>
<cycle-end id="1118" type="scavenge" contextid="1112" timestamp="2019-06-14T19:07:54.131" />
  <attribute name="elasticGC enabled" value="1" />
  <attribute name= "numThreadsSpecified" value="4" />
  <attribute name="heapSize specified" value="8388608" />
  <attribute name="Current GC Util" value="41" />
  <attribute name= "Current Time Running" value="2120" />
  <attribute name ="GC Interval" value="200" />
  <attribute name="ProportionalT" value="10.500000" />
  <attribute name="ProportionalI" value="10.500000" />
  <attribute name="ProportionalH" value="10.500000" />
  <attribute name="Current Error" value="21.000000" />
  <attribute name="IntegralT" value="126.000000" />
  <attribute name="IntegralI" value="126.000000" />
  <attribute name="IntegralH" value="126.000000" />
  <attribute name="DerivativeT" value="1.416667" />
  <attribute name="DerivativeI" value="1.416667" />
  <attribute name="DerivativeH" value="1.416667" />
  <attribute name="Loop Time for DT" value="6.000000" />
  <attribute name="Output H" value="8388608"/>
  <attribute name="Output I" value="200"/>
  <attribute name="Output T" value="4"/>
  <attribute name="Target GC Util Change" value ="20.000000" />
  <attribute name="Current GC Util Change" value="41.000000"/>
  <attribute name="GC Util currently" value="41" />
  <attribute name="CPU Util currently" value="774686067006" />
<allocation-satisfied id="1119" threadId="00000000025E0800" bytesRequested="56" />
<af-end id="1120" timestamp="2019-06-14T19:07:54.131" threadId="00000000025E1188" success="true" from="nursery"/>
<exclusive-end id="1121" timestamp="2019-06-14T19:07:54.131" durationms="1.250" />

<exclusive-start id="1122" timestamp="2019-06-14T19:07:54.134" intervalms="4.175">
  <response-info timems="0.023" idlems="0.023" threads="0" lastid="00000000025DD700" lastname="PmdThread 3" />
</exclusive-start>
<af-start id="1123" threadId="00000000025DE088" totalBytesRequested="8200" timestamp="2019-06-14T19:07:54.134" intervalms="4.164" type="nursery" />
<cycle-start id="1124" type="scavenge" contextid="0" timestamp="2019-06-14T19:07:54.134" intervalms="4.159" />
<gc-start id="1125" type="scavenge" contextid="1124" timestamp="2019-06-14T19:07:54.134">
  <mem-info id="1126" free="2079206040" total="2092630016" percent="99">
    <mem type="nursery" free="0" total="2097152" percent="0">
      <mem type="allocate" free="0" total="1441792" percent="0" />
      <mem type="survivor" free="0" total="655360" percent="0" />
    </mem>
    <mem type="tenure" free="2079206040" total="2090532864" percent="99">
      <mem type="soa" free="1974680216" total="1986007040" percent="99" />
      <mem type="loa" free="104525824" total="104525824" percent="100" />
    </mem>
    <remembered-set count="304" />
  </mem-info>
</gc-start>
<allocation-stats totalBytes="958096" >
  <allocated-bytes non-tlh="16448" tlh="941648" />
  <largest-consumer threadName="PmdThread 3" threadId="00000000025DD700" bytes="309368" />
</allocation-stats>
<gc-op id="1127" type="scavenge" timems="1.912" contextid="1124" timestamp="2019-06-14T19:07:54.136">
  <scavenger-info tenureage="1" tenuremask="7ffe" tiltratio="68" />
  <memory-copied type="nursery" objects="2501" bytes="228800" bytesdiscarded="126760" />
  <memory-copied type="tenure" objects="3034" bytes="290928" bytesdiscarded="72" />
  <references type="weak" candidates="35" cleared="34" enqueued="34" />
  <references type="phantom" candidates="5" cleared="3" enqueued="3" />
</gc-op>
<gc-end id="1128" type="scavenge" contextid="1124" durationms="2.117" usertimems="4.000" systemtimems="0.000" timestamp="2019-06-14T19:07:54.136" activeThreads="4">
  <mem-info id="1129" free="2080020752" total="2092630016" percent="99">
    <mem type="nursery" free="1086144" total="2097152" percent="51">
      <mem type="allocate" free="1086144" total="1441792" percent="75" />
      <mem type="survivor" free="0" total="655360" percent="0" />
    </mem>
    <mem type="tenure" free="2078934608" total="2090532864" percent="99">
      <mem type="soa" free="1974408784" total="1986007040" percent="99" />
      <mem type="loa" free="104525824" total="104525824" percent="100" />
    </mem>
    <pending-finalizers system="0" default="0" reference="37" classloader="0" />
    <remembered-set count="296" />
  </mem-info>
</gc-end>
<cycle-end id="1130" type="scavenge" contextid="1124" timestamp="2019-06-14T19:07:54.136" />
  <attribute name="elasticGC enabled" value="1" />
  <attribute name= "numThreadsSpecified" value="4" />
  <attribute name="heapSize specified" value="8388608" />
  <attribute name="Current GC Util" value="32" />
  <attribute name= "Current Time Running" value="2124" />
  <attribute name ="GC Interval" value="200" />
  <attribute name="ProportionalT" value="6.000000" />
  <attribute name="ProportionalI" value="6.000000" />
  <attribute name="ProportionalH" value="6.000000" />
  <attribute name="Current Error" value="12.000000" />
  <attribute name="IntegralT" value="48.000000" />
  <attribute name="IntegralI" value="48.000000" />
  <attribute name="IntegralH" value="48.000000" />
  <attribute name="DerivativeT" value="-1.125000" />
  <attribute name="DerivativeI" value="-1.125000" />
  <attribute name="DerivativeH" value="-1.125000" />
  <attribute name="Loop Time for DT" value="4.000000" />
  <attribute name="Output H" value="8388608"/>
  <attribute name="Output I" value="200"/>
  <attribute name="Output T" value="4"/>
  <attribute name="Target GC Util Change" value ="20.000000" />
  <attribute name="Current GC Util Change" value="32.000000"/>
  <attribute name="GC Util currently" value="32" />
  <attribute name="CPU Util currently" value="1114184915227" />
<allocation-satisfied id="1131" threadId="00000000025DD700" bytesRequested="8200" />
<af-end id="1132" timestamp="2019-06-14T19:07:54.137" threadId="00000000025DE088" success="true" from="nursery"/>
<exclusive-end id="1133" timestamp="2019-06-14T19:07:54.137" durationms="2.559" />

<exclusive-start id="1134" timestamp="2019-06-14T19:07:54.141" intervalms="6.566">
  <response-info timems="0.028" idlems="0.028" threads="0" lastid="00000000025DD700" lastname="PmdThread 3" />
</exclusive-start>
<af-start id="1135" threadId="00000000025DE088" totalBytesRequested="72" timestamp="2019-06-14T19:07:54.141" intervalms="6.573" type="nursery" />
<cycle-start id="1136" type="scavenge" contextid="0" timestamp="2019-06-14T19:07:54.141" intervalms="6.580" />
<gc-start id="1137" type="scavenge" contextid="1136" timestamp="2019-06-14T19:07:54.141">
  <mem-info id="1138" free="2078934608" total="2092630016" percent="99">
    <mem type="nursery" free="0" total="2097152" percent="0">
      <mem type="allocate" free="0" total="1441792" percent="0" />
      <mem type="survivor" free="0" total="655360" percent="0" />
    </mem>
    <mem type="tenure" free="2078934608" total="2090532864" percent="99">
      <mem type="soa" free="1974408784" total="1986007040" percent="99" />
      <mem type="loa" free="104525824" total="104525824" percent="100" />
    </mem>
    <remembered-set count="349" />
  </mem-info>
</gc-start>
<allocation-stats totalBytes="1069944" >
  <allocated-bytes non-tlh="8200" tlh="1061744" />
  <largest-consumer threadName="PmdThread 2" threadId="00000000025E0800" bytes="347104" />
</allocation-stats>
<gc-op id="1139" type="scavenge" timems="1.852" contextid="1136" timestamp="2019-06-14T19:07:54.143">
  <scavenger-info tenureage="1" tenuremask="7ffe" tiltratio="68" />
  <memory-copied type="nursery" objects="3871" bytes="423512" bytesdiscarded="152056" />
  <memory-copied type="tenure" objects="2358" bytes="200104" bytesdiscarded="600" />
  <references type="weak" candidates="29" cleared="28" enqueued="28" />
  <references type="phantom" candidates="5" cleared="3" enqueued="3" />
</gc-op>
<gc-end id="1140" type="scavenge" contextid="1136" durationms="2.048" usertimems="0.000" systemtimems="4.000" timestamp="2019-06-14T19:07:54.143" activeThreads="4">
  <mem-info id="1141" free="2079530936" total="2092630016" percent="99">
    <mem type="nursery" free="865944" total="2097152" percent="41">
      <mem type="allocate" free="865944" total="1441792" percent="60" />
      <mem type="survivor" free="0" total="655360" percent="0" />
    </mem>
    <mem type="tenure" free="2078664992" total="2090532864" percent="99">
      <mem type="soa" free="1974139168" total="1986007040" percent="99" />
      <mem type="loa" free="104525824" total="104525824" percent="100" />
    </mem>
    <pending-finalizers system="0" default="0" reference="31" classloader="0" />
    <remembered-set count="206" />
  </mem-info>
</gc-end>
<cycle-end id="1142" type="scavenge" contextid="1136" timestamp="2019-06-14T19:07:54.143" />
  <attribute name="elasticGC enabled" value="1" />
  <attribute name= "numThreadsSpecified" value="4" />
  <attribute name="heapSize specified" value="8388608" />
  <attribute name="Current GC Util" value="62" />
  <attribute name= "Current Time Running" value="2131" />
  <attribute name ="GC Interval" value="320" />
  <attribute name="ProportionalT" value="21.000000" />
  <attribute name="ProportionalI" value="21.000000" />
  <attribute name="ProportionalH" value="21.000000" />
  <attribute name="Current Error" value="42.000000" />
  <attribute name="IntegralT" value="294.000000" />
  <attribute name="IntegralI" value="294.000000" />
  <attribute name="IntegralH" value="294.000000" />
  <attribute name="DerivativeT" value="2.142857" />
  <attribute name="DerivativeI" value="2.142857" />
  <attribute name="DerivativeH" value="2.142857" />
  <attribute name="Loop Time for DT" value="7.000000" />
  <attribute name="Output H" value="8388608"/>
  <attribute name="Output I" value="320"/>
  <attribute name="Output T" value="4"/>
  <attribute name="Target GC Util Change" value ="20.000000" />
  <attribute name="Current GC Util Change" value="62.000000"/>
  <attribute name="GC Util currently" value="62" />
  <attribute name="CPU Util currently" value="701052184121" />
<allocation-satisfied id="1143" threadId="00000000025DD700" bytesRequested="72" />
<af-end id="1144" timestamp="2019-06-14T19:07:54.143" threadId="00000000025DE088" success="true" from="nursery"/>
<exclusive-end id="1145" timestamp="2019-06-14T19:07:54.143" durationms="2.524" />

<exclusive-start id="1146" timestamp="2019-06-14T19:07:54.148" intervalms="7.376">
  <response-info timems="0.046" idlems="0.018" threads="2" lastid="00000000025E0800" lastname="PmdThread 2" />
</exclusive-start>
<af-start id="1147" threadId="00000000025DD588" totalBytesRequested="8200" timestamp="2019-06-14T19:07:54.148" intervalms="7.388" type="nursery" />
<cycle-start id="1148" type="scavenge" contextid="0" timestamp="2019-06-14T19:07:54.148" intervalms="7.360" />
<gc-start id="1149" type="scavenge" contextid="1148" timestamp="2019-06-14T19:07:54.148">
  <mem-info id="1150" free="2078664992" total="2092630016" percent="99">
    <mem type="nursery" free="0" total="2097152" percent="0">
      <mem type="allocate" free="0" total="1441792" percent="0" />
      <mem type="survivor" free="0" total="655360" percent="0" />
    </mem>
    <mem type="tenure" free="2078664992" total="2090532864" percent="99">
      <mem type="soa" free="1974139168" total="1986007040" percent="99" />
      <mem type="loa" free="104525824" total="104525824" percent="100" />
    </mem>
    <remembered-set count="231" />
  </mem-info>
</gc-start>
<allocation-stats totalBytes="859240" >
  <allocated-bytes non-tlh="72" tlh="859168" />
  <largest-consumer threadName="PmdThread 4" threadId="00000000025DE300" bytes="311064" />
</allocation-stats>
<gc-op id="1151" type="scavenge" timems="0.563" contextid="1148" timestamp="2019-06-14T19:07:54.149">
  <scavenger-info tenureage="1" tenuremask="7ffe" tiltratio="68" />
  <memory-copied type="nursery" objects="2423" bytes="292384" bytesdiscarded="124624" />
  <memory-copied type="tenure" objects="2700" bytes="315800" bytesdiscarded="80" />
  <references type="weak" candidates="30" cleared="30" enqueued="30" />
  <references type="phantom" candidates="7" cleared="4" enqueued="4" />
</gc-op>
<gc-end id="1152" type="scavenge" contextid="1148" durationms="0.730" usertimems="0.000" systemtimems="0.000" timestamp="2019-06-14T19:07:54.149" activeThreads="4">
  <mem-info id="1153" free="2079381144" total="2092630016" percent="99">
    <mem type="nursery" free="1024448" total="2097152" percent="48">
      <mem type="allocate" free="1024448" total="1441792" percent="71" />
      <mem type="survivor" free="0" total="655360" percent="0" />
    </mem>
    <mem type="tenure" free="2078356696" total="2090532864" percent="99">
      <mem type="soa" free="1973830872" total="1986007040" percent="99" />
      <mem type="loa" free="104525824" total="104525824" percent="100" />
    </mem>
    <pending-finalizers system="0" default="0" reference="34" classloader="0" />
    <remembered-set count="155" />
  </mem-info>
</gc-end>
<cycle-end id="1154" type="scavenge" contextid="1148" timestamp="2019-06-14T19:07:54.149" />
  <attribute name="elasticGC enabled" value="1" />
  <attribute name= "numThreadsSpecified" value="4" />
  <attribute name="heapSize specified" value="8388608" />
  <attribute name="Current GC Util" value="50" />
  <attribute name= "Current Time Running" value="2138" />
  <attribute name ="GC Interval" value="224" />
  <attribute name="ProportionalT" value="15.000000" />
  <attribute name="ProportionalI" value="15.000000" />
  <attribute name="ProportionalH" value="15.000000" />
  <attribute name="Current Error" value="30.000000" />
  <attribute name="IntegralT" value="210.000000" />
  <attribute name="IntegralI" value="210.000000" />
  <attribute name="IntegralH" value="210.000000" />
  <attribute name="DerivativeT" value="-0.857143" />
  <attribute name="DerivativeI" value="-0.857143" />
  <attribute name="DerivativeH" value="-0.857143" />
  <attribute name="Loop Time for DT" value="7.000000" />
  <attribute name="Output H" value="8388608"/>
  <attribute name="Output I" value="224"/>
  <attribute name="Output T" value="4"/>
  <attribute name="Target GC Util Change" value ="20.000000" />
  <attribute name="Current GC Util Change" value="50.000000"/>
  <attribute name="GC Util currently" value="50" />
  <attribute name="CPU Util currently" value="632472691533" />
<allocation-satisfied id="1155" threadId="00000000025DCC00" bytesRequested="8200" />
<af-end id="1156" timestamp="2019-06-14T19:07:54.149" threadId="00000000025DD588" success="true" from="nursery"/>
<exclusive-end id="1157" timestamp="2019-06-14T19:07:54.149" durationms="1.142" />

<exclusive-start id="1158" timestamp="2019-06-14T19:07:54.155" intervalms="6.555">
  <response-info timems="0.027" idlems="0.027" threads="0" lastid="00000000025DCC00" lastname="PmdThread 1" />
</exclusive-start>
<af-start id="1159" threadId="00000000025DD588" totalBytesRequested="8200" timestamp="2019-06-14T19:07:54.155" intervalms="6.543" type="nursery" />
<cycle-start id="1160" type="scavenge" contextid="0" timestamp="2019-06-14T19:07:54.155" intervalms="6.564" />
<gc-start id="1161" type="scavenge" contextid="1160" timestamp="2019-06-14T19:07:54.155">
  <mem-info id="1162" free="2078356696" total="2092630016" percent="99">
    <mem type="nursery" free="0" total="2097152" percent="0">
      <mem type="allocate" free="0" total="1441792" percent="0" />
      <mem type="survivor" free="0" total="655360" percent="0" />
    </mem>
    <mem type="tenure" free="2078356696" total="2090532864" percent="99">
      <mem type="soa" free="1973830872" total="1986007040" percent="99" />
      <mem type="loa" free="104525824" total="104525824" percent="100" />
    </mem>
    <remembered-set count="180" />
  </mem-info>
</gc-start>
<allocation-stats totalBytes="1015352" >
  <allocated-bytes non-tlh="40984" tlh="974368" />
  <largest-consumer threadName="PmdThread 4" threadId="00000000025DE300" bytes="380800" />
</allocation-stats>
<gc-op id="1163" type="scavenge" timems="0.482" contextid="1160" timestamp="2019-06-14T19:07:54.155">
  <scavenger-info tenureage="1" tenuremask="7ffe" tiltratio="68" />
  <memory-copied type="nursery" objects="4096" bytes="446864" bytesdiscarded="83272" />
  <memory-copied type="tenure" objects="1522" bytes="175208" bytesdiscarded="384" />
  <references type="weak" candidates="22" cleared="21" enqueued="21" />
  <references type="phantom" candidates="10" cleared="5" enqueued="5" />
</gc-op>
<gc-end id="1164" type="scavenge" contextid="1160" durationms="0.694" usertimems="0.000" systemtimems="0.000" timestamp="2019-06-14T19:07:54.155" activeThreads="4">
  <mem-info id="1165" free="2079086928" total="2092630016" percent="99">
    <mem type="nursery" free="911256" total="2097152" percent="43">
      <mem type="allocate" free="911256" total="1441792" percent="63" />
      <mem type="survivor" free="0" total="655360" percent="0" />
    </mem>
    <mem type="tenure" free="2078175672" total="2090532864" percent="99">
      <mem type="soa" free="1973649848" total="1986007040" percent="99" />
      <mem type="loa" free="104525824" total="104525824" percent="100" />
    </mem>
    <pending-finalizers system="0" default="0" reference="26" classloader="0" />
    <remembered-set count="203" />
  </mem-info>
</gc-end>
<cycle-end id="1166" type="scavenge" contextid="1160" timestamp="2019-06-14T19:07:54.156" />
  <attribute name="elasticGC enabled" value="1" />
  <attribute name= "numThreadsSpecified" value="4" />
  <attribute name="heapSize specified" value="8388608" />
  <attribute name="Current GC Util" value="19" />
  <attribute name= "Current Time Running" value="2145" />
  <attribute name ="GC Interval" value="200" />
  <attribute name="ProportionalT" value="-0.500000" />
  <attribute name="ProportionalI" value="-0.500000" />
  <attribute name="ProportionalH" value="-0.500000" />
  <attribute name="Current Error" value="-1.000000" />
  <attribute name="IntegralT" value="-7.000000" />
  <attribute name="IntegralI" value="-7.000000" />
  <attribute name="IntegralH" value="-7.000000" />
  <attribute name="DerivativeT" value="-2.214286" />
  <attribute name="DerivativeI" value="-2.214286" />
  <attribute name="DerivativeH" value="-2.214286" />
  <attribute name="Loop Time for DT" value="7.000000" />
  <attribute name="Output H" value="2092630016"/>
  <attribute name="Output I" value="200"/>
  <attribute name="Output T" value="4"/>
  <attribute name="Target GC Util Change" value ="20.000000" />
  <attribute name="Current GC Util Change" value="19.000000"/>
  <attribute name="GC Util currently" value="19" />
  <attribute name="CPU Util currently" value="695269540754" />
<allocation-satisfied id="1167" threadId="00000000025DCC00" bytesRequested="8200" />
<af-end id="1168" timestamp="2019-06-14T19:07:54.156" threadId="00000000025DD588" success="true" from="nursery"/>
<exclusive-end id="1169" timestamp="2019-06-14T19:07:54.156" durationms="1.140" />

<exclusive-start id="1170" timestamp="2019-06-14T19:07:54.161" intervalms="6.418">
  <response-info timems="0.172" idlems="0.091" threads="1" lastid="00000000025DD700" lastname="PmdThread 3" />
</exclusive-start>
<af-start id="1171" threadId="00000000025DD588" totalBytesRequested="64" timestamp="2019-06-14T19:07:54.161" intervalms="6.420" type="nursery" />
<cycle-start id="1172" type="scavenge" contextid="0" timestamp="2019-06-14T19:07:54.161" intervalms="6.444" />
<gc-start id="1173" type="scavenge" contextid="1172" timestamp="2019-06-14T19:07:54.161">
  <mem-info id="1174" free="2078175672" total="2092630016" percent="99">
    <mem type="nursery" free="0" total="2097152" percent="0">
      <mem type="allocate" free="0" total="1441792" percent="0" />
      <mem type="survivor" free="0" total="655360" percent="0" />
    </mem>
    <mem type="tenure" free="2078175672" total="2090532864" percent="99">
      <mem type="soa" free="1973649848" total="1986007040" percent="99" />
      <mem type="loa" free="104525824" total="104525824" percent="100" />
    </mem>
    <remembered-set count="222" />
  </mem-info>
</gc-start>
<allocation-stats totalBytes="910248" >
  <allocated-bytes non-tlh="40984" tlh="869264" />
  <largest-consumer threadName="PmdThread 4" threadId="00000000025DE300" bytes="331704" />
</allocation-stats>
<gc-op id="1175" type="scavenge" timems="0.495" contextid="1172" timestamp="2019-06-14T19:07:54.162">
  <scavenger-info tenureage="1" tenuremask="7ffe" tiltratio="68" />
  <memory-copied type="nursery" objects="3525" bytes="294800" bytesdiscarded="281000" />
  <memory-copied type="tenure" objects="2200" bytes="247048" bytesdiscarded="40" />
  <references type="weak" candidates="21" cleared="21" enqueued="21" />
  <references type="phantom" candidates="3" cleared="3" enqueued="3" />
</gc-op>
<gc-end id="1176" type="scavenge" contextid="1172" durationms="0.706" usertimems="0.000" systemtimems="4.000" timestamp="2019-06-14T19:07:54.162" activeThreads="4">
  <mem-info id="1177" free="2078834064" total="2092630016" percent="99">
    <mem type="nursery" free="865816" total="2097152" percent="41">
      <mem type="allocate" free="865816" total="1441792" percent="60" />
      <mem type="survivor" free="0" total="655360" percent="0" />
    </mem>
    <mem type="tenure" free="2077968248" total="2090532864" percent="99">
      <mem type="soa" free="1973442424" total="1986007040" percent="99" />
      <mem type="loa" free="104525824" total="104525824" percent="100" />
    </mem>
    <pending-finalizers system="0" default="0" reference="24" classloader="0" />
    <remembered-set count="163" />
  </mem-info>
</gc-end>
<cycle-end id="1178" type="scavenge" contextid="1172" timestamp="2019-06-14T19:07:54.162" />
  <attribute name="elasticGC enabled" value="1" />
  <attribute name= "numThreadsSpecified" value="4" />
  <attribute name="heapSize specified" value="8388608" />
  <attribute name="Current GC Util" value="18" />
  <attribute name= "Current Time Running" value="2151" />
  <attribute name ="GC Interval" value="200" />
  <attribute name="ProportionalT" value="-1.000000" />
  <attribute name="ProportionalI" value="-1.000000" />
  <attribute name="ProportionalH" value="-1.000000" />
  <attribute name="Current Error" value="-2.000000" />
  <attribute name="IntegralT" value="-12.000000" />
  <attribute name="IntegralI" value="-12.000000" />
  <attribute name="IntegralH" value="-12.000000" />
  <attribute name="DerivativeT" value="-0.166667" />
  <attribute name="DerivativeI" value="-0.166667" />
  <attribute name="DerivativeH" value="-0.166667" />
  <attribute name="Loop Time for DT" value="6.000000" />
  <attribute name="Output H" value="2092630016"/>
  <attribute name="Output I" value="200"/>
  <attribute name="Output T" value="4"/>
  <attribute name="Target GC Util Change" value ="20.000000" />
  <attribute name="Current GC Util Change" value="18.000000"/>
  <attribute name="GC Util currently" value="18" />
  <attribute name="CPU Util currently" value="715914552956" />
<allocation-satisfied id="1179" threadId="00000000025DCC00" bytesRequested="64" />
<af-end id="1180" timestamp="2019-06-14T19:07:54.162" threadId="00000000025DD588" success="true" from="nursery"/>
<exclusive-end id="1181" timestamp="2019-06-14T19:07:54.162" durationms="1.178" />

<exclusive-start id="1182" timestamp="2019-06-14T19:07:54.165" intervalms="4.160">
  <response-info timems="0.042" idlems="0.042" threads="0" lastid="00000000025DD700" lastname="PmdThread 3" />
</exclusive-start>
<af-start id="1183" threadId="00000000025DE088" totalBytesRequested="16392" timestamp="2019-06-14T19:07:54.165" intervalms="4.155" type="nursery" />
<cycle-start id="1184" type="scavenge" contextid="0" timestamp="2019-06-14T19:07:54.165" intervalms="4.113" />
<gc-start id="1185" type="scavenge" contextid="1184" timestamp="2019-06-14T19:07:54.165">
  <mem-info id="1186" free="2077968248" total="2092630016" percent="99">
    <mem type="nursery" free="0" total="2097152" percent="0">
      <mem type="allocate" free="0" total="1441792" percent="0" />
      <mem type="survivor" free="0" total="655360" percent="0" />
    </mem>
    <mem type="tenure" free="2077968248" total="2090532864" percent="99">
      <mem type="soa" free="1973442424" total="1986007040" percent="99" />
      <mem type="loa" free="104525824" total="104525824" percent="100" />
    </mem>
    <remembered-set count="196" />
  </mem-info>
</gc-start>
<allocation-stats totalBytes="844112" >
  <allocated-bytes non-tlh="64" tlh="844048" />
  <largest-consumer threadName="PmdThread 4" threadId="00000000025DE300" bytes="282376" />
</allocation-stats>
<gc-op id="1187" type="scavenge" timems="1.277" contextid="1184" timestamp="2019-06-14T19:07:54.167">
  <scavenger-info tenureage="1" tenuremask="7ffe" tiltratio="68" />
  <memory-copied type="nursery" objects="988" bytes="133824" bytesdiscarded="102960" />
  <memory-copied type="tenure" objects="2682" bytes="202952" bytesdiscarded="344" />
  <references type="weak" candidates="36" cleared="36" enqueued="36" />
  <references type="phantom" candidates="3" cleared="2" enqueued="2" />
</gc-op>
<gc-end id="1188" type="scavenge" contextid="1184" durationms="1.485" usertimems="0.000" systemtimems="0.000" timestamp="2019-06-14T19:07:54.167" activeThreads="4">
  <mem-info id="1189" free="2079063856" total="2092630016" percent="99">
    <mem type="nursery" free="1270496" total="2097152" percent="60">
      <mem type="allocate" free="1270496" total="1507328" percent="84" />
      <mem type="survivor" free="0" total="589824" percent="0" />
    </mem>
    <mem type="tenure" free="2077793360" total="2090532864" percent="99">
      <mem type="soa" free="1973267536" total="1986007040" percent="99" />
      <mem type="loa" free="104525824" total="104525824" percent="100" />
    </mem>
    <pending-finalizers system="0" default="0" reference="38" classloader="0" />
    <remembered-set count="120" />
  </mem-info>
</gc-end>
<cycle-end id="1190" type="scavenge" contextid="1184" timestamp="2019-06-14T19:07:54.167" />
  <attribute name="elasticGC enabled" value="1" />
  <attribute name= "numThreadsSpecified" value="4" />
  <attribute name="heapSize specified" value="8388608" />
  <attribute name="Current GC Util" value="31" />
  <attribute name= "Current Time Running" value="2155" />
  <attribute name ="GC Interval" value="200" />
  <attribute name="ProportionalT" value="5.500000" />
  <attribute name="ProportionalI" value="5.500000" />
  <attribute name="ProportionalH" value="5.500000" />
  <attribute name="Current Error" value="11.000000" />
  <attribute name="IntegralT" value="44.000000" />
  <attribute name="IntegralI" value="44.000000" />
  <attribute name="IntegralH" value="44.000000" />
  <attribute name="DerivativeT" value="1.375000" />
  <attribute name="DerivativeI" value="1.375000" />
  <attribute name="DerivativeH" value="1.375000" />
  <attribute name="Loop Time for DT" value="4.000000" />
  <attribute name="Output H" value="8388608"/>
  <attribute name="Output I" value="200"/>
  <attribute name="Output T" value="4"/>
  <attribute name="Target GC Util Change" value ="20.000000" />
  <attribute name="Current GC Util Change" value="31.000000"/>
  <attribute name="GC Util currently" value="31" />
  <attribute name="CPU Util currently" value="1117367159871" />
<allocation-satisfied id="1191" threadId="00000000025DD700" bytesRequested="16392" />
<af-end id="1192" timestamp="2019-06-14T19:07:54.167" threadId="00000000025DE088" success="true" from="nursery"/>
<exclusive-end id="1193" timestamp="2019-06-14T19:07:54.167" durationms="1.913" />

<exclusive-start id="1194" timestamp="2019-06-14T19:07:54.173" intervalms="8.240">
  <response-info timems="0.083" idlems="0.048" threads="1" lastid="00000000025DD700" lastname="PmdThread 3" />
</exclusive-start>
<af-start id="1195" threadId="00000000025E1188" totalBytesRequested="976" timestamp="2019-06-14T19:07:54.173" intervalms="8.246" type="nursery" />
<cycle-start id="1196" type="scavenge" contextid="0" timestamp="2019-06-14T19:07:54.174" intervalms="8.269" />
<gc-start id="1197" type="scavenge" contextid="1196" timestamp="2019-06-14T19:07:54.174">
  <mem-info id="1198" free="2077793360" total="2092630016" percent="99">
    <mem type="nursery" free="0" total="2097152" percent="0">
      <mem type="allocate" free="0" total="1507328" percent="0" />
      <mem type="survivor" free="0" total="589824" percent="0" />
    </mem>
    <mem type="tenure" free="2077793360" total="2090532864" percent="99">
      <mem type="soa" free="1973267536" total="1986007040" percent="99" />
      <mem type="loa" free="104525824" total="104525824" percent="100" />
    </mem>
    <remembered-set count="154" />
  </mem-info>
</gc-start>
<allocation-stats totalBytes="1245008" >
  <allocated-bytes non-tlh="32784" tlh="1212224" />
  <largest-consumer threadName="PmdThread 4" threadId="00000000025DE300" bytes="470184" />
</allocation-stats>
<gc-op id="1199" type="scavenge" timems="0.426" contextid="1196" timestamp="2019-06-14T19:07:54.174">
  <scavenger-info tenureage="2" tenuremask="7ffc" tiltratio="71" />
  <memory-copied type="nursery" objects="3800" bytes="488760" bytesdiscarded="100368" />
  <memory-copied type="tenure" objects="764" bytes="95608" bytesdiscarded="0" />
  <copy-failed type="nursery" objects="764" bytes="95624" />
  <references type="weak" candidates="31" cleared="30" enqueued="30" />
  <references type="phantom" candidates="7" cleared="4" enqueued="4" />
</gc-op>
<gc-end id="1200" type="scavenge" contextid="1196" durationms="0.636" usertimems="4.000" systemtimems="0.000" timestamp="2019-06-14T19:07:54.174" activeThreads="4">
  <mem-info id="1201" free="2078163752" total="2092630016" percent="99">
    <mem type="nursery" free="458752" total="2097152" percent="21">
      <mem type="allocate" free="458752" total="1048576" percent="43" />
      <mem type="survivor" free="0" total="1048576" percent="0" />
    </mem>
    <mem type="tenure" free="2077705000" total="2090532864" percent="99">
      <mem type="soa" free="1973179176" total="1986007040" percent="99" />
      <mem type="loa" free="104525824" total="104525824" percent="100" />
    </mem>
    <pending-finalizers system="0" default="0" reference="34" classloader="0" />
    <remembered-set count="310" />
  </mem-info>
</gc-end>
<cycle-end id="1202" type="scavenge" contextid="1196" timestamp="2019-06-14T19:07:54.174" />
  <attribute name="elasticGC enabled" value="1" />
  <attribute name= "numThreadsSpecified" value="4" />
  <attribute name="heapSize specified" value="8388608" />
  <attribute name="Current GC Util" value="37" />
  <attribute name= "Current Time Running" value="2164" />
  <attribute name ="GC Interval" value="200" />
  <attribute name="ProportionalT" value="8.500000" />
  <attribute name="ProportionalI" value="8.500000" />
  <attribute name="ProportionalH" value="8.500000" />
  <attribute name="Current Error" value="17.000000" />
  <attribute name="IntegralT" value="153.000000" />
  <attribute name="IntegralI" value="153.000000" />
  <attribute name="IntegralH" value="153.000000" />
  <attribute name="DerivativeT" value="0.333333" />
  <attribute name="DerivativeI" value="0.333333" />
  <attribute name="DerivativeH" value="0.333333" />
  <attribute name="Loop Time for DT" value="9.000000" />
  <attribute name="Output H" value="8388608"/>
  <attribute name="Output I" value="200"/>
  <attribute name="Output T" value="4"/>
  <attribute name="Target GC Util Change" value ="20.000000" />
  <attribute name="Current GC Util Change" value="37.000000"/>
  <attribute name="GC Util currently" value="37" />
  <attribute name="CPU Util currently" value="557583753844" />
<allocation-satisfied id="1203" threadId="00000000025E0800" bytesRequested="976" />
<af-end id="1204" timestamp="2019-06-14T19:07:54.174" threadId="00000000025E1188" success="true" from="nursery"/>
<exclusive-end id="1205" timestamp="2019-06-14T19:07:54.174" durationms="1.103" />

<exclusive-start id="1206" timestamp="2019-06-14T19:07:54.176" intervalms="2.845">
  <response-info timems="0.041" idlems="0.041" threads="0" lastid="00000000025DCC00" lastname="PmdThread 1" />
</exclusive-start>
<af-start id="1207" threadId="00000000025DD588" totalBytesRequested="40" timestamp="2019-06-14T19:07:54.176" intervalms="2.899" type="nursery" />
<cycle-start id="1208" type="scavenge" contextid="0" timestamp="2019-06-14T19:07:54.176" intervalms="2.916" />
<gc-start id="1209" type="scavenge" contextid="1208" timestamp="2019-06-14T19:07:54.176">
  <mem-info id="1210" free="2077705000" total="2092630016" percent="99">
    <mem type="nursery" free="0" total="2097152" percent="0">
      <mem type="allocate" free="0" total="1048576" percent="0" />
      <mem type="survivor" free="0" total="1048576" percent="0" />
    </mem>
    <mem type="tenure" free="2077705000" total="2090532864" percent="99">
      <mem type="soa" free="1973179176" total="1986007040" percent="99" />
      <mem type="loa" free="104525824" total="104525824" percent="100" />
    </mem>
    <remembered-set count="317" />
  </mem-info>
</gc-start>
<allocation-stats totalBytes="457952" >
  <allocated-bytes non-tlh="976" tlh="456976" />
  <largest-consumer threadName="PmdThread 4" threadId="00000000025DE300" bytes="134712" />
</allocation-stats>
<gc-op id="1211" type="scavenge" timems="0.700" contextid="1208" timestamp="2019-06-14T19:07:54.177">
  <scavenger-info tenureage="1" tenuremask="7ffe" tiltratio="50" />
  <memory-copied type="nursery" objects="1920" bytes="132344" bytesdiscarded="149336" />
  <memory-copied type="tenure" objects="3660" bytes="459656" bytesdiscarded="88" />
  <references type="weak" candidates="14" cleared="14" enqueued="14" />
  <references type="phantom" candidates="3" cleared="2" enqueued="2" />
</gc-op>
<gc-end id="1212" type="scavenge" contextid="1208" durationms="0.908" usertimems="0.000" systemtimems="0.000" timestamp="2019-06-14T19:07:54.177" activeThreads="4">
  <mem-info id="1213" free="2078029936" total="2092630016" percent="99">
    <mem type="nursery" free="766696" total="2097152" percent="36">
      <mem type="allocate" free="766696" total="1048576" percent="73" />
      <mem type="survivor" free="0" total="1048576" percent="0" />
    </mem>
    <mem type="tenure" free="2077263240" total="2090532864" percent="99">
      <mem type="soa" free="1972737416" total="1986007040" percent="99" />
      <mem type="loa" free="104525824" total="104525824" percent="100" />
    </mem>
    <pending-finalizers system="0" default="0" reference="16" classloader="0" />
    <remembered-set count="169" />
  </mem-info>
</gc-end>
<cycle-end id="1214" type="scavenge" contextid="1208" timestamp="2019-06-14T19:07:54.177" />
  <attribute name="elasticGC enabled" value="1" />
  <attribute name= "numThreadsSpecified" value="4" />
  <attribute name="heapSize specified" value="8388608" />
  <attribute name="Current GC Util" value="38" />
  <attribute name= "Current Time Running" value="2167" />
  <attribute name ="GC Interval" value="200" />
  <attribute name="ProportionalT" value="9.000000" />
  <attribute name="ProportionalI" value="9.000000" />
  <attribute name="ProportionalH" value="9.000000" />
  <attribute name="Current Error" value="18.000000" />
  <attribute name="IntegralT" value="54.000000" />
  <attribute name="IntegralI" value="54.000000" />
  <attribute name="IntegralH" value="54.000000" />
  <attribute name="DerivativeT" value="0.166667" />
  <attribute name="DerivativeI" value="0.166667" />
  <attribute name="DerivativeH" value="0.166667" />
  <attribute name="Loop Time for DT" value="3.000000" />
  <attribute name="Output H" value="8388608"/>
  <attribute name="Output I" value="200"/>
  <attribute name="Output T" value="4"/>
  <attribute name="Target GC Util Change" value ="20.000000" />
  <attribute name="Current GC Util Change" value="38.000000"/>
  <attribute name="GC Util currently" value="38" />
  <attribute name="CPU Util currently" value="1585331322900" />
<allocation-satisfied id="1215" threadId="00000000025DCC00" bytesRequested="40" />
<af-end id="1216" timestamp="2019-06-14T19:07:54.178" threadId="00000000025DD588" success="true" from="nursery"/>
<exclusive-end id="1217" timestamp="2019-06-14T19:07:54.178" durationms="1.431" />

<exclusive-start id="1218" timestamp="2019-06-14T19:07:54.180" intervalms="3.888">
  <response-info timems="0.035" idlems="0.035" threads="0" lastid="00000000025DD700" lastname="PmdThread 3" />
</exclusive-start>
<af-start id="1219" threadId="00000000025DE088" totalBytesRequested="40" timestamp="2019-06-14T19:07:54.180" intervalms="3.802" type="nursery" />
<cycle-start id="1220" type="scavenge" contextid="0" timestamp="2019-06-14T19:07:54.180" intervalms="3.782" />
<gc-start id="1221" type="scavenge" contextid="1220" timestamp="2019-06-14T19:07:54.180">
  <mem-info id="1222" free="2077263240" total="2092630016" percent="99">
    <mem type="nursery" free="0" total="2097152" percent="0">
      <mem type="allocate" free="0" total="1048576" percent="0" />
      <mem type="survivor" free="0" total="1048576" percent="0" />
    </mem>
    <mem type="tenure" free="2077263240" total="2090532864" percent="99">
      <mem type="soa" free="1972737416" total="1986007040" percent="99" />
      <mem type="loa" free="104525824" total="104525824" percent="100" />
    </mem>
    <remembered-set count="182" />
  </mem-info>
</gc-start>
<allocation-stats totalBytes="765744" >
  <allocated-bytes non-tlh="65608" tlh="700136" />
  <largest-consumer threadName="PmdThread 3" threadId="00000000025DD700" bytes="265664" />
</allocation-stats>
<gc-op id="1223" type="scavenge" timems="1.459" contextid="1220" timestamp="2019-06-14T19:07:54.182">
  <scavenger-info tenureage="1" tenuremask="7ffe" tiltratio="50" />
  <memory-copied type="nursery" objects="3487" bytes="364800" bytesdiscarded="60976" />
  <memory-copied type="tenure" objects="1675" bytes="113928" bytesdiscarded="936" />
  <references type="weak" candidates="11" cleared="10" enqueued="10" />
  <references type="phantom" candidates="4" cleared="2" enqueued="2" />
</gc-op>
<gc-end id="1224" type="scavenge" contextid="1220" durationms="1.665" usertimems="4.000" systemtimems="0.000" timestamp="2019-06-14T19:07:54.182" activeThreads="4">
  <mem-info id="1225" free="2077778488" total="2092630016" percent="99">
    <mem type="nursery" free="688064" total="2097152" percent="32">
      <mem type="allocate" free="688064" total="1114112" percent="61" />
      <mem type="survivor" free="0" total="983040" percent="0" />
    </mem>
    <mem type="tenure" free="2077090424" total="2090532864" percent="99">
      <mem type="soa" free="1972564600" total="1986007040" percent="99" />
      <mem type="loa" free="104525824" total="104525824" percent="100" />
    </mem>
    <pending-finalizers system="0" default="0" reference="12" classloader="0" />
    <remembered-set count="161" />
  </mem-info>
</gc-end>
<cycle-end id="1226" type="scavenge" contextid="1220" timestamp="2019-06-14T19:07:54.182" />
  <attribute name="elasticGC enabled" value="1" />
  <attribute name= "numThreadsSpecified" value="4" />
  <attribute name="heapSize specified" value="8388608" />
  <attribute name="Current GC Util" value="37" />
  <attribute name= "Current Time Running" value="2170" />
  <attribute name ="GC Interval" value="200" />
  <attribute name="ProportionalT" value="8.500000" />
  <attribute name="ProportionalI" value="8.500000" />
  <attribute name="ProportionalH" value="8.500000" />
  <attribute name="Current Error" value="17.000000" />
  <attribute name="IntegralT" value="51.000000" />
  <attribute name="IntegralI" value="51.000000" />
  <attribute name="IntegralH" value="51.000000" />
  <attribute name="DerivativeT" value="-0.166667" />
  <attribute name="DerivativeI" value="-0.166667" />
  <attribute name="DerivativeH" value="-0.166667" />
  <attribute name="Loop Time for DT" value="3.000000" />
  <attribute name="Output H" value="8388608"/>
  <attribute name="Output I" value="200"/>
  <attribute name="Output T" value="4"/>
  <attribute name="Target GC Util Change" value ="20.000000" />
  <attribute name="Current GC Util Change" value="37.000000"/>
  <attribute name="GC Util currently" value="37" />
  <attribute name="CPU Util currently" value="1217035544525" />
<allocation-satisfied id="1227" threadId="00000000025DD700" bytesRequested="40" />
<af-end id="1228" timestamp="2019-06-14T19:07:54.182" threadId="00000000025DE088" success="true" from="nursery"/>
<exclusive-end id="1229" timestamp="2019-06-14T19:07:54.182" durationms="2.091" />

<exclusive-start id="1230" timestamp="2019-06-14T19:07:54.184" intervalms="4.081">
  <response-info timems="0.023" idlems="0.023" threads="0" lastid="00000000025DCC00" lastname="PmdThread 1" />
</exclusive-start>
<af-start id="1231" threadId="00000000025DD588" totalBytesRequested="600" timestamp="2019-06-14T19:07:54.184" intervalms="4.130" type="nursery" />
<cycle-start id="1232" type="scavenge" contextid="0" timestamp="2019-06-14T19:07:54.184" intervalms="4.145" />
<gc-start id="1233" type="scavenge" contextid="1232" timestamp="2019-06-14T19:07:54.184">
  <mem-info id="1234" free="2077090424" total="2092630016" percent="99">
    <mem type="nursery" free="0" total="2097152" percent="0">
      <mem type="allocate" free="0" total="1114112" percent="0" />
      <mem type="survivor" free="0" total="983040" percent="0" />
    </mem>
    <mem type="tenure" free="2077090424" total="2090532864" percent="99">
      <mem type="soa" free="1972564600" total="1986007040" percent="99" />
      <mem type="loa" free="104525824" total="104525824" percent="100" />
    </mem>
    <remembered-set count="198" />
  </mem-info>
</gc-start>
<allocation-stats totalBytes="686768" >
  <allocated-bytes non-tlh="16432" tlh="670336" />
  <largest-consumer threadName="PmdThread 4" threadId="00000000025DE300" bytes="229280" />
</allocation-stats>
<gc-op id="1235" type="scavenge" timems="0.552" contextid="1232" timestamp="2019-06-14T19:07:54.185">
  <scavenger-info tenureage="1" tenuremask="7ffe" tiltratio="53" />
  <memory-copied type="nursery" objects="2147" bytes="197568" bytesdiscarded="218304" />
  <memory-copied type="tenure" objects="2653" bytes="267792" bytesdiscarded="64" />
  <references type="weak" candidates="25" cleared="25" enqueued="25" />
  <references type="phantom" candidates="3" cleared="3" enqueued="3" />
</gc-op>
<gc-end id="1236" type="scavenge" contextid="1232" durationms="0.756" usertimems="0.000" systemtimems="0.000" timestamp="2019-06-14T19:07:54.185" activeThreads="4">
  <mem-info id="1237" free="2077672784" total="2092630016" percent="99">
    <mem type="nursery" free="829208" total="2097152" percent="39">
      <mem type="allocate" free="829208" total="1245184" percent="66" />
      <mem type="survivor" free="0" total="851968" percent="0" />
    </mem>
    <mem type="tenure" free="2076843576" total="2090532864" percent="99">
      <mem type="soa" free="1972317752" total="1986007040" percent="99" />
      <mem type="loa" free="104525824" total="104525824" percent="100" />
    </mem>
    <pending-finalizers system="0" default="0" reference="28" classloader="0" />
    <remembered-set count="222" />
  </mem-info>
</gc-end>
<cycle-end id="1238" type="scavenge" contextid="1232" timestamp="2019-06-14T19:07:54.185" />
  <attribute name="elasticGC enabled" value="1" />
  <attribute name= "numThreadsSpecified" value="4" />
  <attribute name="heapSize specified" value="8388608" />
  <attribute name="Current GC Util" value="85" />
  <attribute name= "Current Time Running" value="2174" />
  <attribute name ="GC Interval" value="304" />
  <attribute name="ProportionalT" value="32.500000" />
  <attribute name="ProportionalI" value="32.500000" />
  <attribute name="ProportionalH" value="32.500000" />
  <attribute name="Current Error" value="65.000000" />
  <attribute name="IntegralT" value="260.000000" />
  <attribute name="IntegralI" value="260.000000" />
  <attribute name="IntegralH" value="260.000000" />
  <attribute name="DerivativeT" value="6.000000" />
  <attribute name="DerivativeI" value="6.000000" />
  <attribute name="DerivativeH" value="6.000000" />
  <attribute name="Loop Time for DT" value="4.000000" />
  <attribute name="Output H" value="8388608"/>
  <attribute name="Output I" value="304"/>
  <attribute name="Output T" value="4"/>
  <attribute name="Target GC Util Change" value ="20.000000" />
  <attribute name="Current GC Util Change" value="85.000000"/>
  <attribute name="GC Util currently" value="85" />
  <attribute name="CPU Util currently" value="1113505093449" />
<allocation-satisfied id="1239" threadId="00000000025DCC00" bytesRequested="600" />
<af-end id="1240" timestamp="2019-06-14T19:07:54.185" threadId="00000000025DD588" success="true" from="nursery"/>
<exclusive-end id="1241" timestamp="2019-06-14T19:07:54.185" durationms="1.252" />

<exclusive-start id="1242" timestamp="2019-06-14T19:07:54.189" intervalms="4.539">
  <response-info timems="0.027" idlems="0.027" threads="0" lastid="00000000025DD700" lastname="PmdThread 3" />
</exclusive-start>
<af-start id="1243" threadId="00000000025DE088" totalBytesRequested="8200" timestamp="2019-06-14T19:07:54.189" intervalms="4.521" type="nursery" />
<cycle-start id="1244" type="scavenge" contextid="0" timestamp="2019-06-14T19:07:54.189" intervalms="4.504" />
<gc-start id="1245" type="scavenge" contextid="1244" timestamp="2019-06-14T19:07:54.189">
  <mem-info id="1246" free="2076843576" total="2092630016" percent="99">
    <mem type="nursery" free="0" total="2097152" percent="0">
      <mem type="allocate" free="0" total="1245184" percent="0" />
      <mem type="survivor" free="0" total="851968" percent="0" />
    </mem>
    <mem type="tenure" free="2076843576" total="2090532864" percent="99">
      <mem type="soa" free="1972317752" total="1986007040" percent="99" />
      <mem type="loa" free="104525824" total="104525824" percent="100" />
    </mem>
    <remembered-set count="264" />
  </mem-info>
</gc-start>
<allocation-stats totalBytes="818032" >
  <allocated-bytes non-tlh="33384" tlh="784648" />
  <largest-consumer threadName="PmdThread 1" threadId="00000000025DCC00" bytes="309728" />
</allocation-stats>
<gc-op id="1247" type="scavenge" timems="1.387" contextid="1244" timestamp="2019-06-14T19:07:54.190">
  <scavenger-info tenureage="1" tenuremask="7ffe" tiltratio="59" />
  <memory-copied type="nursery" objects="1878" bytes="205016" bytesdiscarded="234808" />
  <memory-copied type="tenure" objects="2070" bytes="188216" bytesdiscarded="8" />
  <references type="weak" candidates="35" cleared="35" enqueued="35" />
  <references type="phantom" candidates="4" cleared="3" enqueued="3" />
</gc-op>
<gc-end id="1248" type="scavenge" contextid="1244" durationms="1.584" usertimems="0.000" systemtimems="4.000" timestamp="2019-06-14T19:07:54.191" activeThreads="4">
  <mem-info id="1249" free="2077582304" total="2092630016" percent="99">
    <mem type="nursery" free="936392" total="2097152" percent="44">
      <mem type="allocate" free="936392" total="1376256" percent="68" />
      <mem type="survivor" free="0" total="720896" percent="0" />
    </mem>
    <mem type="tenure" free="2076645912" total="2090532864" percent="99">
      <mem type="soa" free="1972120088" total="1986007040" percent="99" />
      <mem type="loa" free="104525824" total="104525824" percent="100" />
    </mem>
    <pending-finalizers system="0" default="0" reference="38" classloader="0" />
    <remembered-set count="122" />
  </mem-info>
</gc-end>
<cycle-end id="1250" type="scavenge" contextid="1244" timestamp="2019-06-14T19:07:54.191" />
  <attribute name="elasticGC enabled" value="1" />
  <attribute name= "numThreadsSpecified" value="4" />
  <attribute name="heapSize specified" value="8388608" />
  <attribute name="Current GC Util" value="26" />
  <attribute name= "Current Time Running" value="2179" />
  <attribute name ="GC Interval" value="200" />
  <attribute name="ProportionalT" value="3.000000" />
  <attribute name="ProportionalI" value="3.000000" />
  <attribute name="ProportionalH" value="3.000000" />
  <attribute name="Current Error" value="6.000000" />
  <attribute name="IntegralT" value="30.000000" />
  <attribute name="IntegralI" value="30.000000" />
  <attribute name="IntegralH" value="30.000000" />
  <attribute name="DerivativeT" value="-5.900000" />
  <attribute name="DerivativeI" value="-5.900000" />
  <attribute name="DerivativeH" value="-5.900000" />
  <attribute name="Loop Time for DT" value="5.000000" />
  <attribute name="Output H" value="8388608"/>
  <attribute name="Output I" value="200"/>
  <attribute name="Output T" value="4"/>
  <attribute name="Target GC Util Change" value ="20.000000" />
  <attribute name="Current GC Util Change" value="26.000000"/>
  <attribute name="GC Util currently" value="26" />
  <attribute name="CPU Util currently" value="1027277732254" />
<allocation-satisfied id="1251" threadId="00000000025DD700" bytesRequested="8200" />
<af-end id="1252" timestamp="2019-06-14T19:07:54.191" threadId="00000000025DE088" success="true" from="nursery"/>
<exclusive-end id="1253" timestamp="2019-06-14T19:07:54.191" durationms="2.042" />

<exclusive-start id="1254" timestamp="2019-06-14T19:07:54.195" intervalms="6.189">
  <response-info timems="0.028" idlems="0.028" threads="0" lastid="00000000025DE300" lastname="PmdThread 4" />
</exclusive-start>
<af-start id="1255" threadId="00000000025DEC88" totalBytesRequested="40" timestamp="2019-06-14T19:07:54.195" intervalms="6.186" type="nursery" />
<cycle-start id="1256" type="scavenge" contextid="0" timestamp="2019-06-14T19:07:54.195" intervalms="6.187" />
<gc-start id="1257" type="scavenge" contextid="1256" timestamp="2019-06-14T19:07:54.195">
  <mem-info id="1258" free="2076645912" total="2092630016" percent="99">
    <mem type="nursery" free="0" total="2097152" percent="0">
      <mem type="allocate" free="0" total="1376256" percent="0" />
      <mem type="survivor" free="0" total="720896" percent="0" />
    </mem>
    <mem type="tenure" free="2076645912" total="2090532864" percent="99">
      <mem type="soa" free="1972120088" total="1986007040" percent="99" />
      <mem type="loa" free="104525824" total="104525824" percent="100" />
    </mem>
    <remembered-set count="154" />
  </mem-info>
</gc-start>
<allocation-stats totalBytes="902848" >
  <allocated-bytes non-tlh="40984" tlh="861864" />
  <largest-consumer threadName="PmdThread 4" threadId="00000000025DE300" bytes="274136" />
</allocation-stats>
<gc-op id="1259" type="scavenge" timems="1.430" contextid="1256" timestamp="2019-06-14T19:07:54.197">
  <scavenger-info tenureage="1" tenuremask="7ffe" tiltratio="65" />
  <memory-copied type="nursery" objects="2141" bytes="439056" bytesdiscarded="183776" />
  <memory-copied type="tenure" objects="88" bytes="10976" bytesdiscarded="0" />
  <references type="weak" candidates="25" cleared="25" enqueued="25" />
  <references type="phantom" candidates="6" cleared="3" enqueued="3" />
</gc-op>
<gc-end id="1260" type="scavenge" contextid="1256" durationms="1.628" usertimems="4.000" systemtimems="0.000" timestamp="2019-06-14T19:07:54.197" activeThreads="4">
  <mem-info id="1261" free="2077333672" total="2092630016" percent="99">
    <mem type="nursery" free="687760" total="2097152" percent="32">
      <mem type="allocate" free="687760" total="1310720" percent="52" />
      <mem type="survivor" free="0" total="786432" percent="0" />
    </mem>
    <mem type="tenure" free="2076645912" total="2090532864" percent="99">
      <mem type="soa" free="1972120088" total="1986007040" percent="99" />
      <mem type="loa" free="104525824" total="104525824" percent="100" />
    </mem>
    <pending-finalizers system="0" default="0" reference="28" classloader="0" />
    <remembered-set count="130" />
  </mem-info>
</gc-end>
<cycle-end id="1262" type="scavenge" contextid="1256" timestamp="2019-06-14T19:07:54.197" />
  <attribute name="elasticGC enabled" value="1" />
  <attribute name= "numThreadsSpecified" value="4" />
  <attribute name="heapSize specified" value="8388608" />
  <attribute name="Current GC Util" value="49" />
  <attribute name= "Current Time Running" value="2185" />
  <attribute name ="GC Interval" value="200" />
  <attribute name="ProportionalT" value="14.500000" />
  <attribute name="ProportionalI" value="14.500000" />
  <attribute name="ProportionalH" value="14.500000" />
  <attribute name="Current Error" value="29.000000" />
  <attribute name="IntegralT" value="174.000000" />
  <attribute name="IntegralI" value="174.000000" />
  <attribute name="IntegralH" value="174.000000" />
  <attribute name="DerivativeT" value="1.916667" />
  <attribute name="DerivativeI" value="1.916667" />
  <attribute name="DerivativeH" value="1.916667" />
  <attribute name="Loop Time for DT" value="6.000000" />
  <attribute name="Output H" value="8388608"/>
  <attribute name="Output I" value="200"/>
  <attribute name="Output T" value="4"/>
  <attribute name="Target GC Util Change" value ="20.000000" />
  <attribute name="Current GC Util Change" value="49.000000"/>
  <attribute name="GC Util currently" value="49" />
  <attribute name="CPU Util currently" value="745130793559" />
<allocation-satisfied id="1263" threadId="00000000025DE300" bytesRequested="40" />
<af-end id="1264" timestamp="2019-06-14T19:07:54.197" threadId="00000000025DEC88" success="true" from="nursery"/>
<exclusive-end id="1265" timestamp="2019-06-14T19:07:54.197" durationms="2.079" />

<exclusive-start id="1266" timestamp="2019-06-14T19:07:54.201" intervalms="6.082">
  <response-info timems="0.041" idlems="0.022" threads="1" lastid="00000000025DCC00" lastname="PmdThread 1" />
</exclusive-start>
<af-start id="1267" threadId="00000000025E1188" totalBytesRequested="16" timestamp="2019-06-14T19:07:54.201" intervalms="6.091" type="nursery" />
<cycle-start id="1268" type="scavenge" contextid="0" timestamp="2019-06-14T19:07:54.201" intervalms="6.097" />
<gc-start id="1269" type="scavenge" contextid="1268" timestamp="2019-06-14T19:07:54.201">
  <mem-info id="1270" free="2076645912" total="2092630016" percent="99">
    <mem type="nursery" free="0" total="2097152" percent="0">
      <mem type="allocate" free="0" total="1310720" percent="0" />
      <mem type="survivor" free="0" total="786432" percent="0" />
    </mem>
    <mem type="tenure" free="2076645912" total="2090532864" percent="99">
      <mem type="soa" free="1972120088" total="1986007040" percent="99" />
      <mem type="loa" free="104525824" total="104525824" percent="100" />
    </mem>
    <remembered-set count="137" />
  </mem-info>
</gc-start>
<allocation-stats totalBytes="687384" >
  <allocated-bytes non-tlh="40" tlh="687344" />
  <largest-consumer threadName="PmdThread 4" threadId="00000000025DE300" bytes="249760" />
</allocation-stats>
<gc-op id="1271" type="scavenge" timems="0.507" contextid="1268" timestamp="2019-06-14T19:07:54.202">
  <scavenger-info tenureage="1" tenuremask="7ffe" tiltratio="62" />
  <memory-copied type="nursery" objects="4216" bytes="221728" bytesdiscarded="258736" />
  <memory-copied type="tenure" objects="1093" bytes="341280" bytesdiscarded="1136" />
  <references type="weak" candidates="7" cleared="7" enqueued="7" />
  <references type="phantom" candidates="2" cleared="1" enqueued="1" />
</gc-op>
<gc-end id="1272" type="scavenge" contextid="1268" durationms="0.710" usertimems="4.000" systemtimems="0.000" timestamp="2019-06-14T19:07:54.202" activeThreads="4">
  <mem-info id="1273" free="2077176232" total="2092630016" percent="99">
    <mem type="nursery" free="895736" total="2097152" percent="42">
      <mem type="allocate" free="895736" total="1376256" percent="65" />
      <mem type="survivor" free="0" total="720896" percent="0" />
    </mem>
    <mem type="tenure" free="2076280496" total="2090532864" percent="99">
      <mem type="soa" free="1971754672" total="1986007040" percent="99" />
      <mem type="loa" free="104525824" total="104525824" percent="100" />
    </mem>
    <pending-finalizers system="0" default="0" reference="8" classloader="0" />
    <remembered-set count="180" />
  </mem-info>
</gc-end>
<cycle-end id="1274" type="scavenge" contextid="1268" timestamp="2019-06-14T19:07:54.202" />
  <attribute name="elasticGC enabled" value="1" />
  <attribute name= "numThreadsSpecified" value="4" />
  <attribute name="heapSize specified" value="8388608" />
  <attribute name="Current GC Util" value="48" />
  <attribute name= "Current Time Running" value="2191" />
  <attribute name ="GC Interval" value="200" />
  <attribute name="ProportionalT" value="14.000000" />
  <attribute name="ProportionalI" value="14.000000" />
  <attribute name="ProportionalH" value="14.000000" />
  <attribute name="Current Error" value="28.000000" />
  <attribute name="IntegralT" value="168.000000" />
  <attribute name="IntegralI" value="168.000000" />
  <attribute name="IntegralH" value="168.000000" />
  <attribute name="DerivativeT" value="-0.083333" />
  <attribute name="DerivativeI" value="-0.083333" />
  <attribute name="DerivativeH" value="-0.083333" />
  <attribute name="Loop Time for DT" value="6.000000" />
  <attribute name="Output H" value="8388608"/>
  <attribute name="Output I" value="200"/>
  <attribute name="Output T" value="4"/>
  <attribute name="Target GC Util Change" value ="20.000000" />
  <attribute name="Current GC Util Change" value="48.000000"/>
  <attribute name="GC Util currently" value="48" />
  <attribute name="CPU Util currently" value="755979028197" />
<allocation-satisfied id="1275" threadId="00000000025E0800" bytesRequested="16" />
<af-end id="1276" timestamp="2019-06-14T19:07:54.202" threadId="00000000025E1188" success="true" from="nursery"/>
<exclusive-end id="1277" timestamp="2019-06-14T19:07:54.202" durationms="1.177" />

<exclusive-start id="1278" timestamp="2019-06-14T19:07:54.207" intervalms="6.387">
  <response-info timems="0.222" idlems="0.222" threads="0" lastid="00000000025DD700" lastname="PmdThread 3" />
</exclusive-start>
<af-start id="1279" threadId="00000000025DE088" totalBytesRequested="40" timestamp="2019-06-14T19:07:54.207" intervalms="6.392" type="nursery" />
<cycle-start id="1280" type="scavenge" contextid="0" timestamp="2019-06-14T19:07:54.208" intervalms="6.386" />
<gc-start id="1281" type="scavenge" contextid="1280" timestamp="2019-06-14T19:07:54.208">
  <mem-info id="1282" free="2076280496" total="2092630016" percent="99">
    <mem type="nursery" free="0" total="2097152" percent="0">
      <mem type="allocate" free="0" total="1376256" percent="0" />
      <mem type="survivor" free="0" total="720896" percent="0" />
    </mem>
    <mem type="tenure" free="2076280496" total="2090532864" percent="99">
      <mem type="soa" free="1971754672" total="1986007040" percent="99" />
      <mem type="loa" free="104525824" total="104525824" percent="100" />
    </mem>
    <remembered-set count="221" />
  </mem-info>
</gc-start>
<allocation-stats totalBytes="895368" >
  <allocated-bytes non-tlh="32800" tlh="862568" />
  <largest-consumer threadName="PmdThread 4" threadId="00000000025DE300" bytes="334392" />
</allocation-stats>
<gc-op id="1283" type="scavenge" timems="1.707" contextid="1280" timestamp="2019-06-14T19:07:54.209">
  <scavenger-info tenureage="1" tenuremask="7ffe" tiltratio="65" />
  <memory-copied type="nursery" objects="6718" bytes="308464" bytesdiscarded="85016" />
  <memory-copied type="tenure" objects="3646" bytes="205440" bytesdiscarded="280" />
  <references type="weak" candidates="1" cleared="1" enqueued="1" />
  <references type="phantom" candidates="2" cleared="1" enqueued="1" />
</gc-op>
<gc-end id="1284" type="scavenge" contextid="1280" durationms="1.909" usertimems="0.000" systemtimems="0.000" timestamp="2019-06-14T19:07:54.209" activeThreads="4">
  <mem-info id="1285" free="2077083760" total="2092630016" percent="99">
    <mem type="nursery" free="1048288" total="2097152" percent="49">
      <mem type="allocate" free="1048288" total="1441792" percent="72" />
      <mem type="survivor" free="0" total="655360" percent="0" />
    </mem>
    <mem type="tenure" free="2076035472" total="2090532864" percent="99">
      <mem type="soa" free="1971509648" total="1986007040" percent="99" />
      <mem type="loa" free="104525824" total="104525824" percent="100" />
    </mem>
    <pending-finalizers system="0" default="0" reference="2" classloader="0" />
    <remembered-set count="325" />
  </mem-info>
</gc-end>
<cycle-end id="1286" type="scavenge" contextid="1280" timestamp="2019-06-14T19:07:54.210" />
  <attribute name="elasticGC enabled" value="1" />
  <attribute name= "numThreadsSpecified" value="4" />
  <attribute name="heapSize specified" value="8388608" />
  <attribute name="Current GC Util" value="22" />
  <attribute name= "Current Time Running" value="2198" />
  <attribute name ="GC Interval" value="200" />
  <attribute name="ProportionalT" value="1.000000" />
  <attribute name="ProportionalI" value="1.000000" />
  <attribute name="ProportionalH" value="1.000000" />
  <attribute name="Current Error" value="2.000000" />
  <attribute name="IntegralT" value="14.000000" />
  <attribute name="IntegralI" value="14.000000" />
  <attribute name="IntegralH" value="14.000000" />
  <attribute name="DerivativeT" value="-1.857143" />
  <attribute name="DerivativeI" value="-1.857143" />
  <attribute name="DerivativeH" value="-1.857143" />
  <attribute name="Loop Time for DT" value="7.000000" />
  <attribute name="Output H" value="8388608"/>
  <attribute name="Output I" value="200"/>
  <attribute name="Output T" value="4"/>
  <attribute name="Target GC Util Change" value ="20.000000" />
  <attribute name="Current GC Util Change" value="22.000000"/>
  <attribute name="GC Util currently" value="22" />
  <attribute name="CPU Util currently" value="722376802487" />
<allocation-satisfied id="1287" threadId="00000000025DD700" bytesRequested="40" />
<af-end id="1288" timestamp="2019-06-14T19:07:54.210" threadId="00000000025DE088" success="true" from="nursery"/>
<exclusive-end id="1289" timestamp="2019-06-14T19:07:54.210" durationms="2.374" />

<exclusive-start id="1290" timestamp="2019-06-14T19:07:54.213" intervalms="5.573">
  <response-info timems="0.037" idlems="0.037" threads="0" lastid="00000000025DE300" lastname="PmdThread 4" />
</exclusive-start>
<af-start id="1291" threadId="00000000025DEC88" totalBytesRequested="16" timestamp="2019-06-14T19:07:54.213" intervalms="5.565" type="nursery" />
<cycle-start id="1292" type="scavenge" contextid="0" timestamp="2019-06-14T19:07:54.213" intervalms="5.562" />
<gc-start id="1293" type="scavenge" contextid="1292" timestamp="2019-06-14T19:07:54.213">
  <mem-info id="1294" free="2076035472" total="2092630016" percent="99">
    <mem type="nursery" free="0" total="2097152" percent="0">
      <mem type="allocate" free="0" total="1441792" percent="0" />
      <mem type="survivor" free="0" total="655360" percent="0" />
    </mem>
    <mem type="tenure" free="2076035472" total="2090532864" percent="99">
      <mem type="soa" free="1971509648" total="1986007040" percent="99" />
      <mem type="loa" free="104525824" total="104525824" percent="100" />
    </mem>
    <remembered-set count="405" />
  </mem-info>
</gc-start>
<allocation-stats totalBytes="1047656" >
  <allocated-bytes non-tlh="40" tlh="1047616" />
  <largest-consumer threadName="PmdThread 3" threadId="00000000025DD700" bytes="364168" />
</allocation-stats>
<gc-op id="1295" type="scavenge" timems="1.855" contextid="1292" timestamp="2019-06-14T19:07:54.215">
  <scavenger-info tenureage="1" tenuremask="7ffe" tiltratio="68" />
  <memory-copied type="nursery" objects="6036" bytes="215480" bytesdiscarded="97856" />
  <memory-copied type="tenure" objects="6073" bytes="284272" bytesdiscarded="16" />
  <references type="weak" candidates="8" cleared="8" enqueued="8" />
</gc-op>
<gc-end id="1296" type="scavenge" contextid="1292" durationms="2.051" usertimems="0.000" systemtimems="0.000" timestamp="2019-06-14T19:07:54.215" activeThreads="4">
  <mem-info id="1297" free="2076908160" total="2092630016" percent="99">
    <mem type="nursery" free="1193984" total="2097152" percent="56">
      <mem type="allocate" free="1193984" total="1507328" percent="79" />
      <mem type="survivor" free="0" total="589824" percent="0" />
    </mem>
    <mem type="tenure" free="2075714176" total="2090532864" percent="99">
      <mem type="soa" free="1971188352" total="1986007040" percent="99" />
      <mem type="loa" free="104525824" total="104525824" percent="100" />
    </mem>
    <pending-finalizers system="0" default="0" reference="8" classloader="0" />
    <remembered-set count="201" />
  </mem-info>
</gc-end>
<cycle-end id="1298" type="scavenge" contextid="1292" timestamp="2019-06-14T19:07:54.215" />
  <attribute name="elasticGC enabled" value="1" />
  <attribute name= "numThreadsSpecified" value="4" />
  <attribute name="heapSize specified" value="8388608" />
  <attribute name="Current GC Util" value="63" />
  <attribute name= "Current Time Running" value="2203" />
  <attribute name ="GC Interval" value="240" />
  <attribute name="ProportionalT" value="21.500000" />
  <attribute name="ProportionalI" value="21.500000" />
  <attribute name="ProportionalH" value="21.500000" />
  <attribute name="Current Error" value="43.000000" />
  <attribute name="IntegralT" value="215.000000" />
  <attribute name="IntegralI" value="215.000000" />
  <attribute name="IntegralH" value="215.000000" />
  <attribute name="DerivativeT" value="4.100000" />
  <attribute name="DerivativeI" value="4.100000" />
  <attribute name="DerivativeH" value="4.100000" />
  <attribute name="Loop Time for DT" value="5.000000" />
  <attribute name="Output H" value="8388608"/>
  <attribute name="Output I" value="240"/>
  <attribute name="Output T" value="4"/>
  <attribute name="Target GC Util Change" value ="20.000000" />
  <attribute name="Current GC Util Change" value="63.000000"/>
  <attribute name="GC Util currently" value="63" />
  <attribute name="CPU Util currently" value="833099424630" />
<allocation-satisfied id="1299" threadId="00000000025DE300" bytesRequested="16" />
<af-end id="1300" timestamp="2019-06-14T19:07:54.215" threadId="00000000025DEC88" success="true" from="nursery"/>
<exclusive-end id="1301" timestamp="2019-06-14T19:07:54.215" durationms="2.490" />

<exclusive-start id="1302" timestamp="2019-06-14T19:07:54.219" intervalms="6.439">
  <response-info timems="0.047" idlems="0.047" threads="0" lastid="00000000025DD700" lastname="PmdThread 3" />
</exclusive-start>
<af-start id="1303" threadId="00000000025DE088" totalBytesRequested="56" timestamp="2019-06-14T19:07:54.219" intervalms="6.436" type="nursery" />
<cycle-start id="1304" type="scavenge" contextid="0" timestamp="2019-06-14T19:07:54.220" intervalms="6.443" />
<gc-start id="1305" type="scavenge" contextid="1304" timestamp="2019-06-14T19:07:54.220">
  <mem-info id="1306" free="2075714176" total="2092630016" percent="99">
    <mem type="nursery" free="0" total="2097152" percent="0">
      <mem type="allocate" free="0" total="1507328" percent="0" />
      <mem type="survivor" free="0" total="589824" percent="0" />
    </mem>
    <mem type="tenure" free="2075714176" total="2090532864" percent="99">
      <mem type="soa" free="1971188352" total="1986007040" percent="99" />
      <mem type="loa" free="104525824" total="104525824" percent="100" />
    </mem>
    <remembered-set count="233" />
  </mem-info>
</gc-start>
<allocation-stats totalBytes="1193520" >
  <allocated-bytes non-tlh="16" tlh="1193504" />
  <largest-consumer threadName="PmdThread 3" threadId="00000000025DD700" bytes="517880" />
</allocation-stats>
<gc-op id="1307" type="scavenge" timems="1.859" contextid="1304" timestamp="2019-06-14T19:07:54.222">
  <scavenger-info tenureage="1" tenuremask="7ffe" tiltratio="71" />
  <memory-copied type="nursery" objects="11317" bytes="450848" bytesdiscarded="96504" />
  <memory-copied type="tenure" objects="5642" bytes="203616" bytesdiscarded="208" />
  <references type="phantom" candidates="1" cleared="0" enqueued="0" />
</gc-op>
<gc-end id="1308" type="scavenge" contextid="1304" durationms="2.067" usertimems="0.000" systemtimems="4.000" timestamp="2019-06-14T19:07:54.222" activeThreads="4">
  <mem-info id="1309" free="2076347240" total="2092630016" percent="99">
    <mem type="nursery" free="828904" total="2097152" percent="39">
      <mem type="allocate" free="828904" total="1376256" percent="60" />
      <mem type="survivor" free="0" total="720896" percent="0" />
    </mem>
    <mem type="tenure" free="2075518336" total="2090532864" percent="99">
      <mem type="soa" free="1970992512" total="1986007040" percent="99" />
      <mem type="loa" free="104525824" total="104525824" percent="100" />
    </mem>
    <remembered-set count="185" />
  </mem-info>
</gc-end>
<cycle-end id="1310" type="scavenge" contextid="1304" timestamp="2019-06-14T19:07:54.222" />
  <attribute name="elasticGC enabled" value="1" />
  <attribute name= "numThreadsSpecified" value="4" />
  <attribute name="heapSize specified" value="8388608" />
  <attribute name="Current GC Util" value="53" />
  <attribute name= "Current Time Running" value="2210" />
  <attribute name ="GC Interval" value="248" />
  <attribute name="ProportionalT" value="16.500000" />
  <attribute name="ProportionalI" value="16.500000" />
  <attribute name="ProportionalH" value="16.500000" />
  <attribute name="Current Error" value="33.000000" />
  <attribute name="IntegralT" value="231.000000" />
  <attribute name="IntegralI" value="231.000000" />
  <attribute name="IntegralH" value="231.000000" />
  <attribute name="DerivativeT" value="-0.714286" />
  <attribute name="DerivativeI" value="-0.714286" />
  <attribute name="DerivativeH" value="-0.714286" />
  <attribute name="Loop Time for DT" value="7.000000" />
  <attribute name="Output H" value="8388608"/>
  <attribute name="Output I" value="248"/>
  <attribute name="Output T" value="4"/>
  <attribute name="Target GC Util Change" value ="20.000000" />
  <attribute name="Current GC Util Change" value="53.000000"/>
  <attribute name="GC Util currently" value="53" />
  <attribute name="CPU Util currently" value="710166124872" />
<allocation-satisfied id="1311" threadId="00000000025DD700" bytesRequested="56" />
<af-end id="1312" timestamp="2019-06-14T19:07:54.222" threadId="00000000025DE088" success="true" from="nursery"/>
<exclusive-end id="1313" timestamp="2019-06-14T19:07:54.222" durationms="2.537" />

<exclusive-start id="1314" timestamp="2019-06-14T19:07:54.224" intervalms="5.088">
  <response-info timems="0.028" idlems="0.028" threads="0" lastid="00000000025DE300" lastname="PmdThread 4" />
</exclusive-start>
<af-start id="1315" threadId="00000000025DEC88" totalBytesRequested="40" timestamp="2019-06-14T19:07:54.225" intervalms="5.094" type="nursery" />
<cycle-start id="1316" type="scavenge" contextid="0" timestamp="2019-06-14T19:07:54.225" intervalms="5.094" />
<gc-start id="1317" type="scavenge" contextid="1316" timestamp="2019-06-14T19:07:54.225">
  <mem-info id="1318" free="2075518336" total="2092630016" percent="99">
    <mem type="nursery" free="0" total="2097152" percent="0">
      <mem type="allocate" free="0" total="1376256" percent="0" />
      <mem type="survivor" free="0" total="720896" percent="0" />
    </mem>
    <mem type="tenure" free="2075518336" total="2090532864" percent="99">
      <mem type="soa" free="1970992512" total="1986007040" percent="99" />
      <mem type="loa" free="104525824" total="104525824" percent="100" />
    </mem>
    <remembered-set count="588" />
  </mem-info>
</gc-start>
<allocation-stats totalBytes="828616" >
  <allocated-bytes non-tlh="56" tlh="828560" />
  <largest-consumer threadName="PmdThread 4" threadId="00000000025DE300" bytes="479016" />
</allocation-stats>
<gc-op id="1319" type="scavenge" timems="1.141" contextid="1316" timestamp="2019-06-14T19:07:54.226">
  <scavenger-info tenureage="1" tenuremask="7ffe" tiltratio="65" />
  <memory-copied type="nursery" objects="3413" bytes="117824" bytesdiscarded="78008" />
  <memory-copied type="tenure" objects="10829" bytes="437192" bytesdiscarded="168" />
</gc-op>
<gc-end id="1320" type="scavenge" contextid="1316" durationms="1.336" usertimems="0.000" systemtimems="0.000" timestamp="2019-06-14T19:07:54.226" activeThreads="4">
  <mem-info id="1321" free="2076313448" total="2092630016" percent="99">
    <mem type="nursery" free="1180416" total="2097152" percent="56">
      <mem type="allocate" free="1180416" total="1376256" percent="85" />
      <mem type="survivor" free="0" total="720896" percent="0" />
    </mem>
    <mem type="tenure" free="2075133032" total="2090532864" percent="99">
      <mem type="soa" free="1970607208" total="1986007040" percent="99" />
      <mem type="loa" free="104525824" total="104525824" percent="100" />
    </mem>
    <remembered-set count="659" />
  </mem-info>
</gc-end>
<cycle-end id="1322" type="scavenge" contextid="1316" timestamp="2019-06-14T19:07:54.226" />
  <attribute name="elasticGC enabled" value="1" />
  <attribute name= "numThreadsSpecified" value="4" />
  <attribute name="heapSize specified" value="8388608" />
  <attribute name="Current GC Util" value="74" />
  <attribute name= "Current Time Running" value="2215" />
  <attribute name ="GC Interval" value="304" />
  <attribute name="ProportionalT" value="27.000000" />
  <attribute name="ProportionalI" value="27.000000" />
  <attribute name="ProportionalH" value="27.000000" />
  <attribute name="Current Error" value="54.000000" />
  <attribute name="IntegralT" value="270.000000" />
  <attribute name="IntegralI" value="270.000000" />
  <attribute name="IntegralH" value="270.000000" />
  <attribute name="DerivativeT" value="2.100000" />
  <attribute name="DerivativeI" value="2.100000" />
  <attribute name="DerivativeH" value="2.100000" />
  <attribute name="Loop Time for DT" value="5.000000" />
  <attribute name="Output H" value="8388608"/>
  <attribute name="Output I" value="304"/>
  <attribute name="Output T" value="4"/>
  <attribute name="Target GC Util Change" value ="20.000000" />
  <attribute name="Current GC Util Change" value="74.000000"/>
  <attribute name="GC Util currently" value="74" />
  <attribute name="CPU Util currently" value="908740625464" />
<allocation-satisfied id="1323" threadId="00000000025DE300" bytesRequested="40" />
<af-end id="1324" timestamp="2019-06-14T19:07:54.226" threadId="00000000025DEC88" success="true" from="nursery"/>
<exclusive-end id="1325" timestamp="2019-06-14T19:07:54.226" durationms="1.797" />

<exclusive-start id="1326" timestamp="2019-06-14T19:07:54.233" intervalms="8.313">
  <response-info timems="0.041" idlems="0.041" threads="0" lastid="00000000025DD700" lastname="PmdThread 3" />
</exclusive-start>
<af-start id="1327" threadId="00000000025DE088" totalBytesRequested="56" timestamp="2019-06-14T19:07:54.233" intervalms="8.319" type="nursery" />
<cycle-start id="1328" type="scavenge" contextid="0" timestamp="2019-06-14T19:07:54.233" intervalms="8.318" />
<gc-start id="1329" type="scavenge" contextid="1328" timestamp="2019-06-14T19:07:54.233">
  <mem-info id="1330" free="2075133032" total="2092630016" percent="99">
    <mem type="nursery" free="0" total="2097152" percent="0">
      <mem type="allocate" free="0" total="1376256" percent="0" />
      <mem type="survivor" free="0" total="720896" percent="0" />
    </mem>
    <mem type="tenure" free="2075133032" total="2090532864" percent="99">
      <mem type="soa" free="1970607208" total="1986007040" percent="99" />
      <mem type="loa" free="104525824" total="104525824" percent="100" />
    </mem>
    <remembered-set count="984" />
  </mem-info>
</gc-start>
<allocation-stats totalBytes="1179752" >
  <allocated-bytes non-tlh="40" tlh="1179712" />
  <largest-consumer threadName="PmdThread 4" threadId="00000000025DE300" bytes="688464" />
</allocation-stats>
<gc-op id="1331" type="scavenge" timems="1.204" contextid="1328" timestamp="2019-06-14T19:07:54.234">
  <scavenger-info tenureage="2" tenuremask="7ffc" tiltratio="65" />
  <memory-copied type="nursery" objects="7067" bytes="263656" bytesdiscarded="88840" />
  <references type="weak" candidates="17" cleared="17" enqueued="17" />
  <references type="phantom" candidates="1" cleared="1" enqueued="1" />
</gc-op>
<gc-end id="1332" type="scavenge" contextid="1328" durationms="1.405" usertimems="4.000" systemtimems="0.000" timestamp="2019-06-14T19:07:54.234" activeThreads="4">
  <mem-info id="1333" free="2076222312" total="2092630016" percent="99">
    <mem type="nursery" free="1089280" total="2097152" percent="51">
      <mem type="allocate" free="1089280" total="1441792" percent="75" />
      <mem type="survivor" free="0" total="655360" percent="0" />
    </mem>
    <mem type="tenure" free="2075133032" total="2090532864" percent="99">
      <mem type="soa" free="1970607208" total="1986007040" percent="99" />
      <mem type="loa" free="104525824" total="104525824" percent="100" />
    </mem>
    <pending-finalizers system="0" default="0" reference="18" classloader="0" />
    <remembered-set count="865" />
  </mem-info>
</gc-end>
<cycle-end id="1334" type="scavenge" contextid="1328" timestamp="2019-06-14T19:07:54.234" />
  <attribute name="elasticGC enabled" value="1" />
  <attribute name= "numThreadsSpecified" value="4" />
  <attribute name="heapSize specified" value="8388608" />
  <attribute name="Current GC Util" value="31" />
  <attribute name= "Current Time Running" value="2223" />
  <attribute name ="GC Interval" value="200" />
  <attribute name="ProportionalT" value="5.500000" />
  <attribute name="ProportionalI" value="5.500000" />
  <attribute name="ProportionalH" value="5.500000" />
  <attribute name="Current Error" value="11.000000" />
  <attribute name="IntegralT" value="88.000000" />
  <attribute name="IntegralI" value="88.000000" />
  <attribute name="IntegralH" value="88.000000" />
  <attribute name="DerivativeT" value="-2.687500" />
  <attribute name="DerivativeI" value="-2.687500" />
  <attribute name="DerivativeH" value="-2.687500" />
  <attribute name="Loop Time for DT" value="8.000000" />
  <attribute name="Output H" value="8388608"/>
  <attribute name="Output I" value="200"/>
  <attribute name="Output T" value="4"/>
  <attribute name="Target GC Util Change" value ="20.000000" />
  <attribute name="Current GC Util Change" value="31.000000"/>
  <attribute name="GC Util currently" value="31" />
  <attribute name="CPU Util currently" value="554482120154" />
<allocation-satisfied id="1335" threadId="00000000025DD700" bytesRequested="56" />
<af-end id="1336" timestamp="2019-06-14T19:07:54.235" threadId="00000000025DE088" success="true" from="nursery"/>
<exclusive-end id="1337" timestamp="2019-06-14T19:07:54.235" durationms="1.882" />

<exclusive-start id="1338" timestamp="2019-06-14T19:07:54.240" intervalms="6.950">
  <response-info timems="0.027" idlems="0.027" threads="0" lastid="00000000025DD700" lastname="PmdThread 3" />
</exclusive-start>
<af-start id="1339" threadId="00000000025DE088" totalBytesRequested="16" timestamp="2019-06-14T19:07:54.240" intervalms="6.938" type="nursery" />
<cycle-start id="1340" type="scavenge" contextid="0" timestamp="2019-06-14T19:07:54.240" intervalms="6.942" />
<gc-start id="1341" type="scavenge" contextid="1340" timestamp="2019-06-14T19:07:54.240">
  <mem-info id="1342" free="2075133032" total="2092630016" percent="99">
    <mem type="nursery" free="0" total="2097152" percent="0">
      <mem type="allocate" free="0" total="1441792" percent="0" />
      <mem type="survivor" free="0" total="655360" percent="0" />
    </mem>
    <mem type="tenure" free="2075133032" total="2090532864" percent="99">
      <mem type="soa" free="1970607208" total="1986007040" percent="99" />
      <mem type="loa" free="104525824" total="104525824" percent="100" />
    </mem>
    <remembered-set count="1065" />
  </mem-info>
</gc-start>
<allocation-stats totalBytes="1088272" >
  <allocated-bytes non-tlh="56" tlh="1088216" />
  <largest-consumer threadName="PmdThread 3" threadId="00000000025DD700" bytes="507568" />
</allocation-stats>
<gc-op id="1343" type="scavenge" timems="1.523" contextid="1340" timestamp="2019-06-14T19:07:54.242">
  <scavenger-info tenureage="2" tenuremask="7ffc" tiltratio="68" />
  <memory-copied type="nursery" objects="11193" bytes="392464" bytesdiscarded="116704" />
  <memory-copied type="tenure" objects="3324" bytes="114952" bytesdiscarded="56" />
  <references type="weak" candidates="4" cleared="4" enqueued="4" />
</gc-op>
<gc-end id="1344" type="scavenge" contextid="1340" durationms="1.719" usertimems="0.000" systemtimems="0.000" timestamp="2019-06-14T19:07:54.242" activeThreads="4">
  <mem-info id="1345" free="2076013672" total="2092630016" percent="99">
    <mem type="nursery" free="998144" total="2097152" percent="47">
      <mem type="allocate" free="998144" total="1507328" percent="66" />
      <mem type="survivor" free="0" total="589824" percent="0" />
    </mem>
    <mem type="tenure" free="2075015528" total="2090532864" percent="99">
      <mem type="soa" free="1970489704" total="1986007040" percent="99" />
      <mem type="loa" free="104525824" total="104525824" percent="100" />
    </mem>
    <pending-finalizers system="0" default="0" reference="4" classloader="0" />
    <remembered-set count="315" />
  </mem-info>
</gc-end>
<cycle-end id="1346" type="scavenge" contextid="1340" timestamp="2019-06-14T19:07:54.242" />
  <attribute name="elasticGC enabled" value="1" />
  <attribute name= "numThreadsSpecified" value="4" />
  <attribute name="heapSize specified" value="8388608" />
  <attribute name="Current GC Util" value="36" />
  <attribute name= "Current Time Running" value="2230" />
  <attribute name ="GC Interval" value="200" />
  <attribute name="ProportionalT" value="8.000000" />
  <attribute name="ProportionalI" value="8.000000" />
  <attribute name="ProportionalH" value="8.000000" />
  <attribute name="Current Error" value="16.000000" />
  <attribute name="IntegralT" value="112.000000" />
  <attribute name="IntegralI" value="112.000000" />
  <attribute name="IntegralH" value="112.000000" />
  <attribute name="DerivativeT" value="0.357143" />
  <attribute name="DerivativeI" value="0.357143" />
  <attribute name="DerivativeH" value="0.357143" />
  <attribute name="Loop Time for DT" value="7.000000" />
  <attribute name="Output H" value="8388608"/>
  <attribute name="Output I" value="200"/>
  <attribute name="Output T" value="4"/>
  <attribute name="Target GC Util Change" value ="20.000000" />
  <attribute name="Current GC Util Change" value="36.000000"/>
  <attribute name="GC Util currently" value="36" />
  <attribute name="CPU Util currently" value="664766027204" />
<allocation-satisfied id="1347" threadId="00000000025DD700" bytesRequested="16" />
<af-end id="1348" timestamp="2019-06-14T19:07:54.242" threadId="00000000025DE088" success="true" from="nursery"/>
<exclusive-end id="1349" timestamp="2019-06-14T19:07:54.242" durationms="2.177" />

<exclusive-start id="1350" timestamp="2019-06-14T19:07:54.243" intervalms="3.585">
  <response-info timems="0.055" idlems="0.055" threads="0" lastid="00000000025DE300" lastname="PmdThread 4" />
</exclusive-start>
<af-start id="1351" threadId="00000000025DEC88" totalBytesRequested="16" timestamp="2019-06-14T19:07:54.243" intervalms="3.584" type="nursery" />
<cycle-start id="1352" type="scavenge" contextid="0" timestamp="2019-06-14T19:07:54.243" intervalms="3.579" />
<gc-start id="1353" type="scavenge" contextid="1352" timestamp="2019-06-14T19:07:54.244">
  <mem-info id="1354" free="2075015528" total="2092630016" percent="99">
    <mem type="nursery" free="0" total="2097152" percent="0">
      <mem type="allocate" free="0" total="1507328" percent="0" />
      <mem type="survivor" free="0" total="589824" percent="0" />
    </mem>
    <mem type="tenure" free="2075015528" total="2090532864" percent="99">
      <mem type="soa" free="1970489704" total="1986007040" percent="99" />
      <mem type="loa" free="104525824" total="104525824" percent="100" />
    </mem>
    <remembered-set count="339" />
  </mem-info>
</gc-start>
<allocation-stats totalBytes="997864" >
  <allocated-bytes non-tlh="16" tlh="997848" />
  <largest-consumer threadName="PmdThread 4" threadId="00000000025DE300" bytes="479144" />
</allocation-stats>
<gc-op id="1355" type="scavenge" timems="1.537" contextid="1352" timestamp="2019-06-14T19:07:54.245">
  <scavenger-info tenureage="2" tenuremask="7ffc" tiltratio="71" />
  <memory-copied type="nursery" objects="13118" bytes="435344" bytesdiscarded="152176" />
  <memory-copied type="tenure" objects="3624" bytes="135104" bytesdiscarded="24" />
</gc-op>
<gc-end id="1356" type="scavenge" contextid="1352" durationms="1.715" usertimems="0.000" systemtimems="0.000" timestamp="2019-06-14T19:07:54.245" activeThreads="4">
  <mem-info id="1357" free="2075778664" total="2092630016" percent="99">
    <mem type="nursery" free="919808" total="2097152" percent="43">
      <mem type="allocate" free="919808" total="1507328" percent="61" />
      <mem type="survivor" free="0" total="589824" percent="0" />
    </mem>
    <mem type="tenure" free="2074858856" total="2090532864" percent="99">
      <mem type="soa" free="1970333032" total="1986007040" percent="99" />
      <mem type="loa" free="104525824" total="104525824" percent="100" />
    </mem>
    <remembered-set count="189" />
  </mem-info>
</gc-end>
<cycle-end id="1358" type="scavenge" contextid="1352" timestamp="2019-06-14T19:07:54.245" />
  <attribute name="elasticGC enabled" value="1" />
  <attribute name= "numThreadsSpecified" value="4" />
  <attribute name="heapSize specified" value="8388608" />
  <attribute name="Current GC Util" value="70" />
  <attribute name= "Current Time Running" value="2234" />
  <attribute name ="GC Interval" value="232" />
  <attribute name="ProportionalT" value="25.000000" />
  <attribute name="ProportionalI" value="25.000000" />
  <attribute name="ProportionalH" value="25.000000" />
  <attribute name="Current Error" value="50.000000" />
  <attribute name="IntegralT" value="200.000000" />
  <attribute name="IntegralI" value="200.000000" />
  <attribute name="IntegralH" value="200.000000" />
  <attribute name="DerivativeT" value="4.250000" />
  <attribute name="DerivativeI" value="4.250000" />
  <attribute name="DerivativeH" value="4.250000" />
  <attribute name="Loop Time for DT" value="4.000000" />
  <attribute name="Output H" value="8388608"/>
  <attribute name="Output I" value="232"/>
  <attribute name="Output T" value="4"/>
  <attribute name="Target GC Util Change" value ="20.000000" />
  <attribute name="Current GC Util Change" value="70.000000"/>
  <attribute name="GC Util currently" value="70" />
  <attribute name="CPU Util currently" value="1293862240672" />
<allocation-satisfied id="1359" threadId="00000000025DE300" bytesRequested="16" />
<af-end id="1360" timestamp="2019-06-14T19:07:54.245" threadId="00000000025DEC88" success="true" from="nursery"/>
<exclusive-end id="1361" timestamp="2019-06-14T19:07:54.245" durationms="2.173" />

<exclusive-start id="1362" timestamp="2019-06-14T19:07:54.247" intervalms="3.639">
  <response-info timems="0.026" idlems="0.026" threads="0" lastid="00000000025DE300" lastname="PmdThread 4" />
</exclusive-start>
<af-start id="1363" threadId="00000000025DEC88" totalBytesRequested="16" timestamp="2019-06-14T19:07:54.247" intervalms="3.643" type="nursery" />
<cycle-start id="1364" type="scavenge" contextid="0" timestamp="2019-06-14T19:07:54.247" intervalms="3.648" />
<gc-start id="1365" type="scavenge" contextid="1364" timestamp="2019-06-14T19:07:54.247">
  <mem-info id="1366" free="2074858856" total="2092630016" percent="99">
    <mem type="nursery" free="0" total="2097152" percent="0">
      <mem type="allocate" free="0" total="1507328" percent="0" />
      <mem type="survivor" free="0" total="589824" percent="0" />
    </mem>
    <mem type="tenure" free="2074858856" total="2090532864" percent="99">
      <mem type="soa" free="1970333032" total="1986007040" percent="99" />
      <mem type="loa" free="104525824" total="104525824" percent="100" />
    </mem>
    <remembered-set count="210" />
  </mem-info>
</gc-start>
<allocation-stats totalBytes="919512" >
  <allocated-bytes non-tlh="16" tlh="919496" />
  <largest-consumer threadName="PmdThread 4" threadId="00000000025DE300" bytes="358592" />
</allocation-stats>
<gc-op id="1367" type="scavenge" timems="1.744" contextid="1364" timestamp="2019-06-14T19:07:54.249">
  <scavenger-info tenureage="2" tenuremask="7ffc" tiltratio="71" />
  <memory-copied type="nursery" objects="11846" bytes="383600" bytesdiscarded="125584" />
  <memory-copied type="tenure" objects="7451" bytes="253600" bytesdiscarded="136" />
</gc-op>
<gc-end id="1368" type="scavenge" contextid="1364" durationms="1.933" usertimems="0.000" systemtimems="0.000" timestamp="2019-06-14T19:07:54.249" activeThreads="4">
  <mem-info id="1369" free="2075687528" total="2092630016" percent="99">
    <mem type="nursery" free="1063680" total="2097152" percent="50">
      <mem type="allocate" free="1063680" total="1572864" percent="67" />
      <mem type="survivor" free="0" total="524288" percent="0" />
    </mem>
    <mem type="tenure" free="2074623848" total="2090532864" percent="99">
      <mem type="soa" free="1970098024" total="1986007040" percent="99" />
      <mem type="loa" free="104525824" total="104525824" percent="100" />
    </mem>
    <remembered-set count="196" />
  </mem-info>
</gc-end>
<cycle-end id="1370" type="scavenge" contextid="1364" timestamp="2019-06-14T19:07:54.249" />
  <attribute name="elasticGC enabled" value="1" />
  <attribute name= "numThreadsSpecified" value="4" />
  <attribute name="heapSize specified" value="8388608" />
  <attribute name="Current GC Util" value="66" />
  <attribute name= "Current Time Running" value="2237" />
  <attribute name ="GC Interval" value="200" />
  <attribute name="ProportionalT" value="23.000000" />
  <attribute name="ProportionalI" value="23.000000" />
  <attribute name="ProportionalH" value="23.000000" />
  <attribute name="Current Error" value="46.000000" />
  <attribute name="IntegralT" value="138.000000" />
  <attribute name="IntegralI" value="138.000000" />
  <attribute name="IntegralH" value="138.000000" />
  <attribute name="DerivativeT" value="-0.666667" />
  <attribute name="DerivativeI" value="-0.666667" />
  <attribute name="DerivativeH" value="-0.666667" />
  <attribute name="Loop Time for DT" value="3.000000" />
  <attribute name="Output H" value="8388608"/>
  <attribute name="Output I" value="200"/>
  <attribute name="Output T" value="4"/>
  <attribute name="Target GC Util Change" value ="20.000000" />
  <attribute name="Current GC Util Change" value="66.000000"/>
  <attribute name="GC Util currently" value="66" />
  <attribute name="CPU Util currently" value="1261684373859" />
<allocation-satisfied id="1371" threadId="00000000025DE300" bytesRequested="16" />
<af-end id="1372" timestamp="2019-06-14T19:07:54.249" threadId="00000000025DEC88" success="true" from="nursery"/>
<exclusive-end id="1373" timestamp="2019-06-14T19:07:54.249" durationms="2.388" />

<exclusive-start id="1374" timestamp="2019-06-14T19:07:54.258" intervalms="10.925">
  <response-info timems="0.046" idlems="0.026" threads="1" lastid="00000000022D0300" lastname="JIT Compilation Thread-0" />
</exclusive-start>
<af-start id="1375" threadId="00000000025DE088" totalBytesRequested="56" timestamp="2019-06-14T19:07:54.258" intervalms="10.928" type="nursery" />
<cycle-start id="1376" type="scavenge" contextid="0" timestamp="2019-06-14T19:07:54.258" intervalms="10.924" />
<gc-start id="1377" type="scavenge" contextid="1376" timestamp="2019-06-14T19:07:54.258">
  <mem-info id="1378" free="2074623848" total="2092630016" percent="99">
    <mem type="nursery" free="0" total="2097152" percent="0">
      <mem type="allocate" free="0" total="1572864" percent="0" />
      <mem type="survivor" free="0" total="524288" percent="0" />
    </mem>
    <mem type="tenure" free="2074623848" total="2090532864" percent="99">
      <mem type="soa" free="1970098024" total="1986007040" percent="99" />
      <mem type="loa" free="104525824" total="104525824" percent="100" />
    </mem>
    <remembered-set count="355" />
  </mem-info>
</gc-start>
<allocation-stats totalBytes="1057600" >
  <allocated-bytes non-tlh="16" tlh="1057584" />
  <largest-consumer threadName="PmdThread 3" threadId="00000000025DD700" bytes="747896" />
</allocation-stats>
<gc-op id="1379" type="scavenge" timems="2.214" contextid="1376" timestamp="2019-06-14T19:07:54.260">
  <scavenger-info tenureage="2" tenuremask="7ffc" tiltratio="75" />
  <memory-copied type="nursery" objects="12130" bytes="422992" bytesdiscarded="101272" />
  <memory-copied type="tenure" objects="6815" bytes="227256" bytesdiscarded="104" />
  <copy-failed type="nursery" objects="1753" bytes="61704" />
  <references type="weak" candidates="1" cleared="0" enqueued="0" />
  <references type="phantom" candidates="1" cleared="0" enqueued="0" />
</gc-op>
<gc-end id="1380" type="scavenge" contextid="1376" durationms="2.423" usertimems="4.000" systemtimems="0.000" timestamp="2019-06-14T19:07:54.261" activeThreads="4">
  <mem-info id="1381" free="2075306344" total="2092630016" percent="99">
    <mem type="nursery" free="917504" total="2097152" percent="43">
      <mem type="allocate" free="917504" total="1441792" percent="63" />
      <mem type="survivor" free="0" total="655360" percent="0" />
    </mem>
    <mem type="tenure" free="2074388840" total="2090532864" percent="99">
      <mem type="soa" free="1969863016" total="1986007040" percent="99" />
      <mem type="loa" free="104525824" total="104525824" percent="100" />
    </mem>
    <remembered-set count="336" />
  </mem-info>
</gc-end>
<cycle-end id="1382" type="scavenge" contextid="1376" timestamp="2019-06-14T19:07:54.261" />
  <attribute name="elasticGC enabled" value="1" />
  <attribute name= "numThreadsSpecified" value="4" />
  <attribute name="heapSize specified" value="8388608" />
  <attribute name="Current GC Util" value="24" />
  <attribute name= "Current Time Running" value="2248" />
  <attribute name ="GC Interval" value="200" />
  <attribute name="ProportionalT" value="2.000000" />
  <attribute name="ProportionalI" value="2.000000" />
  <attribute name="ProportionalH" value="2.000000" />
  <attribute name="Current Error" value="4.000000" />
  <attribute name="IntegralT" value="44.000000" />
  <attribute name="IntegralI" value="44.000000" />
  <attribute name="IntegralH" value="44.000000" />
  <attribute name="DerivativeT" value="-1.909091" />
  <attribute name="DerivativeI" value="-1.909091" />
  <attribute name="DerivativeH" value="-1.909091" />
  <attribute name="Loop Time for DT" value="11.000000" />
  <attribute name="Output H" value="8388608"/>
  <attribute name="Output I" value="200"/>
  <attribute name="Output T" value="4"/>
  <attribute name="Target GC Util Change" value ="20.000000" />
  <attribute name="Current GC Util Change" value="24.000000"/>
  <attribute name="GC Util currently" value="24" />
  <attribute name="CPU Util currently" value="422507167508" />
<allocation-satisfied id="1383" threadId="00000000025DD700" bytesRequested="56" />
<af-end id="1384" timestamp="2019-06-14T19:07:54.261" threadId="00000000025DE088" success="true" from="nursery"/>
<exclusive-end id="1385" timestamp="2019-06-14T19:07:54.261" durationms="2.911" />

<exclusive-start id="1386" timestamp="2019-06-14T19:07:54.263" intervalms="4.847">
  <response-info timems="0.032" idlems="0.032" threads="0" lastid="00000000025E0800" lastname="PmdThread 2" />
</exclusive-start>
<af-start id="1387" threadId="00000000025E1188" totalBytesRequested="64" timestamp="2019-06-14T19:07:54.263" intervalms="4.844" type="nursery" />
<cycle-start id="1388" type="scavenge" contextid="0" timestamp="2019-06-14T19:07:54.263" intervalms="4.842" />
<gc-start id="1389" type="scavenge" contextid="1388" timestamp="2019-06-14T19:07:54.263">
  <mem-info id="1390" free="2074388840" total="2092630016" percent="99">
    <mem type="nursery" free="0" total="2097152" percent="0">
      <mem type="allocate" free="0" total="1441792" percent="0" />
      <mem type="survivor" free="0" total="655360" percent="0" />
    </mem>
    <mem type="tenure" free="2074388840" total="2090532864" percent="99">
      <mem type="soa" free="1969863016" total="1986007040" percent="99" />
      <mem type="loa" free="104525824" total="104525824" percent="100" />
    </mem>
    <remembered-set count="349" />
  </mem-info>
</gc-start>
<allocation-stats totalBytes="916976" >
  <allocated-bytes non-tlh="16448" tlh="900528" />
  <largest-consumer threadName="PmdThread 4" threadId="00000000025DE300" bytes="393080" />
</allocation-stats>
<gc-op id="1391" type="scavenge" timems="1.511" contextid="1388" timestamp="2019-06-14T19:07:54.265">
  <scavenger-info tenureage="2" tenuremask="7ffc" tiltratio="68" />
  <memory-copied type="nursery" objects="14894" bytes="586424" bytesdiscarded="68912" />
  <memory-copied type="tenure" objects="8086" bytes="270264" bytesdiscarded="152" />
  <copy-failed type="nursery" objects="3043" bytes="114328" />
  <references type="weak" candidates="1" cleared="0" enqueued="0" />
  <references type="phantom" candidates="2" cleared="0" enqueued="0" />
</gc-op>
<gc-end id="1392" type="scavenge" contextid="1388" durationms="1.713" usertimems="0.000" systemtimems="0.000" timestamp="2019-06-14T19:07:54.265" activeThreads="4">
  <mem-info id="1393" free="2074507880" total="2092630016" percent="99">
    <mem type="nursery" free="393216" total="2097152" percent="18">
      <mem type="allocate" free="393216" total="1048576" percent="37" />
      <mem type="survivor" free="0" total="1048576" percent="0" />
    </mem>
    <mem type="tenure" free="2074114664" total="2090532864" percent="99">
      <mem type="soa" free="1969588840" total="1986007040" percent="99" />
      <mem type="loa" free="104525824" total="104525824" percent="100" />
    </mem>
    <remembered-set count="295" />
  </mem-info>
</gc-end>
<cycle-end id="1394" type="scavenge" contextid="1388" timestamp="2019-06-14T19:07:54.265" />
  <attribute name="elasticGC enabled" value="1" />
  <attribute name= "numThreadsSpecified" value="4" />
  <attribute name="heapSize specified" value="8388608" />
  <attribute name="Current GC Util" value="72" />
  <attribute name= "Current Time Running" value="2253" />
  <attribute name ="GC Interval" value="296" />
  <attribute name="ProportionalT" value="26.000000" />
  <attribute name="ProportionalI" value="26.000000" />
  <attribute name="ProportionalH" value="26.000000" />
  <attribute name="Current Error" value="52.000000" />
  <attribute name="IntegralT" value="260.000000" />
  <attribute name="IntegralI" value="260.000000" />
  <attribute name="IntegralH" value="260.000000" />
  <attribute name="DerivativeT" value="4.800000" />
  <attribute name="DerivativeI" value="4.800000" />
  <attribute name="DerivativeH" value="4.800000" />
  <attribute name="Loop Time for DT" value="5.000000" />
  <attribute name="Output H" value="8388608"/>
  <attribute name="Output I" value="296"/>
  <attribute name="Output T" value="4"/>
  <attribute name="Target GC Util Change" value ="20.000000" />
  <attribute name="Current GC Util Change" value="72.000000"/>
  <attribute name="GC Util currently" value="72" />
  <attribute name="CPU Util currently" value="949993019405" />
<allocation-satisfied id="1395" threadId="00000000025E0800" bytesRequested="64" />
<af-end id="1396" timestamp="2019-06-14T19:07:54.265" threadId="00000000025E1188" success="true" from="nursery"/>
<exclusive-end id="1397" timestamp="2019-06-14T19:07:54.265" durationms="2.168" />

<exclusive-start id="1398" timestamp="2019-06-14T19:07:54.271" intervalms="8.749">
  <response-info timems="5.382" idlems="5.382" threads="0" lastid="00000000025DE300" lastname="PmdThread 4" />
</exclusive-start>
<af-start id="1399" threadId="00000000025DEC88" totalBytesRequested="56" timestamp="2019-06-14T19:07:54.272" intervalms="8.742" type="nursery" />
<cycle-start id="1400" type="scavenge" contextid="0" timestamp="2019-06-14T19:07:54.272" intervalms="8.722" />
<gc-start id="1401" type="scavenge" contextid="1400" timestamp="2019-06-14T19:07:54.272">
  <mem-info id="1402" free="2074114664" total="2092630016" percent="99">
    <mem type="nursery" free="0" total="2097152" percent="0">
      <mem type="allocate" free="0" total="1048576" percent="0" />
      <mem type="survivor" free="0" total="1048576" percent="0" />
    </mem>
    <mem type="tenure" free="2074114664" total="2090532864" percent="99">
      <mem type="soa" free="1969588840" total="1986007040" percent="99" />
      <mem type="loa" free="104525824" total="104525824" percent="100" />
    </mem>
    <remembered-set count="307" />
  </mem-info>
</gc-start>
<allocation-stats totalBytes="393032" >
  <allocated-bytes non-tlh="64" tlh="392968" />
  <largest-consumer threadName="PmdThread 3" threadId="00000000025DD700" bytes="221016" />
</allocation-stats>
<gc-op id="1403" type="scavenge" timems="1.893" contextid="1400" timestamp="2019-06-14T19:07:54.274">
  <scavenger-info tenureage="1" tenuremask="7ffe" tiltratio="50" />
  <memory-copied type="nursery" objects="2980" bytes="114784" bytesdiscarded="81056" />
  <memory-copied type="tenure" objects="14575" bytes="577040" bytesdiscarded="328" />
</gc-op>
<gc-end id="1404" type="scavenge" contextid="1400" durationms="2.190" usertimems="4.000" systemtimems="0.000" timestamp="2019-06-14T19:07:54.274" activeThreads="4">
  <mem-info id="1405" free="2074447720" total="2092630016" percent="99">
    <mem type="nursery" free="918272" total="2097152" percent="43">
      <mem type="allocate" free="918272" total="1114112" percent="82" />
      <mem type="survivor" free="0" total="983040" percent="0" />
    </mem>
    <mem type="tenure" free="2073529448" total="2090532864" percent="99">
      <mem type="soa" free="1969003624" total="1986007040" percent="99" />
      <mem type="loa" free="104525824" total="104525824" percent="100" />
    </mem>
    <remembered-set count="166" />
  </mem-info>
</gc-end>
<cycle-end id="1406" type="scavenge" contextid="1400" timestamp="2019-06-14T19:07:54.274" />
  <attribute name="elasticGC enabled" value="1" />
  <attribute name= "numThreadsSpecified" value="4" />
  <attribute name="heapSize specified" value="8388608" />
  <attribute name="Current GC Util" value="23" />
  <attribute name= "Current Time Running" value="2262" />
  <attribute name ="GC Interval" value="200" />
  <attribute name="ProportionalT" value="1.500000" />
  <attribute name="ProportionalI" value="1.500000" />
  <attribute name="ProportionalH" value="1.500000" />
  <attribute name="Current Error" value="3.000000" />
  <attribute name="IntegralT" value="27.000000" />
  <attribute name="IntegralI" value="27.000000" />
  <attribute name="IntegralH" value="27.000000" />
  <attribute name="DerivativeT" value="-2.722222" />
  <attribute name="DerivativeI" value="-2.722222" />
  <attribute name="DerivativeH" value="-2.722222" />
  <attribute name="Loop Time for DT" value="9.000000" />
  <attribute name="Output H" value="8388608"/>
  <attribute name="Output I" value="200"/>
  <attribute name="Output T" value="4"/>
  <attribute name="Target GC Util Change" value ="20.000000" />
  <attribute name="Current GC Util Change" value="23.000000"/>
  <attribute name="GC Util currently" value="23" />
  <attribute name="CPU Util currently" value="522573317717" />
<allocation-satisfied id="1407" threadId="00000000025DE300" bytesRequested="56" />
<af-end id="1408" timestamp="2019-06-14T19:07:54.274" threadId="00000000025DEC88" success="true" from="nursery"/>
<exclusive-end id="1409" timestamp="2019-06-14T19:07:54.274" durationms="2.716" />

<exclusive-start id="1410" timestamp="2019-06-14T19:07:54.278" intervalms="6.766">
  <response-info timems="0.069" idlems="0.069" threads="0" lastid="00000000025DCC00" lastname="PmdThread 1" />
</exclusive-start>
<af-start id="1411" threadId="00000000025DD588" totalBytesRequested="40" timestamp="2019-06-14T19:07:54.278" intervalms="6.772" type="nursery" />
<cycle-start id="1412" type="scavenge" contextid="0" timestamp="2019-06-14T19:07:54.278" intervalms="6.791" />
<gc-start id="1413" type="scavenge" contextid="1412" timestamp="2019-06-14T19:07:54.278">
  <mem-info id="1414" free="2073529448" total="2092630016" percent="99">
    <mem type="nursery" free="0" total="2097152" percent="0">
      <mem type="allocate" free="0" total="1114112" percent="0" />
      <mem type="survivor" free="0" total="983040" percent="0" />
    </mem>
    <mem type="tenure" free="2073529448" total="2090532864" percent="99">
      <mem type="soa" free="1969003624" total="1986007040" percent="99" />
      <mem type="loa" free="104525824" total="104525824" percent="100" />
    </mem>
    <remembered-set count="326" />
  </mem-info>
</gc-start>
<allocation-stats totalBytes="916224" >
  <allocated-bytes non-tlh="13840" tlh="902384" />
  <largest-consumer threadName="PmdThread 3" threadId="00000000025DD700" bytes="540512" />
</allocation-stats>
<gc-op id="1415" type="scavenge" timems="1.003" contextid="1412" timestamp="2019-06-14T19:07:54.280">
  <scavenger-info tenureage="1" tenuremask="7ffe" tiltratio="53" />
  <memory-copied type="nursery" objects="6479" bytes="229504" bytesdiscarded="122992" />
  <memory-copied type="tenure" objects="2771" bytes="108936" bytesdiscarded="72" />
  <references type="weak" candidates="5" cleared="5" enqueued="5" />
  <references type="phantom" candidates="1" cleared="1" enqueued="1" />
</gc-op>
<gc-end id="1416" type="scavenge" contextid="1412" durationms="1.313" usertimems="0.000" systemtimems="0.000" timestamp="2019-06-14T19:07:54.280" activeThreads="4">
  <mem-info id="1417" free="2074304616" total="2092630016" percent="99">
    <mem type="nursery" free="892672" total="2097152" percent="42">
      <mem type="allocate" free="892672" total="1245184" percent="71" />
      <mem type="survivor" free="0" total="851968" percent="0" />
    </mem>
    <mem type="tenure" free="2073411944" total="2090532864" percent="99">
      <mem type="soa" free="1968886120" total="1986007040" percent="99" />
      <mem type="loa" free="104525824" total="104525824" percent="100" />
    </mem>
    <pending-finalizers system="0" default="0" reference="6" classloader="0" />
    <remembered-set count="336" />
  </mem-info>
</gc-end>
<cycle-end id="1418" type="scavenge" contextid="1412" timestamp="2019-06-14T19:07:54.280" />
  <attribute name="elasticGC enabled" value="1" />
  <attribute name= "numThreadsSpecified" value="4" />
  <attribute name="heapSize specified" value="8388608" />
  <attribute name="Current GC Util" value="47" />
  <attribute name= "Current Time Running" value="2269" />
  <attribute name ="GC Interval" value="208" />
  <attribute name="ProportionalT" value="13.500000" />
  <attribute name="ProportionalI" value="13.500000" />
  <attribute name="ProportionalH" value="13.500000" />
  <attribute name="Current Error" value="27.000000" />
  <attribute name="IntegralT" value="189.000000" />
  <attribute name="IntegralI" value="189.000000" />
  <attribute name="IntegralH" value="189.000000" />
  <attribute name="DerivativeT" value="1.714286" />
  <attribute name="DerivativeI" value="1.714286" />
  <attribute name="DerivativeH" value="1.714286" />
  <attribute name="Loop Time for DT" value="7.000000" />
  <attribute name="Output H" value="8388608"/>
  <attribute name="Output I" value="208"/>
  <attribute name="Output T" value="4"/>
  <attribute name="Target GC Util Change" value ="20.000000" />
  <attribute name="Current GC Util Change" value="47.000000"/>
  <attribute name="GC Util currently" value="47" />
  <attribute name="CPU Util currently" value="677997485596" />
<allocation-satisfied id="1419" threadId="00000000025DCC00" bytesRequested="40" />
<af-end id="1420" timestamp="2019-06-14T19:07:54.280" threadId="00000000025DD588" success="true" from="nursery"/>
<exclusive-end id="1421" timestamp="2019-06-14T19:07:54.280" durationms="1.833" />

<exclusive-start id="1422" timestamp="2019-06-14T19:07:54.281" intervalms="3.189">
  <response-info timems="0.037" idlems="0.037" threads="0" lastid="00000000025DCC00" lastname="PmdThread 1" />
</exclusive-start>
<af-start id="1423" threadId="00000000025DD588" totalBytesRequested="24" timestamp="2019-06-14T19:07:54.282" intervalms="3.174" type="nursery" />
<cycle-start id="1424" type="scavenge" contextid="0" timestamp="2019-06-14T19:07:54.282" intervalms="3.171" />
<gc-start id="1425" type="scavenge" contextid="1424" timestamp="2019-06-14T19:07:54.282">
  <mem-info id="1426" free="2073411944" total="2092630016" percent="99">
    <mem type="nursery" free="0" total="2097152" percent="0">
      <mem type="allocate" free="0" total="1245184" percent="0" />
      <mem type="survivor" free="0" total="851968" percent="0" />
    </mem>
    <mem type="tenure" free="2073411944" total="2090532864" percent="99">
      <mem type="soa" free="1968886120" total="1986007040" percent="99" />
      <mem type="loa" free="104525824" total="104525824" percent="100" />
    </mem>
    <remembered-set count="341" />
  </mem-info>
</gc-start>
<allocation-stats totalBytes="892328" >
  <allocated-bytes non-tlh="40" tlh="892288" />
  <largest-consumer threadName="PmdThread 4" threadId="00000000025DE300" bytes="344008" />
</allocation-stats>
<gc-op id="1427" type="scavenge" timems="0.990" contextid="1424" timestamp="2019-06-14T19:07:54.283">
  <scavenger-info tenureage="1" tenuremask="7ffe" tiltratio="59" />
  <memory-copied type="nursery" objects="6703" bytes="196144" bytesdiscarded="78032" />
  <memory-copied type="tenure" objects="6445" bytes="220616" bytesdiscarded="56" />
</gc-op>
<gc-end id="1428" type="scavenge" contextid="1424" durationms="1.191" usertimems="4.000" systemtimems="0.000" timestamp="2019-06-14T19:07:54.283" activeThreads="4">
  <mem-info id="1429" free="2074318184" total="2092630016" percent="99">
    <mem type="nursery" free="1102080" total="2097152" percent="52">
      <mem type="allocate" free="1102080" total="1376256" percent="80" />
      <mem type="survivor" free="0" total="720896" percent="0" />
    </mem>
    <mem type="tenure" free="2073216104" total="2090532864" percent="99">
      <mem type="soa" free="1968690280" total="1986007040" percent="99" />
      <mem type="loa" free="104525824" total="104525824" percent="100" />
    </mem>
    <remembered-set count="164" />
  </mem-info>
</gc-end>
<cycle-end id="1430" type="scavenge" contextid="1424" timestamp="2019-06-14T19:07:54.283" />
  <attribute name="elasticGC enabled" value="1" />
  <attribute name= "numThreadsSpecified" value="4" />
  <attribute name="heapSize specified" value="8388608" />
  <attribute name="Current GC Util" value="46" />
  <attribute name= "Current Time Running" value="2272" />
  <attribute name ="GC Interval" value="200" />
  <attribute name="ProportionalT" value="13.000000" />
  <attribute name="ProportionalI" value="13.000000" />
  <attribute name="ProportionalH" value="13.000000" />
  <attribute name="Current Error" value="26.000000" />
  <attribute name="IntegralT" value="78.000000" />
  <attribute name="IntegralI" value="78.000000" />
  <attribute name="IntegralH" value="78.000000" />
  <attribute name="DerivativeT" value="-0.166667" />
  <attribute name="DerivativeI" value="-0.166667" />
  <attribute name="DerivativeH" value="-0.166667" />
  <attribute name="Loop Time for DT" value="3.000000" />
  <attribute name="Output H" value="8388608"/>
  <attribute name="Output I" value="200"/>
  <attribute name="Output T" value="4"/>
  <attribute name="Target GC Util Change" value ="20.000000" />
  <attribute name="Current GC Util Change" value="46.000000"/>
  <attribute name="GC Util currently" value="46" />
  <attribute name="CPU Util currently" value="1510526094112" />
<allocation-satisfied id="1431" threadId="00000000025DCC00" bytesRequested="24" />
<af-end id="1432" timestamp="2019-06-14T19:07:54.283" threadId="00000000025DD588" success="true" from="nursery"/>
<exclusive-end id="1433" timestamp="2019-06-14T19:07:54.283" durationms="1.618" />

<exclusive-start id="1434" timestamp="2019-06-14T19:07:54.285" intervalms="3.934">
  <response-info timems="0.050" idlems="0.027" threads="1" lastid="00000000025E0800" lastname="PmdThread 2" />
</exclusive-start>
<af-start id="1435" threadId="00000000025DE088" totalBytesRequested="40" timestamp="2019-06-14T19:07:54.285" intervalms="3.985" type="nursery" />
<cycle-start id="1436" type="scavenge" contextid="0" timestamp="2019-06-14T19:07:54.286" intervalms="3.971" />
<gc-start id="1437" type="scavenge" contextid="1436" timestamp="2019-06-14T19:07:54.286">
  <mem-info id="1438" free="2073216104" total="2092630016" percent="99">
    <mem type="nursery" free="0" total="2097152" percent="0">
      <mem type="allocate" free="0" total="1376256" percent="0" />
      <mem type="survivor" free="0" total="720896" percent="0" />
    </mem>
    <mem type="tenure" free="2073216104" total="2090532864" percent="99">
      <mem type="soa" free="1968690280" total="1986007040" percent="99" />
      <mem type="loa" free="104525824" total="104525824" percent="100" />
    </mem>
    <remembered-set count="210" />
  </mem-info>
</gc-start>
<allocation-stats totalBytes="1101600" >
  <allocated-bytes non-tlh="24" tlh="1101576" />
  <largest-consumer threadName="PmdThread 3" threadId="00000000025DD700" bytes="548664" />
</allocation-stats>
<gc-op id="1439" type="scavenge" timems="1.808" contextid="1436" timestamp="2019-06-14T19:07:54.288">
  <scavenger-info tenureage="1" tenuremask="7ffe" tiltratio="65" />
  <memory-copied type="nursery" objects="17198" bytes="573304" bytesdiscarded="108680" />
  <memory-copied type="tenure" objects="6680" bytes="195032" bytesdiscarded="88" />
  <references type="phantom" candidates="1" cleared="0" enqueued="0" />
</gc-op>
<gc-end id="1440" type="scavenge" contextid="1436" durationms="2.020" usertimems="0.000" systemtimems="4.000" timestamp="2019-06-14T19:07:54.288" activeThreads="4">
  <mem-info id="1441" free="2073452376" total="2092630016" percent="99">
    <mem type="nursery" free="432112" total="2097152" percent="20">
      <mem type="allocate" free="432112" total="1114112" percent="38" />
      <mem type="survivor" free="0" total="983040" percent="0" />
    </mem>
    <mem type="tenure" free="2073020264" total="2090532864" percent="99">
      <mem type="soa" free="1968494440" total="1986007040" percent="99" />
      <mem type="loa" free="104525824" total="104525824" percent="100" />
    </mem>
    <remembered-set count="216" />
  </mem-info>
</gc-end>
<cycle-end id="1442" type="scavenge" contextid="1436" timestamp="2019-06-14T19:07:54.288" />
  <attribute name="elasticGC enabled" value="1" />
  <attribute name= "numThreadsSpecified" value="4" />
  <attribute name="heapSize specified" value="8388608" />
  <attribute name="Current GC Util" value="37" />
  <attribute name= "Current Time Running" value="2276" />
  <attribute name ="GC Interval" value="200" />
  <attribute name="ProportionalT" value="8.500000" />
  <attribute name="ProportionalI" value="8.500000" />
  <attribute name="ProportionalH" value="8.500000" />
  <attribute name="Current Error" value="17.000000" />
  <attribute name="IntegralT" value="68.000000" />
  <attribute name="IntegralI" value="68.000000" />
  <attribute name="IntegralH" value="68.000000" />
  <attribute name="DerivativeT" value="-1.125000" />
  <attribute name="DerivativeI" value="-1.125000" />
  <attribute name="DerivativeH" value="-1.125000" />
  <attribute name="Loop Time for DT" value="4.000000" />
  <attribute name="Output H" value="8388608"/>
  <attribute name="Output I" value="200"/>
  <attribute name="Output T" value="4"/>
  <attribute name="Target GC Util Change" value ="20.000000" />
  <attribute name="Current GC Util Change" value="37.000000"/>
  <attribute name="GC Util currently" value="37" />
  <attribute name="CPU Util currently" value="1158933470603" />
<allocation-satisfied id="1443" threadId="00000000025DD700" bytesRequested="40" />
<af-end id="1444" timestamp="2019-06-14T19:07:54.288" threadId="00000000025DE088" success="true" from="nursery"/>
<exclusive-end id="1445" timestamp="2019-06-14T19:07:54.288" durationms="2.566" />

<exclusive-start id="1446" timestamp="2019-06-14T19:07:54.295" intervalms="9.842">
  <response-info timems="6.016" idlems="6.016" threads="0" lastid="00000000025DCC00" lastname="PmdThread 1" />
</exclusive-start>
<af-start id="1447" threadId="00000000025DD588" totalBytesRequested="56" timestamp="2019-06-14T19:07:54.295" intervalms="9.858" type="nursery" />
<cycle-start id="1448" type="scavenge" contextid="0" timestamp="2019-06-14T19:07:54.295" intervalms="9.936" />
<gc-start id="1449" type="scavenge" contextid="1448" timestamp="2019-06-14T19:07:54.296">
  <mem-info id="1450" free="2073020264" total="2092630016" percent="99">
    <mem type="nursery" free="0" total="2097152" percent="0">
      <mem type="allocate" free="0" total="1114112" percent="0" />
      <mem type="survivor" free="0" total="983040" percent="0" />
    </mem>
    <mem type="tenure" free="2073020264" total="2090532864" percent="99">
      <mem type="soa" free="1968494440" total="1986007040" percent="99" />
      <mem type="loa" free="104525824" total="104525824" percent="100" />
    </mem>
    <remembered-set count="216" />
  </mem-info>
</gc-start>
<allocation-stats totalBytes="431840" >
  <allocated-bytes non-tlh="16432" tlh="415408" />
  <largest-consumer threadName="PmdThread 1" threadId="00000000025DCC00" bytes="276248" />
</allocation-stats>
<gc-op id="1451" type="scavenge" timems="1.179" contextid="1448" timestamp="2019-06-14T19:07:54.297">
  <scavenger-info tenureage="1" tenuremask="7ffe" tiltratio="53" />
  <memory-copied type="nursery" objects="4765" bytes="235408" bytesdiscarded="149648" />
  <memory-copied type="tenure" objects="17091" bytes="561888" bytesdiscarded="152" />
  <references type="phantom" candidates="1" cleared="0" enqueued="0" />
</gc-op>
<gc-end id="1452" type="scavenge" contextid="1448" durationms="1.532" usertimems="0.000" systemtimems="0.000" timestamp="2019-06-14T19:07:54.297" activeThreads="4">
  <mem-info id="1453" free="2073312048" total="2092630016" percent="99">
    <mem type="nursery" free="794592" total="2097152" percent="37">
      <mem type="allocate" free="794592" total="1179648" percent="67" />
      <mem type="survivor" free="0" total="917504" percent="0" />
    </mem>
    <mem type="tenure" free="2072517456" total="2090532864" percent="99">
      <mem type="soa" free="1967991632" total="1986007040" percent="99" />
      <mem type="loa" free="104525824" total="104525824" percent="100" />
    </mem>
    <remembered-set count="318" />
  </mem-info>
</gc-end>
<cycle-end id="1454" type="scavenge" contextid="1448" timestamp="2019-06-14T19:07:54.297" />
  <attribute name="elasticGC enabled" value="1" />
  <attribute name= "numThreadsSpecified" value="4" />
  <attribute name="heapSize specified" value="8388608" />
  <attribute name="Current GC Util" value="31" />
  <attribute name= "Current Time Running" value="2286" />
  <attribute name ="GC Interval" value="200" />
  <attribute name="ProportionalT" value="5.500000" />
  <attribute name="ProportionalI" value="5.500000" />
  <attribute name="ProportionalH" value="5.500000" />
  <attribute name="Current Error" value="11.000000" />
  <attribute name="IntegralT" value="110.000000" />
  <attribute name="IntegralI" value="110.000000" />
  <attribute name="IntegralH" value="110.000000" />
  <attribute name="DerivativeT" value="-0.300000" />
  <attribute name="DerivativeI" value="-0.300000" />
  <attribute name="DerivativeH" value="-0.300000" />
  <attribute name="Loop Time for DT" value="10.000000" />
  <attribute name="Output H" value="8388608"/>
  <attribute name="Output I" value="200"/>
  <attribute name="Output T" value="4"/>
  <attribute name="Target GC Util Change" value ="20.000000" />
  <attribute name="Current GC Util Change" value="31.000000"/>
  <attribute name="GC Util currently" value="31" />
  <attribute name="CPU Util currently" value="454703445808" />
<allocation-satisfied id="1455" threadId="00000000025DCC00" bytesRequested="56" />
<af-end id="1456" timestamp="2019-06-14T19:07:54.297" threadId="00000000025DD588" success="true" from="nursery"/>
<exclusive-end id="1457" timestamp="2019-06-14T19:07:54.297" durationms="2.182" />

<exclusive-start id="1458" timestamp="2019-06-14T19:07:54.300" intervalms="4.309">
  <response-info timems="0.065" idlems="0.034" threads="1" lastid="00000000025E0800" lastname="PmdThread 2" />
</exclusive-start>
<af-start id="1459" threadId="00000000025DE088" totalBytesRequested="16" timestamp="2019-06-14T19:07:54.300" intervalms="4.297" type="nursery" />
<cycle-start id="1460" type="scavenge" contextid="0" timestamp="2019-06-14T19:07:54.300" intervalms="4.282" />
<gc-start id="1461" type="scavenge" contextid="1460" timestamp="2019-06-14T19:07:54.300">
  <mem-info id="1462" free="2072517456" total="2092630016" percent="99">
    <mem type="nursery" free="0" total="2097152" percent="0">
      <mem type="allocate" free="0" total="1179648" percent="0" />
      <mem type="survivor" free="0" total="917504" percent="0" />
    </mem>
    <mem type="tenure" free="2072517456" total="2090532864" percent="99">
      <mem type="soa" free="1967991632" total="1986007040" percent="99" />
      <mem type="loa" free="104525824" total="104525824" percent="100" />
    </mem>
    <remembered-set count="416" />
  </mem-info>
</gc-start>
<allocation-stats totalBytes="794304" >
  <allocated-bytes non-tlh="56" tlh="794248" />
  <largest-consumer threadName="PmdThread 1" threadId="00000000025DCC00" bytes="376784" />
</allocation-stats>
<gc-op id="1463" type="scavenge" timems="1.445" contextid="1460" timestamp="2019-06-14T19:07:54.302">
  <scavenger-info tenureage="1" tenuremask="7ffe" tiltratio="56" />
  <memory-copied type="nursery" objects="13102" bytes="411872" bytesdiscarded="136480" />
  <memory-copied type="tenure" objects="4559" bytes="228792" bytesdiscarded="88" />
</gc-op>
<gc-end id="1464" type="scavenge" contextid="1460" durationms="1.738" usertimems="4.000" systemtimems="0.000" timestamp="2019-06-14T19:07:54.302" activeThreads="4">
  <mem-info id="1465" free="2072993848" total="2092630016" percent="99">
    <mem type="nursery" free="696832" total="2097152" percent="33">
      <mem type="allocate" free="696832" total="1245184" percent="55" />
      <mem type="survivor" free="0" total="851968" percent="0" />
    </mem>
    <mem type="tenure" free="2072297016" total="2090532864" percent="99">
      <mem type="soa" free="1967771192" total="1986007040" percent="99" />
      <mem type="loa" free="104525824" total="104525824" percent="100" />
    </mem>
    <remembered-set count="476" />
  </mem-info>
</gc-end>
<cycle-end id="1466" type="scavenge" contextid="1460" timestamp="2019-06-14T19:07:54.302" />
  <attribute name="elasticGC enabled" value="1" />
  <attribute name= "numThreadsSpecified" value="4" />
  <attribute name="heapSize specified" value="8388608" />
  <attribute name="Current GC Util" value="52" />
  <attribute name= "Current Time Running" value="2290" />
  <attribute name ="GC Interval" value="200" />
  <attribute name="ProportionalT" value="16.000000" />
  <attribute name="ProportionalI" value="16.000000" />
  <attribute name="ProportionalH" value="16.000000" />
  <attribute name="Current Error" value="32.000000" />
  <attribute name="IntegralT" value="128.000000" />
  <attribute name="IntegralI" value="128.000000" />
  <attribute name="IntegralH" value="128.000000" />
  <attribute name="DerivativeT" value="2.625000" />
  <attribute name="DerivativeI" value="2.625000" />
  <attribute name="DerivativeH" value="2.625000" />
  <attribute name="Loop Time for DT" value="4.000000" />
  <attribute name="Output H" value="8388608"/>
  <attribute name="Output I" value="200"/>
  <attribute name="Output T" value="4"/>
  <attribute name="Target GC Util Change" value ="20.000000" />
  <attribute name="Current GC Util Change" value="52.000000"/>
  <attribute name="GC Util currently" value="52" />
  <attribute name="CPU Util currently" value="1094303754632" />
<allocation-satisfied id="1467" threadId="00000000025DD700" bytesRequested="16" />
<af-end id="1468" timestamp="2019-06-14T19:07:54.302" threadId="00000000025DE088" success="true" from="nursery"/>
<exclusive-end id="1469" timestamp="2019-06-14T19:07:54.302" durationms="2.321" />

<exclusive-start id="1470" timestamp="2019-06-14T19:07:54.303" intervalms="3.781">
  <response-info timems="0.037" idlems="0.037" threads="0" lastid="00000000025DCC00" lastname="PmdThread 1" />
</exclusive-start>
<af-start id="1471" threadId="00000000025DD588" totalBytesRequested="56" timestamp="2019-06-14T19:07:54.303" intervalms="3.739" type="nursery" />
<cycle-start id="1472" type="scavenge" contextid="0" timestamp="2019-06-14T19:07:54.303" intervalms="3.700" />
<gc-start id="1473" type="scavenge" contextid="1472" timestamp="2019-06-14T19:07:54.304">
  <mem-info id="1474" free="2072297016" total="2092630016" percent="99">
    <mem type="nursery" free="0" total="2097152" percent="0">
      <mem type="allocate" free="0" total="1245184" percent="0" />
      <mem type="survivor" free="0" total="851968" percent="0" />
    </mem>
    <mem type="tenure" free="2072297016" total="2090532864" percent="99">
      <mem type="soa" free="1967771192" total="1986007040" percent="99" />
      <mem type="loa" free="104525824" total="104525824" percent="100" />
    </mem>
    <remembered-set count="505" />
  </mem-info>
</gc-start>
<allocation-stats totalBytes="696408" >
  <allocated-bytes non-tlh="16" tlh="696392" />
  <largest-consumer threadName="PmdThread 4" threadId="00000000025DE300" bytes="225080" />
</allocation-stats>
<gc-op id="1475" type="scavenge" timems="1.297" contextid="1472" timestamp="2019-06-14T19:07:54.305">
  <scavenger-info tenureage="1" tenuremask="7ffe" tiltratio="59" />
  <memory-copied type="nursery" objects="9083" bytes="305048" bytesdiscarded="125784" />
  <memory-copied type="tenure" objects="12993" bytes="408992" bytesdiscarded="256" />
  <references type="weak" candidates="1" cleared="1" enqueued="1" />
  <references type="phantom" candidates="1" cleared="1" enqueued="1" />
</gc-op>
<gc-end id="1476" type="scavenge" contextid="1472" durationms="1.514" usertimems="0.000" systemtimems="4.000" timestamp="2019-06-14T19:07:54.305" activeThreads="4">
  <mem-info id="1477" free="2072746040" total="2092630016" percent="99">
    <mem type="nursery" free="879872" total="2097152" percent="41">
      <mem type="allocate" free="879872" total="1310720" percent="67" />
      <mem type="survivor" free="0" total="786432" percent="0" />
    </mem>
    <mem type="tenure" free="2071866168" total="2090532864" percent="99">
      <mem type="soa" free="1967340344" total="1986007040" percent="99" />
      <mem type="loa" free="104525824" total="104525824" percent="100" />
    </mem>
    <pending-finalizers system="0" default="0" reference="2" classloader="0" />
    <remembered-set count="234" />
  </mem-info>
</gc-end>
<cycle-end id="1478" type="scavenge" contextid="1472" timestamp="2019-06-14T19:07:54.305" />
  <attribute name="elasticGC enabled" value="1" />
  <attribute name= "numThreadsSpecified" value="4" />
  <attribute name="heapSize specified" value="8388608" />
  <attribute name="Current GC Util" value="86" />
  <attribute name= "Current Time Running" value="2294" />
  <attribute name ="GC Interval" value="304" />
  <attribute name="ProportionalT" value="33.000000" />
  <attribute name="ProportionalI" value="33.000000" />
  <attribute name="ProportionalH" value="33.000000" />
  <attribute name="Current Error" value="66.000000" />
  <attribute name="IntegralT" value="264.000000" />
  <attribute name="IntegralI" value="264.000000" />
  <attribute name="IntegralH" value="264.000000" />
  <attribute name="DerivativeT" value="4.250000" />
  <attribute name="DerivativeI" value="4.250000" />
  <attribute name="DerivativeH" value="4.250000" />
  <attribute name="Loop Time for DT" value="4.000000" />
  <attribute name="Output H" value="8388608"/>
  <attribute name="Output I" value="304"/>
  <attribute name="Output T" value="4"/>
  <attribute name="Target GC Util Change" value ="20.000000" />
  <attribute name="Current GC Util Change" value="86.000000"/>
  <attribute name="GC Util currently" value="86" />
  <attribute name="CPU Util currently" value="1289964420750" />
<allocation-satisfied id="1479" threadId="00000000025DCC00" bytesRequested="56" />
<af-end id="1480" timestamp="2019-06-14T19:07:54.305" threadId="00000000025DD588" success="true" from="nursery"/>
<exclusive-end id="1481" timestamp="2019-06-14T19:07:54.305" durationms="1.976" />

<exclusive-start id="1482" timestamp="2019-06-14T19:07:54.307" intervalms="3.473">
  <response-info timems="0.036" idlems="0.036" threads="0" lastid="00000000025DCC00" lastname="PmdThread 1" />
</exclusive-start>
<af-start id="1483" threadId="00000000025DD588" totalBytesRequested="56" timestamp="2019-06-14T19:07:54.307" intervalms="3.474" type="nursery" />
<cycle-start id="1484" type="scavenge" contextid="0" timestamp="2019-06-14T19:07:54.307" intervalms="3.468" />
<gc-start id="1485" type="scavenge" contextid="1484" timestamp="2019-06-14T19:07:54.307">
  <mem-info id="1486" free="2071866168" total="2092630016" percent="99">
    <mem type="nursery" free="0" total="2097152" percent="0">
      <mem type="allocate" free="0" total="1310720" percent="0" />
      <mem type="survivor" free="0" total="786432" percent="0" />
    </mem>
    <mem type="tenure" free="2071866168" total="2090532864" percent="99">
      <mem type="soa" free="1967340344" total="1986007040" percent="99" />
      <mem type="loa" free="104525824" total="104525824" percent="100" />
    </mem>
    <remembered-set count="271" />
  </mem-info>
</gc-start>
<allocation-stats totalBytes="878744" >
  <allocated-bytes non-tlh="56" tlh="878688" />
  <largest-consumer threadName="PmdThread 2" threadId="00000000025E0800" bytes="347072" />
</allocation-stats>
<gc-op id="1487" type="scavenge" timems="1.197" contextid="1484" timestamp="2019-06-14T19:07:54.308">
  <scavenger-info tenureage="1" tenuremask="7ffe" tiltratio="62" />
  <memory-copied type="nursery" objects="8692" bytes="266896" bytesdiscarded="124784" />
  <memory-copied type="tenure" objects="8293" bytes="243400" bytesdiscarded="808" />
  <references type="weak" candidates="48" cleared="48" enqueued="48" />
</gc-op>
<gc-end id="1488" type="scavenge" contextid="1484" durationms="1.408" usertimems="4.000" systemtimems="0.000" timestamp="2019-06-14T19:07:54.308" activeThreads="4">
  <mem-info id="1489" free="2072615736" total="2092630016" percent="99">
    <mem type="nursery" free="984576" total="2097152" percent="46">
      <mem type="allocate" free="984576" total="1376256" percent="71" />
      <mem type="survivor" free="0" total="720896" percent="0" />
    </mem>
    <mem type="tenure" free="2071631160" total="2090532864" percent="99">
      <mem type="soa" free="1967105336" total="1986007040" percent="99" />
      <mem type="loa" free="104525824" total="104525824" percent="100" />
    </mem>
    <pending-finalizers system="0" default="0" reference="48" classloader="0" />
    <remembered-set count="225" />
  </mem-info>
</gc-end>
<cycle-end id="1490" type="scavenge" contextid="1484" timestamp="2019-06-14T19:07:54.308" />
  <attribute name="elasticGC enabled" value="1" />
  <attribute name= "numThreadsSpecified" value="4" />
  <attribute name="heapSize specified" value="8388608" />
  <attribute name="Current GC Util" value="58" />
  <attribute name= "Current Time Running" value="2297" />
  <attribute name ="GC Interval" value="200" />
  <attribute name="ProportionalT" value="19.000000" />
  <attribute name="ProportionalI" value="19.000000" />
  <attribute name="ProportionalH" value="19.000000" />
  <attribute name="Current Error" value="38.000000" />
  <attribute name="IntegralT" value="114.000000" />
  <attribute name="IntegralI" value="114.000000" />
  <attribute name="IntegralH" value="114.000000" />
  <attribute name="DerivativeT" value="-4.666667" />
  <attribute name="DerivativeI" value="-4.666667" />
  <attribute name="DerivativeH" value="-4.666667" />
  <attribute name="Loop Time for DT" value="3.000000" />
  <attribute name="Output H" value="8388608"/>
  <attribute name="Output I" value="200"/>
  <attribute name="Output T" value="4"/>
  <attribute name="Target GC Util Change" value ="20.000000" />
  <attribute name="Current GC Util Change" value="58.000000"/>
  <attribute name="GC Util currently" value="58" />
  <attribute name="CPU Util currently" value="1335851698891" />
<allocation-satisfied id="1491" threadId="00000000025DCC00" bytesRequested="56" />
<af-end id="1492" timestamp="2019-06-14T19:07:54.309" threadId="00000000025DD588" success="true" from="nursery"/>
<exclusive-end id="1493" timestamp="2019-06-14T19:07:54.309" durationms="1.857" />

<exclusive-start id="1494" timestamp="2019-06-14T19:07:54.310" intervalms="3.614">
  <response-info timems="0.041" idlems="0.041" threads="0" lastid="00000000025DE300" lastname="PmdThread 4" />
</exclusive-start>
<af-start id="1495" threadId="00000000025DEC88" totalBytesRequested="48" timestamp="2019-06-14T19:07:54.310" intervalms="3.622" type="nursery" />
<cycle-start id="1496" type="scavenge" contextid="0" timestamp="2019-06-14T19:07:54.311" intervalms="3.624" />
<gc-start id="1497" type="scavenge" contextid="1496" timestamp="2019-06-14T19:07:54.311">
  <mem-info id="1498" free="2071631160" total="2092630016" percent="98">
    <mem type="nursery" free="0" total="2097152" percent="0">
      <mem type="allocate" free="0" total="1376256" percent="0" />
      <mem type="survivor" free="0" total="720896" percent="0" />
    </mem>
    <mem type="tenure" free="2071631160" total="2090532864" percent="99">
      <mem type="soa" free="1967105336" total="1986007040" percent="99" />
      <mem type="loa" free="104525824" total="104525824" percent="100" />
    </mem>
    <remembered-set count="253" />
  </mem-info>
</gc-start>
<allocation-stats totalBytes="983800" >
  <allocated-bytes non-tlh="56" tlh="983744" />
  <largest-consumer threadName="PmdThread 4" threadId="00000000025DE300" bytes="376248" />
</allocation-stats>
<gc-op id="1499" type="scavenge" timems="2.218" contextid="1496" timestamp="2019-06-14T19:07:54.313">
  <scavenger-info tenureage="1" tenuremask="7ffe" tiltratio="65" />
  <memory-copied type="nursery" objects="10897" bytes="322664" bytesdiscarded="147352" />
  <memory-copied type="tenure" objects="8484" bytes="260688" bytesdiscarded="128" />
  <references type="weak" candidates="64" cleared="64" enqueued="64" />
</gc-op>
<gc-end id="1500" type="scavenge" contextid="1496" durationms="2.422" usertimems="4.000" systemtimems="0.000" timestamp="2019-06-14T19:07:54.313" activeThreads="4">
  <mem-info id="1501" free="2072328760" total="2092630016" percent="99">
    <mem type="nursery" free="971776" total="2097152" percent="46">
      <mem type="allocate" free="971776" total="1441792" percent="67" />
      <mem type="survivor" free="0" total="655360" percent="0" />
    </mem>
    <mem type="tenure" free="2071356984" total="2090532864" percent="99">
      <mem type="soa" free="1966831160" total="1986007040" percent="99" />
      <mem type="loa" free="104525824" total="104525824" percent="100" />
    </mem>
    <pending-finalizers system="0" default="0" reference="64" classloader="0" />
    <remembered-set count="234" />
  </mem-info>
</gc-end>
<cycle-end id="1502" type="scavenge" contextid="1496" timestamp="2019-06-14T19:07:54.313" />
  <attribute name="elasticGC enabled" value="1" />
  <attribute name= "numThreadsSpecified" value="4" />
  <attribute name="heapSize specified" value="8388608" />
  <attribute name="Current GC Util" value="47" />
  <attribute name= "Current Time Running" value="2301" />
  <attribute name ="GC Interval" value="200" />
  <attribute name="ProportionalT" value="13.500000" />
  <attribute name="ProportionalI" value="13.500000" />
  <attribute name="ProportionalH" value="13.500000" />
  <attribute name="Current Error" value="27.000000" />
  <attribute name="IntegralT" value="108.000000" />
  <attribute name="IntegralI" value="108.000000" />
  <attribute name="IntegralH" value="108.000000" />
  <attribute name="DerivativeT" value="-1.375000" />
  <attribute name="DerivativeI" value="-1.375000" />
  <attribute name="DerivativeH" value="-1.375000" />
  <attribute name="Loop Time for DT" value="4.000000" />
  <attribute name="Output H" value="8388608"/>
  <attribute name="Output I" value="200"/>
  <attribute name="Output T" value="4"/>
  <attribute name="Target GC Util Change" value ="20.000000" />
  <attribute name="Current GC Util Change" value="47.000000"/>
  <attribute name="GC Util currently" value="47" />
  <attribute name="CPU Util currently" value="1271123604885" />
<allocation-satisfied id="1503" threadId="00000000025DE300" bytesRequested="48" />
<af-end id="1504" timestamp="2019-06-14T19:07:54.313" threadId="00000000025DEC88" success="true" from="nursery"/>
<exclusive-end id="1505" timestamp="2019-06-14T19:07:54.313" durationms="2.930" />

<exclusive-start id="1506" timestamp="2019-06-14T19:07:54.315" intervalms="4.663">
  <response-info timems="0.034" idlems="0.019" threads="1" lastid="00000000025E0800" lastname="PmdThread 2" />
</exclusive-start>
<af-start id="1507" threadId="00000000025DE088" totalBytesRequested="56" timestamp="2019-06-14T19:07:54.315" intervalms="4.660" type="nursery" />
<cycle-start id="1508" type="scavenge" contextid="0" timestamp="2019-06-14T19:07:54.315" intervalms="4.662" />
<gc-start id="1509" type="scavenge" contextid="1508" timestamp="2019-06-14T19:07:54.315">
  <mem-info id="1510" free="2071356984" total="2092630016" percent="98">
    <mem type="nursery" free="0" total="2097152" percent="0">
      <mem type="allocate" free="0" total="1441792" percent="0" />
      <mem type="survivor" free="0" total="655360" percent="0" />
    </mem>
    <mem type="tenure" free="2071356984" total="2090532864" percent="99">
      <mem type="soa" free="1966831160" total="1986007040" percent="99" />
      <mem type="loa" free="104525824" total="104525824" percent="100" />
    </mem>
    <remembered-set count="387" />
  </mem-info>
</gc-start>
<allocation-stats totalBytes="970288" >
  <allocated-bytes non-tlh="48" tlh="970240" />
  <largest-consumer threadName="PmdThread 3" threadId="00000000025DD700" bytes="405272" />
</allocation-stats>
<gc-op id="1511" type="scavenge" timems="1.783" contextid="1508" timestamp="2019-06-14T19:07:54.317">
  <scavenger-info tenureage="1" tenuremask="7ffe" tiltratio="68" />
  <memory-copied type="nursery" objects="10132" bytes="310272" bytesdiscarded="120568" />
  <memory-copied type="tenure" objects="10623" bytes="314608" bytesdiscarded="200" />
  <references type="weak" candidates="68" cleared="67" enqueued="67" />
</gc-op>
<gc-end id="1512" type="scavenge" contextid="1508" durationms="1.985" usertimems="0.000" systemtimems="4.000" timestamp="2019-06-14T19:07:54.317" activeThreads="4">
  <mem-info id="1513" free="2072120120" total="2092630016" percent="99">
    <mem type="nursery" free="1076480" total="2097152" percent="51">
      <mem type="allocate" free="1076480" total="1507328" percent="71" />
      <mem type="survivor" free="0" total="589824" percent="0" />
    </mem>
    <mem type="tenure" free="2071043640" total="2090532864" percent="99">
      <mem type="soa" free="1966517816" total="1986007040" percent="99" />
      <mem type="loa" free="104525824" total="104525824" percent="100" />
    </mem>
    <pending-finalizers system="0" default="0" reference="67" classloader="0" />
    <remembered-set count="329" />
  </mem-info>
</gc-end>
<cycle-end id="1514" type="scavenge" contextid="1508" timestamp="2019-06-14T19:07:54.317" />
  <attribute name="elasticGC enabled" value="1" />
  <attribute name= "numThreadsSpecified" value="4" />
  <attribute name="heapSize specified" value="8388608" />
  <attribute name="Current GC Util" value="83" />
  <attribute name= "Current Time Running" value="2305" />
  <attribute name ="GC Interval" value="288" />
  <attribute name="ProportionalT" value="31.500000" />
  <attribute name="ProportionalI" value="31.500000" />
  <attribute name="ProportionalH" value="31.500000" />
  <attribute name="Current Error" value="63.000000" />
  <attribute name="IntegralT" value="252.000000" />
  <attribute name="IntegralI" value="252.000000" />
  <attribute name="IntegralH" value="252.000000" />
  <attribute name="DerivativeT" value="4.500000" />
  <attribute name="DerivativeI" value="4.500000" />
  <attribute name="DerivativeH" value="4.500000" />
  <attribute name="Loop Time for DT" value="4.000000" />
  <attribute name="Output H" value="8388608"/>
  <attribute name="Output I" value="288"/>
  <attribute name="Output T" value="4"/>
  <attribute name="Target GC Util Change" value ="20.000000" />
  <attribute name="Current GC Util Change" value="83.000000"/>
  <attribute name="GC Util currently" value="83" />
  <attribute name="CPU Util currently" value="989422629262" />
<allocation-satisfied id="1515" threadId="00000000025DD700" bytesRequested="56" />
<af-end id="1516" timestamp="2019-06-14T19:07:54.317" threadId="00000000025DE088" success="true" from="nursery"/>
<exclusive-end id="1517" timestamp="2019-06-14T19:07:54.317" durationms="2.443" />

<exclusive-start id="1518" timestamp="2019-06-14T19:07:54.321" intervalms="5.854">
  <response-info timems="0.031" idlems="0.031" threads="0" lastid="00000000025DE300" lastname="PmdThread 4" />
</exclusive-start>
<af-start id="1519" threadId="00000000025DEC88" totalBytesRequested="24" timestamp="2019-06-14T19:07:54.321" intervalms="5.852" type="nursery" />
<cycle-start id="1520" type="scavenge" contextid="0" timestamp="2019-06-14T19:07:54.321" intervalms="5.849" />
<gc-start id="1521" type="scavenge" contextid="1520" timestamp="2019-06-14T19:07:54.321">
  <mem-info id="1522" free="2071043640" total="2092630016" percent="98">
    <mem type="nursery" free="0" total="2097152" percent="0">
      <mem type="allocate" free="0" total="1507328" percent="0" />
      <mem type="survivor" free="0" total="589824" percent="0" />
    </mem>
    <mem type="tenure" free="2071043640" total="2090532864" percent="99">
      <mem type="soa" free="1966517816" total="1986007040" percent="99" />
      <mem type="loa" free="104525824" total="104525824" percent="100" />
    </mem>
    <remembered-set count="514" />
  </mem-info>
</gc-start>
<allocation-stats totalBytes="1076072" >
  <allocated-bytes non-tlh="56" tlh="1076016" />
  <largest-consumer threadName="PmdThread 4" threadId="00000000025DE300" bytes="630512" />
</allocation-stats>
<gc-op id="1523" type="scavenge" timems="1.797" contextid="1520" timestamp="2019-06-14T19:07:54.323">
  <scavenger-info tenureage="1" tenuremask="7ffe" tiltratio="71" />
  <memory-copied type="nursery" objects="8862" bytes="267488" bytesdiscarded="124192" />
  <memory-copied type="tenure" objects="9971" bytes="304336" bytesdiscarded="80" />
  <references type="weak" candidates="40" cleared="40" enqueued="40" />
</gc-op>
<gc-end id="1524" type="scavenge" contextid="1520" durationms="2.014" usertimems="0.000" systemtimems="4.000" timestamp="2019-06-14T19:07:54.323" activeThreads="4">
  <mem-info id="1525" free="2071911480" total="2092630016" percent="99">
    <mem type="nursery" free="1181184" total="2097152" percent="56">
      <mem type="allocate" free="1181184" total="1572864" percent="75" />
      <mem type="survivor" free="0" total="524288" percent="0" />
    </mem>
    <mem type="tenure" free="2070730296" total="2090532864" percent="99">
      <mem type="soa" free="1966204472" total="1986007040" percent="99" />
      <mem type="loa" free="104525824" total="104525824" percent="100" />
    </mem>
    <pending-finalizers system="0" default="0" reference="40" classloader="0" />
    <remembered-set count="392" />
  </mem-info>
</gc-end>
<cycle-end id="1526" type="scavenge" contextid="1520" timestamp="2019-06-14T19:07:54.323" />
  <attribute name="elasticGC enabled" value="1" />
  <attribute name= "numThreadsSpecified" value="4" />
  <attribute name="heapSize specified" value="8388608" />
  <attribute name="Current GC Util" value="48" />
  <attribute name= "Current Time Running" value="2311" />
  <attribute name ="GC Interval" value="200" />
  <attribute name="ProportionalT" value="14.000000" />
  <attribute name="ProportionalI" value="14.000000" />
  <attribute name="ProportionalH" value="14.000000" />
  <attribute name="Current Error" value="28.000000" />
  <attribute name="IntegralT" value="168.000000" />
  <attribute name="IntegralI" value="168.000000" />
  <attribute name="IntegralH" value="168.000000" />
  <attribute name="DerivativeT" value="-2.916667" />
  <attribute name="DerivativeI" value="-2.916667" />
  <attribute name="DerivativeH" value="-2.916667" />
  <attribute name="Loop Time for DT" value="6.000000" />
  <attribute name="Output H" value="8388608"/>
  <attribute name="Output I" value="200"/>
  <attribute name="Output T" value="4"/>
  <attribute name="Target GC Util Change" value ="20.000000" />
  <attribute name="Current GC Util Change" value="48.000000"/>
  <attribute name="GC Util currently" value="48" />
  <attribute name="CPU Util currently" value="787592559557" />
<allocation-satisfied id="1527" threadId="00000000025DE300" bytesRequested="24" />
<af-end id="1528" timestamp="2019-06-14T19:07:54.323" threadId="00000000025DEC88" success="true" from="nursery"/>
<exclusive-end id="1529" timestamp="2019-06-14T19:07:54.323" durationms="2.492" />

<exclusive-start id="1530" timestamp="2019-06-14T19:07:54.326" intervalms="5.566">
  <response-info timems="0.071" idlems="0.071" threads="0" lastid="00000000025DCC00" lastname="PmdThread 1" />
</exclusive-start>
<af-start id="1531" threadId="00000000025DD588" totalBytesRequested="32" timestamp="2019-06-14T19:07:54.327" intervalms="5.566" type="nursery" />
<cycle-start id="1532" type="scavenge" contextid="0" timestamp="2019-06-14T19:07:54.327" intervalms="5.567" />
<gc-start id="1533" type="scavenge" contextid="1532" timestamp="2019-06-14T19:07:54.327">
  <mem-info id="1534" free="2070730296" total="2092630016" percent="98">
    <mem type="nursery" free="0" total="2097152" percent="0">
      <mem type="allocate" free="0" total="1572864" percent="0" />
      <mem type="survivor" free="0" total="524288" percent="0" />
    </mem>
    <mem type="tenure" free="2070730296" total="2090532864" percent="99">
      <mem type="soa" free="1966204472" total="1986007040" percent="99" />
      <mem type="loa" free="104525824" total="104525824" percent="100" />
    </mem>
    <remembered-set count="726" />
  </mem-info>
</gc-start>
<allocation-stats totalBytes="1180696" >
  <allocated-bytes non-tlh="24" tlh="1180672" />
  <largest-consumer threadName="PmdThread 3" threadId="00000000025DD700" bytes="585560" />
</allocation-stats>
<gc-op id="1535" type="scavenge" timems="1.701" contextid="1532" timestamp="2019-06-14T19:07:54.328">
  <scavenger-info tenureage="1" tenuremask="7ffe" tiltratio="75" />
  <memory-copied type="nursery" objects="11283" bytes="433392" bytesdiscarded="90872" />
  <memory-copied type="tenure" objects="11794" bytes="344432" bytesdiscarded="144" />
  <copy-failed type="nursery" objects="3034" bytes="81152" />
  <references type="weak" candidates="2" cleared="1" enqueued="1" />
  <references type="phantom" candidates="2" cleared="1" enqueued="1" />
</gc-op>
<gc-end id="1536" type="scavenge" contextid="1532" durationms="1.910" usertimems="0.000" systemtimems="0.000" timestamp="2019-06-14T19:07:54.329" activeThreads="4">
  <mem-info id="1537" free="2071098680" total="2092630016" percent="98">
    <mem type="nursery" free="720896" total="2097152" percent="34">
      <mem type="allocate" free="720896" total="1245184" percent="57" />
      <mem type="survivor" free="0" total="851968" percent="0" />
    </mem>
    <mem type="tenure" free="2070377784" total="2090532864" percent="99">
      <mem type="soa" free="1965851960" total="1986007040" percent="98" />
      <mem type="loa" free="104525824" total="104525824" percent="100" />
    </mem>
    <pending-finalizers system="0" default="0" reference="2" classloader="0" />
    <remembered-set count="565" />
  </mem-info>
</gc-end>
<cycle-end id="1538" type="scavenge" contextid="1532" timestamp="2019-06-14T19:07:54.329" />
  <attribute name="elasticGC enabled" value="1" />
  <attribute name= "numThreadsSpecified" value="4" />
  <attribute name="heapSize specified" value="8388608" />
  <attribute name="Current GC Util" value="54" />
  <attribute name= "Current Time Running" value="2317" />
  <attribute name ="GC Interval" value="224" />
  <attribute name="ProportionalT" value="17.000000" />
  <attribute name="ProportionalI" value="17.000000" />
  <attribute name="ProportionalH" value="17.000000" />
  <attribute name="Current Error" value="34.000000" />
  <attribute name="IntegralT" value="204.000000" />
  <attribute name="IntegralI" value="204.000000" />
  <attribute name="IntegralH" value="204.000000" />
  <attribute name="DerivativeT" value="0.500000" />
  <attribute name="DerivativeI" value="0.500000" />
  <attribute name="DerivativeH" value="0.500000" />
  <attribute name="Loop Time for DT" value="6.000000" />
  <attribute name="Output H" value="8388608"/>
  <attribute name="Output I" value="224"/>
  <attribute name="Output T" value="4"/>
  <attribute name="Target GC Util Change" value ="20.000000" />
  <attribute name="Current GC Util Change" value="54.000000"/>
  <attribute name="GC Util currently" value="54" />
  <attribute name="CPU Util currently" value="829116932567" />
<allocation-satisfied id="1539" threadId="00000000025DCC00" bytesRequested="32" />
<af-end id="1540" timestamp="2019-06-14T19:07:54.329" threadId="00000000025DD588" success="true" from="nursery"/>
<exclusive-end id="1541" timestamp="2019-06-14T19:07:54.329" durationms="2.363" />

<exclusive-start id="1542" timestamp="2019-06-14T19:07:54.330" intervalms="3.941">
  <response-info timems="0.032" idlems="0.032" threads="0" lastid="00000000025DCC00" lastname="PmdThread 1" />
</exclusive-start>
<af-start id="1543" threadId="00000000025DD588" totalBytesRequested="48" timestamp="2019-06-14T19:07:54.331" intervalms="3.960" type="nursery" />
<cycle-start id="1544" type="scavenge" contextid="0" timestamp="2019-06-14T19:07:54.331" intervalms="3.956" />
<gc-start id="1545" type="scavenge" contextid="1544" timestamp="2019-06-14T19:07:54.331">
  <mem-info id="1546" free="2070377784" total="2092630016" percent="98">
    <mem type="nursery" free="0" total="2097152" percent="0">
      <mem type="allocate" free="0" total="1245184" percent="0" />
      <mem type="survivor" free="0" total="851968" percent="0" />
    </mem>
    <mem type="tenure" free="2070377784" total="2090532864" percent="99">
      <mem type="soa" free="1965851960" total="1986007040" percent="98" />
      <mem type="loa" free="104525824" total="104525824" percent="100" />
    </mem>
    <remembered-set count="770" />
  </mem-info>
</gc-start>
<allocation-stats totalBytes="720328" >
  <allocated-bytes non-tlh="32" tlh="720296" />
  <largest-consumer threadName="PmdThread 2" threadId="00000000025E0800" bytes="286664" />
</allocation-stats>
<gc-op id="1547" type="scavenge" timems="1.403" contextid="1544" timestamp="2019-06-14T19:07:54.332">
  <scavenger-info tenureage="1" tenuremask="7ffe" tiltratio="59" />
  <memory-copied type="nursery" objects="7042" bytes="211808" bytesdiscarded="140696" />
  <memory-copied type="tenure" objects="11029" bytes="416864" bytesdiscarded="184" />
  <references type="weak" candidates="14" cleared="14" enqueued="14" />
</gc-op>
<gc-end id="1548" type="scavenge" contextid="1544" durationms="1.610" usertimems="0.000" systemtimems="0.000" timestamp="2019-06-14T19:07:54.332" activeThreads="4">
  <mem-info id="1549" free="2070950688" total="2092630016" percent="98">
    <mem type="nursery" free="958208" total="2097152" percent="45">
      <mem type="allocate" free="958208" total="1310720" percent="73" />
      <mem type="survivor" free="0" total="786432" percent="0" />
    </mem>
    <mem type="tenure" free="2069992480" total="2090532864" percent="99">
      <mem type="soa" free="1965466656" total="1986007040" percent="98" />
      <mem type="loa" free="104525824" total="104525824" percent="100" />
    </mem>
    <pending-finalizers system="0" default="0" reference="14" classloader="0" />
    <remembered-set count="423" />
  </mem-info>
</gc-end>
<cycle-end id="1550" type="scavenge" contextid="1544" timestamp="2019-06-14T19:07:54.332" />
  <attribute name="elasticGC enabled" value="1" />
  <attribute name= "numThreadsSpecified" value="4" />
  <attribute name="heapSize specified" value="8388608" />
  <attribute name="Current GC Util" value="55" />
  <attribute name= "Current Time Running" value="2321" />
  <attribute name ="GC Interval" value="200" />
  <attribute name="ProportionalT" value="17.500000" />
  <attribute name="ProportionalI" value="17.500000" />
  <attribute name="ProportionalH" value="17.500000" />
  <attribute name="Current Error" value="35.000000" />
  <attribute name="IntegralT" value="140.000000" />
  <attribute name="IntegralI" value="140.000000" />
  <attribute name="IntegralH" value="140.000000" />
  <attribute name="DerivativeT" value="0.125000" />
  <attribute name="DerivativeI" value="0.125000" />
  <attribute name="DerivativeH" value="0.125000" />
  <attribute name="Loop Time for DT" value="4.000000" />
  <attribute name="Output H" value="8388608"/>
  <attribute name="Output I" value="200"/>
  <attribute name="Output T" value="4"/>
  <attribute name="Target GC Util Change" value ="20.000000" />
  <attribute name="Current GC Util Change" value="55.000000"/>
  <attribute name="GC Util currently" value="55" />
  <attribute name="CPU Util currently" value="1173451327346" />
<allocation-satisfied id="1551" threadId="00000000025DCC00" bytesRequested="48" />
<af-end id="1552" timestamp="2019-06-14T19:07:54.332" threadId="00000000025DD588" success="true" from="nursery"/>
<exclusive-end id="1553" timestamp="2019-06-14T19:07:54.332" durationms="2.055" />

<exclusive-start id="1554" timestamp="2019-06-14T19:07:54.334" intervalms="3.638">
  <response-info timems="0.030" idlems="0.030" threads="0" lastid="00000000025DCC00" lastname="PmdThread 1" />
</exclusive-start>
<af-start id="1555" threadId="00000000025DD588" totalBytesRequested="160" timestamp="2019-06-14T19:07:54.334" intervalms="3.601" type="nursery" />
<cycle-start id="1556" type="scavenge" contextid="0" timestamp="2019-06-14T19:07:54.334" intervalms="3.601" />
<gc-start id="1557" type="scavenge" contextid="1556" timestamp="2019-06-14T19:07:54.334">
  <mem-info id="1558" free="2069992480" total="2092630016" percent="98">
    <mem type="nursery" free="0" total="2097152" percent="0">
      <mem type="allocate" free="0" total="1310720" percent="0" />
      <mem type="survivor" free="0" total="786432" percent="0" />
    </mem>
    <mem type="tenure" free="2069992480" total="2090532864" percent="99">
      <mem type="soa" free="1965466656" total="1986007040" percent="98" />
      <mem type="loa" free="104525824" total="104525824" percent="100" />
    </mem>
    <remembered-set count="453" />
  </mem-info>
</gc-start>
<allocation-stats totalBytes="957536" >
  <allocated-bytes non-tlh="114432" tlh="843104" />
  <largest-consumer threadName="PmdThread 1" threadId="00000000025DCC00" bytes="437576" />
</allocation-stats>
<gc-op id="1559" type="scavenge" timems="1.214" contextid="1556" timestamp="2019-06-14T19:07:54.336">
  <scavenger-info tenureage="1" tenuremask="7ffe" tiltratio="62" />
  <memory-copied type="nursery" objects="9139" bytes="404728" bytesdiscarded="44272" />
  <memory-copied type="tenure" objects="6994" bytes="209528" bytesdiscarded="88" />
  <references type="weak" candidates="8" cleared="8" enqueued="8" />
  <references type="phantom" candidates="3" cleared="2" enqueued="2" />
</gc-op>
<gc-end id="1560" type="scavenge" contextid="1556" durationms="1.425" usertimems="0.000" systemtimems="0.000" timestamp="2019-06-14T19:07:54.336" activeThreads="4">
  <mem-info id="1561" free="2070658296" total="2092630016" percent="98">
    <mem type="nursery" free="861656" total="2097152" percent="41">
      <mem type="allocate" free="861656" total="1310720" percent="65" />
      <mem type="survivor" free="0" total="786432" percent="0" />
    </mem>
    <mem type="tenure" free="2069796640" total="2090532864" percent="99">
      <mem type="soa" free="1965270816" total="1986007040" percent="98" />
      <mem type="loa" free="104525824" total="104525824" percent="100" />
    </mem>
    <pending-finalizers system="0" default="0" reference="10" classloader="0" />
    <remembered-set count="169" />
  </mem-info>
</gc-end>
<cycle-end id="1562" type="scavenge" contextid="1556" timestamp="2019-06-14T19:07:54.336" />
  <attribute name="elasticGC enabled" value="1" />
  <attribute name= "numThreadsSpecified" value="4" />
  <attribute name="heapSize specified" value="8388608" />
  <attribute name="Current GC Util" value="53" />
  <attribute name= "Current Time Running" value="2324" />
  <attribute name ="GC Interval" value="200" />
  <attribute name="ProportionalT" value="16.500000" />
  <attribute name="ProportionalI" value="16.500000" />
  <attribute name="ProportionalH" value="16.500000" />
  <attribute name="Current Error" value="33.000000" />
  <attribute name="IntegralT" value="99.000000" />
  <attribute name="IntegralI" value="99.000000" />
  <attribute name="IntegralH" value="99.000000" />
  <attribute name="DerivativeT" value="-0.333333" />
  <attribute name="DerivativeI" value="-0.333333" />
  <attribute name="DerivativeH" value="-0.333333" />
  <attribute name="Loop Time for DT" value="3.000000" />
  <attribute name="Output H" value="8388608"/>
  <attribute name="Output I" value="200"/>
  <attribute name="Output T" value="4"/>
  <attribute name="Target GC Util Change" value ="20.000000" />
  <attribute name="Current GC Util Change" value="53.000000"/>
  <attribute name="GC Util currently" value="53" />
  <attribute name="CPU Util currently" value="1269301190559" />
<allocation-satisfied id="1563" threadId="00000000025DCC00" bytesRequested="160" />
<af-end id="1564" timestamp="2019-06-14T19:07:54.336" threadId="00000000025DD588" success="true" from="nursery"/>
<exclusive-end id="1565" timestamp="2019-06-14T19:07:54.336" durationms="1.856" />

<exclusive-start id="1566" timestamp="2019-06-14T19:07:54.337" intervalms="3.056">
  <response-info timems="0.032" idlems="0.032" threads="0" lastid="00000000025DD700" lastname="PmdThread 3" />
</exclusive-start>
<af-start id="1567" threadId="00000000025DE088" totalBytesRequested="56" timestamp="2019-06-14T19:07:54.337" intervalms="3.071" type="nursery" />
<cycle-start id="1568" type="scavenge" contextid="0" timestamp="2019-06-14T19:07:54.337" intervalms="3.076" />
<gc-start id="1569" type="scavenge" contextid="1568" timestamp="2019-06-14T19:07:54.337">
  <mem-info id="1570" free="2069796640" total="2092630016" percent="98">
    <mem type="nursery" free="0" total="2097152" percent="0">
      <mem type="allocate" free="0" total="1310720" percent="0" />
      <mem type="survivor" free="0" total="786432" percent="0" />
    </mem>
    <mem type="tenure" free="2069796640" total="2090532864" percent="99">
      <mem type="soa" free="1965270816" total="1986007040" percent="98" />
      <mem type="loa" free="104525824" total="104525824" percent="100" />
    </mem>
    <remembered-set count="221" />
  </mem-info>
</gc-start>
<allocation-stats totalBytes="860936" >
  <allocated-bytes non-tlh="16552" tlh="844384" />
  <largest-consumer threadName="PmdThread 3" threadId="00000000025DD700" bytes="479000" />
</allocation-stats>
<gc-op id="1571" type="scavenge" timems="1.949" contextid="1568" timestamp="2019-06-14T19:07:54.339">
  <scavenger-info tenureage="1" tenuremask="7ffe" tiltratio="62" />
  <memory-copied type="nursery" objects="6731" bytes="278024" bytesdiscarded="68096" />
  <memory-copied type="tenure" objects="8270" bytes="305440" bytesdiscarded="56" />
  <references type="weak" candidates="17" cleared="17" enqueued="17" />
  <references type="phantom" candidates="1" cleared="1" enqueued="1" />
</gc-op>
<gc-end id="1572" type="scavenge" contextid="1568" durationms="2.195" usertimems="0.000" systemtimems="4.000" timestamp="2019-06-14T19:07:54.340" activeThreads="4">
  <mem-info id="1573" free="2070511600" total="2092630016" percent="98">
    <mem type="nursery" free="1030120" total="2097152" percent="49">
      <mem type="allocate" free="1030120" total="1376256" percent="74" />
      <mem type="survivor" free="0" total="720896" percent="0" />
    </mem>
    <mem type="tenure" free="2069481480" total="2090532864" percent="98">
      <mem type="soa" free="1964955656" total="1986007040" percent="98" />
      <mem type="loa" free="104525824" total="104525824" percent="100" />
    </mem>
    <pending-finalizers system="0" default="0" reference="18" classloader="0" />
    <remembered-set count="152" />
  </mem-info>
</gc-end>
<cycle-end id="1574" type="scavenge" contextid="1568" timestamp="2019-06-14T19:07:54.340" />
  <attribute name="elasticGC enabled" value="1" />
  <attribute name= "numThreadsSpecified" value="4" />
  <attribute name="heapSize specified" value="8388608" />
  <attribute name="Current GC Util" value="56" />
  <attribute name= "Current Time Running" value="2327" />
  <attribute name ="GC Interval" value="200" />
  <attribute name="ProportionalT" value="18.000000" />
  <attribute name="ProportionalI" value="18.000000" />
  <attribute name="ProportionalH" value="18.000000" />
  <attribute name="Current Error" value="36.000000" />
  <attribute name="IntegralT" value="108.000000" />
  <attribute name="IntegralI" value="108.000000" />
  <attribute name="IntegralH" value="108.000000" />
  <attribute name="DerivativeT" value="0.500000" />
  <attribute name="DerivativeI" value="0.500000" />
  <attribute name="DerivativeH" value="0.500000" />
  <attribute name="Loop Time for DT" value="3.000000" />
  <attribute name="Output H" value="8388608"/>
  <attribute name="Output I" value="200"/>
  <attribute name="Output T" value="4"/>
  <attribute name="Target GC Util Change" value ="20.000000" />
  <attribute name="Current GC Util Change" value="56.000000"/>
  <attribute name="GC Util currently" value="56" />
  <attribute name="CPU Util currently" value="1497881811921" />
<allocation-satisfied id="1575" threadId="00000000025DD700" bytesRequested="56" />
<af-end id="1576" timestamp="2019-06-14T19:07:54.340" threadId="00000000025DE088" success="true" from="nursery"/>
<exclusive-end id="1577" timestamp="2019-06-14T19:07:54.340" durationms="2.742" />

<exclusive-start id="1578" timestamp="2019-06-14T19:07:54.341" intervalms="4.380">
  <response-info timems="0.039" idlems="0.039" threads="0" lastid="00000000025DE300" lastname="PmdThread 4" />
</exclusive-start>
<af-start id="1579" threadId="00000000025DEC88" totalBytesRequested="56" timestamp="2019-06-14T19:07:54.342" intervalms="4.378" type="nursery" />
<cycle-start id="1580" type="scavenge" contextid="0" timestamp="2019-06-14T19:07:54.342" intervalms="4.379" />
<gc-start id="1581" type="scavenge" contextid="1580" timestamp="2019-06-14T19:07:54.342">
  <mem-info id="1582" free="2069481480" total="2092630016" percent="98">
    <mem type="nursery" free="0" total="2097152" percent="0">
      <mem type="allocate" free="0" total="1376256" percent="0" />
      <mem type="survivor" free="0" total="720896" percent="0" />
    </mem>
    <mem type="tenure" free="2069481480" total="2090532864" percent="98">
      <mem type="soa" free="1964955656" total="1986007040" percent="98" />
      <mem type="loa" free="104525824" total="104525824" percent="100" />
    </mem>
    <remembered-set count="236" />
  </mem-info>
</gc-start>
<allocation-stats totalBytes="1029312" >
  <allocated-bytes non-tlh="56" tlh="1029256" />
  <largest-consumer threadName="PmdThread 1" threadId="00000000025DCC00" bytes="357880" />
</allocation-stats>
<gc-op id="1583" type="scavenge" timems="2.228" contextid="1580" timestamp="2019-06-14T19:07:54.344">
  <scavenger-info tenureage="1" tenuremask="7ffe" tiltratio="65" />
  <memory-copied type="nursery" objects="8122" bytes="335688" bytesdiscarded="97840" />
  <memory-copied type="tenure" objects="6684" bytes="275568" bytesdiscarded="88" />
  <references type="weak" candidates="40" cleared="39" enqueued="39" />
  <references type="phantom" candidates="1" cleared="0" enqueued="0" />
</gc-op>
<gc-end id="1584" type="scavenge" contextid="1580" durationms="2.429" usertimems="4.000" systemtimems="0.000" timestamp="2019-06-14T19:07:54.344" activeThreads="4">
  <mem-info id="1585" free="2070221928" total="2092630016" percent="98">
    <mem type="nursery" free="1008248" total="2097152" percent="48">
      <mem type="allocate" free="1008248" total="1441792" percent="69" />
      <mem type="survivor" free="0" total="655360" percent="0" />
    </mem>
    <mem type="tenure" free="2069213680" total="2090532864" percent="98">
      <mem type="soa" free="1964687856" total="1986007040" percent="98" />
      <mem type="loa" free="104525824" total="104525824" percent="100" />
    </mem>
    <pending-finalizers system="0" default="0" reference="39" classloader="0" />
    <remembered-set count="165" />
  </mem-info>
</gc-end>
<cycle-end id="1586" type="scavenge" contextid="1580" timestamp="2019-06-14T19:07:54.344" />
  <attribute name="elasticGC enabled" value="1" />
  <attribute name= "numThreadsSpecified" value="4" />
  <attribute name="heapSize specified" value="8388608" />
  <attribute name="Current GC Util" value="77" />
  <attribute name= "Current Time Running" value="2332" />
  <attribute name ="GC Interval" value="320" />
  <attribute name="ProportionalT" value="28.500000" />
  <attribute name="ProportionalI" value="28.500000" />
  <attribute name="ProportionalH" value="28.500000" />
  <attribute name="Current Error" value="57.000000" />
  <attribute name="IntegralT" value="285.000000" />
  <attribute name="IntegralI" value="285.000000" />
  <attribute name="IntegralH" value="285.000000" />
  <attribute name="DerivativeT" value="2.100000" />
  <attribute name="DerivativeI" value="2.100000" />
  <attribute name="DerivativeH" value="2.100000" />
  <attribute name="Loop Time for DT" value="5.000000" />
  <attribute name="Output H" value="8388608"/>
  <attribute name="Output I" value="320"/>
  <attribute name="Output T" value="4"/>
  <attribute name="Target GC Util Change" value ="20.000000" />
  <attribute name="Current GC Util Change" value="77.000000"/>
  <attribute name="GC Util currently" value="77" />
  <attribute name="CPU Util currently" value="1056820580316" />
<allocation-satisfied id="1587" threadId="00000000025DE300" bytesRequested="56" />
<af-end id="1588" timestamp="2019-06-14T19:07:54.344" threadId="00000000025DEC88" success="true" from="nursery"/>
<exclusive-end id="1589" timestamp="2019-06-14T19:07:54.344" durationms="2.898" />

<exclusive-start id="1590" timestamp="2019-06-14T19:07:54.346" intervalms="4.640">
  <response-info timems="0.043" idlems="0.043" threads="0" lastid="00000000025DCC00" lastname="PmdThread 1" />
</exclusive-start>
<af-start id="1591" threadId="00000000025DD588" totalBytesRequested="88" timestamp="2019-06-14T19:07:54.346" intervalms="4.647" type="nursery" />
<cycle-start id="1592" type="scavenge" contextid="0" timestamp="2019-06-14T19:07:54.346" intervalms="4.643" />
<gc-start id="1593" type="scavenge" contextid="1592" timestamp="2019-06-14T19:07:54.346">
  <mem-info id="1594" free="2069213680" total="2092630016" percent="98">
    <mem type="nursery" free="0" total="2097152" percent="0">
      <mem type="allocate" free="0" total="1441792" percent="0" />
      <mem type="survivor" free="0" total="655360" percent="0" />
    </mem>
    <mem type="tenure" free="2069213680" total="2090532864" percent="98">
      <mem type="soa" free="1964687856" total="1986007040" percent="98" />
      <mem type="loa" free="104525824" total="104525824" percent="100" />
    </mem>
    <remembered-set count="217" />
  </mem-info>
</gc-start>
<allocation-stats totalBytes="1007320" >
  <allocated-bytes non-tlh="56" tlh="1007264" />
  <largest-consumer threadName="PmdThread 1" threadId="00000000025DCC00" bytes="314728" />
</allocation-stats>
<gc-op id="1595" type="scavenge" timems="1.411" contextid="1592" timestamp="2019-06-14T19:07:54.348">
  <scavenger-info tenureage="1" tenuremask="7ffe" tiltratio="68" />
  <memory-copied type="nursery" objects="9704" bytes="305256" bytesdiscarded="125592" />
  <memory-copied type="tenure" objects="7640" bytes="313240" bytesdiscarded="152" />
  <references type="weak" candidates="32" cleared="32" enqueued="32" />
</gc-op>
<gc-end id="1596" type="scavenge" contextid="1592" durationms="1.625" usertimems="4.000" systemtimems="0.000" timestamp="2019-06-14T19:07:54.348" activeThreads="4">
  <mem-info id="1597" free="2069944024" total="2092630016" percent="98">
    <mem type="nursery" free="1076480" total="2097152" percent="51">
      <mem type="allocate" free="1076480" total="1507328" percent="71" />
      <mem type="survivor" free="0" total="589824" percent="0" />
    </mem>
    <mem type="tenure" free="2068867544" total="2090532864" percent="98">
      <mem type="soa" free="1964341720" total="1986007040" percent="98" />
      <mem type="loa" free="104525824" total="104525824" percent="100" />
    </mem>
    <pending-finalizers system="0" default="0" reference="32" classloader="0" />
    <remembered-set count="233" />
  </mem-info>
</gc-end>
<cycle-end id="1598" type="scavenge" contextid="1592" timestamp="2019-06-14T19:07:54.348" />
  <attribute name="elasticGC enabled" value="1" />
  <attribute name= "numThreadsSpecified" value="4" />
  <attribute name="heapSize specified" value="8388608" />
  <attribute name="Current GC Util" value="90" />
  <attribute name= "Current Time Running" value="2336" />
  <attribute name ="GC Interval" value="320" />
  <attribute name="ProportionalT" value="35.000000" />
  <attribute name="ProportionalI" value="35.000000" />
  <attribute name="ProportionalH" value="35.000000" />
  <attribute name="Current Error" value="70.000000" />
  <attribute name="IntegralT" value="280.000000" />
  <attribute name="IntegralI" value="280.000000" />
  <attribute name="IntegralH" value="280.000000" />
  <attribute name="DerivativeT" value="1.625000" />
  <attribute name="DerivativeI" value="1.625000" />
  <attribute name="DerivativeH" value="1.625000" />
  <attribute name="Loop Time for DT" value="4.000000" />
  <attribute name="Output H" value="8388608"/>
  <attribute name="Output I" value="320"/>
  <attribute name="Output T" value="4"/>
  <attribute name="Target GC Util Change" value ="20.000000" />
  <attribute name="Current GC Util Change" value="90.000000"/>
  <attribute name="GC Util currently" value="90" />
  <attribute name="CPU Util currently" value="991885858257" />
<allocation-satisfied id="1599" threadId="00000000025DCC00" bytesRequested="88" />
<af-end id="1600" timestamp="2019-06-14T19:07:54.348" threadId="00000000025DD588" success="true" from="nursery"/>
<exclusive-end id="1601" timestamp="2019-06-14T19:07:54.348" durationms="2.090" />

<exclusive-start id="1602" timestamp="2019-06-14T19:07:54.350" intervalms="4.298">
  <response-info timems="0.037" idlems="0.021" threads="1" lastid="00000000025E0800" lastname="PmdThread 2" />
</exclusive-start>
<af-start id="1603" threadId="00000000025DE088" totalBytesRequested="56" timestamp="2019-06-14T19:07:54.351" intervalms="4.439" type="nursery" />
<cycle-start id="1604" type="scavenge" contextid="0" timestamp="2019-06-14T19:07:54.351" intervalms="4.440" />
<gc-start id="1605" type="scavenge" contextid="1604" timestamp="2019-06-14T19:07:54.351">
  <mem-info id="1606" free="2068867544" total="2092630016" percent="98">
    <mem type="nursery" free="0" total="2097152" percent="0">
      <mem type="allocate" free="0" total="1507328" percent="0" />
      <mem type="survivor" free="0" total="589824" percent="0" />
    </mem>
    <mem type="tenure" free="2068867544" total="2090532864" percent="98">
      <mem type="soa" free="1964341720" total="1986007040" percent="98" />
      <mem type="loa" free="104525824" total="104525824" percent="100" />
    </mem>
    <remembered-set count="348" />
  </mem-info>
</gc-start>
<allocation-stats totalBytes="1075128" >
  <allocated-bytes non-tlh="88" tlh="1075040" />
  <largest-consumer threadName="PmdThread 4" threadId="00000000025DE300" bytes="384672" />
</allocation-stats>
<gc-op id="1607" type="scavenge" timems="2.019" contextid="1604" timestamp="2019-06-14T19:07:54.353">
  <scavenger-info tenureage="1" tenuremask="7ffe" tiltratio="71" />
  <memory-copied type="nursery" objects="9490" bytes="295680" bytesdiscarded="135152" />
  <memory-copied type="tenure" objects="9575" bytes="300928" bytesdiscarded="112" />
  <references type="weak" candidates="37" cleared="37" enqueued="37" />
  <references type="phantom" candidates="1" cleared="1" enqueued="1" />
</gc-op>
<gc-end id="1608" type="scavenge" contextid="1604" durationms="2.262" usertimems="4.000" systemtimems="0.000" timestamp="2019-06-14T19:07:54.353" activeThreads="4">
  <mem-info id="1609" free="2069630680" total="2092630016" percent="98">
    <mem type="nursery" free="1076480" total="2097152" percent="51">
      <mem type="allocate" free="1076480" total="1507328" percent="71" />
      <mem type="survivor" free="0" total="589824" percent="0" />
    </mem>
    <mem type="tenure" free="2068554200" total="2090532864" percent="98">
      <mem type="soa" free="1964028376" total="1986007040" percent="98" />
      <mem type="loa" free="104525824" total="104525824" percent="100" />
    </mem>
    <pending-finalizers system="0" default="0" reference="38" classloader="0" />
    <remembered-set count="274" />
  </mem-info>
</gc-end>
<cycle-end id="1610" type="scavenge" contextid="1604" timestamp="2019-06-14T19:07:54.353" />
  <attribute name="elasticGC enabled" value="1" />
  <attribute name= "numThreadsSpecified" value="4" />
  <attribute name="heapSize specified" value="8388608" />
  <attribute name="Current GC Util" value="42" />
  <attribute name= "Current Time Running" value="2341" />
  <attribute name ="GC Interval" value="200" />
  <attribute name="ProportionalT" value="11.000000" />
  <attribute name="ProportionalI" value="11.000000" />
  <attribute name="ProportionalH" value="11.000000" />
  <attribute name="Current Error" value="22.000000" />
  <attribute name="IntegralT" value="110.000000" />
  <attribute name="IntegralI" value="110.000000" />
  <attribute name="IntegralH" value="110.000000" />
  <attribute name="DerivativeT" value="-4.800000" />
  <attribute name="DerivativeI" value="-4.800000" />
  <attribute name="DerivativeH" value="-4.800000" />
  <attribute name="Loop Time for DT" value="5.000000" />
  <attribute name="Output H" value="8388608"/>
  <attribute name="Output I" value="200"/>
  <attribute name="Output T" value="4"/>
  <attribute name="Target GC Util Change" value ="20.000000" />
  <attribute name="Current GC Util Change" value="42.000000"/>
  <attribute name="GC Util currently" value="42" />
  <attribute name="CPU Util currently" value="1038297834796" />
<allocation-satisfied id="1611" threadId="00000000025DD700" bytesRequested="56" />
<af-end id="1612" timestamp="2019-06-14T19:07:54.353" threadId="00000000025DE088" success="true" from="nursery"/>
<exclusive-end id="1613" timestamp="2019-06-14T19:07:54.353" durationms="2.872" />

<exclusive-start id="1614" timestamp="2019-06-14T19:07:54.355" intervalms="4.543">
  <response-info timems="0.035" idlems="0.035" threads="0" lastid="00000000025DCC00" lastname="PmdThread 1" />
</exclusive-start>
<af-start id="1615" threadId="00000000025DD588" totalBytesRequested="88" timestamp="2019-06-14T19:07:54.355" intervalms="4.400" type="nursery" />
<cycle-start id="1616" type="scavenge" contextid="0" timestamp="2019-06-14T19:07:54.355" intervalms="4.404" />
<gc-start id="1617" type="scavenge" contextid="1616" timestamp="2019-06-14T19:07:54.355">
  <mem-info id="1618" free="2068554200" total="2092630016" percent="98">
    <mem type="nursery" free="0" total="2097152" percent="0">
      <mem type="allocate" free="0" total="1507328" percent="0" />
      <mem type="survivor" free="0" total="589824" percent="0" />
    </mem>
    <mem type="tenure" free="2068554200" total="2090532864" percent="98">
      <mem type="soa" free="1964028376" total="1986007040" percent="98" />
      <mem type="loa" free="104525824" total="104525824" percent="100" />
    </mem>
    <remembered-set count="365" />
  </mem-info>
</gc-start>
<allocation-stats totalBytes="1076024" >
  <allocated-bytes non-tlh="56" tlh="1075968" />
  <largest-consumer threadName="PmdThread 3" threadId="00000000025DD700" bytes="405400" />
</allocation-stats>
<gc-op id="1619" type="scavenge" timems="1.311" contextid="1616" timestamp="2019-06-14T19:07:54.357">
  <scavenger-info tenureage="1" tenuremask="7ffe" tiltratio="71" />
  <memory-copied type="nursery" objects="8487" bytes="257504" bytesdiscarded="134168" />
  <memory-copied type="tenure" objects="9376" bytes="287920" bytesdiscarded="144" />
  <references type="weak" candidates="40" cleared="39" enqueued="39" />
</gc-op>
<gc-end id="1620" type="scavenge" contextid="1616" durationms="1.519" usertimems="4.000" systemtimems="0.000" timestamp="2019-06-14T19:07:54.357" activeThreads="4">
  <mem-info id="1621" free="2069461208" total="2092630016" percent="98">
    <mem type="nursery" free="1181184" total="2097152" percent="56">
      <mem type="allocate" free="1181184" total="1572864" percent="75" />
      <mem type="survivor" free="0" total="524288" percent="0" />
    </mem>
    <mem type="tenure" free="2068280024" total="2090532864" percent="98">
      <mem type="soa" free="1963754200" total="1986007040" percent="98" />
      <mem type="loa" free="104525824" total="104525824" percent="100" />
    </mem>
    <pending-finalizers system="0" default="0" reference="39" classloader="0" />
    <remembered-set count="211" />
  </mem-info>
</gc-end>
<cycle-end id="1622" type="scavenge" contextid="1616" timestamp="2019-06-14T19:07:54.357" />
  <attribute name="elasticGC enabled" value="1" />
  <attribute name= "numThreadsSpecified" value="4" />
  <attribute name="heapSize specified" value="8388608" />
  <attribute name="Current GC Util" value="75" />
  <attribute name= "Current Time Running" value="2345" />
  <attribute name ="GC Interval" value="256" />
  <attribute name="ProportionalT" value="27.500000" />
  <attribute name="ProportionalI" value="27.500000" />
  <attribute name="ProportionalH" value="27.500000" />
  <attribute name="Current Error" value="55.000000" />
  <attribute name="IntegralT" value="220.000000" />
  <attribute name="IntegralI" value="220.000000" />
  <attribute name="IntegralH" value="220.000000" />
  <attribute name="DerivativeT" value="4.125000" />
  <attribute name="DerivativeI" value="4.125000" />
  <attribute name="DerivativeH" value="4.125000" />
  <attribute name="Loop Time for DT" value="4.000000" />
  <attribute name="Output H" value="8388608"/>
  <attribute name="Output I" value="256"/>
  <attribute name="Output T" value="4"/>
  <attribute name="Target GC Util Change" value ="20.000000" />
  <attribute name="Current GC Util Change" value="75.000000"/>
  <attribute name="GC Util currently" value="75" />
  <attribute name="CPU Util currently" value="1047772788595" />
<allocation-satisfied id="1623" threadId="00000000025DCC00" bytesRequested="88" />
<af-end id="1624" timestamp="2019-06-14T19:07:54.357" threadId="00000000025DD588" success="true" from="nursery"/>
<exclusive-end id="1625" timestamp="2019-06-14T19:07:54.357" durationms="1.983" />

<exclusive-start id="1626" timestamp="2019-06-14T19:07:54.359" intervalms="4.187">
  <response-info timems="0.026" idlems="0.026" threads="0" lastid="00000000025DCC00" lastname="PmdThread 1" />
</exclusive-start>
<af-start id="1627" threadId="00000000025DD588" totalBytesRequested="32" timestamp="2019-06-14T19:07:54.359" intervalms="4.184" type="nursery" />
<cycle-start id="1628" type="scavenge" contextid="0" timestamp="2019-06-14T19:07:54.359" intervalms="4.179" />
<gc-start id="1629" type="scavenge" contextid="1628" timestamp="2019-06-14T19:07:54.359">
  <mem-info id="1630" free="2068280024" total="2092630016" percent="98">
    <mem type="nursery" free="0" total="2097152" percent="0">
      <mem type="allocate" free="0" total="1572864" percent="0" />
      <mem type="survivor" free="0" total="524288" percent="0" />
    </mem>
    <mem type="tenure" free="2068280024" total="2090532864" percent="98">
      <mem type="soa" free="1963754200" total="1986007040" percent="98" />
      <mem type="loa" free="104525824" total="104525824" percent="100" />
    </mem>
    <remembered-set count="285" />
  </mem-info>
</gc-start>
<allocation-stats totalBytes="1179912" >
  <allocated-bytes non-tlh="88" tlh="1179824" />
  <largest-consumer threadName="PmdThread 1" threadId="00000000025DCC00" bytes="511176" />
</allocation-stats>
<gc-op id="1631" type="scavenge" timems="1.489" contextid="1628" timestamp="2019-06-14T19:07:54.361">
  <scavenger-info tenureage="1" tenuremask="7ffe" tiltratio="75" />
  <memory-copied type="nursery" objects="10891" bytes="402520" bytesdiscarded="108472" />
  <memory-copied type="tenure" objects="8373" bytes="253352" bytesdiscarded="104" />
  <references type="weak" candidates="57" cleared="57" enqueued="57" />
  <references type="phantom" candidates="1" cleared="0" enqueued="0" />
</gc-op>
<gc-end id="1632" type="scavenge" contextid="1628" durationms="1.693" usertimems="0.000" systemtimems="0.000" timestamp="2019-06-14T19:07:54.361" activeThreads="4">
  <mem-info id="1633" free="2069041344" total="2092630016" percent="98">
    <mem type="nursery" free="996328" total="2097152" percent="47">
      <mem type="allocate" free="996328" total="1507328" percent="66" />
      <mem type="survivor" free="0" total="589824" percent="0" />
    </mem>
    <mem type="tenure" free="2068045016" total="2090532864" percent="98">
      <mem type="soa" free="1963519192" total="1986007040" percent="98" />
      <mem type="loa" free="104525824" total="104525824" percent="100" />
    </mem>
    <pending-finalizers system="0" default="0" reference="57" classloader="0" />
    <remembered-set count="165" />
  </mem-info>
</gc-end>
<cycle-end id="1634" type="scavenge" contextid="1628" timestamp="2019-06-14T19:07:54.361" />
  <attribute name="elasticGC enabled" value="1" />
  <attribute name= "numThreadsSpecified" value="4" />
  <attribute name="heapSize specified" value="8388608" />
  <attribute name="Current GC Util" value="40" />
  <attribute name= "Current Time Running" value="2349" />
  <attribute name ="GC Interval" value="200" />
  <attribute name="ProportionalT" value="10.000000" />
  <attribute name="ProportionalI" value="10.000000" />
  <attribute name="ProportionalH" value="10.000000" />
  <attribute name="Current Error" value="20.000000" />
  <attribute name="IntegralT" value="80.000000" />
  <attribute name="IntegralI" value="80.000000" />
  <attribute name="IntegralH" value="80.000000" />
  <attribute name="DerivativeT" value="-4.375000" />
  <attribute name="DerivativeI" value="-4.375000" />
  <attribute name="DerivativeH" value="-4.375000" />
  <attribute name="Loop Time for DT" value="4.000000" />
  <attribute name="Output H" value="8388608"/>
  <attribute name="Output I" value="200"/>
  <attribute name="Output T" value="4"/>
  <attribute name="Target GC Util Change" value ="20.000000" />
  <attribute name="Current GC Util Change" value="40.000000"/>
  <attribute name="GC Util currently" value="40" />
  <attribute name="CPU Util currently" value="1105232383402" />
<allocation-satisfied id="1635" threadId="00000000025DCC00" bytesRequested="32" />
<af-end id="1636" timestamp="2019-06-14T19:07:54.361" threadId="00000000025DD588" success="true" from="nursery"/>
<exclusive-end id="1637" timestamp="2019-06-14T19:07:54.361" durationms="2.144" />

<exclusive-start id="1638" timestamp="2019-06-14T19:07:54.363" intervalms="3.971">
  <response-info timems="0.028" idlems="0.028" threads="0" lastid="00000000025E0800" lastname="PmdThread 2" />
</exclusive-start>
<af-start id="1639" threadId="00000000025E1188" totalBytesRequested="16" timestamp="2019-06-14T19:07:54.363" intervalms="3.972" type="nursery" />
<cycle-start id="1640" type="scavenge" contextid="0" timestamp="2019-06-14T19:07:54.363" intervalms="3.972" />
<gc-start id="1641" type="scavenge" contextid="1640" timestamp="2019-06-14T19:07:54.363">
  <mem-info id="1642" free="2068045016" total="2092630016" percent="98">
    <mem type="nursery" free="0" total="2097152" percent="0">
      <mem type="allocate" free="0" total="1507328" percent="0" />
      <mem type="survivor" free="0" total="589824" percent="0" />
    </mem>
    <mem type="tenure" free="2068045016" total="2090532864" percent="98">
      <mem type="soa" free="1963519192" total="1986007040" percent="98" />
      <mem type="loa" free="104525824" total="104525824" percent="100" />
    </mem>
    <remembered-set count="193" />
  </mem-info>
</gc-start>
<allocation-stats totalBytes="995832" >
  <allocated-bytes non-tlh="32" tlh="995800" />
  <largest-consumer threadName="PmdThread 2" threadId="00000000025E0800" bytes="409432" />
</allocation-stats>
<gc-op id="1643" type="scavenge" timems="1.907" contextid="1640" timestamp="2019-06-14T19:07:54.365">
  <scavenger-info tenureage="1" tenuremask="7ffe" tiltratio="71" />
  <memory-copied type="nursery" objects="11860" bytes="378632" bytesdiscarded="91376" />
  <memory-copied type="tenure" objects="10623" bytes="385696" bytesdiscarded="160" />
  <references type="weak" candidates="15" cleared="15" enqueued="15" />
</gc-op>
<gc-end id="1644" type="scavenge" contextid="1640" durationms="2.110" usertimems="4.000" systemtimems="0.000" timestamp="2019-06-14T19:07:54.365" activeThreads="4">
  <mem-info id="1645" free="2068697024" total="2092630016" percent="98">
    <mem type="nursery" free="1037312" total="2097152" percent="49">
      <mem type="allocate" free="1037312" total="1507328" percent="68" />
      <mem type="survivor" free="0" total="589824" percent="0" />
    </mem>
    <mem type="tenure" free="2067659712" total="2090532864" percent="98">
      <mem type="soa" free="1963133888" total="1986007040" percent="98" />
      <mem type="loa" free="104525824" total="104525824" percent="100" />
    </mem>
    <pending-finalizers system="0" default="0" reference="15" classloader="0" />
    <remembered-set count="239" />
  </mem-info>
</gc-end>
<cycle-end id="1646" type="scavenge" contextid="1640" timestamp="2019-06-14T19:07:54.366" />
  <attribute name="elasticGC enabled" value="1" />
  <attribute name= "numThreadsSpecified" value="4" />
  <attribute name="heapSize specified" value="8388608" />
  <attribute name="Current GC Util" value="49" />
  <attribute name= "Current Time Running" value="2353" />
  <attribute name ="GC Interval" value="200" />
  <attribute name="ProportionalT" value="14.500000" />
  <attribute name="ProportionalI" value="14.500000" />
  <attribute name="ProportionalH" value="14.500000" />
  <attribute name="Current Error" value="29.000000" />
  <attribute name="IntegralT" value="116.000000" />
  <attribute name="IntegralI" value="116.000000" />
  <attribute name="IntegralH" value="116.000000" />
  <attribute name="DerivativeT" value="1.125000" />
  <attribute name="DerivativeI" value="1.125000" />
  <attribute name="DerivativeH" value="1.125000" />
  <attribute name="Loop Time for DT" value="4.000000" />
  <attribute name="Output H" value="8388608"/>
  <attribute name="Output I" value="200"/>
  <attribute name="Output T" value="4"/>
  <attribute name="Target GC Util Change" value ="20.000000" />
  <attribute name="Current GC Util Change" value="49.000000"/>
  <attribute name="GC Util currently" value="49" />
  <attribute name="CPU Util currently" value="1158304433288" />
<allocation-satisfied id="1647" threadId="00000000025E0800" bytesRequested="16" />
<af-end id="1648" timestamp="2019-06-14T19:07:54.366" threadId="00000000025E1188" success="true" from="nursery"/>
<exclusive-end id="1649" timestamp="2019-06-14T19:07:54.366" durationms="2.570" />

<exclusive-start id="1650" timestamp="2019-06-14T19:07:54.368" intervalms="4.986">
  <response-info timems="0.045" idlems="0.045" threads="0" lastid="00000000025DCC00" lastname="PmdThread 1" />
</exclusive-start>
<af-start id="1651" threadId="00000000025DD588" totalBytesRequested="16" timestamp="2019-06-14T19:07:54.368" intervalms="4.988" type="nursery" />
<cycle-start id="1652" type="scavenge" contextid="0" timestamp="2019-06-14T19:07:54.368" intervalms="4.989" />
<gc-start id="1653" type="scavenge" contextid="1652" timestamp="2019-06-14T19:07:54.368">
  <mem-info id="1654" free="2067659712" total="2092630016" percent="98">
    <mem type="nursery" free="0" total="2097152" percent="0">
      <mem type="allocate" free="0" total="1507328" percent="0" />
      <mem type="survivor" free="0" total="589824" percent="0" />
    </mem>
    <mem type="tenure" free="2067659712" total="2090532864" percent="98">
      <mem type="soa" free="1963133888" total="1986007040" percent="98" />
      <mem type="loa" free="104525824" total="104525824" percent="100" />
    </mem>
    <remembered-set count="513" />
  </mem-info>
</gc-start>
<allocation-stats totalBytes="1036728" >
  <allocated-bytes non-tlh="16" tlh="1036712" />
  <largest-consumer threadName="PmdThread 4" threadId="00000000025DE300" bytes="462400" />
</allocation-stats>
<gc-op id="1655" type="scavenge" timems="1.239" contextid="1652" timestamp="2019-06-14T19:07:54.370">
  <scavenger-info tenureage="1" tenuremask="7ffe" tiltratio="71" />
  <memory-copied type="nursery" objects="3674" bytes="118488" bytesdiscarded="147224" />
  <memory-copied type="tenure" objects="11710" bytes="374408" bytesdiscarded="240" />
  <references type="weak" candidates="39" cleared="39" enqueued="39" />
  <references type="phantom" candidates="1" cleared="1" enqueued="1" />
</gc-op>
<gc-end id="1656" type="scavenge" contextid="1652" durationms="1.447" usertimems="4.000" systemtimems="0.000" timestamp="2019-06-14T19:07:54.370" activeThreads="4">
  <mem-info id="1657" free="2068575168" total="2092630016" percent="98">
    <mem type="nursery" free="1307136" total="2097152" percent="62">
      <mem type="allocate" free="1307136" total="1572864" percent="83" />
      <mem type="survivor" free="0" total="524288" percent="0" />
    </mem>
    <mem type="tenure" free="2067268032" total="2090532864" percent="98">
      <mem type="soa" free="1962742208" total="1986007040" percent="98" />
      <mem type="loa" free="104525824" total="104525824" percent="100" />
    </mem>
    <pending-finalizers system="0" default="0" reference="40" classloader="0" />
    <remembered-set count="520" />
  </mem-info>
</gc-end>
<cycle-end id="1658" type="scavenge" contextid="1652" timestamp="2019-06-14T19:07:54.370" />
  <attribute name="elasticGC enabled" value="1" />
  <attribute name= "numThreadsSpecified" value="4" />
  <attribute name="heapSize specified" value="8388608" />
  <attribute name="Current GC Util" value="61" />
  <attribute name= "Current Time Running" value="2358" />
  <attribute name ="GC Interval" value="232" />
  <attribute name="ProportionalT" value="20.500000" />
  <attribute name="ProportionalI" value="20.500000" />
  <attribute name="ProportionalH" value="20.500000" />
  <attribute name="Current Error" value="41.000000" />
  <attribute name="IntegralT" value="205.000000" />
  <attribute name="IntegralI" value="205.000000" />
  <attribute name="IntegralH" value="205.000000" />
  <attribute name="DerivativeT" value="1.200000" />
  <attribute name="DerivativeI" value="1.200000" />
  <attribute name="DerivativeH" value="1.200000" />
  <attribute name="Loop Time for DT" value="5.000000" />
  <attribute name="Output H" value="8388608"/>
  <attribute name="Output I" value="232"/>
  <attribute name="Output T" value="4"/>
  <attribute name="Target GC Util Change" value ="20.000000" />
  <attribute name="Current GC Util Change" value="61.000000"/>
  <attribute name="GC Util currently" value="61" />
  <attribute name="CPU Util currently" value="924597844122" />
<allocation-satisfied id="1659" threadId="00000000025DCC00" bytesRequested="16" />
<af-end id="1660" timestamp="2019-06-14T19:07:54.370" threadId="00000000025DD588" success="true" from="nursery"/>
<exclusive-end id="1661" timestamp="2019-06-14T19:07:54.370" durationms="1.908" />

<exclusive-start id="1662" timestamp="2019-06-14T19:07:54.373" intervalms="4.748">
  <response-info timems="0.059" idlems="0.030" threads="2" lastid="00000000022D0300" lastname="JIT Compilation Thread-0" />
</exclusive-start>
<af-start id="1663" threadId="00000000025DE088" totalBytesRequested="24" timestamp="2019-06-14T19:07:54.373" intervalms="4.757" type="nursery" />
<cycle-start id="1664" type="scavenge" contextid="0" timestamp="2019-06-14T19:07:54.373" intervalms="4.768" />
<gc-start id="1665" type="scavenge" contextid="1664" timestamp="2019-06-14T19:07:54.373">
  <mem-info id="1666" free="2067268032" total="2092630016" percent="98">
    <mem type="nursery" free="0" total="2097152" percent="0">
      <mem type="allocate" free="0" total="1572864" percent="0" />
      <mem type="survivor" free="0" total="524288" percent="0" />
    </mem>
    <mem type="tenure" free="2067268032" total="2090532864" percent="98">
      <mem type="soa" free="1962742208" total="1986007040" percent="98" />
      <mem type="loa" free="104525824" total="104525824" percent="100" />
    </mem>
    <remembered-set count="1228" />
  </mem-info>
</gc-start>
<allocation-stats totalBytes="1306664" >
  <allocated-bytes non-tlh="16" tlh="1306648" />
  <largest-consumer threadName="PmdThread 1" threadId="00000000025DCC00" bytes="528792" />
</allocation-stats>
<gc-op id="1667" type="scavenge" timems="0.732" contextid="1664" timestamp="2019-06-14T19:07:54.374">
  <scavenger-info tenureage="2" tenuremask="7ffc" tiltratio="75" />
  <memory-copied type="nursery" objects="5383" bytes="160544" bytesdiscarded="113600" />
  <references type="weak" candidates="18" cleared="18" enqueued="18" />
</gc-op>
<gc-end id="1668" type="scavenge" contextid="1664" durationms="0.920" usertimems="0.000" systemtimems="0.000" timestamp="2019-06-14T19:07:54.374" activeThreads="4">
  <mem-info id="1669" free="2068632256" total="2092630016" percent="98">
    <mem type="nursery" free="1364224" total="2097152" percent="65">
      <mem type="allocate" free="1364224" total="1638400" percent="83" />
      <mem type="survivor" free="0" total="458752" percent="0" />
    </mem>
    <mem type="tenure" free="2067268032" total="2090532864" percent="98">
      <mem type="soa" free="1962742208" total="1986007040" percent="98" />
      <mem type="loa" free="104525824" total="104525824" percent="100" />
    </mem>
    <pending-finalizers system="0" default="0" reference="18" classloader="0" />
    <remembered-set count="1155" />
  </mem-info>
</gc-end>
<cycle-end id="1670" type="scavenge" contextid="1664" timestamp="2019-06-14T19:07:54.374" />
  <attribute name="elasticGC enabled" value="1" />
  <attribute name= "numThreadsSpecified" value="4" />
  <attribute name="heapSize specified" value="8388608" />
  <attribute name="Current GC Util" value="37" />
  <attribute name= "Current Time Running" value="2363" />
  <attribute name ="GC Interval" value="200" />
  <attribute name="ProportionalT" value="8.500000" />
  <attribute name="ProportionalI" value="8.500000" />
  <attribute name="ProportionalH" value="8.500000" />
  <attribute name="Current Error" value="17.000000" />
  <attribute name="IntegralT" value="85.000000" />
  <attribute name="IntegralI" value="85.000000" />
  <attribute name="IntegralH" value="85.000000" />
  <attribute name="DerivativeT" value="-2.400000" />
  <attribute name="DerivativeI" value="-2.400000" />
  <attribute name="DerivativeH" value="-2.400000" />
  <attribute name="Loop Time for DT" value="5.000000" />
  <attribute name="Output H" value="8388608"/>
  <attribute name="Output I" value="200"/>
  <attribute name="Output T" value="4"/>
  <attribute name="Target GC Util Change" value ="20.000000" />
  <attribute name="Current GC Util Change" value="37.000000"/>
  <attribute name="GC Util currently" value="37" />
  <attribute name="CPU Util currently" value="973863954681" />
<allocation-satisfied id="1671" threadId="00000000025DD700" bytesRequested="24" />
<af-end id="1672" timestamp="2019-06-14T19:07:54.374" threadId="00000000025DE088" success="true" from="nursery"/>
<exclusive-end id="1673" timestamp="2019-06-14T19:07:54.374" durationms="1.370" />

<exclusive-start id="1674" timestamp="2019-06-14T19:07:54.377" intervalms="3.666">
  <response-info timems="0.169" idlems="0.057" threads="3" lastid="00000000025DD700" lastname="PmdThread 3" />
</exclusive-start>
<af-start id="1675" threadId="00000000025DEC88" totalBytesRequested="16392" timestamp="2019-06-14T19:07:54.377" intervalms="3.652" type="nursery" />
<cycle-start id="1676" type="scavenge" contextid="0" timestamp="2019-06-14T19:07:54.377" intervalms="3.638" />
<gc-start id="1677" type="scavenge" contextid="1676" timestamp="2019-06-14T19:07:54.377">
  <mem-info id="1678" free="2067268032" total="2092630016" percent="98">
    <mem type="nursery" free="0" total="2097152" percent="0">
      <mem type="allocate" free="0" total="1638400" percent="0" />
      <mem type="survivor" free="0" total="458752" percent="0" />
    </mem>
    <mem type="tenure" free="2067268032" total="2090532864" percent="98">
      <mem type="soa" free="1962742208" total="1986007040" percent="98" />
      <mem type="loa" free="104525824" total="104525824" percent="100" />
    </mem>
    <remembered-set count="1614" />
  </mem-info>
</gc-start>
<allocation-stats totalBytes="1351480" >
  <allocated-bytes non-tlh="24" tlh="1351456" />
  <largest-consumer threadName="PmdThread 1" threadId="00000000025DCC00" bytes="593792" />
</allocation-stats>
<gc-op id="1679" type="scavenge" timems="1.289" contextid="1676" timestamp="2019-06-14T19:07:54.378">
  <scavenger-info tenureage="3" tenuremask="7ff8" tiltratio="78" />
  <memory-copied type="nursery" objects="7258" bytes="304408" bytesdiscarded="103528" />
  <references type="weak" candidates="9" cleared="9" enqueued="9" />
  <references type="phantom" candidates="2" cleared="1" enqueued="1" />
</gc-op>
<gc-end id="1680" type="scavenge" contextid="1676" durationms="1.482" usertimems="4.000" systemtimems="0.000" timestamp="2019-06-14T19:07:54.378" activeThreads="4">
  <mem-info id="1681" free="2068432816" total="2092630016" percent="98">
    <mem type="nursery" free="1164784" total="2097152" percent="55">
      <mem type="allocate" free="1164784" total="1572864" percent="74" />
      <mem type="survivor" free="0" total="524288" percent="0" />
    </mem>
    <mem type="tenure" free="2067268032" total="2090532864" percent="98">
      <mem type="soa" free="1962742208" total="1986007040" percent="98" />
      <mem type="loa" free="104525824" total="104525824" percent="100" />
    </mem>
    <pending-finalizers system="0" default="0" reference="10" classloader="0" />
    <remembered-set count="1592" />
  </mem-info>
</gc-end>
<cycle-end id="1682" type="scavenge" contextid="1676" timestamp="2019-06-14T19:07:54.378" />
  <attribute name="elasticGC enabled" value="1" />
  <attribute name= "numThreadsSpecified" value="4" />
  <attribute name="heapSize specified" value="8388608" />
  <attribute name="Current GC Util" value="37" />
  <attribute name= "Current Time Running" value="2367" />
  <attribute name ="GC Interval" value="200" />
  <attribute name="ProportionalT" value="8.500000" />
  <attribute name="ProportionalI" value="8.500000" />
  <attribute name="ProportionalH" value="8.500000" />
  <attribute name="Current Error" value="17.000000" />
  <attribute name="IntegralT" value="68.000000" />
  <attribute name="IntegralI" value="68.000000" />
  <attribute name="IntegralH" value="68.000000" />
  <attribute name="DerivativeT" value="0.000000" />
  <attribute name="DerivativeI" value="0.000000" />
  <attribute name="DerivativeH" value="0.000000" />
  <attribute name="Loop Time for DT" value="4.000000" />
  <attribute name="Output H" value="8388608"/>
  <attribute name="Output I" value="200"/>
  <attribute name="Output T" value="4"/>
  <attribute name="Target GC Util Change" value ="20.000000" />
  <attribute name="Current GC Util Change" value="37.000000"/>
  <attribute name="GC Util currently" value="37" />
  <attribute name="CPU Util currently" value="1258106435054" />
<allocation-satisfied id="1683" threadId="00000000025DE300" bytesRequested="16392" />
<af-end id="1684" timestamp="2019-06-14T19:07:54.378" threadId="00000000025DEC88" success="true" from="nursery"/>
<exclusive-end id="1685" timestamp="2019-06-14T19:07:54.378" durationms="1.941" />

<exclusive-start id="1686" timestamp="2019-06-14T19:07:54.382" intervalms="5.144">
  <response-info timems="0.040" idlems="0.040" threads="0" lastid="00000000025DE300" lastname="PmdThread 4" />
</exclusive-start>
<af-start id="1687" threadId="00000000025DEC88" totalBytesRequested="128" timestamp="2019-06-14T19:07:54.382" intervalms="5.146" type="nursery" />
<cycle-start id="1688" type="scavenge" contextid="0" timestamp="2019-06-14T19:07:54.382" intervalms="5.150" />
<gc-start id="1689" type="scavenge" contextid="1688" timestamp="2019-06-14T19:07:54.382">
  <mem-info id="1690" free="2067268032" total="2092630016" percent="98">
    <mem type="nursery" free="0" total="2097152" percent="0">
      <mem type="allocate" free="0" total="1572864" percent="0" />
      <mem type="survivor" free="0" total="524288" percent="0" />
    </mem>
    <mem type="tenure" free="2067268032" total="2090532864" percent="98">
      <mem type="soa" free="1962742208" total="1986007040" percent="98" />
      <mem type="loa" free="104525824" total="104525824" percent="100" />
    </mem>
    <remembered-set count="1845" />
  </mem-info>
</gc-start>
<allocation-stats totalBytes="1164464" >
  <allocated-bytes non-tlh="16392" tlh="1148072" />
  <largest-consumer threadName="PmdThread 4" threadId="00000000025DE300" bytes="569192" />
</allocation-stats>
<gc-op id="1691" type="scavenge" timems="1.847" contextid="1688" timestamp="2019-06-14T19:07:54.384">
  <scavenger-info tenureage="3" tenuremask="7ff8" tiltratio="75" />
  <memory-copied type="nursery" objects="7810" bytes="362176" bytesdiscarded="109120" />
  <memory-copied type="tenure" objects="3546" bytes="108728" bytesdiscarded="24" />
  <references type="weak" candidates="33" cleared="33" enqueued="33" />
  <references type="phantom" candidates="1" cleared="1" enqueued="1" />
</gc-op>
<gc-end id="1692" type="scavenge" contextid="1688" durationms="2.094" usertimems="4.000" systemtimems="0.000" timestamp="2019-06-14T19:07:54.384" activeThreads="4">
  <mem-info id="1693" free="2068317592" total="2092630016" percent="98">
    <mem type="nursery" free="1167064" total="2097152" percent="55">
      <mem type="allocate" free="1167064" total="1638400" percent="71" />
      <mem type="survivor" free="0" total="458752" percent="0" />
    </mem>
    <mem type="tenure" free="2067150528" total="2090532864" percent="98">
      <mem type="soa" free="1962624704" total="1986007040" percent="98" />
      <mem type="loa" free="104525824" total="104525824" percent="100" />
    </mem>
    <pending-finalizers system="0" default="0" reference="34" classloader="0" />
    <remembered-set count="1299" />
  </mem-info>
</gc-end>
<cycle-end id="1694" type="scavenge" contextid="1688" timestamp="2019-06-14T19:07:54.384" />
  <attribute name="elasticGC enabled" value="1" />
  <attribute name= "numThreadsSpecified" value="4" />
  <attribute name="heapSize specified" value="8388608" />
  <attribute name="Current GC Util" value="51" />
  <attribute name= "Current Time Running" value="2372" />
  <attribute name ="GC Interval" value="200" />
  <attribute name="ProportionalT" value="15.500000" />
  <attribute name="ProportionalI" value="15.500000" />
  <attribute name="ProportionalH" value="15.500000" />
  <attribute name="Current Error" value="31.000000" />
  <attribute name="IntegralT" value="155.000000" />
  <attribute name="IntegralI" value="155.000000" />
  <attribute name="IntegralH" value="155.000000" />
  <attribute name="DerivativeT" value="1.400000" />
  <attribute name="DerivativeI" value="1.400000" />
  <attribute name="DerivativeH" value="1.400000" />
  <attribute name="Loop Time for DT" value="5.000000" />
  <attribute name="Output H" value="8388608"/>
  <attribute name="Output I" value="200"/>
  <attribute name="Output T" value="4"/>
  <attribute name="Target GC Util Change" value ="20.000000" />
  <attribute name="Current GC Util Change" value="51.000000"/>
  <attribute name="GC Util currently" value="51" />
  <attribute name="CPU Util currently" value="894332434202" />
<allocation-satisfied id="1695" threadId="00000000025DE300" bytesRequested="128" />
<af-end id="1696" timestamp="2019-06-14T19:07:54.384" threadId="00000000025DEC88" success="true" from="nursery"/>
<exclusive-end id="1697" timestamp="2019-06-14T19:07:54.384" durationms="2.572" />

<exclusive-start id="1698" timestamp="2019-06-14T19:07:54.387" intervalms="5.445">
  <response-info timems="0.046" idlems="0.025" threads="1" lastid="00000000025DCC00" lastname="PmdThread 1" />
</exclusive-start>
<af-start id="1699" threadId="00000000025DE088" totalBytesRequested="16" timestamp="2019-06-14T19:07:54.387" intervalms="5.484" type="nursery" />
<cycle-start id="1700" type="scavenge" contextid="0" timestamp="2019-06-14T19:07:54.387" intervalms="5.486" />
<gc-start id="1701" type="scavenge" contextid="1700" timestamp="2019-06-14T19:07:54.387">
  <mem-info id="1702" free="2067150528" total="2092630016" percent="98">
    <mem type="nursery" free="0" total="2097152" percent="0">
      <mem type="allocate" free="0" total="1638400" percent="0" />
      <mem type="survivor" free="0" total="458752" percent="0" />
    </mem>
    <mem type="tenure" free="2067150528" total="2090532864" percent="98">
      <mem type="soa" free="1962624704" total="1986007040" percent="98" />
      <mem type="loa" free="104525824" total="104525824" percent="100" />
    </mem>
    <remembered-set count="1510" />
  </mem-info>
</gc-start>
<allocation-stats totalBytes="1166584" >
  <allocated-bytes non-tlh="128" tlh="1166456" />
  <largest-consumer threadName="PmdThread 2" threadId="00000000025E0800" bytes="519664" />
</allocation-stats>
<gc-op id="1703" type="scavenge" timems="1.631" contextid="1700" timestamp="2019-06-14T19:07:54.389">
  <scavenger-info tenureage="3" tenuremask="7ff8" tiltratio="78" />
  <memory-copied type="nursery" objects="8269" bytes="377024" bytesdiscarded="81328" />
  <memory-copied type="tenure" objects="10927" bytes="353064" bytesdiscarded="832" />
  <copy-failed type="nursery" objects="9189" bytes="304808" />
  <references type="weak" candidates="12" cleared="12" enqueued="12" />
  <references type="phantom" candidates="2" cleared="0" enqueued="0" />
</gc-op>
<gc-end id="1704" type="scavenge" contextid="1700" durationms="1.831" usertimems="4.000" systemtimems="0.000" timestamp="2019-06-14T19:07:54.389" activeThreads="4">
  <mem-info id="1705" free="2067379640" total="2092630016" percent="98">
    <mem type="nursery" free="589824" total="2097152" percent="28">
      <mem type="allocate" free="589824" total="1048576" percent="56" />
      <mem type="survivor" free="0" total="1048576" percent="0" />
    </mem>
    <mem type="tenure" free="2066789816" total="2090532864" percent="98">
      <mem type="soa" free="1962263992" total="1986007040" percent="98" />
      <mem type="loa" free="104525824" total="104525824" percent="100" />
    </mem>
    <pending-finalizers system="0" default="0" reference="12" classloader="0" />
    <remembered-set count="877" />
  </mem-info>
</gc-end>
<cycle-end id="1706" type="scavenge" contextid="1700" timestamp="2019-06-14T19:07:54.389" />
  <attribute name="elasticGC enabled" value="1" />
  <attribute name= "numThreadsSpecified" value="4" />
  <attribute name="heapSize specified" value="8388608" />
  <attribute name="Current GC Util" value="62" />
  <attribute name= "Current Time Running" value="2377" />
  <attribute name ="GC Interval" value="232" />
  <attribute name="ProportionalT" value="21.000000" />
  <attribute name="ProportionalI" value="21.000000" />
  <attribute name="ProportionalH" value="21.000000" />
  <attribute name="Current Error" value="42.000000" />
  <attribute name="IntegralT" value="210.000000" />
  <attribute name="IntegralI" value="210.000000" />
  <attribute name="IntegralH" value="210.000000" />
  <attribute name="DerivativeT" value="1.100000" />
  <attribute name="DerivativeI" value="1.100000" />
  <attribute name="DerivativeH" value="1.100000" />
  <attribute name="Loop Time for DT" value="5.000000" />
  <attribute name="Output H" value="8388608"/>
  <attribute name="Output I" value="232"/>
  <attribute name="Output T" value="4"/>
  <attribute name="Target GC Util Change" value ="20.000000" />
  <attribute name="Current GC Util Change" value="62.000000"/>
  <attribute name="GC Util currently" value="62" />
  <attribute name="CPU Util currently" value="841496639711" />
<allocation-satisfied id="1707" threadId="00000000025DD700" bytesRequested="16" />
<af-end id="1708" timestamp="2019-06-14T19:07:54.389" threadId="00000000025DE088" success="true" from="nursery"/>
<exclusive-end id="1709" timestamp="2019-06-14T19:07:54.389" durationms="2.337" />

<exclusive-start id="1710" timestamp="2019-06-14T19:07:54.392" intervalms="4.519">
  <response-info timems="0.206" idlems="0.192" threads="1" lastid="00000000025DD700" lastname="PmdThread 3" />
</exclusive-start>
<af-start id="1711" threadId="00000000025DD588" totalBytesRequested="16" timestamp="2019-06-14T19:07:54.392" intervalms="4.477" type="nursery" />
<cycle-start id="1712" type="scavenge" contextid="0" timestamp="2019-06-14T19:07:54.392" intervalms="4.475" />
<gc-start id="1713" type="scavenge" contextid="1712" timestamp="2019-06-14T19:07:54.392">
  <mem-info id="1714" free="2066789816" total="2092630016" percent="98">
    <mem type="nursery" free="0" total="2097152" percent="0">
      <mem type="allocate" free="0" total="1048576" percent="0" />
      <mem type="survivor" free="0" total="1048576" percent="0" />
    </mem>
    <mem type="tenure" free="2066789816" total="2090532864" percent="98">
      <mem type="soa" free="1962263992" total="1986007040" percent="98" />
      <mem type="loa" free="104525824" total="104525824" percent="100" />
    </mem>
    <remembered-set count="889" />
  </mem-info>
</gc-start>
<allocation-stats totalBytes="589368" >
  <allocated-bytes non-tlh="32800" tlh="556568" />
  <largest-consumer threadName="PmdThread 4" threadId="00000000025DE300" bytes="343720" />
</allocation-stats>
<gc-op id="1715" type="scavenge" timems="0.858" contextid="1712" timestamp="2019-06-14T19:07:54.393">
  <scavenger-info tenureage="2" tenuremask="7ffc" tiltratio="50" />
  <memory-copied type="nursery" objects="10951" bytes="467984" bytesdiscarded="92200" />
  <memory-copied type="tenure" objects="3767" bytes="163744" bytesdiscarded="32" />
  <references type="phantom" candidates="1" cleared="0" enqueued="0" />
</gc-op>
<gc-end id="1716" type="scavenge" contextid="1712" durationms="1.067" usertimems="0.000" systemtimems="0.000" timestamp="2019-06-14T19:07:54.393" activeThreads="4">
  <mem-info id="1717" free="2067111512" total="2092630016" percent="98">
    <mem type="nursery" free="488384" total="2097152" percent="23">
      <mem type="allocate" free="488384" total="1048576" percent="46" />
      <mem type="survivor" free="0" total="1048576" percent="0" />
    </mem>
    <mem type="tenure" free="2066623128" total="2090532864" percent="98">
      <mem type="soa" free="1962097304" total="1986007040" percent="98" />
      <mem type="loa" free="104525824" total="104525824" percent="100" />
    </mem>
    <remembered-set count="328" />
  </mem-info>
</gc-end>
<cycle-end id="1718" type="scavenge" contextid="1712" timestamp="2019-06-14T19:07:54.393" />
  <attribute name="elasticGC enabled" value="1" />
  <attribute name= "numThreadsSpecified" value="4" />
  <attribute name="heapSize specified" value="8388608" />
  <attribute name="Current GC Util" value="49" />
  <attribute name= "Current Time Running" value="2382" />
  <attribute name ="GC Interval" value="200" />
  <attribute name="ProportionalT" value="14.500000" />
  <attribute name="ProportionalI" value="14.500000" />
  <attribute name="ProportionalH" value="14.500000" />
  <attribute name="Current Error" value="29.000000" />
  <attribute name="IntegralT" value="145.000000" />
  <attribute name="IntegralI" value="145.000000" />
  <attribute name="IntegralH" value="145.000000" />
  <attribute name="DerivativeT" value="-1.300000" />
  <attribute name="DerivativeI" value="-1.300000" />
  <attribute name="DerivativeH" value="-1.300000" />
  <attribute name="Loop Time for DT" value="5.000000" />
  <attribute name="Output H" value="8388608"/>
  <attribute name="Output I" value="200"/>
  <attribute name="Output T" value="4"/>
  <attribute name="Target GC Util Change" value ="20.000000" />
  <attribute name="Current GC Util Change" value="49.000000"/>
  <attribute name="GC Util currently" value="49" />
  <attribute name="CPU Util currently" value="1028344048584" />
<allocation-satisfied id="1719" threadId="00000000025DCC00" bytesRequested="16" />
<af-end id="1720" timestamp="2019-06-14T19:07:54.393" threadId="00000000025DD588" success="true" from="nursery"/>
<exclusive-end id="1721" timestamp="2019-06-14T19:07:54.393" durationms="1.523" />

<exclusive-start id="1722" timestamp="2019-06-14T19:07:54.395" intervalms="3.664">
  <response-info timems="0.195" idlems="0.195" threads="0" lastid="00000000025DE300" lastname="PmdThread 4" />
</exclusive-start>
<af-start id="1723" threadId="00000000025DEC88" totalBytesRequested="40" timestamp="2019-06-14T19:07:54.395" intervalms="3.666" type="nursery" />
<cycle-start id="1724" type="scavenge" contextid="0" timestamp="2019-06-14T19:07:54.395" intervalms="3.668" />
<gc-start id="1725" type="scavenge" contextid="1724" timestamp="2019-06-14T19:07:54.396">
  <mem-info id="1726" free="2066623128" total="2092630016" percent="98">
    <mem type="nursery" free="0" total="2097152" percent="0">
      <mem type="allocate" free="0" total="1048576" percent="0" />
      <mem type="survivor" free="0" total="1048576" percent="0" />
    </mem>
    <mem type="tenure" free="2066623128" total="2090532864" percent="98">
      <mem type="soa" free="1962097304" total="1986007040" percent="98" />
      <mem type="loa" free="104525824" total="104525824" percent="100" />
    </mem>
    <remembered-set count="340" />
  </mem-info>
</gc-start>
<allocation-stats totalBytes="488256" >
  <allocated-bytes non-tlh="16" tlh="488240" />
  <largest-consumer threadName="PmdThread 2" threadId="00000000025E0800" bytes="233416" />
</allocation-stats>
<gc-op id="1727" type="scavenge" timems="1.478" contextid="1724" timestamp="2019-06-14T19:07:54.397">
  <scavenger-info tenureage="1" tenuremask="7ffe" tiltratio="50" />
  <memory-copied type="nursery" objects="7761" bytes="242728" bytesdiscarded="109768" />
  <memory-copied type="tenure" objects="10312" bytes="451344" bytesdiscarded="664" />
</gc-op>
<gc-end id="1728" type="scavenge" contextid="1724" durationms="1.693" usertimems="4.000" systemtimems="0.000" timestamp="2019-06-14T19:07:54.397" activeThreads="4">
  <mem-info id="1729" free="2067017840" total="2092630016" percent="98">
    <mem type="nursery" free="827136" total="2097152" percent="39">
      <mem type="allocate" free="827136" total="1179648" percent="70" />
      <mem type="survivor" free="0" total="917504" percent="0" />
    </mem>
    <mem type="tenure" free="2066190704" total="2090532864" percent="98">
      <mem type="soa" free="1961664880" total="1986007040" percent="98" />
      <mem type="loa" free="104525824" total="104525824" percent="100" />
    </mem>
    <remembered-set count="219" />
  </mem-info>
</gc-end>
<cycle-end id="1730" type="scavenge" contextid="1724" timestamp="2019-06-14T19:07:54.397" />
  <attribute name="elasticGC enabled" value="1" />
  <attribute name= "numThreadsSpecified" value="4" />
  <attribute name="heapSize specified" value="8388608" />
  <attribute name="Current GC Util" value="46" />
  <attribute name= "Current Time Running" value="2386" />
  <attribute name ="GC Interval" value="200" />
  <attribute name="ProportionalT" value="13.000000" />
  <attribute name="ProportionalI" value="13.000000" />
  <attribute name="ProportionalH" value="13.000000" />
  <attribute name="Current Error" value="26.000000" />
  <attribute name="IntegralT" value="104.000000" />
  <attribute name="IntegralI" value="104.000000" />
  <attribute name="IntegralH" value="104.000000" />
  <attribute name="DerivativeT" value="-0.375000" />
  <attribute name="DerivativeI" value="-0.375000" />
  <attribute name="DerivativeH" value="-0.375000" />
  <attribute name="Loop Time for DT" value="4.000000" />
  <attribute name="Output H" value="8388608"/>
  <attribute name="Output I" value="200"/>
  <attribute name="Output T" value="4"/>
  <attribute name="Target GC Util Change" value ="20.000000" />
  <attribute name="Current GC Util Change" value="46.000000"/>
  <attribute name="GC Util currently" value="46" />
  <attribute name="CPU Util currently" value="1256068258050" />
<allocation-satisfied id="1731" threadId="00000000025DE300" bytesRequested="40" />
<af-end id="1732" timestamp="2019-06-14T19:07:54.397" threadId="00000000025DEC88" success="true" from="nursery"/>
<exclusive-end id="1733" timestamp="2019-06-14T19:07:54.397" durationms="2.143" />

<exclusive-start id="1734" timestamp="2019-06-14T19:07:54.400" intervalms="4.810">
  <response-info timems="0.032" idlems="0.032" threads="0" lastid="00000000025DE300" lastname="PmdThread 4" />
</exclusive-start>
<af-start id="1735" threadId="00000000025DEC88" totalBytesRequested="48" timestamp="2019-06-14T19:07:54.400" intervalms="4.805" type="nursery" />
<cycle-start id="1736" type="scavenge" contextid="0" timestamp="2019-06-14T19:07:54.400" intervalms="4.800" />
<gc-start id="1737" type="scavenge" contextid="1736" timestamp="2019-06-14T19:07:54.400">
  <mem-info id="1738" free="2066190704" total="2092630016" percent="98">
    <mem type="nursery" free="0" total="2097152" percent="0">
      <mem type="allocate" free="0" total="1179648" percent="0" />
      <mem type="survivor" free="0" total="917504" percent="0" />
    </mem>
    <mem type="tenure" free="2066190704" total="2090532864" percent="98">
      <mem type="soa" free="1961664880" total="1986007040" percent="98" />
      <mem type="loa" free="104525824" total="104525824" percent="100" />
    </mem>
    <remembered-set count="461" />
  </mem-info>
</gc-start>
<allocation-stats totalBytes="826224" >
  <allocated-bytes non-tlh="40" tlh="826184" />
  <largest-consumer threadName="PmdThread 2" threadId="00000000025E0800" bytes="405368" />
</allocation-stats>
<gc-op id="1739" type="scavenge" timems="2.059" contextid="1736" timestamp="2019-06-14T19:07:54.402">
  <scavenger-info tenureage="1" tenuremask="7ffe" tiltratio="56" />
  <memory-copied type="nursery" objects="11244" bytes="341656" bytesdiscarded="89176" />
  <memory-copied type="tenure" objects="7236" bytes="228672" bytesdiscarded="96" />
  <references type="weak" candidates="7" cleared="7" enqueued="7" />
  <references type="phantom" candidates="1" cleared="1" enqueued="1" />
</gc-op>
<gc-end id="1740" type="scavenge" contextid="1736" durationms="2.257" usertimems="4.000" systemtimems="0.000" timestamp="2019-06-14T19:07:54.403" activeThreads="4">
  <mem-info id="1741" free="2066770032" total="2092630016" percent="98">
    <mem type="nursery" free="814336" total="2097152" percent="38">
      <mem type="allocate" free="814336" total="1245184" percent="65" />
      <mem type="survivor" free="0" total="851968" percent="0" />
    </mem>
    <mem type="tenure" free="2065955696" total="2090532864" percent="98">
      <mem type="soa" free="1961429872" total="1986007040" percent="98" />
      <mem type="loa" free="104525824" total="104525824" percent="100" />
    </mem>
    <pending-finalizers system="0" default="0" reference="8" classloader="0" />
    <remembered-set count="554" />
  </mem-info>
</gc-end>
<cycle-end id="1742" type="scavenge" contextid="1736" timestamp="2019-06-14T19:07:54.403" />
  <attribute name="elasticGC enabled" value="1" />
  <attribute name= "numThreadsSpecified" value="4" />
  <attribute name="heapSize specified" value="8388608" />
  <attribute name="Current GC Util" value="67" />
  <attribute name= "Current Time Running" value="2390" />
  <attribute name ="GC Interval" value="216" />
  <attribute name="ProportionalT" value="23.500000" />
  <attribute name="ProportionalI" value="23.500000" />
  <attribute name="ProportionalH" value="23.500000" />
  <attribute name="Current Error" value="47.000000" />
  <attribute name="IntegralT" value="188.000000" />
  <attribute name="IntegralI" value="188.000000" />
  <attribute name="IntegralH" value="188.000000" />
  <attribute name="DerivativeT" value="2.625000" />
  <attribute name="DerivativeI" value="2.625000" />
  <attribute name="DerivativeH" value="2.625000" />
  <attribute name="Loop Time for DT" value="4.000000" />
  <attribute name="Output H" value="8388608"/>
  <attribute name="Output I" value="216"/>
  <attribute name="Output T" value="4"/>
  <attribute name="Target GC Util Change" value ="20.000000" />
  <attribute name="Current GC Util Change" value="67.000000"/>
  <attribute name="GC Util currently" value="67" />
  <attribute name="CPU Util currently" value="963679838266" />
<allocation-satisfied id="1743" threadId="00000000025DE300" bytesRequested="48" />
<af-end id="1744" timestamp="2019-06-14T19:07:54.403" threadId="00000000025DEC88" success="true" from="nursery"/>
<exclusive-end id="1745" timestamp="2019-06-14T19:07:54.403" durationms="2.705" />

<exclusive-start id="1746" timestamp="2019-06-14T19:07:54.405" intervalms="4.871">
  <response-info timems="0.041" idlems="0.022" threads="1" lastid="00000000025DCC00" lastname="PmdThread 1" />
</exclusive-start>
<af-start id="1747" threadId="00000000025DE088" totalBytesRequested="24" timestamp="2019-06-14T19:07:54.405" intervalms="4.878" type="nursery" />
<cycle-start id="1748" type="scavenge" contextid="0" timestamp="2019-06-14T19:07:54.405" intervalms="4.880" />
<gc-start id="1749" type="scavenge" contextid="1748" timestamp="2019-06-14T19:07:54.405">
  <mem-info id="1750" free="2065955696" total="2092630016" percent="98">
    <mem type="nursery" free="0" total="2097152" percent="0">
      <mem type="allocate" free="0" total="1245184" percent="0" />
      <mem type="survivor" free="0" total="851968" percent="0" />
    </mem>
    <mem type="tenure" free="2065955696" total="2090532864" percent="98">
      <mem type="soa" free="1961429872" total="1986007040" percent="98" />
      <mem type="loa" free="104525824" total="104525824" percent="100" />
    </mem>
    <remembered-set count="628" />
  </mem-info>
</gc-start>
<allocation-stats totalBytes="813984" >
  <allocated-bytes non-tlh="32832" tlh="781152" />
  <largest-consumer threadName="PmdThread 2" threadId="00000000025E0800" bytes="302152" />
</allocation-stats>
<gc-op id="1751" type="scavenge" timems="1.412" contextid="1748" timestamp="2019-06-14T19:07:54.407">
  <scavenger-info tenureage="1" tenuremask="7ffe" tiltratio="59" />
  <memory-copied type="nursery" objects="7264" bytes="288872" bytesdiscarded="135568" />
  <memory-copied type="tenure" objects="11165" bytes="338360" bytesdiscarded="120" />
  <references type="weak" candidates="1" cleared="1" enqueued="1" />
  <references type="phantom" candidates="1" cleared="1" enqueued="1" />
</gc-op>
<gc-end id="1752" type="scavenge" contextid="1748" durationms="1.614" usertimems="0.000" systemtimems="0.000" timestamp="2019-06-14T19:07:54.407" activeThreads="4">
  <mem-info id="1753" free="2066528600" total="2092630016" percent="98">
    <mem type="nursery" free="886248" total="2097152" percent="42">
      <mem type="allocate" free="886248" total="1310720" percent="67" />
      <mem type="survivor" free="0" total="786432" percent="0" />
    </mem>
    <mem type="tenure" free="2065642352" total="2090532864" percent="98">
      <mem type="soa" free="1961116528" total="1986007040" percent="98" />
      <mem type="loa" free="104525824" total="104525824" percent="100" />
    </mem>
    <pending-finalizers system="0" default="0" reference="2" classloader="0" />
    <remembered-set count="261" />
  </mem-info>
</gc-end>
<cycle-end id="1754" type="scavenge" contextid="1748" timestamp="2019-06-14T19:07:54.407" />
  <attribute name="elasticGC enabled" value="1" />
  <attribute name= "numThreadsSpecified" value="4" />
  <attribute name="heapSize specified" value="8388608" />
  <attribute name="Current GC Util" value="77" />
  <attribute name= "Current Time Running" value="2395" />
  <attribute name ="GC Interval" value="320" />
  <attribute name="ProportionalT" value="28.500000" />
  <attribute name="ProportionalI" value="28.500000" />
  <attribute name="ProportionalH" value="28.500000" />
  <attribute name="Current Error" value="57.000000" />
  <attribute name="IntegralT" value="285.000000" />
  <attribute name="IntegralI" value="285.000000" />
  <attribute name="IntegralH" value="285.000000" />
  <attribute name="DerivativeT" value="1.000000" />
  <attribute name="DerivativeI" value="1.000000" />
  <attribute name="DerivativeH" value="1.000000" />
  <attribute name="Loop Time for DT" value="5.000000" />
  <attribute name="Output H" value="8388608"/>
  <attribute name="Output I" value="320"/>
  <attribute name="Output T" value="4"/>
  <attribute name="Target GC Util Change" value ="20.000000" />
  <attribute name="Current GC Util Change" value="77.000000"/>
  <attribute name="GC Util currently" value="77" />
  <attribute name="CPU Util currently" value="943284919148" />
<allocation-satisfied id="1755" threadId="00000000025DD700" bytesRequested="24" />
<af-end id="1756" timestamp="2019-06-14T19:07:54.407" threadId="00000000025DE088" success="true" from="nursery"/>
<exclusive-end id="1757" timestamp="2019-06-14T19:07:54.407" durationms="2.141" />

<exclusive-start id="1758" timestamp="2019-06-14T19:07:54.410" intervalms="5.346">
  <response-info timems="0.043" idlems="0.043" threads="0" lastid="00000000025DE300" lastname="PmdThread 4" />
</exclusive-start>
<af-start id="1759" threadId="00000000025DEC88" totalBytesRequested="496" timestamp="2019-06-14T19:07:54.410" intervalms="5.344" type="nursery" />
<cycle-start id="1760" type="scavenge" contextid="0" timestamp="2019-06-14T19:07:54.410" intervalms="5.352" />
<gc-start id="1761" type="scavenge" contextid="1760" timestamp="2019-06-14T19:07:54.411">
  <mem-info id="1762" free="2065642352" total="2092630016" percent="98">
    <mem type="nursery" free="0" total="2097152" percent="0">
      <mem type="allocate" free="0" total="1310720" percent="0" />
      <mem type="survivor" free="0" total="786432" percent="0" />
    </mem>
    <mem type="tenure" free="2065642352" total="2090532864" percent="98">
      <mem type="soa" free="1961116528" total="1986007040" percent="98" />
      <mem type="loa" free="104525824" total="104525824" percent="100" />
    </mem>
    <remembered-set count="458" />
  </mem-info>
</gc-start>
<allocation-stats totalBytes="856672" >
  <allocated-bytes non-tlh="24" tlh="856648" />
  <largest-consumer threadName="PmdThread 4" threadId="00000000025DE300" bytes="375072" />
</allocation-stats>
<gc-op id="1763" type="scavenge" timems="1.762" contextid="1760" timestamp="2019-06-14T19:07:54.412">
  <scavenger-info tenureage="1" tenuremask="7ffe" tiltratio="62" />
  <memory-copied type="nursery" objects="7552" bytes="294272" bytesdiscarded="91016" />
  <memory-copied type="tenure" objects="7220" bytes="277128" bytesdiscarded="64" />
  <references type="weak" candidates="31" cleared="31" enqueued="31" />
  <references type="phantom" candidates="2" cleared="1" enqueued="1" />
</gc-op>
<gc-end id="1764" type="scavenge" contextid="1760" durationms="1.971" usertimems="4.000" systemtimems="0.000" timestamp="2019-06-14T19:07:54.413" activeThreads="4">
  <mem-info id="1765" free="2066431048" total="2092630016" percent="98">
    <mem type="nursery" free="1056496" total="2097152" percent="50">
      <mem type="allocate" free="1056496" total="1441792" percent="73" />
      <mem type="survivor" free="0" total="655360" percent="0" />
    </mem>
    <mem type="tenure" free="2065374552" total="2090532864" percent="98">
      <mem type="soa" free="1960848728" total="1986007040" percent="98" />
      <mem type="loa" free="104525824" total="104525824" percent="100" />
    </mem>
    <pending-finalizers system="0" default="0" reference="32" classloader="0" />
    <remembered-set count="173" />
  </mem-info>
</gc-end>
<cycle-end id="1766" type="scavenge" contextid="1760" timestamp="2019-06-14T19:07:54.413" />
  <attribute name="elasticGC enabled" value="1" />
  <attribute name= "numThreadsSpecified" value="4" />
  <attribute name="heapSize specified" value="8388608" />
  <attribute name="Current GC Util" value="35" />
  <attribute name= "Current Time Running" value="2401" />
  <attribute name ="GC Interval" value="200" />
  <attribute name="ProportionalT" value="7.500000" />
  <attribute name="ProportionalI" value="7.500000" />
  <attribute name="ProportionalH" value="7.500000" />
  <attribute name="Current Error" value="15.000000" />
  <attribute name="IntegralT" value="90.000000" />
  <attribute name="IntegralI" value="90.000000" />
  <attribute name="IntegralH" value="90.000000" />
  <attribute name="DerivativeT" value="-3.500000" />
  <attribute name="DerivativeI" value="-3.500000" />
  <attribute name="DerivativeH" value="-3.500000" />
  <attribute name="Loop Time for DT" value="6.000000" />
  <attribute name="Output H" value="8388608"/>
  <attribute name="Output I" value="200"/>
  <attribute name="Output T" value="4"/>
  <attribute name="Target GC Util Change" value ="20.000000" />
  <attribute name="Current GC Util Change" value="35.000000"/>
  <attribute name="GC Util currently" value="35" />
  <attribute name="CPU Util currently" value="860401541433" />
<allocation-satisfied id="1767" threadId="00000000025DE300" bytesRequested="496" />
<af-end id="1768" timestamp="2019-06-14T19:07:54.413" threadId="00000000025DEC88" success="true" from="nursery"/>
<exclusive-end id="1769" timestamp="2019-06-14T19:07:54.413" durationms="2.439" />

<exclusive-start id="1770" timestamp="2019-06-14T19:07:54.416" intervalms="5.407">
  <response-info timems="0.044" idlems="0.024" threads="1" lastid="00000000025DCC00" lastname="PmdThread 1" />
</exclusive-start>
<af-start id="1771" threadId="00000000025DE088" totalBytesRequested="48" timestamp="2019-06-14T19:07:54.416" intervalms="5.413" type="nursery" />
<cycle-start id="1772" type="scavenge" contextid="0" timestamp="2019-06-14T19:07:54.416" intervalms="5.406" />
<gc-start id="1773" type="scavenge" contextid="1772" timestamp="2019-06-14T19:07:54.416">
  <mem-info id="1774" free="2065374552" total="2092630016" percent="98">
    <mem type="nursery" free="0" total="2097152" percent="0">
      <mem type="allocate" free="0" total="1441792" percent="0" />
      <mem type="survivor" free="0" total="655360" percent="0" />
    </mem>
    <mem type="tenure" free="2065374552" total="2090532864" percent="98">
      <mem type="soa" free="1960848728" total="1986007040" percent="98" />
      <mem type="loa" free="104525824" total="104525824" percent="100" />
    </mem>
    <remembered-set count="267" />
  </mem-info>
</gc-start>
<allocation-stats totalBytes="1055760" >
  <allocated-bytes non-tlh="496" tlh="1055264" />
  <largest-consumer threadName="PmdThread 2" threadId="00000000025E0800" bytes="449640" />
</allocation-stats>
<gc-op id="1775" type="scavenge" timems="1.275" contextid="1772" timestamp="2019-06-14T19:07:54.417">
  <scavenger-info tenureage="1" tenuremask="7ffe" tiltratio="68" />
  <memory-copied type="nursery" objects="11305" bytes="349832" bytesdiscarded="81016" />
  <memory-copied type="tenure" objects="7442" bytes="281088" bytesdiscarded="80" />
  <references type="weak" candidates="6" cleared="6" enqueued="6" />
</gc-op>
<gc-end id="1776" type="scavenge" contextid="1772" durationms="1.488" usertimems="0.000" systemtimems="0.000" timestamp="2019-06-14T19:07:54.417" activeThreads="4">
  <mem-info id="1777" free="2066101304" total="2092630016" percent="98">
    <mem type="nursery" free="1010944" total="2097152" percent="48">
      <mem type="allocate" free="1010944" total="1441792" percent="70" />
      <mem type="survivor" free="0" total="655360" percent="0" />
    </mem>
    <mem type="tenure" free="2065090360" total="2090532864" percent="98">
      <mem type="soa" free="1960564536" total="1986007040" percent="98" />
      <mem type="loa" free="104525824" total="104525824" percent="100" />
    </mem>
    <pending-finalizers system="0" default="0" reference="6" classloader="0" />
    <remembered-set count="199" />
  </mem-info>
</gc-end>
<cycle-end id="1778" type="scavenge" contextid="1772" timestamp="2019-06-14T19:07:54.418" />
  <attribute name="elasticGC enabled" value="1" />
  <attribute name= "numThreadsSpecified" value="4" />
  <attribute name="heapSize specified" value="8388608" />
  <attribute name="Current GC Util" value="56" />
  <attribute name= "Current Time Running" value="2406" />
  <attribute name ="GC Interval" value="200" />
  <attribute name="ProportionalT" value="18.000000" />
  <attribute name="ProportionalI" value="18.000000" />
  <attribute name="ProportionalH" value="18.000000" />
  <attribute name="Current Error" value="36.000000" />
  <attribute name="IntegralT" value="180.000000" />
  <attribute name="IntegralI" value="180.000000" />
  <attribute name="IntegralH" value="180.000000" />
  <attribute name="DerivativeT" value="2.100000" />
  <attribute name="DerivativeI" value="2.100000" />
  <attribute name="DerivativeH" value="2.100000" />
  <attribute name="Loop Time for DT" value="5.000000" />
  <attribute name="Output H" value="8388608"/>
  <attribute name="Output I" value="200"/>
  <attribute name="Output T" value="4"/>
  <attribute name="Target GC Util Change" value ="20.000000" />
  <attribute name="Current GC Util Change" value="56.000000"/>
  <attribute name="GC Util currently" value="56" />
  <attribute name="CPU Util currently" value="854477029148" />
<allocation-satisfied id="1779" threadId="00000000025DD700" bytesRequested="48" />
<af-end id="1780" timestamp="2019-06-14T19:07:54.418" threadId="00000000025DE088" success="true" from="nursery"/>
<exclusive-end id="1781" timestamp="2019-06-14T19:07:54.418" durationms="1.946" />

<exclusive-start id="1782" timestamp="2019-06-14T19:07:54.420" intervalms="4.328">
  <response-info timems="0.026" idlems="0.026" threads="0" lastid="00000000025E0800" lastname="PmdThread 2" />
</exclusive-start>
<af-start id="1783" threadId="00000000025E1188" totalBytesRequested="16" timestamp="2019-06-14T19:07:54.420" intervalms="4.330" type="nursery" />
<cycle-start id="1784" type="scavenge" contextid="0" timestamp="2019-06-14T19:07:54.420" intervalms="4.329" />
<gc-start id="1785" type="scavenge" contextid="1784" timestamp="2019-06-14T19:07:54.420">
  <mem-info id="1786" free="2065090360" total="2092630016" percent="98">
    <mem type="nursery" free="0" total="2097152" percent="0">
      <mem type="allocate" free="0" total="1441792" percent="0" />
      <mem type="survivor" free="0" total="655360" percent="0" />
    </mem>
    <mem type="tenure" free="2065090360" total="2090532864" percent="98">
      <mem type="soa" free="1960564536" total="1986007040" percent="98" />
      <mem type="loa" free="104525824" total="104525824" percent="100" />
    </mem>
    <remembered-set count="261" />
  </mem-info>
</gc-start>
<allocation-stats totalBytes="1010168" >
  <allocated-bytes non-tlh="48" tlh="1010120" />
  <largest-consumer threadName="PmdThread 4" threadId="00000000025DE300" bytes="511912" />
</allocation-stats>
<gc-op id="1787" type="scavenge" timems="2.032" contextid="1784" timestamp="2019-06-14T19:07:54.422">
  <scavenger-info tenureage="1" tenuremask="7ffe" tiltratio="68" />
  <memory-copied type="nursery" objects="5793" bytes="176856" bytesdiscarded="136472" />
  <memory-copied type="tenure" objects="11222" bytes="347744" bytesdiscarded="152" />
  <references type="weak" candidates="2" cleared="1" enqueued="1" />
  <references type="phantom" candidates="2" cleared="1" enqueued="1" />
</gc-op>
<gc-end id="1788" type="scavenge" contextid="1784" durationms="2.246" usertimems="4.000" systemtimems="0.000" timestamp="2019-06-14T19:07:54.423" activeThreads="4">
  <mem-info id="1789" free="2065931832" total="2092630016" percent="98">
    <mem type="nursery" free="1193984" total="2097152" percent="56">
      <mem type="allocate" free="1193984" total="1507328" percent="79" />
      <mem type="survivor" free="0" total="589824" percent="0" />
    </mem>
    <mem type="tenure" free="2064737848" total="2090532864" percent="98">
      <mem type="soa" free="1960212024" total="1986007040" percent="98" />
      <mem type="loa" free="104525824" total="104525824" percent="100" />
    </mem>
    <pending-finalizers system="0" default="0" reference="2" classloader="0" />
    <remembered-set count="251" />
  </mem-info>
</gc-end>
<cycle-end id="1790" type="scavenge" contextid="1784" timestamp="2019-06-14T19:07:54.423" />
  <attribute name="elasticGC enabled" value="1" />
  <attribute name= "numThreadsSpecified" value="4" />
  <attribute name="heapSize specified" value="8388608" />
  <attribute name="Current GC Util" value="43" />
  <attribute name= "Current Time Running" value="2410" />
  <attribute name ="GC Interval" value="200" />
  <attribute name="ProportionalT" value="11.500000" />
  <attribute name="ProportionalI" value="11.500000" />
  <attribute name="ProportionalH" value="11.500000" />
  <attribute name="Current Error" value="23.000000" />
  <attribute name="IntegralT" value="92.000000" />
  <attribute name="IntegralI" value="92.000000" />
  <attribute name="IntegralH" value="92.000000" />
  <attribute name="DerivativeT" value="-1.625000" />
  <attribute name="DerivativeI" value="-1.625000" />
  <attribute name="DerivativeH" value="-1.625000" />
  <attribute name="Loop Time for DT" value="4.000000" />
  <attribute name="Output H" value="8388608"/>
  <attribute name="Output I" value="200"/>
  <attribute name="Output T" value="4"/>
  <attribute name="Target GC Util Change" value ="20.000000" />
  <attribute name="Current GC Util Change" value="43.000000"/>
  <attribute name="GC Util currently" value="43" />
  <attribute name="CPU Util currently" value="1065153149527" />
<allocation-satisfied id="1791" threadId="00000000025E0800" bytesRequested="16" />
<af-end id="1792" timestamp="2019-06-14T19:07:54.423" threadId="00000000025E1188" success="true" from="nursery"/>
<exclusive-end id="1793" timestamp="2019-06-14T19:07:54.423" durationms="2.709" />

<exclusive-start id="1794" timestamp="2019-06-14T19:07:54.426" intervalms="5.529">
  <response-info timems="0.022" idlems="0.022" threads="0" lastid="00000000025DD700" lastname="PmdThread 3" />
</exclusive-start>
<af-start id="1795" threadId="00000000025DE088" totalBytesRequested="40" timestamp="2019-06-14T19:07:54.426" intervalms="5.534" type="nursery" />
<cycle-start id="1796" type="scavenge" contextid="0" timestamp="2019-06-14T19:07:54.426" intervalms="5.543" />
<gc-start id="1797" type="scavenge" contextid="1796" timestamp="2019-06-14T19:07:54.426">
  <mem-info id="1798" free="2064737848" total="2092630016" percent="98">
    <mem type="nursery" free="0" total="2097152" percent="0">
      <mem type="allocate" free="0" total="1507328" percent="0" />
      <mem type="survivor" free="0" total="589824" percent="0" />
    </mem>
    <mem type="tenure" free="2064737848" total="2090532864" percent="98">
      <mem type="soa" free="1960212024" total="1986007040" percent="98" />
      <mem type="loa" free="104525824" total="104525824" percent="100" />
    </mem>
    <remembered-set count="348" />
  </mem-info>
</gc-start>
<allocation-stats totalBytes="1183400" >
  <allocated-bytes non-tlh="16" tlh="1183384" />
  <largest-consumer threadName="PmdThread 2" threadId="00000000025E0800" bytes="589560" />
</allocation-stats>
<gc-op id="1799" type="scavenge" timems="1.382" contextid="1796" timestamp="2019-06-14T19:07:54.427">
  <scavenger-info tenureage="1" tenuremask="7ffe" tiltratio="71" />
  <memory-copied type="nursery" objects="13031" bytes="459376" bytesdiscarded="121744" />
  <memory-copied type="tenure" objects="5597" bytes="167096" bytesdiscarded="40" />
  <references type="weak" candidates="8" cleared="8" enqueued="8" />
  <references type="phantom" candidates="1" cleared="0" enqueued="0" />
</gc-op>
<gc-end id="1800" type="scavenge" contextid="1796" durationms="1.601" usertimems="0.000" systemtimems="0.000" timestamp="2019-06-14T19:07:54.427" activeThreads="4">
  <mem-info id="1801" free="2065310760" total="2092630016" percent="98">
    <mem type="nursery" free="729584" total="2097152" percent="34">
      <mem type="allocate" free="729584" total="1310720" percent="55" />
      <mem type="survivor" free="0" total="786432" percent="0" />
    </mem>
    <mem type="tenure" free="2064581176" total="2090532864" percent="98">
      <mem type="soa" free="1960055352" total="1986007040" percent="98" />
      <mem type="loa" free="104525824" total="104525824" percent="100" />
    </mem>
    <pending-finalizers system="0" default="0" reference="8" classloader="0" />
    <remembered-set count="219" />
  </mem-info>
</gc-end>
<cycle-end id="1802" type="scavenge" contextid="1796" timestamp="2019-06-14T19:07:54.428" />
  <attribute name="elasticGC enabled" value="1" />
  <attribute name= "numThreadsSpecified" value="4" />
  <attribute name="heapSize specified" value="8388608" />
  <attribute name="Current GC Util" value="66" />
  <attribute name= "Current Time Running" value="2416" />
  <attribute name ="GC Interval" value="304" />
  <attribute name="ProportionalT" value="23.000000" />
  <attribute name="ProportionalI" value="23.000000" />
  <attribute name="ProportionalH" value="23.000000" />
  <attribute name="Current Error" value="46.000000" />
  <attribute name="IntegralT" value="276.000000" />
  <attribute name="IntegralI" value="276.000000" />
  <attribute name="IntegralH" value="276.000000" />
  <attribute name="DerivativeT" value="1.916667" />
  <attribute name="DerivativeI" value="1.916667" />
  <attribute name="DerivativeH" value="1.916667" />
  <attribute name="Loop Time for DT" value="6.000000" />
  <attribute name="Output H" value="8388608"/>
  <attribute name="Output I" value="304"/>
  <attribute name="Output T" value="4"/>
  <attribute name="Target GC Util Change" value ="20.000000" />
  <attribute name="Current GC Util Change" value="66.000000"/>
  <attribute name="GC Util currently" value="66" />
  <attribute name="CPU Util currently" value="827880061093" />
<allocation-satisfied id="1803" threadId="00000000025DD700" bytesRequested="40" />
<af-end id="1804" timestamp="2019-06-14T19:07:54.428" threadId="00000000025DE088" success="true" from="nursery"/>
<exclusive-end id="1805" timestamp="2019-06-14T19:07:54.428" durationms="2.130" />

<exclusive-start id="1806" timestamp="2019-06-14T19:07:54.430" intervalms="4.013">
  <response-info timems="0.132" idlems="0.098" threads="2" lastid="00000000022D3F00" lastname="JIT Compilation Thread-1" />
</exclusive-start>
<af-start id="1807" threadId="00000000025E1188" totalBytesRequested="40" timestamp="2019-06-14T19:07:54.430" intervalms="4.035" type="nursery" />
<cycle-start id="1808" type="scavenge" contextid="0" timestamp="2019-06-14T19:07:54.430" intervalms="4.072" />
<gc-start id="1809" type="scavenge" contextid="1808" timestamp="2019-06-14T19:07:54.430">
  <mem-info id="1810" free="2064581176" total="2092630016" percent="98">
    <mem type="nursery" free="0" total="2097152" percent="0">
      <mem type="allocate" free="0" total="1310720" percent="0" />
      <mem type="survivor" free="0" total="786432" percent="0" />
    </mem>
    <mem type="tenure" free="2064581176" total="2090532864" percent="98">
      <mem type="soa" free="1960055352" total="1986007040" percent="98" />
      <mem type="loa" free="104525824" total="104525824" percent="100" />
    </mem>
    <remembered-set count="260" />
  </mem-info>
</gc-start>
<allocation-stats totalBytes="705216" >
  <allocated-bytes non-tlh="16432" tlh="688784" />
  <largest-consumer threadName="PmdThread 2" threadId="00000000025E0800" bytes="270624" />
</allocation-stats>
<gc-op id="1811" type="scavenge" timems="2.314" contextid="1808" timestamp="2019-06-14T19:07:54.432">
  <scavenger-info tenureage="1" tenuremask="7ffe" tiltratio="62" />
  <memory-copied type="nursery" objects="8393" bytes="395472" bytesdiscarded="162360" />
  <memory-copied type="tenure" objects="12985" bytes="449464" bytesdiscarded="192" />
  <references type="weak" candidates="3" cleared="3" enqueued="3" />
  <references type="phantom" candidates="3" cleared="1" enqueued="1" />
</gc-op>
<gc-end id="1812" type="scavenge" contextid="1808" durationms="2.602" usertimems="4.000" systemtimems="0.000" timestamp="2019-06-14T19:07:54.433" activeThreads="4">
  <mem-info id="1813" free="2064952328" total="2092630016" percent="98">
    <mem type="nursery" free="818400" total="2097152" percent="39">
      <mem type="allocate" free="818400" total="1376256" percent="59" />
      <mem type="survivor" free="0" total="720896" percent="0" />
    </mem>
    <mem type="tenure" free="2064133928" total="2090532864" percent="98">
      <mem type="soa" free="1959608104" total="1986007040" percent="98" />
      <mem type="loa" free="104525824" total="104525824" percent="100" />
    </mem>
    <pending-finalizers system="0" default="0" reference="4" classloader="0" />
    <remembered-set count="187" />
  </mem-info>
</gc-end>
<cycle-end id="1814" type="scavenge" contextid="1808" timestamp="2019-06-14T19:07:54.433" />
  <attribute name="elasticGC enabled" value="1" />
  <attribute name= "numThreadsSpecified" value="4" />
  <attribute name="heapSize specified" value="8388608" />
  <attribute name="Current GC Util" value="45" />
  <attribute name= "Current Time Running" value="2420" />
  <attribute name ="GC Interval" value="200" />
  <attribute name="ProportionalT" value="12.500000" />
  <attribute name="ProportionalI" value="12.500000" />
  <attribute name="ProportionalH" value="12.500000" />
  <attribute name="Current Error" value="25.000000" />
  <attribute name="IntegralT" value="100.000000" />
  <attribute name="IntegralI" value="100.000000" />
  <attribute name="IntegralH" value="100.000000" />
  <attribute name="DerivativeT" value="-2.625000" />
  <attribute name="DerivativeI" value="-2.625000" />
  <attribute name="DerivativeH" value="-2.625000" />
  <attribute name="Loop Time for DT" value="4.000000" />
  <attribute name="Output H" value="8388608"/>
  <attribute name="Output I" value="200"/>
  <attribute name="Output T" value="4"/>
  <attribute name="Target GC Util Change" value ="20.000000" />
  <attribute name="Current GC Util Change" value="45.000000"/>
  <attribute name="GC Util currently" value="45" />
  <attribute name="CPU Util currently" value="1123744050269" />
<allocation-satisfied id="1815" threadId="00000000025E0800" bytesRequested="40" />
<af-end id="1816" timestamp="2019-06-14T19:07:54.433" threadId="00000000025E1188" success="true" from="nursery"/>
<exclusive-end id="1817" timestamp="2019-06-14T19:07:54.433" durationms="3.143" />

<exclusive-start id="1818" timestamp="2019-06-14T19:07:54.435" intervalms="5.412">
  <response-info timems="0.047" idlems="0.043" threads="1" lastid="00000000025DE300" lastname="PmdThread 4" />
</exclusive-start>
<af-start id="1819" threadId="00000000025DE088" totalBytesRequested="37072" timestamp="2019-06-14T19:07:54.435" intervalms="5.374" type="nursery" />
<cycle-start id="1820" type="scavenge" contextid="0" timestamp="2019-06-14T19:07:54.435" intervalms="5.325" />
<gc-start id="1821" type="scavenge" contextid="1820" timestamp="2019-06-14T19:07:54.435">
  <mem-info id="1822" free="2064133488" total="2092630016" percent="98">
    <mem type="nursery" free="0" total="2097152" percent="0">
      <mem type="allocate" free="0" total="1376256" percent="0" />
      <mem type="survivor" free="0" total="720896" percent="0" />
    </mem>
    <mem type="tenure" free="2064133488" total="2090532864" percent="98">
      <mem type="soa" free="1959607664" total="1986007040" percent="98" />
      <mem type="loa" free="104525824" total="104525824" percent="100" />
    </mem>
    <remembered-set count="222" />
  </mem-info>
</gc-start>
<allocation-stats totalBytes="818584" >
  <allocated-bytes non-tlh="72624" tlh="745960" />
  <largest-consumer threadName="PmdThread 2" threadId="00000000025E0800" bytes="498824" />
</allocation-stats>
<gc-op id="1823" type="scavenge" timems="0.996" contextid="1820" timestamp="2019-06-14T19:07:54.436">
  <scavenger-info tenureage="1" tenuremask="7ffe" tiltratio="65" />
  <memory-copied type="nursery" objects="12150" bytes="446160" bytesdiscarded="112856" />
  <memory-copied type="tenure" objects="7953" bytes="366744" bytesdiscarded="112" />
  <references type="weak" candidates="2" cleared="0" enqueued="0" />
  <references type="phantom" candidates="3" cleared="0" enqueued="0" />
</gc-op>
<gc-end id="1824" type="scavenge" contextid="1820" durationms="1.210" usertimems="0.000" systemtimems="0.000" timestamp="2019-06-14T19:07:54.436" activeThreads="4">
  <mem-info id="1825" free="2064625224" total="2092630016" percent="98">
    <mem type="nursery" free="948248" total="2097152" percent="45">
      <mem type="allocate" free="948248" total="1507328" percent="62" />
      <mem type="survivor" free="0" total="589824" percent="0" />
    </mem>
    <mem type="tenure" free="2063676976" total="2090532864" percent="98">
      <mem type="soa" free="1959151152" total="1986007040" percent="98" />
      <mem type="loa" free="104525824" total="104525824" percent="100" />
    </mem>
    <remembered-set count="285" />
  </mem-info>
</gc-end>
<cycle-end id="1826" type="scavenge" contextid="1820" timestamp="2019-06-14T19:07:54.436" />
  <attribute name="elasticGC enabled" value="1" />
  <attribute name= "numThreadsSpecified" value="4" />
  <attribute name="heapSize specified" value="8388608" />
  <attribute name="Current GC Util" value="78" />
  <attribute name= "Current Time Running" value="2425" />
  <attribute name ="GC Interval" value="328" />
  <attribute name="ProportionalT" value="29.000000" />
  <attribute name="ProportionalI" value="29.000000" />
  <attribute name="ProportionalH" value="29.000000" />
  <attribute name="Current Error" value="58.000000" />
  <attribute name="IntegralT" value="290.000000" />
  <attribute name="IntegralI" value="290.000000" />
  <attribute name="IntegralH" value="290.000000" />
  <attribute name="DerivativeT" value="3.300000" />
  <attribute name="DerivativeI" value="3.300000" />
  <attribute name="DerivativeH" value="3.300000" />
  <attribute name="Loop Time for DT" value="5.000000" />
  <attribute name="Output H" value="8388608"/>
  <attribute name="Output I" value="328"/>
  <attribute name="Output T" value="4"/>
  <attribute name="Target GC Util Change" value ="20.000000" />
  <attribute name="Current GC Util Change" value="78.000000"/>
  <attribute name="GC Util currently" value="78" />
  <attribute name="CPU Util currently" value="875941722508" />
<allocation-satisfied id="1827" threadId="00000000025DD700" bytesRequested="37072" />
<af-end id="1828" timestamp="2019-06-14T19:07:54.437" threadId="00000000025DE088" success="true" from="nursery"/>
<exclusive-end id="1829" timestamp="2019-06-14T19:07:54.437" durationms="1.653" />

<exclusive-start id="1830" timestamp="2019-06-14T19:07:54.439" intervalms="3.762">
  <response-info timems="0.030" idlems="0.028" threads="1" lastid="00000000025DCC00" lastname="PmdThread 1" />
</exclusive-start>
<af-start id="1831" threadId="00000000025DEC88" totalBytesRequested="56" timestamp="2019-06-14T19:07:54.439" intervalms="3.760" type="nursery" />
<cycle-start id="1832" type="scavenge" contextid="0" timestamp="2019-06-14T19:07:54.439" intervalms="3.764" />
<gc-start id="1833" type="scavenge" contextid="1832" timestamp="2019-06-14T19:07:54.439">
  <mem-info id="1834" free="2063676720" total="2092630016" percent="98">
    <mem type="nursery" free="0" total="2097152" percent="0">
      <mem type="allocate" free="0" total="1507328" percent="0" />
      <mem type="survivor" free="0" total="589824" percent="0" />
    </mem>
    <mem type="tenure" free="2063676720" total="2090532864" percent="98">
      <mem type="soa" free="1959150896" total="1986007040" percent="98" />
      <mem type="loa" free="104525824" total="104525824" percent="100" />
    </mem>
    <remembered-set count="329" />
  </mem-info>
</gc-start>
<allocation-stats totalBytes="948024" >
  <allocated-bytes non-tlh="73400" tlh="874624" />
  <largest-consumer threadName="PmdThread 2" threadId="00000000025E0800" bytes="409440" />
</allocation-stats>
<gc-op id="1835" type="scavenge" timems="1.565" contextid="1832" timestamp="2019-06-14T19:07:54.441">
  <scavenger-info tenureage="1" tenuremask="7ffe" tiltratio="71" />
  <memory-copied type="nursery" objects="9333" bytes="402352" bytesdiscarded="66384" />
  <memory-copied type="tenure" objects="12084" bytes="405232" bytesdiscarded="208" />
  <references type="weak" candidates="17" cleared="17" enqueued="17" />
  <references type="phantom" candidates="3" cleared="1" enqueued="1" />
</gc-op>
<gc-end id="1836" type="scavenge" contextid="1832" durationms="1.775" usertimems="4.000" systemtimems="0.000" timestamp="2019-06-14T19:07:54.441" activeThreads="4">
  <mem-info id="1837" free="2064284456" total="2092630016" percent="98">
    <mem type="nursery" free="1038584" total="2097152" percent="49">
      <mem type="allocate" free="1038584" total="1507328" percent="68" />
      <mem type="survivor" free="0" total="589824" percent="0" />
    </mem>
    <mem type="tenure" free="2063245872" total="2090532864" percent="98">
      <mem type="soa" free="1958720048" total="1986007040" percent="98" />
      <mem type="loa" free="104525824" total="104525824" percent="100" />
    </mem>
    <pending-finalizers system="0" default="0" reference="18" classloader="0" />
    <remembered-set count="151" />
  </mem-info>
</gc-end>
<cycle-end id="1838" type="scavenge" contextid="1832" timestamp="2019-06-14T19:07:54.441" />
  <attribute name="elasticGC enabled" value="1" />
  <attribute name= "numThreadsSpecified" value="4" />
  <attribute name="heapSize specified" value="8388608" />
  <attribute name="Current GC Util" value="57" />
  <attribute name= "Current Time Running" value="2429" />
  <attribute name ="GC Interval" value="200" />
  <attribute name="ProportionalT" value="18.500000" />
  <attribute name="ProportionalI" value="18.500000" />
  <attribute name="ProportionalH" value="18.500000" />
  <attribute name="Current Error" value="37.000000" />
  <attribute name="IntegralT" value="148.000000" />
  <attribute name="IntegralI" value="148.000000" />
  <attribute name="IntegralH" value="148.000000" />
  <attribute name="DerivativeT" value="-2.625000" />
  <attribute name="DerivativeI" value="-2.625000" />
  <attribute name="DerivativeH" value="-2.625000" />
  <attribute name="Loop Time for DT" value="4.000000" />
  <attribute name="Output H" value="8388608"/>
  <attribute name="Output I" value="200"/>
  <attribute name="Output T" value="4"/>
  <attribute name="Target GC Util Change" value ="20.000000" />
  <attribute name="Current GC Util Change" value="57.000000"/>
  <attribute name="GC Util currently" value="57" />
  <attribute name="CPU Util currently" value="1223666236504" />
<allocation-satisfied id="1839" threadId="00000000025DE300" bytesRequested="56" />
<af-end id="1840" timestamp="2019-06-14T19:07:54.441" threadId="00000000025DEC88" success="true" from="nursery"/>
<exclusive-end id="1841" timestamp="2019-06-14T19:07:54.441" durationms="2.229" />

<exclusive-start id="1842" timestamp="2019-06-14T19:07:54.443" intervalms="4.260">
  <response-info timems="0.030" idlems="0.030" threads="0" lastid="00000000025DD700" lastname="PmdThread 3" />
</exclusive-start>
<af-start id="1843" threadId="00000000025DE088" totalBytesRequested="56" timestamp="2019-06-14T19:07:54.443" intervalms="4.278" type="nursery" />
<cycle-start id="1844" type="scavenge" contextid="0" timestamp="2019-06-14T19:07:54.443" intervalms="4.294" />
<gc-start id="1845" type="scavenge" contextid="1844" timestamp="2019-06-14T19:07:54.443">
  <mem-info id="1846" free="2063245616" total="2092630016" percent="98">
    <mem type="nursery" free="0" total="2097152" percent="0">
      <mem type="allocate" free="0" total="1507328" percent="0" />
      <mem type="survivor" free="0" total="589824" percent="0" />
    </mem>
    <mem type="tenure" free="2063245616" total="2090532864" percent="98">
      <mem type="soa" free="1958719792" total="1986007040" percent="98" />
      <mem type="loa" free="104525824" total="104525824" percent="100" />
    </mem>
    <remembered-set count="179" />
  </mem-info>
</gc-start>
<allocation-stats totalBytes="1037880" >
  <allocated-bytes non-tlh="312" tlh="1037568" />
  <largest-consumer threadName="PmdThread 2" threadId="00000000025E0800" bytes="479088" />
</allocation-stats>
<gc-op id="1847" type="scavenge" timems="1.069" contextid="1844" timestamp="2019-06-14T19:07:54.444">
  <scavenger-info tenureage="1" tenuremask="7ffe" tiltratio="71" />
  <memory-copied type="nursery" objects="12076" bytes="396408" bytesdiscarded="56696" />
  <memory-copied type="tenure" objects="9120" bytes="378416" bytesdiscarded="136" />
</gc-op>
<gc-end id="1848" type="scavenge" contextid="1844" durationms="1.289" usertimems="4.000" systemtimems="0.000" timestamp="2019-06-14T19:07:54.445" activeThreads="4">
  <mem-info id="1849" free="2064000112" total="2092630016" percent="98">
    <mem type="nursery" free="1054208" total="2097152" percent="50">
      <mem type="allocate" free="1054208" total="1507328" percent="69" />
      <mem type="survivor" free="0" total="589824" percent="0" />
    </mem>
    <mem type="tenure" free="2062945904" total="2090532864" percent="98">
      <mem type="soa" free="1958420080" total="1986007040" percent="98" />
      <mem type="loa" free="104525824" total="104525824" percent="100" />
    </mem>
    <remembered-set count="223" />
  </mem-info>
</gc-end>
<cycle-end id="1850" type="scavenge" contextid="1844" timestamp="2019-06-14T19:07:54.445" />
  <attribute name="elasticGC enabled" value="1" />
  <attribute name= "numThreadsSpecified" value="4" />
  <attribute name="heapSize specified" value="8388608" />
  <attribute name="Current GC Util" value="84" />
  <attribute name= "Current Time Running" value="2433" />
  <attribute name ="GC Interval" value="296" />
  <attribute name="ProportionalT" value="32.000000" />
  <attribute name="ProportionalI" value="32.000000" />
  <attribute name="ProportionalH" value="32.000000" />
  <attribute name="Current Error" value="64.000000" />
  <attribute name="IntegralT" value="256.000000" />
  <attribute name="IntegralI" value="256.000000" />
  <attribute name="IntegralH" value="256.000000" />
  <attribute name="DerivativeT" value="3.375000" />
  <attribute name="DerivativeI" value="3.375000" />
  <attribute name="DerivativeH" value="3.375000" />
  <attribute name="Loop Time for DT" value="4.000000" />
  <attribute name="Output H" value="8388608"/>
  <attribute name="Output I" value="296"/>
  <attribute name="Output T" value="4"/>
  <attribute name="Target GC Util Change" value ="20.000000" />
  <attribute name="Current GC Util Change" value="84.000000"/>
  <attribute name="GC Util currently" value="84" />
  <attribute name="CPU Util currently" value="1067449982015" />
<allocation-satisfied id="1851" threadId="00000000025DD700" bytesRequested="56" />
<af-end id="1852" timestamp="2019-06-14T19:07:54.445" threadId="00000000025DE088" success="true" from="nursery"/>
<exclusive-end id="1853" timestamp="2019-06-14T19:07:54.445" durationms="1.790" />

<exclusive-start id="1854" timestamp="2019-06-14T19:07:54.447" intervalms="3.526">
  <response-info timems="0.042" idlems="0.042" threads="0" lastid="00000000025DE300" lastname="PmdThread 4" />
</exclusive-start>
<af-start id="1855" threadId="00000000025DEC88" totalBytesRequested="16" timestamp="2019-06-14T19:07:54.447" intervalms="3.509" type="nursery" />
<cycle-start id="1856" type="scavenge" contextid="0" timestamp="2019-06-14T19:07:54.447" intervalms="3.496" />
<gc-start id="1857" type="scavenge" contextid="1856" timestamp="2019-06-14T19:07:54.447">
  <mem-info id="1858" free="2062945704" total="2092630016" percent="98">
    <mem type="nursery" free="0" total="2097152" percent="0">
      <mem type="allocate" free="0" total="1507328" percent="0" />
      <mem type="survivor" free="0" total="589824" percent="0" />
    </mem>
    <mem type="tenure" free="2062945704" total="2090532864" percent="98">
      <mem type="soa" free="1958419880" total="1986007040" percent="98" />
      <mem type="loa" free="104525824" total="104525824" percent="100" />
    </mem>
    <remembered-set count="268" />
  </mem-info>
</gc-start>
<allocation-stats totalBytes="1054128" >
  <allocated-bytes non-tlh="33040" tlh="1021088" />
  <largest-consumer threadName="PmdThread 2" threadId="00000000025E0800" bytes="409544" />
</allocation-stats>
<gc-op id="1859" type="scavenge" timems="2.471" contextid="1856" timestamp="2019-06-14T19:07:54.449">
  <scavenger-info tenureage="1" tenuremask="7ffe" tiltratio="71" />
  <memory-copied type="nursery" objects="9399" bytes="359168" bytesdiscarded="143352" />
  <memory-copied type="tenure" objects="11858" bytes="374360" bytesdiscarded="176" />
  <references type="weak" candidates="2" cleared="1" enqueued="1" />
  <references type="phantom" candidates="2" cleared="1" enqueued="1" />
</gc-op>
<gc-end id="1860" type="scavenge" contextid="1856" durationms="2.672" usertimems="0.000" systemtimems="0.000" timestamp="2019-06-14T19:07:54.449" activeThreads="4">
  <mem-info id="1861" free="2063663504" total="2092630016" percent="98">
    <mem type="nursery" free="1070312" total="2097152" percent="51">
      <mem type="allocate" free="1070312" total="1572864" percent="68" />
      <mem type="survivor" free="0" total="524288" percent="0" />
    </mem>
    <mem type="tenure" free="2062593192" total="2090532864" percent="98">
      <mem type="soa" free="1958067368" total="1986007040" percent="98" />
      <mem type="loa" free="104525824" total="104525824" percent="100" />
    </mem>
    <pending-finalizers system="0" default="0" reference="2" classloader="0" />
    <remembered-set count="289" />
  </mem-info>
</gc-end>
<cycle-end id="1862" type="scavenge" contextid="1856" timestamp="2019-06-14T19:07:54.450" />
  <attribute name="elasticGC enabled" value="1" />
  <attribute name= "numThreadsSpecified" value="4" />
  <attribute name="heapSize specified" value="8388608" />
  <attribute name="Current GC Util" value="59" />
  <attribute name= "Current Time Running" value="2437" />
  <attribute name ="GC Interval" value="200" />
  <attribute name="ProportionalT" value="19.500000" />
  <attribute name="ProportionalI" value="19.500000" />
  <attribute name="ProportionalH" value="19.500000" />
  <attribute name="Current Error" value="39.000000" />
  <attribute name="IntegralT" value="156.000000" />
  <attribute name="IntegralI" value="156.000000" />
  <attribute name="IntegralH" value="156.000000" />
  <attribute name="DerivativeT" value="-3.125000" />
  <attribute name="DerivativeI" value="-3.125000" />
  <attribute name="DerivativeH" value="-3.125000" />
  <attribute name="Loop Time for DT" value="4.000000" />
  <attribute name="Output H" value="8388608"/>
  <attribute name="Output I" value="200"/>
  <attribute name="Output T" value="4"/>
  <attribute name="Target GC Util Change" value ="20.000000" />
  <attribute name="Current GC Util Change" value="59.000000"/>
  <attribute name="GC Util currently" value="59" />
  <attribute name="CPU Util currently" value="1332642696132" />
<allocation-satisfied id="1863" threadId="00000000025DE300" bytesRequested="16" />
<af-end id="1864" timestamp="2019-06-14T19:07:54.450" threadId="00000000025DEC88" success="true" from="nursery"/>
<exclusive-end id="1865" timestamp="2019-06-14T19:07:54.450" durationms="3.123" />

<exclusive-start id="1866" timestamp="2019-06-14T19:07:54.453" intervalms="6.836">
  <response-info timems="0.085" idlems="0.085" threads="0" lastid="00000000025DE300" lastname="PmdThread 4" />
</exclusive-start>
<af-start id="1867" threadId="00000000025DEC88" totalBytesRequested="24" timestamp="2019-06-14T19:07:54.453" intervalms="6.851" type="nursery" />
<cycle-start id="1868" type="scavenge" contextid="0" timestamp="2019-06-14T19:07:54.454" intervalms="6.842" />
<gc-start id="1869" type="scavenge" contextid="1868" timestamp="2019-06-14T19:07:54.454">
  <mem-info id="1870" free="2062592112" total="2092630016" percent="98">
    <mem type="nursery" free="0" total="2097152" percent="0">
      <mem type="allocate" free="0" total="1572864" percent="0" />
      <mem type="survivor" free="0" total="524288" percent="0" />
    </mem>
    <mem type="tenure" free="2062592112" total="2090532864" percent="98">
      <mem type="soa" free="1958066288" total="1986007040" percent="98" />
      <mem type="loa" free="104525824" total="104525824" percent="100" />
    </mem>
    <remembered-set count="363" />
  </mem-info>
</gc-start>
<allocation-stats totalBytes="1068832" >
  <allocated-bytes non-tlh="1096" tlh="1067736" />
  <largest-consumer threadName="PmdThread 2" threadId="00000000025E0800" bytes="765664" />
</allocation-stats>
<gc-op id="1871" type="scavenge" timems="2.631" contextid="1868" timestamp="2019-06-14T19:07:54.456">
  <scavenger-info tenureage="1" tenuremask="7ffe" tiltratio="75" />
  <memory-copied type="nursery" objects="13086" bytes="414224" bytesdiscarded="110056" />
  <memory-copied type="tenure" objects="12407" bytes="408760" bytesdiscarded="688" />
  <copy-failed type="nursery" objects="3420" bytes="91928" />
  <references type="weak" candidates="20" cleared="20" enqueued="20" />
  <references type="phantom" candidates="3" cleared="2" enqueued="2" />
</gc-op>
<gc-end id="1872" type="scavenge" contextid="1868" durationms="2.836" usertimems="4.000" systemtimems="0.000" timestamp="2019-06-14T19:07:54.456" activeThreads="4">
  <mem-info id="1873" free="2063027808" total="2092630016" percent="98">
    <mem type="nursery" free="851968" total="2097152" percent="40">
      <mem type="allocate" free="851968" total="1376256" percent="61" />
      <mem type="survivor" free="0" total="720896" percent="0" />
    </mem>
    <mem type="tenure" free="2062175840" total="2090532864" percent="98">
      <mem type="soa" free="1957650016" total="1986007040" percent="98" />
      <mem type="loa" free="104525824" total="104525824" percent="100" />
    </mem>
    <pending-finalizers system="0" default="0" reference="22" classloader="0" />
    <remembered-set count="218" />
  </mem-info>
</gc-end>
<cycle-end id="1874" type="scavenge" contextid="1868" timestamp="2019-06-14T19:07:54.457" />
  <attribute name="elasticGC enabled" value="1" />
  <attribute name= "numThreadsSpecified" value="4" />
  <attribute name="heapSize specified" value="8388608" />
  <attribute name="Current GC Util" value="58" />
  <attribute name= "Current Time Running" value="2444" />
  <attribute name ="GC Interval" value="288" />
  <attribute name="ProportionalT" value="19.000000" />
  <attribute name="ProportionalI" value="19.000000" />
  <attribute name="ProportionalH" value="19.000000" />
  <attribute name="Current Error" value="38.000000" />
  <attribute name="IntegralT" value="266.000000" />
  <attribute name="IntegralI" value="266.000000" />
  <attribute name="IntegralH" value="266.000000" />
  <attribute name="DerivativeT" value="-0.071429" />
  <attribute name="DerivativeI" value="-0.071429" />
  <attribute name="DerivativeH" value="-0.071429" />
  <attribute name="Loop Time for DT" value="7.000000" />
  <attribute name="Output H" value="8388608"/>
  <attribute name="Output I" value="288"/>
  <attribute name="Output T" value="4"/>
  <attribute name="Target GC Util Change" value ="20.000000" />
  <attribute name="Current GC Util Change" value="58.000000"/>
  <attribute name="GC Util currently" value="58" />
  <attribute name="CPU Util currently" value="676132185878" />
<allocation-satisfied id="1875" threadId="00000000025DE300" bytesRequested="24" />
<af-end id="1876" timestamp="2019-06-14T19:07:54.457" threadId="00000000025DEC88" success="true" from="nursery"/>
<exclusive-end id="1877" timestamp="2019-06-14T19:07:54.457" durationms="3.285" />

<exclusive-start id="1878" timestamp="2019-06-14T19:07:54.458" intervalms="4.928">
  <response-info timems="0.043" idlems="0.043" threads="0" lastid="00000000025DE300" lastname="PmdThread 4" />
</exclusive-start>
<af-start id="1879" threadId="00000000025DEC88" totalBytesRequested="24" timestamp="2019-06-14T19:07:54.458" intervalms="4.914" type="nursery" />
<cycle-start id="1880" type="scavenge" contextid="0" timestamp="2019-06-14T19:07:54.458" intervalms="4.917" />
<gc-start id="1881" type="scavenge" contextid="1880" timestamp="2019-06-14T19:07:54.459">
  <mem-info id="1882" free="2062175840" total="2092630016" percent="98">
    <mem type="nursery" free="0" total="2097152" percent="0">
      <mem type="allocate" free="0" total="1376256" percent="0" />
      <mem type="survivor" free="0" total="720896" percent="0" />
    </mem>
    <mem type="tenure" free="2062175840" total="2090532864" percent="98">
      <mem type="soa" free="1957650016" total="1986007040" percent="98" />
      <mem type="loa" free="104525824" total="104525824" percent="100" />
    </mem>
    <remembered-set count="382" />
  </mem-info>
</gc-start>
<allocation-stats totalBytes="847952" >
  <allocated-bytes non-tlh="32808" tlh="815144" />
  <largest-consumer threadName="PmdThread 4" threadId="00000000025DE300" bytes="344016" />
</allocation-stats>
<gc-op id="1883" type="scavenge" timems="1.992" contextid="1880" timestamp="2019-06-14T19:07:54.461">
  <scavenger-info tenureage="1" tenuremask="7ffe" tiltratio="65" />
  <memory-copied type="nursery" objects="6386" bytes="263544" bytesdiscarded="43424" />
  <memory-copied type="tenure" objects="13007" bytes="411072" bytesdiscarded="192" />
  <references type="weak" candidates="31" cleared="31" enqueued="31" />
  <references type="phantom" candidates="1" cleared="0" enqueued="0" />
</gc-op>
<gc-end id="1884" type="scavenge" contextid="1880" durationms="2.196" usertimems="0.000" systemtimems="0.000" timestamp="2019-06-14T19:07:54.461" activeThreads="4">
  <mem-info id="1885" free="2062814280" total="2092630016" percent="98">
    <mem type="nursery" free="1069288" total="2097152" percent="50">
      <mem type="allocate" free="1069288" total="1376256" percent="77" />
      <mem type="survivor" free="0" total="720896" percent="0" />
    </mem>
    <mem type="tenure" free="2061744992" total="2090532864" percent="98">
      <mem type="soa" free="1957219168" total="1986007040" percent="98" />
      <mem type="loa" free="104525824" total="104525824" percent="100" />
    </mem>
    <pending-finalizers system="0" default="0" reference="31" classloader="0" />
    <remembered-set count="168" />
  </mem-info>
</gc-end>
<cycle-end id="1886" type="scavenge" contextid="1880" timestamp="2019-06-14T19:07:54.461" />
  <attribute name="elasticGC enabled" value="1" />
  <attribute name= "numThreadsSpecified" value="4" />
  <attribute name="heapSize specified" value="8388608" />
  <attribute name="Current GC Util" value="78" />
  <attribute name= "Current Time Running" value="2449" />
  <attribute name ="GC Interval" value="328" />
  <attribute name="ProportionalT" value="29.000000" />
  <attribute name="ProportionalI" value="29.000000" />
  <attribute name="ProportionalH" value="29.000000" />
  <attribute name="Current Error" value="58.000000" />
  <attribute name="IntegralT" value="290.000000" />
  <attribute name="IntegralI" value="290.000000" />
  <attribute name="IntegralH" value="290.000000" />
  <attribute name="DerivativeT" value="2.000000" />
  <attribute name="DerivativeI" value="2.000000" />
  <attribute name="DerivativeH" value="2.000000" />
  <attribute name="Loop Time for DT" value="5.000000" />
  <attribute name="Output H" value="8388608"/>
  <attribute name="Output I" value="328"/>
  <attribute name="Output T" value="4"/>
  <attribute name="Target GC Util Change" value ="20.000000" />
  <attribute name="Current GC Util Change" value="78.000000"/>
  <attribute name="GC Util currently" value="78" />
  <attribute name="CPU Util currently" value="930484524577" />
<allocation-satisfied id="1887" threadId="00000000025DE300" bytesRequested="24" />
<af-end id="1888" timestamp="2019-06-14T19:07:54.461" threadId="00000000025DEC88" success="true" from="nursery"/>
<exclusive-end id="1889" timestamp="2019-06-14T19:07:54.461" durationms="2.665" />

<exclusive-start id="1890" timestamp="2019-06-14T19:07:54.464" intervalms="5.326">
  <response-info timems="0.048" idlems="0.048" threads="0" lastid="00000000025DE300" lastname="PmdThread 4" />
</exclusive-start>
<af-start id="1891" threadId="00000000025DEC88" totalBytesRequested="24" timestamp="2019-06-14T19:07:54.464" intervalms="5.325" type="nursery" />
<cycle-start id="1892" type="scavenge" contextid="0" timestamp="2019-06-14T19:07:54.464" intervalms="5.325" />
<gc-start id="1893" type="scavenge" contextid="1892" timestamp="2019-06-14T19:07:54.464">
  <mem-info id="1894" free="2061744992" total="2092630016" percent="98">
    <mem type="nursery" free="0" total="2097152" percent="0">
      <mem type="allocate" free="0" total="1376256" percent="0" />
      <mem type="survivor" free="0" total="720896" percent="0" />
    </mem>
    <mem type="tenure" free="2061744992" total="2090532864" percent="98">
      <mem type="soa" free="1957219168" total="1986007040" percent="98" />
      <mem type="loa" free="104525824" total="104525824" percent="100" />
    </mem>
    <remembered-set count="419" />
  </mem-info>
</gc-start>
<allocation-stats totalBytes="1067752" >
  <allocated-bytes non-tlh="24" tlh="1067728" />
  <largest-consumer threadName="PmdThread 2" threadId="00000000025E0800" bytes="601912" />
</allocation-stats>
<gc-op id="1895" type="scavenge" timems="2.129" contextid="1892" timestamp="2019-06-14T19:07:54.466">
  <scavenger-info tenureage="1" tenuremask="7ffe" tiltratio="65" />
  <memory-copied type="nursery" objects="14484" bytes="523648" bytesdiscarded="88192" />
  <memory-copied type="tenure" objects="6263" bytes="251856" bytesdiscarded="120" />
  <references type="weak" candidates="6" cleared="5" enqueued="5" />
  <references type="phantom" candidates="2" cleared="0" enqueued="0" />
</gc-op>
<gc-end id="1896" type="scavenge" contextid="1892" durationms="2.334" usertimems="4.000" systemtimems="0.000" timestamp="2019-06-14T19:07:54.466" activeThreads="4">
  <mem-info id="1897" free="2062157880" total="2092630016" percent="98">
    <mem type="nursery" free="633320" total="2097152" percent="30">
      <mem type="allocate" free="633320" total="1245184" percent="50" />
      <mem type="survivor" free="0" total="851968" percent="0" />
    </mem>
    <mem type="tenure" free="2061524560" total="2090532864" percent="98">
      <mem type="soa" free="1956998736" total="1986007040" percent="98" />
      <mem type="loa" free="104525824" total="104525824" percent="100" />
    </mem>
    <pending-finalizers system="0" default="0" reference="5" classloader="0" />
    <remembered-set count="165" />
  </mem-info>
</gc-end>
<cycle-end id="1898" type="scavenge" contextid="1892" timestamp="2019-06-14T19:07:54.466" />
  <attribute name="elasticGC enabled" value="1" />
  <attribute name= "numThreadsSpecified" value="4" />
  <attribute name="heapSize specified" value="8388608" />
  <attribute name="Current GC Util" value="63" />
  <attribute name= "Current Time Running" value="2454" />
  <attribute name ="GC Interval" value="240" />
  <attribute name="ProportionalT" value="21.500000" />
  <attribute name="ProportionalI" value="21.500000" />
  <attribute name="ProportionalH" value="21.500000" />
  <attribute name="Current Error" value="43.000000" />
  <attribute name="IntegralT" value="215.000000" />
  <attribute name="IntegralI" value="215.000000" />
  <attribute name="IntegralH" value="215.000000" />
  <attribute name="DerivativeT" value="-1.500000" />
  <attribute name="DerivativeI" value="-1.500000" />
  <attribute name="DerivativeH" value="-1.500000" />
  <attribute name="Loop Time for DT" value="5.000000" />
  <attribute name="Output H" value="8388608"/>
  <attribute name="Output I" value="240"/>
  <attribute name="Output T" value="4"/>
  <attribute name="Target GC Util Change" value ="20.000000" />
  <attribute name="Current GC Util Change" value="63.000000"/>
  <attribute name="GC Util currently" value="63" />
  <attribute name="CPU Util currently" value="867412470875" />
<allocation-satisfied id="1899" threadId="00000000025DE300" bytesRequested="24" />
<af-end id="1900" timestamp="2019-06-14T19:07:54.466" threadId="00000000025DEC88" success="true" from="nursery"/>
<exclusive-end id="1901" timestamp="2019-06-14T19:07:54.466" durationms="2.793" />

<exclusive-start id="1902" timestamp="2019-06-14T19:07:54.468" intervalms="3.994">
  <response-info timems="0.048" idlems="0.048" threads="0" lastid="00000000025DE300" lastname="PmdThread 4" />
</exclusive-start>
<af-start id="1903" threadId="00000000025DEC88" totalBytesRequested="56" timestamp="2019-06-14T19:07:54.468" intervalms="4.031" type="nursery" />
<cycle-start id="1904" type="scavenge" contextid="0" timestamp="2019-06-14T19:07:54.468" intervalms="4.074" />
<gc-start id="1905" type="scavenge" contextid="1904" timestamp="2019-06-14T19:07:54.468">
  <mem-info id="1906" free="2061524160" total="2092630016" percent="98">
    <mem type="nursery" free="0" total="2097152" percent="0">
      <mem type="allocate" free="0" total="1245184" percent="0" />
      <mem type="survivor" free="0" total="851968" percent="0" />
    </mem>
    <mem type="tenure" free="2061524160" total="2090532864" percent="98">
      <mem type="soa" free="1956998336" total="1986007040" percent="98" />
      <mem type="loa" free="104525824" total="104525824" percent="100" />
    </mem>
    <remembered-set count="195" />
  </mem-info>
</gc-start>
<allocation-stats totalBytes="633096" >
  <allocated-bytes non-tlh="424" tlh="632672" />
  <largest-consumer threadName="PmdThread 2" threadId="00000000025E0800" bytes="264592" />
</allocation-stats>
<gc-op id="1907" type="scavenge" timems="2.135" contextid="1904" timestamp="2019-06-14T19:07:54.470">
  <scavenger-info tenureage="1" tenuremask="7ffe" tiltratio="59" />
  <memory-copied type="nursery" objects="6804" bytes="216312" bytesdiscarded="57864" />
  <memory-copied type="tenure" objects="14242" bytes="513976" bytesdiscarded="896" />
  <references type="weak" candidates="16" cleared="16" enqueued="16" />
</gc-op>
<gc-end id="1908" type="scavenge" contextid="1904" durationms="2.413" usertimems="0.000" systemtimems="4.000" timestamp="2019-06-14T19:07:54.470" activeThreads="4">
  <mem-info id="1909" free="2062064272" total="2092630016" percent="98">
    <mem type="nursery" free="1036544" total="2097152" percent="49">
      <mem type="allocate" free="1036544" total="1310720" percent="79" />
      <mem type="survivor" free="0" total="786432" percent="0" />
    </mem>
    <mem type="tenure" free="2061027728" total="2090532864" percent="98">
      <mem type="soa" free="1956501904" total="1986007040" percent="98" />
      <mem type="loa" free="104525824" total="104525824" percent="100" />
    </mem>
    <pending-finalizers system="0" default="0" reference="16" classloader="0" />
    <remembered-set count="228" />
  </mem-info>
</gc-end>
<cycle-end id="1910" type="scavenge" contextid="1904" timestamp="2019-06-14T19:07:54.470" />
  <attribute name="elasticGC enabled" value="1" />
  <attribute name= "numThreadsSpecified" value="4" />
  <attribute name="heapSize specified" value="8388608" />
  <attribute name="Current GC Util" value="94" />
  <attribute name= "Current Time Running" value="2458" />
  <attribute name ="GC Interval" value="336" />
  <attribute name="ProportionalT" value="37.000000" />
  <attribute name="ProportionalI" value="37.000000" />
  <attribute name="ProportionalH" value="37.000000" />
  <attribute name="Current Error" value="74.000000" />
  <attribute name="IntegralT" value="296.000000" />
  <attribute name="IntegralI" value="296.000000" />
  <attribute name="IntegralH" value="296.000000" />
  <attribute name="DerivativeT" value="3.875000" />
  <attribute name="DerivativeI" value="3.875000" />
  <attribute name="DerivativeH" value="3.875000" />
  <attribute name="Loop Time for DT" value="4.000000" />
  <attribute name="Output H" value="8388608"/>
  <attribute name="Output I" value="336"/>
  <attribute name="Output T" value="4"/>
  <attribute name="Target GC Util Change" value ="20.000000" />
  <attribute name="Current GC Util Change" value="94.000000"/>
  <attribute name="GC Util currently" value="94" />
  <attribute name="CPU Util currently" value="1100813925007" />
<allocation-satisfied id="1911" threadId="00000000025DE300" bytesRequested="56" />
<af-end id="1912" timestamp="2019-06-14T19:07:54.471" threadId="00000000025DEC88" success="true" from="nursery"/>
<exclusive-end id="1913" timestamp="2019-06-14T19:07:54.471" durationms="2.996" />

<exclusive-start id="1914" timestamp="2019-06-14T19:07:54.473" intervalms="5.110">
  <response-info timems="0.042" idlems="0.042" threads="0" lastid="00000000025E0800" lastname="PmdThread 2" />
</exclusive-start>
<af-start id="1915" threadId="00000000025E1188" totalBytesRequested="56" timestamp="2019-06-14T19:07:54.473" intervalms="5.085" type="nursery" />
<cycle-start id="1916" type="scavenge" contextid="0" timestamp="2019-06-14T19:07:54.473" intervalms="5.042" />
<gc-start id="1917" type="scavenge" contextid="1916" timestamp="2019-06-14T19:07:54.473">
  <mem-info id="1918" free="2061027728" total="2092630016" percent="98">
    <mem type="nursery" free="0" total="2097152" percent="0">
      <mem type="allocate" free="0" total="1310720" percent="0" />
      <mem type="survivor" free="0" total="786432" percent="0" />
    </mem>
    <mem type="tenure" free="2061027728" total="2090532864" percent="98">
      <mem type="soa" free="1956501904" total="1986007040" percent="98" />
      <mem type="loa" free="104525824" total="104525824" percent="100" />
    </mem>
    <remembered-set count="301" />
  </mem-info>
</gc-start>
<allocation-stats totalBytes="1036216" >
  <allocated-bytes non-tlh="56" tlh="1036160" />
  <largest-consumer threadName="PmdThread 2" threadId="00000000025E0800" bytes="544864" />
</allocation-stats>
<gc-op id="1919" type="scavenge" timems="1.839" contextid="1916" timestamp="2019-06-14T19:07:54.475">
  <scavenger-info tenureage="1" tenuremask="7ffe" tiltratio="62" />
  <memory-copied type="nursery" objects="13444" bytes="411296" bytesdiscarded="97872" />
  <memory-copied type="tenure" objects="6487" bytes="207560" bytesdiscarded="120" />
</gc-op>
<gc-end id="1920" type="scavenge" contextid="1916" durationms="2.055" usertimems="4.000" systemtimems="0.000" timestamp="2019-06-14T19:07:54.475" activeThreads="4">
  <mem-info id="1921" free="2061633424" total="2092630016" percent="98">
    <mem type="nursery" free="801536" total="2097152" percent="38">
      <mem type="allocate" free="801536" total="1310720" percent="61" />
      <mem type="survivor" free="0" total="786432" percent="0" />
    </mem>
    <mem type="tenure" free="2060831888" total="2090532864" percent="98">
      <mem type="soa" free="1956306064" total="1986007040" percent="98" />
      <mem type="loa" free="104525824" total="104525824" percent="100" />
    </mem>
    <remembered-set count="383" />
  </mem-info>
</gc-end>
<cycle-end id="1922" type="scavenge" contextid="1916" timestamp="2019-06-14T19:07:54.475" />
  <attribute name="elasticGC enabled" value="1" />
  <attribute name= "numThreadsSpecified" value="4" />
  <attribute name="heapSize specified" value="8388608" />
  <attribute name="Current GC Util" value="79" />
  <attribute name= "Current Time Running" value="2463" />
  <attribute name ="GC Interval" value="328" />
  <attribute name="ProportionalT" value="29.500000" />
  <attribute name="ProportionalI" value="29.500000" />
  <attribute name="ProportionalH" value="29.500000" />
  <attribute name="Current Error" value="59.000000" />
  <attribute name="IntegralT" value="295.000000" />
  <attribute name="IntegralI" value="295.000000" />
  <attribute name="IntegralH" value="295.000000" />
  <attribute name="DerivativeT" value="-1.500000" />
  <attribute name="DerivativeI" value="-1.500000" />
  <attribute name="DerivativeH" value="-1.500000" />
  <attribute name="Loop Time for DT" value="5.000000" />
  <attribute name="Output H" value="8388608"/>
  <attribute name="Output I" value="328"/>
  <attribute name="Output T" value="4"/>
  <attribute name="Target GC Util Change" value ="20.000000" />
  <attribute name="Current GC Util Change" value="79.000000"/>
  <attribute name="GC Util currently" value="79" />
  <attribute name="CPU Util currently" value="932350271045" />
<allocation-satisfied id="1923" threadId="00000000025E0800" bytesRequested="56" />
<af-end id="1924" timestamp="2019-06-14T19:07:54.475" threadId="00000000025E1188" success="true" from="nursery"/>
<exclusive-end id="1925" timestamp="2019-06-14T19:07:54.475" durationms="2.535" />

<exclusive-start id="1926" timestamp="2019-06-14T19:07:54.478" intervalms="5.019">
  <response-info timems="0.067" idlems="0.067" threads="0" lastid="00000000025DE300" lastname="PmdThread 4" />
</exclusive-start>
<af-start id="1927" threadId="00000000025DEC88" totalBytesRequested="16" timestamp="2019-06-14T19:07:54.478" intervalms="5.010" type="nursery" />
<cycle-start id="1928" type="scavenge" contextid="0" timestamp="2019-06-14T19:07:54.478" intervalms="5.011" />
<gc-start id="1929" type="scavenge" contextid="1928" timestamp="2019-06-14T19:07:54.478">
  <mem-info id="1930" free="2060831888" total="2092630016" percent="98">
    <mem type="nursery" free="0" total="2097152" percent="0">
      <mem type="allocate" free="0" total="1310720" percent="0" />
      <mem type="survivor" free="0" total="786432" percent="0" />
    </mem>
    <mem type="tenure" free="2060831888" total="2090532864" percent="98">
      <mem type="soa" free="1956306064" total="1986007040" percent="98" />
      <mem type="loa" free="104525824" total="104525824" percent="100" />
    </mem>
    <remembered-set count="771" />
  </mem-info>
</gc-start>
<allocation-stats totalBytes="788944" >
  <allocated-bytes non-tlh="16448" tlh="772496" />
  <largest-consumer threadName="PmdThread 4" threadId="00000000025DE300" bytes="376712" />
</allocation-stats>
<gc-op id="1931" type="scavenge" timems="2.175" contextid="1928" timestamp="2019-06-14T19:07:54.480">
  <scavenger-info tenureage="1" tenuremask="7ffe" tiltratio="62" />
  <memory-copied type="nursery" objects="3583" bytes="197112" bytesdiscarded="109824" />
  <memory-copied type="tenure" objects="13371" bytes="409464" bytesdiscarded="256" />
  <references type="weak" candidates="8" cleared="7" enqueued="7" />
  <references type="phantom" candidates="6" cleared="2" enqueued="2" />
</gc-op>
<gc-end id="1932" type="scavenge" contextid="1928" durationms="2.396" usertimems="4.000" systemtimems="0.000" timestamp="2019-06-14T19:07:54.480" activeThreads="4">
  <mem-info id="1933" free="2061470336" total="2092630016" percent="98">
    <mem type="nursery" free="1069296" total="2097152" percent="50">
      <mem type="allocate" free="1069296" total="1376256" percent="77" />
      <mem type="survivor" free="0" total="720896" percent="0" />
    </mem>
    <mem type="tenure" free="2060401040" total="2090532864" percent="98">
      <mem type="soa" free="1955875216" total="1986007040" percent="98" />
      <mem type="loa" free="104525824" total="104525824" percent="100" />
    </mem>
    <pending-finalizers system="0" default="0" reference="9" classloader="0" />
    <remembered-set count="228" />
  </mem-info>
</gc-end>
<cycle-end id="1934" type="scavenge" contextid="1928" timestamp="2019-06-14T19:07:54.480" />
  <attribute name="elasticGC enabled" value="1" />
  <attribute name= "numThreadsSpecified" value="4" />
  <attribute name="heapSize specified" value="8388608" />
  <attribute name="Current GC Util" value="71" />
  <attribute name= "Current Time Running" value="2468" />
  <attribute name ="GC Interval" value="280" />
  <attribute name="ProportionalT" value="25.500000" />
  <attribute name="ProportionalI" value="25.500000" />
  <attribute name="ProportionalH" value="25.500000" />
  <attribute name="Current Error" value="51.000000" />
  <attribute name="IntegralT" value="255.000000" />
  <attribute name="IntegralI" value="255.000000" />
  <attribute name="IntegralH" value="255.000000" />
  <attribute name="DerivativeT" value="-0.800000" />
  <attribute name="DerivativeI" value="-0.800000" />
  <attribute name="DerivativeH" value="-0.800000" />
  <attribute name="Loop Time for DT" value="5.000000" />
  <attribute name="Output H" value="8388608"/>
  <attribute name="Output I" value="280"/>
  <attribute name="Output T" value="4"/>
  <attribute name="Target GC Util Change" value ="20.000000" />
  <attribute name="Current GC Util Change" value="71.000000"/>
  <attribute name="GC Util currently" value="71" />
  <attribute name="CPU Util currently" value="924268553626" />
<allocation-satisfied id="1935" threadId="00000000025DE300" bytesRequested="16" />
<af-end id="1936" timestamp="2019-06-14T19:07:54.481" threadId="00000000025DEC88" success="true" from="nursery"/>
<exclusive-end id="1937" timestamp="2019-06-14T19:07:54.481" durationms="2.885" />

<exclusive-start id="1938" timestamp="2019-06-14T19:07:54.488" intervalms="10.423">
  <response-info timems="0.066" idlems="0.066" threads="0" lastid="00000000025DE300" lastname="PmdThread 4" />
</exclusive-start>
<af-start id="1939" threadId="00000000025DEC88" totalBytesRequested="24" timestamp="2019-06-14T19:07:54.488" intervalms="10.438" type="nursery" />
<cycle-start id="1940" type="scavenge" contextid="0" timestamp="2019-06-14T19:07:54.488" intervalms="10.447" />
<gc-start id="1941" type="scavenge" contextid="1940" timestamp="2019-06-14T19:07:54.488">
  <mem-info id="1942" free="2060399088" total="2092630016" percent="98">
    <mem type="nursery" free="0" total="2097152" percent="0">
      <mem type="allocate" free="0" total="1376256" percent="0" />
      <mem type="survivor" free="0" total="720896" percent="0" />
    </mem>
    <mem type="tenure" free="2060399088" total="2090532864" percent="98">
      <mem type="soa" free="1955873264" total="1986007040" percent="98" />
      <mem type="loa" free="104525824" total="104525824" percent="100" />
    </mem>
    <remembered-set count="429" />
  </mem-info>
</gc-start>
<allocation-stats totalBytes="1069440" >
  <allocated-bytes non-tlh="1968" tlh="1067472" />
  <largest-consumer threadName="PmdThread 4" threadId="00000000025DE300" bytes="946984" />
</allocation-stats>
<gc-op id="1943" type="scavenge" timems="1.260" contextid="1940" timestamp="2019-06-14T19:07:54.490">
  <scavenger-info tenureage="1" tenuremask="7ffe" tiltratio="65" />
  <memory-copied type="nursery" objects="1176" bytes="37072" bytesdiscarded="119464" />
  <memory-copied type="tenure" objects="3136" bytes="159864" bytesdiscarded="16" />
  <references type="weak" candidates="50" cleared="50" enqueued="50" />
  <references type="phantom" candidates="1" cleared="1" enqueued="1" />
</gc-op>
<gc-end id="1944" type="scavenge" contextid="1940" durationms="1.461" usertimems="4.000" systemtimems="0.000" timestamp="2019-06-14T19:07:54.490" activeThreads="4">
  <mem-info id="1945" free="2061591256" total="2092630016" percent="98">
    <mem type="nursery" free="1350656" total="2097152" percent="64">
      <mem type="allocate" free="1350656" total="1507328" percent="89" />
      <mem type="survivor" free="0" total="589824" percent="0" />
    </mem>
    <mem type="tenure" free="2060240600" total="2090532864" percent="98">
      <mem type="soa" free="1955714776" total="1986007040" percent="98" />
      <mem type="loa" free="104525824" total="104525824" percent="100" />
    </mem>
    <pending-finalizers system="0" default="0" reference="51" classloader="0" />
    <remembered-set count="165" />
  </mem-info>
</gc-end>
<cycle-end id="1946" type="scavenge" contextid="1940" timestamp="2019-06-14T19:07:54.490" />
  <attribute name="elasticGC enabled" value="1" />
  <attribute name= "numThreadsSpecified" value="4" />
  <attribute name="heapSize specified" value="8388608" />
  <attribute name="Current GC Util" value="33" />
  <attribute name= "Current Time Running" value="2479" />
  <attribute name ="GC Interval" value="200" />
  <attribute name="ProportionalT" value="6.500000" />
  <attribute name="ProportionalI" value="6.500000" />
  <attribute name="ProportionalH" value="6.500000" />
  <attribute name="Current Error" value="13.000000" />
  <attribute name="IntegralT" value="143.000000" />
  <attribute name="IntegralI" value="143.000000" />
  <attribute name="IntegralH" value="143.000000" />
  <attribute name="DerivativeT" value="-1.727273" />
  <attribute name="DerivativeI" value="-1.727273" />
  <attribute name="DerivativeH" value="-1.727273" />
  <attribute name="Loop Time for DT" value="11.000000" />
  <attribute name="Output H" value="8388608"/>
  <attribute name="Output I" value="200"/>
  <attribute name="Output T" value="4"/>
  <attribute name="Target GC Util Change" value ="20.000000" />
  <attribute name="Current GC Util Change" value="33.000000"/>
  <attribute name="GC Util currently" value="33" />
  <attribute name="CPU Util currently" value="440822820528" />
<allocation-satisfied id="1947" threadId="00000000025DE300" bytesRequested="24" />
<af-end id="1948" timestamp="2019-06-14T19:07:54.490" threadId="00000000025DEC88" success="true" from="nursery"/>
<exclusive-end id="1949" timestamp="2019-06-14T19:07:54.490" durationms="1.966" />

<exclusive-start id="1950" timestamp="2019-06-14T19:07:54.496" intervalms="8.115">
  <response-info timems="0.035" idlems="0.035" threads="0" lastid="00000000025DE300" lastname="PmdThread 4" />
</exclusive-start>
<af-start id="1951" threadId="00000000025DEC88" totalBytesRequested="72" timestamp="2019-06-14T19:07:54.496" intervalms="8.123" type="nursery" />
<cycle-start id="1952" type="scavenge" contextid="0" timestamp="2019-06-14T19:07:54.496" intervalms="8.118" />
<gc-start id="1953" type="scavenge" contextid="1952" timestamp="2019-06-14T19:07:54.497">
  <mem-info id="1954" free="2060240600" total="2092630016" percent="98">
    <mem type="nursery" free="0" total="2097152" percent="0">
      <mem type="allocate" free="0" total="1507328" percent="0" />
      <mem type="survivor" free="0" total="589824" percent="0" />
    </mem>
    <mem type="tenure" free="2060240600" total="2090532864" percent="98">
      <mem type="soa" free="1955714776" total="1986007040" percent="98" />
      <mem type="loa" free="104525824" total="104525824" percent="100" />
    </mem>
    <remembered-set count="697" />
  </mem-info>
</gc-start>
<allocation-stats totalBytes="1349448" >
  <allocated-bytes non-tlh="32808" tlh="1316640" />
  <largest-consumer threadName="PmdThread 4" threadId="00000000025DE300" bytes="719648" />
</allocation-stats>
<gc-op id="1955" type="scavenge" timems="1.448" contextid="1952" timestamp="2019-06-14T19:07:54.498">
  <scavenger-info tenureage="2" tenuremask="7ffc" tiltratio="71" />
  <memory-copied type="nursery" objects="11337" bytes="497976" bytesdiscarded="91808" />
  <memory-copied type="tenure" objects="147" bytes="3872" bytesdiscarded="0" />
  <copy-failed type="nursery" objects="147" bytes="3872" />
  <references type="weak" candidates="6" cleared="5" enqueued="5" />
  <references type="phantom" candidates="1" cleared="0" enqueued="0" />
</gc-op>
<gc-end id="1956" type="scavenge" contextid="1952" durationms="1.657" usertimems="4.000" systemtimems="0.000" timestamp="2019-06-14T19:07:54.498" activeThreads="4">
  <mem-info id="1957" free="2060699352" total="2092630016" percent="98">
    <mem type="nursery" free="458752" total="2097152" percent="21">
      <mem type="allocate" free="458752" total="1048576" percent="43" />
      <mem type="survivor" free="0" total="1048576" percent="0" />
    </mem>
    <mem type="tenure" free="2060240600" total="2090532864" percent="98">
      <mem type="soa" free="1955714776" total="1986007040" percent="98" />
      <mem type="loa" free="104525824" total="104525824" percent="100" />
    </mem>
    <pending-finalizers system="0" default="0" reference="5" classloader="0" />
    <remembered-set count="178" />
  </mem-info>
</gc-end>
<cycle-end id="1958" type="scavenge" contextid="1952" timestamp="2019-06-14T19:07:54.498" />
  <attribute name="elasticGC enabled" value="1" />
  <attribute name= "numThreadsSpecified" value="4" />
  <attribute name="heapSize specified" value="8388608" />
  <attribute name="Current GC Util" value="32" />
  <attribute name= "Current Time Running" value="2487" />
  <attribute name ="GC Interval" value="200" />
  <attribute name="ProportionalT" value="6.000000" />
  <attribute name="ProportionalI" value="6.000000" />
  <attribute name="ProportionalH" value="6.000000" />
  <attribute name="Current Error" value="12.000000" />
  <attribute name="IntegralT" value="96.000000" />
  <attribute name="IntegralI" value="96.000000" />
  <attribute name="IntegralH" value="96.000000" />
  <attribute name="DerivativeT" value="-0.062500" />
  <attribute name="DerivativeI" value="-0.062500" />
  <attribute name="DerivativeH" value="-0.062500" />
  <attribute name="Loop Time for DT" value="8.000000" />
  <attribute name="Output H" value="8388608"/>
  <attribute name="Output I" value="200"/>
  <attribute name="Output T" value="4"/>
  <attribute name="Target GC Util Change" value ="20.000000" />
  <attribute name="Current GC Util Change" value="32.000000"/>
  <attribute name="GC Util currently" value="32" />
  <attribute name="CPU Util currently" value="568407272851" />
<allocation-satisfied id="1959" threadId="00000000025DE300" bytesRequested="72" />
<af-end id="1960" timestamp="2019-06-14T19:07:54.498" threadId="00000000025DEC88" success="true" from="nursery"/>
<exclusive-end id="1961" timestamp="2019-06-14T19:07:54.498" durationms="2.159" />

<exclusive-start id="1962" timestamp="2019-06-14T19:07:54.501" intervalms="4.722">
  <response-info timems="0.033" idlems="0.033" threads="0" lastid="00000000025E0800" lastname="PmdThread 2" />
</exclusive-start>
<af-start id="1963" threadId="00000000025E1188" totalBytesRequested="56" timestamp="2019-06-14T19:07:54.501" intervalms="4.698" type="nursery" />
<cycle-start id="1964" type="scavenge" contextid="0" timestamp="2019-06-14T19:07:54.501" intervalms="4.698" />
<gc-start id="1965" type="scavenge" contextid="1964" timestamp="2019-06-14T19:07:54.501">
  <mem-info id="1966" free="2060240600" total="2092630016" percent="98">
    <mem type="nursery" free="0" total="2097152" percent="0">
      <mem type="allocate" free="0" total="1048576" percent="0" />
      <mem type="survivor" free="0" total="1048576" percent="0" />
    </mem>
    <mem type="tenure" free="2060240600" total="2090532864" percent="98">
      <mem type="soa" free="1955714776" total="1986007040" percent="98" />
      <mem type="loa" free="104525824" total="104525824" percent="100" />
    </mem>
    <remembered-set count="190" />
  </mem-info>
</gc-start>
<allocation-stats totalBytes="458368" >
  <allocated-bytes non-tlh="16464" tlh="441904" />
  <largest-consumer threadName="PmdThread 2" threadId="00000000025E0800" bytes="204624" />
</allocation-stats>
<gc-op id="1967" type="scavenge" timems="0.997" contextid="1964" timestamp="2019-06-14T19:07:54.502">
  <scavenger-info tenureage="1" tenuremask="7ffe" tiltratio="50" />
  <memory-copied type="nursery" objects="4233" bytes="193560" bytesdiscarded="96984" />
  <memory-copied type="tenure" objects="11230" bytes="493720" bytesdiscarded="1040" />
  <references type="weak" candidates="6" cleared="6" enqueued="6" />
</gc-op>
<gc-end id="1968" type="scavenge" contextid="1964" durationms="1.215" usertimems="0.000" systemtimems="4.000" timestamp="2019-06-14T19:07:54.502" activeThreads="4">
  <mem-info id="1969" free="2060566800" total="2092630016" percent="98">
    <mem type="nursery" free="823544" total="2097152" percent="39">
      <mem type="allocate" free="823544" total="1114112" percent="73" />
      <mem type="survivor" free="0" total="983040" percent="0" />
    </mem>
    <mem type="tenure" free="2059743256" total="2090532864" percent="98">
      <mem type="soa" free="1955217432" total="1986007040" percent="98" />
      <mem type="loa" free="104525824" total="104525824" percent="100" />
    </mem>
    <pending-finalizers system="0" default="0" reference="6" classloader="0" />
    <remembered-set count="212" />
  </mem-info>
</gc-end>
<cycle-end id="1970" type="scavenge" contextid="1964" timestamp="2019-06-14T19:07:54.503" />
  <attribute name="elasticGC enabled" value="1" />
  <attribute name= "numThreadsSpecified" value="4" />
  <attribute name="heapSize specified" value="8388608" />
  <attribute name="Current GC Util" value="65" />
  <attribute name= "Current Time Running" value="2491" />
  <attribute name ="GC Interval" value="208" />
  <attribute name="ProportionalT" value="22.500000" />
  <attribute name="ProportionalI" value="22.500000" />
  <attribute name="ProportionalH" value="22.500000" />
  <attribute name="Current Error" value="45.000000" />
  <attribute name="IntegralT" value="180.000000" />
  <attribute name="IntegralI" value="180.000000" />
  <attribute name="IntegralH" value="180.000000" />
  <attribute name="DerivativeT" value="4.125000" />
  <attribute name="DerivativeI" value="4.125000" />
  <attribute name="DerivativeH" value="4.125000" />
  <attribute name="Loop Time for DT" value="4.000000" />
  <attribute name="Output H" value="8388608"/>
  <attribute name="Output I" value="208"/>
  <attribute name="Output T" value="4"/>
  <attribute name="Target GC Util Change" value ="20.000000" />
  <attribute name="Current GC Util Change" value="65.000000"/>
  <attribute name="GC Util currently" value="65" />
  <attribute name="CPU Util currently" value="982860157908" />
<allocation-satisfied id="1971" threadId="00000000025E0800" bytesRequested="56" />
<af-end id="1972" timestamp="2019-06-14T19:07:54.503" threadId="00000000025E1188" success="true" from="nursery"/>
<exclusive-end id="1973" timestamp="2019-06-14T19:07:54.503" durationms="1.693" />

<exclusive-start id="1974" timestamp="2019-06-14T19:07:54.513" intervalms="12.003">
  <response-info timems="0.045" idlems="0.026" threads="1" lastid="00000000025DD700" lastname="PmdThread 3" />
</exclusive-start>
<af-start id="1975" threadId="00000000025E1188" totalBytesRequested="56" timestamp="2019-06-14T19:07:54.513" intervalms="12.031" type="nursery" />
<cycle-start id="1976" type="scavenge" contextid="0" timestamp="2019-06-14T19:07:54.513" intervalms="12.027" />
<gc-start id="1977" type="scavenge" contextid="1976" timestamp="2019-06-14T19:07:54.513">
  <mem-info id="1978" free="2059743256" total="2092630016" percent="98">
    <mem type="nursery" free="0" total="2097152" percent="0">
      <mem type="allocate" free="0" total="1114112" percent="0" />
      <mem type="survivor" free="0" total="983040" percent="0" />
    </mem>
    <mem type="tenure" free="2059743256" total="2090532864" percent="98">
      <mem type="soa" free="1955217432" total="1986007040" percent="98" />
      <mem type="loa" free="104525824" total="104525824" percent="100" />
    </mem>
    <remembered-set count="499" />
  </mem-info>
</gc-start>
<allocation-stats totalBytes="822992" >
  <allocated-bytes non-tlh="56" tlh="822936" />
  <largest-consumer threadName="PmdThread 2" threadId="00000000025E0800" bytes="630760" />
</allocation-stats>
<gc-op id="1979" type="scavenge" timems="1.265" contextid="1976" timestamp="2019-06-14T19:07:54.515">
  <scavenger-info tenureage="1" tenuremask="7ffe" tiltratio="53" />
  <memory-copied type="nursery" objects="11547" bytes="377288" bytesdiscarded="131880" />
  <memory-copied type="tenure" objects="4204" bytes="192480" bytesdiscarded="592" />
  <references type="weak" candidates="33" cleared="32" enqueued="32" />
  <references type="phantom" candidates="1" cleared="0" enqueued="0" />
</gc-op>
<gc-end id="1980" type="scavenge" contextid="1976" durationms="1.472" usertimems="4.000" systemtimems="0.000" timestamp="2019-06-14T19:07:54.515" activeThreads="4">
  <mem-info id="1981" free="2060193280" total="2092630016" percent="98">
    <mem type="nursery" free="670464" total="2097152" percent="31">
      <mem type="allocate" free="670464" total="1179648" percent="56" />
      <mem type="survivor" free="0" total="917504" percent="0" />
    </mem>
    <mem type="tenure" free="2059522816" total="2090532864" percent="98">
      <mem type="soa" free="1954996992" total="1986007040" percent="98" />
      <mem type="loa" free="104525824" total="104525824" percent="100" />
    </mem>
    <pending-finalizers system="0" default="0" reference="32" classloader="0" />
    <remembered-set count="149" />
  </mem-info>
</gc-end>
<cycle-end id="1982" type="scavenge" contextid="1976" timestamp="2019-06-14T19:07:54.515" />
  <attribute name="elasticGC enabled" value="1" />
  <attribute name= "numThreadsSpecified" value="4" />
  <attribute name="heapSize specified" value="8388608" />
  <attribute name="Current GC Util" value="15" />
  <attribute name= "Current Time Running" value="2503" />
  <attribute name ="GC Interval" value="200" />
  <attribute name="ProportionalT" value="-2.500000" />
  <attribute name="ProportionalI" value="-2.500000" />
  <attribute name="ProportionalH" value="-2.500000" />
  <attribute name="Current Error" value="-5.000000" />
  <attribute name="IntegralT" value="-60.000000" />
  <attribute name="IntegralI" value="-60.000000" />
  <attribute name="IntegralH" value="-60.000000" />
  <attribute name="DerivativeT" value="-2.083333" />
  <attribute name="DerivativeI" value="-2.083333" />
  <attribute name="DerivativeH" value="-2.083333" />
  <attribute name="Loop Time for DT" value="12.000000" />
  <attribute name="Output H" value="2092630016"/>
  <attribute name="Output I" value="200"/>
  <attribute name="Output T" value="4"/>
  <attribute name="Target GC Util Change" value ="20.000000" />
  <attribute name="Current GC Util Change" value="15.000000"/>
  <attribute name="GC Util currently" value="15" />
  <attribute name="CPU Util currently" value="383725375917" />
<allocation-satisfied id="1983" threadId="00000000025E0800" bytesRequested="56" />
<af-end id="1984" timestamp="2019-06-14T19:07:54.515" threadId="00000000025E1188" success="true" from="nursery"/>
<exclusive-end id="1985" timestamp="2019-06-14T19:07:54.515" durationms="1.969" />

<exclusive-start id="1986" timestamp="2019-06-14T19:07:54.519" intervalms="5.833">
  <response-info timems="0.483" idlems="0.432" threads="1" lastid="00000000025E0800" lastname="PmdThread 2" />
</exclusive-start>
<af-start id="1987" threadId="00000000025DE088" totalBytesRequested="32" timestamp="2019-06-14T19:07:54.519" intervalms="5.805" type="nursery" />
<cycle-start id="1988" type="scavenge" contextid="0" timestamp="2019-06-14T19:07:54.519" intervalms="5.803" />
<gc-start id="1989" type="scavenge" contextid="1988" timestamp="2019-06-14T19:07:54.519">
  <mem-info id="1990" free="2059522256" total="2092630016" percent="98">
    <mem type="nursery" free="0" total="2097152" percent="0">
      <mem type="allocate" free="0" total="1179648" percent="0" />
      <mem type="survivor" free="0" total="917504" percent="0" />
    </mem>
    <mem type="tenure" free="2059522256" total="2090532864" percent="98">
      <mem type="soa" free="1954996432" total="1986007040" percent="98" />
      <mem type="loa" free="104525824" total="104525824" percent="100" />
    </mem>
    <remembered-set count="225" />
  </mem-info>
</gc-start>
<allocation-stats totalBytes="669456" >
  <allocated-bytes non-tlh="616" tlh="668840" />
  <largest-consumer threadName="PmdThread 4" threadId="00000000025DE300" bytes="288512" />
</allocation-stats>
<gc-op id="1991" type="scavenge" timems="1.269" contextid="1988" timestamp="2019-06-14T19:07:54.520">
  <scavenger-info tenureage="1" tenuremask="7ffe" tiltratio="56" />
  <memory-copied type="nursery" objects="2883" bytes="94280" bytesdiscarded="140720" />
  <memory-copied type="tenure" objects="11395" bytes="362424" bytesdiscarded="104" />
  <references type="weak" candidates="34" cleared="34" enqueued="34" />
  <references type="phantom" candidates="1" cleared="1" enqueued="1" />
</gc-op>
<gc-end id="1992" type="scavenge" contextid="1988" durationms="1.475" usertimems="0.000" systemtimems="0.000" timestamp="2019-06-14T19:07:54.521" activeThreads="4">
  <mem-info id="1993" free="2060245456" total="2092630016" percent="98">
    <mem type="nursery" free="1075712" total="2097152" percent="51">
      <mem type="allocate" free="1075712" total="1310720" percent="82" />
      <mem type="survivor" free="0" total="786432" percent="0" />
    </mem>
    <mem type="tenure" free="2059169744" total="2090532864" percent="98">
      <mem type="soa" free="1954643920" total="1986007040" percent="98" />
      <mem type="loa" free="104525824" total="104525824" percent="100" />
    </mem>
    <pending-finalizers system="0" default="0" reference="35" classloader="0" />
    <remembered-set count="163" />
  </mem-info>
</gc-end>
<cycle-end id="1994" type="scavenge" contextid="1988" timestamp="2019-06-14T19:07:54.521" />
  <attribute name="elasticGC enabled" value="1" />
  <attribute name= "numThreadsSpecified" value="4" />
  <attribute name="heapSize specified" value="8388608" />
  <attribute name="Current GC Util" value="32" />
  <attribute name= "Current Time Running" value="2509" />
  <attribute name ="GC Interval" value="200" />
  <attribute name="ProportionalT" value="6.000000" />
  <attribute name="ProportionalI" value="6.000000" />
  <attribute name="ProportionalH" value="6.000000" />
  <attribute name="Current Error" value="12.000000" />
  <attribute name="IntegralT" value="72.000000" />
  <attribute name="IntegralI" value="72.000000" />
  <attribute name="IntegralH" value="72.000000" />
  <attribute name="DerivativeT" value="1.000000" />
  <attribute name="DerivativeI" value="1.000000" />
  <attribute name="DerivativeH" value="1.000000" />
  <attribute name="Loop Time for DT" value="6.000000" />
  <attribute name="Output H" value="8388608"/>
  <attribute name="Output I" value="200"/>
  <attribute name="Output T" value="4"/>
  <attribute name="Target GC Util Change" value ="20.000000" />
  <attribute name="Current GC Util Change" value="32.000000"/>
  <attribute name="GC Util currently" value="32" />
  <attribute name="CPU Util currently" value="794976826529" />
<allocation-satisfied id="1995" threadId="00000000025DD700" bytesRequested="32" />
<af-end id="1996" timestamp="2019-06-14T19:07:54.521" threadId="00000000025DE088" success="true" from="nursery"/>
<exclusive-end id="1997" timestamp="2019-06-14T19:07:54.521" durationms="1.934" />

<exclusive-start id="1998" timestamp="2019-06-14T19:07:54.525" intervalms="6.320">
  <response-info timems="0.041" idlems="0.041" threads="0" lastid="00000000025DE300" lastname="PmdThread 4" />
</exclusive-start>
<af-start id="1999" threadId="00000000025DEC88" totalBytesRequested="456" timestamp="2019-06-14T19:07:54.525" intervalms="6.336" type="nursery" />
<cycle-start id="2000" type="scavenge" contextid="0" timestamp="2019-06-14T19:07:54.525" intervalms="6.343" />
<gc-start id="2001" type="scavenge" contextid="2000" timestamp="2019-06-14T19:07:54.525">
  <mem-info id="2002" free="2059169304" total="2092630016" percent="98">
    <mem type="nursery" free="0" total="2097152" percent="0">
      <mem type="allocate" free="0" total="1310720" percent="0" />
      <mem type="survivor" free="0" total="786432" percent="0" />
    </mem>
    <mem type="tenure" free="2059169304" total="2090532864" percent="98">
      <mem type="soa" free="1954643480" total="1986007040" percent="98" />
      <mem type="loa" free="104525824" total="104525824" percent="100" />
    </mem>
    <remembered-set count="260" />
  </mem-info>
</gc-start>
<allocation-stats totalBytes="1073176" >
  <allocated-bytes non-tlh="33256" tlh="1039920" />
  <largest-consumer threadName="PmdThread 2" threadId="00000000025E0800" bytes="444728" />
</allocation-stats>
<gc-op id="2003" type="scavenge" timems="1.462" contextid="2000" timestamp="2019-06-14T19:07:54.527">
  <scavenger-info tenureage="2" tenuremask="7ffc" tiltratio="62" />
  <memory-copied type="nursery" objects="11340" bytes="427152" bytesdiscarded="145528" />
  <references type="weak" candidates="45" cleared="44" enqueued="44" />
  <references type="phantom" candidates="1" cleared="0" enqueued="0" />
</gc-op>
<gc-end id="2004" type="scavenge" contextid="2000" durationms="1.705" usertimems="0.000" systemtimems="0.000" timestamp="2019-06-14T19:07:54.527" activeThreads="4">
  <mem-info id="2005" free="2059841792" total="2092630016" percent="98">
    <mem type="nursery" free="672488" total="2097152" percent="32">
      <mem type="allocate" free="672488" total="1245184" percent="54" />
      <mem type="survivor" free="0" total="851968" percent="0" />
    </mem>
    <mem type="tenure" free="2059169304" total="2090532864" percent="98">
      <mem type="soa" free="1954643480" total="1986007040" percent="98" />
      <mem type="loa" free="104525824" total="104525824" percent="100" />
    </mem>
    <pending-finalizers system="0" default="0" reference="44" classloader="0" />
    <remembered-set count="168" />
  </mem-info>
</gc-end>
<cycle-end id="2006" type="scavenge" contextid="2000" timestamp="2019-06-14T19:07:54.527" />
  <attribute name="elasticGC enabled" value="1" />
  <attribute name= "numThreadsSpecified" value="4" />
  <attribute name="heapSize specified" value="8388608" />
  <attribute name="Current GC Util" value="27" />
  <attribute name= "Current Time Running" value="2515" />
  <attribute name ="GC Interval" value="200" />
  <attribute name="ProportionalT" value="3.500000" />
  <attribute name="ProportionalI" value="3.500000" />
  <attribute name="ProportionalH" value="3.500000" />
  <attribute name="Current Error" value="7.000000" />
  <attribute name="IntegralT" value="42.000000" />
  <attribute name="IntegralI" value="42.000000" />
  <attribute name="IntegralH" value="42.000000" />
  <attribute name="DerivativeT" value="-0.416667" />
  <attribute name="DerivativeI" value="-0.416667" />
  <attribute name="DerivativeH" value="-0.416667" />
  <attribute name="Loop Time for DT" value="6.000000" />
  <attribute name="Output H" value="8388608"/>
  <attribute name="Output I" value="200"/>
  <attribute name="Output T" value="4"/>
  <attribute name="Target GC Util Change" value ="20.000000" />
  <attribute name="Current GC Util Change" value="27.000000"/>
  <attribute name="GC Util currently" value="27" />
  <attribute name="CPU Util currently" value="725295687407" />
<allocation-satisfied id="2007" threadId="00000000025DE300" bytesRequested="456" />
<af-end id="2008" timestamp="2019-06-14T19:07:54.527" threadId="00000000025DEC88" success="true" from="nursery"/>
<exclusive-end id="2009" timestamp="2019-06-14T19:07:54.527" durationms="2.247" />

<exclusive-start id="2010" timestamp="2019-06-14T19:07:54.530" intervalms="5.128">
  <response-info timems="0.093" idlems="0.093" threads="0" lastid="00000000025E0800" lastname="PmdThread 2" />
</exclusive-start>
<af-start id="2011" threadId="00000000025E1188" totalBytesRequested="56" timestamp="2019-06-14T19:07:54.530" intervalms="5.122" type="nursery" />
<cycle-start id="2012" type="scavenge" contextid="0" timestamp="2019-06-14T19:07:54.530" intervalms="5.117" />
<gc-start id="2013" type="scavenge" contextid="2012" timestamp="2019-06-14T19:07:54.531">
  <mem-info id="2014" free="2059169216" total="2092630016" percent="98">
    <mem type="nursery" free="0" total="2097152" percent="0">
      <mem type="allocate" free="0" total="1245184" percent="0" />
      <mem type="survivor" free="0" total="851968" percent="0" />
    </mem>
    <mem type="tenure" free="2059169216" total="2090532864" percent="98">
      <mem type="soa" free="1954643392" total="1986007040" percent="98" />
      <mem type="loa" free="104525824" total="104525824" percent="100" />
    </mem>
    <remembered-set count="179" />
  </mem-info>
</gc-start>
<allocation-stats totalBytes="667032" >
  <allocated-bytes non-tlh="51992" tlh="615040" />
  <largest-consumer threadName="PmdThread 2" threadId="00000000025E0800" bytes="485248" />
</allocation-stats>
<gc-op id="2015" type="scavenge" timems="1.558" contextid="2012" timestamp="2019-06-14T19:07:54.532">
  <scavenger-info tenureage="1" tenuremask="7ffe" tiltratio="59" />
  <memory-copied type="nursery" objects="8218" bytes="324312" bytesdiscarded="60752" />
  <memory-copied type="tenure" objects="11213" bytes="419640" bytesdiscarded="96" />
  <references type="weak" candidates="3" cleared="2" enqueued="2" />
  <references type="phantom" candidates="1" cleared="0" enqueued="0" />
</gc-op>
<gc-end id="2016" type="scavenge" contextid="2012" durationms="1.813" usertimems="4.000" systemtimems="0.000" timestamp="2019-06-14T19:07:54.532" activeThreads="4">
  <mem-info id="2017" free="2059670392" total="2092630016" percent="98">
    <mem type="nursery" free="925648" total="2097152" percent="44">
      <mem type="allocate" free="925648" total="1310720" percent="70" />
      <mem type="survivor" free="0" total="786432" percent="0" />
    </mem>
    <mem type="tenure" free="2058744744" total="2090532864" percent="98">
      <mem type="soa" free="1954218920" total="1986007040" percent="98" />
      <mem type="loa" free="104525824" total="104525824" percent="100" />
    </mem>
    <pending-finalizers system="0" default="0" reference="2" classloader="0" />
    <remembered-set count="155" />
  </mem-info>
</gc-end>
<cycle-end id="2018" type="scavenge" contextid="2012" timestamp="2019-06-14T19:07:54.532" />
  <attribute name="elasticGC enabled" value="1" />
  <attribute name= "numThreadsSpecified" value="4" />
  <attribute name="heapSize specified" value="8388608" />
  <attribute name="Current GC Util" value="45" />
  <attribute name= "Current Time Running" value="2521" />
  <attribute name ="GC Interval" value="200" />
  <attribute name="ProportionalT" value="12.500000" />
  <attribute name="ProportionalI" value="12.500000" />
  <attribute name="ProportionalH" value="12.500000" />
  <attribute name="Current Error" value="25.000000" />
  <attribute name="IntegralT" value="150.000000" />
  <attribute name="IntegralI" value="150.000000" />
  <attribute name="IntegralH" value="150.000000" />
  <attribute name="DerivativeT" value="1.500000" />
  <attribute name="DerivativeI" value="1.500000" />
  <attribute name="DerivativeH" value="1.500000" />
  <attribute name="Loop Time for DT" value="6.000000" />
  <attribute name="Output H" value="8388608"/>
  <attribute name="Output I" value="200"/>
  <attribute name="Output T" value="4"/>
  <attribute name="Target GC Util Change" value ="20.000000" />
  <attribute name="Current GC Util Change" value="45.000000"/>
  <attribute name="GC Util currently" value="45" />
  <attribute name="CPU Util currently" value="900564435721" />
<allocation-satisfied id="2019" threadId="00000000025E0800" bytesRequested="56" />
<af-end id="2020" timestamp="2019-06-14T19:07:54.533" threadId="00000000025E1188" success="true" from="nursery"/>
<exclusive-end id="2021" timestamp="2019-06-14T19:07:54.533" durationms="2.294" />

<exclusive-start id="2022" timestamp="2019-06-14T19:07:54.538" intervalms="7.673">
  <response-info timems="0.203" idlems="0.186" threads="1" lastid="00000000025E0800" lastname="PmdThread 2" />
</exclusive-start>
<af-start id="2023" threadId="00000000025DD588" totalBytesRequested="2832" timestamp="2019-06-14T19:07:54.538" intervalms="7.690" type="nursery" />
<cycle-start id="2024" type="scavenge" contextid="0" timestamp="2019-06-14T19:07:54.538" intervalms="7.696" />
<gc-start id="2025" type="scavenge" contextid="2024" timestamp="2019-06-14T19:07:54.538">
  <mem-info id="2026" free="2058743920" total="2092630016" percent="98">
    <mem type="nursery" free="0" total="2097152" percent="0">
      <mem type="allocate" free="0" total="1310720" percent="0" />
      <mem type="survivor" free="0" total="786432" percent="0" />
    </mem>
    <mem type="tenure" free="2058743920" total="2090532864" percent="98">
      <mem type="soa" free="1954218096" total="1986007040" percent="98" />
      <mem type="loa" free="104525824" total="104525824" percent="100" />
    </mem>
    <remembered-set count="178" />
  </mem-info>
</gc-start>
<allocation-stats totalBytes="923592" >
  <allocated-bytes non-tlh="880" tlh="922712" />
  <largest-consumer threadName="PmdThread 2" threadId="00000000025E0800" bytes="831176" />
</allocation-stats>
<gc-op id="2027" type="scavenge" timems="1.786" contextid="2024" timestamp="2019-06-14T19:07:54.540">
  <scavenger-info tenureage="1" tenuremask="7ffe" tiltratio="62" />
  <memory-copied type="nursery" objects="13546" bytes="433552" bytesdiscarded="153968" />
  <memory-copied type="tenure" objects="8140" bytes="260400" bytesdiscarded="64" />
  <references type="weak" candidates="8" cleared="8" enqueued="8" />
</gc-op>
<gc-end id="2028" type="scavenge" contextid="2024" durationms="2.041" usertimems="4.000" systemtimems="0.000" timestamp="2019-06-14T19:07:54.540" activeThreads="4">
  <mem-info id="2029" free="2059363184" total="2092630016" percent="98">
    <mem type="nursery" free="854272" total="2097152" percent="40">
      <mem type="allocate" free="854272" total="1441792" percent="59" />
      <mem type="survivor" free="0" total="655360" percent="0" />
    </mem>
    <mem type="tenure" free="2058508912" total="2090532864" percent="98">
      <mem type="soa" free="1953983088" total="1986007040" percent="98" />
      <mem type="loa" free="104525824" total="104525824" percent="100" />
    </mem>
    <pending-finalizers system="0" default="0" reference="8" classloader="0" />
    <remembered-set count="164" />
  </mem-info>
</gc-end>
<cycle-end id="2030" type="scavenge" contextid="2024" timestamp="2019-06-14T19:07:54.540" />
  <attribute name="elasticGC enabled" value="1" />
  <attribute name= "numThreadsSpecified" value="4" />
  <attribute name="heapSize specified" value="8388608" />
  <attribute name="Current GC Util" value="28" />
  <attribute name= "Current Time Running" value="2528" />
  <attribute name ="GC Interval" value="200" />
  <attribute name="ProportionalT" value="4.000000" />
  <attribute name="ProportionalI" value="4.000000" />
  <attribute name="ProportionalH" value="4.000000" />
  <attribute name="Current Error" value="8.000000" />
  <attribute name="IntegralT" value="56.000000" />
  <attribute name="IntegralI" value="56.000000" />
  <attribute name="IntegralH" value="56.000000" />
  <attribute name="DerivativeT" value="-1.214286" />
  <attribute name="DerivativeI" value="-1.214286" />
  <attribute name="DerivativeH" value="-1.214286" />
  <attribute name="Loop Time for DT" value="7.000000" />
  <attribute name="Output H" value="8388608"/>
  <attribute name="Output I" value="200"/>
  <attribute name="Output T" value="4"/>
  <attribute name="Target GC Util Change" value ="20.000000" />
  <attribute name="Current GC Util Change" value="28.000000"/>
  <attribute name="GC Util currently" value="28" />
  <attribute name="CPU Util currently" value="599659165677" />
<allocation-satisfied id="2031" threadId="00000000025DCC00" bytesRequested="2832" />
<af-end id="2032" timestamp="2019-06-14T19:07:54.541" threadId="00000000025DD588" success="true" from="nursery"/>
<exclusive-end id="2033" timestamp="2019-06-14T19:07:54.541" durationms="2.606" />

<exclusive-start id="2034" timestamp="2019-06-14T19:07:54.544" intervalms="5.973">
  <response-info timems="0.050" idlems="0.050" threads="0" lastid="00000000025DE300" lastname="PmdThread 4" />
</exclusive-start>
<af-start id="2035" threadId="00000000025DEC88" totalBytesRequested="16" timestamp="2019-06-14T19:07:54.544" intervalms="5.951" type="nursery" />
<cycle-start id="2036" type="scavenge" contextid="0" timestamp="2019-06-14T19:07:54.544" intervalms="5.935" />
<gc-start id="2037" type="scavenge" contextid="2036" timestamp="2019-06-14T19:07:54.544">
  <mem-info id="2038" free="2058508648" total="2092630016" percent="98">
    <mem type="nursery" free="0" total="2097152" percent="0">
      <mem type="allocate" free="0" total="1441792" percent="0" />
      <mem type="survivor" free="0" total="655360" percent="0" />
    </mem>
    <mem type="tenure" free="2058508648" total="2090532864" percent="98">
      <mem type="soa" free="1953982824" total="1986007040" percent="98" />
      <mem type="loa" free="104525824" total="104525824" percent="100" />
    </mem>
    <remembered-set count="381" />
  </mem-info>
</gc-start>
<allocation-stats totalBytes="851752" >
  <allocated-bytes non-tlh="3096" tlh="848656" />
  <largest-consumer threadName="PmdThread 4" threadId="00000000025DE300" bytes="369240" />
</allocation-stats>
<gc-op id="2039" type="scavenge" timems="1.107" contextid="2036" timestamp="2019-06-14T19:07:54.545">
  <scavenger-info tenureage="1" tenuremask="7ffe" tiltratio="68" />
  <memory-copied type="nursery" objects="250" bytes="9184" bytesdiscarded="69144" />
  <memory-copied type="tenure" objects="13506" bytes="430000" bytesdiscarded="312" />
  <references type="weak" candidates="63" cleared="63" enqueued="63" />
</gc-op>
<gc-end id="2040" type="scavenge" contextid="2036" durationms="1.280" usertimems="0.000" systemtimems="0.000" timestamp="2019-06-14T19:07:54.545" activeThreads="4">
  <mem-info id="2041" free="2059506792" total="2092630016" percent="98">
    <mem type="nursery" free="1428992" total="2097152" percent="68">
      <mem type="allocate" free="1428992" total="1507328" percent="94" />
      <mem type="survivor" free="0" total="589824" percent="0" />
    </mem>
    <mem type="tenure" free="2058077800" total="2090532864" percent="98">
      <mem type="soa" free="1953551976" total="1986007040" percent="98" />
      <mem type="loa" free="104525824" total="104525824" percent="100" />
    </mem>
    <pending-finalizers system="0" default="0" reference="63" classloader="0" />
    <remembered-set count="143" />
  </mem-info>
</gc-end>
<cycle-end id="2042" type="scavenge" contextid="2036" timestamp="2019-06-14T19:07:54.546" />
  <attribute name="elasticGC enabled" value="1" />
  <attribute name= "numThreadsSpecified" value="4" />
  <attribute name="heapSize specified" value="8388608" />
  <attribute name="Current GC Util" value="37" />
  <attribute name= "Current Time Running" value="2534" />
  <attribute name ="GC Interval" value="200" />
  <attribute name="ProportionalT" value="8.500000" />
  <attribute name="ProportionalI" value="8.500000" />
  <attribute name="ProportionalH" value="8.500000" />
  <attribute name="Current Error" value="17.000000" />
  <attribute name="IntegralT" value="102.000000" />
  <attribute name="IntegralI" value="102.000000" />
  <attribute name="IntegralH" value="102.000000" />
  <attribute name="DerivativeT" value="0.750000" />
  <attribute name="DerivativeI" value="0.750000" />
  <attribute name="DerivativeH" value="0.750000" />
  <attribute name="Loop Time for DT" value="6.000000" />
  <attribute name="Output H" value="8388608"/>
  <attribute name="Output I" value="200"/>
  <attribute name="Output T" value="4"/>
  <attribute name="Target GC Util Change" value ="20.000000" />
  <attribute name="Current GC Util Change" value="37.000000"/>
  <attribute name="GC Util currently" value="37" />
  <attribute name="CPU Util currently" value="783119536044" />
<allocation-satisfied id="2043" threadId="00000000025DE300" bytesRequested="16" />
<af-end id="2044" timestamp="2019-06-14T19:07:54.546" threadId="00000000025DEC88" success="true" from="nursery"/>
<exclusive-end id="2045" timestamp="2019-06-14T19:07:54.546" durationms="1.691" />

<exclusive-start id="2046" timestamp="2019-06-14T19:07:54.552" intervalms="8.153">
  <response-info timems="0.056" idlems="0.056" threads="0" lastid="00000000025DCC00" lastname="PmdThread 1" />
</exclusive-start>
<af-start id="2047" threadId="00000000025DD588" totalBytesRequested="48" timestamp="2019-06-14T19:07:54.552" intervalms="8.165" type="nursery" />
<cycle-start id="2048" type="scavenge" contextid="0" timestamp="2019-06-14T19:07:54.552" intervalms="8.172" />
<gc-start id="2049" type="scavenge" contextid="2048" timestamp="2019-06-14T19:07:54.552">
  <mem-info id="2050" free="2058077800" total="2092630016" percent="98">
    <mem type="nursery" free="0" total="2097152" percent="0">
      <mem type="allocate" free="0" total="1507328" percent="0" />
      <mem type="survivor" free="0" total="589824" percent="0" />
    </mem>
    <mem type="tenure" free="2058077800" total="2090532864" percent="98">
      <mem type="soa" free="1953551976" total="1986007040" percent="98" />
      <mem type="loa" free="104525824" total="104525824" percent="100" />
    </mem>
    <remembered-set count="179" />
  </mem-info>
</gc-start>
<allocation-stats totalBytes="1428728" >
  <allocated-bytes non-tlh="16" tlh="1428712" />
  <largest-consumer threadName="PmdThread 3" threadId="00000000025DD700" bytes="1113432" />
</allocation-stats>
<gc-op id="2051" type="scavenge" timems="0.199" contextid="2048" timestamp="2019-06-14T19:07:54.553">
  <scavenger-info tenureage="2" tenuremask="7ffc" tiltratio="71" />
  <memory-copied type="nursery" objects="167" bytes="27288" bytesdiscarded="129368" />
  <references type="weak" candidates="5" cleared="5" enqueued="5" />
</gc-op>
<gc-end id="2052" type="scavenge" contextid="2048" durationms="0.407" usertimems="0.000" systemtimems="0.000" timestamp="2019-06-14T19:07:54.553" activeThreads="4">
  <mem-info id="2053" free="2059493992" total="2092630016" percent="98">
    <mem type="nursery" free="1416192" total="2097152" percent="67">
      <mem type="allocate" free="1416192" total="1572864" percent="90" />
      <mem type="survivor" free="0" total="524288" percent="0" />
    </mem>
    <mem type="tenure" free="2058077800" total="2090532864" percent="98">
      <mem type="soa" free="1953551976" total="1986007040" percent="98" />
      <mem type="loa" free="104525824" total="104525824" percent="100" />
    </mem>
    <pending-finalizers system="0" default="0" reference="5" classloader="0" />
    <remembered-set count="133" />
  </mem-info>
</gc-end>
<cycle-end id="2054" type="scavenge" contextid="2048" timestamp="2019-06-14T19:07:54.553" />
  <attribute name="elasticGC enabled" value="1" />
  <attribute name= "numThreadsSpecified" value="4" />
  <attribute name="heapSize specified" value="8388608" />
  <attribute name="Current GC Util" value="18" />
  <attribute name= "Current Time Running" value="2542" />
  <attribute name ="GC Interval" value="200" />
  <attribute name="ProportionalT" value="-1.000000" />
  <attribute name="ProportionalI" value="-1.000000" />
  <attribute name="ProportionalH" value="-1.000000" />
  <attribute name="Current Error" value="-2.000000" />
  <attribute name="IntegralT" value="-16.000000" />
  <attribute name="IntegralI" value="-16.000000" />
  <attribute name="IntegralH" value="-16.000000" />
  <attribute name="DerivativeT" value="-1.187500" />
  <attribute name="DerivativeI" value="-1.187500" />
  <attribute name="DerivativeH" value="-1.187500" />
  <attribute name="Loop Time for DT" value="8.000000" />
  <attribute name="Output H" value="2092630016"/>
  <attribute name="Output I" value="200"/>
  <attribute name="Output T" value="4"/>
  <attribute name="Target GC Util Change" value ="20.000000" />
  <attribute name="Current GC Util Change" value="18.000000"/>
  <attribute name="GC Util currently" value="18" />
  <attribute name="CPU Util currently" value="560875425392" />
<allocation-satisfied id="2055" threadId="00000000025DCC00" bytesRequested="48" />
<af-end id="2056" timestamp="2019-06-14T19:07:54.553" threadId="00000000025DD588" success="true" from="nursery"/>
<exclusive-end id="2057" timestamp="2019-06-14T19:07:54.553" durationms="0.881" />

<exclusive-start id="2058" timestamp="2019-06-14T19:07:54.556" intervalms="4.130">
  <response-info timems="0.031" idlems="0.031" threads="0" lastid="00000000025DD700" lastname="PmdThread 3" />
</exclusive-start>
<af-start id="2059" threadId="00000000025DE088" totalBytesRequested="16" timestamp="2019-06-14T19:07:54.556" intervalms="4.132" type="nursery" />
<cycle-start id="2060" type="scavenge" contextid="0" timestamp="2019-06-14T19:07:54.556" intervalms="4.144" />
<gc-start id="2061" type="scavenge" contextid="2060" timestamp="2019-06-14T19:07:54.556">
  <mem-info id="2062" free="2058077616" total="2092630016" percent="98">
    <mem type="nursery" free="0" total="2097152" percent="0">
      <mem type="allocate" free="0" total="1572864" percent="0" />
      <mem type="survivor" free="0" total="524288" percent="0" />
    </mem>
    <mem type="tenure" free="2058077616" total="2090532864" percent="98">
      <mem type="soa" free="1953551792" total="1986007040" percent="98" />
      <mem type="loa" free="104525824" total="104525824" percent="100" />
    </mem>
    <remembered-set count="148" />
  </mem-info>
</gc-start>
<allocation-stats totalBytes="1407944" >
  <allocated-bytes non-tlh="41216" tlh="1366728" />
  <largest-consumer threadName="PmdThread 3" threadId="00000000025DD700" bytes="1055544" />
</allocation-stats>
<gc-op id="2063" type="scavenge" timems="0.310" contextid="2060" timestamp="2019-06-14T19:07:54.557">
  <scavenger-info tenureage="3" tenuremask="7ff8" tiltratio="75" />
  <memory-copied type="nursery" objects="1922" bytes="202808" bytesdiscarded="159184" />
  <references type="weak" candidates="3" cleared="3" enqueued="3" />
  <references type="phantom" candidates="2" cleared="1" enqueued="1" />
</gc-op>
<gc-end id="2064" type="scavenge" contextid="2060" durationms="0.524" usertimems="0.000" systemtimems="0.000" timestamp="2019-06-14T19:07:54.557" activeThreads="4">
  <mem-info id="2065" free="2059288456" total="2092630016" percent="98">
    <mem type="nursery" free="1210840" total="2097152" percent="57">
      <mem type="allocate" free="1210840" total="1572864" percent="76" />
      <mem type="survivor" free="0" total="524288" percent="0" />
    </mem>
    <mem type="tenure" free="2058077616" total="2090532864" percent="98">
      <mem type="soa" free="1953551792" total="1986007040" percent="98" />
      <mem type="loa" free="104525824" total="104525824" percent="100" />
    </mem>
    <pending-finalizers system="0" default="0" reference="4" classloader="0" />
    <remembered-set count="138" />
  </mem-info>
</gc-end>
<cycle-end id="2066" type="scavenge" contextid="2060" timestamp="2019-06-14T19:07:54.557" />
  <attribute name="elasticGC enabled" value="1" />
  <attribute name= "numThreadsSpecified" value="4" />
  <attribute name="heapSize specified" value="8388608" />
  <attribute name="Current GC Util" value="15" />
  <attribute name= "Current Time Running" value="2547" />
  <attribute name ="GC Interval" value="200" />
  <attribute name="ProportionalT" value="-2.500000" />
  <attribute name="ProportionalI" value="-2.500000" />
  <attribute name="ProportionalH" value="-2.500000" />
  <attribute name="Current Error" value="-5.000000" />
  <attribute name="IntegralT" value="-25.000000" />
  <attribute name="IntegralI" value="-25.000000" />
  <attribute name="IntegralH" value="-25.000000" />
  <attribute name="DerivativeT" value="-0.500000" />
  <attribute name="DerivativeI" value="-0.500000" />
  <attribute name="DerivativeH" value="-0.500000" />
  <attribute name="Loop Time for DT" value="5.000000" />
  <attribute name="Output H" value="2092630016"/>
  <attribute name="Output I" value="200"/>
  <attribute name="Output T" value="4"/>
  <attribute name="Target GC Util Change" value ="20.000000" />
  <attribute name="Current GC Util Change" value="15.000000"/>
  <attribute name="GC Util currently" value="15" />
  <attribute name="CPU Util currently" value="1112205601644" />
<allocation-satisfied id="2067" threadId="00000000025DD700" bytesRequested="16" />
<af-end id="2068" timestamp="2019-06-14T19:07:54.557" threadId="00000000025DE088" success="true" from="nursery"/>
<exclusive-end id="2069" timestamp="2019-06-14T19:07:54.557" durationms="1.011" />

<exclusive-start id="2070" timestamp="2019-06-14T19:07:54.563" intervalms="6.315">
  <response-info timems="0.072" idlems="0.072" threads="0" lastid="00000000025DD700" lastname="PmdThread 3" />
</exclusive-start>
<af-start id="2071" threadId="00000000025DE088" totalBytesRequested="48" timestamp="2019-06-14T19:07:54.563" intervalms="6.334" type="nursery" />
<cycle-start id="2072" type="scavenge" contextid="0" timestamp="2019-06-14T19:07:54.563" intervalms="6.346" />
<gc-start id="2073" type="scavenge" contextid="2072" timestamp="2019-06-14T19:07:54.563">
  <mem-info id="2074" free="2058077440" total="2092630016" percent="98">
    <mem type="nursery" free="0" total="2097152" percent="0">
      <mem type="allocate" free="0" total="1572864" percent="0" />
      <mem type="survivor" free="0" total="524288" percent="0" />
    </mem>
    <mem type="tenure" free="2058077440" total="2090532864" percent="98">
      <mem type="soa" free="1953551616" total="1986007040" percent="98" />
      <mem type="loa" free="104525824" total="104525824" percent="100" />
    </mem>
    <remembered-set count="184" />
  </mem-info>
</gc-start>
<allocation-stats totalBytes="1210136" >
  <allocated-bytes non-tlh="16584" tlh="1193552" />
  <largest-consumer threadName="PmdThread 2" threadId="00000000025E0800" bytes="552760" />
</allocation-stats>
<gc-op id="2075" type="scavenge" timems="0.744" contextid="2072" timestamp="2019-06-14T19:07:54.564">
  <scavenger-info tenureage="3" tenuremask="7ff8" tiltratio="75" />
  <memory-copied type="nursery" objects="9712" bytes="494144" bytesdiscarded="29760" />
  <memory-copied type="tenure" objects="2415" bytes="97520" bytesdiscarded="72" />
  <copy-failed type="nursery" objects="2351" bytes="95688" />
  <references type="weak" candidates="9" cleared="9" enqueued="9" />
  <references type="phantom" candidates="2" cleared="1" enqueued="1" />
</gc-op>
<gc-end id="2076" type="scavenge" contextid="2072" durationms="0.999" usertimems="0.000" systemtimems="0.000" timestamp="2019-06-14T19:07:54.564" activeThreads="4">
  <mem-info id="2077" free="2058484224" total="2092630016" percent="98">
    <mem type="nursery" free="524288" total="2097152" percent="25">
      <mem type="allocate" free="524288" total="1048576" percent="50" />
      <mem type="survivor" free="0" total="1048576" percent="0" />
    </mem>
    <mem type="tenure" free="2057959936" total="2090532864" percent="98">
      <mem type="soa" free="1953434112" total="1986007040" percent="98" />
      <mem type="loa" free="104525824" total="104525824" percent="100" />
    </mem>
    <pending-finalizers system="0" default="0" reference="10" classloader="0" />
    <remembered-set count="479" />
  </mem-info>
</gc-end>
<cycle-end id="2078" type="scavenge" contextid="2072" timestamp="2019-06-14T19:07:54.564" />
  <attribute name="elasticGC enabled" value="1" />
  <attribute name= "numThreadsSpecified" value="4" />
  <attribute name="heapSize specified" value="8388608" />
  <attribute name="Current GC Util" value="13" />
  <attribute name= "Current Time Running" value="2553" />
  <attribute name ="GC Interval" value="200" />
  <attribute name="ProportionalT" value="-3.500000" />
  <attribute name="ProportionalI" value="-3.500000" />
  <attribute name="ProportionalH" value="-3.500000" />
  <attribute name="Current Error" value="-7.000000" />
  <attribute name="IntegralT" value="-42.000000" />
  <attribute name="IntegralI" value="-42.000000" />
  <attribute name="IntegralH" value="-42.000000" />
  <attribute name="DerivativeT" value="-0.583333" />
  <attribute name="DerivativeI" value="-0.583333" />
  <attribute name="DerivativeH" value="-0.583333" />
  <attribute name="Loop Time for DT" value="6.000000" />
  <attribute name="Output H" value="2092630016"/>
  <attribute name="Output I" value="200"/>
  <attribute name="Output T" value="4"/>
  <attribute name="Target GC Util Change" value ="20.000000" />
  <attribute name="Current GC Util Change" value="13.000000"/>
  <attribute name="GC Util currently" value="13" />
  <attribute name="CPU Util currently" value="720654873240" />
<allocation-satisfied id="2079" threadId="00000000025DD700" bytesRequested="48" />
<af-end id="2080" timestamp="2019-06-14T19:07:54.564" threadId="00000000025DE088" success="true" from="nursery"/>
<exclusive-end id="2081" timestamp="2019-06-14T19:07:54.564" durationms="1.555" />

<exclusive-start id="2082" timestamp="2019-06-14T19:07:54.565" intervalms="2.525">
  <response-info timems="0.060" idlems="0.060" threads="0" lastid="00000000025DD700" lastname="PmdThread 3" />
</exclusive-start>
<af-start id="2083" threadId="00000000025DE088" totalBytesRequested="16" timestamp="2019-06-14T19:07:54.565" intervalms="2.482" type="nursery" />
<cycle-start id="2084" type="scavenge" contextid="0" timestamp="2019-06-14T19:07:54.565" intervalms="2.460" />
<gc-start id="2085" type="scavenge" contextid="2084" timestamp="2019-06-14T19:07:54.565">
  <mem-info id="2086" free="2057959936" total="2092630016" percent="98">
    <mem type="nursery" free="0" total="2097152" percent="0">
      <mem type="allocate" free="0" total="1048576" percent="0" />
      <mem type="survivor" free="0" total="1048576" percent="0" />
    </mem>
    <mem type="tenure" free="2057959936" total="2090532864" percent="98">
      <mem type="soa" free="1953434112" total="1986007040" percent="98" />
      <mem type="loa" free="104525824" total="104525824" percent="100" />
    </mem>
    <remembered-set count="482" />
  </mem-info>
</gc-start>
<allocation-stats totalBytes="511784" >
  <allocated-bytes non-tlh="48" tlh="511736" />
  <largest-consumer threadName="PmdThread 3" threadId="00000000025DD700" bytes="229304" />
</allocation-stats>
<gc-op id="2087" type="scavenge" timems="0.671" contextid="2084" timestamp="2019-06-14T19:07:54.566">
  <scavenger-info tenureage="2" tenuremask="7ffc" tiltratio="50" />
  <memory-copied type="nursery" objects="8072" bytes="383880" bytesdiscarded="171376" />
  <memory-copied type="tenure" objects="1724" bytes="180424" bytesdiscarded="48" />
  <references type="weak" candidates="23" cleared="23" enqueued="23" />
  <references type="phantom" candidates="3" cleared="1" enqueued="1" />
</gc-op>
<gc-end id="2088" type="scavenge" contextid="2084" durationms="0.884" usertimems="0.000" systemtimems="0.000" timestamp="2019-06-14T19:07:54.566" activeThreads="4">
  <mem-info id="2089" free="2058319272" total="2092630016" percent="98">
    <mem type="nursery" free="558816" total="2097152" percent="26">
      <mem type="allocate" free="558816" total="1114112" percent="50" />
      <mem type="survivor" free="0" total="983040" percent="0" />
    </mem>
    <mem type="tenure" free="2057760456" total="2090532864" percent="98">
      <mem type="soa" free="1953234632" total="1986007040" percent="98" />
      <mem type="loa" free="104525824" total="104525824" percent="100" />
    </mem>
    <pending-finalizers system="0" default="0" reference="24" classloader="0" />
    <remembered-set count="505" />
  </mem-info>
</gc-end>
<cycle-end id="2090" type="scavenge" contextid="2084" timestamp="2019-06-14T19:07:54.566" />
  <attribute name="elasticGC enabled" value="1" />
  <attribute name= "numThreadsSpecified" value="4" />
  <attribute name="heapSize specified" value="8388608" />
  <attribute name="Current GC Util" value="74" />
  <attribute name= "Current Time Running" value="2555" />
  <attribute name ="GC Interval" value="200" />
  <attribute name="ProportionalT" value="27.000000" />
  <attribute name="ProportionalI" value="27.000000" />
  <attribute name="ProportionalH" value="27.000000" />
  <attribute name="Current Error" value="54.000000" />
  <attribute name="IntegralT" value="108.000000" />
  <attribute name="IntegralI" value="108.000000" />
  <attribute name="IntegralH" value="108.000000" />
  <attribute name="DerivativeT" value="13.500000" />
  <attribute name="DerivativeI" value="13.500000" />
  <attribute name="DerivativeH" value="13.500000" />
  <attribute name="Loop Time for DT" value="2.000000" />
  <attribute name="Output H" value="8388608"/>
  <attribute name="Output I" value="200"/>
  <attribute name="Output T" value="4"/>
  <attribute name="Target GC Util Change" value ="20.000000" />
  <attribute name="Current GC Util Change" value="74.000000"/>
  <attribute name="GC Util currently" value="74" />
  <attribute name="CPU Util currently" value="1930747918244" />
<allocation-satisfied id="2091" threadId="00000000025DD700" bytesRequested="16" />
<af-end id="2092" timestamp="2019-06-14T19:07:54.566" threadId="00000000025DE088" success="true" from="nursery"/>
<exclusive-end id="2093" timestamp="2019-06-14T19:07:54.566" durationms="1.321" />

<exclusive-start id="2094" timestamp="2019-06-14T19:07:54.568" intervalms="2.516">
  <response-info timems="0.055" idlems="0.029" threads="1" lastid="00000000025DD700" lastname="PmdThread 3" />
</exclusive-start>
<af-start id="2095" threadId="00000000025E1188" totalBytesRequested="56" timestamp="2019-06-14T19:07:54.568" intervalms="2.521" type="nursery" />
<cycle-start id="2096" type="scavenge" contextid="0" timestamp="2019-06-14T19:07:54.568" intervalms="2.520" />
<gc-start id="2097" type="scavenge" contextid="2096" timestamp="2019-06-14T19:07:54.568">
  <mem-info id="2098" free="2057760456" total="2092630016" percent="98">
    <mem type="nursery" free="0" total="2097152" percent="0">
      <mem type="allocate" free="0" total="1114112" percent="0" />
      <mem type="survivor" free="0" total="983040" percent="0" />
    </mem>
    <mem type="tenure" free="2057760456" total="2090532864" percent="98">
      <mem type="soa" free="1953234632" total="1986007040" percent="98" />
      <mem type="loa" free="104525824" total="104525824" percent="100" />
    </mem>
    <remembered-set count="533" />
  </mem-info>
</gc-start>
<allocation-stats totalBytes="557928" >
  <allocated-bytes non-tlh="16" tlh="557912" />
  <largest-consumer threadName="PmdThread 3" threadId="00000000025DD700" bytes="286696" />
</allocation-stats>
<gc-op id="2099" type="scavenge" timems="0.611" contextid="2096" timestamp="2019-06-14T19:07:54.569">
  <scavenger-info tenureage="1" tenuremask="7ffe" tiltratio="53" />
  <memory-copied type="nursery" objects="892" bytes="28928" bytesdiscarded="127744" />
  <memory-copied type="tenure" objects="7996" bytes="379392" bytesdiscarded="168" />
  <references type="weak" candidates="23" cleared="23" enqueued="23" />
</gc-op>
<gc-end id="2100" type="scavenge" contextid="2096" durationms="0.820" usertimems="4.000" systemtimems="0.000" timestamp="2019-06-14T19:07:54.569" activeThreads="4">
  <mem-info id="2101" free="2058335376" total="2092630016" percent="98">
    <mem type="nursery" free="1022976" total="2097152" percent="48">
      <mem type="allocate" free="1022976" total="1179648" percent="86" />
      <mem type="survivor" free="0" total="917504" percent="0" />
    </mem>
    <mem type="tenure" free="2057312400" total="2090532864" percent="98">
      <mem type="soa" free="1952786576" total="1986007040" percent="98" />
      <mem type="loa" free="104525824" total="104525824" percent="100" />
    </mem>
    <pending-finalizers system="0" default="0" reference="23" classloader="0" />
    <remembered-set count="144" />
  </mem-info>
</gc-end>
<cycle-end id="2102" type="scavenge" contextid="2096" timestamp="2019-06-14T19:07:54.569" />
  <attribute name="elasticGC enabled" value="1" />
  <attribute name= "numThreadsSpecified" value="4" />
  <attribute name="heapSize specified" value="8388608" />
  <attribute name="Current GC Util" value="61" />
  <attribute name= "Current Time Running" value="2558" />
  <attribute name ="GC Interval" value="200" />
  <attribute name="ProportionalT" value="20.500000" />
  <attribute name="ProportionalI" value="20.500000" />
  <attribute name="ProportionalH" value="20.500000" />
  <attribute name="Current Error" value="41.000000" />
  <attribute name="IntegralT" value="123.000000" />
  <attribute name="IntegralI" value="123.000000" />
  <attribute name="IntegralH" value="123.000000" />
  <attribute name="DerivativeT" value="-2.166667" />
  <attribute name="DerivativeI" value="-2.166667" />
  <attribute name="DerivativeH" value="-2.166667" />
  <attribute name="Loop Time for DT" value="3.000000" />
  <attribute name="Output H" value="8388608"/>
  <attribute name="Output I" value="200"/>
  <attribute name="Output T" value="4"/>
  <attribute name="Target GC Util Change" value ="20.000000" />
  <attribute name="Current GC Util Change" value="61.000000"/>
  <attribute name="GC Util currently" value="61" />
  <attribute name="CPU Util currently" value="1828366834167" />
<allocation-satisfied id="2103" threadId="00000000025E0800" bytesRequested="56" />
<af-end id="2104" timestamp="2019-06-14T19:07:54.569" threadId="00000000025E1188" success="true" from="nursery"/>
<exclusive-end id="2105" timestamp="2019-06-14T19:07:54.569" durationms="1.263" />

<exclusive-start id="2106" timestamp="2019-06-14T19:07:54.572" intervalms="4.743">
  <response-info timems="0.077" idlems="0.077" threads="0" lastid="00000000025DD700" lastname="PmdThread 3" />
</exclusive-start>
<af-start id="2107" threadId="00000000025DE088" totalBytesRequested="24" timestamp="2019-06-14T19:07:54.572" intervalms="4.751" type="nursery" />
<cycle-start id="2108" type="scavenge" contextid="0" timestamp="2019-06-14T19:07:54.572" intervalms="4.754" />
<gc-start id="2109" type="scavenge" contextid="2108" timestamp="2019-06-14T19:07:54.573">
  <mem-info id="2110" free="2057312400" total="2092630016" percent="98">
    <mem type="nursery" free="0" total="2097152" percent="0">
      <mem type="allocate" free="0" total="1179648" percent="0" />
      <mem type="survivor" free="0" total="917504" percent="0" />
    </mem>
    <mem type="tenure" free="2057312400" total="2090532864" percent="98">
      <mem type="soa" free="1952786576" total="1986007040" percent="98" />
      <mem type="loa" free="104525824" total="104525824" percent="100" />
    </mem>
    <remembered-set count="173" />
  </mem-info>
</gc-start>
<allocation-stats totalBytes="1022736" >
  <allocated-bytes non-tlh="56" tlh="1022680" />
  <largest-consumer threadName="PmdThread 2" threadId="00000000025E0800" bytes="981776" />
</allocation-stats>
<gc-op id="2111" type="scavenge" timems="1.214" contextid="2108" timestamp="2019-06-14T19:07:54.574">
  <scavenger-info tenureage="2" tenuremask="7ffc" tiltratio="56" />
  <memory-copied type="nursery" objects="16276" bytes="521040" bytesdiscarded="105640" />
</gc-op>
<gc-end id="2112" type="scavenge" contextid="2108" durationms="1.421" usertimems="0.000" systemtimems="0.000" timestamp="2019-06-14T19:07:54.574" activeThreads="4">
  <mem-info id="2113" free="2057734288" total="2092630016" percent="98">
    <mem type="nursery" free="421888" total="2097152" percent="20">
      <mem type="allocate" free="421888" total="1048576" percent="40" />
      <mem type="survivor" free="0" total="1048576" percent="0" />
    </mem>
    <mem type="tenure" free="2057312400" total="2090532864" percent="98">
      <mem type="soa" free="1952786576" total="1986007040" percent="98" />
      <mem type="loa" free="104525824" total="104525824" percent="100" />
    </mem>
    <remembered-set count="144" />
  </mem-info>
</gc-end>
<cycle-end id="2114" type="scavenge" contextid="2108" timestamp="2019-06-14T19:07:54.574" />
  <attribute name="elasticGC enabled" value="1" />
  <attribute name= "numThreadsSpecified" value="4" />
  <attribute name="heapSize specified" value="8388608" />
  <attribute name="Current GC Util" value="29" />
  <attribute name= "Current Time Running" value="2563" />
  <attribute name ="GC Interval" value="200" />
  <attribute name="ProportionalT" value="4.500000" />
  <attribute name="ProportionalI" value="4.500000" />
  <attribute name="ProportionalH" value="4.500000" />
  <attribute name="Current Error" value="9.000000" />
  <attribute name="IntegralT" value="45.000000" />
  <attribute name="IntegralI" value="45.000000" />
  <attribute name="IntegralH" value="45.000000" />
  <attribute name="DerivativeT" value="-3.200000" />
  <attribute name="DerivativeI" value="-3.200000" />
  <attribute name="DerivativeH" value="-3.200000" />
  <attribute name="Loop Time for DT" value="5.000000" />
  <attribute name="Output H" value="8388608"/>
  <attribute name="Output I" value="200"/>
  <attribute name="Output T" value="4"/>
  <attribute name="Target GC Util Change" value ="20.000000" />
  <attribute name="Current GC Util Change" value="29.000000"/>
  <attribute name="GC Util currently" value="29" />
  <attribute name="CPU Util currently" value="968729055122" />
<allocation-satisfied id="2115" threadId="00000000025DD700" bytesRequested="24" />
<af-end id="2116" timestamp="2019-06-14T19:07:54.574" threadId="00000000025DE088" success="true" from="nursery"/>
<exclusive-end id="2117" timestamp="2019-06-14T19:07:54.574" durationms="1.879" />

<exclusive-start id="2118" timestamp="2019-06-14T19:07:54.576" intervalms="3.910">
  <response-info timems="0.056" idlems="0.056" threads="0" lastid="00000000025DD700" lastname="PmdThread 3" />
</exclusive-start>
<af-start id="2119" threadId="00000000025DE088" totalBytesRequested="48" timestamp="2019-06-14T19:07:54.576" intervalms="3.907" type="nursery" />
<cycle-start id="2120" type="scavenge" contextid="0" timestamp="2019-06-14T19:07:54.576" intervalms="3.908" />
<gc-start id="2121" type="scavenge" contextid="2120" timestamp="2019-06-14T19:07:54.576">
  <mem-info id="2122" free="2057312208" total="2092630016" percent="98">
    <mem type="nursery" free="0" total="2097152" percent="0">
      <mem type="allocate" free="0" total="1048576" percent="0" />
      <mem type="survivor" free="0" total="1048576" percent="0" />
    </mem>
    <mem type="tenure" free="2057312208" total="2090532864" percent="98">
      <mem type="soa" free="1952786384" total="1986007040" percent="98" />
      <mem type="loa" free="104525824" total="104525824" percent="100" />
    </mem>
    <remembered-set count="177" />
  </mem-info>
</gc-start>
<allocation-stats totalBytes="421920" >
  <allocated-bytes non-tlh="33000" tlh="388920" />
  <largest-consumer threadName="PmdThread 2" threadId="00000000025E0800" bytes="159688" />
</allocation-stats>
<gc-op id="2123" type="scavenge" timems="1.557" contextid="2120" timestamp="2019-06-14T19:07:54.578">
  <scavenger-info tenureage="1" tenuremask="7ffe" tiltratio="50" />
  <memory-copied type="nursery" objects="2494" bytes="147120" bytesdiscarded="120648" />
  <memory-copied type="tenure" objects="16264" bytes="519976" bytesdiscarded="264" />
  <references type="weak" candidates="2" cleared="0" enqueued="0" />
  <references type="phantom" candidates="2" cleared="0" enqueued="0" />
</gc-op>
<gc-end id="2124" type="scavenge" contextid="2120" durationms="1.765" usertimems="0.000" systemtimems="0.000" timestamp="2019-06-14T19:07:54.578" activeThreads="4">
  <mem-info id="2125" free="2057610168" total="2092630016" percent="98">
    <mem type="nursery" free="846312" total="2097152" percent="40">
      <mem type="allocate" free="846312" total="1114112" percent="75" />
      <mem type="survivor" free="0" total="983040" percent="0" />
    </mem>
    <mem type="tenure" free="2056763856" total="2090532864" percent="98">
      <mem type="soa" free="1952238032" total="1986007040" percent="98" />
      <mem type="loa" free="104525824" total="104525824" percent="100" />
    </mem>
    <remembered-set count="154" />
  </mem-info>
</gc-end>
<cycle-end id="2126" type="scavenge" contextid="2120" timestamp="2019-06-14T19:07:54.578" />
  <attribute name="elasticGC enabled" value="1" />
  <attribute name= "numThreadsSpecified" value="4" />
  <attribute name="heapSize specified" value="8388608" />
  <attribute name="Current GC Util" value="40" />
  <attribute name= "Current Time Running" value="2567" />
  <attribute name ="GC Interval" value="200" />
  <attribute name="ProportionalT" value="10.000000" />
  <attribute name="ProportionalI" value="10.000000" />
  <attribute name="ProportionalH" value="10.000000" />
  <attribute name="Current Error" value="20.000000" />
  <attribute name="IntegralT" value="80.000000" />
  <attribute name="IntegralI" value="80.000000" />
  <attribute name="IntegralH" value="80.000000" />
  <attribute name="DerivativeT" value="1.375000" />
  <attribute name="DerivativeI" value="1.375000" />
  <attribute name="DerivativeH" value="1.375000" />
  <attribute name="Loop Time for DT" value="4.000000" />
  <attribute name="Output H" value="8388608"/>
  <attribute name="Output I" value="200"/>
  <attribute name="Output T" value="4"/>
  <attribute name="Target GC Util Change" value ="20.000000" />
  <attribute name="Current GC Util Change" value="40.000000"/>
  <attribute name="GC Util currently" value="40" />
  <attribute name="CPU Util currently" value="1178376797903" />
<allocation-satisfied id="2127" threadId="00000000025DD700" bytesRequested="48" />
<af-end id="2128" timestamp="2019-06-14T19:07:54.578" threadId="00000000025DE088" success="true" from="nursery"/>
<exclusive-end id="2129" timestamp="2019-06-14T19:07:54.578" durationms="2.229" />

<exclusive-start id="2130" timestamp="2019-06-14T19:07:54.582" intervalms="5.356">
  <response-info timems="0.067" idlems="0.067" threads="0" lastid="00000000025E0800" lastname="PmdThread 2" />
</exclusive-start>
<af-start id="2131" threadId="00000000025E1188" totalBytesRequested="56" timestamp="2019-06-14T19:07:54.582" intervalms="5.352" type="nursery" />
<cycle-start id="2132" type="scavenge" contextid="0" timestamp="2019-06-14T19:07:54.582" intervalms="5.350" />
<gc-start id="2133" type="scavenge" contextid="2132" timestamp="2019-06-14T19:07:54.582">
  <mem-info id="2134" free="2056763664" total="2092630016" percent="98">
    <mem type="nursery" free="0" total="2097152" percent="0">
      <mem type="allocate" free="0" total="1114112" percent="0" />
      <mem type="survivor" free="0" total="983040" percent="0" />
    </mem>
    <mem type="tenure" free="2056763664" total="2090532864" percent="98">
      <mem type="soa" free="1952237840" total="1986007040" percent="98" />
      <mem type="loa" free="104525824" total="104525824" percent="100" />
    </mem>
    <remembered-set count="177" />
  </mem-info>
</gc-start>
<allocation-stats totalBytes="846208" >
  <allocated-bytes non-tlh="240" tlh="845968" />
  <largest-consumer threadName="PmdThread 2" threadId="00000000025E0800" bytes="440696" />
</allocation-stats>
<gc-op id="2135" type="scavenge" timems="0.941" contextid="2132" timestamp="2019-06-14T19:07:54.583">
  <scavenger-info tenureage="1" tenuremask="7ffe" tiltratio="53" />
  <memory-copied type="nursery" objects="7325" bytes="235992" bytesdiscarded="239384" />
  <memory-copied type="tenure" objects="2424" bytes="141080" bytesdiscarded="56" />
  <references type="weak" candidates="11" cleared="11" enqueued="11" />
  <references type="phantom" candidates="1" cleared="1" enqueued="1" />
</gc-op>
<gc-end id="2136" type="scavenge" contextid="2132" durationms="1.187" usertimems="0.000" systemtimems="4.000" timestamp="2019-06-14T19:07:54.583" activeThreads="4">
  <mem-info id="2137" free="2057391360" total="2092630016" percent="98">
    <mem type="nursery" free="769792" total="2097152" percent="36">
      <mem type="allocate" free="769792" total="1245184" percent="61" />
      <mem type="survivor" free="0" total="851968" percent="0" />
    </mem>
    <mem type="tenure" free="2056621568" total="2090532864" percent="98">
      <mem type="soa" free="1952095744" total="1986007040" percent="98" />
      <mem type="loa" free="104525824" total="104525824" percent="100" />
    </mem>
    <pending-finalizers system="0" default="0" reference="12" classloader="0" />
    <remembered-set count="147" />
  </mem-info>
</gc-end>
<cycle-end id="2138" type="scavenge" contextid="2132" timestamp="2019-06-14T19:07:54.583" />
  <attribute name="elasticGC enabled" value="1" />
  <attribute name= "numThreadsSpecified" value="4" />
  <attribute name="heapSize specified" value="8388608" />
  <attribute name="Current GC Util" value="37" />
  <attribute name= "Current Time Running" value="2572" />
  <attribute name ="GC Interval" value="200" />
  <attribute name="ProportionalT" value="8.500000" />
  <attribute name="ProportionalI" value="8.500000" />
  <attribute name="ProportionalH" value="8.500000" />
  <attribute name="Current Error" value="17.000000" />
  <attribute name="IntegralT" value="85.000000" />
  <attribute name="IntegralI" value="85.000000" />
  <attribute name="IntegralH" value="85.000000" />
  <attribute name="DerivativeT" value="-0.300000" />
  <attribute name="DerivativeI" value="-0.300000" />
  <attribute name="DerivativeH" value="-0.300000" />
  <attribute name="Loop Time for DT" value="5.000000" />
  <attribute name="Output H" value="8388608"/>
  <attribute name="Output I" value="200"/>
  <attribute name="Output T" value="4"/>
  <attribute name="Target GC Util Change" value ="20.000000" />
  <attribute name="Current GC Util Change" value="37.000000"/>
  <attribute name="GC Util currently" value="37" />
  <attribute name="CPU Util currently" value="863348889095" />
<allocation-satisfied id="2139" threadId="00000000025E0800" bytesRequested="56" />
<af-end id="2140" timestamp="2019-06-14T19:07:54.583" threadId="00000000025E1188" success="true" from="nursery"/>
<exclusive-end id="2141" timestamp="2019-06-14T19:07:54.583" durationms="1.697" />

<exclusive-start id="2142" timestamp="2019-06-14T19:07:54.585" intervalms="3.442">
  <response-info timems="0.440" idlems="0.440" threads="0" lastid="00000000025DD700" lastname="PmdThread 3" />
</exclusive-start>
<af-start id="2143" threadId="00000000025DE088" totalBytesRequested="32" timestamp="2019-06-14T19:07:54.585" intervalms="3.442" type="nursery" />
<cycle-start id="2144" type="scavenge" contextid="0" timestamp="2019-06-14T19:07:54.585" intervalms="3.453" />
<gc-start id="2145" type="scavenge" contextid="2144" timestamp="2019-06-14T19:07:54.585">
  <mem-info id="2146" free="2056621568" total="2092630016" percent="98">
    <mem type="nursery" free="0" total="2097152" percent="0">
      <mem type="allocate" free="0" total="1245184" percent="0" />
      <mem type="survivor" free="0" total="851968" percent="0" />
    </mem>
    <mem type="tenure" free="2056621568" total="2090532864" percent="98">
      <mem type="soa" free="1952095744" total="1986007040" percent="98" />
      <mem type="loa" free="104525824" total="104525824" percent="100" />
    </mem>
    <remembered-set count="150" />
  </mem-info>
</gc-start>
<allocation-stats totalBytes="757856" >
  <allocated-bytes non-tlh="16448" tlh="741408" />
  <largest-consumer threadName="PmdThread 3" threadId="00000000025DD700" bytes="663064" />
</allocation-stats>
<gc-op id="2147" type="scavenge" timems="0.762" contextid="2144" timestamp="2019-06-14T19:07:54.586">
  <scavenger-info tenureage="1" tenuremask="7ffe" tiltratio="59" />
  <memory-copied type="nursery" objects="623" bytes="87120" bytesdiscarded="225480" />
  <memory-copied type="tenure" objects="7299" bytes="234080" bytesdiscarded="104" />
  <references type="phantom" candidates="1" cleared="0" enqueued="0" />
</gc-op>
<gc-end id="2148" type="scavenge" contextid="2144" durationms="0.960" usertimems="4.000" systemtimems="0.000" timestamp="2019-06-14T19:07:54.586" activeThreads="4">
  <mem-info id="2149" free="2057450216" total="2092630016" percent="98">
    <mem type="nursery" free="1063656" total="2097152" percent="50">
      <mem type="allocate" free="1063656" total="1376256" percent="77" />
      <mem type="survivor" free="0" total="720896" percent="0" />
    </mem>
    <mem type="tenure" free="2056386560" total="2090532864" percent="98">
      <mem type="soa" free="1951860736" total="1986007040" percent="98" />
      <mem type="loa" free="104525824" total="104525824" percent="100" />
    </mem>
    <remembered-set count="117" />
  </mem-info>
</gc-end>
<cycle-end id="2150" type="scavenge" contextid="2144" timestamp="2019-06-14T19:07:54.586" />
  <attribute name="elasticGC enabled" value="1" />
  <attribute name= "numThreadsSpecified" value="4" />
  <attribute name="heapSize specified" value="8388608" />
  <attribute name="Current GC Util" value="38" />
  <attribute name= "Current Time Running" value="2575" />
  <attribute name ="GC Interval" value="200" />
  <attribute name="ProportionalT" value="9.000000" />
  <attribute name="ProportionalI" value="9.000000" />
  <attribute name="ProportionalH" value="9.000000" />
  <attribute name="Current Error" value="18.000000" />
  <attribute name="IntegralT" value="54.000000" />
  <attribute name="IntegralI" value="54.000000" />
  <attribute name="IntegralH" value="54.000000" />
  <attribute name="DerivativeT" value="0.166667" />
  <attribute name="DerivativeI" value="0.166667" />
  <attribute name="DerivativeH" value="0.166667" />
  <attribute name="Loop Time for DT" value="3.000000" />
  <attribute name="Output H" value="8388608"/>
  <attribute name="Output I" value="200"/>
  <attribute name="Output T" value="4"/>
  <attribute name="Target GC Util Change" value ="20.000000" />
  <attribute name="Current GC Util Change" value="38.000000"/>
  <attribute name="GC Util currently" value="38" />
  <attribute name="CPU Util currently" value="1339408328416" />
<allocation-satisfied id="2151" threadId="00000000025DD700" bytesRequested="32" />
<af-end id="2152" timestamp="2019-06-14T19:07:54.586" threadId="00000000025DE088" success="true" from="nursery"/>
<exclusive-end id="2153" timestamp="2019-06-14T19:07:54.587" durationms="1.594" />

<exclusive-start id="2154" timestamp="2019-06-14T19:07:54.591" intervalms="5.746">
  <response-info timems="0.082" idlems="0.082" threads="0" lastid="00000000025DCC00" lastname="PmdThread 1" />
</exclusive-start>
<af-start id="2155" threadId="00000000025DD588" totalBytesRequested="56" timestamp="2019-06-14T19:07:54.591" intervalms="5.769" type="nursery" />
<cycle-start id="2156" type="scavenge" contextid="0" timestamp="2019-06-14T19:07:54.591" intervalms="5.777" />
<gc-start id="2157" type="scavenge" contextid="2156" timestamp="2019-06-14T19:07:54.591">
  <mem-info id="2158" free="2056386368" total="2092630016" percent="98">
    <mem type="nursery" free="0" total="2097152" percent="0">
      <mem type="allocate" free="0" total="1376256" percent="0" />
      <mem type="survivor" free="0" total="720896" percent="0" />
    </mem>
    <mem type="tenure" free="2056386368" total="2090532864" percent="98">
      <mem type="soa" free="1951860544" total="1986007040" percent="98" />
      <mem type="loa" free="104525824" total="104525824" percent="100" />
    </mem>
    <remembered-set count="134" />
  </mem-info>
</gc-start>
<allocation-stats totalBytes="1063496" >
  <allocated-bytes non-tlh="49408" tlh="1014088" />
  <largest-consumer threadName="PmdThread 1" threadId="00000000025DCC00" bytes="817584" />
</allocation-stats>
<gc-op id="2159" type="scavenge" timems="0.922" contextid="2156" timestamp="2019-06-14T19:07:54.592">
  <scavenger-info tenureage="2" tenuremask="7ffc" tiltratio="65" />
  <memory-copied type="nursery" objects="8236" bytes="432240" bytesdiscarded="97696" />
  <references type="weak" candidates="1" cleared="0" enqueued="0" />
  <references type="phantom" candidates="2" cleared="0" enqueued="0" />
</gc-op>
<gc-end id="2160" type="scavenge" contextid="2156" durationms="1.131" usertimems="0.000" systemtimems="0.000" timestamp="2019-06-14T19:07:54.592" activeThreads="1">
  <mem-info id="2161" free="2057101600" total="2092630016" percent="98">
    <mem type="nursery" free="715232" total="2097152" percent="34">
      <mem type="allocate" free="715232" total="1245184" percent="57" />
      <mem type="survivor" free="0" total="851968" percent="0" />
    </mem>
    <mem type="tenure" free="2056386368" total="2090532864" percent="98">
      <mem type="soa" free="1951860544" total="1986007040" percent="98" />
      <mem type="loa" free="104525824" total="104525824" percent="100" />
    </mem>
    <remembered-set count="123" />
  </mem-info>
</gc-end>
<cycle-end id="2162" type="scavenge" contextid="2156" timestamp="2019-06-14T19:07:54.592" />
  <attribute name="elasticGC enabled" value="1" />
  <attribute name= "numThreadsSpecified" value="1" />
  <attribute name="heapSize specified" value="8388608" />
  <attribute name="Current GC Util" value="20" />
  <attribute name= "Current Time Running" value="2581" />
  <attribute name ="GC Interval" value="200" />
  <attribute name="ProportionalT" value="0.000000" />
  <attribute name="ProportionalI" value="0.000000" />
  <attribute name="ProportionalH" value="0.000000" />
  <attribute name="Current Error" value="0.000000" />
  <attribute name="IntegralT" value="0.000000" />
  <attribute name="IntegralI" value="0.000000" />
  <attribute name="IntegralH" value="0.000000" />
  <attribute name="DerivativeT" value="-1.500000" />
  <attribute name="DerivativeI" value="-1.500000" />
  <attribute name="DerivativeH" value="-1.500000" />
  <attribute name="Loop Time for DT" value="6.000000" />
  <attribute name="Output H" value="8388608"/>
  <attribute name="Output I" value="200"/>
  <attribute name="Output T" value="1"/>
  <attribute name="Target GC Util Change" value ="20.000000" />
  <attribute name="Current GC Util Change" value="20.000000"/>
  <attribute name="GC Util currently" value="20" />
  <attribute name="CPU Util currently" value="796065870373" />
<allocation-satisfied id="2163" threadId="00000000025DCC00" bytesRequested="56" />
<af-end id="2164" timestamp="2019-06-14T19:07:54.592" threadId="00000000025DD588" success="true" from="nursery"/>
<exclusive-end id="2165" timestamp="2019-06-14T19:07:54.592" durationms="1.631" />

<exclusive-start id="2166" timestamp="2019-06-14T19:07:54.596" intervalms="4.883">
  <response-info timems="0.540" idlems="0.200" threads="2" lastid="00000000022D3F00" lastname="JIT Compilation Thread-1" />
</exclusive-start>
<af-start id="2167" threadId="00000000025E1188" totalBytesRequested="40" timestamp="2019-06-14T19:07:54.596" intervalms="4.866" type="nursery" />
<cycle-start id="2168" type="scavenge" contextid="0" timestamp="2019-06-14T19:07:54.596" intervalms="4.847" />
<gc-start id="2169" type="scavenge" contextid="2168" timestamp="2019-06-14T19:07:54.596">
  <mem-info id="2170" free="2056386104" total="2092630016" percent="98">
    <mem type="nursery" free="0" total="2097152" percent="0">
      <mem type="allocate" free="0" total="1245184" percent="0" />
      <mem type="survivor" free="0" total="851968" percent="0" />
    </mem>
    <mem type="tenure" free="2056386104" total="2090532864" percent="98">
      <mem type="soa" free="1951860280" total="1986007040" percent="98" />
      <mem type="loa" free="104525824" total="104525824" percent="100" />
    </mem>
    <remembered-set count="152" />
  </mem-info>
</gc-start>
<allocation-stats totalBytes="715200" >
  <allocated-bytes non-tlh="320" tlh="714880" />
  <largest-consumer threadName="PmdThread 1" threadId="00000000025DCC00" bytes="401296" />
</allocation-stats>
<gc-op id="2171" type="scavenge" timems="1.044" contextid="2168" timestamp="2019-06-14T19:07:54.597">
  <scavenger-info tenureage="1" tenuremask="7ffe" tiltratio="59" />
  <memory-copied type="nursery" objects="7427" bytes="254936" bytesdiscarded="80680" />
  <memory-copied type="tenure" objects="7924" bytes="420024" bytesdiscarded="576" />
  <references type="weak" candidates="7" cleared="7" enqueued="7" />
</gc-op>
<gc-end id="2172" type="scavenge" contextid="2168" durationms="1.246" usertimems="0.000" systemtimems="0.000" timestamp="2019-06-14T19:07:54.597" activeThreads="4">
  <mem-info id="2173" free="2056936992" total="2092630016" percent="98">
    <mem type="nursery" free="975104" total="2097152" percent="46">
      <mem type="allocate" free="975104" total="1310720" percent="74" />
      <mem type="survivor" free="0" total="786432" percent="0" />
    </mem>
    <mem type="tenure" free="2055961888" total="2090532864" percent="98">
      <mem type="soa" free="1951436064" total="1986007040" percent="98" />
      <mem type="loa" free="104525824" total="104525824" percent="100" />
    </mem>
    <pending-finalizers system="0" default="0" reference="7" classloader="0" />
    <remembered-set count="203" />
  </mem-info>
</gc-end>
<cycle-end id="2174" type="scavenge" contextid="2168" timestamp="2019-06-14T19:07:54.597" />
  <attribute name="elasticGC enabled" value="1" />
  <attribute name= "numThreadsSpecified" value="4" />
  <attribute name="heapSize specified" value="8388608" />
  <attribute name="Current GC Util" value="24" />
  <attribute name= "Current Time Running" value="2586" />
  <attribute name ="GC Interval" value="200" />
  <attribute name="ProportionalT" value="2.000000" />
  <attribute name="ProportionalI" value="2.000000" />
  <attribute name="ProportionalH" value="2.000000" />
  <attribute name="Current Error" value="4.000000" />
  <attribute name="IntegralT" value="20.000000" />
  <attribute name="IntegralI" value="20.000000" />
  <attribute name="IntegralH" value="20.000000" />
  <attribute name="DerivativeT" value="0.400000" />
  <attribute name="DerivativeI" value="0.400000" />
  <attribute name="DerivativeH" value="0.400000" />
  <attribute name="Loop Time for DT" value="5.000000" />
  <attribute name="Output H" value="8388608"/>
  <attribute name="Output I" value="200"/>
  <attribute name="Output T" value="4"/>
  <attribute name="Target GC Util Change" value ="20.000000" />
  <attribute name="Current GC Util Change" value="24.000000"/>
  <attribute name="GC Util currently" value="24" />
  <attribute name="CPU Util currently" value="953727423199" />
<allocation-satisfied id="2175" threadId="00000000025E0800" bytesRequested="40" />
<af-end id="2176" timestamp="2019-06-14T19:07:54.597" threadId="00000000025E1188" success="true" from="nursery"/>
<exclusive-end id="2177" timestamp="2019-06-14T19:07:54.597" durationms="1.708" />

<exclusive-start id="2178" timestamp="2019-06-14T19:07:54.600" intervalms="3.859">
  <response-info timems="0.376" idlems="0.112" threads="4" lastid="00000000022D3F00" lastname="JIT Compilation Thread-1" />
</exclusive-start>
<af-start id="2179" threadId="00000000025DE088" totalBytesRequested="24" timestamp="2019-06-14T19:07:54.600" intervalms="3.886" type="nursery" />
<cycle-start id="2180" type="scavenge" contextid="0" timestamp="2019-06-14T19:07:54.600" intervalms="3.909" />
<gc-start id="2181" type="scavenge" contextid="2180" timestamp="2019-06-14T19:07:54.600">
  <mem-info id="2182" free="2055961080" total="2092630016" percent="98">
    <mem type="nursery" free="0" total="2097152" percent="0">
      <mem type="allocate" free="0" total="1310720" percent="0" />
      <mem type="survivor" free="0" total="786432" percent="0" />
    </mem>
    <mem type="tenure" free="2055961080" total="2090532864" percent="98">
      <mem type="soa" free="1951435256" total="1986007040" percent="98" />
      <mem type="loa" free="104525824" total="104525824" percent="100" />
    </mem>
    <remembered-set count="217" />
  </mem-info>
</gc-start>
<allocation-stats totalBytes="975648" >
  <allocated-bytes non-tlh="848" tlh="974800" />
  <largest-consumer threadName="PmdThread 3" threadId="00000000025DD700" bytes="954320" />
</allocation-stats>
<gc-op id="2183" type="scavenge" timems="0.744" contextid="2180" timestamp="2019-06-14T19:07:54.601">
  <scavenger-info tenureage="1" tenuremask="7ffe" tiltratio="62" />
  <memory-copied type="nursery" objects="34" bytes="1016" bytesdiscarded="177928" />
  <memory-copied type="tenure" objects="7406" bytes="254104" bytesdiscarded="168" />
  <references type="weak" candidates="4" cleared="4" enqueued="4" />
</gc-op>
<gc-end id="2184" type="scavenge" contextid="2180" durationms="0.932" usertimems="0.000" systemtimems="0.000" timestamp="2019-06-14T19:07:54.601" activeThreads="4">
  <mem-info id="2185" free="2056988920" total="2092630016" percent="98">
    <mem type="nursery" free="1262848" total="2097152" percent="60">
      <mem type="allocate" free="1262848" total="1441792" percent="87" />
      <mem type="survivor" free="0" total="655360" percent="0" />
    </mem>
    <mem type="tenure" free="2055726072" total="2090532864" percent="98">
      <mem type="soa" free="1951200248" total="1986007040" percent="98" />
      <mem type="loa" free="104525824" total="104525824" percent="100" />
    </mem>
    <pending-finalizers system="0" default="0" reference="4" classloader="0" />
    <remembered-set count="168" />
  </mem-info>
</gc-end>
<cycle-end id="2186" type="scavenge" contextid="2180" timestamp="2019-06-14T19:07:54.601" />
  <attribute name="elasticGC enabled" value="1" />
  <attribute name= "numThreadsSpecified" value="4" />
  <attribute name="heapSize specified" value="8388608" />
  <attribute name="Current GC Util" value="49" />
  <attribute name= "Current Time Running" value="2590" />
  <attribute name ="GC Interval" value="200" />
  <attribute name="ProportionalT" value="14.500000" />
  <attribute name="ProportionalI" value="14.500000" />
  <attribute name="ProportionalH" value="14.500000" />
  <attribute name="Current Error" value="29.000000" />
  <attribute name="IntegralT" value="116.000000" />
  <attribute name="IntegralI" value="116.000000" />
  <attribute name="IntegralH" value="116.000000" />
  <attribute name="DerivativeT" value="3.125000" />
  <attribute name="DerivativeI" value="3.125000" />
  <attribute name="DerivativeH" value="3.125000" />
  <attribute name="Loop Time for DT" value="4.000000" />
  <attribute name="Output H" value="8388608"/>
  <attribute name="Output I" value="200"/>
  <attribute name="Output T" value="4"/>
  <attribute name="Target GC Util Change" value ="20.000000" />
  <attribute name="Current GC Util Change" value="49.000000"/>
  <attribute name="GC Util currently" value="49" />
  <attribute name="CPU Util currently" value="1181754237595" />
<allocation-satisfied id="2187" threadId="00000000025DD700" bytesRequested="24" />
<af-end id="2188" timestamp="2019-06-14T19:07:54.601" threadId="00000000025DE088" success="true" from="nursery"/>
<exclusive-end id="2189" timestamp="2019-06-14T19:07:54.601" durationms="1.791" />

<exclusive-start id="2190" timestamp="2019-06-14T19:07:54.605" intervalms="5.048">
  <response-info timems="0.108" idlems="0.108" threads="0" lastid="00000000025E0800" lastname="PmdThread 2" />
</exclusive-start>
<af-start id="2191" threadId="00000000025E1188" totalBytesRequested="56" timestamp="2019-06-14T19:07:54.605" intervalms="5.014" type="nursery" />
<cycle-start id="2192" type="scavenge" contextid="0" timestamp="2019-06-14T19:07:54.605" intervalms="4.991" />
<gc-start id="2193" type="scavenge" contextid="2192" timestamp="2019-06-14T19:07:54.605">
  <mem-info id="2194" free="2055725576" total="2092630016" percent="98">
    <mem type="nursery" free="0" total="2097152" percent="0">
      <mem type="allocate" free="0" total="1441792" percent="0" />
      <mem type="survivor" free="0" total="655360" percent="0" />
    </mem>
    <mem type="tenure" free="2055725576" total="2090532864" percent="98">
      <mem type="soa" free="1951199752" total="1986007040" percent="98" />
      <mem type="loa" free="104525824" total="104525824" percent="100" />
    </mem>
    <remembered-set count="230" />
  </mem-info>
</gc-start>
<allocation-stats totalBytes="1262968" >
  <allocated-bytes non-tlh="520" tlh="1262448" />
  <largest-consumer threadName="PmdThread 1" threadId="00000000025DCC00" bytes="659288" />
</allocation-stats>
<gc-op id="2195" type="scavenge" timems="1.039" contextid="2192" timestamp="2019-06-14T19:07:54.606">
  <scavenger-info tenureage="2" tenuremask="7ffc" tiltratio="68" />
  <memory-copied type="nursery" objects="14412" bytes="440720" bytesdiscarded="146800" />
  <references type="weak" candidates="17" cleared="17" enqueued="17" />
</gc-op>
<gc-end id="2196" type="scavenge" contextid="2192" durationms="1.246" usertimems="0.000" systemtimems="0.000" timestamp="2019-06-14T19:07:54.606" activeThreads="4">
  <mem-info id="2197" free="2056317704" total="2092630016" percent="98">
    <mem type="nursery" free="592128" total="2097152" percent="28">
      <mem type="allocate" free="592128" total="1179648" percent="50" />
      <mem type="survivor" free="0" total="917504" percent="0" />
    </mem>
    <mem type="tenure" free="2055725576" total="2090532864" percent="98">
      <mem type="soa" free="1951199752" total="1986007040" percent="98" />
      <mem type="loa" free="104525824" total="104525824" percent="100" />
    </mem>
    <pending-finalizers system="0" default="0" reference="17" classloader="0" />
    <remembered-set count="188" />
  </mem-info>
</gc-end>
<cycle-end id="2198" type="scavenge" contextid="2192" timestamp="2019-06-14T19:07:54.606" />
  <attribute name="elasticGC enabled" value="1" />
  <attribute name= "numThreadsSpecified" value="4" />
  <attribute name="heapSize specified" value="8388608" />
  <attribute name="Current GC Util" value="22" />
  <attribute name= "Current Time Running" value="2595" />
  <attribute name ="GC Interval" value="200" />
  <attribute name="ProportionalT" value="1.000000" />
  <attribute name="ProportionalI" value="1.000000" />
  <attribute name="ProportionalH" value="1.000000" />
  <attribute name="Current Error" value="2.000000" />
  <attribute name="IntegralT" value="10.000000" />
  <attribute name="IntegralI" value="10.000000" />
  <attribute name="IntegralH" value="10.000000" />
  <attribute name="DerivativeT" value="-2.700000" />
  <attribute name="DerivativeI" value="-2.700000" />
  <attribute name="DerivativeH" value="-2.700000" />
  <attribute name="Loop Time for DT" value="5.000000" />
  <attribute name="Output H" value="8388608"/>
  <attribute name="Output I" value="200"/>
  <attribute name="Output T" value="4"/>
  <attribute name="Target GC Util Change" value ="20.000000" />
  <attribute name="Current GC Util Change" value="22.000000"/>
  <attribute name="GC Util currently" value="22" />
  <attribute name="CPU Util currently" value="923110768582" />
<allocation-satisfied id="2199" threadId="00000000025E0800" bytesRequested="56" />
<af-end id="2200" timestamp="2019-06-14T19:07:54.606" threadId="00000000025E1188" success="true" from="nursery"/>
<exclusive-end id="2201" timestamp="2019-06-14T19:07:54.606" durationms="1.695" />

<exclusive-start id="2202" timestamp="2019-06-14T19:07:54.609" intervalms="3.947">
  <response-info timems="0.060" idlems="0.060" threads="0" lastid="00000000025E0800" lastname="PmdThread 2" />
</exclusive-start>
<af-start id="2203" threadId="00000000025E1188" totalBytesRequested="16" timestamp="2019-06-14T19:07:54.609" intervalms="3.953" type="nursery" />
<cycle-start id="2204" type="scavenge" contextid="0" timestamp="2019-06-14T19:07:54.609" intervalms="3.934" />
<gc-start id="2205" type="scavenge" contextid="2204" timestamp="2019-06-14T19:07:54.609">
  <mem-info id="2206" free="2055725576" total="2092630016" percent="98">
    <mem type="nursery" free="0" total="2097152" percent="0">
      <mem type="allocate" free="0" total="1179648" percent="0" />
      <mem type="survivor" free="0" total="917504" percent="0" />
    </mem>
    <mem type="tenure" free="2055725576" total="2090532864" percent="98">
      <mem type="soa" free="1951199752" total="1986007040" percent="98" />
      <mem type="loa" free="104525824" total="104525824" percent="100" />
    </mem>
    <remembered-set count="212" />
  </mem-info>
</gc-start>
<allocation-stats totalBytes="591752" >
  <allocated-bytes non-tlh="56" tlh="591696" />
  <largest-consumer threadName="PmdThread 2" threadId="00000000025E0800" bytes="571272" />
</allocation-stats>
<gc-op id="2207" type="scavenge" timems="1.647" contextid="2204" timestamp="2019-06-14T19:07:54.610">
  <scavenger-info tenureage="1" tenuremask="7ffe" tiltratio="56" />
  <memory-copied type="nursery" objects="9369" bytes="298984" bytesdiscarded="84240" />
  <memory-copied type="tenure" objects="14364" bytes="439296" bytesdiscarded="184" />
</gc-op>
<gc-end id="2208" type="scavenge" contextid="2204" durationms="1.864" usertimems="4.000" systemtimems="0.000" timestamp="2019-06-14T19:07:54.611" activeThreads="4">
  <mem-info id="2209" free="2056156680" total="2092630016" percent="98">
    <mem type="nursery" free="861952" total="2097152" percent="41">
      <mem type="allocate" free="861952" total="1245184" percent="69" />
      <mem type="survivor" free="0" total="851968" percent="0" />
    </mem>
    <mem type="tenure" free="2055294728" total="2090532864" percent="98">
      <mem type="soa" free="1950768904" total="1986007040" percent="98" />
      <mem type="loa" free="104525824" total="104525824" percent="100" />
    </mem>
    <remembered-set count="215" />
  </mem-info>
</gc-end>
<cycle-end id="2210" type="scavenge" contextid="2204" timestamp="2019-06-14T19:07:54.611" />
  <attribute name="elasticGC enabled" value="1" />
  <attribute name= "numThreadsSpecified" value="4" />
  <attribute name="heapSize specified" value="8388608" />
  <attribute name="Current GC Util" value="36" />
  <attribute name= "Current Time Running" value="2599" />
  <attribute name ="GC Interval" value="200" />
  <attribute name="ProportionalT" value="8.000000" />
  <attribute name="ProportionalI" value="8.000000" />
  <attribute name="ProportionalH" value="8.000000" />
  <attribute name="Current Error" value="16.000000" />
  <attribute name="IntegralT" value="64.000000" />
  <attribute name="IntegralI" value="64.000000" />
  <attribute name="IntegralH" value="64.000000" />
  <attribute name="DerivativeT" value="1.750000" />
  <attribute name="DerivativeI" value="1.750000" />
  <attribute name="DerivativeH" value="1.750000" />
  <attribute name="Loop Time for DT" value="4.000000" />
  <attribute name="Output H" value="8388608"/>
  <attribute name="Output I" value="200"/>
  <attribute name="Output T" value="4"/>
  <attribute name="Target GC Util Change" value ="20.000000" />
  <attribute name="Current GC Util Change" value="36.000000"/>
  <attribute name="GC Util currently" value="36" />
  <attribute name="CPU Util currently" value="1171467293911" />
<allocation-satisfied id="2211" threadId="00000000025E0800" bytesRequested="16" />
<af-end id="2212" timestamp="2019-06-14T19:07:54.611" threadId="00000000025E1188" success="true" from="nursery"/>
<exclusive-end id="2213" timestamp="2019-06-14T19:07:54.611" durationms="2.304" />

<exclusive-start id="2214" timestamp="2019-06-14T19:07:54.612" intervalms="3.710">
  <response-info timems="0.076" idlems="0.076" threads="0" lastid="00000000025DCC00" lastname="PmdThread 1" />
</exclusive-start>
<af-start id="2215" threadId="00000000025DD588" totalBytesRequested="16" timestamp="2019-06-14T19:07:54.612" intervalms="3.701" type="nursery" />
<cycle-start id="2216" type="scavenge" contextid="0" timestamp="2019-06-14T19:07:54.612" intervalms="3.717" />
<gc-start id="2217" type="scavenge" contextid="2216" timestamp="2019-06-14T19:07:54.612">
  <mem-info id="2218" free="2055294728" total="2092630016" percent="98">
    <mem type="nursery" free="0" total="2097152" percent="0">
      <mem type="allocate" free="0" total="1245184" percent="0" />
      <mem type="survivor" free="0" total="851968" percent="0" />
    </mem>
    <mem type="tenure" free="2055294728" total="2090532864" percent="98">
      <mem type="soa" free="1950768904" total="1986007040" percent="98" />
      <mem type="loa" free="104525824" total="104525824" percent="100" />
    </mem>
    <remembered-set count="250" />
  </mem-info>
</gc-start>
<allocation-stats totalBytes="861768" >
  <allocated-bytes non-tlh="41000" tlh="820768" />
  <largest-consumer threadName="PmdThread 3" threadId="00000000025DD700" bytes="585656" />
</allocation-stats>
<gc-op id="2219" type="scavenge" timems="1.123" contextid="2216" timestamp="2019-06-14T19:07:54.614">
  <scavenger-info tenureage="1" tenuremask="7ffe" tiltratio="59" />
  <memory-copied type="nursery" objects="4722" bytes="211256" bytesdiscarded="157144" />
  <memory-copied type="tenure" objects="9368" bytes="298968" bytesdiscarded="136" />
  <references type="phantom" candidates="1" cleared="0" enqueued="0" />
</gc-op>
<gc-end id="2220" type="scavenge" contextid="2216" durationms="1.326" usertimems="4.000" systemtimems="0.000" timestamp="2019-06-14T19:07:54.614" activeThreads="4">
  <mem-info id="2221" free="2055989240" total="2092630016" percent="98">
    <mem type="nursery" free="1007856" total="2097152" percent="48">
      <mem type="allocate" free="1007856" total="1376256" percent="73" />
      <mem type="survivor" free="0" total="720896" percent="0" />
    </mem>
    <mem type="tenure" free="2054981384" total="2090532864" percent="98">
      <mem type="soa" free="1950455560" total="1986007040" percent="98" />
      <mem type="loa" free="104525824" total="104525824" percent="100" />
    </mem>
    <remembered-set count="211" />
  </mem-info>
</gc-end>
<cycle-end id="2222" type="scavenge" contextid="2216" timestamp="2019-06-14T19:07:54.614" />
  <attribute name="elasticGC enabled" value="1" />
  <attribute name= "numThreadsSpecified" value="4" />
  <attribute name="heapSize specified" value="8388608" />
  <attribute name="Current GC Util" value="58" />
  <attribute name= "Current Time Running" value="2603" />
  <attribute name ="GC Interval" value="200" />
  <attribute name="ProportionalT" value="19.000000" />
  <attribute name="ProportionalI" value="19.000000" />
  <attribute name="ProportionalH" value="19.000000" />
  <attribute name="Current Error" value="38.000000" />
  <attribute name="IntegralT" value="152.000000" />
  <attribute name="IntegralI" value="152.000000" />
  <attribute name="IntegralH" value="152.000000" />
  <attribute name="DerivativeT" value="2.750000" />
  <attribute name="DerivativeI" value="2.750000" />
  <attribute name="DerivativeH" value="2.750000" />
  <attribute name="Loop Time for DT" value="4.000000" />
  <attribute name="Output H" value="8388608"/>
  <attribute name="Output I" value="200"/>
  <attribute name="Output T" value="4"/>
  <attribute name="Target GC Util Change" value ="20.000000" />
  <attribute name="Current GC Util Change" value="58.000000"/>
  <attribute name="GC Util currently" value="58" />
  <attribute name="CPU Util currently" value="1243596138374" />
<allocation-satisfied id="2223" threadId="00000000025DCC00" bytesRequested="16" />
<af-end id="2224" timestamp="2019-06-14T19:07:54.614" threadId="00000000025DD588" success="true" from="nursery"/>
<exclusive-end id="2225" timestamp="2019-06-14T19:07:54.614" durationms="1.769" />

<exclusive-start id="2226" timestamp="2019-06-14T19:07:54.616" intervalms="3.591">
  <response-info timems="0.049" idlems="0.049" threads="0" lastid="00000000025DD700" lastname="PmdThread 3" />
</exclusive-start>
<af-start id="2227" threadId="00000000025DE088" totalBytesRequested="32" timestamp="2019-06-14T19:07:54.616" intervalms="3.590" type="nursery" />
<cycle-start id="2228" type="scavenge" contextid="0" timestamp="2019-06-14T19:07:54.616" intervalms="3.591" />
<gc-start id="2229" type="scavenge" contextid="2228" timestamp="2019-06-14T19:07:54.616">
  <mem-info id="2230" free="2054981384" total="2092630016" percent="98">
    <mem type="nursery" free="0" total="2097152" percent="0">
      <mem type="allocate" free="0" total="1376256" percent="0" />
      <mem type="survivor" free="0" total="720896" percent="0" />
    </mem>
    <mem type="tenure" free="2054981384" total="2090532864" percent="98">
      <mem type="soa" free="1950455560" total="1986007040" percent="98" />
      <mem type="loa" free="104525824" total="104525824" percent="100" />
    </mem>
    <remembered-set count="239" />
  </mem-info>
</gc-start>
<allocation-stats totalBytes="1007624" >
  <allocated-bytes non-tlh="16" tlh="1007608" />
  <largest-consumer threadName="PmdThread 3" threadId="00000000025DD700" bytes="544936" />
</allocation-stats>
<gc-op id="2231" type="scavenge" timems="1.542" contextid="2228" timestamp="2019-06-14T19:07:54.618">
  <scavenger-info tenureage="1" tenuremask="7ffe" tiltratio="65" />
  <memory-copied type="nursery" objects="7116" bytes="227680" bytesdiscarded="124816" />
  <memory-copied type="tenure" objects="4703" bytes="202608" bytesdiscarded="504" />
  <references type="weak" candidates="1" cleared="0" enqueued="0" />
  <references type="phantom" candidates="1" cleared="0" enqueued="0" />
</gc-op>
<gc-end id="2232" type="scavenge" contextid="2228" durationms="1.897" usertimems="4.000" systemtimems="0.000" timestamp="2019-06-14T19:07:54.618" activeThreads="4">
  <mem-info id="2233" free="2055819512" total="2092630016" percent="98">
    <mem type="nursery" free="1089280" total="2097152" percent="51">
      <mem type="allocate" free="1089280" total="1441792" percent="75" />
      <mem type="survivor" free="0" total="655360" percent="0" />
    </mem>
    <mem type="tenure" free="2054730232" total="2090532864" percent="98">
      <mem type="soa" free="1950204408" total="1986007040" percent="98" />
      <mem type="loa" free="104525824" total="104525824" percent="100" />
    </mem>
    <remembered-set count="148" />
  </mem-info>
</gc-end>
<cycle-end id="2234" type="scavenge" contextid="2228" timestamp="2019-06-14T19:07:54.618" />
  <attribute name="elasticGC enabled" value="1" />
  <attribute name= "numThreadsSpecified" value="4" />
  <attribute name="heapSize specified" value="8388608" />
  <attribute name="Current GC Util" value="43" />
  <attribute name= "Current Time Running" value="2606" />
  <attribute name ="GC Interval" value="200" />
  <attribute name="ProportionalT" value="11.500000" />
  <attribute name="ProportionalI" value="11.500000" />
  <attribute name="ProportionalH" value="11.500000" />
  <attribute name="Current Error" value="23.000000" />
  <attribute name="IntegralT" value="69.000000" />
  <attribute name="IntegralI" value="69.000000" />
  <attribute name="IntegralH" value="69.000000" />
  <attribute name="DerivativeT" value="-2.500000" />
  <attribute name="DerivativeI" value="-2.500000" />
  <attribute name="DerivativeH" value="-2.500000" />
  <attribute name="Loop Time for DT" value="3.000000" />
  <attribute name="Output H" value="8388608"/>
  <attribute name="Output I" value="200"/>
  <attribute name="Output T" value="4"/>
  <attribute name="Target GC Util Change" value ="20.000000" />
  <attribute name="Current GC Util Change" value="43.000000"/>
  <attribute name="GC Util currently" value="43" />
  <attribute name="CPU Util currently" value="1284236265690" />
<allocation-satisfied id="2235" threadId="00000000025DD700" bytesRequested="32" />
<af-end id="2236" timestamp="2019-06-14T19:07:54.618" threadId="00000000025DE088" success="true" from="nursery"/>
<exclusive-end id="2237" timestamp="2019-06-14T19:07:54.618" durationms="2.325" />

<exclusive-start id="2238" timestamp="2019-06-14T19:07:54.623" intervalms="7.108">
  <response-info timems="0.074" idlems="0.040" threads="1" lastid="00000000025DCC00" lastname="PmdThread 1" />
</exclusive-start>
<af-start id="2239" threadId="00000000025E1188" totalBytesRequested="16" timestamp="2019-06-14T19:07:54.623" intervalms="7.141" type="nursery" />
<cycle-start id="2240" type="scavenge" contextid="0" timestamp="2019-06-14T19:07:54.623" intervalms="7.147" />
<gc-start id="2241" type="scavenge" contextid="2240" timestamp="2019-06-14T19:07:54.623">
  <mem-info id="2242" free="2054730048" total="2092630016" percent="98">
    <mem type="nursery" free="0" total="2097152" percent="0">
      <mem type="allocate" free="0" total="1441792" percent="0" />
      <mem type="survivor" free="0" total="655360" percent="0" />
    </mem>
    <mem type="tenure" free="2054730048" total="2090532864" percent="98">
      <mem type="soa" free="1950204224" total="1986007040" percent="98" />
      <mem type="loa" free="104525824" total="104525824" percent="100" />
    </mem>
    <remembered-set count="1182" />
  </mem-info>
</gc-start>
<allocation-stats totalBytes="1089232" >
  <allocated-bytes non-tlh="216" tlh="1089016" />
  <largest-consumer threadName="PmdThread 1" threadId="00000000025DCC00" bytes="921408" />
</allocation-stats>
<gc-op id="2243" type="scavenge" timems="1.212" contextid="2240" timestamp="2019-06-14T19:07:54.625">
  <scavenger-info tenureage="1" tenuremask="7ffe" tiltratio="68" />
  <memory-copied type="nursery" objects="4841" bytes="148240" bytesdiscarded="156640" />
  <memory-copied type="tenure" objects="7086" bytes="224912" bytesdiscarded="80" />
  <references type="weak" candidates="8" cleared="7" enqueued="7" />
  <references type="phantom" candidates="3" cleared="1" enqueued="1" />
</gc-op>
<gc-end id="2244" type="scavenge" contextid="2240" durationms="1.462" usertimems="4.000" systemtimems="0.000" timestamp="2019-06-14T19:07:54.625" activeThreads="4">
  <mem-info id="2245" free="2055736640" total="2092630016" percent="98">
    <mem type="nursery" free="1202432" total="2097152" percent="57">
      <mem type="allocate" free="1202432" total="1507328" percent="79" />
      <mem type="survivor" free="0" total="589824" percent="0" />
    </mem>
    <mem type="tenure" free="2054534208" total="2090532864" percent="98">
      <mem type="soa" free="1950008384" total="1986007040" percent="98" />
      <mem type="loa" free="104525824" total="104525824" percent="100" />
    </mem>
    <pending-finalizers system="0" default="0" reference="8" classloader="0" />
    <remembered-set count="1161" />
  </mem-info>
</gc-end>
<cycle-end id="2246" type="scavenge" contextid="2240" timestamp="2019-06-14T19:07:54.625" />
  <attribute name="elasticGC enabled" value="1" />
  <attribute name= "numThreadsSpecified" value="4" />
  <attribute name="heapSize specified" value="8388608" />
  <attribute name="Current GC Util" value="40" />
  <attribute name= "Current Time Running" value="2613" />
  <attribute name ="GC Interval" value="200" />
  <attribute name="ProportionalT" value="10.000000" />
  <attribute name="ProportionalI" value="10.000000" />
  <attribute name="ProportionalH" value="10.000000" />
  <attribute name="Current Error" value="20.000000" />
  <attribute name="IntegralT" value="140.000000" />
  <attribute name="IntegralI" value="140.000000" />
  <attribute name="IntegralH" value="140.000000" />
  <attribute name="DerivativeT" value="-0.214286" />
  <attribute name="DerivativeI" value="-0.214286" />
  <attribute name="DerivativeH" value="-0.214286" />
  <attribute name="Loop Time for DT" value="7.000000" />
  <attribute name="Output H" value="8388608"/>
  <attribute name="Output I" value="200"/>
  <attribute name="Output T" value="4"/>
  <attribute name="Target GC Util Change" value ="20.000000" />
  <attribute name="Current GC Util Change" value="40.000000"/>
  <attribute name="GC Util currently" value="40" />
  <attribute name="CPU Util currently" value="643015957013" />
<allocation-satisfied id="2247" threadId="00000000025E0800" bytesRequested="16" />
<af-end id="2248" timestamp="2019-06-14T19:07:54.625" threadId="00000000025E1188" success="true" from="nursery"/>
<exclusive-end id="2249" timestamp="2019-06-14T19:07:54.625" durationms="1.983" />

<exclusive-start id="2250" timestamp="2019-06-14T19:07:54.629" intervalms="5.832">
  <response-info timems="0.070" idlems="0.070" threads="0" lastid="00000000025E0800" lastname="PmdThread 2" />
</exclusive-start>
<af-start id="2251" threadId="00000000025E1188" totalBytesRequested="56" timestamp="2019-06-14T19:07:54.629" intervalms="5.816" type="nursery" />
<cycle-start id="2252" type="scavenge" contextid="0" timestamp="2019-06-14T19:07:54.629" intervalms="5.818" />
<gc-start id="2253" type="scavenge" contextid="2252" timestamp="2019-06-14T19:07:54.629">
  <mem-info id="2254" free="2054534024" total="2092630016" percent="98">
    <mem type="nursery" free="0" total="2097152" percent="0">
      <mem type="allocate" free="0" total="1507328" percent="0" />
      <mem type="survivor" free="0" total="589824" percent="0" />
    </mem>
    <mem type="tenure" free="2054534024" total="2090532864" percent="98">
      <mem type="soa" free="1950008200" total="1986007040" percent="98" />
      <mem type="loa" free="104525824" total="104525824" percent="100" />
    </mem>
    <remembered-set count="1180" />
  </mem-info>
</gc-start>
<allocation-stats totalBytes="1202232" >
  <allocated-bytes non-tlh="200" tlh="1202032" />
  <largest-consumer threadName="PmdThread 2" threadId="00000000025E0800" bytes="976800" />
</allocation-stats>
<gc-op id="2255" type="scavenge" timems="1.771" contextid="2252" timestamp="2019-06-14T19:07:54.631">
  <scavenger-info tenureage="2" tenuremask="7ffc" tiltratio="71" />
  <memory-copied type="nursery" objects="14349" bytes="501816" bytesdiscarded="87984" />
  <memory-copied type="tenure" objects="7125" bytes="192584" bytesdiscarded="40" />
  <copy-failed type="nursery" objects="7125" bytes="192584" />
  <references type="weak" candidates="1" cleared="0" enqueued="0" />
  <references type="phantom" candidates="2" cleared="0" enqueued="0" />
</gc-op>
<gc-end id="2256" type="scavenge" contextid="2252" durationms="1.988" usertimems="4.000" systemtimems="0.000" timestamp="2019-06-14T19:07:54.631" activeThreads="4">
  <mem-info id="2257" free="2054796936" total="2092630016" percent="98">
    <mem type="nursery" free="458752" total="2097152" percent="21">
      <mem type="allocate" free="458752" total="1048576" percent="43" />
      <mem type="survivor" free="0" total="1048576" percent="0" />
    </mem>
    <mem type="tenure" free="2054338184" total="2090532864" percent="98">
      <mem type="soa" free="1949812360" total="1986007040" percent="98" />
      <mem type="loa" free="104525824" total="104525824" percent="100" />
    </mem>
    <remembered-set count="1228" />
  </mem-info>
</gc-end>
<cycle-end id="2258" type="scavenge" contextid="2252" timestamp="2019-06-14T19:07:54.631" />
  <attribute name="elasticGC enabled" value="1" />
  <attribute name= "numThreadsSpecified" value="4" />
  <attribute name="heapSize specified" value="8388608" />
  <attribute name="Current GC Util" value="29" />
  <attribute name= "Current Time Running" value="2619" />
  <attribute name ="GC Interval" value="200" />
  <attribute name="ProportionalT" value="4.500000" />
  <attribute name="ProportionalI" value="4.500000" />
  <attribute name="ProportionalH" value="4.500000" />
  <attribute name="Current Error" value="9.000000" />
  <attribute name="IntegralT" value="54.000000" />
  <attribute name="IntegralI" value="54.000000" />
  <attribute name="IntegralH" value="54.000000" />
  <attribute name="DerivativeT" value="-0.916667" />
  <attribute name="DerivativeI" value="-0.916667" />
  <attribute name="DerivativeH" value="-0.916667" />
  <attribute name="Loop Time for DT" value="6.000000" />
  <attribute name="Output H" value="8388608"/>
  <attribute name="Output I" value="200"/>
  <attribute name="Output T" value="4"/>
  <attribute name="Target GC Util Change" value ="20.000000" />
  <attribute name="Current GC Util Change" value="29.000000"/>
  <attribute name="GC Util currently" value="29" />
  <attribute name="CPU Util currently" value="793742502701" />
<allocation-satisfied id="2259" threadId="00000000025E0800" bytesRequested="56" />
<af-end id="2260" timestamp="2019-06-14T19:07:54.631" threadId="00000000025E1188" success="true" from="nursery"/>
<exclusive-end id="2261" timestamp="2019-06-14T19:07:54.631" durationms="2.480" />

<exclusive-start id="2262" timestamp="2019-06-14T19:07:54.633" intervalms="4.403">
  <response-info timems="0.032" idlems="0.032" threads="0" lastid="00000000025DCC00" lastname="PmdThread 1" />
</exclusive-start>
<af-start id="2263" threadId="00000000025DD588" totalBytesRequested="56" timestamp="2019-06-14T19:07:54.633" intervalms="4.392" type="nursery" />
<cycle-start id="2264" type="scavenge" contextid="0" timestamp="2019-06-14T19:07:54.633" intervalms="4.385" />
<gc-start id="2265" type="scavenge" contextid="2264" timestamp="2019-06-14T19:07:54.633">
  <mem-info id="2266" free="2054338016" total="2092630016" percent="98">
    <mem type="nursery" free="0" total="2097152" percent="0">
      <mem type="allocate" free="0" total="1048576" percent="0" />
      <mem type="survivor" free="0" total="1048576" percent="0" />
    </mem>
    <mem type="tenure" free="2054338016" total="2090532864" percent="98">
      <mem type="soa" free="1949812192" total="1986007040" percent="98" />
      <mem type="loa" free="104525824" total="104525824" percent="100" />
    </mem>
    <remembered-set count="1235" />
  </mem-info>
</gc-start>
<allocation-stats totalBytes="458736" >
  <allocated-bytes non-tlh="126528" tlh="332208" />
  <largest-consumer threadName="PmdThread 4" threadId="00000000025DE300" bytes="196536" />
</allocation-stats>
<gc-op id="2267" type="scavenge" timems="1.418" contextid="2264" timestamp="2019-06-14T19:07:54.635">
  <scavenger-info tenureage="1" tenuremask="7ffe" tiltratio="50" />
  <memory-copied type="nursery" objects="1734" bytes="173136" bytesdiscarded="125368" />
  <memory-copied type="tenure" objects="14300" bytes="475008" bytesdiscarded="136" />
  <references type="weak" candidates="1" cleared="1" enqueued="1" />
  <references type="phantom" candidates="1" cleared="1" enqueued="1" />
</gc-op>
<gc-end id="2268" type="scavenge" contextid="2264" durationms="1.659" usertimems="0.000" systemtimems="0.000" timestamp="2019-06-14T19:07:54.635" activeThreads="4">
  <mem-info id="2269" free="2054618056" total="2092630016" percent="98">
    <mem type="nursery" free="750056" total="2097152" percent="35">
      <mem type="allocate" free="750056" total="1048576" percent="71" />
      <mem type="survivor" free="0" total="1048576" percent="0" />
    </mem>
    <mem type="tenure" free="2053868000" total="2090532864" percent="98">
      <mem type="soa" free="1949342176" total="1986007040" percent="98" />
      <mem type="loa" free="104525824" total="104525824" percent="100" />
    </mem>
    <pending-finalizers system="0" default="0" reference="2" classloader="0" />
    <remembered-set count="154" />
  </mem-info>
</gc-end>
<cycle-end id="2270" type="scavenge" contextid="2264" timestamp="2019-06-14T19:07:54.635" />
  <attribute name="elasticGC enabled" value="1" />
  <attribute name= "numThreadsSpecified" value="4" />
  <attribute name="heapSize specified" value="8388608" />
  <attribute name="Current GC Util" value="49" />
  <attribute name= "Current Time Running" value="2623" />
  <attribute name ="GC Interval" value="200" />
  <attribute name="ProportionalT" value="14.500000" />
  <attribute name="ProportionalI" value="14.500000" />
  <attribute name="ProportionalH" value="14.500000" />
  <attribute name="Current Error" value="29.000000" />
  <attribute name="IntegralT" value="116.000000" />
  <attribute name="IntegralI" value="116.000000" />
  <attribute name="IntegralH" value="116.000000" />
  <attribute name="DerivativeT" value="2.500000" />
  <attribute name="DerivativeI" value="2.500000" />
  <attribute name="DerivativeH" value="2.500000" />
  <attribute name="Loop Time for DT" value="4.000000" />
  <attribute name="Output H" value="8388608"/>
  <attribute name="Output I" value="200"/>
  <attribute name="Output T" value="4"/>
  <attribute name="Target GC Util Change" value ="20.000000" />
  <attribute name="Current GC Util Change" value="49.000000"/>
  <attribute name="GC Util currently" value="49" />
  <attribute name="CPU Util currently" value="1055269500817" />
<allocation-satisfied id="2271" threadId="00000000025DCC00" bytesRequested="56" />
<af-end id="2272" timestamp="2019-06-14T19:07:54.635" threadId="00000000025DD588" success="true" from="nursery"/>
<exclusive-end id="2273" timestamp="2019-06-14T19:07:54.635" durationms="2.175" />

<exclusive-start id="2274" timestamp="2019-06-14T19:07:54.638" intervalms="4.601">
  <response-info timems="0.075" idlems="0.075" threads="0" lastid="00000000025E0800" lastname="PmdThread 2" />
</exclusive-start>
<af-start id="2275" threadId="00000000025E1188" totalBytesRequested="40" timestamp="2019-06-14T19:07:54.638" intervalms="4.610" type="nursery" />
<cycle-start id="2276" type="scavenge" contextid="0" timestamp="2019-06-14T19:07:54.638" intervalms="4.613" />
<gc-start id="2277" type="scavenge" contextid="2276" timestamp="2019-06-14T19:07:54.638">
  <mem-info id="2278" free="2053868000" total="2092630016" percent="98">
    <mem type="nursery" free="0" total="2097152" percent="0">
      <mem type="allocate" free="0" total="1048576" percent="0" />
      <mem type="survivor" free="0" total="1048576" percent="0" />
    </mem>
    <mem type="tenure" free="2053868000" total="2090532864" percent="98">
      <mem type="soa" free="1949342176" total="1986007040" percent="98" />
      <mem type="loa" free="104525824" total="104525824" percent="100" />
    </mem>
    <remembered-set count="168" />
  </mem-info>
</gc-start>
<allocation-stats totalBytes="749832" >
  <allocated-bytes non-tlh="56" tlh="749776" />
  <largest-consumer threadName="PmdThread 2" threadId="00000000025E0800" bytes="540968" />
</allocation-stats>
<gc-op id="2279" type="scavenge" timems="0.686" contextid="2276" timestamp="2019-06-14T19:07:54.639">
  <scavenger-info tenureage="1" tenuremask="7ffe" tiltratio="50" />
  <memory-copied type="nursery" objects="9730" bytes="317552" bytesdiscarded="118664" />
  <memory-copied type="tenure" objects="1672" bytes="147360" bytesdiscarded="56" />
  <references type="weak" candidates="2" cleared="1" enqueued="1" />
  <references type="phantom" candidates="3" cleared="1" enqueued="1" />
</gc-op>
<gc-end id="2280" type="scavenge" contextid="2276" durationms="0.894" usertimems="0.000" systemtimems="0.000" timestamp="2019-06-14T19:07:54.639" activeThreads="4">
  <mem-info id="2281" free="2054307784" total="2092630016" percent="98">
    <mem type="nursery" free="612352" total="2097152" percent="29">
      <mem type="allocate" free="612352" total="1048576" percent="58" />
      <mem type="survivor" free="0" total="1048576" percent="0" />
    </mem>
    <mem type="tenure" free="2053695432" total="2090532864" percent="98">
      <mem type="soa" free="1949169608" total="1986007040" percent="98" />
      <mem type="loa" free="104525824" total="104525824" percent="100" />
    </mem>
    <pending-finalizers system="0" default="0" reference="2" classloader="0" />
    <remembered-set count="179" />
  </mem-info>
</gc-end>
<cycle-end id="2282" type="scavenge" contextid="2276" timestamp="2019-06-14T19:07:54.639" />
  <attribute name="elasticGC enabled" value="1" />
  <attribute name= "numThreadsSpecified" value="4" />
  <attribute name="heapSize specified" value="8388608" />
  <attribute name="Current GC Util" value="42" />
  <attribute name= "Current Time Running" value="2628" />
  <attribute name ="GC Interval" value="200" />
  <attribute name="ProportionalT" value="11.000000" />
  <attribute name="ProportionalI" value="11.000000" />
  <attribute name="ProportionalH" value="11.000000" />
  <attribute name="Current Error" value="22.000000" />
  <attribute name="IntegralT" value="110.000000" />
  <attribute name="IntegralI" value="110.000000" />
  <attribute name="IntegralH" value="110.000000" />
  <attribute name="DerivativeT" value="-0.700000" />
  <attribute name="DerivativeI" value="-0.700000" />
  <attribute name="DerivativeH" value="-0.700000" />
  <attribute name="Loop Time for DT" value="5.000000" />
  <attribute name="Output H" value="8388608"/>
  <attribute name="Output I" value="200"/>
  <attribute name="Output T" value="4"/>
  <attribute name="Target GC Util Change" value ="20.000000" />
  <attribute name="Current GC Util Change" value="42.000000"/>
  <attribute name="GC Util currently" value="42" />
  <attribute name="CPU Util currently" value="997205819108" />
<allocation-satisfied id="2283" threadId="00000000025E0800" bytesRequested="40" />
<af-end id="2284" timestamp="2019-06-14T19:07:54.639" threadId="00000000025E1188" success="true" from="nursery"/>
<exclusive-end id="2285" timestamp="2019-06-14T19:07:54.639" durationms="1.373" />

<exclusive-start id="2286" timestamp="2019-06-14T19:07:54.642" intervalms="4.117">
  <response-info timems="0.075" idlems="0.040" threads="1" lastid="00000000025DCC00" lastname="PmdThread 1" />
</exclusive-start>
<af-start id="2287" threadId="00000000025E1188" totalBytesRequested="16" timestamp="2019-06-14T19:07:54.642" intervalms="4.113" type="nursery" />
<cycle-start id="2288" type="scavenge" contextid="0" timestamp="2019-06-14T19:07:54.642" intervalms="4.112" />
<gc-start id="2289" type="scavenge" contextid="2288" timestamp="2019-06-14T19:07:54.642">
  <mem-info id="2290" free="2053695040" total="2092630016" percent="98">
    <mem type="nursery" free="0" total="2097152" percent="0">
      <mem type="allocate" free="0" total="1048576" percent="0" />
      <mem type="survivor" free="0" total="1048576" percent="0" />
    </mem>
    <mem type="tenure" free="2053695040" total="2090532864" percent="98">
      <mem type="soa" free="1949169216" total="1986007040" percent="98" />
      <mem type="loa" free="104525824" total="104525824" percent="100" />
    </mem>
    <remembered-set count="204" />
  </mem-info>
</gc-start>
<allocation-stats totalBytes="612024" >
  <allocated-bytes non-tlh="133472" tlh="478552" />
  <largest-consumer threadName="PmdThread 1" threadId="00000000025DCC00" bytes="323408" />
</allocation-stats>
<gc-op id="2291" type="scavenge" timems="0.719" contextid="2288" timestamp="2019-06-14T19:07:54.643">
  <scavenger-info tenureage="1" tenuremask="7ffe" tiltratio="50" />
  <memory-copied type="nursery" objects="2913" bytes="198024" bytesdiscarded="145168" />
  <memory-copied type="tenure" objects="9587" bytes="303416" bytesdiscarded="88" />
  <references type="weak" candidates="2" cleared="0" enqueued="0" />
  <references type="phantom" candidates="2" cleared="0" enqueued="0" />
</gc-op>
<gc-end id="2292" type="scavenge" contextid="2288" durationms="0.965" usertimems="4.000" systemtimems="0.000" timestamp="2019-06-14T19:07:54.643" activeThreads="4">
  <mem-info id="2293" free="2054278560" total="2092630016" percent="98">
    <mem type="nursery" free="770912" total="2097152" percent="36">
      <mem type="allocate" free="770912" total="1114112" percent="69" />
      <mem type="survivor" free="0" total="983040" percent="0" />
    </mem>
    <mem type="tenure" free="2053507648" total="2090532864" percent="98">
      <mem type="soa" free="1948981824" total="1986007040" percent="98" />
      <mem type="loa" free="104525824" total="104525824" percent="100" />
    </mem>
    <remembered-set count="226" />
  </mem-info>
</gc-end>
<cycle-end id="2294" type="scavenge" contextid="2288" timestamp="2019-06-14T19:07:54.643" />
  <attribute name="elasticGC enabled" value="1" />
  <attribute name= "numThreadsSpecified" value="4" />
  <attribute name="heapSize specified" value="8388608" />
  <attribute name="Current GC Util" value="39" />
  <attribute name= "Current Time Running" value="2632" />
  <attribute name ="GC Interval" value="200" />
  <attribute name="ProportionalT" value="9.500000" />
  <attribute name="ProportionalI" value="9.500000" />
  <attribute name="ProportionalH" value="9.500000" />
  <attribute name="Current Error" value="19.000000" />
  <attribute name="IntegralT" value="76.000000" />
  <attribute name="IntegralI" value="76.000000" />
  <attribute name="IntegralH" value="76.000000" />
  <attribute name="DerivativeT" value="-0.375000" />
  <attribute name="DerivativeI" value="-0.375000" />
  <attribute name="DerivativeH" value="-0.375000" />
  <attribute name="Loop Time for DT" value="4.000000" />
  <attribute name="Output H" value="8388608"/>
  <attribute name="Output I" value="200"/>
  <attribute name="Output T" value="4"/>
  <attribute name="Target GC Util Change" value ="20.000000" />
  <attribute name="Current GC Util Change" value="39.000000"/>
  <attribute name="GC Util currently" value="39" />
  <attribute name="CPU Util currently" value="1122393520852" />
<allocation-satisfied id="2295" threadId="00000000025E0800" bytesRequested="16" />
<af-end id="2296" timestamp="2019-06-14T19:07:54.643" threadId="00000000025E1188" success="true" from="nursery"/>
<exclusive-end id="2297" timestamp="2019-06-14T19:07:54.643" durationms="1.480" />

<exclusive-start id="2298" timestamp="2019-06-14T19:07:54.646" intervalms="4.179">
  <response-info timems="0.077" idlems="0.077" threads="0" lastid="00000000025DCC00" lastname="PmdThread 1" />
</exclusive-start>
<af-start id="2299" threadId="00000000025DD588" totalBytesRequested="1528" timestamp="2019-06-14T19:07:54.646" intervalms="4.163" type="nursery" />
<cycle-start id="2300" type="scavenge" contextid="0" timestamp="2019-06-14T19:07:54.646" intervalms="4.173" />
<gc-start id="2301" type="scavenge" contextid="2300" timestamp="2019-06-14T19:07:54.646">
  <mem-info id="2302" free="2053507040" total="2092630016" percent="98">
    <mem type="nursery" free="0" total="2097152" percent="0">
      <mem type="allocate" free="0" total="1114112" percent="0" />
      <mem type="survivor" free="0" total="983040" percent="0" />
    </mem>
    <mem type="tenure" free="2053507040" total="2090532864" percent="98">
      <mem type="soa" free="1948981216" total="1986007040" percent="98" />
      <mem type="loa" free="104525824" total="104525824" percent="100" />
    </mem>
    <remembered-set count="255" />
  </mem-info>
</gc-start>
<allocation-stats totalBytes="771296" >
  <allocated-bytes non-tlh="624" tlh="770672" />
  <largest-consumer threadName="PmdThread 2" threadId="00000000025E0800" bytes="619136" />
</allocation-stats>
<gc-op id="2303" type="scavenge" timems="0.634" contextid="2300" timestamp="2019-06-14T19:07:54.647">
  <scavenger-info tenureage="1" tenuremask="7ffe" tiltratio="53" />
  <memory-copied type="nursery" objects="9809" bytes="315560" bytesdiscarded="190544" />
  <memory-copied type="tenure" objects="2836" bytes="101344" bytesdiscarded="104" />
  <references type="weak" candidates="10" cleared="10" enqueued="10" />
</gc-op>
<gc-end id="2304" type="scavenge" contextid="2300" durationms="0.838" usertimems="0.000" systemtimems="4.000" timestamp="2019-06-14T19:07:54.647" activeThreads="4">
  <mem-info id="2305" free="2054128608" total="2092630016" percent="98">
    <mem type="nursery" free="739072" total="2097152" percent="35">
      <mem type="allocate" free="739072" total="1245184" percent="59" />
      <mem type="survivor" free="0" total="851968" percent="0" />
    </mem>
    <mem type="tenure" free="2053389536" total="2090532864" percent="98">
      <mem type="soa" free="1948863712" total="1986007040" percent="98" />
      <mem type="loa" free="104525824" total="104525824" percent="100" />
    </mem>
    <pending-finalizers system="0" default="0" reference="10" classloader="0" />
    <remembered-set count="151" />
  </mem-info>
</gc-end>
<cycle-end id="2306" type="scavenge" contextid="2300" timestamp="2019-06-14T19:07:54.647" />
  <attribute name="elasticGC enabled" value="1" />
  <attribute name= "numThreadsSpecified" value="4" />
  <attribute name="heapSize specified" value="8388608" />
  <attribute name="Current GC Util" value="40" />
  <attribute name= "Current Time Running" value="2636" />
  <attribute name ="GC Interval" value="200" />
  <attribute name="ProportionalT" value="10.000000" />
  <attribute name="ProportionalI" value="10.000000" />
  <attribute name="ProportionalH" value="10.000000" />
  <attribute name="Current Error" value="20.000000" />
  <attribute name="IntegralT" value="80.000000" />
  <attribute name="IntegralI" value="80.000000" />
  <attribute name="IntegralH" value="80.000000" />
  <attribute name="DerivativeT" value="0.125000" />
  <attribute name="DerivativeI" value="0.125000" />
  <attribute name="DerivativeH" value="0.125000" />
  <attribute name="Loop Time for DT" value="4.000000" />
  <attribute name="Output H" value="8388608"/>
  <attribute name="Output I" value="200"/>
  <attribute name="Output T" value="4"/>
  <attribute name="Target GC Util Change" value ="20.000000" />
  <attribute name="Current GC Util Change" value="40.000000"/>
  <attribute name="GC Util currently" value="40" />
  <attribute name="CPU Util currently" value="1104882588316" />
<allocation-satisfied id="2307" threadId="00000000025DCC00" bytesRequested="1528" />
<af-end id="2308" timestamp="2019-06-14T19:07:54.647" threadId="00000000025DD588" success="true" from="nursery"/>
<exclusive-end id="2309" timestamp="2019-06-14T19:07:54.647" durationms="1.306" />

<exclusive-start id="2310" timestamp="2019-06-14T19:07:54.650" intervalms="4.291">
  <response-info timems="0.043" idlems="0.043" threads="0" lastid="00000000025E0800" lastname="PmdThread 2" />
</exclusive-start>
<af-start id="2311" threadId="00000000025E1188" totalBytesRequested="16" timestamp="2019-06-14T19:07:54.650" intervalms="4.309" type="nursery" />
<cycle-start id="2312" type="scavenge" contextid="0" timestamp="2019-06-14T19:07:54.651" intervalms="4.299" />
<gc-start id="2313" type="scavenge" contextid="2312" timestamp="2019-06-14T19:07:54.651">
  <mem-info id="2314" free="2053389352" total="2092630016" percent="98">
    <mem type="nursery" free="0" total="2097152" percent="0">
      <mem type="allocate" free="0" total="1245184" percent="0" />
      <mem type="survivor" free="0" total="851968" percent="0" />
    </mem>
    <mem type="tenure" free="2053389352" total="2090532864" percent="98">
      <mem type="soa" free="1948863528" total="1986007040" percent="98" />
      <mem type="loa" free="104525824" total="104525824" percent="100" />
    </mem>
    <remembered-set count="192" />
  </mem-info>
</gc-start>
<allocation-stats totalBytes="738768" >
  <allocated-bytes non-tlh="34496" tlh="704272" />
  <largest-consumer threadName="PmdThread 2" threadId="00000000025E0800" bytes="556976" />
</allocation-stats>
<gc-op id="2315" type="scavenge" timems="0.935" contextid="2312" timestamp="2019-06-14T19:07:54.652">
  <scavenger-info tenureage="1" tenuremask="7ffe" tiltratio="59" />
  <memory-copied type="nursery" objects="5331" bytes="261216" bytesdiscarded="154064" />
  <memory-copied type="tenure" objects="9740" bytes="312768" bytesdiscarded="88" />
  <references type="weak" candidates="2" cleared="1" enqueued="1" />
  <references type="phantom" candidates="3" cleared="1" enqueued="1" />
</gc-op>
<gc-end id="2316" type="scavenge" contextid="2312" durationms="1.157" usertimems="0.000" systemtimems="0.000" timestamp="2019-06-14T19:07:54.652" activeThreads="4">
  <mem-info id="2317" free="2053971432" total="2092630016" percent="98">
    <mem type="nursery" free="895424" total="2097152" percent="42">
      <mem type="allocate" free="895424" total="1310720" percent="68" />
      <mem type="survivor" free="0" total="786432" percent="0" />
    </mem>
    <mem type="tenure" free="2053076008" total="2090532864" percent="98">
      <mem type="soa" free="1948550184" total="1986007040" percent="98" />
      <mem type="loa" free="104525824" total="104525824" percent="100" />
    </mem>
    <pending-finalizers system="0" default="0" reference="2" classloader="0" />
    <remembered-set count="162" />
  </mem-info>
</gc-end>
<cycle-end id="2318" type="scavenge" contextid="2312" timestamp="2019-06-14T19:07:54.652" />
  <attribute name="elasticGC enabled" value="1" />
  <attribute name= "numThreadsSpecified" value="4" />
  <attribute name="heapSize specified" value="8388608" />
  <attribute name="Current GC Util" value="36" />
  <attribute name= "Current Time Running" value="2641" />
  <attribute name ="GC Interval" value="200" />
  <attribute name="ProportionalT" value="8.000000" />
  <attribute name="ProportionalI" value="8.000000" />
  <attribute name="ProportionalH" value="8.000000" />
  <attribute name="Current Error" value="16.000000" />
  <attribute name="IntegralT" value="80.000000" />
  <attribute name="IntegralI" value="80.000000" />
  <attribute name="IntegralH" value="80.000000" />
  <attribute name="DerivativeT" value="-0.400000" />
  <attribute name="DerivativeI" value="-0.400000" />
  <attribute name="DerivativeH" value="-0.400000" />
  <attribute name="Loop Time for DT" value="5.000000" />
  <attribute name="Output H" value="8388608"/>
  <attribute name="Output I" value="200"/>
  <attribute name="Output T" value="4"/>
  <attribute name="Target GC Util Change" value ="20.000000" />
  <attribute name="Current GC Util Change" value="36.000000"/>
  <attribute name="GC Util currently" value="36" />
  <attribute name="CPU Util currently" value="1069051226345" />
<allocation-satisfied id="2319" threadId="00000000025E0800" bytesRequested="16" />
<af-end id="2320" timestamp="2019-06-14T19:07:54.652" threadId="00000000025E1188" success="true" from="nursery"/>
<exclusive-end id="2321" timestamp="2019-06-14T19:07:54.652" durationms="1.639" />

<exclusive-start id="2322" timestamp="2019-06-14T19:07:54.656" intervalms="6.028">
  <response-info timems="0.057" idlems="0.057" threads="0" lastid="00000000025DE300" lastname="PmdThread 4" />
</exclusive-start>
<af-start id="2323" threadId="00000000025DEC88" totalBytesRequested="16392" timestamp="2019-06-14T19:07:54.656" intervalms="6.024" type="nursery" />
<cycle-start id="2324" type="scavenge" contextid="0" timestamp="2019-06-14T19:07:54.657" intervalms="6.017" />
<gc-start id="2325" type="scavenge" contextid="2324" timestamp="2019-06-14T19:07:54.657">
  <mem-info id="2326" free="2053076008" total="2092630016" percent="98">
    <mem type="nursery" free="0" total="2097152" percent="0">
      <mem type="allocate" free="0" total="1310720" percent="0" />
      <mem type="survivor" free="0" total="786432" percent="0" />
    </mem>
    <mem type="tenure" free="2053076008" total="2090532864" percent="98">
      <mem type="soa" free="1948550184" total="1986007040" percent="98" />
      <mem type="loa" free="104525824" total="104525824" percent="100" />
    </mem>
    <remembered-set count="254" />
  </mem-info>
</gc-start>
<allocation-stats totalBytes="880368" >
  <allocated-bytes non-tlh="16" tlh="880352" />
  <largest-consumer threadName="PmdThread 2" threadId="00000000025E0800" bytes="372664" />
</allocation-stats>
<gc-op id="2327" type="scavenge" timems="0.591" contextid="2324" timestamp="2019-06-14T19:07:54.657">
  <scavenger-info tenureage="1" tenuremask="7ffe" tiltratio="62" />
  <memory-copied type="nursery" objects="4061" bytes="192328" bytesdiscarded="95664" />
  <memory-copied type="tenure" objects="5149" bytes="250872" bytesdiscarded="304" />
  <references type="weak" candidates="17" cleared="16" enqueued="16" />
  <references type="phantom" candidates="14" cleared="6" enqueued="6" />
</gc-op>
<gc-end id="2328" type="scavenge" contextid="2324" durationms="0.783" usertimems="0.000" systemtimems="0.000" timestamp="2019-06-14T19:07:54.657" activeThreads="4">
  <mem-info id="2329" free="2053931528" total="2092630016" percent="98">
    <mem type="nursery" free="1153792" total="2097152" percent="55">
      <mem type="allocate" free="1153792" total="1441792" percent="80" />
      <mem type="survivor" free="0" total="655360" percent="0" />
    </mem>
    <mem type="tenure" free="2052777736" total="2090532864" percent="98">
      <mem type="soa" free="1948251912" total="1986007040" percent="98" />
      <mem type="loa" free="104525824" total="104525824" percent="100" />
    </mem>
    <pending-finalizers system="0" default="0" reference="22" classloader="0" />
    <remembered-set count="213" />
  </mem-info>
</gc-end>
<cycle-end id="2330" type="scavenge" contextid="2324" timestamp="2019-06-14T19:07:54.657" />
  <attribute name="elasticGC enabled" value="1" />
  <attribute name= "numThreadsSpecified" value="4" />
  <attribute name="heapSize specified" value="8388608" />
  <attribute name="Current GC Util" value="31" />
  <attribute name= "Current Time Running" value="2647" />
  <attribute name ="GC Interval" value="200" />
  <attribute name="ProportionalT" value="5.500000" />
  <attribute name="ProportionalI" value="5.500000" />
  <attribute name="ProportionalH" value="5.500000" />
  <attribute name="Current Error" value="11.000000" />
  <attribute name="IntegralT" value="66.000000" />
  <attribute name="IntegralI" value="66.000000" />
  <attribute name="IntegralH" value="66.000000" />
  <attribute name="DerivativeT" value="-0.416667" />
  <attribute name="DerivativeI" value="-0.416667" />
  <attribute name="DerivativeH" value="-0.416667" />
  <attribute name="Loop Time for DT" value="6.000000" />
  <attribute name="Output H" value="8388608"/>
  <attribute name="Output I" value="200"/>
  <attribute name="Output T" value="4"/>
  <attribute name="Target GC Util Change" value ="20.000000" />
  <attribute name="Current GC Util Change" value="31.000000"/>
  <attribute name="GC Util currently" value="31" />
  <attribute name="CPU Util currently" value="770350061877" />
<allocation-satisfied id="2331" threadId="00000000025DE300" bytesRequested="16392" />
<af-end id="2332" timestamp="2019-06-14T19:07:54.658" threadId="00000000025DEC88" success="true" from="nursery"/>
<exclusive-end id="2333" timestamp="2019-06-14T19:07:54.658" durationms="1.249" />

<exclusive-start id="2334" timestamp="2019-06-14T19:07:54.661" intervalms="4.890">
  <response-info timems="0.096" idlems="0.096" threads="0" lastid="00000000025E0800" lastname="PmdThread 2" />
</exclusive-start>
<af-start id="2335" threadId="00000000025E1188" totalBytesRequested="56" timestamp="2019-06-14T19:07:54.661" intervalms="4.894" type="nursery" />
<cycle-start id="2336" type="scavenge" contextid="0" timestamp="2019-06-14T19:07:54.661" intervalms="4.901" />
<gc-start id="2337" type="scavenge" contextid="2336" timestamp="2019-06-14T19:07:54.662">
  <mem-info id="2338" free="2052777736" total="2092630016" percent="98">
    <mem type="nursery" free="0" total="2097152" percent="0">
      <mem type="allocate" free="0" total="1441792" percent="0" />
      <mem type="survivor" free="0" total="655360" percent="0" />
    </mem>
    <mem type="tenure" free="2052777736" total="2090532864" percent="98">
      <mem type="soa" free="1948251912" total="1986007040" percent="98" />
      <mem type="loa" free="104525824" total="104525824" percent="100" />
    </mem>
    <remembered-set count="255" />
  </mem-info>
</gc-start>
<allocation-stats totalBytes="1153224" >
  <allocated-bytes non-tlh="16392" tlh="1136832" />
  <largest-consumer threadName="PmdThread 2" threadId="00000000025E0800" bytes="580160" />
</allocation-stats>
<gc-op id="2339" type="scavenge" timems="0.771" contextid="2336" timestamp="2019-06-14T19:07:54.662">
  <scavenger-info tenureage="1" tenuremask="7ffe" tiltratio="68" />
  <memory-copied type="nursery" objects="12156" bytes="424872" bytesdiscarded="60056" />
  <memory-copied type="tenure" objects="3925" bytes="171072" bytesdiscarded="8" />
  <references type="weak" candidates="3" cleared="2" enqueued="2" />
  <references type="phantom" candidates="3" cleared="2" enqueued="2" />
</gc-op>
<gc-end id="2340" type="scavenge" contextid="2336" durationms="0.978" usertimems="0.000" systemtimems="0.000" timestamp="2019-06-14T19:07:54.662" activeThreads="4">
  <mem-info id="2341" free="2053412272" total="2092630016" percent="98">
    <mem type="nursery" free="891312" total="2097152" percent="42">
      <mem type="allocate" free="891312" total="1376256" percent="64" />
      <mem type="survivor" free="0" total="720896" percent="0" />
    </mem>
    <mem type="tenure" free="2052520960" total="2090532864" percent="98">
      <mem type="soa" free="1947995136" total="1986007040" percent="98" />
      <mem type="loa" free="104525824" total="104525824" percent="100" />
    </mem>
    <pending-finalizers system="0" default="0" reference="4" classloader="0" />
    <remembered-set count="196" />
  </mem-info>
</gc-end>
<cycle-end id="2342" type="scavenge" contextid="2336" timestamp="2019-06-14T19:07:54.663" />
  <attribute name="elasticGC enabled" value="1" />
  <attribute name= "numThreadsSpecified" value="4" />
  <attribute name="heapSize specified" value="8388608" />
  <attribute name="Current GC Util" value="29" />
  <attribute name= "Current Time Running" value="2652" />
  <attribute name ="GC Interval" value="200" />
  <attribute name="ProportionalT" value="4.500000" />
  <attribute name="ProportionalI" value="4.500000" />
  <attribute name="ProportionalH" value="4.500000" />
  <attribute name="Current Error" value="9.000000" />
  <attribute name="IntegralT" value="45.000000" />
  <attribute name="IntegralI" value="45.000000" />
  <attribute name="IntegralH" value="45.000000" />
  <attribute name="DerivativeT" value="-0.200000" />
  <attribute name="DerivativeI" value="-0.200000" />
  <attribute name="DerivativeH" value="-0.200000" />
  <attribute name="Loop Time for DT" value="5.000000" />
  <attribute name="Output H" value="8388608"/>
  <attribute name="Output I" value="200"/>
  <attribute name="Output T" value="4"/>
  <attribute name="Target GC Util Change" value ="20.000000" />
  <attribute name="Current GC Util Change" value="29.000000"/>
  <attribute name="GC Util currently" value="29" />
  <attribute name="CPU Util currently" value="938288863051" />
<allocation-satisfied id="2343" threadId="00000000025E0800" bytesRequested="56" />
<af-end id="2344" timestamp="2019-06-14T19:07:54.663" threadId="00000000025E1188" success="true" from="nursery"/>
<exclusive-end id="2345" timestamp="2019-06-14T19:07:54.663" durationms="1.469" />

<exclusive-start id="2346" timestamp="2019-06-14T19:07:54.666" intervalms="4.603">
  <response-info timems="0.088" idlems="0.088" threads="0" lastid="00000000025DD700" lastname="PmdThread 3" />
</exclusive-start>
<af-start id="2347" threadId="00000000025DE088" totalBytesRequested="16" timestamp="2019-06-14T19:07:54.666" intervalms="4.589" type="nursery" />
<cycle-start id="2348" type="scavenge" contextid="0" timestamp="2019-06-14T19:07:54.666" intervalms="4.585" />
<gc-start id="2349" type="scavenge" contextid="2348" timestamp="2019-06-14T19:07:54.666">
  <mem-info id="2350" free="2052520960" total="2092630016" percent="98">
    <mem type="nursery" free="0" total="2097152" percent="0">
      <mem type="allocate" free="0" total="1376256" percent="0" />
      <mem type="survivor" free="0" total="720896" percent="0" />
    </mem>
    <mem type="tenure" free="2052520960" total="2090532864" percent="98">
      <mem type="soa" free="1947995136" total="1986007040" percent="98" />
      <mem type="loa" free="104525824" total="104525824" percent="100" />
    </mem>
    <remembered-set count="236" />
  </mem-info>
</gc-start>
<allocation-stats totalBytes="890896" >
  <allocated-bytes non-tlh="56" tlh="890840" />
  <largest-consumer threadName="PmdThread 2" threadId="00000000025E0800" bytes="343952" />
</allocation-stats>
<gc-op id="2351" type="scavenge" timems="2.130" contextid="2348" timestamp="2019-06-14T19:07:54.668">
  <scavenger-info tenureage="1" tenuremask="7ffe" tiltratio="65" />
  <memory-copied type="nursery" objects="7106" bytes="227008" bytesdiscarded="125504" />
  <memory-copied type="tenure" objects="11943" bytes="408816" bytesdiscarded="224" />
  <references type="weak" candidates="13" cleared="12" enqueued="12" />
  <references type="phantom" candidates="3" cleared="2" enqueued="2" />
</gc-op>
<gc-end id="2352" type="scavenge" contextid="2348" durationms="2.494" usertimems="4.000" systemtimems="0.000" timestamp="2019-06-14T19:07:54.669" activeThreads="4">
  <mem-info id="2353" free="2053218560" total="2092630016" percent="98">
    <mem type="nursery" free="1089280" total="2097152" percent="51">
      <mem type="allocate" free="1089280" total="1441792" percent="75" />
      <mem type="survivor" free="0" total="655360" percent="0" />
    </mem>
    <mem type="tenure" free="2052129280" total="2090532864" percent="98">
      <mem type="soa" free="1947603456" total="1986007040" percent="98" />
      <mem type="loa" free="104525824" total="104525824" percent="100" />
    </mem>
    <pending-finalizers system="0" default="0" reference="14" classloader="0" />
    <remembered-set count="206" />
  </mem-info>
</gc-end>
<cycle-end id="2354" type="scavenge" contextid="2348" timestamp="2019-06-14T19:07:54.669" />
  <attribute name="elasticGC enabled" value="1" />
  <attribute name= "numThreadsSpecified" value="4" />
  <attribute name="heapSize specified" value="8388608" />
  <attribute name="Current GC Util" value="42" />
  <attribute name= "Current Time Running" value="2656" />
  <attribute name ="GC Interval" value="200" />
  <attribute name="ProportionalT" value="11.000000" />
  <attribute name="ProportionalI" value="11.000000" />
  <attribute name="ProportionalH" value="11.000000" />
  <attribute name="Current Error" value="22.000000" />
  <attribute name="IntegralT" value="88.000000" />
  <attribute name="IntegralI" value="88.000000" />
  <attribute name="IntegralH" value="88.000000" />
  <attribute name="DerivativeT" value="1.625000" />
  <attribute name="DerivativeI" value="1.625000" />
  <attribute name="DerivativeH" value="1.625000" />
  <attribute name="Loop Time for DT" value="4.000000" />
  <attribute name="Output H" value="8388608"/>
  <attribute name="Output I" value="200"/>
  <attribute name="Output T" value="4"/>
  <attribute name="Target GC Util Change" value ="20.000000" />
  <attribute name="Current GC Util Change" value="42.000000"/>
  <attribute name="GC Util currently" value="42" />
  <attribute name="CPU Util currently" value="1007183112862" />
<allocation-satisfied id="2355" threadId="00000000025DD700" bytesRequested="16" />
<af-end id="2356" timestamp="2019-06-14T19:07:54.669" threadId="00000000025DE088" success="true" from="nursery"/>
<exclusive-end id="2357" timestamp="2019-06-14T19:07:54.669" durationms="2.923" />

<exclusive-start id="2358" timestamp="2019-06-14T19:07:54.678" intervalms="11.611">
  <response-info timems="0.060" idlems="0.060" threads="0" lastid="00000000025DE300" lastname="PmdThread 4" />
</exclusive-start>
<af-start id="2359" threadId="00000000025DEC88" totalBytesRequested="56" timestamp="2019-06-14T19:07:54.678" intervalms="11.639" type="nursery" />
<cycle-start id="2360" type="scavenge" contextid="0" timestamp="2019-06-14T19:07:54.678" intervalms="11.647" />
<gc-start id="2361" type="scavenge" contextid="2360" timestamp="2019-06-14T19:07:54.678">
  <mem-info id="2362" free="2052129192" total="2092630016" percent="98">
    <mem type="nursery" free="0" total="2097152" percent="0">
      <mem type="allocate" free="0" total="1441792" percent="0" />
      <mem type="survivor" free="0" total="655360" percent="0" />
    </mem>
    <mem type="tenure" free="2052129192" total="2090532864" percent="98">
      <mem type="soa" free="1947603368" total="1986007040" percent="98" />
      <mem type="loa" free="104525824" total="104525824" percent="100" />
    </mem>
    <remembered-set count="936" />
  </mem-info>
</gc-start>
<allocation-stats totalBytes="1088704" >
  <allocated-bytes non-tlh="104" tlh="1088600" />
  <largest-consumer threadName="PmdThread 1" threadId="00000000025DCC00" bytes="388872" />
</allocation-stats>
<gc-op id="2363" type="scavenge" timems="0.748" contextid="2360" timestamp="2019-06-14T19:07:54.679">
  <scavenger-info tenureage="1" tenuremask="7ffe" tiltratio="68" />
  <memory-copied type="nursery" objects="3608" bytes="259376" bytesdiscarded="48400" />
  <memory-copied type="tenure" objects="6987" bytes="216600" bytesdiscarded="88" />
  <references type="weak" candidates="15" cleared="14" enqueued="14" />
  <references type="phantom" candidates="19" cleared="10" enqueued="10" />
</gc-op>
<gc-end id="2364" type="scavenge" contextid="2360" durationms="0.975" usertimems="4.000" systemtimems="0.000" timestamp="2019-06-14T19:07:54.679" activeThreads="4">
  <mem-info id="2365" free="2053172000" total="2092630016" percent="98">
    <mem type="nursery" free="1199480" total="2097152" percent="57">
      <mem type="allocate" free="1199480" total="1507328" percent="79" />
      <mem type="survivor" free="0" total="589824" percent="0" />
    </mem>
    <mem type="tenure" free="2051972520" total="2090532864" percent="98">
      <mem type="soa" free="1947446696" total="1986007040" percent="98" />
      <mem type="loa" free="104525824" total="104525824" percent="100" />
    </mem>
    <pending-finalizers system="0" default="0" reference="24" classloader="0" />
    <remembered-set count="880" />
  </mem-info>
</gc-end>
<cycle-end id="2366" type="scavenge" contextid="2360" timestamp="2019-06-14T19:07:54.679" />
  <attribute name="elasticGC enabled" value="1" />
  <attribute name= "numThreadsSpecified" value="4" />
  <attribute name="heapSize specified" value="8388608" />
  <attribute name="Current GC Util" value="30" />
  <attribute name= "Current Time Running" value="2668" />
  <attribute name ="GC Interval" value="200" />
  <attribute name="ProportionalT" value="5.000000" />
  <attribute name="ProportionalI" value="5.000000" />
  <attribute name="ProportionalH" value="5.000000" />
  <attribute name="Current Error" value="10.000000" />
  <attribute name="IntegralT" value="120.000000" />
  <attribute name="IntegralI" value="120.000000" />
  <attribute name="IntegralH" value="120.000000" />
  <attribute name="DerivativeT" value="-0.500000" />
  <attribute name="DerivativeI" value="-0.500000" />
  <attribute name="DerivativeH" value="-0.500000" />
  <attribute name="Loop Time for DT" value="12.000000" />
  <attribute name="Output H" value="8388608"/>
  <attribute name="Output I" value="200"/>
  <attribute name="Output T" value="4"/>
  <attribute name="Target GC Util Change" value ="20.000000" />
  <attribute name="Current GC Util Change" value="30.000000"/>
  <attribute name="GC Util currently" value="30" />
  <attribute name="CPU Util currently" value="395062852346" />
<allocation-satisfied id="2367" threadId="00000000025DE300" bytesRequested="56" />
<af-end id="2368" timestamp="2019-06-14T19:07:54.679" threadId="00000000025DEC88" success="true" from="nursery"/>
<exclusive-end id="2369" timestamp="2019-06-14T19:07:54.679" durationms="1.483" />

<exclusive-start id="2370" timestamp="2019-06-14T19:07:54.688" intervalms="10.101">
  <response-info timems="0.073" idlems="0.044" threads="3" lastid="00000000025E0800" lastname="PmdThread 2" />
</exclusive-start>
<af-start id="2371" threadId="00000000025DEC88" totalBytesRequested="56" timestamp="2019-06-14T19:07:54.688" intervalms="10.094" type="nursery" />
<cycle-start id="2372" type="scavenge" contextid="0" timestamp="2019-06-14T19:07:54.688" intervalms="10.091" />
<gc-start id="2373" type="scavenge" contextid="2372" timestamp="2019-06-14T19:07:54.688">
  <mem-info id="2374" free="2051971784" total="2092630016" percent="98">
    <mem type="nursery" free="0" total="2097152" percent="0">
      <mem type="allocate" free="0" total="1507328" percent="0" />
      <mem type="survivor" free="0" total="589824" percent="0" />
    </mem>
    <mem type="tenure" free="2051971784" total="2090532864" percent="98">
      <mem type="soa" free="1947445960" total="1986007040" percent="98" />
      <mem type="loa" free="104525824" total="104525824" percent="100" />
    </mem>
    <remembered-set count="4294" />
  </mem-info>
</gc-start>
<allocation-stats totalBytes="1196232" >
  <allocated-bytes non-tlh="17184" tlh="1179048" />
  <largest-consumer threadName="PmdThread 4" threadId="00000000025DE300" bytes="641440" />
</allocation-stats>
<gc-op id="2375" type="scavenge" timems="0.699" contextid="2372" timestamp="2019-06-14T19:07:54.689">
  <scavenger-info tenureage="1" tenuremask="7ffe" tiltratio="71" />
  <memory-copied type="nursery" objects="9838" bytes="431104" bytesdiscarded="109576" />
  <memory-copied type="tenure" objects="2959" bytes="157568" bytesdiscarded="40" />
  <references type="weak" candidates="37" cleared="36" enqueued="36" />
  <references type="phantom" candidates="7" cleared="5" enqueued="5" />
</gc-op>
<gc-end id="2376" type="scavenge" contextid="2372" durationms="0.910" usertimems="0.000" systemtimems="0.000" timestamp="2019-06-14T19:07:54.689" activeThreads="4">
  <mem-info id="2377" free="2052731000" total="2092630016" percent="98">
    <mem type="nursery" free="901064" total="2097152" percent="42">
      <mem type="allocate" free="901064" total="1441792" percent="62" />
      <mem type="survivor" free="0" total="655360" percent="0" />
    </mem>
    <mem type="tenure" free="2051829936" total="2090532864" percent="98">
      <mem type="soa" free="1947304112" total="1986007040" percent="98" />
      <mem type="loa" free="104525824" total="104525824" percent="100" />
    </mem>
    <pending-finalizers system="0" default="0" reference="41" classloader="0" />
    <remembered-set count="3650" />
  </mem-info>
</gc-end>
<cycle-end id="2378" type="scavenge" contextid="2372" timestamp="2019-06-14T19:07:54.689" />
  <attribute name="elasticGC enabled" value="1" />
  <attribute name= "numThreadsSpecified" value="4" />
  <attribute name="heapSize specified" value="8388608" />
  <attribute name="Current GC Util" value="15" />
  <attribute name= "Current Time Running" value="2678" />
  <attribute name ="GC Interval" value="200" />
  <attribute name="ProportionalT" value="-2.500000" />
  <attribute name="ProportionalI" value="-2.500000" />
  <attribute name="ProportionalH" value="-2.500000" />
  <attribute name="Current Error" value="-5.000000" />
  <attribute name="IntegralT" value="-50.000000" />
  <attribute name="IntegralI" value="-50.000000" />
  <attribute name="IntegralH" value="-50.000000" />
  <attribute name="DerivativeT" value="-0.750000" />
  <attribute name="DerivativeI" value="-0.750000" />
  <attribute name="DerivativeH" value="-0.750000" />
  <attribute name="Loop Time for DT" value="10.000000" />
  <attribute name="Output H" value="2092630016"/>
  <attribute name="Output I" value="200"/>
  <attribute name="Output T" value="4"/>
  <attribute name="Target GC Util Change" value ="20.000000" />
  <attribute name="Current GC Util Change" value="15.000000"/>
  <attribute name="GC Util currently" value="15" />
  <attribute name="CPU Util currently" value="457550520168" />
<allocation-satisfied id="2379" threadId="00000000025DE300" bytesRequested="56" />
<af-end id="2380" timestamp="2019-06-14T19:07:54.689" threadId="00000000025DEC88" success="true" from="nursery"/>
<exclusive-end id="2381" timestamp="2019-06-14T19:07:54.689" durationms="1.389" />

<exclusive-start id="2382" timestamp="2019-06-14T19:07:54.692" intervalms="4.396">
  <response-info timems="0.141" idlems="0.069" threads="3" lastid="00000000025DCC00" lastname="PmdThread 1" />
</exclusive-start>
<af-start id="2383" threadId="00000000025DE088" totalBytesRequested="16" timestamp="2019-06-14T19:07:54.692" intervalms="4.380" type="nursery" />
<cycle-start id="2384" type="scavenge" contextid="0" timestamp="2019-06-14T19:07:54.692" intervalms="4.372" />
<gc-start id="2385" type="scavenge" contextid="2384" timestamp="2019-06-14T19:07:54.692">
  <mem-info id="2386" free="2051828280" total="2092630016" percent="98">
    <mem type="nursery" free="0" total="2097152" percent="0">
      <mem type="allocate" free="0" total="1441792" percent="0" />
      <mem type="survivor" free="0" total="655360" percent="0" />
    </mem>
    <mem type="tenure" free="2051828280" total="2090532864" percent="98">
      <mem type="soa" free="1947302456" total="1986007040" percent="98" />
      <mem type="loa" free="104525824" total="104525824" percent="100" />
    </mem>
    <remembered-set count="4345" />
  </mem-info>
</gc-start>
<allocation-stats totalBytes="902216" >
  <allocated-bytes non-tlh="1712" tlh="900504" />
  <largest-consumer threadName="PmdThread 3" threadId="00000000025DD700" bytes="450256" />
</allocation-stats>
<gc-op id="2387" type="scavenge" timems="1.273" contextid="2384" timestamp="2019-06-14T19:07:54.694">
  <scavenger-info tenureage="1" tenuremask="7ffe" tiltratio="68" />
  <memory-copied type="nursery" objects="8370" bytes="278208" bytesdiscarded="171816" />
  <memory-copied type="tenure" objects="9515" bytes="396240" bytesdiscarded="112" />
  <references type="weak" candidates="8" cleared="8" enqueued="8" />
</gc-op>
<gc-end id="2388" type="scavenge" contextid="2384" durationms="1.638" usertimems="4.000" systemtimems="0.000" timestamp="2019-06-14T19:07:54.694" activeThreads="4">
  <mem-info id="2389" free="2052363768" total="2092630016" percent="98">
    <mem type="nursery" free="991744" total="2097152" percent="47">
      <mem type="allocate" free="991744" total="1441792" percent="68" />
      <mem type="survivor" free="0" total="655360" percent="0" />
    </mem>
    <mem type="tenure" free="2051372024" total="2090532864" percent="98">
      <mem type="soa" free="1946846200" total="1986007040" percent="98" />
      <mem type="loa" free="104525824" total="104525824" percent="100" />
    </mem>
    <pending-finalizers system="0" default="0" reference="8" classloader="0" />
    <remembered-set count="919" />
  </mem-info>
</gc-end>
<cycle-end id="2390" type="scavenge" contextid="2384" timestamp="2019-06-14T19:07:54.694" />
  <attribute name="elasticGC enabled" value="1" />
  <attribute name= "numThreadsSpecified" value="4" />
  <attribute name="heapSize specified" value="8388608" />
  <attribute name="Current GC Util" value="43" />
  <attribute name= "Current Time Running" value="2682" />
  <attribute name ="GC Interval" value="200" />
  <attribute name="ProportionalT" value="11.500000" />
  <attribute name="ProportionalI" value="11.500000" />
  <attribute name="ProportionalH" value="11.500000" />
  <attribute name="Current Error" value="23.000000" />
  <attribute name="IntegralT" value="92.000000" />
  <attribute name="IntegralI" value="92.000000" />
  <attribute name="IntegralH" value="92.000000" />
  <attribute name="DerivativeT" value="2.875000" />
  <attribute name="DerivativeI" value="2.875000" />
  <attribute name="DerivativeH" value="2.875000" />
  <attribute name="Loop Time for DT" value="4.000000" />
  <attribute name="Output H" value="8388608"/>
  <attribute name="Output I" value="200"/>
  <attribute name="Output T" value="4"/>
  <attribute name="Target GC Util Change" value ="20.000000" />
  <attribute name="Current GC Util Change" value="43.000000"/>
  <attribute name="GC Util currently" value="43" />
  <attribute name="CPU Util currently" value="1057431474604" />
<allocation-satisfied id="2391" threadId="00000000025DD700" bytesRequested="16" />
<af-end id="2392" timestamp="2019-06-14T19:07:54.694" threadId="00000000025DE088" success="true" from="nursery"/>
<exclusive-end id="2393" timestamp="2019-06-14T19:07:54.694" durationms="2.054" />

<exclusive-start id="2394" timestamp="2019-06-14T19:07:54.700" intervalms="8.352">
  <response-info timems="0.212" idlems="0.184" threads="2" lastid="00000000025DD700" lastname="PmdThread 3" />
</exclusive-start>
<af-start id="2395" threadId="00000000025DD588" totalBytesRequested="48" timestamp="2019-06-14T19:07:54.700" intervalms="8.396" type="nursery" />
<cycle-start id="2396" type="scavenge" contextid="0" timestamp="2019-06-14T19:07:54.701" intervalms="8.413" />
<gc-start id="2397" type="scavenge" contextid="2396" timestamp="2019-06-14T19:07:54.801">
  <mem-info id="2398" free="2051369624" total="2092630016" percent="98">
    <mem type="nursery" free="0" total="2097152" percent="0">
      <mem type="allocate" free="0" total="1441792" percent="0" />
      <mem type="survivor" free="0" total="655360" percent="0" />
    </mem>
    <mem type="tenure" free="2051369624" total="2090532864" percent="98">
      <mem type="soa" free="1946843800" total="1986007040" percent="98" />
      <mem type="loa" free="104525824" total="104525824" percent="100" />
    </mem>
    <remembered-set count="2032" />
  </mem-info>
</gc-start>
<allocation-stats totalBytes="991224" >
  <allocated-bytes non-tlh="2416" tlh="988808" />
  <largest-consumer threadName="PmdThread 1" threadId="00000000025DCC00" bytes="429904" />
</allocation-stats>
<gc-op id="2399" type="scavenge" timems="1.235" contextid="2396" timestamp="2019-06-14T19:07:54.802">
  <scavenger-info tenureage="1" tenuremask="7ffe" tiltratio="68" />
  <memory-copied type="nursery" objects="2958" bytes="92824" bytesdiscarded="142168" />
  <memory-copied type="tenure" objects="8296" bytes="275896" bytesdiscarded="96" />
  <references type="weak" candidates="46" cleared="46" enqueued="46" />
  <references type="phantom" candidates="6" cleared="6" enqueued="6" />
</gc-op>
<gc-end id="2400" type="scavenge" contextid="2396" durationms="97.959" usertimems="92.000" systemtimems="8.000" timestamp="2019-06-14T19:07:54.899" activeThreads="4">
  <mem-info id="2401" free="2052446104" total="2092630016" percent="98">
    <mem type="nursery" free="1272320" total="2097152" percent="60">
      <mem type="allocate" free="1272320" total="1507328" percent="84" />
      <mem type="survivor" free="0" total="589824" percent="0" />
    </mem>
    <mem type="tenure" free="2051173784" total="2090532864" percent="98">
      <mem type="soa" free="1946647960" total="1986007040" percent="98" />
      <mem type="loa" free="104525824" total="104525824" percent="100" />
    </mem>
    <pending-finalizers system="0" default="0" reference="52" classloader="0" />
    <remembered-set count="1270" />
  </mem-info>
</gc-end>
<cycle-end id="2402" type="scavenge" contextid="2396" timestamp="2019-06-14T19:07:54.899" />
  <attribute name="elasticGC enabled" value="1" />
  <attribute name= "numThreadsSpecified" value="4" />
  <attribute name="heapSize specified" value="8388608" />
  <attribute name="Current GC Util" value="2" />
  <attribute name= "Current Time Running" value="2791" />
  <attribute name ="GC Interval" value="200" />
  <attribute name="ProportionalT" value="-9.000000" />
  <attribute name="ProportionalI" value="-9.000000" />
  <attribute name="ProportionalH" value="-9.000000" />
  <attribute name="Current Error" value="-18.000000" />
  <attribute name="IntegralT" value="-1962.000000" />
  <attribute name="IntegralI" value="-1962.000000" />
  <attribute name="IntegralH" value="-1962.000000" />
  <attribute name="DerivativeT" value="-0.188073" />
  <attribute name="DerivativeI" value="-0.188073" />
  <attribute name="DerivativeH" value="-0.188073" />
  <attribute name="Loop Time for DT" value="109.000000" />
  <attribute name="Output H" value="2092630016"/>
  <attribute name="Output I" value="200"/>
  <attribute name="Output T" value="4"/>
  <attribute name="Target GC Util Change" value ="20.000000" />
  <attribute name="Current GC Util Change" value="2.000000"/>
  <attribute name="GC Util currently" value="2" />
  <attribute name="CPU Util currently" value="42361535013" />
<allocation-satisfied id="2403" threadId="00000000025DCC00" bytesRequested="48" />
<af-end id="2404" timestamp="2019-06-14T19:07:54.899" threadId="00000000025DD588" success="true" from="nursery"/>
<exclusive-end id="2405" timestamp="2019-06-14T19:07:54.899" durationms="198.862" />

<exclusive-start id="2406" timestamp="2019-06-14T19:07:54.907" intervalms="206.417">
  <response-info timems="0.486" idlems="0.486" threads="0" lastid="00000000025E0800" lastname="PmdThread 2" />
</exclusive-start>
<af-start id="2407" threadId="00000000025E1188" totalBytesRequested="72" timestamp="2019-06-14T19:07:54.907" intervalms="206.421" type="nursery" />
<cycle-start id="2408" type="scavenge" contextid="0" timestamp="2019-06-14T19:07:54.907" intervalms="206.444" />
<gc-start id="2409" type="scavenge" contextid="2408" timestamp="2019-06-14T19:07:54.907">
  <mem-info id="2410" free="2051173784" total="2092630016" percent="98">
    <mem type="nursery" free="0" total="2097152" percent="0">
      <mem type="allocate" free="0" total="1507328" percent="0" />
      <mem type="survivor" free="0" total="589824" percent="0" />
    </mem>
    <mem type="tenure" free="2051173784" total="2090532864" percent="98">
      <mem type="soa" free="1946647960" total="1986007040" percent="98" />
      <mem type="loa" free="104525824" total="104525824" percent="100" />
    </mem>
    <remembered-set count="2117" />
  </mem-info>
</gc-start>
<allocation-stats totalBytes="1272056" >
  <allocated-bytes non-tlh="48" tlh="1272008" />
  <largest-consumer threadName="PmdThread 2" threadId="00000000025E0800" bytes="1272008" />
</allocation-stats>
<gc-op id="2411" type="scavenge" timems="0.520" contextid="2408" timestamp="2019-06-14T19:07:54.908">
  <scavenger-info tenureage="2" tenuremask="7ffc" tiltratio="71" />
  <memory-copied type="nursery" objects="4812" bytes="142648" bytesdiscarded="92336" />
</gc-op>
<gc-end id="2412" type="scavenge" contextid="2408" durationms="0.756" usertimems="0.000" systemtimems="0.000" timestamp="2019-06-14T19:07:54.908" activeThreads="4">
  <mem-info id="2413" free="2052511640" total="2092630016" percent="98">
    <mem type="nursery" free="1337856" total="2097152" percent="63">
      <mem type="allocate" free="1337856" total="1572864" percent="85" />
      <mem type="survivor" free="0" total="524288" percent="0" />
    </mem>
    <mem type="tenure" free="2051173784" total="2090532864" percent="98">
      <mem type="soa" free="1946647960" total="1986007040" percent="98" />
      <mem type="loa" free="104525824" total="104525824" percent="100" />
    </mem>
    <remembered-set count="2090" />
  </mem-info>
</gc-end>
<cycle-end id="2414" type="scavenge" contextid="2408" timestamp="2019-06-14T19:07:54.908" />
  <attribute name="elasticGC enabled" value="1" />
  <attribute name= "numThreadsSpecified" value="4" />
  <attribute name="heapSize specified" value="8388608" />
  <attribute name="Current GC Util" value="186" />
  <attribute name= "Current Time Running" value="2897" />
  <attribute name ="GC Interval" value="4000" />
  <attribute name="ProportionalT" value="83.000000" />
  <attribute name="ProportionalI" value="83.000000" />
  <attribute name="ProportionalH" value="83.000000" />
  <attribute name="Current Error" value="166.000000" />
  <attribute name="IntegralT" value="17596.000000" />
  <attribute name="IntegralI" value="17596.000000" />
  <attribute name="IntegralH" value="17596.000000" />
  <attribute name="DerivativeT" value="0.783019" />
  <attribute name="DerivativeI" value="0.783019" />
  <attribute name="DerivativeH" value="0.783019" />
  <attribute name="Loop Time for DT" value="106.000000" />
  <attribute name="Output H" value="8388608"/>
  <attribute name="Output I" value="4000"/>
  <attribute name="Output T" value="4"/>
  <attribute name="Target GC Util Change" value ="20.000000" />
  <attribute name="Current GC Util Change" value="186.000000"/>
  <attribute name="GC Util currently" value="186" />
  <attribute name="CPU Util currently" value="43509872899" />
<allocation-satisfied id="2415" threadId="00000000025E0800" bytesRequested="72" />
<af-end id="2416" timestamp="2019-06-14T19:07:54.908" threadId="00000000025E1188" success="true" from="nursery"/>
<exclusive-end id="2417" timestamp="2019-06-14T19:07:54.908" durationms="1.551" />

<exclusive-start id="2418" timestamp="2019-06-14T19:07:54.915" intervalms="8.026">
  <response-info timems="0.044" idlems="0.044" threads="0" lastid="00000000025DE300" lastname="PmdThread 4" />
</exclusive-start>
<af-start id="2419" threadId="00000000025DEC88" totalBytesRequested="24" timestamp="2019-06-14T19:07:54.915" intervalms="8.114" type="nursery" />
<cycle-start id="2420" type="scavenge" contextid="0" timestamp="2019-06-14T19:07:54.915" intervalms="8.126" />
<gc-start id="2421" type="scavenge" contextid="2420" timestamp="2019-06-14T19:07:54.915">
  <mem-info id="2422" free="2051173784" total="2092630016" percent="98">
    <mem type="nursery" free="0" total="2097152" percent="0">
      <mem type="allocate" free="0" total="1572864" percent="0" />
      <mem type="survivor" free="0" total="524288" percent="0" />
    </mem>
    <mem type="tenure" free="2051173784" total="2090532864" percent="98">
      <mem type="soa" free="1946647960" total="1986007040" percent="98" />
      <mem type="loa" free="104525824" total="104525824" percent="100" />
    </mem>
    <remembered-set count="2672" />
  </mem-info>
</gc-start>
<allocation-stats totalBytes="1332968" >
  <allocated-bytes non-tlh="72" tlh="1332896" />
  <largest-consumer threadName="PmdThread 2" threadId="00000000025E0800" bytes="1011416" />
</allocation-stats>
<gc-op id="2423" type="scavenge" timems="0.894" contextid="2420" timestamp="2019-06-14T19:07:54.916">
  <scavenger-info tenureage="3" tenuremask="7ff8" tiltratio="75" />
  <memory-copied type="nursery" objects="5984" bytes="175440" bytesdiscarded="59544" />
  <references type="weak" candidates="10" cleared="9" enqueued="9" />
  <references type="phantom" candidates="1" cleared="0" enqueued="0" />
</gc-op>
<gc-end id="2424" type="scavenge" contextid="2420" durationms="1.200" usertimems="0.000" systemtimems="0.000" timestamp="2019-06-14T19:07:54.916" activeThreads="4">
  <mem-info id="2425" free="2052577176" total="2092630016" percent="98">
    <mem type="nursery" free="1403392" total="2097152" percent="66">
      <mem type="allocate" free="1403392" total="1638400" percent="85" />
      <mem type="survivor" free="0" total="458752" percent="0" />
    </mem>
    <mem type="tenure" free="2051173784" total="2090532864" percent="98">
      <mem type="soa" free="1946647960" total="1986007040" percent="98" />
      <mem type="loa" free="104525824" total="104525824" percent="100" />
    </mem>
    <pending-finalizers system="0" default="0" reference="9" classloader="0" />
    <remembered-set count="2578" />
  </mem-info>
</gc-end>
<cycle-end id="2426" type="scavenge" contextid="2420" timestamp="2019-06-14T19:07:54.917" />
  <attribute name="elasticGC enabled" value="1" />
  <attribute name= "numThreadsSpecified" value="4" />
  <attribute name="heapSize specified" value="8388608" />
  <attribute name="Current GC Util" value="13" />
  <attribute name= "Current Time Running" value="2905" />
  <attribute name ="GC Interval" value="200" />
  <attribute name="ProportionalT" value="-3.500000" />
  <attribute name="ProportionalI" value="-3.500000" />
  <attribute name="ProportionalH" value="-3.500000" />
  <attribute name="Current Error" value="-7.000000" />
  <attribute name="IntegralT" value="-56.000000" />
  <attribute name="IntegralI" value="-56.000000" />
  <attribute name="IntegralH" value="-56.000000" />
  <attribute name="DerivativeT" value="-10.812500" />
  <attribute name="DerivativeI" value="-10.812500" />
  <attribute name="DerivativeH" value="-10.812500" />
  <attribute name="Loop Time for DT" value="8.000000" />
  <attribute name="Output H" value="2092630016"/>
  <attribute name="Output I" value="200"/>
  <attribute name="Output T" value="4"/>
  <attribute name="Target GC Util Change" value ="20.000000" />
  <attribute name="Current GC Util Change" value="13.000000"/>
  <attribute name="GC Util currently" value="13" />
  <attribute name="CPU Util currently" value="562592768368" />
<allocation-satisfied id="2427" threadId="00000000025DE300" bytesRequested="24" />
<af-end id="2428" timestamp="2019-06-14T19:07:54.917" threadId="00000000025DEC88" success="true" from="nursery"/>
<exclusive-end id="2429" timestamp="2019-06-14T19:07:54.917" durationms="2.014" />

<exclusive-start id="2430" timestamp="2019-06-14T19:07:54.923" intervalms="8.566">
  <response-info timems="0.076" idlems="0.076" threads="0" lastid="00000000025DCC00" lastname="PmdThread 1" />
</exclusive-start>
<af-start id="2431" threadId="00000000025DD588" totalBytesRequested="552" timestamp="2019-06-14T19:07:54.924" intervalms="8.505" type="nursery" />
<cycle-start id="2432" type="scavenge" contextid="0" timestamp="2019-06-14T19:07:54.924" intervalms="8.458" />
<gc-start id="2433" type="scavenge" contextid="2432" timestamp="2019-06-14T19:07:54.924">
  <mem-info id="2434" free="2051173416" total="2092630016" percent="98">
    <mem type="nursery" free="0" total="2097152" percent="0">
      <mem type="allocate" free="0" total="1638400" percent="0" />
      <mem type="survivor" free="0" total="458752" percent="0" />
    </mem>
    <mem type="tenure" free="2051173416" total="2090532864" percent="98">
      <mem type="soa" free="1946647592" total="1986007040" percent="98" />
      <mem type="loa" free="104525824" total="104525824" percent="100" />
    </mem>
    <remembered-set count="2691" />
  </mem-info>
</gc-start>
<allocation-stats totalBytes="1401224" >
  <allocated-bytes non-tlh="6944" tlh="1394280" />
  <largest-consumer threadName="PmdThread 3" threadId="00000000025DD700" bytes="746768" />
</allocation-stats>
<gc-op id="2435" type="scavenge" timems="0.692" contextid="2432" timestamp="2019-06-14T19:07:54.925">
  <scavenger-info tenureage="3" tenuremask="7ff8" tiltratio="78" />
  <memory-copied type="nursery" objects="4828" bytes="217336" bytesdiscarded="89360" />
  <memory-copied type="tenure" objects="2827" bytes="78112" bytesdiscarded="40" />
  <references type="weak" candidates="38" cleared="38" enqueued="38" />
  <references type="phantom" candidates="2" cleared="1" enqueued="1" />
</gc-op>
<gc-end id="2436" type="scavenge" contextid="2432" durationms="0.910" usertimems="0.000" systemtimems="0.000" timestamp="2019-06-14T19:07:54.925" activeThreads="4">
  <mem-info id="2437" free="2052426760" total="2092630016" percent="98">
    <mem type="nursery" free="1331680" total="2097152" percent="63">
      <mem type="allocate" free="1331680" total="1638400" percent="81" />
      <mem type="survivor" free="0" total="458752" percent="0" />
    </mem>
    <mem type="tenure" free="2051095080" total="2090532864" percent="98">
      <mem type="soa" free="1946569256" total="1986007040" percent="98" />
      <mem type="loa" free="104525824" total="104525824" percent="100" />
    </mem>
    <pending-finalizers system="0" default="0" reference="39" classloader="0" />
    <remembered-set count="1340" />
  </mem-info>
</gc-end>
<cycle-end id="2438" type="scavenge" contextid="2432" timestamp="2019-06-14T19:07:54.925" />
  <attribute name="elasticGC enabled" value="1" />
  <attribute name= "numThreadsSpecified" value="4" />
  <attribute name="heapSize specified" value="8388608" />
  <attribute name="Current GC Util" value="16" />
  <attribute name= "Current Time Running" value="2914" />
  <attribute name ="GC Interval" value="200" />
  <attribute name="ProportionalT" value="-2.000000" />
  <attribute name="ProportionalI" value="-2.000000" />
  <attribute name="ProportionalH" value="-2.000000" />
  <attribute name="Current Error" value="-4.000000" />
  <attribute name="IntegralT" value="-36.000000" />
  <attribute name="IntegralI" value="-36.000000" />
  <attribute name="IntegralH" value="-36.000000" />
  <attribute name="DerivativeT" value="-0.222222" />
  <attribute name="DerivativeI" value="-0.222222" />
  <attribute name="DerivativeH" value="-0.222222" />
  <attribute name="Loop Time for DT" value="9.000000" />
  <attribute name="Output H" value="2092630016"/>
  <attribute name="Output I" value="200"/>
  <attribute name="Output T" value="4"/>
  <attribute name="Target GC Util Change" value ="20.000000" />
  <attribute name="Current GC Util Change" value="16.000000"/>
  <attribute name="GC Util currently" value="16" />
  <attribute name="CPU Util currently" value="545834392094" />
<allocation-satisfied id="2439" threadId="00000000025DCC00" bytesRequested="552" />
<af-end id="2440" timestamp="2019-06-14T19:07:54.925" threadId="00000000025DD588" success="true" from="nursery"/>
<exclusive-end id="2441" timestamp="2019-06-14T19:07:54.925" durationms="1.581" />

<exclusive-start id="2442" timestamp="2019-06-14T19:07:54.930" intervalms="7.121">
  <response-info timems="0.175" idlems="0.175" threads="0" lastid="00000000025E0800" lastname="PmdThread 2" />
</exclusive-start>
<af-start id="2443" threadId="00000000025E1188" totalBytesRequested="24" timestamp="2019-06-14T19:07:54.931" intervalms="7.724" type="nursery" />
<cycle-start id="2444" type="scavenge" contextid="0" timestamp="2019-06-14T19:07:54.931" intervalms="7.799" />
<gc-start id="2445" type="scavenge" contextid="2444" timestamp="2019-06-14T19:07:54.932">
  <mem-info id="2446" free="2051094808" total="2092630016" percent="98">
    <mem type="nursery" free="0" total="2097152" percent="0">
      <mem type="allocate" free="0" total="1638400" percent="0" />
      <mem type="survivor" free="0" total="458752" percent="0" />
    </mem>
    <mem type="tenure" free="2051094808" total="2090532864" percent="98">
      <mem type="soa" free="1946568984" total="1986007040" percent="98" />
      <mem type="loa" free="104525824" total="104525824" percent="100" />
    </mem>
    <remembered-set count="1433" />
  </mem-info>
</gc-start>
<allocation-stats totalBytes="1329600" >
  <allocated-bytes non-tlh="824" tlh="1328776" />
  <largest-consumer threadName="PmdThread 4" threadId="00000000025DE300" bytes="798376" />
</allocation-stats>
<gc-op id="2447" type="scavenge" timems="1.537" contextid="2444" timestamp="2019-06-14T19:07:54.933">
  <scavenger-info tenureage="3" tenuremask="7ff8" tiltratio="78" />
  <memory-copied type="nursery" objects="5364" bytes="324432" bytesdiscarded="134280" />
  <memory-copied type="tenure" objects="3664" bytes="106856" bytesdiscarded="48" />
  <copy-failed type="nursery" objects="1733" bytes="55920" />
  <references type="phantom" candidates="3" cleared="0" enqueued="0" />
</gc-op>
<gc-end id="2448" type="scavenge" contextid="2444" durationms="2.000" usertimems="0.000" systemtimems="4.000" timestamp="2019-06-14T19:07:54.934" activeThreads="4">
  <mem-info id="2449" free="2052025880" total="2092630016" percent="98">
    <mem type="nursery" free="1048576" total="2097152" percent="50">
      <mem type="allocate" free="1048576" total="1507328" percent="69" />
      <mem type="survivor" free="0" total="589824" percent="0" />
    </mem>
    <mem type="tenure" free="2050977304" total="2090532864" percent="98">
      <mem type="soa" free="1946451480" total="1986007040" percent="98" />
      <mem type="loa" free="104525824" total="104525824" percent="100" />
    </mem>
    <remembered-set count="232" />
  </mem-info>
</gc-end>
<cycle-end id="2450" type="scavenge" contextid="2444" timestamp="2019-06-14T19:07:54.934" />
  <attribute name="elasticGC enabled" value="1" />
  <attribute name= "numThreadsSpecified" value="4" />
  <attribute name="heapSize specified" value="8388608" />
  <attribute name="Current GC Util" value="18" />
  <attribute name= "Current Time Running" value="2922" />
  <attribute name ="GC Interval" value="200" />
  <attribute name="ProportionalT" value="-1.000000" />
  <attribute name="ProportionalI" value="-1.000000" />
  <attribute name="ProportionalH" value="-1.000000" />
  <attribute name="Current Error" value="-2.000000" />
  <attribute name="IntegralT" value="-16.000000" />
  <attribute name="IntegralI" value="-16.000000" />
  <attribute name="IntegralH" value="-16.000000" />
  <attribute name="DerivativeT" value="-0.125000" />
  <attribute name="DerivativeI" value="-0.125000" />
  <attribute name="DerivativeH" value="-0.125000" />
  <attribute name="Loop Time for DT" value="8.000000" />
  <attribute name="Output H" value="2092630016"/>
  <attribute name="Output I" value="200"/>
  <attribute name="Output T" value="4"/>
  <attribute name="Target GC Util Change" value ="20.000000" />
  <attribute name="Current GC Util Change" value="18.000000"/>
  <attribute name="GC Util currently" value="18" />
  <attribute name="CPU Util currently" value="576771197520" />
<allocation-satisfied id="2451" threadId="00000000025E0800" bytesRequested="24" />
<af-end id="2452" timestamp="2019-06-14T19:07:54.934" threadId="00000000025E1188" success="true" from="nursery"/>
<exclusive-end id="2453" timestamp="2019-06-14T19:07:54.934" durationms="3.650" />

<exclusive-start id="2454" timestamp="2019-06-14T19:07:54.940" intervalms="9.180">
  <response-info timems="1.838" idlems="1.838" threads="0" lastid="00000000025DE300" lastname="PmdThread 4" />
</exclusive-start>
<af-start id="2455" threadId="00000000025DEC88" totalBytesRequested="24" timestamp="2019-06-14T19:07:54.940" intervalms="8.624" type="nursery" />
<cycle-start id="2456" type="scavenge" contextid="0" timestamp="2019-06-14T19:07:54.940" intervalms="8.626" />
<gc-start id="2457" type="scavenge" contextid="2456" timestamp="2019-06-14T19:07:54.940">
  <mem-info id="2458" free="2050977120" total="2092630016" percent="98">
    <mem type="nursery" free="0" total="2097152" percent="0">
      <mem type="allocate" free="0" total="1507328" percent="0" />
      <mem type="survivor" free="0" total="589824" percent="0" />
    </mem>
    <mem type="tenure" free="2050977120" total="2090532864" percent="98">
      <mem type="soa" free="1946451296" total="1986007040" percent="98" />
      <mem type="loa" free="104525824" total="104525824" percent="100" />
    </mem>
    <remembered-set count="264" />
  </mem-info>
</gc-start>
<allocation-stats totalBytes="1047512" >
  <allocated-bytes non-tlh="208" tlh="1047304" />
  <largest-consumer threadName="PmdThread 4" threadId="00000000025DE300" bytes="699552" />
</allocation-stats>
<gc-op id="2459" type="scavenge" timems="1.443" contextid="2456" timestamp="2019-06-14T19:07:54.942">
  <scavenger-info tenureage="3" tenuremask="7ff8" tiltratio="71" />
  <memory-copied type="nursery" objects="6024" bytes="394432" bytesdiscarded="153000" />
  <memory-copied type="tenure" objects="43" bytes="1792" bytesdiscarded="0" />
  <references type="weak" candidates="17" cleared="17" enqueued="17" />
  <references type="phantom" candidates="4" cleared="1" enqueued="1" />
</gc-op>
<gc-end id="2460" type="scavenge" contextid="2456" durationms="1.845" usertimems="4.000" systemtimems="0.000" timestamp="2019-06-14T19:07:54.942" activeThreads="4">
  <mem-info id="2461" free="2052000560" total="2092630016" percent="98">
    <mem type="nursery" free="1023440" total="2097152" percent="48">
      <mem type="allocate" free="1023440" total="1572864" percent="65" />
      <mem type="survivor" free="0" total="524288" percent="0" />
    </mem>
    <mem type="tenure" free="2050977120" total="2090532864" percent="98">
      <mem type="soa" free="1946451296" total="1986007040" percent="98" />
      <mem type="loa" free="104525824" total="104525824" percent="100" />
    </mem>
    <pending-finalizers system="0" default="0" reference="18" classloader="0" />
    <remembered-set count="257" />
  </mem-info>
</gc-end>
<cycle-end id="2462" type="scavenge" contextid="2456" timestamp="2019-06-14T19:07:54.942" />
  <attribute name="elasticGC enabled" value="1" />
  <attribute name= "numThreadsSpecified" value="4" />
  <attribute name="heapSize specified" value="8388608" />
  <attribute name="Current GC Util" value="32" />
  <attribute name= "Current Time Running" value="2930" />
  <attribute name ="GC Interval" value="200" />
  <attribute name="ProportionalT" value="6.000000" />
  <attribute name="ProportionalI" value="6.000000" />
  <attribute name="ProportionalH" value="6.000000" />
  <attribute name="Current Error" value="12.000000" />
  <attribute name="IntegralT" value="96.000000" />
  <attribute name="IntegralI" value="96.000000" />
  <attribute name="IntegralH" value="96.000000" />
  <attribute name="DerivativeT" value="0.750000" />
  <attribute name="DerivativeI" value="0.750000" />
  <attribute name="DerivativeH" value="0.750000" />
  <attribute name="Loop Time for DT" value="8.000000" />
  <attribute name="Output H" value="8388608"/>
  <attribute name="Output I" value="200"/>
  <attribute name="Output T" value="4"/>
  <attribute name="Target GC Util Change" value ="20.000000" />
  <attribute name="Current GC Util Change" value="32.000000"/>
  <attribute name="GC Util currently" value="32" />
  <attribute name="CPU Util currently" value="538055116027" />
<allocation-satisfied id="2463" threadId="00000000025DE300" bytesRequested="24" />
<af-end id="2464" timestamp="2019-06-14T19:07:54.942" threadId="00000000025DEC88" success="true" from="nursery"/>
<exclusive-end id="2465" timestamp="2019-06-14T19:07:54.942" durationms="2.661" />

<exclusive-start id="2466" timestamp="2019-06-14T19:07:54.947" intervalms="6.878">
  <response-info timems="0.221" idlems="0.110" threads="4" lastid="00000000022D7B00" lastname="JIT Compilation Thread-2" />
</exclusive-start>
<af-start id="2467" threadId="00000000025E1188" totalBytesRequested="16" timestamp="2019-06-14T19:07:54.947" intervalms="6.815" type="nursery" />
<cycle-start id="2468" type="scavenge" contextid="0" timestamp="2019-06-14T19:07:54.947" intervalms="6.734" />
<gc-start id="2469" type="scavenge" contextid="2468" timestamp="2019-06-14T19:07:54.947">
  <mem-info id="2470" free="2050976680" total="2092630016" percent="98">
    <mem type="nursery" free="0" total="2097152" percent="0">
      <mem type="allocate" free="0" total="1572864" percent="0" />
      <mem type="survivor" free="0" total="524288" percent="0" />
    </mem>
    <mem type="tenure" free="2050976680" total="2090532864" percent="98">
      <mem type="soa" free="1946450856" total="1986007040" percent="98" />
      <mem type="loa" free="104525824" total="104525824" percent="100" />
    </mem>
    <remembered-set count="505" />
  </mem-info>
</gc-start>
<allocation-stats totalBytes="1003312" >
  <allocated-bytes non-tlh="464" tlh="1002848" />
  <largest-consumer threadName="PmdThread 2" threadId="00000000025E0800" bytes="400688" />
</allocation-stats>
<gc-op id="2471" type="scavenge" timems="2.446" contextid="2468" timestamp="2019-06-14T19:07:54.950">
  <scavenger-info tenureage="3" tenuremask="7ff8" tiltratio="75" />
  <memory-copied type="nursery" objects="5469" bytes="316720" bytesdiscarded="207232" />
  <memory-copied type="tenure" objects="1107" bytes="100880" bytesdiscarded="48" />
  <references type="weak" candidates="28" cleared="28" enqueued="28" />
  <references type="phantom" candidates="4" cleared="0" enqueued="0" />
</gc-op>
<gc-end id="2472" type="scavenge" contextid="2468" durationms="2.939" usertimems="4.000" systemtimems="0.000" timestamp="2019-06-14T19:07:54.950" activeThreads="4">
  <mem-info id="2473" free="2051945104" total="2092630016" percent="98">
    <mem type="nursery" free="1048576" total="2097152" percent="50">
      <mem type="allocate" free="1048576" total="1572864" percent="66" />
      <mem type="survivor" free="0" total="524288" percent="0" />
    </mem>
    <mem type="tenure" free="2050896528" total="2090532864" percent="98">
      <mem type="soa" free="1946370704" total="1986007040" percent="98" />
      <mem type="loa" free="104525824" total="104525824" percent="100" />
    </mem>
    <pending-finalizers system="0" default="0" reference="28" classloader="0" />
    <remembered-set count="487" />
  </mem-info>
</gc-end>
<cycle-end id="2474" type="scavenge" contextid="2468" timestamp="2019-06-14T19:07:54.950" />
  <attribute name="elasticGC enabled" value="1" />
  <attribute name= "numThreadsSpecified" value="4" />
  <attribute name="heapSize specified" value="8388608" />
  <attribute name="Current GC Util" value="48" />
  <attribute name= "Current Time Running" value="2937" />
  <attribute name ="GC Interval" value="216" />
  <attribute name="ProportionalT" value="14.000000" />
  <attribute name="ProportionalI" value="14.000000" />
  <attribute name="ProportionalH" value="14.000000" />
  <attribute name="Current Error" value="28.000000" />
  <attribute name="IntegralT" value="196.000000" />
  <attribute name="IntegralI" value="196.000000" />
  <attribute name="IntegralH" value="196.000000" />
  <attribute name="DerivativeT" value="1.142857" />
  <attribute name="DerivativeI" value="1.142857" />
  <attribute name="DerivativeH" value="1.142857" />
  <attribute name="Loop Time for DT" value="7.000000" />
  <attribute name="Output H" value="8388608"/>
  <attribute name="Output I" value="216"/>
  <attribute name="Output T" value="4"/>
  <attribute name="Target GC Util Change" value ="20.000000" />
  <attribute name="Current GC Util Change" value="48.000000"/>
  <attribute name="GC Util currently" value="48" />
  <attribute name="CPU Util currently" value="675634524115" />
<allocation-satisfied id="2475" threadId="00000000025E0800" bytesRequested="16" />
<af-end id="2476" timestamp="2019-06-14T19:07:54.950" threadId="00000000025E1188" success="true" from="nursery"/>
<exclusive-end id="2477" timestamp="2019-06-14T19:07:54.950" durationms="3.782" />

<exclusive-start id="2478" timestamp="2019-06-14T19:07:54.955" intervalms="8.226">
  <response-info timems="0.144" idlems="0.072" threads="3" lastid="00000000022D0300" lastname="JIT Compilation Thread-0" />
</exclusive-start>
<af-start id="2479" threadId="00000000025E1188" totalBytesRequested="72" timestamp="2019-06-14T19:07:54.955" intervalms="8.277" type="nursery" />
<cycle-start id="2480" type="scavenge" contextid="0" timestamp="2019-06-14T19:07:54.955" intervalms="8.315" />
<gc-start id="2481" type="scavenge" contextid="2480" timestamp="2019-06-14T19:07:54.955">
  <mem-info id="2482" free="2050896176" total="2092630016" percent="98">
    <mem type="nursery" free="0" total="2097152" percent="0">
      <mem type="allocate" free="0" total="1572864" percent="0" />
      <mem type="survivor" free="0" total="524288" percent="0" />
    </mem>
    <mem type="tenure" free="2050896176" total="2090532864" percent="98">
      <mem type="soa" free="1946370352" total="1986007040" percent="98" />
      <mem type="loa" free="104525824" total="104525824" percent="100" />
    </mem>
    <remembered-set count="661" />
  </mem-info>
</gc-start>
<allocation-stats totalBytes="1022584" >
  <allocated-bytes non-tlh="368" tlh="1022216" />
  <largest-consumer threadName="PmdThread 2" threadId="00000000025E0800" bytes="446288" />
</allocation-stats>
<gc-op id="2483" type="scavenge" timems="1.749" contextid="2480" timestamp="2019-06-14T19:07:54.957">
  <scavenger-info tenureage="3" tenuremask="7ff8" tiltratio="75" />
  <memory-copied type="nursery" objects="2857" bytes="275136" bytesdiscarded="105520" />
  <memory-copied type="tenure" objects="3429" bytes="124456" bytesdiscarded="288" />
  <references type="weak" candidates="36" cleared="35" enqueued="35" />
  <references type="phantom" candidates="2" cleared="1" enqueued="1" />
</gc-op>
<gc-end id="2484" type="scavenge" contextid="2480" durationms="2.045" usertimems="0.000" systemtimems="4.000" timestamp="2019-06-14T19:07:54.957" activeThreads="4">
  <mem-info id="2485" free="2052005616" total="2092630016" percent="98">
    <mem type="nursery" free="1257664" total="2097152" percent="59">
      <mem type="allocate" free="1257664" total="1638400" percent="76" />
      <mem type="survivor" free="0" total="458752" percent="0" />
    </mem>
    <mem type="tenure" free="2050747952" total="2090532864" percent="98">
      <mem type="soa" free="1946222128" total="1986007040" percent="97" />
      <mem type="loa" free="104525824" total="104525824" percent="100" />
    </mem>
    <pending-finalizers system="0" default="0" reference="36" classloader="0" />
    <remembered-set count="461" />
  </mem-info>
</gc-end>
<cycle-end id="2486" type="scavenge" contextid="2480" timestamp="2019-06-14T19:07:54.957" />
  <attribute name="elasticGC enabled" value="1" />
  <attribute name= "numThreadsSpecified" value="4" />
  <attribute name="heapSize specified" value="8388608" />
  <attribute name="Current GC Util" value="63" />
  <attribute name= "Current Time Running" value="2945" />
  <attribute name ="GC Interval" value="368" />
  <attribute name="ProportionalT" value="21.500000" />
  <attribute name="ProportionalI" value="21.500000" />
  <attribute name="ProportionalH" value="21.500000" />
  <attribute name="Current Error" value="43.000000" />
  <attribute name="IntegralT" value="344.000000" />
  <attribute name="IntegralI" value="344.000000" />
  <attribute name="IntegralH" value="344.000000" />
  <attribute name="DerivativeT" value="0.937500" />
  <attribute name="DerivativeI" value="0.937500" />
  <attribute name="DerivativeH" value="0.937500" />
  <attribute name="Loop Time for DT" value="8.000000" />
  <attribute name="Output H" value="8388608"/>
  <attribute name="Output I" value="368"/>
  <attribute name="Output T" value="4"/>
  <attribute name="Target GC Util Change" value ="20.000000" />
  <attribute name="Current GC Util Change" value="63.000000"/>
  <attribute name="GC Util currently" value="63" />
  <attribute name="CPU Util currently" value="569513328483" />
<allocation-satisfied id="2487" threadId="00000000025E0800" bytesRequested="72" />
<af-end id="2488" timestamp="2019-06-14T19:07:54.958" threadId="00000000025E1188" success="true" from="nursery"/>
<exclusive-end id="2489" timestamp="2019-06-14T19:07:54.958" durationms="2.781" />

<exclusive-start id="2490" timestamp="2019-06-14T19:07:54.969" intervalms="14.305">
  <response-info timems="0.266" idlems="0.103" threads="2" lastid="00000000022D3F00" lastname="JIT Compilation Thread-1" />
</exclusive-start>
<af-start id="2491" threadId="00000000025DE088" totalBytesRequested="24" timestamp="2019-06-14T19:07:54.969" intervalms="14.203" type="nursery" />
<cycle-start id="2492" type="scavenge" contextid="0" timestamp="2019-06-14T19:07:54.969" intervalms="14.203" />
<gc-start id="2493" type="scavenge" contextid="2492" timestamp="2019-06-14T19:07:54.969">
  <mem-info id="2494" free="2050746872" total="2092630016" percent="97">
    <mem type="nursery" free="0" total="2097152" percent="0">
      <mem type="allocate" free="0" total="1638400" percent="0" />
      <mem type="survivor" free="0" total="458752" percent="0" />
    </mem>
    <mem type="tenure" free="2050746872" total="2090532864" percent="98">
      <mem type="soa" free="1946221048" total="1986007040" percent="97" />
      <mem type="loa" free="104525824" total="104525824" percent="100" />
    </mem>
    <remembered-set count="655" />
  </mem-info>
</gc-start>
<allocation-stats totalBytes="1257936" >
  <allocated-bytes non-tlh="33936" tlh="1224000" />
  <largest-consumer threadName="PmdThread 1" threadId="00000000025DCC00" bytes="376992" />
</allocation-stats>
<gc-op id="2495" type="scavenge" timems="0.481" contextid="2492" timestamp="2019-06-14T19:07:54.970">
  <scavenger-info tenureage="3" tenuremask="7ff8" tiltratio="78" />
  <memory-copied type="nursery" objects="4290" bytes="361744" bytesdiscarded="96880" />
  <memory-copied type="tenure" objects="179" bytes="29560" bytesdiscarded="0" />
  <copy-failed type="nursery" objects="99" bytes="27072" />
  <references type="weak" candidates="52" cleared="51" enqueued="51" />
  <references type="phantom" candidates="3" cleared="2" enqueued="2" />
</gc-op>
<gc-end id="2496" type="scavenge" contextid="2492" durationms="0.677" usertimems="4.000" systemtimems="0.000" timestamp="2019-06-14T19:07:54.970" activeThreads="4">
  <mem-info id="2497" free="2051795448" total="2092630016" percent="98">
    <mem type="nursery" free="1048576" total="2097152" percent="50">
      <mem type="allocate" free="1048576" total="1507328" percent="69" />
      <mem type="survivor" free="0" total="589824" percent="0" />
    </mem>
    <mem type="tenure" free="2050746872" total="2090532864" percent="98">
      <mem type="soa" free="1946221048" total="1986007040" percent="97" />
      <mem type="loa" free="104525824" total="104525824" percent="100" />
    </mem>
    <pending-finalizers system="0" default="0" reference="53" classloader="0" />
    <remembered-set count="645" />
  </mem-info>
</gc-end>
<cycle-end id="2498" type="scavenge" contextid="2492" timestamp="2019-06-14T19:07:54.970" />
  <attribute name="elasticGC enabled" value="1" />
  <attribute name= "numThreadsSpecified" value="4" />
  <attribute name="heapSize specified" value="8388608" />
  <attribute name="Current GC Util" value="24" />
  <attribute name= "Current Time Running" value="2959" />
  <attribute name ="GC Interval" value="200" />
  <attribute name="ProportionalT" value="2.000000" />
  <attribute name="ProportionalI" value="2.000000" />
  <attribute name="ProportionalH" value="2.000000" />
  <attribute name="Current Error" value="4.000000" />
  <attribute name="IntegralT" value="56.000000" />
  <attribute name="IntegralI" value="56.000000" />
  <attribute name="IntegralH" value="56.000000" />
  <attribute name="DerivativeT" value="-1.392857" />
  <attribute name="DerivativeI" value="-1.392857" />
  <attribute name="DerivativeH" value="-1.392857" />
  <attribute name="Loop Time for DT" value="14.000000" />
  <attribute name="Output H" value="8388608"/>
  <attribute name="Output I" value="200"/>
  <attribute name="Output T" value="4"/>
  <attribute name="Target GC Util Change" value ="20.000000" />
  <attribute name="Current GC Util Change" value="24.000000"/>
  <attribute name="GC Util currently" value="24" />
  <attribute name="CPU Util currently" value="326503295594" />
<allocation-satisfied id="2499" threadId="00000000025DD700" bytesRequested="24" />
<af-end id="2500" timestamp="2019-06-14T19:07:54.970" threadId="00000000025DE088" success="true" from="nursery"/>
<exclusive-end id="2501" timestamp="2019-06-14T19:07:54.970" durationms="1.232" />

<exclusive-start id="2502" timestamp="2019-06-14T19:07:54.975" intervalms="6.346">
  <response-info timems="0.071" idlems="0.038" threads="1" lastid="00000000022D7B00" lastname="JIT Compilation Thread-2" />
</exclusive-start>
<af-start id="2503" threadId="00000000025E1188" totalBytesRequested="72" timestamp="2019-06-14T19:07:54.976" intervalms="6.391" type="nursery" />
<cycle-start id="2504" type="scavenge" contextid="0" timestamp="2019-06-14T19:07:54.976" intervalms="6.375" />
<gc-start id="2505" type="scavenge" contextid="2504" timestamp="2019-06-14T19:07:54.976">
  <mem-info id="2506" free="2050745984" total="2092630016" percent="97">
    <mem type="nursery" free="0" total="2097152" percent="0">
      <mem type="allocate" free="0" total="1507328" percent="0" />
      <mem type="survivor" free="0" total="589824" percent="0" />
    </mem>
    <mem type="tenure" free="2050745984" total="2090532864" percent="98">
      <mem type="soa" free="1946220160" total="1986007040" percent="97" />
      <mem type="loa" free="104525824" total="104525824" percent="100" />
    </mem>
    <remembered-set count="814" />
  </mem-info>
</gc-start>
<allocation-stats totalBytes="1048048" >
  <allocated-bytes non-tlh="912" tlh="1047136" />
  <largest-consumer threadName="PmdThread 3" threadId="00000000025DD700" bytes="323272" />
</allocation-stats>
<gc-op id="2507" type="scavenge" timems="1.686" contextid="2504" timestamp="2019-06-14T19:07:54.977">
  <scavenger-info tenureage="3" tenuremask="7ff8" tiltratio="71" />
  <memory-copied type="nursery" objects="4626" bytes="325032" bytesdiscarded="156352" />
  <memory-copied type="tenure" objects="573" bytes="14880" bytesdiscarded="0" />
  <references type="weak" candidates="25" cleared="25" enqueued="25" />
  <references type="phantom" candidates="2" cleared="2" enqueued="2" />
</gc-op>
<gc-end id="2508" type="scavenge" contextid="2504" durationms="1.903" usertimems="8.000" systemtimems="0.000" timestamp="2019-06-14T19:07:54.978" activeThreads="4">
  <mem-info id="2509" free="2051837240" total="2092630016" percent="98">
    <mem type="nursery" free="1091256" total="2097152" percent="52">
      <mem type="allocate" free="1091256" total="1572864" percent="69" />
      <mem type="survivor" free="0" total="524288" percent="0" />
    </mem>
    <mem type="tenure" free="2050745984" total="2090532864" percent="98">
      <mem type="soa" free="1946220160" total="1986007040" percent="97" />
      <mem type="loa" free="104525824" total="104525824" percent="100" />
    </mem>
    <pending-finalizers system="0" default="0" reference="27" classloader="0" />
    <remembered-set count="624" />
  </mem-info>
</gc-end>
<cycle-end id="2510" type="scavenge" contextid="2504" timestamp="2019-06-14T19:07:54.978" />
  <attribute name="elasticGC enabled" value="1" />
  <attribute name= "numThreadsSpecified" value="4" />
  <attribute name="heapSize specified" value="8388608" />
  <attribute name="Current GC Util" value="18" />
  <attribute name= "Current Time Running" value="2966" />
  <attribute name ="GC Interval" value="200" />
  <attribute name="ProportionalT" value="-1.000000" />
  <attribute name="ProportionalI" value="-1.000000" />
  <attribute name="ProportionalH" value="-1.000000" />
  <attribute name="Current Error" value="-2.000000" />
  <attribute name="IntegralT" value="-14.000000" />
  <attribute name="IntegralI" value="-14.000000" />
  <attribute name="IntegralH" value="-14.000000" />
  <attribute name="DerivativeT" value="-0.428571" />
  <attribute name="DerivativeI" value="-0.428571" />
  <attribute name="DerivativeH" value="-0.428571" />
  <attribute name="Loop Time for DT" value="7.000000" />
  <attribute name="Output H" value="2092630016"/>
  <attribute name="Output I" value="200"/>
  <attribute name="Output T" value="4"/>
  <attribute name="Target GC Util Change" value ="20.000000" />
  <attribute name="Current GC Util Change" value="18.000000"/>
  <attribute name="GC Util currently" value="18" />
  <attribute name="CPU Util currently" value="723828074888" />
<allocation-satisfied id="2511" threadId="00000000025E0800" bytesRequested="72" />
<af-end id="2512" timestamp="2019-06-14T19:07:54.978" threadId="00000000025E1188" success="true" from="nursery"/>
<exclusive-end id="2513" timestamp="2019-06-14T19:07:54.978" durationms="2.423" />

<exclusive-start id="2514" timestamp="2019-06-14T19:07:54.981" intervalms="5.390">
  <response-info timems="0.062" idlems="0.032" threads="1" lastid="00000000025DE300" lastname="PmdThread 4" />
</exclusive-start>
<af-start id="2515" threadId="00000000025DD588" totalBytesRequested="480" timestamp="2019-06-14T19:07:54.981" intervalms="5.454" type="nursery" />
<cycle-start id="2516" type="scavenge" contextid="0" timestamp="2019-06-14T19:07:54.981" intervalms="5.486" />
<gc-start id="2517" type="scavenge" contextid="2516" timestamp="2019-06-14T19:07:54.981">
  <mem-info id="2518" free="2050745808" total="2092630016" percent="97">
    <mem type="nursery" free="0" total="2097152" percent="0">
      <mem type="allocate" free="0" total="1572864" percent="0" />
      <mem type="survivor" free="0" total="524288" percent="0" />
    </mem>
    <mem type="tenure" free="2050745808" total="2090532864" percent="98">
      <mem type="soa" free="1946219984" total="1986007040" percent="97" />
      <mem type="loa" free="104525824" total="104525824" percent="100" />
    </mem>
    <remembered-set count="744" />
  </mem-info>
</gc-start>
<allocation-stats totalBytes="1089872" >
  <allocated-bytes non-tlh="16640" tlh="1073232" />
  <largest-consumer threadName="PmdThread 1" threadId="00000000025DCC00" bytes="406008" />
</allocation-stats>
<gc-op id="2519" type="scavenge" timems="0.694" contextid="2516" timestamp="2019-06-14T19:07:54.982">
  <scavenger-info tenureage="3" tenuremask="7ff8" tiltratio="75" />
  <memory-copied type="nursery" objects="6179" bytes="392032" bytesdiscarded="131664" />
  <memory-copied type="tenure" objects="689" bytes="18056" bytesdiscarded="0" />
  <references type="weak" candidates="42" cleared="42" enqueued="42" />
</gc-op>
<gc-end id="2520" type="scavenge" contextid="2516" durationms="1.017" usertimems="0.000" systemtimems="0.000" timestamp="2019-06-14T19:07:54.982" activeThreads="4">
  <mem-info id="2521" free="2051794384" total="2092630016" percent="98">
    <mem type="nursery" free="1048576" total="2097152" percent="50">
      <mem type="allocate" free="1048576" total="1572864" percent="66" />
      <mem type="survivor" free="0" total="524288" percent="0" />
    </mem>
    <mem type="tenure" free="2050745808" total="2090532864" percent="98">
      <mem type="soa" free="1946219984" total="1986007040" percent="97" />
      <mem type="loa" free="104525824" total="104525824" percent="100" />
    </mem>
    <pending-finalizers system="0" default="0" reference="42" classloader="0" />
    <remembered-set count="542" />
  </mem-info>
</gc-end>
<cycle-end id="2522" type="scavenge" contextid="2516" timestamp="2019-06-14T19:07:54.982" />
  <attribute name="elasticGC enabled" value="1" />
  <attribute name= "numThreadsSpecified" value="4" />
  <attribute name="heapSize specified" value="8388608" />
  <attribute name="Current GC Util" value="68" />
  <attribute name= "Current Time Running" value="2971" />
  <attribute name ="GC Interval" value="272" />
  <attribute name="ProportionalT" value="24.000000" />
  <attribute name="ProportionalI" value="24.000000" />
  <attribute name="ProportionalH" value="24.000000" />
  <attribute name="Current Error" value="48.000000" />
  <attribute name="IntegralT" value="240.000000" />
  <attribute name="IntegralI" value="240.000000" />
  <attribute name="IntegralH" value="240.000000" />
  <attribute name="DerivativeT" value="4.800000" />
  <attribute name="DerivativeI" value="4.800000" />
  <attribute name="DerivativeH" value="4.800000" />
  <attribute name="Loop Time for DT" value="5.000000" />
  <attribute name="Output H" value="8388608"/>
  <attribute name="Output I" value="272"/>
  <attribute name="Output T" value="4"/>
  <attribute name="Target GC Util Change" value ="20.000000" />
  <attribute name="Current GC Util Change" value="68.000000"/>
  <attribute name="GC Util currently" value="68" />
  <attribute name="CPU Util currently" value="814075713604" />
<allocation-satisfied id="2523" threadId="00000000025DCC00" bytesRequested="480" />
<af-end id="2524" timestamp="2019-06-14T19:07:54.983" threadId="00000000025DD588" success="true" from="nursery"/>
<exclusive-end id="2525" timestamp="2019-06-14T19:07:54.983" durationms="1.809" />

<exclusive-start id="2526" timestamp="2019-06-14T19:07:54.988" intervalms="7.626">
  <response-info timems="0.470" idlems="0.320" threads="4" lastid="00000000025DCC00" lastname="PmdThread 1" />
</exclusive-start>
<af-start id="2527" threadId="00000000025DEC88" totalBytesRequested="32" timestamp="2019-06-14T19:07:54.989" intervalms="7.673" type="nursery" />
<cycle-start id="2528" type="scavenge" contextid="0" timestamp="2019-06-14T19:07:54.989" intervalms="7.776" />
<gc-start id="2529" type="scavenge" contextid="2528" timestamp="2019-06-14T19:07:54.989">
  <mem-info id="2530" free="2050745328" total="2092630016" percent="97">
    <mem type="nursery" free="0" total="2097152" percent="0">
      <mem type="allocate" free="0" total="1572864" percent="0" />
      <mem type="survivor" free="0" total="524288" percent="0" />
    </mem>
    <mem type="tenure" free="2050745328" total="2090532864" percent="98">
      <mem type="soa" free="1946219504" total="1986007040" percent="97" />
      <mem type="loa" free="104525824" total="104525824" percent="100" />
    </mem>
    <remembered-set count="669" />
  </mem-info>
</gc-start>
<allocation-stats totalBytes="1047064" >
  <allocated-bytes non-tlh="17352" tlh="1029712" />
  <largest-consumer threadName="PmdThread 1" threadId="00000000025DCC00" bytes="551952" />
</allocation-stats>
<gc-op id="2531" type="scavenge" timems="1.427" contextid="2528" timestamp="2019-06-14T19:07:54.991">
  <scavenger-info tenureage="3" tenuremask="7ff8" tiltratio="75" />
  <memory-copied type="nursery" objects="5235" bytes="301944" bytesdiscarded="177288" />
  <memory-copied type="tenure" objects="2222" bytes="197800" bytesdiscarded="432" />
  <references type="weak" candidates="30" cleared="30" enqueued="30" />
  <references type="phantom" candidates="2" cleared="2" enqueued="2" />
</gc-op>
<gc-end id="2532" type="scavenge" contextid="2528" durationms="1.874" usertimems="4.000" systemtimems="0.000" timestamp="2019-06-14T19:07:54.991" activeThreads="4">
  <mem-info id="2533" free="2051618720" total="2092630016" percent="98">
    <mem type="nursery" free="1093584" total="2097152" percent="52">
      <mem type="allocate" free="1093584" total="1572864" percent="69" />
      <mem type="survivor" free="0" total="524288" percent="0" />
    </mem>
    <mem type="tenure" free="2050525136" total="2090532864" percent="98">
      <mem type="soa" free="1945999312" total="1986007040" percent="97" />
      <mem type="loa" free="104525824" total="104525824" percent="100" />
    </mem>
    <pending-finalizers system="0" default="0" reference="32" classloader="0" />
    <remembered-set count="477" />
  </mem-info>
</gc-end>
<cycle-end id="2534" type="scavenge" contextid="2528" timestamp="2019-06-14T19:07:54.991" />
  <attribute name="elasticGC enabled" value="1" />
  <attribute name= "numThreadsSpecified" value="4" />
  <attribute name="heapSize specified" value="8388608" />
  <attribute name="Current GC Util" value="18" />
  <attribute name= "Current Time Running" value="2979" />
  <attribute name ="GC Interval" value="200" />
  <attribute name="ProportionalT" value="-1.000000" />
  <attribute name="ProportionalI" value="-1.000000" />
  <attribute name="ProportionalH" value="-1.000000" />
  <attribute name="Current Error" value="-2.000000" />
  <attribute name="IntegralT" value="-16.000000" />
  <attribute name="IntegralI" value="-16.000000" />
  <attribute name="IntegralH" value="-16.000000" />
  <attribute name="DerivativeT" value="-3.125000" />
  <attribute name="DerivativeI" value="-3.125000" />
  <attribute name="DerivativeH" value="-3.125000" />
  <attribute name="Loop Time for DT" value="8.000000" />
  <attribute name="Output H" value="2092630016"/>
  <attribute name="Output I" value="200"/>
  <attribute name="Output T" value="4"/>
  <attribute name="Target GC Util Change" value ="20.000000" />
  <attribute name="Current GC Util Change" value="18.000000"/>
  <attribute name="GC Util currently" value="18" />
  <attribute name="CPU Util currently" value="587321050768" />
<allocation-satisfied id="2535" threadId="00000000025DE300" bytesRequested="32" />
<af-end id="2536" timestamp="2019-06-14T19:07:54.991" threadId="00000000025DEC88" success="true" from="nursery"/>
<exclusive-end id="2537" timestamp="2019-06-14T19:07:54.991" durationms="3.033" />

<exclusive-start id="2538" timestamp="2019-06-14T19:07:54.996" intervalms="7.331">
  <response-info timems="0.283" idlems="0.283" threads="0" lastid="00000000025DCC00" lastname="PmdThread 1" />
</exclusive-start>
<af-start id="2539" threadId="00000000025DD588" totalBytesRequested="48" timestamp="2019-06-14T19:07:54.996" intervalms="7.284" type="nursery" />
<cycle-start id="2540" type="scavenge" contextid="0" timestamp="2019-06-14T19:07:54.996" intervalms="7.169" />
<gc-start id="2541" type="scavenge" contextid="2540" timestamp="2019-06-14T19:07:54.996">
  <mem-info id="2542" free="2050525048" total="2092630016" percent="97">
    <mem type="nursery" free="0" total="2097152" percent="0">
      <mem type="allocate" free="0" total="1572864" percent="0" />
      <mem type="survivor" free="0" total="524288" percent="0" />
    </mem>
    <mem type="tenure" free="2050525048" total="2090532864" percent="98">
      <mem type="soa" free="1945999224" total="1986007040" percent="97" />
      <mem type="loa" free="104525824" total="104525824" percent="100" />
    </mem>
    <remembered-set count="786" />
  </mem-info>
</gc-start>
<allocation-stats totalBytes="1092008" >
  <allocated-bytes non-tlh="120" tlh="1091888" />
  <largest-consumer threadName="PmdThread 1" threadId="00000000025DCC00" bytes="645656" />
</allocation-stats>
<gc-op id="2543" type="scavenge" timems="0.808" contextid="2540" timestamp="2019-06-14T19:07:54.997">
  <scavenger-info tenureage="3" tenuremask="7ff8" tiltratio="75" />
  <memory-copied type="nursery" objects="4340" bytes="272968" bytesdiscarded="181208" />
  <memory-copied type="tenure" objects="1389" bytes="41904" bytesdiscarded="32" />
  <references type="weak" candidates="65" cleared="63" enqueued="63" />
  <references type="phantom" candidates="1" cleared="0" enqueued="0" />
</gc-op>
<gc-end id="2544" type="scavenge" contextid="2540" durationms="1.135" usertimems="0.000" systemtimems="0.000" timestamp="2019-06-14T19:07:54.997" activeThreads="4">
  <mem-info id="2545" free="2051669840" total="2092630016" percent="98">
    <mem type="nursery" free="1183960" total="2097152" percent="56">
      <mem type="allocate" free="1183960" total="1638400" percent="72" />
      <mem type="survivor" free="0" total="458752" percent="0" />
    </mem>
    <mem type="tenure" free="2050485880" total="2090532864" percent="98">
      <mem type="soa" free="1945960056" total="1986007040" percent="97" />
      <mem type="loa" free="104525824" total="104525824" percent="100" />
    </mem>
    <pending-finalizers system="0" default="0" reference="63" classloader="0" />
    <remembered-set count="383" />
  </mem-info>
</gc-end>
<cycle-end id="2546" type="scavenge" contextid="2540" timestamp="2019-06-14T19:07:54.997" />
  <attribute name="elasticGC enabled" value="1" />
  <attribute name= "numThreadsSpecified" value="4" />
  <attribute name="heapSize specified" value="8388608" />
  <attribute name="Current GC Util" value="45" />
  <attribute name= "Current Time Running" value="2986" />
  <attribute name ="GC Interval" value="200" />
  <attribute name="ProportionalT" value="12.500000" />
  <attribute name="ProportionalI" value="12.500000" />
  <attribute name="ProportionalH" value="12.500000" />
  <attribute name="Current Error" value="25.000000" />
  <attribute name="IntegralT" value="175.000000" />
  <attribute name="IntegralI" value="175.000000" />
  <attribute name="IntegralH" value="175.000000" />
  <attribute name="DerivativeT" value="1.785714" />
  <attribute name="DerivativeI" value="1.785714" />
  <attribute name="DerivativeH" value="1.785714" />
  <attribute name="Loop Time for DT" value="7.000000" />
  <attribute name="Output H" value="8388608"/>
  <attribute name="Output I" value="200"/>
  <attribute name="Output T" value="4"/>
  <attribute name="Target GC Util Change" value ="20.000000" />
  <attribute name="Current GC Util Change" value="45.000000"/>
  <attribute name="GC Util currently" value="45" />
  <attribute name="CPU Util currently" value="651997422693" />
<allocation-satisfied id="2547" threadId="00000000025DCC00" bytesRequested="48" />
<af-end id="2548" timestamp="2019-06-14T19:07:54.998" threadId="00000000025DD588" success="true" from="nursery"/>
<exclusive-end id="2549" timestamp="2019-06-14T19:07:54.998" durationms="1.872" />

<exclusive-start id="2550" timestamp="2019-06-14T19:07:55.004" intervalms="8.227">
  <response-info timems="0.716" idlems="0.375" threads="1" lastid="00000000025E0800" lastname="PmdThread 2" />
</exclusive-start>
<af-start id="2551" threadId="00000000025DD588" totalBytesRequested="24" timestamp="2019-06-14T19:07:55.004" intervalms="8.208" type="nursery" />
<cycle-start id="2552" type="scavenge" contextid="0" timestamp="2019-06-14T19:07:55.004" intervalms="8.239" />
<gc-start id="2553" type="scavenge" contextid="2552" timestamp="2019-06-14T19:07:55.004">
  <mem-info id="2554" free="2050485880" total="2092630016" percent="97">
    <mem type="nursery" free="0" total="2097152" percent="0">
      <mem type="allocate" free="0" total="1638400" percent="0" />
      <mem type="survivor" free="0" total="458752" percent="0" />
    </mem>
    <mem type="tenure" free="2050485880" total="2090532864" percent="98">
      <mem type="soa" free="1945960056" total="1986007040" percent="97" />
      <mem type="loa" free="104525824" total="104525824" percent="100" />
    </mem>
    <remembered-set count="474" />
  </mem-info>
</gc-start>
<allocation-stats totalBytes="1183080" >
  <allocated-bytes non-tlh="32832" tlh="1150248" />
  <largest-consumer threadName="PmdThread 1" threadId="00000000025DCC00" bytes="761344" />
</allocation-stats>
<gc-op id="2555" type="scavenge" timems="0.595" contextid="2552" timestamp="2019-06-14T19:07:55.005">
  <scavenger-info tenureage="3" tenuremask="7ff8" tiltratio="78" />
  <memory-copied type="nursery" objects="3519" bytes="245808" bytesdiscarded="161216" />
  <memory-copied type="tenure" objects="2374" bytes="146152" bytesdiscarded="688" />
  <references type="weak" candidates="25" cleared="24" enqueued="24" />
  <references type="phantom" candidates="2" cleared="1" enqueued="1" />
</gc-op>
<gc-end id="2556" type="scavenge" contextid="2552" durationms="0.984" usertimems="0.000" systemtimems="0.000" timestamp="2019-06-14T19:07:55.005" activeThreads="4">
  <mem-info id="2557" free="2051581488" total="2092630016" percent="98">
    <mem type="nursery" free="1231328" total="2097152" percent="58">
      <mem type="allocate" free="1231328" total="1638400" percent="75" />
      <mem type="survivor" free="0" total="458752" percent="0" />
    </mem>
    <mem type="tenure" free="2050350160" total="2090532864" percent="98">
      <mem type="soa" free="1945824336" total="1986007040" percent="97" />
      <mem type="loa" free="104525824" total="104525824" percent="100" />
    </mem>
    <pending-finalizers system="0" default="0" reference="25" classloader="0" />
    <remembered-set count="447" />
  </mem-info>
</gc-end>
<cycle-end id="2558" type="scavenge" contextid="2552" timestamp="2019-06-14T19:07:55.006" />
  <attribute name="elasticGC enabled" value="1" />
  <attribute name= "numThreadsSpecified" value="4" />
  <attribute name="heapSize specified" value="8388608" />
  <attribute name="Current GC Util" value="19" />
  <attribute name= "Current Time Running" value="2995" />
  <attribute name ="GC Interval" value="200" />
  <attribute name="ProportionalT" value="-0.500000" />
  <attribute name="ProportionalI" value="-0.500000" />
  <attribute name="ProportionalH" value="-0.500000" />
  <attribute name="Current Error" value="-1.000000" />
  <attribute name="IntegralT" value="-9.000000" />
  <attribute name="IntegralI" value="-9.000000" />
  <attribute name="IntegralH" value="-9.000000" />
  <attribute name="DerivativeT" value="-1.444444" />
  <attribute name="DerivativeI" value="-1.444444" />
  <attribute name="DerivativeH" value="-1.444444" />
  <attribute name="Loop Time for DT" value="9.000000" />
  <attribute name="Output H" value="2092630016"/>
  <attribute name="Output I" value="200"/>
  <attribute name="Output T" value="4"/>
  <attribute name="Target GC Util Change" value ="20.000000" />
  <attribute name="Current GC Util Change" value="19.000000"/>
  <attribute name="GC Util currently" value="19" />
  <attribute name="CPU Util currently" value="554393731581" />
<allocation-satisfied id="2559" threadId="00000000025DCC00" bytesRequested="24" />
<af-end id="2560" timestamp="2019-06-14T19:07:55.006" threadId="00000000025DD588" success="true" from="nursery"/>
<exclusive-end id="2561" timestamp="2019-06-14T19:07:55.006" durationms="1.739" />

<exclusive-start id="2562" timestamp="2019-06-14T19:07:55.009" intervalms="4.978">
  <response-info timems="0.113" idlems="0.113" threads="0" lastid="00000000025DCC00" lastname="PmdThread 1" />
</exclusive-start>
<af-start id="2563" threadId="00000000025DD588" totalBytesRequested="24" timestamp="2019-06-14T19:07:55.009" intervalms="4.935" type="nursery" />
<cycle-start id="2564" type="scavenge" contextid="0" timestamp="2019-06-14T19:07:55.009" intervalms="4.879" />
<gc-start id="2565" type="scavenge" contextid="2564" timestamp="2019-06-14T19:07:55.009">
  <mem-info id="2566" free="2050350160" total="2092630016" percent="97">
    <mem type="nursery" free="0" total="2097152" percent="0">
      <mem type="allocate" free="0" total="1638400" percent="0" />
      <mem type="survivor" free="0" total="458752" percent="0" />
    </mem>
    <mem type="tenure" free="2050350160" total="2090532864" percent="98">
      <mem type="soa" free="1945824336" total="1986007040" percent="97" />
      <mem type="loa" free="104525824" total="104525824" percent="100" />
    </mem>
    <remembered-set count="598" />
  </mem-info>
</gc-start>
<allocation-stats totalBytes="1230688" >
  <allocated-bytes non-tlh="24" tlh="1230664" />
  <largest-consumer threadName="PmdThread 1" threadId="00000000025DCC00" bytes="493960" />
</allocation-stats>
<gc-op id="2567" type="scavenge" timems="0.513" contextid="2564" timestamp="2019-06-14T19:07:55.010">
  <scavenger-info tenureage="3" tenuremask="7ff8" tiltratio="78" />
  <memory-copied type="nursery" objects="2853" bytes="163040" bytesdiscarded="204568" />
  <memory-copied type="tenure" objects="676" bytes="19240" bytesdiscarded="24" />
  <references type="weak" candidates="4" cleared="3" enqueued="3" />
  <references type="phantom" candidates="2" cleared="1" enqueued="1" />
</gc-op>
<gc-end id="2568" type="scavenge" contextid="2564" durationms="0.804" usertimems="4.000" systemtimems="0.000" timestamp="2019-06-14T19:07:55.010" activeThreads="4">
  <mem-info id="2569" free="2051646776" total="2092630016" percent="98">
    <mem type="nursery" free="1335784" total="2097152" percent="63">
      <mem type="allocate" free="1335784" total="1703936" percent="78" />
      <mem type="survivor" free="0" total="393216" percent="0" />
    </mem>
    <mem type="tenure" free="2050310992" total="2090532864" percent="98">
      <mem type="soa" free="1945785168" total="1986007040" percent="97" />
      <mem type="loa" free="104525824" total="104525824" percent="100" />
    </mem>
    <pending-finalizers system="0" default="0" reference="4" classloader="0" />
    <remembered-set count="433" />
  </mem-info>
</gc-end>
<cycle-end id="2570" type="scavenge" contextid="2564" timestamp="2019-06-14T19:07:55.010" />
  <attribute name="elasticGC enabled" value="1" />
  <attribute name= "numThreadsSpecified" value="4" />
  <attribute name="heapSize specified" value="8388608" />
  <attribute name="Current GC Util" value="31" />
  <attribute name= "Current Time Running" value="2999" />
  <attribute name ="GC Interval" value="200" />
  <attribute name="ProportionalT" value="5.500000" />
  <attribute name="ProportionalI" value="5.500000" />
  <attribute name="ProportionalH" value="5.500000" />
  <attribute name="Current Error" value="11.000000" />
  <attribute name="IntegralT" value="44.000000" />
  <attribute name="IntegralI" value="44.000000" />
  <attribute name="IntegralH" value="44.000000" />
  <attribute name="DerivativeT" value="1.375000" />
  <attribute name="DerivativeI" value="1.375000" />
  <attribute name="DerivativeH" value="1.375000" />
  <attribute name="Loop Time for DT" value="4.000000" />
  <attribute name="Output H" value="8388608"/>
  <attribute name="Output I" value="200"/>
  <attribute name="Output T" value="4"/>
  <attribute name="Target GC Util Change" value ="20.000000" />
  <attribute name="Current GC Util Change" value="31.000000"/>
  <attribute name="GC Util currently" value="31" />
  <attribute name="CPU Util currently" value="973315371790" />
<allocation-satisfied id="2571" threadId="00000000025DCC00" bytesRequested="24" />
<af-end id="2572" timestamp="2019-06-14T19:07:55.010" threadId="00000000025DD588" success="true" from="nursery"/>
<exclusive-end id="2573" timestamp="2019-06-14T19:07:55.010" durationms="1.308" />

<exclusive-start id="2574" timestamp="2019-06-14T19:07:55.013" intervalms="4.398">
  <response-info timems="0.211" idlems="0.192" threads="1" lastid="00000000025E0800" lastname="PmdThread 2" />
</exclusive-start>
<af-start id="2575" threadId="00000000025DEC88" totalBytesRequested="24" timestamp="2019-06-14T19:07:55.013" intervalms="4.390" type="nursery" />
<cycle-start id="2576" type="scavenge" contextid="0" timestamp="2019-06-14T19:07:55.014" intervalms="4.402" />
<gc-start id="2577" type="scavenge" contextid="2576" timestamp="2019-06-14T19:07:55.014">
  <mem-info id="2578" free="2050310624" total="2092630016" percent="97">
    <mem type="nursery" free="0" total="2097152" percent="0">
      <mem type="allocate" free="0" total="1703936" percent="0" />
      <mem type="survivor" free="0" total="393216" percent="0" />
    </mem>
    <mem type="tenure" free="2050310624" total="2090532864" percent="98">
      <mem type="soa" free="1945784800" total="1986007040" percent="97" />
      <mem type="loa" free="104525824" total="104525824" percent="100" />
    </mem>
    <remembered-set count="580" />
  </mem-info>
</gc-start>
<allocation-stats totalBytes="1335408" >
  <allocated-bytes non-tlh="16784" tlh="1318624" />
  <largest-consumer threadName="PmdThread 1" threadId="00000000025DCC00" bytes="634776" />
</allocation-stats>
<gc-op id="2579" type="scavenge" timems="1.779" contextid="2576" timestamp="2019-06-14T19:07:55.016">
  <scavenger-info tenureage="4" tenuremask="7ff0" tiltratio="81" />
  <memory-copied type="nursery" objects="3377" bytes="236416" bytesdiscarded="150424" />
  <references type="weak" candidates="31" cleared="30" enqueued="30" />
  <references type="phantom" candidates="3" cleared="2" enqueued="2" />
</gc-op>
<gc-end id="2580" type="scavenge" contextid="2576" durationms="2.052" usertimems="4.000" systemtimems="0.000" timestamp="2019-06-14T19:07:55.016" activeThreads="4">
  <mem-info id="2581" free="2051627688" total="2092630016" percent="98">
    <mem type="nursery" free="1317064" total="2097152" percent="62">
      <mem type="allocate" free="1317064" total="1703936" percent="77" />
      <mem type="survivor" free="0" total="393216" percent="0" />
    </mem>
    <mem type="tenure" free="2050310624" total="2090532864" percent="98">
      <mem type="soa" free="1945784800" total="1986007040" percent="97" />
      <mem type="loa" free="104525824" total="104525824" percent="100" />
    </mem>
    <pending-finalizers system="0" default="0" reference="32" classloader="0" />
    <remembered-set count="489" />
  </mem-info>
</gc-end>
<cycle-end id="2582" type="scavenge" contextid="2576" timestamp="2019-06-14T19:07:55.016" />
  <attribute name="elasticGC enabled" value="1" />
  <attribute name= "numThreadsSpecified" value="4" />
  <attribute name="heapSize specified" value="8388608" />
  <attribute name="Current GC Util" value="25" />
  <attribute name= "Current Time Running" value="3004" />
  <attribute name ="GC Interval" value="200" />
  <attribute name="ProportionalT" value="2.500000" />
  <attribute name="ProportionalI" value="2.500000" />
  <attribute name="ProportionalH" value="2.500000" />
  <attribute name="Current Error" value="5.000000" />
  <attribute name="IntegralT" value="25.000000" />
  <attribute name="IntegralI" value="25.000000" />
  <attribute name="IntegralH" value="25.000000" />
  <attribute name="DerivativeT" value="-0.600000" />
  <attribute name="DerivativeI" value="-0.600000" />
  <attribute name="DerivativeH" value="-0.600000" />
  <attribute name="Loop Time for DT" value="5.000000" />
  <attribute name="Output H" value="8388608"/>
  <attribute name="Output I" value="200"/>
  <attribute name="Output T" value="4"/>
  <attribute name="Target GC Util Change" value ="20.000000" />
  <attribute name="Current GC Util Change" value="25.000000"/>
  <attribute name="GC Util currently" value="25" />
  <attribute name="CPU Util currently" value="1051034959929" />
<allocation-satisfied id="2583" threadId="00000000025DE300" bytesRequested="24" />
<af-end id="2584" timestamp="2019-06-14T19:07:55.016" threadId="00000000025DEC88" success="true" from="nursery"/>
<exclusive-end id="2585" timestamp="2019-06-14T19:07:55.016" durationms="2.683" />

<exclusive-start id="2586" timestamp="2019-06-14T19:07:55.021" intervalms="7.571">
  <response-info timems="0.159" idlems="0.159" threads="0" lastid="00000000025E0800" lastname="PmdThread 2" />
</exclusive-start>
<af-start id="2587" threadId="00000000025E1188" totalBytesRequested="24" timestamp="2019-06-14T19:07:55.021" intervalms="7.520" type="nursery" />
<cycle-start id="2588" type="scavenge" contextid="0" timestamp="2019-06-14T19:07:55.021" intervalms="7.491" />
<gc-start id="2589" type="scavenge" contextid="2588" timestamp="2019-06-14T19:07:55.021">
  <mem-info id="2590" free="2050310624" total="2092630016" percent="97">
    <mem type="nursery" free="0" total="2097152" percent="0">
      <mem type="allocate" free="0" total="1703936" percent="0" />
      <mem type="survivor" free="0" total="393216" percent="0" />
    </mem>
    <mem type="tenure" free="2050310624" total="2090532864" percent="98">
      <mem type="soa" free="1945784800" total="1986007040" percent="97" />
      <mem type="loa" free="104525824" total="104525824" percent="100" />
    </mem>
    <remembered-set count="782" />
  </mem-info>
</gc-start>
<allocation-stats totalBytes="1316728" >
  <allocated-bytes non-tlh="24" tlh="1316704" />
  <largest-consumer threadName="PmdThread 1" threadId="00000000025DCC00" bytes="634744" />
</allocation-stats>
<gc-op id="2591" type="scavenge" timems="1.777" contextid="2588" timestamp="2019-06-14T19:07:55.023">
  <scavenger-info tenureage="4" tenuremask="7ff0" tiltratio="81" />
  <memory-copied type="nursery" objects="3555" bytes="236936" bytesdiscarded="119144" />
  <memory-copied type="tenure" objects="454" bytes="12720" bytesdiscarded="0" />
  <references type="weak" candidates="7" cleared="7" enqueued="7" />
  <references type="phantom" candidates="1" cleared="1" enqueued="1" />
</gc-op>
<gc-end id="2592" type="scavenge" contextid="2588" durationms="1.966" usertimems="8.000" systemtimems="0.000" timestamp="2019-06-14T19:07:55.023" activeThreads="4">
  <mem-info id="2593" free="2051658408" total="2092630016" percent="98">
    <mem type="nursery" free="1347784" total="2097152" percent="64">
      <mem type="allocate" free="1347784" total="1703936" percent="79" />
      <mem type="survivor" free="0" total="393216" percent="0" />
    </mem>
    <mem type="tenure" free="2050310624" total="2090532864" percent="98">
      <mem type="soa" free="1945784800" total="1986007040" percent="97" />
      <mem type="loa" free="104525824" total="104525824" percent="100" />
    </mem>
    <pending-finalizers system="0" default="0" reference="8" classloader="0" />
    <remembered-set count="630" />
  </mem-info>
</gc-end>
<cycle-end id="2594" type="scavenge" contextid="2588" timestamp="2019-06-14T19:07:55.023" />
  <attribute name="elasticGC enabled" value="1" />
  <attribute name= "numThreadsSpecified" value="4" />
  <attribute name="heapSize specified" value="8388608" />
  <attribute name="Current GC Util" value="45" />
  <attribute name= "Current Time Running" value="3011" />
  <attribute name ="GC Interval" value="200" />
  <attribute name="ProportionalT" value="12.500000" />
  <attribute name="ProportionalI" value="12.500000" />
  <attribute name="ProportionalH" value="12.500000" />
  <attribute name="Current Error" value="25.000000" />
  <attribute name="IntegralT" value="175.000000" />
  <attribute name="IntegralI" value="175.000000" />
  <attribute name="IntegralH" value="175.000000" />
  <attribute name="DerivativeT" value="1.428571" />
  <attribute name="DerivativeI" value="1.428571" />
  <attribute name="DerivativeH" value="1.428571" />
  <attribute name="Loop Time for DT" value="7.000000" />
  <attribute name="Output H" value="8388608"/>
  <attribute name="Output I" value="200"/>
  <attribute name="Output T" value="4"/>
  <attribute name="Target GC Util Change" value ="20.000000" />
  <attribute name="Current GC Util Change" value="45.000000"/>
  <attribute name="GC Util currently" value="45" />
  <attribute name="CPU Util currently" value="622453278419" />
<allocation-satisfied id="2595" threadId="00000000025E0800" bytesRequested="24" />
<af-end id="2596" timestamp="2019-06-14T19:07:55.023" threadId="00000000025E1188" success="true" from="nursery"/>
<exclusive-end id="2597" timestamp="2019-06-14T19:07:55.023" durationms="2.447" />

<exclusive-start id="2598" timestamp="2019-06-14T19:07:55.036" intervalms="14.701">
  <response-info timems="2.724" idlems="1.370" threads="1" lastid="00000000025E0800" lastname="PmdThread 2" />
</exclusive-start>
<af-start id="2599" threadId="00000000025DE088" totalBytesRequested="24" timestamp="2019-06-14T19:07:55.036" intervalms="14.722" type="nursery" />
<cycle-start id="2600" type="scavenge" contextid="0" timestamp="2019-06-14T19:07:55.036" intervalms="14.722" />
<gc-start id="2601" type="scavenge" contextid="2600" timestamp="2019-06-14T19:07:55.036">
  <mem-info id="2602" free="2050310624" total="2092630016" percent="97">
    <mem type="nursery" free="0" total="2097152" percent="0">
      <mem type="allocate" free="0" total="1703936" percent="0" />
      <mem type="survivor" free="0" total="393216" percent="0" />
    </mem>
    <mem type="tenure" free="2050310624" total="2090532864" percent="98">
      <mem type="soa" free="1945784800" total="1986007040" percent="97" />
      <mem type="loa" free="104525824" total="104525824" percent="100" />
    </mem>
    <remembered-set count="654" />
  </mem-info>
</gc-start>
<allocation-stats totalBytes="1342928" >
  <allocated-bytes non-tlh="49200" tlh="1293728" />
  <largest-consumer threadName="PmdThread 3" threadId="00000000025DD700" bytes="835368" />
</allocation-stats>
<gc-op id="2603" type="scavenge" timems="0.652" contextid="2600" timestamp="2019-06-14T19:07:55.037">
  <scavenger-info tenureage="4" tenuremask="7ff0" tiltratio="81" />
  <memory-copied type="nursery" objects="3890" bytes="370672" bytesdiscarded="21904" />
  <memory-copied type="tenure" objects="1352" bytes="58448" bytesdiscarded="48" />
  <copy-failed type="nursery" objects="1282" bytes="50344" />
  <references type="weak" candidates="11" cleared="11" enqueued="11" />
  <references type="phantom" candidates="4" cleared="3" enqueued="3" />
</gc-op>
<gc-end id="2604" type="scavenge" contextid="2600" durationms="0.852" usertimems="0.000" systemtimems="0.000" timestamp="2019-06-14T19:07:55.037" activeThreads="4">
  <mem-info id="2605" free="2051278832" total="2092630016" percent="98">
    <mem type="nursery" free="1048576" total="2097152" percent="50">
      <mem type="allocate" free="1048576" total="1441792" percent="72" />
      <mem type="survivor" free="0" total="655360" percent="0" />
    </mem>
    <mem type="tenure" free="2050230256" total="2090532864" percent="98">
      <mem type="soa" free="1945704432" total="1986007040" percent="97" />
      <mem type="loa" free="104525824" total="104525824" percent="100" />
    </mem>
    <pending-finalizers system="0" default="0" reference="14" classloader="0" />
    <remembered-set count="988" />
  </mem-info>
</gc-end>
<cycle-end id="2606" type="scavenge" contextid="2600" timestamp="2019-06-14T19:07:55.037" />
  <attribute name="elasticGC enabled" value="1" />
  <attribute name= "numThreadsSpecified" value="4" />
  <attribute name="heapSize specified" value="8388608" />
  <attribute name="Current GC Util" value="23" />
  <attribute name= "Current Time Running" value="3026" />
  <attribute name ="GC Interval" value="200" />
  <attribute name="ProportionalT" value="1.500000" />
  <attribute name="ProportionalI" value="1.500000" />
  <attribute name="ProportionalH" value="1.500000" />
  <attribute name="Current Error" value="3.000000" />
  <attribute name="IntegralT" value="45.000000" />
  <attribute name="IntegralI" value="45.000000" />
  <attribute name="IntegralH" value="45.000000" />
  <attribute name="DerivativeT" value="-0.733333" />
  <attribute name="DerivativeI" value="-0.733333" />
  <attribute name="DerivativeH" value="-0.733333" />
  <attribute name="Loop Time for DT" value="15.000000" />
  <attribute name="Output H" value="8388608"/>
  <attribute name="Output I" value="200"/>
  <attribute name="Output T" value="4"/>
  <attribute name="Target GC Util Change" value ="20.000000" />
  <attribute name="Current GC Util Change" value="23.000000"/>
  <attribute name="GC Util currently" value="23" />
  <attribute name="CPU Util currently" value="312720218677" />
<allocation-satisfied id="2607" threadId="00000000025DD700" bytesRequested="24" />
<af-end id="2608" timestamp="2019-06-14T19:07:55.037" threadId="00000000025DE088" success="true" from="nursery"/>
<exclusive-end id="2609" timestamp="2019-06-14T19:07:55.037" durationms="1.412" />

<exclusive-start id="2610" timestamp="2019-06-14T19:07:55.039" intervalms="3.743">
  <response-info timems="0.071" idlems="0.071" threads="0" lastid="00000000025DCC00" lastname="PmdThread 1" />
</exclusive-start>
<af-start id="2611" threadId="00000000025DD588" totalBytesRequested="56" timestamp="2019-06-14T19:07:55.039" intervalms="3.739" type="nursery" />
<cycle-start id="2612" type="scavenge" contextid="0" timestamp="2019-06-14T19:07:55.040" intervalms="3.759" />
<gc-start id="2613" type="scavenge" contextid="2612" timestamp="2019-06-14T19:07:55.040">
  <mem-info id="2614" free="2050230256" total="2092630016" percent="97">
    <mem type="nursery" free="0" total="2097152" percent="0">
      <mem type="allocate" free="0" total="1441792" percent="0" />
      <mem type="survivor" free="0" total="655360" percent="0" />
    </mem>
    <mem type="tenure" free="2050230256" total="2090532864" percent="98">
      <mem type="soa" free="1945704432" total="1986007040" percent="97" />
      <mem type="loa" free="104525824" total="104525824" percent="100" />
    </mem>
    <remembered-set count="993" />
  </mem-info>
</gc-start>
<allocation-stats totalBytes="1048192" >
  <allocated-bytes non-tlh="24" tlh="1048168" />
  <largest-consumer threadName="PmdThread 4" threadId="00000000025DE300" bytes="483152" />
</allocation-stats>
<gc-op id="2615" type="scavenge" timems="0.545" contextid="2612" timestamp="2019-06-14T19:07:55.040">
  <scavenger-info tenureage="4" tenuremask="7ff0" tiltratio="68" />
  <memory-copied type="nursery" objects="9420" bytes="581784" bytesdiscarded="73480" />
  <memory-copied type="tenure" objects="759" bytes="86792" bytesdiscarded="0" />
  <copy-failed type="nursery" objects="187" bytes="71312" />
  <references type="phantom" candidates="2" cleared="0" enqueued="0" />
</gc-op>
<gc-end id="2616" type="scavenge" contextid="2612" durationms="0.761" usertimems="0.000" systemtimems="0.000" timestamp="2019-06-14T19:07:55.040" activeThreads="4">
  <mem-info id="2617" free="2050633440" total="2092630016" percent="97">
    <mem type="nursery" free="458752" total="2097152" percent="21">
      <mem type="allocate" free="458752" total="1114112" percent="41" />
      <mem type="survivor" free="0" total="983040" percent="0" />
    </mem>
    <mem type="tenure" free="2050174688" total="2090532864" percent="98">
      <mem type="soa" free="1945648864" total="1986007040" percent="97" />
      <mem type="loa" free="104525824" total="104525824" percent="100" />
    </mem>
    <remembered-set count="868" />
  </mem-info>
</gc-end>
<cycle-end id="2618" type="scavenge" contextid="2612" timestamp="2019-06-14T19:07:55.040" />
  <attribute name="elasticGC enabled" value="1" />
  <attribute name= "numThreadsSpecified" value="4" />
  <attribute name="heapSize specified" value="8388608" />
  <attribute name="Current GC Util" value="38" />
  <attribute name= "Current Time Running" value="3030" />
  <attribute name ="GC Interval" value="200" />
  <attribute name="ProportionalT" value="9.000000" />
  <attribute name="ProportionalI" value="9.000000" />
  <attribute name="ProportionalH" value="9.000000" />
  <attribute name="Current Error" value="18.000000" />
  <attribute name="IntegralT" value="72.000000" />
  <attribute name="IntegralI" value="72.000000" />
  <attribute name="IntegralH" value="72.000000" />
  <attribute name="DerivativeT" value="1.875000" />
  <attribute name="DerivativeI" value="1.875000" />
  <attribute name="DerivativeH" value="1.875000" />
  <attribute name="Loop Time for DT" value="4.000000" />
  <attribute name="Output H" value="8388608"/>
  <attribute name="Output I" value="200"/>
  <attribute name="Output T" value="4"/>
  <attribute name="Target GC Util Change" value ="20.000000" />
  <attribute name="Current GC Util Change" value="38.000000"/>
  <attribute name="GC Util currently" value="38" />
  <attribute name="CPU Util currently" value="1219732662117" />
<allocation-satisfied id="2619" threadId="00000000025DCC00" bytesRequested="56" />
<af-end id="2620" timestamp="2019-06-14T19:07:55.041" threadId="00000000025DD588" success="true" from="nursery"/>
<exclusive-end id="2621" timestamp="2019-06-14T19:07:55.041" durationms="1.274" />

<exclusive-start id="2622" timestamp="2019-06-14T19:07:55.041" intervalms="1.961">
  <response-info timems="0.022" idlems="0.022" threads="0" lastid="00000000025DE300" lastname="PmdThread 4" />
</exclusive-start>
<af-start id="2623" threadId="00000000025DEC88" totalBytesRequested="56" timestamp="2019-06-14T19:07:55.041" intervalms="1.934" type="nursery" />
<cycle-start id="2624" type="scavenge" contextid="0" timestamp="2019-06-14T19:07:55.041" intervalms="1.904" />
<gc-start id="2625" type="scavenge" contextid="2624" timestamp="2019-06-14T19:07:55.042">
  <mem-info id="2626" free="2050174688" total="2092630016" percent="97">
    <mem type="nursery" free="0" total="2097152" percent="0">
      <mem type="allocate" free="0" total="1114112" percent="0" />
      <mem type="survivor" free="0" total="983040" percent="0" />
    </mem>
    <mem type="tenure" free="2050174688" total="2090532864" percent="98">
      <mem type="soa" free="1945648864" total="1986007040" percent="97" />
      <mem type="loa" free="104525824" total="104525824" percent="100" />
    </mem>
    <remembered-set count="909" />
  </mem-info>
</gc-start>
<allocation-stats totalBytes="446808" >
  <allocated-bytes non-tlh="56" tlh="446752" />
  <largest-consumer threadName="PmdThread 2" threadId="00000000025E0800" bytes="171968" />
</allocation-stats>
<gc-op id="2627" type="scavenge" timems="0.481" contextid="2624" timestamp="2019-06-14T19:07:55.042">
  <scavenger-info tenureage="3" tenuremask="7ff8" tiltratio="53" />
  <memory-copied type="nursery" objects="9504" bytes="661552" bytesdiscarded="248288" />
  <memory-copied type="tenure" objects="932" bytes="26128" bytesdiscarded="0" />
  <references type="phantom" candidates="3" cleared="0" enqueued="0" />
</gc-op>
<gc-end id="2628" type="scavenge" contextid="2624" durationms="0.641" usertimems="0.000" systemtimems="0.000" timestamp="2019-06-14T19:07:55.042" activeThreads="4">
  <mem-info id="2629" free="2050575544" total="2092630016" percent="97">
    <mem type="nursery" free="400856" total="2097152" percent="19">
      <mem type="allocate" free="400856" total="1310720" percent="30" />
      <mem type="survivor" free="0" total="786432" percent="0" />
    </mem>
    <mem type="tenure" free="2050174688" total="2090532864" percent="98">
      <mem type="soa" free="1945648864" total="1986007040" percent="97" />
      <mem type="loa" free="104525824" total="104525824" percent="100" />
    </mem>
    <remembered-set count="550" />
  </mem-info>
</gc-end>
<cycle-end id="2630" type="scavenge" contextid="2624" timestamp="2019-06-14T19:07:55.042" />
  <attribute name="elasticGC enabled" value="1" />
  <attribute name= "numThreadsSpecified" value="4" />
  <attribute name="heapSize specified" value="8388608" />
  <attribute name="Current GC Util" value="88" />
  <attribute name= "Current Time Running" value="3032" />
  <attribute name ="GC Interval" value="200" />
  <attribute name="ProportionalT" value="34.000000" />
  <attribute name="ProportionalI" value="34.000000" />
  <attribute name="ProportionalH" value="34.000000" />
  <attribute name="Current Error" value="68.000000" />
  <attribute name="IntegralT" value="136.000000" />
  <attribute name="IntegralI" value="136.000000" />
  <attribute name="IntegralH" value="136.000000" />
  <attribute name="DerivativeT" value="12.500000" />
  <attribute name="DerivativeI" value="12.500000" />
  <attribute name="DerivativeH" value="12.500000" />
  <attribute name="Loop Time for DT" value="2.000000" />
  <attribute name="Output H" value="8388608"/>
  <attribute name="Output I" value="200"/>
  <attribute name="Output T" value="4"/>
  <attribute name="Target GC Util Change" value ="20.000000" />
  <attribute name="Current GC Util Change" value="88.000000"/>
  <attribute name="GC Util currently" value="88" />
  <attribute name="CPU Util currently" value="2536891679082" />
<allocation-satisfied id="2631" threadId="00000000025DE300" bytesRequested="56" />
<af-end id="2632" timestamp="2019-06-14T19:07:55.042" threadId="00000000025DEC88" success="true" from="nursery"/>
<exclusive-end id="2633" timestamp="2019-06-14T19:07:55.042" durationms="1.031" />

<exclusive-start id="2634" timestamp="2019-06-14T19:07:55.043" intervalms="1.890">
  <response-info timems="0.026" idlems="0.026" threads="0" lastid="00000000025DD700" lastname="PmdThread 3" />
</exclusive-start>
<af-start id="2635" threadId="00000000025DE088" totalBytesRequested="40" timestamp="2019-06-14T19:07:55.043" intervalms="1.938" type="nursery" />
<cycle-start id="2636" type="scavenge" contextid="0" timestamp="2019-06-14T19:07:55.043" intervalms="1.982" />
<gc-start id="2637" type="scavenge" contextid="2636" timestamp="2019-06-14T19:07:55.044">
  <mem-info id="2638" free="2050174688" total="2092630016" percent="97">
    <mem type="nursery" free="0" total="2097152" percent="0">
      <mem type="allocate" free="0" total="1310720" percent="0" />
      <mem type="survivor" free="0" total="786432" percent="0" />
    </mem>
    <mem type="tenure" free="2050174688" total="2090532864" percent="98">
      <mem type="soa" free="1945648864" total="1986007040" percent="97" />
      <mem type="loa" free="104525824" total="104525824" percent="100" />
    </mem>
    <remembered-set count="609" />
  </mem-info>
</gc-start>
<allocation-stats totalBytes="400656" >
  <allocated-bytes non-tlh="56" tlh="400600" />
  <largest-consumer threadName="PmdThread 3" threadId="00000000025DD700" bytes="163784" />
</allocation-stats>
<gc-op id="2639" type="scavenge" timems="0.750" contextid="2636" timestamp="2019-06-14T19:07:55.044">
  <scavenger-info tenureage="2" tenuremask="7ffc" tiltratio="62" />
  <memory-copied type="nursery" objects="3380" bytes="198952" bytesdiscarded="113896" />
  <memory-copied type="tenure" objects="8363" bytes="550400" bytesdiscarded="1008" />
  <references type="phantom" candidates="1" cleared="0" enqueued="0" />
</gc-op>
<gc-end id="2640" type="scavenge" contextid="2636" durationms="0.984" usertimems="4.000" systemtimems="0.000" timestamp="2019-06-14T19:07:55.045" activeThreads="4">
  <mem-info id="2641" free="2050625880" total="2092630016" percent="97">
    <mem type="nursery" free="997872" total="2097152" percent="47">
      <mem type="allocate" free="997872" total="1310720" percent="76" />
      <mem type="survivor" free="0" total="786432" percent="0" />
    </mem>
    <mem type="tenure" free="2049628008" total="2090532864" percent="98">
      <mem type="soa" free="1945102184" total="1986007040" percent="97" />
      <mem type="loa" free="104525824" total="104525824" percent="100" />
    </mem>
    <remembered-set count="255" />
  </mem-info>
</gc-end>
<cycle-end id="2642" type="scavenge" contextid="2636" timestamp="2019-06-14T19:07:55.045" />
  <attribute name="elasticGC enabled" value="1" />
  <attribute name= "numThreadsSpecified" value="4" />
  <attribute name="heapSize specified" value="8388608" />
  <attribute name="Current GC Util" value="64" />
  <attribute name= "Current Time Running" value="3034" />
  <attribute name ="GC Interval" value="200" />
  <attribute name="ProportionalT" value="22.000000" />
  <attribute name="ProportionalI" value="22.000000" />
  <attribute name="ProportionalH" value="22.000000" />
  <attribute name="Current Error" value="44.000000" />
  <attribute name="IntegralT" value="88.000000" />
  <attribute name="IntegralI" value="88.000000" />
  <attribute name="IntegralH" value="88.000000" />
  <attribute name="DerivativeT" value="-6.000000" />
  <attribute name="DerivativeI" value="-6.000000" />
  <attribute name="DerivativeH" value="-6.000000" />
  <attribute name="Loop Time for DT" value="2.000000" />
  <attribute name="Output H" value="8388608"/>
  <attribute name="Output I" value="200"/>
  <attribute name="Output T" value="4"/>
  <attribute name="Target GC Util Change" value ="20.000000" />
  <attribute name="Current GC Util Change" value="64.000000"/>
  <attribute name="GC Util currently" value="64" />
  <attribute name="CPU Util currently" value="2222849577689" />
<allocation-satisfied id="2643" threadId="00000000025DD700" bytesRequested="40" />
<af-end id="2644" timestamp="2019-06-14T19:07:55.045" threadId="00000000025DE088" success="true" from="nursery"/>
<exclusive-end id="2645" timestamp="2019-06-14T19:07:55.045" durationms="1.528" />

<exclusive-start id="2646" timestamp="2019-06-14T19:07:55.047" intervalms="3.915">
  <response-info timems="0.029" idlems="0.029" threads="0" lastid="00000000025DE300" lastname="PmdThread 4" />
</exclusive-start>
<af-start id="2647" threadId="00000000025DEC88" totalBytesRequested="24" timestamp="2019-06-14T19:07:55.047" intervalms="3.913" type="nursery" />
<cycle-start id="2648" type="scavenge" contextid="0" timestamp="2019-06-14T19:07:55.047" intervalms="3.913" />
<gc-start id="2649" type="scavenge" contextid="2648" timestamp="2019-06-14T19:07:55.047">
  <mem-info id="2650" free="2049628008" total="2092630016" percent="97">
    <mem type="nursery" free="0" total="2097152" percent="0">
      <mem type="allocate" free="0" total="1310720" percent="0" />
      <mem type="survivor" free="0" total="786432" percent="0" />
    </mem>
    <mem type="tenure" free="2049628008" total="2090532864" percent="98">
      <mem type="soa" free="1945102184" total="1986007040" percent="97" />
      <mem type="loa" free="104525824" total="104525824" percent="100" />
    </mem>
    <remembered-set count="415" />
  </mem-info>
</gc-start>
<allocation-stats totalBytes="997392" >
  <allocated-bytes non-tlh="40" tlh="997352" />
  <largest-consumer threadName="PmdThread 1" threadId="00000000025DCC00" bytes="478912" />
</allocation-stats>
<gc-op id="2651" type="scavenge" timems="0.615" contextid="2648" timestamp="2019-06-14T19:07:55.048">
  <scavenger-info tenureage="2" tenuremask="7ffc" tiltratio="62" />
  <memory-copied type="nursery" objects="11901" bytes="400328" bytesdiscarded="83488" />
  <memory-copied type="tenure" objects="1010" bytes="97744" bytesdiscarded="496" />
  <references type="weak" candidates="3" cleared="3" enqueued="3" />
  <references type="phantom" candidates="1" cleared="1" enqueued="1" />
</gc-op>
<gc-end id="2652" type="scavenge" contextid="2648" durationms="0.931" usertimems="4.000" systemtimems="0.000" timestamp="2019-06-14T19:07:55.048" activeThreads="4">
  <mem-info id="2653" free="2050374736" total="2092630016" percent="97">
    <mem type="nursery" free="826880" total="2097152" percent="39">
      <mem type="allocate" free="826880" total="1310720" percent="63" />
      <mem type="survivor" free="0" total="786432" percent="0" />
    </mem>
    <mem type="tenure" free="2049547856" total="2090532864" percent="98">
      <mem type="soa" free="1945022032" total="1986007040" percent="97" />
      <mem type="loa" free="104525824" total="104525824" percent="100" />
    </mem>
    <pending-finalizers system="0" default="0" reference="4" classloader="0" />
    <remembered-set count="385" />
  </mem-info>
</gc-end>
<cycle-end id="2654" type="scavenge" contextid="2648" timestamp="2019-06-14T19:07:55.048" />
  <attribute name="elasticGC enabled" value="1" />
  <attribute name= "numThreadsSpecified" value="4" />
  <attribute name="heapSize specified" value="8388608" />
  <attribute name="Current GC Util" value="46" />
  <attribute name= "Current Time Running" value="3038" />
  <attribute name ="GC Interval" value="200" />
  <attribute name="ProportionalT" value="13.000000" />
  <attribute name="ProportionalI" value="13.000000" />
  <attribute name="ProportionalH" value="13.000000" />
  <attribute name="Current Error" value="26.000000" />
  <attribute name="IntegralT" value="104.000000" />
  <attribute name="IntegralI" value="104.000000" />
  <attribute name="IntegralH" value="104.000000" />
  <attribute name="DerivativeT" value="-2.250000" />
  <attribute name="DerivativeI" value="-2.250000" />
  <attribute name="DerivativeH" value="-2.250000" />
  <attribute name="Loop Time for DT" value="4.000000" />
  <attribute name="Output H" value="8388608"/>
  <attribute name="Output I" value="200"/>
  <attribute name="Output T" value="4"/>
  <attribute name="Target GC Util Change" value ="20.000000" />
  <attribute name="Current GC Util Change" value="46.000000"/>
  <attribute name="GC Util currently" value="46" />
  <attribute name="CPU Util currently" value="1155564855130" />
<allocation-satisfied id="2655" threadId="00000000025DE300" bytesRequested="24" />
<af-end id="2656" timestamp="2019-06-14T19:07:55.049" threadId="00000000025DEC88" success="true" from="nursery"/>
<exclusive-end id="2657" timestamp="2019-06-14T19:07:55.049" durationms="1.476" />

<exclusive-start id="2658" timestamp="2019-06-14T19:07:55.050" intervalms="3.038">
  <response-info timems="0.064" idlems="0.064" threads="0" lastid="00000000025E0800" lastname="PmdThread 2" />
</exclusive-start>
<af-start id="2659" threadId="00000000025E1188" totalBytesRequested="72" timestamp="2019-06-14T19:07:55.050" intervalms="3.025" type="nursery" />
<cycle-start id="2660" type="scavenge" contextid="0" timestamp="2019-06-14T19:07:55.050" intervalms="2.997" />
<gc-start id="2661" type="scavenge" contextid="2660" timestamp="2019-06-14T19:07:55.050">
  <mem-info id="2662" free="2049547648" total="2092630016" percent="97">
    <mem type="nursery" free="0" total="2097152" percent="0">
      <mem type="allocate" free="0" total="1310720" percent="0" />
      <mem type="survivor" free="0" total="786432" percent="0" />
    </mem>
    <mem type="tenure" free="2049547648" total="2090532864" percent="98">
      <mem type="soa" free="1945021824" total="1986007040" percent="97" />
      <mem type="loa" free="104525824" total="104525824" percent="100" />
    </mem>
    <remembered-set count="491" />
  </mem-info>
</gc-start>
<allocation-stats totalBytes="826672" >
  <allocated-bytes non-tlh="232" tlh="826440" />
  <largest-consumer threadName="PmdThread 4" threadId="00000000025DE300" bytes="286624" />
</allocation-stats>
<gc-op id="2663" type="scavenge" timems="1.314" contextid="2660" timestamp="2019-06-14T19:07:55.052">
  <scavenger-info tenureage="1" tenuremask="7ffe" tiltratio="62" />
  <memory-copied type="nursery" objects="5228" bytes="157904" bytesdiscarded="116248" />
  <memory-copied type="tenure" objects="11859" bytes="392520" bytesdiscarded="256" />
</gc-op>
<gc-end id="2664" type="scavenge" contextid="2660" durationms="1.484" usertimems="0.000" systemtimems="0.000" timestamp="2019-06-14T19:07:55.052" activeThreads="4">
  <mem-info id="2665" free="2050218880" total="2092630016" percent="97">
    <mem type="nursery" free="1102080" total="2097152" percent="52">
      <mem type="allocate" free="1102080" total="1376256" percent="80" />
      <mem type="survivor" free="0" total="720896" percent="0" />
    </mem>
    <mem type="tenure" free="2049116800" total="2090532864" percent="98">
      <mem type="soa" free="1944590976" total="1986007040" percent="97" />
      <mem type="loa" free="104525824" total="104525824" percent="100" />
    </mem>
    <remembered-set count="263" />
  </mem-info>
</gc-end>
<cycle-end id="2666" type="scavenge" contextid="2660" timestamp="2019-06-14T19:07:55.052" />
  <attribute name="elasticGC enabled" value="1" />
  <attribute name= "numThreadsSpecified" value="4" />
  <attribute name="heapSize specified" value="8388608" />
  <attribute name="Current GC Util" value="56" />
  <attribute name= "Current Time Running" value="3040" />
  <attribute name ="GC Interval" value="200" />
  <attribute name="ProportionalT" value="18.000000" />
  <attribute name="ProportionalI" value="18.000000" />
  <attribute name="ProportionalH" value="18.000000" />
  <attribute name="Current Error" value="36.000000" />
  <attribute name="IntegralT" value="72.000000" />
  <attribute name="IntegralI" value="72.000000" />
  <attribute name="IntegralH" value="72.000000" />
  <attribute name="DerivativeT" value="2.500000" />
  <attribute name="DerivativeI" value="2.500000" />
  <attribute name="DerivativeH" value="2.500000" />
  <attribute name="Loop Time for DT" value="2.000000" />
  <attribute name="Output H" value="8388608"/>
  <attribute name="Output I" value="200"/>
  <attribute name="Output T" value="4"/>
  <attribute name="Target GC Util Change" value ="20.000000" />
  <attribute name="Current GC Util Change" value="56.000000"/>
  <attribute name="GC Util currently" value="56" />
  <attribute name="CPU Util currently" value="1616891850831" />
<allocation-satisfied id="2667" threadId="00000000025E0800" bytesRequested="72" />
<af-end id="2668" timestamp="2019-06-14T19:07:55.052" threadId="00000000025E1188" success="true" from="nursery"/>
<exclusive-end id="2669" timestamp="2019-06-14T19:07:55.052" durationms="2.071" />

<exclusive-start id="2670" timestamp="2019-06-14T19:07:55.054" intervalms="3.358">
  <response-info timems="0.195" idlems="0.181" threads="1" lastid="00000000025DCC00" lastname="PmdThread 1" />
</exclusive-start>
<af-start id="2671" threadId="00000000025DE088" totalBytesRequested="56" timestamp="2019-06-14T19:07:55.054" intervalms="3.337" type="nursery" />
<cycle-start id="2672" type="scavenge" contextid="0" timestamp="2019-06-14T19:07:55.054" intervalms="3.332" />
<gc-start id="2673" type="scavenge" contextid="2672" timestamp="2019-06-14T19:07:55.054">
  <mem-info id="2674" free="2049116800" total="2092630016" percent="97">
    <mem type="nursery" free="0" total="2097152" percent="0">
      <mem type="allocate" free="0" total="1376256" percent="0" />
      <mem type="survivor" free="0" total="720896" percent="0" />
    </mem>
    <mem type="tenure" free="2049116800" total="2090532864" percent="98">
      <mem type="soa" free="1944590976" total="1986007040" percent="97" />
      <mem type="loa" free="104525824" total="104525824" percent="100" />
    </mem>
    <remembered-set count="344" />
  </mem-info>
</gc-start>
<allocation-stats totalBytes="1101664" >
  <allocated-bytes non-tlh="16464" tlh="1085200" />
  <largest-consumer threadName="PmdThread 2" threadId="00000000025E0800" bytes="450512" />
</allocation-stats>
<gc-op id="2675" type="scavenge" timems="0.889" contextid="2672" timestamp="2019-06-14T19:07:55.055">
  <scavenger-info tenureage="1" tenuremask="7ffe" tiltratio="65" />
  <memory-copied type="nursery" objects="6101" bytes="278400" bytesdiscarded="115104" />
  <memory-copied type="tenure" objects="5186" bytes="155888" bytesdiscarded="88" />
  <references type="weak" candidates="1" cleared="1" enqueued="1" />
  <references type="phantom" candidates="2" cleared="1" enqueued="1" />
</gc-op>
<gc-end id="2676" type="scavenge" contextid="2672" durationms="1.095" usertimems="0.000" systemtimems="0.000" timestamp="2019-06-14T19:07:55.055" activeThreads="4">
  <mem-info id="2677" free="2050008416" total="2092630016" percent="97">
    <mem type="nursery" free="1048288" total="2097152" percent="49">
      <mem type="allocate" free="1048288" total="1441792" percent="72" />
      <mem type="survivor" free="0" total="655360" percent="0" />
    </mem>
    <mem type="tenure" free="2048960128" total="2090532864" percent="98">
      <mem type="soa" free="1944434304" total="1986007040" percent="97" />
      <mem type="loa" free="104525824" total="104525824" percent="100" />
    </mem>
    <pending-finalizers system="0" default="0" reference="2" classloader="0" />
    <remembered-set count="221" />
  </mem-info>
</gc-end>
<cycle-end id="2678" type="scavenge" contextid="2672" timestamp="2019-06-14T19:07:55.055" />
  <attribute name="elasticGC enabled" value="1" />
  <attribute name= "numThreadsSpecified" value="4" />
  <attribute name="heapSize specified" value="8388608" />
  <attribute name="Current GC Util" value="69" />
  <attribute name= "Current Time Running" value="3044" />
  <attribute name ="GC Interval" value="224" />
  <attribute name="ProportionalT" value="24.500000" />
  <attribute name="ProportionalI" value="24.500000" />
  <attribute name="ProportionalH" value="24.500000" />
  <attribute name="Current Error" value="49.000000" />
  <attribute name="IntegralT" value="196.000000" />
  <attribute name="IntegralI" value="196.000000" />
  <attribute name="IntegralH" value="196.000000" />
  <attribute name="DerivativeT" value="1.625000" />
  <attribute name="DerivativeI" value="1.625000" />
  <attribute name="DerivativeH" value="1.625000" />
  <attribute name="Loop Time for DT" value="4.000000" />
  <attribute name="Output H" value="8388608"/>
  <attribute name="Output I" value="224"/>
  <attribute name="Output T" value="4"/>
  <attribute name="Target GC Util Change" value ="20.000000" />
  <attribute name="Current GC Util Change" value="69.000000"/>
  <attribute name="GC Util currently" value="69" />
  <attribute name="CPU Util currently" value="1379853191142" />
<allocation-satisfied id="2679" threadId="00000000025DD700" bytesRequested="56" />
<af-end id="2680" timestamp="2019-06-14T19:07:55.055" threadId="00000000025DE088" success="true" from="nursery"/>
<exclusive-end id="2681" timestamp="2019-06-14T19:07:55.055" durationms="1.553" />

<exclusive-start id="2682" timestamp="2019-06-14T19:07:55.057" intervalms="3.306">
  <response-info timems="0.026" idlems="0.026" threads="0" lastid="00000000025DD700" lastname="PmdThread 3" />
</exclusive-start>
<af-start id="2683" threadId="00000000025DE088" totalBytesRequested="24" timestamp="2019-06-14T19:07:55.057" intervalms="3.308" type="nursery" />
<cycle-start id="2684" type="scavenge" contextid="0" timestamp="2019-06-14T19:07:55.057" intervalms="3.334" />
<gc-start id="2685" type="scavenge" contextid="2684" timestamp="2019-06-14T19:07:55.166">
  <mem-info id="2686" free="2048960128" total="2092630016" percent="97">
    <mem type="nursery" free="0" total="2097152" percent="0">
      <mem type="allocate" free="0" total="1441792" percent="0" />
      <mem type="survivor" free="0" total="655360" percent="0" />
    </mem>
    <mem type="tenure" free="2048960128" total="2090532864" percent="98">
      <mem type="soa" free="1944434304" total="1986007040" percent="97" />
      <mem type="loa" free="104525824" total="104525824" percent="100" />
    </mem>
    <remembered-set count="398" />
  </mem-info>
</gc-start>
<allocation-stats totalBytes="1047608" >
  <allocated-bytes non-tlh="56" tlh="1047552" />
  <largest-consumer threadName="PmdThread 4" threadId="00000000025DE300" bytes="458264" />
</allocation-stats>
<gc-op id="2687" type="scavenge" timems="1.121" contextid="2684" timestamp="2019-06-14T19:07:55.167">
  <scavenger-info tenureage="1" tenuremask="7ffe" tiltratio="68" />
  <memory-copied type="nursery" objects="3895" bytes="141768" bytesdiscarded="93240" />
  <memory-copied type="tenure" objects="5616" bytes="254776" bytesdiscarded="136" />
  <references type="weak" candidates="8" cleared="8" enqueued="8" />
</gc-op>
<gc-end id="2688" type="scavenge" contextid="2684" durationms="1.620" usertimems="4.000" systemtimems="0.000" timestamp="2019-06-14T19:07:55.167" activeThreads="4">
  <mem-info id="2689" free="2049979224" total="2092630016" percent="97">
    <mem type="nursery" free="1272320" total="2097152" percent="60">
      <mem type="allocate" free="1272320" total="1507328" percent="84" />
      <mem type="survivor" free="0" total="589824" percent="0" />
    </mem>
    <mem type="tenure" free="2048706904" total="2090532864" percent="97">
      <mem type="soa" free="1944181080" total="1986007040" percent="97" />
      <mem type="loa" free="104525824" total="104525824" percent="100" />
    </mem>
    <pending-finalizers system="0" default="0" reference="8" classloader="0" />
    <remembered-set count="314" />
  </mem-info>
</gc-end>
<cycle-end id="2690" type="scavenge" contextid="2684" timestamp="2019-06-14T19:07:55.167" />
  <attribute name="elasticGC enabled" value="1" />
  <attribute name= "numThreadsSpecified" value="4" />
  <attribute name="heapSize specified" value="8388608" />
  <attribute name="Current GC Util" value="1" />
  <attribute name= "Current Time Running" value="3156" />
  <attribute name ="GC Interval" value="200" />
  <attribute name="ProportionalT" value="-9.500000" />
  <attribute name="ProportionalI" value="-9.500000" />
  <attribute name="ProportionalH" value="-9.500000" />
  <attribute name="Current Error" value="-19.000000" />
  <attribute name="IntegralT" value="-2128.000000" />
  <attribute name="IntegralI" value="-2128.000000" />
  <attribute name="IntegralH" value="-2128.000000" />
  <attribute name="DerivativeT" value="-0.303571" />
  <attribute name="DerivativeI" value="-0.303571" />
  <attribute name="DerivativeH" value="-0.303571" />
  <attribute name="Loop Time for DT" value="112.000000" />
  <attribute name="Output H" value="2092630016"/>
  <attribute name="Output I" value="200"/>
  <attribute name="Output T" value="4"/>
  <attribute name="Target GC Util Change" value ="20.000000" />
  <attribute name="Current GC Util Change" value="1.000000"/>
  <attribute name="GC Util currently" value="1" />
  <attribute name="CPU Util currently" value="41103728832" />
<allocation-satisfied id="2691" threadId="00000000025DD700" bytesRequested="24" />
<af-end id="2692" timestamp="2019-06-14T19:07:55.168" threadId="00000000025DE088" success="true" from="nursery"/>
<exclusive-end id="2693" timestamp="2019-06-14T19:07:55.168" durationms="110.977" />

<exclusive-start id="2694" timestamp="2019-06-14T19:07:55.171" intervalms="113.813">
  <response-info timems="0.205" idlems="0.186" threads="1" lastid="00000000025DD700" lastname="PmdThread 3" />
</exclusive-start>
<af-start id="2695" threadId="00000000025DD588" totalBytesRequested="56" timestamp="2019-06-14T19:07:55.171" intervalms="113.900" type="nursery" />
<cycle-start id="2696" type="scavenge" contextid="0" timestamp="2019-06-14T19:07:55.171" intervalms="113.882" />
<gc-start id="2697" type="scavenge" contextid="2696" timestamp="2019-06-14T19:07:55.171">
  <mem-info id="2698" free="2048706904" total="2092630016" percent="97">
    <mem type="nursery" free="0" total="2097152" percent="0">
      <mem type="allocate" free="0" total="1507328" percent="0" />
      <mem type="survivor" free="0" total="589824" percent="0" />
    </mem>
    <mem type="tenure" free="2048706904" total="2090532864" percent="97">
      <mem type="soa" free="1944181080" total="1986007040" percent="97" />
      <mem type="loa" free="104525824" total="104525824" percent="100" />
    </mem>
    <remembered-set count="348" />
  </mem-info>
</gc-start>
<allocation-stats totalBytes="1271824" >
  <allocated-bytes non-tlh="24" tlh="1271800" />
  <largest-consumer threadName="PmdThread 1" threadId="00000000025DCC00" bytes="1017928" />
</allocation-stats>
<gc-op id="2699" type="scavenge" timems="1.752" contextid="2696" timestamp="2019-06-14T19:07:55.173">
  <scavenger-info tenureage="2" tenuremask="7ffc" tiltratio="71" />
  <memory-copied type="nursery" objects="10376" bytes="384080" bytesdiscarded="205744" />
  <memory-copied type="tenure" objects="11234" bytes="322896" bytesdiscarded="128" />
  <copy-failed type="nursery" objects="11234" bytes="322896" />
</gc-op>
<gc-end id="2700" type="scavenge" contextid="2696" durationms="2.048" usertimems="0.000" systemtimems="0.000" timestamp="2019-06-14T19:07:55.173" activeThreads="4">
  <mem-info id="2701" free="2048852312" total="2092630016" percent="97">
    <mem type="nursery" free="458752" total="2097152" percent="21">
      <mem type="allocate" free="458752" total="1048576" percent="43" />
      <mem type="survivor" free="0" total="1048576" percent="0" />
    </mem>
    <mem type="tenure" free="2048393560" total="2090532864" percent="97">
      <mem type="soa" free="1943867736" total="1986007040" percent="97" />
      <mem type="loa" free="104525824" total="104525824" percent="100" />
    </mem>
    <remembered-set count="779" />
  </mem-info>
</gc-end>
<cycle-end id="2702" type="scavenge" contextid="2696" timestamp="2019-06-14T19:07:55.173" />
  <attribute name="elasticGC enabled" value="1" />
  <attribute name= "numThreadsSpecified" value="4" />
  <attribute name="heapSize specified" value="8388608" />
  <attribute name="Current GC Util" value="2129" />
  <attribute name= "Current Time Running" value="3161" />
  <attribute name ="GC Interval" value="4000" />
  <attribute name="ProportionalT" value="1054.500000" />
  <attribute name="ProportionalI" value="1054.500000" />
  <attribute name="ProportionalH" value="1054.500000" />
  <attribute name="Current Error" value="2109.000000" />
  <attribute name="IntegralT" value="10545.000000" />
  <attribute name="IntegralI" value="10545.000000" />
  <attribute name="IntegralH" value="10545.000000" />
  <attribute name="DerivativeT" value="210.900000" />
  <attribute name="DerivativeI" value="210.900000" />
  <attribute name="DerivativeH" value="210.900000" />
  <attribute name="Loop Time for DT" value="5.000000" />
  <attribute name="Output H" value="8388608"/>
  <attribute name="Output I" value="4000"/>
  <attribute name="Output T" value="4"/>
  <attribute name="Target GC Util Change" value ="20.000000" />
  <attribute name="Current GC Util Change" value="2129.000000"/>
  <attribute name="GC Util currently" value="2129" />
  <attribute name="CPU Util currently" value="892435091141" />
<allocation-satisfied id="2703" threadId="00000000025DCC00" bytesRequested="56" />
<af-end id="2704" timestamp="2019-06-14T19:07:55.173" threadId="00000000025DD588" success="true" from="nursery"/>
<exclusive-end id="2705" timestamp="2019-06-14T19:07:55.174" durationms="2.843" />

<exclusive-start id="2706" timestamp="2019-06-14T19:07:55.174" intervalms="3.500">
  <response-info timems="0.027" idlems="0.027" threads="0" lastid="00000000025E0800" lastname="PmdThread 2" />
</exclusive-start>
<af-start id="2707" threadId="00000000025E1188" totalBytesRequested="72" timestamp="2019-06-14T19:07:55.174" intervalms="3.416" type="nursery" />
<cycle-start id="2708" type="scavenge" contextid="0" timestamp="2019-06-14T19:07:55.174" intervalms="3.435" />
<gc-start id="2709" type="scavenge" contextid="2708" timestamp="2019-06-14T19:07:55.174">
  <mem-info id="2710" free="2048393560" total="2092630016" percent="97">
    <mem type="nursery" free="0" total="2097152" percent="0">
      <mem type="allocate" free="0" total="1048576" percent="0" />
      <mem type="survivor" free="0" total="1048576" percent="0" />
    </mem>
    <mem type="tenure" free="2048393560" total="2090532864" percent="97">
      <mem type="soa" free="1943867736" total="1986007040" percent="97" />
      <mem type="loa" free="104525824" total="104525824" percent="100" />
    </mem>
    <remembered-set count="838" />
  </mem-info>
</gc-start>
<allocation-stats totalBytes="458520" >
  <allocated-bytes non-tlh="56" tlh="458464" />
  <largest-consumer threadName="PmdThread 1" threadId="00000000025DCC00" bytes="212936" />
</allocation-stats>
<gc-op id="2711" type="scavenge" timems="1.303" contextid="2708" timestamp="2019-06-14T19:07:55.176">
  <scavenger-info tenureage="1" tenuremask="7ffe" tiltratio="50" />
  <memory-copied type="nursery" objects="4353" bytes="140744" bytesdiscarded="133432" />
  <memory-copied type="tenure" objects="10114" bytes="375680" bytesdiscarded="184" />
</gc-op>
<gc-end id="2712" type="scavenge" contextid="2708" durationms="1.520" usertimems="0.000" systemtimems="0.000" timestamp="2019-06-14T19:07:55.176" activeThreads="4">
  <mem-info id="2713" free="2048776280" total="2092630016" percent="97">
    <mem type="nursery" free="774400" total="2097152" percent="36">
      <mem type="allocate" free="774400" total="1048576" percent="73" />
      <mem type="survivor" free="0" total="1048576" percent="0" />
    </mem>
    <mem type="tenure" free="2048001880" total="2090532864" percent="97">
      <mem type="soa" free="1943476056" total="1986007040" percent="97" />
      <mem type="loa" free="104525824" total="104525824" percent="100" />
    </mem>
    <remembered-set count="226" />
  </mem-info>
</gc-end>
<cycle-end id="2714" type="scavenge" contextid="2708" timestamp="2019-06-14T19:07:55.176" />
  <attribute name="elasticGC enabled" value="1" />
  <attribute name= "numThreadsSpecified" value="4" />
  <attribute name="heapSize specified" value="8388608" />
  <attribute name="Current GC Util" value="64" />
  <attribute name= "Current Time Running" value="3164" />
  <attribute name ="GC Interval" value="200" />
  <attribute name="ProportionalT" value="22.000000" />
  <attribute name="ProportionalI" value="22.000000" />
  <attribute name="ProportionalH" value="22.000000" />
  <attribute name="Current Error" value="44.000000" />
  <attribute name="IntegralT" value="132.000000" />
  <attribute name="IntegralI" value="132.000000" />
  <attribute name="IntegralH" value="132.000000" />
  <attribute name="DerivativeT" value="-344.166667" />
  <attribute name="DerivativeI" value="-344.166667" />
  <attribute name="DerivativeH" value="-344.166667" />
  <attribute name="Loop Time for DT" value="3.000000" />
  <attribute name="Output H" value="2092630016"/>
  <attribute name="Output I" value="200"/>
  <attribute name="Output T" value="4"/>
  <attribute name="Target GC Util Change" value ="20.000000" />
  <attribute name="Current GC Util Change" value="64.000000"/>
  <attribute name="GC Util currently" value="64" />
  <attribute name="CPU Util currently" value="1406192608191" />
<allocation-satisfied id="2715" threadId="00000000025E0800" bytesRequested="72" />
<af-end id="2716" timestamp="2019-06-14T19:07:55.176" threadId="00000000025E1188" success="true" from="nursery"/>
<exclusive-end id="2717" timestamp="2019-06-14T19:07:55.176" durationms="2.040" />

<exclusive-start id="2718" timestamp="2019-06-14T19:07:55.178" intervalms="3.560">
  <response-info timems="0.080" idlems="0.080" threads="0" lastid="00000000025DCC00" lastname="PmdThread 1" />
</exclusive-start>
<af-start id="2719" threadId="00000000025DD588" totalBytesRequested="56" timestamp="2019-06-14T19:07:55.178" intervalms="3.547" type="nursery" />
<cycle-start id="2720" type="scavenge" contextid="0" timestamp="2019-06-14T19:07:55.178" intervalms="3.555" />
<gc-start id="2721" type="scavenge" contextid="2720" timestamp="2019-06-14T19:07:55.178">
  <mem-info id="2722" free="2048001880" total="2092630016" percent="97">
    <mem type="nursery" free="0" total="2097152" percent="0">
      <mem type="allocate" free="0" total="1048576" percent="0" />
      <mem type="survivor" free="0" total="1048576" percent="0" />
    </mem>
    <mem type="tenure" free="2048001880" total="2090532864" percent="97">
      <mem type="soa" free="1943476056" total="1986007040" percent="97" />
      <mem type="loa" free="104525824" total="104525824" percent="100" />
    </mem>
    <remembered-set count="370" />
  </mem-info>
</gc-start>
<allocation-stats totalBytes="774152" >
  <allocated-bytes non-tlh="72" tlh="774080" />
  <largest-consumer threadName="PmdThread 1" threadId="00000000025DCC00" bytes="466992" />
</allocation-stats>
<gc-op id="2723" type="scavenge" timems="1.041" contextid="2720" timestamp="2019-06-14T19:07:55.179">
  <scavenger-info tenureage="1" tenuremask="7ffe" tiltratio="50" />
  <memory-copied type="nursery" objects="8676" bytes="272120" bytesdiscarded="211720" />
  <memory-copied type="tenure" objects="4019" bytes="131728" bytesdiscarded="16" />
</gc-op>
<gc-end id="2724" type="scavenge" contextid="2720" durationms="1.379" usertimems="0.000" systemtimems="4.000" timestamp="2019-06-14T19:07:55.179" activeThreads="4">
  <mem-info id="2725" free="2048449112" total="2092630016" percent="97">
    <mem type="nursery" free="564736" total="2097152" percent="26">
      <mem type="allocate" free="564736" total="1048576" percent="53" />
      <mem type="survivor" free="0" total="1048576" percent="0" />
    </mem>
    <mem type="tenure" free="2047884376" total="2090532864" percent="97">
      <mem type="soa" free="1943358552" total="1986007040" percent="97" />
      <mem type="loa" free="104525824" total="104525824" percent="100" />
    </mem>
    <remembered-set count="307" />
  </mem-info>
</gc-end>
<cycle-end id="2726" type="scavenge" contextid="2720" timestamp="2019-06-14T19:07:55.180" />
  <attribute name="elasticGC enabled" value="1" />
  <attribute name= "numThreadsSpecified" value="4" />
  <attribute name="heapSize specified" value="8388608" />
  <attribute name="Current GC Util" value="82" />
  <attribute name= "Current Time Running" value="3168" />
  <attribute name ="GC Interval" value="288" />
  <attribute name="ProportionalT" value="31.000000" />
  <attribute name="ProportionalI" value="31.000000" />
  <attribute name="ProportionalH" value="31.000000" />
  <attribute name="Current Error" value="62.000000" />
  <attribute name="IntegralT" value="248.000000" />
  <attribute name="IntegralI" value="248.000000" />
  <attribute name="IntegralH" value="248.000000" />
  <attribute name="DerivativeT" value="2.250000" />
  <attribute name="DerivativeI" value="2.250000" />
  <attribute name="DerivativeH" value="2.250000" />
  <attribute name="Loop Time for DT" value="4.000000" />
  <attribute name="Output H" value="8388608"/>
  <attribute name="Output I" value="288"/>
  <attribute name="Output T" value="4"/>
  <attribute name="Target GC Util Change" value ="20.000000" />
  <attribute name="Current GC Util Change" value="82.000000"/>
  <attribute name="GC Util currently" value="82" />
  <attribute name="CPU Util currently" value="1257412476505" />
<allocation-satisfied id="2727" threadId="00000000025DCC00" bytesRequested="56" />
<af-end id="2728" timestamp="2019-06-14T19:07:55.180" threadId="00000000025DD588" success="true" from="nursery"/>
<exclusive-end id="2729" timestamp="2019-06-14T19:07:55.180" durationms="2.111" />

<exclusive-start id="2730" timestamp="2019-06-14T19:07:55.181" intervalms="3.240">
  <response-info timems="0.026" idlems="0.026" threads="0" lastid="00000000025E0800" lastname="PmdThread 2" />
</exclusive-start>
<af-start id="2731" threadId="00000000025E1188" totalBytesRequested="32" timestamp="2019-06-14T19:07:55.181" intervalms="3.249" type="nursery" />
<cycle-start id="2732" type="scavenge" contextid="0" timestamp="2019-06-14T19:07:55.181" intervalms="3.213" />
<gc-start id="2733" type="scavenge" contextid="2732" timestamp="2019-06-14T19:07:55.181">
  <mem-info id="2734" free="2047884376" total="2092630016" percent="97">
    <mem type="nursery" free="0" total="2097152" percent="0">
      <mem type="allocate" free="0" total="1048576" percent="0" />
      <mem type="survivor" free="0" total="1048576" percent="0" />
    </mem>
    <mem type="tenure" free="2047884376" total="2090532864" percent="97">
      <mem type="soa" free="1943358552" total="1986007040" percent="97" />
      <mem type="loa" free="104525824" total="104525824" percent="100" />
    </mem>
    <remembered-set count="650" />
  </mem-info>
</gc-start>
<allocation-stats totalBytes="564480" >
  <allocated-bytes non-tlh="56" tlh="564424" />
  <largest-consumer threadName="PmdThread 1" threadId="00000000025DCC00" bytes="298400" />
</allocation-stats>
<gc-op id="2735" type="scavenge" timems="1.826" contextid="2732" timestamp="2019-06-14T19:07:55.183">
  <scavenger-info tenureage="1" tenuremask="7ffe" tiltratio="50" />
  <memory-copied type="nursery" objects="7529" bytes="218880" bytesdiscarded="133624" />
  <memory-copied type="tenure" objects="8625" bytes="270600" bytesdiscarded="152" />
</gc-op>
<gc-end id="2736" type="scavenge" contextid="2732" durationms="2.058" usertimems="4.000" systemtimems="0.000" timestamp="2019-06-14T19:07:55.183" activeThreads="4">
  <mem-info id="2737" free="2048410968" total="2092630016" percent="97">
    <mem type="nursery" free="761600" total="2097152" percent="36">
      <mem type="allocate" free="761600" total="1114112" percent="68" />
      <mem type="survivor" free="0" total="983040" percent="0" />
    </mem>
    <mem type="tenure" free="2047649368" total="2090532864" percent="97">
      <mem type="soa" free="1943123544" total="1986007040" percent="97" />
      <mem type="loa" free="104525824" total="104525824" percent="100" />
    </mem>
    <remembered-set count="493" />
  </mem-info>
</gc-end>
<cycle-end id="2738" type="scavenge" contextid="2732" timestamp="2019-06-14T19:07:55.183" />
  <attribute name="elasticGC enabled" value="1" />
  <attribute name= "numThreadsSpecified" value="4" />
  <attribute name="heapSize specified" value="8388608" />
  <attribute name="Current GC Util" value="45" />
  <attribute name= "Current Time Running" value="3171" />
  <attribute name ="GC Interval" value="200" />
  <attribute name="ProportionalT" value="12.500000" />
  <attribute name="ProportionalI" value="12.500000" />
  <attribute name="ProportionalH" value="12.500000" />
  <attribute name="Current Error" value="25.000000" />
  <attribute name="IntegralT" value="75.000000" />
  <attribute name="IntegralI" value="75.000000" />
  <attribute name="IntegralH" value="75.000000" />
  <attribute name="DerivativeT" value="-6.166667" />
  <attribute name="DerivativeI" value="-6.166667" />
  <attribute name="DerivativeH" value="-6.166667" />
  <attribute name="Loop Time for DT" value="3.000000" />
  <attribute name="Output H" value="8388608"/>
  <attribute name="Output I" value="200"/>
  <attribute name="Output T" value="4"/>
  <attribute name="Target GC Util Change" value ="20.000000" />
  <attribute name="Current GC Util Change" value="45.000000"/>
  <attribute name="GC Util currently" value="45" />
  <attribute name="CPU Util currently" value="1486365726558" />
<allocation-satisfied id="2739" threadId="00000000025E0800" bytesRequested="32" />
<af-end id="2740" timestamp="2019-06-14T19:07:55.184" threadId="00000000025E1188" success="true" from="nursery"/>
<exclusive-end id="2741" timestamp="2019-06-14T19:07:55.184" durationms="2.753" />

<exclusive-start id="2742" timestamp="2019-06-14T19:07:55.185" intervalms="3.646">
  <response-info timems="0.091" idlems="0.091" threads="0" lastid="00000000025DD700" lastname="PmdThread 3" />
</exclusive-start>
<af-start id="2743" threadId="00000000025DE088" totalBytesRequested="24" timestamp="2019-06-14T19:07:55.185" intervalms="3.702" type="nursery" />
<cycle-start id="2744" type="scavenge" contextid="0" timestamp="2019-06-14T19:07:55.185" intervalms="3.711" />
<gc-start id="2745" type="scavenge" contextid="2744" timestamp="2019-06-14T19:07:55.185">
  <mem-info id="2746" free="2047649368" total="2092630016" percent="97">
    <mem type="nursery" free="0" total="2097152" percent="0">
      <mem type="allocate" free="0" total="1114112" percent="0" />
      <mem type="survivor" free="0" total="983040" percent="0" />
    </mem>
    <mem type="tenure" free="2047649368" total="2090532864" percent="97">
      <mem type="soa" free="1943123544" total="1986007040" percent="97" />
      <mem type="loa" free="104525824" total="104525824" percent="100" />
    </mem>
    <remembered-set count="777" />
  </mem-info>
</gc-start>
<allocation-stats totalBytes="761368" >
  <allocated-bytes non-tlh="32" tlh="761336" />
  <largest-consumer threadName="PmdThread 4" threadId="00000000025DE300" bytes="331672" />
</allocation-stats>
<gc-op id="2747" type="scavenge" timems="1.065" contextid="2744" timestamp="2019-06-14T19:07:55.186">
  <scavenger-info tenureage="1" tenuremask="7ffe" tiltratio="53" />
  <memory-copied type="nursery" objects="7013" bytes="196984" bytesdiscarded="177800" />
  <memory-copied type="tenure" objects="7486" bytes="217608" bytesdiscarded="136" />
</gc-op>
<gc-end id="2748" type="scavenge" contextid="2744" durationms="1.260" usertimems="4.000" systemtimems="0.000" timestamp="2019-06-14T19:07:55.186" activeThreads="4">
  <mem-info id="2749" free="2048323928" total="2092630016" percent="97">
    <mem type="nursery" free="870400" total="2097152" percent="41">
      <mem type="allocate" free="870400" total="1245184" percent="69" />
      <mem type="survivor" free="0" total="851968" percent="0" />
    </mem>
    <mem type="tenure" free="2047453528" total="2090532864" percent="97">
      <mem type="soa" free="1942927704" total="1986007040" percent="97" />
      <mem type="loa" free="104525824" total="104525824" percent="100" />
    </mem>
    <remembered-set count="391" />
  </mem-info>
</gc-end>
<cycle-end id="2750" type="scavenge" contextid="2744" timestamp="2019-06-14T19:07:55.186" />
  <attribute name="elasticGC enabled" value="1" />
  <attribute name= "numThreadsSpecified" value="4" />
  <attribute name="heapSize specified" value="8388608" />
  <attribute name="Current GC Util" value="90" />
  <attribute name= "Current Time Running" value="3175" />
  <attribute name ="GC Interval" value="320" />
  <attribute name="ProportionalT" value="35.000000" />
  <attribute name="ProportionalI" value="35.000000" />
  <attribute name="ProportionalH" value="35.000000" />
  <attribute name="Current Error" value="70.000000" />
  <attribute name="IntegralT" value="280.000000" />
  <attribute name="IntegralI" value="280.000000" />
  <attribute name="IntegralH" value="280.000000" />
  <attribute name="DerivativeT" value="5.625000" />
  <attribute name="DerivativeI" value="5.625000" />
  <attribute name="DerivativeH" value="5.625000" />
  <attribute name="Loop Time for DT" value="4.000000" />
  <attribute name="Output H" value="8388608"/>
  <attribute name="Output I" value="320"/>
  <attribute name="Output T" value="4"/>
  <attribute name="Target GC Util Change" value ="20.000000" />
  <attribute name="Current GC Util Change" value="90.000000"/>
  <attribute name="GC Util currently" value="90" />
  <attribute name="CPU Util currently" value="1242757654303" />
<allocation-satisfied id="2751" threadId="00000000025DD700" bytesRequested="24" />
<af-end id="2752" timestamp="2019-06-14T19:07:55.186" threadId="00000000025DE088" success="true" from="nursery"/>
<exclusive-end id="2753" timestamp="2019-06-14T19:07:55.186" durationms="1.745" />

<exclusive-start id="2754" timestamp="2019-06-14T19:07:55.188" intervalms="3.284">
  <response-info timems="0.028" idlems="0.028" threads="0" lastid="00000000025DCC00" lastname="PmdThread 1" />
</exclusive-start>
<af-start id="2755" threadId="00000000025DD588" totalBytesRequested="16" timestamp="2019-06-14T19:07:55.188" intervalms="3.261" type="nursery" />
<cycle-start id="2756" type="scavenge" contextid="0" timestamp="2019-06-14T19:07:55.188" intervalms="3.298" />
<gc-start id="2757" type="scavenge" contextid="2756" timestamp="2019-06-14T19:07:55.188">
  <mem-info id="2758" free="2047453528" total="2092630016" percent="97">
    <mem type="nursery" free="0" total="2097152" percent="0">
      <mem type="allocate" free="0" total="1245184" percent="0" />
      <mem type="survivor" free="0" total="851968" percent="0" />
    </mem>
    <mem type="tenure" free="2047453528" total="2090532864" percent="97">
      <mem type="soa" free="1942927704" total="1986007040" percent="97" />
      <mem type="loa" free="104525824" total="104525824" percent="100" />
    </mem>
    <remembered-set count="549" />
  </mem-info>
</gc-start>
<allocation-stats totalBytes="869752" >
  <allocated-bytes non-tlh="24" tlh="869728" />
  <largest-consumer threadName="PmdThread 4" threadId="00000000025DE300" bytes="405152" />
</allocation-stats>
<gc-op id="2759" type="scavenge" timems="1.008" contextid="2756" timestamp="2019-06-14T19:07:55.189">
  <scavenger-info tenureage="1" tenuremask="7ffe" tiltratio="59" />
  <memory-copied type="nursery" objects="4757" bytes="153432" bytesdiscarded="212880" />
  <memory-copied type="tenure" objects="6986" bytes="195872" bytesdiscarded="72" />
  <references type="weak" candidates="1" cleared="1" enqueued="1" />
  <references type="phantom" candidates="1" cleared="1" enqueued="1" />
</gc-op>
<gc-end id="2760" type="scavenge" contextid="2756" durationms="1.271" usertimems="0.000" systemtimems="0.000" timestamp="2019-06-14T19:07:55.189" activeThreads="4">
  <mem-info id="2761" free="2048267608" total="2092630016" percent="97">
    <mem type="nursery" free="1009920" total="2097152" percent="48">
      <mem type="allocate" free="1009920" total="1376256" percent="73" />
      <mem type="survivor" free="0" total="720896" percent="0" />
    </mem>
    <mem type="tenure" free="2047257688" total="2090532864" percent="97">
      <mem type="soa" free="1942731864" total="1986007040" percent="97" />
      <mem type="loa" free="104525824" total="104525824" percent="100" />
    </mem>
    <pending-finalizers system="0" default="0" reference="2" classloader="0" />
    <remembered-set count="333" />
  </mem-info>
</gc-end>
<cycle-end id="2762" type="scavenge" contextid="2756" timestamp="2019-06-14T19:07:55.190" />
  <attribute name="elasticGC enabled" value="1" />
  <attribute name= "numThreadsSpecified" value="4" />
  <attribute name="heapSize specified" value="8388608" />
  <attribute name="Current GC Util" value="45" />
  <attribute name= "Current Time Running" value="3178" />
  <attribute name ="GC Interval" value="200" />
  <attribute name="ProportionalT" value="12.500000" />
  <attribute name="ProportionalI" value="12.500000" />
  <attribute name="ProportionalH" value="12.500000" />
  <attribute name="Current Error" value="25.000000" />
  <attribute name="IntegralT" value="75.000000" />
  <attribute name="IntegralI" value="75.000000" />
  <attribute name="IntegralH" value="75.000000" />
  <attribute name="DerivativeT" value="-7.500000" />
  <attribute name="DerivativeI" value="-7.500000" />
  <attribute name="DerivativeH" value="-7.500000" />
  <attribute name="Loop Time for DT" value="3.000000" />
  <attribute name="Output H" value="8388608"/>
  <attribute name="Output I" value="200"/>
  <attribute name="Output T" value="4"/>
  <attribute name="Target GC Util Change" value ="20.000000" />
  <attribute name="Current GC Util Change" value="45.000000"/>
  <attribute name="GC Util currently" value="45" />
  <attribute name="CPU Util currently" value="1352580665922" />
<allocation-satisfied id="2763" threadId="00000000025DCC00" bytesRequested="16" />
<af-end id="2764" timestamp="2019-06-14T19:07:55.190" threadId="00000000025DD588" success="true" from="nursery"/>
<exclusive-end id="2765" timestamp="2019-06-14T19:07:55.190" durationms="1.802" />

<exclusive-start id="2766" timestamp="2019-06-14T19:07:55.191" intervalms="3.117">
  <response-info timems="0.027" idlems="0.027" threads="0" lastid="00000000025DE300" lastname="PmdThread 4" />
</exclusive-start>
<af-start id="2767" threadId="00000000025DEC88" totalBytesRequested="448" timestamp="2019-06-14T19:07:55.191" intervalms="3.084" type="nursery" />
<cycle-start id="2768" type="scavenge" contextid="0" timestamp="2019-06-14T19:07:55.191" intervalms="3.076" />
<gc-start id="2769" type="scavenge" contextid="2768" timestamp="2019-06-14T19:07:55.191">
  <mem-info id="2770" free="2047257688" total="2092630016" percent="97">
    <mem type="nursery" free="0" total="2097152" percent="0">
      <mem type="allocate" free="0" total="1376256" percent="0" />
      <mem type="survivor" free="0" total="720896" percent="0" />
    </mem>
    <mem type="tenure" free="2047257688" total="2090532864" percent="97">
      <mem type="soa" free="1942731864" total="1986007040" percent="97" />
      <mem type="loa" free="104525824" total="104525824" percent="100" />
    </mem>
    <remembered-set count="583" />
  </mem-info>
</gc-start>
<allocation-stats totalBytes="1008352" >
  <allocated-bytes non-tlh="16" tlh="1008336" />
  <largest-consumer threadName="PmdThread 1" threadId="00000000025DCC00" bytes="460952" />
</allocation-stats>
<gc-op id="2771" type="scavenge" timems="1.660" contextid="2768" timestamp="2019-06-14T19:07:55.193">
  <scavenger-info tenureage="1" tenuremask="7ffe" tiltratio="65" />
  <memory-copied type="nursery" objects="10369" bytes="290880" bytesdiscarded="100800" />
  <memory-copied type="tenure" objects="4380" bytes="123472" bytesdiscarded="72" />
  <references type="weak" candidates="10" cleared="10" enqueued="10" />
</gc-op>
<gc-end id="2772" type="scavenge" contextid="2768" durationms="1.843" usertimems="0.000" systemtimems="0.000" timestamp="2019-06-14T19:07:55.193" activeThreads="4">
  <mem-info id="2773" free="2048151128" total="2092630016" percent="97">
    <mem type="nursery" free="1050112" total="2097152" percent="50">
      <mem type="allocate" free="1050112" total="1441792" percent="72" />
      <mem type="survivor" free="0" total="655360" percent="0" />
    </mem>
    <mem type="tenure" free="2047101016" total="2090532864" percent="97">
      <mem type="soa" free="1942575192" total="1986007040" percent="97" />
      <mem type="loa" free="104525824" total="104525824" percent="100" />
    </mem>
    <pending-finalizers system="0" default="0" reference="10" classloader="0" />
    <remembered-set count="270" />
  </mem-info>
</gc-end>
<cycle-end id="2774" type="scavenge" contextid="2768" timestamp="2019-06-14T19:07:55.193" />
  <attribute name="elasticGC enabled" value="1" />
  <attribute name= "numThreadsSpecified" value="4" />
  <attribute name="heapSize specified" value="8388608" />
  <attribute name="Current GC Util" value="44" />
  <attribute name= "Current Time Running" value="3181" />
  <attribute name ="GC Interval" value="200" />
  <attribute name="ProportionalT" value="12.000000" />
  <attribute name="ProportionalI" value="12.000000" />
  <attribute name="ProportionalH" value="12.000000" />
  <attribute name="Current Error" value="24.000000" />
  <attribute name="IntegralT" value="72.000000" />
  <attribute name="IntegralI" value="72.000000" />
  <attribute name="IntegralH" value="72.000000" />
  <attribute name="DerivativeT" value="-0.166667" />
  <attribute name="DerivativeI" value="-0.166667" />
  <attribute name="DerivativeH" value="-0.166667" />
  <attribute name="Loop Time for DT" value="3.000000" />
  <attribute name="Output H" value="8388608"/>
  <attribute name="Output I" value="200"/>
  <attribute name="Output T" value="4"/>
  <attribute name="Target GC Util Change" value ="20.000000" />
  <attribute name="Current GC Util Change" value="44.000000"/>
  <attribute name="GC Util currently" value="44" />
  <attribute name="CPU Util currently" value="1555358967242" />
<allocation-satisfied id="2775" threadId="00000000025DE300" bytesRequested="448" />
<af-end id="2776" timestamp="2019-06-14T19:07:55.193" threadId="00000000025DEC88" success="true" from="nursery"/>
<exclusive-end id="2777" timestamp="2019-06-14T19:07:55.193" durationms="2.381" />

<exclusive-start id="2778" timestamp="2019-06-14T19:07:55.195" intervalms="3.795">
  <response-info timems="0.027" idlems="0.027" threads="0" lastid="00000000025DE300" lastname="PmdThread 4" />
</exclusive-start>
<af-start id="2779" threadId="00000000025DEC88" totalBytesRequested="24" timestamp="2019-06-14T19:07:55.195" intervalms="3.801" type="nursery" />
<cycle-start id="2780" type="scavenge" contextid="0" timestamp="2019-06-14T19:07:55.195" intervalms="3.802" />
<gc-start id="2781" type="scavenge" contextid="2780" timestamp="2019-06-14T19:07:55.195">
  <mem-info id="2782" free="2047101016" total="2092630016" percent="97">
    <mem type="nursery" free="0" total="2097152" percent="0">
      <mem type="allocate" free="0" total="1441792" percent="0" />
      <mem type="survivor" free="0" total="655360" percent="0" />
    </mem>
    <mem type="tenure" free="2047101016" total="2090532864" percent="97">
      <mem type="soa" free="1942575192" total="1986007040" percent="97" />
      <mem type="loa" free="104525824" total="104525824" percent="100" />
    </mem>
    <remembered-set count="519" />
  </mem-info>
</gc-start>
<allocation-stats totalBytes="1046168" >
  <allocated-bytes non-tlh="57832" tlh="988336" />
  <largest-consumer threadName="PmdThread 1" threadId="00000000025DCC00" bytes="499112" />
</allocation-stats>
<gc-op id="2783" type="scavenge" timems="2.399" contextid="2780" timestamp="2019-06-14T19:07:55.198">
  <scavenger-info tenureage="1" tenuremask="7ffe" tiltratio="68" />
  <memory-copied type="nursery" objects="11845" bytes="398856" bytesdiscarded="95496" />
  <memory-copied type="tenure" objects="10320" bytes="288696" bytesdiscarded="152" />
  <references type="weak" candidates="4" cleared="4" enqueued="4" />
  <references type="phantom" candidates="1" cleared="0" enqueued="0" />
</gc-op>
<gc-end id="2784" type="scavenge" contextid="2780" durationms="2.662" usertimems="4.000" systemtimems="0.000" timestamp="2019-06-14T19:07:55.198" activeThreads="4">
  <mem-info id="2785" free="2047839816" total="2092630016" percent="97">
    <mem type="nursery" free="1012976" total="2097152" percent="48">
      <mem type="allocate" free="1012976" total="1507328" percent="67" />
      <mem type="survivor" free="0" total="589824" percent="0" />
    </mem>
    <mem type="tenure" free="2046826840" total="2090532864" percent="97">
      <mem type="soa" free="1942301016" total="1986007040" percent="97" />
      <mem type="loa" free="104525824" total="104525824" percent="100" />
    </mem>
    <pending-finalizers system="0" default="0" reference="4" classloader="0" />
    <remembered-set count="323" />
  </mem-info>
</gc-end>
<cycle-end id="2786" type="scavenge" contextid="2780" timestamp="2019-06-14T19:07:55.198" />
  <attribute name="elasticGC enabled" value="1" />
  <attribute name= "numThreadsSpecified" value="4" />
  <attribute name="heapSize specified" value="8388608" />
  <attribute name="Current GC Util" value="76" />
  <attribute name= "Current Time Running" value="3185" />
  <attribute name ="GC Interval" value="256" />
  <attribute name="ProportionalT" value="28.000000" />
  <attribute name="ProportionalI" value="28.000000" />
  <attribute name="ProportionalH" value="28.000000" />
  <attribute name="Current Error" value="56.000000" />
  <attribute name="IntegralT" value="224.000000" />
  <attribute name="IntegralI" value="224.000000" />
  <attribute name="IntegralH" value="224.000000" />
  <attribute name="DerivativeT" value="4.000000" />
  <attribute name="DerivativeI" value="4.000000" />
  <attribute name="DerivativeH" value="4.000000" />
  <attribute name="Loop Time for DT" value="4.000000" />
  <attribute name="Output H" value="8388608"/>
  <attribute name="Output I" value="256"/>
  <attribute name="Output T" value="4"/>
  <attribute name="Target GC Util Change" value ="20.000000" />
  <attribute name="Current GC Util Change" value="76.000000"/>
  <attribute name="GC Util currently" value="76" />
  <attribute name="CPU Util currently" value="1177695201540" />
<allocation-satisfied id="2787" threadId="00000000025DE300" bytesRequested="24" />
<af-end id="2788" timestamp="2019-06-14T19:07:55.198" threadId="00000000025DEC88" success="true" from="nursery"/>
<exclusive-end id="2789" timestamp="2019-06-14T19:07:55.198" durationms="3.178" />

<exclusive-start id="2790" timestamp="2019-06-14T19:07:55.199" intervalms="4.271">
  <response-info timems="0.036" idlems="0.036" threads="0" lastid="00000000025E0800" lastname="PmdThread 2" />
</exclusive-start>
<af-start id="2791" threadId="00000000025E1188" totalBytesRequested="32" timestamp="2019-06-14T19:07:55.199" intervalms="4.289" type="nursery" />
<cycle-start id="2792" type="scavenge" contextid="0" timestamp="2019-06-14T19:07:55.199" intervalms="4.287" />
<gc-start id="2793" type="scavenge" contextid="2792" timestamp="2019-06-14T19:07:55.199">
  <mem-info id="2794" free="2046826840" total="2092630016" percent="97">
    <mem type="nursery" free="0" total="2097152" percent="0">
      <mem type="allocate" free="0" total="1507328" percent="0" />
      <mem type="survivor" free="0" total="589824" percent="0" />
    </mem>
    <mem type="tenure" free="2046826840" total="2090532864" percent="97">
      <mem type="soa" free="1942301016" total="1986007040" percent="97" />
      <mem type="loa" free="104525824" total="104525824" percent="100" />
    </mem>
    <remembered-set count="469" />
  </mem-info>
</gc-start>
<allocation-stats totalBytes="1012680" >
  <allocated-bytes non-tlh="24" tlh="1012656" />
  <largest-consumer threadName="PmdThread 4" threadId="00000000025DE300" bytes="470984" />
</allocation-stats>
<gc-op id="2795" type="scavenge" timems="1.514" contextid="2792" timestamp="2019-06-14T19:07:55.201">
  <scavenger-info tenureage="1" tenuremask="7ffe" tiltratio="71" />
  <memory-copied type="nursery" objects="8224" bytes="235432" bytesdiscarded="77912" />
  <memory-copied type="tenure" objects="11819" bytes="397944" bytesdiscarded="432" />
</gc-op>
<gc-end id="2796" type="scavenge" contextid="2792" durationms="1.806" usertimems="0.000" systemtimems="4.000" timestamp="2019-06-14T19:07:55.201" activeThreads="4">
  <mem-info id="2797" free="2047604552" total="2092630016" percent="97">
    <mem type="nursery" free="1193984" total="2097152" percent="56">
      <mem type="allocate" free="1193984" total="1507328" percent="79" />
      <mem type="survivor" free="0" total="589824" percent="0" />
    </mem>
    <mem type="tenure" free="2046410568" total="2090532864" percent="97">
      <mem type="soa" free="1941884744" total="1986007040" percent="97" />
      <mem type="loa" free="104525824" total="104525824" percent="100" />
    </mem>
    <remembered-set count="293" />
  </mem-info>
</gc-end>
<cycle-end id="2798" type="scavenge" contextid="2792" timestamp="2019-06-14T19:07:55.201" />
  <attribute name="elasticGC enabled" value="1" />
  <attribute name= "numThreadsSpecified" value="4" />
  <attribute name="heapSize specified" value="8388608" />
  <attribute name="Current GC Util" value="101" />
  <attribute name= "Current Time Running" value="3190" />
  <attribute name ="GC Interval" value="448" />
  <attribute name="ProportionalT" value="40.500000" />
  <attribute name="ProportionalI" value="40.500000" />
  <attribute name="ProportionalH" value="40.500000" />
  <attribute name="Current Error" value="81.000000" />
  <attribute name="IntegralT" value="405.000000" />
  <attribute name="IntegralI" value="405.000000" />
  <attribute name="IntegralH" value="405.000000" />
  <attribute name="DerivativeT" value="2.500000" />
  <attribute name="DerivativeI" value="2.500000" />
  <attribute name="DerivativeH" value="2.500000" />
  <attribute name="Loop Time for DT" value="5.000000" />
  <attribute name="Output H" value="8388608"/>
  <attribute name="Output I" value="448"/>
  <attribute name="Output T" value="4"/>
  <attribute name="Target GC Util Change" value ="20.000000" />
  <attribute name="Current GC Util Change" value="101.000000"/>
  <attribute name="GC Util currently" value="101" />
  <attribute name="CPU Util currently" value="1076102572358" />
<allocation-satisfied id="2799" threadId="00000000025E0800" bytesRequested="32" />
<af-end id="2800" timestamp="2019-06-14T19:07:55.201" threadId="00000000025E1188" success="true" from="nursery"/>
<exclusive-end id="2801" timestamp="2019-06-14T19:07:55.201" durationms="2.384" />

<exclusive-start id="2802" timestamp="2019-06-14T19:07:55.208" intervalms="9.385">
  <response-info timems="0.056" idlems="0.056" threads="0" lastid="00000000025DCC00" lastname="PmdThread 1" />
</exclusive-start>
<af-start id="2803" threadId="00000000025DD588" totalBytesRequested="56" timestamp="2019-06-14T19:07:55.209" intervalms="9.412" type="nursery" />
<cycle-start id="2804" type="scavenge" contextid="0" timestamp="2019-06-14T19:07:55.209" intervalms="9.409" />
<gc-start id="2805" type="scavenge" contextid="2804" timestamp="2019-06-14T19:07:55.209">
  <mem-info id="2806" free="2046410568" total="2092630016" percent="97">
    <mem type="nursery" free="0" total="2097152" percent="0">
      <mem type="allocate" free="0" total="1507328" percent="0" />
      <mem type="survivor" free="0" total="589824" percent="0" />
    </mem>
    <mem type="tenure" free="2046410568" total="2090532864" percent="97">
      <mem type="soa" free="1941884744" total="1986007040" percent="97" />
      <mem type="loa" free="104525824" total="104525824" percent="100" />
    </mem>
    <remembered-set count="1141" />
  </mem-info>
</gc-start>
<allocation-stats totalBytes="1193368" >
  <allocated-bytes non-tlh="32" tlh="1193336" />
  <largest-consumer threadName="PmdThread 2" threadId="00000000025E0800" bytes="1011224" />
</allocation-stats>
<gc-op id="2807" type="scavenge" timems="1.146" contextid="2804" timestamp="2019-06-14T19:07:55.210">
  <scavenger-info tenureage="1" tenuremask="7ffe" tiltratio="71" />
  <memory-copied type="nursery" objects="5074" bytes="160040" bytesdiscarded="153304" />
  <memory-copied type="tenure" objects="8216" bytes="234584" bytesdiscarded="112" />
</gc-op>
<gc-end id="2808" type="scavenge" contextid="2804" durationms="1.441" usertimems="4.000" systemtimems="0.000" timestamp="2019-06-14T19:07:55.210" activeThreads="4">
  <mem-info id="2809" free="2047435080" total="2092630016" percent="97">
    <mem type="nursery" free="1259520" total="2097152" percent="60">
      <mem type="allocate" free="1259520" total="1572864" percent="80" />
      <mem type="survivor" free="0" total="524288" percent="0" />
    </mem>
    <mem type="tenure" free="2046175560" total="2090532864" percent="97">
      <mem type="soa" free="1941649736" total="1986007040" percent="97" />
      <mem type="loa" free="104525824" total="104525824" percent="100" />
    </mem>
    <remembered-set count="1000" />
  </mem-info>
</gc-end>
<cycle-end id="2810" type="scavenge" contextid="2804" timestamp="2019-06-14T19:07:55.210" />
  <attribute name="elasticGC enabled" value="1" />
  <attribute name= "numThreadsSpecified" value="4" />
  <attribute name="heapSize specified" value="8388608" />
  <attribute name="Current GC Util" value="32" />
  <attribute name= "Current Time Running" value="3199" />
  <attribute name ="GC Interval" value="200" />
  <attribute name="ProportionalT" value="6.000000" />
  <attribute name="ProportionalI" value="6.000000" />
  <attribute name="ProportionalH" value="6.000000" />
  <attribute name="Current Error" value="12.000000" />
  <attribute name="IntegralT" value="108.000000" />
  <attribute name="IntegralI" value="108.000000" />
  <attribute name="IntegralH" value="108.000000" />
  <attribute name="DerivativeT" value="-3.833333" />
  <attribute name="DerivativeI" value="-3.833333" />
  <attribute name="DerivativeH" value="-3.833333" />
  <attribute name="Loop Time for DT" value="9.000000" />
  <attribute name="Output H" value="8388608"/>
  <attribute name="Output I" value="200"/>
  <attribute name="Output T" value="4"/>
  <attribute name="Target GC Util Change" value ="20.000000" />
  <attribute name="Current GC Util Change" value="32.000000"/>
  <attribute name="GC Util currently" value="32" />
  <attribute name="CPU Util currently" value="490333749420" />
<allocation-satisfied id="2811" threadId="00000000025DCC00" bytesRequested="56" />
<af-end id="2812" timestamp="2019-06-14T19:07:55.210" threadId="00000000025DD588" success="true" from="nursery"/>
<exclusive-end id="2813" timestamp="2019-06-14T19:07:55.211" durationms="2.048" />

<exclusive-start id="2814" timestamp="2019-06-14T19:07:55.214" intervalms="5.229">
  <response-info timems="0.036" idlems="0.036" threads="0" lastid="00000000025DCC00" lastname="PmdThread 1" />
</exclusive-start>
<af-start id="2815" threadId="00000000025DD588" totalBytesRequested="56" timestamp="2019-06-14T19:07:55.214" intervalms="5.227" type="nursery" />
<cycle-start id="2816" type="scavenge" contextid="0" timestamp="2019-06-14T19:07:55.214" intervalms="5.202" />
<gc-start id="2817" type="scavenge" contextid="2816" timestamp="2019-06-14T19:07:55.214">
  <mem-info id="2818" free="2046175560" total="2092630016" percent="97">
    <mem type="nursery" free="0" total="2097152" percent="0">
      <mem type="allocate" free="0" total="1572864" percent="0" />
      <mem type="survivor" free="0" total="524288" percent="0" />
    </mem>
    <mem type="tenure" free="2046175560" total="2090532864" percent="97">
      <mem type="soa" free="1941649736" total="1986007040" percent="97" />
      <mem type="loa" free="104525824" total="104525824" percent="100" />
    </mem>
    <remembered-set count="1374" />
  </mem-info>
</gc-start>
<allocation-stats totalBytes="1258896" >
  <allocated-bytes non-tlh="56" tlh="1258840" />
  <largest-consumer threadName="PmdThread 2" threadId="00000000025E0800" bytes="456584" />
</allocation-stats>
<gc-op id="2819" type="scavenge" timems="0.620" contextid="2816" timestamp="2019-06-14T19:07:55.215">
  <scavenger-info tenureage="1" tenuremask="7ffe" tiltratio="75" />
  <memory-copied type="nursery" objects="5490" bytes="180352" bytesdiscarded="93792" />
  <memory-copied type="tenure" objects="5038" bytes="157368" bytesdiscarded="64" />
  <references type="weak" candidates="3" cleared="3" enqueued="3" />
  <references type="phantom" candidates="1" cleared="1" enqueued="1" />
</gc-op>
<gc-end id="2820" type="scavenge" contextid="2816" durationms="0.968" usertimems="0.000" systemtimems="0.000" timestamp="2019-06-14T19:07:55.215" activeThreads="4">
  <mem-info id="2821" free="2047352392" total="2092630016" percent="97">
    <mem type="nursery" free="1364224" total="2097152" percent="65">
      <mem type="allocate" free="1364224" total="1638400" percent="83" />
      <mem type="survivor" free="0" total="458752" percent="0" />
    </mem>
    <mem type="tenure" free="2045988168" total="2090532864" percent="97">
      <mem type="soa" free="1941462344" total="1986007040" percent="97" />
      <mem type="loa" free="104525824" total="104525824" percent="100" />
    </mem>
    <pending-finalizers system="0" default="0" reference="4" classloader="0" />
    <remembered-set count="549" />
  </mem-info>
</gc-end>
<cycle-end id="2822" type="scavenge" contextid="2816" timestamp="2019-06-14T19:07:55.215" />
  <attribute name="elasticGC enabled" value="1" />
  <attribute name= "numThreadsSpecified" value="4" />
  <attribute name="heapSize specified" value="8388608" />
  <attribute name="Current GC Util" value="31" />
  <attribute name= "Current Time Running" value="3204" />
  <attribute name ="GC Interval" value="200" />
  <attribute name="ProportionalT" value="5.500000" />
  <attribute name="ProportionalI" value="5.500000" />
  <attribute name="ProportionalH" value="5.500000" />
  <attribute name="Current Error" value="11.000000" />
  <attribute name="IntegralT" value="55.000000" />
  <attribute name="IntegralI" value="55.000000" />
  <attribute name="IntegralH" value="55.000000" />
  <attribute name="DerivativeT" value="-0.100000" />
  <attribute name="DerivativeI" value="-0.100000" />
  <attribute name="DerivativeH" value="-0.100000" />
  <attribute name="Loop Time for DT" value="5.000000" />
  <attribute name="Output H" value="8388608"/>
  <attribute name="Output I" value="200"/>
  <attribute name="Output T" value="4"/>
  <attribute name="Target GC Util Change" value ="20.000000" />
  <attribute name="Current GC Util Change" value="31.000000"/>
  <attribute name="GC Util currently" value="31" />
  <attribute name="CPU Util currently" value="879876808638" />
<allocation-satisfied id="2823" threadId="00000000025DCC00" bytesRequested="56" />
<af-end id="2824" timestamp="2019-06-14T19:07:55.215" threadId="00000000025DD588" success="true" from="nursery"/>
<exclusive-end id="2825" timestamp="2019-06-14T19:07:55.215" durationms="1.457" />

<exclusive-start id="2826" timestamp="2019-06-14T19:07:55.218" intervalms="4.621">
  <response-info timems="0.060" idlems="0.060" threads="0" lastid="00000000025E0800" lastname="PmdThread 2" />
</exclusive-start>
<af-start id="2827" threadId="00000000025E1188" totalBytesRequested="24" timestamp="2019-06-14T19:07:55.218" intervalms="4.611" type="nursery" />
<cycle-start id="2828" type="scavenge" contextid="0" timestamp="2019-06-14T19:07:55.219" intervalms="4.628" />
<gc-start id="2829" type="scavenge" contextid="2828" timestamp="2019-06-14T19:07:55.219">
  <mem-info id="2830" free="2045988168" total="2092630016" percent="97">
    <mem type="nursery" free="0" total="2097152" percent="0">
      <mem type="allocate" free="0" total="1638400" percent="0" />
      <mem type="survivor" free="0" total="458752" percent="0" />
    </mem>
    <mem type="tenure" free="2045988168" total="2090532864" percent="97">
      <mem type="soa" free="1941462344" total="1986007040" percent="97" />
      <mem type="loa" free="104525824" total="104525824" percent="100" />
    </mem>
    <remembered-set count="906" />
  </mem-info>
</gc-start>
<allocation-stats totalBytes="1359592" >
  <allocated-bytes non-tlh="49232" tlh="1310360" />
  <largest-consumer threadName="PmdThread 1" threadId="00000000025DCC00" bytes="520184" />
</allocation-stats>
<gc-op id="2831" type="scavenge" timems="1.619" contextid="2828" timestamp="2019-06-14T19:07:55.220">
  <scavenger-info tenureage="1" tenuremask="7ffe" tiltratio="78" />
  <memory-copied type="nursery" objects="6494" bytes="366504" bytesdiscarded="92248" />
  <memory-copied type="tenure" objects="8523" bytes="268344" bytesdiscarded="312" />
  <copy-failed type="nursery" objects="3057" bytes="90272" />
  <references type="phantom" candidates="1" cleared="0" enqueued="0" />
</gc-op>
<gc-end id="2832" type="scavenge" contextid="2828" durationms="1.856" usertimems="4.000" systemtimems="0.000" timestamp="2019-06-14T19:07:55.220" activeThreads="4">
  <mem-info id="2833" free="2046507888" total="2092630016" percent="97">
    <mem type="nursery" free="786432" total="2097152" percent="37">
      <mem type="allocate" free="786432" total="1245184" percent="63" />
      <mem type="survivor" free="0" total="851968" percent="0" />
    </mem>
    <mem type="tenure" free="2045721456" total="2090532864" percent="97">
      <mem type="soa" free="1941195632" total="1986007040" percent="97" />
      <mem type="loa" free="104525824" total="104525824" percent="100" />
    </mem>
    <remembered-set count="725" />
  </mem-info>
</gc-end>
<cycle-end id="2834" type="scavenge" contextid="2828" timestamp="2019-06-14T19:07:55.221" />
  <attribute name="elasticGC enabled" value="1" />
  <attribute name= "numThreadsSpecified" value="4" />
  <attribute name="heapSize specified" value="8388608" />
  <attribute name="Current GC Util" value="33" />
  <attribute name= "Current Time Running" value="3209" />
  <attribute name ="GC Interval" value="200" />
  <attribute name="ProportionalT" value="6.500000" />
  <attribute name="ProportionalI" value="6.500000" />
  <attribute name="ProportionalH" value="6.500000" />
  <attribute name="Current Error" value="13.000000" />
  <attribute name="IntegralT" value="65.000000" />
  <attribute name="IntegralI" value="65.000000" />
  <attribute name="IntegralH" value="65.000000" />
  <attribute name="DerivativeT" value="0.200000" />
  <attribute name="DerivativeI" value="0.200000" />
  <attribute name="DerivativeH" value="0.200000" />
  <attribute name="Loop Time for DT" value="5.000000" />
  <attribute name="Output H" value="8388608"/>
  <attribute name="Output I" value="200"/>
  <attribute name="Output T" value="4"/>
  <attribute name="Target GC Util Change" value ="20.000000" />
  <attribute name="Current GC Util Change" value="33.000000"/>
  <attribute name="GC Util currently" value="33" />
  <attribute name="CPU Util currently" value="1019684658638" />
<allocation-satisfied id="2835" threadId="00000000025E0800" bytesRequested="24" />
<af-end id="2836" timestamp="2019-06-14T19:07:55.221" threadId="00000000025E1188" success="true" from="nursery"/>
<exclusive-end id="2837" timestamp="2019-06-14T19:07:55.221" durationms="2.465" />

<exclusive-start id="2838" timestamp="2019-06-14T19:07:55.222" intervalms="4.136">
  <response-info timems="0.057" idlems="0.057" threads="0" lastid="00000000025E0800" lastname="PmdThread 2" />
</exclusive-start>
<af-start id="2839" threadId="00000000025E1188" totalBytesRequested="72" timestamp="2019-06-14T19:07:55.223" intervalms="4.122" type="nursery" />
<cycle-start id="2840" type="scavenge" contextid="0" timestamp="2019-06-14T19:07:55.223" intervalms="4.119" />
<gc-start id="2841" type="scavenge" contextid="2840" timestamp="2019-06-14T19:07:55.223">
  <mem-info id="2842" free="2045721456" total="2092630016" percent="97">
    <mem type="nursery" free="0" total="2097152" percent="0">
      <mem type="allocate" free="0" total="1245184" percent="0" />
      <mem type="survivor" free="0" total="851968" percent="0" />
    </mem>
    <mem type="tenure" free="2045721456" total="2090532864" percent="97">
      <mem type="soa" free="1941195632" total="1986007040" percent="97" />
      <mem type="loa" free="104525824" total="104525824" percent="100" />
    </mem>
    <remembered-set count="945" />
  </mem-info>
</gc-start>
<allocation-stats totalBytes="786168" >
  <allocated-bytes non-tlh="24" tlh="786144" />
  <largest-consumer threadName="PmdThread 4" threadId="00000000025DE300" bytes="229272" />
</allocation-stats>
<gc-op id="2843" type="scavenge" timems="1.164" contextid="2840" timestamp="2019-06-14T19:07:55.224">
  <scavenger-info tenureage="1" tenuremask="7ffe" tiltratio="59" />
  <memory-copied type="nursery" objects="7476" bytes="248192" bytesdiscarded="95856" />
  <memory-copied type="tenure" objects="6460" bytes="365632" bytesdiscarded="80" />
  <references type="weak" candidates="1" cleared="0" enqueued="0" />
  <references type="phantom" candidates="1" cleared="0" enqueued="0" />
</gc-op>
<gc-end id="2844" type="scavenge" contextid="2840" durationms="1.386" usertimems="4.000" systemtimems="0.000" timestamp="2019-06-14T19:07:55.224" activeThreads="4">
  <mem-info id="2845" free="2046278968" total="2092630016" percent="97">
    <mem type="nursery" free="966656" total="2097152" percent="46">
      <mem type="allocate" free="966656" total="1310720" percent="73" />
      <mem type="survivor" free="0" total="786432" percent="0" />
    </mem>
    <mem type="tenure" free="2045312312" total="2090532864" percent="97">
      <mem type="soa" free="1940786488" total="1986007040" percent="97" />
      <mem type="loa" free="104525824" total="104525824" percent="100" />
    </mem>
    <remembered-set count="449" />
  </mem-info>
</gc-end>
<cycle-end id="2846" type="scavenge" contextid="2840" timestamp="2019-06-14T19:07:55.224" />
  <attribute name="elasticGC enabled" value="1" />
  <attribute name= "numThreadsSpecified" value="4" />
  <attribute name="heapSize specified" value="8388608" />
  <attribute name="Current GC Util" value="79" />
  <attribute name= "Current Time Running" value="3213" />
  <attribute name ="GC Interval" value="272" />
  <attribute name="ProportionalT" value="29.500000" />
  <attribute name="ProportionalI" value="29.500000" />
  <attribute name="ProportionalH" value="29.500000" />
  <attribute name="Current Error" value="59.000000" />
  <attribute name="IntegralT" value="236.000000" />
  <attribute name="IntegralI" value="236.000000" />
  <attribute name="IntegralH" value="236.000000" />
  <attribute name="DerivativeT" value="5.750000" />
  <attribute name="DerivativeI" value="5.750000" />
  <attribute name="DerivativeH" value="5.750000" />
  <attribute name="Loop Time for DT" value="4.000000" />
  <attribute name="Output H" value="8388608"/>
  <attribute name="Output I" value="272"/>
  <attribute name="Output T" value="4"/>
  <attribute name="Target GC Util Change" value ="20.000000" />
  <attribute name="Current GC Util Change" value="79.000000"/>
  <attribute name="GC Util currently" value="79" />
  <attribute name="CPU Util currently" value="1132873601921" />
<allocation-satisfied id="2847" threadId="00000000025E0800" bytesRequested="72" />
<af-end id="2848" timestamp="2019-06-14T19:07:55.224" threadId="00000000025E1188" success="true" from="nursery"/>
<exclusive-end id="2849" timestamp="2019-06-14T19:07:55.224" durationms="1.949" />

<exclusive-start id="2850" timestamp="2019-06-14T19:07:55.227" intervalms="5.047">
  <response-info timems="0.096" idlems="0.058" threads="1" lastid="00000000025DCC00" lastname="PmdThread 1" />
</exclusive-start>
<af-start id="2851" threadId="00000000025E1188" totalBytesRequested="32" timestamp="2019-06-14T19:07:55.228" intervalms="5.056" type="nursery" />
<cycle-start id="2852" type="scavenge" contextid="0" timestamp="2019-06-14T19:07:55.228" intervalms="5.040" />
<gc-start id="2853" type="scavenge" contextid="2852" timestamp="2019-06-14T19:07:55.228">
  <mem-info id="2854" free="2045312240" total="2092630016" percent="97">
    <mem type="nursery" free="0" total="2097152" percent="0">
      <mem type="allocate" free="0" total="1310720" percent="0" />
      <mem type="survivor" free="0" total="786432" percent="0" />
    </mem>
    <mem type="tenure" free="2045312240" total="2090532864" percent="97">
      <mem type="soa" free="1940786416" total="1986007040" percent="97" />
      <mem type="loa" free="104525824" total="104525824" percent="100" />
    </mem>
    <remembered-set count="819" />
  </mem-info>
</gc-start>
<allocation-stats totalBytes="966240" >
  <allocated-bytes non-tlh="144" tlh="966096" />
  <largest-consumer threadName="PmdThread 2" threadId="00000000025E0800" bytes="376752" />
</allocation-stats>
<gc-op id="2855" type="scavenge" timems="1.643" contextid="2852" timestamp="2019-06-14T19:07:55.230">
  <scavenger-info tenureage="1" tenuremask="7ffe" tiltratio="62" />
  <memory-copied type="nursery" objects="3832" bytes="124264" bytesdiscarded="110720" />
  <memory-copied type="tenure" objects="7173" bytes="236096" bytesdiscarded="496" />
  <references type="weak" candidates="9" cleared="8" enqueued="8" />
  <references type="phantom" candidates="1" cleared="0" enqueued="0" />
</gc-op>
<gc-end id="2856" type="scavenge" contextid="2852" durationms="1.849" usertimems="0.000" systemtimems="4.000" timestamp="2019-06-14T19:07:55.230" activeThreads="4">
  <mem-info id="2857" free="2046253296" total="2092630016" percent="97">
    <mem type="nursery" free="1206784" total="2097152" percent="57">
      <mem type="allocate" free="1206784" total="1441792" percent="83" />
      <mem type="survivor" free="0" total="655360" percent="0" />
    </mem>
    <mem type="tenure" free="2045046512" total="2090532864" percent="97">
      <mem type="soa" free="1940520688" total="1986007040" percent="97" />
      <mem type="loa" free="104525824" total="104525824" percent="100" />
    </mem>
    <pending-finalizers system="0" default="0" reference="8" classloader="0" />
    <remembered-set count="703" />
  </mem-info>
</gc-end>
<cycle-end id="2858" type="scavenge" contextid="2852" timestamp="2019-06-14T19:07:55.230" />
  <attribute name="elasticGC enabled" value="1" />
  <attribute name= "numThreadsSpecified" value="4" />
  <attribute name="heapSize specified" value="8388608" />
  <attribute name="Current GC Util" value="50" />
  <attribute name= "Current Time Running" value="3218" />
  <attribute name ="GC Interval" value="200" />
  <attribute name="ProportionalT" value="15.000000" />
  <attribute name="ProportionalI" value="15.000000" />
  <attribute name="ProportionalH" value="15.000000" />
  <attribute name="Current Error" value="30.000000" />
  <attribute name="IntegralT" value="150.000000" />
  <attribute name="IntegralI" value="150.000000" />
  <attribute name="IntegralH" value="150.000000" />
  <attribute name="DerivativeT" value="-2.900000" />
  <attribute name="DerivativeI" value="-2.900000" />
  <attribute name="DerivativeH" value="-2.900000" />
  <attribute name="Loop Time for DT" value="5.000000" />
  <attribute name="Output H" value="8388608"/>
  <attribute name="Output I" value="200"/>
  <attribute name="Output T" value="4"/>
  <attribute name="Target GC Util Change" value ="20.000000" />
  <attribute name="Current GC Util Change" value="50.000000"/>
  <attribute name="GC Util currently" value="50" />
  <attribute name="CPU Util currently" value="906401394307" />
<allocation-satisfied id="2859" threadId="00000000025E0800" bytesRequested="32" />
<af-end id="2860" timestamp="2019-06-14T19:07:55.230" threadId="00000000025E1188" success="true" from="nursery"/>
<exclusive-end id="2861" timestamp="2019-06-14T19:07:55.230" durationms="2.414" />

<exclusive-start id="2862" timestamp="2019-06-14T19:07:55.232" intervalms="4.862">
  <response-info timems="0.053" idlems="0.053" threads="0" lastid="00000000025DE300" lastname="PmdThread 4" />
</exclusive-start>
<af-start id="2863" threadId="00000000025DEC88" totalBytesRequested="560" timestamp="2019-06-14T19:07:55.232" intervalms="4.867" type="nursery" />
<cycle-start id="2864" type="scavenge" contextid="0" timestamp="2019-06-14T19:07:55.233" intervalms="4.894" />
<gc-start id="2865" type="scavenge" contextid="2864" timestamp="2019-06-14T19:07:55.233">
  <mem-info id="2866" free="2045046248" total="2092630016" percent="97">
    <mem type="nursery" free="0" total="2097152" percent="0">
      <mem type="allocate" free="0" total="1441792" percent="0" />
      <mem type="survivor" free="0" total="655360" percent="0" />
    </mem>
    <mem type="tenure" free="2045046248" total="2090532864" percent="97">
      <mem type="soa" free="1940520424" total="1986007040" percent="97" />
      <mem type="loa" free="104525824" total="104525824" percent="100" />
    </mem>
    <remembered-set count="974" />
  </mem-info>
</gc-start>
<allocation-stats totalBytes="1204824" >
  <allocated-bytes non-tlh="16688" tlh="1188136" />
  <largest-consumer threadName="PmdThread 2" threadId="00000000025E0800" bytes="511904" />
</allocation-stats>
<gc-op id="2867" type="scavenge" timems="1.048" contextid="2864" timestamp="2019-06-14T19:07:55.234">
  <scavenger-info tenureage="2" tenuremask="7ffc" tiltratio="68" />
  <memory-copied type="nursery" objects="6297" bytes="274280" bytesdiscarded="114096" />
  <references type="weak" candidates="25" cleared="25" enqueued="25" />
  <references type="phantom" candidates="2" cleared="1" enqueued="1" />
</gc-op>
<gc-end id="2868" type="scavenge" contextid="2864" durationms="1.267" usertimems="0.000" systemtimems="0.000" timestamp="2019-06-14T19:07:55.234" activeThreads="4">
  <mem-info id="2869" free="2046099624" total="2092630016" percent="97">
    <mem type="nursery" free="1053376" total="2097152" percent="50">
      <mem type="allocate" free="1053376" total="1441792" percent="73" />
      <mem type="survivor" free="0" total="655360" percent="0" />
    </mem>
    <mem type="tenure" free="2045046248" total="2090532864" percent="97">
      <mem type="soa" free="1940520424" total="1986007040" percent="97" />
      <mem type="loa" free="104525824" total="104525824" percent="100" />
    </mem>
    <pending-finalizers system="0" default="0" reference="26" classloader="0" />
    <remembered-set count="903" />
  </mem-info>
</gc-end>
<cycle-end id="2870" type="scavenge" contextid="2864" timestamp="2019-06-14T19:07:55.234" />
  <attribute name="elasticGC enabled" value="1" />
  <attribute name= "numThreadsSpecified" value="4" />
  <attribute name="heapSize specified" value="8388608" />
  <attribute name="Current GC Util" value="77" />
  <attribute name= "Current Time Running" value="3223" />
  <attribute name ="GC Interval" value="320" />
  <attribute name="ProportionalT" value="28.500000" />
  <attribute name="ProportionalI" value="28.500000" />
  <attribute name="ProportionalH" value="28.500000" />
  <attribute name="Current Error" value="57.000000" />
  <attribute name="IntegralT" value="285.000000" />
  <attribute name="IntegralI" value="285.000000" />
  <attribute name="IntegralH" value="285.000000" />
  <attribute name="DerivativeT" value="2.700000" />
  <attribute name="DerivativeI" value="2.700000" />
  <attribute name="DerivativeH" value="2.700000" />
  <attribute name="Loop Time for DT" value="5.000000" />
  <attribute name="Output H" value="8388608"/>
  <attribute name="Output I" value="320"/>
  <attribute name="Output T" value="4"/>
  <attribute name="Target GC Util Change" value ="20.000000" />
  <attribute name="Current GC Util Change" value="77.000000"/>
  <attribute name="GC Util currently" value="77" />
  <attribute name="CPU Util currently" value="934616755364" />
<allocation-satisfied id="2871" threadId="00000000025DE300" bytesRequested="560" />
<af-end id="2872" timestamp="2019-06-14T19:07:55.234" threadId="00000000025DEC88" success="true" from="nursery"/>
<exclusive-end id="2873" timestamp="2019-06-14T19:07:55.234" durationms="1.782" />

<exclusive-start id="2874" timestamp="2019-06-14T19:07:55.236" intervalms="3.596">
  <response-info timems="0.036" idlems="0.021" threads="1" lastid="00000000025DE300" lastname="PmdThread 4" />
</exclusive-start>
<af-start id="2875" threadId="00000000025E1188" totalBytesRequested="72" timestamp="2019-06-14T19:07:55.236" intervalms="3.591" type="nursery" />
<cycle-start id="2876" type="scavenge" contextid="0" timestamp="2019-06-14T19:07:55.236" intervalms="3.592" />
<gc-start id="2877" type="scavenge" contextid="2876" timestamp="2019-06-14T19:07:55.236">
  <mem-info id="2878" free="2045046248" total="2092630016" percent="97">
    <mem type="nursery" free="0" total="2097152" percent="0">
      <mem type="allocate" free="0" total="1441792" percent="0" />
      <mem type="survivor" free="0" total="655360" percent="0" />
    </mem>
    <mem type="tenure" free="2045046248" total="2090532864" percent="97">
      <mem type="soa" free="1940520424" total="1986007040" percent="97" />
      <mem type="loa" free="104525824" total="104525824" percent="100" />
    </mem>
    <remembered-set count="930" />
  </mem-info>
</gc-start>
<allocation-stats totalBytes="1052824" >
  <allocated-bytes non-tlh="443760" tlh="609064" />
  <largest-consumer threadName="PmdThread 2" threadId="00000000025E0800" bytes="806784" />
</allocation-stats>
<gc-op id="2879" type="scavenge" timems="1.725" contextid="2876" timestamp="2019-06-14T19:07:55.238">
  <scavenger-info tenureage="2" tenuremask="7ffc" tiltratio="68" />
  <memory-copied type="nursery" objects="4503" bytes="402144" bytesdiscarded="181216" />
  <memory-copied type="tenure" objects="3774" bytes="115584" bytesdiscarded="16" />
  <references type="weak" candidates="9" cleared="9" enqueued="9" />
  <references type="phantom" candidates="2" cleared="1" enqueued="1" />
</gc-op>
<gc-end id="2880" type="scavenge" contextid="2876" durationms="1.916" usertimems="4.000" systemtimems="0.000" timestamp="2019-06-14T19:07:55.238" activeThreads="4">
  <mem-info id="2881" free="2045852696" total="2092630016" percent="97">
    <mem type="nursery" free="923952" total="2097152" percent="44">
      <mem type="allocate" free="923952" total="1507328" percent="61" />
      <mem type="survivor" free="0" total="589824" percent="0" />
    </mem>
    <mem type="tenure" free="2044928744" total="2090532864" percent="97">
      <mem type="soa" free="1940402920" total="1986007040" percent="97" />
      <mem type="loa" free="104525824" total="104525824" percent="100" />
    </mem>
    <pending-finalizers system="0" default="0" reference="10" classloader="0" />
    <remembered-set count="358" />
  </mem-info>
</gc-end>
<cycle-end id="2882" type="scavenge" contextid="2876" timestamp="2019-06-14T19:07:55.238" />
  <attribute name="elasticGC enabled" value="1" />
  <attribute name= "numThreadsSpecified" value="4" />
  <attribute name="heapSize specified" value="8388608" />
  <attribute name="Current GC Util" value="58" />
  <attribute name= "Current Time Running" value="3226" />
  <attribute name ="GC Interval" value="200" />
  <attribute name="ProportionalT" value="19.000000" />
  <attribute name="ProportionalI" value="19.000000" />
  <attribute name="ProportionalH" value="19.000000" />
  <attribute name="Current Error" value="38.000000" />
  <attribute name="IntegralT" value="114.000000" />
  <attribute name="IntegralI" value="114.000000" />
  <attribute name="IntegralH" value="114.000000" />
  <attribute name="DerivativeT" value="-3.166667" />
  <attribute name="DerivativeI" value="-3.166667" />
  <attribute name="DerivativeH" value="-3.166667" />
  <attribute name="Loop Time for DT" value="3.000000" />
  <attribute name="Output H" value="8388608"/>
  <attribute name="Output I" value="200"/>
  <attribute name="Output T" value="4"/>
  <attribute name="Target GC Util Change" value ="20.000000" />
  <attribute name="Current GC Util Change" value="58.000000"/>
  <attribute name="GC Util currently" value="58" />
  <attribute name="CPU Util currently" value="1301666144076" />
<allocation-satisfied id="2883" threadId="00000000025E0800" bytesRequested="72" />
<af-end id="2884" timestamp="2019-06-14T19:07:55.238" threadId="00000000025E1188" success="true" from="nursery"/>
<exclusive-end id="2885" timestamp="2019-06-14T19:07:55.238" durationms="2.450" />

<exclusive-start id="2886" timestamp="2019-06-14T19:07:55.239" intervalms="3.543">
  <response-info timems="0.033" idlems="0.033" threads="0" lastid="00000000025E0800" lastname="PmdThread 2" />
</exclusive-start>
<af-start id="2887" threadId="00000000025E1188" totalBytesRequested="64" timestamp="2019-06-14T19:07:55.240" intervalms="3.522" type="nursery" />
<cycle-start id="2888" type="scavenge" contextid="0" timestamp="2019-06-14T19:07:55.240" intervalms="3.526" />
<gc-start id="2889" type="scavenge" contextid="2888" timestamp="2019-06-14T19:07:55.240">
  <mem-info id="2890" free="2044928744" total="2092630016" percent="97">
    <mem type="nursery" free="0" total="2097152" percent="0">
      <mem type="allocate" free="0" total="1507328" percent="0" />
      <mem type="survivor" free="0" total="589824" percent="0" />
    </mem>
    <mem type="tenure" free="2044928744" total="2090532864" percent="97">
      <mem type="soa" free="1940402920" total="1986007040" percent="97" />
      <mem type="loa" free="104525824" total="104525824" percent="100" />
    </mem>
    <remembered-set count="429" />
  </mem-info>
</gc-start>
<allocation-stats totalBytes="923504" >
  <allocated-bytes non-tlh="72" tlh="923432" />
  <largest-consumer threadName="PmdThread 2" threadId="00000000025E0800" bytes="759824" />
</allocation-stats>
<gc-op id="2891" type="scavenge" timems="1.259" contextid="2888" timestamp="2019-06-14T19:07:55.241">
  <scavenger-info tenureage="2" tenuremask="7ffc" tiltratio="71" />
  <memory-copied type="nursery" objects="2819" bytes="272560" bytesdiscarded="154392" />
  <memory-copied type="tenure" objects="2383" bytes="148856" bytesdiscarded="24" />
  <references type="weak" candidates="17" cleared="17" enqueued="17" />
</gc-op>
<gc-end id="2892" type="scavenge" contextid="2888" durationms="1.441" usertimems="4.000" systemtimems="0.000" timestamp="2019-06-14T19:07:55.241" activeThreads="4">
  <mem-info id="2893" free="2045875472" total="2092630016" percent="97">
    <mem type="nursery" free="1080376" total="2097152" percent="51">
      <mem type="allocate" free="1080376" total="1507328" percent="71" />
      <mem type="survivor" free="0" total="589824" percent="0" />
    </mem>
    <mem type="tenure" free="2044795096" total="2090532864" percent="97">
      <mem type="soa" free="1940269272" total="1986007040" percent="97" />
      <mem type="loa" free="104525824" total="104525824" percent="100" />
    </mem>
    <pending-finalizers system="0" default="0" reference="17" classloader="0" />
    <remembered-set count="160" />
  </mem-info>
</gc-end>
<cycle-end id="2894" type="scavenge" contextid="2888" timestamp="2019-06-14T19:07:55.241" />
  <attribute name="elasticGC enabled" value="1" />
  <attribute name= "numThreadsSpecified" value="4" />
  <attribute name="heapSize specified" value="8388608" />
  <attribute name="Current GC Util" value="101" />
  <attribute name= "Current Time Running" value="3230" />
  <attribute name ="GC Interval" value="376" />
  <attribute name="ProportionalT" value="40.500000" />
  <attribute name="ProportionalI" value="40.500000" />
  <attribute name="ProportionalH" value="40.500000" />
  <attribute name="Current Error" value="81.000000" />
  <attribute name="IntegralT" value="324.000000" />
  <attribute name="IntegralI" value="324.000000" />
  <attribute name="IntegralH" value="324.000000" />
  <attribute name="DerivativeT" value="5.375000" />
  <attribute name="DerivativeI" value="5.375000" />
  <attribute name="DerivativeH" value="5.375000" />
  <attribute name="Loop Time for DT" value="4.000000" />
  <attribute name="Output H" value="8388608"/>
  <attribute name="Output I" value="376"/>
  <attribute name="Output T" value="4"/>
  <attribute name="Target GC Util Change" value ="20.000000" />
  <attribute name="Current GC Util Change" value="101.000000"/>
  <attribute name="GC Util currently" value="101" />
  <attribute name="CPU Util currently" value="1321873449852" />
<allocation-satisfied id="2895" threadId="00000000025E0800" bytesRequested="64" />
<af-end id="2896" timestamp="2019-06-14T19:07:55.241" threadId="00000000025E1188" success="true" from="nursery"/>
<exclusive-end id="2897" timestamp="2019-06-14T19:07:55.241" durationms="1.993" />

<exclusive-start id="2898" timestamp="2019-06-14T19:07:55.243" intervalms="3.170">
  <response-info timems="0.026" idlems="0.026" threads="0" lastid="00000000025E0800" lastname="PmdThread 2" />
</exclusive-start>
<af-start id="2899" threadId="00000000025E1188" totalBytesRequested="80" timestamp="2019-06-14T19:07:55.243" intervalms="3.151" type="nursery" />
<cycle-start id="2900" type="scavenge" contextid="0" timestamp="2019-06-14T19:07:55.243" intervalms="3.109" />
<gc-start id="2901" type="scavenge" contextid="2900" timestamp="2019-06-14T19:07:55.243">
  <mem-info id="2902" free="2044795096" total="2092630016" percent="97">
    <mem type="nursery" free="0" total="2097152" percent="0">
      <mem type="allocate" free="0" total="1507328" percent="0" />
      <mem type="survivor" free="0" total="589824" percent="0" />
    </mem>
    <mem type="tenure" free="2044795096" total="2090532864" percent="97">
      <mem type="soa" free="1940269272" total="1986007040" percent="97" />
      <mem type="loa" free="104525824" total="104525824" percent="100" />
    </mem>
    <remembered-set count="160" />
  </mem-info>
</gc-start>
<allocation-stats totalBytes="1079496" >
  <allocated-bytes non-tlh="64" tlh="1079432" />
  <largest-consumer threadName="PmdThread 2" threadId="00000000025E0800" bytes="858376" />
</allocation-stats>
<gc-op id="2903" type="scavenge" timems="0.738" contextid="2900" timestamp="2019-06-14T19:07:55.244">
  <scavenger-info tenureage="2" tenuremask="7ffc" tiltratio="71" />
  <memory-copied type="nursery" objects="1518" bytes="60936" bytesdiscarded="95736" />
  <memory-copied type="tenure" objects="1988" bytes="237032" bytesdiscarded="16" />
</gc-op>
<gc-end id="2904" type="scavenge" contextid="2900" durationms="0.929" usertimems="0.000" systemtimems="0.000" timestamp="2019-06-14T19:07:55.244" activeThreads="4">
  <mem-info id="2905" free="2045994000" total="2092630016" percent="97">
    <mem type="nursery" free="1416192" total="2097152" percent="67">
      <mem type="allocate" free="1416192" total="1572864" percent="90" />
      <mem type="survivor" free="0" total="524288" percent="0" />
    </mem>
    <mem type="tenure" free="2044577808" total="2090532864" percent="97">
      <mem type="soa" free="1940051984" total="1986007040" percent="97" />
      <mem type="loa" free="104525824" total="104525824" percent="100" />
    </mem>
    <remembered-set count="195" />
  </mem-info>
</gc-end>
<cycle-end id="2906" type="scavenge" contextid="2900" timestamp="2019-06-14T19:07:55.244" />
  <attribute name="elasticGC enabled" value="1" />
  <attribute name= "numThreadsSpecified" value="4" />
  <attribute name="heapSize specified" value="8388608" />
  <attribute name="Current GC Util" value="98" />
  <attribute name= "Current Time Running" value="3233" />
  <attribute name ="GC Interval" value="272" />
  <attribute name="ProportionalT" value="39.000000" />
  <attribute name="ProportionalI" value="39.000000" />
  <attribute name="ProportionalH" value="39.000000" />
  <attribute name="Current Error" value="78.000000" />
  <attribute name="IntegralT" value="234.000000" />
  <attribute name="IntegralI" value="234.000000" />
  <attribute name="IntegralH" value="234.000000" />
  <attribute name="DerivativeT" value="-0.500000" />
  <attribute name="DerivativeI" value="-0.500000" />
  <attribute name="DerivativeH" value="-0.500000" />
  <attribute name="Loop Time for DT" value="3.000000" />
  <attribute name="Output H" value="8388608"/>
  <attribute name="Output I" value="272"/>
  <attribute name="Output T" value="4"/>
  <attribute name="Target GC Util Change" value ="20.000000" />
  <attribute name="Current GC Util Change" value="98.000000"/>
  <attribute name="GC Util currently" value="98" />
  <attribute name="CPU Util currently" value="1478354195675" />
<allocation-satisfied id="2907" threadId="00000000025E0800" bytesRequested="80" />
<af-end id="2908" timestamp="2019-06-14T19:07:55.244" threadId="00000000025E1188" success="true" from="nursery"/>
<exclusive-end id="2909" timestamp="2019-06-14T19:07:55.244" durationms="1.379" />

<exclusive-start id="2910" timestamp="2019-06-14T19:07:55.246" intervalms="3.463">
  <response-info timems="0.028" idlems="0.028" threads="0" lastid="00000000025E0800" lastname="PmdThread 2" />
</exclusive-start>
<af-start id="2911" threadId="00000000025E1188" totalBytesRequested="72" timestamp="2019-06-14T19:07:55.246" intervalms="3.507" type="nursery" />
<cycle-start id="2912" type="scavenge" contextid="0" timestamp="2019-06-14T19:07:55.246" intervalms="3.536" />
<gc-start id="2913" type="scavenge" contextid="2912" timestamp="2019-06-14T19:07:55.246">
  <mem-info id="2914" free="2044577808" total="2092630016" percent="97">
    <mem type="nursery" free="0" total="2097152" percent="0">
      <mem type="allocate" free="0" total="1572864" percent="0" />
      <mem type="survivor" free="0" total="524288" percent="0" />
    </mem>
    <mem type="tenure" free="2044577808" total="2090532864" percent="97">
      <mem type="soa" free="1940051984" total="1986007040" percent="97" />
      <mem type="loa" free="104525824" total="104525824" percent="100" />
    </mem>
    <remembered-set count="534" />
  </mem-info>
</gc-start>
<allocation-stats totalBytes="1415840" >
  <allocated-bytes non-tlh="80" tlh="1415760" />
  <largest-consumer threadName="PmdThread 2" threadId="00000000025E0800" bytes="1211152" />
</allocation-stats>
<gc-op id="2915" type="scavenge" timems="1.089" contextid="2912" timestamp="2019-06-14T19:07:55.248">
  <scavenger-info tenureage="3" tenuremask="7ff8" tiltratio="75" />
  <memory-copied type="nursery" objects="6488" bytes="210192" bytesdiscarded="63984" />
</gc-op>
<gc-end id="2916" type="scavenge" contextid="2912" durationms="1.307" usertimems="0.000" systemtimems="0.000" timestamp="2019-06-14T19:07:55.248" activeThreads="4">
  <mem-info id="2917" free="2045876496" total="2092630016" percent="97">
    <mem type="nursery" free="1298688" total="2097152" percent="61">
      <mem type="allocate" free="1298688" total="1572864" percent="82" />
      <mem type="survivor" free="0" total="524288" percent="0" />
    </mem>
    <mem type="tenure" free="2044577808" total="2090532864" percent="97">
      <mem type="soa" free="1940051984" total="1986007040" percent="97" />
      <mem type="loa" free="104525824" total="104525824" percent="100" />
    </mem>
    <remembered-set count="518" />
  </mem-info>
</gc-end>
<cycle-end id="2918" type="scavenge" contextid="2912" timestamp="2019-06-14T19:07:55.248" />
  <attribute name="elasticGC enabled" value="1" />
  <attribute name= "numThreadsSpecified" value="4" />
  <attribute name="heapSize specified" value="8388608" />
  <attribute name="Current GC Util" value="56" />
  <attribute name= "Current Time Running" value="3236" />
  <attribute name ="GC Interval" value="200" />
  <attribute name="ProportionalT" value="18.000000" />
  <attribute name="ProportionalI" value="18.000000" />
  <attribute name="ProportionalH" value="18.000000" />
  <attribute name="Current Error" value="36.000000" />
  <attribute name="IntegralT" value="108.000000" />
  <attribute name="IntegralI" value="108.000000" />
  <attribute name="IntegralH" value="108.000000" />
  <attribute name="DerivativeT" value="-7.000000" />
  <attribute name="DerivativeI" value="-7.000000" />
  <attribute name="DerivativeH" value="-7.000000" />
  <attribute name="Loop Time for DT" value="3.000000" />
  <attribute name="Output H" value="8388608"/>
  <attribute name="Output I" value="200"/>
  <attribute name="Output T" value="4"/>
  <attribute name="Target GC Util Change" value ="20.000000" />
  <attribute name="Current GC Util Change" value="56.000000"/>
  <attribute name="GC Util currently" value="56" />
  <attribute name="CPU Util currently" value="1307548230548" />
<allocation-satisfied id="2919" threadId="00000000025E0800" bytesRequested="72" />
<af-end id="2920" timestamp="2019-06-14T19:07:55.248" threadId="00000000025E1188" success="true" from="nursery"/>
<exclusive-end id="2921" timestamp="2019-06-14T19:07:55.248" durationms="1.870" />

<exclusive-start id="2922" timestamp="2019-06-14T19:07:55.251" intervalms="5.362">
  <response-info timems="0.063" idlems="0.063" threads="0" lastid="00000000025DCC00" lastname="PmdThread 1" />
</exclusive-start>
<af-start id="2923" threadId="00000000025DD588" totalBytesRequested="24" timestamp="2019-06-14T19:07:55.252" intervalms="5.398" type="nursery" />
<cycle-start id="2924" type="scavenge" contextid="0" timestamp="2019-06-14T19:07:55.252" intervalms="5.420" />
<gc-start id="2925" type="scavenge" contextid="2924" timestamp="2019-06-14T19:07:55.252">
  <mem-info id="2926" free="2044577808" total="2092630016" percent="97">
    <mem type="nursery" free="0" total="2097152" percent="0">
      <mem type="allocate" free="0" total="1572864" percent="0" />
      <mem type="survivor" free="0" total="524288" percent="0" />
    </mem>
    <mem type="tenure" free="2044577808" total="2090532864" percent="97">
      <mem type="soa" free="1940051984" total="1986007040" percent="97" />
      <mem type="loa" free="104525824" total="104525824" percent="100" />
    </mem>
    <remembered-set count="1707" />
  </mem-info>
</gc-start>
<allocation-stats totalBytes="1297960" >
  <allocated-bytes non-tlh="72" tlh="1297888" />
  <largest-consumer threadName="PmdThread 1" threadId="00000000025DCC00" bytes="1150800" />
</allocation-stats>
<gc-op id="2927" type="scavenge" timems="0.932" contextid="2924" timestamp="2019-06-14T19:07:55.253">
  <scavenger-info tenureage="3" tenuremask="7ff8" tiltratio="75" />
  <memory-copied type="nursery" objects="7926" bytes="250040" bytesdiscarded="133184" />
  <memory-copied type="tenure" objects="636" bytes="23920" bytesdiscarded="0" />
  <references type="weak" candidates="4" cleared="4" enqueued="4" />
  <references type="phantom" candidates="4" cleared="4" enqueued="4" />
</gc-op>
<gc-end id="2928" type="scavenge" contextid="2924" durationms="1.251" usertimems="4.000" systemtimems="0.000" timestamp="2019-06-14T19:07:55.253" activeThreads="4">
  <mem-info id="2929" free="2045832976" total="2092630016" percent="97">
    <mem type="nursery" free="1255168" total="2097152" percent="59">
      <mem type="allocate" free="1255168" total="1638400" percent="76" />
      <mem type="survivor" free="0" total="458752" percent="0" />
    </mem>
    <mem type="tenure" free="2044577808" total="2090532864" percent="97">
      <mem type="soa" free="1940051984" total="1986007040" percent="97" />
      <mem type="loa" free="104525824" total="104525824" percent="100" />
    </mem>
    <pending-finalizers system="0" default="0" reference="8" classloader="0" />
    <remembered-set count="1701" />
  </mem-info>
</gc-end>
<cycle-end id="2930" type="scavenge" contextid="2924" timestamp="2019-06-14T19:07:55.253" />
  <attribute name="elasticGC enabled" value="1" />
  <attribute name= "numThreadsSpecified" value="4" />
  <attribute name="heapSize specified" value="8388608" />
  <attribute name="Current GC Util" value="38" />
  <attribute name= "Current Time Running" value="3242" />
  <attribute name ="GC Interval" value="200" />
  <attribute name="ProportionalT" value="9.000000" />
  <attribute name="ProportionalI" value="9.000000" />
  <attribute name="ProportionalH" value="9.000000" />
  <attribute name="Current Error" value="18.000000" />
  <attribute name="IntegralT" value="108.000000" />
  <attribute name="IntegralI" value="108.000000" />
  <attribute name="IntegralH" value="108.000000" />
  <attribute name="DerivativeT" value="-1.500000" />
  <attribute name="DerivativeI" value="-1.500000" />
  <attribute name="DerivativeH" value="-1.500000" />
  <attribute name="Loop Time for DT" value="6.000000" />
  <attribute name="Output H" value="8388608"/>
  <attribute name="Output I" value="200"/>
  <attribute name="Output T" value="4"/>
  <attribute name="Target GC Util Change" value ="20.000000" />
  <attribute name="Current GC Util Change" value="38.000000"/>
  <attribute name="GC Util currently" value="38" />
  <attribute name="CPU Util currently" value="830813758937" />
<allocation-satisfied id="2931" threadId="00000000025DCC00" bytesRequested="24" />
<af-end id="2932" timestamp="2019-06-14T19:07:55.254" threadId="00000000025DD588" success="true" from="nursery"/>
<exclusive-end id="2933" timestamp="2019-06-14T19:07:55.254" durationms="2.109" />

<exclusive-start id="2934" timestamp="2019-06-14T19:07:55.264" intervalms="12.268">
  <response-info timems="6.620" idlems="6.620" threads="0" lastid="00000000025DD700" lastname="PmdThread 3" />
</exclusive-start>
<af-start id="2935" threadId="00000000025DE088" totalBytesRequested="16" timestamp="2019-06-14T19:07:55.264" intervalms="12.293" type="nursery" />
<cycle-start id="2936" type="scavenge" contextid="0" timestamp="2019-06-14T19:07:55.264" intervalms="12.292" />
<gc-start id="2937" type="scavenge" contextid="2936" timestamp="2019-06-14T19:07:55.264">
  <mem-info id="2938" free="2044577640" total="2092630016" percent="97">
    <mem type="nursery" free="0" total="2097152" percent="0">
      <mem type="allocate" free="0" total="1638400" percent="0" />
      <mem type="survivor" free="0" total="458752" percent="0" />
    </mem>
    <mem type="tenure" free="2044577640" total="2090532864" percent="97">
      <mem type="soa" free="1940051816" total="1986007040" percent="97" />
      <mem type="loa" free="104525824" total="104525824" percent="100" />
    </mem>
    <remembered-set count="1920" />
  </mem-info>
</gc-start>
<allocation-stats totalBytes="1250696" >
  <allocated-bytes non-tlh="192" tlh="1250504" />
  <largest-consumer threadName="PmdThread 2" threadId="00000000025E0800" bytes="794368" />
</allocation-stats>
<gc-op id="2939" type="scavenge" timems="0.954" contextid="2936" timestamp="2019-06-14T19:07:55.265">
  <scavenger-info tenureage="2" tenuremask="7ffc" tiltratio="78" />
  <memory-copied type="nursery" objects="3186" bytes="114640" bytesdiscarded="212496" />
  <memory-copied type="tenure" objects="5770" bytes="183672" bytesdiscarded="120" />
  <references type="weak" candidates="147" cleared="147" enqueued="147" />
  <references type="phantom" candidates="1" cleared="1" enqueued="1" />
</gc-op>
<gc-end id="2940" type="scavenge" contextid="2936" durationms="1.240" usertimems="4.000" systemtimems="0.000" timestamp="2019-06-14T19:07:55.265" activeThreads="4">
  <mem-info id="2941" free="2045623144" total="2092630016" percent="97">
    <mem type="nursery" free="1311232" total="2097152" percent="62">
      <mem type="allocate" free="1311232" total="1638400" percent="80" />
      <mem type="survivor" free="0" total="458752" percent="0" />
    </mem>
    <mem type="tenure" free="2044311912" total="2090532864" percent="97">
      <mem type="soa" free="1939786088" total="1986007040" percent="97" />
      <mem type="loa" free="104525824" total="104525824" percent="100" />
    </mem>
    <pending-finalizers system="0" default="0" reference="148" classloader="0" />
    <remembered-set count="1071" />
  </mem-info>
</gc-end>
<cycle-end id="2942" type="scavenge" contextid="2936" timestamp="2019-06-14T19:07:55.266" />
  <attribute name="elasticGC enabled" value="1" />
  <attribute name= "numThreadsSpecified" value="4" />
  <attribute name="heapSize specified" value="8388608" />
  <attribute name="Current GC Util" value="12" />
  <attribute name= "Current Time Running" value="3254" />
  <attribute name ="GC Interval" value="200" />
  <attribute name="ProportionalT" value="-4.000000" />
  <attribute name="ProportionalI" value="-4.000000" />
  <attribute name="ProportionalH" value="-4.000000" />
  <attribute name="Current Error" value="-8.000000" />
  <attribute name="IntegralT" value="-96.000000" />
  <attribute name="IntegralI" value="-96.000000" />
  <attribute name="IntegralH" value="-96.000000" />
  <attribute name="DerivativeT" value="-1.083333" />
  <attribute name="DerivativeI" value="-1.083333" />
  <attribute name="DerivativeH" value="-1.083333" />
  <attribute name="Loop Time for DT" value="12.000000" />
  <attribute name="Output H" value="2092630016"/>
  <attribute name="Output I" value="200"/>
  <attribute name="Output T" value="4"/>
  <attribute name="Target GC Util Change" value ="20.000000" />
  <attribute name="Current GC Util Change" value="12.000000"/>
  <attribute name="GC Util currently" value="12" />
  <attribute name="CPU Util currently" value="375879264299" />
<allocation-satisfied id="2943" threadId="00000000025DD700" bytesRequested="16" />
<af-end id="2944" timestamp="2019-06-14T19:07:55.266" threadId="00000000025DE088" success="true" from="nursery"/>
<exclusive-end id="2945" timestamp="2019-06-14T19:07:55.266" durationms="2.031" />

<exclusive-start id="2946" timestamp="2019-06-14T19:07:55.268" intervalms="4.332">
  <response-info timems="0.032" idlems="0.032" threads="0" lastid="00000000025DE300" lastname="PmdThread 4" />
</exclusive-start>
<af-start id="2947" threadId="00000000025DEC88" totalBytesRequested="56" timestamp="2019-06-14T19:07:55.268" intervalms="4.270" type="nursery" />
<cycle-start id="2948" type="scavenge" contextid="0" timestamp="2019-06-14T19:07:55.268" intervalms="4.254" />
<gc-start id="2949" type="scavenge" contextid="2948" timestamp="2019-06-14T19:07:55.268">
  <mem-info id="2950" free="2044311824" total="2092630016" percent="97">
    <mem type="nursery" free="0" total="2097152" percent="0">
      <mem type="allocate" free="0" total="1638400" percent="0" />
      <mem type="survivor" free="0" total="458752" percent="0" />
    </mem>
    <mem type="tenure" free="2044311824" total="2090532864" percent="97">
      <mem type="soa" free="1939786000" total="1986007040" percent="97" />
      <mem type="loa" free="104525824" total="104525824" percent="100" />
    </mem>
    <remembered-set count="1425" />
  </mem-info>
</gc-start>
<allocation-stats totalBytes="1309960" >
  <allocated-bytes non-tlh="16496" tlh="1293464" />
  <largest-consumer threadName="PmdThread 1" threadId="00000000025DCC00" bytes="610608" />
</allocation-stats>
<gc-op id="2951" type="scavenge" timems="0.569" contextid="2948" timestamp="2019-06-14T19:07:55.269">
  <scavenger-info tenureage="4" tenuremask="7ff0" tiltratio="78" />
  <memory-copied type="nursery" objects="4330" bytes="212736" bytesdiscarded="63232" />
  <references type="weak" candidates="54" cleared="53" enqueued="53" />
  <references type="phantom" candidates="3" cleared="1" enqueued="1" />
</gc-op>
<gc-end id="2952" type="scavenge" contextid="2948" durationms="0.927" usertimems="0.000" systemtimems="0.000" timestamp="2019-06-14T19:07:55.269" activeThreads="4">
  <mem-info id="2953" free="2045674224" total="2092630016" percent="97">
    <mem type="nursery" free="1362400" total="2097152" percent="64">
      <mem type="allocate" free="1362400" total="1638400" percent="83" />
      <mem type="survivor" free="0" total="458752" percent="0" />
    </mem>
    <mem type="tenure" free="2044311824" total="2090532864" percent="97">
      <mem type="soa" free="1939786000" total="1986007040" percent="97" />
      <mem type="loa" free="104525824" total="104525824" percent="100" />
    </mem>
    <pending-finalizers system="0" default="0" reference="54" classloader="0" />
    <remembered-set count="1300" />
  </mem-info>
</gc-end>
<cycle-end id="2954" type="scavenge" contextid="2948" timestamp="2019-06-14T19:07:55.269" />
  <attribute name="elasticGC enabled" value="1" />
  <attribute name= "numThreadsSpecified" value="4" />
  <attribute name="heapSize specified" value="8388608" />
  <attribute name="Current GC Util" value="34" />
  <attribute name= "Current Time Running" value="3259" />
  <attribute name ="GC Interval" value="200" />
  <attribute name="ProportionalT" value="7.000000" />
  <attribute name="ProportionalI" value="7.000000" />
  <attribute name="ProportionalH" value="7.000000" />
  <attribute name="Current Error" value="14.000000" />
  <attribute name="IntegralT" value="70.000000" />
  <attribute name="IntegralI" value="70.000000" />
  <attribute name="IntegralH" value="70.000000" />
  <attribute name="DerivativeT" value="1.400000" />
  <attribute name="DerivativeI" value="1.400000" />
  <attribute name="DerivativeH" value="1.400000" />
  <attribute name="Loop Time for DT" value="5.000000" />
  <attribute name="Output H" value="8388608"/>
  <attribute name="Output I" value="200"/>
  <attribute name="Output T" value="4"/>
  <attribute name="Target GC Util Change" value ="20.000000" />
  <attribute name="Current GC Util Change" value="34.000000"/>
  <attribute name="GC Util currently" value="34" />
  <attribute name="CPU Util currently" value="1063515721056" />
<allocation-satisfied id="2955" threadId="00000000025DE300" bytesRequested="56" />
<af-end id="2956" timestamp="2019-06-14T19:07:55.270" threadId="00000000025DEC88" success="true" from="nursery"/>
<exclusive-end id="2957" timestamp="2019-06-14T19:07:55.270" durationms="1.560" />

<exclusive-start id="2958" timestamp="2019-06-14T19:07:55.275" intervalms="6.435">
  <response-info timems="0.051" idlems="0.051" threads="0" lastid="00000000025E0800" lastname="PmdThread 2" />
</exclusive-start>
<af-start id="2959" threadId="00000000025E1188" totalBytesRequested="728" timestamp="2019-06-14T19:07:55.275" intervalms="6.461" type="nursery" />
<cycle-start id="2960" type="scavenge" contextid="0" timestamp="2019-06-14T19:07:55.275" intervalms="6.452" />
<gc-start id="2961" type="scavenge" contextid="2960" timestamp="2019-06-14T19:07:55.275">
  <mem-info id="2962" free="2044310608" total="2092630016" percent="97">
    <mem type="nursery" free="0" total="2097152" percent="0">
      <mem type="allocate" free="0" total="1638400" percent="0" />
      <mem type="survivor" free="0" total="458752" percent="0" />
    </mem>
    <mem type="tenure" free="2044310608" total="2090532864" percent="97">
      <mem type="soa" free="1939784784" total="1986007040" percent="97" />
      <mem type="loa" free="104525824" total="104525824" percent="100" />
    </mem>
    <remembered-set count="1516" />
  </mem-info>
</gc-start>
<allocation-stats totalBytes="1357248" >
  <allocated-bytes non-tlh="1272" tlh="1355976" />
  <largest-consumer threadName="PmdThread 2" threadId="00000000025E0800" bytes="942648" />
</allocation-stats>
<gc-op id="2963" type="scavenge" timems="1.391" contextid="2960" timestamp="2019-06-14T19:07:55.276">
  <scavenger-info tenureage="4" tenuremask="7ff0" tiltratio="78" />
  <memory-copied type="nursery" objects="6152" bytes="268528" bytesdiscarded="124920" />
  <references type="weak" candidates="97" cleared="96" enqueued="96" />
  <references type="phantom" candidates="1" cleared="0" enqueued="0" />
</gc-op>
<gc-end id="2964" type="scavenge" contextid="2960" durationms="1.619" usertimems="4.000" systemtimems="0.000" timestamp="2019-06-14T19:07:55.276" activeThreads="4">
  <mem-info id="2965" free="2045621048" total="2092630016" percent="97">
    <mem type="nursery" free="1310440" total="2097152" percent="62">
      <mem type="allocate" free="1310440" total="1703936" percent="76" />
      <mem type="survivor" free="0" total="393216" percent="0" />
    </mem>
    <mem type="tenure" free="2044310608" total="2090532864" percent="97">
      <mem type="soa" free="1939784784" total="1986007040" percent="97" />
      <mem type="loa" free="104525824" total="104525824" percent="100" />
    </mem>
    <pending-finalizers system="0" default="0" reference="96" classloader="0" />
    <remembered-set count="1340" />
  </mem-info>
</gc-end>
<cycle-end id="2966" type="scavenge" contextid="2960" timestamp="2019-06-14T19:07:55.277" />
  <attribute name="elasticGC enabled" value="1" />
  <attribute name= "numThreadsSpecified" value="4" />
  <attribute name="heapSize specified" value="8388608" />
  <attribute name="Current GC Util" value="18" />
  <attribute name= "Current Time Running" value="3265" />
  <attribute name ="GC Interval" value="200" />
  <attribute name="ProportionalT" value="-1.000000" />
  <attribute name="ProportionalI" value="-1.000000" />
  <attribute name="ProportionalH" value="-1.000000" />
  <attribute name="Current Error" value="-2.000000" />
  <attribute name="IntegralT" value="-12.000000" />
  <attribute name="IntegralI" value="-12.000000" />
  <attribute name="IntegralH" value="-12.000000" />
  <attribute name="DerivativeT" value="-1.333333" />
  <attribute name="DerivativeI" value="-1.333333" />
  <attribute name="DerivativeH" value="-1.333333" />
  <attribute name="Loop Time for DT" value="6.000000" />
  <attribute name="Output H" value="2092630016"/>
  <attribute name="Output I" value="200"/>
  <attribute name="Output T" value="4"/>
  <attribute name="Target GC Util Change" value ="20.000000" />
  <attribute name="Current GC Util Change" value="18.000000"/>
  <attribute name="GC Util currently" value="18" />
  <attribute name="CPU Util currently" value="735483732755" />
<allocation-satisfied id="2967" threadId="00000000025E0800" bytesRequested="728" />
<af-end id="2968" timestamp="2019-06-14T19:07:55.277" threadId="00000000025E1188" success="true" from="nursery"/>
<exclusive-end id="2969" timestamp="2019-06-14T19:07:55.277" durationms="2.180" />

<exclusive-start id="2970" timestamp="2019-06-14T19:07:55.282" intervalms="7.942">
  <response-info timems="0.038" idlems="0.038" threads="0" lastid="00000000025DE300" lastname="PmdThread 4" />
</exclusive-start>
<af-start id="2971" threadId="00000000025DEC88" totalBytesRequested="24" timestamp="2019-06-14T19:07:55.283" intervalms="7.929" type="nursery" />
<cycle-start id="2972" type="scavenge" contextid="0" timestamp="2019-06-14T19:07:55.283" intervalms="7.937" />
<gc-start id="2973" type="scavenge" contextid="2972" timestamp="2019-06-14T19:07:55.283">
  <mem-info id="2974" free="2044309440" total="2092630016" percent="97">
    <mem type="nursery" free="0" total="2097152" percent="0">
      <mem type="allocate" free="0" total="1703936" percent="0" />
      <mem type="survivor" free="0" total="393216" percent="0" />
    </mem>
    <mem type="tenure" free="2044309440" total="2090532864" percent="97">
      <mem type="soa" free="1939783616" total="1986007040" percent="97" />
      <mem type="loa" free="104525824" total="104525824" percent="100" />
    </mem>
    <remembered-set count="1804" />
  </mem-info>
</gc-start>
<allocation-stats totalBytes="1310480" >
  <allocated-bytes non-tlh="105784" tlh="1204696" />
  <largest-consumer threadName="PmdThread 1" threadId="00000000025DCC00" bytes="554280" />
</allocation-stats>
<gc-op id="2975" type="scavenge" timems="0.612" contextid="2972" timestamp="2019-06-14T19:07:55.283">
  <scavenger-info tenureage="4" tenuremask="7ff0" tiltratio="81" />
  <memory-copied type="nursery" objects="4042" bytes="225712" bytesdiscarded="64032" />
  <memory-copied type="tenure" objects="2071" bytes="61576" bytesdiscarded="8" />
  <references type="weak" candidates="57" cleared="57" enqueued="57" />
  <references type="phantom" candidates="2" cleared="2" enqueued="2" />
</gc-op>
<gc-end id="2976" type="scavenge" contextid="2972" durationms="0.853" usertimems="0.000" systemtimems="0.000" timestamp="2019-06-14T19:07:55.284" activeThreads="4">
  <mem-info id="2977" free="2045683888" total="2092630016" percent="97">
    <mem type="nursery" free="1413616" total="2097152" percent="67">
      <mem type="allocate" free="1413616" total="1703936" percent="82" />
      <mem type="survivor" free="0" total="393216" percent="0" />
    </mem>
    <mem type="tenure" free="2044270272" total="2090532864" percent="97">
      <mem type="soa" free="1939744448" total="1986007040" percent="97" />
      <mem type="loa" free="104525824" total="104525824" percent="100" />
    </mem>
    <pending-finalizers system="0" default="0" reference="59" classloader="0" />
    <remembered-set count="482" />
  </mem-info>
</gc-end>
<cycle-end id="2978" type="scavenge" contextid="2972" timestamp="2019-06-14T19:07:55.284" />
  <attribute name="elasticGC enabled" value="1" />
  <attribute name= "numThreadsSpecified" value="4" />
  <attribute name="heapSize specified" value="8388608" />
  <attribute name="Current GC Util" value="32" />
  <attribute name= "Current Time Running" value="3273" />
  <attribute name ="GC Interval" value="200" />
  <attribute name="ProportionalT" value="6.000000" />
  <attribute name="ProportionalI" value="6.000000" />
  <attribute name="ProportionalH" value="6.000000" />
  <attribute name="Current Error" value="12.000000" />
  <attribute name="IntegralT" value="96.000000" />
  <attribute name="IntegralI" value="96.000000" />
  <attribute name="IntegralH" value="96.000000" />
  <attribute name="DerivativeT" value="0.750000" />
  <attribute name="DerivativeI" value="0.750000" />
  <attribute name="DerivativeH" value="0.750000" />
  <attribute name="Loop Time for DT" value="8.000000" />
  <attribute name="Output H" value="8388608"/>
  <attribute name="Output I" value="200"/>
  <attribute name="Output T" value="4"/>
  <attribute name="Target GC Util Change" value ="20.000000" />
  <attribute name="Current GC Util Change" value="32.000000"/>
  <attribute name="GC Util currently" value="32" />
  <attribute name="CPU Util currently" value="580057322681" />
<allocation-satisfied id="2979" threadId="00000000025DE300" bytesRequested="24" />
<af-end id="2980" timestamp="2019-06-14T19:07:55.284" threadId="00000000025DEC88" success="true" from="nursery"/>
<exclusive-end id="2981" timestamp="2019-06-14T19:07:55.284" durationms="1.518" />

<exclusive-start id="2982" timestamp="2019-06-14T19:07:55.287" intervalms="4.340">
  <response-info timems="0.077" idlems="0.077" threads="0" lastid="00000000025E0800" lastname="PmdThread 2" />
</exclusive-start>
<af-start id="2983" threadId="00000000025E1188" totalBytesRequested="944" timestamp="2019-06-14T19:07:55.287" intervalms="4.295" type="nursery" />
<cycle-start id="2984" type="scavenge" contextid="0" timestamp="2019-06-14T19:07:55.287" intervalms="4.249" />
<gc-start id="2985" type="scavenge" contextid="2984" timestamp="2019-06-14T19:07:55.287">
  <mem-info id="2986" free="2044270272" total="2092630016" percent="97">
    <mem type="nursery" free="0" total="2097152" percent="0">
      <mem type="allocate" free="0" total="1703936" percent="0" />
      <mem type="survivor" free="0" total="393216" percent="0" />
    </mem>
    <mem type="tenure" free="2044270272" total="2090532864" percent="97">
      <mem type="soa" free="1939744448" total="1986007040" percent="97" />
      <mem type="loa" free="104525824" total="104525824" percent="100" />
    </mem>
    <remembered-set count="782" />
  </mem-info>
</gc-start>
<allocation-stats totalBytes="1409240" >
  <allocated-bytes non-tlh="24" tlh="1409216" />
  <largest-consumer threadName="PmdThread 2" threadId="00000000025E0800" bytes="1028352" />
</allocation-stats>
<gc-op id="2987" type="scavenge" timems="1.451" contextid="2984" timestamp="2019-06-14T19:07:55.289">
  <scavenger-info tenureage="3" tenuremask="7ff8" tiltratio="81" />
  <memory-copied type="nursery" objects="2142" bytes="72456" bytesdiscarded="123160" />
  <memory-copied type="tenure" objects="1954" bytes="125384" bytesdiscarded="24" />
  <references type="weak" candidates="83" cleared="83" enqueued="83" />
</gc-op>
<gc-end id="2988" type="scavenge" contextid="2984" durationms="1.600" usertimems="4.000" systemtimems="0.000" timestamp="2019-06-14T19:07:55.289" activeThreads="4">
  <mem-info id="2989" free="2045740976" total="2092630016" percent="97">
    <mem type="nursery" free="1573632" total="2097152" percent="75">
      <mem type="allocate" free="1573632" total="1769472" percent="88" />
      <mem type="survivor" free="0" total="327680" percent="0" />
    </mem>
    <mem type="tenure" free="2044167344" total="2090532864" percent="97">
      <mem type="soa" free="1939641520" total="1986007040" percent="97" />
      <mem type="loa" free="104525824" total="104525824" percent="100" />
    </mem>
    <pending-finalizers system="0" default="0" reference="83" classloader="0" />
    <remembered-set count="247" />
  </mem-info>
</gc-end>
<cycle-end id="2990" type="scavenge" contextid="2984" timestamp="2019-06-14T19:07:55.289" />
  <attribute name="elasticGC enabled" value="1" />
  <attribute name= "numThreadsSpecified" value="4" />
  <attribute name="heapSize specified" value="8388608" />
  <attribute name="Current GC Util" value="30" />
  <attribute name= "Current Time Running" value="3277" />
  <attribute name ="GC Interval" value="200" />
  <attribute name="ProportionalT" value="5.000000" />
  <attribute name="ProportionalI" value="5.000000" />
  <attribute name="ProportionalH" value="5.000000" />
  <attribute name="Current Error" value="10.000000" />
  <attribute name="IntegralT" value="40.000000" />
  <attribute name="IntegralI" value="40.000000" />
  <attribute name="IntegralH" value="40.000000" />
  <attribute name="DerivativeT" value="-0.250000" />
  <attribute name="DerivativeI" value="-0.250000" />
  <attribute name="DerivativeH" value="-0.250000" />
  <attribute name="Loop Time for DT" value="4.000000" />
  <attribute name="Output H" value="8388608"/>
  <attribute name="Output I" value="200"/>
  <attribute name="Output T" value="4"/>
  <attribute name="Target GC Util Change" value ="20.000000" />
  <attribute name="Current GC Util Change" value="30.000000"/>
  <attribute name="GC Util currently" value="30" />
  <attribute name="CPU Util currently" value="1100620560652" />
<allocation-satisfied id="2991" threadId="00000000025E0800" bytesRequested="944" />
<af-end id="2992" timestamp="2019-06-14T19:07:55.289" threadId="00000000025E1188" success="true" from="nursery"/>
<exclusive-end id="2993" timestamp="2019-06-14T19:07:55.289" durationms="2.029" />

<exclusive-start id="2994" timestamp="2019-06-14T19:07:55.292" intervalms="5.513">
  <response-info timems="0.049" idlems="0.049" threads="0" lastid="00000000025DCC00" lastname="PmdThread 1" />
</exclusive-start>
<af-start id="2995" threadId="00000000025DD588" totalBytesRequested="40" timestamp="2019-06-14T19:07:55.292" intervalms="5.534" type="nursery" />
<cycle-start id="2996" type="scavenge" contextid="0" timestamp="2019-06-14T19:07:55.292" intervalms="5.540" />
<gc-start id="2997" type="scavenge" contextid="2996" timestamp="2019-06-14T19:07:55.293">
  <mem-info id="2998" free="2044167072" total="2092630016" percent="97">
    <mem type="nursery" free="0" total="2097152" percent="0">
      <mem type="allocate" free="0" total="1769472" percent="0" />
      <mem type="survivor" free="0" total="327680" percent="0" />
    </mem>
    <mem type="tenure" free="2044167072" total="2090532864" percent="97">
      <mem type="soa" free="1939641248" total="1986007040" percent="97" />
      <mem type="loa" free="104525824" total="104525824" percent="100" />
    </mem>
    <remembered-set count="637" />
  </mem-info>
</gc-start>
<allocation-stats totalBytes="1572584" >
  <allocated-bytes non-tlh="34000" tlh="1538584" />
  <largest-consumer threadName="PmdThread 4" threadId="00000000025DE300" bytes="822104" />
</allocation-stats>
<gc-op id="2999" type="scavenge" timems="0.840" contextid="2996" timestamp="2019-06-14T19:07:55.293">
  <scavenger-info tenureage="5" tenuremask="7fe0" tiltratio="84" />
  <memory-copied type="nursery" objects="3053" bytes="241696" bytesdiscarded="85936" />
  <memory-copied type="tenure" objects="4361" bytes="155944" bytesdiscarded="352" />
  <copy-failed type="nursery" objects="4361" bytes="156432" />
  <references type="phantom" candidates="2" cleared="0" enqueued="0" />
</gc-op>
<gc-end id="3000" type="scavenge" contextid="2996" durationms="1.015" usertimems="0.000" systemtimems="0.000" timestamp="2019-06-14T19:07:55.294" activeThreads="4">
  <mem-info id="3001" free="2044993440" total="2092630016" percent="97">
    <mem type="nursery" free="983040" total="2097152" percent="46">
      <mem type="allocate" free="983040" total="1310720" percent="75" />
      <mem type="survivor" free="0" total="786432" percent="0" />
    </mem>
    <mem type="tenure" free="2044010400" total="2090532864" percent="97">
      <mem type="soa" free="1939484576" total="1986007040" percent="97" />
      <mem type="loa" free="104525824" total="104525824" percent="100" />
    </mem>
    <remembered-set count="1249" />
  </mem-info>
</gc-end>
<cycle-end id="3002" type="scavenge" contextid="2996" timestamp="2019-06-14T19:07:55.294" />
  <attribute name="elasticGC enabled" value="1" />
  <attribute name= "numThreadsSpecified" value="4" />
  <attribute name="heapSize specified" value="8388608" />
  <attribute name="Current GC Util" value="57" />
  <attribute name= "Current Time Running" value="3283" />
  <attribute name ="GC Interval" value="248" />
  <attribute name="ProportionalT" value="18.500000" />
  <attribute name="ProportionalI" value="18.500000" />
  <attribute name="ProportionalH" value="18.500000" />
  <attribute name="Current Error" value="37.000000" />
  <attribute name="IntegralT" value="222.000000" />
  <attribute name="IntegralI" value="222.000000" />
  <attribute name="IntegralH" value="222.000000" />
  <attribute name="DerivativeT" value="2.250000" />
  <attribute name="DerivativeI" value="2.250000" />
  <attribute name="DerivativeH" value="2.250000" />
  <attribute name="Loop Time for DT" value="6.000000" />
  <attribute name="Output H" value="8388608"/>
  <attribute name="Output I" value="248"/>
  <attribute name="Output T" value="4"/>
  <attribute name="Target GC Util Change" value ="20.000000" />
  <attribute name="Current GC Util Change" value="57.000000"/>
  <attribute name="GC Util currently" value="57" />
  <attribute name="CPU Util currently" value="829896520038" />
<allocation-satisfied id="3003" threadId="00000000025DCC00" bytesRequested="40" />
<af-end id="3004" timestamp="2019-06-14T19:07:55.294" threadId="00000000025DD588" success="true" from="nursery"/>
<exclusive-end id="3005" timestamp="2019-06-14T19:07:55.294" durationms="1.463" />

<exclusive-start id="3006" timestamp="2019-06-14T19:07:55.297" intervalms="4.478">
  <response-info timems="0.068" idlems="0.039" threads="1" lastid="00000000025DE300" lastname="PmdThread 4" />
</exclusive-start>
<af-start id="3007" threadId="00000000025E1188" totalBytesRequested="1048" timestamp="2019-06-14T19:07:55.297" intervalms="4.458" type="nursery" />
<cycle-start id="3008" type="scavenge" contextid="0" timestamp="2019-06-14T19:07:55.297" intervalms="4.496" />
<gc-start id="3009" type="scavenge" contextid="3008" timestamp="2019-06-14T19:07:55.297">
  <mem-info id="3010" free="2044010320" total="2092630016" percent="97">
    <mem type="nursery" free="0" total="2097152" percent="0">
      <mem type="allocate" free="0" total="1310720" percent="0" />
      <mem type="survivor" free="0" total="786432" percent="0" />
    </mem>
    <mem type="tenure" free="2044010320" total="2090532864" percent="97">
      <mem type="soa" free="1939484496" total="1986007040" percent="97" />
      <mem type="loa" free="104525824" total="104525824" percent="100" />
    </mem>
    <remembered-set count="1808" />
  </mem-info>
</gc-start>
<allocation-stats totalBytes="978960" >
  <allocated-bytes non-tlh="120" tlh="978840" />
  <largest-consumer threadName="PmdThread 2" threadId="00000000025E0800" bytes="594024" />
</allocation-stats>
<gc-op id="3011" type="scavenge" timems="1.481" contextid="3008" timestamp="2019-06-14T19:07:55.299">
  <scavenger-info tenureage="5" tenuremask="7fe0" tiltratio="62" />
  <memory-copied type="nursery" objects="3404" bytes="248304" bytesdiscarded="136512" />
  <references type="weak" candidates="106" cleared="106" enqueued="106" />
  <references type="phantom" candidates="3" cleared="1" enqueued="1" />
</gc-op>
<gc-end id="3012" type="scavenge" contextid="3008" durationms="1.757" usertimems="0.000" systemtimems="0.000" timestamp="2019-06-14T19:07:55.299" activeThreads="4">
  <mem-info id="3013" free="2045001520" total="2092630016" percent="97">
    <mem type="nursery" free="991200" total="2097152" percent="47">
      <mem type="allocate" free="991200" total="1376256" percent="72" />
      <mem type="survivor" free="0" total="720896" percent="0" />
    </mem>
    <mem type="tenure" free="2044010320" total="2090532864" percent="97">
      <mem type="soa" free="1939484496" total="1986007040" percent="97" />
      <mem type="loa" free="104525824" total="104525824" percent="100" />
    </mem>
    <pending-finalizers system="0" default="0" reference="107" classloader="0" />
    <remembered-set count="1264" />
  </mem-info>
</gc-end>
<cycle-end id="3014" type="scavenge" contextid="3008" timestamp="2019-06-14T19:07:55.299" />
  <attribute name="elasticGC enabled" value="1" />
  <attribute name= "numThreadsSpecified" value="4" />
  <attribute name="heapSize specified" value="8388608" />
  <attribute name="Current GC Util" value="40" />
  <attribute name= "Current Time Running" value="3287" />
  <attribute name ="GC Interval" value="200" />
  <attribute name="ProportionalT" value="10.000000" />
  <attribute name="ProportionalI" value="10.000000" />
  <attribute name="ProportionalH" value="10.000000" />
  <attribute name="Current Error" value="20.000000" />
  <attribute name="IntegralT" value="80.000000" />
  <attribute name="IntegralI" value="80.000000" />
  <attribute name="IntegralH" value="80.000000" />
  <attribute name="DerivativeT" value="-2.125000" />
  <attribute name="DerivativeI" value="-2.125000" />
  <attribute name="DerivativeH" value="-2.125000" />
  <attribute name="Loop Time for DT" value="4.000000" />
  <attribute name="Output H" value="8388608"/>
  <attribute name="Output I" value="200"/>
  <attribute name="Output T" value="4"/>
  <attribute name="Target GC Util Change" value ="20.000000" />
  <attribute name="Current GC Util Change" value="40.000000"/>
  <attribute name="GC Util currently" value="40" />
  <attribute name="CPU Util currently" value="1001051261767" />
<allocation-satisfied id="3015" threadId="00000000025E0800" bytesRequested="1048" />
<af-end id="3016" timestamp="2019-06-14T19:07:55.299" threadId="00000000025E1188" success="true" from="nursery"/>
<exclusive-end id="3017" timestamp="2019-06-14T19:07:55.299" durationms="2.321" />

<exclusive-start id="3018" timestamp="2019-06-14T19:07:55.302" intervalms="5.588">
  <response-info timems="0.055" idlems="0.055" threads="0" lastid="00000000025DE300" lastname="PmdThread 4" />
</exclusive-start>
<af-start id="3019" threadId="00000000025DEC88" totalBytesRequested="24" timestamp="2019-06-14T19:07:55.302" intervalms="5.584" type="nursery" />
<cycle-start id="3020" type="scavenge" contextid="0" timestamp="2019-06-14T19:07:55.303" intervalms="5.585" />
<gc-start id="3021" type="scavenge" contextid="3020" timestamp="2019-06-14T19:07:55.303">
  <mem-info id="3022" free="2044009920" total="2092630016" percent="97">
    <mem type="nursery" free="0" total="2097152" percent="0">
      <mem type="allocate" free="0" total="1376256" percent="0" />
      <mem type="survivor" free="0" total="720896" percent="0" />
    </mem>
    <mem type="tenure" free="2044009920" total="2090532864" percent="97">
      <mem type="soa" free="1939484096" total="1986007040" percent="97" />
      <mem type="loa" free="104525824" total="104525824" percent="100" />
    </mem>
    <remembered-set count="1627" />
  </mem-info>
</gc-start>
<allocation-stats totalBytes="990592" >
  <allocated-bytes non-tlh="34232" tlh="956360" />
  <largest-consumer threadName="PmdThread 3" threadId="00000000025DD700" bytes="384928" />
</allocation-stats>
<gc-op id="3023" type="scavenge" timems="0.507" contextid="3020" timestamp="2019-06-14T19:07:55.303">
  <scavenger-info tenureage="5" tenuremask="7fe0" tiltratio="65" />
  <memory-copied type="nursery" objects="5981" bytes="424056" bytesdiscarded="196656" />
  <memory-copied type="tenure" objects="11" bytes="408" bytesdiscarded="0" />
  <references type="soft" candidates="12" cleared="0" enqueued="0" dynamicThreshold="31" maxThreshold="32" />
  <references type="weak" candidates="19" cleared="19" enqueued="19" />
  <references type="phantom" candidates="3" cleared="0" enqueued="0" />
</gc-op>
<gc-end id="3024" type="scavenge" contextid="3020" durationms="0.748" usertimems="0.000" systemtimems="0.000" timestamp="2019-06-14T19:07:55.303" activeThreads="4">
  <mem-info id="3025" free="2044765304" total="2092630016" percent="97">
    <mem type="nursery" free="755384" total="2097152" percent="36">
      <mem type="allocate" free="755384" total="1376256" percent="54" />
      <mem type="survivor" free="0" total="720896" percent="0" />
    </mem>
    <mem type="tenure" free="2044009920" total="2090532864" percent="97">
      <mem type="soa" free="1939484096" total="1986007040" percent="97" />
      <mem type="loa" free="104525824" total="104525824" percent="100" />
    </mem>
    <pending-finalizers system="0" default="0" reference="19" classloader="0" />
    <remembered-set count="1278" />
  </mem-info>
</gc-end>
<cycle-end id="3026" type="scavenge" contextid="3020" timestamp="2019-06-14T19:07:55.303" />
  <attribute name="elasticGC enabled" value="1" />
  <attribute name= "numThreadsSpecified" value="4" />
  <attribute name="heapSize specified" value="8388608" />
  <attribute name="Current GC Util" value="57" />
  <attribute name= "Current Time Running" value="3293" />
  <attribute name ="GC Interval" value="248" />
  <attribute name="ProportionalT" value="18.500000" />
  <attribute name="ProportionalI" value="18.500000" />
  <attribute name="ProportionalH" value="18.500000" />
  <attribute name="Current Error" value="37.000000" />
  <attribute name="IntegralT" value="222.000000" />
  <attribute name="IntegralI" value="222.000000" />
  <attribute name="IntegralH" value="222.000000" />
  <attribute name="DerivativeT" value="1.416667" />
  <attribute name="DerivativeI" value="1.416667" />
  <attribute name="DerivativeH" value="1.416667" />
  <attribute name="Loop Time for DT" value="6.000000" />
  <attribute name="Output H" value="8388608"/>
  <attribute name="Output I" value="248"/>
  <attribute name="Output T" value="4"/>
  <attribute name="Target GC Util Change" value ="20.000000" />
  <attribute name="Current GC Util Change" value="57.000000"/>
  <attribute name="GC Util currently" value="57" />
  <attribute name="CPU Util currently" value="837562780182" />
<allocation-satisfied id="3027" threadId="00000000025DE300" bytesRequested="24" />
<af-end id="3028" timestamp="2019-06-14T19:07:55.304" threadId="00000000025DEC88" success="true" from="nursery"/>
<exclusive-end id="3029" timestamp="2019-06-14T19:07:55.304" durationms="1.402" />

<exclusive-start id="3030" timestamp="2019-06-14T19:07:55.305" intervalms="2.880">
  <response-info timems="0.119" idlems="0.119" threads="0" lastid="00000000025DCC00" lastname="PmdThread 1" />
</exclusive-start>
<af-start id="3031" threadId="00000000025DD588" totalBytesRequested="40" timestamp="2019-06-14T19:07:55.305" intervalms="2.900" type="nursery" />
<cycle-start id="3032" type="scavenge" contextid="0" timestamp="2019-06-14T19:07:55.305" intervalms="2.891" />
<gc-start id="3033" type="scavenge" contextid="3032" timestamp="2019-06-14T19:07:55.306">
  <mem-info id="3034" free="2044009920" total="2092630016" percent="97">
    <mem type="nursery" free="0" total="2097152" percent="0">
      <mem type="allocate" free="0" total="1376256" percent="0" />
      <mem type="survivor" free="0" total="720896" percent="0" />
    </mem>
    <mem type="tenure" free="2044009920" total="2090532864" percent="97">
      <mem type="soa" free="1939484096" total="1986007040" percent="97" />
      <mem type="loa" free="104525824" total="104525824" percent="100" />
    </mem>
    <remembered-set count="1282" />
  </mem-info>
</gc-start>
<allocation-stats totalBytes="755248" >
  <allocated-bytes non-tlh="24" tlh="755224" />
  <largest-consumer threadName="PmdThread 4" threadId="00000000025DE300" bytes="376776" />
</allocation-stats>
<gc-op id="3035" type="scavenge" timems="1.546" contextid="3032" timestamp="2019-06-14T19:07:55.307">
  <scavenger-info tenureage="3" tenuremask="7ff8" tiltratio="65" />
  <memory-copied type="nursery" objects="4073" bytes="229360" bytesdiscarded="69400" />
  <memory-copied type="tenure" objects="2999" bytes="232144" bytesdiscarded="56" />
  <references type="soft" candidates="12" cleared="0" enqueued="0" dynamicThreshold="31" maxThreshold="32" />
</gc-op>
<gc-end id="3036" type="scavenge" contextid="3032" durationms="1.827" usertimems="4.000" systemtimems="0.000" timestamp="2019-06-14T19:07:55.307" activeThreads="4">
  <mem-info id="3037" free="2044885392" total="2092630016" percent="97">
    <mem type="nursery" free="1143024" total="2097152" percent="54">
      <mem type="allocate" free="1143024" total="1441792" percent="79" />
      <mem type="survivor" free="0" total="655360" percent="0" />
    </mem>
    <mem type="tenure" free="2043742368" total="2090532864" percent="97">
      <mem type="soa" free="1939216544" total="1986007040" percent="97" />
      <mem type="loa" free="104525824" total="104525824" percent="100" />
    </mem>
    <remembered-set count="119" />
  </mem-info>
</gc-end>
<cycle-end id="3038" type="scavenge" contextid="3032" timestamp="2019-06-14T19:07:55.307" />
  <attribute name="elasticGC enabled" value="1" />
  <attribute name= "numThreadsSpecified" value="4" />
  <attribute name="heapSize specified" value="8388608" />
  <attribute name="Current GC Util" value="46" />
  <attribute name= "Current Time Running" value="3296" />
  <attribute name ="GC Interval" value="200" />
  <attribute name="ProportionalT" value="13.000000" />
  <attribute name="ProportionalI" value="13.000000" />
  <attribute name="ProportionalH" value="13.000000" />
  <attribute name="Current Error" value="26.000000" />
  <attribute name="IntegralT" value="78.000000" />
  <attribute name="IntegralI" value="78.000000" />
  <attribute name="IntegralH" value="78.000000" />
  <attribute name="DerivativeT" value="-1.833333" />
  <attribute name="DerivativeI" value="-1.833333" />
  <attribute name="DerivativeH" value="-1.833333" />
  <attribute name="Loop Time for DT" value="3.000000" />
  <attribute name="Output H" value="8388608"/>
  <attribute name="Output I" value="200"/>
  <attribute name="Output T" value="4"/>
  <attribute name="Target GC Util Change" value ="20.000000" />
  <attribute name="Current GC Util Change" value="46.000000"/>
  <attribute name="GC Util currently" value="46" />
  <attribute name="CPU Util currently" value="1557779411016" />
<allocation-satisfied id="3039" threadId="00000000025DCC00" bytesRequested="40" />
<af-end id="3040" timestamp="2019-06-14T19:07:55.308" threadId="00000000025DD588" success="true" from="nursery"/>
<exclusive-end id="3041" timestamp="2019-06-14T19:07:55.308" durationms="2.407" />

<exclusive-start id="3042" timestamp="2019-06-14T19:07:55.311" intervalms="5.510">
  <response-info timems="0.097" idlems="0.097" threads="0" lastid="00000000025DCC00" lastname="PmdThread 1" />
</exclusive-start>
<af-start id="3043" threadId="00000000025DD588" totalBytesRequested="24" timestamp="2019-06-14T19:07:55.311" intervalms="5.521" type="nursery" />
<cycle-start id="3044" type="scavenge" contextid="0" timestamp="2019-06-14T19:07:55.311" intervalms="5.507" />
<gc-start id="3045" type="scavenge" contextid="3044" timestamp="2019-06-14T19:07:55.311">
  <mem-info id="3046" free="2043742160" total="2092630016" percent="97">
    <mem type="nursery" free="0" total="2097152" percent="0">
      <mem type="allocate" free="0" total="1441792" percent="0" />
      <mem type="survivor" free="0" total="655360" percent="0" />
    </mem>
    <mem type="tenure" free="2043742160" total="2090532864" percent="97">
      <mem type="soa" free="1939216336" total="1986007040" percent="97" />
      <mem type="loa" free="104525824" total="104525824" percent="100" />
    </mem>
    <remembered-set count="129" />
  </mem-info>
</gc-start>
<allocation-stats totalBytes="1142976" >
  <allocated-bytes non-tlh="248" tlh="1142728" />
  <largest-consumer threadName="PmdThread 1" threadId="00000000025DCC00" bytes="893008" />
</allocation-stats>
<gc-op id="3047" type="scavenge" timems="1.059" contextid="3044" timestamp="2019-06-14T19:07:55.312">
  <scavenger-info tenureage="4" tenuremask="7ff0" tiltratio="68" />
  <memory-copied type="nursery" objects="4596" bytes="256200" bytesdiscarded="120384" />
  <references type="soft" candidates="12" cleared="0" enqueued="0" dynamicThreshold="31" maxThreshold="32" />
  <references type="weak" candidates="1" cleared="0" enqueued="0" />
  <references type="phantom" candidates="1" cleared="0" enqueued="0" />
</gc-op>
<gc-end id="3048" type="scavenge" contextid="3044" durationms="1.399" usertimems="0.000" systemtimems="0.000" timestamp="2019-06-14T19:07:55.312" activeThreads="4">
  <mem-info id="3049" free="2044872888" total="2092630016" percent="97">
    <mem type="nursery" free="1130728" total="2097152" percent="53">
      <mem type="allocate" free="1130728" total="1507328" percent="75" />
      <mem type="survivor" free="0" total="589824" percent="0" />
    </mem>
    <mem type="tenure" free="2043742160" total="2090532864" percent="97">
      <mem type="soa" free="1939216336" total="1986007040" percent="97" />
      <mem type="loa" free="104525824" total="104525824" percent="100" />
    </mem>
    <remembered-set count="117" />
  </mem-info>
</gc-end>
<cycle-end id="3050" type="scavenge" contextid="3044" timestamp="2019-06-14T19:07:55.313" />
  <attribute name="elasticGC enabled" value="1" />
  <attribute name= "numThreadsSpecified" value="4" />
  <attribute name="heapSize specified" value="8388608" />
  <attribute name="Current GC Util" value="60" />
  <attribute name= "Current Time Running" value="3301" />
  <attribute name ="GC Interval" value="224" />
  <attribute name="ProportionalT" value="20.000000" />
  <attribute name="ProportionalI" value="20.000000" />
  <attribute name="ProportionalH" value="20.000000" />
  <attribute name="Current Error" value="40.000000" />
  <attribute name="IntegralT" value="200.000000" />
  <attribute name="IntegralI" value="200.000000" />
  <attribute name="IntegralH" value="200.000000" />
  <attribute name="DerivativeT" value="1.400000" />
  <attribute name="DerivativeI" value="1.400000" />
  <attribute name="DerivativeH" value="1.400000" />
  <attribute name="Loop Time for DT" value="5.000000" />
  <attribute name="Output H" value="8388608"/>
  <attribute name="Output I" value="224"/>
  <attribute name="Output T" value="4"/>
  <attribute name="Target GC Util Change" value ="20.000000" />
  <attribute name="Current GC Util Change" value="60.000000"/>
  <attribute name="GC Util currently" value="60" />
  <attribute name="CPU Util currently" value="823457420578" />
<allocation-satisfied id="3051" threadId="00000000025DCC00" bytesRequested="24" />
<af-end id="3052" timestamp="2019-06-14T19:07:55.313" threadId="00000000025DD588" success="true" from="nursery"/>
<exclusive-end id="3053" timestamp="2019-06-14T19:07:55.313" durationms="1.951" />

<exclusive-start id="3054" timestamp="2019-06-14T19:07:55.316" intervalms="5.175">
  <response-info timems="0.096" idlems="0.096" threads="0" lastid="00000000025E0800" lastname="PmdThread 2" />
</exclusive-start>
<af-start id="3055" threadId="00000000025E1188" totalBytesRequested="48" timestamp="2019-06-14T19:07:55.316" intervalms="5.133" type="nursery" />
<cycle-start id="3056" type="scavenge" contextid="0" timestamp="2019-06-14T19:07:55.316" intervalms="5.163" />
<gc-start id="3057" type="scavenge" contextid="3056" timestamp="2019-06-14T19:07:55.316">
  <mem-info id="3058" free="2043742160" total="2092630016" percent="97">
    <mem type="nursery" free="0" total="2097152" percent="0">
      <mem type="allocate" free="0" total="1507328" percent="0" />
      <mem type="survivor" free="0" total="589824" percent="0" />
    </mem>
    <mem type="tenure" free="2043742160" total="2090532864" percent="97">
      <mem type="soa" free="1939216336" total="1986007040" percent="97" />
      <mem type="loa" free="104525824" total="104525824" percent="100" />
    </mem>
    <remembered-set count="383" />
  </mem-info>
</gc-start>
<allocation-stats totalBytes="1127680" >
  <allocated-bytes non-tlh="24" tlh="1127656" />
  <largest-consumer threadName="PmdThread 2" threadId="00000000025E0800" bytes="1127656" />
</allocation-stats>
<gc-op id="3059" type="scavenge" timems="1.097" contextid="3056" timestamp="2019-06-14T19:07:55.318">
  <scavenger-info tenureage="4" tenuremask="7ff0" tiltratio="71" />
  <memory-copied type="nursery" objects="4749" bytes="261824" bytesdiscarded="114752" />
  <memory-copied type="tenure" objects="78" bytes="2464" bytesdiscarded="0" />
  <references type="soft" candidates="12" cleared="0" enqueued="0" dynamicThreshold="31" maxThreshold="32" />
  <references type="weak" candidates="82" cleared="81" enqueued="81" />
  <references type="phantom" candidates="1" cleared="0" enqueued="0" />
</gc-op>
<gc-end id="3060" type="scavenge" contextid="3056" durationms="1.467" usertimems="0.000" systemtimems="4.000" timestamp="2019-06-14T19:07:55.318" activeThreads="4">
  <mem-info id="3061" free="2044938424" total="2092630016" percent="97">
    <mem type="nursery" free="1196264" total="2097152" percent="57">
      <mem type="allocate" free="1196264" total="1572864" percent="76" />
      <mem type="survivor" free="0" total="524288" percent="0" />
    </mem>
    <mem type="tenure" free="2043742160" total="2090532864" percent="97">
      <mem type="soa" free="1939216336" total="1986007040" percent="97" />
      <mem type="loa" free="104525824" total="104525824" percent="100" />
    </mem>
    <pending-finalizers system="0" default="0" reference="81" classloader="0" />
    <remembered-set count="117" />
  </mem-info>
</gc-end>
<cycle-end id="3062" type="scavenge" contextid="3056" timestamp="2019-06-14T19:07:55.318" />
  <attribute name="elasticGC enabled" value="1" />
  <attribute name= "numThreadsSpecified" value="4" />
  <attribute name="heapSize specified" value="8388608" />
  <attribute name="Current GC Util" value="47" />
  <attribute name= "Current Time Running" value="3306" />
  <attribute name ="GC Interval" value="200" />
  <attribute name="ProportionalT" value="13.500000" />
  <attribute name="ProportionalI" value="13.500000" />
  <attribute name="ProportionalH" value="13.500000" />
  <attribute name="Current Error" value="27.000000" />
  <attribute name="IntegralT" value="135.000000" />
  <attribute name="IntegralI" value="135.000000" />
  <attribute name="IntegralH" value="135.000000" />
  <attribute name="DerivativeT" value="-1.300000" />
  <attribute name="DerivativeI" value="-1.300000" />
  <attribute name="DerivativeH" value="-1.300000" />
  <attribute name="Loop Time for DT" value="5.000000" />
  <attribute name="Output H" value="8388608"/>
  <attribute name="Output I" value="200"/>
  <attribute name="Output T" value="4"/>
  <attribute name="Target GC Util Change" value ="20.000000" />
  <attribute name="Current GC Util Change" value="47.000000"/>
  <attribute name="GC Util currently" value="47" />
  <attribute name="CPU Util currently" value="890999671871" />
<allocation-satisfied id="3063" threadId="00000000025E0800" bytesRequested="48" />
<af-end id="3064" timestamp="2019-06-14T19:07:55.318" threadId="00000000025E1188" success="true" from="nursery"/>
<exclusive-end id="3065" timestamp="2019-06-14T19:07:55.318" durationms="2.152" />

<exclusive-start id="3066" timestamp="2019-06-14T19:07:55.320" intervalms="3.771">
  <response-info timems="0.050" idlems="0.050" threads="0" lastid="00000000025DCC00" lastname="PmdThread 1" />
</exclusive-start>
<af-start id="3067" threadId="00000000025DD588" totalBytesRequested="32" timestamp="2019-06-14T19:07:55.320" intervalms="3.775" type="nursery" />
<cycle-start id="3068" type="scavenge" contextid="0" timestamp="2019-06-14T19:07:55.320" intervalms="3.773" />
<gc-start id="3069" type="scavenge" contextid="3068" timestamp="2019-06-14T19:07:55.320">
  <mem-info id="3070" free="2043742088" total="2092630016" percent="97">
    <mem type="nursery" free="0" total="2097152" percent="0">
      <mem type="allocate" free="0" total="1572864" percent="0" />
      <mem type="survivor" free="0" total="524288" percent="0" />
    </mem>
    <mem type="tenure" free="2043742088" total="2090532864" percent="97">
      <mem type="soa" free="1939216264" total="1986007040" percent="97" />
      <mem type="loa" free="104525824" total="104525824" percent="100" />
    </mem>
    <remembered-set count="142" />
  </mem-info>
</gc-start>
<allocation-stats totalBytes="1194168" >
  <allocated-bytes non-tlh="120" tlh="1194048" />
  <largest-consumer threadName="PmdThread 3" threadId="00000000025DD700" bytes="440768" />
</allocation-stats>
<gc-op id="3071" type="scavenge" timems="0.878" contextid="3068" timestamp="2019-06-14T19:07:55.321">
  <scavenger-info tenureage="2" tenuremask="fffc" tiltratio="75" />
  <memory-copied type="nursery" objects="174" bytes="6520" bytesdiscarded="110984" />
  <memory-copied type="tenure" objects="4413" bytes="244888" bytesdiscarded="752" />
  <references type="weak" candidates="38" cleared="38" enqueued="38" />
</gc-op>
<gc-end id="3072" type="scavenge" contextid="3068" durationms="1.128" usertimems="0.000" systemtimems="4.000" timestamp="2019-06-14T19:07:55.321" activeThreads="4">
  <mem-info id="3073" free="2045013520" total="2092630016" percent="97">
    <mem type="nursery" free="1455360" total="2097152" percent="69">
      <mem type="allocate" free="1455360" total="1572864" percent="92" />
      <mem type="survivor" free="0" total="524288" percent="0" />
    </mem>
    <mem type="tenure" free="2043558160" total="2090532864" percent="97">
      <mem type="soa" free="1939032336" total="1986007040" percent="97" />
      <mem type="loa" free="104525824" total="104525824" percent="100" />
    </mem>
    <pending-finalizers system="0" default="0" reference="38" classloader="0" />
    <remembered-set count="134" />
  </mem-info>
</gc-end>
<cycle-end id="3074" type="scavenge" contextid="3068" timestamp="2019-06-14T19:07:55.321" />
  <attribute name="elasticGC enabled" value="1" />
  <attribute name= "numThreadsSpecified" value="4" />
  <attribute name="heapSize specified" value="8388608" />
  <attribute name="Current GC Util" value="70" />
  <attribute name= "Current Time Running" value="3310" />
  <attribute name ="GC Interval" value="232" />
  <attribute name="ProportionalT" value="25.000000" />
  <attribute name="ProportionalI" value="25.000000" />
  <attribute name="ProportionalH" value="25.000000" />
  <attribute name="Current Error" value="50.000000" />
  <attribute name="IntegralT" value="200.000000" />
  <attribute name="IntegralI" value="200.000000" />
  <attribute name="IntegralH" value="200.000000" />
  <attribute name="DerivativeT" value="2.875000" />
  <attribute name="DerivativeI" value="2.875000" />
  <attribute name="DerivativeH" value="2.875000" />
  <attribute name="Loop Time for DT" value="4.000000" />
  <attribute name="Output H" value="8388608"/>
  <attribute name="Output I" value="232"/>
  <attribute name="Output T" value="4"/>
  <attribute name="Target GC Util Change" value ="20.000000" />
  <attribute name="Current GC Util Change" value="70.000000"/>
  <attribute name="GC Util currently" value="70" />
  <attribute name="CPU Util currently" value="1272895741675" />
<allocation-satisfied id="3075" threadId="00000000025DCC00" bytesRequested="32" />
<af-end id="3076" timestamp="2019-06-14T19:07:55.321" threadId="00000000025DD588" success="true" from="nursery"/>
<exclusive-end id="3077" timestamp="2019-06-14T19:07:55.321" durationms="1.635" />

<exclusive-start id="3078" timestamp="2019-06-14T19:07:55.323" intervalms="3.080">
  <response-info timems="0.101" idlems="0.101" threads="0" lastid="00000000025DD700" lastname="PmdThread 3" />
</exclusive-start>
<af-start id="3079" threadId="00000000025DE088" totalBytesRequested="72" timestamp="2019-06-14T19:07:55.323" intervalms="3.113" type="nursery" />
<cycle-start id="3080" type="scavenge" contextid="0" timestamp="2019-06-14T19:07:55.323" intervalms="3.071" />
<gc-start id="3081" type="scavenge" contextid="3080" timestamp="2019-06-14T19:07:55.323">
  <mem-info id="3082" free="2043558160" total="2092630016" percent="97">
    <mem type="nursery" free="0" total="2097152" percent="0">
      <mem type="allocate" free="0" total="1572864" percent="0" />
      <mem type="survivor" free="0" total="524288" percent="0" />
    </mem>
    <mem type="tenure" free="2043558160" total="2090532864" percent="97">
      <mem type="soa" free="1939032336" total="1986007040" percent="97" />
      <mem type="loa" free="104525824" total="104525824" percent="100" />
    </mem>
    <remembered-set count="150" />
  </mem-info>
</gc-start>
<allocation-stats totalBytes="1455104" >
  <allocated-bytes non-tlh="32" tlh="1455072" />
  <largest-consumer threadName="PmdThread 1" threadId="00000000025DCC00" bytes="992384" />
</allocation-stats>
<gc-op id="3083" type="scavenge" timems="0.187" contextid="3080" timestamp="2019-06-14T19:07:55.323">
  <scavenger-info tenureage="5" tenuremask="ffe0" tiltratio="75" />
  <memory-copied type="nursery" objects="118" bytes="3352" bytesdiscarded="74976" />
  <references type="weak" candidates="8" cleared="8" enqueued="8" />
</gc-op>
<gc-end id="3084" type="scavenge" contextid="3080" durationms="0.362" usertimems="0.000" systemtimems="0.000" timestamp="2019-06-14T19:07:55.323" activeThreads="4">
  <mem-info id="3085" free="2045183760" total="2092630016" percent="97">
    <mem type="nursery" free="1625600" total="2097152" percent="77">
      <mem type="allocate" free="1625600" total="1703936" percent="95" />
      <mem type="survivor" free="0" total="393216" percent="0" />
    </mem>
    <mem type="tenure" free="2043558160" total="2090532864" percent="97">
      <mem type="soa" free="1939032336" total="1986007040" percent="97" />
      <mem type="loa" free="104525824" total="104525824" percent="100" />
    </mem>
    <pending-finalizers system="0" default="0" reference="8" classloader="0" />
    <remembered-set count="136" />
  </mem-info>
</gc-end>
<cycle-end id="3086" type="scavenge" contextid="3080" timestamp="2019-06-14T19:07:55.323" />
  <attribute name="elasticGC enabled" value="1" />
  <attribute name= "numThreadsSpecified" value="4" />
  <attribute name="heapSize specified" value="8388608" />
  <attribute name="Current GC Util" value="69" />
  <attribute name= "Current Time Running" value="3313" />
  <attribute name ="GC Interval" value="200" />
  <attribute name="ProportionalT" value="24.500000" />
  <attribute name="ProportionalI" value="24.500000" />
  <attribute name="ProportionalH" value="24.500000" />
  <attribute name="Current Error" value="49.000000" />
  <attribute name="IntegralT" value="147.000000" />
  <attribute name="IntegralI" value="147.000000" />
  <attribute name="IntegralH" value="147.000000" />
  <attribute name="DerivativeT" value="-0.166667" />
  <attribute name="DerivativeI" value="-0.166667" />
  <attribute name="DerivativeH" value="-0.166667" />
  <attribute name="Loop Time for DT" value="3.000000" />
  <attribute name="Output H" value="8388608"/>
  <attribute name="Output I" value="200"/>
  <attribute name="Output T" value="4"/>
  <attribute name="Target GC Util Change" value ="20.000000" />
  <attribute name="Current GC Util Change" value="69.000000"/>
  <attribute name="GC Util currently" value="69" />
  <attribute name="CPU Util currently" value="1511979614109" />
<allocation-satisfied id="3087" threadId="00000000025DD700" bytesRequested="72" />
<af-end id="3088" timestamp="2019-06-14T19:07:55.324" threadId="00000000025DE088" success="true" from="nursery"/>
<exclusive-end id="3089" timestamp="2019-06-14T19:07:55.324" durationms="0.779" />

<exclusive-start id="3090" timestamp="2019-06-14T19:07:55.327" intervalms="4.302">
  <response-info timems="0.051" idlems="0.051" threads="0" lastid="00000000025E0800" lastname="PmdThread 2" />
</exclusive-start>
<af-start id="3091" threadId="00000000025E1188" totalBytesRequested="1328" timestamp="2019-06-14T19:07:55.327" intervalms="4.278" type="nursery" />
<cycle-start id="3092" type="scavenge" contextid="0" timestamp="2019-06-14T19:07:55.327" intervalms="4.306" />
<gc-start id="3093" type="scavenge" contextid="3092" timestamp="2019-06-14T19:07:55.327">
  <mem-info id="3094" free="2043558160" total="2092630016" percent="97">
    <mem type="nursery" free="0" total="2097152" percent="0">
      <mem type="allocate" free="0" total="1703936" percent="0" />
      <mem type="survivor" free="0" total="393216" percent="0" />
    </mem>
    <mem type="tenure" free="2043558160" total="2090532864" percent="97">
      <mem type="soa" free="1939032336" total="1986007040" percent="97" />
      <mem type="loa" free="104525824" total="104525824" percent="100" />
    </mem>
    <remembered-set count="374" />
  </mem-info>
</gc-start>
<allocation-stats totalBytes="1614496" >
  <allocated-bytes non-tlh="41056" tlh="1573440" />
  <largest-consumer threadName="PmdThread 2" threadId="00000000025E0800" bytes="1466464" />
</allocation-stats>
<gc-op id="3095" type="scavenge" timems="0.839" contextid="3092" timestamp="2019-06-14T19:07:55.328">
  <scavenger-info tenureage="3" tenuremask="fff8" tiltratio="81" />
  <memory-copied type="nursery" objects="502" bytes="84272" bytesdiscarded="105168" />
  <references type="weak" candidates="133" cleared="133" enqueued="133" />
  <references type="phantom" candidates="1" cleared="0" enqueued="0" />
</gc-op>
<gc-end id="3096" type="scavenge" contextid="3092" durationms="0.997" usertimems="0.000" systemtimems="4.000" timestamp="2019-06-14T19:07:55.328" activeThreads="4">
  <mem-info id="3097" free="2045072640" total="2092630016" percent="97">
    <mem type="nursery" free="1514480" total="2097152" percent="72">
      <mem type="allocate" free="1514480" total="1703936" percent="88" />
      <mem type="survivor" free="0" total="393216" percent="0" />
    </mem>
    <mem type="tenure" free="2043558160" total="2090532864" percent="97">
      <mem type="soa" free="1939032336" total="1986007040" percent="97" />
      <mem type="loa" free="104525824" total="104525824" percent="100" />
    </mem>
    <pending-finalizers system="0" default="0" reference="133" classloader="0" />
    <remembered-set count="116" />
  </mem-info>
</gc-end>
<cycle-end id="3098" type="scavenge" contextid="3092" timestamp="2019-06-14T19:07:55.328" />
  <attribute name="elasticGC enabled" value="1" />
  <attribute name= "numThreadsSpecified" value="4" />
  <attribute name="heapSize specified" value="8388608" />
  <attribute name="Current GC Util" value="13" />
  <attribute name= "Current Time Running" value="3317" />
  <attribute name ="GC Interval" value="200" />
  <attribute name="ProportionalT" value="-3.500000" />
  <attribute name="ProportionalI" value="-3.500000" />
  <attribute name="ProportionalH" value="-3.500000" />
  <attribute name="Current Error" value="-7.000000" />
  <attribute name="IntegralT" value="-28.000000" />
  <attribute name="IntegralI" value="-28.000000" />
  <attribute name="IntegralH" value="-28.000000" />
  <attribute name="DerivativeT" value="-7.000000" />
  <attribute name="DerivativeI" value="-7.000000" />
  <attribute name="DerivativeH" value="-7.000000" />
  <attribute name="Loop Time for DT" value="4.000000" />
  <attribute name="Output H" value="2092630016"/>
  <attribute name="Output I" value="200"/>
  <attribute name="Output T" value="4"/>
  <attribute name="Target GC Util Change" value ="20.000000" />
  <attribute name="Current GC Util Change" value="13.000000"/>
  <attribute name="GC Util currently" value="13" />
  <attribute name="CPU Util currently" value="1072315041433" />
<allocation-satisfied id="3099" threadId="00000000025E0800" bytesRequested="1328" />
<af-end id="3100" timestamp="2019-06-14T19:07:55.329" threadId="00000000025E1188" success="true" from="nursery"/>
<exclusive-end id="3101" timestamp="2019-06-14T19:07:55.329" durationms="1.520" />

<exclusive-start id="3102" timestamp="2019-06-14T19:07:55.331" intervalms="4.063">
  <response-info timems="0.040" idlems="0.022" threads="1" lastid="00000000025E0800" lastname="PmdThread 2" />
</exclusive-start>
<af-start id="3103" threadId="00000000025DD588" totalBytesRequested="24" timestamp="2019-06-14T19:07:55.331" intervalms="4.104" type="nursery" />
<cycle-start id="3104" type="scavenge" contextid="0" timestamp="2019-06-14T19:07:55.331" intervalms="4.128" />
<gc-start id="3105" type="scavenge" contextid="3104" timestamp="2019-06-14T19:07:55.332">
  <mem-info id="3106" free="2043558160" total="2092630016" percent="97">
    <mem type="nursery" free="0" total="2097152" percent="0">
      <mem type="allocate" free="0" total="1703936" percent="0" />
      <mem type="survivor" free="0" total="393216" percent="0" />
    </mem>
    <mem type="tenure" free="2043558160" total="2090532864" percent="97">
      <mem type="soa" free="1939032336" total="1986007040" percent="97" />
      <mem type="loa" free="104525824" total="104525824" percent="100" />
    </mem>
    <remembered-set count="248" />
  </mem-info>
</gc-start>
<allocation-stats totalBytes="1501496" >
  <allocated-bytes non-tlh="17720" tlh="1483776" />
  <largest-consumer threadName="PmdThread 1" threadId="00000000025DCC00" bytes="681456" />
</allocation-stats>
<gc-op id="3107" type="scavenge" timems="1.205" contextid="3104" timestamp="2019-06-14T19:07:55.333">
  <scavenger-info tenureage="3" tenuremask="fff8" tiltratio="81" />
  <memory-copied type="nursery" objects="2970" bytes="240296" bytesdiscarded="92544" />
  <memory-copied type="tenure" objects="57" bytes="1616" bytesdiscarded="0" />
  <references type="weak" candidates="30" cleared="30" enqueued="30" />
  <references type="phantom" candidates="2" cleared="0" enqueued="0" />
</gc-op>
<gc-end id="3108" type="scavenge" contextid="3104" durationms="1.507" usertimems="0.000" systemtimems="0.000" timestamp="2019-06-14T19:07:55.333" activeThreads="4">
  <mem-info id="3109" free="2044863704" total="2092630016" percent="97">
    <mem type="nursery" free="1305544" total="2097152" percent="62">
      <mem type="allocate" free="1305544" total="1638400" percent="79" />
      <mem type="survivor" free="0" total="458752" percent="0" />
    </mem>
    <mem type="tenure" free="2043558160" total="2090532864" percent="97">
      <mem type="soa" free="1939032336" total="1986007040" percent="97" />
      <mem type="loa" free="104525824" total="104525824" percent="100" />
    </mem>
    <pending-finalizers system="0" default="0" reference="30" classloader="0" />
    <remembered-set count="102" />
  </mem-info>
</gc-end>
<cycle-end id="3110" type="scavenge" contextid="3104" timestamp="2019-06-14T19:07:55.333" />
  <attribute name="elasticGC enabled" value="1" />
  <attribute name= "numThreadsSpecified" value="4" />
  <attribute name="heapSize specified" value="8388608" />
  <attribute name="Current GC Util" value="50" />
  <attribute name= "Current Time Running" value="3322" />
  <attribute name ="GC Interval" value="200" />
  <attribute name="ProportionalT" value="15.000000" />
  <attribute name="ProportionalI" value="15.000000" />
  <attribute name="ProportionalH" value="15.000000" />
  <attribute name="Current Error" value="30.000000" />
  <attribute name="IntegralT" value="150.000000" />
  <attribute name="IntegralI" value="150.000000" />
  <attribute name="IntegralH" value="150.000000" />
  <attribute name="DerivativeT" value="3.000000" />
  <attribute name="DerivativeI" value="3.000000" />
  <attribute name="DerivativeH" value="3.000000" />
  <attribute name="Loop Time for DT" value="5.000000" />
  <attribute name="Output H" value="8388608"/>
  <attribute name="Output I" value="200"/>
  <attribute name="Output T" value="4"/>
  <attribute name="Target GC Util Change" value ="20.000000" />
  <attribute name="Current GC Util Change" value="50.000000"/>
  <attribute name="GC Util currently" value="50" />
  <attribute name="CPU Util currently" value="1087346358890" />
<allocation-satisfied id="3111" threadId="00000000025DCC00" bytesRequested="24" />
<af-end id="3112" timestamp="2019-06-14T19:07:55.333" threadId="00000000025DD588" success="true" from="nursery"/>
<exclusive-end id="3113" timestamp="2019-06-14T19:07:55.333" durationms="2.129" />

<exclusive-start id="3114" timestamp="2019-06-14T19:07:55.336" intervalms="4.584">
  <response-info timems="0.065" idlems="0.065" threads="0" lastid="00000000025DCC00" lastname="PmdThread 1" />
</exclusive-start>
<af-start id="3115" threadId="00000000025DD588" totalBytesRequested="24" timestamp="2019-06-14T19:07:55.336" intervalms="4.561" type="nursery" />
<cycle-start id="3116" type="scavenge" contextid="0" timestamp="2019-06-14T19:07:55.336" intervalms="4.556" />
<gc-start id="3117" type="scavenge" contextid="3116" timestamp="2019-06-14T19:07:55.336">
  <mem-info id="3118" free="2043558160" total="2092630016" percent="97">
    <mem type="nursery" free="0" total="2097152" percent="0">
      <mem type="allocate" free="0" total="1638400" percent="0" />
      <mem type="survivor" free="0" total="458752" percent="0" />
    </mem>
    <mem type="tenure" free="2043558160" total="2090532864" percent="97">
      <mem type="soa" free="1939032336" total="1986007040" percent="97" />
      <mem type="loa" free="104525824" total="104525824" percent="100" />
    </mem>
    <remembered-set count="102" />
  </mem-info>
</gc-start>
<allocation-stats totalBytes="1305272" >
  <allocated-bytes non-tlh="24" tlh="1305248" />
  <largest-consumer threadName="PmdThread 1" threadId="00000000025DCC00" bytes="1231568" />
</allocation-stats>
<gc-op id="3119" type="scavenge" timems="0.839" contextid="3116" timestamp="2019-06-14T19:07:55.337">
  <scavenger-info tenureage="5" tenuremask="ffe0" tiltratio="78" />
  <memory-copied type="nursery" objects="2971" bytes="233840" bytesdiscarded="174752" />
  <references type="phantom" candidates="1" cleared="0" enqueued="0" />
</gc-op>
<gc-end id="3120" type="scavenge" contextid="3116" durationms="1.138" usertimems="4.000" systemtimems="0.000" timestamp="2019-06-14T19:07:55.337" activeThreads="4">
  <mem-info id="3121" free="2044919016" total="2092630016" percent="97">
    <mem type="nursery" free="1360856" total="2097152" percent="64">
      <mem type="allocate" free="1360856" total="1769472" percent="76" />
      <mem type="survivor" free="0" total="327680" percent="0" />
    </mem>
    <mem type="tenure" free="2043558160" total="2090532864" percent="97">
      <mem type="soa" free="1939032336" total="1986007040" percent="97" />
      <mem type="loa" free="104525824" total="104525824" percent="100" />
    </mem>
    <remembered-set count="99" />
  </mem-info>
</gc-end>
<cycle-end id="3122" type="scavenge" contextid="3116" timestamp="2019-06-14T19:07:55.337" />
  <attribute name="elasticGC enabled" value="1" />
  <attribute name= "numThreadsSpecified" value="4" />
  <attribute name="heapSize specified" value="8388608" />
  <attribute name="Current GC Util" value="62" />
  <attribute name= "Current Time Running" value="3326" />
  <attribute name ="GC Interval" value="200" />
  <attribute name="ProportionalT" value="21.000000" />
  <attribute name="ProportionalI" value="21.000000" />
  <attribute name="ProportionalH" value="21.000000" />
  <attribute name="Current Error" value="42.000000" />
  <attribute name="IntegralT" value="168.000000" />
  <attribute name="IntegralI" value="168.000000" />
  <attribute name="IntegralH" value="168.000000" />
  <attribute name="DerivativeT" value="1.500000" />
  <attribute name="DerivativeI" value="1.500000" />
  <attribute name="DerivativeH" value="1.500000" />
  <attribute name="Loop Time for DT" value="4.000000" />
  <attribute name="Output H" value="8388608"/>
  <attribute name="Output I" value="200"/>
  <attribute name="Output T" value="4"/>
  <attribute name="Target GC Util Change" value ="20.000000" />
  <attribute name="Current GC Util Change" value="62.000000"/>
  <attribute name="GC Util currently" value="62" />
  <attribute name="CPU Util currently" value="1012148362509" />
<allocation-satisfied id="3123" threadId="00000000025DCC00" bytesRequested="24" />
<af-end id="3124" timestamp="2019-06-14T19:07:55.337" threadId="00000000025DD588" success="true" from="nursery"/>
<exclusive-end id="3125" timestamp="2019-06-14T19:07:55.337" durationms="1.742" />

<exclusive-start id="3126" timestamp="2019-06-14T19:07:55.343" intervalms="7.426">
  <response-info timems="0.206" idlems="0.186" threads="1" lastid="00000000025DCC00" lastname="PmdThread 1" />
</exclusive-start>
<af-start id="3127" threadId="00000000025E1188" totalBytesRequested="736" timestamp="2019-06-14T19:07:55.343" intervalms="7.462" type="nursery" />
<cycle-start id="3128" type="scavenge" contextid="0" timestamp="2019-06-14T19:07:55.343" intervalms="7.463" />
<gc-start id="3129" type="scavenge" contextid="3128" timestamp="2019-06-14T19:07:55.344">
  <mem-info id="3130" free="2043557944" total="2092630016" percent="97">
    <mem type="nursery" free="0" total="2097152" percent="0">
      <mem type="allocate" free="0" total="1769472" percent="0" />
      <mem type="survivor" free="0" total="327680" percent="0" />
    </mem>
    <mem type="tenure" free="2043557944" total="2090532864" percent="97">
      <mem type="soa" free="1939032120" total="1986007040" percent="97" />
      <mem type="loa" free="104525824" total="104525824" percent="100" />
    </mem>
    <remembered-set count="181" />
  </mem-info>
</gc-start>
<allocation-stats totalBytes="1360552" >
  <allocated-bytes non-tlh="240" tlh="1360312" />
  <largest-consumer threadName="PmdThread 1" threadId="00000000025DCC00" bytes="958416" />
</allocation-stats>
<gc-op id="3131" type="scavenge" timems="0.978" contextid="3128" timestamp="2019-06-14T19:07:55.345">
  <scavenger-info tenureage="3" tenuremask="fff8" tiltratio="84" />
  <memory-copied type="nursery" objects="3022" bytes="173872" bytesdiscarded="93912" />
  <memory-copied type="tenure" objects="213" bytes="67552" bytesdiscarded="0" />
  <references type="weak" candidates="34" cleared="33" enqueued="33" />
  <references type="phantom" candidates="1" cleared="0" enqueued="0" />
</gc-op>
<gc-end id="3132" type="scavenge" contextid="3128" durationms="1.279" usertimems="4.000" systemtimems="0.000" timestamp="2019-06-14T19:07:55.345" activeThreads="4">
  <mem-info id="3133" free="2045051416" total="2092630016" percent="97">
    <mem type="nursery" free="1501672" total="2097152" percent="71">
      <mem type="allocate" free="1501672" total="1769472" percent="84" />
      <mem type="survivor" free="0" total="327680" percent="0" />
    </mem>
    <mem type="tenure" free="2043549744" total="2090532864" percent="97">
      <mem type="soa" free="1939023920" total="1986007040" percent="97" />
      <mem type="loa" free="104525824" total="104525824" percent="100" />
    </mem>
    <pending-finalizers system="0" default="0" reference="33" classloader="0" />
    <remembered-set count="120" />
  </mem-info>
</gc-end>
<cycle-end id="3134" type="scavenge" contextid="3128" timestamp="2019-06-14T19:07:55.345" />
  <attribute name="elasticGC enabled" value="1" />
  <attribute name= "numThreadsSpecified" value="4" />
  <attribute name="heapSize specified" value="8388608" />
  <attribute name="Current GC Util" value="32" />
  <attribute name= "Current Time Running" value="3334" />
  <attribute name ="GC Interval" value="200" />
  <attribute name="ProportionalT" value="6.000000" />
  <attribute name="ProportionalI" value="6.000000" />
  <attribute name="ProportionalH" value="6.000000" />
  <attribute name="Current Error" value="12.000000" />
  <attribute name="IntegralT" value="96.000000" />
  <attribute name="IntegralI" value="96.000000" />
  <attribute name="IntegralH" value="96.000000" />
  <attribute name="DerivativeT" value="-1.875000" />
  <attribute name="DerivativeI" value="-1.875000" />
  <attribute name="DerivativeH" value="-1.875000" />
  <attribute name="Loop Time for DT" value="8.000000" />
  <attribute name="Output H" value="8388608"/>
  <attribute name="Output I" value="200"/>
  <attribute name="Output T" value="4"/>
  <attribute name="Target GC Util Change" value ="20.000000" />
  <attribute name="Current GC Util Change" value="32.000000"/>
  <attribute name="GC Util currently" value="32" />
  <attribute name="CPU Util currently" value="617307856217" />
<allocation-satisfied id="3135" threadId="00000000025E0800" bytesRequested="736" />
<af-end id="3136" timestamp="2019-06-14T19:07:55.345" threadId="00000000025E1188" success="true" from="nursery"/>
<exclusive-end id="3137" timestamp="2019-06-14T19:07:55.345" durationms="1.938" />

<exclusive-start id="3138" timestamp="2019-06-14T19:07:55.348" intervalms="5.029">
  <response-info timems="0.055" idlems="0.055" threads="0" lastid="00000000025DE300" lastname="PmdThread 4" />
</exclusive-start>
<af-start id="3139" threadId="00000000025DEC88" totalBytesRequested="16" timestamp="2019-06-14T19:07:55.348" intervalms="4.978" type="nursery" />
<cycle-start id="3140" type="scavenge" contextid="0" timestamp="2019-06-14T19:07:55.348" intervalms="4.956" />
<gc-start id="3141" type="scavenge" contextid="3140" timestamp="2019-06-14T19:07:55.348">
  <mem-info id="3142" free="2043549664" total="2092630016" percent="97">
    <mem type="nursery" free="0" total="2097152" percent="0">
      <mem type="allocate" free="0" total="1769472" percent="0" />
      <mem type="survivor" free="0" total="327680" percent="0" />
    </mem>
    <mem type="tenure" free="2043549664" total="2090532864" percent="97">
      <mem type="soa" free="1939023840" total="1986007040" percent="97" />
      <mem type="loa" free="104525824" total="104525824" percent="100" />
    </mem>
    <remembered-set count="282" />
  </mem-info>
</gc-start>
<allocation-stats totalBytes="1499272" >
  <allocated-bytes non-tlh="816" tlh="1498456" />
  <largest-consumer threadName="PmdThread 2" threadId="00000000025E0800" bytes="830480" />
</allocation-stats>
<gc-op id="3143" type="scavenge" timems="0.457" contextid="3140" timestamp="2019-06-14T19:07:55.349">
  <scavenger-info tenureage="6" tenuremask="ffc0" tiltratio="84" />
  <memory-copied type="nursery" objects="3790" bytes="200680" bytesdiscarded="122040" />
  <references type="weak" candidates="159" cleared="159" enqueued="159" />
  <references type="phantom" candidates="2" cleared="2" enqueued="2" />
</gc-op>
<gc-end id="3144" type="scavenge" contextid="3140" durationms="0.652" usertimems="4.000" systemtimems="0.000" timestamp="2019-06-14T19:07:55.349" activeThreads="4">
  <mem-info id="3145" free="2044995776" total="2092630016" percent="97">
    <mem type="nursery" free="1446112" total="2097152" percent="68">
      <mem type="allocate" free="1446112" total="1769472" percent="81" />
      <mem type="survivor" free="0" total="327680" percent="0" />
    </mem>
    <mem type="tenure" free="2043549664" total="2090532864" percent="97">
      <mem type="soa" free="1939023840" total="1986007040" percent="97" />
      <mem type="loa" free="104525824" total="104525824" percent="100" />
    </mem>
    <pending-finalizers system="0" default="0" reference="161" classloader="0" />
    <remembered-set count="142" />
  </mem-info>
</gc-end>
<cycle-end id="3146" type="scavenge" contextid="3140" timestamp="2019-06-14T19:07:55.349" />
  <attribute name="elasticGC enabled" value="1" />
  <attribute name= "numThreadsSpecified" value="4" />
  <attribute name="heapSize specified" value="8388608" />
  <attribute name="Current GC Util" value="51" />
  <attribute name= "Current Time Running" value="3339" />
  <attribute name ="GC Interval" value="200" />
  <attribute name="ProportionalT" value="15.500000" />
  <attribute name="ProportionalI" value="15.500000" />
  <attribute name="ProportionalH" value="15.500000" />
  <attribute name="Current Error" value="31.000000" />
  <attribute name="IntegralT" value="155.000000" />
  <attribute name="IntegralI" value="155.000000" />
  <attribute name="IntegralH" value="155.000000" />
  <attribute name="DerivativeT" value="1.900000" />
  <attribute name="DerivativeI" value="1.900000" />
  <attribute name="DerivativeH" value="1.900000" />
  <attribute name="Loop Time for DT" value="5.000000" />
  <attribute name="Output H" value="8388608"/>
  <attribute name="Output I" value="200"/>
  <attribute name="Output T" value="4"/>
  <attribute name="Target GC Util Change" value ="20.000000" />
  <attribute name="Current GC Util Change" value="51.000000"/>
  <attribute name="GC Util currently" value="51" />
  <attribute name="CPU Util currently" value="945690457898" />
<allocation-satisfied id="3147" threadId="00000000025DE300" bytesRequested="16" />
<af-end id="3148" timestamp="2019-06-14T19:07:55.349" threadId="00000000025DEC88" success="true" from="nursery"/>
<exclusive-end id="3149" timestamp="2019-06-14T19:07:55.349" durationms="1.143" />

<exclusive-start id="3150" timestamp="2019-06-14T19:07:55.352" intervalms="3.580">
  <response-info timems="0.076" idlems="0.076" threads="0" lastid="00000000025E0800" lastname="PmdThread 2" />
</exclusive-start>
<af-start id="3151" threadId="00000000025E1188" totalBytesRequested="624" timestamp="2019-06-14T19:07:55.352" intervalms="3.563" type="nursery" />
<cycle-start id="3152" type="scavenge" contextid="0" timestamp="2019-06-14T19:07:55.352" intervalms="3.575" />
<gc-start id="3153" type="scavenge" contextid="3152" timestamp="2019-06-14T19:07:55.352">
  <mem-info id="3154" free="2043549664" total="2092630016" percent="97">
    <mem type="nursery" free="0" total="2097152" percent="0">
      <mem type="allocate" free="0" total="1769472" percent="0" />
      <mem type="survivor" free="0" total="327680" percent="0" />
    </mem>
    <mem type="tenure" free="2043549664" total="2090532864" percent="97">
      <mem type="soa" free="1939023840" total="1986007040" percent="97" />
      <mem type="loa" free="104525824" total="104525824" percent="100" />
    </mem>
    <remembered-set count="363" />
  </mem-info>
</gc-start>
<allocation-stats totalBytes="1444112" >
  <allocated-bytes non-tlh="16408" tlh="1427704" />
  <largest-consumer threadName="PmdThread 2" threadId="00000000025E0800" bytes="919944" />
</allocation-stats>
<gc-op id="3155" type="scavenge" timems="1.200" contextid="3152" timestamp="2019-06-14T19:07:55.353">
  <scavenger-info tenureage="3" tenuremask="ffe8" tiltratio="84" />
  <memory-copied type="nursery" objects="3935" bytes="213512" bytesdiscarded="113112" />
  <memory-copied type="tenure" objects="1126" bytes="93904" bytesdiscarded="8" />
  <copy-failed type="nursery" objects="698" bytes="78872" />
  <references type="weak" candidates="132" cleared="132" enqueued="132" />
  <references type="phantom" candidates="1" cleared="0" enqueued="0" />
</gc-op>
<gc-end id="3156" type="scavenge" contextid="3152" durationms="1.373" usertimems="4.000" systemtimems="0.000" timestamp="2019-06-14T19:07:55.353" activeThreads="4">
  <mem-info id="3157" free="2044772032" total="2092630016" percent="97">
    <mem type="nursery" free="1310720" total="2097152" percent="62">
      <mem type="allocate" free="1310720" total="1638400" percent="80" />
      <mem type="survivor" free="0" total="458752" percent="0" />
    </mem>
    <mem type="tenure" free="2043461312" total="2090532864" percent="97">
      <mem type="soa" free="1938935488" total="1986007040" percent="97" />
      <mem type="loa" free="104525824" total="104525824" percent="100" />
    </mem>
    <pending-finalizers system="0" default="0" reference="132" classloader="0" />
    <remembered-set count="548" />
  </mem-info>
</gc-end>
<cycle-end id="3158" type="scavenge" contextid="3152" timestamp="2019-06-14T19:07:55.353" />
  <attribute name="elasticGC enabled" value="1" />
  <attribute name= "numThreadsSpecified" value="4" />
  <attribute name="heapSize specified" value="8388608" />
  <attribute name="Current GC Util" value="29" />
  <attribute name= "Current Time Running" value="3342" />
  <attribute name ="GC Interval" value="200" />
  <attribute name="ProportionalT" value="4.500000" />
  <attribute name="ProportionalI" value="4.500000" />
  <attribute name="ProportionalH" value="4.500000" />
  <attribute name="Current Error" value="9.000000" />
  <attribute name="IntegralT" value="27.000000" />
  <attribute name="IntegralI" value="27.000000" />
  <attribute name="IntegralH" value="27.000000" />
  <attribute name="DerivativeT" value="-3.666667" />
  <attribute name="DerivativeI" value="-3.666667" />
  <attribute name="DerivativeH" value="-3.666667" />
  <attribute name="Loop Time for DT" value="3.000000" />
  <attribute name="Output H" value="8388608"/>
  <attribute name="Output I" value="200"/>
  <attribute name="Output T" value="4"/>
  <attribute name="Target GC Util Change" value ="20.000000" />
  <attribute name="Current GC Util Change" value="29.000000"/>
  <attribute name="GC Util currently" value="29" />
  <attribute name="CPU Util currently" value="1318380567728" />
<allocation-satisfied id="3159" threadId="00000000025E0800" bytesRequested="624" />
<af-end id="3160" timestamp="2019-06-14T19:07:55.354" threadId="00000000025E1188" success="true" from="nursery"/>
<exclusive-end id="3161" timestamp="2019-06-14T19:07:55.354" durationms="1.822" />

<exclusive-start id="3162" timestamp="2019-06-14T19:07:55.356" intervalms="4.541">
  <response-info timems="0.057" idlems="0.057" threads="0" lastid="00000000025DD700" lastname="PmdThread 3" />
</exclusive-start>
<af-start id="3163" threadId="00000000025DE088" totalBytesRequested="24" timestamp="2019-06-14T19:07:55.356" intervalms="4.580" type="nursery" />
<cycle-start id="3164" type="scavenge" contextid="0" timestamp="2019-06-14T19:07:55.357" intervalms="4.575" />
<gc-start id="3165" type="scavenge" contextid="3164" timestamp="2019-06-14T19:07:55.357">
  <mem-info id="3166" free="2043461312" total="2092630016" percent="97">
    <mem type="nursery" free="0" total="2097152" percent="0">
      <mem type="allocate" free="0" total="1638400" percent="0" />
      <mem type="survivor" free="0" total="458752" percent="0" />
    </mem>
    <mem type="tenure" free="2043461312" total="2090532864" percent="97">
      <mem type="soa" free="1938935488" total="1986007040" percent="97" />
      <mem type="loa" free="104525824" total="104525824" percent="100" />
    </mem>
    <remembered-set count="676" />
  </mem-info>
</gc-start>
<allocation-stats totalBytes="1308512" >
  <allocated-bytes non-tlh="624" tlh="1307888" />
  <largest-consumer threadName="PmdThread 2" threadId="00000000025E0800" bytes="539768" />
</allocation-stats>
<gc-op id="3167" type="scavenge" timems="0.476" contextid="3164" timestamp="2019-06-14T19:07:55.357">
  <scavenger-info tenureage="5" tenuremask="ffe0" tiltratio="78" />
  <memory-copied type="nursery" objects="3757" bytes="259664" bytesdiscarded="163264" />
  <memory-copied type="tenure" objects="1502" bytes="62312" bytesdiscarded="8" />
  <references type="weak" candidates="91" cleared="90" enqueued="90" />
  <references type="phantom" candidates="2" cleared="1" enqueued="1" />
</gc-op>
<gc-end id="3168" type="scavenge" contextid="3164" durationms="0.715" usertimems="0.000" systemtimems="0.000" timestamp="2019-06-14T19:07:55.357" activeThreads="4">
  <mem-info id="3169" free="2044544912" total="2092630016" percent="97">
    <mem type="nursery" free="1214928" total="2097152" percent="57">
      <mem type="allocate" free="1214928" total="1638400" percent="74" />
      <mem type="survivor" free="0" total="458752" percent="0" />
    </mem>
    <mem type="tenure" free="2043329984" total="2090532864" percent="97">
      <mem type="soa" free="1938804160" total="1986007040" percent="97" />
      <mem type="loa" free="104525824" total="104525824" percent="100" />
    </mem>
    <pending-finalizers system="0" default="0" reference="91" classloader="0" />
    <remembered-set count="363" />
  </mem-info>
</gc-end>
<cycle-end id="3170" type="scavenge" contextid="3164" timestamp="2019-06-14T19:07:55.357" />
  <attribute name="elasticGC enabled" value="1" />
  <attribute name= "numThreadsSpecified" value="4" />
  <attribute name="heapSize specified" value="8388608" />
  <attribute name="Current GC Util" value="66" />
  <attribute name= "Current Time Running" value="3347" />
  <attribute name ="GC Interval" value="256" />
  <attribute name="ProportionalT" value="23.000000" />
  <attribute name="ProportionalI" value="23.000000" />
  <attribute name="ProportionalH" value="23.000000" />
  <attribute name="Current Error" value="46.000000" />
  <attribute name="IntegralT" value="230.000000" />
  <attribute name="IntegralI" value="230.000000" />
  <attribute name="IntegralH" value="230.000000" />
  <attribute name="DerivativeT" value="3.700000" />
  <attribute name="DerivativeI" value="3.700000" />
  <attribute name="DerivativeH" value="3.700000" />
  <attribute name="Loop Time for DT" value="5.000000" />
  <attribute name="Output H" value="8388608"/>
  <attribute name="Output I" value="256"/>
  <attribute name="Output T" value="4"/>
  <attribute name="Target GC Util Change" value ="20.000000" />
  <attribute name="Current GC Util Change" value="66.000000"/>
  <attribute name="GC Util currently" value="66" />
  <attribute name="CPU Util currently" value="988939930229" />
<allocation-satisfied id="3171" threadId="00000000025DD700" bytesRequested="24" />
<af-end id="3172" timestamp="2019-06-14T19:07:55.358" threadId="00000000025DE088" success="true" from="nursery"/>
<exclusive-end id="3173" timestamp="2019-06-14T19:07:55.358" durationms="1.216" />

<exclusive-start id="3174" timestamp="2019-06-14T19:07:55.361" intervalms="4.529">
  <response-info timems="0.052" idlems="0.052" threads="0" lastid="00000000025DD700" lastname="PmdThread 3" />
</exclusive-start>
<af-start id="3175" threadId="00000000025DE088" totalBytesRequested="72" timestamp="2019-06-14T19:07:55.361" intervalms="4.496" type="nursery" />
<cycle-start id="3176" type="scavenge" contextid="0" timestamp="2019-06-14T19:07:55.361" intervalms="4.464" />
<gc-start id="3177" type="scavenge" contextid="3176" timestamp="2019-06-14T19:07:55.361">
  <mem-info id="3178" free="2043329984" total="2092630016" percent="97">
    <mem type="nursery" free="0" total="2097152" percent="0">
      <mem type="allocate" free="0" total="1638400" percent="0" />
      <mem type="survivor" free="0" total="458752" percent="0" />
    </mem>
    <mem type="tenure" free="2043329984" total="2090532864" percent="97">
      <mem type="soa" free="1938804160" total="1986007040" percent="97" />
      <mem type="loa" free="104525824" total="104525824" percent="100" />
    </mem>
    <remembered-set count="406" />
  </mem-info>
</gc-start>
<allocation-stats totalBytes="1213104" >
  <allocated-bytes non-tlh="24" tlh="1213080" />
  <largest-consumer threadName="PmdThread 4" threadId="00000000025DE300" bytes="449248" />
</allocation-stats>
<gc-op id="3179" type="scavenge" timems="1.609" contextid="3176" timestamp="2019-06-14T19:07:55.363">
  <scavenger-info tenureage="4" tenuremask="ffb0" tiltratio="78" />
  <memory-copied type="nursery" objects="4402" bytes="280184" bytesdiscarded="178096" />
  <memory-copied type="tenure" objects="1987" bytes="185832" bytesdiscarded="32" />
  <copy-failed type="nursery" objects="1628" bytes="172568" />
  <references type="weak" candidates="23" cleared="22" enqueued="22" />
  <references type="phantom" candidates="2" cleared="1" enqueued="1" />
</gc-op>
<gc-end id="3180" type="scavenge" contextid="3176" durationms="1.943" usertimems="4.000" systemtimems="0.000" timestamp="2019-06-14T19:07:55.363" activeThreads="4">
  <mem-info id="3181" free="2044152752" total="2092630016" percent="97">
    <mem type="nursery" free="917504" total="2097152" percent="43">
      <mem type="allocate" free="917504" total="1376256" percent="66" />
      <mem type="survivor" free="0" total="720896" percent="0" />
    </mem>
    <mem type="tenure" free="2043235248" total="2090532864" percent="97">
      <mem type="soa" free="1938709424" total="1986007040" percent="97" />
      <mem type="loa" free="104525824" total="104525824" percent="100" />
    </mem>
    <pending-finalizers system="0" default="0" reference="23" classloader="0" />
    <remembered-set count="1005" />
  </mem-info>
</gc-end>
<cycle-end id="3182" type="scavenge" contextid="3176" timestamp="2019-06-14T19:07:55.363" />
  <attribute name="elasticGC enabled" value="1" />
  <attribute name= "numThreadsSpecified" value="4" />
  <attribute name="heapSize specified" value="8388608" />
  <attribute name="Current GC Util" value="27" />
  <attribute name= "Current Time Running" value="3351" />
  <attribute name ="GC Interval" value="200" />
  <attribute name="ProportionalT" value="3.500000" />
  <attribute name="ProportionalI" value="3.500000" />
  <attribute name="ProportionalH" value="3.500000" />
  <attribute name="Current Error" value="7.000000" />
  <attribute name="IntegralT" value="28.000000" />
  <attribute name="IntegralI" value="28.000000" />
  <attribute name="IntegralH" value="28.000000" />
  <attribute name="DerivativeT" value="-4.875000" />
  <attribute name="DerivativeI" value="-4.875000" />
  <attribute name="DerivativeH" value="-4.875000" />
  <attribute name="Loop Time for DT" value="4.000000" />
  <attribute name="Output H" value="8388608"/>
  <attribute name="Output I" value="200"/>
  <attribute name="Output T" value="4"/>
  <attribute name="Target GC Util Change" value ="20.000000" />
  <attribute name="Current GC Util Change" value="27.000000"/>
  <attribute name="GC Util currently" value="27" />
  <attribute name="CPU Util currently" value="1053761007808" />
<allocation-satisfied id="3183" threadId="00000000025DD700" bytesRequested="72" />
<af-end id="3184" timestamp="2019-06-14T19:07:55.363" threadId="00000000025DE088" success="true" from="nursery"/>
<exclusive-end id="3185" timestamp="2019-06-14T19:07:55.363" durationms="2.401" />

<exclusive-start id="3186" timestamp="2019-06-14T19:07:55.368" intervalms="6.821">
  <response-info timems="2.064" idlems="1.373" threads="2" lastid="00000000025DD700" lastname="PmdThread 3" />
</exclusive-start>
<af-start id="3187" threadId="00000000025E1188" totalBytesRequested="24" timestamp="2019-06-14T19:07:55.368" intervalms="6.925" type="nursery" />
<cycle-start id="3188" type="scavenge" contextid="0" timestamp="2019-06-14T19:07:55.368" intervalms="6.979" />
<gc-start id="3189" type="scavenge" contextid="3188" timestamp="2019-06-14T19:07:55.368">
  <mem-info id="3190" free="2043235032" total="2092630016" percent="97">
    <mem type="nursery" free="0" total="2097152" percent="0">
      <mem type="allocate" free="0" total="1376256" percent="0" />
      <mem type="survivor" free="0" total="720896" percent="0" />
    </mem>
    <mem type="tenure" free="2043235032" total="2090532864" percent="97">
      <mem type="soa" free="1938709208" total="1986007040" percent="97" />
      <mem type="loa" free="104525824" total="104525824" percent="100" />
    </mem>
    <remembered-set count="1237" />
  </mem-info>
</gc-start>
<allocation-stats totalBytes="915744" >
  <allocated-bytes non-tlh="288" tlh="915456" />
  <largest-consumer threadName="PmdThread 2" threadId="00000000025E0800" bytes="780352" />
</allocation-stats>
<gc-op id="3191" type="scavenge" timems="1.515" contextid="3188" timestamp="2019-06-14T19:07:55.370">
  <scavenger-info tenureage="3" tenuremask="7f18" tiltratio="65" />
  <memory-copied type="nursery" objects="3914" bytes="258120" bytesdiscarded="75224" />
  <memory-copied type="tenure" objects="717" bytes="27896" bytesdiscarded="24" />
  <references type="weak" candidates="78" cleared="77" enqueued="77" />
  <references type="phantom" candidates="1" cleared="0" enqueued="0" />
</gc-op>
<gc-end id="3192" type="scavenge" contextid="3188" durationms="1.826" usertimems="4.000" systemtimems="0.000" timestamp="2019-06-14T19:07:55.370" activeThreads="4">
  <mem-info id="3193" free="2044238744" total="2092630016" percent="97">
    <mem type="nursery" free="1042880" total="2097152" percent="49">
      <mem type="allocate" free="1042880" total="1376256" percent="75" />
      <mem type="survivor" free="0" total="720896" percent="0" />
    </mem>
    <mem type="tenure" free="2043195864" total="2090532864" percent="97">
      <mem type="soa" free="1938670040" total="1986007040" percent="97" />
      <mem type="loa" free="104525824" total="104525824" percent="100" />
    </mem>
    <pending-finalizers system="0" default="0" reference="77" classloader="0" />
    <remembered-set count="534" />
  </mem-info>
</gc-end>
<cycle-end id="3194" type="scavenge" contextid="3188" timestamp="2019-06-14T19:07:55.370" />
  <attribute name="elasticGC enabled" value="1" />
  <attribute name= "numThreadsSpecified" value="4" />
  <attribute name="heapSize specified" value="8388608" />
  <attribute name="Current GC Util" value="45" />
  <attribute name= "Current Time Running" value="3358" />
  <attribute name ="GC Interval" value="200" />
  <attribute name="ProportionalT" value="12.500000" />
  <attribute name="ProportionalI" value="12.500000" />
  <attribute name="ProportionalH" value="12.500000" />
  <attribute name="Current Error" value="25.000000" />
  <attribute name="IntegralT" value="175.000000" />
  <attribute name="IntegralI" value="175.000000" />
  <attribute name="IntegralH" value="175.000000" />
  <attribute name="DerivativeT" value="1.285714" />
  <attribute name="DerivativeI" value="1.285714" />
  <attribute name="DerivativeH" value="1.285714" />
  <attribute name="Loop Time for DT" value="7.000000" />
  <attribute name="Output H" value="8388608"/>
  <attribute name="Output I" value="200"/>
  <attribute name="Output T" value="4"/>
  <attribute name="Target GC Util Change" value ="20.000000" />
  <attribute name="Current GC Util Change" value="45.000000"/>
  <attribute name="GC Util currently" value="45" />
  <attribute name="CPU Util currently" value="646139821884" />
<allocation-satisfied id="3195" threadId="00000000025E0800" bytesRequested="24" />
<af-end id="3196" timestamp="2019-06-14T19:07:55.370" threadId="00000000025E1188" success="true" from="nursery"/>
<exclusive-end id="3197" timestamp="2019-06-14T19:07:55.370" durationms="2.522" />

<exclusive-start id="3198" timestamp="2019-06-14T19:07:55.373" intervalms="5.677">
  <response-info timems="0.053" idlems="0.053" threads="0" lastid="00000000025E0800" lastname="PmdThread 2" />
</exclusive-start>
<af-start id="3199" threadId="00000000025E1188" totalBytesRequested="80" timestamp="2019-06-14T19:07:55.373" intervalms="5.635" type="nursery" />
<cycle-start id="3200" type="scavenge" contextid="0" timestamp="2019-06-14T19:07:55.374" intervalms="5.574" />
<gc-start id="3201" type="scavenge" contextid="3200" timestamp="2019-06-14T19:07:55.374">
  <mem-info id="3202" free="2043195864" total="2092630016" percent="97">
    <mem type="nursery" free="0" total="2097152" percent="0">
      <mem type="allocate" free="0" total="1376256" percent="0" />
      <mem type="survivor" free="0" total="720896" percent="0" />
    </mem>
    <mem type="tenure" free="2043195864" total="2090532864" percent="97">
      <mem type="soa" free="1938670040" total="1986007040" percent="97" />
      <mem type="loa" free="104525824" total="104525824" percent="100" />
    </mem>
    <remembered-set count="663" />
  </mem-info>
</gc-start>
<allocation-stats totalBytes="1040600" >
  <allocated-bytes non-tlh="24" tlh="1040576" />
  <largest-consumer threadName="PmdThread 2" threadId="00000000025E0800" bytes="643568" />
</allocation-stats>
<gc-op id="3203" type="scavenge" timems="0.952" contextid="3200" timestamp="2019-06-14T19:07:55.375">
  <scavenger-info tenureage="8" tenuremask="7f00" tiltratio="65" />
  <memory-copied type="nursery" objects="4074" bytes="265440" bytesdiscarded="113160" />
  <references type="weak" candidates="107" cleared="107" enqueued="107" />
  <references type="phantom" candidates="2" cleared="2" enqueued="2" />
</gc-op>
<gc-end id="3204" type="scavenge" contextid="3200" durationms="1.157" usertimems="4.000" systemtimems="0.000" timestamp="2019-06-14T19:07:55.375" activeThreads="4">
  <mem-info id="3205" free="2044324264" total="2092630016" percent="97">
    <mem type="nursery" free="1128400" total="2097152" percent="53">
      <mem type="allocate" free="1128400" total="1507328" percent="74" />
      <mem type="survivor" free="0" total="589824" percent="0" />
    </mem>
    <mem type="tenure" free="2043195864" total="2090532864" percent="97">
      <mem type="soa" free="1938670040" total="1986007040" percent="97" />
      <mem type="loa" free="104525824" total="104525824" percent="100" />
    </mem>
    <pending-finalizers system="0" default="0" reference="109" classloader="0" />
    <remembered-set count="538" />
  </mem-info>
</gc-end>
<cycle-end id="3206" type="scavenge" contextid="3200" timestamp="2019-06-14T19:07:55.375" />
  <attribute name="elasticGC enabled" value="1" />
  <attribute name= "numThreadsSpecified" value="4" />
  <attribute name="heapSize specified" value="8388608" />
  <attribute name="Current GC Util" value="57" />
  <attribute name= "Current Time Running" value="3364" />
  <attribute name ="GC Interval" value="248" />
  <attribute name="ProportionalT" value="18.500000" />
  <attribute name="ProportionalI" value="18.500000" />
  <attribute name="ProportionalH" value="18.500000" />
  <attribute name="Current Error" value="37.000000" />
  <attribute name="IntegralT" value="222.000000" />
  <attribute name="IntegralI" value="222.000000" />
  <attribute name="IntegralH" value="222.000000" />
  <attribute name="DerivativeT" value="1.000000" />
  <attribute name="DerivativeI" value="1.000000" />
  <attribute name="DerivativeH" value="1.000000" />
  <attribute name="Loop Time for DT" value="6.000000" />
  <attribute name="Output H" value="8388608"/>
  <attribute name="Output I" value="248"/>
  <attribute name="Output T" value="4"/>
  <attribute name="Target GC Util Change" value ="20.000000" />
  <attribute name="Current GC Util Change" value="57.000000"/>
  <attribute name="GC Util currently" value="57" />
  <attribute name="CPU Util currently" value="836179291980" />
<allocation-satisfied id="3207" threadId="00000000025E0800" bytesRequested="80" />
<af-end id="3208" timestamp="2019-06-14T19:07:55.375" threadId="00000000025E1188" success="true" from="nursery"/>
<exclusive-end id="3209" timestamp="2019-06-14T19:07:55.375" durationms="1.777" />

<exclusive-start id="3210" timestamp="2019-06-14T19:07:55.378" intervalms="4.748">
  <response-info timems="0.124" idlems="0.075" threads="2" lastid="00000000025DD700" lastname="PmdThread 3" />
</exclusive-start>
<af-start id="3211" threadId="00000000025E1188" totalBytesRequested="24" timestamp="2019-06-14T19:07:55.378" intervalms="4.694" type="nursery" />
<cycle-start id="3212" type="scavenge" contextid="0" timestamp="2019-06-14T19:07:55.378" intervalms="4.753" />
<gc-start id="3213" type="scavenge" contextid="3212" timestamp="2019-06-14T19:07:55.378">
  <mem-info id="3214" free="2043195792" total="2092630016" percent="97">
    <mem type="nursery" free="0" total="2097152" percent="0">
      <mem type="allocate" free="0" total="1507328" percent="0" />
      <mem type="survivor" free="0" total="589824" percent="0" />
    </mem>
    <mem type="tenure" free="2043195792" total="2090532864" percent="97">
      <mem type="soa" free="1938669968" total="1986007040" percent="97" />
      <mem type="loa" free="104525824" total="104525824" percent="100" />
    </mem>
    <remembered-set count="673" />
  </mem-info>
</gc-start>
<allocation-stats totalBytes="1126816" >
  <allocated-bytes non-tlh="49328" tlh="1077488" />
  <largest-consumer threadName="PmdThread 2" threadId="00000000025E0800" bytes="640104" />
</allocation-stats>
<gc-op id="3215" type="scavenge" timems="1.456" contextid="3212" timestamp="2019-06-14T19:07:55.380">
  <scavenger-info tenureage="3" tenuremask="fff8" tiltratio="71" />
  <memory-copied type="nursery" objects="2800" bytes="215488" bytesdiscarded="109640" />
  <memory-copied type="tenure" objects="3541" bytes="242400" bytesdiscarded="488" />
  <references type="weak" candidates="79" cleared="79" enqueued="79" />
</gc-op>
<gc-end id="3216" type="scavenge" contextid="3212" durationms="1.725" usertimems="0.000" systemtimems="4.000" timestamp="2019-06-14T19:07:55.380" activeThreads="4">
  <mem-info id="3217" free="2044182312" total="2092630016" percent="97">
    <mem type="nursery" free="1247688" total="2097152" percent="59">
      <mem type="allocate" free="1247688" total="1572864" percent="79" />
      <mem type="survivor" free="0" total="524288" percent="0" />
    </mem>
    <mem type="tenure" free="2042934624" total="2090532864" percent="97">
      <mem type="soa" free="1938408800" total="1986007040" percent="97" />
      <mem type="loa" free="104525824" total="104525824" percent="100" />
    </mem>
    <pending-finalizers system="0" default="0" reference="79" classloader="0" />
    <remembered-set count="159" />
  </mem-info>
</gc-end>
<cycle-end id="3218" type="scavenge" contextid="3212" timestamp="2019-06-14T19:07:55.380" />
  <attribute name="elasticGC enabled" value="1" />
  <attribute name= "numThreadsSpecified" value="4" />
  <attribute name="heapSize specified" value="8388608" />
  <attribute name="Current GC Util" value="52" />
  <attribute name= "Current Time Running" value="3368" />
  <attribute name ="GC Interval" value="200" />
  <attribute name="ProportionalT" value="16.000000" />
  <attribute name="ProportionalI" value="16.000000" />
  <attribute name="ProportionalH" value="16.000000" />
  <attribute name="Current Error" value="32.000000" />
  <attribute name="IntegralT" value="128.000000" />
  <attribute name="IntegralI" value="128.000000" />
  <attribute name="IntegralH" value="128.000000" />
  <attribute name="DerivativeT" value="-0.625000" />
  <attribute name="DerivativeI" value="-0.625000" />
  <attribute name="DerivativeH" value="-0.625000" />
  <attribute name="Loop Time for DT" value="4.000000" />
  <attribute name="Output H" value="8388608"/>
  <attribute name="Output I" value="200"/>
  <attribute name="Output T" value="4"/>
  <attribute name="Target GC Util Change" value ="20.000000" />
  <attribute name="Current GC Util Change" value="52.000000"/>
  <attribute name="GC Util currently" value="52" />
  <attribute name="CPU Util currently" value="968925053768" />
<allocation-satisfied id="3219" threadId="00000000025E0800" bytesRequested="24" />
<af-end id="3220" timestamp="2019-06-14T19:07:55.380" threadId="00000000025E1188" success="true" from="nursery"/>
<exclusive-end id="3221" timestamp="2019-06-14T19:07:55.380" durationms="2.326" />

<exclusive-start id="3222" timestamp="2019-06-14T19:07:55.383" intervalms="5.351">
  <response-info timems="0.033" idlems="0.033" threads="0" lastid="00000000025DE300" lastname="PmdThread 4" />
</exclusive-start>
<af-start id="3223" threadId="00000000025DEC88" totalBytesRequested="960" timestamp="2019-06-14T19:07:55.384" intervalms="5.367" type="nursery" />
<cycle-start id="3224" type="scavenge" contextid="0" timestamp="2019-06-14T19:07:55.384" intervalms="5.366" />
<gc-start id="3225" type="scavenge" contextid="3224" timestamp="2019-06-14T19:07:55.384">
  <mem-info id="3226" free="2042934624" total="2092630016" percent="97">
    <mem type="nursery" free="0" total="2097152" percent="0">
      <mem type="allocate" free="0" total="1572864" percent="0" />
      <mem type="survivor" free="0" total="524288" percent="0" />
    </mem>
    <mem type="tenure" free="2042934624" total="2090532864" percent="97">
      <mem type="soa" free="1938408800" total="1986007040" percent="97" />
      <mem type="loa" free="104525824" total="104525824" percent="100" />
    </mem>
    <remembered-set count="413" />
  </mem-info>
</gc-start>
<allocation-stats totalBytes="1244248" >
  <allocated-bytes non-tlh="24" tlh="1244224" />
  <largest-consumer threadName="PmdThread 2" threadId="00000000025E0800" bytes="1115472" />
</allocation-stats>
<gc-op id="3227" type="scavenge" timems="0.598" contextid="3224" timestamp="2019-06-14T19:07:55.385">
  <scavenger-info tenureage="6" tenuremask="ffc0" tiltratio="75" />
  <memory-copied type="nursery" objects="2962" bytes="226032" bytesdiscarded="107296" />
  <references type="weak" candidates="113" cleared="113" enqueued="113" />
  <references type="phantom" candidates="1" cleared="1" enqueued="1" />
</gc-op>
<gc-end id="3228" type="scavenge" contextid="3224" durationms="0.933" usertimems="0.000" systemtimems="0.000" timestamp="2019-06-14T19:07:55.385" activeThreads="4">
  <mem-info id="3229" free="2044174112" total="2092630016" percent="97">
    <mem type="nursery" free="1239488" total="2097152" percent="59">
      <mem type="allocate" free="1239488" total="1572864" percent="78" />
      <mem type="survivor" free="0" total="524288" percent="0" />
    </mem>
    <mem type="tenure" free="2042934624" total="2090532864" percent="97">
      <mem type="soa" free="1938408800" total="1986007040" percent="97" />
      <mem type="loa" free="104525824" total="104525824" percent="100" />
    </mem>
    <pending-finalizers system="0" default="0" reference="114" classloader="0" />
    <remembered-set count="161" />
  </mem-info>
</gc-end>
<cycle-end id="3230" type="scavenge" contextid="3224" timestamp="2019-06-14T19:07:55.385" />
  <attribute name="elasticGC enabled" value="1" />
  <attribute name= "numThreadsSpecified" value="4" />
  <attribute name="heapSize specified" value="8388608" />
  <attribute name="Current GC Util" value="63" />
  <attribute name= "Current Time Running" value="3374" />
  <attribute name ="GC Interval" value="280" />
  <attribute name="ProportionalT" value="21.500000" />
  <attribute name="ProportionalI" value="21.500000" />
  <attribute name="ProportionalH" value="21.500000" />
  <attribute name="Current Error" value="43.000000" />
  <attribute name="IntegralT" value="258.000000" />
  <attribute name="IntegralI" value="258.000000" />
  <attribute name="IntegralH" value="258.000000" />
  <attribute name="DerivativeT" value="0.916667" />
  <attribute name="DerivativeI" value="0.916667" />
  <attribute name="DerivativeH" value="0.916667" />
  <attribute name="Loop Time for DT" value="6.000000" />
  <attribute name="Output H" value="8388608"/>
  <attribute name="Output I" value="280"/>
  <attribute name="Output T" value="4"/>
  <attribute name="Target GC Util Change" value ="20.000000" />
  <attribute name="Current GC Util Change" value="63.000000"/>
  <attribute name="GC Util currently" value="63" />
  <attribute name="CPU Util currently" value="847946512634" />
<allocation-satisfied id="3231" threadId="00000000025DE300" bytesRequested="960" />
<af-end id="3232" timestamp="2019-06-14T19:07:55.385" threadId="00000000025DEC88" success="true" from="nursery"/>
<exclusive-end id="3233" timestamp="2019-06-14T19:07:55.385" durationms="1.587" />

<exclusive-start id="3234" timestamp="2019-06-14T19:07:55.389" intervalms="5.679">
  <response-info timems="0.076" idlems="0.076" threads="0" lastid="00000000025E0800" lastname="PmdThread 2" />
</exclusive-start>
<af-start id="3235" threadId="00000000025E1188" totalBytesRequested="736" timestamp="2019-06-14T19:07:55.389" intervalms="5.676" type="nursery" />
<cycle-start id="3236" type="scavenge" contextid="0" timestamp="2019-06-14T19:07:55.389" intervalms="5.618" />
<gc-start id="3237" type="scavenge" contextid="3236" timestamp="2019-06-14T19:07:55.389">
  <mem-info id="3238" free="2042934624" total="2092630016" percent="97">
    <mem type="nursery" free="0" total="2097152" percent="0">
      <mem type="allocate" free="0" total="1572864" percent="0" />
      <mem type="survivor" free="0" total="524288" percent="0" />
    </mem>
    <mem type="tenure" free="2042934624" total="2090532864" percent="97">
      <mem type="soa" free="1938408800" total="1986007040" percent="97" />
      <mem type="loa" free="104525824" total="104525824" percent="100" />
    </mem>
    <remembered-set count="277" />
  </mem-info>
</gc-start>
<allocation-stats totalBytes="1236296" >
  <allocated-bytes non-tlh="960" tlh="1235336" />
  <largest-consumer threadName="PmdThread 2" threadId="00000000025E0800" bytes="373568" />
</allocation-stats>
<gc-op id="3239" type="scavenge" timems="1.653" contextid="3236" timestamp="2019-06-14T19:07:55.391">
  <scavenger-info tenureage="5" tenuremask="ffe0" tiltratio="75" />
  <memory-copied type="nursery" objects="3175" bytes="290768" bytesdiscarded="144640" />
  <references type="weak" candidates="54" cleared="53" enqueued="53" />
  <references type="phantom" candidates="2" cleared="1" enqueued="1" />
</gc-op>
<gc-end id="3240" type="scavenge" contextid="3236" durationms="1.908" usertimems="4.000" systemtimems="0.000" timestamp="2019-06-14T19:07:55.391" activeThreads="4">
  <mem-info id="3241" free="2044136720" total="2092630016" percent="97">
    <mem type="nursery" free="1202096" total="2097152" percent="57">
      <mem type="allocate" free="1202096" total="1638400" percent="73" />
      <mem type="survivor" free="0" total="458752" percent="0" />
    </mem>
    <mem type="tenure" free="2042934624" total="2090532864" percent="97">
      <mem type="soa" free="1938408800" total="1986007040" percent="97" />
      <mem type="loa" free="104525824" total="104525824" percent="100" />
    </mem>
    <pending-finalizers system="0" default="0" reference="54" classloader="0" />
    <remembered-set count="179" />
  </mem-info>
</gc-end>
<cycle-end id="3242" type="scavenge" contextid="3236" timestamp="2019-06-14T19:07:55.391" />
  <attribute name="elasticGC enabled" value="1" />
  <attribute name= "numThreadsSpecified" value="4" />
  <attribute name="heapSize specified" value="8388608" />
  <attribute name="Current GC Util" value="18" />
  <attribute name= "Current Time Running" value="3379" />
  <attribute name ="GC Interval" value="200" />
  <attribute name="ProportionalT" value="-1.000000" />
  <attribute name="ProportionalI" value="-1.000000" />
  <attribute name="ProportionalH" value="-1.000000" />
  <attribute name="Current Error" value="-2.000000" />
  <attribute name="IntegralT" value="-10.000000" />
  <attribute name="IntegralI" value="-10.000000" />
  <attribute name="IntegralH" value="-10.000000" />
  <attribute name="DerivativeT" value="-4.500000" />
  <attribute name="DerivativeI" value="-4.500000" />
  <attribute name="DerivativeH" value="-4.500000" />
  <attribute name="Loop Time for DT" value="5.000000" />
  <attribute name="Output H" value="2092630016"/>
  <attribute name="Output I" value="200"/>
  <attribute name="Output T" value="4"/>
  <attribute name="Target GC Util Change" value ="20.000000" />
  <attribute name="Current GC Util Change" value="18.000000"/>
  <attribute name="GC Util currently" value="18" />
  <attribute name="CPU Util currently" value="833103786076" />
<allocation-satisfied id="3243" threadId="00000000025E0800" bytesRequested="736" />
<af-end id="3244" timestamp="2019-06-14T19:07:55.392" threadId="00000000025E1188" success="true" from="nursery"/>
<exclusive-end id="3245" timestamp="2019-06-14T19:07:55.392" durationms="2.476" />

<exclusive-start id="3246" timestamp="2019-06-14T19:07:55.394" intervalms="5.044">
  <response-info timems="0.059" idlems="0.059" threads="0" lastid="00000000025E0800" lastname="PmdThread 2" />
</exclusive-start>
<af-start id="3247" threadId="00000000025E1188" totalBytesRequested="1104" timestamp="2019-06-14T19:07:55.394" intervalms="5.057" type="nursery" />
<cycle-start id="3248" type="scavenge" contextid="0" timestamp="2019-06-14T19:07:55.394" intervalms="5.105" />
<gc-start id="3249" type="scavenge" contextid="3248" timestamp="2019-06-14T19:07:55.394">
  <mem-info id="3250" free="2042934624" total="2092630016" percent="97">
    <mem type="nursery" free="0" total="2097152" percent="0">
      <mem type="allocate" free="0" total="1638400" percent="0" />
      <mem type="survivor" free="0" total="458752" percent="0" />
    </mem>
    <mem type="tenure" free="2042934624" total="2090532864" percent="97">
      <mem type="soa" free="1938408800" total="1986007040" percent="97" />
      <mem type="loa" free="104525824" total="104525824" percent="100" />
    </mem>
    <remembered-set count="335" />
  </mem-info>
</gc-start>
<allocation-stats totalBytes="1200632" >
  <allocated-bytes non-tlh="33520" tlh="1167112" />
  <largest-consumer threadName="PmdThread 2" threadId="00000000025E0800" bytes="610976" />
</allocation-stats>
<gc-op id="3251" type="scavenge" timems="1.621" contextid="3248" timestamp="2019-06-14T19:07:55.396">
  <scavenger-info tenureage="3" tenuremask="7f08" tiltratio="78" />
  <memory-copied type="nursery" objects="4637" bytes="307888" bytesdiscarded="150784" />
  <memory-copied type="tenure" objects="1617" bytes="158024" bytesdiscarded="32" />
  <copy-failed type="nursery" objects="98" bytes="43912" />
  <references type="weak" candidates="57" cleared="57" enqueued="57" />
  <references type="phantom" candidates="1" cleared="1" enqueued="1" />
</gc-op>
<gc-end id="3252" type="scavenge" contextid="3248" durationms="1.845" usertimems="0.000" systemtimems="4.000" timestamp="2019-06-14T19:07:55.396" activeThreads="4">
  <mem-info id="3253" free="2043939384" total="2092630016" percent="97">
    <mem type="nursery" free="1179648" total="2097152" percent="56">
      <mem type="allocate" free="1179648" total="1638400" percent="72" />
      <mem type="survivor" free="0" total="458752" percent="0" />
    </mem>
    <mem type="tenure" free="2042759736" total="2090532864" percent="97">
      <mem type="soa" free="1938233912" total="1986007040" percent="97" />
      <mem type="loa" free="104525824" total="104525824" percent="100" />
    </mem>
    <pending-finalizers system="0" default="0" reference="58" classloader="0" />
    <remembered-set count="165" />
  </mem-info>
</gc-end>
<cycle-end id="3254" type="scavenge" contextid="3248" timestamp="2019-06-14T19:07:55.396" />
  <attribute name="elasticGC enabled" value="1" />
  <attribute name= "numThreadsSpecified" value="4" />
  <attribute name="heapSize specified" value="8388608" />
  <attribute name="Current GC Util" value="66" />
  <attribute name= "Current Time Running" value="3384" />
  <attribute name ="GC Interval" value="264" />
  <attribute name="ProportionalT" value="23.000000" />
  <attribute name="ProportionalI" value="23.000000" />
  <attribute name="ProportionalH" value="23.000000" />
  <attribute name="Current Error" value="46.000000" />
  <attribute name="IntegralT" value="230.000000" />
  <attribute name="IntegralI" value="230.000000" />
  <attribute name="IntegralH" value="230.000000" />
  <attribute name="DerivativeT" value="4.600000" />
  <attribute name="DerivativeI" value="4.600000" />
  <attribute name="DerivativeH" value="4.600000" />
  <attribute name="Loop Time for DT" value="5.000000" />
  <attribute name="Output H" value="8388608"/>
  <attribute name="Output I" value="264"/>
  <attribute name="Output T" value="4"/>
  <attribute name="Target GC Util Change" value ="20.000000" />
  <attribute name="Current GC Util Change" value="66.000000"/>
  <attribute name="GC Util currently" value="66" />
  <attribute name="CPU Util currently" value="915798944261" />
<allocation-satisfied id="3255" threadId="00000000025E0800" bytesRequested="1104" />
<af-end id="3256" timestamp="2019-06-14T19:07:55.397" threadId="00000000025E1188" success="true" from="nursery"/>
<exclusive-end id="3257" timestamp="2019-06-14T19:07:55.397" durationms="2.426" />

<exclusive-start id="3258" timestamp="2019-06-14T19:07:55.400" intervalms="6.180">
  <response-info timems="0.224" idlems="0.195" threads="1" lastid="00000000025E0800" lastname="PmdThread 2" />
</exclusive-start>
<af-start id="3259" threadId="00000000025DD588" totalBytesRequested="40" timestamp="2019-06-14T19:07:55.400" intervalms="6.193" type="nursery" />
<cycle-start id="3260" type="scavenge" contextid="0" timestamp="2019-06-14T19:07:55.401" intervalms="6.196" />
<gc-start id="3261" type="scavenge" contextid="3260" timestamp="2019-06-14T19:07:55.401">
  <mem-info id="3262" free="2042759736" total="2092630016" percent="97">
    <mem type="nursery" free="0" total="2097152" percent="0">
      <mem type="allocate" free="0" total="1638400" percent="0" />
      <mem type="survivor" free="0" total="458752" percent="0" />
    </mem>
    <mem type="tenure" free="2042759736" total="2090532864" percent="97">
      <mem type="soa" free="1938233912" total="1986007040" percent="97" />
      <mem type="loa" free="104525824" total="104525824" percent="100" />
    </mem>
    <remembered-set count="187" />
  </mem-info>
</gc-start>
<allocation-stats totalBytes="1178824" >
  <allocated-bytes non-tlh="33888" tlh="1144936" />
  <largest-consumer threadName="PmdThread 1" threadId="00000000025DCC00" bytes="776800" />
</allocation-stats>
<gc-op id="3263" type="scavenge" timems="1.551" contextid="3260" timestamp="2019-06-14T19:07:55.402">
  <scavenger-info tenureage="8" tenuremask="7f00" tiltratio="78" />
  <memory-copied type="nursery" objects="6795" bytes="446664" bytesdiscarded="12048" />
  <memory-copied type="tenure" objects="5451" bytes="214152" bytesdiscarded="152" />
  <copy-failed type="nursery" objects="5451" bytes="214240" />
  <references type="phantom" candidates="2" cleared="0" enqueued="0" />
</gc-op>
<gc-end id="3264" type="scavenge" contextid="3260" durationms="1.842" usertimems="4.000" systemtimems="0.000" timestamp="2019-06-14T19:07:55.403" activeThreads="4">
  <mem-info id="3265" free="2043114552" total="2092630016" percent="97">
    <mem type="nursery" free="589824" total="2097152" percent="28">
      <mem type="allocate" free="589824" total="1048576" percent="56" />
      <mem type="survivor" free="0" total="1048576" percent="0" />
    </mem>
    <mem type="tenure" free="2042524728" total="2090532864" percent="97">
      <mem type="soa" free="1937998904" total="1986007040" percent="97" />
      <mem type="loa" free="104525824" total="104525824" percent="100" />
    </mem>
    <remembered-set count="2231" />
  </mem-info>
</gc-end>
<cycle-end id="3266" type="scavenge" contextid="3260" timestamp="2019-06-14T19:07:55.403" />
  <attribute name="elasticGC enabled" value="1" />
  <attribute name= "numThreadsSpecified" value="4" />
  <attribute name="heapSize specified" value="8388608" />
  <attribute name="Current GC Util" value="54" />
  <attribute name= "Current Time Running" value="3391" />
  <attribute name ="GC Interval" value="256" />
  <attribute name="ProportionalT" value="17.000000" />
  <attribute name="ProportionalI" value="17.000000" />
  <attribute name="ProportionalH" value="17.000000" />
  <attribute name="Current Error" value="34.000000" />
  <attribute name="IntegralT" value="238.000000" />
  <attribute name="IntegralI" value="238.000000" />
  <attribute name="IntegralH" value="238.000000" />
  <attribute name="DerivativeT" value="-0.857143" />
  <attribute name="DerivativeI" value="-0.857143" />
  <attribute name="DerivativeH" value="-0.857143" />
  <attribute name="Loop Time for DT" value="7.000000" />
  <attribute name="Output H" value="8388608"/>
  <attribute name="Output I" value="256"/>
  <attribute name="Output T" value="4"/>
  <attribute name="Target GC Util Change" value ="20.000000" />
  <attribute name="Current GC Util Change" value="54.000000"/>
  <attribute name="GC Util currently" value="54" />
  <attribute name="CPU Util currently" value="731532116341" />
<allocation-satisfied id="3267" threadId="00000000025DCC00" bytesRequested="40" />
<af-end id="3268" timestamp="2019-06-14T19:07:55.403" threadId="00000000025DD588" success="true" from="nursery"/>
<exclusive-end id="3269" timestamp="2019-06-14T19:07:55.403" durationms="2.423" />

<exclusive-start id="3270" timestamp="2019-06-14T19:07:55.404" intervalms="3.927">
  <response-info timems="0.039" idlems="0.021" threads="1" lastid="00000000025E0800" lastname="PmdThread 2" />
</exclusive-start>
<af-start id="3271" threadId="00000000025DD588" totalBytesRequested="72" timestamp="2019-06-14T19:07:55.404" intervalms="3.893" type="nursery" />
<cycle-start id="3272" type="scavenge" contextid="0" timestamp="2019-06-14T19:07:55.404" intervalms="3.890" />
<gc-start id="3273" type="scavenge" contextid="3272" timestamp="2019-06-14T19:07:55.405">
  <mem-info id="3274" free="2042524728" total="2092630016" percent="97">
    <mem type="nursery" free="0" total="2097152" percent="0">
      <mem type="allocate" free="0" total="1048576" percent="0" />
      <mem type="survivor" free="0" total="1048576" percent="0" />
    </mem>
    <mem type="tenure" free="2042524728" total="2090532864" percent="97">
      <mem type="soa" free="1937998904" total="1986007040" percent="97" />
      <mem type="loa" free="104525824" total="104525824" percent="100" />
    </mem>
    <remembered-set count="2239" />
  </mem-info>
</gc-start>
<allocation-stats totalBytes="589680" >
  <allocated-bytes non-tlh="40" tlh="589640" />
  <largest-consumer threadName="PmdThread 4" threadId="00000000025DE300" bytes="331640" />
</allocation-stats>
<gc-op id="3275" type="scavenge" timems="1.700" contextid="3272" timestamp="2019-06-14T19:07:55.406">
  <scavenger-info tenureage="7" tenuremask="7f80" tiltratio="50" />
  <memory-copied type="nursery" objects="9547" bytes="537272" bytesdiscarded="115832" />
  <references type="weak" candidates="37" cleared="36" enqueued="36" />
  <references type="phantom" candidates="2" cleared="0" enqueued="0" />
</gc-op>
<gc-end id="3276" type="scavenge" contextid="3272" durationms="1.951" usertimems="4.000" systemtimems="0.000" timestamp="2019-06-14T19:07:55.407" activeThreads="4">
  <mem-info id="3277" free="2042985688" total="2092630016" percent="97">
    <mem type="nursery" free="460960" total="2097152" percent="21">
      <mem type="allocate" free="460960" total="1114112" percent="41" />
      <mem type="survivor" free="0" total="983040" percent="0" />
    </mem>
    <mem type="tenure" free="2042524728" total="2090532864" percent="97">
      <mem type="soa" free="1937998904" total="1986007040" percent="97" />
      <mem type="loa" free="104525824" total="104525824" percent="100" />
    </mem>
    <pending-finalizers system="0" default="0" reference="36" classloader="0" />
    <remembered-set count="2238" />
  </mem-info>
</gc-end>
<cycle-end id="3278" type="scavenge" contextid="3272" timestamp="2019-06-14T19:07:55.407" />
  <attribute name="elasticGC enabled" value="1" />
  <attribute name= "numThreadsSpecified" value="4" />
  <attribute name="heapSize specified" value="8388608" />
  <attribute name="Current GC Util" value="79" />
  <attribute name= "Current Time Running" value="3395" />
  <attribute name ="GC Interval" value="272" />
  <attribute name="ProportionalT" value="29.500000" />
  <attribute name="ProportionalI" value="29.500000" />
  <attribute name="ProportionalH" value="29.500000" />
  <attribute name="Current Error" value="59.000000" />
  <attribute name="IntegralT" value="236.000000" />
  <attribute name="IntegralI" value="236.000000" />
  <attribute name="IntegralH" value="236.000000" />
  <attribute name="DerivativeT" value="3.125000" />
  <attribute name="DerivativeI" value="3.125000" />
  <attribute name="DerivativeH" value="3.125000" />
  <attribute name="Loop Time for DT" value="4.000000" />
  <attribute name="Output H" value="8388608"/>
  <attribute name="Output I" value="272"/>
  <attribute name="Output T" value="4"/>
  <attribute name="Target GC Util Change" value ="20.000000" />
  <attribute name="Current GC Util Change" value="79.000000"/>
  <attribute name="GC Util currently" value="79" />
  <attribute name="CPU Util currently" value="1185046327444" />
<allocation-satisfied id="3279" threadId="00000000025DCC00" bytesRequested="72" />
<af-end id="3280" timestamp="2019-06-14T19:07:55.407" threadId="00000000025DD588" success="true" from="nursery"/>
<exclusive-end id="3281" timestamp="2019-06-14T19:07:55.407" durationms="2.460" />

<exclusive-start id="3282" timestamp="2019-06-14T19:07:55.407" intervalms="3.026">
  <response-info timems="0.031" idlems="0.031" threads="0" lastid="00000000025DCC00" lastname="PmdThread 1" />
</exclusive-start>
<af-start id="3283" threadId="00000000025DD588" totalBytesRequested="48" timestamp="2019-06-14T19:07:55.407" intervalms="3.005" type="nursery" />
<cycle-start id="3284" type="scavenge" contextid="0" timestamp="2019-06-14T19:07:55.407" intervalms="3.006" />
<gc-start id="3285" type="scavenge" contextid="3284" timestamp="2019-06-14T19:07:55.408">
  <mem-info id="3286" free="2042524728" total="2092630016" percent="97">
    <mem type="nursery" free="0" total="2097152" percent="0">
      <mem type="allocate" free="0" total="1114112" percent="0" />
      <mem type="survivor" free="0" total="983040" percent="0" />
    </mem>
    <mem type="tenure" free="2042524728" total="2090532864" percent="97">
      <mem type="soa" free="1937998904" total="1986007040" percent="97" />
      <mem type="loa" free="104525824" total="104525824" percent="100" />
    </mem>
    <remembered-set count="2238" />
  </mem-info>
</gc-start>
<allocation-stats totalBytes="460792" >
  <allocated-bytes non-tlh="72" tlh="460720" />
  <largest-consumer threadName="PmdThread 1" threadId="00000000025DCC00" bytes="276536" />
</allocation-stats>
<gc-op id="3287" type="scavenge" timems="2.036" contextid="3284" timestamp="2019-06-14T19:07:55.410">
  <scavenger-info tenureage="3" tenuremask="7fc8" tiltratio="53" />
  <memory-copied type="nursery" objects="6596" bytes="305624" bytesdiscarded="101912" />
  <memory-copied type="tenure" objects="3151" bytes="238152" bytesdiscarded="136" />
  <references type="weak" candidates="1" cleared="0" enqueued="0" />
  <references type="phantom" candidates="2" cleared="0" enqueued="0" />
</gc-op>
<gc-end id="3288" type="scavenge" contextid="3284" durationms="2.222" usertimems="4.000" systemtimems="0.000" timestamp="2019-06-14T19:07:55.410" activeThreads="4">
  <mem-info id="3289" free="2043009736" total="2092630016" percent="97">
    <mem type="nursery" free="772072" total="2097152" percent="36">
      <mem type="allocate" free="772072" total="1179648" percent="65" />
      <mem type="survivor" free="0" total="917504" percent="0" />
    </mem>
    <mem type="tenure" free="2042237664" total="2090532864" percent="97">
      <mem type="soa" free="1937711840" total="1986007040" percent="97" />
      <mem type="loa" free="104525824" total="104525824" percent="100" />
    </mem>
    <remembered-set count="2212" />
  </mem-info>
</gc-end>
<cycle-end id="3290" type="scavenge" contextid="3284" timestamp="2019-06-14T19:07:55.410" />
  <attribute name="elasticGC enabled" value="1" />
  <attribute name= "numThreadsSpecified" value="4" />
  <attribute name="heapSize specified" value="8388608" />
  <attribute name="Current GC Util" value="149" />
  <attribute name= "Current Time Running" value="3398" />
  <attribute name ="GC Interval" value="464" />
  <attribute name="ProportionalT" value="64.500000" />
  <attribute name="ProportionalI" value="64.500000" />
  <attribute name="ProportionalH" value="64.500000" />
  <attribute name="Current Error" value="129.000000" />
  <attribute name="IntegralT" value="387.000000" />
  <attribute name="IntegralI" value="387.000000" />
  <attribute name="IntegralH" value="387.000000" />
  <attribute name="DerivativeT" value="11.666667" />
  <attribute name="DerivativeI" value="11.666667" />
  <attribute name="DerivativeH" value="11.666667" />
  <attribute name="Loop Time for DT" value="3.000000" />
  <attribute name="Output H" value="8388608"/>
  <attribute name="Output I" value="464"/>
  <attribute name="Output T" value="4"/>
  <attribute name="Target GC Util Change" value ="20.000000" />
  <attribute name="Current GC Util Change" value="149.000000"/>
  <attribute name="GC Util currently" value="149" />
  <attribute name="CPU Util currently" value="1603294555276" />
<allocation-satisfied id="3291" threadId="00000000025DCC00" bytesRequested="48" />
<af-end id="3292" timestamp="2019-06-14T19:07:55.410" threadId="00000000025DD588" success="true" from="nursery"/>
<exclusive-end id="3293" timestamp="2019-06-14T19:07:55.410" durationms="2.719" />

<exclusive-start id="3294" timestamp="2019-06-14T19:07:55.412" intervalms="4.800">
  <response-info timems="0.042" idlems="0.042" threads="0" lastid="00000000025E0800" lastname="PmdThread 2" />
</exclusive-start>
<af-start id="3295" threadId="00000000025E1188" totalBytesRequested="32" timestamp="2019-06-14T19:07:55.412" intervalms="4.810" type="nursery" />
<cycle-start id="3296" type="scavenge" contextid="0" timestamp="2019-06-14T19:07:55.412" intervalms="4.812" />
<gc-start id="3297" type="scavenge" contextid="3296" timestamp="2019-06-14T19:07:55.412">
  <mem-info id="3298" free="2042237664" total="2092630016" percent="97">
    <mem type="nursery" free="0" total="2097152" percent="0">
      <mem type="allocate" free="0" total="1179648" percent="0" />
      <mem type="survivor" free="0" total="917504" percent="0" />
    </mem>
    <mem type="tenure" free="2042237664" total="2090532864" percent="97">
      <mem type="soa" free="1937711840" total="1986007040" percent="97" />
      <mem type="loa" free="104525824" total="104525824" percent="100" />
    </mem>
    <remembered-set count="2322" />
  </mem-info>
</gc-start>
<allocation-stats totalBytes="769776" >
  <allocated-bytes non-tlh="6008" tlh="763768" />
  <largest-consumer threadName="PmdThread 3" threadId="00000000025DD700" bytes="312912" />
</allocation-stats>
<gc-op id="3299" type="scavenge" timems="1.361" contextid="3296" timestamp="2019-06-14T19:07:55.414">
  <scavenger-info tenureage="3" tenuremask="7fc8" tiltratio="56" />
  <memory-copied type="nursery" objects="3653" bytes="141264" bytesdiscarded="93720" />
  <memory-copied type="tenure" objects="3355" bytes="187264" bytesdiscarded="88" />
  <references type="weak" candidates="35" cleared="34" enqueued="34" />
  <references type="phantom" candidates="4" cleared="2" enqueued="2" />
</gc-op>
<gc-end id="3300" type="scavenge" contextid="3296" durationms="1.630" usertimems="4.000" systemtimems="0.000" timestamp="2019-06-14T19:07:55.414" activeThreads="4">
  <mem-info id="3301" free="2043066576" total="2092630016" percent="97">
    <mem type="nursery" free="1010176" total="2097152" percent="48">
      <mem type="allocate" free="1010176" total="1245184" percent="81" />
      <mem type="survivor" free="0" total="851968" percent="0" />
    </mem>
    <mem type="tenure" free="2042056400" total="2090532864" percent="97">
      <mem type="soa" free="1937530576" total="1986007040" percent="97" />
      <mem type="loa" free="104525824" total="104525824" percent="100" />
    </mem>
    <pending-finalizers system="0" default="0" reference="36" classloader="0" />
    <remembered-set count="565" />
  </mem-info>
</gc-end>
<cycle-end id="3302" type="scavenge" contextid="3296" timestamp="2019-06-14T19:07:55.414" />
  <attribute name="elasticGC enabled" value="1" />
  <attribute name= "numThreadsSpecified" value="4" />
  <attribute name="heapSize specified" value="8388608" />
  <attribute name="Current GC Util" value="98" />
  <attribute name= "Current Time Running" value="3402" />
  <attribute name ="GC Interval" value="344" />
  <attribute name="ProportionalT" value="39.000000" />
  <attribute name="ProportionalI" value="39.000000" />
  <attribute name="ProportionalH" value="39.000000" />
  <attribute name="Current Error" value="78.000000" />
  <attribute name="IntegralT" value="312.000000" />
  <attribute name="IntegralI" value="312.000000" />
  <attribute name="IntegralH" value="312.000000" />
  <attribute name="DerivativeT" value="-6.375000" />
  <attribute name="DerivativeI" value="-6.375000" />
  <attribute name="DerivativeH" value="-6.375000" />
  <attribute name="Loop Time for DT" value="4.000000" />
  <attribute name="Output H" value="8388608"/>
  <attribute name="Output I" value="344"/>
  <attribute name="Output T" value="4"/>
  <attribute name="Target GC Util Change" value ="20.000000" />
  <attribute name="Current GC Util Change" value="98.000000"/>
  <attribute name="GC Util currently" value="98" />
  <attribute name="CPU Util currently" value="939769356925" />
<allocation-satisfied id="3303" threadId="00000000025E0800" bytesRequested="32" />
<af-end id="3304" timestamp="2019-06-14T19:07:55.414" threadId="00000000025E1188" success="true" from="nursery"/>
<exclusive-end id="3305" timestamp="2019-06-14T19:07:55.414" durationms="2.177" />

<exclusive-start id="3306" timestamp="2019-06-14T19:07:55.416" intervalms="4.217">
  <response-info timems="0.036" idlems="0.020" threads="1" lastid="00000000025DCC00" lastname="PmdThread 1" />
</exclusive-start>
<af-start id="3307" threadId="00000000025E1188" totalBytesRequested="960" timestamp="2019-06-14T19:07:55.416" intervalms="4.250" type="nursery" />
<cycle-start id="3308" type="scavenge" contextid="0" timestamp="2019-06-14T19:07:55.417" intervalms="4.251" />
<gc-start id="3309" type="scavenge" contextid="3308" timestamp="2019-06-14T19:07:55.417">
  <mem-info id="3310" free="2042056400" total="2092630016" percent="97">
    <mem type="nursery" free="0" total="2097152" percent="0">
      <mem type="allocate" free="0" total="1245184" percent="0" />
      <mem type="survivor" free="0" total="851968" percent="0" />
    </mem>
    <mem type="tenure" free="2042056400" total="2090532864" percent="97">
      <mem type="soa" free="1937530576" total="1986007040" percent="97" />
      <mem type="loa" free="104525824" total="104525824" percent="100" />
    </mem>
    <remembered-set count="647" />
  </mem-info>
</gc-start>
<allocation-stats totalBytes="1007016" >
  <allocated-bytes non-tlh="32816" tlh="974200" />
  <largest-consumer threadName="PmdThread 2" threadId="00000000025E0800" bytes="427456" />
</allocation-stats>
<gc-op id="3311" type="scavenge" timems="1.620" contextid="3308" timestamp="2019-06-14T19:07:55.418">
  <scavenger-info tenureage="6" tenuremask="7fc0" tiltratio="59" />
  <memory-copied type="nursery" objects="6427" bytes="299864" bytesdiscarded="76968" />
  <memory-copied type="tenure" objects="24" bytes="688" bytesdiscarded="0" />
  <references type="weak" candidates="71" cleared="71" enqueued="71" />
  <references type="phantom" candidates="4" cleared="2" enqueued="2" />
</gc-op>
<gc-end id="3312" type="scavenge" contextid="3308" durationms="1.848" usertimems="4.000" systemtimems="0.000" timestamp="2019-06-14T19:07:55.418" activeThreads="4">
  <mem-info id="3313" free="2042990264" total="2092630016" percent="97">
    <mem type="nursery" free="933864" total="2097152" percent="44">
      <mem type="allocate" free="933864" total="1310720" percent="71" />
      <mem type="survivor" free="0" total="786432" percent="0" />
    </mem>
    <mem type="tenure" free="2042056400" total="2090532864" percent="97">
      <mem type="soa" free="1937530576" total="1986007040" percent="97" />
      <mem type="loa" free="104525824" total="104525824" percent="100" />
    </mem>
    <pending-finalizers system="0" default="0" reference="73" classloader="0" />
    <remembered-set count="551" />
  </mem-info>
</gc-end>
<cycle-end id="3314" type="scavenge" contextid="3308" timestamp="2019-06-14T19:07:55.419" />
  <attribute name="elasticGC enabled" value="1" />
  <attribute name= "numThreadsSpecified" value="4" />
  <attribute name="heapSize specified" value="8388608" />
  <attribute name="Current GC Util" value="74" />
  <attribute name= "Current Time Running" value="3407" />
  <attribute name ="GC Interval" value="296" />
  <attribute name="ProportionalT" value="27.000000" />
  <attribute name="ProportionalI" value="27.000000" />
  <attribute name="ProportionalH" value="27.000000" />
  <attribute name="Current Error" value="54.000000" />
  <attribute name="IntegralT" value="270.000000" />
  <attribute name="IntegralI" value="270.000000" />
  <attribute name="IntegralH" value="270.000000" />
  <attribute name="DerivativeT" value="-2.400000" />
  <attribute name="DerivativeI" value="-2.400000" />
  <attribute name="DerivativeH" value="-2.400000" />
  <attribute name="Loop Time for DT" value="5.000000" />
  <attribute name="Output H" value="8388608"/>
  <attribute name="Output I" value="296"/>
  <attribute name="Output T" value="4"/>
  <attribute name="Target GC Util Change" value ="20.000000" />
  <attribute name="Current GC Util Change" value="74.000000"/>
  <attribute name="GC Util currently" value="74" />
  <attribute name="CPU Util currently" value="1084841970023" />
<allocation-satisfied id="3315" threadId="00000000025E0800" bytesRequested="960" />
<af-end id="3316" timestamp="2019-06-14T19:07:55.419" threadId="00000000025E1188" success="true" from="nursery"/>
<exclusive-end id="3317" timestamp="2019-06-14T19:07:55.419" durationms="2.430" />

<exclusive-start id="3318" timestamp="2019-06-14T19:07:55.420" intervalms="3.843">
  <response-info timems="0.042" idlems="0.024" threads="1" lastid="00000000022D0300" lastname="JIT Compilation Thread-0" />
</exclusive-start>
<af-start id="3319" threadId="00000000025DE088" totalBytesRequested="16" timestamp="2019-06-14T19:07:55.420" intervalms="3.848" type="nursery" />
<cycle-start id="3320" type="scavenge" contextid="0" timestamp="2019-06-14T19:07:55.420" intervalms="3.847" />
<gc-start id="3321" type="scavenge" contextid="3320" timestamp="2019-06-14T19:07:55.420">
  <mem-info id="3322" free="2042056400" total="2092630016" percent="97">
    <mem type="nursery" free="0" total="2097152" percent="0">
      <mem type="allocate" free="0" total="1310720" percent="0" />
      <mem type="survivor" free="0" total="786432" percent="0" />
    </mem>
    <mem type="tenure" free="2042056400" total="2090532864" percent="97">
      <mem type="soa" free="1937530576" total="1986007040" percent="97" />
      <mem type="loa" free="104525824" total="104525824" percent="100" />
    </mem>
    <remembered-set count="686" />
  </mem-info>
</gc-start>
<allocation-stats totalBytes="932568" >
  <allocated-bytes non-tlh="960" tlh="931608" />
  <largest-consumer threadName="PmdThread 2" threadId="00000000025E0800" bytes="564024" />
</allocation-stats>
<gc-op id="3323" type="scavenge" timems="0.481" contextid="3320" timestamp="2019-06-14T19:07:55.421">
  <scavenger-info tenureage="6" tenuremask="7fc0" tiltratio="62" />
  <memory-copied type="nursery" objects="7094" bytes="316688" bytesdiscarded="99304" />
  <references type="weak" candidates="62" cleared="62" enqueued="62" />
  <references type="phantom" candidates="2" cleared="0" enqueued="0" />
</gc-op>
<gc-end id="3324" type="scavenge" contextid="3320" durationms="0.783" usertimems="4.000" systemtimems="0.000" timestamp="2019-06-14T19:07:55.421" activeThreads="4">
  <mem-info id="3325" free="2043082176" total="2092630016" percent="97">
    <mem type="nursery" free="1025776" total="2097152" percent="48">
      <mem type="allocate" free="1025776" total="1441792" percent="71" />
      <mem type="survivor" free="0" total="655360" percent="0" />
    </mem>
    <mem type="tenure" free="2042056400" total="2090532864" percent="97">
      <mem type="soa" free="1937530576" total="1986007040" percent="97" />
      <mem type="loa" free="104525824" total="104525824" percent="100" />
    </mem>
    <pending-finalizers system="0" default="0" reference="62" classloader="0" />
    <remembered-set count="551" />
  </mem-info>
</gc-end>
<cycle-end id="3326" type="scavenge" contextid="3320" timestamp="2019-06-14T19:07:55.421" />
  <attribute name="elasticGC enabled" value="1" />
  <attribute name= "numThreadsSpecified" value="4" />
  <attribute name="heapSize specified" value="8388608" />
  <attribute name="Current GC Util" value="81" />
  <attribute name= "Current Time Running" value="3411" />
  <attribute name ="GC Interval" value="280" />
  <attribute name="ProportionalT" value="30.500000" />
  <attribute name="ProportionalI" value="30.500000" />
  <attribute name="ProportionalH" value="30.500000" />
  <attribute name="Current Error" value="61.000000" />
  <attribute name="IntegralT" value="244.000000" />
  <attribute name="IntegralI" value="244.000000" />
  <attribute name="IntegralH" value="244.000000" />
  <attribute name="DerivativeT" value="0.875000" />
  <attribute name="DerivativeI" value="0.875000" />
  <attribute name="DerivativeH" value="0.875000" />
  <attribute name="Loop Time for DT" value="4.000000" />
  <attribute name="Output H" value="8388608"/>
  <attribute name="Output I" value="280"/>
  <attribute name="Output T" value="4"/>
  <attribute name="Target GC Util Change" value ="20.000000" />
  <attribute name="Current GC Util Change" value="81.000000"/>
  <attribute name="GC Util currently" value="81" />
  <attribute name="CPU Util currently" value="1186793780327" />
<allocation-satisfied id="3327" threadId="00000000025DD700" bytesRequested="16" />
<af-end id="3328" timestamp="2019-06-14T19:07:55.421" threadId="00000000025DE088" success="true" from="nursery"/>
<exclusive-end id="3329" timestamp="2019-06-14T19:07:55.422" durationms="1.362" />

<exclusive-start id="3330" timestamp="2019-06-14T19:07:55.426" intervalms="5.496">
  <response-info timems="0.030" idlems="0.030" threads="0" lastid="00000000025DCC00" lastname="PmdThread 1" />
</exclusive-start>
<af-start id="3331" threadId="00000000025DD588" totalBytesRequested="72" timestamp="2019-06-14T19:07:55.426" intervalms="5.499" type="nursery" />
<cycle-start id="3332" type="scavenge" contextid="0" timestamp="2019-06-14T19:07:55.426" intervalms="5.486" />
<gc-start id="3333" type="scavenge" contextid="3332" timestamp="2019-06-14T19:07:55.426">
  <mem-info id="3334" free="2042055920" total="2092630016" percent="97">
    <mem type="nursery" free="0" total="2097152" percent="0">
      <mem type="allocate" free="0" total="1441792" percent="0" />
      <mem type="survivor" free="0" total="655360" percent="0" />
    </mem>
    <mem type="tenure" free="2042055920" total="2090532864" percent="97">
      <mem type="soa" free="1937530096" total="1986007040" percent="97" />
      <mem type="loa" free="104525824" total="104525824" percent="100" />
    </mem>
    <remembered-set count="733" />
  </mem-info>
</gc-start>
<allocation-stats totalBytes="1022256" >
  <allocated-bytes non-tlh="496" tlh="1021760" />
  <largest-consumer threadName="PmdThread 1" threadId="00000000025DCC00" bytes="494560" />
</allocation-stats>
<gc-op id="3335" type="scavenge" timems="1.060" contextid="3332" timestamp="2019-06-14T19:07:55.427">
  <scavenger-info tenureage="4" tenuremask="7ff0" tiltratio="68" />
  <memory-copied type="nursery" objects="4495" bytes="236576" bytesdiscarded="81856" />
  <memory-copied type="tenure" objects="3120" bytes="101664" bytesdiscarded="40" />
  <references type="weak" candidates="46" cleared="45" enqueued="45" />
  <references type="phantom" candidates="2" cleared="0" enqueued="0" />
</gc-op>
<gc-end id="3336" type="scavenge" contextid="3332" durationms="1.331" usertimems="4.000" systemtimems="0.000" timestamp="2019-06-14T19:07:55.427" activeThreads="1">
  <mem-info id="3337" free="2043100904" total="2092630016" percent="97">
    <mem type="nursery" free="1123320" total="2097152" percent="53">
      <mem type="allocate" free="1123320" total="1441792" percent="77" />
      <mem type="survivor" free="0" total="655360" percent="0" />
    </mem>
    <mem type="tenure" free="2041977584" total="2090532864" percent="97">
      <mem type="soa" free="1937451760" total="1986007040" percent="97" />
      <mem type="loa" free="104525824" total="104525824" percent="100" />
    </mem>
    <pending-finalizers system="0" default="0" reference="45" classloader="0" />
    <remembered-set count="193" />
  </mem-info>
</gc-end>
<cycle-end id="3338" type="scavenge" contextid="3332" timestamp="2019-06-14T19:07:55.427" />
  <attribute name="elasticGC enabled" value="1" />
  <attribute name= "numThreadsSpecified" value="1" />
  <attribute name="heapSize specified" value="8388608" />
  <attribute name="Current GC Util" value="20" />
  <attribute name= "Current Time Running" value="3416" />
  <attribute name ="GC Interval" value="200" />
  <attribute name="ProportionalT" value="0.000000" />
  <attribute name="ProportionalI" value="0.000000" />
  <attribute name="ProportionalH" value="0.000000" />
  <attribute name="Current Error" value="0.000000" />
  <attribute name="IntegralT" value="0.000000" />
  <attribute name="IntegralI" value="0.000000" />
  <attribute name="IntegralH" value="0.000000" />
  <attribute name="DerivativeT" value="-6.100000" />
  <attribute name="DerivativeI" value="-6.100000" />
  <attribute name="DerivativeH" value="-6.100000" />
  <attribute name="Loop Time for DT" value="5.000000" />
  <attribute name="Output H" value="8388608"/>
  <attribute name="Output I" value="200"/>
  <attribute name="Output T" value="1"/>
  <attribute name="Target GC Util Change" value ="20.000000" />
  <attribute name="Current GC Util Change" value="20.000000"/>
  <attribute name="GC Util currently" value="20" />
  <attribute name="CPU Util currently" value="843370404149" />
<allocation-satisfied id="3339" threadId="00000000025DCC00" bytesRequested="72" />
<af-end id="3340" timestamp="2019-06-14T19:07:55.427" threadId="00000000025DD588" success="true" from="nursery"/>
<exclusive-end id="3341" timestamp="2019-06-14T19:07:55.428" durationms="1.842" />

<exclusive-start id="3342" timestamp="2019-06-14T19:07:55.430" intervalms="4.099">
  <response-info timems="0.180" idlems="0.097" threads="1" lastid="00000000025DE300" lastname="PmdThread 4" />
</exclusive-start>
<af-start id="3343" threadId="00000000025DD588" totalBytesRequested="16" timestamp="2019-06-14T19:07:55.430" intervalms="4.086" type="nursery" />
<cycle-start id="3344" type="scavenge" contextid="0" timestamp="2019-06-14T19:07:55.430" intervalms="4.091" />
<gc-start id="3345" type="scavenge" contextid="3344" timestamp="2019-06-14T19:07:55.430">
  <mem-info id="3346" free="2041977584" total="2092630016" percent="97">
    <mem type="nursery" free="0" total="2097152" percent="0">
      <mem type="allocate" free="0" total="1441792" percent="0" />
      <mem type="survivor" free="0" total="655360" percent="0" />
    </mem>
    <mem type="tenure" free="2041977584" total="2090532864" percent="97">
      <mem type="soa" free="1937451760" total="1986007040" percent="97" />
      <mem type="loa" free="104525824" total="104525824" percent="100" />
    </mem>
    <remembered-set count="316" />
  </mem-info>
</gc-start>
<allocation-stats totalBytes="1119960" >
  <allocated-bytes non-tlh="32856" tlh="1087104" />
  <largest-consumer threadName="PmdThread 1" threadId="00000000025DCC00" bytes="789080" />
</allocation-stats>
<gc-op id="3347" type="scavenge" timems="0.890" contextid="3344" timestamp="2019-06-14T19:07:55.431">
  <scavenger-info tenureage="6" tenuremask="7fc0" tiltratio="68" />
  <memory-copied type="nursery" objects="5646" bytes="333128" bytesdiscarded="115624" />
  <references type="weak" candidates="16" cleared="14" enqueued="14" />
  <references type="phantom" candidates="4" cleared="2" enqueued="2" />
</gc-op>
<gc-end id="3348" type="scavenge" contextid="3344" durationms="1.189" usertimems="4.000" systemtimems="0.000" timestamp="2019-06-14T19:07:55.431" activeThreads="4">
  <mem-info id="3349" free="2043036104" total="2092630016" percent="97">
    <mem type="nursery" free="1058520" total="2097152" percent="50">
      <mem type="allocate" free="1058520" total="1507328" percent="70" />
      <mem type="survivor" free="0" total="589824" percent="0" />
    </mem>
    <mem type="tenure" free="2041977584" total="2090532864" percent="97">
      <mem type="soa" free="1937451760" total="1986007040" percent="97" />
      <mem type="loa" free="104525824" total="104525824" percent="100" />
    </mem>
    <pending-finalizers system="0" default="0" reference="16" classloader="0" />
    <remembered-set count="196" />
  </mem-info>
</gc-end>
<cycle-end id="3350" type="scavenge" contextid="3344" timestamp="2019-06-14T19:07:55.431" />
  <attribute name="elasticGC enabled" value="1" />
  <attribute name= "numThreadsSpecified" value="4" />
  <attribute name="heapSize specified" value="8388608" />
  <attribute name="Current GC Util" value="27" />
  <attribute name= "Current Time Running" value="3420" />
  <attribute name ="GC Interval" value="200" />
  <attribute name="ProportionalT" value="3.500000" />
  <attribute name="ProportionalI" value="3.500000" />
  <attribute name="ProportionalH" value="3.500000" />
  <attribute name="Current Error" value="7.000000" />
  <attribute name="IntegralT" value="28.000000" />
  <attribute name="IntegralI" value="28.000000" />
  <attribute name="IntegralH" value="28.000000" />
  <attribute name="DerivativeT" value="0.875000" />
  <attribute name="DerivativeI" value="0.875000" />
  <attribute name="DerivativeH" value="0.875000" />
  <attribute name="Loop Time for DT" value="4.000000" />
  <attribute name="Output H" value="8388608"/>
  <attribute name="Output I" value="200"/>
  <attribute name="Output T" value="4"/>
  <attribute name="Target GC Util Change" value ="20.000000" />
  <attribute name="Current GC Util Change" value="27.000000"/>
  <attribute name="GC Util currently" value="27" />
  <attribute name="CPU Util currently" value="1123102837906" />
<allocation-satisfied id="3351" threadId="00000000025DCC00" bytesRequested="16" />
<af-end id="3352" timestamp="2019-06-14T19:07:55.431" threadId="00000000025DD588" success="true" from="nursery"/>
<exclusive-end id="3353" timestamp="2019-06-14T19:07:55.431" durationms="1.735" />

<exclusive-start id="3354" timestamp="2019-06-14T19:07:55.447" intervalms="16.993">
  <response-info timems="0.087" idlems="0.087" threads="0" lastid="00000000025DE300" lastname="PmdThread 4" />
</exclusive-start>
<af-start id="3355" threadId="00000000025DEC88" totalBytesRequested="120" timestamp="2019-06-14T19:07:55.447" intervalms="17.049" type="nursery" />
<cycle-start id="3356" type="scavenge" contextid="0" timestamp="2019-06-14T19:07:55.447" intervalms="17.027" />
<gc-start id="3357" type="scavenge" contextid="3356" timestamp="2019-06-14T19:07:55.447">
  <mem-info id="3358" free="2041976440" total="2092630016" percent="97">
    <mem type="nursery" free="0" total="2097152" percent="0">
      <mem type="allocate" free="0" total="1507328" percent="0" />
      <mem type="survivor" free="0" total="589824" percent="0" />
    </mem>
    <mem type="tenure" free="2041976440" total="2090532864" percent="97">
      <mem type="soa" free="1937450616" total="1986007040" percent="97" />
      <mem type="loa" free="104525824" total="104525824" percent="100" />
    </mem>
    <remembered-set count="363" />
  </mem-info>
</gc-start>
<allocation-stats totalBytes="1056288" >
  <allocated-bytes non-tlh="1160" tlh="1055128" />
  <largest-consumer threadName="PmdThread 2" threadId="00000000025E0800" bytes="464864" />
</allocation-stats>
<gc-op id="3359" type="scavenge" timems="0.604" contextid="3356" timestamp="2019-06-14T19:07:55.448">
  <scavenger-info tenureage="3" tenuremask="7fd8" tiltratio="71" />
  <memory-copied type="nursery" objects="2512" bytes="140640" bytesdiscarded="126616" />
  <memory-copied type="tenure" objects="3411" bytes="186656" bytesdiscarded="72" />
  <references type="weak" candidates="63" cleared="63" enqueued="63" />
  <references type="phantom" candidates="2" cleared="1" enqueued="1" />
</gc-op>
<gc-end id="3360" type="scavenge" contextid="3356" durationms="0.800" usertimems="0.000" systemtimems="0.000" timestamp="2019-06-14T19:07:55.448" activeThreads="4">
  <mem-info id="3361" free="2043074376" total="2092630016" percent="97">
    <mem type="nursery" free="1239784" total="2097152" percent="59">
      <mem type="allocate" free="1239784" total="1507328" percent="82" />
      <mem type="survivor" free="0" total="589824" percent="0" />
    </mem>
    <mem type="tenure" free="2041834592" total="2090532864" percent="97">
      <mem type="soa" free="1937308768" total="1986007040" percent="97" />
      <mem type="loa" free="104525824" total="104525824" percent="100" />
    </mem>
    <pending-finalizers system="0" default="0" reference="64" classloader="0" />
    <remembered-set count="456" />
  </mem-info>
</gc-end>
<cycle-end id="3362" type="scavenge" contextid="3356" timestamp="2019-06-14T19:07:55.448" />
  <attribute name="elasticGC enabled" value="1" />
  <attribute name= "numThreadsSpecified" value="4" />
  <attribute name="heapSize specified" value="8388608" />
  <attribute name="Current GC Util" value="14" />
  <attribute name= "Current Time Running" value="3437" />
  <attribute name ="GC Interval" value="200" />
  <attribute name="ProportionalT" value="-3.000000" />
  <attribute name="ProportionalI" value="-3.000000" />
  <attribute name="ProportionalH" value="-3.000000" />
  <attribute name="Current Error" value="-6.000000" />
  <attribute name="IntegralT" value="-102.000000" />
  <attribute name="IntegralI" value="-102.000000" />
  <attribute name="IntegralH" value="-102.000000" />
  <attribute name="DerivativeT" value="-0.382353" />
  <attribute name="DerivativeI" value="-0.382353" />
  <attribute name="DerivativeH" value="-0.382353" />
  <attribute name="Loop Time for DT" value="17.000000" />
  <attribute name="Output H" value="2092630016"/>
  <attribute name="Output I" value="200"/>
  <attribute name="Output T" value="4"/>
  <attribute name="Target GC Util Change" value ="20.000000" />
  <attribute name="Current GC Util Change" value="14.000000"/>
  <attribute name="GC Util currently" value="14" />
  <attribute name="CPU Util currently" value="271188053114" />
<allocation-satisfied id="3363" threadId="00000000025DE300" bytesRequested="120" />
<af-end id="3364" timestamp="2019-06-14T19:07:55.448" threadId="00000000025DEC88" success="true" from="nursery"/>
<exclusive-end id="3365" timestamp="2019-06-14T19:07:55.448" durationms="1.402" />

<exclusive-start id="3366" timestamp="2019-06-14T19:07:55.452" intervalms="5.195">
  <response-info timems="0.029" idlems="0.029" threads="0" lastid="00000000025E0800" lastname="PmdThread 2" />
</exclusive-start>
<af-start id="3367" threadId="00000000025E1188" totalBytesRequested="1128" timestamp="2019-06-14T19:07:55.452" intervalms="5.194" type="nursery" />
<cycle-start id="3368" type="scavenge" contextid="0" timestamp="2019-06-14T19:07:55.452" intervalms="5.232" />
<gc-start id="3369" type="scavenge" contextid="3368" timestamp="2019-06-14T19:07:55.452">
  <mem-info id="3370" free="2041834400" total="2092630016" percent="97">
    <mem type="nursery" free="0" total="2097152" percent="0">
      <mem type="allocate" free="0" total="1507328" percent="0" />
      <mem type="survivor" free="0" total="589824" percent="0" />
    </mem>
    <mem type="tenure" free="2041834400" total="2090532864" percent="97">
      <mem type="soa" free="1937308576" total="1986007040" percent="97" />
      <mem type="loa" free="104525824" total="104525824" percent="100" />
    </mem>
    <remembered-set count="682" />
  </mem-info>
</gc-start>
<allocation-stats totalBytes="1235584" >
  <allocated-bytes non-tlh="16704" tlh="1218880" />
  <largest-consumer threadName="PmdThread 2" threadId="00000000025E0800" bytes="609728" />
</allocation-stats>
<gc-op id="3371" type="scavenge" timems="1.160" contextid="3368" timestamp="2019-06-14T19:07:55.454">
  <scavenger-info tenureage="6" tenuremask="ffc0" tiltratio="71" />
  <memory-copied type="nursery" objects="3182" bytes="226312" bytesdiscarded="152064" />
  <memory-copied type="tenure" objects="216" bytes="6648" bytesdiscarded="0" />
  <references type="weak" candidates="69" cleared="68" enqueued="68" />
  <references type="phantom" candidates="1" cleared="0" enqueued="0" />
</gc-op>
<gc-end id="3372" type="scavenge" contextid="3368" durationms="1.436" usertimems="4.000" systemtimems="0.000" timestamp="2019-06-14T19:07:55.454" activeThreads="4">
  <mem-info id="3373" free="2043028840" total="2092630016" percent="97">
    <mem type="nursery" free="1194440" total="2097152" percent="56">
      <mem type="allocate" free="1194440" total="1572864" percent="75" />
      <mem type="survivor" free="0" total="524288" percent="0" />
    </mem>
    <mem type="tenure" free="2041834400" total="2090532864" percent="97">
      <mem type="soa" free="1937308576" total="1986007040" percent="97" />
      <mem type="loa" free="104525824" total="104525824" percent="100" />
    </mem>
    <pending-finalizers system="0" default="0" reference="68" classloader="0" />
    <remembered-set count="385" />
  </mem-info>
</gc-end>
<cycle-end id="3374" type="scavenge" contextid="3368" timestamp="2019-06-14T19:07:55.454" />
  <attribute name="elasticGC enabled" value="1" />
  <attribute name= "numThreadsSpecified" value="4" />
  <attribute name="heapSize specified" value="8388608" />
  <attribute name="Current GC Util" value="29" />
  <attribute name= "Current Time Running" value="3442" />
  <attribute name ="GC Interval" value="200" />
  <attribute name="ProportionalT" value="4.500000" />
  <attribute name="ProportionalI" value="4.500000" />
  <attribute name="ProportionalH" value="4.500000" />
  <attribute name="Current Error" value="9.000000" />
  <attribute name="IntegralT" value="45.000000" />
  <attribute name="IntegralI" value="45.000000" />
  <attribute name="IntegralH" value="45.000000" />
  <attribute name="DerivativeT" value="0.900000" />
  <attribute name="DerivativeI" value="0.900000" />
  <attribute name="DerivativeH" value="0.900000" />
  <attribute name="Loop Time for DT" value="5.000000" />
  <attribute name="Output H" value="8388608"/>
  <attribute name="Output I" value="200"/>
  <attribute name="Output T" value="4"/>
  <attribute name="Target GC Util Change" value ="20.000000" />
  <attribute name="Current GC Util Change" value="29.000000"/>
  <attribute name="GC Util currently" value="29" />
  <attribute name="CPU Util currently" value="879753941375" />
<allocation-satisfied id="3375" threadId="00000000025E0800" bytesRequested="1128" />
<af-end id="3376" timestamp="2019-06-14T19:07:55.454" threadId="00000000025E1188" success="true" from="nursery"/>
<exclusive-end id="3377" timestamp="2019-06-14T19:07:55.454" durationms="2.053" />

<exclusive-start id="3378" timestamp="2019-06-14T19:07:55.457" intervalms="4.582">
  <response-info timems="0.054" idlems="0.029" threads="1" lastid="00000000025E0800" lastname="PmdThread 2" />
</exclusive-start>
<af-start id="3379" threadId="00000000025DD588" totalBytesRequested="72" timestamp="2019-06-14T19:07:55.457" intervalms="4.508" type="nursery" />
<cycle-start id="3380" type="scavenge" contextid="0" timestamp="2019-06-14T19:07:55.457" intervalms="4.467" />
<gc-start id="3381" type="scavenge" contextid="3380" timestamp="2019-06-14T19:07:55.457">
  <mem-info id="3382" free="2041834400" total="2092630016" percent="97">
    <mem type="nursery" free="0" total="2097152" percent="0">
      <mem type="allocate" free="0" total="1572864" percent="0" />
      <mem type="survivor" free="0" total="524288" percent="0" />
    </mem>
    <mem type="tenure" free="2041834400" total="2090532864" percent="97">
      <mem type="soa" free="1937308576" total="1986007040" percent="97" />
      <mem type="loa" free="104525824" total="104525824" percent="100" />
    </mem>
    <remembered-set count="463" />
  </mem-info>
</gc-start>
<allocation-stats totalBytes="1194072" >
  <allocated-bytes non-tlh="1128" tlh="1192944" />
  <largest-consumer threadName="PmdThread 1" threadId="00000000025DCC00" bytes="709664" />
</allocation-stats>
<gc-op id="3383" type="scavenge" timems="1.379" contextid="3380" timestamp="2019-06-14T19:07:55.458">
  <scavenger-info tenureage="3" tenuremask="7f98" tiltratio="75" />
  <memory-copied type="nursery" objects="1243" bytes="113080" bytesdiscarded="84536" />
  <memory-copied type="tenure" objects="1889" bytes="117288" bytesdiscarded="176" />
  <references type="weak" candidates="14" cleared="13" enqueued="13" />
  <references type="phantom" candidates="2" cleared="1" enqueued="1" />
</gc-op>
<gc-end id="3384" type="scavenge" contextid="3380" durationms="1.552" usertimems="4.000" systemtimems="0.000" timestamp="2019-06-14T19:07:55.458" activeThreads="4">
  <mem-info id="3385" free="2043164016" total="2092630016" percent="97">
    <mem type="nursery" free="1440744" total="2097152" percent="68">
      <mem type="allocate" free="1440744" total="1638400" percent="87" />
      <mem type="survivor" free="0" total="458752" percent="0" />
    </mem>
    <mem type="tenure" free="2041723272" total="2090532864" percent="97">
      <mem type="soa" free="1937197448" total="1986007040" percent="97" />
      <mem type="loa" free="104525824" total="104525824" percent="100" />
    </mem>
    <pending-finalizers system="0" default="0" reference="14" classloader="0" />
    <remembered-set count="171" />
  </mem-info>
</gc-end>
<cycle-end id="3386" type="scavenge" contextid="3380" timestamp="2019-06-14T19:07:55.458" />
  <attribute name="elasticGC enabled" value="1" />
  <attribute name= "numThreadsSpecified" value="4" />
  <attribute name="heapSize specified" value="8388608" />
  <attribute name="Current GC Util" value="60" />
  <attribute name= "Current Time Running" value="3447" />
  <attribute name ="GC Interval" value="224" />
  <attribute name="ProportionalT" value="20.000000" />
  <attribute name="ProportionalI" value="20.000000" />
  <attribute name="ProportionalH" value="20.000000" />
  <attribute name="Current Error" value="40.000000" />
  <attribute name="IntegralT" value="200.000000" />
  <attribute name="IntegralI" value="200.000000" />
  <attribute name="IntegralH" value="200.000000" />
  <attribute name="DerivativeT" value="3.100000" />
  <attribute name="DerivativeI" value="3.100000" />
  <attribute name="DerivativeH" value="3.100000" />
  <attribute name="Loop Time for DT" value="5.000000" />
  <attribute name="Output H" value="8388608"/>
  <attribute name="Output I" value="224"/>
  <attribute name="Output T" value="4"/>
  <attribute name="Target GC Util Change" value ="20.000000" />
  <attribute name="Current GC Util Change" value="60.000000"/>
  <attribute name="GC Util currently" value="60" />
  <attribute name="CPU Util currently" value="1057431714184" />
<allocation-satisfied id="3387" threadId="00000000025DCC00" bytesRequested="72" />
<af-end id="3388" timestamp="2019-06-14T19:07:55.458" threadId="00000000025DD588" success="true" from="nursery"/>
<exclusive-end id="3389" timestamp="2019-06-14T19:07:55.459" durationms="1.998" />

<exclusive-start id="3390" timestamp="2019-06-14T19:07:55.461" intervalms="4.368">
  <response-info timems="0.079" idlems="0.079" threads="0" lastid="00000000025DE300" lastname="PmdThread 4" />
</exclusive-start>
<af-start id="3391" threadId="00000000025DEC88" totalBytesRequested="56" timestamp="2019-06-14T19:07:55.461" intervalms="4.353" type="nursery" />
<cycle-start id="3392" type="scavenge" contextid="0" timestamp="2019-06-14T19:07:55.461" intervalms="4.365" />
<gc-start id="3393" type="scavenge" contextid="3392" timestamp="2019-06-14T19:07:55.461">
  <mem-info id="3394" free="2041722832" total="2092630016" percent="97">
    <mem type="nursery" free="0" total="2097152" percent="0">
      <mem type="allocate" free="0" total="1638400" percent="0" />
      <mem type="survivor" free="0" total="458752" percent="0" />
    </mem>
    <mem type="tenure" free="2041722832" total="2090532864" percent="97">
      <mem type="soa" free="1937197008" total="1986007040" percent="97" />
      <mem type="loa" free="104525824" total="104525824" percent="100" />
    </mem>
    <remembered-set count="271" />
  </mem-info>
</gc-start>
<allocation-stats totalBytes="1439152" >
  <allocated-bytes non-tlh="512" tlh="1438640" />
  <largest-consumer threadName="PmdThread 1" threadId="00000000025DCC00" bytes="720896" />
</allocation-stats>
<gc-op id="3395" type="scavenge" timems="0.402" contextid="3392" timestamp="2019-06-14T19:07:55.462">
  <scavenger-info tenureage="8" tenuremask="7f00" tiltratio="78" />
  <memory-copied type="nursery" objects="2886" bytes="230888" bytesdiscarded="125040" />
  <references type="weak" candidates="28" cleared="28" enqueued="28" />
  <references type="phantom" candidates="1" cleared="0" enqueued="0" />
</gc-op>
<gc-end id="3396" type="scavenge" contextid="3392" durationms="0.597" usertimems="4.000" systemtimems="0.000" timestamp="2019-06-14T19:07:55.462" activeThreads="4">
  <mem-info id="3397" free="2043005080" total="2092630016" percent="97">
    <mem type="nursery" free="1282248" total="2097152" percent="61">
      <mem type="allocate" free="1282248" total="1638400" percent="78" />
      <mem type="survivor" free="0" total="458752" percent="0" />
    </mem>
    <mem type="tenure" free="2041722832" total="2090532864" percent="97">
      <mem type="soa" free="1937197008" total="1986007040" percent="97" />
      <mem type="loa" free="104525824" total="104525824" percent="100" />
    </mem>
    <pending-finalizers system="0" default="0" reference="28" classloader="0" />
    <remembered-set count="174" />
  </mem-info>
</gc-end>
<cycle-end id="3398" type="scavenge" contextid="3392" timestamp="2019-06-14T19:07:55.462" />
  <attribute name="elasticGC enabled" value="1" />
  <attribute name= "numThreadsSpecified" value="4" />
  <attribute name="heapSize specified" value="8388608" />
  <attribute name="Current GC Util" value="64" />
  <attribute name= "Current Time Running" value="3451" />
  <attribute name ="GC Interval" value="200" />
  <attribute name="ProportionalT" value="22.000000" />
  <attribute name="ProportionalI" value="22.000000" />
  <attribute name="ProportionalH" value="22.000000" />
  <attribute name="Current Error" value="44.000000" />
  <attribute name="IntegralT" value="176.000000" />
  <attribute name="IntegralI" value="176.000000" />
  <attribute name="IntegralH" value="176.000000" />
  <attribute name="DerivativeT" value="0.500000" />
  <attribute name="DerivativeI" value="0.500000" />
  <attribute name="DerivativeH" value="0.500000" />
  <attribute name="Loop Time for DT" value="4.000000" />
  <attribute name="Output H" value="8388608"/>
  <attribute name="Output I" value="200"/>
  <attribute name="Output T" value="4"/>
  <attribute name="Target GC Util Change" value ="20.000000" />
  <attribute name="Current GC Util Change" value="64.000000"/>
  <attribute name="GC Util currently" value="64" />
  <attribute name="CPU Util currently" value="1045143433862" />
<allocation-satisfied id="3399" threadId="00000000025DE300" bytesRequested="56" />
<af-end id="3400" timestamp="2019-06-14T19:07:55.462" threadId="00000000025DEC88" success="true" from="nursery"/>
<exclusive-end id="3401" timestamp="2019-06-14T19:07:55.462" durationms="1.062" />

<exclusive-start id="3402" timestamp="2019-06-14T19:07:55.465" intervalms="3.810">
  <response-info timems="0.038" idlems="0.038" threads="0" lastid="00000000025E0800" lastname="PmdThread 2" />
</exclusive-start>
<af-start id="3403" threadId="00000000025E1188" totalBytesRequested="184" timestamp="2019-06-14T19:07:55.465" intervalms="3.850" type="nursery" />
<cycle-start id="3404" type="scavenge" contextid="0" timestamp="2019-06-14T19:07:55.465" intervalms="3.862" />
<gc-start id="3405" type="scavenge" contextid="3404" timestamp="2019-06-14T19:07:55.465">
  <mem-info id="3406" free="2041722832" total="2092630016" percent="97">
    <mem type="nursery" free="0" total="2097152" percent="0">
      <mem type="allocate" free="0" total="1638400" percent="0" />
      <mem type="survivor" free="0" total="458752" percent="0" />
    </mem>
    <mem type="tenure" free="2041722832" total="2090532864" percent="97">
      <mem type="soa" free="1937197008" total="1986007040" percent="97" />
      <mem type="loa" free="104525824" total="104525824" percent="100" />
    </mem>
    <remembered-set count="385" />
  </mem-info>
</gc-start>
<allocation-stats totalBytes="1279344" >
  <allocated-bytes non-tlh="32840" tlh="1246504" />
  <largest-consumer threadName="PmdThread 2" threadId="00000000025E0800" bytes="832936" />
</allocation-stats>
<gc-op id="3407" type="scavenge" timems="1.134" contextid="3404" timestamp="2019-06-14T19:07:55.466">
  <scavenger-info tenureage="4" tenuremask="7f10" tiltratio="78" />
  <memory-copied type="nursery" objects="4353" bytes="334232" bytesdiscarded="124496" />
  <memory-copied type="tenure" objects="1135" bytes="45704" bytesdiscarded="64" />
  <copy-failed type="nursery" objects="917" bytes="39280" />
  <references type="weak" candidates="54" cleared="53" enqueued="53" />
  <references type="phantom" candidates="1" cleared="0" enqueued="0" />
</gc-op>
<gc-end id="3408" type="scavenge" contextid="3404" durationms="1.322" usertimems="4.000" systemtimems="0.000" timestamp="2019-06-14T19:07:55.466" activeThreads="4">
  <mem-info id="3409" free="2042662352" total="2092630016" percent="97">
    <mem type="nursery" free="1048576" total="2097152" percent="50">
      <mem type="allocate" free="1048576" total="1507328" percent="69" />
      <mem type="survivor" free="0" total="589824" percent="0" />
    </mem>
    <mem type="tenure" free="2041613776" total="2090532864" percent="97">
      <mem type="soa" free="1937087952" total="1986007040" percent="97" />
      <mem type="loa" free="104525824" total="104525824" percent="100" />
    </mem>
    <pending-finalizers system="0" default="0" reference="53" classloader="0" />
    <remembered-set count="343" />
  </mem-info>
</gc-end>
<cycle-end id="3410" type="scavenge" contextid="3404" timestamp="2019-06-14T19:07:55.466" />
  <attribute name="elasticGC enabled" value="1" />
  <attribute name= "numThreadsSpecified" value="4" />
  <attribute name="heapSize specified" value="8388608" />
  <attribute name="Current GC Util" value="25" />
  <attribute name= "Current Time Running" value="3455" />
  <attribute name ="GC Interval" value="200" />
  <attribute name="ProportionalT" value="2.500000" />
  <attribute name="ProportionalI" value="2.500000" />
  <attribute name="ProportionalH" value="2.500000" />
  <attribute name="Current Error" value="5.000000" />
  <attribute name="IntegralT" value="20.000000" />
  <attribute name="IntegralI" value="20.000000" />
  <attribute name="IntegralH" value="20.000000" />
  <attribute name="DerivativeT" value="-4.875000" />
  <attribute name="DerivativeI" value="-4.875000" />
  <attribute name="DerivativeH" value="-4.875000" />
  <attribute name="Loop Time for DT" value="4.000000" />
  <attribute name="Output H" value="8388608"/>
  <attribute name="Output I" value="200"/>
  <attribute name="Output T" value="4"/>
  <attribute name="Target GC Util Change" value ="20.000000" />
  <attribute name="Current GC Util Change" value="25.000000"/>
  <attribute name="GC Util currently" value="25" />
  <attribute name="CPU Util currently" value="1206831254583" />
<allocation-satisfied id="3411" threadId="00000000025E0800" bytesRequested="184" />
<af-end id="3412" timestamp="2019-06-14T19:07:55.466" threadId="00000000025E1188" success="true" from="nursery"/>
<exclusive-end id="3413" timestamp="2019-06-14T19:07:55.467" durationms="1.815" />

<exclusive-start id="3414" timestamp="2019-06-14T19:07:55.469" intervalms="3.811">
  <response-info timems="0.055" idlems="0.038" threads="1" lastid="00000000025DE300" lastname="PmdThread 4" />
</exclusive-start>
<af-start id="3415" threadId="00000000025E1188" totalBytesRequested="744" timestamp="2019-06-14T19:07:55.469" intervalms="3.782" type="nursery" />
<cycle-start id="3416" type="scavenge" contextid="0" timestamp="2019-06-14T19:07:55.469" intervalms="3.789" />
<gc-start id="3417" type="scavenge" contextid="3416" timestamp="2019-06-14T19:07:55.469">
  <mem-info id="3418" free="2041613776" total="2092630016" percent="97">
    <mem type="nursery" free="0" total="2097152" percent="0">
      <mem type="allocate" free="0" total="1507328" percent="0" />
      <mem type="survivor" free="0" total="589824" percent="0" />
    </mem>
    <mem type="tenure" free="2041613776" total="2090532864" percent="97">
      <mem type="soa" free="1937087952" total="1986007040" percent="97" />
      <mem type="loa" free="104525824" total="104525824" percent="100" />
    </mem>
    <remembered-set count="514" />
  </mem-info>
</gc-start>
<allocation-stats totalBytes="1046592" >
  <allocated-bytes non-tlh="184" tlh="1046408" />
  <largest-consumer threadName="PmdThread 2" threadId="00000000025E0800" bytes="727512" />
</allocation-stats>
<gc-op id="3419" type="scavenge" timems="1.251" contextid="3416" timestamp="2019-06-14T19:07:55.470">
  <scavenger-info tenureage="4" tenuremask="7f10" tiltratio="71" />
  <memory-copied type="nursery" objects="4777" bytes="291312" bytesdiscarded="201896" />
  <memory-copied type="tenure" objects="332" bytes="63728" bytesdiscarded="0" />
  <references type="weak" candidates="102" cleared="102" enqueued="102" />
  <references type="phantom" candidates="1" cleared="1" enqueued="1" />
</gc-op>
<gc-end id="3420" type="scavenge" contextid="3416" durationms="1.433" usertimems="4.000" systemtimems="0.000" timestamp="2019-06-14T19:07:55.470" activeThreads="4">
  <mem-info id="3421" free="2042586760" total="2092630016" percent="97">
    <mem type="nursery" free="1013968" total="2097152" percent="48">
      <mem type="allocate" free="1013968" total="1507328" percent="67" />
      <mem type="survivor" free="0" total="589824" percent="0" />
    </mem>
    <mem type="tenure" free="2041572792" total="2090532864" percent="97">
      <mem type="soa" free="1937046968" total="1986007040" percent="97" />
      <mem type="loa" free="104525824" total="104525824" percent="100" />
    </mem>
    <pending-finalizers system="0" default="0" reference="103" classloader="0" />
    <remembered-set count="235" />
  </mem-info>
</gc-end>
<cycle-end id="3422" type="scavenge" contextid="3416" timestamp="2019-06-14T19:07:55.470" />
  <attribute name="elasticGC enabled" value="1" />
  <attribute name= "numThreadsSpecified" value="4" />
  <attribute name="heapSize specified" value="8388608" />
  <attribute name="Current GC Util" value="77" />
  <attribute name= "Current Time Running" value="3459" />
  <attribute name ="GC Interval" value="264" />
  <attribute name="ProportionalT" value="28.500000" />
  <attribute name="ProportionalI" value="28.500000" />
  <attribute name="ProportionalH" value="28.500000" />
  <attribute name="Current Error" value="57.000000" />
  <attribute name="IntegralT" value="228.000000" />
  <attribute name="IntegralI" value="228.000000" />
  <attribute name="IntegralH" value="228.000000" />
  <attribute name="DerivativeT" value="6.500000" />
  <attribute name="DerivativeI" value="6.500000" />
  <attribute name="DerivativeH" value="6.500000" />
  <attribute name="Loop Time for DT" value="4.000000" />
  <attribute name="Output H" value="8388608"/>
  <attribute name="Output I" value="264"/>
  <attribute name="Output T" value="4"/>
  <attribute name="Target GC Util Change" value ="20.000000" />
  <attribute name="Current GC Util Change" value="77.000000"/>
  <attribute name="GC Util currently" value="77" />
  <attribute name="CPU Util currently" value="1219535258665" />
<allocation-satisfied id="3423" threadId="00000000025E0800" bytesRequested="744" />
<af-end id="3424" timestamp="2019-06-14T19:07:55.470" threadId="00000000025E1188" success="true" from="nursery"/>
<exclusive-end id="3425" timestamp="2019-06-14T19:07:55.470" durationms="1.971" />

<exclusive-start id="3426" timestamp="2019-06-14T19:07:55.479" intervalms="10.328">
  <response-info timems="0.057" idlems="0.057" threads="0" lastid="00000000025DE300" lastname="PmdThread 4" />
</exclusive-start>
<af-start id="3427" threadId="00000000025DEC88" totalBytesRequested="72" timestamp="2019-06-14T19:07:55.479" intervalms="10.325" type="nursery" />
<cycle-start id="3428" type="scavenge" contextid="0" timestamp="2019-06-14T19:07:55.479" intervalms="10.286" />
<gc-start id="3429" type="scavenge" contextid="3428" timestamp="2019-06-14T19:07:55.479">
  <mem-info id="3430" free="2041572464" total="2092630016" percent="97">
    <mem type="nursery" free="0" total="2097152" percent="0">
      <mem type="allocate" free="0" total="1507328" percent="0" />
      <mem type="survivor" free="0" total="589824" percent="0" />
    </mem>
    <mem type="tenure" free="2041572464" total="2090532864" percent="97">
      <mem type="soa" free="1937046640" total="1986007040" percent="97" />
      <mem type="loa" free="104525824" total="104525824" percent="100" />
    </mem>
    <remembered-set count="360" />
  </mem-info>
</gc-start>
<allocation-stats totalBytes="1011736" >
  <allocated-bytes non-tlh="1072" tlh="1010664" />
  <largest-consumer threadName="PmdThread 2" threadId="00000000025E0800" bytes="628800" />
</allocation-stats>
<gc-op id="3431" type="scavenge" timems="0.538" contextid="3428" timestamp="2019-06-14T19:07:55.480">
  <scavenger-info tenureage="3" tenuremask="7f08" tiltratio="71" />
  <memory-copied type="nursery" objects="3384" bytes="185256" bytesdiscarded="105272" />
  <memory-copied type="tenure" objects="1450" bytes="114176" bytesdiscarded="56" />
  <references type="weak" candidates="91" cleared="91" enqueued="91" />
  <references type="phantom" candidates="1" cleared="1" enqueued="1" />
</gc-op>
<gc-end id="3432" type="scavenge" contextid="3428" durationms="0.726" usertimems="0.000" systemtimems="0.000" timestamp="2019-06-14T19:07:55.480" activeThreads="4">
  <mem-info id="3433" free="2042743624" total="2092630016" percent="97">
    <mem type="nursery" free="1282288" total="2097152" percent="61">
      <mem type="allocate" free="1282288" total="1572864" percent="81" />
      <mem type="survivor" free="0" total="524288" percent="0" />
    </mem>
    <mem type="tenure" free="2041461336" total="2090532864" percent="97">
      <mem type="soa" free="1936935512" total="1986007040" percent="97" />
      <mem type="loa" free="104525824" total="104525824" percent="100" />
    </mem>
    <pending-finalizers system="0" default="0" reference="92" classloader="0" />
    <remembered-set count="307" />
  </mem-info>
</gc-end>
<cycle-end id="3434" type="scavenge" contextid="3428" timestamp="2019-06-14T19:07:55.480" />
  <attribute name="elasticGC enabled" value="1" />
  <attribute name= "numThreadsSpecified" value="4" />
  <attribute name="heapSize specified" value="8388608" />
  <attribute name="Current GC Util" value="29" />
  <attribute name= "Current Time Running" value="3469" />
  <attribute name ="GC Interval" value="200" />
  <attribute name="ProportionalT" value="4.500000" />
  <attribute name="ProportionalI" value="4.500000" />
  <attribute name="ProportionalH" value="4.500000" />
  <attribute name="Current Error" value="9.000000" />
  <attribute name="IntegralT" value="90.000000" />
  <attribute name="IntegralI" value="90.000000" />
  <attribute name="IntegralH" value="90.000000" />
  <attribute name="DerivativeT" value="-2.400000" />
  <attribute name="DerivativeI" value="-2.400000" />
  <attribute name="DerivativeH" value="-2.400000" />
  <attribute name="Loop Time for DT" value="10.000000" />
  <attribute name="Output H" value="8388608"/>
  <attribute name="Output I" value="200"/>
  <attribute name="Output T" value="4"/>
  <attribute name="Target GC Util Change" value ="20.000000" />
  <attribute name="Current GC Util Change" value="29.000000"/>
  <attribute name="GC Util currently" value="29" />
  <attribute name="CPU Util currently" value="448206860573" />
<allocation-satisfied id="3435" threadId="00000000025DE300" bytesRequested="72" />
<af-end id="3436" timestamp="2019-06-14T19:07:55.480" threadId="00000000025DEC88" success="true" from="nursery"/>
<exclusive-end id="3437" timestamp="2019-06-14T19:07:55.480" durationms="1.361" />

<exclusive-start id="3438" timestamp="2019-06-14T19:07:55.483" intervalms="4.570">
  <response-info timems="0.054" idlems="0.054" threads="0" lastid="00000000025E0800" lastname="PmdThread 2" />
</exclusive-start>
<af-start id="3439" threadId="00000000025E1188" totalBytesRequested="1088" timestamp="2019-06-14T19:07:55.484" intervalms="4.611" type="nursery" />
<cycle-start id="3440" type="scavenge" contextid="0" timestamp="2019-06-14T19:07:55.484" intervalms="4.666" />
<gc-start id="3441" type="scavenge" contextid="3440" timestamp="2019-06-14T19:07:55.484">
  <mem-info id="3442" free="2041461336" total="2092630016" percent="97">
    <mem type="nursery" free="0" total="2097152" percent="0">
      <mem type="allocate" free="0" total="1572864" percent="0" />
      <mem type="survivor" free="0" total="524288" percent="0" />
    </mem>
    <mem type="tenure" free="2041461336" total="2090532864" percent="97">
      <mem type="soa" free="1936935512" total="1986007040" percent="97" />
      <mem type="loa" free="104525824" total="104525824" percent="100" />
    </mem>
    <remembered-set count="544" />
  </mem-info>
</gc-start>
<allocation-stats totalBytes="1271792" >
  <allocated-bytes non-tlh="82040" tlh="1189752" />
  <largest-consumer threadName="PmdThread 2" threadId="00000000025E0800" bytes="1098648" />
</allocation-stats>
<gc-op id="3443" type="scavenge" timems="0.945" contextid="3440" timestamp="2019-06-14T19:07:55.485">
  <scavenger-info tenureage="3" tenuremask="ff08" tiltratio="75" />
  <memory-copied type="nursery" objects="1329" bytes="177112" bytesdiscarded="154152" />
  <memory-copied type="tenure" objects="2259" bytes="142544" bytesdiscarded="512" />
  <references type="weak" candidates="139" cleared="139" enqueued="139" />
  <references type="phantom" candidates="2" cleared="0" enqueued="0" />
</gc-op>
<gc-end id="3444" type="scavenge" contextid="3440" durationms="1.257" usertimems="4.000" systemtimems="0.000" timestamp="2019-06-14T19:07:55.485" activeThreads="4">
  <mem-info id="3445" free="2042595376" total="2092630016" percent="97">
    <mem type="nursery" free="1307104" total="2097152" percent="62">
      <mem type="allocate" free="1307104" total="1638400" percent="79" />
      <mem type="survivor" free="0" total="458752" percent="0" />
    </mem>
    <mem type="tenure" free="2041288272" total="2090532864" percent="97">
      <mem type="soa" free="1936762448" total="1986007040" percent="97" />
      <mem type="loa" free="104525824" total="104525824" percent="100" />
    </mem>
    <pending-finalizers system="0" default="0" reference="139" classloader="0" />
    <remembered-set count="307" />
  </mem-info>
</gc-end>
<cycle-end id="3446" type="scavenge" contextid="3440" timestamp="2019-06-14T19:07:55.485" />
  <attribute name="elasticGC enabled" value="1" />
  <attribute name= "numThreadsSpecified" value="4" />
  <attribute name="heapSize specified" value="8388608" />
  <attribute name="Current GC Util" value="27" />
  <attribute name= "Current Time Running" value="3474" />
  <attribute name ="GC Interval" value="200" />
  <attribute name="ProportionalT" value="3.500000" />
  <attribute name="ProportionalI" value="3.500000" />
  <attribute name="ProportionalH" value="3.500000" />
  <attribute name="Current Error" value="7.000000" />
  <attribute name="IntegralT" value="35.000000" />
  <attribute name="IntegralI" value="35.000000" />
  <attribute name="IntegralH" value="35.000000" />
  <attribute name="DerivativeT" value="-0.200000" />
  <attribute name="DerivativeI" value="-0.200000" />
  <attribute name="DerivativeH" value="-0.200000" />
  <attribute name="Loop Time for DT" value="5.000000" />
  <attribute name="Output H" value="8388608"/>
  <attribute name="Output I" value="200"/>
  <attribute name="Output T" value="4"/>
  <attribute name="Target GC Util Change" value ="20.000000" />
  <attribute name="Current GC Util Change" value="27.000000"/>
  <attribute name="GC Util currently" value="27" />
  <attribute name="CPU Util currently" value="955490621573" />
<allocation-satisfied id="3447" threadId="00000000025E0800" bytesRequested="1088" />
<af-end id="3448" timestamp="2019-06-14T19:07:55.485" threadId="00000000025E1188" success="true" from="nursery"/>
<exclusive-end id="3449" timestamp="2019-06-14T19:07:55.485" durationms="1.933" />

<exclusive-start id="3450" timestamp="2019-06-14T19:07:55.488" intervalms="4.850">
  <response-info timems="0.033" idlems="0.033" threads="0" lastid="00000000025DD700" lastname="PmdThread 3" />
</exclusive-start>
<af-start id="3451" threadId="00000000025DE088" totalBytesRequested="56" timestamp="2019-06-14T19:07:55.488" intervalms="4.834" type="nursery" />
<cycle-start id="3452" type="scavenge" contextid="0" timestamp="2019-06-14T19:07:55.488" intervalms="4.809" />
<gc-start id="3453" type="scavenge" contextid="3452" timestamp="2019-06-14T19:07:55.489">
  <mem-info id="3454" free="2041288080" total="2092630016" percent="97">
    <mem type="nursery" free="0" total="2097152" percent="0">
      <mem type="allocate" free="0" total="1638400" percent="0" />
      <mem type="survivor" free="0" total="458752" percent="0" />
    </mem>
    <mem type="tenure" free="2041288080" total="2090532864" percent="97">
      <mem type="soa" free="1936762256" total="1986007040" percent="97" />
      <mem type="loa" free="104525824" total="104525824" percent="100" />
    </mem>
    <remembered-set count="402" />
  </mem-info>
</gc-start>
<allocation-stats totalBytes="1304896" >
  <allocated-bytes non-tlh="1280" tlh="1303616" />
  <largest-consumer threadName="PmdThread 3" threadId="00000000025DD700" bytes="768608" />
</allocation-stats>
<gc-op id="3455" type="scavenge" timems="0.783" contextid="3452" timestamp="2019-06-14T19:07:55.489">
  <scavenger-info tenureage="3" tenuremask="7f08" tiltratio="78" />
  <memory-copied type="nursery" objects="5864" bytes="355264" bytesdiscarded="103464" />
  <memory-copied type="tenure" objects="1166" bytes="36840" bytesdiscarded="8" />
  <copy-failed type="nursery" objects="473" bytes="17416" />
  <references type="weak" candidates="68" cleared="68" enqueued="68" />
  <references type="phantom" candidates="1" cleared="0" enqueued="0" />
</gc-op>
<gc-end id="3456" type="scavenge" contextid="3452" durationms="1.004" usertimems="4.000" systemtimems="0.000" timestamp="2019-06-14T19:07:55.490" activeThreads="4">
  <mem-info id="3457" free="2042231952" total="2092630016" percent="97">
    <mem type="nursery" free="983040" total="2097152" percent="46">
      <mem type="allocate" free="983040" total="1441792" percent="68" />
      <mem type="survivor" free="0" total="655360" percent="0" />
    </mem>
    <mem type="tenure" free="2041248912" total="2090532864" percent="97">
      <mem type="soa" free="1936723088" total="1986007040" percent="97" />
      <mem type="loa" free="104525824" total="104525824" percent="100" />
    </mem>
    <pending-finalizers system="0" default="0" reference="68" classloader="0" />
    <remembered-set count="344" />
  </mem-info>
</gc-end>
<cycle-end id="3458" type="scavenge" contextid="3452" timestamp="2019-06-14T19:07:55.490" />
  <attribute name="elasticGC enabled" value="1" />
  <attribute name= "numThreadsSpecified" value="4" />
  <attribute name="heapSize specified" value="8388608" />
  <attribute name="Current GC Util" value="43" />
  <attribute name= "Current Time Running" value="3479" />
  <attribute name ="GC Interval" value="200" />
  <attribute name="ProportionalT" value="11.500000" />
  <attribute name="ProportionalI" value="11.500000" />
  <attribute name="ProportionalH" value="11.500000" />
  <attribute name="Current Error" value="23.000000" />
  <attribute name="IntegralT" value="115.000000" />
  <attribute name="IntegralI" value="115.000000" />
  <attribute name="IntegralH" value="115.000000" />
  <attribute name="DerivativeT" value="1.600000" />
  <attribute name="DerivativeI" value="1.600000" />
  <attribute name="DerivativeH" value="1.600000" />
  <attribute name="Loop Time for DT" value="5.000000" />
  <attribute name="Output H" value="8388608"/>
  <attribute name="Output I" value="200"/>
  <attribute name="Output T" value="4"/>
  <attribute name="Target GC Util Change" value ="20.000000" />
  <attribute name="Current GC Util Change" value="43.000000"/>
  <attribute name="GC Util currently" value="43" />
  <attribute name="CPU Util currently" value="983527143661" />
<allocation-satisfied id="3459" threadId="00000000025DD700" bytesRequested="56" />
<af-end id="3460" timestamp="2019-06-14T19:07:55.490" threadId="00000000025DE088" success="true" from="nursery"/>
<exclusive-end id="3461" timestamp="2019-06-14T19:07:55.490" durationms="1.548" />

<exclusive-start id="3462" timestamp="2019-06-14T19:07:55.493" intervalms="4.800">
  <response-info timems="0.225" idlems="0.078" threads="2" lastid="00000000022D0300" lastname="JIT Compilation Thread-0" />
</exclusive-start>
<af-start id="3463" threadId="00000000025DE088" totalBytesRequested="96" timestamp="2019-06-14T19:07:55.493" intervalms="4.791" type="nursery" />
<cycle-start id="3464" type="scavenge" contextid="0" timestamp="2019-06-14T19:07:55.493" intervalms="4.770" />
<gc-start id="3465" type="scavenge" contextid="3464" timestamp="2019-06-14T19:07:55.493">
  <mem-info id="3466" free="2041248736" total="2092630016" percent="97">
    <mem type="nursery" free="0" total="2097152" percent="0">
      <mem type="allocate" free="0" total="1441792" percent="0" />
      <mem type="survivor" free="0" total="655360" percent="0" />
    </mem>
    <mem type="tenure" free="2041248736" total="2090532864" percent="97">
      <mem type="soa" free="1936722912" total="1986007040" percent="97" />
      <mem type="loa" free="104525824" total="104525824" percent="100" />
    </mem>
    <remembered-set count="453" />
  </mem-info>
</gc-start>
<allocation-stats totalBytes="982424" >
  <allocated-bytes non-tlh="232" tlh="982192" />
  <largest-consumer threadName="PmdThread 3" threadId="00000000025DD700" bytes="569320" />
</allocation-stats>
<gc-op id="3467" type="scavenge" timems="0.595" contextid="3464" timestamp="2019-06-14T19:07:55.494">
  <scavenger-info tenureage="8" tenuremask="7f00" tiltratio="68" />
  <memory-copied type="nursery" objects="7701" bytes="416416" bytesdiscarded="89784" />
  <references type="weak" candidates="38" cleared="38" enqueued="38" />
  <references type="phantom" candidates="2" cleared="2" enqueued="2" />
</gc-op>
<gc-end id="3468" type="scavenge" contextid="3464" durationms="0.781" usertimems="4.000" systemtimems="0.000" timestamp="2019-06-14T19:07:55.494" activeThreads="4">
  <mem-info id="3469" free="2042315328" total="2092630016" percent="97">
    <mem type="nursery" free="1066592" total="2097152" percent="50">
      <mem type="allocate" free="1066592" total="1572864" percent="67" />
      <mem type="survivor" free="0" total="524288" percent="0" />
    </mem>
    <mem type="tenure" free="2041248736" total="2090532864" percent="97">
      <mem type="soa" free="1936722912" total="1986007040" percent="97" />
      <mem type="loa" free="104525824" total="104525824" percent="100" />
    </mem>
    <pending-finalizers system="0" default="0" reference="40" classloader="0" />
    <remembered-set count="352" />
  </mem-info>
</gc-end>
<cycle-end id="3470" type="scavenge" contextid="3464" timestamp="2019-06-14T19:07:55.494" />
  <attribute name="elasticGC enabled" value="1" />
  <attribute name= "numThreadsSpecified" value="4" />
  <attribute name="heapSize specified" value="8388608" />
  <attribute name="Current GC Util" value="28" />
  <attribute name= "Current Time Running" value="3483" />
  <attribute name ="GC Interval" value="200" />
  <attribute name="ProportionalT" value="4.000000" />
  <attribute name="ProportionalI" value="4.000000" />
  <attribute name="ProportionalH" value="4.000000" />
  <attribute name="Current Error" value="8.000000" />
  <attribute name="IntegralT" value="32.000000" />
  <attribute name="IntegralI" value="32.000000" />
  <attribute name="IntegralH" value="32.000000" />
  <attribute name="DerivativeT" value="-1.875000" />
  <attribute name="DerivativeI" value="-1.875000" />
  <attribute name="DerivativeH" value="-1.875000" />
  <attribute name="Loop Time for DT" value="4.000000" />
  <attribute name="Output H" value="8388608"/>
  <attribute name="Output I" value="200"/>
  <attribute name="Output T" value="4"/>
  <attribute name="Target GC Util Change" value ="20.000000" />
  <attribute name="Current GC Util Change" value="28.000000"/>
  <attribute name="GC Util currently" value="28" />
  <attribute name="CPU Util currently" value="974013073105" />
<allocation-satisfied id="3471" threadId="00000000025DD700" bytesRequested="96" />
<af-end id="3472" timestamp="2019-06-14T19:07:55.494" threadId="00000000025DE088" success="true" from="nursery"/>
<exclusive-end id="3473" timestamp="2019-06-14T19:07:55.494" durationms="1.276" />

<exclusive-start id="3474" timestamp="2019-06-14T19:07:55.499" intervalms="5.477">
  <response-info timems="0.160" idlems="0.082" threads="1" lastid="00000000025DD700" lastname="PmdThread 3" />
</exclusive-start>
<af-start id="3475" threadId="00000000025DEC88" totalBytesRequested="24" timestamp="2019-06-14T19:07:55.499" intervalms="5.511" type="nursery" />
<cycle-start id="3476" type="scavenge" contextid="0" timestamp="2019-06-14T19:07:55.499" intervalms="5.536" />
<gc-start id="3477" type="scavenge" contextid="3476" timestamp="2019-06-14T19:07:55.499">
  <mem-info id="3478" free="2041248560" total="2092630016" percent="97">
    <mem type="nursery" free="0" total="2097152" percent="0">
      <mem type="allocate" free="0" total="1572864" percent="0" />
      <mem type="survivor" free="0" total="524288" percent="0" />
    </mem>
    <mem type="tenure" free="2041248560" total="2090532864" percent="97">
      <mem type="soa" free="1936722736" total="1986007040" percent="97" />
      <mem type="loa" free="104525824" total="104525824" percent="100" />
    </mem>
    <remembered-set count="449" />
  </mem-info>
</gc-start>
<allocation-stats totalBytes="1065520" >
  <allocated-bytes non-tlh="41256" tlh="1024264" />
  <largest-consumer threadName="PmdThread 4" threadId="00000000025DE300" bytes="729656" />
</allocation-stats>
<gc-op id="3479" type="scavenge" timems="0.562" contextid="3476" timestamp="2019-06-14T19:07:55.499">
  <scavenger-info tenureage="8" tenuremask="7f00" tiltratio="75" />
  <memory-copied type="nursery" objects="8023" bytes="466024" bytesdiscarded="58216" />
  <memory-copied type="tenure" objects="415" bytes="21304" bytesdiscarded="8" />
  <copy-failed type="nursery" objects="370" bytes="19928" />
  <references type="weak" candidates="21" cleared="21" enqueued="21" />
</gc-op>
<gc-end id="3480" type="scavenge" contextid="3476" durationms="0.772" usertimems="4.000" systemtimems="0.000" timestamp="2019-06-14T19:07:55.500" activeThreads="4">
  <mem-info id="3481" free="2042126896" total="2092630016" percent="97">
    <mem type="nursery" free="917504" total="2097152" percent="43">
      <mem type="allocate" free="917504" total="1441792" percent="63" />
      <mem type="survivor" free="0" total="655360" percent="0" />
    </mem>
    <mem type="tenure" free="2041209392" total="2090532864" percent="97">
      <mem type="soa" free="1936683568" total="1986007040" percent="97" />
      <mem type="loa" free="104525824" total="104525824" percent="100" />
    </mem>
    <pending-finalizers system="0" default="0" reference="21" classloader="0" />
    <remembered-set count="488" />
  </mem-info>
</gc-end>
<cycle-end id="3482" type="scavenge" contextid="3476" timestamp="2019-06-14T19:07:55.500" />
  <attribute name="elasticGC enabled" value="1" />
  <attribute name= "numThreadsSpecified" value="4" />
  <attribute name="heapSize specified" value="8388608" />
  <attribute name="Current GC Util" value="24" />
  <attribute name= "Current Time Running" value="3489" />
  <attribute name ="GC Interval" value="200" />
  <attribute name="ProportionalT" value="2.000000" />
  <attribute name="ProportionalI" value="2.000000" />
  <attribute name="ProportionalH" value="2.000000" />
  <attribute name="Current Error" value="4.000000" />
  <attribute name="IntegralT" value="24.000000" />
  <attribute name="IntegralI" value="24.000000" />
  <attribute name="IntegralH" value="24.000000" />
  <attribute name="DerivativeT" value="-0.333333" />
  <attribute name="DerivativeI" value="-0.333333" />
  <attribute name="DerivativeH" value="-0.333333" />
  <attribute name="Loop Time for DT" value="6.000000" />
  <attribute name="Output H" value="8388608"/>
  <attribute name="Output I" value="200"/>
  <attribute name="Output T" value="4"/>
  <attribute name="Target GC Util Change" value ="20.000000" />
  <attribute name="Current GC Util Change" value="24.000000"/>
  <attribute name="GC Util currently" value="24" />
  <attribute name="CPU Util currently" value="832007328288" />
<allocation-satisfied id="3483" threadId="00000000025DE300" bytesRequested="24" />
<af-end id="3484" timestamp="2019-06-14T19:07:55.500" threadId="00000000025DEC88" success="true" from="nursery"/>
<exclusive-end id="3485" timestamp="2019-06-14T19:07:55.500" durationms="1.371" />

<exclusive-start id="3486" timestamp="2019-06-14T19:07:55.504" intervalms="4.992">
  <response-info timems="0.114" idlems="0.068" threads="1" lastid="00000000025DD700" lastname="PmdThread 3" />
</exclusive-start>
<af-start id="3487" threadId="00000000025E1188" totalBytesRequested="24" timestamp="2019-06-14T19:07:55.504" intervalms="5.009" type="nursery" />
<cycle-start id="3488" type="scavenge" contextid="0" timestamp="2019-06-14T19:07:55.504" intervalms="5.058" />
<gc-start id="3489" type="scavenge" contextid="3488" timestamp="2019-06-14T19:07:55.504">
  <mem-info id="3490" free="2041209392" total="2092630016" percent="97">
    <mem type="nursery" free="0" total="2097152" percent="0">
      <mem type="allocate" free="0" total="1441792" percent="0" />
      <mem type="survivor" free="0" total="655360" percent="0" />
    </mem>
    <mem type="tenure" free="2041209392" total="2090532864" percent="97">
      <mem type="soa" free="1936683568" total="1986007040" percent="97" />
      <mem type="loa" free="104525824" total="104525824" percent="100" />
    </mem>
    <remembered-set count="632" />
  </mem-info>
</gc-start>
<allocation-stats totalBytes="914528" >
  <allocated-bytes non-tlh="24" tlh="914504" />
  <largest-consumer threadName="PmdThread 2" threadId="00000000025E0800" bytes="709752" />
</allocation-stats>
<gc-op id="3491" type="scavenge" timems="2.304" contextid="3488" timestamp="2019-06-14T19:07:55.506">
  <scavenger-info tenureage="3" tenuremask="7f98" tiltratio="68" />
  <memory-copied type="nursery" objects="3253" bytes="162648" bytesdiscarded="121136" />
  <memory-copied type="tenure" objects="4953" bytes="309168" bytesdiscarded="72" />
  <references type="weak" candidates="84" cleared="84" enqueued="84" />
  <references type="phantom" candidates="1" cleared="1" enqueued="1" />
</gc-op>
<gc-end id="3492" type="scavenge" contextid="3488" durationms="2.629" usertimems="4.000" systemtimems="4.000" timestamp="2019-06-14T19:07:55.507" activeThreads="4">
  <mem-info id="3493" free="2042107352" total="2092630016" percent="97">
    <mem type="nursery" free="1223136" total="2097152" percent="58">
      <mem type="allocate" free="1223136" total="1507328" percent="81" />
      <mem type="survivor" free="0" total="589824" percent="0" />
    </mem>
    <mem type="tenure" free="2040884216" total="2090532864" percent="97">
      <mem type="soa" free="1936358392" total="1986007040" percent="97" />
      <mem type="loa" free="104525824" total="104525824" percent="100" />
    </mem>
    <pending-finalizers system="0" default="0" reference="85" classloader="0" />
    <remembered-set count="506" />
  </mem-info>
</gc-end>
<cycle-end id="3494" type="scavenge" contextid="3488" timestamp="2019-06-14T19:07:55.507" />
  <attribute name="elasticGC enabled" value="1" />
  <attribute name= "numThreadsSpecified" value="4" />
  <attribute name="heapSize specified" value="8388608" />
  <attribute name="Current GC Util" value="29" />
  <attribute name= "Current Time Running" value="3494" />
  <attribute name ="GC Interval" value="200" />
  <attribute name="ProportionalT" value="4.500000" />
  <attribute name="ProportionalI" value="4.500000" />
  <attribute name="ProportionalH" value="4.500000" />
  <attribute name="Current Error" value="9.000000" />
  <attribute name="IntegralT" value="45.000000" />
  <attribute name="IntegralI" value="45.000000" />
  <attribute name="IntegralH" value="45.000000" />
  <attribute name="DerivativeT" value="0.500000" />
  <attribute name="DerivativeI" value="0.500000" />
  <attribute name="DerivativeH" value="0.500000" />
  <attribute name="Loop Time for DT" value="5.000000" />
  <attribute name="Output H" value="8388608"/>
  <attribute name="Output I" value="200"/>
  <attribute name="Output T" value="4"/>
  <attribute name="Target GC Util Change" value ="20.000000" />
  <attribute name="Current GC Util Change" value="29.000000"/>
  <attribute name="GC Util currently" value="29" />
  <attribute name="CPU Util currently" value="882134450693" />
<allocation-satisfied id="3495" threadId="00000000025E0800" bytesRequested="24" />
<af-end id="3496" timestamp="2019-06-14T19:07:55.507" threadId="00000000025E1188" success="true" from="nursery"/>
<exclusive-end id="3497" timestamp="2019-06-14T19:07:55.507" durationms="3.353" />

<exclusive-start id="3498" timestamp="2019-06-14T19:07:55.511" intervalms="7.597">
  <response-info timems="0.057" idlems="0.037" threads="1" lastid="00000000025DD700" lastname="PmdThread 3" />
</exclusive-start>
<af-start id="3499" threadId="00000000025E1188" totalBytesRequested="728" timestamp="2019-06-14T19:07:55.511" intervalms="7.600" type="nursery" />
<cycle-start id="3500" type="scavenge" contextid="0" timestamp="2019-06-14T19:07:55.511" intervalms="7.559" />
<gc-start id="3501" type="scavenge" contextid="3500" timestamp="2019-06-14T19:07:55.511">
  <mem-info id="3502" free="2040883640" total="2092630016" percent="97">
    <mem type="nursery" free="0" total="2097152" percent="0">
      <mem type="allocate" free="0" total="1507328" percent="0" />
      <mem type="survivor" free="0" total="589824" percent="0" />
    </mem>
    <mem type="tenure" free="2040883640" total="2090532864" percent="97">
      <mem type="soa" free="1936357816" total="1986007040" percent="97" />
      <mem type="loa" free="104525824" total="104525824" percent="100" />
    </mem>
    <remembered-set count="813" />
  </mem-info>
</gc-start>
<allocation-stats totalBytes="1220568" >
  <allocated-bytes non-tlh="600" tlh="1219968" />
  <largest-consumer threadName="PmdThread 2" threadId="00000000025E0800" bytes="1097944" />
</allocation-stats>
<gc-op id="3503" type="scavenge" timems="1.465" contextid="3500" timestamp="2019-06-14T19:07:55.513">
  <scavenger-info tenureage="3" tenuremask="7f88" tiltratio="71" />
  <memory-copied type="nursery" objects="1293" bytes="105344" bytesdiscarded="100496" />
  <memory-copied type="tenure" objects="2031" bytes="60000" bytesdiscarded="0" />
  <references type="weak" candidates="110" cleared="110" enqueued="110" />
</gc-op>
<gc-end id="3504" type="scavenge" contextid="3500" durationms="1.703" usertimems="4.000" systemtimems="0.000" timestamp="2019-06-14T19:07:55.513" activeThreads="4">
  <mem-info id="3505" free="2042211480" total="2092630016" percent="97">
    <mem type="nursery" free="1367008" total="2097152" percent="65">
      <mem type="allocate" free="1367008" total="1572864" percent="86" />
      <mem type="survivor" free="0" total="524288" percent="0" />
    </mem>
    <mem type="tenure" free="2040844472" total="2090532864" percent="97">
      <mem type="soa" free="1936318648" total="1986007040" percent="97" />
      <mem type="loa" free="104525824" total="104525824" percent="100" />
    </mem>
    <pending-finalizers system="0" default="0" reference="110" classloader="0" />
    <remembered-set count="125" />
  </mem-info>
</gc-end>
<cycle-end id="3506" type="scavenge" contextid="3500" timestamp="2019-06-14T19:07:55.513" />
  <attribute name="elasticGC enabled" value="1" />
  <attribute name= "numThreadsSpecified" value="4" />
  <attribute name="heapSize specified" value="8388608" />
  <attribute name="Current GC Util" value="59" />
  <attribute name= "Current Time Running" value="3502" />
  <attribute name ="GC Interval" value="336" />
  <attribute name="ProportionalT" value="19.500000" />
  <attribute name="ProportionalI" value="19.500000" />
  <attribute name="ProportionalH" value="19.500000" />
  <attribute name="Current Error" value="39.000000" />
  <attribute name="IntegralT" value="312.000000" />
  <attribute name="IntegralI" value="312.000000" />
  <attribute name="IntegralH" value="312.000000" />
  <attribute name="DerivativeT" value="1.875000" />
  <attribute name="DerivativeI" value="1.875000" />
  <attribute name="DerivativeH" value="1.875000" />
  <attribute name="Loop Time for DT" value="8.000000" />
  <attribute name="Output H" value="8388608"/>
  <attribute name="Output I" value="336"/>
  <attribute name="Output T" value="4"/>
  <attribute name="Target GC Util Change" value ="20.000000" />
  <attribute name="Current GC Util Change" value="59.000000"/>
  <attribute name="GC Util currently" value="59" />
  <attribute name="CPU Util currently" value="617087887541" />
<allocation-satisfied id="3507" threadId="00000000025E0800" bytesRequested="728" />
<af-end id="3508" timestamp="2019-06-14T19:07:55.513" threadId="00000000025E1188" success="true" from="nursery"/>
<exclusive-end id="3509" timestamp="2019-06-14T19:07:55.513" durationms="2.290" />

<exclusive-start id="3510" timestamp="2019-06-14T19:07:55.516" intervalms="5.262">
  <response-info timems="0.038" idlems="0.038" threads="0" lastid="00000000025E0800" lastname="PmdThread 2" />
</exclusive-start>
<af-start id="3511" threadId="00000000025E1188" totalBytesRequested="744" timestamp="2019-06-14T19:07:55.517" intervalms="5.219" type="nursery" />
<cycle-start id="3512" type="scavenge" contextid="0" timestamp="2019-06-14T19:07:55.517" intervalms="5.222" />
<gc-start id="3513" type="scavenge" contextid="3512" timestamp="2019-06-14T19:07:55.517">
  <mem-info id="3514" free="2040844472" total="2092630016" percent="97">
    <mem type="nursery" free="0" total="2097152" percent="0">
      <mem type="allocate" free="0" total="1572864" percent="0" />
      <mem type="survivor" free="0" total="524288" percent="0" />
    </mem>
    <mem type="tenure" free="2040844472" total="2090532864" percent="97">
      <mem type="soa" free="1936318648" total="1986007040" percent="97" />
      <mem type="loa" free="104525824" total="104525824" percent="100" />
    </mem>
    <remembered-set count="379" />
  </mem-info>
</gc-start>
<allocation-stats totalBytes="1362560" >
  <allocated-bytes non-tlh="728" tlh="1361832" />
  <largest-consumer threadName="PmdThread 2" threadId="00000000025E0800" bytes="909304" />
</allocation-stats>
<gc-op id="3515" type="scavenge" timems="0.724" contextid="3512" timestamp="2019-06-14T19:07:55.517">
  <scavenger-info tenureage="3" tenuremask="7f08" tiltratio="75" />
  <memory-copied type="nursery" objects="617" bytes="20808" bytesdiscarded="96696" />
  <memory-copied type="tenure" objects="826" bytes="88816" bytesdiscarded="408" />
  <references type="weak" candidates="162" cleared="162" enqueued="162" />
</gc-op>
<gc-end id="3516" type="scavenge" contextid="3512" durationms="0.912" usertimems="4.000" systemtimems="0.000" timestamp="2019-06-14T19:07:55.518" activeThreads="4">
  <mem-info id="3517" free="2042270632" total="2092630016" percent="97">
    <mem type="nursery" free="1520896" total="2097152" percent="72">
      <mem type="allocate" free="1520896" total="1638400" percent="92" />
      <mem type="survivor" free="0" total="458752" percent="0" />
    </mem>
    <mem type="tenure" free="2040749736" total="2090532864" percent="97">
      <mem type="soa" free="1936223912" total="1986007040" percent="97" />
      <mem type="loa" free="104525824" total="104525824" percent="100" />
    </mem>
    <pending-finalizers system="0" default="0" reference="162" classloader="0" />
    <remembered-set count="119" />
  </mem-info>
</gc-end>
<cycle-end id="3518" type="scavenge" contextid="3512" timestamp="2019-06-14T19:07:55.518" />
  <attribute name="elasticGC enabled" value="1" />
  <attribute name= "numThreadsSpecified" value="4" />
  <attribute name="heapSize specified" value="8388608" />
  <attribute name="Current GC Util" value="65" />
  <attribute name= "Current Time Running" value="3507" />
  <attribute name ="GC Interval" value="248" />
  <attribute name="ProportionalT" value="22.500000" />
  <attribute name="ProportionalI" value="22.500000" />
  <attribute name="ProportionalH" value="22.500000" />
  <attribute name="Current Error" value="45.000000" />
  <attribute name="IntegralT" value="225.000000" />
  <attribute name="IntegralI" value="225.000000" />
  <attribute name="IntegralH" value="225.000000" />
  <attribute name="DerivativeT" value="0.600000" />
  <attribute name="DerivativeI" value="0.600000" />
  <attribute name="DerivativeH" value="0.600000" />
  <attribute name="Loop Time for DT" value="5.000000" />
  <attribute name="Output H" value="8388608"/>
  <attribute name="Output I" value="248"/>
  <attribute name="Output T" value="4"/>
  <attribute name="Target GC Util Change" value ="20.000000" />
  <attribute name="Current GC Util Change" value="65.000000"/>
  <attribute name="GC Util currently" value="65" />
  <attribute name="CPU Util currently" value="896779172017" />
<allocation-satisfied id="3519" threadId="00000000025E0800" bytesRequested="744" />
<af-end id="3520" timestamp="2019-06-14T19:07:55.518" threadId="00000000025E1188" success="true" from="nursery"/>
<exclusive-end id="3521" timestamp="2019-06-14T19:07:55.518" durationms="1.493" />

<exclusive-start id="3522" timestamp="2019-06-14T19:07:55.522" intervalms="5.531">
  <response-info timems="0.374" idlems="0.197" threads="1" lastid="00000000025DD700" lastname="PmdThread 3" />
</exclusive-start>
<af-start id="3523" threadId="00000000025E1188" totalBytesRequested="176" timestamp="2019-06-14T19:07:55.522" intervalms="5.529" type="nursery" />
<cycle-start id="3524" type="scavenge" contextid="0" timestamp="2019-06-14T19:07:55.522" intervalms="5.525" />
<gc-start id="3525" type="scavenge" contextid="3524" timestamp="2019-06-14T19:07:55.522">
  <mem-info id="3526" free="2040749736" total="2092630016" percent="97">
    <mem type="nursery" free="0" total="2097152" percent="0">
      <mem type="allocate" free="0" total="1638400" percent="0" />
      <mem type="survivor" free="0" total="458752" percent="0" />
    </mem>
    <mem type="tenure" free="2040749736" total="2090532864" percent="97">
      <mem type="soa" free="1936223912" total="1986007040" percent="97" />
      <mem type="loa" free="104525824" total="104525824" percent="100" />
    </mem>
    <remembered-set count="479" />
  </mem-info>
</gc-start>
<allocation-stats totalBytes="1516472" >
  <allocated-bytes non-tlh="744" tlh="1515728" />
  <largest-consumer threadName="PmdThread 2" threadId="00000000025E0800" bytes="1394488" />
</allocation-stats>
<gc-op id="3527" type="scavenge" timems="0.648" contextid="3524" timestamp="2019-06-14T19:07:55.523">
  <scavenger-info tenureage="8" tenuremask="7f00" tiltratio="78" />
  <memory-copied type="nursery" objects="476" bytes="16216" bytesdiscarded="101288" />
  <memory-copied type="tenure" objects="110" bytes="3224" bytesdiscarded="0" />
  <references type="weak" candidates="151" cleared="151" enqueued="151" />
</gc-op>
<gc-end id="3528" type="scavenge" contextid="3524" durationms="0.935" usertimems="0.000" systemtimems="0.000" timestamp="2019-06-14T19:07:55.523" activeThreads="4">
  <mem-info id="3529" free="2042336168" total="2092630016" percent="97">
    <mem type="nursery" free="1586432" total="2097152" percent="75">
      <mem type="allocate" free="1586432" total="1703936" percent="93" />
      <mem type="survivor" free="0" total="393216" percent="0" />
    </mem>
    <mem type="tenure" free="2040749736" total="2090532864" percent="97">
      <mem type="soa" free="1936223912" total="1986007040" percent="97" />
      <mem type="loa" free="104525824" total="104525824" percent="100" />
    </mem>
    <pending-finalizers system="0" default="0" reference="151" classloader="0" />
    <remembered-set count="97" />
  </mem-info>
</gc-end>
<cycle-end id="3530" type="scavenge" contextid="3524" timestamp="2019-06-14T19:07:55.523" />
  <attribute name="elasticGC enabled" value="1" />
  <attribute name= "numThreadsSpecified" value="4" />
  <attribute name="heapSize specified" value="8388608" />
  <attribute name="Current GC Util" value="30" />
  <attribute name= "Current Time Running" value="3512" />
  <attribute name ="GC Interval" value="200" />
  <attribute name="ProportionalT" value="5.000000" />
  <attribute name="ProportionalI" value="5.000000" />
  <attribute name="ProportionalH" value="5.000000" />
  <attribute name="Current Error" value="10.000000" />
  <attribute name="IntegralT" value="50.000000" />
  <attribute name="IntegralI" value="50.000000" />
  <attribute name="IntegralH" value="50.000000" />
  <attribute name="DerivativeT" value="-3.500000" />
  <attribute name="DerivativeI" value="-3.500000" />
  <attribute name="DerivativeH" value="-3.500000" />
  <attribute name="Loop Time for DT" value="5.000000" />
  <attribute name="Output H" value="8388608"/>
  <attribute name="Output I" value="200"/>
  <attribute name="Output T" value="4"/>
  <attribute name="Target GC Util Change" value ="20.000000" />
  <attribute name="Current GC Util Change" value="30.000000"/>
  <attribute name="GC Util currently" value="30" />
  <attribute name="CPU Util currently" value="819555731278" />
<allocation-satisfied id="3531" threadId="00000000025E0800" bytesRequested="176" />
<af-end id="3532" timestamp="2019-06-14T19:07:55.523" threadId="00000000025E1188" success="true" from="nursery"/>
<exclusive-end id="3533" timestamp="2019-06-14T19:07:55.523" durationms="1.466" />

<exclusive-start id="3534" timestamp="2019-06-14T19:07:55.526" intervalms="4.041">
  <response-info timems="0.032" idlems="0.032" threads="0" lastid="00000000025E0800" lastname="PmdThread 2" />
</exclusive-start>
<af-start id="3535" threadId="00000000025E1188" totalBytesRequested="104" timestamp="2019-06-14T19:07:55.526" intervalms="4.027" type="nursery" />
<cycle-start id="3536" type="scavenge" contextid="0" timestamp="2019-06-14T19:07:55.526" intervalms="3.993" />
<gc-start id="3537" type="scavenge" contextid="3536" timestamp="2019-06-14T19:07:55.526">
  <mem-info id="3538" free="2040749736" total="2092630016" percent="97">
    <mem type="nursery" free="0" total="2097152" percent="0">
      <mem type="allocate" free="0" total="1703936" percent="0" />
      <mem type="survivor" free="0" total="393216" percent="0" />
    </mem>
    <mem type="tenure" free="2040749736" total="2090532864" percent="97">
      <mem type="soa" free="1936223912" total="1986007040" percent="97" />
      <mem type="loa" free="104525824" total="104525824" percent="100" />
    </mem>
    <remembered-set count="315" />
  </mem-info>
</gc-start>
<allocation-stats totalBytes="1584072" >
  <allocated-bytes non-tlh="176" tlh="1583896" />
  <largest-consumer threadName="PmdThread 2" threadId="00000000025E0800" bytes="948440" />
</allocation-stats>
<gc-op id="3539" type="scavenge" timems="0.670" contextid="3536" timestamp="2019-06-14T19:07:55.527">
  <scavenger-info tenureage="10" tenuremask="7c00" tiltratio="81" />
  <memory-copied type="nursery" objects="438" bytes="16040" bytesdiscarded="101464" />
  <references type="weak" candidates="123" cleared="123" enqueued="123" />
</gc-op>
<gc-end id="3540" type="scavenge" contextid="3536" durationms="0.860" usertimems="0.000" systemtimems="0.000" timestamp="2019-06-14T19:07:55.527" activeThreads="4">
  <mem-info id="3541" free="2042401704" total="2092630016" percent="97">
    <mem type="nursery" free="1651968" total="2097152" percent="78">
      <mem type="allocate" free="1651968" total="1769472" percent="93" />
      <mem type="survivor" free="0" total="327680" percent="0" />
    </mem>
    <mem type="tenure" free="2040749736" total="2090532864" percent="97">
      <mem type="soa" free="1936223912" total="1986007040" percent="97" />
      <mem type="loa" free="104525824" total="104525824" percent="100" />
    </mem>
    <pending-finalizers system="0" default="0" reference="123" classloader="0" />
    <remembered-set count="97" />
  </mem-info>
</gc-end>
<cycle-end id="3542" type="scavenge" contextid="3536" timestamp="2019-06-14T19:07:55.527" />
  <attribute name="elasticGC enabled" value="1" />
  <attribute name= "numThreadsSpecified" value="4" />
  <attribute name="heapSize specified" value="8388608" />
  <attribute name="Current GC Util" value="42" />
  <attribute name= "Current Time Running" value="3516" />
  <attribute name ="GC Interval" value="200" />
  <attribute name="ProportionalT" value="11.000000" />
  <attribute name="ProportionalI" value="11.000000" />
  <attribute name="ProportionalH" value="11.000000" />
  <attribute name="Current Error" value="22.000000" />
  <attribute name="IntegralT" value="88.000000" />
  <attribute name="IntegralI" value="88.000000" />
  <attribute name="IntegralH" value="88.000000" />
  <attribute name="DerivativeT" value="1.500000" />
  <attribute name="DerivativeI" value="1.500000" />
  <attribute name="DerivativeH" value="1.500000" />
  <attribute name="Loop Time for DT" value="4.000000" />
  <attribute name="Output H" value="8388608"/>
  <attribute name="Output I" value="200"/>
  <attribute name="Output T" value="4"/>
  <attribute name="Target GC Util Change" value ="20.000000" />
  <attribute name="Current GC Util Change" value="42.000000"/>
  <attribute name="GC Util currently" value="42" />
  <attribute name="CPU Util currently" value="1188489115444" />
<allocation-satisfied id="3543" threadId="00000000025E0800" bytesRequested="104" />
<af-end id="3544" timestamp="2019-06-14T19:07:55.527" threadId="00000000025E1188" success="true" from="nursery"/>
<exclusive-end id="3545" timestamp="2019-06-14T19:07:55.527" durationms="1.304" />

<exclusive-start id="3546" timestamp="2019-06-14T19:07:55.530" intervalms="3.740">
  <response-info timems="0.050" idlems="0.050" threads="0" lastid="00000000025E0800" lastname="PmdThread 2" />
</exclusive-start>
<af-start id="3547" threadId="00000000025E1188" totalBytesRequested="152" timestamp="2019-06-14T19:07:55.530" intervalms="3.732" type="nursery" />
<cycle-start id="3548" type="scavenge" contextid="0" timestamp="2019-06-14T19:07:55.530" intervalms="3.729" />
<gc-start id="3549" type="scavenge" contextid="3548" timestamp="2019-06-14T19:07:55.530">
  <mem-info id="3550" free="2040749736" total="2092630016" percent="97">
    <mem type="nursery" free="0" total="2097152" percent="0">
      <mem type="allocate" free="0" total="1769472" percent="0" />
      <mem type="survivor" free="0" total="327680" percent="0" />
    </mem>
    <mem type="tenure" free="2040749736" total="2090532864" percent="97">
      <mem type="soa" free="1936223912" total="1986007040" percent="97" />
      <mem type="loa" free="104525824" total="104525824" percent="100" />
    </mem>
    <remembered-set count="315" />
  </mem-info>
</gc-start>
<allocation-stats totalBytes="1650416" >
  <allocated-bytes non-tlh="104" tlh="1650312" />
  <largest-consumer threadName="PmdThread 2" threadId="00000000025E0800" bytes="974664" />
</allocation-stats>
<gc-op id="3551" type="scavenge" timems="0.742" contextid="3548" timestamp="2019-06-14T19:07:55.531">
  <scavenger-info tenureage="5" tenuremask="7820" tiltratio="84" />
  <memory-copied type="nursery" objects="393" bytes="13808" bytesdiscarded="103696" />
  <memory-copied type="tenure" objects="45" bytes="1456" bytesdiscarded="0" />
  <references type="weak" candidates="134" cleared="134" enqueued="134" />
</gc-op>
<gc-end id="3552" type="scavenge" contextid="3548" durationms="0.926" usertimems="0.000" systemtimems="0.000" timestamp="2019-06-14T19:07:55.531" activeThreads="4">
  <mem-info id="3553" free="2042467240" total="2092630016" percent="97">
    <mem type="nursery" free="1717504" total="2097152" percent="81">
      <mem type="allocate" free="1717504" total="1835008" percent="93" />
      <mem type="survivor" free="0" total="262144" percent="0" />
    </mem>
    <mem type="tenure" free="2040749736" total="2090532864" percent="97">
      <mem type="soa" free="1936223912" total="1986007040" percent="97" />
      <mem type="loa" free="104525824" total="104525824" percent="100" />
    </mem>
    <pending-finalizers system="0" default="0" reference="134" classloader="0" />
    <remembered-set count="87" />
  </mem-info>
</gc-end>
<cycle-end id="3554" type="scavenge" contextid="3548" timestamp="2019-06-14T19:07:55.531" />
  <attribute name="elasticGC enabled" value="1" />
  <attribute name= "numThreadsSpecified" value="4" />
  <attribute name="heapSize specified" value="8388608" />
  <attribute name="Current GC Util" value="45" />
  <attribute name= "Current Time Running" value="3520" />
  <attribute name ="GC Interval" value="200" />
  <attribute name="ProportionalT" value="12.500000" />
  <attribute name="ProportionalI" value="12.500000" />
  <attribute name="ProportionalH" value="12.500000" />
  <attribute name="Current Error" value="25.000000" />
  <attribute name="IntegralT" value="100.000000" />
  <attribute name="IntegralI" value="100.000000" />
  <attribute name="IntegralH" value="100.000000" />
  <attribute name="DerivativeT" value="0.375000" />
  <attribute name="DerivativeI" value="0.375000" />
  <attribute name="DerivativeH" value="0.375000" />
  <attribute name="Loop Time for DT" value="4.000000" />
  <attribute name="Output H" value="8388608"/>
  <attribute name="Output I" value="200"/>
  <attribute name="Output T" value="4"/>
  <attribute name="Target GC Util Change" value ="20.000000" />
  <attribute name="Current GC Util Change" value="45.000000"/>
  <attribute name="GC Util currently" value="45" />
  <attribute name="CPU Util currently" value="1237522895180" />
<allocation-satisfied id="3555" threadId="00000000025E0800" bytesRequested="152" />
<af-end id="3556" timestamp="2019-06-14T19:07:55.531" threadId="00000000025E1188" success="true" from="nursery"/>
<exclusive-end id="3557" timestamp="2019-06-14T19:07:55.531" durationms="1.335" />

<exclusive-start id="3558" timestamp="2019-06-14T19:07:55.535" intervalms="5.354">
  <response-info timems="0.039" idlems="0.039" threads="0" lastid="00000000025E0800" lastname="PmdThread 2" />
</exclusive-start>
<af-start id="3559" threadId="00000000025E1188" totalBytesRequested="72" timestamp="2019-06-14T19:07:55.535" intervalms="5.412" type="nursery" />
<cycle-start id="3560" type="scavenge" contextid="0" timestamp="2019-06-14T19:07:55.535" intervalms="5.414" />
<gc-start id="3561" type="scavenge" contextid="3560" timestamp="2019-06-14T19:07:55.535">
  <mem-info id="3562" free="2040749736" total="2092630016" percent="97">
    <mem type="nursery" free="0" total="2097152" percent="0">
      <mem type="allocate" free="0" total="1835008" percent="0" />
      <mem type="survivor" free="0" total="262144" percent="0" />
    </mem>
    <mem type="tenure" free="2040749736" total="2090532864" percent="97">
      <mem type="soa" free="1936223912" total="1986007040" percent="97" />
      <mem type="loa" free="104525824" total="104525824" percent="100" />
    </mem>
    <remembered-set count="451" />
  </mem-info>
</gc-start>
<allocation-stats totalBytes="1715800" >
  <allocated-bytes non-tlh="152" tlh="1715648" />
  <largest-consumer threadName="PmdThread 2" threadId="00000000025E0800" bytes="1670744" />
</allocation-stats>
<gc-op id="3563" type="scavenge" timems="0.740" contextid="3560" timestamp="2019-06-14T19:07:55.536">
  <scavenger-info tenureage="4" tenuremask="ffb0" tiltratio="87" />
  <memory-copied type="nursery" objects="462" bytes="14896" bytesdiscarded="63440" />
  <memory-copied type="tenure" objects="5" bytes="160" bytesdiscarded="0" />
  <references type="weak" candidates="165" cleared="165" enqueued="165" />
</gc-op>
<gc-end id="3564" type="scavenge" contextid="3560" durationms="0.928" usertimems="0.000" systemtimems="0.000" timestamp="2019-06-14T19:07:55.536" activeThreads="4">
  <mem-info id="3565" free="2042506408" total="2092630016" percent="97">
    <mem type="nursery" free="1756672" total="2097152" percent="83">
      <mem type="allocate" free="1756672" total="1835008" percent="95" />
      <mem type="survivor" free="0" total="262144" percent="0" />
    </mem>
    <mem type="tenure" free="2040749736" total="2090532864" percent="97">
      <mem type="soa" free="1936223912" total="1986007040" percent="97" />
      <mem type="loa" free="104525824" total="104525824" percent="100" />
    </mem>
    <pending-finalizers system="0" default="0" reference="165" classloader="0" />
    <remembered-set count="85" />
  </mem-info>
</gc-end>
<cycle-end id="3566" type="scavenge" contextid="3560" timestamp="2019-06-14T19:07:55.536" />
  <attribute name="elasticGC enabled" value="1" />
  <attribute name= "numThreadsSpecified" value="4" />
  <attribute name="heapSize specified" value="8388608" />
  <attribute name="Current GC Util" value="37" />
  <attribute name= "Current Time Running" value="3525" />
  <attribute name ="GC Interval" value="200" />
  <attribute name="ProportionalT" value="8.500000" />
  <attribute name="ProportionalI" value="8.500000" />
  <attribute name="ProportionalH" value="8.500000" />
  <attribute name="Current Error" value="17.000000" />
  <attribute name="IntegralT" value="85.000000" />
  <attribute name="IntegralI" value="85.000000" />
  <attribute name="IntegralH" value="85.000000" />
  <attribute name="DerivativeT" value="-0.800000" />
  <attribute name="DerivativeI" value="-0.800000" />
  <attribute name="DerivativeH" value="-0.800000" />
  <attribute name="Loop Time for DT" value="5.000000" />
  <attribute name="Output H" value="8388608"/>
  <attribute name="Output I" value="200"/>
  <attribute name="Output T" value="4"/>
  <attribute name="Target GC Util Change" value ="20.000000" />
  <attribute name="Current GC Util Change" value="37.000000"/>
  <attribute name="GC Util currently" value="37" />
  <attribute name="CPU Util currently" value="850070809368" />
<allocation-satisfied id="3567" threadId="00000000025E0800" bytesRequested="72" />
<af-end id="3568" timestamp="2019-06-14T19:07:55.536" threadId="00000000025E1188" success="true" from="nursery"/>
<exclusive-end id="3569" timestamp="2019-06-14T19:07:55.536" durationms="1.415" />

<exclusive-start id="3570" timestamp="2019-06-14T19:07:55.541" intervalms="5.483">
  <response-info timems="0.032" idlems="0.032" threads="0" lastid="00000000025E0800" lastname="PmdThread 2" />
</exclusive-start>
<af-start id="3571" threadId="00000000025E1188" totalBytesRequested="976" timestamp="2019-06-14T19:07:55.541" intervalms="5.455" type="nursery" />
<cycle-start id="3572" type="scavenge" contextid="0" timestamp="2019-06-14T19:07:55.541" intervalms="5.491" />
<gc-start id="3573" type="scavenge" contextid="3572" timestamp="2019-06-14T19:07:55.541">
  <mem-info id="3574" free="2040749736" total="2092630016" percent="97">
    <mem type="nursery" free="0" total="2097152" percent="0">
      <mem type="allocate" free="0" total="1835008" percent="0" />
      <mem type="survivor" free="0" total="262144" percent="0" />
    </mem>
    <mem type="tenure" free="2040749736" total="2090532864" percent="97">
      <mem type="soa" free="1936223912" total="1986007040" percent="97" />
      <mem type="loa" free="104525824" total="104525824" percent="100" />
    </mem>
    <remembered-set count="363" />
  </mem-info>
</gc-start>
<allocation-stats totalBytes="1754840" >
  <allocated-bytes non-tlh="72" tlh="1754768" />
  <largest-consumer threadName="PmdThread 2" threadId="00000000025E0800" bytes="1754840" />
</allocation-stats>
<gc-op id="3575" type="scavenge" timems="0.926" contextid="3572" timestamp="2019-06-14T19:07:55.542">
  <scavenger-info tenureage="4" tenuremask="ffb0" tiltratio="87" />
  <memory-copied type="nursery" objects="405" bytes="13416" bytesdiscarded="64920" />
  <references type="weak" candidates="143" cleared="143" enqueued="143" />
</gc-op>
<gc-end id="3576" type="scavenge" contextid="3572" durationms="1.115" usertimems="0.000" systemtimems="0.000" timestamp="2019-06-14T19:07:55.542" activeThreads="4">
  <mem-info id="3577" free="2042506408" total="2092630016" percent="97">
    <mem type="nursery" free="1756672" total="2097152" percent="83">
      <mem type="allocate" free="1756672" total="1835008" percent="95" />
      <mem type="survivor" free="0" total="262144" percent="0" />
    </mem>
    <mem type="tenure" free="2040749736" total="2090532864" percent="97">
      <mem type="soa" free="1936223912" total="1986007040" percent="97" />
      <mem type="loa" free="104525824" total="104525824" percent="100" />
    </mem>
    <pending-finalizers system="0" default="0" reference="143" classloader="0" />
    <remembered-set count="78" />
  </mem-info>
</gc-end>
<cycle-end id="3578" type="scavenge" contextid="3572" timestamp="2019-06-14T19:07:55.542" />
  <attribute name="elasticGC enabled" value="1" />
  <attribute name= "numThreadsSpecified" value="4" />
  <attribute name="heapSize specified" value="8388608" />
  <attribute name="Current GC Util" value="37" />
  <attribute name= "Current Time Running" value="3531" />
  <attribute name ="GC Interval" value="200" />
  <attribute name="ProportionalT" value="8.500000" />
  <attribute name="ProportionalI" value="8.500000" />
  <attribute name="ProportionalH" value="8.500000" />
  <attribute name="Current Error" value="17.000000" />
  <attribute name="IntegralT" value="102.000000" />
  <attribute name="IntegralI" value="102.000000" />
  <attribute name="IntegralH" value="102.000000" />
  <attribute name="DerivativeT" value="0.000000" />
  <attribute name="DerivativeI" value="0.000000" />
  <attribute name="DerivativeH" value="0.000000" />
  <attribute name="Loop Time for DT" value="6.000000" />
  <attribute name="Output H" value="8388608"/>
  <attribute name="Output I" value="200"/>
  <attribute name="Output T" value="4"/>
  <attribute name="Target GC Util Change" value ="20.000000" />
  <attribute name="Current GC Util Change" value="37.000000"/>
  <attribute name="GC Util currently" value="37" />
  <attribute name="CPU Util currently" value="839323260527" />
<allocation-satisfied id="3579" threadId="00000000025E0800" bytesRequested="976" />
<af-end id="3580" timestamp="2019-06-14T19:07:55.542" threadId="00000000025E1188" success="true" from="nursery"/>
<exclusive-end id="3581" timestamp="2019-06-14T19:07:55.542" durationms="1.681" />

<exclusive-start id="3582" timestamp="2019-06-14T19:07:55.548" intervalms="7.510">
  <response-info timems="1.548" idlems="0.800" threads="1" lastid="00000000022D3F00" lastname="JIT Compilation Thread-1" />
</exclusive-start>
<af-start id="3583" threadId="00000000025E1188" totalBytesRequested="792" timestamp="2019-06-14T19:07:55.548" intervalms="7.558" type="nursery" />
<cycle-start id="3584" type="scavenge" contextid="0" timestamp="2019-06-14T19:07:55.548" intervalms="7.559" />
<gc-start id="3585" type="scavenge" contextid="3584" timestamp="2019-06-14T19:07:55.548">
  <mem-info id="3586" free="2040749736" total="2092630016" percent="97">
    <mem type="nursery" free="0" total="2097152" percent="0">
      <mem type="allocate" free="0" total="1835008" percent="0" />
      <mem type="survivor" free="0" total="262144" percent="0" />
    </mem>
    <mem type="tenure" free="2040749736" total="2090532864" percent="97">
      <mem type="soa" free="1936223912" total="1986007040" percent="97" />
      <mem type="loa" free="104525824" total="104525824" percent="100" />
    </mem>
    <remembered-set count="387" />
  </mem-info>
</gc-start>
<allocation-stats totalBytes="1754768" >
  <allocated-bytes non-tlh="976" tlh="1753792" />
  <largest-consumer threadName="PmdThread 2" threadId="00000000025E0800" bytes="1754768" />
</allocation-stats>
<gc-op id="3587" type="scavenge" timems="0.454" contextid="3584" timestamp="2019-06-14T19:07:55.549">
  <scavenger-info tenureage="4" tenuremask="fff0" tiltratio="87" />
  <memory-copied type="nursery" objects="465" bytes="15840" bytesdiscarded="62496" />
  <references type="weak" candidates="165" cleared="165" enqueued="165" />
</gc-op>
<gc-end id="3588" type="scavenge" contextid="3584" durationms="0.751" usertimems="4.000" systemtimems="0.000" timestamp="2019-06-14T19:07:55.549" activeThreads="4">
  <mem-info id="3589" free="2042506408" total="2092630016" percent="97">
    <mem type="nursery" free="1756672" total="2097152" percent="83">
      <mem type="allocate" free="1756672" total="1835008" percent="95" />
      <mem type="survivor" free="0" total="262144" percent="0" />
    </mem>
    <mem type="tenure" free="2040749736" total="2090532864" percent="97">
      <mem type="soa" free="1936223912" total="1986007040" percent="97" />
      <mem type="loa" free="104525824" total="104525824" percent="100" />
    </mem>
    <pending-finalizers system="0" default="0" reference="165" classloader="0" />
    <remembered-set count="78" />
  </mem-info>
</gc-end>
<cycle-end id="3590" type="scavenge" contextid="3584" timestamp="2019-06-14T19:07:55.549" />
  <attribute name="elasticGC enabled" value="1" />
  <attribute name= "numThreadsSpecified" value="4" />
  <attribute name="heapSize specified" value="8388608" />
  <attribute name="Current GC Util" value="30" />
  <attribute name= "Current Time Running" value="3539" />
  <attribute name ="GC Interval" value="200" />
  <attribute name="ProportionalT" value="5.000000" />
  <attribute name="ProportionalI" value="5.000000" />
  <attribute name="ProportionalH" value="5.000000" />
  <attribute name="Current Error" value="10.000000" />
  <attribute name="IntegralT" value="80.000000" />
  <attribute name="IntegralI" value="80.000000" />
  <attribute name="IntegralH" value="80.000000" />
  <attribute name="DerivativeT" value="-0.437500" />
  <attribute name="DerivativeI" value="-0.437500" />
  <attribute name="DerivativeH" value="-0.437500" />
  <attribute name="Loop Time for DT" value="8.000000" />
  <attribute name="Output H" value="8388608"/>
  <attribute name="Output I" value="200"/>
  <attribute name="Output T" value="4"/>
  <attribute name="Target GC Util Change" value ="20.000000" />
  <attribute name="Current GC Util Change" value="30.000000"/>
  <attribute name="GC Util currently" value="30" />
  <attribute name="CPU Util currently" value="600703020839" />
<allocation-satisfied id="3591" threadId="00000000025E0800" bytesRequested="792" />
<af-end id="3592" timestamp="2019-06-14T19:07:55.549" threadId="00000000025E1188" success="true" from="nursery"/>
<exclusive-end id="3593" timestamp="2019-06-14T19:07:55.549" durationms="1.424" />

<exclusive-start id="3594" timestamp="2019-06-14T19:07:55.554" intervalms="6.080">
  <response-info timems="0.030" idlems="0.030" threads="0" lastid="00000000025E0800" lastname="PmdThread 2" />
</exclusive-start>
<af-start id="3595" threadId="00000000025E1188" totalBytesRequested="808" timestamp="2019-06-14T19:07:55.554" intervalms="6.014" type="nursery" />
<cycle-start id="3596" type="scavenge" contextid="0" timestamp="2019-06-14T19:07:55.554" intervalms="6.015" />
<gc-start id="3597" type="scavenge" contextid="3596" timestamp="2019-06-14T19:07:55.554">
  <mem-info id="3598" free="2040749736" total="2092630016" percent="97">
    <mem type="nursery" free="0" total="2097152" percent="0">
      <mem type="allocate" free="0" total="1835008" percent="0" />
      <mem type="survivor" free="0" total="262144" percent="0" />
    </mem>
    <mem type="tenure" free="2040749736" total="2090532864" percent="97">
      <mem type="soa" free="1936223912" total="1986007040" percent="97" />
      <mem type="loa" free="104525824" total="104525824" percent="100" />
    </mem>
    <remembered-set count="447" />
  </mem-info>
</gc-start>
<allocation-stats totalBytes="1752400" >
  <allocated-bytes non-tlh="792" tlh="1751608" />
  <largest-consumer threadName="PmdThread 2" threadId="00000000025E0800" bytes="1752400" />
</allocation-stats>
<gc-op id="3599" type="scavenge" timems="0.420" contextid="3596" timestamp="2019-06-14T19:07:55.555">
  <scavenger-info tenureage="3" tenuremask="fff8" tiltratio="87" />
  <memory-copied type="nursery" objects="654" bytes="23424" bytesdiscarded="15744" />
  <memory-copied type="tenure" objects="2" bytes="32" bytesdiscarded="0" />
  <references type="weak" candidates="234" cleared="234" enqueued="234" />
</gc-op>
<gc-end id="3600" type="scavenge" contextid="3596" durationms="0.613" usertimems="4.000" systemtimems="0.000" timestamp="2019-06-14T19:07:55.555" activeThreads="1">
  <mem-info id="3601" free="2042545576" total="2092630016" percent="97">
    <mem type="nursery" free="1795840" total="2097152" percent="85">
      <mem type="allocate" free="1795840" total="1835008" percent="97" />
      <mem type="survivor" free="0" total="262144" percent="0" />
    </mem>
    <mem type="tenure" free="2040749736" total="2090532864" percent="97">
      <mem type="soa" free="1936223912" total="1986007040" percent="97" />
      <mem type="loa" free="104525824" total="104525824" percent="100" />
    </mem>
    <pending-finalizers system="0" default="0" reference="234" classloader="0" />
    <remembered-set count="80" />
  </mem-info>
</gc-end>
<cycle-end id="3602" type="scavenge" contextid="3596" timestamp="2019-06-14T19:07:55.555" />
  <attribute name="elasticGC enabled" value="1" />
  <attribute name= "numThreadsSpecified" value="1" />
  <attribute name="heapSize specified" value="8388608" />
  <attribute name="Current GC Util" value="20" />
  <attribute name= "Current Time Running" value="3544" />
  <attribute name ="GC Interval" value="200" />
  <attribute name="ProportionalT" value="0.000000" />
  <attribute name="ProportionalI" value="0.000000" />
  <attribute name="ProportionalH" value="0.000000" />
  <attribute name="Current Error" value="0.000000" />
  <attribute name="IntegralT" value="0.000000" />
  <attribute name="IntegralI" value="0.000000" />
  <attribute name="IntegralH" value="0.000000" />
  <attribute name="DerivativeT" value="-1.000000" />
  <attribute name="DerivativeI" value="-1.000000" />
  <attribute name="DerivativeH" value="-1.000000" />
  <attribute name="Loop Time for DT" value="5.000000" />
  <attribute name="Output H" value="8388608"/>
  <attribute name="Output I" value="200"/>
  <attribute name="Output T" value="1"/>
  <attribute name="Target GC Util Change" value ="20.000000" />
  <attribute name="Current GC Util Change" value="20.000000"/>
  <attribute name="GC Util currently" value="20" />
  <attribute name="CPU Util currently" value="782157918251" />
<allocation-satisfied id="3603" threadId="00000000025E0800" bytesRequested="808" />
<af-end id="3604" timestamp="2019-06-14T19:07:55.555" threadId="00000000025E1188" success="true" from="nursery"/>
<exclusive-end id="3605" timestamp="2019-06-14T19:07:55.555" durationms="1.146" />

<exclusive-start id="3606" timestamp="2019-06-14T19:07:55.560" intervalms="5.794">
  <response-info timems="0.131" idlems="0.131" threads="0" lastid="00000000025E0800" lastname="PmdThread 2" />
</exclusive-start>
<af-start id="3607" threadId="00000000025E1188" totalBytesRequested="1080" timestamp="2019-06-14T19:07:55.560" intervalms="5.777" type="nursery" />
<cycle-start id="3608" type="scavenge" contextid="0" timestamp="2019-06-14T19:07:55.560" intervalms="5.736" />
<gc-start id="3609" type="scavenge" contextid="3608" timestamp="2019-06-14T19:07:55.560">
  <mem-info id="3610" free="2040749736" total="2092630016" percent="97">
    <mem type="nursery" free="0" total="2097152" percent="0">
      <mem type="allocate" free="0" total="1835008" percent="0" />
      <mem type="survivor" free="0" total="262144" percent="0" />
    </mem>
    <mem type="tenure" free="2040749736" total="2090532864" percent="97">
      <mem type="soa" free="1936223912" total="1986007040" percent="97" />
      <mem type="loa" free="104525824" total="104525824" percent="100" />
    </mem>
    <remembered-set count="477" />
  </mem-info>
</gc-start>
<allocation-stats totalBytes="1793720" >
  <allocated-bytes non-tlh="808" tlh="1792912" />
  <largest-consumer threadName="PmdThread 2" threadId="00000000025E0800" bytes="1793720" />
</allocation-stats>
<gc-op id="3611" type="scavenge" timems="0.721" contextid="3608" timestamp="2019-06-14T19:07:55.561">
  <scavenger-info tenureage="4" tenuremask="ffd0" tiltratio="87" />
  <memory-copied type="nursery" objects="466" bytes="17696" bytesdiscarded="60640" />
  <references type="weak" candidates="122" cleared="122" enqueued="122" />
</gc-op>
<gc-end id="3612" type="scavenge" contextid="3608" durationms="0.883" usertimems="4.000" systemtimems="0.000" timestamp="2019-06-14T19:07:55.561" activeThreads="4">
  <mem-info id="3613" free="2042506408" total="2092630016" percent="97">
    <mem type="nursery" free="1756672" total="2097152" percent="83">
      <mem type="allocate" free="1756672" total="1835008" percent="95" />
      <mem type="survivor" free="0" total="262144" percent="0" />
    </mem>
    <mem type="tenure" free="2040749736" total="2090532864" percent="97">
      <mem type="soa" free="1936223912" total="1986007040" percent="97" />
      <mem type="loa" free="104525824" total="104525824" percent="100" />
    </mem>
    <pending-finalizers system="0" default="0" reference="122" classloader="0" />
    <remembered-set count="77" />
  </mem-info>
</gc-end>
<cycle-end id="3614" type="scavenge" contextid="3608" timestamp="2019-06-14T19:07:55.561" />
  <attribute name="elasticGC enabled" value="1" />
  <attribute name= "numThreadsSpecified" value="4" />
  <attribute name="heapSize specified" value="8388608" />
  <attribute name="Current GC Util" value="8" />
  <attribute name= "Current Time Running" value="3550" />
  <attribute name ="GC Interval" value="200" />
  <attribute name="ProportionalT" value="-6.000000" />
  <attribute name="ProportionalI" value="-6.000000" />
  <attribute name="ProportionalH" value="-6.000000" />
  <attribute name="Current Error" value="-12.000000" />
  <attribute name="IntegralT" value="-72.000000" />
  <attribute name="IntegralI" value="-72.000000" />
  <attribute name="IntegralH" value="-72.000000" />
  <attribute name="DerivativeT" value="-1.000000" />
  <attribute name="DerivativeI" value="-1.000000" />
  <attribute name="DerivativeH" value="-1.000000" />
  <attribute name="Loop Time for DT" value="6.000000" />
  <attribute name="Output H" value="2092630016"/>
  <attribute name="Output I" value="200"/>
  <attribute name="Output T" value="4"/>
  <attribute name="Target GC Util Change" value ="20.000000" />
  <attribute name="Current GC Util Change" value="8.000000"/>
  <attribute name="GC Util currently" value="8" />
  <attribute name="CPU Util currently" value="807345522987" />
<allocation-satisfied id="3615" threadId="00000000025E0800" bytesRequested="1080" />
<af-end id="3616" timestamp="2019-06-14T19:07:55.561" threadId="00000000025E1188" success="true" from="nursery"/>
<exclusive-end id="3617" timestamp="2019-06-14T19:07:55.561" durationms="1.314" />

<exclusive-start id="3618" timestamp="2019-06-14T19:07:55.565" intervalms="5.503">
  <response-info timems="0.031" idlems="0.031" threads="0" lastid="00000000025E0800" lastname="PmdThread 2" />
</exclusive-start>
<af-start id="3619" threadId="00000000025E1188" totalBytesRequested="104" timestamp="2019-06-14T19:07:55.566" intervalms="5.506" type="nursery" />
<cycle-start id="3620" type="scavenge" contextid="0" timestamp="2019-06-14T19:07:55.566" intervalms="5.507" />
<gc-start id="3621" type="scavenge" contextid="3620" timestamp="2019-06-14T19:07:55.566">
  <mem-info id="3622" free="2040749736" total="2092630016" percent="97">
    <mem type="nursery" free="0" total="2097152" percent="0">
      <mem type="allocate" free="0" total="1835008" percent="0" />
      <mem type="survivor" free="0" total="262144" percent="0" />
    </mem>
    <mem type="tenure" free="2040749736" total="2090532864" percent="97">
      <mem type="soa" free="1936223912" total="1986007040" percent="97" />
      <mem type="loa" free="104525824" total="104525824" percent="100" />
    </mem>
    <remembered-set count="403" />
  </mem-info>
</gc-start>
<allocation-stats totalBytes="1753584" >
  <allocated-bytes non-tlh="1080" tlh="1752504" />
  <largest-consumer threadName="PmdThread 2" threadId="00000000025E0800" bytes="1753584" />
</allocation-stats>
<gc-op id="3623" type="scavenge" timems="0.547" contextid="3620" timestamp="2019-06-14T19:07:55.566">
  <scavenger-info tenureage="3" tenuremask="fff8" tiltratio="87" />
  <memory-copied type="nursery" objects="606" bytes="21480" bytesdiscarded="97568" />
  <references type="weak" candidates="166" cleared="166" enqueued="166" />
</gc-op>
<gc-end id="3624" type="scavenge" contextid="3620" durationms="0.732" usertimems="0.000" systemtimems="4.000" timestamp="2019-06-14T19:07:55.566" activeThreads="4">
  <mem-info id="3625" free="2042465696" total="2092630016" percent="97">
    <mem type="nursery" free="1715960" total="2097152" percent="81">
      <mem type="allocate" free="1715960" total="1835008" percent="93" />
      <mem type="survivor" free="0" total="262144" percent="0" />
    </mem>
    <mem type="tenure" free="2040749736" total="2090532864" percent="97">
      <mem type="soa" free="1936223912" total="1986007040" percent="97" />
      <mem type="loa" free="104525824" total="104525824" percent="100" />
    </mem>
    <pending-finalizers system="0" default="0" reference="166" classloader="0" />
    <remembered-set count="77" />
  </mem-info>
</gc-end>
<cycle-end id="3626" type="scavenge" contextid="3620" timestamp="2019-06-14T19:07:55.566" />
  <attribute name="elasticGC enabled" value="1" />
  <attribute name= "numThreadsSpecified" value="4" />
  <attribute name="heapSize specified" value="8388608" />
  <attribute name="Current GC Util" value="45" />
  <attribute name= "Current Time Running" value="3556" />
  <attribute name ="GC Interval" value="200" />
  <attribute name="ProportionalT" value="12.500000" />
  <attribute name="ProportionalI" value="12.500000" />
  <attribute name="ProportionalH" value="12.500000" />
  <attribute name="Current Error" value="25.000000" />
  <attribute name="IntegralT" value="150.000000" />
  <attribute name="IntegralI" value="150.000000" />
  <attribute name="IntegralH" value="150.000000" />
  <attribute name="DerivativeT" value="2.083333" />
  <attribute name="DerivativeI" value="2.083333" />
  <attribute name="DerivativeH" value="2.083333" />
  <attribute name="Loop Time for DT" value="6.000000" />
  <attribute name="Output H" value="8388608"/>
  <attribute name="Output I" value="200"/>
  <attribute name="Output T" value="4"/>
  <attribute name="Target GC Util Change" value ="20.000000" />
  <attribute name="Current GC Util Change" value="45.000000"/>
  <attribute name="GC Util currently" value="45" />
  <attribute name="CPU Util currently" value="835028006609" />
<allocation-satisfied id="3627" threadId="00000000025E0800" bytesRequested="104" />
<af-end id="3628" timestamp="2019-06-14T19:07:55.567" threadId="00000000025E1188" success="true" from="nursery"/>
<exclusive-end id="3629" timestamp="2019-06-14T19:07:55.567" durationms="1.163" />

<exclusive-start id="3630" timestamp="2019-06-14T19:07:55.571" intervalms="5.397">
  <response-info timems="0.160" idlems="0.160" threads="0" lastid="00000000025E0800" lastname="PmdThread 2" />
</exclusive-start>
<af-start id="3631" threadId="00000000025E1188" totalBytesRequested="760" timestamp="2019-06-14T19:07:55.571" intervalms="5.399" type="nursery" />
<cycle-start id="3632" type="scavenge" contextid="0" timestamp="2019-06-14T19:07:55.571" intervalms="5.376" />
<gc-start id="3633" type="scavenge" contextid="3632" timestamp="2019-06-14T19:07:55.571">
  <mem-info id="3634" free="2040749736" total="2092630016" percent="97">
    <mem type="nursery" free="0" total="2097152" percent="0">
      <mem type="allocate" free="0" total="1835008" percent="0" />
      <mem type="survivor" free="0" total="262144" percent="0" />
    </mem>
    <mem type="tenure" free="2040749736" total="2090532864" percent="97">
      <mem type="soa" free="1936223912" total="1986007040" percent="97" />
      <mem type="loa" free="104525824" total="104525824" percent="100" />
    </mem>
    <remembered-set count="388" />
  </mem-info>
</gc-start>
<allocation-stats totalBytes="1713880" >
  <allocated-bytes non-tlh="104" tlh="1713776" />
  <largest-consumer threadName="PmdThread 2" threadId="00000000025E0800" bytes="1713880" />
</allocation-stats>
<gc-op id="3635" type="scavenge" timems="0.397" contextid="3632" timestamp="2019-06-14T19:07:55.572">
  <scavenger-info tenureage="4" tenuremask="fff0" tiltratio="87" />
  <memory-copied type="nursery" objects="501" bytes="18496" bytesdiscarded="100552" />
  <references type="weak" candidates="130" cleared="130" enqueued="130" />
</gc-op>
<gc-end id="3636" type="scavenge" contextid="3632" durationms="0.597" usertimems="0.000" systemtimems="0.000" timestamp="2019-06-14T19:07:55.572" activeThreads="4">
  <mem-info id="3637" free="2042465696" total="2092630016" percent="97">
    <mem type="nursery" free="1715960" total="2097152" percent="81">
      <mem type="allocate" free="1715960" total="1835008" percent="93" />
      <mem type="survivor" free="0" total="262144" percent="0" />
    </mem>
    <mem type="tenure" free="2040749736" total="2090532864" percent="97">
      <mem type="soa" free="1936223912" total="1986007040" percent="97" />
      <mem type="loa" free="104525824" total="104525824" percent="100" />
    </mem>
    <pending-finalizers system="0" default="0" reference="130" classloader="0" />
    <remembered-set count="77" />
  </mem-info>
</gc-end>
<cycle-end id="3638" type="scavenge" contextid="3632" timestamp="2019-06-14T19:07:55.572" />
  <attribute name="elasticGC enabled" value="1" />
  <attribute name= "numThreadsSpecified" value="4" />
  <attribute name="heapSize specified" value="8388608" />
  <attribute name="Current GC Util" value="28" />
  <attribute name= "Current Time Running" value="3561" />
  <attribute name ="GC Interval" value="200" />
  <attribute name="ProportionalT" value="4.000000" />
  <attribute name="ProportionalI" value="4.000000" />
  <attribute name="ProportionalH" value="4.000000" />
  <attribute name="Current Error" value="8.000000" />
  <attribute name="IntegralT" value="40.000000" />
  <attribute name="IntegralI" value="40.000000" />
  <attribute name="IntegralH" value="40.000000" />
  <attribute name="DerivativeT" value="-1.700000" />
  <attribute name="DerivativeI" value="-1.700000" />
  <attribute name="DerivativeH" value="-1.700000" />
  <attribute name="Loop Time for DT" value="5.000000" />
  <attribute name="Output H" value="8388608"/>
  <attribute name="Output I" value="200"/>
  <attribute name="Output T" value="4"/>
  <attribute name="Target GC Util Change" value ="20.000000" />
  <attribute name="Current GC Util Change" value="28.000000"/>
  <attribute name="GC Util currently" value="28" />
  <attribute name="CPU Util currently" value="856347887096" />
<allocation-satisfied id="3639" threadId="00000000025E0800" bytesRequested="760" />
<af-end id="3640" timestamp="2019-06-14T19:07:55.572" threadId="00000000025E1188" success="true" from="nursery"/>
<exclusive-end id="3641" timestamp="2019-06-14T19:07:55.572" durationms="1.001" />

<exclusive-start id="3642" timestamp="2019-06-14T19:07:55.576" intervalms="5.114">
  <response-info timems="0.049" idlems="0.049" threads="0" lastid="00000000025E0800" lastname="PmdThread 2" />
</exclusive-start>
<af-start id="3643" threadId="00000000025E1188" totalBytesRequested="40" timestamp="2019-06-14T19:07:55.576" intervalms="5.145" type="nursery" />
<cycle-start id="3644" type="scavenge" contextid="0" timestamp="2019-06-14T19:07:55.576" intervalms="5.203" />
<gc-start id="3645" type="scavenge" contextid="3644" timestamp="2019-06-14T19:07:55.576">
  <mem-info id="3646" free="2040749736" total="2092630016" percent="97">
    <mem type="nursery" free="0" total="2097152" percent="0">
      <mem type="allocate" free="0" total="1835008" percent="0" />
      <mem type="survivor" free="0" total="262144" percent="0" />
    </mem>
    <mem type="tenure" free="2040749736" total="2090532864" percent="97">
      <mem type="soa" free="1936223912" total="1986007040" percent="97" />
      <mem type="loa" free="104525824" total="104525824" percent="100" />
    </mem>
    <remembered-set count="838" />
  </mem-info>
</gc-start>
<allocation-stats totalBytes="1712184" >
  <allocated-bytes non-tlh="760" tlh="1711424" />
  <largest-consumer threadName="PmdThread 2" threadId="00000000025E0800" bytes="1712184" />
</allocation-stats>
<gc-op id="3647" type="scavenge" timems="0.397" contextid="3644" timestamp="2019-06-14T19:07:55.577">
  <scavenger-info tenureage="3" tenuremask="fff8" tiltratio="87" />
  <memory-copied type="nursery" objects="116" bytes="4320" bytesdiscarded="34848" />
  <memory-copied type="tenure" objects="136" bytes="6128" bytesdiscarded="0" />
  <references type="weak" candidates="39" cleared="39" enqueued="39" />
</gc-op>
<gc-end id="3648" type="scavenge" contextid="3644" durationms="0.587" usertimems="0.000" systemtimems="0.000" timestamp="2019-06-14T19:07:55.577" activeThreads="1">
  <mem-info id="3649" free="2042545576" total="2092630016" percent="97">
    <mem type="nursery" free="1795840" total="2097152" percent="85">
      <mem type="allocate" free="1795840" total="1835008" percent="97" />
      <mem type="survivor" free="0" total="262144" percent="0" />
    </mem>
    <mem type="tenure" free="2040749736" total="2090532864" percent="97">
      <mem type="soa" free="1936223912" total="1986007040" percent="97" />
      <mem type="loa" free="104525824" total="104525824" percent="100" />
    </mem>
    <pending-finalizers system="0" default="0" reference="39" classloader="0" />
    <remembered-set count="76" />
  </mem-info>
</gc-end>
<cycle-end id="3650" type="scavenge" contextid="3644" timestamp="2019-06-14T19:07:55.577" />
  <attribute name="elasticGC enabled" value="1" />
  <attribute name= "numThreadsSpecified" value="1" />
  <attribute name="heapSize specified" value="8388608" />
  <attribute name="Current GC Util" value="20" />
  <attribute name= "Current Time Running" value="3566" />
  <attribute name ="GC Interval" value="200" />
  <attribute name="ProportionalT" value="0.000000" />
  <attribute name="ProportionalI" value="0.000000" />
  <attribute name="ProportionalH" value="0.000000" />
  <attribute name="Current Error" value="0.000000" />
  <attribute name="IntegralT" value="0.000000" />
  <attribute name="IntegralI" value="0.000000" />
  <attribute name="IntegralH" value="0.000000" />
  <attribute name="DerivativeT" value="-0.800000" />
  <attribute name="DerivativeI" value="-0.800000" />
  <attribute name="DerivativeH" value="-0.800000" />
  <attribute name="Loop Time for DT" value="5.000000" />
  <attribute name="Output H" value="8388608"/>
  <attribute name="Output I" value="200"/>
  <attribute name="Output T" value="1"/>
  <attribute name="Target GC Util Change" value ="20.000000" />
  <attribute name="Current GC Util Change" value="20.000000"/>
  <attribute name="GC Util currently" value="20" />
  <attribute name="CPU Util currently" value="881613867526" />
<allocation-satisfied id="3651" threadId="00000000025E0800" bytesRequested="40" />
<af-end id="3652" timestamp="2019-06-14T19:07:55.577" threadId="00000000025E1188" success="true" from="nursery"/>
<exclusive-end id="3653" timestamp="2019-06-14T19:07:55.577" durationms="1.121" />

<exclusive-start id="3654" timestamp="2019-06-14T19:07:55.582" intervalms="5.782">
  <response-info timems="0.048" idlems="0.048" threads="0" lastid="00000000025E0800" lastname="PmdThread 2" />
</exclusive-start>
<af-start id="3655" threadId="00000000025E1188" totalBytesRequested="40" timestamp="2019-06-14T19:07:55.582" intervalms="5.765" type="nursery" />
<cycle-start id="3656" type="scavenge" contextid="0" timestamp="2019-06-14T19:07:55.582" intervalms="5.766" />
<gc-start id="3657" type="scavenge" contextid="3656" timestamp="2019-06-14T19:07:55.582">
  <mem-info id="3658" free="2040749736" total="2092630016" percent="97">
    <mem type="nursery" free="0" total="2097152" percent="0">
      <mem type="allocate" free="0" total="1835008" percent="0" />
      <mem type="survivor" free="0" total="262144" percent="0" />
    </mem>
    <mem type="tenure" free="2040749736" total="2090532864" percent="97">
      <mem type="soa" free="1936223912" total="1986007040" percent="97" />
      <mem type="loa" free="104525824" total="104525824" percent="100" />
    </mem>
    <remembered-set count="1083" />
  </mem-info>
</gc-start>
<allocation-stats totalBytes="1793512" >
  <allocated-bytes non-tlh="40" tlh="1793472" />
  <largest-consumer threadName="PmdThread 2" threadId="00000000025E0800" bytes="1793512" />
</allocation-stats>
<gc-op id="3659" type="scavenge" timems="0.696" contextid="3656" timestamp="2019-06-14T19:07:55.583">
  <scavenger-info tenureage="3" tenuremask="ffd8" tiltratio="87" />
  <memory-copied type="nursery" objects="465" bytes="15016" bytesdiscarded="63320" />
  <references type="weak" candidates="165" cleared="165" enqueued="165" />
</gc-op>
<gc-end id="3660" type="scavenge" contextid="3656" durationms="0.968" usertimems="4.000" systemtimems="0.000" timestamp="2019-06-14T19:07:55.583" activeThreads="4">
  <mem-info id="3661" free="2042506408" total="2092630016" percent="97">
    <mem type="nursery" free="1756672" total="2097152" percent="83">
      <mem type="allocate" free="1756672" total="1835008" percent="95" />
      <mem type="survivor" free="0" total="262144" percent="0" />
    </mem>
    <mem type="tenure" free="2040749736" total="2090532864" percent="97">
      <mem type="soa" free="1936223912" total="1986007040" percent="97" />
      <mem type="loa" free="104525824" total="104525824" percent="100" />
    </mem>
    <pending-finalizers system="0" default="0" reference="165" classloader="0" />
    <remembered-set count="76" />
  </mem-info>
</gc-end>
<cycle-end id="3662" type="scavenge" contextid="3656" timestamp="2019-06-14T19:07:55.583" />
  <attribute name="elasticGC enabled" value="1" />
  <attribute name= "numThreadsSpecified" value="4" />
  <attribute name="heapSize specified" value="8388608" />
  <attribute name="Current GC Util" value="7" />
  <attribute name= "Current Time Running" value="3572" />
  <attribute name ="GC Interval" value="200" />
  <attribute name="ProportionalT" value="-6.500000" />
  <attribute name="ProportionalI" value="-6.500000" />
  <attribute name="ProportionalH" value="-6.500000" />
  <attribute name="Current Error" value="-13.000000" />
  <attribute name="IntegralT" value="-78.000000" />
  <attribute name="IntegralI" value="-78.000000" />
  <attribute name="IntegralH" value="-78.000000" />
  <attribute name="DerivativeT" value="-1.083333" />
  <attribute name="DerivativeI" value="-1.083333" />
  <attribute name="DerivativeH" value="-1.083333" />
  <attribute name="Loop Time for DT" value="6.000000" />
  <attribute name="Output H" value="2092630016"/>
  <attribute name="Output I" value="200"/>
  <attribute name="Output T" value="4"/>
  <attribute name="Target GC Util Change" value ="20.000000" />
  <attribute name="Current GC Util Change" value="7.000000"/>
  <attribute name="GC Util currently" value="7" />
  <attribute name="CPU Util currently" value="787749960644" />
<allocation-satisfied id="3663" threadId="00000000025E0800" bytesRequested="40" />
<af-end id="3664" timestamp="2019-06-14T19:07:55.583" threadId="00000000025E1188" success="true" from="nursery"/>
<exclusive-end id="3665" timestamp="2019-06-14T19:07:55.583" durationms="1.516" />

<exclusive-start id="3666" timestamp="2019-06-14T19:07:55.588" intervalms="6.588">
  <response-info timems="0.033" idlems="0.033" threads="0" lastid="00000000025E0800" lastname="PmdThread 2" />
</exclusive-start>
<af-start id="3667" threadId="00000000025E1188" totalBytesRequested="136" timestamp="2019-06-14T19:07:55.588" intervalms="6.604" type="nursery" />
<cycle-start id="3668" type="scavenge" contextid="0" timestamp="2019-06-14T19:07:55.589" intervalms="6.608" />
<gc-start id="3669" type="scavenge" contextid="3668" timestamp="2019-06-14T19:07:55.589">
  <mem-info id="3670" free="2040749736" total="2092630016" percent="97">
    <mem type="nursery" free="0" total="2097152" percent="0">
      <mem type="allocate" free="0" total="1835008" percent="0" />
      <mem type="survivor" free="0" total="262144" percent="0" />
    </mem>
    <mem type="tenure" free="2040749736" total="2090532864" percent="97">
      <mem type="soa" free="1936223912" total="1986007040" percent="97" />
      <mem type="loa" free="104525824" total="104525824" percent="100" />
    </mem>
    <remembered-set count="1175" />
  </mem-info>
</gc-start>
<allocation-stats totalBytes="1753720" >
  <allocated-bytes non-tlh="40" tlh="1753680" />
  <largest-consumer threadName="PmdThread 2" threadId="00000000025E0800" bytes="1753720" />
</allocation-stats>
<gc-op id="3671" type="scavenge" timems="0.636" contextid="3668" timestamp="2019-06-14T19:07:55.589">
  <scavenger-info tenureage="14" tenuremask="4000" tiltratio="87" />
  <memory-copied type="nursery" objects="305" bytes="10560" bytesdiscarded="67768" />
  <references type="weak" candidates="106" cleared="105" enqueued="105" />
</gc-op>
<gc-end id="3672" type="scavenge" contextid="3668" durationms="0.826" usertimems="0.000" systemtimems="0.000" timestamp="2019-06-14T19:07:55.589" activeThreads="4">
  <mem-info id="3673" free="2042506408" total="2092630016" percent="97">
    <mem type="nursery" free="1756672" total="2097152" percent="83">
      <mem type="allocate" free="1756672" total="1835008" percent="95" />
      <mem type="survivor" free="0" total="262144" percent="0" />
    </mem>
    <mem type="tenure" free="2040749736" total="2090532864" percent="97">
      <mem type="soa" free="1936223912" total="1986007040" percent="97" />
      <mem type="loa" free="104525824" total="104525824" percent="100" />
    </mem>
    <pending-finalizers system="0" default="0" reference="105" classloader="0" />
    <remembered-set count="76" />
  </mem-info>
</gc-end>
<cycle-end id="3674" type="scavenge" contextid="3668" timestamp="2019-06-14T19:07:55.590" />
  <attribute name="elasticGC enabled" value="1" />
  <attribute name= "numThreadsSpecified" value="4" />
  <attribute name="heapSize specified" value="8388608" />
  <attribute name="Current GC Util" value="30" />
  <attribute name= "Current Time Running" value="3579" />
  <attribute name ="GC Interval" value="200" />
  <attribute name="ProportionalT" value="5.000000" />
  <attribute name="ProportionalI" value="5.000000" />
  <attribute name="ProportionalH" value="5.000000" />
  <attribute name="Current Error" value="10.000000" />
  <attribute name="IntegralT" value="70.000000" />
  <attribute name="IntegralI" value="70.000000" />
  <attribute name="IntegralH" value="70.000000" />
  <attribute name="DerivativeT" value="0.714286" />
  <attribute name="DerivativeI" value="0.714286" />
  <attribute name="DerivativeH" value="0.714286" />
  <attribute name="Loop Time for DT" value="7.000000" />
  <attribute name="Output H" value="8388608"/>
  <attribute name="Output I" value="200"/>
  <attribute name="Output T" value="4"/>
  <attribute name="Target GC Util Change" value ="20.000000" />
  <attribute name="Current GC Util Change" value="30.000000"/>
  <attribute name="GC Util currently" value="30" />
  <attribute name="CPU Util currently" value="706522757503" />
<allocation-satisfied id="3675" threadId="00000000025E0800" bytesRequested="136" />
<af-end id="3676" timestamp="2019-06-14T19:07:55.590" threadId="00000000025E1188" success="true" from="nursery"/>
<exclusive-end id="3677" timestamp="2019-06-14T19:07:55.590" durationms="1.439" />

<exclusive-start id="3678" timestamp="2019-06-14T19:07:55.594" intervalms="6.159">
  <response-info timems="0.035" idlems="0.035" threads="0" lastid="00000000025E0800" lastname="PmdThread 2" />
</exclusive-start>
<af-start id="3679" threadId="00000000025E1188" totalBytesRequested="24" timestamp="2019-06-14T19:07:55.595" intervalms="6.140" type="nursery" />
<cycle-start id="3680" type="scavenge" contextid="0" timestamp="2019-06-14T19:07:55.595" intervalms="6.140" />
<gc-start id="3681" type="scavenge" contextid="3680" timestamp="2019-06-14T19:07:55.595">
  <mem-info id="3682" free="2040749736" total="2092630016" percent="97">
    <mem type="nursery" free="0" total="2097152" percent="0">
      <mem type="allocate" free="0" total="1835008" percent="0" />
      <mem type="survivor" free="0" total="262144" percent="0" />
    </mem>
    <mem type="tenure" free="2040749736" total="2090532864" percent="97">
      <mem type="soa" free="1936223912" total="1986007040" percent="97" />
      <mem type="loa" free="104525824" total="104525824" percent="100" />
    </mem>
    <remembered-set count="1023" />
  </mem-info>
</gc-start>
<allocation-stats totalBytes="1754328" >
  <allocated-bytes non-tlh="136" tlh="1754192" />
  <largest-consumer threadName="PmdThread 2" threadId="00000000025E0800" bytes="1754328" />
</allocation-stats>
<gc-op id="3683" type="scavenge" timems="0.684" contextid="3680" timestamp="2019-06-14T19:07:55.596">
  <scavenger-info tenureage="14" tenuremask="4000" tiltratio="87" />
  <memory-copied type="nursery" objects="521" bytes="16624" bytesdiscarded="61712" />
  <references type="weak" candidates="183" cleared="183" enqueued="183" />
</gc-op>
<gc-end id="3684" type="scavenge" contextid="3680" durationms="0.902" usertimems="0.000" systemtimems="0.000" timestamp="2019-06-14T19:07:55.596" activeThreads="4">
  <mem-info id="3685" free="2042506408" total="2092630016" percent="97">
    <mem type="nursery" free="1756672" total="2097152" percent="83">
      <mem type="allocate" free="1756672" total="1835008" percent="95" />
      <mem type="survivor" free="0" total="262144" percent="0" />
    </mem>
    <mem type="tenure" free="2040749736" total="2090532864" percent="97">
      <mem type="soa" free="1936223912" total="1986007040" percent="97" />
      <mem type="loa" free="104525824" total="104525824" percent="100" />
    </mem>
    <pending-finalizers system="0" default="0" reference="183" classloader="0" />
    <remembered-set count="76" />
  </mem-info>
</gc-end>
<cycle-end id="3686" type="scavenge" contextid="3680" timestamp="2019-06-14T19:07:55.596" />
  <attribute name="elasticGC enabled" value="1" />
  <attribute name= "numThreadsSpecified" value="4" />
  <attribute name="heapSize specified" value="8388608" />
  <attribute name="Current GC Util" value="24" />
  <attribute name= "Current Time Running" value="3585" />
  <attribute name ="GC Interval" value="200" />
  <attribute name="ProportionalT" value="2.000000" />
  <attribute name="ProportionalI" value="2.000000" />
  <attribute name="ProportionalH" value="2.000000" />
  <attribute name="Current Error" value="4.000000" />
  <attribute name="IntegralT" value="24.000000" />
  <attribute name="IntegralI" value="24.000000" />
  <attribute name="IntegralH" value="24.000000" />
  <attribute name="DerivativeT" value="-0.500000" />
  <attribute name="DerivativeI" value="-0.500000" />
  <attribute name="DerivativeH" value="-0.500000" />
  <attribute name="Loop Time for DT" value="6.000000" />
  <attribute name="Output H" value="8388608"/>
  <attribute name="Output I" value="200"/>
  <attribute name="Output T" value="4"/>
  <attribute name="Target GC Util Change" value ="20.000000" />
  <attribute name="Current GC Util Change" value="24.000000"/>
  <attribute name="GC Util currently" value="24" />
  <attribute name="CPU Util currently" value="756305585113" />
<allocation-satisfied id="3687" threadId="00000000025E0800" bytesRequested="24" />
<af-end id="3688" timestamp="2019-06-14T19:07:55.596" threadId="00000000025E1188" success="true" from="nursery"/>
<exclusive-end id="3689" timestamp="2019-06-14T19:07:55.596" durationms="1.506" />

<exclusive-start id="3690" timestamp="2019-06-14T19:07:55.601" intervalms="6.364">
  <response-info timems="0.034" idlems="0.034" threads="0" lastid="00000000025E0800" lastname="PmdThread 2" />
</exclusive-start>
<af-start id="3691" threadId="00000000025E1188" totalBytesRequested="512" timestamp="2019-06-14T19:07:55.601" intervalms="6.391" type="nursery" />
<cycle-start id="3692" type="scavenge" contextid="0" timestamp="2019-06-14T19:07:55.601" intervalms="6.392" />
<gc-start id="3693" type="scavenge" contextid="3692" timestamp="2019-06-14T19:07:55.601">
  <mem-info id="3694" free="2040749736" total="2092630016" percent="97">
    <mem type="nursery" free="0" total="2097152" percent="0">
      <mem type="allocate" free="0" total="1835008" percent="0" />
      <mem type="survivor" free="0" total="262144" percent="0" />
    </mem>
    <mem type="tenure" free="2040749736" total="2090532864" percent="97">
      <mem type="soa" free="1936223912" total="1986007040" percent="97" />
      <mem type="loa" free="104525824" total="104525824" percent="100" />
    </mem>
    <remembered-set count="1299" />
  </mem-info>
</gc-start>
<allocation-stats totalBytes="1753168" >
  <allocated-bytes non-tlh="24" tlh="1753144" />
  <largest-consumer threadName="PmdThread 2" threadId="00000000025E0800" bytes="1753168" />
</allocation-stats>
<gc-op id="3695" type="scavenge" timems="0.618" contextid="3692" timestamp="2019-06-14T19:07:55.602">
  <scavenger-info tenureage="14" tenuremask="4000" tiltratio="87" />
  <memory-copied type="nursery" objects="396" bytes="12712" bytesdiscarded="65624" />
  <references type="weak" candidates="140" cleared="140" enqueued="140" />
</gc-op>
<gc-end id="3696" type="scavenge" contextid="3692" durationms="0.793" usertimems="0.000" systemtimems="0.000" timestamp="2019-06-14T19:07:55.602" activeThreads="4">
  <mem-info id="3697" free="2042506408" total="2092630016" percent="97">
    <mem type="nursery" free="1756672" total="2097152" percent="83">
      <mem type="allocate" free="1756672" total="1835008" percent="95" />
      <mem type="survivor" free="0" total="262144" percent="0" />
    </mem>
    <mem type="tenure" free="2040749736" total="2090532864" percent="97">
      <mem type="soa" free="1936223912" total="1986007040" percent="97" />
      <mem type="loa" free="104525824" total="104525824" percent="100" />
    </mem>
    <pending-finalizers system="0" default="0" reference="140" classloader="0" />
    <remembered-set count="76" />
  </mem-info>
</gc-end>
<cycle-end id="3698" type="scavenge" contextid="3692" timestamp="2019-06-14T19:07:55.602" />
  <attribute name="elasticGC enabled" value="1" />
  <attribute name= "numThreadsSpecified" value="4" />
  <attribute name="heapSize specified" value="8388608" />
  <attribute name="Current GC Util" value="25" />
  <attribute name= "Current Time Running" value="3591" />
  <attribute name ="GC Interval" value="200" />
  <attribute name="ProportionalT" value="2.500000" />
  <attribute name="ProportionalI" value="2.500000" />
  <attribute name="ProportionalH" value="2.500000" />
  <attribute name="Current Error" value="5.000000" />
  <attribute name="IntegralT" value="30.000000" />
  <attribute name="IntegralI" value="30.000000" />
  <attribute name="IntegralH" value="30.000000" />
  <attribute name="DerivativeT" value="0.083333" />
  <attribute name="DerivativeI" value="0.083333" />
  <attribute name="DerivativeH" value="0.083333" />
  <attribute name="Loop Time for DT" value="6.000000" />
  <attribute name="Output H" value="8388608"/>
  <attribute name="Output I" value="200"/>
  <attribute name="Output T" value="4"/>
  <attribute name="Target GC Util Change" value ="20.000000" />
  <attribute name="Current GC Util Change" value="25.000000"/>
  <attribute name="GC Util currently" value="25" />
  <attribute name="CPU Util currently" value="722679611857" />
<allocation-satisfied id="3699" threadId="00000000025E0800" bytesRequested="512" />
<af-end id="3700" timestamp="2019-06-14T19:07:55.602" threadId="00000000025E1188" success="true" from="nursery"/>
<exclusive-end id="3701" timestamp="2019-06-14T19:07:55.602" durationms="1.377" />

<exclusive-start id="3702" timestamp="2019-06-14T19:07:55.614" intervalms="12.744">
  <response-info timems="0.091" idlems="0.091" threads="0" lastid="00000000025E0800" lastname="PmdThread 2" />
</exclusive-start>
<af-start id="3703" threadId="00000000025E1188" totalBytesRequested="16" timestamp="2019-06-14T19:07:55.614" intervalms="12.795" type="nursery" />
<cycle-start id="3704" type="scavenge" contextid="0" timestamp="2019-06-14T19:07:55.614" intervalms="12.854" />
<gc-start id="3705" type="scavenge" contextid="3704" timestamp="2019-06-14T19:07:55.614">
  <mem-info id="3706" free="2040749736" total="2092630016" percent="97">
    <mem type="nursery" free="0" total="2097152" percent="0">
      <mem type="allocate" free="0" total="1835008" percent="0" />
      <mem type="survivor" free="0" total="262144" percent="0" />
    </mem>
    <mem type="tenure" free="2040749736" total="2090532864" percent="97">
      <mem type="soa" free="1936223912" total="1986007040" percent="97" />
      <mem type="loa" free="104525824" total="104525824" percent="100" />
    </mem>
    <remembered-set count="933" />
  </mem-info>
</gc-start>
<allocation-stats totalBytes="1753904" >
  <allocated-bytes non-tlh="512" tlh="1753392" />
  <largest-consumer threadName="PmdThread 2" threadId="00000000025E0800" bytes="1753904" />
</allocation-stats>
<gc-op id="3707" type="scavenge" timems="1.034" contextid="3704" timestamp="2019-06-14T19:07:55.615">
  <scavenger-info tenureage="14" tenuremask="4000" tiltratio="87" />
  <memory-copied type="nursery" objects="392" bytes="76704" bytesdiscarded="75264" />
  <references type="weak" candidates="117" cleared="117" enqueued="117" />
</gc-op>
<gc-end id="3708" type="scavenge" contextid="3704" durationms="1.485" usertimems="4.000" systemtimems="0.000" timestamp="2019-06-14T19:07:55.616" activeThreads="4">
  <mem-info id="3709" free="2042432776" total="2092630016" percent="97">
    <mem type="nursery" free="1683040" total="2097152" percent="80">
      <mem type="allocate" free="1683040" total="1835008" percent="91" />
      <mem type="survivor" free="0" total="262144" percent="0" />
    </mem>
    <mem type="tenure" free="2040749736" total="2090532864" percent="97">
      <mem type="soa" free="1936223912" total="1986007040" percent="97" />
      <mem type="loa" free="104525824" total="104525824" percent="100" />
    </mem>
    <pending-finalizers system="0" default="0" reference="117" classloader="0" />
    <remembered-set count="91" />
  </mem-info>
</gc-end>
<cycle-end id="3710" type="scavenge" contextid="3704" timestamp="2019-06-14T19:07:55.616" />
  <attribute name="elasticGC enabled" value="1" />
  <attribute name= "numThreadsSpecified" value="4" />
  <attribute name="heapSize specified" value="8388608" />
  <attribute name="Current GC Util" value="11" />
  <attribute name= "Current Time Running" value="3604" />
  <attribute name ="GC Interval" value="200" />
  <attribute name="ProportionalT" value="-4.500000" />
  <attribute name="ProportionalI" value="-4.500000" />
  <attribute name="ProportionalH" value="-4.500000" />
  <attribute name="Current Error" value="-9.000000" />
  <attribute name="IntegralT" value="-117.000000" />
  <attribute name="IntegralI" value="-117.000000" />
  <attribute name="IntegralH" value="-117.000000" />
  <attribute name="DerivativeT" value="-0.538462" />
  <attribute name="DerivativeI" value="-0.538462" />
  <attribute name="DerivativeH" value="-0.538462" />
  <attribute name="Loop Time for DT" value="13.000000" />
  <attribute name="Output H" value="2092630016"/>
  <attribute name="Output I" value="200"/>
  <attribute name="Output T" value="4"/>
  <attribute name="Target GC Util Change" value ="20.000000" />
  <attribute name="Current GC Util Change" value="11.000000"/>
  <attribute name="GC Util currently" value="11" />
  <attribute name="CPU Util currently" value="350634027383" />
<allocation-satisfied id="3711" threadId="00000000025E0800" bytesRequested="16" />
<af-end id="3712" timestamp="2019-06-14T19:07:55.616" threadId="00000000025E1188" success="true" from="nursery"/>
<exclusive-end id="3713" timestamp="2019-06-14T19:07:55.616" durationms="2.320" />

<exclusive-start id="3714" timestamp="2019-06-14T19:07:55.619" intervalms="5.695">
  <response-info timems="0.068" idlems="0.068" threads="0" lastid="00000000025E0800" lastname="PmdThread 2" />
</exclusive-start>
<af-start id="3715" threadId="00000000025E1188" totalBytesRequested="24" timestamp="2019-06-14T19:07:55.619" intervalms="5.603" type="nursery" />
<cycle-start id="3716" type="scavenge" contextid="0" timestamp="2019-06-14T19:07:55.619" intervalms="5.545" />
<gc-start id="3717" type="scavenge" contextid="3716" timestamp="2019-06-14T19:07:55.620">
  <mem-info id="3718" free="2040749736" total="2092630016" percent="97">
    <mem type="nursery" free="0" total="2097152" percent="0">
      <mem type="allocate" free="0" total="1835008" percent="0" />
      <mem type="survivor" free="0" total="262144" percent="0" />
    </mem>
    <mem type="tenure" free="2040749736" total="2090532864" percent="97">
      <mem type="soa" free="1936223912" total="1986007040" percent="97" />
      <mem type="loa" free="104525824" total="104525824" percent="100" />
    </mem>
    <remembered-set count="91" />
  </mem-info>
</gc-start>
<allocation-stats totalBytes="1682912" >
  <allocated-bytes non-tlh="16" tlh="1682896" />
  <largest-consumer threadName="PmdThread 2" threadId="00000000025E0800" bytes="1682912" />
</allocation-stats>
<gc-op id="3719" type="scavenge" timems="0.536" contextid="3716" timestamp="2019-06-14T19:07:55.620">
  <scavenger-info tenureage="14" tenuremask="c000" tiltratio="87" />
  <memory-copied type="nursery" objects="64" bytes="67000" bytesdiscarded="45800" />
</gc-op>
<gc-end id="3720" type="scavenge" contextid="3716" durationms="0.776" usertimems="0.000" systemtimems="0.000" timestamp="2019-06-14T19:07:55.620" activeThreads="4">
  <mem-info id="3721" free="2042471944" total="2092630016" percent="97">
    <mem type="nursery" free="1722208" total="2097152" percent="82">
      <mem type="allocate" free="1722208" total="1835008" percent="93" />
      <mem type="survivor" free="0" total="262144" percent="0" />
    </mem>
    <mem type="tenure" free="2040749736" total="2090532864" percent="97">
      <mem type="soa" free="1936223912" total="1986007040" percent="97" />
      <mem type="loa" free="104525824" total="104525824" percent="100" />
    </mem>
    <remembered-set count="87" />
  </mem-info>
</gc-end>
<cycle-end id="3722" type="scavenge" contextid="3716" timestamp="2019-06-14T19:07:55.620" />
  <attribute name="elasticGC enabled" value="1" />
  <attribute name= "numThreadsSpecified" value="4" />
  <attribute name="heapSize specified" value="8388608" />
  <attribute name="Current GC Util" value="41" />
  <attribute name= "Current Time Running" value="3610" />
  <attribute name ="GC Interval" value="200" />
  <attribute name="ProportionalT" value="10.500000" />
  <attribute name="ProportionalI" value="10.500000" />
  <attribute name="ProportionalH" value="10.500000" />
  <attribute name="Current Error" value="21.000000" />
  <attribute name="IntegralT" value="126.000000" />
  <attribute name="IntegralI" value="126.000000" />
  <attribute name="IntegralH" value="126.000000" />
  <attribute name="DerivativeT" value="1.750000" />
  <attribute name="DerivativeI" value="1.750000" />
  <attribute name="DerivativeH" value="1.750000" />
  <attribute name="Loop Time for DT" value="6.000000" />
  <attribute name="Output H" value="8388608"/>
  <attribute name="Output I" value="200"/>
  <attribute name="Output T" value="4"/>
  <attribute name="Target GC Util Change" value ="20.000000" />
  <attribute name="Current GC Util Change" value="41.000000"/>
  <attribute name="GC Util currently" value="41" />
  <attribute name="CPU Util currently" value="869245754387" />
<allocation-satisfied id="3723" threadId="00000000025E0800" bytesRequested="24" />
<af-end id="3724" timestamp="2019-06-14T19:07:55.621" threadId="00000000025E1188" success="true" from="nursery"/>
<exclusive-end id="3725" timestamp="2019-06-14T19:07:55.621" durationms="1.403" />

<exclusive-start id="3726" timestamp="2019-06-14T19:07:55.625" intervalms="5.515">
  <response-info timems="0.068" idlems="0.068" threads="0" lastid="00000000025E0800" lastname="PmdThread 2" />
</exclusive-start>
<af-start id="3727" threadId="00000000025E1188" totalBytesRequested="16" timestamp="2019-06-14T19:07:55.625" intervalms="5.596" type="nursery" />
<cycle-start id="3728" type="scavenge" contextid="0" timestamp="2019-06-14T19:07:55.625" intervalms="5.650" />
<gc-start id="3729" type="scavenge" contextid="3728" timestamp="2019-06-14T19:07:55.625">
  <mem-info id="3730" free="2040749736" total="2092630016" percent="97">
    <mem type="nursery" free="0" total="2097152" percent="0">
      <mem type="allocate" free="0" total="1835008" percent="0" />
      <mem type="survivor" free="0" total="262144" percent="0" />
    </mem>
    <mem type="tenure" free="2040749736" total="2090532864" percent="97">
      <mem type="soa" free="1936223912" total="1986007040" percent="97" />
      <mem type="loa" free="104525824" total="104525824" percent="100" />
    </mem>
    <remembered-set count="92" />
  </mem-info>
</gc-start>
<allocation-stats totalBytes="1722024" >
  <allocated-bytes non-tlh="24" tlh="1722000" />
  <largest-consumer threadName="PmdThread 2" threadId="00000000025E0800" bytes="1722024" />
</allocation-stats>
<gc-op id="3731" type="scavenge" timems="0.914" contextid="3728" timestamp="2019-06-14T19:07:55.626">
  <scavenger-info tenureage="12" tenuremask="f000" tiltratio="87" />
  <memory-copied type="nursery" objects="133" bytes="68736" bytesdiscarded="93184" />
</gc-op>
<gc-end id="3732" type="scavenge" contextid="3728" durationms="1.319" usertimems="0.000" systemtimems="4.000" timestamp="2019-06-14T19:07:55.627" activeThreads="4">
  <mem-info id="3733" free="2042422824" total="2092630016" percent="97">
    <mem type="nursery" free="1673088" total="2097152" percent="79">
      <mem type="allocate" free="1673088" total="1835008" percent="91" />
      <mem type="survivor" free="0" total="262144" percent="0" />
    </mem>
    <mem type="tenure" free="2040749736" total="2090532864" percent="97">
      <mem type="soa" free="1936223912" total="1986007040" percent="97" />
      <mem type="loa" free="104525824" total="104525824" percent="100" />
    </mem>
    <remembered-set count="92" />
  </mem-info>
</gc-end>
<cycle-end id="3734" type="scavenge" contextid="3728" timestamp="2019-06-14T19:07:55.627" />
  <attribute name="elasticGC enabled" value="1" />
  <attribute name= "numThreadsSpecified" value="4" />
  <attribute name="heapSize specified" value="8388608" />
  <attribute name="Current GC Util" value="24" />
  <attribute name= "Current Time Running" value="3615" />
  <attribute name ="GC Interval" value="200" />
  <attribute name="ProportionalT" value="2.000000" />
  <attribute name="ProportionalI" value="2.000000" />
  <attribute name="ProportionalH" value="2.000000" />
  <attribute name="Current Error" value="4.000000" />
  <attribute name="IntegralT" value="20.000000" />
  <attribute name="IntegralI" value="20.000000" />
  <attribute name="IntegralH" value="20.000000" />
  <attribute name="DerivativeT" value="-1.700000" />
  <attribute name="DerivativeI" value="-1.700000" />
  <attribute name="DerivativeH" value="-1.700000" />
  <attribute name="Loop Time for DT" value="5.000000" />
  <attribute name="Output H" value="8388608"/>
  <attribute name="Output I" value="200"/>
  <attribute name="Output T" value="4"/>
  <attribute name="Target GC Util Change" value ="20.000000" />
  <attribute name="Current GC Util Change" value="24.000000"/>
  <attribute name="GC Util currently" value="24" />
  <attribute name="CPU Util currently" value="787351056669" />
<allocation-satisfied id="3735" threadId="00000000025E0800" bytesRequested="16" />
<af-end id="3736" timestamp="2019-06-14T19:07:55.627" threadId="00000000025E1188" success="true" from="nursery"/>
<exclusive-end id="3737" timestamp="2019-06-14T19:07:55.627" durationms="2.214" />

<exclusive-start id="3738" timestamp="2019-06-14T19:07:55.664" intervalms="39.680">
  <response-info timems="0.081" idlems="0.081" threads="0" lastid="00000000025E0800" lastname="PmdThread 2" />
</exclusive-start>
<af-start id="3739" threadId="00000000025E1188" totalBytesRequested="16" timestamp="2019-06-14T19:07:55.665" intervalms="39.714" type="nursery" />
<cycle-start id="3740" type="scavenge" contextid="0" timestamp="2019-06-14T19:07:55.665" intervalms="39.717" />
<gc-start id="3741" type="scavenge" contextid="3740" timestamp="2019-06-14T19:07:55.665">
  <mem-info id="3742" free="2040749736" total="2092630016" percent="97">
    <mem type="nursery" free="0" total="2097152" percent="0">
      <mem type="allocate" free="0" total="1835008" percent="0" />
      <mem type="survivor" free="0" total="262144" percent="0" />
    </mem>
    <mem type="tenure" free="2040749736" total="2090532864" percent="97">
      <mem type="soa" free="1936223912" total="1986007040" percent="97" />
      <mem type="loa" free="104525824" total="104525824" percent="100" />
    </mem>
    <remembered-set count="93" />
  </mem-info>
</gc-start>
<allocation-stats totalBytes="1672840" >
  <allocated-bytes non-tlh="16" tlh="1672824" />
  <largest-consumer threadName="PmdThread 2" threadId="00000000025E0800" bytes="1672840" />
</allocation-stats>
<gc-op id="3743" type="scavenge" timems="0.831" contextid="3740" timestamp="2019-06-14T19:07:55.666">
  <scavenger-info tenureage="3" tenuremask="fff8" tiltratio="87" />
  <memory-copied type="nursery" objects="1609" bytes="77688" bytesdiscarded="72008" />
  <memory-copied type="tenure" objects="43" bytes="66272" bytesdiscarded="400" />
</gc-op>
<gc-end id="3744" type="scavenge" contextid="3740" durationms="1.312" usertimems="0.000" systemtimems="0.000" timestamp="2019-06-14T19:07:55.666" activeThreads="4">
  <mem-info id="3745" free="2042351192" total="2092630016" percent="97">
    <mem type="nursery" free="1685312" total="2097152" percent="80">
      <mem type="allocate" free="1685312" total="1835008" percent="91" />
      <mem type="survivor" free="0" total="262144" percent="0" />
    </mem>
    <mem type="tenure" free="2040665880" total="2090532864" percent="97">
      <mem type="soa" free="1936140056" total="1986007040" percent="97" />
      <mem type="loa" free="104525824" total="104525824" percent="100" />
    </mem>
    <remembered-set count="89" />
  </mem-info>
</gc-end>
<cycle-end id="3746" type="scavenge" contextid="3740" timestamp="2019-06-14T19:07:55.666" />
  <attribute name="elasticGC enabled" value="1" />
  <attribute name= "numThreadsSpecified" value="4" />
  <attribute name="heapSize specified" value="8388608" />
  <attribute name="Current GC Util" value="5" />
  <attribute name= "Current Time Running" value="3655" />
  <attribute name ="GC Interval" value="200" />
  <attribute name="ProportionalT" value="-7.500000" />
  <attribute name="ProportionalI" value="-7.500000" />
  <attribute name="ProportionalH" value="-7.500000" />
  <attribute name="Current Error" value="-15.000000" />
  <attribute name="IntegralT" value="-600.000000" />
  <attribute name="IntegralI" value="-600.000000" />
  <attribute name="IntegralH" value="-600.000000" />
  <attribute name="DerivativeT" value="-0.237500" />
  <attribute name="DerivativeI" value="-0.237500" />
  <attribute name="DerivativeH" value="-0.237500" />
  <attribute name="Loop Time for DT" value="40.000000" />
  <attribute name="Output H" value="2092630016"/>
  <attribute name="Output I" value="200"/>
  <attribute name="Output T" value="4"/>
  <attribute name="Target GC Util Change" value ="20.000000" />
  <attribute name="Current GC Util Change" value="5.000000"/>
  <attribute name="GC Util currently" value="5" />
  <attribute name="CPU Util currently" value="115964911632" />
<allocation-satisfied id="3747" threadId="00000000025E0800" bytesRequested="16" />
<af-end id="3748" timestamp="2019-06-14T19:07:55.667" threadId="00000000025E1188" success="true" from="nursery"/>
<exclusive-end id="3749" timestamp="2019-06-14T19:07:55.667" durationms="2.147" />

<exclusive-start id="3750" timestamp="2019-06-14T19:07:55.678" intervalms="13.143">
  <response-info timems="0.053" idlems="0.053" threads="0" lastid="00000000025E0800" lastname="PmdThread 2" />
</exclusive-start>
<af-start id="3751" threadId="00000000025E1188" totalBytesRequested="32" timestamp="2019-06-14T19:07:55.678" intervalms="13.107" type="nursery" />
<cycle-start id="3752" type="scavenge" contextid="0" timestamp="2019-06-14T19:07:55.678" intervalms="13.103" />
<gc-start id="3753" type="scavenge" contextid="3752" timestamp="2019-06-14T19:07:55.678">
  <mem-info id="3754" free="2040665880" total="2092630016" percent="97">
    <mem type="nursery" free="0" total="2097152" percent="0">
      <mem type="allocate" free="0" total="1835008" percent="0" />
      <mem type="survivor" free="0" total="262144" percent="0" />
    </mem>
    <mem type="tenure" free="2040665880" total="2090532864" percent="97">
      <mem type="soa" free="1936140056" total="1986007040" percent="97" />
      <mem type="loa" free="104525824" total="104525824" percent="100" />
    </mem>
    <remembered-set count="90" />
  </mem-info>
</gc-start>
<allocation-stats totalBytes="1685048" >
  <allocated-bytes non-tlh="16" tlh="1685032" />
  <largest-consumer threadName="PmdThread 2" threadId="00000000025E0800" bytes="1685048" />
</allocation-stats>
<gc-op id="3755" type="scavenge" timems="0.596" contextid="3752" timestamp="2019-06-14T19:07:55.679">
  <scavenger-info tenureage="5" tenuremask="ffe0" tiltratio="87" />
  <memory-copied type="nursery" objects="2064" bytes="98600" bytesdiscarded="58072" />
</gc-op>
<gc-end id="3756" type="scavenge" contextid="3752" durationms="1.007" usertimems="0.000" systemtimems="4.000" timestamp="2019-06-14T19:07:55.679" activeThreads="4">
  <mem-info id="3757" free="2042344216" total="2092630016" percent="97">
    <mem type="nursery" free="1678336" total="2097152" percent="80">
      <mem type="allocate" free="1678336" total="1835008" percent="91" />
      <mem type="survivor" free="0" total="262144" percent="0" />
    </mem>
    <mem type="tenure" free="2040665880" total="2090532864" percent="97">
      <mem type="soa" free="1936140056" total="1986007040" percent="97" />
      <mem type="loa" free="104525824" total="104525824" percent="100" />
    </mem>
    <remembered-set count="90" />
  </mem-info>
</gc-end>
<cycle-end id="3758" type="scavenge" contextid="3752" timestamp="2019-06-14T19:07:55.679" />
  <attribute name="elasticGC enabled" value="1" />
  <attribute name= "numThreadsSpecified" value="4" />
  <attribute name="heapSize specified" value="8388608" />
  <attribute name="Current GC Util" value="15" />
  <attribute name= "Current Time Running" value="3668" />
  <attribute name ="GC Interval" value="200" />
  <attribute name="ProportionalT" value="-2.500000" />
  <attribute name="ProportionalI" value="-2.500000" />
  <attribute name="ProportionalH" value="-2.500000" />
  <attribute name="Current Error" value="-5.000000" />
  <attribute name="IntegralT" value="-65.000000" />
  <attribute name="IntegralI" value="-65.000000" />
  <attribute name="IntegralH" value="-65.000000" />
  <attribute name="DerivativeT" value="-0.192308" />
  <attribute name="DerivativeI" value="-0.192308" />
  <attribute name="DerivativeH" value="-0.192308" />
  <attribute name="Loop Time for DT" value="13.000000" />
  <attribute name="Output H" value="2092630016"/>
  <attribute name="Output I" value="200"/>
  <attribute name="Output T" value="4"/>
  <attribute name="Target GC Util Change" value ="20.000000" />
  <attribute name="Current GC Util Change" value="15.000000"/>
  <attribute name="GC Util currently" value="15" />
  <attribute name="CPU Util currently" value="353693654074" />
<allocation-satisfied id="3759" threadId="00000000025E0800" bytesRequested="32" />
<af-end id="3760" timestamp="2019-06-14T19:07:55.679" threadId="00000000025E1188" success="true" from="nursery"/>
<exclusive-end id="3761" timestamp="2019-06-14T19:07:55.679" durationms="1.875" />

<exclusive-start id="3762" timestamp="2019-06-14T19:07:55.689" intervalms="11.263">
  <response-info timems="0.082" idlems="0.082" threads="0" lastid="00000000025E0800" lastname="PmdThread 2" />
</exclusive-start>
<af-start id="3763" threadId="00000000025E1188" totalBytesRequested="24" timestamp="2019-06-14T19:07:55.689" intervalms="11.225" type="nursery" />
<cycle-start id="3764" type="scavenge" contextid="0" timestamp="2019-06-14T19:07:55.689" intervalms="11.172" />
<gc-start id="3765" type="scavenge" contextid="3764" timestamp="2019-06-14T19:07:55.689">
  <mem-info id="3766" free="2040665880" total="2092630016" percent="97">
    <mem type="nursery" free="0" total="2097152" percent="0">
      <mem type="allocate" free="0" total="1835008" percent="0" />
      <mem type="survivor" free="0" total="262144" percent="0" />
    </mem>
    <mem type="tenure" free="2040665880" total="2090532864" percent="97">
      <mem type="soa" free="1936140056" total="1986007040" percent="97" />
      <mem type="loa" free="104525824" total="104525824" percent="100" />
    </mem>
    <remembered-set count="90" />
  </mem-info>
</gc-start>
<allocation-stats totalBytes="1678208" >
  <allocated-bytes non-tlh="32" tlh="1678176" />
  <largest-consumer threadName="PmdThread 2" threadId="00000000025E0800" bytes="1678208" />
</allocation-stats>
<gc-op id="3767" type="scavenge" timems="0.663" contextid="3764" timestamp="2019-06-14T19:07:55.690">
  <scavenger-info tenureage="2" tenuremask="fffc" tiltratio="87" />
  <memory-copied type="nursery" objects="861" bytes="40568" bytesdiscarded="76936" />
  <memory-copied type="tenure" objects="1596" bytes="75840" bytesdiscarded="32" />
</gc-op>
<gc-end id="3768" type="scavenge" contextid="3764" durationms="0.919" usertimems="4.000" systemtimems="0.000" timestamp="2019-06-14T19:07:55.690" activeThreads="4">
  <mem-info id="3769" free="2042305048" total="2092630016" percent="97">
    <mem type="nursery" free="1717504" total="2097152" percent="81">
      <mem type="allocate" free="1717504" total="1835008" percent="93" />
      <mem type="survivor" free="0" total="262144" percent="0" />
    </mem>
    <mem type="tenure" free="2040587544" total="2090532864" percent="97">
      <mem type="soa" free="1936061720" total="1986007040" percent="97" />
      <mem type="loa" free="104525824" total="104525824" percent="100" />
    </mem>
    <remembered-set count="166" />
  </mem-info>
</gc-end>
<cycle-end id="3770" type="scavenge" contextid="3764" timestamp="2019-06-14T19:07:55.690" />
  <attribute name="elasticGC enabled" value="1" />
  <attribute name= "numThreadsSpecified" value="4" />
  <attribute name="heapSize specified" value="8388608" />
  <attribute name="Current GC Util" value="12" />
  <attribute name= "Current Time Running" value="3679" />
  <attribute name ="GC Interval" value="200" />
  <attribute name="ProportionalT" value="-4.000000" />
  <attribute name="ProportionalI" value="-4.000000" />
  <attribute name="ProportionalH" value="-4.000000" />
  <attribute name="Current Error" value="-8.000000" />
  <attribute name="IntegralT" value="-88.000000" />
  <attribute name="IntegralI" value="-88.000000" />
  <attribute name="IntegralH" value="-88.000000" />
  <attribute name="DerivativeT" value="-0.363636" />
  <attribute name="DerivativeI" value="-0.363636" />
  <attribute name="DerivativeH" value="-0.363636" />
  <attribute name="Loop Time for DT" value="11.000000" />
  <attribute name="Output H" value="2092630016"/>
  <attribute name="Output I" value="200"/>
  <attribute name="Output T" value="4"/>
  <attribute name="Target GC Util Change" value ="20.000000" />
  <attribute name="Current GC Util Change" value="12.000000"/>
  <attribute name="GC Util currently" value="12" />
  <attribute name="CPU Util currently" value="419231718698" />
<allocation-satisfied id="3771" threadId="00000000025E0800" bytesRequested="24" />
<af-end id="3772" timestamp="2019-06-14T19:07:55.690" threadId="00000000025E1188" success="true" from="nursery"/>
<exclusive-end id="3773" timestamp="2019-06-14T19:07:55.690" durationms="1.585" />

<exclusive-start id="3774" timestamp="2019-06-14T19:07:55.694" intervalms="4.882">
  <response-info timems="0.058" idlems="0.058" threads="0" lastid="00000000025E0800" lastname="PmdThread 2" />
</exclusive-start>
<af-start id="3775" threadId="00000000025E1188" totalBytesRequested="24" timestamp="2019-06-14T19:07:55.694" intervalms="4.871" type="nursery" />
<cycle-start id="3776" type="scavenge" contextid="0" timestamp="2019-06-14T19:07:55.694" intervalms="4.864" />
<gc-start id="3777" type="scavenge" contextid="3776" timestamp="2019-06-14T19:07:55.694">
  <mem-info id="3778" free="2040587544" total="2092630016" percent="97">
    <mem type="nursery" free="0" total="2097152" percent="0">
      <mem type="allocate" free="0" total="1835008" percent="0" />
      <mem type="survivor" free="0" total="262144" percent="0" />
    </mem>
    <mem type="tenure" free="2040587544" total="2090532864" percent="97">
      <mem type="soa" free="1936061720" total="1986007040" percent="97" />
      <mem type="loa" free="104525824" total="104525824" percent="100" />
    </mem>
    <remembered-set count="166" />
  </mem-info>
</gc-start>
<allocation-stats totalBytes="1717360" >
  <allocated-bytes non-tlh="24" tlh="1717336" />
  <largest-consumer threadName="PmdThread 2" threadId="00000000025E0800" bytes="1717360" />
</allocation-stats>
<gc-op id="3779" type="scavenge" timems="0.696" contextid="3776" timestamp="2019-06-14T19:07:55.695">
  <scavenger-info tenureage="2" tenuremask="ffc4" tiltratio="87" />
  <memory-copied type="nursery" objects="411" bytes="19848" bytesdiscarded="58488" />
  <memory-copied type="tenure" objects="458" bytes="20984" bytesdiscarded="0" />
</gc-op>
<gc-end id="3780" type="scavenge" contextid="3776" durationms="1.065" usertimems="4.000" systemtimems="0.000" timestamp="2019-06-14T19:07:55.695" activeThreads="4">
  <mem-info id="3781" free="2042344216" total="2092630016" percent="97">
    <mem type="nursery" free="1756672" total="2097152" percent="83">
      <mem type="allocate" free="1756672" total="1835008" percent="95" />
      <mem type="survivor" free="0" total="262144" percent="0" />
    </mem>
    <mem type="tenure" free="2040587544" total="2090532864" percent="97">
      <mem type="soa" free="1936061720" total="1986007040" percent="97" />
      <mem type="loa" free="104525824" total="104525824" percent="100" />
    </mem>
    <remembered-set count="138" />
  </mem-info>
</gc-end>
<cycle-end id="3782" type="scavenge" contextid="3776" timestamp="2019-06-14T19:07:55.695" />
  <attribute name="elasticGC enabled" value="1" />
  <attribute name= "numThreadsSpecified" value="4" />
  <attribute name="heapSize specified" value="8388608" />
  <attribute name="Current GC Util" value="29" />
  <attribute name= "Current Time Running" value="3684" />
  <attribute name ="GC Interval" value="200" />
  <attribute name="ProportionalT" value="4.500000" />
  <attribute name="ProportionalI" value="4.500000" />
  <attribute name="ProportionalH" value="4.500000" />
  <attribute name="Current Error" value="9.000000" />
  <attribute name="IntegralT" value="45.000000" />
  <attribute name="IntegralI" value="45.000000" />
  <attribute name="IntegralH" value="45.000000" />
  <attribute name="DerivativeT" value="0.900000" />
  <attribute name="DerivativeI" value="0.900000" />
  <attribute name="DerivativeH" value="0.900000" />
  <attribute name="Loop Time for DT" value="5.000000" />
  <attribute name="Output H" value="8388608"/>
  <attribute name="Output I" value="200"/>
  <attribute name="Output T" value="4"/>
  <attribute name="Target GC Util Change" value ="20.000000" />
  <attribute name="Current GC Util Change" value="29.000000"/>
  <attribute name="GC Util currently" value="29" />
  <attribute name="CPU Util currently" value="918780049991" />
<allocation-satisfied id="3783" threadId="00000000025E0800" bytesRequested="24" />
<af-end id="3784" timestamp="2019-06-14T19:07:55.696" threadId="00000000025E1188" success="true" from="nursery"/>
<exclusive-end id="3785" timestamp="2019-06-14T19:07:55.696" durationms="1.965" />

<exclusive-start id="3786" timestamp="2019-06-14T19:07:55.699" intervalms="5.135">
  <response-info timems="0.056" idlems="0.056" threads="0" lastid="00000000025E0800" lastname="PmdThread 2" />
</exclusive-start>
<af-start id="3787" threadId="00000000025E1188" totalBytesRequested="48" timestamp="2019-06-14T19:07:55.699" intervalms="5.095" type="nursery" />
<cycle-start id="3788" type="scavenge" contextid="0" timestamp="2019-06-14T19:07:55.699" intervalms="5.055" />
<gc-start id="3789" type="scavenge" contextid="3788" timestamp="2019-06-14T19:07:55.699">
  <mem-info id="3790" free="2040587544" total="2092630016" percent="97">
    <mem type="nursery" free="0" total="2097152" percent="0">
      <mem type="allocate" free="0" total="1835008" percent="0" />
      <mem type="survivor" free="0" total="262144" percent="0" />
    </mem>
    <mem type="tenure" free="2040587544" total="2090532864" percent="97">
      <mem type="soa" free="1936061720" total="1986007040" percent="97" />
      <mem type="loa" free="104525824" total="104525824" percent="100" />
    </mem>
    <remembered-set count="138" />
  </mem-info>
</gc-start>
<allocation-stats totalBytes="1756544" >
  <allocated-bytes non-tlh="24" tlh="1756520" />
  <largest-consumer threadName="PmdThread 2" threadId="00000000025E0800" bytes="1756544" />
</allocation-stats>
<gc-op id="3791" type="scavenge" timems="0.516" contextid="3788" timestamp="2019-06-14T19:07:55.700">
  <scavenger-info tenureage="4" tenuremask="fff0" tiltratio="87" />
  <memory-copied type="nursery" objects="413" bytes="19880" bytesdiscarded="58456" />
</gc-op>
<gc-end id="3792" type="scavenge" contextid="3788" durationms="0.728" usertimems="4.000" systemtimems="0.000" timestamp="2019-06-14T19:07:55.700" activeThreads="4">
  <mem-info id="3793" free="2042344216" total="2092630016" percent="97">
    <mem type="nursery" free="1756672" total="2097152" percent="83">
      <mem type="allocate" free="1756672" total="1835008" percent="95" />
      <mem type="survivor" free="0" total="262144" percent="0" />
    </mem>
    <mem type="tenure" free="2040587544" total="2090532864" percent="97">
      <mem type="soa" free="1936061720" total="1986007040" percent="97" />
      <mem type="loa" free="104525824" total="104525824" percent="100" />
    </mem>
    <remembered-set count="138" />
  </mem-info>
</gc-end>
<cycle-end id="3794" type="scavenge" contextid="3788" timestamp="2019-06-14T19:07:55.700" />
  <attribute name="elasticGC enabled" value="1" />
  <attribute name= "numThreadsSpecified" value="4" />
  <attribute name="heapSize specified" value="8388608" />
  <attribute name="Current GC Util" value="31" />
  <attribute name= "Current Time Running" value="3689" />
  <attribute name ="GC Interval" value="200" />
  <attribute name="ProportionalT" value="5.500000" />
  <attribute name="ProportionalI" value="5.500000" />
  <attribute name="ProportionalH" value="5.500000" />
  <attribute name="Current Error" value="11.000000" />
  <attribute name="IntegralT" value="55.000000" />
  <attribute name="IntegralI" value="55.000000" />
  <attribute name="IntegralH" value="55.000000" />
  <attribute name="DerivativeT" value="0.200000" />
  <attribute name="DerivativeI" value="0.200000" />
  <attribute name="DerivativeH" value="0.200000" />
  <attribute name="Loop Time for DT" value="5.000000" />
  <attribute name="Output H" value="8388608"/>
  <attribute name="Output I" value="200"/>
  <attribute name="Output T" value="4"/>
  <attribute name="Target GC Util Change" value ="20.000000" />
  <attribute name="Current GC Util Change" value="31.000000"/>
  <attribute name="GC Util currently" value="31" />
  <attribute name="CPU Util currently" value="958126480450" />
<allocation-satisfied id="3795" threadId="00000000025E0800" bytesRequested="48" />
<af-end id="3796" timestamp="2019-06-14T19:07:55.700" threadId="00000000025E1188" success="true" from="nursery"/>
<exclusive-end id="3797" timestamp="2019-06-14T19:07:55.700" durationms="1.235" />

<exclusive-start id="3798" timestamp="2019-06-14T19:07:55.704" intervalms="5.349">
  <response-info timems="0.077" idlems="0.077" threads="0" lastid="00000000025E0800" lastname="PmdThread 2" />
</exclusive-start>
<af-start id="3799" threadId="00000000025E1188" totalBytesRequested="32" timestamp="2019-06-14T19:07:55.704" intervalms="5.410" type="nursery" />
<cycle-start id="3800" type="scavenge" contextid="0" timestamp="2019-06-14T19:07:55.705" intervalms="5.515" />
<gc-start id="3801" type="scavenge" contextid="3800" timestamp="2019-06-14T19:07:55.705">
  <mem-info id="3802" free="2040587544" total="2092630016" percent="97">
    <mem type="nursery" free="0" total="2097152" percent="0">
      <mem type="allocate" free="0" total="1835008" percent="0" />
      <mem type="survivor" free="0" total="262144" percent="0" />
    </mem>
    <mem type="tenure" free="2040587544" total="2090532864" percent="97">
      <mem type="soa" free="1936061720" total="1986007040" percent="97" />
      <mem type="loa" free="104525824" total="104525824" percent="100" />
    </mem>
    <remembered-set count="138" />
  </mem-info>
</gc-start>
<allocation-stats totalBytes="1756504" >
  <allocated-bytes non-tlh="48" tlh="1756456" />
  <largest-consumer threadName="PmdThread 2" threadId="00000000025E0800" bytes="1756504" />
</allocation-stats>
<gc-op id="3803" type="scavenge" timems="0.559" contextid="3800" timestamp="2019-06-14T19:07:55.705">
  <scavenger-info tenureage="3" tenuremask="fff8" tiltratio="87" />
  <memory-copied type="nursery" objects="20" bytes="464" bytesdiscarded="38704" />
  <memory-copied type="tenure" objects="392" bytes="19344" bytesdiscarded="16" />
</gc-op>
<gc-end id="3804" type="scavenge" contextid="3800" durationms="0.911" usertimems="0.000" systemtimems="0.000" timestamp="2019-06-14T19:07:55.706" activeThreads="4">
  <mem-info id="3805" free="2042344216" total="2092630016" percent="97">
    <mem type="nursery" free="1795840" total="2097152" percent="85">
      <mem type="allocate" free="1795840" total="1835008" percent="97" />
      <mem type="survivor" free="0" total="262144" percent="0" />
    </mem>
    <mem type="tenure" free="2040548376" total="2090532864" percent="97">
      <mem type="soa" free="1936022552" total="1986007040" percent="97" />
      <mem type="loa" free="104525824" total="104525824" percent="100" />
    </mem>
    <remembered-set count="76" />
  </mem-info>
</gc-end>
<cycle-end id="3806" type="scavenge" contextid="3800" timestamp="2019-06-14T19:07:55.706" />
  <attribute name="elasticGC enabled" value="1" />
  <attribute name= "numThreadsSpecified" value="4" />
  <attribute name="heapSize specified" value="8388608" />
  <attribute name="Current GC Util" value="24" />
  <attribute name= "Current Time Running" value="3695" />
  <attribute name ="GC Interval" value="200" />
  <attribute name="ProportionalT" value="2.000000" />
  <attribute name="ProportionalI" value="2.000000" />
  <attribute name="ProportionalH" value="2.000000" />
  <attribute name="Current Error" value="4.000000" />
  <attribute name="IntegralT" value="24.000000" />
  <attribute name="IntegralI" value="24.000000" />
  <attribute name="IntegralH" value="24.000000" />
  <attribute name="DerivativeT" value="-0.583333" />
  <attribute name="DerivativeI" value="-0.583333" />
  <attribute name="DerivativeH" value="-0.583333" />
  <attribute name="Loop Time for DT" value="6.000000" />
  <attribute name="Output H" value="8388608"/>
  <attribute name="Output I" value="200"/>
  <attribute name="Output T" value="4"/>
  <attribute name="Target GC Util Change" value ="20.000000" />
  <attribute name="Current GC Util Change" value="24.000000"/>
  <attribute name="GC Util currently" value="24" />
  <attribute name="CPU Util currently" value="816542664929" />
<allocation-satisfied id="3807" threadId="00000000025E0800" bytesRequested="32" />
<af-end id="3808" timestamp="2019-06-14T19:07:55.706" threadId="00000000025E1188" success="true" from="nursery"/>
<exclusive-end id="3809" timestamp="2019-06-14T19:07:55.706" durationms="1.615" />

<exclusive-start id="3810" timestamp="2019-06-14T19:07:55.708" intervalms="3.807">
  <response-info timems="0.069" idlems="0.069" threads="0" lastid="00000000025E0800" lastname="PmdThread 2" />
</exclusive-start>
<af-start id="3811" threadId="00000000025E1188" totalBytesRequested="16" timestamp="2019-06-14T19:07:55.708" intervalms="3.795" type="nursery" />
<cycle-start id="3812" type="scavenge" contextid="0" timestamp="2019-06-14T19:07:55.708" intervalms="3.790" />
<gc-start id="3813" type="scavenge" contextid="3812" timestamp="2019-06-14T19:07:55.708">
  <mem-info id="3814" free="2040548376" total="2092630016" percent="97">
    <mem type="nursery" free="0" total="2097152" percent="0">
      <mem type="allocate" free="0" total="1835008" percent="0" />
      <mem type="survivor" free="0" total="262144" percent="0" />
    </mem>
    <mem type="tenure" free="2040548376" total="2090532864" percent="97">
      <mem type="soa" free="1936022552" total="1986007040" percent="97" />
      <mem type="loa" free="104525824" total="104525824" percent="100" />
    </mem>
    <remembered-set count="76" />
  </mem-info>
</gc-start>
<allocation-stats totalBytes="1795672" >
  <allocated-bytes non-tlh="32" tlh="1795640" />
  <largest-consumer threadName="PmdThread 2" threadId="00000000025E0800" bytes="1795672" />
</allocation-stats>
<gc-op id="3815" type="scavenge" timems="0.298" contextid="3812" timestamp="2019-06-14T19:07:55.709">
  <scavenger-info tenureage="3" tenuremask="ffe8" tiltratio="87" />
  <memory-copied type="nursery" objects="10" bytes="256" bytesdiscarded="38912" />
</gc-op>
<gc-end id="3816" type="scavenge" contextid="3812" durationms="0.631" usertimems="0.000" systemtimems="0.000" timestamp="2019-06-14T19:07:55.709" activeThreads="4">
  <mem-info id="3817" free="2042344216" total="2092630016" percent="97">
    <mem type="nursery" free="1795840" total="2097152" percent="85">
      <mem type="allocate" free="1795840" total="1835008" percent="97" />
      <mem type="survivor" free="0" total="262144" percent="0" />
    </mem>
    <mem type="tenure" free="2040548376" total="2090532864" percent="97">
      <mem type="soa" free="1936022552" total="1986007040" percent="97" />
      <mem type="loa" free="104525824" total="104525824" percent="100" />
    </mem>
    <remembered-set count="76" />
  </mem-info>
</gc-end>
<cycle-end id="3818" type="scavenge" contextid="3812" timestamp="2019-06-14T19:07:55.709" />
  <attribute name="elasticGC enabled" value="1" />
  <attribute name= "numThreadsSpecified" value="4" />
  <attribute name="heapSize specified" value="8388608" />
  <attribute name="Current GC Util" value="37" />
  <attribute name= "Current Time Running" value="3699" />
  <attribute name ="GC Interval" value="200" />
  <attribute name="ProportionalT" value="8.500000" />
  <attribute name="ProportionalI" value="8.500000" />
  <attribute name="ProportionalH" value="8.500000" />
  <attribute name="Current Error" value="17.000000" />
  <attribute name="IntegralT" value="68.000000" />
  <attribute name="IntegralI" value="68.000000" />
  <attribute name="IntegralH" value="68.000000" />
  <attribute name="DerivativeT" value="1.625000" />
  <attribute name="DerivativeI" value="1.625000" />
  <attribute name="DerivativeH" value="1.625000" />
  <attribute name="Loop Time for DT" value="4.000000" />
  <attribute name="Output H" value="8388608"/>
  <attribute name="Output I" value="200"/>
  <attribute name="Output T" value="4"/>
  <attribute name="Target GC Util Change" value ="20.000000" />
  <attribute name="Current GC Util Change" value="37.000000"/>
  <attribute name="GC Util currently" value="37" />
  <attribute name="CPU Util currently" value="1221041899735" />
<allocation-satisfied id="3819" threadId="00000000025E0800" bytesRequested="16" />
<af-end id="3820" timestamp="2019-06-14T19:07:55.709" threadId="00000000025E1188" success="true" from="nursery"/>
<exclusive-end id="3821" timestamp="2019-06-14T19:07:55.709" durationms="1.249" />

<exclusive-start id="3822" timestamp="2019-06-14T19:07:55.711" intervalms="3.419">
  <response-info timems="0.125" idlems="0.125" threads="0" lastid="00000000025E0800" lastname="PmdThread 2" />
</exclusive-start>
<af-start id="3823" threadId="00000000025E1188" totalBytesRequested="40" timestamp="2019-06-14T19:07:55.712" intervalms="3.365" type="nursery" />
<cycle-start id="3824" type="scavenge" contextid="0" timestamp="2019-06-14T19:07:55.712" intervalms="3.341" />
<gc-start id="3825" type="scavenge" contextid="3824" timestamp="2019-06-14T19:07:55.712">
  <mem-info id="3826" free="2040548376" total="2092630016" percent="97">
    <mem type="nursery" free="0" total="2097152" percent="0">
      <mem type="allocate" free="0" total="1835008" percent="0" />
      <mem type="survivor" free="0" total="262144" percent="0" />
    </mem>
    <mem type="tenure" free="2040548376" total="2090532864" percent="97">
      <mem type="soa" free="1936022552" total="1986007040" percent="97" />
      <mem type="loa" free="104525824" total="104525824" percent="100" />
    </mem>
    <remembered-set count="76" />
  </mem-info>
</gc-start>
<allocation-stats totalBytes="1795648" >
  <allocated-bytes non-tlh="16" tlh="1795632" />
  <largest-consumer threadName="PmdThread 2" threadId="00000000025E0800" bytes="1795648" />
</allocation-stats>
<gc-op id="3827" type="scavenge" timems="0.640" contextid="3824" timestamp="2019-06-14T19:07:55.712">
  <scavenger-info tenureage="3" tenuremask="fff8" tiltratio="87" />
  <memory-copied type="nursery" objects="10" bytes="216" bytesdiscarded="38952" />
</gc-op>
<gc-end id="3828" type="scavenge" contextid="3824" durationms="0.810" usertimems="0.000" systemtimems="4.000" timestamp="2019-06-14T19:07:55.713" activeThreads="4">
  <mem-info id="3829" free="2042344216" total="2092630016" percent="97">
    <mem type="nursery" free="1795840" total="2097152" percent="85">
      <mem type="allocate" free="1795840" total="1835008" percent="97" />
      <mem type="survivor" free="0" total="262144" percent="0" />
    </mem>
    <mem type="tenure" free="2040548376" total="2090532864" percent="97">
      <mem type="soa" free="1936022552" total="1986007040" percent="97" />
      <mem type="loa" free="104525824" total="104525824" percent="100" />
    </mem>
    <remembered-set count="76" />
  </mem-info>
</gc-end>
<cycle-end id="3830" type="scavenge" contextid="3824" timestamp="2019-06-14T19:07:55.713" />
  <attribute name="elasticGC enabled" value="1" />
  <attribute name= "numThreadsSpecified" value="4" />
  <attribute name="heapSize specified" value="8388608" />
  <attribute name="Current GC Util" value="24" />
  <attribute name= "Current Time Running" value="3702" />
  <attribute name ="GC Interval" value="200" />
  <attribute name="ProportionalT" value="2.000000" />
  <attribute name="ProportionalI" value="2.000000" />
  <attribute name="ProportionalH" value="2.000000" />
  <attribute name="Current Error" value="4.000000" />
  <attribute name="IntegralT" value="12.000000" />
  <attribute name="IntegralI" value="12.000000" />
  <attribute name="IntegralH" value="12.000000" />
  <attribute name="DerivativeT" value="-2.166667" />
  <attribute name="DerivativeI" value="-2.166667" />
  <attribute name="DerivativeH" value="-2.166667" />
  <attribute name="Loop Time for DT" value="3.000000" />
  <attribute name="Output H" value="8388608"/>
  <attribute name="Output I" value="200"/>
  <attribute name="Output T" value="4"/>
  <attribute name="Target GC Util Change" value ="20.000000" />
  <attribute name="Current GC Util Change" value="24.000000"/>
  <attribute name="GC Util currently" value="24" />
  <attribute name="CPU Util currently" value="1433734091303" />
<allocation-satisfied id="3831" threadId="00000000025E0800" bytesRequested="40" />
<af-end id="3832" timestamp="2019-06-14T19:07:55.713" threadId="00000000025E1188" success="true" from="nursery"/>
<exclusive-end id="3833" timestamp="2019-06-14T19:07:55.713" durationms="1.347" />

<exclusive-start id="3834" timestamp="2019-06-14T19:07:55.715" intervalms="3.520">
  <response-info timems="0.022" idlems="0.022" threads="0" lastid="00000000025E0800" lastname="PmdThread 2" />
</exclusive-start>
<af-start id="3835" threadId="00000000025E1188" totalBytesRequested="16" timestamp="2019-06-14T19:07:55.715" intervalms="3.526" type="nursery" />
<cycle-start id="3836" type="scavenge" contextid="0" timestamp="2019-06-14T19:07:55.715" intervalms="3.452" />
<gc-start id="3837" type="scavenge" contextid="3836" timestamp="2019-06-14T19:07:55.715">
  <mem-info id="3838" free="2040548376" total="2092630016" percent="97">
    <mem type="nursery" free="0" total="2097152" percent="0">
      <mem type="allocate" free="0" total="1835008" percent="0" />
      <mem type="survivor" free="0" total="262144" percent="0" />
    </mem>
    <mem type="tenure" free="2040548376" total="2090532864" percent="97">
      <mem type="soa" free="1936022552" total="1986007040" percent="97" />
      <mem type="loa" free="104525824" total="104525824" percent="100" />
    </mem>
    <remembered-set count="76" />
  </mem-info>
</gc-start>
<allocation-stats totalBytes="1795640" >
  <allocated-bytes non-tlh="40" tlh="1795600" />
  <largest-consumer threadName="PmdThread 2" threadId="00000000025E0800" bytes="1795640" />
</allocation-stats>
<gc-op id="3839" type="scavenge" timems="0.325" contextid="3836" timestamp="2019-06-14T19:07:55.716">
  <scavenger-info tenureage="3" tenuremask="fff8" tiltratio="87" />
  <memory-copied type="nursery" objects="22" bytes="512" bytesdiscarded="38656" />
  <memory-copied type="tenure" objects="1" bytes="24" bytesdiscarded="0" />
</gc-op>
<gc-end id="3840" type="scavenge" contextid="3836" durationms="0.497" usertimems="0.000" systemtimems="0.000" timestamp="2019-06-14T19:07:55.716" activeThreads="4">
  <mem-info id="3841" free="2042344216" total="2092630016" percent="97">
    <mem type="nursery" free="1795840" total="2097152" percent="85">
      <mem type="allocate" free="1795840" total="1835008" percent="97" />
      <mem type="survivor" free="0" total="262144" percent="0" />
    </mem>
    <mem type="tenure" free="2040548376" total="2090532864" percent="97">
      <mem type="soa" free="1936022552" total="1986007040" percent="97" />
      <mem type="loa" free="104525824" total="104525824" percent="100" />
    </mem>
    <remembered-set count="77" />
  </mem-info>
</gc-end>
<cycle-end id="3842" type="scavenge" contextid="3836" timestamp="2019-06-14T19:07:55.716" />
  <attribute name="elasticGC enabled" value="1" />
  <attribute name= "numThreadsSpecified" value="4" />
  <attribute name="heapSize specified" value="8388608" />
  <attribute name="Current GC Util" value="52" />
  <attribute name= "Current Time Running" value="3705" />
  <attribute name ="GC Interval" value="200" />
  <attribute name="ProportionalT" value="16.000000" />
  <attribute name="ProportionalI" value="16.000000" />
  <attribute name="ProportionalH" value="16.000000" />
  <attribute name="Current Error" value="32.000000" />
  <attribute name="IntegralT" value="96.000000" />
  <attribute name="IntegralI" value="96.000000" />
  <attribute name="IntegralH" value="96.000000" />
  <attribute name="DerivativeT" value="4.666667" />
  <attribute name="DerivativeI" value="4.666667" />
  <attribute name="DerivativeH" value="4.666667" />
  <attribute name="Loop Time for DT" value="3.000000" />
  <attribute name="Output H" value="8388608"/>
  <attribute name="Output I" value="200"/>
  <attribute name="Output T" value="4"/>
  <attribute name="Target GC Util Change" value ="20.000000" />
  <attribute name="Current GC Util Change" value="52.000000"/>
  <attribute name="GC Util currently" value="52" />
  <attribute name="CPU Util currently" value="1334483673813" />
<allocation-satisfied id="3843" threadId="00000000025E0800" bytesRequested="16" />
<af-end id="3844" timestamp="2019-06-14T19:07:55.716" threadId="00000000025E1188" success="true" from="nursery"/>
<exclusive-end id="3845" timestamp="2019-06-14T19:07:55.716" durationms="0.970" />

<exclusive-start id="3846" timestamp="2019-06-14T19:07:55.718" intervalms="3.126">
  <response-info timems="0.028" idlems="0.028" threads="0" lastid="00000000025E0800" lastname="PmdThread 2" />
</exclusive-start>
<af-start id="3847" threadId="00000000025E1188" totalBytesRequested="24" timestamp="2019-06-14T19:07:55.718" intervalms="3.127" type="nursery" />
<cycle-start id="3848" type="scavenge" contextid="0" timestamp="2019-06-14T19:07:55.718" intervalms="3.128" />
<gc-start id="3849" type="scavenge" contextid="3848" timestamp="2019-06-14T19:07:55.718">
  <mem-info id="3850" free="2040548376" total="2092630016" percent="97">
    <mem type="nursery" free="0" total="2097152" percent="0">
      <mem type="allocate" free="0" total="1835008" percent="0" />
      <mem type="survivor" free="0" total="262144" percent="0" />
    </mem>
    <mem type="tenure" free="2040548376" total="2090532864" percent="97">
      <mem type="soa" free="1936022552" total="1986007040" percent="97" />
      <mem type="loa" free="104525824" total="104525824" percent="100" />
    </mem>
    <remembered-set count="77" />
  </mem-info>
</gc-start>
<allocation-stats totalBytes="1795704" >
  <allocated-bytes non-tlh="16" tlh="1795688" />
  <largest-consumer threadName="PmdThread 2" threadId="00000000025E0800" bytes="1795704" />
</allocation-stats>
<gc-op id="3851" type="scavenge" timems="0.447" contextid="3848" timestamp="2019-06-14T19:07:55.719">
  <scavenger-info tenureage="3" tenuremask="ffe8" tiltratio="87" />
  <memory-copied type="nursery" objects="18" bytes="416" bytesdiscarded="38752" />
</gc-op>
<gc-end id="3852" type="scavenge" contextid="3848" durationms="0.615" usertimems="4.000" systemtimems="0.000" timestamp="2019-06-14T19:07:55.719" activeThreads="4">
  <mem-info id="3853" free="2042344216" total="2092630016" percent="97">
    <mem type="nursery" free="1795840" total="2097152" percent="85">
      <mem type="allocate" free="1795840" total="1835008" percent="97" />
      <mem type="survivor" free="0" total="262144" percent="0" />
    </mem>
    <mem type="tenure" free="2040548376" total="2090532864" percent="97">
      <mem type="soa" free="1936022552" total="1986007040" percent="97" />
      <mem type="loa" free="104525824" total="104525824" percent="100" />
    </mem>
    <remembered-set count="77" />
  </mem-info>
</gc-end>
<cycle-end id="3854" type="scavenge" contextid="3848" timestamp="2019-06-14T19:07:55.719" />
  <attribute name="elasticGC enabled" value="1" />
  <attribute name= "numThreadsSpecified" value="4" />
  <attribute name="heapSize specified" value="8388608" />
  <attribute name="Current GC Util" value="29" />
  <attribute name= "Current Time Running" value="3708" />
  <attribute name ="GC Interval" value="200" />
  <attribute name="ProportionalT" value="4.500000" />
  <attribute name="ProportionalI" value="4.500000" />
  <attribute name="ProportionalH" value="4.500000" />
  <attribute name="Current Error" value="9.000000" />
  <attribute name="IntegralT" value="27.000000" />
  <attribute name="IntegralI" value="27.000000" />
  <attribute name="IntegralH" value="27.000000" />
  <attribute name="DerivativeT" value="-3.833333" />
  <attribute name="DerivativeI" value="-3.833333" />
  <attribute name="DerivativeH" value="-3.833333" />
  <attribute name="Loop Time for DT" value="3.000000" />
  <attribute name="Output H" value="8388608"/>
  <attribute name="Output I" value="200"/>
  <attribute name="Output T" value="4"/>
  <attribute name="Target GC Util Change" value ="20.000000" />
  <attribute name="Current GC Util Change" value="29.000000"/>
  <attribute name="GC Util currently" value="29" />
  <attribute name="CPU Util currently" value="1476615091754" />
<allocation-satisfied id="3855" threadId="00000000025E0800" bytesRequested="24" />
<af-end id="3856" timestamp="2019-06-14T19:07:55.719" threadId="00000000025E1188" success="true" from="nursery"/>
<exclusive-end id="3857" timestamp="2019-06-14T19:07:55.719" durationms="1.015" />

<exclusive-start id="3858" timestamp="2019-06-14T19:07:55.721" intervalms="3.337">
  <response-info timems="0.027" idlems="0.027" threads="0" lastid="00000000025E0800" lastname="PmdThread 2" />
</exclusive-start>
<af-start id="3859" threadId="00000000025E1188" totalBytesRequested="32" timestamp="2019-06-14T19:07:55.721" intervalms="3.300" type="nursery" />
<cycle-start id="3860" type="scavenge" contextid="0" timestamp="2019-06-14T19:07:55.722" intervalms="3.341" />
<gc-start id="3861" type="scavenge" contextid="3860" timestamp="2019-06-14T19:07:55.722">
  <mem-info id="3862" free="2040548376" total="2092630016" percent="97">
    <mem type="nursery" free="0" total="2097152" percent="0">
      <mem type="allocate" free="0" total="1835008" percent="0" />
      <mem type="survivor" free="0" total="262144" percent="0" />
    </mem>
    <mem type="tenure" free="2040548376" total="2090532864" percent="97">
      <mem type="soa" free="1936022552" total="1986007040" percent="97" />
      <mem type="loa" free="104525824" total="104525824" percent="100" />
    </mem>
    <remembered-set count="77" />
  </mem-info>
</gc-start>
<allocation-stats totalBytes="1795632" >
  <allocated-bytes non-tlh="24" tlh="1795608" />
  <largest-consumer threadName="PmdThread 2" threadId="00000000025E0800" bytes="1795632" />
</allocation-stats>
<gc-op id="3863" type="scavenge" timems="0.284" contextid="3860" timestamp="2019-06-14T19:07:55.722">
  <scavenger-info tenureage="3" tenuremask="fff8" tiltratio="87" />
  <memory-copied type="nursery" objects="7" bytes="152" bytesdiscarded="39016" />
</gc-op>
<gc-end id="3864" type="scavenge" contextid="3860" durationms="0.449" usertimems="0.000" systemtimems="0.000" timestamp="2019-06-14T19:07:55.722" activeThreads="4">
  <mem-info id="3865" free="2042344216" total="2092630016" percent="97">
    <mem type="nursery" free="1795840" total="2097152" percent="85">
      <mem type="allocate" free="1795840" total="1835008" percent="97" />
      <mem type="survivor" free="0" total="262144" percent="0" />
    </mem>
    <mem type="tenure" free="2040548376" total="2090532864" percent="97">
      <mem type="soa" free="1936022552" total="1986007040" percent="97" />
      <mem type="loa" free="104525824" total="104525824" percent="100" />
    </mem>
    <remembered-set count="77" />
  </mem-info>
</gc-end>
<cycle-end id="3866" type="scavenge" contextid="3860" timestamp="2019-06-14T19:07:55.722" />
  <attribute name="elasticGC enabled" value="1" />
  <attribute name= "numThreadsSpecified" value="4" />
  <attribute name="heapSize specified" value="8388608" />
  <attribute name="Current GC Util" value="39" />
  <attribute name= "Current Time Running" value="3712" />
  <attribute name ="GC Interval" value="200" />
  <attribute name="ProportionalT" value="9.500000" />
  <attribute name="ProportionalI" value="9.500000" />
  <attribute name="ProportionalH" value="9.500000" />
  <attribute name="Current Error" value="19.000000" />
  <attribute name="IntegralT" value="76.000000" />
  <attribute name="IntegralI" value="76.000000" />
  <attribute name="IntegralH" value="76.000000" />
  <attribute name="DerivativeT" value="1.250000" />
  <attribute name="DerivativeI" value="1.250000" />
  <attribute name="DerivativeH" value="1.250000" />
  <attribute name="Loop Time for DT" value="4.000000" />
  <attribute name="Output H" value="8388608"/>
  <attribute name="Output I" value="200"/>
  <attribute name="Output T" value="4"/>
  <attribute name="Target GC Util Change" value ="20.000000" />
  <attribute name="Current GC Util Change" value="39.000000"/>
  <attribute name="GC Util currently" value="39" />
  <attribute name="CPU Util currently" value="1381192163187" />
<allocation-satisfied id="3867" threadId="00000000025E0800" bytesRequested="32" />
<af-end id="3868" timestamp="2019-06-14T19:07:55.722" threadId="00000000025E1188" success="true" from="nursery"/>
<exclusive-end id="3869" timestamp="2019-06-14T19:07:55.722" durationms="0.883" />

<exclusive-start id="3870" timestamp="2019-06-14T19:07:55.725" intervalms="3.594">
  <response-info timems="0.023" idlems="0.023" threads="0" lastid="00000000025E0800" lastname="PmdThread 2" />
</exclusive-start>
<af-start id="3871" threadId="00000000025E1188" totalBytesRequested="24" timestamp="2019-06-14T19:07:55.725" intervalms="3.632" type="nursery" />
<cycle-start id="3872" type="scavenge" contextid="0" timestamp="2019-06-14T19:07:55.725" intervalms="3.626" />
<gc-start id="3873" type="scavenge" contextid="3872" timestamp="2019-06-14T19:07:55.725">
  <mem-info id="3874" free="2040548376" total="2092630016" percent="97">
    <mem type="nursery" free="0" total="2097152" percent="0">
      <mem type="allocate" free="0" total="1835008" percent="0" />
      <mem type="survivor" free="0" total="262144" percent="0" />
    </mem>
    <mem type="tenure" free="2040548376" total="2090532864" percent="97">
      <mem type="soa" free="1936022552" total="1986007040" percent="97" />
      <mem type="loa" free="104525824" total="104525824" percent="100" />
    </mem>
    <remembered-set count="77" />
  </mem-info>
</gc-start>
<allocation-stats totalBytes="1795720" >
  <allocated-bytes non-tlh="32" tlh="1795688" />
  <largest-consumer threadName="PmdThread 2" threadId="00000000025E0800" bytes="1795720" />
</allocation-stats>
<gc-op id="3875" type="scavenge" timems="0.316" contextid="3872" timestamp="2019-06-14T19:07:55.726">
  <scavenger-info tenureage="3" tenuremask="fff8" tiltratio="87" />
  <memory-copied type="nursery" objects="24" bytes="608" bytesdiscarded="38560" />
</gc-op>
<gc-end id="3876" type="scavenge" contextid="3872" durationms="0.485" usertimems="0.000" systemtimems="0.000" timestamp="2019-06-14T19:07:55.726" activeThreads="4">
  <mem-info id="3877" free="2042344216" total="2092630016" percent="97">
    <mem type="nursery" free="1795840" total="2097152" percent="85">
      <mem type="allocate" free="1795840" total="1835008" percent="97" />
      <mem type="survivor" free="0" total="262144" percent="0" />
    </mem>
    <mem type="tenure" free="2040548376" total="2090532864" percent="97">
      <mem type="soa" free="1936022552" total="1986007040" percent="97" />
      <mem type="loa" free="104525824" total="104525824" percent="100" />
    </mem>
    <remembered-set count="76" />
  </mem-info>
</gc-end>
<cycle-end id="3878" type="scavenge" contextid="3872" timestamp="2019-06-14T19:07:55.726" />
  <attribute name="elasticGC enabled" value="1" />
  <attribute name= "numThreadsSpecified" value="4" />
  <attribute name="heapSize specified" value="8388608" />
  <attribute name="Current GC Util" value="23" />
  <attribute name= "Current Time Running" value="3715" />
  <attribute name ="GC Interval" value="200" />
  <attribute name="ProportionalT" value="1.500000" />
  <attribute name="ProportionalI" value="1.500000" />
  <attribute name="ProportionalH" value="1.500000" />
  <attribute name="Current Error" value="3.000000" />
  <attribute name="IntegralT" value="9.000000" />
  <attribute name="IntegralI" value="9.000000" />
  <attribute name="IntegralH" value="9.000000" />
  <attribute name="DerivativeT" value="-2.666667" />
  <attribute name="DerivativeI" value="-2.666667" />
  <attribute name="DerivativeH" value="-2.666667" />
  <attribute name="Loop Time for DT" value="3.000000" />
  <attribute name="Output H" value="8388608"/>
  <attribute name="Output I" value="200"/>
  <attribute name="Output T" value="4"/>
  <attribute name="Target GC Util Change" value ="20.000000" />
  <attribute name="Current GC Util Change" value="23.000000"/>
  <attribute name="GC Util currently" value="23" />
  <attribute name="CPU Util currently" value="1270250049624" />
<allocation-satisfied id="3879" threadId="00000000025E0800" bytesRequested="24" />
<af-end id="3880" timestamp="2019-06-14T19:07:55.726" threadId="00000000025E1188" success="true" from="nursery"/>
<exclusive-end id="3881" timestamp="2019-06-14T19:07:55.726" durationms="0.991" />

<exclusive-start id="3882" timestamp="2019-06-14T19:07:55.729" intervalms="3.867">
  <response-info timems="0.057" idlems="0.057" threads="0" lastid="00000000025E0800" lastname="PmdThread 2" />
</exclusive-start>
<af-start id="3883" threadId="00000000025E1188" totalBytesRequested="16" timestamp="2019-06-14T19:07:55.729" intervalms="3.865" type="nursery" />
<cycle-start id="3884" type="scavenge" contextid="0" timestamp="2019-06-14T19:07:55.729" intervalms="3.868" />
<gc-start id="3885" type="scavenge" contextid="3884" timestamp="2019-06-14T19:07:55.729">
  <mem-info id="3886" free="2040548376" total="2092630016" percent="97">
    <mem type="nursery" free="0" total="2097152" percent="0">
      <mem type="allocate" free="0" total="1835008" percent="0" />
      <mem type="survivor" free="0" total="262144" percent="0" />
    </mem>
    <mem type="tenure" free="2040548376" total="2090532864" percent="97">
      <mem type="soa" free="1936022552" total="1986007040" percent="97" />
      <mem type="loa" free="104525824" total="104525824" percent="100" />
    </mem>
    <remembered-set count="76" />
  </mem-info>
</gc-start>
<allocation-stats totalBytes="1795664" >
  <allocated-bytes non-tlh="24" tlh="1795640" />
  <largest-consumer threadName="PmdThread 2" threadId="00000000025E0800" bytes="1795664" />
</allocation-stats>
<gc-op id="3887" type="scavenge" timems="0.477" contextid="3884" timestamp="2019-06-14T19:07:55.730">
  <scavenger-info tenureage="3" tenuremask="fff8" tiltratio="87" />
  <memory-copied type="nursery" objects="23" bytes="592" bytesdiscarded="38576" />
</gc-op>
<gc-end id="3888" type="scavenge" contextid="3884" durationms="0.648" usertimems="4.000" systemtimems="0.000" timestamp="2019-06-14T19:07:55.730" activeThreads="4">
  <mem-info id="3889" free="2042344216" total="2092630016" percent="97">
    <mem type="nursery" free="1795840" total="2097152" percent="85">
      <mem type="allocate" free="1795840" total="1835008" percent="97" />
      <mem type="survivor" free="0" total="262144" percent="0" />
    </mem>
    <mem type="tenure" free="2040548376" total="2090532864" percent="97">
      <mem type="soa" free="1936022552" total="1986007040" percent="97" />
      <mem type="loa" free="104525824" total="104525824" percent="100" />
    </mem>
    <remembered-set count="76" />
  </mem-info>
</gc-end>
<cycle-end id="3890" type="scavenge" contextid="3884" timestamp="2019-06-14T19:07:55.730" />
  <attribute name="elasticGC enabled" value="1" />
  <attribute name= "numThreadsSpecified" value="4" />
  <attribute name="heapSize specified" value="8388608" />
  <attribute name="Current GC Util" value="21" />
  <attribute name= "Current Time Running" value="3719" />
  <attribute name ="GC Interval" value="200" />
  <attribute name="ProportionalT" value="0.500000" />
  <attribute name="ProportionalI" value="0.500000" />
  <attribute name="ProportionalH" value="0.500000" />
  <attribute name="Current Error" value="1.000000" />
  <attribute name="IntegralT" value="4.000000" />
  <attribute name="IntegralI" value="4.000000" />
  <attribute name="IntegralH" value="4.000000" />
  <attribute name="DerivativeT" value="-0.250000" />
  <attribute name="DerivativeI" value="-0.250000" />
  <attribute name="DerivativeH" value="-0.250000" />
  <attribute name="Loop Time for DT" value="4.000000" />
  <attribute name="Output H" value="8388608"/>
  <attribute name="Output I" value="200"/>
  <attribute name="Output T" value="4"/>
  <attribute name="Target GC Util Change" value ="20.000000" />
  <attribute name="Current GC Util Change" value="21.000000"/>
  <attribute name="GC Util currently" value="21" />
  <attribute name="CPU Util currently" value="1192488567256" />
<allocation-satisfied id="3891" threadId="00000000025E0800" bytesRequested="16" />
<af-end id="3892" timestamp="2019-06-14T19:07:55.730" threadId="00000000025E1188" success="true" from="nursery"/>
<exclusive-end id="3893" timestamp="2019-06-14T19:07:55.730" durationms="1.154" />

<exclusive-start id="3894" timestamp="2019-06-14T19:07:55.733" intervalms="3.743">
  <response-info timems="0.052" idlems="0.052" threads="0" lastid="00000000025E0800" lastname="PmdThread 2" />
</exclusive-start>
<af-start id="3895" threadId="00000000025E1188" totalBytesRequested="24" timestamp="2019-06-14T19:07:55.733" intervalms="3.741" type="nursery" />
<cycle-start id="3896" type="scavenge" contextid="0" timestamp="2019-06-14T19:07:55.733" intervalms="3.740" />
<gc-start id="3897" type="scavenge" contextid="3896" timestamp="2019-06-14T19:07:55.733">
  <mem-info id="3898" free="2040548376" total="2092630016" percent="97">
    <mem type="nursery" free="0" total="2097152" percent="0">
      <mem type="allocate" free="0" total="1835008" percent="0" />
      <mem type="survivor" free="0" total="262144" percent="0" />
    </mem>
    <mem type="tenure" free="2040548376" total="2090532864" percent="97">
      <mem type="soa" free="1936022552" total="1986007040" percent="97" />
      <mem type="loa" free="104525824" total="104525824" percent="100" />
    </mem>
    <remembered-set count="76" />
  </mem-info>
</gc-start>
<allocation-stats totalBytes="1795656" >
  <allocated-bytes non-tlh="16" tlh="1795640" />
  <largest-consumer threadName="PmdThread 2" threadId="00000000025E0800" bytes="1795656" />
</allocation-stats>
<gc-op id="3899" type="scavenge" timems="0.296" contextid="3896" timestamp="2019-06-14T19:07:55.733">
  <scavenger-info tenureage="4" tenuremask="fff0" tiltratio="87" />
  <memory-copied type="nursery" objects="11" bytes="256" bytesdiscarded="38912" />
</gc-op>
<gc-end id="3900" type="scavenge" contextid="3896" durationms="0.469" usertimems="0.000" systemtimems="0.000" timestamp="2019-06-14T19:07:55.733" activeThreads="4">
  <mem-info id="3901" free="2042344216" total="2092630016" percent="97">
    <mem type="nursery" free="1795840" total="2097152" percent="85">
      <mem type="allocate" free="1795840" total="1835008" percent="97" />
      <mem type="survivor" free="0" total="262144" percent="0" />
    </mem>
    <mem type="tenure" free="2040548376" total="2090532864" percent="97">
      <mem type="soa" free="1936022552" total="1986007040" percent="97" />
      <mem type="loa" free="104525824" total="104525824" percent="100" />
    </mem>
    <remembered-set count="76" />
  </mem-info>
</gc-end>
<cycle-end id="3902" type="scavenge" contextid="3896" timestamp="2019-06-14T19:07:55.733" />
  <attribute name="elasticGC enabled" value="1" />
  <attribute name= "numThreadsSpecified" value="4" />
  <attribute name="heapSize specified" value="8388608" />
  <attribute name="Current GC Util" value="35" />
  <attribute name= "Current Time Running" value="3723" />
  <attribute name ="GC Interval" value="200" />
  <attribute name="ProportionalT" value="7.500000" />
  <attribute name="ProportionalI" value="7.500000" />
  <attribute name="ProportionalH" value="7.500000" />
  <attribute name="Current Error" value="15.000000" />
  <attribute name="IntegralT" value="60.000000" />
  <attribute name="IntegralI" value="60.000000" />
  <attribute name="IntegralH" value="60.000000" />
  <attribute name="DerivativeT" value="1.750000" />
  <attribute name="DerivativeI" value="1.750000" />
  <attribute name="DerivativeH" value="1.750000" />
  <attribute name="Loop Time for DT" value="4.000000" />
  <attribute name="Output H" value="8388608"/>
  <attribute name="Output I" value="200"/>
  <attribute name="Output T" value="4"/>
  <attribute name="Target GC Util Change" value ="20.000000" />
  <attribute name="Current GC Util Change" value="35.000000"/>
  <attribute name="GC Util currently" value="35" />
  <attribute name="CPU Util currently" value="1231696824334" />
<allocation-satisfied id="3903" threadId="00000000025E0800" bytesRequested="24" />
<af-end id="3904" timestamp="2019-06-14T19:07:55.734" threadId="00000000025E1188" success="true" from="nursery"/>
<exclusive-end id="3905" timestamp="2019-06-14T19:07:55.734" durationms="0.968" />

<exclusive-start id="3906" timestamp="2019-06-14T19:07:57.671" intervalms="1938.671">
  <response-info timems="0.023" idlems="0.023" threads="0" lastid="00000000022CC700" lastname="main" />
</exclusive-start>
<af-start id="3907" threadId="00000000022CD088" totalBytesRequested="224" timestamp="2019-06-14T19:07:57.671" intervalms="1938.681" type="nursery" />
<cycle-start id="3908" type="scavenge" contextid="0" timestamp="2019-06-14T19:07:57.671" intervalms="1938.642" />
<gc-start id="3909" type="scavenge" contextid="3908" timestamp="2019-06-14T19:07:57.672">
  <mem-info id="3910" free="2040548376" total="2092630016" percent="97">
    <mem type="nursery" free="0" total="2097152" percent="0">
      <mem type="allocate" free="0" total="1835008" percent="0" />
      <mem type="survivor" free="0" total="262144" percent="0" />
    </mem>
    <mem type="tenure" free="2040548376" total="2090532864" percent="97">
      <mem type="soa" free="1936022552" total="1986007040" percent="97" />
      <mem type="loa" free="104525824" total="104525824" percent="100" />
    </mem>
    <remembered-set count="206" />
  </mem-info>
</gc-start>
<allocation-stats totalBytes="1794200" >
  <allocated-bytes non-tlh="24" tlh="1794176" />
  <largest-consumer threadName="main" threadId="00000000022CC700" bytes="254248" />
</allocation-stats>
<gc-op id="3911" type="scavenge" timems="0.535" contextid="3908" timestamp="2019-06-14T19:07:57.672">
  <scavenger-info tenureage="3" tenuremask="fff8" tiltratio="87" />
  <memory-copied type="nursery" objects="140" bytes="2800" bytesdiscarded="75536" />
</gc-op>
<gc-end id="3912" type="scavenge" contextid="3908" durationms="0.862" usertimems="0.000" systemtimems="0.000" timestamp="2019-06-14T19:07:57.672" activeThreads="4">
  <mem-info id="3913" free="2042305048" total="2092630016" percent="97">
    <mem type="nursery" free="1756672" total="2097152" percent="83">
      <mem type="allocate" free="1756672" total="1835008" percent="95" />
      <mem type="survivor" free="0" total="262144" percent="0" />
    </mem>
    <mem type="tenure" free="2040548376" total="2090532864" percent="97">
      <mem type="soa" free="1936022552" total="1986007040" percent="97" />
      <mem type="loa" free="104525824" total="104525824" percent="100" />
    </mem>
    <remembered-set count="206" />
  </mem-info>
</gc-end>
<cycle-end id="3914" type="scavenge" contextid="3908" timestamp="2019-06-14T19:07:57.673" />
  <attribute name="elasticGC enabled" value="1" />
  <attribute name= "numThreadsSpecified" value="4" />
  <attribute name="heapSize specified" value="8388608" />
  <attribute name="Current GC Util" value="0" />
  <attribute name= "Current Time Running" value="5662" />
  <attribute name ="GC Interval" value="200" />
  <attribute name="ProportionalT" value="-10.000000" />
  <attribute name="ProportionalI" value="-10.000000" />
  <attribute name="ProportionalH" value="-10.000000" />
  <attribute name="Current Error" value="-20.000000" />
  <attribute name="IntegralT" value="-38780.000000" />
  <attribute name="IntegralI" value="-38780.000000" />
  <attribute name="IntegralH" value="-38780.000000" />
  <attribute name="DerivativeT" value="-0.009025" />
  <attribute name="DerivativeI" value="-0.009025" />
  <attribute name="DerivativeH" value="-0.009025" />
  <attribute name="Loop Time for DT" value="1939.000000" />
  <attribute name="Output H" value="2092630016"/>
  <attribute name="Output I" value="200"/>
  <attribute name="Output T" value="4"/>
  <attribute name="Target GC Util Change" value ="20.000000" />
  <attribute name="Current GC Util Change" value="0.000000"/>
  <attribute name="GC Util currently" value="0" />
  <attribute name="CPU Util currently" value="2378820854" />
<allocation-satisfied id="3915" threadId="00000000022CC700" bytesRequested="224" />
<af-end id="3916" timestamp="2019-06-14T19:07:57.673" threadId="00000000022CD088" success="true" from="nursery"/>
<exclusive-end id="3917" timestamp="2019-06-14T19:07:57.673" durationms="1.463" />

</verbosegc>

