<?xml version="1.0" ?>

<verbosegc xmlns="http://www.ibm.com/j9/verbosegc" version="10b4217_CMPRSS">

<initialized id="1" timestamp="2019-06-15T23:19:30.648">
  <attribute name="gcPolicy" value="-Xgcpolicy:optthruput" />
  <attribute name="elasticGC enabled" value="1" />
  <attribute name= "numThreadsSpecified" value="0" />
  <attribute name="heapSize specified" value="0" />
  <attribute name="Current GC Util" value="0" />
  <attribute name= "Current Time Running" value="0" />
  <attribute name ="GC Interval" value="0" />
  <attribute name="ProportionalT" value="0.000000" />
  <attribute name="ProportionalI" value="0.000000" />
  <attribute name="ProportionalH" value="0.000000" />
  <attribute name="IntegralT" value="0.000000" />
  <attribute name="IntegralI" value="0.000000" />
  <attribute name="IntegralH" value="0.000000" />
  <attribute name="DerivativeT" value="0.000000" />
  <attribute name="DerivativeI" value="0.000000" />
  <attribute name="DerivativeH" value="0.000000" />
  <attribute name="Target GC Util Change" value ="0.000000" />
  <attribute name="Current GC Util Change" value="0.000000"/>
  <attribute name="Current Error" value="0.000000" />
  <attribute name="Loop Time for DT" value="0.000000" />
  <attribute name="Output H" value="0"/>
  <attribute name="Output I" value="0"/>
  <attribute name="Output T" value="0"/>
  <attribute name="GC Util currently" value="0" />
  <attribute name="CPU Util currently" value="0" />
  <attribute name="maxHeapSize" value="0x7cbc0000" />
  <attribute name="initialHeapSize" value="0x800000" />
  <attribute name="compressedRefs" value="true" />
  <attribute name="compressedRefsDisplacement" value="0x0" />
  <attribute name="compressedRefsShift" value="0x0" />
  <attribute name="pageSize" value="0x1000" />
  <attribute name="pageType" value="not used" />
  <attribute name="requestedPageSize" value="0x1000" />
  <attribute name="requestedPageType" value="not used" />
  <attribute name="gcthreads" value="4" />
  <attribute name="packetListSplit" value="4" />
  <attribute name="cacheListSplit" value="4" />
  <attribute name="splitFreeListSplitAmount" value="1" />
  <attribute name="numaNodes" value="0" />
  <system>
    <attribute name="physicalMemory" value="8370962432" />
    <attribute name="numCPUs" value="4" />
    <attribute name="architecture" value="amd64" />
    <attribute name="os" value="Linux" />
    <attribute name="osVersion" value="4.4.0-148-generic" />
  </system>
  <vmargs>
    <vmarg name="-Xoptionsfile=/vagrant/jdk/lib/options.default" />
    <vmarg name="-Xlockword:mode=default,noLockword=java/lang/String,noLockword=java/util/MapEntry,noLockword=java/util/HashMap$Entry,noLockword..." />
    <vmarg name="-Xjcl:jclse29" />
    <vmarg name="-Dcom.ibm.oti.vm.bootstrap.library.path=/vagrant/jdk/lib/compressedrefs:/vagrant/jdk/lib" />
    <vmarg name="-Dsun.boot.library.path=/vagrant/jdk/lib/compressedrefs:/vagrant/jdk/lib" />
    <vmarg name="-Djava.library.path=/vagrant/jdk/lib/compressedrefs:/vagrant/jdk/lib:/usr/lib64:/usr/lib" />
    <vmarg name="-Djava.home=/vagrant/jdk" />
    <vmarg name="-Duser.dir=/vagrant" />
    <vmarg name="-Xgcpolicy:optthruput" />
    <vmarg name="-Xgcelastic" />
    <vmarg name="-Xcheck:gc:::elasticGC" />
    <vmarg name="-verbose:gc" />
    <vmarg name="-Xloggc:large-OPTTHRUPUT-jdk-1.5-1-0.5-verbose16jython.txt" />
    <vmarg name="-Djava.class.path=dacapo-9.12-MR1-bach.jar" />
    <vmarg name="-Dsun.java.command=dacapo-9.12-MR1-bach.jar jython --size=large" />
    <vmarg name="-Dsun.java.launcher=SUN_STANDARD" />
    <vmarg name="-Dsun.java.launcher.pid=24341" />
  </vmargs>
</initialized>

<exclusive-start id="2" timestamp="2019-06-15T23:19:32.342" intervalms="1693.803">
  <response-info timems="0.031" idlems="0.031" threads="0" lastid="0000000000F7C700" lastname="main" />
</exclusive-start>
<af-start id="3" threadId="0000000000F7D088" totalBytesRequested="2056" timestamp="2019-06-15T23:19:32.342" intervalms="1694.057" />
<cycle-start id="4" type="global" contextid="0" timestamp="2019-06-15T23:19:32.343" intervalms="1694.330" />
<gc-start id="5" type="global" contextid="4" timestamp="2019-06-15T23:19:32.343">
  <mem-info id="6" free="418816" total="8388608" percent="4">
    <mem type="tenure" free="418816" total="8388608" percent="4">
      <mem type="soa" free="0" total="7969792" percent="0" />
      <mem type="loa" free="418816" total="418816" percent="100" />
    </mem>
  </mem-info>
</gc-start>
<allocation-stats totalBytes="7881624" >
  <allocated-bytes non-tlh="357688" tlh="7523936" />
  <largest-consumer threadName="main" threadId="0000000000F7C700" bytes="7809480" />
</allocation-stats>
<gc-op id="7" type="mark" timems="1.668" contextid="4" timestamp="2019-06-15T23:19:32.345">
  <trace-info objectcount="17668" scancount="14624" scanbytes="460792" />
  <finalization candidates="14" enqueued="1" />
  <references type="soft" candidates="63" cleared="0" enqueued="0" dynamicThreshold="32" maxThreshold="32" />
  <references type="weak" candidates="544" cleared="401" enqueued="362" />
  <references type="phantom" candidates="105" cleared="44" enqueued="44" />
  <stringconstants candidates="2406" cleared="0"  />
</gc-op>
<gc-op id="8" type="classunload" timems="0.043" contextid="4" timestamp="2019-06-15T23:19:32.345">
  <classunload-info classloadercandidates="5" classloadersunloaded="0" classesunloaded="0" anonymousclassesunloaded="0" quiescems="0.000" setupms="0.043" scanms="0.000" postms="0.000" />
</gc-op>
<gc-op id="9" type="sweep" timems="0.549" contextid="4" timestamp="2019-06-15T23:19:32.345" />
<mem-info id="10" free="7186552" total="8388608" percent="85">
  <mem type="tenure" free="7186552" total="8388608" percent="85" micro-fragmented="177260" macro-fragmented="0">
    <mem type="soa" free="6767736" total="7969792" percent="84" />
    <mem type="loa" free="418816" total="418816" percent="100" />
  </mem>
  <pending-finalizers system="1" default="0" reference="406" classloader="0" />
</mem-info>
<gc-op id="11" type="compact" timems="3.911" contextid="4" timestamp="2019-06-15T23:19:32.350">
  <compact-info movecount="17667" movebytes="963224" reason="compact to aid heap contraction" />
</gc-op>
<heap-resize id="12" type="expand" space="tenure" amount="2084241408" count="1" timems="0.059" reason="satisfy allocation request" timestamp="2019-06-15T23:19:32.350" />
<gc-end id="13" type="global" contextid="4" durationms="7.411" usertimems="4.000" systemtimems="8.000" timestamp="2019-06-15T23:19:32.350" activeThreads="4">
  <mem-info id="14" free="2091601168" total="2092630016" percent="99">
    <mem type="tenure" free="2091601168" total="2092630016" percent="99">
      <mem type="soa" free="1986969872" total="1987998720" percent="99" />
      <mem type="loa" free="104631296" total="104631296" percent="100" />
    </mem>
    <pending-finalizers system="1" default="0" reference="406" classloader="0" />
  </mem-info>
</gc-end>
<cycle-end id="15" type="global" contextid="4" timestamp="2019-06-15T23:19:32.350" />
  <attribute name="elasticGC enabled" value="1" />
  <attribute name= "numThreadsSpecified" value="4" />
  <attribute name="heapSize specified" value="8388608" />
  <attribute name="Current GC Util" value="32" />
  <attribute name= "Current Time Running" value="1548" />
  <attribute name ="GC Interval" value="0" />
  <attribute name="ProportionalT" value="18.000000" />
  <attribute name="ProportionalI" value="18.000000" />
  <attribute name="ProportionalH" value="18.000000" />
  <attribute name="Current Error" value="12.000000" />
  <attribute name="IntegralT" value="-30639.000000" />
  <attribute name="IntegralI" value="-30639.000000" />
  <attribute name="IntegralH" value="-30639.000000" />
  <attribute name="DerivativeT" value="1.500000" />
  <attribute name="DerivativeI" value="1.500000" />
  <attribute name="DerivativeH" value="1.500000" />
  <attribute name="Loop Time for DT" value="4.000000" />
  <attribute name="Output H" value="2092630016"/>
  <attribute name="Output I" value="200"/>
  <attribute name="Output T" value="4"/>
  <attribute name="Target GC Util Change" value ="20.000000" />
  <attribute name="Current GC Util Change" value="32.000000"/>
  <attribute name="GC Util currently" value="32" />
  <attribute name="CPU Util currently" value="42" />
<allocation-satisfied id="16" threadId="0000000000F7C700" bytesRequested="2056" />
<af-end id="17" timestamp="2019-06-15T23:19:32.350" threadId="0000000000F7D088" success="true" />
<exclusive-end id="18" timestamp="2019-06-15T23:19:32.351" durationms="8.519" />

<exclusive-start id="19" timestamp="2019-06-15T23:19:37.194" intervalms="4852.020">
  <response-info timems="0.019" idlems="0.019" threads="0" lastid="0000000000F7C700" lastname="main" />
</exclusive-start>
<sys-start reason="explicit" id="20" timestamp="2019-06-15T23:19:37.194" intervalms="6546.006" />
<cycle-start id="21" type="global" contextid="0" timestamp="2019-06-15T23:19:37.194" intervalms="4851.831" />
<gc-start id="22" type="global" contextid="21" timestamp="2019-06-15T23:19:37.195">
  <mem-info id="23" free="2021445992" total="2092630016" percent="96">
    <mem type="tenure" free="2021445992" total="2092630016" percent="96">
      <mem type="soa" free="1916814696" total="1987998720" percent="96" />
      <mem type="loa" free="104631296" total="104631296" percent="100" />
    </mem>
  </mem-info>
</gc-start>
<allocation-stats totalBytes="70185240" >
  <allocated-bytes non-tlh="3484584" tlh="66700656" />
  <largest-consumer threadName="main" threadId="0000000000F7C700" bytes="70111272" />
</allocation-stats>
<gc-op id="24" type="mark" timems="10.179" contextid="21" timestamp="2019-06-15T23:19:37.205">
  <trace-info objectcount="75493" scancount="63022" scanbytes="2111404" />
  <finalization candidates="81" enqueued="1" />
  <ownableSynchronizers candidates="22" cleared="0" />
  <references type="soft" candidates="1640" cleared="0" enqueued="0" dynamicThreshold="31" maxThreshold="32" />
  <references type="weak" candidates="5235" cleared="734" enqueued="570" />
  <references type="phantom" candidates="115" cleared="15" enqueued="15" />
  <stringconstants candidates="8680" cleared="15"  />
</gc-op>
<gc-op id="25" type="classunload" timems="0.465" contextid="21" timestamp="2019-06-15T23:19:37.206">
  <classunload-info classloadercandidates="17" classloadersunloaded="1" classesunloaded="1" anonymousclassesunloaded="0" quiescems="0.000" setupms="0.455" scanms="0.008" postms="0.002" />
</gc-op>
<gc-op id="26" type="sweep" timems="1.802" contextid="21" timestamp="2019-06-15T23:19:37.207" />
<mem-info id="27" free="2087401480" total="2092630016" percent="99">
  <mem type="tenure" free="2087401480" total="2092630016" percent="99" micro-fragmented="670293" macro-fragmented="0">
    <mem type="soa" free="1982770184" total="1987998720" percent="99" />
    <mem type="loa" free="104631296" total="104631296" percent="100" />
  </mem>
  <pending-finalizers system="1" default="0" reference="585" classloader="0" />
</mem-info>
<gc-op id="28" type="compact" timems="19.798" contextid="21" timestamp="2019-06-15T23:19:37.228">
  <compact-info movecount="74827" movebytes="4257856" reason="compact to aid heap contraction" />
</gc-op>
<gc-end id="29" type="global" contextid="21" durationms="33.588" usertimems="24.000" systemtimems="28.000" timestamp="2019-06-15T23:19:37.228" activeThreads="4">
  <mem-info id="30" free="2088353720" total="2092630016" percent="99">
    <mem type="tenure" free="2088353720" total="2092630016" percent="99">
      <mem type="soa" free="1983722424" total="1987998720" percent="99" />
      <mem type="loa" free="104631296" total="104631296" percent="100" />
    </mem>
    <pending-finalizers system="1" default="0" reference="585" classloader="0" />
  </mem-info>
</gc-end>
<cycle-end id="31" type="global" contextid="21" timestamp="2019-06-15T23:19:37.228" />
  <attribute name="elasticGC enabled" value="1" />
  <attribute name= "numThreadsSpecified" value="4" />
  <attribute name="heapSize specified" value="2092630016" />
  <attribute name="Current GC Util" value="135" />
  <attribute name= "Current Time Running" value="6426" />
  <attribute name ="GC Interval" value="0" />
  <attribute name="ProportionalT" value="172.500000" />
  <attribute name="ProportionalI" value="172.500000" />
  <attribute name="ProportionalH" value="172.500000" />
  <attribute name="Current Error" value="115.000000" />
  <attribute name="IntegralT" value="2300.000000" />
  <attribute name="IntegralI" value="2300.000000" />
  <attribute name="IntegralH" value="2300.000000" />
  <attribute name="DerivativeT" value="1.550000" />
  <attribute name="DerivativeI" value="1.550000" />
  <attribute name="DerivativeH" value="1.550000" />
  <attribute name="Loop Time for DT" value="20.000000" />
  <attribute name="Output H" value="8388608"/>
  <attribute name="Output I" value="2480"/>
  <attribute name="Output T" value="4"/>
  <attribute name="Target GC Util Change" value ="20.000000" />
  <attribute name="Current GC Util Change" value="135.000000"/>
  <attribute name="GC Util currently" value="135" />
  <attribute name="CPU Util currently" value="230310139697" />
<sys-end id="32" timestamp="2019-06-15T23:19:37.228" />
<exclusive-end id="33" timestamp="2019-06-15T23:19:37.229" durationms="34.545" />

<exclusive-start id="34" timestamp="2019-06-15T23:19:41.783" intervalms="4589.368">
  <response-info timems="0.102" idlems="0.102" threads="0" lastid="0000000000F7C700" lastname="main" />
</exclusive-start>
<af-start id="35" threadId="0000000000F7D088" totalBytesRequested="192" timestamp="2019-06-15T23:19:41.784" intervalms="9441.428" />
<cycle-start id="36" type="global" contextid="0" timestamp="2019-06-15T23:19:41.785" intervalms="4590.214" />
<gc-start id="37" type="global" contextid="36" timestamp="2019-06-15T23:19:41.785">
  <mem-info id="38" free="104631296" total="2092630016" percent="4">
    <mem type="tenure" free="104631296" total="2092630016" percent="4">
      <mem type="soa" free="0" total="1987998720" percent="0" />
      <mem type="loa" free="104631296" total="104631296" percent="100" />
    </mem>
  </mem-info>
</gc-start>
<allocation-stats totalBytes="1981174912" >
  <allocated-bytes non-tlh="14452120" tlh="1966722792" />
  <largest-consumer threadName="main" threadId="0000000000F7C700" bytes="1981147032" />
</allocation-stats>
<gc-op id="39" type="mark" timems="15.293" contextid="36" timestamp="2019-06-15T23:19:41.801">
  <trace-info objectcount="608085" scancount="528674" scanbytes="13643236" />
  <finalization candidates="85" enqueued="5" />
  <ownableSynchronizers candidates="22" cleared="0" />
  <references type="soft" candidates="4854" cleared="0" enqueued="0" dynamicThreshold="31" maxThreshold="32" />
  <references type="weak" candidates="5675" cleared="80" enqueued="73" />
  <references type="phantom" candidates="107" cleared="5" enqueued="5" />
  <stringconstants candidates="13790" cleared="24"  />
</gc-op>
<gc-op id="40" type="classunload" timems="0.446" contextid="36" timestamp="2019-06-15T23:19:41.801">
  <classunload-info classloadercandidates="59" classloadersunloaded="3" classesunloaded="3" anonymousclassesunloaded="0" quiescems="0.000" setupms="0.428" scanms="0.013" postms="0.005" />
</gc-op>
<gc-op id="41" type="sweep" timems="3.696" contextid="36" timestamp="2019-06-15T23:19:41.805" />
<mem-info id="42" free="2063283960" total="2092630016" percent="98">
  <mem type="tenure" free="2063283960" total="2092630016" percent="98" micro-fragmented="1557576" macro-fragmented="0">
    <mem type="soa" free="1958652664" total="1987998720" percent="98" />
    <mem type="loa" free="104631296" total="104631296" percent="100" />
  </mem>
  <pending-finalizers system="0" default="5" reference="78" classloader="0" />
</mem-info>
<gc-op id="43" type="compact" timems="43.361" contextid="36" timestamp="2019-06-15T23:19:41.849">
  <compact-info movecount="606117" movebytes="18041008" reason="compact to aid heap contraction" />
</gc-op>
<gc-end id="44" type="global" contextid="36" durationms="64.544" usertimems="160.000" systemtimems="4.000" timestamp="2019-06-15T23:19:41.849" activeThreads="4">
  <mem-info id="45" free="2074332712" total="2092630016" percent="99">
    <mem type="tenure" free="2074332712" total="2092630016" percent="99">
      <mem type="soa" free="1969701416" total="1987998720" percent="99" />
      <mem type="loa" free="104631296" total="104631296" percent="100" />
    </mem>
    <pending-finalizers system="0" default="5" reference="78" classloader="0" />
  </mem-info>
</gc-end>
<cycle-end id="46" type="global" contextid="36" timestamp="2019-06-15T23:19:41.850" />
  <attribute name="elasticGC enabled" value="1" />
  <attribute name= "numThreadsSpecified" value="4" />
  <attribute name="heapSize specified" value="2092630016" />
  <attribute name="Current GC Util" value="212" />
  <attribute name= "Current Time Running" value="11047" />
  <attribute name ="GC Interval" value="0" />
  <attribute name="ProportionalT" value="288.000000" />
  <attribute name="ProportionalI" value="288.000000" />
  <attribute name="ProportionalH" value="288.000000" />
  <attribute name="Current Error" value="192.000000" />
  <attribute name="IntegralT" value="8448.000000" />
  <attribute name="IntegralI" value="8448.000000" />
  <attribute name="IntegralH" value="8448.000000" />
  <attribute name="DerivativeT" value="0.363636" />
  <attribute name="DerivativeI" value="0.363636" />
  <attribute name="DerivativeH" value="0.363636" />
  <attribute name="Loop Time for DT" value="44.000000" />
  <attribute name="Output H" value="8388608"/>
  <attribute name="Output I" value="4000"/>
  <attribute name="Output T" value="4"/>
  <attribute name="Target GC Util Change" value ="20.000000" />
  <attribute name="Current GC Util Change" value="212.000000"/>
  <attribute name="GC Util currently" value="212" />
  <attribute name="CPU Util currently" value="105753118621" />
<allocation-satisfied id="47" threadId="0000000000F7C700" bytesRequested="192" />
<af-end id="48" timestamp="2019-06-15T23:19:41.850" threadId="0000000000F7D088" success="true" />
<exclusive-end id="49" timestamp="2019-06-15T23:19:41.850" durationms="67.046" />

<exclusive-start id="50" timestamp="2019-06-15T23:19:48.761" intervalms="6977.104">
  <response-info timems="0.332" idlems="0.332" threads="0" lastid="0000000000F7C700" lastname="main" />
</exclusive-start>
<af-start id="51" threadId="0000000000F7D088" totalBytesRequested="1168" timestamp="2019-06-15T23:19:48.761" intervalms="6977.038" />
<cycle-start id="52" type="global" contextid="0" timestamp="2019-06-15T23:19:48.761" intervalms="6976.303" />
<gc-start id="53" type="global" contextid="52" timestamp="2019-06-15T23:19:48.761">
  <mem-info id="54" free="104631296" total="2092630016" percent="4">
    <mem type="tenure" free="104631296" total="2092630016" percent="4">
      <mem type="soa" free="0" total="1987998720" percent="0" />
      <mem type="loa" free="104631296" total="104631296" percent="100" />
    </mem>
  </mem-info>
</gc-start>
<allocation-stats totalBytes="1967763192" >
  <allocated-bytes non-tlh="29440" tlh="1967733752" />
  <largest-consumer threadName="main" threadId="0000000000F7C700" bytes="1967750784" />
</allocation-stats>
<gc-op id="55" type="mark" timems="7.842" contextid="52" timestamp="2019-06-15T23:19:48.769">
  <trace-info objectcount="610261" scancount="530293" scanbytes="13682456" />
  <finalization candidates="80" enqueued="0" />
  <ownableSynchronizers candidates="22" cleared="0" />
  <references type="soft" candidates="4867" cleared="0" enqueued="0" dynamicThreshold="31" maxThreshold="32" />
  <references type="weak" candidates="5706" cleared="12" enqueued="9" />
  <references type="phantom" candidates="102" cleared="1" enqueued="1" />
  <stringconstants candidates="13843" cleared="0"  />
</gc-op>
<gc-op id="56" type="sweep" timems="1.569" contextid="52" timestamp="2019-06-15T23:19:48.771" />
<mem-info id="57" free="2074255664" total="2092630016" percent="99">
  <mem type="tenure" free="2074255664" total="2092630016" percent="99" micro-fragmented="7304" macro-fragmented="0">
    <mem type="soa" free="1969624368" total="1987998720" percent="99" />
    <mem type="loa" free="104631296" total="104631296" percent="100" />
  </mem>
  <pending-finalizers system="0" default="0" reference="10" classloader="0" />
</mem-info>
<gc-op id="58" type="compact" timems="48.171" contextid="52" timestamp="2019-06-15T23:19:48.819">
  <compact-info movecount="524522" movebytes="15189328" reason="compact to aid heap contraction" />
</gc-op>
<gc-end id="59" type="global" contextid="52" durationms="58.699" usertimems="176.000" systemtimems="0.000" timestamp="2019-06-15T23:19:48.820" activeThreads="4">
  <mem-info id="60" free="2074226520" total="2092630016" percent="99">
    <mem type="tenure" free="2074226520" total="2092630016" percent="99">
      <mem type="soa" free="1969595224" total="1987998720" percent="99" />
      <mem type="loa" free="104631296" total="104631296" percent="100" />
    </mem>
    <pending-finalizers system="0" default="0" reference="10" classloader="0" />
  </mem-info>
</gc-end>
<cycle-end id="61" type="global" contextid="52" timestamp="2019-06-15T23:19:48.820" />
  <attribute name="elasticGC enabled" value="1" />
  <attribute name= "numThreadsSpecified" value="4" />
  <attribute name="heapSize specified" value="2092630016" />
  <attribute name="Current GC Util" value="234" />
  <attribute name= "Current Time Running" value="18017" />
  <attribute name ="GC Interval" value="0" />
  <attribute name="ProportionalT" value="321.000000" />
  <attribute name="ProportionalI" value="321.000000" />
  <attribute name="ProportionalH" value="321.000000" />
  <attribute name="Current Error" value="214.000000" />
  <attribute name="IntegralT" value="10272.000000" />
  <attribute name="IntegralI" value="10272.000000" />
  <attribute name="IntegralH" value="10272.000000" />
  <attribute name="DerivativeT" value="0.510417" />
  <attribute name="DerivativeI" value="0.510417" />
  <attribute name="DerivativeH" value="0.510417" />
  <attribute name="Loop Time for DT" value="48.000000" />
  <attribute name="Output H" value="8388608"/>
  <attribute name="Output I" value="4000"/>
  <attribute name="Output T" value="4"/>
  <attribute name="Target GC Util Change" value ="20.000000" />
  <attribute name="Current GC Util Change" value="234.000000"/>
  <attribute name="GC Util currently" value="234" />
  <attribute name="CPU Util currently" value="95421040651" />
<allocation-satisfied id="62" threadId="0000000000F7C700" bytesRequested="1168" />
<af-end id="63" timestamp="2019-06-15T23:19:48.821" threadId="0000000000F7D088" success="true" />
<exclusive-end id="64" timestamp="2019-06-15T23:19:48.821" durationms="60.161" />

<exclusive-start id="65" timestamp="2019-06-15T23:19:49.891" intervalms="1130.323">
  <response-info timems="0.278" idlems="0.278" threads="0" lastid="0000000000F7C700" lastname="main" />
</exclusive-start>
<af-start id="66" threadId="0000000000F7D088" totalBytesRequested="584" timestamp="2019-06-15T23:19:49.891" intervalms="1130.287" />
<cycle-start id="67" type="global" contextid="0" timestamp="2019-06-15T23:19:49.891" intervalms="1130.243" />
<gc-start id="68" type="global" contextid="67" timestamp="2019-06-15T23:19:49.891">
  <mem-info id="69" free="104631296" total="2092630016" percent="4">
    <mem type="tenure" free="104631296" total="2092630016" percent="4">
      <mem type="soa" free="0" total="1987998720" percent="0" />
      <mem type="loa" free="104631296" total="104631296" percent="100" />
    </mem>
  </mem-info>
</gc-start>
<allocation-stats totalBytes="1967995032" >
  <allocated-bytes non-tlh="0" tlh="1967995032" />
  <largest-consumer threadName="main" threadId="0000000000F7C700" bytes="1967995032" />
</allocation-stats>
<gc-op id="70" type="mark" timems="7.644" contextid="67" timestamp="2019-06-15T23:19:49.899">
  <trace-info objectcount="610299" scancount="530306" scanbytes="13683632" />
  <finalization candidates="80" enqueued="0" />
  <ownableSynchronizers candidates="22" cleared="0" />
  <references type="soft" candidates="4867" cleared="0" enqueued="0" dynamicThreshold="31" maxThreshold="32" />
  <references type="weak" candidates="5717" cleared="7" enqueued="3" />
  <references type="phantom" candidates="101" cleared="0" enqueued="0" />
  <stringconstants candidates="13843" cleared="0"  />
</gc-op>
<gc-op id="71" type="sweep" timems="1.353" contextid="67" timestamp="2019-06-15T23:19:49.901" />
<mem-info id="72" free="2074279944" total="2092630016" percent="99">
  <mem type="tenure" free="2074279944" total="2092630016" percent="99" micro-fragmented="11779" macro-fragmented="0">
    <mem type="soa" free="1969648648" total="1987998720" percent="99" />
    <mem type="loa" free="104631296" total="104631296" percent="100" />
  </mem>
  <pending-finalizers system="0" default="0" reference="3" classloader="0" />
</mem-info>
<gc-op id="73" type="compact" timems="43.683" contextid="67" timestamp="2019-06-15T23:19:49.945">
  <compact-info movecount="411687" movebytes="11729760" reason="compact to aid heap contraction" />
</gc-op>
<gc-end id="74" type="global" contextid="67" durationms="53.749" usertimems="132.000" systemtimems="8.000" timestamp="2019-06-15T23:19:49.945" activeThreads="4">
  <mem-info id="75" free="2074225576" total="2092630016" percent="99">
    <mem type="tenure" free="2074225576" total="2092630016" percent="99">
      <mem type="soa" free="1969594280" total="1987998720" percent="99" />
      <mem type="loa" free="104631296" total="104631296" percent="100" />
    </mem>
    <pending-finalizers system="0" default="0" reference="3" classloader="0" />
  </mem-info>
</gc-end>
<cycle-end id="76" type="global" contextid="67" timestamp="2019-06-15T23:19:49.945" />
  <attribute name="elasticGC enabled" value="1" />
  <attribute name= "numThreadsSpecified" value="4" />
  <attribute name="heapSize specified" value="2092630016" />
  <attribute name="Current GC Util" value="194" />
  <attribute name= "Current Time Running" value="19143" />
  <attribute name ="GC Interval" value="0" />
  <attribute name="ProportionalT" value="261.000000" />
  <attribute name="ProportionalI" value="261.000000" />
  <attribute name="ProportionalH" value="261.000000" />
  <attribute name="Current Error" value="174.000000" />
  <attribute name="IntegralT" value="7656.000000" />
  <attribute name="IntegralI" value="7656.000000" />
  <attribute name="IntegralH" value="7656.000000" />
  <attribute name="DerivativeT" value="-0.318182" />
  <attribute name="DerivativeI" value="-0.318182" />
  <attribute name="DerivativeH" value="-0.318182" />
  <attribute name="Loop Time for DT" value="44.000000" />
  <attribute name="Output H" value="8388608"/>
  <attribute name="Output I" value="4000"/>
  <attribute name="Output T" value="4"/>
  <attribute name="Target GC Util Change" value ="20.000000" />
  <attribute name="Current GC Util Change" value="194.000000"/>
  <attribute name="GC Util currently" value="194" />
  <attribute name="CPU Util currently" value="104996796897" />
<allocation-satisfied id="77" threadId="0000000000F7C700" bytesRequested="584" />
<af-end id="78" timestamp="2019-06-15T23:19:49.946" threadId="0000000000F7D088" success="true" />
<exclusive-end id="79" timestamp="2019-06-15T23:19:49.946" durationms="54.831" />

<exclusive-start id="80" timestamp="2019-06-15T23:19:50.803" intervalms="911.783">
  <response-info timems="0.102" idlems="0.102" threads="0" lastid="0000000000F7C700" lastname="main" />
</exclusive-start>
<af-start id="81" threadId="0000000000F7D088" totalBytesRequested="96" timestamp="2019-06-15T23:19:50.803" intervalms="911.857" />
<cycle-start id="82" type="global" contextid="0" timestamp="2019-06-15T23:19:50.803" intervalms="911.933" />
<gc-start id="83" type="global" contextid="82" timestamp="2019-06-15T23:19:50.803">
  <mem-info id="84" free="104631296" total="2092630016" percent="4">
    <mem type="tenure" free="104631296" total="2092630016" percent="4">
      <mem type="soa" free="0" total="1987998720" percent="0" />
      <mem type="loa" free="104631296" total="104631296" percent="100" />
    </mem>
  </mem-info>
</gc-start>
<allocation-stats totalBytes="1966742056" >
  <allocated-bytes non-tlh="0" tlh="1966742056" />
  <largest-consumer threadName="main" threadId="0000000000F7C700" bytes="1966742056" />
</allocation-stats>
<gc-op id="85" type="mark" timems="7.752" contextid="82" timestamp="2019-06-15T23:19:50.811">
  <trace-info objectcount="610349" scancount="530359" scanbytes="13685160" />
  <finalization candidates="80" enqueued="0" />
  <ownableSynchronizers candidates="22" cleared="0" />
  <references type="soft" candidates="4867" cleared="0" enqueued="0" dynamicThreshold="31" maxThreshold="32" />
  <references type="weak" candidates="5743" cleared="7" enqueued="3" />
  <references type="phantom" candidates="101" cleared="0" enqueued="0" />
  <stringconstants candidates="13843" cleared="0"  />
</gc-op>
<gc-op id="86" type="sweep" timems="1.397" contextid="82" timestamp="2019-06-15T23:19:50.813" />
<mem-info id="87" free="2074282784" total="2092630016" percent="99">
  <mem type="tenure" free="2074282784" total="2092630016" percent="99" micro-fragmented="17250" macro-fragmented="0">
    <mem type="soa" free="1969651488" total="1987998720" percent="99" />
    <mem type="loa" free="104631296" total="104631296" percent="100" />
  </mem>
  <pending-finalizers system="0" default="0" reference="3" classloader="0" />
</mem-info>
<gc-op id="88" type="compact" timems="26.955" contextid="82" timestamp="2019-06-15T23:19:50.840">
  <compact-info movecount="190632" movebytes="5398200" reason="compact to aid heap contraction" />
</gc-op>
<gc-end id="89" type="global" contextid="82" durationms="37.126" usertimems="100.000" systemtimems="0.000" timestamp="2019-06-15T23:19:50.840" activeThreads="4">
  <mem-info id="90" free="2074257848" total="2092630016" percent="99">
    <mem type="tenure" free="2074257848" total="2092630016" percent="99">
      <mem type="soa" free="1969626552" total="1987998720" percent="99" />
      <mem type="loa" free="104631296" total="104631296" percent="100" />
    </mem>
    <pending-finalizers system="0" default="0" reference="3" classloader="0" />
  </mem-info>
</gc-end>
<cycle-end id="91" type="global" contextid="82" timestamp="2019-06-15T23:19:50.841" />
  <attribute name="elasticGC enabled" value="1" />
  <attribute name= "numThreadsSpecified" value="4" />
  <attribute name="heapSize specified" value="2092630016" />
  <attribute name="Current GC Util" value="176" />
  <attribute name= "Current Time Running" value="20038" />
  <attribute name ="GC Interval" value="0" />
  <attribute name="ProportionalT" value="234.000000" />
  <attribute name="ProportionalI" value="234.000000" />
  <attribute name="ProportionalH" value="234.000000" />
  <attribute name="Current Error" value="156.000000" />
  <attribute name="IntegralT" value="4212.000000" />
  <attribute name="IntegralI" value="4212.000000" />
  <attribute name="IntegralH" value="4212.000000" />
  <attribute name="DerivativeT" value="-0.907407" />
  <attribute name="DerivativeI" value="-0.907407" />
  <attribute name="DerivativeH" value="-0.907407" />
  <attribute name="Loop Time for DT" value="27.000000" />
  <attribute name="Output H" value="8388608"/>
  <attribute name="Output I" value="4000"/>
  <attribute name="Output T" value="4"/>
  <attribute name="Target GC Util Change" value ="20.000000" />
  <attribute name="Current GC Util Change" value="176.000000"/>
  <attribute name="GC Util currently" value="176" />
  <attribute name="CPU Util currently" value="169701320959" />
<allocation-satisfied id="92" threadId="0000000000F7C700" bytesRequested="96" />
<af-end id="93" timestamp="2019-06-15T23:19:50.841" threadId="0000000000F7D088" success="true" />
<exclusive-end id="94" timestamp="2019-06-15T23:19:50.841" durationms="38.358" />

<exclusive-start id="95" timestamp="2019-06-15T23:19:52.434" intervalms="1631.419">
  <response-info timems="0.111" idlems="0.111" threads="0" lastid="0000000000F7C700" lastname="main" />
</exclusive-start>
<af-start id="96" threadId="0000000000F7D088" totalBytesRequested="1168" timestamp="2019-06-15T23:19:52.434" intervalms="1631.394" />
<cycle-start id="97" type="global" contextid="0" timestamp="2019-06-15T23:19:52.434" intervalms="1631.370" />
<gc-start id="98" type="global" contextid="97" timestamp="2019-06-15T23:19:52.435">
  <mem-info id="99" free="104631296" total="2092630016" percent="4">
    <mem type="tenure" free="104631296" total="2092630016" percent="4">
      <mem type="soa" free="0" total="1987998720" percent="0" />
      <mem type="loa" free="104631296" total="104631296" percent="100" />
    </mem>
  </mem-info>
</gc-start>
<allocation-stats totalBytes="1968010832" >
  <allocated-bytes non-tlh="0" tlh="1968010832" />
  <largest-consumer threadName="main" threadId="0000000000F7C700" bytes="1968010832" />
</allocation-stats>
<gc-op id="100" type="mark" timems="7.893" contextid="97" timestamp="2019-06-15T23:19:52.443">
  <trace-info objectcount="610402" scancount="530407" scanbytes="13686600" />
  <finalization candidates="80" enqueued="0" />
  <ownableSynchronizers candidates="22" cleared="0" />
  <references type="soft" candidates="4867" cleared="0" enqueued="0" dynamicThreshold="31" maxThreshold="32" />
  <references type="weak" candidates="5736" cleared="0" enqueued="0" />
  <references type="phantom" candidates="101" cleared="0" enqueued="0" />
  <stringconstants candidates="13843" cleared="0"  />
</gc-op>
<gc-op id="101" type="sweep" timems="1.337" contextid="97" timestamp="2019-06-15T23:19:52.444" />
<mem-info id="102" free="2074277240" total="2092630016" percent="99">
  <mem type="tenure" free="2074277240" total="2092630016" percent="99" micro-fragmented="28477" macro-fragmented="0">
    <mem type="soa" free="1969645944" total="1987998720" percent="99" />
    <mem type="loa" free="104631296" total="104631296" percent="100" />
  </mem>
</mem-info>
<gc-op id="103" type="compact" timems="28.309" contextid="97" timestamp="2019-06-15T23:19:52.473">
  <compact-info movecount="117679" movebytes="4100656" reason="compact to aid heap contraction" />
</gc-op>
<gc-end id="104" type="global" contextid="97" durationms="38.853" usertimems="104.000" systemtimems="0.000" timestamp="2019-06-15T23:19:52.473" activeThreads="4">
  <mem-info id="105" free="2074252992" total="2092630016" percent="99">
    <mem type="tenure" free="2074252992" total="2092630016" percent="99">
      <mem type="soa" free="1969621696" total="1987998720" percent="99" />
      <mem type="loa" free="104631296" total="104631296" percent="100" />
    </mem>
  </mem-info>
</gc-end>
<cycle-end id="106" type="global" contextid="97" timestamp="2019-06-15T23:19:52.474" />
  <attribute name="elasticGC enabled" value="1" />
  <attribute name= "numThreadsSpecified" value="4" />
  <attribute name="heapSize specified" value="2092630016" />
  <attribute name="Current GC Util" value="200" />
  <attribute name= "Current Time Running" value="21671" />
  <attribute name ="GC Interval" value="0" />
  <attribute name="ProportionalT" value="270.000000" />
  <attribute name="ProportionalI" value="270.000000" />
  <attribute name="ProportionalH" value="270.000000" />
  <attribute name="Current Error" value="180.000000" />
  <attribute name="IntegralT" value="5040.000000" />
  <attribute name="IntegralI" value="5040.000000" />
  <attribute name="IntegralH" value="5040.000000" />
  <attribute name="DerivativeT" value="0.232143" />
  <attribute name="DerivativeI" value="0.232143" />
  <attribute name="DerivativeH" value="0.232143" />
  <attribute name="Loop Time for DT" value="28.000000" />
  <attribute name="Output H" value="8388608"/>
  <attribute name="Output I" value="4000"/>
  <attribute name="Output T" value="4"/>
  <attribute name="Target GC Util Change" value ="20.000000" />
  <attribute name="Current GC Util Change" value="200.000000"/>
  <attribute name="GC Util currently" value="200" />
  <attribute name="CPU Util currently" value="161832617466" />
<allocation-satisfied id="107" threadId="0000000000F7C700" bytesRequested="1168" />
<af-end id="108" timestamp="2019-06-15T23:19:52.474" threadId="0000000000F7D088" success="true" />
<exclusive-end id="109" timestamp="2019-06-15T23:19:52.474" durationms="39.999" />

<exclusive-start id="110" timestamp="2019-06-15T23:19:53.472" intervalms="1038.434">
  <response-info timems="0.063" idlems="0.063" threads="0" lastid="0000000000F7C700" lastname="main" />
</exclusive-start>
<af-start id="111" threadId="0000000000F7D088" totalBytesRequested="528" timestamp="2019-06-15T23:19:53.473" intervalms="1038.409" />
<cycle-start id="112" type="global" contextid="0" timestamp="2019-06-15T23:19:53.473" intervalms="1038.412" />
<gc-start id="113" type="global" contextid="112" timestamp="2019-06-15T23:19:53.473">
  <mem-info id="114" free="104631296" total="2092630016" percent="4">
    <mem type="tenure" free="104631296" total="2092630016" percent="4">
      <mem type="soa" free="0" total="1987998720" percent="0" />
      <mem type="loa" free="104631296" total="104631296" percent="100" />
    </mem>
  </mem-info>
</gc-start>
<allocation-stats totalBytes="1967698512" >
  <allocated-bytes non-tlh="0" tlh="1967698512" />
  <largest-consumer threadName="main" threadId="0000000000F7C700" bytes="1967698512" />
</allocation-stats>
<gc-op id="115" type="mark" timems="7.615" contextid="112" timestamp="2019-06-15T23:19:53.481">
  <trace-info objectcount="610475" scancount="530482" scanbytes="13688548" />
  <finalization candidates="80" enqueued="0" />
  <ownableSynchronizers candidates="22" cleared="0" />
  <references type="soft" candidates="4867" cleared="0" enqueued="0" dynamicThreshold="31" maxThreshold="32" />
  <references type="weak" candidates="5765" cleared="7" enqueued="3" />
  <references type="phantom" candidates="101" cleared="0" enqueued="0" />
  <stringconstants candidates="13843" cleared="0"  />
</gc-op>
<gc-op id="116" type="sweep" timems="1.343" contextid="112" timestamp="2019-06-15T23:19:53.482" />
<mem-info id="117" free="2074274104" total="2092630016" percent="99">
  <mem type="tenure" free="2074274104" total="2092630016" percent="99" micro-fragmented="11304" macro-fragmented="0">
    <mem type="soa" free="1969642808" total="1987998720" percent="99" />
    <mem type="loa" free="104631296" total="104631296" percent="100" />
  </mem>
  <pending-finalizers system="0" default="0" reference="3" classloader="0" />
</mem-info>
<gc-op id="118" type="compact" timems="26.645" contextid="112" timestamp="2019-06-15T23:19:53.509">
  <compact-info movecount="192039" movebytes="5549544" reason="compact to aid heap contraction" />
</gc-op>
<gc-end id="119" type="global" contextid="112" durationms="36.744" usertimems="104.000" systemtimems="0.000" timestamp="2019-06-15T23:19:53.510" activeThreads="4">
  <mem-info id="120" free="2074252864" total="2092630016" percent="99">
    <mem type="tenure" free="2074252864" total="2092630016" percent="99">
      <mem type="soa" free="1969621568" total="1987998720" percent="99" />
      <mem type="loa" free="104631296" total="104631296" percent="100" />
    </mem>
    <pending-finalizers system="0" default="0" reference="3" classloader="0" />
  </mem-info>
</gc-end>
<cycle-end id="121" type="global" contextid="112" timestamp="2019-06-15T23:19:53.510" />
  <attribute name="elasticGC enabled" value="1" />
  <attribute name= "numThreadsSpecified" value="4" />
  <attribute name="heapSize specified" value="2092630016" />
  <attribute name="Current GC Util" value="188" />
  <attribute name= "Current Time Running" value="22707" />
  <attribute name ="GC Interval" value="0" />
  <attribute name="ProportionalT" value="252.000000" />
  <attribute name="ProportionalI" value="252.000000" />
  <attribute name="ProportionalH" value="252.000000" />
  <attribute name="Current Error" value="168.000000" />
  <attribute name="IntegralT" value="4368.000000" />
  <attribute name="IntegralI" value="4368.000000" />
  <attribute name="IntegralH" value="4368.000000" />
  <attribute name="DerivativeT" value="-0.538462" />
  <attribute name="DerivativeI" value="-0.538462" />
  <attribute name="DerivativeH" value="-0.538462" />
  <attribute name="Loop Time for DT" value="26.000000" />
  <attribute name="Output H" value="8388608"/>
  <attribute name="Output I" value="4000"/>
  <attribute name="Output T" value="4"/>
  <attribute name="Target GC Util Change" value ="20.000000" />
  <attribute name="Current GC Util Change" value="188.000000"/>
  <attribute name="GC Util currently" value="188" />
  <attribute name="CPU Util currently" value="171579193386" />
<allocation-satisfied id="122" threadId="0000000000F7C700" bytesRequested="528" />
<af-end id="123" timestamp="2019-06-15T23:19:53.510" threadId="0000000000F7D088" success="true" />
<exclusive-end id="124" timestamp="2019-06-15T23:19:53.510" durationms="38.014" />

</verbosegc>

