<?xml version="1.0" ?>

<verbosegc xmlns="http://www.ibm.com/j9/verbosegc" version="08cc62e_CMPRSS">

<initialized id="1" timestamp="2019-08-02T23:51:52.756">
  <attribute name="gcPolicy" value="-Xgcpolicy:balanced" />
  <attribute name="elasticGC enabled" value="1" />
  <attribute name= "numThreadsSpecified" value="0" />
  <attribute name="heapSize specified" value="0" />
  <attribute name= "numCores" value="0" />
  <attribute name ="GC Interval" value="0" />
  <attribute name="GC Util Range Max" value="0" />
  <attribute name="Current GC Util" value="0" />
  <attribute name= "Current Time Running" value="0" />
  <attribute name="maxHeapSize" value="0x7cb00000" />
  <attribute name="initialHeapSize" value="0x800000" />
  <attribute name="compressedRefs" value="true" />
  <attribute name="compressedRefsDisplacement" value="0x0" />
  <attribute name="compressedRefsShift" value="0x0" />
  <attribute name="pageSize" value="0x1000" />
  <attribute name="pageType" value="not used" />
  <attribute name="requestedPageSize" value="0x1000" />
  <attribute name="requestedPageType" value="not used" />
  <attribute name="gcthreads" value="8" />
  <attribute name="packetListSplit" value="8" />
  <attribute name="cacheListSplit" value="8" />
  <attribute name="splitFreeListSplitAmount" value="1" />
  <attribute name="numaNodes" value="0" />
  <region>
    <attribute name="regionSize" value="1048576" />
    <attribute name="regionCount" value="1995" />
    <attribute name="arrayletLeafSize" value="1048576" />
  </region>
  <system>
    <attribute name="physicalMemory" value="8370401280" />
    <attribute name="numCPUs" value="8" />
    <attribute name="architecture" value="amd64" />
    <attribute name="os" value="Linux" />
    <attribute name="osVersion" value="4.4.0-154-generic" />
  </system>
  <vmargs>
    <vmarg name="-Xoptionsfile=/vagrant/jdk/lib/options.default" />
    <vmarg name="-Xlockword:mode=default,noLockword=java/lang/String,noLockword=java/util/MapEntry,noLockword=java/util/HashMap$Entry,noLockword..." />
    <vmarg name="-Xjcl:jclse29" />
    <vmarg name="-Dcom.ibm.oti.vm.bootstrap.library.path=/vagrant/jdk/lib/compressedrefs:/vagrant/jdk/lib" />
    <vmarg name="-Dsun.boot.library.path=/vagrant/jdk/lib/compressedrefs:/vagrant/jdk/lib" />
    <vmarg name="-Djava.library.path=/vagrant/jdk/lib/compressedrefs:/vagrant/jdk/lib:/usr/lib64:/usr/lib" />
    <vmarg name="-Djava.home=/vagrant/jdk" />
    <vmarg name="-Duser.dir=/vagrant" />
    <vmarg name="-Xgcpolicy:balanced" />
    <vmarg name="-Xgcelastic" />
    <vmarg name="-Xcheck:gc:::elasticGC" />
    <vmarg name="-verbose:gc" />
    <vmarg name="-Xloggc:jdkI-small-BAL-8core-verbose9pmd.txt" />
    <vmarg name="-Djava.class.path=dacapo-9.12-MR1-bach.jar" />
    <vmarg name="-Dsun.java.command=dacapo-9.12-MR1-bach.jar pmd --size=small" />
    <vmarg name="-Dsun.java.launcher=SUN_STANDARD" />
    <vmarg name="-Dsun.java.launcher.pid=23864" />
  </vmargs>
</initialized>

<exclusive-start id="2" timestamp="2019-08-02T23:51:53.690" intervalms="934.429">
  <response-info timems="0.023" idlems="0.023" threads="0" lastid="0000000002368A00" lastname="main" />
</exclusive-start>
<sys-start reason="explicit" id="3" timestamp="2019-08-02T23:51:53.690" intervalms="934.713" />
<cycle-start id="4" type="global garbage collect" contextid="0" timestamp="2019-08-02T23:51:53.690" intervalms="934.936" />
<gc-start id="5" type="global garbage collect" contextid="4" timestamp="2019-08-02T23:51:53.691">
  <mem-info id="6" free="1429032" total="8388608" percent="17">
    <mem type="eden" free="380456" total="7340032" percent="5" />
    <remembered-set count="0" freebytes="334848" totalbytes="334848" percent="100" regionsoverflowed="0" regionsstable="0" regionsrebuilding="0"/>
  </mem-info>
</gc-start>
<allocation-stats totalBytes="6944808" >
  <allocated-bytes non-tlh="449560" tlh="6495248" arrayletleaf="0"/>
  <largest-consumer threadName="main" threadId="0000000002368A00" bytes="6850888" />
</allocation-stats>
<gc-op id="7" type="global mark" timems="4.089" contextid="4" timestamp="2019-08-02T23:51:53.696">
  <trace-info objectcount="20045" scancount="15976" scanbytes="533740" />
  <finalization candidates="46" enqueued="1" />
  <ownableSynchronizers candidates="4" cleared="3" />
  <references type="soft" candidates="66" cleared="0" enqueued="0" dynamicThreshold="32" maxThreshold="32" />
  <references type="weak" candidates="911" cleared="529" enqueued="452" />
  <references type="phantom" candidates="125" cleared="44" enqueued="44" />
  <stringconstants candidates="2485" cleared="0"  />
</gc-op>
<gc-op id="8" type="classunload" timems="0.044" contextid="4" timestamp="2019-08-02T23:51:53.696">
  <classunload-info classloadercandidates="6" classloadersunloaded="0" classesunloaded="0" anonymousclassesunloaded="0" quiescems="0.000" setupms="0.043" scanms="0.000" postms="0.000" />
</gc-op>
<gc-op id="9" type="sweep" timems="0.645" contextid="4" timestamp="2019-08-02T23:51:53.697" />
<gc-op id="10" type="compact" timems="4.462" contextid="4" timestamp="2019-08-02T23:51:53.701">
  <compact-info movecount="20045" movebytes="1293168" />
  <remembered-set-cleared processed="1603" cleared="1603" durationms="0.052" />
</gc-op>
<gc-end id="11" type="global garbage collect" contextid="4" durationms="11.006" usertimems="8.000" systemtimems="4.000" timestamp="2019-08-02T23:51:53.702" activeThreads="8">
  <mem-info id="12" free="6291456" total="8388608" percent="75">
    <pending-finalizers system="1" default="0" reference="496" classloader="0" />
    <remembered-set count="1536" freebytes="328704" totalbytes="334848" percent="98" regionsoverflowed="0" regionsstable="0" regionsrebuilding="0"/>
  </mem-info>
</gc-end>
<cycle-end id="13" type="global garbage collect" contextid="4" timestamp="2019-08-02T23:51:53.702" />
  <attribute name="elasticGC enabled" value="1" />
  <attribute name= "numThreadsSpecified" value="0" />
  <attribute name="heapSize specified" value="0" />
  <attribute name= "numCores" value="8" />
  <attribute name ="GC Interval" value="0" />
  <attribute name ="Control flow" value="1" />
  <attribute name="GC Util Range Max" value="96" />
  <attribute name="Current GC Util" value="44" />
  <attribute name= "Current Time Running" value="5" />
<sys-end id="14" timestamp="2019-08-02T23:51:53.702" />
<exclusive-end id="15" timestamp="2019-08-02T23:51:53.702" durationms="12.172" />

<exclusive-start id="16" timestamp="2019-08-02T23:51:53.922" intervalms="231.616">
  <response-info timems="0.030" idlems="0.030" threads="0" lastid="0000000002368A00" lastname="main" />
</exclusive-start>
<allocation-taxation id="17" taxation-threshold="6291456" timestamp="2019-08-02T23:51:53.922" intervalms="1166.204" />
<cycle-start id="18" type="partial gc" contextid="0" timestamp="2019-08-02T23:51:53.922" intervalms="1166.349" />
<gc-start id="19" type="partial gc" contextid="18" timestamp="2019-08-02T23:51:53.922">
  <mem-info id="20" free="0" total="8388608" percent="0">
    <mem type="eden" free="0" total="6291456" percent="0" />
    <remembered-set count="1536" freebytes="328704" totalbytes="334848" percent="98" regionsoverflowed="0" regionsstable="0" regionsrebuilding="0"/>
  </mem-info>
</gc-start>
<allocation-stats totalBytes="6283832" >
  <allocated-bytes non-tlh="123960" tlh="6159872" arrayletleaf="0"/>
  <largest-consumer threadName="main" threadId="0000000002368A00" bytes="6267760" />
</allocation-stats>
<gc-op id="21" type="mark" timems="1.672" contextid="18" timestamp="2019-08-02T23:51:53.924">
  <trace-info objectcount="4784" scancount="3460" scanbytes="119152" />
  <cardclean-info objects="1647" bytes="59668" />
  <remembered-set-cleared processed="600" cleared="113" durationms="0.055" />
  <finalization candidates="5" enqueued="0" />
  <references type="soft" candidates="3" cleared="0" enqueued="0" dynamicThreshold="24" maxThreshold="32" />
  <references type="weak" candidates="169" cleared="85" enqueued="80" />
  <references type="phantom" candidates="8" cleared="3" enqueued="3" />
  <stringconstants candidates="3393" cleared="4"  />
  <warning details="Mark invoked due to insufficient free space for Copy-Forward" />
</gc-op>
<gc-op id="22" type="classunload" timems="0.002" contextid="18" timestamp="2019-08-02T23:51:53.924">
  <classunload-info classloadercandidates="6" classloadersunloaded="0" classesunloaded="0" anonymousclassesunloaded="0" quiescems="0.000" setupms="0.002" scanms="0.000" postms="0.000" />
</gc-op>
<gc-op id="23" type="sweep" timems="0.427" contextid="18" timestamp="2019-08-02T23:51:53.925" />
<gc-op id="24" type="compact" timems="1.552" contextid="18" timestamp="2019-08-02T23:51:53.927">
  <compact-info movecount="4730" movebytes="298536" />
  <remembered-set-cleared processed="2289" cleared="1240" durationms="0.055" />
</gc-op>
<gc-end id="25" type="partial gc" contextid="18" durationms="5.066" usertimems="4.000" systemtimems="0.000" timestamp="2019-08-02T23:51:53.927" activeThreads="2">
  <mem-info id="26" free="5242880" total="8388608" percent="62">
    <mem type="eden" free="746368" total="1048576" percent="71" />
    <pending-finalizers system="0" default="0" reference="83" classloader="0" />
    <remembered-set count="2944" freebytes="323072" totalbytes="334848" percent="96" regionsoverflowed="0" regionsstable="0" regionsrebuilding="0"/>
  </mem-info>
</gc-end>
<cycle-end id="27" type="partial gc" contextid="18" timestamp="2019-08-02T23:51:53.927" />
  <attribute name="elasticGC enabled" value="1" />
  <attribute name= "numThreadsSpecified" value="2" />
  <attribute name="heapSize specified" value="0" />
  <attribute name= "numCores" value="8" />
  <attribute name ="GC Interval" value="0" />
  <attribute name ="Control flow" value="3" />
  <attribute name="GC Util Range Max" value="96" />
  <attribute name="Current GC Util" value="43" />
  <attribute name= "Current Time Running" value="233" />
<exclusive-end id="28" timestamp="2019-08-02T23:51:53.927" durationms="5.857" />

<exclusive-start id="29" timestamp="2019-08-02T23:51:54.004" intervalms="82.408">
  <response-info timems="0.405" idlems="0.211" threads="1" lastid="000000000236C600" lastname="JIT Compilation Thread-0" />
</exclusive-start>
<allocation-taxation id="30" taxation-threshold="2097152" timestamp="2019-08-02T23:51:54.004" intervalms="82.357" />
<cycle-start id="31" type="global mark phase" contextid="0" timestamp="2019-08-02T23:51:54.004" intervalms="1248.686" />
<gc-start id="32" type="global mark phase" contextid="31" timestamp="2019-08-02T23:51:54.004">
  <mem-info id="33" free="3145728" total="8388608" percent="37">
    <remembered-set count="2496" freebytes="324864" totalbytes="334848" percent="97" regionsoverflowed="0" regionsstable="0" regionsrebuilding="0"/>
  </mem-info>
</gc-start>
<gc-op id="34" type="mark increment" timems="0.660" contextid="31" timestamp="2019-08-02T23:51:54.005">
  <trace-info objectcount="140" scancount="0" scanbytes="0" />
</gc-op>
<gc-end id="35" type="global mark phase" contextid="31" durationms="0.785" usertimems="0.000" systemtimems="0.000" timestamp="2019-08-02T23:51:54.005" activeThreads="8">
  <mem-info id="36" free="3145728" total="8388608" percent="37">
    <remembered-set count="2496" freebytes="324864" totalbytes="334848" percent="97" regionsoverflowed="0" regionsstable="0" regionsrebuilding="0"/>
  </mem-info>
</gc-end>
<concurrent-start id="37" type="GMP work packet processing" contextid="31" timestamp="2019-08-02T23:51:54.005">
  <concurrent-mark-start scanTarget="18446744073709551615" />
</concurrent-start>
<exclusive-end id="38" timestamp="2019-08-02T23:51:54.005" durationms="1.253" />

<concurrent-end id="39" type="GMP work packet processing" contextid="31" timestamp="2019-08-02T23:51:54.006">
  <concurrent-mark-end bytesScanned="682648" reasonForTermination="Completed all work in GC phase" />
</concurrent-end>

<exclusive-start id="40" timestamp="2019-08-02T23:51:54.072" intervalms="67.804">
  <response-info timems="0.029" idlems="0.029" threads="0" lastid="0000000002687E00" lastname="PmdThread 1" />
</exclusive-start>
<allocation-taxation id="41" taxation-threshold="2097152" timestamp="2019-08-02T23:51:54.072" intervalms="67.794" />
<cycle-start id="42" type="partial gc" contextid="0" timestamp="2019-08-02T23:51:54.072" intervalms="150.092" />
<gc-start id="43" type="partial gc" contextid="42" timestamp="2019-08-02T23:51:54.072">
  <mem-info id="44" free="1048576" total="8388608" percent="12">
    <mem type="eden" free="746368" total="5242880" percent="14" />
    <remembered-set count="2496" freebytes="324864" totalbytes="334848" percent="97" regionsoverflowed="0" regionsstable="0" regionsrebuilding="0"/>
  </mem-info>
</gc-start>
<allocation-stats totalBytes="4128824" >
  <allocated-bytes non-tlh="433952" tlh="3694872" arrayletleaf="0"/>
  <largest-consumer threadName="PmdThread 1" threadId="0000000002687E00" bytes="2095312" />
</allocation-stats>
<gc-op id="45" type="copy forward" timems="5.122" contextid="42" timestamp="2019-08-02T23:51:54.078">
  <memory-copied type="eden" objects="9862" bytes="500496" bytesdiscarded="108792" />
  <memory-copied type="other" objects="4391" bytes="278896" bytesdiscarded="10024" />
  <memory-cardclean objects="730" bytes="31864" />
  <regions eden="4" other="1" />
  <remembered-set-cleared processed="1054" cleared="516" durationms="0.066" />
  <finalization candidates="7" enqueued="0" />
  <ownableSynchronizers candidates="4" cleared="0" />
  <references type="soft" candidates="31" cleared="0" enqueued="0" dynamicThreshold="12" maxThreshold="32" />
  <references type="weak" candidates="528" cleared="0" enqueued="0" />
  <references type="phantom" candidates="12" cleared="0" enqueued="0" />
  <stringconstants candidates="4497" cleared="4"  />
  <heap-resize type="expand" space="default" amount="1048576" count="1" timems="0.251" reason="continue current collection" />
</gc-op>
<gc-op id="46" type="classunload" timems="0.002" contextid="42" timestamp="2019-08-02T23:51:54.078">
  <classunload-info classloadercandidates="6" classloadersunloaded="0" classesunloaded="0" anonymousclassesunloaded="0" quiescems="0.000" setupms="0.001" scanms="0.000" postms="0.000" />
</gc-op>
<gc-op id="47" type="compact" timems="1.358" contextid="42" timestamp="2019-08-02T23:51:54.080">
  <compact-info movecount="0" movebytes="0" />
  <remembered-set-cleared processed="2586" cleared="516" durationms="0.066" />
</gc-op>
<gc-end id="48" type="partial gc" contextid="42" durationms="7.774" usertimems="12.000" systemtimems="0.000" timestamp="2019-08-02T23:51:54.080" activeThreads="8">
  <mem-info id="49" free="5242880" total="9437184" percent="55">
    <mem type="eden" free="1198112" total="2097152" percent="57" />
    <remembered-set count="2080" freebytes="368384" totalbytes="376704" percent="97" regionsoverflowed="0" regionsstable="0" regionsrebuilding="0"/>
  </mem-info>
</gc-end>
<cycle-end id="50" type="partial gc" contextid="42" timestamp="2019-08-02T23:51:54.080" />
  <attribute name="elasticGC enabled" value="1" />
  <attribute name= "numThreadsSpecified" value="2" />
  <attribute name="heapSize specified" value="0" />
  <attribute name= "numCores" value="8" />
  <attribute name ="GC Interval" value="0" />
  <attribute name ="Control flow" value="1" />
  <attribute name="GC Util Range Max" value="96" />
  <attribute name="Current GC Util" value="99" />
  <attribute name= "Current Time Running" value="386" />
<exclusive-end id="51" timestamp="2019-08-02T23:51:54.080" durationms="8.560" />

<exclusive-start id="52" timestamp="2019-08-02T23:51:54.156" intervalms="83.883">
  <response-info timems="0.028" idlems="0.028" threads="0" lastid="0000000002368A00" lastname="main" />
</exclusive-start>
<allocation-taxation id="53" taxation-threshold="2097152" timestamp="2019-08-02T23:51:54.156" intervalms="83.877" />
<gc-start id="54" type="global mark phase" contextid="31" timestamp="2019-08-02T23:51:54.156">
  <mem-info id="55" free="3145728" total="9437184" percent="33">
    <remembered-set count="1152" freebytes="372096" totalbytes="376704" percent="98" regionsoverflowed="0" regionsstable="1" regionsrebuilding="0"/>
  </mem-info>
</gc-start>
<gc-op id="56" type="mark increment" timems="1.557" contextid="31" timestamp="2019-08-02T23:51:54.157">
  <trace-info objectcount="16162" scancount="12457" scanbytes="335716" />
  <cardclean-info objects="2734" bytes="111028" />
  <finalization candidates="58" enqueued="0" />
  <ownableSynchronizers candidates="5" cleared="0" />
  <references type="soft" candidates="201" cleared="0" enqueued="0" dynamicThreshold="17" maxThreshold="32" />
  <references type="weak" candidates="952" cleared="262" enqueued="186" />
  <references type="phantom" candidates="96" cleared="7" enqueued="7" />
  <stringconstants candidates="4978" cleared="0"  />
</gc-op>
<gc-op id="57" type="classunload" timems="0.003" contextid="31" timestamp="2019-08-02T23:51:54.158">
  <classunload-info classloadercandidates="8" classloadersunloaded="0" classesunloaded="0" anonymousclassesunloaded="0" quiescems="0.000" setupms="0.003" scanms="0.000" postms="0.000" />
</gc-op>
<gc-end id="58" type="global mark phase" contextid="31" durationms="1.840" usertimems="4.000" systemtimems="0.000" timestamp="2019-08-02T23:51:54.158" activeThreads="2">
  <mem-info id="59" free="3145728" total="9437184" percent="33">
    <pending-finalizers system="0" default="0" reference="193" classloader="0" />
    <remembered-set count="1152" freebytes="372096" totalbytes="376704" percent="98" regionsoverflowed="0" regionsstable="1" regionsrebuilding="0"/>
  </mem-info>
</gc-end>
<cycle-end id="60" type="global mark phase" contextid="31" timestamp="2019-08-02T23:51:54.158" />
  <attribute name="elasticGC enabled" value="1" />
  <attribute name= "numThreadsSpecified" value="2" />
  <attribute name="heapSize specified" value="0" />
  <attribute name= "numCores" value="8" />
  <attribute name ="GC Interval" value="0" />
  <attribute name ="Control flow" value="3" />
  <attribute name="GC Util Range Max" value="96" />
  <attribute name="Current GC Util" value="82" />
  <attribute name= "Current Time Running" value="465" />
<exclusive-end id="61" timestamp="2019-08-02T23:51:54.158" durationms="2.211" />

</verbosegc>

